[0.016s][info][gc,init] CardTable entry size: 512
[0.017s][info][gc     ] Using G1
[0.026s][info][gc,init] Version: 20+36-2344 (release)
[0.026s][info][gc,init] CPUs: 48 total, 48 available
[0.026s][info][gc,init] Memory: 382G
[0.026s][info][gc,init] Large Page Support: Disabled
[0.026s][info][gc,init] NUMA Support: Disabled
[0.026s][info][gc,init] Compressed Oops: Enabled (32-bit)
[0.026s][info][gc,init] Heap Region Size: 1M
[0.026s][info][gc,init] Heap Min Capacity: 8M
[0.026s][info][gc,init] Heap Initial Capacity: 512M
[0.026s][info][gc,init] Heap Max Capacity: 512M
[0.031s][info][gc,init] Pre-touch: Disabled
[0.031s][info][gc,init] Parallel Workers: 33
[0.031s][info][gc,init] Concurrent Workers: 8
[0.031s][info][gc,init] Concurrent Refinement Workers: 33
[0.031s][info][gc,init] Periodic GC: Disabled
[0.032s][info][gc,metaspace] CDS archive(s) mapped at: [0x0000000800000000-0x0000000800c60000-0x0000000800c60000), size 12976128, SharedBaseAddress: 0x0000000800000000, ArchiveRelocationMode: 0.
[0.032s][info][gc,metaspace] Compressed class space mapped at: 0x0000000801000000-0x0000000841000000, reserved size: 1073741824
[0.032s][info][gc,metaspace] Narrow klass base: 0x0000000800000000, Narrow klass shift: 0, Narrow klass range: 0x100000000
[0.799s][info][gc,start    ] GC(0) Pause Full (System.gc())
[0.849s][info][gc,task     ] GC(0) Using 12 workers of 33 for full compaction
[0.850s][info][gc,phases,start] GC(0) Phase 1: Mark live objects
[0.854s][info][gc,phases      ] GC(0) Phase 1: Mark live objects 4.089ms
[0.854s][info][gc,phases,start] GC(0) Phase 2: Prepare compaction
[0.855s][info][gc,phases      ] GC(0) Phase 2: Prepare compaction 1.280ms
[0.855s][info][gc,phases,start] GC(0) Phase 3: Adjust pointers
[0.858s][info][gc,phases      ] GC(0) Phase 3: Adjust pointers 2.360ms
[0.858s][info][gc,phases,start] GC(0) Phase 4: Compact heap
[0.859s][info][gc,phases      ] GC(0) Phase 4: Compact heap 1.812ms
[0.866s][info][gc,heap        ] GC(0) Eden regions: 24->0(14)
[0.866s][info][gc,heap        ] GC(0) Survivor regions: 0->0(0)
[0.866s][info][gc,heap        ] GC(0) Old regions: 0->12
[0.866s][info][gc,heap        ] GC(0) Archive regions: 0->0
[0.866s][info][gc,heap        ] GC(0) Humongous regions: 0->0
[0.866s][info][gc,metaspace   ] GC(0) Metaspace: 8264K(8448K)->8264K(8448K) NonClass: 7149K(7232K)->7149K(7232K) Class: 1115K(1216K)->1115K(1216K)
[0.866s][info][gc             ] GC(0) Pause Full (System.gc()) 23M->3M(40M) 66.989ms
[0.866s][info][gc,cpu         ] GC(0) User=0.00s Sys=0.00s Real=0.06s
[0.950s][info][gc,start       ] GC(1) Pause Young (Normal) (G1 Evacuation Pause)
[0.950s][info][gc,task        ] GC(1) Using 7 workers of 33 for evacuation
[0.951s][info][gc,phases      ] GC(1)   Pre Evacuate Collection Set: 0.1ms
[0.951s][info][gc,phases      ] GC(1)   Merge Heap Roots: 0.1ms
[0.951s][info][gc,phases      ] GC(1)   Evacuate Collection Set: 0.5ms
[0.951s][info][gc,phases      ] GC(1)   Post Evacuate Collection Set: 0.4ms
[0.951s][info][gc,phases      ] GC(1)   Other: 0.1ms
[0.951s][info][gc,heap        ] GC(1) Eden regions: 14->0(22)
[0.951s][info][gc,heap        ] GC(1) Survivor regions: 0->1(2)
[0.951s][info][gc,heap        ] GC(1) Old regions: 12->12
[0.951s][info][gc,heap        ] GC(1) Archive regions: 0->0
[0.951s][info][gc,heap        ] GC(1) Humongous regions: 0->0
[0.951s][info][gc,metaspace   ] GC(1) Metaspace: 8408K(8576K)->8408K(8576K) NonClass: 7281K(7360K)->7281K(7360K) Class: 1127K(1216K)->1127K(1216K)
[0.951s][info][gc             ] GC(1) Pause Young (Normal) (G1 Evacuation Pause) 17M->4M(40M) 1.460ms
[0.952s][info][gc,cpu         ] GC(1) User=0.09s Sys=0.00s Real=0.02s
[0.986s][info][gc,start       ] GC(2) Pause Young (Normal) (G1 Evacuation Pause)
[0.986s][info][gc,task        ] GC(2) Using 4 workers of 33 for evacuation
[0.987s][info][gc,phases      ] GC(2)   Pre Evacuate Collection Set: 0.0ms
[0.987s][info][gc,phases      ] GC(2)   Merge Heap Roots: 0.0ms
[0.987s][info][gc,phases      ] GC(2)   Evacuate Collection Set: 0.6ms
[0.987s][info][gc,phases      ] GC(2)   Post Evacuate Collection Set: 0.4ms
[0.988s][info][gc,phases      ] GC(2)   Other: 0.1ms
[0.988s][info][gc,heap        ] GC(2) Eden regions: 22->0(23)
[0.988s][info][gc,heap        ] GC(2) Survivor regions: 1->1(3)
[0.988s][info][gc,heap        ] GC(2) Old regions: 12->12
[0.988s][info][gc,heap        ] GC(2) Archive regions: 0->0
[0.988s][info][gc,heap        ] GC(2) Humongous regions: 0->0
[0.988s][info][gc,metaspace   ] GC(2) Metaspace: 8408K(8576K)->8408K(8576K) NonClass: 7281K(7360K)->7281K(7360K) Class: 1127K(1216K)->1127K(1216K)
[0.988s][info][gc             ] GC(2) Pause Young (Normal) (G1 Evacuation Pause) 26M->3M(40M) 1.814ms
[0.988s][info][gc,cpu         ] GC(2) User=0.00s Sys=0.00s Real=0.00s
[1.005s][info][gc,start       ] GC(3) Pause Young (Normal) (G1 Evacuation Pause)
[1.005s][info][gc,task        ] GC(3) Using 3 workers of 33 for evacuation
[1.007s][info][gc,phases      ] GC(3)   Pre Evacuate Collection Set: 0.1ms
[1.007s][info][gc,phases      ] GC(3)   Merge Heap Roots: 0.0ms
[1.007s][info][gc,phases      ] GC(3)   Evacuate Collection Set: 0.9ms
[1.007s][info][gc,phases      ] GC(3)   Post Evacuate Collection Set: 0.3ms
[1.007s][info][gc,phases      ] GC(3)   Other: 0.1ms
[1.007s][info][gc,heap        ] GC(3) Eden regions: 23->0(23)
[1.007s][info][gc,heap        ] GC(3) Survivor regions: 1->1(3)
[1.007s][info][gc,heap        ] GC(3) Old regions: 12->12
[1.007s][info][gc,heap        ] GC(3) Archive regions: 0->0
[1.007s][info][gc,heap        ] GC(3) Humongous regions: 0->0
[1.007s][info][gc,metaspace   ] GC(3) Metaspace: 8408K(8576K)->8408K(8576K) NonClass: 7281K(7360K)->7281K(7360K) Class: 1127K(1216K)->1127K(1216K)
[1.007s][info][gc             ] GC(3) Pause Young (Normal) (G1 Evacuation Pause) 26M->3M(40M) 1.968ms
[1.007s][info][gc,cpu         ] GC(3) User=0.00s Sys=0.00s Real=0.00s
[1.028s][info][gc,start       ] GC(4) Pause Young (Normal) (G1 Evacuation Pause)
[1.028s][info][gc,task        ] GC(4) Using 2 workers of 33 for evacuation
[1.031s][info][gc,phases      ] GC(4)   Pre Evacuate Collection Set: 0.0ms
[1.031s][info][gc,phases      ] GC(4)   Merge Heap Roots: 0.0ms
[1.031s][info][gc,phases      ] GC(4)   Evacuate Collection Set: 1.3ms
[1.031s][info][gc,phases      ] GC(4)   Post Evacuate Collection Set: 1.6ms
[1.031s][info][gc,phases      ] GC(4)   Other: 0.1ms
[1.031s][info][gc,heap        ] GC(4) Eden regions: 23->0(164)
[1.031s][info][gc,heap        ] GC(4) Survivor regions: 1->1(3)
[1.031s][info][gc,heap        ] GC(4) Old regions: 12->12
[1.031s][info][gc,heap        ] GC(4) Archive regions: 0->0
[1.031s][info][gc,heap        ] GC(4) Humongous regions: 0->0
[1.031s][info][gc,metaspace   ] GC(4) Metaspace: 8408K(8576K)->8408K(8576K) NonClass: 7281K(7360K)->7281K(7360K) Class: 1127K(1216K)->1127K(1216K)
[1.031s][info][gc             ] GC(4) Pause Young (Normal) (G1 Evacuation Pause) 26M->3M(276M) 3.241ms
[1.031s][info][gc,cpu         ] GC(4) User=0.06s Sys=0.00s Real=0.02s
[1.177s][info][gc,start       ] GC(5) Pause Young (Normal) (G1 Evacuation Pause)
[1.177s][info][gc,task        ] GC(5) Using 6 workers of 33 for evacuation
[1.179s][info][gc,phases      ] GC(5)   Pre Evacuate Collection Set: 0.1ms
[1.179s][info][gc,phases      ] GC(5)   Merge Heap Roots: 0.1ms
[1.179s][info][gc,phases      ] GC(5)   Evacuate Collection Set: 1.1ms
[1.179s][info][gc,phases      ] GC(5)   Post Evacuate Collection Set: 0.5ms
[1.179s][info][gc,phases      ] GC(5)   Other: 0.3ms
[1.180s][info][gc,heap        ] GC(5) Eden regions: 164->0(164)
[1.180s][info][gc,heap        ] GC(5) Survivor regions: 1->1(21)
[1.180s][info][gc,heap        ] GC(5) Old regions: 12->12
[1.180s][info][gc,heap        ] GC(5) Archive regions: 0->0
[1.180s][info][gc,heap        ] GC(5) Humongous regions: 0->0
[1.180s][info][gc,metaspace   ] GC(5) Metaspace: 8408K(8576K)->8408K(8576K) NonClass: 7281K(7360K)->7281K(7360K) Class: 1127K(1216K)->1127K(1216K)
[1.180s][info][gc             ] GC(5) Pause Young (Normal) (G1 Evacuation Pause) 167M->4M(276M) 2.613ms
[1.180s][info][gc,cpu         ] GC(5) User=0.00s Sys=0.00s Real=0.00s
[1.263s][info][gc,start       ] GC(6) Pause Young (Normal) (G1 Evacuation Pause)
[1.263s][info][gc,task        ] GC(6) Using 6 workers of 33 for evacuation
[1.266s][info][gc,phases      ] GC(6)   Pre Evacuate Collection Set: 0.1ms
[1.266s][info][gc,phases      ] GC(6)   Merge Heap Roots: 0.1ms
[1.266s][info][gc,phases      ] GC(6)   Evacuate Collection Set: 1.8ms
[1.266s][info][gc,phases      ] GC(6)   Post Evacuate Collection Set: 0.5ms
[1.266s][info][gc,phases      ] GC(6)   Other: 0.1ms
[1.266s][info][gc,heap        ] GC(6) Eden regions: 164->0(163)
[1.266s][info][gc,heap        ] GC(6) Survivor regions: 1->2(21)
[1.266s][info][gc,heap        ] GC(6) Old regions: 12->12
[1.266s][info][gc,heap        ] GC(6) Archive regions: 0->0
[1.266s][info][gc,heap        ] GC(6) Humongous regions: 0->0
[1.266s][info][gc,metaspace   ] GC(6) Metaspace: 8408K(8576K)->8408K(8576K) NonClass: 7281K(7360K)->7281K(7360K) Class: 1127K(1216K)->1127K(1216K)
[1.266s][info][gc             ] GC(6) Pause Young (Normal) (G1 Evacuation Pause) 168M->5M(276M) 3.008ms
[1.266s][info][gc,cpu         ] GC(6) User=0.03s Sys=0.00s Real=0.02s
[1.353s][info][gc,start       ] GC(7) Pause Young (Normal) (G1 Evacuation Pause)
[1.353s][info][gc,task        ] GC(7) Using 6 workers of 33 for evacuation
[1.356s][info][gc,phases      ] GC(7)   Pre Evacuate Collection Set: 0.1ms
[1.356s][info][gc,phases      ] GC(7)   Merge Heap Roots: 0.1ms
[1.356s][info][gc,phases      ] GC(7)   Evacuate Collection Set: 2.1ms
[1.356s][info][gc,phases      ] GC(7)   Post Evacuate Collection Set: 0.5ms
[1.356s][info][gc,phases      ] GC(7)   Other: 0.1ms
[1.356s][info][gc,heap        ] GC(7) Eden regions: 163->0(162)
[1.356s][info][gc,heap        ] GC(7) Survivor regions: 2->3(21)
[1.356s][info][gc,heap        ] GC(7) Old regions: 12->12
[1.356s][info][gc,heap        ] GC(7) Archive regions: 0->0
[1.356s][info][gc,heap        ] GC(7) Humongous regions: 0->0
[1.356s][info][gc,metaspace   ] GC(7) Metaspace: 8408K(8576K)->8408K(8576K) NonClass: 7281K(7360K)->7281K(7360K) Class: 1127K(1216K)->1127K(1216K)
[1.356s][info][gc             ] GC(7) Pause Young (Normal) (G1 Evacuation Pause) 168M->5M(276M) 3.278ms
[1.356s][info][gc,cpu         ] GC(7) User=0.00s Sys=0.00s Real=0.00s
[1.437s][info][gc,start       ] GC(8) Pause Young (Normal) (G1 Evacuation Pause)
[1.437s][info][gc,task        ] GC(8) Using 6 workers of 33 for evacuation
[1.440s][info][gc,phases      ] GC(8)   Pre Evacuate Collection Set: 0.1ms
[1.440s][info][gc,phases      ] GC(8)   Merge Heap Roots: 0.1ms
[1.440s][info][gc,phases      ] GC(8)   Evacuate Collection Set: 2.3ms
[1.440s][info][gc,phases      ] GC(8)   Post Evacuate Collection Set: 0.5ms
[1.440s][info][gc,phases      ] GC(8)   Other: 0.1ms
[1.441s][info][gc,heap        ] GC(8) Eden regions: 162->0(162)
[1.441s][info][gc,heap        ] GC(8) Survivor regions: 3->3(21)
[1.441s][info][gc,heap        ] GC(8) Old regions: 12->12
[1.441s][info][gc,heap        ] GC(8) Archive regions: 0->0
[1.441s][info][gc,heap        ] GC(8) Humongous regions: 0->0
[1.441s][info][gc,metaspace   ] GC(8) Metaspace: 8408K(8576K)->8408K(8576K) NonClass: 7281K(7360K)->7281K(7360K) Class: 1127K(1216K)->1127K(1216K)
[1.441s][info][gc             ] GC(8) Pause Young (Normal) (G1 Evacuation Pause) 167M->6M(276M) 3.511ms
[1.441s][info][gc,cpu         ] GC(8) User=0.09s Sys=0.00s Real=0.00s
[1.527s][info][gc,start       ] GC(9) Pause Young (Normal) (G1 Evacuation Pause)
[1.527s][info][gc,task        ] GC(9) Using 6 workers of 33 for evacuation
[1.531s][info][gc,phases      ] GC(9)   Pre Evacuate Collection Set: 0.1ms
[1.531s][info][gc,phases      ] GC(9)   Merge Heap Roots: 0.1ms
[1.531s][info][gc,phases      ] GC(9)   Evacuate Collection Set: 2.8ms
[1.531s][info][gc,phases      ] GC(9)   Post Evacuate Collection Set: 0.5ms
[1.531s][info][gc,phases      ] GC(9)   Other: 0.1ms
[1.531s][info][gc,heap        ] GC(9) Eden regions: 162->0(161)
[1.531s][info][gc,heap        ] GC(9) Survivor regions: 3->4(21)
[1.531s][info][gc,heap        ] GC(9) Old regions: 12->12
[1.531s][info][gc,heap        ] GC(9) Archive regions: 0->0
[1.531s][info][gc,heap        ] GC(9) Humongous regions: 0->0
[1.531s][info][gc,metaspace   ] GC(9) Metaspace: 8408K(8576K)->8408K(8576K) NonClass: 7281K(7360K)->7281K(7360K) Class: 1127K(1216K)->1127K(1216K)
[1.531s][info][gc             ] GC(9) Pause Young (Normal) (G1 Evacuation Pause) 168M->6M(276M) 4.133ms
[1.531s][info][gc,cpu         ] GC(9) User=0.00s Sys=0.00s Real=0.00s
[1.611s][info][gc,start       ] GC(10) Pause Young (Normal) (G1 Evacuation Pause)
[1.611s][info][gc,task        ] GC(10) Using 6 workers of 33 for evacuation
[1.615s][info][gc,phases      ] GC(10)   Pre Evacuate Collection Set: 0.1ms
[1.615s][info][gc,phases      ] GC(10)   Merge Heap Roots: 0.1ms
[1.615s][info][gc,phases      ] GC(10)   Evacuate Collection Set: 2.8ms
[1.615s][info][gc,phases      ] GC(10)   Post Evacuate Collection Set: 0.5ms
[1.615s][info][gc,phases      ] GC(10)   Other: 0.1ms
[1.615s][info][gc,heap        ] GC(10) Eden regions: 161->0(161)
[1.615s][info][gc,heap        ] GC(10) Survivor regions: 4->4(21)
[1.615s][info][gc,heap        ] GC(10) Old regions: 12->12
[1.615s][info][gc,heap        ] GC(10) Archive regions: 0->0
[1.615s][info][gc,heap        ] GC(10) Humongous regions: 0->0
[1.615s][info][gc,metaspace   ] GC(10) Metaspace: 8408K(8576K)->8408K(8576K) NonClass: 7281K(7360K)->7281K(7360K) Class: 1127K(1216K)->1127K(1216K)
[1.615s][info][gc             ] GC(10) Pause Young (Normal) (G1 Evacuation Pause) 167M->7M(276M) 4.068ms
[1.615s][info][gc,cpu         ] GC(10) User=0.09s Sys=0.00s Real=0.01s
[1.695s][info][gc,start       ] GC(11) Pause Young (Normal) (G1 Evacuation Pause)
[1.695s][info][gc,task        ] GC(11) Using 6 workers of 33 for evacuation
[1.699s][info][gc,phases      ] GC(11)   Pre Evacuate Collection Set: 0.1ms
[1.699s][info][gc,phases      ] GC(11)   Merge Heap Roots: 0.1ms
[1.699s][info][gc,phases      ] GC(11)   Evacuate Collection Set: 3.2ms
[1.699s][info][gc,phases      ] GC(11)   Post Evacuate Collection Set: 0.5ms
[1.699s][info][gc,phases      ] GC(11)   Other: 0.1ms
[1.699s][info][gc,heap        ] GC(11) Eden regions: 161->0(160)
[1.699s][info][gc,heap        ] GC(11) Survivor regions: 4->5(21)
[1.699s][info][gc,heap        ] GC(11) Old regions: 12->12
[1.699s][info][gc,heap        ] GC(11) Archive regions: 0->0
[1.699s][info][gc,heap        ] GC(11) Humongous regions: 0->0
[1.699s][info][gc,metaspace   ] GC(11) Metaspace: 8408K(8576K)->8408K(8576K) NonClass: 7281K(7360K)->7281K(7360K) Class: 1127K(1216K)->1127K(1216K)
[1.699s][info][gc             ] GC(11) Pause Young (Normal) (G1 Evacuation Pause) 168M->7M(276M) 4.377ms
[1.699s][info][gc,cpu         ] GC(11) User=0.00s Sys=0.00s Real=0.00s
[1.792s][info][gc,start       ] GC(12) Pause Young (Normal) (G1 Evacuation Pause)
[1.792s][info][gc,task        ] GC(12) Using 6 workers of 33 for evacuation
[1.797s][info][gc,phases      ] GC(12)   Pre Evacuate Collection Set: 0.1ms
[1.797s][info][gc,phases      ] GC(12)   Merge Heap Roots: 0.1ms
[1.797s][info][gc,phases      ] GC(12)   Evacuate Collection Set: 4.1ms
[1.797s][info][gc,phases      ] GC(12)   Post Evacuate Collection Set: 0.5ms
[1.797s][info][gc,phases      ] GC(12)   Other: 0.1ms
[1.797s][info][gc,heap        ] GC(12) Eden regions: 160->0(159)
[1.797s][info][gc,heap        ] GC(12) Survivor regions: 5->6(21)
[1.797s][info][gc,heap        ] GC(12) Old regions: 12->12
[1.797s][info][gc,heap        ] GC(12) Archive regions: 0->0
[1.797s][info][gc,heap        ] GC(12) Humongous regions: 0->0
[1.797s][info][gc,metaspace   ] GC(12) Metaspace: 8408K(8576K)->8408K(8576K) NonClass: 7281K(7360K)->7281K(7360K) Class: 1127K(1216K)->1127K(1216K)
[1.797s][info][gc             ] GC(12) Pause Young (Normal) (G1 Evacuation Pause) 167M->8M(276M) 5.286ms
[1.797s][info][gc,cpu         ] GC(12) User=0.00s Sys=0.00s Real=0.00s
[1.876s][info][gc,start       ] GC(13) Pause Young (Normal) (G1 Evacuation Pause)
[1.876s][info][gc,task        ] GC(13) Using 6 workers of 33 for evacuation
[1.881s][info][gc,phases      ] GC(13)   Pre Evacuate Collection Set: 0.1ms
[1.881s][info][gc,phases      ] GC(13)   Merge Heap Roots: 0.1ms
[1.881s][info][gc,phases      ] GC(13)   Evacuate Collection Set: 3.9ms
[1.881s][info][gc,phases      ] GC(13)   Post Evacuate Collection Set: 0.5ms
[1.881s][info][gc,phases      ] GC(13)   Other: 0.2ms
[1.881s][info][gc,heap        ] GC(13) Eden regions: 159->0(159)
[1.881s][info][gc,heap        ] GC(13) Survivor regions: 6->6(21)
[1.881s][info][gc,heap        ] GC(13) Old regions: 12->12
[1.881s][info][gc,heap        ] GC(13) Archive regions: 0->0
[1.881s][info][gc,heap        ] GC(13) Humongous regions: 0->0
[1.881s][info][gc,metaspace   ] GC(13) Metaspace: 8408K(8576K)->8408K(8576K) NonClass: 7281K(7360K)->7281K(7360K) Class: 1127K(1216K)->1127K(1216K)
[1.881s][info][gc             ] GC(13) Pause Young (Normal) (G1 Evacuation Pause) 167M->9M(276M) 5.258ms
[1.881s][info][gc,cpu         ] GC(13) User=0.09s Sys=0.00s Real=0.02s
[1.961s][info][gc,start       ] GC(14) Pause Young (Normal) (G1 Evacuation Pause)
[1.961s][info][gc,task        ] GC(14) Using 6 workers of 33 for evacuation
[1.966s][info][gc,phases      ] GC(14)   Pre Evacuate Collection Set: 0.1ms
[1.966s][info][gc,phases      ] GC(14)   Merge Heap Roots: 0.1ms
[1.966s][info][gc,phases      ] GC(14)   Evacuate Collection Set: 4.3ms
[1.966s][info][gc,phases      ] GC(14)   Post Evacuate Collection Set: 0.5ms
[1.966s][info][gc,phases      ] GC(14)   Other: 0.1ms
[1.966s][info][gc,heap        ] GC(14) Eden regions: 159->0(158)
[1.966s][info][gc,heap        ] GC(14) Survivor regions: 6->7(21)
[1.966s][info][gc,heap        ] GC(14) Old regions: 12->12
[1.966s][info][gc,heap        ] GC(14) Archive regions: 0->0
[1.966s][info][gc,heap        ] GC(14) Humongous regions: 0->0
[1.966s][info][gc,metaspace   ] GC(14) Metaspace: 8408K(8576K)->8408K(8576K) NonClass: 7281K(7360K)->7281K(7360K) Class: 1127K(1216K)->1127K(1216K)
[1.966s][info][gc             ] GC(14) Pause Young (Normal) (G1 Evacuation Pause) 168M->9M(276M) 5.469ms
[1.966s][info][gc,cpu         ] GC(14) User=0.00s Sys=0.00s Real=0.00s
[2.050s][info][gc,start       ] GC(15) Pause Young (Normal) (G1 Evacuation Pause)
[2.050s][info][gc,task        ] GC(15) Using 6 workers of 33 for evacuation
[2.056s][info][gc,phases      ] GC(15)   Pre Evacuate Collection Set: 0.1ms
[2.056s][info][gc,phases      ] GC(15)   Merge Heap Roots: 0.1ms
[2.056s][info][gc,phases      ] GC(15)   Evacuate Collection Set: 4.8ms
[2.056s][info][gc,phases      ] GC(15)   Post Evacuate Collection Set: 0.4ms
[2.056s][info][gc,phases      ] GC(15)   Other: 0.1ms
[2.056s][info][gc,heap        ] GC(15) Eden regions: 158->0(158)
[2.056s][info][gc,heap        ] GC(15) Survivor regions: 7->7(21)
[2.056s][info][gc,heap        ] GC(15) Old regions: 12->12
[2.056s][info][gc,heap        ] GC(15) Archive regions: 0->0
[2.056s][info][gc,heap        ] GC(15) Humongous regions: 0->0
[2.056s][info][gc,metaspace   ] GC(15) Metaspace: 8408K(8576K)->8408K(8576K) NonClass: 7281K(7360K)->7281K(7360K) Class: 1127K(1216K)->1127K(1216K)
[2.056s][info][gc             ] GC(15) Pause Young (Normal) (G1 Evacuation Pause) 167M->10M(276M) 5.962ms
[2.056s][info][gc,cpu         ] GC(15) User=0.09s Sys=0.00s Real=0.02s
[2.136s][info][gc,start       ] GC(16) Pause Young (Normal) (G1 Evacuation Pause)
[2.137s][info][gc,task        ] GC(16) Using 6 workers of 33 for evacuation
[2.142s][info][gc,phases      ] GC(16)   Pre Evacuate Collection Set: 0.1ms
[2.142s][info][gc,phases      ] GC(16)   Merge Heap Roots: 0.1ms
[2.142s][info][gc,phases      ] GC(16)   Evacuate Collection Set: 5.1ms
[2.142s][info][gc,phases      ] GC(16)   Post Evacuate Collection Set: 0.3ms
[2.142s][info][gc,phases      ] GC(16)   Other: 0.1ms
[2.142s][info][gc,heap        ] GC(16) Eden regions: 158->0(157)
[2.142s][info][gc,heap        ] GC(16) Survivor regions: 7->8(21)
[2.142s][info][gc,heap        ] GC(16) Old regions: 12->13
[2.142s][info][gc,heap        ] GC(16) Archive regions: 0->0
[2.142s][info][gc,heap        ] GC(16) Humongous regions: 0->0
[2.142s][info][gc,metaspace   ] GC(16) Metaspace: 8408K(8576K)->8408K(8576K) NonClass: 7281K(7360K)->7281K(7360K) Class: 1127K(1216K)->1127K(1216K)
[2.143s][info][gc             ] GC(16) Pause Young (Normal) (G1 Evacuation Pause) 168M->10M(276M) 6.057ms
[2.143s][info][gc,cpu         ] GC(16) User=0.00s Sys=0.00s Real=0.00s
[2.228s][info][gc,start       ] GC(17) Pause Young (Normal) (G1 Evacuation Pause)
[2.228s][info][gc,task        ] GC(17) Using 6 workers of 33 for evacuation
[2.234s][info][gc,phases      ] GC(17)   Pre Evacuate Collection Set: 0.1ms
[2.234s][info][gc,phases      ] GC(17)   Merge Heap Roots: 0.1ms
[2.234s][info][gc,phases      ] GC(17)   Evacuate Collection Set: 5.2ms
[2.234s][info][gc,phases      ] GC(17)   Post Evacuate Collection Set: 0.3ms
[2.234s][info][gc,phases      ] GC(17)   Other: 0.1ms
[2.234s][info][gc,heap        ] GC(17) Eden regions: 157->0(157)
[2.234s][info][gc,heap        ] GC(17) Survivor regions: 8->8(21)
[2.234s][info][gc,heap        ] GC(17) Old regions: 13->13
[2.234s][info][gc,heap        ] GC(17) Archive regions: 0->0
[2.234s][info][gc,heap        ] GC(17) Humongous regions: 0->0
[2.234s][info][gc,metaspace   ] GC(17) Metaspace: 8408K(8576K)->8408K(8576K) NonClass: 7281K(7360K)->7281K(7360K) Class: 1127K(1216K)->1127K(1216K)
[2.235s][info][gc             ] GC(17) Pause Young (Normal) (G1 Evacuation Pause) 167M->11M(276M) 6.269ms
[2.235s][info][gc,cpu         ] GC(17) User=0.00s Sys=0.00s Real=0.01s
[2.315s][info][gc,start       ] GC(18) Pause Young (Normal) (G1 Evacuation Pause)
[2.315s][info][gc,task        ] GC(18) Using 6 workers of 33 for evacuation
[2.321s][info][gc,phases      ] GC(18)   Pre Evacuate Collection Set: 0.1ms
[2.321s][info][gc,phases      ] GC(18)   Merge Heap Roots: 0.1ms
[2.322s][info][gc,phases      ] GC(18)   Evacuate Collection Set: 5.6ms
[2.322s][info][gc,phases      ] GC(18)   Post Evacuate Collection Set: 0.3ms
[2.322s][info][gc,phases      ] GC(18)   Other: 0.1ms
[2.322s][info][gc,heap        ] GC(18) Eden regions: 157->0(156)
[2.322s][info][gc,heap        ] GC(18) Survivor regions: 8->9(21)
[2.322s][info][gc,heap        ] GC(18) Old regions: 13->13
[2.322s][info][gc,heap        ] GC(18) Archive regions: 0->0
[2.322s][info][gc,heap        ] GC(18) Humongous regions: 0->0
[2.322s][info][gc,metaspace   ] GC(18) Metaspace: 8408K(8576K)->8408K(8576K) NonClass: 7281K(7360K)->7281K(7360K) Class: 1127K(1216K)->1127K(1216K)
[2.322s][info][gc             ] GC(18) Pause Young (Normal) (G1 Evacuation Pause) 168M->12M(276M) 6.577ms
[2.322s][info][gc,cpu         ] GC(18) User=0.00s Sys=0.00s Real=0.01s
[2.412s][info][gc,start       ] GC(19) Pause Young (Normal) (G1 Evacuation Pause)
[2.412s][info][gc,task        ] GC(19) Using 6 workers of 33 for evacuation
[2.421s][info][gc,phases      ] GC(19)   Pre Evacuate Collection Set: 0.1ms
[2.421s][info][gc,phases      ] GC(19)   Merge Heap Roots: 0.1ms
[2.421s][info][gc,phases      ] GC(19)   Evacuate Collection Set: 8.8ms
[2.421s][info][gc,phases      ] GC(19)   Post Evacuate Collection Set: 0.3ms
[2.421s][info][gc,phases      ] GC(19)   Other: 0.1ms
[2.421s][info][gc,heap        ] GC(19) Eden regions: 156->0(151)
[2.421s][info][gc,heap        ] GC(19) Survivor regions: 9->14(21)
[2.421s][info][gc,heap        ] GC(19) Old regions: 13->13
[2.422s][info][gc,heap        ] GC(19) Archive regions: 0->0
[2.422s][info][gc,heap        ] GC(19) Humongous regions: 0->0
[2.422s][info][gc,metaspace   ] GC(19) Metaspace: 8408K(8576K)->8408K(8576K) NonClass: 7281K(7360K)->7281K(7360K) Class: 1127K(1216K)->1127K(1216K)
[2.422s][info][gc             ] GC(19) Pause Young (Normal) (G1 Evacuation Pause) 168M->16M(276M) 9.892ms
[2.422s][info][gc,cpu         ] GC(19) User=0.00s Sys=0.00s Real=0.00s
[2.504s][info][gc,start       ] GC(20) Pause Young (Normal) (G1 Evacuation Pause)
[2.504s][info][gc,task        ] GC(20) Using 6 workers of 33 for evacuation
[2.512s][info][gc,phases      ] GC(20)   Pre Evacuate Collection Set: 0.1ms
[2.512s][info][gc,phases      ] GC(20)   Merge Heap Roots: 0.1ms
[2.512s][info][gc,phases      ] GC(20)   Evacuate Collection Set: 7.0ms
[2.512s][info][gc,phases      ] GC(20)   Post Evacuate Collection Set: 0.3ms
[2.512s][info][gc,phases      ] GC(20)   Other: 0.1ms
[2.512s][info][gc,heap        ] GC(20) Eden regions: 151->0(159)
[2.512s][info][gc,heap        ] GC(20) Survivor regions: 14->6(21)
[2.512s][info][gc,heap        ] GC(20) Old regions: 13->17
[2.512s][info][gc,heap        ] GC(20) Archive regions: 0->0
[2.512s][info][gc,heap        ] GC(20) Humongous regions: 0->0
[2.512s][info][gc,metaspace   ] GC(20) Metaspace: 8408K(8576K)->8408K(8576K) NonClass: 7281K(7360K)->7281K(7360K) Class: 1127K(1216K)->1127K(1216K)
[2.512s][info][gc             ] GC(20) Pause Young (Normal) (G1 Evacuation Pause) 167M->13M(276M) 8.017ms
[2.512s][info][gc,cpu         ] GC(20) User=0.00s Sys=0.00s Real=0.01s
[2.606s][info][gc,start       ] GC(21) Pause Young (Normal) (G1 Evacuation Pause)
[2.606s][info][gc,task        ] GC(21) Using 6 workers of 33 for evacuation
[2.610s][info][gc,phases      ] GC(21)   Pre Evacuate Collection Set: 0.1ms
[2.610s][info][gc,phases      ] GC(21)   Merge Heap Roots: 0.1ms
[2.610s][info][gc,phases      ] GC(21)   Evacuate Collection Set: 2.9ms
[2.610s][info][gc,phases      ] GC(21)   Post Evacuate Collection Set: 0.3ms
[2.610s][info][gc,phases      ] GC(21)   Other: 0.1ms
[2.610s][info][gc,heap        ] GC(21) Eden regions: 159->0(159)
[2.610s][info][gc,heap        ] GC(21) Survivor regions: 6->6(21)
[2.610s][info][gc,heap        ] GC(21) Old regions: 17->17
[2.610s][info][gc,heap        ] GC(21) Archive regions: 0->0
[2.610s][info][gc,heap        ] GC(21) Humongous regions: 0->0
[2.610s][info][gc,metaspace   ] GC(21) Metaspace: 8408K(8576K)->8408K(8576K) NonClass: 7281K(7360K)->7281K(7360K) Class: 1127K(1216K)->1127K(1216K)
[2.610s][info][gc             ] GC(21) Pause Young (Normal) (G1 Evacuation Pause) 172M->13M(276M) 3.958ms
[2.610s][info][gc,cpu         ] GC(21) User=0.00s Sys=0.00s Real=0.00s
[2.704s][info][gc,start       ] GC(22) Pause Young (Normal) (G1 Evacuation Pause)
[2.704s][info][gc,task        ] GC(22) Using 6 workers of 33 for evacuation
[2.708s][info][gc,phases      ] GC(22)   Pre Evacuate Collection Set: 0.1ms
[2.708s][info][gc,phases      ] GC(22)   Merge Heap Roots: 0.1ms
[2.708s][info][gc,phases      ] GC(22)   Evacuate Collection Set: 3.2ms
[2.708s][info][gc,phases      ] GC(22)   Post Evacuate Collection Set: 0.3ms
[2.708s][info][gc,phases      ] GC(22)   Other: 0.1ms
[2.708s][info][gc,heap        ] GC(22) Eden regions: 159->0(158)
[2.708s][info][gc,heap        ] GC(22) Survivor regions: 6->7(21)
[2.708s][info][gc,heap        ] GC(22) Old regions: 17->17
[2.708s][info][gc,heap        ] GC(22) Archive regions: 0->0
[2.708s][info][gc,heap        ] GC(22) Humongous regions: 0->0
[2.708s][info][gc,metaspace   ] GC(22) Metaspace: 8408K(8576K)->8408K(8576K) NonClass: 7281K(7360K)->7281K(7360K) Class: 1127K(1216K)->1127K(1216K)
[2.709s][info][gc             ] GC(22) Pause Young (Normal) (G1 Evacuation Pause) 172M->14M(276M) 4.181ms
[2.709s][info][gc,cpu         ] GC(22) User=0.09s Sys=0.00s Real=0.00s
[2.793s][info][gc,start       ] GC(23) Pause Young (Normal) (G1 Evacuation Pause)
[2.793s][info][gc,task        ] GC(23) Using 6 workers of 33 for evacuation
[2.798s][info][gc,phases      ] GC(23)   Pre Evacuate Collection Set: 0.1ms
[2.798s][info][gc,phases      ] GC(23)   Merge Heap Roots: 0.1ms
[2.798s][info][gc,phases      ] GC(23)   Evacuate Collection Set: 4.7ms
[2.798s][info][gc,phases      ] GC(23)   Post Evacuate Collection Set: 0.3ms
[2.798s][info][gc,phases      ] GC(23)   Other: 0.1ms
[2.798s][info][gc,heap        ] GC(23) Eden regions: 158->0(158)
[2.799s][info][gc,heap        ] GC(23) Survivor regions: 7->7(21)
[2.799s][info][gc,heap        ] GC(23) Old regions: 17->17
[2.799s][info][gc,heap        ] GC(23) Archive regions: 0->0
[2.799s][info][gc,heap        ] GC(23) Humongous regions: 0->0
[2.799s][info][gc,metaspace   ] GC(23) Metaspace: 8408K(8576K)->8408K(8576K) NonClass: 7281K(7360K)->7281K(7360K) Class: 1127K(1216K)->1127K(1216K)
[2.799s][info][gc             ] GC(23) Pause Young (Normal) (G1 Evacuation Pause) 172M->14M(276M) 5.744ms
[2.799s][info][gc,cpu         ] GC(23) User=0.09s Sys=0.00s Real=0.00s
[2.880s][info][gc,start       ] GC(24) Pause Young (Normal) (G1 Evacuation Pause)
[2.880s][info][gc,task        ] GC(24) Using 6 workers of 33 for evacuation
[2.886s][info][gc,phases      ] GC(24)   Pre Evacuate Collection Set: 0.1ms
[2.886s][info][gc,phases      ] GC(24)   Merge Heap Roots: 0.1ms
[2.886s][info][gc,phases      ] GC(24)   Evacuate Collection Set: 5.3ms
[2.886s][info][gc,phases      ] GC(24)   Post Evacuate Collection Set: 0.3ms
[2.886s][info][gc,phases      ] GC(24)   Other: 0.1ms
[2.886s][info][gc,heap        ] GC(24) Eden regions: 158->0(157)
[2.886s][info][gc,heap        ] GC(24) Survivor regions: 7->8(21)
[2.886s][info][gc,heap        ] GC(24) Old regions: 17->17
[2.886s][info][gc,heap        ] GC(24) Archive regions: 0->0
[2.886s][info][gc,heap        ] GC(24) Humongous regions: 0->0
[2.886s][info][gc,metaspace   ] GC(24) Metaspace: 8408K(8576K)->8408K(8576K) NonClass: 7281K(7360K)->7281K(7360K) Class: 1127K(1216K)->1127K(1216K)
[2.886s][info][gc             ] GC(24) Pause Young (Normal) (G1 Evacuation Pause) 172M->15M(276M) 6.412ms
[2.886s][info][gc,cpu         ] GC(24) User=0.00s Sys=0.00s Real=0.01s
[2.988s][info][gc,start       ] GC(25) Pause Young (Normal) (G1 Evacuation Pause)
[2.988s][info][gc,task        ] GC(25) Using 6 workers of 33 for evacuation
[2.993s][info][gc,phases      ] GC(25)   Pre Evacuate Collection Set: 0.1ms
[2.993s][info][gc,phases      ] GC(25)   Merge Heap Roots: 0.1ms
[2.993s][info][gc,phases      ] GC(25)   Evacuate Collection Set: 4.2ms
[2.993s][info][gc,phases      ] GC(25)   Post Evacuate Collection Set: 0.3ms
[2.993s][info][gc,phases      ] GC(25)   Other: 0.1ms
[2.993s][info][gc,heap        ] GC(25) Eden regions: 157->0(157)
[2.993s][info][gc,heap        ] GC(25) Survivor regions: 8->8(21)
[2.993s][info][gc,heap        ] GC(25) Old regions: 17->17
[2.993s][info][gc,heap        ] GC(25) Archive regions: 0->0
[2.993s][info][gc,heap        ] GC(25) Humongous regions: 0->0
[2.993s][info][gc,metaspace   ] GC(25) Metaspace: 8408K(8576K)->8408K(8576K) NonClass: 7281K(7360K)->7281K(7360K) Class: 1127K(1216K)->1127K(1216K)
[2.993s][info][gc             ] GC(25) Pause Young (Normal) (G1 Evacuation Pause) 172M->15M(276M) 5.291ms
[2.994s][info][gc,cpu         ] GC(25) User=0.00s Sys=0.00s Real=0.01s
[3.078s][info][gc,start       ] GC(26) Pause Young (Normal) (G1 Evacuation Pause)
[3.078s][info][gc,task        ] GC(26) Using 6 workers of 33 for evacuation
[3.083s][info][gc,phases      ] GC(26)   Pre Evacuate Collection Set: 0.1ms
[3.083s][info][gc,phases      ] GC(26)   Merge Heap Roots: 0.1ms
[3.083s][info][gc,phases      ] GC(26)   Evacuate Collection Set: 4.2ms
[3.083s][info][gc,phases      ] GC(26)   Post Evacuate Collection Set: 0.3ms
[3.083s][info][gc,phases      ] GC(26)   Other: 0.1ms
[3.083s][info][gc,heap        ] GC(26) Eden regions: 157->0(156)
[3.083s][info][gc,heap        ] GC(26) Survivor regions: 8->9(21)
[3.083s][info][gc,heap        ] GC(26) Old regions: 17->17
[3.083s][info][gc,heap        ] GC(26) Archive regions: 0->0
[3.083s][info][gc,heap        ] GC(26) Humongous regions: 0->0
[3.083s][info][gc,metaspace   ] GC(26) Metaspace: 8408K(8576K)->8408K(8576K) NonClass: 7281K(7360K)->7281K(7360K) Class: 1127K(1216K)->1127K(1216K)
[3.083s][info][gc             ] GC(26) Pause Young (Normal) (G1 Evacuation Pause) 172M->16M(276M) 5.362ms
[3.084s][info][gc,cpu         ] GC(26) User=0.09s Sys=0.00s Real=0.01s
[3.209s][info][gc,start       ] GC(27) Pause Young (Normal) (G1 Evacuation Pause)
[3.209s][info][gc,task        ] GC(27) Using 6 workers of 33 for evacuation
[3.223s][info][gc,phases      ] GC(27)   Pre Evacuate Collection Set: 0.1ms
[3.223s][info][gc,phases      ] GC(27)   Merge Heap Roots: 0.1ms
[3.224s][info][gc,phases      ] GC(27)   Evacuate Collection Set: 13.4ms
[3.224s][info][gc,phases      ] GC(27)   Post Evacuate Collection Set: 0.3ms
[3.224s][info][gc,phases      ] GC(27)   Other: 0.1ms
[3.224s][info][gc,heap        ] GC(27) Eden regions: 156->0(146)
[3.224s][info][gc,heap        ] GC(27) Survivor regions: 9->19(21)
[3.224s][info][gc,heap        ] GC(27) Old regions: 17->17
[3.224s][info][gc,heap        ] GC(27) Archive regions: 0->0
[3.224s][info][gc,heap        ] GC(27) Humongous regions: 3->3
[3.224s][info][gc,metaspace   ] GC(27) Metaspace: 8412K(8576K)->8412K(8576K) NonClass: 7284K(7360K)->7284K(7360K) Class: 1127K(1216K)->1127K(1216K)
[3.224s][info][gc             ] GC(27) Pause Young (Normal) (G1 Evacuation Pause) 175M->29M(276M) 14.537ms
[3.224s][info][gc,cpu         ] GC(27) User=0.08s Sys=0.02s Real=0.01s
[3.298s][info][gc,start       ] GC(28) Pause Young (Normal) (G1 Evacuation Pause)
[3.298s][info][gc,task        ] GC(28) Using 6 workers of 33 for evacuation
[3.313s][info][gc,phases      ] GC(28)   Pre Evacuate Collection Set: 0.1ms
[3.313s][info][gc,phases      ] GC(28)   Merge Heap Roots: 0.1ms
[3.313s][info][gc,phases      ] GC(28)   Evacuate Collection Set: 14.1ms
[3.313s][info][gc,phases      ] GC(28)   Post Evacuate Collection Set: 0.3ms
[3.313s][info][gc,phases      ] GC(28)   Other: 0.1ms
[3.313s][info][gc,heap        ] GC(28) Eden regions: 146->0(164)
[3.313s][info][gc,heap        ] GC(28) Survivor regions: 19->1(21)
[3.313s][info][gc,heap        ] GC(28) Old regions: 17->35
[3.313s][info][gc,heap        ] GC(28) Archive regions: 0->0
[3.313s][info][gc,heap        ] GC(28) Humongous regions: 3->3
[3.313s][info][gc,metaspace   ] GC(28) Metaspace: 8412K(8576K)->8412K(8576K) NonClass: 7284K(7360K)->7284K(7360K) Class: 1127K(1216K)->1127K(1216K)
[3.313s][info][gc             ] GC(28) Pause Young (Normal) (G1 Evacuation Pause) 175M->30M(276M) 15.126ms
[3.313s][info][gc,cpu         ] GC(28) User=0.00s Sys=0.02s Real=0.02s
[3.397s][info][gc,start       ] GC(29) Pause Young (Normal) (G1 Evacuation Pause)
[3.397s][info][gc,task        ] GC(29) Using 6 workers of 33 for evacuation
[3.399s][info][gc,phases      ] GC(29)   Pre Evacuate Collection Set: 0.1ms
[3.399s][info][gc,phases      ] GC(29)   Merge Heap Roots: 0.1ms
[3.399s][info][gc,phases      ] GC(29)   Evacuate Collection Set: 1.1ms
[3.399s][info][gc,phases      ] GC(29)   Post Evacuate Collection Set: 0.6ms
[3.399s][info][gc,phases      ] GC(29)   Other: 0.1ms
[3.399s][info][gc,heap        ] GC(29) Eden regions: 164->0(176)
[3.399s][info][gc,heap        ] GC(29) Survivor regions: 1->2(21)
[3.399s][info][gc,heap        ] GC(29) Old regions: 35->35
[3.399s][info][gc,heap        ] GC(29) Archive regions: 0->0
[3.399s][info][gc,heap        ] GC(29) Humongous regions: 3->3
[3.399s][info][gc,metaspace   ] GC(29) Metaspace: 8412K(8576K)->8412K(8576K) NonClass: 7284K(7360K)->7284K(7360K) Class: 1127K(1216K)->1127K(1216K)
[3.399s][info][gc             ] GC(29) Pause Young (Normal) (G1 Evacuation Pause) 194M->31M(297M) 2.371ms
[3.399s][info][gc,cpu         ] GC(29) User=0.00s Sys=0.00s Real=0.00s
[3.498s][info][gc,start       ] GC(30) Pause Young (Normal) (G1 Evacuation Pause)
[3.498s][info][gc,task        ] GC(30) Using 7 workers of 33 for evacuation
[3.501s][info][gc,phases      ] GC(30)   Pre Evacuate Collection Set: 0.1ms
[3.501s][info][gc,phases      ] GC(30)   Merge Heap Roots: 0.1ms
[3.501s][info][gc,phases      ] GC(30)   Evacuate Collection Set: 1.7ms
[3.501s][info][gc,phases      ] GC(30)   Post Evacuate Collection Set: 0.3ms
[3.501s][info][gc,phases      ] GC(30)   Other: 0.1ms
[3.501s][info][gc,heap        ] GC(30) Eden regions: 176->0(176)
[3.501s][info][gc,heap        ] GC(30) Survivor regions: 2->2(23)
[3.501s][info][gc,heap        ] GC(30) Old regions: 35->35
[3.501s][info][gc,heap        ] GC(30) Archive regions: 0->0
[3.501s][info][gc,heap        ] GC(30) Humongous regions: 3->3
[3.501s][info][gc,metaspace   ] GC(30) Metaspace: 8412K(8576K)->8412K(8576K) NonClass: 7284K(7360K)->7284K(7360K) Class: 1127K(1216K)->1127K(1216K)
[3.501s][info][gc             ] GC(30) Pause Young (Normal) (G1 Evacuation Pause) 207M->31M(297M) 2.754ms
[3.501s][info][gc,cpu         ] GC(30) User=0.06s Sys=0.00s Real=0.02s
[3.601s][info][gc,start       ] GC(31) Pause Young (Normal) (G1 Evacuation Pause)
[3.601s][info][gc,task        ] GC(31) Using 7 workers of 33 for evacuation
[3.603s][info][gc,phases      ] GC(31)   Pre Evacuate Collection Set: 0.1ms
[3.603s][info][gc,phases      ] GC(31)   Merge Heap Roots: 0.1ms
[3.603s][info][gc,phases      ] GC(31)   Evacuate Collection Set: 1.4ms
[3.603s][info][gc,phases      ] GC(31)   Post Evacuate Collection Set: 0.3ms
[3.603s][info][gc,phases      ] GC(31)   Other: 0.1ms
[3.603s][info][gc,heap        ] GC(31) Eden regions: 176->0(175)
[3.603s][info][gc,heap        ] GC(31) Survivor regions: 2->3(23)
[3.603s][info][gc,heap        ] GC(31) Old regions: 35->35
[3.603s][info][gc,heap        ] GC(31) Archive regions: 0->0
[3.603s][info][gc,heap        ] GC(31) Humongous regions: 3->3
[3.603s][info][gc,metaspace   ] GC(31) Metaspace: 8412K(8576K)->8412K(8576K) NonClass: 7284K(7360K)->7284K(7360K) Class: 1127K(1216K)->1127K(1216K)
[3.603s][info][gc             ] GC(31) Pause Young (Normal) (G1 Evacuation Pause) 207M->31M(297M) 2.355ms
[3.603s][info][gc,cpu         ] GC(31) User=0.00s Sys=0.00s Real=0.00s
[3.702s][info][gc,start       ] GC(32) Pause Young (Normal) (G1 Evacuation Pause)
[3.702s][info][gc,task        ] GC(32) Using 7 workers of 33 for evacuation
[3.704s][info][gc,phases      ] GC(32)   Pre Evacuate Collection Set: 0.1ms
[3.704s][info][gc,phases      ] GC(32)   Merge Heap Roots: 0.1ms
[3.704s][info][gc,phases      ] GC(32)   Evacuate Collection Set: 1.6ms
[3.704s][info][gc,phases      ] GC(32)   Post Evacuate Collection Set: 0.3ms
[3.704s][info][gc,phases      ] GC(32)   Other: 0.1ms
[3.704s][info][gc,heap        ] GC(32) Eden regions: 175->0(175)
[3.704s][info][gc,heap        ] GC(32) Survivor regions: 3->3(23)
[3.704s][info][gc,heap        ] GC(32) Old regions: 35->35
[3.704s][info][gc,heap        ] GC(32) Archive regions: 0->0
[3.704s][info][gc,heap        ] GC(32) Humongous regions: 3->3
[3.704s][info][gc,metaspace   ] GC(32) Metaspace: 8412K(8576K)->8412K(8576K) NonClass: 7284K(7360K)->7284K(7360K) Class: 1127K(1216K)->1127K(1216K)
[3.704s][info][gc             ] GC(32) Pause Young (Normal) (G1 Evacuation Pause) 206M->32M(297M) 2.561ms
[3.704s][info][gc,cpu         ] GC(32) User=0.11s Sys=0.00s Real=0.01s
[3.795s][info][gc,start       ] GC(33) Pause Young (Normal) (G1 Evacuation Pause)
[3.795s][info][gc,task        ] GC(33) Using 7 workers of 33 for evacuation
[3.798s][info][gc,phases      ] GC(33)   Pre Evacuate Collection Set: 0.1ms
[3.798s][info][gc,phases      ] GC(33)   Merge Heap Roots: 0.1ms
[3.798s][info][gc,phases      ] GC(33)   Evacuate Collection Set: 2.1ms
[3.798s][info][gc,phases      ] GC(33)   Post Evacuate Collection Set: 0.3ms
[3.798s][info][gc,phases      ] GC(33)   Other: 0.1ms
[3.798s][info][gc,heap        ] GC(33) Eden regions: 175->0(174)
[3.798s][info][gc,heap        ] GC(33) Survivor regions: 3->4(23)
[3.798s][info][gc,heap        ] GC(33) Old regions: 35->35
[3.798s][info][gc,heap        ] GC(33) Archive regions: 0->0
[3.798s][info][gc,heap        ] GC(33) Humongous regions: 3->3
[3.798s][info][gc,metaspace   ] GC(33) Metaspace: 8412K(8576K)->8412K(8576K) NonClass: 7284K(7360K)->7284K(7360K) Class: 1127K(1216K)->1127K(1216K)
[3.798s][info][gc             ] GC(33) Pause Young (Normal) (G1 Evacuation Pause) 207M->32M(297M) 3.040ms
[3.798s][info][gc,cpu         ] GC(33) User=0.11s Sys=0.00s Real=0.02s
[3.884s][info][gc,start       ] GC(34) Pause Young (Normal) (G1 Evacuation Pause)
[3.884s][info][gc,task        ] GC(34) Using 7 workers of 33 for evacuation
[3.886s][info][gc,phases      ] GC(34)   Pre Evacuate Collection Set: 0.1ms
[3.887s][info][gc,phases      ] GC(34)   Merge Heap Roots: 0.1ms
[3.887s][info][gc,phases      ] GC(34)   Evacuate Collection Set: 2.2ms
[3.887s][info][gc,phases      ] GC(34)   Post Evacuate Collection Set: 0.3ms
[3.887s][info][gc,phases      ] GC(34)   Other: 0.1ms
[3.887s][info][gc,heap        ] GC(34) Eden regions: 174->0(173)
[3.887s][info][gc,heap        ] GC(34) Survivor regions: 4->5(23)
[3.887s][info][gc,heap        ] GC(34) Old regions: 35->35
[3.887s][info][gc,heap        ] GC(34) Archive regions: 0->0
[3.887s][info][gc,heap        ] GC(34) Humongous regions: 3->3
[3.887s][info][gc,metaspace   ] GC(34) Metaspace: 8412K(8576K)->8412K(8576K) NonClass: 7284K(7360K)->7284K(7360K) Class: 1127K(1216K)->1127K(1216K)
[3.887s][info][gc             ] GC(34) Pause Young (Normal) (G1 Evacuation Pause) 206M->33M(297M) 3.127ms
[3.887s][info][gc,cpu         ] GC(34) User=0.00s Sys=0.00s Real=0.00s
[3.984s][info][gc,start       ] GC(35) Pause Young (Normal) (G1 Evacuation Pause)
[3.985s][info][gc,task        ] GC(35) Using 7 workers of 33 for evacuation
[3.990s][info][gc,phases      ] GC(35)   Pre Evacuate Collection Set: 0.1ms
[3.990s][info][gc,phases      ] GC(35)   Merge Heap Roots: 0.1ms
[3.990s][info][gc,phases      ] GC(35)   Evacuate Collection Set: 5.1ms
[3.990s][info][gc,phases      ] GC(35)   Post Evacuate Collection Set: 0.3ms
[3.990s][info][gc,phases      ] GC(35)   Other: 0.1ms
[3.990s][info][gc,heap        ] GC(35) Eden regions: 173->0(168)
[3.990s][info][gc,heap        ] GC(35) Survivor regions: 5->10(23)
[3.990s][info][gc,heap        ] GC(35) Old regions: 35->35
[3.990s][info][gc,heap        ] GC(35) Archive regions: 0->0
[3.990s][info][gc,heap        ] GC(35) Humongous regions: 3->3
[3.990s][info][gc,metaspace   ] GC(35) Metaspace: 8412K(8576K)->8412K(8576K) NonClass: 7284K(7360K)->7284K(7360K) Class: 1127K(1216K)->1127K(1216K)
[3.991s][info][gc             ] GC(35) Pause Young (Normal) (G1 Evacuation Pause) 206M->39M(297M) 6.040ms
[3.991s][info][gc,cpu         ] GC(35) User=0.00s Sys=0.00s Real=0.00s
[4.090s][info][gc,start       ] GC(36) Pause Young (Normal) (G1 Evacuation Pause)
[4.090s][info][gc,task        ] GC(36) Using 7 workers of 33 for evacuation
[4.095s][info][gc,phases      ] GC(36)   Pre Evacuate Collection Set: 0.1ms
[4.095s][info][gc,phases      ] GC(36)   Merge Heap Roots: 0.1ms
[4.095s][info][gc,phases      ] GC(36)   Evacuate Collection Set: 4.5ms
[4.095s][info][gc,phases      ] GC(36)   Post Evacuate Collection Set: 0.3ms
[4.095s][info][gc,phases      ] GC(36)   Other: 0.1ms
[4.095s][info][gc,heap        ] GC(36) Eden regions: 168->0(167)
[4.095s][info][gc,heap        ] GC(36) Survivor regions: 10->11(23)
[4.095s][info][gc,heap        ] GC(36) Old regions: 35->35
[4.095s][info][gc,heap        ] GC(36) Archive regions: 0->0
[4.095s][info][gc,heap        ] GC(36) Humongous regions: 3->3
[4.095s][info][gc,metaspace   ] GC(36) Metaspace: 8412K(8576K)->8412K(8576K) NonClass: 7284K(7360K)->7284K(7360K) Class: 1127K(1216K)->1127K(1216K)
[4.095s][info][gc             ] GC(36) Pause Young (Normal) (G1 Evacuation Pause) 207M->39M(297M) 5.518ms
[4.095s][info][gc,cpu         ] GC(36) User=0.11s Sys=0.00s Real=0.02s
[4.177s][info][gc,start       ] GC(37) Pause Young (Normal) (G1 Evacuation Pause)
[4.177s][info][gc,task        ] GC(37) Using 7 workers of 33 for evacuation
[4.182s][info][gc,phases      ] GC(37)   Pre Evacuate Collection Set: 0.1ms
[4.182s][info][gc,phases      ] GC(37)   Merge Heap Roots: 0.1ms
[4.182s][info][gc,phases      ] GC(37)   Evacuate Collection Set: 4.5ms
[4.182s][info][gc,phases      ] GC(37)   Post Evacuate Collection Set: 0.3ms
[4.182s][info][gc,phases      ] GC(37)   Other: 0.1ms
[4.182s][info][gc,heap        ] GC(37) Eden regions: 167->0(167)
[4.182s][info][gc,heap        ] GC(37) Survivor regions: 11->11(23)
[4.182s][info][gc,heap        ] GC(37) Old regions: 35->35
[4.182s][info][gc,heap        ] GC(37) Archive regions: 0->0
[4.182s][info][gc,heap        ] GC(37) Humongous regions: 3->3
[4.182s][info][gc,metaspace   ] GC(37) Metaspace: 8412K(8576K)->8412K(8576K) NonClass: 7284K(7360K)->7284K(7360K) Class: 1127K(1216K)->1127K(1216K)
[4.182s][info][gc             ] GC(37) Pause Young (Normal) (G1 Evacuation Pause) 206M->40M(297M) 5.471ms
[4.182s][info][gc,cpu         ] GC(37) User=0.00s Sys=0.00s Real=0.00s
[4.270s][info][gc,start       ] GC(38) Pause Young (Normal) (G1 Evacuation Pause)
[4.270s][info][gc,task        ] GC(38) Using 7 workers of 33 for evacuation
[4.275s][info][gc,phases      ] GC(38)   Pre Evacuate Collection Set: 0.1ms
[4.275s][info][gc,phases      ] GC(38)   Merge Heap Roots: 0.1ms
[4.276s][info][gc,phases      ] GC(38)   Evacuate Collection Set: 5.2ms
[4.276s][info][gc,phases      ] GC(38)   Post Evacuate Collection Set: 0.3ms
[4.276s][info][gc,phases      ] GC(38)   Other: 0.1ms
[4.276s][info][gc,heap        ] GC(38) Eden regions: 167->0(167)
[4.276s][info][gc,heap        ] GC(38) Survivor regions: 11->11(23)
[4.276s][info][gc,heap        ] GC(38) Old regions: 35->35
[4.276s][info][gc,heap        ] GC(38) Archive regions: 0->0
[4.276s][info][gc,heap        ] GC(38) Humongous regions: 3->3
[4.276s][info][gc,metaspace   ] GC(38) Metaspace: 8412K(8576K)->8412K(8576K) NonClass: 7284K(7360K)->7284K(7360K) Class: 1127K(1216K)->1127K(1216K)
[4.276s][info][gc             ] GC(38) Pause Young (Normal) (G1 Evacuation Pause) 207M->40M(297M) 6.132ms
[4.276s][info][gc,cpu         ] GC(38) User=0.00s Sys=0.00s Real=0.00s
[4.358s][info][gc,start       ] GC(39) Pause Young (Normal) (G1 Evacuation Pause)
[4.358s][info][gc,task        ] GC(39) Using 7 workers of 33 for evacuation
[4.363s][info][gc,phases      ] GC(39)   Pre Evacuate Collection Set: 0.1ms
[4.363s][info][gc,phases      ] GC(39)   Merge Heap Roots: 0.1ms
[4.363s][info][gc,phases      ] GC(39)   Evacuate Collection Set: 5.1ms
[4.364s][info][gc,phases      ] GC(39)   Post Evacuate Collection Set: 0.3ms
[4.364s][info][gc,phases      ] GC(39)   Other: 0.1ms
[4.364s][info][gc,heap        ] GC(39) Eden regions: 167->0(165)
[4.364s][info][gc,heap        ] GC(39) Survivor regions: 11->13(23)
[4.364s][info][gc,heap        ] GC(39) Old regions: 35->35
[4.364s][info][gc,heap        ] GC(39) Archive regions: 0->0
[4.364s][info][gc,heap        ] GC(39) Humongous regions: 3->3
[4.364s][info][gc,metaspace   ] GC(39) Metaspace: 8412K(8576K)->8412K(8576K) NonClass: 7284K(7360K)->7284K(7360K) Class: 1127K(1216K)->1127K(1216K)
[4.364s][info][gc             ] GC(39) Pause Young (Normal) (G1 Evacuation Pause) 207M->41M(297M) 6.087ms
[4.364s][info][gc,cpu         ] GC(39) User=0.11s Sys=0.00s Real=0.02s
[4.450s][info][gc,start       ] GC(40) Pause Young (Normal) (G1 Evacuation Pause)
[4.450s][info][gc,task        ] GC(40) Using 7 workers of 33 for evacuation
[4.456s][info][gc,phases      ] GC(40)   Pre Evacuate Collection Set: 0.1ms
[4.456s][info][gc,phases      ] GC(40)   Merge Heap Roots: 0.1ms
[4.456s][info][gc,phases      ] GC(40)   Evacuate Collection Set: 5.7ms
[4.456s][info][gc,phases      ] GC(40)   Post Evacuate Collection Set: 0.3ms
[4.456s][info][gc,phases      ] GC(40)   Other: 0.1ms
[4.456s][info][gc,heap        ] GC(40) Eden regions: 165->0(165)
[4.456s][info][gc,heap        ] GC(40) Survivor regions: 13->13(23)
[4.457s][info][gc,heap        ] GC(40) Old regions: 35->35
[4.457s][info][gc,heap        ] GC(40) Archive regions: 0->0
[4.457s][info][gc,heap        ] GC(40) Humongous regions: 3->3
[4.457s][info][gc,metaspace   ] GC(40) Metaspace: 8412K(8576K)->8412K(8576K) NonClass: 7284K(7360K)->7284K(7360K) Class: 1127K(1216K)->1127K(1216K)
[4.457s][info][gc             ] GC(40) Pause Young (Normal) (G1 Evacuation Pause) 206M->41M(297M) 6.680ms
[4.457s][info][gc,cpu         ] GC(40) User=0.11s Sys=0.00s Real=0.01s
[4.537s][info][gc,start       ] GC(41) Pause Young (Normal) (G1 Evacuation Pause)
[4.537s][info][gc,task        ] GC(41) Using 7 workers of 33 for evacuation
[4.543s][info][gc,phases      ] GC(41)   Pre Evacuate Collection Set: 0.1ms
[4.543s][info][gc,phases      ] GC(41)   Merge Heap Roots: 0.1ms
[4.544s][info][gc,phases      ] GC(41)   Evacuate Collection Set: 5.5ms
[4.544s][info][gc,phases      ] GC(41)   Post Evacuate Collection Set: 0.3ms
[4.544s][info][gc,phases      ] GC(41)   Other: 0.1ms
[4.544s][info][gc,heap        ] GC(41) Eden regions: 165->0(165)
[4.544s][info][gc,heap        ] GC(41) Survivor regions: 13->13(23)
[4.544s][info][gc,heap        ] GC(41) Old regions: 35->35
[4.544s][info][gc,heap        ] GC(41) Archive regions: 0->0
[4.544s][info][gc,heap        ] GC(41) Humongous regions: 3->3
[4.544s][info][gc,metaspace   ] GC(41) Metaspace: 8412K(8576K)->8412K(8576K) NonClass: 7284K(7360K)->7284K(7360K) Class: 1127K(1216K)->1127K(1216K)
[4.544s][info][gc             ] GC(41) Pause Young (Normal) (G1 Evacuation Pause) 206M->42M(297M) 6.432ms
[4.544s][info][gc,cpu         ] GC(41) User=0.00s Sys=0.00s Real=0.00s
[4.750s][info][gc,start       ] GC(42) Pause Young (Normal) (G1 Evacuation Pause)
[4.750s][info][gc,task        ] GC(42) Using 7 workers of 33 for evacuation
[4.788s][info][gc,phases      ] GC(42)   Pre Evacuate Collection Set: 0.1ms
[4.788s][info][gc,phases      ] GC(42)   Merge Heap Roots: 0.3ms
[4.788s][info][gc,phases      ] GC(42)   Evacuate Collection Set: 37.5ms
[4.788s][info][gc,phases      ] GC(42)   Post Evacuate Collection Set: 0.3ms
[4.788s][info][gc,phases      ] GC(42)   Other: 0.1ms
[4.788s][info][gc,heap        ] GC(42) Eden regions: 165->0(127)
[4.788s][info][gc,heap        ] GC(42) Survivor regions: 13->23(23)
[4.788s][info][gc,heap        ] GC(42) Old regions: 35->71
[4.788s][info][gc,heap        ] GC(42) Archive regions: 0->0
[4.788s][info][gc,heap        ] GC(42) Humongous regions: 16->16
[4.788s][info][gc,metaspace   ] GC(42) Metaspace: 8412K(8576K)->8412K(8576K) NonClass: 7284K(7360K)->7284K(7360K) Class: 1127K(1216K)->1127K(1216K)
[4.788s][info][gc             ] GC(42) Pause Young (Normal) (G1 Evacuation Pause) 220M->100M(297M) 38.747ms
[4.788s][info][gc,cpu         ] GC(42) User=0.17s Sys=0.05s Real=0.03s
[5.099s][info][gc,start       ] GC(43) Pause Full (System.gc())
[5.099s][info][gc,task        ] GC(43) Using 7 workers of 33 for full compaction
[5.100s][info][gc,phases,start] GC(43) Phase 1: Mark live objects
[5.104s][info][gc,phases      ] GC(43) Phase 1: Mark live objects 4.573ms
[5.104s][info][gc,phases,start] GC(43) Phase 2: Prepare compaction
[5.106s][info][gc,phases      ] GC(43) Phase 2: Prepare compaction 1.335ms
[5.106s][info][gc,phases,start] GC(43) Phase 3: Adjust pointers
[5.109s][info][gc,phases      ] GC(43) Phase 3: Adjust pointers 2.904ms
[5.109s][info][gc,phases,start] GC(43) Phase 4: Compact heap
[5.110s][info][gc,phases      ] GC(43) Phase 4: Compact heap 1.258ms
[5.114s][info][gc,heap        ] GC(43) Eden regions: 48->0(7)
[5.114s][info][gc,heap        ] GC(43) Survivor regions: 23->0(23)
[5.114s][info][gc,heap        ] GC(43) Old regions: 71->7
[5.114s][info][gc,heap        ] GC(43) Archive regions: 0->0
[5.114s][info][gc,heap        ] GC(43) Humongous regions: 22->0
[5.114s][info][gc,metaspace   ] GC(43) Metaspace: 8598K(8832K)->8598K(8832K) NonClass: 7445K(7552K)->7445K(7552K) Class: 1153K(1280K)->1153K(1280K)
[5.114s][info][gc             ] GC(43) Pause Full (System.gc()) 154M->3M(24M) 14.588ms
[5.114s][info][gc,cpu         ] GC(43) User=0.06s Sys=0.03s Real=0.02s
[5.118s][info][gc,start       ] GC(44) Pause Young (Normal) (G1 Evacuation Pause)
[5.118s][info][gc,task        ] GC(44) Using 4 workers of 33 for evacuation
[5.119s][info][gc,phases      ] GC(44)   Pre Evacuate Collection Set: 0.1ms
[5.119s][info][gc,phases      ] GC(44)   Merge Heap Roots: 0.0ms
[5.119s][info][gc,phases      ] GC(44)   Evacuate Collection Set: 0.3ms
[5.119s][info][gc,phases      ] GC(44)   Post Evacuate Collection Set: 0.2ms
[5.119s][info][gc,phases      ] GC(44)   Other: 0.1ms
[5.119s][info][gc,heap        ] GC(44) Eden regions: 7->0(7)
[5.119s][info][gc,heap        ] GC(44) Survivor regions: 0->1(1)
[5.119s][info][gc,heap        ] GC(44) Old regions: 7->8
[5.119s][info][gc,heap        ] GC(44) Archive regions: 0->0
[5.119s][info][gc,heap        ] GC(44) Humongous regions: 0->0
[5.119s][info][gc,metaspace   ] GC(44) Metaspace: 8598K(8832K)->8598K(8832K) NonClass: 7445K(7552K)->7445K(7552K) Class: 1153K(1280K)->1153K(1280K)
[5.119s][info][gc             ] GC(44) Pause Young (Normal) (G1 Evacuation Pause) 10M->5M(24M) 1.195ms
[5.119s][info][gc,cpu         ] GC(44) User=0.00s Sys=0.00s Real=0.00s
[5.123s][info][gc,start       ] GC(45) Pause Young (Normal) (G1 Evacuation Pause)
[5.123s][info][gc,task        ] GC(45) Using 3 workers of 33 for evacuation
[5.124s][info][gc,phases      ] GC(45)   Pre Evacuate Collection Set: 0.0ms
[5.124s][info][gc,phases      ] GC(45)   Merge Heap Roots: 0.0ms
[5.124s][info][gc,phases      ] GC(45)   Evacuate Collection Set: 0.4ms
[5.124s][info][gc,phases      ] GC(45)   Post Evacuate Collection Set: 0.2ms
[5.124s][info][gc,phases      ] GC(45)   Other: 0.1ms
[5.124s][info][gc,heap        ] GC(45) Eden regions: 7->0(8)
[5.124s][info][gc,heap        ] GC(45) Survivor regions: 1->1(1)
[5.124s][info][gc,heap        ] GC(45) Old regions: 8->8
[5.124s][info][gc,heap        ] GC(45) Archive regions: 0->0
[5.124s][info][gc,heap        ] GC(45) Humongous regions: 0->0
[5.124s][info][gc,metaspace   ] GC(45) Metaspace: 8598K(8832K)->8598K(8832K) NonClass: 7445K(7552K)->7445K(7552K) Class: 1153K(1280K)->1153K(1280K)
[5.124s][info][gc             ] GC(45) Pause Young (Normal) (G1 Evacuation Pause) 12M->5M(24M) 1.073ms
[5.124s][info][gc,cpu         ] GC(45) User=0.00s Sys=0.00s Real=0.00s
[5.129s][info][gc,start       ] GC(46) Pause Young (Normal) (G1 Evacuation Pause)
[5.129s][info][gc,task        ] GC(46) Using 2 workers of 33 for evacuation
[5.131s][info][gc,phases      ] GC(46)   Pre Evacuate Collection Set: 0.0ms
[5.131s][info][gc,phases      ] GC(46)   Merge Heap Roots: 0.0ms
[5.131s][info][gc,phases      ] GC(46)   Evacuate Collection Set: 0.9ms
[5.131s][info][gc,phases      ] GC(46)   Post Evacuate Collection Set: 0.2ms
[5.131s][info][gc,phases      ] GC(46)   Other: 0.5ms
[5.131s][info][gc,heap        ] GC(46) Eden regions: 8->0(9)
[5.131s][info][gc,heap        ] GC(46) Survivor regions: 1->1(2)
[5.131s][info][gc,heap        ] GC(46) Old regions: 8->8
[5.131s][info][gc,heap        ] GC(46) Archive regions: 0->0
[5.131s][info][gc,heap        ] GC(46) Humongous regions: 0->0
[5.131s][info][gc,metaspace   ] GC(46) Metaspace: 8598K(8832K)->8598K(8832K) NonClass: 7445K(7552K)->7445K(7552K) Class: 1153K(1280K)->1153K(1280K)
[5.131s][info][gc             ] GC(46) Pause Young (Normal) (G1 Evacuation Pause) 13M->4M(24M) 1.970ms
[5.131s][info][gc,cpu         ] GC(46) User=0.00s Sys=0.00s Real=0.00s
[5.136s][info][gc,start       ] GC(47) Pause Young (Normal) (G1 Evacuation Pause)
[5.136s][info][gc,task        ] GC(47) Using 2 workers of 33 for evacuation
[5.138s][info][gc,phases      ] GC(47)   Pre Evacuate Collection Set: 0.0ms
[5.138s][info][gc,phases      ] GC(47)   Merge Heap Roots: 0.0ms
[5.138s][info][gc,phases      ] GC(47)   Evacuate Collection Set: 0.5ms
[5.139s][info][gc,phases      ] GC(47)   Post Evacuate Collection Set: 1.5ms
[5.139s][info][gc,phases      ] GC(47)   Other: 0.1ms
[5.139s][info][gc,heap        ] GC(47) Eden regions: 9->0(159)
[5.139s][info][gc,heap        ] GC(47) Survivor regions: 1->1(2)
[5.139s][info][gc,heap        ] GC(47) Old regions: 8->8
[5.139s][info][gc,heap        ] GC(47) Archive regions: 0->0
[5.139s][info][gc,heap        ] GC(47) Humongous regions: 0->0
[5.139s][info][gc,metaspace   ] GC(47) Metaspace: 8598K(8832K)->8598K(8832K) NonClass: 7445K(7552K)->7445K(7552K) Class: 1153K(1280K)->1153K(1280K)
[5.139s][info][gc             ] GC(47) Pause Young (Normal) (G1 Evacuation Pause) 13M->4M(268M) 2.738ms
[5.139s][info][gc,cpu         ] GC(47) User=0.00s Sys=0.00s Real=0.00s
[5.218s][info][gc,start       ] GC(48) Pause Young (Normal) (G1 Evacuation Pause)
[5.218s][info][gc,task        ] GC(48) Using 6 workers of 33 for evacuation
[5.220s][info][gc,phases      ] GC(48)   Pre Evacuate Collection Set: 0.1ms
[5.220s][info][gc,phases      ] GC(48)   Merge Heap Roots: 0.1ms
[5.220s][info][gc,phases      ] GC(48)   Evacuate Collection Set: 0.9ms
[5.220s][info][gc,phases      ] GC(48)   Post Evacuate Collection Set: 0.3ms
[5.220s][info][gc,phases      ] GC(48)   Other: 0.1ms
[5.220s][info][gc,heap        ] GC(48) Eden regions: 159->0(159)
[5.220s][info][gc,heap        ] GC(48) Survivor regions: 1->1(20)
[5.220s][info][gc,heap        ] GC(48) Old regions: 8->8
[5.220s][info][gc,heap        ] GC(48) Archive regions: 0->0
[5.220s][info][gc,heap        ] GC(48) Humongous regions: 0->0
[5.220s][info][gc,metaspace   ] GC(48) Metaspace: 8598K(8832K)->8598K(8832K) NonClass: 7445K(7552K)->7445K(7552K) Class: 1153K(1280K)->1153K(1280K)
[5.220s][info][gc             ] GC(48) Pause Young (Normal) (G1 Evacuation Pause) 163M->5M(268M) 1.920ms
[5.220s][info][gc,cpu         ] GC(48) User=0.06s Sys=0.03s Real=0.02s
[5.298s][info][gc,start       ] GC(49) Pause Young (Normal) (G1 Evacuation Pause)
[5.299s][info][gc,task        ] GC(49) Using 6 workers of 33 for evacuation
[5.300s][info][gc,phases      ] GC(49)   Pre Evacuate Collection Set: 0.1ms
[5.300s][info][gc,phases      ] GC(49)   Merge Heap Roots: 0.1ms
[5.300s][info][gc,phases      ] GC(49)   Evacuate Collection Set: 1.2ms
[5.300s][info][gc,phases      ] GC(49)   Post Evacuate Collection Set: 0.3ms
[5.300s][info][gc,phases      ] GC(49)   Other: 0.1ms
[5.300s][info][gc,heap        ] GC(49) Eden regions: 159->0(158)
[5.300s][info][gc,heap        ] GC(49) Survivor regions: 1->2(20)
[5.300s][info][gc,heap        ] GC(49) Old regions: 8->8
[5.300s][info][gc,heap        ] GC(49) Archive regions: 0->0
[5.300s][info][gc,heap        ] GC(49) Humongous regions: 0->0
[5.301s][info][gc,metaspace   ] GC(49) Metaspace: 8598K(8832K)->8598K(8832K) NonClass: 7445K(7552K)->7445K(7552K) Class: 1153K(1280K)->1153K(1280K)
[5.301s][info][gc             ] GC(49) Pause Young (Normal) (G1 Evacuation Pause) 164M->5M(268M) 2.169ms
[5.301s][info][gc,cpu         ] GC(49) User=0.00s Sys=0.00s Real=0.00s
[5.384s][info][gc,start       ] GC(50) Pause Young (Normal) (G1 Evacuation Pause)
[5.384s][info][gc,task        ] GC(50) Using 6 workers of 33 for evacuation
[5.387s][info][gc,phases      ] GC(50)   Pre Evacuate Collection Set: 0.1ms
[5.387s][info][gc,phases      ] GC(50)   Merge Heap Roots: 0.1ms
[5.387s][info][gc,phases      ] GC(50)   Evacuate Collection Set: 1.6ms
[5.387s][info][gc,phases      ] GC(50)   Post Evacuate Collection Set: 0.3ms
[5.387s][info][gc,phases      ] GC(50)   Other: 0.1ms
[5.387s][info][gc,heap        ] GC(50) Eden regions: 158->0(157)
[5.387s][info][gc,heap        ] GC(50) Survivor regions: 2->3(20)
[5.387s][info][gc,heap        ] GC(50) Old regions: 8->8
[5.387s][info][gc,heap        ] GC(50) Archive regions: 0->0
[5.387s][info][gc,heap        ] GC(50) Humongous regions: 0->0
[5.387s][info][gc,metaspace   ] GC(50) Metaspace: 8598K(8832K)->8598K(8832K) NonClass: 7445K(7552K)->7445K(7552K) Class: 1153K(1280K)->1153K(1280K)
[5.387s][info][gc             ] GC(50) Pause Young (Normal) (G1 Evacuation Pause) 163M->6M(268M) 2.623ms
[5.387s][info][gc,cpu         ] GC(50) User=0.00s Sys=0.00s Real=0.00s
[5.465s][info][gc,start       ] GC(51) Pause Young (Normal) (G1 Evacuation Pause)
[5.465s][info][gc,task        ] GC(51) Using 6 workers of 33 for evacuation
[5.467s][info][gc,phases      ] GC(51)   Pre Evacuate Collection Set: 0.1ms
[5.468s][info][gc,phases      ] GC(51)   Merge Heap Roots: 0.1ms
[5.468s][info][gc,phases      ] GC(51)   Evacuate Collection Set: 1.9ms
[5.468s][info][gc,phases      ] GC(51)   Post Evacuate Collection Set: 0.3ms
[5.468s][info][gc,phases      ] GC(51)   Other: 0.1ms
[5.468s][info][gc,heap        ] GC(51) Eden regions: 157->0(157)
[5.468s][info][gc,heap        ] GC(51) Survivor regions: 3->3(20)
[5.468s][info][gc,heap        ] GC(51) Old regions: 8->8
[5.468s][info][gc,heap        ] GC(51) Archive regions: 0->0
[5.468s][info][gc,heap        ] GC(51) Humongous regions: 0->0
[5.468s][info][gc,metaspace   ] GC(51) Metaspace: 8598K(8832K)->8598K(8832K) NonClass: 7445K(7552K)->7445K(7552K) Class: 1153K(1280K)->1153K(1280K)
[5.468s][info][gc             ] GC(51) Pause Young (Normal) (G1 Evacuation Pause) 163M->6M(268M) 2.909ms
[5.468s][info][gc,cpu         ] GC(51) User=0.00s Sys=0.00s Real=0.00s
[5.545s][info][gc,start       ] GC(52) Pause Young (Normal) (G1 Evacuation Pause)
[5.545s][info][gc,task        ] GC(52) Using 6 workers of 33 for evacuation
[5.548s][info][gc,phases      ] GC(52)   Pre Evacuate Collection Set: 0.1ms
[5.548s][info][gc,phases      ] GC(52)   Merge Heap Roots: 0.1ms
[5.548s][info][gc,phases      ] GC(52)   Evacuate Collection Set: 2.2ms
[5.548s][info][gc,phases      ] GC(52)   Post Evacuate Collection Set: 0.3ms
[5.548s][info][gc,phases      ] GC(52)   Other: 0.1ms
[5.548s][info][gc,heap        ] GC(52) Eden regions: 157->0(156)
[5.548s][info][gc,heap        ] GC(52) Survivor regions: 3->4(20)
[5.548s][info][gc,heap        ] GC(52) Old regions: 8->8
[5.548s][info][gc,heap        ] GC(52) Archive regions: 0->0
[5.548s][info][gc,heap        ] GC(52) Humongous regions: 0->0
[5.548s][info][gc,metaspace   ] GC(52) Metaspace: 8598K(8832K)->8598K(8832K) NonClass: 7445K(7552K)->7445K(7552K) Class: 1153K(1280K)->1153K(1280K)
[5.548s][info][gc             ] GC(52) Pause Young (Normal) (G1 Evacuation Pause) 163M->7M(268M) 3.155ms
[5.548s][info][gc,cpu         ] GC(52) User=0.00s Sys=0.00s Real=0.00s
[5.644s][info][gc,start       ] GC(53) Pause Young (Normal) (G1 Evacuation Pause)
[5.644s][info][gc,task        ] GC(53) Using 6 workers of 33 for evacuation
[5.647s][info][gc,phases      ] GC(53)   Pre Evacuate Collection Set: 0.1ms
[5.647s][info][gc,phases      ] GC(53)   Merge Heap Roots: 0.1ms
[5.647s][info][gc,phases      ] GC(53)   Evacuate Collection Set: 2.4ms
[5.647s][info][gc,phases      ] GC(53)   Post Evacuate Collection Set: 0.3ms
[5.647s][info][gc,phases      ] GC(53)   Other: 0.1ms
[5.647s][info][gc,heap        ] GC(53) Eden regions: 156->0(156)
[5.647s][info][gc,heap        ] GC(53) Survivor regions: 4->4(20)
[5.647s][info][gc,heap        ] GC(53) Old regions: 8->8
[5.647s][info][gc,heap        ] GC(53) Archive regions: 0->0
[5.647s][info][gc,heap        ] GC(53) Humongous regions: 0->0
[5.647s][info][gc,metaspace   ] GC(53) Metaspace: 8598K(8832K)->8598K(8832K) NonClass: 7445K(7552K)->7445K(7552K) Class: 1153K(1280K)->1153K(1280K)
[5.647s][info][gc             ] GC(53) Pause Young (Normal) (G1 Evacuation Pause) 163M->8M(268M) 3.373ms
[5.647s][info][gc,cpu         ] GC(53) User=0.09s Sys=0.00s Real=0.02s
[5.741s][info][gc,start       ] GC(54) Pause Young (Normal) (G1 Evacuation Pause)
[5.741s][info][gc,task        ] GC(54) Using 6 workers of 33 for evacuation
[5.744s][info][gc,phases      ] GC(54)   Pre Evacuate Collection Set: 0.1ms
[5.744s][info][gc,phases      ] GC(54)   Merge Heap Roots: 0.1ms
[5.744s][info][gc,phases      ] GC(54)   Evacuate Collection Set: 2.8ms
[5.744s][info][gc,phases      ] GC(54)   Post Evacuate Collection Set: 0.3ms
[5.744s][info][gc,phases      ] GC(54)   Other: 0.1ms
[5.744s][info][gc,heap        ] GC(54) Eden regions: 156->0(155)
[5.744s][info][gc,heap        ] GC(54) Survivor regions: 4->5(20)
[5.744s][info][gc,heap        ] GC(54) Old regions: 8->8
[5.744s][info][gc,heap        ] GC(54) Archive regions: 0->0
[5.744s][info][gc,heap        ] GC(54) Humongous regions: 0->0
[5.744s][info][gc,metaspace   ] GC(54) Metaspace: 8598K(8832K)->8598K(8832K) NonClass: 7445K(7552K)->7445K(7552K) Class: 1153K(1280K)->1153K(1280K)
[5.744s][info][gc             ] GC(54) Pause Young (Normal) (G1 Evacuation Pause) 164M->8M(268M) 3.780ms
[5.744s][info][gc,cpu         ] GC(54) User=0.00s Sys=0.00s Real=0.00s
[5.834s][info][gc,start       ] GC(55) Pause Young (Normal) (G1 Evacuation Pause)
[5.834s][info][gc,task        ] GC(55) Using 6 workers of 33 for evacuation
[5.841s][info][gc,phases      ] GC(55)   Pre Evacuate Collection Set: 0.1ms
[5.841s][info][gc,phases      ] GC(55)   Merge Heap Roots: 0.1ms
[5.841s][info][gc,phases      ] GC(55)   Evacuate Collection Set: 6.5ms
[5.842s][info][gc,phases      ] GC(55)   Post Evacuate Collection Set: 0.3ms
[5.842s][info][gc,phases      ] GC(55)   Other: 0.1ms
[5.842s][info][gc,heap        ] GC(55) Eden regions: 155->0(150)
[5.842s][info][gc,heap        ] GC(55) Survivor regions: 5->10(20)
[5.842s][info][gc,heap        ] GC(55) Old regions: 8->8
[5.842s][info][gc,heap        ] GC(55) Archive regions: 0->0
[5.842s][info][gc,heap        ] GC(55) Humongous regions: 0->0
[5.842s][info][gc,metaspace   ] GC(55) Metaspace: 8598K(8832K)->8598K(8832K) NonClass: 7445K(7552K)->7445K(7552K) Class: 1153K(1280K)->1153K(1280K)
[5.842s][info][gc             ] GC(55) Pause Young (Normal) (G1 Evacuation Pause) 163M->13M(268M) 7.709ms
[5.842s][info][gc,cpu         ] GC(55) User=0.00s Sys=0.00s Real=0.00s
[5.919s][info][gc,start       ] GC(56) Pause Young (Normal) (G1 Evacuation Pause)
[5.919s][info][gc,task        ] GC(56) Using 6 workers of 33 for evacuation
[5.925s][info][gc,phases      ] GC(56)   Pre Evacuate Collection Set: 0.1ms
[5.925s][info][gc,phases      ] GC(56)   Merge Heap Roots: 0.1ms
[5.925s][info][gc,phases      ] GC(56)   Evacuate Collection Set: 6.2ms
[5.925s][info][gc,phases      ] GC(56)   Post Evacuate Collection Set: 0.3ms
[5.925s][info][gc,phases      ] GC(56)   Other: 0.1ms
[5.925s][info][gc,heap        ] GC(56) Eden regions: 150->0(150)
[5.925s][info][gc,heap        ] GC(56) Survivor regions: 10->10(20)
[5.926s][info][gc,heap        ] GC(56) Old regions: 8->8
[5.926s][info][gc,heap        ] GC(56) Archive regions: 0->0
[5.926s][info][gc,heap        ] GC(56) Humongous regions: 0->0
[5.926s][info][gc,metaspace   ] GC(56) Metaspace: 8598K(8832K)->8598K(8832K) NonClass: 7445K(7552K)->7445K(7552K) Class: 1153K(1280K)->1153K(1280K)
[5.926s][info][gc             ] GC(56) Pause Young (Normal) (G1 Evacuation Pause) 163M->14M(268M) 7.149ms
[5.926s][info][gc,cpu         ] GC(56) User=0.00s Sys=0.00s Real=0.00s
[6.002s][info][gc,start       ] GC(57) Pause Young (Normal) (G1 Evacuation Pause)
[6.002s][info][gc,task        ] GC(57) Using 6 workers of 33 for evacuation
[6.009s][info][gc,phases      ] GC(57)   Pre Evacuate Collection Set: 0.1ms
[6.009s][info][gc,phases      ] GC(57)   Merge Heap Roots: 0.1ms
[6.009s][info][gc,phases      ] GC(57)   Evacuate Collection Set: 6.5ms
[6.009s][info][gc,phases      ] GC(57)   Post Evacuate Collection Set: 0.3ms
[6.009s][info][gc,phases      ] GC(57)   Other: 0.1ms
[6.009s][info][gc,heap        ] GC(57) Eden regions: 150->0(149)
[6.009s][info][gc,heap        ] GC(57) Survivor regions: 10->11(20)
[6.009s][info][gc,heap        ] GC(57) Old regions: 8->8
[6.009s][info][gc,heap        ] GC(57) Archive regions: 0->0
[6.009s][info][gc,heap        ] GC(57) Humongous regions: 0->0
[6.009s][info][gc,metaspace   ] GC(57) Metaspace: 8598K(8832K)->8598K(8832K) NonClass: 7445K(7552K)->7445K(7552K) Class: 1153K(1280K)->1153K(1280K)
[6.009s][info][gc             ] GC(57) Pause Young (Normal) (G1 Evacuation Pause) 164M->14M(268M) 7.446ms
[6.009s][info][gc,cpu         ] GC(57) User=0.09s Sys=0.00s Real=0.02s
[6.089s][info][gc,start       ] GC(58) Pause Young (Normal) (G1 Evacuation Pause)
[6.089s][info][gc,task        ] GC(58) Using 6 workers of 33 for evacuation
[6.097s][info][gc,phases      ] GC(58)   Pre Evacuate Collection Set: 0.1ms
[6.097s][info][gc,phases      ] GC(58)   Merge Heap Roots: 0.1ms
[6.097s][info][gc,phases      ] GC(58)   Evacuate Collection Set: 6.9ms
[6.097s][info][gc,phases      ] GC(58)   Post Evacuate Collection Set: 0.3ms
[6.097s][info][gc,phases      ] GC(58)   Other: 0.1ms
[6.097s][info][gc,heap        ] GC(58) Eden regions: 149->0(148)
[6.097s][info][gc,heap        ] GC(58) Survivor regions: 11->12(20)
[6.097s][info][gc,heap        ] GC(58) Old regions: 8->8
[6.097s][info][gc,heap        ] GC(58) Archive regions: 0->0
[6.097s][info][gc,heap        ] GC(58) Humongous regions: 0->0
[6.097s][info][gc,metaspace   ] GC(58) Metaspace: 8598K(8832K)->8598K(8832K) NonClass: 7445K(7552K)->7445K(7552K) Class: 1153K(1280K)->1153K(1280K)
[6.097s][info][gc             ] GC(58) Pause Young (Normal) (G1 Evacuation Pause) 163M->15M(268M) 7.909ms
[6.097s][info][gc,cpu         ] GC(58) User=0.09s Sys=0.00s Real=0.02s
[6.173s][info][gc,start       ] GC(59) Pause Young (Normal) (G1 Evacuation Pause)
[6.173s][info][gc,task        ] GC(59) Using 6 workers of 33 for evacuation
[6.181s][info][gc,phases      ] GC(59)   Pre Evacuate Collection Set: 0.1ms
[6.181s][info][gc,phases      ] GC(59)   Merge Heap Roots: 0.1ms
[6.181s][info][gc,phases      ] GC(59)   Evacuate Collection Set: 7.3ms
[6.181s][info][gc,phases      ] GC(59)   Post Evacuate Collection Set: 0.3ms
[6.181s][info][gc,phases      ] GC(59)   Other: 0.1ms
[6.181s][info][gc,heap        ] GC(59) Eden regions: 148->0(149)
[6.181s][info][gc,heap        ] GC(59) Survivor regions: 12->11(20)
[6.181s][info][gc,heap        ] GC(59) Old regions: 8->9
[6.181s][info][gc,heap        ] GC(59) Archive regions: 0->0
[6.181s][info][gc,heap        ] GC(59) Humongous regions: 0->0
[6.181s][info][gc,metaspace   ] GC(59) Metaspace: 8598K(8832K)->8598K(8832K) NonClass: 7445K(7552K)->7445K(7552K) Class: 1153K(1280K)->1153K(1280K)
[6.181s][info][gc             ] GC(59) Pause Young (Normal) (G1 Evacuation Pause) 163M->15M(268M) 8.214ms
[6.181s][info][gc,cpu         ] GC(59) User=0.00s Sys=0.00s Real=0.00s
[6.256s][info][gc,start       ] GC(60) Pause Young (Normal) (G1 Evacuation Pause)
[6.256s][info][gc,task        ] GC(60) Using 6 workers of 33 for evacuation
[6.264s][info][gc,phases      ] GC(60)   Pre Evacuate Collection Set: 0.1ms
[6.264s][info][gc,phases      ] GC(60)   Merge Heap Roots: 0.1ms
[6.264s][info][gc,phases      ] GC(60)   Evacuate Collection Set: 7.5ms
[6.264s][info][gc,phases      ] GC(60)   Post Evacuate Collection Set: 0.3ms
[6.264s][info][gc,phases      ] GC(60)   Other: 0.1ms
[6.264s][info][gc,heap        ] GC(60) Eden regions: 149->0(149)
[6.264s][info][gc,heap        ] GC(60) Survivor regions: 11->11(20)
[6.264s][info][gc,heap        ] GC(60) Old regions: 9->10
[6.264s][info][gc,heap        ] GC(60) Archive regions: 0->0
[6.264s][info][gc,heap        ] GC(60) Humongous regions: 0->0
[6.265s][info][gc,metaspace   ] GC(60) Metaspace: 8598K(8832K)->8598K(8832K) NonClass: 7445K(7552K)->7445K(7552K) Class: 1153K(1280K)->1153K(1280K)
[6.265s][info][gc             ] GC(60) Pause Young (Normal) (G1 Evacuation Pause) 164M->16M(268M) 8.549ms
[6.265s][info][gc,cpu         ] GC(60) User=0.09s Sys=0.00s Real=0.02s
[6.345s][info][gc,start       ] GC(61) Pause Young (Normal) (G1 Evacuation Pause)
[6.345s][info][gc,task        ] GC(61) Using 6 workers of 33 for evacuation
[6.353s][info][gc,phases      ] GC(61)   Pre Evacuate Collection Set: 0.1ms
[6.353s][info][gc,phases      ] GC(61)   Merge Heap Roots: 0.1ms
[6.353s][info][gc,phases      ] GC(61)   Evacuate Collection Set: 7.2ms
[6.353s][info][gc,phases      ] GC(61)   Post Evacuate Collection Set: 0.3ms
[6.353s][info][gc,phases      ] GC(61)   Other: 0.1ms
[6.353s][info][gc,heap        ] GC(61) Eden regions: 149->0(149)
[6.353s][info][gc,heap        ] GC(61) Survivor regions: 11->11(20)
[6.353s][info][gc,heap        ] GC(61) Old regions: 10->10
[6.353s][info][gc,heap        ] GC(61) Archive regions: 0->0
[6.353s][info][gc,heap        ] GC(61) Humongous regions: 0->0
[6.353s][info][gc,metaspace   ] GC(61) Metaspace: 8598K(8832K)->8598K(8832K) NonClass: 7445K(7552K)->7445K(7552K) Class: 1153K(1280K)->1153K(1280K)
[6.353s][info][gc             ] GC(61) Pause Young (Normal) (G1 Evacuation Pause) 165M->17M(268M) 8.225ms
[6.353s][info][gc,cpu         ] GC(61) User=0.00s Sys=0.00s Real=0.00s
[6.429s][info][gc,start       ] GC(62) Pause Young (Normal) (G1 Evacuation Pause)
[6.430s][info][gc,task        ] GC(62) Using 6 workers of 33 for evacuation
[6.438s][info][gc,phases      ] GC(62)   Pre Evacuate Collection Set: 0.1ms
[6.438s][info][gc,phases      ] GC(62)   Merge Heap Roots: 0.1ms
[6.438s][info][gc,phases      ] GC(62)   Evacuate Collection Set: 7.4ms
[6.438s][info][gc,phases      ] GC(62)   Post Evacuate Collection Set: 0.5ms
[6.438s][info][gc,phases      ] GC(62)   Other: 0.1ms
[6.438s][info][gc,heap        ] GC(62) Eden regions: 149->0(155)
[6.438s][info][gc,heap        ] GC(62) Survivor regions: 11->11(20)
[6.438s][info][gc,heap        ] GC(62) Old regions: 10->10
[6.438s][info][gc,heap        ] GC(62) Archive regions: 0->0
[6.438s][info][gc,heap        ] GC(62) Humongous regions: 0->0
[6.438s][info][gc,metaspace   ] GC(62) Metaspace: 8598K(8832K)->8598K(8832K) NonClass: 7445K(7552K)->7445K(7552K) Class: 1153K(1280K)->1153K(1280K)
[6.438s][info][gc             ] GC(62) Pause Young (Normal) (G1 Evacuation Pause) 166M->17M(278M) 8.623ms
[6.438s][info][gc,cpu         ] GC(62) User=0.09s Sys=0.00s Real=0.02s
[6.534s][info][gc,start       ] GC(63) Pause Young (Normal) (G1 Evacuation Pause)
[6.534s][info][gc,task        ] GC(63) Using 6 workers of 33 for evacuation
[6.542s][info][gc,phases      ] GC(63)   Pre Evacuate Collection Set: 0.1ms
[6.543s][info][gc,phases      ] GC(63)   Merge Heap Roots: 0.1ms
[6.543s][info][gc,phases      ] GC(63)   Evacuate Collection Set: 8.0ms
[6.543s][info][gc,phases      ] GC(63)   Post Evacuate Collection Set: 0.3ms
[6.543s][info][gc,phases      ] GC(63)   Other: 0.1ms
[6.543s][info][gc,heap        ] GC(63) Eden regions: 155->0(154)
[6.543s][info][gc,heap        ] GC(63) Survivor regions: 11->12(21)
[6.543s][info][gc,heap        ] GC(63) Old regions: 10->10
[6.543s][info][gc,heap        ] GC(63) Archive regions: 0->0
[6.543s][info][gc,heap        ] GC(63) Humongous regions: 0->0
[6.543s][info][gc,metaspace   ] GC(63) Metaspace: 8598K(8832K)->8598K(8832K) NonClass: 7445K(7552K)->7445K(7552K) Class: 1153K(1280K)->1153K(1280K)
[6.543s][info][gc             ] GC(63) Pause Young (Normal) (G1 Evacuation Pause) 172M->18M(278M) 9.005ms
[6.543s][info][gc,cpu         ] GC(63) User=0.00s Sys=0.00s Real=0.00s
[6.620s][info][gc,start       ] GC(64) Pause Young (Normal) (G1 Evacuation Pause)
[6.620s][info][gc,task        ] GC(64) Using 6 workers of 33 for evacuation
[6.629s][info][gc,phases      ] GC(64)   Pre Evacuate Collection Set: 0.1ms
[6.629s][info][gc,phases      ] GC(64)   Merge Heap Roots: 0.1ms
[6.629s][info][gc,phases      ] GC(64)   Evacuate Collection Set: 8.3ms
[6.629s][info][gc,phases      ] GC(64)   Post Evacuate Collection Set: 0.3ms
[6.629s][info][gc,phases      ] GC(64)   Other: 0.1ms
[6.629s][info][gc,heap        ] GC(64) Eden regions: 154->0(155)
[6.629s][info][gc,heap        ] GC(64) Survivor regions: 12->11(21)
[6.629s][info][gc,heap        ] GC(64) Old regions: 10->11
[6.629s][info][gc,heap        ] GC(64) Archive regions: 0->0
[6.629s][info][gc,heap        ] GC(64) Humongous regions: 0->0
[6.629s][info][gc,metaspace   ] GC(64) Metaspace: 8598K(8832K)->8598K(8832K) NonClass: 7445K(7552K)->7445K(7552K) Class: 1153K(1280K)->1153K(1280K)
[6.629s][info][gc             ] GC(64) Pause Young (Normal) (G1 Evacuation Pause) 172M->18M(278M) 9.372ms
[6.629s][info][gc,cpu         ] GC(64) User=0.08s Sys=0.02s Real=0.02s
[6.708s][info][gc,start       ] GC(65) Pause Young (Normal) (G1 Evacuation Pause)
[6.709s][info][gc,task        ] GC(65) Using 6 workers of 33 for evacuation
[6.717s][info][gc,phases      ] GC(65)   Pre Evacuate Collection Set: 0.1ms
[6.717s][info][gc,phases      ] GC(65)   Merge Heap Roots: 0.1ms
[6.717s][info][gc,phases      ] GC(65)   Evacuate Collection Set: 7.7ms
[6.717s][info][gc,phases      ] GC(65)   Post Evacuate Collection Set: 0.3ms
[6.717s][info][gc,phases      ] GC(65)   Other: 0.1ms
[6.717s][info][gc,heap        ] GC(65) Eden regions: 155->0(154)
[6.717s][info][gc,heap        ] GC(65) Survivor regions: 11->12(21)
[6.717s][info][gc,heap        ] GC(65) Old regions: 11->11
[6.717s][info][gc,heap        ] GC(65) Archive regions: 0->0
[6.717s][info][gc,heap        ] GC(65) Humongous regions: 0->0
[6.717s][info][gc,metaspace   ] GC(65) Metaspace: 8598K(8832K)->8598K(8832K) NonClass: 7445K(7552K)->7445K(7552K) Class: 1153K(1280K)->1153K(1280K)
[6.717s][info][gc             ] GC(65) Pause Young (Normal) (G1 Evacuation Pause) 173M->19M(278M) 8.759ms
[6.717s][info][gc,cpu         ] GC(65) User=0.09s Sys=0.00s Real=0.02s
[6.798s][info][gc,start       ] GC(66) Pause Young (Normal) (G1 Evacuation Pause)
[6.798s][info][gc,task        ] GC(66) Using 6 workers of 33 for evacuation
[6.807s][info][gc,phases      ] GC(66)   Pre Evacuate Collection Set: 0.1ms
[6.807s][info][gc,phases      ] GC(66)   Merge Heap Roots: 0.1ms
[6.807s][info][gc,phases      ] GC(66)   Evacuate Collection Set: 8.9ms
[6.807s][info][gc,phases      ] GC(66)   Post Evacuate Collection Set: 0.5ms
[6.808s][info][gc,phases      ] GC(66)   Other: 0.1ms
[6.808s][info][gc,heap        ] GC(66) Eden regions: 154->0(164)
[6.808s][info][gc,heap        ] GC(66) Survivor regions: 12->8(21)
[6.808s][info][gc,heap        ] GC(66) Old regions: 11->17
[6.808s][info][gc,heap        ] GC(66) Archive regions: 0->0
[6.808s][info][gc,heap        ] GC(66) Humongous regions: 0->0
[6.808s][info][gc,metaspace   ] GC(66) Metaspace: 8598K(8832K)->8598K(8832K) NonClass: 7445K(7552K)->7445K(7552K) Class: 1153K(1280K)->1153K(1280K)
[6.808s][info][gc             ] GC(66) Pause Young (Normal) (G1 Evacuation Pause) 173M->20M(288M) 10.032ms
[6.808s][info][gc,cpu         ] GC(66) User=0.00s Sys=0.00s Real=0.00s
[6.898s][info][gc,start       ] GC(67) Pause Young (Normal) (G1 Evacuation Pause)
[6.898s][info][gc,task        ] GC(67) Using 6 workers of 33 for evacuation
[6.904s][info][gc,phases      ] GC(67)   Pre Evacuate Collection Set: 0.1ms
[6.904s][info][gc,phases      ] GC(67)   Merge Heap Roots: 0.1ms
[6.904s][info][gc,phases      ] GC(67)   Evacuate Collection Set: 5.8ms
[6.904s][info][gc,phases      ] GC(67)   Post Evacuate Collection Set: 0.3ms
[6.904s][info][gc,phases      ] GC(67)   Other: 0.1ms
[6.904s][info][gc,heap        ] GC(67) Eden regions: 164->0(165)
[6.904s][info][gc,heap        ] GC(67) Survivor regions: 8->7(22)
[6.904s][info][gc,heap        ] GC(67) Old regions: 17->17
[6.904s][info][gc,heap        ] GC(67) Archive regions: 0->0
[6.904s][info][gc,heap        ] GC(67) Humongous regions: 0->0
[6.904s][info][gc,metaspace   ] GC(67) Metaspace: 8598K(8832K)->8598K(8832K) NonClass: 7445K(7552K)->7445K(7552K) Class: 1153K(1280K)->1153K(1280K)
[6.904s][info][gc             ] GC(67) Pause Young (Normal) (G1 Evacuation Pause) 184M->20M(288M) 6.767ms
[6.905s][info][gc,cpu         ] GC(67) User=0.06s Sys=0.00s Real=0.01s
[6.986s][info][gc,start       ] GC(68) Pause Young (Normal) (G1 Evacuation Pause)
[6.986s][info][gc,task        ] GC(68) Using 6 workers of 33 for evacuation
[6.992s][info][gc,phases      ] GC(68)   Pre Evacuate Collection Set: 0.1ms
[6.992s][info][gc,phases      ] GC(68)   Merge Heap Roots: 0.1ms
[6.992s][info][gc,phases      ] GC(68)   Evacuate Collection Set: 4.9ms
[6.992s][info][gc,phases      ] GC(68)   Post Evacuate Collection Set: 0.3ms
[6.992s][info][gc,phases      ] GC(68)   Other: 0.1ms
[6.992s][info][gc,heap        ] GC(68) Eden regions: 165->0(164)
[6.992s][info][gc,heap        ] GC(68) Survivor regions: 7->8(22)
[6.992s][info][gc,heap        ] GC(68) Old regions: 17->17
[6.992s][info][gc,heap        ] GC(68) Archive regions: 0->0
[6.992s][info][gc,heap        ] GC(68) Humongous regions: 0->0
[6.992s][info][gc,metaspace   ] GC(68) Metaspace: 8598K(8832K)->8598K(8832K) NonClass: 7445K(7552K)->7445K(7552K) Class: 1153K(1280K)->1153K(1280K)
[6.992s][info][gc             ] GC(68) Pause Young (Normal) (G1 Evacuation Pause) 185M->20M(288M) 5.854ms
[6.992s][info][gc,cpu         ] GC(68) User=0.00s Sys=0.00s Real=0.00s
[7.079s][info][gc,start       ] GC(69) Pause Young (Normal) (G1 Evacuation Pause)
[7.079s][info][gc,task        ] GC(69) Using 6 workers of 33 for evacuation
[7.085s][info][gc,phases      ] GC(69)   Pre Evacuate Collection Set: 0.1ms
[7.085s][info][gc,phases      ] GC(69)   Merge Heap Roots: 0.1ms
[7.085s][info][gc,phases      ] GC(69)   Evacuate Collection Set: 5.3ms
[7.085s][info][gc,phases      ] GC(69)   Post Evacuate Collection Set: 0.3ms
[7.085s][info][gc,phases      ] GC(69)   Other: 0.1ms
[7.085s][info][gc,heap        ] GC(69) Eden regions: 164->0(164)
[7.085s][info][gc,heap        ] GC(69) Survivor regions: 8->8(22)
[7.085s][info][gc,heap        ] GC(69) Old regions: 17->17
[7.085s][info][gc,heap        ] GC(69) Archive regions: 0->0
[7.085s][info][gc,heap        ] GC(69) Humongous regions: 0->0
[7.085s][info][gc,metaspace   ] GC(69) Metaspace: 8598K(8832K)->8598K(8832K) NonClass: 7445K(7552K)->7445K(7552K) Class: 1153K(1280K)->1153K(1280K)
[7.085s][info][gc             ] GC(69) Pause Young (Normal) (G1 Evacuation Pause) 184M->21M(288M) 6.261ms
[7.085s][info][gc,cpu         ] GC(69) User=0.00s Sys=0.00s Real=0.00s
[7.166s][info][gc,start       ] GC(70) Pause Young (Normal) (G1 Evacuation Pause)
[7.166s][info][gc,task        ] GC(70) Using 6 workers of 33 for evacuation
[7.172s][info][gc,phases      ] GC(70)   Pre Evacuate Collection Set: 0.1ms
[7.172s][info][gc,phases      ] GC(70)   Merge Heap Roots: 0.1ms
[7.172s][info][gc,phases      ] GC(70)   Evacuate Collection Set: 5.3ms
[7.172s][info][gc,phases      ] GC(70)   Post Evacuate Collection Set: 0.3ms
[7.172s][info][gc,phases      ] GC(70)   Other: 0.1ms
[7.172s][info][gc,heap        ] GC(70) Eden regions: 164->0(163)
[7.172s][info][gc,heap        ] GC(70) Survivor regions: 8->9(22)
[7.172s][info][gc,heap        ] GC(70) Old regions: 17->17
[7.172s][info][gc,heap        ] GC(70) Archive regions: 0->0
[7.172s][info][gc,heap        ] GC(70) Humongous regions: 0->0
[7.172s][info][gc,metaspace   ] GC(70) Metaspace: 8598K(8832K)->8598K(8832K) NonClass: 7445K(7552K)->7445K(7552K) Class: 1153K(1280K)->1153K(1280K)
[7.172s][info][gc             ] GC(70) Pause Young (Normal) (G1 Evacuation Pause) 185M->21M(288M) 6.318ms
[7.172s][info][gc,cpu         ] GC(70) User=0.09s Sys=0.00s Real=0.02s
[7.289s][info][gc,start       ] GC(71) Pause Young (Normal) (G1 Evacuation Pause)
[7.289s][info][gc,task        ] GC(71) Using 6 workers of 33 for evacuation
[7.306s][info][gc,phases      ] GC(71)   Pre Evacuate Collection Set: 0.1ms
[7.306s][info][gc,phases      ] GC(71)   Merge Heap Roots: 0.1ms
[7.306s][info][gc,phases      ] GC(71)   Evacuate Collection Set: 16.0ms
[7.306s][info][gc,phases      ] GC(71)   Post Evacuate Collection Set: 0.3ms
[7.306s][info][gc,phases      ] GC(71)   Other: 0.1ms
[7.306s][info][gc,heap        ] GC(71) Eden regions: 163->0(153)
[7.306s][info][gc,heap        ] GC(71) Survivor regions: 9->19(22)
[7.306s][info][gc,heap        ] GC(71) Old regions: 17->17
[7.306s][info][gc,heap        ] GC(71) Archive regions: 0->0
[7.306s][info][gc,heap        ] GC(71) Humongous regions: 3->3
[7.306s][info][gc,metaspace   ] GC(71) Metaspace: 8598K(8832K)->8598K(8832K) NonClass: 7445K(7552K)->7445K(7552K) Class: 1153K(1280K)->1153K(1280K)
[7.306s][info][gc             ] GC(71) Pause Young (Normal) (G1 Evacuation Pause) 187M->35M(288M) 17.035ms
[7.306s][info][gc,cpu         ] GC(71) User=0.09s Sys=0.00s Real=0.02s
[7.387s][info][gc,start       ] GC(72) Pause Young (Normal) (G1 Evacuation Pause)
[7.387s][info][gc,task        ] GC(72) Using 6 workers of 33 for evacuation
[7.401s][info][gc,phases      ] GC(72)   Pre Evacuate Collection Set: 0.1ms
[7.401s][info][gc,phases      ] GC(72)   Merge Heap Roots: 0.1ms
[7.401s][info][gc,phases      ] GC(72)   Evacuate Collection Set: 13.7ms
[7.401s][info][gc,phases      ] GC(72)   Post Evacuate Collection Set: 0.3ms
[7.401s][info][gc,phases      ] GC(72)   Other: 0.1ms
[7.401s][info][gc,heap        ] GC(72) Eden regions: 153->0(169)
[7.401s][info][gc,heap        ] GC(72) Survivor regions: 19->3(22)
[7.401s][info][gc,heap        ] GC(72) Old regions: 17->35
[7.401s][info][gc,heap        ] GC(72) Archive regions: 0->0
[7.401s][info][gc,heap        ] GC(72) Humongous regions: 3->3
[7.401s][info][gc,metaspace   ] GC(72) Metaspace: 8598K(8832K)->8598K(8832K) NonClass: 7445K(7552K)->7445K(7552K) Class: 1153K(1280K)->1153K(1280K)
[7.401s][info][gc             ] GC(72) Pause Young (Normal) (G1 Evacuation Pause) 188M->36M(288M) 14.740ms
[7.401s][info][gc,cpu         ] GC(72) User=0.09s Sys=0.00s Real=0.02s
[7.491s][info][gc,start       ] GC(73) Pause Young (Normal) (G1 Evacuation Pause)
[7.491s][info][gc,task        ] GC(73) Using 6 workers of 33 for evacuation
[7.493s][info][gc,phases      ] GC(73)   Pre Evacuate Collection Set: 0.1ms
[7.493s][info][gc,phases      ] GC(73)   Merge Heap Roots: 0.1ms
[7.493s][info][gc,phases      ] GC(73)   Evacuate Collection Set: 1.1ms
[7.493s][info][gc,phases      ] GC(73)   Post Evacuate Collection Set: 0.3ms
[7.493s][info][gc,phases      ] GC(73)   Other: 0.1ms
[7.493s][info][gc,heap        ] GC(73) Eden regions: 169->0(170)
[7.493s][info][gc,heap        ] GC(73) Survivor regions: 3->2(22)
[7.493s][info][gc,heap        ] GC(73) Old regions: 35->35
[7.493s][info][gc,heap        ] GC(73) Archive regions: 0->0
[7.493s][info][gc,heap        ] GC(73) Humongous regions: 3->3
[7.493s][info][gc,metaspace   ] GC(73) Metaspace: 8598K(8832K)->8598K(8832K) NonClass: 7445K(7552K)->7445K(7552K) Class: 1153K(1280K)->1153K(1280K)
[7.493s][info][gc             ] GC(73) Pause Young (Normal) (G1 Evacuation Pause) 205M->36M(288M) 2.148ms
[7.493s][info][gc,cpu         ] GC(73) User=0.00s Sys=0.00s Real=0.00s
[7.583s][info][gc,start       ] GC(74) Pause Young (Normal) (G1 Evacuation Pause)
[7.583s][info][gc,task        ] GC(74) Using 6 workers of 33 for evacuation
[7.585s][info][gc,phases      ] GC(74)   Pre Evacuate Collection Set: 0.1ms
[7.585s][info][gc,phases      ] GC(74)   Merge Heap Roots: 0.1ms
[7.585s][info][gc,phases      ] GC(74)   Evacuate Collection Set: 1.7ms
[7.585s][info][gc,phases      ] GC(74)   Post Evacuate Collection Set: 0.3ms
[7.585s][info][gc,phases      ] GC(74)   Other: 0.1ms
[7.585s][info][gc,heap        ] GC(74) Eden regions: 170->0(169)
[7.586s][info][gc,heap        ] GC(74) Survivor regions: 2->3(22)
[7.586s][info][gc,heap        ] GC(74) Old regions: 35->35
[7.586s][info][gc,heap        ] GC(74) Archive regions: 0->0
[7.586s][info][gc,heap        ] GC(74) Humongous regions: 3->3
[7.586s][info][gc,metaspace   ] GC(74) Metaspace: 8598K(8832K)->8598K(8832K) NonClass: 7445K(7552K)->7445K(7552K) Class: 1153K(1280K)->1153K(1280K)
[7.586s][info][gc             ] GC(74) Pause Young (Normal) (G1 Evacuation Pause) 206M->36M(288M) 2.674ms
[7.586s][info][gc,cpu         ] GC(74) User=0.00s Sys=0.00s Real=0.00s
[7.670s][info][gc,start       ] GC(75) Pause Young (Normal) (G1 Evacuation Pause)
[7.670s][info][gc,task        ] GC(75) Using 6 workers of 33 for evacuation
[7.673s][info][gc,phases      ] GC(75)   Pre Evacuate Collection Set: 0.1ms
[7.673s][info][gc,phases      ] GC(75)   Merge Heap Roots: 0.1ms
[7.673s][info][gc,phases      ] GC(75)   Evacuate Collection Set: 2.6ms
[7.673s][info][gc,phases      ] GC(75)   Post Evacuate Collection Set: 0.3ms
[7.673s][info][gc,phases      ] GC(75)   Other: 0.1ms
[7.673s][info][gc,heap        ] GC(75) Eden regions: 169->0(169)
[7.673s][info][gc,heap        ] GC(75) Survivor regions: 3->3(22)
[7.673s][info][gc,heap        ] GC(75) Old regions: 35->35
[7.673s][info][gc,heap        ] GC(75) Archive regions: 0->0
[7.673s][info][gc,heap        ] GC(75) Humongous regions: 3->3
[7.673s][info][gc,metaspace   ] GC(75) Metaspace: 8598K(8832K)->8598K(8832K) NonClass: 7445K(7552K)->7445K(7552K) Class: 1153K(1280K)->1153K(1280K)
[7.673s][info][gc             ] GC(75) Pause Young (Normal) (G1 Evacuation Pause) 205M->37M(288M) 3.661ms
[7.673s][info][gc,cpu         ] GC(75) User=0.02s Sys=0.00s Real=0.00s
[7.763s][info][gc,start       ] GC(76) Pause Young (Normal) (G1 Evacuation Pause)
[7.763s][info][gc,task        ] GC(76) Using 6 workers of 33 for evacuation
[7.766s][info][gc,phases      ] GC(76)   Pre Evacuate Collection Set: 0.1ms
[7.766s][info][gc,phases      ] GC(76)   Merge Heap Roots: 0.1ms
[7.766s][info][gc,phases      ] GC(76)   Evacuate Collection Set: 2.3ms
[7.766s][info][gc,phases      ] GC(76)   Post Evacuate Collection Set: 0.3ms
[7.766s][info][gc,phases      ] GC(76)   Other: 0.1ms
[7.766s][info][gc,heap        ] GC(76) Eden regions: 169->0(168)
[7.766s][info][gc,heap        ] GC(76) Survivor regions: 3->4(22)
[7.766s][info][gc,heap        ] GC(76) Old regions: 35->35
[7.766s][info][gc,heap        ] GC(76) Archive regions: 0->0
[7.766s][info][gc,heap        ] GC(76) Humongous regions: 3->3
[7.766s][info][gc,metaspace   ] GC(76) Metaspace: 8598K(8832K)->8598K(8832K) NonClass: 7445K(7552K)->7445K(7552K) Class: 1153K(1280K)->1153K(1280K)
[7.766s][info][gc             ] GC(76) Pause Young (Normal) (G1 Evacuation Pause) 206M->37M(288M) 3.337ms
[7.766s][info][gc,cpu         ] GC(76) User=0.00s Sys=0.00s Real=0.00s
[7.849s][info][gc,start       ] GC(77) Pause Young (Normal) (G1 Evacuation Pause)
[7.849s][info][gc,task        ] GC(77) Using 6 workers of 33 for evacuation
[7.852s][info][gc,phases      ] GC(77)   Pre Evacuate Collection Set: 0.1ms
[7.852s][info][gc,phases      ] GC(77)   Merge Heap Roots: 0.1ms
[7.852s][info][gc,phases      ] GC(77)   Evacuate Collection Set: 2.6ms
[7.852s][info][gc,phases      ] GC(77)   Post Evacuate Collection Set: 0.3ms
[7.852s][info][gc,phases      ] GC(77)   Other: 0.1ms
[7.852s][info][gc,heap        ] GC(77) Eden regions: 168->0(168)
[7.852s][info][gc,heap        ] GC(77) Survivor regions: 4->4(22)
[7.852s][info][gc,heap        ] GC(77) Old regions: 35->35
[7.852s][info][gc,heap        ] GC(77) Archive regions: 0->0
[7.852s][info][gc,heap        ] GC(77) Humongous regions: 3->3
[7.852s][info][gc,metaspace   ] GC(77) Metaspace: 8598K(8832K)->8598K(8832K) NonClass: 7445K(7552K)->7445K(7552K) Class: 1153K(1280K)->1153K(1280K)
[7.852s][info][gc             ] GC(77) Pause Young (Normal) (G1 Evacuation Pause) 205M->37M(288M) 3.604ms
[7.852s][info][gc,cpu         ] GC(77) User=0.09s Sys=0.00s Real=0.02s
[7.935s][info][gc,start       ] GC(78) Pause Young (Normal) (G1 Evacuation Pause)
[7.935s][info][gc,task        ] GC(78) Using 6 workers of 33 for evacuation
[7.939s][info][gc,phases      ] GC(78)   Pre Evacuate Collection Set: 0.1ms
[7.939s][info][gc,phases      ] GC(78)   Merge Heap Roots: 0.1ms
[7.939s][info][gc,phases      ] GC(78)   Evacuate Collection Set: 2.9ms
[7.939s][info][gc,phases      ] GC(78)   Post Evacuate Collection Set: 0.3ms
[7.939s][info][gc,phases      ] GC(78)   Other: 0.1ms
[7.939s][info][gc,heap        ] GC(78) Eden regions: 168->0(167)
[7.939s][info][gc,heap        ] GC(78) Survivor regions: 4->5(22)
[7.939s][info][gc,heap        ] GC(78) Old regions: 35->35
[7.939s][info][gc,heap        ] GC(78) Archive regions: 0->0
[7.939s][info][gc,heap        ] GC(78) Humongous regions: 3->3
[7.939s][info][gc,metaspace   ] GC(78) Metaspace: 8598K(8832K)->8598K(8832K) NonClass: 7445K(7552K)->7445K(7552K) Class: 1153K(1280K)->1153K(1280K)
[7.939s][info][gc             ] GC(78) Pause Young (Normal) (G1 Evacuation Pause) 205M->38M(288M) 3.928ms
[7.939s][info][gc,cpu         ] GC(78) User=0.00s Sys=0.00s Real=0.00s
[8.035s][info][gc,start       ] GC(79) Pause Young (Normal) (G1 Evacuation Pause)
[8.035s][info][gc,task        ] GC(79) Using 6 workers of 33 for evacuation
[8.042s][info][gc,phases      ] GC(79)   Pre Evacuate Collection Set: 0.1ms
[8.042s][info][gc,phases      ] GC(79)   Merge Heap Roots: 0.1ms
[8.042s][info][gc,phases      ] GC(79)   Evacuate Collection Set: 6.9ms
[8.042s][info][gc,phases      ] GC(79)   Post Evacuate Collection Set: 0.3ms
[8.042s][info][gc,phases      ] GC(79)   Other: 0.1ms
[8.043s][info][gc,heap        ] GC(79) Eden regions: 167->0(162)
[8.043s][info][gc,heap        ] GC(79) Survivor regions: 5->10(22)
[8.043s][info][gc,heap        ] GC(79) Old regions: 35->35
[8.043s][info][gc,heap        ] GC(79) Archive regions: 0->0
[8.043s][info][gc,heap        ] GC(79) Humongous regions: 3->3
[8.043s][info][gc,metaspace   ] GC(79) Metaspace: 8598K(8832K)->8598K(8832K) NonClass: 7445K(7552K)->7445K(7552K) Class: 1153K(1280K)->1153K(1280K)
[8.043s][info][gc             ] GC(79) Pause Young (Normal) (G1 Evacuation Pause) 205M->43M(288M) 8.044ms
[8.043s][info][gc,cpu         ] GC(79) User=0.00s Sys=0.00s Real=0.00s
[8.125s][info][gc,start       ] GC(80) Pause Young (Normal) (G1 Evacuation Pause)
[8.125s][info][gc,task        ] GC(80) Using 6 workers of 33 for evacuation
[8.132s][info][gc,phases      ] GC(80)   Pre Evacuate Collection Set: 0.1ms
[8.132s][info][gc,phases      ] GC(80)   Merge Heap Roots: 0.1ms
[8.132s][info][gc,phases      ] GC(80)   Evacuate Collection Set: 6.3ms
[8.132s][info][gc,phases      ] GC(80)   Post Evacuate Collection Set: 0.3ms
[8.132s][info][gc,phases      ] GC(80)   Other: 0.1ms
[8.132s][info][gc,heap        ] GC(80) Eden regions: 162->0(161)
[8.132s][info][gc,heap        ] GC(80) Survivor regions: 10->11(22)
[8.132s][info][gc,heap        ] GC(80) Old regions: 35->35
[8.132s][info][gc,heap        ] GC(80) Archive regions: 0->0
[8.132s][info][gc,heap        ] GC(80) Humongous regions: 3->3
[8.132s][info][gc,metaspace   ] GC(80) Metaspace: 8598K(8832K)->8598K(8832K) NonClass: 7445K(7552K)->7445K(7552K) Class: 1153K(1280K)->1153K(1280K)
[8.132s][info][gc             ] GC(80) Pause Young (Normal) (G1 Evacuation Pause) 205M->44M(288M) 7.398ms
[8.133s][info][gc,cpu         ] GC(80) User=0.09s Sys=0.00s Real=0.02s
[8.214s][info][gc,start       ] GC(81) Pause Young (Normal) (G1 Evacuation Pause)
[8.214s][info][gc,task        ] GC(81) Using 6 workers of 33 for evacuation
[8.221s][info][gc,phases      ] GC(81)   Pre Evacuate Collection Set: 0.1ms
[8.221s][info][gc,phases      ] GC(81)   Merge Heap Roots: 0.1ms
[8.221s][info][gc,phases      ] GC(81)   Evacuate Collection Set: 6.5ms
[8.221s][info][gc,phases      ] GC(81)   Post Evacuate Collection Set: 0.3ms
[8.222s][info][gc,phases      ] GC(81)   Other: 0.1ms
[8.222s][info][gc,heap        ] GC(81) Eden regions: 161->0(161)
[8.222s][info][gc,heap        ] GC(81) Survivor regions: 11->11(22)
[8.222s][info][gc,heap        ] GC(81) Old regions: 35->35
[8.222s][info][gc,heap        ] GC(81) Archive regions: 0->0
[8.222s][info][gc,heap        ] GC(81) Humongous regions: 3->3
[8.222s][info][gc,metaspace   ] GC(81) Metaspace: 8598K(8832K)->8598K(8832K) NonClass: 7445K(7552K)->7445K(7552K) Class: 1153K(1280K)->1153K(1280K)
[8.222s][info][gc             ] GC(81) Pause Young (Normal) (G1 Evacuation Pause) 205M->44M(288M) 7.491ms
[8.222s][info][gc,cpu         ] GC(81) User=0.00s Sys=0.00s Real=0.00s
[8.308s][info][gc,start       ] GC(82) Pause Young (Normal) (G1 Evacuation Pause)
[8.308s][info][gc,task        ] GC(82) Using 6 workers of 33 for evacuation
[8.316s][info][gc,phases      ] GC(82)   Pre Evacuate Collection Set: 0.1ms
[8.316s][info][gc,phases      ] GC(82)   Merge Heap Roots: 0.1ms
[8.316s][info][gc,phases      ] GC(82)   Evacuate Collection Set: 7.3ms
[8.316s][info][gc,phases      ] GC(82)   Post Evacuate Collection Set: 0.3ms
[8.316s][info][gc,phases      ] GC(82)   Other: 0.1ms
[8.316s][info][gc,heap        ] GC(82) Eden regions: 161->0(160)
[8.316s][info][gc,heap        ] GC(82) Survivor regions: 11->12(22)
[8.316s][info][gc,heap        ] GC(82) Old regions: 35->35
[8.316s][info][gc,heap        ] GC(82) Archive regions: 0->0
[8.316s][info][gc,heap        ] GC(82) Humongous regions: 3->3
[8.316s][info][gc,metaspace   ] GC(82) Metaspace: 8598K(8832K)->8598K(8832K) NonClass: 7445K(7552K)->7445K(7552K) Class: 1153K(1280K)->1153K(1280K)
[8.316s][info][gc             ] GC(82) Pause Young (Normal) (G1 Evacuation Pause) 205M->46M(288M) 8.288ms
[8.316s][info][gc,cpu         ] GC(82) User=0.00s Sys=0.02s Real=0.02s
[8.398s][info][gc,start       ] GC(83) Pause Young (Normal) (G1 Evacuation Pause)
[8.398s][info][gc,task        ] GC(83) Using 6 workers of 33 for evacuation
[8.406s][info][gc,phases      ] GC(83)   Pre Evacuate Collection Set: 0.1ms
[8.406s][info][gc,phases      ] GC(83)   Merge Heap Roots: 0.1ms
[8.406s][info][gc,phases      ] GC(83)   Evacuate Collection Set: 7.3ms
[8.406s][info][gc,phases      ] GC(83)   Post Evacuate Collection Set: 0.3ms
[8.406s][info][gc,phases      ] GC(83)   Other: 0.1ms
[8.406s][info][gc,heap        ] GC(83) Eden regions: 160->0(160)
[8.406s][info][gc,heap        ] GC(83) Survivor regions: 12->12(22)
[8.406s][info][gc,heap        ] GC(83) Old regions: 35->35
[8.406s][info][gc,heap        ] GC(83) Archive regions: 0->0
[8.406s][info][gc,heap        ] GC(83) Humongous regions: 3->3
[8.406s][info][gc,metaspace   ] GC(83) Metaspace: 8598K(8832K)->8598K(8832K) NonClass: 7445K(7552K)->7445K(7552K) Class: 1153K(1280K)->1153K(1280K)
[8.406s][info][gc             ] GC(83) Pause Young (Normal) (G1 Evacuation Pause) 206M->46M(288M) 8.278ms
[8.406s][info][gc,cpu         ] GC(83) User=0.00s Sys=0.00s Real=0.00s
[8.492s][info][gc,start       ] GC(84) Pause Young (Normal) (G1 Evacuation Pause)
[8.492s][info][gc,task        ] GC(84) Using 6 workers of 33 for evacuation
[8.501s][info][gc,phases      ] GC(84)   Pre Evacuate Collection Set: 0.1ms
[8.501s][info][gc,phases      ] GC(84)   Merge Heap Roots: 0.1ms
[8.501s][info][gc,phases      ] GC(84)   Evacuate Collection Set: 7.9ms
[8.501s][info][gc,phases      ] GC(84)   Post Evacuate Collection Set: 0.3ms
[8.501s][info][gc,phases      ] GC(84)   Other: 0.1ms
[8.501s][info][gc,heap        ] GC(84) Eden regions: 160->0(159)
[8.501s][info][gc,heap        ] GC(84) Survivor regions: 12->13(22)
[8.501s][info][gc,heap        ] GC(84) Old regions: 35->35
[8.501s][info][gc,heap        ] GC(84) Archive regions: 0->0
[8.501s][info][gc,heap        ] GC(84) Humongous regions: 3->3
[8.501s][info][gc,metaspace   ] GC(84) Metaspace: 8598K(8832K)->8598K(8832K) NonClass: 7445K(7552K)->7445K(7552K) Class: 1153K(1280K)->1153K(1280K)
[8.501s][info][gc             ] GC(84) Pause Young (Normal) (G1 Evacuation Pause) 206M->46M(288M) 8.888ms
[8.501s][info][gc,cpu         ] GC(84) User=0.00s Sys=0.00s Real=0.00s
[8.592s][info][gc,start       ] GC(85) Pause Young (Normal) (G1 Evacuation Pause)
[8.592s][info][gc,task        ] GC(85) Using 6 workers of 33 for evacuation
[8.601s][info][gc,phases      ] GC(85)   Pre Evacuate Collection Set: 0.1ms
[8.601s][info][gc,phases      ] GC(85)   Merge Heap Roots: 0.1ms
[8.601s][info][gc,phases      ] GC(85)   Evacuate Collection Set: 8.1ms
[8.601s][info][gc,phases      ] GC(85)   Post Evacuate Collection Set: 0.5ms
[8.601s][info][gc,phases      ] GC(85)   Other: 0.1ms
[8.601s][info][gc,heap        ] GC(85) Eden regions: 159->0(166)
[8.601s][info][gc,heap        ] GC(85) Survivor regions: 13->12(22)
[8.601s][info][gc,heap        ] GC(85) Old regions: 35->37
[8.601s][info][gc,heap        ] GC(85) Archive regions: 0->0
[8.601s][info][gc,heap        ] GC(85) Humongous regions: 3->3
[8.601s][info][gc,metaspace   ] GC(85) Metaspace: 8598K(8832K)->8598K(8832K) NonClass: 7445K(7552K)->7445K(7552K) Class: 1153K(1280K)->1153K(1280K)
[8.601s][info][gc             ] GC(85) Pause Young (Normal) (G1 Evacuation Pause) 205M->47M(297M) 9.294ms
[8.601s][info][gc,cpu         ] GC(85) User=0.09s Sys=0.00s Real=0.02s
[8.770s][info][gc,start       ] GC(86) Pause Young (Normal) (G1 Evacuation Pause)
[8.770s][info][gc,task        ] GC(86) Using 7 workers of 33 for evacuation
[8.793s][info][gc,phases      ] GC(86)   Pre Evacuate Collection Set: 0.1ms
[8.793s][info][gc,phases      ] GC(86)   Merge Heap Roots: 0.2ms
[8.793s][info][gc,phases      ] GC(86)   Evacuate Collection Set: 21.9ms
[8.793s][info][gc,phases      ] GC(86)   Post Evacuate Collection Set: 0.3ms
[8.793s][info][gc,phases      ] GC(86)   Other: 0.1ms
[8.793s][info][gc,heap        ] GC(86) Eden regions: 166->0(155)
[8.793s][info][gc,heap        ] GC(86) Survivor regions: 12->23(23)
[8.793s][info][gc,heap        ] GC(86) Old regions: 37->47
[8.793s][info][gc,heap        ] GC(86) Archive regions: 0->0
[8.793s][info][gc,heap        ] GC(86) Humongous regions: 10->10
[8.793s][info][gc,metaspace   ] GC(86) Metaspace: 8598K(8832K)->8598K(8832K) NonClass: 7445K(7552K)->7445K(7552K) Class: 1153K(1280K)->1153K(1280K)
[8.793s][info][gc             ] GC(86) Pause Young (Normal) (G1 Evacuation Pause) 220M->75M(297M) 23.180ms
[8.793s][info][gc,cpu         ] GC(86) User=0.11s Sys=0.00s Real=0.01s
[9.102s][info][gc,start       ] GC(87) Pause Full (System.gc())
[9.102s][info][gc,task        ] GC(87) Using 7 workers of 33 for full compaction
[9.102s][info][gc,phases,start] GC(87) Phase 1: Mark live objects
[9.107s][info][gc,phases      ] GC(87) Phase 1: Mark live objects 4.627ms
[9.107s][info][gc,phases,start] GC(87) Phase 2: Prepare compaction
[9.108s][info][gc,phases      ] GC(87) Phase 2: Prepare compaction 1.102ms
[9.108s][info][gc,phases,start] GC(87) Phase 3: Adjust pointers
[9.111s][info][gc,phases      ] GC(87) Phase 3: Adjust pointers 2.589ms
[9.111s][info][gc,phases,start] GC(87) Phase 4: Compact heap
[9.111s][info][gc,phases      ] GC(87) Phase 4: Compact heap 0.765ms
[9.114s][info][gc,heap        ] GC(87) Eden regions: 70->0(7)
[9.114s][info][gc,heap        ] GC(87) Survivor regions: 23->0(23)
[9.114s][info][gc,heap        ] GC(87) Old regions: 47->7
[9.114s][info][gc,heap        ] GC(87) Archive regions: 0->0
[9.114s][info][gc,heap        ] GC(87) Humongous regions: 22->0
[9.114s][info][gc,metaspace   ] GC(87) Metaspace: 8598K(8832K)->8598K(8832K) NonClass: 7445K(7552K)->7445K(7552K) Class: 1153K(1280K)->1153K(1280K)
[9.114s][info][gc             ] GC(87) Pause Full (System.gc()) 157M->3M(24M) 12.735ms
[9.114s][info][gc,cpu         ] GC(87) User=0.08s Sys=0.00s Real=0.02s
[9.120s][info][gc,start       ] GC(88) Pause Young (Normal) (G1 Evacuation Pause)
[9.120s][info][gc,task        ] GC(88) Using 4 workers of 33 for evacuation
[9.120s][info][gc,phases      ] GC(88)   Pre Evacuate Collection Set: 0.0ms
[9.120s][info][gc,phases      ] GC(88)   Merge Heap Roots: 0.0ms
[9.120s][info][gc,phases      ] GC(88)   Evacuate Collection Set: 0.3ms
[9.121s][info][gc,phases      ] GC(88)   Post Evacuate Collection Set: 0.2ms
[9.121s][info][gc,phases      ] GC(88)   Other: 0.1ms
[9.121s][info][gc,heap        ] GC(88) Eden regions: 7->0(7)
[9.121s][info][gc,heap        ] GC(88) Survivor regions: 0->1(1)
[9.121s][info][gc,heap        ] GC(88) Old regions: 7->8
[9.121s][info][gc,heap        ] GC(88) Archive regions: 0->0
[9.121s][info][gc,heap        ] GC(88) Humongous regions: 0->0
[9.121s][info][gc,metaspace   ] GC(88) Metaspace: 8598K(8832K)->8598K(8832K) NonClass: 7445K(7552K)->7445K(7552K) Class: 1153K(1280K)->1153K(1280K)
[9.121s][info][gc             ] GC(88) Pause Young (Normal) (G1 Evacuation Pause) 10M->5M(24M) 1.138ms
[9.121s][info][gc,cpu         ] GC(88) User=0.06s Sys=0.00s Real=0.02s
[9.126s][info][gc,start       ] GC(89) Pause Young (Normal) (G1 Evacuation Pause)
[9.126s][info][gc,task        ] GC(89) Using 3 workers of 33 for evacuation
[9.127s][info][gc,phases      ] GC(89)   Pre Evacuate Collection Set: 0.0ms
[9.127s][info][gc,phases      ] GC(89)   Merge Heap Roots: 0.0ms
[9.127s][info][gc,phases      ] GC(89)   Evacuate Collection Set: 0.4ms
[9.127s][info][gc,phases      ] GC(89)   Post Evacuate Collection Set: 0.2ms
[9.127s][info][gc,phases      ] GC(89)   Other: 0.1ms
[9.127s][info][gc,heap        ] GC(89) Eden regions: 7->0(8)
[9.127s][info][gc,heap        ] GC(89) Survivor regions: 1->1(1)
[9.127s][info][gc,heap        ] GC(89) Old regions: 8->8
[9.127s][info][gc,heap        ] GC(89) Archive regions: 0->0
[9.127s][info][gc,heap        ] GC(89) Humongous regions: 0->0
[9.127s][info][gc,metaspace   ] GC(89) Metaspace: 8598K(8832K)->8598K(8832K) NonClass: 7445K(7552K)->7445K(7552K) Class: 1153K(1280K)->1153K(1280K)
[9.127s][info][gc             ] GC(89) Pause Young (Normal) (G1 Evacuation Pause) 12M->5M(24M) 1.142ms
[9.127s][info][gc,cpu         ] GC(89) User=0.00s Sys=0.00s Real=0.00s
[9.133s][info][gc,start       ] GC(90) Pause Young (Normal) (G1 Evacuation Pause)
[9.133s][info][gc,task        ] GC(90) Using 2 workers of 33 for evacuation
[9.135s][info][gc,phases      ] GC(90)   Pre Evacuate Collection Set: 0.0ms
[9.135s][info][gc,phases      ] GC(90)   Merge Heap Roots: 0.0ms
[9.135s][info][gc,phases      ] GC(90)   Evacuate Collection Set: 0.8ms
[9.135s][info][gc,phases      ] GC(90)   Post Evacuate Collection Set: 1.2ms
[9.135s][info][gc,phases      ] GC(90)   Other: 0.1ms
[9.135s][info][gc,heap        ] GC(90) Eden regions: 8->0(159)
[9.135s][info][gc,heap        ] GC(90) Survivor regions: 1->1(2)
[9.135s][info][gc,heap        ] GC(90) Old regions: 8->8
[9.135s][info][gc,heap        ] GC(90) Archive regions: 0->0
[9.135s][info][gc,heap        ] GC(90) Humongous regions: 0->0
[9.135s][info][gc,metaspace   ] GC(90) Metaspace: 8598K(8832K)->8598K(8832K) NonClass: 7445K(7552K)->7445K(7552K) Class: 1153K(1280K)->1153K(1280K)
[9.135s][info][gc             ] GC(90) Pause Young (Normal) (G1 Evacuation Pause) 13M->4M(268M) 2.542ms
[9.135s][info][gc,cpu         ] GC(90) User=0.00s Sys=0.00s Real=0.00s
[9.220s][info][gc,start       ] GC(91) Pause Young (Normal) (G1 Evacuation Pause)
[9.220s][info][gc,task        ] GC(91) Using 6 workers of 33 for evacuation
[9.221s][info][gc,phases      ] GC(91)   Pre Evacuate Collection Set: 0.1ms
[9.221s][info][gc,phases      ] GC(91)   Merge Heap Roots: 0.1ms
[9.221s][info][gc,phases      ] GC(91)   Evacuate Collection Set: 0.9ms
[9.221s][info][gc,phases      ] GC(91)   Post Evacuate Collection Set: 0.3ms
[9.221s][info][gc,phases      ] GC(91)   Other: 0.1ms
[9.221s][info][gc,heap        ] GC(91) Eden regions: 159->0(159)
[9.221s][info][gc,heap        ] GC(91) Survivor regions: 1->1(20)
[9.222s][info][gc,heap        ] GC(91) Old regions: 8->8
[9.222s][info][gc,heap        ] GC(91) Archive regions: 0->0
[9.222s][info][gc,heap        ] GC(91) Humongous regions: 0->0
[9.222s][info][gc,metaspace   ] GC(91) Metaspace: 8598K(8832K)->8598K(8832K) NonClass: 7445K(7552K)->7445K(7552K) Class: 1153K(1280K)->1153K(1280K)
[9.222s][info][gc             ] GC(91) Pause Young (Normal) (G1 Evacuation Pause) 163M->4M(268M) 1.836ms
[9.222s][info][gc,cpu         ] GC(91) User=0.00s Sys=0.00s Real=0.00s
[9.304s][info][gc,start       ] GC(92) Pause Young (Normal) (G1 Evacuation Pause)
[9.304s][info][gc,task        ] GC(92) Using 6 workers of 33 for evacuation
[9.305s][info][gc,phases      ] GC(92)   Pre Evacuate Collection Set: 0.1ms
[9.305s][info][gc,phases      ] GC(92)   Merge Heap Roots: 0.1ms
[9.305s][info][gc,phases      ] GC(92)   Evacuate Collection Set: 1.2ms
[9.305s][info][gc,phases      ] GC(92)   Post Evacuate Collection Set: 0.3ms
[9.305s][info][gc,phases      ] GC(92)   Other: 0.1ms
[9.306s][info][gc,heap        ] GC(92) Eden regions: 159->0(158)
[9.306s][info][gc,heap        ] GC(92) Survivor regions: 1->2(20)
[9.306s][info][gc,heap        ] GC(92) Old regions: 8->8
[9.306s][info][gc,heap        ] GC(92) Archive regions: 0->0
[9.306s][info][gc,heap        ] GC(92) Humongous regions: 0->0
[9.306s][info][gc,metaspace   ] GC(92) Metaspace: 8598K(8832K)->8598K(8832K) NonClass: 7445K(7552K)->7445K(7552K) Class: 1153K(1280K)->1153K(1280K)
[9.306s][info][gc             ] GC(92) Pause Young (Normal) (G1 Evacuation Pause) 163M->5M(268M) 2.163ms
[9.306s][info][gc,cpu         ] GC(92) User=0.00s Sys=0.00s Real=0.00s
[9.390s][info][gc,start       ] GC(93) Pause Young (Normal) (G1 Evacuation Pause)
[9.390s][info][gc,task        ] GC(93) Using 6 workers of 33 for evacuation
[9.392s][info][gc,phases      ] GC(93)   Pre Evacuate Collection Set: 0.1ms
[9.392s][info][gc,phases      ] GC(93)   Merge Heap Roots: 0.1ms
[9.392s][info][gc,phases      ] GC(93)   Evacuate Collection Set: 1.7ms
[9.392s][info][gc,phases      ] GC(93)   Post Evacuate Collection Set: 0.3ms
[9.392s][info][gc,phases      ] GC(93)   Other: 0.1ms
[9.392s][info][gc,heap        ] GC(93) Eden regions: 158->0(158)
[9.392s][info][gc,heap        ] GC(93) Survivor regions: 2->2(20)
[9.392s][info][gc,heap        ] GC(93) Old regions: 8->8
[9.393s][info][gc,heap        ] GC(93) Archive regions: 0->0
[9.393s][info][gc,heap        ] GC(93) Humongous regions: 0->0
[9.393s][info][gc,metaspace   ] GC(93) Metaspace: 8598K(8832K)->8598K(8832K) NonClass: 7445K(7552K)->7445K(7552K) Class: 1153K(1280K)->1153K(1280K)
[9.393s][info][gc             ] GC(93) Pause Young (Normal) (G1 Evacuation Pause) 163M->6M(268M) 2.630ms
[9.393s][info][gc,cpu         ] GC(93) User=0.00s Sys=0.00s Real=0.00s
[9.470s][info][gc,start       ] GC(94) Pause Young (Normal) (G1 Evacuation Pause)
[9.470s][info][gc,task        ] GC(94) Using 6 workers of 33 for evacuation
[9.473s][info][gc,phases      ] GC(94)   Pre Evacuate Collection Set: 0.1ms
[9.473s][info][gc,phases      ] GC(94)   Merge Heap Roots: 0.1ms
[9.473s][info][gc,phases      ] GC(94)   Evacuate Collection Set: 1.9ms
[9.473s][info][gc,phases      ] GC(94)   Post Evacuate Collection Set: 0.3ms
[9.473s][info][gc,phases      ] GC(94)   Other: 0.1ms
[9.473s][info][gc,heap        ] GC(94) Eden regions: 158->0(157)
[9.473s][info][gc,heap        ] GC(94) Survivor regions: 2->3(20)
[9.473s][info][gc,heap        ] GC(94) Old regions: 8->8
[9.473s][info][gc,heap        ] GC(94) Archive regions: 0->0
[9.473s][info][gc,heap        ] GC(94) Humongous regions: 0->0
[9.473s][info][gc,metaspace   ] GC(94) Metaspace: 8598K(8832K)->8598K(8832K) NonClass: 7445K(7552K)->7445K(7552K) Class: 1153K(1280K)->1153K(1280K)
[9.473s][info][gc             ] GC(94) Pause Young (Normal) (G1 Evacuation Pause) 164M->6M(268M) 2.872ms
[9.473s][info][gc,cpu         ] GC(94) User=0.00s Sys=0.00s Real=0.00s
[9.551s][info][gc,start       ] GC(95) Pause Young (Normal) (G1 Evacuation Pause)
[9.551s][info][gc,task        ] GC(95) Using 6 workers of 33 for evacuation
[9.554s][info][gc,phases      ] GC(95)   Pre Evacuate Collection Set: 0.1ms
[9.554s][info][gc,phases      ] GC(95)   Merge Heap Roots: 0.1ms
[9.554s][info][gc,phases      ] GC(95)   Evacuate Collection Set: 2.3ms
[9.554s][info][gc,phases      ] GC(95)   Post Evacuate Collection Set: 0.3ms
[9.554s][info][gc,phases      ] GC(95)   Other: 0.1ms
[9.554s][info][gc,heap        ] GC(95) Eden regions: 157->0(156)
[9.554s][info][gc,heap        ] GC(95) Survivor regions: 3->4(20)
[9.554s][info][gc,heap        ] GC(95) Old regions: 8->8
[9.554s][info][gc,heap        ] GC(95) Archive regions: 0->0
[9.554s][info][gc,heap        ] GC(95) Humongous regions: 0->0
[9.554s][info][gc,metaspace   ] GC(95) Metaspace: 8598K(8832K)->8598K(8832K) NonClass: 7445K(7552K)->7445K(7552K) Class: 1153K(1280K)->1153K(1280K)
[9.554s][info][gc             ] GC(95) Pause Young (Normal) (G1 Evacuation Pause) 163M->7M(268M) 3.264ms
[9.554s][info][gc,cpu         ] GC(95) User=0.00s Sys=0.00s Real=0.00s
[9.652s][info][gc,start       ] GC(96) Pause Young (Normal) (G1 Evacuation Pause)
[9.652s][info][gc,task        ] GC(96) Using 6 workers of 33 for evacuation
[9.655s][info][gc,phases      ] GC(96)   Pre Evacuate Collection Set: 0.1ms
[9.655s][info][gc,phases      ] GC(96)   Merge Heap Roots: 0.1ms
[9.655s][info][gc,phases      ] GC(96)   Evacuate Collection Set: 2.5ms
[9.655s][info][gc,phases      ] GC(96)   Post Evacuate Collection Set: 0.3ms
[9.655s][info][gc,phases      ] GC(96)   Other: 0.1ms
[9.655s][info][gc,heap        ] GC(96) Eden regions: 156->0(156)
[9.655s][info][gc,heap        ] GC(96) Survivor regions: 4->4(20)
[9.655s][info][gc,heap        ] GC(96) Old regions: 8->8
[9.655s][info][gc,heap        ] GC(96) Archive regions: 0->0
[9.655s][info][gc,heap        ] GC(96) Humongous regions: 0->0
[9.655s][info][gc,metaspace   ] GC(96) Metaspace: 8598K(8832K)->8598K(8832K) NonClass: 7445K(7552K)->7445K(7552K) Class: 1153K(1280K)->1153K(1280K)
[9.655s][info][gc             ] GC(96) Pause Young (Normal) (G1 Evacuation Pause) 163M->7M(268M) 3.518ms
[9.655s][info][gc,cpu         ] GC(96) User=0.00s Sys=0.00s Real=0.00s
[9.744s][info][gc,start       ] GC(97) Pause Young (Normal) (G1 Evacuation Pause)
[9.744s][info][gc,task        ] GC(97) Using 6 workers of 33 for evacuation
[9.748s][info][gc,phases      ] GC(97)   Pre Evacuate Collection Set: 0.1ms
[9.748s][info][gc,phases      ] GC(97)   Merge Heap Roots: 0.1ms
[9.748s][info][gc,phases      ] GC(97)   Evacuate Collection Set: 2.9ms
[9.748s][info][gc,phases      ] GC(97)   Post Evacuate Collection Set: 0.3ms
[9.748s][info][gc,phases      ] GC(97)   Other: 0.1ms
[9.748s][info][gc,heap        ] GC(97) Eden regions: 156->0(155)
[9.748s][info][gc,heap        ] GC(97) Survivor regions: 4->5(20)
[9.748s][info][gc,heap        ] GC(97) Old regions: 8->8
[9.748s][info][gc,heap        ] GC(97) Archive regions: 0->0
[9.748s][info][gc,heap        ] GC(97) Humongous regions: 0->0
[9.748s][info][gc,metaspace   ] GC(97) Metaspace: 8598K(8832K)->8598K(8832K) NonClass: 7445K(7552K)->7445K(7552K) Class: 1153K(1280K)->1153K(1280K)
[9.748s][info][gc             ] GC(97) Pause Young (Normal) (G1 Evacuation Pause) 163M->8M(268M) 3.866ms
[9.748s][info][gc,cpu         ] GC(97) User=0.00s Sys=0.00s Real=0.00s
[9.838s][info][gc,start       ] GC(98) Pause Young (Normal) (G1 Evacuation Pause)
[9.839s][info][gc,task        ] GC(98) Using 6 workers of 33 for evacuation
[9.843s][info][gc,phases      ] GC(98)   Pre Evacuate Collection Set: 0.1ms
[9.843s][info][gc,phases      ] GC(98)   Merge Heap Roots: 0.1ms
[9.843s][info][gc,phases      ] GC(98)   Evacuate Collection Set: 3.7ms
[9.843s][info][gc,phases      ] GC(98)   Post Evacuate Collection Set: 0.3ms
[9.843s][info][gc,phases      ] GC(98)   Other: 0.1ms
[9.843s][info][gc,heap        ] GC(98) Eden regions: 155->0(155)
[9.843s][info][gc,heap        ] GC(98) Survivor regions: 5->5(20)
[9.843s][info][gc,heap        ] GC(98) Old regions: 8->8
[9.843s][info][gc,heap        ] GC(98) Archive regions: 0->0
[9.843s][info][gc,heap        ] GC(98) Humongous regions: 0->0
[9.843s][info][gc,metaspace   ] GC(98) Metaspace: 8598K(8832K)->8598K(8832K) NonClass: 7445K(7552K)->7445K(7552K) Class: 1153K(1280K)->1153K(1280K)
[9.843s][info][gc             ] GC(98) Pause Young (Normal) (G1 Evacuation Pause) 163M->8M(268M) 4.637ms
[9.843s][info][gc,cpu         ] GC(98) User=0.00s Sys=0.00s Real=0.00s
[9.921s][info][gc,start       ] GC(99) Pause Young (Normal) (G1 Evacuation Pause)
[9.921s][info][gc,task        ] GC(99) Using 6 workers of 33 for evacuation
[9.925s][info][gc,phases      ] GC(99)   Pre Evacuate Collection Set: 0.1ms
[9.925s][info][gc,phases      ] GC(99)   Merge Heap Roots: 0.1ms
[9.925s][info][gc,phases      ] GC(99)   Evacuate Collection Set: 3.6ms
[9.925s][info][gc,phases      ] GC(99)   Post Evacuate Collection Set: 0.3ms
[9.925s][info][gc,phases      ] GC(99)   Other: 0.1ms
[9.925s][info][gc,heap        ] GC(99) Eden regions: 155->0(154)
[9.925s][info][gc,heap        ] GC(99) Survivor regions: 5->6(20)
[9.925s][info][gc,heap        ] GC(99) Old regions: 8->8
[9.925s][info][gc,heap        ] GC(99) Archive regions: 0->0
[9.925s][info][gc,heap        ] GC(99) Humongous regions: 0->0
[9.925s][info][gc,metaspace   ] GC(99) Metaspace: 8598K(8832K)->8598K(8832K) NonClass: 7445K(7552K)->7445K(7552K) Class: 1153K(1280K)->1153K(1280K)
[9.926s][info][gc             ] GC(99) Pause Young (Normal) (G1 Evacuation Pause) 163M->9M(268M) 4.553ms
[9.926s][info][gc,cpu         ] GC(99) User=0.09s Sys=0.00s Real=0.00s
[10.003s][info][gc,start       ] GC(100) Pause Young (Normal) (G1 Evacuation Pause)
[10.003s][info][gc,task        ] GC(100) Using 6 workers of 33 for evacuation
[10.008s][info][gc,phases      ] GC(100)   Pre Evacuate Collection Set: 0.1ms
[10.008s][info][gc,phases      ] GC(100)   Merge Heap Roots: 0.1ms
[10.008s][info][gc,phases      ] GC(100)   Evacuate Collection Set: 4.0ms
[10.008s][info][gc,phases      ] GC(100)   Post Evacuate Collection Set: 0.3ms
[10.008s][info][gc,phases      ] GC(100)   Other: 0.1ms
[10.008s][info][gc,heap        ] GC(100) Eden regions: 154->0(154)
[10.008s][info][gc,heap        ] GC(100) Survivor regions: 6->6(20)
[10.008s][info][gc,heap        ] GC(100) Old regions: 8->8
[10.008s][info][gc,heap        ] GC(100) Archive regions: 0->0
[10.008s][info][gc,heap        ] GC(100) Humongous regions: 0->0
[10.008s][info][gc,metaspace   ] GC(100) Metaspace: 8598K(8832K)->8598K(8832K) NonClass: 7445K(7552K)->7445K(7552K) Class: 1153K(1280K)->1153K(1280K)
[10.008s][info][gc             ] GC(100) Pause Young (Normal) (G1 Evacuation Pause) 163M->10M(268M) 5.066ms
[10.008s][info][gc,cpu         ] GC(100) User=0.00s Sys=0.00s Real=0.00s
[10.091s][info][gc,start       ] GC(101) Pause Young (Normal) (G1 Evacuation Pause)
[10.091s][info][gc,task        ] GC(101) Using 6 workers of 33 for evacuation
[10.096s][info][gc,phases      ] GC(101)   Pre Evacuate Collection Set: 0.1ms
[10.096s][info][gc,phases      ] GC(101)   Merge Heap Roots: 0.1ms
[10.096s][info][gc,phases      ] GC(101)   Evacuate Collection Set: 4.4ms
[10.097s][info][gc,phases      ] GC(101)   Post Evacuate Collection Set: 0.3ms
[10.097s][info][gc,phases      ] GC(101)   Other: 0.1ms
[10.097s][info][gc,heap        ] GC(101) Eden regions: 154->0(153)
[10.097s][info][gc,heap        ] GC(101) Survivor regions: 6->7(20)
[10.097s][info][gc,heap        ] GC(101) Old regions: 8->8
[10.097s][info][gc,heap        ] GC(101) Archive regions: 0->0
[10.097s][info][gc,heap        ] GC(101) Humongous regions: 0->0
[10.097s][info][gc,metaspace   ] GC(101) Metaspace: 8598K(8832K)->8598K(8832K) NonClass: 7445K(7552K)->7445K(7552K) Class: 1153K(1280K)->1153K(1280K)
[10.097s][info][gc             ] GC(101) Pause Young (Normal) (G1 Evacuation Pause) 164M->10M(268M) 5.495ms
[10.097s][info][gc,cpu         ] GC(101) User=0.00s Sys=0.00s Real=0.00s
[10.173s][info][gc,start       ] GC(102) Pause Young (Normal) (G1 Evacuation Pause)
[10.173s][info][gc,task        ] GC(102) Using 6 workers of 33 for evacuation
[10.178s][info][gc,phases      ] GC(102)   Pre Evacuate Collection Set: 0.1ms
[10.178s][info][gc,phases      ] GC(102)   Merge Heap Roots: 0.1ms
[10.178s][info][gc,phases      ] GC(102)   Evacuate Collection Set: 4.6ms
[10.178s][info][gc,phases      ] GC(102)   Post Evacuate Collection Set: 0.3ms
[10.178s][info][gc,phases      ] GC(102)   Other: 0.1ms
[10.178s][info][gc,heap        ] GC(102) Eden regions: 153->0(153)
[10.178s][info][gc,heap        ] GC(102) Survivor regions: 7->7(20)
[10.179s][info][gc,heap        ] GC(102) Old regions: 8->8
[10.179s][info][gc,heap        ] GC(102) Archive regions: 0->0
[10.179s][info][gc,heap        ] GC(102) Humongous regions: 0->0
[10.179s][info][gc,metaspace   ] GC(102) Metaspace: 8598K(8832K)->8598K(8832K) NonClass: 7445K(7552K)->7445K(7552K) Class: 1153K(1280K)->1153K(1280K)
[10.179s][info][gc             ] GC(102) Pause Young (Normal) (G1 Evacuation Pause) 163M->11M(268M) 5.515ms
[10.179s][info][gc,cpu         ] GC(102) User=0.00s Sys=0.00s Real=0.00s
[10.255s][info][gc,start       ] GC(103) Pause Young (Normal) (G1 Evacuation Pause)
[10.255s][info][gc,task        ] GC(103) Using 6 workers of 33 for evacuation
[10.261s][info][gc,phases      ] GC(103)   Pre Evacuate Collection Set: 0.1ms
[10.261s][info][gc,phases      ] GC(103)   Merge Heap Roots: 0.1ms
[10.261s][info][gc,phases      ] GC(103)   Evacuate Collection Set: 5.2ms
[10.261s][info][gc,phases      ] GC(103)   Post Evacuate Collection Set: 0.3ms
[10.261s][info][gc,phases      ] GC(103)   Other: 0.1ms
[10.261s][info][gc,heap        ] GC(103) Eden regions: 153->0(152)
[10.261s][info][gc,heap        ] GC(103) Survivor regions: 7->8(20)
[10.261s][info][gc,heap        ] GC(103) Old regions: 8->8
[10.261s][info][gc,heap        ] GC(103) Archive regions: 0->0
[10.261s][info][gc,heap        ] GC(103) Humongous regions: 0->0
[10.261s][info][gc,metaspace   ] GC(103) Metaspace: 8598K(8832K)->8598K(8832K) NonClass: 7445K(7552K)->7445K(7552K) Class: 1153K(1280K)->1153K(1280K)
[10.261s][info][gc             ] GC(103) Pause Young (Normal) (G1 Evacuation Pause) 164M->12M(268M) 6.130ms
[10.261s][info][gc,cpu         ] GC(103) User=0.00s Sys=0.00s Real=0.01s
[10.357s][info][gc,start       ] GC(104) Pause Young (Normal) (G1 Evacuation Pause)
[10.357s][info][gc,task        ] GC(104) Using 6 workers of 33 for evacuation
[10.363s][info][gc,phases      ] GC(104)   Pre Evacuate Collection Set: 0.1ms
[10.363s][info][gc,phases      ] GC(104)   Merge Heap Roots: 0.1ms
[10.364s][info][gc,phases      ] GC(104)   Evacuate Collection Set: 5.5ms
[10.364s][info][gc,phases      ] GC(104)   Post Evacuate Collection Set: 0.3ms
[10.364s][info][gc,phases      ] GC(104)   Other: 0.1ms
[10.364s][info][gc,heap        ] GC(104) Eden regions: 152->0(151)
[10.364s][info][gc,heap        ] GC(104) Survivor regions: 8->9(20)
[10.364s][info][gc,heap        ] GC(104) Old regions: 8->8
[10.364s][info][gc,heap        ] GC(104) Archive regions: 0->0
[10.364s][info][gc,heap        ] GC(104) Humongous regions: 0->0
[10.364s][info][gc,metaspace   ] GC(104) Metaspace: 8598K(8832K)->8598K(8832K) NonClass: 7445K(7552K)->7445K(7552K) Class: 1153K(1280K)->1153K(1280K)
[10.364s][info][gc             ] GC(104) Pause Young (Normal) (G1 Evacuation Pause) 164M->12M(268M) 6.579ms
[10.364s][info][gc,cpu         ] GC(104) User=0.09s Sys=0.00s Real=0.01s
[10.445s][info][gc,start       ] GC(105) Pause Young (Normal) (G1 Evacuation Pause)
[10.445s][info][gc,task        ] GC(105) Using 6 workers of 33 for evacuation
[10.450s][info][gc,phases      ] GC(105)   Pre Evacuate Collection Set: 0.1ms
[10.450s][info][gc,phases      ] GC(105)   Merge Heap Roots: 0.1ms
[10.450s][info][gc,phases      ] GC(105)   Evacuate Collection Set: 4.1ms
[10.450s][info][gc,phases      ] GC(105)   Post Evacuate Collection Set: 0.3ms
[10.450s][info][gc,phases      ] GC(105)   Other: 0.1ms
[10.450s][info][gc,heap        ] GC(105) Eden regions: 151->0(151)
[10.450s][info][gc,heap        ] GC(105) Survivor regions: 9->9(20)
[10.450s][info][gc,heap        ] GC(105) Old regions: 8->8
[10.450s][info][gc,heap        ] GC(105) Archive regions: 0->0
[10.450s][info][gc,heap        ] GC(105) Humongous regions: 0->0
[10.450s][info][gc,metaspace   ] GC(105) Metaspace: 8598K(8832K)->8598K(8832K) NonClass: 7445K(7552K)->7445K(7552K) Class: 1153K(1280K)->1153K(1280K)
[10.450s][info][gc             ] GC(105) Pause Young (Normal) (G1 Evacuation Pause) 163M->13M(268M) 5.207ms
[10.450s][info][gc,cpu         ] GC(105) User=0.00s Sys=0.00s Real=0.01s
[10.552s][info][gc,start       ] GC(106) Pause Young (Normal) (G1 Evacuation Pause)
[10.552s][info][gc,task        ] GC(106) Using 6 workers of 33 for evacuation
[10.558s][info][gc,phases      ] GC(106)   Pre Evacuate Collection Set: 0.1ms
[10.558s][info][gc,phases      ] GC(106)   Merge Heap Roots: 0.1ms
[10.558s][info][gc,phases      ] GC(106)   Evacuate Collection Set: 5.1ms
[10.558s][info][gc,phases      ] GC(106)   Post Evacuate Collection Set: 0.3ms
[10.558s][info][gc,phases      ] GC(106)   Other: 0.1ms
[10.558s][info][gc,heap        ] GC(106) Eden regions: 151->0(150)
[10.558s][info][gc,heap        ] GC(106) Survivor regions: 9->10(20)
[10.558s][info][gc,heap        ] GC(106) Old regions: 8->8
[10.558s][info][gc,heap        ] GC(106) Archive regions: 0->0
[10.558s][info][gc,heap        ] GC(106) Humongous regions: 0->0
[10.558s][info][gc,metaspace   ] GC(106) Metaspace: 8598K(8832K)->8598K(8832K) NonClass: 7445K(7552K)->7445K(7552K) Class: 1153K(1280K)->1153K(1280K)
[10.558s][info][gc             ] GC(106) Pause Young (Normal) (G1 Evacuation Pause) 164M->14M(268M) 6.231ms
[10.558s][info][gc,cpu         ] GC(106) User=0.09s Sys=0.00s Real=0.02s
[10.633s][info][gc,start       ] GC(107) Pause Young (Normal) (G1 Evacuation Pause)
[10.633s][info][gc,task        ] GC(107) Using 6 workers of 33 for evacuation
[10.639s][info][gc,phases      ] GC(107)   Pre Evacuate Collection Set: 0.1ms
[10.639s][info][gc,phases      ] GC(107)   Merge Heap Roots: 0.1ms
[10.639s][info][gc,phases      ] GC(107)   Evacuate Collection Set: 6.0ms
[10.639s][info][gc,phases      ] GC(107)   Post Evacuate Collection Set: 0.3ms
[10.639s][info][gc,phases      ] GC(107)   Other: 0.1ms
[10.640s][info][gc,heap        ] GC(107) Eden regions: 150->0(150)
[10.640s][info][gc,heap        ] GC(107) Survivor regions: 10->10(20)
[10.640s][info][gc,heap        ] GC(107) Old regions: 8->8
[10.640s][info][gc,heap        ] GC(107) Archive regions: 0->0
[10.640s][info][gc,heap        ] GC(107) Humongous regions: 0->0
[10.640s][info][gc,metaspace   ] GC(107) Metaspace: 8598K(8832K)->8598K(8832K) NonClass: 7445K(7552K)->7445K(7552K) Class: 1153K(1280K)->1153K(1280K)
[10.640s][info][gc             ] GC(107) Pause Young (Normal) (G1 Evacuation Pause) 164M->14M(268M) 7.137ms
[10.640s][info][gc,cpu         ] GC(107) User=0.09s Sys=0.00s Real=0.02s
[10.716s][info][gc,start       ] GC(108) Pause Young (Normal) (G1 Evacuation Pause)
[10.716s][info][gc,task        ] GC(108) Using 6 workers of 33 for evacuation
[10.722s][info][gc,phases      ] GC(108)   Pre Evacuate Collection Set: 0.1ms
[10.722s][info][gc,phases      ] GC(108)   Merge Heap Roots: 0.1ms
[10.722s][info][gc,phases      ] GC(108)   Evacuate Collection Set: 5.9ms
[10.722s][info][gc,phases      ] GC(108)   Post Evacuate Collection Set: 0.3ms
[10.722s][info][gc,phases      ] GC(108)   Other: 0.1ms
[10.723s][info][gc,heap        ] GC(108) Eden regions: 150->0(149)
[10.723s][info][gc,heap        ] GC(108) Survivor regions: 10->11(20)
[10.723s][info][gc,heap        ] GC(108) Old regions: 8->8
[10.723s][info][gc,heap        ] GC(108) Archive regions: 0->0
[10.723s][info][gc,heap        ] GC(108) Humongous regions: 0->0
[10.723s][info][gc,metaspace   ] GC(108) Metaspace: 8598K(8832K)->8598K(8832K) NonClass: 7445K(7552K)->7445K(7552K) Class: 1153K(1280K)->1153K(1280K)
[10.723s][info][gc             ] GC(108) Pause Young (Normal) (G1 Evacuation Pause) 164M->15M(268M) 6.999ms
[10.723s][info][gc,cpu         ] GC(108) User=0.00s Sys=0.00s Real=0.00s
[10.802s][info][gc,start       ] GC(109) Pause Young (Normal) (G1 Evacuation Pause)
[10.802s][info][gc,task        ] GC(109) Using 6 workers of 33 for evacuation
[10.807s][info][gc,phases      ] GC(109)   Pre Evacuate Collection Set: 0.1ms
[10.807s][info][gc,phases      ] GC(109)   Merge Heap Roots: 0.1ms
[10.808s][info][gc,phases      ] GC(109)   Evacuate Collection Set: 5.3ms
[10.808s][info][gc,phases      ] GC(109)   Post Evacuate Collection Set: 0.3ms
[10.808s][info][gc,phases      ] GC(109)   Other: 0.1ms
[10.808s][info][gc,heap        ] GC(109) Eden regions: 149->0(149)
[10.808s][info][gc,heap        ] GC(109) Survivor regions: 11->11(20)
[10.808s][info][gc,heap        ] GC(109) Old regions: 8->8
[10.808s][info][gc,heap        ] GC(109) Archive regions: 0->0
[10.808s][info][gc,heap        ] GC(109) Humongous regions: 0->0
[10.808s][info][gc,metaspace   ] GC(109) Metaspace: 8598K(8832K)->8598K(8832K) NonClass: 7445K(7552K)->7445K(7552K) Class: 1153K(1280K)->1153K(1280K)
[10.808s][info][gc             ] GC(109) Pause Young (Normal) (G1 Evacuation Pause) 164M->15M(268M) 6.230ms
[10.808s][info][gc,cpu         ] GC(109) User=0.09s Sys=0.00s Real=0.02s
[10.884s][info][gc,start       ] GC(110) Pause Young (Normal) (G1 Evacuation Pause)
[10.884s][info][gc,task        ] GC(110) Using 6 workers of 33 for evacuation
[10.892s][info][gc,phases      ] GC(110)   Pre Evacuate Collection Set: 0.1ms
[10.892s][info][gc,phases      ] GC(110)   Merge Heap Roots: 0.1ms
[10.892s][info][gc,phases      ] GC(110)   Evacuate Collection Set: 7.2ms
[10.892s][info][gc,phases      ] GC(110)   Post Evacuate Collection Set: 0.3ms
[10.892s][info][gc,phases      ] GC(110)   Other: 0.1ms
[10.892s][info][gc,heap        ] GC(110) Eden regions: 149->0(153)
[10.892s][info][gc,heap        ] GC(110) Survivor regions: 11->7(20)
[10.892s][info][gc,heap        ] GC(110) Old regions: 8->13
[10.892s][info][gc,heap        ] GC(110) Archive regions: 0->0
[10.892s][info][gc,heap        ] GC(110) Humongous regions: 0->0
[10.892s][info][gc,metaspace   ] GC(110) Metaspace: 8598K(8832K)->8598K(8832K) NonClass: 7445K(7552K)->7445K(7552K) Class: 1153K(1280K)->1153K(1280K)
[10.892s][info][gc             ] GC(110) Pause Young (Normal) (G1 Evacuation Pause) 164M->15M(268M) 8.196ms
[10.892s][info][gc,cpu         ] GC(110) User=0.00s Sys=0.00s Real=0.00s
[10.972s][info][gc,start       ] GC(111) Pause Young (Normal) (G1 Evacuation Pause)
[10.972s][info][gc,task        ] GC(111) Using 6 workers of 33 for evacuation
[10.977s][info][gc,phases      ] GC(111)   Pre Evacuate Collection Set: 0.1ms
[10.977s][info][gc,phases      ] GC(111)   Merge Heap Roots: 0.1ms
[10.977s][info][gc,phases      ] GC(111)   Evacuate Collection Set: 4.7ms
[10.977s][info][gc,phases      ] GC(111)   Post Evacuate Collection Set: 0.3ms
[10.977s][info][gc,phases      ] GC(111)   Other: 0.1ms
[10.977s][info][gc,heap        ] GC(111) Eden regions: 153->0(152)
[10.977s][info][gc,heap        ] GC(111) Survivor regions: 7->8(20)
[10.977s][info][gc,heap        ] GC(111) Old regions: 13->13
[10.977s][info][gc,heap        ] GC(111) Archive regions: 0->0
[10.977s][info][gc,heap        ] GC(111) Humongous regions: 0->0
[10.977s][info][gc,metaspace   ] GC(111) Metaspace: 8598K(8832K)->8598K(8832K) NonClass: 7445K(7552K)->7445K(7552K) Class: 1153K(1280K)->1153K(1280K)
[10.977s][info][gc             ] GC(111) Pause Young (Normal) (G1 Evacuation Pause) 168M->16M(268M) 5.705ms
[10.977s][info][gc,cpu         ] GC(111) User=0.00s Sys=0.00s Real=0.00s
[11.059s][info][gc,start       ] GC(112) Pause Young (Normal) (G1 Evacuation Pause)
[11.059s][info][gc,task        ] GC(112) Using 6 workers of 33 for evacuation
[11.065s][info][gc,phases      ] GC(112)   Pre Evacuate Collection Set: 0.1ms
[11.065s][info][gc,phases      ] GC(112)   Merge Heap Roots: 0.1ms
[11.065s][info][gc,phases      ] GC(112)   Evacuate Collection Set: 5.1ms
[11.065s][info][gc,phases      ] GC(112)   Post Evacuate Collection Set: 0.3ms
[11.065s][info][gc,phases      ] GC(112)   Other: 0.1ms
[11.065s][info][gc,heap        ] GC(112) Eden regions: 152->0(152)
[11.065s][info][gc,heap        ] GC(112) Survivor regions: 8->8(20)
[11.065s][info][gc,heap        ] GC(112) Old regions: 13->13
[11.065s][info][gc,heap        ] GC(112) Archive regions: 0->0
[11.065s][info][gc,heap        ] GC(112) Humongous regions: 0->0
[11.065s][info][gc,metaspace   ] GC(112) Metaspace: 8598K(8832K)->8598K(8832K) NonClass: 7445K(7552K)->7445K(7552K) Class: 1153K(1280K)->1153K(1280K)
[11.065s][info][gc             ] GC(112) Pause Young (Normal) (G1 Evacuation Pause) 168M->16M(268M) 6.149ms
[11.065s][info][gc,cpu         ] GC(112) User=0.09s Sys=0.00s Real=0.02s
[11.142s][info][gc,start       ] GC(113) Pause Young (Normal) (G1 Evacuation Pause)
[11.142s][info][gc,task        ] GC(113) Using 6 workers of 33 for evacuation
[11.148s][info][gc,phases      ] GC(113)   Pre Evacuate Collection Set: 0.1ms
[11.148s][info][gc,phases      ] GC(113)   Merge Heap Roots: 0.1ms
[11.148s][info][gc,phases      ] GC(113)   Evacuate Collection Set: 5.3ms
[11.148s][info][gc,phases      ] GC(113)   Post Evacuate Collection Set: 0.3ms
[11.148s][info][gc,phases      ] GC(113)   Other: 0.1ms
[11.148s][info][gc,heap        ] GC(113) Eden regions: 152->0(151)
[11.148s][info][gc,heap        ] GC(113) Survivor regions: 8->9(20)
[11.148s][info][gc,heap        ] GC(113) Old regions: 13->13
[11.148s][info][gc,heap        ] GC(113) Archive regions: 0->0
[11.149s][info][gc,heap        ] GC(113) Humongous regions: 0->0
[11.149s][info][gc,metaspace   ] GC(113) Metaspace: 8598K(8832K)->8598K(8832K) NonClass: 7445K(7552K)->7445K(7552K) Class: 1153K(1280K)->1153K(1280K)
[11.149s][info][gc             ] GC(113) Pause Young (Normal) (G1 Evacuation Pause) 168M->17M(268M) 6.397ms
[11.149s][info][gc,cpu         ] GC(113) User=0.00s Sys=0.00s Real=0.01s
[11.228s][info][gc,start       ] GC(114) Pause Young (Normal) (G1 Evacuation Pause)
[11.228s][info][gc,task        ] GC(114) Using 6 workers of 33 for evacuation
[11.235s][info][gc,phases      ] GC(114)   Pre Evacuate Collection Set: 0.1ms
[11.235s][info][gc,phases      ] GC(114)   Merge Heap Roots: 0.1ms
[11.235s][info][gc,phases      ] GC(114)   Evacuate Collection Set: 6.2ms
[11.235s][info][gc,phases      ] GC(114)   Post Evacuate Collection Set: 0.3ms
[11.235s][info][gc,phases      ] GC(114)   Other: 0.1ms
[11.235s][info][gc,heap        ] GC(114) Eden regions: 151->0(150)
[11.235s][info][gc,heap        ] GC(114) Survivor regions: 9->10(20)
[11.235s][info][gc,heap        ] GC(114) Old regions: 13->13
[11.235s][info][gc,heap        ] GC(114) Archive regions: 0->0
[11.235s][info][gc,heap        ] GC(114) Humongous regions: 0->0
[11.235s][info][gc,metaspace   ] GC(114) Metaspace: 8598K(8832K)->8598K(8832K) NonClass: 7445K(7552K)->7445K(7552K) Class: 1153K(1280K)->1153K(1280K)
[11.235s][info][gc             ] GC(114) Pause Young (Normal) (G1 Evacuation Pause) 168M->18M(268M) 7.237ms
[11.235s][info][gc,cpu         ] GC(114) User=0.00s Sys=0.00s Real=0.01s
[11.344s][info][gc,start       ] GC(115) Pause Young (Normal) (G1 Evacuation Pause)
[11.344s][info][gc,task        ] GC(115) Using 6 workers of 33 for evacuation
[11.361s][info][gc,phases      ] GC(115)   Pre Evacuate Collection Set: 0.1ms
[11.361s][info][gc,phases      ] GC(115)   Merge Heap Roots: 0.1ms
[11.361s][info][gc,phases      ] GC(115)   Evacuate Collection Set: 16.3ms
[11.361s][info][gc,phases      ] GC(115)   Post Evacuate Collection Set: 0.5ms
[11.361s][info][gc,phases      ] GC(115)   Other: 0.1ms
[11.361s][info][gc,heap        ] GC(115) Eden regions: 150->0(146)
[11.361s][info][gc,heap        ] GC(115) Survivor regions: 10->20(20)
[11.361s][info][gc,heap        ] GC(115) Old regions: 13->13
[11.361s][info][gc,heap        ] GC(115) Archive regions: 0->0
[11.361s][info][gc,heap        ] GC(115) Humongous regions: 3->3
[11.361s][info][gc,metaspace   ] GC(115) Metaspace: 8598K(8832K)->8598K(8832K) NonClass: 7445K(7552K)->7445K(7552K) Class: 1153K(1280K)->1153K(1280K)
[11.361s][info][gc             ] GC(115) Pause Young (Normal) (G1 Evacuation Pause) 171M->31M(278M) 17.640ms
[11.361s][info][gc,cpu         ] GC(115) User=0.19s Sys=0.00s Real=0.03s
[11.442s][info][gc,start       ] GC(116) Pause Young (Normal) (G1 Evacuation Pause)
[11.443s][info][gc,task        ] GC(116) Using 6 workers of 33 for evacuation
[11.456s][info][gc,phases      ] GC(116)   Pre Evacuate Collection Set: 0.1ms
[11.456s][info][gc,phases      ] GC(116)   Merge Heap Roots: 0.1ms
[11.456s][info][gc,phases      ] GC(116)   Evacuate Collection Set: 12.6ms
[11.456s][info][gc,phases      ] GC(116)   Post Evacuate Collection Set: 0.3ms
[11.456s][info][gc,phases      ] GC(116)   Other: 0.1ms
[11.456s][info][gc,heap        ] GC(116) Eden regions: 146->0(165)
[11.456s][info][gc,heap        ] GC(116) Survivor regions: 20->1(21)
[11.456s][info][gc,heap        ] GC(116) Old regions: 13->32
[11.456s][info][gc,heap        ] GC(116) Archive regions: 0->0
[11.456s][info][gc,heap        ] GC(116) Humongous regions: 3->3
[11.456s][info][gc,metaspace   ] GC(116) Metaspace: 8598K(8832K)->8598K(8832K) NonClass: 7445K(7552K)->7445K(7552K) Class: 1153K(1280K)->1153K(1280K)
[11.456s][info][gc             ] GC(116) Pause Young (Normal) (G1 Evacuation Pause) 177M->31M(278M) 13.641ms
[11.456s][info][gc,cpu         ] GC(116) User=0.19s Sys=0.00s Real=0.03s
[11.560s][info][gc,start       ] GC(117) Pause Young (Normal) (G1 Evacuation Pause)
[11.561s][info][gc,task        ] GC(117) Using 6 workers of 33 for evacuation
[11.562s][info][gc,phases      ] GC(117)   Pre Evacuate Collection Set: 0.1ms
[11.562s][info][gc,phases      ] GC(117)   Merge Heap Roots: 0.1ms
[11.562s][info][gc,phases      ] GC(117)   Evacuate Collection Set: 1.2ms
[11.562s][info][gc,phases      ] GC(117)   Post Evacuate Collection Set: 0.3ms
[11.562s][info][gc,phases      ] GC(117)   Other: 0.1ms
[11.563s][info][gc,heap        ] GC(117) Eden regions: 165->0(164)
[11.563s][info][gc,heap        ] GC(117) Survivor regions: 1->2(21)
[11.563s][info][gc,heap        ] GC(117) Old regions: 32->32
[11.563s][info][gc,heap        ] GC(117) Archive regions: 0->0
[11.563s][info][gc,heap        ] GC(117) Humongous regions: 3->3
[11.563s][info][gc,metaspace   ] GC(117) Metaspace: 8598K(8832K)->8598K(8832K) NonClass: 7445K(7552K)->7445K(7552K) Class: 1153K(1280K)->1153K(1280K)
[11.563s][info][gc             ] GC(117) Pause Young (Normal) (G1 Evacuation Pause) 196M->32M(278M) 2.267ms
[11.563s][info][gc,cpu         ] GC(117) User=0.00s Sys=0.00s Real=0.00s
[11.663s][info][gc,start       ] GC(118) Pause Young (Normal) (G1 Evacuation Pause)
[11.664s][info][gc,task        ] GC(118) Using 6 workers of 33 for evacuation
[11.669s][info][gc,phases      ] GC(118)   Pre Evacuate Collection Set: 0.1ms
[11.669s][info][gc,phases      ] GC(118)   Merge Heap Roots: 0.1ms
[11.669s][info][gc,phases      ] GC(118)   Evacuate Collection Set: 4.8ms
[11.669s][info][gc,phases      ] GC(118)   Post Evacuate Collection Set: 0.3ms
[11.669s][info][gc,phases      ] GC(118)   Other: 0.1ms
[11.669s][info][gc,heap        ] GC(118) Eden regions: 164->0(160)
[11.669s][info][gc,heap        ] GC(118) Survivor regions: 2->6(21)
[11.669s][info][gc,heap        ] GC(118) Old regions: 32->32
[11.669s][info][gc,heap        ] GC(118) Archive regions: 0->0
[11.669s][info][gc,heap        ] GC(118) Humongous regions: 3->3
[11.669s][info][gc,metaspace   ] GC(118) Metaspace: 8598K(8832K)->8598K(8832K) NonClass: 7445K(7552K)->7445K(7552K) Class: 1153K(1280K)->1153K(1280K)
[11.669s][info][gc             ] GC(118) Pause Young (Normal) (G1 Evacuation Pause) 196M->36M(278M) 5.896ms
[11.669s][info][gc,cpu         ] GC(118) User=0.00s Sys=0.00s Real=0.01s
[11.752s][info][gc,start       ] GC(119) Pause Young (Normal) (G1 Evacuation Pause)
[11.752s][info][gc,task        ] GC(119) Using 6 workers of 33 for evacuation
[11.757s][info][gc,phases      ] GC(119)   Pre Evacuate Collection Set: 0.1ms
[11.757s][info][gc,phases      ] GC(119)   Merge Heap Roots: 0.1ms
[11.757s][info][gc,phases      ] GC(119)   Evacuate Collection Set: 4.4ms
[11.757s][info][gc,phases      ] GC(119)   Post Evacuate Collection Set: 0.3ms
[11.757s][info][gc,phases      ] GC(119)   Other: 0.1ms
[11.757s][info][gc,heap        ] GC(119) Eden regions: 160->0(159)
[11.757s][info][gc,heap        ] GC(119) Survivor regions: 6->7(21)
[11.757s][info][gc,heap        ] GC(119) Old regions: 32->32
[11.757s][info][gc,heap        ] GC(119) Archive regions: 0->0
[11.757s][info][gc,heap        ] GC(119) Humongous regions: 3->3
[11.757s][info][gc,metaspace   ] GC(119) Metaspace: 8598K(8832K)->8598K(8832K) NonClass: 7445K(7552K)->7445K(7552K) Class: 1153K(1280K)->1153K(1280K)
[11.757s][info][gc             ] GC(119) Pause Young (Normal) (G1 Evacuation Pause) 196M->37M(278M) 5.524ms
[11.757s][info][gc,cpu         ] GC(119) User=0.02s Sys=0.00s Real=0.01s
[11.841s][info][gc,start       ] GC(120) Pause Young (Normal) (G1 Evacuation Pause)
[11.842s][info][gc,task        ] GC(120) Using 6 workers of 33 for evacuation
[11.847s][info][gc,phases      ] GC(120)   Pre Evacuate Collection Set: 0.1ms
[11.847s][info][gc,phases      ] GC(120)   Merge Heap Roots: 0.1ms
[11.847s][info][gc,phases      ] GC(120)   Evacuate Collection Set: 4.8ms
[11.847s][info][gc,phases      ] GC(120)   Post Evacuate Collection Set: 0.3ms
[11.847s][info][gc,phases      ] GC(120)   Other: 0.1ms
[11.847s][info][gc,heap        ] GC(120) Eden regions: 159->0(159)
[11.847s][info][gc,heap        ] GC(120) Survivor regions: 7->7(21)
[11.847s][info][gc,heap        ] GC(120) Old regions: 32->32
[11.847s][info][gc,heap        ] GC(120) Archive regions: 0->0
[11.847s][info][gc,heap        ] GC(120) Humongous regions: 3->3
[11.847s][info][gc,metaspace   ] GC(120) Metaspace: 8598K(8832K)->8598K(8832K) NonClass: 7445K(7552K)->7445K(7552K) Class: 1153K(1280K)->1153K(1280K)
[11.847s][info][gc             ] GC(120) Pause Young (Normal) (G1 Evacuation Pause) 196M->37M(278M) 5.853ms
[11.847s][info][gc,cpu         ] GC(120) User=0.09s Sys=0.00s Real=0.01s
[11.927s][info][gc,start       ] GC(121) Pause Young (Normal) (G1 Evacuation Pause)
[11.927s][info][gc,task        ] GC(121) Using 6 workers of 33 for evacuation
[11.932s][info][gc,phases      ] GC(121)   Pre Evacuate Collection Set: 0.1ms
[11.932s][info][gc,phases      ] GC(121)   Merge Heap Roots: 0.1ms
[11.933s][info][gc,phases      ] GC(121)   Evacuate Collection Set: 5.0ms
[11.933s][info][gc,phases      ] GC(121)   Post Evacuate Collection Set: 0.3ms
[11.933s][info][gc,phases      ] GC(121)   Other: 0.1ms
[11.933s][info][gc,heap        ] GC(121) Eden regions: 159->0(158)
[11.933s][info][gc,heap        ] GC(121) Survivor regions: 7->8(21)
[11.933s][info][gc,heap        ] GC(121) Old regions: 32->32
[11.933s][info][gc,heap        ] GC(121) Archive regions: 0->0
[11.933s][info][gc,heap        ] GC(121) Humongous regions: 3->3
[11.933s][info][gc,metaspace   ] GC(121) Metaspace: 8598K(8832K)->8598K(8832K) NonClass: 7445K(7552K)->7445K(7552K) Class: 1153K(1280K)->1153K(1280K)
[11.933s][info][gc             ] GC(121) Pause Young (Normal) (G1 Evacuation Pause) 196M->38M(278M) 6.086ms
[11.933s][info][gc,cpu         ] GC(121) User=0.00s Sys=0.00s Real=0.01s
[12.029s][info][gc,start       ] GC(122) Pause Young (Normal) (G1 Evacuation Pause)
[12.029s][info][gc,task        ] GC(122) Using 6 workers of 33 for evacuation
[12.038s][info][gc,phases      ] GC(122)   Pre Evacuate Collection Set: 0.1ms
[12.039s][info][gc,phases      ] GC(122)   Merge Heap Roots: 0.1ms
[12.039s][info][gc,phases      ] GC(122)   Evacuate Collection Set: 8.8ms
[12.039s][info][gc,phases      ] GC(122)   Post Evacuate Collection Set: 0.3ms
[12.039s][info][gc,phases      ] GC(122)   Other: 0.1ms
[12.039s][info][gc,heap        ] GC(122) Eden regions: 158->0(153)
[12.039s][info][gc,heap        ] GC(122) Survivor regions: 8->13(21)
[12.039s][info][gc,heap        ] GC(122) Old regions: 32->32
[12.039s][info][gc,heap        ] GC(122) Archive regions: 0->0
[12.039s][info][gc,heap        ] GC(122) Humongous regions: 3->3
[12.039s][info][gc,metaspace   ] GC(122) Metaspace: 8598K(8832K)->8598K(8832K) NonClass: 7445K(7552K)->7445K(7552K) Class: 1153K(1280K)->1153K(1280K)
[12.039s][info][gc             ] GC(122) Pause Young (Normal) (G1 Evacuation Pause) 196M->43M(278M) 9.927ms
[12.039s][info][gc,cpu         ] GC(122) User=0.09s Sys=0.00s Real=0.01s
[12.134s][info][gc,start       ] GC(123) Pause Young (Normal) (G1 Evacuation Pause)
[12.134s][info][gc,task        ] GC(123) Using 6 workers of 33 for evacuation
[12.141s][info][gc,phases      ] GC(123)   Pre Evacuate Collection Set: 0.1ms
[12.141s][info][gc,phases      ] GC(123)   Merge Heap Roots: 0.1ms
[12.141s][info][gc,phases      ] GC(123)   Evacuate Collection Set: 6.5ms
[12.141s][info][gc,phases      ] GC(123)   Post Evacuate Collection Set: 0.3ms
[12.141s][info][gc,phases      ] GC(123)   Other: 0.2ms
[12.141s][info][gc,heap        ] GC(123) Eden regions: 153->0(157)
[12.141s][info][gc,heap        ] GC(123) Survivor regions: 13->9(21)
[12.142s][info][gc,heap        ] GC(123) Old regions: 32->37
[12.142s][info][gc,heap        ] GC(123) Archive regions: 0->0
[12.142s][info][gc,heap        ] GC(123) Humongous regions: 3->3
[12.142s][info][gc,metaspace   ] GC(123) Metaspace: 8598K(8832K)->8598K(8832K) NonClass: 7445K(7552K)->7445K(7552K) Class: 1153K(1280K)->1153K(1280K)
[12.142s][info][gc             ] GC(123) Pause Young (Normal) (G1 Evacuation Pause) 196M->44M(278M) 7.687ms
[12.142s][info][gc,cpu         ] GC(123) User=0.00s Sys=0.00s Real=0.01s
[12.237s][info][gc,start       ] GC(124) Pause Young (Normal) (G1 Evacuation Pause)
[12.237s][info][gc,task        ] GC(124) Using 6 workers of 33 for evacuation
[12.243s][info][gc,phases      ] GC(124)   Pre Evacuate Collection Set: 0.1ms
[12.243s][info][gc,phases      ] GC(124)   Merge Heap Roots: 0.1ms
[12.243s][info][gc,phases      ] GC(124)   Evacuate Collection Set: 6.0ms
[12.243s][info][gc,phases      ] GC(124)   Post Evacuate Collection Set: 0.3ms
[12.243s][info][gc,phases      ] GC(124)   Other: 0.1ms
[12.244s][info][gc,heap        ] GC(124) Eden regions: 157->0(157)
[12.244s][info][gc,heap        ] GC(124) Survivor regions: 9->9(21)
[12.244s][info][gc,heap        ] GC(124) Old regions: 37->37
[12.244s][info][gc,heap        ] GC(124) Archive regions: 0->0
[12.244s][info][gc,heap        ] GC(124) Humongous regions: 3->3
[12.244s][info][gc,metaspace   ] GC(124) Metaspace: 8598K(8832K)->8598K(8832K) NonClass: 7445K(7552K)->7445K(7552K) Class: 1153K(1280K)->1153K(1280K)
[12.244s][info][gc             ] GC(124) Pause Young (Normal) (G1 Evacuation Pause) 201M->44M(278M) 7.060ms
[12.244s][info][gc,cpu         ] GC(124) User=0.00s Sys=0.00s Real=0.01s
[12.325s][info][gc,start       ] GC(125) Pause Young (Normal) (G1 Evacuation Pause)
[12.325s][info][gc,task        ] GC(125) Using 6 workers of 33 for evacuation
[12.332s][info][gc,phases      ] GC(125)   Pre Evacuate Collection Set: 0.1ms
[12.332s][info][gc,phases      ] GC(125)   Merge Heap Roots: 0.1ms
[12.332s][info][gc,phases      ] GC(125)   Evacuate Collection Set: 6.4ms
[12.332s][info][gc,phases      ] GC(125)   Post Evacuate Collection Set: 0.3ms
[12.332s][info][gc,phases      ] GC(125)   Other: 0.1ms
[12.332s][info][gc,heap        ] GC(125) Eden regions: 157->0(157)
[12.332s][info][gc,heap        ] GC(125) Survivor regions: 9->9(21)
[12.332s][info][gc,heap        ] GC(125) Old regions: 37->37
[12.332s][info][gc,heap        ] GC(125) Archive regions: 0->0
[12.332s][info][gc,heap        ] GC(125) Humongous regions: 3->3
[12.332s][info][gc,metaspace   ] GC(125) Metaspace: 8598K(8832K)->8598K(8832K) NonClass: 7445K(7552K)->7445K(7552K) Class: 1153K(1280K)->1153K(1280K)
[12.332s][info][gc             ] GC(125) Pause Young (Normal) (G1 Evacuation Pause) 201M->44M(278M) 7.643ms
[12.332s][info][gc,cpu         ] GC(125) User=0.09s Sys=0.00s Real=0.01s
[12.416s][info][gc,start       ] GC(126) Pause Young (Normal) (G1 Evacuation Pause)
[12.417s][info][gc,task        ] GC(126) Using 6 workers of 33 for evacuation
[12.423s][info][gc,phases      ] GC(126)   Pre Evacuate Collection Set: 0.1ms
[12.423s][info][gc,phases      ] GC(126)   Merge Heap Roots: 0.1ms
[12.423s][info][gc,phases      ] GC(126)   Evacuate Collection Set: 5.9ms
[12.423s][info][gc,phases      ] GC(126)   Post Evacuate Collection Set: 0.5ms
[12.423s][info][gc,phases      ] GC(126)   Other: 0.1ms
[12.423s][info][gc,heap        ] GC(126) Eden regions: 157->0(162)
[12.423s][info][gc,heap        ] GC(126) Survivor regions: 9->10(21)
[12.423s][info][gc,heap        ] GC(126) Old regions: 37->37
[12.423s][info][gc,heap        ] GC(126) Archive regions: 0->0
[12.424s][info][gc,heap        ] GC(126) Humongous regions: 3->3
[12.424s][info][gc,metaspace   ] GC(126) Metaspace: 8598K(8832K)->8598K(8832K) NonClass: 7445K(7552K)->7445K(7552K) Class: 1153K(1280K)->1153K(1280K)
[12.424s][info][gc             ] GC(126) Pause Young (Normal) (G1 Evacuation Pause) 201M->45M(288M) 7.155ms
[12.424s][info][gc,cpu         ] GC(126) User=0.02s Sys=0.00s Real=0.01s
[12.510s][info][gc,start       ] GC(127) Pause Young (Normal) (G1 Evacuation Pause)
[12.511s][info][gc,task        ] GC(127) Using 6 workers of 33 for evacuation
[12.518s][info][gc,phases      ] GC(127)   Pre Evacuate Collection Set: 0.1ms
[12.518s][info][gc,phases      ] GC(127)   Merge Heap Roots: 0.1ms
[12.518s][info][gc,phases      ] GC(127)   Evacuate Collection Set: 6.8ms
[12.518s][info][gc,phases      ] GC(127)   Post Evacuate Collection Set: 0.3ms
[12.518s][info][gc,phases      ] GC(127)   Other: 0.1ms
[12.518s][info][gc,heap        ] GC(127) Eden regions: 162->0(161)
[12.518s][info][gc,heap        ] GC(127) Survivor regions: 10->11(22)
[12.518s][info][gc,heap        ] GC(127) Old regions: 37->37
[12.518s][info][gc,heap        ] GC(127) Archive regions: 0->0
[12.518s][info][gc,heap        ] GC(127) Humongous regions: 3->3
[12.518s][info][gc,metaspace   ] GC(127) Metaspace: 8598K(8832K)->8598K(8832K) NonClass: 7445K(7552K)->7445K(7552K) Class: 1153K(1280K)->1153K(1280K)
[12.518s][info][gc             ] GC(127) Pause Young (Normal) (G1 Evacuation Pause) 207M->45M(288M) 7.998ms
[12.518s][info][gc,cpu         ] GC(127) User=0.09s Sys=0.00s Real=0.01s
[12.607s][info][gc,start       ] GC(128) Pause Young (Normal) (G1 Evacuation Pause)
[12.607s][info][gc,task        ] GC(128) Using 6 workers of 33 for evacuation
[12.615s][info][gc,phases      ] GC(128)   Pre Evacuate Collection Set: 0.1ms
[12.615s][info][gc,phases      ] GC(128)   Merge Heap Roots: 0.1ms
[12.615s][info][gc,phases      ] GC(128)   Evacuate Collection Set: 7.5ms
[12.615s][info][gc,phases      ] GC(128)   Post Evacuate Collection Set: 0.3ms
[12.615s][info][gc,phases      ] GC(128)   Other: 0.1ms
[12.615s][info][gc,heap        ] GC(128) Eden regions: 161->0(161)
[12.615s][info][gc,heap        ] GC(128) Survivor regions: 11->11(22)
[12.615s][info][gc,heap        ] GC(128) Old regions: 37->37
[12.615s][info][gc,heap        ] GC(128) Archive regions: 0->0
[12.615s][info][gc,heap        ] GC(128) Humongous regions: 3->3
[12.615s][info][gc,metaspace   ] GC(128) Metaspace: 8598K(8832K)->8598K(8832K) NonClass: 7445K(7552K)->7445K(7552K) Class: 1153K(1280K)->1153K(1280K)
[12.616s][info][gc             ] GC(128) Pause Young (Normal) (G1 Evacuation Pause) 206M->46M(288M) 8.655ms
[12.616s][info][gc,cpu         ] GC(128) User=0.09s Sys=0.00s Real=0.01s
[12.714s][info][gc,start       ] GC(129) Pause Young (Normal) (G1 Evacuation Pause)
[12.714s][info][gc,task        ] GC(129) Using 6 workers of 33 for evacuation
[12.721s][info][gc,phases      ] GC(129)   Pre Evacuate Collection Set: 0.1ms
[12.721s][info][gc,phases      ] GC(129)   Merge Heap Roots: 0.1ms
[12.721s][info][gc,phases      ] GC(129)   Evacuate Collection Set: 5.8ms
[12.721s][info][gc,phases      ] GC(129)   Post Evacuate Collection Set: 0.3ms
[12.721s][info][gc,phases      ] GC(129)   Other: 0.1ms
[12.721s][info][gc,heap        ] GC(129) Eden regions: 161->0(160)
[12.721s][info][gc,heap        ] GC(129) Survivor regions: 11->12(22)
[12.721s][info][gc,heap        ] GC(129) Old regions: 37->37
[12.721s][info][gc,heap        ] GC(129) Archive regions: 0->0
[12.721s][info][gc,heap        ] GC(129) Humongous regions: 3->3
[12.721s][info][gc,metaspace   ] GC(129) Metaspace: 8598K(8832K)->8598K(8832K) NonClass: 7445K(7552K)->7445K(7552K) Class: 1153K(1280K)->1153K(1280K)
[12.721s][info][gc             ] GC(129) Pause Young (Normal) (G1 Evacuation Pause) 207M->46M(288M) 6.949ms
[12.721s][info][gc,cpu         ] GC(129) User=0.02s Sys=0.00s Real=0.01s
[12.898s][info][gc,start       ] GC(130) Pause Young (Normal) (G1 Evacuation Pause)
[12.898s][info][gc,task        ] GC(130) Using 6 workers of 33 for evacuation
[12.928s][info][gc,phases      ] GC(130)   Pre Evacuate Collection Set: 0.1ms
[12.928s][info][gc,phases      ] GC(130)   Merge Heap Roots: 0.3ms
[12.928s][info][gc,phases      ] GC(130)   Evacuate Collection Set: 28.5ms
[12.928s][info][gc,phases      ] GC(130)   Post Evacuate Collection Set: 0.3ms
[12.928s][info][gc,phases      ] GC(130)   Other: 0.1ms
[12.928s][info][gc,heap        ] GC(130) Eden regions: 160->0(150)
[12.928s][info][gc,heap        ] GC(130) Survivor regions: 12->22(22)
[12.928s][info][gc,heap        ] GC(130) Old regions: 37->53
[12.928s][info][gc,heap        ] GC(130) Archive regions: 0->0
[12.928s][info][gc,heap        ] GC(130) Humongous regions: 11->11
[12.928s][info][gc,metaspace   ] GC(130) Metaspace: 8598K(8832K)->8598K(8832K) NonClass: 7445K(7552K)->7445K(7552K) Class: 1153K(1280K)->1153K(1280K)
[12.928s][info][gc             ] GC(130) Pause Young (Normal) (G1 Evacuation Pause) 214M->82M(288M) 29.771ms
[12.928s][info][gc,cpu         ] GC(130) User=0.19s Sys=0.00s Real=0.03s
[13.215s][info][gc,start       ] GC(131) Pause Full (System.gc())
[13.215s][info][gc,task        ] GC(131) Using 6 workers of 33 for full compaction
[13.215s][info][gc,phases,start] GC(131) Phase 1: Mark live objects
[13.219s][info][gc,phases      ] GC(131) Phase 1: Mark live objects 3.580ms
[13.219s][info][gc,phases,start] GC(131) Phase 2: Prepare compaction
[13.220s][info][gc,phases      ] GC(131) Phase 2: Prepare compaction 1.124ms
[13.220s][info][gc,phases,start] GC(131) Phase 3: Adjust pointers
[13.223s][info][gc,phases      ] GC(131) Phase 3: Adjust pointers 2.603ms
[13.223s][info][gc,phases,start] GC(131) Phase 4: Compact heap
[13.224s][info][gc,phases      ] GC(131) Phase 4: Compact heap 0.797ms
[13.226s][info][gc,heap        ] GC(131) Eden regions: 64->0(6)
[13.226s][info][gc,heap        ] GC(131) Survivor regions: 22->0(22)
[13.226s][info][gc,heap        ] GC(131) Old regions: 53->6
[13.226s][info][gc,heap        ] GC(131) Archive regions: 0->0
[13.226s][info][gc,heap        ] GC(131) Humongous regions: 22->0
[13.226s][info][gc,metaspace   ] GC(131) Metaspace: 8598K(8832K)->8598K(8832K) NonClass: 7445K(7552K)->7445K(7552K) Class: 1153K(1280K)->1153K(1280K)
[13.226s][info][gc             ] GC(131) Pause Full (System.gc()) 156M->3M(20M) 11.551ms
[13.226s][info][gc,cpu         ] GC(131) User=0.00s Sys=0.00s Real=0.00s
[13.230s][info][gc,start       ] GC(132) Pause Young (Normal) (G1 Evacuation Pause)
[13.230s][info][gc,task        ] GC(132) Using 4 workers of 33 for evacuation
[13.231s][info][gc,phases      ] GC(132)   Pre Evacuate Collection Set: 0.0ms
[13.231s][info][gc,phases      ] GC(132)   Merge Heap Roots: 0.0ms
[13.231s][info][gc,phases      ] GC(132)   Evacuate Collection Set: 0.2ms
[13.231s][info][gc,phases      ] GC(132)   Post Evacuate Collection Set: 0.2ms
[13.231s][info][gc,phases      ] GC(132)   Other: 0.1ms
[13.231s][info][gc,heap        ] GC(132) Eden regions: 6->0(5)
[13.231s][info][gc,heap        ] GC(132) Survivor regions: 0->1(1)
[13.231s][info][gc,heap        ] GC(132) Old regions: 6->7
[13.231s][info][gc,heap        ] GC(132) Archive regions: 0->0
[13.231s][info][gc,heap        ] GC(132) Humongous regions: 0->0
[13.231s][info][gc,metaspace   ] GC(132) Metaspace: 8598K(8832K)->8598K(8832K) NonClass: 7445K(7552K)->7445K(7552K) Class: 1153K(1280K)->1153K(1280K)
[13.231s][info][gc             ] GC(132) Pause Young (Normal) (G1 Evacuation Pause) 9M->5M(20M) 1.045ms
[13.231s][info][gc,cpu         ] GC(132) User=0.06s Sys=0.00s Real=0.02s
[13.234s][info][gc,start       ] GC(133) Pause Young (Normal) (G1 Evacuation Pause)
[13.234s][info][gc,task        ] GC(133) Using 3 workers of 33 for evacuation
[13.235s][info][gc,phases      ] GC(133)   Pre Evacuate Collection Set: 0.0ms
[13.235s][info][gc,phases      ] GC(133)   Merge Heap Roots: 0.0ms
[13.236s][info][gc,phases      ] GC(133)   Evacuate Collection Set: 0.2ms
[13.236s][info][gc,phases      ] GC(133)   Post Evacuate Collection Set: 1.2ms
[13.236s][info][gc,phases      ] GC(133)   Other: 0.1ms
[13.236s][info][gc,heap        ] GC(133) Eden regions: 5->0(158)
[13.236s][info][gc,heap        ] GC(133) Survivor regions: 1->1(1)
[13.236s][info][gc,heap        ] GC(133) Old regions: 7->7
[13.236s][info][gc,heap        ] GC(133) Archive regions: 0->0
[13.236s][info][gc,heap        ] GC(133) Humongous regions: 0->0
[13.236s][info][gc,metaspace   ] GC(133) Metaspace: 8598K(8832K)->8598K(8832K) NonClass: 7445K(7552K)->7445K(7552K) Class: 1153K(1280K)->1153K(1280K)
[13.236s][info][gc             ] GC(133) Pause Young (Normal) (G1 Evacuation Pause) 10M->5M(266M) 1.990ms
[13.236s][info][gc,cpu         ] GC(133) User=0.00s Sys=0.00s Real=0.00s
[13.317s][info][gc,start       ] GC(134) Pause Young (Normal) (G1 Evacuation Pause)
[13.317s][info][gc,task        ] GC(134) Using 6 workers of 33 for evacuation
[13.318s][info][gc,phases      ] GC(134)   Pre Evacuate Collection Set: 0.1ms
[13.318s][info][gc,phases      ] GC(134)   Merge Heap Roots: 0.1ms
[13.318s][info][gc,phases      ] GC(134)   Evacuate Collection Set: 0.9ms
[13.319s][info][gc,phases      ] GC(134)   Post Evacuate Collection Set: 0.3ms
[13.319s][info][gc,phases      ] GC(134)   Other: 0.1ms
[13.319s][info][gc,heap        ] GC(134) Eden regions: 158->0(157)
[13.319s][info][gc,heap        ] GC(134) Survivor regions: 1->2(20)
[13.319s][info][gc,heap        ] GC(134) Old regions: 7->7
[13.319s][info][gc,heap        ] GC(134) Archive regions: 0->0
[13.319s][info][gc,heap        ] GC(134) Humongous regions: 0->0
[13.319s][info][gc,metaspace   ] GC(134) Metaspace: 8598K(8832K)->8598K(8832K) NonClass: 7445K(7552K)->7445K(7552K) Class: 1153K(1280K)->1153K(1280K)
[13.319s][info][gc             ] GC(134) Pause Young (Normal) (G1 Evacuation Pause) 163M->5M(266M) 1.818ms
[13.319s][info][gc,cpu         ] GC(134) User=0.00s Sys=0.00s Real=0.00s
[13.397s][info][gc,start       ] GC(135) Pause Young (Normal) (G1 Evacuation Pause)
[13.397s][info][gc,task        ] GC(135) Using 6 workers of 33 for evacuation
[13.399s][info][gc,phases      ] GC(135)   Pre Evacuate Collection Set: 0.1ms
[13.399s][info][gc,phases      ] GC(135)   Merge Heap Roots: 0.1ms
[13.399s][info][gc,phases      ] GC(135)   Evacuate Collection Set: 1.4ms
[13.399s][info][gc,phases      ] GC(135)   Post Evacuate Collection Set: 0.3ms
[13.399s][info][gc,phases      ] GC(135)   Other: 0.1ms
[13.399s][info][gc,heap        ] GC(135) Eden regions: 157->0(157)
[13.399s][info][gc,heap        ] GC(135) Survivor regions: 2->2(20)
[13.399s][info][gc,heap        ] GC(135) Old regions: 7->7
[13.399s][info][gc,heap        ] GC(135) Archive regions: 0->0
[13.399s][info][gc,heap        ] GC(135) Humongous regions: 0->0
[13.399s][info][gc,metaspace   ] GC(135) Metaspace: 8598K(8832K)->8598K(8832K) NonClass: 7445K(7552K)->7445K(7552K) Class: 1153K(1280K)->1153K(1280K)
[13.399s][info][gc             ] GC(135) Pause Young (Normal) (G1 Evacuation Pause) 162M->5M(266M) 2.387ms
[13.399s][info][gc,cpu         ] GC(135) User=0.00s Sys=0.00s Real=0.00s
[13.483s][info][gc,start       ] GC(136) Pause Young (Normal) (G1 Evacuation Pause)
[13.483s][info][gc,task        ] GC(136) Using 6 workers of 33 for evacuation
[13.486s][info][gc,phases      ] GC(136)   Pre Evacuate Collection Set: 0.1ms
[13.486s][info][gc,phases      ] GC(136)   Merge Heap Roots: 0.1ms
[13.486s][info][gc,phases      ] GC(136)   Evacuate Collection Set: 1.8ms
[13.486s][info][gc,phases      ] GC(136)   Post Evacuate Collection Set: 0.3ms
[13.486s][info][gc,phases      ] GC(136)   Other: 0.1ms
[13.486s][info][gc,heap        ] GC(136) Eden regions: 157->0(156)
[13.486s][info][gc,heap        ] GC(136) Survivor regions: 2->3(20)
[13.486s][info][gc,heap        ] GC(136) Old regions: 7->7
[13.486s][info][gc,heap        ] GC(136) Archive regions: 0->0
[13.486s][info][gc,heap        ] GC(136) Humongous regions: 0->0
[13.486s][info][gc,metaspace   ] GC(136) Metaspace: 8598K(8832K)->8598K(8832K) NonClass: 7445K(7552K)->7445K(7552K) Class: 1153K(1280K)->1153K(1280K)
[13.486s][info][gc             ] GC(136) Pause Young (Normal) (G1 Evacuation Pause) 162M->6M(266M) 2.737ms
[13.486s][info][gc,cpu         ] GC(136) User=0.02s Sys=0.00s Real=0.02s
[13.563s][info][gc,start       ] GC(137) Pause Young (Normal) (G1 Evacuation Pause)
[13.563s][info][gc,task        ] GC(137) Using 6 workers of 33 for evacuation
[13.565s][info][gc,phases      ] GC(137)   Pre Evacuate Collection Set: 0.1ms
[13.565s][info][gc,phases      ] GC(137)   Merge Heap Roots: 0.1ms
[13.566s][info][gc,phases      ] GC(137)   Evacuate Collection Set: 2.0ms
[13.566s][info][gc,phases      ] GC(137)   Post Evacuate Collection Set: 0.3ms
[13.566s][info][gc,phases      ] GC(137)   Other: 0.1ms
[13.566s][info][gc,heap        ] GC(137) Eden regions: 156->0(156)
[13.566s][info][gc,heap        ] GC(137) Survivor regions: 3->3(20)
[13.566s][info][gc,heap        ] GC(137) Old regions: 7->7
[13.566s][info][gc,heap        ] GC(137) Archive regions: 0->0
[13.566s][info][gc,heap        ] GC(137) Humongous regions: 0->0
[13.566s][info][gc,metaspace   ] GC(137) Metaspace: 8598K(8832K)->8598K(8832K) NonClass: 7445K(7552K)->7445K(7552K) Class: 1153K(1280K)->1153K(1280K)
[13.566s][info][gc             ] GC(137) Pause Young (Normal) (G1 Evacuation Pause) 162M->7M(266M) 2.927ms
[13.566s][info][gc,cpu         ] GC(137) User=0.00s Sys=0.00s Real=0.00s
[13.643s][info][gc,start       ] GC(138) Pause Young (Normal) (G1 Evacuation Pause)
[13.644s][info][gc,task        ] GC(138) Using 6 workers of 33 for evacuation
[13.646s][info][gc,phases      ] GC(138)   Pre Evacuate Collection Set: 0.1ms
[13.646s][info][gc,phases      ] GC(138)   Merge Heap Roots: 0.1ms
[13.647s][info][gc,phases      ] GC(138)   Evacuate Collection Set: 2.4ms
[13.647s][info][gc,phases      ] GC(138)   Post Evacuate Collection Set: 0.3ms
[13.647s][info][gc,phases      ] GC(138)   Other: 0.1ms
[13.647s][info][gc,heap        ] GC(138) Eden regions: 156->0(155)
[13.647s][info][gc,heap        ] GC(138) Survivor regions: 3->4(20)
[13.647s][info][gc,heap        ] GC(138) Old regions: 7->7
[13.647s][info][gc,heap        ] GC(138) Archive regions: 0->0
[13.647s][info][gc,heap        ] GC(138) Humongous regions: 0->0
[13.647s][info][gc,metaspace   ] GC(138) Metaspace: 8598K(8832K)->8598K(8832K) NonClass: 7445K(7552K)->7445K(7552K) Class: 1153K(1280K)->1153K(1280K)
[13.647s][info][gc             ] GC(138) Pause Young (Normal) (G1 Evacuation Pause) 163M->7M(266M) 3.380ms
[13.647s][info][gc,cpu         ] GC(138) User=0.00s Sys=0.00s Real=0.00s
[13.744s][info][gc,start       ] GC(139) Pause Young (Normal) (G1 Evacuation Pause)
[13.744s][info][gc,task        ] GC(139) Using 6 workers of 33 for evacuation
[13.747s][info][gc,phases      ] GC(139)   Pre Evacuate Collection Set: 0.1ms
[13.747s][info][gc,phases      ] GC(139)   Merge Heap Roots: 0.1ms
[13.747s][info][gc,phases      ] GC(139)   Evacuate Collection Set: 2.4ms
[13.747s][info][gc,phases      ] GC(139)   Post Evacuate Collection Set: 0.3ms
[13.747s][info][gc,phases      ] GC(139)   Other: 0.1ms
[13.747s][info][gc,heap        ] GC(139) Eden regions: 155->0(155)
[13.747s][info][gc,heap        ] GC(139) Survivor regions: 4->4(20)
[13.747s][info][gc,heap        ] GC(139) Old regions: 7->7
[13.747s][info][gc,heap        ] GC(139) Archive regions: 0->0
[13.747s][info][gc,heap        ] GC(139) Humongous regions: 0->0
[13.747s][info][gc,metaspace   ] GC(139) Metaspace: 8598K(8832K)->8598K(8832K) NonClass: 7445K(7552K)->7445K(7552K) Class: 1153K(1280K)->1153K(1280K)
[13.747s][info][gc             ] GC(139) Pause Young (Normal) (G1 Evacuation Pause) 162M->8M(266M) 3.405ms
[13.747s][info][gc,cpu         ] GC(139) User=0.00s Sys=0.00s Real=0.00s
[13.841s][info][gc,start       ] GC(140) Pause Young (Normal) (G1 Evacuation Pause)
[13.841s][info][gc,task        ] GC(140) Using 6 workers of 33 for evacuation
[13.845s][info][gc,phases      ] GC(140)   Pre Evacuate Collection Set: 0.1ms
[13.845s][info][gc,phases      ] GC(140)   Merge Heap Roots: 0.1ms
[13.845s][info][gc,phases      ] GC(140)   Evacuate Collection Set: 3.0ms
[13.845s][info][gc,phases      ] GC(140)   Post Evacuate Collection Set: 0.3ms
[13.845s][info][gc,phases      ] GC(140)   Other: 0.1ms
[13.845s][info][gc,heap        ] GC(140) Eden regions: 155->0(154)
[13.845s][info][gc,heap        ] GC(140) Survivor regions: 4->5(20)
[13.845s][info][gc,heap        ] GC(140) Old regions: 7->7
[13.845s][info][gc,heap        ] GC(140) Archive regions: 0->0
[13.845s][info][gc,heap        ] GC(140) Humongous regions: 0->0
[13.845s][info][gc,metaspace   ] GC(140) Metaspace: 8598K(8832K)->8598K(8832K) NonClass: 7445K(7552K)->7445K(7552K) Class: 1153K(1280K)->1153K(1280K)
[13.845s][info][gc             ] GC(140) Pause Young (Normal) (G1 Evacuation Pause) 163M->8M(266M) 4.002ms
[13.845s][info][gc,cpu         ] GC(140) User=0.02s Sys=0.00s Real=0.01s
[13.936s][info][gc,start       ] GC(141) Pause Young (Normal) (G1 Evacuation Pause)
[13.936s][info][gc,task        ] GC(141) Using 6 workers of 33 for evacuation
[13.941s][info][gc,phases      ] GC(141)   Pre Evacuate Collection Set: 0.1ms
[13.941s][info][gc,phases      ] GC(141)   Merge Heap Roots: 0.1ms
[13.941s][info][gc,phases      ] GC(141)   Evacuate Collection Set: 3.7ms
[13.941s][info][gc,phases      ] GC(141)   Post Evacuate Collection Set: 0.3ms
[13.941s][info][gc,phases      ] GC(141)   Other: 0.1ms
[13.941s][info][gc,heap        ] GC(141) Eden regions: 154->0(154)
[13.941s][info][gc,heap        ] GC(141) Survivor regions: 5->5(20)
[13.941s][info][gc,heap        ] GC(141) Old regions: 7->7
[13.941s][info][gc,heap        ] GC(141) Archive regions: 0->0
[13.941s][info][gc,heap        ] GC(141) Humongous regions: 0->0
[13.941s][info][gc,metaspace   ] GC(141) Metaspace: 8598K(8832K)->8598K(8832K) NonClass: 7445K(7552K)->7445K(7552K) Class: 1153K(1280K)->1153K(1280K)
[13.941s][info][gc             ] GC(141) Pause Young (Normal) (G1 Evacuation Pause) 162M->9M(266M) 4.708ms
[13.941s][info][gc,cpu         ] GC(141) User=0.09s Sys=0.00s Real=0.00s
[14.018s][info][gc,start       ] GC(142) Pause Young (Normal) (G1 Evacuation Pause)
[14.018s][info][gc,task        ] GC(142) Using 6 workers of 33 for evacuation
[14.023s][info][gc,phases      ] GC(142)   Pre Evacuate Collection Set: 0.1ms
[14.023s][info][gc,phases      ] GC(142)   Merge Heap Roots: 0.1ms
[14.023s][info][gc,phases      ] GC(142)   Evacuate Collection Set: 3.7ms
[14.023s][info][gc,phases      ] GC(142)   Post Evacuate Collection Set: 0.3ms
[14.023s][info][gc,phases      ] GC(142)   Other: 0.1ms
[14.023s][info][gc,heap        ] GC(142) Eden regions: 154->0(153)
[14.023s][info][gc,heap        ] GC(142) Survivor regions: 5->6(20)
[14.023s][info][gc,heap        ] GC(142) Old regions: 7->7
[14.023s][info][gc,heap        ] GC(142) Archive regions: 0->0
[14.023s][info][gc,heap        ] GC(142) Humongous regions: 0->0
[14.023s][info][gc,metaspace   ] GC(142) Metaspace: 8598K(8832K)->8598K(8832K) NonClass: 7445K(7552K)->7445K(7552K) Class: 1153K(1280K)->1153K(1280K)
[14.023s][info][gc             ] GC(142) Pause Young (Normal) (G1 Evacuation Pause) 163M->10M(266M) 4.727ms
[14.023s][info][gc,cpu         ] GC(142) User=0.09s Sys=0.00s Real=0.01s
[14.100s][info][gc,start       ] GC(143) Pause Young (Normal) (G1 Evacuation Pause)
[14.100s][info][gc,task        ] GC(143) Using 6 workers of 33 for evacuation
[14.105s][info][gc,phases      ] GC(143)   Pre Evacuate Collection Set: 0.1ms
[14.105s][info][gc,phases      ] GC(143)   Merge Heap Roots: 0.1ms
[14.105s][info][gc,phases      ] GC(143)   Evacuate Collection Set: 4.0ms
[14.105s][info][gc,phases      ] GC(143)   Post Evacuate Collection Set: 0.3ms
[14.105s][info][gc,phases      ] GC(143)   Other: 0.1ms
[14.105s][info][gc,heap        ] GC(143) Eden regions: 153->0(152)
[14.105s][info][gc,heap        ] GC(143) Survivor regions: 6->7(20)
[14.105s][info][gc,heap        ] GC(143) Old regions: 7->7
[14.105s][info][gc,heap        ] GC(143) Archive regions: 0->0
[14.105s][info][gc,heap        ] GC(143) Humongous regions: 0->0
[14.105s][info][gc,metaspace   ] GC(143) Metaspace: 8598K(8832K)->8598K(8832K) NonClass: 7445K(7552K)->7445K(7552K) Class: 1153K(1280K)->1153K(1280K)
[14.105s][info][gc             ] GC(143) Pause Young (Normal) (G1 Evacuation Pause) 163M->10M(266M) 4.957ms
[14.105s][info][gc,cpu         ] GC(143) User=0.00s Sys=0.00s Real=0.00s
[14.188s][info][gc,start       ] GC(144) Pause Young (Normal) (G1 Evacuation Pause)
[14.189s][info][gc,task        ] GC(144) Using 6 workers of 33 for evacuation
[14.194s][info][gc,phases      ] GC(144)   Pre Evacuate Collection Set: 0.1ms
[14.194s][info][gc,phases      ] GC(144)   Merge Heap Roots: 0.1ms
[14.194s][info][gc,phases      ] GC(144)   Evacuate Collection Set: 4.4ms
[14.194s][info][gc,phases      ] GC(144)   Post Evacuate Collection Set: 0.3ms
[14.194s][info][gc,phases      ] GC(144)   Other: 0.1ms
[14.194s][info][gc,heap        ] GC(144) Eden regions: 152->0(152)
[14.194s][info][gc,heap        ] GC(144) Survivor regions: 7->7(20)
[14.194s][info][gc,heap        ] GC(144) Old regions: 7->7
[14.194s][info][gc,heap        ] GC(144) Archive regions: 0->0
[14.194s][info][gc,heap        ] GC(144) Humongous regions: 0->0
[14.194s][info][gc,metaspace   ] GC(144) Metaspace: 8598K(8832K)->8598K(8832K) NonClass: 7445K(7552K)->7445K(7552K) Class: 1153K(1280K)->1153K(1280K)
[14.194s][info][gc             ] GC(144) Pause Young (Normal) (G1 Evacuation Pause) 162M->11M(266M) 5.419ms
[14.194s][info][gc,cpu         ] GC(144) User=0.00s Sys=0.00s Real=0.01s
[14.271s][info][gc,start       ] GC(145) Pause Young (Normal) (G1 Evacuation Pause)
[14.271s][info][gc,task        ] GC(145) Using 6 workers of 33 for evacuation
[14.276s][info][gc,phases      ] GC(145)   Pre Evacuate Collection Set: 0.1ms
[14.276s][info][gc,phases      ] GC(145)   Merge Heap Roots: 0.1ms
[14.276s][info][gc,phases      ] GC(145)   Evacuate Collection Set: 4.6ms
[14.276s][info][gc,phases      ] GC(145)   Post Evacuate Collection Set: 0.3ms
[14.276s][info][gc,phases      ] GC(145)   Other: 0.1ms
[14.276s][info][gc,heap        ] GC(145) Eden regions: 152->0(151)
[14.277s][info][gc,heap        ] GC(145) Survivor regions: 7->8(20)
[14.277s][info][gc,heap        ] GC(145) Old regions: 7->7
[14.277s][info][gc,heap        ] GC(145) Archive regions: 0->0
[14.277s][info][gc,heap        ] GC(145) Humongous regions: 0->0
[14.277s][info][gc,metaspace   ] GC(145) Metaspace: 8598K(8832K)->8598K(8832K) NonClass: 7445K(7552K)->7445K(7552K) Class: 1153K(1280K)->1153K(1280K)
[14.277s][info][gc             ] GC(145) Pause Young (Normal) (G1 Evacuation Pause) 163M->12M(266M) 5.655ms
[14.277s][info][gc,cpu         ] GC(145) User=0.00s Sys=0.00s Real=0.00s
[14.354s][info][gc,start       ] GC(146) Pause Young (Normal) (G1 Evacuation Pause)
[14.354s][info][gc,task        ] GC(146) Using 6 workers of 33 for evacuation
[14.360s][info][gc,phases      ] GC(146)   Pre Evacuate Collection Set: 0.1ms
[14.360s][info][gc,phases      ] GC(146)   Merge Heap Roots: 0.1ms
[14.360s][info][gc,phases      ] GC(146)   Evacuate Collection Set: 5.1ms
[14.360s][info][gc,phases      ] GC(146)   Post Evacuate Collection Set: 0.3ms
[14.360s][info][gc,phases      ] GC(146)   Other: 0.1ms
[14.360s][info][gc,heap        ] GC(146) Eden regions: 151->0(151)
[14.360s][info][gc,heap        ] GC(146) Survivor regions: 8->8(20)
[14.360s][info][gc,heap        ] GC(146) Old regions: 7->7
[14.360s][info][gc,heap        ] GC(146) Archive regions: 0->0
[14.360s][info][gc,heap        ] GC(146) Humongous regions: 0->0
[14.360s][info][gc,metaspace   ] GC(146) Metaspace: 8598K(8832K)->8598K(8832K) NonClass: 7445K(7552K)->7445K(7552K) Class: 1153K(1280K)->1153K(1280K)
[14.360s][info][gc             ] GC(146) Pause Young (Normal) (G1 Evacuation Pause) 163M->12M(266M) 6.056ms
[14.360s][info][gc,cpu         ] GC(146) User=0.00s Sys=0.00s Real=0.00s
[14.440s][info][gc,start       ] GC(147) Pause Young (Normal) (G1 Evacuation Pause)
[14.440s][info][gc,task        ] GC(147) Using 6 workers of 33 for evacuation
[14.446s][info][gc,phases      ] GC(147)   Pre Evacuate Collection Set: 0.1ms
[14.446s][info][gc,phases      ] GC(147)   Merge Heap Roots: 0.1ms
[14.446s][info][gc,phases      ] GC(147)   Evacuate Collection Set: 5.5ms
[14.446s][info][gc,phases      ] GC(147)   Post Evacuate Collection Set: 0.3ms
[14.446s][info][gc,phases      ] GC(147)   Other: 0.1ms
[14.447s][info][gc,heap        ] GC(147) Eden regions: 151->0(150)
[14.447s][info][gc,heap        ] GC(147) Survivor regions: 8->9(20)
[14.447s][info][gc,heap        ] GC(147) Old regions: 7->8
[14.447s][info][gc,heap        ] GC(147) Archive regions: 0->0
[14.447s][info][gc,heap        ] GC(147) Humongous regions: 0->0
[14.447s][info][gc,metaspace   ] GC(147) Metaspace: 8598K(8832K)->8598K(8832K) NonClass: 7445K(7552K)->7445K(7552K) Class: 1153K(1280K)->1153K(1280K)
[14.447s][info][gc             ] GC(147) Pause Young (Normal) (G1 Evacuation Pause) 163M->12M(266M) 6.443ms
[14.447s][info][gc,cpu         ] GC(147) User=0.09s Sys=0.00s Real=0.02s
[14.524s][info][gc,start       ] GC(148) Pause Young (Normal) (G1 Evacuation Pause)
[14.524s][info][gc,task        ] GC(148) Using 6 workers of 33 for evacuation
[14.530s][info][gc,phases      ] GC(148)   Pre Evacuate Collection Set: 0.1ms
[14.530s][info][gc,phases      ] GC(148)   Merge Heap Roots: 0.1ms
[14.530s][info][gc,phases      ] GC(148)   Evacuate Collection Set: 5.7ms
[14.530s][info][gc,phases      ] GC(148)   Post Evacuate Collection Set: 0.3ms
[14.530s][info][gc,phases      ] GC(148)   Other: 0.1ms
[14.530s][info][gc,heap        ] GC(148) Eden regions: 150->0(150)
[14.530s][info][gc,heap        ] GC(148) Survivor regions: 9->9(20)
[14.530s][info][gc,heap        ] GC(148) Old regions: 8->8
[14.530s][info][gc,heap        ] GC(148) Archive regions: 0->0
[14.530s][info][gc,heap        ] GC(148) Humongous regions: 0->0
[14.530s][info][gc,metaspace   ] GC(148) Metaspace: 8598K(8832K)->8598K(8832K) NonClass: 7445K(7552K)->7445K(7552K) Class: 1153K(1280K)->1153K(1280K)
[14.530s][info][gc             ] GC(148) Pause Young (Normal) (G1 Evacuation Pause) 162M->13M(266M) 6.612ms
[14.530s][info][gc,cpu         ] GC(148) User=0.09s Sys=0.00s Real=0.02s
[14.609s][info][gc,start       ] GC(149) Pause Young (Normal) (G1 Evacuation Pause)
[14.609s][info][gc,task        ] GC(149) Using 6 workers of 33 for evacuation
[14.615s][info][gc,phases      ] GC(149)   Pre Evacuate Collection Set: 0.1ms
[14.615s][info][gc,phases      ] GC(149)   Merge Heap Roots: 0.1ms
[14.615s][info][gc,phases      ] GC(149)   Evacuate Collection Set: 5.9ms
[14.615s][info][gc,phases      ] GC(149)   Post Evacuate Collection Set: 0.3ms
[14.615s][info][gc,phases      ] GC(149)   Other: 0.1ms
[14.615s][info][gc,heap        ] GC(149) Eden regions: 150->0(150)
[14.615s][info][gc,heap        ] GC(149) Survivor regions: 9->9(20)
[14.615s][info][gc,heap        ] GC(149) Old regions: 8->8
[14.616s][info][gc,heap        ] GC(149) Archive regions: 0->0
[14.616s][info][gc,heap        ] GC(149) Humongous regions: 0->0
[14.616s][info][gc,metaspace   ] GC(149) Metaspace: 8598K(8832K)->8598K(8832K) NonClass: 7445K(7552K)->7445K(7552K) Class: 1153K(1280K)->1153K(1280K)
[14.616s][info][gc             ] GC(149) Pause Young (Normal) (G1 Evacuation Pause) 163M->13M(266M) 6.809ms
[14.616s][info][gc,cpu         ] GC(149) User=0.00s Sys=0.00s Real=0.00s
[14.715s][info][gc,start       ] GC(150) Pause Young (Normal) (G1 Evacuation Pause)
[14.715s][info][gc,task        ] GC(150) Using 6 workers of 33 for evacuation
[14.721s][info][gc,phases      ] GC(150)   Pre Evacuate Collection Set: 0.1ms
[14.721s][info][gc,phases      ] GC(150)   Merge Heap Roots: 0.1ms
[14.721s][info][gc,phases      ] GC(150)   Evacuate Collection Set: 5.7ms
[14.721s][info][gc,phases      ] GC(150)   Post Evacuate Collection Set: 0.3ms
[14.721s][info][gc,phases      ] GC(150)   Other: 0.1ms
[14.721s][info][gc,heap        ] GC(150) Eden regions: 150->0(149)
[14.721s][info][gc,heap        ] GC(150) Survivor regions: 9->10(20)
[14.721s][info][gc,heap        ] GC(150) Old regions: 8->8
[14.721s][info][gc,heap        ] GC(150) Archive regions: 0->0
[14.721s][info][gc,heap        ] GC(150) Humongous regions: 0->0
[14.721s][info][gc,metaspace   ] GC(150) Metaspace: 8598K(8832K)->8598K(8832K) NonClass: 7445K(7552K)->7445K(7552K) Class: 1153K(1280K)->1153K(1280K)
[14.721s][info][gc             ] GC(150) Pause Young (Normal) (G1 Evacuation Pause) 163M->14M(266M) 6.674ms
[14.721s][info][gc,cpu         ] GC(150) User=0.09s Sys=0.00s Real=0.02s
[14.813s][info][gc,start       ] GC(151) Pause Young (Normal) (G1 Evacuation Pause)
[14.813s][info][gc,task        ] GC(151) Using 6 workers of 33 for evacuation
[14.818s][info][gc,phases      ] GC(151)   Pre Evacuate Collection Set: 0.1ms
[14.818s][info][gc,phases      ] GC(151)   Merge Heap Roots: 0.1ms
[14.818s][info][gc,phases      ] GC(151)   Evacuate Collection Set: 4.7ms
[14.818s][info][gc,phases      ] GC(151)   Post Evacuate Collection Set: 0.3ms
[14.818s][info][gc,phases      ] GC(151)   Other: 0.1ms
[14.818s][info][gc,heap        ] GC(151) Eden regions: 149->0(148)
[14.818s][info][gc,heap        ] GC(151) Survivor regions: 10->11(20)
[14.818s][info][gc,heap        ] GC(151) Old regions: 8->8
[14.818s][info][gc,heap        ] GC(151) Archive regions: 0->0
[14.818s][info][gc,heap        ] GC(151) Humongous regions: 0->0
[14.818s][info][gc,metaspace   ] GC(151) Metaspace: 8598K(8832K)->8598K(8832K) NonClass: 7445K(7552K)->7445K(7552K) Class: 1153K(1280K)->1153K(1280K)
[14.818s][info][gc             ] GC(151) Pause Young (Normal) (G1 Evacuation Pause) 163M->15M(266M) 5.689ms
[14.818s][info][gc,cpu         ] GC(151) User=0.00s Sys=0.00s Real=0.00s
[14.892s][info][gc,start       ] GC(152) Pause Young (Normal) (G1 Evacuation Pause)
[14.892s][info][gc,task        ] GC(152) Using 6 workers of 33 for evacuation
[14.897s][info][gc,phases      ] GC(152)   Pre Evacuate Collection Set: 0.1ms
[14.897s][info][gc,phases      ] GC(152)   Merge Heap Roots: 0.1ms
[14.898s][info][gc,phases      ] GC(152)   Evacuate Collection Set: 5.1ms
[14.898s][info][gc,phases      ] GC(152)   Post Evacuate Collection Set: 0.3ms
[14.898s][info][gc,phases      ] GC(152)   Other: 0.1ms
[14.898s][info][gc,heap        ] GC(152) Eden regions: 148->0(148)
[14.898s][info][gc,heap        ] GC(152) Survivor regions: 11->11(20)
[14.898s][info][gc,heap        ] GC(152) Old regions: 8->8
[14.898s][info][gc,heap        ] GC(152) Archive regions: 0->0
[14.898s][info][gc,heap        ] GC(152) Humongous regions: 0->0
[14.898s][info][gc,metaspace   ] GC(152) Metaspace: 8598K(8832K)->8598K(8832K) NonClass: 7445K(7552K)->7445K(7552K) Class: 1153K(1280K)->1153K(1280K)
[14.898s][info][gc             ] GC(152) Pause Young (Normal) (G1 Evacuation Pause) 163M->15M(266M) 6.028ms
[14.898s][info][gc,cpu         ] GC(152) User=0.00s Sys=0.00s Real=0.00s
[14.977s][info][gc,start       ] GC(153) Pause Young (Normal) (G1 Evacuation Pause)
[14.977s][info][gc,task        ] GC(153) Using 6 workers of 33 for evacuation
[14.985s][info][gc,phases      ] GC(153)   Pre Evacuate Collection Set: 0.1ms
[14.985s][info][gc,phases      ] GC(153)   Merge Heap Roots: 0.1ms
[14.985s][info][gc,phases      ] GC(153)   Evacuate Collection Set: 7.1ms
[14.985s][info][gc,phases      ] GC(153)   Post Evacuate Collection Set: 0.3ms
[14.985s][info][gc,phases      ] GC(153)   Other: 0.1ms
[14.985s][info][gc,heap        ] GC(153) Eden regions: 148->0(147)
[14.985s][info][gc,heap        ] GC(153) Survivor regions: 11->12(20)
[14.985s][info][gc,heap        ] GC(153) Old regions: 8->8
[14.985s][info][gc,heap        ] GC(153) Archive regions: 0->0
[14.985s][info][gc,heap        ] GC(153) Humongous regions: 0->0
[14.985s][info][gc,metaspace   ] GC(153) Metaspace: 8598K(8832K)->8598K(8832K) NonClass: 7445K(7552K)->7445K(7552K) Class: 1153K(1280K)->1153K(1280K)
[14.985s][info][gc             ] GC(153) Pause Young (Normal) (G1 Evacuation Pause) 163M->16M(266M) 8.131ms
[14.985s][info][gc,cpu         ] GC(153) User=0.09s Sys=0.00s Real=0.02s
[15.059s][info][gc,start       ] GC(154) Pause Young (Normal) (G1 Evacuation Pause)
[15.059s][info][gc,task        ] GC(154) Using 6 workers of 33 for evacuation
[15.067s][info][gc,phases      ] GC(154)   Pre Evacuate Collection Set: 0.1ms
[15.067s][info][gc,phases      ] GC(154)   Merge Heap Roots: 0.1ms
[15.067s][info][gc,phases      ] GC(154)   Evacuate Collection Set: 7.5ms
[15.067s][info][gc,phases      ] GC(154)   Post Evacuate Collection Set: 0.3ms
[15.067s][info][gc,phases      ] GC(154)   Other: 0.1ms
[15.067s][info][gc,heap        ] GC(154) Eden regions: 147->0(151)
[15.067s][info][gc,heap        ] GC(154) Survivor regions: 12->8(20)
[15.067s][info][gc,heap        ] GC(154) Old regions: 8->12
[15.067s][info][gc,heap        ] GC(154) Archive regions: 0->0
[15.067s][info][gc,heap        ] GC(154) Humongous regions: 0->0
[15.067s][info][gc,metaspace   ] GC(154) Metaspace: 8598K(8832K)->8598K(8832K) NonClass: 7445K(7552K)->7445K(7552K) Class: 1153K(1280K)->1153K(1280K)
[15.067s][info][gc             ] GC(154) Pause Young (Normal) (G1 Evacuation Pause) 163M->16M(266M) 8.507ms
[15.067s][info][gc,cpu         ] GC(154) User=0.09s Sys=0.00s Real=0.01s
[15.151s][info][gc,start       ] GC(155) Pause Young (Normal) (G1 Evacuation Pause)
[15.151s][info][gc,task        ] GC(155) Using 6 workers of 33 for evacuation
[15.156s][info][gc,phases      ] GC(155)   Pre Evacuate Collection Set: 0.1ms
[15.156s][info][gc,phases      ] GC(155)   Merge Heap Roots: 0.1ms
[15.156s][info][gc,phases      ] GC(155)   Evacuate Collection Set: 5.0ms
[15.156s][info][gc,phases      ] GC(155)   Post Evacuate Collection Set: 0.3ms
[15.156s][info][gc,phases      ] GC(155)   Other: 0.1ms
[15.156s][info][gc,heap        ] GC(155) Eden regions: 151->0(151)
[15.157s][info][gc,heap        ] GC(155) Survivor regions: 8->8(20)
[15.157s][info][gc,heap        ] GC(155) Old regions: 12->12
[15.157s][info][gc,heap        ] GC(155) Archive regions: 0->0
[15.157s][info][gc,heap        ] GC(155) Humongous regions: 0->0
[15.157s][info][gc,metaspace   ] GC(155) Metaspace: 8598K(8832K)->8598K(8832K) NonClass: 7445K(7552K)->7445K(7552K) Class: 1153K(1280K)->1153K(1280K)
[15.157s][info][gc             ] GC(155) Pause Young (Normal) (G1 Evacuation Pause) 167M->16M(266M) 5.992ms
[15.157s][info][gc,cpu         ] GC(155) User=0.00s Sys=0.00s Real=0.00s
[15.233s][info][gc,start       ] GC(156) Pause Young (Normal) (G1 Evacuation Pause)
[15.233s][info][gc,task        ] GC(156) Using 6 workers of 33 for evacuation
[15.241s][info][gc,phases      ] GC(156)   Pre Evacuate Collection Set: 0.1ms
[15.241s][info][gc,phases      ] GC(156)   Merge Heap Roots: 0.1ms
[15.241s][info][gc,phases      ] GC(156)   Evacuate Collection Set: 7.1ms
[15.241s][info][gc,phases      ] GC(156)   Post Evacuate Collection Set: 0.3ms
[15.241s][info][gc,phases      ] GC(156)   Other: 0.1ms
[15.241s][info][gc,heap        ] GC(156) Eden regions: 151->0(150)
[15.241s][info][gc,heap        ] GC(156) Survivor regions: 8->9(20)
[15.241s][info][gc,heap        ] GC(156) Old regions: 12->12
[15.241s][info][gc,heap        ] GC(156) Archive regions: 0->0
[15.241s][info][gc,heap        ] GC(156) Humongous regions: 0->0
[15.241s][info][gc,metaspace   ] GC(156) Metaspace: 8598K(8832K)->8598K(8832K) NonClass: 7445K(7552K)->7445K(7552K) Class: 1153K(1280K)->1153K(1280K)
[15.241s][info][gc             ] GC(156) Pause Young (Normal) (G1 Evacuation Pause) 167M->18M(266M) 8.098ms
[15.241s][info][gc,cpu         ] GC(156) User=0.06s Sys=0.00s Real=0.02s
[15.319s][info][gc,start       ] GC(157) Pause Young (Normal) (G1 Evacuation Pause)
[15.319s][info][gc,task        ] GC(157) Using 6 workers of 33 for evacuation
[15.325s][info][gc,phases      ] GC(157)   Pre Evacuate Collection Set: 0.1ms
[15.325s][info][gc,phases      ] GC(157)   Merge Heap Roots: 0.1ms
[15.325s][info][gc,phases      ] GC(157)   Evacuate Collection Set: 5.7ms
[15.325s][info][gc,phases      ] GC(157)   Post Evacuate Collection Set: 0.3ms
[15.325s][info][gc,phases      ] GC(157)   Other: 0.1ms
[15.325s][info][gc,heap        ] GC(157) Eden regions: 150->0(150)
[15.325s][info][gc,heap        ] GC(157) Survivor regions: 9->9(20)
[15.325s][info][gc,heap        ] GC(157) Old regions: 12->12
[15.325s][info][gc,heap        ] GC(157) Archive regions: 0->0
[15.325s][info][gc,heap        ] GC(157) Humongous regions: 0->0
[15.325s][info][gc,metaspace   ] GC(157) Metaspace: 8598K(8832K)->8598K(8832K) NonClass: 7445K(7552K)->7445K(7552K) Class: 1153K(1280K)->1153K(1280K)
[15.325s][info][gc             ] GC(157) Pause Young (Normal) (G1 Evacuation Pause) 168M->18M(266M) 6.647ms
[15.325s][info][gc,cpu         ] GC(157) User=0.00s Sys=0.00s Real=0.01s
[15.437s][info][gc,start       ] GC(158) Pause Young (Normal) (G1 Evacuation Pause)
[15.437s][info][gc,task        ] GC(158) Using 6 workers of 33 for evacuation
[15.455s][info][gc,phases      ] GC(158)   Pre Evacuate Collection Set: 0.1ms
[15.455s][info][gc,phases      ] GC(158)   Merge Heap Roots: 0.1ms
[15.455s][info][gc,phases      ] GC(158)   Evacuate Collection Set: 17.1ms
[15.455s][info][gc,phases      ] GC(158)   Post Evacuate Collection Set: 0.3ms
[15.455s][info][gc,phases      ] GC(158)   Other: 0.1ms
[15.455s][info][gc,heap        ] GC(158) Eden regions: 150->0(139)
[15.455s][info][gc,heap        ] GC(158) Survivor regions: 9->20(20)
[15.455s][info][gc,heap        ] GC(158) Old regions: 12->12
[15.455s][info][gc,heap        ] GC(158) Archive regions: 0->0
[15.455s][info][gc,heap        ] GC(158) Humongous regions: 3->3
[15.455s][info][gc,metaspace   ] GC(158) Metaspace: 8598K(8832K)->8598K(8832K) NonClass: 7445K(7552K)->7445K(7552K) Class: 1153K(1280K)->1153K(1280K)
[15.455s][info][gc             ] GC(158) Pause Young (Normal) (G1 Evacuation Pause) 171M->31M(266M) 18.204ms
[15.455s][info][gc,cpu         ] GC(158) User=0.19s Sys=0.00s Real=0.02s
[15.532s][info][gc,start       ] GC(159) Pause Young (Normal) (G1 Evacuation Pause)
[15.532s][info][gc,task        ] GC(159) Using 6 workers of 33 for evacuation
[15.546s][info][gc,phases      ] GC(159)   Pre Evacuate Collection Set: 0.1ms
[15.546s][info][gc,phases      ] GC(159)   Merge Heap Roots: 0.1ms
[15.546s][info][gc,phases      ] GC(159)   Evacuate Collection Set: 13.2ms
[15.546s][info][gc,phases      ] GC(159)   Post Evacuate Collection Set: 0.5ms
[15.546s][info][gc,phases      ] GC(159)   Other: 0.1ms
[15.546s][info][gc,heap        ] GC(159) Eden regions: 139->0(167)
[15.546s][info][gc,heap        ] GC(159) Survivor regions: 20->2(20)
[15.546s][info][gc,heap        ] GC(159) Old regions: 12->31
[15.546s][info][gc,heap        ] GC(159) Archive regions: 0->0
[15.546s][info][gc,heap        ] GC(159) Humongous regions: 3->3
[15.546s][info][gc,metaspace   ] GC(159) Metaspace: 8598K(8832K)->8598K(8832K) NonClass: 7445K(7552K)->7445K(7552K) Class: 1153K(1280K)->1153K(1280K)
[15.546s][info][gc             ] GC(159) Pause Young (Normal) (G1 Evacuation Pause) 170M->32M(283M) 14.425ms
[15.546s][info][gc,cpu         ] GC(159) User=0.09s Sys=0.00s Real=0.01s
[15.642s][info][gc,start       ] GC(160) Pause Young (Normal) (G1 Evacuation Pause)
[15.642s][info][gc,task        ] GC(160) Using 6 workers of 33 for evacuation
[15.644s][info][gc,phases      ] GC(160)   Pre Evacuate Collection Set: 0.1ms
[15.644s][info][gc,phases      ] GC(160)   Merge Heap Roots: 0.1ms
[15.644s][info][gc,phases      ] GC(160)   Evacuate Collection Set: 1.3ms
[15.644s][info][gc,phases      ] GC(160)   Post Evacuate Collection Set: 0.3ms
[15.644s][info][gc,phases      ] GC(160)   Other: 0.1ms
[15.644s][info][gc,heap        ] GC(160) Eden regions: 167->0(167)
[15.644s][info][gc,heap        ] GC(160) Survivor regions: 2->2(22)
[15.644s][info][gc,heap        ] GC(160) Old regions: 31->31
[15.644s][info][gc,heap        ] GC(160) Archive regions: 0->0
[15.644s][info][gc,heap        ] GC(160) Humongous regions: 3->3
[15.644s][info][gc,metaspace   ] GC(160) Metaspace: 8598K(8832K)->8598K(8832K) NonClass: 7445K(7552K)->7445K(7552K) Class: 1153K(1280K)->1153K(1280K)
[15.644s][info][gc             ] GC(160) Pause Young (Normal) (G1 Evacuation Pause) 199M->32M(283M) 2.277ms
[15.644s][info][gc,cpu         ] GC(160) User=0.00s Sys=0.00s Real=0.00s
[15.735s][info][gc,start       ] GC(161) Pause Young (Normal) (G1 Evacuation Pause)
[15.735s][info][gc,task        ] GC(161) Using 6 workers of 33 for evacuation
[15.737s][info][gc,phases      ] GC(161)   Pre Evacuate Collection Set: 0.1ms
[15.737s][info][gc,phases      ] GC(161)   Merge Heap Roots: 0.1ms
[15.737s][info][gc,phases      ] GC(161)   Evacuate Collection Set: 1.7ms
[15.737s][info][gc,phases      ] GC(161)   Post Evacuate Collection Set: 0.3ms
[15.737s][info][gc,phases      ] GC(161)   Other: 0.1ms
[15.737s][info][gc,heap        ] GC(161) Eden regions: 167->0(166)
[15.737s][info][gc,heap        ] GC(161) Survivor regions: 2->3(22)
[15.737s][info][gc,heap        ] GC(161) Old regions: 31->31
[15.737s][info][gc,heap        ] GC(161) Archive regions: 0->0
[15.737s][info][gc,heap        ] GC(161) Humongous regions: 3->3
[15.737s][info][gc,metaspace   ] GC(161) Metaspace: 8598K(8832K)->8598K(8832K) NonClass: 7445K(7552K)->7445K(7552K) Class: 1153K(1280K)->1153K(1280K)
[15.737s][info][gc             ] GC(161) Pause Young (Normal) (G1 Evacuation Pause) 199M->32M(283M) 2.776ms
[15.737s][info][gc,cpu         ] GC(161) User=0.09s Sys=0.00s Real=0.00s
[15.821s][info][gc,start       ] GC(162) Pause Young (Normal) (G1 Evacuation Pause)
[15.821s][info][gc,task        ] GC(162) Using 6 workers of 33 for evacuation
[15.824s][info][gc,phases      ] GC(162)   Pre Evacuate Collection Set: 0.1ms
[15.824s][info][gc,phases      ] GC(162)   Merge Heap Roots: 0.1ms
[15.824s][info][gc,phases      ] GC(162)   Evacuate Collection Set: 2.0ms
[15.824s][info][gc,phases      ] GC(162)   Post Evacuate Collection Set: 0.3ms
[15.824s][info][gc,phases      ] GC(162)   Other: 0.1ms
[15.824s][info][gc,heap        ] GC(162) Eden regions: 166->0(166)
[15.824s][info][gc,heap        ] GC(162) Survivor regions: 3->3(22)
[15.824s][info][gc,heap        ] GC(162) Old regions: 31->31
[15.824s][info][gc,heap        ] GC(162) Archive regions: 0->0
[15.824s][info][gc,heap        ] GC(162) Humongous regions: 3->3
[15.824s][info][gc,metaspace   ] GC(162) Metaspace: 8598K(8832K)->8598K(8832K) NonClass: 7445K(7552K)->7445K(7552K) Class: 1153K(1280K)->1153K(1280K)
[15.824s][info][gc             ] GC(162) Pause Young (Normal) (G1 Evacuation Pause) 198M->33M(283M) 3.046ms
[15.824s][info][gc,cpu         ] GC(162) User=0.00s Sys=0.00s Real=0.00s
[15.913s][info][gc,start       ] GC(163) Pause Young (Normal) (G1 Evacuation Pause)
[15.913s][info][gc,task        ] GC(163) Using 6 workers of 33 for evacuation
[15.916s][info][gc,phases      ] GC(163)   Pre Evacuate Collection Set: 0.1ms
[15.916s][info][gc,phases      ] GC(163)   Merge Heap Roots: 0.1ms
[15.916s][info][gc,phases      ] GC(163)   Evacuate Collection Set: 2.4ms
[15.916s][info][gc,phases      ] GC(163)   Post Evacuate Collection Set: 0.3ms
[15.916s][info][gc,phases      ] GC(163)   Other: 0.1ms
[15.916s][info][gc,heap        ] GC(163) Eden regions: 166->0(165)
[15.916s][info][gc,heap        ] GC(163) Survivor regions: 3->4(22)
[15.916s][info][gc,heap        ] GC(163) Old regions: 31->31
[15.916s][info][gc,heap        ] GC(163) Archive regions: 0->0
[15.916s][info][gc,heap        ] GC(163) Humongous regions: 3->3
[15.916s][info][gc,metaspace   ] GC(163) Metaspace: 8598K(8832K)->8598K(8832K) NonClass: 7445K(7552K)->7445K(7552K) Class: 1153K(1280K)->1153K(1280K)
[15.916s][info][gc             ] GC(163) Pause Young (Normal) (G1 Evacuation Pause) 199M->33M(283M) 3.363ms
[15.916s][info][gc,cpu         ] GC(163) User=0.00s Sys=0.00s Real=0.00s
[15.999s][info][gc,start       ] GC(164) Pause Young (Normal) (G1 Evacuation Pause)
[15.999s][info][gc,task        ] GC(164) Using 6 workers of 33 for evacuation
[16.002s][info][gc,phases      ] GC(164)   Pre Evacuate Collection Set: 0.1ms
[16.002s][info][gc,phases      ] GC(164)   Merge Heap Roots: 0.1ms
[16.002s][info][gc,phases      ] GC(164)   Evacuate Collection Set: 2.5ms
[16.002s][info][gc,phases      ] GC(164)   Post Evacuate Collection Set: 0.3ms
[16.002s][info][gc,phases      ] GC(164)   Other: 0.1ms
[16.002s][info][gc,heap        ] GC(164) Eden regions: 165->0(165)
[16.002s][info][gc,heap        ] GC(164) Survivor regions: 4->4(22)
[16.002s][info][gc,heap        ] GC(164) Old regions: 31->31
[16.002s][info][gc,heap        ] GC(164) Archive regions: 0->0
[16.002s][info][gc,heap        ] GC(164) Humongous regions: 3->3
[16.002s][info][gc,metaspace   ] GC(164) Metaspace: 8598K(8832K)->8598K(8832K) NonClass: 7445K(7552K)->7445K(7552K) Class: 1153K(1280K)->1153K(1280K)
[16.002s][info][gc             ] GC(164) Pause Young (Normal) (G1 Evacuation Pause) 198M->34M(283M) 3.586ms
[16.002s][info][gc,cpu         ] GC(164) User=0.09s Sys=0.00s Real=0.00s
[16.085s][info][gc,start       ] GC(165) Pause Young (Normal) (G1 Evacuation Pause)
[16.085s][info][gc,task        ] GC(165) Using 6 workers of 33 for evacuation
[16.088s][info][gc,phases      ] GC(165)   Pre Evacuate Collection Set: 0.1ms
[16.088s][info][gc,phases      ] GC(165)   Merge Heap Roots: 0.1ms
[16.088s][info][gc,phases      ] GC(165)   Evacuate Collection Set: 2.9ms
[16.088s][info][gc,phases      ] GC(165)   Post Evacuate Collection Set: 0.3ms
[16.088s][info][gc,phases      ] GC(165)   Other: 0.1ms
[16.088s][info][gc,heap        ] GC(165) Eden regions: 165->0(164)
[16.088s][info][gc,heap        ] GC(165) Survivor regions: 4->5(22)
[16.088s][info][gc,heap        ] GC(165) Old regions: 31->31
[16.088s][info][gc,heap        ] GC(165) Archive regions: 0->0
[16.088s][info][gc,heap        ] GC(165) Humongous regions: 3->3
[16.088s][info][gc,metaspace   ] GC(165) Metaspace: 8598K(8832K)->8598K(8832K) NonClass: 7445K(7552K)->7445K(7552K) Class: 1153K(1280K)->1153K(1280K)
[16.088s][info][gc             ] GC(165) Pause Young (Normal) (G1 Evacuation Pause) 199M->34M(283M) 3.925ms
[16.088s][info][gc,cpu         ] GC(165) User=0.00s Sys=0.00s Real=0.00s
[16.183s][info][gc,start       ] GC(166) Pause Young (Normal) (G1 Evacuation Pause)
[16.183s][info][gc,task        ] GC(166) Using 6 workers of 33 for evacuation
[16.190s][info][gc,phases      ] GC(166)   Pre Evacuate Collection Set: 0.1ms
[16.190s][info][gc,phases      ] GC(166)   Merge Heap Roots: 0.1ms
[16.190s][info][gc,phases      ] GC(166)   Evacuate Collection Set: 6.9ms
[16.191s][info][gc,phases      ] GC(166)   Post Evacuate Collection Set: 0.3ms
[16.191s][info][gc,phases      ] GC(166)   Other: 0.1ms
[16.191s][info][gc,heap        ] GC(166) Eden regions: 164->0(159)
[16.191s][info][gc,heap        ] GC(166) Survivor regions: 5->10(22)
[16.191s][info][gc,heap        ] GC(166) Old regions: 31->31
[16.191s][info][gc,heap        ] GC(166) Archive regions: 0->0
[16.191s][info][gc,heap        ] GC(166) Humongous regions: 3->3
[16.191s][info][gc,metaspace   ] GC(166) Metaspace: 8598K(8832K)->8598K(8832K) NonClass: 7445K(7552K)->7445K(7552K) Class: 1153K(1280K)->1153K(1280K)
[16.191s][info][gc             ] GC(166) Pause Young (Normal) (G1 Evacuation Pause) 198M->39M(283M) 7.894ms
[16.191s][info][gc,cpu         ] GC(166) User=0.00s Sys=0.00s Real=0.00s
[16.271s][info][gc,start       ] GC(167) Pause Young (Normal) (G1 Evacuation Pause)
[16.271s][info][gc,task        ] GC(167) Using 6 workers of 33 for evacuation
[16.278s][info][gc,phases      ] GC(167)   Pre Evacuate Collection Set: 0.1ms
[16.278s][info][gc,phases      ] GC(167)   Merge Heap Roots: 0.1ms
[16.278s][info][gc,phases      ] GC(167)   Evacuate Collection Set: 6.3ms
[16.278s][info][gc,phases      ] GC(167)   Post Evacuate Collection Set: 0.3ms
[16.278s][info][gc,phases      ] GC(167)   Other: 0.1ms
[16.278s][info][gc,heap        ] GC(167) Eden regions: 159->0(159)
[16.278s][info][gc,heap        ] GC(167) Survivor regions: 10->10(22)
[16.278s][info][gc,heap        ] GC(167) Old regions: 31->31
[16.278s][info][gc,heap        ] GC(167) Archive regions: 0->0
[16.278s][info][gc,heap        ] GC(167) Humongous regions: 3->3
[16.278s][info][gc,metaspace   ] GC(167) Metaspace: 8598K(8832K)->8598K(8832K) NonClass: 7445K(7552K)->7445K(7552K) Class: 1153K(1280K)->1153K(1280K)
[16.278s][info][gc             ] GC(167) Pause Young (Normal) (G1 Evacuation Pause) 198M->40M(283M) 7.334ms
[16.278s][info][gc,cpu         ] GC(167) User=0.00s Sys=0.00s Real=0.00s
[16.360s][info][gc,start       ] GC(168) Pause Young (Normal) (G1 Evacuation Pause)
[16.360s][info][gc,task        ] GC(168) Using 6 workers of 33 for evacuation
[16.367s][info][gc,phases      ] GC(168)   Pre Evacuate Collection Set: 0.1ms
[16.367s][info][gc,phases      ] GC(168)   Merge Heap Roots: 0.1ms
[16.367s][info][gc,phases      ] GC(168)   Evacuate Collection Set: 6.5ms
[16.367s][info][gc,phases      ] GC(168)   Post Evacuate Collection Set: 0.3ms
[16.367s][info][gc,phases      ] GC(168)   Other: 0.1ms
[16.367s][info][gc,heap        ] GC(168) Eden regions: 159->0(158)
[16.367s][info][gc,heap        ] GC(168) Survivor regions: 10->11(22)
[16.367s][info][gc,heap        ] GC(168) Old regions: 31->31
[16.367s][info][gc,heap        ] GC(168) Archive regions: 0->0
[16.367s][info][gc,heap        ] GC(168) Humongous regions: 3->3
[16.367s][info][gc,metaspace   ] GC(168) Metaspace: 8598K(8832K)->8598K(8832K) NonClass: 7445K(7552K)->7445K(7552K) Class: 1153K(1280K)->1153K(1280K)
[16.367s][info][gc             ] GC(168) Pause Young (Normal) (G1 Evacuation Pause) 199M->41M(283M) 7.530ms
[16.367s][info][gc,cpu         ] GC(168) User=0.09s Sys=0.00s Real=0.02s
[16.454s][info][gc,start       ] GC(169) Pause Young (Normal) (G1 Evacuation Pause)
[16.454s][info][gc,task        ] GC(169) Using 6 workers of 33 for evacuation
[16.462s][info][gc,phases      ] GC(169)   Pre Evacuate Collection Set: 0.1ms
[16.462s][info][gc,phases      ] GC(169)   Merge Heap Roots: 0.1ms
[16.462s][info][gc,phases      ] GC(169)   Evacuate Collection Set: 7.2ms
[16.462s][info][gc,phases      ] GC(169)   Post Evacuate Collection Set: 0.3ms
[16.462s][info][gc,phases      ] GC(169)   Other: 0.1ms
[16.462s][info][gc,heap        ] GC(169) Eden regions: 158->0(157)
[16.462s][info][gc,heap        ] GC(169) Survivor regions: 11->12(22)
[16.462s][info][gc,heap        ] GC(169) Old regions: 31->31
[16.462s][info][gc,heap        ] GC(169) Archive regions: 0->0
[16.462s][info][gc,heap        ] GC(169) Humongous regions: 3->3
[16.462s][info][gc,metaspace   ] GC(169) Metaspace: 8598K(8832K)->8598K(8832K) NonClass: 7445K(7552K)->7445K(7552K) Class: 1153K(1280K)->1153K(1280K)
[16.462s][info][gc             ] GC(169) Pause Young (Normal) (G1 Evacuation Pause) 199M->42M(283M) 8.246ms
[16.462s][info][gc,cpu         ] GC(169) User=0.00s Sys=0.00s Real=0.00s
[16.542s][info][gc,start       ] GC(170) Pause Young (Normal) (G1 Evacuation Pause)
[16.542s][info][gc,task        ] GC(170) Using 6 workers of 33 for evacuation
[16.550s][info][gc,phases      ] GC(170)   Pre Evacuate Collection Set: 0.1ms
[16.551s][info][gc,phases      ] GC(170)   Merge Heap Roots: 0.1ms
[16.551s][info][gc,phases      ] GC(170)   Evacuate Collection Set: 7.4ms
[16.551s][info][gc,phases      ] GC(170)   Post Evacuate Collection Set: 0.5ms
[16.551s][info][gc,phases      ] GC(170)   Other: 0.1ms
[16.551s][info][gc,heap        ] GC(170) Eden regions: 157->0(163)
[16.551s][info][gc,heap        ] GC(170) Survivor regions: 12->12(22)
[16.551s][info][gc,heap        ] GC(170) Old regions: 31->31
[16.551s][info][gc,heap        ] GC(170) Archive regions: 0->0
[16.551s][info][gc,heap        ] GC(170) Humongous regions: 3->3
[16.551s][info][gc,metaspace   ] GC(170) Metaspace: 8598K(8832K)->8598K(8832K) NonClass: 7445K(7552K)->7445K(7552K) Class: 1153K(1280K)->1153K(1280K)
[16.551s][info][gc             ] GC(170) Pause Young (Normal) (G1 Evacuation Pause) 199M->42M(293M) 8.714ms
[16.551s][info][gc,cpu         ] GC(170) User=0.09s Sys=0.00s Real=0.01s
[16.673s][info][gc,start       ] GC(171) Pause Young (Normal) (G1 Evacuation Pause)
[16.673s][info][gc,task        ] GC(171) Using 7 workers of 33 for evacuation
[16.680s][info][gc,phases      ] GC(171)   Pre Evacuate Collection Set: 0.1ms
[16.680s][info][gc,phases      ] GC(171)   Merge Heap Roots: 0.1ms
[16.680s][info][gc,phases      ] GC(171)   Evacuate Collection Set: 5.6ms
[16.680s][info][gc,phases      ] GC(171)   Post Evacuate Collection Set: 0.3ms
[16.680s][info][gc,phases      ] GC(171)   Other: 0.1ms
[16.680s][info][gc,heap        ] GC(171) Eden regions: 163->0(163)
[16.680s][info][gc,heap        ] GC(171) Survivor regions: 12->12(22)
[16.680s][info][gc,heap        ] GC(171) Old regions: 31->31
[16.680s][info][gc,heap        ] GC(171) Archive regions: 0->0
[16.680s][info][gc,heap        ] GC(171) Humongous regions: 3->3
[16.680s][info][gc,metaspace   ] GC(171) Metaspace: 8598K(8832K)->8598K(8832K) NonClass: 7445K(7552K)->7445K(7552K) Class: 1153K(1280K)->1153K(1280K)
[16.680s][info][gc             ] GC(171) Pause Young (Normal) (G1 Evacuation Pause) 205M->42M(293M) 6.752ms
[16.680s][info][gc,cpu         ] GC(171) User=0.00s Sys=0.00s Real=0.01s
[16.779s][info][gc,start       ] GC(172) Pause Young (Normal) (G1 Evacuation Pause)
[16.780s][info][gc,task        ] GC(172) Using 7 workers of 33 for evacuation
[16.786s][info][gc,phases      ] GC(172)   Pre Evacuate Collection Set: 0.1ms
[16.786s][info][gc,phases      ] GC(172)   Merge Heap Roots: 0.1ms
[16.786s][info][gc,phases      ] GC(172)   Evacuate Collection Set: 5.6ms
[16.786s][info][gc,phases      ] GC(172)   Post Evacuate Collection Set: 0.3ms
[16.786s][info][gc,phases      ] GC(172)   Other: 0.1ms
[16.786s][info][gc,heap        ] GC(172) Eden regions: 163->0(163)
[16.786s][info][gc,heap        ] GC(172) Survivor regions: 12->12(22)
[16.786s][info][gc,heap        ] GC(172) Old regions: 31->32
[16.786s][info][gc,heap        ] GC(172) Archive regions: 0->0
[16.786s][info][gc,heap        ] GC(172) Humongous regions: 3->3
[16.786s][info][gc,metaspace   ] GC(172) Metaspace: 8598K(8832K)->8598K(8832K) NonClass: 7445K(7552K)->7445K(7552K) Class: 1153K(1280K)->1153K(1280K)
[16.786s][info][gc             ] GC(172) Pause Young (Normal) (G1 Evacuation Pause) 205M->43M(293M) 6.740ms
[16.786s][info][gc,cpu         ] GC(172) User=0.00s Sys=0.00s Real=0.00s
[16.975s][info][gc,start       ] GC(173) Pause Young (Normal) (G1 Evacuation Pause)
[16.976s][info][gc,task        ] GC(173) Using 7 workers of 33 for evacuation
[17.002s][info][gc,phases      ] GC(173)   Pre Evacuate Collection Set: 0.1ms
[17.002s][info][gc,phases      ] GC(173)   Merge Heap Roots: 0.2ms
[17.002s][info][gc,phases      ] GC(173)   Evacuate Collection Set: 26.0ms
[17.002s][info][gc,phases      ] GC(173)   Post Evacuate Collection Set: 0.3ms
[17.003s][info][gc,phases      ] GC(173)   Other: 0.1ms
[17.003s][info][gc,heap        ] GC(173) Eden regions: 163->0(153)
[17.003s][info][gc,heap        ] GC(173) Survivor regions: 12->22(22)
[17.003s][info][gc,heap        ] GC(173) Old regions: 32->48
[17.003s][info][gc,heap        ] GC(173) Archive regions: 0->0
[17.003s][info][gc,heap        ] GC(173) Humongous regions: 10->10
[17.003s][info][gc,metaspace   ] GC(173) Metaspace: 8598K(8832K)->8598K(8832K) NonClass: 7445K(7552K)->7445K(7552K) Class: 1153K(1280K)->1153K(1280K)
[17.003s][info][gc             ] GC(173) Pause Young (Normal) (G1 Evacuation Pause) 213M->77M(293M) 27.399ms
[17.003s][info][gc,cpu         ] GC(173) User=0.22s Sys=0.00s Real=0.03s
[17.324s][info][gc,start       ] GC(174) Pause Full (System.gc())
[17.324s][info][gc,task        ] GC(174) Using 7 workers of 33 for full compaction
[17.325s][info][gc,phases,start] GC(174) Phase 1: Mark live objects
[17.328s][info][gc,phases      ] GC(174) Phase 1: Mark live objects 2.932ms
[17.328s][info][gc,phases,start] GC(174) Phase 2: Prepare compaction
[17.329s][info][gc,phases      ] GC(174) Phase 2: Prepare compaction 1.149ms
[17.329s][info][gc,phases,start] GC(174) Phase 3: Adjust pointers
[17.331s][info][gc,phases      ] GC(174) Phase 3: Adjust pointers 2.607ms
[17.331s][info][gc,phases,start] GC(174) Phase 4: Compact heap
[17.332s][info][gc,phases      ] GC(174) Phase 4: Compact heap 0.772ms
[17.335s][info][gc,heap        ] GC(174) Eden regions: 65->0(6)
[17.335s][info][gc,heap        ] GC(174) Survivor regions: 22->0(22)
[17.335s][info][gc,heap        ] GC(174) Old regions: 48->6
[17.335s][info][gc,heap        ] GC(174) Archive regions: 0->0
[17.335s][info][gc,heap        ] GC(174) Humongous regions: 22->0
[17.335s][info][gc,metaspace   ] GC(174) Metaspace: 8598K(8832K)->8598K(8832K) NonClass: 7445K(7552K)->7445K(7552K) Class: 1153K(1280K)->1153K(1280K)
[17.335s][info][gc             ] GC(174) Pause Full (System.gc()) 153M->3M(20M) 11.174ms
[17.335s][info][gc,cpu         ] GC(174) User=0.11s Sys=0.00s Real=0.02s
[17.339s][info][gc,start       ] GC(175) Pause Young (Normal) (G1 Evacuation Pause)
[17.339s][info][gc,task        ] GC(175) Using 4 workers of 33 for evacuation
[17.340s][info][gc,phases      ] GC(175)   Pre Evacuate Collection Set: 0.0ms
[17.340s][info][gc,phases      ] GC(175)   Merge Heap Roots: 0.0ms
[17.340s][info][gc,phases      ] GC(175)   Evacuate Collection Set: 0.2ms
[17.340s][info][gc,phases      ] GC(175)   Post Evacuate Collection Set: 0.2ms
[17.340s][info][gc,phases      ] GC(175)   Other: 0.1ms
[17.340s][info][gc,heap        ] GC(175) Eden regions: 6->0(5)
[17.340s][info][gc,heap        ] GC(175) Survivor regions: 0->1(1)
[17.340s][info][gc,heap        ] GC(175) Old regions: 6->7
[17.340s][info][gc,heap        ] GC(175) Archive regions: 0->0
[17.340s][info][gc,heap        ] GC(175) Humongous regions: 0->0
[17.340s][info][gc,metaspace   ] GC(175) Metaspace: 8599K(8832K)->8599K(8832K) NonClass: 7446K(7552K)->7446K(7552K) Class: 1153K(1280K)->1153K(1280K)
[17.340s][info][gc             ] GC(175) Pause Young (Normal) (G1 Evacuation Pause) 9M->5M(20M) 0.985ms
[17.340s][info][gc,cpu         ] GC(175) User=0.00s Sys=0.00s Real=0.00s
[17.347s][info][gc,start       ] GC(176) Pause Young (Normal) (G1 Evacuation Pause)
[17.347s][info][gc,task        ] GC(176) Using 3 workers of 33 for evacuation
[17.348s][info][gc,phases      ] GC(176)   Pre Evacuate Collection Set: 0.0ms
[17.348s][info][gc,phases      ] GC(176)   Merge Heap Roots: 0.0ms
[17.348s][info][gc,phases      ] GC(176)   Evacuate Collection Set: 0.3ms
[17.348s][info][gc,phases      ] GC(176)   Post Evacuate Collection Set: 0.2ms
[17.348s][info][gc,phases      ] GC(176)   Other: 0.1ms
[17.348s][info][gc,heap        ] GC(176) Eden regions: 5->0(6)
[17.348s][info][gc,heap        ] GC(176) Survivor regions: 1->1(1)
[17.348s][info][gc,heap        ] GC(176) Old regions: 7->7
[17.348s][info][gc,heap        ] GC(176) Archive regions: 0->0
[17.348s][info][gc,heap        ] GC(176) Humongous regions: 0->0
[17.348s][info][gc,metaspace   ] GC(176) Metaspace: 8599K(8832K)->8599K(8832K) NonClass: 7446K(7552K)->7446K(7552K) Class: 1153K(1280K)->1153K(1280K)
[17.348s][info][gc             ] GC(176) Pause Young (Normal) (G1 Evacuation Pause) 10M->5M(20M) 1.034ms
[17.348s][info][gc,cpu         ] GC(176) User=0.00s Sys=0.00s Real=0.00s
[17.355s][info][gc,start       ] GC(177) Pause Young (Normal) (G1 Evacuation Pause)
[17.355s][info][gc,task        ] GC(177) Using 2 workers of 33 for evacuation
[17.357s][info][gc,phases      ] GC(177)   Pre Evacuate Collection Set: 0.0ms
[17.357s][info][gc,phases      ] GC(177)   Merge Heap Roots: 0.0ms
[17.357s][info][gc,phases      ] GC(177)   Evacuate Collection Set: 0.4ms
[17.357s][info][gc,phases      ] GC(177)   Post Evacuate Collection Set: 1.2ms
[17.357s][info][gc,phases      ] GC(177)   Other: 0.1ms
[17.357s][info][gc,heap        ] GC(177) Eden regions: 6->0(158)
[17.357s][info][gc,heap        ] GC(177) Survivor regions: 1->1(1)
[17.357s][info][gc,heap        ] GC(177) Old regions: 7->7
[17.357s][info][gc,heap        ] GC(177) Archive regions: 0->0
[17.358s][info][gc,heap        ] GC(177) Humongous regions: 0->0
[17.358s][info][gc,metaspace   ] GC(177) Metaspace: 8599K(8832K)->8599K(8832K) NonClass: 7446K(7552K)->7446K(7552K) Class: 1153K(1280K)->1153K(1280K)
[17.358s][info][gc             ] GC(177) Pause Young (Normal) (G1 Evacuation Pause) 11M->4M(266M) 2.229ms
[17.358s][info][gc,cpu         ] GC(177) User=0.00s Sys=0.00s Real=0.00s
[17.444s][info][gc,start       ] GC(178) Pause Young (Normal) (G1 Evacuation Pause)
[17.444s][info][gc,task        ] GC(178) Using 6 workers of 33 for evacuation
[17.445s][info][gc,phases      ] GC(178)   Pre Evacuate Collection Set: 0.1ms
[17.445s][info][gc,phases      ] GC(178)   Merge Heap Roots: 0.1ms
[17.445s][info][gc,phases      ] GC(178)   Evacuate Collection Set: 0.8ms
[17.445s][info][gc,phases      ] GC(178)   Post Evacuate Collection Set: 0.3ms
[17.445s][info][gc,phases      ] GC(178)   Other: 0.1ms
[17.445s][info][gc,heap        ] GC(178) Eden regions: 158->0(158)
[17.445s][info][gc,heap        ] GC(178) Survivor regions: 1->1(20)
[17.445s][info][gc,heap        ] GC(178) Old regions: 7->7
[17.445s][info][gc,heap        ] GC(178) Archive regions: 0->0
[17.445s][info][gc,heap        ] GC(178) Humongous regions: 0->0
[17.445s][info][gc,metaspace   ] GC(178) Metaspace: 8599K(8832K)->8599K(8832K) NonClass: 7446K(7552K)->7446K(7552K) Class: 1153K(1280K)->1153K(1280K)
[17.446s][info][gc             ] GC(178) Pause Young (Normal) (G1 Evacuation Pause) 162M->5M(266M) 1.822ms
[17.446s][info][gc,cpu         ] GC(178) User=0.00s Sys=0.00s Real=0.00s
[17.524s][info][gc,start       ] GC(179) Pause Young (Normal) (G1 Evacuation Pause)
[17.524s][info][gc,task        ] GC(179) Using 6 workers of 33 for evacuation
[17.526s][info][gc,phases      ] GC(179)   Pre Evacuate Collection Set: 0.1ms
[17.526s][info][gc,phases      ] GC(179)   Merge Heap Roots: 0.1ms
[17.526s][info][gc,phases      ] GC(179)   Evacuate Collection Set: 1.0ms
[17.526s][info][gc,phases      ] GC(179)   Post Evacuate Collection Set: 0.3ms
[17.526s][info][gc,phases      ] GC(179)   Other: 0.1ms
[17.526s][info][gc,heap        ] GC(179) Eden regions: 158->0(157)
[17.526s][info][gc,heap        ] GC(179) Survivor regions: 1->2(20)
[17.526s][info][gc,heap        ] GC(179) Old regions: 7->7
[17.526s][info][gc,heap        ] GC(179) Archive regions: 0->0
[17.526s][info][gc,heap        ] GC(179) Humongous regions: 0->0
[17.526s][info][gc,metaspace   ] GC(179) Metaspace: 8599K(8832K)->8599K(8832K) NonClass: 7446K(7552K)->7446K(7552K) Class: 1153K(1280K)->1153K(1280K)
[17.526s][info][gc             ] GC(179) Pause Young (Normal) (G1 Evacuation Pause) 163M->5M(266M) 1.967ms
[17.526s][info][gc,cpu         ] GC(179) User=0.00s Sys=0.00s Real=0.00s
[17.610s][info][gc,start       ] GC(180) Pause Young (Normal) (G1 Evacuation Pause)
[17.610s][info][gc,task        ] GC(180) Using 6 workers of 33 for evacuation
[17.612s][info][gc,phases      ] GC(180)   Pre Evacuate Collection Set: 0.1ms
[17.612s][info][gc,phases      ] GC(180)   Merge Heap Roots: 0.1ms
[17.612s][info][gc,phases      ] GC(180)   Evacuate Collection Set: 1.4ms
[17.612s][info][gc,phases      ] GC(180)   Post Evacuate Collection Set: 0.3ms
[17.612s][info][gc,phases      ] GC(180)   Other: 0.1ms
[17.613s][info][gc,heap        ] GC(180) Eden regions: 157->0(157)
[17.613s][info][gc,heap        ] GC(180) Survivor regions: 2->2(20)
[17.613s][info][gc,heap        ] GC(180) Old regions: 7->7
[17.613s][info][gc,heap        ] GC(180) Archive regions: 0->0
[17.613s][info][gc,heap        ] GC(180) Humongous regions: 0->0
[17.613s][info][gc,metaspace   ] GC(180) Metaspace: 8599K(8832K)->8599K(8832K) NonClass: 7446K(7552K)->7446K(7552K) Class: 1153K(1280K)->1153K(1280K)
[17.613s][info][gc             ] GC(180) Pause Young (Normal) (G1 Evacuation Pause) 162M->6M(266M) 2.394ms
[17.613s][info][gc,cpu         ] GC(180) User=0.09s Sys=0.00s Real=0.02s
[17.690s][info][gc,start       ] GC(181) Pause Young (Normal) (G1 Evacuation Pause)
[17.690s][info][gc,task        ] GC(181) Using 6 workers of 33 for evacuation
[17.693s][info][gc,phases      ] GC(181)   Pre Evacuate Collection Set: 0.1ms
[17.693s][info][gc,phases      ] GC(181)   Merge Heap Roots: 0.1ms
[17.693s][info][gc,phases      ] GC(181)   Evacuate Collection Set: 1.5ms
[17.693s][info][gc,phases      ] GC(181)   Post Evacuate Collection Set: 0.3ms
[17.693s][info][gc,phases      ] GC(181)   Other: 0.1ms
[17.693s][info][gc,heap        ] GC(181) Eden regions: 157->0(156)
[17.693s][info][gc,heap        ] GC(181) Survivor regions: 2->3(20)
[17.693s][info][gc,heap        ] GC(181) Old regions: 7->7
[17.693s][info][gc,heap        ] GC(181) Archive regions: 0->0
[17.693s][info][gc,heap        ] GC(181) Humongous regions: 0->0
[17.693s][info][gc,metaspace   ] GC(181) Metaspace: 8599K(8832K)->8599K(8832K) NonClass: 7446K(7552K)->7446K(7552K) Class: 1153K(1280K)->1153K(1280K)
[17.693s][info][gc             ] GC(181) Pause Young (Normal) (G1 Evacuation Pause) 163M->7M(266M) 2.509ms
[17.693s][info][gc,cpu         ] GC(181) User=0.00s Sys=0.00s Real=0.00s
[17.770s][info][gc,start       ] GC(182) Pause Young (Normal) (G1 Evacuation Pause)
[17.770s][info][gc,task        ] GC(182) Using 6 workers of 33 for evacuation
[17.773s][info][gc,phases      ] GC(182)   Pre Evacuate Collection Set: 0.1ms
[17.773s][info][gc,phases      ] GC(182)   Merge Heap Roots: 0.1ms
[17.773s][info][gc,phases      ] GC(182)   Evacuate Collection Set: 1.9ms
[17.773s][info][gc,phases      ] GC(182)   Post Evacuate Collection Set: 0.3ms
[17.773s][info][gc,phases      ] GC(182)   Other: 0.1ms
[17.773s][info][gc,heap        ] GC(182) Eden regions: 156->0(155)
[17.773s][info][gc,heap        ] GC(182) Survivor regions: 3->4(20)
[17.773s][info][gc,heap        ] GC(182) Old regions: 7->7
[17.773s][info][gc,heap        ] GC(182) Archive regions: 0->0
[17.773s][info][gc,heap        ] GC(182) Humongous regions: 0->0
[17.773s][info][gc,metaspace   ] GC(182) Metaspace: 8599K(8832K)->8599K(8832K) NonClass: 7446K(7552K)->7446K(7552K) Class: 1153K(1280K)->1153K(1280K)
[17.773s][info][gc             ] GC(182) Pause Young (Normal) (G1 Evacuation Pause) 163M->7M(266M) 2.890ms
[17.773s][info][gc,cpu         ] GC(182) User=0.00s Sys=0.00s Real=0.00s
[17.856s][info][gc,start       ] GC(183) Pause Young (Normal) (G1 Evacuation Pause)
[17.856s][info][gc,task        ] GC(183) Using 6 workers of 33 for evacuation
[17.859s][info][gc,phases      ] GC(183)   Pre Evacuate Collection Set: 0.1ms
[17.859s][info][gc,phases      ] GC(183)   Merge Heap Roots: 0.1ms
[17.859s][info][gc,phases      ] GC(183)   Evacuate Collection Set: 2.2ms
[17.859s][info][gc,phases      ] GC(183)   Post Evacuate Collection Set: 0.3ms
[17.859s][info][gc,phases      ] GC(183)   Other: 0.1ms
[17.859s][info][gc,heap        ] GC(183) Eden regions: 155->0(155)
[17.859s][info][gc,heap        ] GC(183) Survivor regions: 4->4(20)
[17.859s][info][gc,heap        ] GC(183) Old regions: 7->7
[17.859s][info][gc,heap        ] GC(183) Archive regions: 0->0
[17.859s][info][gc,heap        ] GC(183) Humongous regions: 0->0
[17.859s][info][gc,metaspace   ] GC(183) Metaspace: 8599K(8832K)->8599K(8832K) NonClass: 7446K(7552K)->7446K(7552K) Class: 1153K(1280K)->1153K(1280K)
[17.859s][info][gc             ] GC(183) Pause Young (Normal) (G1 Evacuation Pause) 162M->8M(266M) 3.192ms
[17.859s][info][gc,cpu         ] GC(183) User=0.00s Sys=0.00s Real=0.00s
[17.936s][info][gc,start       ] GC(184) Pause Young (Normal) (G1 Evacuation Pause)
[17.936s][info][gc,task        ] GC(184) Using 6 workers of 33 for evacuation
[17.938s][info][gc,phases      ] GC(184)   Pre Evacuate Collection Set: 0.1ms
[17.938s][info][gc,phases      ] GC(184)   Merge Heap Roots: 0.1ms
[17.938s][info][gc,phases      ] GC(184)   Evacuate Collection Set: 2.2ms
[17.938s][info][gc,phases      ] GC(184)   Post Evacuate Collection Set: 0.3ms
[17.938s][info][gc,phases      ] GC(184)   Other: 0.1ms
[17.938s][info][gc,heap        ] GC(184) Eden regions: 155->0(154)
[17.939s][info][gc,heap        ] GC(184) Survivor regions: 4->5(20)
[17.939s][info][gc,heap        ] GC(184) Old regions: 7->7
[17.939s][info][gc,heap        ] GC(184) Archive regions: 0->0
[17.939s][info][gc,heap        ] GC(184) Humongous regions: 0->0
[17.939s][info][gc,metaspace   ] GC(184) Metaspace: 8599K(8832K)->8599K(8832K) NonClass: 7446K(7552K)->7446K(7552K) Class: 1153K(1280K)->1153K(1280K)
[17.939s][info][gc             ] GC(184) Pause Young (Normal) (G1 Evacuation Pause) 163M->8M(266M) 3.140ms
[17.939s][info][gc,cpu         ] GC(184) User=0.00s Sys=0.00s Real=0.00s
[18.029s][info][gc,start       ] GC(185) Pause Young (Normal) (G1 Evacuation Pause)
[18.029s][info][gc,task        ] GC(185) Using 6 workers of 33 for evacuation
[18.033s][info][gc,phases      ] GC(185)   Pre Evacuate Collection Set: 0.1ms
[18.033s][info][gc,phases      ] GC(185)   Merge Heap Roots: 0.1ms
[18.033s][info][gc,phases      ] GC(185)   Evacuate Collection Set: 3.6ms
[18.033s][info][gc,phases      ] GC(185)   Post Evacuate Collection Set: 0.3ms
[18.033s][info][gc,phases      ] GC(185)   Other: 0.1ms
[18.033s][info][gc,heap        ] GC(185) Eden regions: 154->0(154)
[18.033s][info][gc,heap        ] GC(185) Survivor regions: 5->5(20)
[18.034s][info][gc,heap        ] GC(185) Old regions: 7->7
[18.034s][info][gc,heap        ] GC(185) Archive regions: 0->0
[18.034s][info][gc,heap        ] GC(185) Humongous regions: 0->0
[18.034s][info][gc,metaspace   ] GC(185) Metaspace: 8599K(8832K)->8599K(8832K) NonClass: 7446K(7552K)->7446K(7552K) Class: 1153K(1280K)->1153K(1280K)
[18.034s][info][gc             ] GC(185) Pause Young (Normal) (G1 Evacuation Pause) 162M->9M(266M) 4.623ms
[18.034s][info][gc,cpu         ] GC(185) User=0.09s Sys=0.00s Real=0.02s
[18.111s][info][gc,start       ] GC(186) Pause Young (Normal) (G1 Evacuation Pause)
[18.111s][info][gc,task        ] GC(186) Using 6 workers of 33 for evacuation
[18.115s][info][gc,phases      ] GC(186)   Pre Evacuate Collection Set: 0.1ms
[18.115s][info][gc,phases      ] GC(186)   Merge Heap Roots: 0.1ms
[18.115s][info][gc,phases      ] GC(186)   Evacuate Collection Set: 3.5ms
[18.115s][info][gc,phases      ] GC(186)   Post Evacuate Collection Set: 0.3ms
[18.115s][info][gc,phases      ] GC(186)   Other: 0.1ms
[18.115s][info][gc,heap        ] GC(186) Eden regions: 154->0(153)
[18.115s][info][gc,heap        ] GC(186) Survivor regions: 5->6(20)
[18.115s][info][gc,heap        ] GC(186) Old regions: 7->7
[18.115s][info][gc,heap        ] GC(186) Archive regions: 0->0
[18.115s][info][gc,heap        ] GC(186) Humongous regions: 0->0
[18.115s][info][gc,metaspace   ] GC(186) Metaspace: 8599K(8832K)->8599K(8832K) NonClass: 7446K(7552K)->7446K(7552K) Class: 1153K(1280K)->1153K(1280K)
[18.115s][info][gc             ] GC(186) Pause Young (Normal) (G1 Evacuation Pause) 163M->9M(266M) 4.467ms
[18.115s][info][gc,cpu         ] GC(186) User=0.00s Sys=0.00s Real=0.00s
[18.192s][info][gc,start       ] GC(187) Pause Young (Normal) (G1 Evacuation Pause)
[18.192s][info][gc,task        ] GC(187) Using 6 workers of 33 for evacuation
[18.196s][info][gc,phases      ] GC(187)   Pre Evacuate Collection Set: 0.1ms
[18.196s][info][gc,phases      ] GC(187)   Merge Heap Roots: 0.1ms
[18.196s][info][gc,phases      ] GC(187)   Evacuate Collection Set: 4.0ms
[18.197s][info][gc,phases      ] GC(187)   Post Evacuate Collection Set: 0.3ms
[18.197s][info][gc,phases      ] GC(187)   Other: 0.1ms
[18.197s][info][gc,heap        ] GC(187) Eden regions: 153->0(153)
[18.197s][info][gc,heap        ] GC(187) Survivor regions: 6->6(20)
[18.197s][info][gc,heap        ] GC(187) Old regions: 7->7
[18.197s][info][gc,heap        ] GC(187) Archive regions: 0->0
[18.197s][info][gc,heap        ] GC(187) Humongous regions: 0->0
[18.197s][info][gc,metaspace   ] GC(187) Metaspace: 8599K(8832K)->8599K(8832K) NonClass: 7446K(7552K)->7446K(7552K) Class: 1153K(1280K)->1153K(1280K)
[18.197s][info][gc             ] GC(187) Pause Young (Normal) (G1 Evacuation Pause) 162M->10M(266M) 4.935ms
[18.197s][info][gc,cpu         ] GC(187) User=0.00s Sys=0.00s Real=0.01s
[18.281s][info][gc,start       ] GC(188) Pause Young (Normal) (G1 Evacuation Pause)
[18.281s][info][gc,task        ] GC(188) Using 6 workers of 33 for evacuation
[18.286s][info][gc,phases      ] GC(188)   Pre Evacuate Collection Set: 0.1ms
[18.286s][info][gc,phases      ] GC(188)   Merge Heap Roots: 0.1ms
[18.286s][info][gc,phases      ] GC(188)   Evacuate Collection Set: 4.4ms
[18.286s][info][gc,phases      ] GC(188)   Post Evacuate Collection Set: 0.3ms
[18.286s][info][gc,phases      ] GC(188)   Other: 0.1ms
[18.286s][info][gc,heap        ] GC(188) Eden regions: 153->0(152)
[18.286s][info][gc,heap        ] GC(188) Survivor regions: 6->7(20)
[18.286s][info][gc,heap        ] GC(188) Old regions: 7->7
[18.286s][info][gc,heap        ] GC(188) Archive regions: 0->0
[18.286s][info][gc,heap        ] GC(188) Humongous regions: 0->0
[18.286s][info][gc,metaspace   ] GC(188) Metaspace: 8599K(8832K)->8599K(8832K) NonClass: 7446K(7552K)->7446K(7552K) Class: 1153K(1280K)->1153K(1280K)
[18.286s][info][gc             ] GC(188) Pause Young (Normal) (G1 Evacuation Pause) 163M->11M(266M) 5.385ms
[18.286s][info][gc,cpu         ] GC(188) User=0.09s Sys=0.00s Real=0.01s
[18.364s][info][gc,start       ] GC(189) Pause Young (Normal) (G1 Evacuation Pause)
[18.364s][info][gc,task        ] GC(189) Using 6 workers of 33 for evacuation
[18.369s][info][gc,phases      ] GC(189)   Pre Evacuate Collection Set: 0.1ms
[18.369s][info][gc,phases      ] GC(189)   Merge Heap Roots: 0.1ms
[18.369s][info][gc,phases      ] GC(189)   Evacuate Collection Set: 4.6ms
[18.369s][info][gc,phases      ] GC(189)   Post Evacuate Collection Set: 0.3ms
[18.369s][info][gc,phases      ] GC(189)   Other: 0.1ms
[18.369s][info][gc,heap        ] GC(189) Eden regions: 152->0(152)
[18.369s][info][gc,heap        ] GC(189) Survivor regions: 7->7(20)
[18.369s][info][gc,heap        ] GC(189) Old regions: 7->7
[18.369s][info][gc,heap        ] GC(189) Archive regions: 0->0
[18.369s][info][gc,heap        ] GC(189) Humongous regions: 0->0
[18.369s][info][gc,metaspace   ] GC(189) Metaspace: 8599K(8832K)->8599K(8832K) NonClass: 7446K(7552K)->7446K(7552K) Class: 1153K(1280K)->1153K(1280K)
[18.369s][info][gc             ] GC(189) Pause Young (Normal) (G1 Evacuation Pause) 163M->11M(266M) 5.593ms
[18.369s][info][gc,cpu         ] GC(189) User=0.00s Sys=0.00s Real=0.01s
[18.461s][info][gc,start       ] GC(190) Pause Young (Normal) (G1 Evacuation Pause)
[18.461s][info][gc,task        ] GC(190) Using 6 workers of 33 for evacuation
[18.466s][info][gc,phases      ] GC(190)   Pre Evacuate Collection Set: 0.1ms
[18.466s][info][gc,phases      ] GC(190)   Merge Heap Roots: 0.1ms
[18.466s][info][gc,phases      ] GC(190)   Evacuate Collection Set: 4.0ms
[18.466s][info][gc,phases      ] GC(190)   Post Evacuate Collection Set: 0.3ms
[18.466s][info][gc,phases      ] GC(190)   Other: 0.1ms
[18.466s][info][gc,heap        ] GC(190) Eden regions: 152->0(151)
[18.466s][info][gc,heap        ] GC(190) Survivor regions: 7->8(20)
[18.466s][info][gc,heap        ] GC(190) Old regions: 7->8
[18.466s][info][gc,heap        ] GC(190) Archive regions: 0->0
[18.466s][info][gc,heap        ] GC(190) Humongous regions: 0->0
[18.466s][info][gc,metaspace   ] GC(190) Metaspace: 8599K(8832K)->8599K(8832K) NonClass: 7446K(7552K)->7446K(7552K) Class: 1153K(1280K)->1153K(1280K)
[18.466s][info][gc             ] GC(190) Pause Young (Normal) (G1 Evacuation Pause) 163M->12M(266M) 5.062ms
[18.466s][info][gc,cpu         ] GC(190) User=0.00s Sys=0.00s Real=0.01s
[18.561s][info][gc,start       ] GC(191) Pause Young (Normal) (G1 Evacuation Pause)
[18.561s][info][gc,task        ] GC(191) Using 6 workers of 33 for evacuation
[18.567s][info][gc,phases      ] GC(191)   Pre Evacuate Collection Set: 0.1ms
[18.567s][info][gc,phases      ] GC(191)   Merge Heap Roots: 0.1ms
[18.567s][info][gc,phases      ] GC(191)   Evacuate Collection Set: 5.3ms
[18.567s][info][gc,phases      ] GC(191)   Post Evacuate Collection Set: 0.3ms
[18.567s][info][gc,phases      ] GC(191)   Other: 0.1ms
[18.567s][info][gc,heap        ] GC(191) Eden regions: 151->0(151)
[18.567s][info][gc,heap        ] GC(191) Survivor regions: 8->8(20)
[18.567s][info][gc,heap        ] GC(191) Old regions: 8->8
[18.568s][info][gc,heap        ] GC(191) Archive regions: 0->0
[18.568s][info][gc,heap        ] GC(191) Humongous regions: 0->0
[18.568s][info][gc,metaspace   ] GC(191) Metaspace: 8599K(8832K)->8599K(8832K) NonClass: 7446K(7552K)->7446K(7552K) Class: 1153K(1280K)->1153K(1280K)
[18.568s][info][gc             ] GC(191) Pause Young (Normal) (G1 Evacuation Pause) 163M->12M(266M) 6.396ms
[18.568s][info][gc,cpu         ] GC(191) User=0.00s Sys=0.00s Real=0.00s
[18.645s][info][gc,start       ] GC(192) Pause Young (Normal) (G1 Evacuation Pause)
[18.645s][info][gc,task        ] GC(192) Using 6 workers of 33 for evacuation
[18.651s][info][gc,phases      ] GC(192)   Pre Evacuate Collection Set: 0.1ms
[18.651s][info][gc,phases      ] GC(192)   Merge Heap Roots: 0.1ms
[18.651s][info][gc,phases      ] GC(192)   Evacuate Collection Set: 5.4ms
[18.651s][info][gc,phases      ] GC(192)   Post Evacuate Collection Set: 0.3ms
[18.651s][info][gc,phases      ] GC(192)   Other: 0.1ms
[18.651s][info][gc,heap        ] GC(192) Eden regions: 151->0(150)
[18.651s][info][gc,heap        ] GC(192) Survivor regions: 8->9(20)
[18.651s][info][gc,heap        ] GC(192) Old regions: 8->8
[18.651s][info][gc,heap        ] GC(192) Archive regions: 0->0
[18.651s][info][gc,heap        ] GC(192) Humongous regions: 0->0
[18.651s][info][gc,metaspace   ] GC(192) Metaspace: 8599K(8832K)->8599K(8832K) NonClass: 7446K(7552K)->7446K(7552K) Class: 1153K(1280K)->1153K(1280K)
[18.651s][info][gc             ] GC(192) Pause Young (Normal) (G1 Evacuation Pause) 163M->13M(266M) 6.396ms
[18.651s][info][gc,cpu         ] GC(192) User=0.00s Sys=0.00s Real=0.00s
[18.741s][info][gc,start       ] GC(193) Pause Young (Normal) (G1 Evacuation Pause)
[18.741s][info][gc,task        ] GC(193) Using 6 workers of 33 for evacuation
[18.748s][info][gc,phases      ] GC(193)   Pre Evacuate Collection Set: 0.1ms
[18.748s][info][gc,phases      ] GC(193)   Merge Heap Roots: 0.1ms
[18.748s][info][gc,phases      ] GC(193)   Evacuate Collection Set: 6.1ms
[18.748s][info][gc,phases      ] GC(193)   Post Evacuate Collection Set: 0.3ms
[18.748s][info][gc,phases      ] GC(193)   Other: 0.1ms
[18.748s][info][gc,heap        ] GC(193) Eden regions: 150->0(150)
[18.748s][info][gc,heap        ] GC(193) Survivor regions: 9->9(20)
[18.748s][info][gc,heap        ] GC(193) Old regions: 8->8
[18.748s][info][gc,heap        ] GC(193) Archive regions: 0->0
[18.748s][info][gc,heap        ] GC(193) Humongous regions: 0->0
[18.748s][info][gc,metaspace   ] GC(193) Metaspace: 8599K(8832K)->8599K(8832K) NonClass: 7446K(7552K)->7446K(7552K) Class: 1153K(1280K)->1153K(1280K)
[18.748s][info][gc             ] GC(193) Pause Young (Normal) (G1 Evacuation Pause) 163M->13M(266M) 7.156ms
[18.748s][info][gc,cpu         ] GC(193) User=0.00s Sys=0.00s Real=0.00s
[18.825s][info][gc,start       ] GC(194) Pause Young (Normal) (G1 Evacuation Pause)
[18.825s][info][gc,task        ] GC(194) Using 6 workers of 33 for evacuation
[18.832s][info][gc,phases      ] GC(194)   Pre Evacuate Collection Set: 0.1ms
[18.832s][info][gc,phases      ] GC(194)   Merge Heap Roots: 0.1ms
[18.832s][info][gc,phases      ] GC(194)   Evacuate Collection Set: 6.0ms
[18.832s][info][gc,phases      ] GC(194)   Post Evacuate Collection Set: 0.3ms
[18.832s][info][gc,phases      ] GC(194)   Other: 0.1ms
[18.832s][info][gc,heap        ] GC(194) Eden regions: 150->0(149)
[18.832s][info][gc,heap        ] GC(194) Survivor regions: 9->10(20)
[18.832s][info][gc,heap        ] GC(194) Old regions: 8->8
[18.832s][info][gc,heap        ] GC(194) Archive regions: 0->0
[18.832s][info][gc,heap        ] GC(194) Humongous regions: 0->0
[18.832s][info][gc,metaspace   ] GC(194) Metaspace: 8599K(8832K)->8599K(8832K) NonClass: 7446K(7552K)->7446K(7552K) Class: 1153K(1280K)->1153K(1280K)
[18.832s][info][gc             ] GC(194) Pause Young (Normal) (G1 Evacuation Pause) 163M->14M(266M) 6.942ms
[18.832s][info][gc,cpu         ] GC(194) User=0.09s Sys=0.00s Real=0.02s
[18.907s][info][gc,start       ] GC(195) Pause Young (Normal) (G1 Evacuation Pause)
[18.921s][info][gc,task        ] GC(195) Using 6 workers of 33 for evacuation
[18.928s][info][gc,phases      ] GC(195)   Pre Evacuate Collection Set: 0.1ms
[18.929s][info][gc,phases      ] GC(195)   Merge Heap Roots: 0.1ms
[18.929s][info][gc,phases      ] GC(195)   Evacuate Collection Set: 7.1ms
[18.929s][info][gc,phases      ] GC(195)   Post Evacuate Collection Set: 0.3ms
[18.929s][info][gc,phases      ] GC(195)   Other: 0.1ms
[18.929s][info][gc,heap        ] GC(195) Eden regions: 149->0(148)
[18.929s][info][gc,heap        ] GC(195) Survivor regions: 10->11(20)
[18.929s][info][gc,heap        ] GC(195) Old regions: 8->8
[18.929s][info][gc,heap        ] GC(195) Archive regions: 0->0
[18.929s][info][gc,heap        ] GC(195) Humongous regions: 0->0
[18.929s][info][gc,metaspace   ] GC(195) Metaspace: 8599K(8832K)->8599K(8832K) NonClass: 7446K(7552K)->7446K(7552K) Class: 1153K(1280K)->1153K(1280K)
[18.929s][info][gc             ] GC(195) Pause Young (Normal) (G1 Evacuation Pause) 163M->14M(266M) 21.645ms
[18.929s][info][gc,cpu         ] GC(195) User=0.06s Sys=0.00s Real=0.03s
[19.009s][info][gc,start       ] GC(196) Pause Young (Normal) (G1 Evacuation Pause)
[19.009s][info][gc,task        ] GC(196) Using 6 workers of 33 for evacuation
[19.017s][info][gc,phases      ] GC(196)   Pre Evacuate Collection Set: 0.1ms
[19.017s][info][gc,phases      ] GC(196)   Merge Heap Roots: 0.1ms
[19.017s][info][gc,phases      ] GC(196)   Evacuate Collection Set: 7.2ms
[19.017s][info][gc,phases      ] GC(196)   Post Evacuate Collection Set: 0.3ms
[19.017s][info][gc,phases      ] GC(196)   Other: 0.1ms
[19.017s][info][gc,heap        ] GC(196) Eden regions: 148->0(148)
[19.017s][info][gc,heap        ] GC(196) Survivor regions: 11->11(20)
[19.017s][info][gc,heap        ] GC(196) Old regions: 8->8
[19.017s][info][gc,heap        ] GC(196) Archive regions: 0->0
[19.017s][info][gc,heap        ] GC(196) Humongous regions: 0->0
[19.017s][info][gc,metaspace   ] GC(196) Metaspace: 8599K(8832K)->8599K(8832K) NonClass: 7446K(7552K)->7446K(7552K) Class: 1153K(1280K)->1153K(1280K)
[19.017s][info][gc             ] GC(196) Pause Young (Normal) (G1 Evacuation Pause) 162M->15M(266M) 8.169ms
[19.017s][info][gc,cpu         ] GC(196) User=0.05s Sys=0.00s Real=0.01s
[19.100s][info][gc,start       ] GC(197) Pause Young (Normal) (G1 Evacuation Pause)
[19.100s][info][gc,task        ] GC(197) Using 6 workers of 33 for evacuation
[19.108s][info][gc,phases      ] GC(197)   Pre Evacuate Collection Set: 0.1ms
[19.108s][info][gc,phases      ] GC(197)   Merge Heap Roots: 0.1ms
[19.108s][info][gc,phases      ] GC(197)   Evacuate Collection Set: 7.3ms
[19.108s][info][gc,phases      ] GC(197)   Post Evacuate Collection Set: 0.3ms
[19.108s][info][gc,phases      ] GC(197)   Other: 0.1ms
[19.108s][info][gc,heap        ] GC(197) Eden regions: 148->0(147)
[19.108s][info][gc,heap        ] GC(197) Survivor regions: 11->12(20)
[19.108s][info][gc,heap        ] GC(197) Old regions: 8->8
[19.108s][info][gc,heap        ] GC(197) Archive regions: 0->0
[19.108s][info][gc,heap        ] GC(197) Humongous regions: 0->0
[19.108s][info][gc,metaspace   ] GC(197) Metaspace: 8599K(8832K)->8599K(8832K) NonClass: 7446K(7552K)->7446K(7552K) Class: 1153K(1280K)->1153K(1280K)
[19.108s][info][gc             ] GC(197) Pause Young (Normal) (G1 Evacuation Pause) 163M->16M(266M) 8.379ms
[19.108s][info][gc,cpu         ] GC(197) User=0.00s Sys=0.00s Real=0.01s
[19.184s][info][gc,start       ] GC(198) Pause Young (Normal) (G1 Evacuation Pause)
[19.184s][info][gc,task        ] GC(198) Using 6 workers of 33 for evacuation
[19.192s][info][gc,phases      ] GC(198)   Pre Evacuate Collection Set: 0.1ms
[19.193s][info][gc,phases      ] GC(198)   Merge Heap Roots: 0.1ms
[19.193s][info][gc,phases      ] GC(198)   Evacuate Collection Set: 7.9ms
[19.193s][info][gc,phases      ] GC(198)   Post Evacuate Collection Set: 0.5ms
[19.193s][info][gc,phases      ] GC(198)   Other: 0.1ms
[19.193s][info][gc,heap        ] GC(198) Eden regions: 147->0(157)
[19.193s][info][gc,heap        ] GC(198) Survivor regions: 12->8(20)
[19.193s][info][gc,heap        ] GC(198) Old regions: 8->12
[19.193s][info][gc,heap        ] GC(198) Archive regions: 0->0
[19.193s][info][gc,heap        ] GC(198) Humongous regions: 0->0
[19.193s][info][gc,metaspace   ] GC(198) Metaspace: 8599K(8832K)->8599K(8832K) NonClass: 7446K(7552K)->7446K(7552K) Class: 1153K(1280K)->1153K(1280K)
[19.193s][info][gc             ] GC(198) Pause Young (Normal) (G1 Evacuation Pause) 163M->17M(276M) 9.093ms
[19.193s][info][gc,cpu         ] GC(198) User=0.09s Sys=0.00s Real=0.01s
[19.283s][info][gc,start       ] GC(199) Pause Young (Normal) (G1 Evacuation Pause)
[19.284s][info][gc,task        ] GC(199) Using 6 workers of 33 for evacuation
[19.289s][info][gc,phases      ] GC(199)   Pre Evacuate Collection Set: 0.1ms
[19.289s][info][gc,phases      ] GC(199)   Merge Heap Roots: 0.1ms
[19.289s][info][gc,phases      ] GC(199)   Evacuate Collection Set: 5.2ms
[19.289s][info][gc,phases      ] GC(199)   Post Evacuate Collection Set: 0.3ms
[19.289s][info][gc,phases      ] GC(199)   Other: 0.1ms
[19.290s][info][gc,heap        ] GC(199) Eden regions: 157->0(157)
[19.290s][info][gc,heap        ] GC(199) Survivor regions: 8->8(21)
[19.290s][info][gc,heap        ] GC(199) Old regions: 12->12
[19.290s][info][gc,heap        ] GC(199) Archive regions: 0->0
[19.290s][info][gc,heap        ] GC(199) Humongous regions: 0->0
[19.290s][info][gc,metaspace   ] GC(199) Metaspace: 8599K(8832K)->8599K(8832K) NonClass: 7446K(7552K)->7446K(7552K) Class: 1153K(1280K)->1153K(1280K)
[19.290s][info][gc             ] GC(199) Pause Young (Normal) (G1 Evacuation Pause) 174M->16M(276M) 6.290ms
[19.290s][info][gc,cpu         ] GC(199) User=0.00s Sys=0.00s Real=0.01s
[19.384s][info][gc,start       ] GC(200) Pause Young (Normal) (G1 Evacuation Pause)
[19.384s][info][gc,task        ] GC(200) Using 6 workers of 33 for evacuation
[19.389s][info][gc,phases      ] GC(200)   Pre Evacuate Collection Set: 0.1ms
[19.389s][info][gc,phases      ] GC(200)   Merge Heap Roots: 0.1ms
[19.389s][info][gc,phases      ] GC(200)   Evacuate Collection Set: 4.1ms
[19.389s][info][gc,phases      ] GC(200)   Post Evacuate Collection Set: 0.3ms
[19.389s][info][gc,phases      ] GC(200)   Other: 0.1ms
[19.389s][info][gc,heap        ] GC(200) Eden regions: 157->0(156)
[19.389s][info][gc,heap        ] GC(200) Survivor regions: 8->9(21)
[19.389s][info][gc,heap        ] GC(200) Old regions: 12->12
[19.389s][info][gc,heap        ] GC(200) Archive regions: 0->0
[19.389s][info][gc,heap        ] GC(200) Humongous regions: 0->0
[19.389s][info][gc,metaspace   ] GC(200) Metaspace: 8599K(8832K)->8599K(8832K) NonClass: 7446K(7552K)->7446K(7552K) Class: 1153K(1280K)->1153K(1280K)
[19.389s][info][gc             ] GC(200) Pause Young (Normal) (G1 Evacuation Pause) 173M->17M(276M) 5.155ms
[19.389s][info][gc,cpu         ] GC(200) User=0.00s Sys=0.00s Real=0.00s
[19.498s][info][gc,start       ] GC(201) Pause Young (Normal) (G1 Evacuation Pause)
[19.499s][info][gc,task        ] GC(201) Using 6 workers of 33 for evacuation
[19.503s][info][gc,phases      ] GC(201)   Pre Evacuate Collection Set: 0.1ms
[19.503s][info][gc,phases      ] GC(201)   Merge Heap Roots: 0.1ms
[19.503s][info][gc,phases      ] GC(201)   Evacuate Collection Set: 4.2ms
[19.503s][info][gc,phases      ] GC(201)   Post Evacuate Collection Set: 0.3ms
[19.503s][info][gc,phases      ] GC(201)   Other: 0.1ms
[19.503s][info][gc,heap        ] GC(201) Eden regions: 156->0(156)
[19.503s][info][gc,heap        ] GC(201) Survivor regions: 9->9(21)
[19.503s][info][gc,heap        ] GC(201) Old regions: 12->12
[19.504s][info][gc,heap        ] GC(201) Archive regions: 0->0
[19.504s][info][gc,heap        ] GC(201) Humongous regions: 0->0
[19.504s][info][gc,metaspace   ] GC(201) Metaspace: 8599K(8832K)->8599K(8832K) NonClass: 7446K(7552K)->7446K(7552K) Class: 1153K(1280K)->1153K(1280K)
[19.504s][info][gc             ] GC(201) Pause Young (Normal) (G1 Evacuation Pause) 173M->18M(276M) 5.200ms
[19.504s][info][gc,cpu         ] GC(201) User=0.00s Sys=0.00s Real=0.00s
[19.629s][info][gc,start       ] GC(202) Pause Young (Normal) (G1 Evacuation Pause)
[19.629s][info][gc,task        ] GC(202) Using 6 workers of 33 for evacuation
[19.644s][info][gc,phases      ] GC(202)   Pre Evacuate Collection Set: 0.1ms
[19.644s][info][gc,phases      ] GC(202)   Merge Heap Roots: 0.1ms
[19.644s][info][gc,phases      ] GC(202)   Evacuate Collection Set: 14.7ms
[19.644s][info][gc,phases      ] GC(202)   Post Evacuate Collection Set: 0.3ms
[19.645s][info][gc,phases      ] GC(202)   Other: 0.1ms
[19.645s][info][gc,heap        ] GC(202) Eden regions: 156->0(145)
[19.645s][info][gc,heap        ] GC(202) Survivor regions: 9->20(21)
[19.645s][info][gc,heap        ] GC(202) Old regions: 12->12
[19.645s][info][gc,heap        ] GC(202) Archive regions: 0->0
[19.645s][info][gc,heap        ] GC(202) Humongous regions: 3->3
[19.645s][info][gc,metaspace   ] GC(202) Metaspace: 8599K(8832K)->8599K(8832K) NonClass: 7446K(7552K)->7446K(7552K) Class: 1153K(1280K)->1153K(1280K)
[19.645s][info][gc             ] GC(202) Pause Young (Normal) (G1 Evacuation Pause) 177M->31M(276M) 15.780ms
[19.645s][info][gc,cpu         ] GC(202) User=0.09s Sys=0.00s Real=0.02s
[19.717s][info][gc,start       ] GC(203) Pause Young (Normal) (G1 Evacuation Pause)
[19.717s][info][gc,task        ] GC(203) Using 6 workers of 33 for evacuation
[19.729s][info][gc,phases      ] GC(203)   Pre Evacuate Collection Set: 0.1ms
[19.729s][info][gc,phases      ] GC(203)   Merge Heap Roots: 0.1ms
[19.729s][info][gc,phases      ] GC(203)   Evacuate Collection Set: 11.1ms
[19.729s][info][gc,phases      ] GC(203)   Post Evacuate Collection Set: 0.3ms
[19.729s][info][gc,phases      ] GC(203)   Other: 0.1ms
[19.729s][info][gc,heap        ] GC(203) Eden regions: 145->0(163)
[19.729s][info][gc,heap        ] GC(203) Survivor regions: 20->2(21)
[19.729s][info][gc,heap        ] GC(203) Old regions: 12->31
[19.729s][info][gc,heap        ] GC(203) Archive regions: 0->0
[19.729s][info][gc,heap        ] GC(203) Humongous regions: 3->3
[19.729s][info][gc,metaspace   ] GC(203) Metaspace: 8599K(8832K)->8599K(8832K) NonClass: 7446K(7552K)->7446K(7552K) Class: 1153K(1280K)->1153K(1280K)
[19.729s][info][gc             ] GC(203) Pause Young (Normal) (G1 Evacuation Pause) 176M->32M(276M) 12.190ms
[19.729s][info][gc,cpu         ] GC(203) User=0.09s Sys=0.00s Real=0.01s
[19.811s][info][gc,start       ] GC(204) Pause Young (Normal) (G1 Evacuation Pause)
[19.811s][info][gc,task        ] GC(204) Using 6 workers of 33 for evacuation
[19.813s][info][gc,phases      ] GC(204)   Pre Evacuate Collection Set: 0.1ms
[19.813s][info][gc,phases      ] GC(204)   Merge Heap Roots: 0.1ms
[19.813s][info][gc,phases      ] GC(204)   Evacuate Collection Set: 1.2ms
[19.813s][info][gc,phases      ] GC(204)   Post Evacuate Collection Set: 0.3ms
[19.813s][info][gc,phases      ] GC(204)   Other: 0.1ms
[19.813s][info][gc,heap        ] GC(204) Eden regions: 163->0(163)
[19.813s][info][gc,heap        ] GC(204) Survivor regions: 2->2(21)
[19.813s][info][gc,heap        ] GC(204) Old regions: 31->31
[19.813s][info][gc,heap        ] GC(204) Archive regions: 0->0
[19.813s][info][gc,heap        ] GC(204) Humongous regions: 3->3
[19.813s][info][gc,metaspace   ] GC(204) Metaspace: 8599K(8832K)->8599K(8832K) NonClass: 7446K(7552K)->7446K(7552K) Class: 1153K(1280K)->1153K(1280K)
[19.813s][info][gc             ] GC(204) Pause Young (Normal) (G1 Evacuation Pause) 195M->32M(276M) 2.180ms
[19.813s][info][gc,cpu         ] GC(204) User=0.00s Sys=0.00s Real=0.00s
[19.901s][info][gc,start       ] GC(205) Pause Young (Normal) (G1 Evacuation Pause)
[19.901s][info][gc,task        ] GC(205) Using 6 workers of 33 for evacuation
[19.906s][info][gc,phases      ] GC(205)   Pre Evacuate Collection Set: 0.1ms
[19.906s][info][gc,phases      ] GC(205)   Merge Heap Roots: 0.1ms
[19.906s][info][gc,phases      ] GC(205)   Evacuate Collection Set: 4.5ms
[19.906s][info][gc,phases      ] GC(205)   Post Evacuate Collection Set: 0.3ms
[19.906s][info][gc,phases      ] GC(205)   Other: 0.1ms
[19.906s][info][gc,heap        ] GC(205) Eden regions: 163->0(159)
[19.906s][info][gc,heap        ] GC(205) Survivor regions: 2->6(21)
[19.906s][info][gc,heap        ] GC(205) Old regions: 31->31
[19.906s][info][gc,heap        ] GC(205) Archive regions: 0->0
[19.906s][info][gc,heap        ] GC(205) Humongous regions: 3->3
[19.906s][info][gc,metaspace   ] GC(205) Metaspace: 8599K(8832K)->8599K(8832K) NonClass: 7446K(7552K)->7446K(7552K) Class: 1153K(1280K)->1153K(1280K)
[19.906s][info][gc             ] GC(205) Pause Young (Normal) (G1 Evacuation Pause) 195M->36M(276M) 5.511ms
[19.906s][info][gc,cpu         ] GC(205) User=0.00s Sys=0.00s Real=0.00s
[19.986s][info][gc,start       ] GC(206) Pause Young (Normal) (G1 Evacuation Pause)
[19.986s][info][gc,task        ] GC(206) Using 6 workers of 33 for evacuation
[19.991s][info][gc,phases      ] GC(206)   Pre Evacuate Collection Set: 0.1ms
[19.991s][info][gc,phases      ] GC(206)   Merge Heap Roots: 0.1ms
[19.991s][info][gc,phases      ] GC(206)   Evacuate Collection Set: 4.2ms
[19.991s][info][gc,phases      ] GC(206)   Post Evacuate Collection Set: 0.3ms
[19.991s][info][gc,phases      ] GC(206)   Other: 0.1ms
[19.991s][info][gc,heap        ] GC(206) Eden regions: 159->0(158)
[19.991s][info][gc,heap        ] GC(206) Survivor regions: 6->7(21)
[19.991s][info][gc,heap        ] GC(206) Old regions: 31->31
[19.991s][info][gc,heap        ] GC(206) Archive regions: 0->0
[19.991s][info][gc,heap        ] GC(206) Humongous regions: 3->3
[19.991s][info][gc,metaspace   ] GC(206) Metaspace: 8599K(8832K)->8599K(8832K) NonClass: 7446K(7552K)->7446K(7552K) Class: 1153K(1280K)->1153K(1280K)
[19.992s][info][gc             ] GC(206) Pause Young (Normal) (G1 Evacuation Pause) 195M->36M(276M) 5.187ms
[19.992s][info][gc,cpu         ] GC(206) User=0.00s Sys=0.00s Real=0.00s
[20.078s][info][gc,start       ] GC(207) Pause Young (Normal) (G1 Evacuation Pause)
[20.078s][info][gc,task        ] GC(207) Using 6 workers of 33 for evacuation
[20.083s][info][gc,phases      ] GC(207)   Pre Evacuate Collection Set: 0.1ms
[20.084s][info][gc,phases      ] GC(207)   Merge Heap Roots: 0.1ms
[20.084s][info][gc,phases      ] GC(207)   Evacuate Collection Set: 4.7ms
[20.084s][info][gc,phases      ] GC(207)   Post Evacuate Collection Set: 0.3ms
[20.084s][info][gc,phases      ] GC(207)   Other: 0.1ms
[20.084s][info][gc,heap        ] GC(207) Eden regions: 158->0(158)
[20.084s][info][gc,heap        ] GC(207) Survivor regions: 7->7(21)
[20.084s][info][gc,heap        ] GC(207) Old regions: 31->31
[20.084s][info][gc,heap        ] GC(207) Archive regions: 0->0
[20.084s][info][gc,heap        ] GC(207) Humongous regions: 3->3
[20.084s][info][gc,metaspace   ] GC(207) Metaspace: 8599K(8832K)->8599K(8832K) NonClass: 7446K(7552K)->7446K(7552K) Class: 1153K(1280K)->1153K(1280K)
[20.084s][info][gc             ] GC(207) Pause Young (Normal) (G1 Evacuation Pause) 194M->37M(276M) 5.831ms
[20.084s][info][gc,cpu         ] GC(207) User=0.09s Sys=0.00s Real=0.01s
[20.182s][info][gc,start       ] GC(208) Pause Young (Normal) (G1 Evacuation Pause)
[20.182s][info][gc,task        ] GC(208) Using 6 workers of 33 for evacuation
[20.187s][info][gc,phases      ] GC(208)   Pre Evacuate Collection Set: 0.1ms
[20.187s][info][gc,phases      ] GC(208)   Merge Heap Roots: 0.1ms
[20.187s][info][gc,phases      ] GC(208)   Evacuate Collection Set: 4.0ms
[20.187s][info][gc,phases      ] GC(208)   Post Evacuate Collection Set: 0.3ms
[20.187s][info][gc,phases      ] GC(208)   Other: 0.1ms
[20.187s][info][gc,heap        ] GC(208) Eden regions: 158->0(157)
[20.187s][info][gc,heap        ] GC(208) Survivor regions: 7->8(21)
[20.187s][info][gc,heap        ] GC(208) Old regions: 31->31
[20.187s][info][gc,heap        ] GC(208) Archive regions: 0->0
[20.187s][info][gc,heap        ] GC(208) Humongous regions: 3->3
[20.187s][info][gc,metaspace   ] GC(208) Metaspace: 8599K(8832K)->8599K(8832K) NonClass: 7446K(7552K)->7446K(7552K) Class: 1153K(1280K)->1153K(1280K)
[20.187s][info][gc             ] GC(208) Pause Young (Normal) (G1 Evacuation Pause) 195M->38M(276M) 5.100ms
[20.187s][info][gc,cpu         ] GC(208) User=0.00s Sys=0.00s Real=0.01s
[20.271s][info][gc,start       ] GC(209) Pause Young (Normal) (G1 Evacuation Pause)
[20.271s][info][gc,task        ] GC(209) Using 6 workers of 33 for evacuation
[20.277s][info][gc,phases      ] GC(209)   Pre Evacuate Collection Set: 0.1ms
[20.277s][info][gc,phases      ] GC(209)   Merge Heap Roots: 0.1ms
[20.277s][info][gc,phases      ] GC(209)   Evacuate Collection Set: 5.1ms
[20.277s][info][gc,phases      ] GC(209)   Post Evacuate Collection Set: 0.3ms
[20.277s][info][gc,phases      ] GC(209)   Other: 0.1ms
[20.277s][info][gc,heap        ] GC(209) Eden regions: 157->0(157)
[20.277s][info][gc,heap        ] GC(209) Survivor regions: 8->8(21)
[20.277s][info][gc,heap        ] GC(209) Old regions: 31->31
[20.277s][info][gc,heap        ] GC(209) Archive regions: 0->0
[20.277s][info][gc,heap        ] GC(209) Humongous regions: 3->3
[20.277s][info][gc,metaspace   ] GC(209) Metaspace: 8599K(8832K)->8599K(8832K) NonClass: 7446K(7552K)->7446K(7552K) Class: 1153K(1280K)->1153K(1280K)
[20.277s][info][gc             ] GC(209) Pause Young (Normal) (G1 Evacuation Pause) 195M->38M(276M) 6.140ms
[20.277s][info][gc,cpu         ] GC(209) User=0.00s Sys=0.00s Real=0.01s
[20.382s][info][gc,start       ] GC(210) Pause Young (Normal) (G1 Evacuation Pause)
[20.382s][info][gc,task        ] GC(210) Using 6 workers of 33 for evacuation
[20.391s][info][gc,phases      ] GC(210)   Pre Evacuate Collection Set: 0.1ms
[20.391s][info][gc,phases      ] GC(210)   Merge Heap Roots: 0.1ms
[20.391s][info][gc,phases      ] GC(210)   Evacuate Collection Set: 8.1ms
[20.391s][info][gc,phases      ] GC(210)   Post Evacuate Collection Set: 0.3ms
[20.391s][info][gc,phases      ] GC(210)   Other: 0.1ms
[20.391s][info][gc,heap        ] GC(210) Eden regions: 157->0(152)
[20.391s][info][gc,heap        ] GC(210) Survivor regions: 8->13(21)
[20.391s][info][gc,heap        ] GC(210) Old regions: 31->31
[20.391s][info][gc,heap        ] GC(210) Archive regions: 0->0
[20.391s][info][gc,heap        ] GC(210) Humongous regions: 3->3
[20.391s][info][gc,metaspace   ] GC(210) Metaspace: 8599K(8832K)->8599K(8832K) NonClass: 7446K(7552K)->7446K(7552K) Class: 1153K(1280K)->1153K(1280K)
[20.391s][info][gc             ] GC(210) Pause Young (Normal) (G1 Evacuation Pause) 195M->43M(276M) 9.291ms
[20.391s][info][gc,cpu         ] GC(210) User=0.00s Sys=0.00s Real=0.01s
[20.468s][info][gc,start       ] GC(211) Pause Young (Normal) (G1 Evacuation Pause)
[20.468s][info][gc,task        ] GC(211) Using 6 workers of 33 for evacuation
[20.477s][info][gc,phases      ] GC(211)   Pre Evacuate Collection Set: 0.1ms
[20.477s][info][gc,phases      ] GC(211)   Merge Heap Roots: 0.1ms
[20.477s][info][gc,phases      ] GC(211)   Evacuate Collection Set: 8.7ms
[20.477s][info][gc,phases      ] GC(211)   Post Evacuate Collection Set: 0.3ms
[20.477s][info][gc,phases      ] GC(211)   Other: 0.1ms
[20.477s][info][gc,heap        ] GC(211) Eden regions: 152->0(156)
[20.477s][info][gc,heap        ] GC(211) Survivor regions: 13->9(21)
[20.477s][info][gc,heap        ] GC(211) Old regions: 31->36
[20.477s][info][gc,heap        ] GC(211) Archive regions: 0->0
[20.477s][info][gc,heap        ] GC(211) Humongous regions: 3->3
[20.477s][info][gc,metaspace   ] GC(211) Metaspace: 8599K(8832K)->8599K(8832K) NonClass: 7446K(7552K)->7446K(7552K) Class: 1153K(1280K)->1153K(1280K)
[20.478s][info][gc             ] GC(211) Pause Young (Normal) (G1 Evacuation Pause) 195M->44M(276M) 9.784ms
[20.478s][info][gc,cpu         ] GC(211) User=0.09s Sys=0.00s Real=0.01s
[20.558s][info][gc,start       ] GC(212) Pause Young (Normal) (G1 Evacuation Pause)
[20.558s][info][gc,task        ] GC(212) Using 6 workers of 33 for evacuation
[20.564s][info][gc,phases      ] GC(212)   Pre Evacuate Collection Set: 0.1ms
[20.564s][info][gc,phases      ] GC(212)   Merge Heap Roots: 0.1ms
[20.564s][info][gc,phases      ] GC(212)   Evacuate Collection Set: 6.1ms
[20.564s][info][gc,phases      ] GC(212)   Post Evacuate Collection Set: 0.3ms
[20.564s][info][gc,phases      ] GC(212)   Other: 0.1ms
[20.565s][info][gc,heap        ] GC(212) Eden regions: 156->0(156)
[20.565s][info][gc,heap        ] GC(212) Survivor regions: 9->9(21)
[20.565s][info][gc,heap        ] GC(212) Old regions: 36->36
[20.565s][info][gc,heap        ] GC(212) Archive regions: 0->0
[20.565s][info][gc,heap        ] GC(212) Humongous regions: 3->3
[20.565s][info][gc,metaspace   ] GC(212) Metaspace: 8599K(8832K)->8599K(8832K) NonClass: 7446K(7552K)->7446K(7552K) Class: 1153K(1280K)->1153K(1280K)
[20.565s][info][gc             ] GC(212) Pause Young (Normal) (G1 Evacuation Pause) 200M->44M(276M) 7.135ms
[20.565s][info][gc,cpu         ] GC(212) User=0.00s Sys=0.00s Real=0.00s
[20.650s][info][gc,start       ] GC(213) Pause Young (Normal) (G1 Evacuation Pause)
[20.651s][info][gc,task        ] GC(213) Using 6 workers of 33 for evacuation
[20.658s][info][gc,phases      ] GC(213)   Pre Evacuate Collection Set: 0.1ms
[20.658s][info][gc,phases      ] GC(213)   Merge Heap Roots: 0.1ms
[20.658s][info][gc,phases      ] GC(213)   Evacuate Collection Set: 6.6ms
[20.658s][info][gc,phases      ] GC(213)   Post Evacuate Collection Set: 0.3ms
[20.658s][info][gc,phases      ] GC(213)   Other: 0.1ms
[20.658s][info][gc,heap        ] GC(213) Eden regions: 156->0(155)
[20.658s][info][gc,heap        ] GC(213) Survivor regions: 9->10(21)
[20.658s][info][gc,heap        ] GC(213) Old regions: 36->36
[20.658s][info][gc,heap        ] GC(213) Archive regions: 0->0
[20.658s][info][gc,heap        ] GC(213) Humongous regions: 3->3
[20.658s][info][gc,metaspace   ] GC(213) Metaspace: 8599K(8832K)->8599K(8832K) NonClass: 7446K(7552K)->7446K(7552K) Class: 1153K(1280K)->1153K(1280K)
[20.658s][info][gc             ] GC(213) Pause Young (Normal) (G1 Evacuation Pause) 200M->45M(276M) 7.673ms
[20.658s][info][gc,cpu         ] GC(213) User=0.00s Sys=0.00s Real=0.00s
[20.739s][info][gc,start       ] GC(214) Pause Young (Normal) (G1 Evacuation Pause)
[20.739s][info][gc,task        ] GC(214) Using 6 workers of 33 for evacuation
[20.746s][info][gc,phases      ] GC(214)   Pre Evacuate Collection Set: 0.1ms
[20.746s][info][gc,phases      ] GC(214)   Merge Heap Roots: 0.1ms
[20.746s][info][gc,phases      ] GC(214)   Evacuate Collection Set: 6.9ms
[20.746s][info][gc,phases      ] GC(214)   Post Evacuate Collection Set: 0.3ms
[20.746s][info][gc,phases      ] GC(214)   Other: 0.1ms
[20.746s][info][gc,heap        ] GC(214) Eden regions: 155->0(154)
[20.746s][info][gc,heap        ] GC(214) Survivor regions: 10->11(21)
[20.746s][info][gc,heap        ] GC(214) Old regions: 36->36
[20.746s][info][gc,heap        ] GC(214) Archive regions: 0->0
[20.746s][info][gc,heap        ] GC(214) Humongous regions: 3->3
[20.747s][info][gc,metaspace   ] GC(214) Metaspace: 8599K(8832K)->8599K(8832K) NonClass: 7446K(7552K)->7446K(7552K) Class: 1153K(1280K)->1153K(1280K)
[20.747s][info][gc             ] GC(214) Pause Young (Normal) (G1 Evacuation Pause) 200M->46M(276M) 8.015ms
[20.747s][info][gc,cpu         ] GC(214) User=0.00s Sys=0.00s Real=0.01s
[20.831s][info][gc,start       ] GC(215) Pause Young (Normal) (G1 Evacuation Pause)
[20.832s][info][gc,task        ] GC(215) Using 6 workers of 33 for evacuation
[20.838s][info][gc,phases      ] GC(215)   Pre Evacuate Collection Set: 0.1ms
[20.838s][info][gc,phases      ] GC(215)   Merge Heap Roots: 0.1ms
[20.838s][info][gc,phases      ] GC(215)   Evacuate Collection Set: 5.9ms
[20.838s][info][gc,phases      ] GC(215)   Post Evacuate Collection Set: 0.3ms
[20.838s][info][gc,phases      ] GC(215)   Other: 0.1ms
[20.838s][info][gc,heap        ] GC(215) Eden regions: 154->0(154)
[20.838s][info][gc,heap        ] GC(215) Survivor regions: 11->11(21)
[20.838s][info][gc,heap        ] GC(215) Old regions: 36->36
[20.838s][info][gc,heap        ] GC(215) Archive regions: 0->0
[20.838s][info][gc,heap        ] GC(215) Humongous regions: 3->3
[20.838s][info][gc,metaspace   ] GC(215) Metaspace: 8599K(8832K)->8599K(8832K) NonClass: 7446K(7552K)->7446K(7552K) Class: 1153K(1280K)->1153K(1280K)
[20.839s][info][gc             ] GC(215) Pause Young (Normal) (G1 Evacuation Pause) 200M->46M(276M) 7.048ms
[20.839s][info][gc,cpu         ] GC(215) User=0.00s Sys=0.00s Real=0.01s
[20.931s][info][gc,start       ] GC(216) Pause Young (Normal) (G1 Evacuation Pause)
[20.931s][info][gc,task        ] GC(216) Using 6 workers of 33 for evacuation
[20.938s][info][gc,phases      ] GC(216)   Pre Evacuate Collection Set: 0.1ms
[20.938s][info][gc,phases      ] GC(216)   Merge Heap Roots: 0.1ms
[20.938s][info][gc,phases      ] GC(216)   Evacuate Collection Set: 5.8ms
[20.938s][info][gc,phases      ] GC(216)   Post Evacuate Collection Set: 0.3ms
[20.938s][info][gc,phases      ] GC(216)   Other: 0.1ms
[20.938s][info][gc,heap        ] GC(216) Eden regions: 154->0(153)
[20.938s][info][gc,heap        ] GC(216) Survivor regions: 11->12(21)
[20.938s][info][gc,heap        ] GC(216) Old regions: 36->36
[20.938s][info][gc,heap        ] GC(216) Archive regions: 0->0
[20.938s][info][gc,heap        ] GC(216) Humongous regions: 3->3
[20.938s][info][gc,metaspace   ] GC(216) Metaspace: 8599K(8832K)->8599K(8832K) NonClass: 7446K(7552K)->7446K(7552K) Class: 1153K(1280K)->1153K(1280K)
[20.938s][info][gc             ] GC(216) Pause Young (Normal) (G1 Evacuation Pause) 200M->47M(276M) 6.901ms
[20.938s][info][gc,cpu         ] GC(216) User=0.00s Sys=0.00s Real=0.01s
[21.029s][info][gc,start       ] GC(217) Pause Young (Normal) (G1 Evacuation Pause)
[21.029s][info][gc,task        ] GC(217) Using 6 workers of 33 for evacuation
[21.036s][info][gc,phases      ] GC(217)   Pre Evacuate Collection Set: 0.1ms
[21.036s][info][gc,phases      ] GC(217)   Merge Heap Roots: 0.1ms
[21.036s][info][gc,phases      ] GC(217)   Evacuate Collection Set: 6.0ms
[21.036s][info][gc,phases      ] GC(217)   Post Evacuate Collection Set: 0.3ms
[21.036s][info][gc,phases      ] GC(217)   Other: 0.1ms
[21.036s][info][gc,heap        ] GC(217) Eden regions: 153->0(153)
[21.036s][info][gc,heap        ] GC(217) Survivor regions: 12->12(21)
[21.036s][info][gc,heap        ] GC(217) Old regions: 36->36
[21.036s][info][gc,heap        ] GC(217) Archive regions: 0->0
[21.036s][info][gc,heap        ] GC(217) Humongous regions: 3->3
[21.036s][info][gc,metaspace   ] GC(217) Metaspace: 8599K(8832K)->8599K(8832K) NonClass: 7446K(7552K)->7446K(7552K) Class: 1153K(1280K)->1153K(1280K)
[21.036s][info][gc             ] GC(217) Pause Young (Normal) (G1 Evacuation Pause) 200M->47M(276M) 7.101ms
[21.036s][info][gc,cpu         ] GC(217) User=0.09s Sys=0.00s Real=0.01s
[21.492s][info][gc,start       ] GC(218) Pause Full (System.gc())
[21.492s][info][gc,task        ] GC(218) Using 6 workers of 33 for full compaction
[21.493s][info][gc,phases,start] GC(218) Phase 1: Mark live objects
[21.496s][info][gc,phases      ] GC(218) Phase 1: Mark live objects 3.290ms
[21.496s][info][gc,phases,start] GC(218) Phase 2: Prepare compaction
[21.497s][info][gc,phases      ] GC(218) Phase 2: Prepare compaction 1.454ms
[21.497s][info][gc,phases,start] GC(218) Phase 3: Adjust pointers
[21.499s][info][gc,phases      ] GC(218) Phase 3: Adjust pointers 1.541ms
[21.499s][info][gc,phases,start] GC(218) Phase 4: Compact heap
[21.500s][info][gc,phases      ] GC(218) Phase 4: Compact heap 0.818ms
[21.503s][info][gc,heap        ] GC(218) Eden regions: 111->0(12)
[21.503s][info][gc,heap        ] GC(218) Survivor regions: 12->0(21)
[21.503s][info][gc,heap        ] GC(218) Old regions: 36->6
[21.503s][info][gc,heap        ] GC(218) Archive regions: 0->0
[21.503s][info][gc,heap        ] GC(218) Humongous regions: 22->0
[21.503s][info][gc,metaspace   ] GC(218) Metaspace: 8599K(8832K)->8599K(8832K) NonClass: 7446K(7552K)->7446K(7552K) Class: 1153K(1280K)->1153K(1280K)
[21.503s][info][gc             ] GC(218) Pause Full (System.gc()) 177M->3M(20M) 10.687ms
[21.503s][info][gc,cpu         ] GC(218) User=0.02s Sys=0.00s Real=0.01s
[21.519s][info][gc,start       ] GC(219) Pause Young (Normal) (G1 Evacuation Pause)
[21.519s][info][gc,task        ] GC(219) Using 4 workers of 33 for evacuation
[21.519s][info][gc,phases      ] GC(219)   Pre Evacuate Collection Set: 0.0ms
[21.519s][info][gc,phases      ] GC(219)   Merge Heap Roots: 0.0ms
[21.519s][info][gc,phases      ] GC(219)   Evacuate Collection Set: 0.3ms
[21.519s][info][gc,phases      ] GC(219)   Post Evacuate Collection Set: 0.2ms
[21.519s][info][gc,phases      ] GC(219)   Other: 0.1ms
[21.519s][info][gc,heap        ] GC(219) Eden regions: 12->0(9)
[21.520s][info][gc,heap        ] GC(219) Survivor regions: 0->2(2)
[21.520s][info][gc,heap        ] GC(219) Old regions: 6->6
[21.520s][info][gc,heap        ] GC(219) Archive regions: 0->0
[21.520s][info][gc,heap        ] GC(219) Humongous regions: 0->0
[21.520s][info][gc,metaspace   ] GC(219) Metaspace: 8600K(8832K)->8600K(8832K) NonClass: 7447K(7552K)->7447K(7552K) Class: 1153K(1280K)->1153K(1280K)
[21.520s][info][gc             ] GC(219) Pause Young (Normal) (G1 Evacuation Pause) 15M->5M(20M) 1.113ms
[21.520s][info][gc,cpu         ] GC(219) User=0.00s Sys=0.00s Real=0.00s
[21.527s][info][gc,start       ] GC(220) Pause Young (Normal) (G1 Evacuation Pause)
[21.527s][info][gc,task        ] GC(220) Using 3 workers of 33 for evacuation
[21.529s][info][gc,phases      ] GC(220)   Pre Evacuate Collection Set: 0.0ms
[21.529s][info][gc,phases      ] GC(220)   Merge Heap Roots: 0.0ms
[21.529s][info][gc,phases      ] GC(220)   Evacuate Collection Set: 0.4ms
[21.529s][info][gc,phases      ] GC(220)   Post Evacuate Collection Set: 1.2ms
[21.529s][info][gc,phases      ] GC(220)   Other: 0.1ms
[21.529s][info][gc,heap        ] GC(220) Eden regions: 9->0(158)
[21.529s][info][gc,heap        ] GC(220) Survivor regions: 2->1(2)
[21.529s][info][gc,heap        ] GC(220) Old regions: 6->6
[21.529s][info][gc,heap        ] GC(220) Archive regions: 0->0
[21.529s][info][gc,heap        ] GC(220) Humongous regions: 0->0
[21.529s][info][gc,metaspace   ] GC(220) Metaspace: 8600K(8832K)->8600K(8832K) NonClass: 7447K(7552K)->7447K(7552K) Class: 1153K(1280K)->1153K(1280K)
[21.529s][info][gc             ] GC(220) Pause Young (Normal) (G1 Evacuation Pause) 14M->3M(266M) 2.183ms
[21.529s][info][gc,cpu         ] GC(220) User=0.00s Sys=0.00s Real=0.00s
[21.609s][info][gc,start       ] GC(221) Pause Young (Normal) (G1 Evacuation Pause)
[21.610s][info][gc,task        ] GC(221) Using 6 workers of 33 for evacuation
[21.612s][info][gc,phases      ] GC(221)   Pre Evacuate Collection Set: 0.1ms
[21.612s][info][gc,phases      ] GC(221)   Merge Heap Roots: 0.1ms
[21.612s][info][gc,phases      ] GC(221)   Evacuate Collection Set: 1.4ms
[21.612s][info][gc,phases      ] GC(221)   Post Evacuate Collection Set: 0.3ms
[21.612s][info][gc,phases      ] GC(221)   Other: 0.1ms
[21.612s][info][gc,heap        ] GC(221) Eden regions: 158->0(158)
[21.612s][info][gc,heap        ] GC(221) Survivor regions: 1->1(20)
[21.612s][info][gc,heap        ] GC(221) Old regions: 6->6
[21.612s][info][gc,heap        ] GC(221) Archive regions: 0->0
[21.612s][info][gc,heap        ] GC(221) Humongous regions: 0->0
[21.612s][info][gc,metaspace   ] GC(221) Metaspace: 8600K(8832K)->8600K(8832K) NonClass: 7447K(7552K)->7447K(7552K) Class: 1153K(1280K)->1153K(1280K)
[21.612s][info][gc             ] GC(221) Pause Young (Normal) (G1 Evacuation Pause) 161M->4M(266M) 2.387ms
[21.612s][info][gc,cpu         ] GC(221) User=0.09s Sys=0.03s Real=0.00s
[21.691s][info][gc,start       ] GC(222) Pause Young (Normal) (G1 Evacuation Pause)
[21.691s][info][gc,task        ] GC(222) Using 6 workers of 33 for evacuation
[21.693s][info][gc,phases      ] GC(222)   Pre Evacuate Collection Set: 0.1ms
[21.693s][info][gc,phases      ] GC(222)   Merge Heap Roots: 0.1ms
[21.693s][info][gc,phases      ] GC(222)   Evacuate Collection Set: 1.1ms
[21.693s][info][gc,phases      ] GC(222)   Post Evacuate Collection Set: 0.3ms
[21.693s][info][gc,phases      ] GC(222)   Other: 0.1ms
[21.693s][info][gc,heap        ] GC(222) Eden regions: 158->0(157)
[21.693s][info][gc,heap        ] GC(222) Survivor regions: 1->2(20)
[21.693s][info][gc,heap        ] GC(222) Old regions: 6->6
[21.693s][info][gc,heap        ] GC(222) Archive regions: 0->0
[21.693s][info][gc,heap        ] GC(222) Humongous regions: 0->0
[21.693s][info][gc,metaspace   ] GC(222) Metaspace: 8600K(8832K)->8600K(8832K) NonClass: 7447K(7552K)->7447K(7552K) Class: 1153K(1280K)->1153K(1280K)
[21.693s][info][gc             ] GC(222) Pause Young (Normal) (G1 Evacuation Pause) 162M->4M(266M) 2.143ms
[21.694s][info][gc,cpu         ] GC(222) User=0.00s Sys=0.00s Real=0.00s
[21.778s][info][gc,start       ] GC(223) Pause Young (Normal) (G1 Evacuation Pause)
[21.778s][info][gc,task        ] GC(223) Using 6 workers of 33 for evacuation
[21.780s][info][gc,phases      ] GC(223)   Pre Evacuate Collection Set: 0.1ms
[21.780s][info][gc,phases      ] GC(223)   Merge Heap Roots: 0.1ms
[21.780s][info][gc,phases      ] GC(223)   Evacuate Collection Set: 1.6ms
[21.780s][info][gc,phases      ] GC(223)   Post Evacuate Collection Set: 0.3ms
[21.781s][info][gc,phases      ] GC(223)   Other: 0.1ms
[21.781s][info][gc,heap        ] GC(223) Eden regions: 157->0(157)
[21.781s][info][gc,heap        ] GC(223) Survivor regions: 2->2(20)
[21.781s][info][gc,heap        ] GC(223) Old regions: 6->6
[21.781s][info][gc,heap        ] GC(223) Archive regions: 0->0
[21.781s][info][gc,heap        ] GC(223) Humongous regions: 0->0
[21.781s][info][gc,metaspace   ] GC(223) Metaspace: 8600K(8832K)->8600K(8832K) NonClass: 7447K(7552K)->7447K(7552K) Class: 1153K(1280K)->1153K(1280K)
[21.781s][info][gc             ] GC(223) Pause Young (Normal) (G1 Evacuation Pause) 161M->5M(266M) 2.526ms
[21.781s][info][gc,cpu         ] GC(223) User=0.00s Sys=0.00s Real=0.00s
[21.859s][info][gc,start       ] GC(224) Pause Young (Normal) (G1 Evacuation Pause)
[21.859s][info][gc,task        ] GC(224) Using 6 workers of 33 for evacuation
[21.862s][info][gc,phases      ] GC(224)   Pre Evacuate Collection Set: 0.1ms
[21.862s][info][gc,phases      ] GC(224)   Merge Heap Roots: 0.1ms
[21.862s][info][gc,phases      ] GC(224)   Evacuate Collection Set: 2.6ms
[21.862s][info][gc,phases      ] GC(224)   Post Evacuate Collection Set: 0.3ms
[21.862s][info][gc,phases      ] GC(224)   Other: 0.1ms
[21.862s][info][gc,heap        ] GC(224) Eden regions: 157->0(156)
[21.862s][info][gc,heap        ] GC(224) Survivor regions: 2->3(20)
[21.862s][info][gc,heap        ] GC(224) Old regions: 6->6
[21.862s][info][gc,heap        ] GC(224) Archive regions: 0->0
[21.862s][info][gc,heap        ] GC(224) Humongous regions: 0->0
[21.862s][info][gc,metaspace   ] GC(224) Metaspace: 8600K(8832K)->8600K(8832K) NonClass: 7447K(7552K)->7447K(7552K) Class: 1153K(1280K)->1153K(1280K)
[21.862s][info][gc             ] GC(224) Pause Young (Normal) (G1 Evacuation Pause) 162M->5M(266M) 3.567ms
[21.862s][info][gc,cpu         ] GC(224) User=0.05s Sys=0.00s Real=0.00s
[21.941s][info][gc,start       ] GC(225) Pause Young (Normal) (G1 Evacuation Pause)
[21.941s][info][gc,task        ] GC(225) Using 6 workers of 33 for evacuation
[21.944s][info][gc,phases      ] GC(225)   Pre Evacuate Collection Set: 0.1ms
[21.944s][info][gc,phases      ] GC(225)   Merge Heap Roots: 0.1ms
[21.944s][info][gc,phases      ] GC(225)   Evacuate Collection Set: 2.9ms
[21.944s][info][gc,phases      ] GC(225)   Post Evacuate Collection Set: 0.3ms
[21.944s][info][gc,phases      ] GC(225)   Other: 0.1ms
[21.944s][info][gc,heap        ] GC(225) Eden regions: 156->0(156)
[21.944s][info][gc,heap        ] GC(225) Survivor regions: 3->3(20)
[21.944s][info][gc,heap        ] GC(225) Old regions: 6->6
[21.944s][info][gc,heap        ] GC(225) Archive regions: 0->0
[21.944s][info][gc,heap        ] GC(225) Humongous regions: 0->0
[21.945s][info][gc,metaspace   ] GC(225) Metaspace: 8600K(8832K)->8600K(8832K) NonClass: 7447K(7552K)->7447K(7552K) Class: 1153K(1280K)->1153K(1280K)
[21.945s][info][gc             ] GC(225) Pause Young (Normal) (G1 Evacuation Pause) 161M->6M(266M) 3.925ms
[21.945s][info][gc,cpu         ] GC(225) User=0.00s Sys=0.00s Real=0.00s
[22.028s][info][gc,start       ] GC(226) Pause Young (Normal) (G1 Evacuation Pause)
[22.028s][info][gc,task        ] GC(226) Using 6 workers of 33 for evacuation
[22.032s][info][gc,phases      ] GC(226)   Pre Evacuate Collection Set: 0.1ms
[22.032s][info][gc,phases      ] GC(226)   Merge Heap Roots: 0.1ms
[22.032s][info][gc,phases      ] GC(226)   Evacuate Collection Set: 2.7ms
[22.032s][info][gc,phases      ] GC(226)   Post Evacuate Collection Set: 0.3ms
[22.032s][info][gc,phases      ] GC(226)   Other: 0.1ms
[22.032s][info][gc,heap        ] GC(226) Eden regions: 156->0(155)
[22.032s][info][gc,heap        ] GC(226) Survivor regions: 3->4(20)
[22.032s][info][gc,heap        ] GC(226) Old regions: 6->6
[22.032s][info][gc,heap        ] GC(226) Archive regions: 0->0
[22.032s][info][gc,heap        ] GC(226) Humongous regions: 0->0
[22.032s][info][gc,metaspace   ] GC(226) Metaspace: 8600K(8832K)->8600K(8832K) NonClass: 7447K(7552K)->7447K(7552K) Class: 1153K(1280K)->1153K(1280K)
[22.032s][info][gc             ] GC(226) Pause Young (Normal) (G1 Evacuation Pause) 162M->7M(266M) 3.723ms
[22.032s][info][gc,cpu         ] GC(226) User=0.00s Sys=0.00s Real=0.00s
[22.110s][info][gc,start       ] GC(227) Pause Young (Normal) (G1 Evacuation Pause)
[22.110s][info][gc,task        ] GC(227) Using 6 workers of 33 for evacuation
[22.113s][info][gc,phases      ] GC(227)   Pre Evacuate Collection Set: 0.1ms
[22.113s][info][gc,phases      ] GC(227)   Merge Heap Roots: 0.1ms
[22.113s][info][gc,phases      ] GC(227)   Evacuate Collection Set: 2.8ms
[22.113s][info][gc,phases      ] GC(227)   Post Evacuate Collection Set: 0.3ms
[22.113s][info][gc,phases      ] GC(227)   Other: 0.1ms
[22.113s][info][gc,heap        ] GC(227) Eden regions: 155->0(155)
[22.113s][info][gc,heap        ] GC(227) Survivor regions: 4->4(20)
[22.113s][info][gc,heap        ] GC(227) Old regions: 6->6
[22.113s][info][gc,heap        ] GC(227) Archive regions: 0->0
[22.113s][info][gc,heap        ] GC(227) Humongous regions: 0->0
[22.113s][info][gc,metaspace   ] GC(227) Metaspace: 8600K(8832K)->8600K(8832K) NonClass: 7447K(7552K)->7447K(7552K) Class: 1153K(1280K)->1153K(1280K)
[22.114s][info][gc             ] GC(227) Pause Young (Normal) (G1 Evacuation Pause) 162M->7M(266M) 3.740ms
[22.114s][info][gc,cpu         ] GC(227) User=0.09s Sys=0.00s Real=0.00s
[22.219s][info][gc,start       ] GC(228) Pause Young (Normal) (G1 Evacuation Pause)
[22.219s][info][gc,task        ] GC(228) Using 6 workers of 33 for evacuation
[22.223s][info][gc,phases      ] GC(228)   Pre Evacuate Collection Set: 0.1ms
[22.223s][info][gc,phases      ] GC(228)   Merge Heap Roots: 0.1ms
[22.223s][info][gc,phases      ] GC(228)   Evacuate Collection Set: 3.1ms
[22.223s][info][gc,phases      ] GC(228)   Post Evacuate Collection Set: 0.3ms
[22.223s][info][gc,phases      ] GC(228)   Other: 0.1ms
[22.223s][info][gc,heap        ] GC(228) Eden regions: 155->0(154)
[22.223s][info][gc,heap        ] GC(228) Survivor regions: 4->5(20)
[22.223s][info][gc,heap        ] GC(228) Old regions: 6->6
[22.223s][info][gc,heap        ] GC(228) Archive regions: 0->0
[22.223s][info][gc,heap        ] GC(228) Humongous regions: 0->0
[22.223s][info][gc,metaspace   ] GC(228) Metaspace: 8600K(8832K)->8600K(8832K) NonClass: 7447K(7552K)->7447K(7552K) Class: 1153K(1280K)->1153K(1280K)
[22.223s][info][gc             ] GC(228) Pause Young (Normal) (G1 Evacuation Pause) 162M->8M(266M) 4.203ms
[22.223s][info][gc,cpu         ] GC(228) User=0.09s Sys=0.00s Real=0.00s
[22.316s][info][gc,start       ] GC(229) Pause Young (Normal) (G1 Evacuation Pause)
[22.316s][info][gc,task        ] GC(229) Using 6 workers of 33 for evacuation
[22.320s][info][gc,phases      ] GC(229)   Pre Evacuate Collection Set: 0.1ms
[22.320s][info][gc,phases      ] GC(229)   Merge Heap Roots: 0.1ms
[22.320s][info][gc,phases      ] GC(229)   Evacuate Collection Set: 3.4ms
[22.320s][info][gc,phases      ] GC(229)   Post Evacuate Collection Set: 0.3ms
[22.320s][info][gc,phases      ] GC(229)   Other: 0.1ms
[22.320s][info][gc,heap        ] GC(229) Eden regions: 154->0(153)
[22.320s][info][gc,heap        ] GC(229) Survivor regions: 5->6(20)
[22.320s][info][gc,heap        ] GC(229) Old regions: 6->6
[22.320s][info][gc,heap        ] GC(229) Archive regions: 0->0
[22.320s][info][gc,heap        ] GC(229) Humongous regions: 0->0
[22.320s][info][gc,metaspace   ] GC(229) Metaspace: 8600K(8832K)->8600K(8832K) NonClass: 7447K(7552K)->7447K(7552K) Class: 1153K(1280K)->1153K(1280K)
[22.320s][info][gc             ] GC(229) Pause Young (Normal) (G1 Evacuation Pause) 162M->8M(266M) 4.386ms
[22.320s][info][gc,cpu         ] GC(229) User=0.00s Sys=0.00s Real=0.00s
[22.396s][info][gc,start       ] GC(230) Pause Young (Normal) (G1 Evacuation Pause)
[22.396s][info][gc,task        ] GC(230) Using 6 workers of 33 for evacuation
[22.400s][info][gc,phases      ] GC(230)   Pre Evacuate Collection Set: 0.1ms
[22.400s][info][gc,phases      ] GC(230)   Merge Heap Roots: 0.1ms
[22.400s][info][gc,phases      ] GC(230)   Evacuate Collection Set: 3.8ms
[22.400s][info][gc,phases      ] GC(230)   Post Evacuate Collection Set: 0.3ms
[22.400s][info][gc,phases      ] GC(230)   Other: 0.1ms
[22.400s][info][gc,heap        ] GC(230) Eden regions: 153->0(153)
[22.401s][info][gc,heap        ] GC(230) Survivor regions: 6->6(20)
[22.401s][info][gc,heap        ] GC(230) Old regions: 6->6
[22.401s][info][gc,heap        ] GC(230) Archive regions: 0->0
[22.401s][info][gc,heap        ] GC(230) Humongous regions: 0->0
[22.401s][info][gc,metaspace   ] GC(230) Metaspace: 8600K(8832K)->8600K(8832K) NonClass: 7447K(7552K)->7447K(7552K) Class: 1153K(1280K)->1153K(1280K)
[22.401s][info][gc             ] GC(230) Pause Young (Normal) (G1 Evacuation Pause) 161M->9M(266M) 4.791ms
[22.401s][info][gc,cpu         ] GC(230) User=0.00s Sys=0.00s Real=0.00s
[22.483s][info][gc,start       ] GC(231) Pause Young (Normal) (G1 Evacuation Pause)
[22.483s][info][gc,task        ] GC(231) Using 6 workers of 33 for evacuation
[22.488s][info][gc,phases      ] GC(231)   Pre Evacuate Collection Set: 0.1ms
[22.488s][info][gc,phases      ] GC(231)   Merge Heap Roots: 0.1ms
[22.488s][info][gc,phases      ] GC(231)   Evacuate Collection Set: 4.3ms
[22.488s][info][gc,phases      ] GC(231)   Post Evacuate Collection Set: 0.3ms
[22.488s][info][gc,phases      ] GC(231)   Other: 0.1ms
[22.488s][info][gc,heap        ] GC(231) Eden regions: 153->0(152)
[22.488s][info][gc,heap        ] GC(231) Survivor regions: 6->7(20)
[22.488s][info][gc,heap        ] GC(231) Old regions: 6->6
[22.488s][info][gc,heap        ] GC(231) Archive regions: 0->0
[22.488s][info][gc,heap        ] GC(231) Humongous regions: 0->0
[22.488s][info][gc,metaspace   ] GC(231) Metaspace: 8600K(8832K)->8600K(8832K) NonClass: 7447K(7552K)->7447K(7552K) Class: 1153K(1280K)->1153K(1280K)
[22.488s][info][gc             ] GC(231) Pause Young (Normal) (G1 Evacuation Pause) 162M->10M(266M) 5.264ms
[22.488s][info][gc,cpu         ] GC(231) User=0.00s Sys=0.00s Real=0.00s
[22.565s][info][gc,start       ] GC(232) Pause Young (Normal) (G1 Evacuation Pause)
[22.566s][info][gc,task        ] GC(232) Using 6 workers of 33 for evacuation
[22.571s][info][gc,phases      ] GC(232)   Pre Evacuate Collection Set: 0.1ms
[22.571s][info][gc,phases      ] GC(232)   Merge Heap Roots: 0.1ms
[22.571s][info][gc,phases      ] GC(232)   Evacuate Collection Set: 4.5ms
[22.571s][info][gc,phases      ] GC(232)   Post Evacuate Collection Set: 0.3ms
[22.571s][info][gc,phases      ] GC(232)   Other: 0.1ms
[22.571s][info][gc,heap        ] GC(232) Eden regions: 152->0(152)
[22.571s][info][gc,heap        ] GC(232) Survivor regions: 7->7(20)
[22.571s][info][gc,heap        ] GC(232) Old regions: 6->6
[22.571s][info][gc,heap        ] GC(232) Archive regions: 0->0
[22.571s][info][gc,heap        ] GC(232) Humongous regions: 0->0
[22.571s][info][gc,metaspace   ] GC(232) Metaspace: 8600K(8832K)->8600K(8832K) NonClass: 7447K(7552K)->7447K(7552K) Class: 1153K(1280K)->1153K(1280K)
[22.571s][info][gc             ] GC(232) Pause Young (Normal) (G1 Evacuation Pause) 162M->10M(266M) 5.568ms
[22.571s][info][gc,cpu         ] GC(232) User=0.00s Sys=0.00s Real=0.01s
[22.648s][info][gc,start       ] GC(233) Pause Young (Normal) (G1 Evacuation Pause)
[22.648s][info][gc,task        ] GC(233) Using 6 workers of 33 for evacuation
[22.653s][info][gc,phases      ] GC(233)   Pre Evacuate Collection Set: 0.1ms
[22.653s][info][gc,phases      ] GC(233)   Merge Heap Roots: 0.1ms
[22.653s][info][gc,phases      ] GC(233)   Evacuate Collection Set: 4.9ms
[22.653s][info][gc,phases      ] GC(233)   Post Evacuate Collection Set: 0.3ms
[22.653s][info][gc,phases      ] GC(233)   Other: 0.1ms
[22.653s][info][gc,heap        ] GC(233) Eden regions: 152->0(151)
[22.653s][info][gc,heap        ] GC(233) Survivor regions: 7->8(20)
[22.653s][info][gc,heap        ] GC(233) Old regions: 6->6
[22.653s][info][gc,heap        ] GC(233) Archive regions: 0->0
[22.653s][info][gc,heap        ] GC(233) Humongous regions: 0->0
[22.654s][info][gc,metaspace   ] GC(233) Metaspace: 8600K(8832K)->8600K(8832K) NonClass: 7447K(7552K)->7447K(7552K) Class: 1153K(1280K)->1153K(1280K)
[22.654s][info][gc             ] GC(233) Pause Young (Normal) (G1 Evacuation Pause) 162M->10M(266M) 5.906ms
[22.654s][info][gc,cpu         ] GC(233) User=0.00s Sys=0.00s Real=0.01s
[22.747s][info][gc,start       ] GC(234) Pause Young (Normal) (G1 Evacuation Pause)
[22.747s][info][gc,task        ] GC(234) Using 6 workers of 33 for evacuation
[22.752s][info][gc,phases      ] GC(234)   Pre Evacuate Collection Set: 0.1ms
[22.752s][info][gc,phases      ] GC(234)   Merge Heap Roots: 0.1ms
[22.752s][info][gc,phases      ] GC(234)   Evacuate Collection Set: 4.1ms
[22.752s][info][gc,phases      ] GC(234)   Post Evacuate Collection Set: 0.3ms
[22.752s][info][gc,phases      ] GC(234)   Other: 0.1ms
[22.752s][info][gc,heap        ] GC(234) Eden regions: 151->0(151)
[22.752s][info][gc,heap        ] GC(234) Survivor regions: 8->8(20)
[22.752s][info][gc,heap        ] GC(234) Old regions: 6->7
[22.752s][info][gc,heap        ] GC(234) Archive regions: 0->0
[22.752s][info][gc,heap        ] GC(234) Humongous regions: 0->0
[22.752s][info][gc,metaspace   ] GC(234) Metaspace: 8600K(8832K)->8600K(8832K) NonClass: 7447K(7552K)->7447K(7552K) Class: 1153K(1280K)->1153K(1280K)
[22.752s][info][gc             ] GC(234) Pause Young (Normal) (G1 Evacuation Pause) 161M->11M(266M) 5.174ms
[22.752s][info][gc,cpu         ] GC(234) User=0.09s Sys=0.00s Real=0.00s
[22.844s][info][gc,start       ] GC(235) Pause Young (Normal) (G1 Evacuation Pause)
[22.844s][info][gc,task        ] GC(235) Using 6 workers of 33 for evacuation
[22.849s][info][gc,phases      ] GC(235)   Pre Evacuate Collection Set: 0.1ms
[22.849s][info][gc,phases      ] GC(235)   Merge Heap Roots: 0.1ms
[22.849s][info][gc,phases      ] GC(235)   Evacuate Collection Set: 4.1ms
[22.849s][info][gc,phases      ] GC(235)   Post Evacuate Collection Set: 0.3ms
[22.849s][info][gc,phases      ] GC(235)   Other: 0.1ms
[22.849s][info][gc,heap        ] GC(235) Eden regions: 151->0(150)
[22.849s][info][gc,heap        ] GC(235) Survivor regions: 8->9(20)
[22.849s][info][gc,heap        ] GC(235) Old regions: 7->7
[22.849s][info][gc,heap        ] GC(235) Archive regions: 0->0
[22.849s][info][gc,heap        ] GC(235) Humongous regions: 0->0
[22.849s][info][gc,metaspace   ] GC(235) Metaspace: 8600K(8832K)->8600K(8832K) NonClass: 7447K(7552K)->7447K(7552K) Class: 1153K(1280K)->1153K(1280K)
[22.849s][info][gc             ] GC(235) Pause Young (Normal) (G1 Evacuation Pause) 162M->11M(266M) 5.071ms
[22.849s][info][gc,cpu         ] GC(235) User=0.09s Sys=0.00s Real=0.02s
[22.938s][info][gc,start       ] GC(236) Pause Young (Normal) (G1 Evacuation Pause)
[22.938s][info][gc,task        ] GC(236) Using 6 workers of 33 for evacuation
[22.945s][info][gc,phases      ] GC(236)   Pre Evacuate Collection Set: 0.1ms
[22.945s][info][gc,phases      ] GC(236)   Merge Heap Roots: 0.1ms
[22.945s][info][gc,phases      ] GC(236)   Evacuate Collection Set: 6.2ms
[22.945s][info][gc,phases      ] GC(236)   Post Evacuate Collection Set: 0.3ms
[22.945s][info][gc,phases      ] GC(236)   Other: 0.1ms
[22.945s][info][gc,heap        ] GC(236) Eden regions: 150->0(149)
[22.945s][info][gc,heap        ] GC(236) Survivor regions: 9->10(20)
[22.945s][info][gc,heap        ] GC(236) Old regions: 7->7
[22.945s][info][gc,heap        ] GC(236) Archive regions: 0->0
[22.945s][info][gc,heap        ] GC(236) Humongous regions: 0->0
[22.945s][info][gc,metaspace   ] GC(236) Metaspace: 8600K(8832K)->8600K(8832K) NonClass: 7447K(7552K)->7447K(7552K) Class: 1153K(1280K)->1153K(1280K)
[22.945s][info][gc             ] GC(236) Pause Young (Normal) (G1 Evacuation Pause) 161M->13M(266M) 7.150ms
[22.945s][info][gc,cpu         ] GC(236) User=0.09s Sys=0.00s Real=0.02s
[23.020s][info][gc,start       ] GC(237) Pause Young (Normal) (G1 Evacuation Pause)
[23.020s][info][gc,task        ] GC(237) Using 6 workers of 33 for evacuation
[23.025s][info][gc,phases      ] GC(237)   Pre Evacuate Collection Set: 0.1ms
[23.025s][info][gc,phases      ] GC(237)   Merge Heap Roots: 0.1ms
[23.025s][info][gc,phases      ] GC(237)   Evacuate Collection Set: 4.5ms
[23.025s][info][gc,phases      ] GC(237)   Post Evacuate Collection Set: 0.3ms
[23.025s][info][gc,phases      ] GC(237)   Other: 0.1ms
[23.025s][info][gc,heap        ] GC(237) Eden regions: 149->0(148)
[23.025s][info][gc,heap        ] GC(237) Survivor regions: 10->11(20)
[23.025s][info][gc,heap        ] GC(237) Old regions: 7->7
[23.025s][info][gc,heap        ] GC(237) Archive regions: 0->0
[23.025s][info][gc,heap        ] GC(237) Humongous regions: 0->0
[23.025s][info][gc,metaspace   ] GC(237) Metaspace: 8600K(8832K)->8600K(8832K) NonClass: 7447K(7552K)->7447K(7552K) Class: 1153K(1280K)->1153K(1280K)
[23.025s][info][gc             ] GC(237) Pause Young (Normal) (G1 Evacuation Pause) 162M->13M(266M) 5.496ms
[23.025s][info][gc,cpu         ] GC(237) User=0.00s Sys=0.00s Real=0.00s
[23.099s][info][gc,start       ] GC(238) Pause Young (Normal) (G1 Evacuation Pause)
[23.104s][info][gc,task        ] GC(238) Using 6 workers of 33 for evacuation
[23.110s][info][gc,phases      ] GC(238)   Pre Evacuate Collection Set: 0.1ms
[23.110s][info][gc,phases      ] GC(238)   Merge Heap Roots: 0.1ms
[23.110s][info][gc,phases      ] GC(238)   Evacuate Collection Set: 4.9ms
[23.110s][info][gc,phases      ] GC(238)   Post Evacuate Collection Set: 0.3ms
[23.110s][info][gc,phases      ] GC(238)   Other: 0.1ms
[23.110s][info][gc,heap        ] GC(238) Eden regions: 148->0(148)
[23.110s][info][gc,heap        ] GC(238) Survivor regions: 11->11(20)
[23.110s][info][gc,heap        ] GC(238) Old regions: 7->7
[23.110s][info][gc,heap        ] GC(238) Archive regions: 0->0
[23.110s][info][gc,heap        ] GC(238) Humongous regions: 0->0
[23.110s][info][gc,metaspace   ] GC(238) Metaspace: 8600K(8832K)->8600K(8832K) NonClass: 7447K(7552K)->7447K(7552K) Class: 1153K(1280K)->1153K(1280K)
[23.110s][info][gc             ] GC(238) Pause Young (Normal) (G1 Evacuation Pause) 161M->14M(266M) 11.117ms
[23.110s][info][gc,cpu         ] GC(238) User=0.00s Sys=0.00s Real=0.00s
[23.183s][info][gc,start       ] GC(239) Pause Young (Normal) (G1 Evacuation Pause)
[23.183s][info][gc,task        ] GC(239) Using 6 workers of 33 for evacuation
[23.191s][info][gc,phases      ] GC(239)   Pre Evacuate Collection Set: 0.1ms
[23.191s][info][gc,phases      ] GC(239)   Merge Heap Roots: 0.1ms
[23.191s][info][gc,phases      ] GC(239)   Evacuate Collection Set: 6.7ms
[23.191s][info][gc,phases      ] GC(239)   Post Evacuate Collection Set: 0.3ms
[23.191s][info][gc,phases      ] GC(239)   Other: 0.1ms
[23.191s][info][gc,heap        ] GC(239) Eden regions: 148->0(148)
[23.191s][info][gc,heap        ] GC(239) Survivor regions: 11->11(20)
[23.191s][info][gc,heap        ] GC(239) Old regions: 7->7
[23.191s][info][gc,heap        ] GC(239) Archive regions: 0->0
[23.191s][info][gc,heap        ] GC(239) Humongous regions: 0->0
[23.191s][info][gc,metaspace   ] GC(239) Metaspace: 8600K(8832K)->8600K(8832K) NonClass: 7447K(7552K)->7447K(7552K) Class: 1153K(1280K)->1153K(1280K)
[23.191s][info][gc             ] GC(239) Pause Young (Normal) (G1 Evacuation Pause) 162M->14M(266M) 7.659ms
[23.191s][info][gc,cpu         ] GC(239) User=0.09s Sys=0.00s Real=0.02s
[23.273s][info][gc,start       ] GC(240) Pause Young (Normal) (G1 Evacuation Pause)
[23.273s][info][gc,task        ] GC(240) Using 6 workers of 33 for evacuation
[23.281s][info][gc,phases      ] GC(240)   Pre Evacuate Collection Set: 0.1ms
[23.281s][info][gc,phases      ] GC(240)   Merge Heap Roots: 0.1ms
[23.281s][info][gc,phases      ] GC(240)   Evacuate Collection Set: 7.2ms
[23.281s][info][gc,phases      ] GC(240)   Post Evacuate Collection Set: 0.3ms
[23.281s][info][gc,phases      ] GC(240)   Other: 0.1ms
[23.281s][info][gc,heap        ] GC(240) Eden regions: 148->0(147)
[23.281s][info][gc,heap        ] GC(240) Survivor regions: 11->12(20)
[23.281s][info][gc,heap        ] GC(240) Old regions: 7->7
[23.281s][info][gc,heap        ] GC(240) Archive regions: 0->0
[23.281s][info][gc,heap        ] GC(240) Humongous regions: 0->0
[23.281s][info][gc,metaspace   ] GC(240) Metaspace: 8600K(8832K)->8600K(8832K) NonClass: 7447K(7552K)->7447K(7552K) Class: 1153K(1280K)->1153K(1280K)
[23.281s][info][gc             ] GC(240) Pause Young (Normal) (G1 Evacuation Pause) 162M->15M(266M) 8.198ms
[23.281s][info][gc,cpu         ] GC(240) User=0.00s Sys=0.00s Real=0.00s
[23.357s][info][gc,start       ] GC(241) Pause Young (Normal) (G1 Evacuation Pause)
[23.357s][info][gc,task        ] GC(241) Using 6 workers of 33 for evacuation
[23.365s][info][gc,phases      ] GC(241)   Pre Evacuate Collection Set: 0.1ms
[23.365s][info][gc,phases      ] GC(241)   Merge Heap Roots: 0.1ms
[23.365s][info][gc,phases      ] GC(241)   Evacuate Collection Set: 7.6ms
[23.365s][info][gc,phases      ] GC(241)   Post Evacuate Collection Set: 0.3ms
[23.365s][info][gc,phases      ] GC(241)   Other: 0.1ms
[23.365s][info][gc,heap        ] GC(241) Eden regions: 147->0(151)
[23.365s][info][gc,heap        ] GC(241) Survivor regions: 12->8(20)
[23.365s][info][gc,heap        ] GC(241) Old regions: 7->11
[23.365s][info][gc,heap        ] GC(241) Archive regions: 0->0
[23.365s][info][gc,heap        ] GC(241) Humongous regions: 0->0
[23.365s][info][gc,metaspace   ] GC(241) Metaspace: 8600K(8832K)->8600K(8832K) NonClass: 7447K(7552K)->7447K(7552K) Class: 1153K(1280K)->1153K(1280K)
[23.365s][info][gc             ] GC(241) Pause Young (Normal) (G1 Evacuation Pause) 162M->15M(266M) 8.569ms
[23.365s][info][gc,cpu         ] GC(241) User=0.09s Sys=0.00s Real=0.01s
[23.450s][info][gc,start       ] GC(242) Pause Young (Normal) (G1 Evacuation Pause)
[23.450s][info][gc,task        ] GC(242) Using 6 workers of 33 for evacuation
[23.456s][info][gc,phases      ] GC(242)   Pre Evacuate Collection Set: 0.1ms
[23.456s][info][gc,phases      ] GC(242)   Merge Heap Roots: 0.1ms
[23.456s][info][gc,phases      ] GC(242)   Evacuate Collection Set: 5.2ms
[23.456s][info][gc,phases      ] GC(242)   Post Evacuate Collection Set: 0.3ms
[23.456s][info][gc,phases      ] GC(242)   Other: 0.1ms
[23.456s][info][gc,heap        ] GC(242) Eden regions: 151->0(151)
[23.456s][info][gc,heap        ] GC(242) Survivor regions: 8->8(20)
[23.456s][info][gc,heap        ] GC(242) Old regions: 11->11
[23.456s][info][gc,heap        ] GC(242) Archive regions: 0->0
[23.456s][info][gc,heap        ] GC(242) Humongous regions: 0->0
[23.456s][info][gc,metaspace   ] GC(242) Metaspace: 8600K(8832K)->8600K(8832K) NonClass: 7447K(7552K)->7447K(7552K) Class: 1153K(1280K)->1153K(1280K)
[23.456s][info][gc             ] GC(242) Pause Young (Normal) (G1 Evacuation Pause) 166M->15M(266M) 6.184ms
[23.456s][info][gc,cpu         ] GC(242) User=0.09s Sys=0.00s Real=0.01s
[23.532s][info][gc,start       ] GC(243) Pause Young (Normal) (G1 Evacuation Pause)
[23.532s][info][gc,task        ] GC(243) Using 6 workers of 33 for evacuation
[23.537s][info][gc,phases      ] GC(243)   Pre Evacuate Collection Set: 0.1ms
[23.537s][info][gc,phases      ] GC(243)   Merge Heap Roots: 0.1ms
[23.537s][info][gc,phases      ] GC(243)   Evacuate Collection Set: 4.4ms
[23.537s][info][gc,phases      ] GC(243)   Post Evacuate Collection Set: 0.3ms
[23.537s][info][gc,phases      ] GC(243)   Other: 0.1ms
[23.537s][info][gc,heap        ] GC(243) Eden regions: 151->0(150)
[23.537s][info][gc,heap        ] GC(243) Survivor regions: 8->9(20)
[23.537s][info][gc,heap        ] GC(243) Old regions: 11->11
[23.537s][info][gc,heap        ] GC(243) Archive regions: 0->0
[23.537s][info][gc,heap        ] GC(243) Humongous regions: 0->0
[23.537s][info][gc,metaspace   ] GC(243) Metaspace: 8600K(8832K)->8600K(8832K) NonClass: 7447K(7552K)->7447K(7552K) Class: 1153K(1280K)->1153K(1280K)
[23.538s][info][gc             ] GC(243) Pause Young (Normal) (G1 Evacuation Pause) 166M->16M(266M) 5.408ms
[23.538s][info][gc,cpu         ] GC(243) User=0.09s Sys=0.00s Real=0.00s
[23.613s][info][gc,start       ] GC(244) Pause Young (Normal) (G1 Evacuation Pause)
[23.613s][info][gc,task        ] GC(244) Using 6 workers of 33 for evacuation
[23.619s][info][gc,phases      ] GC(244)   Pre Evacuate Collection Set: 0.1ms
[23.619s][info][gc,phases      ] GC(244)   Merge Heap Roots: 0.1ms
[23.619s][info][gc,phases      ] GC(244)   Evacuate Collection Set: 5.6ms
[23.619s][info][gc,phases      ] GC(244)   Post Evacuate Collection Set: 0.3ms
[23.619s][info][gc,phases      ] GC(244)   Other: 0.1ms
[23.619s][info][gc,heap        ] GC(244) Eden regions: 150->0(150)
[23.619s][info][gc,heap        ] GC(244) Survivor regions: 9->9(20)
[23.619s][info][gc,heap        ] GC(244) Old regions: 11->11
[23.619s][info][gc,heap        ] GC(244) Archive regions: 0->0
[23.619s][info][gc,heap        ] GC(244) Humongous regions: 0->0
[23.619s][info][gc,metaspace   ] GC(244) Metaspace: 8600K(8832K)->8600K(8832K) NonClass: 7447K(7552K)->7447K(7552K) Class: 1153K(1280K)->1153K(1280K)
[23.619s][info][gc             ] GC(244) Pause Young (Normal) (G1 Evacuation Pause) 166M->16M(266M) 6.537ms
[23.620s][info][gc,cpu         ] GC(244) User=0.00s Sys=0.00s Real=0.00s
[23.752s][info][gc,start       ] GC(245) Pause Young (Normal) (G1 Evacuation Pause)
[23.752s][info][gc,task        ] GC(245) Using 6 workers of 33 for evacuation
[23.767s][info][gc,phases      ] GC(245)   Pre Evacuate Collection Set: 0.1ms
[23.767s][info][gc,phases      ] GC(245)   Merge Heap Roots: 0.1ms
[23.767s][info][gc,phases      ] GC(245)   Evacuate Collection Set: 14.3ms
[23.767s][info][gc,phases      ] GC(245)   Post Evacuate Collection Set: 0.3ms
[23.767s][info][gc,phases      ] GC(245)   Other: 0.1ms
[23.767s][info][gc,heap        ] GC(245) Eden regions: 150->0(139)
[23.767s][info][gc,heap        ] GC(245) Survivor regions: 9->20(20)
[23.767s][info][gc,heap        ] GC(245) Old regions: 11->11
[23.767s][info][gc,heap        ] GC(245) Archive regions: 0->0
[23.767s][info][gc,heap        ] GC(245) Humongous regions: 3->3
[23.767s][info][gc,metaspace   ] GC(245) Metaspace: 8600K(8832K)->8600K(8832K) NonClass: 7447K(7552K)->7447K(7552K) Class: 1153K(1280K)->1153K(1280K)
[23.767s][info][gc             ] GC(245) Pause Young (Normal) (G1 Evacuation Pause) 169M->30M(266M) 15.434ms
[23.767s][info][gc,cpu         ] GC(245) User=0.00s Sys=0.00s Real=0.02s
[23.857s][info][gc,start       ] GC(246) Pause Young (Normal) (G1 Evacuation Pause)
[23.857s][info][gc,task        ] GC(246) Using 6 workers of 33 for evacuation
[23.868s][info][gc,phases      ] GC(246)   Pre Evacuate Collection Set: 0.1ms
[23.869s][info][gc,phases      ] GC(246)   Merge Heap Roots: 0.1ms
[23.869s][info][gc,phases      ] GC(246)   Evacuate Collection Set: 10.7ms
[23.869s][info][gc,phases      ] GC(246)   Post Evacuate Collection Set: 0.5ms
[23.869s][info][gc,phases      ] GC(246)   Other: 0.1ms
[23.869s][info][gc,heap        ] GC(246) Eden regions: 139->0(163)
[23.869s][info][gc,heap        ] GC(246) Survivor regions: 20->2(20)
[23.869s][info][gc,heap        ] GC(246) Old regions: 11->30
[23.869s][info][gc,heap        ] GC(246) Archive regions: 0->0
[23.869s][info][gc,heap        ] GC(246) Humongous regions: 3->3
[23.869s][info][gc,metaspace   ] GC(246) Metaspace: 8600K(8832K)->8600K(8832K) NonClass: 7447K(7552K)->7447K(7552K) Class: 1153K(1280K)->1153K(1280K)
[23.869s][info][gc             ] GC(246) Pause Young (Normal) (G1 Evacuation Pause) 169M->31M(276M) 12.038ms
[23.869s][info][gc,cpu         ] GC(246) User=0.09s Sys=0.00s Real=0.01s
[23.989s][info][gc,start       ] GC(247) Pause Young (Normal) (G1 Evacuation Pause)
[23.989s][info][gc,task        ] GC(247) Using 6 workers of 33 for evacuation
[23.991s][info][gc,phases      ] GC(247)   Pre Evacuate Collection Set: 0.1ms
[23.991s][info][gc,phases      ] GC(247)   Merge Heap Roots: 0.1ms
[23.991s][info][gc,phases      ] GC(247)   Evacuate Collection Set: 0.9ms
[23.991s][info][gc,phases      ] GC(247)   Post Evacuate Collection Set: 0.3ms
[23.991s][info][gc,phases      ] GC(247)   Other: 0.1ms
[23.991s][info][gc,heap        ] GC(247) Eden regions: 163->0(163)
[23.991s][info][gc,heap        ] GC(247) Survivor regions: 2->2(21)
[23.991s][info][gc,heap        ] GC(247) Old regions: 30->30
[23.991s][info][gc,heap        ] GC(247) Archive regions: 0->0
[23.991s][info][gc,heap        ] GC(247) Humongous regions: 3->3
[23.991s][info][gc,metaspace   ] GC(247) Metaspace: 8600K(8832K)->8600K(8832K) NonClass: 7447K(7552K)->7447K(7552K) Class: 1153K(1280K)->1153K(1280K)
[23.991s][info][gc             ] GC(247) Pause Young (Normal) (G1 Evacuation Pause) 194M->30M(276M) 2.005ms
[23.991s][info][gc,cpu         ] GC(247) User=0.00s Sys=0.00s Real=0.00s
[24.078s][info][gc,start       ] GC(248) Pause Young (Normal) (G1 Evacuation Pause)
[24.078s][info][gc,task        ] GC(248) Using 6 workers of 33 for evacuation
[24.083s][info][gc,phases      ] GC(248)   Pre Evacuate Collection Set: 0.1ms
[24.083s][info][gc,phases      ] GC(248)   Merge Heap Roots: 0.1ms
[24.083s][info][gc,phases      ] GC(248)   Evacuate Collection Set: 4.4ms
[24.083s][info][gc,phases      ] GC(248)   Post Evacuate Collection Set: 0.3ms
[24.083s][info][gc,phases      ] GC(248)   Other: 0.1ms
[24.083s][info][gc,heap        ] GC(248) Eden regions: 163->0(159)
[24.083s][info][gc,heap        ] GC(248) Survivor regions: 2->6(21)
[24.083s][info][gc,heap        ] GC(248) Old regions: 30->30
[24.083s][info][gc,heap        ] GC(248) Archive regions: 0->0
[24.083s][info][gc,heap        ] GC(248) Humongous regions: 3->3
[24.083s][info][gc,metaspace   ] GC(248) Metaspace: 8600K(8832K)->8600K(8832K) NonClass: 7447K(7552K)->7447K(7552K) Class: 1153K(1280K)->1153K(1280K)
[24.084s][info][gc             ] GC(248) Pause Young (Normal) (G1 Evacuation Pause) 193M->35M(276M) 5.542ms
[24.084s][info][gc,cpu         ] GC(248) User=0.09s Sys=0.00s Real=0.00s
[24.165s][info][gc,start       ] GC(249) Pause Young (Normal) (G1 Evacuation Pause)
[24.165s][info][gc,task        ] GC(249) Using 6 workers of 33 for evacuation
[24.170s][info][gc,phases      ] GC(249)   Pre Evacuate Collection Set: 0.1ms
[24.170s][info][gc,phases      ] GC(249)   Merge Heap Roots: 0.1ms
[24.170s][info][gc,phases      ] GC(249)   Evacuate Collection Set: 4.3ms
[24.170s][info][gc,phases      ] GC(249)   Post Evacuate Collection Set: 0.3ms
[24.170s][info][gc,phases      ] GC(249)   Other: 0.1ms
[24.170s][info][gc,heap        ] GC(249) Eden regions: 159->0(158)
[24.170s][info][gc,heap        ] GC(249) Survivor regions: 6->7(21)
[24.170s][info][gc,heap        ] GC(249) Old regions: 30->30
[24.170s][info][gc,heap        ] GC(249) Archive regions: 0->0
[24.170s][info][gc,heap        ] GC(249) Humongous regions: 3->3
[24.170s][info][gc,metaspace   ] GC(249) Metaspace: 8600K(8832K)->8600K(8832K) NonClass: 7447K(7552K)->7447K(7552K) Class: 1153K(1280K)->1153K(1280K)
[24.171s][info][gc             ] GC(249) Pause Young (Normal) (G1 Evacuation Pause) 194M->36M(276M) 5.362ms
[24.171s][info][gc,cpu         ] GC(249) User=0.00s Sys=0.00s Real=0.01s
[24.255s][info][gc,start       ] GC(250) Pause Young (Normal) (G1 Evacuation Pause)
[24.256s][info][gc,task        ] GC(250) Using 6 workers of 33 for evacuation
[24.261s][info][gc,phases      ] GC(250)   Pre Evacuate Collection Set: 0.1ms
[24.261s][info][gc,phases      ] GC(250)   Merge Heap Roots: 0.1ms
[24.261s][info][gc,phases      ] GC(250)   Evacuate Collection Set: 4.7ms
[24.261s][info][gc,phases      ] GC(250)   Post Evacuate Collection Set: 0.4ms
[24.261s][info][gc,phases      ] GC(250)   Other: 0.1ms
[24.261s][info][gc,heap        ] GC(250) Eden regions: 158->0(158)
[24.261s][info][gc,heap        ] GC(250) Survivor regions: 7->7(21)
[24.261s][info][gc,heap        ] GC(250) Old regions: 30->30
[24.261s][info][gc,heap        ] GC(250) Archive regions: 0->0
[24.261s][info][gc,heap        ] GC(250) Humongous regions: 3->3
[24.261s][info][gc,metaspace   ] GC(250) Metaspace: 8600K(8832K)->8600K(8832K) NonClass: 7447K(7552K)->7447K(7552K) Class: 1153K(1280K)->1153K(1280K)
[24.261s][info][gc             ] GC(250) Pause Young (Normal) (G1 Evacuation Pause) 194M->36M(276M) 5.834ms
[24.261s][info][gc,cpu         ] GC(250) User=0.00s Sys=0.00s Real=0.01s
[24.341s][info][gc,start       ] GC(251) Pause Young (Normal) (G1 Evacuation Pause)
[24.341s][info][gc,task        ] GC(251) Using 6 workers of 33 for evacuation
[24.347s][info][gc,phases      ] GC(251)   Pre Evacuate Collection Set: 0.1ms
[24.347s][info][gc,phases      ] GC(251)   Merge Heap Roots: 0.1ms
[24.347s][info][gc,phases      ] GC(251)   Evacuate Collection Set: 4.8ms
[24.347s][info][gc,phases      ] GC(251)   Post Evacuate Collection Set: 0.3ms
[24.347s][info][gc,phases      ] GC(251)   Other: 0.1ms
[24.347s][info][gc,heap        ] GC(251) Eden regions: 158->0(158)
[24.347s][info][gc,heap        ] GC(251) Survivor regions: 7->7(21)
[24.347s][info][gc,heap        ] GC(251) Old regions: 30->30
[24.347s][info][gc,heap        ] GC(251) Archive regions: 0->0
[24.347s][info][gc,heap        ] GC(251) Humongous regions: 3->3
[24.347s][info][gc,metaspace   ] GC(251) Metaspace: 8600K(8832K)->8600K(8832K) NonClass: 7447K(7552K)->7447K(7552K) Class: 1153K(1280K)->1153K(1280K)
[24.347s][info][gc             ] GC(251) Pause Young (Normal) (G1 Evacuation Pause) 194M->36M(276M) 5.835ms
[24.347s][info][gc,cpu         ] GC(251) User=0.09s Sys=0.00s Real=0.01s
[24.429s][info][gc,start       ] GC(252) Pause Young (Normal) (G1 Evacuation Pause)
[24.429s][info][gc,task        ] GC(252) Using 6 workers of 33 for evacuation
[24.434s][info][gc,phases      ] GC(252)   Pre Evacuate Collection Set: 0.1ms
[24.434s][info][gc,phases      ] GC(252)   Merge Heap Roots: 0.1ms
[24.434s][info][gc,phases      ] GC(252)   Evacuate Collection Set: 5.1ms
[24.434s][info][gc,phases      ] GC(252)   Post Evacuate Collection Set: 0.3ms
[24.434s][info][gc,phases      ] GC(252)   Other: 0.1ms
[24.435s][info][gc,heap        ] GC(252) Eden regions: 158->0(157)
[24.435s][info][gc,heap        ] GC(252) Survivor regions: 7->8(21)
[24.435s][info][gc,heap        ] GC(252) Old regions: 30->30
[24.435s][info][gc,heap        ] GC(252) Archive regions: 0->0
[24.435s][info][gc,heap        ] GC(252) Humongous regions: 3->3
[24.435s][info][gc,metaspace   ] GC(252) Metaspace: 8600K(8832K)->8600K(8832K) NonClass: 7447K(7552K)->7447K(7552K) Class: 1153K(1280K)->1153K(1280K)
[24.435s][info][gc             ] GC(252) Pause Young (Normal) (G1 Evacuation Pause) 194M->37M(276M) 6.197ms
[24.435s][info][gc,cpu         ] GC(252) User=0.00s Sys=0.00s Real=0.01s
[24.530s][info][gc,start       ] GC(253) Pause Young (Normal) (G1 Evacuation Pause)
[24.567s][info][gc,task        ] GC(253) Using 6 workers of 33 for evacuation
[24.576s][info][gc,phases      ] GC(253)   Pre Evacuate Collection Set: 0.1ms
[24.577s][info][gc,phases      ] GC(253)   Merge Heap Roots: 0.1ms
[24.577s][info][gc,phases      ] GC(253)   Evacuate Collection Set: 9.3ms
[24.577s][info][gc,phases      ] GC(253)   Post Evacuate Collection Set: 0.3ms
[24.577s][info][gc,phases      ] GC(253)   Other: 0.1ms
[24.577s][info][gc,heap        ] GC(253) Eden regions: 157->0(151)
[24.577s][info][gc,heap        ] GC(253) Survivor regions: 8->14(21)
[24.577s][info][gc,heap        ] GC(253) Old regions: 30->30
[24.577s][info][gc,heap        ] GC(253) Archive regions: 0->0
[24.577s][info][gc,heap        ] GC(253) Humongous regions: 3->3
[24.577s][info][gc,metaspace   ] GC(253) Metaspace: 8600K(8832K)->8600K(8832K) NonClass: 7447K(7552K)->7447K(7552K) Class: 1153K(1280K)->1153K(1280K)
[24.577s][info][gc             ] GC(253) Pause Young (Normal) (G1 Evacuation Pause) 194M->43M(276M) 47.273ms
[24.577s][info][gc,cpu         ] GC(253) User=0.00s Sys=0.00s Real=0.05s
[24.682s][info][gc,start       ] GC(254) Pause Young (Normal) (G1 Evacuation Pause)
[24.683s][info][gc,task        ] GC(254) Using 6 workers of 33 for evacuation
[24.690s][info][gc,phases      ] GC(254)   Pre Evacuate Collection Set: 0.1ms
[24.690s][info][gc,phases      ] GC(254)   Merge Heap Roots: 0.1ms
[24.690s][info][gc,phases      ] GC(254)   Evacuate Collection Set: 6.8ms
[24.690s][info][gc,phases      ] GC(254)   Post Evacuate Collection Set: 0.3ms
[24.690s][info][gc,phases      ] GC(254)   Other: 0.1ms
[24.690s][info][gc,heap        ] GC(254) Eden regions: 151->0(156)
[24.690s][info][gc,heap        ] GC(254) Survivor regions: 14->9(21)
[24.690s][info][gc,heap        ] GC(254) Old regions: 30->35
[24.690s][info][gc,heap        ] GC(254) Archive regions: 0->0
[24.690s][info][gc,heap        ] GC(254) Humongous regions: 3->3
[24.690s][info][gc,metaspace   ] GC(254) Metaspace: 8600K(8832K)->8600K(8832K) NonClass: 7447K(7552K)->7447K(7552K) Class: 1153K(1280K)->1153K(1280K)
[24.690s][info][gc             ] GC(254) Pause Young (Normal) (G1 Evacuation Pause) 194M->43M(276M) 7.847ms
[24.690s][info][gc,cpu         ] GC(254) User=0.09s Sys=0.00s Real=0.01s
[24.784s][info][gc,start       ] GC(255) Pause Young (Normal) (G1 Evacuation Pause)
[24.784s][info][gc,task        ] GC(255) Using 6 workers of 33 for evacuation
[24.790s][info][gc,phases      ] GC(255)   Pre Evacuate Collection Set: 0.1ms
[24.790s][info][gc,phases      ] GC(255)   Merge Heap Roots: 0.1ms
[24.790s][info][gc,phases      ] GC(255)   Evacuate Collection Set: 5.0ms
[24.790s][info][gc,phases      ] GC(255)   Post Evacuate Collection Set: 0.3ms
[24.790s][info][gc,phases      ] GC(255)   Other: 0.1ms
[24.790s][info][gc,heap        ] GC(255) Eden regions: 156->0(155)
[24.790s][info][gc,heap        ] GC(255) Survivor regions: 9->10(21)
[24.790s][info][gc,heap        ] GC(255) Old regions: 35->35
[24.790s][info][gc,heap        ] GC(255) Archive regions: 0->0
[24.790s][info][gc,heap        ] GC(255) Humongous regions: 3->3
[24.790s][info][gc,metaspace   ] GC(255) Metaspace: 8600K(8832K)->8600K(8832K) NonClass: 7447K(7552K)->7447K(7552K) Class: 1153K(1280K)->1153K(1280K)
[24.790s][info][gc             ] GC(255) Pause Young (Normal) (G1 Evacuation Pause) 199M->44M(276M) 6.167ms
[24.790s][info][gc,cpu         ] GC(255) User=0.00s Sys=0.00s Real=0.01s
[24.874s][info][gc,start       ] GC(256) Pause Young (Normal) (G1 Evacuation Pause)
[24.874s][info][gc,task        ] GC(256) Using 6 workers of 33 for evacuation
[24.881s][info][gc,phases      ] GC(256)   Pre Evacuate Collection Set: 0.1ms
[24.881s][info][gc,phases      ] GC(256)   Merge Heap Roots: 0.1ms
[24.881s][info][gc,phases      ] GC(256)   Evacuate Collection Set: 6.3ms
[24.881s][info][gc,phases      ] GC(256)   Post Evacuate Collection Set: 0.3ms
[24.881s][info][gc,phases      ] GC(256)   Other: 0.1ms
[24.881s][info][gc,heap        ] GC(256) Eden regions: 155->0(155)
[24.881s][info][gc,heap        ] GC(256) Survivor regions: 10->10(21)
[24.881s][info][gc,heap        ] GC(256) Old regions: 35->35
[24.881s][info][gc,heap        ] GC(256) Archive regions: 0->0
[24.881s][info][gc,heap        ] GC(256) Humongous regions: 3->3
[24.881s][info][gc,metaspace   ] GC(256) Metaspace: 8600K(8832K)->8600K(8832K) NonClass: 7447K(7552K)->7447K(7552K) Class: 1153K(1280K)->1153K(1280K)
[24.881s][info][gc             ] GC(256) Pause Young (Normal) (G1 Evacuation Pause) 199M->44M(276M) 7.432ms
[24.882s][info][gc,cpu         ] GC(256) User=0.09s Sys=0.00s Real=0.01s
[24.961s][info][gc,start       ] GC(257) Pause Young (Normal) (G1 Evacuation Pause)
[24.961s][info][gc,task        ] GC(257) Using 6 workers of 33 for evacuation
[24.968s][info][gc,phases      ] GC(257)   Pre Evacuate Collection Set: 0.1ms
[24.968s][info][gc,phases      ] GC(257)   Merge Heap Roots: 0.1ms
[24.968s][info][gc,phases      ] GC(257)   Evacuate Collection Set: 6.7ms
[24.969s][info][gc,phases      ] GC(257)   Post Evacuate Collection Set: 0.3ms
[24.969s][info][gc,phases      ] GC(257)   Other: 0.1ms
[24.969s][info][gc,heap        ] GC(257) Eden regions: 155->0(154)
[24.969s][info][gc,heap        ] GC(257) Survivor regions: 10->11(21)
[24.969s][info][gc,heap        ] GC(257) Old regions: 35->35
[24.969s][info][gc,heap        ] GC(257) Archive regions: 0->0
[24.969s][info][gc,heap        ] GC(257) Humongous regions: 3->3
[24.969s][info][gc,metaspace   ] GC(257) Metaspace: 8600K(8832K)->8600K(8832K) NonClass: 7447K(7552K)->7447K(7552K) Class: 1153K(1280K)->1153K(1280K)
[24.969s][info][gc             ] GC(257) Pause Young (Normal) (G1 Evacuation Pause) 199M->45M(276M) 7.788ms
[24.969s][info][gc,cpu         ] GC(257) User=0.00s Sys=0.00s Real=0.01s
[25.069s][info][gc,start       ] GC(258) Pause Young (Normal) (G1 Evacuation Pause)
[25.069s][info][gc,task        ] GC(258) Using 6 workers of 33 for evacuation
[25.077s][info][gc,phases      ] GC(258)   Pre Evacuate Collection Set: 0.1ms
[25.077s][info][gc,phases      ] GC(258)   Merge Heap Roots: 0.1ms
[25.077s][info][gc,phases      ] GC(258)   Evacuate Collection Set: 7.2ms
[25.077s][info][gc,phases      ] GC(258)   Post Evacuate Collection Set: 0.3ms
[25.077s][info][gc,phases      ] GC(258)   Other: 0.1ms
[25.077s][info][gc,heap        ] GC(258) Eden regions: 154->0(154)
[25.077s][info][gc,heap        ] GC(258) Survivor regions: 11->11(21)
[25.077s][info][gc,heap        ] GC(258) Old regions: 35->35
[25.077s][info][gc,heap        ] GC(258) Archive regions: 0->0
[25.077s][info][gc,heap        ] GC(258) Humongous regions: 3->3
[25.077s][info][gc,metaspace   ] GC(258) Metaspace: 8600K(8832K)->8600K(8832K) NonClass: 7447K(7552K)->7447K(7552K) Class: 1153K(1280K)->1153K(1280K)
[25.077s][info][gc             ] GC(258) Pause Young (Normal) (G1 Evacuation Pause) 199M->45M(276M) 8.476ms
[25.077s][info][gc,cpu         ] GC(258) User=0.00s Sys=0.00s Real=0.01s
[25.171s][info][gc,start       ] GC(259) Pause Young (Normal) (G1 Evacuation Pause)
[25.171s][info][gc,task        ] GC(259) Using 6 workers of 33 for evacuation
[25.178s][info][gc,phases      ] GC(259)   Pre Evacuate Collection Set: 0.1ms
[25.178s][info][gc,phases      ] GC(259)   Merge Heap Roots: 0.1ms
[25.178s][info][gc,phases      ] GC(259)   Evacuate Collection Set: 6.2ms
[25.178s][info][gc,phases      ] GC(259)   Post Evacuate Collection Set: 0.3ms
[25.178s][info][gc,phases      ] GC(259)   Other: 0.1ms
[25.178s][info][gc,heap        ] GC(259) Eden regions: 154->0(153)
[25.178s][info][gc,heap        ] GC(259) Survivor regions: 11->12(21)
[25.178s][info][gc,heap        ] GC(259) Old regions: 35->35
[25.178s][info][gc,heap        ] GC(259) Archive regions: 0->0
[25.178s][info][gc,heap        ] GC(259) Humongous regions: 3->3
[25.178s][info][gc,metaspace   ] GC(259) Metaspace: 8600K(8832K)->8600K(8832K) NonClass: 7447K(7552K)->7447K(7552K) Class: 1153K(1280K)->1153K(1280K)
[25.178s][info][gc             ] GC(259) Pause Young (Normal) (G1 Evacuation Pause) 199M->46M(276M) 7.292ms
[25.178s][info][gc,cpu         ] GC(259) User=0.09s Sys=0.00s Real=0.01s
[25.257s][info][gc,start       ] GC(260) Pause Young (Normal) (G1 Evacuation Pause)
[25.257s][info][gc,task        ] GC(260) Using 6 workers of 33 for evacuation
[25.266s][info][gc,phases      ] GC(260)   Pre Evacuate Collection Set: 0.1ms
[25.266s][info][gc,phases      ] GC(260)   Merge Heap Roots: 0.1ms
[25.266s][info][gc,phases      ] GC(260)   Evacuate Collection Set: 7.6ms
[25.266s][info][gc,phases      ] GC(260)   Post Evacuate Collection Set: 0.3ms
[25.266s][info][gc,phases      ] GC(260)   Other: 0.1ms
[25.266s][info][gc,heap        ] GC(260) Eden regions: 153->0(153)
[25.266s][info][gc,heap        ] GC(260) Survivor regions: 12->12(21)
[25.266s][info][gc,heap        ] GC(260) Old regions: 35->35
[25.266s][info][gc,heap        ] GC(260) Archive regions: 0->0
[25.266s][info][gc,heap        ] GC(260) Humongous regions: 3->3
[25.266s][info][gc,metaspace   ] GC(260) Metaspace: 8600K(8832K)->8600K(8832K) NonClass: 7447K(7552K)->7447K(7552K) Class: 1153K(1280K)->1153K(1280K)
[25.266s][info][gc             ] GC(260) Pause Young (Normal) (G1 Evacuation Pause) 199M->46M(276M) 8.851ms
[25.266s][info][gc,cpu         ] GC(260) User=0.00s Sys=0.00s Real=0.01s
[25.701s][info][gc,start       ] GC(261) Pause Full (System.gc())
[25.701s][info][gc,task        ] GC(261) Using 6 workers of 33 for full compaction
[25.702s][info][gc,phases,start] GC(261) Phase 1: Mark live objects
[25.705s][info][gc,phases      ] GC(261) Phase 1: Mark live objects 3.330ms
[25.705s][info][gc,phases,start] GC(261) Phase 2: Prepare compaction
[25.706s][info][gc,phases      ] GC(261) Phase 2: Prepare compaction 1.102ms
[25.706s][info][gc,phases,start] GC(261) Phase 3: Adjust pointers
[25.709s][info][gc,phases      ] GC(261) Phase 3: Adjust pointers 2.618ms
[25.709s][info][gc,phases,start] GC(261) Phase 4: Compact heap
[25.710s][info][gc,phases      ] GC(261) Phase 4: Compact heap 0.814ms
[25.712s][info][gc,heap        ] GC(261) Eden regions: 137->0(12)
[25.712s][info][gc,heap        ] GC(261) Survivor regions: 12->0(21)
[25.712s][info][gc,heap        ] GC(261) Old regions: 35->6
[25.712s][info][gc,heap        ] GC(261) Archive regions: 0->0
[25.712s][info][gc,heap        ] GC(261) Humongous regions: 22->0
[25.713s][info][gc,metaspace   ] GC(261) Metaspace: 8600K(8832K)->8600K(8832K) NonClass: 7447K(7552K)->7447K(7552K) Class: 1153K(1280K)->1153K(1280K)
[25.713s][info][gc             ] GC(261) Pause Full (System.gc()) 202M->3M(20M) 11.327ms
[25.713s][info][gc,cpu         ] GC(261) User=0.02s Sys=0.00s Real=0.02s
[25.720s][info][gc,start       ] GC(262) Pause Young (Normal) (G1 Evacuation Pause)
[25.720s][info][gc,task        ] GC(262) Using 4 workers of 33 for evacuation
[25.721s][info][gc,phases      ] GC(262)   Pre Evacuate Collection Set: 0.0ms
[25.721s][info][gc,phases      ] GC(262)   Merge Heap Roots: 0.0ms
[25.721s][info][gc,phases      ] GC(262)   Evacuate Collection Set: 0.3ms
[25.721s][info][gc,phases      ] GC(262)   Post Evacuate Collection Set: 0.2ms
[25.721s][info][gc,phases      ] GC(262)   Other: 0.1ms
[25.721s][info][gc,heap        ] GC(262) Eden regions: 12->0(9)
[25.721s][info][gc,heap        ] GC(262) Survivor regions: 0->2(2)
[25.721s][info][gc,heap        ] GC(262) Old regions: 6->6
[25.721s][info][gc,heap        ] GC(262) Archive regions: 0->0
[25.721s][info][gc,heap        ] GC(262) Humongous regions: 0->0
[25.721s][info][gc,metaspace   ] GC(262) Metaspace: 8600K(8832K)->8600K(8832K) NonClass: 7447K(7552K)->7447K(7552K) Class: 1153K(1280K)->1153K(1280K)
[25.721s][info][gc             ] GC(262) Pause Young (Normal) (G1 Evacuation Pause) 15M->5M(20M) 1.103ms
[25.721s][info][gc,cpu         ] GC(262) User=0.00s Sys=0.00s Real=0.00s
[25.727s][info][gc,start       ] GC(263) Pause Young (Normal) (G1 Evacuation Pause)
[25.727s][info][gc,task        ] GC(263) Using 3 workers of 33 for evacuation
[25.728s][info][gc,phases      ] GC(263)   Pre Evacuate Collection Set: 0.0ms
[25.728s][info][gc,phases      ] GC(263)   Merge Heap Roots: 0.0ms
[25.728s][info][gc,phases      ] GC(263)   Evacuate Collection Set: 0.4ms
[25.728s][info][gc,phases      ] GC(263)   Post Evacuate Collection Set: 0.2ms
[25.728s][info][gc,phases      ] GC(263)   Other: 0.1ms
[25.728s][info][gc,heap        ] GC(263) Eden regions: 9->0(11)
[25.728s][info][gc,heap        ] GC(263) Survivor regions: 2->1(2)
[25.728s][info][gc,heap        ] GC(263) Old regions: 6->6
[25.728s][info][gc,heap        ] GC(263) Archive regions: 0->0
[25.728s][info][gc,heap        ] GC(263) Humongous regions: 0->0
[25.728s][info][gc,metaspace   ] GC(263) Metaspace: 8600K(8832K)->8600K(8832K) NonClass: 7447K(7552K)->7447K(7552K) Class: 1153K(1280K)->1153K(1280K)
[25.728s][info][gc             ] GC(263) Pause Young (Normal) (G1 Evacuation Pause) 14M->3M(20M) 1.074ms
[25.728s][info][gc,cpu         ] GC(263) User=0.00s Sys=0.00s Real=0.00s
[25.733s][info][gc,start       ] GC(264) Pause Young (Normal) (G1 Evacuation Pause)
[25.733s][info][gc,task        ] GC(264) Using 2 workers of 33 for evacuation
[25.735s][info][gc,phases      ] GC(264)   Pre Evacuate Collection Set: 0.0ms
[25.735s][info][gc,phases      ] GC(264)   Merge Heap Roots: 0.0ms
[25.735s][info][gc,phases      ] GC(264)   Evacuate Collection Set: 0.3ms
[25.735s][info][gc,phases      ] GC(264)   Post Evacuate Collection Set: 1.2ms
[25.735s][info][gc,phases      ] GC(264)   Other: 0.1ms
[25.735s][info][gc,heap        ] GC(264) Eden regions: 11->0(158)
[25.735s][info][gc,heap        ] GC(264) Survivor regions: 1->1(2)
[25.735s][info][gc,heap        ] GC(264) Old regions: 6->6
[25.735s][info][gc,heap        ] GC(264) Archive regions: 0->0
[25.735s][info][gc,heap        ] GC(264) Humongous regions: 0->0
[25.735s][info][gc,metaspace   ] GC(264) Metaspace: 8600K(8832K)->8600K(8832K) NonClass: 7447K(7552K)->7447K(7552K) Class: 1153K(1280K)->1153K(1280K)
[25.735s][info][gc             ] GC(264) Pause Young (Normal) (G1 Evacuation Pause) 14M->3M(266M) 2.093ms
[25.735s][info][gc,cpu         ] GC(264) User=0.00s Sys=0.00s Real=0.00s
[25.815s][info][gc,start       ] GC(265) Pause Young (Normal) (G1 Evacuation Pause)
[25.815s][info][gc,task        ] GC(265) Using 6 workers of 33 for evacuation
[25.817s][info][gc,phases      ] GC(265)   Pre Evacuate Collection Set: 0.1ms
[25.817s][info][gc,phases      ] GC(265)   Merge Heap Roots: 0.1ms
[25.817s][info][gc,phases      ] GC(265)   Evacuate Collection Set: 1.4ms
[25.817s][info][gc,phases      ] GC(265)   Post Evacuate Collection Set: 0.3ms
[25.817s][info][gc,phases      ] GC(265)   Other: 0.1ms
[25.817s][info][gc,heap        ] GC(265) Eden regions: 158->0(158)
[25.817s][info][gc,heap        ] GC(265) Survivor regions: 1->1(20)
[25.817s][info][gc,heap        ] GC(265) Old regions: 6->6
[25.817s][info][gc,heap        ] GC(265) Archive regions: 0->0
[25.817s][info][gc,heap        ] GC(265) Humongous regions: 0->0
[25.817s][info][gc,metaspace   ] GC(265) Metaspace: 8600K(8832K)->8600K(8832K) NonClass: 7447K(7552K)->7447K(7552K) Class: 1153K(1280K)->1153K(1280K)
[25.817s][info][gc             ] GC(265) Pause Young (Normal) (G1 Evacuation Pause) 161M->4M(266M) 2.422ms
[25.817s][info][gc,cpu         ] GC(265) User=0.00s Sys=0.00s Real=0.00s
[25.896s][info][gc,start       ] GC(266) Pause Young (Normal) (G1 Evacuation Pause)
[25.896s][info][gc,task        ] GC(266) Using 6 workers of 33 for evacuation
[25.898s][info][gc,phases      ] GC(266)   Pre Evacuate Collection Set: 0.1ms
[25.898s][info][gc,phases      ] GC(266)   Merge Heap Roots: 0.1ms
[25.898s][info][gc,phases      ] GC(266)   Evacuate Collection Set: 1.2ms
[25.898s][info][gc,phases      ] GC(266)   Post Evacuate Collection Set: 0.3ms
[25.898s][info][gc,phases      ] GC(266)   Other: 0.1ms
[25.898s][info][gc,heap        ] GC(266) Eden regions: 158->0(157)
[25.898s][info][gc,heap        ] GC(266) Survivor regions: 1->2(20)
[25.898s][info][gc,heap        ] GC(266) Old regions: 6->6
[25.898s][info][gc,heap        ] GC(266) Archive regions: 0->0
[25.898s][info][gc,heap        ] GC(266) Humongous regions: 0->0
[25.898s][info][gc,metaspace   ] GC(266) Metaspace: 8600K(8832K)->8600K(8832K) NonClass: 7447K(7552K)->7447K(7552K) Class: 1153K(1280K)->1153K(1280K)
[25.898s][info][gc             ] GC(266) Pause Young (Normal) (G1 Evacuation Pause) 162M->4M(266M) 2.198ms
[25.898s][info][gc,cpu         ] GC(266) User=0.09s Sys=0.00s Real=0.02s
[25.983s][info][gc,start       ] GC(267) Pause Young (Normal) (G1 Evacuation Pause)
[25.983s][info][gc,task        ] GC(267) Using 6 workers of 33 for evacuation
[25.985s][info][gc,phases      ] GC(267)   Pre Evacuate Collection Set: 0.1ms
[25.985s][info][gc,phases      ] GC(267)   Merge Heap Roots: 0.1ms
[25.985s][info][gc,phases      ] GC(267)   Evacuate Collection Set: 1.6ms
[25.985s][info][gc,phases      ] GC(267)   Post Evacuate Collection Set: 0.3ms
[25.985s][info][gc,phases      ] GC(267)   Other: 0.1ms
[25.985s][info][gc,heap        ] GC(267) Eden regions: 157->0(157)
[25.985s][info][gc,heap        ] GC(267) Survivor regions: 2->2(20)
[25.985s][info][gc,heap        ] GC(267) Old regions: 6->6
[25.985s][info][gc,heap        ] GC(267) Archive regions: 0->0
[25.985s][info][gc,heap        ] GC(267) Humongous regions: 0->0
[25.986s][info][gc,metaspace   ] GC(267) Metaspace: 8600K(8832K)->8600K(8832K) NonClass: 7447K(7552K)->7447K(7552K) Class: 1153K(1280K)->1153K(1280K)
[25.986s][info][gc             ] GC(267) Pause Young (Normal) (G1 Evacuation Pause) 161M->5M(266M) 2.635ms
[25.986s][info][gc,cpu         ] GC(267) User=0.00s Sys=0.02s Real=0.00s
[26.065s][info][gc,start       ] GC(268) Pause Young (Normal) (G1 Evacuation Pause)
[26.065s][info][gc,task        ] GC(268) Using 6 workers of 33 for evacuation
[26.067s][info][gc,phases      ] GC(268)   Pre Evacuate Collection Set: 0.1ms
[26.067s][info][gc,phases      ] GC(268)   Merge Heap Roots: 0.1ms
[26.067s][info][gc,phases      ] GC(268)   Evacuate Collection Set: 1.9ms
[26.067s][info][gc,phases      ] GC(268)   Post Evacuate Collection Set: 0.3ms
[26.067s][info][gc,phases      ] GC(268)   Other: 0.1ms
[26.067s][info][gc,heap        ] GC(268) Eden regions: 157->0(156)
[26.067s][info][gc,heap        ] GC(268) Survivor regions: 2->3(20)
[26.067s][info][gc,heap        ] GC(268) Old regions: 6->6
[26.067s][info][gc,heap        ] GC(268) Archive regions: 0->0
[26.067s][info][gc,heap        ] GC(268) Humongous regions: 0->0
[26.067s][info][gc,metaspace   ] GC(268) Metaspace: 8600K(8832K)->8600K(8832K) NonClass: 7447K(7552K)->7447K(7552K) Class: 1153K(1280K)->1153K(1280K)
[26.067s][info][gc             ] GC(268) Pause Young (Normal) (G1 Evacuation Pause) 162M->5M(266M) 2.878ms
[26.067s][info][gc,cpu         ] GC(268) User=0.00s Sys=0.00s Real=0.00s
[26.145s][info][gc,start       ] GC(269) Pause Young (Normal) (G1 Evacuation Pause)
[26.145s][info][gc,task        ] GC(269) Using 6 workers of 33 for evacuation
[26.148s][info][gc,phases      ] GC(269)   Pre Evacuate Collection Set: 0.1ms
[26.148s][info][gc,phases      ] GC(269)   Merge Heap Roots: 0.1ms
[26.148s][info][gc,phases      ] GC(269)   Evacuate Collection Set: 2.2ms
[26.148s][info][gc,phases      ] GC(269)   Post Evacuate Collection Set: 0.3ms
[26.148s][info][gc,phases      ] GC(269)   Other: 0.1ms
[26.148s][info][gc,heap        ] GC(269) Eden regions: 156->0(156)
[26.148s][info][gc,heap        ] GC(269) Survivor regions: 3->3(20)
[26.148s][info][gc,heap        ] GC(269) Old regions: 6->6
[26.148s][info][gc,heap        ] GC(269) Archive regions: 0->0
[26.148s][info][gc,heap        ] GC(269) Humongous regions: 0->0
[26.148s][info][gc,metaspace   ] GC(269) Metaspace: 8600K(8832K)->8600K(8832K) NonClass: 7447K(7552K)->7447K(7552K) Class: 1153K(1280K)->1153K(1280K)
[26.148s][info][gc             ] GC(269) Pause Young (Normal) (G1 Evacuation Pause) 161M->6M(266M) 3.165ms
[26.149s][info][gc,cpu         ] GC(269) User=0.00s Sys=0.00s Real=0.00s
[26.231s][info][gc,start       ] GC(270) Pause Young (Normal) (G1 Evacuation Pause)
[26.231s][info][gc,task        ] GC(270) Using 6 workers of 33 for evacuation
[26.237s][info][gc,phases      ] GC(270)   Pre Evacuate Collection Set: 0.1ms
[26.237s][info][gc,phases      ] GC(270)   Merge Heap Roots: 0.1ms
[26.237s][info][gc,phases      ] GC(270)   Evacuate Collection Set: 5.0ms
[26.237s][info][gc,phases      ] GC(270)   Post Evacuate Collection Set: 0.3ms
[26.237s][info][gc,phases      ] GC(270)   Other: 0.1ms
[26.237s][info][gc,heap        ] GC(270) Eden regions: 156->0(155)
[26.237s][info][gc,heap        ] GC(270) Survivor regions: 3->4(20)
[26.237s][info][gc,heap        ] GC(270) Old regions: 6->6
[26.237s][info][gc,heap        ] GC(270) Archive regions: 0->0
[26.237s][info][gc,heap        ] GC(270) Humongous regions: 0->0
[26.237s][info][gc,metaspace   ] GC(270) Metaspace: 8600K(8832K)->8600K(8832K) NonClass: 7447K(7552K)->7447K(7552K) Class: 1153K(1280K)->1153K(1280K)
[26.237s][info][gc             ] GC(270) Pause Young (Normal) (G1 Evacuation Pause) 162M->7M(266M) 5.990ms
[26.237s][info][gc,cpu         ] GC(270) User=0.00s Sys=0.00s Real=0.00s
[26.333s][info][gc,start       ] GC(271) Pause Young (Normal) (G1 Evacuation Pause)
[26.333s][info][gc,task        ] GC(271) Using 6 workers of 33 for evacuation
[26.336s][info][gc,phases      ] GC(271)   Pre Evacuate Collection Set: 0.1ms
[26.336s][info][gc,phases      ] GC(271)   Merge Heap Roots: 0.1ms
[26.336s][info][gc,phases      ] GC(271)   Evacuate Collection Set: 2.1ms
[26.336s][info][gc,phases      ] GC(271)   Post Evacuate Collection Set: 0.3ms
[26.336s][info][gc,phases      ] GC(271)   Other: 0.1ms
[26.336s][info][gc,heap        ] GC(271) Eden regions: 155->0(154)
[26.336s][info][gc,heap        ] GC(271) Survivor regions: 4->5(20)
[26.336s][info][gc,heap        ] GC(271) Old regions: 6->6
[26.336s][info][gc,heap        ] GC(271) Archive regions: 0->0
[26.336s][info][gc,heap        ] GC(271) Humongous regions: 0->0
[26.336s][info][gc,metaspace   ] GC(271) Metaspace: 8600K(8832K)->8600K(8832K) NonClass: 7447K(7552K)->7447K(7552K) Class: 1153K(1280K)->1153K(1280K)
[26.336s][info][gc             ] GC(271) Pause Young (Normal) (G1 Evacuation Pause) 162M->7M(266M) 3.057ms
[26.336s][info][gc,cpu         ] GC(271) User=0.00s Sys=0.00s Real=0.00s
[26.440s][info][gc,start       ] GC(272) Pause Young (Normal) (G1 Evacuation Pause)
[26.440s][info][gc,task        ] GC(272) Using 6 workers of 33 for evacuation
[26.444s][info][gc,phases      ] GC(272)   Pre Evacuate Collection Set: 0.1ms
[26.444s][info][gc,phases      ] GC(272)   Merge Heap Roots: 0.1ms
[26.444s][info][gc,phases      ] GC(272)   Evacuate Collection Set: 3.0ms
[26.444s][info][gc,phases      ] GC(272)   Post Evacuate Collection Set: 0.3ms
[26.444s][info][gc,phases      ] GC(272)   Other: 0.1ms
[26.444s][info][gc,heap        ] GC(272) Eden regions: 154->0(154)
[26.444s][info][gc,heap        ] GC(272) Survivor regions: 5->5(20)
[26.444s][info][gc,heap        ] GC(272) Old regions: 6->6
[26.444s][info][gc,heap        ] GC(272) Archive regions: 0->0
[26.444s][info][gc,heap        ] GC(272) Humongous regions: 0->0
[26.444s][info][gc,metaspace   ] GC(272) Metaspace: 8600K(8832K)->8600K(8832K) NonClass: 7447K(7552K)->7447K(7552K) Class: 1153K(1280K)->1153K(1280K)
[26.444s][info][gc             ] GC(272) Pause Young (Normal) (G1 Evacuation Pause) 161M->8M(266M) 4.046ms
[26.444s][info][gc,cpu         ] GC(272) User=0.00s Sys=0.00s Real=0.00s
[26.521s][info][gc,start       ] GC(273) Pause Young (Normal) (G1 Evacuation Pause)
[26.521s][info][gc,task        ] GC(273) Using 6 workers of 33 for evacuation
[26.524s][info][gc,phases      ] GC(273)   Pre Evacuate Collection Set: 0.1ms
[26.524s][info][gc,phases      ] GC(273)   Merge Heap Roots: 0.1ms
[26.524s][info][gc,phases      ] GC(273)   Evacuate Collection Set: 2.7ms
[26.524s][info][gc,phases      ] GC(273)   Post Evacuate Collection Set: 0.3ms
[26.524s][info][gc,phases      ] GC(273)   Other: 0.1ms
[26.524s][info][gc,heap        ] GC(273) Eden regions: 154->0(153)
[26.524s][info][gc,heap        ] GC(273) Survivor regions: 5->6(20)
[26.524s][info][gc,heap        ] GC(273) Old regions: 6->6
[26.524s][info][gc,heap        ] GC(273) Archive regions: 0->0
[26.524s][info][gc,heap        ] GC(273) Humongous regions: 0->0
[26.524s][info][gc,metaspace   ] GC(273) Metaspace: 8600K(8832K)->8600K(8832K) NonClass: 7447K(7552K)->7447K(7552K) Class: 1153K(1280K)->1153K(1280K)
[26.524s][info][gc             ] GC(273) Pause Young (Normal) (G1 Evacuation Pause) 162M->8M(266M) 3.697ms
[26.524s][info][gc,cpu         ] GC(273) User=0.00s Sys=0.00s Real=0.00s
[26.600s][info][gc,start       ] GC(274) Pause Young (Normal) (G1 Evacuation Pause)
[26.600s][info][gc,task        ] GC(274) Using 6 workers of 33 for evacuation
[26.605s][info][gc,phases      ] GC(274)   Pre Evacuate Collection Set: 0.1ms
[26.605s][info][gc,phases      ] GC(274)   Merge Heap Roots: 0.1ms
[26.605s][info][gc,phases      ] GC(274)   Evacuate Collection Set: 3.9ms
[26.605s][info][gc,phases      ] GC(274)   Post Evacuate Collection Set: 0.3ms
[26.605s][info][gc,phases      ] GC(274)   Other: 0.1ms
[26.605s][info][gc,heap        ] GC(274) Eden regions: 153->0(153)
[26.605s][info][gc,heap        ] GC(274) Survivor regions: 6->6(20)
[26.605s][info][gc,heap        ] GC(274) Old regions: 6->6
[26.605s][info][gc,heap        ] GC(274) Archive regions: 0->0
[26.605s][info][gc,heap        ] GC(274) Humongous regions: 0->0
[26.605s][info][gc,metaspace   ] GC(274) Metaspace: 8600K(8832K)->8600K(8832K) NonClass: 7447K(7552K)->7447K(7552K) Class: 1153K(1280K)->1153K(1280K)
[26.605s][info][gc             ] GC(274) Pause Young (Normal) (G1 Evacuation Pause) 161M->9M(266M) 5.005ms
[26.605s][info][gc,cpu         ] GC(274) User=0.00s Sys=0.00s Real=0.01s
[26.688s][info][gc,start       ] GC(275) Pause Young (Normal) (G1 Evacuation Pause)
[26.688s][info][gc,task        ] GC(275) Using 6 workers of 33 for evacuation
[26.693s][info][gc,phases      ] GC(275)   Pre Evacuate Collection Set: 0.1ms
[26.693s][info][gc,phases      ] GC(275)   Merge Heap Roots: 0.1ms
[26.693s][info][gc,phases      ] GC(275)   Evacuate Collection Set: 4.3ms
[26.693s][info][gc,phases      ] GC(275)   Post Evacuate Collection Set: 0.3ms
[26.693s][info][gc,phases      ] GC(275)   Other: 0.1ms
[26.693s][info][gc,heap        ] GC(275) Eden regions: 153->0(152)
[26.693s][info][gc,heap        ] GC(275) Survivor regions: 6->7(20)
[26.693s][info][gc,heap        ] GC(275) Old regions: 6->6
[26.693s][info][gc,heap        ] GC(275) Archive regions: 0->0
[26.693s][info][gc,heap        ] GC(275) Humongous regions: 0->0
[26.693s][info][gc,metaspace   ] GC(275) Metaspace: 8600K(8832K)->8600K(8832K) NonClass: 7447K(7552K)->7447K(7552K) Class: 1153K(1280K)->1153K(1280K)
[26.693s][info][gc             ] GC(275) Pause Young (Normal) (G1 Evacuation Pause) 162M->10M(266M) 5.294ms
[26.693s][info][gc,cpu         ] GC(275) User=0.00s Sys=0.02s Real=0.01s
[26.769s][info][gc,start       ] GC(276) Pause Young (Normal) (G1 Evacuation Pause)
[26.769s][info][gc,task        ] GC(276) Using 6 workers of 33 for evacuation
[26.775s][info][gc,phases      ] GC(276)   Pre Evacuate Collection Set: 0.1ms
[26.775s][info][gc,phases      ] GC(276)   Merge Heap Roots: 0.1ms
[26.775s][info][gc,phases      ] GC(276)   Evacuate Collection Set: 4.6ms
[26.775s][info][gc,phases      ] GC(276)   Post Evacuate Collection Set: 0.3ms
[26.775s][info][gc,phases      ] GC(276)   Other: 0.1ms
[26.775s][info][gc,heap        ] GC(276) Eden regions: 152->0(152)
[26.775s][info][gc,heap        ] GC(276) Survivor regions: 7->7(20)
[26.775s][info][gc,heap        ] GC(276) Old regions: 6->6
[26.775s][info][gc,heap        ] GC(276) Archive regions: 0->0
[26.775s][info][gc,heap        ] GC(276) Humongous regions: 0->0
[26.775s][info][gc,metaspace   ] GC(276) Metaspace: 8600K(8832K)->8600K(8832K) NonClass: 7447K(7552K)->7447K(7552K) Class: 1153K(1280K)->1153K(1280K)
[26.775s][info][gc             ] GC(276) Pause Young (Normal) (G1 Evacuation Pause) 162M->10M(266M) 5.657ms
[26.775s][info][gc,cpu         ] GC(276) User=0.00s Sys=0.00s Real=0.01s
[26.867s][info][gc,start       ] GC(277) Pause Young (Normal) (G1 Evacuation Pause)
[26.868s][info][gc,task        ] GC(277) Using 6 workers of 33 for evacuation
[26.872s][info][gc,phases      ] GC(277)   Pre Evacuate Collection Set: 0.1ms
[26.872s][info][gc,phases      ] GC(277)   Merge Heap Roots: 0.1ms
[26.872s][info][gc,phases      ] GC(277)   Evacuate Collection Set: 3.9ms
[26.872s][info][gc,phases      ] GC(277)   Post Evacuate Collection Set: 0.3ms
[26.872s][info][gc,phases      ] GC(277)   Other: 0.1ms
[26.872s][info][gc,heap        ] GC(277) Eden regions: 152->0(151)
[26.872s][info][gc,heap        ] GC(277) Survivor regions: 7->8(20)
[26.872s][info][gc,heap        ] GC(277) Old regions: 6->7
[26.872s][info][gc,heap        ] GC(277) Archive regions: 0->0
[26.872s][info][gc,heap        ] GC(277) Humongous regions: 0->0
[26.872s][info][gc,metaspace   ] GC(277) Metaspace: 8600K(8832K)->8600K(8832K) NonClass: 7447K(7552K)->7447K(7552K) Class: 1153K(1280K)->1153K(1280K)
[26.872s][info][gc             ] GC(277) Pause Young (Normal) (G1 Evacuation Pause) 162M->10M(266M) 5.079ms
[26.872s][info][gc,cpu         ] GC(277) User=0.00s Sys=0.00s Real=0.00s
[26.970s][info][gc,start       ] GC(278) Pause Young (Normal) (G1 Evacuation Pause)
[26.970s][info][gc,task        ] GC(278) Using 6 workers of 33 for evacuation
[26.976s][info][gc,phases      ] GC(278)   Pre Evacuate Collection Set: 0.1ms
[26.976s][info][gc,phases      ] GC(278)   Merge Heap Roots: 0.1ms
[26.976s][info][gc,phases      ] GC(278)   Evacuate Collection Set: 4.6ms
[26.976s][info][gc,phases      ] GC(278)   Post Evacuate Collection Set: 0.3ms
[26.976s][info][gc,phases      ] GC(278)   Other: 0.1ms
[26.976s][info][gc,heap        ] GC(278) Eden regions: 151->0(150)
[26.976s][info][gc,heap        ] GC(278) Survivor regions: 8->9(20)
[26.976s][info][gc,heap        ] GC(278) Old regions: 7->7
[26.976s][info][gc,heap        ] GC(278) Archive regions: 0->0
[26.976s][info][gc,heap        ] GC(278) Humongous regions: 0->0
[26.976s][info][gc,metaspace   ] GC(278) Metaspace: 8600K(8832K)->8600K(8832K) NonClass: 7447K(7552K)->7447K(7552K) Class: 1153K(1280K)->1153K(1280K)
[26.976s][info][gc             ] GC(278) Pause Young (Normal) (G1 Evacuation Pause) 161M->11M(266M) 5.646ms
[26.976s][info][gc,cpu         ] GC(278) User=0.00s Sys=0.00s Real=0.01s
[27.051s][info][gc,start       ] GC(279) Pause Young (Normal) (G1 Evacuation Pause)
[27.051s][info][gc,task        ] GC(279) Using 6 workers of 33 for evacuation
[27.057s][info][gc,phases      ] GC(279)   Pre Evacuate Collection Set: 0.1ms
[27.057s][info][gc,phases      ] GC(279)   Merge Heap Roots: 0.1ms
[27.057s][info][gc,phases      ] GC(279)   Evacuate Collection Set: 5.3ms
[27.057s][info][gc,phases      ] GC(279)   Post Evacuate Collection Set: 0.3ms
[27.057s][info][gc,phases      ] GC(279)   Other: 0.1ms
[27.057s][info][gc,heap        ] GC(279) Eden regions: 150->0(150)
[27.057s][info][gc,heap        ] GC(279) Survivor regions: 9->9(20)
[27.057s][info][gc,heap        ] GC(279) Old regions: 7->7
[27.057s][info][gc,heap        ] GC(279) Archive regions: 0->0
[27.057s][info][gc,heap        ] GC(279) Humongous regions: 0->0
[27.057s][info][gc,metaspace   ] GC(279) Metaspace: 8600K(8832K)->8600K(8832K) NonClass: 7447K(7552K)->7447K(7552K) Class: 1153K(1280K)->1153K(1280K)
[27.057s][info][gc             ] GC(279) Pause Young (Normal) (G1 Evacuation Pause) 161M->12M(266M) 6.342ms
[27.057s][info][gc,cpu         ] GC(279) User=0.00s Sys=0.00s Real=0.01s
[27.166s][info][gc,start       ] GC(280) Pause Young (Normal) (G1 Evacuation Pause)
[27.166s][info][gc,task        ] GC(280) Using 6 workers of 33 for evacuation
[27.171s][info][gc,phases      ] GC(280)   Pre Evacuate Collection Set: 0.1ms
[27.171s][info][gc,phases      ] GC(280)   Merge Heap Roots: 0.1ms
[27.171s][info][gc,phases      ] GC(280)   Evacuate Collection Set: 5.1ms
[27.172s][info][gc,phases      ] GC(280)   Post Evacuate Collection Set: 0.3ms
[27.172s][info][gc,phases      ] GC(280)   Other: 0.1ms
[27.172s][info][gc,heap        ] GC(280) Eden regions: 150->0(149)
[27.172s][info][gc,heap        ] GC(280) Survivor regions: 9->10(20)
[27.172s][info][gc,heap        ] GC(280) Old regions: 7->7
[27.172s][info][gc,heap        ] GC(280) Archive regions: 0->0
[27.172s][info][gc,heap        ] GC(280) Humongous regions: 0->0
[27.172s][info][gc,metaspace   ] GC(280) Metaspace: 8600K(8832K)->8600K(8832K) NonClass: 7447K(7552K)->7447K(7552K) Class: 1153K(1280K)->1153K(1280K)
[27.172s][info][gc             ] GC(280) Pause Young (Normal) (G1 Evacuation Pause) 162M->12M(266M) 6.125ms
[27.172s][info][gc,cpu         ] GC(280) User=0.00s Sys=0.00s Real=0.01s
[27.260s][info][gc,start       ] GC(281) Pause Young (Normal) (G1 Evacuation Pause)
[27.261s][info][gc,task        ] GC(281) Using 6 workers of 33 for evacuation
[27.266s][info][gc,phases      ] GC(281)   Pre Evacuate Collection Set: 0.1ms
[27.266s][info][gc,phases      ] GC(281)   Merge Heap Roots: 0.1ms
[27.266s][info][gc,phases      ] GC(281)   Evacuate Collection Set: 4.7ms
[27.266s][info][gc,phases      ] GC(281)   Post Evacuate Collection Set: 0.3ms
[27.266s][info][gc,phases      ] GC(281)   Other: 0.1ms
[27.266s][info][gc,heap        ] GC(281) Eden regions: 149->0(149)
[27.266s][info][gc,heap        ] GC(281) Survivor regions: 10->10(20)
[27.266s][info][gc,heap        ] GC(281) Old regions: 7->7
[27.266s][info][gc,heap        ] GC(281) Archive regions: 0->0
[27.266s][info][gc,heap        ] GC(281) Humongous regions: 0->0
[27.266s][info][gc,metaspace   ] GC(281) Metaspace: 8600K(8832K)->8600K(8832K) NonClass: 7447K(7552K)->7447K(7552K) Class: 1153K(1280K)->1153K(1280K)
[27.266s][info][gc             ] GC(281) Pause Young (Normal) (G1 Evacuation Pause) 161M->13M(266M) 5.702ms
[27.266s][info][gc,cpu         ] GC(281) User=0.00s Sys=0.00s Real=0.01s
[27.341s][info][gc,start       ] GC(282) Pause Young (Normal) (G1 Evacuation Pause)
[27.341s][info][gc,task        ] GC(282) Using 6 workers of 33 for evacuation
[27.346s][info][gc,phases      ] GC(282)   Pre Evacuate Collection Set: 0.1ms
[27.346s][info][gc,phases      ] GC(282)   Merge Heap Roots: 0.1ms
[27.346s][info][gc,phases      ] GC(282)   Evacuate Collection Set: 5.0ms
[27.347s][info][gc,phases      ] GC(282)   Post Evacuate Collection Set: 0.3ms
[27.347s][info][gc,phases      ] GC(282)   Other: 0.1ms
[27.347s][info][gc,heap        ] GC(282) Eden regions: 149->0(148)
[27.347s][info][gc,heap        ] GC(282) Survivor regions: 10->11(20)
[27.347s][info][gc,heap        ] GC(282) Old regions: 7->7
[27.347s][info][gc,heap        ] GC(282) Archive regions: 0->0
[27.347s][info][gc,heap        ] GC(282) Humongous regions: 0->0
[27.347s][info][gc,metaspace   ] GC(282) Metaspace: 8600K(8832K)->8600K(8832K) NonClass: 7447K(7552K)->7447K(7552K) Class: 1153K(1280K)->1153K(1280K)
[27.347s][info][gc             ] GC(282) Pause Young (Normal) (G1 Evacuation Pause) 162M->13M(266M) 6.005ms
[27.347s][info][gc,cpu         ] GC(282) User=0.09s Sys=0.00s Real=0.01s
[27.421s][info][gc,start       ] GC(283) Pause Young (Normal) (G1 Evacuation Pause)
[27.421s][info][gc,task        ] GC(283) Using 6 workers of 33 for evacuation
[27.428s][info][gc,phases      ] GC(283)   Pre Evacuate Collection Set: 0.1ms
[27.428s][info][gc,phases      ] GC(283)   Merge Heap Roots: 0.1ms
[27.428s][info][gc,phases      ] GC(283)   Evacuate Collection Set: 6.7ms
[27.428s][info][gc,phases      ] GC(283)   Post Evacuate Collection Set: 0.3ms
[27.428s][info][gc,phases      ] GC(283)   Other: 0.1ms
[27.428s][info][gc,heap        ] GC(283) Eden regions: 148->0(148)
[27.428s][info][gc,heap        ] GC(283) Survivor regions: 11->11(20)
[27.428s][info][gc,heap        ] GC(283) Old regions: 7->7
[27.428s][info][gc,heap        ] GC(283) Archive regions: 0->0
[27.429s][info][gc,heap        ] GC(283) Humongous regions: 0->0
[27.429s][info][gc,metaspace   ] GC(283) Metaspace: 8600K(8832K)->8600K(8832K) NonClass: 7447K(7552K)->7447K(7552K) Class: 1153K(1280K)->1153K(1280K)
[27.429s][info][gc             ] GC(283) Pause Young (Normal) (G1 Evacuation Pause) 161M->14M(266M) 7.667ms
[27.429s][info][gc,cpu         ] GC(283) User=0.09s Sys=0.00s Real=0.01s
[27.510s][info][gc,start       ] GC(284) Pause Young (Normal) (G1 Evacuation Pause)
[27.511s][info][gc,task        ] GC(284) Using 6 workers of 33 for evacuation
[27.517s][info][gc,phases      ] GC(284)   Pre Evacuate Collection Set: 0.1ms
[27.517s][info][gc,phases      ] GC(284)   Merge Heap Roots: 0.1ms
[27.517s][info][gc,phases      ] GC(284)   Evacuate Collection Set: 5.6ms
[27.517s][info][gc,phases      ] GC(284)   Post Evacuate Collection Set: 0.3ms
[27.517s][info][gc,phases      ] GC(284)   Other: 0.1ms
[27.517s][info][gc,heap        ] GC(284) Eden regions: 148->0(147)
[27.517s][info][gc,heap        ] GC(284) Survivor regions: 11->12(20)
[27.517s][info][gc,heap        ] GC(284) Old regions: 7->7
[27.517s][info][gc,heap        ] GC(284) Archive regions: 0->0
[27.517s][info][gc,heap        ] GC(284) Humongous regions: 0->0
[27.517s][info][gc,metaspace   ] GC(284) Metaspace: 8600K(8832K)->8600K(8832K) NonClass: 7447K(7552K)->7447K(7552K) Class: 1153K(1280K)->1153K(1280K)
[27.517s][info][gc             ] GC(284) Pause Young (Normal) (G1 Evacuation Pause) 162M->15M(266M) 6.643ms
[27.517s][info][gc,cpu         ] GC(284) User=0.00s Sys=0.02s Real=0.01s
[27.591s][info][gc,start       ] GC(285) Pause Young (Normal) (G1 Evacuation Pause)
[27.591s][info][gc,task        ] GC(285) Using 6 workers of 33 for evacuation
[27.599s][info][gc,phases      ] GC(285)   Pre Evacuate Collection Set: 0.1ms
[27.599s][info][gc,phases      ] GC(285)   Merge Heap Roots: 0.1ms
[27.599s][info][gc,phases      ] GC(285)   Evacuate Collection Set: 7.4ms
[27.599s][info][gc,phases      ] GC(285)   Post Evacuate Collection Set: 0.3ms
[27.599s][info][gc,phases      ] GC(285)   Other: 0.1ms
[27.599s][info][gc,heap        ] GC(285) Eden regions: 147->0(151)
[27.599s][info][gc,heap        ] GC(285) Survivor regions: 12->8(20)
[27.599s][info][gc,heap        ] GC(285) Old regions: 7->11
[27.599s][info][gc,heap        ] GC(285) Archive regions: 0->0
[27.599s][info][gc,heap        ] GC(285) Humongous regions: 0->0
[27.599s][info][gc,metaspace   ] GC(285) Metaspace: 8600K(8832K)->8600K(8832K) NonClass: 7447K(7552K)->7447K(7552K) Class: 1153K(1280K)->1153K(1280K)
[27.599s][info][gc             ] GC(285) Pause Young (Normal) (G1 Evacuation Pause) 162M->16M(266M) 8.346ms
[27.599s][info][gc,cpu         ] GC(285) User=0.00s Sys=0.00s Real=0.00s
[27.681s][info][gc,start       ] GC(286) Pause Young (Normal) (G1 Evacuation Pause)
[27.681s][info][gc,task        ] GC(286) Using 6 workers of 33 for evacuation
[27.688s][info][gc,phases      ] GC(286)   Pre Evacuate Collection Set: 0.1ms
[27.688s][info][gc,phases      ] GC(286)   Merge Heap Roots: 0.1ms
[27.688s][info][gc,phases      ] GC(286)   Evacuate Collection Set: 5.9ms
[27.688s][info][gc,phases      ] GC(286)   Post Evacuate Collection Set: 0.3ms
[27.688s][info][gc,phases      ] GC(286)   Other: 0.1ms
[27.688s][info][gc,heap        ] GC(286) Eden regions: 151->0(151)
[27.688s][info][gc,heap        ] GC(286) Survivor regions: 8->8(20)
[27.688s][info][gc,heap        ] GC(286) Old regions: 11->11
[27.688s][info][gc,heap        ] GC(286) Archive regions: 0->0
[27.688s][info][gc,heap        ] GC(286) Humongous regions: 0->0
[27.688s][info][gc,metaspace   ] GC(286) Metaspace: 8600K(8832K)->8600K(8832K) NonClass: 7447K(7552K)->7447K(7552K) Class: 1153K(1280K)->1153K(1280K)
[27.688s][info][gc             ] GC(286) Pause Young (Normal) (G1 Evacuation Pause) 167M->15M(266M) 6.976ms
[27.688s][info][gc,cpu         ] GC(286) User=0.06s Sys=0.00s Real=0.02s
[27.764s][info][gc,start       ] GC(287) Pause Young (Normal) (G1 Evacuation Pause)
[27.764s][info][gc,task        ] GC(287) Using 6 workers of 33 for evacuation
[27.770s][info][gc,phases      ] GC(287)   Pre Evacuate Collection Set: 0.1ms
[27.770s][info][gc,phases      ] GC(287)   Merge Heap Roots: 0.1ms
[27.770s][info][gc,phases      ] GC(287)   Evacuate Collection Set: 5.3ms
[27.770s][info][gc,phases      ] GC(287)   Post Evacuate Collection Set: 0.3ms
[27.770s][info][gc,phases      ] GC(287)   Other: 0.1ms
[27.770s][info][gc,heap        ] GC(287) Eden regions: 151->0(150)
[27.770s][info][gc,heap        ] GC(287) Survivor regions: 8->9(20)
[27.770s][info][gc,heap        ] GC(287) Old regions: 11->11
[27.770s][info][gc,heap        ] GC(287) Archive regions: 0->0
[27.770s][info][gc,heap        ] GC(287) Humongous regions: 0->0
[27.770s][info][gc,metaspace   ] GC(287) Metaspace: 8600K(8832K)->8600K(8832K) NonClass: 7447K(7552K)->7447K(7552K) Class: 1153K(1280K)->1153K(1280K)
[27.770s][info][gc             ] GC(287) Pause Young (Normal) (G1 Evacuation Pause) 166M->16M(266M) 6.299ms
[27.770s][info][gc,cpu         ] GC(287) User=0.00s Sys=0.00s Real=0.00s
[27.847s][info][gc,start       ] GC(288) Pause Young (Normal) (G1 Evacuation Pause)
[27.847s][info][gc,task        ] GC(288) Using 6 workers of 33 for evacuation
[27.853s][info][gc,phases      ] GC(288)   Pre Evacuate Collection Set: 0.1ms
[27.854s][info][gc,phases      ] GC(288)   Merge Heap Roots: 0.1ms
[27.854s][info][gc,phases      ] GC(288)   Evacuate Collection Set: 5.5ms
[27.854s][info][gc,phases      ] GC(288)   Post Evacuate Collection Set: 0.3ms
[27.854s][info][gc,phases      ] GC(288)   Other: 0.1ms
[27.854s][info][gc,heap        ] GC(288) Eden regions: 150->0(150)
[27.854s][info][gc,heap        ] GC(288) Survivor regions: 9->9(20)
[27.854s][info][gc,heap        ] GC(288) Old regions: 11->11
[27.854s][info][gc,heap        ] GC(288) Archive regions: 0->0
[27.854s][info][gc,heap        ] GC(288) Humongous regions: 0->0
[27.854s][info][gc,metaspace   ] GC(288) Metaspace: 8600K(8832K)->8600K(8832K) NonClass: 7447K(7552K)->7447K(7552K) Class: 1153K(1280K)->1153K(1280K)
[27.854s][info][gc             ] GC(288) Pause Young (Normal) (G1 Evacuation Pause) 166M->16M(266M) 6.524ms
[27.854s][info][gc,cpu         ] GC(288) User=0.00s Sys=0.00s Real=0.00s
[27.965s][info][gc,start       ] GC(289) Pause Young (Normal) (G1 Evacuation Pause)
[27.966s][info][gc,task        ] GC(289) Using 6 workers of 33 for evacuation
[27.982s][info][gc,phases      ] GC(289)   Pre Evacuate Collection Set: 0.1ms
[27.982s][info][gc,phases      ] GC(289)   Merge Heap Roots: 0.1ms
[27.982s][info][gc,phases      ] GC(289)   Evacuate Collection Set: 15.6ms
[27.982s][info][gc,phases      ] GC(289)   Post Evacuate Collection Set: 0.3ms
[27.982s][info][gc,phases      ] GC(289)   Other: 0.1ms
[27.982s][info][gc,heap        ] GC(289) Eden regions: 150->0(139)
[27.982s][info][gc,heap        ] GC(289) Survivor regions: 9->20(20)
[27.982s][info][gc,heap        ] GC(289) Old regions: 11->11
[27.982s][info][gc,heap        ] GC(289) Archive regions: 0->0
[27.982s][info][gc,heap        ] GC(289) Humongous regions: 3->3
[27.982s][info][gc,metaspace   ] GC(289) Metaspace: 8600K(8832K)->8600K(8832K) NonClass: 7447K(7552K)->7447K(7552K) Class: 1153K(1280K)->1153K(1280K)
[27.982s][info][gc             ] GC(289) Pause Young (Normal) (G1 Evacuation Pause) 169M->30M(266M) 16.586ms
[27.982s][info][gc,cpu         ] GC(289) User=0.09s Sys=0.00s Real=0.02s
[28.058s][info][gc,start       ] GC(290) Pause Young (Normal) (G1 Evacuation Pause)
[28.058s][info][gc,task        ] GC(290) Using 6 workers of 33 for evacuation
[28.069s][info][gc,phases      ] GC(290)   Pre Evacuate Collection Set: 0.1ms
[28.069s][info][gc,phases      ] GC(290)   Merge Heap Roots: 0.1ms
[28.069s][info][gc,phases      ] GC(290)   Evacuate Collection Set: 10.6ms
[28.069s][info][gc,phases      ] GC(290)   Post Evacuate Collection Set: 0.3ms
[28.069s][info][gc,phases      ] GC(290)   Other: 0.1ms
[28.069s][info][gc,heap        ] GC(290) Eden regions: 139->0(158)
[28.069s][info][gc,heap        ] GC(290) Survivor regions: 20->1(20)
[28.069s][info][gc,heap        ] GC(290) Old regions: 11->30
[28.069s][info][gc,heap        ] GC(290) Archive regions: 0->0
[28.069s][info][gc,heap        ] GC(290) Humongous regions: 3->3
[28.069s][info][gc,metaspace   ] GC(290) Metaspace: 8600K(8832K)->8600K(8832K) NonClass: 7447K(7552K)->7447K(7552K) Class: 1153K(1280K)->1153K(1280K)
[28.069s][info][gc             ] GC(290) Pause Young (Normal) (G1 Evacuation Pause) 169M->30M(266M) 11.702ms
[28.069s][info][gc,cpu         ] GC(290) User=0.09s Sys=0.00s Real=0.02s
[28.148s][info][gc,start       ] GC(291) Pause Young (Normal) (G1 Evacuation Pause)
[28.148s][info][gc,task        ] GC(291) Using 6 workers of 33 for evacuation
[28.150s][info][gc,phases      ] GC(291)   Pre Evacuate Collection Set: 0.1ms
[28.150s][info][gc,phases      ] GC(291)   Merge Heap Roots: 0.1ms
[28.150s][info][gc,phases      ] GC(291)   Evacuate Collection Set: 0.9ms
[28.150s][info][gc,phases      ] GC(291)   Post Evacuate Collection Set: 0.6ms
[28.150s][info][gc,phases      ] GC(291)   Other: 0.1ms
[28.150s][info][gc,heap        ] GC(291) Eden regions: 158->0(170)
[28.150s][info][gc,heap        ] GC(291) Survivor regions: 1->2(20)
[28.150s][info][gc,heap        ] GC(291) Old regions: 30->30
[28.150s][info][gc,heap        ] GC(291) Archive regions: 0->0
[28.150s][info][gc,heap        ] GC(291) Humongous regions: 3->3
[28.150s][info][gc,metaspace   ] GC(291) Metaspace: 8600K(8832K)->8600K(8832K) NonClass: 7447K(7552K)->7447K(7552K) Class: 1153K(1280K)->1153K(1280K)
[28.150s][info][gc             ] GC(291) Pause Young (Normal) (G1 Evacuation Pause) 188M->31M(287M) 2.205ms
[28.150s][info][gc,cpu         ] GC(291) User=0.00s Sys=0.00s Real=0.00s
[28.247s][info][gc,start       ] GC(292) Pause Young (Normal) (G1 Evacuation Pause)
[28.247s][info][gc,task        ] GC(292) Using 6 workers of 33 for evacuation
[28.252s][info][gc,phases      ] GC(292)   Pre Evacuate Collection Set: 0.1ms
[28.252s][info][gc,phases      ] GC(292)   Merge Heap Roots: 0.1ms
[28.252s][info][gc,phases      ] GC(292)   Evacuate Collection Set: 4.2ms
[28.252s][info][gc,phases      ] GC(292)   Post Evacuate Collection Set: 0.3ms
[28.252s][info][gc,phases      ] GC(292)   Other: 0.1ms
[28.252s][info][gc,heap        ] GC(292) Eden regions: 170->0(166)
[28.252s][info][gc,heap        ] GC(292) Survivor regions: 2->6(22)
[28.252s][info][gc,heap        ] GC(292) Old regions: 30->30
[28.252s][info][gc,heap        ] GC(292) Archive regions: 0->0
[28.252s][info][gc,heap        ] GC(292) Humongous regions: 3->3
[28.252s][info][gc,metaspace   ] GC(292) Metaspace: 8600K(8832K)->8600K(8832K) NonClass: 7447K(7552K)->7447K(7552K) Class: 1153K(1280K)->1153K(1280K)
[28.252s][info][gc             ] GC(292) Pause Young (Normal) (G1 Evacuation Pause) 201M->35M(287M) 5.283ms
[28.252s][info][gc,cpu         ] GC(292) User=0.00s Sys=0.00s Real=0.00s
[28.336s][info][gc,start       ] GC(293) Pause Young (Normal) (G1 Evacuation Pause)
[28.336s][info][gc,task        ] GC(293) Using 6 workers of 33 for evacuation
[28.340s][info][gc,phases      ] GC(293)   Pre Evacuate Collection Set: 0.1ms
[28.340s][info][gc,phases      ] GC(293)   Merge Heap Roots: 0.1ms
[28.340s][info][gc,phases      ] GC(293)   Evacuate Collection Set: 4.1ms
[28.341s][info][gc,phases      ] GC(293)   Post Evacuate Collection Set: 0.3ms
[28.341s][info][gc,phases      ] GC(293)   Other: 0.1ms
[28.341s][info][gc,heap        ] GC(293) Eden regions: 166->0(165)
[28.341s][info][gc,heap        ] GC(293) Survivor regions: 6->7(22)
[28.341s][info][gc,heap        ] GC(293) Old regions: 30->30
[28.341s][info][gc,heap        ] GC(293) Archive regions: 0->0
[28.341s][info][gc,heap        ] GC(293) Humongous regions: 3->3
[28.341s][info][gc,metaspace   ] GC(293) Metaspace: 8600K(8832K)->8600K(8832K) NonClass: 7447K(7552K)->7447K(7552K) Class: 1153K(1280K)->1153K(1280K)
[28.341s][info][gc             ] GC(293) Pause Young (Normal) (G1 Evacuation Pause) 201M->36M(287M) 5.121ms
[28.341s][info][gc,cpu         ] GC(293) User=0.05s Sys=0.00s Real=0.01s
[28.429s][info][gc,start       ] GC(294) Pause Young (Normal) (G1 Evacuation Pause)
[28.429s][info][gc,task        ] GC(294) Using 6 workers of 33 for evacuation
[28.434s][info][gc,phases      ] GC(294)   Pre Evacuate Collection Set: 0.1ms
[28.434s][info][gc,phases      ] GC(294)   Merge Heap Roots: 0.1ms
[28.434s][info][gc,phases      ] GC(294)   Evacuate Collection Set: 4.7ms
[28.434s][info][gc,phases      ] GC(294)   Post Evacuate Collection Set: 0.3ms
[28.434s][info][gc,phases      ] GC(294)   Other: 0.1ms
[28.434s][info][gc,heap        ] GC(294) Eden regions: 165->0(165)
[28.434s][info][gc,heap        ] GC(294) Survivor regions: 7->7(22)
[28.434s][info][gc,heap        ] GC(294) Old regions: 30->30
[28.434s][info][gc,heap        ] GC(294) Archive regions: 0->0
[28.434s][info][gc,heap        ] GC(294) Humongous regions: 3->3
[28.434s][info][gc,metaspace   ] GC(294) Metaspace: 8600K(8832K)->8600K(8832K) NonClass: 7447K(7552K)->7447K(7552K) Class: 1153K(1280K)->1153K(1280K)
[28.434s][info][gc             ] GC(294) Pause Young (Normal) (G1 Evacuation Pause) 201M->36M(287M) 5.795ms
[28.435s][info][gc,cpu         ] GC(294) User=0.02s Sys=0.00s Real=0.02s
[28.519s][info][gc,start       ] GC(295) Pause Young (Normal) (G1 Evacuation Pause)
[28.519s][info][gc,task        ] GC(295) Using 6 workers of 33 for evacuation
[28.524s][info][gc,phases      ] GC(295)   Pre Evacuate Collection Set: 0.1ms
[28.524s][info][gc,phases      ] GC(295)   Merge Heap Roots: 0.1ms
[28.524s][info][gc,phases      ] GC(295)   Evacuate Collection Set: 4.9ms
[28.524s][info][gc,phases      ] GC(295)   Post Evacuate Collection Set: 0.3ms
[28.524s][info][gc,phases      ] GC(295)   Other: 0.1ms
[28.524s][info][gc,heap        ] GC(295) Eden regions: 165->0(164)
[28.524s][info][gc,heap        ] GC(295) Survivor regions: 7->8(22)
[28.524s][info][gc,heap        ] GC(295) Old regions: 30->30
[28.524s][info][gc,heap        ] GC(295) Archive regions: 0->0
[28.524s][info][gc,heap        ] GC(295) Humongous regions: 3->3
[28.524s][info][gc,metaspace   ] GC(295) Metaspace: 8600K(8832K)->8600K(8832K) NonClass: 7447K(7552K)->7447K(7552K) Class: 1153K(1280K)->1153K(1280K)
[28.525s][info][gc             ] GC(295) Pause Young (Normal) (G1 Evacuation Pause) 201M->37M(287M) 5.968ms
[28.525s][info][gc,cpu         ] GC(295) User=0.00s Sys=0.00s Real=0.01s
[28.621s][info][gc,start       ] GC(296) Pause Young (Normal) (G1 Evacuation Pause)
[28.621s][info][gc,task        ] GC(296) Using 6 workers of 33 for evacuation
[28.631s][info][gc,phases      ] GC(296)   Pre Evacuate Collection Set: 0.1ms
[28.631s][info][gc,phases      ] GC(296)   Merge Heap Roots: 0.1ms
[28.631s][info][gc,phases      ] GC(296)   Evacuate Collection Set: 8.9ms
[28.631s][info][gc,phases      ] GC(296)   Post Evacuate Collection Set: 0.3ms
[28.631s][info][gc,phases      ] GC(296)   Other: 0.1ms
[28.631s][info][gc,heap        ] GC(296) Eden regions: 164->0(159)
[28.631s][info][gc,heap        ] GC(296) Survivor regions: 8->13(22)
[28.631s][info][gc,heap        ] GC(296) Old regions: 30->30
[28.631s][info][gc,heap        ] GC(296) Archive regions: 0->0
[28.631s][info][gc,heap        ] GC(296) Humongous regions: 3->3
[28.631s][info][gc,metaspace   ] GC(296) Metaspace: 8600K(8832K)->8600K(8832K) NonClass: 7447K(7552K)->7447K(7552K) Class: 1153K(1280K)->1153K(1280K)
[28.631s][info][gc             ] GC(296) Pause Young (Normal) (G1 Evacuation Pause) 201M->42M(287M) 9.964ms
[28.631s][info][gc,cpu         ] GC(296) User=0.09s Sys=0.00s Real=0.01s
[28.716s][info][gc,start       ] GC(297) Pause Young (Normal) (G1 Evacuation Pause)
[28.716s][info][gc,task        ] GC(297) Using 6 workers of 33 for evacuation
[28.724s][info][gc,phases      ] GC(297)   Pre Evacuate Collection Set: 0.1ms
[28.724s][info][gc,phases      ] GC(297)   Merge Heap Roots: 0.1ms
[28.724s][info][gc,phases      ] GC(297)   Evacuate Collection Set: 7.1ms
[28.724s][info][gc,phases      ] GC(297)   Post Evacuate Collection Set: 0.3ms
[28.724s][info][gc,phases      ] GC(297)   Other: 0.1ms
[28.724s][info][gc,heap        ] GC(297) Eden regions: 159->0(159)
[28.724s][info][gc,heap        ] GC(297) Survivor regions: 13->13(22)
[28.724s][info][gc,heap        ] GC(297) Old regions: 30->31
[28.724s][info][gc,heap        ] GC(297) Archive regions: 0->0
[28.724s][info][gc,heap        ] GC(297) Humongous regions: 3->3
[28.724s][info][gc,metaspace   ] GC(297) Metaspace: 8600K(8832K)->8600K(8832K) NonClass: 7447K(7552K)->7447K(7552K) Class: 1153K(1280K)->1153K(1280K)
[28.725s][info][gc             ] GC(297) Pause Young (Normal) (G1 Evacuation Pause) 201M->43M(287M) 8.245ms
[28.725s][info][gc,cpu         ] GC(297) User=0.09s Sys=0.00s Real=0.01s
[28.839s][info][gc,start       ] GC(298) Pause Young (Normal) (G1 Evacuation Pause)
[28.839s][info][gc,task        ] GC(298) Using 6 workers of 33 for evacuation
[28.847s][info][gc,phases      ] GC(298)   Pre Evacuate Collection Set: 0.1ms
[28.847s][info][gc,phases      ] GC(298)   Merge Heap Roots: 0.1ms
[28.847s][info][gc,phases      ] GC(298)   Evacuate Collection Set: 8.1ms
[28.847s][info][gc,phases      ] GC(298)   Post Evacuate Collection Set: 0.3ms
[28.848s][info][gc,phases      ] GC(298)   Other: 0.1ms
[28.848s][info][gc,heap        ] GC(298) Eden regions: 159->0(163)
[28.848s][info][gc,heap        ] GC(298) Survivor regions: 13->9(22)
[28.848s][info][gc,heap        ] GC(298) Old regions: 31->35
[28.848s][info][gc,heap        ] GC(298) Archive regions: 0->0
[28.848s][info][gc,heap        ] GC(298) Humongous regions: 3->3
[28.848s][info][gc,metaspace   ] GC(298) Metaspace: 8600K(8832K)->8600K(8832K) NonClass: 7447K(7552K)->7447K(7552K) Class: 1153K(1280K)->1153K(1280K)
[28.848s][info][gc             ] GC(298) Pause Young (Normal) (G1 Evacuation Pause) 202M->43M(287M) 9.184ms
[28.848s][info][gc,cpu         ] GC(298) User=0.09s Sys=0.00s Real=0.01s
[28.938s][info][gc,start       ] GC(299) Pause Young (Normal) (G1 Evacuation Pause)
[28.938s][info][gc,task        ] GC(299) Using 6 workers of 33 for evacuation
[28.945s][info][gc,phases      ] GC(299)   Pre Evacuate Collection Set: 0.1ms
[28.945s][info][gc,phases      ] GC(299)   Merge Heap Roots: 0.1ms
[28.945s][info][gc,phases      ] GC(299)   Evacuate Collection Set: 6.3ms
[28.945s][info][gc,phases      ] GC(299)   Post Evacuate Collection Set: 0.3ms
[28.945s][info][gc,phases      ] GC(299)   Other: 0.1ms
[28.945s][info][gc,heap        ] GC(299) Eden regions: 163->0(162)
[28.945s][info][gc,heap        ] GC(299) Survivor regions: 9->10(22)
[28.945s][info][gc,heap        ] GC(299) Old regions: 35->35
[28.946s][info][gc,heap        ] GC(299) Archive regions: 0->0
[28.946s][info][gc,heap        ] GC(299) Humongous regions: 3->3
[28.946s][info][gc,metaspace   ] GC(299) Metaspace: 8600K(8832K)->8600K(8832K) NonClass: 7447K(7552K)->7447K(7552K) Class: 1153K(1280K)->1153K(1280K)
[28.946s][info][gc             ] GC(299) Pause Young (Normal) (G1 Evacuation Pause) 206M->44M(287M) 7.404ms
[28.946s][info][gc,cpu         ] GC(299) User=0.09s Sys=0.00s Real=0.01s
[29.042s][info][gc,start       ] GC(300) Pause Young (Normal) (G1 Evacuation Pause)
[29.043s][info][gc,task        ] GC(300) Using 6 workers of 33 for evacuation
[29.048s][info][gc,phases      ] GC(300)   Pre Evacuate Collection Set: 0.1ms
[29.049s][info][gc,phases      ] GC(300)   Merge Heap Roots: 0.1ms
[29.049s][info][gc,phases      ] GC(300)   Evacuate Collection Set: 5.2ms
[29.049s][info][gc,phases      ] GC(300)   Post Evacuate Collection Set: 0.3ms
[29.049s][info][gc,phases      ] GC(300)   Other: 0.1ms
[29.049s][info][gc,heap        ] GC(300) Eden regions: 162->0(161)
[29.049s][info][gc,heap        ] GC(300) Survivor regions: 10->11(22)
[29.049s][info][gc,heap        ] GC(300) Old regions: 35->35
[29.049s][info][gc,heap        ] GC(300) Archive regions: 0->0
[29.049s][info][gc,heap        ] GC(300) Humongous regions: 3->3
[29.049s][info][gc,metaspace   ] GC(300) Metaspace: 8600K(8832K)->8600K(8832K) NonClass: 7447K(7552K)->7447K(7552K) Class: 1153K(1280K)->1153K(1280K)
[29.049s][info][gc             ] GC(300) Pause Young (Normal) (G1 Evacuation Pause) 206M->45M(287M) 6.340ms
[29.049s][info][gc,cpu         ] GC(300) User=0.09s Sys=0.00s Real=0.01s
[29.160s][info][gc,start       ] GC(301) Pause Young (Normal) (G1 Evacuation Pause)
[29.161s][info][gc,task        ] GC(301) Using 6 workers of 33 for evacuation
[29.167s][info][gc,phases      ] GC(301)   Pre Evacuate Collection Set: 0.1ms
[29.167s][info][gc,phases      ] GC(301)   Merge Heap Roots: 0.1ms
[29.167s][info][gc,phases      ] GC(301)   Evacuate Collection Set: 5.5ms
[29.167s][info][gc,phases      ] GC(301)   Post Evacuate Collection Set: 0.3ms
[29.167s][info][gc,phases      ] GC(301)   Other: 0.1ms
[29.167s][info][gc,heap        ] GC(301) Eden regions: 161->0(161)
[29.167s][info][gc,heap        ] GC(301) Survivor regions: 11->11(22)
[29.167s][info][gc,heap        ] GC(301) Old regions: 35->35
[29.167s][info][gc,heap        ] GC(301) Archive regions: 0->0
[29.167s][info][gc,heap        ] GC(301) Humongous regions: 3->3
[29.167s][info][gc,metaspace   ] GC(301) Metaspace: 8600K(8832K)->8600K(8832K) NonClass: 7447K(7552K)->7447K(7552K) Class: 1153K(1280K)->1153K(1280K)
[29.167s][info][gc             ] GC(301) Pause Young (Normal) (G1 Evacuation Pause) 206M->45M(287M) 6.734ms
[29.167s][info][gc,cpu         ] GC(301) User=0.00s Sys=0.00s Real=0.01s
[29.269s][info][gc,start       ] GC(302) Pause Young (Normal) (G1 Evacuation Pause)
[29.269s][info][gc,task        ] GC(302) Using 6 workers of 33 for evacuation
[29.277s][info][gc,phases      ] GC(302)   Pre Evacuate Collection Set: 0.1ms
[29.277s][info][gc,phases      ] GC(302)   Merge Heap Roots: 0.1ms
[29.277s][info][gc,phases      ] GC(302)   Evacuate Collection Set: 7.5ms
[29.277s][info][gc,phases      ] GC(302)   Post Evacuate Collection Set: 0.3ms
[29.277s][info][gc,phases      ] GC(302)   Other: 0.1ms
[29.277s][info][gc,heap        ] GC(302) Eden regions: 161->0(161)
[29.277s][info][gc,heap        ] GC(302) Survivor regions: 11->11(22)
[29.277s][info][gc,heap        ] GC(302) Old regions: 35->35
[29.278s][info][gc,heap        ] GC(302) Archive regions: 0->0
[29.278s][info][gc,heap        ] GC(302) Humongous regions: 3->3
[29.278s][info][gc,metaspace   ] GC(302) Metaspace: 8600K(8832K)->8600K(8832K) NonClass: 7447K(7552K)->7447K(7552K) Class: 1153K(1280K)->1153K(1280K)
[29.278s][info][gc             ] GC(302) Pause Young (Normal) (G1 Evacuation Pause) 206M->45M(287M) 8.600ms
[29.278s][info][gc,cpu         ] GC(302) User=0.00s Sys=0.00s Real=0.01s
[29.361s][info][gc,start       ] GC(303) Pause Young (Normal) (G1 Evacuation Pause)
[29.361s][info][gc,task        ] GC(303) Using 6 workers of 33 for evacuation
[29.369s][info][gc,phases      ] GC(303)   Pre Evacuate Collection Set: 0.1ms
[29.369s][info][gc,phases      ] GC(303)   Merge Heap Roots: 0.1ms
[29.369s][info][gc,phases      ] GC(303)   Evacuate Collection Set: 7.4ms
[29.369s][info][gc,phases      ] GC(303)   Post Evacuate Collection Set: 0.3ms
[29.369s][info][gc,phases      ] GC(303)   Other: 0.1ms
[29.369s][info][gc,heap        ] GC(303) Eden regions: 161->0(160)
[29.369s][info][gc,heap        ] GC(303) Survivor regions: 11->12(22)
[29.369s][info][gc,heap        ] GC(303) Old regions: 35->35
[29.369s][info][gc,heap        ] GC(303) Archive regions: 0->0
[29.369s][info][gc,heap        ] GC(303) Humongous regions: 3->3
[29.369s][info][gc,metaspace   ] GC(303) Metaspace: 8600K(8832K)->8600K(8832K) NonClass: 7447K(7552K)->7447K(7552K) Class: 1153K(1280K)->1153K(1280K)
[29.369s][info][gc             ] GC(303) Pause Young (Normal) (G1 Evacuation Pause) 206M->46M(287M) 8.464ms
[29.369s][info][gc,cpu         ] GC(303) User=0.00s Sys=0.00s Real=0.01s
[29.580s][info][gc,start       ] GC(304) Pause Young (Normal) (G1 Evacuation Pause)
[29.580s][info][gc,task        ] GC(304) Using 6 workers of 33 for evacuation
[29.621s][info][gc,phases      ] GC(304)   Pre Evacuate Collection Set: 0.1ms
[29.621s][info][gc,phases      ] GC(304)   Merge Heap Roots: 0.3ms
[29.621s][info][gc,phases      ] GC(304)   Evacuate Collection Set: 40.6ms
[29.621s][info][gc,phases      ] GC(304)   Post Evacuate Collection Set: 0.3ms
[29.621s][info][gc,phases      ] GC(304)   Other: 0.1ms
[29.621s][info][gc,heap        ] GC(304) Eden regions: 160->0(122)
[29.621s][info][gc,heap        ] GC(304) Survivor regions: 12->22(22)
[29.621s][info][gc,heap        ] GC(304) Old regions: 35->68
[29.622s][info][gc,heap        ] GC(304) Archive regions: 0->0
[29.622s][info][gc,heap        ] GC(304) Humongous regions: 16->16
[29.622s][info][gc,metaspace   ] GC(304) Metaspace: 8600K(8832K)->8600K(8832K) NonClass: 7447K(7552K)->7447K(7552K) Class: 1153K(1280K)->1153K(1280K)
[29.622s][info][gc             ] GC(304) Pause Young (Normal) (G1 Evacuation Pause) 219M->102M(287M) 42.048ms
[29.622s][info][gc,cpu         ] GC(304) User=0.28s Sys=0.00s Real=0.05s
[29.853s][info][gc,start       ] GC(305) Pause Full (System.gc())
[29.853s][info][gc,task        ] GC(305) Using 6 workers of 33 for full compaction
[29.853s][info][gc,phases,start] GC(305) Phase 1: Mark live objects
[29.856s][info][gc,phases      ] GC(305) Phase 1: Mark live objects 3.230ms
[29.856s][info][gc,phases,start] GC(305) Phase 2: Prepare compaction
[29.857s][info][gc,phases      ] GC(305) Phase 2: Prepare compaction 1.079ms
[29.858s][info][gc,phases,start] GC(305) Phase 3: Adjust pointers
[29.860s][info][gc,phases      ] GC(305) Phase 3: Adjust pointers 2.613ms
[29.860s][info][gc,phases,start] GC(305) Phase 4: Compact heap
[29.861s][info][gc,phases      ] GC(305) Phase 4: Compact heap 0.790ms
[29.864s][info][gc,heap        ] GC(305) Eden regions: 47->0(7)
[29.864s][info][gc,heap        ] GC(305) Survivor regions: 22->0(22)
[29.864s][info][gc,heap        ] GC(305) Old regions: 68->7
[29.864s][info][gc,heap        ] GC(305) Archive regions: 0->0
[29.864s][info][gc,heap        ] GC(305) Humongous regions: 22->0
[29.864s][info][gc,metaspace   ] GC(305) Metaspace: 8601K(8832K)->8601K(8832K) NonClass: 7448K(7552K)->7448K(7552K) Class: 1153K(1280K)->1153K(1280K)
[29.864s][info][gc             ] GC(305) Pause Full (System.gc()) 155M->3M(24M) 11.175ms
[29.864s][info][gc,cpu         ] GC(305) User=0.00s Sys=0.00s Real=0.00s
[29.869s][info][gc,start       ] GC(306) Pause Young (Normal) (G1 Evacuation Pause)
[29.869s][info][gc,task        ] GC(306) Using 4 workers of 33 for evacuation
[29.871s][info][gc,phases      ] GC(306)   Pre Evacuate Collection Set: 0.0ms
[29.871s][info][gc,phases      ] GC(306)   Merge Heap Roots: 0.0ms
[29.871s][info][gc,phases      ] GC(306)   Evacuate Collection Set: 0.3ms
[29.871s][info][gc,phases      ] GC(306)   Post Evacuate Collection Set: 1.2ms
[29.871s][info][gc,phases      ] GC(306)   Other: 0.1ms
[29.871s][info][gc,heap        ] GC(306) Eden regions: 7->0(159)
[29.871s][info][gc,heap        ] GC(306) Survivor regions: 0->1(1)
[29.871s][info][gc,heap        ] GC(306) Old regions: 7->8
[29.871s][info][gc,heap        ] GC(306) Archive regions: 0->0
[29.871s][info][gc,heap        ] GC(306) Humongous regions: 0->0
[29.871s][info][gc,metaspace   ] GC(306) Metaspace: 8604K(8832K)->8604K(8832K) NonClass: 7450K(7552K)->7450K(7552K) Class: 1153K(1280K)->1153K(1280K)
[29.871s][info][gc             ] GC(306) Pause Young (Normal) (G1 Evacuation Pause) 10M->5M(268M) 2.096ms
[29.871s][info][gc,cpu         ] GC(306) User=0.00s Sys=0.00s Real=0.00s
[29.952s][info][gc,start       ] GC(307) Pause Young (Normal) (G1 Evacuation Pause)
[29.952s][info][gc,task        ] GC(307) Using 6 workers of 33 for evacuation
[29.953s][info][gc,phases      ] GC(307)   Pre Evacuate Collection Set: 0.1ms
[29.954s][info][gc,phases      ] GC(307)   Merge Heap Roots: 0.1ms
[29.954s][info][gc,phases      ] GC(307)   Evacuate Collection Set: 0.7ms
[29.954s][info][gc,phases      ] GC(307)   Post Evacuate Collection Set: 0.3ms
[29.954s][info][gc,phases      ] GC(307)   Other: 0.1ms
[29.954s][info][gc,heap        ] GC(307) Eden regions: 159->0(158)
[29.954s][info][gc,heap        ] GC(307) Survivor regions: 1->2(20)
[29.954s][info][gc,heap        ] GC(307) Old regions: 8->8
[29.954s][info][gc,heap        ] GC(307) Archive regions: 0->0
[29.954s][info][gc,heap        ] GC(307) Humongous regions: 0->0
[29.954s][info][gc,metaspace   ] GC(307) Metaspace: 8604K(8832K)->8604K(8832K) NonClass: 7450K(7552K)->7450K(7552K) Class: 1153K(1280K)->1153K(1280K)
[29.954s][info][gc             ] GC(307) Pause Young (Normal) (G1 Evacuation Pause) 164M->5M(268M) 1.714ms
[29.954s][info][gc,cpu         ] GC(307) User=0.00s Sys=0.00s Real=0.00s
[30.049s][info][gc,start       ] GC(308) Pause Young (Normal) (G1 Evacuation Pause)
[30.049s][info][gc,task        ] GC(308) Using 6 workers of 33 for evacuation
[30.051s][info][gc,phases      ] GC(308)   Pre Evacuate Collection Set: 0.1ms
[30.051s][info][gc,phases      ] GC(308)   Merge Heap Roots: 0.1ms
[30.051s][info][gc,phases      ] GC(308)   Evacuate Collection Set: 1.0ms
[30.051s][info][gc,phases      ] GC(308)   Post Evacuate Collection Set: 0.3ms
[30.051s][info][gc,phases      ] GC(308)   Other: 0.1ms
[30.051s][info][gc,heap        ] GC(308) Eden regions: 158->0(158)
[30.051s][info][gc,heap        ] GC(308) Survivor regions: 2->2(20)
[30.051s][info][gc,heap        ] GC(308) Old regions: 8->8
[30.051s][info][gc,heap        ] GC(308) Archive regions: 0->0
[30.051s][info][gc,heap        ] GC(308) Humongous regions: 0->0
[30.051s][info][gc,metaspace   ] GC(308) Metaspace: 8604K(8832K)->8604K(8832K) NonClass: 7450K(7552K)->7450K(7552K) Class: 1153K(1280K)->1153K(1280K)
[30.051s][info][gc             ] GC(308) Pause Young (Normal) (G1 Evacuation Pause) 163M->5M(268M) 1.999ms
[30.051s][info][gc,cpu         ] GC(308) User=0.00s Sys=0.00s Real=0.00s
[30.151s][info][gc,start       ] GC(309) Pause Young (Normal) (G1 Evacuation Pause)
[30.165s][info][gc,task        ] GC(309) Using 6 workers of 33 for evacuation
[30.167s][info][gc,phases      ] GC(309)   Pre Evacuate Collection Set: 0.1ms
[30.168s][info][gc,phases      ] GC(309)   Merge Heap Roots: 0.1ms
[30.168s][info][gc,phases      ] GC(309)   Evacuate Collection Set: 2.4ms
[30.168s][info][gc,phases      ] GC(309)   Post Evacuate Collection Set: 0.3ms
[30.168s][info][gc,phases      ] GC(309)   Other: 0.1ms
[30.168s][info][gc,heap        ] GC(309) Eden regions: 158->0(158)
[30.168s][info][gc,heap        ] GC(309) Survivor regions: 2->2(20)
[30.168s][info][gc,heap        ] GC(309) Old regions: 8->8
[30.168s][info][gc,heap        ] GC(309) Archive regions: 0->0
[30.168s][info][gc,heap        ] GC(309) Humongous regions: 0->0
[30.168s][info][gc,metaspace   ] GC(309) Metaspace: 8604K(8832K)->8604K(8832K) NonClass: 7450K(7552K)->7450K(7552K) Class: 1153K(1280K)->1153K(1280K)
[30.168s][info][gc             ] GC(309) Pause Young (Normal) (G1 Evacuation Pause) 163M->6M(268M) 16.487ms
[30.168s][info][gc,cpu         ] GC(309) User=0.05s Sys=0.00s Real=0.02s
[30.250s][info][gc,start       ] GC(310) Pause Young (Normal) (G1 Evacuation Pause)
[30.250s][info][gc,task        ] GC(310) Using 6 workers of 33 for evacuation
[30.252s][info][gc,phases      ] GC(310)   Pre Evacuate Collection Set: 0.1ms
[30.252s][info][gc,phases      ] GC(310)   Merge Heap Roots: 0.1ms
[30.252s][info][gc,phases      ] GC(310)   Evacuate Collection Set: 1.9ms
[30.253s][info][gc,phases      ] GC(310)   Post Evacuate Collection Set: 0.3ms
[30.253s][info][gc,phases      ] GC(310)   Other: 0.1ms
[30.253s][info][gc,heap        ] GC(310) Eden regions: 158->0(157)
[30.253s][info][gc,heap        ] GC(310) Survivor regions: 2->3(20)
[30.253s][info][gc,heap        ] GC(310) Old regions: 8->8
[30.253s][info][gc,heap        ] GC(310) Archive regions: 0->0
[30.253s][info][gc,heap        ] GC(310) Humongous regions: 0->0
[30.253s][info][gc,metaspace   ] GC(310) Metaspace: 8604K(8832K)->8604K(8832K) NonClass: 7450K(7552K)->7450K(7552K) Class: 1153K(1280K)->1153K(1280K)
[30.253s][info][gc             ] GC(310) Pause Young (Normal) (G1 Evacuation Pause) 164M->6M(268M) 2.862ms
[30.253s][info][gc,cpu         ] GC(310) User=0.02s Sys=0.00s Real=0.02s
[30.331s][info][gc,start       ] GC(311) Pause Young (Normal) (G1 Evacuation Pause)
[30.331s][info][gc,task        ] GC(311) Using 6 workers of 33 for evacuation
[30.334s][info][gc,phases      ] GC(311)   Pre Evacuate Collection Set: 0.1ms
[30.334s][info][gc,phases      ] GC(311)   Merge Heap Roots: 0.1ms
[30.334s][info][gc,phases      ] GC(311)   Evacuate Collection Set: 2.3ms
[30.334s][info][gc,phases      ] GC(311)   Post Evacuate Collection Set: 0.3ms
[30.334s][info][gc,phases      ] GC(311)   Other: 0.1ms
[30.334s][info][gc,heap        ] GC(311) Eden regions: 157->0(157)
[30.334s][info][gc,heap        ] GC(311) Survivor regions: 3->3(20)
[30.334s][info][gc,heap        ] GC(311) Old regions: 8->8
[30.334s][info][gc,heap        ] GC(311) Archive regions: 0->0
[30.334s][info][gc,heap        ] GC(311) Humongous regions: 0->0
[30.334s][info][gc,metaspace   ] GC(311) Metaspace: 8604K(8832K)->8604K(8832K) NonClass: 7450K(7552K)->7450K(7552K) Class: 1153K(1280K)->1153K(1280K)
[30.334s][info][gc             ] GC(311) Pause Young (Normal) (G1 Evacuation Pause) 163M->7M(268M) 3.213ms
[30.334s][info][gc,cpu         ] GC(311) User=0.00s Sys=0.00s Real=0.00s
[30.418s][info][gc,start       ] GC(312) Pause Young (Normal) (G1 Evacuation Pause)
[30.418s][info][gc,task        ] GC(312) Using 6 workers of 33 for evacuation
[30.422s][info][gc,phases      ] GC(312)   Pre Evacuate Collection Set: 0.1ms
[30.422s][info][gc,phases      ] GC(312)   Merge Heap Roots: 0.1ms
[30.422s][info][gc,phases      ] GC(312)   Evacuate Collection Set: 2.8ms
[30.422s][info][gc,phases      ] GC(312)   Post Evacuate Collection Set: 0.3ms
[30.422s][info][gc,phases      ] GC(312)   Other: 0.1ms
[30.422s][info][gc,heap        ] GC(312) Eden regions: 157->0(156)
[30.422s][info][gc,heap        ] GC(312) Survivor regions: 3->4(20)
[30.422s][info][gc,heap        ] GC(312) Old regions: 8->8
[30.422s][info][gc,heap        ] GC(312) Archive regions: 0->0
[30.422s][info][gc,heap        ] GC(312) Humongous regions: 0->0
[30.422s][info][gc,metaspace   ] GC(312) Metaspace: 8604K(8832K)->8604K(8832K) NonClass: 7450K(7552K)->7450K(7552K) Class: 1153K(1280K)->1153K(1280K)
[30.422s][info][gc             ] GC(312) Pause Young (Normal) (G1 Evacuation Pause) 164M->7M(268M) 3.856ms
[30.422s][info][gc,cpu         ] GC(312) User=0.00s Sys=0.00s Real=0.00s
[30.500s][info][gc,start       ] GC(313) Pause Young (Normal) (G1 Evacuation Pause)
[30.500s][info][gc,task        ] GC(313) Using 6 workers of 33 for evacuation
[30.503s][info][gc,phases      ] GC(313)   Pre Evacuate Collection Set: 0.1ms
[30.503s][info][gc,phases      ] GC(313)   Merge Heap Roots: 0.1ms
[30.503s][info][gc,phases      ] GC(313)   Evacuate Collection Set: 2.8ms
[30.503s][info][gc,phases      ] GC(313)   Post Evacuate Collection Set: 0.3ms
[30.503s][info][gc,phases      ] GC(313)   Other: 0.1ms
[30.503s][info][gc,heap        ] GC(313) Eden regions: 156->0(155)
[30.503s][info][gc,heap        ] GC(313) Survivor regions: 4->5(20)
[30.504s][info][gc,heap        ] GC(313) Old regions: 8->8
[30.504s][info][gc,heap        ] GC(313) Archive regions: 0->0
[30.504s][info][gc,heap        ] GC(313) Humongous regions: 0->0
[30.504s][info][gc,metaspace   ] GC(313) Metaspace: 8604K(8832K)->8604K(8832K) NonClass: 7450K(7552K)->7450K(7552K) Class: 1153K(1280K)->1153K(1280K)
[30.504s][info][gc             ] GC(313) Pause Young (Normal) (G1 Evacuation Pause) 163M->8M(268M) 3.818ms
[30.504s][info][gc,cpu         ] GC(313) User=0.09s Sys=0.00s Real=0.00s
[30.602s][info][gc,start       ] GC(314) Pause Young (Normal) (G1 Evacuation Pause)
[30.602s][info][gc,task        ] GC(314) Using 6 workers of 33 for evacuation
[30.607s][info][gc,phases      ] GC(314)   Pre Evacuate Collection Set: 0.1ms
[30.607s][info][gc,phases      ] GC(314)   Merge Heap Roots: 0.1ms
[30.607s][info][gc,phases      ] GC(314)   Evacuate Collection Set: 3.6ms
[30.607s][info][gc,phases      ] GC(314)   Post Evacuate Collection Set: 0.3ms
[30.607s][info][gc,phases      ] GC(314)   Other: 0.1ms
[30.607s][info][gc,heap        ] GC(314) Eden regions: 155->0(155)
[30.607s][info][gc,heap        ] GC(314) Survivor regions: 5->5(20)
[30.607s][info][gc,heap        ] GC(314) Old regions: 8->8
[30.607s][info][gc,heap        ] GC(314) Archive regions: 0->0
[30.607s][info][gc,heap        ] GC(314) Humongous regions: 0->0
[30.607s][info][gc,metaspace   ] GC(314) Metaspace: 8604K(8832K)->8604K(8832K) NonClass: 7450K(7552K)->7450K(7552K) Class: 1153K(1280K)->1153K(1280K)
[30.607s][info][gc             ] GC(314) Pause Young (Normal) (G1 Evacuation Pause) 163M->9M(268M) 4.677ms
[30.607s][info][gc,cpu         ] GC(314) User=0.09s Sys=0.00s Real=0.01s
[30.683s][info][gc,start       ] GC(315) Pause Young (Normal) (G1 Evacuation Pause)
[30.684s][info][gc,task        ] GC(315) Using 6 workers of 33 for evacuation
[30.688s][info][gc,phases      ] GC(315)   Pre Evacuate Collection Set: 0.1ms
[30.688s][info][gc,phases      ] GC(315)   Merge Heap Roots: 0.1ms
[30.688s][info][gc,phases      ] GC(315)   Evacuate Collection Set: 3.5ms
[30.688s][info][gc,phases      ] GC(315)   Post Evacuate Collection Set: 0.3ms
[30.688s][info][gc,phases      ] GC(315)   Other: 0.1ms
[30.688s][info][gc,heap        ] GC(315) Eden regions: 155->0(154)
[30.688s][info][gc,heap        ] GC(315) Survivor regions: 5->6(20)
[30.688s][info][gc,heap        ] GC(315) Old regions: 8->8
[30.688s][info][gc,heap        ] GC(315) Archive regions: 0->0
[30.688s][info][gc,heap        ] GC(315) Humongous regions: 0->0
[30.688s][info][gc,metaspace   ] GC(315) Metaspace: 8604K(8832K)->8604K(8832K) NonClass: 7450K(7552K)->7450K(7552K) Class: 1153K(1280K)->1153K(1280K)
[30.688s][info][gc             ] GC(315) Pause Young (Normal) (G1 Evacuation Pause) 164M->10M(268M) 4.450ms
[30.688s][info][gc,cpu         ] GC(315) User=0.00s Sys=0.00s Real=0.00s
[30.782s][info][gc,start       ] GC(316) Pause Young (Normal) (G1 Evacuation Pause)
[30.782s][info][gc,task        ] GC(316) Using 6 workers of 33 for evacuation
[30.786s][info][gc,phases      ] GC(316)   Pre Evacuate Collection Set: 0.1ms
[30.786s][info][gc,phases      ] GC(316)   Merge Heap Roots: 0.1ms
[30.786s][info][gc,phases      ] GC(316)   Evacuate Collection Set: 3.2ms
[30.786s][info][gc,phases      ] GC(316)   Post Evacuate Collection Set: 0.3ms
[30.786s][info][gc,phases      ] GC(316)   Other: 0.1ms
[30.786s][info][gc,heap        ] GC(316) Eden regions: 154->0(153)
[30.786s][info][gc,heap        ] GC(316) Survivor regions: 6->7(20)
[30.786s][info][gc,heap        ] GC(316) Old regions: 8->8
[30.786s][info][gc,heap        ] GC(316) Archive regions: 0->0
[30.786s][info][gc,heap        ] GC(316) Humongous regions: 0->0
[30.786s][info][gc,metaspace   ] GC(316) Metaspace: 8604K(8832K)->8604K(8832K) NonClass: 7450K(7552K)->7450K(7552K) Class: 1153K(1280K)->1153K(1280K)
[30.786s][info][gc             ] GC(316) Pause Young (Normal) (G1 Evacuation Pause) 164M->10M(268M) 4.173ms
[30.786s][info][gc,cpu         ] GC(316) User=0.00s Sys=0.00s Real=0.00s
[30.883s][info][gc,start       ] GC(317) Pause Young (Normal) (G1 Evacuation Pause)
[30.883s][info][gc,task        ] GC(317) Using 6 workers of 33 for evacuation
[30.888s][info][gc,phases      ] GC(317)   Pre Evacuate Collection Set: 0.1ms
[30.888s][info][gc,phases      ] GC(317)   Merge Heap Roots: 0.1ms
[30.888s][info][gc,phases      ] GC(317)   Evacuate Collection Set: 4.2ms
[30.888s][info][gc,phases      ] GC(317)   Post Evacuate Collection Set: 0.3ms
[30.888s][info][gc,phases      ] GC(317)   Other: 0.1ms
[30.888s][info][gc,heap        ] GC(317) Eden regions: 153->0(153)
[30.888s][info][gc,heap        ] GC(317) Survivor regions: 7->7(20)
[30.888s][info][gc,heap        ] GC(317) Old regions: 8->8
[30.888s][info][gc,heap        ] GC(317) Archive regions: 0->0
[30.888s][info][gc,heap        ] GC(317) Humongous regions: 0->0
[30.888s][info][gc,metaspace   ] GC(317) Metaspace: 8604K(8832K)->8604K(8832K) NonClass: 7450K(7552K)->7450K(7552K) Class: 1153K(1280K)->1153K(1280K)
[30.888s][info][gc             ] GC(317) Pause Young (Normal) (G1 Evacuation Pause) 163M->11M(268M) 5.235ms
[30.888s][info][gc,cpu         ] GC(317) User=0.09s Sys=0.00s Real=0.02s
[30.965s][info][gc,start       ] GC(318) Pause Young (Normal) (G1 Evacuation Pause)
[30.965s][info][gc,task        ] GC(318) Using 6 workers of 33 for evacuation
[30.970s][info][gc,phases      ] GC(318)   Pre Evacuate Collection Set: 0.1ms
[30.970s][info][gc,phases      ] GC(318)   Merge Heap Roots: 0.1ms
[30.971s][info][gc,phases      ] GC(318)   Evacuate Collection Set: 4.4ms
[30.971s][info][gc,phases      ] GC(318)   Post Evacuate Collection Set: 0.3ms
[30.971s][info][gc,phases      ] GC(318)   Other: 0.1ms
[30.971s][info][gc,heap        ] GC(318) Eden regions: 153->0(153)
[30.971s][info][gc,heap        ] GC(318) Survivor regions: 7->7(20)
[30.971s][info][gc,heap        ] GC(318) Old regions: 8->8
[30.971s][info][gc,heap        ] GC(318) Archive regions: 0->0
[30.971s][info][gc,heap        ] GC(318) Humongous regions: 0->0
[30.971s][info][gc,metaspace   ] GC(318) Metaspace: 8604K(8832K)->8604K(8832K) NonClass: 7450K(7552K)->7450K(7552K) Class: 1153K(1280K)->1153K(1280K)
[30.971s][info][gc             ] GC(318) Pause Young (Normal) (G1 Evacuation Pause) 164M->11M(268M) 5.409ms
[30.971s][info][gc,cpu         ] GC(318) User=0.00s Sys=0.00s Real=0.00s
[31.047s][info][gc,start       ] GC(319) Pause Young (Normal) (G1 Evacuation Pause)
[31.047s][info][gc,task        ] GC(319) Using 6 workers of 33 for evacuation
[31.052s][info][gc,phases      ] GC(319)   Pre Evacuate Collection Set: 0.1ms
[31.053s][info][gc,phases      ] GC(319)   Merge Heap Roots: 0.1ms
[31.053s][info][gc,phases      ] GC(319)   Evacuate Collection Set: 4.8ms
[31.053s][info][gc,phases      ] GC(319)   Post Evacuate Collection Set: 0.3ms
[31.053s][info][gc,phases      ] GC(319)   Other: 0.1ms
[31.053s][info][gc,heap        ] GC(319) Eden regions: 153->0(152)
[31.053s][info][gc,heap        ] GC(319) Survivor regions: 7->8(20)
[31.053s][info][gc,heap        ] GC(319) Old regions: 8->8
[31.053s][info][gc,heap        ] GC(319) Archive regions: 0->0
[31.053s][info][gc,heap        ] GC(319) Humongous regions: 0->0
[31.053s][info][gc,metaspace   ] GC(319) Metaspace: 8604K(8832K)->8604K(8832K) NonClass: 7450K(7552K)->7450K(7552K) Class: 1153K(1280K)->1153K(1280K)
[31.053s][info][gc             ] GC(319) Pause Young (Normal) (G1 Evacuation Pause) 164M->12M(268M) 5.775ms
[31.053s][info][gc,cpu         ] GC(319) User=0.00s Sys=0.00s Real=0.00s
[31.133s][info][gc,start       ] GC(320) Pause Young (Normal) (G1 Evacuation Pause)
[31.133s][info][gc,task        ] GC(320) Using 6 workers of 33 for evacuation
[31.139s][info][gc,phases      ] GC(320)   Pre Evacuate Collection Set: 0.1ms
[31.139s][info][gc,phases      ] GC(320)   Merge Heap Roots: 0.1ms
[31.139s][info][gc,phases      ] GC(320)   Evacuate Collection Set: 5.3ms
[31.139s][info][gc,phases      ] GC(320)   Post Evacuate Collection Set: 0.3ms
[31.139s][info][gc,phases      ] GC(320)   Other: 0.1ms
[31.139s][info][gc,heap        ] GC(320) Eden regions: 152->0(151)
[31.139s][info][gc,heap        ] GC(320) Survivor regions: 8->9(20)
[31.139s][info][gc,heap        ] GC(320) Old regions: 8->8
[31.139s][info][gc,heap        ] GC(320) Archive regions: 0->0
[31.139s][info][gc,heap        ] GC(320) Humongous regions: 0->0
[31.139s][info][gc,metaspace   ] GC(320) Metaspace: 8604K(8832K)->8604K(8832K) NonClass: 7450K(7552K)->7450K(7552K) Class: 1153K(1280K)->1153K(1280K)
[31.139s][info][gc             ] GC(320) Pause Young (Normal) (G1 Evacuation Pause) 164M->12M(268M) 6.259ms
[31.139s][info][gc,cpu         ] GC(320) User=0.09s Sys=0.00s Real=0.02s
[31.217s][info][gc,start       ] GC(321) Pause Young (Normal) (G1 Evacuation Pause)
[31.217s][info][gc,task        ] GC(321) Using 6 workers of 33 for evacuation
[31.223s][info][gc,phases      ] GC(321)   Pre Evacuate Collection Set: 0.1ms
[31.223s][info][gc,phases      ] GC(321)   Merge Heap Roots: 0.1ms
[31.223s][info][gc,phases      ] GC(321)   Evacuate Collection Set: 5.5ms
[31.223s][info][gc,phases      ] GC(321)   Post Evacuate Collection Set: 0.3ms
[31.223s][info][gc,phases      ] GC(321)   Other: 0.1ms
[31.223s][info][gc,heap        ] GC(321) Eden regions: 151->0(151)
[31.223s][info][gc,heap        ] GC(321) Survivor regions: 9->9(20)
[31.223s][info][gc,heap        ] GC(321) Old regions: 8->9
[31.223s][info][gc,heap        ] GC(321) Archive regions: 0->0
[31.223s][info][gc,heap        ] GC(321) Humongous regions: 0->0
[31.223s][info][gc,metaspace   ] GC(321) Metaspace: 8604K(8832K)->8604K(8832K) NonClass: 7450K(7552K)->7450K(7552K) Class: 1153K(1280K)->1153K(1280K)
[31.223s][info][gc             ] GC(321) Pause Young (Normal) (G1 Evacuation Pause) 163M->13M(268M) 6.416ms
[31.223s][info][gc,cpu         ] GC(321) User=0.00s Sys=0.00s Real=0.00s
[31.312s][info][gc,start       ] GC(322) Pause Young (Normal) (G1 Evacuation Pause)
[31.312s][info][gc,task        ] GC(322) Using 6 workers of 33 for evacuation
[31.319s][info][gc,phases      ] GC(322)   Pre Evacuate Collection Set: 0.1ms
[31.319s][info][gc,phases      ] GC(322)   Merge Heap Roots: 0.1ms
[31.319s][info][gc,phases      ] GC(322)   Evacuate Collection Set: 6.2ms
[31.319s][info][gc,phases      ] GC(322)   Post Evacuate Collection Set: 0.3ms
[31.319s][info][gc,phases      ] GC(322)   Other: 0.1ms
[31.319s][info][gc,heap        ] GC(322) Eden regions: 151->0(150)
[31.319s][info][gc,heap        ] GC(322) Survivor regions: 9->10(20)
[31.319s][info][gc,heap        ] GC(322) Old regions: 9->9
[31.319s][info][gc,heap        ] GC(322) Archive regions: 0->0
[31.319s][info][gc,heap        ] GC(322) Humongous regions: 0->0
[31.319s][info][gc,metaspace   ] GC(322) Metaspace: 8604K(8832K)->8604K(8832K) NonClass: 7450K(7552K)->7450K(7552K) Class: 1153K(1280K)->1153K(1280K)
[31.319s][info][gc             ] GC(322) Pause Young (Normal) (G1 Evacuation Pause) 164M->14M(268M) 7.169ms
[31.319s][info][gc,cpu         ] GC(322) User=0.00s Sys=0.00s Real=0.00s
[31.396s][info][gc,start       ] GC(323) Pause Young (Normal) (G1 Evacuation Pause)
[31.396s][info][gc,task        ] GC(323) Using 6 workers of 33 for evacuation
[31.403s][info][gc,phases      ] GC(323)   Pre Evacuate Collection Set: 0.1ms
[31.403s][info][gc,phases      ] GC(323)   Merge Heap Roots: 0.1ms
[31.403s][info][gc,phases      ] GC(323)   Evacuate Collection Set: 6.0ms
[31.403s][info][gc,phases      ] GC(323)   Post Evacuate Collection Set: 0.3ms
[31.403s][info][gc,phases      ] GC(323)   Other: 0.1ms
[31.403s][info][gc,heap        ] GC(323) Eden regions: 150->0(150)
[31.403s][info][gc,heap        ] GC(323) Survivor regions: 10->10(20)
[31.403s][info][gc,heap        ] GC(323) Old regions: 9->9
[31.403s][info][gc,heap        ] GC(323) Archive regions: 0->0
[31.403s][info][gc,heap        ] GC(323) Humongous regions: 0->0
[31.403s][info][gc,metaspace   ] GC(323) Metaspace: 8604K(8832K)->8604K(8832K) NonClass: 7450K(7552K)->7450K(7552K) Class: 1153K(1280K)->1153K(1280K)
[31.403s][info][gc             ] GC(323) Pause Young (Normal) (G1 Evacuation Pause) 164M->14M(268M) 6.974ms
[31.403s][info][gc,cpu         ] GC(323) User=0.09s Sys=0.00s Real=0.02s
[31.479s][info][gc,start       ] GC(324) Pause Young (Normal) (G1 Evacuation Pause)
[31.479s][info][gc,task        ] GC(324) Using 6 workers of 33 for evacuation
[31.486s][info][gc,phases      ] GC(324)   Pre Evacuate Collection Set: 0.1ms
[31.486s][info][gc,phases      ] GC(324)   Merge Heap Roots: 0.1ms
[31.486s][info][gc,phases      ] GC(324)   Evacuate Collection Set: 6.3ms
[31.486s][info][gc,phases      ] GC(324)   Post Evacuate Collection Set: 0.3ms
[31.486s][info][gc,phases      ] GC(324)   Other: 0.1ms
[31.486s][info][gc,heap        ] GC(324) Eden regions: 150->0(149)
[31.486s][info][gc,heap        ] GC(324) Survivor regions: 10->11(20)
[31.486s][info][gc,heap        ] GC(324) Old regions: 9->9
[31.486s][info][gc,heap        ] GC(324) Archive regions: 0->0
[31.486s][info][gc,heap        ] GC(324) Humongous regions: 0->0
[31.486s][info][gc,metaspace   ] GC(324) Metaspace: 8604K(8832K)->8604K(8832K) NonClass: 7450K(7552K)->7450K(7552K) Class: 1153K(1280K)->1153K(1280K)
[31.487s][info][gc             ] GC(324) Pause Young (Normal) (G1 Evacuation Pause) 164M->14M(268M) 7.279ms
[31.487s][info][gc,cpu         ] GC(324) User=0.00s Sys=0.00s Real=0.00s
[31.562s][info][gc,start       ] GC(325) Pause Young (Normal) (G1 Evacuation Pause)
[31.572s][info][gc,task        ] GC(325) Using 6 workers of 33 for evacuation
[31.580s][info][gc,phases      ] GC(325)   Pre Evacuate Collection Set: 0.1ms
[31.580s][info][gc,phases      ] GC(325)   Merge Heap Roots: 0.1ms
[31.580s][info][gc,phases      ] GC(325)   Evacuate Collection Set: 6.6ms
[31.580s][info][gc,phases      ] GC(325)   Post Evacuate Collection Set: 0.3ms
[31.580s][info][gc,phases      ] GC(325)   Other: 0.1ms
[31.580s][info][gc,heap        ] GC(325) Eden regions: 149->0(149)
[31.580s][info][gc,heap        ] GC(325) Survivor regions: 11->11(20)
[31.580s][info][gc,heap        ] GC(325) Old regions: 9->9
[31.580s][info][gc,heap        ] GC(325) Archive regions: 0->0
[31.580s][info][gc,heap        ] GC(325) Humongous regions: 0->0
[31.580s][info][gc,metaspace   ] GC(325) Metaspace: 8604K(8832K)->8604K(8832K) NonClass: 7450K(7552K)->7450K(7552K) Class: 1153K(1280K)->1153K(1280K)
[31.580s][info][gc             ] GC(325) Pause Young (Normal) (G1 Evacuation Pause) 163M->15M(268M) 17.773ms
[31.580s][info][gc,cpu         ] GC(325) User=0.09s Sys=0.00s Real=0.02s
[31.666s][info][gc,start       ] GC(326) Pause Young (Normal) (G1 Evacuation Pause)
[31.666s][info][gc,task        ] GC(326) Using 6 workers of 33 for evacuation
[31.675s][info][gc,phases      ] GC(326)   Pre Evacuate Collection Set: 0.1ms
[31.675s][info][gc,phases      ] GC(326)   Merge Heap Roots: 0.1ms
[31.675s][info][gc,phases      ] GC(326)   Evacuate Collection Set: 8.0ms
[31.675s][info][gc,phases      ] GC(326)   Post Evacuate Collection Set: 0.3ms
[31.675s][info][gc,phases      ] GC(326)   Other: 0.1ms
[31.675s][info][gc,heap        ] GC(326) Eden regions: 149->0(148)
[31.675s][info][gc,heap        ] GC(326) Survivor regions: 11->12(20)
[31.675s][info][gc,heap        ] GC(326) Old regions: 9->9
[31.675s][info][gc,heap        ] GC(326) Archive regions: 0->0
[31.675s][info][gc,heap        ] GC(326) Humongous regions: 0->0
[31.675s][info][gc,metaspace   ] GC(326) Metaspace: 8604K(8832K)->8604K(8832K) NonClass: 7450K(7552K)->7450K(7552K) Class: 1153K(1280K)->1153K(1280K)
[31.675s][info][gc             ] GC(326) Pause Young (Normal) (G1 Evacuation Pause) 164M->16M(268M) 9.072ms
[31.675s][info][gc,cpu         ] GC(326) User=0.06s Sys=0.00s Real=0.01s
[31.766s][info][gc,start       ] GC(327) Pause Young (Normal) (G1 Evacuation Pause)
[31.767s][info][gc,task        ] GC(327) Using 6 workers of 33 for evacuation
[31.773s][info][gc,phases      ] GC(327)   Pre Evacuate Collection Set: 0.1ms
[31.773s][info][gc,phases      ] GC(327)   Merge Heap Roots: 0.1ms
[31.773s][info][gc,phases      ] GC(327)   Evacuate Collection Set: 5.6ms
[31.773s][info][gc,phases      ] GC(327)   Post Evacuate Collection Set: 0.3ms
[31.773s][info][gc,phases      ] GC(327)   Other: 0.1ms
[31.773s][info][gc,heap        ] GC(327) Eden regions: 148->0(152)
[31.773s][info][gc,heap        ] GC(327) Survivor regions: 12->8(20)
[31.773s][info][gc,heap        ] GC(327) Old regions: 9->13
[31.773s][info][gc,heap        ] GC(327) Archive regions: 0->0
[31.773s][info][gc,heap        ] GC(327) Humongous regions: 0->0
[31.773s][info][gc,metaspace   ] GC(327) Metaspace: 8604K(8832K)->8604K(8832K) NonClass: 7450K(7552K)->7450K(7552K) Class: 1153K(1280K)->1153K(1280K)
[31.773s][info][gc             ] GC(327) Pause Young (Normal) (G1 Evacuation Pause) 164M->17M(268M) 6.583ms
[31.773s][info][gc,cpu         ] GC(327) User=0.00s Sys=0.00s Real=0.00s
[31.868s][info][gc,start       ] GC(328) Pause Young (Normal) (G1 Evacuation Pause)
[31.868s][info][gc,task        ] GC(328) Using 6 workers of 33 for evacuation
[31.874s][info][gc,phases      ] GC(328)   Pre Evacuate Collection Set: 0.1ms
[31.874s][info][gc,phases      ] GC(328)   Merge Heap Roots: 0.1ms
[31.874s][info][gc,phases      ] GC(328)   Evacuate Collection Set: 5.2ms
[31.874s][info][gc,phases      ] GC(328)   Post Evacuate Collection Set: 0.3ms
[31.874s][info][gc,phases      ] GC(328)   Other: 0.1ms
[31.874s][info][gc,heap        ] GC(328) Eden regions: 152->0(152)
[31.874s][info][gc,heap        ] GC(328) Survivor regions: 8->8(20)
[31.874s][info][gc,heap        ] GC(328) Old regions: 13->13
[31.874s][info][gc,heap        ] GC(328) Archive regions: 0->0
[31.874s][info][gc,heap        ] GC(328) Humongous regions: 0->0
[31.874s][info][gc,metaspace   ] GC(328) Metaspace: 8604K(8832K)->8604K(8832K) NonClass: 7450K(7552K)->7450K(7552K) Class: 1153K(1280K)->1153K(1280K)
[31.874s][info][gc             ] GC(328) Pause Young (Normal) (G1 Evacuation Pause) 169M->16M(268M) 6.245ms
[31.874s][info][gc,cpu         ] GC(328) User=0.00s Sys=0.00s Real=0.01s
[31.953s][info][gc,start       ] GC(329) Pause Young (Normal) (G1 Evacuation Pause)
[31.953s][info][gc,task        ] GC(329) Using 6 workers of 33 for evacuation
[31.959s][info][gc,phases      ] GC(329)   Pre Evacuate Collection Set: 0.1ms
[31.959s][info][gc,phases      ] GC(329)   Merge Heap Roots: 0.1ms
[31.959s][info][gc,phases      ] GC(329)   Evacuate Collection Set: 5.3ms
[31.959s][info][gc,phases      ] GC(329)   Post Evacuate Collection Set: 0.3ms
[31.959s][info][gc,phases      ] GC(329)   Other: 0.1ms
[31.959s][info][gc,heap        ] GC(329) Eden regions: 152->0(151)
[31.959s][info][gc,heap        ] GC(329) Survivor regions: 8->9(20)
[31.959s][info][gc,heap        ] GC(329) Old regions: 13->13
[31.959s][info][gc,heap        ] GC(329) Archive regions: 0->0
[31.960s][info][gc,heap        ] GC(329) Humongous regions: 0->0
[31.960s][info][gc,metaspace   ] GC(329) Metaspace: 8604K(8832K)->8604K(8832K) NonClass: 7450K(7552K)->7450K(7552K) Class: 1153K(1280K)->1153K(1280K)
[31.960s][info][gc             ] GC(329) Pause Young (Normal) (G1 Evacuation Pause) 168M->17M(268M) 6.437ms
[31.960s][info][gc,cpu         ] GC(329) User=0.09s Sys=0.00s Real=0.01s
[32.048s][info][gc,start       ] GC(330) Pause Young (Normal) (G1 Evacuation Pause)
[32.048s][info][gc,task        ] GC(330) Using 6 workers of 33 for evacuation
[32.054s][info][gc,phases      ] GC(330)   Pre Evacuate Collection Set: 0.1ms
[32.054s][info][gc,phases      ] GC(330)   Merge Heap Roots: 0.1ms
[32.054s][info][gc,phases      ] GC(330)   Evacuate Collection Set: 5.5ms
[32.055s][info][gc,phases      ] GC(330)   Post Evacuate Collection Set: 0.3ms
[32.055s][info][gc,phases      ] GC(330)   Other: 0.1ms
[32.055s][info][gc,heap        ] GC(330) Eden regions: 151->0(151)
[32.055s][info][gc,heap        ] GC(330) Survivor regions: 9->9(20)
[32.055s][info][gc,heap        ] GC(330) Old regions: 13->13
[32.055s][info][gc,heap        ] GC(330) Archive regions: 0->0
[32.055s][info][gc,heap        ] GC(330) Humongous regions: 0->0
[32.055s][info][gc,metaspace   ] GC(330) Metaspace: 8604K(8832K)->8604K(8832K) NonClass: 7450K(7552K)->7450K(7552K) Class: 1153K(1280K)->1153K(1280K)
[32.055s][info][gc             ] GC(330) Pause Young (Normal) (G1 Evacuation Pause) 168M->18M(268M) 6.536ms
[32.055s][info][gc,cpu         ] GC(330) User=0.00s Sys=0.00s Real=0.00s
[32.178s][info][gc,start       ] GC(331) Pause Young (Normal) (G1 Evacuation Pause)
[32.179s][info][gc,task        ] GC(331) Using 6 workers of 33 for evacuation
[32.196s][info][gc,phases      ] GC(331)   Pre Evacuate Collection Set: 0.1ms
[32.196s][info][gc,phases      ] GC(331)   Merge Heap Roots: 0.1ms
[32.196s][info][gc,phases      ] GC(331)   Evacuate Collection Set: 17.0ms
[32.196s][info][gc,phases      ] GC(331)   Post Evacuate Collection Set: 0.3ms
[32.196s][info][gc,phases      ] GC(331)   Other: 0.1ms
[32.196s][info][gc,heap        ] GC(331) Eden regions: 151->0(141)
[32.196s][info][gc,heap        ] GC(331) Survivor regions: 9->19(20)
[32.196s][info][gc,heap        ] GC(331) Old regions: 13->13
[32.196s][info][gc,heap        ] GC(331) Archive regions: 0->0
[32.196s][info][gc,heap        ] GC(331) Humongous regions: 3->3
[32.196s][info][gc,metaspace   ] GC(331) Metaspace: 8604K(8832K)->8604K(8832K) NonClass: 7450K(7552K)->7450K(7552K) Class: 1153K(1280K)->1153K(1280K)
[32.197s][info][gc             ] GC(331) Pause Young (Normal) (G1 Evacuation Pause) 172M->31M(268M) 18.086ms
[32.197s][info][gc,cpu         ] GC(331) User=0.09s Sys=0.00s Real=0.02s
[32.273s][info][gc,start       ] GC(332) Pause Young (Normal) (G1 Evacuation Pause)
[32.273s][info][gc,task        ] GC(332) Using 6 workers of 33 for evacuation
[32.287s][info][gc,phases      ] GC(332)   Pre Evacuate Collection Set: 0.1ms
[32.288s][info][gc,phases      ] GC(332)   Merge Heap Roots: 0.1ms
[32.288s][info][gc,phases      ] GC(332)   Evacuate Collection Set: 13.5ms
[32.288s][info][gc,phases      ] GC(332)   Post Evacuate Collection Set: 0.5ms
[32.288s][info][gc,phases      ] GC(332)   Other: 0.1ms
[32.288s][info][gc,heap        ] GC(332) Eden regions: 141->0(165)
[32.288s][info][gc,heap        ] GC(332) Survivor regions: 19->2(20)
[32.288s][info][gc,heap        ] GC(332) Old regions: 13->32
[32.288s][info][gc,heap        ] GC(332) Archive regions: 0->0
[32.288s][info][gc,heap        ] GC(332) Humongous regions: 3->3
[32.288s][info][gc,metaspace   ] GC(332) Metaspace: 8604K(8832K)->8604K(8832K) NonClass: 7450K(7552K)->7450K(7552K) Class: 1153K(1280K)->1153K(1280K)
[32.288s][info][gc             ] GC(332) Pause Young (Normal) (G1 Evacuation Pause) 172M->32M(279M) 14.842ms
[32.288s][info][gc,cpu         ] GC(332) User=0.09s Sys=0.00s Real=0.02s
[32.377s][info][gc,start       ] GC(333) Pause Young (Normal) (G1 Evacuation Pause)
[32.377s][info][gc,task        ] GC(333) Using 6 workers of 33 for evacuation
[32.379s][info][gc,phases      ] GC(333)   Pre Evacuate Collection Set: 0.1ms
[32.379s][info][gc,phases      ] GC(333)   Merge Heap Roots: 0.1ms
[32.379s][info][gc,phases      ] GC(333)   Evacuate Collection Set: 1.1ms
[32.379s][info][gc,phases      ] GC(333)   Post Evacuate Collection Set: 0.3ms
[32.379s][info][gc,phases      ] GC(333)   Other: 0.1ms
[32.379s][info][gc,heap        ] GC(333) Eden regions: 165->0(165)
[32.379s][info][gc,heap        ] GC(333) Survivor regions: 2->2(21)
[32.379s][info][gc,heap        ] GC(333) Old regions: 32->32
[32.379s][info][gc,heap        ] GC(333) Archive regions: 0->0
[32.379s][info][gc,heap        ] GC(333) Humongous regions: 3->3
[32.379s][info][gc,metaspace   ] GC(333) Metaspace: 8604K(8832K)->8604K(8832K) NonClass: 7450K(7552K)->7450K(7552K) Class: 1153K(1280K)->1153K(1280K)
[32.379s][info][gc             ] GC(333) Pause Young (Normal) (G1 Evacuation Pause) 197M->32M(279M) 2.083ms
[32.379s][info][gc,cpu         ] GC(333) User=0.00s Sys=0.00s Real=0.00s
[32.466s][info][gc,start       ] GC(334) Pause Young (Normal) (G1 Evacuation Pause)
[32.466s][info][gc,task        ] GC(334) Using 6 workers of 33 for evacuation
[32.471s][info][gc,phases      ] GC(334)   Pre Evacuate Collection Set: 0.1ms
[32.471s][info][gc,phases      ] GC(334)   Merge Heap Roots: 0.1ms
[32.471s][info][gc,phases      ] GC(334)   Evacuate Collection Set: 4.4ms
[32.471s][info][gc,phases      ] GC(334)   Post Evacuate Collection Set: 0.3ms
[32.471s][info][gc,phases      ] GC(334)   Other: 0.1ms
[32.471s][info][gc,heap        ] GC(334) Eden regions: 165->0(161)
[32.471s][info][gc,heap        ] GC(334) Survivor regions: 2->6(21)
[32.471s][info][gc,heap        ] GC(334) Old regions: 32->32
[32.471s][info][gc,heap        ] GC(334) Archive regions: 0->0
[32.471s][info][gc,heap        ] GC(334) Humongous regions: 3->3
[32.472s][info][gc,metaspace   ] GC(334) Metaspace: 8604K(8832K)->8604K(8832K) NonClass: 7450K(7552K)->7450K(7552K) Class: 1153K(1280K)->1153K(1280K)
[32.472s][info][gc             ] GC(334) Pause Young (Normal) (G1 Evacuation Pause) 197M->36M(279M) 5.433ms
[32.472s][info][gc,cpu         ] GC(334) User=0.09s Sys=0.00s Real=0.02s
[32.553s][info][gc,start       ] GC(335) Pause Young (Normal) (G1 Evacuation Pause)
[32.553s][info][gc,task        ] GC(335) Using 6 workers of 33 for evacuation
[32.558s][info][gc,phases      ] GC(335)   Pre Evacuate Collection Set: 0.1ms
[32.558s][info][gc,phases      ] GC(335)   Merge Heap Roots: 0.1ms
[32.558s][info][gc,phases      ] GC(335)   Evacuate Collection Set: 4.2ms
[32.558s][info][gc,phases      ] GC(335)   Post Evacuate Collection Set: 0.3ms
[32.558s][info][gc,phases      ] GC(335)   Other: 0.1ms
[32.558s][info][gc,heap        ] GC(335) Eden regions: 161->0(160)
[32.558s][info][gc,heap        ] GC(335) Survivor regions: 6->7(21)
[32.558s][info][gc,heap        ] GC(335) Old regions: 32->32
[32.558s][info][gc,heap        ] GC(335) Archive regions: 0->0
[32.558s][info][gc,heap        ] GC(335) Humongous regions: 3->3
[32.558s][info][gc,metaspace   ] GC(335) Metaspace: 8604K(8832K)->8604K(8832K) NonClass: 7450K(7552K)->7450K(7552K) Class: 1153K(1280K)->1153K(1280K)
[32.558s][info][gc             ] GC(335) Pause Young (Normal) (G1 Evacuation Pause) 197M->37M(279M) 5.304ms
[32.558s][info][gc,cpu         ] GC(335) User=0.00s Sys=0.00s Real=0.01s
[32.645s][info][gc,start       ] GC(336) Pause Young (Normal) (G1 Evacuation Pause)
[32.645s][info][gc,task        ] GC(336) Using 6 workers of 33 for evacuation
[32.650s][info][gc,phases      ] GC(336)   Pre Evacuate Collection Set: 0.1ms
[32.651s][info][gc,phases      ] GC(336)   Merge Heap Roots: 0.1ms
[32.651s][info][gc,phases      ] GC(336)   Evacuate Collection Set: 4.8ms
[32.651s][info][gc,phases      ] GC(336)   Post Evacuate Collection Set: 0.3ms
[32.651s][info][gc,phases      ] GC(336)   Other: 0.1ms
[32.651s][info][gc,heap        ] GC(336) Eden regions: 160->0(160)
[32.651s][info][gc,heap        ] GC(336) Survivor regions: 7->7(21)
[32.651s][info][gc,heap        ] GC(336) Old regions: 32->32
[32.651s][info][gc,heap        ] GC(336) Archive regions: 0->0
[32.651s][info][gc,heap        ] GC(336) Humongous regions: 3->3
[32.651s][info][gc,metaspace   ] GC(336) Metaspace: 8604K(8832K)->8604K(8832K) NonClass: 7450K(7552K)->7450K(7552K) Class: 1153K(1280K)->1153K(1280K)
[32.651s][info][gc             ] GC(336) Pause Young (Normal) (G1 Evacuation Pause) 197M->37M(279M) 5.809ms
[32.651s][info][gc,cpu         ] GC(336) User=0.00s Sys=0.00s Real=0.01s
[32.761s][info][gc,start       ] GC(337) Pause Young (Normal) (G1 Evacuation Pause)
[32.761s][info][gc,task        ] GC(337) Using 6 workers of 33 for evacuation
[32.766s][info][gc,phases      ] GC(337)   Pre Evacuate Collection Set: 0.1ms
[32.766s][info][gc,phases      ] GC(337)   Merge Heap Roots: 0.1ms
[32.766s][info][gc,phases      ] GC(337)   Evacuate Collection Set: 4.1ms
[32.766s][info][gc,phases      ] GC(337)   Post Evacuate Collection Set: 0.3ms
[32.766s][info][gc,phases      ] GC(337)   Other: 0.1ms
[32.766s][info][gc,heap        ] GC(337) Eden regions: 160->0(159)
[32.766s][info][gc,heap        ] GC(337) Survivor regions: 7->8(21)
[32.766s][info][gc,heap        ] GC(337) Old regions: 32->32
[32.766s][info][gc,heap        ] GC(337) Archive regions: 0->0
[32.766s][info][gc,heap        ] GC(337) Humongous regions: 3->3
[32.766s][info][gc,metaspace   ] GC(337) Metaspace: 8604K(8832K)->8604K(8832K) NonClass: 7450K(7552K)->7450K(7552K) Class: 1153K(1280K)->1153K(1280K)
[32.766s][info][gc             ] GC(337) Pause Young (Normal) (G1 Evacuation Pause) 197M->38M(279M) 5.197ms
[32.767s][info][gc,cpu         ] GC(337) User=0.00s Sys=0.00s Real=0.01s
[32.861s][info][gc,start       ] GC(338) Pause Young (Normal) (G1 Evacuation Pause)
[32.861s][info][gc,task        ] GC(338) Using 6 workers of 33 for evacuation
[32.866s][info][gc,phases      ] GC(338)   Pre Evacuate Collection Set: 0.1ms
[32.866s][info][gc,phases      ] GC(338)   Merge Heap Roots: 0.1ms
[32.866s][info][gc,phases      ] GC(338)   Evacuate Collection Set: 4.0ms
[32.866s][info][gc,phases      ] GC(338)   Post Evacuate Collection Set: 0.3ms
[32.866s][info][gc,phases      ] GC(338)   Other: 0.1ms
[32.866s][info][gc,heap        ] GC(338) Eden regions: 159->0(159)
[32.866s][info][gc,heap        ] GC(338) Survivor regions: 8->8(21)
[32.866s][info][gc,heap        ] GC(338) Old regions: 32->32
[32.866s][info][gc,heap        ] GC(338) Archive regions: 0->0
[32.866s][info][gc,heap        ] GC(338) Humongous regions: 3->3
[32.866s][info][gc,metaspace   ] GC(338) Metaspace: 8604K(8832K)->8604K(8832K) NonClass: 7450K(7552K)->7450K(7552K) Class: 1153K(1280K)->1153K(1280K)
[32.866s][info][gc             ] GC(338) Pause Young (Normal) (G1 Evacuation Pause) 197M->38M(279M) 5.116ms
[32.866s][info][gc,cpu         ] GC(338) User=0.00s Sys=0.00s Real=0.00s
[32.960s][info][gc,start       ] GC(339) Pause Young (Normal) (G1 Evacuation Pause)
[32.960s][info][gc,task        ] GC(339) Using 6 workers of 33 for evacuation
[32.969s][info][gc,phases      ] GC(339)   Pre Evacuate Collection Set: 0.1ms
[32.969s][info][gc,phases      ] GC(339)   Merge Heap Roots: 0.1ms
[32.969s][info][gc,phases      ] GC(339)   Evacuate Collection Set: 8.1ms
[32.969s][info][gc,phases      ] GC(339)   Post Evacuate Collection Set: 0.3ms
[32.969s][info][gc,phases      ] GC(339)   Other: 0.1ms
[32.969s][info][gc,heap        ] GC(339) Eden regions: 159->0(154)
[32.969s][info][gc,heap        ] GC(339) Survivor regions: 8->13(21)
[32.969s][info][gc,heap        ] GC(339) Old regions: 32->32
[32.969s][info][gc,heap        ] GC(339) Archive regions: 0->0
[32.969s][info][gc,heap        ] GC(339) Humongous regions: 3->3
[32.969s][info][gc,metaspace   ] GC(339) Metaspace: 8604K(8832K)->8604K(8832K) NonClass: 7450K(7552K)->7450K(7552K) Class: 1153K(1280K)->1153K(1280K)
[32.969s][info][gc             ] GC(339) Pause Young (Normal) (G1 Evacuation Pause) 197M->43M(279M) 9.242ms
[32.969s][info][gc,cpu         ] GC(339) User=0.00s Sys=0.00s Real=0.01s
[33.046s][info][gc,start       ] GC(340) Pause Young (Normal) (G1 Evacuation Pause)
[33.046s][info][gc,task        ] GC(340) Using 6 workers of 33 for evacuation
[33.055s][info][gc,phases      ] GC(340)   Pre Evacuate Collection Set: 0.1ms
[33.055s][info][gc,phases      ] GC(340)   Merge Heap Roots: 0.1ms
[33.056s][info][gc,phases      ] GC(340)   Evacuate Collection Set: 8.6ms
[33.056s][info][gc,phases      ] GC(340)   Post Evacuate Collection Set: 0.3ms
[33.056s][info][gc,phases      ] GC(340)   Other: 0.1ms
[33.056s][info][gc,heap        ] GC(340) Eden regions: 154->0(158)
[33.056s][info][gc,heap        ] GC(340) Survivor regions: 13->9(21)
[33.056s][info][gc,heap        ] GC(340) Old regions: 32->37
[33.056s][info][gc,heap        ] GC(340) Archive regions: 0->0
[33.056s][info][gc,heap        ] GC(340) Humongous regions: 3->3
[33.056s][info][gc,metaspace   ] GC(340) Metaspace: 8604K(8832K)->8604K(8832K) NonClass: 7450K(7552K)->7450K(7552K) Class: 1153K(1280K)->1153K(1280K)
[33.056s][info][gc             ] GC(340) Pause Young (Normal) (G1 Evacuation Pause) 197M->44M(279M) 9.646ms
[33.056s][info][gc,cpu         ] GC(340) User=0.09s Sys=0.00s Real=0.02s
[33.137s][info][gc,start       ] GC(341) Pause Young (Normal) (G1 Evacuation Pause)
[33.137s][info][gc,task        ] GC(341) Using 6 workers of 33 for evacuation
[33.144s][info][gc,phases      ] GC(341)   Pre Evacuate Collection Set: 0.1ms
[33.144s][info][gc,phases      ] GC(341)   Merge Heap Roots: 0.1ms
[33.144s][info][gc,phases      ] GC(341)   Evacuate Collection Set: 6.1ms
[33.144s][info][gc,phases      ] GC(341)   Post Evacuate Collection Set: 0.3ms
[33.144s][info][gc,phases      ] GC(341)   Other: 0.1ms
[33.144s][info][gc,heap        ] GC(341) Eden regions: 158->0(157)
[33.144s][info][gc,heap        ] GC(341) Survivor regions: 9->10(21)
[33.144s][info][gc,heap        ] GC(341) Old regions: 37->37
[33.144s][info][gc,heap        ] GC(341) Archive regions: 0->0
[33.144s][info][gc,heap        ] GC(341) Humongous regions: 3->3
[33.144s][info][gc,metaspace   ] GC(341) Metaspace: 8604K(8832K)->8604K(8832K) NonClass: 7450K(7552K)->7450K(7552K) Class: 1153K(1280K)->1153K(1280K)
[33.144s][info][gc             ] GC(341) Pause Young (Normal) (G1 Evacuation Pause) 202M->45M(279M) 7.115ms
[33.144s][info][gc,cpu         ] GC(341) User=0.09s Sys=0.00s Real=0.02s
[33.227s][info][gc,start       ] GC(342) Pause Young (Normal) (G1 Evacuation Pause)
[33.227s][info][gc,task        ] GC(342) Using 6 workers of 33 for evacuation
[33.235s][info][gc,phases      ] GC(342)   Pre Evacuate Collection Set: 0.1ms
[33.235s][info][gc,phases      ] GC(342)   Merge Heap Roots: 0.1ms
[33.235s][info][gc,phases      ] GC(342)   Evacuate Collection Set: 6.6ms
[33.235s][info][gc,phases      ] GC(342)   Post Evacuate Collection Set: 0.3ms
[33.235s][info][gc,phases      ] GC(342)   Other: 0.1ms
[33.235s][info][gc,heap        ] GC(342) Eden regions: 157->0(157)
[33.235s][info][gc,heap        ] GC(342) Survivor regions: 10->10(21)
[33.235s][info][gc,heap        ] GC(342) Old regions: 37->37
[33.235s][info][gc,heap        ] GC(342) Archive regions: 0->0
[33.235s][info][gc,heap        ] GC(342) Humongous regions: 3->3
[33.235s][info][gc,metaspace   ] GC(342) Metaspace: 8604K(8832K)->8604K(8832K) NonClass: 7450K(7552K)->7450K(7552K) Class: 1153K(1280K)->1153K(1280K)
[33.235s][info][gc             ] GC(342) Pause Young (Normal) (G1 Evacuation Pause) 202M->45M(279M) 7.637ms
[33.235s][info][gc,cpu         ] GC(342) User=0.00s Sys=0.00s Real=0.00s
[33.313s][info][gc,start       ] GC(343) Pause Young (Normal) (G1 Evacuation Pause)
[33.314s][info][gc,task        ] GC(343) Using 6 workers of 33 for evacuation
[33.321s][info][gc,phases      ] GC(343)   Pre Evacuate Collection Set: 0.1ms
[33.321s][info][gc,phases      ] GC(343)   Merge Heap Roots: 0.1ms
[33.321s][info][gc,phases      ] GC(343)   Evacuate Collection Set: 6.7ms
[33.321s][info][gc,phases      ] GC(343)   Post Evacuate Collection Set: 0.5ms
[33.321s][info][gc,phases      ] GC(343)   Other: 0.1ms
[33.321s][info][gc,heap        ] GC(343) Eden regions: 157->0(162)
[33.321s][info][gc,heap        ] GC(343) Survivor regions: 10->11(21)
[33.321s][info][gc,heap        ] GC(343) Old regions: 37->37
[33.321s][info][gc,heap        ] GC(343) Archive regions: 0->0
[33.321s][info][gc,heap        ] GC(343) Humongous regions: 3->3
[33.321s][info][gc,metaspace   ] GC(343) Metaspace: 8604K(8832K)->8604K(8832K) NonClass: 7450K(7552K)->7450K(7552K) Class: 1153K(1280K)->1153K(1280K)
[33.321s][info][gc             ] GC(343) Pause Young (Normal) (G1 Evacuation Pause) 202M->46M(289M) 7.994ms
[33.321s][info][gc,cpu         ] GC(343) User=0.00s Sys=0.00s Real=0.00s
[33.413s][info][gc,start       ] GC(344) Pause Young (Normal) (G1 Evacuation Pause)
[33.413s][info][gc,task        ] GC(344) Using 6 workers of 33 for evacuation
[33.420s][info][gc,phases      ] GC(344)   Pre Evacuate Collection Set: 0.1ms
[33.420s][info][gc,phases      ] GC(344)   Merge Heap Roots: 0.1ms
[33.420s][info][gc,phases      ] GC(344)   Evacuate Collection Set: 7.2ms
[33.420s][info][gc,phases      ] GC(344)   Post Evacuate Collection Set: 0.3ms
[33.421s][info][gc,phases      ] GC(344)   Other: 0.1ms
[33.421s][info][gc,heap        ] GC(344) Eden regions: 162->0(162)
[33.421s][info][gc,heap        ] GC(344) Survivor regions: 11->11(22)
[33.421s][info][gc,heap        ] GC(344) Old regions: 37->37
[33.421s][info][gc,heap        ] GC(344) Archive regions: 0->0
[33.421s][info][gc,heap        ] GC(344) Humongous regions: 3->3
[33.421s][info][gc,metaspace   ] GC(344) Metaspace: 8604K(8832K)->8604K(8832K) NonClass: 7450K(7552K)->7450K(7552K) Class: 1153K(1280K)->1153K(1280K)
[33.421s][info][gc             ] GC(344) Pause Young (Normal) (G1 Evacuation Pause) 208M->46M(289M) 8.245ms
[33.421s][info][gc,cpu         ] GC(344) User=0.00s Sys=0.00s Real=0.00s
[33.504s][info][gc,start       ] GC(345) Pause Young (Normal) (G1 Evacuation Pause)
[33.504s][info][gc,task        ] GC(345) Using 6 workers of 33 for evacuation
[33.512s][info][gc,phases      ] GC(345)   Pre Evacuate Collection Set: 0.1ms
[33.512s][info][gc,phases      ] GC(345)   Merge Heap Roots: 0.1ms
[33.512s][info][gc,phases      ] GC(345)   Evacuate Collection Set: 7.4ms
[33.512s][info][gc,phases      ] GC(345)   Post Evacuate Collection Set: 0.3ms
[33.512s][info][gc,phases      ] GC(345)   Other: 0.1ms
[33.512s][info][gc,heap        ] GC(345) Eden regions: 162->0(161)
[33.512s][info][gc,heap        ] GC(345) Survivor regions: 11->12(22)
[33.512s][info][gc,heap        ] GC(345) Old regions: 37->37
[33.512s][info][gc,heap        ] GC(345) Archive regions: 0->0
[33.512s][info][gc,heap        ] GC(345) Humongous regions: 3->3
[33.512s][info][gc,metaspace   ] GC(345) Metaspace: 8604K(8832K)->8604K(8832K) NonClass: 7450K(7552K)->7450K(7552K) Class: 1153K(1280K)->1153K(1280K)
[33.512s][info][gc             ] GC(345) Pause Young (Normal) (G1 Evacuation Pause) 208M->47M(289M) 8.444ms
[33.512s][info][gc,cpu         ] GC(345) User=0.09s Sys=0.00s Real=0.01s
[33.648s][info][gc,start       ] GC(346) Pause Young (Normal) (G1 Evacuation Pause)
[33.648s][info][gc,task        ] GC(346) Using 6 workers of 33 for evacuation
[33.668s][info][gc,phases      ] GC(346)   Pre Evacuate Collection Set: 0.1ms
[33.668s][info][gc,phases      ] GC(346)   Merge Heap Roots: 0.2ms
[33.668s][info][gc,phases      ] GC(346)   Evacuate Collection Set: 19.0ms
[33.668s][info][gc,phases      ] GC(346)   Post Evacuate Collection Set: 0.3ms
[33.668s][info][gc,phases      ] GC(346)   Other: 0.1ms
[33.668s][info][gc,heap        ] GC(346) Eden regions: 161->0(151)
[33.668s][info][gc,heap        ] GC(346) Survivor regions: 12->22(22)
[33.668s][info][gc,heap        ] GC(346) Old regions: 37->37
[33.668s][info][gc,heap        ] GC(346) Archive regions: 0->0
[33.668s][info][gc,heap        ] GC(346) Humongous regions: 7->7
[33.668s][info][gc,metaspace   ] GC(346) Metaspace: 8604K(8832K)->8604K(8832K) NonClass: 7450K(7552K)->7450K(7552K) Class: 1153K(1280K)->1153K(1280K)
[33.668s][info][gc             ] GC(346) Pause Young (Normal) (G1 Evacuation Pause) 212M->62M(289M) 20.219ms
[33.668s][info][gc,cpu         ] GC(346) User=0.09s Sys=0.00s Real=0.02s
[34.028s][info][gc,start       ] GC(347) Pause Full (System.gc())
[34.029s][info][gc,task        ] GC(347) Using 6 workers of 33 for full compaction
[34.029s][info][gc,phases,start] GC(347) Phase 1: Mark live objects
[34.033s][info][gc,phases      ] GC(347) Phase 1: Mark live objects 4.012ms
[34.033s][info][gc,phases,start] GC(347) Phase 2: Prepare compaction
[34.034s][info][gc,phases      ] GC(347) Phase 2: Prepare compaction 1.079ms
[34.034s][info][gc,phases,start] GC(347) Phase 3: Adjust pointers
[34.037s][info][gc,phases      ] GC(347) Phase 3: Adjust pointers 2.597ms
[34.037s][info][gc,phases,start] GC(347) Phase 4: Compact heap
[34.038s][info][gc,phases      ] GC(347) Phase 4: Compact heap 0.783ms
[34.040s][info][gc,heap        ] GC(347) Eden regions: 82->0(5)
[34.040s][info][gc,heap        ] GC(347) Survivor regions: 22->0(22)
[34.040s][info][gc,heap        ] GC(347) Old regions: 37->6
[34.040s][info][gc,heap        ] GC(347) Archive regions: 0->0
[34.040s][info][gc,heap        ] GC(347) Humongous regions: 22->0
[34.040s][info][gc,metaspace   ] GC(347) Metaspace: 8607K(8832K)->8607K(8832K) NonClass: 7453K(7552K)->7453K(7552K) Class: 1153K(1280K)->1153K(1280K)
[34.040s][info][gc             ] GC(347) Pause Full (System.gc()) 158M->3M(20M) 11.946ms
[34.040s][info][gc,cpu         ] GC(347) User=0.09s Sys=0.00s Real=0.02s
[34.048s][info][gc,start       ] GC(348) Pause Young (Normal) (G1 Evacuation Pause)
[34.049s][info][gc,task        ] GC(348) Using 4 workers of 33 for evacuation
[34.050s][info][gc,phases      ] GC(348)   Pre Evacuate Collection Set: 0.0ms
[34.050s][info][gc,phases      ] GC(348)   Merge Heap Roots: 0.0ms
[34.050s][info][gc,phases      ] GC(348)   Evacuate Collection Set: 0.2ms
[34.050s][info][gc,phases      ] GC(348)   Post Evacuate Collection Set: 1.2ms
[34.050s][info][gc,phases      ] GC(348)   Other: 0.1ms
[34.050s][info][gc,heap        ] GC(348) Eden regions: 5->0(158)
[34.050s][info][gc,heap        ] GC(348) Survivor regions: 0->1(1)
[34.050s][info][gc,heap        ] GC(348) Old regions: 6->7
[34.050s][info][gc,heap        ] GC(348) Archive regions: 0->0
[34.050s][info][gc,heap        ] GC(348) Humongous regions: 0->0
[34.050s][info][gc,metaspace   ] GC(348) Metaspace: 8609K(8832K)->8609K(8832K) NonClass: 7455K(7552K)->7455K(7552K) Class: 1153K(1280K)->1153K(1280K)
[34.051s][info][gc             ] GC(348) Pause Young (Normal) (G1 Evacuation Pause) 8M->4M(266M) 2.023ms
[34.051s][info][gc,cpu         ] GC(348) User=0.00s Sys=0.00s Real=0.00s
[34.146s][info][gc,start       ] GC(349) Pause Young (Normal) (G1 Evacuation Pause)
[34.146s][info][gc,task        ] GC(349) Using 6 workers of 33 for evacuation
[34.148s][info][gc,phases      ] GC(349)   Pre Evacuate Collection Set: 0.1ms
[34.148s][info][gc,phases      ] GC(349)   Merge Heap Roots: 0.1ms
[34.148s][info][gc,phases      ] GC(349)   Evacuate Collection Set: 0.9ms
[34.148s][info][gc,phases      ] GC(349)   Post Evacuate Collection Set: 0.3ms
[34.148s][info][gc,phases      ] GC(349)   Other: 0.1ms
[34.148s][info][gc,heap        ] GC(349) Eden regions: 158->0(157)
[34.148s][info][gc,heap        ] GC(349) Survivor regions: 1->2(20)
[34.148s][info][gc,heap        ] GC(349) Old regions: 7->7
[34.148s][info][gc,heap        ] GC(349) Archive regions: 0->0
[34.148s][info][gc,heap        ] GC(349) Humongous regions: 0->0
[34.148s][info][gc,metaspace   ] GC(349) Metaspace: 8609K(8832K)->8609K(8832K) NonClass: 7455K(7552K)->7455K(7552K) Class: 1153K(1280K)->1153K(1280K)
[34.148s][info][gc             ] GC(349) Pause Young (Normal) (G1 Evacuation Pause) 162M->4M(266M) 1.973ms
[34.148s][info][gc,cpu         ] GC(349) User=0.00s Sys=0.00s Real=0.00s
[34.227s][info][gc,start       ] GC(350) Pause Young (Normal) (G1 Evacuation Pause)
[34.227s][info][gc,task        ] GC(350) Using 6 workers of 33 for evacuation
[34.229s][info][gc,phases      ] GC(350)   Pre Evacuate Collection Set: 0.1ms
[34.229s][info][gc,phases      ] GC(350)   Merge Heap Roots: 0.1ms
[34.229s][info][gc,phases      ] GC(350)   Evacuate Collection Set: 1.1ms
[34.229s][info][gc,phases      ] GC(350)   Post Evacuate Collection Set: 0.3ms
[34.229s][info][gc,phases      ] GC(350)   Other: 0.1ms
[34.229s][info][gc,heap        ] GC(350) Eden regions: 157->0(157)
[34.229s][info][gc,heap        ] GC(350) Survivor regions: 2->2(20)
[34.229s][info][gc,heap        ] GC(350) Old regions: 7->7
[34.229s][info][gc,heap        ] GC(350) Archive regions: 0->0
[34.229s][info][gc,heap        ] GC(350) Humongous regions: 0->0
[34.229s][info][gc,metaspace   ] GC(350) Metaspace: 8609K(8832K)->8609K(8832K) NonClass: 7455K(7552K)->7455K(7552K) Class: 1153K(1280K)->1153K(1280K)
[34.229s][info][gc             ] GC(350) Pause Young (Normal) (G1 Evacuation Pause) 161M->5M(266M) 2.148ms
[34.229s][info][gc,cpu         ] GC(350) User=0.00s Sys=0.00s Real=0.00s
[34.313s][info][gc,start       ] GC(351) Pause Young (Normal) (G1 Evacuation Pause)
[34.313s][info][gc,task        ] GC(351) Using 6 workers of 33 for evacuation
[34.316s][info][gc,phases      ] GC(351)   Pre Evacuate Collection Set: 0.1ms
[34.316s][info][gc,phases      ] GC(351)   Merge Heap Roots: 0.1ms
[34.316s][info][gc,phases      ] GC(351)   Evacuate Collection Set: 1.7ms
[34.316s][info][gc,phases      ] GC(351)   Post Evacuate Collection Set: 0.3ms
[34.316s][info][gc,phases      ] GC(351)   Other: 0.1ms
[34.316s][info][gc,heap        ] GC(351) Eden regions: 157->0(156)
[34.316s][info][gc,heap        ] GC(351) Survivor regions: 2->3(20)
[34.316s][info][gc,heap        ] GC(351) Old regions: 7->7
[34.316s][info][gc,heap        ] GC(351) Archive regions: 0->0
[34.316s][info][gc,heap        ] GC(351) Humongous regions: 0->0
[34.316s][info][gc,metaspace   ] GC(351) Metaspace: 8609K(8832K)->8609K(8832K) NonClass: 7455K(7552K)->7455K(7552K) Class: 1153K(1280K)->1153K(1280K)
[34.316s][info][gc             ] GC(351) Pause Young (Normal) (G1 Evacuation Pause) 162M->5M(266M) 2.790ms
[34.316s][info][gc,cpu         ] GC(351) User=0.00s Sys=0.00s Real=0.00s
[34.393s][info][gc,start       ] GC(352) Pause Young (Normal) (G1 Evacuation Pause)
[34.393s][info][gc,task        ] GC(352) Using 6 workers of 33 for evacuation
[34.396s][info][gc,phases      ] GC(352)   Pre Evacuate Collection Set: 0.1ms
[34.396s][info][gc,phases      ] GC(352)   Merge Heap Roots: 0.1ms
[34.396s][info][gc,phases      ] GC(352)   Evacuate Collection Set: 2.0ms
[34.396s][info][gc,phases      ] GC(352)   Post Evacuate Collection Set: 0.3ms
[34.396s][info][gc,phases      ] GC(352)   Other: 0.1ms
[34.396s][info][gc,heap        ] GC(352) Eden regions: 156->0(156)
[34.396s][info][gc,heap        ] GC(352) Survivor regions: 3->3(20)
[34.396s][info][gc,heap        ] GC(352) Old regions: 7->7
[34.396s][info][gc,heap        ] GC(352) Archive regions: 0->0
[34.396s][info][gc,heap        ] GC(352) Humongous regions: 0->0
[34.396s][info][gc,metaspace   ] GC(352) Metaspace: 8609K(8832K)->8609K(8832K) NonClass: 7455K(7552K)->7455K(7552K) Class: 1153K(1280K)->1153K(1280K)
[34.396s][info][gc             ] GC(352) Pause Young (Normal) (G1 Evacuation Pause) 161M->6M(266M) 2.984ms
[34.396s][info][gc,cpu         ] GC(352) User=0.00s Sys=0.00s Real=0.00s
[34.474s][info][gc,start       ] GC(353) Pause Young (Normal) (G1 Evacuation Pause)
[34.474s][info][gc,task        ] GC(353) Using 6 workers of 33 for evacuation
[34.477s][info][gc,phases      ] GC(353)   Pre Evacuate Collection Set: 0.1ms
[34.477s][info][gc,phases      ] GC(353)   Merge Heap Roots: 0.1ms
[34.477s][info][gc,phases      ] GC(353)   Evacuate Collection Set: 2.5ms
[34.477s][info][gc,phases      ] GC(353)   Post Evacuate Collection Set: 0.3ms
[34.477s][info][gc,phases      ] GC(353)   Other: 0.1ms
[34.477s][info][gc,heap        ] GC(353) Eden regions: 156->0(155)
[34.477s][info][gc,heap        ] GC(353) Survivor regions: 3->4(20)
[34.477s][info][gc,heap        ] GC(353) Old regions: 7->7
[34.477s][info][gc,heap        ] GC(353) Archive regions: 0->0
[34.477s][info][gc,heap        ] GC(353) Humongous regions: 0->0
[34.477s][info][gc,metaspace   ] GC(353) Metaspace: 8609K(8832K)->8609K(8832K) NonClass: 7455K(7552K)->7455K(7552K) Class: 1153K(1280K)->1153K(1280K)
[34.477s][info][gc             ] GC(353) Pause Young (Normal) (G1 Evacuation Pause) 162M->6M(266M) 3.419ms
[34.477s][info][gc,cpu         ] GC(353) User=0.09s Sys=0.00s Real=0.02s
[34.559s][info][gc,start       ] GC(354) Pause Young (Normal) (G1 Evacuation Pause)
[34.559s][info][gc,task        ] GC(354) Using 6 workers of 33 for evacuation
[34.562s][info][gc,phases      ] GC(354)   Pre Evacuate Collection Set: 0.1ms
[34.562s][info][gc,phases      ] GC(354)   Merge Heap Roots: 0.1ms
[34.562s][info][gc,phases      ] GC(354)   Evacuate Collection Set: 2.8ms
[34.562s][info][gc,phases      ] GC(354)   Post Evacuate Collection Set: 0.3ms
[34.562s][info][gc,phases      ] GC(354)   Other: 0.1ms
[34.562s][info][gc,heap        ] GC(354) Eden regions: 155->0(155)
[34.562s][info][gc,heap        ] GC(354) Survivor regions: 4->4(20)
[34.562s][info][gc,heap        ] GC(354) Old regions: 7->7
[34.562s][info][gc,heap        ] GC(354) Archive regions: 0->0
[34.562s][info][gc,heap        ] GC(354) Humongous regions: 0->0
[34.562s][info][gc,metaspace   ] GC(354) Metaspace: 8609K(8832K)->8609K(8832K) NonClass: 7455K(7552K)->7455K(7552K) Class: 1153K(1280K)->1153K(1280K)
[34.562s][info][gc             ] GC(354) Pause Young (Normal) (G1 Evacuation Pause) 161M->7M(266M) 3.773ms
[34.562s][info][gc,cpu         ] GC(354) User=0.00s Sys=0.00s Real=0.00s
[34.656s][info][gc,start       ] GC(355) Pause Young (Normal) (G1 Evacuation Pause)
[34.656s][info][gc,task        ] GC(355) Using 6 workers of 33 for evacuation
[34.660s][info][gc,phases      ] GC(355)   Pre Evacuate Collection Set: 0.1ms
[34.660s][info][gc,phases      ] GC(355)   Merge Heap Roots: 0.1ms
[34.660s][info][gc,phases      ] GC(355)   Evacuate Collection Set: 3.0ms
[34.660s][info][gc,phases      ] GC(355)   Post Evacuate Collection Set: 0.3ms
[34.660s][info][gc,phases      ] GC(355)   Other: 0.1ms
[34.660s][info][gc,heap        ] GC(355) Eden regions: 155->0(154)
[34.660s][info][gc,heap        ] GC(355) Survivor regions: 4->5(20)
[34.660s][info][gc,heap        ] GC(355) Old regions: 7->7
[34.660s][info][gc,heap        ] GC(355) Archive regions: 0->0
[34.660s][info][gc,heap        ] GC(355) Humongous regions: 0->0
[34.660s][info][gc,metaspace   ] GC(355) Metaspace: 8609K(8832K)->8609K(8832K) NonClass: 7455K(7552K)->7455K(7552K) Class: 1153K(1280K)->1153K(1280K)
[34.660s][info][gc             ] GC(355) Pause Young (Normal) (G1 Evacuation Pause) 162M->7M(266M) 3.935ms
[34.660s][info][gc,cpu         ] GC(355) User=0.00s Sys=0.00s Real=0.00s
[34.768s][info][gc,start       ] GC(356) Pause Young (Normal) (G1 Evacuation Pause)
[34.768s][info][gc,task        ] GC(356) Using 6 workers of 33 for evacuation
[34.772s][info][gc,phases      ] GC(356)   Pre Evacuate Collection Set: 0.1ms
[34.772s][info][gc,phases      ] GC(356)   Merge Heap Roots: 0.1ms
[34.772s][info][gc,phases      ] GC(356)   Evacuate Collection Set: 3.1ms
[34.772s][info][gc,phases      ] GC(356)   Post Evacuate Collection Set: 0.3ms
[34.772s][info][gc,phases      ] GC(356)   Other: 0.1ms
[34.772s][info][gc,heap        ] GC(356) Eden regions: 154->0(154)
[34.772s][info][gc,heap        ] GC(356) Survivor regions: 5->5(20)
[34.772s][info][gc,heap        ] GC(356) Old regions: 7->7
[34.772s][info][gc,heap        ] GC(356) Archive regions: 0->0
[34.772s][info][gc,heap        ] GC(356) Humongous regions: 0->0
[34.772s][info][gc,metaspace   ] GC(356) Metaspace: 8609K(8832K)->8609K(8832K) NonClass: 7455K(7552K)->7455K(7552K) Class: 1153K(1280K)->1153K(1280K)
[34.772s][info][gc             ] GC(356) Pause Young (Normal) (G1 Evacuation Pause) 161M->8M(266M) 4.157ms
[34.772s][info][gc,cpu         ] GC(356) User=0.02s Sys=0.00s Real=0.02s
[34.848s][info][gc,start       ] GC(357) Pause Young (Normal) (G1 Evacuation Pause)
[34.848s][info][gc,task        ] GC(357) Using 6 workers of 33 for evacuation
[34.852s][info][gc,phases      ] GC(357)   Pre Evacuate Collection Set: 0.1ms
[34.852s][info][gc,phases      ] GC(357)   Merge Heap Roots: 0.1ms
[34.852s][info][gc,phases      ] GC(357)   Evacuate Collection Set: 2.9ms
[34.852s][info][gc,phases      ] GC(357)   Post Evacuate Collection Set: 0.3ms
[34.852s][info][gc,phases      ] GC(357)   Other: 0.1ms
[34.852s][info][gc,heap        ] GC(357) Eden regions: 154->0(153)
[34.852s][info][gc,heap        ] GC(357) Survivor regions: 5->6(20)
[34.852s][info][gc,heap        ] GC(357) Old regions: 7->7
[34.852s][info][gc,heap        ] GC(357) Archive regions: 0->0
[34.852s][info][gc,heap        ] GC(357) Humongous regions: 0->0
[34.852s][info][gc,metaspace   ] GC(357) Metaspace: 8609K(8832K)->8609K(8832K) NonClass: 7455K(7552K)->7455K(7552K) Class: 1153K(1280K)->1153K(1280K)
[34.852s][info][gc             ] GC(357) Pause Young (Normal) (G1 Evacuation Pause) 162M->9M(266M) 3.831ms
[34.852s][info][gc,cpu         ] GC(357) User=0.09s Sys=0.00s Real=0.02s
[34.928s][info][gc,start       ] GC(358) Pause Young (Normal) (G1 Evacuation Pause)
[34.928s][info][gc,task        ] GC(358) Using 6 workers of 33 for evacuation
[34.932s][info][gc,phases      ] GC(358)   Pre Evacuate Collection Set: 0.1ms
[34.932s][info][gc,phases      ] GC(358)   Merge Heap Roots: 0.1ms
[34.932s][info][gc,phases      ] GC(358)   Evacuate Collection Set: 3.1ms
[34.932s][info][gc,phases      ] GC(358)   Post Evacuate Collection Set: 0.3ms
[34.932s][info][gc,phases      ] GC(358)   Other: 0.1ms
[34.932s][info][gc,heap        ] GC(358) Eden regions: 153->0(152)
[34.932s][info][gc,heap        ] GC(358) Survivor regions: 6->7(20)
[34.932s][info][gc,heap        ] GC(358) Old regions: 7->7
[34.932s][info][gc,heap        ] GC(358) Archive regions: 0->0
[34.932s][info][gc,heap        ] GC(358) Humongous regions: 0->0
[34.932s][info][gc,metaspace   ] GC(358) Metaspace: 8609K(8832K)->8609K(8832K) NonClass: 7455K(7552K)->7455K(7552K) Class: 1153K(1280K)->1153K(1280K)
[34.932s][info][gc             ] GC(358) Pause Young (Normal) (G1 Evacuation Pause) 162M->9M(266M) 4.125ms
[34.932s][info][gc,cpu         ] GC(358) User=0.02s Sys=0.00s Real=0.02s
[35.011s][info][gc,start       ] GC(359) Pause Young (Normal) (G1 Evacuation Pause)
[35.011s][info][gc,task        ] GC(359) Using 6 workers of 33 for evacuation
[35.016s][info][gc,phases      ] GC(359)   Pre Evacuate Collection Set: 0.1ms
[35.016s][info][gc,phases      ] GC(359)   Merge Heap Roots: 0.1ms
[35.016s][info][gc,phases      ] GC(359)   Evacuate Collection Set: 3.8ms
[35.016s][info][gc,phases      ] GC(359)   Post Evacuate Collection Set: 0.3ms
[35.016s][info][gc,phases      ] GC(359)   Other: 0.1ms
[35.016s][info][gc,heap        ] GC(359) Eden regions: 152->0(151)
[35.016s][info][gc,heap        ] GC(359) Survivor regions: 7->8(20)
[35.016s][info][gc,heap        ] GC(359) Old regions: 7->7
[35.016s][info][gc,heap        ] GC(359) Archive regions: 0->0
[35.016s][info][gc,heap        ] GC(359) Humongous regions: 0->0
[35.016s][info][gc,metaspace   ] GC(359) Metaspace: 8609K(8832K)->8609K(8832K) NonClass: 7455K(7552K)->7455K(7552K) Class: 1153K(1280K)->1153K(1280K)
[35.016s][info][gc             ] GC(359) Pause Young (Normal) (G1 Evacuation Pause) 161M->11M(266M) 4.774ms
[35.016s][info][gc,cpu         ] GC(359) User=0.00s Sys=0.00s Real=0.00s
[35.093s][info][gc,start       ] GC(360) Pause Young (Normal) (G1 Evacuation Pause)
[35.093s][info][gc,task        ] GC(360) Using 6 workers of 33 for evacuation
[35.099s][info][gc,phases      ] GC(360)   Pre Evacuate Collection Set: 0.1ms
[35.099s][info][gc,phases      ] GC(360)   Merge Heap Roots: 0.1ms
[35.099s][info][gc,phases      ] GC(360)   Evacuate Collection Set: 4.9ms
[35.099s][info][gc,phases      ] GC(360)   Post Evacuate Collection Set: 0.3ms
[35.099s][info][gc,phases      ] GC(360)   Other: 0.1ms
[35.099s][info][gc,heap        ] GC(360) Eden regions: 151->0(151)
[35.099s][info][gc,heap        ] GC(360) Survivor regions: 8->8(20)
[35.099s][info][gc,heap        ] GC(360) Old regions: 7->7
[35.099s][info][gc,heap        ] GC(360) Archive regions: 0->0
[35.099s][info][gc,heap        ] GC(360) Humongous regions: 0->0
[35.099s][info][gc,metaspace   ] GC(360) Metaspace: 8609K(8832K)->8609K(8832K) NonClass: 7455K(7552K)->7455K(7552K) Class: 1153K(1280K)->1153K(1280K)
[35.099s][info][gc             ] GC(360) Pause Young (Normal) (G1 Evacuation Pause) 162M->10M(266M) 5.902ms
[35.099s][info][gc,cpu         ] GC(360) User=0.00s Sys=0.00s Real=0.00s
[35.177s][info][gc,start       ] GC(361) Pause Young (Normal) (G1 Evacuation Pause)
[35.177s][info][gc,task        ] GC(361) Using 6 workers of 33 for evacuation
[35.183s][info][gc,phases      ] GC(361)   Pre Evacuate Collection Set: 0.1ms
[35.183s][info][gc,phases      ] GC(361)   Merge Heap Roots: 0.1ms
[35.183s][info][gc,phases      ] GC(361)   Evacuate Collection Set: 5.1ms
[35.183s][info][gc,phases      ] GC(361)   Post Evacuate Collection Set: 0.3ms
[35.183s][info][gc,phases      ] GC(361)   Other: 0.1ms
[35.183s][info][gc,heap        ] GC(361) Eden regions: 151->0(151)
[35.183s][info][gc,heap        ] GC(361) Survivor regions: 8->8(20)
[35.183s][info][gc,heap        ] GC(361) Old regions: 7->7
[35.183s][info][gc,heap        ] GC(361) Archive regions: 0->0
[35.183s][info][gc,heap        ] GC(361) Humongous regions: 0->0
[35.183s][info][gc,metaspace   ] GC(361) Metaspace: 8609K(8832K)->8609K(8832K) NonClass: 7455K(7552K)->7455K(7552K) Class: 1153K(1280K)->1153K(1280K)
[35.183s][info][gc             ] GC(361) Pause Young (Normal) (G1 Evacuation Pause) 161M->11M(266M) 6.019ms
[35.183s][info][gc,cpu         ] GC(361) User=0.09s Sys=0.00s Real=0.02s
[35.275s][info][gc,start       ] GC(362) Pause Young (Normal) (G1 Evacuation Pause)
[35.275s][info][gc,task        ] GC(362) Using 6 workers of 33 for evacuation
[35.281s][info][gc,phases      ] GC(362)   Pre Evacuate Collection Set: 0.1ms
[35.281s][info][gc,phases      ] GC(362)   Merge Heap Roots: 0.1ms
[35.281s][info][gc,phases      ] GC(362)   Evacuate Collection Set: 5.0ms
[35.281s][info][gc,phases      ] GC(362)   Post Evacuate Collection Set: 0.3ms
[35.281s][info][gc,phases      ] GC(362)   Other: 0.1ms
[35.281s][info][gc,heap        ] GC(362) Eden regions: 151->0(150)
[35.281s][info][gc,heap        ] GC(362) Survivor regions: 8->9(20)
[35.281s][info][gc,heap        ] GC(362) Old regions: 7->7
[35.281s][info][gc,heap        ] GC(362) Archive regions: 0->0
[35.281s][info][gc,heap        ] GC(362) Humongous regions: 0->0
[35.281s][info][gc,metaspace   ] GC(362) Metaspace: 8609K(8832K)->8609K(8832K) NonClass: 7455K(7552K)->7455K(7552K) Class: 1153K(1280K)->1153K(1280K)
[35.281s][info][gc             ] GC(362) Pause Young (Normal) (G1 Evacuation Pause) 162M->11M(266M) 5.938ms
[35.281s][info][gc,cpu         ] GC(362) User=0.00s Sys=0.00s Real=0.00s
[35.364s][info][gc,start       ] GC(363) Pause Young (Normal) (G1 Evacuation Pause)
[35.364s][info][gc,task        ] GC(363) Using 6 workers of 33 for evacuation
[35.370s][info][gc,phases      ] GC(363)   Pre Evacuate Collection Set: 0.1ms
[35.370s][info][gc,phases      ] GC(363)   Merge Heap Roots: 0.1ms
[35.370s][info][gc,phases      ] GC(363)   Evacuate Collection Set: 5.6ms
[35.370s][info][gc,phases      ] GC(363)   Post Evacuate Collection Set: 0.3ms
[35.370s][info][gc,phases      ] GC(363)   Other: 0.1ms
[35.370s][info][gc,heap        ] GC(363) Eden regions: 150->0(150)
[35.370s][info][gc,heap        ] GC(363) Survivor regions: 9->9(20)
[35.370s][info][gc,heap        ] GC(363) Old regions: 7->7
[35.370s][info][gc,heap        ] GC(363) Archive regions: 0->0
[35.370s][info][gc,heap        ] GC(363) Humongous regions: 0->0
[35.370s][info][gc,metaspace   ] GC(363) Metaspace: 8609K(8832K)->8609K(8832K) NonClass: 7455K(7552K)->7455K(7552K) Class: 1153K(1280K)->1153K(1280K)
[35.370s][info][gc             ] GC(363) Pause Young (Normal) (G1 Evacuation Pause) 161M->12M(266M) 6.595ms
[35.370s][info][gc,cpu         ] GC(363) User=0.09s Sys=0.00s Real=0.02s
[35.447s][info][gc,start       ] GC(364) Pause Young (Normal) (G1 Evacuation Pause)
[35.447s][info][gc,task        ] GC(364) Using 6 workers of 33 for evacuation
[35.453s][info][gc,phases      ] GC(364)   Pre Evacuate Collection Set: 0.1ms
[35.453s][info][gc,phases      ] GC(364)   Merge Heap Roots: 0.1ms
[35.453s][info][gc,phases      ] GC(364)   Evacuate Collection Set: 5.9ms
[35.454s][info][gc,phases      ] GC(364)   Post Evacuate Collection Set: 0.3ms
[35.454s][info][gc,phases      ] GC(364)   Other: 0.1ms
[35.454s][info][gc,heap        ] GC(364) Eden regions: 150->0(150)
[35.454s][info][gc,heap        ] GC(364) Survivor regions: 9->9(20)
[35.454s][info][gc,heap        ] GC(364) Old regions: 7->7
[35.454s][info][gc,heap        ] GC(364) Archive regions: 0->0
[35.454s][info][gc,heap        ] GC(364) Humongous regions: 0->0
[35.454s][info][gc,metaspace   ] GC(364) Metaspace: 8609K(8832K)->8609K(8832K) NonClass: 7455K(7552K)->7455K(7552K) Class: 1153K(1280K)->1153K(1280K)
[35.454s][info][gc             ] GC(364) Pause Young (Normal) (G1 Evacuation Pause) 162M->12M(266M) 6.819ms
[35.454s][info][gc,cpu         ] GC(364) User=0.00s Sys=0.00s Real=0.00s
[35.543s][info][gc,start       ] GC(365) Pause Young (Normal) (G1 Evacuation Pause)
[35.543s][info][gc,task        ] GC(365) Using 6 workers of 33 for evacuation
[35.550s][info][gc,phases      ] GC(365)   Pre Evacuate Collection Set: 0.1ms
[35.550s][info][gc,phases      ] GC(365)   Merge Heap Roots: 0.1ms
[35.550s][info][gc,phases      ] GC(365)   Evacuate Collection Set: 6.6ms
[35.550s][info][gc,phases      ] GC(365)   Post Evacuate Collection Set: 0.3ms
[35.550s][info][gc,phases      ] GC(365)   Other: 0.1ms
[35.550s][info][gc,heap        ] GC(365) Eden regions: 150->0(149)
[35.550s][info][gc,heap        ] GC(365) Survivor regions: 9->10(20)
[35.550s][info][gc,heap        ] GC(365) Old regions: 7->7
[35.550s][info][gc,heap        ] GC(365) Archive regions: 0->0
[35.550s][info][gc,heap        ] GC(365) Humongous regions: 0->0
[35.550s][info][gc,metaspace   ] GC(365) Metaspace: 8609K(8832K)->8609K(8832K) NonClass: 7455K(7552K)->7455K(7552K) Class: 1153K(1280K)->1153K(1280K)
[35.550s][info][gc             ] GC(365) Pause Young (Normal) (G1 Evacuation Pause) 162M->13M(266M) 7.682ms
[35.550s][info][gc,cpu         ] GC(365) User=0.00s Sys=0.00s Real=0.00s
[35.627s][info][gc,start       ] GC(366) Pause Young (Normal) (G1 Evacuation Pause)
[35.627s][info][gc,task        ] GC(366) Using 6 workers of 33 for evacuation
[35.634s][info][gc,phases      ] GC(366)   Pre Evacuate Collection Set: 0.1ms
[35.634s][info][gc,phases      ] GC(366)   Merge Heap Roots: 0.1ms
[35.634s][info][gc,phases      ] GC(366)   Evacuate Collection Set: 6.3ms
[35.634s][info][gc,phases      ] GC(366)   Post Evacuate Collection Set: 0.3ms
[35.634s][info][gc,phases      ] GC(366)   Other: 0.1ms
[35.634s][info][gc,heap        ] GC(366) Eden regions: 149->0(148)
[35.634s][info][gc,heap        ] GC(366) Survivor regions: 10->11(20)
[35.634s][info][gc,heap        ] GC(366) Old regions: 7->7
[35.634s][info][gc,heap        ] GC(366) Archive regions: 0->0
[35.634s][info][gc,heap        ] GC(366) Humongous regions: 0->0
[35.634s][info][gc,metaspace   ] GC(366) Metaspace: 8609K(8832K)->8609K(8832K) NonClass: 7455K(7552K)->7455K(7552K) Class: 1153K(1280K)->1153K(1280K)
[35.634s][info][gc             ] GC(366) Pause Young (Normal) (G1 Evacuation Pause) 162M->14M(266M) 7.372ms
[35.634s][info][gc,cpu         ] GC(366) User=0.09s Sys=0.00s Real=0.02s
[35.710s][info][gc,start       ] GC(367) Pause Young (Normal) (G1 Evacuation Pause)
[35.710s][info][gc,task        ] GC(367) Using 6 workers of 33 for evacuation
[35.720s][info][gc,phases      ] GC(367)   Pre Evacuate Collection Set: 0.1ms
[35.720s][info][gc,phases      ] GC(367)   Merge Heap Roots: 0.1ms
[35.720s][info][gc,phases      ] GC(367)   Evacuate Collection Set: 9.6ms
[35.720s][info][gc,phases      ] GC(367)   Post Evacuate Collection Set: 0.3ms
[35.720s][info][gc,phases      ] GC(367)   Other: 0.1ms
[35.720s][info][gc,heap        ] GC(367) Eden regions: 148->0(148)
[35.720s][info][gc,heap        ] GC(367) Survivor regions: 11->11(20)
[35.720s][info][gc,heap        ] GC(367) Old regions: 7->7
[35.720s][info][gc,heap        ] GC(367) Archive regions: 0->0
[35.720s][info][gc,heap        ] GC(367) Humongous regions: 0->0
[35.720s][info][gc,metaspace   ] GC(367) Metaspace: 8609K(8832K)->8609K(8832K) NonClass: 7455K(7552K)->7455K(7552K) Class: 1153K(1280K)->1153K(1280K)
[35.721s][info][gc             ] GC(367) Pause Young (Normal) (G1 Evacuation Pause) 162M->14M(266M) 10.583ms
[35.721s][info][gc,cpu         ] GC(367) User=0.00s Sys=0.00s Real=0.00s
[35.821s][info][gc,start       ] GC(368) Pause Young (Normal) (G1 Evacuation Pause)
[35.821s][info][gc,task        ] GC(368) Using 6 workers of 33 for evacuation
[35.828s][info][gc,phases      ] GC(368)   Pre Evacuate Collection Set: 0.1ms
[35.829s][info][gc,phases      ] GC(368)   Merge Heap Roots: 0.1ms
[35.829s][info][gc,phases      ] GC(368)   Evacuate Collection Set: 7.1ms
[35.829s][info][gc,phases      ] GC(368)   Post Evacuate Collection Set: 0.3ms
[35.829s][info][gc,phases      ] GC(368)   Other: 0.1ms
[35.829s][info][gc,heap        ] GC(368) Eden regions: 148->0(148)
[35.829s][info][gc,heap        ] GC(368) Survivor regions: 11->11(20)
[35.829s][info][gc,heap        ] GC(368) Old regions: 7->7
[35.829s][info][gc,heap        ] GC(368) Archive regions: 0->0
[35.829s][info][gc,heap        ] GC(368) Humongous regions: 0->0
[35.829s][info][gc,metaspace   ] GC(368) Metaspace: 8609K(8832K)->8609K(8832K) NonClass: 7455K(7552K)->7455K(7552K) Class: 1153K(1280K)->1153K(1280K)
[35.829s][info][gc             ] GC(368) Pause Young (Normal) (G1 Evacuation Pause) 162M->14M(266M) 8.127ms
[35.829s][info][gc,cpu         ] GC(368) User=0.00s Sys=0.00s Real=0.00s
[35.904s][info][gc,start       ] GC(369) Pause Young (Normal) (G1 Evacuation Pause)
[35.904s][info][gc,task        ] GC(369) Using 6 workers of 33 for evacuation
[35.912s][info][gc,phases      ] GC(369)   Pre Evacuate Collection Set: 0.1ms
[35.912s][info][gc,phases      ] GC(369)   Merge Heap Roots: 0.1ms
[35.912s][info][gc,phases      ] GC(369)   Evacuate Collection Set: 7.2ms
[35.912s][info][gc,phases      ] GC(369)   Post Evacuate Collection Set: 0.3ms
[35.912s][info][gc,phases      ] GC(369)   Other: 0.1ms
[35.912s][info][gc,heap        ] GC(369) Eden regions: 148->0(151)
[35.912s][info][gc,heap        ] GC(369) Survivor regions: 11->8(20)
[35.912s][info][gc,heap        ] GC(369) Old regions: 7->11
[35.912s][info][gc,heap        ] GC(369) Archive regions: 0->0
[35.912s][info][gc,heap        ] GC(369) Humongous regions: 0->0
[35.912s][info][gc,metaspace   ] GC(369) Metaspace: 8609K(8832K)->8609K(8832K) NonClass: 7455K(7552K)->7455K(7552K) Class: 1153K(1280K)->1153K(1280K)
[35.912s][info][gc             ] GC(369) Pause Young (Normal) (G1 Evacuation Pause) 162M->15M(266M) 8.149ms
[35.912s][info][gc,cpu         ] GC(369) User=0.00s Sys=0.00s Real=0.00s
[35.996s][info][gc,start       ] GC(370) Pause Young (Normal) (G1 Evacuation Pause)
[36.017s][info][gc,task        ] GC(370) Using 6 workers of 33 for evacuation
[36.023s][info][gc,phases      ] GC(370)   Pre Evacuate Collection Set: 0.1ms
[36.023s][info][gc,phases      ] GC(370)   Merge Heap Roots: 0.1ms
[36.023s][info][gc,phases      ] GC(370)   Evacuate Collection Set: 5.1ms
[36.023s][info][gc,phases      ] GC(370)   Post Evacuate Collection Set: 0.3ms
[36.023s][info][gc,phases      ] GC(370)   Other: 0.1ms
[36.023s][info][gc,heap        ] GC(370) Eden regions: 151->0(151)
[36.023s][info][gc,heap        ] GC(370) Survivor regions: 8->8(20)
[36.023s][info][gc,heap        ] GC(370) Old regions: 11->11
[36.023s][info][gc,heap        ] GC(370) Archive regions: 0->0
[36.023s][info][gc,heap        ] GC(370) Humongous regions: 0->0
[36.023s][info][gc,metaspace   ] GC(370) Metaspace: 8609K(8832K)->8609K(8832K) NonClass: 7455K(7552K)->7455K(7552K) Class: 1153K(1280K)->1153K(1280K)
[36.023s][info][gc             ] GC(370) Pause Young (Normal) (G1 Evacuation Pause) 166M->15M(266M) 27.625ms
[36.023s][info][gc,cpu         ] GC(370) User=0.09s Sys=0.00s Real=0.03s
[36.109s][info][gc,start       ] GC(371) Pause Young (Normal) (G1 Evacuation Pause)
[36.109s][info][gc,task        ] GC(371) Using 6 workers of 33 for evacuation
[36.115s][info][gc,phases      ] GC(371)   Pre Evacuate Collection Set: 0.1ms
[36.115s][info][gc,phases      ] GC(371)   Merge Heap Roots: 0.1ms
[36.115s][info][gc,phases      ] GC(371)   Evacuate Collection Set: 5.1ms
[36.115s][info][gc,phases      ] GC(371)   Post Evacuate Collection Set: 0.3ms
[36.115s][info][gc,phases      ] GC(371)   Other: 0.1ms
[36.115s][info][gc,heap        ] GC(371) Eden regions: 151->0(150)
[36.115s][info][gc,heap        ] GC(371) Survivor regions: 8->9(20)
[36.115s][info][gc,heap        ] GC(371) Old regions: 11->11
[36.115s][info][gc,heap        ] GC(371) Archive regions: 0->0
[36.115s][info][gc,heap        ] GC(371) Humongous regions: 0->0
[36.115s][info][gc,metaspace   ] GC(371) Metaspace: 8609K(8832K)->8609K(8832K) NonClass: 7455K(7552K)->7455K(7552K) Class: 1153K(1280K)->1153K(1280K)
[36.115s][info][gc             ] GC(371) Pause Young (Normal) (G1 Evacuation Pause) 166M->16M(266M) 6.066ms
[36.115s][info][gc,cpu         ] GC(371) User=0.00s Sys=0.00s Real=0.00s
[36.192s][info][gc,start       ] GC(372) Pause Young (Normal) (G1 Evacuation Pause)
[36.192s][info][gc,task        ] GC(372) Using 6 workers of 33 for evacuation
[36.198s][info][gc,phases      ] GC(372)   Pre Evacuate Collection Set: 0.1ms
[36.198s][info][gc,phases      ] GC(372)   Merge Heap Roots: 0.1ms
[36.198s][info][gc,phases      ] GC(372)   Evacuate Collection Set: 5.5ms
[36.198s][info][gc,phases      ] GC(372)   Post Evacuate Collection Set: 0.3ms
[36.198s][info][gc,phases      ] GC(372)   Other: 0.1ms
[36.198s][info][gc,heap        ] GC(372) Eden regions: 150->0(150)
[36.198s][info][gc,heap        ] GC(372) Survivor regions: 9->9(20)
[36.198s][info][gc,heap        ] GC(372) Old regions: 11->11
[36.198s][info][gc,heap        ] GC(372) Archive regions: 0->0
[36.198s][info][gc,heap        ] GC(372) Humongous regions: 0->0
[36.198s][info][gc,metaspace   ] GC(372) Metaspace: 8609K(8832K)->8609K(8832K) NonClass: 7455K(7552K)->7455K(7552K) Class: 1153K(1280K)->1153K(1280K)
[36.198s][info][gc             ] GC(372) Pause Young (Normal) (G1 Evacuation Pause) 166M->17M(266M) 6.450ms
[36.198s][info][gc,cpu         ] GC(372) User=0.09s Sys=0.00s Real=0.02s
[36.307s][info][gc,start       ] GC(373) Pause Young (Normal) (G1 Evacuation Pause)
[36.308s][info][gc,task        ] GC(373) Using 6 workers of 33 for evacuation
[36.324s][info][gc,phases      ] GC(373)   Pre Evacuate Collection Set: 0.1ms
[36.325s][info][gc,phases      ] GC(373)   Merge Heap Roots: 0.1ms
[36.325s][info][gc,phases      ] GC(373)   Evacuate Collection Set: 16.4ms
[36.325s][info][gc,phases      ] GC(373)   Post Evacuate Collection Set: 0.3ms
[36.325s][info][gc,phases      ] GC(373)   Other: 0.1ms
[36.325s][info][gc,heap        ] GC(373) Eden regions: 150->0(140)
[36.325s][info][gc,heap        ] GC(373) Survivor regions: 9->19(20)
[36.325s][info][gc,heap        ] GC(373) Old regions: 11->11
[36.325s][info][gc,heap        ] GC(373) Archive regions: 0->0
[36.325s][info][gc,heap        ] GC(373) Humongous regions: 3->3
[36.325s][info][gc,metaspace   ] GC(373) Metaspace: 8609K(8832K)->8609K(8832K) NonClass: 7455K(7552K)->7455K(7552K) Class: 1153K(1280K)->1153K(1280K)
[36.325s][info][gc             ] GC(373) Pause Young (Normal) (G1 Evacuation Pause) 170M->30M(266M) 17.426ms
[36.325s][info][gc,cpu         ] GC(373) User=0.09s Sys=0.00s Real=0.02s
[36.401s][info][gc,start       ] GC(374) Pause Young (Normal) (G1 Evacuation Pause)
[36.401s][info][gc,task        ] GC(374) Using 6 workers of 33 for evacuation
[36.415s][info][gc,phases      ] GC(374)   Pre Evacuate Collection Set: 0.1ms
[36.415s][info][gc,phases      ] GC(374)   Merge Heap Roots: 0.1ms
[36.415s][info][gc,phases      ] GC(374)   Evacuate Collection Set: 13.8ms
[36.415s][info][gc,phases      ] GC(374)   Post Evacuate Collection Set: 0.6ms
[36.416s][info][gc,phases      ] GC(374)   Other: 0.1ms
[36.416s][info][gc,heap        ] GC(374) Eden regions: 140->0(170)
[36.416s][info][gc,heap        ] GC(374) Survivor regions: 19->1(20)
[36.416s][info][gc,heap        ] GC(374) Old regions: 11->30
[36.416s][info][gc,heap        ] GC(374) Archive regions: 0->0
[36.416s][info][gc,heap        ] GC(374) Humongous regions: 3->3
[36.416s][info][gc,metaspace   ] GC(374) Metaspace: 8609K(8832K)->8609K(8832K) NonClass: 7455K(7552K)->7455K(7552K) Class: 1153K(1280K)->1153K(1280K)
[36.416s][info][gc             ] GC(374) Pause Young (Normal) (G1 Evacuation Pause) 170M->30M(285M) 15.113ms
[36.416s][info][gc,cpu         ] GC(374) User=0.09s Sys=0.00s Real=0.02s
[36.511s][info][gc,start       ] GC(375) Pause Young (Normal) (G1 Evacuation Pause)
[36.511s][info][gc,task        ] GC(375) Using 6 workers of 33 for evacuation
[36.513s][info][gc,phases      ] GC(375)   Pre Evacuate Collection Set: 0.1ms
[36.513s][info][gc,phases      ] GC(375)   Merge Heap Roots: 0.1ms
[36.513s][info][gc,phases      ] GC(375)   Evacuate Collection Set: 1.3ms
[36.513s][info][gc,phases      ] GC(375)   Post Evacuate Collection Set: 0.3ms
[36.513s][info][gc,phases      ] GC(375)   Other: 0.1ms
[36.513s][info][gc,heap        ] GC(375) Eden regions: 170->0(169)
[36.513s][info][gc,heap        ] GC(375) Survivor regions: 1->2(22)
[36.513s][info][gc,heap        ] GC(375) Old regions: 30->30
[36.513s][info][gc,heap        ] GC(375) Archive regions: 0->0
[36.513s][info][gc,heap        ] GC(375) Humongous regions: 3->3
[36.513s][info][gc,metaspace   ] GC(375) Metaspace: 8609K(8832K)->8609K(8832K) NonClass: 7455K(7552K)->7455K(7552K) Class: 1153K(1280K)->1153K(1280K)
[36.513s][info][gc             ] GC(375) Pause Young (Normal) (G1 Evacuation Pause) 200M->31M(285M) 2.246ms
[36.513s][info][gc,cpu         ] GC(375) User=0.00s Sys=0.00s Real=0.00s
[36.602s][info][gc,start       ] GC(376) Pause Young (Normal) (G1 Evacuation Pause)
[36.602s][info][gc,task        ] GC(376) Using 6 workers of 33 for evacuation
[36.605s][info][gc,phases      ] GC(376)   Pre Evacuate Collection Set: 0.1ms
[36.605s][info][gc,phases      ] GC(376)   Merge Heap Roots: 0.1ms
[36.605s][info][gc,phases      ] GC(376)   Evacuate Collection Set: 2.5ms
[36.605s][info][gc,phases      ] GC(376)   Post Evacuate Collection Set: 0.3ms
[36.605s][info][gc,phases      ] GC(376)   Other: 0.1ms
[36.605s][info][gc,heap        ] GC(376) Eden regions: 169->0(168)
[36.605s][info][gc,heap        ] GC(376) Survivor regions: 2->3(22)
[36.605s][info][gc,heap        ] GC(376) Old regions: 30->30
[36.605s][info][gc,heap        ] GC(376) Archive regions: 0->0
[36.605s][info][gc,heap        ] GC(376) Humongous regions: 3->3
[36.605s][info][gc,metaspace   ] GC(376) Metaspace: 8609K(8832K)->8609K(8832K) NonClass: 7455K(7552K)->7455K(7552K) Class: 1153K(1280K)->1153K(1280K)
[36.605s][info][gc             ] GC(376) Pause Young (Normal) (G1 Evacuation Pause) 200M->32M(285M) 3.426ms
[36.605s][info][gc,cpu         ] GC(376) User=0.00s Sys=0.00s Real=0.00s
[36.689s][info][gc,start       ] GC(377) Pause Young (Normal) (G1 Evacuation Pause)
[36.689s][info][gc,task        ] GC(377) Using 6 workers of 33 for evacuation
[36.691s][info][gc,phases      ] GC(377)   Pre Evacuate Collection Set: 0.1ms
[36.691s][info][gc,phases      ] GC(377)   Merge Heap Roots: 0.1ms
[36.691s][info][gc,phases      ] GC(377)   Evacuate Collection Set: 2.0ms
[36.691s][info][gc,phases      ] GC(377)   Post Evacuate Collection Set: 0.3ms
[36.691s][info][gc,phases      ] GC(377)   Other: 0.1ms
[36.691s][info][gc,heap        ] GC(377) Eden regions: 168->0(168)
[36.691s][info][gc,heap        ] GC(377) Survivor regions: 3->3(22)
[36.691s][info][gc,heap        ] GC(377) Old regions: 30->30
[36.691s][info][gc,heap        ] GC(377) Archive regions: 0->0
[36.691s][info][gc,heap        ] GC(377) Humongous regions: 3->3
[36.691s][info][gc,metaspace   ] GC(377) Metaspace: 8609K(8832K)->8609K(8832K) NonClass: 7455K(7552K)->7455K(7552K) Class: 1153K(1280K)->1153K(1280K)
[36.691s][info][gc             ] GC(377) Pause Young (Normal) (G1 Evacuation Pause) 200M->32M(285M) 2.949ms
[36.692s][info][gc,cpu         ] GC(377) User=0.00s Sys=0.00s Real=0.00s
[36.781s][info][gc,start       ] GC(378) Pause Young (Normal) (G1 Evacuation Pause)
[36.781s][info][gc,task        ] GC(378) Using 6 workers of 33 for evacuation
[36.784s][info][gc,phases      ] GC(378)   Pre Evacuate Collection Set: 0.1ms
[36.784s][info][gc,phases      ] GC(378)   Merge Heap Roots: 0.1ms
[36.784s][info][gc,phases      ] GC(378)   Evacuate Collection Set: 2.4ms
[36.784s][info][gc,phases      ] GC(378)   Post Evacuate Collection Set: 0.3ms
[36.784s][info][gc,phases      ] GC(378)   Other: 0.1ms
[36.784s][info][gc,heap        ] GC(378) Eden regions: 168->0(167)
[36.784s][info][gc,heap        ] GC(378) Survivor regions: 3->4(22)
[36.784s][info][gc,heap        ] GC(378) Old regions: 30->30
[36.784s][info][gc,heap        ] GC(378) Archive regions: 0->0
[36.784s][info][gc,heap        ] GC(378) Humongous regions: 3->3
[36.784s][info][gc,metaspace   ] GC(378) Metaspace: 8609K(8832K)->8609K(8832K) NonClass: 7455K(7552K)->7455K(7552K) Class: 1153K(1280K)->1153K(1280K)
[36.784s][info][gc             ] GC(378) Pause Young (Normal) (G1 Evacuation Pause) 200M->33M(285M) 3.388ms
[36.784s][info][gc,cpu         ] GC(378) User=0.00s Sys=0.00s Real=0.00s
[36.867s][info][gc,start       ] GC(379) Pause Young (Normal) (G1 Evacuation Pause)
[36.867s][info][gc,task        ] GC(379) Using 6 workers of 33 for evacuation
[36.870s][info][gc,phases      ] GC(379)   Pre Evacuate Collection Set: 0.1ms
[36.870s][info][gc,phases      ] GC(379)   Merge Heap Roots: 0.1ms
[36.870s][info][gc,phases      ] GC(379)   Evacuate Collection Set: 2.6ms
[36.870s][info][gc,phases      ] GC(379)   Post Evacuate Collection Set: 0.3ms
[36.870s][info][gc,phases      ] GC(379)   Other: 0.1ms
[36.871s][info][gc,heap        ] GC(379) Eden regions: 167->0(167)
[36.871s][info][gc,heap        ] GC(379) Survivor regions: 4->4(22)
[36.871s][info][gc,heap        ] GC(379) Old regions: 30->30
[36.871s][info][gc,heap        ] GC(379) Archive regions: 0->0
[36.871s][info][gc,heap        ] GC(379) Humongous regions: 3->3
[36.871s][info][gc,metaspace   ] GC(379) Metaspace: 8609K(8832K)->8609K(8832K) NonClass: 7455K(7552K)->7455K(7552K) Class: 1153K(1280K)->1153K(1280K)
[36.871s][info][gc             ] GC(379) Pause Young (Normal) (G1 Evacuation Pause) 200M->33M(285M) 3.532ms
[36.871s][info][gc,cpu         ] GC(379) User=0.00s Sys=0.00s Real=0.00s
[36.954s][info][gc,start       ] GC(380) Pause Young (Normal) (G1 Evacuation Pause)
[36.954s][info][gc,task        ] GC(380) Using 6 workers of 33 for evacuation
[36.958s][info][gc,phases      ] GC(380)   Pre Evacuate Collection Set: 0.1ms
[36.958s][info][gc,phases      ] GC(380)   Merge Heap Roots: 0.1ms
[36.958s][info][gc,phases      ] GC(380)   Evacuate Collection Set: 3.1ms
[36.958s][info][gc,phases      ] GC(380)   Post Evacuate Collection Set: 0.3ms
[36.958s][info][gc,phases      ] GC(380)   Other: 0.1ms
[36.958s][info][gc,heap        ] GC(380) Eden regions: 167->0(166)
[36.958s][info][gc,heap        ] GC(380) Survivor regions: 4->5(22)
[36.958s][info][gc,heap        ] GC(380) Old regions: 30->30
[36.958s][info][gc,heap        ] GC(380) Archive regions: 0->0
[36.958s][info][gc,heap        ] GC(380) Humongous regions: 3->3
[36.958s][info][gc,metaspace   ] GC(380) Metaspace: 8609K(8832K)->8609K(8832K) NonClass: 7455K(7552K)->7455K(7552K) Class: 1153K(1280K)->1153K(1280K)
[36.958s][info][gc             ] GC(380) Pause Young (Normal) (G1 Evacuation Pause) 200M->34M(285M) 4.032ms
[36.958s][info][gc,cpu         ] GC(380) User=0.00s Sys=0.00s Real=0.00s
[37.053s][info][gc,start       ] GC(381) Pause Young (Normal) (G1 Evacuation Pause)
[37.053s][info][gc,task        ] GC(381) Using 6 workers of 33 for evacuation
[37.060s][info][gc,phases      ] GC(381)   Pre Evacuate Collection Set: 0.1ms
[37.060s][info][gc,phases      ] GC(381)   Merge Heap Roots: 0.1ms
[37.060s][info][gc,phases      ] GC(381)   Evacuate Collection Set: 6.0ms
[37.060s][info][gc,phases      ] GC(381)   Post Evacuate Collection Set: 0.3ms
[37.060s][info][gc,phases      ] GC(381)   Other: 0.1ms
[37.060s][info][gc,heap        ] GC(381) Eden regions: 166->0(161)
[37.060s][info][gc,heap        ] GC(381) Survivor regions: 5->10(22)
[37.060s][info][gc,heap        ] GC(381) Old regions: 30->30
[37.060s][info][gc,heap        ] GC(381) Archive regions: 0->0
[37.060s][info][gc,heap        ] GC(381) Humongous regions: 3->3
[37.060s][info][gc,metaspace   ] GC(381) Metaspace: 8609K(8832K)->8609K(8832K) NonClass: 7455K(7552K)->7455K(7552K) Class: 1153K(1280K)->1153K(1280K)
[37.060s][info][gc             ] GC(381) Pause Young (Normal) (G1 Evacuation Pause) 200M->39M(285M) 7.001ms
[37.060s][info][gc,cpu         ] GC(381) User=0.00s Sys=0.00s Real=0.00s
[37.139s][info][gc,start       ] GC(382) Pause Young (Normal) (G1 Evacuation Pause)
[37.139s][info][gc,task        ] GC(382) Using 6 workers of 33 for evacuation
[37.146s][info][gc,phases      ] GC(382)   Pre Evacuate Collection Set: 0.1ms
[37.146s][info][gc,phases      ] GC(382)   Merge Heap Roots: 0.1ms
[37.146s][info][gc,phases      ] GC(382)   Evacuate Collection Set: 6.4ms
[37.147s][info][gc,phases      ] GC(382)   Post Evacuate Collection Set: 0.3ms
[37.147s][info][gc,phases      ] GC(382)   Other: 0.1ms
[37.147s][info][gc,heap        ] GC(382) Eden regions: 161->0(160)
[37.147s][info][gc,heap        ] GC(382) Survivor regions: 10->11(22)
[37.147s][info][gc,heap        ] GC(382) Old regions: 30->30
[37.147s][info][gc,heap        ] GC(382) Archive regions: 0->0
[37.147s][info][gc,heap        ] GC(382) Humongous regions: 3->3
[37.147s][info][gc,metaspace   ] GC(382) Metaspace: 8609K(8832K)->8609K(8832K) NonClass: 7455K(7552K)->7455K(7552K) Class: 1153K(1280K)->1153K(1280K)
[37.147s][info][gc             ] GC(382) Pause Young (Normal) (G1 Evacuation Pause) 200M->40M(285M) 7.367ms
[37.147s][info][gc,cpu         ] GC(382) User=0.09s Sys=0.00s Real=0.02s
[37.235s][info][gc,start       ] GC(383) Pause Young (Normal) (G1 Evacuation Pause)
[37.235s][info][gc,task        ] GC(383) Using 6 workers of 33 for evacuation
[37.242s][info][gc,phases      ] GC(383)   Pre Evacuate Collection Set: 0.1ms
[37.242s][info][gc,phases      ] GC(383)   Merge Heap Roots: 0.1ms
[37.242s][info][gc,phases      ] GC(383)   Evacuate Collection Set: 6.7ms
[37.242s][info][gc,phases      ] GC(383)   Post Evacuate Collection Set: 0.3ms
[37.242s][info][gc,phases      ] GC(383)   Other: 0.1ms
[37.242s][info][gc,heap        ] GC(383) Eden regions: 160->0(160)
[37.242s][info][gc,heap        ] GC(383) Survivor regions: 11->11(22)
[37.242s][info][gc,heap        ] GC(383) Old regions: 30->30
[37.243s][info][gc,heap        ] GC(383) Archive regions: 0->0
[37.243s][info][gc,heap        ] GC(383) Humongous regions: 3->3
[37.243s][info][gc,metaspace   ] GC(383) Metaspace: 8609K(8832K)->8609K(8832K) NonClass: 7455K(7552K)->7455K(7552K) Class: 1153K(1280K)->1153K(1280K)
[37.243s][info][gc             ] GC(383) Pause Young (Normal) (G1 Evacuation Pause) 200M->40M(285M) 7.726ms
[37.243s][info][gc,cpu         ] GC(383) User=0.00s Sys=0.00s Real=0.00s
[37.323s][info][gc,start       ] GC(384) Pause Young (Normal) (G1 Evacuation Pause)
[37.323s][info][gc,task        ] GC(384) Using 6 workers of 33 for evacuation
[37.331s][info][gc,phases      ] GC(384)   Pre Evacuate Collection Set: 0.1ms
[37.331s][info][gc,phases      ] GC(384)   Merge Heap Roots: 0.1ms
[37.331s][info][gc,phases      ] GC(384)   Evacuate Collection Set: 7.0ms
[37.331s][info][gc,phases      ] GC(384)   Post Evacuate Collection Set: 0.3ms
[37.331s][info][gc,phases      ] GC(384)   Other: 0.1ms
[37.331s][info][gc,heap        ] GC(384) Eden regions: 160->0(160)
[37.331s][info][gc,heap        ] GC(384) Survivor regions: 11->11(22)
[37.331s][info][gc,heap        ] GC(384) Old regions: 30->30
[37.331s][info][gc,heap        ] GC(384) Archive regions: 0->0
[37.331s][info][gc,heap        ] GC(384) Humongous regions: 3->3
[37.331s][info][gc,metaspace   ] GC(384) Metaspace: 8609K(8832K)->8609K(8832K) NonClass: 7455K(7552K)->7455K(7552K) Class: 1153K(1280K)->1153K(1280K)
[37.331s][info][gc             ] GC(384) Pause Young (Normal) (G1 Evacuation Pause) 200M->40M(285M) 8.009ms
[37.331s][info][gc,cpu         ] GC(384) User=0.09s Sys=0.00s Real=0.02s
[37.414s][info][gc,start       ] GC(385) Pause Young (Normal) (G1 Evacuation Pause)
[37.414s][info][gc,task        ] GC(385) Using 6 workers of 33 for evacuation
[37.422s][info][gc,phases      ] GC(385)   Pre Evacuate Collection Set: 0.1ms
[37.422s][info][gc,phases      ] GC(385)   Merge Heap Roots: 0.1ms
[37.422s][info][gc,phases      ] GC(385)   Evacuate Collection Set: 7.3ms
[37.422s][info][gc,phases      ] GC(385)   Post Evacuate Collection Set: 0.3ms
[37.422s][info][gc,phases      ] GC(385)   Other: 0.1ms
[37.422s][info][gc,heap        ] GC(385) Eden regions: 160->0(159)
[37.422s][info][gc,heap        ] GC(385) Survivor regions: 11->12(22)
[37.422s][info][gc,heap        ] GC(385) Old regions: 30->30
[37.422s][info][gc,heap        ] GC(385) Archive regions: 0->0
[37.422s][info][gc,heap        ] GC(385) Humongous regions: 3->3
[37.422s][info][gc,metaspace   ] GC(385) Metaspace: 8609K(8832K)->8609K(8832K) NonClass: 7455K(7552K)->7455K(7552K) Class: 1153K(1280K)->1153K(1280K)
[37.422s][info][gc             ] GC(385) Pause Young (Normal) (G1 Evacuation Pause) 200M->41M(285M) 8.350ms
[37.422s][info][gc,cpu         ] GC(385) User=0.09s Sys=0.00s Real=0.02s
[37.509s][info][gc,start       ] GC(386) Pause Young (Normal) (G1 Evacuation Pause)
[37.509s][info][gc,task        ] GC(386) Using 6 workers of 33 for evacuation
[37.518s][info][gc,phases      ] GC(386)   Pre Evacuate Collection Set: 0.1ms
[37.518s][info][gc,phases      ] GC(386)   Merge Heap Roots: 0.1ms
[37.518s][info][gc,phases      ] GC(386)   Evacuate Collection Set: 7.9ms
[37.518s][info][gc,phases      ] GC(386)   Post Evacuate Collection Set: 0.3ms
[37.518s][info][gc,phases      ] GC(386)   Other: 0.1ms
[37.518s][info][gc,heap        ] GC(386) Eden regions: 159->0(159)
[37.518s][info][gc,heap        ] GC(386) Survivor regions: 12->12(22)
[37.518s][info][gc,heap        ] GC(386) Old regions: 30->30
[37.518s][info][gc,heap        ] GC(386) Archive regions: 0->0
[37.518s][info][gc,heap        ] GC(386) Humongous regions: 3->3
[37.518s][info][gc,metaspace   ] GC(386) Metaspace: 8609K(8832K)->8609K(8832K) NonClass: 7455K(7552K)->7455K(7552K) Class: 1153K(1280K)->1153K(1280K)
[37.518s][info][gc             ] GC(386) Pause Young (Normal) (G1 Evacuation Pause) 200M->41M(285M) 8.849ms
[37.518s][info][gc,cpu         ] GC(386) User=0.00s Sys=0.00s Real=0.00s
[37.600s][info][gc,start       ] GC(387) Pause Young (Normal) (G1 Evacuation Pause)
[37.600s][info][gc,task        ] GC(387) Using 6 workers of 33 for evacuation
[37.608s][info][gc,phases      ] GC(387)   Pre Evacuate Collection Set: 0.1ms
[37.608s][info][gc,phases      ] GC(387)   Merge Heap Roots: 0.1ms
[37.608s][info][gc,phases      ] GC(387)   Evacuate Collection Set: 8.1ms
[37.609s][info][gc,phases      ] GC(387)   Post Evacuate Collection Set: 0.3ms
[37.609s][info][gc,phases      ] GC(387)   Other: 0.1ms
[37.609s][info][gc,heap        ] GC(387) Eden regions: 159->0(160)
[37.609s][info][gc,heap        ] GC(387) Survivor regions: 12->11(22)
[37.609s][info][gc,heap        ] GC(387) Old regions: 30->31
[37.609s][info][gc,heap        ] GC(387) Archive regions: 0->0
[37.609s][info][gc,heap        ] GC(387) Humongous regions: 3->3
[37.609s][info][gc,metaspace   ] GC(387) Metaspace: 8609K(8832K)->8609K(8832K) NonClass: 7455K(7552K)->7455K(7552K) Class: 1153K(1280K)->1153K(1280K)
[37.609s][info][gc             ] GC(387) Pause Young (Normal) (G1 Evacuation Pause) 200M->42M(285M) 9.251ms
[37.609s][info][gc,cpu         ] GC(387) User=0.00s Sys=0.00s Real=0.01s
[37.791s][info][gc,start       ] GC(388) Pause Young (Normal) (G1 Evacuation Pause)
[37.791s][info][gc,task        ] GC(388) Using 6 workers of 33 for evacuation
[37.825s][info][gc,phases      ] GC(388)   Pre Evacuate Collection Set: 0.1ms
[37.825s][info][gc,phases      ] GC(388)   Merge Heap Roots: 0.3ms
[37.825s][info][gc,phases      ] GC(388)   Evacuate Collection Set: 33.5ms
[37.825s][info][gc,phases      ] GC(388)   Post Evacuate Collection Set: 0.3ms
[37.825s][info][gc,phases      ] GC(388)   Other: 0.1ms
[37.825s][info][gc,heap        ] GC(388) Eden regions: 160->0(149)
[37.825s][info][gc,heap        ] GC(388) Survivor regions: 11->22(22)
[37.825s][info][gc,heap        ] GC(388) Old regions: 31->54
[37.825s][info][gc,heap        ] GC(388) Archive regions: 0->0
[37.825s][info][gc,heap        ] GC(388) Humongous regions: 13->13
[37.825s][info][gc,metaspace   ] GC(388) Metaspace: 8609K(8832K)->8609K(8832K) NonClass: 7455K(7552K)->7455K(7552K) Class: 1153K(1280K)->1153K(1280K)
[37.825s][info][gc             ] GC(388) Pause Young (Normal) (G1 Evacuation Pause) 212M->86M(285M) 34.918ms
[37.825s][info][gc,cpu         ] GC(388) User=0.19s Sys=0.00s Real=0.04s
[38.105s][info][gc,start       ] GC(389) Pause Full (System.gc())
[38.106s][info][gc,task        ] GC(389) Using 6 workers of 33 for full compaction
[38.106s][info][gc,phases,start] GC(389) Phase 1: Mark live objects
[38.110s][info][gc,phases      ] GC(389) Phase 1: Mark live objects 4.410ms
[38.110s][info][gc,phases,start] GC(389) Phase 2: Prepare compaction
[38.112s][info][gc,phases      ] GC(389) Phase 2: Prepare compaction 1.441ms
[38.112s][info][gc,phases,start] GC(389) Phase 3: Adjust pointers
[38.113s][info][gc,phases      ] GC(389) Phase 3: Adjust pointers 1.604ms
[38.113s][info][gc,phases,start] GC(389) Phase 4: Compact heap
[38.114s][info][gc,phases      ] GC(389) Phase 4: Compact heap 0.794ms
[38.117s][info][gc,heap        ] GC(389) Eden regions: 58->0(6)
[38.117s][info][gc,heap        ] GC(389) Survivor regions: 22->0(22)
[38.117s][info][gc,heap        ] GC(389) Old regions: 54->6
[38.117s][info][gc,heap        ] GC(389) Archive regions: 0->0
[38.117s][info][gc,heap        ] GC(389) Humongous regions: 22->0
[38.117s][info][gc,metaspace   ] GC(389) Metaspace: 8609K(8832K)->8609K(8832K) NonClass: 7456K(7552K)->7456K(7552K) Class: 1153K(1280K)->1153K(1280K)
[38.117s][info][gc             ] GC(389) Pause Full (System.gc()) 153M->3M(20M) 11.835ms
[38.117s][info][gc,cpu         ] GC(389) User=0.09s Sys=0.00s Real=0.01s
[38.122s][info][gc,start       ] GC(390) Pause Young (Normal) (G1 Evacuation Pause)
[38.122s][info][gc,task        ] GC(390) Using 4 workers of 33 for evacuation
[38.123s][info][gc,phases      ] GC(390)   Pre Evacuate Collection Set: 0.0ms
[38.124s][info][gc,phases      ] GC(390)   Merge Heap Roots: 0.0ms
[38.124s][info][gc,phases      ] GC(390)   Evacuate Collection Set: 0.3ms
[38.124s][info][gc,phases      ] GC(390)   Post Evacuate Collection Set: 1.1ms
[38.124s][info][gc,phases      ] GC(390)   Other: 0.1ms
[38.124s][info][gc,heap        ] GC(390) Eden regions: 6->0(158)
[38.124s][info][gc,heap        ] GC(390) Survivor regions: 0->1(1)
[38.124s][info][gc,heap        ] GC(390) Old regions: 6->7
[38.124s][info][gc,heap        ] GC(390) Archive regions: 0->0
[38.124s][info][gc,heap        ] GC(390) Humongous regions: 0->0
[38.124s][info][gc,metaspace   ] GC(390) Metaspace: 8610K(8832K)->8610K(8832K) NonClass: 7457K(7552K)->7457K(7552K) Class: 1153K(1280K)->1153K(1280K)
[38.124s][info][gc             ] GC(390) Pause Young (Normal) (G1 Evacuation Pause) 9M->5M(266M) 2.092ms
[38.124s][info][gc,cpu         ] GC(390) User=0.00s Sys=0.00s Real=0.00s
[38.208s][info][gc,start       ] GC(391) Pause Young (Normal) (G1 Evacuation Pause)
[38.208s][info][gc,task        ] GC(391) Using 6 workers of 33 for evacuation
[38.209s][info][gc,phases      ] GC(391)   Pre Evacuate Collection Set: 0.1ms
[38.209s][info][gc,phases      ] GC(391)   Merge Heap Roots: 0.1ms
[38.209s][info][gc,phases      ] GC(391)   Evacuate Collection Set: 0.9ms
[38.209s][info][gc,phases      ] GC(391)   Post Evacuate Collection Set: 0.3ms
[38.209s][info][gc,phases      ] GC(391)   Other: 0.1ms
[38.209s][info][gc,heap        ] GC(391) Eden regions: 158->0(157)
[38.209s][info][gc,heap        ] GC(391) Survivor regions: 1->2(20)
[38.209s][info][gc,heap        ] GC(391) Old regions: 7->7
[38.209s][info][gc,heap        ] GC(391) Archive regions: 0->0
[38.209s][info][gc,heap        ] GC(391) Humongous regions: 0->0
[38.210s][info][gc,metaspace   ] GC(391) Metaspace: 8610K(8832K)->8610K(8832K) NonClass: 7457K(7552K)->7457K(7552K) Class: 1153K(1280K)->1153K(1280K)
[38.210s][info][gc             ] GC(391) Pause Young (Normal) (G1 Evacuation Pause) 163M->5M(266M) 1.857ms
[38.210s][info][gc,cpu         ] GC(391) User=0.09s Sys=0.00s Real=0.01s
[38.288s][info][gc,start       ] GC(392) Pause Young (Normal) (G1 Evacuation Pause)
[38.288s][info][gc,task        ] GC(392) Using 6 workers of 33 for evacuation
[38.290s][info][gc,phases      ] GC(392)   Pre Evacuate Collection Set: 0.1ms
[38.290s][info][gc,phases      ] GC(392)   Merge Heap Roots: 0.1ms
[38.290s][info][gc,phases      ] GC(392)   Evacuate Collection Set: 1.4ms
[38.290s][info][gc,phases      ] GC(392)   Post Evacuate Collection Set: 0.3ms
[38.290s][info][gc,phases      ] GC(392)   Other: 0.1ms
[38.290s][info][gc,heap        ] GC(392) Eden regions: 157->0(157)
[38.290s][info][gc,heap        ] GC(392) Survivor regions: 2->2(20)
[38.290s][info][gc,heap        ] GC(392) Old regions: 7->7
[38.290s][info][gc,heap        ] GC(392) Archive regions: 0->0
[38.290s][info][gc,heap        ] GC(392) Humongous regions: 0->0
[38.290s][info][gc,metaspace   ] GC(392) Metaspace: 8610K(8832K)->8610K(8832K) NonClass: 7457K(7552K)->7457K(7552K) Class: 1153K(1280K)->1153K(1280K)
[38.290s][info][gc             ] GC(392) Pause Young (Normal) (G1 Evacuation Pause) 162M->6M(266M) 2.342ms
[38.290s][info][gc,cpu         ] GC(392) User=0.00s Sys=0.00s Real=0.00s
[38.374s][info][gc,start       ] GC(393) Pause Young (Normal) (G1 Evacuation Pause)
[38.375s][info][gc,task        ] GC(393) Using 6 workers of 33 for evacuation
[38.377s][info][gc,phases      ] GC(393)   Pre Evacuate Collection Set: 0.1ms
[38.377s][info][gc,phases      ] GC(393)   Merge Heap Roots: 0.1ms
[38.377s][info][gc,phases      ] GC(393)   Evacuate Collection Set: 1.7ms
[38.377s][info][gc,phases      ] GC(393)   Post Evacuate Collection Set: 0.3ms
[38.377s][info][gc,phases      ] GC(393)   Other: 0.1ms
[38.377s][info][gc,heap        ] GC(393) Eden regions: 157->0(156)
[38.377s][info][gc,heap        ] GC(393) Survivor regions: 2->3(20)
[38.377s][info][gc,heap        ] GC(393) Old regions: 7->7
[38.377s][info][gc,heap        ] GC(393) Archive regions: 0->0
[38.377s][info][gc,heap        ] GC(393) Humongous regions: 0->0
[38.377s][info][gc,metaspace   ] GC(393) Metaspace: 8610K(8832K)->8610K(8832K) NonClass: 7457K(7552K)->7457K(7552K) Class: 1153K(1280K)->1153K(1280K)
[38.377s][info][gc             ] GC(393) Pause Young (Normal) (G1 Evacuation Pause) 163M->6M(266M) 2.677ms
[38.377s][info][gc,cpu         ] GC(393) User=0.00s Sys=0.00s Real=0.00s
[38.454s][info][gc,start       ] GC(394) Pause Young (Normal) (G1 Evacuation Pause)
[38.454s][info][gc,task        ] GC(394) Using 6 workers of 33 for evacuation
[38.457s][info][gc,phases      ] GC(394)   Pre Evacuate Collection Set: 0.1ms
[38.457s][info][gc,phases      ] GC(394)   Merge Heap Roots: 0.1ms
[38.457s][info][gc,phases      ] GC(394)   Evacuate Collection Set: 2.0ms
[38.457s][info][gc,phases      ] GC(394)   Post Evacuate Collection Set: 0.3ms
[38.457s][info][gc,phases      ] GC(394)   Other: 0.1ms
[38.457s][info][gc,heap        ] GC(394) Eden regions: 156->0(156)
[38.457s][info][gc,heap        ] GC(394) Survivor regions: 3->3(20)
[38.457s][info][gc,heap        ] GC(394) Old regions: 7->7
[38.457s][info][gc,heap        ] GC(394) Archive regions: 0->0
[38.457s][info][gc,heap        ] GC(394) Humongous regions: 0->0
[38.457s][info][gc,metaspace   ] GC(394) Metaspace: 8610K(8832K)->8610K(8832K) NonClass: 7457K(7552K)->7457K(7552K) Class: 1153K(1280K)->1153K(1280K)
[38.457s][info][gc             ] GC(394) Pause Young (Normal) (G1 Evacuation Pause) 162M->7M(266M) 2.963ms
[38.457s][info][gc,cpu         ] GC(394) User=0.00s Sys=0.00s Real=0.00s
[38.535s][info][gc,start       ] GC(395) Pause Young (Normal) (G1 Evacuation Pause)
[38.535s][info][gc,task        ] GC(395) Using 6 workers of 33 for evacuation
[38.538s][info][gc,phases      ] GC(395)   Pre Evacuate Collection Set: 0.1ms
[38.538s][info][gc,phases      ] GC(395)   Merge Heap Roots: 0.1ms
[38.538s][info][gc,phases      ] GC(395)   Evacuate Collection Set: 2.4ms
[38.538s][info][gc,phases      ] GC(395)   Post Evacuate Collection Set: 0.3ms
[38.538s][info][gc,phases      ] GC(395)   Other: 0.1ms
[38.538s][info][gc,heap        ] GC(395) Eden regions: 156->0(155)
[38.538s][info][gc,heap        ] GC(395) Survivor regions: 3->4(20)
[38.538s][info][gc,heap        ] GC(395) Old regions: 7->7
[38.538s][info][gc,heap        ] GC(395) Archive regions: 0->0
[38.538s][info][gc,heap        ] GC(395) Humongous regions: 0->0
[38.538s][info][gc,metaspace   ] GC(395) Metaspace: 8610K(8832K)->8610K(8832K) NonClass: 7457K(7552K)->7457K(7552K) Class: 1153K(1280K)->1153K(1280K)
[38.538s][info][gc             ] GC(395) Pause Young (Normal) (G1 Evacuation Pause) 163M->7M(266M) 3.461ms
[38.538s][info][gc,cpu         ] GC(395) User=0.00s Sys=0.00s Real=0.00s
[38.621s][info][gc,start       ] GC(396) Pause Young (Normal) (G1 Evacuation Pause)
[38.621s][info][gc,task        ] GC(396) Using 6 workers of 33 for evacuation
[38.625s][info][gc,phases      ] GC(396)   Pre Evacuate Collection Set: 0.1ms
[38.625s][info][gc,phases      ] GC(396)   Merge Heap Roots: 0.1ms
[38.625s][info][gc,phases      ] GC(396)   Evacuate Collection Set: 2.9ms
[38.625s][info][gc,phases      ] GC(396)   Post Evacuate Collection Set: 0.3ms
[38.625s][info][gc,phases      ] GC(396)   Other: 0.1ms
[38.625s][info][gc,heap        ] GC(396) Eden regions: 155->0(155)
[38.625s][info][gc,heap        ] GC(396) Survivor regions: 4->4(20)
[38.625s][info][gc,heap        ] GC(396) Old regions: 7->7
[38.625s][info][gc,heap        ] GC(396) Archive regions: 0->0
[38.625s][info][gc,heap        ] GC(396) Humongous regions: 0->0
[38.625s][info][gc,metaspace   ] GC(396) Metaspace: 8610K(8832K)->8610K(8832K) NonClass: 7457K(7552K)->7457K(7552K) Class: 1153K(1280K)->1153K(1280K)
[38.625s][info][gc             ] GC(396) Pause Young (Normal) (G1 Evacuation Pause) 162M->8M(266M) 3.968ms
[38.625s][info][gc,cpu         ] GC(396) User=0.00s Sys=0.00s Real=0.00s
[38.703s][info][gc,start       ] GC(397) Pause Young (Normal) (G1 Evacuation Pause)
[38.703s][info][gc,task        ] GC(397) Using 6 workers of 33 for evacuation
[38.707s][info][gc,phases      ] GC(397)   Pre Evacuate Collection Set: 0.1ms
[38.707s][info][gc,phases      ] GC(397)   Merge Heap Roots: 0.1ms
[38.707s][info][gc,phases      ] GC(397)   Evacuate Collection Set: 3.1ms
[38.707s][info][gc,phases      ] GC(397)   Post Evacuate Collection Set: 0.3ms
[38.707s][info][gc,phases      ] GC(397)   Other: 0.1ms
[38.707s][info][gc,heap        ] GC(397) Eden regions: 155->0(154)
[38.707s][info][gc,heap        ] GC(397) Survivor regions: 4->5(20)
[38.707s][info][gc,heap        ] GC(397) Old regions: 7->7
[38.707s][info][gc,heap        ] GC(397) Archive regions: 0->0
[38.707s][info][gc,heap        ] GC(397) Humongous regions: 0->0
[38.707s][info][gc,metaspace   ] GC(397) Metaspace: 8610K(8832K)->8610K(8832K) NonClass: 7457K(7552K)->7457K(7552K) Class: 1153K(1280K)->1153K(1280K)
[38.707s][info][gc             ] GC(397) Pause Young (Normal) (G1 Evacuation Pause) 163M->8M(266M) 4.174ms
[38.707s][info][gc,cpu         ] GC(397) User=0.09s Sys=0.00s Real=0.00s
[38.810s][info][gc,start       ] GC(398) Pause Young (Normal) (G1 Evacuation Pause)
[38.811s][info][gc,task        ] GC(398) Using 6 workers of 33 for evacuation
[38.817s][info][gc,phases      ] GC(398)   Pre Evacuate Collection Set: 0.1ms
[38.817s][info][gc,phases      ] GC(398)   Merge Heap Roots: 0.1ms
[38.817s][info][gc,phases      ] GC(398)   Evacuate Collection Set: 5.9ms
[38.817s][info][gc,phases      ] GC(398)   Post Evacuate Collection Set: 0.3ms
[38.817s][info][gc,phases      ] GC(398)   Other: 0.1ms
[38.817s][info][gc,heap        ] GC(398) Eden regions: 154->0(149)
[38.817s][info][gc,heap        ] GC(398) Survivor regions: 5->10(20)
[38.817s][info][gc,heap        ] GC(398) Old regions: 7->7
[38.817s][info][gc,heap        ] GC(398) Archive regions: 0->0
[38.817s][info][gc,heap        ] GC(398) Humongous regions: 0->0
[38.817s][info][gc,metaspace   ] GC(398) Metaspace: 8610K(8832K)->8610K(8832K) NonClass: 7457K(7552K)->7457K(7552K) Class: 1153K(1280K)->1153K(1280K)
[38.817s][info][gc             ] GC(398) Pause Young (Normal) (G1 Evacuation Pause) 162M->14M(266M) 7.049ms
[38.818s][info][gc,cpu         ] GC(398) User=0.09s Sys=0.00s Real=0.01s
[38.895s][info][gc,start       ] GC(399) Pause Young (Normal) (G1 Evacuation Pause)
[38.895s][info][gc,task        ] GC(399) Using 6 workers of 33 for evacuation
[38.901s][info][gc,phases      ] GC(399)   Pre Evacuate Collection Set: 0.1ms
[38.901s][info][gc,phases      ] GC(399)   Merge Heap Roots: 0.1ms
[38.901s][info][gc,phases      ] GC(399)   Evacuate Collection Set: 5.1ms
[38.901s][info][gc,phases      ] GC(399)   Post Evacuate Collection Set: 0.3ms
[38.901s][info][gc,phases      ] GC(399)   Other: 0.1ms
[38.901s][info][gc,heap        ] GC(399) Eden regions: 149->0(148)
[38.901s][info][gc,heap        ] GC(399) Survivor regions: 10->11(20)
[38.901s][info][gc,heap        ] GC(399) Old regions: 7->7
[38.901s][info][gc,heap        ] GC(399) Archive regions: 0->0
[38.901s][info][gc,heap        ] GC(399) Humongous regions: 0->0
[38.901s][info][gc,metaspace   ] GC(399) Metaspace: 8610K(8832K)->8610K(8832K) NonClass: 7457K(7552K)->7457K(7552K) Class: 1153K(1280K)->1153K(1280K)
[38.901s][info][gc             ] GC(399) Pause Young (Normal) (G1 Evacuation Pause) 163M->14M(266M) 6.317ms
[38.902s][info][gc,cpu         ] GC(399) User=0.09s Sys=0.00s Real=0.02s
[38.988s][info][gc,start       ] GC(400) Pause Young (Normal) (G1 Evacuation Pause)
[38.988s][info][gc,task        ] GC(400) Using 6 workers of 33 for evacuation
[38.995s][info][gc,phases      ] GC(400)   Pre Evacuate Collection Set: 0.1ms
[38.995s][info][gc,phases      ] GC(400)   Merge Heap Roots: 0.1ms
[38.996s][info][gc,phases      ] GC(400)   Evacuate Collection Set: 6.7ms
[38.996s][info][gc,phases      ] GC(400)   Post Evacuate Collection Set: 0.3ms
[38.996s][info][gc,phases      ] GC(400)   Other: 0.1ms
[38.996s][info][gc,heap        ] GC(400) Eden regions: 148->0(148)
[38.996s][info][gc,heap        ] GC(400) Survivor regions: 11->11(20)
[38.996s][info][gc,heap        ] GC(400) Old regions: 7->7
[38.996s][info][gc,heap        ] GC(400) Archive regions: 0->0
[38.996s][info][gc,heap        ] GC(400) Humongous regions: 0->0
[38.996s][info][gc,metaspace   ] GC(400) Metaspace: 8610K(8832K)->8610K(8832K) NonClass: 7457K(7552K)->7457K(7552K) Class: 1153K(1280K)->1153K(1280K)
[38.996s][info][gc             ] GC(400) Pause Young (Normal) (G1 Evacuation Pause) 162M->15M(266M) 7.784ms
[38.996s][info][gc,cpu         ] GC(400) User=0.00s Sys=0.00s Real=0.01s
[39.072s][info][gc,start       ] GC(401) Pause Young (Normal) (G1 Evacuation Pause)
[39.072s][info][gc,task        ] GC(401) Using 6 workers of 33 for evacuation
[39.080s][info][gc,phases      ] GC(401)   Pre Evacuate Collection Set: 0.1ms
[39.080s][info][gc,phases      ] GC(401)   Merge Heap Roots: 0.1ms
[39.080s][info][gc,phases      ] GC(401)   Evacuate Collection Set: 7.1ms
[39.080s][info][gc,phases      ] GC(401)   Post Evacuate Collection Set: 0.3ms
[39.080s][info][gc,phases      ] GC(401)   Other: 0.1ms
[39.080s][info][gc,heap        ] GC(401) Eden regions: 148->0(148)
[39.080s][info][gc,heap        ] GC(401) Survivor regions: 11->11(20)
[39.080s][info][gc,heap        ] GC(401) Old regions: 7->7
[39.080s][info][gc,heap        ] GC(401) Archive regions: 0->0
[39.080s][info][gc,heap        ] GC(401) Humongous regions: 0->0
[39.080s][info][gc,metaspace   ] GC(401) Metaspace: 8610K(8832K)->8610K(8832K) NonClass: 7457K(7552K)->7457K(7552K) Class: 1153K(1280K)->1153K(1280K)
[39.080s][info][gc             ] GC(401) Pause Young (Normal) (G1 Evacuation Pause) 163M->15M(266M) 8.153ms
[39.080s][info][gc,cpu         ] GC(401) User=0.09s Sys=0.00s Real=0.02s
[39.162s][info][gc,start       ] GC(402) Pause Young (Normal) (G1 Evacuation Pause)
[39.162s][info][gc,task        ] GC(402) Using 6 workers of 33 for evacuation
[39.170s][info][gc,phases      ] GC(402)   Pre Evacuate Collection Set: 0.1ms
[39.170s][info][gc,phases      ] GC(402)   Merge Heap Roots: 0.1ms
[39.170s][info][gc,phases      ] GC(402)   Evacuate Collection Set: 7.5ms
[39.170s][info][gc,phases      ] GC(402)   Post Evacuate Collection Set: 0.3ms
[39.170s][info][gc,phases      ] GC(402)   Other: 0.1ms
[39.170s][info][gc,heap        ] GC(402) Eden regions: 148->0(148)
[39.170s][info][gc,heap        ] GC(402) Survivor regions: 11->11(20)
[39.170s][info][gc,heap        ] GC(402) Old regions: 7->8
[39.170s][info][gc,heap        ] GC(402) Archive regions: 0->0
[39.170s][info][gc,heap        ] GC(402) Humongous regions: 0->0
[39.171s][info][gc,metaspace   ] GC(402) Metaspace: 8610K(8832K)->8610K(8832K) NonClass: 7457K(7552K)->7457K(7552K) Class: 1153K(1280K)->1153K(1280K)
[39.171s][info][gc             ] GC(402) Pause Young (Normal) (G1 Evacuation Pause) 163M->16M(266M) 8.459ms
[39.171s][info][gc,cpu         ] GC(402) User=0.00s Sys=0.00s Real=0.00s
[39.247s][info][gc,start       ] GC(403) Pause Young (Normal) (G1 Evacuation Pause)
[39.247s][info][gc,task        ] GC(403) Using 6 workers of 33 for evacuation
[39.255s][info][gc,phases      ] GC(403)   Pre Evacuate Collection Set: 0.1ms
[39.255s][info][gc,phases      ] GC(403)   Merge Heap Roots: 0.1ms
[39.255s][info][gc,phases      ] GC(403)   Evacuate Collection Set: 7.2ms
[39.255s][info][gc,phases      ] GC(403)   Post Evacuate Collection Set: 0.3ms
[39.255s][info][gc,phases      ] GC(403)   Other: 0.1ms
[39.255s][info][gc,heap        ] GC(403) Eden regions: 148->0(148)
[39.255s][info][gc,heap        ] GC(403) Survivor regions: 11->11(20)
[39.255s][info][gc,heap        ] GC(403) Old regions: 8->9
[39.255s][info][gc,heap        ] GC(403) Archive regions: 0->0
[39.255s][info][gc,heap        ] GC(403) Humongous regions: 0->0
[39.255s][info][gc,metaspace   ] GC(403) Metaspace: 8610K(8832K)->8610K(8832K) NonClass: 7457K(7552K)->7457K(7552K) Class: 1153K(1280K)->1153K(1280K)
[39.255s][info][gc             ] GC(403) Pause Young (Normal) (G1 Evacuation Pause) 164M->16M(266M) 8.187ms
[39.255s][info][gc,cpu         ] GC(403) User=0.00s Sys=0.00s Real=0.00s
[39.336s][info][gc,start       ] GC(404) Pause Young (Normal) (G1 Evacuation Pause)
[39.336s][info][gc,task        ] GC(404) Using 6 workers of 33 for evacuation
[39.344s][info][gc,phases      ] GC(404)   Pre Evacuate Collection Set: 0.1ms
[39.344s][info][gc,phases      ] GC(404)   Merge Heap Roots: 0.1ms
[39.344s][info][gc,phases      ] GC(404)   Evacuate Collection Set: 7.2ms
[39.344s][info][gc,phases      ] GC(404)   Post Evacuate Collection Set: 0.3ms
[39.344s][info][gc,phases      ] GC(404)   Other: 0.1ms
[39.344s][info][gc,heap        ] GC(404) Eden regions: 148->0(148)
[39.344s][info][gc,heap        ] GC(404) Survivor regions: 11->11(20)
[39.344s][info][gc,heap        ] GC(404) Old regions: 9->9
[39.344s][info][gc,heap        ] GC(404) Archive regions: 0->0
[39.344s][info][gc,heap        ] GC(404) Humongous regions: 0->0
[39.344s][info][gc,metaspace   ] GC(404) Metaspace: 8610K(8832K)->8610K(8832K) NonClass: 7457K(7552K)->7457K(7552K) Class: 1153K(1280K)->1153K(1280K)
[39.344s][info][gc             ] GC(404) Pause Young (Normal) (G1 Evacuation Pause) 164M->17M(266M) 8.231ms
[39.344s][info][gc,cpu         ] GC(404) User=0.09s Sys=0.00s Real=0.01s
[39.419s][info][gc,start       ] GC(405) Pause Young (Normal) (G1 Evacuation Pause)
[39.419s][info][gc,task        ] GC(405) Using 6 workers of 33 for evacuation
[39.427s][info][gc,phases      ] GC(405)   Pre Evacuate Collection Set: 0.1ms
[39.427s][info][gc,phases      ] GC(405)   Merge Heap Roots: 0.1ms
[39.427s][info][gc,phases      ] GC(405)   Evacuate Collection Set: 7.3ms
[39.427s][info][gc,phases      ] GC(405)   Post Evacuate Collection Set: 0.5ms
[39.427s][info][gc,phases      ] GC(405)   Other: 0.1ms
[39.427s][info][gc,heap        ] GC(405) Eden regions: 148->0(154)
[39.428s][info][gc,heap        ] GC(405) Survivor regions: 11->11(20)
[39.428s][info][gc,heap        ] GC(405) Old regions: 9->9
[39.428s][info][gc,heap        ] GC(405) Archive regions: 0->0
[39.428s][info][gc,heap        ] GC(405) Humongous regions: 0->0
[39.428s][info][gc,metaspace   ] GC(405) Metaspace: 8610K(8832K)->8610K(8832K) NonClass: 7457K(7552K)->7457K(7552K) Class: 1153K(1280K)->1153K(1280K)
[39.428s][info][gc             ] GC(405) Pause Young (Normal) (G1 Evacuation Pause) 165M->17M(276M) 8.535ms
[39.428s][info][gc,cpu         ] GC(405) User=0.00s Sys=0.00s Real=0.00s
[39.509s][info][gc,start       ] GC(406) Pause Young (Normal) (G1 Evacuation Pause)
[39.509s][info][gc,task        ] GC(406) Using 6 workers of 33 for evacuation
[39.518s][info][gc,phases      ] GC(406)   Pre Evacuate Collection Set: 0.1ms
[39.518s][info][gc,phases      ] GC(406)   Merge Heap Roots: 0.1ms
[39.518s][info][gc,phases      ] GC(406)   Evacuate Collection Set: 7.5ms
[39.518s][info][gc,phases      ] GC(406)   Post Evacuate Collection Set: 0.3ms
[39.518s][info][gc,phases      ] GC(406)   Other: 0.1ms
[39.518s][info][gc,heap        ] GC(406) Eden regions: 154->0(153)
[39.518s][info][gc,heap        ] GC(406) Survivor regions: 11->12(21)
[39.518s][info][gc,heap        ] GC(406) Old regions: 9->9
[39.518s][info][gc,heap        ] GC(406) Archive regions: 0->0
[39.518s][info][gc,heap        ] GC(406) Humongous regions: 0->0
[39.518s][info][gc,metaspace   ] GC(406) Metaspace: 8610K(8832K)->8610K(8832K) NonClass: 7457K(7552K)->7457K(7552K) Class: 1153K(1280K)->1153K(1280K)
[39.518s][info][gc             ] GC(406) Pause Young (Normal) (G1 Evacuation Pause) 171M->17M(276M) 8.505ms
[39.518s][info][gc,cpu         ] GC(406) User=0.00s Sys=0.00s Real=0.00s
[39.610s][info][gc,start       ] GC(407) Pause Young (Normal) (G1 Evacuation Pause)
[39.610s][info][gc,task        ] GC(407) Using 6 workers of 33 for evacuation
[39.619s][info][gc,phases      ] GC(407)   Pre Evacuate Collection Set: 0.1ms
[39.619s][info][gc,phases      ] GC(407)   Merge Heap Roots: 0.1ms
[39.619s][info][gc,phases      ] GC(407)   Evacuate Collection Set: 8.7ms
[39.619s][info][gc,phases      ] GC(407)   Post Evacuate Collection Set: 0.3ms
[39.619s][info][gc,phases      ] GC(407)   Other: 0.1ms
[39.619s][info][gc,heap        ] GC(407) Eden regions: 153->0(153)
[39.619s][info][gc,heap        ] GC(407) Survivor regions: 12->12(21)
[39.619s][info][gc,heap        ] GC(407) Old regions: 9->11
[39.619s][info][gc,heap        ] GC(407) Archive regions: 0->0
[39.619s][info][gc,heap        ] GC(407) Humongous regions: 0->0
[39.619s][info][gc,metaspace   ] GC(407) Metaspace: 8610K(8832K)->8610K(8832K) NonClass: 7457K(7552K)->7457K(7552K) Class: 1153K(1280K)->1153K(1280K)
[39.619s][info][gc             ] GC(407) Pause Young (Normal) (G1 Evacuation Pause) 170M->19M(276M) 9.706ms
[39.619s][info][gc,cpu         ] GC(407) User=0.09s Sys=0.00s Real=0.02s
[39.698s][info][gc,start       ] GC(408) Pause Young (Normal) (G1 Evacuation Pause)
[39.698s][info][gc,task        ] GC(408) Using 6 workers of 33 for evacuation
[39.706s][info][gc,phases      ] GC(408)   Pre Evacuate Collection Set: 0.1ms
[39.706s][info][gc,phases      ] GC(408)   Merge Heap Roots: 0.1ms
[39.706s][info][gc,phases      ] GC(408)   Evacuate Collection Set: 7.6ms
[39.706s][info][gc,phases      ] GC(408)   Post Evacuate Collection Set: 0.3ms
[39.706s][info][gc,phases      ] GC(408)   Other: 0.1ms
[39.706s][info][gc,heap        ] GC(408) Eden regions: 153->0(153)
[39.706s][info][gc,heap        ] GC(408) Survivor regions: 12->12(21)
[39.706s][info][gc,heap        ] GC(408) Old regions: 11->11
[39.706s][info][gc,heap        ] GC(408) Archive regions: 0->0
[39.706s][info][gc,heap        ] GC(408) Humongous regions: 0->0
[39.706s][info][gc,metaspace   ] GC(408) Metaspace: 8610K(8832K)->8610K(8832K) NonClass: 7457K(7552K)->7457K(7552K) Class: 1153K(1280K)->1153K(1280K)
[39.706s][info][gc             ] GC(408) Pause Young (Normal) (G1 Evacuation Pause) 172M->19M(276M) 8.607ms
[39.706s][info][gc,cpu         ] GC(408) User=0.00s Sys=0.00s Real=0.00s
[39.784s][info][gc,start       ] GC(409) Pause Young (Normal) (G1 Evacuation Pause)
[39.784s][info][gc,task        ] GC(409) Using 6 workers of 33 for evacuation
[39.793s][info][gc,phases      ] GC(409)   Pre Evacuate Collection Set: 0.1ms
[39.793s][info][gc,phases      ] GC(409)   Merge Heap Roots: 0.1ms
[39.793s][info][gc,phases      ] GC(409)   Evacuate Collection Set: 8.2ms
[39.793s][info][gc,phases      ] GC(409)   Post Evacuate Collection Set: 0.5ms
[39.793s][info][gc,phases      ] GC(409)   Other: 0.1ms
[39.793s][info][gc,heap        ] GC(409) Eden regions: 153->0(165)
[39.793s][info][gc,heap        ] GC(409) Survivor regions: 12->6(21)
[39.793s][info][gc,heap        ] GC(409) Old regions: 11->17
[39.793s][info][gc,heap        ] GC(409) Archive regions: 0->0
[39.793s][info][gc,heap        ] GC(409) Humongous regions: 0->0
[39.793s][info][gc,metaspace   ] GC(409) Metaspace: 8610K(8832K)->8610K(8832K) NonClass: 7457K(7552K)->7457K(7552K) Class: 1153K(1280K)->1153K(1280K)
[39.793s][info][gc             ] GC(409) Pause Young (Normal) (G1 Evacuation Pause) 172M->20M(286M) 9.453ms
[39.793s][info][gc,cpu         ] GC(409) User=0.00s Sys=0.00s Real=0.01s
[39.888s][info][gc,start       ] GC(410) Pause Young (Normal) (G1 Evacuation Pause)
[39.889s][info][gc,task        ] GC(410) Using 6 workers of 33 for evacuation
[39.894s][info][gc,phases      ] GC(410)   Pre Evacuate Collection Set: 0.1ms
[39.894s][info][gc,phases      ] GC(410)   Merge Heap Roots: 0.1ms
[39.894s][info][gc,phases      ] GC(410)   Evacuate Collection Set: 4.6ms
[39.894s][info][gc,phases      ] GC(410)   Post Evacuate Collection Set: 0.3ms
[39.894s][info][gc,phases      ] GC(410)   Other: 0.1ms
[39.894s][info][gc,heap        ] GC(410) Eden regions: 165->0(164)
[39.894s][info][gc,heap        ] GC(410) Survivor regions: 6->7(22)
[39.894s][info][gc,heap        ] GC(410) Old regions: 17->17
[39.894s][info][gc,heap        ] GC(410) Archive regions: 0->0
[39.894s][info][gc,heap        ] GC(410) Humongous regions: 0->0
[39.894s][info][gc,metaspace   ] GC(410) Metaspace: 8610K(8832K)->8610K(8832K) NonClass: 7457K(7552K)->7457K(7552K) Class: 1153K(1280K)->1153K(1280K)
[39.894s][info][gc             ] GC(410) Pause Young (Normal) (G1 Evacuation Pause) 185M->20M(286M) 5.598ms
[39.894s][info][gc,cpu         ] GC(410) User=0.09s Sys=0.00s Real=0.01s
[39.976s][info][gc,start       ] GC(411) Pause Young (Normal) (G1 Evacuation Pause)
[39.976s][info][gc,task        ] GC(411) Using 6 workers of 33 for evacuation
[39.982s][info][gc,phases      ] GC(411)   Pre Evacuate Collection Set: 0.1ms
[39.982s][info][gc,phases      ] GC(411)   Merge Heap Roots: 0.1ms
[39.982s][info][gc,phases      ] GC(411)   Evacuate Collection Set: 4.7ms
[39.982s][info][gc,phases      ] GC(411)   Post Evacuate Collection Set: 0.3ms
[39.982s][info][gc,phases      ] GC(411)   Other: 0.1ms
[39.982s][info][gc,heap        ] GC(411) Eden regions: 164->0(163)
[39.982s][info][gc,heap        ] GC(411) Survivor regions: 7->8(22)
[39.982s][info][gc,heap        ] GC(411) Old regions: 17->17
[39.982s][info][gc,heap        ] GC(411) Archive regions: 0->0
[39.982s][info][gc,heap        ] GC(411) Humongous regions: 0->0
[39.982s][info][gc,metaspace   ] GC(411) Metaspace: 8610K(8832K)->8610K(8832K) NonClass: 7457K(7552K)->7457K(7552K) Class: 1153K(1280K)->1153K(1280K)
[39.982s][info][gc             ] GC(411) Pause Young (Normal) (G1 Evacuation Pause) 184M->21M(286M) 5.899ms
[39.982s][info][gc,cpu         ] GC(411) User=0.00s Sys=0.00s Real=0.01s
[40.072s][info][gc,start       ] GC(412) Pause Young (Normal) (G1 Evacuation Pause)
[40.072s][info][gc,task        ] GC(412) Using 6 workers of 33 for evacuation
[40.078s][info][gc,phases      ] GC(412)   Pre Evacuate Collection Set: 0.1ms
[40.078s][info][gc,phases      ] GC(412)   Merge Heap Roots: 0.1ms
[40.078s][info][gc,phases      ] GC(412)   Evacuate Collection Set: 5.3ms
[40.078s][info][gc,phases      ] GC(412)   Post Evacuate Collection Set: 0.3ms
[40.078s][info][gc,phases      ] GC(412)   Other: 0.1ms
[40.078s][info][gc,heap        ] GC(412) Eden regions: 163->0(163)
[40.078s][info][gc,heap        ] GC(412) Survivor regions: 8->8(22)
[40.078s][info][gc,heap        ] GC(412) Old regions: 17->17
[40.078s][info][gc,heap        ] GC(412) Archive regions: 0->0
[40.079s][info][gc,heap        ] GC(412) Humongous regions: 0->0
[40.079s][info][gc,metaspace   ] GC(412) Metaspace: 8610K(8832K)->8610K(8832K) NonClass: 7457K(7552K)->7457K(7552K) Class: 1153K(1280K)->1153K(1280K)
[40.079s][info][gc             ] GC(412) Pause Young (Normal) (G1 Evacuation Pause) 184M->22M(286M) 6.401ms
[40.079s][info][gc,cpu         ] GC(412) User=0.00s Sys=0.00s Real=0.01s
[40.162s][info][gc,start       ] GC(413) Pause Young (Normal) (G1 Evacuation Pause)
[40.162s][info][gc,task        ] GC(413) Using 6 workers of 33 for evacuation
[40.167s][info][gc,phases      ] GC(413)   Pre Evacuate Collection Set: 0.1ms
[40.167s][info][gc,phases      ] GC(413)   Merge Heap Roots: 0.1ms
[40.167s][info][gc,phases      ] GC(413)   Evacuate Collection Set: 4.3ms
[40.167s][info][gc,phases      ] GC(413)   Post Evacuate Collection Set: 0.3ms
[40.167s][info][gc,phases      ] GC(413)   Other: 0.1ms
[40.167s][info][gc,heap        ] GC(413) Eden regions: 163->0(162)
[40.167s][info][gc,heap        ] GC(413) Survivor regions: 8->9(22)
[40.167s][info][gc,heap        ] GC(413) Old regions: 17->17
[40.167s][info][gc,heap        ] GC(413) Archive regions: 0->0
[40.167s][info][gc,heap        ] GC(413) Humongous regions: 0->0
[40.167s][info][gc,metaspace   ] GC(413) Metaspace: 8610K(8832K)->8610K(8832K) NonClass: 7457K(7552K)->7457K(7552K) Class: 1153K(1280K)->1153K(1280K)
[40.167s][info][gc             ] GC(413) Pause Young (Normal) (G1 Evacuation Pause) 185M->22M(286M) 5.324ms
[40.167s][info][gc,cpu         ] GC(413) User=0.00s Sys=0.00s Real=0.00s
[40.267s][info][gc,start       ] GC(414) Pause Young (Normal) (G1 Evacuation Pause)
[40.267s][info][gc,task        ] GC(414) Using 6 workers of 33 for evacuation
[40.275s][info][gc,phases      ] GC(414)   Pre Evacuate Collection Set: 0.1ms
[40.275s][info][gc,phases      ] GC(414)   Merge Heap Roots: 0.1ms
[40.275s][info][gc,phases      ] GC(414)   Evacuate Collection Set: 7.5ms
[40.275s][info][gc,phases      ] GC(414)   Post Evacuate Collection Set: 0.3ms
[40.275s][info][gc,phases      ] GC(414)   Other: 0.1ms
[40.275s][info][gc,heap        ] GC(414) Eden regions: 162->0(160)
[40.275s][info][gc,heap        ] GC(414) Survivor regions: 9->11(22)
[40.275s][info][gc,heap        ] GC(414) Old regions: 17->17
[40.275s][info][gc,heap        ] GC(414) Archive regions: 0->0
[40.275s][info][gc,heap        ] GC(414) Humongous regions: 1->1
[40.275s][info][gc,metaspace   ] GC(414) Metaspace: 8610K(8832K)->8610K(8832K) NonClass: 7457K(7552K)->7457K(7552K) Class: 1153K(1280K)->1153K(1280K)
[40.275s][info][gc             ] GC(414) Pause Young (Normal) (G1 Evacuation Pause) 185M->26M(286M) 8.552ms
[40.275s][info][gc,cpu         ] GC(414) User=0.00s Sys=0.00s Real=0.01s
[40.372s][info][gc,start       ] GC(415) Pause Young (Normal) (G1 Evacuation Pause)
[40.372s][info][gc,task        ] GC(415) Using 6 workers of 33 for evacuation
[40.388s][info][gc,phases      ] GC(415)   Pre Evacuate Collection Set: 0.1ms
[40.388s][info][gc,phases      ] GC(415)   Merge Heap Roots: 0.1ms
[40.388s][info][gc,phases      ] GC(415)   Evacuate Collection Set: 15.4ms
[40.388s][info][gc,phases      ] GC(415)   Post Evacuate Collection Set: 0.3ms
[40.388s][info][gc,phases      ] GC(415)   Other: 0.1ms
[40.388s][info][gc,heap        ] GC(415) Eden regions: 160->0(151)
[40.388s][info][gc,heap        ] GC(415) Survivor regions: 11->20(22)
[40.388s][info][gc,heap        ] GC(415) Old regions: 17->17
[40.388s][info][gc,heap        ] GC(415) Archive regions: 0->0
[40.388s][info][gc,heap        ] GC(415) Humongous regions: 3->3
[40.388s][info][gc,metaspace   ] GC(415) Metaspace: 8610K(8832K)->8610K(8832K) NonClass: 7457K(7552K)->7457K(7552K) Class: 1153K(1280K)->1153K(1280K)
[40.388s][info][gc             ] GC(415) Pause Young (Normal) (G1 Evacuation Pause) 188M->36M(286M) 16.456ms
[40.388s][info][gc,cpu         ] GC(415) User=0.09s Sys=0.00s Real=0.02s
[40.468s][info][gc,start       ] GC(416) Pause Young (Normal) (G1 Evacuation Pause)
[40.468s][info][gc,task        ] GC(416) Using 6 workers of 33 for evacuation
[40.484s][info][gc,phases      ] GC(416)   Pre Evacuate Collection Set: 0.1ms
[40.484s][info][gc,phases      ] GC(416)   Merge Heap Roots: 0.1ms
[40.484s][info][gc,phases      ] GC(416)   Evacuate Collection Set: 15.6ms
[40.484s][info][gc,phases      ] GC(416)   Post Evacuate Collection Set: 0.3ms
[40.484s][info][gc,phases      ] GC(416)   Other: 0.1ms
[40.484s][info][gc,heap        ] GC(416) Eden regions: 151->0(159)
[40.484s][info][gc,heap        ] GC(416) Survivor regions: 20->12(22)
[40.484s][info][gc,heap        ] GC(416) Old regions: 17->27
[40.484s][info][gc,heap        ] GC(416) Archive regions: 0->0
[40.484s][info][gc,heap        ] GC(416) Humongous regions: 3->3
[40.484s][info][gc,metaspace   ] GC(416) Metaspace: 8610K(8832K)->8610K(8832K) NonClass: 7457K(7552K)->7457K(7552K) Class: 1153K(1280K)->1153K(1280K)
[40.484s][info][gc             ] GC(416) Pause Young (Normal) (G1 Evacuation Pause) 187M->38M(286M) 16.626ms
[40.484s][info][gc,cpu         ] GC(416) User=0.09s Sys=0.00s Real=0.02s
[40.570s][info][gc,start       ] GC(417) Pause Young (Normal) (G1 Evacuation Pause)
[40.570s][info][gc,task        ] GC(417) Using 6 workers of 33 for evacuation
[40.580s][info][gc,phases      ] GC(417)   Pre Evacuate Collection Set: 0.1ms
[40.580s][info][gc,phases      ] GC(417)   Merge Heap Roots: 0.3ms
[40.580s][info][gc,phases      ] GC(417)   Evacuate Collection Set: 9.5ms
[40.580s][info][gc,phases      ] GC(417)   Post Evacuate Collection Set: 0.3ms
[40.580s][info][gc,phases      ] GC(417)   Other: 0.1ms
[40.580s][info][gc,heap        ] GC(417) Eden regions: 159->0(160)
[40.580s][info][gc,heap        ] GC(417) Survivor regions: 12->11(22)
[40.580s][info][gc,heap        ] GC(417) Old regions: 27->27
[40.580s][info][gc,heap        ] GC(417) Archive regions: 0->0
[40.580s][info][gc,heap        ] GC(417) Humongous regions: 3->3
[40.580s][info][gc,metaspace   ] GC(417) Metaspace: 8610K(8832K)->8610K(8832K) NonClass: 7457K(7552K)->7457K(7552K) Class: 1153K(1280K)->1153K(1280K)
[40.580s][info][gc             ] GC(417) Pause Young (Normal) (G1 Evacuation Pause) 197M->37M(286M) 10.708ms
[40.580s][info][gc,cpu         ] GC(417) User=0.00s Sys=0.00s Real=0.00s
[40.670s][info][gc,start       ] GC(418) Pause Young (Normal) (G1 Evacuation Pause)
[40.671s][info][gc,task        ] GC(418) Using 6 workers of 33 for evacuation
[40.681s][info][gc,phases      ] GC(418)   Pre Evacuate Collection Set: 0.1ms
[40.681s][info][gc,phases      ] GC(418)   Merge Heap Roots: 0.1ms
[40.681s][info][gc,phases      ] GC(418)   Evacuate Collection Set: 9.2ms
[40.681s][info][gc,phases      ] GC(418)   Post Evacuate Collection Set: 0.7ms
[40.681s][info][gc,phases      ] GC(418)   Other: 0.1ms
[40.681s][info][gc,heap        ] GC(418) Eden regions: 160->0(178)
[40.681s][info][gc,heap        ] GC(418) Survivor regions: 11->12(22)
[40.681s][info][gc,heap        ] GC(418) Old regions: 27->27
[40.681s][info][gc,heap        ] GC(418) Archive regions: 0->0
[40.681s][info][gc,heap        ] GC(418) Humongous regions: 3->3
[40.681s][info][gc,metaspace   ] GC(418) Metaspace: 8610K(8832K)->8610K(8832K) NonClass: 7457K(7552K)->7457K(7552K) Class: 1153K(1280K)->1153K(1280K)
[40.681s][info][gc             ] GC(418) Pause Young (Normal) (G1 Evacuation Pause) 197M->38M(317M) 10.724ms
[40.681s][info][gc,cpu         ] GC(418) User=0.09s Sys=0.00s Real=0.02s
[40.786s][info][gc,start       ] GC(419) Pause Young (Normal) (G1 Evacuation Pause)
[40.786s][info][gc,task        ] GC(419) Using 7 workers of 33 for evacuation
[40.793s][info][gc,phases      ] GC(419)   Pre Evacuate Collection Set: 0.1ms
[40.793s][info][gc,phases      ] GC(419)   Merge Heap Roots: 0.1ms
[40.793s][info][gc,phases      ] GC(419)   Evacuate Collection Set: 6.7ms
[40.793s][info][gc,phases      ] GC(419)   Post Evacuate Collection Set: 0.3ms
[40.793s][info][gc,phases      ] GC(419)   Other: 0.1ms
[40.793s][info][gc,heap        ] GC(419) Eden regions: 178->0(177)
[40.793s][info][gc,heap        ] GC(419) Survivor regions: 12->13(24)
[40.793s][info][gc,heap        ] GC(419) Old regions: 27->27
[40.793s][info][gc,heap        ] GC(419) Archive regions: 0->0
[40.793s][info][gc,heap        ] GC(419) Humongous regions: 3->3
[40.793s][info][gc,metaspace   ] GC(419) Metaspace: 8610K(8832K)->8610K(8832K) NonClass: 7457K(7552K)->7457K(7552K) Class: 1153K(1280K)->1153K(1280K)
[40.793s][info][gc             ] GC(419) Pause Young (Normal) (G1 Evacuation Pause) 216M->39M(317M) 7.814ms
[40.793s][info][gc,cpu         ] GC(419) User=0.11s Sys=0.00s Real=0.01s
[40.887s][info][gc,start       ] GC(420) Pause Young (Normal) (G1 Evacuation Pause)
[40.887s][info][gc,task        ] GC(420) Using 7 workers of 33 for evacuation
[40.896s][info][gc,phases      ] GC(420)   Pre Evacuate Collection Set: 0.1ms
[40.897s][info][gc,phases      ] GC(420)   Merge Heap Roots: 0.1ms
[40.897s][info][gc,phases      ] GC(420)   Evacuate Collection Set: 8.8ms
[40.897s][info][gc,phases      ] GC(420)   Post Evacuate Collection Set: 0.4ms
[40.897s][info][gc,phases      ] GC(420)   Other: 0.1ms
[40.897s][info][gc,heap        ] GC(420) Eden regions: 177->0(177)
[40.897s][info][gc,heap        ] GC(420) Survivor regions: 13->13(24)
[40.897s][info][gc,heap        ] GC(420) Old regions: 27->27
[40.897s][info][gc,heap        ] GC(420) Archive regions: 0->0
[40.897s][info][gc,heap        ] GC(420) Humongous regions: 3->3
[40.897s][info][gc,metaspace   ] GC(420) Metaspace: 8610K(8832K)->8610K(8832K) NonClass: 7457K(7552K)->7457K(7552K) Class: 1153K(1280K)->1153K(1280K)
[40.897s][info][gc             ] GC(420) Pause Young (Normal) (G1 Evacuation Pause) 216M->39M(317M) 9.918ms
[40.897s][info][gc,cpu         ] GC(420) User=0.11s Sys=0.00s Real=0.01s
[41.003s][info][gc,start       ] GC(421) Pause Young (Normal) (G1 Evacuation Pause)
[41.003s][info][gc,task        ] GC(421) Using 7 workers of 33 for evacuation
[41.012s][info][gc,phases      ] GC(421)   Pre Evacuate Collection Set: 0.1ms
[41.012s][info][gc,phases      ] GC(421)   Merge Heap Roots: 0.1ms
[41.012s][info][gc,phases      ] GC(421)   Evacuate Collection Set: 8.2ms
[41.012s][info][gc,phases      ] GC(421)   Post Evacuate Collection Set: 0.3ms
[41.012s][info][gc,phases      ] GC(421)   Other: 0.1ms
[41.012s][info][gc,heap        ] GC(421) Eden regions: 177->0(176)
[41.012s][info][gc,heap        ] GC(421) Survivor regions: 13->14(24)
[41.012s][info][gc,heap        ] GC(421) Old regions: 27->27
[41.012s][info][gc,heap        ] GC(421) Archive regions: 0->0
[41.012s][info][gc,heap        ] GC(421) Humongous regions: 3->3
[41.012s][info][gc,metaspace   ] GC(421) Metaspace: 8610K(8832K)->8610K(8832K) NonClass: 7457K(7552K)->7457K(7552K) Class: 1153K(1280K)->1153K(1280K)
[41.012s][info][gc             ] GC(421) Pause Young (Normal) (G1 Evacuation Pause) 216M->40M(317M) 9.334ms
[41.012s][info][gc,cpu         ] GC(421) User=0.00s Sys=0.00s Real=0.01s
[41.130s][info][gc,start       ] GC(422) Pause Young (Normal) (G1 Evacuation Pause)
[41.130s][info][gc,task        ] GC(422) Using 7 workers of 33 for evacuation
[41.139s][info][gc,phases      ] GC(422)   Pre Evacuate Collection Set: 0.1ms
[41.139s][info][gc,phases      ] GC(422)   Merge Heap Roots: 0.1ms
[41.139s][info][gc,phases      ] GC(422)   Evacuate Collection Set: 8.2ms
[41.139s][info][gc,phases      ] GC(422)   Post Evacuate Collection Set: 0.3ms
[41.139s][info][gc,phases      ] GC(422)   Other: 0.1ms
[41.139s][info][gc,heap        ] GC(422) Eden regions: 176->0(184)
[41.139s][info][gc,heap        ] GC(422) Survivor regions: 14->6(24)
[41.139s][info][gc,heap        ] GC(422) Old regions: 27->35
[41.139s][info][gc,heap        ] GC(422) Archive regions: 0->0
[41.139s][info][gc,heap        ] GC(422) Humongous regions: 3->3
[41.139s][info][gc,metaspace   ] GC(422) Metaspace: 8610K(8832K)->8610K(8832K) NonClass: 7457K(7552K)->7457K(7552K) Class: 1153K(1280K)->1153K(1280K)
[41.139s][info][gc             ] GC(422) Pause Young (Normal) (G1 Evacuation Pause) 216M->41M(317M) 9.265ms
[41.139s][info][gc,cpu         ] GC(422) User=0.00s Sys=0.00s Real=0.01s
[41.231s][info][gc,start       ] GC(423) Pause Young (Normal) (G1 Evacuation Pause)
[41.231s][info][gc,task        ] GC(423) Using 7 workers of 33 for evacuation
[41.234s][info][gc,phases      ] GC(423)   Pre Evacuate Collection Set: 0.1ms
[41.234s][info][gc,phases      ] GC(423)   Merge Heap Roots: 0.1ms
[41.234s][info][gc,phases      ] GC(423)   Evacuate Collection Set: 2.7ms
[41.234s][info][gc,phases      ] GC(423)   Post Evacuate Collection Set: 0.3ms
[41.234s][info][gc,phases      ] GC(423)   Other: 0.2ms
[41.234s][info][gc,heap        ] GC(423) Eden regions: 184->0(184)
[41.234s][info][gc,heap        ] GC(423) Survivor regions: 6->6(24)
[41.234s][info][gc,heap        ] GC(423) Old regions: 35->35
[41.234s][info][gc,heap        ] GC(423) Archive regions: 0->0
[41.234s][info][gc,heap        ] GC(423) Humongous regions: 3->3
[41.234s][info][gc,metaspace   ] GC(423) Metaspace: 8610K(8832K)->8610K(8832K) NonClass: 7457K(7552K)->7457K(7552K) Class: 1153K(1280K)->1153K(1280K)
[41.234s][info][gc             ] GC(423) Pause Young (Normal) (G1 Evacuation Pause) 225M->41M(317M) 3.817ms
[41.234s][info][gc,cpu         ] GC(423) User=0.02s Sys=0.00s Real=0.01s
[41.327s][info][gc,start       ] GC(424) Pause Young (Normal) (G1 Evacuation Pause)
[41.327s][info][gc,task        ] GC(424) Using 7 workers of 33 for evacuation
[41.330s][info][gc,phases      ] GC(424)   Pre Evacuate Collection Set: 0.1ms
[41.330s][info][gc,phases      ] GC(424)   Merge Heap Roots: 0.1ms
[41.330s][info][gc,phases      ] GC(424)   Evacuate Collection Set: 3.0ms
[41.331s][info][gc,phases      ] GC(424)   Post Evacuate Collection Set: 0.3ms
[41.331s][info][gc,phases      ] GC(424)   Other: 0.1ms
[41.331s][info][gc,heap        ] GC(424) Eden regions: 184->0(183)
[41.331s][info][gc,heap        ] GC(424) Survivor regions: 6->7(24)
[41.331s][info][gc,heap        ] GC(424) Old regions: 35->35
[41.331s][info][gc,heap        ] GC(424) Archive regions: 0->0
[41.331s][info][gc,heap        ] GC(424) Humongous regions: 3->3
[41.331s][info][gc,metaspace   ] GC(424) Metaspace: 8610K(8832K)->8610K(8832K) NonClass: 7457K(7552K)->7457K(7552K) Class: 1153K(1280K)->1153K(1280K)
[41.331s][info][gc             ] GC(424) Pause Young (Normal) (G1 Evacuation Pause) 225M->41M(317M) 4.029ms
[41.331s][info][gc,cpu         ] GC(424) User=0.11s Sys=0.00s Real=0.01s
[41.428s][info][gc,start       ] GC(425) Pause Young (Normal) (G1 Evacuation Pause)
[41.428s][info][gc,task        ] GC(425) Using 7 workers of 33 for evacuation
[41.432s][info][gc,phases      ] GC(425)   Pre Evacuate Collection Set: 0.1ms
[41.432s][info][gc,phases      ] GC(425)   Merge Heap Roots: 0.1ms
[41.432s][info][gc,phases      ] GC(425)   Evacuate Collection Set: 3.5ms
[41.432s][info][gc,phases      ] GC(425)   Post Evacuate Collection Set: 0.3ms
[41.432s][info][gc,phases      ] GC(425)   Other: 0.1ms
[41.432s][info][gc,heap        ] GC(425) Eden regions: 183->0(183)
[41.432s][info][gc,heap        ] GC(425) Survivor regions: 7->7(24)
[41.432s][info][gc,heap        ] GC(425) Old regions: 35->35
[41.432s][info][gc,heap        ] GC(425) Archive regions: 0->0
[41.432s][info][gc,heap        ] GC(425) Humongous regions: 3->3
[41.432s][info][gc,metaspace   ] GC(425) Metaspace: 8610K(8832K)->8610K(8832K) NonClass: 7457K(7552K)->7457K(7552K) Class: 1153K(1280K)->1153K(1280K)
[41.433s][info][gc             ] GC(425) Pause Young (Normal) (G1 Evacuation Pause) 224M->42M(317M) 4.642ms
[41.433s][info][gc,cpu         ] GC(425) User=0.00s Sys=0.00s Real=0.00s
[41.524s][info][gc,start       ] GC(426) Pause Young (Normal) (G1 Evacuation Pause)
[41.524s][info][gc,task        ] GC(426) Using 7 workers of 33 for evacuation
[41.528s][info][gc,phases      ] GC(426)   Pre Evacuate Collection Set: 0.1ms
[41.528s][info][gc,phases      ] GC(426)   Merge Heap Roots: 0.1ms
[41.528s][info][gc,phases      ] GC(426)   Evacuate Collection Set: 3.4ms
[41.528s][info][gc,phases      ] GC(426)   Post Evacuate Collection Set: 0.3ms
[41.528s][info][gc,phases      ] GC(426)   Other: 0.1ms
[41.528s][info][gc,heap        ] GC(426) Eden regions: 183->0(182)
[41.528s][info][gc,heap        ] GC(426) Survivor regions: 7->8(24)
[41.528s][info][gc,heap        ] GC(426) Old regions: 35->35
[41.528s][info][gc,heap        ] GC(426) Archive regions: 0->0
[41.528s][info][gc,heap        ] GC(426) Humongous regions: 3->3
[41.528s][info][gc,metaspace   ] GC(426) Metaspace: 8610K(8832K)->8610K(8832K) NonClass: 7457K(7552K)->7457K(7552K) Class: 1153K(1280K)->1153K(1280K)
[41.528s][info][gc             ] GC(426) Pause Young (Normal) (G1 Evacuation Pause) 225M->42M(317M) 4.364ms
[41.528s][info][gc,cpu         ] GC(426) User=0.00s Sys=0.00s Real=0.00s
[41.625s][info][gc,start       ] GC(427) Pause Young (Normal) (G1 Evacuation Pause)
[41.625s][info][gc,task        ] GC(427) Using 7 workers of 33 for evacuation
[41.629s][info][gc,phases      ] GC(427)   Pre Evacuate Collection Set: 0.1ms
[41.630s][info][gc,phases      ] GC(427)   Merge Heap Roots: 0.1ms
[41.630s][info][gc,phases      ] GC(427)   Evacuate Collection Set: 4.0ms
[41.630s][info][gc,phases      ] GC(427)   Post Evacuate Collection Set: 0.3ms
[41.630s][info][gc,phases      ] GC(427)   Other: 0.1ms
[41.630s][info][gc,heap        ] GC(427) Eden regions: 182->0(181)
[41.630s][info][gc,heap        ] GC(427) Survivor regions: 8->9(24)
[41.630s][info][gc,heap        ] GC(427) Old regions: 35->35
[41.630s][info][gc,heap        ] GC(427) Archive regions: 0->0
[41.630s][info][gc,heap        ] GC(427) Humongous regions: 3->3
[41.630s][info][gc,metaspace   ] GC(427) Metaspace: 8610K(8832K)->8610K(8832K) NonClass: 7457K(7552K)->7457K(7552K) Class: 1153K(1280K)->1153K(1280K)
[41.630s][info][gc             ] GC(427) Pause Young (Normal) (G1 Evacuation Pause) 224M->43M(317M) 5.148ms
[41.630s][info][gc,cpu         ] GC(427) User=0.11s Sys=0.00s Real=0.01s
[41.720s][info][gc,start       ] GC(428) Pause Young (Normal) (G1 Evacuation Pause)
[41.720s][info][gc,task        ] GC(428) Using 7 workers of 33 for evacuation
[41.725s][info][gc,phases      ] GC(428)   Pre Evacuate Collection Set: 0.1ms
[41.725s][info][gc,phases      ] GC(428)   Merge Heap Roots: 0.1ms
[41.725s][info][gc,phases      ] GC(428)   Evacuate Collection Set: 3.8ms
[41.725s][info][gc,phases      ] GC(428)   Post Evacuate Collection Set: 0.3ms
[41.725s][info][gc,phases      ] GC(428)   Other: 0.1ms
[41.725s][info][gc,heap        ] GC(428) Eden regions: 181->0(181)
[41.725s][info][gc,heap        ] GC(428) Survivor regions: 9->9(24)
[41.725s][info][gc,heap        ] GC(428) Old regions: 35->35
[41.725s][info][gc,heap        ] GC(428) Archive regions: 0->0
[41.725s][info][gc,heap        ] GC(428) Humongous regions: 3->3
[41.725s][info][gc,metaspace   ] GC(428) Metaspace: 8610K(8832K)->8610K(8832K) NonClass: 7457K(7552K)->7457K(7552K) Class: 1153K(1280K)->1153K(1280K)
[41.725s][info][gc             ] GC(428) Pause Young (Normal) (G1 Evacuation Pause) 224M->44M(317M) 4.892ms
[41.725s][info][gc,cpu         ] GC(428) User=0.11s Sys=0.00s Real=0.01s
[42.195s][info][gc,start       ] GC(429) Pause Full (System.gc())
[42.195s][info][gc,task        ] GC(429) Using 7 workers of 33 for full compaction
[42.196s][info][gc,phases,start] GC(429) Phase 1: Mark live objects
[42.200s][info][gc,phases      ] GC(429) Phase 1: Mark live objects 4.164ms
[42.200s][info][gc,phases,start] GC(429) Phase 2: Prepare compaction
[42.201s][info][gc,phases      ] GC(429) Phase 2: Prepare compaction 1.396ms
[42.201s][info][gc,phases,start] GC(429) Phase 3: Adjust pointers
[42.204s][info][gc,phases      ] GC(429) Phase 3: Adjust pointers 2.647ms
[42.204s][info][gc,phases,start] GC(429) Phase 4: Compact heap
[42.205s][info][gc,phases      ] GC(429) Phase 4: Compact heap 0.839ms
[42.208s][info][gc,heap        ] GC(429) Eden regions: 146->0(12)
[42.208s][info][gc,heap        ] GC(429) Survivor regions: 9->0(24)
[42.208s][info][gc,heap        ] GC(429) Old regions: 35->6
[42.208s][info][gc,heap        ] GC(429) Archive regions: 0->0
[42.208s][info][gc,heap        ] GC(429) Humongous regions: 22->0
[42.208s][info][gc,metaspace   ] GC(429) Metaspace: 8610K(8832K)->8610K(8832K) NonClass: 7457K(7552K)->7457K(7552K) Class: 1153K(1280K)->1153K(1280K)
[42.208s][info][gc             ] GC(429) Pause Full (System.gc()) 208M->3M(20M) 12.849ms
[42.208s][info][gc,cpu         ] GC(429) User=0.00s Sys=0.02s Real=0.01s
[42.217s][info][gc,start       ] GC(430) Pause Young (Normal) (G1 Evacuation Pause)
[42.217s][info][gc,task        ] GC(430) Using 4 workers of 33 for evacuation
[42.219s][info][gc,phases      ] GC(430)   Pre Evacuate Collection Set: 0.1ms
[42.219s][info][gc,phases      ] GC(430)   Merge Heap Roots: 0.0ms
[42.219s][info][gc,phases      ] GC(430)   Evacuate Collection Set: 0.3ms
[42.219s][info][gc,phases      ] GC(430)   Post Evacuate Collection Set: 1.2ms
[42.219s][info][gc,phases      ] GC(430)   Other: 0.1ms
[42.219s][info][gc,heap        ] GC(430) Eden regions: 12->0(157)
[42.219s][info][gc,heap        ] GC(430) Survivor regions: 0->2(2)
[42.219s][info][gc,heap        ] GC(430) Old regions: 6->6
[42.219s][info][gc,heap        ] GC(430) Archive regions: 0->0
[42.219s][info][gc,heap        ] GC(430) Humongous regions: 0->0
[42.219s][info][gc,metaspace   ] GC(430) Metaspace: 8612K(8832K)->8612K(8832K) NonClass: 7458K(7552K)->7458K(7552K) Class: 1153K(1280K)->1153K(1280K)
[42.219s][info][gc             ] GC(430) Pause Young (Normal) (G1 Evacuation Pause) 15M->4M(266M) 2.137ms
[42.219s][info][gc,cpu         ] GC(430) User=0.00s Sys=0.00s Real=0.00s
[42.302s][info][gc,start       ] GC(431) Pause Young (Normal) (G1 Evacuation Pause)
[42.302s][info][gc,task        ] GC(431) Using 6 workers of 33 for evacuation
[42.303s][info][gc,phases      ] GC(431)   Pre Evacuate Collection Set: 0.1ms
[42.303s][info][gc,phases      ] GC(431)   Merge Heap Roots: 0.1ms
[42.303s][info][gc,phases      ] GC(431)   Evacuate Collection Set: 0.7ms
[42.303s][info][gc,phases      ] GC(431)   Post Evacuate Collection Set: 0.3ms
[42.303s][info][gc,phases      ] GC(431)   Other: 0.1ms
[42.303s][info][gc,heap        ] GC(431) Eden regions: 157->0(158)
[42.303s][info][gc,heap        ] GC(431) Survivor regions: 2->1(20)
[42.303s][info][gc,heap        ] GC(431) Old regions: 6->6
[42.303s][info][gc,heap        ] GC(431) Archive regions: 0->0
[42.303s][info][gc,heap        ] GC(431) Humongous regions: 0->0
[42.304s][info][gc,metaspace   ] GC(431) Metaspace: 8612K(8832K)->8612K(8832K) NonClass: 7458K(7552K)->7458K(7552K) Class: 1153K(1280K)->1153K(1280K)
[42.304s][info][gc             ] GC(431) Pause Young (Normal) (G1 Evacuation Pause) 161M->4M(266M) 1.772ms
[42.304s][info][gc,cpu         ] GC(431) User=0.00s Sys=0.00s Real=0.00s
[42.383s][info][gc,start       ] GC(432) Pause Young (Normal) (G1 Evacuation Pause)
[42.383s][info][gc,task        ] GC(432) Using 6 workers of 33 for evacuation
[42.385s][info][gc,phases      ] GC(432)   Pre Evacuate Collection Set: 0.1ms
[42.385s][info][gc,phases      ] GC(432)   Merge Heap Roots: 0.1ms
[42.385s][info][gc,phases      ] GC(432)   Evacuate Collection Set: 1.1ms
[42.385s][info][gc,phases      ] GC(432)   Post Evacuate Collection Set: 0.3ms
[42.385s][info][gc,phases      ] GC(432)   Other: 0.1ms
[42.385s][info][gc,heap        ] GC(432) Eden regions: 158->0(157)
[42.385s][info][gc,heap        ] GC(432) Survivor regions: 1->2(20)
[42.385s][info][gc,heap        ] GC(432) Old regions: 6->6
[42.385s][info][gc,heap        ] GC(432) Archive regions: 0->0
[42.385s][info][gc,heap        ] GC(432) Humongous regions: 0->0
[42.385s][info][gc,metaspace   ] GC(432) Metaspace: 8612K(8832K)->8612K(8832K) NonClass: 7458K(7552K)->7458K(7552K) Class: 1153K(1280K)->1153K(1280K)
[42.385s][info][gc             ] GC(432) Pause Young (Normal) (G1 Evacuation Pause) 162M->4M(266M) 2.225ms
[42.385s][info][gc,cpu         ] GC(432) User=0.00s Sys=0.00s Real=0.00s
[42.470s][info][gc,start       ] GC(433) Pause Young (Normal) (G1 Evacuation Pause)
[42.470s][info][gc,task        ] GC(433) Using 6 workers of 33 for evacuation
[42.473s][info][gc,phases      ] GC(433)   Pre Evacuate Collection Set: 0.1ms
[42.473s][info][gc,phases      ] GC(433)   Merge Heap Roots: 0.1ms
[42.473s][info][gc,phases      ] GC(433)   Evacuate Collection Set: 1.6ms
[42.473s][info][gc,phases      ] GC(433)   Post Evacuate Collection Set: 0.3ms
[42.473s][info][gc,phases      ] GC(433)   Other: 0.1ms
[42.473s][info][gc,heap        ] GC(433) Eden regions: 157->0(157)
[42.473s][info][gc,heap        ] GC(433) Survivor regions: 2->2(20)
[42.473s][info][gc,heap        ] GC(433) Old regions: 6->6
[42.473s][info][gc,heap        ] GC(433) Archive regions: 0->0
[42.473s][info][gc,heap        ] GC(433) Humongous regions: 0->0
[42.473s][info][gc,metaspace   ] GC(433) Metaspace: 8612K(8832K)->8612K(8832K) NonClass: 7458K(7552K)->7458K(7552K) Class: 1153K(1280K)->1153K(1280K)
[42.473s][info][gc             ] GC(433) Pause Young (Normal) (G1 Evacuation Pause) 161M->5M(266M) 2.700ms
[42.473s][info][gc,cpu         ] GC(433) User=0.00s Sys=0.00s Real=0.00s
[42.551s][info][gc,start       ] GC(434) Pause Young (Normal) (G1 Evacuation Pause)
[42.551s][info][gc,task        ] GC(434) Using 6 workers of 33 for evacuation
[42.554s][info][gc,phases      ] GC(434)   Pre Evacuate Collection Set: 0.1ms
[42.554s][info][gc,phases      ] GC(434)   Merge Heap Roots: 0.1ms
[42.554s][info][gc,phases      ] GC(434)   Evacuate Collection Set: 1.8ms
[42.554s][info][gc,phases      ] GC(434)   Post Evacuate Collection Set: 0.3ms
[42.554s][info][gc,phases      ] GC(434)   Other: 0.1ms
[42.554s][info][gc,heap        ] GC(434) Eden regions: 157->0(156)
[42.554s][info][gc,heap        ] GC(434) Survivor regions: 2->3(20)
[42.554s][info][gc,heap        ] GC(434) Old regions: 6->6
[42.554s][info][gc,heap        ] GC(434) Archive regions: 0->0
[42.554s][info][gc,heap        ] GC(434) Humongous regions: 0->0
[42.554s][info][gc,metaspace   ] GC(434) Metaspace: 8612K(8832K)->8612K(8832K) NonClass: 7458K(7552K)->7458K(7552K) Class: 1153K(1280K)->1153K(1280K)
[42.554s][info][gc             ] GC(434) Pause Young (Normal) (G1 Evacuation Pause) 162M->5M(266M) 2.936ms
[42.554s][info][gc,cpu         ] GC(434) User=0.00s Sys=0.00s Real=0.00s
[42.647s][info][gc,start       ] GC(435) Pause Young (Normal) (G1 Evacuation Pause)
[42.647s][info][gc,task        ] GC(435) Using 6 workers of 33 for evacuation
[42.649s][info][gc,phases      ] GC(435)   Pre Evacuate Collection Set: 0.1ms
[42.649s][info][gc,phases      ] GC(435)   Merge Heap Roots: 0.1ms
[42.649s][info][gc,phases      ] GC(435)   Evacuate Collection Set: 1.8ms
[42.649s][info][gc,phases      ] GC(435)   Post Evacuate Collection Set: 0.3ms
[42.649s][info][gc,phases      ] GC(435)   Other: 0.1ms
[42.649s][info][gc,heap        ] GC(435) Eden regions: 156->0(156)
[42.649s][info][gc,heap        ] GC(435) Survivor regions: 3->3(20)
[42.649s][info][gc,heap        ] GC(435) Old regions: 6->6
[42.649s][info][gc,heap        ] GC(435) Archive regions: 0->0
[42.649s][info][gc,heap        ] GC(435) Humongous regions: 0->0
[42.649s][info][gc,metaspace   ] GC(435) Metaspace: 8612K(8832K)->8612K(8832K) NonClass: 7458K(7552K)->7458K(7552K) Class: 1153K(1280K)->1153K(1280K)
[42.650s][info][gc             ] GC(435) Pause Young (Normal) (G1 Evacuation Pause) 161M->6M(266M) 2.848ms
[42.650s][info][gc,cpu         ] GC(435) User=0.00s Sys=0.00s Real=0.00s
[42.751s][info][gc,start       ] GC(436) Pause Young (Normal) (G1 Evacuation Pause)
[42.751s][info][gc,task        ] GC(436) Using 6 workers of 33 for evacuation
[42.755s][info][gc,phases      ] GC(436)   Pre Evacuate Collection Set: 0.1ms
[42.755s][info][gc,phases      ] GC(436)   Merge Heap Roots: 0.1ms
[42.755s][info][gc,phases      ] GC(436)   Evacuate Collection Set: 3.2ms
[42.755s][info][gc,phases      ] GC(436)   Post Evacuate Collection Set: 0.3ms
[42.755s][info][gc,phases      ] GC(436)   Other: 0.1ms
[42.755s][info][gc,heap        ] GC(436) Eden regions: 156->0(155)
[42.755s][info][gc,heap        ] GC(436) Survivor regions: 3->4(20)
[42.755s][info][gc,heap        ] GC(436) Old regions: 6->6
[42.755s][info][gc,heap        ] GC(436) Archive regions: 0->0
[42.755s][info][gc,heap        ] GC(436) Humongous regions: 0->0
[42.755s][info][gc,metaspace   ] GC(436) Metaspace: 8612K(8832K)->8612K(8832K) NonClass: 7458K(7552K)->7458K(7552K) Class: 1153K(1280K)->1153K(1280K)
[42.755s][info][gc             ] GC(436) Pause Young (Normal) (G1 Evacuation Pause) 162M->7M(266M) 4.330ms
[42.755s][info][gc,cpu         ] GC(436) User=0.05s Sys=0.00s Real=0.00s
[42.833s][info][gc,start       ] GC(437) Pause Young (Normal) (G1 Evacuation Pause)
[42.833s][info][gc,task        ] GC(437) Using 6 workers of 33 for evacuation
[42.836s][info][gc,phases      ] GC(437)   Pre Evacuate Collection Set: 0.1ms
[42.836s][info][gc,phases      ] GC(437)   Merge Heap Roots: 0.1ms
[42.836s][info][gc,phases      ] GC(437)   Evacuate Collection Set: 2.8ms
[42.836s][info][gc,phases      ] GC(437)   Post Evacuate Collection Set: 0.3ms
[42.836s][info][gc,phases      ] GC(437)   Other: 0.1ms
[42.836s][info][gc,heap        ] GC(437) Eden regions: 155->0(155)
[42.836s][info][gc,heap        ] GC(437) Survivor regions: 4->4(20)
[42.836s][info][gc,heap        ] GC(437) Old regions: 6->6
[42.836s][info][gc,heap        ] GC(437) Archive regions: 0->0
[42.836s][info][gc,heap        ] GC(437) Humongous regions: 0->0
[42.836s][info][gc,metaspace   ] GC(437) Metaspace: 8612K(8832K)->8612K(8832K) NonClass: 7458K(7552K)->7458K(7552K) Class: 1153K(1280K)->1153K(1280K)
[42.836s][info][gc             ] GC(437) Pause Young (Normal) (G1 Evacuation Pause) 162M->7M(266M) 3.776ms
[42.836s][info][gc,cpu         ] GC(437) User=0.00s Sys=0.00s Real=0.00s
[42.928s][info][gc,start       ] GC(438) Pause Young (Normal) (G1 Evacuation Pause)
[42.929s][info][gc,task        ] GC(438) Using 6 workers of 33 for evacuation
[42.933s][info][gc,phases      ] GC(438)   Pre Evacuate Collection Set: 0.1ms
[42.933s][info][gc,phases      ] GC(438)   Merge Heap Roots: 0.1ms
[42.933s][info][gc,phases      ] GC(438)   Evacuate Collection Set: 3.6ms
[42.933s][info][gc,phases      ] GC(438)   Post Evacuate Collection Set: 0.3ms
[42.933s][info][gc,phases      ] GC(438)   Other: 0.1ms
[42.933s][info][gc,heap        ] GC(438) Eden regions: 155->0(154)
[42.933s][info][gc,heap        ] GC(438) Survivor regions: 4->5(20)
[42.933s][info][gc,heap        ] GC(438) Old regions: 6->6
[42.933s][info][gc,heap        ] GC(438) Archive regions: 0->0
[42.933s][info][gc,heap        ] GC(438) Humongous regions: 0->0
[42.933s][info][gc,metaspace   ] GC(438) Metaspace: 8612K(8832K)->8612K(8832K) NonClass: 7458K(7552K)->7458K(7552K) Class: 1153K(1280K)->1153K(1280K)
[42.933s][info][gc             ] GC(438) Pause Young (Normal) (G1 Evacuation Pause) 162M->8M(266M) 4.704ms
[42.933s][info][gc,cpu         ] GC(438) User=0.00s Sys=0.00s Real=0.01s
[43.011s][info][gc,start       ] GC(439) Pause Young (Normal) (G1 Evacuation Pause)
[43.011s][info][gc,task        ] GC(439) Using 6 workers of 33 for evacuation
[43.015s][info][gc,phases      ] GC(439)   Pre Evacuate Collection Set: 0.1ms
[43.015s][info][gc,phases      ] GC(439)   Merge Heap Roots: 0.1ms
[43.015s][info][gc,phases      ] GC(439)   Evacuate Collection Set: 3.4ms
[43.015s][info][gc,phases      ] GC(439)   Post Evacuate Collection Set: 0.3ms
[43.015s][info][gc,phases      ] GC(439)   Other: 0.1ms
[43.015s][info][gc,heap        ] GC(439) Eden regions: 154->0(153)
[43.015s][info][gc,heap        ] GC(439) Survivor regions: 5->6(20)
[43.015s][info][gc,heap        ] GC(439) Old regions: 6->6
[43.015s][info][gc,heap        ] GC(439) Archive regions: 0->0
[43.015s][info][gc,heap        ] GC(439) Humongous regions: 0->0
[43.015s][info][gc,metaspace   ] GC(439) Metaspace: 8612K(8832K)->8612K(8832K) NonClass: 7458K(7552K)->7458K(7552K) Class: 1153K(1280K)->1153K(1280K)
[43.015s][info][gc             ] GC(439) Pause Young (Normal) (G1 Evacuation Pause) 162M->8M(266M) 4.538ms
[43.015s][info][gc,cpu         ] GC(439) User=0.00s Sys=0.00s Real=0.01s
[43.093s][info][gc,start       ] GC(440) Pause Young (Normal) (G1 Evacuation Pause)
[43.093s][info][gc,task        ] GC(440) Using 6 workers of 33 for evacuation
[43.097s][info][gc,phases      ] GC(440)   Pre Evacuate Collection Set: 0.1ms
[43.097s][info][gc,phases      ] GC(440)   Merge Heap Roots: 0.1ms
[43.097s][info][gc,phases      ] GC(440)   Evacuate Collection Set: 3.9ms
[43.097s][info][gc,phases      ] GC(440)   Post Evacuate Collection Set: 0.3ms
[43.097s][info][gc,phases      ] GC(440)   Other: 0.1ms
[43.097s][info][gc,heap        ] GC(440) Eden regions: 153->0(153)
[43.097s][info][gc,heap        ] GC(440) Survivor regions: 6->6(20)
[43.097s][info][gc,heap        ] GC(440) Old regions: 6->6
[43.097s][info][gc,heap        ] GC(440) Archive regions: 0->0
[43.097s][info][gc,heap        ] GC(440) Humongous regions: 0->0
[43.097s][info][gc,metaspace   ] GC(440) Metaspace: 8612K(8832K)->8612K(8832K) NonClass: 7458K(7552K)->7458K(7552K) Class: 1153K(1280K)->1153K(1280K)
[43.098s][info][gc             ] GC(440) Pause Young (Normal) (G1 Evacuation Pause) 161M->9M(266M) 4.933ms
[43.098s][info][gc,cpu         ] GC(440) User=0.09s Sys=0.00s Real=0.00s
[43.182s][info][gc,start       ] GC(441) Pause Young (Normal) (G1 Evacuation Pause)
[43.182s][info][gc,task        ] GC(441) Using 6 workers of 33 for evacuation
[43.187s][info][gc,phases      ] GC(441)   Pre Evacuate Collection Set: 0.1ms
[43.187s][info][gc,phases      ] GC(441)   Merge Heap Roots: 0.1ms
[43.187s][info][gc,phases      ] GC(441)   Evacuate Collection Set: 4.3ms
[43.187s][info][gc,phases      ] GC(441)   Post Evacuate Collection Set: 0.3ms
[43.187s][info][gc,phases      ] GC(441)   Other: 0.1ms
[43.187s][info][gc,heap        ] GC(441) Eden regions: 153->0(152)
[43.187s][info][gc,heap        ] GC(441) Survivor regions: 6->7(20)
[43.187s][info][gc,heap        ] GC(441) Old regions: 6->6
[43.187s][info][gc,heap        ] GC(441) Archive regions: 0->0
[43.187s][info][gc,heap        ] GC(441) Humongous regions: 0->0
[43.187s][info][gc,metaspace   ] GC(441) Metaspace: 8612K(8832K)->8612K(8832K) NonClass: 7458K(7552K)->7458K(7552K) Class: 1153K(1280K)->1153K(1280K)
[43.187s][info][gc             ] GC(441) Pause Young (Normal) (G1 Evacuation Pause) 162M->9M(266M) 5.394ms
[43.187s][info][gc,cpu         ] GC(441) User=0.00s Sys=0.00s Real=0.01s
[43.265s][info][gc,start       ] GC(442) Pause Young (Normal) (G1 Evacuation Pause)
[43.265s][info][gc,task        ] GC(442) Using 6 workers of 33 for evacuation
[43.270s][info][gc,phases      ] GC(442)   Pre Evacuate Collection Set: 0.1ms
[43.270s][info][gc,phases      ] GC(442)   Merge Heap Roots: 0.1ms
[43.270s][info][gc,phases      ] GC(442)   Evacuate Collection Set: 4.5ms
[43.270s][info][gc,phases      ] GC(442)   Post Evacuate Collection Set: 0.3ms
[43.270s][info][gc,phases      ] GC(442)   Other: 0.1ms
[43.270s][info][gc,heap        ] GC(442) Eden regions: 152->0(152)
[43.270s][info][gc,heap        ] GC(442) Survivor regions: 7->7(20)
[43.271s][info][gc,heap        ] GC(442) Old regions: 6->6
[43.271s][info][gc,heap        ] GC(442) Archive regions: 0->0
[43.271s][info][gc,heap        ] GC(442) Humongous regions: 0->0
[43.271s][info][gc,metaspace   ] GC(442) Metaspace: 8612K(8832K)->8612K(8832K) NonClass: 7458K(7552K)->7458K(7552K) Class: 1153K(1280K)->1153K(1280K)
[43.271s][info][gc             ] GC(442) Pause Young (Normal) (G1 Evacuation Pause) 161M->10M(266M) 5.748ms
[43.271s][info][gc,cpu         ] GC(442) User=0.09s Sys=0.00s Real=0.01s
[43.348s][info][gc,start       ] GC(443) Pause Young (Normal) (G1 Evacuation Pause)
[43.348s][info][gc,task        ] GC(443) Using 6 workers of 33 for evacuation
[43.354s][info][gc,phases      ] GC(443)   Pre Evacuate Collection Set: 0.1ms
[43.354s][info][gc,phases      ] GC(443)   Merge Heap Roots: 0.1ms
[43.354s][info][gc,phases      ] GC(443)   Evacuate Collection Set: 5.5ms
[43.354s][info][gc,phases      ] GC(443)   Post Evacuate Collection Set: 0.3ms
[43.354s][info][gc,phases      ] GC(443)   Other: 0.1ms
[43.354s][info][gc,heap        ] GC(443) Eden regions: 152->0(151)
[43.354s][info][gc,heap        ] GC(443) Survivor regions: 7->8(20)
[43.354s][info][gc,heap        ] GC(443) Old regions: 6->6
[43.354s][info][gc,heap        ] GC(443) Archive regions: 0->0
[43.354s][info][gc,heap        ] GC(443) Humongous regions: 0->0
[43.354s][info][gc,metaspace   ] GC(443) Metaspace: 8612K(8832K)->8612K(8832K) NonClass: 7458K(7552K)->7458K(7552K) Class: 1153K(1280K)->1153K(1280K)
[43.354s][info][gc             ] GC(443) Pause Young (Normal) (G1 Evacuation Pause) 162M->11M(266M) 6.645ms
[43.354s][info][gc,cpu         ] GC(443) User=0.00s Sys=0.00s Real=0.01s
[43.467s][info][gc,start       ] GC(444) Pause Young (Normal) (G1 Evacuation Pause)
[43.468s][info][gc,task        ] GC(444) Using 6 workers of 33 for evacuation
[43.473s][info][gc,phases      ] GC(444)   Pre Evacuate Collection Set: 0.1ms
[43.473s][info][gc,phases      ] GC(444)   Merge Heap Roots: 0.1ms
[43.473s][info][gc,phases      ] GC(444)   Evacuate Collection Set: 4.4ms
[43.473s][info][gc,phases      ] GC(444)   Post Evacuate Collection Set: 0.3ms
[43.473s][info][gc,phases      ] GC(444)   Other: 0.1ms
[43.473s][info][gc,heap        ] GC(444) Eden regions: 151->0(150)
[43.473s][info][gc,heap        ] GC(444) Survivor regions: 8->9(20)
[43.473s][info][gc,heap        ] GC(444) Old regions: 6->6
[43.473s][info][gc,heap        ] GC(444) Archive regions: 0->0
[43.473s][info][gc,heap        ] GC(444) Humongous regions: 0->0
[43.473s][info][gc,metaspace   ] GC(444) Metaspace: 8612K(8832K)->8612K(8832K) NonClass: 7458K(7552K)->7458K(7552K) Class: 1153K(1280K)->1153K(1280K)
[43.473s][info][gc             ] GC(444) Pause Young (Normal) (G1 Evacuation Pause) 162M->11M(266M) 5.558ms
[43.473s][info][gc,cpu         ] GC(444) User=0.09s Sys=0.00s Real=0.01s
[43.581s][info][gc,start       ] GC(445) Pause Young (Normal) (G1 Evacuation Pause)
[43.581s][info][gc,task        ] GC(445) Using 6 workers of 33 for evacuation
[43.586s][info][gc,phases      ] GC(445)   Pre Evacuate Collection Set: 0.1ms
[43.586s][info][gc,phases      ] GC(445)   Merge Heap Roots: 0.1ms
[43.586s][info][gc,phases      ] GC(445)   Evacuate Collection Set: 4.4ms
[43.586s][info][gc,phases      ] GC(445)   Post Evacuate Collection Set: 0.3ms
[43.586s][info][gc,phases      ] GC(445)   Other: 0.1ms
[43.586s][info][gc,heap        ] GC(445) Eden regions: 150->0(150)
[43.586s][info][gc,heap        ] GC(445) Survivor regions: 9->9(20)
[43.586s][info][gc,heap        ] GC(445) Old regions: 6->7
[43.586s][info][gc,heap        ] GC(445) Archive regions: 0->0
[43.586s][info][gc,heap        ] GC(445) Humongous regions: 0->0
[43.586s][info][gc,metaspace   ] GC(445) Metaspace: 8612K(8832K)->8612K(8832K) NonClass: 7458K(7552K)->7458K(7552K) Class: 1153K(1280K)->1153K(1280K)
[43.586s][info][gc             ] GC(445) Pause Young (Normal) (G1 Evacuation Pause) 161M->11M(266M) 5.570ms
[43.586s][info][gc,cpu         ] GC(445) User=0.00s Sys=0.00s Real=0.01s
[43.674s][info][gc,start       ] GC(446) Pause Young (Normal) (G1 Evacuation Pause)
[43.675s][info][gc,task        ] GC(446) Using 6 workers of 33 for evacuation
[43.682s][info][gc,phases      ] GC(446)   Pre Evacuate Collection Set: 0.1ms
[43.682s][info][gc,phases      ] GC(446)   Merge Heap Roots: 0.1ms
[43.682s][info][gc,phases      ] GC(446)   Evacuate Collection Set: 7.2ms
[43.682s][info][gc,phases      ] GC(446)   Post Evacuate Collection Set: 0.3ms
[43.682s][info][gc,phases      ] GC(446)   Other: 0.1ms
[43.683s][info][gc,heap        ] GC(446) Eden regions: 150->0(145)
[43.683s][info][gc,heap        ] GC(446) Survivor regions: 9->14(20)
[43.683s][info][gc,heap        ] GC(446) Old regions: 7->7
[43.683s][info][gc,heap        ] GC(446) Archive regions: 0->0
[43.683s][info][gc,heap        ] GC(446) Humongous regions: 0->0
[43.683s][info][gc,metaspace   ] GC(446) Metaspace: 8612K(8832K)->8612K(8832K) NonClass: 7458K(7552K)->7458K(7552K) Class: 1153K(1280K)->1153K(1280K)
[43.683s][info][gc             ] GC(446) Pause Young (Normal) (G1 Evacuation Pause) 161M->16M(266M) 8.294ms
[43.683s][info][gc,cpu         ] GC(446) User=0.09s Sys=0.00s Real=0.02s
[43.757s][info][gc,start       ] GC(447) Pause Young (Normal) (G1 Evacuation Pause)
[43.757s][info][gc,task        ] GC(447) Using 6 workers of 33 for evacuation
[43.764s][info][gc,phases      ] GC(447)   Pre Evacuate Collection Set: 0.1ms
[43.764s][info][gc,phases      ] GC(447)   Merge Heap Roots: 0.1ms
[43.764s][info][gc,phases      ] GC(447)   Evacuate Collection Set: 6.2ms
[43.764s][info][gc,phases      ] GC(447)   Post Evacuate Collection Set: 0.4ms
[43.764s][info][gc,phases      ] GC(447)   Other: 0.1ms
[43.764s][info][gc,heap        ] GC(447) Eden regions: 145->0(153)
[43.764s][info][gc,heap        ] GC(447) Survivor regions: 14->6(20)
[43.764s][info][gc,heap        ] GC(447) Old regions: 7->11
[43.764s][info][gc,heap        ] GC(447) Archive regions: 0->0
[43.764s][info][gc,heap        ] GC(447) Humongous regions: 0->0
[43.764s][info][gc,metaspace   ] GC(447) Metaspace: 8612K(8832K)->8612K(8832K) NonClass: 7458K(7552K)->7458K(7552K) Class: 1153K(1280K)->1153K(1280K)
[43.764s][info][gc             ] GC(447) Pause Young (Normal) (G1 Evacuation Pause) 161M->13M(266M) 7.301ms
[43.765s][info][gc,cpu         ] GC(447) User=0.00s Sys=0.00s Real=0.01s
[43.842s][info][gc,start       ] GC(448) Pause Young (Normal) (G1 Evacuation Pause)
[43.842s][info][gc,task        ] GC(448) Using 6 workers of 33 for evacuation
[43.846s][info][gc,phases      ] GC(448)   Pre Evacuate Collection Set: 0.1ms
[43.846s][info][gc,phases      ] GC(448)   Merge Heap Roots: 0.1ms
[43.846s][info][gc,phases      ] GC(448)   Evacuate Collection Set: 3.7ms
[43.846s][info][gc,phases      ] GC(448)   Post Evacuate Collection Set: 0.3ms
[43.847s][info][gc,phases      ] GC(448)   Other: 0.1ms
[43.847s][info][gc,heap        ] GC(448) Eden regions: 153->0(153)
[43.847s][info][gc,heap        ] GC(448) Survivor regions: 6->6(20)
[43.847s][info][gc,heap        ] GC(448) Old regions: 11->11
[43.847s][info][gc,heap        ] GC(448) Archive regions: 0->0
[43.847s][info][gc,heap        ] GC(448) Humongous regions: 0->0
[43.847s][info][gc,metaspace   ] GC(448) Metaspace: 8612K(8832K)->8612K(8832K) NonClass: 7458K(7552K)->7458K(7552K) Class: 1153K(1280K)->1153K(1280K)
[43.847s][info][gc             ] GC(448) Pause Young (Normal) (G1 Evacuation Pause) 166M->13M(266M) 4.818ms
[43.847s][info][gc,cpu         ] GC(448) User=0.09s Sys=0.00s Real=0.00s
[43.924s][info][gc,start       ] GC(449) Pause Young (Normal) (G1 Evacuation Pause)
[43.925s][info][gc,task        ] GC(449) Using 6 workers of 33 for evacuation
[43.929s][info][gc,phases      ] GC(449)   Pre Evacuate Collection Set: 0.1ms
[43.929s][info][gc,phases      ] GC(449)   Merge Heap Roots: 0.1ms
[43.929s][info][gc,phases      ] GC(449)   Evacuate Collection Set: 4.0ms
[43.929s][info][gc,phases      ] GC(449)   Post Evacuate Collection Set: 0.3ms
[43.929s][info][gc,phases      ] GC(449)   Other: 0.1ms
[43.929s][info][gc,heap        ] GC(449) Eden regions: 153->0(153)
[43.929s][info][gc,heap        ] GC(449) Survivor regions: 6->6(20)
[43.929s][info][gc,heap        ] GC(449) Old regions: 11->11
[43.929s][info][gc,heap        ] GC(449) Archive regions: 0->0
[43.929s][info][gc,heap        ] GC(449) Humongous regions: 0->0
[43.929s][info][gc,metaspace   ] GC(449) Metaspace: 8612K(8832K)->8612K(8832K) NonClass: 7458K(7552K)->7458K(7552K) Class: 1153K(1280K)->1153K(1280K)
[43.929s][info][gc             ] GC(449) Pause Young (Normal) (G1 Evacuation Pause) 166M->13M(266M) 5.019ms
[43.930s][info][gc,cpu         ] GC(449) User=0.00s Sys=0.00s Real=0.00s
[44.013s][info][gc,start       ] GC(450) Pause Young (Normal) (G1 Evacuation Pause)
[44.013s][info][gc,task        ] GC(450) Using 6 workers of 33 for evacuation
[44.018s][info][gc,phases      ] GC(450)   Pre Evacuate Collection Set: 0.1ms
[44.018s][info][gc,phases      ] GC(450)   Merge Heap Roots: 0.1ms
[44.018s][info][gc,phases      ] GC(450)   Evacuate Collection Set: 4.6ms
[44.018s][info][gc,phases      ] GC(450)   Post Evacuate Collection Set: 0.3ms
[44.018s][info][gc,phases      ] GC(450)   Other: 0.1ms
[44.018s][info][gc,heap        ] GC(450) Eden regions: 153->0(152)
[44.018s][info][gc,heap        ] GC(450) Survivor regions: 6->7(20)
[44.018s][info][gc,heap        ] GC(450) Old regions: 11->11
[44.018s][info][gc,heap        ] GC(450) Archive regions: 0->0
[44.018s][info][gc,heap        ] GC(450) Humongous regions: 0->0
[44.018s][info][gc,metaspace   ] GC(450) Metaspace: 8612K(8832K)->8612K(8832K) NonClass: 7458K(7552K)->7458K(7552K) Class: 1153K(1280K)->1153K(1280K)
[44.018s][info][gc             ] GC(450) Pause Young (Normal) (G1 Evacuation Pause) 166M->14M(266M) 5.641ms
[44.018s][info][gc,cpu         ] GC(450) User=0.09s Sys=0.00s Real=0.00s
[44.097s][info][gc,start       ] GC(451) Pause Young (Normal) (G1 Evacuation Pause)
[44.097s][info][gc,task        ] GC(451) Using 6 workers of 33 for evacuation
[44.102s][info][gc,phases      ] GC(451)   Pre Evacuate Collection Set: 0.1ms
[44.102s][info][gc,phases      ] GC(451)   Merge Heap Roots: 0.1ms
[44.102s][info][gc,phases      ] GC(451)   Evacuate Collection Set: 4.7ms
[44.102s][info][gc,phases      ] GC(451)   Post Evacuate Collection Set: 0.3ms
[44.102s][info][gc,phases      ] GC(451)   Other: 0.1ms
[44.102s][info][gc,heap        ] GC(451) Eden regions: 152->0(151)
[44.102s][info][gc,heap        ] GC(451) Survivor regions: 7->8(20)
[44.102s][info][gc,heap        ] GC(451) Old regions: 11->11
[44.102s][info][gc,heap        ] GC(451) Archive regions: 0->0
[44.102s][info][gc,heap        ] GC(451) Humongous regions: 0->0
[44.102s][info][gc,metaspace   ] GC(451) Metaspace: 8612K(8832K)->8612K(8832K) NonClass: 7458K(7552K)->7458K(7552K) Class: 1153K(1280K)->1153K(1280K)
[44.102s][info][gc             ] GC(451) Pause Young (Normal) (G1 Evacuation Pause) 166M->15M(266M) 5.674ms
[44.102s][info][gc,cpu         ] GC(451) User=0.00s Sys=0.00s Real=0.01s
[44.186s][info][gc,start       ] GC(452) Pause Young (Normal) (G1 Evacuation Pause)
[44.186s][info][gc,task        ] GC(452) Using 6 workers of 33 for evacuation
[44.191s][info][gc,phases      ] GC(452)   Pre Evacuate Collection Set: 0.1ms
[44.191s][info][gc,phases      ] GC(452)   Merge Heap Roots: 0.1ms
[44.192s][info][gc,phases      ] GC(452)   Evacuate Collection Set: 5.2ms
[44.192s][info][gc,phases      ] GC(452)   Post Evacuate Collection Set: 0.3ms
[44.192s][info][gc,phases      ] GC(452)   Other: 0.1ms
[44.192s][info][gc,heap        ] GC(452) Eden regions: 151->0(151)
[44.192s][info][gc,heap        ] GC(452) Survivor regions: 8->8(20)
[44.192s][info][gc,heap        ] GC(452) Old regions: 11->11
[44.192s][info][gc,heap        ] GC(452) Archive regions: 0->0
[44.192s][info][gc,heap        ] GC(452) Humongous regions: 0->0
[44.192s][info][gc,metaspace   ] GC(452) Metaspace: 8612K(8832K)->8612K(8832K) NonClass: 7458K(7552K)->7458K(7552K) Class: 1153K(1280K)->1153K(1280K)
[44.192s][info][gc             ] GC(452) Pause Young (Normal) (G1 Evacuation Pause) 166M->15M(266M) 6.182ms
[44.192s][info][gc,cpu         ] GC(452) User=0.09s Sys=0.00s Real=0.01s
[44.270s][info][gc,start       ] GC(453) Pause Young (Normal) (G1 Evacuation Pause)
[44.270s][info][gc,task        ] GC(453) Using 6 workers of 33 for evacuation
[44.275s][info][gc,phases      ] GC(453)   Pre Evacuate Collection Set: 0.1ms
[44.275s][info][gc,phases      ] GC(453)   Merge Heap Roots: 0.1ms
[44.276s][info][gc,phases      ] GC(453)   Evacuate Collection Set: 5.1ms
[44.276s][info][gc,phases      ] GC(453)   Post Evacuate Collection Set: 0.3ms
[44.276s][info][gc,phases      ] GC(453)   Other: 0.1ms
[44.276s][info][gc,heap        ] GC(453) Eden regions: 151->0(150)
[44.276s][info][gc,heap        ] GC(453) Survivor regions: 8->9(20)
[44.276s][info][gc,heap        ] GC(453) Old regions: 11->11
[44.276s][info][gc,heap        ] GC(453) Archive regions: 0->0
[44.276s][info][gc,heap        ] GC(453) Humongous regions: 0->0
[44.276s][info][gc,metaspace   ] GC(453) Metaspace: 8612K(8832K)->8612K(8832K) NonClass: 7458K(7552K)->7458K(7552K) Class: 1153K(1280K)->1153K(1280K)
[44.276s][info][gc             ] GC(453) Pause Young (Normal) (G1 Evacuation Pause) 166M->16M(266M) 6.097ms
[44.276s][info][gc,cpu         ] GC(453) User=0.00s Sys=0.00s Real=0.00s
[44.351s][info][gc,start       ] GC(454) Pause Young (Normal) (G1 Evacuation Pause)
[44.351s][info][gc,task        ] GC(454) Using 6 workers of 33 for evacuation
[44.357s][info][gc,phases      ] GC(454)   Pre Evacuate Collection Set: 0.1ms
[44.357s][info][gc,phases      ] GC(454)   Merge Heap Roots: 0.1ms
[44.357s][info][gc,phases      ] GC(454)   Evacuate Collection Set: 5.5ms
[44.357s][info][gc,phases      ] GC(454)   Post Evacuate Collection Set: 0.3ms
[44.357s][info][gc,phases      ] GC(454)   Other: 0.1ms
[44.357s][info][gc,heap        ] GC(454) Eden regions: 150->0(150)
[44.357s][info][gc,heap        ] GC(454) Survivor regions: 9->9(20)
[44.357s][info][gc,heap        ] GC(454) Old regions: 11->11
[44.357s][info][gc,heap        ] GC(454) Archive regions: 0->0
[44.357s][info][gc,heap        ] GC(454) Humongous regions: 0->0
[44.357s][info][gc,metaspace   ] GC(454) Metaspace: 8612K(8832K)->8612K(8832K) NonClass: 7458K(7552K)->7458K(7552K) Class: 1153K(1280K)->1153K(1280K)
[44.357s][info][gc             ] GC(454) Pause Young (Normal) (G1 Evacuation Pause) 166M->16M(266M) 6.474ms
[44.357s][info][gc,cpu         ] GC(454) User=0.09s Sys=0.00s Real=0.02s
[44.466s][info][gc,start       ] GC(455) Pause Young (Normal) (G1 Evacuation Pause)
[44.466s][info][gc,task        ] GC(455) Using 6 workers of 33 for evacuation
[44.483s][info][gc,phases      ] GC(455)   Pre Evacuate Collection Set: 0.1ms
[44.483s][info][gc,phases      ] GC(455)   Merge Heap Roots: 0.1ms
[44.483s][info][gc,phases      ] GC(455)   Evacuate Collection Set: 15.8ms
[44.483s][info][gc,phases      ] GC(455)   Post Evacuate Collection Set: 0.3ms
[44.483s][info][gc,phases      ] GC(455)   Other: 0.1ms
[44.483s][info][gc,heap        ] GC(455) Eden regions: 150->0(140)
[44.483s][info][gc,heap        ] GC(455) Survivor regions: 9->19(20)
[44.483s][info][gc,heap        ] GC(455) Old regions: 11->11
[44.483s][info][gc,heap        ] GC(455) Archive regions: 0->0
[44.483s][info][gc,heap        ] GC(455) Humongous regions: 3->3
[44.483s][info][gc,metaspace   ] GC(455) Metaspace: 8612K(8832K)->8612K(8832K) NonClass: 7458K(7552K)->7458K(7552K) Class: 1153K(1280K)->1153K(1280K)
[44.483s][info][gc             ] GC(455) Pause Young (Normal) (G1 Evacuation Pause) 169M->29M(266M) 16.840ms
[44.483s][info][gc,cpu         ] GC(455) User=0.00s Sys=0.00s Real=0.00s
[44.560s][info][gc,start       ] GC(456) Pause Young (Normal) (G1 Evacuation Pause)
[44.560s][info][gc,task        ] GC(456) Using 6 workers of 33 for evacuation
[44.572s][info][gc,phases      ] GC(456)   Pre Evacuate Collection Set: 0.1ms
[44.572s][info][gc,phases      ] GC(456)   Merge Heap Roots: 0.1ms
[44.572s][info][gc,phases      ] GC(456)   Evacuate Collection Set: 10.8ms
[44.572s][info][gc,phases      ] GC(456)   Post Evacuate Collection Set: 0.3ms
[44.572s][info][gc,phases      ] GC(456)   Other: 0.1ms
[44.572s][info][gc,heap        ] GC(456) Eden regions: 140->0(157)
[44.572s][info][gc,heap        ] GC(456) Survivor regions: 19->2(20)
[44.572s][info][gc,heap        ] GC(456) Old regions: 11->29
[44.572s][info][gc,heap        ] GC(456) Archive regions: 0->0
[44.572s][info][gc,heap        ] GC(456) Humongous regions: 3->3
[44.572s][info][gc,metaspace   ] GC(456) Metaspace: 8612K(8832K)->8612K(8832K) NonClass: 7458K(7552K)->7458K(7552K) Class: 1153K(1280K)->1153K(1280K)
[44.572s][info][gc             ] GC(456) Pause Young (Normal) (G1 Evacuation Pause) 169M->31M(266M) 11.808ms
[44.572s][info][gc,cpu         ] GC(456) User=0.09s Sys=0.00s Real=0.01s
[44.661s][info][gc,start       ] GC(457) Pause Young (Normal) (G1 Evacuation Pause)
[44.661s][info][gc,task        ] GC(457) Using 6 workers of 33 for evacuation
[44.663s][info][gc,phases      ] GC(457)   Pre Evacuate Collection Set: 0.1ms
[44.663s][info][gc,phases      ] GC(457)   Merge Heap Roots: 0.1ms
[44.663s][info][gc,phases      ] GC(457)   Evacuate Collection Set: 0.9ms
[44.663s][info][gc,phases      ] GC(457)   Post Evacuate Collection Set: 0.5ms
[44.663s][info][gc,phases      ] GC(457)   Other: 0.1ms
[44.663s][info][gc,heap        ] GC(457) Eden regions: 157->0(163)
[44.663s][info][gc,heap        ] GC(457) Survivor regions: 2->2(20)
[44.663s][info][gc,heap        ] GC(457) Old regions: 29->29
[44.663s][info][gc,heap        ] GC(457) Archive regions: 0->0
[44.663s][info][gc,heap        ] GC(457) Humongous regions: 3->3
[44.663s][info][gc,metaspace   ] GC(457) Metaspace: 8612K(8832K)->8612K(8832K) NonClass: 7458K(7552K)->7458K(7552K) Class: 1153K(1280K)->1153K(1280K)
[44.663s][info][gc             ] GC(457) Pause Young (Normal) (G1 Evacuation Pause) 188M->30M(276M) 2.054ms
[44.663s][info][gc,cpu         ] GC(457) User=0.00s Sys=0.00s Real=0.00s
[44.753s][info][gc,start       ] GC(458) Pause Young (Normal) (G1 Evacuation Pause)
[44.753s][info][gc,task        ] GC(458) Using 6 workers of 33 for evacuation
[44.758s][info][gc,phases      ] GC(458)   Pre Evacuate Collection Set: 0.1ms
[44.758s][info][gc,phases      ] GC(458)   Merge Heap Roots: 0.1ms
[44.758s][info][gc,phases      ] GC(458)   Evacuate Collection Set: 4.4ms
[44.758s][info][gc,phases      ] GC(458)   Post Evacuate Collection Set: 0.3ms
[44.758s][info][gc,phases      ] GC(458)   Other: 0.1ms
[44.758s][info][gc,heap        ] GC(458) Eden regions: 163->0(159)
[44.758s][info][gc,heap        ] GC(458) Survivor regions: 2->6(21)
[44.758s][info][gc,heap        ] GC(458) Old regions: 29->29
[44.758s][info][gc,heap        ] GC(458) Archive regions: 0->0
[44.758s][info][gc,heap        ] GC(458) Humongous regions: 3->3
[44.758s][info][gc,metaspace   ] GC(458) Metaspace: 8612K(8832K)->8612K(8832K) NonClass: 7458K(7552K)->7458K(7552K) Class: 1153K(1280K)->1153K(1280K)
[44.758s][info][gc             ] GC(458) Pause Young (Normal) (G1 Evacuation Pause) 193M->35M(276M) 5.511ms
[44.758s][info][gc,cpu         ] GC(458) User=0.00s Sys=0.00s Real=0.00s
[44.838s][info][gc,start       ] GC(459) Pause Young (Normal) (G1 Evacuation Pause)
[44.838s][info][gc,task        ] GC(459) Using 6 workers of 33 for evacuation
[44.843s][info][gc,phases      ] GC(459)   Pre Evacuate Collection Set: 0.1ms
[44.843s][info][gc,phases      ] GC(459)   Merge Heap Roots: 0.1ms
[44.843s][info][gc,phases      ] GC(459)   Evacuate Collection Set: 4.3ms
[44.843s][info][gc,phases      ] GC(459)   Post Evacuate Collection Set: 0.3ms
[44.843s][info][gc,phases      ] GC(459)   Other: 0.1ms
[44.843s][info][gc,heap        ] GC(459) Eden regions: 159->0(158)
[44.843s][info][gc,heap        ] GC(459) Survivor regions: 6->7(21)
[44.843s][info][gc,heap        ] GC(459) Old regions: 29->29
[44.843s][info][gc,heap        ] GC(459) Archive regions: 0->0
[44.843s][info][gc,heap        ] GC(459) Humongous regions: 3->3
[44.843s][info][gc,metaspace   ] GC(459) Metaspace: 8612K(8832K)->8612K(8832K) NonClass: 7458K(7552K)->7458K(7552K) Class: 1153K(1280K)->1153K(1280K)
[44.843s][info][gc             ] GC(459) Pause Young (Normal) (G1 Evacuation Pause) 194M->36M(276M) 5.274ms
[44.843s][info][gc,cpu         ] GC(459) User=0.00s Sys=0.00s Real=0.00s
[44.930s][info][gc,start       ] GC(460) Pause Young (Normal) (G1 Evacuation Pause)
[44.930s][info][gc,task        ] GC(460) Using 6 workers of 33 for evacuation
[44.935s][info][gc,phases      ] GC(460)   Pre Evacuate Collection Set: 0.1ms
[44.935s][info][gc,phases      ] GC(460)   Merge Heap Roots: 0.1ms
[44.935s][info][gc,phases      ] GC(460)   Evacuate Collection Set: 4.6ms
[44.935s][info][gc,phases      ] GC(460)   Post Evacuate Collection Set: 0.3ms
[44.935s][info][gc,phases      ] GC(460)   Other: 0.1ms
[44.935s][info][gc,heap        ] GC(460) Eden regions: 158->0(158)
[44.935s][info][gc,heap        ] GC(460) Survivor regions: 7->7(21)
[44.935s][info][gc,heap        ] GC(460) Old regions: 29->29
[44.935s][info][gc,heap        ] GC(460) Archive regions: 0->0
[44.935s][info][gc,heap        ] GC(460) Humongous regions: 3->3
[44.936s][info][gc,metaspace   ] GC(460) Metaspace: 8612K(8832K)->8612K(8832K) NonClass: 7458K(7552K)->7458K(7552K) Class: 1153K(1280K)->1153K(1280K)
[44.936s][info][gc             ] GC(460) Pause Young (Normal) (G1 Evacuation Pause) 194M->36M(276M) 5.636ms
[44.936s][info][gc,cpu         ] GC(460) User=0.00s Sys=0.00s Real=0.00s
[45.039s][info][gc,start       ] GC(461) Pause Young (Normal) (G1 Evacuation Pause)
[45.039s][info][gc,task        ] GC(461) Using 6 workers of 33 for evacuation
[45.044s][info][gc,phases      ] GC(461)   Pre Evacuate Collection Set: 0.1ms
[45.044s][info][gc,phases      ] GC(461)   Merge Heap Roots: 0.1ms
[45.044s][info][gc,phases      ] GC(461)   Evacuate Collection Set: 4.9ms
[45.044s][info][gc,phases      ] GC(461)   Post Evacuate Collection Set: 0.3ms
[45.044s][info][gc,phases      ] GC(461)   Other: 0.1ms
[45.044s][info][gc,heap        ] GC(461) Eden regions: 158->0(157)
[45.044s][info][gc,heap        ] GC(461) Survivor regions: 7->8(21)
[45.044s][info][gc,heap        ] GC(461) Old regions: 29->29
[45.044s][info][gc,heap        ] GC(461) Archive regions: 0->0
[45.044s][info][gc,heap        ] GC(461) Humongous regions: 3->3
[45.044s][info][gc,metaspace   ] GC(461) Metaspace: 8612K(8832K)->8612K(8832K) NonClass: 7458K(7552K)->7458K(7552K) Class: 1153K(1280K)->1153K(1280K)
[45.045s][info][gc             ] GC(461) Pause Young (Normal) (G1 Evacuation Pause) 194M->36M(276M) 5.951ms
[45.045s][info][gc,cpu         ] GC(461) User=0.00s Sys=0.00s Real=0.01s
[45.126s][info][gc,start       ] GC(462) Pause Young (Normal) (G1 Evacuation Pause)
[45.126s][info][gc,task        ] GC(462) Using 6 workers of 33 for evacuation
[45.132s][info][gc,phases      ] GC(462)   Pre Evacuate Collection Set: 0.1ms
[45.132s][info][gc,phases      ] GC(462)   Merge Heap Roots: 0.1ms
[45.132s][info][gc,phases      ] GC(462)   Evacuate Collection Set: 5.2ms
[45.132s][info][gc,phases      ] GC(462)   Post Evacuate Collection Set: 0.3ms
[45.132s][info][gc,phases      ] GC(462)   Other: 0.1ms
[45.132s][info][gc,heap        ] GC(462) Eden regions: 157->0(157)
[45.132s][info][gc,heap        ] GC(462) Survivor regions: 8->8(21)
[45.132s][info][gc,heap        ] GC(462) Old regions: 29->29
[45.132s][info][gc,heap        ] GC(462) Archive regions: 0->0
[45.132s][info][gc,heap        ] GC(462) Humongous regions: 3->3
[45.132s][info][gc,metaspace   ] GC(462) Metaspace: 8612K(8832K)->8612K(8832K) NonClass: 7458K(7552K)->7458K(7552K) Class: 1153K(1280K)->1153K(1280K)
[45.132s][info][gc             ] GC(462) Pause Young (Normal) (G1 Evacuation Pause) 193M->37M(276M) 6.275ms
[45.132s][info][gc,cpu         ] GC(462) User=0.09s Sys=0.00s Real=0.01s
[45.225s][info][gc,start       ] GC(463) Pause Young (Normal) (G1 Evacuation Pause)
[45.225s][info][gc,task        ] GC(463) Using 6 workers of 33 for evacuation
[45.234s][info][gc,phases      ] GC(463)   Pre Evacuate Collection Set: 0.1ms
[45.234s][info][gc,phases      ] GC(463)   Merge Heap Roots: 0.1ms
[45.234s][info][gc,phases      ] GC(463)   Evacuate Collection Set: 9.1ms
[45.234s][info][gc,phases      ] GC(463)   Post Evacuate Collection Set: 0.3ms
[45.234s][info][gc,phases      ] GC(463)   Other: 0.1ms
[45.234s][info][gc,heap        ] GC(463) Eden regions: 157->0(151)
[45.234s][info][gc,heap        ] GC(463) Survivor regions: 8->14(21)
[45.234s][info][gc,heap        ] GC(463) Old regions: 29->29
[45.235s][info][gc,heap        ] GC(463) Archive regions: 0->0
[45.235s][info][gc,heap        ] GC(463) Humongous regions: 3->3
[45.235s][info][gc,metaspace   ] GC(463) Metaspace: 8612K(8832K)->8612K(8832K) NonClass: 7458K(7552K)->7458K(7552K) Class: 1153K(1280K)->1153K(1280K)
[45.235s][info][gc             ] GC(463) Pause Young (Normal) (G1 Evacuation Pause) 194M->42M(276M) 10.046ms
[45.235s][info][gc,cpu         ] GC(463) User=0.00s Sys=0.00s Real=0.00s
[45.312s][info][gc,start       ] GC(464) Pause Young (Normal) (G1 Evacuation Pause)
[45.312s][info][gc,task        ] GC(464) Using 6 workers of 33 for evacuation
[45.321s][info][gc,phases      ] GC(464)   Pre Evacuate Collection Set: 0.1ms
[45.321s][info][gc,phases      ] GC(464)   Merge Heap Roots: 0.1ms
[45.321s][info][gc,phases      ] GC(464)   Evacuate Collection Set: 8.4ms
[45.321s][info][gc,phases      ] GC(464)   Post Evacuate Collection Set: 0.3ms
[45.321s][info][gc,phases      ] GC(464)   Other: 0.1ms
[45.321s][info][gc,heap        ] GC(464) Eden regions: 151->0(156)
[45.321s][info][gc,heap        ] GC(464) Survivor regions: 14->9(21)
[45.321s][info][gc,heap        ] GC(464) Old regions: 29->35
[45.321s][info][gc,heap        ] GC(464) Archive regions: 0->0
[45.321s][info][gc,heap        ] GC(464) Humongous regions: 3->3
[45.321s][info][gc,metaspace   ] GC(464) Metaspace: 8612K(8832K)->8612K(8832K) NonClass: 7458K(7552K)->7458K(7552K) Class: 1153K(1280K)->1153K(1280K)
[45.321s][info][gc             ] GC(464) Pause Young (Normal) (G1 Evacuation Pause) 193M->43M(276M) 9.444ms
[45.321s][info][gc,cpu         ] GC(464) User=0.09s Sys=0.00s Real=0.01s
[45.402s][info][gc,start       ] GC(465) Pause Young (Normal) (G1 Evacuation Pause)
[45.402s][info][gc,task        ] GC(465) Using 6 workers of 33 for evacuation
[45.409s][info][gc,phases      ] GC(465)   Pre Evacuate Collection Set: 0.1ms
[45.409s][info][gc,phases      ] GC(465)   Merge Heap Roots: 0.1ms
[45.409s][info][gc,phases      ] GC(465)   Evacuate Collection Set: 6.1ms
[45.409s][info][gc,phases      ] GC(465)   Post Evacuate Collection Set: 0.3ms
[45.409s][info][gc,phases      ] GC(465)   Other: 0.1ms
[45.409s][info][gc,heap        ] GC(465) Eden regions: 156->0(156)
[45.409s][info][gc,heap        ] GC(465) Survivor regions: 9->9(21)
[45.409s][info][gc,heap        ] GC(465) Old regions: 35->35
[45.409s][info][gc,heap        ] GC(465) Archive regions: 0->0
[45.409s][info][gc,heap        ] GC(465) Humongous regions: 3->3
[45.409s][info][gc,metaspace   ] GC(465) Metaspace: 8612K(8832K)->8612K(8832K) NonClass: 7458K(7552K)->7458K(7552K) Class: 1153K(1280K)->1153K(1280K)
[45.409s][info][gc             ] GC(465) Pause Young (Normal) (G1 Evacuation Pause) 199M->43M(276M) 7.108ms
[45.409s][info][gc,cpu         ] GC(465) User=0.00s Sys=0.00s Real=0.00s
[45.495s][info][gc,start       ] GC(466) Pause Young (Normal) (G1 Evacuation Pause)
[45.495s][info][gc,task        ] GC(466) Using 6 workers of 33 for evacuation
[45.502s][info][gc,phases      ] GC(466)   Pre Evacuate Collection Set: 0.1ms
[45.502s][info][gc,phases      ] GC(466)   Merge Heap Roots: 0.1ms
[45.502s][info][gc,phases      ] GC(466)   Evacuate Collection Set: 6.4ms
[45.502s][info][gc,phases      ] GC(466)   Post Evacuate Collection Set: 0.3ms
[45.502s][info][gc,phases      ] GC(466)   Other: 0.1ms
[45.502s][info][gc,heap        ] GC(466) Eden regions: 156->0(155)
[45.502s][info][gc,heap        ] GC(466) Survivor regions: 9->10(21)
[45.502s][info][gc,heap        ] GC(466) Old regions: 35->35
[45.502s][info][gc,heap        ] GC(466) Archive regions: 0->0
[45.502s][info][gc,heap        ] GC(466) Humongous regions: 3->3
[45.502s][info][gc,metaspace   ] GC(466) Metaspace: 8612K(8832K)->8612K(8832K) NonClass: 7458K(7552K)->7458K(7552K) Class: 1153K(1280K)->1153K(1280K)
[45.502s][info][gc             ] GC(466) Pause Young (Normal) (G1 Evacuation Pause) 199M->44M(276M) 7.408ms
[45.502s][info][gc,cpu         ] GC(466) User=0.00s Sys=0.00s Real=0.00s
[45.579s][info][gc,start       ] GC(467) Pause Young (Normal) (G1 Evacuation Pause)
[45.579s][info][gc,task        ] GC(467) Using 6 workers of 33 for evacuation
[45.587s][info][gc,phases      ] GC(467)   Pre Evacuate Collection Set: 0.1ms
[45.587s][info][gc,phases      ] GC(467)   Merge Heap Roots: 0.1ms
[45.587s][info][gc,phases      ] GC(467)   Evacuate Collection Set: 6.6ms
[45.587s][info][gc,phases      ] GC(467)   Post Evacuate Collection Set: 0.3ms
[45.587s][info][gc,phases      ] GC(467)   Other: 0.1ms
[45.587s][info][gc,heap        ] GC(467) Eden regions: 155->0(154)
[45.587s][info][gc,heap        ] GC(467) Survivor regions: 10->11(21)
[45.587s][info][gc,heap        ] GC(467) Old regions: 35->35
[45.587s][info][gc,heap        ] GC(467) Archive regions: 0->0
[45.587s][info][gc,heap        ] GC(467) Humongous regions: 3->3
[45.587s][info][gc,metaspace   ] GC(467) Metaspace: 8612K(8832K)->8612K(8832K) NonClass: 7458K(7552K)->7458K(7552K) Class: 1153K(1280K)->1153K(1280K)
[45.587s][info][gc             ] GC(467) Pause Young (Normal) (G1 Evacuation Pause) 199M->44M(276M) 7.535ms
[45.587s][info][gc,cpu         ] GC(467) User=0.09s Sys=0.00s Real=0.02s
[45.672s][info][gc,start       ] GC(468) Pause Young (Normal) (G1 Evacuation Pause)
[45.672s][info][gc,task        ] GC(468) Using 6 workers of 33 for evacuation
[45.680s][info][gc,phases      ] GC(468)   Pre Evacuate Collection Set: 0.1ms
[45.680s][info][gc,phases      ] GC(468)   Merge Heap Roots: 0.1ms
[45.680s][info][gc,phases      ] GC(468)   Evacuate Collection Set: 7.1ms
[45.680s][info][gc,phases      ] GC(468)   Post Evacuate Collection Set: 0.3ms
[45.680s][info][gc,phases      ] GC(468)   Other: 0.1ms
[45.680s][info][gc,heap        ] GC(468) Eden regions: 154->0(154)
[45.680s][info][gc,heap        ] GC(468) Survivor regions: 11->11(21)
[45.680s][info][gc,heap        ] GC(468) Old regions: 35->35
[45.680s][info][gc,heap        ] GC(468) Archive regions: 0->0
[45.680s][info][gc,heap        ] GC(468) Humongous regions: 3->3
[45.680s][info][gc,metaspace   ] GC(468) Metaspace: 8612K(8832K)->8612K(8832K) NonClass: 7458K(7552K)->7458K(7552K) Class: 1153K(1280K)->1153K(1280K)
[45.680s][info][gc             ] GC(468) Pause Young (Normal) (G1 Evacuation Pause) 198M->45M(276M) 8.113ms
[45.680s][info][gc,cpu         ] GC(468) User=0.09s Sys=0.00s Real=0.02s
[45.759s][info][gc,start       ] GC(469) Pause Young (Normal) (G1 Evacuation Pause)
[45.760s][info][gc,task        ] GC(469) Using 6 workers of 33 for evacuation
[45.768s][info][gc,phases      ] GC(469)   Pre Evacuate Collection Set: 0.1ms
[45.768s][info][gc,phases      ] GC(469)   Merge Heap Roots: 0.1ms
[45.768s][info][gc,phases      ] GC(469)   Evacuate Collection Set: 7.2ms
[45.768s][info][gc,phases      ] GC(469)   Post Evacuate Collection Set: 0.5ms
[45.768s][info][gc,phases      ] GC(469)   Other: 0.1ms
[45.768s][info][gc,heap        ] GC(469) Eden regions: 154->0(160)
[45.768s][info][gc,heap        ] GC(469) Survivor regions: 11->11(21)
[45.768s][info][gc,heap        ] GC(469) Old regions: 35->35
[45.768s][info][gc,heap        ] GC(469) Archive regions: 0->0
[45.768s][info][gc,heap        ] GC(469) Humongous regions: 3->3
[45.768s][info][gc,metaspace   ] GC(469) Metaspace: 8612K(8832K)->8612K(8832K) NonClass: 7458K(7552K)->7458K(7552K) Class: 1153K(1280K)->1153K(1280K)
[45.768s][info][gc             ] GC(469) Pause Young (Normal) (G1 Evacuation Pause) 199M->45M(286M) 8.434ms
[45.768s][info][gc,cpu         ] GC(469) User=0.00s Sys=0.00s Real=0.00s
[45.854s][info][gc,start       ] GC(470) Pause Young (Normal) (G1 Evacuation Pause)
[45.854s][info][gc,task        ] GC(470) Using 6 workers of 33 for evacuation
[45.862s][info][gc,phases      ] GC(470)   Pre Evacuate Collection Set: 0.1ms
[45.862s][info][gc,phases      ] GC(470)   Merge Heap Roots: 0.1ms
[45.862s][info][gc,phases      ] GC(470)   Evacuate Collection Set: 7.6ms
[45.862s][info][gc,phases      ] GC(470)   Post Evacuate Collection Set: 0.3ms
[45.862s][info][gc,phases      ] GC(470)   Other: 0.1ms
[45.862s][info][gc,heap        ] GC(470) Eden regions: 160->0(159)
[45.862s][info][gc,heap        ] GC(470) Survivor regions: 11->12(22)
[45.862s][info][gc,heap        ] GC(470) Old regions: 35->35
[45.862s][info][gc,heap        ] GC(470) Archive regions: 0->0
[45.862s][info][gc,heap        ] GC(470) Humongous regions: 3->3
[45.862s][info][gc,metaspace   ] GC(470) Metaspace: 8612K(8832K)->8612K(8832K) NonClass: 7458K(7552K)->7458K(7552K) Class: 1153K(1280K)->1153K(1280K)
[45.862s][info][gc             ] GC(470) Pause Young (Normal) (G1 Evacuation Pause) 205M->46M(286M) 8.677ms
[45.862s][info][gc,cpu         ] GC(470) User=0.09s Sys=0.00s Real=0.01s
[46.318s][info][gc,start       ] GC(471) Pause Full (System.gc())
[46.318s][info][gc,task        ] GC(471) Using 6 workers of 33 for full compaction
[46.318s][info][gc,phases,start] GC(471) Phase 1: Mark live objects
[46.322s][info][gc,phases      ] GC(471) Phase 1: Mark live objects 3.402ms
[46.322s][info][gc,phases,start] GC(471) Phase 2: Prepare compaction
[46.323s][info][gc,phases      ] GC(471) Phase 2: Prepare compaction 1.253ms
[46.323s][info][gc,phases,start] GC(471) Phase 3: Adjust pointers
[46.326s][info][gc,phases      ] GC(471) Phase 3: Adjust pointers 2.671ms
[46.326s][info][gc,phases,start] GC(471) Phase 4: Compact heap
[46.326s][info][gc,phases      ] GC(471) Phase 4: Compact heap 0.813ms
[46.329s][info][gc,heap        ] GC(471) Eden regions: 130->0(14)
[46.329s][info][gc,heap        ] GC(471) Survivor regions: 12->0(22)
[46.329s][info][gc,heap        ] GC(471) Old regions: 35->7
[46.329s][info][gc,heap        ] GC(471) Archive regions: 0->0
[46.329s][info][gc,heap        ] GC(471) Humongous regions: 22->0
[46.329s][info][gc,metaspace   ] GC(471) Metaspace: 8612K(8832K)->8612K(8832K) NonClass: 7459K(7552K)->7459K(7552K) Class: 1153K(1280K)->1153K(1280K)
[46.329s][info][gc             ] GC(471) Pause Full (System.gc()) 195M->3M(24M) 11.613ms
[46.329s][info][gc,cpu         ] GC(471) User=0.00s Sys=0.00s Real=0.00s
[46.348s][info][gc,start       ] GC(472) Pause Young (Normal) (G1 Evacuation Pause)
[46.348s][info][gc,task        ] GC(472) Using 4 workers of 33 for evacuation
[46.349s][info][gc,phases      ] GC(472)   Pre Evacuate Collection Set: 0.0ms
[46.349s][info][gc,phases      ] GC(472)   Merge Heap Roots: 0.0ms
[46.349s][info][gc,phases      ] GC(472)   Evacuate Collection Set: 0.3ms
[46.349s][info][gc,phases      ] GC(472)   Post Evacuate Collection Set: 0.2ms
[46.349s][info][gc,phases      ] GC(472)   Other: 0.1ms
[46.349s][info][gc,heap        ] GC(472) Eden regions: 14->0(11)
[46.349s][info][gc,heap        ] GC(472) Survivor regions: 0->2(2)
[46.349s][info][gc,heap        ] GC(472) Old regions: 7->7
[46.349s][info][gc,heap        ] GC(472) Archive regions: 0->0
[46.349s][info][gc,heap        ] GC(472) Humongous regions: 0->0
[46.349s][info][gc,metaspace   ] GC(472) Metaspace: 8613K(8832K)->8613K(8832K) NonClass: 7460K(7552K)->7460K(7552K) Class: 1153K(1280K)->1153K(1280K)
[46.349s][info][gc             ] GC(472) Pause Young (Normal) (G1 Evacuation Pause) 17M->5M(24M) 1.065ms
[46.349s][info][gc,cpu         ] GC(472) User=0.00s Sys=0.00s Real=0.00s
[46.357s][info][gc,start       ] GC(473) Pause Young (Normal) (G1 Evacuation Pause)
[46.358s][info][gc,task        ] GC(473) Using 3 workers of 33 for evacuation
[46.358s][info][gc,phases      ] GC(473)   Pre Evacuate Collection Set: 0.0ms
[46.358s][info][gc,phases      ] GC(473)   Merge Heap Roots: 0.0ms
[46.358s][info][gc,phases      ] GC(473)   Evacuate Collection Set: 0.4ms
[46.358s][info][gc,phases      ] GC(473)   Post Evacuate Collection Set: 0.2ms
[46.358s][info][gc,phases      ] GC(473)   Other: 0.1ms
[46.358s][info][gc,heap        ] GC(473) Eden regions: 11->0(13)
[46.358s][info][gc,heap        ] GC(473) Survivor regions: 2->1(2)
[46.358s][info][gc,heap        ] GC(473) Old regions: 7->7
[46.358s][info][gc,heap        ] GC(473) Archive regions: 0->0
[46.358s][info][gc,heap        ] GC(473) Humongous regions: 0->0
[46.359s][info][gc,metaspace   ] GC(473) Metaspace: 8613K(8832K)->8613K(8832K) NonClass: 7460K(7552K)->7460K(7552K) Class: 1153K(1280K)->1153K(1280K)
[46.359s][info][gc             ] GC(473) Pause Young (Normal) (G1 Evacuation Pause) 16M->3M(24M) 1.079ms
[46.359s][info][gc,cpu         ] GC(473) User=0.00s Sys=0.00s Real=0.00s
[46.366s][info][gc,start       ] GC(474) Pause Young (Normal) (G1 Evacuation Pause)
[46.367s][info][gc,task        ] GC(474) Using 2 workers of 33 for evacuation
[46.368s][info][gc,phases      ] GC(474)   Pre Evacuate Collection Set: 0.0ms
[46.368s][info][gc,phases      ] GC(474)   Merge Heap Roots: 0.0ms
[46.368s][info][gc,phases      ] GC(474)   Evacuate Collection Set: 0.6ms
[46.369s][info][gc,phases      ] GC(474)   Post Evacuate Collection Set: 1.2ms
[46.369s][info][gc,phases      ] GC(474)   Other: 0.1ms
[46.369s][info][gc,heap        ] GC(474) Eden regions: 13->0(159)
[46.369s][info][gc,heap        ] GC(474) Survivor regions: 1->1(2)
[46.369s][info][gc,heap        ] GC(474) Old regions: 7->7
[46.369s][info][gc,heap        ] GC(474) Archive regions: 0->0
[46.369s][info][gc,heap        ] GC(474) Humongous regions: 0->0
[46.369s][info][gc,metaspace   ] GC(474) Metaspace: 8613K(8832K)->8613K(8832K) NonClass: 7460K(7552K)->7460K(7552K) Class: 1153K(1280K)->1153K(1280K)
[46.369s][info][gc             ] GC(474) Pause Young (Normal) (G1 Evacuation Pause) 16M->3M(268M) 2.352ms
[46.369s][info][gc,cpu         ] GC(474) User=0.00s Sys=0.00s Real=0.00s
[46.448s][info][gc,start       ] GC(475) Pause Young (Normal) (G1 Evacuation Pause)
[46.448s][info][gc,task        ] GC(475) Using 6 workers of 33 for evacuation
[46.449s][info][gc,phases      ] GC(475)   Pre Evacuate Collection Set: 0.1ms
[46.449s][info][gc,phases      ] GC(475)   Merge Heap Roots: 0.1ms
[46.450s][info][gc,phases      ] GC(475)   Evacuate Collection Set: 0.9ms
[46.450s][info][gc,phases      ] GC(475)   Post Evacuate Collection Set: 0.3ms
[46.450s][info][gc,phases      ] GC(475)   Other: 0.1ms
[46.450s][info][gc,heap        ] GC(475) Eden regions: 159->0(159)
[46.450s][info][gc,heap        ] GC(475) Survivor regions: 1->1(20)
[46.450s][info][gc,heap        ] GC(475) Old regions: 7->7
[46.450s][info][gc,heap        ] GC(475) Archive regions: 0->0
[46.450s][info][gc,heap        ] GC(475) Humongous regions: 0->0
[46.450s][info][gc,metaspace   ] GC(475) Metaspace: 8613K(8832K)->8613K(8832K) NonClass: 7460K(7552K)->7460K(7552K) Class: 1153K(1280K)->1153K(1280K)
[46.450s][info][gc             ] GC(475) Pause Young (Normal) (G1 Evacuation Pause) 162M->4M(268M) 1.821ms
[46.450s][info][gc,cpu         ] GC(475) User=0.00s Sys=0.00s Real=0.00s
[46.529s][info][gc,start       ] GC(476) Pause Young (Normal) (G1 Evacuation Pause)
[46.529s][info][gc,task        ] GC(476) Using 6 workers of 33 for evacuation
[46.530s][info][gc,phases      ] GC(476)   Pre Evacuate Collection Set: 0.1ms
[46.530s][info][gc,phases      ] GC(476)   Merge Heap Roots: 0.1ms
[46.530s][info][gc,phases      ] GC(476)   Evacuate Collection Set: 1.1ms
[46.530s][info][gc,phases      ] GC(476)   Post Evacuate Collection Set: 0.3ms
[46.530s][info][gc,phases      ] GC(476)   Other: 0.1ms
[46.530s][info][gc,heap        ] GC(476) Eden regions: 159->0(158)
[46.530s][info][gc,heap        ] GC(476) Survivor regions: 1->2(20)
[46.530s][info][gc,heap        ] GC(476) Old regions: 7->7
[46.531s][info][gc,heap        ] GC(476) Archive regions: 0->0
[46.531s][info][gc,heap        ] GC(476) Humongous regions: 0->0
[46.531s][info][gc,metaspace   ] GC(476) Metaspace: 8613K(8832K)->8613K(8832K) NonClass: 7460K(7552K)->7460K(7552K) Class: 1153K(1280K)->1153K(1280K)
[46.531s][info][gc             ] GC(476) Pause Young (Normal) (G1 Evacuation Pause) 163M->4M(268M) 2.056ms
[46.531s][info][gc,cpu         ] GC(476) User=0.00s Sys=0.00s Real=0.00s
[46.615s][info][gc,start       ] GC(477) Pause Young (Normal) (G1 Evacuation Pause)
[46.615s][info][gc,task        ] GC(477) Using 6 workers of 33 for evacuation
[46.617s][info][gc,phases      ] GC(477)   Pre Evacuate Collection Set: 0.1ms
[46.617s][info][gc,phases      ] GC(477)   Merge Heap Roots: 0.1ms
[46.617s][info][gc,phases      ] GC(477)   Evacuate Collection Set: 1.6ms
[46.617s][info][gc,phases      ] GC(477)   Post Evacuate Collection Set: 0.3ms
[46.617s][info][gc,phases      ] GC(477)   Other: 0.1ms
[46.617s][info][gc,heap        ] GC(477) Eden regions: 158->0(158)
[46.617s][info][gc,heap        ] GC(477) Survivor regions: 2->2(20)
[46.617s][info][gc,heap        ] GC(477) Old regions: 7->7
[46.617s][info][gc,heap        ] GC(477) Archive regions: 0->0
[46.617s][info][gc,heap        ] GC(477) Humongous regions: 0->0
[46.617s][info][gc,metaspace   ] GC(477) Metaspace: 8613K(8832K)->8613K(8832K) NonClass: 7460K(7552K)->7460K(7552K) Class: 1153K(1280K)->1153K(1280K)
[46.617s][info][gc             ] GC(477) Pause Young (Normal) (G1 Evacuation Pause) 162M->5M(268M) 2.539ms
[46.617s][info][gc,cpu         ] GC(477) User=0.00s Sys=0.00s Real=0.00s
[46.696s][info][gc,start       ] GC(478) Pause Young (Normal) (G1 Evacuation Pause)
[46.696s][info][gc,task        ] GC(478) Using 6 workers of 33 for evacuation
[46.698s][info][gc,phases      ] GC(478)   Pre Evacuate Collection Set: 0.1ms
[46.698s][info][gc,phases      ] GC(478)   Merge Heap Roots: 0.1ms
[46.699s][info][gc,phases      ] GC(478)   Evacuate Collection Set: 1.9ms
[46.699s][info][gc,phases      ] GC(478)   Post Evacuate Collection Set: 0.3ms
[46.699s][info][gc,phases      ] GC(478)   Other: 0.1ms
[46.699s][info][gc,heap        ] GC(478) Eden regions: 158->0(157)
[46.699s][info][gc,heap        ] GC(478) Survivor regions: 2->3(20)
[46.699s][info][gc,heap        ] GC(478) Old regions: 7->7
[46.699s][info][gc,heap        ] GC(478) Archive regions: 0->0
[46.699s][info][gc,heap        ] GC(478) Humongous regions: 0->0
[46.699s][info][gc,metaspace   ] GC(478) Metaspace: 8613K(8832K)->8613K(8832K) NonClass: 7460K(7552K)->7460K(7552K) Class: 1153K(1280K)->1153K(1280K)
[46.699s][info][gc             ] GC(478) Pause Young (Normal) (G1 Evacuation Pause) 163M->6M(268M) 2.914ms
[46.699s][info][gc,cpu         ] GC(478) User=0.00s Sys=0.00s Real=0.00s
[46.777s][info][gc,start       ] GC(479) Pause Young (Normal) (G1 Evacuation Pause)
[46.777s][info][gc,task        ] GC(479) Using 6 workers of 33 for evacuation
[46.780s][info][gc,phases      ] GC(479)   Pre Evacuate Collection Set: 0.1ms
[46.780s][info][gc,phases      ] GC(479)   Merge Heap Roots: 0.1ms
[46.780s][info][gc,phases      ] GC(479)   Evacuate Collection Set: 2.3ms
[46.780s][info][gc,phases      ] GC(479)   Post Evacuate Collection Set: 0.3ms
[46.780s][info][gc,phases      ] GC(479)   Other: 0.1ms
[46.780s][info][gc,heap        ] GC(479) Eden regions: 157->0(157)
[46.780s][info][gc,heap        ] GC(479) Survivor regions: 3->3(20)
[46.780s][info][gc,heap        ] GC(479) Old regions: 7->7
[46.780s][info][gc,heap        ] GC(479) Archive regions: 0->0
[46.780s][info][gc,heap        ] GC(479) Humongous regions: 0->0
[46.780s][info][gc,metaspace   ] GC(479) Metaspace: 8613K(8832K)->8613K(8832K) NonClass: 7460K(7552K)->7460K(7552K) Class: 1153K(1280K)->1153K(1280K)
[46.780s][info][gc             ] GC(479) Pause Young (Normal) (G1 Evacuation Pause) 163M->6M(268M) 3.229ms
[46.780s][info][gc,cpu         ] GC(479) User=0.00s Sys=0.00s Real=0.00s
[46.881s][info][gc,start       ] GC(480) Pause Young (Normal) (G1 Evacuation Pause)
[46.881s][info][gc,task        ] GC(480) Using 6 workers of 33 for evacuation
[46.884s][info][gc,phases      ] GC(480)   Pre Evacuate Collection Set: 0.1ms
[46.884s][info][gc,phases      ] GC(480)   Merge Heap Roots: 0.1ms
[46.884s][info][gc,phases      ] GC(480)   Evacuate Collection Set: 2.3ms
[46.884s][info][gc,phases      ] GC(480)   Post Evacuate Collection Set: 0.3ms
[46.884s][info][gc,phases      ] GC(480)   Other: 0.1ms
[46.884s][info][gc,heap        ] GC(480) Eden regions: 157->0(156)
[46.884s][info][gc,heap        ] GC(480) Survivor regions: 3->4(20)
[46.884s][info][gc,heap        ] GC(480) Old regions: 7->7
[46.884s][info][gc,heap        ] GC(480) Archive regions: 0->0
[46.884s][info][gc,heap        ] GC(480) Humongous regions: 0->0
[46.884s][info][gc,metaspace   ] GC(480) Metaspace: 8613K(8832K)->8613K(8832K) NonClass: 7460K(7552K)->7460K(7552K) Class: 1153K(1280K)->1153K(1280K)
[46.884s][info][gc             ] GC(480) Pause Young (Normal) (G1 Evacuation Pause) 163M->7M(268M) 3.320ms
[46.884s][info][gc,cpu         ] GC(480) User=0.00s Sys=0.00s Real=0.00s
[46.977s][info][gc,start       ] GC(481) Pause Young (Normal) (G1 Evacuation Pause)
[46.977s][info][gc,task        ] GC(481) Using 6 workers of 33 for evacuation
[46.979s][info][gc,phases      ] GC(481)   Pre Evacuate Collection Set: 0.1ms
[46.980s][info][gc,phases      ] GC(481)   Merge Heap Roots: 0.1ms
[46.980s][info][gc,phases      ] GC(481)   Evacuate Collection Set: 2.2ms
[46.980s][info][gc,phases      ] GC(481)   Post Evacuate Collection Set: 0.3ms
[46.980s][info][gc,phases      ] GC(481)   Other: 0.1ms
[46.980s][info][gc,heap        ] GC(481) Eden regions: 156->0(155)
[46.980s][info][gc,heap        ] GC(481) Survivor regions: 4->5(20)
[46.980s][info][gc,heap        ] GC(481) Old regions: 7->7
[46.980s][info][gc,heap        ] GC(481) Archive regions: 0->0
[46.980s][info][gc,heap        ] GC(481) Humongous regions: 0->0
[46.980s][info][gc,metaspace   ] GC(481) Metaspace: 8613K(8832K)->8613K(8832K) NonClass: 7460K(7552K)->7460K(7552K) Class: 1153K(1280K)->1153K(1280K)
[46.980s][info][gc             ] GC(481) Pause Young (Normal) (G1 Evacuation Pause) 163M->7M(268M) 3.259ms
[46.980s][info][gc,cpu         ] GC(481) User=0.00s Sys=0.00s Real=0.00s
[47.087s][info][gc,start       ] GC(482) Pause Young (Normal) (G1 Evacuation Pause)
[47.087s][info][gc,task        ] GC(482) Using 6 workers of 33 for evacuation
[47.091s][info][gc,phases      ] GC(482)   Pre Evacuate Collection Set: 0.1ms
[47.091s][info][gc,phases      ] GC(482)   Merge Heap Roots: 0.1ms
[47.091s][info][gc,phases      ] GC(482)   Evacuate Collection Set: 3.1ms
[47.091s][info][gc,phases      ] GC(482)   Post Evacuate Collection Set: 0.3ms
[47.091s][info][gc,phases      ] GC(482)   Other: 0.1ms
[47.091s][info][gc,heap        ] GC(482) Eden regions: 155->0(155)
[47.091s][info][gc,heap        ] GC(482) Survivor regions: 5->5(20)
[47.091s][info][gc,heap        ] GC(482) Old regions: 7->7
[47.091s][info][gc,heap        ] GC(482) Archive regions: 0->0
[47.091s][info][gc,heap        ] GC(482) Humongous regions: 0->0
[47.091s][info][gc,metaspace   ] GC(482) Metaspace: 8613K(8832K)->8613K(8832K) NonClass: 7460K(7552K)->7460K(7552K) Class: 1153K(1280K)->1153K(1280K)
[47.091s][info][gc             ] GC(482) Pause Young (Normal) (G1 Evacuation Pause) 162M->8M(268M) 4.088ms
[47.091s][info][gc,cpu         ] GC(482) User=0.09s Sys=0.00s Real=0.02s
[47.181s][info][gc,start       ] GC(483) Pause Young (Normal) (G1 Evacuation Pause)
[47.181s][info][gc,task        ] GC(483) Using 6 workers of 33 for evacuation
[47.185s][info][gc,phases      ] GC(483)   Pre Evacuate Collection Set: 0.1ms
[47.185s][info][gc,phases      ] GC(483)   Merge Heap Roots: 0.1ms
[47.186s][info][gc,phases      ] GC(483)   Evacuate Collection Set: 3.6ms
[47.186s][info][gc,phases      ] GC(483)   Post Evacuate Collection Set: 0.3ms
[47.186s][info][gc,phases      ] GC(483)   Other: 0.1ms
[47.186s][info][gc,heap        ] GC(483) Eden regions: 155->0(154)
[47.186s][info][gc,heap        ] GC(483) Survivor regions: 5->6(20)
[47.186s][info][gc,heap        ] GC(483) Old regions: 7->7
[47.186s][info][gc,heap        ] GC(483) Archive regions: 0->0
[47.186s][info][gc,heap        ] GC(483) Humongous regions: 0->0
[47.186s][info][gc,metaspace   ] GC(483) Metaspace: 8613K(8832K)->8613K(8832K) NonClass: 7460K(7552K)->7460K(7552K) Class: 1153K(1280K)->1153K(1280K)
[47.186s][info][gc             ] GC(483) Pause Young (Normal) (G1 Evacuation Pause) 163M->8M(268M) 4.580ms
[47.186s][info][gc,cpu         ] GC(483) User=0.00s Sys=0.00s Real=0.00s
[47.263s][info][gc,start       ] GC(484) Pause Young (Normal) (G1 Evacuation Pause)
[47.263s][info][gc,task        ] GC(484) Using 6 workers of 33 for evacuation
[47.268s][info][gc,phases      ] GC(484)   Pre Evacuate Collection Set: 0.1ms
[47.268s][info][gc,phases      ] GC(484)   Merge Heap Roots: 0.1ms
[47.268s][info][gc,phases      ] GC(484)   Evacuate Collection Set: 3.9ms
[47.268s][info][gc,phases      ] GC(484)   Post Evacuate Collection Set: 0.3ms
[47.268s][info][gc,phases      ] GC(484)   Other: 0.1ms
[47.268s][info][gc,heap        ] GC(484) Eden regions: 154->0(154)
[47.268s][info][gc,heap        ] GC(484) Survivor regions: 6->6(20)
[47.268s][info][gc,heap        ] GC(484) Old regions: 7->7
[47.268s][info][gc,heap        ] GC(484) Archive regions: 0->0
[47.268s][info][gc,heap        ] GC(484) Humongous regions: 0->0
[47.268s][info][gc,metaspace   ] GC(484) Metaspace: 8613K(8832K)->8613K(8832K) NonClass: 7460K(7552K)->7460K(7552K) Class: 1153K(1280K)->1153K(1280K)
[47.268s][info][gc             ] GC(484) Pause Young (Normal) (G1 Evacuation Pause) 162M->9M(268M) 4.904ms
[47.268s][info][gc,cpu         ] GC(484) User=0.09s Sys=0.00s Real=0.00s
[47.352s][info][gc,start       ] GC(485) Pause Young (Normal) (G1 Evacuation Pause)
[47.352s][info][gc,task        ] GC(485) Using 6 workers of 33 for evacuation
[47.357s][info][gc,phases      ] GC(485)   Pre Evacuate Collection Set: 0.1ms
[47.357s][info][gc,phases      ] GC(485)   Merge Heap Roots: 0.1ms
[47.357s][info][gc,phases      ] GC(485)   Evacuate Collection Set: 4.4ms
[47.357s][info][gc,phases      ] GC(485)   Post Evacuate Collection Set: 0.3ms
[47.357s][info][gc,phases      ] GC(485)   Other: 0.1ms
[47.357s][info][gc,heap        ] GC(485) Eden regions: 154->0(153)
[47.357s][info][gc,heap        ] GC(485) Survivor regions: 6->7(20)
[47.357s][info][gc,heap        ] GC(485) Old regions: 7->7
[47.357s][info][gc,heap        ] GC(485) Archive regions: 0->0
[47.357s][info][gc,heap        ] GC(485) Humongous regions: 0->0
[47.357s][info][gc,metaspace   ] GC(485) Metaspace: 8613K(8832K)->8613K(8832K) NonClass: 7460K(7552K)->7460K(7552K) Class: 1153K(1280K)->1153K(1280K)
[47.357s][info][gc             ] GC(485) Pause Young (Normal) (G1 Evacuation Pause) 163M->10M(268M) 5.433ms
[47.357s][info][gc,cpu         ] GC(485) User=0.00s Sys=0.00s Real=0.01s
[47.436s][info][gc,start       ] GC(486) Pause Young (Normal) (G1 Evacuation Pause)
[47.436s][info][gc,task        ] GC(486) Using 6 workers of 33 for evacuation
[47.441s][info][gc,phases      ] GC(486)   Pre Evacuate Collection Set: 0.1ms
[47.441s][info][gc,phases      ] GC(486)   Merge Heap Roots: 0.1ms
[47.441s][info][gc,phases      ] GC(486)   Evacuate Collection Set: 4.6ms
[47.441s][info][gc,phases      ] GC(486)   Post Evacuate Collection Set: 0.3ms
[47.441s][info][gc,phases      ] GC(486)   Other: 0.1ms
[47.441s][info][gc,heap        ] GC(486) Eden regions: 153->0(153)
[47.441s][info][gc,heap        ] GC(486) Survivor regions: 7->7(20)
[47.441s][info][gc,heap        ] GC(486) Old regions: 7->7
[47.441s][info][gc,heap        ] GC(486) Archive regions: 0->0
[47.442s][info][gc,heap        ] GC(486) Humongous regions: 0->0
[47.442s][info][gc,metaspace   ] GC(486) Metaspace: 8613K(8832K)->8613K(8832K) NonClass: 7460K(7552K)->7460K(7552K) Class: 1153K(1280K)->1153K(1280K)
[47.442s][info][gc             ] GC(486) Pause Young (Normal) (G1 Evacuation Pause) 163M->10M(268M) 5.681ms
[47.442s][info][gc,cpu         ] GC(486) User=0.09s Sys=0.00s Real=0.01s
[47.518s][info][gc,start       ] GC(487) Pause Young (Normal) (G1 Evacuation Pause)
[47.518s][info][gc,task        ] GC(487) Using 6 workers of 33 for evacuation
[47.523s][info][gc,phases      ] GC(487)   Pre Evacuate Collection Set: 0.1ms
[47.523s][info][gc,phases      ] GC(487)   Merge Heap Roots: 0.1ms
[47.523s][info][gc,phases      ] GC(487)   Evacuate Collection Set: 4.8ms
[47.523s][info][gc,phases      ] GC(487)   Post Evacuate Collection Set: 0.3ms
[47.523s][info][gc,phases      ] GC(487)   Other: 0.1ms
[47.523s][info][gc,heap        ] GC(487) Eden regions: 153->0(152)
[47.523s][info][gc,heap        ] GC(487) Survivor regions: 7->8(20)
[47.523s][info][gc,heap        ] GC(487) Old regions: 7->8
[47.523s][info][gc,heap        ] GC(487) Archive regions: 0->0
[47.523s][info][gc,heap        ] GC(487) Humongous regions: 0->0
[47.523s][info][gc,metaspace   ] GC(487) Metaspace: 8613K(8832K)->8613K(8832K) NonClass: 7460K(7552K)->7460K(7552K) Class: 1153K(1280K)->1153K(1280K)
[47.523s][info][gc             ] GC(487) Pause Young (Normal) (G1 Evacuation Pause) 163M->11M(268M) 5.883ms
[47.524s][info][gc,cpu         ] GC(487) User=0.09s Sys=0.00s Real=0.02s
[47.605s][info][gc,start       ] GC(488) Pause Young (Normal) (G1 Evacuation Pause)
[47.605s][info][gc,task        ] GC(488) Using 6 workers of 33 for evacuation
[47.614s][info][gc,phases      ] GC(488)   Pre Evacuate Collection Set: 0.1ms
[47.614s][info][gc,phases      ] GC(488)   Merge Heap Roots: 0.1ms
[47.614s][info][gc,phases      ] GC(488)   Evacuate Collection Set: 7.8ms
[47.614s][info][gc,phases      ] GC(488)   Post Evacuate Collection Set: 0.3ms
[47.614s][info][gc,phases      ] GC(488)   Other: 0.1ms
[47.614s][info][gc,heap        ] GC(488) Eden regions: 152->0(151)
[47.614s][info][gc,heap        ] GC(488) Survivor regions: 8->9(20)
[47.614s][info][gc,heap        ] GC(488) Old regions: 8->8
[47.614s][info][gc,heap        ] GC(488) Archive regions: 0->0
[47.614s][info][gc,heap        ] GC(488) Humongous regions: 0->0
[47.614s][info][gc,metaspace   ] GC(488) Metaspace: 8613K(8832K)->8613K(8832K) NonClass: 7460K(7552K)->7460K(7552K) Class: 1153K(1280K)->1153K(1280K)
[47.614s][info][gc             ] GC(488) Pause Young (Normal) (G1 Evacuation Pause) 163M->12M(268M) 8.849ms
[47.614s][info][gc,cpu         ] GC(488) User=0.02s Sys=0.00s Real=0.02s
[47.691s][info][gc,start       ] GC(489) Pause Young (Normal) (G1 Evacuation Pause)
[47.691s][info][gc,task        ] GC(489) Using 6 workers of 33 for evacuation
[47.697s][info][gc,phases      ] GC(489)   Pre Evacuate Collection Set: 0.1ms
[47.697s][info][gc,phases      ] GC(489)   Merge Heap Roots: 0.1ms
[47.697s][info][gc,phases      ] GC(489)   Evacuate Collection Set: 5.3ms
[47.697s][info][gc,phases      ] GC(489)   Post Evacuate Collection Set: 0.3ms
[47.697s][info][gc,phases      ] GC(489)   Other: 0.1ms
[47.698s][info][gc,heap        ] GC(489) Eden regions: 151->0(151)
[47.698s][info][gc,heap        ] GC(489) Survivor regions: 9->9(20)
[47.698s][info][gc,heap        ] GC(489) Old regions: 8->8
[47.698s][info][gc,heap        ] GC(489) Archive regions: 0->0
[47.698s][info][gc,heap        ] GC(489) Humongous regions: 0->0
[47.698s][info][gc,metaspace   ] GC(489) Metaspace: 8613K(8832K)->8613K(8832K) NonClass: 7460K(7552K)->7460K(7552K) Class: 1153K(1280K)->1153K(1280K)
[47.698s][info][gc             ] GC(489) Pause Young (Normal) (G1 Evacuation Pause) 163M->11M(268M) 6.300ms
[47.698s][info][gc,cpu         ] GC(489) User=0.00s Sys=0.00s Real=0.00s
[47.789s][info][gc,start       ] GC(490) Pause Young (Normal) (G1 Evacuation Pause)
[47.789s][info][gc,task        ] GC(490) Using 6 workers of 33 for evacuation
[47.796s][info][gc,phases      ] GC(490)   Pre Evacuate Collection Set: 0.1ms
[47.796s][info][gc,phases      ] GC(490)   Merge Heap Roots: 0.1ms
[47.796s][info][gc,phases      ] GC(490)   Evacuate Collection Set: 6.2ms
[47.796s][info][gc,phases      ] GC(490)   Post Evacuate Collection Set: 0.3ms
[47.796s][info][gc,phases      ] GC(490)   Other: 0.1ms
[47.796s][info][gc,heap        ] GC(490) Eden regions: 151->0(150)
[47.796s][info][gc,heap        ] GC(490) Survivor regions: 9->10(20)
[47.796s][info][gc,heap        ] GC(490) Old regions: 8->8
[47.796s][info][gc,heap        ] GC(490) Archive regions: 0->0
[47.796s][info][gc,heap        ] GC(490) Humongous regions: 0->0
[47.796s][info][gc,metaspace   ] GC(490) Metaspace: 8613K(8832K)->8613K(8832K) NonClass: 7460K(7552K)->7460K(7552K) Class: 1153K(1280K)->1153K(1280K)
[47.796s][info][gc             ] GC(490) Pause Young (Normal) (G1 Evacuation Pause) 162M->12M(268M) 7.238ms
[47.796s][info][gc,cpu         ] GC(490) User=0.00s Sys=0.00s Real=0.00s
[47.873s][info][gc,start       ] GC(491) Pause Young (Normal) (G1 Evacuation Pause)
[47.873s][info][gc,task        ] GC(491) Using 6 workers of 33 for evacuation
[47.880s][info][gc,phases      ] GC(491)   Pre Evacuate Collection Set: 0.1ms
[47.880s][info][gc,phases      ] GC(491)   Merge Heap Roots: 0.1ms
[47.880s][info][gc,phases      ] GC(491)   Evacuate Collection Set: 6.0ms
[47.880s][info][gc,phases      ] GC(491)   Post Evacuate Collection Set: 0.3ms
[47.880s][info][gc,phases      ] GC(491)   Other: 0.1ms
[47.880s][info][gc,heap        ] GC(491) Eden regions: 150->0(150)
[47.880s][info][gc,heap        ] GC(491) Survivor regions: 10->10(20)
[47.880s][info][gc,heap        ] GC(491) Old regions: 8->8
[47.880s][info][gc,heap        ] GC(491) Archive regions: 0->0
[47.880s][info][gc,heap        ] GC(491) Humongous regions: 0->0
[47.880s][info][gc,metaspace   ] GC(491) Metaspace: 8613K(8832K)->8613K(8832K) NonClass: 7460K(7552K)->7460K(7552K) Class: 1153K(1280K)->1153K(1280K)
[47.880s][info][gc             ] GC(491) Pause Young (Normal) (G1 Evacuation Pause) 162M->13M(268M) 7.038ms
[47.880s][info][gc,cpu         ] GC(491) User=0.09s Sys=0.00s Real=0.02s
[47.972s][info][gc,start       ] GC(492) Pause Young (Normal) (G1 Evacuation Pause)
[47.972s][info][gc,task        ] GC(492) Using 6 workers of 33 for evacuation
[47.978s][info][gc,phases      ] GC(492)   Pre Evacuate Collection Set: 0.1ms
[47.978s][info][gc,phases      ] GC(492)   Merge Heap Roots: 0.1ms
[47.978s][info][gc,phases      ] GC(492)   Evacuate Collection Set: 4.9ms
[47.978s][info][gc,phases      ] GC(492)   Post Evacuate Collection Set: 0.3ms
[47.978s][info][gc,phases      ] GC(492)   Other: 0.1ms
[47.978s][info][gc,heap        ] GC(492) Eden regions: 150->0(149)
[47.978s][info][gc,heap        ] GC(492) Survivor regions: 10->11(20)
[47.978s][info][gc,heap        ] GC(492) Old regions: 8->8
[47.978s][info][gc,heap        ] GC(492) Archive regions: 0->0
[47.978s][info][gc,heap        ] GC(492) Humongous regions: 0->0
[47.978s][info][gc,metaspace   ] GC(492) Metaspace: 8613K(8832K)->8613K(8832K) NonClass: 7460K(7552K)->7460K(7552K) Class: 1153K(1280K)->1153K(1280K)
[47.978s][info][gc             ] GC(492) Pause Young (Normal) (G1 Evacuation Pause) 163M->14M(268M) 5.827ms
[47.978s][info][gc,cpu         ] GC(492) User=0.00s Sys=0.00s Real=0.00s
[48.073s][info][gc,start       ] GC(493) Pause Young (Normal) (G1 Evacuation Pause)
[48.073s][info][gc,task        ] GC(493) Using 6 workers of 33 for evacuation
[48.080s][info][gc,phases      ] GC(493)   Pre Evacuate Collection Set: 0.1ms
[48.080s][info][gc,phases      ] GC(493)   Merge Heap Roots: 0.1ms
[48.080s][info][gc,phases      ] GC(493)   Evacuate Collection Set: 6.8ms
[48.080s][info][gc,phases      ] GC(493)   Post Evacuate Collection Set: 0.4ms
[48.080s][info][gc,phases      ] GC(493)   Other: 0.1ms
[48.080s][info][gc,heap        ] GC(493) Eden regions: 149->0(149)
[48.080s][info][gc,heap        ] GC(493) Survivor regions: 11->11(20)
[48.080s][info][gc,heap        ] GC(493) Old regions: 8->8
[48.081s][info][gc,heap        ] GC(493) Archive regions: 0->0
[48.081s][info][gc,heap        ] GC(493) Humongous regions: 0->0
[48.081s][info][gc,metaspace   ] GC(493) Metaspace: 8613K(8832K)->8613K(8832K) NonClass: 7460K(7552K)->7460K(7552K) Class: 1153K(1280K)->1153K(1280K)
[48.081s][info][gc             ] GC(493) Pause Young (Normal) (G1 Evacuation Pause) 163M->14M(268M) 7.856ms
[48.081s][info][gc,cpu         ] GC(493) User=0.09s Sys=0.00s Real=0.01s
[48.157s][info][gc,start       ] GC(494) Pause Young (Normal) (G1 Evacuation Pause)
[48.157s][info][gc,task        ] GC(494) Using 6 workers of 33 for evacuation
[48.165s][info][gc,phases      ] GC(494)   Pre Evacuate Collection Set: 0.1ms
[48.165s][info][gc,phases      ] GC(494)   Merge Heap Roots: 0.1ms
[48.165s][info][gc,phases      ] GC(494)   Evacuate Collection Set: 7.2ms
[48.165s][info][gc,phases      ] GC(494)   Post Evacuate Collection Set: 0.3ms
[48.165s][info][gc,phases      ] GC(494)   Other: 0.1ms
[48.165s][info][gc,heap        ] GC(494) Eden regions: 149->0(152)
[48.165s][info][gc,heap        ] GC(494) Survivor regions: 11->8(20)
[48.165s][info][gc,heap        ] GC(494) Old regions: 8->12
[48.165s][info][gc,heap        ] GC(494) Archive regions: 0->0
[48.165s][info][gc,heap        ] GC(494) Humongous regions: 0->0
[48.165s][info][gc,metaspace   ] GC(494) Metaspace: 8613K(8832K)->8613K(8832K) NonClass: 7460K(7552K)->7460K(7552K) Class: 1153K(1280K)->1153K(1280K)
[48.165s][info][gc             ] GC(494) Pause Young (Normal) (G1 Evacuation Pause) 163M->15M(268M) 8.159ms
[48.165s][info][gc,cpu         ] GC(494) User=0.09s Sys=0.00s Real=0.02s
[48.243s][info][gc,start       ] GC(495) Pause Young (Normal) (G1 Evacuation Pause)
[48.243s][info][gc,task        ] GC(495) Using 6 workers of 33 for evacuation
[48.249s][info][gc,phases      ] GC(495)   Pre Evacuate Collection Set: 0.1ms
[48.249s][info][gc,phases      ] GC(495)   Merge Heap Roots: 0.1ms
[48.249s][info][gc,phases      ] GC(495)   Evacuate Collection Set: 5.4ms
[48.249s][info][gc,phases      ] GC(495)   Post Evacuate Collection Set: 0.3ms
[48.249s][info][gc,phases      ] GC(495)   Other: 0.1ms
[48.249s][info][gc,heap        ] GC(495) Eden regions: 152->0(152)
[48.249s][info][gc,heap        ] GC(495) Survivor regions: 8->8(20)
[48.249s][info][gc,heap        ] GC(495) Old regions: 12->12
[48.249s][info][gc,heap        ] GC(495) Archive regions: 0->0
[48.249s][info][gc,heap        ] GC(495) Humongous regions: 0->0
[48.249s][info][gc,metaspace   ] GC(495) Metaspace: 8613K(8832K)->8613K(8832K) NonClass: 7460K(7552K)->7460K(7552K) Class: 1153K(1280K)->1153K(1280K)
[48.250s][info][gc             ] GC(495) Pause Young (Normal) (G1 Evacuation Pause) 167M->15M(268M) 6.429ms
[48.250s][info][gc,cpu         ] GC(495) User=0.00s Sys=0.00s Real=0.01s
[48.334s][info][gc,start       ] GC(496) Pause Young (Normal) (G1 Evacuation Pause)
[48.334s][info][gc,task        ] GC(496) Using 6 workers of 33 for evacuation
[48.340s][info][gc,phases      ] GC(496)   Pre Evacuate Collection Set: 0.1ms
[48.340s][info][gc,phases      ] GC(496)   Merge Heap Roots: 0.1ms
[48.340s][info][gc,phases      ] GC(496)   Evacuate Collection Set: 5.3ms
[48.340s][info][gc,phases      ] GC(496)   Post Evacuate Collection Set: 0.3ms
[48.340s][info][gc,phases      ] GC(496)   Other: 0.1ms
[48.340s][info][gc,heap        ] GC(496) Eden regions: 152->0(152)
[48.340s][info][gc,heap        ] GC(496) Survivor regions: 8->8(20)
[48.340s][info][gc,heap        ] GC(496) Old regions: 12->12
[48.340s][info][gc,heap        ] GC(496) Archive regions: 0->0
[48.340s][info][gc,heap        ] GC(496) Humongous regions: 0->0
[48.340s][info][gc,metaspace   ] GC(496) Metaspace: 8613K(8832K)->8613K(8832K) NonClass: 7460K(7552K)->7460K(7552K) Class: 1153K(1280K)->1153K(1280K)
[48.340s][info][gc             ] GC(496) Pause Young (Normal) (G1 Evacuation Pause) 167M->15M(268M) 6.378ms
[48.340s][info][gc,cpu         ] GC(496) User=0.00s Sys=0.00s Real=0.01s
[48.434s][info][gc,start       ] GC(497) Pause Young (Normal) (G1 Evacuation Pause)
[48.434s][info][gc,task        ] GC(497) Using 6 workers of 33 for evacuation
[48.440s][info][gc,phases      ] GC(497)   Pre Evacuate Collection Set: 0.1ms
[48.440s][info][gc,phases      ] GC(497)   Merge Heap Roots: 0.1ms
[48.440s][info][gc,phases      ] GC(497)   Evacuate Collection Set: 5.4ms
[48.440s][info][gc,phases      ] GC(497)   Post Evacuate Collection Set: 0.3ms
[48.440s][info][gc,phases      ] GC(497)   Other: 0.1ms
[48.440s][info][gc,heap        ] GC(497) Eden regions: 152->0(151)
[48.440s][info][gc,heap        ] GC(497) Survivor regions: 8->9(20)
[48.440s][info][gc,heap        ] GC(497) Old regions: 12->12
[48.440s][info][gc,heap        ] GC(497) Archive regions: 0->0
[48.440s][info][gc,heap        ] GC(497) Humongous regions: 0->0
[48.440s][info][gc,metaspace   ] GC(497) Metaspace: 8613K(8832K)->8613K(8832K) NonClass: 7460K(7552K)->7460K(7552K) Class: 1153K(1280K)->1153K(1280K)
[48.440s][info][gc             ] GC(497) Pause Young (Normal) (G1 Evacuation Pause) 167M->16M(268M) 6.574ms
[48.440s][info][gc,cpu         ] GC(497) User=0.09s Sys=0.00s Real=0.01s
[48.558s][info][gc,start       ] GC(498) Pause Young (Normal) (G1 Evacuation Pause)
[48.558s][info][gc,task        ] GC(498) Using 6 workers of 33 for evacuation
[48.568s][info][gc,phases      ] GC(498)   Pre Evacuate Collection Set: 0.1ms
[48.568s][info][gc,phases      ] GC(498)   Merge Heap Roots: 0.1ms
[48.568s][info][gc,phases      ] GC(498)   Evacuate Collection Set: 9.5ms
[48.568s][info][gc,phases      ] GC(498)   Post Evacuate Collection Set: 0.3ms
[48.568s][info][gc,phases      ] GC(498)   Other: 0.1ms
[48.568s][info][gc,heap        ] GC(498) Eden regions: 151->0(145)
[48.568s][info][gc,heap        ] GC(498) Survivor regions: 9->15(20)
[48.568s][info][gc,heap        ] GC(498) Old regions: 12->12
[48.568s][info][gc,heap        ] GC(498) Archive regions: 0->0
[48.568s][info][gc,heap        ] GC(498) Humongous regions: 1->1
[48.568s][info][gc,metaspace   ] GC(498) Metaspace: 8613K(8832K)->8613K(8832K) NonClass: 7460K(7552K)->7460K(7552K) Class: 1153K(1280K)->1153K(1280K)
[48.568s][info][gc             ] GC(498) Pause Young (Normal) (G1 Evacuation Pause) 168M->23M(268M) 10.694ms
[48.568s][info][gc,cpu         ] GC(498) User=0.09s Sys=0.00s Real=0.01s
[48.650s][info][gc,start       ] GC(499) Pause Young (Normal) (G1 Evacuation Pause)
[48.651s][info][gc,task        ] GC(499) Using 6 workers of 33 for evacuation
[48.666s][info][gc,phases      ] GC(499)   Pre Evacuate Collection Set: 0.1ms
[48.666s][info][gc,phases      ] GC(499)   Merge Heap Roots: 0.1ms
[48.666s][info][gc,phases      ] GC(499)   Evacuate Collection Set: 15.0ms
[48.666s][info][gc,phases      ] GC(499)   Post Evacuate Collection Set: 0.5ms
[48.666s][info][gc,phases      ] GC(499)   Other: 0.1ms
[48.666s][info][gc,heap        ] GC(499) Eden regions: 145->0(160)
[48.666s][info][gc,heap        ] GC(499) Survivor regions: 15->6(20)
[48.666s][info][gc,heap        ] GC(499) Old regions: 12->26
[48.666s][info][gc,heap        ] GC(499) Archive regions: 0->0
[48.667s][info][gc,heap        ] GC(499) Humongous regions: 3->3
[48.667s][info][gc,metaspace   ] GC(499) Metaspace: 8613K(8832K)->8613K(8832K) NonClass: 7460K(7552K)->7460K(7552K) Class: 1153K(1280K)->1153K(1280K)
[48.667s][info][gc             ] GC(499) Pause Young (Normal) (G1 Evacuation Pause) 170M->30M(278M) 16.183ms
[48.667s][info][gc,cpu         ] GC(499) User=0.09s Sys=0.00s Real=0.02s
[48.770s][info][gc,start       ] GC(500) Pause Young (Normal) (G1 Evacuation Pause)
[48.770s][info][gc,task        ] GC(500) Using 6 workers of 33 for evacuation
[48.775s][info][gc,phases      ] GC(500)   Pre Evacuate Collection Set: 0.1ms
[48.776s][info][gc,phases      ] GC(500)   Merge Heap Roots: 0.2ms
[48.776s][info][gc,phases      ] GC(500)   Evacuate Collection Set: 4.9ms
[48.776s][info][gc,phases      ] GC(500)   Post Evacuate Collection Set: 0.3ms
[48.776s][info][gc,phases      ] GC(500)   Other: 0.1ms
[48.776s][info][gc,heap        ] GC(500) Eden regions: 160->0(160)
[48.776s][info][gc,heap        ] GC(500) Survivor regions: 6->6(21)
[48.776s][info][gc,heap        ] GC(500) Old regions: 26->26
[48.776s][info][gc,heap        ] GC(500) Archive regions: 0->0
[48.776s][info][gc,heap        ] GC(500) Humongous regions: 3->3
[48.776s][info][gc,metaspace   ] GC(500) Metaspace: 8613K(8832K)->8613K(8832K) NonClass: 7460K(7552K)->7460K(7552K) Class: 1153K(1280K)->1153K(1280K)
[48.776s][info][gc             ] GC(500) Pause Young (Normal) (G1 Evacuation Pause) 190M->30M(278M) 6.083ms
[48.776s][info][gc,cpu         ] GC(500) User=0.00s Sys=0.00s Real=0.01s
[48.887s][info][gc,start       ] GC(501) Pause Young (Normal) (G1 Evacuation Pause)
[48.887s][info][gc,task        ] GC(501) Using 6 workers of 33 for evacuation
[48.893s][info][gc,phases      ] GC(501)   Pre Evacuate Collection Set: 0.1ms
[48.893s][info][gc,phases      ] GC(501)   Merge Heap Roots: 0.1ms
[48.893s][info][gc,phases      ] GC(501)   Evacuate Collection Set: 5.0ms
[48.893s][info][gc,phases      ] GC(501)   Post Evacuate Collection Set: 0.3ms
[48.893s][info][gc,phases      ] GC(501)   Other: 0.1ms
[48.893s][info][gc,heap        ] GC(501) Eden regions: 160->0(159)
[48.893s][info][gc,heap        ] GC(501) Survivor regions: 6->7(21)
[48.893s][info][gc,heap        ] GC(501) Old regions: 26->26
[48.893s][info][gc,heap        ] GC(501) Archive regions: 0->0
[48.893s][info][gc,heap        ] GC(501) Humongous regions: 3->3
[48.893s][info][gc,metaspace   ] GC(501) Metaspace: 8613K(8832K)->8613K(8832K) NonClass: 7460K(7552K)->7460K(7552K) Class: 1153K(1280K)->1153K(1280K)
[48.893s][info][gc             ] GC(501) Pause Young (Normal) (G1 Evacuation Pause) 190M->31M(278M) 6.197ms
[48.893s][info][gc,cpu         ] GC(501) User=0.09s Sys=0.00s Real=0.01s
[48.995s][info][gc,start       ] GC(502) Pause Young (Normal) (G1 Evacuation Pause)
[48.995s][info][gc,task        ] GC(502) Using 6 workers of 33 for evacuation
[49.002s][info][gc,phases      ] GC(502)   Pre Evacuate Collection Set: 0.1ms
[49.002s][info][gc,phases      ] GC(502)   Merge Heap Roots: 0.1ms
[49.002s][info][gc,phases      ] GC(502)   Evacuate Collection Set: 6.0ms
[49.002s][info][gc,phases      ] GC(502)   Post Evacuate Collection Set: 0.3ms
[49.002s][info][gc,phases      ] GC(502)   Other: 0.1ms
[49.002s][info][gc,heap        ] GC(502) Eden regions: 159->0(159)
[49.002s][info][gc,heap        ] GC(502) Survivor regions: 7->7(21)
[49.002s][info][gc,heap        ] GC(502) Old regions: 26->26
[49.002s][info][gc,heap        ] GC(502) Archive regions: 0->0
[49.002s][info][gc,heap        ] GC(502) Humongous regions: 3->3
[49.002s][info][gc,metaspace   ] GC(502) Metaspace: 8613K(8832K)->8613K(8832K) NonClass: 7460K(7552K)->7460K(7552K) Class: 1153K(1280K)->1153K(1280K)
[49.002s][info][gc             ] GC(502) Pause Young (Normal) (G1 Evacuation Pause) 190M->32M(278M) 7.242ms
[49.003s][info][gc,cpu         ] GC(502) User=0.13s Sys=0.00s Real=0.01s
[49.094s][info][gc,start       ] GC(503) Pause Young (Normal) (G1 Evacuation Pause)
[49.107s][info][gc,task        ] GC(503) Using 6 workers of 33 for evacuation
[49.114s][info][gc,phases      ] GC(503)   Pre Evacuate Collection Set: 0.1ms
[49.114s][info][gc,phases      ] GC(503)   Merge Heap Roots: 0.1ms
[49.114s][info][gc,phases      ] GC(503)   Evacuate Collection Set: 6.3ms
[49.114s][info][gc,phases      ] GC(503)   Post Evacuate Collection Set: 0.3ms
[49.114s][info][gc,phases      ] GC(503)   Other: 0.2ms
[49.114s][info][gc,heap        ] GC(503) Eden regions: 159->0(158)
[49.114s][info][gc,heap        ] GC(503) Survivor regions: 7->8(21)
[49.114s][info][gc,heap        ] GC(503) Old regions: 26->26
[49.115s][info][gc,heap        ] GC(503) Archive regions: 0->0
[49.115s][info][gc,heap        ] GC(503) Humongous regions: 3->3
[49.115s][info][gc,metaspace   ] GC(503) Metaspace: 8613K(8832K)->8613K(8832K) NonClass: 7460K(7552K)->7460K(7552K) Class: 1153K(1280K)->1153K(1280K)
[49.115s][info][gc             ] GC(503) Pause Young (Normal) (G1 Evacuation Pause) 191M->32M(278M) 20.424ms
[49.115s][info][gc,cpu         ] GC(503) User=0.09s Sys=0.00s Real=0.02s
[49.201s][info][gc,start       ] GC(504) Pause Young (Normal) (G1 Evacuation Pause)
[49.201s][info][gc,task        ] GC(504) Using 6 workers of 33 for evacuation
[49.210s][info][gc,phases      ] GC(504)   Pre Evacuate Collection Set: 0.1ms
[49.210s][info][gc,phases      ] GC(504)   Merge Heap Roots: 0.1ms
[49.210s][info][gc,phases      ] GC(504)   Evacuate Collection Set: 7.7ms
[49.210s][info][gc,phases      ] GC(504)   Post Evacuate Collection Set: 0.3ms
[49.210s][info][gc,phases      ] GC(504)   Other: 0.1ms
[49.210s][info][gc,heap        ] GC(504) Eden regions: 158->0(158)
[49.210s][info][gc,heap        ] GC(504) Survivor regions: 8->8(21)
[49.210s][info][gc,heap        ] GC(504) Old regions: 26->26
[49.210s][info][gc,heap        ] GC(504) Archive regions: 0->0
[49.210s][info][gc,heap        ] GC(504) Humongous regions: 3->3
[49.210s][info][gc,metaspace   ] GC(504) Metaspace: 8613K(8832K)->8613K(8832K) NonClass: 7460K(7552K)->7460K(7552K) Class: 1153K(1280K)->1153K(1280K)
[49.210s][info][gc             ] GC(504) Pause Young (Normal) (G1 Evacuation Pause) 190M->32M(278M) 8.889ms
[49.210s][info][gc,cpu         ] GC(504) User=0.09s Sys=0.00s Real=0.01s
[49.292s][info][gc,start       ] GC(505) Pause Young (Normal) (G1 Evacuation Pause)
[49.292s][info][gc,task        ] GC(505) Using 6 workers of 33 for evacuation
[49.301s][info][gc,phases      ] GC(505)   Pre Evacuate Collection Set: 0.1ms
[49.301s][info][gc,phases      ] GC(505)   Merge Heap Roots: 0.1ms
[49.301s][info][gc,phases      ] GC(505)   Evacuate Collection Set: 7.8ms
[49.301s][info][gc,phases      ] GC(505)   Post Evacuate Collection Set: 0.3ms
[49.301s][info][gc,phases      ] GC(505)   Other: 0.1ms
[49.301s][info][gc,heap        ] GC(505) Eden regions: 158->0(157)
[49.301s][info][gc,heap        ] GC(505) Survivor regions: 8->9(21)
[49.301s][info][gc,heap        ] GC(505) Old regions: 26->26
[49.301s][info][gc,heap        ] GC(505) Archive regions: 0->0
[49.301s][info][gc,heap        ] GC(505) Humongous regions: 3->3
[49.301s][info][gc,metaspace   ] GC(505) Metaspace: 8613K(8832K)->8613K(8832K) NonClass: 7460K(7552K)->7460K(7552K) Class: 1153K(1280K)->1153K(1280K)
[49.301s][info][gc             ] GC(505) Pause Young (Normal) (G1 Evacuation Pause) 190M->33M(278M) 9.008ms
[49.301s][info][gc,cpu         ] GC(505) User=0.09s Sys=0.00s Real=0.01s
[49.397s][info][gc,start       ] GC(506) Pause Young (Normal) (G1 Evacuation Pause)
[49.397s][info][gc,task        ] GC(506) Using 6 workers of 33 for evacuation
[49.406s][info][gc,phases      ] GC(506)   Pre Evacuate Collection Set: 0.1ms
[49.406s][info][gc,phases      ] GC(506)   Merge Heap Roots: 0.1ms
[49.406s][info][gc,phases      ] GC(506)   Evacuate Collection Set: 8.5ms
[49.406s][info][gc,phases      ] GC(506)   Post Evacuate Collection Set: 0.4ms
[49.406s][info][gc,phases      ] GC(506)   Other: 0.1ms
[49.406s][info][gc,heap        ] GC(506) Eden regions: 157->0(156)
[49.406s][info][gc,heap        ] GC(506) Survivor regions: 9->10(21)
[49.406s][info][gc,heap        ] GC(506) Old regions: 26->26
[49.406s][info][gc,heap        ] GC(506) Archive regions: 0->0
[49.406s][info][gc,heap        ] GC(506) Humongous regions: 3->3
[49.407s][info][gc,metaspace   ] GC(506) Metaspace: 8613K(8832K)->8613K(8832K) NonClass: 7460K(7552K)->7460K(7552K) Class: 1153K(1280K)->1153K(1280K)
[49.407s][info][gc             ] GC(506) Pause Young (Normal) (G1 Evacuation Pause) 190M->34M(278M) 9.709ms
[49.407s][info][gc,cpu         ] GC(506) User=0.00s Sys=0.00s Real=0.01s
[49.487s][info][gc,start       ] GC(507) Pause Young (Normal) (G1 Evacuation Pause)
[49.487s][info][gc,task        ] GC(507) Using 6 workers of 33 for evacuation
[49.496s][info][gc,phases      ] GC(507)   Pre Evacuate Collection Set: 0.1ms
[49.496s][info][gc,phases      ] GC(507)   Merge Heap Roots: 0.1ms
[49.496s][info][gc,phases      ] GC(507)   Evacuate Collection Set: 8.3ms
[49.496s][info][gc,phases      ] GC(507)   Post Evacuate Collection Set: 0.6ms
[49.496s][info][gc,phases      ] GC(507)   Other: 0.1ms
[49.496s][info][gc,heap        ] GC(507) Eden regions: 156->0(167)
[49.496s][info][gc,heap        ] GC(507) Survivor regions: 10->10(21)
[49.496s][info][gc,heap        ] GC(507) Old regions: 26->26
[49.496s][info][gc,heap        ] GC(507) Archive regions: 0->0
[49.496s][info][gc,heap        ] GC(507) Humongous regions: 3->3
[49.496s][info][gc,metaspace   ] GC(507) Metaspace: 8613K(8832K)->8613K(8832K) NonClass: 7460K(7552K)->7460K(7552K) Class: 1153K(1280K)->1153K(1280K)
[49.497s][info][gc             ] GC(507) Pause Young (Normal) (G1 Evacuation Pause) 190M->34M(296M) 9.757ms
[49.497s][info][gc,cpu         ] GC(507) User=0.00s Sys=0.00s Real=0.01s
[49.603s][info][gc,start       ] GC(508) Pause Young (Normal) (G1 Evacuation Pause)
[49.603s][info][gc,task        ] GC(508) Using 7 workers of 33 for evacuation
[49.610s][info][gc,phases      ] GC(508)   Pre Evacuate Collection Set: 0.1ms
[49.610s][info][gc,phases      ] GC(508)   Merge Heap Roots: 0.1ms
[49.610s][info][gc,phases      ] GC(508)   Evacuate Collection Set: 6.1ms
[49.610s][info][gc,phases      ] GC(508)   Post Evacuate Collection Set: 0.4ms
[49.610s][info][gc,phases      ] GC(508)   Other: 0.1ms
[49.610s][info][gc,heap        ] GC(508) Eden regions: 167->0(166)
[49.610s][info][gc,heap        ] GC(508) Survivor regions: 10->11(23)
[49.610s][info][gc,heap        ] GC(508) Old regions: 26->26
[49.610s][info][gc,heap        ] GC(508) Archive regions: 0->0
[49.610s][info][gc,heap        ] GC(508) Humongous regions: 3->3
[49.610s][info][gc,metaspace   ] GC(508) Metaspace: 8613K(8832K)->8613K(8832K) NonClass: 7460K(7552K)->7460K(7552K) Class: 1153K(1280K)->1153K(1280K)
[49.610s][info][gc             ] GC(508) Pause Young (Normal) (G1 Evacuation Pause) 201M->35M(296M) 7.307ms
[49.610s][info][gc,cpu         ] GC(508) User=0.00s Sys=0.00s Real=0.01s
[49.712s][info][gc,start       ] GC(509) Pause Young (Normal) (G1 Evacuation Pause)
[49.713s][info][gc,task        ] GC(509) Using 7 workers of 33 for evacuation
[49.719s][info][gc,phases      ] GC(509)   Pre Evacuate Collection Set: 0.1ms
[49.719s][info][gc,phases      ] GC(509)   Merge Heap Roots: 0.1ms
[49.719s][info][gc,phases      ] GC(509)   Evacuate Collection Set: 6.2ms
[49.719s][info][gc,phases      ] GC(509)   Post Evacuate Collection Set: 0.3ms
[49.719s][info][gc,phases      ] GC(509)   Other: 0.1ms
[49.720s][info][gc,heap        ] GC(509) Eden regions: 166->0(165)
[49.720s][info][gc,heap        ] GC(509) Survivor regions: 11->12(23)
[49.720s][info][gc,heap        ] GC(509) Old regions: 26->26
[49.720s][info][gc,heap        ] GC(509) Archive regions: 0->0
[49.720s][info][gc,heap        ] GC(509) Humongous regions: 3->3
[49.720s][info][gc,metaspace   ] GC(509) Metaspace: 8613K(8832K)->8613K(8832K) NonClass: 7460K(7552K)->7460K(7552K) Class: 1153K(1280K)->1153K(1280K)
[49.720s][info][gc             ] GC(509) Pause Young (Normal) (G1 Evacuation Pause) 201M->36M(296M) 7.341ms
[49.720s][info][gc,cpu         ] GC(509) User=0.00s Sys=0.00s Real=0.00s
[49.802s][info][gc,start       ] GC(510) Pause Young (Normal) (G1 Evacuation Pause)
[49.802s][info][gc,task        ] GC(510) Using 7 workers of 33 for evacuation
[49.809s][info][gc,phases      ] GC(510)   Pre Evacuate Collection Set: 0.1ms
[49.809s][info][gc,phases      ] GC(510)   Merge Heap Roots: 0.1ms
[49.809s][info][gc,phases      ] GC(510)   Evacuate Collection Set: 6.6ms
[49.809s][info][gc,phases      ] GC(510)   Post Evacuate Collection Set: 0.3ms
[49.809s][info][gc,phases      ] GC(510)   Other: 0.1ms
[49.809s][info][gc,heap        ] GC(510) Eden regions: 165->0(166)
[49.809s][info][gc,heap        ] GC(510) Survivor regions: 12->11(23)
[49.809s][info][gc,heap        ] GC(510) Old regions: 26->26
[49.810s][info][gc,heap        ] GC(510) Archive regions: 0->0
[49.810s][info][gc,heap        ] GC(510) Humongous regions: 3->3
[49.810s][info][gc,metaspace   ] GC(510) Metaspace: 8613K(8832K)->8613K(8832K) NonClass: 7460K(7552K)->7460K(7552K) Class: 1153K(1280K)->1153K(1280K)
[49.810s][info][gc             ] GC(510) Pause Young (Normal) (G1 Evacuation Pause) 201M->36M(296M) 7.667ms
[49.810s][info][gc,cpu         ] GC(510) User=0.11s Sys=0.00s Real=0.02s
[49.892s][info][gc,start       ] GC(511) Pause Young (Normal) (G1 Evacuation Pause)
[49.892s][info][gc,task        ] GC(511) Using 7 workers of 33 for evacuation
[49.899s][info][gc,phases      ] GC(511)   Pre Evacuate Collection Set: 0.1ms
[49.900s][info][gc,phases      ] GC(511)   Merge Heap Roots: 0.1ms
[49.900s][info][gc,phases      ] GC(511)   Evacuate Collection Set: 6.7ms
[49.900s][info][gc,phases      ] GC(511)   Post Evacuate Collection Set: 0.3ms
[49.900s][info][gc,phases      ] GC(511)   Other: 0.1ms
[49.900s][info][gc,heap        ] GC(511) Eden regions: 166->0(165)
[49.900s][info][gc,heap        ] GC(511) Survivor regions: 11->12(23)
[49.900s][info][gc,heap        ] GC(511) Old regions: 26->26
[49.900s][info][gc,heap        ] GC(511) Archive regions: 0->0
[49.900s][info][gc,heap        ] GC(511) Humongous regions: 3->3
[49.900s][info][gc,metaspace   ] GC(511) Metaspace: 8613K(8832K)->8613K(8832K) NonClass: 7460K(7552K)->7460K(7552K) Class: 1153K(1280K)->1153K(1280K)
[49.900s][info][gc             ] GC(511) Pause Young (Normal) (G1 Evacuation Pause) 202M->37M(296M) 7.754ms
[49.900s][info][gc,cpu         ] GC(511) User=0.11s Sys=0.00s Real=0.01s
[50.002s][info][gc,start       ] GC(512) Pause Young (Normal) (G1 Evacuation Pause)
[50.002s][info][gc,task        ] GC(512) Using 7 workers of 33 for evacuation
[50.010s][info][gc,phases      ] GC(512)   Pre Evacuate Collection Set: 0.1ms
[50.010s][info][gc,phases      ] GC(512)   Merge Heap Roots: 0.1ms
[50.010s][info][gc,phases      ] GC(512)   Evacuate Collection Set: 7.4ms
[50.011s][info][gc,phases      ] GC(512)   Post Evacuate Collection Set: 0.3ms
[50.011s][info][gc,phases      ] GC(512)   Other: 0.1ms
[50.011s][info][gc,heap        ] GC(512) Eden regions: 165->0(164)
[50.011s][info][gc,heap        ] GC(512) Survivor regions: 12->13(23)
[50.011s][info][gc,heap        ] GC(512) Old regions: 26->26
[50.011s][info][gc,heap        ] GC(512) Archive regions: 0->0
[50.011s][info][gc,heap        ] GC(512) Humongous regions: 3->3
[50.011s][info][gc,metaspace   ] GC(512) Metaspace: 8613K(8832K)->8613K(8832K) NonClass: 7460K(7552K)->7460K(7552K) Class: 1153K(1280K)->1153K(1280K)
[50.011s][info][gc             ] GC(512) Pause Young (Normal) (G1 Evacuation Pause) 202M->37M(296M) 8.473ms
[50.011s][info][gc,cpu         ] GC(512) User=0.00s Sys=0.00s Real=0.01s
[50.107s][info][gc,start       ] GC(513) Pause Young (Normal) (G1 Evacuation Pause)
[50.107s][info][gc,task        ] GC(513) Using 7 workers of 33 for evacuation
[50.115s][info][gc,phases      ] GC(513)   Pre Evacuate Collection Set: 0.1ms
[50.115s][info][gc,phases      ] GC(513)   Merge Heap Roots: 0.1ms
[50.115s][info][gc,phases      ] GC(513)   Evacuate Collection Set: 7.3ms
[50.115s][info][gc,phases      ] GC(513)   Post Evacuate Collection Set: 0.3ms
[50.115s][info][gc,phases      ] GC(513)   Other: 0.1ms
[50.115s][info][gc,heap        ] GC(513) Eden regions: 164->0(168)
[50.115s][info][gc,heap        ] GC(513) Survivor regions: 13->9(23)
[50.115s][info][gc,heap        ] GC(513) Old regions: 26->30
[50.115s][info][gc,heap        ] GC(513) Archive regions: 0->0
[50.115s][info][gc,heap        ] GC(513) Humongous regions: 3->3
[50.115s][info][gc,metaspace   ] GC(513) Metaspace: 8613K(8832K)->8613K(8832K) NonClass: 7460K(7552K)->7460K(7552K) Class: 1153K(1280K)->1153K(1280K)
[50.115s][info][gc             ] GC(513) Pause Young (Normal) (G1 Evacuation Pause) 201M->38M(296M) 8.421ms
[50.115s][info][gc,cpu         ] GC(513) User=0.11s Sys=0.00s Real=0.02s
[50.551s][info][gc,start       ] GC(514) Pause Young (Normal) (G1 Evacuation Pause)
[50.596s][info][gc,task        ] GC(514) Using 7 workers of 33 for evacuation
[50.643s][info][gc,phases      ] GC(514)   Pre Evacuate Collection Set: 0.1ms
[50.643s][info][gc,phases      ] GC(514)   Merge Heap Roots: 0.6ms
[50.643s][info][gc,phases      ] GC(514)   Evacuate Collection Set: 45.9ms
[50.643s][info][gc,phases      ] GC(514)   Post Evacuate Collection Set: 0.3ms
[50.643s][info][gc,phases      ] GC(514)   Other: 0.2ms
[50.644s][info][gc,heap        ] GC(514) Eden regions: 168->0(119)
[50.644s][info][gc,heap        ] GC(514) Survivor regions: 9->23(23)
[50.644s][info][gc,heap        ] GC(514) Old regions: 30->66
[50.644s][info][gc,heap        ] GC(514) Archive regions: 0->0
[50.644s][info][gc,heap        ] GC(514) Humongous regions: 22->22
[50.644s][info][gc,metaspace   ] GC(514) Metaspace: 8613K(8832K)->8613K(8832K) NonClass: 7460K(7552K)->7460K(7552K) Class: 1153K(1280K)->1153K(1280K)
[50.644s][info][gc             ] GC(514) Pause Young (Normal) (G1 Evacuation Pause) 225M->107M(296M) 92.884ms
[50.644s][info][gc,cpu         ] GC(514) User=0.33s Sys=0.00s Real=0.09s
[50.650s][info][gc,start       ] GC(515) Pause Full (System.gc())
[50.650s][info][gc,task        ] GC(515) Using 7 workers of 33 for full compaction
[50.650s][info][gc,phases,start] GC(515) Phase 1: Mark live objects
[50.653s][info][gc,phases      ] GC(515) Phase 1: Mark live objects 2.460ms
[50.653s][info][gc,phases,start] GC(515) Phase 2: Prepare compaction
[50.654s][info][gc,phases      ] GC(515) Phase 2: Prepare compaction 0.888ms
[50.654s][info][gc,phases,start] GC(515) Phase 3: Adjust pointers
[50.655s][info][gc,phases      ] GC(515) Phase 3: Adjust pointers 1.538ms
[50.655s][info][gc,phases,start] GC(515) Phase 4: Compact heap
[50.655s][info][gc,phases      ] GC(515) Phase 4: Compact heap 0.290ms
[50.658s][info][gc,heap        ] GC(515) Eden regions: 3->0(14)
[50.658s][info][gc,heap        ] GC(515) Survivor regions: 23->0(23)
[50.658s][info][gc,heap        ] GC(515) Old regions: 66->7
[50.658s][info][gc,heap        ] GC(515) Archive regions: 0->0
[50.658s][info][gc,heap        ] GC(515) Humongous regions: 22->0
[50.659s][info][gc,metaspace   ] GC(515) Metaspace: 8613K(8832K)->8613K(8832K) NonClass: 7460K(7552K)->7460K(7552K) Class: 1153K(1280K)->1153K(1280K)
[50.659s][info][gc             ] GC(515) Pause Full (System.gc()) 110M->3M(24M) 8.853ms
[50.659s][info][gc,cpu         ] GC(515) User=0.11s Sys=0.02s Real=0.02s
[50.666s][info][gc,start       ] GC(516) Pause Young (Normal) (G1 Evacuation Pause)
[50.666s][info][gc,task        ] GC(516) Using 4 workers of 33 for evacuation
[50.668s][info][gc,phases      ] GC(516)   Pre Evacuate Collection Set: 0.0ms
[50.668s][info][gc,phases      ] GC(516)   Merge Heap Roots: 0.0ms
[50.668s][info][gc,phases      ] GC(516)   Evacuate Collection Set: 0.2ms
[50.668s][info][gc,phases      ] GC(516)   Post Evacuate Collection Set: 1.1ms
[50.668s][info][gc,phases      ] GC(516)   Other: 0.1ms
[50.668s][info][gc,heap        ] GC(516) Eden regions: 14->0(158)
[50.668s][info][gc,heap        ] GC(516) Survivor regions: 0->2(2)
[50.668s][info][gc,heap        ] GC(516) Old regions: 7->7
[50.668s][info][gc,heap        ] GC(516) Archive regions: 0->0
[50.668s][info][gc,heap        ] GC(516) Humongous regions: 0->0
[50.668s][info][gc,metaspace   ] GC(516) Metaspace: 8624K(8896K)->8624K(8896K) NonClass: 7471K(7616K)->7471K(7616K) Class: 1153K(1280K)->1153K(1280K)
[50.668s][info][gc             ] GC(516) Pause Young (Normal) (G1 Evacuation Pause) 17M->5M(268M) 1.973ms
[50.668s][info][gc,cpu         ] GC(516) User=0.00s Sys=0.00s Real=0.00s
[50.747s][info][gc,start       ] GC(517) Pause Young (Normal) (G1 Evacuation Pause)
[50.747s][info][gc,task        ] GC(517) Using 6 workers of 33 for evacuation
[50.748s][info][gc,phases      ] GC(517)   Pre Evacuate Collection Set: 0.1ms
[50.748s][info][gc,phases      ] GC(517)   Merge Heap Roots: 0.1ms
[50.748s][info][gc,phases      ] GC(517)   Evacuate Collection Set: 0.6ms
[50.748s][info][gc,phases      ] GC(517)   Post Evacuate Collection Set: 0.3ms
[50.748s][info][gc,phases      ] GC(517)   Other: 0.1ms
[50.748s][info][gc,heap        ] GC(517) Eden regions: 158->0(159)
[50.748s][info][gc,heap        ] GC(517) Survivor regions: 2->1(20)
[50.748s][info][gc,heap        ] GC(517) Old regions: 7->7
[50.748s][info][gc,heap        ] GC(517) Archive regions: 0->0
[50.748s][info][gc,heap        ] GC(517) Humongous regions: 0->0
[50.748s][info][gc,metaspace   ] GC(517) Metaspace: 8624K(8896K)->8624K(8896K) NonClass: 7471K(7616K)->7471K(7616K) Class: 1153K(1280K)->1153K(1280K)
[50.749s][info][gc             ] GC(517) Pause Young (Normal) (G1 Evacuation Pause) 163M->4M(268M) 1.635ms
[50.749s][info][gc,cpu         ] GC(517) User=0.00s Sys=0.00s Real=0.00s
[50.827s][info][gc,start       ] GC(518) Pause Young (Normal) (G1 Evacuation Pause)
[50.828s][info][gc,task        ] GC(518) Using 6 workers of 33 for evacuation
[50.829s][info][gc,phases      ] GC(518)   Pre Evacuate Collection Set: 0.1ms
[50.829s][info][gc,phases      ] GC(518)   Merge Heap Roots: 0.1ms
[50.829s][info][gc,phases      ] GC(518)   Evacuate Collection Set: 0.9ms
[50.829s][info][gc,phases      ] GC(518)   Post Evacuate Collection Set: 0.3ms
[50.829s][info][gc,phases      ] GC(518)   Other: 0.1ms
[50.829s][info][gc,heap        ] GC(518) Eden regions: 159->0(158)
[50.829s][info][gc,heap        ] GC(518) Survivor regions: 1->2(20)
[50.829s][info][gc,heap        ] GC(518) Old regions: 7->7
[50.829s][info][gc,heap        ] GC(518) Archive regions: 0->0
[50.829s][info][gc,heap        ] GC(518) Humongous regions: 0->0
[50.829s][info][gc,metaspace   ] GC(518) Metaspace: 8624K(8896K)->8624K(8896K) NonClass: 7471K(7616K)->7471K(7616K) Class: 1153K(1280K)->1153K(1280K)
[50.829s][info][gc             ] GC(518) Pause Young (Normal) (G1 Evacuation Pause) 163M->4M(268M) 1.880ms
[50.829s][info][gc,cpu         ] GC(518) User=0.00s Sys=0.00s Real=0.00s
[50.928s][info][gc,start       ] GC(519) Pause Young (Normal) (G1 Evacuation Pause)
[50.928s][info][gc,task        ] GC(519) Using 6 workers of 33 for evacuation
[50.930s][info][gc,phases      ] GC(519)   Pre Evacuate Collection Set: 0.1ms
[50.930s][info][gc,phases      ] GC(519)   Merge Heap Roots: 0.1ms
[50.930s][info][gc,phases      ] GC(519)   Evacuate Collection Set: 1.3ms
[50.930s][info][gc,phases      ] GC(519)   Post Evacuate Collection Set: 0.3ms
[50.930s][info][gc,phases      ] GC(519)   Other: 0.1ms
[50.930s][info][gc,heap        ] GC(519) Eden regions: 158->0(158)
[50.930s][info][gc,heap        ] GC(519) Survivor regions: 2->2(20)
[50.930s][info][gc,heap        ] GC(519) Old regions: 7->7
[50.930s][info][gc,heap        ] GC(519) Archive regions: 0->0
[50.930s][info][gc,heap        ] GC(519) Humongous regions: 0->0
[50.930s][info][gc,metaspace   ] GC(519) Metaspace: 8624K(8896K)->8624K(8896K) NonClass: 7471K(7616K)->7471K(7616K) Class: 1153K(1280K)->1153K(1280K)
[50.931s][info][gc             ] GC(519) Pause Young (Normal) (G1 Evacuation Pause) 162M->5M(268M) 2.261ms
[50.931s][info][gc,cpu         ] GC(519) User=0.00s Sys=0.00s Real=0.00s
[51.025s][info][gc,start       ] GC(520) Pause Young (Normal) (G1 Evacuation Pause)
[51.025s][info][gc,task        ] GC(520) Using 6 workers of 33 for evacuation
[51.027s][info][gc,phases      ] GC(520)   Pre Evacuate Collection Set: 0.1ms
[51.027s][info][gc,phases      ] GC(520)   Merge Heap Roots: 0.1ms
[51.027s][info][gc,phases      ] GC(520)   Evacuate Collection Set: 1.8ms
[51.027s][info][gc,phases      ] GC(520)   Post Evacuate Collection Set: 0.3ms
[51.027s][info][gc,phases      ] GC(520)   Other: 0.1ms
[51.028s][info][gc,heap        ] GC(520) Eden regions: 158->0(157)
[51.028s][info][gc,heap        ] GC(520) Survivor regions: 2->3(20)
[51.028s][info][gc,heap        ] GC(520) Old regions: 7->7
[51.028s][info][gc,heap        ] GC(520) Archive regions: 0->0
[51.028s][info][gc,heap        ] GC(520) Humongous regions: 0->0
[51.028s][info][gc,metaspace   ] GC(520) Metaspace: 8624K(8896K)->8624K(8896K) NonClass: 7471K(7616K)->7471K(7616K) Class: 1153K(1280K)->1153K(1280K)
[51.028s][info][gc             ] GC(520) Pause Young (Normal) (G1 Evacuation Pause) 163M->5M(268M) 2.731ms
[51.028s][info][gc,cpu         ] GC(520) User=0.00s Sys=0.00s Real=0.00s
[51.106s][info][gc,start       ] GC(521) Pause Young (Normal) (G1 Evacuation Pause)
[51.106s][info][gc,task        ] GC(521) Using 6 workers of 33 for evacuation
[51.109s][info][gc,phases      ] GC(521)   Pre Evacuate Collection Set: 0.1ms
[51.109s][info][gc,phases      ] GC(521)   Merge Heap Roots: 0.1ms
[51.109s][info][gc,phases      ] GC(521)   Evacuate Collection Set: 2.2ms
[51.109s][info][gc,phases      ] GC(521)   Post Evacuate Collection Set: 0.3ms
[51.109s][info][gc,phases      ] GC(521)   Other: 0.1ms
[51.109s][info][gc,heap        ] GC(521) Eden regions: 157->0(157)
[51.109s][info][gc,heap        ] GC(521) Survivor regions: 3->3(20)
[51.109s][info][gc,heap        ] GC(521) Old regions: 7->7
[51.109s][info][gc,heap        ] GC(521) Archive regions: 0->0
[51.109s][info][gc,heap        ] GC(521) Humongous regions: 0->0
[51.109s][info][gc,metaspace   ] GC(521) Metaspace: 8624K(8896K)->8624K(8896K) NonClass: 7471K(7616K)->7471K(7616K) Class: 1153K(1280K)->1153K(1280K)
[51.109s][info][gc             ] GC(521) Pause Young (Normal) (G1 Evacuation Pause) 162M->6M(268M) 3.178ms
[51.109s][info][gc,cpu         ] GC(521) User=0.00s Sys=0.00s Real=0.00s
[51.193s][info][gc,start       ] GC(522) Pause Young (Normal) (G1 Evacuation Pause)
[51.193s][info][gc,task        ] GC(522) Using 6 workers of 33 for evacuation
[51.197s][info][gc,phases      ] GC(522)   Pre Evacuate Collection Set: 0.1ms
[51.197s][info][gc,phases      ] GC(522)   Merge Heap Roots: 0.1ms
[51.197s][info][gc,phases      ] GC(522)   Evacuate Collection Set: 2.8ms
[51.197s][info][gc,phases      ] GC(522)   Post Evacuate Collection Set: 0.3ms
[51.197s][info][gc,phases      ] GC(522)   Other: 0.1ms
[51.197s][info][gc,heap        ] GC(522) Eden regions: 157->0(156)
[51.197s][info][gc,heap        ] GC(522) Survivor regions: 3->4(20)
[51.197s][info][gc,heap        ] GC(522) Old regions: 7->7
[51.197s][info][gc,heap        ] GC(522) Archive regions: 0->0
[51.197s][info][gc,heap        ] GC(522) Humongous regions: 0->0
[51.197s][info][gc,metaspace   ] GC(522) Metaspace: 8624K(8896K)->8624K(8896K) NonClass: 7471K(7616K)->7471K(7616K) Class: 1153K(1280K)->1153K(1280K)
[51.197s][info][gc             ] GC(522) Pause Young (Normal) (G1 Evacuation Pause) 163M->6M(268M) 3.797ms
[51.197s][info][gc,cpu         ] GC(522) User=0.00s Sys=0.00s Real=0.00s
[51.275s][info][gc,start       ] GC(523) Pause Young (Normal) (G1 Evacuation Pause)
[51.276s][info][gc,task        ] GC(523) Using 6 workers of 33 for evacuation
[51.279s][info][gc,phases      ] GC(523)   Pre Evacuate Collection Set: 0.1ms
[51.279s][info][gc,phases      ] GC(523)   Merge Heap Roots: 0.1ms
[51.279s][info][gc,phases      ] GC(523)   Evacuate Collection Set: 2.8ms
[51.279s][info][gc,phases      ] GC(523)   Post Evacuate Collection Set: 0.3ms
[51.279s][info][gc,phases      ] GC(523)   Other: 0.1ms
[51.279s][info][gc,heap        ] GC(523) Eden regions: 156->0(156)
[51.279s][info][gc,heap        ] GC(523) Survivor regions: 4->4(20)
[51.279s][info][gc,heap        ] GC(523) Old regions: 7->7
[51.279s][info][gc,heap        ] GC(523) Archive regions: 0->0
[51.279s][info][gc,heap        ] GC(523) Humongous regions: 0->0
[51.279s][info][gc,metaspace   ] GC(523) Metaspace: 8624K(8896K)->8624K(8896K) NonClass: 7471K(7616K)->7471K(7616K) Class: 1153K(1280K)->1153K(1280K)
[51.279s][info][gc             ] GC(523) Pause Young (Normal) (G1 Evacuation Pause) 162M->7M(268M) 3.848ms
[51.279s][info][gc,cpu         ] GC(523) User=0.00s Sys=0.00s Real=0.00s
[51.371s][info][gc,start       ] GC(524) Pause Young (Normal) (G1 Evacuation Pause)
[51.371s][info][gc,task        ] GC(524) Using 6 workers of 33 for evacuation
[51.375s][info][gc,phases      ] GC(524)   Pre Evacuate Collection Set: 0.1ms
[51.375s][info][gc,phases      ] GC(524)   Merge Heap Roots: 0.1ms
[51.375s][info][gc,phases      ] GC(524)   Evacuate Collection Set: 3.6ms
[51.375s][info][gc,phases      ] GC(524)   Post Evacuate Collection Set: 0.3ms
[51.375s][info][gc,phases      ] GC(524)   Other: 0.1ms
[51.375s][info][gc,heap        ] GC(524) Eden regions: 156->0(155)
[51.375s][info][gc,heap        ] GC(524) Survivor regions: 4->5(20)
[51.376s][info][gc,heap        ] GC(524) Old regions: 7->7
[51.376s][info][gc,heap        ] GC(524) Archive regions: 0->0
[51.376s][info][gc,heap        ] GC(524) Humongous regions: 0->0
[51.376s][info][gc,metaspace   ] GC(524) Metaspace: 8624K(8896K)->8624K(8896K) NonClass: 7471K(7616K)->7471K(7616K) Class: 1153K(1280K)->1153K(1280K)
[51.376s][info][gc             ] GC(524) Pause Young (Normal) (G1 Evacuation Pause) 163M->8M(268M) 4.702ms
[51.376s][info][gc,cpu         ] GC(524) User=0.00s Sys=0.00s Real=0.00s
[51.454s][info][gc,start       ] GC(525) Pause Young (Normal) (G1 Evacuation Pause)
[51.454s][info][gc,task        ] GC(525) Using 6 workers of 33 for evacuation
[51.458s][info][gc,phases      ] GC(525)   Pre Evacuate Collection Set: 0.1ms
[51.458s][info][gc,phases      ] GC(525)   Merge Heap Roots: 0.1ms
[51.458s][info][gc,phases      ] GC(525)   Evacuate Collection Set: 3.5ms
[51.458s][info][gc,phases      ] GC(525)   Post Evacuate Collection Set: 0.3ms
[51.458s][info][gc,phases      ] GC(525)   Other: 0.1ms
[51.458s][info][gc,heap        ] GC(525) Eden regions: 155->0(154)
[51.458s][info][gc,heap        ] GC(525) Survivor regions: 5->6(20)
[51.458s][info][gc,heap        ] GC(525) Old regions: 7->7
[51.459s][info][gc,heap        ] GC(525) Archive regions: 0->0
[51.459s][info][gc,heap        ] GC(525) Humongous regions: 0->0
[51.459s][info][gc,metaspace   ] GC(525) Metaspace: 8624K(8896K)->8624K(8896K) NonClass: 7471K(7616K)->7471K(7616K) Class: 1153K(1280K)->1153K(1280K)
[51.459s][info][gc             ] GC(525) Pause Young (Normal) (G1 Evacuation Pause) 163M->8M(268M) 4.558ms
[51.459s][info][gc,cpu         ] GC(525) User=0.09s Sys=0.00s Real=0.02s
[51.535s][info][gc,start       ] GC(526) Pause Young (Normal) (G1 Evacuation Pause)
[51.535s][info][gc,task        ] GC(526) Using 6 workers of 33 for evacuation
[51.540s][info][gc,phases      ] GC(526)   Pre Evacuate Collection Set: 0.1ms
[51.540s][info][gc,phases      ] GC(526)   Merge Heap Roots: 0.1ms
[51.540s][info][gc,phases      ] GC(526)   Evacuate Collection Set: 3.8ms
[51.540s][info][gc,phases      ] GC(526)   Post Evacuate Collection Set: 0.3ms
[51.540s][info][gc,phases      ] GC(526)   Other: 0.1ms
[51.540s][info][gc,heap        ] GC(526) Eden regions: 154->0(154)
[51.540s][info][gc,heap        ] GC(526) Survivor regions: 6->6(20)
[51.540s][info][gc,heap        ] GC(526) Old regions: 7->7
[51.540s][info][gc,heap        ] GC(526) Archive regions: 0->0
[51.540s][info][gc,heap        ] GC(526) Humongous regions: 0->0
[51.540s][info][gc,metaspace   ] GC(526) Metaspace: 8624K(8896K)->8624K(8896K) NonClass: 7471K(7616K)->7471K(7616K) Class: 1153K(1280K)->1153K(1280K)
[51.540s][info][gc             ] GC(526) Pause Young (Normal) (G1 Evacuation Pause) 162M->9M(268M) 4.793ms
[51.540s][info][gc,cpu         ] GC(526) User=0.00s Sys=0.00s Real=0.00s
[51.623s][info][gc,start       ] GC(527) Pause Young (Normal) (G1 Evacuation Pause)
[51.623s][info][gc,task        ] GC(527) Using 6 workers of 33 for evacuation
[51.628s][info][gc,phases      ] GC(527)   Pre Evacuate Collection Set: 0.1ms
[51.628s][info][gc,phases      ] GC(527)   Merge Heap Roots: 0.1ms
[51.628s][info][gc,phases      ] GC(527)   Evacuate Collection Set: 4.2ms
[51.628s][info][gc,phases      ] GC(527)   Post Evacuate Collection Set: 0.3ms
[51.628s][info][gc,phases      ] GC(527)   Other: 0.1ms
[51.628s][info][gc,heap        ] GC(527) Eden regions: 154->0(153)
[51.628s][info][gc,heap        ] GC(527) Survivor regions: 6->7(20)
[51.628s][info][gc,heap        ] GC(527) Old regions: 7->7
[51.628s][info][gc,heap        ] GC(527) Archive regions: 0->0
[51.628s][info][gc,heap        ] GC(527) Humongous regions: 0->0
[51.628s][info][gc,metaspace   ] GC(527) Metaspace: 8624K(8896K)->8624K(8896K) NonClass: 7471K(7616K)->7471K(7616K) Class: 1153K(1280K)->1153K(1280K)
[51.628s][info][gc             ] GC(527) Pause Young (Normal) (G1 Evacuation Pause) 163M->9M(268M) 5.246ms
[51.628s][info][gc,cpu         ] GC(527) User=0.09s Sys=0.00s Real=0.02s
[51.705s][info][gc,start       ] GC(528) Pause Young (Normal) (G1 Evacuation Pause)
[51.706s][info][gc,task        ] GC(528) Using 6 workers of 33 for evacuation
[51.711s][info][gc,phases      ] GC(528)   Pre Evacuate Collection Set: 0.1ms
[51.711s][info][gc,phases      ] GC(528)   Merge Heap Roots: 0.1ms
[51.711s][info][gc,phases      ] GC(528)   Evacuate Collection Set: 4.6ms
[51.711s][info][gc,phases      ] GC(528)   Post Evacuate Collection Set: 0.3ms
[51.711s][info][gc,phases      ] GC(528)   Other: 0.1ms
[51.711s][info][gc,heap        ] GC(528) Eden regions: 153->0(153)
[51.711s][info][gc,heap        ] GC(528) Survivor regions: 7->7(20)
[51.711s][info][gc,heap        ] GC(528) Old regions: 7->7
[51.711s][info][gc,heap        ] GC(528) Archive regions: 0->0
[51.711s][info][gc,heap        ] GC(528) Humongous regions: 0->0
[51.711s][info][gc,metaspace   ] GC(528) Metaspace: 8624K(8896K)->8624K(8896K) NonClass: 7471K(7616K)->7471K(7616K) Class: 1153K(1280K)->1153K(1280K)
[51.711s][info][gc             ] GC(528) Pause Young (Normal) (G1 Evacuation Pause) 162M->10M(268M) 5.550ms
[51.711s][info][gc,cpu         ] GC(528) User=0.00s Sys=0.00s Real=0.01s
[51.788s][info][gc,start       ] GC(529) Pause Young (Normal) (G1 Evacuation Pause)
[51.788s][info][gc,task        ] GC(529) Using 6 workers of 33 for evacuation
[51.793s][info][gc,phases      ] GC(529)   Pre Evacuate Collection Set: 0.1ms
[51.793s][info][gc,phases      ] GC(529)   Merge Heap Roots: 0.1ms
[51.793s][info][gc,phases      ] GC(529)   Evacuate Collection Set: 5.0ms
[51.793s][info][gc,phases      ] GC(529)   Post Evacuate Collection Set: 0.3ms
[51.793s][info][gc,phases      ] GC(529)   Other: 0.1ms
[51.794s][info][gc,heap        ] GC(529) Eden regions: 153->0(152)
[51.794s][info][gc,heap        ] GC(529) Survivor regions: 7->8(20)
[51.794s][info][gc,heap        ] GC(529) Old regions: 7->7
[51.794s][info][gc,heap        ] GC(529) Archive regions: 0->0
[51.794s][info][gc,heap        ] GC(529) Humongous regions: 0->0
[51.794s][info][gc,metaspace   ] GC(529) Metaspace: 8624K(8896K)->8624K(8896K) NonClass: 7471K(7616K)->7471K(7616K) Class: 1153K(1280K)->1153K(1280K)
[51.794s][info][gc             ] GC(529) Pause Young (Normal) (G1 Evacuation Pause) 163M->11M(268M) 5.998ms
[51.794s][info][gc,cpu         ] GC(529) User=0.09s Sys=0.00s Real=0.02s
[51.876s][info][gc,start       ] GC(530) Pause Young (Normal) (G1 Evacuation Pause)
[51.876s][info][gc,task        ] GC(530) Using 6 workers of 33 for evacuation
[51.882s][info][gc,phases      ] GC(530)   Pre Evacuate Collection Set: 0.1ms
[51.882s][info][gc,phases      ] GC(530)   Merge Heap Roots: 0.1ms
[51.882s][info][gc,phases      ] GC(530)   Evacuate Collection Set: 5.4ms
[51.882s][info][gc,phases      ] GC(530)   Post Evacuate Collection Set: 0.3ms
[51.882s][info][gc,phases      ] GC(530)   Other: 0.1ms
[51.882s][info][gc,heap        ] GC(530) Eden regions: 152->0(151)
[51.882s][info][gc,heap        ] GC(530) Survivor regions: 8->9(20)
[51.882s][info][gc,heap        ] GC(530) Old regions: 7->7
[51.882s][info][gc,heap        ] GC(530) Archive regions: 0->0
[51.882s][info][gc,heap        ] GC(530) Humongous regions: 0->0
[51.882s][info][gc,metaspace   ] GC(530) Metaspace: 8624K(8896K)->8624K(8896K) NonClass: 7471K(7616K)->7471K(7616K) Class: 1153K(1280K)->1153K(1280K)
[51.882s][info][gc             ] GC(530) Pause Young (Normal) (G1 Evacuation Pause) 163M->11M(268M) 6.404ms
[51.882s][info][gc,cpu         ] GC(530) User=0.09s Sys=0.00s Real=0.02s
[51.957s][info][gc,start       ] GC(531) Pause Young (Normal) (G1 Evacuation Pause)
[51.957s][info][gc,task        ] GC(531) Using 6 workers of 33 for evacuation
[51.963s][info][gc,phases      ] GC(531)   Pre Evacuate Collection Set: 0.1ms
[51.963s][info][gc,phases      ] GC(531)   Merge Heap Roots: 0.1ms
[51.963s][info][gc,phases      ] GC(531)   Evacuate Collection Set: 5.3ms
[51.963s][info][gc,phases      ] GC(531)   Post Evacuate Collection Set: 0.3ms
[51.963s][info][gc,phases      ] GC(531)   Other: 0.1ms
[51.963s][info][gc,heap        ] GC(531) Eden regions: 151->0(151)
[51.963s][info][gc,heap        ] GC(531) Survivor regions: 9->9(20)
[51.963s][info][gc,heap        ] GC(531) Old regions: 7->8
[51.963s][info][gc,heap        ] GC(531) Archive regions: 0->0
[51.963s][info][gc,heap        ] GC(531) Humongous regions: 0->0
[51.963s][info][gc,metaspace   ] GC(531) Metaspace: 8624K(8896K)->8624K(8896K) NonClass: 7471K(7616K)->7471K(7616K) Class: 1153K(1280K)->1153K(1280K)
[51.963s][info][gc             ] GC(531) Pause Young (Normal) (G1 Evacuation Pause) 162M->11M(268M) 6.282ms
[51.963s][info][gc,cpu         ] GC(531) User=0.09s Sys=0.00s Real=0.02s
[52.052s][info][gc,start       ] GC(532) Pause Young (Normal) (G1 Evacuation Pause)
[52.052s][info][gc,task        ] GC(532) Using 6 workers of 33 for evacuation
[52.059s][info][gc,phases      ] GC(532)   Pre Evacuate Collection Set: 0.1ms
[52.059s][info][gc,phases      ] GC(532)   Merge Heap Roots: 0.1ms
[52.059s][info][gc,phases      ] GC(532)   Evacuate Collection Set: 6.2ms
[52.059s][info][gc,phases      ] GC(532)   Post Evacuate Collection Set: 0.3ms
[52.059s][info][gc,phases      ] GC(532)   Other: 0.1ms
[52.059s][info][gc,heap        ] GC(532) Eden regions: 151->0(151)
[52.059s][info][gc,heap        ] GC(532) Survivor regions: 9->9(20)
[52.059s][info][gc,heap        ] GC(532) Old regions: 8->8
[52.059s][info][gc,heap        ] GC(532) Archive regions: 0->0
[52.059s][info][gc,heap        ] GC(532) Humongous regions: 0->0
[52.059s][info][gc,metaspace   ] GC(532) Metaspace: 8624K(8896K)->8624K(8896K) NonClass: 7471K(7616K)->7471K(7616K) Class: 1153K(1280K)->1153K(1280K)
[52.059s][info][gc             ] GC(532) Pause Young (Normal) (G1 Evacuation Pause) 162M->12M(268M) 7.194ms
[52.059s][info][gc,cpu         ] GC(532) User=0.00s Sys=0.00s Real=0.00s
[52.137s][info][gc,start       ] GC(533) Pause Young (Normal) (G1 Evacuation Pause)
[52.137s][info][gc,task        ] GC(533) Using 6 workers of 33 for evacuation
[52.144s][info][gc,phases      ] GC(533)   Pre Evacuate Collection Set: 0.1ms
[52.144s][info][gc,phases      ] GC(533)   Merge Heap Roots: 0.1ms
[52.144s][info][gc,phases      ] GC(533)   Evacuate Collection Set: 6.1ms
[52.144s][info][gc,phases      ] GC(533)   Post Evacuate Collection Set: 0.3ms
[52.144s][info][gc,phases      ] GC(533)   Other: 0.1ms
[52.144s][info][gc,heap        ] GC(533) Eden regions: 151->0(150)
[52.144s][info][gc,heap        ] GC(533) Survivor regions: 9->10(20)
[52.144s][info][gc,heap        ] GC(533) Old regions: 8->8
[52.144s][info][gc,heap        ] GC(533) Archive regions: 0->0
[52.144s][info][gc,heap        ] GC(533) Humongous regions: 0->0
[52.144s][info][gc,metaspace   ] GC(533) Metaspace: 8624K(8896K)->8624K(8896K) NonClass: 7471K(7616K)->7471K(7616K) Class: 1153K(1280K)->1153K(1280K)
[52.144s][info][gc             ] GC(533) Pause Young (Normal) (G1 Evacuation Pause) 163M->13M(268M) 7.100ms
[52.144s][info][gc,cpu         ] GC(533) User=0.09s Sys=0.00s Real=0.01s
[52.218s][info][gc,start       ] GC(534) Pause Young (Normal) (G1 Evacuation Pause)
[52.219s][info][gc,task        ] GC(534) Using 6 workers of 33 for evacuation
[52.225s][info][gc,phases      ] GC(534)   Pre Evacuate Collection Set: 0.1ms
[52.225s][info][gc,phases      ] GC(534)   Merge Heap Roots: 0.1ms
[52.226s][info][gc,phases      ] GC(534)   Evacuate Collection Set: 6.4ms
[52.226s][info][gc,phases      ] GC(534)   Post Evacuate Collection Set: 0.3ms
[52.226s][info][gc,phases      ] GC(534)   Other: 0.1ms
[52.226s][info][gc,heap        ] GC(534) Eden regions: 150->0(149)
[52.226s][info][gc,heap        ] GC(534) Survivor regions: 10->11(20)
[52.226s][info][gc,heap        ] GC(534) Old regions: 8->8
[52.226s][info][gc,heap        ] GC(534) Archive regions: 0->0
[52.226s][info][gc,heap        ] GC(534) Humongous regions: 0->0
[52.226s][info][gc,metaspace   ] GC(534) Metaspace: 8624K(8896K)->8624K(8896K) NonClass: 7471K(7616K)->7471K(7616K) Class: 1153K(1280K)->1153K(1280K)
[52.226s][info][gc             ] GC(534) Pause Young (Normal) (G1 Evacuation Pause) 163M->13M(268M) 7.351ms
[52.226s][info][gc,cpu         ] GC(534) User=0.09s Sys=0.00s Real=0.02s
[52.301s][info][gc,start       ] GC(535) Pause Young (Normal) (G1 Evacuation Pause)
[52.301s][info][gc,task        ] GC(535) Using 6 workers of 33 for evacuation
[52.309s][info][gc,phases      ] GC(535)   Pre Evacuate Collection Set: 0.1ms
[52.309s][info][gc,phases      ] GC(535)   Merge Heap Roots: 0.1ms
[52.309s][info][gc,phases      ] GC(535)   Evacuate Collection Set: 6.7ms
[52.309s][info][gc,phases      ] GC(535)   Post Evacuate Collection Set: 0.3ms
[52.309s][info][gc,phases      ] GC(535)   Other: 0.1ms
[52.309s][info][gc,heap        ] GC(535) Eden regions: 149->0(149)
[52.309s][info][gc,heap        ] GC(535) Survivor regions: 11->11(20)
[52.309s][info][gc,heap        ] GC(535) Old regions: 8->8
[52.309s][info][gc,heap        ] GC(535) Archive regions: 0->0
[52.309s][info][gc,heap        ] GC(535) Humongous regions: 0->0
[52.309s][info][gc,metaspace   ] GC(535) Metaspace: 8624K(8896K)->8624K(8896K) NonClass: 7471K(7616K)->7471K(7616K) Class: 1153K(1280K)->1153K(1280K)
[52.309s][info][gc             ] GC(535) Pause Young (Normal) (G1 Evacuation Pause) 162M->14M(268M) 7.712ms
[52.309s][info][gc,cpu         ] GC(535) User=0.00s Sys=0.00s Real=0.01s
[52.391s][info][gc,start       ] GC(536) Pause Young (Normal) (G1 Evacuation Pause)
[52.391s][info][gc,task        ] GC(536) Using 6 workers of 33 for evacuation
[52.398s][info][gc,phases      ] GC(536)   Pre Evacuate Collection Set: 0.1ms
[52.398s][info][gc,phases      ] GC(536)   Merge Heap Roots: 0.1ms
[52.399s][info][gc,phases      ] GC(536)   Evacuate Collection Set: 7.2ms
[52.399s][info][gc,phases      ] GC(536)   Post Evacuate Collection Set: 0.3ms
[52.399s][info][gc,phases      ] GC(536)   Other: 0.1ms
[52.399s][info][gc,heap        ] GC(536) Eden regions: 149->0(148)
[52.399s][info][gc,heap        ] GC(536) Survivor regions: 11->12(20)
[52.399s][info][gc,heap        ] GC(536) Old regions: 8->8
[52.399s][info][gc,heap        ] GC(536) Archive regions: 0->0
[52.399s][info][gc,heap        ] GC(536) Humongous regions: 0->0
[52.399s][info][gc,metaspace   ] GC(536) Metaspace: 8624K(8896K)->8624K(8896K) NonClass: 7471K(7616K)->7471K(7616K) Class: 1153K(1280K)->1153K(1280K)
[52.399s][info][gc             ] GC(536) Pause Young (Normal) (G1 Evacuation Pause) 163M->15M(268M) 8.222ms
[52.399s][info][gc,cpu         ] GC(536) User=0.00s Sys=0.00s Real=0.00s
[52.475s][info][gc,start       ] GC(537) Pause Young (Normal) (G1 Evacuation Pause)
[52.476s][info][gc,task        ] GC(537) Using 6 workers of 33 for evacuation
[52.484s][info][gc,phases      ] GC(537)   Pre Evacuate Collection Set: 0.1ms
[52.484s][info][gc,phases      ] GC(537)   Merge Heap Roots: 0.1ms
[52.484s][info][gc,phases      ] GC(537)   Evacuate Collection Set: 7.4ms
[52.484s][info][gc,phases      ] GC(537)   Post Evacuate Collection Set: 0.5ms
[52.484s][info][gc,phases      ] GC(537)   Other: 0.1ms
[52.484s][info][gc,heap        ] GC(537) Eden regions: 148->0(158)
[52.484s][info][gc,heap        ] GC(537) Survivor regions: 12->8(20)
[52.484s][info][gc,heap        ] GC(537) Old regions: 8->12
[52.484s][info][gc,heap        ] GC(537) Archive regions: 0->0
[52.484s][info][gc,heap        ] GC(537) Humongous regions: 0->0
[52.484s][info][gc,metaspace   ] GC(537) Metaspace: 8624K(8896K)->8624K(8896K) NonClass: 7471K(7616K)->7471K(7616K) Class: 1153K(1280K)->1153K(1280K)
[52.484s][info][gc             ] GC(537) Pause Young (Normal) (G1 Evacuation Pause) 163M->15M(278M) 8.554ms
[52.484s][info][gc,cpu         ] GC(537) User=0.09s Sys=0.00s Real=0.02s
[52.573s][info][gc,start       ] GC(538) Pause Young (Normal) (G1 Evacuation Pause)
[52.573s][info][gc,task        ] GC(538) Using 6 workers of 33 for evacuation
[52.579s][info][gc,phases      ] GC(538)   Pre Evacuate Collection Set: 0.1ms
[52.579s][info][gc,phases      ] GC(538)   Merge Heap Roots: 0.1ms
[52.579s][info][gc,phases      ] GC(538)   Evacuate Collection Set: 5.2ms
[52.579s][info][gc,phases      ] GC(538)   Post Evacuate Collection Set: 0.3ms
[52.579s][info][gc,phases      ] GC(538)   Other: 0.1ms
[52.579s][info][gc,heap        ] GC(538) Eden regions: 158->0(158)
[52.579s][info][gc,heap        ] GC(538) Survivor regions: 8->8(21)
[52.579s][info][gc,heap        ] GC(538) Old regions: 12->12
[52.579s][info][gc,heap        ] GC(538) Archive regions: 0->0
[52.579s][info][gc,heap        ] GC(538) Humongous regions: 0->0
[52.579s][info][gc,metaspace   ] GC(538) Metaspace: 8624K(8896K)->8624K(8896K) NonClass: 7471K(7616K)->7471K(7616K) Class: 1153K(1280K)->1153K(1280K)
[52.579s][info][gc             ] GC(538) Pause Young (Normal) (G1 Evacuation Pause) 173M->15M(278M) 6.186ms
[52.579s][info][gc,cpu         ] GC(538) User=0.09s Sys=0.00s Real=0.01s
[52.661s][info][gc,start       ] GC(539) Pause Young (Normal) (G1 Evacuation Pause)
[52.661s][info][gc,task        ] GC(539) Using 6 workers of 33 for evacuation
[52.667s][info][gc,phases      ] GC(539)   Pre Evacuate Collection Set: 0.1ms
[52.667s][info][gc,phases      ] GC(539)   Merge Heap Roots: 0.1ms
[52.667s][info][gc,phases      ] GC(539)   Evacuate Collection Set: 5.4ms
[52.667s][info][gc,phases      ] GC(539)   Post Evacuate Collection Set: 0.3ms
[52.667s][info][gc,phases      ] GC(539)   Other: 0.1ms
[52.667s][info][gc,heap        ] GC(539) Eden regions: 158->0(157)
[52.667s][info][gc,heap        ] GC(539) Survivor regions: 8->9(21)
[52.667s][info][gc,heap        ] GC(539) Old regions: 12->12
[52.667s][info][gc,heap        ] GC(539) Archive regions: 0->0
[52.667s][info][gc,heap        ] GC(539) Humongous regions: 0->0
[52.667s][info][gc,metaspace   ] GC(539) Metaspace: 8624K(8896K)->8624K(8896K) NonClass: 7471K(7616K)->7471K(7616K) Class: 1153K(1280K)->1153K(1280K)
[52.667s][info][gc             ] GC(539) Pause Young (Normal) (G1 Evacuation Pause) 173M->16M(278M) 6.412ms
[52.667s][info][gc,cpu         ] GC(539) User=0.00s Sys=0.00s Real=0.01s
[52.755s][info][gc,start       ] GC(540) Pause Young (Normal) (G1 Evacuation Pause)
[52.756s][info][gc,task        ] GC(540) Using 6 workers of 33 for evacuation
[52.764s][info][gc,phases      ] GC(540)   Pre Evacuate Collection Set: 0.1ms
[52.764s][info][gc,phases      ] GC(540)   Merge Heap Roots: 0.1ms
[52.764s][info][gc,phases      ] GC(540)   Evacuate Collection Set: 7.8ms
[52.764s][info][gc,phases      ] GC(540)   Post Evacuate Collection Set: 0.3ms
[52.764s][info][gc,phases      ] GC(540)   Other: 0.1ms
[52.764s][info][gc,heap        ] GC(540) Eden regions: 157->0(153)
[52.764s][info][gc,heap        ] GC(540) Survivor regions: 9->13(21)
[52.764s][info][gc,heap        ] GC(540) Old regions: 12->12
[52.764s][info][gc,heap        ] GC(540) Archive regions: 0->0
[52.764s][info][gc,heap        ] GC(540) Humongous regions: 0->0
[52.764s][info][gc,metaspace   ] GC(540) Metaspace: 8624K(8896K)->8624K(8896K) NonClass: 7471K(7616K)->7471K(7616K) Class: 1153K(1280K)->1153K(1280K)
[52.764s][info][gc             ] GC(540) Pause Young (Normal) (G1 Evacuation Pause) 173M->20M(278M) 8.930ms
[52.764s][info][gc,cpu         ] GC(540) User=0.00s Sys=0.00s Real=0.01s
[52.867s][info][gc,start       ] GC(541) Pause Young (Normal) (G1 Evacuation Pause)
[52.867s][info][gc,task        ] GC(541) Using 6 workers of 33 for evacuation
[52.884s][info][gc,phases      ] GC(541)   Pre Evacuate Collection Set: 0.1ms
[52.884s][info][gc,phases      ] GC(541)   Merge Heap Roots: 0.1ms
[52.884s][info][gc,phases      ] GC(541)   Evacuate Collection Set: 16.4ms
[52.884s][info][gc,phases      ] GC(541)   Post Evacuate Collection Set: 0.4ms
[52.884s][info][gc,phases      ] GC(541)   Other: 0.1ms
[52.884s][info][gc,heap        ] GC(541) Eden regions: 153->0(150)
[52.884s][info][gc,heap        ] GC(541) Survivor regions: 13->16(21)
[52.884s][info][gc,heap        ] GC(541) Old regions: 12->16
[52.884s][info][gc,heap        ] GC(541) Archive regions: 0->0
[52.884s][info][gc,heap        ] GC(541) Humongous regions: 3->3
[52.884s][info][gc,metaspace   ] GC(541) Metaspace: 8624K(8896K)->8624K(8896K) NonClass: 7471K(7616K)->7471K(7616K) Class: 1153K(1280K)->1153K(1280K)
[52.884s][info][gc             ] GC(541) Pause Young (Normal) (G1 Evacuation Pause) 176M->30M(278M) 17.506ms
[52.884s][info][gc,cpu         ] GC(541) User=0.09s Sys=0.00s Real=0.02s
[52.965s][info][gc,start       ] GC(542) Pause Young (Normal) (G1 Evacuation Pause)
[52.965s][info][gc,task        ] GC(542) Using 6 workers of 33 for evacuation
[52.978s][info][gc,phases      ] GC(542)   Pre Evacuate Collection Set: 0.1ms
[52.978s][info][gc,phases      ] GC(542)   Merge Heap Roots: 0.4ms
[52.978s][info][gc,phases      ] GC(542)   Evacuate Collection Set: 11.7ms
[52.978s][info][gc,phases      ] GC(542)   Post Evacuate Collection Set: 0.3ms
[52.978s][info][gc,phases      ] GC(542)   Other: 0.1ms
[52.978s][info][gc,heap        ] GC(542) Eden regions: 150->0(164)
[52.978s][info][gc,heap        ] GC(542) Survivor regions: 16->2(21)
[52.978s][info][gc,heap        ] GC(542) Old regions: 16->31
[52.978s][info][gc,heap        ] GC(542) Archive regions: 0->0
[52.978s][info][gc,heap        ] GC(542) Humongous regions: 3->3
[52.978s][info][gc,metaspace   ] GC(542) Metaspace: 8624K(8896K)->8624K(8896K) NonClass: 7471K(7616K)->7471K(7616K) Class: 1153K(1280K)->1153K(1280K)
[52.978s][info][gc             ] GC(542) Pause Young (Normal) (G1 Evacuation Pause) 180M->31M(278M) 12.987ms
[52.978s][info][gc,cpu         ] GC(542) User=0.09s Sys=0.00s Real=0.01s
[53.064s][info][gc,start       ] GC(543) Pause Young (Normal) (G1 Evacuation Pause)
[53.064s][info][gc,task        ] GC(543) Using 6 workers of 33 for evacuation
[53.066s][info][gc,phases      ] GC(543)   Pre Evacuate Collection Set: 0.1ms
[53.066s][info][gc,phases      ] GC(543)   Merge Heap Roots: 0.1ms
[53.066s][info][gc,phases      ] GC(543)   Evacuate Collection Set: 1.1ms
[53.066s][info][gc,phases      ] GC(543)   Post Evacuate Collection Set: 0.6ms
[53.066s][info][gc,phases      ] GC(543)   Other: 0.1ms
[53.066s][info][gc,heap        ] GC(543) Eden regions: 164->0(178)
[53.066s][info][gc,heap        ] GC(543) Survivor regions: 2->2(21)
[53.066s][info][gc,heap        ] GC(543) Old regions: 31->31
[53.066s][info][gc,heap        ] GC(543) Archive regions: 0->0
[53.066s][info][gc,heap        ] GC(543) Humongous regions: 3->3
[53.067s][info][gc,metaspace   ] GC(543) Metaspace: 8624K(8896K)->8624K(8896K) NonClass: 7471K(7616K)->7471K(7616K) Class: 1153K(1280K)->1153K(1280K)
[53.067s][info][gc             ] GC(543) Pause Young (Normal) (G1 Evacuation Pause) 195M->31M(301M) 2.447ms
[53.067s][info][gc,cpu         ] GC(543) User=0.02s Sys=0.00s Real=0.00s
[53.167s][info][gc,start       ] GC(544) Pause Young (Normal) (G1 Evacuation Pause)
[53.168s][info][gc,task        ] GC(544) Using 7 workers of 33 for evacuation
[53.172s][info][gc,phases      ] GC(544)   Pre Evacuate Collection Set: 0.1ms
[53.172s][info][gc,phases      ] GC(544)   Merge Heap Roots: 0.1ms
[53.172s][info][gc,phases      ] GC(544)   Evacuate Collection Set: 3.9ms
[53.172s][info][gc,phases      ] GC(544)   Post Evacuate Collection Set: 0.3ms
[53.172s][info][gc,phases      ] GC(544)   Other: 0.1ms
[53.172s][info][gc,heap        ] GC(544) Eden regions: 178->0(174)
[53.172s][info][gc,heap        ] GC(544) Survivor regions: 2->6(23)
[53.172s][info][gc,heap        ] GC(544) Old regions: 31->31
[53.172s][info][gc,heap        ] GC(544) Archive regions: 0->0
[53.172s][info][gc,heap        ] GC(544) Humongous regions: 3->3
[53.172s][info][gc,metaspace   ] GC(544) Metaspace: 8624K(8896K)->8624K(8896K) NonClass: 7471K(7616K)->7471K(7616K) Class: 1153K(1280K)->1153K(1280K)
[53.172s][info][gc             ] GC(544) Pause Young (Normal) (G1 Evacuation Pause) 209M->35M(301M) 4.901ms
[53.172s][info][gc,cpu         ] GC(544) User=0.00s Sys=0.00s Real=0.00s
[53.260s][info][gc,start       ] GC(545) Pause Young (Normal) (G1 Evacuation Pause)
[53.260s][info][gc,task        ] GC(545) Using 7 workers of 33 for evacuation
[53.264s][info][gc,phases      ] GC(545)   Pre Evacuate Collection Set: 0.1ms
[53.264s][info][gc,phases      ] GC(545)   Merge Heap Roots: 0.1ms
[53.264s][info][gc,phases      ] GC(545)   Evacuate Collection Set: 3.2ms
[53.264s][info][gc,phases      ] GC(545)   Post Evacuate Collection Set: 0.3ms
[53.264s][info][gc,phases      ] GC(545)   Other: 0.1ms
[53.264s][info][gc,heap        ] GC(545) Eden regions: 174->0(173)
[53.264s][info][gc,heap        ] GC(545) Survivor regions: 6->7(23)
[53.265s][info][gc,heap        ] GC(545) Old regions: 31->31
[53.265s][info][gc,heap        ] GC(545) Archive regions: 0->0
[53.265s][info][gc,heap        ] GC(545) Humongous regions: 3->3
[53.265s][info][gc,metaspace   ] GC(545) Metaspace: 8624K(8896K)->8624K(8896K) NonClass: 7471K(7616K)->7471K(7616K) Class: 1153K(1280K)->1153K(1280K)
[53.265s][info][gc             ] GC(545) Pause Young (Normal) (G1 Evacuation Pause) 209M->36M(301M) 4.284ms
[53.265s][info][gc,cpu         ] GC(545) User=0.00s Sys=0.00s Real=0.01s
[53.371s][info][gc,start       ] GC(546) Pause Young (Normal) (G1 Evacuation Pause)
[53.371s][info][gc,task        ] GC(546) Using 7 workers of 33 for evacuation
[53.376s][info][gc,phases      ] GC(546)   Pre Evacuate Collection Set: 0.1ms
[53.376s][info][gc,phases      ] GC(546)   Merge Heap Roots: 0.1ms
[53.376s][info][gc,phases      ] GC(546)   Evacuate Collection Set: 4.3ms
[53.376s][info][gc,phases      ] GC(546)   Post Evacuate Collection Set: 0.3ms
[53.376s][info][gc,phases      ] GC(546)   Other: 0.1ms
[53.376s][info][gc,heap        ] GC(546) Eden regions: 173->0(172)
[53.376s][info][gc,heap        ] GC(546) Survivor regions: 7->8(23)
[53.376s][info][gc,heap        ] GC(546) Old regions: 31->31
[53.376s][info][gc,heap        ] GC(546) Archive regions: 0->0
[53.376s][info][gc,heap        ] GC(546) Humongous regions: 3->3
[53.376s][info][gc,metaspace   ] GC(546) Metaspace: 8624K(8896K)->8624K(8896K) NonClass: 7471K(7616K)->7471K(7616K) Class: 1153K(1280K)->1153K(1280K)
[53.376s][info][gc             ] GC(546) Pause Young (Normal) (G1 Evacuation Pause) 209M->37M(301M) 5.374ms
[53.376s][info][gc,cpu         ] GC(546) User=0.11s Sys=0.00s Real=0.02s
[53.476s][info][gc,start       ] GC(547) Pause Young (Normal) (G1 Evacuation Pause)
[53.476s][info][gc,task        ] GC(547) Using 7 workers of 33 for evacuation
[53.480s][info][gc,phases      ] GC(547)   Pre Evacuate Collection Set: 0.1ms
[53.480s][info][gc,phases      ] GC(547)   Merge Heap Roots: 0.1ms
[53.480s][info][gc,phases      ] GC(547)   Evacuate Collection Set: 3.7ms
[53.480s][info][gc,phases      ] GC(547)   Post Evacuate Collection Set: 0.3ms
[53.480s][info][gc,phases      ] GC(547)   Other: 0.1ms
[53.480s][info][gc,heap        ] GC(547) Eden regions: 172->0(172)
[53.480s][info][gc,heap        ] GC(547) Survivor regions: 8->8(23)
[53.480s][info][gc,heap        ] GC(547) Old regions: 31->31
[53.480s][info][gc,heap        ] GC(547) Archive regions: 0->0
[53.480s][info][gc,heap        ] GC(547) Humongous regions: 3->3
[53.480s][info][gc,metaspace   ] GC(547) Metaspace: 8624K(8896K)->8624K(8896K) NonClass: 7471K(7616K)->7471K(7616K) Class: 1153K(1280K)->1153K(1280K)
[53.480s][info][gc             ] GC(547) Pause Young (Normal) (G1 Evacuation Pause) 209M->38M(301M) 4.630ms
[53.480s][info][gc,cpu         ] GC(547) User=0.00s Sys=0.00s Real=0.00s
[53.579s][info][gc,start       ] GC(548) Pause Young (Normal) (G1 Evacuation Pause)
[53.579s][info][gc,task        ] GC(548) Using 7 workers of 33 for evacuation
[53.586s][info][gc,phases      ] GC(548)   Pre Evacuate Collection Set: 0.1ms
[53.586s][info][gc,phases      ] GC(548)   Merge Heap Roots: 0.1ms
[53.586s][info][gc,phases      ] GC(548)   Evacuate Collection Set: 6.5ms
[53.586s][info][gc,phases      ] GC(548)   Post Evacuate Collection Set: 0.3ms
[53.586s][info][gc,phases      ] GC(548)   Other: 0.1ms
[53.586s][info][gc,heap        ] GC(548) Eden regions: 172->0(167)
[53.586s][info][gc,heap        ] GC(548) Survivor regions: 8->13(23)
[53.586s][info][gc,heap        ] GC(548) Old regions: 31->31
[53.586s][info][gc,heap        ] GC(548) Archive regions: 0->0
[53.586s][info][gc,heap        ] GC(548) Humongous regions: 3->3
[53.587s][info][gc,metaspace   ] GC(548) Metaspace: 8624K(8896K)->8624K(8896K) NonClass: 7471K(7616K)->7471K(7616K) Class: 1153K(1280K)->1153K(1280K)
[53.587s][info][gc             ] GC(548) Pause Young (Normal) (G1 Evacuation Pause) 210M->43M(301M) 7.464ms
[53.587s][info][gc,cpu         ] GC(548) User=0.00s Sys=0.00s Real=0.00s
[53.669s][info][gc,start       ] GC(549) Pause Young (Normal) (G1 Evacuation Pause)
[53.670s][info][gc,task        ] GC(549) Using 7 workers of 33 for evacuation
[53.677s][info][gc,phases      ] GC(549)   Pre Evacuate Collection Set: 0.1ms
[53.677s][info][gc,phases      ] GC(549)   Merge Heap Roots: 0.1ms
[53.677s][info][gc,phases      ] GC(549)   Evacuate Collection Set: 7.3ms
[53.677s][info][gc,phases      ] GC(549)   Post Evacuate Collection Set: 0.3ms
[53.677s][info][gc,phases      ] GC(549)   Other: 0.1ms
[53.678s][info][gc,heap        ] GC(549) Eden regions: 167->0(166)
[53.678s][info][gc,heap        ] GC(549) Survivor regions: 13->14(23)
[53.678s][info][gc,heap        ] GC(549) Old regions: 31->32
[53.678s][info][gc,heap        ] GC(549) Archive regions: 0->0
[53.678s][info][gc,heap        ] GC(549) Humongous regions: 3->3
[53.678s][info][gc,metaspace   ] GC(549) Metaspace: 8624K(8896K)->8624K(8896K) NonClass: 7471K(7616K)->7471K(7616K) Class: 1153K(1280K)->1153K(1280K)
[53.678s][info][gc             ] GC(549) Pause Young (Normal) (G1 Evacuation Pause) 210M->43M(301M) 8.273ms
[53.678s][info][gc,cpu         ] GC(549) User=0.00s Sys=0.00s Real=0.00s
[53.763s][info][gc,start       ] GC(550) Pause Young (Normal) (G1 Evacuation Pause)
[53.763s][info][gc,task        ] GC(550) Using 7 workers of 33 for evacuation
[53.771s][info][gc,phases      ] GC(550)   Pre Evacuate Collection Set: 0.1ms
[53.771s][info][gc,phases      ] GC(550)   Merge Heap Roots: 0.1ms
[53.771s][info][gc,phases      ] GC(550)   Evacuate Collection Set: 7.4ms
[53.771s][info][gc,phases      ] GC(550)   Post Evacuate Collection Set: 0.3ms
[53.771s][info][gc,phases      ] GC(550)   Other: 0.1ms
[53.771s][info][gc,heap        ] GC(550) Eden regions: 166->0(170)
[53.771s][info][gc,heap        ] GC(550) Survivor regions: 14->10(23)
[53.771s][info][gc,heap        ] GC(550) Old regions: 32->36
[53.771s][info][gc,heap        ] GC(550) Archive regions: 0->0
[53.771s][info][gc,heap        ] GC(550) Humongous regions: 3->3
[53.771s][info][gc,metaspace   ] GC(550) Metaspace: 8624K(8896K)->8624K(8896K) NonClass: 7471K(7616K)->7471K(7616K) Class: 1153K(1280K)->1153K(1280K)
[53.771s][info][gc             ] GC(550) Pause Young (Normal) (G1 Evacuation Pause) 209M->44M(301M) 8.421ms
[53.771s][info][gc,cpu         ] GC(550) User=0.00s Sys=0.00s Real=0.00s
[53.881s][info][gc,start       ] GC(551) Pause Young (Normal) (G1 Evacuation Pause)
[53.881s][info][gc,task        ] GC(551) Using 7 workers of 33 for evacuation
[53.887s][info][gc,phases      ] GC(551)   Pre Evacuate Collection Set: 0.1ms
[53.887s][info][gc,phases      ] GC(551)   Merge Heap Roots: 0.1ms
[53.887s][info][gc,phases      ] GC(551)   Evacuate Collection Set: 4.8ms
[53.887s][info][gc,phases      ] GC(551)   Post Evacuate Collection Set: 0.3ms
[53.887s][info][gc,phases      ] GC(551)   Other: 0.1ms
[53.887s][info][gc,heap        ] GC(551) Eden regions: 170->0(170)
[53.887s][info][gc,heap        ] GC(551) Survivor regions: 10->10(23)
[53.887s][info][gc,heap        ] GC(551) Old regions: 36->36
[53.887s][info][gc,heap        ] GC(551) Archive regions: 0->0
[53.887s][info][gc,heap        ] GC(551) Humongous regions: 3->3
[53.887s][info][gc,metaspace   ] GC(551) Metaspace: 8624K(8896K)->8624K(8896K) NonClass: 7471K(7616K)->7471K(7616K) Class: 1153K(1280K)->1153K(1280K)
[53.887s][info][gc             ] GC(551) Pause Young (Normal) (G1 Evacuation Pause) 214M->44M(301M) 5.945ms
[53.887s][info][gc,cpu         ] GC(551) User=0.03s Sys=0.00s Real=0.02s
[53.986s][info][gc,start       ] GC(552) Pause Young (Normal) (G1 Evacuation Pause)
[53.987s][info][gc,task        ] GC(552) Using 7 workers of 33 for evacuation
[53.992s][info][gc,phases      ] GC(552)   Pre Evacuate Collection Set: 0.1ms
[53.992s][info][gc,phases      ] GC(552)   Merge Heap Roots: 0.1ms
[53.992s][info][gc,phases      ] GC(552)   Evacuate Collection Set: 4.7ms
[53.992s][info][gc,phases      ] GC(552)   Post Evacuate Collection Set: 0.3ms
[53.992s][info][gc,phases      ] GC(552)   Other: 0.1ms
[53.992s][info][gc,heap        ] GC(552) Eden regions: 170->0(170)
[53.992s][info][gc,heap        ] GC(552) Survivor regions: 10->10(23)
[53.992s][info][gc,heap        ] GC(552) Old regions: 36->36
[53.992s][info][gc,heap        ] GC(552) Archive regions: 0->0
[53.992s][info][gc,heap        ] GC(552) Humongous regions: 3->3
[53.992s][info][gc,metaspace   ] GC(552) Metaspace: 8624K(8896K)->8624K(8896K) NonClass: 7471K(7616K)->7471K(7616K) Class: 1153K(1280K)->1153K(1280K)
[53.992s][info][gc             ] GC(552) Pause Young (Normal) (G1 Evacuation Pause) 214M->45M(301M) 5.845ms
[53.992s][info][gc,cpu         ] GC(552) User=0.00s Sys=0.00s Real=0.00s
[54.081s][info][gc,start       ] GC(553) Pause Young (Normal) (G1 Evacuation Pause)
[54.081s][info][gc,task        ] GC(553) Using 7 workers of 33 for evacuation
[54.087s][info][gc,phases      ] GC(553)   Pre Evacuate Collection Set: 0.1ms
[54.087s][info][gc,phases      ] GC(553)   Merge Heap Roots: 0.1ms
[54.087s][info][gc,phases      ] GC(553)   Evacuate Collection Set: 5.2ms
[54.087s][info][gc,phases      ] GC(553)   Post Evacuate Collection Set: 0.3ms
[54.087s][info][gc,phases      ] GC(553)   Other: 0.1ms
[54.087s][info][gc,heap        ] GC(553) Eden regions: 170->0(169)
[54.087s][info][gc,heap        ] GC(553) Survivor regions: 10->11(23)
[54.087s][info][gc,heap        ] GC(553) Old regions: 36->36
[54.087s][info][gc,heap        ] GC(553) Archive regions: 0->0
[54.087s][info][gc,heap        ] GC(553) Humongous regions: 3->3
[54.087s][info][gc,metaspace   ] GC(553) Metaspace: 8624K(8896K)->8624K(8896K) NonClass: 7471K(7616K)->7471K(7616K) Class: 1153K(1280K)->1153K(1280K)
[54.088s][info][gc             ] GC(553) Pause Young (Normal) (G1 Evacuation Pause) 215M->46M(301M) 6.213ms
[54.088s][info][gc,cpu         ] GC(553) User=0.00s Sys=0.00s Real=0.00s
[54.172s][info][gc,start       ] GC(554) Pause Young (Normal) (G1 Evacuation Pause)
[54.172s][info][gc,task        ] GC(554) Using 7 workers of 33 for evacuation
[54.179s][info][gc,phases      ] GC(554)   Pre Evacuate Collection Set: 0.1ms
[54.179s][info][gc,phases      ] GC(554)   Merge Heap Roots: 0.1ms
[54.179s][info][gc,phases      ] GC(554)   Evacuate Collection Set: 6.4ms
[54.179s][info][gc,phases      ] GC(554)   Post Evacuate Collection Set: 0.3ms
[54.179s][info][gc,phases      ] GC(554)   Other: 0.1ms
[54.179s][info][gc,heap        ] GC(554) Eden regions: 169->0(168)
[54.179s][info][gc,heap        ] GC(554) Survivor regions: 11->12(23)
[54.179s][info][gc,heap        ] GC(554) Old regions: 36->36
[54.179s][info][gc,heap        ] GC(554) Archive regions: 0->0
[54.179s][info][gc,heap        ] GC(554) Humongous regions: 3->3
[54.179s][info][gc,metaspace   ] GC(554) Metaspace: 8624K(8896K)->8624K(8896K) NonClass: 7471K(7616K)->7471K(7616K) Class: 1153K(1280K)->1153K(1280K)
[54.179s][info][gc             ] GC(554) Pause Young (Normal) (G1 Evacuation Pause) 215M->46M(301M) 7.424ms
[54.179s][info][gc,cpu         ] GC(554) User=0.00s Sys=0.00s Real=0.00s
[54.333s][info][gc,start       ] GC(555) Pause Young (Normal) (G1 Evacuation Pause)
[54.333s][info][gc,task        ] GC(555) Using 7 workers of 33 for evacuation
[54.357s][info][gc,phases      ] GC(555)   Pre Evacuate Collection Set: 0.1ms
[54.357s][info][gc,phases      ] GC(555)   Merge Heap Roots: 0.2ms
[54.357s][info][gc,phases      ] GC(555)   Evacuate Collection Set: 22.4ms
[54.357s][info][gc,phases      ] GC(555)   Post Evacuate Collection Set: 0.3ms
[54.357s][info][gc,phases      ] GC(555)   Other: 0.1ms
[54.357s][info][gc,heap        ] GC(555) Eden regions: 168->0(157)
[54.357s][info][gc,heap        ] GC(555) Survivor regions: 12->23(23)
[54.357s][info][gc,heap        ] GC(555) Old regions: 36->47
[54.357s][info][gc,heap        ] GC(555) Archive regions: 0->0
[54.357s][info][gc,heap        ] GC(555) Humongous regions: 10->10
[54.357s][info][gc,metaspace   ] GC(555) Metaspace: 8625K(8896K)->8625K(8896K) NonClass: 7471K(7616K)->7471K(7616K) Class: 1153K(1280K)->1153K(1280K)
[54.357s][info][gc             ] GC(555) Pause Young (Normal) (G1 Evacuation Pause) 221M->75M(301M) 23.640ms
[54.357s][info][gc,cpu         ] GC(555) User=0.11s Sys=0.00s Real=0.02s
[54.667s][info][gc,start       ] GC(556) Pause Full (System.gc())
[54.667s][info][gc,task        ] GC(556) Using 7 workers of 33 for full compaction
[54.668s][info][gc,phases,start] GC(556) Phase 1: Mark live objects
[54.671s][info][gc,phases      ] GC(556) Phase 1: Mark live objects 3.511ms
[54.671s][info][gc,phases,start] GC(556) Phase 2: Prepare compaction
[54.672s][info][gc,phases      ] GC(556) Phase 2: Prepare compaction 1.127ms
[54.673s][info][gc,phases,start] GC(556) Phase 3: Adjust pointers
[54.675s][info][gc,phases      ] GC(556) Phase 3: Adjust pointers 2.667ms
[54.675s][info][gc,phases,start] GC(556) Phase 4: Compact heap
[54.676s][info][gc,phases      ] GC(556) Phase 4: Compact heap 0.788ms
[54.679s][info][gc,heap        ] GC(556) Eden regions: 69->0(5)
[54.679s][info][gc,heap        ] GC(556) Survivor regions: 23->0(23)
[54.679s][info][gc,heap        ] GC(556) Old regions: 47->6
[54.679s][info][gc,heap        ] GC(556) Archive regions: 0->0
[54.679s][info][gc,heap        ] GC(556) Humongous regions: 22->0
[54.679s][info][gc,metaspace   ] GC(556) Metaspace: 8626K(8896K)->8626K(8896K) NonClass: 7472K(7616K)->7472K(7616K) Class: 1153K(1280K)->1153K(1280K)
[54.679s][info][gc             ] GC(556) Pause Full (System.gc()) 156M->3M(20M) 11.844ms
[54.679s][info][gc,cpu         ] GC(556) User=0.03s Sys=0.00s Real=0.01s
[54.682s][info][gc,start       ] GC(557) Pause Young (Normal) (G1 Evacuation Pause)
[54.682s][info][gc,task        ] GC(557) Using 4 workers of 33 for evacuation
[54.683s][info][gc,phases      ] GC(557)   Pre Evacuate Collection Set: 0.0ms
[54.683s][info][gc,phases      ] GC(557)   Merge Heap Roots: 0.1ms
[54.683s][info][gc,phases      ] GC(557)   Evacuate Collection Set: 0.2ms
[54.683s][info][gc,phases      ] GC(557)   Post Evacuate Collection Set: 0.2ms
[54.683s][info][gc,phases      ] GC(557)   Other: 0.1ms
[54.683s][info][gc,heap        ] GC(557) Eden regions: 5->0(5)
[54.683s][info][gc,heap        ] GC(557) Survivor regions: 0->1(1)
[54.683s][info][gc,heap        ] GC(557) Old regions: 6->7
[54.683s][info][gc,heap        ] GC(557) Archive regions: 0->0
[54.683s][info][gc,heap        ] GC(557) Humongous regions: 0->0
[54.683s][info][gc,metaspace   ] GC(557) Metaspace: 8629K(8896K)->8629K(8896K) NonClass: 7476K(7616K)->7476K(7616K) Class: 1153K(1280K)->1153K(1280K)
[54.683s][info][gc             ] GC(557) Pause Young (Normal) (G1 Evacuation Pause) 8M->5M(20M) 1.024ms
[54.683s][info][gc,cpu         ] GC(557) User=0.00s Sys=0.00s Real=0.00s
[54.686s][info][gc,start       ] GC(558) Pause Young (Normal) (G1 Evacuation Pause)
[54.687s][info][gc,task        ] GC(558) Using 3 workers of 33 for evacuation
[54.688s][info][gc,phases      ] GC(558)   Pre Evacuate Collection Set: 0.0ms
[54.688s][info][gc,phases      ] GC(558)   Merge Heap Roots: 0.0ms
[54.688s][info][gc,phases      ] GC(558)   Evacuate Collection Set: 0.4ms
[54.688s][info][gc,phases      ] GC(558)   Post Evacuate Collection Set: 1.2ms
[54.688s][info][gc,phases      ] GC(558)   Other: 0.1ms
[54.688s][info][gc,heap        ] GC(558) Eden regions: 5->0(158)
[54.688s][info][gc,heap        ] GC(558) Survivor regions: 1->1(1)
[54.688s][info][gc,heap        ] GC(558) Old regions: 7->7
[54.688s][info][gc,heap        ] GC(558) Archive regions: 0->0
[54.688s][info][gc,heap        ] GC(558) Humongous regions: 0->0
[54.689s][info][gc,metaspace   ] GC(558) Metaspace: 8629K(8896K)->8629K(8896K) NonClass: 7476K(7616K)->7476K(7616K) Class: 1153K(1280K)->1153K(1280K)
[54.689s][info][gc             ] GC(558) Pause Young (Normal) (G1 Evacuation Pause) 10M->5M(266M) 2.120ms
[54.689s][info][gc,cpu         ] GC(558) User=0.00s Sys=0.00s Real=0.00s
[54.787s][info][gc,start       ] GC(559) Pause Young (Normal) (G1 Evacuation Pause)
[54.787s][info][gc,task        ] GC(559) Using 6 workers of 33 for evacuation
[54.788s][info][gc,phases      ] GC(559)   Pre Evacuate Collection Set: 0.1ms
[54.788s][info][gc,phases      ] GC(559)   Merge Heap Roots: 0.1ms
[54.788s][info][gc,phases      ] GC(559)   Evacuate Collection Set: 0.8ms
[54.788s][info][gc,phases      ] GC(559)   Post Evacuate Collection Set: 0.3ms
[54.788s][info][gc,phases      ] GC(559)   Other: 0.1ms
[54.788s][info][gc,heap        ] GC(559) Eden regions: 158->0(158)
[54.788s][info][gc,heap        ] GC(559) Survivor regions: 1->1(20)
[54.788s][info][gc,heap        ] GC(559) Old regions: 7->7
[54.788s][info][gc,heap        ] GC(559) Archive regions: 0->0
[54.788s][info][gc,heap        ] GC(559) Humongous regions: 0->0
[54.789s][info][gc,metaspace   ] GC(559) Metaspace: 8629K(8896K)->8629K(8896K) NonClass: 7476K(7616K)->7476K(7616K) Class: 1153K(1280K)->1153K(1280K)
[54.789s][info][gc             ] GC(559) Pause Young (Normal) (G1 Evacuation Pause) 163M->4M(266M) 1.877ms
[54.789s][info][gc,cpu         ] GC(559) User=0.00s Sys=0.00s Real=0.00s
[54.883s][info][gc,start       ] GC(560) Pause Young (Normal) (G1 Evacuation Pause)
[54.883s][info][gc,task        ] GC(560) Using 6 workers of 33 for evacuation
[54.885s][info][gc,phases      ] GC(560)   Pre Evacuate Collection Set: 0.1ms
[54.885s][info][gc,phases      ] GC(560)   Merge Heap Roots: 0.1ms
[54.885s][info][gc,phases      ] GC(560)   Evacuate Collection Set: 1.0ms
[54.885s][info][gc,phases      ] GC(560)   Post Evacuate Collection Set: 0.3ms
[54.885s][info][gc,phases      ] GC(560)   Other: 0.1ms
[54.885s][info][gc,heap        ] GC(560) Eden regions: 158->0(157)
[54.885s][info][gc,heap        ] GC(560) Survivor regions: 1->2(20)
[54.885s][info][gc,heap        ] GC(560) Old regions: 7->7
[54.885s][info][gc,heap        ] GC(560) Archive regions: 0->0
[54.885s][info][gc,heap        ] GC(560) Humongous regions: 0->0
[54.885s][info][gc,metaspace   ] GC(560) Metaspace: 8629K(8896K)->8629K(8896K) NonClass: 7476K(7616K)->7476K(7616K) Class: 1153K(1280K)->1153K(1280K)
[54.885s][info][gc             ] GC(560) Pause Young (Normal) (G1 Evacuation Pause) 162M->5M(266M) 2.090ms
[54.886s][info][gc,cpu         ] GC(560) User=0.02s Sys=0.00s Real=0.02s
[54.970s][info][gc,start       ] GC(561) Pause Young (Normal) (G1 Evacuation Pause)
[54.970s][info][gc,task        ] GC(561) Using 6 workers of 33 for evacuation
[54.972s][info][gc,phases      ] GC(561)   Pre Evacuate Collection Set: 0.1ms
[54.972s][info][gc,phases      ] GC(561)   Merge Heap Roots: 0.1ms
[54.972s][info][gc,phases      ] GC(561)   Evacuate Collection Set: 1.6ms
[54.972s][info][gc,phases      ] GC(561)   Post Evacuate Collection Set: 0.3ms
[54.972s][info][gc,phases      ] GC(561)   Other: 0.1ms
[54.972s][info][gc,heap        ] GC(561) Eden regions: 157->0(157)
[54.972s][info][gc,heap        ] GC(561) Survivor regions: 2->2(20)
[54.972s][info][gc,heap        ] GC(561) Old regions: 7->7
[54.972s][info][gc,heap        ] GC(561) Archive regions: 0->0
[54.972s][info][gc,heap        ] GC(561) Humongous regions: 0->0
[54.972s][info][gc,metaspace   ] GC(561) Metaspace: 8629K(8896K)->8629K(8896K) NonClass: 7476K(7616K)->7476K(7616K) Class: 1153K(1280K)->1153K(1280K)
[54.972s][info][gc             ] GC(561) Pause Young (Normal) (G1 Evacuation Pause) 162M->6M(266M) 2.649ms
[54.972s][info][gc,cpu         ] GC(561) User=0.00s Sys=0.00s Real=0.00s
[55.050s][info][gc,start       ] GC(562) Pause Young (Normal) (G1 Evacuation Pause)
[55.050s][info][gc,task        ] GC(562) Using 6 workers of 33 for evacuation
[55.052s][info][gc,phases      ] GC(562)   Pre Evacuate Collection Set: 0.1ms
[55.052s][info][gc,phases      ] GC(562)   Merge Heap Roots: 0.1ms
[55.052s][info][gc,phases      ] GC(562)   Evacuate Collection Set: 1.9ms
[55.052s][info][gc,phases      ] GC(562)   Post Evacuate Collection Set: 0.3ms
[55.052s][info][gc,phases      ] GC(562)   Other: 0.1ms
[55.052s][info][gc,heap        ] GC(562) Eden regions: 157->0(156)
[55.052s][info][gc,heap        ] GC(562) Survivor regions: 2->3(20)
[55.052s][info][gc,heap        ] GC(562) Old regions: 7->7
[55.052s][info][gc,heap        ] GC(562) Archive regions: 0->0
[55.052s][info][gc,heap        ] GC(562) Humongous regions: 0->0
[55.052s][info][gc,metaspace   ] GC(562) Metaspace: 8629K(8896K)->8629K(8896K) NonClass: 7476K(7616K)->7476K(7616K) Class: 1153K(1280K)->1153K(1280K)
[55.052s][info][gc             ] GC(562) Pause Young (Normal) (G1 Evacuation Pause) 163M->6M(266M) 2.826ms
[55.052s][info][gc,cpu         ] GC(562) User=0.00s Sys=0.00s Real=0.00s
[55.131s][info][gc,start       ] GC(563) Pause Young (Normal) (G1 Evacuation Pause)
[55.131s][info][gc,task        ] GC(563) Using 6 workers of 33 for evacuation
[55.133s][info][gc,phases      ] GC(563)   Pre Evacuate Collection Set: 0.1ms
[55.134s][info][gc,phases      ] GC(563)   Merge Heap Roots: 0.1ms
[55.134s][info][gc,phases      ] GC(563)   Evacuate Collection Set: 2.3ms
[55.134s][info][gc,phases      ] GC(563)   Post Evacuate Collection Set: 0.3ms
[55.134s][info][gc,phases      ] GC(563)   Other: 0.1ms
[55.134s][info][gc,heap        ] GC(563) Eden regions: 156->0(156)
[55.134s][info][gc,heap        ] GC(563) Survivor regions: 3->3(20)
[55.134s][info][gc,heap        ] GC(563) Old regions: 7->7
[55.134s][info][gc,heap        ] GC(563) Archive regions: 0->0
[55.134s][info][gc,heap        ] GC(563) Humongous regions: 0->0
[55.134s][info][gc,metaspace   ] GC(563) Metaspace: 8629K(8896K)->8629K(8896K) NonClass: 7476K(7616K)->7476K(7616K) Class: 1153K(1280K)->1153K(1280K)
[55.134s][info][gc             ] GC(563) Pause Young (Normal) (G1 Evacuation Pause) 162M->7M(266M) 3.293ms
[55.134s][info][gc,cpu         ] GC(563) User=0.00s Sys=0.00s Real=0.00s
[55.217s][info][gc,start       ] GC(564) Pause Young (Normal) (G1 Evacuation Pause)
[55.240s][info][gc,task        ] GC(564) Using 6 workers of 33 for evacuation
[55.243s][info][gc,phases      ] GC(564)   Pre Evacuate Collection Set: 0.1ms
[55.243s][info][gc,phases      ] GC(564)   Merge Heap Roots: 0.1ms
[55.243s][info][gc,phases      ] GC(564)   Evacuate Collection Set: 2.7ms
[55.243s][info][gc,phases      ] GC(564)   Post Evacuate Collection Set: 0.3ms
[55.243s][info][gc,phases      ] GC(564)   Other: 0.1ms
[55.243s][info][gc,heap        ] GC(564) Eden regions: 156->0(155)
[55.243s][info][gc,heap        ] GC(564) Survivor regions: 3->4(20)
[55.243s][info][gc,heap        ] GC(564) Old regions: 7->7
[55.243s][info][gc,heap        ] GC(564) Archive regions: 0->0
[55.243s][info][gc,heap        ] GC(564) Humongous regions: 0->0
[55.244s][info][gc,metaspace   ] GC(564) Metaspace: 8629K(8896K)->8629K(8896K) NonClass: 7476K(7616K)->7476K(7616K) Class: 1153K(1280K)->1153K(1280K)
[55.244s][info][gc             ] GC(564) Pause Young (Normal) (G1 Evacuation Pause) 163M->7M(266M) 26.297ms
[55.244s][info][gc,cpu         ] GC(564) User=0.00s Sys=0.00s Real=0.02s
[55.331s][info][gc,start       ] GC(565) Pause Young (Normal) (G1 Evacuation Pause)
[55.331s][info][gc,task        ] GC(565) Using 6 workers of 33 for evacuation
[55.334s][info][gc,phases      ] GC(565)   Pre Evacuate Collection Set: 0.1ms
[55.334s][info][gc,phases      ] GC(565)   Merge Heap Roots: 0.1ms
[55.334s][info][gc,phases      ] GC(565)   Evacuate Collection Set: 2.8ms
[55.334s][info][gc,phases      ] GC(565)   Post Evacuate Collection Set: 0.3ms
[55.334s][info][gc,phases      ] GC(565)   Other: 0.1ms
[55.334s][info][gc,heap        ] GC(565) Eden regions: 155->0(155)
[55.335s][info][gc,heap        ] GC(565) Survivor regions: 4->4(20)
[55.335s][info][gc,heap        ] GC(565) Old regions: 7->7
[55.335s][info][gc,heap        ] GC(565) Archive regions: 0->0
[55.335s][info][gc,heap        ] GC(565) Humongous regions: 0->0
[55.335s][info][gc,metaspace   ] GC(565) Metaspace: 8629K(8896K)->8629K(8896K) NonClass: 7476K(7616K)->7476K(7616K) Class: 1153K(1280K)->1153K(1280K)
[55.335s][info][gc             ] GC(565) Pause Young (Normal) (G1 Evacuation Pause) 162M->8M(266M) 3.717ms
[55.335s][info][gc,cpu         ] GC(565) User=0.00s Sys=0.00s Real=0.00s
[55.426s][info][gc,start       ] GC(566) Pause Young (Normal) (G1 Evacuation Pause)
[55.426s][info][gc,task        ] GC(566) Using 6 workers of 33 for evacuation
[55.430s][info][gc,phases      ] GC(566)   Pre Evacuate Collection Set: 0.1ms
[55.430s][info][gc,phases      ] GC(566)   Merge Heap Roots: 0.1ms
[55.430s][info][gc,phases      ] GC(566)   Evacuate Collection Set: 3.6ms
[55.430s][info][gc,phases      ] GC(566)   Post Evacuate Collection Set: 0.3ms
[55.430s][info][gc,phases      ] GC(566)   Other: 0.1ms
[55.430s][info][gc,heap        ] GC(566) Eden regions: 155->0(154)
[55.430s][info][gc,heap        ] GC(566) Survivor regions: 4->5(20)
[55.431s][info][gc,heap        ] GC(566) Old regions: 7->7
[55.431s][info][gc,heap        ] GC(566) Archive regions: 0->0
[55.431s][info][gc,heap        ] GC(566) Humongous regions: 0->0
[55.431s][info][gc,metaspace   ] GC(566) Metaspace: 8629K(8896K)->8629K(8896K) NonClass: 7476K(7616K)->7476K(7616K) Class: 1153K(1280K)->1153K(1280K)
[55.431s][info][gc             ] GC(566) Pause Young (Normal) (G1 Evacuation Pause) 163M->9M(266M) 4.666ms
[55.431s][info][gc,cpu         ] GC(566) User=0.00s Sys=0.00s Real=0.01s
[55.507s][info][gc,start       ] GC(567) Pause Young (Normal) (G1 Evacuation Pause)
[55.508s][info][gc,task        ] GC(567) Using 6 workers of 33 for evacuation
[55.512s][info][gc,phases      ] GC(567)   Pre Evacuate Collection Set: 0.1ms
[55.512s][info][gc,phases      ] GC(567)   Merge Heap Roots: 0.1ms
[55.512s][info][gc,phases      ] GC(567)   Evacuate Collection Set: 3.5ms
[55.512s][info][gc,phases      ] GC(567)   Post Evacuate Collection Set: 0.3ms
[55.512s][info][gc,phases      ] GC(567)   Other: 0.1ms
[55.512s][info][gc,heap        ] GC(567) Eden regions: 154->0(153)
[55.512s][info][gc,heap        ] GC(567) Survivor regions: 5->6(20)
[55.512s][info][gc,heap        ] GC(567) Old regions: 7->7
[55.512s][info][gc,heap        ] GC(567) Archive regions: 0->0
[55.512s][info][gc,heap        ] GC(567) Humongous regions: 0->0
[55.512s][info][gc,metaspace   ] GC(567) Metaspace: 8629K(8896K)->8629K(8896K) NonClass: 7476K(7616K)->7476K(7616K) Class: 1153K(1280K)->1153K(1280K)
[55.512s][info][gc             ] GC(567) Pause Young (Normal) (G1 Evacuation Pause) 163M->9M(266M) 4.597ms
[55.512s][info][gc,cpu         ] GC(567) User=0.02s Sys=0.00s Real=0.02s
[55.601s][info][gc,start       ] GC(568) Pause Young (Normal) (G1 Evacuation Pause)
[55.601s][info][gc,task        ] GC(568) Using 6 workers of 33 for evacuation
[55.605s][info][gc,phases      ] GC(568)   Pre Evacuate Collection Set: 0.1ms
[55.605s][info][gc,phases      ] GC(568)   Merge Heap Roots: 0.1ms
[55.605s][info][gc,phases      ] GC(568)   Evacuate Collection Set: 3.6ms
[55.605s][info][gc,phases      ] GC(568)   Post Evacuate Collection Set: 0.3ms
[55.605s][info][gc,phases      ] GC(568)   Other: 0.1ms
[55.605s][info][gc,heap        ] GC(568) Eden regions: 153->0(153)
[55.605s][info][gc,heap        ] GC(568) Survivor regions: 6->6(20)
[55.605s][info][gc,heap        ] GC(568) Old regions: 7->7
[55.605s][info][gc,heap        ] GC(568) Archive regions: 0->0
[55.605s][info][gc,heap        ] GC(568) Humongous regions: 0->0
[55.605s][info][gc,metaspace   ] GC(568) Metaspace: 8629K(8896K)->8629K(8896K) NonClass: 7476K(7616K)->7476K(7616K) Class: 1153K(1280K)->1153K(1280K)
[55.605s][info][gc             ] GC(568) Pause Young (Normal) (G1 Evacuation Pause) 162M->10M(266M) 4.610ms
[55.605s][info][gc,cpu         ] GC(568) User=0.00s Sys=0.00s Real=0.00s
[55.697s][info][gc,start       ] GC(569) Pause Young (Normal) (G1 Evacuation Pause)
[55.697s][info][gc,task        ] GC(569) Using 6 workers of 33 for evacuation
[55.702s][info][gc,phases      ] GC(569)   Pre Evacuate Collection Set: 0.1ms
[55.702s][info][gc,phases      ] GC(569)   Merge Heap Roots: 0.1ms
[55.702s][info][gc,phases      ] GC(569)   Evacuate Collection Set: 4.3ms
[55.702s][info][gc,phases      ] GC(569)   Post Evacuate Collection Set: 0.3ms
[55.702s][info][gc,phases      ] GC(569)   Other: 0.1ms
[55.702s][info][gc,heap        ] GC(569) Eden regions: 153->0(152)
[55.702s][info][gc,heap        ] GC(569) Survivor regions: 6->7(20)
[55.702s][info][gc,heap        ] GC(569) Old regions: 7->7
[55.702s][info][gc,heap        ] GC(569) Archive regions: 0->0
[55.702s][info][gc,heap        ] GC(569) Humongous regions: 0->0
[55.702s][info][gc,metaspace   ] GC(569) Metaspace: 8629K(8896K)->8629K(8896K) NonClass: 7476K(7616K)->7476K(7616K) Class: 1153K(1280K)->1153K(1280K)
[55.703s][info][gc             ] GC(569) Pause Young (Normal) (G1 Evacuation Pause) 163M->11M(266M) 5.389ms
[55.703s][info][gc,cpu         ] GC(569) User=0.09s Sys=0.00s Real=0.02s
[55.779s][info][gc,start       ] GC(570) Pause Young (Normal) (G1 Evacuation Pause)
[55.779s][info][gc,task        ] GC(570) Using 6 workers of 33 for evacuation
[55.784s][info][gc,phases      ] GC(570)   Pre Evacuate Collection Set: 0.1ms
[55.784s][info][gc,phases      ] GC(570)   Merge Heap Roots: 0.1ms
[55.784s][info][gc,phases      ] GC(570)   Evacuate Collection Set: 4.5ms
[55.784s][info][gc,phases      ] GC(570)   Post Evacuate Collection Set: 0.3ms
[55.784s][info][gc,phases      ] GC(570)   Other: 0.1ms
[55.784s][info][gc,heap        ] GC(570) Eden regions: 152->0(152)
[55.784s][info][gc,heap        ] GC(570) Survivor regions: 7->7(20)
[55.784s][info][gc,heap        ] GC(570) Old regions: 7->7
[55.784s][info][gc,heap        ] GC(570) Archive regions: 0->0
[55.784s][info][gc,heap        ] GC(570) Humongous regions: 0->0
[55.784s][info][gc,metaspace   ] GC(570) Metaspace: 8629K(8896K)->8629K(8896K) NonClass: 7476K(7616K)->7476K(7616K) Class: 1153K(1280K)->1153K(1280K)
[55.784s][info][gc             ] GC(570) Pause Young (Normal) (G1 Evacuation Pause) 163M->11M(266M) 5.499ms
[55.784s][info][gc,cpu         ] GC(570) User=0.00s Sys=0.00s Real=0.00s
[55.862s][info][gc,start       ] GC(571) Pause Young (Normal) (G1 Evacuation Pause)
[55.862s][info][gc,task        ] GC(571) Using 6 workers of 33 for evacuation
[55.867s][info][gc,phases      ] GC(571)   Pre Evacuate Collection Set: 0.1ms
[55.867s][info][gc,phases      ] GC(571)   Merge Heap Roots: 0.1ms
[55.867s][info][gc,phases      ] GC(571)   Evacuate Collection Set: 4.9ms
[55.867s][info][gc,phases      ] GC(571)   Post Evacuate Collection Set: 0.3ms
[55.867s][info][gc,phases      ] GC(571)   Other: 0.1ms
[55.868s][info][gc,heap        ] GC(571) Eden regions: 152->0(151)
[55.868s][info][gc,heap        ] GC(571) Survivor regions: 7->8(20)
[55.868s][info][gc,heap        ] GC(571) Old regions: 7->7
[55.868s][info][gc,heap        ] GC(571) Archive regions: 0->0
[55.868s][info][gc,heap        ] GC(571) Humongous regions: 0->0
[55.868s][info][gc,metaspace   ] GC(571) Metaspace: 8629K(8896K)->8629K(8896K) NonClass: 7476K(7616K)->7476K(7616K) Class: 1153K(1280K)->1153K(1280K)
[55.868s][info][gc             ] GC(571) Pause Young (Normal) (G1 Evacuation Pause) 163M->12M(266M) 5.899ms
[55.868s][info][gc,cpu         ] GC(571) User=0.00s Sys=0.00s Real=0.00s
[55.951s][info][gc,start       ] GC(572) Pause Young (Normal) (G1 Evacuation Pause)
[55.951s][info][gc,task        ] GC(572) Using 6 workers of 33 for evacuation
[55.957s][info][gc,phases      ] GC(572)   Pre Evacuate Collection Set: 0.1ms
[55.957s][info][gc,phases      ] GC(572)   Merge Heap Roots: 0.1ms
[55.957s][info][gc,phases      ] GC(572)   Evacuate Collection Set: 5.4ms
[55.957s][info][gc,phases      ] GC(572)   Post Evacuate Collection Set: 0.3ms
[55.957s][info][gc,phases      ] GC(572)   Other: 0.1ms
[55.957s][info][gc,heap        ] GC(572) Eden regions: 151->0(150)
[55.957s][info][gc,heap        ] GC(572) Survivor regions: 8->9(20)
[55.957s][info][gc,heap        ] GC(572) Old regions: 7->7
[55.958s][info][gc,heap        ] GC(572) Archive regions: 0->0
[55.958s][info][gc,heap        ] GC(572) Humongous regions: 0->0
[55.958s][info][gc,metaspace   ] GC(572) Metaspace: 8629K(8896K)->8629K(8896K) NonClass: 7476K(7616K)->7476K(7616K) Class: 1153K(1280K)->1153K(1280K)
[55.958s][info][gc             ] GC(572) Pause Young (Normal) (G1 Evacuation Pause) 163M->12M(266M) 6.462ms
[55.958s][info][gc,cpu         ] GC(572) User=0.09s Sys=0.00s Real=0.01s
[56.035s][info][gc,start       ] GC(573) Pause Young (Normal) (G1 Evacuation Pause)
[56.035s][info][gc,task        ] GC(573) Using 6 workers of 33 for evacuation
[56.041s][info][gc,phases      ] GC(573)   Pre Evacuate Collection Set: 0.1ms
[56.041s][info][gc,phases      ] GC(573)   Merge Heap Roots: 0.1ms
[56.041s][info][gc,phases      ] GC(573)   Evacuate Collection Set: 5.4ms
[56.041s][info][gc,phases      ] GC(573)   Post Evacuate Collection Set: 0.3ms
[56.041s][info][gc,phases      ] GC(573)   Other: 0.1ms
[56.041s][info][gc,heap        ] GC(573) Eden regions: 150->0(150)
[56.041s][info][gc,heap        ] GC(573) Survivor regions: 9->9(20)
[56.041s][info][gc,heap        ] GC(573) Old regions: 7->7
[56.041s][info][gc,heap        ] GC(573) Archive regions: 0->0
[56.041s][info][gc,heap        ] GC(573) Humongous regions: 0->0
[56.041s][info][gc,metaspace   ] GC(573) Metaspace: 8629K(8896K)->8629K(8896K) NonClass: 7476K(7616K)->7476K(7616K) Class: 1153K(1280K)->1153K(1280K)
[56.041s][info][gc             ] GC(573) Pause Young (Normal) (G1 Evacuation Pause) 162M->12M(266M) 6.463ms
[56.041s][info][gc,cpu         ] GC(573) User=0.00s Sys=0.00s Real=0.00s
[56.128s][info][gc,start       ] GC(574) Pause Young (Normal) (G1 Evacuation Pause)
[56.128s][info][gc,task        ] GC(574) Using 6 workers of 33 for evacuation
[56.136s][info][gc,phases      ] GC(574)   Pre Evacuate Collection Set: 0.1ms
[56.136s][info][gc,phases      ] GC(574)   Merge Heap Roots: 0.1ms
[56.136s][info][gc,phases      ] GC(574)   Evacuate Collection Set: 7.7ms
[56.136s][info][gc,phases      ] GC(574)   Post Evacuate Collection Set: 0.3ms
[56.136s][info][gc,phases      ] GC(574)   Other: 0.1ms
[56.136s][info][gc,heap        ] GC(574) Eden regions: 150->0(147)
[56.136s][info][gc,heap        ] GC(574) Survivor regions: 9->12(20)
[56.136s][info][gc,heap        ] GC(574) Old regions: 7->7
[56.136s][info][gc,heap        ] GC(574) Archive regions: 0->0
[56.136s][info][gc,heap        ] GC(574) Humongous regions: 0->0
[56.136s][info][gc,metaspace   ] GC(574) Metaspace: 8629K(8896K)->8629K(8896K) NonClass: 7476K(7616K)->7476K(7616K) Class: 1153K(1280K)->1153K(1280K)
[56.136s][info][gc             ] GC(574) Pause Young (Normal) (G1 Evacuation Pause) 162M->16M(266M) 8.783ms
[56.136s][info][gc,cpu         ] GC(574) User=0.09s Sys=0.00s Real=0.01s
[56.216s][info][gc,start       ] GC(575) Pause Young (Normal) (G1 Evacuation Pause)
[56.216s][info][gc,task        ] GC(575) Using 6 workers of 33 for evacuation
[56.223s][info][gc,phases      ] GC(575)   Pre Evacuate Collection Set: 0.1ms
[56.223s][info][gc,phases      ] GC(575)   Merge Heap Roots: 0.1ms
[56.223s][info][gc,phases      ] GC(575)   Evacuate Collection Set: 6.4ms
[56.223s][info][gc,phases      ] GC(575)   Post Evacuate Collection Set: 0.3ms
[56.223s][info][gc,phases      ] GC(575)   Other: 0.1ms
[56.223s][info][gc,heap        ] GC(575) Eden regions: 147->0(153)
[56.223s][info][gc,heap        ] GC(575) Survivor regions: 12->6(20)
[56.223s][info][gc,heap        ] GC(575) Old regions: 7->12
[56.223s][info][gc,heap        ] GC(575) Archive regions: 0->0
[56.223s][info][gc,heap        ] GC(575) Humongous regions: 0->0
[56.223s][info][gc,metaspace   ] GC(575) Metaspace: 8629K(8896K)->8629K(8896K) NonClass: 7476K(7616K)->7476K(7616K) Class: 1153K(1280K)->1153K(1280K)
[56.223s][info][gc             ] GC(575) Pause Young (Normal) (G1 Evacuation Pause) 163M->14M(266M) 7.339ms
[56.223s][info][gc,cpu         ] GC(575) User=0.00s Sys=0.00s Real=0.00s
[56.300s][info][gc,start       ] GC(576) Pause Young (Normal) (G1 Evacuation Pause)
[56.300s][info][gc,task        ] GC(576) Using 6 workers of 33 for evacuation
[56.304s][info][gc,phases      ] GC(576)   Pre Evacuate Collection Set: 0.1ms
[56.304s][info][gc,phases      ] GC(576)   Merge Heap Roots: 0.1ms
[56.304s][info][gc,phases      ] GC(576)   Evacuate Collection Set: 3.7ms
[56.304s][info][gc,phases      ] GC(576)   Post Evacuate Collection Set: 0.3ms
[56.304s][info][gc,phases      ] GC(576)   Other: 0.1ms
[56.304s][info][gc,heap        ] GC(576) Eden regions: 153->0(153)
[56.305s][info][gc,heap        ] GC(576) Survivor regions: 6->6(20)
[56.305s][info][gc,heap        ] GC(576) Old regions: 12->12
[56.305s][info][gc,heap        ] GC(576) Archive regions: 0->0
[56.305s][info][gc,heap        ] GC(576) Humongous regions: 0->0
[56.305s][info][gc,metaspace   ] GC(576) Metaspace: 8629K(8896K)->8629K(8896K) NonClass: 7476K(7616K)->7476K(7616K) Class: 1153K(1280K)->1153K(1280K)
[56.305s][info][gc             ] GC(576) Pause Young (Normal) (G1 Evacuation Pause) 167M->14M(266M) 4.625ms
[56.305s][info][gc,cpu         ] GC(576) User=0.00s Sys=0.02s Real=0.02s
[56.381s][info][gc,start       ] GC(577) Pause Young (Normal) (G1 Evacuation Pause)
[56.381s][info][gc,task        ] GC(577) Using 6 workers of 33 for evacuation
[56.386s][info][gc,phases      ] GC(577)   Pre Evacuate Collection Set: 0.1ms
[56.386s][info][gc,phases      ] GC(577)   Merge Heap Roots: 0.1ms
[56.386s][info][gc,phases      ] GC(577)   Evacuate Collection Set: 4.7ms
[56.386s][info][gc,phases      ] GC(577)   Post Evacuate Collection Set: 0.3ms
[56.386s][info][gc,phases      ] GC(577)   Other: 0.1ms
[56.386s][info][gc,heap        ] GC(577) Eden regions: 153->0(152)
[56.386s][info][gc,heap        ] GC(577) Survivor regions: 6->7(20)
[56.386s][info][gc,heap        ] GC(577) Old regions: 12->12
[56.386s][info][gc,heap        ] GC(577) Archive regions: 0->0
[56.386s][info][gc,heap        ] GC(577) Humongous regions: 0->0
[56.386s][info][gc,metaspace   ] GC(577) Metaspace: 8629K(8896K)->8629K(8896K) NonClass: 7476K(7616K)->7476K(7616K) Class: 1153K(1280K)->1153K(1280K)
[56.386s][info][gc             ] GC(577) Pause Young (Normal) (G1 Evacuation Pause) 167M->14M(266M) 5.661ms
[56.386s][info][gc,cpu         ] GC(577) User=0.05s Sys=0.00s Real=0.01s
[56.485s][info][gc,start       ] GC(578) Pause Young (Normal) (G1 Evacuation Pause)
[56.486s][info][gc,task        ] GC(578) Using 6 workers of 33 for evacuation
[56.490s][info][gc,phases      ] GC(578)   Pre Evacuate Collection Set: 0.1ms
[56.490s][info][gc,phases      ] GC(578)   Merge Heap Roots: 0.1ms
[56.490s][info][gc,phases      ] GC(578)   Evacuate Collection Set: 3.7ms
[56.490s][info][gc,phases      ] GC(578)   Post Evacuate Collection Set: 0.3ms
[56.490s][info][gc,phases      ] GC(578)   Other: 0.1ms
[56.490s][info][gc,heap        ] GC(578) Eden regions: 152->0(152)
[56.490s][info][gc,heap        ] GC(578) Survivor regions: 7->7(20)
[56.490s][info][gc,heap        ] GC(578) Old regions: 12->12
[56.490s][info][gc,heap        ] GC(578) Archive regions: 0->0
[56.490s][info][gc,heap        ] GC(578) Humongous regions: 0->0
[56.490s][info][gc,metaspace   ] GC(578) Metaspace: 8629K(8896K)->8629K(8896K) NonClass: 7476K(7616K)->7476K(7616K) Class: 1153K(1280K)->1153K(1280K)
[56.490s][info][gc             ] GC(578) Pause Young (Normal) (G1 Evacuation Pause) 166M->15M(266M) 4.677ms
[56.490s][info][gc,cpu         ] GC(578) User=0.09s Sys=0.00s Real=0.00s
[56.580s][info][gc,start       ] GC(579) Pause Young (Normal) (G1 Evacuation Pause)
[56.580s][info][gc,task        ] GC(579) Using 6 workers of 33 for evacuation
[56.585s][info][gc,phases      ] GC(579)   Pre Evacuate Collection Set: 0.1ms
[56.585s][info][gc,phases      ] GC(579)   Merge Heap Roots: 0.1ms
[56.585s][info][gc,phases      ] GC(579)   Evacuate Collection Set: 4.6ms
[56.585s][info][gc,phases      ] GC(579)   Post Evacuate Collection Set: 0.3ms
[56.585s][info][gc,phases      ] GC(579)   Other: 0.1ms
[56.585s][info][gc,heap        ] GC(579) Eden regions: 152->0(151)
[56.585s][info][gc,heap        ] GC(579) Survivor regions: 7->8(20)
[56.585s][info][gc,heap        ] GC(579) Old regions: 12->12
[56.585s][info][gc,heap        ] GC(579) Archive regions: 0->0
[56.585s][info][gc,heap        ] GC(579) Humongous regions: 0->0
[56.585s][info][gc,metaspace   ] GC(579) Metaspace: 8629K(8896K)->8629K(8896K) NonClass: 7476K(7616K)->7476K(7616K) Class: 1153K(1280K)->1153K(1280K)
[56.585s][info][gc             ] GC(579) Pause Young (Normal) (G1 Evacuation Pause) 167M->16M(266M) 5.536ms
[56.585s][info][gc,cpu         ] GC(579) User=0.09s Sys=0.00s Real=0.02s
[56.666s][info][gc,start       ] GC(580) Pause Young (Normal) (G1 Evacuation Pause)
[56.666s][info][gc,task        ] GC(580) Using 6 workers of 33 for evacuation
[56.672s][info][gc,phases      ] GC(580)   Pre Evacuate Collection Set: 0.1ms
[56.672s][info][gc,phases      ] GC(580)   Merge Heap Roots: 0.1ms
[56.672s][info][gc,phases      ] GC(580)   Evacuate Collection Set: 5.2ms
[56.672s][info][gc,phases      ] GC(580)   Post Evacuate Collection Set: 0.3ms
[56.672s][info][gc,phases      ] GC(580)   Other: 0.1ms
[56.672s][info][gc,heap        ] GC(580) Eden regions: 151->0(151)
[56.672s][info][gc,heap        ] GC(580) Survivor regions: 8->8(20)
[56.672s][info][gc,heap        ] GC(580) Old regions: 12->12
[56.672s][info][gc,heap        ] GC(580) Archive regions: 0->0
[56.672s][info][gc,heap        ] GC(580) Humongous regions: 0->0
[56.672s][info][gc,metaspace   ] GC(580) Metaspace: 8629K(8896K)->8629K(8896K) NonClass: 7476K(7616K)->7476K(7616K) Class: 1153K(1280K)->1153K(1280K)
[56.672s][info][gc             ] GC(580) Pause Young (Normal) (G1 Evacuation Pause) 167M->16M(266M) 6.178ms
[56.672s][info][gc,cpu         ] GC(580) User=0.00s Sys=0.00s Real=0.01s
[56.750s][info][gc,start       ] GC(581) Pause Young (Normal) (G1 Evacuation Pause)
[56.750s][info][gc,task        ] GC(581) Using 6 workers of 33 for evacuation
[56.756s][info][gc,phases      ] GC(581)   Pre Evacuate Collection Set: 0.1ms
[56.756s][info][gc,phases      ] GC(581)   Merge Heap Roots: 0.1ms
[56.756s][info][gc,phases      ] GC(581)   Evacuate Collection Set: 5.2ms
[56.756s][info][gc,phases      ] GC(581)   Post Evacuate Collection Set: 0.3ms
[56.756s][info][gc,phases      ] GC(581)   Other: 0.1ms
[56.756s][info][gc,heap        ] GC(581) Eden regions: 151->0(150)
[56.756s][info][gc,heap        ] GC(581) Survivor regions: 8->9(20)
[56.756s][info][gc,heap        ] GC(581) Old regions: 12->12
[56.756s][info][gc,heap        ] GC(581) Archive regions: 0->0
[56.756s][info][gc,heap        ] GC(581) Humongous regions: 0->0
[56.756s][info][gc,metaspace   ] GC(581) Metaspace: 8629K(8896K)->8629K(8896K) NonClass: 7476K(7616K)->7476K(7616K) Class: 1153K(1280K)->1153K(1280K)
[56.756s][info][gc             ] GC(581) Pause Young (Normal) (G1 Evacuation Pause) 167M->17M(266M) 6.182ms
[56.756s][info][gc,cpu         ] GC(581) User=0.00s Sys=0.00s Real=0.00s
[56.830s][info][gc,start       ] GC(582) Pause Young (Normal) (G1 Evacuation Pause)
[56.831s][info][gc,task        ] GC(582) Using 6 workers of 33 for evacuation
[56.837s][info][gc,phases      ] GC(582)   Pre Evacuate Collection Set: 0.1ms
[56.837s][info][gc,phases      ] GC(582)   Merge Heap Roots: 0.1ms
[56.837s][info][gc,phases      ] GC(582)   Evacuate Collection Set: 5.5ms
[56.837s][info][gc,phases      ] GC(582)   Post Evacuate Collection Set: 0.3ms
[56.837s][info][gc,phases      ] GC(582)   Other: 0.1ms
[56.837s][info][gc,heap        ] GC(582) Eden regions: 150->0(150)
[56.837s][info][gc,heap        ] GC(582) Survivor regions: 9->9(20)
[56.837s][info][gc,heap        ] GC(582) Old regions: 12->12
[56.837s][info][gc,heap        ] GC(582) Archive regions: 0->0
[56.837s][info][gc,heap        ] GC(582) Humongous regions: 0->0
[56.837s][info][gc,metaspace   ] GC(582) Metaspace: 8629K(8896K)->8629K(8896K) NonClass: 7476K(7616K)->7476K(7616K) Class: 1153K(1280K)->1153K(1280K)
[56.837s][info][gc             ] GC(582) Pause Young (Normal) (G1 Evacuation Pause) 167M->17M(266M) 6.481ms
[56.837s][info][gc,cpu         ] GC(582) User=0.00s Sys=0.00s Real=0.00s
[56.946s][info][gc,start       ] GC(583) Pause Young (Normal) (G1 Evacuation Pause)
[56.947s][info][gc,task        ] GC(583) Using 6 workers of 33 for evacuation
[56.964s][info][gc,phases      ] GC(583)   Pre Evacuate Collection Set: 0.1ms
[56.964s][info][gc,phases      ] GC(583)   Merge Heap Roots: 0.1ms
[56.964s][info][gc,phases      ] GC(583)   Evacuate Collection Set: 16.4ms
[56.964s][info][gc,phases      ] GC(583)   Post Evacuate Collection Set: 0.3ms
[56.964s][info][gc,phases      ] GC(583)   Other: 0.1ms
[56.964s][info][gc,heap        ] GC(583) Eden regions: 150->0(139)
[56.964s][info][gc,heap        ] GC(583) Survivor regions: 9->20(20)
[56.964s][info][gc,heap        ] GC(583) Old regions: 12->12
[56.964s][info][gc,heap        ] GC(583) Archive regions: 0->0
[56.964s][info][gc,heap        ] GC(583) Humongous regions: 3->3
[56.964s][info][gc,metaspace   ] GC(583) Metaspace: 8629K(8896K)->8629K(8896K) NonClass: 7476K(7616K)->7476K(7616K) Class: 1153K(1280K)->1153K(1280K)
[56.964s][info][gc             ] GC(583) Pause Young (Normal) (G1 Evacuation Pause) 170M->31M(266M) 17.473ms
[56.964s][info][gc,cpu         ] GC(583) User=0.09s Sys=0.00s Real=0.02s
[57.039s][info][gc,start       ] GC(584) Pause Young (Normal) (G1 Evacuation Pause)
[57.039s][info][gc,task        ] GC(584) Using 6 workers of 33 for evacuation
[57.055s][info][gc,phases      ] GC(584)   Pre Evacuate Collection Set: 0.1ms
[57.055s][info][gc,phases      ] GC(584)   Merge Heap Roots: 0.1ms
[57.055s][info][gc,phases      ] GC(584)   Evacuate Collection Set: 14.7ms
[57.055s][info][gc,phases      ] GC(584)   Post Evacuate Collection Set: 0.3ms
[57.055s][info][gc,phases      ] GC(584)   Other: 0.1ms
[57.055s][info][gc,heap        ] GC(584) Eden regions: 139->0(158)
[57.055s][info][gc,heap        ] GC(584) Survivor regions: 20->1(20)
[57.055s][info][gc,heap        ] GC(584) Old regions: 12->31
[57.055s][info][gc,heap        ] GC(584) Archive regions: 0->0
[57.055s][info][gc,heap        ] GC(584) Humongous regions: 3->3
[57.055s][info][gc,metaspace   ] GC(584) Metaspace: 8629K(8896K)->8629K(8896K) NonClass: 7476K(7616K)->7476K(7616K) Class: 1153K(1280K)->1153K(1280K)
[57.055s][info][gc             ] GC(584) Pause Young (Normal) (G1 Evacuation Pause) 170M->31M(266M) 15.743ms
[57.055s][info][gc,cpu         ] GC(584) User=0.09s Sys=0.00s Real=0.02s
[57.138s][info][gc,start       ] GC(585) Pause Young (Normal) (G1 Evacuation Pause)
[57.138s][info][gc,task        ] GC(585) Using 6 workers of 33 for evacuation
[57.140s][info][gc,phases      ] GC(585)   Pre Evacuate Collection Set: 0.1ms
[57.140s][info][gc,phases      ] GC(585)   Merge Heap Roots: 0.1ms
[57.140s][info][gc,phases      ] GC(585)   Evacuate Collection Set: 1.1ms
[57.140s][info][gc,phases      ] GC(585)   Post Evacuate Collection Set: 0.5ms
[57.140s][info][gc,phases      ] GC(585)   Other: 0.1ms
[57.140s][info][gc,heap        ] GC(585) Eden regions: 158->0(163)
[57.140s][info][gc,heap        ] GC(585) Survivor regions: 1->2(20)
[57.140s][info][gc,heap        ] GC(585) Old regions: 31->31
[57.140s][info][gc,heap        ] GC(585) Archive regions: 0->0
[57.140s][info][gc,heap        ] GC(585) Humongous regions: 3->3
[57.140s][info][gc,metaspace   ] GC(585) Metaspace: 8629K(8896K)->8629K(8896K) NonClass: 7476K(7616K)->7476K(7616K) Class: 1153K(1280K)->1153K(1280K)
[57.140s][info][gc             ] GC(585) Pause Young (Normal) (G1 Evacuation Pause) 189M->32M(276M) 2.259ms
[57.140s][info][gc,cpu         ] GC(585) User=0.00s Sys=0.00s Real=0.00s
[57.229s][info][gc,start       ] GC(586) Pause Young (Normal) (G1 Evacuation Pause)
[57.229s][info][gc,task        ] GC(586) Using 6 workers of 33 for evacuation
[57.234s][info][gc,phases      ] GC(586)   Pre Evacuate Collection Set: 0.1ms
[57.234s][info][gc,phases      ] GC(586)   Merge Heap Roots: 0.1ms
[57.234s][info][gc,phases      ] GC(586)   Evacuate Collection Set: 4.3ms
[57.234s][info][gc,phases      ] GC(586)   Post Evacuate Collection Set: 0.3ms
[57.234s][info][gc,phases      ] GC(586)   Other: 0.1ms
[57.234s][info][gc,heap        ] GC(586) Eden regions: 163->0(159)
[57.234s][info][gc,heap        ] GC(586) Survivor regions: 2->6(21)
[57.234s][info][gc,heap        ] GC(586) Old regions: 31->31
[57.234s][info][gc,heap        ] GC(586) Archive regions: 0->0
[57.234s][info][gc,heap        ] GC(586) Humongous regions: 3->3
[57.234s][info][gc,metaspace   ] GC(586) Metaspace: 8629K(8896K)->8629K(8896K) NonClass: 7476K(7616K)->7476K(7616K) Class: 1153K(1280K)->1153K(1280K)
[57.234s][info][gc             ] GC(586) Pause Young (Normal) (G1 Evacuation Pause) 195M->36M(276M) 5.349ms
[57.234s][info][gc,cpu         ] GC(586) User=0.00s Sys=0.00s Real=0.00s
[57.315s][info][gc,start       ] GC(587) Pause Young (Normal) (G1 Evacuation Pause)
[57.316s][info][gc,task        ] GC(587) Using 6 workers of 33 for evacuation
[57.320s][info][gc,phases      ] GC(587)   Pre Evacuate Collection Set: 0.1ms
[57.320s][info][gc,phases      ] GC(587)   Merge Heap Roots: 0.1ms
[57.320s][info][gc,phases      ] GC(587)   Evacuate Collection Set: 4.2ms
[57.320s][info][gc,phases      ] GC(587)   Post Evacuate Collection Set: 0.3ms
[57.320s][info][gc,phases      ] GC(587)   Other: 0.1ms
[57.320s][info][gc,heap        ] GC(587) Eden regions: 159->0(158)
[57.320s][info][gc,heap        ] GC(587) Survivor regions: 6->7(21)
[57.321s][info][gc,heap        ] GC(587) Old regions: 31->31
[57.321s][info][gc,heap        ] GC(587) Archive regions: 0->0
[57.321s][info][gc,heap        ] GC(587) Humongous regions: 3->3
[57.321s][info][gc,metaspace   ] GC(587) Metaspace: 8629K(8896K)->8629K(8896K) NonClass: 7476K(7616K)->7476K(7616K) Class: 1153K(1280K)->1153K(1280K)
[57.321s][info][gc             ] GC(587) Pause Young (Normal) (G1 Evacuation Pause) 195M->37M(276M) 5.187ms
[57.321s][info][gc,cpu         ] GC(587) User=0.09s Sys=0.00s Real=0.02s
[57.405s][info][gc,start       ] GC(588) Pause Young (Normal) (G1 Evacuation Pause)
[57.405s][info][gc,task        ] GC(588) Using 6 workers of 33 for evacuation
[57.410s][info][gc,phases      ] GC(588)   Pre Evacuate Collection Set: 0.1ms
[57.410s][info][gc,phases      ] GC(588)   Merge Heap Roots: 0.1ms
[57.410s][info][gc,phases      ] GC(588)   Evacuate Collection Set: 4.6ms
[57.410s][info][gc,phases      ] GC(588)   Post Evacuate Collection Set: 0.3ms
[57.410s][info][gc,phases      ] GC(588)   Other: 0.1ms
[57.411s][info][gc,heap        ] GC(588) Eden regions: 158->0(158)
[57.411s][info][gc,heap        ] GC(588) Survivor regions: 7->7(21)
[57.411s][info][gc,heap        ] GC(588) Old regions: 31->31
[57.411s][info][gc,heap        ] GC(588) Archive regions: 0->0
[57.411s][info][gc,heap        ] GC(588) Humongous regions: 3->3
[57.411s][info][gc,metaspace   ] GC(588) Metaspace: 8629K(8896K)->8629K(8896K) NonClass: 7476K(7616K)->7476K(7616K) Class: 1153K(1280K)->1153K(1280K)
[57.411s][info][gc             ] GC(588) Pause Young (Normal) (G1 Evacuation Pause) 195M->37M(276M) 5.639ms
[57.411s][info][gc,cpu         ] GC(588) User=0.00s Sys=0.00s Real=0.00s
[57.490s][info][gc,start       ] GC(589) Pause Young (Normal) (G1 Evacuation Pause)
[57.490s][info][gc,task        ] GC(589) Using 6 workers of 33 for evacuation
[57.496s][info][gc,phases      ] GC(589)   Pre Evacuate Collection Set: 0.1ms
[57.496s][info][gc,phases      ] GC(589)   Merge Heap Roots: 0.1ms
[57.496s][info][gc,phases      ] GC(589)   Evacuate Collection Set: 4.9ms
[57.496s][info][gc,phases      ] GC(589)   Post Evacuate Collection Set: 0.3ms
[57.496s][info][gc,phases      ] GC(589)   Other: 0.1ms
[57.496s][info][gc,heap        ] GC(589) Eden regions: 158->0(157)
[57.496s][info][gc,heap        ] GC(589) Survivor regions: 7->8(21)
[57.496s][info][gc,heap        ] GC(589) Old regions: 31->31
[57.496s][info][gc,heap        ] GC(589) Archive regions: 0->0
[57.496s][info][gc,heap        ] GC(589) Humongous regions: 3->3
[57.496s][info][gc,metaspace   ] GC(589) Metaspace: 8629K(8896K)->8629K(8896K) NonClass: 7476K(7616K)->7476K(7616K) Class: 1153K(1280K)->1153K(1280K)
[57.496s][info][gc             ] GC(589) Pause Young (Normal) (G1 Evacuation Pause) 195M->38M(276M) 5.927ms
[57.496s][info][gc,cpu         ] GC(589) User=0.00s Sys=0.00s Real=0.01s
[57.577s][info][gc,start       ] GC(590) Pause Young (Normal) (G1 Evacuation Pause)
[57.577s][info][gc,task        ] GC(590) Using 6 workers of 33 for evacuation
[57.583s][info][gc,phases      ] GC(590)   Pre Evacuate Collection Set: 0.1ms
[57.583s][info][gc,phases      ] GC(590)   Merge Heap Roots: 0.1ms
[57.583s][info][gc,phases      ] GC(590)   Evacuate Collection Set: 5.2ms
[57.583s][info][gc,phases      ] GC(590)   Post Evacuate Collection Set: 0.3ms
[57.583s][info][gc,phases      ] GC(590)   Other: 0.1ms
[57.583s][info][gc,heap        ] GC(590) Eden regions: 157->0(157)
[57.583s][info][gc,heap        ] GC(590) Survivor regions: 8->8(21)
[57.583s][info][gc,heap        ] GC(590) Old regions: 31->31
[57.583s][info][gc,heap        ] GC(590) Archive regions: 0->0
[57.583s][info][gc,heap        ] GC(590) Humongous regions: 3->3
[57.583s][info][gc,metaspace   ] GC(590) Metaspace: 8629K(8896K)->8629K(8896K) NonClass: 7476K(7616K)->7476K(7616K) Class: 1153K(1280K)->1153K(1280K)
[57.583s][info][gc             ] GC(590) Pause Young (Normal) (G1 Evacuation Pause) 195M->38M(276M) 6.161ms
[57.583s][info][gc,cpu         ] GC(590) User=0.00s Sys=0.00s Real=0.00s
[57.677s][info][gc,start       ] GC(591) Pause Young (Normal) (G1 Evacuation Pause)
[57.677s][info][gc,task        ] GC(591) Using 6 workers of 33 for evacuation
[57.687s][info][gc,phases      ] GC(591)   Pre Evacuate Collection Set: 0.1ms
[57.687s][info][gc,phases      ] GC(591)   Merge Heap Roots: 0.1ms
[57.687s][info][gc,phases      ] GC(591)   Evacuate Collection Set: 9.2ms
[57.687s][info][gc,phases      ] GC(591)   Post Evacuate Collection Set: 0.3ms
[57.687s][info][gc,phases      ] GC(591)   Other: 0.1ms
[57.687s][info][gc,heap        ] GC(591) Eden regions: 157->0(152)
[57.687s][info][gc,heap        ] GC(591) Survivor regions: 8->13(21)
[57.687s][info][gc,heap        ] GC(591) Old regions: 31->31
[57.687s][info][gc,heap        ] GC(591) Archive regions: 0->0
[57.687s][info][gc,heap        ] GC(591) Humongous regions: 3->3
[57.687s][info][gc,metaspace   ] GC(591) Metaspace: 8629K(8896K)->8629K(8896K) NonClass: 7476K(7616K)->7476K(7616K) Class: 1153K(1280K)->1153K(1280K)
[57.687s][info][gc             ] GC(591) Pause Young (Normal) (G1 Evacuation Pause) 195M->43M(276M) 10.302ms
[57.687s][info][gc,cpu         ] GC(591) User=0.00s Sys=0.00s Real=0.01s
[57.765s][info][gc,start       ] GC(592) Pause Young (Normal) (G1 Evacuation Pause)
[57.765s][info][gc,task        ] GC(592) Using 6 workers of 33 for evacuation
[57.774s][info][gc,phases      ] GC(592)   Pre Evacuate Collection Set: 0.1ms
[57.774s][info][gc,phases      ] GC(592)   Merge Heap Roots: 0.1ms
[57.774s][info][gc,phases      ] GC(592)   Evacuate Collection Set: 8.5ms
[57.774s][info][gc,phases      ] GC(592)   Post Evacuate Collection Set: 0.3ms
[57.774s][info][gc,phases      ] GC(592)   Other: 0.1ms
[57.774s][info][gc,heap        ] GC(592) Eden regions: 152->0(156)
[57.775s][info][gc,heap        ] GC(592) Survivor regions: 13->9(21)
[57.775s][info][gc,heap        ] GC(592) Old regions: 31->36
[57.775s][info][gc,heap        ] GC(592) Archive regions: 0->0
[57.775s][info][gc,heap        ] GC(592) Humongous regions: 3->3
[57.775s][info][gc,metaspace   ] GC(592) Metaspace: 8629K(8896K)->8629K(8896K) NonClass: 7476K(7616K)->7476K(7616K) Class: 1153K(1280K)->1153K(1280K)
[57.775s][info][gc             ] GC(592) Pause Young (Normal) (G1 Evacuation Pause) 195M->44M(276M) 9.511ms
[57.775s][info][gc,cpu         ] GC(592) User=0.09s Sys=0.00s Real=0.02s
[57.855s][info][gc,start       ] GC(593) Pause Young (Normal) (G1 Evacuation Pause)
[57.855s][info][gc,task        ] GC(593) Using 6 workers of 33 for evacuation
[57.862s][info][gc,phases      ] GC(593)   Pre Evacuate Collection Set: 0.1ms
[57.862s][info][gc,phases      ] GC(593)   Merge Heap Roots: 0.1ms
[57.862s][info][gc,phases      ] GC(593)   Evacuate Collection Set: 6.2ms
[57.862s][info][gc,phases      ] GC(593)   Post Evacuate Collection Set: 0.3ms
[57.862s][info][gc,phases      ] GC(593)   Other: 0.1ms
[57.862s][info][gc,heap        ] GC(593) Eden regions: 156->0(155)
[57.862s][info][gc,heap        ] GC(593) Survivor regions: 9->10(21)
[57.862s][info][gc,heap        ] GC(593) Old regions: 36->36
[57.862s][info][gc,heap        ] GC(593) Archive regions: 0->0
[57.862s][info][gc,heap        ] GC(593) Humongous regions: 3->3
[57.862s][info][gc,metaspace   ] GC(593) Metaspace: 8629K(8896K)->8629K(8896K) NonClass: 7476K(7616K)->7476K(7616K) Class: 1153K(1280K)->1153K(1280K)
[57.862s][info][gc             ] GC(593) Pause Young (Normal) (G1 Evacuation Pause) 200M->44M(276M) 7.201ms
[57.862s][info][gc,cpu         ] GC(593) User=0.09s Sys=0.00s Real=0.01s
[57.945s][info][gc,start       ] GC(594) Pause Young (Normal) (G1 Evacuation Pause)
[57.945s][info][gc,task        ] GC(594) Using 6 workers of 33 for evacuation
[57.952s][info][gc,phases      ] GC(594)   Pre Evacuate Collection Set: 0.1ms
[57.952s][info][gc,phases      ] GC(594)   Merge Heap Roots: 0.1ms
[57.952s][info][gc,phases      ] GC(594)   Evacuate Collection Set: 6.5ms
[57.952s][info][gc,phases      ] GC(594)   Post Evacuate Collection Set: 0.3ms
[57.952s][info][gc,phases      ] GC(594)   Other: 0.1ms
[57.952s][info][gc,heap        ] GC(594) Eden regions: 155->0(155)
[57.952s][info][gc,heap        ] GC(594) Survivor regions: 10->10(21)
[57.952s][info][gc,heap        ] GC(594) Old regions: 36->36
[57.952s][info][gc,heap        ] GC(594) Archive regions: 0->0
[57.952s][info][gc,heap        ] GC(594) Humongous regions: 3->3
[57.952s][info][gc,metaspace   ] GC(594) Metaspace: 8629K(8896K)->8629K(8896K) NonClass: 7476K(7616K)->7476K(7616K) Class: 1153K(1280K)->1153K(1280K)
[57.952s][info][gc             ] GC(594) Pause Young (Normal) (G1 Evacuation Pause) 199M->45M(276M) 7.537ms
[57.952s][info][gc,cpu         ] GC(594) User=0.09s Sys=0.00s Real=0.02s
[58.031s][info][gc,start       ] GC(595) Pause Young (Normal) (G1 Evacuation Pause)
[58.042s][info][gc,task        ] GC(595) Using 6 workers of 33 for evacuation
[58.049s][info][gc,phases      ] GC(595)   Pre Evacuate Collection Set: 0.1ms
[58.049s][info][gc,phases      ] GC(595)   Merge Heap Roots: 0.1ms
[58.049s][info][gc,phases      ] GC(595)   Evacuate Collection Set: 6.8ms
[58.049s][info][gc,phases      ] GC(595)   Post Evacuate Collection Set: 0.3ms
[58.049s][info][gc,phases      ] GC(595)   Other: 0.1ms
[58.049s][info][gc,heap        ] GC(595) Eden regions: 155->0(154)
[58.049s][info][gc,heap        ] GC(595) Survivor regions: 10->11(21)
[58.049s][info][gc,heap        ] GC(595) Old regions: 36->36
[58.049s][info][gc,heap        ] GC(595) Archive regions: 0->0
[58.049s][info][gc,heap        ] GC(595) Humongous regions: 3->3
[58.049s][info][gc,metaspace   ] GC(595) Metaspace: 8629K(8896K)->8629K(8896K) NonClass: 7476K(7616K)->7476K(7616K) Class: 1153K(1280K)->1153K(1280K)
[58.049s][info][gc             ] GC(595) Pause Young (Normal) (G1 Evacuation Pause) 200M->45M(276M) 18.612ms
[58.049s][info][gc,cpu         ] GC(595) User=0.09s Sys=0.00s Real=0.02s
[58.138s][info][gc,start       ] GC(596) Pause Young (Normal) (G1 Evacuation Pause)
[58.138s][info][gc,task        ] GC(596) Using 6 workers of 33 for evacuation
[58.146s][info][gc,phases      ] GC(596)   Pre Evacuate Collection Set: 0.1ms
[58.146s][info][gc,phases      ] GC(596)   Merge Heap Roots: 0.1ms
[58.146s][info][gc,phases      ] GC(596)   Evacuate Collection Set: 7.1ms
[58.146s][info][gc,phases      ] GC(596)   Post Evacuate Collection Set: 0.3ms
[58.146s][info][gc,phases      ] GC(596)   Other: 0.1ms
[58.146s][info][gc,heap        ] GC(596) Eden regions: 154->0(154)
[58.146s][info][gc,heap        ] GC(596) Survivor regions: 11->11(21)
[58.146s][info][gc,heap        ] GC(596) Old regions: 36->36
[58.146s][info][gc,heap        ] GC(596) Archive regions: 0->0
[58.146s][info][gc,heap        ] GC(596) Humongous regions: 3->3
[58.146s][info][gc,metaspace   ] GC(596) Metaspace: 8629K(8896K)->8629K(8896K) NonClass: 7476K(7616K)->7476K(7616K) Class: 1153K(1280K)->1153K(1280K)
[58.146s][info][gc             ] GC(596) Pause Young (Normal) (G1 Evacuation Pause) 199M->46M(276M) 8.145ms
[58.146s][info][gc,cpu         ] GC(596) User=0.09s Sys=0.00s Real=0.01s
[58.226s][info][gc,start       ] GC(597) Pause Young (Normal) (G1 Evacuation Pause)
[58.226s][info][gc,task        ] GC(597) Using 6 workers of 33 for evacuation
[58.234s][info][gc,phases      ] GC(597)   Pre Evacuate Collection Set: 0.1ms
[58.234s][info][gc,phases      ] GC(597)   Merge Heap Roots: 0.1ms
[58.234s][info][gc,phases      ] GC(597)   Evacuate Collection Set: 7.2ms
[58.234s][info][gc,phases      ] GC(597)   Post Evacuate Collection Set: 0.5ms
[58.234s][info][gc,phases      ] GC(597)   Other: 0.1ms
[58.234s][info][gc,heap        ] GC(597) Eden regions: 154->0(160)
[58.234s][info][gc,heap        ] GC(597) Survivor regions: 11->11(21)
[58.234s][info][gc,heap        ] GC(597) Old regions: 36->36
[58.234s][info][gc,heap        ] GC(597) Archive regions: 0->0
[58.234s][info][gc,heap        ] GC(597) Humongous regions: 3->3
[58.234s][info][gc,metaspace   ] GC(597) Metaspace: 8629K(8896K)->8629K(8896K) NonClass: 7476K(7616K)->7476K(7616K) Class: 1153K(1280K)->1153K(1280K)
[58.234s][info][gc             ] GC(597) Pause Young (Normal) (G1 Evacuation Pause) 200M->46M(286M) 8.468ms
[58.234s][info][gc,cpu         ] GC(597) User=0.00s Sys=0.00s Real=0.00s
[58.318s][info][gc,start       ] GC(598) Pause Young (Normal) (G1 Evacuation Pause)
[58.318s][info][gc,task        ] GC(598) Using 6 workers of 33 for evacuation
[58.326s][info][gc,phases      ] GC(598)   Pre Evacuate Collection Set: 0.1ms
[58.327s][info][gc,phases      ] GC(598)   Merge Heap Roots: 0.1ms
[58.327s][info][gc,phases      ] GC(598)   Evacuate Collection Set: 7.6ms
[58.327s][info][gc,phases      ] GC(598)   Post Evacuate Collection Set: 0.3ms
[58.327s][info][gc,phases      ] GC(598)   Other: 0.1ms
[58.327s][info][gc,heap        ] GC(598) Eden regions: 160->0(159)
[58.327s][info][gc,heap        ] GC(598) Survivor regions: 11->12(22)
[58.327s][info][gc,heap        ] GC(598) Old regions: 36->36
[58.327s][info][gc,heap        ] GC(598) Archive regions: 0->0
[58.327s][info][gc,heap        ] GC(598) Humongous regions: 3->3
[58.327s][info][gc,metaspace   ] GC(598) Metaspace: 8629K(8896K)->8629K(8896K) NonClass: 7476K(7616K)->7476K(7616K) Class: 1153K(1280K)->1153K(1280K)
[58.327s][info][gc             ] GC(598) Pause Young (Normal) (G1 Evacuation Pause) 206M->46M(286M) 8.698ms
[58.327s][info][gc,cpu         ] GC(598) User=0.00s Sys=0.00s Real=0.01s
[58.758s][info][gc,start       ] GC(599) Pause Full (System.gc())
[58.758s][info][gc,task        ] GC(599) Using 6 workers of 33 for full compaction
[58.759s][info][gc,phases,start] GC(599) Phase 1: Mark live objects
[58.763s][info][gc,phases      ] GC(599) Phase 1: Mark live objects 4.254ms
[58.763s][info][gc,phases,start] GC(599) Phase 2: Prepare compaction
[58.764s][info][gc,phases      ] GC(599) Phase 2: Prepare compaction 1.142ms
[58.764s][info][gc,phases,start] GC(599) Phase 3: Adjust pointers
[58.767s][info][gc,phases      ] GC(599) Phase 3: Adjust pointers 2.672ms
[58.767s][info][gc,phases,start] GC(599) Phase 4: Compact heap
[58.768s][info][gc,phases      ] GC(599) Phase 4: Compact heap 0.815ms
[58.771s][info][gc,heap        ] GC(599) Eden regions: 131->0(12)
[58.771s][info][gc,heap        ] GC(599) Survivor regions: 12->0(22)
[58.771s][info][gc,heap        ] GC(599) Old regions: 36->6
[58.771s][info][gc,heap        ] GC(599) Archive regions: 0->0
[58.771s][info][gc,heap        ] GC(599) Humongous regions: 22->0
[58.771s][info][gc,metaspace   ] GC(599) Metaspace: 8629K(8896K)->8629K(8896K) NonClass: 7476K(7616K)->7476K(7616K) Class: 1153K(1280K)->1153K(1280K)
[58.771s][info][gc             ] GC(599) Pause Full (System.gc()) 196M->3M(20M) 12.364ms
[58.771s][info][gc,cpu         ] GC(599) User=0.09s Sys=0.00s Real=0.02s
[58.779s][info][gc,start       ] GC(600) Pause Young (Normal) (G1 Evacuation Pause)
[58.779s][info][gc,task        ] GC(600) Using 4 workers of 33 for evacuation
[58.779s][info][gc,phases      ] GC(600)   Pre Evacuate Collection Set: 0.0ms
[58.779s][info][gc,phases      ] GC(600)   Merge Heap Roots: 0.0ms
[58.780s][info][gc,phases      ] GC(600)   Evacuate Collection Set: 0.3ms
[58.780s][info][gc,phases      ] GC(600)   Post Evacuate Collection Set: 0.2ms
[58.780s][info][gc,phases      ] GC(600)   Other: 0.1ms
[58.780s][info][gc,heap        ] GC(600) Eden regions: 12->0(9)
[58.780s][info][gc,heap        ] GC(600) Survivor regions: 0->2(2)
[58.780s][info][gc,heap        ] GC(600) Old regions: 6->6
[58.780s][info][gc,heap        ] GC(600) Archive regions: 0->0
[58.780s][info][gc,heap        ] GC(600) Humongous regions: 0->0
[58.780s][info][gc,metaspace   ] GC(600) Metaspace: 8630K(8896K)->8630K(8896K) NonClass: 7476K(7616K)->7476K(7616K) Class: 1153K(1280K)->1153K(1280K)
[58.780s][info][gc             ] GC(600) Pause Young (Normal) (G1 Evacuation Pause) 15M->5M(20M) 1.105ms
[58.780s][info][gc,cpu         ] GC(600) User=0.00s Sys=0.00s Real=0.00s
[58.785s][info][gc,start       ] GC(601) Pause Young (Normal) (G1 Evacuation Pause)
[58.786s][info][gc,task        ] GC(601) Using 3 workers of 33 for evacuation
[58.786s][info][gc,phases      ] GC(601)   Pre Evacuate Collection Set: 0.0ms
[58.786s][info][gc,phases      ] GC(601)   Merge Heap Roots: 0.0ms
[58.786s][info][gc,phases      ] GC(601)   Evacuate Collection Set: 0.3ms
[58.786s][info][gc,phases      ] GC(601)   Post Evacuate Collection Set: 0.2ms
[58.786s][info][gc,phases      ] GC(601)   Other: 0.1ms
[58.786s][info][gc,heap        ] GC(601) Eden regions: 9->0(11)
[58.786s][info][gc,heap        ] GC(601) Survivor regions: 2->1(2)
[58.786s][info][gc,heap        ] GC(601) Old regions: 6->6
[58.786s][info][gc,heap        ] GC(601) Archive regions: 0->0
[58.786s][info][gc,heap        ] GC(601) Humongous regions: 0->0
[58.786s][info][gc,metaspace   ] GC(601) Metaspace: 8630K(8896K)->8630K(8896K) NonClass: 7476K(7616K)->7476K(7616K) Class: 1153K(1280K)->1153K(1280K)
[58.787s][info][gc             ] GC(601) Pause Young (Normal) (G1 Evacuation Pause) 14M->3M(20M) 1.043ms
[58.787s][info][gc,cpu         ] GC(601) User=0.00s Sys=0.00s Real=0.00s
[58.792s][info][gc,start       ] GC(602) Pause Young (Normal) (G1 Evacuation Pause)
[58.792s][info][gc,task        ] GC(602) Using 2 workers of 33 for evacuation
[58.794s][info][gc,phases      ] GC(602)   Pre Evacuate Collection Set: 0.0ms
[58.794s][info][gc,phases      ] GC(602)   Merge Heap Roots: 0.0ms
[58.794s][info][gc,phases      ] GC(602)   Evacuate Collection Set: 0.6ms
[58.794s][info][gc,phases      ] GC(602)   Post Evacuate Collection Set: 1.2ms
[58.794s][info][gc,phases      ] GC(602)   Other: 0.1ms
[58.795s][info][gc,heap        ] GC(602) Eden regions: 11->0(158)
[58.795s][info][gc,heap        ] GC(602) Survivor regions: 1->1(2)
[58.795s][info][gc,heap        ] GC(602) Old regions: 6->6
[58.795s][info][gc,heap        ] GC(602) Archive regions: 0->0
[58.795s][info][gc,heap        ] GC(602) Humongous regions: 0->0
[58.795s][info][gc,metaspace   ] GC(602) Metaspace: 8630K(8896K)->8630K(8896K) NonClass: 7476K(7616K)->7476K(7616K) Class: 1153K(1280K)->1153K(1280K)
[58.795s][info][gc             ] GC(602) Pause Young (Normal) (G1 Evacuation Pause) 14M->3M(266M) 2.346ms
[58.795s][info][gc,cpu         ] GC(602) User=0.00s Sys=0.00s Real=0.00s
[58.889s][info][gc,start       ] GC(603) Pause Young (Normal) (G1 Evacuation Pause)
[58.889s][info][gc,task        ] GC(603) Using 6 workers of 33 for evacuation
[58.891s][info][gc,phases      ] GC(603)   Pre Evacuate Collection Set: 0.1ms
[58.891s][info][gc,phases      ] GC(603)   Merge Heap Roots: 0.1ms
[58.891s][info][gc,phases      ] GC(603)   Evacuate Collection Set: 0.8ms
[58.891s][info][gc,phases      ] GC(603)   Post Evacuate Collection Set: 0.3ms
[58.891s][info][gc,phases      ] GC(603)   Other: 0.1ms
[58.891s][info][gc,heap        ] GC(603) Eden regions: 158->0(158)
[58.891s][info][gc,heap        ] GC(603) Survivor regions: 1->1(20)
[58.891s][info][gc,heap        ] GC(603) Old regions: 6->6
[58.891s][info][gc,heap        ] GC(603) Archive regions: 0->0
[58.891s][info][gc,heap        ] GC(603) Humongous regions: 0->0
[58.891s][info][gc,metaspace   ] GC(603) Metaspace: 8630K(8896K)->8630K(8896K) NonClass: 7476K(7616K)->7476K(7616K) Class: 1153K(1280K)->1153K(1280K)
[58.891s][info][gc             ] GC(603) Pause Young (Normal) (G1 Evacuation Pause) 161M->4M(266M) 1.840ms
[58.891s][info][gc,cpu         ] GC(603) User=0.00s Sys=0.00s Real=0.00s
[59.012s][info][gc,start       ] GC(604) Pause Young (Normal) (G1 Evacuation Pause)
[59.012s][info][gc,task        ] GC(604) Using 6 workers of 33 for evacuation
[59.014s][info][gc,phases      ] GC(604)   Pre Evacuate Collection Set: 0.1ms
[59.014s][info][gc,phases      ] GC(604)   Merge Heap Roots: 0.1ms
[59.014s][info][gc,phases      ] GC(604)   Evacuate Collection Set: 1.0ms
[59.014s][info][gc,phases      ] GC(604)   Post Evacuate Collection Set: 0.3ms
[59.014s][info][gc,phases      ] GC(604)   Other: 0.1ms
[59.014s][info][gc,heap        ] GC(604) Eden regions: 158->0(157)
[59.014s][info][gc,heap        ] GC(604) Survivor regions: 1->2(20)
[59.014s][info][gc,heap        ] GC(604) Old regions: 6->6
[59.014s][info][gc,heap        ] GC(604) Archive regions: 0->0
[59.014s][info][gc,heap        ] GC(604) Humongous regions: 0->0
[59.014s][info][gc,metaspace   ] GC(604) Metaspace: 8630K(8896K)->8630K(8896K) NonClass: 7476K(7616K)->7476K(7616K) Class: 1153K(1280K)->1153K(1280K)
[59.014s][info][gc             ] GC(604) Pause Young (Normal) (G1 Evacuation Pause) 162M->4M(266M) 2.063ms
[59.014s][info][gc,cpu         ] GC(604) User=0.00s Sys=0.00s Real=0.00s
[59.099s][info][gc,start       ] GC(605) Pause Young (Normal) (G1 Evacuation Pause)
[59.099s][info][gc,task        ] GC(605) Using 6 workers of 33 for evacuation
[59.101s][info][gc,phases      ] GC(605)   Pre Evacuate Collection Set: 0.1ms
[59.101s][info][gc,phases      ] GC(605)   Merge Heap Roots: 0.1ms
[59.101s][info][gc,phases      ] GC(605)   Evacuate Collection Set: 1.4ms
[59.101s][info][gc,phases      ] GC(605)   Post Evacuate Collection Set: 0.3ms
[59.101s][info][gc,phases      ] GC(605)   Other: 0.1ms
[59.101s][info][gc,heap        ] GC(605) Eden regions: 157->0(157)
[59.101s][info][gc,heap        ] GC(605) Survivor regions: 2->2(20)
[59.101s][info][gc,heap        ] GC(605) Old regions: 6->6
[59.101s][info][gc,heap        ] GC(605) Archive regions: 0->0
[59.101s][info][gc,heap        ] GC(605) Humongous regions: 0->0
[59.101s][info][gc,metaspace   ] GC(605) Metaspace: 8630K(8896K)->8630K(8896K) NonClass: 7476K(7616K)->7476K(7616K) Class: 1153K(1280K)->1153K(1280K)
[59.101s][info][gc             ] GC(605) Pause Young (Normal) (G1 Evacuation Pause) 161M->5M(266M) 2.328ms
[59.101s][info][gc,cpu         ] GC(605) User=0.00s Sys=0.00s Real=0.00s
[59.179s][info][gc,start       ] GC(606) Pause Young (Normal) (G1 Evacuation Pause)
[59.180s][info][gc,task        ] GC(606) Using 6 workers of 33 for evacuation
[59.182s][info][gc,phases      ] GC(606)   Pre Evacuate Collection Set: 0.1ms
[59.182s][info][gc,phases      ] GC(606)   Merge Heap Roots: 0.1ms
[59.182s][info][gc,phases      ] GC(606)   Evacuate Collection Set: 1.4ms
[59.182s][info][gc,phases      ] GC(606)   Post Evacuate Collection Set: 0.3ms
[59.182s][info][gc,phases      ] GC(606)   Other: 0.1ms
[59.182s][info][gc,heap        ] GC(606) Eden regions: 157->0(156)
[59.182s][info][gc,heap        ] GC(606) Survivor regions: 2->3(20)
[59.182s][info][gc,heap        ] GC(606) Old regions: 6->6
[59.182s][info][gc,heap        ] GC(606) Archive regions: 0->0
[59.182s][info][gc,heap        ] GC(606) Humongous regions: 0->0
[59.182s][info][gc,metaspace   ] GC(606) Metaspace: 8630K(8896K)->8630K(8896K) NonClass: 7476K(7616K)->7476K(7616K) Class: 1153K(1280K)->1153K(1280K)
[59.182s][info][gc             ] GC(606) Pause Young (Normal) (G1 Evacuation Pause) 162M->5M(266M) 2.392ms
[59.182s][info][gc,cpu         ] GC(606) User=0.00s Sys=0.00s Real=0.00s
[59.259s][info][gc,start       ] GC(607) Pause Young (Normal) (G1 Evacuation Pause)
[59.259s][info][gc,task        ] GC(607) Using 6 workers of 33 for evacuation
[59.262s][info][gc,phases      ] GC(607)   Pre Evacuate Collection Set: 0.1ms
[59.262s][info][gc,phases      ] GC(607)   Merge Heap Roots: 0.1ms
[59.262s][info][gc,phases      ] GC(607)   Evacuate Collection Set: 2.2ms
[59.262s][info][gc,phases      ] GC(607)   Post Evacuate Collection Set: 0.3ms
[59.262s][info][gc,phases      ] GC(607)   Other: 0.1ms
[59.262s][info][gc,heap        ] GC(607) Eden regions: 156->0(156)
[59.262s][info][gc,heap        ] GC(607) Survivor regions: 3->3(20)
[59.262s][info][gc,heap        ] GC(607) Old regions: 6->6
[59.262s][info][gc,heap        ] GC(607) Archive regions: 0->0
[59.262s][info][gc,heap        ] GC(607) Humongous regions: 0->0
[59.262s][info][gc,metaspace   ] GC(607) Metaspace: 8630K(8896K)->8630K(8896K) NonClass: 7476K(7616K)->7476K(7616K) Class: 1153K(1280K)->1153K(1280K)
[59.262s][info][gc             ] GC(607) Pause Young (Normal) (G1 Evacuation Pause) 161M->6M(266M) 3.341ms
[59.262s][info][gc,cpu         ] GC(607) User=0.00s Sys=0.00s Real=0.00s
[59.345s][info][gc,start       ] GC(608) Pause Young (Normal) (G1 Evacuation Pause)
[59.346s][info][gc,task        ] GC(608) Using 6 workers of 33 for evacuation
[59.349s][info][gc,phases      ] GC(608)   Pre Evacuate Collection Set: 0.1ms
[59.349s][info][gc,phases      ] GC(608)   Merge Heap Roots: 0.1ms
[59.349s][info][gc,phases      ] GC(608)   Evacuate Collection Set: 2.7ms
[59.349s][info][gc,phases      ] GC(608)   Post Evacuate Collection Set: 0.3ms
[59.349s][info][gc,phases      ] GC(608)   Other: 0.1ms
[59.349s][info][gc,heap        ] GC(608) Eden regions: 156->0(155)
[59.349s][info][gc,heap        ] GC(608) Survivor regions: 3->4(20)
[59.349s][info][gc,heap        ] GC(608) Old regions: 6->6
[59.349s][info][gc,heap        ] GC(608) Archive regions: 0->0
[59.349s][info][gc,heap        ] GC(608) Humongous regions: 0->0
[59.349s][info][gc,metaspace   ] GC(608) Metaspace: 8630K(8896K)->8630K(8896K) NonClass: 7476K(7616K)->7476K(7616K) Class: 1153K(1280K)->1153K(1280K)
[59.349s][info][gc             ] GC(608) Pause Young (Normal) (G1 Evacuation Pause) 162M->6M(266M) 3.689ms
[59.349s][info][gc,cpu         ] GC(608) User=0.00s Sys=0.00s Real=0.00s
[59.426s][info][gc,start       ] GC(609) Pause Young (Normal) (G1 Evacuation Pause)
[59.426s][info][gc,task        ] GC(609) Using 6 workers of 33 for evacuation
[59.429s][info][gc,phases      ] GC(609)   Pre Evacuate Collection Set: 0.1ms
[59.429s][info][gc,phases      ] GC(609)   Merge Heap Roots: 0.1ms
[59.429s][info][gc,phases      ] GC(609)   Evacuate Collection Set: 2.8ms
[59.429s][info][gc,phases      ] GC(609)   Post Evacuate Collection Set: 0.3ms
[59.430s][info][gc,phases      ] GC(609)   Other: 0.1ms
[59.430s][info][gc,heap        ] GC(609) Eden regions: 155->0(154)
[59.430s][info][gc,heap        ] GC(609) Survivor regions: 4->5(20)
[59.430s][info][gc,heap        ] GC(609) Old regions: 6->6
[59.430s][info][gc,heap        ] GC(609) Archive regions: 0->0
[59.430s][info][gc,heap        ] GC(609) Humongous regions: 0->0
[59.430s][info][gc,metaspace   ] GC(609) Metaspace: 8630K(8896K)->8630K(8896K) NonClass: 7476K(7616K)->7476K(7616K) Class: 1153K(1280K)->1153K(1280K)
[59.430s][info][gc             ] GC(609) Pause Young (Normal) (G1 Evacuation Pause) 161M->7M(266M) 3.768ms
[59.430s][info][gc,cpu         ] GC(609) User=0.00s Sys=0.00s Real=0.00s
[59.520s][info][gc,start       ] GC(610) Pause Young (Normal) (G1 Evacuation Pause)
[59.521s][info][gc,task        ] GC(610) Using 6 workers of 33 for evacuation
[59.525s][info][gc,phases      ] GC(610)   Pre Evacuate Collection Set: 0.1ms
[59.525s][info][gc,phases      ] GC(610)   Merge Heap Roots: 0.1ms
[59.525s][info][gc,phases      ] GC(610)   Evacuate Collection Set: 3.7ms
[59.525s][info][gc,phases      ] GC(610)   Post Evacuate Collection Set: 0.3ms
[59.525s][info][gc,phases      ] GC(610)   Other: 0.1ms
[59.525s][info][gc,heap        ] GC(610) Eden regions: 154->0(154)
[59.525s][info][gc,heap        ] GC(610) Survivor regions: 5->5(20)
[59.525s][info][gc,heap        ] GC(610) Old regions: 6->6
[59.525s][info][gc,heap        ] GC(610) Archive regions: 0->0
[59.525s][info][gc,heap        ] GC(610) Humongous regions: 0->0
[59.525s][info][gc,metaspace   ] GC(610) Metaspace: 8630K(8896K)->8630K(8896K) NonClass: 7476K(7616K)->7476K(7616K) Class: 1153K(1280K)->1153K(1280K)
[59.525s][info][gc             ] GC(610) Pause Young (Normal) (G1 Evacuation Pause) 161M->8M(266M) 4.731ms
[59.525s][info][gc,cpu         ] GC(610) User=0.00s Sys=0.00s Real=0.01s
[59.602s][info][gc,start       ] GC(611) Pause Young (Normal) (G1 Evacuation Pause)
[59.602s][info][gc,task        ] GC(611) Using 6 workers of 33 for evacuation
[59.606s][info][gc,phases      ] GC(611)   Pre Evacuate Collection Set: 0.1ms
[59.607s][info][gc,phases      ] GC(611)   Merge Heap Roots: 0.1ms
[59.607s][info][gc,phases      ] GC(611)   Evacuate Collection Set: 3.5ms
[59.607s][info][gc,phases      ] GC(611)   Post Evacuate Collection Set: 0.3ms
[59.607s][info][gc,phases      ] GC(611)   Other: 0.1ms
[59.607s][info][gc,heap        ] GC(611) Eden regions: 154->0(153)
[59.607s][info][gc,heap        ] GC(611) Survivor regions: 5->6(20)
[59.607s][info][gc,heap        ] GC(611) Old regions: 6->6
[59.607s][info][gc,heap        ] GC(611) Archive regions: 0->0
[59.607s][info][gc,heap        ] GC(611) Humongous regions: 0->0
[59.607s][info][gc,metaspace   ] GC(611) Metaspace: 8630K(8896K)->8630K(8896K) NonClass: 7476K(7616K)->7476K(7616K) Class: 1153K(1280K)->1153K(1280K)
[59.607s][info][gc             ] GC(611) Pause Young (Normal) (G1 Evacuation Pause) 162M->8M(266M) 4.451ms
[59.607s][info][gc,cpu         ] GC(611) User=0.00s Sys=0.00s Real=0.00s
[59.683s][info][gc,start       ] GC(612) Pause Young (Normal) (G1 Evacuation Pause)
[59.683s][info][gc,task        ] GC(612) Using 6 workers of 33 for evacuation
[59.688s][info][gc,phases      ] GC(612)   Pre Evacuate Collection Set: 0.1ms
[59.688s][info][gc,phases      ] GC(612)   Merge Heap Roots: 0.1ms
[59.688s][info][gc,phases      ] GC(612)   Evacuate Collection Set: 3.8ms
[59.688s][info][gc,phases      ] GC(612)   Post Evacuate Collection Set: 0.3ms
[59.688s][info][gc,phases      ] GC(612)   Other: 0.1ms
[59.688s][info][gc,heap        ] GC(612) Eden regions: 153->0(153)
[59.688s][info][gc,heap        ] GC(612) Survivor regions: 6->6(20)
[59.688s][info][gc,heap        ] GC(612) Old regions: 6->6
[59.688s][info][gc,heap        ] GC(612) Archive regions: 0->0
[59.688s][info][gc,heap        ] GC(612) Humongous regions: 0->0
[59.688s][info][gc,metaspace   ] GC(612) Metaspace: 8630K(8896K)->8630K(8896K) NonClass: 7476K(7616K)->7476K(7616K) Class: 1153K(1280K)->1153K(1280K)
[59.688s][info][gc             ] GC(612) Pause Young (Normal) (G1 Evacuation Pause) 161M->9M(266M) 4.781ms
[59.688s][info][gc,cpu         ] GC(612) User=0.00s Sys=0.00s Real=0.00s
[59.770s][info][gc,start       ] GC(613) Pause Young (Normal) (G1 Evacuation Pause)
[59.770s][info][gc,task        ] GC(613) Using 6 workers of 33 for evacuation
[59.775s][info][gc,phases      ] GC(613)   Pre Evacuate Collection Set: 0.1ms
[59.775s][info][gc,phases      ] GC(613)   Merge Heap Roots: 0.1ms
[59.775s][info][gc,phases      ] GC(613)   Evacuate Collection Set: 4.3ms
[59.775s][info][gc,phases      ] GC(613)   Post Evacuate Collection Set: 0.3ms
[59.775s][info][gc,phases      ] GC(613)   Other: 0.1ms
[59.775s][info][gc,heap        ] GC(613) Eden regions: 153->0(152)
[59.775s][info][gc,heap        ] GC(613) Survivor regions: 6->7(20)
[59.775s][info][gc,heap        ] GC(613) Old regions: 6->6
[59.775s][info][gc,heap        ] GC(613) Archive regions: 0->0
[59.775s][info][gc,heap        ] GC(613) Humongous regions: 0->0
[59.775s][info][gc,metaspace   ] GC(613) Metaspace: 8630K(8896K)->8630K(8896K) NonClass: 7476K(7616K)->7476K(7616K) Class: 1153K(1280K)->1153K(1280K)
[59.775s][info][gc             ] GC(613) Pause Young (Normal) (G1 Evacuation Pause) 162M->10M(266M) 5.287ms
[59.775s][info][gc,cpu         ] GC(613) User=0.00s Sys=0.00s Real=0.00s
[59.853s][info][gc,start       ] GC(614) Pause Young (Normal) (G1 Evacuation Pause)
[59.853s][info][gc,task        ] GC(614) Using 6 workers of 33 for evacuation
[59.858s][info][gc,phases      ] GC(614)   Pre Evacuate Collection Set: 0.1ms
[59.858s][info][gc,phases      ] GC(614)   Merge Heap Roots: 0.1ms
[59.858s][info][gc,phases      ] GC(614)   Evacuate Collection Set: 4.5ms
[59.858s][info][gc,phases      ] GC(614)   Post Evacuate Collection Set: 0.3ms
[59.858s][info][gc,phases      ] GC(614)   Other: 0.1ms
[59.858s][info][gc,heap        ] GC(614) Eden regions: 152->0(152)
[59.858s][info][gc,heap        ] GC(614) Survivor regions: 7->7(20)
[59.858s][info][gc,heap        ] GC(614) Old regions: 6->6
[59.858s][info][gc,heap        ] GC(614) Archive regions: 0->0
[59.858s][info][gc,heap        ] GC(614) Humongous regions: 0->0
[59.858s][info][gc,metaspace   ] GC(614) Metaspace: 8630K(8896K)->8630K(8896K) NonClass: 7476K(7616K)->7476K(7616K) Class: 1153K(1280K)->1153K(1280K)
[59.858s][info][gc             ] GC(614) Pause Young (Normal) (G1 Evacuation Pause) 162M->10M(266M) 5.532ms
[59.858s][info][gc,cpu         ] GC(614) User=0.00s Sys=0.00s Real=0.01s
[59.936s][info][gc,start       ] GC(615) Pause Young (Normal) (G1 Evacuation Pause)
[59.936s][info][gc,task        ] GC(615) Using 6 workers of 33 for evacuation
[59.941s][info][gc,phases      ] GC(615)   Pre Evacuate Collection Set: 0.1ms
[59.941s][info][gc,phases      ] GC(615)   Merge Heap Roots: 0.1ms
[59.941s][info][gc,phases      ] GC(615)   Evacuate Collection Set: 4.9ms
[59.941s][info][gc,phases      ] GC(615)   Post Evacuate Collection Set: 0.3ms
[59.941s][info][gc,phases      ] GC(615)   Other: 0.1ms
[59.941s][info][gc,heap        ] GC(615) Eden regions: 152->0(151)
[59.941s][info][gc,heap        ] GC(615) Survivor regions: 7->8(20)
[59.941s][info][gc,heap        ] GC(615) Old regions: 6->7
[59.941s][info][gc,heap        ] GC(615) Archive regions: 0->0
[59.941s][info][gc,heap        ] GC(615) Humongous regions: 0->0
[59.941s][info][gc,metaspace   ] GC(615) Metaspace: 8630K(8896K)->8630K(8896K) NonClass: 7476K(7616K)->7476K(7616K) Class: 1153K(1280K)->1153K(1280K)
[59.942s][info][gc             ] GC(615) Pause Young (Normal) (G1 Evacuation Pause) 162M->11M(266M) 5.832ms
[59.942s][info][gc,cpu         ] GC(615) User=0.00s Sys=0.00s Real=0.00s
[60.022s][info][gc,start       ] GC(616) Pause Young (Normal) (G1 Evacuation Pause)
[60.022s][info][gc,task        ] GC(616) Using 6 workers of 33 for evacuation
[60.028s][info][gc,phases      ] GC(616)   Pre Evacuate Collection Set: 0.1ms
[60.028s][info][gc,phases      ] GC(616)   Merge Heap Roots: 0.1ms
[60.028s][info][gc,phases      ] GC(616)   Evacuate Collection Set: 5.3ms
[60.028s][info][gc,phases      ] GC(616)   Post Evacuate Collection Set: 0.3ms
[60.028s][info][gc,phases      ] GC(616)   Other: 0.1ms
[60.028s][info][gc,heap        ] GC(616) Eden regions: 151->0(151)
[60.028s][info][gc,heap        ] GC(616) Survivor regions: 8->8(20)
[60.028s][info][gc,heap        ] GC(616) Old regions: 7->7
[60.028s][info][gc,heap        ] GC(616) Archive regions: 0->0
[60.028s][info][gc,heap        ] GC(616) Humongous regions: 0->0
[60.028s][info][gc,metaspace   ] GC(616) Metaspace: 8630K(8896K)->8630K(8896K) NonClass: 7476K(7616K)->7476K(7616K) Class: 1153K(1280K)->1153K(1280K)
[60.028s][info][gc             ] GC(616) Pause Young (Normal) (G1 Evacuation Pause) 162M->11M(266M) 6.261ms
[60.028s][info][gc,cpu         ] GC(616) User=0.00s Sys=0.00s Real=0.00s
[60.105s][info][gc,start       ] GC(617) Pause Young (Normal) (G1 Evacuation Pause)
[60.105s][info][gc,task        ] GC(617) Using 6 workers of 33 for evacuation
[60.111s][info][gc,phases      ] GC(617)   Pre Evacuate Collection Set: 0.1ms
[60.111s][info][gc,phases      ] GC(617)   Merge Heap Roots: 0.1ms
[60.111s][info][gc,phases      ] GC(617)   Evacuate Collection Set: 5.3ms
[60.111s][info][gc,phases      ] GC(617)   Post Evacuate Collection Set: 0.3ms
[60.111s][info][gc,phases      ] GC(617)   Other: 0.1ms
[60.111s][info][gc,heap        ] GC(617) Eden regions: 151->0(150)
[60.111s][info][gc,heap        ] GC(617) Survivor regions: 8->9(20)
[60.111s][info][gc,heap        ] GC(617) Old regions: 7->7
[60.111s][info][gc,heap        ] GC(617) Archive regions: 0->0
[60.111s][info][gc,heap        ] GC(617) Humongous regions: 0->0
[60.112s][info][gc,metaspace   ] GC(617) Metaspace: 8630K(8896K)->8630K(8896K) NonClass: 7476K(7616K)->7476K(7616K) Class: 1153K(1280K)->1153K(1280K)
[60.112s][info][gc             ] GC(617) Pause Young (Normal) (G1 Evacuation Pause) 162M->11M(266M) 6.268ms
[60.112s][info][gc,cpu         ] GC(617) User=0.09s Sys=0.00s Real=0.02s
[60.201s][info][gc,start       ] GC(618) Pause Young (Normal) (G1 Evacuation Pause)
[60.201s][info][gc,task        ] GC(618) Using 6 workers of 33 for evacuation
[60.207s][info][gc,phases      ] GC(618)   Pre Evacuate Collection Set: 0.1ms
[60.207s][info][gc,phases      ] GC(618)   Merge Heap Roots: 0.1ms
[60.208s][info][gc,phases      ] GC(618)   Evacuate Collection Set: 6.2ms
[60.208s][info][gc,phases      ] GC(618)   Post Evacuate Collection Set: 0.3ms
[60.208s][info][gc,phases      ] GC(618)   Other: 0.1ms
[60.208s][info][gc,heap        ] GC(618) Eden regions: 150->0(149)
[60.208s][info][gc,heap        ] GC(618) Survivor regions: 9->10(20)
[60.208s][info][gc,heap        ] GC(618) Old regions: 7->7
[60.208s][info][gc,heap        ] GC(618) Archive regions: 0->0
[60.208s][info][gc,heap        ] GC(618) Humongous regions: 0->0
[60.208s][info][gc,metaspace   ] GC(618) Metaspace: 8630K(8896K)->8630K(8896K) NonClass: 7476K(7616K)->7476K(7616K) Class: 1153K(1280K)->1153K(1280K)
[60.208s][info][gc             ] GC(618) Pause Young (Normal) (G1 Evacuation Pause) 161M->13M(266M) 7.132ms
[60.208s][info][gc,cpu         ] GC(618) User=0.00s Sys=0.00s Real=0.00s
[60.284s][info][gc,start       ] GC(619) Pause Young (Normal) (G1 Evacuation Pause)
[60.284s][info][gc,task        ] GC(619) Using 6 workers of 33 for evacuation
[60.291s][info][gc,phases      ] GC(619)   Pre Evacuate Collection Set: 0.1ms
[60.291s][info][gc,phases      ] GC(619)   Merge Heap Roots: 0.1ms
[60.291s][info][gc,phases      ] GC(619)   Evacuate Collection Set: 6.0ms
[60.291s][info][gc,phases      ] GC(619)   Post Evacuate Collection Set: 0.3ms
[60.291s][info][gc,phases      ] GC(619)   Other: 0.1ms
[60.291s][info][gc,heap        ] GC(619) Eden regions: 149->0(149)
[60.291s][info][gc,heap        ] GC(619) Survivor regions: 10->10(20)
[60.291s][info][gc,heap        ] GC(619) Old regions: 7->7
[60.291s][info][gc,heap        ] GC(619) Archive regions: 0->0
[60.291s][info][gc,heap        ] GC(619) Humongous regions: 0->0
[60.291s][info][gc,metaspace   ] GC(619) Metaspace: 8630K(8896K)->8630K(8896K) NonClass: 7476K(7616K)->7476K(7616K) Class: 1153K(1280K)->1153K(1280K)
[60.291s][info][gc             ] GC(619) Pause Young (Normal) (G1 Evacuation Pause) 162M->13M(266M) 6.972ms
[60.291s][info][gc,cpu         ] GC(619) User=0.00s Sys=0.02s Real=0.02s
[60.367s][info][gc,start       ] GC(620) Pause Young (Normal) (G1 Evacuation Pause)
[60.368s][info][gc,task        ] GC(620) Using 6 workers of 33 for evacuation
[60.375s][info][gc,phases      ] GC(620)   Pre Evacuate Collection Set: 0.1ms
[60.375s][info][gc,phases      ] GC(620)   Merge Heap Roots: 0.1ms
[60.375s][info][gc,phases      ] GC(620)   Evacuate Collection Set: 6.5ms
[60.375s][info][gc,phases      ] GC(620)   Post Evacuate Collection Set: 0.3ms
[60.375s][info][gc,phases      ] GC(620)   Other: 0.1ms
[60.375s][info][gc,heap        ] GC(620) Eden regions: 149->0(148)
[60.375s][info][gc,heap        ] GC(620) Survivor regions: 10->11(20)
[60.375s][info][gc,heap        ] GC(620) Old regions: 7->7
[60.375s][info][gc,heap        ] GC(620) Archive regions: 0->0
[60.375s][info][gc,heap        ] GC(620) Humongous regions: 0->0
[60.375s][info][gc,metaspace   ] GC(620) Metaspace: 8630K(8896K)->8630K(8896K) NonClass: 7476K(7616K)->7476K(7616K) Class: 1153K(1280K)->1153K(1280K)
[60.375s][info][gc             ] GC(620) Pause Young (Normal) (G1 Evacuation Pause) 162M->14M(266M) 7.496ms
[60.375s][info][gc,cpu         ] GC(620) User=0.00s Sys=0.00s Real=0.01s
[60.464s][info][gc,start       ] GC(621) Pause Young (Normal) (G1 Evacuation Pause)
[60.464s][info][gc,task        ] GC(621) Using 6 workers of 33 for evacuation
[60.470s][info][gc,phases      ] GC(621)   Pre Evacuate Collection Set: 0.1ms
[60.470s][info][gc,phases      ] GC(621)   Merge Heap Roots: 0.1ms
[60.470s][info][gc,phases      ] GC(621)   Evacuate Collection Set: 5.2ms
[60.470s][info][gc,phases      ] GC(621)   Post Evacuate Collection Set: 0.3ms
[60.470s][info][gc,phases      ] GC(621)   Other: 0.1ms
[60.470s][info][gc,heap        ] GC(621) Eden regions: 148->0(148)
[60.470s][info][gc,heap        ] GC(621) Survivor regions: 11->11(20)
[60.470s][info][gc,heap        ] GC(621) Old regions: 7->7
[60.470s][info][gc,heap        ] GC(621) Archive regions: 0->0
[60.470s][info][gc,heap        ] GC(621) Humongous regions: 0->0
[60.470s][info][gc,metaspace   ] GC(621) Metaspace: 8630K(8896K)->8630K(8896K) NonClass: 7476K(7616K)->7476K(7616K) Class: 1153K(1280K)->1153K(1280K)
[60.470s][info][gc             ] GC(621) Pause Young (Normal) (G1 Evacuation Pause) 162M->14M(266M) 6.184ms
[60.470s][info][gc,cpu         ] GC(621) User=0.09s Sys=0.00s Real=0.02s
[60.562s][info][gc,start       ] GC(622) Pause Young (Normal) (G1 Evacuation Pause)
[60.562s][info][gc,task        ] GC(622) Using 6 workers of 33 for evacuation
[60.569s][info][gc,phases      ] GC(622)   Pre Evacuate Collection Set: 0.1ms
[60.569s][info][gc,phases      ] GC(622)   Merge Heap Roots: 0.1ms
[60.569s][info][gc,phases      ] GC(622)   Evacuate Collection Set: 6.1ms
[60.569s][info][gc,phases      ] GC(622)   Post Evacuate Collection Set: 0.3ms
[60.569s][info][gc,phases      ] GC(622)   Other: 0.1ms
[60.569s][info][gc,heap        ] GC(622) Eden regions: 148->0(147)
[60.569s][info][gc,heap        ] GC(622) Survivor regions: 11->12(20)
[60.569s][info][gc,heap        ] GC(622) Old regions: 7->7
[60.569s][info][gc,heap        ] GC(622) Archive regions: 0->0
[60.569s][info][gc,heap        ] GC(622) Humongous regions: 0->0
[60.569s][info][gc,metaspace   ] GC(622) Metaspace: 8630K(8896K)->8630K(8896K) NonClass: 7476K(7616K)->7476K(7616K) Class: 1153K(1280K)->1153K(1280K)
[60.569s][info][gc             ] GC(622) Pause Young (Normal) (G1 Evacuation Pause) 162M->14M(266M) 7.223ms
[60.569s][info][gc,cpu         ] GC(622) User=0.00s Sys=0.00s Real=0.00s
[60.643s][info][gc,start       ] GC(623) Pause Young (Normal) (G1 Evacuation Pause)
[60.643s][info][gc,task        ] GC(623) Using 6 workers of 33 for evacuation
[60.654s][info][gc,phases      ] GC(623)   Pre Evacuate Collection Set: 0.1ms
[60.654s][info][gc,phases      ] GC(623)   Merge Heap Roots: 0.1ms
[60.654s][info][gc,phases      ] GC(623)   Evacuate Collection Set: 10.5ms
[60.654s][info][gc,phases      ] GC(623)   Post Evacuate Collection Set: 0.3ms
[60.654s][info][gc,phases      ] GC(623)   Other: 0.1ms
[60.654s][info][gc,heap        ] GC(623) Eden regions: 147->0(151)
[60.654s][info][gc,heap        ] GC(623) Survivor regions: 12->8(20)
[60.654s][info][gc,heap        ] GC(623) Old regions: 7->11
[60.654s][info][gc,heap        ] GC(623) Archive regions: 0->0
[60.654s][info][gc,heap        ] GC(623) Humongous regions: 0->0
[60.654s][info][gc,metaspace   ] GC(623) Metaspace: 8630K(8896K)->8630K(8896K) NonClass: 7476K(7616K)->7476K(7616K) Class: 1153K(1280K)->1153K(1280K)
[60.655s][info][gc             ] GC(623) Pause Young (Normal) (G1 Evacuation Pause) 161M->15M(266M) 11.568ms
[60.655s][info][gc,cpu         ] GC(623) User=0.00s Sys=0.02s Real=0.01s
[60.738s][info][gc,start       ] GC(624) Pause Young (Normal) (G1 Evacuation Pause)
[60.738s][info][gc,task        ] GC(624) Using 6 workers of 33 for evacuation
[60.744s][info][gc,phases      ] GC(624)   Pre Evacuate Collection Set: 0.1ms
[60.744s][info][gc,phases      ] GC(624)   Merge Heap Roots: 0.1ms
[60.744s][info][gc,phases      ] GC(624)   Evacuate Collection Set: 5.2ms
[60.744s][info][gc,phases      ] GC(624)   Post Evacuate Collection Set: 0.3ms
[60.744s][info][gc,phases      ] GC(624)   Other: 0.1ms
[60.744s][info][gc,heap        ] GC(624) Eden regions: 151->0(151)
[60.744s][info][gc,heap        ] GC(624) Survivor regions: 8->8(20)
[60.744s][info][gc,heap        ] GC(624) Old regions: 11->11
[60.744s][info][gc,heap        ] GC(624) Archive regions: 0->0
[60.744s][info][gc,heap        ] GC(624) Humongous regions: 0->0
[60.744s][info][gc,metaspace   ] GC(624) Metaspace: 8630K(8896K)->8630K(8896K) NonClass: 7476K(7616K)->7476K(7616K) Class: 1153K(1280K)->1153K(1280K)
[60.744s][info][gc             ] GC(624) Pause Young (Normal) (G1 Evacuation Pause) 166M->15M(266M) 6.212ms
[60.744s][info][gc,cpu         ] GC(624) User=0.00s Sys=0.00s Real=0.01s
[60.821s][info][gc,start       ] GC(625) Pause Young (Normal) (G1 Evacuation Pause)
[60.821s][info][gc,task        ] GC(625) Using 6 workers of 33 for evacuation
[60.827s][info][gc,phases      ] GC(625)   Pre Evacuate Collection Set: 0.1ms
[60.827s][info][gc,phases      ] GC(625)   Merge Heap Roots: 0.1ms
[60.827s][info][gc,phases      ] GC(625)   Evacuate Collection Set: 5.2ms
[60.827s][info][gc,phases      ] GC(625)   Post Evacuate Collection Set: 0.3ms
[60.827s][info][gc,phases      ] GC(625)   Other: 0.1ms
[60.827s][info][gc,heap        ] GC(625) Eden regions: 151->0(150)
[60.827s][info][gc,heap        ] GC(625) Survivor regions: 8->9(20)
[60.827s][info][gc,heap        ] GC(625) Old regions: 11->11
[60.827s][info][gc,heap        ] GC(625) Archive regions: 0->0
[60.827s][info][gc,heap        ] GC(625) Humongous regions: 0->0
[60.827s][info][gc,metaspace   ] GC(625) Metaspace: 8630K(8896K)->8630K(8896K) NonClass: 7476K(7616K)->7476K(7616K) Class: 1153K(1280K)->1153K(1280K)
[60.827s][info][gc             ] GC(625) Pause Young (Normal) (G1 Evacuation Pause) 166M->16M(266M) 6.262ms
[60.827s][info][gc,cpu         ] GC(625) User=0.00s Sys=0.00s Real=0.00s
[60.902s][info][gc,start       ] GC(626) Pause Young (Normal) (G1 Evacuation Pause)
[60.902s][info][gc,task        ] GC(626) Using 6 workers of 33 for evacuation
[60.908s][info][gc,phases      ] GC(626)   Pre Evacuate Collection Set: 0.1ms
[60.908s][info][gc,phases      ] GC(626)   Merge Heap Roots: 0.1ms
[60.908s][info][gc,phases      ] GC(626)   Evacuate Collection Set: 5.6ms
[60.908s][info][gc,phases      ] GC(626)   Post Evacuate Collection Set: 0.3ms
[60.909s][info][gc,phases      ] GC(626)   Other: 0.1ms
[60.909s][info][gc,heap        ] GC(626) Eden regions: 150->0(150)
[60.909s][info][gc,heap        ] GC(626) Survivor regions: 9->9(20)
[60.909s][info][gc,heap        ] GC(626) Old regions: 11->11
[60.909s][info][gc,heap        ] GC(626) Archive regions: 0->0
[60.909s][info][gc,heap        ] GC(626) Humongous regions: 0->0
[60.909s][info][gc,metaspace   ] GC(626) Metaspace: 8630K(8896K)->8630K(8896K) NonClass: 7476K(7616K)->7476K(7616K) Class: 1153K(1280K)->1153K(1280K)
[60.909s][info][gc             ] GC(626) Pause Young (Normal) (G1 Evacuation Pause) 166M->16M(266M) 6.643ms
[60.909s][info][gc,cpu         ] GC(626) User=0.09s Sys=0.00s Real=0.02s
[61.023s][info][gc,start       ] GC(627) Pause Young (Normal) (G1 Evacuation Pause)
[61.023s][info][gc,task        ] GC(627) Using 6 workers of 33 for evacuation
[61.040s][info][gc,phases      ] GC(627)   Pre Evacuate Collection Set: 0.1ms
[61.040s][info][gc,phases      ] GC(627)   Merge Heap Roots: 0.1ms
[61.040s][info][gc,phases      ] GC(627)   Evacuate Collection Set: 15.9ms
[61.040s][info][gc,phases      ] GC(627)   Post Evacuate Collection Set: 0.3ms
[61.040s][info][gc,phases      ] GC(627)   Other: 0.1ms
[61.040s][info][gc,heap        ] GC(627) Eden regions: 150->0(139)
[61.040s][info][gc,heap        ] GC(627) Survivor regions: 9->20(20)
[61.040s][info][gc,heap        ] GC(627) Old regions: 11->11
[61.040s][info][gc,heap        ] GC(627) Archive regions: 0->0
[61.040s][info][gc,heap        ] GC(627) Humongous regions: 3->3
[61.040s][info][gc,metaspace   ] GC(627) Metaspace: 8632K(8896K)->8632K(8896K) NonClass: 7479K(7616K)->7479K(7616K) Class: 1153K(1280K)->1153K(1280K)
[61.040s][info][gc             ] GC(627) Pause Young (Normal) (G1 Evacuation Pause) 169M->30M(266M) 16.972ms
[61.040s][info][gc,cpu         ] GC(627) User=0.09s Sys=0.00s Real=0.02s
[61.116s][info][gc,start       ] GC(628) Pause Young (Normal) (G1 Evacuation Pause)
[61.116s][info][gc,task        ] GC(628) Using 6 workers of 33 for evacuation
[61.130s][info][gc,phases      ] GC(628)   Pre Evacuate Collection Set: 0.1ms
[61.130s][info][gc,phases      ] GC(628)   Merge Heap Roots: 0.1ms
[61.130s][info][gc,phases      ] GC(628)   Evacuate Collection Set: 13.1ms
[61.130s][info][gc,phases      ] GC(628)   Post Evacuate Collection Set: 0.5ms
[61.131s][info][gc,phases      ] GC(628)   Other: 0.1ms
[61.131s][info][gc,heap        ] GC(628) Eden regions: 139->0(168)
[61.131s][info][gc,heap        ] GC(628) Survivor regions: 20->2(20)
[61.131s][info][gc,heap        ] GC(628) Old regions: 11->30
[61.131s][info][gc,heap        ] GC(628) Archive regions: 0->0
[61.131s][info][gc,heap        ] GC(628) Humongous regions: 3->3
[61.131s][info][gc,metaspace   ] GC(628) Metaspace: 8632K(8896K)->8632K(8896K) NonClass: 7479K(7616K)->7479K(7616K) Class: 1153K(1280K)->1153K(1280K)
[61.131s][info][gc             ] GC(628) Pause Young (Normal) (G1 Evacuation Pause) 169M->31M(284M) 14.359ms
[61.131s][info][gc,cpu         ] GC(628) User=0.09s Sys=0.00s Real=0.01s
[61.227s][info][gc,start       ] GC(629) Pause Young (Normal) (G1 Evacuation Pause)
[61.227s][info][gc,task        ] GC(629) Using 6 workers of 33 for evacuation
[61.229s][info][gc,phases      ] GC(629)   Pre Evacuate Collection Set: 0.1ms
[61.229s][info][gc,phases      ] GC(629)   Merge Heap Roots: 0.1ms
[61.229s][info][gc,phases      ] GC(629)   Evacuate Collection Set: 1.1ms
[61.229s][info][gc,phases      ] GC(629)   Post Evacuate Collection Set: 0.3ms
[61.229s][info][gc,phases      ] GC(629)   Other: 0.1ms
[61.229s][info][gc,heap        ] GC(629) Eden regions: 168->0(168)
[61.229s][info][gc,heap        ] GC(629) Survivor regions: 2->2(22)
[61.229s][info][gc,heap        ] GC(629) Old regions: 30->30
[61.229s][info][gc,heap        ] GC(629) Archive regions: 0->0
[61.229s][info][gc,heap        ] GC(629) Humongous regions: 3->3
[61.229s][info][gc,metaspace   ] GC(629) Metaspace: 8632K(8896K)->8632K(8896K) NonClass: 7479K(7616K)->7479K(7616K) Class: 1153K(1280K)->1153K(1280K)
[61.229s][info][gc             ] GC(629) Pause Young (Normal) (G1 Evacuation Pause) 199M->31M(284M) 2.073ms
[61.229s][info][gc,cpu         ] GC(629) User=0.09s Sys=0.00s Real=0.02s
[61.318s][info][gc,start       ] GC(630) Pause Young (Normal) (G1 Evacuation Pause)
[61.318s][info][gc,task        ] GC(630) Using 6 workers of 33 for evacuation
[61.323s][info][gc,phases      ] GC(630)   Pre Evacuate Collection Set: 0.1ms
[61.323s][info][gc,phases      ] GC(630)   Merge Heap Roots: 0.1ms
[61.323s][info][gc,phases      ] GC(630)   Evacuate Collection Set: 4.4ms
[61.323s][info][gc,phases      ] GC(630)   Post Evacuate Collection Set: 0.3ms
[61.323s][info][gc,phases      ] GC(630)   Other: 0.1ms
[61.323s][info][gc,heap        ] GC(630) Eden regions: 168->0(164)
[61.323s][info][gc,heap        ] GC(630) Survivor regions: 2->6(22)
[61.323s][info][gc,heap        ] GC(630) Old regions: 30->30
[61.323s][info][gc,heap        ] GC(630) Archive regions: 0->0
[61.323s][info][gc,heap        ] GC(630) Humongous regions: 3->3
[61.324s][info][gc,metaspace   ] GC(630) Metaspace: 8632K(8896K)->8632K(8896K) NonClass: 7479K(7616K)->7479K(7616K) Class: 1153K(1280K)->1153K(1280K)
[61.324s][info][gc             ] GC(630) Pause Young (Normal) (G1 Evacuation Pause) 199M->35M(284M) 5.575ms
[61.324s][info][gc,cpu         ] GC(630) User=0.00s Sys=0.00s Real=0.01s
[61.407s][info][gc,start       ] GC(631) Pause Young (Normal) (G1 Evacuation Pause)
[61.407s][info][gc,task        ] GC(631) Using 6 workers of 33 for evacuation
[61.412s][info][gc,phases      ] GC(631)   Pre Evacuate Collection Set: 0.1ms
[61.412s][info][gc,phases      ] GC(631)   Merge Heap Roots: 0.1ms
[61.412s][info][gc,phases      ] GC(631)   Evacuate Collection Set: 4.1ms
[61.412s][info][gc,phases      ] GC(631)   Post Evacuate Collection Set: 0.3ms
[61.412s][info][gc,phases      ] GC(631)   Other: 0.1ms
[61.412s][info][gc,heap        ] GC(631) Eden regions: 164->0(163)
[61.412s][info][gc,heap        ] GC(631) Survivor regions: 6->7(22)
[61.412s][info][gc,heap        ] GC(631) Old regions: 30->30
[61.412s][info][gc,heap        ] GC(631) Archive regions: 0->0
[61.412s][info][gc,heap        ] GC(631) Humongous regions: 3->3
[61.412s][info][gc,metaspace   ] GC(631) Metaspace: 8632K(8896K)->8632K(8896K) NonClass: 7479K(7616K)->7479K(7616K) Class: 1153K(1280K)->1153K(1280K)
[61.412s][info][gc             ] GC(631) Pause Young (Normal) (G1 Evacuation Pause) 199M->36M(284M) 5.207ms
[61.412s][info][gc,cpu         ] GC(631) User=0.00s Sys=0.00s Real=0.00s
[61.501s][info][gc,start       ] GC(632) Pause Young (Normal) (G1 Evacuation Pause)
[61.501s][info][gc,task        ] GC(632) Using 6 workers of 33 for evacuation
[61.507s][info][gc,phases      ] GC(632)   Pre Evacuate Collection Set: 0.1ms
[61.507s][info][gc,phases      ] GC(632)   Merge Heap Roots: 0.1ms
[61.507s][info][gc,phases      ] GC(632)   Evacuate Collection Set: 4.8ms
[61.507s][info][gc,phases      ] GC(632)   Post Evacuate Collection Set: 0.3ms
[61.507s][info][gc,phases      ] GC(632)   Other: 0.1ms
[61.507s][info][gc,heap        ] GC(632) Eden regions: 163->0(163)
[61.507s][info][gc,heap        ] GC(632) Survivor regions: 7->7(22)
[61.507s][info][gc,heap        ] GC(632) Old regions: 30->30
[61.507s][info][gc,heap        ] GC(632) Archive regions: 0->0
[61.507s][info][gc,heap        ] GC(632) Humongous regions: 3->3
[61.507s][info][gc,metaspace   ] GC(632) Metaspace: 8632K(8896K)->8632K(8896K) NonClass: 7479K(7616K)->7479K(7616K) Class: 1153K(1280K)->1153K(1280K)
[61.507s][info][gc             ] GC(632) Pause Young (Normal) (G1 Evacuation Pause) 199M->36M(284M) 5.863ms
[61.507s][info][gc,cpu         ] GC(632) User=0.00s Sys=0.00s Real=0.01s
[61.590s][info][gc,start       ] GC(633) Pause Young (Normal) (G1 Evacuation Pause)
[61.590s][info][gc,task        ] GC(633) Using 6 workers of 33 for evacuation
[61.595s][info][gc,phases      ] GC(633)   Pre Evacuate Collection Set: 0.1ms
[61.595s][info][gc,phases      ] GC(633)   Merge Heap Roots: 0.1ms
[61.595s][info][gc,phases      ] GC(633)   Evacuate Collection Set: 4.9ms
[61.595s][info][gc,phases      ] GC(633)   Post Evacuate Collection Set: 0.3ms
[61.595s][info][gc,phases      ] GC(633)   Other: 0.1ms
[61.596s][info][gc,heap        ] GC(633) Eden regions: 163->0(162)
[61.596s][info][gc,heap        ] GC(633) Survivor regions: 7->8(22)
[61.596s][info][gc,heap        ] GC(633) Old regions: 30->30
[61.596s][info][gc,heap        ] GC(633) Archive regions: 0->0
[61.596s][info][gc,heap        ] GC(633) Humongous regions: 3->3
[61.596s][info][gc,metaspace   ] GC(633) Metaspace: 8632K(8896K)->8632K(8896K) NonClass: 7479K(7616K)->7479K(7616K) Class: 1153K(1280K)->1153K(1280K)
[61.596s][info][gc             ] GC(633) Pause Young (Normal) (G1 Evacuation Pause) 199M->37M(284M) 5.919ms
[61.596s][info][gc,cpu         ] GC(633) User=0.09s Sys=0.00s Real=0.02s
[61.693s][info][gc,start       ] GC(634) Pause Young (Normal) (G1 Evacuation Pause)
[61.693s][info][gc,task        ] GC(634) Using 6 workers of 33 for evacuation
[61.704s][info][gc,phases      ] GC(634)   Pre Evacuate Collection Set: 0.1ms
[61.704s][info][gc,phases      ] GC(634)   Merge Heap Roots: 0.1ms
[61.704s][info][gc,phases      ] GC(634)   Evacuate Collection Set: 9.7ms
[61.704s][info][gc,phases      ] GC(634)   Post Evacuate Collection Set: 0.3ms
[61.704s][info][gc,phases      ] GC(634)   Other: 0.1ms
[61.704s][info][gc,heap        ] GC(634) Eden regions: 162->0(156)
[61.704s][info][gc,heap        ] GC(634) Survivor regions: 8->14(22)
[61.704s][info][gc,heap        ] GC(634) Old regions: 30->30
[61.704s][info][gc,heap        ] GC(634) Archive regions: 0->0
[61.704s][info][gc,heap        ] GC(634) Humongous regions: 3->3
[61.704s][info][gc,metaspace   ] GC(634) Metaspace: 8632K(8896K)->8632K(8896K) NonClass: 7479K(7616K)->7479K(7616K) Class: 1153K(1280K)->1153K(1280K)
[61.704s][info][gc             ] GC(634) Pause Young (Normal) (G1 Evacuation Pause) 199M->43M(284M) 10.805ms
[61.704s][info][gc,cpu         ] GC(634) User=0.00s Sys=0.00s Real=0.00s
[61.785s][info][gc,start       ] GC(635) Pause Young (Normal) (G1 Evacuation Pause)
[61.785s][info][gc,task        ] GC(635) Using 6 workers of 33 for evacuation
[61.794s][info][gc,phases      ] GC(635)   Pre Evacuate Collection Set: 0.1ms
[61.794s][info][gc,phases      ] GC(635)   Merge Heap Roots: 0.1ms
[61.794s][info][gc,phases      ] GC(635)   Evacuate Collection Set: 8.2ms
[61.794s][info][gc,phases      ] GC(635)   Post Evacuate Collection Set: 0.3ms
[61.794s][info][gc,phases      ] GC(635)   Other: 0.1ms
[61.794s][info][gc,heap        ] GC(635) Eden regions: 156->0(162)
[61.794s][info][gc,heap        ] GC(635) Survivor regions: 14->8(22)
[61.794s][info][gc,heap        ] GC(635) Old regions: 30->35
[61.794s][info][gc,heap        ] GC(635) Archive regions: 0->0
[61.794s][info][gc,heap        ] GC(635) Humongous regions: 3->3
[61.794s][info][gc,metaspace   ] GC(635) Metaspace: 8632K(8896K)->8632K(8896K) NonClass: 7479K(7616K)->7479K(7616K) Class: 1153K(1280K)->1153K(1280K)
[61.794s][info][gc             ] GC(635) Pause Young (Normal) (G1 Evacuation Pause) 199M->42M(284M) 9.251ms
[61.794s][info][gc,cpu         ] GC(635) User=0.00s Sys=0.00s Real=0.00s
[61.877s][info][gc,start       ] GC(636) Pause Young (Normal) (G1 Evacuation Pause)
[61.877s][info][gc,task        ] GC(636) Using 6 workers of 33 for evacuation
[61.883s][info][gc,phases      ] GC(636)   Pre Evacuate Collection Set: 0.1ms
[61.883s][info][gc,phases      ] GC(636)   Merge Heap Roots: 0.1ms
[61.883s][info][gc,phases      ] GC(636)   Evacuate Collection Set: 4.9ms
[61.883s][info][gc,phases      ] GC(636)   Post Evacuate Collection Set: 0.3ms
[61.883s][info][gc,phases      ] GC(636)   Other: 0.1ms
[61.883s][info][gc,heap        ] GC(636) Eden regions: 162->0(161)
[61.883s][info][gc,heap        ] GC(636) Survivor regions: 8->9(22)
[61.883s][info][gc,heap        ] GC(636) Old regions: 35->35
[61.883s][info][gc,heap        ] GC(636) Archive regions: 0->0
[61.883s][info][gc,heap        ] GC(636) Humongous regions: 3->3
[61.883s][info][gc,metaspace   ] GC(636) Metaspace: 8632K(8896K)->8632K(8896K) NonClass: 7479K(7616K)->7479K(7616K) Class: 1153K(1280K)->1153K(1280K)
[61.883s][info][gc             ] GC(636) Pause Young (Normal) (G1 Evacuation Pause) 204M->43M(284M) 6.040ms
[61.883s][info][gc,cpu         ] GC(636) User=0.09s Sys=0.00s Real=0.02s
[61.970s][info][gc,start       ] GC(637) Pause Young (Normal) (G1 Evacuation Pause)
[61.970s][info][gc,task        ] GC(637) Using 6 workers of 33 for evacuation
[61.977s][info][gc,phases      ] GC(637)   Pre Evacuate Collection Set: 0.1ms
[61.977s][info][gc,phases      ] GC(637)   Merge Heap Roots: 0.1ms
[61.977s][info][gc,phases      ] GC(637)   Evacuate Collection Set: 6.3ms
[61.977s][info][gc,phases      ] GC(637)   Post Evacuate Collection Set: 0.3ms
[61.977s][info][gc,phases      ] GC(637)   Other: 0.1ms
[61.977s][info][gc,heap        ] GC(637) Eden regions: 161->0(161)
[61.977s][info][gc,heap        ] GC(637) Survivor regions: 9->9(22)
[61.977s][info][gc,heap        ] GC(637) Old regions: 35->35
[61.977s][info][gc,heap        ] GC(637) Archive regions: 0->0
[61.977s][info][gc,heap        ] GC(637) Humongous regions: 3->3
[61.977s][info][gc,metaspace   ] GC(637) Metaspace: 8632K(8896K)->8632K(8896K) NonClass: 7479K(7616K)->7479K(7616K) Class: 1153K(1280K)->1153K(1280K)
[61.977s][info][gc             ] GC(637) Pause Young (Normal) (G1 Evacuation Pause) 204M->43M(284M) 7.351ms
[61.977s][info][gc,cpu         ] GC(637) User=0.09s Sys=0.00s Real=0.01s
[62.060s][info][gc,start       ] GC(638) Pause Young (Normal) (G1 Evacuation Pause)
[62.060s][info][gc,task        ] GC(638) Using 6 workers of 33 for evacuation
[62.067s][info][gc,phases      ] GC(638)   Pre Evacuate Collection Set: 0.1ms
[62.067s][info][gc,phases      ] GC(638)   Merge Heap Roots: 0.1ms
[62.067s][info][gc,phases      ] GC(638)   Evacuate Collection Set: 6.5ms
[62.067s][info][gc,phases      ] GC(638)   Post Evacuate Collection Set: 0.3ms
[62.067s][info][gc,phases      ] GC(638)   Other: 0.1ms
[62.067s][info][gc,heap        ] GC(638) Eden regions: 161->0(160)
[62.067s][info][gc,heap        ] GC(638) Survivor regions: 9->10(22)
[62.067s][info][gc,heap        ] GC(638) Old regions: 35->35
[62.067s][info][gc,heap        ] GC(638) Archive regions: 0->0
[62.067s][info][gc,heap        ] GC(638) Humongous regions: 3->3
[62.067s][info][gc,metaspace   ] GC(638) Metaspace: 8632K(8896K)->8632K(8896K) NonClass: 7479K(7616K)->7479K(7616K) Class: 1153K(1280K)->1153K(1280K)
[62.067s][info][gc             ] GC(638) Pause Young (Normal) (G1 Evacuation Pause) 204M->44M(284M) 7.724ms
[62.068s][info][gc,cpu         ] GC(638) User=0.09s Sys=0.00s Real=0.01s
[62.150s][info][gc,start       ] GC(639) Pause Young (Normal) (G1 Evacuation Pause)
[62.151s][info][gc,task        ] GC(639) Using 6 workers of 33 for evacuation
[62.157s][info][gc,phases      ] GC(639)   Pre Evacuate Collection Set: 0.1ms
[62.157s][info][gc,phases      ] GC(639)   Merge Heap Roots: 0.1ms
[62.157s][info][gc,phases      ] GC(639)   Evacuate Collection Set: 5.7ms
[62.157s][info][gc,phases      ] GC(639)   Post Evacuate Collection Set: 0.5ms
[62.157s][info][gc,phases      ] GC(639)   Other: 0.1ms
[62.157s][info][gc,heap        ] GC(639) Eden regions: 160->0(165)
[62.157s][info][gc,heap        ] GC(639) Survivor regions: 10->11(22)
[62.157s][info][gc,heap        ] GC(639) Old regions: 35->35
[62.157s][info][gc,heap        ] GC(639) Archive regions: 0->0
[62.157s][info][gc,heap        ] GC(639) Humongous regions: 3->3
[62.157s][info][gc,metaspace   ] GC(639) Metaspace: 8632K(8896K)->8632K(8896K) NonClass: 7479K(7616K)->7479K(7616K) Class: 1153K(1280K)->1153K(1280K)
[62.157s][info][gc             ] GC(639) Pause Young (Normal) (G1 Evacuation Pause) 204M->44M(294M) 6.944ms
[62.157s][info][gc,cpu         ] GC(639) User=0.00s Sys=0.00s Real=0.00s
[62.250s][info][gc,start       ] GC(640) Pause Young (Normal) (G1 Evacuation Pause)
[62.251s][info][gc,task        ] GC(640) Using 7 workers of 33 for evacuation
[62.257s][info][gc,phases      ] GC(640)   Pre Evacuate Collection Set: 0.1ms
[62.257s][info][gc,phases      ] GC(640)   Merge Heap Roots: 0.1ms
[62.257s][info][gc,phases      ] GC(640)   Evacuate Collection Set: 5.4ms
[62.257s][info][gc,phases      ] GC(640)   Post Evacuate Collection Set: 0.3ms
[62.257s][info][gc,phases      ] GC(640)   Other: 0.1ms
[62.257s][info][gc,heap        ] GC(640) Eden regions: 165->0(165)
[62.257s][info][gc,heap        ] GC(640) Survivor regions: 11->11(22)
[62.257s][info][gc,heap        ] GC(640) Old regions: 35->35
[62.257s][info][gc,heap        ] GC(640) Archive regions: 0->0
[62.257s][info][gc,heap        ] GC(640) Humongous regions: 3->3
[62.257s][info][gc,metaspace   ] GC(640) Metaspace: 8632K(8896K)->8632K(8896K) NonClass: 7479K(7616K)->7479K(7616K) Class: 1153K(1280K)->1153K(1280K)
[62.257s][info][gc             ] GC(640) Pause Young (Normal) (G1 Evacuation Pause) 209M->45M(294M) 6.387ms
[62.257s][info][gc,cpu         ] GC(640) User=0.00s Sys=0.00s Real=0.00s
[62.338s][info][gc,start       ] GC(641) Pause Young (Normal) (G1 Evacuation Pause)
[62.339s][info][gc,task        ] GC(641) Using 7 workers of 33 for evacuation
[62.346s][info][gc,phases      ] GC(641)   Pre Evacuate Collection Set: 0.1ms
[62.346s][info][gc,phases      ] GC(641)   Merge Heap Roots: 0.1ms
[62.346s][info][gc,phases      ] GC(641)   Evacuate Collection Set: 6.4ms
[62.346s][info][gc,phases      ] GC(641)   Post Evacuate Collection Set: 0.3ms
[62.346s][info][gc,phases      ] GC(641)   Other: 0.1ms
[62.346s][info][gc,heap        ] GC(641) Eden regions: 165->0(164)
[62.346s][info][gc,heap        ] GC(641) Survivor regions: 11->12(22)
[62.346s][info][gc,heap        ] GC(641) Old regions: 35->35
[62.346s][info][gc,heap        ] GC(641) Archive regions: 0->0
[62.346s][info][gc,heap        ] GC(641) Humongous regions: 3->3
[62.346s][info][gc,metaspace   ] GC(641) Metaspace: 8632K(8896K)->8632K(8896K) NonClass: 7479K(7616K)->7479K(7616K) Class: 1153K(1280K)->1153K(1280K)
[62.346s][info][gc             ] GC(641) Pause Young (Normal) (G1 Evacuation Pause) 210M->46M(294M) 7.431ms
[62.346s][info][gc,cpu         ] GC(641) User=0.11s Sys=0.00s Real=0.01s
[62.738s][info][gc,start       ] GC(642) Pause Young (Normal) (G1 Evacuation Pause)
[62.739s][info][gc,task        ] GC(642) Using 7 workers of 33 for evacuation
[62.785s][info][gc,phases      ] GC(642)   Pre Evacuate Collection Set: 0.1ms
[62.785s][info][gc,phases      ] GC(642)   Merge Heap Roots: 0.4ms
[62.785s][info][gc,phases      ] GC(642)   Evacuate Collection Set: 45.3ms
[62.785s][info][gc,phases      ] GC(642)   Post Evacuate Collection Set: 0.3ms
[62.785s][info][gc,phases      ] GC(642)   Other: 0.2ms
[62.785s][info][gc,heap        ] GC(642) Eden regions: 164->0(110)
[62.785s][info][gc,heap        ] GC(642) Survivor regions: 12->22(22)
[62.785s][info][gc,heap        ] GC(642) Old regions: 35->74
[62.785s][info][gc,heap        ] GC(642) Archive regions: 0->0
[62.785s][info][gc,heap        ] GC(642) Humongous regions: 22->22
[62.785s][info][gc,metaspace   ] GC(642) Metaspace: 8632K(8896K)->8632K(8896K) NonClass: 7479K(7616K)->7479K(7616K) Class: 1153K(1280K)->1153K(1280K)
[62.785s][info][gc             ] GC(642) Pause Young (Normal) (G1 Evacuation Pause) 229M->115M(294M) 46.839ms
[62.785s][info][gc,cpu         ] GC(642) User=0.22s Sys=0.00s Real=0.04s
[62.867s][info][gc,start       ] GC(643) Pause Full (System.gc())
[62.867s][info][gc,task        ] GC(643) Using 7 workers of 33 for full compaction
[62.868s][info][gc,phases,start] GC(643) Phase 1: Mark live objects
[62.871s][info][gc,phases      ] GC(643) Phase 1: Mark live objects 3.110ms
[62.871s][info][gc,phases,start] GC(643) Phase 2: Prepare compaction
[62.872s][info][gc,phases      ] GC(643) Phase 2: Prepare compaction 1.068ms
[62.872s][info][gc,phases,start] GC(643) Phase 3: Adjust pointers
[62.874s][info][gc,phases      ] GC(643) Phase 3: Adjust pointers 2.676ms
[62.874s][info][gc,phases,start] GC(643) Phase 4: Compact heap
[62.875s][info][gc,phases      ] GC(643) Phase 4: Compact heap 0.777ms
[62.878s][info][gc,heap        ] GC(643) Eden regions: 39->0(8)
[62.878s][info][gc,heap        ] GC(643) Survivor regions: 22->0(22)
[62.878s][info][gc,heap        ] GC(643) Old regions: 74->7
[62.878s][info][gc,heap        ] GC(643) Archive regions: 0->0
[62.878s][info][gc,heap        ] GC(643) Humongous regions: 22->0
[62.878s][info][gc,metaspace   ] GC(643) Metaspace: 8633K(8896K)->8633K(8896K) NonClass: 7479K(7616K)->7479K(7616K) Class: 1153K(1280K)->1153K(1280K)
[62.878s][info][gc             ] GC(643) Pause Full (System.gc()) 153M->3M(24M) 11.226ms
[62.878s][info][gc,cpu         ] GC(643) User=0.11s Sys=0.00s Real=0.02s
[62.883s][info][gc,start       ] GC(644) Pause Young (Normal) (G1 Evacuation Pause)
[62.883s][info][gc,task        ] GC(644) Using 4 workers of 33 for evacuation
[62.884s][info][gc,phases      ] GC(644)   Pre Evacuate Collection Set: 0.0ms
[62.884s][info][gc,phases      ] GC(644)   Merge Heap Roots: 0.0ms
[62.884s][info][gc,phases      ] GC(644)   Evacuate Collection Set: 0.3ms
[62.884s][info][gc,phases      ] GC(644)   Post Evacuate Collection Set: 0.2ms
[62.884s][info][gc,phases      ] GC(644)   Other: 0.1ms
[62.884s][info][gc,heap        ] GC(644) Eden regions: 8->0(8)
[62.884s][info][gc,heap        ] GC(644) Survivor regions: 0->1(1)
[62.884s][info][gc,heap        ] GC(644) Old regions: 7->8
[62.884s][info][gc,heap        ] GC(644) Archive regions: 0->0
[62.884s][info][gc,heap        ] GC(644) Humongous regions: 0->0
[62.884s][info][gc,metaspace   ] GC(644) Metaspace: 8641K(8896K)->8641K(8896K) NonClass: 7487K(7616K)->7487K(7616K) Class: 1153K(1280K)->1153K(1280K)
[62.884s][info][gc             ] GC(644) Pause Young (Normal) (G1 Evacuation Pause) 11M->5M(24M) 1.058ms
[62.884s][info][gc,cpu         ] GC(644) User=0.00s Sys=0.00s Real=0.00s
[62.889s][info][gc,start       ] GC(645) Pause Young (Normal) (G1 Evacuation Pause)
[62.889s][info][gc,task        ] GC(645) Using 3 workers of 33 for evacuation
[62.890s][info][gc,phases      ] GC(645)   Pre Evacuate Collection Set: 0.0ms
[62.890s][info][gc,phases      ] GC(645)   Merge Heap Roots: 0.0ms
[62.890s][info][gc,phases      ] GC(645)   Evacuate Collection Set: 0.4ms
[62.890s][info][gc,phases      ] GC(645)   Post Evacuate Collection Set: 0.2ms
[62.890s][info][gc,phases      ] GC(645)   Other: 0.1ms
[62.890s][info][gc,heap        ] GC(645) Eden regions: 8->0(8)
[62.890s][info][gc,heap        ] GC(645) Survivor regions: 1->1(2)
[62.890s][info][gc,heap        ] GC(645) Old regions: 8->8
[62.890s][info][gc,heap        ] GC(645) Archive regions: 0->0
[62.890s][info][gc,heap        ] GC(645) Humongous regions: 0->0
[62.890s][info][gc,metaspace   ] GC(645) Metaspace: 8641K(8896K)->8641K(8896K) NonClass: 7487K(7616K)->7487K(7616K) Class: 1153K(1280K)->1153K(1280K)
[62.890s][info][gc             ] GC(645) Pause Young (Normal) (G1 Evacuation Pause) 13M->5M(24M) 1.144ms
[62.890s][info][gc,cpu         ] GC(645) User=0.00s Sys=0.00s Real=0.00s
[62.895s][info][gc,start       ] GC(646) Pause Young (Normal) (G1 Evacuation Pause)
[62.895s][info][gc,task        ] GC(646) Using 2 workers of 33 for evacuation
[62.897s][info][gc,phases      ] GC(646)   Pre Evacuate Collection Set: 0.0ms
[62.897s][info][gc,phases      ] GC(646)   Merge Heap Roots: 0.0ms
[62.897s][info][gc,phases      ] GC(646)   Evacuate Collection Set: 0.4ms
[62.897s][info][gc,phases      ] GC(646)   Post Evacuate Collection Set: 1.2ms
[62.897s][info][gc,phases      ] GC(646)   Other: 0.1ms
[62.897s][info][gc,heap        ] GC(646) Eden regions: 8->0(159)
[62.897s][info][gc,heap        ] GC(646) Survivor regions: 1->1(2)
[62.897s][info][gc,heap        ] GC(646) Old regions: 8->8
[62.897s][info][gc,heap        ] GC(646) Archive regions: 0->0
[62.897s][info][gc,heap        ] GC(646) Humongous regions: 0->0
[62.897s][info][gc,metaspace   ] GC(646) Metaspace: 8641K(8896K)->8641K(8896K) NonClass: 7487K(7616K)->7487K(7616K) Class: 1153K(1280K)->1153K(1280K)
[62.897s][info][gc             ] GC(646) Pause Young (Normal) (G1 Evacuation Pause) 13M->4M(268M) 2.138ms
[62.898s][info][gc,cpu         ] GC(646) User=0.00s Sys=0.00s Real=0.00s
[62.991s][info][gc,start       ] GC(647) Pause Young (Normal) (G1 Evacuation Pause)
[62.991s][info][gc,task        ] GC(647) Using 6 workers of 33 for evacuation
[62.993s][info][gc,phases      ] GC(647)   Pre Evacuate Collection Set: 0.1ms
[62.993s][info][gc,phases      ] GC(647)   Merge Heap Roots: 0.1ms
[62.993s][info][gc,phases      ] GC(647)   Evacuate Collection Set: 0.9ms
[62.993s][info][gc,phases      ] GC(647)   Post Evacuate Collection Set: 0.3ms
[62.993s][info][gc,phases      ] GC(647)   Other: 0.1ms
[62.993s][info][gc,heap        ] GC(647) Eden regions: 159->0(158)
[62.993s][info][gc,heap        ] GC(647) Survivor regions: 1->2(20)
[62.993s][info][gc,heap        ] GC(647) Old regions: 8->8
[62.993s][info][gc,heap        ] GC(647) Archive regions: 0->0
[62.993s][info][gc,heap        ] GC(647) Humongous regions: 0->0
[62.993s][info][gc,metaspace   ] GC(647) Metaspace: 8641K(8896K)->8641K(8896K) NonClass: 7487K(7616K)->7487K(7616K) Class: 1153K(1280K)->1153K(1280K)
[62.993s][info][gc             ] GC(647) Pause Young (Normal) (G1 Evacuation Pause) 163M->5M(268M) 1.876ms
[62.993s][info][gc,cpu         ] GC(647) User=0.00s Sys=0.00s Real=0.00s
[63.085s][info][gc,start       ] GC(648) Pause Young (Normal) (G1 Evacuation Pause)
[63.086s][info][gc,task        ] GC(648) Using 6 workers of 33 for evacuation
[63.087s][info][gc,phases      ] GC(648)   Pre Evacuate Collection Set: 0.1ms
[63.087s][info][gc,phases      ] GC(648)   Merge Heap Roots: 0.1ms
[63.087s][info][gc,phases      ] GC(648)   Evacuate Collection Set: 1.2ms
[63.087s][info][gc,phases      ] GC(648)   Post Evacuate Collection Set: 0.3ms
[63.087s][info][gc,phases      ] GC(648)   Other: 0.1ms
[63.087s][info][gc,heap        ] GC(648) Eden regions: 158->0(158)
[63.087s][info][gc,heap        ] GC(648) Survivor regions: 2->2(20)
[63.087s][info][gc,heap        ] GC(648) Old regions: 8->8
[63.088s][info][gc,heap        ] GC(648) Archive regions: 0->0
[63.088s][info][gc,heap        ] GC(648) Humongous regions: 0->0
[63.088s][info][gc,metaspace   ] GC(648) Metaspace: 8641K(8896K)->8641K(8896K) NonClass: 7487K(7616K)->7487K(7616K) Class: 1153K(1280K)->1153K(1280K)
[63.088s][info][gc             ] GC(648) Pause Young (Normal) (G1 Evacuation Pause) 163M->6M(268M) 2.161ms
[63.088s][info][gc,cpu         ] GC(648) User=0.00s Sys=0.00s Real=0.00s
[63.172s][info][gc,start       ] GC(649) Pause Young (Normal) (G1 Evacuation Pause)
[63.172s][info][gc,task        ] GC(649) Using 6 workers of 33 for evacuation
[63.175s][info][gc,phases      ] GC(649)   Pre Evacuate Collection Set: 0.1ms
[63.175s][info][gc,phases      ] GC(649)   Merge Heap Roots: 0.1ms
[63.175s][info][gc,phases      ] GC(649)   Evacuate Collection Set: 1.8ms
[63.175s][info][gc,phases      ] GC(649)   Post Evacuate Collection Set: 0.3ms
[63.175s][info][gc,phases      ] GC(649)   Other: 0.1ms
[63.175s][info][gc,heap        ] GC(649) Eden regions: 158->0(157)
[63.175s][info][gc,heap        ] GC(649) Survivor regions: 2->3(20)
[63.175s][info][gc,heap        ] GC(649) Old regions: 8->8
[63.175s][info][gc,heap        ] GC(649) Archive regions: 0->0
[63.175s][info][gc,heap        ] GC(649) Humongous regions: 0->0
[63.175s][info][gc,metaspace   ] GC(649) Metaspace: 8641K(8896K)->8641K(8896K) NonClass: 7487K(7616K)->7487K(7616K) Class: 1153K(1280K)->1153K(1280K)
[63.175s][info][gc             ] GC(649) Pause Young (Normal) (G1 Evacuation Pause) 164M->6M(268M) 2.783ms
[63.175s][info][gc,cpu         ] GC(649) User=0.00s Sys=0.00s Real=0.00s
[63.253s][info][gc,start       ] GC(650) Pause Young (Normal) (G1 Evacuation Pause)
[63.253s][info][gc,task        ] GC(650) Using 6 workers of 33 for evacuation
[63.255s][info][gc,phases      ] GC(650)   Pre Evacuate Collection Set: 0.1ms
[63.255s][info][gc,phases      ] GC(650)   Merge Heap Roots: 0.1ms
[63.255s][info][gc,phases      ] GC(650)   Evacuate Collection Set: 2.0ms
[63.255s][info][gc,phases      ] GC(650)   Post Evacuate Collection Set: 0.3ms
[63.255s][info][gc,phases      ] GC(650)   Other: 0.1ms
[63.255s][info][gc,heap        ] GC(650) Eden regions: 157->0(157)
[63.255s][info][gc,heap        ] GC(650) Survivor regions: 3->3(20)
[63.255s][info][gc,heap        ] GC(650) Old regions: 8->8
[63.255s][info][gc,heap        ] GC(650) Archive regions: 0->0
[63.255s][info][gc,heap        ] GC(650) Humongous regions: 0->0
[63.255s][info][gc,metaspace   ] GC(650) Metaspace: 8641K(8896K)->8641K(8896K) NonClass: 7487K(7616K)->7487K(7616K) Class: 1153K(1280K)->1153K(1280K)
[63.255s][info][gc             ] GC(650) Pause Young (Normal) (G1 Evacuation Pause) 163M->7M(268M) 2.937ms
[63.255s][info][gc,cpu         ] GC(650) User=0.00s Sys=0.00s Real=0.00s
[63.349s][info][gc,start       ] GC(651) Pause Young (Normal) (G1 Evacuation Pause)
[63.349s][info][gc,task        ] GC(651) Using 6 workers of 33 for evacuation
[63.352s][info][gc,phases      ] GC(651)   Pre Evacuate Collection Set: 0.1ms
[63.352s][info][gc,phases      ] GC(651)   Merge Heap Roots: 0.1ms
[63.352s][info][gc,phases      ] GC(651)   Evacuate Collection Set: 2.0ms
[63.352s][info][gc,phases      ] GC(651)   Post Evacuate Collection Set: 0.3ms
[63.352s][info][gc,phases      ] GC(651)   Other: 0.1ms
[63.352s][info][gc,heap        ] GC(651) Eden regions: 157->0(156)
[63.352s][info][gc,heap        ] GC(651) Survivor regions: 3->4(20)
[63.352s][info][gc,heap        ] GC(651) Old regions: 8->8
[63.352s][info][gc,heap        ] GC(651) Archive regions: 0->0
[63.352s][info][gc,heap        ] GC(651) Humongous regions: 0->0
[63.352s][info][gc,metaspace   ] GC(651) Metaspace: 8641K(8896K)->8641K(8896K) NonClass: 7487K(7616K)->7487K(7616K) Class: 1153K(1280K)->1153K(1280K)
[63.352s][info][gc             ] GC(651) Pause Young (Normal) (G1 Evacuation Pause) 164M->7M(268M) 3.071ms
[63.352s][info][gc,cpu         ] GC(651) User=0.00s Sys=0.00s Real=0.00s
[63.450s][info][gc,start       ] GC(652) Pause Young (Normal) (G1 Evacuation Pause)
[63.450s][info][gc,task        ] GC(652) Using 6 workers of 33 for evacuation
[63.453s][info][gc,phases      ] GC(652)   Pre Evacuate Collection Set: 0.1ms
[63.453s][info][gc,phases      ] GC(652)   Merge Heap Roots: 0.1ms
[63.453s][info][gc,phases      ] GC(652)   Evacuate Collection Set: 2.9ms
[63.454s][info][gc,phases      ] GC(652)   Post Evacuate Collection Set: 0.3ms
[63.454s][info][gc,phases      ] GC(652)   Other: 0.1ms
[63.454s][info][gc,heap        ] GC(652) Eden regions: 156->0(156)
[63.454s][info][gc,heap        ] GC(652) Survivor regions: 4->4(20)
[63.454s][info][gc,heap        ] GC(652) Old regions: 8->8
[63.454s][info][gc,heap        ] GC(652) Archive regions: 0->0
[63.454s][info][gc,heap        ] GC(652) Humongous regions: 0->0
[63.454s][info][gc,metaspace   ] GC(652) Metaspace: 8641K(8896K)->8641K(8896K) NonClass: 7487K(7616K)->7487K(7616K) Class: 1153K(1280K)->1153K(1280K)
[63.454s][info][gc             ] GC(652) Pause Young (Normal) (G1 Evacuation Pause) 163M->8M(268M) 3.905ms
[63.454s][info][gc,cpu         ] GC(652) User=0.09s Sys=0.00s Real=0.01s
[63.531s][info][gc,start       ] GC(653) Pause Young (Normal) (G1 Evacuation Pause)
[63.531s][info][gc,task        ] GC(653) Using 6 workers of 33 for evacuation
[63.535s][info][gc,phases      ] GC(653)   Pre Evacuate Collection Set: 0.1ms
[63.535s][info][gc,phases      ] GC(653)   Merge Heap Roots: 0.1ms
[63.535s][info][gc,phases      ] GC(653)   Evacuate Collection Set: 3.0ms
[63.535s][info][gc,phases      ] GC(653)   Post Evacuate Collection Set: 0.3ms
[63.535s][info][gc,phases      ] GC(653)   Other: 0.1ms
[63.535s][info][gc,heap        ] GC(653) Eden regions: 156->0(155)
[63.535s][info][gc,heap        ] GC(653) Survivor regions: 4->5(20)
[63.535s][info][gc,heap        ] GC(653) Old regions: 8->8
[63.535s][info][gc,heap        ] GC(653) Archive regions: 0->0
[63.535s][info][gc,heap        ] GC(653) Humongous regions: 0->0
[63.535s][info][gc,metaspace   ] GC(653) Metaspace: 8641K(8896K)->8641K(8896K) NonClass: 7487K(7616K)->7487K(7616K) Class: 1153K(1280K)->1153K(1280K)
[63.535s][info][gc             ] GC(653) Pause Young (Normal) (G1 Evacuation Pause) 164M->8M(268M) 3.904ms
[63.535s][info][gc,cpu         ] GC(653) User=0.00s Sys=0.00s Real=0.00s
[63.627s][info][gc,start       ] GC(654) Pause Young (Normal) (G1 Evacuation Pause)
[63.627s][info][gc,task        ] GC(654) Using 6 workers of 33 for evacuation
[63.634s][info][gc,phases      ] GC(654)   Pre Evacuate Collection Set: 0.1ms
[63.634s][info][gc,phases      ] GC(654)   Merge Heap Roots: 0.1ms
[63.634s][info][gc,phases      ] GC(654)   Evacuate Collection Set: 6.8ms
[63.634s][info][gc,phases      ] GC(654)   Post Evacuate Collection Set: 0.3ms
[63.634s][info][gc,phases      ] GC(654)   Other: 0.1ms
[63.634s][info][gc,heap        ] GC(654) Eden regions: 155->0(150)
[63.634s][info][gc,heap        ] GC(654) Survivor regions: 5->10(20)
[63.634s][info][gc,heap        ] GC(654) Old regions: 8->8
[63.634s][info][gc,heap        ] GC(654) Archive regions: 0->0
[63.634s][info][gc,heap        ] GC(654) Humongous regions: 0->0
[63.634s][info][gc,metaspace   ] GC(654) Metaspace: 8641K(8896K)->8641K(8896K) NonClass: 7487K(7616K)->7487K(7616K) Class: 1153K(1280K)->1153K(1280K)
[63.634s][info][gc             ] GC(654) Pause Young (Normal) (G1 Evacuation Pause) 163M->14M(268M) 7.811ms
[63.634s][info][gc,cpu         ] GC(654) User=0.00s Sys=0.00s Real=0.01s
[63.712s][info][gc,start       ] GC(655) Pause Young (Normal) (G1 Evacuation Pause)
[63.713s][info][gc,task        ] GC(655) Using 6 workers of 33 for evacuation
[63.720s][info][gc,phases      ] GC(655)   Pre Evacuate Collection Set: 0.1ms
[63.720s][info][gc,phases      ] GC(655)   Merge Heap Roots: 0.1ms
[63.720s][info][gc,phases      ] GC(655)   Evacuate Collection Set: 6.4ms
[63.720s][info][gc,phases      ] GC(655)   Post Evacuate Collection Set: 0.3ms
[63.720s][info][gc,phases      ] GC(655)   Other: 0.1ms
[63.720s][info][gc,heap        ] GC(655) Eden regions: 150->0(149)
[63.720s][info][gc,heap        ] GC(655) Survivor regions: 10->11(20)
[63.720s][info][gc,heap        ] GC(655) Old regions: 8->8
[63.720s][info][gc,heap        ] GC(655) Archive regions: 0->0
[63.720s][info][gc,heap        ] GC(655) Humongous regions: 0->0
[63.720s][info][gc,metaspace   ] GC(655) Metaspace: 8641K(8896K)->8641K(8896K) NonClass: 7487K(7616K)->7487K(7616K) Class: 1153K(1280K)->1153K(1280K)
[63.720s][info][gc             ] GC(655) Pause Young (Normal) (G1 Evacuation Pause) 164M->14M(268M) 7.487ms
[63.720s][info][gc,cpu         ] GC(655) User=0.02s Sys=0.00s Real=0.01s
[63.794s][info][gc,start       ] GC(656) Pause Young (Normal) (G1 Evacuation Pause)
[63.794s][info][gc,task        ] GC(656) Using 6 workers of 33 for evacuation
[63.801s][info][gc,phases      ] GC(656)   Pre Evacuate Collection Set: 0.1ms
[63.801s][info][gc,phases      ] GC(656)   Merge Heap Roots: 0.1ms
[63.801s][info][gc,phases      ] GC(656)   Evacuate Collection Set: 6.5ms
[63.801s][info][gc,phases      ] GC(656)   Post Evacuate Collection Set: 0.3ms
[63.801s][info][gc,phases      ] GC(656)   Other: 0.1ms
[63.801s][info][gc,heap        ] GC(656) Eden regions: 149->0(149)
[63.801s][info][gc,heap        ] GC(656) Survivor regions: 11->11(20)
[63.801s][info][gc,heap        ] GC(656) Old regions: 8->8
[63.802s][info][gc,heap        ] GC(656) Archive regions: 0->0
[63.802s][info][gc,heap        ] GC(656) Humongous regions: 0->0
[63.802s][info][gc,metaspace   ] GC(656) Metaspace: 8641K(8896K)->8641K(8896K) NonClass: 7487K(7616K)->7487K(7616K) Class: 1153K(1280K)->1153K(1280K)
[63.802s][info][gc             ] GC(656) Pause Young (Normal) (G1 Evacuation Pause) 163M->15M(268M) 7.514ms
[63.802s][info][gc,cpu         ] GC(656) User=0.09s Sys=0.00s Real=0.02s
[63.883s][info][gc,start       ] GC(657) Pause Young (Normal) (G1 Evacuation Pause)
[63.892s][info][gc,task        ] GC(657) Using 6 workers of 33 for evacuation
[63.899s][info][gc,phases      ] GC(657)   Pre Evacuate Collection Set: 0.1ms
[63.899s][info][gc,phases      ] GC(657)   Merge Heap Roots: 0.1ms
[63.899s][info][gc,phases      ] GC(657)   Evacuate Collection Set: 5.8ms
[63.899s][info][gc,phases      ] GC(657)   Post Evacuate Collection Set: 0.3ms
[63.899s][info][gc,phases      ] GC(657)   Other: 0.1ms
[63.899s][info][gc,heap        ] GC(657) Eden regions: 149->0(149)
[63.899s][info][gc,heap        ] GC(657) Survivor regions: 11->11(20)
[63.899s][info][gc,heap        ] GC(657) Old regions: 8->8
[63.899s][info][gc,heap        ] GC(657) Archive regions: 0->0
[63.899s][info][gc,heap        ] GC(657) Humongous regions: 0->0
[63.899s][info][gc,metaspace   ] GC(657) Metaspace: 8641K(8896K)->8641K(8896K) NonClass: 7487K(7616K)->7487K(7616K) Class: 1153K(1280K)->1153K(1280K)
[63.899s][info][gc             ] GC(657) Pause Young (Normal) (G1 Evacuation Pause) 164M->15M(268M) 16.218ms
[63.899s][info][gc,cpu         ] GC(657) User=0.09s Sys=0.00s Real=0.01s
[63.993s][info][gc,start       ] GC(658) Pause Young (Normal) (G1 Evacuation Pause)
[63.993s][info][gc,task        ] GC(658) Using 6 workers of 33 for evacuation
[63.999s][info][gc,phases      ] GC(658)   Pre Evacuate Collection Set: 0.1ms
[63.999s][info][gc,phases      ] GC(658)   Merge Heap Roots: 0.1ms
[63.999s][info][gc,phases      ] GC(658)   Evacuate Collection Set: 5.5ms
[63.999s][info][gc,phases      ] GC(658)   Post Evacuate Collection Set: 0.3ms
[63.999s][info][gc,phases      ] GC(658)   Other: 0.1ms
[63.999s][info][gc,heap        ] GC(658) Eden regions: 149->0(148)
[63.999s][info][gc,heap        ] GC(658) Survivor regions: 11->12(20)
[63.999s][info][gc,heap        ] GC(658) Old regions: 8->9
[63.999s][info][gc,heap        ] GC(658) Archive regions: 0->0
[63.999s][info][gc,heap        ] GC(658) Humongous regions: 0->0
[63.999s][info][gc,metaspace   ] GC(658) Metaspace: 8641K(8896K)->8641K(8896K) NonClass: 7487K(7616K)->7487K(7616K) Class: 1153K(1280K)->1153K(1280K)
[63.999s][info][gc             ] GC(658) Pause Young (Normal) (G1 Evacuation Pause) 164M->16M(268M) 6.570ms
[63.999s][info][gc,cpu         ] GC(658) User=0.00s Sys=0.00s Real=0.00s
[64.088s][info][gc,start       ] GC(659) Pause Young (Normal) (G1 Evacuation Pause)
[64.088s][info][gc,task        ] GC(659) Using 6 workers of 33 for evacuation
[64.096s][info][gc,phases      ] GC(659)   Pre Evacuate Collection Set: 0.1ms
[64.096s][info][gc,phases      ] GC(659)   Merge Heap Roots: 0.1ms
[64.096s][info][gc,phases      ] GC(659)   Evacuate Collection Set: 7.4ms
[64.096s][info][gc,phases      ] GC(659)   Post Evacuate Collection Set: 0.3ms
[64.096s][info][gc,phases      ] GC(659)   Other: 0.1ms
[64.096s][info][gc,heap        ] GC(659) Eden regions: 148->0(149)
[64.096s][info][gc,heap        ] GC(659) Survivor regions: 12->11(20)
[64.096s][info][gc,heap        ] GC(659) Old regions: 9->10
[64.096s][info][gc,heap        ] GC(659) Archive regions: 0->0
[64.096s][info][gc,heap        ] GC(659) Humongous regions: 0->0
[64.096s][info][gc,metaspace   ] GC(659) Metaspace: 8641K(8896K)->8641K(8896K) NonClass: 7487K(7616K)->7487K(7616K) Class: 1153K(1280K)->1153K(1280K)
[64.097s][info][gc             ] GC(659) Pause Young (Normal) (G1 Evacuation Pause) 164M->17M(268M) 8.448ms
[64.097s][info][gc,cpu         ] GC(659) User=0.09s Sys=0.00s Real=0.01s
[64.179s][info][gc,start       ] GC(660) Pause Young (Normal) (G1 Evacuation Pause)
[64.179s][info][gc,task        ] GC(660) Using 6 workers of 33 for evacuation
[64.185s][info][gc,phases      ] GC(660)   Pre Evacuate Collection Set: 0.1ms
[64.185s][info][gc,phases      ] GC(660)   Merge Heap Roots: 0.1ms
[64.185s][info][gc,phases      ] GC(660)   Evacuate Collection Set: 5.9ms
[64.185s][info][gc,phases      ] GC(660)   Post Evacuate Collection Set: 0.3ms
[64.185s][info][gc,phases      ] GC(660)   Other: 0.1ms
[64.185s][info][gc,heap        ] GC(660) Eden regions: 149->0(149)
[64.185s][info][gc,heap        ] GC(660) Survivor regions: 11->11(20)
[64.185s][info][gc,heap        ] GC(660) Old regions: 10->10
[64.185s][info][gc,heap        ] GC(660) Archive regions: 0->0
[64.185s][info][gc,heap        ] GC(660) Humongous regions: 0->0
[64.186s][info][gc,metaspace   ] GC(660) Metaspace: 8641K(8896K)->8641K(8896K) NonClass: 7487K(7616K)->7487K(7616K) Class: 1153K(1280K)->1153K(1280K)
[64.186s][info][gc             ] GC(660) Pause Young (Normal) (G1 Evacuation Pause) 166M->17M(268M) 6.972ms
[64.186s][info][gc,cpu         ] GC(660) User=0.00s Sys=0.00s Real=0.01s
[64.260s][info][gc,start       ] GC(661) Pause Young (Normal) (G1 Evacuation Pause)
[64.260s][info][gc,task        ] GC(661) Using 6 workers of 33 for evacuation
[64.266s][info][gc,phases      ] GC(661)   Pre Evacuate Collection Set: 0.1ms
[64.266s][info][gc,phases      ] GC(661)   Merge Heap Roots: 0.1ms
[64.266s][info][gc,phases      ] GC(661)   Evacuate Collection Set: 5.7ms
[64.266s][info][gc,phases      ] GC(661)   Post Evacuate Collection Set: 0.3ms
[64.266s][info][gc,phases      ] GC(661)   Other: 0.1ms
[64.266s][info][gc,heap        ] GC(661) Eden regions: 149->0(149)
[64.266s][info][gc,heap        ] GC(661) Survivor regions: 11->11(20)
[64.266s][info][gc,heap        ] GC(661) Old regions: 10->10
[64.266s][info][gc,heap        ] GC(661) Archive regions: 0->0
[64.266s][info][gc,heap        ] GC(661) Humongous regions: 0->0
[64.266s][info][gc,metaspace   ] GC(661) Metaspace: 8641K(8896K)->8641K(8896K) NonClass: 7487K(7616K)->7487K(7616K) Class: 1153K(1280K)->1153K(1280K)
[64.266s][info][gc             ] GC(661) Pause Young (Normal) (G1 Evacuation Pause) 166M->17M(268M) 6.710ms
[64.266s][info][gc,cpu         ] GC(661) User=0.00s Sys=0.00s Real=0.00s
[64.345s][info][gc,start       ] GC(662) Pause Young (Normal) (G1 Evacuation Pause)
[64.345s][info][gc,task        ] GC(662) Using 6 workers of 33 for evacuation
[64.353s][info][gc,phases      ] GC(662)   Pre Evacuate Collection Set: 0.1ms
[64.353s][info][gc,phases      ] GC(662)   Merge Heap Roots: 0.1ms
[64.353s][info][gc,phases      ] GC(662)   Evacuate Collection Set: 8.1ms
[64.353s][info][gc,phases      ] GC(662)   Post Evacuate Collection Set: 0.3ms
[64.353s][info][gc,phases      ] GC(662)   Other: 0.1ms
[64.353s][info][gc,heap        ] GC(662) Eden regions: 149->0(149)
[64.354s][info][gc,heap        ] GC(662) Survivor regions: 11->11(20)
[64.354s][info][gc,heap        ] GC(662) Old regions: 10->12
[64.354s][info][gc,heap        ] GC(662) Archive regions: 0->0
[64.354s][info][gc,heap        ] GC(662) Humongous regions: 0->0
[64.354s][info][gc,metaspace   ] GC(662) Metaspace: 8641K(8896K)->8641K(8896K) NonClass: 7487K(7616K)->7487K(7616K) Class: 1153K(1280K)->1153K(1280K)
[64.354s][info][gc             ] GC(662) Pause Young (Normal) (G1 Evacuation Pause) 166M->18M(268M) 9.340ms
[64.354s][info][gc,cpu         ] GC(662) User=0.09s Sys=0.00s Real=0.01s
[64.440s][info][gc,start       ] GC(663) Pause Young (Normal) (G1 Evacuation Pause)
[64.440s][info][gc,task        ] GC(663) Using 6 workers of 33 for evacuation
[64.449s][info][gc,phases      ] GC(663)   Pre Evacuate Collection Set: 0.1ms
[64.449s][info][gc,phases      ] GC(663)   Merge Heap Roots: 0.1ms
[64.449s][info][gc,phases      ] GC(663)   Evacuate Collection Set: 8.0ms
[64.449s][info][gc,phases      ] GC(663)   Post Evacuate Collection Set: 0.3ms
[64.449s][info][gc,phases      ] GC(663)   Other: 0.1ms
[64.449s][info][gc,heap        ] GC(663) Eden regions: 149->0(148)
[64.449s][info][gc,heap        ] GC(663) Survivor regions: 11->12(20)
[64.449s][info][gc,heap        ] GC(663) Old regions: 12->12
[64.449s][info][gc,heap        ] GC(663) Archive regions: 0->0
[64.449s][info][gc,heap        ] GC(663) Humongous regions: 0->0
[64.449s][info][gc,metaspace   ] GC(663) Metaspace: 8641K(8896K)->8641K(8896K) NonClass: 7487K(7616K)->7487K(7616K) Class: 1153K(1280K)->1153K(1280K)
[64.449s][info][gc             ] GC(663) Pause Young (Normal) (G1 Evacuation Pause) 167M->19M(268M) 9.032ms
[64.449s][info][gc,cpu         ] GC(663) User=0.00s Sys=0.00s Real=0.01s
[64.526s][info][gc,start       ] GC(664) Pause Young (Normal) (G1 Evacuation Pause)
[64.526s][info][gc,task        ] GC(664) Using 6 workers of 33 for evacuation
[64.535s][info][gc,phases      ] GC(664)   Pre Evacuate Collection Set: 0.1ms
[64.535s][info][gc,phases      ] GC(664)   Merge Heap Roots: 0.1ms
[64.535s][info][gc,phases      ] GC(664)   Evacuate Collection Set: 7.9ms
[64.535s][info][gc,phases      ] GC(664)   Post Evacuate Collection Set: 0.5ms
[64.535s][info][gc,phases      ] GC(664)   Other: 0.1ms
[64.535s][info][gc,heap        ] GC(664) Eden regions: 148->0(159)
[64.535s][info][gc,heap        ] GC(664) Survivor regions: 12->7(20)
[64.535s][info][gc,heap        ] GC(664) Old regions: 12->18
[64.535s][info][gc,heap        ] GC(664) Archive regions: 0->0
[64.535s][info][gc,heap        ] GC(664) Humongous regions: 0->0
[64.535s][info][gc,metaspace   ] GC(664) Metaspace: 8641K(8896K)->8641K(8896K) NonClass: 7487K(7616K)->7487K(7616K) Class: 1153K(1280K)->1153K(1280K)
[64.535s][info][gc             ] GC(664) Pause Young (Normal) (G1 Evacuation Pause) 167M->20M(278M) 9.093ms
[64.535s][info][gc,cpu         ] GC(664) User=0.09s Sys=0.00s Real=0.01s
[64.619s][info][gc,start       ] GC(665) Pause Young (Normal) (G1 Evacuation Pause)
[64.620s][info][gc,task        ] GC(665) Using 6 workers of 33 for evacuation
[64.624s][info][gc,phases      ] GC(665)   Pre Evacuate Collection Set: 0.1ms
[64.624s][info][gc,phases      ] GC(665)   Merge Heap Roots: 0.1ms
[64.624s][info][gc,phases      ] GC(665)   Evacuate Collection Set: 4.0ms
[64.624s][info][gc,phases      ] GC(665)   Post Evacuate Collection Set: 0.3ms
[64.624s][info][gc,phases      ] GC(665)   Other: 0.1ms
[64.624s][info][gc,heap        ] GC(665) Eden regions: 159->0(159)
[64.624s][info][gc,heap        ] GC(665) Survivor regions: 7->7(21)
[64.624s][info][gc,heap        ] GC(665) Old regions: 18->18
[64.624s][info][gc,heap        ] GC(665) Archive regions: 0->0
[64.624s][info][gc,heap        ] GC(665) Humongous regions: 0->0
[64.624s][info][gc,metaspace   ] GC(665) Metaspace: 8641K(8896K)->8641K(8896K) NonClass: 7487K(7616K)->7487K(7616K) Class: 1153K(1280K)->1153K(1280K)
[64.624s][info][gc             ] GC(665) Pause Young (Normal) (G1 Evacuation Pause) 179M->19M(278M) 5.013ms
[64.625s][info][gc,cpu         ] GC(665) User=0.00s Sys=0.00s Real=0.00s
[64.709s][info][gc,start       ] GC(666) Pause Young (Normal) (G1 Evacuation Pause)
[64.709s][info][gc,task        ] GC(666) Using 6 workers of 33 for evacuation
[64.713s][info][gc,phases      ] GC(666)   Pre Evacuate Collection Set: 0.1ms
[64.713s][info][gc,phases      ] GC(666)   Merge Heap Roots: 0.1ms
[64.713s][info][gc,phases      ] GC(666)   Evacuate Collection Set: 3.0ms
[64.713s][info][gc,phases      ] GC(666)   Post Evacuate Collection Set: 0.3ms
[64.713s][info][gc,phases      ] GC(666)   Other: 0.1ms
[64.713s][info][gc,heap        ] GC(666) Eden regions: 159->0(159)
[64.713s][info][gc,heap        ] GC(666) Survivor regions: 7->7(21)
[64.713s][info][gc,heap        ] GC(666) Old regions: 18->18
[64.713s][info][gc,heap        ] GC(666) Archive regions: 0->0
[64.713s][info][gc,heap        ] GC(666) Humongous regions: 0->0
[64.713s][info][gc,metaspace   ] GC(666) Metaspace: 8641K(8896K)->8641K(8896K) NonClass: 7487K(7616K)->7487K(7616K) Class: 1153K(1280K)->1153K(1280K)
[64.713s][info][gc             ] GC(666) Pause Young (Normal) (G1 Evacuation Pause) 178M->20M(278M) 3.968ms
[64.713s][info][gc,cpu         ] GC(666) User=0.09s Sys=0.00s Real=0.02s
[64.792s][info][gc,start       ] GC(667) Pause Young (Normal) (G1 Evacuation Pause)
[64.792s][info][gc,task        ] GC(667) Using 6 workers of 33 for evacuation
[64.797s][info][gc,phases      ] GC(667)   Pre Evacuate Collection Set: 0.1ms
[64.797s][info][gc,phases      ] GC(667)   Merge Heap Roots: 0.1ms
[64.797s][info][gc,phases      ] GC(667)   Evacuate Collection Set: 4.7ms
[64.797s][info][gc,phases      ] GC(667)   Post Evacuate Collection Set: 0.3ms
[64.798s][info][gc,phases      ] GC(667)   Other: 0.1ms
[64.798s][info][gc,heap        ] GC(667) Eden regions: 159->0(158)
[64.798s][info][gc,heap        ] GC(667) Survivor regions: 7->8(21)
[64.798s][info][gc,heap        ] GC(667) Old regions: 18->18
[64.798s][info][gc,heap        ] GC(667) Archive regions: 0->0
[64.798s][info][gc,heap        ] GC(667) Humongous regions: 0->0
[64.798s][info][gc,metaspace   ] GC(667) Metaspace: 8641K(8896K)->8641K(8896K) NonClass: 7487K(7616K)->7487K(7616K) Class: 1153K(1280K)->1153K(1280K)
[64.798s][info][gc             ] GC(667) Pause Young (Normal) (G1 Evacuation Pause) 179M->20M(278M) 5.704ms
[64.798s][info][gc,cpu         ] GC(667) User=0.00s Sys=0.00s Real=0.00s
[64.883s][info][gc,start       ] GC(668) Pause Young (Normal) (G1 Evacuation Pause)
[64.883s][info][gc,task        ] GC(668) Using 6 workers of 33 for evacuation
[64.889s][info][gc,phases      ] GC(668)   Pre Evacuate Collection Set: 0.1ms
[64.889s][info][gc,phases      ] GC(668)   Merge Heap Roots: 0.1ms
[64.889s][info][gc,phases      ] GC(668)   Evacuate Collection Set: 5.2ms
[64.889s][info][gc,phases      ] GC(668)   Post Evacuate Collection Set: 0.3ms
[64.889s][info][gc,phases      ] GC(668)   Other: 0.1ms
[64.889s][info][gc,heap        ] GC(668) Eden regions: 158->0(158)
[64.889s][info][gc,heap        ] GC(668) Survivor regions: 8->8(21)
[64.889s][info][gc,heap        ] GC(668) Old regions: 18->18
[64.889s][info][gc,heap        ] GC(668) Archive regions: 0->0
[64.889s][info][gc,heap        ] GC(668) Humongous regions: 0->0
[64.889s][info][gc,metaspace   ] GC(668) Metaspace: 8641K(8896K)->8641K(8896K) NonClass: 7487K(7616K)->7487K(7616K) Class: 1153K(1280K)->1153K(1280K)
[64.889s][info][gc             ] GC(668) Pause Young (Normal) (G1 Evacuation Pause) 178M->21M(278M) 6.134ms
[64.889s][info][gc,cpu         ] GC(668) User=0.00s Sys=0.00s Real=0.00s
[64.982s][info][gc,start       ] GC(669) Pause Young (Normal) (G1 Evacuation Pause)
[64.983s][info][gc,task        ] GC(669) Using 6 workers of 33 for evacuation
[64.988s][info][gc,phases      ] GC(669)   Pre Evacuate Collection Set: 0.1ms
[64.988s][info][gc,phases      ] GC(669)   Merge Heap Roots: 0.1ms
[64.989s][info][gc,phases      ] GC(669)   Evacuate Collection Set: 5.3ms
[64.989s][info][gc,phases      ] GC(669)   Post Evacuate Collection Set: 0.3ms
[64.989s][info][gc,phases      ] GC(669)   Other: 0.1ms
[64.989s][info][gc,heap        ] GC(669) Eden regions: 158->0(157)
[64.989s][info][gc,heap        ] GC(669) Survivor regions: 8->9(21)
[64.989s][info][gc,heap        ] GC(669) Old regions: 18->18
[64.989s][info][gc,heap        ] GC(669) Archive regions: 0->0
[64.989s][info][gc,heap        ] GC(669) Humongous regions: 0->0
[64.989s][info][gc,metaspace   ] GC(669) Metaspace: 8641K(8896K)->8641K(8896K) NonClass: 7487K(7616K)->7487K(7616K) Class: 1153K(1280K)->1153K(1280K)
[64.989s][info][gc             ] GC(669) Pause Young (Normal) (G1 Evacuation Pause) 179M->21M(278M) 6.330ms
[64.989s][info][gc,cpu         ] GC(669) User=0.00s Sys=0.00s Real=0.00s
[65.102s][info][gc,start       ] GC(670) Pause Young (Normal) (G1 Evacuation Pause)
[65.103s][info][gc,task        ] GC(670) Using 6 workers of 33 for evacuation
[65.108s][info][gc,phases      ] GC(670)   Pre Evacuate Collection Set: 0.1ms
[65.108s][info][gc,phases      ] GC(670)   Merge Heap Roots: 0.1ms
[65.108s][info][gc,phases      ] GC(670)   Evacuate Collection Set: 5.2ms
[65.109s][info][gc,phases      ] GC(670)   Post Evacuate Collection Set: 0.4ms
[65.109s][info][gc,phases      ] GC(670)   Other: 0.1ms
[65.109s][info][gc,heap        ] GC(670) Eden regions: 157->0(157)
[65.109s][info][gc,heap        ] GC(670) Survivor regions: 9->9(21)
[65.109s][info][gc,heap        ] GC(670) Old regions: 18->18
[65.109s][info][gc,heap        ] GC(670) Archive regions: 0->0
[65.109s][info][gc,heap        ] GC(670) Humongous regions: 1->1
[65.109s][info][gc,metaspace   ] GC(670) Metaspace: 8641K(8896K)->8641K(8896K) NonClass: 7487K(7616K)->7487K(7616K) Class: 1153K(1280K)->1153K(1280K)
[65.109s][info][gc             ] GC(670) Pause Young (Normal) (G1 Evacuation Pause) 179M->23M(278M) 6.343ms
[65.109s][info][gc,cpu         ] GC(670) User=0.00s Sys=0.00s Real=0.01s
[65.203s][info][gc,start       ] GC(671) Pause Young (Normal) (G1 Evacuation Pause)
[65.203s][info][gc,task        ] GC(671) Using 6 workers of 33 for evacuation
[65.218s][info][gc,phases      ] GC(671)   Pre Evacuate Collection Set: 0.1ms
[65.218s][info][gc,phases      ] GC(671)   Merge Heap Roots: 0.1ms
[65.218s][info][gc,phases      ] GC(671)   Evacuate Collection Set: 13.5ms
[65.218s][info][gc,phases      ] GC(671)   Post Evacuate Collection Set: 0.3ms
[65.218s][info][gc,phases      ] GC(671)   Other: 0.1ms
[65.218s][info][gc,heap        ] GC(671) Eden regions: 157->0(146)
[65.218s][info][gc,heap        ] GC(671) Survivor regions: 9->20(21)
[65.218s][info][gc,heap        ] GC(671) Old regions: 18->18
[65.218s][info][gc,heap        ] GC(671) Archive regions: 0->0
[65.218s][info][gc,heap        ] GC(671) Humongous regions: 3->3
[65.218s][info][gc,metaspace   ] GC(671) Metaspace: 8641K(8896K)->8641K(8896K) NonClass: 7487K(7616K)->7487K(7616K) Class: 1153K(1280K)->1153K(1280K)
[65.218s][info][gc             ] GC(671) Pause Young (Normal) (G1 Evacuation Pause) 182M->36M(278M) 14.647ms
[65.218s][info][gc,cpu         ] GC(671) User=0.09s Sys=0.00s Real=0.01s
[65.291s][info][gc,start       ] GC(672) Pause Young (Normal) (G1 Evacuation Pause)
[65.291s][info][gc,task        ] GC(672) Using 6 workers of 33 for evacuation
[65.303s][info][gc,phases      ] GC(672)   Pre Evacuate Collection Set: 0.1ms
[65.303s][info][gc,phases      ] GC(672)   Merge Heap Roots: 0.1ms
[65.303s][info][gc,phases      ] GC(672)   Evacuate Collection Set: 11.1ms
[65.303s][info][gc,phases      ] GC(672)   Post Evacuate Collection Set: 0.4ms
[65.303s][info][gc,phases      ] GC(672)   Other: 0.1ms
[65.303s][info][gc,heap        ] GC(672) Eden regions: 146->0(154)
[65.303s][info][gc,heap        ] GC(672) Survivor regions: 20->12(21)
[65.303s][info][gc,heap        ] GC(672) Old regions: 18->26
[65.303s][info][gc,heap        ] GC(672) Archive regions: 0->0
[65.303s][info][gc,heap        ] GC(672) Humongous regions: 3->3
[65.303s][info][gc,metaspace   ] GC(672) Metaspace: 8641K(8896K)->8641K(8896K) NonClass: 7487K(7616K)->7487K(7616K) Class: 1153K(1280K)->1153K(1280K)
[65.303s][info][gc             ] GC(672) Pause Young (Normal) (G1 Evacuation Pause) 182M->36M(278M) 12.169ms
[65.303s][info][gc,cpu         ] GC(672) User=0.09s Sys=0.00s Real=0.01s
[65.381s][info][gc,start       ] GC(673) Pause Young (Normal) (G1 Evacuation Pause)
[65.381s][info][gc,task        ] GC(673) Using 6 workers of 33 for evacuation
[65.391s][info][gc,phases      ] GC(673)   Pre Evacuate Collection Set: 0.1ms
[65.391s][info][gc,phases      ] GC(673)   Merge Heap Roots: 0.1ms
[65.391s][info][gc,phases      ] GC(673)   Evacuate Collection Set: 9.3ms
[65.391s][info][gc,phases      ] GC(673)   Post Evacuate Collection Set: 0.3ms
[65.391s][info][gc,phases      ] GC(673)   Other: 0.1ms
[65.391s][info][gc,heap        ] GC(673) Eden regions: 154->0(164)
[65.391s][info][gc,heap        ] GC(673) Survivor regions: 12->2(21)
[65.391s][info][gc,heap        ] GC(673) Old regions: 26->37
[65.391s][info][gc,heap        ] GC(673) Archive regions: 0->0
[65.391s][info][gc,heap        ] GC(673) Humongous regions: 3->3
[65.391s][info][gc,metaspace   ] GC(673) Metaspace: 8641K(8896K)->8641K(8896K) NonClass: 7487K(7616K)->7487K(7616K) Class: 1153K(1280K)->1153K(1280K)
[65.391s][info][gc             ] GC(673) Pause Young (Normal) (G1 Evacuation Pause) 190M->38M(278M) 10.350ms
[65.391s][info][gc,cpu         ] GC(673) User=0.00s Sys=0.00s Real=0.01s
[65.482s][info][gc,start       ] GC(674) Pause Young (Normal) (G1 Evacuation Pause)
[65.483s][info][gc,task        ] GC(674) Using 6 workers of 33 for evacuation
[65.488s][info][gc,phases      ] GC(674)   Pre Evacuate Collection Set: 0.1ms
[65.488s][info][gc,phases      ] GC(674)   Merge Heap Roots: 0.1ms
[65.488s][info][gc,phases      ] GC(674)   Evacuate Collection Set: 4.4ms
[65.488s][info][gc,phases      ] GC(674)   Post Evacuate Collection Set: 0.7ms
[65.488s][info][gc,phases      ] GC(674)   Other: 0.1ms
[65.488s][info][gc,heap        ] GC(674) Eden regions: 164->0(176)
[65.488s][info][gc,heap        ] GC(674) Survivor regions: 2->6(21)
[65.488s][info][gc,heap        ] GC(674) Old regions: 37->37
[65.488s][info][gc,heap        ] GC(674) Archive regions: 0->0
[65.488s][info][gc,heap        ] GC(674) Humongous regions: 3->3
[65.488s][info][gc,metaspace   ] GC(674) Metaspace: 8641K(8896K)->8641K(8896K) NonClass: 7487K(7616K)->7487K(7616K) Class: 1153K(1280K)->1153K(1280K)
[65.488s][info][gc             ] GC(674) Pause Young (Normal) (G1 Evacuation Pause) 202M->42M(304M) 5.792ms
[65.488s][info][gc,cpu         ] GC(674) User=0.09s Sys=0.00s Real=0.01s
[65.586s][info][gc,start       ] GC(675) Pause Young (Normal) (G1 Evacuation Pause)
[65.586s][info][gc,task        ] GC(675) Using 7 workers of 33 for evacuation
[65.590s][info][gc,phases      ] GC(675)   Pre Evacuate Collection Set: 0.1ms
[65.590s][info][gc,phases      ] GC(675)   Merge Heap Roots: 0.1ms
[65.590s][info][gc,phases      ] GC(675)   Evacuate Collection Set: 3.1ms
[65.590s][info][gc,phases      ] GC(675)   Post Evacuate Collection Set: 0.3ms
[65.590s][info][gc,phases      ] GC(675)   Other: 0.1ms
[65.590s][info][gc,heap        ] GC(675) Eden regions: 176->0(175)
[65.590s][info][gc,heap        ] GC(675) Survivor regions: 6->7(23)
[65.590s][info][gc,heap        ] GC(675) Old regions: 37->37
[65.590s][info][gc,heap        ] GC(675) Archive regions: 0->0
[65.590s][info][gc,heap        ] GC(675) Humongous regions: 3->3
[65.590s][info][gc,metaspace   ] GC(675) Metaspace: 8641K(8896K)->8641K(8896K) NonClass: 7487K(7616K)->7487K(7616K) Class: 1153K(1280K)->1153K(1280K)
[65.590s][info][gc             ] GC(675) Pause Young (Normal) (G1 Evacuation Pause) 218M->43M(304M) 4.268ms
[65.590s][info][gc,cpu         ] GC(675) User=0.00s Sys=0.00s Real=0.00s
[65.696s][info][gc,start       ] GC(676) Pause Young (Normal) (G1 Evacuation Pause)
[65.696s][info][gc,task        ] GC(676) Using 7 workers of 33 for evacuation
[65.701s][info][gc,phases      ] GC(676)   Pre Evacuate Collection Set: 0.1ms
[65.701s][info][gc,phases      ] GC(676)   Merge Heap Roots: 0.1ms
[65.701s][info][gc,phases      ] GC(676)   Evacuate Collection Set: 3.6ms
[65.701s][info][gc,phases      ] GC(676)   Post Evacuate Collection Set: 0.3ms
[65.701s][info][gc,phases      ] GC(676)   Other: 0.1ms
[65.701s][info][gc,heap        ] GC(676) Eden regions: 175->0(174)
[65.701s][info][gc,heap        ] GC(676) Survivor regions: 7->8(23)
[65.701s][info][gc,heap        ] GC(676) Old regions: 37->37
[65.701s][info][gc,heap        ] GC(676) Archive regions: 0->0
[65.701s][info][gc,heap        ] GC(676) Humongous regions: 3->3
[65.701s][info][gc,metaspace   ] GC(676) Metaspace: 8641K(8896K)->8641K(8896K) NonClass: 7487K(7616K)->7487K(7616K) Class: 1153K(1280K)->1153K(1280K)
[65.701s][info][gc             ] GC(676) Pause Young (Normal) (G1 Evacuation Pause) 218M->43M(304M) 4.733ms
[65.701s][info][gc,cpu         ] GC(676) User=0.00s Sys=0.00s Real=0.00s
[65.806s][info][gc,start       ] GC(677) Pause Young (Normal) (G1 Evacuation Pause)
[65.806s][info][gc,task        ] GC(677) Using 7 workers of 33 for evacuation
[65.810s][info][gc,phases      ] GC(677)   Pre Evacuate Collection Set: 0.1ms
[65.810s][info][gc,phases      ] GC(677)   Merge Heap Roots: 0.1ms
[65.810s][info][gc,phases      ] GC(677)   Evacuate Collection Set: 3.6ms
[65.810s][info][gc,phases      ] GC(677)   Post Evacuate Collection Set: 0.3ms
[65.810s][info][gc,phases      ] GC(677)   Other: 0.1ms
[65.810s][info][gc,heap        ] GC(677) Eden regions: 174->0(174)
[65.810s][info][gc,heap        ] GC(677) Survivor regions: 8->8(23)
[65.810s][info][gc,heap        ] GC(677) Old regions: 37->37
[65.810s][info][gc,heap        ] GC(677) Archive regions: 0->0
[65.810s][info][gc,heap        ] GC(677) Humongous regions: 3->3
[65.810s][info][gc,metaspace   ] GC(677) Metaspace: 8641K(8896K)->8641K(8896K) NonClass: 7487K(7616K)->7487K(7616K) Class: 1153K(1280K)->1153K(1280K)
[65.810s][info][gc             ] GC(677) Pause Young (Normal) (G1 Evacuation Pause) 217M->44M(304M) 4.553ms
[65.810s][info][gc,cpu         ] GC(677) User=0.00s Sys=0.00s Real=0.00s
[65.910s][info][gc,start       ] GC(678) Pause Young (Normal) (G1 Evacuation Pause)
[65.910s][info][gc,task        ] GC(678) Using 7 workers of 33 for evacuation
[65.918s][info][gc,phases      ] GC(678)   Pre Evacuate Collection Set: 0.1ms
[65.918s][info][gc,phases      ] GC(678)   Merge Heap Roots: 0.1ms
[65.918s][info][gc,phases      ] GC(678)   Evacuate Collection Set: 6.4ms
[65.918s][info][gc,phases      ] GC(678)   Post Evacuate Collection Set: 0.3ms
[65.918s][info][gc,phases      ] GC(678)   Other: 0.1ms
[65.918s][info][gc,heap        ] GC(678) Eden regions: 174->0(169)
[65.918s][info][gc,heap        ] GC(678) Survivor regions: 8->13(23)
[65.918s][info][gc,heap        ] GC(678) Old regions: 37->37
[65.918s][info][gc,heap        ] GC(678) Archive regions: 0->0
[65.918s][info][gc,heap        ] GC(678) Humongous regions: 3->3
[65.918s][info][gc,metaspace   ] GC(678) Metaspace: 8641K(8896K)->8641K(8896K) NonClass: 7487K(7616K)->7487K(7616K) Class: 1153K(1280K)->1153K(1280K)
[65.918s][info][gc             ] GC(678) Pause Young (Normal) (G1 Evacuation Pause) 218M->48M(304M) 7.451ms
[65.918s][info][gc,cpu         ] GC(678) User=0.11s Sys=0.00s Real=0.02s
[66.002s][info][gc,start       ] GC(679) Pause Young (Normal) (G1 Evacuation Pause)
[66.002s][info][gc,task        ] GC(679) Using 7 workers of 33 for evacuation
[66.010s][info][gc,phases      ] GC(679)   Pre Evacuate Collection Set: 0.1ms
[66.010s][info][gc,phases      ] GC(679)   Merge Heap Roots: 0.1ms
[66.010s][info][gc,phases      ] GC(679)   Evacuate Collection Set: 7.3ms
[66.010s][info][gc,phases      ] GC(679)   Post Evacuate Collection Set: 0.3ms
[66.010s][info][gc,phases      ] GC(679)   Other: 0.1ms
[66.010s][info][gc,heap        ] GC(679) Eden regions: 169->0(169)
[66.010s][info][gc,heap        ] GC(679) Survivor regions: 13->13(23)
[66.010s][info][gc,heap        ] GC(679) Old regions: 37->38
[66.010s][info][gc,heap        ] GC(679) Archive regions: 0->0
[66.010s][info][gc,heap        ] GC(679) Humongous regions: 3->3
[66.010s][info][gc,metaspace   ] GC(679) Metaspace: 8641K(8896K)->8641K(8896K) NonClass: 7487K(7616K)->7487K(7616K) Class: 1153K(1280K)->1153K(1280K)
[66.010s][info][gc             ] GC(679) Pause Young (Normal) (G1 Evacuation Pause) 217M->50M(304M) 8.356ms
[66.010s][info][gc,cpu         ] GC(679) User=0.11s Sys=0.00s Real=0.02s
[66.097s][info][gc,start       ] GC(680) Pause Young (Normal) (G1 Evacuation Pause)
[66.097s][info][gc,task        ] GC(680) Using 7 workers of 33 for evacuation
[66.104s][info][gc,phases      ] GC(680)   Pre Evacuate Collection Set: 0.1ms
[66.104s][info][gc,phases      ] GC(680)   Merge Heap Roots: 0.1ms
[66.104s][info][gc,phases      ] GC(680)   Evacuate Collection Set: 6.1ms
[66.104s][info][gc,phases      ] GC(680)   Post Evacuate Collection Set: 0.3ms
[66.104s][info][gc,phases      ] GC(680)   Other: 0.1ms
[66.104s][info][gc,heap        ] GC(680) Eden regions: 169->0(169)
[66.104s][info][gc,heap        ] GC(680) Survivor regions: 13->13(23)
[66.104s][info][gc,heap        ] GC(680) Old regions: 38->38
[66.104s][info][gc,heap        ] GC(680) Archive regions: 0->0
[66.104s][info][gc,heap        ] GC(680) Humongous regions: 3->3
[66.104s][info][gc,metaspace   ] GC(680) Metaspace: 8641K(8896K)->8641K(8896K) NonClass: 7487K(7616K)->7487K(7616K) Class: 1153K(1280K)->1153K(1280K)
[66.105s][info][gc             ] GC(680) Pause Young (Normal) (G1 Evacuation Pause) 219M->50M(304M) 7.141ms
[66.105s][info][gc,cpu         ] GC(680) User=0.00s Sys=0.00s Real=0.01s
[66.194s][info][gc,start       ] GC(681) Pause Young (Normal) (G1 Evacuation Pause)
[66.194s][info][gc,task        ] GC(681) Using 7 workers of 33 for evacuation
[66.201s][info][gc,phases      ] GC(681)   Pre Evacuate Collection Set: 0.1ms
[66.201s][info][gc,phases      ] GC(681)   Merge Heap Roots: 0.1ms
[66.201s][info][gc,phases      ] GC(681)   Evacuate Collection Set: 6.3ms
[66.201s][info][gc,phases      ] GC(681)   Post Evacuate Collection Set: 0.3ms
[66.201s][info][gc,phases      ] GC(681)   Other: 0.1ms
[66.201s][info][gc,heap        ] GC(681) Eden regions: 169->0(172)
[66.201s][info][gc,heap        ] GC(681) Survivor regions: 13->10(23)
[66.201s][info][gc,heap        ] GC(681) Old regions: 38->43
[66.201s][info][gc,heap        ] GC(681) Archive regions: 0->0
[66.201s][info][gc,heap        ] GC(681) Humongous regions: 3->3
[66.201s][info][gc,metaspace   ] GC(681) Metaspace: 8641K(8896K)->8641K(8896K) NonClass: 7487K(7616K)->7487K(7616K) Class: 1153K(1280K)->1153K(1280K)
[66.201s][info][gc             ] GC(681) Pause Young (Normal) (G1 Evacuation Pause) 219M->51M(304M) 7.315ms
[66.201s][info][gc,cpu         ] GC(681) User=0.00s Sys=0.00s Real=0.00s
[66.286s][info][gc,start       ] GC(682) Pause Young (Normal) (G1 Evacuation Pause)
[66.286s][info][gc,task        ] GC(682) Using 7 workers of 33 for evacuation
[66.292s][info][gc,phases      ] GC(682)   Pre Evacuate Collection Set: 0.1ms
[66.292s][info][gc,phases      ] GC(682)   Merge Heap Roots: 0.1ms
[66.292s][info][gc,phases      ] GC(682)   Evacuate Collection Set: 4.7ms
[66.292s][info][gc,phases      ] GC(682)   Post Evacuate Collection Set: 0.3ms
[66.292s][info][gc,phases      ] GC(682)   Other: 0.1ms
[66.292s][info][gc,heap        ] GC(682) Eden regions: 172->0(171)
[66.292s][info][gc,heap        ] GC(682) Survivor regions: 10->11(23)
[66.292s][info][gc,heap        ] GC(682) Old regions: 43->43
[66.292s][info][gc,heap        ] GC(682) Archive regions: 0->0
[66.292s][info][gc,heap        ] GC(682) Humongous regions: 3->3
[66.292s][info][gc,metaspace   ] GC(682) Metaspace: 8641K(8896K)->8641K(8896K) NonClass: 7487K(7616K)->7487K(7616K) Class: 1153K(1280K)->1153K(1280K)
[66.292s][info][gc             ] GC(682) Pause Young (Normal) (G1 Evacuation Pause) 223M->51M(304M) 5.679ms
[66.292s][info][gc,cpu         ] GC(682) User=0.00s Sys=0.00s Real=0.00s
[66.399s][info][gc,start       ] GC(683) Pause Young (Normal) (G1 Evacuation Pause)
[66.399s][info][gc,task        ] GC(683) Using 7 workers of 33 for evacuation
[66.405s][info][gc,phases      ] GC(683)   Pre Evacuate Collection Set: 0.1ms
[66.405s][info][gc,phases      ] GC(683)   Merge Heap Roots: 0.1ms
[66.405s][info][gc,phases      ] GC(683)   Evacuate Collection Set: 5.3ms
[66.405s][info][gc,phases      ] GC(683)   Post Evacuate Collection Set: 0.3ms
[66.405s][info][gc,phases      ] GC(683)   Other: 0.1ms
[66.405s][info][gc,heap        ] GC(683) Eden regions: 171->0(171)
[66.405s][info][gc,heap        ] GC(683) Survivor regions: 11->11(23)
[66.405s][info][gc,heap        ] GC(683) Old regions: 43->43
[66.405s][info][gc,heap        ] GC(683) Archive regions: 0->0
[66.405s][info][gc,heap        ] GC(683) Humongous regions: 3->3
[66.405s][info][gc,metaspace   ] GC(683) Metaspace: 8641K(8896K)->8641K(8896K) NonClass: 7487K(7616K)->7487K(7616K) Class: 1153K(1280K)->1153K(1280K)
[66.405s][info][gc             ] GC(683) Pause Young (Normal) (G1 Evacuation Pause) 222M->52M(304M) 6.434ms
[66.405s][info][gc,cpu         ] GC(683) User=0.00s Sys=0.00s Real=0.01s
[66.508s][info][gc,start       ] GC(684) Pause Young (Normal) (G1 Evacuation Pause)
[66.508s][info][gc,task        ] GC(684) Using 7 workers of 33 for evacuation
[66.514s][info][gc,phases      ] GC(684)   Pre Evacuate Collection Set: 0.1ms
[66.514s][info][gc,phases      ] GC(684)   Merge Heap Roots: 0.1ms
[66.514s][info][gc,phases      ] GC(684)   Evacuate Collection Set: 5.3ms
[66.514s][info][gc,phases      ] GC(684)   Post Evacuate Collection Set: 0.3ms
[66.514s][info][gc,phases      ] GC(684)   Other: 0.1ms
[66.514s][info][gc,heap        ] GC(684) Eden regions: 171->0(170)
[66.514s][info][gc,heap        ] GC(684) Survivor regions: 11->12(23)
[66.514s][info][gc,heap        ] GC(684) Old regions: 43->43
[66.514s][info][gc,heap        ] GC(684) Archive regions: 0->0
[66.514s][info][gc,heap        ] GC(684) Humongous regions: 3->3
[66.514s][info][gc,metaspace   ] GC(684) Metaspace: 8641K(8896K)->8641K(8896K) NonClass: 7487K(7616K)->7487K(7616K) Class: 1153K(1280K)->1153K(1280K)
[66.514s][info][gc             ] GC(684) Pause Young (Normal) (G1 Evacuation Pause) 223M->52M(304M) 6.283ms
[66.514s][info][gc,cpu         ] GC(684) User=0.00s Sys=0.00s Real=0.01s
[66.663s][info][gc,start       ] GC(685) Pause Young (Normal) (G1 Evacuation Pause)
[66.663s][info][gc,task        ] GC(685) Using 7 workers of 33 for evacuation
[66.684s][info][gc,phases      ] GC(685)   Pre Evacuate Collection Set: 0.1ms
[66.684s][info][gc,phases      ] GC(685)   Merge Heap Roots: 0.2ms
[66.684s][info][gc,phases      ] GC(685)   Evacuate Collection Set: 20.9ms
[66.684s][info][gc,phases      ] GC(685)   Post Evacuate Collection Set: 0.3ms
[66.684s][info][gc,phases      ] GC(685)   Other: 0.1ms
[66.685s][info][gc,heap        ] GC(685) Eden regions: 170->0(159)
[66.685s][info][gc,heap        ] GC(685) Survivor regions: 12->23(23)
[66.685s][info][gc,heap        ] GC(685) Old regions: 43->51
[66.685s][info][gc,heap        ] GC(685) Archive regions: 0->0
[66.685s][info][gc,heap        ] GC(685) Humongous regions: 8->8
[66.685s][info][gc,metaspace   ] GC(685) Metaspace: 8641K(8896K)->8641K(8896K) NonClass: 7487K(7616K)->7487K(7616K) Class: 1153K(1280K)->1153K(1280K)
[66.685s][info][gc             ] GC(685) Pause Young (Normal) (G1 Evacuation Pause) 227M->77M(304M) 22.130ms
[66.685s][info][gc,cpu         ] GC(685) User=0.11s Sys=0.00s Real=0.02s
[67.016s][info][gc,heap,exit   ] Heap
[67.016s][info][gc,heap,exit   ]  garbage-first heap   total 311296K, used 169227K [0x00000000e0000000, 0x0000000100000000)
[67.016s][info][gc,heap,exit   ]   region size 1024K, 97 young (99328K), 23 survivors (23552K)
[67.016s][info][gc,heap,exit   ]  Metaspace       used 8700K, committed 8960K, reserved 1114112K
[67.016s][info][gc,heap,exit   ]   class space    used 1162K, committed 1280K, reserved 1048576K
