[0.016s][info][gc,init] CardTable entry size: 512
[0.017s][info][gc     ] Using G1
[0.032s][info][gc,init] Version: 20+36-2344 (release)
[0.032s][info][gc,init] CPUs: 48 total, 48 available
[0.032s][info][gc,init] Memory: 382G
[0.032s][info][gc,init] Large Page Support: Disabled
[0.032s][info][gc,init] NUMA Support: Disabled
[0.032s][info][gc,init] Compressed Oops: Enabled (Zero based)
[0.032s][info][gc,init] Heap Region Size: 2M
[0.032s][info][gc,init] Heap Min Capacity: 8M
[0.032s][info][gc,init] Heap Initial Capacity: 2G
[0.032s][info][gc,init] Heap Max Capacity: 4G
[0.043s][info][gc,init] Pre-touch: Disabled
[0.043s][info][gc,init] Parallel Workers: 33
[0.043s][info][gc,init] Concurrent Workers: 8
[0.043s][info][gc,init] Concurrent Refinement Workers: 33
[0.043s][info][gc,init] Periodic GC: Disabled
[0.044s][info][gc,metaspace] CDS archive(s) mapped at: [0x0000000800000000-0x0000000800c60000-0x0000000800c60000), size 12976128, SharedBaseAddress: 0x0000000800000000, ArchiveRelocationMode: 0.
[0.044s][info][gc,metaspace] Compressed class space mapped at: 0x0000000801000000-0x0000000841000000, reserved size: 1073741824
[0.044s][info][gc,metaspace] Narrow klass base: 0x0000000800000000, Narrow klass shift: 0, Narrow klass range: 0x100000000
[1.101s][info][gc,start    ] GC(0) Pause Full (System.gc())
[1.102s][info][gc,task     ] GC(0) Using 14 workers of 33 for full compaction
[1.103s][info][gc,phases,start] GC(0) Phase 1: Mark live objects
[1.107s][info][gc,phases      ] GC(0) Phase 1: Mark live objects 3.809ms
[1.107s][info][gc,phases,start] GC(0) Phase 2: Prepare compaction
[1.110s][info][gc,phases      ] GC(0) Phase 2: Prepare compaction 2.498ms
[1.110s][info][gc,phases,start] GC(0) Phase 3: Adjust pointers
[1.112s][info][gc,phases      ] GC(0) Phase 3: Adjust pointers 2.353ms
[1.112s][info][gc,phases,start] GC(0) Phase 4: Compact heap
[1.115s][info][gc,phases      ] GC(0) Phase 4: Compact heap 2.448ms
[1.133s][info][gc,heap        ] GC(0) Eden regions: 14->0(11)
[1.133s][info][gc,heap        ] GC(0) Survivor regions: 0->0(0)
[1.133s][info][gc,heap        ] GC(0) Old regions: 0->14
[1.133s][info][gc,heap        ] GC(0) Archive regions: 0->0
[1.133s][info][gc,heap        ] GC(0) Humongous regions: 0->0
[1.133s][info][gc,metaspace   ] GC(0) Metaspace: 8265K(8448K)->8265K(8448K) NonClass: 7150K(7232K)->7150K(7232K) Class: 1115K(1216K)->1115K(1216K)
[1.133s][info][gc             ] GC(0) Pause Full (System.gc()) 28M->3M(94M) 31.856ms
[1.133s][info][gc,cpu         ] GC(0) User=0.22s Sys=0.22s Real=0.03s
[1.226s][info][gc,start       ] GC(1) Pause Young (Normal) (G1 Evacuation Pause)
[1.226s][info][gc,task        ] GC(1) Using 8 workers of 33 for evacuation
[1.227s][info][gc,phases      ] GC(1)   Pre Evacuate Collection Set: 0.1ms
[1.227s][info][gc,phases      ] GC(1)   Merge Heap Roots: 0.1ms
[1.227s][info][gc,phases      ] GC(1)   Evacuate Collection Set: 0.5ms
[1.227s][info][gc,phases      ] GC(1)   Post Evacuate Collection Set: 0.2ms
[1.227s][info][gc,phases      ] GC(1)   Other: 0.1ms
[1.227s][info][gc,heap        ] GC(1) Eden regions: 11->0(27)
[1.227s][info][gc,heap        ] GC(1) Survivor regions: 0->1(2)
[1.227s][info][gc,heap        ] GC(1) Old regions: 14->14
[1.228s][info][gc,heap        ] GC(1) Archive regions: 0->0
[1.228s][info][gc,heap        ] GC(1) Humongous regions: 0->0
[1.228s][info][gc,metaspace   ] GC(1) Metaspace: 8409K(8576K)->8409K(8576K) NonClass: 7281K(7360K)->7281K(7360K) Class: 1127K(1216K)->1127K(1216K)
[1.228s][info][gc             ] GC(1) Pause Young (Normal) (G1 Evacuation Pause) 25M->4M(94M) 1.241ms
[1.228s][info][gc,cpu         ] GC(1) User=0.00s Sys=0.00s Real=0.00s
[1.285s][info][gc,start       ] GC(2) Pause Young (Normal) (G1 Evacuation Pause)
[1.286s][info][gc,task        ] GC(2) Using 5 workers of 33 for evacuation
[1.286s][info][gc,phases      ] GC(2)   Pre Evacuate Collection Set: 0.1ms
[1.287s][info][gc,phases      ] GC(2)   Merge Heap Roots: 0.1ms
[1.287s][info][gc,phases      ] GC(2)   Evacuate Collection Set: 0.5ms
[1.287s][info][gc,phases      ] GC(2)   Post Evacuate Collection Set: 0.2ms
[1.287s][info][gc,phases      ] GC(2)   Other: 0.1ms
[1.287s][info][gc,heap        ] GC(2) Eden regions: 27->0(27)
[1.287s][info][gc,heap        ] GC(2) Survivor regions: 1->1(4)
[1.287s][info][gc,heap        ] GC(2) Old regions: 14->14
[1.287s][info][gc,heap        ] GC(2) Archive regions: 0->0
[1.287s][info][gc,heap        ] GC(2) Humongous regions: 0->0
[1.287s][info][gc,metaspace   ] GC(2) Metaspace: 8409K(8576K)->8409K(8576K) NonClass: 7281K(7360K)->7281K(7360K) Class: 1127K(1216K)->1127K(1216K)
[1.287s][info][gc             ] GC(2) Pause Young (Normal) (G1 Evacuation Pause) 58M->3M(94M) 1.194ms
[1.287s][info][gc,cpu         ] GC(2) User=0.00s Sys=0.00s Real=0.00s
[1.344s][info][gc,start       ] GC(3) Pause Young (Normal) (G1 Evacuation Pause)
[1.345s][info][gc,task        ] GC(3) Using 3 workers of 33 for evacuation
[1.346s][info][gc,phases      ] GC(3)   Pre Evacuate Collection Set: 0.1ms
[1.346s][info][gc,phases      ] GC(3)   Merge Heap Roots: 0.1ms
[1.346s][info][gc,phases      ] GC(3)   Evacuate Collection Set: 0.9ms
[1.346s][info][gc,phases      ] GC(3)   Post Evacuate Collection Set: 0.4ms
[1.346s][info][gc,phases      ] GC(3)   Other: 0.1ms
[1.346s][info][gc,heap        ] GC(3) Eden regions: 27->0(27)
[1.346s][info][gc,heap        ] GC(3) Survivor regions: 1->1(4)
[1.346s][info][gc,heap        ] GC(3) Old regions: 14->14
[1.346s][info][gc,heap        ] GC(3) Archive regions: 0->0
[1.346s][info][gc,heap        ] GC(3) Humongous regions: 0->0
[1.346s][info][gc,metaspace   ] GC(3) Metaspace: 8409K(8576K)->8409K(8576K) NonClass: 7281K(7360K)->7281K(7360K) Class: 1127K(1216K)->1127K(1216K)
[1.346s][info][gc             ] GC(3) Pause Young (Normal) (G1 Evacuation Pause) 57M->3M(94M) 2.042ms
[1.346s][info][gc,cpu         ] GC(3) User=0.06s Sys=0.00s Real=0.01s
[1.382s][info][gc,start       ] GC(4) Pause Young (Normal) (G1 Evacuation Pause)
[1.382s][info][gc,task        ] GC(4) Using 2 workers of 33 for evacuation
[1.385s][info][gc,phases      ] GC(4)   Pre Evacuate Collection Set: 0.1ms
[1.385s][info][gc,phases      ] GC(4)   Merge Heap Roots: 0.1ms
[1.385s][info][gc,phases      ] GC(4)   Evacuate Collection Set: 2.1ms
[1.385s][info][gc,phases      ] GC(4)   Post Evacuate Collection Set: 0.3ms
[1.385s][info][gc,phases      ] GC(4)   Other: 0.1ms
[1.385s][info][gc,heap        ] GC(4) Eden regions: 27->0(27)
[1.385s][info][gc,heap        ] GC(4) Survivor regions: 1->1(4)
[1.385s][info][gc,heap        ] GC(4) Old regions: 14->14
[1.385s][info][gc,heap        ] GC(4) Archive regions: 0->0
[1.385s][info][gc,heap        ] GC(4) Humongous regions: 0->0
[1.385s][info][gc,metaspace   ] GC(4) Metaspace: 8409K(8576K)->8409K(8576K) NonClass: 7281K(7360K)->7281K(7360K) Class: 1127K(1216K)->1127K(1216K)
[1.385s][info][gc             ] GC(4) Pause Young (Normal) (G1 Evacuation Pause) 57M->4M(94M) 3.017ms
[1.385s][info][gc,cpu         ] GC(4) User=0.00s Sys=0.00s Real=0.00s
[1.413s][info][gc,start       ] GC(5) Pause Young (Normal) (G1 Evacuation Pause)
[1.413s][info][gc,task        ] GC(5) Using 2 workers of 33 for evacuation
[1.424s][info][gc,phases      ] GC(5)   Pre Evacuate Collection Set: 0.1ms
[1.424s][info][gc,phases      ] GC(5)   Merge Heap Roots: 0.1ms
[1.424s][info][gc,phases      ] GC(5)   Evacuate Collection Set: 1.6ms
[1.424s][info][gc,phases      ] GC(5)   Post Evacuate Collection Set: 8.4ms
[1.424s][info][gc,phases      ] GC(5)   Other: 0.1ms
[1.424s][info][gc,heap        ] GC(5) Eden regions: 27->0(320)
[1.424s][info][gc,heap        ] GC(5) Survivor regions: 1->1(4)
[1.424s][info][gc,heap        ] GC(5) Old regions: 14->14
[1.424s][info][gc,heap        ] GC(5) Archive regions: 0->0
[1.424s][info][gc,heap        ] GC(5) Humongous regions: 0->0
[1.424s][info][gc,metaspace   ] GC(5) Metaspace: 8409K(8576K)->8409K(8576K) NonClass: 7281K(7360K)->7281K(7360K) Class: 1127K(1216K)->1127K(1216K)
[1.424s][info][gc             ] GC(5) Pause Young (Normal) (G1 Evacuation Pause) 58M->4M(1072M) 10.786ms
[1.424s][info][gc,cpu         ] GC(5) User=0.00s Sys=0.00s Real=0.00s
[1.984s][info][gc,start       ] GC(6) Pause Young (Normal) (G1 Evacuation Pause)
[1.985s][info][gc,task        ] GC(6) Using 25 workers of 33 for evacuation
[1.992s][info][gc,phases      ] GC(6)   Pre Evacuate Collection Set: 0.2ms
[1.992s][info][gc,phases      ] GC(6)   Merge Heap Roots: 0.2ms
[1.992s][info][gc,phases      ] GC(6)   Evacuate Collection Set: 6.3ms
[1.992s][info][gc,phases      ] GC(6)   Post Evacuate Collection Set: 0.8ms
[1.992s][info][gc,phases      ] GC(6)   Other: 1.1ms
[1.992s][info][gc,heap        ] GC(6) Eden regions: 320->0(319)
[1.992s][info][gc,heap        ] GC(6) Survivor regions: 1->2(41)
[1.992s][info][gc,heap        ] GC(6) Old regions: 14->14
[1.993s][info][gc,heap        ] GC(6) Archive regions: 0->0
[1.993s][info][gc,heap        ] GC(6) Humongous regions: 0->0
[1.993s][info][gc,metaspace   ] GC(6) Metaspace: 8409K(8576K)->8409K(8576K) NonClass: 7281K(7360K)->7281K(7360K) Class: 1127K(1216K)->1127K(1216K)
[1.993s][info][gc             ] GC(6) Pause Young (Normal) (G1 Evacuation Pause) 644M->6M(1072M) 9.013ms
[1.993s][info][gc,cpu         ] GC(6) User=0.00s Sys=0.00s Real=0.00s
[2.343s][info][gc,start       ] GC(7) Pause Young (Normal) (G1 Evacuation Pause)
[2.343s][info][gc,task        ] GC(7) Using 25 workers of 33 for evacuation
[2.348s][info][gc,phases      ] GC(7)   Pre Evacuate Collection Set: 0.1ms
[2.348s][info][gc,phases      ] GC(7)   Merge Heap Roots: 0.2ms
[2.348s][info][gc,phases      ] GC(7)   Evacuate Collection Set: 3.6ms
[2.348s][info][gc,phases      ] GC(7)   Post Evacuate Collection Set: 0.8ms
[2.348s][info][gc,phases      ] GC(7)   Other: 0.2ms
[2.348s][info][gc,heap        ] GC(7) Eden regions: 319->0(318)
[2.348s][info][gc,heap        ] GC(7) Survivor regions: 2->3(41)
[2.348s][info][gc,heap        ] GC(7) Old regions: 14->14
[2.348s][info][gc,heap        ] GC(7) Archive regions: 0->0
[2.348s][info][gc,heap        ] GC(7) Humongous regions: 0->0
[2.348s][info][gc,metaspace   ] GC(7) Metaspace: 8409K(8576K)->8409K(8576K) NonClass: 7281K(7360K)->7281K(7360K) Class: 1127K(1216K)->1127K(1216K)
[2.349s][info][gc             ] GC(7) Pause Young (Normal) (G1 Evacuation Pause) 644M->9M(1072M) 5.286ms
[2.349s][info][gc,cpu         ] GC(7) User=0.00s Sys=0.00s Real=0.00s
[2.693s][info][gc,start       ] GC(8) Pause Young (Normal) (G1 Evacuation Pause)
[2.693s][info][gc,task        ] GC(8) Using 25 workers of 33 for evacuation
[2.698s][info][gc,phases      ] GC(8)   Pre Evacuate Collection Set: 0.1ms
[2.698s][info][gc,phases      ] GC(8)   Merge Heap Roots: 0.2ms
[2.698s][info][gc,phases      ] GC(8)   Evacuate Collection Set: 3.7ms
[2.698s][info][gc,phases      ] GC(8)   Post Evacuate Collection Set: 0.8ms
[2.698s][info][gc,phases      ] GC(8)   Other: 0.2ms
[2.699s][info][gc,heap        ] GC(8) Eden regions: 318->0(317)
[2.699s][info][gc,heap        ] GC(8) Survivor regions: 3->4(41)
[2.699s][info][gc,heap        ] GC(8) Old regions: 14->14
[2.699s][info][gc,heap        ] GC(8) Archive regions: 0->0
[2.699s][info][gc,heap        ] GC(8) Humongous regions: 0->0
[2.699s][info][gc,metaspace   ] GC(8) Metaspace: 8409K(8576K)->8409K(8576K) NonClass: 7281K(7360K)->7281K(7360K) Class: 1127K(1216K)->1127K(1216K)
[2.699s][info][gc             ] GC(8) Pause Young (Normal) (G1 Evacuation Pause) 645M->11M(1072M) 5.524ms
[2.699s][info][gc,cpu         ] GC(8) User=0.00s Sys=0.00s Real=0.00s
[3.032s][info][gc,start       ] GC(9) Pause Young (Normal) (G1 Evacuation Pause)
[3.032s][info][gc,task        ] GC(9) Using 25 workers of 33 for evacuation
[3.037s][info][gc,phases      ] GC(9)   Pre Evacuate Collection Set: 0.1ms
[3.037s][info][gc,phases      ] GC(9)   Merge Heap Roots: 0.2ms
[3.037s][info][gc,phases      ] GC(9)   Evacuate Collection Set: 3.5ms
[3.037s][info][gc,phases      ] GC(9)   Post Evacuate Collection Set: 0.8ms
[3.037s][info][gc,phases      ] GC(9)   Other: 0.2ms
[3.037s][info][gc,heap        ] GC(9) Eden regions: 317->0(315)
[3.037s][info][gc,heap        ] GC(9) Survivor regions: 4->6(41)
[3.037s][info][gc,heap        ] GC(9) Old regions: 14->14
[3.037s][info][gc,heap        ] GC(9) Archive regions: 0->0
[3.037s][info][gc,heap        ] GC(9) Humongous regions: 0->0
[3.037s][info][gc,metaspace   ] GC(9) Metaspace: 8409K(8576K)->8409K(8576K) NonClass: 7281K(7360K)->7281K(7360K) Class: 1127K(1216K)->1127K(1216K)
[3.037s][info][gc             ] GC(9) Pause Young (Normal) (G1 Evacuation Pause) 645M->13M(1072M) 5.267ms
[3.037s][info][gc,cpu         ] GC(9) User=0.00s Sys=0.00s Real=0.00s
[3.380s][info][gc,start       ] GC(10) Pause Young (Normal) (G1 Evacuation Pause)
[3.380s][info][gc,task        ] GC(10) Using 25 workers of 33 for evacuation
[3.385s][info][gc,phases      ] GC(10)   Pre Evacuate Collection Set: 0.2ms
[3.385s][info][gc,phases      ] GC(10)   Merge Heap Roots: 0.2ms
[3.385s][info][gc,phases      ] GC(10)   Evacuate Collection Set: 3.4ms
[3.385s][info][gc,phases      ] GC(10)   Post Evacuate Collection Set: 0.8ms
[3.385s][info][gc,phases      ] GC(10)   Other: 0.2ms
[3.385s][info][gc,heap        ] GC(10) Eden regions: 315->0(314)
[3.385s][info][gc,heap        ] GC(10) Survivor regions: 6->7(41)
[3.385s][info][gc,heap        ] GC(10) Old regions: 14->14
[3.385s][info][gc,heap        ] GC(10) Archive regions: 0->0
[3.385s][info][gc,heap        ] GC(10) Humongous regions: 0->0
[3.385s][info][gc,metaspace   ] GC(10) Metaspace: 8409K(8576K)->8409K(8576K) NonClass: 7281K(7360K)->7281K(7360K) Class: 1127K(1216K)->1127K(1216K)
[3.385s][info][gc             ] GC(10) Pause Young (Normal) (G1 Evacuation Pause) 643M->16M(1072M) 5.161ms
[3.385s][info][gc,cpu         ] GC(10) User=0.00s Sys=0.02s Real=0.02s
[3.767s][info][gc,start       ] GC(11) Pause Young (Normal) (G1 Evacuation Pause)
[3.767s][info][gc,task        ] GC(11) Using 25 workers of 33 for evacuation
[3.773s][info][gc,phases      ] GC(11)   Pre Evacuate Collection Set: 0.2ms
[3.773s][info][gc,phases      ] GC(11)   Merge Heap Roots: 0.2ms
[3.773s][info][gc,phases      ] GC(11)   Evacuate Collection Set: 4.6ms
[3.773s][info][gc,phases      ] GC(11)   Post Evacuate Collection Set: 0.8ms
[3.773s][info][gc,phases      ] GC(11)   Other: 0.2ms
[3.773s][info][gc,heap        ] GC(11) Eden regions: 314->0(313)
[3.773s][info][gc,heap        ] GC(11) Survivor regions: 7->8(41)
[3.773s][info][gc,heap        ] GC(11) Old regions: 14->14
[3.773s][info][gc,heap        ] GC(11) Archive regions: 0->0
[3.773s][info][gc,heap        ] GC(11) Humongous regions: 0->0
[3.773s][info][gc,metaspace   ] GC(11) Metaspace: 8412K(8576K)->8412K(8576K) NonClass: 7285K(7360K)->7285K(7360K) Class: 1127K(1216K)->1127K(1216K)
[3.773s][info][gc             ] GC(11) Pause Young (Normal) (G1 Evacuation Pause) 644M->18M(1072M) 6.517ms
[3.773s][info][gc,cpu         ] GC(11) User=0.00s Sys=0.02s Real=0.02s
[4.097s][info][gc,start       ] GC(12) Pause Young (Normal) (G1 Evacuation Pause)
[4.097s][info][gc,task        ] GC(12) Using 25 workers of 33 for evacuation
[4.103s][info][gc,phases      ] GC(12)   Pre Evacuate Collection Set: 0.1ms
[4.103s][info][gc,phases      ] GC(12)   Merge Heap Roots: 0.2ms
[4.103s][info][gc,phases      ] GC(12)   Evacuate Collection Set: 4.7ms
[4.103s][info][gc,phases      ] GC(12)   Post Evacuate Collection Set: 0.8ms
[4.103s][info][gc,phases      ] GC(12)   Other: 0.2ms
[4.103s][info][gc,heap        ] GC(12) Eden regions: 313->0(312)
[4.103s][info][gc,heap        ] GC(12) Survivor regions: 8->9(41)
[4.103s][info][gc,heap        ] GC(12) Old regions: 14->14
[4.103s][info][gc,heap        ] GC(12) Archive regions: 0->0
[4.103s][info][gc,heap        ] GC(12) Humongous regions: 0->0
[4.103s][info][gc,metaspace   ] GC(12) Metaspace: 8412K(8576K)->8412K(8576K) NonClass: 7285K(7360K)->7285K(7360K) Class: 1127K(1216K)->1127K(1216K)
[4.103s][info][gc             ] GC(12) Pause Young (Normal) (G1 Evacuation Pause) 644M->20M(1072M) 6.450ms
[4.103s][info][gc,cpu         ] GC(12) User=0.00s Sys=0.00s Real=0.00s
[4.443s][info][gc,start       ] GC(13) Pause Young (Normal) (G1 Evacuation Pause)
[4.443s][info][gc,task        ] GC(13) Using 25 workers of 33 for evacuation
[4.449s][info][gc,phases      ] GC(13)   Pre Evacuate Collection Set: 0.2ms
[4.449s][info][gc,phases      ] GC(13)   Merge Heap Roots: 0.2ms
[4.449s][info][gc,phases      ] GC(13)   Evacuate Collection Set: 5.3ms
[4.449s][info][gc,phases      ] GC(13)   Post Evacuate Collection Set: 0.8ms
[4.450s][info][gc,phases      ] GC(13)   Other: 0.2ms
[4.450s][info][gc,heap        ] GC(13) Eden regions: 312->0(311)
[4.450s][info][gc,heap        ] GC(13) Survivor regions: 9->10(41)
[4.450s][info][gc,heap        ] GC(13) Old regions: 14->14
[4.450s][info][gc,heap        ] GC(13) Archive regions: 0->0
[4.450s][info][gc,heap        ] GC(13) Humongous regions: 0->0
[4.450s][info][gc,metaspace   ] GC(13) Metaspace: 8412K(8576K)->8412K(8576K) NonClass: 7285K(7360K)->7285K(7360K) Class: 1127K(1216K)->1127K(1216K)
[4.450s][info][gc             ] GC(13) Pause Young (Normal) (G1 Evacuation Pause) 644M->22M(1072M) 7.179ms
[4.450s][info][gc,cpu         ] GC(13) User=0.39s Sys=0.00s Real=0.02s
[4.783s][info][gc,start       ] GC(14) Pause Young (Normal) (G1 Evacuation Pause)
[4.783s][info][gc,task        ] GC(14) Using 25 workers of 33 for evacuation
[4.790s][info][gc,phases      ] GC(14)   Pre Evacuate Collection Set: 0.1ms
[4.790s][info][gc,phases      ] GC(14)   Merge Heap Roots: 0.1ms
[4.790s][info][gc,phases      ] GC(14)   Evacuate Collection Set: 5.7ms
[4.790s][info][gc,phases      ] GC(14)   Post Evacuate Collection Set: 0.8ms
[4.790s][info][gc,phases      ] GC(14)   Other: 0.2ms
[4.790s][info][gc,heap        ] GC(14) Eden regions: 311->0(310)
[4.790s][info][gc,heap        ] GC(14) Survivor regions: 10->11(41)
[4.790s][info][gc,heap        ] GC(14) Old regions: 14->14
[4.790s][info][gc,heap        ] GC(14) Archive regions: 0->0
[4.790s][info][gc,heap        ] GC(14) Humongous regions: 0->0
[4.790s][info][gc,metaspace   ] GC(14) Metaspace: 8412K(8576K)->8412K(8576K) NonClass: 7285K(7360K)->7285K(7360K) Class: 1127K(1216K)->1127K(1216K)
[4.790s][info][gc             ] GC(14) Pause Young (Normal) (G1 Evacuation Pause) 644M->25M(1072M) 7.507ms
[4.790s][info][gc,cpu         ] GC(14) User=0.39s Sys=0.00s Real=0.02s
[5.513s][info][gc,start       ] GC(15) Pause Full (System.gc())
[5.513s][info][gc,task        ] GC(15) Using 25 workers of 33 for full compaction
[5.514s][info][gc,phases,start] GC(15) Phase 1: Mark live objects
[5.520s][info][gc,phases      ] GC(15) Phase 1: Mark live objects 5.652ms
[5.520s][info][gc,phases,start] GC(15) Phase 2: Prepare compaction
[5.524s][info][gc,phases      ] GC(15) Phase 2: Prepare compaction 4.809ms
[5.524s][info][gc,phases,start] GC(15) Phase 3: Adjust pointers
[5.528s][info][gc,phases      ] GC(15) Phase 3: Adjust pointers 3.176ms
[5.528s][info][gc,phases,start] GC(15) Phase 4: Compact heap
[5.529s][info][gc,phases      ] GC(15) Phase 4: Compact heap 1.322ms
[5.539s][info][gc,heap        ] GC(15) Eden regions: 200->0(32)
[5.539s][info][gc,heap        ] GC(15) Survivor regions: 11->0(41)
[5.539s][info][gc,heap        ] GC(15) Old regions: 14->16
[5.539s][info][gc,heap        ] GC(15) Archive regions: 0->0
[5.539s][info][gc,heap        ] GC(15) Humongous regions: 5->0
[5.539s][info][gc,metaspace   ] GC(15) Metaspace: 8599K(8832K)->8599K(8832K) NonClass: 7445K(7552K)->7445K(7552K) Class: 1153K(1280K)->1153K(1280K)
[5.539s][info][gc             ] GC(15) Pause Full (System.gc()) 434M->3M(108M) 26.298ms
[5.539s][info][gc,cpu         ] GC(15) User=0.02s Sys=0.23s Real=0.02s
[5.580s][info][gc,start       ] GC(16) Pause Young (Normal) (G1 Evacuation Pause)
[5.580s][info][gc,task        ] GC(16) Using 13 workers of 33 for evacuation
[5.581s][info][gc,phases      ] GC(16)   Pre Evacuate Collection Set: 0.1ms
[5.581s][info][gc,phases      ] GC(16)   Merge Heap Roots: 0.1ms
[5.581s][info][gc,phases      ] GC(16)   Evacuate Collection Set: 0.3ms
[5.581s][info][gc,phases      ] GC(16)   Post Evacuate Collection Set: 0.3ms
[5.581s][info][gc,phases      ] GC(16)   Other: 0.1ms
[5.581s][info][gc,heap        ] GC(16) Eden regions: 32->0(30)
[5.581s][info][gc,heap        ] GC(16) Survivor regions: 0->2(4)
[5.581s][info][gc,heap        ] GC(16) Old regions: 16->16
[5.581s][info][gc,heap        ] GC(16) Archive regions: 0->0
[5.581s][info][gc,heap        ] GC(16) Humongous regions: 0->0
[5.581s][info][gc,metaspace   ] GC(16) Metaspace: 8599K(8832K)->8599K(8832K) NonClass: 7445K(7552K)->7445K(7552K) Class: 1153K(1280K)->1153K(1280K)
[5.581s][info][gc             ] GC(16) Pause Young (Normal) (G1 Evacuation Pause) 67M->6M(108M) 1.418ms
[5.581s][info][gc,cpu         ] GC(16) User=0.00s Sys=0.00s Real=0.00s
[5.612s][info][gc,start       ] GC(17) Pause Young (Normal) (G1 Evacuation Pause)
[5.612s][info][gc,task        ] GC(17) Using 7 workers of 33 for evacuation
[5.617s][info][gc,phases      ] GC(17)   Pre Evacuate Collection Set: 0.1ms
[5.617s][info][gc,phases      ] GC(17)   Merge Heap Roots: 0.1ms
[5.617s][info][gc,phases      ] GC(17)   Evacuate Collection Set: 0.6ms
[5.617s][info][gc,phases      ] GC(17)   Post Evacuate Collection Set: 4.1ms
[5.617s][info][gc,phases      ] GC(17)   Other: 0.1ms
[5.617s][info][gc,heap        ] GC(17) Eden regions: 30->0(322)
[5.617s][info][gc,heap        ] GC(17) Survivor regions: 2->1(4)
[5.617s][info][gc,heap        ] GC(17) Old regions: 16->16
[5.617s][info][gc,heap        ] GC(17) Archive regions: 0->0
[5.617s][info][gc,heap        ] GC(17) Humongous regions: 0->0
[5.617s][info][gc,metaspace   ] GC(17) Metaspace: 8599K(8832K)->8599K(8832K) NonClass: 7445K(7552K)->7445K(7552K) Class: 1153K(1280K)->1153K(1280K)
[5.617s][info][gc             ] GC(17) Pause Young (Normal) (G1 Evacuation Pause) 66M->4M(1078M) 5.418ms
[5.617s][info][gc,cpu         ] GC(17) User=0.00s Sys=0.00s Real=0.00s
[5.955s][info][gc,start       ] GC(18) Pause Young (Normal) (G1 Evacuation Pause)
[5.956s][info][gc,task        ] GC(18) Using 25 workers of 33 for evacuation
[5.958s][info][gc,phases      ] GC(18)   Pre Evacuate Collection Set: 0.1ms
[5.958s][info][gc,phases      ] GC(18)   Merge Heap Roots: 0.2ms
[5.958s][info][gc,phases      ] GC(18)   Evacuate Collection Set: 1.2ms
[5.958s][info][gc,phases      ] GC(18)   Post Evacuate Collection Set: 0.6ms
[5.958s][info][gc,phases      ] GC(18)   Other: 0.2ms
[5.958s][info][gc,heap        ] GC(18) Eden regions: 322->0(321)
[5.958s][info][gc,heap        ] GC(18) Survivor regions: 1->2(41)
[5.958s][info][gc,heap        ] GC(18) Old regions: 16->16
[5.958s][info][gc,heap        ] GC(18) Archive regions: 0->0
[5.958s][info][gc,heap        ] GC(18) Humongous regions: 0->0
[5.958s][info][gc,metaspace   ] GC(18) Metaspace: 8599K(8832K)->8599K(8832K) NonClass: 7445K(7552K)->7445K(7552K) Class: 1153K(1280K)->1153K(1280K)
[5.958s][info][gc             ] GC(18) Pause Young (Normal) (G1 Evacuation Pause) 648M->6M(1078M) 2.716ms
[5.958s][info][gc,cpu         ] GC(18) User=0.00s Sys=0.00s Real=0.00s
[6.314s][info][gc,start       ] GC(19) Pause Young (Normal) (G1 Evacuation Pause)
[6.314s][info][gc,task        ] GC(19) Using 25 workers of 33 for evacuation
[6.317s][info][gc,phases      ] GC(19)   Pre Evacuate Collection Set: 0.1ms
[6.317s][info][gc,phases      ] GC(19)   Merge Heap Roots: 0.2ms
[6.317s][info][gc,phases      ] GC(19)   Evacuate Collection Set: 1.8ms
[6.317s][info][gc,phases      ] GC(19)   Post Evacuate Collection Set: 0.6ms
[6.317s][info][gc,phases      ] GC(19)   Other: 0.2ms
[6.317s][info][gc,heap        ] GC(19) Eden regions: 321->0(320)
[6.317s][info][gc,heap        ] GC(19) Survivor regions: 2->3(41)
[6.317s][info][gc,heap        ] GC(19) Old regions: 16->16
[6.317s][info][gc,heap        ] GC(19) Archive regions: 0->0
[6.317s][info][gc,heap        ] GC(19) Humongous regions: 0->0
[6.317s][info][gc,metaspace   ] GC(19) Metaspace: 8599K(8832K)->8599K(8832K) NonClass: 7445K(7552K)->7445K(7552K) Class: 1153K(1280K)->1153K(1280K)
[6.317s][info][gc             ] GC(19) Pause Young (Normal) (G1 Evacuation Pause) 648M->8M(1078M) 3.374ms
[6.317s][info][gc,cpu         ] GC(19) User=0.00s Sys=0.00s Real=0.00s
[6.647s][info][gc,start       ] GC(20) Pause Young (Normal) (G1 Evacuation Pause)
[6.647s][info][gc,task        ] GC(20) Using 25 workers of 33 for evacuation
[6.650s][info][gc,phases      ] GC(20)   Pre Evacuate Collection Set: 0.1ms
[6.650s][info][gc,phases      ] GC(20)   Merge Heap Roots: 0.2ms
[6.651s][info][gc,phases      ] GC(20)   Evacuate Collection Set: 2.1ms
[6.651s][info][gc,phases      ] GC(20)   Post Evacuate Collection Set: 0.6ms
[6.651s][info][gc,phases      ] GC(20)   Other: 0.2ms
[6.651s][info][gc,heap        ] GC(20) Eden regions: 320->0(319)
[6.651s][info][gc,heap        ] GC(20) Survivor regions: 3->4(41)
[6.651s][info][gc,heap        ] GC(20) Old regions: 16->16
[6.651s][info][gc,heap        ] GC(20) Archive regions: 0->0
[6.651s][info][gc,heap        ] GC(20) Humongous regions: 0->0
[6.651s][info][gc,metaspace   ] GC(20) Metaspace: 8599K(8832K)->8599K(8832K) NonClass: 7445K(7552K)->7445K(7552K) Class: 1153K(1280K)->1153K(1280K)
[6.651s][info][gc             ] GC(20) Pause Young (Normal) (G1 Evacuation Pause) 648M->10M(1078M) 3.738ms
[6.651s][info][gc,cpu         ] GC(20) User=0.00s Sys=0.00s Real=0.00s
[6.992s][info][gc,start       ] GC(21) Pause Young (Normal) (G1 Evacuation Pause)
[6.993s][info][gc,task        ] GC(21) Using 25 workers of 33 for evacuation
[6.996s][info][gc,phases      ] GC(21)   Pre Evacuate Collection Set: 0.1ms
[6.996s][info][gc,phases      ] GC(21)   Merge Heap Roots: 0.2ms
[6.996s][info][gc,phases      ] GC(21)   Evacuate Collection Set: 2.8ms
[6.997s][info][gc,phases      ] GC(21)   Post Evacuate Collection Set: 0.6ms
[6.997s][info][gc,phases      ] GC(21)   Other: 0.2ms
[6.997s][info][gc,heap        ] GC(21) Eden regions: 319->0(318)
[6.997s][info][gc,heap        ] GC(21) Survivor regions: 4->5(41)
[6.997s][info][gc,heap        ] GC(21) Old regions: 16->16
[6.997s][info][gc,heap        ] GC(21) Archive regions: 0->0
[6.997s][info][gc,heap        ] GC(21) Humongous regions: 0->0
[6.997s][info][gc,metaspace   ] GC(21) Metaspace: 8599K(8832K)->8599K(8832K) NonClass: 7445K(7552K)->7445K(7552K) Class: 1153K(1280K)->1153K(1280K)
[6.997s][info][gc             ] GC(21) Pause Young (Normal) (G1 Evacuation Pause) 648M->13M(1078M) 4.387ms
[6.997s][info][gc,cpu         ] GC(21) User=0.00s Sys=0.00s Real=0.00s
[7.324s][info][gc,start       ] GC(22) Pause Young (Normal) (G1 Evacuation Pause)
[7.324s][info][gc,task        ] GC(22) Using 25 workers of 33 for evacuation
[7.328s][info][gc,phases      ] GC(22)   Pre Evacuate Collection Set: 0.1ms
[7.328s][info][gc,phases      ] GC(22)   Merge Heap Roots: 0.2ms
[7.328s][info][gc,phases      ] GC(22)   Evacuate Collection Set: 3.3ms
[7.328s][info][gc,phases      ] GC(22)   Post Evacuate Collection Set: 0.6ms
[7.328s][info][gc,phases      ] GC(22)   Other: 0.2ms
[7.328s][info][gc,heap        ] GC(22) Eden regions: 318->0(316)
[7.328s][info][gc,heap        ] GC(22) Survivor regions: 5->7(41)
[7.328s][info][gc,heap        ] GC(22) Old regions: 16->16
[7.328s][info][gc,heap        ] GC(22) Archive regions: 0->0
[7.328s][info][gc,heap        ] GC(22) Humongous regions: 0->0
[7.329s][info][gc,metaspace   ] GC(22) Metaspace: 8599K(8832K)->8599K(8832K) NonClass: 7445K(7552K)->7445K(7552K) Class: 1153K(1280K)->1153K(1280K)
[7.329s][info][gc             ] GC(22) Pause Young (Normal) (G1 Evacuation Pause) 649M->15M(1078M) 4.888ms
[7.329s][info][gc,cpu         ] GC(22) User=0.39s Sys=0.00s Real=0.02s
[7.688s][info][gc,start       ] GC(23) Pause Young (Normal) (G1 Evacuation Pause)
[7.688s][info][gc,task        ] GC(23) Using 25 workers of 33 for evacuation
[7.693s][info][gc,phases      ] GC(23)   Pre Evacuate Collection Set: 0.1ms
[7.693s][info][gc,phases      ] GC(23)   Merge Heap Roots: 0.2ms
[7.693s][info][gc,phases      ] GC(23)   Evacuate Collection Set: 4.2ms
[7.693s][info][gc,phases      ] GC(23)   Post Evacuate Collection Set: 0.6ms
[7.694s][info][gc,phases      ] GC(23)   Other: 0.2ms
[7.694s][info][gc,heap        ] GC(23) Eden regions: 316->0(315)
[7.694s][info][gc,heap        ] GC(23) Survivor regions: 7->8(41)
[7.694s][info][gc,heap        ] GC(23) Old regions: 16->16
[7.694s][info][gc,heap        ] GC(23) Archive regions: 0->0
[7.694s][info][gc,heap        ] GC(23) Humongous regions: 0->0
[7.694s][info][gc,metaspace   ] GC(23) Metaspace: 8599K(8832K)->8599K(8832K) NonClass: 7445K(7552K)->7445K(7552K) Class: 1153K(1280K)->1153K(1280K)
[7.694s][info][gc             ] GC(23) Pause Young (Normal) (G1 Evacuation Pause) 647M->17M(1078M) 5.846ms
[7.694s][info][gc,cpu         ] GC(23) User=0.00s Sys=0.00s Real=0.00s
[8.024s][info][gc,start       ] GC(24) Pause Young (Normal) (G1 Evacuation Pause)
[8.024s][info][gc,task        ] GC(24) Using 25 workers of 33 for evacuation
[8.030s][info][gc,phases      ] GC(24)   Pre Evacuate Collection Set: 0.2ms
[8.030s][info][gc,phases      ] GC(24)   Merge Heap Roots: 0.2ms
[8.030s][info][gc,phases      ] GC(24)   Evacuate Collection Set: 4.1ms
[8.030s][info][gc,phases      ] GC(24)   Post Evacuate Collection Set: 0.6ms
[8.030s][info][gc,phases      ] GC(24)   Other: 0.2ms
[8.030s][info][gc,heap        ] GC(24) Eden regions: 315->0(314)
[8.030s][info][gc,heap        ] GC(24) Survivor regions: 8->9(41)
[8.030s][info][gc,heap        ] GC(24) Old regions: 16->16
[8.030s][info][gc,heap        ] GC(24) Archive regions: 0->0
[8.030s][info][gc,heap        ] GC(24) Humongous regions: 0->0
[8.030s][info][gc,metaspace   ] GC(24) Metaspace: 8599K(8832K)->8599K(8832K) NonClass: 7445K(7552K)->7445K(7552K) Class: 1153K(1280K)->1153K(1280K)
[8.030s][info][gc             ] GC(24) Pause Young (Normal) (G1 Evacuation Pause) 647M->21M(1078M) 5.708ms
[8.030s][info][gc,cpu         ] GC(24) User=0.00s Sys=0.00s Real=0.00s
[8.391s][info][gc,start       ] GC(25) Pause Young (Normal) (G1 Evacuation Pause)
[8.391s][info][gc,task        ] GC(25) Using 25 workers of 33 for evacuation
[8.396s][info][gc,phases      ] GC(25)   Pre Evacuate Collection Set: 0.1ms
[8.396s][info][gc,phases      ] GC(25)   Merge Heap Roots: 0.2ms
[8.397s][info][gc,phases      ] GC(25)   Evacuate Collection Set: 4.5ms
[8.397s][info][gc,phases      ] GC(25)   Post Evacuate Collection Set: 0.6ms
[8.397s][info][gc,phases      ] GC(25)   Other: 0.2ms
[8.397s][info][gc,heap        ] GC(25) Eden regions: 314->0(313)
[8.397s][info][gc,heap        ] GC(25) Survivor regions: 9->10(41)
[8.397s][info][gc,heap        ] GC(25) Old regions: 16->16
[8.397s][info][gc,heap        ] GC(25) Archive regions: 0->0
[8.397s][info][gc,heap        ] GC(25) Humongous regions: 0->0
[8.397s][info][gc,metaspace   ] GC(25) Metaspace: 8599K(8832K)->8599K(8832K) NonClass: 7445K(7552K)->7445K(7552K) Class: 1153K(1280K)->1153K(1280K)
[8.397s][info][gc             ] GC(25) Pause Young (Normal) (G1 Evacuation Pause) 649M->22M(1078M) 6.139ms
[8.397s][info][gc,cpu         ] GC(25) User=0.39s Sys=0.00s Real=0.02s
[8.725s][info][gc,start       ] GC(26) Pause Young (Normal) (G1 Evacuation Pause)
[8.726s][info][gc,task        ] GC(26) Using 25 workers of 33 for evacuation
[8.732s][info][gc,phases      ] GC(26)   Pre Evacuate Collection Set: 0.1ms
[8.732s][info][gc,phases      ] GC(26)   Merge Heap Roots: 0.2ms
[8.732s][info][gc,phases      ] GC(26)   Evacuate Collection Set: 4.9ms
[8.732s][info][gc,phases      ] GC(26)   Post Evacuate Collection Set: 0.6ms
[8.732s][info][gc,phases      ] GC(26)   Other: 0.2ms
[8.732s][info][gc,heap        ] GC(26) Eden regions: 313->0(312)
[8.732s][info][gc,heap        ] GC(26) Survivor regions: 10->11(41)
[8.732s][info][gc,heap        ] GC(26) Old regions: 16->16
[8.732s][info][gc,heap        ] GC(26) Archive regions: 0->0
[8.732s][info][gc,heap        ] GC(26) Humongous regions: 0->0
[8.732s][info][gc,metaspace   ] GC(26) Metaspace: 8599K(8832K)->8599K(8832K) NonClass: 7445K(7552K)->7445K(7552K) Class: 1153K(1280K)->1153K(1280K)
[8.732s][info][gc             ] GC(26) Pause Young (Normal) (G1 Evacuation Pause) 648M->24M(1078M) 6.566ms
[8.732s][info][gc,cpu         ] GC(26) User=0.39s Sys=0.00s Real=0.02s
[9.367s][info][gc,start       ] GC(27) Pause Full (System.gc())
[9.367s][info][gc,task        ] GC(27) Using 25 workers of 33 for full compaction
[9.369s][info][gc,phases,start] GC(27) Phase 1: Mark live objects
[9.375s][info][gc,phases      ] GC(27) Phase 1: Mark live objects 5.922ms
[9.375s][info][gc,phases,start] GC(27) Phase 2: Prepare compaction
[9.376s][info][gc,phases      ] GC(27) Phase 2: Prepare compaction 1.379ms
[9.376s][info][gc,phases,start] GC(27) Phase 3: Adjust pointers
[9.379s][info][gc,phases      ] GC(27) Phase 3: Adjust pointers 2.762ms
[9.379s][info][gc,phases,start] GC(27) Phase 4: Compact heap
[9.380s][info][gc,phases      ] GC(27) Phase 4: Compact heap 0.956ms
[9.385s][info][gc,heap        ] GC(27) Eden regions: 232->0(32)
[9.385s][info][gc,heap        ] GC(27) Survivor regions: 11->0(41)
[9.385s][info][gc,heap        ] GC(27) Old regions: 16->16
[9.385s][info][gc,heap        ] GC(27) Archive regions: 0->0
[9.385s][info][gc,heap        ] GC(27) Humongous regions: 5->0
[9.386s][info][gc,metaspace   ] GC(27) Metaspace: 8599K(8832K)->8599K(8832K) NonClass: 7445K(7552K)->7445K(7552K) Class: 1153K(1280K)->1153K(1280K)
[9.386s][info][gc             ] GC(27) Pause Full (System.gc()) 497M->3M(108M) 18.216ms
[9.386s][info][gc,cpu         ] GC(27) User=0.05s Sys=0.00s Real=0.02s
[9.424s][info][gc,start       ] GC(28) Pause Young (Normal) (G1 Evacuation Pause)
[9.424s][info][gc,task        ] GC(28) Using 13 workers of 33 for evacuation
[9.425s][info][gc,phases      ] GC(28)   Pre Evacuate Collection Set: 0.1ms
[9.425s][info][gc,phases      ] GC(28)   Merge Heap Roots: 0.1ms
[9.425s][info][gc,phases      ] GC(28)   Evacuate Collection Set: 0.3ms
[9.425s][info][gc,phases      ] GC(28)   Post Evacuate Collection Set: 0.3ms
[9.425s][info][gc,phases      ] GC(28)   Other: 0.1ms
[9.425s][info][gc,heap        ] GC(28) Eden regions: 32->0(30)
[9.425s][info][gc,heap        ] GC(28) Survivor regions: 0->2(4)
[9.425s][info][gc,heap        ] GC(28) Old regions: 16->16
[9.425s][info][gc,heap        ] GC(28) Archive regions: 0->0
[9.425s][info][gc,heap        ] GC(28) Humongous regions: 0->0
[9.425s][info][gc,metaspace   ] GC(28) Metaspace: 8599K(8832K)->8599K(8832K) NonClass: 7445K(7552K)->7445K(7552K) Class: 1153K(1280K)->1153K(1280K)
[9.425s][info][gc             ] GC(28) Pause Young (Normal) (G1 Evacuation Pause) 67M->6M(108M) 1.440ms
[9.425s][info][gc,cpu         ] GC(28) User=0.20s Sys=0.00s Real=0.01s
[9.468s][info][gc,start       ] GC(29) Pause Young (Normal) (G1 Evacuation Pause)
[9.468s][info][gc,task        ] GC(29) Using 7 workers of 33 for evacuation
[9.473s][info][gc,phases      ] GC(29)   Pre Evacuate Collection Set: 0.1ms
[9.473s][info][gc,phases      ] GC(29)   Merge Heap Roots: 0.1ms
[9.473s][info][gc,phases      ] GC(29)   Evacuate Collection Set: 0.5ms
[9.473s][info][gc,phases      ] GC(29)   Post Evacuate Collection Set: 4.1ms
[9.473s][info][gc,phases      ] GC(29)   Other: 0.1ms
[9.473s][info][gc,heap        ] GC(29) Eden regions: 30->0(322)
[9.473s][info][gc,heap        ] GC(29) Survivor regions: 2->1(4)
[9.473s][info][gc,heap        ] GC(29) Old regions: 16->16
[9.473s][info][gc,heap        ] GC(29) Archive regions: 0->0
[9.474s][info][gc,heap        ] GC(29) Humongous regions: 0->0
[9.474s][info][gc,metaspace   ] GC(29) Metaspace: 8599K(8832K)->8599K(8832K) NonClass: 7445K(7552K)->7445K(7552K) Class: 1153K(1280K)->1153K(1280K)
[9.474s][info][gc             ] GC(29) Pause Young (Normal) (G1 Evacuation Pause) 66M->4M(1078M) 5.303ms
[9.474s][info][gc,cpu         ] GC(29) User=0.02s Sys=0.00s Real=0.01s
[9.819s][info][gc,start       ] GC(30) Pause Young (Normal) (G1 Evacuation Pause)
[9.819s][info][gc,task        ] GC(30) Using 25 workers of 33 for evacuation
[9.821s][info][gc,phases      ] GC(30)   Pre Evacuate Collection Set: 0.2ms
[9.821s][info][gc,phases      ] GC(30)   Merge Heap Roots: 0.2ms
[9.821s][info][gc,phases      ] GC(30)   Evacuate Collection Set: 1.2ms
[9.821s][info][gc,phases      ] GC(30)   Post Evacuate Collection Set: 0.6ms
[9.821s][info][gc,phases      ] GC(30)   Other: 0.2ms
[9.821s][info][gc,heap        ] GC(30) Eden regions: 322->0(321)
[9.821s][info][gc,heap        ] GC(30) Survivor regions: 1->2(41)
[9.821s][info][gc,heap        ] GC(30) Old regions: 16->16
[9.821s][info][gc,heap        ] GC(30) Archive regions: 0->0
[9.821s][info][gc,heap        ] GC(30) Humongous regions: 0->0
[9.821s][info][gc,metaspace   ] GC(30) Metaspace: 8599K(8832K)->8599K(8832K) NonClass: 7445K(7552K)->7445K(7552K) Class: 1153K(1280K)->1153K(1280K)
[9.821s][info][gc             ] GC(30) Pause Young (Normal) (G1 Evacuation Pause) 648M->6M(1078M) 2.867ms
[9.821s][info][gc,cpu         ] GC(30) User=0.00s Sys=0.00s Real=0.00s
[10.167s][info][gc,start       ] GC(31) Pause Young (Normal) (G1 Evacuation Pause)
[10.167s][info][gc,task        ] GC(31) Using 25 workers of 33 for evacuation
[10.169s][info][gc,phases      ] GC(31)   Pre Evacuate Collection Set: 0.1ms
[10.170s][info][gc,phases      ] GC(31)   Merge Heap Roots: 0.2ms
[10.170s][info][gc,phases      ] GC(31)   Evacuate Collection Set: 1.7ms
[10.170s][info][gc,phases      ] GC(31)   Post Evacuate Collection Set: 0.6ms
[10.170s][info][gc,phases      ] GC(31)   Other: 0.2ms
[10.170s][info][gc,heap        ] GC(31) Eden regions: 321->0(320)
[10.170s][info][gc,heap        ] GC(31) Survivor regions: 2->3(41)
[10.170s][info][gc,heap        ] GC(31) Old regions: 16->16
[10.170s][info][gc,heap        ] GC(31) Archive regions: 0->0
[10.170s][info][gc,heap        ] GC(31) Humongous regions: 0->0
[10.170s][info][gc,metaspace   ] GC(31) Metaspace: 8599K(8832K)->8599K(8832K) NonClass: 7445K(7552K)->7445K(7552K) Class: 1153K(1280K)->1153K(1280K)
[10.170s][info][gc             ] GC(31) Pause Young (Normal) (G1 Evacuation Pause) 648M->8M(1078M) 3.310ms
[10.170s][info][gc,cpu         ] GC(31) User=0.00s Sys=0.00s Real=0.00s
[10.535s][info][gc,start       ] GC(32) Pause Young (Normal) (G1 Evacuation Pause)
[10.536s][info][gc,task        ] GC(32) Using 25 workers of 33 for evacuation
[10.539s][info][gc,phases      ] GC(32)   Pre Evacuate Collection Set: 0.1ms
[10.539s][info][gc,phases      ] GC(32)   Merge Heap Roots: 0.2ms
[10.539s][info][gc,phases      ] GC(32)   Evacuate Collection Set: 2.3ms
[10.539s][info][gc,phases      ] GC(32)   Post Evacuate Collection Set: 0.6ms
[10.539s][info][gc,phases      ] GC(32)   Other: 0.2ms
[10.539s][info][gc,heap        ] GC(32) Eden regions: 320->0(319)
[10.539s][info][gc,heap        ] GC(32) Survivor regions: 3->4(41)
[10.539s][info][gc,heap        ] GC(32) Old regions: 16->16
[10.539s][info][gc,heap        ] GC(32) Archive regions: 0->0
[10.539s][info][gc,heap        ] GC(32) Humongous regions: 0->0
[10.539s][info][gc,metaspace   ] GC(32) Metaspace: 8599K(8832K)->8599K(8832K) NonClass: 7445K(7552K)->7445K(7552K) Class: 1153K(1280K)->1153K(1280K)
[10.539s][info][gc             ] GC(32) Pause Young (Normal) (G1 Evacuation Pause) 648M->11M(1078M) 3.862ms
[10.539s][info][gc,cpu         ] GC(32) User=0.00s Sys=0.00s Real=0.00s
[10.883s][info][gc,start       ] GC(33) Pause Young (Normal) (G1 Evacuation Pause)
[10.883s][info][gc,task        ] GC(33) Using 25 workers of 33 for evacuation
[10.887s][info][gc,phases      ] GC(33)   Pre Evacuate Collection Set: 0.1ms
[10.887s][info][gc,phases      ] GC(33)   Merge Heap Roots: 0.2ms
[10.887s][info][gc,phases      ] GC(33)   Evacuate Collection Set: 2.6ms
[10.887s][info][gc,phases      ] GC(33)   Post Evacuate Collection Set: 0.6ms
[10.887s][info][gc,phases      ] GC(33)   Other: 0.2ms
[10.887s][info][gc,heap        ] GC(33) Eden regions: 319->0(317)
[10.887s][info][gc,heap        ] GC(33) Survivor regions: 4->6(41)
[10.887s][info][gc,heap        ] GC(33) Old regions: 16->16
[10.887s][info][gc,heap        ] GC(33) Archive regions: 0->0
[10.887s][info][gc,heap        ] GC(33) Humongous regions: 0->0
[10.887s][info][gc,metaspace   ] GC(33) Metaspace: 8599K(8832K)->8599K(8832K) NonClass: 7445K(7552K)->7445K(7552K) Class: 1153K(1280K)->1153K(1280K)
[10.887s][info][gc             ] GC(33) Pause Young (Normal) (G1 Evacuation Pause) 649M->13M(1078M) 4.177ms
[10.887s][info][gc,cpu         ] GC(33) User=0.00s Sys=0.00s Real=0.00s
[11.248s][info][gc,start       ] GC(34) Pause Young (Normal) (G1 Evacuation Pause)
[11.248s][info][gc,task        ] GC(34) Using 25 workers of 33 for evacuation
[11.252s][info][gc,phases      ] GC(34)   Pre Evacuate Collection Set: 0.1ms
[11.252s][info][gc,phases      ] GC(34)   Merge Heap Roots: 0.2ms
[11.252s][info][gc,phases      ] GC(34)   Evacuate Collection Set: 3.0ms
[11.252s][info][gc,phases      ] GC(34)   Post Evacuate Collection Set: 0.6ms
[11.252s][info][gc,phases      ] GC(34)   Other: 0.2ms
[11.252s][info][gc,heap        ] GC(34) Eden regions: 317->0(316)
[11.252s][info][gc,heap        ] GC(34) Survivor regions: 6->7(41)
[11.252s][info][gc,heap        ] GC(34) Old regions: 16->16
[11.252s][info][gc,heap        ] GC(34) Archive regions: 0->0
[11.252s][info][gc,heap        ] GC(34) Humongous regions: 0->0
[11.252s][info][gc,metaspace   ] GC(34) Metaspace: 8599K(8832K)->8599K(8832K) NonClass: 7445K(7552K)->7445K(7552K) Class: 1153K(1280K)->1153K(1280K)
[11.252s][info][gc             ] GC(34) Pause Young (Normal) (G1 Evacuation Pause) 647M->15M(1078M) 4.644ms
[11.252s][info][gc,cpu         ] GC(34) User=0.00s Sys=0.00s Real=0.00s
[11.629s][info][gc,start       ] GC(35) Pause Young (Normal) (G1 Evacuation Pause)
[11.629s][info][gc,task        ] GC(35) Using 25 workers of 33 for evacuation
[11.634s][info][gc,phases      ] GC(35)   Pre Evacuate Collection Set: 0.1ms
[11.634s][info][gc,phases      ] GC(35)   Merge Heap Roots: 0.1ms
[11.634s][info][gc,phases      ] GC(35)   Evacuate Collection Set: 4.1ms
[11.634s][info][gc,phases      ] GC(35)   Post Evacuate Collection Set: 0.6ms
[11.634s][info][gc,phases      ] GC(35)   Other: 0.2ms
[11.634s][info][gc,heap        ] GC(35) Eden regions: 316->0(315)
[11.634s][info][gc,heap        ] GC(35) Survivor regions: 7->8(41)
[11.634s][info][gc,heap        ] GC(35) Old regions: 16->16
[11.634s][info][gc,heap        ] GC(35) Archive regions: 0->0
[11.634s][info][gc,heap        ] GC(35) Humongous regions: 0->0
[11.634s][info][gc,metaspace   ] GC(35) Metaspace: 8599K(8832K)->8599K(8832K) NonClass: 7445K(7552K)->7445K(7552K) Class: 1153K(1280K)->1153K(1280K)
[11.635s][info][gc             ] GC(35) Pause Young (Normal) (G1 Evacuation Pause) 647M->17M(1078M) 5.658ms
[11.635s][info][gc,cpu         ] GC(35) User=0.00s Sys=0.00s Real=0.00s
[11.980s][info][gc,start       ] GC(36) Pause Young (Normal) (G1 Evacuation Pause)
[11.980s][info][gc,task        ] GC(36) Using 25 workers of 33 for evacuation
[11.985s][info][gc,phases      ] GC(36)   Pre Evacuate Collection Set: 0.1ms
[11.985s][info][gc,phases      ] GC(36)   Merge Heap Roots: 0.2ms
[11.985s][info][gc,phases      ] GC(36)   Evacuate Collection Set: 4.0ms
[11.985s][info][gc,phases      ] GC(36)   Post Evacuate Collection Set: 0.6ms
[11.985s][info][gc,phases      ] GC(36)   Other: 0.2ms
[11.985s][info][gc,heap        ] GC(36) Eden regions: 315->0(314)
[11.985s][info][gc,heap        ] GC(36) Survivor regions: 8->9(41)
[11.985s][info][gc,heap        ] GC(36) Old regions: 16->16
[11.985s][info][gc,heap        ] GC(36) Archive regions: 0->0
[11.985s][info][gc,heap        ] GC(36) Humongous regions: 0->0
[11.985s][info][gc,metaspace   ] GC(36) Metaspace: 8599K(8832K)->8599K(8832K) NonClass: 7445K(7552K)->7445K(7552K) Class: 1153K(1280K)->1153K(1280K)
[11.985s][info][gc             ] GC(36) Pause Young (Normal) (G1 Evacuation Pause) 647M->20M(1078M) 5.541ms
[11.985s][info][gc,cpu         ] GC(36) User=0.39s Sys=0.00s Real=0.02s
[12.318s][info][gc,start       ] GC(37) Pause Young (Normal) (G1 Evacuation Pause)
[12.318s][info][gc,task        ] GC(37) Using 25 workers of 33 for evacuation
[12.323s][info][gc,phases      ] GC(37)   Pre Evacuate Collection Set: 0.1ms
[12.323s][info][gc,phases      ] GC(37)   Merge Heap Roots: 0.2ms
[12.323s][info][gc,phases      ] GC(37)   Evacuate Collection Set: 4.6ms
[12.324s][info][gc,phases      ] GC(37)   Post Evacuate Collection Set: 0.6ms
[12.324s][info][gc,phases      ] GC(37)   Other: 0.2ms
[12.324s][info][gc,heap        ] GC(37) Eden regions: 314->0(313)
[12.324s][info][gc,heap        ] GC(37) Survivor regions: 9->10(41)
[12.324s][info][gc,heap        ] GC(37) Old regions: 16->16
[12.324s][info][gc,heap        ] GC(37) Archive regions: 0->0
[12.324s][info][gc,heap        ] GC(37) Humongous regions: 0->0
[12.324s][info][gc,metaspace   ] GC(37) Metaspace: 8599K(8832K)->8599K(8832K) NonClass: 7445K(7552K)->7445K(7552K) Class: 1153K(1280K)->1153K(1280K)
[12.324s][info][gc             ] GC(37) Pause Young (Normal) (G1 Evacuation Pause) 648M->22M(1078M) 6.233ms
[12.324s][info][gc,cpu         ] GC(37) User=0.02s Sys=0.00s Real=0.00s
[12.682s][info][gc,start       ] GC(38) Pause Young (Normal) (G1 Evacuation Pause)
[12.682s][info][gc,task        ] GC(38) Using 25 workers of 33 for evacuation
[12.688s][info][gc,phases      ] GC(38)   Pre Evacuate Collection Set: 0.1ms
[12.688s][info][gc,phases      ] GC(38)   Merge Heap Roots: 0.1ms
[12.688s][info][gc,phases      ] GC(38)   Evacuate Collection Set: 5.0ms
[12.688s][info][gc,phases      ] GC(38)   Post Evacuate Collection Set: 0.6ms
[12.688s][info][gc,phases      ] GC(38)   Other: 0.2ms
[12.688s][info][gc,heap        ] GC(38) Eden regions: 313->0(311)
[12.688s][info][gc,heap        ] GC(38) Survivor regions: 10->12(41)
[12.688s][info][gc,heap        ] GC(38) Old regions: 16->16
[12.688s][info][gc,heap        ] GC(38) Archive regions: 0->0
[12.688s][info][gc,heap        ] GC(38) Humongous regions: 0->0
[12.688s][info][gc,metaspace   ] GC(38) Metaspace: 8599K(8832K)->8599K(8832K) NonClass: 7445K(7552K)->7445K(7552K) Class: 1153K(1280K)->1153K(1280K)
[12.688s][info][gc             ] GC(38) Pause Young (Normal) (G1 Evacuation Pause) 648M->25M(1078M) 6.534ms
[12.688s][info][gc,cpu         ] GC(38) User=0.39s Sys=0.00s Real=0.01s
[13.300s][info][gc,start       ] GC(39) Pause Full (System.gc())
[13.300s][info][gc,task        ] GC(39) Using 25 workers of 33 for full compaction
[13.302s][info][gc,phases,start] GC(39) Phase 1: Mark live objects
[13.306s][info][gc,phases      ] GC(39) Phase 1: Mark live objects 4.241ms
[13.306s][info][gc,phases,start] GC(39) Phase 2: Prepare compaction
[13.307s][info][gc,phases      ] GC(39) Phase 2: Prepare compaction 1.183ms
[13.307s][info][gc,phases,start] GC(39) Phase 3: Adjust pointers
[13.310s][info][gc,phases      ] GC(39) Phase 3: Adjust pointers 2.728ms
[13.310s][info][gc,phases,start] GC(39) Phase 4: Compact heap
[13.311s][info][gc,phases      ] GC(39) Phase 4: Compact heap 0.990ms
[13.316s][info][gc,heap        ] GC(39) Eden regions: 233->0(32)
[13.316s][info][gc,heap        ] GC(39) Survivor regions: 12->0(41)
[13.316s][info][gc,heap        ] GC(39) Old regions: 16->16
[13.316s][info][gc,heap        ] GC(39) Archive regions: 0->0
[13.316s][info][gc,heap        ] GC(39) Humongous regions: 5->0
[13.316s][info][gc,metaspace   ] GC(39) Metaspace: 8599K(8832K)->8599K(8832K) NonClass: 7445K(7552K)->7445K(7552K) Class: 1153K(1280K)->1153K(1280K)
[13.317s][info][gc             ] GC(39) Pause Full (System.gc()) 500M->3M(108M) 16.232ms
[13.317s][info][gc,cpu         ] GC(39) User=0.00s Sys=0.05s Real=0.03s
[13.363s][info][gc,start       ] GC(40) Pause Young (Normal) (G1 Evacuation Pause)
[13.363s][info][gc,task        ] GC(40) Using 13 workers of 33 for evacuation
[13.364s][info][gc,phases      ] GC(40)   Pre Evacuate Collection Set: 0.1ms
[13.364s][info][gc,phases      ] GC(40)   Merge Heap Roots: 0.1ms
[13.364s][info][gc,phases      ] GC(40)   Evacuate Collection Set: 0.3ms
[13.364s][info][gc,phases      ] GC(40)   Post Evacuate Collection Set: 0.3ms
[13.364s][info][gc,phases      ] GC(40)   Other: 0.1ms
[13.364s][info][gc,heap        ] GC(40) Eden regions: 32->0(30)
[13.364s][info][gc,heap        ] GC(40) Survivor regions: 0->2(4)
[13.364s][info][gc,heap        ] GC(40) Old regions: 16->16
[13.364s][info][gc,heap        ] GC(40) Archive regions: 0->0
[13.364s][info][gc,heap        ] GC(40) Humongous regions: 0->0
[13.364s][info][gc,metaspace   ] GC(40) Metaspace: 8599K(8832K)->8599K(8832K) NonClass: 7445K(7552K)->7445K(7552K) Class: 1153K(1280K)->1153K(1280K)
[13.364s][info][gc             ] GC(40) Pause Young (Normal) (G1 Evacuation Pause) 67M->6M(108M) 1.338ms
[13.364s][info][gc,cpu         ] GC(40) User=0.20s Sys=0.00s Real=0.02s
[13.394s][info][gc,start       ] GC(41) Pause Young (Normal) (G1 Evacuation Pause)
[13.395s][info][gc,task        ] GC(41) Using 7 workers of 33 for evacuation
[13.399s][info][gc,phases      ] GC(41)   Pre Evacuate Collection Set: 0.1ms
[13.399s][info][gc,phases      ] GC(41)   Merge Heap Roots: 0.1ms
[13.399s][info][gc,phases      ] GC(41)   Evacuate Collection Set: 0.5ms
[13.399s][info][gc,phases      ] GC(41)   Post Evacuate Collection Set: 4.0ms
[13.399s][info][gc,phases      ] GC(41)   Other: 0.1ms
[13.399s][info][gc,heap        ] GC(41) Eden regions: 30->0(322)
[13.399s][info][gc,heap        ] GC(41) Survivor regions: 2->1(4)
[13.399s][info][gc,heap        ] GC(41) Old regions: 16->16
[13.400s][info][gc,heap        ] GC(41) Archive regions: 0->0
[13.400s][info][gc,heap        ] GC(41) Humongous regions: 0->0
[13.400s][info][gc,metaspace   ] GC(41) Metaspace: 8599K(8832K)->8599K(8832K) NonClass: 7445K(7552K)->7445K(7552K) Class: 1153K(1280K)->1153K(1280K)
[13.400s][info][gc             ] GC(41) Pause Young (Normal) (G1 Evacuation Pause) 66M->4M(1078M) 5.160ms
[13.400s][info][gc,cpu         ] GC(41) User=0.00s Sys=0.00s Real=0.00s
[13.747s][info][gc,start       ] GC(42) Pause Young (Normal) (G1 Evacuation Pause)
[13.747s][info][gc,task        ] GC(42) Using 25 workers of 33 for evacuation
[13.749s][info][gc,phases      ] GC(42)   Pre Evacuate Collection Set: 0.1ms
[13.749s][info][gc,phases      ] GC(42)   Merge Heap Roots: 0.2ms
[13.749s][info][gc,phases      ] GC(42)   Evacuate Collection Set: 1.2ms
[13.749s][info][gc,phases      ] GC(42)   Post Evacuate Collection Set: 0.6ms
[13.749s][info][gc,phases      ] GC(42)   Other: 0.2ms
[13.750s][info][gc,heap        ] GC(42) Eden regions: 322->0(321)
[13.750s][info][gc,heap        ] GC(42) Survivor regions: 1->2(41)
[13.750s][info][gc,heap        ] GC(42) Old regions: 16->16
[13.750s][info][gc,heap        ] GC(42) Archive regions: 0->0
[13.750s][info][gc,heap        ] GC(42) Humongous regions: 0->0
[13.750s][info][gc,metaspace   ] GC(42) Metaspace: 8599K(8832K)->8599K(8832K) NonClass: 7445K(7552K)->7445K(7552K) Class: 1153K(1280K)->1153K(1280K)
[13.750s][info][gc             ] GC(42) Pause Young (Normal) (G1 Evacuation Pause) 648M->6M(1078M) 2.763ms
[13.750s][info][gc,cpu         ] GC(42) User=0.00s Sys=0.00s Real=0.00s
[14.111s][info][gc,start       ] GC(43) Pause Young (Normal) (G1 Evacuation Pause)
[14.111s][info][gc,task        ] GC(43) Using 25 workers of 33 for evacuation
[14.114s][info][gc,phases      ] GC(43)   Pre Evacuate Collection Set: 0.1ms
[14.114s][info][gc,phases      ] GC(43)   Merge Heap Roots: 0.2ms
[14.114s][info][gc,phases      ] GC(43)   Evacuate Collection Set: 1.8ms
[14.114s][info][gc,phases      ] GC(43)   Post Evacuate Collection Set: 0.6ms
[14.114s][info][gc,phases      ] GC(43)   Other: 0.2ms
[14.114s][info][gc,heap        ] GC(43) Eden regions: 321->0(320)
[14.114s][info][gc,heap        ] GC(43) Survivor regions: 2->3(41)
[14.114s][info][gc,heap        ] GC(43) Old regions: 16->16
[14.114s][info][gc,heap        ] GC(43) Archive regions: 0->0
[14.114s][info][gc,heap        ] GC(43) Humongous regions: 0->0
[14.114s][info][gc,metaspace   ] GC(43) Metaspace: 8599K(8832K)->8599K(8832K) NonClass: 7445K(7552K)->7445K(7552K) Class: 1153K(1280K)->1153K(1280K)
[14.115s][info][gc             ] GC(43) Pause Young (Normal) (G1 Evacuation Pause) 648M->8M(1078M) 3.377ms
[14.115s][info][gc,cpu         ] GC(43) User=0.00s Sys=0.00s Real=0.00s
[14.447s][info][gc,start       ] GC(44) Pause Young (Normal) (G1 Evacuation Pause)
[14.447s][info][gc,task        ] GC(44) Using 25 workers of 33 for evacuation
[14.451s][info][gc,phases      ] GC(44)   Pre Evacuate Collection Set: 0.1ms
[14.451s][info][gc,phases      ] GC(44)   Merge Heap Roots: 0.2ms
[14.451s][info][gc,phases      ] GC(44)   Evacuate Collection Set: 2.1ms
[14.451s][info][gc,phases      ] GC(44)   Post Evacuate Collection Set: 0.6ms
[14.451s][info][gc,phases      ] GC(44)   Other: 0.2ms
[14.451s][info][gc,heap        ] GC(44) Eden regions: 320->0(319)
[14.451s][info][gc,heap        ] GC(44) Survivor regions: 3->4(41)
[14.451s][info][gc,heap        ] GC(44) Old regions: 16->16
[14.451s][info][gc,heap        ] GC(44) Archive regions: 0->0
[14.451s][info][gc,heap        ] GC(44) Humongous regions: 0->0
[14.451s][info][gc,metaspace   ] GC(44) Metaspace: 8599K(8832K)->8599K(8832K) NonClass: 7445K(7552K)->7445K(7552K) Class: 1153K(1280K)->1153K(1280K)
[14.451s][info][gc             ] GC(44) Pause Young (Normal) (G1 Evacuation Pause) 648M->11M(1078M) 3.728ms
[14.451s][info][gc,cpu         ] GC(44) User=0.00s Sys=0.00s Real=0.00s
[14.796s][info][gc,start       ] GC(45) Pause Young (Normal) (G1 Evacuation Pause)
[14.797s][info][gc,task        ] GC(45) Using 25 workers of 33 for evacuation
[14.800s][info][gc,phases      ] GC(45)   Pre Evacuate Collection Set: 0.1ms
[14.800s][info][gc,phases      ] GC(45)   Merge Heap Roots: 0.2ms
[14.800s][info][gc,phases      ] GC(45)   Evacuate Collection Set: 2.8ms
[14.800s][info][gc,phases      ] GC(45)   Post Evacuate Collection Set: 0.6ms
[14.801s][info][gc,phases      ] GC(45)   Other: 0.2ms
[14.801s][info][gc,heap        ] GC(45) Eden regions: 319->0(318)
[14.801s][info][gc,heap        ] GC(45) Survivor regions: 4->5(41)
[14.801s][info][gc,heap        ] GC(45) Old regions: 16->16
[14.801s][info][gc,heap        ] GC(45) Archive regions: 0->0
[14.801s][info][gc,heap        ] GC(45) Humongous regions: 0->0
[14.801s][info][gc,metaspace   ] GC(45) Metaspace: 8599K(8832K)->8599K(8832K) NonClass: 7445K(7552K)->7445K(7552K) Class: 1153K(1280K)->1153K(1280K)
[14.801s][info][gc             ] GC(45) Pause Young (Normal) (G1 Evacuation Pause) 649M->13M(1078M) 4.371ms
[14.801s][info][gc,cpu         ] GC(45) User=0.39s Sys=0.00s Real=0.02s
[15.161s][info][gc,start       ] GC(46) Pause Young (Normal) (G1 Evacuation Pause)
[15.161s][info][gc,task        ] GC(46) Using 25 workers of 33 for evacuation
[15.165s][info][gc,phases      ] GC(46)   Pre Evacuate Collection Set: 0.1ms
[15.165s][info][gc,phases      ] GC(46)   Merge Heap Roots: 0.2ms
[15.165s][info][gc,phases      ] GC(46)   Evacuate Collection Set: 3.1ms
[15.165s][info][gc,phases      ] GC(46)   Post Evacuate Collection Set: 0.6ms
[15.165s][info][gc,phases      ] GC(46)   Other: 0.2ms
[15.165s][info][gc,heap        ] GC(46) Eden regions: 318->0(316)
[15.165s][info][gc,heap        ] GC(46) Survivor regions: 5->7(41)
[15.165s][info][gc,heap        ] GC(46) Old regions: 16->16
[15.165s][info][gc,heap        ] GC(46) Archive regions: 0->0
[15.165s][info][gc,heap        ] GC(46) Humongous regions: 0->0
[15.165s][info][gc,metaspace   ] GC(46) Metaspace: 8599K(8832K)->8599K(8832K) NonClass: 7445K(7552K)->7445K(7552K) Class: 1153K(1280K)->1153K(1280K)
[15.165s][info][gc             ] GC(46) Pause Young (Normal) (G1 Evacuation Pause) 649M->15M(1078M) 4.712ms
[15.165s][info][gc,cpu         ] GC(46) User=0.03s Sys=0.00s Real=0.01s
[15.558s][info][gc,start       ] GC(47) Pause Young (Normal) (G1 Evacuation Pause)
[15.558s][info][gc,task        ] GC(47) Using 25 workers of 33 for evacuation
[15.563s][info][gc,phases      ] GC(47)   Pre Evacuate Collection Set: 0.2ms
[15.563s][info][gc,phases      ] GC(47)   Merge Heap Roots: 0.2ms
[15.563s][info][gc,phases      ] GC(47)   Evacuate Collection Set: 4.0ms
[15.563s][info][gc,phases      ] GC(47)   Post Evacuate Collection Set: 0.6ms
[15.563s][info][gc,phases      ] GC(47)   Other: 0.2ms
[15.563s][info][gc,heap        ] GC(47) Eden regions: 316->0(315)
[15.563s][info][gc,heap        ] GC(47) Survivor regions: 7->8(41)
[15.563s][info][gc,heap        ] GC(47) Old regions: 16->16
[15.563s][info][gc,heap        ] GC(47) Archive regions: 0->0
[15.563s][info][gc,heap        ] GC(47) Humongous regions: 0->0
[15.563s][info][gc,metaspace   ] GC(47) Metaspace: 8599K(8832K)->8599K(8832K) NonClass: 7445K(7552K)->7445K(7552K) Class: 1153K(1280K)->1153K(1280K)
[15.563s][info][gc             ] GC(47) Pause Young (Normal) (G1 Evacuation Pause) 647M->18M(1078M) 5.616ms
[15.563s][info][gc,cpu         ] GC(47) User=0.00s Sys=0.00s Real=0.00s
[15.896s][info][gc,start       ] GC(48) Pause Young (Normal) (G1 Evacuation Pause)
[15.896s][info][gc,task        ] GC(48) Using 25 workers of 33 for evacuation
[15.902s][info][gc,phases      ] GC(48)   Pre Evacuate Collection Set: 0.1ms
[15.902s][info][gc,phases      ] GC(48)   Merge Heap Roots: 0.2ms
[15.902s][info][gc,phases      ] GC(48)   Evacuate Collection Set: 4.1ms
[15.902s][info][gc,phases      ] GC(48)   Post Evacuate Collection Set: 0.6ms
[15.902s][info][gc,phases      ] GC(48)   Other: 0.2ms
[15.902s][info][gc,heap        ] GC(48) Eden regions: 315->0(314)
[15.902s][info][gc,heap        ] GC(48) Survivor regions: 8->9(41)
[15.902s][info][gc,heap        ] GC(48) Old regions: 16->16
[15.902s][info][gc,heap        ] GC(48) Archive regions: 0->0
[15.902s][info][gc,heap        ] GC(48) Humongous regions: 0->0
[15.902s][info][gc,metaspace   ] GC(48) Metaspace: 8599K(8832K)->8599K(8832K) NonClass: 7445K(7552K)->7445K(7552K) Class: 1153K(1280K)->1153K(1280K)
[15.902s][info][gc             ] GC(48) Pause Young (Normal) (G1 Evacuation Pause) 648M->20M(1078M) 5.716ms
[15.902s][info][gc,cpu         ] GC(48) User=0.00s Sys=0.00s Real=0.00s
[16.250s][info][gc,start       ] GC(49) Pause Young (Normal) (G1 Evacuation Pause)
[16.250s][info][gc,task        ] GC(49) Using 25 workers of 33 for evacuation
[16.255s][info][gc,phases      ] GC(49)   Pre Evacuate Collection Set: 0.1ms
[16.256s][info][gc,phases      ] GC(49)   Merge Heap Roots: 0.2ms
[16.256s][info][gc,phases      ] GC(49)   Evacuate Collection Set: 4.7ms
[16.256s][info][gc,phases      ] GC(49)   Post Evacuate Collection Set: 0.6ms
[16.256s][info][gc,phases      ] GC(49)   Other: 0.2ms
[16.256s][info][gc,heap        ] GC(49) Eden regions: 314->0(313)
[16.256s][info][gc,heap        ] GC(49) Survivor regions: 9->10(41)
[16.256s][info][gc,heap        ] GC(49) Old regions: 16->16
[16.256s][info][gc,heap        ] GC(49) Archive regions: 0->0
[16.256s][info][gc,heap        ] GC(49) Humongous regions: 0->0
[16.256s][info][gc,metaspace   ] GC(49) Metaspace: 8599K(8832K)->8599K(8832K) NonClass: 7445K(7552K)->7445K(7552K) Class: 1153K(1280K)->1153K(1280K)
[16.256s][info][gc             ] GC(49) Pause Young (Normal) (G1 Evacuation Pause) 648M->22M(1078M) 6.258ms
[16.256s][info][gc,cpu         ] GC(49) User=0.00s Sys=0.00s Real=0.00s
[16.614s][info][gc,start       ] GC(50) Pause Young (Normal) (G1 Evacuation Pause)
[16.614s][info][gc,task        ] GC(50) Using 25 workers of 33 for evacuation
[16.620s][info][gc,phases      ] GC(50)   Pre Evacuate Collection Set: 0.1ms
[16.621s][info][gc,phases      ] GC(50)   Merge Heap Roots: 0.2ms
[16.621s][info][gc,phases      ] GC(50)   Evacuate Collection Set: 5.2ms
[16.621s][info][gc,phases      ] GC(50)   Post Evacuate Collection Set: 0.6ms
[16.621s][info][gc,phases      ] GC(50)   Other: 0.2ms
[16.621s][info][gc,heap        ] GC(50) Eden regions: 313->0(311)
[16.621s][info][gc,heap        ] GC(50) Survivor regions: 10->12(41)
[16.621s][info][gc,heap        ] GC(50) Old regions: 16->16
[16.621s][info][gc,heap        ] GC(50) Archive regions: 0->0
[16.621s][info][gc,heap        ] GC(50) Humongous regions: 0->0
[16.621s][info][gc,metaspace   ] GC(50) Metaspace: 8599K(8832K)->8599K(8832K) NonClass: 7445K(7552K)->7445K(7552K) Class: 1153K(1280K)->1153K(1280K)
[16.621s][info][gc             ] GC(50) Pause Young (Normal) (G1 Evacuation Pause) 648M->25M(1078M) 6.906ms
[16.621s][info][gc,cpu         ] GC(50) User=0.39s Sys=0.00s Real=0.02s
[17.265s][info][gc,start       ] GC(51) Pause Full (System.gc())
[17.265s][info][gc,task        ] GC(51) Using 25 workers of 33 for full compaction
[17.266s][info][gc,phases,start] GC(51) Phase 1: Mark live objects
[17.271s][info][gc,phases      ] GC(51) Phase 1: Mark live objects 4.681ms
[17.271s][info][gc,phases,start] GC(51) Phase 2: Prepare compaction
[17.272s][info][gc,phases      ] GC(51) Phase 2: Prepare compaction 1.178ms
[17.272s][info][gc,phases,start] GC(51) Phase 3: Adjust pointers
[17.275s][info][gc,phases      ] GC(51) Phase 3: Adjust pointers 2.816ms
[17.275s][info][gc,phases,start] GC(51) Phase 4: Compact heap
[17.276s][info][gc,phases      ] GC(51) Phase 4: Compact heap 0.989ms
[17.282s][info][gc,heap        ] GC(51) Eden regions: 231->0(32)
[17.282s][info][gc,heap        ] GC(51) Survivor regions: 12->0(41)
[17.282s][info][gc,heap        ] GC(51) Old regions: 16->16
[17.282s][info][gc,heap        ] GC(51) Archive regions: 0->0
[17.282s][info][gc,heap        ] GC(51) Humongous regions: 5->0
[17.282s][info][gc,metaspace   ] GC(51) Metaspace: 8599K(8832K)->8599K(8832K) NonClass: 7445K(7552K)->7445K(7552K) Class: 1153K(1280K)->1153K(1280K)
[17.282s][info][gc             ] GC(51) Pause Full (System.gc()) 497M->3M(108M) 16.980ms
[17.282s][info][gc,cpu         ] GC(51) User=0.00s Sys=0.02s Real=0.02s
[17.330s][info][gc,start       ] GC(52) Pause Young (Normal) (G1 Evacuation Pause)
[17.330s][info][gc,task        ] GC(52) Using 13 workers of 33 for evacuation
[17.331s][info][gc,phases      ] GC(52)   Pre Evacuate Collection Set: 0.1ms
[17.331s][info][gc,phases      ] GC(52)   Merge Heap Roots: 0.1ms
[17.331s][info][gc,phases      ] GC(52)   Evacuate Collection Set: 0.3ms
[17.331s][info][gc,phases      ] GC(52)   Post Evacuate Collection Set: 0.4ms
[17.331s][info][gc,phases      ] GC(52)   Other: 0.1ms
[17.331s][info][gc,heap        ] GC(52) Eden regions: 32->0(30)
[17.331s][info][gc,heap        ] GC(52) Survivor regions: 0->2(4)
[17.331s][info][gc,heap        ] GC(52) Old regions: 16->16
[17.331s][info][gc,heap        ] GC(52) Archive regions: 0->0
[17.331s][info][gc,heap        ] GC(52) Humongous regions: 0->0
[17.331s][info][gc,metaspace   ] GC(52) Metaspace: 8600K(8832K)->8600K(8832K) NonClass: 7446K(7552K)->7446K(7552K) Class: 1153K(1280K)->1153K(1280K)
[17.331s][info][gc             ] GC(52) Pause Young (Normal) (G1 Evacuation Pause) 67M->6M(108M) 1.416ms
[17.331s][info][gc,cpu         ] GC(52) User=0.00s Sys=0.00s Real=0.00s
[17.362s][info][gc,start       ] GC(53) Pause Young (Normal) (G1 Evacuation Pause)
[17.362s][info][gc,task        ] GC(53) Using 7 workers of 33 for evacuation
[17.367s][info][gc,phases      ] GC(53)   Pre Evacuate Collection Set: 0.1ms
[17.367s][info][gc,phases      ] GC(53)   Merge Heap Roots: 0.1ms
[17.367s][info][gc,phases      ] GC(53)   Evacuate Collection Set: 0.5ms
[17.367s][info][gc,phases      ] GC(53)   Post Evacuate Collection Set: 4.1ms
[17.367s][info][gc,phases      ] GC(53)   Other: 0.1ms
[17.367s][info][gc,heap        ] GC(53) Eden regions: 30->0(322)
[17.367s][info][gc,heap        ] GC(53) Survivor regions: 2->1(4)
[17.367s][info][gc,heap        ] GC(53) Old regions: 16->16
[17.367s][info][gc,heap        ] GC(53) Archive regions: 0->0
[17.367s][info][gc,heap        ] GC(53) Humongous regions: 0->0
[17.367s][info][gc,metaspace   ] GC(53) Metaspace: 8600K(8832K)->8600K(8832K) NonClass: 7446K(7552K)->7446K(7552K) Class: 1153K(1280K)->1153K(1280K)
[17.367s][info][gc             ] GC(53) Pause Young (Normal) (G1 Evacuation Pause) 66M->4M(1078M) 5.372ms
[17.367s][info][gc,cpu         ] GC(53) User=0.00s Sys=0.00s Real=0.00s
[17.702s][info][gc,start       ] GC(54) Pause Young (Normal) (G1 Evacuation Pause)
[17.702s][info][gc,task        ] GC(54) Using 25 workers of 33 for evacuation
[17.704s][info][gc,phases      ] GC(54)   Pre Evacuate Collection Set: 0.1ms
[17.704s][info][gc,phases      ] GC(54)   Merge Heap Roots: 0.2ms
[17.704s][info][gc,phases      ] GC(54)   Evacuate Collection Set: 1.1ms
[17.704s][info][gc,phases      ] GC(54)   Post Evacuate Collection Set: 0.6ms
[17.704s][info][gc,phases      ] GC(54)   Other: 0.2ms
[17.704s][info][gc,heap        ] GC(54) Eden regions: 322->0(321)
[17.704s][info][gc,heap        ] GC(54) Survivor regions: 1->2(41)
[17.704s][info][gc,heap        ] GC(54) Old regions: 16->16
[17.705s][info][gc,heap        ] GC(54) Archive regions: 0->0
[17.705s][info][gc,heap        ] GC(54) Humongous regions: 0->0
[17.705s][info][gc,metaspace   ] GC(54) Metaspace: 8600K(8832K)->8600K(8832K) NonClass: 7446K(7552K)->7446K(7552K) Class: 1153K(1280K)->1153K(1280K)
[17.705s][info][gc             ] GC(54) Pause Young (Normal) (G1 Evacuation Pause) 648M->6M(1078M) 2.736ms
[17.705s][info][gc,cpu         ] GC(54) User=0.00s Sys=0.00s Real=0.00s
[18.069s][info][gc,start       ] GC(55) Pause Young (Normal) (G1 Evacuation Pause)
[18.069s][info][gc,task        ] GC(55) Using 25 workers of 33 for evacuation
[18.072s][info][gc,phases      ] GC(55)   Pre Evacuate Collection Set: 0.1ms
[18.072s][info][gc,phases      ] GC(55)   Merge Heap Roots: 0.2ms
[18.072s][info][gc,phases      ] GC(55)   Evacuate Collection Set: 1.7ms
[18.072s][info][gc,phases      ] GC(55)   Post Evacuate Collection Set: 0.6ms
[18.072s][info][gc,phases      ] GC(55)   Other: 0.2ms
[18.072s][info][gc,heap        ] GC(55) Eden regions: 321->0(320)
[18.072s][info][gc,heap        ] GC(55) Survivor regions: 2->3(41)
[18.072s][info][gc,heap        ] GC(55) Old regions: 16->16
[18.072s][info][gc,heap        ] GC(55) Archive regions: 0->0
[18.072s][info][gc,heap        ] GC(55) Humongous regions: 0->0
[18.072s][info][gc,metaspace   ] GC(55) Metaspace: 8600K(8832K)->8600K(8832K) NonClass: 7446K(7552K)->7446K(7552K) Class: 1153K(1280K)->1153K(1280K)
[18.072s][info][gc             ] GC(55) Pause Young (Normal) (G1 Evacuation Pause) 648M->8M(1078M) 3.233ms
[18.072s][info][gc,cpu         ] GC(55) User=0.00s Sys=0.00s Real=0.00s
[18.432s][info][gc,start       ] GC(56) Pause Young (Normal) (G1 Evacuation Pause)
[18.432s][info][gc,task        ] GC(56) Using 25 workers of 33 for evacuation
[18.435s][info][gc,phases      ] GC(56)   Pre Evacuate Collection Set: 0.1ms
[18.435s][info][gc,phases      ] GC(56)   Merge Heap Roots: 0.2ms
[18.435s][info][gc,phases      ] GC(56)   Evacuate Collection Set: 2.1ms
[18.435s][info][gc,phases      ] GC(56)   Post Evacuate Collection Set: 0.6ms
[18.435s][info][gc,phases      ] GC(56)   Other: 0.2ms
[18.435s][info][gc,heap        ] GC(56) Eden regions: 320->0(319)
[18.435s][info][gc,heap        ] GC(56) Survivor regions: 3->4(41)
[18.435s][info][gc,heap        ] GC(56) Old regions: 16->16
[18.435s][info][gc,heap        ] GC(56) Archive regions: 0->0
[18.435s][info][gc,heap        ] GC(56) Humongous regions: 0->0
[18.435s][info][gc,metaspace   ] GC(56) Metaspace: 8600K(8832K)->8600K(8832K) NonClass: 7446K(7552K)->7446K(7552K) Class: 1153K(1280K)->1153K(1280K)
[18.435s][info][gc             ] GC(56) Pause Young (Normal) (G1 Evacuation Pause) 648M->10M(1078M) 3.724ms
[18.435s][info][gc,cpu         ] GC(56) User=0.39s Sys=0.00s Real=0.02s
[18.794s][info][gc,start       ] GC(57) Pause Young (Normal) (G1 Evacuation Pause)
[18.794s][info][gc,task        ] GC(57) Using 25 workers of 33 for evacuation
[18.797s][info][gc,phases      ] GC(57)   Pre Evacuate Collection Set: 0.1ms
[18.798s][info][gc,phases      ] GC(57)   Merge Heap Roots: 0.2ms
[18.798s][info][gc,phases      ] GC(57)   Evacuate Collection Set: 2.6ms
[18.798s][info][gc,phases      ] GC(57)   Post Evacuate Collection Set: 0.6ms
[18.798s][info][gc,phases      ] GC(57)   Other: 0.2ms
[18.798s][info][gc,heap        ] GC(57) Eden regions: 319->0(318)
[18.798s][info][gc,heap        ] GC(57) Survivor regions: 4->5(41)
[18.798s][info][gc,heap        ] GC(57) Old regions: 16->16
[18.798s][info][gc,heap        ] GC(57) Archive regions: 0->0
[18.798s][info][gc,heap        ] GC(57) Humongous regions: 0->0
[18.798s][info][gc,metaspace   ] GC(57) Metaspace: 8600K(8832K)->8600K(8832K) NonClass: 7446K(7552K)->7446K(7552K) Class: 1153K(1280K)->1153K(1280K)
[18.798s][info][gc             ] GC(57) Pause Young (Normal) (G1 Evacuation Pause) 648M->13M(1078M) 4.226ms
[18.798s][info][gc,cpu         ] GC(57) User=0.00s Sys=0.00s Real=0.00s
[19.144s][info][gc,start       ] GC(58) Pause Young (Normal) (G1 Evacuation Pause)
[19.144s][info][gc,task        ] GC(58) Using 25 workers of 33 for evacuation
[19.148s][info][gc,phases      ] GC(58)   Pre Evacuate Collection Set: 0.1ms
[19.148s][info][gc,phases      ] GC(58)   Merge Heap Roots: 0.2ms
[19.148s][info][gc,phases      ] GC(58)   Evacuate Collection Set: 3.1ms
[19.148s][info][gc,phases      ] GC(58)   Post Evacuate Collection Set: 0.6ms
[19.148s][info][gc,phases      ] GC(58)   Other: 0.2ms
[19.148s][info][gc,heap        ] GC(58) Eden regions: 318->0(316)
[19.148s][info][gc,heap        ] GC(58) Survivor regions: 5->7(41)
[19.149s][info][gc,heap        ] GC(58) Old regions: 16->16
[19.149s][info][gc,heap        ] GC(58) Archive regions: 0->0
[19.149s][info][gc,heap        ] GC(58) Humongous regions: 0->0
[19.149s][info][gc,metaspace   ] GC(58) Metaspace: 8600K(8832K)->8600K(8832K) NonClass: 7446K(7552K)->7446K(7552K) Class: 1153K(1280K)->1153K(1280K)
[19.149s][info][gc             ] GC(58) Pause Young (Normal) (G1 Evacuation Pause) 649M->15M(1078M) 4.654ms
[19.149s][info][gc,cpu         ] GC(58) User=0.00s Sys=0.00s Real=0.00s
[19.549s][info][gc,start       ] GC(59) Pause Young (Normal) (G1 Evacuation Pause)
[19.549s][info][gc,task        ] GC(59) Using 25 workers of 33 for evacuation
[19.553s][info][gc,phases      ] GC(59)   Pre Evacuate Collection Set: 0.1ms
[19.554s][info][gc,phases      ] GC(59)   Merge Heap Roots: 0.1ms
[19.554s][info][gc,phases      ] GC(59)   Evacuate Collection Set: 3.8ms
[19.554s][info][gc,phases      ] GC(59)   Post Evacuate Collection Set: 0.6ms
[19.554s][info][gc,phases      ] GC(59)   Other: 0.2ms
[19.554s][info][gc,heap        ] GC(59) Eden regions: 316->0(315)
[19.554s][info][gc,heap        ] GC(59) Survivor regions: 7->8(41)
[19.554s][info][gc,heap        ] GC(59) Old regions: 16->16
[19.554s][info][gc,heap        ] GC(59) Archive regions: 0->0
[19.554s][info][gc,heap        ] GC(59) Humongous regions: 0->0
[19.554s][info][gc,metaspace   ] GC(59) Metaspace: 8600K(8832K)->8600K(8832K) NonClass: 7446K(7552K)->7446K(7552K) Class: 1153K(1280K)->1153K(1280K)
[19.554s][info][gc             ] GC(59) Pause Young (Normal) (G1 Evacuation Pause) 647M->18M(1078M) 5.345ms
[19.554s][info][gc,cpu         ] GC(59) User=0.00s Sys=0.00s Real=0.00s
[19.887s][info][gc,start       ] GC(60) Pause Young (Normal) (G1 Evacuation Pause)
[19.887s][info][gc,task        ] GC(60) Using 25 workers of 33 for evacuation
[19.892s][info][gc,phases      ] GC(60)   Pre Evacuate Collection Set: 0.1ms
[19.892s][info][gc,phases      ] GC(60)   Merge Heap Roots: 0.2ms
[19.892s][info][gc,phases      ] GC(60)   Evacuate Collection Set: 4.0ms
[19.892s][info][gc,phases      ] GC(60)   Post Evacuate Collection Set: 0.6ms
[19.892s][info][gc,phases      ] GC(60)   Other: 0.2ms
[19.893s][info][gc,heap        ] GC(60) Eden regions: 315->0(314)
[19.893s][info][gc,heap        ] GC(60) Survivor regions: 8->9(41)
[19.893s][info][gc,heap        ] GC(60) Old regions: 16->16
[19.893s][info][gc,heap        ] GC(60) Archive regions: 0->0
[19.893s][info][gc,heap        ] GC(60) Humongous regions: 0->0
[19.893s][info][gc,metaspace   ] GC(60) Metaspace: 8600K(8832K)->8600K(8832K) NonClass: 7446K(7552K)->7446K(7552K) Class: 1153K(1280K)->1153K(1280K)
[19.893s][info][gc             ] GC(60) Pause Young (Normal) (G1 Evacuation Pause) 648M->20M(1078M) 5.629ms
[19.893s][info][gc,cpu         ] GC(60) User=0.02s Sys=0.00s Real=0.02s
[20.244s][info][gc,start       ] GC(61) Pause Young (Normal) (G1 Evacuation Pause)
[20.244s][info][gc,task        ] GC(61) Using 25 workers of 33 for evacuation
[20.250s][info][gc,phases      ] GC(61)   Pre Evacuate Collection Set: 0.1ms
[20.250s][info][gc,phases      ] GC(61)   Merge Heap Roots: 0.2ms
[20.250s][info][gc,phases      ] GC(61)   Evacuate Collection Set: 4.6ms
[20.250s][info][gc,phases      ] GC(61)   Post Evacuate Collection Set: 0.6ms
[20.250s][info][gc,phases      ] GC(61)   Other: 0.2ms
[20.250s][info][gc,heap        ] GC(61) Eden regions: 314->0(313)
[20.250s][info][gc,heap        ] GC(61) Survivor regions: 9->10(41)
[20.250s][info][gc,heap        ] GC(61) Old regions: 16->16
[20.250s][info][gc,heap        ] GC(61) Archive regions: 0->0
[20.250s][info][gc,heap        ] GC(61) Humongous regions: 0->0
[20.250s][info][gc,metaspace   ] GC(61) Metaspace: 8600K(8832K)->8600K(8832K) NonClass: 7446K(7552K)->7446K(7552K) Class: 1153K(1280K)->1153K(1280K)
[20.250s][info][gc             ] GC(61) Pause Young (Normal) (G1 Evacuation Pause) 648M->22M(1078M) 6.219ms
[20.250s][info][gc,cpu         ] GC(61) User=0.00s Sys=0.00s Real=0.00s
[20.612s][info][gc,start       ] GC(62) Pause Young (Normal) (G1 Evacuation Pause)
[20.612s][info][gc,task        ] GC(62) Using 25 workers of 33 for evacuation
[20.618s][info][gc,phases      ] GC(62)   Pre Evacuate Collection Set: 0.1ms
[20.618s][info][gc,phases      ] GC(62)   Merge Heap Roots: 0.2ms
[20.618s][info][gc,phases      ] GC(62)   Evacuate Collection Set: 4.7ms
[20.618s][info][gc,phases      ] GC(62)   Post Evacuate Collection Set: 0.6ms
[20.618s][info][gc,phases      ] GC(62)   Other: 0.2ms
[20.618s][info][gc,heap        ] GC(62) Eden regions: 313->0(312)
[20.618s][info][gc,heap        ] GC(62) Survivor regions: 10->11(41)
[20.618s][info][gc,heap        ] GC(62) Old regions: 16->16
[20.618s][info][gc,heap        ] GC(62) Archive regions: 0->0
[20.618s][info][gc,heap        ] GC(62) Humongous regions: 0->0
[20.618s][info][gc,metaspace   ] GC(62) Metaspace: 8600K(8832K)->8600K(8832K) NonClass: 7446K(7552K)->7446K(7552K) Class: 1153K(1280K)->1153K(1280K)
[20.618s][info][gc             ] GC(62) Pause Young (Normal) (G1 Evacuation Pause) 648M->25M(1078M) 6.361ms
[20.618s][info][gc,cpu         ] GC(62) User=0.00s Sys=0.00s Real=0.00s
[21.226s][info][gc,start       ] GC(63) Pause Full (System.gc())
[21.226s][info][gc,task        ] GC(63) Using 25 workers of 33 for full compaction
[21.227s][info][gc,phases,start] GC(63) Phase 1: Mark live objects
[21.232s][info][gc,phases      ] GC(63) Phase 1: Mark live objects 4.837ms
[21.232s][info][gc,phases,start] GC(63) Phase 2: Prepare compaction
[21.233s][info][gc,phases      ] GC(63) Phase 2: Prepare compaction 0.945ms
[21.233s][info][gc,phases,start] GC(63) Phase 3: Adjust pointers
[21.236s][info][gc,phases      ] GC(63) Phase 3: Adjust pointers 2.782ms
[21.236s][info][gc,phases,start] GC(63) Phase 4: Compact heap
[21.237s][info][gc,phases      ] GC(63) Phase 4: Compact heap 1.014ms
[21.242s][info][gc,heap        ] GC(63) Eden regions: 231->0(32)
[21.243s][info][gc,heap        ] GC(63) Survivor regions: 11->0(41)
[21.243s][info][gc,heap        ] GC(63) Old regions: 16->16
[21.243s][info][gc,heap        ] GC(63) Archive regions: 0->0
[21.243s][info][gc,heap        ] GC(63) Humongous regions: 5->0
[21.243s][info][gc,metaspace   ] GC(63) Metaspace: 8600K(8832K)->8600K(8832K) NonClass: 7447K(7552K)->7447K(7552K) Class: 1153K(1280K)->1153K(1280K)
[21.243s][info][gc             ] GC(63) Pause Full (System.gc()) 497M->3M(108M) 16.610ms
[21.243s][info][gc,cpu         ] GC(63) User=0.02s Sys=0.00s Real=0.02s
[21.279s][info][gc,start       ] GC(64) Pause Young (Normal) (G1 Evacuation Pause)
[21.279s][info][gc,task        ] GC(64) Using 13 workers of 33 for evacuation
[21.280s][info][gc,phases      ] GC(64)   Pre Evacuate Collection Set: 0.1ms
[21.280s][info][gc,phases      ] GC(64)   Merge Heap Roots: 0.1ms
[21.280s][info][gc,phases      ] GC(64)   Evacuate Collection Set: 0.3ms
[21.280s][info][gc,phases      ] GC(64)   Post Evacuate Collection Set: 0.3ms
[21.280s][info][gc,phases      ] GC(64)   Other: 0.1ms
[21.280s][info][gc,heap        ] GC(64) Eden regions: 32->0(30)
[21.280s][info][gc,heap        ] GC(64) Survivor regions: 0->2(4)
[21.280s][info][gc,heap        ] GC(64) Old regions: 16->16
[21.280s][info][gc,heap        ] GC(64) Archive regions: 0->0
[21.280s][info][gc,heap        ] GC(64) Humongous regions: 0->0
[21.280s][info][gc,metaspace   ] GC(64) Metaspace: 8601K(8832K)->8601K(8832K) NonClass: 7447K(7552K)->7447K(7552K) Class: 1153K(1280K)->1153K(1280K)
[21.280s][info][gc             ] GC(64) Pause Young (Normal) (G1 Evacuation Pause) 67M->6M(108M) 1.312ms
[21.280s][info][gc,cpu         ] GC(64) User=0.00s Sys=0.00s Real=0.00s
[21.311s][info][gc,start       ] GC(65) Pause Young (Normal) (G1 Evacuation Pause)
[21.311s][info][gc,task        ] GC(65) Using 7 workers of 33 for evacuation
[21.315s][info][gc,phases      ] GC(65)   Pre Evacuate Collection Set: 0.1ms
[21.316s][info][gc,phases      ] GC(65)   Merge Heap Roots: 0.1ms
[21.316s][info][gc,phases      ] GC(65)   Evacuate Collection Set: 0.4ms
[21.316s][info][gc,phases      ] GC(65)   Post Evacuate Collection Set: 4.0ms
[21.316s][info][gc,phases      ] GC(65)   Other: 0.1ms
[21.316s][info][gc,heap        ] GC(65) Eden regions: 30->0(322)
[21.316s][info][gc,heap        ] GC(65) Survivor regions: 2->1(4)
[21.316s][info][gc,heap        ] GC(65) Old regions: 16->16
[21.316s][info][gc,heap        ] GC(65) Archive regions: 0->0
[21.316s][info][gc,heap        ] GC(65) Humongous regions: 0->0
[21.316s][info][gc,metaspace   ] GC(65) Metaspace: 8601K(8832K)->8601K(8832K) NonClass: 7447K(7552K)->7447K(7552K) Class: 1153K(1280K)->1153K(1280K)
[21.316s][info][gc             ] GC(65) Pause Young (Normal) (G1 Evacuation Pause) 66M->4M(1078M) 5.146ms
[21.316s][info][gc,cpu         ] GC(65) User=0.02s Sys=0.00s Real=0.02s
[21.665s][info][gc,start       ] GC(66) Pause Young (Normal) (G1 Evacuation Pause)
[21.665s][info][gc,task        ] GC(66) Using 25 workers of 33 for evacuation
[21.667s][info][gc,phases      ] GC(66)   Pre Evacuate Collection Set: 0.1ms
[21.667s][info][gc,phases      ] GC(66)   Merge Heap Roots: 0.2ms
[21.667s][info][gc,phases      ] GC(66)   Evacuate Collection Set: 1.1ms
[21.667s][info][gc,phases      ] GC(66)   Post Evacuate Collection Set: 0.6ms
[21.667s][info][gc,phases      ] GC(66)   Other: 0.2ms
[21.667s][info][gc,heap        ] GC(66) Eden regions: 322->0(321)
[21.667s][info][gc,heap        ] GC(66) Survivor regions: 1->2(41)
[21.667s][info][gc,heap        ] GC(66) Old regions: 16->16
[21.667s][info][gc,heap        ] GC(66) Archive regions: 0->0
[21.667s][info][gc,heap        ] GC(66) Humongous regions: 0->0
[21.667s][info][gc,metaspace   ] GC(66) Metaspace: 8601K(8832K)->8601K(8832K) NonClass: 7447K(7552K)->7447K(7552K) Class: 1153K(1280K)->1153K(1280K)
[21.668s][info][gc             ] GC(66) Pause Young (Normal) (G1 Evacuation Pause) 648M->6M(1078M) 2.665ms
[21.668s][info][gc,cpu         ] GC(66) User=0.00s Sys=0.00s Real=0.00s
[22.027s][info][gc,start       ] GC(67) Pause Young (Normal) (G1 Evacuation Pause)
[22.027s][info][gc,task        ] GC(67) Using 25 workers of 33 for evacuation
[22.030s][info][gc,phases      ] GC(67)   Pre Evacuate Collection Set: 0.1ms
[22.030s][info][gc,phases      ] GC(67)   Merge Heap Roots: 0.2ms
[22.030s][info][gc,phases      ] GC(67)   Evacuate Collection Set: 1.7ms
[22.030s][info][gc,phases      ] GC(67)   Post Evacuate Collection Set: 0.6ms
[22.030s][info][gc,phases      ] GC(67)   Other: 0.2ms
[22.030s][info][gc,heap        ] GC(67) Eden regions: 321->0(320)
[22.030s][info][gc,heap        ] GC(67) Survivor regions: 2->3(41)
[22.030s][info][gc,heap        ] GC(67) Old regions: 16->16
[22.030s][info][gc,heap        ] GC(67) Archive regions: 0->0
[22.030s][info][gc,heap        ] GC(67) Humongous regions: 0->0
[22.030s][info][gc,metaspace   ] GC(67) Metaspace: 8601K(8832K)->8601K(8832K) NonClass: 7447K(7552K)->7447K(7552K) Class: 1153K(1280K)->1153K(1280K)
[22.031s][info][gc             ] GC(67) Pause Young (Normal) (G1 Evacuation Pause) 648M->8M(1078M) 3.297ms
[22.031s][info][gc,cpu         ] GC(67) User=0.00s Sys=0.00s Real=0.00s
[22.362s][info][gc,start       ] GC(68) Pause Young (Normal) (G1 Evacuation Pause)
[22.362s][info][gc,task        ] GC(68) Using 25 workers of 33 for evacuation
[22.365s][info][gc,phases      ] GC(68)   Pre Evacuate Collection Set: 0.1ms
[22.365s][info][gc,phases      ] GC(68)   Merge Heap Roots: 0.2ms
[22.366s][info][gc,phases      ] GC(68)   Evacuate Collection Set: 2.1ms
[22.366s][info][gc,phases      ] GC(68)   Post Evacuate Collection Set: 0.6ms
[22.366s][info][gc,phases      ] GC(68)   Other: 0.1ms
[22.366s][info][gc,heap        ] GC(68) Eden regions: 320->0(319)
[22.366s][info][gc,heap        ] GC(68) Survivor regions: 3->4(41)
[22.366s][info][gc,heap        ] GC(68) Old regions: 16->16
[22.366s][info][gc,heap        ] GC(68) Archive regions: 0->0
[22.366s][info][gc,heap        ] GC(68) Humongous regions: 0->0
[22.366s][info][gc,metaspace   ] GC(68) Metaspace: 8601K(8832K)->8601K(8832K) NonClass: 7447K(7552K)->7447K(7552K) Class: 1153K(1280K)->1153K(1280K)
[22.366s][info][gc             ] GC(68) Pause Young (Normal) (G1 Evacuation Pause) 648M->10M(1078M) 3.649ms
[22.366s][info][gc,cpu         ] GC(68) User=0.00s Sys=0.00s Real=0.00s
[22.726s][info][gc,start       ] GC(69) Pause Young (Normal) (G1 Evacuation Pause)
[22.726s][info][gc,task        ] GC(69) Using 25 workers of 33 for evacuation
[22.730s][info][gc,phases      ] GC(69)   Pre Evacuate Collection Set: 0.1ms
[22.730s][info][gc,phases      ] GC(69)   Merge Heap Roots: 0.2ms
[22.730s][info][gc,phases      ] GC(69)   Evacuate Collection Set: 2.7ms
[22.730s][info][gc,phases      ] GC(69)   Post Evacuate Collection Set: 0.6ms
[22.730s][info][gc,phases      ] GC(69)   Other: 0.2ms
[22.730s][info][gc,heap        ] GC(69) Eden regions: 319->0(318)
[22.730s][info][gc,heap        ] GC(69) Survivor regions: 4->5(41)
[22.730s][info][gc,heap        ] GC(69) Old regions: 16->16
[22.730s][info][gc,heap        ] GC(69) Archive regions: 0->0
[22.730s][info][gc,heap        ] GC(69) Humongous regions: 0->0
[22.730s][info][gc,metaspace   ] GC(69) Metaspace: 8601K(8832K)->8601K(8832K) NonClass: 7447K(7552K)->7447K(7552K) Class: 1153K(1280K)->1153K(1280K)
[22.730s][info][gc             ] GC(69) Pause Young (Normal) (G1 Evacuation Pause) 648M->13M(1078M) 4.290ms
[22.730s][info][gc,cpu         ] GC(69) User=0.00s Sys=0.00s Real=0.00s
[23.074s][info][gc,start       ] GC(70) Pause Young (Normal) (G1 Evacuation Pause)
[23.074s][info][gc,task        ] GC(70) Using 25 workers of 33 for evacuation
[23.078s][info][gc,phases      ] GC(70)   Pre Evacuate Collection Set: 0.1ms
[23.078s][info][gc,phases      ] GC(70)   Merge Heap Roots: 0.2ms
[23.078s][info][gc,phases      ] GC(70)   Evacuate Collection Set: 3.1ms
[23.078s][info][gc,phases      ] GC(70)   Post Evacuate Collection Set: 0.6ms
[23.078s][info][gc,phases      ] GC(70)   Other: 0.2ms
[23.078s][info][gc,heap        ] GC(70) Eden regions: 318->0(316)
[23.078s][info][gc,heap        ] GC(70) Survivor regions: 5->7(41)
[23.078s][info][gc,heap        ] GC(70) Old regions: 16->16
[23.078s][info][gc,heap        ] GC(70) Archive regions: 0->0
[23.078s][info][gc,heap        ] GC(70) Humongous regions: 0->0
[23.078s][info][gc,metaspace   ] GC(70) Metaspace: 8601K(8832K)->8601K(8832K) NonClass: 7447K(7552K)->7447K(7552K) Class: 1153K(1280K)->1153K(1280K)
[23.078s][info][gc             ] GC(70) Pause Young (Normal) (G1 Evacuation Pause) 649M->15M(1078M) 4.612ms
[23.078s][info][gc,cpu         ] GC(70) User=0.02s Sys=0.00s Real=0.02s
[23.441s][info][gc,start       ] GC(71) Pause Young (Normal) (G1 Evacuation Pause)
[23.441s][info][gc,task        ] GC(71) Using 25 workers of 33 for evacuation
[23.446s][info][gc,phases      ] GC(71)   Pre Evacuate Collection Set: 0.1ms
[23.447s][info][gc,phases      ] GC(71)   Merge Heap Roots: 0.2ms
[23.447s][info][gc,phases      ] GC(71)   Evacuate Collection Set: 4.0ms
[23.447s][info][gc,phases      ] GC(71)   Post Evacuate Collection Set: 0.6ms
[23.447s][info][gc,phases      ] GC(71)   Other: 0.2ms
[23.447s][info][gc,heap        ] GC(71) Eden regions: 316->0(315)
[23.447s][info][gc,heap        ] GC(71) Survivor regions: 7->8(41)
[23.447s][info][gc,heap        ] GC(71) Old regions: 16->16
[23.447s][info][gc,heap        ] GC(71) Archive regions: 0->0
[23.447s][info][gc,heap        ] GC(71) Humongous regions: 0->0
[23.447s][info][gc,metaspace   ] GC(71) Metaspace: 8601K(8832K)->8601K(8832K) NonClass: 7447K(7552K)->7447K(7552K) Class: 1153K(1280K)->1153K(1280K)
[23.447s][info][gc             ] GC(71) Pause Young (Normal) (G1 Evacuation Pause) 647M->18M(1078M) 5.513ms
[23.447s][info][gc,cpu         ] GC(71) User=0.00s Sys=0.00s Real=0.00s
[23.780s][info][gc,start       ] GC(72) Pause Young (Normal) (G1 Evacuation Pause)
[23.780s][info][gc,task        ] GC(72) Using 25 workers of 33 for evacuation
[23.785s][info][gc,phases      ] GC(72)   Pre Evacuate Collection Set: 0.1ms
[23.785s][info][gc,phases      ] GC(72)   Merge Heap Roots: 0.2ms
[23.785s][info][gc,phases      ] GC(72)   Evacuate Collection Set: 4.2ms
[23.785s][info][gc,phases      ] GC(72)   Post Evacuate Collection Set: 0.6ms
[23.785s][info][gc,phases      ] GC(72)   Other: 0.2ms
[23.785s][info][gc,heap        ] GC(72) Eden regions: 315->0(314)
[23.785s][info][gc,heap        ] GC(72) Survivor regions: 8->9(41)
[23.785s][info][gc,heap        ] GC(72) Old regions: 16->16
[23.785s][info][gc,heap        ] GC(72) Archive regions: 0->0
[23.785s][info][gc,heap        ] GC(72) Humongous regions: 0->0
[23.785s][info][gc,metaspace   ] GC(72) Metaspace: 8601K(8832K)->8601K(8832K) NonClass: 7447K(7552K)->7447K(7552K) Class: 1153K(1280K)->1153K(1280K)
[23.785s][info][gc             ] GC(72) Pause Young (Normal) (G1 Evacuation Pause) 648M->20M(1078M) 5.722ms
[23.785s][info][gc,cpu         ] GC(72) User=0.39s Sys=0.00s Real=0.02s
[24.134s][info][gc,start       ] GC(73) Pause Young (Normal) (G1 Evacuation Pause)
[24.134s][info][gc,task        ] GC(73) Using 25 workers of 33 for evacuation
[24.145s][info][gc,phases      ] GC(73)   Pre Evacuate Collection Set: 0.1ms
[24.145s][info][gc,phases      ] GC(73)   Merge Heap Roots: 0.2ms
[24.145s][info][gc,phases      ] GC(73)   Evacuate Collection Set: 9.6ms
[24.145s][info][gc,phases      ] GC(73)   Post Evacuate Collection Set: 0.6ms
[24.145s][info][gc,phases      ] GC(73)   Other: 0.2ms
[24.145s][info][gc,heap        ] GC(73) Eden regions: 314->0(313)
[24.145s][info][gc,heap        ] GC(73) Survivor regions: 9->10(41)
[24.145s][info][gc,heap        ] GC(73) Old regions: 16->16
[24.145s][info][gc,heap        ] GC(73) Archive regions: 0->0
[24.145s][info][gc,heap        ] GC(73) Humongous regions: 0->0
[24.145s][info][gc,metaspace   ] GC(73) Metaspace: 8601K(8832K)->8601K(8832K) NonClass: 7447K(7552K)->7447K(7552K) Class: 1153K(1280K)->1153K(1280K)
[24.145s][info][gc             ] GC(73) Pause Young (Normal) (G1 Evacuation Pause) 648M->22M(1078M) 11.119ms
[24.145s][info][gc,cpu         ] GC(73) User=0.05s Sys=0.00s Real=0.02s
[24.490s][info][gc,start       ] GC(74) Pause Young (Normal) (G1 Evacuation Pause)
[24.490s][info][gc,task        ] GC(74) Using 25 workers of 33 for evacuation
[24.496s][info][gc,phases      ] GC(74)   Pre Evacuate Collection Set: 0.1ms
[24.496s][info][gc,phases      ] GC(74)   Merge Heap Roots: 0.2ms
[24.496s][info][gc,phases      ] GC(74)   Evacuate Collection Set: 4.9ms
[24.496s][info][gc,phases      ] GC(74)   Post Evacuate Collection Set: 0.6ms
[24.496s][info][gc,phases      ] GC(74)   Other: 0.2ms
[24.496s][info][gc,heap        ] GC(74) Eden regions: 313->0(312)
[24.496s][info][gc,heap        ] GC(74) Survivor regions: 10->11(41)
[24.496s][info][gc,heap        ] GC(74) Old regions: 16->16
[24.496s][info][gc,heap        ] GC(74) Archive regions: 0->0
[24.496s][info][gc,heap        ] GC(74) Humongous regions: 0->0
[24.496s][info][gc,metaspace   ] GC(74) Metaspace: 8601K(8832K)->8601K(8832K) NonClass: 7447K(7552K)->7447K(7552K) Class: 1153K(1280K)->1153K(1280K)
[24.496s][info][gc             ] GC(74) Pause Young (Normal) (G1 Evacuation Pause) 648M->25M(1078M) 6.532ms
[24.496s][info][gc,cpu         ] GC(74) User=0.00s Sys=0.00s Real=0.00s
[25.090s][info][gc,start       ] GC(75) Pause Full (System.gc())
[25.090s][info][gc,task        ] GC(75) Using 25 workers of 33 for full compaction
[25.091s][info][gc,phases,start] GC(75) Phase 1: Mark live objects
[25.096s][info][gc,phases      ] GC(75) Phase 1: Mark live objects 4.914ms
[25.096s][info][gc,phases,start] GC(75) Phase 2: Prepare compaction
[25.098s][info][gc,phases      ] GC(75) Phase 2: Prepare compaction 1.306ms
[25.098s][info][gc,phases,start] GC(75) Phase 3: Adjust pointers
[25.100s][info][gc,phases      ] GC(75) Phase 3: Adjust pointers 2.792ms
[25.100s][info][gc,phases,start] GC(75) Phase 4: Compact heap
[25.101s][info][gc,phases      ] GC(75) Phase 4: Compact heap 0.892ms
[25.107s][info][gc,heap        ] GC(75) Eden regions: 231->0(32)
[25.107s][info][gc,heap        ] GC(75) Survivor regions: 11->0(41)
[25.107s][info][gc,heap        ] GC(75) Old regions: 16->16
[25.107s][info][gc,heap        ] GC(75) Archive regions: 0->0
[25.107s][info][gc,heap        ] GC(75) Humongous regions: 5->0
[25.107s][info][gc,metaspace   ] GC(75) Metaspace: 8601K(8832K)->8601K(8832K) NonClass: 7447K(7552K)->7447K(7552K) Class: 1153K(1280K)->1153K(1280K)
[25.107s][info][gc             ] GC(75) Pause Full (System.gc()) 497M->3M(108M) 17.296ms
[25.107s][info][gc,cpu         ] GC(75) User=0.39s Sys=0.00s Real=0.02s
[25.144s][info][gc,start       ] GC(76) Pause Young (Normal) (G1 Evacuation Pause)
[25.144s][info][gc,task        ] GC(76) Using 13 workers of 33 for evacuation
[25.145s][info][gc,phases      ] GC(76)   Pre Evacuate Collection Set: 0.1ms
[25.145s][info][gc,phases      ] GC(76)   Merge Heap Roots: 0.1ms
[25.145s][info][gc,phases      ] GC(76)   Evacuate Collection Set: 0.3ms
[25.145s][info][gc,phases      ] GC(76)   Post Evacuate Collection Set: 0.3ms
[25.145s][info][gc,phases      ] GC(76)   Other: 0.1ms
[25.145s][info][gc,heap        ] GC(76) Eden regions: 32->0(30)
[25.145s][info][gc,heap        ] GC(76) Survivor regions: 0->2(4)
[25.145s][info][gc,heap        ] GC(76) Old regions: 16->16
[25.145s][info][gc,heap        ] GC(76) Archive regions: 0->0
[25.146s][info][gc,heap        ] GC(76) Humongous regions: 0->0
[25.146s][info][gc,metaspace   ] GC(76) Metaspace: 8601K(8832K)->8601K(8832K) NonClass: 7447K(7552K)->7447K(7552K) Class: 1153K(1280K)->1153K(1280K)
[25.146s][info][gc             ] GC(76) Pause Young (Normal) (G1 Evacuation Pause) 67M->6M(108M) 1.311ms
[25.146s][info][gc,cpu         ] GC(76) User=0.00s Sys=0.00s Real=0.00s
[25.176s][info][gc,start       ] GC(77) Pause Young (Normal) (G1 Evacuation Pause)
[25.176s][info][gc,task        ] GC(77) Using 7 workers of 33 for evacuation
[25.181s][info][gc,phases      ] GC(77)   Pre Evacuate Collection Set: 0.1ms
[25.181s][info][gc,phases      ] GC(77)   Merge Heap Roots: 0.0ms
[25.181s][info][gc,phases      ] GC(77)   Evacuate Collection Set: 0.5ms
[25.181s][info][gc,phases      ] GC(77)   Post Evacuate Collection Set: 4.0ms
[25.181s][info][gc,phases      ] GC(77)   Other: 0.1ms
[25.181s][info][gc,heap        ] GC(77) Eden regions: 30->0(322)
[25.181s][info][gc,heap        ] GC(77) Survivor regions: 2->1(4)
[25.181s][info][gc,heap        ] GC(77) Old regions: 16->16
[25.181s][info][gc,heap        ] GC(77) Archive regions: 0->0
[25.181s][info][gc,heap        ] GC(77) Humongous regions: 0->0
[25.181s][info][gc,metaspace   ] GC(77) Metaspace: 8601K(8832K)->8601K(8832K) NonClass: 7447K(7552K)->7447K(7552K) Class: 1153K(1280K)->1153K(1280K)
[25.181s][info][gc             ] GC(77) Pause Young (Normal) (G1 Evacuation Pause) 66M->4M(1078M) 5.097ms
[25.181s][info][gc,cpu         ] GC(77) User=0.00s Sys=0.00s Real=0.00s
[25.545s][info][gc,start       ] GC(78) Pause Young (Normal) (G1 Evacuation Pause)
[25.545s][info][gc,task        ] GC(78) Using 25 workers of 33 for evacuation
[25.548s][info][gc,phases      ] GC(78)   Pre Evacuate Collection Set: 0.1ms
[25.548s][info][gc,phases      ] GC(78)   Merge Heap Roots: 0.2ms
[25.548s][info][gc,phases      ] GC(78)   Evacuate Collection Set: 1.1ms
[25.548s][info][gc,phases      ] GC(78)   Post Evacuate Collection Set: 0.6ms
[25.548s][info][gc,phases      ] GC(78)   Other: 0.1ms
[25.548s][info][gc,heap        ] GC(78) Eden regions: 322->0(321)
[25.548s][info][gc,heap        ] GC(78) Survivor regions: 1->2(41)
[25.548s][info][gc,heap        ] GC(78) Old regions: 16->16
[25.548s][info][gc,heap        ] GC(78) Archive regions: 0->0
[25.548s][info][gc,heap        ] GC(78) Humongous regions: 0->0
[25.548s][info][gc,metaspace   ] GC(78) Metaspace: 8601K(8832K)->8601K(8832K) NonClass: 7447K(7552K)->7447K(7552K) Class: 1153K(1280K)->1153K(1280K)
[25.548s][info][gc             ] GC(78) Pause Young (Normal) (G1 Evacuation Pause) 648M->6M(1078M) 2.651ms
[25.548s][info][gc,cpu         ] GC(78) User=0.39s Sys=0.00s Real=0.02s
[25.894s][info][gc,start       ] GC(79) Pause Young (Normal) (G1 Evacuation Pause)
[25.895s][info][gc,task        ] GC(79) Using 25 workers of 33 for evacuation
[25.897s][info][gc,phases      ] GC(79)   Pre Evacuate Collection Set: 0.1ms
[25.897s][info][gc,phases      ] GC(79)   Merge Heap Roots: 0.2ms
[25.898s][info][gc,phases      ] GC(79)   Evacuate Collection Set: 1.8ms
[25.898s][info][gc,phases      ] GC(79)   Post Evacuate Collection Set: 0.6ms
[25.898s][info][gc,phases      ] GC(79)   Other: 0.2ms
[25.898s][info][gc,heap        ] GC(79) Eden regions: 321->0(320)
[25.898s][info][gc,heap        ] GC(79) Survivor regions: 2->3(41)
[25.898s][info][gc,heap        ] GC(79) Old regions: 16->16
[25.898s][info][gc,heap        ] GC(79) Archive regions: 0->0
[25.898s][info][gc,heap        ] GC(79) Humongous regions: 0->0
[25.898s][info][gc,metaspace   ] GC(79) Metaspace: 8601K(8832K)->8601K(8832K) NonClass: 7447K(7552K)->7447K(7552K) Class: 1153K(1280K)->1153K(1280K)
[25.898s][info][gc             ] GC(79) Pause Young (Normal) (G1 Evacuation Pause) 648M->8M(1078M) 3.334ms
[25.898s][info][gc,cpu         ] GC(79) User=0.00s Sys=0.00s Real=0.00s
[26.241s][info][gc,start       ] GC(80) Pause Young (Normal) (G1 Evacuation Pause)
[26.241s][info][gc,task        ] GC(80) Using 25 workers of 33 for evacuation
[26.244s][info][gc,phases      ] GC(80)   Pre Evacuate Collection Set: 0.1ms
[26.244s][info][gc,phases      ] GC(80)   Merge Heap Roots: 0.2ms
[26.244s][info][gc,phases      ] GC(80)   Evacuate Collection Set: 2.2ms
[26.244s][info][gc,phases      ] GC(80)   Post Evacuate Collection Set: 0.6ms
[26.245s][info][gc,phases      ] GC(80)   Other: 0.2ms
[26.245s][info][gc,heap        ] GC(80) Eden regions: 320->0(319)
[26.245s][info][gc,heap        ] GC(80) Survivor regions: 3->4(41)
[26.245s][info][gc,heap        ] GC(80) Old regions: 16->16
[26.245s][info][gc,heap        ] GC(80) Archive regions: 0->0
[26.245s][info][gc,heap        ] GC(80) Humongous regions: 0->0
[26.245s][info][gc,metaspace   ] GC(80) Metaspace: 8601K(8832K)->8601K(8832K) NonClass: 7447K(7552K)->7447K(7552K) Class: 1153K(1280K)->1153K(1280K)
[26.245s][info][gc             ] GC(80) Pause Young (Normal) (G1 Evacuation Pause) 648M->10M(1078M) 3.764ms
[26.245s][info][gc,cpu         ] GC(80) User=0.00s Sys=0.00s Real=0.00s
[26.597s][info][gc,start       ] GC(81) Pause Young (Normal) (G1 Evacuation Pause)
[26.598s][info][gc,task        ] GC(81) Using 25 workers of 33 for evacuation
[26.601s][info][gc,phases      ] GC(81)   Pre Evacuate Collection Set: 0.1ms
[26.601s][info][gc,phases      ] GC(81)   Merge Heap Roots: 0.2ms
[26.601s][info][gc,phases      ] GC(81)   Evacuate Collection Set: 2.7ms
[26.601s][info][gc,phases      ] GC(81)   Post Evacuate Collection Set: 0.6ms
[26.601s][info][gc,phases      ] GC(81)   Other: 0.2ms
[26.601s][info][gc,heap        ] GC(81) Eden regions: 319->0(318)
[26.601s][info][gc,heap        ] GC(81) Survivor regions: 4->5(41)
[26.601s][info][gc,heap        ] GC(81) Old regions: 16->16
[26.602s][info][gc,heap        ] GC(81) Archive regions: 0->0
[26.602s][info][gc,heap        ] GC(81) Humongous regions: 0->0
[26.602s][info][gc,metaspace   ] GC(81) Metaspace: 8601K(8832K)->8601K(8832K) NonClass: 7447K(7552K)->7447K(7552K) Class: 1153K(1280K)->1153K(1280K)
[26.602s][info][gc             ] GC(81) Pause Young (Normal) (G1 Evacuation Pause) 648M->13M(1078M) 4.201ms
[26.602s][info][gc,cpu         ] GC(81) User=0.00s Sys=0.00s Real=0.00s
[26.945s][info][gc,start       ] GC(82) Pause Young (Normal) (G1 Evacuation Pause)
[26.945s][info][gc,task        ] GC(82) Using 25 workers of 33 for evacuation
[26.949s][info][gc,phases      ] GC(82)   Pre Evacuate Collection Set: 0.1ms
[26.949s][info][gc,phases      ] GC(82)   Merge Heap Roots: 0.2ms
[26.949s][info][gc,phases      ] GC(82)   Evacuate Collection Set: 3.1ms
[26.949s][info][gc,phases      ] GC(82)   Post Evacuate Collection Set: 0.6ms
[26.949s][info][gc,phases      ] GC(82)   Other: 0.2ms
[26.949s][info][gc,heap        ] GC(82) Eden regions: 318->0(316)
[26.949s][info][gc,heap        ] GC(82) Survivor regions: 5->7(41)
[26.949s][info][gc,heap        ] GC(82) Old regions: 16->16
[26.949s][info][gc,heap        ] GC(82) Archive regions: 0->0
[26.949s][info][gc,heap        ] GC(82) Humongous regions: 0->0
[26.949s][info][gc,metaspace   ] GC(82) Metaspace: 8601K(8832K)->8601K(8832K) NonClass: 7447K(7552K)->7447K(7552K) Class: 1153K(1280K)->1153K(1280K)
[26.949s][info][gc             ] GC(82) Pause Young (Normal) (G1 Evacuation Pause) 649M->15M(1078M) 4.645ms
[26.949s][info][gc,cpu         ] GC(82) User=0.00s Sys=0.00s Real=0.00s
[27.325s][info][gc,start       ] GC(83) Pause Young (Normal) (G1 Evacuation Pause)
[27.325s][info][gc,task        ] GC(83) Using 25 workers of 33 for evacuation
[27.330s][info][gc,phases      ] GC(83)   Pre Evacuate Collection Set: 0.1ms
[27.330s][info][gc,phases      ] GC(83)   Merge Heap Roots: 0.2ms
[27.330s][info][gc,phases      ] GC(83)   Evacuate Collection Set: 4.0ms
[27.331s][info][gc,phases      ] GC(83)   Post Evacuate Collection Set: 0.6ms
[27.331s][info][gc,phases      ] GC(83)   Other: 0.2ms
[27.331s][info][gc,heap        ] GC(83) Eden regions: 316->0(315)
[27.331s][info][gc,heap        ] GC(83) Survivor regions: 7->8(41)
[27.331s][info][gc,heap        ] GC(83) Old regions: 16->16
[27.331s][info][gc,heap        ] GC(83) Archive regions: 0->0
[27.331s][info][gc,heap        ] GC(83) Humongous regions: 0->0
[27.331s][info][gc,metaspace   ] GC(83) Metaspace: 8601K(8832K)->8601K(8832K) NonClass: 7447K(7552K)->7447K(7552K) Class: 1153K(1280K)->1153K(1280K)
[27.331s][info][gc             ] GC(83) Pause Young (Normal) (G1 Evacuation Pause) 647M->17M(1078M) 5.544ms
[27.331s][info][gc,cpu         ] GC(83) User=0.39s Sys=0.00s Real=0.02s
[27.664s][info][gc,start       ] GC(84) Pause Young (Normal) (G1 Evacuation Pause)
[27.664s][info][gc,task        ] GC(84) Using 25 workers of 33 for evacuation
[27.669s][info][gc,phases      ] GC(84)   Pre Evacuate Collection Set: 0.1ms
[27.669s][info][gc,phases      ] GC(84)   Merge Heap Roots: 0.2ms
[27.669s][info][gc,phases      ] GC(84)   Evacuate Collection Set: 4.2ms
[27.669s][info][gc,phases      ] GC(84)   Post Evacuate Collection Set: 0.6ms
[27.669s][info][gc,phases      ] GC(84)   Other: 0.2ms
[27.669s][info][gc,heap        ] GC(84) Eden regions: 315->0(314)
[27.669s][info][gc,heap        ] GC(84) Survivor regions: 8->9(41)
[27.669s][info][gc,heap        ] GC(84) Old regions: 16->16
[27.669s][info][gc,heap        ] GC(84) Archive regions: 0->0
[27.669s][info][gc,heap        ] GC(84) Humongous regions: 0->0
[27.669s][info][gc,metaspace   ] GC(84) Metaspace: 8601K(8832K)->8601K(8832K) NonClass: 7447K(7552K)->7447K(7552K) Class: 1153K(1280K)->1153K(1280K)
[27.669s][info][gc             ] GC(84) Pause Young (Normal) (G1 Evacuation Pause) 647M->20M(1078M) 5.765ms
[27.669s][info][gc,cpu         ] GC(84) User=0.00s Sys=0.00s Real=0.00s
[28.003s][info][gc,start       ] GC(85) Pause Young (Normal) (G1 Evacuation Pause)
[28.003s][info][gc,task        ] GC(85) Using 25 workers of 33 for evacuation
[28.008s][info][gc,phases      ] GC(85)   Pre Evacuate Collection Set: 0.1ms
[28.008s][info][gc,phases      ] GC(85)   Merge Heap Roots: 0.2ms
[28.008s][info][gc,phases      ] GC(85)   Evacuate Collection Set: 4.6ms
[28.008s][info][gc,phases      ] GC(85)   Post Evacuate Collection Set: 0.6ms
[28.008s][info][gc,phases      ] GC(85)   Other: 0.2ms
[28.009s][info][gc,heap        ] GC(85) Eden regions: 314->0(313)
[28.009s][info][gc,heap        ] GC(85) Survivor regions: 9->10(41)
[28.009s][info][gc,heap        ] GC(85) Old regions: 16->16
[28.009s][info][gc,heap        ] GC(85) Archive regions: 0->0
[28.009s][info][gc,heap        ] GC(85) Humongous regions: 0->0
[28.009s][info][gc,metaspace   ] GC(85) Metaspace: 8601K(8832K)->8601K(8832K) NonClass: 7447K(7552K)->7447K(7552K) Class: 1153K(1280K)->1153K(1280K)
[28.009s][info][gc             ] GC(85) Pause Young (Normal) (G1 Evacuation Pause) 648M->22M(1078M) 6.171ms
[28.009s][info][gc,cpu         ] GC(85) User=0.00s Sys=0.00s Real=0.00s
[28.340s][info][gc,start       ] GC(86) Pause Young (Normal) (G1 Evacuation Pause)
[28.340s][info][gc,task        ] GC(86) Using 25 workers of 33 for evacuation
[28.346s][info][gc,phases      ] GC(86)   Pre Evacuate Collection Set: 0.1ms
[28.346s][info][gc,phases      ] GC(86)   Merge Heap Roots: 0.2ms
[28.346s][info][gc,phases      ] GC(86)   Evacuate Collection Set: 4.9ms
[28.346s][info][gc,phases      ] GC(86)   Post Evacuate Collection Set: 0.6ms
[28.346s][info][gc,phases      ] GC(86)   Other: 0.2ms
[28.346s][info][gc,heap        ] GC(86) Eden regions: 313->0(312)
[28.346s][info][gc,heap        ] GC(86) Survivor regions: 10->11(41)
[28.346s][info][gc,heap        ] GC(86) Old regions: 16->16
[28.346s][info][gc,heap        ] GC(86) Archive regions: 0->0
[28.346s][info][gc,heap        ] GC(86) Humongous regions: 0->0
[28.346s][info][gc,metaspace   ] GC(86) Metaspace: 8601K(8832K)->8601K(8832K) NonClass: 7447K(7552K)->7447K(7552K) Class: 1153K(1280K)->1153K(1280K)
[28.346s][info][gc             ] GC(86) Pause Young (Normal) (G1 Evacuation Pause) 648M->25M(1078M) 6.487ms
[28.346s][info][gc,cpu         ] GC(86) User=0.39s Sys=0.00s Real=0.01s
[28.966s][info][gc,start       ] GC(87) Pause Full (System.gc())
[28.966s][info][gc,task        ] GC(87) Using 25 workers of 33 for full compaction
[28.967s][info][gc,phases,start] GC(87) Phase 1: Mark live objects
[28.972s][info][gc,phases      ] GC(87) Phase 1: Mark live objects 5.143ms
[28.972s][info][gc,phases,start] GC(87) Phase 2: Prepare compaction
[28.974s][info][gc,phases      ] GC(87) Phase 2: Prepare compaction 1.317ms
[28.974s][info][gc,phases,start] GC(87) Phase 3: Adjust pointers
[28.975s][info][gc,phases      ] GC(87) Phase 3: Adjust pointers 1.745ms
[28.975s][info][gc,phases,start] GC(87) Phase 4: Compact heap
[28.976s][info][gc,phases      ] GC(87) Phase 4: Compact heap 0.978ms
[28.982s][info][gc,heap        ] GC(87) Eden regions: 231->0(32)
[28.982s][info][gc,heap        ] GC(87) Survivor regions: 11->0(41)
[28.982s][info][gc,heap        ] GC(87) Old regions: 16->16
[28.982s][info][gc,heap        ] GC(87) Archive regions: 0->0
[28.982s][info][gc,heap        ] GC(87) Humongous regions: 5->0
[28.982s][info][gc,metaspace   ] GC(87) Metaspace: 8602K(8832K)->8602K(8832K) NonClass: 7449K(7552K)->7449K(7552K) Class: 1153K(1280K)->1153K(1280K)
[28.982s][info][gc             ] GC(87) Pause Full (System.gc()) 497M->3M(108M) 16.185ms
[28.982s][info][gc,cpu         ] GC(87) User=0.33s Sys=0.02s Real=0.02s
[29.017s][info][gc,start       ] GC(88) Pause Young (Normal) (G1 Evacuation Pause)
[29.017s][info][gc,task        ] GC(88) Using 13 workers of 33 for evacuation
[29.018s][info][gc,phases      ] GC(88)   Pre Evacuate Collection Set: 0.1ms
[29.018s][info][gc,phases      ] GC(88)   Merge Heap Roots: 0.1ms
[29.018s][info][gc,phases      ] GC(88)   Evacuate Collection Set: 0.4ms
[29.019s][info][gc,phases      ] GC(88)   Post Evacuate Collection Set: 0.3ms
[29.019s][info][gc,phases      ] GC(88)   Other: 0.1ms
[29.019s][info][gc,heap        ] GC(88) Eden regions: 32->0(30)
[29.019s][info][gc,heap        ] GC(88) Survivor regions: 0->2(4)
[29.019s][info][gc,heap        ] GC(88) Old regions: 16->16
[29.019s][info][gc,heap        ] GC(88) Archive regions: 0->0
[29.019s][info][gc,heap        ] GC(88) Humongous regions: 0->0
[29.019s][info][gc,metaspace   ] GC(88) Metaspace: 8604K(8832K)->8604K(8832K) NonClass: 7451K(7552K)->7451K(7552K) Class: 1153K(1280K)->1153K(1280K)
[29.019s][info][gc             ] GC(88) Pause Young (Normal) (G1 Evacuation Pause) 67M->6M(108M) 1.403ms
[29.019s][info][gc,cpu         ] GC(88) User=0.00s Sys=0.00s Real=0.00s
[29.057s][info][gc,start       ] GC(89) Pause Young (Normal) (G1 Evacuation Pause)
[29.057s][info][gc,task        ] GC(89) Using 7 workers of 33 for evacuation
[29.063s][info][gc,phases      ] GC(89)   Pre Evacuate Collection Set: 0.1ms
[29.063s][info][gc,phases      ] GC(89)   Merge Heap Roots: 0.1ms
[29.063s][info][gc,phases      ] GC(89)   Evacuate Collection Set: 1.4ms
[29.063s][info][gc,phases      ] GC(89)   Post Evacuate Collection Set: 4.1ms
[29.063s][info][gc,phases      ] GC(89)   Other: 0.1ms
[29.063s][info][gc,heap        ] GC(89) Eden regions: 30->0(322)
[29.063s][info][gc,heap        ] GC(89) Survivor regions: 2->1(4)
[29.063s][info][gc,heap        ] GC(89) Old regions: 16->16
[29.063s][info][gc,heap        ] GC(89) Archive regions: 0->0
[29.063s][info][gc,heap        ] GC(89) Humongous regions: 0->0
[29.063s][info][gc,metaspace   ] GC(89) Metaspace: 8604K(8832K)->8604K(8832K) NonClass: 7451K(7552K)->7451K(7552K) Class: 1153K(1280K)->1153K(1280K)
[29.063s][info][gc             ] GC(89) Pause Young (Normal) (G1 Evacuation Pause) 66M->4M(1078M) 6.127ms
[29.063s][info][gc,cpu         ] GC(89) User=0.00s Sys=0.00s Real=0.00s
[29.402s][info][gc,start       ] GC(90) Pause Young (Normal) (G1 Evacuation Pause)
[29.403s][info][gc,task        ] GC(90) Using 25 workers of 33 for evacuation
[29.405s][info][gc,phases      ] GC(90)   Pre Evacuate Collection Set: 0.1ms
[29.405s][info][gc,phases      ] GC(90)   Merge Heap Roots: 0.2ms
[29.405s][info][gc,phases      ] GC(90)   Evacuate Collection Set: 1.1ms
[29.405s][info][gc,phases      ] GC(90)   Post Evacuate Collection Set: 0.6ms
[29.405s][info][gc,phases      ] GC(90)   Other: 0.1ms
[29.405s][info][gc,heap        ] GC(90) Eden regions: 322->0(321)
[29.405s][info][gc,heap        ] GC(90) Survivor regions: 1->2(41)
[29.405s][info][gc,heap        ] GC(90) Old regions: 16->16
[29.405s][info][gc,heap        ] GC(90) Archive regions: 0->0
[29.405s][info][gc,heap        ] GC(90) Humongous regions: 0->0
[29.405s][info][gc,metaspace   ] GC(90) Metaspace: 8604K(8832K)->8604K(8832K) NonClass: 7451K(7552K)->7451K(7552K) Class: 1153K(1280K)->1153K(1280K)
[29.405s][info][gc             ] GC(90) Pause Young (Normal) (G1 Evacuation Pause) 648M->6M(1078M) 2.625ms
[29.405s][info][gc,cpu         ] GC(90) User=0.00s Sys=0.00s Real=0.00s
[29.769s][info][gc,start       ] GC(91) Pause Young (Normal) (G1 Evacuation Pause)
[29.769s][info][gc,task        ] GC(91) Using 25 workers of 33 for evacuation
[29.772s][info][gc,phases      ] GC(91)   Pre Evacuate Collection Set: 0.1ms
[29.772s][info][gc,phases      ] GC(91)   Merge Heap Roots: 0.2ms
[29.772s][info][gc,phases      ] GC(91)   Evacuate Collection Set: 1.7ms
[29.772s][info][gc,phases      ] GC(91)   Post Evacuate Collection Set: 0.6ms
[29.772s][info][gc,phases      ] GC(91)   Other: 0.2ms
[29.772s][info][gc,heap        ] GC(91) Eden regions: 321->0(320)
[29.772s][info][gc,heap        ] GC(91) Survivor regions: 2->3(41)
[29.772s][info][gc,heap        ] GC(91) Old regions: 16->16
[29.772s][info][gc,heap        ] GC(91) Archive regions: 0->0
[29.772s][info][gc,heap        ] GC(91) Humongous regions: 0->0
[29.772s][info][gc,metaspace   ] GC(91) Metaspace: 8604K(8832K)->8604K(8832K) NonClass: 7451K(7552K)->7451K(7552K) Class: 1153K(1280K)->1153K(1280K)
[29.772s][info][gc             ] GC(91) Pause Young (Normal) (G1 Evacuation Pause) 648M->8M(1078M) 3.227ms
[29.772s][info][gc,cpu         ] GC(91) User=0.00s Sys=0.00s Real=0.00s
[30.119s][info][gc,start       ] GC(92) Pause Young (Normal) (G1 Evacuation Pause)
[30.120s][info][gc,task        ] GC(92) Using 25 workers of 33 for evacuation
[30.123s][info][gc,phases      ] GC(92)   Pre Evacuate Collection Set: 0.1ms
[30.123s][info][gc,phases      ] GC(92)   Merge Heap Roots: 0.2ms
[30.123s][info][gc,phases      ] GC(92)   Evacuate Collection Set: 2.0ms
[30.123s][info][gc,phases      ] GC(92)   Post Evacuate Collection Set: 0.6ms
[30.123s][info][gc,phases      ] GC(92)   Other: 0.2ms
[30.123s][info][gc,heap        ] GC(92) Eden regions: 320->0(319)
[30.123s][info][gc,heap        ] GC(92) Survivor regions: 3->4(41)
[30.123s][info][gc,heap        ] GC(92) Old regions: 16->16
[30.123s][info][gc,heap        ] GC(92) Archive regions: 0->0
[30.123s][info][gc,heap        ] GC(92) Humongous regions: 0->0
[30.123s][info][gc,metaspace   ] GC(92) Metaspace: 8604K(8832K)->8604K(8832K) NonClass: 7451K(7552K)->7451K(7552K) Class: 1153K(1280K)->1153K(1280K)
[30.123s][info][gc             ] GC(92) Pause Young (Normal) (G1 Evacuation Pause) 648M->11M(1078M) 3.646ms
[30.123s][info][gc,cpu         ] GC(92) User=0.02s Sys=0.00s Real=0.02s
[30.467s][info][gc,start       ] GC(93) Pause Young (Normal) (G1 Evacuation Pause)
[30.468s][info][gc,task        ] GC(93) Using 25 workers of 33 for evacuation
[30.471s][info][gc,phases      ] GC(93)   Pre Evacuate Collection Set: 0.1ms
[30.471s][info][gc,phases      ] GC(93)   Merge Heap Roots: 0.2ms
[30.471s][info][gc,phases      ] GC(93)   Evacuate Collection Set: 2.7ms
[30.471s][info][gc,phases      ] GC(93)   Post Evacuate Collection Set: 0.6ms
[30.471s][info][gc,phases      ] GC(93)   Other: 0.1ms
[30.471s][info][gc,heap        ] GC(93) Eden regions: 319->0(318)
[30.471s][info][gc,heap        ] GC(93) Survivor regions: 4->5(41)
[30.471s][info][gc,heap        ] GC(93) Old regions: 16->16
[30.471s][info][gc,heap        ] GC(93) Archive regions: 0->0
[30.472s][info][gc,heap        ] GC(93) Humongous regions: 0->0
[30.472s][info][gc,metaspace   ] GC(93) Metaspace: 8604K(8832K)->8604K(8832K) NonClass: 7451K(7552K)->7451K(7552K) Class: 1153K(1280K)->1153K(1280K)
[30.472s][info][gc             ] GC(93) Pause Young (Normal) (G1 Evacuation Pause) 649M->13M(1078M) 4.191ms
[30.472s][info][gc,cpu         ] GC(93) User=0.00s Sys=0.00s Real=0.00s
[30.816s][info][gc,start       ] GC(94) Pause Young (Normal) (G1 Evacuation Pause)
[30.816s][info][gc,task        ] GC(94) Using 25 workers of 33 for evacuation
[30.820s][info][gc,phases      ] GC(94)   Pre Evacuate Collection Set: 0.1ms
[30.820s][info][gc,phases      ] GC(94)   Merge Heap Roots: 0.2ms
[30.820s][info][gc,phases      ] GC(94)   Evacuate Collection Set: 3.3ms
[30.821s][info][gc,phases      ] GC(94)   Post Evacuate Collection Set: 0.6ms
[30.821s][info][gc,phases      ] GC(94)   Other: 0.2ms
[30.821s][info][gc,heap        ] GC(94) Eden regions: 318->0(316)
[30.821s][info][gc,heap        ] GC(94) Survivor regions: 5->7(41)
[30.821s][info][gc,heap        ] GC(94) Old regions: 16->16
[30.821s][info][gc,heap        ] GC(94) Archive regions: 0->0
[30.821s][info][gc,heap        ] GC(94) Humongous regions: 0->0
[30.821s][info][gc,metaspace   ] GC(94) Metaspace: 8604K(8832K)->8604K(8832K) NonClass: 7451K(7552K)->7451K(7552K) Class: 1153K(1280K)->1153K(1280K)
[30.821s][info][gc             ] GC(94) Pause Young (Normal) (G1 Evacuation Pause) 649M->15M(1078M) 4.896ms
[30.821s][info][gc,cpu         ] GC(94) User=0.39s Sys=0.00s Real=0.02s
[31.214s][info][gc,start       ] GC(95) Pause Young (Normal) (G1 Evacuation Pause)
[31.214s][info][gc,task        ] GC(95) Using 25 workers of 33 for evacuation
[31.219s][info][gc,phases      ] GC(95)   Pre Evacuate Collection Set: 0.1ms
[31.219s][info][gc,phases      ] GC(95)   Merge Heap Roots: 0.2ms
[31.219s][info][gc,phases      ] GC(95)   Evacuate Collection Set: 4.1ms
[31.219s][info][gc,phases      ] GC(95)   Post Evacuate Collection Set: 0.6ms
[31.219s][info][gc,phases      ] GC(95)   Other: 0.2ms
[31.219s][info][gc,heap        ] GC(95) Eden regions: 316->0(315)
[31.219s][info][gc,heap        ] GC(95) Survivor regions: 7->8(41)
[31.219s][info][gc,heap        ] GC(95) Old regions: 16->16
[31.220s][info][gc,heap        ] GC(95) Archive regions: 0->0
[31.220s][info][gc,heap        ] GC(95) Humongous regions: 0->0
[31.220s][info][gc,metaspace   ] GC(95) Metaspace: 8604K(8832K)->8604K(8832K) NonClass: 7451K(7552K)->7451K(7552K) Class: 1153K(1280K)->1153K(1280K)
[31.220s][info][gc             ] GC(95) Pause Young (Normal) (G1 Evacuation Pause) 647M->17M(1078M) 5.670ms
[31.220s][info][gc,cpu         ] GC(95) User=0.00s Sys=0.00s Real=0.00s
[31.565s][info][gc,start       ] GC(96) Pause Young (Normal) (G1 Evacuation Pause)
[31.565s][info][gc,task        ] GC(96) Using 25 workers of 33 for evacuation
[31.570s][info][gc,phases      ] GC(96)   Pre Evacuate Collection Set: 0.1ms
[31.570s][info][gc,phases      ] GC(96)   Merge Heap Roots: 0.2ms
[31.570s][info][gc,phases      ] GC(96)   Evacuate Collection Set: 4.0ms
[31.570s][info][gc,phases      ] GC(96)   Post Evacuate Collection Set: 0.6ms
[31.570s][info][gc,phases      ] GC(96)   Other: 0.2ms
[31.570s][info][gc,heap        ] GC(96) Eden regions: 315->0(314)
[31.570s][info][gc,heap        ] GC(96) Survivor regions: 8->9(41)
[31.570s][info][gc,heap        ] GC(96) Old regions: 16->16
[31.570s][info][gc,heap        ] GC(96) Archive regions: 0->0
[31.570s][info][gc,heap        ] GC(96) Humongous regions: 0->0
[31.570s][info][gc,metaspace   ] GC(96) Metaspace: 8604K(8832K)->8604K(8832K) NonClass: 7451K(7552K)->7451K(7552K) Class: 1153K(1280K)->1153K(1280K)
[31.571s][info][gc             ] GC(96) Pause Young (Normal) (G1 Evacuation Pause) 647M->21M(1078M) 5.563ms
[31.571s][info][gc,cpu         ] GC(96) User=0.00s Sys=0.00s Real=0.00s
[31.918s][info][gc,start       ] GC(97) Pause Young (Normal) (G1 Evacuation Pause)
[31.918s][info][gc,task        ] GC(97) Using 25 workers of 33 for evacuation
[31.924s][info][gc,phases      ] GC(97)   Pre Evacuate Collection Set: 0.1ms
[31.924s][info][gc,phases      ] GC(97)   Merge Heap Roots: 0.2ms
[31.924s][info][gc,phases      ] GC(97)   Evacuate Collection Set: 4.7ms
[31.924s][info][gc,phases      ] GC(97)   Post Evacuate Collection Set: 0.6ms
[31.924s][info][gc,phases      ] GC(97)   Other: 0.2ms
[31.924s][info][gc,heap        ] GC(97) Eden regions: 314->0(313)
[31.924s][info][gc,heap        ] GC(97) Survivor regions: 9->10(41)
[31.924s][info][gc,heap        ] GC(97) Old regions: 16->16
[31.924s][info][gc,heap        ] GC(97) Archive regions: 0->0
[31.924s][info][gc,heap        ] GC(97) Humongous regions: 0->0
[31.924s][info][gc,metaspace   ] GC(97) Metaspace: 8604K(8832K)->8604K(8832K) NonClass: 7451K(7552K)->7451K(7552K) Class: 1153K(1280K)->1153K(1280K)
[31.924s][info][gc             ] GC(97) Pause Young (Normal) (G1 Evacuation Pause) 649M->22M(1078M) 6.256ms
[31.924s][info][gc,cpu         ] GC(97) User=0.02s Sys=0.00s Real=0.01s
[32.268s][info][gc,start       ] GC(98) Pause Young (Normal) (G1 Evacuation Pause)
[32.268s][info][gc,task        ] GC(98) Using 25 workers of 33 for evacuation
[32.274s][info][gc,phases      ] GC(98)   Pre Evacuate Collection Set: 0.1ms
[32.274s][info][gc,phases      ] GC(98)   Merge Heap Roots: 0.2ms
[32.274s][info][gc,phases      ] GC(98)   Evacuate Collection Set: 5.1ms
[32.274s][info][gc,phases      ] GC(98)   Post Evacuate Collection Set: 0.6ms
[32.274s][info][gc,phases      ] GC(98)   Other: 0.2ms
[32.274s][info][gc,heap        ] GC(98) Eden regions: 313->0(312)
[32.274s][info][gc,heap        ] GC(98) Survivor regions: 10->11(41)
[32.274s][info][gc,heap        ] GC(98) Old regions: 16->16
[32.274s][info][gc,heap        ] GC(98) Archive regions: 0->0
[32.274s][info][gc,heap        ] GC(98) Humongous regions: 0->0
[32.274s][info][gc,metaspace   ] GC(98) Metaspace: 8604K(8832K)->8604K(8832K) NonClass: 7451K(7552K)->7451K(7552K) Class: 1153K(1280K)->1153K(1280K)
[32.274s][info][gc             ] GC(98) Pause Young (Normal) (G1 Evacuation Pause) 648M->25M(1078M) 6.706ms
[32.275s][info][gc,cpu         ] GC(98) User=0.39s Sys=0.00s Real=0.02s
[32.894s][info][gc,start       ] GC(99) Pause Full (System.gc())
[32.894s][info][gc,task        ] GC(99) Using 25 workers of 33 for full compaction
[32.896s][info][gc,phases,start] GC(99) Phase 1: Mark live objects
[32.900s][info][gc,phases      ] GC(99) Phase 1: Mark live objects 4.755ms
[32.900s][info][gc,phases,start] GC(99) Phase 2: Prepare compaction
[32.902s][info][gc,phases      ] GC(99) Phase 2: Prepare compaction 1.173ms
[32.902s][info][gc,phases,start] GC(99) Phase 3: Adjust pointers
[32.904s][info][gc,phases      ] GC(99) Phase 3: Adjust pointers 2.744ms
[32.904s][info][gc,phases,start] GC(99) Phase 4: Compact heap
[32.905s][info][gc,phases      ] GC(99) Phase 4: Compact heap 0.958ms
[32.911s][info][gc,heap        ] GC(99) Eden regions: 231->0(32)
[32.911s][info][gc,heap        ] GC(99) Survivor regions: 11->0(41)
[32.911s][info][gc,heap        ] GC(99) Old regions: 16->16
[32.911s][info][gc,heap        ] GC(99) Archive regions: 0->0
[32.911s][info][gc,heap        ] GC(99) Humongous regions: 5->0
[32.911s][info][gc,metaspace   ] GC(99) Metaspace: 8607K(8832K)->8607K(8832K) NonClass: 7454K(7552K)->7454K(7552K) Class: 1153K(1280K)->1153K(1280K)
[32.911s][info][gc             ] GC(99) Pause Full (System.gc()) 497M->3M(108M) 16.737ms
[32.911s][info][gc,cpu         ] GC(99) User=0.02s Sys=0.00s Real=0.02s
[32.946s][info][gc,start       ] GC(100) Pause Young (Normal) (G1 Evacuation Pause)
[32.946s][info][gc,task        ] GC(100) Using 13 workers of 33 for evacuation
[32.947s][info][gc,phases      ] GC(100)   Pre Evacuate Collection Set: 0.1ms
[32.947s][info][gc,phases      ] GC(100)   Merge Heap Roots: 0.1ms
[32.947s][info][gc,phases      ] GC(100)   Evacuate Collection Set: 0.3ms
[32.947s][info][gc,phases      ] GC(100)   Post Evacuate Collection Set: 0.3ms
[32.947s][info][gc,phases      ] GC(100)   Other: 0.1ms
[32.947s][info][gc,heap        ] GC(100) Eden regions: 32->0(30)
[32.947s][info][gc,heap        ] GC(100) Survivor regions: 0->2(4)
[32.947s][info][gc,heap        ] GC(100) Old regions: 16->16
[32.947s][info][gc,heap        ] GC(100) Archive regions: 0->0
[32.947s][info][gc,heap        ] GC(100) Humongous regions: 0->0
[32.947s][info][gc,metaspace   ] GC(100) Metaspace: 8610K(8832K)->8610K(8832K) NonClass: 7456K(7552K)->7456K(7552K) Class: 1153K(1280K)->1153K(1280K)
[32.947s][info][gc             ] GC(100) Pause Young (Normal) (G1 Evacuation Pause) 67M->6M(108M) 1.322ms
[32.948s][info][gc,cpu         ] GC(100) User=0.00s Sys=0.00s Real=0.00s
[32.978s][info][gc,start       ] GC(101) Pause Young (Normal) (G1 Evacuation Pause)
[32.978s][info][gc,task        ] GC(101) Using 7 workers of 33 for evacuation
[32.983s][info][gc,phases      ] GC(101)   Pre Evacuate Collection Set: 0.1ms
[32.983s][info][gc,phases      ] GC(101)   Merge Heap Roots: 0.1ms
[32.983s][info][gc,phases      ] GC(101)   Evacuate Collection Set: 0.6ms
[32.983s][info][gc,phases      ] GC(101)   Post Evacuate Collection Set: 4.1ms
[32.983s][info][gc,phases      ] GC(101)   Other: 0.1ms
[32.983s][info][gc,heap        ] GC(101) Eden regions: 30->0(322)
[32.983s][info][gc,heap        ] GC(101) Survivor regions: 2->1(4)
[32.983s][info][gc,heap        ] GC(101) Old regions: 16->16
[32.983s][info][gc,heap        ] GC(101) Archive regions: 0->0
[32.983s][info][gc,heap        ] GC(101) Humongous regions: 0->0
[32.983s][info][gc,metaspace   ] GC(101) Metaspace: 8610K(8832K)->8610K(8832K) NonClass: 7456K(7552K)->7456K(7552K) Class: 1153K(1280K)->1153K(1280K)
[32.983s][info][gc             ] GC(101) Pause Young (Normal) (G1 Evacuation Pause) 66M->4M(1078M) 5.284ms
[32.983s][info][gc,cpu         ] GC(101) User=0.02s Sys=0.00s Real=0.01s
[33.334s][info][gc,start       ] GC(102) Pause Young (Normal) (G1 Evacuation Pause)
[33.334s][info][gc,task        ] GC(102) Using 25 workers of 33 for evacuation
[33.336s][info][gc,phases      ] GC(102)   Pre Evacuate Collection Set: 0.1ms
[33.336s][info][gc,phases      ] GC(102)   Merge Heap Roots: 0.2ms
[33.336s][info][gc,phases      ] GC(102)   Evacuate Collection Set: 1.2ms
[33.336s][info][gc,phases      ] GC(102)   Post Evacuate Collection Set: 0.6ms
[33.337s][info][gc,phases      ] GC(102)   Other: 0.1ms
[33.337s][info][gc,heap        ] GC(102) Eden regions: 322->0(321)
[33.337s][info][gc,heap        ] GC(102) Survivor regions: 1->2(41)
[33.337s][info][gc,heap        ] GC(102) Old regions: 16->16
[33.337s][info][gc,heap        ] GC(102) Archive regions: 0->0
[33.337s][info][gc,heap        ] GC(102) Humongous regions: 0->0
[33.337s][info][gc,metaspace   ] GC(102) Metaspace: 8610K(8832K)->8610K(8832K) NonClass: 7456K(7552K)->7456K(7552K) Class: 1153K(1280K)->1153K(1280K)
[33.337s][info][gc             ] GC(102) Pause Young (Normal) (G1 Evacuation Pause) 648M->6M(1078M) 2.652ms
[33.337s][info][gc,cpu         ] GC(102) User=0.00s Sys=0.00s Real=0.00s
[33.698s][info][gc,start       ] GC(103) Pause Young (Normal) (G1 Evacuation Pause)
[33.699s][info][gc,task        ] GC(103) Using 25 workers of 33 for evacuation
[33.701s][info][gc,phases      ] GC(103)   Pre Evacuate Collection Set: 0.2ms
[33.702s][info][gc,phases      ] GC(103)   Merge Heap Roots: 0.2ms
[33.702s][info][gc,phases      ] GC(103)   Evacuate Collection Set: 1.9ms
[33.702s][info][gc,phases      ] GC(103)   Post Evacuate Collection Set: 0.6ms
[33.702s][info][gc,phases      ] GC(103)   Other: 0.2ms
[33.702s][info][gc,heap        ] GC(103) Eden regions: 321->0(320)
[33.702s][info][gc,heap        ] GC(103) Survivor regions: 2->3(41)
[33.702s][info][gc,heap        ] GC(103) Old regions: 16->16
[33.702s][info][gc,heap        ] GC(103) Archive regions: 0->0
[33.702s][info][gc,heap        ] GC(103) Humongous regions: 0->0
[33.702s][info][gc,metaspace   ] GC(103) Metaspace: 8610K(8832K)->8610K(8832K) NonClass: 7456K(7552K)->7456K(7552K) Class: 1153K(1280K)->1153K(1280K)
[33.702s][info][gc             ] GC(103) Pause Young (Normal) (G1 Evacuation Pause) 648M->8M(1078M) 3.447ms
[33.702s][info][gc,cpu         ] GC(103) User=0.00s Sys=0.00s Real=0.00s
[34.058s][info][gc,start       ] GC(104) Pause Young (Normal) (G1 Evacuation Pause)
[34.059s][info][gc,task        ] GC(104) Using 25 workers of 33 for evacuation
[34.062s][info][gc,phases      ] GC(104)   Pre Evacuate Collection Set: 0.1ms
[34.062s][info][gc,phases      ] GC(104)   Merge Heap Roots: 0.2ms
[34.062s][info][gc,phases      ] GC(104)   Evacuate Collection Set: 2.1ms
[34.062s][info][gc,phases      ] GC(104)   Post Evacuate Collection Set: 0.6ms
[34.062s][info][gc,phases      ] GC(104)   Other: 0.2ms
[34.062s][info][gc,heap        ] GC(104) Eden regions: 320->0(319)
[34.062s][info][gc,heap        ] GC(104) Survivor regions: 3->4(41)
[34.062s][info][gc,heap        ] GC(104) Old regions: 16->16
[34.062s][info][gc,heap        ] GC(104) Archive regions: 0->0
[34.062s][info][gc,heap        ] GC(104) Humongous regions: 0->0
[34.062s][info][gc,metaspace   ] GC(104) Metaspace: 8610K(8832K)->8610K(8832K) NonClass: 7456K(7552K)->7456K(7552K) Class: 1153K(1280K)->1153K(1280K)
[34.062s][info][gc             ] GC(104) Pause Young (Normal) (G1 Evacuation Pause) 648M->11M(1078M) 3.713ms
[34.062s][info][gc,cpu         ] GC(104) User=0.00s Sys=0.00s Real=0.00s
[34.423s][info][gc,start       ] GC(105) Pause Young (Normal) (G1 Evacuation Pause)
[34.423s][info][gc,task        ] GC(105) Using 25 workers of 33 for evacuation
[34.427s][info][gc,phases      ] GC(105)   Pre Evacuate Collection Set: 0.1ms
[34.427s][info][gc,phases      ] GC(105)   Merge Heap Roots: 0.2ms
[34.427s][info][gc,phases      ] GC(105)   Evacuate Collection Set: 2.7ms
[34.427s][info][gc,phases      ] GC(105)   Post Evacuate Collection Set: 0.6ms
[34.427s][info][gc,phases      ] GC(105)   Other: 0.2ms
[34.427s][info][gc,heap        ] GC(105) Eden regions: 319->0(318)
[34.427s][info][gc,heap        ] GC(105) Survivor regions: 4->5(41)
[34.427s][info][gc,heap        ] GC(105) Old regions: 16->16
[34.427s][info][gc,heap        ] GC(105) Archive regions: 0->0
[34.427s][info][gc,heap        ] GC(105) Humongous regions: 0->0
[34.427s][info][gc,metaspace   ] GC(105) Metaspace: 8610K(8832K)->8610K(8832K) NonClass: 7456K(7552K)->7456K(7552K) Class: 1153K(1280K)->1153K(1280K)
[34.427s][info][gc             ] GC(105) Pause Young (Normal) (G1 Evacuation Pause) 649M->13M(1078M) 4.205ms
[34.427s][info][gc,cpu         ] GC(105) User=0.00s Sys=0.00s Real=0.00s
[34.804s][info][gc,start       ] GC(106) Pause Young (Normal) (G1 Evacuation Pause)
[34.804s][info][gc,task        ] GC(106) Using 25 workers of 33 for evacuation
[34.808s][info][gc,phases      ] GC(106)   Pre Evacuate Collection Set: 0.1ms
[34.808s][info][gc,phases      ] GC(106)   Merge Heap Roots: 0.2ms
[34.808s][info][gc,phases      ] GC(106)   Evacuate Collection Set: 3.1ms
[34.808s][info][gc,phases      ] GC(106)   Post Evacuate Collection Set: 0.6ms
[34.808s][info][gc,phases      ] GC(106)   Other: 0.2ms
[34.808s][info][gc,heap        ] GC(106) Eden regions: 318->0(316)
[34.808s][info][gc,heap        ] GC(106) Survivor regions: 5->7(41)
[34.808s][info][gc,heap        ] GC(106) Old regions: 16->16
[34.808s][info][gc,heap        ] GC(106) Archive regions: 0->0
[34.808s][info][gc,heap        ] GC(106) Humongous regions: 0->0
[34.808s][info][gc,metaspace   ] GC(106) Metaspace: 8610K(8832K)->8610K(8832K) NonClass: 7456K(7552K)->7456K(7552K) Class: 1153K(1280K)->1153K(1280K)
[34.808s][info][gc             ] GC(106) Pause Young (Normal) (G1 Evacuation Pause) 649M->15M(1078M) 4.661ms
[34.808s][info][gc,cpu         ] GC(106) User=0.00s Sys=0.00s Real=0.00s
[35.186s][info][gc,start       ] GC(107) Pause Young (Normal) (G1 Evacuation Pause)
[35.186s][info][gc,task        ] GC(107) Using 25 workers of 33 for evacuation
[35.191s][info][gc,phases      ] GC(107)   Pre Evacuate Collection Set: 0.1ms
[35.191s][info][gc,phases      ] GC(107)   Merge Heap Roots: 0.2ms
[35.191s][info][gc,phases      ] GC(107)   Evacuate Collection Set: 4.0ms
[35.191s][info][gc,phases      ] GC(107)   Post Evacuate Collection Set: 0.6ms
[35.191s][info][gc,phases      ] GC(107)   Other: 0.2ms
[35.191s][info][gc,heap        ] GC(107) Eden regions: 316->0(315)
[35.191s][info][gc,heap        ] GC(107) Survivor regions: 7->8(41)
[35.191s][info][gc,heap        ] GC(107) Old regions: 16->16
[35.191s][info][gc,heap        ] GC(107) Archive regions: 0->0
[35.191s][info][gc,heap        ] GC(107) Humongous regions: 0->0
[35.191s][info][gc,metaspace   ] GC(107) Metaspace: 8610K(8832K)->8610K(8832K) NonClass: 7456K(7552K)->7456K(7552K) Class: 1153K(1280K)->1153K(1280K)
[35.191s][info][gc             ] GC(107) Pause Young (Normal) (G1 Evacuation Pause) 647M->17M(1078M) 5.598ms
[35.191s][info][gc,cpu         ] GC(107) User=0.00s Sys=0.00s Real=0.00s
[35.525s][info][gc,start       ] GC(108) Pause Young (Normal) (G1 Evacuation Pause)
[35.525s][info][gc,task        ] GC(108) Using 25 workers of 33 for evacuation
[35.530s][info][gc,phases      ] GC(108)   Pre Evacuate Collection Set: 0.1ms
[35.530s][info][gc,phases      ] GC(108)   Merge Heap Roots: 0.2ms
[35.530s][info][gc,phases      ] GC(108)   Evacuate Collection Set: 4.1ms
[35.530s][info][gc,phases      ] GC(108)   Post Evacuate Collection Set: 0.6ms
[35.530s][info][gc,phases      ] GC(108)   Other: 0.2ms
[35.530s][info][gc,heap        ] GC(108) Eden regions: 315->0(314)
[35.530s][info][gc,heap        ] GC(108) Survivor regions: 8->9(41)
[35.530s][info][gc,heap        ] GC(108) Old regions: 16->16
[35.530s][info][gc,heap        ] GC(108) Archive regions: 0->0
[35.530s][info][gc,heap        ] GC(108) Humongous regions: 0->0
[35.530s][info][gc,metaspace   ] GC(108) Metaspace: 8610K(8832K)->8610K(8832K) NonClass: 7456K(7552K)->7456K(7552K) Class: 1153K(1280K)->1153K(1280K)
[35.530s][info][gc             ] GC(108) Pause Young (Normal) (G1 Evacuation Pause) 647M->20M(1078M) 5.714ms
[35.530s][info][gc,cpu         ] GC(108) User=0.38s Sys=0.02s Real=0.02s
[35.878s][info][gc,start       ] GC(109) Pause Young (Normal) (G1 Evacuation Pause)
[35.878s][info][gc,task        ] GC(109) Using 25 workers of 33 for evacuation
[35.884s][info][gc,phases      ] GC(109)   Pre Evacuate Collection Set: 0.1ms
[35.884s][info][gc,phases      ] GC(109)   Merge Heap Roots: 0.2ms
[35.884s][info][gc,phases      ] GC(109)   Evacuate Collection Set: 4.6ms
[35.884s][info][gc,phases      ] GC(109)   Post Evacuate Collection Set: 0.6ms
[35.884s][info][gc,phases      ] GC(109)   Other: 0.2ms
[35.884s][info][gc,heap        ] GC(109) Eden regions: 314->0(313)
[35.884s][info][gc,heap        ] GC(109) Survivor regions: 9->10(41)
[35.884s][info][gc,heap        ] GC(109) Old regions: 16->16
[35.884s][info][gc,heap        ] GC(109) Archive regions: 0->0
[35.884s][info][gc,heap        ] GC(109) Humongous regions: 0->0
[35.884s][info][gc,metaspace   ] GC(109) Metaspace: 8610K(8832K)->8610K(8832K) NonClass: 7456K(7552K)->7456K(7552K) Class: 1153K(1280K)->1153K(1280K)
[35.884s][info][gc             ] GC(109) Pause Young (Normal) (G1 Evacuation Pause) 648M->22M(1078M) 6.267ms
[35.884s][info][gc,cpu         ] GC(109) User=0.00s Sys=0.00s Real=0.00s
[36.243s][info][gc,start       ] GC(110) Pause Young (Normal) (G1 Evacuation Pause)
[36.244s][info][gc,task        ] GC(110) Using 25 workers of 33 for evacuation
[36.250s][info][gc,phases      ] GC(110)   Pre Evacuate Collection Set: 0.1ms
[36.250s][info][gc,phases      ] GC(110)   Merge Heap Roots: 0.2ms
[36.250s][info][gc,phases      ] GC(110)   Evacuate Collection Set: 4.8ms
[36.250s][info][gc,phases      ] GC(110)   Post Evacuate Collection Set: 0.6ms
[36.250s][info][gc,phases      ] GC(110)   Other: 0.2ms
[36.250s][info][gc,heap        ] GC(110) Eden regions: 313->0(312)
[36.250s][info][gc,heap        ] GC(110) Survivor regions: 10->11(41)
[36.250s][info][gc,heap        ] GC(110) Old regions: 16->16
[36.250s][info][gc,heap        ] GC(110) Archive regions: 0->0
[36.250s][info][gc,heap        ] GC(110) Humongous regions: 0->0
[36.250s][info][gc,metaspace   ] GC(110) Metaspace: 8610K(8832K)->8610K(8832K) NonClass: 7456K(7552K)->7456K(7552K) Class: 1153K(1280K)->1153K(1280K)
[36.250s][info][gc             ] GC(110) Pause Young (Normal) (G1 Evacuation Pause) 648M->25M(1078M) 6.418ms
[36.250s][info][gc,cpu         ] GC(110) User=0.02s Sys=0.00s Real=0.01s
[36.875s][info][gc,start       ] GC(111) Pause Full (System.gc())
[36.875s][info][gc,task        ] GC(111) Using 25 workers of 33 for full compaction
[36.876s][info][gc,phases,start] GC(111) Phase 1: Mark live objects
[36.882s][info][gc,phases      ] GC(111) Phase 1: Mark live objects 5.227ms
[36.882s][info][gc,phases,start] GC(111) Phase 2: Prepare compaction
[36.883s][info][gc,phases      ] GC(111) Phase 2: Prepare compaction 1.302ms
[36.883s][info][gc,phases,start] GC(111) Phase 3: Adjust pointers
[36.886s][info][gc,phases      ] GC(111) Phase 3: Adjust pointers 2.812ms
[36.886s][info][gc,phases,start] GC(111) Phase 4: Compact heap
[36.887s][info][gc,phases      ] GC(111) Phase 4: Compact heap 0.885ms
[36.893s][info][gc,heap        ] GC(111) Eden regions: 231->0(32)
[36.893s][info][gc,heap        ] GC(111) Survivor regions: 11->0(41)
[36.893s][info][gc,heap        ] GC(111) Old regions: 16->16
[36.893s][info][gc,heap        ] GC(111) Archive regions: 0->0
[36.893s][info][gc,heap        ] GC(111) Humongous regions: 5->0
[36.893s][info][gc,metaspace   ] GC(111) Metaspace: 8610K(8832K)->8610K(8832K) NonClass: 7457K(7552K)->7457K(7552K) Class: 1153K(1280K)->1153K(1280K)
[36.893s][info][gc             ] GC(111) Pause Full (System.gc()) 497M->3M(108M) 17.610ms
[36.893s][info][gc,cpu         ] GC(111) User=0.00s Sys=0.03s Real=0.03s
[36.939s][info][gc,start       ] GC(112) Pause Young (Normal) (G1 Evacuation Pause)
[36.939s][info][gc,task        ] GC(112) Using 13 workers of 33 for evacuation
[36.940s][info][gc,phases      ] GC(112)   Pre Evacuate Collection Set: 0.1ms
[36.940s][info][gc,phases      ] GC(112)   Merge Heap Roots: 0.1ms
[36.940s][info][gc,phases      ] GC(112)   Evacuate Collection Set: 0.3ms
[36.940s][info][gc,phases      ] GC(112)   Post Evacuate Collection Set: 0.3ms
[36.940s][info][gc,phases      ] GC(112)   Other: 0.1ms
[36.940s][info][gc,heap        ] GC(112) Eden regions: 32->0(30)
[36.940s][info][gc,heap        ] GC(112) Survivor regions: 0->2(4)
[36.940s][info][gc,heap        ] GC(112) Old regions: 16->16
[36.940s][info][gc,heap        ] GC(112) Archive regions: 0->0
[36.940s][info][gc,heap        ] GC(112) Humongous regions: 0->0
[36.940s][info][gc,metaspace   ] GC(112) Metaspace: 8611K(8832K)->8611K(8832K) NonClass: 7457K(7552K)->7457K(7552K) Class: 1153K(1280K)->1153K(1280K)
[36.940s][info][gc             ] GC(112) Pause Young (Normal) (G1 Evacuation Pause) 67M->6M(108M) 1.366ms
[36.940s][info][gc,cpu         ] GC(112) User=0.00s Sys=0.00s Real=0.00s
[36.971s][info][gc,start       ] GC(113) Pause Young (Normal) (G1 Evacuation Pause)
[36.971s][info][gc,task        ] GC(113) Using 7 workers of 33 for evacuation
[36.976s][info][gc,phases      ] GC(113)   Pre Evacuate Collection Set: 0.1ms
[36.976s][info][gc,phases      ] GC(113)   Merge Heap Roots: 0.0ms
[36.976s][info][gc,phases      ] GC(113)   Evacuate Collection Set: 0.5ms
[36.976s][info][gc,phases      ] GC(113)   Post Evacuate Collection Set: 4.0ms
[36.976s][info][gc,phases      ] GC(113)   Other: 0.1ms
[36.976s][info][gc,heap        ] GC(113) Eden regions: 30->0(322)
[36.976s][info][gc,heap        ] GC(113) Survivor regions: 2->1(4)
[36.976s][info][gc,heap        ] GC(113) Old regions: 16->16
[36.976s][info][gc,heap        ] GC(113) Archive regions: 0->0
[36.976s][info][gc,heap        ] GC(113) Humongous regions: 0->0
[36.976s][info][gc,metaspace   ] GC(113) Metaspace: 8611K(8832K)->8611K(8832K) NonClass: 7457K(7552K)->7457K(7552K) Class: 1153K(1280K)->1153K(1280K)
[36.976s][info][gc             ] GC(113) Pause Young (Normal) (G1 Evacuation Pause) 66M->4M(1078M) 5.299ms
[36.976s][info][gc,cpu         ] GC(113) User=0.00s Sys=0.00s Real=0.00s
[37.309s][info][gc,start       ] GC(114) Pause Young (Normal) (G1 Evacuation Pause)
[37.309s][info][gc,task        ] GC(114) Using 25 workers of 33 for evacuation
[37.311s][info][gc,phases      ] GC(114)   Pre Evacuate Collection Set: 0.1ms
[37.311s][info][gc,phases      ] GC(114)   Merge Heap Roots: 0.2ms
[37.311s][info][gc,phases      ] GC(114)   Evacuate Collection Set: 1.1ms
[37.311s][info][gc,phases      ] GC(114)   Post Evacuate Collection Set: 0.6ms
[37.311s][info][gc,phases      ] GC(114)   Other: 0.1ms
[37.311s][info][gc,heap        ] GC(114) Eden regions: 322->0(321)
[37.311s][info][gc,heap        ] GC(114) Survivor regions: 1->2(41)
[37.311s][info][gc,heap        ] GC(114) Old regions: 16->16
[37.312s][info][gc,heap        ] GC(114) Archive regions: 0->0
[37.312s][info][gc,heap        ] GC(114) Humongous regions: 0->0
[37.312s][info][gc,metaspace   ] GC(114) Metaspace: 8611K(8832K)->8611K(8832K) NonClass: 7457K(7552K)->7457K(7552K) Class: 1153K(1280K)->1153K(1280K)
[37.312s][info][gc             ] GC(114) Pause Young (Normal) (G1 Evacuation Pause) 648M->6M(1078M) 2.651ms
[37.312s][info][gc,cpu         ] GC(114) User=0.00s Sys=0.00s Real=0.00s
[37.674s][info][gc,start       ] GC(115) Pause Young (Normal) (G1 Evacuation Pause)
[37.674s][info][gc,task        ] GC(115) Using 25 workers of 33 for evacuation
[37.677s][info][gc,phases      ] GC(115)   Pre Evacuate Collection Set: 0.1ms
[37.677s][info][gc,phases      ] GC(115)   Merge Heap Roots: 0.2ms
[37.677s][info][gc,phases      ] GC(115)   Evacuate Collection Set: 2.6ms
[37.677s][info][gc,phases      ] GC(115)   Post Evacuate Collection Set: 0.6ms
[37.678s][info][gc,phases      ] GC(115)   Other: 0.1ms
[37.678s][info][gc,heap        ] GC(115) Eden regions: 321->0(320)
[37.678s][info][gc,heap        ] GC(115) Survivor regions: 2->3(41)
[37.678s][info][gc,heap        ] GC(115) Old regions: 16->16
[37.678s][info][gc,heap        ] GC(115) Archive regions: 0->0
[37.678s][info][gc,heap        ] GC(115) Humongous regions: 0->0
[37.678s][info][gc,metaspace   ] GC(115) Metaspace: 8611K(8832K)->8611K(8832K) NonClass: 7457K(7552K)->7457K(7552K) Class: 1153K(1280K)->1153K(1280K)
[37.678s][info][gc             ] GC(115) Pause Young (Normal) (G1 Evacuation Pause) 648M->8M(1078M) 4.169ms
[37.678s][info][gc,cpu         ] GC(115) User=0.00s Sys=0.00s Real=0.00s
[38.024s][info][gc,start       ] GC(116) Pause Young (Normal) (G1 Evacuation Pause)
[38.024s][info][gc,task        ] GC(116) Using 25 workers of 33 for evacuation
[38.027s][info][gc,phases      ] GC(116)   Pre Evacuate Collection Set: 0.1ms
[38.027s][info][gc,phases      ] GC(116)   Merge Heap Roots: 0.2ms
[38.027s][info][gc,phases      ] GC(116)   Evacuate Collection Set: 2.2ms
[38.027s][info][gc,phases      ] GC(116)   Post Evacuate Collection Set: 0.6ms
[38.028s][info][gc,phases      ] GC(116)   Other: 0.2ms
[38.028s][info][gc,heap        ] GC(116) Eden regions: 320->0(319)
[38.028s][info][gc,heap        ] GC(116) Survivor regions: 3->4(41)
[38.028s][info][gc,heap        ] GC(116) Old regions: 16->16
[38.028s][info][gc,heap        ] GC(116) Archive regions: 0->0
[38.028s][info][gc,heap        ] GC(116) Humongous regions: 0->0
[38.028s][info][gc,metaspace   ] GC(116) Metaspace: 8611K(8832K)->8611K(8832K) NonClass: 7457K(7552K)->7457K(7552K) Class: 1153K(1280K)->1153K(1280K)
[38.028s][info][gc             ] GC(116) Pause Young (Normal) (G1 Evacuation Pause) 648M->11M(1078M) 3.795ms
[38.028s][info][gc,cpu         ] GC(116) User=0.39s Sys=0.00s Real=0.00s
[38.372s][info][gc,start       ] GC(117) Pause Young (Normal) (G1 Evacuation Pause)
[38.372s][info][gc,task        ] GC(117) Using 25 workers of 33 for evacuation
[38.376s][info][gc,phases      ] GC(117)   Pre Evacuate Collection Set: 0.1ms
[38.376s][info][gc,phases      ] GC(117)   Merge Heap Roots: 0.2ms
[38.376s][info][gc,phases      ] GC(117)   Evacuate Collection Set: 2.8ms
[38.376s][info][gc,phases      ] GC(117)   Post Evacuate Collection Set: 0.6ms
[38.376s][info][gc,phases      ] GC(117)   Other: 0.2ms
[38.376s][info][gc,heap        ] GC(117) Eden regions: 319->0(318)
[38.376s][info][gc,heap        ] GC(117) Survivor regions: 4->5(41)
[38.376s][info][gc,heap        ] GC(117) Old regions: 16->16
[38.376s][info][gc,heap        ] GC(117) Archive regions: 0->0
[38.376s][info][gc,heap        ] GC(117) Humongous regions: 0->0
[38.376s][info][gc,metaspace   ] GC(117) Metaspace: 8611K(8832K)->8611K(8832K) NonClass: 7457K(7552K)->7457K(7552K) Class: 1153K(1280K)->1153K(1280K)
[38.376s][info][gc             ] GC(117) Pause Young (Normal) (G1 Evacuation Pause) 649M->13M(1078M) 4.257ms
[38.376s][info][gc,cpu         ] GC(117) User=0.39s Sys=0.00s Real=0.02s
[38.722s][info][gc,start       ] GC(118) Pause Young (Normal) (G1 Evacuation Pause)
[38.722s][info][gc,task        ] GC(118) Using 25 workers of 33 for evacuation
[38.726s][info][gc,phases      ] GC(118)   Pre Evacuate Collection Set: 0.1ms
[38.726s][info][gc,phases      ] GC(118)   Merge Heap Roots: 0.2ms
[38.726s][info][gc,phases      ] GC(118)   Evacuate Collection Set: 3.1ms
[38.726s][info][gc,phases      ] GC(118)   Post Evacuate Collection Set: 0.6ms
[38.726s][info][gc,phases      ] GC(118)   Other: 0.2ms
[38.726s][info][gc,heap        ] GC(118) Eden regions: 318->0(317)
[38.726s][info][gc,heap        ] GC(118) Survivor regions: 5->6(41)
[38.726s][info][gc,heap        ] GC(118) Old regions: 16->16
[38.726s][info][gc,heap        ] GC(118) Archive regions: 0->0
[38.727s][info][gc,heap        ] GC(118) Humongous regions: 0->0
[38.727s][info][gc,metaspace   ] GC(118) Metaspace: 8611K(8832K)->8611K(8832K) NonClass: 7457K(7552K)->7457K(7552K) Class: 1153K(1280K)->1153K(1280K)
[38.727s][info][gc             ] GC(118) Pause Young (Normal) (G1 Evacuation Pause) 649M->15M(1078M) 4.635ms
[38.727s][info][gc,cpu         ] GC(118) User=0.39s Sys=0.00s Real=0.02s
[39.117s][info][gc,start       ] GC(119) Pause Young (Normal) (G1 Evacuation Pause)
[39.117s][info][gc,task        ] GC(119) Using 25 workers of 33 for evacuation
[39.122s][info][gc,phases      ] GC(119)   Pre Evacuate Collection Set: 0.1ms
[39.122s][info][gc,phases      ] GC(119)   Merge Heap Roots: 0.1ms
[39.123s][info][gc,phases      ] GC(119)   Evacuate Collection Set: 4.2ms
[39.123s][info][gc,phases      ] GC(119)   Post Evacuate Collection Set: 0.6ms
[39.123s][info][gc,phases      ] GC(119)   Other: 0.2ms
[39.123s][info][gc,heap        ] GC(119) Eden regions: 317->0(315)
[39.123s][info][gc,heap        ] GC(119) Survivor regions: 6->8(41)
[39.123s][info][gc,heap        ] GC(119) Old regions: 16->16
[39.123s][info][gc,heap        ] GC(119) Archive regions: 0->0
[39.123s][info][gc,heap        ] GC(119) Humongous regions: 0->0
[39.123s][info][gc,metaspace   ] GC(119) Metaspace: 8611K(8832K)->8611K(8832K) NonClass: 7457K(7552K)->7457K(7552K) Class: 1153K(1280K)->1153K(1280K)
[39.123s][info][gc             ] GC(119) Pause Young (Normal) (G1 Evacuation Pause) 649M->17M(1078M) 5.785ms
[39.123s][info][gc,cpu         ] GC(119) User=0.00s Sys=0.00s Real=0.00s
[39.470s][info][gc,start       ] GC(120) Pause Young (Normal) (G1 Evacuation Pause)
[39.470s][info][gc,task        ] GC(120) Using 25 workers of 33 for evacuation
[39.475s][info][gc,phases      ] GC(120)   Pre Evacuate Collection Set: 0.1ms
[39.475s][info][gc,phases      ] GC(120)   Merge Heap Roots: 0.2ms
[39.475s][info][gc,phases      ] GC(120)   Evacuate Collection Set: 3.9ms
[39.475s][info][gc,phases      ] GC(120)   Post Evacuate Collection Set: 0.6ms
[39.475s][info][gc,phases      ] GC(120)   Other: 0.2ms
[39.475s][info][gc,heap        ] GC(120) Eden regions: 315->0(314)
[39.475s][info][gc,heap        ] GC(120) Survivor regions: 8->9(41)
[39.475s][info][gc,heap        ] GC(120) Old regions: 16->16
[39.475s][info][gc,heap        ] GC(120) Archive regions: 0->0
[39.475s][info][gc,heap        ] GC(120) Humongous regions: 0->0
[39.475s][info][gc,metaspace   ] GC(120) Metaspace: 8611K(8832K)->8611K(8832K) NonClass: 7457K(7552K)->7457K(7552K) Class: 1153K(1280K)->1153K(1280K)
[39.475s][info][gc             ] GC(120) Pause Young (Normal) (G1 Evacuation Pause) 647M->20M(1078M) 5.549ms
[39.475s][info][gc,cpu         ] GC(120) User=0.00s Sys=0.00s Real=0.00s
[39.808s][info][gc,start       ] GC(121) Pause Young (Normal) (G1 Evacuation Pause)
[39.808s][info][gc,task        ] GC(121) Using 25 workers of 33 for evacuation
[39.814s][info][gc,phases      ] GC(121)   Pre Evacuate Collection Set: 0.1ms
[39.814s][info][gc,phases      ] GC(121)   Merge Heap Roots: 0.2ms
[39.814s][info][gc,phases      ] GC(121)   Evacuate Collection Set: 4.6ms
[39.814s][info][gc,phases      ] GC(121)   Post Evacuate Collection Set: 0.6ms
[39.814s][info][gc,phases      ] GC(121)   Other: 0.2ms
[39.814s][info][gc,heap        ] GC(121) Eden regions: 314->0(313)
[39.814s][info][gc,heap        ] GC(121) Survivor regions: 9->10(41)
[39.814s][info][gc,heap        ] GC(121) Old regions: 16->16
[39.814s][info][gc,heap        ] GC(121) Archive regions: 0->0
[39.814s][info][gc,heap        ] GC(121) Humongous regions: 0->0
[39.814s][info][gc,metaspace   ] GC(121) Metaspace: 8611K(8832K)->8611K(8832K) NonClass: 7457K(7552K)->7457K(7552K) Class: 1153K(1280K)->1153K(1280K)
[39.814s][info][gc             ] GC(121) Pause Young (Normal) (G1 Evacuation Pause) 648M->22M(1078M) 6.132ms
[39.814s][info][gc,cpu         ] GC(121) User=0.39s Sys=0.00s Real=0.02s
[40.160s][info][gc,start       ] GC(122) Pause Young (Normal) (G1 Evacuation Pause)
[40.161s][info][gc,task        ] GC(122) Using 25 workers of 33 for evacuation
[40.167s][info][gc,phases      ] GC(122)   Pre Evacuate Collection Set: 0.1ms
[40.167s][info][gc,phases      ] GC(122)   Merge Heap Roots: 0.2ms
[40.167s][info][gc,phases      ] GC(122)   Evacuate Collection Set: 5.1ms
[40.167s][info][gc,phases      ] GC(122)   Post Evacuate Collection Set: 0.6ms
[40.167s][info][gc,phases      ] GC(122)   Other: 0.2ms
[40.167s][info][gc,heap        ] GC(122) Eden regions: 313->0(312)
[40.167s][info][gc,heap        ] GC(122) Survivor regions: 10->11(41)
[40.167s][info][gc,heap        ] GC(122) Old regions: 16->16
[40.167s][info][gc,heap        ] GC(122) Archive regions: 0->0
[40.167s][info][gc,heap        ] GC(122) Humongous regions: 0->0
[40.167s][info][gc,metaspace   ] GC(122) Metaspace: 8611K(8832K)->8611K(8832K) NonClass: 7457K(7552K)->7457K(7552K) Class: 1153K(1280K)->1153K(1280K)
[40.167s][info][gc             ] GC(122) Pause Young (Normal) (G1 Evacuation Pause) 648M->24M(1078M) 6.759ms
[40.167s][info][gc,cpu         ] GC(122) User=0.02s Sys=0.00s Real=0.02s
[40.787s][info][gc,start       ] GC(123) Pause Full (System.gc())
[40.787s][info][gc,task        ] GC(123) Using 25 workers of 33 for full compaction
[40.788s][info][gc,phases,start] GC(123) Phase 1: Mark live objects
[40.793s][info][gc,phases      ] GC(123) Phase 1: Mark live objects 4.653ms
[40.793s][info][gc,phases,start] GC(123) Phase 2: Prepare compaction
[40.794s][info][gc,phases      ] GC(123) Phase 2: Prepare compaction 1.299ms
[40.794s][info][gc,phases,start] GC(123) Phase 3: Adjust pointers
[40.797s][info][gc,phases      ] GC(123) Phase 3: Adjust pointers 2.803ms
[40.797s][info][gc,phases,start] GC(123) Phase 4: Compact heap
[40.798s][info][gc,phases      ] GC(123) Phase 4: Compact heap 0.994ms
[40.804s][info][gc,heap        ] GC(123) Eden regions: 230->0(32)
[40.804s][info][gc,heap        ] GC(123) Survivor regions: 11->0(41)
[40.804s][info][gc,heap        ] GC(123) Old regions: 16->16
[40.804s][info][gc,heap        ] GC(123) Archive regions: 0->0
[40.804s][info][gc,heap        ] GC(123) Humongous regions: 5->0
[40.804s][info][gc,metaspace   ] GC(123) Metaspace: 8611K(8832K)->8611K(8832K) NonClass: 7457K(7552K)->7457K(7552K) Class: 1153K(1280K)->1153K(1280K)
[40.804s][info][gc             ] GC(123) Pause Full (System.gc()) 494M->3M(108M) 17.015ms
[40.804s][info][gc,cpu         ] GC(123) User=0.38s Sys=0.00s Real=0.02s
[40.851s][info][gc,start       ] GC(124) Pause Young (Normal) (G1 Evacuation Pause)
[40.852s][info][gc,task        ] GC(124) Using 13 workers of 33 for evacuation
[40.852s][info][gc,phases      ] GC(124)   Pre Evacuate Collection Set: 0.1ms
[40.853s][info][gc,phases      ] GC(124)   Merge Heap Roots: 0.1ms
[40.853s][info][gc,phases      ] GC(124)   Evacuate Collection Set: 0.3ms
[40.853s][info][gc,phases      ] GC(124)   Post Evacuate Collection Set: 0.3ms
[40.853s][info][gc,phases      ] GC(124)   Other: 0.1ms
[40.853s][info][gc,heap        ] GC(124) Eden regions: 32->0(30)
[40.853s][info][gc,heap        ] GC(124) Survivor regions: 0->2(4)
[40.853s][info][gc,heap        ] GC(124) Old regions: 16->16
[40.853s][info][gc,heap        ] GC(124) Archive regions: 0->0
[40.853s][info][gc,heap        ] GC(124) Humongous regions: 0->0
[40.853s][info][gc,metaspace   ] GC(124) Metaspace: 8613K(8832K)->8613K(8832K) NonClass: 7459K(7552K)->7459K(7552K) Class: 1153K(1280K)->1153K(1280K)
[40.853s][info][gc             ] GC(124) Pause Young (Normal) (G1 Evacuation Pause) 67M->6M(108M) 1.401ms
[40.853s][info][gc,cpu         ] GC(124) User=0.00s Sys=0.00s Real=0.00s
[40.884s][info][gc,start       ] GC(125) Pause Young (Normal) (G1 Evacuation Pause)
[40.884s][info][gc,task        ] GC(125) Using 7 workers of 33 for evacuation
[40.888s][info][gc,phases      ] GC(125)   Pre Evacuate Collection Set: 0.1ms
[40.888s][info][gc,phases      ] GC(125)   Merge Heap Roots: 0.1ms
[40.889s][info][gc,phases      ] GC(125)   Evacuate Collection Set: 0.6ms
[40.889s][info][gc,phases      ] GC(125)   Post Evacuate Collection Set: 4.0ms
[40.889s][info][gc,phases      ] GC(125)   Other: 0.1ms
[40.889s][info][gc,heap        ] GC(125) Eden regions: 30->0(322)
[40.889s][info][gc,heap        ] GC(125) Survivor regions: 2->1(4)
[40.889s][info][gc,heap        ] GC(125) Old regions: 16->16
[40.889s][info][gc,heap        ] GC(125) Archive regions: 0->0
[40.889s][info][gc,heap        ] GC(125) Humongous regions: 0->0
[40.889s][info][gc,metaspace   ] GC(125) Metaspace: 8613K(8832K)->8613K(8832K) NonClass: 7459K(7552K)->7459K(7552K) Class: 1153K(1280K)->1153K(1280K)
[40.889s][info][gc             ] GC(125) Pause Young (Normal) (G1 Evacuation Pause) 66M->4M(1078M) 5.314ms
[40.889s][info][gc,cpu         ] GC(125) User=0.02s Sys=0.00s Real=0.02s
[41.224s][info][gc,start       ] GC(126) Pause Young (Normal) (G1 Evacuation Pause)
[41.224s][info][gc,task        ] GC(126) Using 25 workers of 33 for evacuation
[41.226s][info][gc,phases      ] GC(126)   Pre Evacuate Collection Set: 0.1ms
[41.226s][info][gc,phases      ] GC(126)   Merge Heap Roots: 0.2ms
[41.226s][info][gc,phases      ] GC(126)   Evacuate Collection Set: 1.2ms
[41.226s][info][gc,phases      ] GC(126)   Post Evacuate Collection Set: 0.5ms
[41.226s][info][gc,phases      ] GC(126)   Other: 0.2ms
[41.226s][info][gc,heap        ] GC(126) Eden regions: 322->0(321)
[41.226s][info][gc,heap        ] GC(126) Survivor regions: 1->2(41)
[41.226s][info][gc,heap        ] GC(126) Old regions: 16->16
[41.226s][info][gc,heap        ] GC(126) Archive regions: 0->0
[41.226s][info][gc,heap        ] GC(126) Humongous regions: 0->0
[41.226s][info][gc,metaspace   ] GC(126) Metaspace: 8613K(8832K)->8613K(8832K) NonClass: 7459K(7552K)->7459K(7552K) Class: 1153K(1280K)->1153K(1280K)
[41.226s][info][gc             ] GC(126) Pause Young (Normal) (G1 Evacuation Pause) 648M->6M(1078M) 2.651ms
[41.227s][info][gc,cpu         ] GC(126) User=0.00s Sys=0.00s Real=0.00s
[41.590s][info][gc,start       ] GC(127) Pause Young (Normal) (G1 Evacuation Pause)
[41.590s][info][gc,task        ] GC(127) Using 25 workers of 33 for evacuation
[41.592s][info][gc,phases      ] GC(127)   Pre Evacuate Collection Set: 0.1ms
[41.592s][info][gc,phases      ] GC(127)   Merge Heap Roots: 0.2ms
[41.593s][info][gc,phases      ] GC(127)   Evacuate Collection Set: 1.7ms
[41.593s][info][gc,phases      ] GC(127)   Post Evacuate Collection Set: 0.6ms
[41.593s][info][gc,phases      ] GC(127)   Other: 0.2ms
[41.593s][info][gc,heap        ] GC(127) Eden regions: 321->0(320)
[41.593s][info][gc,heap        ] GC(127) Survivor regions: 2->3(41)
[41.593s][info][gc,heap        ] GC(127) Old regions: 16->16
[41.593s][info][gc,heap        ] GC(127) Archive regions: 0->0
[41.593s][info][gc,heap        ] GC(127) Humongous regions: 0->0
[41.593s][info][gc,metaspace   ] GC(127) Metaspace: 8613K(8832K)->8613K(8832K) NonClass: 7459K(7552K)->7459K(7552K) Class: 1153K(1280K)->1153K(1280K)
[41.593s][info][gc             ] GC(127) Pause Young (Normal) (G1 Evacuation Pause) 648M->8M(1078M) 3.298ms
[41.593s][info][gc,cpu         ] GC(127) User=0.00s Sys=0.00s Real=0.00s
[41.947s][info][gc,start       ] GC(128) Pause Young (Normal) (G1 Evacuation Pause)
[41.948s][info][gc,task        ] GC(128) Using 25 workers of 33 for evacuation
[41.951s][info][gc,phases      ] GC(128)   Pre Evacuate Collection Set: 0.1ms
[41.951s][info][gc,phases      ] GC(128)   Merge Heap Roots: 0.2ms
[41.951s][info][gc,phases      ] GC(128)   Evacuate Collection Set: 2.2ms
[41.951s][info][gc,phases      ] GC(128)   Post Evacuate Collection Set: 0.6ms
[41.951s][info][gc,phases      ] GC(128)   Other: 0.2ms
[41.951s][info][gc,heap        ] GC(128) Eden regions: 320->0(319)
[41.951s][info][gc,heap        ] GC(128) Survivor regions: 3->4(41)
[41.951s][info][gc,heap        ] GC(128) Old regions: 16->16
[41.951s][info][gc,heap        ] GC(128) Archive regions: 0->0
[41.951s][info][gc,heap        ] GC(128) Humongous regions: 0->0
[41.951s][info][gc,metaspace   ] GC(128) Metaspace: 8613K(8832K)->8613K(8832K) NonClass: 7459K(7552K)->7459K(7552K) Class: 1153K(1280K)->1153K(1280K)
[41.951s][info][gc             ] GC(128) Pause Young (Normal) (G1 Evacuation Pause) 648M->10M(1078M) 3.731ms
[41.951s][info][gc,cpu         ] GC(128) User=0.00s Sys=0.00s Real=0.00s
[42.310s][info][gc,start       ] GC(129) Pause Young (Normal) (G1 Evacuation Pause)
[42.310s][info][gc,task        ] GC(129) Using 25 workers of 33 for evacuation
[42.314s][info][gc,phases      ] GC(129)   Pre Evacuate Collection Set: 0.1ms
[42.314s][info][gc,phases      ] GC(129)   Merge Heap Roots: 0.1ms
[42.314s][info][gc,phases      ] GC(129)   Evacuate Collection Set: 3.0ms
[42.314s][info][gc,phases      ] GC(129)   Post Evacuate Collection Set: 0.6ms
[42.314s][info][gc,phases      ] GC(129)   Other: 0.2ms
[42.314s][info][gc,heap        ] GC(129) Eden regions: 319->0(318)
[42.314s][info][gc,heap        ] GC(129) Survivor regions: 4->5(41)
[42.314s][info][gc,heap        ] GC(129) Old regions: 16->16
[42.314s][info][gc,heap        ] GC(129) Archive regions: 0->0
[42.314s][info][gc,heap        ] GC(129) Humongous regions: 0->0
[42.314s][info][gc,metaspace   ] GC(129) Metaspace: 8613K(8832K)->8613K(8832K) NonClass: 7459K(7552K)->7459K(7552K) Class: 1153K(1280K)->1153K(1280K)
[42.314s][info][gc             ] GC(129) Pause Young (Normal) (G1 Evacuation Pause) 648M->13M(1078M) 4.524ms
[42.314s][info][gc,cpu         ] GC(129) User=0.39s Sys=0.00s Real=0.01s
[42.658s][info][gc,start       ] GC(130) Pause Young (Normal) (G1 Evacuation Pause)
[42.659s][info][gc,task        ] GC(130) Using 25 workers of 33 for evacuation
[42.663s][info][gc,phases      ] GC(130)   Pre Evacuate Collection Set: 0.1ms
[42.663s][info][gc,phases      ] GC(130)   Merge Heap Roots: 0.2ms
[42.663s][info][gc,phases      ] GC(130)   Evacuate Collection Set: 3.1ms
[42.663s][info][gc,phases      ] GC(130)   Post Evacuate Collection Set: 0.6ms
[42.663s][info][gc,phases      ] GC(130)   Other: 0.2ms
[42.663s][info][gc,heap        ] GC(130) Eden regions: 318->0(316)
[42.663s][info][gc,heap        ] GC(130) Survivor regions: 5->7(41)
[42.663s][info][gc,heap        ] GC(130) Old regions: 16->16
[42.663s][info][gc,heap        ] GC(130) Archive regions: 0->0
[42.663s][info][gc,heap        ] GC(130) Humongous regions: 0->0
[42.663s][info][gc,metaspace   ] GC(130) Metaspace: 8613K(8832K)->8613K(8832K) NonClass: 7459K(7552K)->7459K(7552K) Class: 1153K(1280K)->1153K(1280K)
[42.663s][info][gc             ] GC(130) Pause Young (Normal) (G1 Evacuation Pause) 649M->15M(1078M) 4.676ms
[42.663s][info][gc,cpu         ] GC(130) User=0.00s Sys=0.00s Real=0.00s
[43.041s][info][gc,start       ] GC(131) Pause Young (Normal) (G1 Evacuation Pause)
[43.041s][info][gc,task        ] GC(131) Using 25 workers of 33 for evacuation
[43.046s][info][gc,phases      ] GC(131)   Pre Evacuate Collection Set: 0.1ms
[43.046s][info][gc,phases      ] GC(131)   Merge Heap Roots: 0.2ms
[43.046s][info][gc,phases      ] GC(131)   Evacuate Collection Set: 4.0ms
[43.046s][info][gc,phases      ] GC(131)   Post Evacuate Collection Set: 0.6ms
[43.046s][info][gc,phases      ] GC(131)   Other: 0.2ms
[43.046s][info][gc,heap        ] GC(131) Eden regions: 316->0(315)
[43.046s][info][gc,heap        ] GC(131) Survivor regions: 7->8(41)
[43.046s][info][gc,heap        ] GC(131) Old regions: 16->16
[43.046s][info][gc,heap        ] GC(131) Archive regions: 0->0
[43.047s][info][gc,heap        ] GC(131) Humongous regions: 0->0
[43.047s][info][gc,metaspace   ] GC(131) Metaspace: 8613K(8832K)->8613K(8832K) NonClass: 7459K(7552K)->7459K(7552K) Class: 1153K(1280K)->1153K(1280K)
[43.047s][info][gc             ] GC(131) Pause Young (Normal) (G1 Evacuation Pause) 647M->17M(1078M) 5.599ms
[43.047s][info][gc,cpu         ] GC(131) User=0.00s Sys=0.00s Real=0.00s
[43.379s][info][gc,start       ] GC(132) Pause Young (Normal) (G1 Evacuation Pause)
[43.380s][info][gc,task        ] GC(132) Using 25 workers of 33 for evacuation
[43.385s][info][gc,phases      ] GC(132)   Pre Evacuate Collection Set: 0.1ms
[43.385s][info][gc,phases      ] GC(132)   Merge Heap Roots: 0.2ms
[43.385s][info][gc,phases      ] GC(132)   Evacuate Collection Set: 4.2ms
[43.385s][info][gc,phases      ] GC(132)   Post Evacuate Collection Set: 0.6ms
[43.385s][info][gc,phases      ] GC(132)   Other: 0.2ms
[43.385s][info][gc,heap        ] GC(132) Eden regions: 315->0(314)
[43.385s][info][gc,heap        ] GC(132) Survivor regions: 8->9(41)
[43.385s][info][gc,heap        ] GC(132) Old regions: 16->16
[43.385s][info][gc,heap        ] GC(132) Archive regions: 0->0
[43.385s][info][gc,heap        ] GC(132) Humongous regions: 0->0
[43.385s][info][gc,metaspace   ] GC(132) Metaspace: 8613K(8832K)->8613K(8832K) NonClass: 7459K(7552K)->7459K(7552K) Class: 1153K(1280K)->1153K(1280K)
[43.385s][info][gc             ] GC(132) Pause Young (Normal) (G1 Evacuation Pause) 647M->20M(1078M) 5.766ms
[43.385s][info][gc,cpu         ] GC(132) User=0.39s Sys=0.00s Real=0.02s
[43.733s][info][gc,start       ] GC(133) Pause Young (Normal) (G1 Evacuation Pause)
[43.733s][info][gc,task        ] GC(133) Using 25 workers of 33 for evacuation
[43.739s][info][gc,phases      ] GC(133)   Pre Evacuate Collection Set: 0.1ms
[43.739s][info][gc,phases      ] GC(133)   Merge Heap Roots: 0.2ms
[43.739s][info][gc,phases      ] GC(133)   Evacuate Collection Set: 4.7ms
[43.739s][info][gc,phases      ] GC(133)   Post Evacuate Collection Set: 0.6ms
[43.739s][info][gc,phases      ] GC(133)   Other: 0.2ms
[43.739s][info][gc,heap        ] GC(133) Eden regions: 314->0(313)
[43.739s][info][gc,heap        ] GC(133) Survivor regions: 9->10(41)
[43.739s][info][gc,heap        ] GC(133) Old regions: 16->16
[43.739s][info][gc,heap        ] GC(133) Archive regions: 0->0
[43.739s][info][gc,heap        ] GC(133) Humongous regions: 0->0
[43.739s][info][gc,metaspace   ] GC(133) Metaspace: 8613K(8832K)->8613K(8832K) NonClass: 7459K(7552K)->7459K(7552K) Class: 1153K(1280K)->1153K(1280K)
[43.739s][info][gc             ] GC(133) Pause Young (Normal) (G1 Evacuation Pause) 648M->22M(1078M) 6.249ms
[43.740s][info][gc,cpu         ] GC(133) User=0.00s Sys=0.00s Real=0.00s
[44.099s][info][gc,start       ] GC(134) Pause Young (Normal) (G1 Evacuation Pause)
[44.099s][info][gc,task        ] GC(134) Using 25 workers of 33 for evacuation
[44.105s][info][gc,phases      ] GC(134)   Pre Evacuate Collection Set: 0.1ms
[44.105s][info][gc,phases      ] GC(134)   Merge Heap Roots: 0.2ms
[44.105s][info][gc,phases      ] GC(134)   Evacuate Collection Set: 4.8ms
[44.105s][info][gc,phases      ] GC(134)   Post Evacuate Collection Set: 0.6ms
[44.105s][info][gc,phases      ] GC(134)   Other: 0.2ms
[44.105s][info][gc,heap        ] GC(134) Eden regions: 313->0(312)
[44.105s][info][gc,heap        ] GC(134) Survivor regions: 10->11(41)
[44.105s][info][gc,heap        ] GC(134) Old regions: 16->16
[44.105s][info][gc,heap        ] GC(134) Archive regions: 0->0
[44.105s][info][gc,heap        ] GC(134) Humongous regions: 0->0
[44.105s][info][gc,metaspace   ] GC(134) Metaspace: 8613K(8832K)->8613K(8832K) NonClass: 7459K(7552K)->7459K(7552K) Class: 1153K(1280K)->1153K(1280K)
[44.105s][info][gc             ] GC(134) Pause Young (Normal) (G1 Evacuation Pause) 648M->24M(1078M) 6.439ms
[44.106s][info][gc,cpu         ] GC(134) User=0.00s Sys=0.00s Real=0.00s
[44.738s][info][gc,start       ] GC(135) Pause Full (System.gc())
[44.738s][info][gc,task        ] GC(135) Using 25 workers of 33 for full compaction
[44.739s][info][gc,phases,start] GC(135) Phase 1: Mark live objects
[44.743s][info][gc,phases      ] GC(135) Phase 1: Mark live objects 4.681ms
[44.743s][info][gc,phases,start] GC(135) Phase 2: Prepare compaction
[44.745s][info][gc,phases      ] GC(135) Phase 2: Prepare compaction 1.314ms
[44.745s][info][gc,phases,start] GC(135) Phase 3: Adjust pointers
[44.748s][info][gc,phases      ] GC(135) Phase 3: Adjust pointers 2.849ms
[44.748s][info][gc,phases,start] GC(135) Phase 4: Compact heap
[44.749s][info][gc,phases      ] GC(135) Phase 4: Compact heap 0.969ms
[44.754s][info][gc,heap        ] GC(135) Eden regions: 231->0(32)
[44.754s][info][gc,heap        ] GC(135) Survivor regions: 11->0(41)
[44.755s][info][gc,heap        ] GC(135) Old regions: 16->16
[44.755s][info][gc,heap        ] GC(135) Archive regions: 0->0
[44.755s][info][gc,heap        ] GC(135) Humongous regions: 5->0
[44.755s][info][gc,metaspace   ] GC(135) Metaspace: 8613K(8832K)->8613K(8832K) NonClass: 7460K(7552K)->7460K(7552K) Class: 1153K(1280K)->1153K(1280K)
[44.755s][info][gc             ] GC(135) Pause Full (System.gc()) 496M->3M(108M) 17.146ms
[44.755s][info][gc,cpu         ] GC(135) User=0.03s Sys=0.00s Real=0.02s
[44.805s][info][gc,start       ] GC(136) Pause Young (Normal) (G1 Evacuation Pause)
[44.805s][info][gc,task        ] GC(136) Using 13 workers of 33 for evacuation
[44.806s][info][gc,phases      ] GC(136)   Pre Evacuate Collection Set: 0.1ms
[44.806s][info][gc,phases      ] GC(136)   Merge Heap Roots: 0.1ms
[44.806s][info][gc,phases      ] GC(136)   Evacuate Collection Set: 0.3ms
[44.806s][info][gc,phases      ] GC(136)   Post Evacuate Collection Set: 0.3ms
[44.806s][info][gc,phases      ] GC(136)   Other: 0.1ms
[44.806s][info][gc,heap        ] GC(136) Eden regions: 32->0(30)
[44.806s][info][gc,heap        ] GC(136) Survivor regions: 0->2(4)
[44.806s][info][gc,heap        ] GC(136) Old regions: 16->16
[44.806s][info][gc,heap        ] GC(136) Archive regions: 0->0
[44.806s][info][gc,heap        ] GC(136) Humongous regions: 0->0
[44.806s][info][gc,metaspace   ] GC(136) Metaspace: 8614K(8832K)->8614K(8832K) NonClass: 7460K(7552K)->7460K(7552K) Class: 1153K(1280K)->1153K(1280K)
[44.806s][info][gc             ] GC(136) Pause Young (Normal) (G1 Evacuation Pause) 67M->6M(108M) 1.390ms
[44.806s][info][gc,cpu         ] GC(136) User=0.00s Sys=0.00s Real=0.00s
[44.837s][info][gc,start       ] GC(137) Pause Young (Normal) (G1 Evacuation Pause)
[44.837s][info][gc,task        ] GC(137) Using 7 workers of 33 for evacuation
[44.842s][info][gc,phases      ] GC(137)   Pre Evacuate Collection Set: 0.1ms
[44.842s][info][gc,phases      ] GC(137)   Merge Heap Roots: 0.0ms
[44.842s][info][gc,phases      ] GC(137)   Evacuate Collection Set: 0.7ms
[44.842s][info][gc,phases      ] GC(137)   Post Evacuate Collection Set: 4.0ms
[44.842s][info][gc,phases      ] GC(137)   Other: 0.1ms
[44.842s][info][gc,heap        ] GC(137) Eden regions: 30->0(322)
[44.842s][info][gc,heap        ] GC(137) Survivor regions: 2->1(4)
[44.842s][info][gc,heap        ] GC(137) Old regions: 16->16
[44.842s][info][gc,heap        ] GC(137) Archive regions: 0->0
[44.842s][info][gc,heap        ] GC(137) Humongous regions: 0->0
[44.842s][info][gc,metaspace   ] GC(137) Metaspace: 8614K(8832K)->8614K(8832K) NonClass: 7460K(7552K)->7460K(7552K) Class: 1153K(1280K)->1153K(1280K)
[44.842s][info][gc             ] GC(137) Pause Young (Normal) (G1 Evacuation Pause) 66M->4M(1078M) 5.426ms
[44.842s][info][gc,cpu         ] GC(137) User=0.02s Sys=0.00s Real=0.02s
[45.192s][info][gc,start       ] GC(138) Pause Young (Normal) (G1 Evacuation Pause)
[45.193s][info][gc,task        ] GC(138) Using 25 workers of 33 for evacuation
[45.195s][info][gc,phases      ] GC(138)   Pre Evacuate Collection Set: 0.1ms
[45.195s][info][gc,phases      ] GC(138)   Merge Heap Roots: 0.2ms
[45.195s][info][gc,phases      ] GC(138)   Evacuate Collection Set: 1.3ms
[45.195s][info][gc,phases      ] GC(138)   Post Evacuate Collection Set: 0.6ms
[45.195s][info][gc,phases      ] GC(138)   Other: 0.2ms
[45.195s][info][gc,heap        ] GC(138) Eden regions: 322->0(321)
[45.195s][info][gc,heap        ] GC(138) Survivor regions: 1->2(41)
[45.195s][info][gc,heap        ] GC(138) Old regions: 16->16
[45.195s][info][gc,heap        ] GC(138) Archive regions: 0->0
[45.195s][info][gc,heap        ] GC(138) Humongous regions: 0->0
[45.195s][info][gc,metaspace   ] GC(138) Metaspace: 8614K(8832K)->8614K(8832K) NonClass: 7460K(7552K)->7460K(7552K) Class: 1153K(1280K)->1153K(1280K)
[45.195s][info][gc             ] GC(138) Pause Young (Normal) (G1 Evacuation Pause) 648M->6M(1078M) 2.811ms
[45.195s][info][gc,cpu         ] GC(138) User=0.00s Sys=0.00s Real=0.00s
[45.558s][info][gc,start       ] GC(139) Pause Young (Normal) (G1 Evacuation Pause)
[45.558s][info][gc,task        ] GC(139) Using 25 workers of 33 for evacuation
[45.561s][info][gc,phases      ] GC(139)   Pre Evacuate Collection Set: 0.2ms
[45.561s][info][gc,phases      ] GC(139)   Merge Heap Roots: 0.2ms
[45.561s][info][gc,phases      ] GC(139)   Evacuate Collection Set: 1.7ms
[45.561s][info][gc,phases      ] GC(139)   Post Evacuate Collection Set: 0.6ms
[45.561s][info][gc,phases      ] GC(139)   Other: 0.2ms
[45.561s][info][gc,heap        ] GC(139) Eden regions: 321->0(320)
[45.562s][info][gc,heap        ] GC(139) Survivor regions: 2->3(41)
[45.562s][info][gc,heap        ] GC(139) Old regions: 16->16
[45.562s][info][gc,heap        ] GC(139) Archive regions: 0->0
[45.562s][info][gc,heap        ] GC(139) Humongous regions: 0->0
[45.562s][info][gc,metaspace   ] GC(139) Metaspace: 8614K(8832K)->8614K(8832K) NonClass: 7460K(7552K)->7460K(7552K) Class: 1153K(1280K)->1153K(1280K)
[45.562s][info][gc             ] GC(139) Pause Young (Normal) (G1 Evacuation Pause) 648M->8M(1078M) 3.357ms
[45.562s][info][gc,cpu         ] GC(139) User=0.00s Sys=0.00s Real=0.00s
[45.895s][info][gc,start       ] GC(140) Pause Young (Normal) (G1 Evacuation Pause)
[45.895s][info][gc,task        ] GC(140) Using 25 workers of 33 for evacuation
[45.898s][info][gc,phases      ] GC(140)   Pre Evacuate Collection Set: 0.1ms
[45.898s][info][gc,phases      ] GC(140)   Merge Heap Roots: 0.2ms
[45.898s][info][gc,phases      ] GC(140)   Evacuate Collection Set: 2.1ms
[45.899s][info][gc,phases      ] GC(140)   Post Evacuate Collection Set: 0.6ms
[45.899s][info][gc,phases      ] GC(140)   Other: 0.2ms
[45.899s][info][gc,heap        ] GC(140) Eden regions: 320->0(319)
[45.899s][info][gc,heap        ] GC(140) Survivor regions: 3->4(41)
[45.899s][info][gc,heap        ] GC(140) Old regions: 16->16
[45.899s][info][gc,heap        ] GC(140) Archive regions: 0->0
[45.899s][info][gc,heap        ] GC(140) Humongous regions: 0->0
[45.899s][info][gc,metaspace   ] GC(140) Metaspace: 8614K(8832K)->8614K(8832K) NonClass: 7460K(7552K)->7460K(7552K) Class: 1153K(1280K)->1153K(1280K)
[45.899s][info][gc             ] GC(140) Pause Young (Normal) (G1 Evacuation Pause) 648M->10M(1078M) 3.685ms
[45.899s][info][gc,cpu         ] GC(140) User=0.00s Sys=0.00s Real=0.00s
[46.261s][info][gc,start       ] GC(141) Pause Young (Normal) (G1 Evacuation Pause)
[46.261s][info][gc,task        ] GC(141) Using 25 workers of 33 for evacuation
[46.265s][info][gc,phases      ] GC(141)   Pre Evacuate Collection Set: 0.2ms
[46.265s][info][gc,phases      ] GC(141)   Merge Heap Roots: 0.2ms
[46.265s][info][gc,phases      ] GC(141)   Evacuate Collection Set: 2.8ms
[46.265s][info][gc,phases      ] GC(141)   Post Evacuate Collection Set: 0.6ms
[46.265s][info][gc,phases      ] GC(141)   Other: 0.2ms
[46.265s][info][gc,heap        ] GC(141) Eden regions: 319->0(318)
[46.265s][info][gc,heap        ] GC(141) Survivor regions: 4->5(41)
[46.265s][info][gc,heap        ] GC(141) Old regions: 16->16
[46.265s][info][gc,heap        ] GC(141) Archive regions: 0->0
[46.265s][info][gc,heap        ] GC(141) Humongous regions: 0->0
[46.265s][info][gc,metaspace   ] GC(141) Metaspace: 8614K(8832K)->8614K(8832K) NonClass: 7460K(7552K)->7460K(7552K) Class: 1153K(1280K)->1153K(1280K)
[46.265s][info][gc             ] GC(141) Pause Young (Normal) (G1 Evacuation Pause) 648M->13M(1078M) 4.443ms
[46.265s][info][gc,cpu         ] GC(141) User=0.00s Sys=0.00s Real=0.00s
[46.620s][info][gc,start       ] GC(142) Pause Young (Normal) (G1 Evacuation Pause)
[46.620s][info][gc,task        ] GC(142) Using 25 workers of 33 for evacuation
[46.624s][info][gc,phases      ] GC(142)   Pre Evacuate Collection Set: 0.1ms
[46.624s][info][gc,phases      ] GC(142)   Merge Heap Roots: 0.2ms
[46.624s][info][gc,phases      ] GC(142)   Evacuate Collection Set: 3.2ms
[46.624s][info][gc,phases      ] GC(142)   Post Evacuate Collection Set: 0.6ms
[46.625s][info][gc,phases      ] GC(142)   Other: 0.2ms
[46.625s][info][gc,heap        ] GC(142) Eden regions: 318->0(316)
[46.625s][info][gc,heap        ] GC(142) Survivor regions: 5->7(41)
[46.625s][info][gc,heap        ] GC(142) Old regions: 16->16
[46.625s][info][gc,heap        ] GC(142) Archive regions: 0->0
[46.625s][info][gc,heap        ] GC(142) Humongous regions: 0->0
[46.625s][info][gc,metaspace   ] GC(142) Metaspace: 8614K(8832K)->8614K(8832K) NonClass: 7460K(7552K)->7460K(7552K) Class: 1153K(1280K)->1153K(1280K)
[46.625s][info][gc             ] GC(142) Pause Young (Normal) (G1 Evacuation Pause) 649M->15M(1078M) 4.764ms
[46.625s][info][gc,cpu         ] GC(142) User=0.39s Sys=0.00s Real=0.02s
[47.017s][info][gc,start       ] GC(143) Pause Young (Normal) (G1 Evacuation Pause)
[47.017s][info][gc,task        ] GC(143) Using 25 workers of 33 for evacuation
[47.022s][info][gc,phases      ] GC(143)   Pre Evacuate Collection Set: 0.2ms
[47.023s][info][gc,phases      ] GC(143)   Merge Heap Roots: 0.2ms
[47.023s][info][gc,phases      ] GC(143)   Evacuate Collection Set: 4.1ms
[47.023s][info][gc,phases      ] GC(143)   Post Evacuate Collection Set: 0.6ms
[47.023s][info][gc,phases      ] GC(143)   Other: 0.2ms
[47.023s][info][gc,heap        ] GC(143) Eden regions: 316->0(315)
[47.023s][info][gc,heap        ] GC(143) Survivor regions: 7->8(41)
[47.023s][info][gc,heap        ] GC(143) Old regions: 16->16
[47.023s][info][gc,heap        ] GC(143) Archive regions: 0->0
[47.023s][info][gc,heap        ] GC(143) Humongous regions: 0->0
[47.023s][info][gc,metaspace   ] GC(143) Metaspace: 8614K(8832K)->8614K(8832K) NonClass: 7460K(7552K)->7460K(7552K) Class: 1153K(1280K)->1153K(1280K)
[47.023s][info][gc             ] GC(143) Pause Young (Normal) (G1 Evacuation Pause) 647M->18M(1078M) 5.770ms
[47.023s][info][gc,cpu         ] GC(143) User=0.00s Sys=0.00s Real=0.01s
[47.373s][info][gc,start       ] GC(144) Pause Young (Normal) (G1 Evacuation Pause)
[47.373s][info][gc,task        ] GC(144) Using 25 workers of 33 for evacuation
[47.377s][info][gc,phases      ] GC(144)   Pre Evacuate Collection Set: 0.1ms
[47.377s][info][gc,phases      ] GC(144)   Merge Heap Roots: 0.1ms
[47.377s][info][gc,phases      ] GC(144)   Evacuate Collection Set: 3.4ms
[47.377s][info][gc,phases      ] GC(144)   Post Evacuate Collection Set: 0.5ms
[47.377s][info][gc,phases      ] GC(144)   Other: 0.1ms
[47.377s][info][gc,heap        ] GC(144) Eden regions: 315->0(314)
[47.377s][info][gc,heap        ] GC(144) Survivor regions: 8->9(41)
[47.377s][info][gc,heap        ] GC(144) Old regions: 16->16
[47.377s][info][gc,heap        ] GC(144) Archive regions: 0->0
[47.377s][info][gc,heap        ] GC(144) Humongous regions: 0->0
[47.377s][info][gc,metaspace   ] GC(144) Metaspace: 8614K(8832K)->8614K(8832K) NonClass: 7460K(7552K)->7460K(7552K) Class: 1153K(1280K)->1153K(1280K)
[47.377s][info][gc             ] GC(144) Pause Young (Normal) (G1 Evacuation Pause) 648M->20M(1078M) 4.557ms
[47.377s][info][gc,cpu         ] GC(144) User=0.00s Sys=0.00s Real=0.00s
[47.731s][info][gc,start       ] GC(145) Pause Young (Normal) (G1 Evacuation Pause)
[47.731s][info][gc,task        ] GC(145) Using 25 workers of 33 for evacuation
[47.737s][info][gc,phases      ] GC(145)   Pre Evacuate Collection Set: 0.1ms
[47.737s][info][gc,phases      ] GC(145)   Merge Heap Roots: 0.2ms
[47.737s][info][gc,phases      ] GC(145)   Evacuate Collection Set: 4.2ms
[47.737s][info][gc,phases      ] GC(145)   Post Evacuate Collection Set: 0.6ms
[47.737s][info][gc,phases      ] GC(145)   Other: 0.1ms
[47.737s][info][gc,heap        ] GC(145) Eden regions: 314->0(313)
[47.737s][info][gc,heap        ] GC(145) Survivor regions: 9->10(41)
[47.737s][info][gc,heap        ] GC(145) Old regions: 16->16
[47.737s][info][gc,heap        ] GC(145) Archive regions: 0->0
[47.737s][info][gc,heap        ] GC(145) Humongous regions: 0->0
[47.737s][info][gc,metaspace   ] GC(145) Metaspace: 8614K(8832K)->8614K(8832K) NonClass: 7460K(7552K)->7460K(7552K) Class: 1153K(1280K)->1153K(1280K)
[47.737s][info][gc             ] GC(145) Pause Young (Normal) (G1 Evacuation Pause) 648M->22M(1078M) 5.514ms
[47.737s][info][gc,cpu         ] GC(145) User=0.00s Sys=0.00s Real=0.00s
[48.101s][info][gc,start       ] GC(146) Pause Young (Normal) (G1 Evacuation Pause)
[48.101s][info][gc,task        ] GC(146) Using 25 workers of 33 for evacuation
[48.107s][info][gc,phases      ] GC(146)   Pre Evacuate Collection Set: 0.2ms
[48.107s][info][gc,phases      ] GC(146)   Merge Heap Roots: 0.2ms
[48.107s][info][gc,phases      ] GC(146)   Evacuate Collection Set: 4.6ms
[48.107s][info][gc,phases      ] GC(146)   Post Evacuate Collection Set: 0.6ms
[48.107s][info][gc,phases      ] GC(146)   Other: 0.2ms
[48.107s][info][gc,heap        ] GC(146) Eden regions: 313->0(311)
[48.107s][info][gc,heap        ] GC(146) Survivor regions: 10->12(41)
[48.107s][info][gc,heap        ] GC(146) Old regions: 16->16
[48.107s][info][gc,heap        ] GC(146) Archive regions: 0->0
[48.107s][info][gc,heap        ] GC(146) Humongous regions: 0->0
[48.107s][info][gc,metaspace   ] GC(146) Metaspace: 8614K(8832K)->8614K(8832K) NonClass: 7460K(7552K)->7460K(7552K) Class: 1153K(1280K)->1153K(1280K)
[48.108s][info][gc             ] GC(146) Pause Young (Normal) (G1 Evacuation Pause) 648M->25M(1078M) 6.220ms
[48.108s][info][gc,cpu         ] GC(146) User=0.39s Sys=0.00s Real=0.01s
[48.725s][info][gc,start       ] GC(147) Pause Full (System.gc())
[48.725s][info][gc,task        ] GC(147) Using 25 workers of 33 for full compaction
[48.726s][info][gc,phases,start] GC(147) Phase 1: Mark live objects
[48.731s][info][gc,phases      ] GC(147) Phase 1: Mark live objects 4.840ms
[48.731s][info][gc,phases,start] GC(147) Phase 2: Prepare compaction
[48.732s][info][gc,phases      ] GC(147) Phase 2: Prepare compaction 0.945ms
[48.732s][info][gc,phases,start] GC(147) Phase 3: Adjust pointers
[48.735s][info][gc,phases      ] GC(147) Phase 3: Adjust pointers 2.842ms
[48.735s][info][gc,phases,start] GC(147) Phase 4: Compact heap
[48.736s][info][gc,phases      ] GC(147) Phase 4: Compact heap 0.982ms
[48.742s][info][gc,heap        ] GC(147) Eden regions: 231->0(32)
[48.742s][info][gc,heap        ] GC(147) Survivor regions: 12->0(41)
[48.742s][info][gc,heap        ] GC(147) Old regions: 16->16
[48.742s][info][gc,heap        ] GC(147) Archive regions: 0->0
[48.742s][info][gc,heap        ] GC(147) Humongous regions: 5->0
[48.742s][info][gc,metaspace   ] GC(147) Metaspace: 8614K(8832K)->8614K(8832K) NonClass: 7460K(7552K)->7460K(7552K) Class: 1153K(1280K)->1153K(1280K)
[48.742s][info][gc             ] GC(147) Pause Full (System.gc()) 497M->3M(108M) 16.870ms
[48.742s][info][gc,cpu         ] GC(147) User=0.02s Sys=0.00s Real=0.01s
[48.789s][info][gc,start       ] GC(148) Pause Young (Normal) (G1 Evacuation Pause)
[48.789s][info][gc,task        ] GC(148) Using 13 workers of 33 for evacuation
[48.790s][info][gc,phases      ] GC(148)   Pre Evacuate Collection Set: 0.1ms
[48.790s][info][gc,phases      ] GC(148)   Merge Heap Roots: 0.1ms
[48.790s][info][gc,phases      ] GC(148)   Evacuate Collection Set: 0.3ms
[48.790s][info][gc,phases      ] GC(148)   Post Evacuate Collection Set: 0.3ms
[48.790s][info][gc,phases      ] GC(148)   Other: 0.1ms
[48.790s][info][gc,heap        ] GC(148) Eden regions: 32->0(30)
[48.790s][info][gc,heap        ] GC(148) Survivor regions: 0->2(4)
[48.790s][info][gc,heap        ] GC(148) Old regions: 16->16
[48.790s][info][gc,heap        ] GC(148) Archive regions: 0->0
[48.790s][info][gc,heap        ] GC(148) Humongous regions: 0->0
[48.790s][info][gc,metaspace   ] GC(148) Metaspace: 8625K(8896K)->8625K(8896K) NonClass: 7471K(7616K)->7471K(7616K) Class: 1153K(1280K)->1153K(1280K)
[48.790s][info][gc             ] GC(148) Pause Young (Normal) (G1 Evacuation Pause) 67M->6M(108M) 1.379ms
[48.790s][info][gc,cpu         ] GC(148) User=0.00s Sys=0.00s Real=0.00s
[48.821s][info][gc,start       ] GC(149) Pause Young (Normal) (G1 Evacuation Pause)
[48.821s][info][gc,task        ] GC(149) Using 7 workers of 33 for evacuation
[48.825s][info][gc,phases      ] GC(149)   Pre Evacuate Collection Set: 0.1ms
[48.826s][info][gc,phases      ] GC(149)   Merge Heap Roots: 0.0ms
[48.826s][info][gc,phases      ] GC(149)   Evacuate Collection Set: 0.5ms
[48.826s][info][gc,phases      ] GC(149)   Post Evacuate Collection Set: 4.0ms
[48.826s][info][gc,phases      ] GC(149)   Other: 0.1ms
[48.826s][info][gc,heap        ] GC(149) Eden regions: 30->0(322)
[48.826s][info][gc,heap        ] GC(149) Survivor regions: 2->1(4)
[48.826s][info][gc,heap        ] GC(149) Old regions: 16->16
[48.826s][info][gc,heap        ] GC(149) Archive regions: 0->0
[48.826s][info][gc,heap        ] GC(149) Humongous regions: 0->0
[48.826s][info][gc,metaspace   ] GC(149) Metaspace: 8625K(8896K)->8625K(8896K) NonClass: 7471K(7616K)->7471K(7616K) Class: 1153K(1280K)->1153K(1280K)
[48.826s][info][gc             ] GC(149) Pause Young (Normal) (G1 Evacuation Pause) 66M->4M(1078M) 5.092ms
[48.826s][info][gc,cpu         ] GC(149) User=0.00s Sys=0.00s Real=0.00s
[49.160s][info][gc,start       ] GC(150) Pause Young (Normal) (G1 Evacuation Pause)
[49.160s][info][gc,task        ] GC(150) Using 25 workers of 33 for evacuation
[49.163s][info][gc,phases      ] GC(150)   Pre Evacuate Collection Set: 0.1ms
[49.163s][info][gc,phases      ] GC(150)   Merge Heap Roots: 0.2ms
[49.163s][info][gc,phases      ] GC(150)   Evacuate Collection Set: 1.3ms
[49.163s][info][gc,phases      ] GC(150)   Post Evacuate Collection Set: 0.6ms
[49.163s][info][gc,phases      ] GC(150)   Other: 0.2ms
[49.163s][info][gc,heap        ] GC(150) Eden regions: 322->0(321)
[49.163s][info][gc,heap        ] GC(150) Survivor regions: 1->2(41)
[49.163s][info][gc,heap        ] GC(150) Old regions: 16->16
[49.163s][info][gc,heap        ] GC(150) Archive regions: 0->0
[49.163s][info][gc,heap        ] GC(150) Humongous regions: 0->0
[49.163s][info][gc,metaspace   ] GC(150) Metaspace: 8625K(8896K)->8625K(8896K) NonClass: 7471K(7616K)->7471K(7616K) Class: 1153K(1280K)->1153K(1280K)
[49.163s][info][gc             ] GC(150) Pause Young (Normal) (G1 Evacuation Pause) 648M->6M(1078M) 2.912ms
[49.163s][info][gc,cpu         ] GC(150) User=0.00s Sys=0.00s Real=0.00s
[49.526s][info][gc,start       ] GC(151) Pause Young (Normal) (G1 Evacuation Pause)
[49.526s][info][gc,task        ] GC(151) Using 25 workers of 33 for evacuation
[49.528s][info][gc,phases      ] GC(151)   Pre Evacuate Collection Set: 0.1ms
[49.529s][info][gc,phases      ] GC(151)   Merge Heap Roots: 0.2ms
[49.529s][info][gc,phases      ] GC(151)   Evacuate Collection Set: 1.8ms
[49.529s][info][gc,phases      ] GC(151)   Post Evacuate Collection Set: 0.6ms
[49.529s][info][gc,phases      ] GC(151)   Other: 0.2ms
[49.529s][info][gc,heap        ] GC(151) Eden regions: 321->0(320)
[49.529s][info][gc,heap        ] GC(151) Survivor regions: 2->3(41)
[49.529s][info][gc,heap        ] GC(151) Old regions: 16->16
[49.529s][info][gc,heap        ] GC(151) Archive regions: 0->0
[49.529s][info][gc,heap        ] GC(151) Humongous regions: 0->0
[49.529s][info][gc,metaspace   ] GC(151) Metaspace: 8625K(8896K)->8625K(8896K) NonClass: 7471K(7616K)->7471K(7616K) Class: 1153K(1280K)->1153K(1280K)
[49.529s][info][gc             ] GC(151) Pause Young (Normal) (G1 Evacuation Pause) 648M->8M(1078M) 3.336ms
[49.529s][info][gc,cpu         ] GC(151) User=0.00s Sys=0.00s Real=0.00s
[49.876s][info][gc,start       ] GC(152) Pause Young (Normal) (G1 Evacuation Pause)
[49.876s][info][gc,task        ] GC(152) Using 25 workers of 33 for evacuation
[49.879s][info][gc,phases      ] GC(152)   Pre Evacuate Collection Set: 0.1ms
[49.879s][info][gc,phases      ] GC(152)   Merge Heap Roots: 0.2ms
[49.879s][info][gc,phases      ] GC(152)   Evacuate Collection Set: 2.2ms
[49.879s][info][gc,phases      ] GC(152)   Post Evacuate Collection Set: 0.6ms
[49.879s][info][gc,phases      ] GC(152)   Other: 0.2ms
[49.879s][info][gc,heap        ] GC(152) Eden regions: 320->0(319)
[49.879s][info][gc,heap        ] GC(152) Survivor regions: 3->4(41)
[49.879s][info][gc,heap        ] GC(152) Old regions: 16->16
[49.879s][info][gc,heap        ] GC(152) Archive regions: 0->0
[49.879s][info][gc,heap        ] GC(152) Humongous regions: 0->0
[49.879s][info][gc,metaspace   ] GC(152) Metaspace: 8625K(8896K)->8625K(8896K) NonClass: 7471K(7616K)->7471K(7616K) Class: 1153K(1280K)->1153K(1280K)
[49.880s][info][gc             ] GC(152) Pause Young (Normal) (G1 Evacuation Pause) 648M->10M(1078M) 3.785ms
[49.880s][info][gc,cpu         ] GC(152) User=0.00s Sys=0.00s Real=0.00s
[50.240s][info][gc,start       ] GC(153) Pause Young (Normal) (G1 Evacuation Pause)
[50.240s][info][gc,task        ] GC(153) Using 25 workers of 33 for evacuation
[50.244s][info][gc,phases      ] GC(153)   Pre Evacuate Collection Set: 0.1ms
[50.244s][info][gc,phases      ] GC(153)   Merge Heap Roots: 0.2ms
[50.244s][info][gc,phases      ] GC(153)   Evacuate Collection Set: 2.7ms
[50.244s][info][gc,phases      ] GC(153)   Post Evacuate Collection Set: 0.6ms
[50.244s][info][gc,phases      ] GC(153)   Other: 0.2ms
[50.244s][info][gc,heap        ] GC(153) Eden regions: 319->0(318)
[50.244s][info][gc,heap        ] GC(153) Survivor regions: 4->5(41)
[50.244s][info][gc,heap        ] GC(153) Old regions: 16->16
[50.244s][info][gc,heap        ] GC(153) Archive regions: 0->0
[50.244s][info][gc,heap        ] GC(153) Humongous regions: 0->0
[50.244s][info][gc,metaspace   ] GC(153) Metaspace: 8625K(8896K)->8625K(8896K) NonClass: 7471K(7616K)->7471K(7616K) Class: 1153K(1280K)->1153K(1280K)
[50.244s][info][gc             ] GC(153) Pause Young (Normal) (G1 Evacuation Pause) 648M->13M(1078M) 4.319ms
[50.244s][info][gc,cpu         ] GC(153) User=0.03s Sys=0.00s Real=0.01s
[50.588s][info][gc,start       ] GC(154) Pause Young (Normal) (G1 Evacuation Pause)
[50.588s][info][gc,task        ] GC(154) Using 25 workers of 33 for evacuation
[50.592s][info][gc,phases      ] GC(154)   Pre Evacuate Collection Set: 0.1ms
[50.592s][info][gc,phases      ] GC(154)   Merge Heap Roots: 0.2ms
[50.592s][info][gc,phases      ] GC(154)   Evacuate Collection Set: 3.1ms
[50.592s][info][gc,phases      ] GC(154)   Post Evacuate Collection Set: 0.6ms
[50.592s][info][gc,phases      ] GC(154)   Other: 0.2ms
[50.592s][info][gc,heap        ] GC(154) Eden regions: 318->0(316)
[50.592s][info][gc,heap        ] GC(154) Survivor regions: 5->7(41)
[50.592s][info][gc,heap        ] GC(154) Old regions: 16->16
[50.592s][info][gc,heap        ] GC(154) Archive regions: 0->0
[50.593s][info][gc,heap        ] GC(154) Humongous regions: 0->0
[50.593s][info][gc,metaspace   ] GC(154) Metaspace: 8625K(8896K)->8625K(8896K) NonClass: 7471K(7616K)->7471K(7616K) Class: 1153K(1280K)->1153K(1280K)
[50.593s][info][gc             ] GC(154) Pause Young (Normal) (G1 Evacuation Pause) 649M->15M(1078M) 4.660ms
[50.593s][info][gc,cpu         ] GC(154) User=0.02s Sys=0.00s Real=0.02s
[50.972s][info][gc,start       ] GC(155) Pause Young (Normal) (G1 Evacuation Pause)
[50.972s][info][gc,task        ] GC(155) Using 25 workers of 33 for evacuation
[50.977s][info][gc,phases      ] GC(155)   Pre Evacuate Collection Set: 0.1ms
[50.978s][info][gc,phases      ] GC(155)   Merge Heap Roots: 0.2ms
[50.978s][info][gc,phases      ] GC(155)   Evacuate Collection Set: 4.0ms
[50.978s][info][gc,phases      ] GC(155)   Post Evacuate Collection Set: 0.6ms
[50.978s][info][gc,phases      ] GC(155)   Other: 0.2ms
[50.978s][info][gc,heap        ] GC(155) Eden regions: 316->0(315)
[50.978s][info][gc,heap        ] GC(155) Survivor regions: 7->8(41)
[50.978s][info][gc,heap        ] GC(155) Old regions: 16->16
[50.978s][info][gc,heap        ] GC(155) Archive regions: 0->0
[50.978s][info][gc,heap        ] GC(155) Humongous regions: 0->0
[50.978s][info][gc,metaspace   ] GC(155) Metaspace: 8625K(8896K)->8625K(8896K) NonClass: 7471K(7616K)->7471K(7616K) Class: 1153K(1280K)->1153K(1280K)
[50.978s][info][gc             ] GC(155) Pause Young (Normal) (G1 Evacuation Pause) 647M->18M(1078M) 5.685ms
[50.978s][info][gc,cpu         ] GC(155) User=0.00s Sys=0.00s Real=0.00s
[51.323s][info][gc,start       ] GC(156) Pause Young (Normal) (G1 Evacuation Pause)
[51.323s][info][gc,task        ] GC(156) Using 25 workers of 33 for evacuation
[51.328s][info][gc,phases      ] GC(156)   Pre Evacuate Collection Set: 0.1ms
[51.329s][info][gc,phases      ] GC(156)   Merge Heap Roots: 0.1ms
[51.329s][info][gc,phases      ] GC(156)   Evacuate Collection Set: 4.0ms
[51.329s][info][gc,phases      ] GC(156)   Post Evacuate Collection Set: 0.6ms
[51.329s][info][gc,phases      ] GC(156)   Other: 0.2ms
[51.329s][info][gc,heap        ] GC(156) Eden regions: 315->0(314)
[51.329s][info][gc,heap        ] GC(156) Survivor regions: 8->9(41)
[51.329s][info][gc,heap        ] GC(156) Old regions: 16->16
[51.329s][info][gc,heap        ] GC(156) Archive regions: 0->0
[51.329s][info][gc,heap        ] GC(156) Humongous regions: 0->0
[51.329s][info][gc,metaspace   ] GC(156) Metaspace: 8625K(8896K)->8625K(8896K) NonClass: 7471K(7616K)->7471K(7616K) Class: 1153K(1280K)->1153K(1280K)
[51.329s][info][gc             ] GC(156) Pause Young (Normal) (G1 Evacuation Pause) 648M->20M(1078M) 5.565ms
[51.329s][info][gc,cpu         ] GC(156) User=0.00s Sys=0.00s Real=0.01s
[51.678s][info][gc,start       ] GC(157) Pause Young (Normal) (G1 Evacuation Pause)
[51.679s][info][gc,task        ] GC(157) Using 25 workers of 33 for evacuation
[51.684s][info][gc,phases      ] GC(157)   Pre Evacuate Collection Set: 0.1ms
[51.684s][info][gc,phases      ] GC(157)   Merge Heap Roots: 0.2ms
[51.684s][info][gc,phases      ] GC(157)   Evacuate Collection Set: 4.6ms
[51.684s][info][gc,phases      ] GC(157)   Post Evacuate Collection Set: 0.6ms
[51.684s][info][gc,phases      ] GC(157)   Other: 0.2ms
[51.684s][info][gc,heap        ] GC(157) Eden regions: 314->0(313)
[51.684s][info][gc,heap        ] GC(157) Survivor regions: 9->10(41)
[51.684s][info][gc,heap        ] GC(157) Old regions: 16->16
[51.684s][info][gc,heap        ] GC(157) Archive regions: 0->0
[51.684s][info][gc,heap        ] GC(157) Humongous regions: 0->0
[51.684s][info][gc,metaspace   ] GC(157) Metaspace: 8625K(8896K)->8625K(8896K) NonClass: 7471K(7616K)->7471K(7616K) Class: 1153K(1280K)->1153K(1280K)
[51.685s][info][gc             ] GC(157) Pause Young (Normal) (G1 Evacuation Pause) 648M->22M(1078M) 6.166ms
[51.685s][info][gc,cpu         ] GC(157) User=0.00s Sys=0.00s Real=0.00s
[52.029s][info][gc,start       ] GC(158) Pause Young (Normal) (G1 Evacuation Pause)
[52.029s][info][gc,task        ] GC(158) Using 25 workers of 33 for evacuation
[52.035s][info][gc,phases      ] GC(158)   Pre Evacuate Collection Set: 0.1ms
[52.035s][info][gc,phases      ] GC(158)   Merge Heap Roots: 0.2ms
[52.035s][info][gc,phases      ] GC(158)   Evacuate Collection Set: 5.0ms
[52.035s][info][gc,phases      ] GC(158)   Post Evacuate Collection Set: 0.6ms
[52.035s][info][gc,phases      ] GC(158)   Other: 0.2ms
[52.036s][info][gc,heap        ] GC(158) Eden regions: 313->0(312)
[52.036s][info][gc,heap        ] GC(158) Survivor regions: 10->11(41)
[52.036s][info][gc,heap        ] GC(158) Old regions: 16->16
[52.036s][info][gc,heap        ] GC(158) Archive regions: 0->0
[52.036s][info][gc,heap        ] GC(158) Humongous regions: 0->0
[52.036s][info][gc,metaspace   ] GC(158) Metaspace: 8625K(8896K)->8625K(8896K) NonClass: 7471K(7616K)->7471K(7616K) Class: 1153K(1280K)->1153K(1280K)
[52.036s][info][gc             ] GC(158) Pause Young (Normal) (G1 Evacuation Pause) 648M->25M(1078M) 6.568ms
[52.036s][info][gc,cpu         ] GC(158) User=0.00s Sys=0.00s Real=0.00s
[52.655s][info][gc,start       ] GC(159) Pause Full (System.gc())
[52.655s][info][gc,task        ] GC(159) Using 25 workers of 33 for full compaction
[52.656s][info][gc,phases,start] GC(159) Phase 1: Mark live objects
[52.661s][info][gc,phases      ] GC(159) Phase 1: Mark live objects 4.866ms
[52.661s][info][gc,phases,start] GC(159) Phase 2: Prepare compaction
[52.662s][info][gc,phases      ] GC(159) Phase 2: Prepare compaction 1.304ms
[52.662s][info][gc,phases,start] GC(159) Phase 3: Adjust pointers
[52.665s][info][gc,phases      ] GC(159) Phase 3: Adjust pointers 2.784ms
[52.665s][info][gc,phases,start] GC(159) Phase 4: Compact heap
[52.666s][info][gc,phases      ] GC(159) Phase 4: Compact heap 0.694ms
[52.671s][info][gc,heap        ] GC(159) Eden regions: 231->0(32)
[52.671s][info][gc,heap        ] GC(159) Survivor regions: 11->0(41)
[52.671s][info][gc,heap        ] GC(159) Old regions: 16->16
[52.671s][info][gc,heap        ] GC(159) Archive regions: 0->0
[52.672s][info][gc,heap        ] GC(159) Humongous regions: 5->0
[52.672s][info][gc,metaspace   ] GC(159) Metaspace: 8626K(8896K)->8626K(8896K) NonClass: 7473K(7616K)->7473K(7616K) Class: 1153K(1280K)->1153K(1280K)
[52.672s][info][gc             ] GC(159) Pause Full (System.gc()) 497M->3M(108M) 16.802ms
[52.672s][info][gc,cpu         ] GC(159) User=0.03s Sys=0.00s Real=0.02s
[52.719s][info][gc,start       ] GC(160) Pause Young (Normal) (G1 Evacuation Pause)
[52.719s][info][gc,task        ] GC(160) Using 13 workers of 33 for evacuation
[52.720s][info][gc,phases      ] GC(160)   Pre Evacuate Collection Set: 0.1ms
[52.720s][info][gc,phases      ] GC(160)   Merge Heap Roots: 0.1ms
[52.720s][info][gc,phases      ] GC(160)   Evacuate Collection Set: 0.3ms
[52.720s][info][gc,phases      ] GC(160)   Post Evacuate Collection Set: 0.3ms
[52.720s][info][gc,phases      ] GC(160)   Other: 0.1ms
[52.720s][info][gc,heap        ] GC(160) Eden regions: 32->0(30)
[52.720s][info][gc,heap        ] GC(160) Survivor regions: 0->2(4)
[52.720s][info][gc,heap        ] GC(160) Old regions: 16->16
[52.720s][info][gc,heap        ] GC(160) Archive regions: 0->0
[52.720s][info][gc,heap        ] GC(160) Humongous regions: 0->0
[52.720s][info][gc,metaspace   ] GC(160) Metaspace: 8631K(8896K)->8631K(8896K) NonClass: 7478K(7616K)->7478K(7616K) Class: 1153K(1280K)->1153K(1280K)
[52.720s][info][gc             ] GC(160) Pause Young (Normal) (G1 Evacuation Pause) 67M->6M(108M) 1.384ms
[52.720s][info][gc,cpu         ] GC(160) User=0.00s Sys=0.00s Real=0.00s
[52.751s][info][gc,start       ] GC(161) Pause Young (Normal) (G1 Evacuation Pause)
[52.751s][info][gc,task        ] GC(161) Using 7 workers of 33 for evacuation
[52.755s][info][gc,phases      ] GC(161)   Pre Evacuate Collection Set: 0.1ms
[52.756s][info][gc,phases      ] GC(161)   Merge Heap Roots: 0.0ms
[52.756s][info][gc,phases      ] GC(161)   Evacuate Collection Set: 0.7ms
[52.756s][info][gc,phases      ] GC(161)   Post Evacuate Collection Set: 4.0ms
[52.756s][info][gc,phases      ] GC(161)   Other: 0.1ms
[52.756s][info][gc,heap        ] GC(161) Eden regions: 30->0(322)
[52.756s][info][gc,heap        ] GC(161) Survivor regions: 2->1(4)
[52.756s][info][gc,heap        ] GC(161) Old regions: 16->16
[52.756s][info][gc,heap        ] GC(161) Archive regions: 0->0
[52.756s][info][gc,heap        ] GC(161) Humongous regions: 0->0
[52.756s][info][gc,metaspace   ] GC(161) Metaspace: 8631K(8896K)->8631K(8896K) NonClass: 7478K(7616K)->7478K(7616K) Class: 1153K(1280K)->1153K(1280K)
[52.756s][info][gc             ] GC(161) Pause Young (Normal) (G1 Evacuation Pause) 66M->4M(1078M) 5.368ms
[52.756s][info][gc,cpu         ] GC(161) User=0.00s Sys=0.00s Real=0.00s
[53.090s][info][gc,start       ] GC(162) Pause Young (Normal) (G1 Evacuation Pause)
[53.090s][info][gc,task        ] GC(162) Using 25 workers of 33 for evacuation
[53.092s][info][gc,phases      ] GC(162)   Pre Evacuate Collection Set: 0.1ms
[53.092s][info][gc,phases      ] GC(162)   Merge Heap Roots: 0.2ms
[53.092s][info][gc,phases      ] GC(162)   Evacuate Collection Set: 1.1ms
[53.092s][info][gc,phases      ] GC(162)   Post Evacuate Collection Set: 0.6ms
[53.092s][info][gc,phases      ] GC(162)   Other: 0.2ms
[53.092s][info][gc,heap        ] GC(162) Eden regions: 322->0(321)
[53.092s][info][gc,heap        ] GC(162) Survivor regions: 1->2(41)
[53.092s][info][gc,heap        ] GC(162) Old regions: 16->16
[53.092s][info][gc,heap        ] GC(162) Archive regions: 0->0
[53.092s][info][gc,heap        ] GC(162) Humongous regions: 0->0
[53.092s][info][gc,metaspace   ] GC(162) Metaspace: 8631K(8896K)->8631K(8896K) NonClass: 7478K(7616K)->7478K(7616K) Class: 1153K(1280K)->1153K(1280K)
[53.092s][info][gc             ] GC(162) Pause Young (Normal) (G1 Evacuation Pause) 648M->6M(1078M) 2.691ms
[53.092s][info][gc,cpu         ] GC(162) User=0.00s Sys=0.00s Real=0.00s
[53.456s][info][gc,start       ] GC(163) Pause Young (Normal) (G1 Evacuation Pause)
[53.456s][info][gc,task        ] GC(163) Using 25 workers of 33 for evacuation
[53.459s][info][gc,phases      ] GC(163)   Pre Evacuate Collection Set: 0.1ms
[53.459s][info][gc,phases      ] GC(163)   Merge Heap Roots: 0.2ms
[53.459s][info][gc,phases      ] GC(163)   Evacuate Collection Set: 1.7ms
[53.459s][info][gc,phases      ] GC(163)   Post Evacuate Collection Set: 0.6ms
[53.459s][info][gc,phases      ] GC(163)   Other: 0.2ms
[53.459s][info][gc,heap        ] GC(163) Eden regions: 321->0(320)
[53.459s][info][gc,heap        ] GC(163) Survivor regions: 2->3(41)
[53.459s][info][gc,heap        ] GC(163) Old regions: 16->16
[53.459s][info][gc,heap        ] GC(163) Archive regions: 0->0
[53.459s][info][gc,heap        ] GC(163) Humongous regions: 0->0
[53.459s][info][gc,metaspace   ] GC(163) Metaspace: 8631K(8896K)->8631K(8896K) NonClass: 7478K(7616K)->7478K(7616K) Class: 1153K(1280K)->1153K(1280K)
[53.459s][info][gc             ] GC(163) Pause Young (Normal) (G1 Evacuation Pause) 648M->8M(1078M) 3.332ms
[53.459s][info][gc,cpu         ] GC(163) User=0.00s Sys=0.00s Real=0.00s
[53.835s][info][gc,start       ] GC(164) Pause Young (Normal) (G1 Evacuation Pause)
[53.836s][info][gc,task        ] GC(164) Using 25 workers of 33 for evacuation
[53.839s][info][gc,phases      ] GC(164)   Pre Evacuate Collection Set: 0.1ms
[53.839s][info][gc,phases      ] GC(164)   Merge Heap Roots: 0.2ms
[53.839s][info][gc,phases      ] GC(164)   Evacuate Collection Set: 2.1ms
[53.839s][info][gc,phases      ] GC(164)   Post Evacuate Collection Set: 0.6ms
[53.839s][info][gc,phases      ] GC(164)   Other: 0.2ms
[53.839s][info][gc,heap        ] GC(164) Eden regions: 320->0(319)
[53.839s][info][gc,heap        ] GC(164) Survivor regions: 3->4(41)
[53.839s][info][gc,heap        ] GC(164) Old regions: 16->16
[53.839s][info][gc,heap        ] GC(164) Archive regions: 0->0
[53.839s][info][gc,heap        ] GC(164) Humongous regions: 0->0
[53.839s][info][gc,metaspace   ] GC(164) Metaspace: 8631K(8896K)->8631K(8896K) NonClass: 7478K(7616K)->7478K(7616K) Class: 1153K(1280K)->1153K(1280K)
[53.839s][info][gc             ] GC(164) Pause Young (Normal) (G1 Evacuation Pause) 648M->10M(1078M) 3.817ms
[53.839s][info][gc,cpu         ] GC(164) User=0.00s Sys=0.00s Real=0.00s
[54.184s][info][gc,start       ] GC(165) Pause Young (Normal) (G1 Evacuation Pause)
[54.185s][info][gc,task        ] GC(165) Using 25 workers of 33 for evacuation
[54.188s][info][gc,phases      ] GC(165)   Pre Evacuate Collection Set: 0.1ms
[54.188s][info][gc,phases      ] GC(165)   Merge Heap Roots: 0.2ms
[54.188s][info][gc,phases      ] GC(165)   Evacuate Collection Set: 2.7ms
[54.188s][info][gc,phases      ] GC(165)   Post Evacuate Collection Set: 0.6ms
[54.188s][info][gc,phases      ] GC(165)   Other: 0.2ms
[54.189s][info][gc,heap        ] GC(165) Eden regions: 319->0(318)
[54.189s][info][gc,heap        ] GC(165) Survivor regions: 4->5(41)
[54.189s][info][gc,heap        ] GC(165) Old regions: 16->16
[54.189s][info][gc,heap        ] GC(165) Archive regions: 0->0
[54.189s][info][gc,heap        ] GC(165) Humongous regions: 0->0
[54.189s][info][gc,metaspace   ] GC(165) Metaspace: 8631K(8896K)->8631K(8896K) NonClass: 7478K(7616K)->7478K(7616K) Class: 1153K(1280K)->1153K(1280K)
[54.189s][info][gc             ] GC(165) Pause Young (Normal) (G1 Evacuation Pause) 648M->13M(1078M) 4.296ms
[54.189s][info][gc,cpu         ] GC(165) User=0.00s Sys=0.00s Real=0.00s
[54.518s][info][gc,start       ] GC(166) Pause Young (Normal) (G1 Evacuation Pause)
[54.518s][info][gc,task        ] GC(166) Using 25 workers of 33 for evacuation
[54.523s][info][gc,phases      ] GC(166)   Pre Evacuate Collection Set: 0.1ms
[54.523s][info][gc,phases      ] GC(166)   Merge Heap Roots: 0.2ms
[54.523s][info][gc,phases      ] GC(166)   Evacuate Collection Set: 3.2ms
[54.523s][info][gc,phases      ] GC(166)   Post Evacuate Collection Set: 0.6ms
[54.523s][info][gc,phases      ] GC(166)   Other: 0.2ms
[54.523s][info][gc,heap        ] GC(166) Eden regions: 318->0(316)
[54.523s][info][gc,heap        ] GC(166) Survivor regions: 5->7(41)
[54.523s][info][gc,heap        ] GC(166) Old regions: 16->16
[54.523s][info][gc,heap        ] GC(166) Archive regions: 0->0
[54.523s][info][gc,heap        ] GC(166) Humongous regions: 0->0
[54.523s][info][gc,metaspace   ] GC(166) Metaspace: 8631K(8896K)->8631K(8896K) NonClass: 7478K(7616K)->7478K(7616K) Class: 1153K(1280K)->1153K(1280K)
[54.523s][info][gc             ] GC(166) Pause Young (Normal) (G1 Evacuation Pause) 649M->15M(1078M) 4.765ms
[54.523s][info][gc,cpu         ] GC(166) User=0.39s Sys=0.00s Real=0.02s
[54.906s][info][gc,start       ] GC(167) Pause Young (Normal) (G1 Evacuation Pause)
[54.906s][info][gc,task        ] GC(167) Using 25 workers of 33 for evacuation
[54.911s][info][gc,phases      ] GC(167)   Pre Evacuate Collection Set: 0.1ms
[54.911s][info][gc,phases      ] GC(167)   Merge Heap Roots: 0.2ms
[54.911s][info][gc,phases      ] GC(167)   Evacuate Collection Set: 4.0ms
[54.911s][info][gc,phases      ] GC(167)   Post Evacuate Collection Set: 0.6ms
[54.911s][info][gc,phases      ] GC(167)   Other: 0.2ms
[54.911s][info][gc,heap        ] GC(167) Eden regions: 316->0(315)
[54.911s][info][gc,heap        ] GC(167) Survivor regions: 7->8(41)
[54.911s][info][gc,heap        ] GC(167) Old regions: 16->16
[54.911s][info][gc,heap        ] GC(167) Archive regions: 0->0
[54.911s][info][gc,heap        ] GC(167) Humongous regions: 0->0
[54.911s][info][gc,metaspace   ] GC(167) Metaspace: 8631K(8896K)->8631K(8896K) NonClass: 7478K(7616K)->7478K(7616K) Class: 1153K(1280K)->1153K(1280K)
[54.912s][info][gc             ] GC(167) Pause Young (Normal) (G1 Evacuation Pause) 647M->18M(1078M) 5.692ms
[54.912s][info][gc,cpu         ] GC(167) User=0.00s Sys=0.00s Real=0.00s
[55.293s][info][gc,start       ] GC(168) Pause Young (Normal) (G1 Evacuation Pause)
[55.294s][info][gc,task        ] GC(168) Using 25 workers of 33 for evacuation
[55.299s][info][gc,phases      ] GC(168)   Pre Evacuate Collection Set: 0.1ms
[55.299s][info][gc,phases      ] GC(168)   Merge Heap Roots: 0.2ms
[55.299s][info][gc,phases      ] GC(168)   Evacuate Collection Set: 4.0ms
[55.299s][info][gc,phases      ] GC(168)   Post Evacuate Collection Set: 0.6ms
[55.299s][info][gc,phases      ] GC(168)   Other: 0.2ms
[55.299s][info][gc,heap        ] GC(168) Eden regions: 315->0(314)
[55.299s][info][gc,heap        ] GC(168) Survivor regions: 8->9(41)
[55.299s][info][gc,heap        ] GC(168) Old regions: 16->16
[55.299s][info][gc,heap        ] GC(168) Archive regions: 0->0
[55.299s][info][gc,heap        ] GC(168) Humongous regions: 0->0
[55.299s][info][gc,metaspace   ] GC(168) Metaspace: 8631K(8896K)->8631K(8896K) NonClass: 7478K(7616K)->7478K(7616K) Class: 1153K(1280K)->1153K(1280K)
[55.299s][info][gc             ] GC(168) Pause Young (Normal) (G1 Evacuation Pause) 648M->20M(1078M) 5.611ms
[55.299s][info][gc,cpu         ] GC(168) User=0.00s Sys=0.00s Real=0.01s
[55.653s][info][gc,start       ] GC(169) Pause Young (Normal) (G1 Evacuation Pause)
[55.653s][info][gc,task        ] GC(169) Using 25 workers of 33 for evacuation
[55.659s][info][gc,phases      ] GC(169)   Pre Evacuate Collection Set: 0.1ms
[55.659s][info][gc,phases      ] GC(169)   Merge Heap Roots: 0.2ms
[55.659s][info][gc,phases      ] GC(169)   Evacuate Collection Set: 4.3ms
[55.659s][info][gc,phases      ] GC(169)   Post Evacuate Collection Set: 0.6ms
[55.659s][info][gc,phases      ] GC(169)   Other: 0.2ms
[55.659s][info][gc,heap        ] GC(169) Eden regions: 314->0(313)
[55.659s][info][gc,heap        ] GC(169) Survivor regions: 9->10(41)
[55.659s][info][gc,heap        ] GC(169) Old regions: 16->16
[55.659s][info][gc,heap        ] GC(169) Archive regions: 0->0
[55.659s][info][gc,heap        ] GC(169) Humongous regions: 0->0
[55.659s][info][gc,metaspace   ] GC(169) Metaspace: 8631K(8896K)->8631K(8896K) NonClass: 7478K(7616K)->7478K(7616K) Class: 1153K(1280K)->1153K(1280K)
[55.659s][info][gc             ] GC(169) Pause Young (Normal) (G1 Evacuation Pause) 648M->23M(1078M) 6.044ms
[55.659s][info][gc,cpu         ] GC(169) User=0.00s Sys=0.00s Real=0.01s
[56.006s][info][gc,start       ] GC(170) Pause Young (Normal) (G1 Evacuation Pause)
[56.006s][info][gc,task        ] GC(170) Using 25 workers of 33 for evacuation
[56.011s][info][gc,phases      ] GC(170)   Pre Evacuate Collection Set: 0.1ms
[56.011s][info][gc,phases      ] GC(170)   Merge Heap Roots: 0.2ms
[56.011s][info][gc,phases      ] GC(170)   Evacuate Collection Set: 4.2ms
[56.011s][info][gc,phases      ] GC(170)   Post Evacuate Collection Set: 0.5ms
[56.011s][info][gc,phases      ] GC(170)   Other: 0.1ms
[56.011s][info][gc,heap        ] GC(170) Eden regions: 313->0(311)
[56.011s][info][gc,heap        ] GC(170) Survivor regions: 10->12(41)
[56.011s][info][gc,heap        ] GC(170) Old regions: 16->16
[56.011s][info][gc,heap        ] GC(170) Archive regions: 0->0
[56.011s][info][gc,heap        ] GC(170) Humongous regions: 0->0
[56.011s][info][gc,metaspace   ] GC(170) Metaspace: 8631K(8896K)->8631K(8896K) NonClass: 7478K(7616K)->7478K(7616K) Class: 1153K(1280K)->1153K(1280K)
[56.011s][info][gc             ] GC(170) Pause Young (Normal) (G1 Evacuation Pause) 649M->26M(1078M) 5.371ms
[56.011s][info][gc,cpu         ] GC(170) User=0.39s Sys=0.00s Real=0.01s
[56.651s][info][gc,start       ] GC(171) Pause Full (System.gc())
[56.651s][info][gc,task        ] GC(171) Using 25 workers of 33 for full compaction
[56.652s][info][gc,phases,start] GC(171) Phase 1: Mark live objects
[56.657s][info][gc,phases      ] GC(171) Phase 1: Mark live objects 5.519ms
[56.657s][info][gc,phases,start] GC(171) Phase 2: Prepare compaction
[56.658s][info][gc,phases      ] GC(171) Phase 2: Prepare compaction 0.963ms
[56.658s][info][gc,phases,start] GC(171) Phase 3: Adjust pointers
[56.661s][info][gc,phases      ] GC(171) Phase 3: Adjust pointers 2.881ms
[56.661s][info][gc,phases,start] GC(171) Phase 4: Compact heap
[56.662s][info][gc,phases      ] GC(171) Phase 4: Compact heap 1.086ms
[56.668s][info][gc,heap        ] GC(171) Eden regions: 231->0(32)
[56.668s][info][gc,heap        ] GC(171) Survivor regions: 12->0(41)
[56.668s][info][gc,heap        ] GC(171) Old regions: 16->16
[56.668s][info][gc,heap        ] GC(171) Archive regions: 0->0
[56.668s][info][gc,heap        ] GC(171) Humongous regions: 5->0
[56.668s][info][gc,metaspace   ] GC(171) Metaspace: 8631K(8896K)->8631K(8896K) NonClass: 7478K(7616K)->7478K(7616K) Class: 1153K(1280K)->1153K(1280K)
[56.669s][info][gc             ] GC(171) Pause Full (System.gc()) 498M->3M(108M) 17.936ms
[56.669s][info][gc,cpu         ] GC(171) User=0.00s Sys=0.02s Real=0.02s
[56.722s][info][gc,start       ] GC(172) Pause Young (Normal) (G1 Evacuation Pause)
[56.722s][info][gc,task        ] GC(172) Using 13 workers of 33 for evacuation
[56.723s][info][gc,phases      ] GC(172)   Pre Evacuate Collection Set: 0.1ms
[56.723s][info][gc,phases      ] GC(172)   Merge Heap Roots: 0.1ms
[56.723s][info][gc,phases      ] GC(172)   Evacuate Collection Set: 0.3ms
[56.723s][info][gc,phases      ] GC(172)   Post Evacuate Collection Set: 0.3ms
[56.723s][info][gc,phases      ] GC(172)   Other: 0.1ms
[56.723s][info][gc,heap        ] GC(172) Eden regions: 32->0(30)
[56.723s][info][gc,heap        ] GC(172) Survivor regions: 0->2(4)
[56.723s][info][gc,heap        ] GC(172) Old regions: 16->16
[56.723s][info][gc,heap        ] GC(172) Archive regions: 0->0
[56.723s][info][gc,heap        ] GC(172) Humongous regions: 0->0
[56.723s][info][gc,metaspace   ] GC(172) Metaspace: 8631K(8896K)->8631K(8896K) NonClass: 7478K(7616K)->7478K(7616K) Class: 1153K(1280K)->1153K(1280K)
[56.723s][info][gc             ] GC(172) Pause Young (Normal) (G1 Evacuation Pause) 67M->6M(108M) 1.383ms
[56.723s][info][gc,cpu         ] GC(172) User=0.00s Sys=0.00s Real=0.00s
[56.757s][info][gc,start       ] GC(173) Pause Young (Normal) (G1 Evacuation Pause)
[56.757s][info][gc,task        ] GC(173) Using 7 workers of 33 for evacuation
[56.762s][info][gc,phases      ] GC(173)   Pre Evacuate Collection Set: 0.1ms
[56.762s][info][gc,phases      ] GC(173)   Merge Heap Roots: 0.1ms
[56.762s][info][gc,phases      ] GC(173)   Evacuate Collection Set: 0.5ms
[56.762s][info][gc,phases      ] GC(173)   Post Evacuate Collection Set: 4.1ms
[56.762s][info][gc,phases      ] GC(173)   Other: 0.1ms
[56.762s][info][gc,heap        ] GC(173) Eden regions: 30->0(322)
[56.762s][info][gc,heap        ] GC(173) Survivor regions: 2->1(4)
[56.762s][info][gc,heap        ] GC(173) Old regions: 16->16
[56.762s][info][gc,heap        ] GC(173) Archive regions: 0->0
[56.762s][info][gc,heap        ] GC(173) Humongous regions: 0->0
[56.762s][info][gc,metaspace   ] GC(173) Metaspace: 8631K(8896K)->8631K(8896K) NonClass: 7478K(7616K)->7478K(7616K) Class: 1153K(1280K)->1153K(1280K)
[56.762s][info][gc             ] GC(173) Pause Young (Normal) (G1 Evacuation Pause) 66M->4M(1078M) 5.298ms
[56.762s][info][gc,cpu         ] GC(173) User=0.02s Sys=0.00s Real=0.01s
[57.100s][info][gc,start       ] GC(174) Pause Young (Normal) (G1 Evacuation Pause)
[57.100s][info][gc,task        ] GC(174) Using 25 workers of 33 for evacuation
[57.103s][info][gc,phases      ] GC(174)   Pre Evacuate Collection Set: 0.2ms
[57.103s][info][gc,phases      ] GC(174)   Merge Heap Roots: 0.2ms
[57.103s][info][gc,phases      ] GC(174)   Evacuate Collection Set: 1.2ms
[57.103s][info][gc,phases      ] GC(174)   Post Evacuate Collection Set: 0.6ms
[57.103s][info][gc,phases      ] GC(174)   Other: 0.2ms
[57.103s][info][gc,heap        ] GC(174) Eden regions: 322->0(321)
[57.103s][info][gc,heap        ] GC(174) Survivor regions: 1->2(41)
[57.103s][info][gc,heap        ] GC(174) Old regions: 16->16
[57.103s][info][gc,heap        ] GC(174) Archive regions: 0->0
[57.103s][info][gc,heap        ] GC(174) Humongous regions: 0->0
[57.103s][info][gc,metaspace   ] GC(174) Metaspace: 8631K(8896K)->8631K(8896K) NonClass: 7478K(7616K)->7478K(7616K) Class: 1153K(1280K)->1153K(1280K)
[57.103s][info][gc             ] GC(174) Pause Young (Normal) (G1 Evacuation Pause) 648M->6M(1078M) 2.744ms
[57.103s][info][gc,cpu         ] GC(174) User=0.03s Sys=0.00s Real=0.02s
[57.451s][info][gc,start       ] GC(175) Pause Young (Normal) (G1 Evacuation Pause)
[57.451s][info][gc,task        ] GC(175) Using 25 workers of 33 for evacuation
[57.453s][info][gc,phases      ] GC(175)   Pre Evacuate Collection Set: 0.1ms
[57.454s][info][gc,phases      ] GC(175)   Merge Heap Roots: 0.2ms
[57.454s][info][gc,phases      ] GC(175)   Evacuate Collection Set: 1.7ms
[57.454s][info][gc,phases      ] GC(175)   Post Evacuate Collection Set: 0.6ms
[57.454s][info][gc,phases      ] GC(175)   Other: 0.2ms
[57.454s][info][gc,heap        ] GC(175) Eden regions: 321->0(320)
[57.454s][info][gc,heap        ] GC(175) Survivor regions: 2->3(41)
[57.454s][info][gc,heap        ] GC(175) Old regions: 16->16
[57.454s][info][gc,heap        ] GC(175) Archive regions: 0->0
[57.454s][info][gc,heap        ] GC(175) Humongous regions: 0->0
[57.454s][info][gc,metaspace   ] GC(175) Metaspace: 8631K(8896K)->8631K(8896K) NonClass: 7478K(7616K)->7478K(7616K) Class: 1153K(1280K)->1153K(1280K)
[57.454s][info][gc             ] GC(175) Pause Young (Normal) (G1 Evacuation Pause) 648M->8M(1078M) 3.312ms
[57.454s][info][gc,cpu         ] GC(175) User=0.00s Sys=0.00s Real=0.00s
[57.804s][info][gc,start       ] GC(176) Pause Young (Normal) (G1 Evacuation Pause)
[57.804s][info][gc,task        ] GC(176) Using 25 workers of 33 for evacuation
[57.807s][info][gc,phases      ] GC(176)   Pre Evacuate Collection Set: 0.1ms
[57.807s][info][gc,phases      ] GC(176)   Merge Heap Roots: 0.2ms
[57.807s][info][gc,phases      ] GC(176)   Evacuate Collection Set: 2.1ms
[57.807s][info][gc,phases      ] GC(176)   Post Evacuate Collection Set: 0.6ms
[57.807s][info][gc,phases      ] GC(176)   Other: 0.2ms
[57.807s][info][gc,heap        ] GC(176) Eden regions: 320->0(319)
[57.807s][info][gc,heap        ] GC(176) Survivor regions: 3->4(41)
[57.807s][info][gc,heap        ] GC(176) Old regions: 16->16
[57.807s][info][gc,heap        ] GC(176) Archive regions: 0->0
[57.807s][info][gc,heap        ] GC(176) Humongous regions: 0->0
[57.807s][info][gc,metaspace   ] GC(176) Metaspace: 8631K(8896K)->8631K(8896K) NonClass: 7478K(7616K)->7478K(7616K) Class: 1153K(1280K)->1153K(1280K)
[57.808s][info][gc             ] GC(176) Pause Young (Normal) (G1 Evacuation Pause) 648M->11M(1078M) 3.722ms
[57.808s][info][gc,cpu         ] GC(176) User=0.39s Sys=0.00s Real=0.00s
[58.170s][info][gc,start       ] GC(177) Pause Young (Normal) (G1 Evacuation Pause)
[58.170s][info][gc,task        ] GC(177) Using 25 workers of 33 for evacuation
[58.174s][info][gc,phases      ] GC(177)   Pre Evacuate Collection Set: 0.1ms
[58.174s][info][gc,phases      ] GC(177)   Merge Heap Roots: 0.2ms
[58.174s][info][gc,phases      ] GC(177)   Evacuate Collection Set: 2.8ms
[58.174s][info][gc,phases      ] GC(177)   Post Evacuate Collection Set: 0.6ms
[58.174s][info][gc,phases      ] GC(177)   Other: 0.2ms
[58.174s][info][gc,heap        ] GC(177) Eden regions: 319->0(318)
[58.174s][info][gc,heap        ] GC(177) Survivor regions: 4->5(41)
[58.174s][info][gc,heap        ] GC(177) Old regions: 16->16
[58.174s][info][gc,heap        ] GC(177) Archive regions: 0->0
[58.174s][info][gc,heap        ] GC(177) Humongous regions: 0->0
[58.174s][info][gc,metaspace   ] GC(177) Metaspace: 8631K(8896K)->8631K(8896K) NonClass: 7478K(7616K)->7478K(7616K) Class: 1153K(1280K)->1153K(1280K)
[58.174s][info][gc             ] GC(177) Pause Young (Normal) (G1 Evacuation Pause) 649M->13M(1078M) 4.426ms
[58.174s][info][gc,cpu         ] GC(177) User=0.00s Sys=0.00s Real=0.00s
[58.524s][info][gc,start       ] GC(178) Pause Young (Normal) (G1 Evacuation Pause)
[58.524s][info][gc,task        ] GC(178) Using 25 workers of 33 for evacuation
[58.528s][info][gc,phases      ] GC(178)   Pre Evacuate Collection Set: 0.1ms
[58.528s][info][gc,phases      ] GC(178)   Merge Heap Roots: 0.2ms
[58.528s][info][gc,phases      ] GC(178)   Evacuate Collection Set: 3.2ms
[58.528s][info][gc,phases      ] GC(178)   Post Evacuate Collection Set: 0.6ms
[58.528s][info][gc,phases      ] GC(178)   Other: 0.2ms
[58.528s][info][gc,heap        ] GC(178) Eden regions: 318->0(316)
[58.528s][info][gc,heap        ] GC(178) Survivor regions: 5->7(41)
[58.529s][info][gc,heap        ] GC(178) Old regions: 16->16
[58.529s][info][gc,heap        ] GC(178) Archive regions: 0->0
[58.529s][info][gc,heap        ] GC(178) Humongous regions: 0->0
[58.529s][info][gc,metaspace   ] GC(178) Metaspace: 8631K(8896K)->8631K(8896K) NonClass: 7478K(7616K)->7478K(7616K) Class: 1153K(1280K)->1153K(1280K)
[58.529s][info][gc             ] GC(178) Pause Young (Normal) (G1 Evacuation Pause) 649M->15M(1078M) 4.791ms
[58.529s][info][gc,cpu         ] GC(178) User=0.00s Sys=0.02s Real=0.01s
[58.908s][info][gc,start       ] GC(179) Pause Young (Normal) (G1 Evacuation Pause)
[58.908s][info][gc,task        ] GC(179) Using 25 workers of 33 for evacuation
[58.914s][info][gc,phases      ] GC(179)   Pre Evacuate Collection Set: 0.1ms
[58.914s][info][gc,phases      ] GC(179)   Merge Heap Roots: 0.2ms
[58.914s][info][gc,phases      ] GC(179)   Evacuate Collection Set: 4.1ms
[58.914s][info][gc,phases      ] GC(179)   Post Evacuate Collection Set: 0.6ms
[58.914s][info][gc,phases      ] GC(179)   Other: 0.2ms
[58.914s][info][gc,heap        ] GC(179) Eden regions: 316->0(315)
[58.914s][info][gc,heap        ] GC(179) Survivor regions: 7->8(41)
[58.914s][info][gc,heap        ] GC(179) Old regions: 16->16
[58.914s][info][gc,heap        ] GC(179) Archive regions: 0->0
[58.914s][info][gc,heap        ] GC(179) Humongous regions: 0->0
[58.914s][info][gc,metaspace   ] GC(179) Metaspace: 8634K(8896K)->8634K(8896K) NonClass: 7481K(7616K)->7481K(7616K) Class: 1153K(1280K)->1153K(1280K)
[58.914s][info][gc             ] GC(179) Pause Young (Normal) (G1 Evacuation Pause) 647M->18M(1078M) 5.689ms
[58.914s][info][gc,cpu         ] GC(179) User=0.00s Sys=0.00s Real=0.01s
[59.250s][info][gc,start       ] GC(180) Pause Young (Normal) (G1 Evacuation Pause)
[59.250s][info][gc,task        ] GC(180) Using 25 workers of 33 for evacuation
[59.255s][info][gc,phases      ] GC(180)   Pre Evacuate Collection Set: 0.1ms
[59.255s][info][gc,phases      ] GC(180)   Merge Heap Roots: 0.2ms
[59.255s][info][gc,phases      ] GC(180)   Evacuate Collection Set: 4.0ms
[59.256s][info][gc,phases      ] GC(180)   Post Evacuate Collection Set: 0.6ms
[59.256s][info][gc,phases      ] GC(180)   Other: 0.2ms
[59.256s][info][gc,heap        ] GC(180) Eden regions: 315->0(314)
[59.256s][info][gc,heap        ] GC(180) Survivor regions: 8->9(41)
[59.256s][info][gc,heap        ] GC(180) Old regions: 16->16
[59.256s][info][gc,heap        ] GC(180) Archive regions: 0->0
[59.256s][info][gc,heap        ] GC(180) Humongous regions: 0->0
[59.256s][info][gc,metaspace   ] GC(180) Metaspace: 8634K(8896K)->8634K(8896K) NonClass: 7481K(7616K)->7481K(7616K) Class: 1153K(1280K)->1153K(1280K)
[59.256s][info][gc             ] GC(180) Pause Young (Normal) (G1 Evacuation Pause) 648M->20M(1078M) 5.647ms
[59.256s][info][gc,cpu         ] GC(180) User=0.00s Sys=0.00s Real=0.01s
[59.613s][info][gc,start       ] GC(181) Pause Young (Normal) (G1 Evacuation Pause)
[59.613s][info][gc,task        ] GC(181) Using 25 workers of 33 for evacuation
[59.619s][info][gc,phases      ] GC(181)   Pre Evacuate Collection Set: 0.1ms
[59.619s][info][gc,phases      ] GC(181)   Merge Heap Roots: 0.2ms
[59.619s][info][gc,phases      ] GC(181)   Evacuate Collection Set: 4.7ms
[59.619s][info][gc,phases      ] GC(181)   Post Evacuate Collection Set: 0.6ms
[59.619s][info][gc,phases      ] GC(181)   Other: 0.2ms
[59.619s][info][gc,heap        ] GC(181) Eden regions: 314->0(313)
[59.619s][info][gc,heap        ] GC(181) Survivor regions: 9->10(41)
[59.619s][info][gc,heap        ] GC(181) Old regions: 16->16
[59.619s][info][gc,heap        ] GC(181) Archive regions: 0->0
[59.619s][info][gc,heap        ] GC(181) Humongous regions: 0->0
[59.619s][info][gc,metaspace   ] GC(181) Metaspace: 8634K(8896K)->8634K(8896K) NonClass: 7481K(7616K)->7481K(7616K) Class: 1153K(1280K)->1153K(1280K)
[59.619s][info][gc             ] GC(181) Pause Young (Normal) (G1 Evacuation Pause) 648M->22M(1078M) 6.260ms
[59.619s][info][gc,cpu         ] GC(181) User=0.03s Sys=0.00s Real=0.01s
[59.970s][info][gc,start       ] GC(182) Pause Young (Normal) (G1 Evacuation Pause)
[59.970s][info][gc,task        ] GC(182) Using 25 workers of 33 for evacuation
[59.976s][info][gc,phases      ] GC(182)   Pre Evacuate Collection Set: 0.1ms
[59.976s][info][gc,phases      ] GC(182)   Merge Heap Roots: 0.2ms
[59.976s][info][gc,phases      ] GC(182)   Evacuate Collection Set: 4.8ms
[59.976s][info][gc,phases      ] GC(182)   Post Evacuate Collection Set: 0.6ms
[59.976s][info][gc,phases      ] GC(182)   Other: 0.2ms
[59.976s][info][gc,heap        ] GC(182) Eden regions: 313->0(312)
[59.976s][info][gc,heap        ] GC(182) Survivor regions: 10->11(41)
[59.976s][info][gc,heap        ] GC(182) Old regions: 16->16
[59.976s][info][gc,heap        ] GC(182) Archive regions: 0->0
[59.976s][info][gc,heap        ] GC(182) Humongous regions: 0->0
[59.976s][info][gc,metaspace   ] GC(182) Metaspace: 8634K(8896K)->8634K(8896K) NonClass: 7481K(7616K)->7481K(7616K) Class: 1153K(1280K)->1153K(1280K)
[59.976s][info][gc             ] GC(182) Pause Young (Normal) (G1 Evacuation Pause) 648M->24M(1078M) 6.396ms
[59.976s][info][gc,cpu         ] GC(182) User=0.00s Sys=0.00s Real=0.01s
[60.658s][info][gc,start       ] GC(183) Pause Full (System.gc())
[60.658s][info][gc,task        ] GC(183) Using 25 workers of 33 for full compaction
[60.659s][info][gc,phases,start] GC(183) Phase 1: Mark live objects
[60.664s][info][gc,phases      ] GC(183) Phase 1: Mark live objects 4.569ms
[60.664s][info][gc,phases,start] GC(183) Phase 2: Prepare compaction
[60.666s][info][gc,phases      ] GC(183) Phase 2: Prepare compaction 1.536ms
[60.666s][info][gc,phases,start] GC(183) Phase 3: Adjust pointers
[60.668s][info][gc,phases      ] GC(183) Phase 3: Adjust pointers 2.817ms
[60.668s][info][gc,phases,start] GC(183) Phase 4: Compact heap
[60.669s][info][gc,phases      ] GC(183) Phase 4: Compact heap 1.008ms
[60.675s][info][gc,heap        ] GC(183) Eden regions: 231->0(32)
[60.675s][info][gc,heap        ] GC(183) Survivor regions: 11->0(41)
[60.675s][info][gc,heap        ] GC(183) Old regions: 16->16
[60.675s][info][gc,heap        ] GC(183) Archive regions: 0->0
[60.675s][info][gc,heap        ] GC(183) Humongous regions: 5->0
[60.675s][info][gc,metaspace   ] GC(183) Metaspace: 8634K(8896K)->8634K(8896K) NonClass: 7481K(7616K)->7481K(7616K) Class: 1153K(1280K)->1153K(1280K)
[60.675s][info][gc             ] GC(183) Pause Full (System.gc()) 496M->3M(108M) 17.062ms
[60.675s][info][gc,cpu         ] GC(183) User=0.39s Sys=0.00s Real=0.02s
[60.725s][info][gc,start       ] GC(184) Pause Young (Normal) (G1 Evacuation Pause)
[60.726s][info][gc,task        ] GC(184) Using 13 workers of 33 for evacuation
[60.726s][info][gc,phases      ] GC(184)   Pre Evacuate Collection Set: 0.1ms
[60.727s][info][gc,phases      ] GC(184)   Merge Heap Roots: 0.1ms
[60.727s][info][gc,phases      ] GC(184)   Evacuate Collection Set: 0.3ms
[60.727s][info][gc,phases      ] GC(184)   Post Evacuate Collection Set: 0.3ms
[60.727s][info][gc,phases      ] GC(184)   Other: 0.1ms
[60.727s][info][gc,heap        ] GC(184) Eden regions: 32->0(30)
[60.727s][info][gc,heap        ] GC(184) Survivor regions: 0->2(4)
[60.727s][info][gc,heap        ] GC(184) Old regions: 16->16
[60.727s][info][gc,heap        ] GC(184) Archive regions: 0->0
[60.727s][info][gc,heap        ] GC(184) Humongous regions: 0->0
[60.727s][info][gc,metaspace   ] GC(184) Metaspace: 8642K(8896K)->8642K(8896K) NonClass: 7489K(7616K)->7489K(7616K) Class: 1153K(1280K)->1153K(1280K)
[60.727s][info][gc             ] GC(184) Pause Young (Normal) (G1 Evacuation Pause) 67M->6M(108M) 1.449ms
[60.727s][info][gc,cpu         ] GC(184) User=0.00s Sys=0.00s Real=0.00s
[60.758s][info][gc,start       ] GC(185) Pause Young (Normal) (G1 Evacuation Pause)
[60.758s][info][gc,task        ] GC(185) Using 7 workers of 33 for evacuation
[60.763s][info][gc,phases      ] GC(185)   Pre Evacuate Collection Set: 0.1ms
[60.763s][info][gc,phases      ] GC(185)   Merge Heap Roots: 0.0ms
[60.763s][info][gc,phases      ] GC(185)   Evacuate Collection Set: 0.4ms
[60.763s][info][gc,phases      ] GC(185)   Post Evacuate Collection Set: 4.1ms
[60.763s][info][gc,phases      ] GC(185)   Other: 0.1ms
[60.763s][info][gc,heap        ] GC(185) Eden regions: 30->0(322)
[60.763s][info][gc,heap        ] GC(185) Survivor regions: 2->1(4)
[60.763s][info][gc,heap        ] GC(185) Old regions: 16->16
[60.763s][info][gc,heap        ] GC(185) Archive regions: 0->0
[60.763s][info][gc,heap        ] GC(185) Humongous regions: 0->0
[60.763s][info][gc,metaspace   ] GC(185) Metaspace: 8642K(8896K)->8642K(8896K) NonClass: 7489K(7616K)->7489K(7616K) Class: 1153K(1280K)->1153K(1280K)
[60.763s][info][gc             ] GC(185) Pause Young (Normal) (G1 Evacuation Pause) 66M->4M(1078M) 5.263ms
[60.763s][info][gc,cpu         ] GC(185) User=0.02s Sys=0.00s Real=0.00s
[61.130s][info][gc,start       ] GC(186) Pause Young (Normal) (G1 Evacuation Pause)
[61.130s][info][gc,task        ] GC(186) Using 25 workers of 33 for evacuation
[61.132s][info][gc,phases      ] GC(186)   Pre Evacuate Collection Set: 0.1ms
[61.132s][info][gc,phases      ] GC(186)   Merge Heap Roots: 0.2ms
[61.132s][info][gc,phases      ] GC(186)   Evacuate Collection Set: 1.1ms
[61.132s][info][gc,phases      ] GC(186)   Post Evacuate Collection Set: 0.6ms
[61.132s][info][gc,phases      ] GC(186)   Other: 0.2ms
[61.132s][info][gc,heap        ] GC(186) Eden regions: 322->0(321)
[61.132s][info][gc,heap        ] GC(186) Survivor regions: 1->2(41)
[61.132s][info][gc,heap        ] GC(186) Old regions: 16->16
[61.132s][info][gc,heap        ] GC(186) Archive regions: 0->0
[61.132s][info][gc,heap        ] GC(186) Humongous regions: 0->0
[61.132s][info][gc,metaspace   ] GC(186) Metaspace: 8642K(8896K)->8642K(8896K) NonClass: 7489K(7616K)->7489K(7616K) Class: 1153K(1280K)->1153K(1280K)
[61.132s][info][gc             ] GC(186) Pause Young (Normal) (G1 Evacuation Pause) 648M->6M(1078M) 2.703ms
[61.132s][info][gc,cpu         ] GC(186) User=0.00s Sys=0.00s Real=0.00s
[61.525s][info][gc,start       ] GC(187) Pause Young (Normal) (G1 Evacuation Pause)
[61.525s][info][gc,task        ] GC(187) Using 25 workers of 33 for evacuation
[61.527s][info][gc,phases      ] GC(187)   Pre Evacuate Collection Set: 0.1ms
[61.527s][info][gc,phases      ] GC(187)   Merge Heap Roots: 0.2ms
[61.527s][info][gc,phases      ] GC(187)   Evacuate Collection Set: 1.7ms
[61.527s][info][gc,phases      ] GC(187)   Post Evacuate Collection Set: 0.5ms
[61.527s][info][gc,phases      ] GC(187)   Other: 0.1ms
[61.527s][info][gc,heap        ] GC(187) Eden regions: 321->0(320)
[61.527s][info][gc,heap        ] GC(187) Survivor regions: 2->3(41)
[61.527s][info][gc,heap        ] GC(187) Old regions: 16->16
[61.527s][info][gc,heap        ] GC(187) Archive regions: 0->0
[61.527s][info][gc,heap        ] GC(187) Humongous regions: 0->0
[61.527s][info][gc,metaspace   ] GC(187) Metaspace: 8642K(8896K)->8642K(8896K) NonClass: 7489K(7616K)->7489K(7616K) Class: 1153K(1280K)->1153K(1280K)
[61.528s][info][gc             ] GC(187) Pause Young (Normal) (G1 Evacuation Pause) 648M->8M(1078M) 3.018ms
[61.528s][info][gc,cpu         ] GC(187) User=0.39s Sys=0.00s Real=0.00s
[61.894s][info][gc,start       ] GC(188) Pause Young (Normal) (G1 Evacuation Pause)
[61.894s][info][gc,task        ] GC(188) Using 25 workers of 33 for evacuation
[61.897s][info][gc,phases      ] GC(188)   Pre Evacuate Collection Set: 0.1ms
[61.897s][info][gc,phases      ] GC(188)   Merge Heap Roots: 0.2ms
[61.897s][info][gc,phases      ] GC(188)   Evacuate Collection Set: 1.8ms
[61.897s][info][gc,phases      ] GC(188)   Post Evacuate Collection Set: 0.6ms
[61.897s][info][gc,phases      ] GC(188)   Other: 0.2ms
[61.897s][info][gc,heap        ] GC(188) Eden regions: 320->0(319)
[61.897s][info][gc,heap        ] GC(188) Survivor regions: 3->4(41)
[61.898s][info][gc,heap        ] GC(188) Old regions: 16->16
[61.898s][info][gc,heap        ] GC(188) Archive regions: 0->0
[61.898s][info][gc,heap        ] GC(188) Humongous regions: 0->0
[61.898s][info][gc,metaspace   ] GC(188) Metaspace: 8642K(8896K)->8642K(8896K) NonClass: 7489K(7616K)->7489K(7616K) Class: 1153K(1280K)->1153K(1280K)
[61.898s][info][gc             ] GC(188) Pause Young (Normal) (G1 Evacuation Pause) 648M->11M(1078M) 3.493ms
[61.898s][info][gc,cpu         ] GC(188) User=0.00s Sys=0.00s Real=0.00s
[62.293s][info][gc,start       ] GC(189) Pause Young (Normal) (G1 Evacuation Pause)
[62.293s][info][gc,task        ] GC(189) Using 25 workers of 33 for evacuation
[62.296s][info][gc,phases      ] GC(189)   Pre Evacuate Collection Set: 0.1ms
[62.296s][info][gc,phases      ] GC(189)   Merge Heap Roots: 0.2ms
[62.296s][info][gc,phases      ] GC(189)   Evacuate Collection Set: 2.5ms
[62.297s][info][gc,phases      ] GC(189)   Post Evacuate Collection Set: 0.6ms
[62.297s][info][gc,phases      ] GC(189)   Other: 0.2ms
[62.297s][info][gc,heap        ] GC(189) Eden regions: 319->0(317)
[62.297s][info][gc,heap        ] GC(189) Survivor regions: 4->6(41)
[62.297s][info][gc,heap        ] GC(189) Old regions: 16->16
[62.297s][info][gc,heap        ] GC(189) Archive regions: 0->0
[62.297s][info][gc,heap        ] GC(189) Humongous regions: 0->0
[62.297s][info][gc,metaspace   ] GC(189) Metaspace: 8642K(8896K)->8642K(8896K) NonClass: 7489K(7616K)->7489K(7616K) Class: 1153K(1280K)->1153K(1280K)
[62.297s][info][gc             ] GC(189) Pause Young (Normal) (G1 Evacuation Pause) 649M->13M(1078M) 4.097ms
[62.297s][info][gc,cpu         ] GC(189) User=0.00s Sys=0.00s Real=0.00s
[62.645s][info][gc,start       ] GC(190) Pause Young (Normal) (G1 Evacuation Pause)
[62.645s][info][gc,task        ] GC(190) Using 25 workers of 33 for evacuation
[62.649s][info][gc,phases      ] GC(190)   Pre Evacuate Collection Set: 0.1ms
[62.649s][info][gc,phases      ] GC(190)   Merge Heap Roots: 0.2ms
[62.649s][info][gc,phases      ] GC(190)   Evacuate Collection Set: 2.7ms
[62.649s][info][gc,phases      ] GC(190)   Post Evacuate Collection Set: 0.6ms
[62.649s][info][gc,phases      ] GC(190)   Other: 0.2ms
[62.649s][info][gc,heap        ] GC(190) Eden regions: 317->0(316)
[62.649s][info][gc,heap        ] GC(190) Survivor regions: 6->7(41)
[62.649s][info][gc,heap        ] GC(190) Old regions: 16->16
[62.649s][info][gc,heap        ] GC(190) Archive regions: 0->0
[62.649s][info][gc,heap        ] GC(190) Humongous regions: 0->0
[62.649s][info][gc,metaspace   ] GC(190) Metaspace: 8642K(8896K)->8642K(8896K) NonClass: 7489K(7616K)->7489K(7616K) Class: 1153K(1280K)->1153K(1280K)
[62.649s][info][gc             ] GC(190) Pause Young (Normal) (G1 Evacuation Pause) 647M->15M(1078M) 4.317ms
[62.649s][info][gc,cpu         ] GC(190) User=0.00s Sys=0.00s Real=0.00s
[63.030s][info][gc,start       ] GC(191) Pause Young (Normal) (G1 Evacuation Pause)
[63.030s][info][gc,task        ] GC(191) Using 25 workers of 33 for evacuation
[63.035s][info][gc,phases      ] GC(191)   Pre Evacuate Collection Set: 0.1ms
[63.035s][info][gc,phases      ] GC(191)   Merge Heap Roots: 0.2ms
[63.035s][info][gc,phases      ] GC(191)   Evacuate Collection Set: 4.2ms
[63.035s][info][gc,phases      ] GC(191)   Post Evacuate Collection Set: 0.6ms
[63.035s][info][gc,phases      ] GC(191)   Other: 0.2ms
[63.035s][info][gc,heap        ] GC(191) Eden regions: 316->0(315)
[63.035s][info][gc,heap        ] GC(191) Survivor regions: 7->8(41)
[63.035s][info][gc,heap        ] GC(191) Old regions: 16->16
[63.036s][info][gc,heap        ] GC(191) Archive regions: 0->0
[63.036s][info][gc,heap        ] GC(191) Humongous regions: 0->0
[63.036s][info][gc,metaspace   ] GC(191) Metaspace: 8642K(8896K)->8642K(8896K) NonClass: 7489K(7616K)->7489K(7616K) Class: 1153K(1280K)->1153K(1280K)
[63.036s][info][gc             ] GC(191) Pause Young (Normal) (G1 Evacuation Pause) 647M->17M(1078M) 5.853ms
[63.036s][info][gc,cpu         ] GC(191) User=0.00s Sys=0.00s Real=0.01s
[63.418s][info][gc,start       ] GC(192) Pause Young (Normal) (G1 Evacuation Pause)
[63.418s][info][gc,task        ] GC(192) Using 25 workers of 33 for evacuation
[63.424s][info][gc,phases      ] GC(192)   Pre Evacuate Collection Set: 0.1ms
[63.424s][info][gc,phases      ] GC(192)   Merge Heap Roots: 0.2ms
[63.424s][info][gc,phases      ] GC(192)   Evacuate Collection Set: 4.2ms
[63.424s][info][gc,phases      ] GC(192)   Post Evacuate Collection Set: 0.6ms
[63.424s][info][gc,phases      ] GC(192)   Other: 0.2ms
[63.424s][info][gc,heap        ] GC(192) Eden regions: 315->0(314)
[63.424s][info][gc,heap        ] GC(192) Survivor regions: 8->9(41)
[63.424s][info][gc,heap        ] GC(192) Old regions: 16->16
[63.424s][info][gc,heap        ] GC(192) Archive regions: 0->0
[63.424s][info][gc,heap        ] GC(192) Humongous regions: 0->0
[63.424s][info][gc,metaspace   ] GC(192) Metaspace: 8642K(8896K)->8642K(8896K) NonClass: 7489K(7616K)->7489K(7616K) Class: 1153K(1280K)->1153K(1280K)
[63.424s][info][gc             ] GC(192) Pause Young (Normal) (G1 Evacuation Pause) 647M->20M(1078M) 5.840ms
[63.424s][info][gc,cpu         ] GC(192) User=0.00s Sys=0.00s Real=0.01s
[63.775s][info][gc,start       ] GC(193) Pause Young (Normal) (G1 Evacuation Pause)
[63.775s][info][gc,task        ] GC(193) Using 25 workers of 33 for evacuation
[63.781s][info][gc,phases      ] GC(193)   Pre Evacuate Collection Set: 0.1ms
[63.781s][info][gc,phases      ] GC(193)   Merge Heap Roots: 0.2ms
[63.781s][info][gc,phases      ] GC(193)   Evacuate Collection Set: 4.6ms
[63.781s][info][gc,phases      ] GC(193)   Post Evacuate Collection Set: 0.6ms
[63.781s][info][gc,phases      ] GC(193)   Other: 0.2ms
[63.781s][info][gc,heap        ] GC(193) Eden regions: 314->0(313)
[63.781s][info][gc,heap        ] GC(193) Survivor regions: 9->10(41)
[63.781s][info][gc,heap        ] GC(193) Old regions: 16->16
[63.781s][info][gc,heap        ] GC(193) Archive regions: 0->0
[63.781s][info][gc,heap        ] GC(193) Humongous regions: 0->0
[63.781s][info][gc,metaspace   ] GC(193) Metaspace: 8642K(8896K)->8642K(8896K) NonClass: 7489K(7616K)->7489K(7616K) Class: 1153K(1280K)->1153K(1280K)
[63.781s][info][gc             ] GC(193) Pause Young (Normal) (G1 Evacuation Pause) 648M->22M(1078M) 6.214ms
[63.781s][info][gc,cpu         ] GC(193) User=0.00s Sys=0.00s Real=0.01s
[64.115s][info][gc,start       ] GC(194) Pause Young (Normal) (G1 Evacuation Pause)
[64.116s][info][gc,task        ] GC(194) Using 25 workers of 33 for evacuation
[64.121s][info][gc,phases      ] GC(194)   Pre Evacuate Collection Set: 0.1ms
[64.121s][info][gc,phases      ] GC(194)   Merge Heap Roots: 0.2ms
[64.121s][info][gc,phases      ] GC(194)   Evacuate Collection Set: 4.8ms
[64.121s][info][gc,phases      ] GC(194)   Post Evacuate Collection Set: 0.6ms
[64.121s][info][gc,phases      ] GC(194)   Other: 0.2ms
[64.122s][info][gc,heap        ] GC(194) Eden regions: 313->0(312)
[64.122s][info][gc,heap        ] GC(194) Survivor regions: 10->11(41)
[64.122s][info][gc,heap        ] GC(194) Old regions: 16->16
[64.122s][info][gc,heap        ] GC(194) Archive regions: 0->0
[64.122s][info][gc,heap        ] GC(194) Humongous regions: 0->0
[64.122s][info][gc,metaspace   ] GC(194) Metaspace: 8642K(8896K)->8642K(8896K) NonClass: 7489K(7616K)->7489K(7616K) Class: 1153K(1280K)->1153K(1280K)
[64.122s][info][gc             ] GC(194) Pause Young (Normal) (G1 Evacuation Pause) 648M->25M(1078M) 6.368ms
[64.122s][info][gc,cpu         ] GC(194) User=0.39s Sys=0.00s Real=0.01s
[64.735s][info][gc,heap,exit   ] Heap
[64.735s][info][gc,heap,exit   ]  garbage-first heap   total 1103872K, used 513135K [0x0000000700000000, 0x0000000800000000)
[64.736s][info][gc,heap,exit   ]   region size 2048K, 245 young (501760K), 11 survivors (22528K)
[64.736s][info][gc,heap,exit   ]  Metaspace       used 8701K, committed 8960K, reserved 1114112K
[64.736s][info][gc,heap,exit   ]   class space    used 1162K, committed 1280K, reserved 1048576K
