[0.015s][info][gc,init] CardTable entry size: 512
[0.016s][info][gc     ] Using G1
[0.029s][info][gc,init] Version: 20+36-2344 (release)
[0.029s][info][gc,init] CPUs: 48 total, 48 available
[0.029s][info][gc,init] Memory: 382G
[0.029s][info][gc,init] Large Page Support: Disabled
[0.030s][info][gc,init] NUMA Support: Disabled
[0.030s][info][gc,init] Compressed Oops: Enabled (32-bit)
[0.030s][info][gc,init] Heap Region Size: 1M
[0.030s][info][gc,init] Heap Min Capacity: 8M
[0.030s][info][gc,init] Heap Initial Capacity: 1G
[0.030s][info][gc,init] Heap Max Capacity: 1G
[0.030s][info][gc,init] Pre-touch: Disabled
[0.038s][info][gc,init] Parallel Workers: 33
[0.038s][info][gc,init] Concurrent Workers: 8
[0.038s][info][gc,init] Concurrent Refinement Workers: 33
[0.038s][info][gc,init] Periodic GC: Disabled
[0.039s][info][gc,metaspace] CDS archive(s) mapped at: [0x0000000800000000-0x0000000800c60000-0x0000000800c60000), size 12976128, SharedBaseAddress: 0x0000000800000000, ArchiveRelocationMode: 0.
[0.039s][info][gc,metaspace] Compressed class space mapped at: 0x0000000801000000-0x0000000841000000, reserved size: 1073741824
[0.039s][info][gc,metaspace] Narrow klass base: 0x0000000800000000, Narrow klass shift: 0, Narrow klass range: 0x100000000
[0.970s][info][gc,start    ] GC(0) Pause Full (System.gc())
[0.972s][info][gc,task     ] GC(0) Using 23 workers of 33 for full compaction
[0.973s][info][gc,phases,start] GC(0) Phase 1: Mark live objects
[0.978s][info][gc,phases      ] GC(0) Phase 1: Mark live objects 5.066ms
[0.979s][info][gc,phases,start] GC(0) Phase 2: Prepare compaction
[0.981s][info][gc,phases      ] GC(0) Phase 2: Prepare compaction 2.789ms
[0.981s][info][gc,phases,start] GC(0) Phase 3: Adjust pointers
[0.984s][info][gc,phases      ] GC(0) Phase 3: Adjust pointers 2.348ms
[0.984s][info][gc,phases,start] GC(0) Phase 4: Compact heap
[0.986s][info][gc,phases      ] GC(0) Phase 4: Compact heap 1.778ms
[0.997s][info][gc,heap        ] GC(0) Eden regions: 23->0(23)
[0.997s][info][gc,heap        ] GC(0) Survivor regions: 0->0(0)
[0.997s][info][gc,heap        ] GC(0) Old regions: 0->23
[0.997s][info][gc,heap        ] GC(0) Archive regions: 0->0
[0.997s][info][gc,heap        ] GC(0) Humongous regions: 0->0
[0.997s][info][gc,metaspace   ] GC(0) Metaspace: 8262K(8448K)->8262K(8448K) NonClass: 7149K(7232K)->7149K(7232K) Class: 1113K(1216K)->1113K(1216K)
[0.997s][info][gc             ] GC(0) Pause Full (System.gc()) 23M->3M(77M) 26.512ms
[0.997s][info][gc,cpu         ] GC(0) User=0.13s Sys=0.16s Real=0.02s
[1.087s][info][gc,start       ] GC(1) Pause Young (Normal) (G1 Evacuation Pause)
[1.087s][info][gc,task        ] GC(1) Using 12 workers of 33 for evacuation
[1.089s][info][gc,phases      ] GC(1)   Pre Evacuate Collection Set: 0.1ms
[1.089s][info][gc,phases      ] GC(1)   Merge Heap Roots: 0.1ms
[1.089s][info][gc,phases      ] GC(1)   Evacuate Collection Set: 0.5ms
[1.089s][info][gc,phases      ] GC(1)   Post Evacuate Collection Set: 0.3ms
[1.089s][info][gc,phases      ] GC(1)   Other: 0.2ms
[1.089s][info][gc,heap        ] GC(1) Eden regions: 23->0(43)
[1.089s][info][gc,heap        ] GC(1) Survivor regions: 0->1(3)
[1.089s][info][gc,heap        ] GC(1) Old regions: 23->23
[1.089s][info][gc,heap        ] GC(1) Archive regions: 0->0
[1.089s][info][gc,heap        ] GC(1) Humongous regions: 0->0
[1.089s][info][gc,metaspace   ] GC(1) Metaspace: 8406K(8576K)->8406K(8576K) NonClass: 7281K(7360K)->7281K(7360K) Class: 1125K(1216K)->1125K(1216K)
[1.089s][info][gc             ] GC(1) Pause Young (Normal) (G1 Evacuation Pause) 26M->4M(77M) 1.523ms
[1.089s][info][gc,cpu         ] GC(1) User=0.00s Sys=0.00s Real=0.00s
[1.141s][info][gc,start       ] GC(2) Pause Young (Normal) (G1 Evacuation Pause)
[1.141s][info][gc,task        ] GC(2) Using 7 workers of 33 for evacuation
[1.142s][info][gc,phases      ] GC(2)   Pre Evacuate Collection Set: 0.1ms
[1.142s][info][gc,phases      ] GC(2)   Merge Heap Roots: 0.0ms
[1.142s][info][gc,phases      ] GC(2)   Evacuate Collection Set: 0.5ms
[1.142s][info][gc,phases      ] GC(2)   Post Evacuate Collection Set: 0.2ms
[1.142s][info][gc,phases      ] GC(2)   Other: 0.1ms
[1.142s][info][gc,heap        ] GC(2) Eden regions: 43->0(45)
[1.142s][info][gc,heap        ] GC(2) Survivor regions: 1->1(6)
[1.142s][info][gc,heap        ] GC(2) Old regions: 23->23
[1.142s][info][gc,heap        ] GC(2) Archive regions: 0->0
[1.142s][info][gc,heap        ] GC(2) Humongous regions: 0->0
[1.142s][info][gc,metaspace   ] GC(2) Metaspace: 8406K(8576K)->8406K(8576K) NonClass: 7281K(7360K)->7281K(7360K) Class: 1125K(1216K)->1125K(1216K)
[1.142s][info][gc             ] GC(2) Pause Young (Normal) (G1 Evacuation Pause) 47M->3M(77M) 1.259ms
[1.142s][info][gc,cpu         ] GC(2) User=0.00s Sys=0.00s Real=0.00s
[1.176s][info][gc,start       ] GC(3) Pause Young (Normal) (G1 Evacuation Pause)
[1.176s][info][gc,task        ] GC(3) Using 4 workers of 33 for evacuation
[1.177s][info][gc,phases      ] GC(3)   Pre Evacuate Collection Set: 0.1ms
[1.177s][info][gc,phases      ] GC(3)   Merge Heap Roots: 0.0ms
[1.177s][info][gc,phases      ] GC(3)   Evacuate Collection Set: 0.7ms
[1.177s][info][gc,phases      ] GC(3)   Post Evacuate Collection Set: 0.2ms
[1.177s][info][gc,phases      ] GC(3)   Other: 0.1ms
[1.177s][info][gc,heap        ] GC(3) Eden regions: 45->0(45)
[1.177s][info][gc,heap        ] GC(3) Survivor regions: 1->1(6)
[1.177s][info][gc,heap        ] GC(3) Old regions: 23->23
[1.177s][info][gc,heap        ] GC(3) Archive regions: 0->0
[1.177s][info][gc,heap        ] GC(3) Humongous regions: 0->0
[1.177s][info][gc,metaspace   ] GC(3) Metaspace: 8406K(8576K)->8406K(8576K) NonClass: 7281K(7360K)->7281K(7360K) Class: 1125K(1216K)->1125K(1216K)
[1.177s][info][gc             ] GC(3) Pause Young (Normal) (G1 Evacuation Pause) 48M->3M(77M) 1.414ms
[1.177s][info][gc,cpu         ] GC(3) User=0.00s Sys=0.00s Real=0.00s
[1.201s][info][gc,start       ] GC(4) Pause Young (Normal) (G1 Evacuation Pause)
[1.201s][info][gc,task        ] GC(4) Using 3 workers of 33 for evacuation
[1.202s][info][gc,phases      ] GC(4)   Pre Evacuate Collection Set: 0.1ms
[1.202s][info][gc,phases      ] GC(4)   Merge Heap Roots: 0.0ms
[1.202s][info][gc,phases      ] GC(4)   Evacuate Collection Set: 0.9ms
[1.202s][info][gc,phases      ] GC(4)   Post Evacuate Collection Set: 0.2ms
[1.202s][info][gc,phases      ] GC(4)   Other: 0.1ms
[1.202s][info][gc,heap        ] GC(4) Eden regions: 45->0(45)
[1.202s][info][gc,heap        ] GC(4) Survivor regions: 1->1(6)
[1.202s][info][gc,heap        ] GC(4) Old regions: 23->23
[1.202s][info][gc,heap        ] GC(4) Archive regions: 0->0
[1.202s][info][gc,heap        ] GC(4) Humongous regions: 0->0
[1.202s][info][gc,metaspace   ] GC(4) Metaspace: 8406K(8576K)->8406K(8576K) NonClass: 7281K(7360K)->7281K(7360K) Class: 1125K(1216K)->1125K(1216K)
[1.202s][info][gc             ] GC(4) Pause Young (Normal) (G1 Evacuation Pause) 48M->4M(77M) 1.626ms
[1.202s][info][gc,cpu         ] GC(4) User=0.00s Sys=0.00s Real=0.00s
[1.235s][info][gc,start       ] GC(5) Pause Young (Normal) (G1 Evacuation Pause)
[1.236s][info][gc,task        ] GC(5) Using 2 workers of 33 for evacuation
[1.241s][info][gc,phases      ] GC(5)   Pre Evacuate Collection Set: 0.1ms
[1.241s][info][gc,phases      ] GC(5)   Merge Heap Roots: 0.1ms
[1.241s][info][gc,phases      ] GC(5)   Evacuate Collection Set: 2.1ms
[1.241s][info][gc,phases      ] GC(5)   Post Evacuate Collection Set: 3.1ms
[1.241s][info][gc,phases      ] GC(5)   Other: 0.1ms
[1.241s][info][gc,heap        ] GC(5) Eden regions: 45->0(329)
[1.241s][info][gc,heap        ] GC(5) Survivor regions: 1->1(6)
[1.241s][info][gc,heap        ] GC(5) Old regions: 23->23
[1.241s][info][gc,heap        ] GC(5) Archive regions: 0->0
[1.241s][info][gc,heap        ] GC(5) Humongous regions: 0->0
[1.241s][info][gc,metaspace   ] GC(5) Metaspace: 8406K(8576K)->8406K(8576K) NonClass: 7281K(7360K)->7281K(7360K) Class: 1125K(1216K)->1125K(1216K)
[1.241s][info][gc             ] GC(5) Pause Young (Normal) (G1 Evacuation Pause) 49M->4M(551M) 5.775ms
[1.241s][info][gc,cpu         ] GC(5) User=0.09s Sys=0.00s Real=0.02s
[1.510s][info][gc,start       ] GC(6) Pause Young (Normal) (G1 Evacuation Pause)
[1.510s][info][gc,task        ] GC(6) Using 13 workers of 33 for evacuation
[1.512s][info][gc,phases      ] GC(6)   Pre Evacuate Collection Set: 0.1ms
[1.512s][info][gc,phases      ] GC(6)   Merge Heap Roots: 0.1ms
[1.512s][info][gc,phases      ] GC(6)   Evacuate Collection Set: 1.3ms
[1.513s][info][gc,phases      ] GC(6)   Post Evacuate Collection Set: 0.6ms
[1.513s][info][gc,phases      ] GC(6)   Other: 0.3ms
[1.513s][info][gc,heap        ] GC(6) Eden regions: 329->0(328)
[1.513s][info][gc,heap        ] GC(6) Survivor regions: 1->2(42)
[1.513s][info][gc,heap        ] GC(6) Old regions: 23->23
[1.513s][info][gc,heap        ] GC(6) Archive regions: 0->0
[1.513s][info][gc,heap        ] GC(6) Humongous regions: 0->0
[1.513s][info][gc,metaspace   ] GC(6) Metaspace: 8406K(8576K)->8406K(8576K) NonClass: 7281K(7360K)->7281K(7360K) Class: 1125K(1216K)->1125K(1216K)
[1.513s][info][gc             ] GC(6) Pause Young (Normal) (G1 Evacuation Pause) 333M->5M(551M) 2.999ms
[1.513s][info][gc,cpu         ] GC(6) User=0.00s Sys=0.00s Real=0.00s
[1.666s][info][gc,start       ] GC(7) Pause Young (Normal) (G1 Evacuation Pause)
[1.666s][info][gc,task        ] GC(7) Using 13 workers of 33 for evacuation
[1.668s][info][gc,phases      ] GC(7)   Pre Evacuate Collection Set: 0.1ms
[1.669s][info][gc,phases      ] GC(7)   Merge Heap Roots: 0.1ms
[1.669s][info][gc,phases      ] GC(7)   Evacuate Collection Set: 1.6ms
[1.669s][info][gc,phases      ] GC(7)   Post Evacuate Collection Set: 0.6ms
[1.669s][info][gc,phases      ] GC(7)   Other: 0.2ms
[1.669s][info][gc,heap        ] GC(7) Eden regions: 328->0(327)
[1.669s][info][gc,heap        ] GC(7) Survivor regions: 2->3(42)
[1.669s][info][gc,heap        ] GC(7) Old regions: 23->23
[1.669s][info][gc,heap        ] GC(7) Archive regions: 0->0
[1.669s][info][gc,heap        ] GC(7) Humongous regions: 0->0
[1.669s][info][gc,metaspace   ] GC(7) Metaspace: 8406K(8576K)->8406K(8576K) NonClass: 7281K(7360K)->7281K(7360K) Class: 1125K(1216K)->1125K(1216K)
[1.669s][info][gc             ] GC(7) Pause Young (Normal) (G1 Evacuation Pause) 333M->6M(551M) 3.163ms
[1.669s][info][gc,cpu         ] GC(7) User=0.00s Sys=0.00s Real=0.00s
[1.821s][info][gc,start       ] GC(8) Pause Young (Normal) (G1 Evacuation Pause)
[1.821s][info][gc,task        ] GC(8) Using 13 workers of 33 for evacuation
[1.824s][info][gc,phases      ] GC(8)   Pre Evacuate Collection Set: 0.1ms
[1.824s][info][gc,phases      ] GC(8)   Merge Heap Roots: 0.1ms
[1.824s][info][gc,phases      ] GC(8)   Evacuate Collection Set: 1.8ms
[1.824s][info][gc,phases      ] GC(8)   Post Evacuate Collection Set: 0.6ms
[1.824s][info][gc,phases      ] GC(8)   Other: 0.1ms
[1.824s][info][gc,heap        ] GC(8) Eden regions: 327->0(326)
[1.824s][info][gc,heap        ] GC(8) Survivor regions: 3->4(42)
[1.824s][info][gc,heap        ] GC(8) Old regions: 23->23
[1.824s][info][gc,heap        ] GC(8) Archive regions: 0->0
[1.824s][info][gc,heap        ] GC(8) Humongous regions: 0->0
[1.824s][info][gc,metaspace   ] GC(8) Metaspace: 8406K(8576K)->8406K(8576K) NonClass: 7281K(7360K)->7281K(7360K) Class: 1125K(1216K)->1125K(1216K)
[1.824s][info][gc             ] GC(8) Pause Young (Normal) (G1 Evacuation Pause) 333M->7M(551M) 3.373ms
[1.824s][info][gc,cpu         ] GC(8) User=0.00s Sys=0.00s Real=0.00s
[1.999s][info][gc,start       ] GC(9) Pause Young (Normal) (G1 Evacuation Pause)
[1.999s][info][gc,task        ] GC(9) Using 13 workers of 33 for evacuation
[2.002s][info][gc,phases      ] GC(9)   Pre Evacuate Collection Set: 0.1ms
[2.002s][info][gc,phases      ] GC(9)   Merge Heap Roots: 0.1ms
[2.002s][info][gc,phases      ] GC(9)   Evacuate Collection Set: 2.2ms
[2.002s][info][gc,phases      ] GC(9)   Post Evacuate Collection Set: 0.6ms
[2.002s][info][gc,phases      ] GC(9)   Other: 0.1ms
[2.002s][info][gc,heap        ] GC(9) Eden regions: 326->0(325)
[2.003s][info][gc,heap        ] GC(9) Survivor regions: 4->5(42)
[2.003s][info][gc,heap        ] GC(9) Old regions: 23->23
[2.003s][info][gc,heap        ] GC(9) Archive regions: 0->0
[2.003s][info][gc,heap        ] GC(9) Humongous regions: 0->0
[2.003s][info][gc,metaspace   ] GC(9) Metaspace: 8406K(8576K)->8406K(8576K) NonClass: 7281K(7360K)->7281K(7360K) Class: 1125K(1216K)->1125K(1216K)
[2.003s][info][gc             ] GC(9) Pause Young (Normal) (G1 Evacuation Pause) 333M->8M(551M) 3.746ms
[2.003s][info][gc,cpu         ] GC(9) User=0.00s Sys=0.00s Real=0.00s
[2.166s][info][gc,start       ] GC(10) Pause Young (Normal) (G1 Evacuation Pause)
[2.166s][info][gc,task        ] GC(10) Using 13 workers of 33 for evacuation
[2.169s][info][gc,phases      ] GC(10)   Pre Evacuate Collection Set: 0.1ms
[2.169s][info][gc,phases      ] GC(10)   Merge Heap Roots: 0.1ms
[2.169s][info][gc,phases      ] GC(10)   Evacuate Collection Set: 2.2ms
[2.169s][info][gc,phases      ] GC(10)   Post Evacuate Collection Set: 0.6ms
[2.169s][info][gc,phases      ] GC(10)   Other: 0.1ms
[2.169s][info][gc,heap        ] GC(10) Eden regions: 325->0(323)
[2.170s][info][gc,heap        ] GC(10) Survivor regions: 5->7(42)
[2.170s][info][gc,heap        ] GC(10) Old regions: 23->23
[2.170s][info][gc,heap        ] GC(10) Archive regions: 0->0
[2.170s][info][gc,heap        ] GC(10) Humongous regions: 0->0
[2.170s][info][gc,metaspace   ] GC(10) Metaspace: 8406K(8576K)->8406K(8576K) NonClass: 7281K(7360K)->7281K(7360K) Class: 1125K(1216K)->1125K(1216K)
[2.170s][info][gc             ] GC(10) Pause Young (Normal) (G1 Evacuation Pause) 333M->9M(551M) 3.632ms
[2.170s][info][gc,cpu         ] GC(10) User=0.00s Sys=0.00s Real=0.00s
[2.320s][info][gc,start       ] GC(11) Pause Young (Normal) (G1 Evacuation Pause)
[2.320s][info][gc,task        ] GC(11) Using 13 workers of 33 for evacuation
[2.324s][info][gc,phases      ] GC(11)   Pre Evacuate Collection Set: 0.1ms
[2.324s][info][gc,phases      ] GC(11)   Merge Heap Roots: 0.1ms
[2.324s][info][gc,phases      ] GC(11)   Evacuate Collection Set: 2.5ms
[2.324s][info][gc,phases      ] GC(11)   Post Evacuate Collection Set: 0.6ms
[2.324s][info][gc,phases      ] GC(11)   Other: 0.1ms
[2.324s][info][gc,heap        ] GC(11) Eden regions: 323->0(323)
[2.324s][info][gc,heap        ] GC(11) Survivor regions: 7->7(42)
[2.324s][info][gc,heap        ] GC(11) Old regions: 23->23
[2.324s][info][gc,heap        ] GC(11) Archive regions: 0->0
[2.324s][info][gc,heap        ] GC(11) Humongous regions: 0->0
[2.324s][info][gc,metaspace   ] GC(11) Metaspace: 8406K(8576K)->8406K(8576K) NonClass: 7281K(7360K)->7281K(7360K) Class: 1125K(1216K)->1125K(1216K)
[2.324s][info][gc             ] GC(11) Pause Young (Normal) (G1 Evacuation Pause) 332M->10M(551M) 3.972ms
[2.324s][info][gc,cpu         ] GC(11) User=0.17s Sys=0.03s Real=0.02s
[2.475s][info][gc,start       ] GC(12) Pause Young (Normal) (G1 Evacuation Pause)
[2.475s][info][gc,task        ] GC(12) Using 13 workers of 33 for evacuation
[2.479s][info][gc,phases      ] GC(12)   Pre Evacuate Collection Set: 0.1ms
[2.479s][info][gc,phases      ] GC(12)   Merge Heap Roots: 0.1ms
[2.479s][info][gc,phases      ] GC(12)   Evacuate Collection Set: 3.0ms
[2.479s][info][gc,phases      ] GC(12)   Post Evacuate Collection Set: 0.6ms
[2.479s][info][gc,phases      ] GC(12)   Other: 0.1ms
[2.479s][info][gc,heap        ] GC(12) Eden regions: 323->0(322)
[2.479s][info][gc,heap        ] GC(12) Survivor regions: 7->8(42)
[2.479s][info][gc,heap        ] GC(12) Old regions: 23->23
[2.479s][info][gc,heap        ] GC(12) Archive regions: 0->0
[2.479s][info][gc,heap        ] GC(12) Humongous regions: 0->0
[2.480s][info][gc,metaspace   ] GC(12) Metaspace: 8406K(8576K)->8406K(8576K) NonClass: 7281K(7360K)->7281K(7360K) Class: 1125K(1216K)->1125K(1216K)
[2.480s][info][gc             ] GC(12) Pause Young (Normal) (G1 Evacuation Pause) 333M->11M(551M) 4.519ms
[2.480s][info][gc,cpu         ] GC(12) User=0.20s Sys=0.00s Real=0.00s
[2.641s][info][gc,start       ] GC(13) Pause Young (Normal) (G1 Evacuation Pause)
[2.641s][info][gc,task        ] GC(13) Using 13 workers of 33 for evacuation
[2.645s][info][gc,phases      ] GC(13)   Pre Evacuate Collection Set: 0.1ms
[2.645s][info][gc,phases      ] GC(13)   Merge Heap Roots: 0.1ms
[2.645s][info][gc,phases      ] GC(13)   Evacuate Collection Set: 3.2ms
[2.645s][info][gc,phases      ] GC(13)   Post Evacuate Collection Set: 0.7ms
[2.645s][info][gc,phases      ] GC(13)   Other: 0.3ms
[2.645s][info][gc,heap        ] GC(13) Eden regions: 322->0(320)
[2.646s][info][gc,heap        ] GC(13) Survivor regions: 8->10(42)
[2.646s][info][gc,heap        ] GC(13) Old regions: 23->23
[2.646s][info][gc,heap        ] GC(13) Archive regions: 0->0
[2.646s][info][gc,heap        ] GC(13) Humongous regions: 0->0
[2.646s][info][gc,metaspace   ] GC(13) Metaspace: 8406K(8576K)->8406K(8576K) NonClass: 7281K(7360K)->7281K(7360K) Class: 1125K(1216K)->1125K(1216K)
[2.646s][info][gc             ] GC(13) Pause Young (Normal) (G1 Evacuation Pause) 333M->12M(551M) 5.003ms
[2.646s][info][gc,cpu         ] GC(13) User=0.00s Sys=0.00s Real=0.00s
[2.789s][info][gc,start       ] GC(14) Pause Young (Normal) (G1 Evacuation Pause)
[2.789s][info][gc,task        ] GC(14) Using 13 workers of 33 for evacuation
[2.794s][info][gc,phases      ] GC(14)   Pre Evacuate Collection Set: 0.1ms
[2.794s][info][gc,phases      ] GC(14)   Merge Heap Roots: 0.1ms
[2.794s][info][gc,phases      ] GC(14)   Evacuate Collection Set: 3.3ms
[2.794s][info][gc,phases      ] GC(14)   Post Evacuate Collection Set: 0.6ms
[2.794s][info][gc,phases      ] GC(14)   Other: 0.1ms
[2.794s][info][gc,heap        ] GC(14) Eden regions: 320->0(319)
[2.794s][info][gc,heap        ] GC(14) Survivor regions: 10->11(42)
[2.794s][info][gc,heap        ] GC(14) Old regions: 23->23
[2.794s][info][gc,heap        ] GC(14) Archive regions: 0->0
[2.794s][info][gc,heap        ] GC(14) Humongous regions: 0->0
[2.794s][info][gc,metaspace   ] GC(14) Metaspace: 8406K(8576K)->8406K(8576K) NonClass: 7281K(7360K)->7281K(7360K) Class: 1125K(1216K)->1125K(1216K)
[2.794s][info][gc             ] GC(14) Pause Young (Normal) (G1 Evacuation Pause) 332M->13M(551M) 4.756ms
[2.794s][info][gc,cpu         ] GC(14) User=0.20s Sys=0.00s Real=0.02s
[2.944s][info][gc,start       ] GC(15) Pause Young (Normal) (G1 Evacuation Pause)
[2.944s][info][gc,task        ] GC(15) Using 13 workers of 33 for evacuation
[2.949s][info][gc,phases      ] GC(15)   Pre Evacuate Collection Set: 0.1ms
[2.949s][info][gc,phases      ] GC(15)   Merge Heap Roots: 0.1ms
[2.949s][info][gc,phases      ] GC(15)   Evacuate Collection Set: 3.7ms
[2.949s][info][gc,phases      ] GC(15)   Post Evacuate Collection Set: 0.6ms
[2.949s][info][gc,phases      ] GC(15)   Other: 0.1ms
[2.949s][info][gc,heap        ] GC(15) Eden regions: 319->0(318)
[2.949s][info][gc,heap        ] GC(15) Survivor regions: 11->12(42)
[2.949s][info][gc,heap        ] GC(15) Old regions: 23->23
[2.949s][info][gc,heap        ] GC(15) Archive regions: 0->0
[2.949s][info][gc,heap        ] GC(15) Humongous regions: 0->0
[2.949s][info][gc,metaspace   ] GC(15) Metaspace: 8406K(8576K)->8406K(8576K) NonClass: 7281K(7360K)->7281K(7360K) Class: 1125K(1216K)->1125K(1216K)
[2.949s][info][gc             ] GC(15) Pause Young (Normal) (G1 Evacuation Pause) 332M->14M(551M) 5.147ms
[2.949s][info][gc,cpu         ] GC(15) User=0.20s Sys=0.00s Real=0.01s
[3.100s][info][gc,start       ] GC(16) Pause Young (Normal) (G1 Evacuation Pause)
[3.101s][info][gc,task        ] GC(16) Using 13 workers of 33 for evacuation
[3.106s][info][gc,phases      ] GC(16)   Pre Evacuate Collection Set: 0.1ms
[3.106s][info][gc,phases      ] GC(16)   Merge Heap Roots: 0.1ms
[3.106s][info][gc,phases      ] GC(16)   Evacuate Collection Set: 4.1ms
[3.106s][info][gc,phases      ] GC(16)   Post Evacuate Collection Set: 0.5ms
[3.106s][info][gc,phases      ] GC(16)   Other: 0.2ms
[3.106s][info][gc,heap        ] GC(16) Eden regions: 318->0(317)
[3.106s][info][gc,heap        ] GC(16) Survivor regions: 12->13(42)
[3.106s][info][gc,heap        ] GC(16) Old regions: 23->24
[3.106s][info][gc,heap        ] GC(16) Archive regions: 0->0
[3.106s][info][gc,heap        ] GC(16) Humongous regions: 0->0
[3.106s][info][gc,metaspace   ] GC(16) Metaspace: 8406K(8576K)->8406K(8576K) NonClass: 7281K(7360K)->7281K(7360K) Class: 1125K(1216K)->1125K(1216K)
[3.106s][info][gc             ] GC(16) Pause Young (Normal) (G1 Evacuation Pause) 332M->15M(551M) 5.505ms
[3.106s][info][gc,cpu         ] GC(16) User=0.00s Sys=0.00s Real=0.01s
[3.248s][info][gc,start       ] GC(17) Pause Young (Normal) (G1 Evacuation Pause)
[3.248s][info][gc,task        ] GC(17) Using 13 workers of 33 for evacuation
[3.253s][info][gc,phases      ] GC(17)   Pre Evacuate Collection Set: 0.1ms
[3.253s][info][gc,phases      ] GC(17)   Merge Heap Roots: 0.1ms
[3.253s][info][gc,phases      ] GC(17)   Evacuate Collection Set: 3.6ms
[3.253s][info][gc,phases      ] GC(17)   Post Evacuate Collection Set: 0.4ms
[3.253s][info][gc,phases      ] GC(17)   Other: 0.1ms
[3.253s][info][gc,heap        ] GC(17) Eden regions: 317->0(316)
[3.253s][info][gc,heap        ] GC(17) Survivor regions: 13->14(42)
[3.253s][info][gc,heap        ] GC(17) Old regions: 24->24
[3.253s][info][gc,heap        ] GC(17) Archive regions: 0->0
[3.253s][info][gc,heap        ] GC(17) Humongous regions: 0->0
[3.253s][info][gc,metaspace   ] GC(17) Metaspace: 8406K(8576K)->8406K(8576K) NonClass: 7281K(7360K)->7281K(7360K) Class: 1125K(1216K)->1125K(1216K)
[3.253s][info][gc             ] GC(17) Pause Young (Normal) (G1 Evacuation Pause) 332M->17M(551M) 4.664ms
[3.253s][info][gc,cpu         ] GC(17) User=0.00s Sys=0.00s Real=0.00s
[3.450s][info][gc,start       ] GC(18) Pause Young (Normal) (G1 Evacuation Pause)
[3.450s][info][gc,task        ] GC(18) Using 13 workers of 33 for evacuation
[3.462s][info][gc,phases      ] GC(18)   Pre Evacuate Collection Set: 0.1ms
[3.462s][info][gc,phases      ] GC(18)   Merge Heap Roots: 0.2ms
[3.462s][info][gc,phases      ] GC(18)   Evacuate Collection Set: 11.2ms
[3.462s][info][gc,phases      ] GC(18)   Post Evacuate Collection Set: 0.5ms
[3.462s][info][gc,phases      ] GC(18)   Other: 0.2ms
[3.462s][info][gc,heap        ] GC(18) Eden regions: 316->0(305)
[3.462s][info][gc,heap        ] GC(18) Survivor regions: 14->25(42)
[3.462s][info][gc,heap        ] GC(18) Old regions: 24->24
[3.462s][info][gc,heap        ] GC(18) Archive regions: 0->0
[3.463s][info][gc,heap        ] GC(18) Humongous regions: 3->3
[3.463s][info][gc,metaspace   ] GC(18) Metaspace: 8410K(8576K)->8410K(8576K) NonClass: 7284K(7360K)->7284K(7360K) Class: 1125K(1216K)->1125K(1216K)
[3.463s][info][gc             ] GC(18) Pause Young (Normal) (G1 Evacuation Pause) 336M->31M(551M) 12.620ms
[3.463s][info][gc,cpu         ] GC(18) User=0.00s Sys=0.00s Real=0.00s
[3.600s][info][gc,start       ] GC(19) Pause Young (Normal) (G1 Evacuation Pause)
[3.600s][info][gc,task        ] GC(19) Using 13 workers of 33 for evacuation
[3.611s][info][gc,phases      ] GC(19)   Pre Evacuate Collection Set: 0.1ms
[3.611s][info][gc,phases      ] GC(19)   Merge Heap Roots: 0.2ms
[3.611s][info][gc,phases      ] GC(19)   Evacuate Collection Set: 9.7ms
[3.611s][info][gc,phases      ] GC(19)   Post Evacuate Collection Set: 0.4ms
[3.611s][info][gc,phases      ] GC(19)   Other: 0.1ms
[3.611s][info][gc,heap        ] GC(19) Eden regions: 305->0(308)
[3.611s][info][gc,heap        ] GC(19) Survivor regions: 25->22(42)
[3.611s][info][gc,heap        ] GC(19) Old regions: 24->28
[3.611s][info][gc,heap        ] GC(19) Archive regions: 0->0
[3.611s][info][gc,heap        ] GC(19) Humongous regions: 3->3
[3.611s][info][gc,metaspace   ] GC(19) Metaspace: 8410K(8576K)->8410K(8576K) NonClass: 7284K(7360K)->7284K(7360K) Class: 1125K(1216K)->1125K(1216K)
[3.611s][info][gc             ] GC(19) Pause Young (Normal) (G1 Evacuation Pause) 336M->32M(551M) 11.034ms
[3.611s][info][gc,cpu         ] GC(19) User=0.00s Sys=0.00s Real=0.01s
[3.754s][info][gc,start       ] GC(20) Pause Young (Normal) (G1 Evacuation Pause)
[3.754s][info][gc,task        ] GC(20) Using 13 workers of 33 for evacuation
[3.763s][info][gc,phases      ] GC(20)   Pre Evacuate Collection Set: 0.1ms
[3.763s][info][gc,phases      ] GC(20)   Merge Heap Roots: 0.2ms
[3.763s][info][gc,phases      ] GC(20)   Evacuate Collection Set: 8.4ms
[3.763s][info][gc,phases      ] GC(20)   Post Evacuate Collection Set: 0.4ms
[3.763s][info][gc,phases      ] GC(20)   Other: 0.1ms
[3.763s][info][gc,heap        ] GC(20) Eden regions: 308->0(308)
[3.763s][info][gc,heap        ] GC(20) Survivor regions: 22->22(42)
[3.763s][info][gc,heap        ] GC(20) Old regions: 28->28
[3.763s][info][gc,heap        ] GC(20) Archive regions: 0->0
[3.763s][info][gc,heap        ] GC(20) Humongous regions: 3->3
[3.763s][info][gc,metaspace   ] GC(20) Metaspace: 8410K(8576K)->8410K(8576K) NonClass: 7284K(7360K)->7284K(7360K) Class: 1125K(1216K)->1125K(1216K)
[3.763s][info][gc             ] GC(20) Pause Young (Normal) (G1 Evacuation Pause) 340M->32M(551M) 9.736ms
[3.763s][info][gc,cpu         ] GC(20) User=0.00s Sys=0.00s Real=0.00s
[3.909s][info][gc,start       ] GC(21) Pause Young (Normal) (G1 Evacuation Pause)
[3.909s][info][gc,task        ] GC(21) Using 13 workers of 33 for evacuation
[3.917s][info][gc,phases      ] GC(21)   Pre Evacuate Collection Set: 0.1ms
[3.917s][info][gc,phases      ] GC(21)   Merge Heap Roots: 0.1ms
[3.917s][info][gc,phases      ] GC(21)   Evacuate Collection Set: 7.7ms
[3.917s][info][gc,phases      ] GC(21)   Post Evacuate Collection Set: 0.5ms
[3.917s][info][gc,phases      ] GC(21)   Other: 0.2ms
[3.918s][info][gc,heap        ] GC(21) Eden regions: 308->0(306)
[3.918s][info][gc,heap        ] GC(21) Survivor regions: 22->24(42)
[3.918s][info][gc,heap        ] GC(21) Old regions: 28->28
[3.918s][info][gc,heap        ] GC(21) Archive regions: 0->0
[3.918s][info][gc,heap        ] GC(21) Humongous regions: 3->3
[3.918s][info][gc,metaspace   ] GC(21) Metaspace: 8410K(8576K)->8410K(8576K) NonClass: 7284K(7360K)->7284K(7360K) Class: 1125K(1216K)->1125K(1216K)
[3.918s][info][gc             ] GC(21) Pause Young (Normal) (G1 Evacuation Pause) 340M->34M(551M) 9.172ms
[3.918s][info][gc,cpu         ] GC(21) User=0.20s Sys=0.00s Real=0.01s
[4.085s][info][gc,start       ] GC(22) Pause Young (Normal) (G1 Evacuation Pause)
[4.085s][info][gc,task        ] GC(22) Using 13 workers of 33 for evacuation
[4.095s][info][gc,phases      ] GC(22)   Pre Evacuate Collection Set: 0.1ms
[4.095s][info][gc,phases      ] GC(22)   Merge Heap Roots: 0.1ms
[4.095s][info][gc,phases      ] GC(22)   Evacuate Collection Set: 8.4ms
[4.095s][info][gc,phases      ] GC(22)   Post Evacuate Collection Set: 0.5ms
[4.095s][info][gc,phases      ] GC(22)   Other: 0.2ms
[4.095s][info][gc,heap        ] GC(22) Eden regions: 306->0(309)
[4.095s][info][gc,heap        ] GC(22) Survivor regions: 24->21(42)
[4.095s][info][gc,heap        ] GC(22) Old regions: 28->32
[4.095s][info][gc,heap        ] GC(22) Archive regions: 0->0
[4.095s][info][gc,heap        ] GC(22) Humongous regions: 3->3
[4.095s][info][gc,metaspace   ] GC(22) Metaspace: 8410K(8576K)->8410K(8576K) NonClass: 7284K(7360K)->7284K(7360K) Class: 1125K(1216K)->1125K(1216K)
[4.095s][info][gc             ] GC(22) Pause Young (Normal) (G1 Evacuation Pause) 340M->35M(551M) 9.783ms
[4.095s][info][gc,cpu         ] GC(22) User=0.00s Sys=0.00s Real=0.00s
[4.245s][info][gc,start       ] GC(23) Pause Young (Normal) (G1 Evacuation Pause)
[4.245s][info][gc,task        ] GC(23) Using 13 workers of 33 for evacuation
[4.253s][info][gc,phases      ] GC(23)   Pre Evacuate Collection Set: 0.1ms
[4.253s][info][gc,phases      ] GC(23)   Merge Heap Roots: 0.3ms
[4.253s][info][gc,phases      ] GC(23)   Evacuate Collection Set: 6.4ms
[4.253s][info][gc,phases      ] GC(23)   Post Evacuate Collection Set: 0.5ms
[4.253s][info][gc,phases      ] GC(23)   Other: 0.2ms
[4.253s][info][gc,heap        ] GC(23) Eden regions: 309->0(309)
[4.253s][info][gc,heap        ] GC(23) Survivor regions: 21->21(42)
[4.253s][info][gc,heap        ] GC(23) Old regions: 32->32
[4.253s][info][gc,heap        ] GC(23) Archive regions: 0->0
[4.253s][info][gc,heap        ] GC(23) Humongous regions: 3->3
[4.253s][info][gc,metaspace   ] GC(23) Metaspace: 8410K(8576K)->8410K(8576K) NonClass: 7284K(7360K)->7284K(7360K) Class: 1125K(1216K)->1125K(1216K)
[4.253s][info][gc             ] GC(23) Pause Young (Normal) (G1 Evacuation Pause) 344M->35M(551M) 7.933ms
[4.253s][info][gc,cpu         ] GC(23) User=0.00s Sys=0.00s Real=0.00s
[4.398s][info][gc,start       ] GC(24) Pause Young (Normal) (G1 Evacuation Pause)
[4.398s][info][gc,task        ] GC(24) Using 13 workers of 33 for evacuation
[4.407s][info][gc,phases      ] GC(24)   Pre Evacuate Collection Set: 0.1ms
[4.407s][info][gc,phases      ] GC(24)   Merge Heap Roots: 0.2ms
[4.407s][info][gc,phases      ] GC(24)   Evacuate Collection Set: 8.1ms
[4.407s][info][gc,phases      ] GC(24)   Post Evacuate Collection Set: 0.5ms
[4.407s][info][gc,phases      ] GC(24)   Other: 0.2ms
[4.407s][info][gc,heap        ] GC(24) Eden regions: 309->0(307)
[4.407s][info][gc,heap        ] GC(24) Survivor regions: 21->23(42)
[4.407s][info][gc,heap        ] GC(24) Old regions: 32->32
[4.407s][info][gc,heap        ] GC(24) Archive regions: 0->0
[4.407s][info][gc,heap        ] GC(24) Humongous regions: 3->3
[4.407s][info][gc,metaspace   ] GC(24) Metaspace: 8410K(8576K)->8410K(8576K) NonClass: 7284K(7360K)->7284K(7360K) Class: 1125K(1216K)->1125K(1216K)
[4.407s][info][gc             ] GC(24) Pause Young (Normal) (G1 Evacuation Pause) 344M->37M(551M) 9.538ms
[4.408s][info][gc,cpu         ] GC(24) User=0.20s Sys=0.00s Real=0.02s
[4.544s][info][gc,start       ] GC(25) Pause Young (Normal) (G1 Evacuation Pause)
[4.544s][info][gc,task        ] GC(25) Using 13 workers of 33 for evacuation
[4.555s][info][gc,phases      ] GC(25)   Pre Evacuate Collection Set: 0.1ms
[4.555s][info][gc,phases      ] GC(25)   Merge Heap Roots: 0.2ms
[4.555s][info][gc,phases      ] GC(25)   Evacuate Collection Set: 9.6ms
[4.555s][info][gc,phases      ] GC(25)   Post Evacuate Collection Set: 0.4ms
[4.555s][info][gc,phases      ] GC(25)   Other: 0.1ms
[4.555s][info][gc,heap        ] GC(25) Eden regions: 307->0(307)
[4.555s][info][gc,heap        ] GC(25) Survivor regions: 23->23(42)
[4.555s][info][gc,heap        ] GC(25) Old regions: 32->32
[4.555s][info][gc,heap        ] GC(25) Archive regions: 0->0
[4.555s][info][gc,heap        ] GC(25) Humongous regions: 3->3
[4.555s][info][gc,metaspace   ] GC(25) Metaspace: 8410K(8576K)->8410K(8576K) NonClass: 7284K(7360K)->7284K(7360K) Class: 1125K(1216K)->1125K(1216K)
[4.555s][info][gc             ] GC(25) Pause Young (Normal) (G1 Evacuation Pause) 344M->38M(551M) 10.873ms
[4.555s][info][gc,cpu         ] GC(25) User=0.00s Sys=0.00s Real=0.00s
[4.702s][info][gc,start       ] GC(26) Pause Young (Normal) (G1 Evacuation Pause)
[4.702s][info][gc,task        ] GC(26) Using 13 workers of 33 for evacuation
[4.711s][info][gc,phases      ] GC(26)   Pre Evacuate Collection Set: 0.1ms
[4.711s][info][gc,phases      ] GC(26)   Merge Heap Roots: 0.2ms
[4.711s][info][gc,phases      ] GC(26)   Evacuate Collection Set: 7.6ms
[4.711s][info][gc,phases      ] GC(26)   Post Evacuate Collection Set: 0.5ms
[4.711s][info][gc,phases      ] GC(26)   Other: 0.2ms
[4.711s][info][gc,heap        ] GC(26) Eden regions: 307->0(306)
[4.711s][info][gc,heap        ] GC(26) Survivor regions: 23->24(42)
[4.711s][info][gc,heap        ] GC(26) Old regions: 32->32
[4.711s][info][gc,heap        ] GC(26) Archive regions: 0->0
[4.711s][info][gc,heap        ] GC(26) Humongous regions: 3->3
[4.711s][info][gc,metaspace   ] GC(26) Metaspace: 8410K(8576K)->8410K(8576K) NonClass: 7284K(7360K)->7284K(7360K) Class: 1125K(1216K)->1125K(1216K)
[4.711s][info][gc             ] GC(26) Pause Young (Normal) (G1 Evacuation Pause) 345M->39M(551M) 9.042ms
[4.711s][info][gc,cpu         ] GC(26) User=0.00s Sys=0.00s Real=0.00s
[5.331s][info][gc,start       ] GC(27) Pause Full (System.gc())
[5.331s][info][gc,task        ] GC(27) Using 13 workers of 33 for full compaction
[5.332s][info][gc,phases,start] GC(27) Phase 1: Mark live objects
[5.336s][info][gc,phases      ] GC(27) Phase 1: Mark live objects 4.259ms
[5.336s][info][gc,phases,start] GC(27) Phase 2: Prepare compaction
[5.338s][info][gc,phases      ] GC(27) Phase 2: Prepare compaction 2.010ms
[5.338s][info][gc,phases,start] GC(27) Phase 3: Adjust pointers
[5.340s][info][gc,phases      ] GC(27) Phase 3: Adjust pointers 1.357ms
[5.340s][info][gc,phases,start] GC(27) Phase 4: Compact heap
[5.340s][info][gc,phases      ] GC(27) Phase 4: Compact heap 0.864ms
[5.346s][info][gc,heap        ] GC(27) Eden regions: 233->0(26)
[5.346s][info][gc,heap        ] GC(27) Survivor regions: 24->0(42)
[5.346s][info][gc,heap        ] GC(27) Old regions: 32->13
[5.346s][info][gc,heap        ] GC(27) Archive regions: 0->0
[5.346s][info][gc,heap        ] GC(27) Humongous regions: 22->0
[5.346s][info][gc,metaspace   ] GC(27) Metaspace: 8596K(8832K)->8596K(8832K) NonClass: 7444K(7552K)->7444K(7552K) Class: 1151K(1280K)->1151K(1280K)
[5.346s][info][gc             ] GC(27) Pause Full (System.gc()) 290M->3M(44M) 15.197ms
[5.346s][info][gc,cpu         ] GC(27) User=0.02s Sys=0.13s Real=0.02s
[5.375s][info][gc,start       ] GC(28) Pause Young (Normal) (G1 Evacuation Pause)
[5.375s][info][gc,task        ] GC(28) Using 7 workers of 33 for evacuation
[5.376s][info][gc,phases      ] GC(28)   Pre Evacuate Collection Set: 0.1ms
[5.376s][info][gc,phases      ] GC(28)   Merge Heap Roots: 0.0ms
[5.376s][info][gc,phases      ] GC(28)   Evacuate Collection Set: 0.3ms
[5.376s][info][gc,phases      ] GC(28)   Post Evacuate Collection Set: 0.3ms
[5.376s][info][gc,phases      ] GC(28)   Other: 0.1ms
[5.376s][info][gc,heap        ] GC(28) Eden regions: 26->0(20)
[5.376s][info][gc,heap        ] GC(28) Survivor regions: 0->4(4)
[5.376s][info][gc,heap        ] GC(28) Old regions: 13->13
[5.376s][info][gc,heap        ] GC(28) Archive regions: 0->0
[5.376s][info][gc,heap        ] GC(28) Humongous regions: 0->0
[5.376s][info][gc,metaspace   ] GC(28) Metaspace: 8596K(8832K)->8596K(8832K) NonClass: 7444K(7552K)->7444K(7552K) Class: 1151K(1280K)->1151K(1280K)
[5.376s][info][gc             ] GC(28) Pause Young (Normal) (G1 Evacuation Pause) 29M->6M(44M) 1.276ms
[5.376s][info][gc,cpu         ] GC(28) User=0.00s Sys=0.00s Real=0.00s
[5.398s][info][gc,start       ] GC(29) Pause Young (Normal) (G1 Evacuation Pause)
[5.398s][info][gc,task        ] GC(29) Using 4 workers of 33 for evacuation
[5.399s][info][gc,phases      ] GC(29)   Pre Evacuate Collection Set: 0.1ms
[5.399s][info][gc,phases      ] GC(29)   Merge Heap Roots: 0.0ms
[5.399s][info][gc,phases      ] GC(29)   Evacuate Collection Set: 0.3ms
[5.399s][info][gc,phases      ] GC(29)   Post Evacuate Collection Set: 0.2ms
[5.399s][info][gc,phases      ] GC(29)   Other: 0.1ms
[5.399s][info][gc,heap        ] GC(29) Eden regions: 20->0(25)
[5.399s][info][gc,heap        ] GC(29) Survivor regions: 4->1(3)
[5.399s][info][gc,heap        ] GC(29) Old regions: 13->13
[5.399s][info][gc,heap        ] GC(29) Archive regions: 0->0
[5.399s][info][gc,heap        ] GC(29) Humongous regions: 0->0
[5.399s][info][gc,metaspace   ] GC(29) Metaspace: 8596K(8832K)->8596K(8832K) NonClass: 7444K(7552K)->7444K(7552K) Class: 1151K(1280K)->1151K(1280K)
[5.399s][info][gc             ] GC(29) Pause Young (Normal) (G1 Evacuation Pause) 26M->4M(44M) 1.123ms
[5.399s][info][gc,cpu         ] GC(29) User=0.00s Sys=0.00s Real=0.00s
[5.413s][info][gc,start       ] GC(30) Pause Young (Normal) (G1 Evacuation Pause)
[5.413s][info][gc,task        ] GC(30) Using 3 workers of 33 for evacuation
[5.414s][info][gc,phases      ] GC(30)   Pre Evacuate Collection Set: 0.1ms
[5.414s][info][gc,phases      ] GC(30)   Merge Heap Roots: 0.0ms
[5.414s][info][gc,phases      ] GC(30)   Evacuate Collection Set: 0.7ms
[5.414s][info][gc,phases      ] GC(30)   Post Evacuate Collection Set: 0.2ms
[5.414s][info][gc,phases      ] GC(30)   Other: 0.1ms
[5.415s][info][gc,heap        ] GC(30) Eden regions: 25->0(25)
[5.415s][info][gc,heap        ] GC(30) Survivor regions: 1->1(4)
[5.415s][info][gc,heap        ] GC(30) Old regions: 13->13
[5.415s][info][gc,heap        ] GC(30) Archive regions: 0->0
[5.415s][info][gc,heap        ] GC(30) Humongous regions: 0->0
[5.415s][info][gc,metaspace   ] GC(30) Metaspace: 8596K(8832K)->8596K(8832K) NonClass: 7444K(7552K)->7444K(7552K) Class: 1151K(1280K)->1151K(1280K)
[5.415s][info][gc             ] GC(30) Pause Young (Normal) (G1 Evacuation Pause) 29M->3M(44M) 1.708ms
[5.415s][info][gc,cpu         ] GC(30) User=0.00s Sys=0.00s Real=0.00s
[5.427s][info][gc,start       ] GC(31) Pause Young (Normal) (G1 Evacuation Pause)
[5.427s][info][gc,task        ] GC(31) Using 2 workers of 33 for evacuation
[5.431s][info][gc,phases      ] GC(31)   Pre Evacuate Collection Set: 0.1ms
[5.431s][info][gc,phases      ] GC(31)   Merge Heap Roots: 0.0ms
[5.431s][info][gc,phases      ] GC(31)   Evacuate Collection Set: 0.9ms
[5.431s][info][gc,phases      ] GC(31)   Post Evacuate Collection Set: 2.4ms
[5.431s][info][gc,phases      ] GC(31)   Other: 0.1ms
[5.431s][info][gc,heap        ] GC(31) Eden regions: 25->0(319)
[5.431s][info][gc,heap        ] GC(31) Survivor regions: 1->1(4)
[5.431s][info][gc,heap        ] GC(31) Old regions: 13->13
[5.431s][info][gc,heap        ] GC(31) Archive regions: 0->0
[5.431s][info][gc,heap        ] GC(31) Humongous regions: 0->0
[5.431s][info][gc,metaspace   ] GC(31) Metaspace: 8596K(8832K)->8596K(8832K) NonClass: 7444K(7552K)->7444K(7552K) Class: 1151K(1280K)->1151K(1280K)
[5.431s][info][gc             ] GC(31) Pause Young (Normal) (G1 Evacuation Pause) 28M->3M(534M) 4.013ms
[5.431s][info][gc,cpu         ] GC(31) User=0.03s Sys=0.00s Real=0.02s
[5.592s][info][gc,start       ] GC(32) Pause Young (Normal) (G1 Evacuation Pause)
[5.592s][info][gc,task        ] GC(32) Using 12 workers of 33 for evacuation
[5.593s][info][gc,phases      ] GC(32)   Pre Evacuate Collection Set: 0.1ms
[5.593s][info][gc,phases      ] GC(32)   Merge Heap Roots: 0.1ms
[5.593s][info][gc,phases      ] GC(32)   Evacuate Collection Set: 0.8ms
[5.593s][info][gc,phases      ] GC(32)   Post Evacuate Collection Set: 0.4ms
[5.593s][info][gc,phases      ] GC(32)   Other: 0.1ms
[5.593s][info][gc,heap        ] GC(32) Eden regions: 319->0(318)
[5.593s][info][gc,heap        ] GC(32) Survivor regions: 1->2(40)
[5.593s][info][gc,heap        ] GC(32) Old regions: 13->13
[5.593s][info][gc,heap        ] GC(32) Archive regions: 0->0
[5.593s][info][gc,heap        ] GC(32) Humongous regions: 0->0
[5.594s][info][gc,metaspace   ] GC(32) Metaspace: 8596K(8832K)->8596K(8832K) NonClass: 7444K(7552K)->7444K(7552K) Class: 1151K(1280K)->1151K(1280K)
[5.594s][info][gc             ] GC(32) Pause Young (Normal) (G1 Evacuation Pause) 322M->4M(534M) 2.075ms
[5.594s][info][gc,cpu         ] GC(32) User=0.00s Sys=0.00s Real=0.00s
[5.759s][info][gc,start       ] GC(33) Pause Young (Normal) (G1 Evacuation Pause)
[5.759s][info][gc,task        ] GC(33) Using 12 workers of 33 for evacuation
[5.761s][info][gc,phases      ] GC(33)   Pre Evacuate Collection Set: 0.1ms
[5.761s][info][gc,phases      ] GC(33)   Merge Heap Roots: 0.1ms
[5.761s][info][gc,phases      ] GC(33)   Evacuate Collection Set: 1.2ms
[5.761s][info][gc,phases      ] GC(33)   Post Evacuate Collection Set: 0.4ms
[5.761s][info][gc,phases      ] GC(33)   Other: 0.2ms
[5.761s][info][gc,heap        ] GC(33) Eden regions: 318->0(317)
[5.761s][info][gc,heap        ] GC(33) Survivor regions: 2->3(40)
[5.761s][info][gc,heap        ] GC(33) Old regions: 13->13
[5.761s][info][gc,heap        ] GC(33) Archive regions: 0->0
[5.761s][info][gc,heap        ] GC(33) Humongous regions: 0->0
[5.761s][info][gc,metaspace   ] GC(33) Metaspace: 8596K(8832K)->8596K(8832K) NonClass: 7444K(7552K)->7444K(7552K) Class: 1151K(1280K)->1151K(1280K)
[5.761s][info][gc             ] GC(33) Pause Young (Normal) (G1 Evacuation Pause) 322M->5M(534M) 2.534ms
[5.761s][info][gc,cpu         ] GC(33) User=0.00s Sys=0.00s Real=0.00s
[5.944s][info][gc,start       ] GC(34) Pause Young (Normal) (G1 Evacuation Pause)
[5.944s][info][gc,task        ] GC(34) Using 12 workers of 33 for evacuation
[5.947s][info][gc,phases      ] GC(34)   Pre Evacuate Collection Set: 0.1ms
[5.947s][info][gc,phases      ] GC(34)   Merge Heap Roots: 0.1ms
[5.947s][info][gc,phases      ] GC(34)   Evacuate Collection Set: 1.4ms
[5.947s][info][gc,phases      ] GC(34)   Post Evacuate Collection Set: 0.4ms
[5.947s][info][gc,phases      ] GC(34)   Other: 0.2ms
[5.947s][info][gc,heap        ] GC(34) Eden regions: 317->0(316)
[5.947s][info][gc,heap        ] GC(34) Survivor regions: 3->4(40)
[5.947s][info][gc,heap        ] GC(34) Old regions: 13->13
[5.947s][info][gc,heap        ] GC(34) Archive regions: 0->0
[5.947s][info][gc,heap        ] GC(34) Humongous regions: 0->0
[5.947s][info][gc,metaspace   ] GC(34) Metaspace: 8596K(8832K)->8596K(8832K) NonClass: 7444K(7552K)->7444K(7552K) Class: 1151K(1280K)->1151K(1280K)
[5.947s][info][gc             ] GC(34) Pause Young (Normal) (G1 Evacuation Pause) 322M->6M(534M) 2.848ms
[5.947s][info][gc,cpu         ] GC(34) User=0.00s Sys=0.00s Real=0.00s
[6.120s][info][gc,start       ] GC(35) Pause Young (Normal) (G1 Evacuation Pause)
[6.121s][info][gc,task        ] GC(35) Using 12 workers of 33 for evacuation
[6.123s][info][gc,phases      ] GC(35)   Pre Evacuate Collection Set: 0.1ms
[6.123s][info][gc,phases      ] GC(35)   Merge Heap Roots: 0.1ms
[6.123s][info][gc,phases      ] GC(35)   Evacuate Collection Set: 1.7ms
[6.123s][info][gc,phases      ] GC(35)   Post Evacuate Collection Set: 0.5ms
[6.123s][info][gc,phases      ] GC(35)   Other: 0.2ms
[6.123s][info][gc,heap        ] GC(35) Eden regions: 316->0(315)
[6.123s][info][gc,heap        ] GC(35) Survivor regions: 4->5(40)
[6.123s][info][gc,heap        ] GC(35) Old regions: 13->13
[6.123s][info][gc,heap        ] GC(35) Archive regions: 0->0
[6.123s][info][gc,heap        ] GC(35) Humongous regions: 0->0
[6.123s][info][gc,metaspace   ] GC(35) Metaspace: 8596K(8832K)->8596K(8832K) NonClass: 7444K(7552K)->7444K(7552K) Class: 1151K(1280K)->1151K(1280K)
[6.124s][info][gc             ] GC(35) Pause Young (Normal) (G1 Evacuation Pause) 322M->7M(534M) 3.100ms
[6.124s][info][gc,cpu         ] GC(35) User=0.02s Sys=0.00s Real=0.02s
[6.294s][info][gc,start       ] GC(36) Pause Young (Normal) (G1 Evacuation Pause)
[6.294s][info][gc,task        ] GC(36) Using 12 workers of 33 for evacuation
[6.297s][info][gc,phases      ] GC(36)   Pre Evacuate Collection Set: 0.1ms
[6.297s][info][gc,phases      ] GC(36)   Merge Heap Roots: 0.1ms
[6.297s][info][gc,phases      ] GC(36)   Evacuate Collection Set: 2.2ms
[6.297s][info][gc,phases      ] GC(36)   Post Evacuate Collection Set: 0.4ms
[6.297s][info][gc,phases      ] GC(36)   Other: 0.1ms
[6.297s][info][gc,heap        ] GC(36) Eden regions: 315->0(314)
[6.297s][info][gc,heap        ] GC(36) Survivor regions: 5->6(40)
[6.297s][info][gc,heap        ] GC(36) Old regions: 13->13
[6.297s][info][gc,heap        ] GC(36) Archive regions: 0->0
[6.298s][info][gc,heap        ] GC(36) Humongous regions: 0->0
[6.298s][info][gc,metaspace   ] GC(36) Metaspace: 8596K(8832K)->8596K(8832K) NonClass: 7444K(7552K)->7444K(7552K) Class: 1151K(1280K)->1151K(1280K)
[6.298s][info][gc             ] GC(36) Pause Young (Normal) (G1 Evacuation Pause) 322M->9M(534M) 3.535ms
[6.298s][info][gc,cpu         ] GC(36) User=0.19s Sys=0.00s Real=0.01s
[6.462s][info][gc,start       ] GC(37) Pause Young (Normal) (G1 Evacuation Pause)
[6.462s][info][gc,task        ] GC(37) Using 12 workers of 33 for evacuation
[6.465s][info][gc,phases      ] GC(37)   Pre Evacuate Collection Set: 0.1ms
[6.465s][info][gc,phases      ] GC(37)   Merge Heap Roots: 0.1ms
[6.465s][info][gc,phases      ] GC(37)   Evacuate Collection Set: 2.2ms
[6.466s][info][gc,phases      ] GC(37)   Post Evacuate Collection Set: 0.4ms
[6.466s][info][gc,phases      ] GC(37)   Other: 0.2ms
[6.466s][info][gc,heap        ] GC(37) Eden regions: 314->0(313)
[6.466s][info][gc,heap        ] GC(37) Survivor regions: 6->7(40)
[6.466s][info][gc,heap        ] GC(37) Old regions: 13->13
[6.466s][info][gc,heap        ] GC(37) Archive regions: 0->0
[6.466s][info][gc,heap        ] GC(37) Humongous regions: 0->0
[6.466s][info][gc,metaspace   ] GC(37) Metaspace: 8596K(8832K)->8596K(8832K) NonClass: 7444K(7552K)->7444K(7552K) Class: 1151K(1280K)->1151K(1280K)
[6.466s][info][gc             ] GC(37) Pause Young (Normal) (G1 Evacuation Pause) 323M->10M(534M) 3.680ms
[6.466s][info][gc,cpu         ] GC(37) User=0.19s Sys=0.00s Real=0.02s
[6.638s][info][gc,start       ] GC(38) Pause Young (Normal) (G1 Evacuation Pause)
[6.638s][info][gc,task        ] GC(38) Using 12 workers of 33 for evacuation
[6.641s][info][gc,phases      ] GC(38)   Pre Evacuate Collection Set: 0.1ms
[6.641s][info][gc,phases      ] GC(38)   Merge Heap Roots: 0.1ms
[6.641s][info][gc,phases      ] GC(38)   Evacuate Collection Set: 2.6ms
[6.641s][info][gc,phases      ] GC(38)   Post Evacuate Collection Set: 0.4ms
[6.641s][info][gc,phases      ] GC(38)   Other: 0.1ms
[6.641s][info][gc,heap        ] GC(38) Eden regions: 313->0(312)
[6.641s][info][gc,heap        ] GC(38) Survivor regions: 7->8(40)
[6.641s][info][gc,heap        ] GC(38) Old regions: 13->13
[6.641s][info][gc,heap        ] GC(38) Archive regions: 0->0
[6.641s][info][gc,heap        ] GC(38) Humongous regions: 0->0
[6.642s][info][gc,metaspace   ] GC(38) Metaspace: 8596K(8832K)->8596K(8832K) NonClass: 7444K(7552K)->7444K(7552K) Class: 1151K(1280K)->1151K(1280K)
[6.642s][info][gc             ] GC(38) Pause Young (Normal) (G1 Evacuation Pause) 323M->11M(534M) 3.818ms
[6.642s][info][gc,cpu         ] GC(38) User=0.00s Sys=0.00s Real=0.00s
[6.817s][info][gc,start       ] GC(39) Pause Young (Normal) (G1 Evacuation Pause)
[6.817s][info][gc,task        ] GC(39) Using 12 workers of 33 for evacuation
[6.821s][info][gc,phases      ] GC(39)   Pre Evacuate Collection Set: 0.1ms
[6.821s][info][gc,phases      ] GC(39)   Merge Heap Roots: 0.1ms
[6.821s][info][gc,phases      ] GC(39)   Evacuate Collection Set: 3.0ms
[6.821s][info][gc,phases      ] GC(39)   Post Evacuate Collection Set: 0.4ms
[6.821s][info][gc,phases      ] GC(39)   Other: 0.1ms
[6.821s][info][gc,heap        ] GC(39) Eden regions: 312->0(311)
[6.821s][info][gc,heap        ] GC(39) Survivor regions: 8->9(40)
[6.821s][info][gc,heap        ] GC(39) Old regions: 13->13
[6.821s][info][gc,heap        ] GC(39) Archive regions: 0->0
[6.821s][info][gc,heap        ] GC(39) Humongous regions: 0->0
[6.821s][info][gc,metaspace   ] GC(39) Metaspace: 8596K(8832K)->8596K(8832K) NonClass: 7444K(7552K)->7444K(7552K) Class: 1151K(1280K)->1151K(1280K)
[6.821s][info][gc             ] GC(39) Pause Young (Normal) (G1 Evacuation Pause) 323M->11M(534M) 4.274ms
[6.822s][info][gc,cpu         ] GC(39) User=0.00s Sys=0.02s Real=0.01s
[6.992s][info][gc,start       ] GC(40) Pause Young (Normal) (G1 Evacuation Pause)
[6.992s][info][gc,task        ] GC(40) Using 12 workers of 33 for evacuation
[6.996s][info][gc,phases      ] GC(40)   Pre Evacuate Collection Set: 0.1ms
[6.996s][info][gc,phases      ] GC(40)   Merge Heap Roots: 0.1ms
[6.996s][info][gc,phases      ] GC(40)   Evacuate Collection Set: 3.7ms
[6.996s][info][gc,phases      ] GC(40)   Post Evacuate Collection Set: 0.4ms
[6.996s][info][gc,phases      ] GC(40)   Other: 0.1ms
[6.996s][info][gc,heap        ] GC(40) Eden regions: 311->0(310)
[6.996s][info][gc,heap        ] GC(40) Survivor regions: 9->10(40)
[6.996s][info][gc,heap        ] GC(40) Old regions: 13->13
[6.996s][info][gc,heap        ] GC(40) Archive regions: 0->0
[6.996s][info][gc,heap        ] GC(40) Humongous regions: 0->0
[6.997s][info][gc,metaspace   ] GC(40) Metaspace: 8596K(8832K)->8596K(8832K) NonClass: 7444K(7552K)->7444K(7552K) Class: 1151K(1280K)->1151K(1280K)
[6.997s][info][gc             ] GC(40) Pause Young (Normal) (G1 Evacuation Pause) 322M->13M(534M) 4.947ms
[6.997s][info][gc,cpu         ] GC(40) User=0.00s Sys=0.00s Real=0.00s
[7.153s][info][gc,start       ] GC(41) Pause Young (Normal) (G1 Evacuation Pause)
[7.153s][info][gc,task        ] GC(41) Using 12 workers of 33 for evacuation
[7.157s][info][gc,phases      ] GC(41)   Pre Evacuate Collection Set: 0.1ms
[7.157s][info][gc,phases      ] GC(41)   Merge Heap Roots: 0.1ms
[7.157s][info][gc,phases      ] GC(41)   Evacuate Collection Set: 3.3ms
[7.157s][info][gc,phases      ] GC(41)   Post Evacuate Collection Set: 0.4ms
[7.157s][info][gc,phases      ] GC(41)   Other: 0.1ms
[7.157s][info][gc,heap        ] GC(41) Eden regions: 310->0(309)
[7.157s][info][gc,heap        ] GC(41) Survivor regions: 10->11(40)
[7.157s][info][gc,heap        ] GC(41) Old regions: 13->13
[7.157s][info][gc,heap        ] GC(41) Archive regions: 0->0
[7.157s][info][gc,heap        ] GC(41) Humongous regions: 0->0
[7.157s][info][gc,metaspace   ] GC(41) Metaspace: 8596K(8832K)->8596K(8832K) NonClass: 7444K(7552K)->7444K(7552K) Class: 1151K(1280K)->1151K(1280K)
[7.157s][info][gc             ] GC(41) Pause Young (Normal) (G1 Evacuation Pause) 323M->14M(534M) 4.521ms
[7.157s][info][gc,cpu         ] GC(41) User=0.00s Sys=0.00s Real=0.00s
[7.320s][info][gc,start       ] GC(42) Pause Young (Normal) (G1 Evacuation Pause)
[7.320s][info][gc,task        ] GC(42) Using 12 workers of 33 for evacuation
[7.325s][info][gc,phases      ] GC(42)   Pre Evacuate Collection Set: 0.1ms
[7.325s][info][gc,phases      ] GC(42)   Merge Heap Roots: 0.1ms
[7.325s][info][gc,phases      ] GC(42)   Evacuate Collection Set: 3.6ms
[7.325s][info][gc,phases      ] GC(42)   Post Evacuate Collection Set: 0.4ms
[7.325s][info][gc,phases      ] GC(42)   Other: 0.2ms
[7.325s][info][gc,heap        ] GC(42) Eden regions: 309->0(308)
[7.325s][info][gc,heap        ] GC(42) Survivor regions: 11->12(40)
[7.325s][info][gc,heap        ] GC(42) Old regions: 13->13
[7.325s][info][gc,heap        ] GC(42) Archive regions: 0->0
[7.325s][info][gc,heap        ] GC(42) Humongous regions: 0->0
[7.325s][info][gc,metaspace   ] GC(42) Metaspace: 8596K(8832K)->8596K(8832K) NonClass: 7444K(7552K)->7444K(7552K) Class: 1151K(1280K)->1151K(1280K)
[7.325s][info][gc             ] GC(42) Pause Young (Normal) (G1 Evacuation Pause) 323M->15M(534M) 4.940ms
[7.325s][info][gc,cpu         ] GC(42) User=0.00s Sys=0.00s Real=0.00s
[7.488s][info][gc,start       ] GC(43) Pause Young (Normal) (G1 Evacuation Pause)
[7.488s][info][gc,task        ] GC(43) Using 12 workers of 33 for evacuation
[7.493s][info][gc,phases      ] GC(43)   Pre Evacuate Collection Set: 0.1ms
[7.493s][info][gc,phases      ] GC(43)   Merge Heap Roots: 0.1ms
[7.493s][info][gc,phases      ] GC(43)   Evacuate Collection Set: 3.9ms
[7.493s][info][gc,phases      ] GC(43)   Post Evacuate Collection Set: 0.4ms
[7.493s][info][gc,phases      ] GC(43)   Other: 0.2ms
[7.493s][info][gc,heap        ] GC(43) Eden regions: 308->0(307)
[7.493s][info][gc,heap        ] GC(43) Survivor regions: 12->13(40)
[7.493s][info][gc,heap        ] GC(43) Old regions: 13->14
[7.493s][info][gc,heap        ] GC(43) Archive regions: 0->0
[7.493s][info][gc,heap        ] GC(43) Humongous regions: 0->0
[7.493s][info][gc,metaspace   ] GC(43) Metaspace: 8596K(8832K)->8596K(8832K) NonClass: 7444K(7552K)->7444K(7552K) Class: 1151K(1280K)->1151K(1280K)
[7.494s][info][gc             ] GC(43) Pause Young (Normal) (G1 Evacuation Pause) 323M->16M(534M) 5.175ms
[7.494s][info][gc,cpu         ] GC(43) User=0.00s Sys=0.00s Real=0.00s
[7.650s][info][gc,start       ] GC(44) Pause Young (Normal) (G1 Evacuation Pause)
[7.650s][info][gc,task        ] GC(44) Using 12 workers of 33 for evacuation
[7.655s][info][gc,phases      ] GC(44)   Pre Evacuate Collection Set: 0.1ms
[7.655s][info][gc,phases      ] GC(44)   Merge Heap Roots: 0.1ms
[7.655s][info][gc,phases      ] GC(44)   Evacuate Collection Set: 4.0ms
[7.655s][info][gc,phases      ] GC(44)   Post Evacuate Collection Set: 0.4ms
[7.655s][info][gc,phases      ] GC(44)   Other: 0.1ms
[7.655s][info][gc,heap        ] GC(44) Eden regions: 307->0(306)
[7.655s][info][gc,heap        ] GC(44) Survivor regions: 13->14(40)
[7.655s][info][gc,heap        ] GC(44) Old regions: 14->14
[7.655s][info][gc,heap        ] GC(44) Archive regions: 0->0
[7.655s][info][gc,heap        ] GC(44) Humongous regions: 0->0
[7.655s][info][gc,metaspace   ] GC(44) Metaspace: 8596K(8832K)->8596K(8832K) NonClass: 7444K(7552K)->7444K(7552K) Class: 1151K(1280K)->1151K(1280K)
[7.655s][info][gc             ] GC(44) Pause Young (Normal) (G1 Evacuation Pause) 323M->16M(534M) 5.221ms
[7.655s][info][gc,cpu         ] GC(44) User=0.00s Sys=0.00s Real=0.00s
[7.843s][info][gc,start       ] GC(45) Pause Young (Normal) (G1 Evacuation Pause)
[7.843s][info][gc,task        ] GC(45) Using 12 workers of 33 for evacuation
[7.855s][info][gc,phases      ] GC(45)   Pre Evacuate Collection Set: 0.1ms
[7.855s][info][gc,phases      ] GC(45)   Merge Heap Roots: 0.2ms
[7.855s][info][gc,phases      ] GC(45)   Evacuate Collection Set: 11.3ms
[7.855s][info][gc,phases      ] GC(45)   Post Evacuate Collection Set: 0.4ms
[7.855s][info][gc,phases      ] GC(45)   Other: 0.2ms
[7.856s][info][gc,heap        ] GC(45) Eden regions: 306->0(294)
[7.856s][info][gc,heap        ] GC(45) Survivor regions: 14->26(40)
[7.856s][info][gc,heap        ] GC(45) Old regions: 14->14
[7.856s][info][gc,heap        ] GC(45) Archive regions: 0->0
[7.856s][info][gc,heap        ] GC(45) Humongous regions: 3->3
[7.856s][info][gc,metaspace   ] GC(45) Metaspace: 8596K(8832K)->8596K(8832K) NonClass: 7444K(7552K)->7444K(7552K) Class: 1151K(1280K)->1151K(1280K)
[7.856s][info][gc             ] GC(45) Pause Young (Normal) (G1 Evacuation Pause) 325M->31M(534M) 12.655ms
[7.856s][info][gc,cpu         ] GC(45) User=0.19s Sys=0.00s Real=0.02s
[8.042s][info][gc,start       ] GC(46) Pause Young (Normal) (G1 Evacuation Pause)
[8.043s][info][gc,task        ] GC(46) Using 12 workers of 33 for evacuation
[8.052s][info][gc,phases      ] GC(46)   Pre Evacuate Collection Set: 0.1ms
[8.052s][info][gc,phases      ] GC(46)   Merge Heap Roots: 0.2ms
[8.052s][info][gc,phases      ] GC(46)   Evacuate Collection Set: 8.3ms
[8.052s][info][gc,phases      ] GC(46)   Post Evacuate Collection Set: 0.5ms
[8.052s][info][gc,phases      ] GC(46)   Other: 0.2ms
[8.052s][info][gc,heap        ] GC(46) Eden regions: 294->0(298)
[8.052s][info][gc,heap        ] GC(46) Survivor regions: 26->22(40)
[8.052s][info][gc,heap        ] GC(46) Old regions: 14->18
[8.052s][info][gc,heap        ] GC(46) Archive regions: 0->0
[8.052s][info][gc,heap        ] GC(46) Humongous regions: 3->3
[8.052s][info][gc,metaspace   ] GC(46) Metaspace: 8596K(8832K)->8596K(8832K) NonClass: 7444K(7552K)->7444K(7552K) Class: 1151K(1280K)->1151K(1280K)
[8.052s][info][gc             ] GC(46) Pause Young (Normal) (G1 Evacuation Pause) 325M->32M(534M) 9.816ms
[8.052s][info][gc,cpu         ] GC(46) User=0.11s Sys=0.08s Real=0.01s
[8.205s][info][gc,start       ] GC(47) Pause Young (Normal) (G1 Evacuation Pause)
[8.205s][info][gc,task        ] GC(47) Using 12 workers of 33 for evacuation
[8.216s][info][gc,phases      ] GC(47)   Pre Evacuate Collection Set: 0.1ms
[8.216s][info][gc,phases      ] GC(47)   Merge Heap Roots: 0.1ms
[8.216s][info][gc,phases      ] GC(47)   Evacuate Collection Set: 9.5ms
[8.216s][info][gc,phases      ] GC(47)   Post Evacuate Collection Set: 0.5ms
[8.216s][info][gc,phases      ] GC(47)   Other: 0.2ms
[8.216s][info][gc,heap        ] GC(47) Eden regions: 298->0(297)
[8.216s][info][gc,heap        ] GC(47) Survivor regions: 22->23(40)
[8.216s][info][gc,heap        ] GC(47) Old regions: 18->18
[8.216s][info][gc,heap        ] GC(47) Archive regions: 0->0
[8.216s][info][gc,heap        ] GC(47) Humongous regions: 3->3
[8.216s][info][gc,metaspace   ] GC(47) Metaspace: 8596K(8832K)->8596K(8832K) NonClass: 7444K(7552K)->7444K(7552K) Class: 1151K(1280K)->1151K(1280K)
[8.216s][info][gc             ] GC(47) Pause Young (Normal) (G1 Evacuation Pause) 330M->33M(534M) 10.953ms
[8.216s][info][gc,cpu         ] GC(47) User=0.19s Sys=0.00s Real=0.01s
[8.373s][info][gc,start       ] GC(48) Pause Young (Normal) (G1 Evacuation Pause)
[8.373s][info][gc,task        ] GC(48) Using 12 workers of 33 for evacuation
[8.382s][info][gc,phases      ] GC(48)   Pre Evacuate Collection Set: 0.1ms
[8.382s][info][gc,phases      ] GC(48)   Merge Heap Roots: 0.1ms
[8.382s][info][gc,phases      ] GC(48)   Evacuate Collection Set: 8.2ms
[8.382s][info][gc,phases      ] GC(48)   Post Evacuate Collection Set: 0.5ms
[8.382s][info][gc,phases      ] GC(48)   Other: 0.2ms
[8.382s][info][gc,heap        ] GC(48) Eden regions: 297->0(300)
[8.382s][info][gc,heap        ] GC(48) Survivor regions: 23->20(40)
[8.382s][info][gc,heap        ] GC(48) Old regions: 18->22
[8.382s][info][gc,heap        ] GC(48) Archive regions: 0->0
[8.382s][info][gc,heap        ] GC(48) Humongous regions: 3->3
[8.382s][info][gc,metaspace   ] GC(48) Metaspace: 8596K(8832K)->8596K(8832K) NonClass: 7444K(7552K)->7444K(7552K) Class: 1151K(1280K)->1151K(1280K)
[8.382s][info][gc             ] GC(48) Pause Young (Normal) (G1 Evacuation Pause) 330M->34M(534M) 9.643ms
[8.382s][info][gc,cpu         ] GC(48) User=0.00s Sys=0.00s Real=0.00s
[8.564s][info][gc,start       ] GC(49) Pause Young (Normal) (G1 Evacuation Pause)
[8.564s][info][gc,task        ] GC(49) Using 12 workers of 33 for evacuation
[8.573s][info][gc,phases      ] GC(49)   Pre Evacuate Collection Set: 0.1ms
[8.573s][info][gc,phases      ] GC(49)   Merge Heap Roots: 0.4ms
[8.573s][info][gc,phases      ] GC(49)   Evacuate Collection Set: 7.9ms
[8.573s][info][gc,phases      ] GC(49)   Post Evacuate Collection Set: 0.4ms
[8.573s][info][gc,phases      ] GC(49)   Other: 0.2ms
[8.573s][info][gc,heap        ] GC(49) Eden regions: 300->0(300)
[8.573s][info][gc,heap        ] GC(49) Survivor regions: 20->20(40)
[8.573s][info][gc,heap        ] GC(49) Old regions: 22->22
[8.573s][info][gc,heap        ] GC(49) Archive regions: 0->0
[8.573s][info][gc,heap        ] GC(49) Humongous regions: 3->3
[8.573s][info][gc,metaspace   ] GC(49) Metaspace: 8596K(8832K)->8596K(8832K) NonClass: 7444K(7552K)->7444K(7552K) Class: 1151K(1280K)->1151K(1280K)
[8.573s][info][gc             ] GC(49) Pause Young (Normal) (G1 Evacuation Pause) 334M->35M(534M) 9.471ms
[8.573s][info][gc,cpu         ] GC(49) User=0.19s Sys=0.00s Real=0.01s
[8.737s][info][gc,start       ] GC(50) Pause Young (Normal) (G1 Evacuation Pause)
[8.737s][info][gc,task        ] GC(50) Using 12 workers of 33 for evacuation
[8.745s][info][gc,phases      ] GC(50)   Pre Evacuate Collection Set: 0.1ms
[8.745s][info][gc,phases      ] GC(50)   Merge Heap Roots: 0.2ms
[8.745s][info][gc,phases      ] GC(50)   Evacuate Collection Set: 7.3ms
[8.745s][info][gc,phases      ] GC(50)   Post Evacuate Collection Set: 0.4ms
[8.745s][info][gc,phases      ] GC(50)   Other: 0.2ms
[8.745s][info][gc,heap        ] GC(50) Eden regions: 300->0(299)
[8.745s][info][gc,heap        ] GC(50) Survivor regions: 20->21(40)
[8.745s][info][gc,heap        ] GC(50) Old regions: 22->22
[8.745s][info][gc,heap        ] GC(50) Archive regions: 0->0
[8.745s][info][gc,heap        ] GC(50) Humongous regions: 3->3
[8.745s][info][gc,metaspace   ] GC(50) Metaspace: 8596K(8832K)->8596K(8832K) NonClass: 7444K(7552K)->7444K(7552K) Class: 1151K(1280K)->1151K(1280K)
[8.745s][info][gc             ] GC(50) Pause Young (Normal) (G1 Evacuation Pause) 335M->35M(534M) 8.611ms
[8.745s][info][gc,cpu         ] GC(50) User=0.00s Sys=0.00s Real=0.00s
[8.902s][info][gc,start       ] GC(51) Pause Young (Normal) (G1 Evacuation Pause)
[8.902s][info][gc,task        ] GC(51) Using 12 workers of 33 for evacuation
[8.910s][info][gc,phases      ] GC(51)   Pre Evacuate Collection Set: 0.1ms
[8.910s][info][gc,phases      ] GC(51)   Merge Heap Roots: 0.2ms
[8.911s][info][gc,phases      ] GC(51)   Evacuate Collection Set: 7.6ms
[8.911s][info][gc,phases      ] GC(51)   Post Evacuate Collection Set: 0.4ms
[8.911s][info][gc,phases      ] GC(51)   Other: 0.2ms
[8.911s][info][gc,heap        ] GC(51) Eden regions: 299->0(298)
[8.911s][info][gc,heap        ] GC(51) Survivor regions: 21->22(40)
[8.911s][info][gc,heap        ] GC(51) Old regions: 22->22
[8.911s][info][gc,heap        ] GC(51) Archive regions: 0->0
[8.911s][info][gc,heap        ] GC(51) Humongous regions: 3->3
[8.911s][info][gc,metaspace   ] GC(51) Metaspace: 8596K(8832K)->8596K(8832K) NonClass: 7444K(7552K)->7444K(7552K) Class: 1151K(1280K)->1151K(1280K)
[8.911s][info][gc             ] GC(51) Pause Young (Normal) (G1 Evacuation Pause) 334M->37M(534M) 8.927ms
[8.911s][info][gc,cpu         ] GC(51) User=0.19s Sys=0.00s Real=0.02s
[9.068s][info][gc,start       ] GC(52) Pause Young (Normal) (G1 Evacuation Pause)
[9.068s][info][gc,task        ] GC(52) Using 12 workers of 33 for evacuation
[9.077s][info][gc,phases      ] GC(52)   Pre Evacuate Collection Set: 0.1ms
[9.077s][info][gc,phases      ] GC(52)   Merge Heap Roots: 0.2ms
[9.077s][info][gc,phases      ] GC(52)   Evacuate Collection Set: 7.9ms
[9.077s][info][gc,phases      ] GC(52)   Post Evacuate Collection Set: 0.4ms
[9.077s][info][gc,phases      ] GC(52)   Other: 0.2ms
[9.077s][info][gc,heap        ] GC(52) Eden regions: 298->0(311)
[9.077s][info][gc,heap        ] GC(52) Survivor regions: 22->9(40)
[9.077s][info][gc,heap        ] GC(52) Old regions: 22->36
[9.077s][info][gc,heap        ] GC(52) Archive regions: 0->0
[9.077s][info][gc,heap        ] GC(52) Humongous regions: 3->3
[9.077s][info][gc,metaspace   ] GC(52) Metaspace: 8596K(8832K)->8596K(8832K) NonClass: 7444K(7552K)->7444K(7552K) Class: 1151K(1280K)->1151K(1280K)
[9.077s][info][gc             ] GC(52) Pause Young (Normal) (G1 Evacuation Pause) 335M->38M(534M) 9.252ms
[9.077s][info][gc,cpu         ] GC(52) User=0.00s Sys=0.00s Real=0.00s
[9.235s][info][gc,start       ] GC(53) Pause Young (Normal) (G1 Evacuation Pause)
[9.235s][info][gc,task        ] GC(53) Using 12 workers of 33 for evacuation
[9.238s][info][gc,phases      ] GC(53)   Pre Evacuate Collection Set: 0.1ms
[9.238s][info][gc,phases      ] GC(53)   Merge Heap Roots: 0.1ms
[9.238s][info][gc,phases      ] GC(53)   Evacuate Collection Set: 2.4ms
[9.238s][info][gc,phases      ] GC(53)   Post Evacuate Collection Set: 0.4ms
[9.238s][info][gc,phases      ] GC(53)   Other: 0.2ms
[9.238s][info][gc,heap        ] GC(53) Eden regions: 311->0(310)
[9.238s][info][gc,heap        ] GC(53) Survivor regions: 9->10(40)
[9.238s][info][gc,heap        ] GC(53) Old regions: 36->36
[9.238s][info][gc,heap        ] GC(53) Archive regions: 0->0
[9.238s][info][gc,heap        ] GC(53) Humongous regions: 3->3
[9.238s][info][gc,metaspace   ] GC(53) Metaspace: 8596K(8832K)->8596K(8832K) NonClass: 7444K(7552K)->7444K(7552K) Class: 1151K(1280K)->1151K(1280K)
[9.238s][info][gc             ] GC(53) Pause Young (Normal) (G1 Evacuation Pause) 349M->38M(534M) 3.756ms
[9.238s][info][gc,cpu         ] GC(53) User=0.00s Sys=0.00s Real=0.00s
[9.753s][info][gc,start       ] GC(54) Pause Full (System.gc())
[9.753s][info][gc,task        ] GC(54) Using 12 workers of 33 for full compaction
[9.753s][info][gc,phases,start] GC(54) Phase 1: Mark live objects
[9.758s][info][gc,phases      ] GC(54) Phase 1: Mark live objects 5.003ms
[9.758s][info][gc,phases,start] GC(54) Phase 2: Prepare compaction
[9.760s][info][gc,phases      ] GC(54) Phase 2: Prepare compaction 1.171ms
[9.760s][info][gc,phases,start] GC(54) Phase 3: Adjust pointers
[9.762s][info][gc,phases      ] GC(54) Phase 3: Adjust pointers 2.700ms
[9.762s][info][gc,phases,start] GC(54) Phase 4: Compact heap
[9.763s][info][gc,phases      ] GC(54) Phase 4: Compact heap 0.668ms
[9.767s][info][gc,heap        ] GC(54) Eden regions: 213->0(24)
[9.767s][info][gc,heap        ] GC(54) Survivor regions: 10->0(40)
[9.767s][info][gc,heap        ] GC(54) Old regions: 36->12
[9.767s][info][gc,heap        ] GC(54) Archive regions: 0->0
[9.767s][info][gc,heap        ] GC(54) Humongous regions: 22->0
[9.767s][info][gc,metaspace   ] GC(54) Metaspace: 8596K(8832K)->8596K(8832K) NonClass: 7444K(7552K)->7444K(7552K) Class: 1151K(1280K)->1151K(1280K)
[9.767s][info][gc             ] GC(54) Pause Full (System.gc()) 270M->3M(40M) 14.423ms
[9.767s][info][gc,cpu         ] GC(54) User=0.09s Sys=0.00s Real=0.02s
[9.783s][info][gc,start       ] GC(55) Pause Young (Normal) (G1 Evacuation Pause)
[9.783s][info][gc,task        ] GC(55) Using 7 workers of 33 for evacuation
[9.784s][info][gc,phases      ] GC(55)   Pre Evacuate Collection Set: 0.1ms
[9.784s][info][gc,phases      ] GC(55)   Merge Heap Roots: 0.0ms
[9.784s][info][gc,phases      ] GC(55)   Evacuate Collection Set: 0.3ms
[9.784s][info][gc,phases      ] GC(55)   Post Evacuate Collection Set: 0.2ms
[9.784s][info][gc,phases      ] GC(55)   Other: 0.1ms
[9.784s][info][gc,heap        ] GC(55) Eden regions: 24->0(22)
[9.784s][info][gc,heap        ] GC(55) Survivor regions: 0->2(3)
[9.784s][info][gc,heap        ] GC(55) Old regions: 12->12
[9.784s][info][gc,heap        ] GC(55) Archive regions: 0->0
[9.784s][info][gc,heap        ] GC(55) Humongous regions: 0->0
[9.784s][info][gc,metaspace   ] GC(55) Metaspace: 8596K(8832K)->8596K(8832K) NonClass: 7444K(7552K)->7444K(7552K) Class: 1151K(1280K)->1151K(1280K)
[9.784s][info][gc             ] GC(55) Pause Young (Normal) (G1 Evacuation Pause) 27M->4M(40M) 1.226ms
[9.784s][info][gc,cpu         ] GC(55) User=0.00s Sys=0.00s Real=0.00s
[9.796s][info][gc,start       ] GC(56) Pause Young (Normal) (G1 Evacuation Pause)
[9.796s][info][gc,task        ] GC(56) Using 4 workers of 33 for evacuation
[9.797s][info][gc,phases      ] GC(56)   Pre Evacuate Collection Set: 0.1ms
[9.797s][info][gc,phases      ] GC(56)   Merge Heap Roots: 0.0ms
[9.797s][info][gc,phases      ] GC(56)   Evacuate Collection Set: 0.3ms
[9.797s][info][gc,phases      ] GC(56)   Post Evacuate Collection Set: 0.2ms
[9.797s][info][gc,phases      ] GC(56)   Other: 0.1ms
[9.797s][info][gc,heap        ] GC(56) Eden regions: 22->0(23)
[9.797s][info][gc,heap        ] GC(56) Survivor regions: 2->1(3)
[9.797s][info][gc,heap        ] GC(56) Old regions: 12->12
[9.797s][info][gc,heap        ] GC(56) Archive regions: 0->0
[9.797s][info][gc,heap        ] GC(56) Humongous regions: 0->0
[9.797s][info][gc,metaspace   ] GC(56) Metaspace: 8596K(8832K)->8596K(8832K) NonClass: 7444K(7552K)->7444K(7552K) Class: 1151K(1280K)->1151K(1280K)
[9.797s][info][gc             ] GC(56) Pause Young (Normal) (G1 Evacuation Pause) 26M->3M(40M) 1.108ms
[9.797s][info][gc,cpu         ] GC(56) User=0.00s Sys=0.00s Real=0.00s
[9.809s][info][gc,start       ] GC(57) Pause Young (Normal) (G1 Evacuation Pause)
[9.809s][info][gc,task        ] GC(57) Using 3 workers of 33 for evacuation
[9.810s][info][gc,phases      ] GC(57)   Pre Evacuate Collection Set: 0.1ms
[9.810s][info][gc,phases      ] GC(57)   Merge Heap Roots: 0.0ms
[9.810s][info][gc,phases      ] GC(57)   Evacuate Collection Set: 0.6ms
[9.810s][info][gc,phases      ] GC(57)   Post Evacuate Collection Set: 0.2ms
[9.810s][info][gc,phases      ] GC(57)   Other: 0.1ms
[9.810s][info][gc,heap        ] GC(57) Eden regions: 23->0(23)
[9.810s][info][gc,heap        ] GC(57) Survivor regions: 1->1(3)
[9.810s][info][gc,heap        ] GC(57) Old regions: 12->12
[9.810s][info][gc,heap        ] GC(57) Archive regions: 0->0
[9.810s][info][gc,heap        ] GC(57) Humongous regions: 0->0
[9.810s][info][gc,metaspace   ] GC(57) Metaspace: 8596K(8832K)->8596K(8832K) NonClass: 7444K(7552K)->7444K(7552K) Class: 1151K(1280K)->1151K(1280K)
[9.810s][info][gc             ] GC(57) Pause Young (Normal) (G1 Evacuation Pause) 26M->3M(40M) 1.462ms
[9.810s][info][gc,cpu         ] GC(57) User=0.00s Sys=0.00s Real=0.00s
[9.822s][info][gc,start       ] GC(58) Pause Young (Normal) (G1 Evacuation Pause)
[9.822s][info][gc,task        ] GC(58) Using 2 workers of 33 for evacuation
[9.826s][info][gc,phases      ] GC(58)   Pre Evacuate Collection Set: 0.1ms
[9.826s][info][gc,phases      ] GC(58)   Merge Heap Roots: 0.0ms
[9.826s][info][gc,phases      ] GC(58)   Evacuate Collection Set: 1.0ms
[9.826s][info][gc,phases      ] GC(58)   Post Evacuate Collection Set: 2.4ms
[9.826s][info][gc,phases      ] GC(58)   Other: 0.1ms
[9.826s][info][gc,heap        ] GC(58) Eden regions: 23->0(318)
[9.826s][info][gc,heap        ] GC(58) Survivor regions: 1->1(3)
[9.826s][info][gc,heap        ] GC(58) Old regions: 12->12
[9.826s][info][gc,heap        ] GC(58) Archive regions: 0->0
[9.826s][info][gc,heap        ] GC(58) Humongous regions: 0->0
[9.826s][info][gc,metaspace   ] GC(58) Metaspace: 8596K(8832K)->8596K(8832K) NonClass: 7444K(7552K)->7444K(7552K) Class: 1151K(1280K)->1151K(1280K)
[9.826s][info][gc             ] GC(58) Pause Young (Normal) (G1 Evacuation Pause) 26M->3M(532M) 4.038ms
[9.826s][info][gc,cpu         ] GC(58) User=0.00s Sys=0.00s Real=0.00s
[9.988s][info][gc,start       ] GC(59) Pause Young (Normal) (G1 Evacuation Pause)
[9.989s][info][gc,task        ] GC(59) Using 12 workers of 33 for evacuation
[9.990s][info][gc,phases      ] GC(59)   Pre Evacuate Collection Set: 0.1ms
[9.990s][info][gc,phases      ] GC(59)   Merge Heap Roots: 0.1ms
[9.990s][info][gc,phases      ] GC(59)   Evacuate Collection Set: 0.8ms
[9.990s][info][gc,phases      ] GC(59)   Post Evacuate Collection Set: 0.4ms
[9.990s][info][gc,phases      ] GC(59)   Other: 0.2ms
[9.990s][info][gc,heap        ] GC(59) Eden regions: 318->0(317)
[9.990s][info][gc,heap        ] GC(59) Survivor regions: 1->2(40)
[9.990s][info][gc,heap        ] GC(59) Old regions: 12->12
[9.990s][info][gc,heap        ] GC(59) Archive regions: 0->0
[9.990s][info][gc,heap        ] GC(59) Humongous regions: 0->0
[9.991s][info][gc,metaspace   ] GC(59) Metaspace: 8596K(8832K)->8596K(8832K) NonClass: 7444K(7552K)->7444K(7552K) Class: 1151K(1280K)->1151K(1280K)
[9.991s][info][gc             ] GC(59) Pause Young (Normal) (G1 Evacuation Pause) 321M->4M(532M) 2.160ms
[9.991s][info][gc,cpu         ] GC(59) User=0.00s Sys=0.02s Real=0.00s
[10.176s][info][gc,start       ] GC(60) Pause Young (Normal) (G1 Evacuation Pause)
[10.176s][info][gc,task        ] GC(60) Using 12 workers of 33 for evacuation
[10.178s][info][gc,phases      ] GC(60)   Pre Evacuate Collection Set: 0.1ms
[10.178s][info][gc,phases      ] GC(60)   Merge Heap Roots: 0.1ms
[10.178s][info][gc,phases      ] GC(60)   Evacuate Collection Set: 1.2ms
[10.178s][info][gc,phases      ] GC(60)   Post Evacuate Collection Set: 0.4ms
[10.178s][info][gc,phases      ] GC(60)   Other: 0.2ms
[10.178s][info][gc,heap        ] GC(60) Eden regions: 317->0(316)
[10.178s][info][gc,heap        ] GC(60) Survivor regions: 2->3(40)
[10.178s][info][gc,heap        ] GC(60) Old regions: 12->12
[10.178s][info][gc,heap        ] GC(60) Archive regions: 0->0
[10.178s][info][gc,heap        ] GC(60) Humongous regions: 0->0
[10.178s][info][gc,metaspace   ] GC(60) Metaspace: 8596K(8832K)->8596K(8832K) NonClass: 7444K(7552K)->7444K(7552K) Class: 1151K(1280K)->1151K(1280K)
[10.178s][info][gc             ] GC(60) Pause Young (Normal) (G1 Evacuation Pause) 321M->5M(532M) 2.537ms
[10.178s][info][gc,cpu         ] GC(60) User=0.02s Sys=0.00s Real=0.00s
[10.360s][info][gc,start       ] GC(61) Pause Young (Normal) (G1 Evacuation Pause)
[10.360s][info][gc,task        ] GC(61) Using 12 workers of 33 for evacuation
[10.362s][info][gc,phases      ] GC(61)   Pre Evacuate Collection Set: 0.1ms
[10.362s][info][gc,phases      ] GC(61)   Merge Heap Roots: 0.1ms
[10.362s][info][gc,phases      ] GC(61)   Evacuate Collection Set: 1.4ms
[10.362s][info][gc,phases      ] GC(61)   Post Evacuate Collection Set: 0.4ms
[10.362s][info][gc,phases      ] GC(61)   Other: 0.2ms
[10.362s][info][gc,heap        ] GC(61) Eden regions: 316->0(315)
[10.362s][info][gc,heap        ] GC(61) Survivor regions: 3->4(40)
[10.362s][info][gc,heap        ] GC(61) Old regions: 12->12
[10.362s][info][gc,heap        ] GC(61) Archive regions: 0->0
[10.362s][info][gc,heap        ] GC(61) Humongous regions: 0->0
[10.362s][info][gc,metaspace   ] GC(61) Metaspace: 8596K(8832K)->8596K(8832K) NonClass: 7444K(7552K)->7444K(7552K) Class: 1151K(1280K)->1151K(1280K)
[10.362s][info][gc             ] GC(61) Pause Young (Normal) (G1 Evacuation Pause) 321M->6M(532M) 2.697ms
[10.362s][info][gc,cpu         ] GC(61) User=0.00s Sys=0.00s Real=0.00s
[10.523s][info][gc,start       ] GC(62) Pause Young (Normal) (G1 Evacuation Pause)
[10.523s][info][gc,task        ] GC(62) Using 12 workers of 33 for evacuation
[10.525s][info][gc,phases      ] GC(62)   Pre Evacuate Collection Set: 0.1ms
[10.525s][info][gc,phases      ] GC(62)   Merge Heap Roots: 0.1ms
[10.525s][info][gc,phases      ] GC(62)   Evacuate Collection Set: 1.6ms
[10.525s][info][gc,phases      ] GC(62)   Post Evacuate Collection Set: 0.4ms
[10.525s][info][gc,phases      ] GC(62)   Other: 0.1ms
[10.526s][info][gc,heap        ] GC(62) Eden regions: 315->0(314)
[10.526s][info][gc,heap        ] GC(62) Survivor regions: 4->5(40)
[10.526s][info][gc,heap        ] GC(62) Old regions: 12->12
[10.526s][info][gc,heap        ] GC(62) Archive regions: 0->0
[10.526s][info][gc,heap        ] GC(62) Humongous regions: 0->0
[10.526s][info][gc,metaspace   ] GC(62) Metaspace: 8596K(8832K)->8596K(8832K) NonClass: 7444K(7552K)->7444K(7552K) Class: 1151K(1280K)->1151K(1280K)
[10.526s][info][gc             ] GC(62) Pause Young (Normal) (G1 Evacuation Pause) 321M->7M(532M) 2.838ms
[10.526s][info][gc,cpu         ] GC(62) User=0.00s Sys=0.00s Real=0.00s
[10.699s][info][gc,start       ] GC(63) Pause Young (Normal) (G1 Evacuation Pause)
[10.699s][info][gc,task        ] GC(63) Using 12 workers of 33 for evacuation
[10.703s][info][gc,phases      ] GC(63)   Pre Evacuate Collection Set: 0.1ms
[10.703s][info][gc,phases      ] GC(63)   Merge Heap Roots: 0.1ms
[10.703s][info][gc,phases      ] GC(63)   Evacuate Collection Set: 2.7ms
[10.703s][info][gc,phases      ] GC(63)   Post Evacuate Collection Set: 0.4ms
[10.703s][info][gc,phases      ] GC(63)   Other: 0.2ms
[10.703s][info][gc,heap        ] GC(63) Eden regions: 314->0(313)
[10.703s][info][gc,heap        ] GC(63) Survivor regions: 5->6(40)
[10.703s][info][gc,heap        ] GC(63) Old regions: 12->12
[10.703s][info][gc,heap        ] GC(63) Archive regions: 0->0
[10.703s][info][gc,heap        ] GC(63) Humongous regions: 0->0
[10.703s][info][gc,metaspace   ] GC(63) Metaspace: 8596K(8832K)->8596K(8832K) NonClass: 7444K(7552K)->7444K(7552K) Class: 1151K(1280K)->1151K(1280K)
[10.703s][info][gc             ] GC(63) Pause Young (Normal) (G1 Evacuation Pause) 321M->9M(532M) 4.063ms
[10.703s][info][gc,cpu         ] GC(63) User=0.00s Sys=0.00s Real=0.00s
[10.868s][info][gc,start       ] GC(64) Pause Young (Normal) (G1 Evacuation Pause)
[10.868s][info][gc,task        ] GC(64) Using 12 workers of 33 for evacuation
[10.872s][info][gc,phases      ] GC(64)   Pre Evacuate Collection Set: 0.1ms
[10.872s][info][gc,phases      ] GC(64)   Merge Heap Roots: 0.1ms
[10.872s][info][gc,phases      ] GC(64)   Evacuate Collection Set: 2.3ms
[10.872s][info][gc,phases      ] GC(64)   Post Evacuate Collection Set: 0.5ms
[10.872s][info][gc,phases      ] GC(64)   Other: 0.2ms
[10.872s][info][gc,heap        ] GC(64) Eden regions: 313->0(312)
[10.872s][info][gc,heap        ] GC(64) Survivor regions: 6->7(40)
[10.872s][info][gc,heap        ] GC(64) Old regions: 12->12
[10.872s][info][gc,heap        ] GC(64) Archive regions: 0->0
[10.872s][info][gc,heap        ] GC(64) Humongous regions: 0->0
[10.872s][info][gc,metaspace   ] GC(64) Metaspace: 8596K(8832K)->8596K(8832K) NonClass: 7444K(7552K)->7444K(7552K) Class: 1151K(1280K)->1151K(1280K)
[10.872s][info][gc             ] GC(64) Pause Young (Normal) (G1 Evacuation Pause) 322M->10M(532M) 3.676ms
[10.872s][info][gc,cpu         ] GC(64) User=0.00s Sys=0.00s Real=0.00s
[11.030s][info][gc,start       ] GC(65) Pause Young (Normal) (G1 Evacuation Pause)
[11.030s][info][gc,task        ] GC(65) Using 12 workers of 33 for evacuation
[11.033s][info][gc,phases      ] GC(65)   Pre Evacuate Collection Set: 0.1ms
[11.033s][info][gc,phases      ] GC(65)   Merge Heap Roots: 0.1ms
[11.033s][info][gc,phases      ] GC(65)   Evacuate Collection Set: 2.5ms
[11.033s][info][gc,phases      ] GC(65)   Post Evacuate Collection Set: 0.4ms
[11.033s][info][gc,phases      ] GC(65)   Other: 0.1ms
[11.033s][info][gc,heap        ] GC(65) Eden regions: 312->0(311)
[11.033s][info][gc,heap        ] GC(65) Survivor regions: 7->8(40)
[11.033s][info][gc,heap        ] GC(65) Old regions: 12->12
[11.033s][info][gc,heap        ] GC(65) Archive regions: 0->0
[11.033s][info][gc,heap        ] GC(65) Humongous regions: 0->0
[11.033s][info][gc,metaspace   ] GC(65) Metaspace: 8596K(8832K)->8596K(8832K) NonClass: 7444K(7552K)->7444K(7552K) Class: 1151K(1280K)->1151K(1280K)
[11.033s][info][gc             ] GC(65) Pause Young (Normal) (G1 Evacuation Pause) 322M->10M(532M) 3.708ms
[11.033s][info][gc,cpu         ] GC(65) User=0.00s Sys=0.00s Real=0.00s
[11.209s][info][gc,start       ] GC(66) Pause Young (Normal) (G1 Evacuation Pause)
[11.210s][info][gc,task        ] GC(66) Using 12 workers of 33 for evacuation
[11.213s][info][gc,phases      ] GC(66)   Pre Evacuate Collection Set: 0.1ms
[11.213s][info][gc,phases      ] GC(66)   Merge Heap Roots: 0.1ms
[11.213s][info][gc,phases      ] GC(66)   Evacuate Collection Set: 2.8ms
[11.213s][info][gc,phases      ] GC(66)   Post Evacuate Collection Set: 0.4ms
[11.213s][info][gc,phases      ] GC(66)   Other: 0.1ms
[11.213s][info][gc,heap        ] GC(66) Eden regions: 311->0(310)
[11.213s][info][gc,heap        ] GC(66) Survivor regions: 8->9(40)
[11.213s][info][gc,heap        ] GC(66) Old regions: 12->12
[11.213s][info][gc,heap        ] GC(66) Archive regions: 0->0
[11.213s][info][gc,heap        ] GC(66) Humongous regions: 0->0
[11.213s][info][gc,metaspace   ] GC(66) Metaspace: 8596K(8832K)->8596K(8832K) NonClass: 7444K(7552K)->7444K(7552K) Class: 1151K(1280K)->1151K(1280K)
[11.213s][info][gc             ] GC(66) Pause Young (Normal) (G1 Evacuation Pause) 321M->12M(532M) 4.058ms
[11.214s][info][gc,cpu         ] GC(66) User=0.00s Sys=0.00s Real=0.00s
[11.398s][info][gc,start       ] GC(67) Pause Young (Normal) (G1 Evacuation Pause)
[11.398s][info][gc,task        ] GC(67) Using 12 workers of 33 for evacuation
[11.403s][info][gc,phases      ] GC(67)   Pre Evacuate Collection Set: 0.1ms
[11.403s][info][gc,phases      ] GC(67)   Merge Heap Roots: 0.1ms
[11.403s][info][gc,phases      ] GC(67)   Evacuate Collection Set: 3.2ms
[11.403s][info][gc,phases      ] GC(67)   Post Evacuate Collection Set: 0.4ms
[11.403s][info][gc,phases      ] GC(67)   Other: 0.2ms
[11.403s][info][gc,heap        ] GC(67) Eden regions: 310->0(309)
[11.403s][info][gc,heap        ] GC(67) Survivor regions: 9->10(40)
[11.403s][info][gc,heap        ] GC(67) Old regions: 12->12
[11.403s][info][gc,heap        ] GC(67) Archive regions: 0->0
[11.403s][info][gc,heap        ] GC(67) Humongous regions: 0->0
[11.403s][info][gc,metaspace   ] GC(67) Metaspace: 8596K(8832K)->8596K(8832K) NonClass: 7444K(7552K)->7444K(7552K) Class: 1151K(1280K)->1151K(1280K)
[11.403s][info][gc             ] GC(67) Pause Young (Normal) (G1 Evacuation Pause) 322M->12M(532M) 4.577ms
[11.403s][info][gc,cpu         ] GC(67) User=0.05s Sys=0.00s Real=0.02s
[11.559s][info][gc,start       ] GC(68) Pause Young (Normal) (G1 Evacuation Pause)
[11.559s][info][gc,task        ] GC(68) Using 12 workers of 33 for evacuation
[11.563s][info][gc,phases      ] GC(68)   Pre Evacuate Collection Set: 0.1ms
[11.563s][info][gc,phases      ] GC(68)   Merge Heap Roots: 0.1ms
[11.563s][info][gc,phases      ] GC(68)   Evacuate Collection Set: 3.2ms
[11.563s][info][gc,phases      ] GC(68)   Post Evacuate Collection Set: 0.4ms
[11.563s][info][gc,phases      ] GC(68)   Other: 0.1ms
[11.563s][info][gc,heap        ] GC(68) Eden regions: 309->0(307)
[11.563s][info][gc,heap        ] GC(68) Survivor regions: 10->12(40)
[11.564s][info][gc,heap        ] GC(68) Old regions: 12->12
[11.564s][info][gc,heap        ] GC(68) Archive regions: 0->0
[11.564s][info][gc,heap        ] GC(68) Humongous regions: 0->0
[11.564s][info][gc,metaspace   ] GC(68) Metaspace: 8596K(8832K)->8596K(8832K) NonClass: 7444K(7552K)->7444K(7552K) Class: 1151K(1280K)->1151K(1280K)
[11.564s][info][gc             ] GC(68) Pause Young (Normal) (G1 Evacuation Pause) 321M->14M(532M) 4.531ms
[11.564s][info][gc,cpu         ] GC(68) User=0.00s Sys=0.00s Real=0.00s
[11.725s][info][gc,start       ] GC(69) Pause Young (Normal) (G1 Evacuation Pause)
[11.725s][info][gc,task        ] GC(69) Using 12 workers of 33 for evacuation
[11.729s][info][gc,phases      ] GC(69)   Pre Evacuate Collection Set: 0.1ms
[11.730s][info][gc,phases      ] GC(69)   Merge Heap Roots: 0.1ms
[11.730s][info][gc,phases      ] GC(69)   Evacuate Collection Set: 3.7ms
[11.730s][info][gc,phases      ] GC(69)   Post Evacuate Collection Set: 0.4ms
[11.730s][info][gc,phases      ] GC(69)   Other: 0.2ms
[11.730s][info][gc,heap        ] GC(69) Eden regions: 307->0(307)
[11.730s][info][gc,heap        ] GC(69) Survivor regions: 12->12(40)
[11.730s][info][gc,heap        ] GC(69) Old regions: 12->12
[11.730s][info][gc,heap        ] GC(69) Archive regions: 0->0
[11.730s][info][gc,heap        ] GC(69) Humongous regions: 0->0
[11.730s][info][gc,metaspace   ] GC(69) Metaspace: 8596K(8832K)->8596K(8832K) NonClass: 7444K(7552K)->7444K(7552K) Class: 1151K(1280K)->1151K(1280K)
[11.730s][info][gc             ] GC(69) Pause Young (Normal) (G1 Evacuation Pause) 321M->15M(532M) 5.104ms
[11.730s][info][gc,cpu         ] GC(69) User=0.00s Sys=0.00s Real=0.01s
[11.908s][info][gc,start       ] GC(70) Pause Young (Normal) (G1 Evacuation Pause)
[11.908s][info][gc,task        ] GC(70) Using 12 workers of 33 for evacuation
[11.913s][info][gc,phases      ] GC(70)   Pre Evacuate Collection Set: 0.1ms
[11.913s][info][gc,phases      ] GC(70)   Merge Heap Roots: 0.1ms
[11.913s][info][gc,phases      ] GC(70)   Evacuate Collection Set: 4.0ms
[11.913s][info][gc,phases      ] GC(70)   Post Evacuate Collection Set: 0.4ms
[11.913s][info][gc,phases      ] GC(70)   Other: 0.2ms
[11.913s][info][gc,heap        ] GC(70) Eden regions: 307->0(306)
[11.913s][info][gc,heap        ] GC(70) Survivor regions: 12->13(40)
[11.913s][info][gc,heap        ] GC(70) Old regions: 12->13
[11.913s][info][gc,heap        ] GC(70) Archive regions: 0->0
[11.914s][info][gc,heap        ] GC(70) Humongous regions: 0->0
[11.914s][info][gc,metaspace   ] GC(70) Metaspace: 8596K(8832K)->8596K(8832K) NonClass: 7444K(7552K)->7444K(7552K) Class: 1151K(1280K)->1151K(1280K)
[11.914s][info][gc             ] GC(70) Pause Young (Normal) (G1 Evacuation Pause) 322M->15M(532M) 5.329ms
[11.914s][info][gc,cpu         ] GC(70) User=0.19s Sys=0.00s Real=0.01s
[12.084s][info][gc,start       ] GC(71) Pause Young (Normal) (G1 Evacuation Pause)
[12.084s][info][gc,task        ] GC(71) Using 12 workers of 33 for evacuation
[12.089s][info][gc,phases      ] GC(71)   Pre Evacuate Collection Set: 0.1ms
[12.089s][info][gc,phases      ] GC(71)   Merge Heap Roots: 0.1ms
[12.089s][info][gc,phases      ] GC(71)   Evacuate Collection Set: 3.9ms
[12.089s][info][gc,phases      ] GC(71)   Post Evacuate Collection Set: 0.5ms
[12.089s][info][gc,phases      ] GC(71)   Other: 0.2ms
[12.089s][info][gc,heap        ] GC(71) Eden regions: 306->0(305)
[12.089s][info][gc,heap        ] GC(71) Survivor regions: 13->14(40)
[12.089s][info][gc,heap        ] GC(71) Old regions: 13->13
[12.089s][info][gc,heap        ] GC(71) Archive regions: 0->0
[12.089s][info][gc,heap        ] GC(71) Humongous regions: 0->0
[12.089s][info][gc,metaspace   ] GC(71) Metaspace: 8596K(8832K)->8596K(8832K) NonClass: 7444K(7552K)->7444K(7552K) Class: 1151K(1280K)->1151K(1280K)
[12.089s][info][gc             ] GC(71) Pause Young (Normal) (G1 Evacuation Pause) 321M->17M(532M) 5.228ms
[12.089s][info][gc,cpu         ] GC(71) User=0.19s Sys=0.00s Real=0.01s
[12.278s][info][gc,start       ] GC(72) Pause Young (Normal) (G1 Evacuation Pause)
[12.278s][info][gc,task        ] GC(72) Using 12 workers of 33 for evacuation
[12.290s][info][gc,phases      ] GC(72)   Pre Evacuate Collection Set: 0.1ms
[12.290s][info][gc,phases      ] GC(72)   Merge Heap Roots: 0.2ms
[12.290s][info][gc,phases      ] GC(72)   Evacuate Collection Set: 10.8ms
[12.290s][info][gc,phases      ] GC(72)   Post Evacuate Collection Set: 0.4ms
[12.290s][info][gc,phases      ] GC(72)   Other: 0.2ms
[12.290s][info][gc,heap        ] GC(72) Eden regions: 305->0(294)
[12.290s][info][gc,heap        ] GC(72) Survivor regions: 14->25(40)
[12.290s][info][gc,heap        ] GC(72) Old regions: 13->13
[12.290s][info][gc,heap        ] GC(72) Archive regions: 0->0
[12.290s][info][gc,heap        ] GC(72) Humongous regions: 3->3
[12.290s][info][gc,metaspace   ] GC(72) Metaspace: 8596K(8832K)->8596K(8832K) NonClass: 7444K(7552K)->7444K(7552K) Class: 1151K(1280K)->1151K(1280K)
[12.290s][info][gc             ] GC(72) Pause Young (Normal) (G1 Evacuation Pause) 325M->31M(532M) 12.130ms
[12.290s][info][gc,cpu         ] GC(72) User=0.19s Sys=0.00s Real=0.02s
[12.445s][info][gc,start       ] GC(73) Pause Young (Normal) (G1 Evacuation Pause)
[12.445s][info][gc,task        ] GC(73) Using 12 workers of 33 for evacuation
[12.455s][info][gc,phases      ] GC(73)   Pre Evacuate Collection Set: 0.1ms
[12.455s][info][gc,phases      ] GC(73)   Merge Heap Roots: 0.2ms
[12.455s][info][gc,phases      ] GC(73)   Evacuate Collection Set: 8.5ms
[12.455s][info][gc,phases      ] GC(73)   Post Evacuate Collection Set: 0.4ms
[12.455s][info][gc,phases      ] GC(73)   Other: 0.2ms
[12.455s][info][gc,heap        ] GC(73) Eden regions: 294->0(297)
[12.455s][info][gc,heap        ] GC(73) Survivor regions: 25->22(40)
[12.455s][info][gc,heap        ] GC(73) Old regions: 13->17
[12.455s][info][gc,heap        ] GC(73) Archive regions: 0->0
[12.455s][info][gc,heap        ] GC(73) Humongous regions: 3->3
[12.455s][info][gc,metaspace   ] GC(73) Metaspace: 8596K(8832K)->8596K(8832K) NonClass: 7444K(7552K)->7444K(7552K) Class: 1151K(1280K)->1151K(1280K)
[12.455s][info][gc             ] GC(73) Pause Young (Normal) (G1 Evacuation Pause) 325M->32M(532M) 9.876ms
[12.455s][info][gc,cpu         ] GC(73) User=0.00s Sys=0.00s Real=0.00s
[12.621s][info][gc,start       ] GC(74) Pause Young (Normal) (G1 Evacuation Pause)
[12.621s][info][gc,task        ] GC(74) Using 12 workers of 33 for evacuation
[12.630s][info][gc,phases      ] GC(74)   Pre Evacuate Collection Set: 0.1ms
[12.630s][info][gc,phases      ] GC(74)   Merge Heap Roots: 0.1ms
[12.630s][info][gc,phases      ] GC(74)   Evacuate Collection Set: 7.7ms
[12.630s][info][gc,phases      ] GC(74)   Post Evacuate Collection Set: 0.4ms
[12.630s][info][gc,phases      ] GC(74)   Other: 0.2ms
[12.630s][info][gc,heap        ] GC(74) Eden regions: 297->0(297)
[12.630s][info][gc,heap        ] GC(74) Survivor regions: 22->22(40)
[12.630s][info][gc,heap        ] GC(74) Old regions: 17->17
[12.630s][info][gc,heap        ] GC(74) Archive regions: 0->0
[12.630s][info][gc,heap        ] GC(74) Humongous regions: 3->3
[12.630s][info][gc,metaspace   ] GC(74) Metaspace: 8596K(8832K)->8596K(8832K) NonClass: 7444K(7552K)->7444K(7552K) Class: 1151K(1280K)->1151K(1280K)
[12.630s][info][gc             ] GC(74) Pause Young (Normal) (G1 Evacuation Pause) 329M->32M(532M) 9.014ms
[12.630s][info][gc,cpu         ] GC(74) User=0.00s Sys=0.00s Real=0.00s
[12.799s][info][gc,start       ] GC(75) Pause Young (Normal) (G1 Evacuation Pause)
[12.799s][info][gc,task        ] GC(75) Using 12 workers of 33 for evacuation
[12.808s][info][gc,phases      ] GC(75)   Pre Evacuate Collection Set: 0.1ms
[12.808s][info][gc,phases      ] GC(75)   Merge Heap Roots: 0.2ms
[12.808s][info][gc,phases      ] GC(75)   Evacuate Collection Set: 8.0ms
[12.809s][info][gc,phases      ] GC(75)   Post Evacuate Collection Set: 0.5ms
[12.809s][info][gc,phases      ] GC(75)   Other: 0.2ms
[12.809s][info][gc,heap        ] GC(75) Eden regions: 297->0(300)
[12.809s][info][gc,heap        ] GC(75) Survivor regions: 22->19(40)
[12.809s][info][gc,heap        ] GC(75) Old regions: 17->21
[12.809s][info][gc,heap        ] GC(75) Archive regions: 0->0
[12.809s][info][gc,heap        ] GC(75) Humongous regions: 3->3
[12.809s][info][gc,metaspace   ] GC(75) Metaspace: 8596K(8832K)->8596K(8832K) NonClass: 7444K(7552K)->7444K(7552K) Class: 1151K(1280K)->1151K(1280K)
[12.809s][info][gc             ] GC(75) Pause Young (Normal) (G1 Evacuation Pause) 329M->33M(532M) 9.418ms
[12.809s][info][gc,cpu         ] GC(75) User=0.19s Sys=0.00s Real=0.02s
[12.975s][info][gc,start       ] GC(76) Pause Young (Normal) (G1 Evacuation Pause)
[12.975s][info][gc,task        ] GC(76) Using 12 workers of 33 for evacuation
[12.984s][info][gc,phases      ] GC(76)   Pre Evacuate Collection Set: 0.1ms
[12.984s][info][gc,phases      ] GC(76)   Merge Heap Roots: 0.3ms
[12.984s][info][gc,phases      ] GC(76)   Evacuate Collection Set: 7.7ms
[12.984s][info][gc,phases      ] GC(76)   Post Evacuate Collection Set: 0.4ms
[12.984s][info][gc,phases      ] GC(76)   Other: 0.2ms
[12.984s][info][gc,heap        ] GC(76) Eden regions: 300->0(299)
[12.984s][info][gc,heap        ] GC(76) Survivor regions: 19->20(40)
[12.984s][info][gc,heap        ] GC(76) Old regions: 21->21
[12.984s][info][gc,heap        ] GC(76) Archive regions: 0->0
[12.984s][info][gc,heap        ] GC(76) Humongous regions: 3->3
[12.984s][info][gc,metaspace   ] GC(76) Metaspace: 8596K(8832K)->8596K(8832K) NonClass: 7444K(7552K)->7444K(7552K) Class: 1151K(1280K)->1151K(1280K)
[12.984s][info][gc             ] GC(76) Pause Young (Normal) (G1 Evacuation Pause) 333M->35M(532M) 9.334ms
[12.984s][info][gc,cpu         ] GC(76) User=0.19s Sys=0.00s Real=0.02s
[13.136s][info][gc,start       ] GC(77) Pause Young (Normal) (G1 Evacuation Pause)
[13.136s][info][gc,task        ] GC(77) Using 12 workers of 33 for evacuation
[13.144s][info][gc,phases      ] GC(77)   Pre Evacuate Collection Set: 0.1ms
[13.144s][info][gc,phases      ] GC(77)   Merge Heap Roots: 0.2ms
[13.144s][info][gc,phases      ] GC(77)   Evacuate Collection Set: 7.3ms
[13.144s][info][gc,phases      ] GC(77)   Post Evacuate Collection Set: 0.4ms
[13.144s][info][gc,phases      ] GC(77)   Other: 0.2ms
[13.144s][info][gc,heap        ] GC(77) Eden regions: 299->0(298)
[13.144s][info][gc,heap        ] GC(77) Survivor regions: 20->21(40)
[13.144s][info][gc,heap        ] GC(77) Old regions: 21->21
[13.144s][info][gc,heap        ] GC(77) Archive regions: 0->0
[13.144s][info][gc,heap        ] GC(77) Humongous regions: 3->3
[13.144s][info][gc,metaspace   ] GC(77) Metaspace: 8596K(8832K)->8596K(8832K) NonClass: 7444K(7552K)->7444K(7552K) Class: 1151K(1280K)->1151K(1280K)
[13.144s][info][gc             ] GC(77) Pause Young (Normal) (G1 Evacuation Pause) 334M->35M(532M) 8.589ms
[13.144s][info][gc,cpu         ] GC(77) User=0.00s Sys=0.00s Real=0.00s
[13.301s][info][gc,start       ] GC(78) Pause Young (Normal) (G1 Evacuation Pause)
[13.301s][info][gc,task        ] GC(78) Using 12 workers of 33 for evacuation
[13.309s][info][gc,phases      ] GC(78)   Pre Evacuate Collection Set: 0.1ms
[13.309s][info][gc,phases      ] GC(78)   Merge Heap Roots: 0.2ms
[13.309s][info][gc,phases      ] GC(78)   Evacuate Collection Set: 7.8ms
[13.309s][info][gc,phases      ] GC(78)   Post Evacuate Collection Set: 0.4ms
[13.309s][info][gc,phases      ] GC(78)   Other: 0.1ms
[13.310s][info][gc,heap        ] GC(78) Eden regions: 298->0(297)
[13.310s][info][gc,heap        ] GC(78) Survivor regions: 21->22(40)
[13.310s][info][gc,heap        ] GC(78) Old regions: 21->21
[13.310s][info][gc,heap        ] GC(78) Archive regions: 0->0
[13.310s][info][gc,heap        ] GC(78) Humongous regions: 3->3
[13.310s][info][gc,metaspace   ] GC(78) Metaspace: 8596K(8832K)->8596K(8832K) NonClass: 7444K(7552K)->7444K(7552K) Class: 1151K(1280K)->1151K(1280K)
[13.310s][info][gc             ] GC(78) Pause Young (Normal) (G1 Evacuation Pause) 333M->36M(532M) 9.057ms
[13.310s][info][gc,cpu         ] GC(78) User=0.19s Sys=0.00s Real=0.02s
[13.460s][info][gc,start       ] GC(79) Pause Young (Normal) (G1 Evacuation Pause)
[13.460s][info][gc,task        ] GC(79) Using 12 workers of 33 for evacuation
[13.469s][info][gc,phases      ] GC(79)   Pre Evacuate Collection Set: 0.1ms
[13.470s][info][gc,phases      ] GC(79)   Merge Heap Roots: 0.2ms
[13.470s][info][gc,phases      ] GC(79)   Evacuate Collection Set: 8.8ms
[13.470s][info][gc,phases      ] GC(79)   Post Evacuate Collection Set: 0.4ms
[13.470s][info][gc,phases      ] GC(79)   Other: 0.2ms
[13.470s][info][gc,heap        ] GC(79) Eden regions: 297->0(296)
[13.470s][info][gc,heap        ] GC(79) Survivor regions: 22->23(40)
[13.470s][info][gc,heap        ] GC(79) Old regions: 21->21
[13.470s][info][gc,heap        ] GC(79) Archive regions: 0->0
[13.470s][info][gc,heap        ] GC(79) Humongous regions: 3->3
[13.470s][info][gc,metaspace   ] GC(79) Metaspace: 8596K(8832K)->8596K(8832K) NonClass: 7444K(7552K)->7444K(7552K) Class: 1151K(1280K)->1151K(1280K)
[13.470s][info][gc             ] GC(79) Pause Young (Normal) (G1 Evacuation Pause) 333M->37M(532M) 10.097ms
[13.470s][info][gc,cpu         ] GC(79) User=0.00s Sys=0.00s Real=0.00s
[13.642s][info][gc,start       ] GC(80) Pause Young (Normal) (G1 Evacuation Pause)
[13.642s][info][gc,task        ] GC(80) Using 12 workers of 33 for evacuation
[13.651s][info][gc,phases      ] GC(80)   Pre Evacuate Collection Set: 0.1ms
[13.651s][info][gc,phases      ] GC(80)   Merge Heap Roots: 0.2ms
[13.651s][info][gc,phases      ] GC(80)   Evacuate Collection Set: 8.6ms
[13.651s][info][gc,phases      ] GC(80)   Post Evacuate Collection Set: 0.4ms
[13.651s][info][gc,phases      ] GC(80)   Other: 0.2ms
[13.651s][info][gc,heap        ] GC(80) Eden regions: 296->0(310)
[13.651s][info][gc,heap        ] GC(80) Survivor regions: 23->9(40)
[13.651s][info][gc,heap        ] GC(80) Old regions: 21->36
[13.651s][info][gc,heap        ] GC(80) Archive regions: 0->0
[13.651s][info][gc,heap        ] GC(80) Humongous regions: 3->3
[13.651s][info][gc,metaspace   ] GC(80) Metaspace: 8596K(8832K)->8596K(8832K) NonClass: 7444K(7552K)->7444K(7552K) Class: 1151K(1280K)->1151K(1280K)
[13.651s][info][gc             ] GC(80) Pause Young (Normal) (G1 Evacuation Pause) 333M->38M(532M) 9.884ms
[13.652s][info][gc,cpu         ] GC(80) User=0.19s Sys=0.00s Real=0.01s
[14.174s][info][gc,start       ] GC(81) Pause Full (System.gc())
[14.174s][info][gc,task        ] GC(81) Using 12 workers of 33 for full compaction
[14.174s][info][gc,phases,start] GC(81) Phase 1: Mark live objects
[14.178s][info][gc,phases      ] GC(81) Phase 1: Mark live objects 3.437ms
[14.178s][info][gc,phases,start] GC(81) Phase 2: Prepare compaction
[14.179s][info][gc,phases      ] GC(81) Phase 2: Prepare compaction 0.869ms
[14.179s][info][gc,phases,start] GC(81) Phase 3: Adjust pointers
[14.181s][info][gc,phases      ] GC(81) Phase 3: Adjust pointers 2.738ms
[14.182s][info][gc,phases,start] GC(81) Phase 4: Compact heap
[14.182s][info][gc,phases      ] GC(81) Phase 4: Compact heap 0.618ms
[14.186s][info][gc,heap        ] GC(81) Eden regions: 250->0(24)
[14.186s][info][gc,heap        ] GC(81) Survivor regions: 9->0(40)
[14.186s][info][gc,heap        ] GC(81) Old regions: 36->12
[14.186s][info][gc,heap        ] GC(81) Archive regions: 0->0
[14.186s][info][gc,heap        ] GC(81) Humongous regions: 22->0
[14.186s][info][gc,metaspace   ] GC(81) Metaspace: 8596K(8832K)->8596K(8832K) NonClass: 7444K(7552K)->7444K(7552K) Class: 1151K(1280K)->1151K(1280K)
[14.186s][info][gc             ] GC(81) Pause Full (System.gc()) 307M->3M(40M) 12.359ms
[14.186s][info][gc,cpu         ] GC(81) User=0.19s Sys=0.00s Real=0.02s
[14.211s][info][gc,start       ] GC(82) Pause Young (Normal) (G1 Evacuation Pause)
[14.211s][info][gc,task        ] GC(82) Using 7 workers of 33 for evacuation
[14.212s][info][gc,phases      ] GC(82)   Pre Evacuate Collection Set: 0.1ms
[14.212s][info][gc,phases      ] GC(82)   Merge Heap Roots: 0.0ms
[14.212s][info][gc,phases      ] GC(82)   Evacuate Collection Set: 0.3ms
[14.212s][info][gc,phases      ] GC(82)   Post Evacuate Collection Set: 0.2ms
[14.212s][info][gc,phases      ] GC(82)   Other: 0.1ms
[14.212s][info][gc,heap        ] GC(82) Eden regions: 24->0(22)
[14.212s][info][gc,heap        ] GC(82) Survivor regions: 0->2(3)
[14.212s][info][gc,heap        ] GC(82) Old regions: 12->12
[14.212s][info][gc,heap        ] GC(82) Archive regions: 0->0
[14.212s][info][gc,heap        ] GC(82) Humongous regions: 0->0
[14.212s][info][gc,metaspace   ] GC(82) Metaspace: 8596K(8832K)->8596K(8832K) NonClass: 7444K(7552K)->7444K(7552K) Class: 1151K(1280K)->1151K(1280K)
[14.212s][info][gc             ] GC(82) Pause Young (Normal) (G1 Evacuation Pause) 27M->5M(40M) 1.196ms
[14.213s][info][gc,cpu         ] GC(82) User=0.00s Sys=0.00s Real=0.00s
[14.225s][info][gc,start       ] GC(83) Pause Young (Normal) (G1 Evacuation Pause)
[14.225s][info][gc,task        ] GC(83) Using 4 workers of 33 for evacuation
[14.225s][info][gc,phases      ] GC(83)   Pre Evacuate Collection Set: 0.0ms
[14.225s][info][gc,phases      ] GC(83)   Merge Heap Roots: 0.0ms
[14.225s][info][gc,phases      ] GC(83)   Evacuate Collection Set: 0.3ms
[14.225s][info][gc,phases      ] GC(83)   Post Evacuate Collection Set: 0.2ms
[14.226s][info][gc,phases      ] GC(83)   Other: 0.1ms
[14.226s][info][gc,heap        ] GC(83) Eden regions: 22->0(23)
[14.226s][info][gc,heap        ] GC(83) Survivor regions: 2->1(3)
[14.226s][info][gc,heap        ] GC(83) Old regions: 12->12
[14.226s][info][gc,heap        ] GC(83) Archive regions: 0->0
[14.226s][info][gc,heap        ] GC(83) Humongous regions: 0->0
[14.226s][info][gc,metaspace   ] GC(83) Metaspace: 8596K(8832K)->8596K(8832K) NonClass: 7444K(7552K)->7444K(7552K) Class: 1151K(1280K)->1151K(1280K)
[14.226s][info][gc             ] GC(83) Pause Young (Normal) (G1 Evacuation Pause) 27M->3M(40M) 1.131ms
[14.226s][info][gc,cpu         ] GC(83) User=0.00s Sys=0.00s Real=0.00s
[14.237s][info][gc,start       ] GC(84) Pause Young (Normal) (G1 Evacuation Pause)
[14.237s][info][gc,task        ] GC(84) Using 3 workers of 33 for evacuation
[14.238s][info][gc,phases      ] GC(84)   Pre Evacuate Collection Set: 0.0ms
[14.238s][info][gc,phases      ] GC(84)   Merge Heap Roots: 0.0ms
[14.238s][info][gc,phases      ] GC(84)   Evacuate Collection Set: 0.6ms
[14.239s][info][gc,phases      ] GC(84)   Post Evacuate Collection Set: 0.2ms
[14.239s][info][gc,phases      ] GC(84)   Other: 0.1ms
[14.239s][info][gc,heap        ] GC(84) Eden regions: 23->0(23)
[14.239s][info][gc,heap        ] GC(84) Survivor regions: 1->1(3)
[14.239s][info][gc,heap        ] GC(84) Old regions: 12->12
[14.239s][info][gc,heap        ] GC(84) Archive regions: 0->0
[14.239s][info][gc,heap        ] GC(84) Humongous regions: 0->0
[14.239s][info][gc,metaspace   ] GC(84) Metaspace: 8596K(8832K)->8596K(8832K) NonClass: 7444K(7552K)->7444K(7552K) Class: 1151K(1280K)->1151K(1280K)
[14.239s][info][gc             ] GC(84) Pause Young (Normal) (G1 Evacuation Pause) 26M->3M(40M) 1.387ms
[14.239s][info][gc,cpu         ] GC(84) User=0.03s Sys=0.02s Real=0.01s
[14.264s][info][gc,start       ] GC(85) Pause Young (Normal) (G1 Evacuation Pause)
[14.264s][info][gc,task        ] GC(85) Using 2 workers of 33 for evacuation
[14.267s][info][gc,phases      ] GC(85)   Pre Evacuate Collection Set: 0.1ms
[14.267s][info][gc,phases      ] GC(85)   Merge Heap Roots: 0.0ms
[14.267s][info][gc,phases      ] GC(85)   Evacuate Collection Set: 0.7ms
[14.267s][info][gc,phases      ] GC(85)   Post Evacuate Collection Set: 2.4ms
[14.267s][info][gc,phases      ] GC(85)   Other: 0.1ms
[14.267s][info][gc,heap        ] GC(85) Eden regions: 23->0(318)
[14.267s][info][gc,heap        ] GC(85) Survivor regions: 1->1(3)
[14.267s][info][gc,heap        ] GC(85) Old regions: 12->12
[14.267s][info][gc,heap        ] GC(85) Archive regions: 0->0
[14.267s][info][gc,heap        ] GC(85) Humongous regions: 0->0
[14.267s][info][gc,metaspace   ] GC(85) Metaspace: 8596K(8832K)->8596K(8832K) NonClass: 7444K(7552K)->7444K(7552K) Class: 1151K(1280K)->1151K(1280K)
[14.268s][info][gc             ] GC(85) Pause Young (Normal) (G1 Evacuation Pause) 26M->3M(532M) 3.745ms
[14.268s][info][gc,cpu         ] GC(85) User=0.00s Sys=0.00s Real=0.00s
[14.442s][info][gc,start       ] GC(86) Pause Young (Normal) (G1 Evacuation Pause)
[14.442s][info][gc,task        ] GC(86) Using 12 workers of 33 for evacuation
[14.444s][info][gc,phases      ] GC(86)   Pre Evacuate Collection Set: 0.1ms
[14.444s][info][gc,phases      ] GC(86)   Merge Heap Roots: 0.1ms
[14.444s][info][gc,phases      ] GC(86)   Evacuate Collection Set: 0.8ms
[14.444s][info][gc,phases      ] GC(86)   Post Evacuate Collection Set: 0.4ms
[14.444s][info][gc,phases      ] GC(86)   Other: 0.2ms
[14.444s][info][gc,heap        ] GC(86) Eden regions: 318->0(317)
[14.444s][info][gc,heap        ] GC(86) Survivor regions: 1->2(40)
[14.444s][info][gc,heap        ] GC(86) Old regions: 12->12
[14.444s][info][gc,heap        ] GC(86) Archive regions: 0->0
[14.444s][info][gc,heap        ] GC(86) Humongous regions: 0->0
[14.444s][info][gc,metaspace   ] GC(86) Metaspace: 8596K(8832K)->8596K(8832K) NonClass: 7444K(7552K)->7444K(7552K) Class: 1151K(1280K)->1151K(1280K)
[14.444s][info][gc             ] GC(86) Pause Young (Normal) (G1 Evacuation Pause) 321M->4M(532M) 2.057ms
[14.444s][info][gc,cpu         ] GC(86) User=0.00s Sys=0.00s Real=0.00s
[14.615s][info][gc,start       ] GC(87) Pause Young (Normal) (G1 Evacuation Pause)
[14.616s][info][gc,task        ] GC(87) Using 12 workers of 33 for evacuation
[14.618s][info][gc,phases      ] GC(87)   Pre Evacuate Collection Set: 0.1ms
[14.618s][info][gc,phases      ] GC(87)   Merge Heap Roots: 0.1ms
[14.618s][info][gc,phases      ] GC(87)   Evacuate Collection Set: 1.2ms
[14.618s][info][gc,phases      ] GC(87)   Post Evacuate Collection Set: 0.4ms
[14.618s][info][gc,phases      ] GC(87)   Other: 0.1ms
[14.618s][info][gc,heap        ] GC(87) Eden regions: 317->0(316)
[14.618s][info][gc,heap        ] GC(87) Survivor regions: 2->3(40)
[14.618s][info][gc,heap        ] GC(87) Old regions: 12->12
[14.618s][info][gc,heap        ] GC(87) Archive regions: 0->0
[14.618s][info][gc,heap        ] GC(87) Humongous regions: 0->0
[14.618s][info][gc,metaspace   ] GC(87) Metaspace: 8596K(8832K)->8596K(8832K) NonClass: 7444K(7552K)->7444K(7552K) Class: 1151K(1280K)->1151K(1280K)
[14.618s][info][gc             ] GC(87) Pause Young (Normal) (G1 Evacuation Pause) 321M->5M(532M) 2.459ms
[14.618s][info][gc,cpu         ] GC(87) User=0.00s Sys=0.00s Real=0.00s
[14.789s][info][gc,start       ] GC(88) Pause Young (Normal) (G1 Evacuation Pause)
[14.789s][info][gc,task        ] GC(88) Using 12 workers of 33 for evacuation
[14.791s][info][gc,phases      ] GC(88)   Pre Evacuate Collection Set: 0.1ms
[14.791s][info][gc,phases      ] GC(88)   Merge Heap Roots: 0.1ms
[14.791s][info][gc,phases      ] GC(88)   Evacuate Collection Set: 1.5ms
[14.791s][info][gc,phases      ] GC(88)   Post Evacuate Collection Set: 0.4ms
[14.791s][info][gc,phases      ] GC(88)   Other: 0.1ms
[14.791s][info][gc,heap        ] GC(88) Eden regions: 316->0(315)
[14.791s][info][gc,heap        ] GC(88) Survivor regions: 3->4(40)
[14.791s][info][gc,heap        ] GC(88) Old regions: 12->12
[14.791s][info][gc,heap        ] GC(88) Archive regions: 0->0
[14.791s][info][gc,heap        ] GC(88) Humongous regions: 0->0
[14.791s][info][gc,metaspace   ] GC(88) Metaspace: 8596K(8832K)->8596K(8832K) NonClass: 7444K(7552K)->7444K(7552K) Class: 1151K(1280K)->1151K(1280K)
[14.791s][info][gc             ] GC(88) Pause Young (Normal) (G1 Evacuation Pause) 321M->6M(532M) 2.762ms
[14.791s][info][gc,cpu         ] GC(88) User=0.00s Sys=0.00s Real=0.00s
[14.969s][info][gc,start       ] GC(89) Pause Young (Normal) (G1 Evacuation Pause)
[14.969s][info][gc,task        ] GC(89) Using 12 workers of 33 for evacuation
[14.972s][info][gc,phases      ] GC(89)   Pre Evacuate Collection Set: 0.1ms
[14.972s][info][gc,phases      ] GC(89)   Merge Heap Roots: 0.1ms
[14.972s][info][gc,phases      ] GC(89)   Evacuate Collection Set: 1.6ms
[14.972s][info][gc,phases      ] GC(89)   Post Evacuate Collection Set: 0.4ms
[14.972s][info][gc,phases      ] GC(89)   Other: 0.1ms
[14.972s][info][gc,heap        ] GC(89) Eden regions: 315->0(314)
[14.972s][info][gc,heap        ] GC(89) Survivor regions: 4->5(40)
[14.972s][info][gc,heap        ] GC(89) Old regions: 12->12
[14.972s][info][gc,heap        ] GC(89) Archive regions: 0->0
[14.972s][info][gc,heap        ] GC(89) Humongous regions: 0->0
[14.972s][info][gc,metaspace   ] GC(89) Metaspace: 8596K(8832K)->8596K(8832K) NonClass: 7444K(7552K)->7444K(7552K) Class: 1151K(1280K)->1151K(1280K)
[14.972s][info][gc             ] GC(89) Pause Young (Normal) (G1 Evacuation Pause) 321M->7M(532M) 2.882ms
[14.972s][info][gc,cpu         ] GC(89) User=0.00s Sys=0.00s Real=0.00s
[15.159s][info][gc,start       ] GC(90) Pause Young (Normal) (G1 Evacuation Pause)
[15.159s][info][gc,task        ] GC(90) Using 12 workers of 33 for evacuation
[15.163s][info][gc,phases      ] GC(90)   Pre Evacuate Collection Set: 0.1ms
[15.163s][info][gc,phases      ] GC(90)   Merge Heap Roots: 0.1ms
[15.163s][info][gc,phases      ] GC(90)   Evacuate Collection Set: 2.5ms
[15.163s][info][gc,phases      ] GC(90)   Post Evacuate Collection Set: 0.4ms
[15.163s][info][gc,phases      ] GC(90)   Other: 0.1ms
[15.163s][info][gc,heap        ] GC(90) Eden regions: 314->0(313)
[15.163s][info][gc,heap        ] GC(90) Survivor regions: 5->6(40)
[15.163s][info][gc,heap        ] GC(90) Old regions: 12->12
[15.163s][info][gc,heap        ] GC(90) Archive regions: 0->0
[15.163s][info][gc,heap        ] GC(90) Humongous regions: 0->0
[15.163s][info][gc,metaspace   ] GC(90) Metaspace: 8596K(8832K)->8596K(8832K) NonClass: 7444K(7552K)->7444K(7552K) Class: 1151K(1280K)->1151K(1280K)
[15.163s][info][gc             ] GC(90) Pause Young (Normal) (G1 Evacuation Pause) 321M->8M(532M) 3.784ms
[15.163s][info][gc,cpu         ] GC(90) User=0.00s Sys=0.00s Real=0.00s
[15.328s][info][gc,start       ] GC(91) Pause Young (Normal) (G1 Evacuation Pause)
[15.328s][info][gc,task        ] GC(91) Using 12 workers of 33 for evacuation
[15.331s][info][gc,phases      ] GC(91)   Pre Evacuate Collection Set: 0.1ms
[15.331s][info][gc,phases      ] GC(91)   Merge Heap Roots: 0.1ms
[15.331s][info][gc,phases      ] GC(91)   Evacuate Collection Set: 2.2ms
[15.331s][info][gc,phases      ] GC(91)   Post Evacuate Collection Set: 0.4ms
[15.331s][info][gc,phases      ] GC(91)   Other: 0.1ms
[15.331s][info][gc,heap        ] GC(91) Eden regions: 313->0(312)
[15.331s][info][gc,heap        ] GC(91) Survivor regions: 6->7(40)
[15.331s][info][gc,heap        ] GC(91) Old regions: 12->12
[15.331s][info][gc,heap        ] GC(91) Archive regions: 0->0
[15.331s][info][gc,heap        ] GC(91) Humongous regions: 0->0
[15.331s][info][gc,metaspace   ] GC(91) Metaspace: 8596K(8832K)->8596K(8832K) NonClass: 7444K(7552K)->7444K(7552K) Class: 1151K(1280K)->1151K(1280K)
[15.331s][info][gc             ] GC(91) Pause Young (Normal) (G1 Evacuation Pause) 321M->10M(532M) 3.511ms
[15.331s][info][gc,cpu         ] GC(91) User=0.00s Sys=0.00s Real=0.00s
[15.489s][info][gc,start       ] GC(92) Pause Young (Normal) (G1 Evacuation Pause)
[15.489s][info][gc,task        ] GC(92) Using 12 workers of 33 for evacuation
[15.493s][info][gc,phases      ] GC(92)   Pre Evacuate Collection Set: 0.1ms
[15.493s][info][gc,phases      ] GC(92)   Merge Heap Roots: 0.1ms
[15.493s][info][gc,phases      ] GC(92)   Evacuate Collection Set: 2.6ms
[15.493s][info][gc,phases      ] GC(92)   Post Evacuate Collection Set: 0.4ms
[15.493s][info][gc,phases      ] GC(92)   Other: 0.1ms
[15.493s][info][gc,heap        ] GC(92) Eden regions: 312->0(311)
[15.493s][info][gc,heap        ] GC(92) Survivor regions: 7->8(40)
[15.493s][info][gc,heap        ] GC(92) Old regions: 12->12
[15.493s][info][gc,heap        ] GC(92) Archive regions: 0->0
[15.493s][info][gc,heap        ] GC(92) Humongous regions: 0->0
[15.493s][info][gc,metaspace   ] GC(92) Metaspace: 8596K(8832K)->8596K(8832K) NonClass: 7444K(7552K)->7444K(7552K) Class: 1151K(1280K)->1151K(1280K)
[15.493s][info][gc             ] GC(92) Pause Young (Normal) (G1 Evacuation Pause) 322M->10M(532M) 3.907ms
[15.493s][info][gc,cpu         ] GC(92) User=0.00s Sys=0.00s Real=0.00s
[15.659s][info][gc,start       ] GC(93) Pause Young (Normal) (G1 Evacuation Pause)
[15.659s][info][gc,task        ] GC(93) Using 12 workers of 33 for evacuation
[15.663s][info][gc,phases      ] GC(93)   Pre Evacuate Collection Set: 0.1ms
[15.663s][info][gc,phases      ] GC(93)   Merge Heap Roots: 0.1ms
[15.663s][info][gc,phases      ] GC(93)   Evacuate Collection Set: 2.8ms
[15.663s][info][gc,phases      ] GC(93)   Post Evacuate Collection Set: 0.4ms
[15.663s][info][gc,phases      ] GC(93)   Other: 0.1ms
[15.663s][info][gc,heap        ] GC(93) Eden regions: 311->0(310)
[15.663s][info][gc,heap        ] GC(93) Survivor regions: 8->9(40)
[15.663s][info][gc,heap        ] GC(93) Old regions: 12->12
[15.663s][info][gc,heap        ] GC(93) Archive regions: 0->0
[15.663s][info][gc,heap        ] GC(93) Humongous regions: 0->0
[15.663s][info][gc,metaspace   ] GC(93) Metaspace: 8596K(8832K)->8596K(8832K) NonClass: 7444K(7552K)->7444K(7552K) Class: 1151K(1280K)->1151K(1280K)
[15.663s][info][gc             ] GC(93) Pause Young (Normal) (G1 Evacuation Pause) 321M->12M(532M) 4.088ms
[15.663s][info][gc,cpu         ] GC(93) User=0.00s Sys=0.00s Real=0.00s
[15.835s][info][gc,start       ] GC(94) Pause Young (Normal) (G1 Evacuation Pause)
[15.835s][info][gc,task        ] GC(94) Using 12 workers of 33 for evacuation
[15.839s][info][gc,phases      ] GC(94)   Pre Evacuate Collection Set: 0.1ms
[15.839s][info][gc,phases      ] GC(94)   Merge Heap Roots: 0.1ms
[15.839s][info][gc,phases      ] GC(94)   Evacuate Collection Set: 3.3ms
[15.840s][info][gc,phases      ] GC(94)   Post Evacuate Collection Set: 0.4ms
[15.840s][info][gc,phases      ] GC(94)   Other: 0.1ms
[15.840s][info][gc,heap        ] GC(94) Eden regions: 310->0(309)
[15.840s][info][gc,heap        ] GC(94) Survivor regions: 9->10(40)
[15.840s][info][gc,heap        ] GC(94) Old regions: 12->12
[15.840s][info][gc,heap        ] GC(94) Archive regions: 0->0
[15.840s][info][gc,heap        ] GC(94) Humongous regions: 0->0
[15.840s][info][gc,metaspace   ] GC(94) Metaspace: 8596K(8832K)->8596K(8832K) NonClass: 7444K(7552K)->7444K(7552K) Class: 1151K(1280K)->1151K(1280K)
[15.840s][info][gc             ] GC(94) Pause Young (Normal) (G1 Evacuation Pause) 322M->12M(532M) 4.511ms
[15.840s][info][gc,cpu         ] GC(94) User=0.00s Sys=0.00s Real=0.00s
[16.014s][info][gc,start       ] GC(95) Pause Young (Normal) (G1 Evacuation Pause)
[16.014s][info][gc,task        ] GC(95) Using 12 workers of 33 for evacuation
[16.018s][info][gc,phases      ] GC(95)   Pre Evacuate Collection Set: 0.1ms
[16.018s][info][gc,phases      ] GC(95)   Merge Heap Roots: 0.1ms
[16.018s][info][gc,phases      ] GC(95)   Evacuate Collection Set: 3.2ms
[16.018s][info][gc,phases      ] GC(95)   Post Evacuate Collection Set: 0.4ms
[16.018s][info][gc,phases      ] GC(95)   Other: 0.1ms
[16.018s][info][gc,heap        ] GC(95) Eden regions: 309->0(308)
[16.018s][info][gc,heap        ] GC(95) Survivor regions: 10->11(40)
[16.018s][info][gc,heap        ] GC(95) Old regions: 12->12
[16.019s][info][gc,heap        ] GC(95) Archive regions: 0->0
[16.019s][info][gc,heap        ] GC(95) Humongous regions: 0->0
[16.019s][info][gc,metaspace   ] GC(95) Metaspace: 8596K(8832K)->8596K(8832K) NonClass: 7444K(7552K)->7444K(7552K) Class: 1151K(1280K)->1151K(1280K)
[16.019s][info][gc             ] GC(95) Pause Young (Normal) (G1 Evacuation Pause) 321M->14M(532M) 4.492ms
[16.019s][info][gc,cpu         ] GC(95) User=0.00s Sys=0.00s Real=0.00s
[16.194s][info][gc,start       ] GC(96) Pause Young (Normal) (G1 Evacuation Pause)
[16.194s][info][gc,task        ] GC(96) Using 12 workers of 33 for evacuation
[16.198s][info][gc,phases      ] GC(96)   Pre Evacuate Collection Set: 0.1ms
[16.198s][info][gc,phases      ] GC(96)   Merge Heap Roots: 0.1ms
[16.198s][info][gc,phases      ] GC(96)   Evacuate Collection Set: 3.8ms
[16.199s][info][gc,phases      ] GC(96)   Post Evacuate Collection Set: 0.4ms
[16.199s][info][gc,phases      ] GC(96)   Other: 0.1ms
[16.199s][info][gc,heap        ] GC(96) Eden regions: 308->0(307)
[16.199s][info][gc,heap        ] GC(96) Survivor regions: 11->12(40)
[16.199s][info][gc,heap        ] GC(96) Old regions: 12->12
[16.199s][info][gc,heap        ] GC(96) Archive regions: 0->0
[16.199s][info][gc,heap        ] GC(96) Humongous regions: 0->0
[16.199s][info][gc,metaspace   ] GC(96) Metaspace: 8596K(8832K)->8596K(8832K) NonClass: 7444K(7552K)->7444K(7552K) Class: 1151K(1280K)->1151K(1280K)
[16.199s][info][gc             ] GC(96) Pause Young (Normal) (G1 Evacuation Pause) 322M->15M(532M) 5.022ms
[16.199s][info][gc,cpu         ] GC(96) User=0.19s Sys=0.00s Real=0.02s
[16.365s][info][gc,start       ] GC(97) Pause Young (Normal) (G1 Evacuation Pause)
[16.365s][info][gc,task        ] GC(97) Using 12 workers of 33 for evacuation
[16.370s][info][gc,phases      ] GC(97)   Pre Evacuate Collection Set: 0.1ms
[16.370s][info][gc,phases      ] GC(97)   Merge Heap Roots: 0.1ms
[16.370s][info][gc,phases      ] GC(97)   Evacuate Collection Set: 3.8ms
[16.370s][info][gc,phases      ] GC(97)   Post Evacuate Collection Set: 0.5ms
[16.370s][info][gc,phases      ] GC(97)   Other: 0.2ms
[16.370s][info][gc,heap        ] GC(97) Eden regions: 307->0(306)
[16.370s][info][gc,heap        ] GC(97) Survivor regions: 12->13(40)
[16.370s][info][gc,heap        ] GC(97) Old regions: 12->13
[16.370s][info][gc,heap        ] GC(97) Archive regions: 0->0
[16.370s][info][gc,heap        ] GC(97) Humongous regions: 0->0
[16.370s][info][gc,metaspace   ] GC(97) Metaspace: 8596K(8832K)->8596K(8832K) NonClass: 7444K(7552K)->7444K(7552K) Class: 1151K(1280K)->1151K(1280K)
[16.370s][info][gc             ] GC(97) Pause Young (Normal) (G1 Evacuation Pause) 322M->16M(532M) 5.091ms
[16.370s][info][gc,cpu         ] GC(97) User=0.02s Sys=0.00s Real=0.02s
[16.527s][info][gc,start       ] GC(98) Pause Young (Normal) (G1 Evacuation Pause)
[16.527s][info][gc,task        ] GC(98) Using 12 workers of 33 for evacuation
[16.532s][info][gc,phases      ] GC(98)   Pre Evacuate Collection Set: 0.1ms
[16.532s][info][gc,phases      ] GC(98)   Merge Heap Roots: 0.1ms
[16.532s][info][gc,phases      ] GC(98)   Evacuate Collection Set: 4.0ms
[16.532s][info][gc,phases      ] GC(98)   Post Evacuate Collection Set: 0.4ms
[16.532s][info][gc,phases      ] GC(98)   Other: 0.1ms
[16.532s][info][gc,heap        ] GC(98) Eden regions: 306->0(305)
[16.532s][info][gc,heap        ] GC(98) Survivor regions: 13->14(40)
[16.532s][info][gc,heap        ] GC(98) Old regions: 13->13
[16.532s][info][gc,heap        ] GC(98) Archive regions: 0->0
[16.532s][info][gc,heap        ] GC(98) Humongous regions: 0->0
[16.532s][info][gc,metaspace   ] GC(98) Metaspace: 8596K(8832K)->8596K(8832K) NonClass: 7444K(7552K)->7444K(7552K) Class: 1151K(1280K)->1151K(1280K)
[16.532s][info][gc             ] GC(98) Pause Young (Normal) (G1 Evacuation Pause) 322M->17M(532M) 5.264ms
[16.532s][info][gc,cpu         ] GC(98) User=0.00s Sys=0.00s Real=0.00s
[16.740s][info][gc,start       ] GC(99) Pause Young (Normal) (G1 Evacuation Pause)
[16.740s][info][gc,task        ] GC(99) Using 12 workers of 33 for evacuation
[16.751s][info][gc,phases      ] GC(99)   Pre Evacuate Collection Set: 0.1ms
[16.751s][info][gc,phases      ] GC(99)   Merge Heap Roots: 0.1ms
[16.751s][info][gc,phases      ] GC(99)   Evacuate Collection Set: 10.5ms
[16.751s][info][gc,phases      ] GC(99)   Post Evacuate Collection Set: 0.4ms
[16.751s][info][gc,phases      ] GC(99)   Other: 0.2ms
[16.751s][info][gc,heap        ] GC(99) Eden regions: 305->0(294)
[16.751s][info][gc,heap        ] GC(99) Survivor regions: 14->25(40)
[16.751s][info][gc,heap        ] GC(99) Old regions: 13->13
[16.751s][info][gc,heap        ] GC(99) Archive regions: 0->0
[16.751s][info][gc,heap        ] GC(99) Humongous regions: 3->3
[16.751s][info][gc,metaspace   ] GC(99) Metaspace: 8596K(8832K)->8596K(8832K) NonClass: 7444K(7552K)->7444K(7552K) Class: 1151K(1280K)->1151K(1280K)
[16.752s][info][gc             ] GC(99) Pause Young (Normal) (G1 Evacuation Pause) 325M->31M(532M) 11.942ms
[16.752s][info][gc,cpu         ] GC(99) User=0.19s Sys=0.00s Real=0.01s
[16.912s][info][gc,start       ] GC(100) Pause Young (Normal) (G1 Evacuation Pause)
[16.912s][info][gc,task        ] GC(100) Using 12 workers of 33 for evacuation
[16.920s][info][gc,phases      ] GC(100)   Pre Evacuate Collection Set: 0.1ms
[16.920s][info][gc,phases      ] GC(100)   Merge Heap Roots: 0.1ms
[16.920s][info][gc,phases      ] GC(100)   Evacuate Collection Set: 7.1ms
[16.920s][info][gc,phases      ] GC(100)   Post Evacuate Collection Set: 0.5ms
[16.920s][info][gc,phases      ] GC(100)   Other: 0.2ms
[16.920s][info][gc,heap        ] GC(100) Eden regions: 294->0(297)
[16.920s][info][gc,heap        ] GC(100) Survivor regions: 25->22(40)
[16.920s][info][gc,heap        ] GC(100) Old regions: 13->17
[16.920s][info][gc,heap        ] GC(100) Archive regions: 0->0
[16.920s][info][gc,heap        ] GC(100) Humongous regions: 3->3
[16.920s][info][gc,metaspace   ] GC(100) Metaspace: 8596K(8832K)->8596K(8832K) NonClass: 7444K(7552K)->7444K(7552K) Class: 1151K(1280K)->1151K(1280K)
[16.920s][info][gc             ] GC(100) Pause Young (Normal) (G1 Evacuation Pause) 325M->32M(532M) 8.568ms
[16.920s][info][gc,cpu         ] GC(100) User=0.11s Sys=0.02s Real=0.01s
[17.102s][info][gc,start       ] GC(101) Pause Young (Normal) (G1 Evacuation Pause)
[17.102s][info][gc,task        ] GC(101) Using 12 workers of 33 for evacuation
[17.111s][info][gc,phases      ] GC(101)   Pre Evacuate Collection Set: 0.1ms
[17.111s][info][gc,phases      ] GC(101)   Merge Heap Roots: 0.2ms
[17.111s][info][gc,phases      ] GC(101)   Evacuate Collection Set: 8.2ms
[17.111s][info][gc,phases      ] GC(101)   Post Evacuate Collection Set: 0.4ms
[17.112s][info][gc,phases      ] GC(101)   Other: 0.2ms
[17.112s][info][gc,heap        ] GC(101) Eden regions: 297->0(296)
[17.112s][info][gc,heap        ] GC(101) Survivor regions: 22->23(40)
[17.112s][info][gc,heap        ] GC(101) Old regions: 17->17
[17.112s][info][gc,heap        ] GC(101) Archive regions: 0->0
[17.112s][info][gc,heap        ] GC(101) Humongous regions: 3->3
[17.112s][info][gc,metaspace   ] GC(101) Metaspace: 8596K(8832K)->8596K(8832K) NonClass: 7444K(7552K)->7444K(7552K) Class: 1151K(1280K)->1151K(1280K)
[17.112s][info][gc             ] GC(101) Pause Young (Normal) (G1 Evacuation Pause) 329M->33M(532M) 9.503ms
[17.112s][info][gc,cpu         ] GC(101) User=0.00s Sys=0.00s Real=0.01s
[17.298s][info][gc,start       ] GC(102) Pause Young (Normal) (G1 Evacuation Pause)
[17.298s][info][gc,task        ] GC(102) Using 12 workers of 33 for evacuation
[17.307s][info][gc,phases      ] GC(102)   Pre Evacuate Collection Set: 0.1ms
[17.307s][info][gc,phases      ] GC(102)   Merge Heap Roots: 0.1ms
[17.307s][info][gc,phases      ] GC(102)   Evacuate Collection Set: 7.8ms
[17.307s][info][gc,phases      ] GC(102)   Post Evacuate Collection Set: 0.5ms
[17.307s][info][gc,phases      ] GC(102)   Other: 0.2ms
[17.307s][info][gc,heap        ] GC(102) Eden regions: 296->0(300)
[17.307s][info][gc,heap        ] GC(102) Survivor regions: 23->19(40)
[17.307s][info][gc,heap        ] GC(102) Old regions: 17->21
[17.307s][info][gc,heap        ] GC(102) Archive regions: 0->0
[17.307s][info][gc,heap        ] GC(102) Humongous regions: 3->3
[17.307s][info][gc,metaspace   ] GC(102) Metaspace: 8596K(8832K)->8596K(8832K) NonClass: 7444K(7552K)->7444K(7552K) Class: 1151K(1280K)->1151K(1280K)
[17.307s][info][gc             ] GC(102) Pause Young (Normal) (G1 Evacuation Pause) 329M->34M(532M) 9.213ms
[17.307s][info][gc,cpu         ] GC(102) User=0.19s Sys=0.00s Real=0.01s
[17.492s][info][gc,start       ] GC(103) Pause Young (Normal) (G1 Evacuation Pause)
[17.492s][info][gc,task        ] GC(103) Using 12 workers of 33 for evacuation
[17.501s][info][gc,phases      ] GC(103)   Pre Evacuate Collection Set: 0.1ms
[17.501s][info][gc,phases      ] GC(103)   Merge Heap Roots: 0.3ms
[17.501s][info][gc,phases      ] GC(103)   Evacuate Collection Set: 8.2ms
[17.501s][info][gc,phases      ] GC(103)   Post Evacuate Collection Set: 0.4ms
[17.501s][info][gc,phases      ] GC(103)   Other: 0.2ms
[17.501s][info][gc,heap        ] GC(103) Eden regions: 300->0(299)
[17.501s][info][gc,heap        ] GC(103) Survivor regions: 19->20(40)
[17.501s][info][gc,heap        ] GC(103) Old regions: 21->21
[17.501s][info][gc,heap        ] GC(103) Archive regions: 0->0
[17.501s][info][gc,heap        ] GC(103) Humongous regions: 3->3
[17.502s][info][gc,metaspace   ] GC(103) Metaspace: 8596K(8832K)->8596K(8832K) NonClass: 7444K(7552K)->7444K(7552K) Class: 1151K(1280K)->1151K(1280K)
[17.502s][info][gc             ] GC(103) Pause Young (Normal) (G1 Evacuation Pause) 334M->35M(532M) 9.842ms
[17.502s][info][gc,cpu         ] GC(103) User=0.00s Sys=0.00s Real=0.01s
[17.655s][info][gc,start       ] GC(104) Pause Young (Normal) (G1 Evacuation Pause)
[17.655s][info][gc,task        ] GC(104) Using 12 workers of 33 for evacuation
[17.663s][info][gc,phases      ] GC(104)   Pre Evacuate Collection Set: 0.1ms
[17.663s][info][gc,phases      ] GC(104)   Merge Heap Roots: 0.2ms
[17.663s][info][gc,phases      ] GC(104)   Evacuate Collection Set: 7.4ms
[17.663s][info][gc,phases      ] GC(104)   Post Evacuate Collection Set: 0.4ms
[17.663s][info][gc,phases      ] GC(104)   Other: 0.2ms
[17.663s][info][gc,heap        ] GC(104) Eden regions: 299->0(298)
[17.663s][info][gc,heap        ] GC(104) Survivor regions: 20->21(40)
[17.663s][info][gc,heap        ] GC(104) Old regions: 21->21
[17.663s][info][gc,heap        ] GC(104) Archive regions: 0->0
[17.663s][info][gc,heap        ] GC(104) Humongous regions: 3->3
[17.663s][info][gc,metaspace   ] GC(104) Metaspace: 8596K(8832K)->8596K(8832K) NonClass: 7444K(7552K)->7444K(7552K) Class: 1151K(1280K)->1151K(1280K)
[17.663s][info][gc             ] GC(104) Pause Young (Normal) (G1 Evacuation Pause) 334M->36M(532M) 8.837ms
[17.663s][info][gc,cpu         ] GC(104) User=0.19s Sys=0.00s Real=0.01s
[17.823s][info][gc,start       ] GC(105) Pause Young (Normal) (G1 Evacuation Pause)
[17.823s][info][gc,task        ] GC(105) Using 12 workers of 33 for evacuation
[17.831s][info][gc,phases      ] GC(105)   Pre Evacuate Collection Set: 0.1ms
[17.832s][info][gc,phases      ] GC(105)   Merge Heap Roots: 0.2ms
[17.832s][info][gc,phases      ] GC(105)   Evacuate Collection Set: 7.7ms
[17.832s][info][gc,phases      ] GC(105)   Post Evacuate Collection Set: 0.5ms
[17.832s][info][gc,phases      ] GC(105)   Other: 0.2ms
[17.832s][info][gc,heap        ] GC(105) Eden regions: 298->0(297)
[17.832s][info][gc,heap        ] GC(105) Survivor regions: 21->22(40)
[17.832s][info][gc,heap        ] GC(105) Old regions: 21->21
[17.832s][info][gc,heap        ] GC(105) Archive regions: 0->0
[17.832s][info][gc,heap        ] GC(105) Humongous regions: 3->3
[17.832s][info][gc,metaspace   ] GC(105) Metaspace: 8596K(8832K)->8596K(8832K) NonClass: 7444K(7552K)->7444K(7552K) Class: 1151K(1280K)->1151K(1280K)
[17.832s][info][gc             ] GC(105) Pause Young (Normal) (G1 Evacuation Pause) 334M->36M(532M) 9.200ms
[17.832s][info][gc,cpu         ] GC(105) User=0.00s Sys=0.00s Real=0.01s
[18.011s][info][gc,start       ] GC(106) Pause Young (Normal) (G1 Evacuation Pause)
[18.011s][info][gc,task        ] GC(106) Using 12 workers of 33 for evacuation
[18.019s][info][gc,phases      ] GC(106)   Pre Evacuate Collection Set: 0.1ms
[18.020s][info][gc,phases      ] GC(106)   Merge Heap Roots: 0.1ms
[18.020s][info][gc,phases      ] GC(106)   Evacuate Collection Set: 7.3ms
[18.020s][info][gc,phases      ] GC(106)   Post Evacuate Collection Set: 0.5ms
[18.020s][info][gc,phases      ] GC(106)   Other: 0.1ms
[18.020s][info][gc,heap        ] GC(106) Eden regions: 297->0(296)
[18.020s][info][gc,heap        ] GC(106) Survivor regions: 22->23(40)
[18.020s][info][gc,heap        ] GC(106) Old regions: 21->21
[18.020s][info][gc,heap        ] GC(106) Archive regions: 0->0
[18.020s][info][gc,heap        ] GC(106) Humongous regions: 3->3
[18.020s][info][gc,metaspace   ] GC(106) Metaspace: 8596K(8832K)->8596K(8832K) NonClass: 7444K(7552K)->7444K(7552K) Class: 1151K(1280K)->1151K(1280K)
[18.020s][info][gc             ] GC(106) Pause Young (Normal) (G1 Evacuation Pause) 333M->38M(532M) 8.540ms
[18.020s][info][gc,cpu         ] GC(106) User=0.00s Sys=0.00s Real=0.01s
[18.192s][info][gc,start       ] GC(107) Pause Young (Normal) (G1 Evacuation Pause)
[18.192s][info][gc,task        ] GC(107) Using 12 workers of 33 for evacuation
[18.200s][info][gc,phases      ] GC(107)   Pre Evacuate Collection Set: 0.1ms
[18.200s][info][gc,phases      ] GC(107)   Merge Heap Roots: 0.1ms
[18.200s][info][gc,phases      ] GC(107)   Evacuate Collection Set: 6.9ms
[18.200s][info][gc,phases      ] GC(107)   Post Evacuate Collection Set: 0.4ms
[18.200s][info][gc,phases      ] GC(107)   Other: 0.2ms
[18.200s][info][gc,heap        ] GC(107) Eden regions: 296->0(310)
[18.200s][info][gc,heap        ] GC(107) Survivor regions: 23->9(40)
[18.200s][info][gc,heap        ] GC(107) Old regions: 21->36
[18.200s][info][gc,heap        ] GC(107) Archive regions: 0->0
[18.200s][info][gc,heap        ] GC(107) Humongous regions: 3->3
[18.200s][info][gc,metaspace   ] GC(107) Metaspace: 8596K(8832K)->8596K(8832K) NonClass: 7444K(7552K)->7444K(7552K) Class: 1151K(1280K)->1151K(1280K)
[18.200s][info][gc             ] GC(107) Pause Young (Normal) (G1 Evacuation Pause) 334M->38M(532M) 8.360ms
[18.201s][info][gc,cpu         ] GC(107) User=0.19s Sys=0.00s Real=0.01s
[18.773s][info][gc,start       ] GC(108) Pause Full (System.gc())
[18.773s][info][gc,task        ] GC(108) Using 12 workers of 33 for full compaction
[18.773s][info][gc,phases,start] GC(108) Phase 1: Mark live objects
[18.776s][info][gc,phases      ] GC(108) Phase 1: Mark live objects 3.101ms
[18.777s][info][gc,phases,start] GC(108) Phase 2: Prepare compaction
[18.777s][info][gc,phases      ] GC(108) Phase 2: Prepare compaction 0.876ms
[18.777s][info][gc,phases,start] GC(108) Phase 3: Adjust pointers
[18.780s][info][gc,phases      ] GC(108) Phase 3: Adjust pointers 2.643ms
[18.780s][info][gc,phases,start] GC(108) Phase 4: Compact heap
[18.781s][info][gc,phases      ] GC(108) Phase 4: Compact heap 0.906ms
[18.785s][info][gc,heap        ] GC(108) Eden regions: 250->0(24)
[18.785s][info][gc,heap        ] GC(108) Survivor regions: 9->0(40)
[18.785s][info][gc,heap        ] GC(108) Old regions: 36->12
[18.785s][info][gc,heap        ] GC(108) Archive regions: 0->0
[18.785s][info][gc,heap        ] GC(108) Humongous regions: 22->0
[18.785s][info][gc,metaspace   ] GC(108) Metaspace: 8596K(8832K)->8596K(8832K) NonClass: 7444K(7552K)->7444K(7552K) Class: 1151K(1280K)->1151K(1280K)
[18.785s][info][gc             ] GC(108) Pause Full (System.gc()) 307M->3M(40M) 12.284ms
[18.785s][info][gc,cpu         ] GC(108) User=0.00s Sys=0.00s Real=0.01s
[18.801s][info][gc,start       ] GC(109) Pause Young (Normal) (G1 Evacuation Pause)
[18.801s][info][gc,task        ] GC(109) Using 7 workers of 33 for evacuation
[18.802s][info][gc,phases      ] GC(109)   Pre Evacuate Collection Set: 0.1ms
[18.802s][info][gc,phases      ] GC(109)   Merge Heap Roots: 0.0ms
[18.802s][info][gc,phases      ] GC(109)   Evacuate Collection Set: 0.3ms
[18.802s][info][gc,phases      ] GC(109)   Post Evacuate Collection Set: 0.2ms
[18.802s][info][gc,phases      ] GC(109)   Other: 0.1ms
[18.802s][info][gc,heap        ] GC(109) Eden regions: 24->0(22)
[18.802s][info][gc,heap        ] GC(109) Survivor regions: 0->2(3)
[18.802s][info][gc,heap        ] GC(109) Old regions: 12->12
[18.802s][info][gc,heap        ] GC(109) Archive regions: 0->0
[18.802s][info][gc,heap        ] GC(109) Humongous regions: 0->0
[18.802s][info][gc,metaspace   ] GC(109) Metaspace: 8597K(8832K)->8597K(8832K) NonClass: 7445K(7552K)->7445K(7552K) Class: 1151K(1280K)->1151K(1280K)
[18.802s][info][gc             ] GC(109) Pause Young (Normal) (G1 Evacuation Pause) 27M->5M(40M) 1.272ms
[18.802s][info][gc,cpu         ] GC(109) User=0.00s Sys=0.00s Real=0.00s
[18.814s][info][gc,start       ] GC(110) Pause Young (Normal) (G1 Evacuation Pause)
[18.814s][info][gc,task        ] GC(110) Using 4 workers of 33 for evacuation
[18.815s][info][gc,phases      ] GC(110)   Pre Evacuate Collection Set: 0.1ms
[18.815s][info][gc,phases      ] GC(110)   Merge Heap Roots: 0.0ms
[18.815s][info][gc,phases      ] GC(110)   Evacuate Collection Set: 0.3ms
[18.815s][info][gc,phases      ] GC(110)   Post Evacuate Collection Set: 0.2ms
[18.815s][info][gc,phases      ] GC(110)   Other: 0.1ms
[18.815s][info][gc,heap        ] GC(110) Eden regions: 22->0(23)
[18.815s][info][gc,heap        ] GC(110) Survivor regions: 2->1(3)
[18.815s][info][gc,heap        ] GC(110) Old regions: 12->12
[18.815s][info][gc,heap        ] GC(110) Archive regions: 0->0
[18.815s][info][gc,heap        ] GC(110) Humongous regions: 0->0
[18.815s][info][gc,metaspace   ] GC(110) Metaspace: 8597K(8832K)->8597K(8832K) NonClass: 7445K(7552K)->7445K(7552K) Class: 1151K(1280K)->1151K(1280K)
[18.815s][info][gc             ] GC(110) Pause Young (Normal) (G1 Evacuation Pause) 27M->3M(40M) 1.328ms
[18.815s][info][gc,cpu         ] GC(110) User=0.00s Sys=0.00s Real=0.00s
[18.827s][info][gc,start       ] GC(111) Pause Young (Normal) (G1 Evacuation Pause)
[18.827s][info][gc,task        ] GC(111) Using 3 workers of 33 for evacuation
[18.828s][info][gc,phases      ] GC(111)   Pre Evacuate Collection Set: 0.1ms
[18.828s][info][gc,phases      ] GC(111)   Merge Heap Roots: 0.0ms
[18.828s][info][gc,phases      ] GC(111)   Evacuate Collection Set: 0.6ms
[18.828s][info][gc,phases      ] GC(111)   Post Evacuate Collection Set: 0.2ms
[18.828s][info][gc,phases      ] GC(111)   Other: 0.1ms
[18.829s][info][gc,heap        ] GC(111) Eden regions: 23->0(23)
[18.829s][info][gc,heap        ] GC(111) Survivor regions: 1->1(3)
[18.829s][info][gc,heap        ] GC(111) Old regions: 12->12
[18.829s][info][gc,heap        ] GC(111) Archive regions: 0->0
[18.829s][info][gc,heap        ] GC(111) Humongous regions: 0->0
[18.829s][info][gc,metaspace   ] GC(111) Metaspace: 8597K(8832K)->8597K(8832K) NonClass: 7445K(7552K)->7445K(7552K) Class: 1151K(1280K)->1151K(1280K)
[18.829s][info][gc             ] GC(111) Pause Young (Normal) (G1 Evacuation Pause) 26M->3M(40M) 1.584ms
[18.829s][info][gc,cpu         ] GC(111) User=0.00s Sys=0.00s Real=0.00s
[18.841s][info][gc,start       ] GC(112) Pause Young (Normal) (G1 Evacuation Pause)
[18.841s][info][gc,task        ] GC(112) Using 2 workers of 33 for evacuation
[18.844s][info][gc,phases      ] GC(112)   Pre Evacuate Collection Set: 0.1ms
[18.844s][info][gc,phases      ] GC(112)   Merge Heap Roots: 0.0ms
[18.844s][info][gc,phases      ] GC(112)   Evacuate Collection Set: 0.9ms
[18.844s][info][gc,phases      ] GC(112)   Post Evacuate Collection Set: 2.4ms
[18.844s][info][gc,phases      ] GC(112)   Other: 0.1ms
[18.844s][info][gc,heap        ] GC(112) Eden regions: 23->0(318)
[18.844s][info][gc,heap        ] GC(112) Survivor regions: 1->1(3)
[18.844s][info][gc,heap        ] GC(112) Old regions: 12->12
[18.844s][info][gc,heap        ] GC(112) Archive regions: 0->0
[18.845s][info][gc,heap        ] GC(112) Humongous regions: 0->0
[18.845s][info][gc,metaspace   ] GC(112) Metaspace: 8597K(8832K)->8597K(8832K) NonClass: 7445K(7552K)->7445K(7552K) Class: 1151K(1280K)->1151K(1280K)
[18.845s][info][gc             ] GC(112) Pause Young (Normal) (G1 Evacuation Pause) 26M->3M(532M) 3.993ms
[18.845s][info][gc,cpu         ] GC(112) User=0.00s Sys=0.00s Real=0.00s
[19.040s][info][gc,start       ] GC(113) Pause Young (Normal) (G1 Evacuation Pause)
[19.040s][info][gc,task        ] GC(113) Using 12 workers of 33 for evacuation
[19.041s][info][gc,phases      ] GC(113)   Pre Evacuate Collection Set: 0.1ms
[19.041s][info][gc,phases      ] GC(113)   Merge Heap Roots: 0.1ms
[19.042s][info][gc,phases      ] GC(113)   Evacuate Collection Set: 0.8ms
[19.042s][info][gc,phases      ] GC(113)   Post Evacuate Collection Set: 0.4ms
[19.042s][info][gc,phases      ] GC(113)   Other: 0.2ms
[19.042s][info][gc,heap        ] GC(113) Eden regions: 318->0(317)
[19.042s][info][gc,heap        ] GC(113) Survivor regions: 1->2(40)
[19.042s][info][gc,heap        ] GC(113) Old regions: 12->12
[19.042s][info][gc,heap        ] GC(113) Archive regions: 0->0
[19.042s][info][gc,heap        ] GC(113) Humongous regions: 0->0
[19.042s][info][gc,metaspace   ] GC(113) Metaspace: 8597K(8832K)->8597K(8832K) NonClass: 7445K(7552K)->7445K(7552K) Class: 1151K(1280K)->1151K(1280K)
[19.042s][info][gc             ] GC(113) Pause Young (Normal) (G1 Evacuation Pause) 321M->4M(532M) 2.128ms
[19.042s][info][gc,cpu         ] GC(113) User=0.00s Sys=0.00s Real=0.00s
[19.232s][info][gc,start       ] GC(114) Pause Young (Normal) (G1 Evacuation Pause)
[19.232s][info][gc,task        ] GC(114) Using 12 workers of 33 for evacuation
[19.234s][info][gc,phases      ] GC(114)   Pre Evacuate Collection Set: 0.1ms
[19.234s][info][gc,phases      ] GC(114)   Merge Heap Roots: 0.1ms
[19.237s][info][gc,phases      ] GC(114)   Evacuate Collection Set: 1.3ms
[19.237s][info][gc,phases      ] GC(114)   Post Evacuate Collection Set: 0.4ms
[19.237s][info][gc,phases      ] GC(114)   Other: 0.2ms
[19.237s][info][gc,heap        ] GC(114) Eden regions: 317->0(316)
[19.237s][info][gc,heap        ] GC(114) Survivor regions: 2->3(40)
[19.237s][info][gc,heap        ] GC(114) Old regions: 12->12
[19.237s][info][gc,heap        ] GC(114) Archive regions: 0->0
[19.237s][info][gc,heap        ] GC(114) Humongous regions: 0->0
[19.237s][info][gc,metaspace   ] GC(114) Metaspace: 8597K(8832K)->8597K(8832K) NonClass: 7445K(7552K)->7445K(7552K) Class: 1151K(1280K)->1151K(1280K)
[19.237s][info][gc             ] GC(114) Pause Young (Normal) (G1 Evacuation Pause) 321M->5M(532M) 5.300ms
[19.237s][info][gc,cpu         ] GC(114) User=0.00s Sys=0.00s Real=0.01s
[19.425s][info][gc,start       ] GC(115) Pause Young (Normal) (G1 Evacuation Pause)
[19.426s][info][gc,task        ] GC(115) Using 12 workers of 33 for evacuation
[19.428s][info][gc,phases      ] GC(115)   Pre Evacuate Collection Set: 0.1ms
[19.428s][info][gc,phases      ] GC(115)   Merge Heap Roots: 0.1ms
[19.428s][info][gc,phases      ] GC(115)   Evacuate Collection Set: 1.3ms
[19.428s][info][gc,phases      ] GC(115)   Post Evacuate Collection Set: 0.4ms
[19.428s][info][gc,phases      ] GC(115)   Other: 0.2ms
[19.428s][info][gc,heap        ] GC(115) Eden regions: 316->0(315)
[19.428s][info][gc,heap        ] GC(115) Survivor regions: 3->4(40)
[19.428s][info][gc,heap        ] GC(115) Old regions: 12->12
[19.428s][info][gc,heap        ] GC(115) Archive regions: 0->0
[19.428s][info][gc,heap        ] GC(115) Humongous regions: 0->0
[19.428s][info][gc,metaspace   ] GC(115) Metaspace: 8597K(8832K)->8597K(8832K) NonClass: 7445K(7552K)->7445K(7552K) Class: 1151K(1280K)->1151K(1280K)
[19.428s][info][gc             ] GC(115) Pause Young (Normal) (G1 Evacuation Pause) 321M->6M(532M) 2.596ms
[19.428s][info][gc,cpu         ] GC(115) User=0.00s Sys=0.00s Real=0.00s
[19.610s][info][gc,start       ] GC(116) Pause Young (Normal) (G1 Evacuation Pause)
[19.610s][info][gc,task        ] GC(116) Using 12 workers of 33 for evacuation
[19.613s][info][gc,phases      ] GC(116)   Pre Evacuate Collection Set: 0.1ms
[19.613s][info][gc,phases      ] GC(116)   Merge Heap Roots: 0.1ms
[19.613s][info][gc,phases      ] GC(116)   Evacuate Collection Set: 2.0ms
[19.613s][info][gc,phases      ] GC(116)   Post Evacuate Collection Set: 0.4ms
[19.613s][info][gc,phases      ] GC(116)   Other: 0.2ms
[19.613s][info][gc,heap        ] GC(116) Eden regions: 315->0(314)
[19.613s][info][gc,heap        ] GC(116) Survivor regions: 4->5(40)
[19.613s][info][gc,heap        ] GC(116) Old regions: 12->12
[19.613s][info][gc,heap        ] GC(116) Archive regions: 0->0
[19.613s][info][gc,heap        ] GC(116) Humongous regions: 0->0
[19.613s][info][gc,metaspace   ] GC(116) Metaspace: 8597K(8832K)->8597K(8832K) NonClass: 7445K(7552K)->7445K(7552K) Class: 1151K(1280K)->1151K(1280K)
[19.613s][info][gc             ] GC(116) Pause Young (Normal) (G1 Evacuation Pause) 321M->7M(532M) 3.413ms
[19.613s][info][gc,cpu         ] GC(116) User=0.00s Sys=0.00s Real=0.00s
[19.799s][info][gc,start       ] GC(117) Pause Young (Normal) (G1 Evacuation Pause)
[19.799s][info][gc,task        ] GC(117) Using 12 workers of 33 for evacuation
[19.802s][info][gc,phases      ] GC(117)   Pre Evacuate Collection Set: 0.1ms
[19.802s][info][gc,phases      ] GC(117)   Merge Heap Roots: 0.1ms
[19.802s][info][gc,phases      ] GC(117)   Evacuate Collection Set: 2.6ms
[19.802s][info][gc,phases      ] GC(117)   Post Evacuate Collection Set: 0.4ms
[19.802s][info][gc,phases      ] GC(117)   Other: 0.1ms
[19.802s][info][gc,heap        ] GC(117) Eden regions: 314->0(313)
[19.802s][info][gc,heap        ] GC(117) Survivor regions: 5->6(40)
[19.802s][info][gc,heap        ] GC(117) Old regions: 12->12
[19.802s][info][gc,heap        ] GC(117) Archive regions: 0->0
[19.803s][info][gc,heap        ] GC(117) Humongous regions: 0->0
[19.803s][info][gc,metaspace   ] GC(117) Metaspace: 8597K(8832K)->8597K(8832K) NonClass: 7445K(7552K)->7445K(7552K) Class: 1151K(1280K)->1151K(1280K)
[19.803s][info][gc             ] GC(117) Pause Young (Normal) (G1 Evacuation Pause) 321M->8M(532M) 3.600ms
[19.803s][info][gc,cpu         ] GC(117) User=0.00s Sys=0.00s Real=0.00s
[19.985s][info][gc,start       ] GC(118) Pause Young (Normal) (G1 Evacuation Pause)
[19.985s][info][gc,task        ] GC(118) Using 12 workers of 33 for evacuation
[19.988s][info][gc,phases      ] GC(118)   Pre Evacuate Collection Set: 0.1ms
[19.988s][info][gc,phases      ] GC(118)   Merge Heap Roots: 0.1ms
[19.988s][info][gc,phases      ] GC(118)   Evacuate Collection Set: 2.1ms
[19.988s][info][gc,phases      ] GC(118)   Post Evacuate Collection Set: 0.4ms
[19.988s][info][gc,phases      ] GC(118)   Other: 0.2ms
[19.988s][info][gc,heap        ] GC(118) Eden regions: 313->0(312)
[19.988s][info][gc,heap        ] GC(118) Survivor regions: 6->7(40)
[19.988s][info][gc,heap        ] GC(118) Old regions: 12->12
[19.988s][info][gc,heap        ] GC(118) Archive regions: 0->0
[19.988s][info][gc,heap        ] GC(118) Humongous regions: 0->0
[19.988s][info][gc,metaspace   ] GC(118) Metaspace: 8597K(8832K)->8597K(8832K) NonClass: 7445K(7552K)->7445K(7552K) Class: 1151K(1280K)->1151K(1280K)
[19.988s][info][gc             ] GC(118) Pause Young (Normal) (G1 Evacuation Pause) 321M->10M(532M) 3.413ms
[19.988s][info][gc,cpu         ] GC(118) User=0.00s Sys=0.00s Real=0.00s
[20.150s][info][gc,start       ] GC(119) Pause Young (Normal) (G1 Evacuation Pause)
[20.150s][info][gc,task        ] GC(119) Using 12 workers of 33 for evacuation
[20.153s][info][gc,phases      ] GC(119)   Pre Evacuate Collection Set: 0.1ms
[20.153s][info][gc,phases      ] GC(119)   Merge Heap Roots: 0.1ms
[20.153s][info][gc,phases      ] GC(119)   Evacuate Collection Set: 2.3ms
[20.153s][info][gc,phases      ] GC(119)   Post Evacuate Collection Set: 0.4ms
[20.153s][info][gc,phases      ] GC(119)   Other: 0.2ms
[20.153s][info][gc,heap        ] GC(119) Eden regions: 312->0(311)
[20.153s][info][gc,heap        ] GC(119) Survivor regions: 7->8(40)
[20.153s][info][gc,heap        ] GC(119) Old regions: 12->12
[20.154s][info][gc,heap        ] GC(119) Archive regions: 0->0
[20.154s][info][gc,heap        ] GC(119) Humongous regions: 0->0
[20.154s][info][gc,metaspace   ] GC(119) Metaspace: 8597K(8832K)->8597K(8832K) NonClass: 7445K(7552K)->7445K(7552K) Class: 1151K(1280K)->1151K(1280K)
[20.154s][info][gc             ] GC(119) Pause Young (Normal) (G1 Evacuation Pause) 322M->11M(532M) 3.623ms
[20.154s][info][gc,cpu         ] GC(119) User=0.00s Sys=0.00s Real=0.00s
[20.334s][info][gc,start       ] GC(120) Pause Young (Normal) (G1 Evacuation Pause)
[20.334s][info][gc,task        ] GC(120) Using 12 workers of 33 for evacuation
[20.337s][info][gc,phases      ] GC(120)   Pre Evacuate Collection Set: 0.1ms
[20.337s][info][gc,phases      ] GC(120)   Merge Heap Roots: 0.1ms
[20.337s][info][gc,phases      ] GC(120)   Evacuate Collection Set: 2.7ms
[20.337s][info][gc,phases      ] GC(120)   Post Evacuate Collection Set: 0.4ms
[20.337s][info][gc,phases      ] GC(120)   Other: 0.1ms
[20.337s][info][gc,heap        ] GC(120) Eden regions: 311->0(310)
[20.337s][info][gc,heap        ] GC(120) Survivor regions: 8->9(40)
[20.338s][info][gc,heap        ] GC(120) Old regions: 12->12
[20.338s][info][gc,heap        ] GC(120) Archive regions: 0->0
[20.338s][info][gc,heap        ] GC(120) Humongous regions: 0->0
[20.338s][info][gc,metaspace   ] GC(120) Metaspace: 8597K(8832K)->8597K(8832K) NonClass: 7445K(7552K)->7445K(7552K) Class: 1151K(1280K)->1151K(1280K)
[20.338s][info][gc             ] GC(120) Pause Young (Normal) (G1 Evacuation Pause) 322M->11M(532M) 3.765ms
[20.338s][info][gc,cpu         ] GC(120) User=0.19s Sys=0.00s Real=0.00s
[20.539s][info][gc,start       ] GC(121) Pause Young (Normal) (G1 Evacuation Pause)
[20.540s][info][gc,task        ] GC(121) Using 12 workers of 33 for evacuation
[20.544s][info][gc,phases      ] GC(121)   Pre Evacuate Collection Set: 0.1ms
[20.544s][info][gc,phases      ] GC(121)   Merge Heap Roots: 0.1ms
[20.544s][info][gc,phases      ] GC(121)   Evacuate Collection Set: 3.3ms
[20.544s][info][gc,phases      ] GC(121)   Post Evacuate Collection Set: 0.5ms
[20.544s][info][gc,phases      ] GC(121)   Other: 0.2ms
[20.544s][info][gc,heap        ] GC(121) Eden regions: 310->0(309)
[20.544s][info][gc,heap        ] GC(121) Survivor regions: 9->10(40)
[20.544s][info][gc,heap        ] GC(121) Old regions: 12->12
[20.544s][info][gc,heap        ] GC(121) Archive regions: 0->0
[20.544s][info][gc,heap        ] GC(121) Humongous regions: 0->0
[20.544s][info][gc,metaspace   ] GC(121) Metaspace: 8597K(8832K)->8597K(8832K) NonClass: 7445K(7552K)->7445K(7552K) Class: 1151K(1280K)->1151K(1280K)
[20.544s][info][gc             ] GC(121) Pause Young (Normal) (G1 Evacuation Pause) 321M->13M(532M) 4.769ms
[20.544s][info][gc,cpu         ] GC(121) User=0.00s Sys=0.00s Real=0.00s
[20.719s][info][gc,start       ] GC(122) Pause Young (Normal) (G1 Evacuation Pause)
[20.719s][info][gc,task        ] GC(122) Using 12 workers of 33 for evacuation
[20.723s][info][gc,phases      ] GC(122)   Pre Evacuate Collection Set: 0.1ms
[20.723s][info][gc,phases      ] GC(122)   Merge Heap Roots: 0.1ms
[20.723s][info][gc,phases      ] GC(122)   Evacuate Collection Set: 2.8ms
[20.723s][info][gc,phases      ] GC(122)   Post Evacuate Collection Set: 0.4ms
[20.723s][info][gc,phases      ] GC(122)   Other: 0.2ms
[20.723s][info][gc,heap        ] GC(122) Eden regions: 309->0(308)
[20.723s][info][gc,heap        ] GC(122) Survivor regions: 10->11(40)
[20.723s][info][gc,heap        ] GC(122) Old regions: 12->12
[20.723s][info][gc,heap        ] GC(122) Archive regions: 0->0
[20.723s][info][gc,heap        ] GC(122) Humongous regions: 0->0
[20.723s][info][gc,metaspace   ] GC(122) Metaspace: 8597K(8832K)->8597K(8832K) NonClass: 7445K(7552K)->7445K(7552K) Class: 1151K(1280K)->1151K(1280K)
[20.723s][info][gc             ] GC(122) Pause Young (Normal) (G1 Evacuation Pause) 322M->14M(532M) 4.112ms
[20.724s][info][gc,cpu         ] GC(122) User=0.00s Sys=0.00s Real=0.00s
[20.886s][info][gc,start       ] GC(123) Pause Young (Normal) (G1 Evacuation Pause)
[20.887s][info][gc,task        ] GC(123) Using 12 workers of 33 for evacuation
[20.891s][info][gc,phases      ] GC(123)   Pre Evacuate Collection Set: 0.1ms
[20.891s][info][gc,phases      ] GC(123)   Merge Heap Roots: 0.1ms
[20.891s][info][gc,phases      ] GC(123)   Evacuate Collection Set: 3.9ms
[20.891s][info][gc,phases      ] GC(123)   Post Evacuate Collection Set: 0.5ms
[20.891s][info][gc,phases      ] GC(123)   Other: 0.2ms
[20.892s][info][gc,heap        ] GC(123) Eden regions: 308->0(307)
[20.892s][info][gc,heap        ] GC(123) Survivor regions: 11->12(40)
[20.892s][info][gc,heap        ] GC(123) Old regions: 12->12
[20.892s][info][gc,heap        ] GC(123) Archive regions: 0->0
[20.892s][info][gc,heap        ] GC(123) Humongous regions: 0->0
[20.892s][info][gc,metaspace   ] GC(123) Metaspace: 8597K(8832K)->8597K(8832K) NonClass: 7445K(7552K)->7445K(7552K) Class: 1151K(1280K)->1151K(1280K)
[20.892s][info][gc             ] GC(123) Pause Young (Normal) (G1 Evacuation Pause) 322M->14M(532M) 5.378ms
[20.892s][info][gc,cpu         ] GC(123) User=0.00s Sys=0.00s Real=0.01s
[21.056s][info][gc,start       ] GC(124) Pause Young (Normal) (G1 Evacuation Pause)
[21.056s][info][gc,task        ] GC(124) Using 12 workers of 33 for evacuation
[21.060s][info][gc,phases      ] GC(124)   Pre Evacuate Collection Set: 0.1ms
[21.060s][info][gc,phases      ] GC(124)   Merge Heap Roots: 0.1ms
[21.060s][info][gc,phases      ] GC(124)   Evacuate Collection Set: 3.5ms
[21.060s][info][gc,phases      ] GC(124)   Post Evacuate Collection Set: 0.4ms
[21.060s][info][gc,phases      ] GC(124)   Other: 0.1ms
[21.060s][info][gc,heap        ] GC(124) Eden regions: 307->0(306)
[21.060s][info][gc,heap        ] GC(124) Survivor regions: 12->13(40)
[21.060s][info][gc,heap        ] GC(124) Old regions: 12->13
[21.060s][info][gc,heap        ] GC(124) Archive regions: 0->0
[21.060s][info][gc,heap        ] GC(124) Humongous regions: 0->0
[21.060s][info][gc,metaspace   ] GC(124) Metaspace: 8597K(8832K)->8597K(8832K) NonClass: 7445K(7552K)->7445K(7552K) Class: 1151K(1280K)->1151K(1280K)
[21.060s][info][gc             ] GC(124) Pause Young (Normal) (G1 Evacuation Pause) 321M->16M(532M) 4.487ms
[21.060s][info][gc,cpu         ] GC(124) User=0.00s Sys=0.00s Real=0.01s
[21.234s][info][gc,start       ] GC(125) Pause Young (Normal) (G1 Evacuation Pause)
[21.234s][info][gc,task        ] GC(125) Using 12 workers of 33 for evacuation
[21.239s][info][gc,phases      ] GC(125)   Pre Evacuate Collection Set: 0.1ms
[21.239s][info][gc,phases      ] GC(125)   Merge Heap Roots: 0.1ms
[21.239s][info][gc,phases      ] GC(125)   Evacuate Collection Set: 3.4ms
[21.239s][info][gc,phases      ] GC(125)   Post Evacuate Collection Set: 0.4ms
[21.239s][info][gc,phases      ] GC(125)   Other: 0.2ms
[21.239s][info][gc,heap        ] GC(125) Eden regions: 306->0(305)
[21.239s][info][gc,heap        ] GC(125) Survivor regions: 13->14(40)
[21.239s][info][gc,heap        ] GC(125) Old regions: 13->13
[21.239s][info][gc,heap        ] GC(125) Archive regions: 0->0
[21.239s][info][gc,heap        ] GC(125) Humongous regions: 0->0
[21.239s][info][gc,metaspace   ] GC(125) Metaspace: 8597K(8832K)->8597K(8832K) NonClass: 7445K(7552K)->7445K(7552K) Class: 1151K(1280K)->1151K(1280K)
[21.239s][info][gc             ] GC(125) Pause Young (Normal) (G1 Evacuation Pause) 322M->16M(532M) 4.756ms
[21.239s][info][gc,cpu         ] GC(125) User=0.00s Sys=0.00s Real=0.00s
[21.469s][info][gc,start       ] GC(126) Pause Young (Normal) (G1 Evacuation Pause)
[21.469s][info][gc,task        ] GC(126) Using 12 workers of 33 for evacuation
[21.481s][info][gc,phases      ] GC(126)   Pre Evacuate Collection Set: 0.1ms
[21.481s][info][gc,phases      ] GC(126)   Merge Heap Roots: 0.2ms
[21.481s][info][gc,phases      ] GC(126)   Evacuate Collection Set: 11.4ms
[21.482s][info][gc,phases      ] GC(126)   Post Evacuate Collection Set: 0.5ms
[21.482s][info][gc,phases      ] GC(126)   Other: 0.2ms
[21.482s][info][gc,heap        ] GC(126) Eden regions: 305->0(294)
[21.482s][info][gc,heap        ] GC(126) Survivor regions: 14->25(40)
[21.482s][info][gc,heap        ] GC(126) Old regions: 13->13
[21.482s][info][gc,heap        ] GC(126) Archive regions: 0->0
[21.482s][info][gc,heap        ] GC(126) Humongous regions: 3->3
[21.482s][info][gc,metaspace   ] GC(126) Metaspace: 8597K(8832K)->8597K(8832K) NonClass: 7445K(7552K)->7445K(7552K) Class: 1151K(1280K)->1151K(1280K)
[21.482s][info][gc             ] GC(126) Pause Young (Normal) (G1 Evacuation Pause) 324M->30M(532M) 12.965ms
[21.482s][info][gc,cpu         ] GC(126) User=0.19s Sys=0.00s Real=0.01s
[21.650s][info][gc,start       ] GC(127) Pause Young (Normal) (G1 Evacuation Pause)
[21.650s][info][gc,task        ] GC(127) Using 12 workers of 33 for evacuation
[21.659s][info][gc,phases      ] GC(127)   Pre Evacuate Collection Set: 0.1ms
[21.659s][info][gc,phases      ] GC(127)   Merge Heap Roots: 0.2ms
[21.659s][info][gc,phases      ] GC(127)   Evacuate Collection Set: 8.2ms
[21.659s][info][gc,phases      ] GC(127)   Post Evacuate Collection Set: 0.5ms
[21.659s][info][gc,phases      ] GC(127)   Other: 0.2ms
[21.659s][info][gc,heap        ] GC(127) Eden regions: 294->0(297)
[21.659s][info][gc,heap        ] GC(127) Survivor regions: 25->22(40)
[21.659s][info][gc,heap        ] GC(127) Old regions: 13->17
[21.659s][info][gc,heap        ] GC(127) Archive regions: 0->0
[21.659s][info][gc,heap        ] GC(127) Humongous regions: 3->3
[21.659s][info][gc,metaspace   ] GC(127) Metaspace: 8597K(8832K)->8597K(8832K) NonClass: 7445K(7552K)->7445K(7552K) Class: 1151K(1280K)->1151K(1280K)
[21.659s][info][gc             ] GC(127) Pause Young (Normal) (G1 Evacuation Pause) 324M->32M(532M) 9.710ms
[21.659s][info][gc,cpu         ] GC(127) User=0.00s Sys=0.00s Real=0.01s
[21.811s][info][gc,start       ] GC(128) Pause Young (Normal) (G1 Evacuation Pause)
[21.811s][info][gc,task        ] GC(128) Using 12 workers of 33 for evacuation
[21.819s][info][gc,phases      ] GC(128)   Pre Evacuate Collection Set: 0.1ms
[21.819s][info][gc,phases      ] GC(128)   Merge Heap Roots: 0.2ms
[21.819s][info][gc,phases      ] GC(128)   Evacuate Collection Set: 7.2ms
[21.819s][info][gc,phases      ] GC(128)   Post Evacuate Collection Set: 0.4ms
[21.819s][info][gc,phases      ] GC(128)   Other: 0.2ms
[21.819s][info][gc,heap        ] GC(128) Eden regions: 297->0(297)
[21.819s][info][gc,heap        ] GC(128) Survivor regions: 22->22(40)
[21.819s][info][gc,heap        ] GC(128) Old regions: 17->17
[21.819s][info][gc,heap        ] GC(128) Archive regions: 0->0
[21.819s][info][gc,heap        ] GC(128) Humongous regions: 3->3
[21.819s][info][gc,metaspace   ] GC(128) Metaspace: 8597K(8832K)->8597K(8832K) NonClass: 7445K(7552K)->7445K(7552K) Class: 1151K(1280K)->1151K(1280K)
[21.820s][info][gc             ] GC(128) Pause Young (Normal) (G1 Evacuation Pause) 329M->32M(532M) 8.681ms
[21.820s][info][gc,cpu         ] GC(128) User=0.19s Sys=0.00s Real=0.01s
[21.997s][info][gc,start       ] GC(129) Pause Young (Normal) (G1 Evacuation Pause)
[21.998s][info][gc,task        ] GC(129) Using 12 workers of 33 for evacuation
[22.006s][info][gc,phases      ] GC(129)   Pre Evacuate Collection Set: 0.1ms
[22.006s][info][gc,phases      ] GC(129)   Merge Heap Roots: 0.1ms
[22.006s][info][gc,phases      ] GC(129)   Evacuate Collection Set: 7.4ms
[22.006s][info][gc,phases      ] GC(129)   Post Evacuate Collection Set: 0.4ms
[22.006s][info][gc,phases      ] GC(129)   Other: 0.2ms
[22.006s][info][gc,heap        ] GC(129) Eden regions: 297->0(299)
[22.006s][info][gc,heap        ] GC(129) Survivor regions: 22->20(40)
[22.006s][info][gc,heap        ] GC(129) Old regions: 17->21
[22.006s][info][gc,heap        ] GC(129) Archive regions: 0->0
[22.006s][info][gc,heap        ] GC(129) Humongous regions: 3->3
[22.006s][info][gc,metaspace   ] GC(129) Metaspace: 8597K(8832K)->8597K(8832K) NonClass: 7445K(7552K)->7445K(7552K) Class: 1151K(1280K)->1151K(1280K)
[22.006s][info][gc             ] GC(129) Pause Young (Normal) (G1 Evacuation Pause) 329M->34M(532M) 8.859ms
[22.006s][info][gc,cpu         ] GC(129) User=0.02s Sys=0.00s Real=0.01s
[22.200s][info][gc,start       ] GC(130) Pause Young (Normal) (G1 Evacuation Pause)
[22.200s][info][gc,task        ] GC(130) Using 12 workers of 33 for evacuation
[22.208s][info][gc,phases      ] GC(130)   Pre Evacuate Collection Set: 0.1ms
[22.208s][info][gc,phases      ] GC(130)   Merge Heap Roots: 0.3ms
[22.208s][info][gc,phases      ] GC(130)   Evacuate Collection Set: 6.9ms
[22.208s][info][gc,phases      ] GC(130)   Post Evacuate Collection Set: 0.4ms
[22.208s][info][gc,phases      ] GC(130)   Other: 0.2ms
[22.208s][info][gc,heap        ] GC(130) Eden regions: 299->0(298)
[22.208s][info][gc,heap        ] GC(130) Survivor regions: 20->21(40)
[22.208s][info][gc,heap        ] GC(130) Old regions: 21->21
[22.208s][info][gc,heap        ] GC(130) Archive regions: 0->0
[22.208s][info][gc,heap        ] GC(130) Humongous regions: 3->3
[22.208s][info][gc,metaspace   ] GC(130) Metaspace: 8597K(8832K)->8597K(8832K) NonClass: 7445K(7552K)->7445K(7552K) Class: 1151K(1280K)->1151K(1280K)
[22.208s][info][gc             ] GC(130) Pause Young (Normal) (G1 Evacuation Pause) 333M->35M(532M) 8.438ms
[22.208s][info][gc,cpu         ] GC(130) User=0.00s Sys=0.00s Real=0.01s
[22.373s][info][gc,start       ] GC(131) Pause Young (Normal) (G1 Evacuation Pause)
[22.374s][info][gc,task        ] GC(131) Using 12 workers of 33 for evacuation
[22.381s][info][gc,phases      ] GC(131)   Pre Evacuate Collection Set: 0.1ms
[22.381s][info][gc,phases      ] GC(131)   Merge Heap Roots: 0.2ms
[22.381s][info][gc,phases      ] GC(131)   Evacuate Collection Set: 6.8ms
[22.381s][info][gc,phases      ] GC(131)   Post Evacuate Collection Set: 0.4ms
[22.381s][info][gc,phases      ] GC(131)   Other: 0.2ms
[22.381s][info][gc,heap        ] GC(131) Eden regions: 298->0(298)
[22.381s][info][gc,heap        ] GC(131) Survivor regions: 21->21(40)
[22.382s][info][gc,heap        ] GC(131) Old regions: 21->21
[22.382s][info][gc,heap        ] GC(131) Archive regions: 0->0
[22.382s][info][gc,heap        ] GC(131) Humongous regions: 3->3
[22.382s][info][gc,metaspace   ] GC(131) Metaspace: 8597K(8832K)->8597K(8832K) NonClass: 7445K(7552K)->7445K(7552K) Class: 1151K(1280K)->1151K(1280K)
[22.382s][info][gc             ] GC(131) Pause Young (Normal) (G1 Evacuation Pause) 333M->35M(532M) 8.286ms
[22.382s][info][gc,cpu         ] GC(131) User=0.02s Sys=0.00s Real=0.01s
[22.541s][info][gc,start       ] GC(132) Pause Young (Normal) (G1 Evacuation Pause)
[22.541s][info][gc,task        ] GC(132) Using 12 workers of 33 for evacuation
[22.549s][info][gc,phases      ] GC(132)   Pre Evacuate Collection Set: 0.1ms
[22.549s][info][gc,phases      ] GC(132)   Merge Heap Roots: 0.2ms
[22.549s][info][gc,phases      ] GC(132)   Evacuate Collection Set: 7.0ms
[22.549s][info][gc,phases      ] GC(132)   Post Evacuate Collection Set: 0.4ms
[22.549s][info][gc,phases      ] GC(132)   Other: 0.2ms
[22.549s][info][gc,heap        ] GC(132) Eden regions: 298->0(296)
[22.549s][info][gc,heap        ] GC(132) Survivor regions: 21->23(40)
[22.549s][info][gc,heap        ] GC(132) Old regions: 21->21
[22.549s][info][gc,heap        ] GC(132) Archive regions: 0->0
[22.549s][info][gc,heap        ] GC(132) Humongous regions: 3->3
[22.549s][info][gc,metaspace   ] GC(132) Metaspace: 8597K(8832K)->8597K(8832K) NonClass: 7445K(7552K)->7445K(7552K) Class: 1151K(1280K)->1151K(1280K)
[22.549s][info][gc             ] GC(132) Pause Young (Normal) (G1 Evacuation Pause) 333M->37M(532M) 8.487ms
[22.549s][info][gc,cpu         ] GC(132) User=0.00s Sys=0.00s Real=0.01s
[22.701s][info][gc,start       ] GC(133) Pause Young (Normal) (G1 Evacuation Pause)
[22.701s][info][gc,task        ] GC(133) Using 12 workers of 33 for evacuation
[22.709s][info][gc,phases      ] GC(133)   Pre Evacuate Collection Set: 0.1ms
[22.738s][info][gc,phases      ] GC(133)   Merge Heap Roots: 0.2ms
[22.738s][info][gc,phases      ] GC(133)   Evacuate Collection Set: 7.4ms
[22.738s][info][gc,phases      ] GC(133)   Post Evacuate Collection Set: 0.5ms
[22.739s][info][gc,phases      ] GC(133)   Other: 0.2ms
[22.739s][info][gc,heap        ] GC(133) Eden regions: 296->0(296)
[22.739s][info][gc,heap        ] GC(133) Survivor regions: 23->23(40)
[22.739s][info][gc,heap        ] GC(133) Old regions: 21->21
[22.739s][info][gc,heap        ] GC(133) Archive regions: 0->0
[22.739s][info][gc,heap        ] GC(133) Humongous regions: 3->3
[22.739s][info][gc,metaspace   ] GC(133) Metaspace: 8597K(8832K)->8597K(8832K) NonClass: 7445K(7552K)->7445K(7552K) Class: 1151K(1280K)->1151K(1280K)
[22.739s][info][gc             ] GC(133) Pause Young (Normal) (G1 Evacuation Pause) 333M->38M(532M) 38.029ms
[22.739s][info][gc,cpu         ] GC(133) User=0.00s Sys=0.02s Real=0.04s
[22.924s][info][gc,start       ] GC(134) Pause Young (Normal) (G1 Evacuation Pause)
[22.924s][info][gc,task        ] GC(134) Using 12 workers of 33 for evacuation
[22.933s][info][gc,phases      ] GC(134)   Pre Evacuate Collection Set: 0.1ms
[22.934s][info][gc,phases      ] GC(134)   Merge Heap Roots: 0.1ms
[22.934s][info][gc,phases      ] GC(134)   Evacuate Collection Set: 8.2ms
[22.934s][info][gc,phases      ] GC(134)   Post Evacuate Collection Set: 0.4ms
[22.934s][info][gc,phases      ] GC(134)   Other: 0.2ms
[22.934s][info][gc,heap        ] GC(134) Eden regions: 296->0(310)
[22.934s][info][gc,heap        ] GC(134) Survivor regions: 23->9(40)
[22.934s][info][gc,heap        ] GC(134) Old regions: 21->35
[22.934s][info][gc,heap        ] GC(134) Archive regions: 0->0
[22.934s][info][gc,heap        ] GC(134) Humongous regions: 3->3
[22.934s][info][gc,metaspace   ] GC(134) Metaspace: 8597K(8832K)->8597K(8832K) NonClass: 7445K(7552K)->7445K(7552K) Class: 1151K(1280K)->1151K(1280K)
[22.934s][info][gc             ] GC(134) Pause Young (Normal) (G1 Evacuation Pause) 334M->38M(532M) 9.621ms
[22.934s][info][gc,cpu         ] GC(134) User=0.19s Sys=0.00s Real=0.02s
[23.502s][info][gc,start       ] GC(135) Pause Full (System.gc())
[23.502s][info][gc,task        ] GC(135) Using 12 workers of 33 for full compaction
[23.503s][info][gc,phases,start] GC(135) Phase 1: Mark live objects
[23.506s][info][gc,phases      ] GC(135) Phase 1: Mark live objects 3.185ms
[23.506s][info][gc,phases,start] GC(135) Phase 2: Prepare compaction
[23.507s][info][gc,phases      ] GC(135) Phase 2: Prepare compaction 0.704ms
[23.507s][info][gc,phases,start] GC(135) Phase 3: Adjust pointers
[23.509s][info][gc,phases      ] GC(135) Phase 3: Adjust pointers 2.694ms
[23.509s][info][gc,phases,start] GC(135) Phase 4: Compact heap
[23.510s][info][gc,phases      ] GC(135) Phase 4: Compact heap 0.626ms
[23.514s][info][gc,heap        ] GC(135) Eden regions: 252->0(24)
[23.514s][info][gc,heap        ] GC(135) Survivor regions: 9->0(40)
[23.514s][info][gc,heap        ] GC(135) Old regions: 35->12
[23.514s][info][gc,heap        ] GC(135) Archive regions: 0->0
[23.514s][info][gc,heap        ] GC(135) Humongous regions: 22->0
[23.514s][info][gc,metaspace   ] GC(135) Metaspace: 8597K(8832K)->8597K(8832K) NonClass: 7446K(7552K)->7446K(7552K) Class: 1151K(1280K)->1151K(1280K)
[23.514s][info][gc             ] GC(135) Pause Full (System.gc()) 309M->3M(40M) 11.991ms
[23.514s][info][gc,cpu         ] GC(135) User=0.19s Sys=0.00s Real=0.01s
[23.539s][info][gc,start       ] GC(136) Pause Young (Normal) (G1 Evacuation Pause)
[23.539s][info][gc,task        ] GC(136) Using 7 workers of 33 for evacuation
[23.540s][info][gc,phases      ] GC(136)   Pre Evacuate Collection Set: 0.1ms
[23.540s][info][gc,phases      ] GC(136)   Merge Heap Roots: 0.1ms
[23.540s][info][gc,phases      ] GC(136)   Evacuate Collection Set: 0.3ms
[23.540s][info][gc,phases      ] GC(136)   Post Evacuate Collection Set: 0.2ms
[23.540s][info][gc,phases      ] GC(136)   Other: 0.1ms
[23.540s][info][gc,heap        ] GC(136) Eden regions: 24->0(22)
[23.540s][info][gc,heap        ] GC(136) Survivor regions: 0->2(3)
[23.540s][info][gc,heap        ] GC(136) Old regions: 12->12
[23.540s][info][gc,heap        ] GC(136) Archive regions: 0->0
[23.540s][info][gc,heap        ] GC(136) Humongous regions: 0->0
[23.540s][info][gc,metaspace   ] GC(136) Metaspace: 8598K(8832K)->8598K(8832K) NonClass: 7447K(7552K)->7447K(7552K) Class: 1151K(1280K)->1151K(1280K)
[23.540s][info][gc             ] GC(136) Pause Young (Normal) (G1 Evacuation Pause) 27M->5M(40M) 1.153ms
[23.540s][info][gc,cpu         ] GC(136) User=0.00s Sys=0.00s Real=0.00s
[23.552s][info][gc,start       ] GC(137) Pause Young (Normal) (G1 Evacuation Pause)
[23.552s][info][gc,task        ] GC(137) Using 4 workers of 33 for evacuation
[23.553s][info][gc,phases      ] GC(137)   Pre Evacuate Collection Set: 0.0ms
[23.553s][info][gc,phases      ] GC(137)   Merge Heap Roots: 0.0ms
[23.553s][info][gc,phases      ] GC(137)   Evacuate Collection Set: 0.3ms
[23.553s][info][gc,phases      ] GC(137)   Post Evacuate Collection Set: 0.2ms
[23.553s][info][gc,phases      ] GC(137)   Other: 0.1ms
[23.553s][info][gc,heap        ] GC(137) Eden regions: 22->0(23)
[23.553s][info][gc,heap        ] GC(137) Survivor regions: 2->1(3)
[23.553s][info][gc,heap        ] GC(137) Old regions: 12->12
[23.553s][info][gc,heap        ] GC(137) Archive regions: 0->0
[23.553s][info][gc,heap        ] GC(137) Humongous regions: 0->0
[23.553s][info][gc,metaspace   ] GC(137) Metaspace: 8598K(8832K)->8598K(8832K) NonClass: 7447K(7552K)->7447K(7552K) Class: 1151K(1280K)->1151K(1280K)
[23.553s][info][gc             ] GC(137) Pause Young (Normal) (G1 Evacuation Pause) 27M->4M(40M) 1.010ms
[23.553s][info][gc,cpu         ] GC(137) User=0.00s Sys=0.00s Real=0.00s
[23.565s][info][gc,start       ] GC(138) Pause Young (Normal) (G1 Evacuation Pause)
[23.565s][info][gc,task        ] GC(138) Using 3 workers of 33 for evacuation
[23.566s][info][gc,phases      ] GC(138)   Pre Evacuate Collection Set: 0.0ms
[23.566s][info][gc,phases      ] GC(138)   Merge Heap Roots: 0.0ms
[23.566s][info][gc,phases      ] GC(138)   Evacuate Collection Set: 0.6ms
[23.566s][info][gc,phases      ] GC(138)   Post Evacuate Collection Set: 0.2ms
[23.566s][info][gc,phases      ] GC(138)   Other: 0.1ms
[23.566s][info][gc,heap        ] GC(138) Eden regions: 23->0(23)
[23.566s][info][gc,heap        ] GC(138) Survivor regions: 1->1(3)
[23.566s][info][gc,heap        ] GC(138) Old regions: 12->12
[23.566s][info][gc,heap        ] GC(138) Archive regions: 0->0
[23.566s][info][gc,heap        ] GC(138) Humongous regions: 0->0
[23.566s][info][gc,metaspace   ] GC(138) Metaspace: 8598K(8832K)->8598K(8832K) NonClass: 7447K(7552K)->7447K(7552K) Class: 1151K(1280K)->1151K(1280K)
[23.566s][info][gc             ] GC(138) Pause Young (Normal) (G1 Evacuation Pause) 27M->3M(40M) 1.368ms
[23.566s][info][gc,cpu         ] GC(138) User=0.00s Sys=0.00s Real=0.00s
[23.578s][info][gc,start       ] GC(139) Pause Young (Normal) (G1 Evacuation Pause)
[23.578s][info][gc,task        ] GC(139) Using 2 workers of 33 for evacuation
[23.581s][info][gc,phases      ] GC(139)   Pre Evacuate Collection Set: 0.1ms
[23.581s][info][gc,phases      ] GC(139)   Merge Heap Roots: 0.0ms
[23.581s][info][gc,phases      ] GC(139)   Evacuate Collection Set: 0.9ms
[23.582s][info][gc,phases      ] GC(139)   Post Evacuate Collection Set: 2.3ms
[23.582s][info][gc,phases      ] GC(139)   Other: 0.1ms
[23.582s][info][gc,heap        ] GC(139) Eden regions: 23->0(318)
[23.582s][info][gc,heap        ] GC(139) Survivor regions: 1->1(3)
[23.582s][info][gc,heap        ] GC(139) Old regions: 12->12
[23.582s][info][gc,heap        ] GC(139) Archive regions: 0->0
[23.582s][info][gc,heap        ] GC(139) Humongous regions: 0->0
[23.582s][info][gc,metaspace   ] GC(139) Metaspace: 8598K(8832K)->8598K(8832K) NonClass: 7447K(7552K)->7447K(7552K) Class: 1151K(1280K)->1151K(1280K)
[23.582s][info][gc             ] GC(139) Pause Young (Normal) (G1 Evacuation Pause) 26M->3M(532M) 3.876ms
[23.582s][info][gc,cpu         ] GC(139) User=0.02s Sys=0.00s Real=0.02s
[23.748s][info][gc,start       ] GC(140) Pause Young (Normal) (G1 Evacuation Pause)
[23.748s][info][gc,task        ] GC(140) Using 12 workers of 33 for evacuation
[23.750s][info][gc,phases      ] GC(140)   Pre Evacuate Collection Set: 0.1ms
[23.750s][info][gc,phases      ] GC(140)   Merge Heap Roots: 0.1ms
[23.750s][info][gc,phases      ] GC(140)   Evacuate Collection Set: 0.7ms
[23.750s][info][gc,phases      ] GC(140)   Post Evacuate Collection Set: 0.4ms
[23.750s][info][gc,phases      ] GC(140)   Other: 0.2ms
[23.750s][info][gc,heap        ] GC(140) Eden regions: 318->0(317)
[23.750s][info][gc,heap        ] GC(140) Survivor regions: 1->2(40)
[23.750s][info][gc,heap        ] GC(140) Old regions: 12->12
[23.750s][info][gc,heap        ] GC(140) Archive regions: 0->0
[23.750s][info][gc,heap        ] GC(140) Humongous regions: 0->0
[23.750s][info][gc,metaspace   ] GC(140) Metaspace: 8598K(8832K)->8598K(8832K) NonClass: 7447K(7552K)->7447K(7552K) Class: 1151K(1280K)->1151K(1280K)
[23.750s][info][gc             ] GC(140) Pause Young (Normal) (G1 Evacuation Pause) 321M->4M(532M) 2.048ms
[23.750s][info][gc,cpu         ] GC(140) User=0.00s Sys=0.00s Real=0.00s
[23.937s][info][gc,start       ] GC(141) Pause Young (Normal) (G1 Evacuation Pause)
[23.938s][info][gc,task        ] GC(141) Using 12 workers of 33 for evacuation
[23.940s][info][gc,phases      ] GC(141)   Pre Evacuate Collection Set: 0.1ms
[23.940s][info][gc,phases      ] GC(141)   Merge Heap Roots: 0.1ms
[23.940s][info][gc,phases      ] GC(141)   Evacuate Collection Set: 1.2ms
[23.940s][info][gc,phases      ] GC(141)   Post Evacuate Collection Set: 0.4ms
[23.940s][info][gc,phases      ] GC(141)   Other: 0.2ms
[23.940s][info][gc,heap        ] GC(141) Eden regions: 317->0(316)
[23.940s][info][gc,heap        ] GC(141) Survivor regions: 2->3(40)
[23.940s][info][gc,heap        ] GC(141) Old regions: 12->12
[23.940s][info][gc,heap        ] GC(141) Archive regions: 0->0
[23.940s][info][gc,heap        ] GC(141) Humongous regions: 0->0
[23.940s][info][gc,metaspace   ] GC(141) Metaspace: 8598K(8832K)->8598K(8832K) NonClass: 7447K(7552K)->7447K(7552K) Class: 1151K(1280K)->1151K(1280K)
[23.940s][info][gc             ] GC(141) Pause Young (Normal) (G1 Evacuation Pause) 321M->5M(532M) 2.585ms
[23.940s][info][gc,cpu         ] GC(141) User=0.00s Sys=0.00s Real=0.00s
[24.124s][info][gc,start       ] GC(142) Pause Young (Normal) (G1 Evacuation Pause)
[24.124s][info][gc,task        ] GC(142) Using 12 workers of 33 for evacuation
[24.126s][info][gc,phases      ] GC(142)   Pre Evacuate Collection Set: 0.1ms
[24.126s][info][gc,phases      ] GC(142)   Merge Heap Roots: 0.1ms
[24.126s][info][gc,phases      ] GC(142)   Evacuate Collection Set: 1.4ms
[24.126s][info][gc,phases      ] GC(142)   Post Evacuate Collection Set: 0.4ms
[24.126s][info][gc,phases      ] GC(142)   Other: 0.2ms
[24.126s][info][gc,heap        ] GC(142) Eden regions: 316->0(315)
[24.126s][info][gc,heap        ] GC(142) Survivor regions: 3->4(40)
[24.126s][info][gc,heap        ] GC(142) Old regions: 12->12
[24.126s][info][gc,heap        ] GC(142) Archive regions: 0->0
[24.126s][info][gc,heap        ] GC(142) Humongous regions: 0->0
[24.127s][info][gc,metaspace   ] GC(142) Metaspace: 8598K(8832K)->8598K(8832K) NonClass: 7447K(7552K)->7447K(7552K) Class: 1151K(1280K)->1151K(1280K)
[24.127s][info][gc             ] GC(142) Pause Young (Normal) (G1 Evacuation Pause) 321M->6M(532M) 2.812ms
[24.127s][info][gc,cpu         ] GC(142) User=0.00s Sys=0.00s Real=0.00s
[24.288s][info][gc,start       ] GC(143) Pause Young (Normal) (G1 Evacuation Pause)
[24.288s][info][gc,task        ] GC(143) Using 12 workers of 33 for evacuation
[24.290s][info][gc,phases      ] GC(143)   Pre Evacuate Collection Set: 0.1ms
[24.290s][info][gc,phases      ] GC(143)   Merge Heap Roots: 0.1ms
[24.290s][info][gc,phases      ] GC(143)   Evacuate Collection Set: 1.5ms
[24.290s][info][gc,phases      ] GC(143)   Post Evacuate Collection Set: 0.4ms
[24.290s][info][gc,phases      ] GC(143)   Other: 0.2ms
[24.290s][info][gc,heap        ] GC(143) Eden regions: 315->0(314)
[24.290s][info][gc,heap        ] GC(143) Survivor regions: 4->5(40)
[24.290s][info][gc,heap        ] GC(143) Old regions: 12->12
[24.290s][info][gc,heap        ] GC(143) Archive regions: 0->0
[24.290s][info][gc,heap        ] GC(143) Humongous regions: 0->0
[24.290s][info][gc,metaspace   ] GC(143) Metaspace: 8598K(8832K)->8598K(8832K) NonClass: 7447K(7552K)->7447K(7552K) Class: 1151K(1280K)->1151K(1280K)
[24.290s][info][gc             ] GC(143) Pause Young (Normal) (G1 Evacuation Pause) 321M->7M(532M) 2.875ms
[24.291s][info][gc,cpu         ] GC(143) User=0.00s Sys=0.02s Real=0.00s
[24.464s][info][gc,start       ] GC(144) Pause Young (Normal) (G1 Evacuation Pause)
[24.464s][info][gc,task        ] GC(144) Using 12 workers of 33 for evacuation
[24.467s][info][gc,phases      ] GC(144)   Pre Evacuate Collection Set: 0.1ms
[24.467s][info][gc,phases      ] GC(144)   Merge Heap Roots: 0.1ms
[24.467s][info][gc,phases      ] GC(144)   Evacuate Collection Set: 2.4ms
[24.467s][info][gc,phases      ] GC(144)   Post Evacuate Collection Set: 0.4ms
[24.467s][info][gc,phases      ] GC(144)   Other: 0.2ms
[24.468s][info][gc,heap        ] GC(144) Eden regions: 314->0(313)
[24.468s][info][gc,heap        ] GC(144) Survivor regions: 5->6(40)
[24.468s][info][gc,heap        ] GC(144) Old regions: 12->12
[24.468s][info][gc,heap        ] GC(144) Archive regions: 0->0
[24.468s][info][gc,heap        ] GC(144) Humongous regions: 0->0
[24.468s][info][gc,metaspace   ] GC(144) Metaspace: 8598K(8832K)->8598K(8832K) NonClass: 7447K(7552K)->7447K(7552K) Class: 1151K(1280K)->1151K(1280K)
[24.468s][info][gc             ] GC(144) Pause Young (Normal) (G1 Evacuation Pause) 321M->8M(532M) 3.771ms
[24.468s][info][gc,cpu         ] GC(144) User=0.00s Sys=0.00s Real=0.00s
[24.634s][info][gc,start       ] GC(145) Pause Young (Normal) (G1 Evacuation Pause)
[24.634s][info][gc,task        ] GC(145) Using 12 workers of 33 for evacuation
[24.637s][info][gc,phases      ] GC(145)   Pre Evacuate Collection Set: 0.1ms
[24.637s][info][gc,phases      ] GC(145)   Merge Heap Roots: 0.1ms
[24.637s][info][gc,phases      ] GC(145)   Evacuate Collection Set: 2.0ms
[24.637s][info][gc,phases      ] GC(145)   Post Evacuate Collection Set: 0.4ms
[24.637s][info][gc,phases      ] GC(145)   Other: 0.2ms
[24.637s][info][gc,heap        ] GC(145) Eden regions: 313->0(312)
[24.637s][info][gc,heap        ] GC(145) Survivor regions: 6->7(40)
[24.637s][info][gc,heap        ] GC(145) Old regions: 12->12
[24.637s][info][gc,heap        ] GC(145) Archive regions: 0->0
[24.637s][info][gc,heap        ] GC(145) Humongous regions: 0->0
[24.637s][info][gc,metaspace   ] GC(145) Metaspace: 8598K(8832K)->8598K(8832K) NonClass: 7447K(7552K)->7447K(7552K) Class: 1151K(1280K)->1151K(1280K)
[24.637s][info][gc             ] GC(145) Pause Young (Normal) (G1 Evacuation Pause) 321M->10M(532M) 3.376ms
[24.638s][info][gc,cpu         ] GC(145) User=0.00s Sys=0.00s Real=0.00s
[24.818s][info][gc,start       ] GC(146) Pause Young (Normal) (G1 Evacuation Pause)
[24.818s][info][gc,task        ] GC(146) Using 12 workers of 33 for evacuation
[24.821s][info][gc,phases      ] GC(146)   Pre Evacuate Collection Set: 0.1ms
[24.821s][info][gc,phases      ] GC(146)   Merge Heap Roots: 0.1ms
[24.821s][info][gc,phases      ] GC(146)   Evacuate Collection Set: 2.4ms
[24.821s][info][gc,phases      ] GC(146)   Post Evacuate Collection Set: 0.4ms
[24.821s][info][gc,phases      ] GC(146)   Other: 0.2ms
[24.821s][info][gc,heap        ] GC(146) Eden regions: 312->0(311)
[24.821s][info][gc,heap        ] GC(146) Survivor regions: 7->8(40)
[24.821s][info][gc,heap        ] GC(146) Old regions: 12->12
[24.821s][info][gc,heap        ] GC(146) Archive regions: 0->0
[24.821s][info][gc,heap        ] GC(146) Humongous regions: 0->0
[24.821s][info][gc,metaspace   ] GC(146) Metaspace: 8598K(8832K)->8598K(8832K) NonClass: 7447K(7552K)->7447K(7552K) Class: 1151K(1280K)->1151K(1280K)
[24.821s][info][gc             ] GC(146) Pause Young (Normal) (G1 Evacuation Pause) 322M->11M(532M) 3.765ms
[24.821s][info][gc,cpu         ] GC(146) User=0.19s Sys=0.00s Real=0.00s
[25.004s][info][gc,start       ] GC(147) Pause Young (Normal) (G1 Evacuation Pause)
[25.004s][info][gc,task        ] GC(147) Using 12 workers of 33 for evacuation
[25.008s][info][gc,phases      ] GC(147)   Pre Evacuate Collection Set: 0.1ms
[25.008s][info][gc,phases      ] GC(147)   Merge Heap Roots: 0.1ms
[25.008s][info][gc,phases      ] GC(147)   Evacuate Collection Set: 2.9ms
[25.008s][info][gc,phases      ] GC(147)   Post Evacuate Collection Set: 0.4ms
[25.008s][info][gc,phases      ] GC(147)   Other: 0.2ms
[25.008s][info][gc,heap        ] GC(147) Eden regions: 311->0(310)
[25.008s][info][gc,heap        ] GC(147) Survivor regions: 8->9(40)
[25.008s][info][gc,heap        ] GC(147) Old regions: 12->12
[25.008s][info][gc,heap        ] GC(147) Archive regions: 0->0
[25.008s][info][gc,heap        ] GC(147) Humongous regions: 0->0
[25.008s][info][gc,metaspace   ] GC(147) Metaspace: 8598K(8832K)->8598K(8832K) NonClass: 7447K(7552K)->7447K(7552K) Class: 1151K(1280K)->1151K(1280K)
[25.008s][info][gc             ] GC(147) Pause Young (Normal) (G1 Evacuation Pause) 322M->11M(532M) 4.233ms
[25.008s][info][gc,cpu         ] GC(147) User=0.19s Sys=0.00s Real=0.00s
[25.182s][info][gc,start       ] GC(148) Pause Young (Normal) (G1 Evacuation Pause)
[25.183s][info][gc,task        ] GC(148) Using 12 workers of 33 for evacuation
[25.187s][info][gc,phases      ] GC(148)   Pre Evacuate Collection Set: 0.1ms
[25.187s][info][gc,phases      ] GC(148)   Merge Heap Roots: 0.1ms
[25.187s][info][gc,phases      ] GC(148)   Evacuate Collection Set: 3.5ms
[25.187s][info][gc,phases      ] GC(148)   Post Evacuate Collection Set: 0.4ms
[25.187s][info][gc,phases      ] GC(148)   Other: 0.2ms
[25.187s][info][gc,heap        ] GC(148) Eden regions: 310->0(309)
[25.187s][info][gc,heap        ] GC(148) Survivor regions: 9->10(40)
[25.187s][info][gc,heap        ] GC(148) Old regions: 12->12
[25.187s][info][gc,heap        ] GC(148) Archive regions: 0->0
[25.187s][info][gc,heap        ] GC(148) Humongous regions: 0->0
[25.187s][info][gc,metaspace   ] GC(148) Metaspace: 8598K(8832K)->8598K(8832K) NonClass: 7447K(7552K)->7447K(7552K) Class: 1151K(1280K)->1151K(1280K)
[25.187s][info][gc             ] GC(148) Pause Young (Normal) (G1 Evacuation Pause) 321M->12M(532M) 4.894ms
[25.187s][info][gc,cpu         ] GC(148) User=0.00s Sys=0.00s Real=0.00s
[25.348s][info][gc,start       ] GC(149) Pause Young (Normal) (G1 Evacuation Pause)
[25.348s][info][gc,task        ] GC(149) Using 12 workers of 33 for evacuation
[25.352s][info][gc,phases      ] GC(149)   Pre Evacuate Collection Set: 0.1ms
[25.352s][info][gc,phases      ] GC(149)   Merge Heap Roots: 0.1ms
[25.352s][info][gc,phases      ] GC(149)   Evacuate Collection Set: 3.5ms
[25.352s][info][gc,phases      ] GC(149)   Post Evacuate Collection Set: 0.4ms
[25.352s][info][gc,phases      ] GC(149)   Other: 0.2ms
[25.352s][info][gc,heap        ] GC(149) Eden regions: 309->0(308)
[25.352s][info][gc,heap        ] GC(149) Survivor regions: 10->11(40)
[25.353s][info][gc,heap        ] GC(149) Old regions: 12->12
[25.353s][info][gc,heap        ] GC(149) Archive regions: 0->0
[25.353s][info][gc,heap        ] GC(149) Humongous regions: 0->0
[25.353s][info][gc,metaspace   ] GC(149) Metaspace: 8598K(8832K)->8598K(8832K) NonClass: 7447K(7552K)->7447K(7552K) Class: 1151K(1280K)->1151K(1280K)
[25.353s][info][gc             ] GC(149) Pause Young (Normal) (G1 Evacuation Pause) 321M->14M(532M) 4.818ms
[25.353s][info][gc,cpu         ] GC(149) User=0.19s Sys=0.00s Real=0.01s
[25.532s][info][gc,start       ] GC(150) Pause Young (Normal) (G1 Evacuation Pause)
[25.532s][info][gc,task        ] GC(150) Using 12 workers of 33 for evacuation
[25.536s][info][gc,phases      ] GC(150)   Pre Evacuate Collection Set: 0.1ms
[25.537s][info][gc,phases      ] GC(150)   Merge Heap Roots: 0.1ms
[25.537s][info][gc,phases      ] GC(150)   Evacuate Collection Set: 3.8ms
[25.537s][info][gc,phases      ] GC(150)   Post Evacuate Collection Set: 0.4ms
[25.537s][info][gc,phases      ] GC(150)   Other: 0.2ms
[25.537s][info][gc,heap        ] GC(150) Eden regions: 308->0(307)
[25.537s][info][gc,heap        ] GC(150) Survivor regions: 11->12(40)
[25.537s][info][gc,heap        ] GC(150) Old regions: 12->12
[25.537s][info][gc,heap        ] GC(150) Archive regions: 0->0
[25.537s][info][gc,heap        ] GC(150) Humongous regions: 0->0
[25.537s][info][gc,metaspace   ] GC(150) Metaspace: 8598K(8832K)->8598K(8832K) NonClass: 7447K(7552K)->7447K(7552K) Class: 1151K(1280K)->1151K(1280K)
[25.537s][info][gc             ] GC(150) Pause Young (Normal) (G1 Evacuation Pause) 322M->15M(532M) 5.127ms
[25.537s][info][gc,cpu         ] GC(150) User=0.00s Sys=0.00s Real=0.01s
[25.720s][info][gc,start       ] GC(151) Pause Young (Normal) (G1 Evacuation Pause)
[25.720s][info][gc,task        ] GC(151) Using 12 workers of 33 for evacuation
[25.725s][info][gc,phases      ] GC(151)   Pre Evacuate Collection Set: 0.1ms
[25.725s][info][gc,phases      ] GC(151)   Merge Heap Roots: 0.1ms
[25.725s][info][gc,phases      ] GC(151)   Evacuate Collection Set: 3.9ms
[25.725s][info][gc,phases      ] GC(151)   Post Evacuate Collection Set: 0.4ms
[25.725s][info][gc,phases      ] GC(151)   Other: 0.2ms
[25.725s][info][gc,heap        ] GC(151) Eden regions: 307->0(306)
[25.725s][info][gc,heap        ] GC(151) Survivor regions: 12->13(40)
[25.725s][info][gc,heap        ] GC(151) Old regions: 12->13
[25.725s][info][gc,heap        ] GC(151) Archive regions: 0->0
[25.725s][info][gc,heap        ] GC(151) Humongous regions: 0->0
[25.725s][info][gc,metaspace   ] GC(151) Metaspace: 8598K(8832K)->8598K(8832K) NonClass: 7447K(7552K)->7447K(7552K) Class: 1151K(1280K)->1151K(1280K)
[25.725s][info][gc             ] GC(151) Pause Young (Normal) (G1 Evacuation Pause) 322M->16M(532M) 5.268ms
[25.725s][info][gc,cpu         ] GC(151) User=0.05s Sys=0.00s Real=0.00s
[25.897s][info][gc,start       ] GC(152) Pause Young (Normal) (G1 Evacuation Pause)
[25.897s][info][gc,task        ] GC(152) Using 12 workers of 33 for evacuation
[25.902s][info][gc,phases      ] GC(152)   Pre Evacuate Collection Set: 0.1ms
[25.902s][info][gc,phases      ] GC(152)   Merge Heap Roots: 0.1ms
[25.902s][info][gc,phases      ] GC(152)   Evacuate Collection Set: 4.1ms
[25.902s][info][gc,phases      ] GC(152)   Post Evacuate Collection Set: 0.4ms
[25.902s][info][gc,phases      ] GC(152)   Other: 0.2ms
[25.902s][info][gc,heap        ] GC(152) Eden regions: 306->0(305)
[25.902s][info][gc,heap        ] GC(152) Survivor regions: 13->14(40)
[25.902s][info][gc,heap        ] GC(152) Old regions: 13->13
[25.902s][info][gc,heap        ] GC(152) Archive regions: 0->0
[25.902s][info][gc,heap        ] GC(152) Humongous regions: 0->0
[25.902s][info][gc,metaspace   ] GC(152) Metaspace: 8598K(8832K)->8598K(8832K) NonClass: 7447K(7552K)->7447K(7552K) Class: 1151K(1280K)->1151K(1280K)
[25.902s][info][gc             ] GC(152) Pause Young (Normal) (G1 Evacuation Pause) 322M->17M(532M) 5.448ms
[25.902s][info][gc,cpu         ] GC(152) User=0.00s Sys=0.00s Real=0.01s
[26.099s][info][gc,start       ] GC(153) Pause Young (Normal) (G1 Evacuation Pause)
[26.099s][info][gc,task        ] GC(153) Using 12 workers of 33 for evacuation
[26.111s][info][gc,phases      ] GC(153)   Pre Evacuate Collection Set: 0.1ms
[26.111s][info][gc,phases      ] GC(153)   Merge Heap Roots: 0.2ms
[26.111s][info][gc,phases      ] GC(153)   Evacuate Collection Set: 10.7ms
[26.111s][info][gc,phases      ] GC(153)   Post Evacuate Collection Set: 0.4ms
[26.111s][info][gc,phases      ] GC(153)   Other: 0.2ms
[26.111s][info][gc,heap        ] GC(153) Eden regions: 305->0(294)
[26.111s][info][gc,heap        ] GC(153) Survivor regions: 14->25(40)
[26.111s][info][gc,heap        ] GC(153) Old regions: 13->13
[26.111s][info][gc,heap        ] GC(153) Archive regions: 0->0
[26.111s][info][gc,heap        ] GC(153) Humongous regions: 3->3
[26.111s][info][gc,metaspace   ] GC(153) Metaspace: 8598K(8832K)->8598K(8832K) NonClass: 7447K(7552K)->7447K(7552K) Class: 1151K(1280K)->1151K(1280K)
[26.111s][info][gc             ] GC(153) Pause Young (Normal) (G1 Evacuation Pause) 325M->31M(532M) 12.189ms
[26.111s][info][gc,cpu         ] GC(153) User=0.19s Sys=0.00s Real=0.01s
[26.288s][info][gc,start       ] GC(154) Pause Young (Normal) (G1 Evacuation Pause)
[26.289s][info][gc,task        ] GC(154) Using 12 workers of 33 for evacuation
[26.298s][info][gc,phases      ] GC(154)   Pre Evacuate Collection Set: 0.1ms
[26.298s][info][gc,phases      ] GC(154)   Merge Heap Roots: 0.2ms
[26.298s][info][gc,phases      ] GC(154)   Evacuate Collection Set: 8.6ms
[26.298s][info][gc,phases      ] GC(154)   Post Evacuate Collection Set: 0.5ms
[26.298s][info][gc,phases      ] GC(154)   Other: 0.2ms
[26.298s][info][gc,heap        ] GC(154) Eden regions: 294->0(297)
[26.298s][info][gc,heap        ] GC(154) Survivor regions: 25->22(40)
[26.298s][info][gc,heap        ] GC(154) Old regions: 13->17
[26.298s][info][gc,heap        ] GC(154) Archive regions: 0->0
[26.299s][info][gc,heap        ] GC(154) Humongous regions: 3->3
[26.299s][info][gc,metaspace   ] GC(154) Metaspace: 8598K(8832K)->8598K(8832K) NonClass: 7447K(7552K)->7447K(7552K) Class: 1151K(1280K)->1151K(1280K)
[26.299s][info][gc             ] GC(154) Pause Young (Normal) (G1 Evacuation Pause) 325M->32M(532M) 10.136ms
[26.299s][info][gc,cpu         ] GC(154) User=0.00s Sys=0.00s Real=0.01s
[26.467s][info][gc,start       ] GC(155) Pause Young (Normal) (G1 Evacuation Pause)
[26.467s][info][gc,task        ] GC(155) Using 12 workers of 33 for evacuation
[26.476s][info][gc,phases      ] GC(155)   Pre Evacuate Collection Set: 0.1ms
[26.476s][info][gc,phases      ] GC(155)   Merge Heap Roots: 0.2ms
[26.476s][info][gc,phases      ] GC(155)   Evacuate Collection Set: 7.8ms
[26.476s][info][gc,phases      ] GC(155)   Post Evacuate Collection Set: 0.5ms
[26.476s][info][gc,phases      ] GC(155)   Other: 0.2ms
[26.476s][info][gc,heap        ] GC(155) Eden regions: 297->0(296)
[26.476s][info][gc,heap        ] GC(155) Survivor regions: 22->23(40)
[26.476s][info][gc,heap        ] GC(155) Old regions: 17->17
[26.476s][info][gc,heap        ] GC(155) Archive regions: 0->0
[26.476s][info][gc,heap        ] GC(155) Humongous regions: 3->3
[26.476s][info][gc,metaspace   ] GC(155) Metaspace: 8598K(8832K)->8598K(8832K) NonClass: 7447K(7552K)->7447K(7552K) Class: 1151K(1280K)->1151K(1280K)
[26.476s][info][gc             ] GC(155) Pause Young (Normal) (G1 Evacuation Pause) 329M->33M(532M) 9.280ms
[26.476s][info][gc,cpu         ] GC(155) User=0.02s Sys=0.00s Real=0.01s
[26.654s][info][gc,start       ] GC(156) Pause Young (Normal) (G1 Evacuation Pause)
[26.654s][info][gc,task        ] GC(156) Using 12 workers of 33 for evacuation
[26.663s][info][gc,phases      ] GC(156)   Pre Evacuate Collection Set: 0.1ms
[26.663s][info][gc,phases      ] GC(156)   Merge Heap Roots: 0.2ms
[26.663s][info][gc,phases      ] GC(156)   Evacuate Collection Set: 7.6ms
[26.663s][info][gc,phases      ] GC(156)   Post Evacuate Collection Set: 0.5ms
[26.663s][info][gc,phases      ] GC(156)   Other: 0.2ms
[26.663s][info][gc,heap        ] GC(156) Eden regions: 296->0(300)
[26.663s][info][gc,heap        ] GC(156) Survivor regions: 23->19(40)
[26.663s][info][gc,heap        ] GC(156) Old regions: 17->21
[26.663s][info][gc,heap        ] GC(156) Archive regions: 0->0
[26.663s][info][gc,heap        ] GC(156) Humongous regions: 3->3
[26.663s][info][gc,metaspace   ] GC(156) Metaspace: 8598K(8832K)->8598K(8832K) NonClass: 7447K(7552K)->7447K(7552K) Class: 1151K(1280K)->1151K(1280K)
[26.663s][info][gc             ] GC(156) Pause Young (Normal) (G1 Evacuation Pause) 329M->33M(532M) 9.030ms
[26.663s][info][gc,cpu         ] GC(156) User=0.03s Sys=0.00s Real=0.01s
[26.832s][info][gc,start       ] GC(157) Pause Young (Normal) (G1 Evacuation Pause)
[26.832s][info][gc,task        ] GC(157) Using 12 workers of 33 for evacuation
[26.841s][info][gc,phases      ] GC(157)   Pre Evacuate Collection Set: 0.1ms
[26.841s][info][gc,phases      ] GC(157)   Merge Heap Roots: 0.3ms
[26.841s][info][gc,phases      ] GC(157)   Evacuate Collection Set: 7.7ms
[26.841s][info][gc,phases      ] GC(157)   Post Evacuate Collection Set: 0.5ms
[26.842s][info][gc,phases      ] GC(157)   Other: 0.2ms
[26.842s][info][gc,heap        ] GC(157) Eden regions: 300->0(299)
[26.842s][info][gc,heap        ] GC(157) Survivor regions: 19->20(40)
[26.842s][info][gc,heap        ] GC(157) Old regions: 21->21
[26.842s][info][gc,heap        ] GC(157) Archive regions: 0->0
[26.842s][info][gc,heap        ] GC(157) Humongous regions: 3->3
[26.842s][info][gc,metaspace   ] GC(157) Metaspace: 8598K(8832K)->8598K(8832K) NonClass: 7447K(7552K)->7447K(7552K) Class: 1151K(1280K)->1151K(1280K)
[26.842s][info][gc             ] GC(157) Pause Young (Normal) (G1 Evacuation Pause) 333M->34M(532M) 9.419ms
[26.842s][info][gc,cpu         ] GC(157) User=0.19s Sys=0.00s Real=0.01s
[27.029s][info][gc,start       ] GC(158) Pause Young (Normal) (G1 Evacuation Pause)
[27.029s][info][gc,task        ] GC(158) Using 12 workers of 33 for evacuation
[27.038s][info][gc,phases      ] GC(158)   Pre Evacuate Collection Set: 0.1ms
[27.038s][info][gc,phases      ] GC(158)   Merge Heap Roots: 0.2ms
[27.038s][info][gc,phases      ] GC(158)   Evacuate Collection Set: 7.7ms
[27.038s][info][gc,phases      ] GC(158)   Post Evacuate Collection Set: 0.5ms
[27.038s][info][gc,phases      ] GC(158)   Other: 0.2ms
[27.038s][info][gc,heap        ] GC(158) Eden regions: 299->0(298)
[27.038s][info][gc,heap        ] GC(158) Survivor regions: 20->21(40)
[27.038s][info][gc,heap        ] GC(158) Old regions: 21->21
[27.038s][info][gc,heap        ] GC(158) Archive regions: 0->0
[27.038s][info][gc,heap        ] GC(158) Humongous regions: 3->3
[27.038s][info][gc,metaspace   ] GC(158) Metaspace: 8598K(8832K)->8598K(8832K) NonClass: 7447K(7552K)->7447K(7552K) Class: 1151K(1280K)->1151K(1280K)
[27.038s][info][gc             ] GC(158) Pause Young (Normal) (G1 Evacuation Pause) 333M->35M(532M) 9.083ms
[27.038s][info][gc,cpu         ] GC(158) User=0.14s Sys=0.02s Real=0.01s
[27.212s][info][gc,start       ] GC(159) Pause Young (Normal) (G1 Evacuation Pause)
[27.213s][info][gc,task        ] GC(159) Using 12 workers of 33 for evacuation
[27.221s][info][gc,phases      ] GC(159)   Pre Evacuate Collection Set: 0.1ms
[27.221s][info][gc,phases      ] GC(159)   Merge Heap Roots: 0.2ms
[27.222s][info][gc,phases      ] GC(159)   Evacuate Collection Set: 7.9ms
[27.222s][info][gc,phases      ] GC(159)   Post Evacuate Collection Set: 0.5ms
[27.222s][info][gc,phases      ] GC(159)   Other: 0.2ms
[27.222s][info][gc,heap        ] GC(159) Eden regions: 298->0(297)
[27.222s][info][gc,heap        ] GC(159) Survivor regions: 21->22(40)
[27.222s][info][gc,heap        ] GC(159) Old regions: 21->21
[27.222s][info][gc,heap        ] GC(159) Archive regions: 0->0
[27.222s][info][gc,heap        ] GC(159) Humongous regions: 3->3
[27.222s][info][gc,metaspace   ] GC(159) Metaspace: 8598K(8832K)->8598K(8832K) NonClass: 7447K(7552K)->7447K(7552K) Class: 1151K(1280K)->1151K(1280K)
[27.222s][info][gc             ] GC(159) Pause Young (Normal) (G1 Evacuation Pause) 333M->36M(532M) 9.417ms
[27.222s][info][gc,cpu         ] GC(159) User=0.00s Sys=0.00s Real=0.01s
[27.389s][info][gc,start       ] GC(160) Pause Young (Normal) (G1 Evacuation Pause)
[27.389s][info][gc,task        ] GC(160) Using 12 workers of 33 for evacuation
[27.398s][info][gc,phases      ] GC(160)   Pre Evacuate Collection Set: 0.1ms
[27.398s][info][gc,phases      ] GC(160)   Merge Heap Roots: 0.2ms
[27.398s][info][gc,phases      ] GC(160)   Evacuate Collection Set: 7.9ms
[27.398s][info][gc,phases      ] GC(160)   Post Evacuate Collection Set: 0.4ms
[27.398s][info][gc,phases      ] GC(160)   Other: 0.2ms
[27.398s][info][gc,heap        ] GC(160) Eden regions: 297->0(295)
[27.398s][info][gc,heap        ] GC(160) Survivor regions: 22->24(40)
[27.398s][info][gc,heap        ] GC(160) Old regions: 21->21
[27.398s][info][gc,heap        ] GC(160) Archive regions: 0->0
[27.398s][info][gc,heap        ] GC(160) Humongous regions: 3->3
[27.398s][info][gc,metaspace   ] GC(160) Metaspace: 8598K(8832K)->8598K(8832K) NonClass: 7447K(7552K)->7447K(7552K) Class: 1151K(1280K)->1151K(1280K)
[27.398s][info][gc             ] GC(160) Pause Young (Normal) (G1 Evacuation Pause) 333M->38M(532M) 9.277ms
[27.398s][info][gc,cpu         ] GC(160) User=0.00s Sys=0.00s Real=0.00s
[27.553s][info][gc,start       ] GC(161) Pause Young (Normal) (G1 Evacuation Pause)
[27.553s][info][gc,task        ] GC(161) Using 12 workers of 33 for evacuation
[27.562s][info][gc,phases      ] GC(161)   Pre Evacuate Collection Set: 0.1ms
[27.562s][info][gc,phases      ] GC(161)   Merge Heap Roots: 0.2ms
[27.562s][info][gc,phases      ] GC(161)   Evacuate Collection Set: 8.0ms
[27.562s][info][gc,phases      ] GC(161)   Post Evacuate Collection Set: 0.4ms
[27.562s][info][gc,phases      ] GC(161)   Other: 0.2ms
[27.562s][info][gc,heap        ] GC(161) Eden regions: 295->0(308)
[27.562s][info][gc,heap        ] GC(161) Survivor regions: 24->11(40)
[27.562s][info][gc,heap        ] GC(161) Old regions: 21->36
[27.562s][info][gc,heap        ] GC(161) Archive regions: 0->0
[27.562s][info][gc,heap        ] GC(161) Humongous regions: 3->3
[27.562s][info][gc,metaspace   ] GC(161) Metaspace: 8598K(8832K)->8598K(8832K) NonClass: 7447K(7552K)->7447K(7552K) Class: 1151K(1280K)->1151K(1280K)
[27.562s][info][gc             ] GC(161) Pause Young (Normal) (G1 Evacuation Pause) 333M->40M(532M) 9.374ms
[27.562s][info][gc,cpu         ] GC(161) User=0.02s Sys=0.00s Real=0.02s
[28.067s][info][gc,start       ] GC(162) Pause Full (System.gc())
[28.067s][info][gc,task        ] GC(162) Using 12 workers of 33 for full compaction
[28.068s][info][gc,phases,start] GC(162) Phase 1: Mark live objects
[28.071s][info][gc,phases      ] GC(162) Phase 1: Mark live objects 2.994ms
[28.071s][info][gc,phases,start] GC(162) Phase 2: Prepare compaction
[28.072s][info][gc,phases      ] GC(162) Phase 2: Prepare compaction 0.878ms
[28.072s][info][gc,phases,start] GC(162) Phase 3: Adjust pointers
[28.074s][info][gc,phases      ] GC(162) Phase 3: Adjust pointers 2.640ms
[28.074s][info][gc,phases,start] GC(162) Phase 4: Compact heap
[28.075s][info][gc,phases      ] GC(162) Phase 4: Compact heap 0.634ms
[28.079s][info][gc,heap        ] GC(162) Eden regions: 251->0(24)
[28.079s][info][gc,heap        ] GC(162) Survivor regions: 11->0(40)
[28.079s][info][gc,heap        ] GC(162) Old regions: 36->12
[28.079s][info][gc,heap        ] GC(162) Archive regions: 0->0
[28.079s][info][gc,heap        ] GC(162) Humongous regions: 22->0
[28.079s][info][gc,metaspace   ] GC(162) Metaspace: 8598K(8832K)->8598K(8832K) NonClass: 7447K(7552K)->7447K(7552K) Class: 1151K(1280K)->1151K(1280K)
[28.079s][info][gc             ] GC(162) Pause Full (System.gc()) 310M->3M(40M) 11.831ms
[28.079s][info][gc,cpu         ] GC(162) User=0.00s Sys=0.02s Real=0.02s
[28.103s][info][gc,start       ] GC(163) Pause Young (Normal) (G1 Evacuation Pause)
[28.103s][info][gc,task        ] GC(163) Using 7 workers of 33 for evacuation
[28.104s][info][gc,phases      ] GC(163)   Pre Evacuate Collection Set: 0.1ms
[28.104s][info][gc,phases      ] GC(163)   Merge Heap Roots: 0.1ms
[28.104s][info][gc,phases      ] GC(163)   Evacuate Collection Set: 0.2ms
[28.104s][info][gc,phases      ] GC(163)   Post Evacuate Collection Set: 0.2ms
[28.104s][info][gc,phases      ] GC(163)   Other: 0.1ms
[28.104s][info][gc,heap        ] GC(163) Eden regions: 24->0(22)
[28.104s][info][gc,heap        ] GC(163) Survivor regions: 0->2(3)
[28.104s][info][gc,heap        ] GC(163) Old regions: 12->12
[28.104s][info][gc,heap        ] GC(163) Archive regions: 0->0
[28.104s][info][gc,heap        ] GC(163) Humongous regions: 0->0
[28.104s][info][gc,metaspace   ] GC(163) Metaspace: 8598K(8832K)->8598K(8832K) NonClass: 7447K(7552K)->7447K(7552K) Class: 1151K(1280K)->1151K(1280K)
[28.104s][info][gc             ] GC(163) Pause Young (Normal) (G1 Evacuation Pause) 27M->5M(40M) 1.118ms
[28.105s][info][gc,cpu         ] GC(163) User=0.00s Sys=0.00s Real=0.00s
[28.116s][info][gc,start       ] GC(164) Pause Young (Normal) (G1 Evacuation Pause)
[28.116s][info][gc,task        ] GC(164) Using 4 workers of 33 for evacuation
[28.117s][info][gc,phases      ] GC(164)   Pre Evacuate Collection Set: 0.0ms
[28.117s][info][gc,phases      ] GC(164)   Merge Heap Roots: 0.0ms
[28.117s][info][gc,phases      ] GC(164)   Evacuate Collection Set: 0.3ms
[28.117s][info][gc,phases      ] GC(164)   Post Evacuate Collection Set: 0.2ms
[28.117s][info][gc,phases      ] GC(164)   Other: 0.1ms
[28.117s][info][gc,heap        ] GC(164) Eden regions: 22->0(23)
[28.117s][info][gc,heap        ] GC(164) Survivor regions: 2->1(3)
[28.117s][info][gc,heap        ] GC(164) Old regions: 12->12
[28.117s][info][gc,heap        ] GC(164) Archive regions: 0->0
[28.117s][info][gc,heap        ] GC(164) Humongous regions: 0->0
[28.117s][info][gc,metaspace   ] GC(164) Metaspace: 8598K(8832K)->8598K(8832K) NonClass: 7447K(7552K)->7447K(7552K) Class: 1151K(1280K)->1151K(1280K)
[28.117s][info][gc             ] GC(164) Pause Young (Normal) (G1 Evacuation Pause) 27M->3M(40M) 1.078ms
[28.118s][info][gc,cpu         ] GC(164) User=0.00s Sys=0.00s Real=0.00s
[28.129s][info][gc,start       ] GC(165) Pause Young (Normal) (G1 Evacuation Pause)
[28.129s][info][gc,task        ] GC(165) Using 3 workers of 33 for evacuation
[28.130s][info][gc,phases      ] GC(165)   Pre Evacuate Collection Set: 0.1ms
[28.130s][info][gc,phases      ] GC(165)   Merge Heap Roots: 0.0ms
[28.130s][info][gc,phases      ] GC(165)   Evacuate Collection Set: 0.6ms
[28.130s][info][gc,phases      ] GC(165)   Post Evacuate Collection Set: 0.2ms
[28.130s][info][gc,phases      ] GC(165)   Other: 0.1ms
[28.130s][info][gc,heap        ] GC(165) Eden regions: 23->0(23)
[28.130s][info][gc,heap        ] GC(165) Survivor regions: 1->1(3)
[28.130s][info][gc,heap        ] GC(165) Old regions: 12->12
[28.130s][info][gc,heap        ] GC(165) Archive regions: 0->0
[28.130s][info][gc,heap        ] GC(165) Humongous regions: 0->0
[28.130s][info][gc,metaspace   ] GC(165) Metaspace: 8598K(8832K)->8598K(8832K) NonClass: 7447K(7552K)->7447K(7552K) Class: 1151K(1280K)->1151K(1280K)
[28.131s][info][gc             ] GC(165) Pause Young (Normal) (G1 Evacuation Pause) 26M->3M(40M) 1.400ms
[28.131s][info][gc,cpu         ] GC(165) User=0.00s Sys=0.00s Real=0.00s
[28.142s][info][gc,start       ] GC(166) Pause Young (Normal) (G1 Evacuation Pause)
[28.142s][info][gc,task        ] GC(166) Using 2 workers of 33 for evacuation
[28.145s][info][gc,phases      ] GC(166)   Pre Evacuate Collection Set: 0.0ms
[28.146s][info][gc,phases      ] GC(166)   Merge Heap Roots: 0.0ms
[28.146s][info][gc,phases      ] GC(166)   Evacuate Collection Set: 0.9ms
[28.146s][info][gc,phases      ] GC(166)   Post Evacuate Collection Set: 2.3ms
[28.146s][info][gc,phases      ] GC(166)   Other: 0.1ms
[28.146s][info][gc,heap        ] GC(166) Eden regions: 23->0(318)
[28.146s][info][gc,heap        ] GC(166) Survivor regions: 1->1(3)
[28.146s][info][gc,heap        ] GC(166) Old regions: 12->12
[28.146s][info][gc,heap        ] GC(166) Archive regions: 0->0
[28.146s][info][gc,heap        ] GC(166) Humongous regions: 0->0
[28.146s][info][gc,metaspace   ] GC(166) Metaspace: 8598K(8832K)->8598K(8832K) NonClass: 7447K(7552K)->7447K(7552K) Class: 1151K(1280K)->1151K(1280K)
[28.146s][info][gc             ] GC(166) Pause Young (Normal) (G1 Evacuation Pause) 26M->3M(532M) 3.865ms
[28.146s][info][gc,cpu         ] GC(166) User=0.00s Sys=0.00s Real=0.00s
[28.307s][info][gc,start       ] GC(167) Pause Young (Normal) (G1 Evacuation Pause)
[28.308s][info][gc,task        ] GC(167) Using 12 workers of 33 for evacuation
[28.309s][info][gc,phases      ] GC(167)   Pre Evacuate Collection Set: 0.1ms
[28.309s][info][gc,phases      ] GC(167)   Merge Heap Roots: 0.1ms
[28.309s][info][gc,phases      ] GC(167)   Evacuate Collection Set: 0.8ms
[28.309s][info][gc,phases      ] GC(167)   Post Evacuate Collection Set: 0.4ms
[28.309s][info][gc,phases      ] GC(167)   Other: 0.1ms
[28.309s][info][gc,heap        ] GC(167) Eden regions: 318->0(317)
[28.309s][info][gc,heap        ] GC(167) Survivor regions: 1->2(40)
[28.309s][info][gc,heap        ] GC(167) Old regions: 12->12
[28.309s][info][gc,heap        ] GC(167) Archive regions: 0->0
[28.309s][info][gc,heap        ] GC(167) Humongous regions: 0->0
[28.309s][info][gc,metaspace   ] GC(167) Metaspace: 8598K(8832K)->8598K(8832K) NonClass: 7447K(7552K)->7447K(7552K) Class: 1151K(1280K)->1151K(1280K)
[28.309s][info][gc             ] GC(167) Pause Young (Normal) (G1 Evacuation Pause) 321M->4M(532M) 2.046ms
[28.310s][info][gc,cpu         ] GC(167) User=0.00s Sys=0.00s Real=0.00s
[28.476s][info][gc,start       ] GC(168) Pause Young (Normal) (G1 Evacuation Pause)
[28.476s][info][gc,task        ] GC(168) Using 12 workers of 33 for evacuation
[28.478s][info][gc,phases      ] GC(168)   Pre Evacuate Collection Set: 0.1ms
[28.478s][info][gc,phases      ] GC(168)   Merge Heap Roots: 0.1ms
[28.478s][info][gc,phases      ] GC(168)   Evacuate Collection Set: 1.2ms
[28.478s][info][gc,phases      ] GC(168)   Post Evacuate Collection Set: 0.4ms
[28.478s][info][gc,phases      ] GC(168)   Other: 0.1ms
[28.478s][info][gc,heap        ] GC(168) Eden regions: 317->0(316)
[28.478s][info][gc,heap        ] GC(168) Survivor regions: 2->3(40)
[28.478s][info][gc,heap        ] GC(168) Old regions: 12->12
[28.478s][info][gc,heap        ] GC(168) Archive regions: 0->0
[28.479s][info][gc,heap        ] GC(168) Humongous regions: 0->0
[28.479s][info][gc,metaspace   ] GC(168) Metaspace: 8598K(8832K)->8598K(8832K) NonClass: 7447K(7552K)->7447K(7552K) Class: 1151K(1280K)->1151K(1280K)
[28.479s][info][gc             ] GC(168) Pause Young (Normal) (G1 Evacuation Pause) 321M->5M(532M) 2.406ms
[28.479s][info][gc,cpu         ] GC(168) User=0.00s Sys=0.00s Real=0.00s
[28.646s][info][gc,start       ] GC(169) Pause Young (Normal) (G1 Evacuation Pause)
[28.646s][info][gc,task        ] GC(169) Using 12 workers of 33 for evacuation
[28.648s][info][gc,phases      ] GC(169)   Pre Evacuate Collection Set: 0.1ms
[28.648s][info][gc,phases      ] GC(169)   Merge Heap Roots: 0.1ms
[28.648s][info][gc,phases      ] GC(169)   Evacuate Collection Set: 1.4ms
[28.648s][info][gc,phases      ] GC(169)   Post Evacuate Collection Set: 0.4ms
[28.648s][info][gc,phases      ] GC(169)   Other: 0.2ms
[28.648s][info][gc,heap        ] GC(169) Eden regions: 316->0(315)
[28.648s][info][gc,heap        ] GC(169) Survivor regions: 3->4(40)
[28.648s][info][gc,heap        ] GC(169) Old regions: 12->12
[28.648s][info][gc,heap        ] GC(169) Archive regions: 0->0
[28.648s][info][gc,heap        ] GC(169) Humongous regions: 0->0
[28.648s][info][gc,metaspace   ] GC(169) Metaspace: 8598K(8832K)->8598K(8832K) NonClass: 7447K(7552K)->7447K(7552K) Class: 1151K(1280K)->1151K(1280K)
[28.649s][info][gc             ] GC(169) Pause Young (Normal) (G1 Evacuation Pause) 321M->6M(532M) 2.736ms
[28.649s][info][gc,cpu         ] GC(169) User=0.19s Sys=0.00s Real=0.00s
[28.810s][info][gc,start       ] GC(170) Pause Young (Normal) (G1 Evacuation Pause)
[28.810s][info][gc,task        ] GC(170) Using 12 workers of 33 for evacuation
[28.812s][info][gc,phases      ] GC(170)   Pre Evacuate Collection Set: 0.1ms
[28.812s][info][gc,phases      ] GC(170)   Merge Heap Roots: 0.1ms
[28.812s][info][gc,phases      ] GC(170)   Evacuate Collection Set: 1.6ms
[28.812s][info][gc,phases      ] GC(170)   Post Evacuate Collection Set: 0.4ms
[28.813s][info][gc,phases      ] GC(170)   Other: 0.2ms
[28.813s][info][gc,heap        ] GC(170) Eden regions: 315->0(314)
[28.813s][info][gc,heap        ] GC(170) Survivor regions: 4->5(40)
[28.813s][info][gc,heap        ] GC(170) Old regions: 12->12
[28.813s][info][gc,heap        ] GC(170) Archive regions: 0->0
[28.813s][info][gc,heap        ] GC(170) Humongous regions: 0->0
[28.813s][info][gc,metaspace   ] GC(170) Metaspace: 8598K(8832K)->8598K(8832K) NonClass: 7447K(7552K)->7447K(7552K) Class: 1151K(1280K)->1151K(1280K)
[28.813s][info][gc             ] GC(170) Pause Young (Normal) (G1 Evacuation Pause) 321M->7M(532M) 2.879ms
[28.813s][info][gc,cpu         ] GC(170) User=0.00s Sys=0.00s Real=0.00s
[28.994s][info][gc,start       ] GC(171) Pause Young (Normal) (G1 Evacuation Pause)
[28.994s][info][gc,task        ] GC(171) Using 12 workers of 33 for evacuation
[28.997s][info][gc,phases      ] GC(171)   Pre Evacuate Collection Set: 0.1ms
[28.997s][info][gc,phases      ] GC(171)   Merge Heap Roots: 0.1ms
[28.997s][info][gc,phases      ] GC(171)   Evacuate Collection Set: 2.5ms
[28.997s][info][gc,phases      ] GC(171)   Post Evacuate Collection Set: 0.5ms
[28.997s][info][gc,phases      ] GC(171)   Other: 0.2ms
[28.997s][info][gc,heap        ] GC(171) Eden regions: 314->0(313)
[28.997s][info][gc,heap        ] GC(171) Survivor regions: 5->6(40)
[28.997s][info][gc,heap        ] GC(171) Old regions: 12->12
[28.997s][info][gc,heap        ] GC(171) Archive regions: 0->0
[28.997s][info][gc,heap        ] GC(171) Humongous regions: 0->0
[28.997s][info][gc,metaspace   ] GC(171) Metaspace: 8598K(8832K)->8598K(8832K) NonClass: 7447K(7552K)->7447K(7552K) Class: 1151K(1280K)->1151K(1280K)
[28.997s][info][gc             ] GC(171) Pause Young (Normal) (G1 Evacuation Pause) 321M->8M(532M) 3.892ms
[28.998s][info][gc,cpu         ] GC(171) User=0.00s Sys=0.00s Real=0.00s
[29.165s][info][gc,start       ] GC(172) Pause Young (Normal) (G1 Evacuation Pause)
[29.165s][info][gc,task        ] GC(172) Using 12 workers of 33 for evacuation
[29.168s][info][gc,phases      ] GC(172)   Pre Evacuate Collection Set: 0.1ms
[29.168s][info][gc,phases      ] GC(172)   Merge Heap Roots: 0.1ms
[29.168s][info][gc,phases      ] GC(172)   Evacuate Collection Set: 2.3ms
[29.168s][info][gc,phases      ] GC(172)   Post Evacuate Collection Set: 0.4ms
[29.168s][info][gc,phases      ] GC(172)   Other: 0.1ms
[29.168s][info][gc,heap        ] GC(172) Eden regions: 313->0(312)
[29.168s][info][gc,heap        ] GC(172) Survivor regions: 6->7(40)
[29.168s][info][gc,heap        ] GC(172) Old regions: 12->12
[29.168s][info][gc,heap        ] GC(172) Archive regions: 0->0
[29.168s][info][gc,heap        ] GC(172) Humongous regions: 0->0
[29.168s][info][gc,metaspace   ] GC(172) Metaspace: 8598K(8832K)->8598K(8832K) NonClass: 7447K(7552K)->7447K(7552K) Class: 1151K(1280K)->1151K(1280K)
[29.168s][info][gc             ] GC(172) Pause Young (Normal) (G1 Evacuation Pause) 321M->10M(532M) 3.563ms
[29.168s][info][gc,cpu         ] GC(172) User=0.00s Sys=0.00s Real=0.00s
[29.329s][info][gc,start       ] GC(173) Pause Young (Normal) (G1 Evacuation Pause)
[29.329s][info][gc,task        ] GC(173) Using 12 workers of 33 for evacuation
[29.333s][info][gc,phases      ] GC(173)   Pre Evacuate Collection Set: 0.1ms
[29.333s][info][gc,phases      ] GC(173)   Merge Heap Roots: 0.1ms
[29.333s][info][gc,phases      ] GC(173)   Evacuate Collection Set: 2.5ms
[29.333s][info][gc,phases      ] GC(173)   Post Evacuate Collection Set: 0.4ms
[29.333s][info][gc,phases      ] GC(173)   Other: 0.1ms
[29.333s][info][gc,heap        ] GC(173) Eden regions: 312->0(311)
[29.333s][info][gc,heap        ] GC(173) Survivor regions: 7->8(40)
[29.333s][info][gc,heap        ] GC(173) Old regions: 12->12
[29.333s][info][gc,heap        ] GC(173) Archive regions: 0->0
[29.333s][info][gc,heap        ] GC(173) Humongous regions: 0->0
[29.333s][info][gc,metaspace   ] GC(173) Metaspace: 8598K(8832K)->8598K(8832K) NonClass: 7447K(7552K)->7447K(7552K) Class: 1151K(1280K)->1151K(1280K)
[29.333s][info][gc             ] GC(173) Pause Young (Normal) (G1 Evacuation Pause) 322M->11M(532M) 3.719ms
[29.333s][info][gc,cpu         ] GC(173) User=0.00s Sys=0.00s Real=0.00s
[29.499s][info][gc,start       ] GC(174) Pause Young (Normal) (G1 Evacuation Pause)
[29.499s][info][gc,task        ] GC(174) Using 12 workers of 33 for evacuation
[29.503s][info][gc,phases      ] GC(174)   Pre Evacuate Collection Set: 0.1ms
[29.503s][info][gc,phases      ] GC(174)   Merge Heap Roots: 0.1ms
[29.503s][info][gc,phases      ] GC(174)   Evacuate Collection Set: 3.0ms
[29.503s][info][gc,phases      ] GC(174)   Post Evacuate Collection Set: 0.4ms
[29.503s][info][gc,phases      ] GC(174)   Other: 0.2ms
[29.503s][info][gc,heap        ] GC(174) Eden regions: 311->0(310)
[29.503s][info][gc,heap        ] GC(174) Survivor regions: 8->9(40)
[29.503s][info][gc,heap        ] GC(174) Old regions: 12->12
[29.503s][info][gc,heap        ] GC(174) Archive regions: 0->0
[29.503s][info][gc,heap        ] GC(174) Humongous regions: 0->0
[29.503s][info][gc,metaspace   ] GC(174) Metaspace: 8598K(8832K)->8598K(8832K) NonClass: 7447K(7552K)->7447K(7552K) Class: 1151K(1280K)->1151K(1280K)
[29.503s][info][gc             ] GC(174) Pause Young (Normal) (G1 Evacuation Pause) 322M->11M(532M) 4.276ms
[29.503s][info][gc,cpu         ] GC(174) User=0.00s Sys=0.00s Real=0.00s
[29.678s][info][gc,start       ] GC(175) Pause Young (Normal) (G1 Evacuation Pause)
[29.678s][info][gc,task        ] GC(175) Using 12 workers of 33 for evacuation
[29.683s][info][gc,phases      ] GC(175)   Pre Evacuate Collection Set: 0.1ms
[29.683s][info][gc,phases      ] GC(175)   Merge Heap Roots: 0.1ms
[29.683s][info][gc,phases      ] GC(175)   Evacuate Collection Set: 3.3ms
[29.683s][info][gc,phases      ] GC(175)   Post Evacuate Collection Set: 0.4ms
[29.683s][info][gc,phases      ] GC(175)   Other: 0.1ms
[29.683s][info][gc,heap        ] GC(175) Eden regions: 310->0(309)
[29.683s][info][gc,heap        ] GC(175) Survivor regions: 9->10(40)
[29.683s][info][gc,heap        ] GC(175) Old regions: 12->12
[29.683s][info][gc,heap        ] GC(175) Archive regions: 0->0
[29.683s][info][gc,heap        ] GC(175) Humongous regions: 0->0
[29.683s][info][gc,metaspace   ] GC(175) Metaspace: 8598K(8832K)->8598K(8832K) NonClass: 7447K(7552K)->7447K(7552K) Class: 1151K(1280K)->1151K(1280K)
[29.683s][info][gc             ] GC(175) Pause Young (Normal) (G1 Evacuation Pause) 321M->13M(532M) 4.540ms
[29.683s][info][gc,cpu         ] GC(175) User=0.00s Sys=0.00s Real=0.00s
[29.857s][info][gc,start       ] GC(176) Pause Young (Normal) (G1 Evacuation Pause)
[29.857s][info][gc,task        ] GC(176) Using 12 workers of 33 for evacuation
[29.861s][info][gc,phases      ] GC(176)   Pre Evacuate Collection Set: 0.1ms
[29.861s][info][gc,phases      ] GC(176)   Merge Heap Roots: 0.1ms
[29.861s][info][gc,phases      ] GC(176)   Evacuate Collection Set: 3.1ms
[29.861s][info][gc,phases      ] GC(176)   Post Evacuate Collection Set: 0.4ms
[29.861s][info][gc,phases      ] GC(176)   Other: 0.2ms
[29.861s][info][gc,heap        ] GC(176) Eden regions: 309->0(308)
[29.861s][info][gc,heap        ] GC(176) Survivor regions: 10->11(40)
[29.862s][info][gc,heap        ] GC(176) Old regions: 12->12
[29.862s][info][gc,heap        ] GC(176) Archive regions: 0->0
[29.862s][info][gc,heap        ] GC(176) Humongous regions: 0->0
[29.862s][info][gc,metaspace   ] GC(176) Metaspace: 8598K(8832K)->8598K(8832K) NonClass: 7447K(7552K)->7447K(7552K) Class: 1151K(1280K)->1151K(1280K)
[29.862s][info][gc             ] GC(176) Pause Young (Normal) (G1 Evacuation Pause) 322M->14M(532M) 4.474ms
[29.862s][info][gc,cpu         ] GC(176) User=0.00s Sys=0.00s Real=0.00s
[30.043s][info][gc,start       ] GC(177) Pause Young (Normal) (G1 Evacuation Pause)
[30.043s][info][gc,task        ] GC(177) Using 12 workers of 33 for evacuation
[30.047s][info][gc,phases      ] GC(177)   Pre Evacuate Collection Set: 0.1ms
[30.047s][info][gc,phases      ] GC(177)   Merge Heap Roots: 0.1ms
[30.047s][info][gc,phases      ] GC(177)   Evacuate Collection Set: 3.6ms
[30.047s][info][gc,phases      ] GC(177)   Post Evacuate Collection Set: 0.4ms
[30.047s][info][gc,phases      ] GC(177)   Other: 0.2ms
[30.047s][info][gc,heap        ] GC(177) Eden regions: 308->0(307)
[30.047s][info][gc,heap        ] GC(177) Survivor regions: 11->12(40)
[30.047s][info][gc,heap        ] GC(177) Old regions: 12->12
[30.047s][info][gc,heap        ] GC(177) Archive regions: 0->0
[30.047s][info][gc,heap        ] GC(177) Humongous regions: 0->0
[30.047s][info][gc,metaspace   ] GC(177) Metaspace: 8598K(8832K)->8598K(8832K) NonClass: 7447K(7552K)->7447K(7552K) Class: 1151K(1280K)->1151K(1280K)
[30.048s][info][gc             ] GC(177) Pause Young (Normal) (G1 Evacuation Pause) 322M->15M(532M) 4.943ms
[30.048s][info][gc,cpu         ] GC(177) User=0.00s Sys=0.00s Real=0.00s
[30.225s][info][gc,start       ] GC(178) Pause Young (Normal) (G1 Evacuation Pause)
[30.225s][info][gc,task        ] GC(178) Using 12 workers of 33 for evacuation
[30.230s][info][gc,phases      ] GC(178)   Pre Evacuate Collection Set: 0.1ms
[30.230s][info][gc,phases      ] GC(178)   Merge Heap Roots: 0.1ms
[30.230s][info][gc,phases      ] GC(178)   Evacuate Collection Set: 3.7ms
[30.230s][info][gc,phases      ] GC(178)   Post Evacuate Collection Set: 0.4ms
[30.230s][info][gc,phases      ] GC(178)   Other: 0.2ms
[30.230s][info][gc,heap        ] GC(178) Eden regions: 307->0(306)
[30.230s][info][gc,heap        ] GC(178) Survivor regions: 12->13(40)
[30.230s][info][gc,heap        ] GC(178) Old regions: 12->13
[30.230s][info][gc,heap        ] GC(178) Archive regions: 0->0
[30.230s][info][gc,heap        ] GC(178) Humongous regions: 0->0
[30.230s][info][gc,metaspace   ] GC(178) Metaspace: 8598K(8832K)->8598K(8832K) NonClass: 7447K(7552K)->7447K(7552K) Class: 1151K(1280K)->1151K(1280K)
[30.230s][info][gc             ] GC(178) Pause Young (Normal) (G1 Evacuation Pause) 322M->16M(532M) 5.020ms
[30.230s][info][gc,cpu         ] GC(178) User=0.02s Sys=0.00s Real=0.00s
[30.406s][info][gc,start       ] GC(179) Pause Young (Normal) (G1 Evacuation Pause)
[30.406s][info][gc,task        ] GC(179) Using 12 workers of 33 for evacuation
[30.411s][info][gc,phases      ] GC(179)   Pre Evacuate Collection Set: 0.1ms
[30.411s][info][gc,phases      ] GC(179)   Merge Heap Roots: 0.1ms
[30.411s][info][gc,phases      ] GC(179)   Evacuate Collection Set: 4.0ms
[30.411s][info][gc,phases      ] GC(179)   Post Evacuate Collection Set: 0.4ms
[30.411s][info][gc,phases      ] GC(179)   Other: 0.2ms
[30.411s][info][gc,heap        ] GC(179) Eden regions: 306->0(305)
[30.411s][info][gc,heap        ] GC(179) Survivor regions: 13->14(40)
[30.411s][info][gc,heap        ] GC(179) Old regions: 13->13
[30.411s][info][gc,heap        ] GC(179) Archive regions: 0->0
[30.411s][info][gc,heap        ] GC(179) Humongous regions: 0->0
[30.411s][info][gc,metaspace   ] GC(179) Metaspace: 8598K(8832K)->8598K(8832K) NonClass: 7447K(7552K)->7447K(7552K) Class: 1151K(1280K)->1151K(1280K)
[30.411s][info][gc             ] GC(179) Pause Young (Normal) (G1 Evacuation Pause) 322M->16M(532M) 5.427ms
[30.411s][info][gc,cpu         ] GC(179) User=0.00s Sys=0.00s Real=0.00s
[30.613s][info][gc,start       ] GC(180) Pause Young (Normal) (G1 Evacuation Pause)
[30.613s][info][gc,task        ] GC(180) Using 12 workers of 33 for evacuation
[30.625s][info][gc,phases      ] GC(180)   Pre Evacuate Collection Set: 0.1ms
[30.625s][info][gc,phases      ] GC(180)   Merge Heap Roots: 0.2ms
[30.625s][info][gc,phases      ] GC(180)   Evacuate Collection Set: 10.7ms
[30.625s][info][gc,phases      ] GC(180)   Post Evacuate Collection Set: 0.4ms
[30.625s][info][gc,phases      ] GC(180)   Other: 0.2ms
[30.625s][info][gc,heap        ] GC(180) Eden regions: 305->0(294)
[30.625s][info][gc,heap        ] GC(180) Survivor regions: 14->25(40)
[30.625s][info][gc,heap        ] GC(180) Old regions: 13->13
[30.625s][info][gc,heap        ] GC(180) Archive regions: 0->0
[30.625s][info][gc,heap        ] GC(180) Humongous regions: 3->3
[30.625s][info][gc,metaspace   ] GC(180) Metaspace: 8598K(8832K)->8598K(8832K) NonClass: 7447K(7552K)->7447K(7552K) Class: 1151K(1280K)->1151K(1280K)
[30.625s][info][gc             ] GC(180) Pause Young (Normal) (G1 Evacuation Pause) 324M->30M(532M) 12.080ms
[30.625s][info][gc,cpu         ] GC(180) User=0.19s Sys=0.00s Real=0.01s
[30.791s][info][gc,start       ] GC(181) Pause Young (Normal) (G1 Evacuation Pause)
[30.792s][info][gc,task        ] GC(181) Using 12 workers of 33 for evacuation
[30.801s][info][gc,phases      ] GC(181)   Pre Evacuate Collection Set: 0.1ms
[30.801s][info][gc,phases      ] GC(181)   Merge Heap Roots: 0.2ms
[30.801s][info][gc,phases      ] GC(181)   Evacuate Collection Set: 8.5ms
[30.801s][info][gc,phases      ] GC(181)   Post Evacuate Collection Set: 0.5ms
[30.801s][info][gc,phases      ] GC(181)   Other: 0.2ms
[30.801s][info][gc,heap        ] GC(181) Eden regions: 294->0(297)
[30.801s][info][gc,heap        ] GC(181) Survivor regions: 25->22(40)
[30.801s][info][gc,heap        ] GC(181) Old regions: 13->17
[30.801s][info][gc,heap        ] GC(181) Archive regions: 0->0
[30.801s][info][gc,heap        ] GC(181) Humongous regions: 3->3
[30.801s][info][gc,metaspace   ] GC(181) Metaspace: 8598K(8832K)->8598K(8832K) NonClass: 7447K(7552K)->7447K(7552K) Class: 1151K(1280K)->1151K(1280K)
[30.801s][info][gc             ] GC(181) Pause Young (Normal) (G1 Evacuation Pause) 324M->32M(532M) 9.961ms
[30.801s][info][gc,cpu         ] GC(181) User=0.00s Sys=0.00s Real=0.01s
[30.957s][info][gc,start       ] GC(182) Pause Young (Normal) (G1 Evacuation Pause)
[30.957s][info][gc,task        ] GC(182) Using 12 workers of 33 for evacuation
[30.966s][info][gc,phases      ] GC(182)   Pre Evacuate Collection Set: 0.1ms
[30.966s][info][gc,phases      ] GC(182)   Merge Heap Roots: 0.1ms
[30.966s][info][gc,phases      ] GC(182)   Evacuate Collection Set: 8.6ms
[30.967s][info][gc,phases      ] GC(182)   Post Evacuate Collection Set: 0.4ms
[30.967s][info][gc,phases      ] GC(182)   Other: 0.2ms
[30.967s][info][gc,heap        ] GC(182) Eden regions: 297->0(296)
[30.967s][info][gc,heap        ] GC(182) Survivor regions: 22->23(40)
[30.967s][info][gc,heap        ] GC(182) Old regions: 17->17
[30.967s][info][gc,heap        ] GC(182) Archive regions: 0->0
[30.967s][info][gc,heap        ] GC(182) Humongous regions: 3->3
[30.967s][info][gc,metaspace   ] GC(182) Metaspace: 8598K(8832K)->8598K(8832K) NonClass: 7447K(7552K)->7447K(7552K) Class: 1151K(1280K)->1151K(1280K)
[30.967s][info][gc             ] GC(182) Pause Young (Normal) (G1 Evacuation Pause) 329M->33M(532M) 10.024ms
[30.967s][info][gc,cpu         ] GC(182) User=0.19s Sys=0.00s Real=0.01s
[31.149s][info][gc,start       ] GC(183) Pause Young (Normal) (G1 Evacuation Pause)
[31.149s][info][gc,task        ] GC(183) Using 12 workers of 33 for evacuation
[31.158s][info][gc,phases      ] GC(183)   Pre Evacuate Collection Set: 0.1ms
[31.158s][info][gc,phases      ] GC(183)   Merge Heap Roots: 0.2ms
[31.158s][info][gc,phases      ] GC(183)   Evacuate Collection Set: 8.3ms
[31.158s][info][gc,phases      ] GC(183)   Post Evacuate Collection Set: 0.5ms
[31.158s][info][gc,phases      ] GC(183)   Other: 0.2ms
[31.159s][info][gc,heap        ] GC(183) Eden regions: 296->0(300)
[31.159s][info][gc,heap        ] GC(183) Survivor regions: 23->19(40)
[31.159s][info][gc,heap        ] GC(183) Old regions: 17->21
[31.159s][info][gc,heap        ] GC(183) Archive regions: 0->0
[31.159s][info][gc,heap        ] GC(183) Humongous regions: 3->3
[31.159s][info][gc,metaspace   ] GC(183) Metaspace: 8598K(8832K)->8598K(8832K) NonClass: 7447K(7552K)->7447K(7552K) Class: 1151K(1280K)->1151K(1280K)
[31.159s][info][gc             ] GC(183) Pause Young (Normal) (G1 Evacuation Pause) 329M->33M(532M) 9.750ms
[31.159s][info][gc,cpu         ] GC(183) User=0.00s Sys=0.00s Real=0.01s
[31.345s][info][gc,start       ] GC(184) Pause Young (Normal) (G1 Evacuation Pause)
[31.345s][info][gc,task        ] GC(184) Using 12 workers of 33 for evacuation
[31.353s][info][gc,phases      ] GC(184)   Pre Evacuate Collection Set: 0.1ms
[31.353s][info][gc,phases      ] GC(184)   Merge Heap Roots: 0.3ms
[31.353s][info][gc,phases      ] GC(184)   Evacuate Collection Set: 7.5ms
[31.353s][info][gc,phases      ] GC(184)   Post Evacuate Collection Set: 0.4ms
[31.354s][info][gc,phases      ] GC(184)   Other: 0.2ms
[31.354s][info][gc,heap        ] GC(184) Eden regions: 300->0(299)
[31.354s][info][gc,heap        ] GC(184) Survivor regions: 19->20(40)
[31.354s][info][gc,heap        ] GC(184) Old regions: 21->21
[31.354s][info][gc,heap        ] GC(184) Archive regions: 0->0
[31.354s][info][gc,heap        ] GC(184) Humongous regions: 3->3
[31.354s][info][gc,metaspace   ] GC(184) Metaspace: 8598K(8832K)->8598K(8832K) NonClass: 7447K(7552K)->7447K(7552K) Class: 1151K(1280K)->1151K(1280K)
[31.354s][info][gc             ] GC(184) Pause Young (Normal) (G1 Evacuation Pause) 333M->34M(532M) 9.144ms
[31.354s][info][gc,cpu         ] GC(184) User=0.19s Sys=0.00s Real=0.01s
[31.520s][info][gc,start       ] GC(185) Pause Young (Normal) (G1 Evacuation Pause)
[31.520s][info][gc,task        ] GC(185) Using 12 workers of 33 for evacuation
[31.529s][info][gc,phases      ] GC(185)   Pre Evacuate Collection Set: 0.1ms
[31.529s][info][gc,phases      ] GC(185)   Merge Heap Roots: 0.2ms
[31.529s][info][gc,phases      ] GC(185)   Evacuate Collection Set: 7.9ms
[31.529s][info][gc,phases      ] GC(185)   Post Evacuate Collection Set: 0.5ms
[31.529s][info][gc,phases      ] GC(185)   Other: 0.2ms
[31.529s][info][gc,heap        ] GC(185) Eden regions: 299->0(298)
[31.529s][info][gc,heap        ] GC(185) Survivor regions: 20->21(40)
[31.529s][info][gc,heap        ] GC(185) Old regions: 21->21
[31.529s][info][gc,heap        ] GC(185) Archive regions: 0->0
[31.529s][info][gc,heap        ] GC(185) Humongous regions: 3->3
[31.529s][info][gc,metaspace   ] GC(185) Metaspace: 8598K(8832K)->8598K(8832K) NonClass: 7447K(7552K)->7447K(7552K) Class: 1151K(1280K)->1151K(1280K)
[31.529s][info][gc             ] GC(185) Pause Young (Normal) (G1 Evacuation Pause) 333M->35M(532M) 9.328ms
[31.529s][info][gc,cpu         ] GC(185) User=0.19s Sys=0.00s Real=0.01s
[31.706s][info][gc,start       ] GC(186) Pause Young (Normal) (G1 Evacuation Pause)
[31.707s][info][gc,task        ] GC(186) Using 12 workers of 33 for evacuation
[31.716s][info][gc,phases      ] GC(186)   Pre Evacuate Collection Set: 0.1ms
[31.716s][info][gc,phases      ] GC(186)   Merge Heap Roots: 0.2ms
[31.716s][info][gc,phases      ] GC(186)   Evacuate Collection Set: 8.1ms
[31.716s][info][gc,phases      ] GC(186)   Post Evacuate Collection Set: 0.5ms
[31.716s][info][gc,phases      ] GC(186)   Other: 0.2ms
[31.716s][info][gc,heap        ] GC(186) Eden regions: 298->0(297)
[31.716s][info][gc,heap        ] GC(186) Survivor regions: 21->22(40)
[31.716s][info][gc,heap        ] GC(186) Old regions: 21->21
[31.716s][info][gc,heap        ] GC(186) Archive regions: 0->0
[31.716s][info][gc,heap        ] GC(186) Humongous regions: 3->3
[31.716s][info][gc,metaspace   ] GC(186) Metaspace: 8598K(8832K)->8598K(8832K) NonClass: 7447K(7552K)->7447K(7552K) Class: 1151K(1280K)->1151K(1280K)
[31.716s][info][gc             ] GC(186) Pause Young (Normal) (G1 Evacuation Pause) 333M->37M(532M) 9.608ms
[31.716s][info][gc,cpu         ] GC(186) User=0.19s Sys=0.00s Real=0.01s
[31.880s][info][gc,start       ] GC(187) Pause Young (Normal) (G1 Evacuation Pause)
[31.880s][info][gc,task        ] GC(187) Using 12 workers of 33 for evacuation
[31.889s][info][gc,phases      ] GC(187)   Pre Evacuate Collection Set: 0.1ms
[31.889s][info][gc,phases      ] GC(187)   Merge Heap Roots: 0.2ms
[31.889s][info][gc,phases      ] GC(187)   Evacuate Collection Set: 7.8ms
[31.889s][info][gc,phases      ] GC(187)   Post Evacuate Collection Set: 0.4ms
[31.889s][info][gc,phases      ] GC(187)   Other: 0.2ms
[31.889s][info][gc,heap        ] GC(187) Eden regions: 297->0(296)
[31.889s][info][gc,heap        ] GC(187) Survivor regions: 22->23(40)
[31.889s][info][gc,heap        ] GC(187) Old regions: 21->21
[31.889s][info][gc,heap        ] GC(187) Archive regions: 0->0
[31.889s][info][gc,heap        ] GC(187) Humongous regions: 3->3
[31.889s][info][gc,metaspace   ] GC(187) Metaspace: 8598K(8832K)->8598K(8832K) NonClass: 7447K(7552K)->7447K(7552K) Class: 1151K(1280K)->1151K(1280K)
[31.889s][info][gc             ] GC(187) Pause Young (Normal) (G1 Evacuation Pause) 334M->38M(532M) 9.214ms
[31.889s][info][gc,cpu         ] GC(187) User=0.19s Sys=0.00s Real=0.01s
[32.063s][info][gc,start       ] GC(188) Pause Young (Normal) (G1 Evacuation Pause)
[32.063s][info][gc,task        ] GC(188) Using 12 workers of 33 for evacuation
[32.072s][info][gc,phases      ] GC(188)   Pre Evacuate Collection Set: 0.1ms
[32.072s][info][gc,phases      ] GC(188)   Merge Heap Roots: 0.2ms
[32.072s][info][gc,phases      ] GC(188)   Evacuate Collection Set: 8.6ms
[32.072s][info][gc,phases      ] GC(188)   Post Evacuate Collection Set: 0.4ms
[32.072s][info][gc,phases      ] GC(188)   Other: 0.2ms
[32.072s][info][gc,heap        ] GC(188) Eden regions: 296->0(309)
[32.072s][info][gc,heap        ] GC(188) Survivor regions: 23->10(40)
[32.073s][info][gc,heap        ] GC(188) Old regions: 21->36
[32.073s][info][gc,heap        ] GC(188) Archive regions: 0->0
[32.073s][info][gc,heap        ] GC(188) Humongous regions: 3->3
[32.073s][info][gc,metaspace   ] GC(188) Metaspace: 8598K(8832K)->8598K(8832K) NonClass: 7447K(7552K)->7447K(7552K) Class: 1151K(1280K)->1151K(1280K)
[32.073s][info][gc             ] GC(188) Pause Young (Normal) (G1 Evacuation Pause) 334M->39M(532M) 10.078ms
[32.073s][info][gc,cpu         ] GC(188) User=0.19s Sys=0.00s Real=0.01s
[32.578s][info][gc,start       ] GC(189) Pause Full (System.gc())
[32.578s][info][gc,task        ] GC(189) Using 12 workers of 33 for full compaction
[32.578s][info][gc,phases,start] GC(189) Phase 1: Mark live objects
[32.582s][info][gc,phases      ] GC(189) Phase 1: Mark live objects 3.889ms
[32.582s][info][gc,phases,start] GC(189) Phase 2: Prepare compaction
[32.583s][info][gc,phases      ] GC(189) Phase 2: Prepare compaction 0.887ms
[32.583s][info][gc,phases,start] GC(189) Phase 3: Adjust pointers
[32.586s][info][gc,phases      ] GC(189) Phase 3: Adjust pointers 2.644ms
[32.586s][info][gc,phases,start] GC(189) Phase 4: Compact heap
[32.587s][info][gc,phases      ] GC(189) Phase 4: Compact heap 0.619ms
[32.590s][info][gc,heap        ] GC(189) Eden regions: 250->0(24)
[32.590s][info][gc,heap        ] GC(189) Survivor regions: 10->0(40)
[32.590s][info][gc,heap        ] GC(189) Old regions: 36->12
[32.590s][info][gc,heap        ] GC(189) Archive regions: 0->0
[32.590s][info][gc,heap        ] GC(189) Humongous regions: 22->0
[32.590s][info][gc,metaspace   ] GC(189) Metaspace: 8599K(8832K)->8599K(8832K) NonClass: 7447K(7552K)->7447K(7552K) Class: 1151K(1280K)->1151K(1280K)
[32.591s][info][gc             ] GC(189) Pause Full (System.gc()) 308M->3M(40M) 12.814ms
[32.591s][info][gc,cpu         ] GC(189) User=0.02s Sys=0.00s Real=0.01s
[32.606s][info][gc,start       ] GC(190) Pause Young (Normal) (G1 Evacuation Pause)
[32.606s][info][gc,task        ] GC(190) Using 7 workers of 33 for evacuation
[32.606s][info][gc,phases      ] GC(190)   Pre Evacuate Collection Set: 0.1ms
[32.606s][info][gc,phases      ] GC(190)   Merge Heap Roots: 0.1ms
[32.607s][info][gc,phases      ] GC(190)   Evacuate Collection Set: 0.3ms
[32.607s][info][gc,phases      ] GC(190)   Post Evacuate Collection Set: 0.3ms
[32.607s][info][gc,phases      ] GC(190)   Other: 0.1ms
[32.607s][info][gc,heap        ] GC(190) Eden regions: 24->0(22)
[32.607s][info][gc,heap        ] GC(190) Survivor regions: 0->2(3)
[32.607s][info][gc,heap        ] GC(190) Old regions: 12->12
[32.607s][info][gc,heap        ] GC(190) Archive regions: 0->0
[32.607s][info][gc,heap        ] GC(190) Humongous regions: 0->0
[32.607s][info][gc,metaspace   ] GC(190) Metaspace: 8601K(8832K)->8601K(8832K) NonClass: 7450K(7552K)->7450K(7552K) Class: 1151K(1280K)->1151K(1280K)
[32.607s][info][gc             ] GC(190) Pause Young (Normal) (G1 Evacuation Pause) 27M->5M(40M) 1.237ms
[32.607s][info][gc,cpu         ] GC(190) User=0.00s Sys=0.00s Real=0.00s
[32.618s][info][gc,start       ] GC(191) Pause Young (Normal) (G1 Evacuation Pause)
[32.618s][info][gc,task        ] GC(191) Using 4 workers of 33 for evacuation
[32.619s][info][gc,phases      ] GC(191)   Pre Evacuate Collection Set: 0.1ms
[32.619s][info][gc,phases      ] GC(191)   Merge Heap Roots: 0.0ms
[32.619s][info][gc,phases      ] GC(191)   Evacuate Collection Set: 0.3ms
[32.619s][info][gc,phases      ] GC(191)   Post Evacuate Collection Set: 0.2ms
[32.619s][info][gc,phases      ] GC(191)   Other: 0.1ms
[32.619s][info][gc,heap        ] GC(191) Eden regions: 22->0(23)
[32.619s][info][gc,heap        ] GC(191) Survivor regions: 2->1(3)
[32.619s][info][gc,heap        ] GC(191) Old regions: 12->12
[32.619s][info][gc,heap        ] GC(191) Archive regions: 0->0
[32.619s][info][gc,heap        ] GC(191) Humongous regions: 0->0
[32.619s][info][gc,metaspace   ] GC(191) Metaspace: 8601K(8832K)->8601K(8832K) NonClass: 7450K(7552K)->7450K(7552K) Class: 1151K(1280K)->1151K(1280K)
[32.619s][info][gc             ] GC(191) Pause Young (Normal) (G1 Evacuation Pause) 27M->3M(40M) 1.123ms
[32.619s][info][gc,cpu         ] GC(191) User=0.00s Sys=0.00s Real=0.00s
[32.634s][info][gc,start       ] GC(192) Pause Young (Normal) (G1 Evacuation Pause)
[32.634s][info][gc,task        ] GC(192) Using 3 workers of 33 for evacuation
[32.635s][info][gc,phases      ] GC(192)   Pre Evacuate Collection Set: 0.0ms
[32.635s][info][gc,phases      ] GC(192)   Merge Heap Roots: 0.0ms
[32.635s][info][gc,phases      ] GC(192)   Evacuate Collection Set: 0.6ms
[32.635s][info][gc,phases      ] GC(192)   Post Evacuate Collection Set: 0.2ms
[32.635s][info][gc,phases      ] GC(192)   Other: 0.1ms
[32.635s][info][gc,heap        ] GC(192) Eden regions: 23->0(23)
[32.635s][info][gc,heap        ] GC(192) Survivor regions: 1->1(3)
[32.635s][info][gc,heap        ] GC(192) Old regions: 12->12
[32.635s][info][gc,heap        ] GC(192) Archive regions: 0->0
[32.635s][info][gc,heap        ] GC(192) Humongous regions: 0->0
[32.636s][info][gc,metaspace   ] GC(192) Metaspace: 8601K(8832K)->8601K(8832K) NonClass: 7450K(7552K)->7450K(7552K) Class: 1151K(1280K)->1151K(1280K)
[32.636s][info][gc             ] GC(192) Pause Young (Normal) (G1 Evacuation Pause) 26M->3M(40M) 1.426ms
[32.636s][info][gc,cpu         ] GC(192) User=0.00s Sys=0.00s Real=0.00s
[32.648s][info][gc,start       ] GC(193) Pause Young (Normal) (G1 Evacuation Pause)
[32.648s][info][gc,task        ] GC(193) Using 2 workers of 33 for evacuation
[32.651s][info][gc,phases      ] GC(193)   Pre Evacuate Collection Set: 0.1ms
[32.651s][info][gc,phases      ] GC(193)   Merge Heap Roots: 0.0ms
[32.651s][info][gc,phases      ] GC(193)   Evacuate Collection Set: 0.9ms
[32.651s][info][gc,phases      ] GC(193)   Post Evacuate Collection Set: 2.3ms
[32.651s][info][gc,phases      ] GC(193)   Other: 0.1ms
[32.651s][info][gc,heap        ] GC(193) Eden regions: 23->0(318)
[32.651s][info][gc,heap        ] GC(193) Survivor regions: 1->1(3)
[32.651s][info][gc,heap        ] GC(193) Old regions: 12->12
[32.651s][info][gc,heap        ] GC(193) Archive regions: 0->0
[32.651s][info][gc,heap        ] GC(193) Humongous regions: 0->0
[32.651s][info][gc,metaspace   ] GC(193) Metaspace: 8601K(8832K)->8601K(8832K) NonClass: 7450K(7552K)->7450K(7552K) Class: 1151K(1280K)->1151K(1280K)
[32.652s][info][gc             ] GC(193) Pause Young (Normal) (G1 Evacuation Pause) 26M->3M(532M) 3.884ms
[32.652s][info][gc,cpu         ] GC(193) User=0.00s Sys=0.00s Real=0.00s
[32.818s][info][gc,start       ] GC(194) Pause Young (Normal) (G1 Evacuation Pause)
[32.819s][info][gc,task        ] GC(194) Using 12 workers of 33 for evacuation
[32.820s][info][gc,phases      ] GC(194)   Pre Evacuate Collection Set: 0.1ms
[32.820s][info][gc,phases      ] GC(194)   Merge Heap Roots: 0.1ms
[32.820s][info][gc,phases      ] GC(194)   Evacuate Collection Set: 0.8ms
[32.820s][info][gc,phases      ] GC(194)   Post Evacuate Collection Set: 0.4ms
[32.820s][info][gc,phases      ] GC(194)   Other: 0.1ms
[32.820s][info][gc,heap        ] GC(194) Eden regions: 318->0(317)
[32.820s][info][gc,heap        ] GC(194) Survivor regions: 1->2(40)
[32.820s][info][gc,heap        ] GC(194) Old regions: 12->12
[32.820s][info][gc,heap        ] GC(194) Archive regions: 0->0
[32.820s][info][gc,heap        ] GC(194) Humongous regions: 0->0
[32.820s][info][gc,metaspace   ] GC(194) Metaspace: 8601K(8832K)->8601K(8832K) NonClass: 7450K(7552K)->7450K(7552K) Class: 1151K(1280K)->1151K(1280K)
[32.820s][info][gc             ] GC(194) Pause Young (Normal) (G1 Evacuation Pause) 321M->4M(532M) 2.030ms
[32.821s][info][gc,cpu         ] GC(194) User=0.00s Sys=0.00s Real=0.00s
[32.992s][info][gc,start       ] GC(195) Pause Young (Normal) (G1 Evacuation Pause)
[32.992s][info][gc,task        ] GC(195) Using 12 workers of 33 for evacuation
[32.994s][info][gc,phases      ] GC(195)   Pre Evacuate Collection Set: 0.1ms
[32.994s][info][gc,phases      ] GC(195)   Merge Heap Roots: 0.1ms
[32.994s][info][gc,phases      ] GC(195)   Evacuate Collection Set: 1.2ms
[32.994s][info][gc,phases      ] GC(195)   Post Evacuate Collection Set: 0.4ms
[32.994s][info][gc,phases      ] GC(195)   Other: 0.1ms
[32.994s][info][gc,heap        ] GC(195) Eden regions: 317->0(316)
[32.994s][info][gc,heap        ] GC(195) Survivor regions: 2->3(40)
[32.994s][info][gc,heap        ] GC(195) Old regions: 12->12
[32.994s][info][gc,heap        ] GC(195) Archive regions: 0->0
[32.994s][info][gc,heap        ] GC(195) Humongous regions: 0->0
[32.994s][info][gc,metaspace   ] GC(195) Metaspace: 8601K(8832K)->8601K(8832K) NonClass: 7450K(7552K)->7450K(7552K) Class: 1151K(1280K)->1151K(1280K)
[32.994s][info][gc             ] GC(195) Pause Young (Normal) (G1 Evacuation Pause) 321M->5M(532M) 2.412ms
[32.994s][info][gc,cpu         ] GC(195) User=0.00s Sys=0.00s Real=0.00s
[33.166s][info][gc,start       ] GC(196) Pause Young (Normal) (G1 Evacuation Pause)
[33.166s][info][gc,task        ] GC(196) Using 12 workers of 33 for evacuation
[33.168s][info][gc,phases      ] GC(196)   Pre Evacuate Collection Set: 0.1ms
[33.168s][info][gc,phases      ] GC(196)   Merge Heap Roots: 0.1ms
[33.168s][info][gc,phases      ] GC(196)   Evacuate Collection Set: 1.4ms
[33.168s][info][gc,phases      ] GC(196)   Post Evacuate Collection Set: 0.4ms
[33.168s][info][gc,phases      ] GC(196)   Other: 0.2ms
[33.168s][info][gc,heap        ] GC(196) Eden regions: 316->0(315)
[33.168s][info][gc,heap        ] GC(196) Survivor regions: 3->4(40)
[33.168s][info][gc,heap        ] GC(196) Old regions: 12->12
[33.168s][info][gc,heap        ] GC(196) Archive regions: 0->0
[33.168s][info][gc,heap        ] GC(196) Humongous regions: 0->0
[33.168s][info][gc,metaspace   ] GC(196) Metaspace: 8601K(8832K)->8601K(8832K) NonClass: 7450K(7552K)->7450K(7552K) Class: 1151K(1280K)->1151K(1280K)
[33.168s][info][gc             ] GC(196) Pause Young (Normal) (G1 Evacuation Pause) 321M->6M(532M) 2.642ms
[33.168s][info][gc,cpu         ] GC(196) User=0.00s Sys=0.00s Real=0.00s
[33.347s][info][gc,start       ] GC(197) Pause Young (Normal) (G1 Evacuation Pause)
[33.347s][info][gc,task        ] GC(197) Using 12 workers of 33 for evacuation
[33.350s][info][gc,phases      ] GC(197)   Pre Evacuate Collection Set: 0.1ms
[33.350s][info][gc,phases      ] GC(197)   Merge Heap Roots: 0.1ms
[33.350s][info][gc,phases      ] GC(197)   Evacuate Collection Set: 1.5ms
[33.350s][info][gc,phases      ] GC(197)   Post Evacuate Collection Set: 0.4ms
[33.350s][info][gc,phases      ] GC(197)   Other: 0.1ms
[33.350s][info][gc,heap        ] GC(197) Eden regions: 315->0(314)
[33.350s][info][gc,heap        ] GC(197) Survivor regions: 4->5(40)
[33.350s][info][gc,heap        ] GC(197) Old regions: 12->12
[33.350s][info][gc,heap        ] GC(197) Archive regions: 0->0
[33.350s][info][gc,heap        ] GC(197) Humongous regions: 0->0
[33.350s][info][gc,metaspace   ] GC(197) Metaspace: 8601K(8832K)->8601K(8832K) NonClass: 7450K(7552K)->7450K(7552K) Class: 1151K(1280K)->1151K(1280K)
[33.350s][info][gc             ] GC(197) Pause Young (Normal) (G1 Evacuation Pause) 321M->7M(532M) 2.818ms
[33.350s][info][gc,cpu         ] GC(197) User=0.00s Sys=0.00s Real=0.00s
[33.541s][info][gc,start       ] GC(198) Pause Young (Normal) (G1 Evacuation Pause)
[33.541s][info][gc,task        ] GC(198) Using 12 workers of 33 for evacuation
[33.544s][info][gc,phases      ] GC(198)   Pre Evacuate Collection Set: 0.1ms
[33.544s][info][gc,phases      ] GC(198)   Merge Heap Roots: 0.1ms
[33.544s][info][gc,phases      ] GC(198)   Evacuate Collection Set: 2.4ms
[33.544s][info][gc,phases      ] GC(198)   Post Evacuate Collection Set: 0.4ms
[33.544s][info][gc,phases      ] GC(198)   Other: 0.1ms
[33.544s][info][gc,heap        ] GC(198) Eden regions: 314->0(313)
[33.544s][info][gc,heap        ] GC(198) Survivor regions: 5->6(40)
[33.544s][info][gc,heap        ] GC(198) Old regions: 12->12
[33.544s][info][gc,heap        ] GC(198) Archive regions: 0->0
[33.544s][info][gc,heap        ] GC(198) Humongous regions: 0->0
[33.544s][info][gc,metaspace   ] GC(198) Metaspace: 8601K(8832K)->8601K(8832K) NonClass: 7450K(7552K)->7450K(7552K) Class: 1151K(1280K)->1151K(1280K)
[33.545s][info][gc             ] GC(198) Pause Young (Normal) (G1 Evacuation Pause) 321M->8M(532M) 3.645ms
[33.545s][info][gc,cpu         ] GC(198) User=0.00s Sys=0.00s Real=0.00s
[33.715s][info][gc,start       ] GC(199) Pause Young (Normal) (G1 Evacuation Pause)
[33.715s][info][gc,task        ] GC(199) Using 12 workers of 33 for evacuation
[33.718s][info][gc,phases      ] GC(199)   Pre Evacuate Collection Set: 0.1ms
[33.718s][info][gc,phases      ] GC(199)   Merge Heap Roots: 0.1ms
[33.718s][info][gc,phases      ] GC(199)   Evacuate Collection Set: 2.2ms
[33.718s][info][gc,phases      ] GC(199)   Post Evacuate Collection Set: 0.4ms
[33.718s][info][gc,phases      ] GC(199)   Other: 0.1ms
[33.718s][info][gc,heap        ] GC(199) Eden regions: 313->0(312)
[33.718s][info][gc,heap        ] GC(199) Survivor regions: 6->7(40)
[33.718s][info][gc,heap        ] GC(199) Old regions: 12->12
[33.718s][info][gc,heap        ] GC(199) Archive regions: 0->0
[33.718s][info][gc,heap        ] GC(199) Humongous regions: 0->0
[33.718s][info][gc,metaspace   ] GC(199) Metaspace: 8601K(8832K)->8601K(8832K) NonClass: 7450K(7552K)->7450K(7552K) Class: 1151K(1280K)->1151K(1280K)
[33.718s][info][gc             ] GC(199) Pause Young (Normal) (G1 Evacuation Pause) 321M->10M(532M) 3.414ms
[33.718s][info][gc,cpu         ] GC(199) User=0.00s Sys=0.00s Real=0.00s
[33.881s][info][gc,start       ] GC(200) Pause Young (Normal) (G1 Evacuation Pause)
[33.881s][info][gc,task        ] GC(200) Using 12 workers of 33 for evacuation
[33.884s][info][gc,phases      ] GC(200)   Pre Evacuate Collection Set: 0.1ms
[33.884s][info][gc,phases      ] GC(200)   Merge Heap Roots: 0.1ms
[33.884s][info][gc,phases      ] GC(200)   Evacuate Collection Set: 2.5ms
[33.884s][info][gc,phases      ] GC(200)   Post Evacuate Collection Set: 0.4ms
[33.884s][info][gc,phases      ] GC(200)   Other: 0.2ms
[33.884s][info][gc,heap        ] GC(200) Eden regions: 312->0(311)
[33.884s][info][gc,heap        ] GC(200) Survivor regions: 7->8(40)
[33.884s][info][gc,heap        ] GC(200) Old regions: 12->12
[33.884s][info][gc,heap        ] GC(200) Archive regions: 0->0
[33.884s][info][gc,heap        ] GC(200) Humongous regions: 0->0
[33.884s][info][gc,metaspace   ] GC(200) Metaspace: 8601K(8832K)->8601K(8832K) NonClass: 7450K(7552K)->7450K(7552K) Class: 1151K(1280K)->1151K(1280K)
[33.884s][info][gc             ] GC(200) Pause Young (Normal) (G1 Evacuation Pause) 322M->11M(532M) 3.807ms
[33.885s][info][gc,cpu         ] GC(200) User=0.19s Sys=0.00s Real=0.02s
[34.062s][info][gc,start       ] GC(201) Pause Young (Normal) (G1 Evacuation Pause)
[34.062s][info][gc,task        ] GC(201) Using 12 workers of 33 for evacuation
[34.066s][info][gc,phases      ] GC(201)   Pre Evacuate Collection Set: 0.1ms
[34.066s][info][gc,phases      ] GC(201)   Merge Heap Roots: 0.1ms
[34.066s][info][gc,phases      ] GC(201)   Evacuate Collection Set: 2.8ms
[34.066s][info][gc,phases      ] GC(201)   Post Evacuate Collection Set: 0.4ms
[34.066s][info][gc,phases      ] GC(201)   Other: 0.2ms
[34.066s][info][gc,heap        ] GC(201) Eden regions: 311->0(310)
[34.066s][info][gc,heap        ] GC(201) Survivor regions: 8->9(40)
[34.066s][info][gc,heap        ] GC(201) Old regions: 12->12
[34.066s][info][gc,heap        ] GC(201) Archive regions: 0->0
[34.066s][info][gc,heap        ] GC(201) Humongous regions: 0->0
[34.066s][info][gc,metaspace   ] GC(201) Metaspace: 8601K(8832K)->8601K(8832K) NonClass: 7450K(7552K)->7450K(7552K) Class: 1151K(1280K)->1151K(1280K)
[34.066s][info][gc             ] GC(201) Pause Young (Normal) (G1 Evacuation Pause) 322M->11M(532M) 4.126ms
[34.066s][info][gc,cpu         ] GC(201) User=0.00s Sys=0.00s Real=0.00s
[34.255s][info][gc,start       ] GC(202) Pause Young (Normal) (G1 Evacuation Pause)
[34.255s][info][gc,task        ] GC(202) Using 12 workers of 33 for evacuation
[34.259s][info][gc,phases      ] GC(202)   Pre Evacuate Collection Set: 0.1ms
[34.260s][info][gc,phases      ] GC(202)   Merge Heap Roots: 0.1ms
[34.260s][info][gc,phases      ] GC(202)   Evacuate Collection Set: 3.2ms
[34.260s][info][gc,phases      ] GC(202)   Post Evacuate Collection Set: 0.4ms
[34.260s][info][gc,phases      ] GC(202)   Other: 0.2ms
[34.260s][info][gc,heap        ] GC(202) Eden regions: 310->0(309)
[34.260s][info][gc,heap        ] GC(202) Survivor regions: 9->10(40)
[34.260s][info][gc,heap        ] GC(202) Old regions: 12->12
[34.260s][info][gc,heap        ] GC(202) Archive regions: 0->0
[34.260s][info][gc,heap        ] GC(202) Humongous regions: 0->0
[34.260s][info][gc,metaspace   ] GC(202) Metaspace: 8601K(8832K)->8601K(8832K) NonClass: 7450K(7552K)->7450K(7552K) Class: 1151K(1280K)->1151K(1280K)
[34.260s][info][gc             ] GC(202) Pause Young (Normal) (G1 Evacuation Pause) 321M->13M(532M) 4.514ms
[34.260s][info][gc,cpu         ] GC(202) User=0.19s Sys=0.00s Real=0.00s
[34.418s][info][gc,start       ] GC(203) Pause Young (Normal) (G1 Evacuation Pause)
[34.418s][info][gc,task        ] GC(203) Using 12 workers of 33 for evacuation
[34.423s][info][gc,phases      ] GC(203)   Pre Evacuate Collection Set: 0.1ms
[34.423s][info][gc,phases      ] GC(203)   Merge Heap Roots: 0.1ms
[34.423s][info][gc,phases      ] GC(203)   Evacuate Collection Set: 3.4ms
[34.423s][info][gc,phases      ] GC(203)   Post Evacuate Collection Set: 0.4ms
[34.423s][info][gc,phases      ] GC(203)   Other: 0.1ms
[34.423s][info][gc,heap        ] GC(203) Eden regions: 309->0(308)
[34.423s][info][gc,heap        ] GC(203) Survivor regions: 10->11(40)
[34.423s][info][gc,heap        ] GC(203) Old regions: 12->12
[34.423s][info][gc,heap        ] GC(203) Archive regions: 0->0
[34.423s][info][gc,heap        ] GC(203) Humongous regions: 0->0
[34.423s][info][gc,metaspace   ] GC(203) Metaspace: 8601K(8832K)->8601K(8832K) NonClass: 7450K(7552K)->7450K(7552K) Class: 1151K(1280K)->1151K(1280K)
[34.423s][info][gc             ] GC(203) Pause Young (Normal) (G1 Evacuation Pause) 322M->14M(532M) 4.391ms
[34.423s][info][gc,cpu         ] GC(203) User=0.00s Sys=0.00s Real=0.00s
[34.585s][info][gc,start       ] GC(204) Pause Young (Normal) (G1 Evacuation Pause)
[34.585s][info][gc,task        ] GC(204) Using 12 workers of 33 for evacuation
[34.590s][info][gc,phases      ] GC(204)   Pre Evacuate Collection Set: 0.1ms
[34.590s][info][gc,phases      ] GC(204)   Merge Heap Roots: 0.2ms
[34.590s][info][gc,phases      ] GC(204)   Evacuate Collection Set: 3.7ms
[34.590s][info][gc,phases      ] GC(204)   Post Evacuate Collection Set: 0.4ms
[34.590s][info][gc,phases      ] GC(204)   Other: 0.2ms
[34.590s][info][gc,heap        ] GC(204) Eden regions: 308->0(307)
[34.590s][info][gc,heap        ] GC(204) Survivor regions: 11->12(40)
[34.590s][info][gc,heap        ] GC(204) Old regions: 12->12
[34.590s][info][gc,heap        ] GC(204) Archive regions: 0->0
[34.590s][info][gc,heap        ] GC(204) Humongous regions: 0->0
[34.590s][info][gc,metaspace   ] GC(204) Metaspace: 8601K(8832K)->8601K(8832K) NonClass: 7450K(7552K)->7450K(7552K) Class: 1151K(1280K)->1151K(1280K)
[34.590s][info][gc             ] GC(204) Pause Young (Normal) (G1 Evacuation Pause) 322M->15M(532M) 5.087ms
[34.590s][info][gc,cpu         ] GC(204) User=0.00s Sys=0.00s Real=0.00s
[34.755s][info][gc,start       ] GC(205) Pause Young (Normal) (G1 Evacuation Pause)
[34.755s][info][gc,task        ] GC(205) Using 12 workers of 33 for evacuation
[34.760s][info][gc,phases      ] GC(205)   Pre Evacuate Collection Set: 0.1ms
[34.760s][info][gc,phases      ] GC(205)   Merge Heap Roots: 0.1ms
[34.760s][info][gc,phases      ] GC(205)   Evacuate Collection Set: 4.1ms
[34.760s][info][gc,phases      ] GC(205)   Post Evacuate Collection Set: 0.5ms
[34.761s][info][gc,phases      ] GC(205)   Other: 0.2ms
[34.761s][info][gc,heap        ] GC(205) Eden regions: 307->0(306)
[34.761s][info][gc,heap        ] GC(205) Survivor regions: 12->13(40)
[34.761s][info][gc,heap        ] GC(205) Old regions: 12->13
[34.761s][info][gc,heap        ] GC(205) Archive regions: 0->0
[34.761s][info][gc,heap        ] GC(205) Humongous regions: 0->0
[34.761s][info][gc,metaspace   ] GC(205) Metaspace: 8601K(8832K)->8601K(8832K) NonClass: 7450K(7552K)->7450K(7552K) Class: 1151K(1280K)->1151K(1280K)
[34.761s][info][gc             ] GC(205) Pause Young (Normal) (G1 Evacuation Pause) 322M->16M(532M) 5.563ms
[34.761s][info][gc,cpu         ] GC(205) User=0.19s Sys=0.00s Real=0.01s
[34.943s][info][gc,start       ] GC(206) Pause Young (Normal) (G1 Evacuation Pause)
[34.944s][info][gc,task        ] GC(206) Using 12 workers of 33 for evacuation
[34.948s][info][gc,phases      ] GC(206)   Pre Evacuate Collection Set: 0.1ms
[34.949s][info][gc,phases      ] GC(206)   Merge Heap Roots: 0.1ms
[34.949s][info][gc,phases      ] GC(206)   Evacuate Collection Set: 4.1ms
[34.949s][info][gc,phases      ] GC(206)   Post Evacuate Collection Set: 0.4ms
[34.949s][info][gc,phases      ] GC(206)   Other: 0.2ms
[34.949s][info][gc,heap        ] GC(206) Eden regions: 306->0(305)
[34.949s][info][gc,heap        ] GC(206) Survivor regions: 13->14(40)
[34.949s][info][gc,heap        ] GC(206) Old regions: 13->13
[34.949s][info][gc,heap        ] GC(206) Archive regions: 0->0
[34.949s][info][gc,heap        ] GC(206) Humongous regions: 0->0
[34.949s][info][gc,metaspace   ] GC(206) Metaspace: 8601K(8832K)->8601K(8832K) NonClass: 7450K(7552K)->7450K(7552K) Class: 1151K(1280K)->1151K(1280K)
[34.949s][info][gc             ] GC(206) Pause Young (Normal) (G1 Evacuation Pause) 322M->17M(532M) 5.486ms
[34.949s][info][gc,cpu         ] GC(206) User=0.19s Sys=0.00s Real=0.00s
[35.156s][info][gc,start       ] GC(207) Pause Young (Normal) (G1 Evacuation Pause)
[35.156s][info][gc,task        ] GC(207) Using 12 workers of 33 for evacuation
[35.168s][info][gc,phases      ] GC(207)   Pre Evacuate Collection Set: 0.1ms
[35.168s][info][gc,phases      ] GC(207)   Merge Heap Roots: 0.2ms
[35.168s][info][gc,phases      ] GC(207)   Evacuate Collection Set: 11.0ms
[35.168s][info][gc,phases      ] GC(207)   Post Evacuate Collection Set: 0.5ms
[35.168s][info][gc,phases      ] GC(207)   Other: 0.2ms
[35.168s][info][gc,heap        ] GC(207) Eden regions: 305->0(294)
[35.168s][info][gc,heap        ] GC(207) Survivor regions: 14->25(40)
[35.168s][info][gc,heap        ] GC(207) Old regions: 13->13
[35.168s][info][gc,heap        ] GC(207) Archive regions: 0->0
[35.168s][info][gc,heap        ] GC(207) Humongous regions: 3->3
[35.168s][info][gc,metaspace   ] GC(207) Metaspace: 8601K(8832K)->8601K(8832K) NonClass: 7450K(7552K)->7450K(7552K) Class: 1151K(1280K)->1151K(1280K)
[35.169s][info][gc             ] GC(207) Pause Young (Normal) (G1 Evacuation Pause) 325M->31M(532M) 12.490ms
[35.169s][info][gc,cpu         ] GC(207) User=0.19s Sys=0.00s Real=0.01s
[35.326s][info][gc,start       ] GC(208) Pause Young (Normal) (G1 Evacuation Pause)
[35.326s][info][gc,task        ] GC(208) Using 12 workers of 33 for evacuation
[35.336s][info][gc,phases      ] GC(208)   Pre Evacuate Collection Set: 0.1ms
[35.336s][info][gc,phases      ] GC(208)   Merge Heap Roots: 0.1ms
[35.336s][info][gc,phases      ] GC(208)   Evacuate Collection Set: 8.2ms
[35.336s][info][gc,phases      ] GC(208)   Post Evacuate Collection Set: 0.4ms
[35.336s][info][gc,phases      ] GC(208)   Other: 0.2ms
[35.336s][info][gc,heap        ] GC(208) Eden regions: 294->0(297)
[35.336s][info][gc,heap        ] GC(208) Survivor regions: 25->22(40)
[35.336s][info][gc,heap        ] GC(208) Old regions: 13->17
[35.336s][info][gc,heap        ] GC(208) Archive regions: 0->0
[35.336s][info][gc,heap        ] GC(208) Humongous regions: 3->3
[35.336s][info][gc,metaspace   ] GC(208) Metaspace: 8601K(8832K)->8601K(8832K) NonClass: 7450K(7552K)->7450K(7552K) Class: 1151K(1280K)->1151K(1280K)
[35.336s][info][gc             ] GC(208) Pause Young (Normal) (G1 Evacuation Pause) 325M->32M(532M) 9.563ms
[35.336s][info][gc,cpu         ] GC(208) User=0.19s Sys=0.00s Real=0.01s
[35.490s][info][gc,start       ] GC(209) Pause Young (Normal) (G1 Evacuation Pause)
[35.490s][info][gc,task        ] GC(209) Using 12 workers of 33 for evacuation
[35.499s][info][gc,phases      ] GC(209)   Pre Evacuate Collection Set: 0.1ms
[35.499s][info][gc,phases      ] GC(209)   Merge Heap Roots: 0.1ms
[35.499s][info][gc,phases      ] GC(209)   Evacuate Collection Set: 7.9ms
[35.499s][info][gc,phases      ] GC(209)   Post Evacuate Collection Set: 0.4ms
[35.499s][info][gc,phases      ] GC(209)   Other: 0.2ms
[35.499s][info][gc,heap        ] GC(209) Eden regions: 297->0(296)
[35.499s][info][gc,heap        ] GC(209) Survivor regions: 22->23(40)
[35.499s][info][gc,heap        ] GC(209) Old regions: 17->17
[35.499s][info][gc,heap        ] GC(209) Archive regions: 0->0
[35.499s][info][gc,heap        ] GC(209) Humongous regions: 3->3
[35.499s][info][gc,metaspace   ] GC(209) Metaspace: 8601K(8832K)->8601K(8832K) NonClass: 7450K(7552K)->7450K(7552K) Class: 1151K(1280K)->1151K(1280K)
[35.499s][info][gc             ] GC(209) Pause Young (Normal) (G1 Evacuation Pause) 329M->33M(532M) 9.270ms
[35.499s][info][gc,cpu         ] GC(209) User=0.00s Sys=0.02s Real=0.01s
[35.658s][info][gc,start       ] GC(210) Pause Young (Normal) (G1 Evacuation Pause)
[35.658s][info][gc,task        ] GC(210) Using 12 workers of 33 for evacuation
[35.667s][info][gc,phases      ] GC(210)   Pre Evacuate Collection Set: 0.1ms
[35.667s][info][gc,phases      ] GC(210)   Merge Heap Roots: 0.1ms
[35.667s][info][gc,phases      ] GC(210)   Evacuate Collection Set: 7.6ms
[35.667s][info][gc,phases      ] GC(210)   Post Evacuate Collection Set: 0.4ms
[35.667s][info][gc,phases      ] GC(210)   Other: 0.2ms
[35.667s][info][gc,heap        ] GC(210) Eden regions: 296->0(300)
[35.667s][info][gc,heap        ] GC(210) Survivor regions: 23->19(40)
[35.667s][info][gc,heap        ] GC(210) Old regions: 17->21
[35.667s][info][gc,heap        ] GC(210) Archive regions: 0->0
[35.667s][info][gc,heap        ] GC(210) Humongous regions: 3->3
[35.667s][info][gc,metaspace   ] GC(210) Metaspace: 8601K(8832K)->8601K(8832K) NonClass: 7450K(7552K)->7450K(7552K) Class: 1151K(1280K)->1151K(1280K)
[35.667s][info][gc             ] GC(210) Pause Young (Normal) (G1 Evacuation Pause) 329M->33M(532M) 8.925ms
[35.667s][info][gc,cpu         ] GC(210) User=0.19s Sys=0.00s Real=0.01s
[35.834s][info][gc,start       ] GC(211) Pause Young (Normal) (G1 Evacuation Pause)
[35.835s][info][gc,task        ] GC(211) Using 12 workers of 33 for evacuation
[35.843s][info][gc,phases      ] GC(211)   Pre Evacuate Collection Set: 0.1ms
[35.843s][info][gc,phases      ] GC(211)   Merge Heap Roots: 0.3ms
[35.843s][info][gc,phases      ] GC(211)   Evacuate Collection Set: 7.6ms
[35.843s][info][gc,phases      ] GC(211)   Post Evacuate Collection Set: 0.4ms
[35.843s][info][gc,phases      ] GC(211)   Other: 0.2ms
[35.843s][info][gc,heap        ] GC(211) Eden regions: 300->0(299)
[35.843s][info][gc,heap        ] GC(211) Survivor regions: 19->20(40)
[35.844s][info][gc,heap        ] GC(211) Old regions: 21->21
[35.844s][info][gc,heap        ] GC(211) Archive regions: 0->0
[35.844s][info][gc,heap        ] GC(211) Humongous regions: 3->3
[35.844s][info][gc,metaspace   ] GC(211) Metaspace: 8601K(8832K)->8601K(8832K) NonClass: 7450K(7552K)->7450K(7552K) Class: 1151K(1280K)->1151K(1280K)
[35.844s][info][gc             ] GC(211) Pause Young (Normal) (G1 Evacuation Pause) 333M->34M(532M) 9.182ms
[35.844s][info][gc,cpu         ] GC(211) User=0.02s Sys=0.00s Real=0.01s
[36.011s][info][gc,start       ] GC(212) Pause Young (Normal) (G1 Evacuation Pause)
[36.012s][info][gc,task        ] GC(212) Using 12 workers of 33 for evacuation
[36.020s][info][gc,phases      ] GC(212)   Pre Evacuate Collection Set: 0.1ms
[36.020s][info][gc,phases      ] GC(212)   Merge Heap Roots: 0.2ms
[36.020s][info][gc,phases      ] GC(212)   Evacuate Collection Set: 7.1ms
[36.020s][info][gc,phases      ] GC(212)   Post Evacuate Collection Set: 0.4ms
[36.020s][info][gc,phases      ] GC(212)   Other: 0.2ms
[36.020s][info][gc,heap        ] GC(212) Eden regions: 299->0(298)
[36.020s][info][gc,heap        ] GC(212) Survivor regions: 20->21(40)
[36.020s][info][gc,heap        ] GC(212) Old regions: 21->21
[36.020s][info][gc,heap        ] GC(212) Archive regions: 0->0
[36.020s][info][gc,heap        ] GC(212) Humongous regions: 3->3
[36.020s][info][gc,metaspace   ] GC(212) Metaspace: 8601K(8832K)->8601K(8832K) NonClass: 7450K(7552K)->7450K(7552K) Class: 1151K(1280K)->1151K(1280K)
[36.020s][info][gc             ] GC(212) Pause Young (Normal) (G1 Evacuation Pause) 333M->35M(532M) 8.449ms
[36.020s][info][gc,cpu         ] GC(212) User=0.00s Sys=0.00s Real=0.01s
[36.195s][info][gc,start       ] GC(213) Pause Young (Normal) (G1 Evacuation Pause)
[36.196s][info][gc,task        ] GC(213) Using 12 workers of 33 for evacuation
[36.204s][info][gc,phases      ] GC(213)   Pre Evacuate Collection Set: 0.1ms
[36.204s][info][gc,phases      ] GC(213)   Merge Heap Roots: 0.2ms
[36.204s][info][gc,phases      ] GC(213)   Evacuate Collection Set: 7.6ms
[36.204s][info][gc,phases      ] GC(213)   Post Evacuate Collection Set: 0.4ms
[36.204s][info][gc,phases      ] GC(213)   Other: 0.2ms
[36.204s][info][gc,heap        ] GC(213) Eden regions: 298->0(297)
[36.204s][info][gc,heap        ] GC(213) Survivor regions: 21->22(40)
[36.204s][info][gc,heap        ] GC(213) Old regions: 21->21
[36.204s][info][gc,heap        ] GC(213) Archive regions: 0->0
[36.204s][info][gc,heap        ] GC(213) Humongous regions: 3->3
[36.204s][info][gc,metaspace   ] GC(213) Metaspace: 8601K(8832K)->8601K(8832K) NonClass: 7450K(7552K)->7450K(7552K) Class: 1151K(1280K)->1151K(1280K)
[36.204s][info][gc             ] GC(213) Pause Young (Normal) (G1 Evacuation Pause) 333M->36M(532M) 9.000ms
[36.204s][info][gc,cpu         ] GC(213) User=0.00s Sys=0.00s Real=0.01s
[36.360s][info][gc,start       ] GC(214) Pause Young (Normal) (G1 Evacuation Pause)
[36.360s][info][gc,task        ] GC(214) Using 12 workers of 33 for evacuation
[36.369s][info][gc,phases      ] GC(214)   Pre Evacuate Collection Set: 0.1ms
[36.369s][info][gc,phases      ] GC(214)   Merge Heap Roots: 0.2ms
[36.369s][info][gc,phases      ] GC(214)   Evacuate Collection Set: 7.4ms
[36.369s][info][gc,phases      ] GC(214)   Post Evacuate Collection Set: 0.4ms
[36.369s][info][gc,phases      ] GC(214)   Other: 0.2ms
[36.369s][info][gc,heap        ] GC(214) Eden regions: 297->0(296)
[36.369s][info][gc,heap        ] GC(214) Survivor regions: 22->23(40)
[36.369s][info][gc,heap        ] GC(214) Old regions: 21->21
[36.369s][info][gc,heap        ] GC(214) Archive regions: 0->0
[36.369s][info][gc,heap        ] GC(214) Humongous regions: 3->3
[36.369s][info][gc,metaspace   ] GC(214) Metaspace: 8601K(8832K)->8601K(8832K) NonClass: 7450K(7552K)->7450K(7552K) Class: 1151K(1280K)->1151K(1280K)
[36.369s][info][gc             ] GC(214) Pause Young (Normal) (G1 Evacuation Pause) 333M->37M(532M) 8.792ms
[36.369s][info][gc,cpu         ] GC(214) User=0.19s Sys=0.00s Real=0.01s
[36.530s][info][gc,start       ] GC(215) Pause Young (Normal) (G1 Evacuation Pause)
[36.530s][info][gc,task        ] GC(215) Using 12 workers of 33 for evacuation
[36.539s][info][gc,phases      ] GC(215)   Pre Evacuate Collection Set: 0.1ms
[36.539s][info][gc,phases      ] GC(215)   Merge Heap Roots: 0.2ms
[36.540s][info][gc,phases      ] GC(215)   Evacuate Collection Set: 8.8ms
[36.540s][info][gc,phases      ] GC(215)   Post Evacuate Collection Set: 0.4ms
[36.540s][info][gc,phases      ] GC(215)   Other: 0.2ms
[36.540s][info][gc,heap        ] GC(215) Eden regions: 296->0(309)
[36.540s][info][gc,heap        ] GC(215) Survivor regions: 23->10(40)
[36.540s][info][gc,heap        ] GC(215) Old regions: 21->36
[36.540s][info][gc,heap        ] GC(215) Archive regions: 0->0
[36.540s][info][gc,heap        ] GC(215) Humongous regions: 3->3
[36.540s][info][gc,metaspace   ] GC(215) Metaspace: 8601K(8832K)->8601K(8832K) NonClass: 7450K(7552K)->7450K(7552K) Class: 1151K(1280K)->1151K(1280K)
[36.540s][info][gc             ] GC(215) Pause Young (Normal) (G1 Evacuation Pause) 333M->39M(532M) 10.162ms
[36.540s][info][gc,cpu         ] GC(215) User=0.19s Sys=0.00s Real=0.01s
[37.051s][info][gc,start       ] GC(216) Pause Full (System.gc())
[37.051s][info][gc,task        ] GC(216) Using 12 workers of 33 for full compaction
[37.051s][info][gc,phases,start] GC(216) Phase 1: Mark live objects
[37.055s][info][gc,phases      ] GC(216) Phase 1: Mark live objects 3.225ms
[37.055s][info][gc,phases,start] GC(216) Phase 2: Prepare compaction
[37.055s][info][gc,phases      ] GC(216) Phase 2: Prepare compaction 0.870ms
[37.056s][info][gc,phases,start] GC(216) Phase 3: Adjust pointers
[37.058s][info][gc,phases      ] GC(216) Phase 3: Adjust pointers 2.635ms
[37.058s][info][gc,phases,start] GC(216) Phase 4: Compact heap
[37.059s][info][gc,phases      ] GC(216) Phase 4: Compact heap 0.620ms
[37.062s][info][gc,heap        ] GC(216) Eden regions: 250->0(24)
[37.062s][info][gc,heap        ] GC(216) Survivor regions: 10->0(40)
[37.062s][info][gc,heap        ] GC(216) Old regions: 36->12
[37.063s][info][gc,heap        ] GC(216) Archive regions: 0->0
[37.063s][info][gc,heap        ] GC(216) Humongous regions: 22->0
[37.063s][info][gc,metaspace   ] GC(216) Metaspace: 8604K(8832K)->8604K(8832K) NonClass: 7453K(7552K)->7453K(7552K) Class: 1151K(1280K)->1151K(1280K)
[37.063s][info][gc             ] GC(216) Pause Full (System.gc()) 308M->3M(40M) 12.042ms
[37.063s][info][gc,cpu         ] GC(216) User=0.00s Sys=0.00s Real=0.00s
[37.088s][info][gc,start       ] GC(217) Pause Young (Normal) (G1 Evacuation Pause)
[37.088s][info][gc,task        ] GC(217) Using 7 workers of 33 for evacuation
[37.089s][info][gc,phases      ] GC(217)   Pre Evacuate Collection Set: 0.1ms
[37.089s][info][gc,phases      ] GC(217)   Merge Heap Roots: 0.1ms
[37.089s][info][gc,phases      ] GC(217)   Evacuate Collection Set: 0.3ms
[37.089s][info][gc,phases      ] GC(217)   Post Evacuate Collection Set: 0.2ms
[37.089s][info][gc,phases      ] GC(217)   Other: 0.1ms
[37.089s][info][gc,heap        ] GC(217) Eden regions: 24->0(22)
[37.089s][info][gc,heap        ] GC(217) Survivor regions: 0->2(3)
[37.089s][info][gc,heap        ] GC(217) Old regions: 12->12
[37.089s][info][gc,heap        ] GC(217) Archive regions: 0->0
[37.089s][info][gc,heap        ] GC(217) Humongous regions: 0->0
[37.089s][info][gc,metaspace   ] GC(217) Metaspace: 8607K(8832K)->8607K(8832K) NonClass: 7455K(7552K)->7455K(7552K) Class: 1151K(1280K)->1151K(1280K)
[37.089s][info][gc             ] GC(217) Pause Young (Normal) (G1 Evacuation Pause) 27M->5M(40M) 1.144ms
[37.089s][info][gc,cpu         ] GC(217) User=0.00s Sys=0.00s Real=0.00s
[37.101s][info][gc,start       ] GC(218) Pause Young (Normal) (G1 Evacuation Pause)
[37.102s][info][gc,task        ] GC(218) Using 4 workers of 33 for evacuation
[37.102s][info][gc,phases      ] GC(218)   Pre Evacuate Collection Set: 0.0ms
[37.102s][info][gc,phases      ] GC(218)   Merge Heap Roots: 0.0ms
[37.102s][info][gc,phases      ] GC(218)   Evacuate Collection Set: 0.3ms
[37.102s][info][gc,phases      ] GC(218)   Post Evacuate Collection Set: 0.2ms
[37.102s][info][gc,phases      ] GC(218)   Other: 0.1ms
[37.102s][info][gc,heap        ] GC(218) Eden regions: 22->0(23)
[37.102s][info][gc,heap        ] GC(218) Survivor regions: 2->1(3)
[37.102s][info][gc,heap        ] GC(218) Old regions: 12->12
[37.102s][info][gc,heap        ] GC(218) Archive regions: 0->0
[37.103s][info][gc,heap        ] GC(218) Humongous regions: 0->0
[37.103s][info][gc,metaspace   ] GC(218) Metaspace: 8607K(8832K)->8607K(8832K) NonClass: 7455K(7552K)->7455K(7552K) Class: 1151K(1280K)->1151K(1280K)
[37.103s][info][gc             ] GC(218) Pause Young (Normal) (G1 Evacuation Pause) 27M->3M(40M) 1.097ms
[37.103s][info][gc,cpu         ] GC(218) User=0.00s Sys=0.00s Real=0.00s
[37.114s][info][gc,start       ] GC(219) Pause Young (Normal) (G1 Evacuation Pause)
[37.114s][info][gc,task        ] GC(219) Using 3 workers of 33 for evacuation
[37.115s][info][gc,phases      ] GC(219)   Pre Evacuate Collection Set: 0.1ms
[37.115s][info][gc,phases      ] GC(219)   Merge Heap Roots: 0.0ms
[37.115s][info][gc,phases      ] GC(219)   Evacuate Collection Set: 0.6ms
[37.115s][info][gc,phases      ] GC(219)   Post Evacuate Collection Set: 0.2ms
[37.115s][info][gc,phases      ] GC(219)   Other: 0.1ms
[37.115s][info][gc,heap        ] GC(219) Eden regions: 23->0(23)
[37.116s][info][gc,heap        ] GC(219) Survivor regions: 1->1(3)
[37.116s][info][gc,heap        ] GC(219) Old regions: 12->12
[37.116s][info][gc,heap        ] GC(219) Archive regions: 0->0
[37.116s][info][gc,heap        ] GC(219) Humongous regions: 0->0
[37.116s][info][gc,metaspace   ] GC(219) Metaspace: 8607K(8832K)->8607K(8832K) NonClass: 7455K(7552K)->7455K(7552K) Class: 1151K(1280K)->1151K(1280K)
[37.116s][info][gc             ] GC(219) Pause Young (Normal) (G1 Evacuation Pause) 26M->3M(40M) 1.400ms
[37.116s][info][gc,cpu         ] GC(219) User=0.00s Sys=0.00s Real=0.00s
[37.127s][info][gc,start       ] GC(220) Pause Young (Normal) (G1 Evacuation Pause)
[37.127s][info][gc,task        ] GC(220) Using 2 workers of 33 for evacuation
[37.131s][info][gc,phases      ] GC(220)   Pre Evacuate Collection Set: 0.0ms
[37.131s][info][gc,phases      ] GC(220)   Merge Heap Roots: 0.0ms
[37.131s][info][gc,phases      ] GC(220)   Evacuate Collection Set: 0.9ms
[37.131s][info][gc,phases      ] GC(220)   Post Evacuate Collection Set: 2.3ms
[37.131s][info][gc,phases      ] GC(220)   Other: 0.1ms
[37.131s][info][gc,heap        ] GC(220) Eden regions: 23->0(318)
[37.131s][info][gc,heap        ] GC(220) Survivor regions: 1->1(3)
[37.131s][info][gc,heap        ] GC(220) Old regions: 12->12
[37.131s][info][gc,heap        ] GC(220) Archive regions: 0->0
[37.131s][info][gc,heap        ] GC(220) Humongous regions: 0->0
[37.131s][info][gc,metaspace   ] GC(220) Metaspace: 8607K(8832K)->8607K(8832K) NonClass: 7455K(7552K)->7455K(7552K) Class: 1151K(1280K)->1151K(1280K)
[37.131s][info][gc             ] GC(220) Pause Young (Normal) (G1 Evacuation Pause) 26M->3M(532M) 4.071ms
[37.131s][info][gc,cpu         ] GC(220) User=0.03s Sys=0.00s Real=0.02s
[37.292s][info][gc,start       ] GC(221) Pause Young (Normal) (G1 Evacuation Pause)
[37.293s][info][gc,task        ] GC(221) Using 12 workers of 33 for evacuation
[37.294s][info][gc,phases      ] GC(221)   Pre Evacuate Collection Set: 0.1ms
[37.294s][info][gc,phases      ] GC(221)   Merge Heap Roots: 0.1ms
[37.294s][info][gc,phases      ] GC(221)   Evacuate Collection Set: 0.7ms
[37.294s][info][gc,phases      ] GC(221)   Post Evacuate Collection Set: 0.4ms
[37.294s][info][gc,phases      ] GC(221)   Other: 0.1ms
[37.294s][info][gc,heap        ] GC(221) Eden regions: 318->0(317)
[37.294s][info][gc,heap        ] GC(221) Survivor regions: 1->2(40)
[37.294s][info][gc,heap        ] GC(221) Old regions: 12->12
[37.294s][info][gc,heap        ] GC(221) Archive regions: 0->0
[37.294s][info][gc,heap        ] GC(221) Humongous regions: 0->0
[37.294s][info][gc,metaspace   ] GC(221) Metaspace: 8607K(8832K)->8607K(8832K) NonClass: 7455K(7552K)->7455K(7552K) Class: 1151K(1280K)->1151K(1280K)
[37.294s][info][gc             ] GC(221) Pause Young (Normal) (G1 Evacuation Pause) 321M->4M(532M) 1.908ms
[37.294s][info][gc,cpu         ] GC(221) User=0.00s Sys=0.00s Real=0.00s
[37.462s][info][gc,start       ] GC(222) Pause Young (Normal) (G1 Evacuation Pause)
[37.462s][info][gc,task        ] GC(222) Using 12 workers of 33 for evacuation
[37.464s][info][gc,phases      ] GC(222)   Pre Evacuate Collection Set: 0.1ms
[37.464s][info][gc,phases      ] GC(222)   Merge Heap Roots: 0.1ms
[37.464s][info][gc,phases      ] GC(222)   Evacuate Collection Set: 1.1ms
[37.464s][info][gc,phases      ] GC(222)   Post Evacuate Collection Set: 0.4ms
[37.464s][info][gc,phases      ] GC(222)   Other: 0.1ms
[37.464s][info][gc,heap        ] GC(222) Eden regions: 317->0(316)
[37.464s][info][gc,heap        ] GC(222) Survivor regions: 2->3(40)
[37.464s][info][gc,heap        ] GC(222) Old regions: 12->12
[37.464s][info][gc,heap        ] GC(222) Archive regions: 0->0
[37.464s][info][gc,heap        ] GC(222) Humongous regions: 0->0
[37.464s][info][gc,metaspace   ] GC(222) Metaspace: 8607K(8832K)->8607K(8832K) NonClass: 7455K(7552K)->7455K(7552K) Class: 1151K(1280K)->1151K(1280K)
[37.464s][info][gc             ] GC(222) Pause Young (Normal) (G1 Evacuation Pause) 321M->5M(532M) 2.262ms
[37.464s][info][gc,cpu         ] GC(222) User=0.00s Sys=0.00s Real=0.00s
[37.635s][info][gc,start       ] GC(223) Pause Young (Normal) (G1 Evacuation Pause)
[37.635s][info][gc,task        ] GC(223) Using 12 workers of 33 for evacuation
[37.637s][info][gc,phases      ] GC(223)   Pre Evacuate Collection Set: 0.1ms
[37.637s][info][gc,phases      ] GC(223)   Merge Heap Roots: 0.1ms
[37.637s][info][gc,phases      ] GC(223)   Evacuate Collection Set: 1.4ms
[37.637s][info][gc,phases      ] GC(223)   Post Evacuate Collection Set: 0.4ms
[37.637s][info][gc,phases      ] GC(223)   Other: 0.1ms
[37.637s][info][gc,heap        ] GC(223) Eden regions: 316->0(315)
[37.637s][info][gc,heap        ] GC(223) Survivor regions: 3->4(40)
[37.637s][info][gc,heap        ] GC(223) Old regions: 12->12
[37.637s][info][gc,heap        ] GC(223) Archive regions: 0->0
[37.637s][info][gc,heap        ] GC(223) Humongous regions: 0->0
[37.637s][info][gc,metaspace   ] GC(223) Metaspace: 8607K(8832K)->8607K(8832K) NonClass: 7455K(7552K)->7455K(7552K) Class: 1151K(1280K)->1151K(1280K)
[37.637s][info][gc             ] GC(223) Pause Young (Normal) (G1 Evacuation Pause) 321M->6M(532M) 2.673ms
[37.638s][info][gc,cpu         ] GC(223) User=0.00s Sys=0.00s Real=0.00s
[37.801s][info][gc,start       ] GC(224) Pause Young (Normal) (G1 Evacuation Pause)
[37.801s][info][gc,task        ] GC(224) Using 12 workers of 33 for evacuation
[37.804s][info][gc,phases      ] GC(224)   Pre Evacuate Collection Set: 0.1ms
[37.804s][info][gc,phases      ] GC(224)   Merge Heap Roots: 0.1ms
[37.804s][info][gc,phases      ] GC(224)   Evacuate Collection Set: 2.0ms
[37.804s][info][gc,phases      ] GC(224)   Post Evacuate Collection Set: 0.4ms
[37.804s][info][gc,phases      ] GC(224)   Other: 0.1ms
[37.804s][info][gc,heap        ] GC(224) Eden regions: 315->0(314)
[37.804s][info][gc,heap        ] GC(224) Survivor regions: 4->5(40)
[37.804s][info][gc,heap        ] GC(224) Old regions: 12->12
[37.804s][info][gc,heap        ] GC(224) Archive regions: 0->0
[37.804s][info][gc,heap        ] GC(224) Humongous regions: 0->0
[37.804s][info][gc,metaspace   ] GC(224) Metaspace: 8607K(8832K)->8607K(8832K) NonClass: 7455K(7552K)->7455K(7552K) Class: 1151K(1280K)->1151K(1280K)
[37.804s][info][gc             ] GC(224) Pause Young (Normal) (G1 Evacuation Pause) 321M->8M(532M) 3.223ms
[37.804s][info][gc,cpu         ] GC(224) User=0.00s Sys=0.00s Real=0.00s
[37.981s][info][gc,start       ] GC(225) Pause Young (Normal) (G1 Evacuation Pause)
[37.982s][info][gc,task        ] GC(225) Using 12 workers of 33 for evacuation
[37.985s][info][gc,phases      ] GC(225)   Pre Evacuate Collection Set: 0.1ms
[37.985s][info][gc,phases      ] GC(225)   Merge Heap Roots: 0.1ms
[37.985s][info][gc,phases      ] GC(225)   Evacuate Collection Set: 2.7ms
[37.985s][info][gc,phases      ] GC(225)   Post Evacuate Collection Set: 0.4ms
[37.985s][info][gc,phases      ] GC(225)   Other: 0.1ms
[37.985s][info][gc,heap        ] GC(225) Eden regions: 314->0(313)
[37.985s][info][gc,heap        ] GC(225) Survivor regions: 5->6(40)
[37.985s][info][gc,heap        ] GC(225) Old regions: 12->12
[37.985s][info][gc,heap        ] GC(225) Archive regions: 0->0
[37.985s][info][gc,heap        ] GC(225) Humongous regions: 0->0
[37.985s][info][gc,metaspace   ] GC(225) Metaspace: 8607K(8832K)->8607K(8832K) NonClass: 7455K(7552K)->7455K(7552K) Class: 1151K(1280K)->1151K(1280K)
[37.985s][info][gc             ] GC(225) Pause Young (Normal) (G1 Evacuation Pause) 322M->9M(532M) 3.956ms
[37.985s][info][gc,cpu         ] GC(225) User=0.00s Sys=0.00s Real=0.00s
[38.151s][info][gc,start       ] GC(226) Pause Young (Normal) (G1 Evacuation Pause)
[38.151s][info][gc,task        ] GC(226) Using 12 workers of 33 for evacuation
[38.154s][info][gc,phases      ] GC(226)   Pre Evacuate Collection Set: 0.1ms
[38.154s][info][gc,phases      ] GC(226)   Merge Heap Roots: 0.1ms
[38.154s][info][gc,phases      ] GC(226)   Evacuate Collection Set: 2.2ms
[38.154s][info][gc,phases      ] GC(226)   Post Evacuate Collection Set: 0.4ms
[38.154s][info][gc,phases      ] GC(226)   Other: 0.1ms
[38.154s][info][gc,heap        ] GC(226) Eden regions: 313->0(312)
[38.154s][info][gc,heap        ] GC(226) Survivor regions: 6->7(40)
[38.154s][info][gc,heap        ] GC(226) Old regions: 12->12
[38.154s][info][gc,heap        ] GC(226) Archive regions: 0->0
[38.154s][info][gc,heap        ] GC(226) Humongous regions: 0->0
[38.154s][info][gc,metaspace   ] GC(226) Metaspace: 8607K(8832K)->8607K(8832K) NonClass: 7455K(7552K)->7455K(7552K) Class: 1151K(1280K)->1151K(1280K)
[38.155s][info][gc             ] GC(226) Pause Young (Normal) (G1 Evacuation Pause) 322M->10M(532M) 3.529ms
[38.155s][info][gc,cpu         ] GC(226) User=0.00s Sys=0.00s Real=0.00s
[38.332s][info][gc,start       ] GC(227) Pause Young (Normal) (G1 Evacuation Pause)
[38.333s][info][gc,task        ] GC(227) Using 12 workers of 33 for evacuation
[38.336s][info][gc,phases      ] GC(227)   Pre Evacuate Collection Set: 0.1ms
[38.336s][info][gc,phases      ] GC(227)   Merge Heap Roots: 0.1ms
[38.336s][info][gc,phases      ] GC(227)   Evacuate Collection Set: 2.6ms
[38.336s][info][gc,phases      ] GC(227)   Post Evacuate Collection Set: 0.4ms
[38.336s][info][gc,phases      ] GC(227)   Other: 0.1ms
[38.336s][info][gc,heap        ] GC(227) Eden regions: 312->0(311)
[38.336s][info][gc,heap        ] GC(227) Survivor regions: 7->8(40)
[38.336s][info][gc,heap        ] GC(227) Old regions: 12->12
[38.336s][info][gc,heap        ] GC(227) Archive regions: 0->0
[38.336s][info][gc,heap        ] GC(227) Humongous regions: 0->0
[38.336s][info][gc,metaspace   ] GC(227) Metaspace: 8607K(8832K)->8607K(8832K) NonClass: 7455K(7552K)->7455K(7552K) Class: 1151K(1280K)->1151K(1280K)
[38.336s][info][gc             ] GC(227) Pause Young (Normal) (G1 Evacuation Pause) 322M->11M(532M) 3.934ms
[38.336s][info][gc,cpu         ] GC(227) User=0.19s Sys=0.00s Real=0.00s
[38.520s][info][gc,start       ] GC(228) Pause Young (Normal) (G1 Evacuation Pause)
[38.521s][info][gc,task        ] GC(228) Using 12 workers of 33 for evacuation
[38.524s][info][gc,phases      ] GC(228)   Pre Evacuate Collection Set: 0.1ms
[38.524s][info][gc,phases      ] GC(228)   Merge Heap Roots: 0.1ms
[38.524s][info][gc,phases      ] GC(228)   Evacuate Collection Set: 2.7ms
[38.524s][info][gc,phases      ] GC(228)   Post Evacuate Collection Set: 0.4ms
[38.524s][info][gc,phases      ] GC(228)   Other: 0.2ms
[38.524s][info][gc,heap        ] GC(228) Eden regions: 311->0(310)
[38.524s][info][gc,heap        ] GC(228) Survivor regions: 8->9(40)
[38.524s][info][gc,heap        ] GC(228) Old regions: 12->12
[38.524s][info][gc,heap        ] GC(228) Archive regions: 0->0
[38.524s][info][gc,heap        ] GC(228) Humongous regions: 0->0
[38.524s][info][gc,metaspace   ] GC(228) Metaspace: 8607K(8832K)->8607K(8832K) NonClass: 7455K(7552K)->7455K(7552K) Class: 1151K(1280K)->1151K(1280K)
[38.524s][info][gc             ] GC(228) Pause Young (Normal) (G1 Evacuation Pause) 322M->11M(532M) 4.028ms
[38.524s][info][gc,cpu         ] GC(228) User=0.19s Sys=0.00s Real=0.00s
[38.700s][info][gc,start       ] GC(229) Pause Young (Normal) (G1 Evacuation Pause)
[38.700s][info][gc,task        ] GC(229) Using 12 workers of 33 for evacuation
[38.704s][info][gc,phases      ] GC(229)   Pre Evacuate Collection Set: 0.1ms
[38.704s][info][gc,phases      ] GC(229)   Merge Heap Roots: 0.1ms
[38.704s][info][gc,phases      ] GC(229)   Evacuate Collection Set: 3.3ms
[38.704s][info][gc,phases      ] GC(229)   Post Evacuate Collection Set: 0.4ms
[38.704s][info][gc,phases      ] GC(229)   Other: 0.2ms
[38.704s][info][gc,heap        ] GC(229) Eden regions: 310->0(309)
[38.704s][info][gc,heap        ] GC(229) Survivor regions: 9->10(40)
[38.704s][info][gc,heap        ] GC(229) Old regions: 12->12
[38.704s][info][gc,heap        ] GC(229) Archive regions: 0->0
[38.704s][info][gc,heap        ] GC(229) Humongous regions: 0->0
[38.704s][info][gc,metaspace   ] GC(229) Metaspace: 8607K(8832K)->8607K(8832K) NonClass: 7455K(7552K)->7455K(7552K) Class: 1151K(1280K)->1151K(1280K)
[38.704s][info][gc             ] GC(229) Pause Young (Normal) (G1 Evacuation Pause) 321M->13M(532M) 4.623ms
[38.704s][info][gc,cpu         ] GC(229) User=0.00s Sys=0.00s Real=0.01s
[38.878s][info][gc,start       ] GC(230) Pause Young (Normal) (G1 Evacuation Pause)
[38.878s][info][gc,task        ] GC(230) Using 12 workers of 33 for evacuation
[38.882s][info][gc,phases      ] GC(230)   Pre Evacuate Collection Set: 0.1ms
[38.882s][info][gc,phases      ] GC(230)   Merge Heap Roots: 0.1ms
[38.882s][info][gc,phases      ] GC(230)   Evacuate Collection Set: 3.4ms
[38.882s][info][gc,phases      ] GC(230)   Post Evacuate Collection Set: 0.5ms
[38.882s][info][gc,phases      ] GC(230)   Other: 0.2ms
[38.882s][info][gc,heap        ] GC(230) Eden regions: 309->0(308)
[38.882s][info][gc,heap        ] GC(230) Survivor regions: 10->11(40)
[38.882s][info][gc,heap        ] GC(230) Old regions: 12->12
[38.882s][info][gc,heap        ] GC(230) Archive regions: 0->0
[38.882s][info][gc,heap        ] GC(230) Humongous regions: 0->0
[38.882s][info][gc,metaspace   ] GC(230) Metaspace: 8607K(8832K)->8607K(8832K) NonClass: 7455K(7552K)->7455K(7552K) Class: 1151K(1280K)->1151K(1280K)
[38.882s][info][gc             ] GC(230) Pause Young (Normal) (G1 Evacuation Pause) 322M->14M(532M) 4.754ms
[38.882s][info][gc,cpu         ] GC(230) User=0.00s Sys=0.02s Real=0.00s
[39.060s][info][gc,start       ] GC(231) Pause Young (Normal) (G1 Evacuation Pause)
[39.060s][info][gc,task        ] GC(231) Using 12 workers of 33 for evacuation
[39.065s][info][gc,phases      ] GC(231)   Pre Evacuate Collection Set: 0.1ms
[39.065s][info][gc,phases      ] GC(231)   Merge Heap Roots: 0.1ms
[39.065s][info][gc,phases      ] GC(231)   Evacuate Collection Set: 3.7ms
[39.065s][info][gc,phases      ] GC(231)   Post Evacuate Collection Set: 0.4ms
[39.065s][info][gc,phases      ] GC(231)   Other: 0.1ms
[39.065s][info][gc,heap        ] GC(231) Eden regions: 308->0(307)
[39.065s][info][gc,heap        ] GC(231) Survivor regions: 11->12(40)
[39.065s][info][gc,heap        ] GC(231) Old regions: 12->12
[39.065s][info][gc,heap        ] GC(231) Archive regions: 0->0
[39.065s][info][gc,heap        ] GC(231) Humongous regions: 0->0
[39.065s][info][gc,metaspace   ] GC(231) Metaspace: 8607K(8832K)->8607K(8832K) NonClass: 7455K(7552K)->7455K(7552K) Class: 1151K(1280K)->1151K(1280K)
[39.065s][info][gc             ] GC(231) Pause Young (Normal) (G1 Evacuation Pause) 322M->14M(532M) 4.944ms
[39.065s][info][gc,cpu         ] GC(231) User=0.00s Sys=0.00s Real=0.01s
[39.245s][info][gc,start       ] GC(232) Pause Young (Normal) (G1 Evacuation Pause)
[39.245s][info][gc,task        ] GC(232) Using 12 workers of 33 for evacuation
[39.249s][info][gc,phases      ] GC(232)   Pre Evacuate Collection Set: 0.1ms
[39.249s][info][gc,phases      ] GC(232)   Merge Heap Roots: 0.1ms
[39.249s][info][gc,phases      ] GC(232)   Evacuate Collection Set: 3.5ms
[39.250s][info][gc,phases      ] GC(232)   Post Evacuate Collection Set: 0.4ms
[39.250s][info][gc,phases      ] GC(232)   Other: 0.1ms
[39.250s][info][gc,heap        ] GC(232) Eden regions: 307->0(306)
[39.250s][info][gc,heap        ] GC(232) Survivor regions: 12->13(40)
[39.250s][info][gc,heap        ] GC(232) Old regions: 12->13
[39.250s][info][gc,heap        ] GC(232) Archive regions: 0->0
[39.250s][info][gc,heap        ] GC(232) Humongous regions: 0->0
[39.250s][info][gc,metaspace   ] GC(232) Metaspace: 8607K(8832K)->8607K(8832K) NonClass: 7455K(7552K)->7455K(7552K) Class: 1151K(1280K)->1151K(1280K)
[39.250s][info][gc             ] GC(232) Pause Young (Normal) (G1 Evacuation Pause) 321M->16M(532M) 4.768ms
[39.250s][info][gc,cpu         ] GC(232) User=0.00s Sys=0.00s Real=0.01s
[39.425s][info][gc,start       ] GC(233) Pause Young (Normal) (G1 Evacuation Pause)
[39.425s][info][gc,task        ] GC(233) Using 12 workers of 33 for evacuation
[39.430s][info][gc,phases      ] GC(233)   Pre Evacuate Collection Set: 0.1ms
[39.430s][info][gc,phases      ] GC(233)   Merge Heap Roots: 0.1ms
[39.430s][info][gc,phases      ] GC(233)   Evacuate Collection Set: 4.3ms
[39.430s][info][gc,phases      ] GC(233)   Post Evacuate Collection Set: 0.4ms
[39.430s][info][gc,phases      ] GC(233)   Other: 0.1ms
[39.430s][info][gc,heap        ] GC(233) Eden regions: 306->0(305)
[39.430s][info][gc,heap        ] GC(233) Survivor regions: 13->14(40)
[39.430s][info][gc,heap        ] GC(233) Old regions: 13->13
[39.430s][info][gc,heap        ] GC(233) Archive regions: 0->0
[39.430s][info][gc,heap        ] GC(233) Humongous regions: 0->0
[39.430s][info][gc,metaspace   ] GC(233) Metaspace: 8607K(8832K)->8607K(8832K) NonClass: 7455K(7552K)->7455K(7552K) Class: 1151K(1280K)->1151K(1280K)
[39.430s][info][gc             ] GC(233) Pause Young (Normal) (G1 Evacuation Pause) 322M->16M(532M) 5.542ms
[39.430s][info][gc,cpu         ] GC(233) User=0.19s Sys=0.00s Real=0.01s
[39.624s][info][gc,start       ] GC(234) Pause Young (Normal) (G1 Evacuation Pause)
[39.624s][info][gc,task        ] GC(234) Using 12 workers of 33 for evacuation
[39.635s][info][gc,phases      ] GC(234)   Pre Evacuate Collection Set: 0.1ms
[39.635s][info][gc,phases      ] GC(234)   Merge Heap Roots: 0.2ms
[39.635s][info][gc,phases      ] GC(234)   Evacuate Collection Set: 10.6ms
[39.635s][info][gc,phases      ] GC(234)   Post Evacuate Collection Set: 0.5ms
[39.635s][info][gc,phases      ] GC(234)   Other: 0.2ms
[39.635s][info][gc,heap        ] GC(234) Eden regions: 305->0(294)
[39.635s][info][gc,heap        ] GC(234) Survivor regions: 14->25(40)
[39.635s][info][gc,heap        ] GC(234) Old regions: 13->13
[39.635s][info][gc,heap        ] GC(234) Archive regions: 0->0
[39.636s][info][gc,heap        ] GC(234) Humongous regions: 3->3
[39.636s][info][gc,metaspace   ] GC(234) Metaspace: 8607K(8832K)->8607K(8832K) NonClass: 7455K(7552K)->7455K(7552K) Class: 1151K(1280K)->1151K(1280K)
[39.636s][info][gc             ] GC(234) Pause Young (Normal) (G1 Evacuation Pause) 324M->31M(532M) 12.079ms
[39.636s][info][gc,cpu         ] GC(234) User=0.19s Sys=0.00s Real=0.01s
[39.793s][info][gc,start       ] GC(235) Pause Young (Normal) (G1 Evacuation Pause)
[39.793s][info][gc,task        ] GC(235) Using 12 workers of 33 for evacuation
[39.802s][info][gc,phases      ] GC(235)   Pre Evacuate Collection Set: 0.1ms
[39.802s][info][gc,phases      ] GC(235)   Merge Heap Roots: 0.2ms
[39.802s][info][gc,phases      ] GC(235)   Evacuate Collection Set: 8.1ms
[39.802s][info][gc,phases      ] GC(235)   Post Evacuate Collection Set: 0.4ms
[39.802s][info][gc,phases      ] GC(235)   Other: 0.2ms
[39.802s][info][gc,heap        ] GC(235) Eden regions: 294->0(298)
[39.802s][info][gc,heap        ] GC(235) Survivor regions: 25->21(40)
[39.802s][info][gc,heap        ] GC(235) Old regions: 13->17
[39.802s][info][gc,heap        ] GC(235) Archive regions: 0->0
[39.802s][info][gc,heap        ] GC(235) Humongous regions: 3->3
[39.802s][info][gc,metaspace   ] GC(235) Metaspace: 8607K(8832K)->8607K(8832K) NonClass: 7455K(7552K)->7455K(7552K) Class: 1151K(1280K)->1151K(1280K)
[39.802s][info][gc             ] GC(235) Pause Young (Normal) (G1 Evacuation Pause) 325M->31M(532M) 9.443ms
[39.802s][info][gc,cpu         ] GC(235) User=0.00s Sys=0.00s Real=0.00s
[39.967s][info][gc,start       ] GC(236) Pause Young (Normal) (G1 Evacuation Pause)
[39.967s][info][gc,task        ] GC(236) Using 12 workers of 33 for evacuation
[39.976s][info][gc,phases      ] GC(236)   Pre Evacuate Collection Set: 0.1ms
[39.976s][info][gc,phases      ] GC(236)   Merge Heap Roots: 0.2ms
[39.976s][info][gc,phases      ] GC(236)   Evacuate Collection Set: 7.9ms
[39.976s][info][gc,phases      ] GC(236)   Post Evacuate Collection Set: 0.4ms
[39.976s][info][gc,phases      ] GC(236)   Other: 0.1ms
[39.976s][info][gc,heap        ] GC(236) Eden regions: 298->0(296)
[39.976s][info][gc,heap        ] GC(236) Survivor regions: 21->23(40)
[39.976s][info][gc,heap        ] GC(236) Old regions: 17->17
[39.976s][info][gc,heap        ] GC(236) Archive regions: 0->0
[39.976s][info][gc,heap        ] GC(236) Humongous regions: 3->3
[39.976s][info][gc,metaspace   ] GC(236) Metaspace: 8607K(8832K)->8607K(8832K) NonClass: 7455K(7552K)->7455K(7552K) Class: 1151K(1280K)->1151K(1280K)
[39.976s][info][gc             ] GC(236) Pause Young (Normal) (G1 Evacuation Pause) 329M->33M(532M) 9.206ms
[39.976s][info][gc,cpu         ] GC(236) User=0.00s Sys=0.00s Real=0.00s
[40.139s][info][gc,start       ] GC(237) Pause Young (Normal) (G1 Evacuation Pause)
[40.139s][info][gc,task        ] GC(237) Using 12 workers of 33 for evacuation
[40.148s][info][gc,phases      ] GC(237)   Pre Evacuate Collection Set: 0.1ms
[40.148s][info][gc,phases      ] GC(237)   Merge Heap Roots: 0.2ms
[40.148s][info][gc,phases      ] GC(237)   Evacuate Collection Set: 8.9ms
[40.149s][info][gc,phases      ] GC(237)   Post Evacuate Collection Set: 0.5ms
[40.149s][info][gc,phases      ] GC(237)   Other: 0.2ms
[40.149s][info][gc,heap        ] GC(237) Eden regions: 296->0(299)
[40.149s][info][gc,heap        ] GC(237) Survivor regions: 23->20(40)
[40.149s][info][gc,heap        ] GC(237) Old regions: 17->21
[40.149s][info][gc,heap        ] GC(237) Archive regions: 0->0
[40.149s][info][gc,heap        ] GC(237) Humongous regions: 3->3
[40.149s][info][gc,metaspace   ] GC(237) Metaspace: 8607K(8832K)->8607K(8832K) NonClass: 7455K(7552K)->7455K(7552K) Class: 1151K(1280K)->1151K(1280K)
[40.149s][info][gc             ] GC(237) Pause Young (Normal) (G1 Evacuation Pause) 329M->34M(532M) 10.264ms
[40.149s][info][gc,cpu         ] GC(237) User=0.19s Sys=0.00s Real=0.01s
[40.318s][info][gc,start       ] GC(238) Pause Young (Normal) (G1 Evacuation Pause)
[40.318s][info][gc,task        ] GC(238) Using 12 workers of 33 for evacuation
[40.327s][info][gc,phases      ] GC(238)   Pre Evacuate Collection Set: 0.1ms
[40.327s][info][gc,phases      ] GC(238)   Merge Heap Roots: 0.3ms
[40.327s][info][gc,phases      ] GC(238)   Evacuate Collection Set: 7.6ms
[40.327s][info][gc,phases      ] GC(238)   Post Evacuate Collection Set: 0.5ms
[40.327s][info][gc,phases      ] GC(238)   Other: 0.2ms
[40.327s][info][gc,heap        ] GC(238) Eden regions: 299->0(299)
[40.327s][info][gc,heap        ] GC(238) Survivor regions: 20->20(40)
[40.327s][info][gc,heap        ] GC(238) Old regions: 21->21
[40.327s][info][gc,heap        ] GC(238) Archive regions: 0->0
[40.327s][info][gc,heap        ] GC(238) Humongous regions: 3->3
[40.327s][info][gc,metaspace   ] GC(238) Metaspace: 8607K(8832K)->8607K(8832K) NonClass: 7455K(7552K)->7455K(7552K) Class: 1151K(1280K)->1151K(1280K)
[40.328s][info][gc             ] GC(238) Pause Young (Normal) (G1 Evacuation Pause) 333M->35M(532M) 9.257ms
[40.328s][info][gc,cpu         ] GC(238) User=0.19s Sys=0.00s Real=0.01s
[40.496s][info][gc,start       ] GC(239) Pause Young (Normal) (G1 Evacuation Pause)
[40.496s][info][gc,task        ] GC(239) Using 12 workers of 33 for evacuation
[40.504s][info][gc,phases      ] GC(239)   Pre Evacuate Collection Set: 0.1ms
[40.504s][info][gc,phases      ] GC(239)   Merge Heap Roots: 0.2ms
[40.504s][info][gc,phases      ] GC(239)   Evacuate Collection Set: 7.1ms
[40.504s][info][gc,phases      ] GC(239)   Post Evacuate Collection Set: 0.4ms
[40.504s][info][gc,phases      ] GC(239)   Other: 0.2ms
[40.504s][info][gc,heap        ] GC(239) Eden regions: 299->0(298)
[40.504s][info][gc,heap        ] GC(239) Survivor regions: 20->21(40)
[40.504s][info][gc,heap        ] GC(239) Old regions: 21->21
[40.504s][info][gc,heap        ] GC(239) Archive regions: 0->0
[40.504s][info][gc,heap        ] GC(239) Humongous regions: 3->3
[40.504s][info][gc,metaspace   ] GC(239) Metaspace: 8607K(8832K)->8607K(8832K) NonClass: 7455K(7552K)->7455K(7552K) Class: 1151K(1280K)->1151K(1280K)
[40.505s][info][gc             ] GC(239) Pause Young (Normal) (G1 Evacuation Pause) 334M->36M(532M) 8.560ms
[40.505s][info][gc,cpu         ] GC(239) User=0.00s Sys=0.00s Real=0.01s
[40.679s][info][gc,start       ] GC(240) Pause Young (Normal) (G1 Evacuation Pause)
[40.679s][info][gc,task        ] GC(240) Using 12 workers of 33 for evacuation
[40.688s][info][gc,phases      ] GC(240)   Pre Evacuate Collection Set: 0.1ms
[40.688s][info][gc,phases      ] GC(240)   Merge Heap Roots: 0.2ms
[40.688s][info][gc,phases      ] GC(240)   Evacuate Collection Set: 7.9ms
[40.688s][info][gc,phases      ] GC(240)   Post Evacuate Collection Set: 0.4ms
[40.688s][info][gc,phases      ] GC(240)   Other: 0.2ms
[40.688s][info][gc,heap        ] GC(240) Eden regions: 298->0(297)
[40.688s][info][gc,heap        ] GC(240) Survivor regions: 21->22(40)
[40.688s][info][gc,heap        ] GC(240) Old regions: 21->21
[40.688s][info][gc,heap        ] GC(240) Archive regions: 0->0
[40.688s][info][gc,heap        ] GC(240) Humongous regions: 3->3
[40.688s][info][gc,metaspace   ] GC(240) Metaspace: 8607K(8832K)->8607K(8832K) NonClass: 7455K(7552K)->7455K(7552K) Class: 1151K(1280K)->1151K(1280K)
[40.688s][info][gc             ] GC(240) Pause Young (Normal) (G1 Evacuation Pause) 334M->36M(532M) 9.284ms
[40.688s][info][gc,cpu         ] GC(240) User=0.00s Sys=0.00s Real=0.01s
[40.856s][info][gc,start       ] GC(241) Pause Young (Normal) (G1 Evacuation Pause)
[40.856s][info][gc,task        ] GC(241) Using 12 workers of 33 for evacuation
[40.865s][info][gc,phases      ] GC(241)   Pre Evacuate Collection Set: 0.1ms
[40.865s][info][gc,phases      ] GC(241)   Merge Heap Roots: 0.2ms
[40.865s][info][gc,phases      ] GC(241)   Evacuate Collection Set: 7.7ms
[40.865s][info][gc,phases      ] GC(241)   Post Evacuate Collection Set: 0.4ms
[40.865s][info][gc,phases      ] GC(241)   Other: 0.2ms
[40.865s][info][gc,heap        ] GC(241) Eden regions: 297->0(296)
[40.865s][info][gc,heap        ] GC(241) Survivor regions: 22->23(40)
[40.865s][info][gc,heap        ] GC(241) Old regions: 21->21
[40.865s][info][gc,heap        ] GC(241) Archive regions: 0->0
[40.865s][info][gc,heap        ] GC(241) Humongous regions: 3->3
[40.865s][info][gc,metaspace   ] GC(241) Metaspace: 8607K(8832K)->8607K(8832K) NonClass: 7455K(7552K)->7455K(7552K) Class: 1151K(1280K)->1151K(1280K)
[40.865s][info][gc             ] GC(241) Pause Young (Normal) (G1 Evacuation Pause) 333M->38M(532M) 9.098ms
[40.865s][info][gc,cpu         ] GC(241) User=0.00s Sys=0.00s Real=0.01s
[41.036s][info][gc,start       ] GC(242) Pause Young (Normal) (G1 Evacuation Pause)
[41.037s][info][gc,task        ] GC(242) Using 12 workers of 33 for evacuation
[41.046s][info][gc,phases      ] GC(242)   Pre Evacuate Collection Set: 0.1ms
[41.046s][info][gc,phases      ] GC(242)   Merge Heap Roots: 0.2ms
[41.046s][info][gc,phases      ] GC(242)   Evacuate Collection Set: 8.5ms
[41.046s][info][gc,phases      ] GC(242)   Post Evacuate Collection Set: 0.5ms
[41.046s][info][gc,phases      ] GC(242)   Other: 0.2ms
[41.046s][info][gc,heap        ] GC(242) Eden regions: 296->0(310)
[41.046s][info][gc,heap        ] GC(242) Survivor regions: 23->9(40)
[41.046s][info][gc,heap        ] GC(242) Old regions: 21->35
[41.046s][info][gc,heap        ] GC(242) Archive regions: 0->0
[41.046s][info][gc,heap        ] GC(242) Humongous regions: 3->3
[41.046s][info][gc,metaspace   ] GC(242) Metaspace: 8607K(8832K)->8607K(8832K) NonClass: 7455K(7552K)->7455K(7552K) Class: 1151K(1280K)->1151K(1280K)
[41.046s][info][gc             ] GC(242) Pause Young (Normal) (G1 Evacuation Pause) 334M->38M(532M) 9.950ms
[41.046s][info][gc,cpu         ] GC(242) User=0.19s Sys=0.00s Real=0.01s
[41.600s][info][gc,start       ] GC(243) Pause Full (System.gc())
[41.600s][info][gc,task        ] GC(243) Using 12 workers of 33 for full compaction
[41.601s][info][gc,phases,start] GC(243) Phase 1: Mark live objects
[41.604s][info][gc,phases      ] GC(243) Phase 1: Mark live objects 3.698ms
[41.604s][info][gc,phases,start] GC(243) Phase 2: Prepare compaction
[41.605s][info][gc,phases      ] GC(243) Phase 2: Prepare compaction 0.900ms
[41.605s][info][gc,phases,start] GC(243) Phase 3: Adjust pointers
[41.608s][info][gc,phases      ] GC(243) Phase 3: Adjust pointers 2.668ms
[41.608s][info][gc,phases,start] GC(243) Phase 4: Compact heap
[41.609s][info][gc,phases      ] GC(243) Phase 4: Compact heap 0.751ms
[41.612s][info][gc,heap        ] GC(243) Eden regions: 250->0(24)
[41.612s][info][gc,heap        ] GC(243) Survivor regions: 9->0(40)
[41.612s][info][gc,heap        ] GC(243) Old regions: 35->12
[41.612s][info][gc,heap        ] GC(243) Archive regions: 0->0
[41.612s][info][gc,heap        ] GC(243) Humongous regions: 22->0
[41.613s][info][gc,metaspace   ] GC(243) Metaspace: 8607K(8832K)->8607K(8832K) NonClass: 7456K(7552K)->7456K(7552K) Class: 1151K(1280K)->1151K(1280K)
[41.613s][info][gc             ] GC(243) Pause Full (System.gc()) 307M->3M(40M) 12.797ms
[41.613s][info][gc,cpu         ] GC(243) User=0.00s Sys=0.00s Real=0.01s
[41.638s][info][gc,start       ] GC(244) Pause Young (Normal) (G1 Evacuation Pause)
[41.638s][info][gc,task        ] GC(244) Using 7 workers of 33 for evacuation
[41.638s][info][gc,phases      ] GC(244)   Pre Evacuate Collection Set: 0.1ms
[41.638s][info][gc,phases      ] GC(244)   Merge Heap Roots: 0.1ms
[41.638s][info][gc,phases      ] GC(244)   Evacuate Collection Set: 0.2ms
[41.639s][info][gc,phases      ] GC(244)   Post Evacuate Collection Set: 0.3ms
[41.639s][info][gc,phases      ] GC(244)   Other: 0.1ms
[41.639s][info][gc,heap        ] GC(244) Eden regions: 24->0(22)
[41.639s][info][gc,heap        ] GC(244) Survivor regions: 0->2(3)
[41.639s][info][gc,heap        ] GC(244) Old regions: 12->12
[41.639s][info][gc,heap        ] GC(244) Archive regions: 0->0
[41.639s][info][gc,heap        ] GC(244) Humongous regions: 0->0
[41.639s][info][gc,metaspace   ] GC(244) Metaspace: 8608K(8832K)->8608K(8832K) NonClass: 7456K(7552K)->7456K(7552K) Class: 1151K(1280K)->1151K(1280K)
[41.639s][info][gc             ] GC(244) Pause Young (Normal) (G1 Evacuation Pause) 27M->5M(40M) 1.187ms
[41.639s][info][gc,cpu         ] GC(244) User=0.00s Sys=0.00s Real=0.00s
[41.651s][info][gc,start       ] GC(245) Pause Young (Normal) (G1 Evacuation Pause)
[41.651s][info][gc,task        ] GC(245) Using 4 workers of 33 for evacuation
[41.652s][info][gc,phases      ] GC(245)   Pre Evacuate Collection Set: 0.1ms
[41.652s][info][gc,phases      ] GC(245)   Merge Heap Roots: 0.0ms
[41.652s][info][gc,phases      ] GC(245)   Evacuate Collection Set: 0.3ms
[41.652s][info][gc,phases      ] GC(245)   Post Evacuate Collection Set: 0.2ms
[41.652s][info][gc,phases      ] GC(245)   Other: 0.1ms
[41.652s][info][gc,heap        ] GC(245) Eden regions: 22->0(23)
[41.652s][info][gc,heap        ] GC(245) Survivor regions: 2->1(3)
[41.652s][info][gc,heap        ] GC(245) Old regions: 12->12
[41.652s][info][gc,heap        ] GC(245) Archive regions: 0->0
[41.652s][info][gc,heap        ] GC(245) Humongous regions: 0->0
[41.652s][info][gc,metaspace   ] GC(245) Metaspace: 8608K(8832K)->8608K(8832K) NonClass: 7456K(7552K)->7456K(7552K) Class: 1151K(1280K)->1151K(1280K)
[41.652s][info][gc             ] GC(245) Pause Young (Normal) (G1 Evacuation Pause) 27M->3M(40M) 1.136ms
[41.652s][info][gc,cpu         ] GC(245) User=0.00s Sys=0.00s Real=0.00s
[41.664s][info][gc,start       ] GC(246) Pause Young (Normal) (G1 Evacuation Pause)
[41.664s][info][gc,task        ] GC(246) Using 3 workers of 33 for evacuation
[41.665s][info][gc,phases      ] GC(246)   Pre Evacuate Collection Set: 0.1ms
[41.665s][info][gc,phases      ] GC(246)   Merge Heap Roots: 0.0ms
[41.665s][info][gc,phases      ] GC(246)   Evacuate Collection Set: 0.6ms
[41.665s][info][gc,phases      ] GC(246)   Post Evacuate Collection Set: 0.2ms
[41.665s][info][gc,phases      ] GC(246)   Other: 0.1ms
[41.665s][info][gc,heap        ] GC(246) Eden regions: 23->0(23)
[41.665s][info][gc,heap        ] GC(246) Survivor regions: 1->1(3)
[41.665s][info][gc,heap        ] GC(246) Old regions: 12->12
[41.665s][info][gc,heap        ] GC(246) Archive regions: 0->0
[41.665s][info][gc,heap        ] GC(246) Humongous regions: 0->0
[41.665s][info][gc,metaspace   ] GC(246) Metaspace: 8608K(8832K)->8608K(8832K) NonClass: 7456K(7552K)->7456K(7552K) Class: 1151K(1280K)->1151K(1280K)
[41.665s][info][gc             ] GC(246) Pause Young (Normal) (G1 Evacuation Pause) 26M->3M(40M) 1.436ms
[41.665s][info][gc,cpu         ] GC(246) User=0.00s Sys=0.00s Real=0.00s
[41.677s][info][gc,start       ] GC(247) Pause Young (Normal) (G1 Evacuation Pause)
[41.677s][info][gc,task        ] GC(247) Using 2 workers of 33 for evacuation
[41.681s][info][gc,phases      ] GC(247)   Pre Evacuate Collection Set: 0.1ms
[41.681s][info][gc,phases      ] GC(247)   Merge Heap Roots: 0.0ms
[41.681s][info][gc,phases      ] GC(247)   Evacuate Collection Set: 0.9ms
[41.681s][info][gc,phases      ] GC(247)   Post Evacuate Collection Set: 2.4ms
[41.681s][info][gc,phases      ] GC(247)   Other: 0.1ms
[41.681s][info][gc,heap        ] GC(247) Eden regions: 23->0(318)
[41.681s][info][gc,heap        ] GC(247) Survivor regions: 1->1(3)
[41.681s][info][gc,heap        ] GC(247) Old regions: 12->12
[41.681s][info][gc,heap        ] GC(247) Archive regions: 0->0
[41.681s][info][gc,heap        ] GC(247) Humongous regions: 0->0
[41.681s][info][gc,metaspace   ] GC(247) Metaspace: 8608K(8832K)->8608K(8832K) NonClass: 7456K(7552K)->7456K(7552K) Class: 1151K(1280K)->1151K(1280K)
[41.681s][info][gc             ] GC(247) Pause Young (Normal) (G1 Evacuation Pause) 26M->3M(532M) 3.970ms
[41.681s][info][gc,cpu         ] GC(247) User=0.00s Sys=0.02s Real=0.00s
[41.846s][info][gc,start       ] GC(248) Pause Young (Normal) (G1 Evacuation Pause)
[41.846s][info][gc,task        ] GC(248) Using 12 workers of 33 for evacuation
[41.848s][info][gc,phases      ] GC(248)   Pre Evacuate Collection Set: 0.1ms
[41.848s][info][gc,phases      ] GC(248)   Merge Heap Roots: 0.1ms
[41.848s][info][gc,phases      ] GC(248)   Evacuate Collection Set: 0.8ms
[41.848s][info][gc,phases      ] GC(248)   Post Evacuate Collection Set: 0.4ms
[41.848s][info][gc,phases      ] GC(248)   Other: 0.2ms
[41.848s][info][gc,heap        ] GC(248) Eden regions: 318->0(317)
[41.848s][info][gc,heap        ] GC(248) Survivor regions: 1->2(40)
[41.848s][info][gc,heap        ] GC(248) Old regions: 12->12
[41.848s][info][gc,heap        ] GC(248) Archive regions: 0->0
[41.848s][info][gc,heap        ] GC(248) Humongous regions: 0->0
[41.848s][info][gc,metaspace   ] GC(248) Metaspace: 8608K(8832K)->8608K(8832K) NonClass: 7456K(7552K)->7456K(7552K) Class: 1151K(1280K)->1151K(1280K)
[41.848s][info][gc             ] GC(248) Pause Young (Normal) (G1 Evacuation Pause) 321M->4M(532M) 2.076ms
[41.848s][info][gc,cpu         ] GC(248) User=0.00s Sys=0.00s Real=0.00s
[42.014s][info][gc,start       ] GC(249) Pause Young (Normal) (G1 Evacuation Pause)
[42.015s][info][gc,task        ] GC(249) Using 12 workers of 33 for evacuation
[42.016s][info][gc,phases      ] GC(249)   Pre Evacuate Collection Set: 0.1ms
[42.016s][info][gc,phases      ] GC(249)   Merge Heap Roots: 0.1ms
[42.016s][info][gc,phases      ] GC(249)   Evacuate Collection Set: 1.1ms
[42.017s][info][gc,phases      ] GC(249)   Post Evacuate Collection Set: 0.4ms
[42.017s][info][gc,phases      ] GC(249)   Other: 0.1ms
[42.017s][info][gc,heap        ] GC(249) Eden regions: 317->0(316)
[42.017s][info][gc,heap        ] GC(249) Survivor regions: 2->3(40)
[42.017s][info][gc,heap        ] GC(249) Old regions: 12->12
[42.017s][info][gc,heap        ] GC(249) Archive regions: 0->0
[42.017s][info][gc,heap        ] GC(249) Humongous regions: 0->0
[42.017s][info][gc,metaspace   ] GC(249) Metaspace: 8608K(8832K)->8608K(8832K) NonClass: 7456K(7552K)->7456K(7552K) Class: 1151K(1280K)->1151K(1280K)
[42.017s][info][gc             ] GC(249) Pause Young (Normal) (G1 Evacuation Pause) 321M->5M(532M) 2.362ms
[42.017s][info][gc,cpu         ] GC(249) User=0.00s Sys=0.00s Real=0.00s
[42.183s][info][gc,start       ] GC(250) Pause Young (Normal) (G1 Evacuation Pause)
[42.183s][info][gc,task        ] GC(250) Using 12 workers of 33 for evacuation
[42.185s][info][gc,phases      ] GC(250)   Pre Evacuate Collection Set: 0.1ms
[42.185s][info][gc,phases      ] GC(250)   Merge Heap Roots: 0.1ms
[42.185s][info][gc,phases      ] GC(250)   Evacuate Collection Set: 1.3ms
[42.185s][info][gc,phases      ] GC(250)   Post Evacuate Collection Set: 0.4ms
[42.185s][info][gc,phases      ] GC(250)   Other: 0.1ms
[42.185s][info][gc,heap        ] GC(250) Eden regions: 316->0(315)
[42.185s][info][gc,heap        ] GC(250) Survivor regions: 3->4(40)
[42.185s][info][gc,heap        ] GC(250) Old regions: 12->12
[42.185s][info][gc,heap        ] GC(250) Archive regions: 0->0
[42.185s][info][gc,heap        ] GC(250) Humongous regions: 0->0
[42.185s][info][gc,metaspace   ] GC(250) Metaspace: 8608K(8832K)->8608K(8832K) NonClass: 7456K(7552K)->7456K(7552K) Class: 1151K(1280K)->1151K(1280K)
[42.185s][info][gc             ] GC(250) Pause Young (Normal) (G1 Evacuation Pause) 321M->6M(532M) 2.585ms
[42.185s][info][gc,cpu         ] GC(250) User=0.00s Sys=0.00s Real=0.00s
[42.345s][info][gc,start       ] GC(251) Pause Young (Normal) (G1 Evacuation Pause)
[42.345s][info][gc,task        ] GC(251) Using 12 workers of 33 for evacuation
[42.347s][info][gc,phases      ] GC(251)   Pre Evacuate Collection Set: 0.1ms
[42.347s][info][gc,phases      ] GC(251)   Merge Heap Roots: 0.1ms
[42.347s][info][gc,phases      ] GC(251)   Evacuate Collection Set: 1.6ms
[42.347s][info][gc,phases      ] GC(251)   Post Evacuate Collection Set: 0.4ms
[42.347s][info][gc,phases      ] GC(251)   Other: 0.1ms
[42.347s][info][gc,heap        ] GC(251) Eden regions: 315->0(314)
[42.347s][info][gc,heap        ] GC(251) Survivor regions: 4->5(40)
[42.347s][info][gc,heap        ] GC(251) Old regions: 12->12
[42.347s][info][gc,heap        ] GC(251) Archive regions: 0->0
[42.347s][info][gc,heap        ] GC(251) Humongous regions: 0->0
[42.347s][info][gc,metaspace   ] GC(251) Metaspace: 8608K(8832K)->8608K(8832K) NonClass: 7456K(7552K)->7456K(7552K) Class: 1151K(1280K)->1151K(1280K)
[42.347s][info][gc             ] GC(251) Pause Young (Normal) (G1 Evacuation Pause) 321M->7M(532M) 2.794ms
[42.348s][info][gc,cpu         ] GC(251) User=0.00s Sys=0.00s Real=0.00s
[42.532s][info][gc,start       ] GC(252) Pause Young (Normal) (G1 Evacuation Pause)
[42.532s][info][gc,task        ] GC(252) Using 12 workers of 33 for evacuation
[42.536s][info][gc,phases      ] GC(252)   Pre Evacuate Collection Set: 0.1ms
[42.536s][info][gc,phases      ] GC(252)   Merge Heap Roots: 0.1ms
[42.536s][info][gc,phases      ] GC(252)   Evacuate Collection Set: 3.3ms
[42.536s][info][gc,phases      ] GC(252)   Post Evacuate Collection Set: 0.4ms
[42.536s][info][gc,phases      ] GC(252)   Other: 0.1ms
[42.536s][info][gc,heap        ] GC(252) Eden regions: 314->0(313)
[42.536s][info][gc,heap        ] GC(252) Survivor regions: 5->6(40)
[42.536s][info][gc,heap        ] GC(252) Old regions: 12->12
[42.536s][info][gc,heap        ] GC(252) Archive regions: 0->0
[42.536s][info][gc,heap        ] GC(252) Humongous regions: 0->0
[42.536s][info][gc,metaspace   ] GC(252) Metaspace: 8608K(8832K)->8608K(8832K) NonClass: 7456K(7552K)->7456K(7552K) Class: 1151K(1280K)->1151K(1280K)
[42.536s][info][gc             ] GC(252) Pause Young (Normal) (G1 Evacuation Pause) 321M->9M(532M) 4.518ms
[42.537s][info][gc,cpu         ] GC(252) User=0.00s Sys=0.00s Real=0.00s
[42.711s][info][gc,start       ] GC(253) Pause Young (Normal) (G1 Evacuation Pause)
[42.712s][info][gc,task        ] GC(253) Using 12 workers of 33 for evacuation
[42.714s][info][gc,phases      ] GC(253)   Pre Evacuate Collection Set: 0.1ms
[42.714s][info][gc,phases      ] GC(253)   Merge Heap Roots: 0.1ms
[42.715s][info][gc,phases      ] GC(253)   Evacuate Collection Set: 2.2ms
[42.715s][info][gc,phases      ] GC(253)   Post Evacuate Collection Set: 0.4ms
[42.715s][info][gc,phases      ] GC(253)   Other: 0.1ms
[42.715s][info][gc,heap        ] GC(253) Eden regions: 313->0(312)
[42.715s][info][gc,heap        ] GC(253) Survivor regions: 6->7(40)
[42.715s][info][gc,heap        ] GC(253) Old regions: 12->12
[42.715s][info][gc,heap        ] GC(253) Archive regions: 0->0
[42.715s][info][gc,heap        ] GC(253) Humongous regions: 0->0
[42.715s][info][gc,metaspace   ] GC(253) Metaspace: 8608K(8832K)->8608K(8832K) NonClass: 7456K(7552K)->7456K(7552K) Class: 1151K(1280K)->1151K(1280K)
[42.715s][info][gc             ] GC(253) Pause Young (Normal) (G1 Evacuation Pause) 322M->10M(532M) 3.402ms
[42.715s][info][gc,cpu         ] GC(253) User=0.00s Sys=0.00s Real=0.00s
[42.876s][info][gc,start       ] GC(254) Pause Young (Normal) (G1 Evacuation Pause)
[42.876s][info][gc,task        ] GC(254) Using 12 workers of 33 for evacuation
[42.879s][info][gc,phases      ] GC(254)   Pre Evacuate Collection Set: 0.1ms
[42.879s][info][gc,phases      ] GC(254)   Merge Heap Roots: 0.1ms
[42.879s][info][gc,phases      ] GC(254)   Evacuate Collection Set: 2.5ms
[42.879s][info][gc,phases      ] GC(254)   Post Evacuate Collection Set: 0.4ms
[42.879s][info][gc,phases      ] GC(254)   Other: 0.1ms
[42.879s][info][gc,heap        ] GC(254) Eden regions: 312->0(311)
[42.879s][info][gc,heap        ] GC(254) Survivor regions: 7->8(40)
[42.879s][info][gc,heap        ] GC(254) Old regions: 12->12
[42.879s][info][gc,heap        ] GC(254) Archive regions: 0->0
[42.879s][info][gc,heap        ] GC(254) Humongous regions: 0->0
[42.879s][info][gc,metaspace   ] GC(254) Metaspace: 8608K(8832K)->8608K(8832K) NonClass: 7456K(7552K)->7456K(7552K) Class: 1151K(1280K)->1151K(1280K)
[42.879s][info][gc             ] GC(254) Pause Young (Normal) (G1 Evacuation Pause) 322M->11M(532M) 3.663ms
[42.879s][info][gc,cpu         ] GC(254) User=0.00s Sys=0.00s Real=0.00s
[43.059s][info][gc,start       ] GC(255) Pause Young (Normal) (G1 Evacuation Pause)
[43.059s][info][gc,task        ] GC(255) Using 12 workers of 33 for evacuation
[43.063s][info][gc,phases      ] GC(255)   Pre Evacuate Collection Set: 0.1ms
[43.063s][info][gc,phases      ] GC(255)   Merge Heap Roots: 0.1ms
[43.063s][info][gc,phases      ] GC(255)   Evacuate Collection Set: 3.0ms
[43.063s][info][gc,phases      ] GC(255)   Post Evacuate Collection Set: 0.4ms
[43.063s][info][gc,phases      ] GC(255)   Other: 0.1ms
[43.063s][info][gc,heap        ] GC(255) Eden regions: 311->0(310)
[43.063s][info][gc,heap        ] GC(255) Survivor regions: 8->9(40)
[43.063s][info][gc,heap        ] GC(255) Old regions: 12->12
[43.063s][info][gc,heap        ] GC(255) Archive regions: 0->0
[43.063s][info][gc,heap        ] GC(255) Humongous regions: 0->0
[43.064s][info][gc,metaspace   ] GC(255) Metaspace: 8608K(8832K)->8608K(8832K) NonClass: 7456K(7552K)->7456K(7552K) Class: 1151K(1280K)->1151K(1280K)
[43.064s][info][gc             ] GC(255) Pause Young (Normal) (G1 Evacuation Pause) 322M->11M(532M) 4.218ms
[43.064s][info][gc,cpu         ] GC(255) User=0.19s Sys=0.00s Real=0.02s
[43.248s][info][gc,start       ] GC(256) Pause Young (Normal) (G1 Evacuation Pause)
[43.248s][info][gc,task        ] GC(256) Using 12 workers of 33 for evacuation
[43.252s][info][gc,phases      ] GC(256)   Pre Evacuate Collection Set: 0.1ms
[43.252s][info][gc,phases      ] GC(256)   Merge Heap Roots: 0.1ms
[43.252s][info][gc,phases      ] GC(256)   Evacuate Collection Set: 3.2ms
[43.252s][info][gc,phases      ] GC(256)   Post Evacuate Collection Set: 0.4ms
[43.252s][info][gc,phases      ] GC(256)   Other: 0.1ms
[43.252s][info][gc,heap        ] GC(256) Eden regions: 310->0(309)
[43.252s][info][gc,heap        ] GC(256) Survivor regions: 9->10(40)
[43.252s][info][gc,heap        ] GC(256) Old regions: 12->12
[43.252s][info][gc,heap        ] GC(256) Archive regions: 0->0
[43.252s][info][gc,heap        ] GC(256) Humongous regions: 0->0
[43.252s][info][gc,metaspace   ] GC(256) Metaspace: 8608K(8832K)->8608K(8832K) NonClass: 7456K(7552K)->7456K(7552K) Class: 1151K(1280K)->1151K(1280K)
[43.252s][info][gc             ] GC(256) Pause Young (Normal) (G1 Evacuation Pause) 321M->13M(532M) 4.449ms
[43.252s][info][gc,cpu         ] GC(256) User=0.16s Sys=0.03s Real=0.02s
[43.410s][info][gc,start       ] GC(257) Pause Young (Normal) (G1 Evacuation Pause)
[43.410s][info][gc,task        ] GC(257) Using 12 workers of 33 for evacuation
[43.414s][info][gc,phases      ] GC(257)   Pre Evacuate Collection Set: 0.1ms
[43.414s][info][gc,phases      ] GC(257)   Merge Heap Roots: 0.1ms
[43.414s][info][gc,phases      ] GC(257)   Evacuate Collection Set: 3.2ms
[43.414s][info][gc,phases      ] GC(257)   Post Evacuate Collection Set: 0.4ms
[43.414s][info][gc,phases      ] GC(257)   Other: 0.2ms
[43.414s][info][gc,heap        ] GC(257) Eden regions: 309->0(308)
[43.414s][info][gc,heap        ] GC(257) Survivor regions: 10->11(40)
[43.414s][info][gc,heap        ] GC(257) Old regions: 12->12
[43.414s][info][gc,heap        ] GC(257) Archive regions: 0->0
[43.414s][info][gc,heap        ] GC(257) Humongous regions: 0->0
[43.414s][info][gc,metaspace   ] GC(257) Metaspace: 8608K(8832K)->8608K(8832K) NonClass: 7456K(7552K)->7456K(7552K) Class: 1151K(1280K)->1151K(1280K)
[43.414s][info][gc             ] GC(257) Pause Young (Normal) (G1 Evacuation Pause) 322M->14M(532M) 4.554ms
[43.414s][info][gc,cpu         ] GC(257) User=0.19s Sys=0.00s Real=0.00s
[43.593s][info][gc,start       ] GC(258) Pause Young (Normal) (G1 Evacuation Pause)
[43.593s][info][gc,task        ] GC(258) Using 12 workers of 33 for evacuation
[43.598s][info][gc,phases      ] GC(258)   Pre Evacuate Collection Set: 0.1ms
[43.598s][info][gc,phases      ] GC(258)   Merge Heap Roots: 0.1ms
[43.598s][info][gc,phases      ] GC(258)   Evacuate Collection Set: 4.0ms
[43.598s][info][gc,phases      ] GC(258)   Post Evacuate Collection Set: 0.4ms
[43.598s][info][gc,phases      ] GC(258)   Other: 0.2ms
[43.598s][info][gc,heap        ] GC(258) Eden regions: 308->0(307)
[43.598s][info][gc,heap        ] GC(258) Survivor regions: 11->12(40)
[43.598s][info][gc,heap        ] GC(258) Old regions: 12->12
[43.598s][info][gc,heap        ] GC(258) Archive regions: 0->0
[43.598s][info][gc,heap        ] GC(258) Humongous regions: 0->0
[43.598s][info][gc,metaspace   ] GC(258) Metaspace: 8608K(8832K)->8608K(8832K) NonClass: 7456K(7552K)->7456K(7552K) Class: 1151K(1280K)->1151K(1280K)
[43.598s][info][gc             ] GC(258) Pause Young (Normal) (G1 Evacuation Pause) 322M->15M(532M) 5.422ms
[43.598s][info][gc,cpu         ] GC(258) User=0.00s Sys=0.00s Real=0.01s
[43.778s][info][gc,start       ] GC(259) Pause Young (Normal) (G1 Evacuation Pause)
[43.778s][info][gc,task        ] GC(259) Using 12 workers of 33 for evacuation
[43.783s][info][gc,phases      ] GC(259)   Pre Evacuate Collection Set: 0.1ms
[43.783s][info][gc,phases      ] GC(259)   Merge Heap Roots: 0.1ms
[43.783s][info][gc,phases      ] GC(259)   Evacuate Collection Set: 3.8ms
[43.783s][info][gc,phases      ] GC(259)   Post Evacuate Collection Set: 0.4ms
[43.783s][info][gc,phases      ] GC(259)   Other: 0.2ms
[43.783s][info][gc,heap        ] GC(259) Eden regions: 307->0(306)
[43.783s][info][gc,heap        ] GC(259) Survivor regions: 12->13(40)
[43.783s][info][gc,heap        ] GC(259) Old regions: 12->13
[43.783s][info][gc,heap        ] GC(259) Archive regions: 0->0
[43.783s][info][gc,heap        ] GC(259) Humongous regions: 0->0
[43.783s][info][gc,metaspace   ] GC(259) Metaspace: 8608K(8832K)->8608K(8832K) NonClass: 7456K(7552K)->7456K(7552K) Class: 1151K(1280K)->1151K(1280K)
[43.783s][info][gc             ] GC(259) Pause Young (Normal) (G1 Evacuation Pause) 322M->16M(532M) 5.187ms
[43.783s][info][gc,cpu         ] GC(259) User=0.00s Sys=0.00s Real=0.01s
[43.938s][info][gc,start       ] GC(260) Pause Young (Normal) (G1 Evacuation Pause)
[43.938s][info][gc,task        ] GC(260) Using 12 workers of 33 for evacuation
[43.944s][info][gc,phases      ] GC(260)   Pre Evacuate Collection Set: 0.1ms
[43.944s][info][gc,phases      ] GC(260)   Merge Heap Roots: 0.1ms
[43.944s][info][gc,phases      ] GC(260)   Evacuate Collection Set: 4.6ms
[43.944s][info][gc,phases      ] GC(260)   Post Evacuate Collection Set: 0.4ms
[43.944s][info][gc,phases      ] GC(260)   Other: 0.1ms
[43.944s][info][gc,heap        ] GC(260) Eden regions: 306->0(305)
[43.944s][info][gc,heap        ] GC(260) Survivor regions: 13->14(40)
[43.944s][info][gc,heap        ] GC(260) Old regions: 13->13
[43.944s][info][gc,heap        ] GC(260) Archive regions: 0->0
[43.944s][info][gc,heap        ] GC(260) Humongous regions: 0->0
[43.944s][info][gc,metaspace   ] GC(260) Metaspace: 8608K(8832K)->8608K(8832K) NonClass: 7456K(7552K)->7456K(7552K) Class: 1151K(1280K)->1151K(1280K)
[43.944s][info][gc             ] GC(260) Pause Young (Normal) (G1 Evacuation Pause) 322M->16M(532M) 5.946ms
[43.944s][info][gc,cpu         ] GC(260) User=0.00s Sys=0.02s Real=0.02s
[44.135s][info][gc,start       ] GC(261) Pause Young (Normal) (G1 Evacuation Pause)
[44.135s][info][gc,task        ] GC(261) Using 12 workers of 33 for evacuation
[44.147s][info][gc,phases      ] GC(261)   Pre Evacuate Collection Set: 0.1ms
[44.147s][info][gc,phases      ] GC(261)   Merge Heap Roots: 0.2ms
[44.147s][info][gc,phases      ] GC(261)   Evacuate Collection Set: 10.9ms
[44.147s][info][gc,phases      ] GC(261)   Post Evacuate Collection Set: 0.4ms
[44.147s][info][gc,phases      ] GC(261)   Other: 0.2ms
[44.147s][info][gc,heap        ] GC(261) Eden regions: 305->0(294)
[44.147s][info][gc,heap        ] GC(261) Survivor regions: 14->25(40)
[44.147s][info][gc,heap        ] GC(261) Old regions: 13->13
[44.147s][info][gc,heap        ] GC(261) Archive regions: 0->0
[44.147s][info][gc,heap        ] GC(261) Humongous regions: 3->3
[44.147s][info][gc,metaspace   ] GC(261) Metaspace: 8608K(8832K)->8608K(8832K) NonClass: 7456K(7552K)->7456K(7552K) Class: 1151K(1280K)->1151K(1280K)
[44.147s][info][gc             ] GC(261) Pause Young (Normal) (G1 Evacuation Pause) 324M->30M(532M) 12.277ms
[44.147s][info][gc,cpu         ] GC(261) User=0.02s Sys=0.00s Real=0.02s
[44.306s][info][gc,start       ] GC(262) Pause Young (Normal) (G1 Evacuation Pause)
[44.306s][info][gc,task        ] GC(262) Using 12 workers of 33 for evacuation
[44.316s][info][gc,phases      ] GC(262)   Pre Evacuate Collection Set: 0.1ms
[44.316s][info][gc,phases      ] GC(262)   Merge Heap Roots: 0.1ms
[44.316s][info][gc,phases      ] GC(262)   Evacuate Collection Set: 8.4ms
[44.316s][info][gc,phases      ] GC(262)   Post Evacuate Collection Set: 0.4ms
[44.316s][info][gc,phases      ] GC(262)   Other: 0.2ms
[44.316s][info][gc,heap        ] GC(262) Eden regions: 294->0(297)
[44.316s][info][gc,heap        ] GC(262) Survivor regions: 25->22(40)
[44.316s][info][gc,heap        ] GC(262) Old regions: 13->17
[44.316s][info][gc,heap        ] GC(262) Archive regions: 0->0
[44.316s][info][gc,heap        ] GC(262) Humongous regions: 3->3
[44.316s][info][gc,metaspace   ] GC(262) Metaspace: 8608K(8832K)->8608K(8832K) NonClass: 7456K(7552K)->7456K(7552K) Class: 1151K(1280K)->1151K(1280K)
[44.316s][info][gc             ] GC(262) Pause Young (Normal) (G1 Evacuation Pause) 324M->32M(532M) 9.865ms
[44.316s][info][gc,cpu         ] GC(262) User=0.00s Sys=0.00s Real=0.01s
[44.468s][info][gc,start       ] GC(263) Pause Young (Normal) (G1 Evacuation Pause)
[44.468s][info][gc,task        ] GC(263) Using 12 workers of 33 for evacuation
[44.477s][info][gc,phases      ] GC(263)   Pre Evacuate Collection Set: 0.1ms
[44.477s][info][gc,phases      ] GC(263)   Merge Heap Roots: 0.2ms
[44.477s][info][gc,phases      ] GC(263)   Evacuate Collection Set: 8.1ms
[44.477s][info][gc,phases      ] GC(263)   Post Evacuate Collection Set: 0.4ms
[44.477s][info][gc,phases      ] GC(263)   Other: 0.2ms
[44.477s][info][gc,heap        ] GC(263) Eden regions: 297->0(296)
[44.477s][info][gc,heap        ] GC(263) Survivor regions: 22->23(40)
[44.477s][info][gc,heap        ] GC(263) Old regions: 17->17
[44.477s][info][gc,heap        ] GC(263) Archive regions: 0->0
[44.477s][info][gc,heap        ] GC(263) Humongous regions: 3->3
[44.477s][info][gc,metaspace   ] GC(263) Metaspace: 8608K(8832K)->8608K(8832K) NonClass: 7456K(7552K)->7456K(7552K) Class: 1151K(1280K)->1151K(1280K)
[44.477s][info][gc             ] GC(263) Pause Young (Normal) (G1 Evacuation Pause) 329M->33M(532M) 9.436ms
[44.478s][info][gc,cpu         ] GC(263) User=0.00s Sys=0.00s Real=0.00s
[44.651s][info][gc,start       ] GC(264) Pause Young (Normal) (G1 Evacuation Pause)
[44.652s][info][gc,task        ] GC(264) Using 12 workers of 33 for evacuation
[44.660s][info][gc,phases      ] GC(264)   Pre Evacuate Collection Set: 0.1ms
[44.660s][info][gc,phases      ] GC(264)   Merge Heap Roots: 0.1ms
[44.660s][info][gc,phases      ] GC(264)   Evacuate Collection Set: 7.9ms
[44.661s][info][gc,phases      ] GC(264)   Post Evacuate Collection Set: 0.5ms
[44.661s][info][gc,phases      ] GC(264)   Other: 0.2ms
[44.661s][info][gc,heap        ] GC(264) Eden regions: 296->0(300)
[44.661s][info][gc,heap        ] GC(264) Survivor regions: 23->19(40)
[44.661s][info][gc,heap        ] GC(264) Old regions: 17->21
[44.661s][info][gc,heap        ] GC(264) Archive regions: 0->0
[44.661s][info][gc,heap        ] GC(264) Humongous regions: 3->3
[44.661s][info][gc,metaspace   ] GC(264) Metaspace: 8608K(8832K)->8608K(8832K) NonClass: 7456K(7552K)->7456K(7552K) Class: 1151K(1280K)->1151K(1280K)
[44.661s][info][gc             ] GC(264) Pause Young (Normal) (G1 Evacuation Pause) 329M->34M(532M) 9.390ms
[44.661s][info][gc,cpu         ] GC(264) User=0.00s Sys=0.00s Real=0.01s
[44.842s][info][gc,start       ] GC(265) Pause Young (Normal) (G1 Evacuation Pause)
[44.842s][info][gc,task        ] GC(265) Using 12 workers of 33 for evacuation
[44.850s][info][gc,phases      ] GC(265)   Pre Evacuate Collection Set: 0.1ms
[44.850s][info][gc,phases      ] GC(265)   Merge Heap Roots: 0.3ms
[44.850s][info][gc,phases      ] GC(265)   Evacuate Collection Set: 7.5ms
[44.850s][info][gc,phases      ] GC(265)   Post Evacuate Collection Set: 0.4ms
[44.850s][info][gc,phases      ] GC(265)   Other: 0.2ms
[44.850s][info][gc,heap        ] GC(265) Eden regions: 300->0(299)
[44.850s][info][gc,heap        ] GC(265) Survivor regions: 19->20(40)
[44.850s][info][gc,heap        ] GC(265) Old regions: 21->21
[44.850s][info][gc,heap        ] GC(265) Archive regions: 0->0
[44.850s][info][gc,heap        ] GC(265) Humongous regions: 3->3
[44.850s][info][gc,metaspace   ] GC(265) Metaspace: 8608K(8832K)->8608K(8832K) NonClass: 7456K(7552K)->7456K(7552K) Class: 1151K(1280K)->1151K(1280K)
[44.851s][info][gc             ] GC(265) Pause Young (Normal) (G1 Evacuation Pause) 334M->35M(532M) 9.009ms
[44.851s][info][gc,cpu         ] GC(265) User=0.00s Sys=0.00s Real=0.00s
[45.002s][info][gc,start       ] GC(266) Pause Young (Normal) (G1 Evacuation Pause)
[45.002s][info][gc,task        ] GC(266) Using 12 workers of 33 for evacuation
[45.010s][info][gc,phases      ] GC(266)   Pre Evacuate Collection Set: 0.1ms
[45.010s][info][gc,phases      ] GC(266)   Merge Heap Roots: 0.2ms
[45.010s][info][gc,phases      ] GC(266)   Evacuate Collection Set: 7.0ms
[45.010s][info][gc,phases      ] GC(266)   Post Evacuate Collection Set: 0.4ms
[45.010s][info][gc,phases      ] GC(266)   Other: 0.2ms
[45.010s][info][gc,heap        ] GC(266) Eden regions: 299->0(298)
[45.010s][info][gc,heap        ] GC(266) Survivor regions: 20->21(40)
[45.010s][info][gc,heap        ] GC(266) Old regions: 21->21
[45.010s][info][gc,heap        ] GC(266) Archive regions: 0->0
[45.010s][info][gc,heap        ] GC(266) Humongous regions: 3->3
[45.010s][info][gc,metaspace   ] GC(266) Metaspace: 8608K(8832K)->8608K(8832K) NonClass: 7456K(7552K)->7456K(7552K) Class: 1151K(1280K)->1151K(1280K)
[45.010s][info][gc             ] GC(266) Pause Young (Normal) (G1 Evacuation Pause) 334M->36M(532M) 8.324ms
[45.010s][info][gc,cpu         ] GC(266) User=0.00s Sys=0.00s Real=0.00s
[45.168s][info][gc,start       ] GC(267) Pause Young (Normal) (G1 Evacuation Pause)
[45.168s][info][gc,task        ] GC(267) Using 12 workers of 33 for evacuation
[45.177s][info][gc,phases      ] GC(267)   Pre Evacuate Collection Set: 0.1ms
[45.177s][info][gc,phases      ] GC(267)   Merge Heap Roots: 0.2ms
[45.177s][info][gc,phases      ] GC(267)   Evacuate Collection Set: 8.2ms
[45.177s][info][gc,phases      ] GC(267)   Post Evacuate Collection Set: 0.4ms
[45.177s][info][gc,phases      ] GC(267)   Other: 0.2ms
[45.177s][info][gc,heap        ] GC(267) Eden regions: 298->0(297)
[45.177s][info][gc,heap        ] GC(267) Survivor regions: 21->22(40)
[45.177s][info][gc,heap        ] GC(267) Old regions: 21->21
[45.177s][info][gc,heap        ] GC(267) Archive regions: 0->0
[45.177s][info][gc,heap        ] GC(267) Humongous regions: 3->3
[45.177s][info][gc,metaspace   ] GC(267) Metaspace: 8608K(8832K)->8608K(8832K) NonClass: 7456K(7552K)->7456K(7552K) Class: 1151K(1280K)->1151K(1280K)
[45.177s][info][gc             ] GC(267) Pause Young (Normal) (G1 Evacuation Pause) 334M->36M(532M) 9.503ms
[45.177s][info][gc,cpu         ] GC(267) User=0.00s Sys=0.00s Real=0.01s
[45.349s][info][gc,start       ] GC(268) Pause Young (Normal) (G1 Evacuation Pause)
[45.349s][info][gc,task        ] GC(268) Using 12 workers of 33 for evacuation
[45.358s][info][gc,phases      ] GC(268)   Pre Evacuate Collection Set: 0.1ms
[45.358s][info][gc,phases      ] GC(268)   Merge Heap Roots: 0.2ms
[45.358s][info][gc,phases      ] GC(268)   Evacuate Collection Set: 7.7ms
[45.358s][info][gc,phases      ] GC(268)   Post Evacuate Collection Set: 0.4ms
[45.358s][info][gc,phases      ] GC(268)   Other: 0.2ms
[45.358s][info][gc,heap        ] GC(268) Eden regions: 297->0(296)
[45.358s][info][gc,heap        ] GC(268) Survivor regions: 22->23(40)
[45.358s][info][gc,heap        ] GC(268) Old regions: 21->21
[45.358s][info][gc,heap        ] GC(268) Archive regions: 0->0
[45.358s][info][gc,heap        ] GC(268) Humongous regions: 3->3
[45.358s][info][gc,metaspace   ] GC(268) Metaspace: 8608K(8832K)->8608K(8832K) NonClass: 7456K(7552K)->7456K(7552K) Class: 1151K(1280K)->1151K(1280K)
[45.358s][info][gc             ] GC(268) Pause Young (Normal) (G1 Evacuation Pause) 333M->37M(532M) 8.999ms
[45.358s][info][gc,cpu         ] GC(268) User=0.19s Sys=0.00s Real=0.01s
[45.525s][info][gc,start       ] GC(269) Pause Young (Normal) (G1 Evacuation Pause)
[45.526s][info][gc,task        ] GC(269) Using 12 workers of 33 for evacuation
[45.535s][info][gc,phases      ] GC(269)   Pre Evacuate Collection Set: 0.1ms
[45.535s][info][gc,phases      ] GC(269)   Merge Heap Roots: 0.2ms
[45.535s][info][gc,phases      ] GC(269)   Evacuate Collection Set: 8.2ms
[45.535s][info][gc,phases      ] GC(269)   Post Evacuate Collection Set: 0.5ms
[45.535s][info][gc,phases      ] GC(269)   Other: 0.2ms
[45.535s][info][gc,heap        ] GC(269) Eden regions: 296->0(310)
[45.535s][info][gc,heap        ] GC(269) Survivor regions: 23->9(40)
[45.535s][info][gc,heap        ] GC(269) Old regions: 21->35
[45.535s][info][gc,heap        ] GC(269) Archive regions: 0->0
[45.535s][info][gc,heap        ] GC(269) Humongous regions: 3->3
[45.535s][info][gc,metaspace   ] GC(269) Metaspace: 8608K(8832K)->8608K(8832K) NonClass: 7456K(7552K)->7456K(7552K) Class: 1151K(1280K)->1151K(1280K)
[45.535s][info][gc             ] GC(269) Pause Young (Normal) (G1 Evacuation Pause) 333M->38M(532M) 9.703ms
[45.535s][info][gc,cpu         ] GC(269) User=0.00s Sys=0.00s Real=0.01s
[46.079s][info][gc,start       ] GC(270) Pause Full (System.gc())
[46.079s][info][gc,task        ] GC(270) Using 12 workers of 33 for full compaction
[46.080s][info][gc,phases,start] GC(270) Phase 1: Mark live objects
[46.083s][info][gc,phases      ] GC(270) Phase 1: Mark live objects 3.602ms
[46.083s][info][gc,phases,start] GC(270) Phase 2: Prepare compaction
[46.084s][info][gc,phases      ] GC(270) Phase 2: Prepare compaction 0.882ms
[46.084s][info][gc,phases,start] GC(270) Phase 3: Adjust pointers
[46.086s][info][gc,phases      ] GC(270) Phase 3: Adjust pointers 1.339ms
[46.086s][info][gc,phases,start] GC(270) Phase 4: Compact heap
[46.086s][info][gc,phases      ] GC(270) Phase 4: Compact heap 0.630ms
[46.090s][info][gc,heap        ] GC(270) Eden regions: 250->0(24)
[46.090s][info][gc,heap        ] GC(270) Survivor regions: 9->0(40)
[46.090s][info][gc,heap        ] GC(270) Old regions: 35->12
[46.090s][info][gc,heap        ] GC(270) Archive regions: 0->0
[46.090s][info][gc,heap        ] GC(270) Humongous regions: 22->0
[46.090s][info][gc,metaspace   ] GC(270) Metaspace: 8608K(8832K)->8608K(8832K) NonClass: 7456K(7552K)->7456K(7552K) Class: 1151K(1280K)->1151K(1280K)
[46.090s][info][gc             ] GC(270) Pause Full (System.gc()) 307M->3M(40M) 11.188ms
[46.090s][info][gc,cpu         ] GC(270) User=0.19s Sys=0.00s Real=0.01s
[46.105s][info][gc,start       ] GC(271) Pause Young (Normal) (G1 Evacuation Pause)
[46.105s][info][gc,task        ] GC(271) Using 7 workers of 33 for evacuation
[46.106s][info][gc,phases      ] GC(271)   Pre Evacuate Collection Set: 0.1ms
[46.106s][info][gc,phases      ] GC(271)   Merge Heap Roots: 0.1ms
[46.106s][info][gc,phases      ] GC(271)   Evacuate Collection Set: 0.2ms
[46.106s][info][gc,phases      ] GC(271)   Post Evacuate Collection Set: 0.3ms
[46.106s][info][gc,phases      ] GC(271)   Other: 0.1ms
[46.106s][info][gc,heap        ] GC(271) Eden regions: 24->0(22)
[46.106s][info][gc,heap        ] GC(271) Survivor regions: 0->2(3)
[46.106s][info][gc,heap        ] GC(271) Old regions: 12->12
[46.106s][info][gc,heap        ] GC(271) Archive regions: 0->0
[46.106s][info][gc,heap        ] GC(271) Humongous regions: 0->0
[46.106s][info][gc,metaspace   ] GC(271) Metaspace: 8610K(8832K)->8610K(8832K) NonClass: 7458K(7552K)->7458K(7552K) Class: 1151K(1280K)->1151K(1280K)
[46.106s][info][gc             ] GC(271) Pause Young (Normal) (G1 Evacuation Pause) 27M->5M(40M) 1.153ms
[46.106s][info][gc,cpu         ] GC(271) User=0.00s Sys=0.00s Real=0.00s
[46.117s][info][gc,start       ] GC(272) Pause Young (Normal) (G1 Evacuation Pause)
[46.118s][info][gc,task        ] GC(272) Using 4 workers of 33 for evacuation
[46.118s][info][gc,phases      ] GC(272)   Pre Evacuate Collection Set: 0.1ms
[46.118s][info][gc,phases      ] GC(272)   Merge Heap Roots: 0.0ms
[46.118s][info][gc,phases      ] GC(272)   Evacuate Collection Set: 0.3ms
[46.118s][info][gc,phases      ] GC(272)   Post Evacuate Collection Set: 0.2ms
[46.118s][info][gc,phases      ] GC(272)   Other: 0.1ms
[46.118s][info][gc,heap        ] GC(272) Eden regions: 22->0(23)
[46.118s][info][gc,heap        ] GC(272) Survivor regions: 2->1(3)
[46.118s][info][gc,heap        ] GC(272) Old regions: 12->12
[46.118s][info][gc,heap        ] GC(272) Archive regions: 0->0
[46.118s][info][gc,heap        ] GC(272) Humongous regions: 0->0
[46.118s][info][gc,metaspace   ] GC(272) Metaspace: 8610K(8832K)->8610K(8832K) NonClass: 7458K(7552K)->7458K(7552K) Class: 1151K(1280K)->1151K(1280K)
[46.119s][info][gc             ] GC(272) Pause Young (Normal) (G1 Evacuation Pause) 27M->3M(40M) 1.081ms
[46.119s][info][gc,cpu         ] GC(272) User=0.00s Sys=0.00s Real=0.00s
[46.131s][info][gc,start       ] GC(273) Pause Young (Normal) (G1 Evacuation Pause)
[46.131s][info][gc,task        ] GC(273) Using 3 workers of 33 for evacuation
[46.132s][info][gc,phases      ] GC(273)   Pre Evacuate Collection Set: 0.1ms
[46.132s][info][gc,phases      ] GC(273)   Merge Heap Roots: 0.0ms
[46.132s][info][gc,phases      ] GC(273)   Evacuate Collection Set: 0.6ms
[46.132s][info][gc,phases      ] GC(273)   Post Evacuate Collection Set: 0.2ms
[46.132s][info][gc,phases      ] GC(273)   Other: 0.1ms
[46.132s][info][gc,heap        ] GC(273) Eden regions: 23->0(23)
[46.132s][info][gc,heap        ] GC(273) Survivor regions: 1->1(3)
[46.132s][info][gc,heap        ] GC(273) Old regions: 12->12
[46.132s][info][gc,heap        ] GC(273) Archive regions: 0->0
[46.132s][info][gc,heap        ] GC(273) Humongous regions: 0->0
[46.132s][info][gc,metaspace   ] GC(273) Metaspace: 8610K(8832K)->8610K(8832K) NonClass: 7458K(7552K)->7458K(7552K) Class: 1151K(1280K)->1151K(1280K)
[46.132s][info][gc             ] GC(273) Pause Young (Normal) (G1 Evacuation Pause) 26M->3M(40M) 1.397ms
[46.132s][info][gc,cpu         ] GC(273) User=0.05s Sys=0.00s Real=0.00s
[46.144s][info][gc,start       ] GC(274) Pause Young (Normal) (G1 Evacuation Pause)
[46.144s][info][gc,task        ] GC(274) Using 2 workers of 33 for evacuation
[46.148s][info][gc,phases      ] GC(274)   Pre Evacuate Collection Set: 0.1ms
[46.148s][info][gc,phases      ] GC(274)   Merge Heap Roots: 0.0ms
[46.148s][info][gc,phases      ] GC(274)   Evacuate Collection Set: 0.9ms
[46.148s][info][gc,phases      ] GC(274)   Post Evacuate Collection Set: 2.4ms
[46.148s][info][gc,phases      ] GC(274)   Other: 0.1ms
[46.148s][info][gc,heap        ] GC(274) Eden regions: 23->0(318)
[46.148s][info][gc,heap        ] GC(274) Survivor regions: 1->1(3)
[46.148s][info][gc,heap        ] GC(274) Old regions: 12->12
[46.148s][info][gc,heap        ] GC(274) Archive regions: 0->0
[46.148s][info][gc,heap        ] GC(274) Humongous regions: 0->0
[46.148s][info][gc,metaspace   ] GC(274) Metaspace: 8610K(8832K)->8610K(8832K) NonClass: 7458K(7552K)->7458K(7552K) Class: 1151K(1280K)->1151K(1280K)
[46.148s][info][gc             ] GC(274) Pause Young (Normal) (G1 Evacuation Pause) 26M->3M(532M) 3.923ms
[46.148s][info][gc,cpu         ] GC(274) User=0.02s Sys=0.00s Real=0.00s
[46.326s][info][gc,start       ] GC(275) Pause Young (Normal) (G1 Evacuation Pause)
[46.326s][info][gc,task        ] GC(275) Using 12 workers of 33 for evacuation
[46.328s][info][gc,phases      ] GC(275)   Pre Evacuate Collection Set: 0.1ms
[46.328s][info][gc,phases      ] GC(275)   Merge Heap Roots: 0.1ms
[46.328s][info][gc,phases      ] GC(275)   Evacuate Collection Set: 0.8ms
[46.328s][info][gc,phases      ] GC(275)   Post Evacuate Collection Set: 0.4ms
[46.328s][info][gc,phases      ] GC(275)   Other: 0.1ms
[46.328s][info][gc,heap        ] GC(275) Eden regions: 318->0(317)
[46.328s][info][gc,heap        ] GC(275) Survivor regions: 1->2(40)
[46.328s][info][gc,heap        ] GC(275) Old regions: 12->12
[46.328s][info][gc,heap        ] GC(275) Archive regions: 0->0
[46.328s][info][gc,heap        ] GC(275) Humongous regions: 0->0
[46.328s][info][gc,metaspace   ] GC(275) Metaspace: 8610K(8832K)->8610K(8832K) NonClass: 7458K(7552K)->7458K(7552K) Class: 1151K(1280K)->1151K(1280K)
[46.328s][info][gc             ] GC(275) Pause Young (Normal) (G1 Evacuation Pause) 321M->4M(532M) 2.200ms
[46.329s][info][gc,cpu         ] GC(275) User=0.00s Sys=0.00s Real=0.00s
[46.511s][info][gc,start       ] GC(276) Pause Young (Normal) (G1 Evacuation Pause)
[46.511s][info][gc,task        ] GC(276) Using 12 workers of 33 for evacuation
[46.513s][info][gc,phases      ] GC(276)   Pre Evacuate Collection Set: 0.1ms
[46.513s][info][gc,phases      ] GC(276)   Merge Heap Roots: 0.1ms
[46.513s][info][gc,phases      ] GC(276)   Evacuate Collection Set: 1.2ms
[46.513s][info][gc,phases      ] GC(276)   Post Evacuate Collection Set: 0.4ms
[46.513s][info][gc,phases      ] GC(276)   Other: 0.2ms
[46.513s][info][gc,heap        ] GC(276) Eden regions: 317->0(316)
[46.513s][info][gc,heap        ] GC(276) Survivor regions: 2->3(40)
[46.513s][info][gc,heap        ] GC(276) Old regions: 12->12
[46.513s][info][gc,heap        ] GC(276) Archive regions: 0->0
[46.513s][info][gc,heap        ] GC(276) Humongous regions: 0->0
[46.513s][info][gc,metaspace   ] GC(276) Metaspace: 8610K(8832K)->8610K(8832K) NonClass: 7458K(7552K)->7458K(7552K) Class: 1151K(1280K)->1151K(1280K)
[46.513s][info][gc             ] GC(276) Pause Young (Normal) (G1 Evacuation Pause) 321M->5M(532M) 2.518ms
[46.514s][info][gc,cpu         ] GC(276) User=0.00s Sys=0.00s Real=0.00s
[46.680s][info][gc,start       ] GC(277) Pause Young (Normal) (G1 Evacuation Pause)
[46.680s][info][gc,task        ] GC(277) Using 12 workers of 33 for evacuation
[46.682s][info][gc,phases      ] GC(277)   Pre Evacuate Collection Set: 0.1ms
[46.682s][info][gc,phases      ] GC(277)   Merge Heap Roots: 0.1ms
[46.683s][info][gc,phases      ] GC(277)   Evacuate Collection Set: 1.4ms
[46.683s][info][gc,phases      ] GC(277)   Post Evacuate Collection Set: 0.5ms
[46.683s][info][gc,phases      ] GC(277)   Other: 0.2ms
[46.683s][info][gc,heap        ] GC(277) Eden regions: 316->0(315)
[46.683s][info][gc,heap        ] GC(277) Survivor regions: 3->4(40)
[46.683s][info][gc,heap        ] GC(277) Old regions: 12->12
[46.683s][info][gc,heap        ] GC(277) Archive regions: 0->0
[46.683s][info][gc,heap        ] GC(277) Humongous regions: 0->0
[46.683s][info][gc,metaspace   ] GC(277) Metaspace: 8610K(8832K)->8610K(8832K) NonClass: 7458K(7552K)->7458K(7552K) Class: 1151K(1280K)->1151K(1280K)
[46.683s][info][gc             ] GC(277) Pause Young (Normal) (G1 Evacuation Pause) 321M->6M(532M) 2.767ms
[46.683s][info][gc,cpu         ] GC(277) User=0.02s Sys=0.00s Real=0.01s
[46.842s][info][gc,start       ] GC(278) Pause Young (Normal) (G1 Evacuation Pause)
[46.842s][info][gc,task        ] GC(278) Using 12 workers of 33 for evacuation
[46.845s][info][gc,phases      ] GC(278)   Pre Evacuate Collection Set: 0.1ms
[46.845s][info][gc,phases      ] GC(278)   Merge Heap Roots: 0.1ms
[46.845s][info][gc,phases      ] GC(278)   Evacuate Collection Set: 1.6ms
[46.845s][info][gc,phases      ] GC(278)   Post Evacuate Collection Set: 0.4ms
[46.845s][info][gc,phases      ] GC(278)   Other: 0.1ms
[46.845s][info][gc,heap        ] GC(278) Eden regions: 315->0(314)
[46.845s][info][gc,heap        ] GC(278) Survivor regions: 4->5(40)
[46.845s][info][gc,heap        ] GC(278) Old regions: 12->12
[46.845s][info][gc,heap        ] GC(278) Archive regions: 0->0
[46.845s][info][gc,heap        ] GC(278) Humongous regions: 0->0
[46.845s][info][gc,metaspace   ] GC(278) Metaspace: 8610K(8832K)->8610K(8832K) NonClass: 7458K(7552K)->7458K(7552K) Class: 1151K(1280K)->1151K(1280K)
[46.845s][info][gc             ] GC(278) Pause Young (Normal) (G1 Evacuation Pause) 321M->7M(532M) 2.827ms
[46.845s][info][gc,cpu         ] GC(278) User=0.00s Sys=0.00s Real=0.00s
[47.017s][info][gc,start       ] GC(279) Pause Young (Normal) (G1 Evacuation Pause)
[47.017s][info][gc,task        ] GC(279) Using 12 workers of 33 for evacuation
[47.020s][info][gc,phases      ] GC(279)   Pre Evacuate Collection Set: 0.1ms
[47.020s][info][gc,phases      ] GC(279)   Merge Heap Roots: 0.1ms
[47.020s][info][gc,phases      ] GC(279)   Evacuate Collection Set: 2.4ms
[47.020s][info][gc,phases      ] GC(279)   Post Evacuate Collection Set: 0.4ms
[47.021s][info][gc,phases      ] GC(279)   Other: 0.2ms
[47.021s][info][gc,heap        ] GC(279) Eden regions: 314->0(313)
[47.021s][info][gc,heap        ] GC(279) Survivor regions: 5->6(40)
[47.021s][info][gc,heap        ] GC(279) Old regions: 12->12
[47.021s][info][gc,heap        ] GC(279) Archive regions: 0->0
[47.021s][info][gc,heap        ] GC(279) Humongous regions: 0->0
[47.021s][info][gc,metaspace   ] GC(279) Metaspace: 8610K(8832K)->8610K(8832K) NonClass: 7458K(7552K)->7458K(7552K) Class: 1151K(1280K)->1151K(1280K)
[47.021s][info][gc             ] GC(279) Pause Young (Normal) (G1 Evacuation Pause) 321M->8M(532M) 3.713ms
[47.021s][info][gc,cpu         ] GC(279) User=0.00s Sys=0.00s Real=0.00s
[47.191s][info][gc,start       ] GC(280) Pause Young (Normal) (G1 Evacuation Pause)
[47.191s][info][gc,task        ] GC(280) Using 12 workers of 33 for evacuation
[47.194s][info][gc,phases      ] GC(280)   Pre Evacuate Collection Set: 0.1ms
[47.194s][info][gc,phases      ] GC(280)   Merge Heap Roots: 0.1ms
[47.194s][info][gc,phases      ] GC(280)   Evacuate Collection Set: 2.2ms
[47.194s][info][gc,phases      ] GC(280)   Post Evacuate Collection Set: 0.4ms
[47.194s][info][gc,phases      ] GC(280)   Other: 0.2ms
[47.194s][info][gc,heap        ] GC(280) Eden regions: 313->0(312)
[47.194s][info][gc,heap        ] GC(280) Survivor regions: 6->7(40)
[47.194s][info][gc,heap        ] GC(280) Old regions: 12->12
[47.194s][info][gc,heap        ] GC(280) Archive regions: 0->0
[47.194s][info][gc,heap        ] GC(280) Humongous regions: 0->0
[47.194s][info][gc,metaspace   ] GC(280) Metaspace: 8610K(8832K)->8610K(8832K) NonClass: 7458K(7552K)->7458K(7552K) Class: 1151K(1280K)->1151K(1280K)
[47.194s][info][gc             ] GC(280) Pause Young (Normal) (G1 Evacuation Pause) 321M->10M(532M) 3.524ms
[47.194s][info][gc,cpu         ] GC(280) User=0.00s Sys=0.00s Real=0.00s
[47.367s][info][gc,start       ] GC(281) Pause Young (Normal) (G1 Evacuation Pause)
[47.368s][info][gc,task        ] GC(281) Using 12 workers of 33 for evacuation
[47.371s][info][gc,phases      ] GC(281)   Pre Evacuate Collection Set: 0.1ms
[47.371s][info][gc,phases      ] GC(281)   Merge Heap Roots: 0.1ms
[47.371s][info][gc,phases      ] GC(281)   Evacuate Collection Set: 2.5ms
[47.371s][info][gc,phases      ] GC(281)   Post Evacuate Collection Set: 0.4ms
[47.371s][info][gc,phases      ] GC(281)   Other: 0.1ms
[47.371s][info][gc,heap        ] GC(281) Eden regions: 312->0(311)
[47.371s][info][gc,heap        ] GC(281) Survivor regions: 7->8(40)
[47.371s][info][gc,heap        ] GC(281) Old regions: 12->12
[47.371s][info][gc,heap        ] GC(281) Archive regions: 0->0
[47.371s][info][gc,heap        ] GC(281) Humongous regions: 0->0
[47.371s][info][gc,metaspace   ] GC(281) Metaspace: 8610K(8832K)->8610K(8832K) NonClass: 7458K(7552K)->7458K(7552K) Class: 1151K(1280K)->1151K(1280K)
[47.371s][info][gc             ] GC(281) Pause Young (Normal) (G1 Evacuation Pause) 322M->11M(532M) 3.676ms
[47.371s][info][gc,cpu         ] GC(281) User=0.00s Sys=0.00s Real=0.00s
[47.553s][info][gc,start       ] GC(282) Pause Young (Normal) (G1 Evacuation Pause)
[47.553s][info][gc,task        ] GC(282) Using 12 workers of 33 for evacuation
[47.557s][info][gc,phases      ] GC(282)   Pre Evacuate Collection Set: 0.1ms
[47.557s][info][gc,phases      ] GC(282)   Merge Heap Roots: 0.1ms
[47.557s][info][gc,phases      ] GC(282)   Evacuate Collection Set: 2.8ms
[47.557s][info][gc,phases      ] GC(282)   Post Evacuate Collection Set: 0.4ms
[47.557s][info][gc,phases      ] GC(282)   Other: 0.1ms
[47.557s][info][gc,heap        ] GC(282) Eden regions: 311->0(310)
[47.557s][info][gc,heap        ] GC(282) Survivor regions: 8->9(40)
[47.557s][info][gc,heap        ] GC(282) Old regions: 12->12
[47.557s][info][gc,heap        ] GC(282) Archive regions: 0->0
[47.557s][info][gc,heap        ] GC(282) Humongous regions: 0->0
[47.557s][info][gc,metaspace   ] GC(282) Metaspace: 8610K(8832K)->8610K(8832K) NonClass: 7458K(7552K)->7458K(7552K) Class: 1151K(1280K)->1151K(1280K)
[47.557s][info][gc             ] GC(282) Pause Young (Normal) (G1 Evacuation Pause) 322M->12M(532M) 4.120ms
[47.558s][info][gc,cpu         ] GC(282) User=0.00s Sys=0.00s Real=0.00s
[47.745s][info][gc,start       ] GC(283) Pause Young (Normal) (G1 Evacuation Pause)
[47.745s][info][gc,task        ] GC(283) Using 12 workers of 33 for evacuation
[47.749s][info][gc,phases      ] GC(283)   Pre Evacuate Collection Set: 0.1ms
[47.749s][info][gc,phases      ] GC(283)   Merge Heap Roots: 0.1ms
[47.749s][info][gc,phases      ] GC(283)   Evacuate Collection Set: 3.3ms
[47.749s][info][gc,phases      ] GC(283)   Post Evacuate Collection Set: 0.4ms
[47.749s][info][gc,phases      ] GC(283)   Other: 0.1ms
[47.749s][info][gc,heap        ] GC(283) Eden regions: 310->0(309)
[47.749s][info][gc,heap        ] GC(283) Survivor regions: 9->10(40)
[47.749s][info][gc,heap        ] GC(283) Old regions: 12->12
[47.749s][info][gc,heap        ] GC(283) Archive regions: 0->0
[47.749s][info][gc,heap        ] GC(283) Humongous regions: 0->0
[47.749s][info][gc,metaspace   ] GC(283) Metaspace: 8610K(8832K)->8610K(8832K) NonClass: 7458K(7552K)->7458K(7552K) Class: 1151K(1280K)->1151K(1280K)
[47.750s][info][gc             ] GC(283) Pause Young (Normal) (G1 Evacuation Pause) 322M->12M(532M) 4.536ms
[47.750s][info][gc,cpu         ] GC(283) User=0.00s Sys=0.00s Real=0.00s
[47.951s][info][gc,start       ] GC(284) Pause Young (Normal) (G1 Evacuation Pause)
[47.951s][info][gc,task        ] GC(284) Using 12 workers of 33 for evacuation
[47.956s][info][gc,phases      ] GC(284)   Pre Evacuate Collection Set: 0.1ms
[47.956s][info][gc,phases      ] GC(284)   Merge Heap Roots: 0.1ms
[47.956s][info][gc,phases      ] GC(284)   Evacuate Collection Set: 3.3ms
[47.956s][info][gc,phases      ] GC(284)   Post Evacuate Collection Set: 0.4ms
[47.956s][info][gc,phases      ] GC(284)   Other: 0.1ms
[47.956s][info][gc,heap        ] GC(284) Eden regions: 309->0(308)
[47.956s][info][gc,heap        ] GC(284) Survivor regions: 10->11(40)
[47.956s][info][gc,heap        ] GC(284) Old regions: 12->12
[47.956s][info][gc,heap        ] GC(284) Archive regions: 0->0
[47.956s][info][gc,heap        ] GC(284) Humongous regions: 0->0
[47.956s][info][gc,metaspace   ] GC(284) Metaspace: 8610K(8832K)->8610K(8832K) NonClass: 7458K(7552K)->7458K(7552K) Class: 1151K(1280K)->1151K(1280K)
[47.956s][info][gc             ] GC(284) Pause Young (Normal) (G1 Evacuation Pause) 321M->14M(532M) 4.594ms
[47.956s][info][gc,cpu         ] GC(284) User=0.00s Sys=0.00s Real=0.00s
[48.134s][info][gc,start       ] GC(285) Pause Young (Normal) (G1 Evacuation Pause)
[48.134s][info][gc,task        ] GC(285) Using 12 workers of 33 for evacuation
[48.139s][info][gc,phases      ] GC(285)   Pre Evacuate Collection Set: 0.1ms
[48.139s][info][gc,phases      ] GC(285)   Merge Heap Roots: 0.1ms
[48.139s][info][gc,phases      ] GC(285)   Evacuate Collection Set: 3.7ms
[48.139s][info][gc,phases      ] GC(285)   Post Evacuate Collection Set: 0.4ms
[48.139s][info][gc,phases      ] GC(285)   Other: 0.2ms
[48.139s][info][gc,heap        ] GC(285) Eden regions: 308->0(307)
[48.139s][info][gc,heap        ] GC(285) Survivor regions: 11->12(40)
[48.139s][info][gc,heap        ] GC(285) Old regions: 12->12
[48.139s][info][gc,heap        ] GC(285) Archive regions: 0->0
[48.139s][info][gc,heap        ] GC(285) Humongous regions: 0->0
[48.139s][info][gc,metaspace   ] GC(285) Metaspace: 8610K(8832K)->8610K(8832K) NonClass: 7458K(7552K)->7458K(7552K) Class: 1151K(1280K)->1151K(1280K)
[48.139s][info][gc             ] GC(285) Pause Young (Normal) (G1 Evacuation Pause) 322M->15M(532M) 5.023ms
[48.139s][info][gc,cpu         ] GC(285) User=0.00s Sys=0.00s Real=0.00s
[48.315s][info][gc,start       ] GC(286) Pause Young (Normal) (G1 Evacuation Pause)
[48.315s][info][gc,task        ] GC(286) Using 12 workers of 33 for evacuation
[48.320s][info][gc,phases      ] GC(286)   Pre Evacuate Collection Set: 0.1ms
[48.320s][info][gc,phases      ] GC(286)   Merge Heap Roots: 0.1ms
[48.320s][info][gc,phases      ] GC(286)   Evacuate Collection Set: 4.0ms
[48.320s][info][gc,phases      ] GC(286)   Post Evacuate Collection Set: 0.4ms
[48.320s][info][gc,phases      ] GC(286)   Other: 0.2ms
[48.320s][info][gc,heap        ] GC(286) Eden regions: 307->0(306)
[48.320s][info][gc,heap        ] GC(286) Survivor regions: 12->13(40)
[48.320s][info][gc,heap        ] GC(286) Old regions: 12->13
[48.320s][info][gc,heap        ] GC(286) Archive regions: 0->0
[48.320s][info][gc,heap        ] GC(286) Humongous regions: 0->0
[48.320s][info][gc,metaspace   ] GC(286) Metaspace: 8610K(8832K)->8610K(8832K) NonClass: 7458K(7552K)->7458K(7552K) Class: 1151K(1280K)->1151K(1280K)
[48.320s][info][gc             ] GC(286) Pause Young (Normal) (G1 Evacuation Pause) 322M->16M(532M) 5.372ms
[48.320s][info][gc,cpu         ] GC(286) User=0.19s Sys=0.00s Real=0.00s
[48.479s][info][gc,start       ] GC(287) Pause Young (Normal) (G1 Evacuation Pause)
[48.480s][info][gc,task        ] GC(287) Using 12 workers of 33 for evacuation
[48.485s][info][gc,phases      ] GC(287)   Pre Evacuate Collection Set: 0.1ms
[48.485s][info][gc,phases      ] GC(287)   Merge Heap Roots: 0.1ms
[48.485s][info][gc,phases      ] GC(287)   Evacuate Collection Set: 4.1ms
[48.485s][info][gc,phases      ] GC(287)   Post Evacuate Collection Set: 0.5ms
[48.485s][info][gc,phases      ] GC(287)   Other: 0.2ms
[48.485s][info][gc,heap        ] GC(287) Eden regions: 306->0(305)
[48.485s][info][gc,heap        ] GC(287) Survivor regions: 13->14(40)
[48.485s][info][gc,heap        ] GC(287) Old regions: 13->13
[48.485s][info][gc,heap        ] GC(287) Archive regions: 0->0
[48.485s][info][gc,heap        ] GC(287) Humongous regions: 0->0
[48.485s][info][gc,metaspace   ] GC(287) Metaspace: 8610K(8832K)->8610K(8832K) NonClass: 7458K(7552K)->7458K(7552K) Class: 1151K(1280K)->1151K(1280K)
[48.485s][info][gc             ] GC(287) Pause Young (Normal) (G1 Evacuation Pause) 322M->16M(532M) 5.576ms
[48.485s][info][gc,cpu         ] GC(287) User=0.00s Sys=0.00s Real=0.00s
[48.684s][info][gc,start       ] GC(288) Pause Young (Normal) (G1 Evacuation Pause)
[48.684s][info][gc,task        ] GC(288) Using 12 workers of 33 for evacuation
[48.696s][info][gc,phases      ] GC(288)   Pre Evacuate Collection Set: 0.1ms
[48.696s][info][gc,phases      ] GC(288)   Merge Heap Roots: 0.2ms
[48.696s][info][gc,phases      ] GC(288)   Evacuate Collection Set: 10.6ms
[48.696s][info][gc,phases      ] GC(288)   Post Evacuate Collection Set: 0.5ms
[48.696s][info][gc,phases      ] GC(288)   Other: 0.2ms
[48.696s][info][gc,heap        ] GC(288) Eden regions: 305->0(293)
[48.696s][info][gc,heap        ] GC(288) Survivor regions: 14->26(40)
[48.696s][info][gc,heap        ] GC(288) Old regions: 13->13
[48.696s][info][gc,heap        ] GC(288) Archive regions: 0->0
[48.696s][info][gc,heap        ] GC(288) Humongous regions: 3->3
[48.696s][info][gc,metaspace   ] GC(288) Metaspace: 8610K(8832K)->8610K(8832K) NonClass: 7458K(7552K)->7458K(7552K) Class: 1151K(1280K)->1151K(1280K)
[48.696s][info][gc             ] GC(288) Pause Young (Normal) (G1 Evacuation Pause) 324M->31M(532M) 12.052ms
[48.696s][info][gc,cpu         ] GC(288) User=0.19s Sys=0.00s Real=0.01s
[48.858s][info][gc,start       ] GC(289) Pause Young (Normal) (G1 Evacuation Pause)
[48.858s][info][gc,task        ] GC(289) Using 12 workers of 33 for evacuation
[48.868s][info][gc,phases      ] GC(289)   Pre Evacuate Collection Set: 0.1ms
[48.868s][info][gc,phases      ] GC(289)   Merge Heap Roots: 0.2ms
[48.868s][info][gc,phases      ] GC(289)   Evacuate Collection Set: 9.1ms
[48.868s][info][gc,phases      ] GC(289)   Post Evacuate Collection Set: 0.5ms
[48.868s][info][gc,phases      ] GC(289)   Other: 0.2ms
[48.868s][info][gc,heap        ] GC(289) Eden regions: 293->0(297)
[48.868s][info][gc,heap        ] GC(289) Survivor regions: 26->22(40)
[48.868s][info][gc,heap        ] GC(289) Old regions: 13->17
[48.868s][info][gc,heap        ] GC(289) Archive regions: 0->0
[48.868s][info][gc,heap        ] GC(289) Humongous regions: 3->3
[48.868s][info][gc,metaspace   ] GC(289) Metaspace: 8610K(8832K)->8610K(8832K) NonClass: 7458K(7552K)->7458K(7552K) Class: 1151K(1280K)->1151K(1280K)
[48.868s][info][gc             ] GC(289) Pause Young (Normal) (G1 Evacuation Pause) 324M->32M(532M) 10.524ms
[48.868s][info][gc,cpu         ] GC(289) User=0.19s Sys=0.00s Real=0.01s
[49.021s][info][gc,start       ] GC(290) Pause Young (Normal) (G1 Evacuation Pause)
[49.021s][info][gc,task        ] GC(290) Using 12 workers of 33 for evacuation
[49.029s][info][gc,phases      ] GC(290)   Pre Evacuate Collection Set: 0.1ms
[49.029s][info][gc,phases      ] GC(290)   Merge Heap Roots: 0.1ms
[49.029s][info][gc,phases      ] GC(290)   Evacuate Collection Set: 7.6ms
[49.029s][info][gc,phases      ] GC(290)   Post Evacuate Collection Set: 0.4ms
[49.029s][info][gc,phases      ] GC(290)   Other: 0.2ms
[49.029s][info][gc,heap        ] GC(290) Eden regions: 297->0(296)
[49.029s][info][gc,heap        ] GC(290) Survivor regions: 22->23(40)
[49.029s][info][gc,heap        ] GC(290) Old regions: 17->17
[49.029s][info][gc,heap        ] GC(290) Archive regions: 0->0
[49.029s][info][gc,heap        ] GC(290) Humongous regions: 3->3
[49.029s][info][gc,metaspace   ] GC(290) Metaspace: 8610K(8832K)->8610K(8832K) NonClass: 7458K(7552K)->7458K(7552K) Class: 1151K(1280K)->1151K(1280K)
[49.030s][info][gc             ] GC(290) Pause Young (Normal) (G1 Evacuation Pause) 329M->33M(532M) 9.018ms
[49.030s][info][gc,cpu         ] GC(290) User=0.19s Sys=0.00s Real=0.01s
[49.204s][info][gc,start       ] GC(291) Pause Young (Normal) (G1 Evacuation Pause)
[49.204s][info][gc,task        ] GC(291) Using 12 workers of 33 for evacuation
[49.213s][info][gc,phases      ] GC(291)   Pre Evacuate Collection Set: 0.1ms
[49.213s][info][gc,phases      ] GC(291)   Merge Heap Roots: 0.2ms
[49.213s][info][gc,phases      ] GC(291)   Evacuate Collection Set: 8.4ms
[49.213s][info][gc,phases      ] GC(291)   Post Evacuate Collection Set: 0.5ms
[49.213s][info][gc,phases      ] GC(291)   Other: 0.2ms
[49.213s][info][gc,heap        ] GC(291) Eden regions: 296->0(299)
[49.213s][info][gc,heap        ] GC(291) Survivor regions: 23->20(40)
[49.213s][info][gc,heap        ] GC(291) Old regions: 17->21
[49.213s][info][gc,heap        ] GC(291) Archive regions: 0->0
[49.213s][info][gc,heap        ] GC(291) Humongous regions: 3->3
[49.213s][info][gc,metaspace   ] GC(291) Metaspace: 8610K(8832K)->8610K(8832K) NonClass: 7458K(7552K)->7458K(7552K) Class: 1151K(1280K)->1151K(1280K)
[49.214s][info][gc             ] GC(291) Pause Young (Normal) (G1 Evacuation Pause) 329M->34M(532M) 9.830ms
[49.214s][info][gc,cpu         ] GC(291) User=0.00s Sys=0.00s Real=0.00s
[49.397s][info][gc,start       ] GC(292) Pause Young (Normal) (G1 Evacuation Pause)
[49.397s][info][gc,task        ] GC(292) Using 12 workers of 33 for evacuation
[49.406s][info][gc,phases      ] GC(292)   Pre Evacuate Collection Set: 0.1ms
[49.406s][info][gc,phases      ] GC(292)   Merge Heap Roots: 0.3ms
[49.406s][info][gc,phases      ] GC(292)   Evacuate Collection Set: 8.0ms
[49.406s][info][gc,phases      ] GC(292)   Post Evacuate Collection Set: 0.4ms
[49.406s][info][gc,phases      ] GC(292)   Other: 0.2ms
[49.406s][info][gc,heap        ] GC(292) Eden regions: 299->0(299)
[49.406s][info][gc,heap        ] GC(292) Survivor regions: 20->20(40)
[49.406s][info][gc,heap        ] GC(292) Old regions: 21->21
[49.406s][info][gc,heap        ] GC(292) Archive regions: 0->0
[49.406s][info][gc,heap        ] GC(292) Humongous regions: 3->3
[49.406s][info][gc,metaspace   ] GC(292) Metaspace: 8610K(8832K)->8610K(8832K) NonClass: 7458K(7552K)->7458K(7552K) Class: 1151K(1280K)->1151K(1280K)
[49.406s][info][gc             ] GC(292) Pause Young (Normal) (G1 Evacuation Pause) 333M->34M(532M) 9.541ms
[49.406s][info][gc,cpu         ] GC(292) User=0.19s Sys=0.00s Real=0.00s
[49.575s][info][gc,start       ] GC(293) Pause Young (Normal) (G1 Evacuation Pause)
[49.575s][info][gc,task        ] GC(293) Using 12 workers of 33 for evacuation
[49.584s][info][gc,phases      ] GC(293)   Pre Evacuate Collection Set: 0.1ms
[49.584s][info][gc,phases      ] GC(293)   Merge Heap Roots: 0.2ms
[49.584s][info][gc,phases      ] GC(293)   Evacuate Collection Set: 7.5ms
[49.584s][info][gc,phases      ] GC(293)   Post Evacuate Collection Set: 0.4ms
[49.584s][info][gc,phases      ] GC(293)   Other: 0.2ms
[49.584s][info][gc,heap        ] GC(293) Eden regions: 299->0(298)
[49.584s][info][gc,heap        ] GC(293) Survivor regions: 20->21(40)
[49.584s][info][gc,heap        ] GC(293) Old regions: 21->21
[49.584s][info][gc,heap        ] GC(293) Archive regions: 0->0
[49.584s][info][gc,heap        ] GC(293) Humongous regions: 3->3
[49.584s][info][gc,metaspace   ] GC(293) Metaspace: 8610K(8832K)->8610K(8832K) NonClass: 7458K(7552K)->7458K(7552K) Class: 1151K(1280K)->1151K(1280K)
[49.584s][info][gc             ] GC(293) Pause Young (Normal) (G1 Evacuation Pause) 333M->35M(532M) 8.807ms
[49.584s][info][gc,cpu         ] GC(293) User=0.19s Sys=0.00s Real=0.02s
[49.759s][info][gc,start       ] GC(294) Pause Young (Normal) (G1 Evacuation Pause)
[49.759s][info][gc,task        ] GC(294) Using 12 workers of 33 for evacuation
[49.769s][info][gc,phases      ] GC(294)   Pre Evacuate Collection Set: 0.1ms
[49.770s][info][gc,phases      ] GC(294)   Merge Heap Roots: 0.1ms
[49.770s][info][gc,phases      ] GC(294)   Evacuate Collection Set: 9.5ms
[49.770s][info][gc,phases      ] GC(294)   Post Evacuate Collection Set: 0.5ms
[49.770s][info][gc,phases      ] GC(294)   Other: 0.2ms
[49.770s][info][gc,heap        ] GC(294) Eden regions: 298->0(296)
[49.770s][info][gc,heap        ] GC(294) Survivor regions: 21->23(40)
[49.770s][info][gc,heap        ] GC(294) Old regions: 21->21
[49.770s][info][gc,heap        ] GC(294) Archive regions: 0->0
[49.770s][info][gc,heap        ] GC(294) Humongous regions: 3->3
[49.770s][info][gc,metaspace   ] GC(294) Metaspace: 8610K(8832K)->8610K(8832K) NonClass: 7458K(7552K)->7458K(7552K) Class: 1151K(1280K)->1151K(1280K)
[49.770s][info][gc             ] GC(294) Pause Young (Normal) (G1 Evacuation Pause) 333M->37M(532M) 10.993ms
[49.770s][info][gc,cpu         ] GC(294) User=0.00s Sys=0.00s Real=0.01s
[49.921s][info][gc,start       ] GC(295) Pause Young (Normal) (G1 Evacuation Pause)
[49.921s][info][gc,task        ] GC(295) Using 12 workers of 33 for evacuation
[49.930s][info][gc,phases      ] GC(295)   Pre Evacuate Collection Set: 0.1ms
[49.930s][info][gc,phases      ] GC(295)   Merge Heap Roots: 0.2ms
[49.930s][info][gc,phases      ] GC(295)   Evacuate Collection Set: 7.9ms
[49.930s][info][gc,phases      ] GC(295)   Post Evacuate Collection Set: 0.4ms
[49.930s][info][gc,phases      ] GC(295)   Other: 0.2ms
[49.930s][info][gc,heap        ] GC(295) Eden regions: 296->0(296)
[49.930s][info][gc,heap        ] GC(295) Survivor regions: 23->23(40)
[49.930s][info][gc,heap        ] GC(295) Old regions: 21->21
[49.930s][info][gc,heap        ] GC(295) Archive regions: 0->0
[49.930s][info][gc,heap        ] GC(295) Humongous regions: 3->3
[49.930s][info][gc,metaspace   ] GC(295) Metaspace: 8610K(8832K)->8610K(8832K) NonClass: 7458K(7552K)->7458K(7552K) Class: 1151K(1280K)->1151K(1280K)
[49.930s][info][gc             ] GC(295) Pause Young (Normal) (G1 Evacuation Pause) 333M->37M(532M) 9.368ms
[49.930s][info][gc,cpu         ] GC(295) User=0.19s Sys=0.00s Real=0.02s
[50.085s][info][gc,start       ] GC(296) Pause Young (Normal) (G1 Evacuation Pause)
[50.085s][info][gc,task        ] GC(296) Using 12 workers of 33 for evacuation
[50.094s][info][gc,phases      ] GC(296)   Pre Evacuate Collection Set: 0.1ms
[50.094s][info][gc,phases      ] GC(296)   Merge Heap Roots: 0.2ms
[50.094s][info][gc,phases      ] GC(296)   Evacuate Collection Set: 7.9ms
[50.094s][info][gc,phases      ] GC(296)   Post Evacuate Collection Set: 0.4ms
[50.094s][info][gc,phases      ] GC(296)   Other: 0.2ms
[50.094s][info][gc,heap        ] GC(296) Eden regions: 296->0(308)
[50.094s][info][gc,heap        ] GC(296) Survivor regions: 23->11(40)
[50.094s][info][gc,heap        ] GC(296) Old regions: 21->36
[50.094s][info][gc,heap        ] GC(296) Archive regions: 0->0
[50.094s][info][gc,heap        ] GC(296) Humongous regions: 3->3
[50.094s][info][gc,metaspace   ] GC(296) Metaspace: 8610K(8832K)->8610K(8832K) NonClass: 7458K(7552K)->7458K(7552K) Class: 1151K(1280K)->1151K(1280K)
[50.095s][info][gc             ] GC(296) Pause Young (Normal) (G1 Evacuation Pause) 333M->40M(532M) 9.200ms
[50.095s][info][gc,cpu         ] GC(296) User=0.19s Sys=0.00s Real=0.02s
[50.614s][info][gc,start       ] GC(297) Pause Full (System.gc())
[50.614s][info][gc,task        ] GC(297) Using 12 workers of 33 for full compaction
[50.614s][info][gc,phases,start] GC(297) Phase 1: Mark live objects
[50.618s][info][gc,phases      ] GC(297) Phase 1: Mark live objects 3.303ms
[50.618s][info][gc,phases,start] GC(297) Phase 2: Prepare compaction
[50.619s][info][gc,phases      ] GC(297) Phase 2: Prepare compaction 0.884ms
[50.619s][info][gc,phases,start] GC(297) Phase 3: Adjust pointers
[50.621s][info][gc,phases      ] GC(297) Phase 3: Adjust pointers 2.666ms
[50.621s][info][gc,phases,start] GC(297) Phase 4: Compact heap
[50.622s][info][gc,phases      ] GC(297) Phase 4: Compact heap 0.635ms
[50.626s][info][gc,heap        ] GC(297) Eden regions: 253->0(24)
[50.626s][info][gc,heap        ] GC(297) Survivor regions: 11->0(40)
[50.626s][info][gc,heap        ] GC(297) Old regions: 36->12
[50.626s][info][gc,heap        ] GC(297) Archive regions: 0->0
[50.626s][info][gc,heap        ] GC(297) Humongous regions: 22->0
[50.626s][info][gc,metaspace   ] GC(297) Metaspace: 8610K(8832K)->8610K(8832K) NonClass: 7459K(7552K)->7459K(7552K) Class: 1151K(1280K)->1151K(1280K)
[50.626s][info][gc             ] GC(297) Pause Full (System.gc()) 312M->3M(40M) 12.143ms
[50.626s][info][gc,cpu         ] GC(297) User=0.19s Sys=0.00s Real=0.02s
[50.641s][info][gc,start       ] GC(298) Pause Young (Normal) (G1 Evacuation Pause)
[50.641s][info][gc,task        ] GC(298) Using 7 workers of 33 for evacuation
[50.642s][info][gc,phases      ] GC(298)   Pre Evacuate Collection Set: 0.1ms
[50.642s][info][gc,phases      ] GC(298)   Merge Heap Roots: 0.0ms
[50.642s][info][gc,phases      ] GC(298)   Evacuate Collection Set: 0.3ms
[50.642s][info][gc,phases      ] GC(298)   Post Evacuate Collection Set: 0.2ms
[50.642s][info][gc,phases      ] GC(298)   Other: 0.1ms
[50.642s][info][gc,heap        ] GC(298) Eden regions: 24->0(22)
[50.642s][info][gc,heap        ] GC(298) Survivor regions: 0->2(3)
[50.642s][info][gc,heap        ] GC(298) Old regions: 12->12
[50.642s][info][gc,heap        ] GC(298) Archive regions: 0->0
[50.642s][info][gc,heap        ] GC(298) Humongous regions: 0->0
[50.642s][info][gc,metaspace   ] GC(298) Metaspace: 8611K(8832K)->8611K(8832K) NonClass: 7459K(7552K)->7459K(7552K) Class: 1151K(1280K)->1151K(1280K)
[50.642s][info][gc             ] GC(298) Pause Young (Normal) (G1 Evacuation Pause) 27M->5M(40M) 1.162ms
[50.642s][info][gc,cpu         ] GC(298) User=0.00s Sys=0.00s Real=0.00s
[50.653s][info][gc,start       ] GC(299) Pause Young (Normal) (G1 Evacuation Pause)
[50.653s][info][gc,task        ] GC(299) Using 4 workers of 33 for evacuation
[50.654s][info][gc,phases      ] GC(299)   Pre Evacuate Collection Set: 0.0ms
[50.654s][info][gc,phases      ] GC(299)   Merge Heap Roots: 0.0ms
[50.654s][info][gc,phases      ] GC(299)   Evacuate Collection Set: 0.3ms
[50.654s][info][gc,phases      ] GC(299)   Post Evacuate Collection Set: 0.2ms
[50.654s][info][gc,phases      ] GC(299)   Other: 0.1ms
[50.654s][info][gc,heap        ] GC(299) Eden regions: 22->0(23)
[50.654s][info][gc,heap        ] GC(299) Survivor regions: 2->1(3)
[50.654s][info][gc,heap        ] GC(299) Old regions: 12->12
[50.654s][info][gc,heap        ] GC(299) Archive regions: 0->0
[50.654s][info][gc,heap        ] GC(299) Humongous regions: 0->0
[50.654s][info][gc,metaspace   ] GC(299) Metaspace: 8611K(8832K)->8611K(8832K) NonClass: 7459K(7552K)->7459K(7552K) Class: 1151K(1280K)->1151K(1280K)
[50.654s][info][gc             ] GC(299) Pause Young (Normal) (G1 Evacuation Pause) 27M->3M(40M) 1.102ms
[50.654s][info][gc,cpu         ] GC(299) User=0.00s Sys=0.00s Real=0.00s
[50.666s][info][gc,start       ] GC(300) Pause Young (Normal) (G1 Evacuation Pause)
[50.666s][info][gc,task        ] GC(300) Using 3 workers of 33 for evacuation
[50.667s][info][gc,phases      ] GC(300)   Pre Evacuate Collection Set: 0.1ms
[50.667s][info][gc,phases      ] GC(300)   Merge Heap Roots: 0.0ms
[50.667s][info][gc,phases      ] GC(300)   Evacuate Collection Set: 0.6ms
[50.667s][info][gc,phases      ] GC(300)   Post Evacuate Collection Set: 0.2ms
[50.667s][info][gc,phases      ] GC(300)   Other: 0.1ms
[50.667s][info][gc,heap        ] GC(300) Eden regions: 23->0(23)
[50.667s][info][gc,heap        ] GC(300) Survivor regions: 1->1(3)
[50.667s][info][gc,heap        ] GC(300) Old regions: 12->12
[50.667s][info][gc,heap        ] GC(300) Archive regions: 0->0
[50.667s][info][gc,heap        ] GC(300) Humongous regions: 0->0
[50.667s][info][gc,metaspace   ] GC(300) Metaspace: 8611K(8832K)->8611K(8832K) NonClass: 7459K(7552K)->7459K(7552K) Class: 1151K(1280K)->1151K(1280K)
[50.668s][info][gc             ] GC(300) Pause Young (Normal) (G1 Evacuation Pause) 26M->3M(40M) 1.382ms
[50.668s][info][gc,cpu         ] GC(300) User=0.00s Sys=0.00s Real=0.00s
[50.679s][info][gc,start       ] GC(301) Pause Young (Normal) (G1 Evacuation Pause)
[50.679s][info][gc,task        ] GC(301) Using 2 workers of 33 for evacuation
[50.682s][info][gc,phases      ] GC(301)   Pre Evacuate Collection Set: 0.1ms
[50.682s][info][gc,phases      ] GC(301)   Merge Heap Roots: 0.0ms
[50.682s][info][gc,phases      ] GC(301)   Evacuate Collection Set: 0.5ms
[50.682s][info][gc,phases      ] GC(301)   Post Evacuate Collection Set: 2.3ms
[50.682s][info][gc,phases      ] GC(301)   Other: 0.1ms
[50.682s][info][gc,heap        ] GC(301) Eden regions: 23->0(318)
[50.682s][info][gc,heap        ] GC(301) Survivor regions: 1->1(3)
[50.682s][info][gc,heap        ] GC(301) Old regions: 12->12
[50.682s][info][gc,heap        ] GC(301) Archive regions: 0->0
[50.682s][info][gc,heap        ] GC(301) Humongous regions: 0->0
[50.682s][info][gc,metaspace   ] GC(301) Metaspace: 8611K(8832K)->8611K(8832K) NonClass: 7459K(7552K)->7459K(7552K) Class: 1151K(1280K)->1151K(1280K)
[50.682s][info][gc             ] GC(301) Pause Young (Normal) (G1 Evacuation Pause) 26M->3M(532M) 3.472ms
[50.682s][info][gc,cpu         ] GC(301) User=0.00s Sys=0.00s Real=0.00s
[50.845s][info][gc,start       ] GC(302) Pause Young (Normal) (G1 Evacuation Pause)
[50.845s][info][gc,task        ] GC(302) Using 12 workers of 33 for evacuation
[50.847s][info][gc,phases      ] GC(302)   Pre Evacuate Collection Set: 0.1ms
[50.847s][info][gc,phases      ] GC(302)   Merge Heap Roots: 0.1ms
[50.847s][info][gc,phases      ] GC(302)   Evacuate Collection Set: 0.8ms
[50.847s][info][gc,phases      ] GC(302)   Post Evacuate Collection Set: 0.4ms
[50.847s][info][gc,phases      ] GC(302)   Other: 0.2ms
[50.847s][info][gc,heap        ] GC(302) Eden regions: 318->0(317)
[50.847s][info][gc,heap        ] GC(302) Survivor regions: 1->2(40)
[50.847s][info][gc,heap        ] GC(302) Old regions: 12->12
[50.847s][info][gc,heap        ] GC(302) Archive regions: 0->0
[50.847s][info][gc,heap        ] GC(302) Humongous regions: 0->0
[50.847s][info][gc,metaspace   ] GC(302) Metaspace: 8611K(8832K)->8611K(8832K) NonClass: 7459K(7552K)->7459K(7552K) Class: 1151K(1280K)->1151K(1280K)
[50.847s][info][gc             ] GC(302) Pause Young (Normal) (G1 Evacuation Pause) 321M->4M(532M) 2.138ms
[50.848s][info][gc,cpu         ] GC(302) User=0.00s Sys=0.00s Real=0.00s
[51.035s][info][gc,start       ] GC(303) Pause Young (Normal) (G1 Evacuation Pause)
[51.035s][info][gc,task        ] GC(303) Using 12 workers of 33 for evacuation
[51.037s][info][gc,phases      ] GC(303)   Pre Evacuate Collection Set: 0.1ms
[51.037s][info][gc,phases      ] GC(303)   Merge Heap Roots: 0.1ms
[51.037s][info][gc,phases      ] GC(303)   Evacuate Collection Set: 1.2ms
[51.037s][info][gc,phases      ] GC(303)   Post Evacuate Collection Set: 0.4ms
[51.037s][info][gc,phases      ] GC(303)   Other: 0.2ms
[51.037s][info][gc,heap        ] GC(303) Eden regions: 317->0(316)
[51.037s][info][gc,heap        ] GC(303) Survivor regions: 2->3(40)
[51.037s][info][gc,heap        ] GC(303) Old regions: 12->12
[51.037s][info][gc,heap        ] GC(303) Archive regions: 0->0
[51.037s][info][gc,heap        ] GC(303) Humongous regions: 0->0
[51.037s][info][gc,metaspace   ] GC(303) Metaspace: 8611K(8832K)->8611K(8832K) NonClass: 7459K(7552K)->7459K(7552K) Class: 1151K(1280K)->1151K(1280K)
[51.037s][info][gc             ] GC(303) Pause Young (Normal) (G1 Evacuation Pause) 321M->5M(532M) 2.651ms
[51.037s][info][gc,cpu         ] GC(303) User=0.00s Sys=0.00s Real=0.00s
[51.245s][info][gc,start       ] GC(304) Pause Young (Normal) (G1 Evacuation Pause)
[51.245s][info][gc,task        ] GC(304) Using 12 workers of 33 for evacuation
[51.247s][info][gc,phases      ] GC(304)   Pre Evacuate Collection Set: 0.1ms
[51.247s][info][gc,phases      ] GC(304)   Merge Heap Roots: 0.1ms
[51.248s][info][gc,phases      ] GC(304)   Evacuate Collection Set: 1.4ms
[51.248s][info][gc,phases      ] GC(304)   Post Evacuate Collection Set: 0.4ms
[51.248s][info][gc,phases      ] GC(304)   Other: 0.2ms
[51.248s][info][gc,heap        ] GC(304) Eden regions: 316->0(315)
[51.248s][info][gc,heap        ] GC(304) Survivor regions: 3->4(40)
[51.248s][info][gc,heap        ] GC(304) Old regions: 12->12
[51.248s][info][gc,heap        ] GC(304) Archive regions: 0->0
[51.248s][info][gc,heap        ] GC(304) Humongous regions: 0->0
[51.248s][info][gc,metaspace   ] GC(304) Metaspace: 8611K(8832K)->8611K(8832K) NonClass: 7459K(7552K)->7459K(7552K) Class: 1151K(1280K)->1151K(1280K)
[51.248s][info][gc             ] GC(304) Pause Young (Normal) (G1 Evacuation Pause) 321M->6M(532M) 2.779ms
[51.248s][info][gc,cpu         ] GC(304) User=0.00s Sys=0.00s Real=0.00s
[51.425s][info][gc,start       ] GC(305) Pause Young (Normal) (G1 Evacuation Pause)
[51.425s][info][gc,task        ] GC(305) Using 12 workers of 33 for evacuation
[51.427s][info][gc,phases      ] GC(305)   Pre Evacuate Collection Set: 0.1ms
[51.427s][info][gc,phases      ] GC(305)   Merge Heap Roots: 0.1ms
[51.428s][info][gc,phases      ] GC(305)   Evacuate Collection Set: 1.6ms
[51.428s][info][gc,phases      ] GC(305)   Post Evacuate Collection Set: 0.4ms
[51.428s][info][gc,phases      ] GC(305)   Other: 0.1ms
[51.428s][info][gc,heap        ] GC(305) Eden regions: 315->0(314)
[51.428s][info][gc,heap        ] GC(305) Survivor regions: 4->5(40)
[51.428s][info][gc,heap        ] GC(305) Old regions: 12->12
[51.428s][info][gc,heap        ] GC(305) Archive regions: 0->0
[51.428s][info][gc,heap        ] GC(305) Humongous regions: 0->0
[51.428s][info][gc,metaspace   ] GC(305) Metaspace: 8611K(8832K)->8611K(8832K) NonClass: 7459K(7552K)->7459K(7552K) Class: 1151K(1280K)->1151K(1280K)
[51.428s][info][gc             ] GC(305) Pause Young (Normal) (G1 Evacuation Pause) 321M->7M(532M) 2.909ms
[51.428s][info][gc,cpu         ] GC(305) User=0.00s Sys=0.02s Real=0.02s
[51.605s][info][gc,start       ] GC(306) Pause Young (Normal) (G1 Evacuation Pause)
[51.605s][info][gc,task        ] GC(306) Using 12 workers of 33 for evacuation
[51.608s][info][gc,phases      ] GC(306)   Pre Evacuate Collection Set: 0.1ms
[51.608s][info][gc,phases      ] GC(306)   Merge Heap Roots: 0.1ms
[51.608s][info][gc,phases      ] GC(306)   Evacuate Collection Set: 2.4ms
[51.608s][info][gc,phases      ] GC(306)   Post Evacuate Collection Set: 0.4ms
[51.608s][info][gc,phases      ] GC(306)   Other: 0.1ms
[51.608s][info][gc,heap        ] GC(306) Eden regions: 314->0(313)
[51.608s][info][gc,heap        ] GC(306) Survivor regions: 5->6(40)
[51.608s][info][gc,heap        ] GC(306) Old regions: 12->12
[51.608s][info][gc,heap        ] GC(306) Archive regions: 0->0
[51.608s][info][gc,heap        ] GC(306) Humongous regions: 0->0
[51.608s][info][gc,metaspace   ] GC(306) Metaspace: 8611K(8832K)->8611K(8832K) NonClass: 7459K(7552K)->7459K(7552K) Class: 1151K(1280K)->1151K(1280K)
[51.608s][info][gc             ] GC(306) Pause Young (Normal) (G1 Evacuation Pause) 321M->8M(532M) 3.653ms
[51.608s][info][gc,cpu         ] GC(306) User=0.00s Sys=0.00s Real=0.00s
[51.776s][info][gc,start       ] GC(307) Pause Young (Normal) (G1 Evacuation Pause)
[51.776s][info][gc,task        ] GC(307) Using 12 workers of 33 for evacuation
[51.779s][info][gc,phases      ] GC(307)   Pre Evacuate Collection Set: 0.1ms
[51.779s][info][gc,phases      ] GC(307)   Merge Heap Roots: 0.1ms
[51.779s][info][gc,phases      ] GC(307)   Evacuate Collection Set: 2.2ms
[51.779s][info][gc,phases      ] GC(307)   Post Evacuate Collection Set: 0.4ms
[51.779s][info][gc,phases      ] GC(307)   Other: 0.2ms
[51.779s][info][gc,heap        ] GC(307) Eden regions: 313->0(312)
[51.779s][info][gc,heap        ] GC(307) Survivor regions: 6->7(40)
[51.779s][info][gc,heap        ] GC(307) Old regions: 12->12
[51.779s][info][gc,heap        ] GC(307) Archive regions: 0->0
[51.779s][info][gc,heap        ] GC(307) Humongous regions: 0->0
[51.779s][info][gc,metaspace   ] GC(307) Metaspace: 8611K(8832K)->8611K(8832K) NonClass: 7459K(7552K)->7459K(7552K) Class: 1151K(1280K)->1151K(1280K)
[51.779s][info][gc             ] GC(307) Pause Young (Normal) (G1 Evacuation Pause) 321M->10M(532M) 3.532ms
[51.779s][info][gc,cpu         ] GC(307) User=0.00s Sys=0.00s Real=0.00s
[51.940s][info][gc,start       ] GC(308) Pause Young (Normal) (G1 Evacuation Pause)
[51.940s][info][gc,task        ] GC(308) Using 12 workers of 33 for evacuation
[51.944s][info][gc,phases      ] GC(308)   Pre Evacuate Collection Set: 0.1ms
[51.944s][info][gc,phases      ] GC(308)   Merge Heap Roots: 0.1ms
[51.944s][info][gc,phases      ] GC(308)   Evacuate Collection Set: 2.5ms
[51.944s][info][gc,phases      ] GC(308)   Post Evacuate Collection Set: 0.4ms
[51.944s][info][gc,phases      ] GC(308)   Other: 0.1ms
[51.944s][info][gc,heap        ] GC(308) Eden regions: 312->0(311)
[51.944s][info][gc,heap        ] GC(308) Survivor regions: 7->8(40)
[51.944s][info][gc,heap        ] GC(308) Old regions: 12->12
[51.944s][info][gc,heap        ] GC(308) Archive regions: 0->0
[51.944s][info][gc,heap        ] GC(308) Humongous regions: 0->0
[51.944s][info][gc,metaspace   ] GC(308) Metaspace: 8611K(8832K)->8611K(8832K) NonClass: 7459K(7552K)->7459K(7552K) Class: 1151K(1280K)->1151K(1280K)
[51.944s][info][gc             ] GC(308) Pause Young (Normal) (G1 Evacuation Pause) 322M->10M(532M) 3.764ms
[51.944s][info][gc,cpu         ] GC(308) User=0.00s Sys=0.00s Real=0.00s
[52.123s][info][gc,start       ] GC(309) Pause Young (Normal) (G1 Evacuation Pause)
[52.123s][info][gc,task        ] GC(309) Using 12 workers of 33 for evacuation
[52.127s][info][gc,phases      ] GC(309)   Pre Evacuate Collection Set: 0.1ms
[52.127s][info][gc,phases      ] GC(309)   Merge Heap Roots: 0.1ms
[52.127s][info][gc,phases      ] GC(309)   Evacuate Collection Set: 2.8ms
[52.127s][info][gc,phases      ] GC(309)   Post Evacuate Collection Set: 0.4ms
[52.127s][info][gc,phases      ] GC(309)   Other: 0.1ms
[52.127s][info][gc,heap        ] GC(309) Eden regions: 311->0(310)
[52.127s][info][gc,heap        ] GC(309) Survivor regions: 8->9(40)
[52.127s][info][gc,heap        ] GC(309) Old regions: 12->12
[52.127s][info][gc,heap        ] GC(309) Archive regions: 0->0
[52.127s][info][gc,heap        ] GC(309) Humongous regions: 0->0
[52.127s][info][gc,metaspace   ] GC(309) Metaspace: 8611K(8832K)->8611K(8832K) NonClass: 7459K(7552K)->7459K(7552K) Class: 1151K(1280K)->1151K(1280K)
[52.127s][info][gc             ] GC(309) Pause Young (Normal) (G1 Evacuation Pause) 321M->11M(532M) 4.121ms
[52.127s][info][gc,cpu         ] GC(309) User=0.00s Sys=0.03s Real=0.02s
[52.312s][info][gc,start       ] GC(310) Pause Young (Normal) (G1 Evacuation Pause)
[52.312s][info][gc,task        ] GC(310) Using 12 workers of 33 for evacuation
[52.316s][info][gc,phases      ] GC(310)   Pre Evacuate Collection Set: 0.1ms
[52.316s][info][gc,phases      ] GC(310)   Merge Heap Roots: 0.1ms
[52.316s][info][gc,phases      ] GC(310)   Evacuate Collection Set: 3.3ms
[52.316s][info][gc,phases      ] GC(310)   Post Evacuate Collection Set: 0.4ms
[52.316s][info][gc,phases      ] GC(310)   Other: 0.1ms
[52.316s][info][gc,heap        ] GC(310) Eden regions: 310->0(309)
[52.316s][info][gc,heap        ] GC(310) Survivor regions: 9->10(40)
[52.316s][info][gc,heap        ] GC(310) Old regions: 12->12
[52.316s][info][gc,heap        ] GC(310) Archive regions: 0->0
[52.316s][info][gc,heap        ] GC(310) Humongous regions: 0->0
[52.316s][info][gc,metaspace   ] GC(310) Metaspace: 8611K(8832K)->8611K(8832K) NonClass: 7459K(7552K)->7459K(7552K) Class: 1151K(1280K)->1151K(1280K)
[52.316s][info][gc             ] GC(310) Pause Young (Normal) (G1 Evacuation Pause) 321M->13M(532M) 4.614ms
[52.316s][info][gc,cpu         ] GC(310) User=0.00s Sys=0.00s Real=0.00s
[52.474s][info][gc,start       ] GC(311) Pause Young (Normal) (G1 Evacuation Pause)
[52.474s][info][gc,task        ] GC(311) Using 12 workers of 33 for evacuation
[52.478s][info][gc,phases      ] GC(311)   Pre Evacuate Collection Set: 0.1ms
[52.478s][info][gc,phases      ] GC(311)   Merge Heap Roots: 0.1ms
[52.478s][info][gc,phases      ] GC(311)   Evacuate Collection Set: 3.3ms
[52.478s][info][gc,phases      ] GC(311)   Post Evacuate Collection Set: 0.4ms
[52.478s][info][gc,phases      ] GC(311)   Other: 0.1ms
[52.478s][info][gc,heap        ] GC(311) Eden regions: 309->0(308)
[52.478s][info][gc,heap        ] GC(311) Survivor regions: 10->11(40)
[52.478s][info][gc,heap        ] GC(311) Old regions: 12->12
[52.478s][info][gc,heap        ] GC(311) Archive regions: 0->0
[52.478s][info][gc,heap        ] GC(311) Humongous regions: 0->0
[52.478s][info][gc,metaspace   ] GC(311) Metaspace: 8611K(8832K)->8611K(8832K) NonClass: 7459K(7552K)->7459K(7552K) Class: 1151K(1280K)->1151K(1280K)
[52.478s][info][gc             ] GC(311) Pause Young (Normal) (G1 Evacuation Pause) 322M->14M(532M) 4.602ms
[52.478s][info][gc,cpu         ] GC(311) User=0.00s Sys=0.02s Real=0.02s
[52.644s][info][gc,start       ] GC(312) Pause Young (Normal) (G1 Evacuation Pause)
[52.644s][info][gc,task        ] GC(312) Using 12 workers of 33 for evacuation
[52.648s][info][gc,phases      ] GC(312)   Pre Evacuate Collection Set: 0.1ms
[52.648s][info][gc,phases      ] GC(312)   Merge Heap Roots: 0.1ms
[52.648s][info][gc,phases      ] GC(312)   Evacuate Collection Set: 3.6ms
[52.648s][info][gc,phases      ] GC(312)   Post Evacuate Collection Set: 0.4ms
[52.648s][info][gc,phases      ] GC(312)   Other: 0.1ms
[52.648s][info][gc,heap        ] GC(312) Eden regions: 308->0(307)
[52.648s][info][gc,heap        ] GC(312) Survivor regions: 11->12(40)
[52.648s][info][gc,heap        ] GC(312) Old regions: 12->12
[52.648s][info][gc,heap        ] GC(312) Archive regions: 0->0
[52.648s][info][gc,heap        ] GC(312) Humongous regions: 0->0
[52.648s][info][gc,metaspace   ] GC(312) Metaspace: 8611K(8832K)->8611K(8832K) NonClass: 7459K(7552K)->7459K(7552K) Class: 1151K(1280K)->1151K(1280K)
[52.648s][info][gc             ] GC(312) Pause Young (Normal) (G1 Evacuation Pause) 322M->15M(532M) 4.805ms
[52.648s][info][gc,cpu         ] GC(312) User=0.00s Sys=0.00s Real=0.00s
[52.810s][info][gc,start       ] GC(313) Pause Young (Normal) (G1 Evacuation Pause)
[52.811s][info][gc,task        ] GC(313) Using 12 workers of 33 for evacuation
[52.816s][info][gc,phases      ] GC(313)   Pre Evacuate Collection Set: 0.1ms
[52.816s][info][gc,phases      ] GC(313)   Merge Heap Roots: 0.1ms
[52.816s][info][gc,phases      ] GC(313)   Evacuate Collection Set: 4.3ms
[52.816s][info][gc,phases      ] GC(313)   Post Evacuate Collection Set: 0.4ms
[52.816s][info][gc,phases      ] GC(313)   Other: 0.2ms
[52.816s][info][gc,heap        ] GC(313) Eden regions: 307->0(306)
[52.816s][info][gc,heap        ] GC(313) Survivor regions: 12->13(40)
[52.816s][info][gc,heap        ] GC(313) Old regions: 12->13
[52.816s][info][gc,heap        ] GC(313) Archive regions: 0->0
[52.816s][info][gc,heap        ] GC(313) Humongous regions: 0->0
[52.816s][info][gc,metaspace   ] GC(313) Metaspace: 8611K(8832K)->8611K(8832K) NonClass: 7459K(7552K)->7459K(7552K) Class: 1151K(1280K)->1151K(1280K)
[52.816s][info][gc             ] GC(313) Pause Young (Normal) (G1 Evacuation Pause) 322M->16M(532M) 5.599ms
[52.816s][info][gc,cpu         ] GC(313) User=0.00s Sys=0.00s Real=0.01s
[52.975s][info][gc,start       ] GC(314) Pause Young (Normal) (G1 Evacuation Pause)
[52.975s][info][gc,task        ] GC(314) Using 12 workers of 33 for evacuation
[52.980s][info][gc,phases      ] GC(314)   Pre Evacuate Collection Set: 0.1ms
[52.980s][info][gc,phases      ] GC(314)   Merge Heap Roots: 0.1ms
[52.980s][info][gc,phases      ] GC(314)   Evacuate Collection Set: 3.8ms
[52.980s][info][gc,phases      ] GC(314)   Post Evacuate Collection Set: 0.4ms
[52.980s][info][gc,phases      ] GC(314)   Other: 0.1ms
[52.980s][info][gc,heap        ] GC(314) Eden regions: 306->0(305)
[52.980s][info][gc,heap        ] GC(314) Survivor regions: 13->14(40)
[52.980s][info][gc,heap        ] GC(314) Old regions: 13->13
[52.980s][info][gc,heap        ] GC(314) Archive regions: 0->0
[52.980s][info][gc,heap        ] GC(314) Humongous regions: 0->0
[52.980s][info][gc,metaspace   ] GC(314) Metaspace: 8611K(8832K)->8611K(8832K) NonClass: 7459K(7552K)->7459K(7552K) Class: 1151K(1280K)->1151K(1280K)
[52.980s][info][gc             ] GC(314) Pause Young (Normal) (G1 Evacuation Pause) 322M->16M(532M) 5.110ms
[52.980s][info][gc,cpu         ] GC(314) User=0.00s Sys=0.00s Real=0.00s
[53.173s][info][gc,start       ] GC(315) Pause Young (Normal) (G1 Evacuation Pause)
[53.173s][info][gc,task        ] GC(315) Using 12 workers of 33 for evacuation
[53.185s][info][gc,phases      ] GC(315)   Pre Evacuate Collection Set: 0.1ms
[53.185s][info][gc,phases      ] GC(315)   Merge Heap Roots: 0.2ms
[53.185s][info][gc,phases      ] GC(315)   Evacuate Collection Set: 10.7ms
[53.185s][info][gc,phases      ] GC(315)   Post Evacuate Collection Set: 0.4ms
[53.185s][info][gc,phases      ] GC(315)   Other: 0.2ms
[53.185s][info][gc,heap        ] GC(315) Eden regions: 305->0(294)
[53.185s][info][gc,heap        ] GC(315) Survivor regions: 14->25(40)
[53.185s][info][gc,heap        ] GC(315) Old regions: 13->13
[53.185s][info][gc,heap        ] GC(315) Archive regions: 0->0
[53.185s][info][gc,heap        ] GC(315) Humongous regions: 3->3
[53.185s][info][gc,metaspace   ] GC(315) Metaspace: 8611K(8832K)->8611K(8832K) NonClass: 7459K(7552K)->7459K(7552K) Class: 1151K(1280K)->1151K(1280K)
[53.185s][info][gc             ] GC(315) Pause Young (Normal) (G1 Evacuation Pause) 324M->31M(532M) 11.990ms
[53.185s][info][gc,cpu         ] GC(315) User=0.19s Sys=0.00s Real=0.02s
[53.342s][info][gc,start       ] GC(316) Pause Young (Normal) (G1 Evacuation Pause)
[53.342s][info][gc,task        ] GC(316) Using 12 workers of 33 for evacuation
[53.351s][info][gc,phases      ] GC(316)   Pre Evacuate Collection Set: 0.1ms
[53.351s][info][gc,phases      ] GC(316)   Merge Heap Roots: 0.1ms
[53.351s][info][gc,phases      ] GC(316)   Evacuate Collection Set: 8.4ms
[53.351s][info][gc,phases      ] GC(316)   Post Evacuate Collection Set: 0.4ms
[53.351s][info][gc,phases      ] GC(316)   Other: 0.2ms
[53.351s][info][gc,heap        ] GC(316) Eden regions: 294->0(297)
[53.352s][info][gc,heap        ] GC(316) Survivor regions: 25->22(40)
[53.352s][info][gc,heap        ] GC(316) Old regions: 13->17
[53.352s][info][gc,heap        ] GC(316) Archive regions: 0->0
[53.352s][info][gc,heap        ] GC(316) Humongous regions: 3->3
[53.352s][info][gc,metaspace   ] GC(316) Metaspace: 8611K(8832K)->8611K(8832K) NonClass: 7459K(7552K)->7459K(7552K) Class: 1151K(1280K)->1151K(1280K)
[53.352s][info][gc             ] GC(316) Pause Young (Normal) (G1 Evacuation Pause) 325M->32M(532M) 9.715ms
[53.352s][info][gc,cpu         ] GC(316) User=0.38s Sys=0.00s Real=0.02s
[53.505s][info][gc,start       ] GC(317) Pause Young (Normal) (G1 Evacuation Pause)
[53.505s][info][gc,task        ] GC(317) Using 12 workers of 33 for evacuation
[53.514s][info][gc,phases      ] GC(317)   Pre Evacuate Collection Set: 0.1ms
[53.514s][info][gc,phases      ] GC(317)   Merge Heap Roots: 0.2ms
[53.514s][info][gc,phases      ] GC(317)   Evacuate Collection Set: 7.9ms
[53.514s][info][gc,phases      ] GC(317)   Post Evacuate Collection Set: 0.4ms
[53.514s][info][gc,phases      ] GC(317)   Other: 0.2ms
[53.514s][info][gc,heap        ] GC(317) Eden regions: 297->0(296)
[53.514s][info][gc,heap        ] GC(317) Survivor regions: 22->23(40)
[53.514s][info][gc,heap        ] GC(317) Old regions: 17->17
[53.514s][info][gc,heap        ] GC(317) Archive regions: 0->0
[53.514s][info][gc,heap        ] GC(317) Humongous regions: 3->3
[53.515s][info][gc,metaspace   ] GC(317) Metaspace: 8611K(8832K)->8611K(8832K) NonClass: 7459K(7552K)->7459K(7552K) Class: 1151K(1280K)->1151K(1280K)
[53.515s][info][gc             ] GC(317) Pause Young (Normal) (G1 Evacuation Pause) 329M->33M(532M) 9.266ms
[53.515s][info][gc,cpu         ] GC(317) User=0.19s Sys=0.00s Real=0.01s
[53.673s][info][gc,start       ] GC(318) Pause Young (Normal) (G1 Evacuation Pause)
[53.674s][info][gc,task        ] GC(318) Using 12 workers of 33 for evacuation
[53.682s][info][gc,phases      ] GC(318)   Pre Evacuate Collection Set: 0.1ms
[53.682s][info][gc,phases      ] GC(318)   Merge Heap Roots: 0.1ms
[53.682s][info][gc,phases      ] GC(318)   Evacuate Collection Set: 7.7ms
[53.682s][info][gc,phases      ] GC(318)   Post Evacuate Collection Set: 0.5ms
[53.682s][info][gc,phases      ] GC(318)   Other: 0.2ms
[53.682s][info][gc,heap        ] GC(318) Eden regions: 296->0(300)
[53.682s][info][gc,heap        ] GC(318) Survivor regions: 23->19(40)
[53.682s][info][gc,heap        ] GC(318) Old regions: 17->21
[53.682s][info][gc,heap        ] GC(318) Archive regions: 0->0
[53.682s][info][gc,heap        ] GC(318) Humongous regions: 3->3
[53.682s][info][gc,metaspace   ] GC(318) Metaspace: 8611K(8832K)->8611K(8832K) NonClass: 7459K(7552K)->7459K(7552K) Class: 1151K(1280K)->1151K(1280K)
[53.683s][info][gc             ] GC(318) Pause Young (Normal) (G1 Evacuation Pause) 329M->34M(532M) 9.087ms
[53.683s][info][gc,cpu         ] GC(318) User=0.19s Sys=0.00s Real=0.01s
[53.854s][info][gc,start       ] GC(319) Pause Young (Normal) (G1 Evacuation Pause)
[53.854s][info][gc,task        ] GC(319) Using 12 workers of 33 for evacuation
[53.863s][info][gc,phases      ] GC(319)   Pre Evacuate Collection Set: 0.1ms
[53.863s][info][gc,phases      ] GC(319)   Merge Heap Roots: 0.3ms
[53.863s][info][gc,phases      ] GC(319)   Evacuate Collection Set: 7.8ms
[53.863s][info][gc,phases      ] GC(319)   Post Evacuate Collection Set: 0.5ms
[53.863s][info][gc,phases      ] GC(319)   Other: 0.2ms
[53.863s][info][gc,heap        ] GC(319) Eden regions: 300->0(299)
[53.863s][info][gc,heap        ] GC(319) Survivor regions: 19->20(40)
[53.863s][info][gc,heap        ] GC(319) Old regions: 21->21
[53.863s][info][gc,heap        ] GC(319) Archive regions: 0->0
[53.863s][info][gc,heap        ] GC(319) Humongous regions: 3->3
[53.863s][info][gc,metaspace   ] GC(319) Metaspace: 8611K(8832K)->8611K(8832K) NonClass: 7459K(7552K)->7459K(7552K) Class: 1151K(1280K)->1151K(1280K)
[53.863s][info][gc             ] GC(319) Pause Young (Normal) (G1 Evacuation Pause) 334M->34M(532M) 9.426ms
[53.863s][info][gc,cpu         ] GC(319) User=0.00s Sys=0.00s Real=0.01s
[54.019s][info][gc,start       ] GC(320) Pause Young (Normal) (G1 Evacuation Pause)
[54.019s][info][gc,task        ] GC(320) Using 12 workers of 33 for evacuation
[54.027s][info][gc,phases      ] GC(320)   Pre Evacuate Collection Set: 0.1ms
[54.027s][info][gc,phases      ] GC(320)   Merge Heap Roots: 0.2ms
[54.027s][info][gc,phases      ] GC(320)   Evacuate Collection Set: 7.2ms
[54.028s][info][gc,phases      ] GC(320)   Post Evacuate Collection Set: 0.4ms
[54.028s][info][gc,phases      ] GC(320)   Other: 0.2ms
[54.028s][info][gc,heap        ] GC(320) Eden regions: 299->0(297)
[54.028s][info][gc,heap        ] GC(320) Survivor regions: 20->22(40)
[54.028s][info][gc,heap        ] GC(320) Old regions: 21->21
[54.028s][info][gc,heap        ] GC(320) Archive regions: 0->0
[54.028s][info][gc,heap        ] GC(320) Humongous regions: 3->3
[54.028s][info][gc,metaspace   ] GC(320) Metaspace: 8611K(8832K)->8611K(8832K) NonClass: 7459K(7552K)->7459K(7552K) Class: 1151K(1280K)->1151K(1280K)
[54.028s][info][gc             ] GC(320) Pause Young (Normal) (G1 Evacuation Pause) 333M->36M(532M) 8.531ms
[54.028s][info][gc,cpu         ] GC(320) User=0.19s Sys=0.00s Real=0.02s
[54.187s][info][gc,start       ] GC(321) Pause Young (Normal) (G1 Evacuation Pause)
[54.187s][info][gc,task        ] GC(321) Using 12 workers of 33 for evacuation
[54.196s][info][gc,phases      ] GC(321)   Pre Evacuate Collection Set: 0.1ms
[54.196s][info][gc,phases      ] GC(321)   Merge Heap Roots: 0.2ms
[54.196s][info][gc,phases      ] GC(321)   Evacuate Collection Set: 8.3ms
[54.196s][info][gc,phases      ] GC(321)   Post Evacuate Collection Set: 0.4ms
[54.196s][info][gc,phases      ] GC(321)   Other: 0.2ms
[54.196s][info][gc,heap        ] GC(321) Eden regions: 297->0(297)
[54.196s][info][gc,heap        ] GC(321) Survivor regions: 22->22(40)
[54.196s][info][gc,heap        ] GC(321) Old regions: 21->21
[54.196s][info][gc,heap        ] GC(321) Archive regions: 0->0
[54.196s][info][gc,heap        ] GC(321) Humongous regions: 3->3
[54.196s][info][gc,metaspace   ] GC(321) Metaspace: 8611K(8832K)->8611K(8832K) NonClass: 7459K(7552K)->7459K(7552K) Class: 1151K(1280K)->1151K(1280K)
[54.196s][info][gc             ] GC(321) Pause Young (Normal) (G1 Evacuation Pause) 333M->36M(532M) 9.763ms
[54.197s][info][gc,cpu         ] GC(321) User=0.19s Sys=0.00s Real=0.01s
[54.352s][info][gc,start       ] GC(322) Pause Young (Normal) (G1 Evacuation Pause)
[54.352s][info][gc,task        ] GC(322) Using 12 workers of 33 for evacuation
[54.361s][info][gc,phases      ] GC(322)   Pre Evacuate Collection Set: 0.1ms
[54.361s][info][gc,phases      ] GC(322)   Merge Heap Roots: 0.2ms
[54.361s][info][gc,phases      ] GC(322)   Evacuate Collection Set: 8.2ms
[54.361s][info][gc,phases      ] GC(322)   Post Evacuate Collection Set: 0.4ms
[54.361s][info][gc,phases      ] GC(322)   Other: 0.2ms
[54.361s][info][gc,heap        ] GC(322) Eden regions: 297->0(296)
[54.361s][info][gc,heap        ] GC(322) Survivor regions: 22->23(40)
[54.361s][info][gc,heap        ] GC(322) Old regions: 21->21
[54.361s][info][gc,heap        ] GC(322) Archive regions: 0->0
[54.361s][info][gc,heap        ] GC(322) Humongous regions: 3->3
[54.361s][info][gc,metaspace   ] GC(322) Metaspace: 8611K(8832K)->8611K(8832K) NonClass: 7459K(7552K)->7459K(7552K) Class: 1151K(1280K)->1151K(1280K)
[54.361s][info][gc             ] GC(322) Pause Young (Normal) (G1 Evacuation Pause) 333M->37M(532M) 9.583ms
[54.361s][info][gc,cpu         ] GC(322) User=0.00s Sys=0.00s Real=0.00s
[54.521s][info][gc,start       ] GC(323) Pause Young (Normal) (G1 Evacuation Pause)
[54.521s][info][gc,task        ] GC(323) Using 12 workers of 33 for evacuation
[54.530s][info][gc,phases      ] GC(323)   Pre Evacuate Collection Set: 0.1ms
[54.530s][info][gc,phases      ] GC(323)   Merge Heap Roots: 0.2ms
[54.530s][info][gc,phases      ] GC(323)   Evacuate Collection Set: 8.5ms
[54.530s][info][gc,phases      ] GC(323)   Post Evacuate Collection Set: 0.4ms
[54.530s][info][gc,phases      ] GC(323)   Other: 0.1ms
[54.530s][info][gc,heap        ] GC(323) Eden regions: 296->0(310)
[54.530s][info][gc,heap        ] GC(323) Survivor regions: 23->9(40)
[54.530s][info][gc,heap        ] GC(323) Old regions: 21->36
[54.530s][info][gc,heap        ] GC(323) Archive regions: 0->0
[54.530s][info][gc,heap        ] GC(323) Humongous regions: 3->3
[54.531s][info][gc,metaspace   ] GC(323) Metaspace: 8611K(8832K)->8611K(8832K) NonClass: 7459K(7552K)->7459K(7552K) Class: 1151K(1280K)->1151K(1280K)
[54.531s][info][gc             ] GC(323) Pause Young (Normal) (G1 Evacuation Pause) 333M->38M(532M) 9.849ms
[54.531s][info][gc,cpu         ] GC(323) User=0.19s Sys=0.00s Real=0.02s
[55.042s][info][gc,start       ] GC(324) Pause Full (System.gc())
[55.042s][info][gc,task        ] GC(324) Using 12 workers of 33 for full compaction
[55.043s][info][gc,phases,start] GC(324) Phase 1: Mark live objects
[55.046s][info][gc,phases      ] GC(324) Phase 1: Mark live objects 3.311ms
[55.046s][info][gc,phases,start] GC(324) Phase 2: Prepare compaction
[55.047s][info][gc,phases      ] GC(324) Phase 2: Prepare compaction 0.867ms
[55.047s][info][gc,phases,start] GC(324) Phase 3: Adjust pointers
[55.050s][info][gc,phases      ] GC(324) Phase 3: Adjust pointers 2.634ms
[55.050s][info][gc,phases,start] GC(324) Phase 4: Compact heap
[55.050s][info][gc,phases      ] GC(324) Phase 4: Compact heap 0.600ms
[55.054s][info][gc,heap        ] GC(324) Eden regions: 251->0(24)
[55.054s][info][gc,heap        ] GC(324) Survivor regions: 9->0(40)
[55.054s][info][gc,heap        ] GC(324) Old regions: 36->12
[55.054s][info][gc,heap        ] GC(324) Archive regions: 0->0
[55.054s][info][gc,heap        ] GC(324) Humongous regions: 22->0
[55.054s][info][gc,metaspace   ] GC(324) Metaspace: 8611K(8832K)->8611K(8832K) NonClass: 7459K(7552K)->7459K(7552K) Class: 1151K(1280K)->1151K(1280K)
[55.054s][info][gc             ] GC(324) Pause Full (System.gc()) 308M->3M(40M) 12.103ms
[55.054s][info][gc,cpu         ] GC(324) User=0.00s Sys=0.00s Real=0.00s
[55.081s][info][gc,start       ] GC(325) Pause Young (Normal) (G1 Evacuation Pause)
[55.081s][info][gc,task        ] GC(325) Using 7 workers of 33 for evacuation
[55.082s][info][gc,phases      ] GC(325)   Pre Evacuate Collection Set: 0.1ms
[55.082s][info][gc,phases      ] GC(325)   Merge Heap Roots: 0.0ms
[55.082s][info][gc,phases      ] GC(325)   Evacuate Collection Set: 0.4ms
[55.082s][info][gc,phases      ] GC(325)   Post Evacuate Collection Set: 0.3ms
[55.082s][info][gc,phases      ] GC(325)   Other: 0.1ms
[55.082s][info][gc,heap        ] GC(325) Eden regions: 24->0(22)
[55.082s][info][gc,heap        ] GC(325) Survivor regions: 0->2(3)
[55.082s][info][gc,heap        ] GC(325) Old regions: 12->12
[55.082s][info][gc,heap        ] GC(325) Archive regions: 0->0
[55.082s][info][gc,heap        ] GC(325) Humongous regions: 0->0
[55.082s][info][gc,metaspace   ] GC(325) Metaspace: 8622K(8896K)->8622K(8896K) NonClass: 7471K(7616K)->7471K(7616K) Class: 1151K(1280K)->1151K(1280K)
[55.082s][info][gc             ] GC(325) Pause Young (Normal) (G1 Evacuation Pause) 27M->5M(40M) 1.327ms
[55.082s][info][gc,cpu         ] GC(325) User=0.00s Sys=0.00s Real=0.00s
[55.095s][info][gc,start       ] GC(326) Pause Young (Normal) (G1 Evacuation Pause)
[55.095s][info][gc,task        ] GC(326) Using 4 workers of 33 for evacuation
[55.095s][info][gc,phases      ] GC(326)   Pre Evacuate Collection Set: 0.1ms
[55.095s][info][gc,phases      ] GC(326)   Merge Heap Roots: 0.0ms
[55.095s][info][gc,phases      ] GC(326)   Evacuate Collection Set: 0.3ms
[55.095s][info][gc,phases      ] GC(326)   Post Evacuate Collection Set: 0.2ms
[55.095s][info][gc,phases      ] GC(326)   Other: 0.1ms
[55.095s][info][gc,heap        ] GC(326) Eden regions: 22->0(23)
[55.095s][info][gc,heap        ] GC(326) Survivor regions: 2->1(3)
[55.095s][info][gc,heap        ] GC(326) Old regions: 12->12
[55.095s][info][gc,heap        ] GC(326) Archive regions: 0->0
[55.095s][info][gc,heap        ] GC(326) Humongous regions: 0->0
[55.095s][info][gc,metaspace   ] GC(326) Metaspace: 8622K(8896K)->8622K(8896K) NonClass: 7471K(7616K)->7471K(7616K) Class: 1151K(1280K)->1151K(1280K)
[55.096s][info][gc             ] GC(326) Pause Young (Normal) (G1 Evacuation Pause) 27M->3M(40M) 1.038ms
[55.096s][info][gc,cpu         ] GC(326) User=0.00s Sys=0.00s Real=0.00s
[55.107s][info][gc,start       ] GC(327) Pause Young (Normal) (G1 Evacuation Pause)
[55.107s][info][gc,task        ] GC(327) Using 3 workers of 33 for evacuation
[55.108s][info][gc,phases      ] GC(327)   Pre Evacuate Collection Set: 0.0ms
[55.108s][info][gc,phases      ] GC(327)   Merge Heap Roots: 0.0ms
[55.108s][info][gc,phases      ] GC(327)   Evacuate Collection Set: 0.6ms
[55.108s][info][gc,phases      ] GC(327)   Post Evacuate Collection Set: 0.2ms
[55.108s][info][gc,phases      ] GC(327)   Other: 0.1ms
[55.108s][info][gc,heap        ] GC(327) Eden regions: 23->0(23)
[55.108s][info][gc,heap        ] GC(327) Survivor regions: 1->1(3)
[55.108s][info][gc,heap        ] GC(327) Old regions: 12->12
[55.108s][info][gc,heap        ] GC(327) Archive regions: 0->0
[55.109s][info][gc,heap        ] GC(327) Humongous regions: 0->0
[55.109s][info][gc,metaspace   ] GC(327) Metaspace: 8622K(8896K)->8622K(8896K) NonClass: 7471K(7616K)->7471K(7616K) Class: 1151K(1280K)->1151K(1280K)
[55.109s][info][gc             ] GC(327) Pause Young (Normal) (G1 Evacuation Pause) 26M->3M(40M) 1.368ms
[55.109s][info][gc,cpu         ] GC(327) User=0.00s Sys=0.00s Real=0.00s
[55.120s][info][gc,start       ] GC(328) Pause Young (Normal) (G1 Evacuation Pause)
[55.120s][info][gc,task        ] GC(328) Using 2 workers of 33 for evacuation
[55.124s][info][gc,phases      ] GC(328)   Pre Evacuate Collection Set: 0.0ms
[55.124s][info][gc,phases      ] GC(328)   Merge Heap Roots: 0.0ms
[55.124s][info][gc,phases      ] GC(328)   Evacuate Collection Set: 0.9ms
[55.124s][info][gc,phases      ] GC(328)   Post Evacuate Collection Set: 2.3ms
[55.124s][info][gc,phases      ] GC(328)   Other: 0.1ms
[55.124s][info][gc,heap        ] GC(328) Eden regions: 23->0(318)
[55.124s][info][gc,heap        ] GC(328) Survivor regions: 1->1(3)
[55.124s][info][gc,heap        ] GC(328) Old regions: 12->12
[55.124s][info][gc,heap        ] GC(328) Archive regions: 0->0
[55.124s][info][gc,heap        ] GC(328) Humongous regions: 0->0
[55.124s][info][gc,metaspace   ] GC(328) Metaspace: 8622K(8896K)->8622K(8896K) NonClass: 7471K(7616K)->7471K(7616K) Class: 1151K(1280K)->1151K(1280K)
[55.124s][info][gc             ] GC(328) Pause Young (Normal) (G1 Evacuation Pause) 26M->3M(532M) 3.837ms
[55.124s][info][gc,cpu         ] GC(328) User=0.00s Sys=0.00s Real=0.00s
[55.290s][info][gc,start       ] GC(329) Pause Young (Normal) (G1 Evacuation Pause)
[55.290s][info][gc,task        ] GC(329) Using 12 workers of 33 for evacuation
[55.291s][info][gc,phases      ] GC(329)   Pre Evacuate Collection Set: 0.1ms
[55.291s][info][gc,phases      ] GC(329)   Merge Heap Roots: 0.1ms
[55.291s][info][gc,phases      ] GC(329)   Evacuate Collection Set: 0.8ms
[55.291s][info][gc,phases      ] GC(329)   Post Evacuate Collection Set: 0.4ms
[55.292s][info][gc,phases      ] GC(329)   Other: 0.2ms
[55.292s][info][gc,heap        ] GC(329) Eden regions: 318->0(317)
[55.292s][info][gc,heap        ] GC(329) Survivor regions: 1->2(40)
[55.292s][info][gc,heap        ] GC(329) Old regions: 12->12
[55.292s][info][gc,heap        ] GC(329) Archive regions: 0->0
[55.292s][info][gc,heap        ] GC(329) Humongous regions: 0->0
[55.292s][info][gc,metaspace   ] GC(329) Metaspace: 8622K(8896K)->8622K(8896K) NonClass: 7471K(7616K)->7471K(7616K) Class: 1151K(1280K)->1151K(1280K)
[55.292s][info][gc             ] GC(329) Pause Young (Normal) (G1 Evacuation Pause) 321M->4M(532M) 2.158ms
[55.292s][info][gc,cpu         ] GC(329) User=0.00s Sys=0.00s Real=0.00s
[55.464s][info][gc,start       ] GC(330) Pause Young (Normal) (G1 Evacuation Pause)
[55.465s][info][gc,task        ] GC(330) Using 12 workers of 33 for evacuation
[55.466s][info][gc,phases      ] GC(330)   Pre Evacuate Collection Set: 0.1ms
[55.467s][info][gc,phases      ] GC(330)   Merge Heap Roots: 0.1ms
[55.467s][info][gc,phases      ] GC(330)   Evacuate Collection Set: 1.2ms
[55.467s][info][gc,phases      ] GC(330)   Post Evacuate Collection Set: 0.4ms
[55.467s][info][gc,phases      ] GC(330)   Other: 0.2ms
[55.467s][info][gc,heap        ] GC(330) Eden regions: 317->0(316)
[55.467s][info][gc,heap        ] GC(330) Survivor regions: 2->3(40)
[55.467s][info][gc,heap        ] GC(330) Old regions: 12->12
[55.467s][info][gc,heap        ] GC(330) Archive regions: 0->0
[55.467s][info][gc,heap        ] GC(330) Humongous regions: 0->0
[55.467s][info][gc,metaspace   ] GC(330) Metaspace: 8622K(8896K)->8622K(8896K) NonClass: 7471K(7616K)->7471K(7616K) Class: 1151K(1280K)->1151K(1280K)
[55.467s][info][gc             ] GC(330) Pause Young (Normal) (G1 Evacuation Pause) 321M->5M(532M) 2.589ms
[55.467s][info][gc,cpu         ] GC(330) User=0.00s Sys=0.00s Real=0.00s
[55.637s][info][gc,start       ] GC(331) Pause Young (Normal) (G1 Evacuation Pause)
[55.638s][info][gc,task        ] GC(331) Using 12 workers of 33 for evacuation
[55.640s][info][gc,phases      ] GC(331)   Pre Evacuate Collection Set: 0.1ms
[55.640s][info][gc,phases      ] GC(331)   Merge Heap Roots: 0.1ms
[55.640s][info][gc,phases      ] GC(331)   Evacuate Collection Set: 1.3ms
[55.640s][info][gc,phases      ] GC(331)   Post Evacuate Collection Set: 0.4ms
[55.640s][info][gc,phases      ] GC(331)   Other: 0.1ms
[55.640s][info][gc,heap        ] GC(331) Eden regions: 316->0(315)
[55.640s][info][gc,heap        ] GC(331) Survivor regions: 3->4(40)
[55.640s][info][gc,heap        ] GC(331) Old regions: 12->12
[55.640s][info][gc,heap        ] GC(331) Archive regions: 0->0
[55.640s][info][gc,heap        ] GC(331) Humongous regions: 0->0
[55.640s][info][gc,metaspace   ] GC(331) Metaspace: 8622K(8896K)->8622K(8896K) NonClass: 7471K(7616K)->7471K(7616K) Class: 1151K(1280K)->1151K(1280K)
[55.640s][info][gc             ] GC(331) Pause Young (Normal) (G1 Evacuation Pause) 321M->6M(532M) 2.661ms
[55.640s][info][gc,cpu         ] GC(331) User=0.00s Sys=0.00s Real=0.00s
[55.820s][info][gc,start       ] GC(332) Pause Young (Normal) (G1 Evacuation Pause)
[55.820s][info][gc,task        ] GC(332) Using 12 workers of 33 for evacuation
[55.823s][info][gc,phases      ] GC(332)   Pre Evacuate Collection Set: 0.1ms
[55.823s][info][gc,phases      ] GC(332)   Merge Heap Roots: 0.1ms
[55.823s][info][gc,phases      ] GC(332)   Evacuate Collection Set: 1.6ms
[55.823s][info][gc,phases      ] GC(332)   Post Evacuate Collection Set: 0.4ms
[55.823s][info][gc,phases      ] GC(332)   Other: 0.1ms
[55.823s][info][gc,heap        ] GC(332) Eden regions: 315->0(314)
[55.823s][info][gc,heap        ] GC(332) Survivor regions: 4->5(40)
[55.823s][info][gc,heap        ] GC(332) Old regions: 12->12
[55.823s][info][gc,heap        ] GC(332) Archive regions: 0->0
[55.823s][info][gc,heap        ] GC(332) Humongous regions: 0->0
[55.823s][info][gc,metaspace   ] GC(332) Metaspace: 8622K(8896K)->8622K(8896K) NonClass: 7471K(7616K)->7471K(7616K) Class: 1151K(1280K)->1151K(1280K)
[55.823s][info][gc             ] GC(332) Pause Young (Normal) (G1 Evacuation Pause) 321M->7M(532M) 2.837ms
[55.823s][info][gc,cpu         ] GC(332) User=0.00s Sys=0.00s Real=0.00s
[56.014s][info][gc,start       ] GC(333) Pause Young (Normal) (G1 Evacuation Pause)
[56.014s][info][gc,task        ] GC(333) Using 12 workers of 33 for evacuation
[56.017s][info][gc,phases      ] GC(333)   Pre Evacuate Collection Set: 0.1ms
[56.017s][info][gc,phases      ] GC(333)   Merge Heap Roots: 0.1ms
[56.017s][info][gc,phases      ] GC(333)   Evacuate Collection Set: 2.3ms
[56.017s][info][gc,phases      ] GC(333)   Post Evacuate Collection Set: 0.4ms
[56.017s][info][gc,phases      ] GC(333)   Other: 0.1ms
[56.017s][info][gc,heap        ] GC(333) Eden regions: 314->0(313)
[56.017s][info][gc,heap        ] GC(333) Survivor regions: 5->6(40)
[56.017s][info][gc,heap        ] GC(333) Old regions: 12->12
[56.017s][info][gc,heap        ] GC(333) Archive regions: 0->0
[56.017s][info][gc,heap        ] GC(333) Humongous regions: 0->0
[56.017s][info][gc,metaspace   ] GC(333) Metaspace: 8622K(8896K)->8622K(8896K) NonClass: 7471K(7616K)->7471K(7616K) Class: 1151K(1280K)->1151K(1280K)
[56.017s][info][gc             ] GC(333) Pause Young (Normal) (G1 Evacuation Pause) 321M->8M(532M) 3.583ms
[56.017s][info][gc,cpu         ] GC(333) User=0.00s Sys=0.00s Real=0.00s
[56.185s][info][gc,start       ] GC(334) Pause Young (Normal) (G1 Evacuation Pause)
[56.185s][info][gc,task        ] GC(334) Using 12 workers of 33 for evacuation
[56.188s][info][gc,phases      ] GC(334)   Pre Evacuate Collection Set: 0.1ms
[56.188s][info][gc,phases      ] GC(334)   Merge Heap Roots: 0.1ms
[56.188s][info][gc,phases      ] GC(334)   Evacuate Collection Set: 2.2ms
[56.188s][info][gc,phases      ] GC(334)   Post Evacuate Collection Set: 0.4ms
[56.188s][info][gc,phases      ] GC(334)   Other: 0.1ms
[56.189s][info][gc,heap        ] GC(334) Eden regions: 313->0(312)
[56.189s][info][gc,heap        ] GC(334) Survivor regions: 6->7(40)
[56.189s][info][gc,heap        ] GC(334) Old regions: 12->12
[56.189s][info][gc,heap        ] GC(334) Archive regions: 0->0
[56.189s][info][gc,heap        ] GC(334) Humongous regions: 0->0
[56.189s][info][gc,metaspace   ] GC(334) Metaspace: 8622K(8896K)->8622K(8896K) NonClass: 7471K(7616K)->7471K(7616K) Class: 1151K(1280K)->1151K(1280K)
[56.189s][info][gc             ] GC(334) Pause Young (Normal) (G1 Evacuation Pause) 321M->10M(532M) 3.536ms
[56.189s][info][gc,cpu         ] GC(334) User=0.00s Sys=0.00s Real=0.00s
[56.364s][info][gc,start       ] GC(335) Pause Young (Normal) (G1 Evacuation Pause)
[56.364s][info][gc,task        ] GC(335) Using 12 workers of 33 for evacuation
[56.367s][info][gc,phases      ] GC(335)   Pre Evacuate Collection Set: 0.1ms
[56.367s][info][gc,phases      ] GC(335)   Merge Heap Roots: 0.1ms
[56.367s][info][gc,phases      ] GC(335)   Evacuate Collection Set: 2.4ms
[56.367s][info][gc,phases      ] GC(335)   Post Evacuate Collection Set: 0.4ms
[56.367s][info][gc,phases      ] GC(335)   Other: 0.1ms
[56.367s][info][gc,heap        ] GC(335) Eden regions: 312->0(311)
[56.367s][info][gc,heap        ] GC(335) Survivor regions: 7->8(40)
[56.367s][info][gc,heap        ] GC(335) Old regions: 12->12
[56.367s][info][gc,heap        ] GC(335) Archive regions: 0->0
[56.367s][info][gc,heap        ] GC(335) Humongous regions: 0->0
[56.368s][info][gc,metaspace   ] GC(335) Metaspace: 8622K(8896K)->8622K(8896K) NonClass: 7471K(7616K)->7471K(7616K) Class: 1151K(1280K)->1151K(1280K)
[56.368s][info][gc             ] GC(335) Pause Young (Normal) (G1 Evacuation Pause) 322M->10M(532M) 3.657ms
[56.368s][info][gc,cpu         ] GC(335) User=0.00s Sys=0.00s Real=0.00s
[56.545s][info][gc,start       ] GC(336) Pause Young (Normal) (G1 Evacuation Pause)
[56.546s][info][gc,task        ] GC(336) Using 12 workers of 33 for evacuation
[56.549s][info][gc,phases      ] GC(336)   Pre Evacuate Collection Set: 0.1ms
[56.549s][info][gc,phases      ] GC(336)   Merge Heap Roots: 0.1ms
[56.549s][info][gc,phases      ] GC(336)   Evacuate Collection Set: 2.8ms
[56.549s][info][gc,phases      ] GC(336)   Post Evacuate Collection Set: 0.4ms
[56.549s][info][gc,phases      ] GC(336)   Other: 0.1ms
[56.549s][info][gc,heap        ] GC(336) Eden regions: 311->0(310)
[56.549s][info][gc,heap        ] GC(336) Survivor regions: 8->9(40)
[56.549s][info][gc,heap        ] GC(336) Old regions: 12->12
[56.549s][info][gc,heap        ] GC(336) Archive regions: 0->0
[56.550s][info][gc,heap        ] GC(336) Humongous regions: 0->0
[56.550s][info][gc,metaspace   ] GC(336) Metaspace: 8622K(8896K)->8622K(8896K) NonClass: 7471K(7616K)->7471K(7616K) Class: 1151K(1280K)->1151K(1280K)
[56.550s][info][gc             ] GC(336) Pause Young (Normal) (G1 Evacuation Pause) 321M->11M(532M) 4.111ms
[56.550s][info][gc,cpu         ] GC(336) User=0.00s Sys=0.00s Real=0.00s
[56.722s][info][gc,start       ] GC(337) Pause Young (Normal) (G1 Evacuation Pause)
[56.722s][info][gc,task        ] GC(337) Using 12 workers of 33 for evacuation
[56.727s][info][gc,phases      ] GC(337)   Pre Evacuate Collection Set: 0.1ms
[56.727s][info][gc,phases      ] GC(337)   Merge Heap Roots: 0.1ms
[56.727s][info][gc,phases      ] GC(337)   Evacuate Collection Set: 3.3ms
[56.727s][info][gc,phases      ] GC(337)   Post Evacuate Collection Set: 0.4ms
[56.727s][info][gc,phases      ] GC(337)   Other: 0.1ms
[56.727s][info][gc,heap        ] GC(337) Eden regions: 310->0(309)
[56.727s][info][gc,heap        ] GC(337) Survivor regions: 9->10(40)
[56.727s][info][gc,heap        ] GC(337) Old regions: 12->12
[56.727s][info][gc,heap        ] GC(337) Archive regions: 0->0
[56.727s][info][gc,heap        ] GC(337) Humongous regions: 0->0
[56.727s][info][gc,metaspace   ] GC(337) Metaspace: 8622K(8896K)->8622K(8896K) NonClass: 7471K(7616K)->7471K(7616K) Class: 1151K(1280K)->1151K(1280K)
[56.727s][info][gc             ] GC(337) Pause Young (Normal) (G1 Evacuation Pause) 321M->13M(532M) 4.643ms
[56.727s][info][gc,cpu         ] GC(337) User=0.00s Sys=0.00s Real=0.00s
[56.884s][info][gc,start       ] GC(338) Pause Young (Normal) (G1 Evacuation Pause)
[56.884s][info][gc,task        ] GC(338) Using 12 workers of 33 for evacuation
[56.888s][info][gc,phases      ] GC(338)   Pre Evacuate Collection Set: 0.1ms
[56.888s][info][gc,phases      ] GC(338)   Merge Heap Roots: 0.1ms
[56.888s][info][gc,phases      ] GC(338)   Evacuate Collection Set: 3.4ms
[56.888s][info][gc,phases      ] GC(338)   Post Evacuate Collection Set: 0.4ms
[56.888s][info][gc,phases      ] GC(338)   Other: 0.1ms
[56.888s][info][gc,heap        ] GC(338) Eden regions: 309->0(308)
[56.888s][info][gc,heap        ] GC(338) Survivor regions: 10->11(40)
[56.888s][info][gc,heap        ] GC(338) Old regions: 12->12
[56.888s][info][gc,heap        ] GC(338) Archive regions: 0->0
[56.888s][info][gc,heap        ] GC(338) Humongous regions: 0->0
[56.888s][info][gc,metaspace   ] GC(338) Metaspace: 8622K(8896K)->8622K(8896K) NonClass: 7471K(7616K)->7471K(7616K) Class: 1151K(1280K)->1151K(1280K)
[56.888s][info][gc             ] GC(338) Pause Young (Normal) (G1 Evacuation Pause) 322M->14M(532M) 4.701ms
[56.888s][info][gc,cpu         ] GC(338) User=0.19s Sys=0.00s Real=0.02s
[57.049s][info][gc,start       ] GC(339) Pause Young (Normal) (G1 Evacuation Pause)
[57.049s][info][gc,task        ] GC(339) Using 12 workers of 33 for evacuation
[57.054s][info][gc,phases      ] GC(339)   Pre Evacuate Collection Set: 0.1ms
[57.054s][info][gc,phases      ] GC(339)   Merge Heap Roots: 0.1ms
[57.054s][info][gc,phases      ] GC(339)   Evacuate Collection Set: 3.6ms
[57.054s][info][gc,phases      ] GC(339)   Post Evacuate Collection Set: 0.4ms
[57.054s][info][gc,phases      ] GC(339)   Other: 0.1ms
[57.054s][info][gc,heap        ] GC(339) Eden regions: 308->0(307)
[57.054s][info][gc,heap        ] GC(339) Survivor regions: 11->12(40)
[57.054s][info][gc,heap        ] GC(339) Old regions: 12->12
[57.054s][info][gc,heap        ] GC(339) Archive regions: 0->0
[57.054s][info][gc,heap        ] GC(339) Humongous regions: 0->0
[57.054s][info][gc,metaspace   ] GC(339) Metaspace: 8622K(8896K)->8622K(8896K) NonClass: 7471K(7616K)->7471K(7616K) Class: 1151K(1280K)->1151K(1280K)
[57.054s][info][gc             ] GC(339) Pause Young (Normal) (G1 Evacuation Pause) 322M->15M(532M) 4.883ms
[57.054s][info][gc,cpu         ] GC(339) User=0.00s Sys=0.00s Real=0.00s
[57.219s][info][gc,start       ] GC(340) Pause Young (Normal) (G1 Evacuation Pause)
[57.219s][info][gc,task        ] GC(340) Using 12 workers of 33 for evacuation
[57.223s][info][gc,phases      ] GC(340)   Pre Evacuate Collection Set: 0.1ms
[57.223s][info][gc,phases      ] GC(340)   Merge Heap Roots: 0.1ms
[57.223s][info][gc,phases      ] GC(340)   Evacuate Collection Set: 3.6ms
[57.223s][info][gc,phases      ] GC(340)   Post Evacuate Collection Set: 0.4ms
[57.223s][info][gc,phases      ] GC(340)   Other: 0.1ms
[57.223s][info][gc,heap        ] GC(340) Eden regions: 307->0(306)
[57.223s][info][gc,heap        ] GC(340) Survivor regions: 12->13(40)
[57.223s][info][gc,heap        ] GC(340) Old regions: 12->13
[57.223s][info][gc,heap        ] GC(340) Archive regions: 0->0
[57.223s][info][gc,heap        ] GC(340) Humongous regions: 0->0
[57.224s][info][gc,metaspace   ] GC(340) Metaspace: 8622K(8896K)->8622K(8896K) NonClass: 7471K(7616K)->7471K(7616K) Class: 1151K(1280K)->1151K(1280K)
[57.224s][info][gc             ] GC(340) Pause Young (Normal) (G1 Evacuation Pause) 322M->15M(532M) 4.920ms
[57.224s][info][gc,cpu         ] GC(340) User=0.00s Sys=0.00s Real=0.00s
[57.384s][info][gc,start       ] GC(341) Pause Young (Normal) (G1 Evacuation Pause)
[57.384s][info][gc,task        ] GC(341) Using 12 workers of 33 for evacuation
[57.389s][info][gc,phases      ] GC(341)   Pre Evacuate Collection Set: 0.1ms
[57.389s][info][gc,phases      ] GC(341)   Merge Heap Roots: 0.1ms
[57.389s][info][gc,phases      ] GC(341)   Evacuate Collection Set: 4.2ms
[57.389s][info][gc,phases      ] GC(341)   Post Evacuate Collection Set: 0.4ms
[57.389s][info][gc,phases      ] GC(341)   Other: 0.1ms
[57.389s][info][gc,heap        ] GC(341) Eden regions: 306->0(305)
[57.389s][info][gc,heap        ] GC(341) Survivor regions: 13->14(40)
[57.389s][info][gc,heap        ] GC(341) Old regions: 13->13
[57.389s][info][gc,heap        ] GC(341) Archive regions: 0->0
[57.389s][info][gc,heap        ] GC(341) Humongous regions: 0->0
[57.389s][info][gc,metaspace   ] GC(341) Metaspace: 8622K(8896K)->8622K(8896K) NonClass: 7471K(7616K)->7471K(7616K) Class: 1151K(1280K)->1151K(1280K)
[57.389s][info][gc             ] GC(341) Pause Young (Normal) (G1 Evacuation Pause) 321M->16M(532M) 5.430ms
[57.389s][info][gc,cpu         ] GC(341) User=0.00s Sys=0.00s Real=0.00s
[57.582s][info][gc,start       ] GC(342) Pause Young (Normal) (G1 Evacuation Pause)
[57.582s][info][gc,task        ] GC(342) Using 12 workers of 33 for evacuation
[57.593s][info][gc,phases      ] GC(342)   Pre Evacuate Collection Set: 0.1ms
[57.593s][info][gc,phases      ] GC(342)   Merge Heap Roots: 0.2ms
[57.594s][info][gc,phases      ] GC(342)   Evacuate Collection Set: 10.6ms
[57.594s][info][gc,phases      ] GC(342)   Post Evacuate Collection Set: 0.4ms
[57.594s][info][gc,phases      ] GC(342)   Other: 0.2ms
[57.594s][info][gc,heap        ] GC(342) Eden regions: 305->0(294)
[57.594s][info][gc,heap        ] GC(342) Survivor regions: 14->25(40)
[57.594s][info][gc,heap        ] GC(342) Old regions: 13->13
[57.594s][info][gc,heap        ] GC(342) Archive regions: 0->0
[57.594s][info][gc,heap        ] GC(342) Humongous regions: 3->3
[57.594s][info][gc,metaspace   ] GC(342) Metaspace: 8622K(8896K)->8622K(8896K) NonClass: 7471K(7616K)->7471K(7616K) Class: 1151K(1280K)->1151K(1280K)
[57.594s][info][gc             ] GC(342) Pause Young (Normal) (G1 Evacuation Pause) 324M->31M(532M) 11.949ms
[57.594s][info][gc,cpu         ] GC(342) User=0.00s Sys=0.00s Real=0.00s
[57.753s][info][gc,start       ] GC(343) Pause Young (Normal) (G1 Evacuation Pause)
[57.753s][info][gc,task        ] GC(343) Using 12 workers of 33 for evacuation
[57.762s][info][gc,phases      ] GC(343)   Pre Evacuate Collection Set: 0.1ms
[57.762s][info][gc,phases      ] GC(343)   Merge Heap Roots: 0.1ms
[57.762s][info][gc,phases      ] GC(343)   Evacuate Collection Set: 8.3ms
[57.762s][info][gc,phases      ] GC(343)   Post Evacuate Collection Set: 0.4ms
[57.762s][info][gc,phases      ] GC(343)   Other: 0.1ms
[57.762s][info][gc,heap        ] GC(343) Eden regions: 294->0(297)
[57.762s][info][gc,heap        ] GC(343) Survivor regions: 25->22(40)
[57.762s][info][gc,heap        ] GC(343) Old regions: 13->17
[57.763s][info][gc,heap        ] GC(343) Archive regions: 0->0
[57.763s][info][gc,heap        ] GC(343) Humongous regions: 3->3
[57.763s][info][gc,metaspace   ] GC(343) Metaspace: 8622K(8896K)->8622K(8896K) NonClass: 7471K(7616K)->7471K(7616K) Class: 1151K(1280K)->1151K(1280K)
[57.763s][info][gc             ] GC(343) Pause Young (Normal) (G1 Evacuation Pause) 325M->32M(532M) 9.525ms
[57.763s][info][gc,cpu         ] GC(343) User=0.00s Sys=0.00s Real=0.00s
[57.915s][info][gc,start       ] GC(344) Pause Young (Normal) (G1 Evacuation Pause)
[57.916s][info][gc,task        ] GC(344) Using 12 workers of 33 for evacuation
[57.924s][info][gc,phases      ] GC(344)   Pre Evacuate Collection Set: 0.1ms
[57.924s][info][gc,phases      ] GC(344)   Merge Heap Roots: 0.1ms
[57.924s][info][gc,phases      ] GC(344)   Evacuate Collection Set: 7.5ms
[57.924s][info][gc,phases      ] GC(344)   Post Evacuate Collection Set: 0.4ms
[57.924s][info][gc,phases      ] GC(344)   Other: 0.1ms
[57.924s][info][gc,heap        ] GC(344) Eden regions: 297->0(296)
[57.924s][info][gc,heap        ] GC(344) Survivor regions: 22->23(40)
[57.924s][info][gc,heap        ] GC(344) Old regions: 17->17
[57.924s][info][gc,heap        ] GC(344) Archive regions: 0->0
[57.924s][info][gc,heap        ] GC(344) Humongous regions: 3->3
[57.924s][info][gc,metaspace   ] GC(344) Metaspace: 8622K(8896K)->8622K(8896K) NonClass: 7471K(7616K)->7471K(7616K) Class: 1151K(1280K)->1151K(1280K)
[57.924s][info][gc             ] GC(344) Pause Young (Normal) (G1 Evacuation Pause) 329M->33M(532M) 8.859ms
[57.924s][info][gc,cpu         ] GC(344) User=0.00s Sys=0.00s Real=0.01s
[58.100s][info][gc,start       ] GC(345) Pause Young (Normal) (G1 Evacuation Pause)
[58.100s][info][gc,task        ] GC(345) Using 12 workers of 33 for evacuation
[58.110s][info][gc,phases      ] GC(345)   Pre Evacuate Collection Set: 0.1ms
[58.110s][info][gc,phases      ] GC(345)   Merge Heap Roots: 0.2ms
[58.110s][info][gc,phases      ] GC(345)   Evacuate Collection Set: 9.0ms
[58.110s][info][gc,phases      ] GC(345)   Post Evacuate Collection Set: 0.5ms
[58.110s][info][gc,phases      ] GC(345)   Other: 0.2ms
[58.110s][info][gc,heap        ] GC(345) Eden regions: 296->0(299)
[58.110s][info][gc,heap        ] GC(345) Survivor regions: 23->20(40)
[58.110s][info][gc,heap        ] GC(345) Old regions: 17->21
[58.110s][info][gc,heap        ] GC(345) Archive regions: 0->0
[58.110s][info][gc,heap        ] GC(345) Humongous regions: 3->3
[58.111s][info][gc,metaspace   ] GC(345) Metaspace: 8622K(8896K)->8622K(8896K) NonClass: 7471K(7616K)->7471K(7616K) Class: 1151K(1280K)->1151K(1280K)
[58.111s][info][gc             ] GC(345) Pause Young (Normal) (G1 Evacuation Pause) 329M->34M(532M) 10.410ms
[58.111s][info][gc,cpu         ] GC(345) User=0.19s Sys=0.00s Real=0.02s
[58.289s][info][gc,start       ] GC(346) Pause Young (Normal) (G1 Evacuation Pause)
[58.289s][info][gc,task        ] GC(346) Using 12 workers of 33 for evacuation
[58.298s][info][gc,phases      ] GC(346)   Pre Evacuate Collection Set: 0.1ms
[58.298s][info][gc,phases      ] GC(346)   Merge Heap Roots: 0.3ms
[58.298s][info][gc,phases      ] GC(346)   Evacuate Collection Set: 7.5ms
[58.298s][info][gc,phases      ] GC(346)   Post Evacuate Collection Set: 0.4ms
[58.298s][info][gc,phases      ] GC(346)   Other: 0.2ms
[58.298s][info][gc,heap        ] GC(346) Eden regions: 299->0(299)
[58.298s][info][gc,heap        ] GC(346) Survivor regions: 20->20(40)
[58.298s][info][gc,heap        ] GC(346) Old regions: 21->21
[58.298s][info][gc,heap        ] GC(346) Archive regions: 0->0
[58.298s][info][gc,heap        ] GC(346) Humongous regions: 3->3
[58.298s][info][gc,metaspace   ] GC(346) Metaspace: 8622K(8896K)->8622K(8896K) NonClass: 7471K(7616K)->7471K(7616K) Class: 1151K(1280K)->1151K(1280K)
[58.298s][info][gc             ] GC(346) Pause Young (Normal) (G1 Evacuation Pause) 333M->35M(532M) 9.036ms
[58.298s][info][gc,cpu         ] GC(346) User=0.19s Sys=0.00s Real=0.02s
[58.454s][info][gc,start       ] GC(347) Pause Young (Normal) (G1 Evacuation Pause)
[58.454s][info][gc,task        ] GC(347) Using 12 workers of 33 for evacuation
[58.463s][info][gc,phases      ] GC(347)   Pre Evacuate Collection Set: 0.1ms
[58.463s][info][gc,phases      ] GC(347)   Merge Heap Roots: 0.2ms
[58.463s][info][gc,phases      ] GC(347)   Evacuate Collection Set: 7.6ms
[58.463s][info][gc,phases      ] GC(347)   Post Evacuate Collection Set: 0.5ms
[58.463s][info][gc,phases      ] GC(347)   Other: 0.2ms
[58.463s][info][gc,heap        ] GC(347) Eden regions: 299->0(298)
[58.463s][info][gc,heap        ] GC(347) Survivor regions: 20->21(40)
[58.463s][info][gc,heap        ] GC(347) Old regions: 21->21
[58.463s][info][gc,heap        ] GC(347) Archive regions: 0->0
[58.463s][info][gc,heap        ] GC(347) Humongous regions: 3->3
[58.463s][info][gc,metaspace   ] GC(347) Metaspace: 8622K(8896K)->8622K(8896K) NonClass: 7471K(7616K)->7471K(7616K) Class: 1151K(1280K)->1151K(1280K)
[58.463s][info][gc             ] GC(347) Pause Young (Normal) (G1 Evacuation Pause) 334M->35M(532M) 8.993ms
[58.463s][info][gc,cpu         ] GC(347) User=0.19s Sys=0.00s Real=0.01s
[58.620s][info][gc,start       ] GC(348) Pause Young (Normal) (G1 Evacuation Pause)
[58.621s][info][gc,task        ] GC(348) Using 12 workers of 33 for evacuation
[58.629s][info][gc,phases      ] GC(348)   Pre Evacuate Collection Set: 0.1ms
[58.629s][info][gc,phases      ] GC(348)   Merge Heap Roots: 0.2ms
[58.629s][info][gc,phases      ] GC(348)   Evacuate Collection Set: 7.7ms
[58.629s][info][gc,phases      ] GC(348)   Post Evacuate Collection Set: 0.4ms
[58.629s][info][gc,phases      ] GC(348)   Other: 0.2ms
[58.629s][info][gc,heap        ] GC(348) Eden regions: 298->0(297)
[58.629s][info][gc,heap        ] GC(348) Survivor regions: 21->22(40)
[58.629s][info][gc,heap        ] GC(348) Old regions: 21->21
[58.629s][info][gc,heap        ] GC(348) Archive regions: 0->0
[58.629s][info][gc,heap        ] GC(348) Humongous regions: 3->3
[58.629s][info][gc,metaspace   ] GC(348) Metaspace: 8622K(8896K)->8622K(8896K) NonClass: 7471K(7616K)->7471K(7616K) Class: 1151K(1280K)->1151K(1280K)
[58.630s][info][gc             ] GC(348) Pause Young (Normal) (G1 Evacuation Pause) 333M->37M(532M) 9.135ms
[58.630s][info][gc,cpu         ] GC(348) User=0.19s Sys=0.00s Real=0.01s
[58.795s][info][gc,start       ] GC(349) Pause Young (Normal) (G1 Evacuation Pause)
[58.795s][info][gc,task        ] GC(349) Using 12 workers of 33 for evacuation
[58.803s][info][gc,phases      ] GC(349)   Pre Evacuate Collection Set: 0.1ms
[58.803s][info][gc,phases      ] GC(349)   Merge Heap Roots: 0.2ms
[58.803s][info][gc,phases      ] GC(349)   Evacuate Collection Set: 7.6ms
[58.803s][info][gc,phases      ] GC(349)   Post Evacuate Collection Set: 0.4ms
[58.803s][info][gc,phases      ] GC(349)   Other: 0.2ms
[58.803s][info][gc,heap        ] GC(349) Eden regions: 297->0(296)
[58.803s][info][gc,heap        ] GC(349) Survivor regions: 22->23(40)
[58.803s][info][gc,heap        ] GC(349) Old regions: 21->21
[58.803s][info][gc,heap        ] GC(349) Archive regions: 0->0
[58.804s][info][gc,heap        ] GC(349) Humongous regions: 3->3
[58.804s][info][gc,metaspace   ] GC(349) Metaspace: 8622K(8896K)->8622K(8896K) NonClass: 7471K(7616K)->7471K(7616K) Class: 1151K(1280K)->1151K(1280K)
[58.804s][info][gc             ] GC(349) Pause Young (Normal) (G1 Evacuation Pause) 334M->37M(532M) 8.990ms
[58.804s][info][gc,cpu         ] GC(349) User=0.19s Sys=0.00s Real=0.01s
[58.971s][info][gc,start       ] GC(350) Pause Young (Normal) (G1 Evacuation Pause)
[58.971s][info][gc,task        ] GC(350) Using 12 workers of 33 for evacuation
[58.981s][info][gc,phases      ] GC(350)   Pre Evacuate Collection Set: 0.1ms
[58.981s][info][gc,phases      ] GC(350)   Merge Heap Roots: 0.2ms
[58.981s][info][gc,phases      ] GC(350)   Evacuate Collection Set: 8.9ms
[58.981s][info][gc,phases      ] GC(350)   Post Evacuate Collection Set: 0.4ms
[58.981s][info][gc,phases      ] GC(350)   Other: 0.2ms
[58.981s][info][gc,heap        ] GC(350) Eden regions: 296->0(309)
[58.981s][info][gc,heap        ] GC(350) Survivor regions: 23->10(40)
[58.981s][info][gc,heap        ] GC(350) Old regions: 21->36
[58.981s][info][gc,heap        ] GC(350) Archive regions: 0->0
[58.981s][info][gc,heap        ] GC(350) Humongous regions: 3->3
[58.981s][info][gc,metaspace   ] GC(350) Metaspace: 8622K(8896K)->8622K(8896K) NonClass: 7471K(7616K)->7471K(7616K) Class: 1151K(1280K)->1151K(1280K)
[58.982s][info][gc             ] GC(350) Pause Young (Normal) (G1 Evacuation Pause) 333M->38M(532M) 10.254ms
[58.982s][info][gc,cpu         ] GC(350) User=0.00s Sys=0.00s Real=0.00s
[59.481s][info][gc,start       ] GC(351) Pause Full (System.gc())
[59.482s][info][gc,task        ] GC(351) Using 12 workers of 33 for full compaction
[59.482s][info][gc,phases,start] GC(351) Phase 1: Mark live objects
[59.485s][info][gc,phases      ] GC(351) Phase 1: Mark live objects 3.127ms
[59.485s][info][gc,phases,start] GC(351) Phase 2: Prepare compaction
[59.486s][info][gc,phases      ] GC(351) Phase 2: Prepare compaction 0.918ms
[59.486s][info][gc,phases,start] GC(351) Phase 3: Adjust pointers
[59.489s][info][gc,phases      ] GC(351) Phase 3: Adjust pointers 2.679ms
[59.489s][info][gc,phases,start] GC(351) Phase 4: Compact heap
[59.490s][info][gc,phases      ] GC(351) Phase 4: Compact heap 0.629ms
[59.493s][info][gc,heap        ] GC(351) Eden regions: 251->0(24)
[59.493s][info][gc,heap        ] GC(351) Survivor regions: 10->0(40)
[59.493s][info][gc,heap        ] GC(351) Old regions: 36->12
[59.493s][info][gc,heap        ] GC(351) Archive regions: 0->0
[59.493s][info][gc,heap        ] GC(351) Humongous regions: 22->0
[59.493s][info][gc,metaspace   ] GC(351) Metaspace: 8624K(8896K)->8624K(8896K) NonClass: 7472K(7616K)->7472K(7616K) Class: 1151K(1280K)->1151K(1280K)
[59.494s][info][gc             ] GC(351) Pause Full (System.gc()) 308M->3M(40M) 12.132ms
[59.494s][info][gc,cpu         ] GC(351) User=0.03s Sys=0.00s Real=0.03s
[59.521s][info][gc,start       ] GC(352) Pause Young (Normal) (G1 Evacuation Pause)
[59.521s][info][gc,task        ] GC(352) Using 7 workers of 33 for evacuation
[59.522s][info][gc,phases      ] GC(352)   Pre Evacuate Collection Set: 0.1ms
[59.522s][info][gc,phases      ] GC(352)   Merge Heap Roots: 0.1ms
[59.522s][info][gc,phases      ] GC(352)   Evacuate Collection Set: 0.2ms
[59.522s][info][gc,phases      ] GC(352)   Post Evacuate Collection Set: 0.2ms
[59.522s][info][gc,phases      ] GC(352)   Other: 0.1ms
[59.522s][info][gc,heap        ] GC(352) Eden regions: 24->0(22)
[59.522s][info][gc,heap        ] GC(352) Survivor regions: 0->2(3)
[59.522s][info][gc,heap        ] GC(352) Old regions: 12->12
[59.522s][info][gc,heap        ] GC(352) Archive regions: 0->0
[59.522s][info][gc,heap        ] GC(352) Humongous regions: 0->0
[59.522s][info][gc,metaspace   ] GC(352) Metaspace: 8628K(8896K)->8628K(8896K) NonClass: 7477K(7616K)->7477K(7616K) Class: 1151K(1280K)->1151K(1280K)
[59.522s][info][gc             ] GC(352) Pause Young (Normal) (G1 Evacuation Pause) 27M->5M(40M) 1.167ms
[59.522s][info][gc,cpu         ] GC(352) User=0.02s Sys=0.00s Real=0.00s
[59.535s][info][gc,start       ] GC(353) Pause Young (Normal) (G1 Evacuation Pause)
[59.535s][info][gc,task        ] GC(353) Using 4 workers of 33 for evacuation
[59.535s][info][gc,phases      ] GC(353)   Pre Evacuate Collection Set: 0.1ms
[59.536s][info][gc,phases      ] GC(353)   Merge Heap Roots: 0.0ms
[59.536s][info][gc,phases      ] GC(353)   Evacuate Collection Set: 0.3ms
[59.536s][info][gc,phases      ] GC(353)   Post Evacuate Collection Set: 0.2ms
[59.536s][info][gc,phases      ] GC(353)   Other: 0.1ms
[59.536s][info][gc,heap        ] GC(353) Eden regions: 22->0(23)
[59.536s][info][gc,heap        ] GC(353) Survivor regions: 2->1(3)
[59.536s][info][gc,heap        ] GC(353) Old regions: 12->12
[59.536s][info][gc,heap        ] GC(353) Archive regions: 0->0
[59.536s][info][gc,heap        ] GC(353) Humongous regions: 0->0
[59.536s][info][gc,metaspace   ] GC(353) Metaspace: 8628K(8896K)->8628K(8896K) NonClass: 7477K(7616K)->7477K(7616K) Class: 1151K(1280K)->1151K(1280K)
[59.536s][info][gc             ] GC(353) Pause Young (Normal) (G1 Evacuation Pause) 27M->3M(40M) 1.027ms
[59.536s][info][gc,cpu         ] GC(353) User=0.00s Sys=0.00s Real=0.00s
[59.548s][info][gc,start       ] GC(354) Pause Young (Normal) (G1 Evacuation Pause)
[59.548s][info][gc,task        ] GC(354) Using 3 workers of 33 for evacuation
[59.549s][info][gc,phases      ] GC(354)   Pre Evacuate Collection Set: 0.1ms
[59.549s][info][gc,phases      ] GC(354)   Merge Heap Roots: 0.0ms
[59.549s][info][gc,phases      ] GC(354)   Evacuate Collection Set: 0.6ms
[59.549s][info][gc,phases      ] GC(354)   Post Evacuate Collection Set: 0.2ms
[59.549s][info][gc,phases      ] GC(354)   Other: 0.1ms
[59.549s][info][gc,heap        ] GC(354) Eden regions: 23->0(23)
[59.549s][info][gc,heap        ] GC(354) Survivor regions: 1->1(3)
[59.549s][info][gc,heap        ] GC(354) Old regions: 12->12
[59.549s][info][gc,heap        ] GC(354) Archive regions: 0->0
[59.549s][info][gc,heap        ] GC(354) Humongous regions: 0->0
[59.549s][info][gc,metaspace   ] GC(354) Metaspace: 8628K(8896K)->8628K(8896K) NonClass: 7477K(7616K)->7477K(7616K) Class: 1151K(1280K)->1151K(1280K)
[59.549s][info][gc             ] GC(354) Pause Young (Normal) (G1 Evacuation Pause) 26M->3M(40M) 1.395ms
[59.549s][info][gc,cpu         ] GC(354) User=0.00s Sys=0.00s Real=0.00s
[59.561s][info][gc,start       ] GC(355) Pause Young (Normal) (G1 Evacuation Pause)
[59.561s][info][gc,task        ] GC(355) Using 2 workers of 33 for evacuation
[59.564s][info][gc,phases      ] GC(355)   Pre Evacuate Collection Set: 0.0ms
[59.565s][info][gc,phases      ] GC(355)   Merge Heap Roots: 0.0ms
[59.565s][info][gc,phases      ] GC(355)   Evacuate Collection Set: 0.9ms
[59.565s][info][gc,phases      ] GC(355)   Post Evacuate Collection Set: 2.3ms
[59.565s][info][gc,phases      ] GC(355)   Other: 0.1ms
[59.565s][info][gc,heap        ] GC(355) Eden regions: 23->0(318)
[59.565s][info][gc,heap        ] GC(355) Survivor regions: 1->1(3)
[59.565s][info][gc,heap        ] GC(355) Old regions: 12->12
[59.565s][info][gc,heap        ] GC(355) Archive regions: 0->0
[59.565s][info][gc,heap        ] GC(355) Humongous regions: 0->0
[59.565s][info][gc,metaspace   ] GC(355) Metaspace: 8628K(8896K)->8628K(8896K) NonClass: 7477K(7616K)->7477K(7616K) Class: 1151K(1280K)->1151K(1280K)
[59.565s][info][gc             ] GC(355) Pause Young (Normal) (G1 Evacuation Pause) 26M->3M(532M) 3.849ms
[59.565s][info][gc,cpu         ] GC(355) User=0.00s Sys=0.00s Real=0.00s
[59.729s][info][gc,start       ] GC(356) Pause Young (Normal) (G1 Evacuation Pause)
[59.729s][info][gc,task        ] GC(356) Using 12 workers of 33 for evacuation
[59.730s][info][gc,phases      ] GC(356)   Pre Evacuate Collection Set: 0.1ms
[59.730s][info][gc,phases      ] GC(356)   Merge Heap Roots: 0.1ms
[59.731s][info][gc,phases      ] GC(356)   Evacuate Collection Set: 0.8ms
[59.731s][info][gc,phases      ] GC(356)   Post Evacuate Collection Set: 0.4ms
[59.731s][info][gc,phases      ] GC(356)   Other: 0.1ms
[59.731s][info][gc,heap        ] GC(356) Eden regions: 318->0(317)
[59.731s][info][gc,heap        ] GC(356) Survivor regions: 1->2(40)
[59.731s][info][gc,heap        ] GC(356) Old regions: 12->12
[59.731s][info][gc,heap        ] GC(356) Archive regions: 0->0
[59.731s][info][gc,heap        ] GC(356) Humongous regions: 0->0
[59.731s][info][gc,metaspace   ] GC(356) Metaspace: 8628K(8896K)->8628K(8896K) NonClass: 7477K(7616K)->7477K(7616K) Class: 1151K(1280K)->1151K(1280K)
[59.731s][info][gc             ] GC(356) Pause Young (Normal) (G1 Evacuation Pause) 321M->4M(532M) 2.027ms
[59.731s][info][gc,cpu         ] GC(356) User=0.00s Sys=0.00s Real=0.00s
[59.897s][info][gc,start       ] GC(357) Pause Young (Normal) (G1 Evacuation Pause)
[59.897s][info][gc,task        ] GC(357) Using 12 workers of 33 for evacuation
[59.899s][info][gc,phases      ] GC(357)   Pre Evacuate Collection Set: 0.1ms
[59.899s][info][gc,phases      ] GC(357)   Merge Heap Roots: 0.1ms
[59.899s][info][gc,phases      ] GC(357)   Evacuate Collection Set: 1.1ms
[59.899s][info][gc,phases      ] GC(357)   Post Evacuate Collection Set: 0.4ms
[59.899s][info][gc,phases      ] GC(357)   Other: 0.1ms
[59.899s][info][gc,heap        ] GC(357) Eden regions: 317->0(316)
[59.899s][info][gc,heap        ] GC(357) Survivor regions: 2->3(40)
[59.899s][info][gc,heap        ] GC(357) Old regions: 12->12
[59.899s][info][gc,heap        ] GC(357) Archive regions: 0->0
[59.899s][info][gc,heap        ] GC(357) Humongous regions: 0->0
[59.899s][info][gc,metaspace   ] GC(357) Metaspace: 8628K(8896K)->8628K(8896K) NonClass: 7477K(7616K)->7477K(7616K) Class: 1151K(1280K)->1151K(1280K)
[59.899s][info][gc             ] GC(357) Pause Young (Normal) (G1 Evacuation Pause) 321M->5M(532M) 2.348ms
[59.899s][info][gc,cpu         ] GC(357) User=0.00s Sys=0.00s Real=0.00s
[60.069s][info][gc,start       ] GC(358) Pause Young (Normal) (G1 Evacuation Pause)
[60.069s][info][gc,task        ] GC(358) Using 12 workers of 33 for evacuation
[60.071s][info][gc,phases      ] GC(358)   Pre Evacuate Collection Set: 0.1ms
[60.071s][info][gc,phases      ] GC(358)   Merge Heap Roots: 0.1ms
[60.071s][info][gc,phases      ] GC(358)   Evacuate Collection Set: 1.4ms
[60.071s][info][gc,phases      ] GC(358)   Post Evacuate Collection Set: 0.4ms
[60.071s][info][gc,phases      ] GC(358)   Other: 0.1ms
[60.071s][info][gc,heap        ] GC(358) Eden regions: 316->0(315)
[60.071s][info][gc,heap        ] GC(358) Survivor regions: 3->4(40)
[60.071s][info][gc,heap        ] GC(358) Old regions: 12->12
[60.071s][info][gc,heap        ] GC(358) Archive regions: 0->0
[60.071s][info][gc,heap        ] GC(358) Humongous regions: 0->0
[60.071s][info][gc,metaspace   ] GC(358) Metaspace: 8628K(8896K)->8628K(8896K) NonClass: 7477K(7616K)->7477K(7616K) Class: 1151K(1280K)->1151K(1280K)
[60.071s][info][gc             ] GC(358) Pause Young (Normal) (G1 Evacuation Pause) 321M->6M(532M) 2.610ms
[60.071s][info][gc,cpu         ] GC(358) User=0.00s Sys=0.00s Real=0.00s
[60.233s][info][gc,start       ] GC(359) Pause Young (Normal) (G1 Evacuation Pause)
[60.233s][info][gc,task        ] GC(359) Using 12 workers of 33 for evacuation
[60.237s][info][gc,phases      ] GC(359)   Pre Evacuate Collection Set: 0.1ms
[60.237s][info][gc,phases      ] GC(359)   Merge Heap Roots: 0.1ms
[60.237s][info][gc,phases      ] GC(359)   Evacuate Collection Set: 3.8ms
[60.237s][info][gc,phases      ] GC(359)   Post Evacuate Collection Set: 0.4ms
[60.237s][info][gc,phases      ] GC(359)   Other: 0.1ms
[60.238s][info][gc,heap        ] GC(359) Eden regions: 315->0(314)
[60.238s][info][gc,heap        ] GC(359) Survivor regions: 4->5(40)
[60.238s][info][gc,heap        ] GC(359) Old regions: 12->12
[60.238s][info][gc,heap        ] GC(359) Archive regions: 0->0
[60.238s][info][gc,heap        ] GC(359) Humongous regions: 0->0
[60.238s][info][gc,metaspace   ] GC(359) Metaspace: 8628K(8896K)->8628K(8896K) NonClass: 7477K(7616K)->7477K(7616K) Class: 1151K(1280K)->1151K(1280K)
[60.238s][info][gc             ] GC(359) Pause Young (Normal) (G1 Evacuation Pause) 321M->7M(532M) 5.011ms
[60.238s][info][gc,cpu         ] GC(359) User=0.00s Sys=0.00s Real=0.00s
[60.414s][info][gc,start       ] GC(360) Pause Young (Normal) (G1 Evacuation Pause)
[60.415s][info][gc,task        ] GC(360) Using 12 workers of 33 for evacuation
[60.418s][info][gc,phases      ] GC(360)   Pre Evacuate Collection Set: 0.1ms
[60.418s][info][gc,phases      ] GC(360)   Merge Heap Roots: 0.1ms
[60.418s][info][gc,phases      ] GC(360)   Evacuate Collection Set: 2.4ms
[60.418s][info][gc,phases      ] GC(360)   Post Evacuate Collection Set: 0.4ms
[60.418s][info][gc,phases      ] GC(360)   Other: 0.1ms
[60.418s][info][gc,heap        ] GC(360) Eden regions: 314->0(313)
[60.418s][info][gc,heap        ] GC(360) Survivor regions: 5->6(40)
[60.418s][info][gc,heap        ] GC(360) Old regions: 12->12
[60.418s][info][gc,heap        ] GC(360) Archive regions: 0->0
[60.418s][info][gc,heap        ] GC(360) Humongous regions: 0->0
[60.418s][info][gc,metaspace   ] GC(360) Metaspace: 8628K(8896K)->8628K(8896K) NonClass: 7477K(7616K)->7477K(7616K) Class: 1151K(1280K)->1151K(1280K)
[60.418s][info][gc             ] GC(360) Pause Young (Normal) (G1 Evacuation Pause) 321M->8M(532M) 3.637ms
[60.418s][info][gc,cpu         ] GC(360) User=0.00s Sys=0.02s Real=0.02s
[60.588s][info][gc,start       ] GC(361) Pause Young (Normal) (G1 Evacuation Pause)
[60.588s][info][gc,task        ] GC(361) Using 12 workers of 33 for evacuation
[60.591s][info][gc,phases      ] GC(361)   Pre Evacuate Collection Set: 0.1ms
[60.591s][info][gc,phases      ] GC(361)   Merge Heap Roots: 0.1ms
[60.591s][info][gc,phases      ] GC(361)   Evacuate Collection Set: 2.2ms
[60.591s][info][gc,phases      ] GC(361)   Post Evacuate Collection Set: 0.4ms
[60.591s][info][gc,phases      ] GC(361)   Other: 0.1ms
[60.591s][info][gc,heap        ] GC(361) Eden regions: 313->0(312)
[60.591s][info][gc,heap        ] GC(361) Survivor regions: 6->7(40)
[60.591s][info][gc,heap        ] GC(361) Old regions: 12->12
[60.591s][info][gc,heap        ] GC(361) Archive regions: 0->0
[60.591s][info][gc,heap        ] GC(361) Humongous regions: 0->0
[60.591s][info][gc,metaspace   ] GC(361) Metaspace: 8628K(8896K)->8628K(8896K) NonClass: 7477K(7616K)->7477K(7616K) Class: 1151K(1280K)->1151K(1280K)
[60.591s][info][gc             ] GC(361) Pause Young (Normal) (G1 Evacuation Pause) 321M->10M(532M) 3.460ms
[60.591s][info][gc,cpu         ] GC(361) User=0.00s Sys=0.00s Real=0.00s
[60.752s][info][gc,start       ] GC(362) Pause Young (Normal) (G1 Evacuation Pause)
[60.752s][info][gc,task        ] GC(362) Using 12 workers of 33 for evacuation
[60.755s][info][gc,phases      ] GC(362)   Pre Evacuate Collection Set: 0.1ms
[60.755s][info][gc,phases      ] GC(362)   Merge Heap Roots: 0.1ms
[60.755s][info][gc,phases      ] GC(362)   Evacuate Collection Set: 2.5ms
[60.755s][info][gc,phases      ] GC(362)   Post Evacuate Collection Set: 0.4ms
[60.756s][info][gc,phases      ] GC(362)   Other: 0.1ms
[60.756s][info][gc,heap        ] GC(362) Eden regions: 312->0(311)
[60.756s][info][gc,heap        ] GC(362) Survivor regions: 7->8(40)
[60.756s][info][gc,heap        ] GC(362) Old regions: 12->12
[60.756s][info][gc,heap        ] GC(362) Archive regions: 0->0
[60.756s][info][gc,heap        ] GC(362) Humongous regions: 0->0
[60.756s][info][gc,metaspace   ] GC(362) Metaspace: 8628K(8896K)->8628K(8896K) NonClass: 7477K(7616K)->7477K(7616K) Class: 1151K(1280K)->1151K(1280K)
[60.756s][info][gc             ] GC(362) Pause Young (Normal) (G1 Evacuation Pause) 322M->10M(532M) 3.679ms
[60.756s][info][gc,cpu         ] GC(362) User=0.00s Sys=0.00s Real=0.00s
[60.923s][info][gc,start       ] GC(363) Pause Young (Normal) (G1 Evacuation Pause)
[60.923s][info][gc,task        ] GC(363) Using 12 workers of 33 for evacuation
[60.927s][info][gc,phases      ] GC(363)   Pre Evacuate Collection Set: 0.1ms
[60.927s][info][gc,phases      ] GC(363)   Merge Heap Roots: 0.1ms
[60.927s][info][gc,phases      ] GC(363)   Evacuate Collection Set: 2.9ms
[60.927s][info][gc,phases      ] GC(363)   Post Evacuate Collection Set: 0.4ms
[60.927s][info][gc,phases      ] GC(363)   Other: 0.1ms
[60.927s][info][gc,heap        ] GC(363) Eden regions: 311->0(310)
[60.927s][info][gc,heap        ] GC(363) Survivor regions: 8->9(40)
[60.927s][info][gc,heap        ] GC(363) Old regions: 12->12
[60.927s][info][gc,heap        ] GC(363) Archive regions: 0->0
[60.927s][info][gc,heap        ] GC(363) Humongous regions: 0->0
[60.927s][info][gc,metaspace   ] GC(363) Metaspace: 8628K(8896K)->8628K(8896K) NonClass: 7477K(7616K)->7477K(7616K) Class: 1151K(1280K)->1151K(1280K)
[60.927s][info][gc             ] GC(363) Pause Young (Normal) (G1 Evacuation Pause) 321M->11M(532M) 4.137ms
[60.927s][info][gc,cpu         ] GC(363) User=0.19s Sys=0.00s Real=0.02s
[61.125s][info][gc,start       ] GC(364) Pause Young (Normal) (G1 Evacuation Pause)
[61.125s][info][gc,task        ] GC(364) Using 12 workers of 33 for evacuation
[61.129s][info][gc,phases      ] GC(364)   Pre Evacuate Collection Set: 0.1ms
[61.129s][info][gc,phases      ] GC(364)   Merge Heap Roots: 0.1ms
[61.129s][info][gc,phases      ] GC(364)   Evacuate Collection Set: 3.3ms
[61.129s][info][gc,phases      ] GC(364)   Post Evacuate Collection Set: 0.4ms
[61.129s][info][gc,phases      ] GC(364)   Other: 0.2ms
[61.129s][info][gc,heap        ] GC(364) Eden regions: 310->0(309)
[61.129s][info][gc,heap        ] GC(364) Survivor regions: 9->10(40)
[61.129s][info][gc,heap        ] GC(364) Old regions: 12->12
[61.129s][info][gc,heap        ] GC(364) Archive regions: 0->0
[61.130s][info][gc,heap        ] GC(364) Humongous regions: 0->0
[61.130s][info][gc,metaspace   ] GC(364) Metaspace: 8628K(8896K)->8628K(8896K) NonClass: 7477K(7616K)->7477K(7616K) Class: 1151K(1280K)->1151K(1280K)
[61.130s][info][gc             ] GC(364) Pause Young (Normal) (G1 Evacuation Pause) 321M->12M(532M) 4.644ms
[61.130s][info][gc,cpu         ] GC(364) User=0.19s Sys=0.00s Real=0.02s
[61.291s][info][gc,start       ] GC(365) Pause Young (Normal) (G1 Evacuation Pause)
[61.291s][info][gc,task        ] GC(365) Using 12 workers of 33 for evacuation
[61.295s][info][gc,phases      ] GC(365)   Pre Evacuate Collection Set: 0.1ms
[61.296s][info][gc,phases      ] GC(365)   Merge Heap Roots: 0.1ms
[61.296s][info][gc,phases      ] GC(365)   Evacuate Collection Set: 3.3ms
[61.296s][info][gc,phases      ] GC(365)   Post Evacuate Collection Set: 0.4ms
[61.296s][info][gc,phases      ] GC(365)   Other: 0.2ms
[61.296s][info][gc,heap        ] GC(365) Eden regions: 309->0(307)
[61.296s][info][gc,heap        ] GC(365) Survivor regions: 10->12(40)
[61.296s][info][gc,heap        ] GC(365) Old regions: 12->12
[61.296s][info][gc,heap        ] GC(365) Archive regions: 0->0
[61.296s][info][gc,heap        ] GC(365) Humongous regions: 0->0
[61.296s][info][gc,metaspace   ] GC(365) Metaspace: 8628K(8896K)->8628K(8896K) NonClass: 7477K(7616K)->7477K(7616K) Class: 1151K(1280K)->1151K(1280K)
[61.296s][info][gc             ] GC(365) Pause Young (Normal) (G1 Evacuation Pause) 321M->14M(532M) 4.638ms
[61.296s][info][gc,cpu         ] GC(365) User=0.00s Sys=0.00s Real=0.00s
[61.475s][info][gc,start       ] GC(366) Pause Young (Normal) (G1 Evacuation Pause)
[61.475s][info][gc,task        ] GC(366) Using 12 workers of 33 for evacuation
[61.480s][info][gc,phases      ] GC(366)   Pre Evacuate Collection Set: 0.1ms
[61.480s][info][gc,phases      ] GC(366)   Merge Heap Roots: 0.1ms
[61.480s][info][gc,phases      ] GC(366)   Evacuate Collection Set: 3.7ms
[61.480s][info][gc,phases      ] GC(366)   Post Evacuate Collection Set: 0.4ms
[61.480s][info][gc,phases      ] GC(366)   Other: 0.2ms
[61.480s][info][gc,heap        ] GC(366) Eden regions: 307->0(307)
[61.480s][info][gc,heap        ] GC(366) Survivor regions: 12->12(40)
[61.480s][info][gc,heap        ] GC(366) Old regions: 12->12
[61.480s][info][gc,heap        ] GC(366) Archive regions: 0->0
[61.480s][info][gc,heap        ] GC(366) Humongous regions: 0->0
[61.480s][info][gc,metaspace   ] GC(366) Metaspace: 8628K(8896K)->8628K(8896K) NonClass: 7477K(7616K)->7477K(7616K) Class: 1151K(1280K)->1151K(1280K)
[61.480s][info][gc             ] GC(366) Pause Young (Normal) (G1 Evacuation Pause) 321M->15M(532M) 5.012ms
[61.480s][info][gc,cpu         ] GC(366) User=0.00s Sys=0.00s Real=0.01s
[61.674s][info][gc,start       ] GC(367) Pause Young (Normal) (G1 Evacuation Pause)
[61.681s][info][gc,task        ] GC(367) Using 12 workers of 33 for evacuation
[61.686s][info][gc,phases      ] GC(367)   Pre Evacuate Collection Set: 0.1ms
[61.686s][info][gc,phases      ] GC(367)   Merge Heap Roots: 0.1ms
[61.686s][info][gc,phases      ] GC(367)   Evacuate Collection Set: 3.7ms
[61.686s][info][gc,phases      ] GC(367)   Post Evacuate Collection Set: 0.4ms
[61.686s][info][gc,phases      ] GC(367)   Other: 0.2ms
[61.686s][info][gc,heap        ] GC(367) Eden regions: 307->0(306)
[61.686s][info][gc,heap        ] GC(367) Survivor regions: 12->13(40)
[61.686s][info][gc,heap        ] GC(367) Old regions: 12->13
[61.686s][info][gc,heap        ] GC(367) Archive regions: 0->0
[61.686s][info][gc,heap        ] GC(367) Humongous regions: 0->0
[61.686s][info][gc,metaspace   ] GC(367) Metaspace: 8628K(8896K)->8628K(8896K) NonClass: 7477K(7616K)->7477K(7616K) Class: 1151K(1280K)->1151K(1280K)
[61.686s][info][gc             ] GC(367) Pause Young (Normal) (G1 Evacuation Pause) 322M->16M(532M) 12.652ms
[61.686s][info][gc,cpu         ] GC(367) User=0.19s Sys=0.00s Real=0.02s
[61.856s][info][gc,start       ] GC(368) Pause Young (Normal) (G1 Evacuation Pause)
[61.856s][info][gc,task        ] GC(368) Using 12 workers of 33 for evacuation
[61.861s][info][gc,phases      ] GC(368)   Pre Evacuate Collection Set: 0.1ms
[61.861s][info][gc,phases      ] GC(368)   Merge Heap Roots: 0.1ms
[61.861s][info][gc,phases      ] GC(368)   Evacuate Collection Set: 4.0ms
[61.861s][info][gc,phases      ] GC(368)   Post Evacuate Collection Set: 0.4ms
[61.861s][info][gc,phases      ] GC(368)   Other: 0.1ms
[61.861s][info][gc,heap        ] GC(368) Eden regions: 306->0(305)
[61.861s][info][gc,heap        ] GC(368) Survivor regions: 13->14(40)
[61.861s][info][gc,heap        ] GC(368) Old regions: 13->13
[61.861s][info][gc,heap        ] GC(368) Archive regions: 0->0
[61.861s][info][gc,heap        ] GC(368) Humongous regions: 0->0
[61.861s][info][gc,metaspace   ] GC(368) Metaspace: 8628K(8896K)->8628K(8896K) NonClass: 7477K(7616K)->7477K(7616K) Class: 1151K(1280K)->1151K(1280K)
[61.861s][info][gc             ] GC(368) Pause Young (Normal) (G1 Evacuation Pause) 322M->17M(532M) 5.261ms
[61.861s][info][gc,cpu         ] GC(368) User=0.00s Sys=0.00s Real=0.00s
[62.054s][info][gc,start       ] GC(369) Pause Young (Normal) (G1 Evacuation Pause)
[62.054s][info][gc,task        ] GC(369) Using 12 workers of 33 for evacuation
[62.067s][info][gc,phases      ] GC(369)   Pre Evacuate Collection Set: 0.1ms
[62.067s][info][gc,phases      ] GC(369)   Merge Heap Roots: 0.2ms
[62.067s][info][gc,phases      ] GC(369)   Evacuate Collection Set: 11.6ms
[62.067s][info][gc,phases      ] GC(369)   Post Evacuate Collection Set: 0.4ms
[62.067s][info][gc,phases      ] GC(369)   Other: 0.2ms
[62.067s][info][gc,heap        ] GC(369) Eden regions: 305->0(294)
[62.067s][info][gc,heap        ] GC(369) Survivor regions: 14->25(40)
[62.067s][info][gc,heap        ] GC(369) Old regions: 13->13
[62.067s][info][gc,heap        ] GC(369) Archive regions: 0->0
[62.067s][info][gc,heap        ] GC(369) Humongous regions: 3->3
[62.067s][info][gc,metaspace   ] GC(369) Metaspace: 8628K(8896K)->8628K(8896K) NonClass: 7477K(7616K)->7477K(7616K) Class: 1151K(1280K)->1151K(1280K)
[62.067s][info][gc             ] GC(369) Pause Young (Normal) (G1 Evacuation Pause) 325M->31M(532M) 13.064ms
[62.067s][info][gc,cpu         ] GC(369) User=0.00s Sys=0.00s Real=0.00s
[62.225s][info][gc,start       ] GC(370) Pause Young (Normal) (G1 Evacuation Pause)
[62.225s][info][gc,task        ] GC(370) Using 12 workers of 33 for evacuation
[62.234s][info][gc,phases      ] GC(370)   Pre Evacuate Collection Set: 0.1ms
[62.234s][info][gc,phases      ] GC(370)   Merge Heap Roots: 0.2ms
[62.235s][info][gc,phases      ] GC(370)   Evacuate Collection Set: 8.3ms
[62.235s][info][gc,phases      ] GC(370)   Post Evacuate Collection Set: 0.4ms
[62.235s][info][gc,phases      ] GC(370)   Other: 0.2ms
[62.235s][info][gc,heap        ] GC(370) Eden regions: 294->0(297)
[62.235s][info][gc,heap        ] GC(370) Survivor regions: 25->22(40)
[62.235s][info][gc,heap        ] GC(370) Old regions: 13->17
[62.235s][info][gc,heap        ] GC(370) Archive regions: 0->0
[62.235s][info][gc,heap        ] GC(370) Humongous regions: 3->3
[62.235s][info][gc,metaspace   ] GC(370) Metaspace: 8628K(8896K)->8628K(8896K) NonClass: 7477K(7616K)->7477K(7616K) Class: 1151K(1280K)->1151K(1280K)
[62.235s][info][gc             ] GC(370) Pause Young (Normal) (G1 Evacuation Pause) 325M->32M(532M) 9.626ms
[62.235s][info][gc,cpu         ] GC(370) User=0.00s Sys=0.00s Real=0.01s
[62.389s][info][gc,start       ] GC(371) Pause Young (Normal) (G1 Evacuation Pause)
[62.390s][info][gc,task        ] GC(371) Using 12 workers of 33 for evacuation
[62.398s][info][gc,phases      ] GC(371)   Pre Evacuate Collection Set: 0.1ms
[62.398s][info][gc,phases      ] GC(371)   Merge Heap Roots: 0.2ms
[62.398s][info][gc,phases      ] GC(371)   Evacuate Collection Set: 7.2ms
[62.398s][info][gc,phases      ] GC(371)   Post Evacuate Collection Set: 0.4ms
[62.398s][info][gc,phases      ] GC(371)   Other: 0.2ms
[62.398s][info][gc,heap        ] GC(371) Eden regions: 297->0(297)
[62.398s][info][gc,heap        ] GC(371) Survivor regions: 22->22(40)
[62.398s][info][gc,heap        ] GC(371) Old regions: 17->17
[62.398s][info][gc,heap        ] GC(371) Archive regions: 0->0
[62.398s][info][gc,heap        ] GC(371) Humongous regions: 3->3
[62.398s][info][gc,metaspace   ] GC(371) Metaspace: 8628K(8896K)->8628K(8896K) NonClass: 7477K(7616K)->7477K(7616K) Class: 1151K(1280K)->1151K(1280K)
[62.398s][info][gc             ] GC(371) Pause Young (Normal) (G1 Evacuation Pause) 329M->32M(532M) 8.600ms
[62.398s][info][gc,cpu         ] GC(371) User=0.00s Sys=0.02s Real=0.02s
[62.559s][info][gc,start       ] GC(372) Pause Young (Normal) (G1 Evacuation Pause)
[62.559s][info][gc,task        ] GC(372) Using 12 workers of 33 for evacuation
[62.568s][info][gc,phases      ] GC(372)   Pre Evacuate Collection Set: 0.1ms
[62.568s][info][gc,phases      ] GC(372)   Merge Heap Roots: 0.1ms
[62.568s][info][gc,phases      ] GC(372)   Evacuate Collection Set: 8.0ms
[62.568s][info][gc,phases      ] GC(372)   Post Evacuate Collection Set: 0.4ms
[62.568s][info][gc,phases      ] GC(372)   Other: 0.2ms
[62.568s][info][gc,heap        ] GC(372) Eden regions: 297->0(300)
[62.568s][info][gc,heap        ] GC(372) Survivor regions: 22->19(40)
[62.568s][info][gc,heap        ] GC(372) Old regions: 17->21
[62.568s][info][gc,heap        ] GC(372) Archive regions: 0->0
[62.568s][info][gc,heap        ] GC(372) Humongous regions: 3->3
[62.568s][info][gc,metaspace   ] GC(372) Metaspace: 8628K(8896K)->8628K(8896K) NonClass: 7477K(7616K)->7477K(7616K) Class: 1151K(1280K)->1151K(1280K)
[62.568s][info][gc             ] GC(372) Pause Young (Normal) (G1 Evacuation Pause) 329M->33M(532M) 9.268ms
[62.568s][info][gc,cpu         ] GC(372) User=0.00s Sys=0.00s Real=0.00s
[62.735s][info][gc,start       ] GC(373) Pause Young (Normal) (G1 Evacuation Pause)
[62.735s][info][gc,task        ] GC(373) Using 12 workers of 33 for evacuation
[62.743s][info][gc,phases      ] GC(373)   Pre Evacuate Collection Set: 0.1ms
[62.743s][info][gc,phases      ] GC(373)   Merge Heap Roots: 0.3ms
[62.744s][info][gc,phases      ] GC(373)   Evacuate Collection Set: 7.6ms
[62.744s][info][gc,phases      ] GC(373)   Post Evacuate Collection Set: 0.5ms
[62.744s][info][gc,phases      ] GC(373)   Other: 0.1ms
[62.744s][info][gc,heap        ] GC(373) Eden regions: 300->0(299)
[62.744s][info][gc,heap        ] GC(373) Survivor regions: 19->20(40)
[62.744s][info][gc,heap        ] GC(373) Old regions: 21->21
[62.744s][info][gc,heap        ] GC(373) Archive regions: 0->0
[62.744s][info][gc,heap        ] GC(373) Humongous regions: 3->3
[62.744s][info][gc,metaspace   ] GC(373) Metaspace: 8628K(8896K)->8628K(8896K) NonClass: 7477K(7616K)->7477K(7616K) Class: 1151K(1280K)->1151K(1280K)
[62.744s][info][gc             ] GC(373) Pause Young (Normal) (G1 Evacuation Pause) 333M->35M(532M) 9.111ms
[62.744s][info][gc,cpu         ] GC(373) User=0.19s Sys=0.00s Real=0.02s
[62.895s][info][gc,start       ] GC(374) Pause Young (Normal) (G1 Evacuation Pause)
[62.895s][info][gc,task        ] GC(374) Using 12 workers of 33 for evacuation
[62.904s][info][gc,phases      ] GC(374)   Pre Evacuate Collection Set: 0.1ms
[62.904s][info][gc,phases      ] GC(374)   Merge Heap Roots: 0.2ms
[62.904s][info][gc,phases      ] GC(374)   Evacuate Collection Set: 7.4ms
[62.904s][info][gc,phases      ] GC(374)   Post Evacuate Collection Set: 0.5ms
[62.904s][info][gc,phases      ] GC(374)   Other: 0.2ms
[62.904s][info][gc,heap        ] GC(374) Eden regions: 299->0(297)
[62.904s][info][gc,heap        ] GC(374) Survivor regions: 20->22(40)
[62.904s][info][gc,heap        ] GC(374) Old regions: 21->21
[62.904s][info][gc,heap        ] GC(374) Archive regions: 0->0
[62.904s][info][gc,heap        ] GC(374) Humongous regions: 3->3
[62.904s][info][gc,metaspace   ] GC(374) Metaspace: 8628K(8896K)->8628K(8896K) NonClass: 7477K(7616K)->7477K(7616K) Class: 1151K(1280K)->1151K(1280K)
[62.904s][info][gc             ] GC(374) Pause Young (Normal) (G1 Evacuation Pause) 334M->36M(532M) 8.828ms
[62.904s][info][gc,cpu         ] GC(374) User=0.19s Sys=0.00s Real=0.01s
[63.091s][info][gc,start       ] GC(375) Pause Young (Normal) (G1 Evacuation Pause)
[63.091s][info][gc,task        ] GC(375) Using 12 workers of 33 for evacuation
[63.100s][info][gc,phases      ] GC(375)   Pre Evacuate Collection Set: 0.1ms
[63.100s][info][gc,phases      ] GC(375)   Merge Heap Roots: 0.2ms
[63.100s][info][gc,phases      ] GC(375)   Evacuate Collection Set: 7.6ms
[63.100s][info][gc,phases      ] GC(375)   Post Evacuate Collection Set: 0.4ms
[63.100s][info][gc,phases      ] GC(375)   Other: 0.2ms
[63.100s][info][gc,heap        ] GC(375) Eden regions: 297->0(297)
[63.100s][info][gc,heap        ] GC(375) Survivor regions: 22->22(40)
[63.100s][info][gc,heap        ] GC(375) Old regions: 21->21
[63.100s][info][gc,heap        ] GC(375) Archive regions: 0->0
[63.100s][info][gc,heap        ] GC(375) Humongous regions: 3->3
[63.100s][info][gc,metaspace   ] GC(375) Metaspace: 8628K(8896K)->8628K(8896K) NonClass: 7477K(7616K)->7477K(7616K) Class: 1151K(1280K)->1151K(1280K)
[63.100s][info][gc             ] GC(375) Pause Young (Normal) (G1 Evacuation Pause) 333M->37M(532M) 9.022ms
[63.100s][info][gc,cpu         ] GC(375) User=0.00s Sys=0.00s Real=0.00s
[63.252s][info][gc,start       ] GC(376) Pause Young (Normal) (G1 Evacuation Pause)
[63.253s][info][gc,task        ] GC(376) Using 12 workers of 33 for evacuation
[63.261s][info][gc,phases      ] GC(376)   Pre Evacuate Collection Set: 0.1ms
[63.261s][info][gc,phases      ] GC(376)   Merge Heap Roots: 0.2ms
[63.261s][info][gc,phases      ] GC(376)   Evacuate Collection Set: 7.7ms
[63.261s][info][gc,phases      ] GC(376)   Post Evacuate Collection Set: 0.4ms
[63.261s][info][gc,phases      ] GC(376)   Other: 0.2ms
[63.261s][info][gc,heap        ] GC(376) Eden regions: 297->0(296)
[63.261s][info][gc,heap        ] GC(376) Survivor regions: 22->23(40)
[63.261s][info][gc,heap        ] GC(376) Old regions: 21->21
[63.261s][info][gc,heap        ] GC(376) Archive regions: 0->0
[63.261s][info][gc,heap        ] GC(376) Humongous regions: 3->3
[63.261s][info][gc,metaspace   ] GC(376) Metaspace: 8628K(8896K)->8628K(8896K) NonClass: 7477K(7616K)->7477K(7616K) Class: 1151K(1280K)->1151K(1280K)
[63.261s][info][gc             ] GC(376) Pause Young (Normal) (G1 Evacuation Pause) 334M->37M(532M) 9.023ms
[63.262s][info][gc,cpu         ] GC(376) User=0.02s Sys=0.00s Real=0.02s
[63.420s][info][gc,start       ] GC(377) Pause Young (Normal) (G1 Evacuation Pause)
[63.420s][info][gc,task        ] GC(377) Using 12 workers of 33 for evacuation
[63.429s][info][gc,phases      ] GC(377)   Pre Evacuate Collection Set: 0.1ms
[63.429s][info][gc,phases      ] GC(377)   Merge Heap Roots: 0.2ms
[63.429s][info][gc,phases      ] GC(377)   Evacuate Collection Set: 8.4ms
[63.429s][info][gc,phases      ] GC(377)   Post Evacuate Collection Set: 0.4ms
[63.430s][info][gc,phases      ] GC(377)   Other: 0.2ms
[63.430s][info][gc,heap        ] GC(377) Eden regions: 296->0(310)
[63.430s][info][gc,heap        ] GC(377) Survivor regions: 23->9(40)
[63.430s][info][gc,heap        ] GC(377) Old regions: 21->36
[63.430s][info][gc,heap        ] GC(377) Archive regions: 0->0
[63.430s][info][gc,heap        ] GC(377) Humongous regions: 3->3
[63.430s][info][gc,metaspace   ] GC(377) Metaspace: 8628K(8896K)->8628K(8896K) NonClass: 7477K(7616K)->7477K(7616K) Class: 1151K(1280K)->1151K(1280K)
[63.430s][info][gc             ] GC(377) Pause Young (Normal) (G1 Evacuation Pause) 333M->38M(532M) 9.713ms
[63.430s][info][gc,cpu         ] GC(377) User=0.00s Sys=0.00s Real=0.00s
[63.955s][info][gc,start       ] GC(378) Pause Full (System.gc())
[63.955s][info][gc,task        ] GC(378) Using 12 workers of 33 for full compaction
[63.956s][info][gc,phases,start] GC(378) Phase 1: Mark live objects
[63.959s][info][gc,phases      ] GC(378) Phase 1: Mark live objects 3.268ms
[63.959s][info][gc,phases,start] GC(378) Phase 2: Prepare compaction
[63.960s][info][gc,phases      ] GC(378) Phase 2: Prepare compaction 0.896ms
[63.960s][info][gc,phases,start] GC(378) Phase 3: Adjust pointers
[63.963s][info][gc,phases      ] GC(378) Phase 3: Adjust pointers 2.675ms
[63.963s][info][gc,phases,start] GC(378) Phase 4: Compact heap
[63.963s][info][gc,phases      ] GC(378) Phase 4: Compact heap 0.683ms
[63.967s][info][gc,heap        ] GC(378) Eden regions: 251->0(24)
[63.967s][info][gc,heap        ] GC(378) Survivor regions: 9->0(40)
[63.967s][info][gc,heap        ] GC(378) Old regions: 36->12
[63.967s][info][gc,heap        ] GC(378) Archive regions: 0->0
[63.967s][info][gc,heap        ] GC(378) Humongous regions: 22->0
[63.967s][info][gc,metaspace   ] GC(378) Metaspace: 8628K(8896K)->8628K(8896K) NonClass: 7477K(7616K)->7477K(7616K) Class: 1151K(1280K)->1151K(1280K)
[63.967s][info][gc             ] GC(378) Pause Full (System.gc()) 308M->3M(40M) 12.286ms
[63.967s][info][gc,cpu         ] GC(378) User=0.00s Sys=0.00s Real=0.00s
[63.982s][info][gc,start       ] GC(379) Pause Young (Normal) (G1 Evacuation Pause)
[63.982s][info][gc,task        ] GC(379) Using 7 workers of 33 for evacuation
[63.983s][info][gc,phases      ] GC(379)   Pre Evacuate Collection Set: 0.1ms
[63.983s][info][gc,phases      ] GC(379)   Merge Heap Roots: 0.0ms
[63.983s][info][gc,phases      ] GC(379)   Evacuate Collection Set: 0.4ms
[63.983s][info][gc,phases      ] GC(379)   Post Evacuate Collection Set: 0.2ms
[63.983s][info][gc,phases      ] GC(379)   Other: 0.1ms
[63.983s][info][gc,heap        ] GC(379) Eden regions: 24->0(22)
[63.983s][info][gc,heap        ] GC(379) Survivor regions: 0->2(3)
[63.983s][info][gc,heap        ] GC(379) Old regions: 12->12
[63.984s][info][gc,heap        ] GC(379) Archive regions: 0->0
[63.984s][info][gc,heap        ] GC(379) Humongous regions: 0->0
[63.984s][info][gc,metaspace   ] GC(379) Metaspace: 8629K(8896K)->8629K(8896K) NonClass: 7477K(7616K)->7477K(7616K) Class: 1151K(1280K)->1151K(1280K)
[63.984s][info][gc             ] GC(379) Pause Young (Normal) (G1 Evacuation Pause) 27M->5M(40M) 1.229ms
[63.984s][info][gc,cpu         ] GC(379) User=0.00s Sys=0.00s Real=0.00s
[63.995s][info][gc,start       ] GC(380) Pause Young (Normal) (G1 Evacuation Pause)
[63.995s][info][gc,task        ] GC(380) Using 4 workers of 33 for evacuation
[63.996s][info][gc,phases      ] GC(380)   Pre Evacuate Collection Set: 0.0ms
[63.996s][info][gc,phases      ] GC(380)   Merge Heap Roots: 0.0ms
[63.996s][info][gc,phases      ] GC(380)   Evacuate Collection Set: 0.3ms
[63.996s][info][gc,phases      ] GC(380)   Post Evacuate Collection Set: 0.2ms
[63.996s][info][gc,phases      ] GC(380)   Other: 0.1ms
[63.996s][info][gc,heap        ] GC(380) Eden regions: 22->0(23)
[63.996s][info][gc,heap        ] GC(380) Survivor regions: 2->1(3)
[63.996s][info][gc,heap        ] GC(380) Old regions: 12->12
[63.996s][info][gc,heap        ] GC(380) Archive regions: 0->0
[63.996s][info][gc,heap        ] GC(380) Humongous regions: 0->0
[63.996s][info][gc,metaspace   ] GC(380) Metaspace: 8629K(8896K)->8629K(8896K) NonClass: 7477K(7616K)->7477K(7616K) Class: 1151K(1280K)->1151K(1280K)
[63.996s][info][gc             ] GC(380) Pause Young (Normal) (G1 Evacuation Pause) 27M->3M(40M) 1.095ms
[63.996s][info][gc,cpu         ] GC(380) User=0.00s Sys=0.00s Real=0.00s
[64.008s][info][gc,start       ] GC(381) Pause Young (Normal) (G1 Evacuation Pause)
[64.008s][info][gc,task        ] GC(381) Using 3 workers of 33 for evacuation
[64.009s][info][gc,phases      ] GC(381)   Pre Evacuate Collection Set: 0.1ms
[64.009s][info][gc,phases      ] GC(381)   Merge Heap Roots: 0.0ms
[64.009s][info][gc,phases      ] GC(381)   Evacuate Collection Set: 0.6ms
[64.009s][info][gc,phases      ] GC(381)   Post Evacuate Collection Set: 0.2ms
[64.009s][info][gc,phases      ] GC(381)   Other: 0.1ms
[64.010s][info][gc,heap        ] GC(381) Eden regions: 23->0(23)
[64.010s][info][gc,heap        ] GC(381) Survivor regions: 1->1(3)
[64.010s][info][gc,heap        ] GC(381) Old regions: 12->12
[64.010s][info][gc,heap        ] GC(381) Archive regions: 0->0
[64.010s][info][gc,heap        ] GC(381) Humongous regions: 0->0
[64.010s][info][gc,metaspace   ] GC(381) Metaspace: 8629K(8896K)->8629K(8896K) NonClass: 7477K(7616K)->7477K(7616K) Class: 1151K(1280K)->1151K(1280K)
[64.010s][info][gc             ] GC(381) Pause Young (Normal) (G1 Evacuation Pause) 26M->3M(40M) 1.376ms
[64.010s][info][gc,cpu         ] GC(381) User=0.00s Sys=0.00s Real=0.00s
[64.022s][info][gc,start       ] GC(382) Pause Young (Normal) (G1 Evacuation Pause)
[64.022s][info][gc,task        ] GC(382) Using 2 workers of 33 for evacuation
[64.025s][info][gc,phases      ] GC(382)   Pre Evacuate Collection Set: 0.1ms
[64.025s][info][gc,phases      ] GC(382)   Merge Heap Roots: 0.0ms
[64.025s][info][gc,phases      ] GC(382)   Evacuate Collection Set: 0.9ms
[64.025s][info][gc,phases      ] GC(382)   Post Evacuate Collection Set: 2.3ms
[64.025s][info][gc,phases      ] GC(382)   Other: 0.1ms
[64.025s][info][gc,heap        ] GC(382) Eden regions: 23->0(318)
[64.025s][info][gc,heap        ] GC(382) Survivor regions: 1->1(3)
[64.025s][info][gc,heap        ] GC(382) Old regions: 12->12
[64.025s][info][gc,heap        ] GC(382) Archive regions: 0->0
[64.025s][info][gc,heap        ] GC(382) Humongous regions: 0->0
[64.025s][info][gc,metaspace   ] GC(382) Metaspace: 8629K(8896K)->8629K(8896K) NonClass: 7477K(7616K)->7477K(7616K) Class: 1151K(1280K)->1151K(1280K)
[64.025s][info][gc             ] GC(382) Pause Young (Normal) (G1 Evacuation Pause) 26M->3M(532M) 3.834ms
[64.025s][info][gc,cpu         ] GC(382) User=0.00s Sys=0.00s Real=0.00s
[64.191s][info][gc,start       ] GC(383) Pause Young (Normal) (G1 Evacuation Pause)
[64.191s][info][gc,task        ] GC(383) Using 12 workers of 33 for evacuation
[64.194s][info][gc,phases      ] GC(383)   Pre Evacuate Collection Set: 0.1ms
[64.194s][info][gc,phases      ] GC(383)   Merge Heap Roots: 0.1ms
[64.194s][info][gc,phases      ] GC(383)   Evacuate Collection Set: 1.8ms
[64.194s][info][gc,phases      ] GC(383)   Post Evacuate Collection Set: 0.4ms
[64.194s][info][gc,phases      ] GC(383)   Other: 0.1ms
[64.194s][info][gc,heap        ] GC(383) Eden regions: 318->0(317)
[64.194s][info][gc,heap        ] GC(383) Survivor regions: 1->2(40)
[64.194s][info][gc,heap        ] GC(383) Old regions: 12->12
[64.194s][info][gc,heap        ] GC(383) Archive regions: 0->0
[64.194s][info][gc,heap        ] GC(383) Humongous regions: 0->0
[64.194s][info][gc,metaspace   ] GC(383) Metaspace: 8629K(8896K)->8629K(8896K) NonClass: 7477K(7616K)->7477K(7616K) Class: 1151K(1280K)->1151K(1280K)
[64.194s][info][gc             ] GC(383) Pause Young (Normal) (G1 Evacuation Pause) 321M->4M(532M) 3.006ms
[64.194s][info][gc,cpu         ] GC(383) User=0.00s Sys=0.00s Real=0.00s
[64.374s][info][gc,start       ] GC(384) Pause Young (Normal) (G1 Evacuation Pause)
[64.374s][info][gc,task        ] GC(384) Using 12 workers of 33 for evacuation
[64.376s][info][gc,phases      ] GC(384)   Pre Evacuate Collection Set: 0.1ms
[64.376s][info][gc,phases      ] GC(384)   Merge Heap Roots: 0.1ms
[64.376s][info][gc,phases      ] GC(384)   Evacuate Collection Set: 1.2ms
[64.376s][info][gc,phases      ] GC(384)   Post Evacuate Collection Set: 0.4ms
[64.376s][info][gc,phases      ] GC(384)   Other: 0.1ms
[64.376s][info][gc,heap        ] GC(384) Eden regions: 317->0(316)
[64.376s][info][gc,heap        ] GC(384) Survivor regions: 2->3(40)
[64.377s][info][gc,heap        ] GC(384) Old regions: 12->12
[64.377s][info][gc,heap        ] GC(384) Archive regions: 0->0
[64.377s][info][gc,heap        ] GC(384) Humongous regions: 0->0
[64.377s][info][gc,metaspace   ] GC(384) Metaspace: 8629K(8896K)->8629K(8896K) NonClass: 7477K(7616K)->7477K(7616K) Class: 1151K(1280K)->1151K(1280K)
[64.377s][info][gc             ] GC(384) Pause Young (Normal) (G1 Evacuation Pause) 321M->5M(532M) 2.407ms
[64.377s][info][gc,cpu         ] GC(384) User=0.00s Sys=0.00s Real=0.00s
[64.554s][info][gc,start       ] GC(385) Pause Young (Normal) (G1 Evacuation Pause)
[64.554s][info][gc,task        ] GC(385) Using 12 workers of 33 for evacuation
[64.556s][info][gc,phases      ] GC(385)   Pre Evacuate Collection Set: 0.1ms
[64.556s][info][gc,phases      ] GC(385)   Merge Heap Roots: 0.1ms
[64.556s][info][gc,phases      ] GC(385)   Evacuate Collection Set: 1.3ms
[64.556s][info][gc,phases      ] GC(385)   Post Evacuate Collection Set: 0.4ms
[64.556s][info][gc,phases      ] GC(385)   Other: 0.1ms
[64.556s][info][gc,heap        ] GC(385) Eden regions: 316->0(315)
[64.556s][info][gc,heap        ] GC(385) Survivor regions: 3->4(40)
[64.556s][info][gc,heap        ] GC(385) Old regions: 12->12
[64.556s][info][gc,heap        ] GC(385) Archive regions: 0->0
[64.556s][info][gc,heap        ] GC(385) Humongous regions: 0->0
[64.556s][info][gc,metaspace   ] GC(385) Metaspace: 8629K(8896K)->8629K(8896K) NonClass: 7477K(7616K)->7477K(7616K) Class: 1151K(1280K)->1151K(1280K)
[64.556s][info][gc             ] GC(385) Pause Young (Normal) (G1 Evacuation Pause) 321M->6M(532M) 2.657ms
[64.556s][info][gc,cpu         ] GC(385) User=0.00s Sys=0.00s Real=0.00s
[64.716s][info][gc,start       ] GC(386) Pause Young (Normal) (G1 Evacuation Pause)
[64.716s][info][gc,task        ] GC(386) Using 12 workers of 33 for evacuation
[64.719s][info][gc,phases      ] GC(386)   Pre Evacuate Collection Set: 0.1ms
[64.719s][info][gc,phases      ] GC(386)   Merge Heap Roots: 0.1ms
[64.719s][info][gc,phases      ] GC(386)   Evacuate Collection Set: 1.6ms
[64.719s][info][gc,phases      ] GC(386)   Post Evacuate Collection Set: 0.4ms
[64.719s][info][gc,phases      ] GC(386)   Other: 0.1ms
[64.719s][info][gc,heap        ] GC(386) Eden regions: 315->0(314)
[64.719s][info][gc,heap        ] GC(386) Survivor regions: 4->5(40)
[64.719s][info][gc,heap        ] GC(386) Old regions: 12->12
[64.719s][info][gc,heap        ] GC(386) Archive regions: 0->0
[64.719s][info][gc,heap        ] GC(386) Humongous regions: 0->0
[64.719s][info][gc,metaspace   ] GC(386) Metaspace: 8629K(8896K)->8629K(8896K) NonClass: 7477K(7616K)->7477K(7616K) Class: 1151K(1280K)->1151K(1280K)
[64.719s][info][gc             ] GC(386) Pause Young (Normal) (G1 Evacuation Pause) 321M->7M(532M) 2.742ms
[64.719s][info][gc,cpu         ] GC(386) User=0.00s Sys=0.00s Real=0.00s
[64.891s][info][gc,start       ] GC(387) Pause Young (Normal) (G1 Evacuation Pause)
[64.891s][info][gc,task        ] GC(387) Using 12 workers of 33 for evacuation
[64.896s][info][gc,phases      ] GC(387)   Pre Evacuate Collection Set: 0.1ms
[64.896s][info][gc,phases      ] GC(387)   Merge Heap Roots: 0.1ms
[64.896s][info][gc,phases      ] GC(387)   Evacuate Collection Set: 3.8ms
[64.896s][info][gc,phases      ] GC(387)   Post Evacuate Collection Set: 0.4ms
[64.896s][info][gc,phases      ] GC(387)   Other: 0.2ms
[64.896s][info][gc,heap        ] GC(387) Eden regions: 314->0(313)
[64.896s][info][gc,heap        ] GC(387) Survivor regions: 5->6(40)
[64.896s][info][gc,heap        ] GC(387) Old regions: 12->12
[64.896s][info][gc,heap        ] GC(387) Archive regions: 0->0
[64.896s][info][gc,heap        ] GC(387) Humongous regions: 0->0
[64.896s][info][gc,metaspace   ] GC(387) Metaspace: 8629K(8896K)->8629K(8896K) NonClass: 7477K(7616K)->7477K(7616K) Class: 1151K(1280K)->1151K(1280K)
[64.896s][info][gc             ] GC(387) Pause Young (Normal) (G1 Evacuation Pause) 321M->9M(532M) 5.124ms
[64.896s][info][gc,cpu         ] GC(387) User=0.00s Sys=0.00s Real=0.00s
[65.061s][info][gc,start       ] GC(388) Pause Young (Normal) (G1 Evacuation Pause)
[65.061s][info][gc,task        ] GC(388) Using 12 workers of 33 for evacuation
[65.064s][info][gc,phases      ] GC(388)   Pre Evacuate Collection Set: 0.1ms
[65.064s][info][gc,phases      ] GC(388)   Merge Heap Roots: 0.1ms
[65.064s][info][gc,phases      ] GC(388)   Evacuate Collection Set: 2.2ms
[65.064s][info][gc,phases      ] GC(388)   Post Evacuate Collection Set: 0.4ms
[65.064s][info][gc,phases      ] GC(388)   Other: 0.1ms
[65.064s][info][gc,heap        ] GC(388) Eden regions: 313->0(312)
[65.064s][info][gc,heap        ] GC(388) Survivor regions: 6->7(40)
[65.064s][info][gc,heap        ] GC(388) Old regions: 12->12
[65.064s][info][gc,heap        ] GC(388) Archive regions: 0->0
[65.064s][info][gc,heap        ] GC(388) Humongous regions: 0->0
[65.064s][info][gc,metaspace   ] GC(388) Metaspace: 8629K(8896K)->8629K(8896K) NonClass: 7477K(7616K)->7477K(7616K) Class: 1151K(1280K)->1151K(1280K)
[65.064s][info][gc             ] GC(388) Pause Young (Normal) (G1 Evacuation Pause) 322M->10M(532M) 3.424ms
[65.064s][info][gc,cpu         ] GC(388) User=0.00s Sys=0.00s Real=0.00s
[65.241s][info][gc,start       ] GC(389) Pause Young (Normal) (G1 Evacuation Pause)
[65.241s][info][gc,task        ] GC(389) Using 12 workers of 33 for evacuation
[65.244s][info][gc,phases      ] GC(389)   Pre Evacuate Collection Set: 0.1ms
[65.244s][info][gc,phases      ] GC(389)   Merge Heap Roots: 0.1ms
[65.244s][info][gc,phases      ] GC(389)   Evacuate Collection Set: 2.3ms
[65.244s][info][gc,phases      ] GC(389)   Post Evacuate Collection Set: 0.4ms
[65.244s][info][gc,phases      ] GC(389)   Other: 0.1ms
[65.244s][info][gc,heap        ] GC(389) Eden regions: 312->0(311)
[65.244s][info][gc,heap        ] GC(389) Survivor regions: 7->8(40)
[65.244s][info][gc,heap        ] GC(389) Old regions: 12->12
[65.244s][info][gc,heap        ] GC(389) Archive regions: 0->0
[65.244s][info][gc,heap        ] GC(389) Humongous regions: 0->0
[65.244s][info][gc,metaspace   ] GC(389) Metaspace: 8629K(8896K)->8629K(8896K) NonClass: 7477K(7616K)->7477K(7616K) Class: 1151K(1280K)->1151K(1280K)
[65.244s][info][gc             ] GC(389) Pause Young (Normal) (G1 Evacuation Pause) 322M->10M(532M) 3.498ms
[65.244s][info][gc,cpu         ] GC(389) User=0.00s Sys=0.00s Real=0.00s
[65.420s][info][gc,start       ] GC(390) Pause Young (Normal) (G1 Evacuation Pause)
[65.421s][info][gc,task        ] GC(390) Using 12 workers of 33 for evacuation
[65.424s][info][gc,phases      ] GC(390)   Pre Evacuate Collection Set: 0.1ms
[65.424s][info][gc,phases      ] GC(390)   Merge Heap Roots: 0.1ms
[65.424s][info][gc,phases      ] GC(390)   Evacuate Collection Set: 2.8ms
[65.424s][info][gc,phases      ] GC(390)   Post Evacuate Collection Set: 0.4ms
[65.424s][info][gc,phases      ] GC(390)   Other: 0.1ms
[65.424s][info][gc,heap        ] GC(390) Eden regions: 311->0(310)
[65.424s][info][gc,heap        ] GC(390) Survivor regions: 8->9(40)
[65.424s][info][gc,heap        ] GC(390) Old regions: 12->12
[65.424s][info][gc,heap        ] GC(390) Archive regions: 0->0
[65.424s][info][gc,heap        ] GC(390) Humongous regions: 0->0
[65.424s][info][gc,metaspace   ] GC(390) Metaspace: 8629K(8896K)->8629K(8896K) NonClass: 7477K(7616K)->7477K(7616K) Class: 1151K(1280K)->1151K(1280K)
[65.425s][info][gc             ] GC(390) Pause Young (Normal) (G1 Evacuation Pause) 321M->11M(532M) 4.078ms
[65.425s][info][gc,cpu         ] GC(390) User=0.00s Sys=0.00s Real=0.00s
[65.595s][info][gc,start       ] GC(391) Pause Young (Normal) (G1 Evacuation Pause)
[65.595s][info][gc,task        ] GC(391) Using 12 workers of 33 for evacuation
[65.599s][info][gc,phases      ] GC(391)   Pre Evacuate Collection Set: 0.1ms
[65.599s][info][gc,phases      ] GC(391)   Merge Heap Roots: 0.1ms
[65.599s][info][gc,phases      ] GC(391)   Evacuate Collection Set: 3.1ms
[65.599s][info][gc,phases      ] GC(391)   Post Evacuate Collection Set: 0.4ms
[65.599s][info][gc,phases      ] GC(391)   Other: 0.1ms
[65.599s][info][gc,heap        ] GC(391) Eden regions: 310->0(309)
[65.600s][info][gc,heap        ] GC(391) Survivor regions: 9->10(40)
[65.600s][info][gc,heap        ] GC(391) Old regions: 12->12
[65.600s][info][gc,heap        ] GC(391) Archive regions: 0->0
[65.600s][info][gc,heap        ] GC(391) Humongous regions: 0->0
[65.600s][info][gc,metaspace   ] GC(391) Metaspace: 8629K(8896K)->8629K(8896K) NonClass: 7477K(7616K)->7477K(7616K) Class: 1151K(1280K)->1151K(1280K)
[65.600s][info][gc             ] GC(391) Pause Young (Normal) (G1 Evacuation Pause) 321M->13M(532M) 4.380ms
[65.600s][info][gc,cpu         ] GC(391) User=0.00s Sys=0.00s Real=0.00s
[65.758s][info][gc,start       ] GC(392) Pause Young (Normal) (G1 Evacuation Pause)
[65.758s][info][gc,task        ] GC(392) Using 12 workers of 33 for evacuation
[65.762s][info][gc,phases      ] GC(392)   Pre Evacuate Collection Set: 0.1ms
[65.762s][info][gc,phases      ] GC(392)   Merge Heap Roots: 0.1ms
[65.762s][info][gc,phases      ] GC(392)   Evacuate Collection Set: 3.3ms
[65.762s][info][gc,phases      ] GC(392)   Post Evacuate Collection Set: 0.4ms
[65.762s][info][gc,phases      ] GC(392)   Other: 0.1ms
[65.762s][info][gc,heap        ] GC(392) Eden regions: 309->0(308)
[65.762s][info][gc,heap        ] GC(392) Survivor regions: 10->11(40)
[65.762s][info][gc,heap        ] GC(392) Old regions: 12->12
[65.762s][info][gc,heap        ] GC(392) Archive regions: 0->0
[65.762s][info][gc,heap        ] GC(392) Humongous regions: 0->0
[65.763s][info][gc,metaspace   ] GC(392) Metaspace: 8629K(8896K)->8629K(8896K) NonClass: 7477K(7616K)->7477K(7616K) Class: 1151K(1280K)->1151K(1280K)
[65.763s][info][gc             ] GC(392) Pause Young (Normal) (G1 Evacuation Pause) 322M->14M(532M) 4.550ms
[65.763s][info][gc,cpu         ] GC(392) User=0.00s Sys=0.00s Real=0.00s
[65.930s][info][gc,start       ] GC(393) Pause Young (Normal) (G1 Evacuation Pause)
[65.930s][info][gc,task        ] GC(393) Using 12 workers of 33 for evacuation
[65.934s][info][gc,phases      ] GC(393)   Pre Evacuate Collection Set: 0.1ms
[65.934s][info][gc,phases      ] GC(393)   Merge Heap Roots: 0.1ms
[65.934s][info][gc,phases      ] GC(393)   Evacuate Collection Set: 3.6ms
[65.934s][info][gc,phases      ] GC(393)   Post Evacuate Collection Set: 0.4ms
[65.934s][info][gc,phases      ] GC(393)   Other: 0.1ms
[65.934s][info][gc,heap        ] GC(393) Eden regions: 308->0(307)
[65.934s][info][gc,heap        ] GC(393) Survivor regions: 11->12(40)
[65.935s][info][gc,heap        ] GC(393) Old regions: 12->12
[65.935s][info][gc,heap        ] GC(393) Archive regions: 0->0
[65.935s][info][gc,heap        ] GC(393) Humongous regions: 0->0
[65.935s][info][gc,metaspace   ] GC(393) Metaspace: 8629K(8896K)->8629K(8896K) NonClass: 7477K(7616K)->7477K(7616K) Class: 1151K(1280K)->1151K(1280K)
[65.935s][info][gc             ] GC(393) Pause Young (Normal) (G1 Evacuation Pause) 322M->15M(532M) 4.876ms
[65.935s][info][gc,cpu         ] GC(393) User=0.00s Sys=0.00s Real=0.00s
[66.097s][info][gc,start       ] GC(394) Pause Young (Normal) (G1 Evacuation Pause)
[66.097s][info][gc,task        ] GC(394) Using 12 workers of 33 for evacuation
[66.101s][info][gc,phases      ] GC(394)   Pre Evacuate Collection Set: 0.1ms
[66.101s][info][gc,phases      ] GC(394)   Merge Heap Roots: 0.1ms
[66.102s][info][gc,phases      ] GC(394)   Evacuate Collection Set: 3.8ms
[66.102s][info][gc,phases      ] GC(394)   Post Evacuate Collection Set: 0.4ms
[66.102s][info][gc,phases      ] GC(394)   Other: 0.1ms
[66.102s][info][gc,heap        ] GC(394) Eden regions: 307->0(306)
[66.102s][info][gc,heap        ] GC(394) Survivor regions: 12->13(40)
[66.102s][info][gc,heap        ] GC(394) Old regions: 12->13
[66.102s][info][gc,heap        ] GC(394) Archive regions: 0->0
[66.102s][info][gc,heap        ] GC(394) Humongous regions: 0->0
[66.102s][info][gc,metaspace   ] GC(394) Metaspace: 8629K(8896K)->8629K(8896K) NonClass: 7477K(7616K)->7477K(7616K) Class: 1151K(1280K)->1151K(1280K)
[66.102s][info][gc             ] GC(394) Pause Young (Normal) (G1 Evacuation Pause) 322M->16M(532M) 5.026ms
[66.102s][info][gc,cpu         ] GC(394) User=0.00s Sys=0.00s Real=0.00s
[66.257s][info][gc,start       ] GC(395) Pause Young (Normal) (G1 Evacuation Pause)
[66.257s][info][gc,task        ] GC(395) Using 12 workers of 33 for evacuation
[66.261s][info][gc,phases      ] GC(395)   Pre Evacuate Collection Set: 0.1ms
[66.261s][info][gc,phases      ] GC(395)   Merge Heap Roots: 0.1ms
[66.261s][info][gc,phases      ] GC(395)   Evacuate Collection Set: 3.7ms
[66.261s][info][gc,phases      ] GC(395)   Post Evacuate Collection Set: 0.4ms
[66.261s][info][gc,phases      ] GC(395)   Other: 0.1ms
[66.261s][info][gc,heap        ] GC(395) Eden regions: 306->0(305)
[66.261s][info][gc,heap        ] GC(395) Survivor regions: 13->14(40)
[66.262s][info][gc,heap        ] GC(395) Old regions: 13->13
[66.262s][info][gc,heap        ] GC(395) Archive regions: 0->0
[66.262s][info][gc,heap        ] GC(395) Humongous regions: 0->0
[66.262s][info][gc,metaspace   ] GC(395) Metaspace: 8629K(8896K)->8629K(8896K) NonClass: 7477K(7616K)->7477K(7616K) Class: 1151K(1280K)->1151K(1280K)
[66.262s][info][gc             ] GC(395) Pause Young (Normal) (G1 Evacuation Pause) 322M->16M(532M) 4.972ms
[66.262s][info][gc,cpu         ] GC(395) User=0.19s Sys=0.00s Real=0.02s
[66.452s][info][gc,start       ] GC(396) Pause Young (Normal) (G1 Evacuation Pause)
[66.452s][info][gc,task        ] GC(396) Using 12 workers of 33 for evacuation
[66.463s][info][gc,phases      ] GC(396)   Pre Evacuate Collection Set: 0.1ms
[66.463s][info][gc,phases      ] GC(396)   Merge Heap Roots: 0.2ms
[66.463s][info][gc,phases      ] GC(396)   Evacuate Collection Set: 10.7ms
[66.463s][info][gc,phases      ] GC(396)   Post Evacuate Collection Set: 0.4ms
[66.463s][info][gc,phases      ] GC(396)   Other: 0.2ms
[66.463s][info][gc,heap        ] GC(396) Eden regions: 305->0(294)
[66.463s][info][gc,heap        ] GC(396) Survivor regions: 14->25(40)
[66.463s][info][gc,heap        ] GC(396) Old regions: 13->13
[66.463s][info][gc,heap        ] GC(396) Archive regions: 0->0
[66.463s][info][gc,heap        ] GC(396) Humongous regions: 3->3
[66.463s][info][gc,metaspace   ] GC(396) Metaspace: 8631K(8896K)->8631K(8896K) NonClass: 7480K(7616K)->7480K(7616K) Class: 1151K(1280K)->1151K(1280K)
[66.464s][info][gc             ] GC(396) Pause Young (Normal) (G1 Evacuation Pause) 324M->30M(532M) 12.009ms
[66.464s][info][gc,cpu         ] GC(396) User=0.19s Sys=0.00s Real=0.01s
[66.622s][info][gc,start       ] GC(397) Pause Young (Normal) (G1 Evacuation Pause)
[66.622s][info][gc,task        ] GC(397) Using 12 workers of 33 for evacuation
[66.631s][info][gc,phases      ] GC(397)   Pre Evacuate Collection Set: 0.1ms
[66.631s][info][gc,phases      ] GC(397)   Merge Heap Roots: 0.2ms
[66.631s][info][gc,phases      ] GC(397)   Evacuate Collection Set: 8.2ms
[66.631s][info][gc,phases      ] GC(397)   Post Evacuate Collection Set: 0.4ms
[66.631s][info][gc,phases      ] GC(397)   Other: 0.2ms
[66.631s][info][gc,heap        ] GC(397) Eden regions: 294->0(297)
[66.631s][info][gc,heap        ] GC(397) Survivor regions: 25->22(40)
[66.631s][info][gc,heap        ] GC(397) Old regions: 13->17
[66.631s][info][gc,heap        ] GC(397) Archive regions: 0->0
[66.631s][info][gc,heap        ] GC(397) Humongous regions: 3->3
[66.631s][info][gc,metaspace   ] GC(397) Metaspace: 8631K(8896K)->8631K(8896K) NonClass: 7480K(7616K)->7480K(7616K) Class: 1151K(1280K)->1151K(1280K)
[66.631s][info][gc             ] GC(397) Pause Young (Normal) (G1 Evacuation Pause) 324M->32M(532M) 9.613ms
[66.631s][info][gc,cpu         ] GC(397) User=0.19s Sys=0.00s Real=0.02s
[66.782s][info][gc,start       ] GC(398) Pause Young (Normal) (G1 Evacuation Pause)
[66.782s][info][gc,task        ] GC(398) Using 12 workers of 33 for evacuation
[66.791s][info][gc,phases      ] GC(398)   Pre Evacuate Collection Set: 0.1ms
[66.791s][info][gc,phases      ] GC(398)   Merge Heap Roots: 0.1ms
[66.791s][info][gc,phases      ] GC(398)   Evacuate Collection Set: 8.0ms
[66.791s][info][gc,phases      ] GC(398)   Post Evacuate Collection Set: 0.4ms
[66.791s][info][gc,phases      ] GC(398)   Other: 0.1ms
[66.791s][info][gc,heap        ] GC(398) Eden regions: 297->0(297)
[66.791s][info][gc,heap        ] GC(398) Survivor regions: 22->22(40)
[66.791s][info][gc,heap        ] GC(398) Old regions: 17->17
[66.791s][info][gc,heap        ] GC(398) Archive regions: 0->0
[66.791s][info][gc,heap        ] GC(398) Humongous regions: 3->3
[66.791s][info][gc,metaspace   ] GC(398) Metaspace: 8631K(8896K)->8631K(8896K) NonClass: 7480K(7616K)->7480K(7616K) Class: 1151K(1280K)->1151K(1280K)
[66.791s][info][gc             ] GC(398) Pause Young (Normal) (G1 Evacuation Pause) 329M->32M(532M) 9.274ms
[66.791s][info][gc,cpu         ] GC(398) User=0.19s Sys=0.00s Real=0.02s
[66.947s][info][gc,start       ] GC(399) Pause Young (Normal) (G1 Evacuation Pause)
[66.947s][info][gc,task        ] GC(399) Using 12 workers of 33 for evacuation
[66.956s][info][gc,phases      ] GC(399)   Pre Evacuate Collection Set: 0.1ms
[66.956s][info][gc,phases      ] GC(399)   Merge Heap Roots: 0.2ms
[66.956s][info][gc,phases      ] GC(399)   Evacuate Collection Set: 7.5ms
[66.956s][info][gc,phases      ] GC(399)   Post Evacuate Collection Set: 0.5ms
[66.956s][info][gc,phases      ] GC(399)   Other: 0.2ms
[66.956s][info][gc,heap        ] GC(399) Eden regions: 297->0(300)
[66.956s][info][gc,heap        ] GC(399) Survivor regions: 22->19(40)
[66.956s][info][gc,heap        ] GC(399) Old regions: 17->21
[66.956s][info][gc,heap        ] GC(399) Archive regions: 0->0
[66.956s][info][gc,heap        ] GC(399) Humongous regions: 3->3
[66.956s][info][gc,metaspace   ] GC(399) Metaspace: 8631K(8896K)->8631K(8896K) NonClass: 7480K(7616K)->7480K(7616K) Class: 1151K(1280K)->1151K(1280K)
[66.956s][info][gc             ] GC(399) Pause Young (Normal) (G1 Evacuation Pause) 329M->33M(532M) 8.896ms
[66.956s][info][gc,cpu         ] GC(399) User=0.19s Sys=0.00s Real=0.02s
[67.141s][info][gc,start       ] GC(400) Pause Young (Normal) (G1 Evacuation Pause)
[67.141s][info][gc,task        ] GC(400) Using 12 workers of 33 for evacuation
[67.149s][info][gc,phases      ] GC(400)   Pre Evacuate Collection Set: 0.1ms
[67.149s][info][gc,phases      ] GC(400)   Merge Heap Roots: 0.3ms
[67.149s][info][gc,phases      ] GC(400)   Evacuate Collection Set: 7.5ms
[67.149s][info][gc,phases      ] GC(400)   Post Evacuate Collection Set: 0.4ms
[67.149s][info][gc,phases      ] GC(400)   Other: 0.2ms
[67.149s][info][gc,heap        ] GC(400) Eden regions: 300->0(299)
[67.149s][info][gc,heap        ] GC(400) Survivor regions: 19->20(40)
[67.149s][info][gc,heap        ] GC(400) Old regions: 21->21
[67.149s][info][gc,heap        ] GC(400) Archive regions: 0->0
[67.150s][info][gc,heap        ] GC(400) Humongous regions: 3->3
[67.150s][info][gc,metaspace   ] GC(400) Metaspace: 8631K(8896K)->8631K(8896K) NonClass: 7480K(7616K)->7480K(7616K) Class: 1151K(1280K)->1151K(1280K)
[67.150s][info][gc             ] GC(400) Pause Young (Normal) (G1 Evacuation Pause) 333M->35M(532M) 9.085ms
[67.150s][info][gc,cpu         ] GC(400) User=0.19s Sys=0.00s Real=0.02s
[67.317s][info][gc,start       ] GC(401) Pause Young (Normal) (G1 Evacuation Pause)
[67.317s][info][gc,task        ] GC(401) Using 12 workers of 33 for evacuation
[67.325s][info][gc,phases      ] GC(401)   Pre Evacuate Collection Set: 0.1ms
[67.325s][info][gc,phases      ] GC(401)   Merge Heap Roots: 0.2ms
[67.325s][info][gc,phases      ] GC(401)   Evacuate Collection Set: 6.8ms
[67.325s][info][gc,phases      ] GC(401)   Post Evacuate Collection Set: 0.4ms
[67.325s][info][gc,phases      ] GC(401)   Other: 0.2ms
[67.325s][info][gc,heap        ] GC(401) Eden regions: 299->0(298)
[67.325s][info][gc,heap        ] GC(401) Survivor regions: 20->21(40)
[67.325s][info][gc,heap        ] GC(401) Old regions: 21->21
[67.325s][info][gc,heap        ] GC(401) Archive regions: 0->0
[67.325s][info][gc,heap        ] GC(401) Humongous regions: 3->3
[67.325s][info][gc,metaspace   ] GC(401) Metaspace: 8631K(8896K)->8631K(8896K) NonClass: 7480K(7616K)->7480K(7616K) Class: 1151K(1280K)->1151K(1280K)
[67.325s][info][gc             ] GC(401) Pause Young (Normal) (G1 Evacuation Pause) 334M->36M(532M) 8.197ms
[67.325s][info][gc,cpu         ] GC(401) User=0.00s Sys=0.00s Real=0.00s
[67.484s][info][gc,start       ] GC(402) Pause Young (Normal) (G1 Evacuation Pause)
[67.484s][info][gc,task        ] GC(402) Using 12 workers of 33 for evacuation
[67.493s][info][gc,phases      ] GC(402)   Pre Evacuate Collection Set: 0.1ms
[67.493s][info][gc,phases      ] GC(402)   Merge Heap Roots: 0.2ms
[67.493s][info][gc,phases      ] GC(402)   Evacuate Collection Set: 7.6ms
[67.493s][info][gc,phases      ] GC(402)   Post Evacuate Collection Set: 0.4ms
[67.493s][info][gc,phases      ] GC(402)   Other: 0.2ms
[67.493s][info][gc,heap        ] GC(402) Eden regions: 298->0(297)
[67.493s][info][gc,heap        ] GC(402) Survivor regions: 21->22(40)
[67.493s][info][gc,heap        ] GC(402) Old regions: 21->21
[67.493s][info][gc,heap        ] GC(402) Archive regions: 0->0
[67.493s][info][gc,heap        ] GC(402) Humongous regions: 3->3
[67.493s][info][gc,metaspace   ] GC(402) Metaspace: 8631K(8896K)->8631K(8896K) NonClass: 7480K(7616K)->7480K(7616K) Class: 1151K(1280K)->1151K(1280K)
[67.493s][info][gc             ] GC(402) Pause Young (Normal) (G1 Evacuation Pause) 334M->36M(532M) 8.989ms
[67.493s][info][gc,cpu         ] GC(402) User=0.38s Sys=0.00s Real=0.02s
[67.649s][info][gc,start       ] GC(403) Pause Young (Normal) (G1 Evacuation Pause)
[67.649s][info][gc,task        ] GC(403) Using 12 workers of 33 for evacuation
[67.657s][info][gc,phases      ] GC(403)   Pre Evacuate Collection Set: 0.1ms
[67.657s][info][gc,phases      ] GC(403)   Merge Heap Roots: 0.2ms
[67.657s][info][gc,phases      ] GC(403)   Evacuate Collection Set: 7.9ms
[67.657s][info][gc,phases      ] GC(403)   Post Evacuate Collection Set: 0.4ms
[67.658s][info][gc,phases      ] GC(403)   Other: 0.2ms
[67.658s][info][gc,heap        ] GC(403) Eden regions: 297->0(296)
[67.658s][info][gc,heap        ] GC(403) Survivor regions: 22->23(40)
[67.658s][info][gc,heap        ] GC(403) Old regions: 21->21
[67.658s][info][gc,heap        ] GC(403) Archive regions: 0->0
[67.658s][info][gc,heap        ] GC(403) Humongous regions: 3->3
[67.658s][info][gc,metaspace   ] GC(403) Metaspace: 8631K(8896K)->8631K(8896K) NonClass: 7480K(7616K)->7480K(7616K) Class: 1151K(1280K)->1151K(1280K)
[67.658s][info][gc             ] GC(403) Pause Young (Normal) (G1 Evacuation Pause) 333M->37M(532M) 9.235ms
[67.658s][info][gc,cpu         ] GC(403) User=0.19s Sys=0.00s Real=0.02s
[67.818s][info][gc,start       ] GC(404) Pause Young (Normal) (G1 Evacuation Pause)
[67.818s][info][gc,task        ] GC(404) Using 12 workers of 33 for evacuation
[67.827s][info][gc,phases      ] GC(404)   Pre Evacuate Collection Set: 0.1ms
[67.827s][info][gc,phases      ] GC(404)   Merge Heap Roots: 0.2ms
[67.827s][info][gc,phases      ] GC(404)   Evacuate Collection Set: 8.7ms
[67.828s][info][gc,phases      ] GC(404)   Post Evacuate Collection Set: 0.5ms
[67.828s][info][gc,phases      ] GC(404)   Other: 0.2ms
[67.828s][info][gc,heap        ] GC(404) Eden regions: 296->0(308)
[67.828s][info][gc,heap        ] GC(404) Survivor regions: 23->11(40)
[67.828s][info][gc,heap        ] GC(404) Old regions: 21->36
[67.828s][info][gc,heap        ] GC(404) Archive regions: 0->0
[67.828s][info][gc,heap        ] GC(404) Humongous regions: 3->3
[67.828s][info][gc,metaspace   ] GC(404) Metaspace: 8631K(8896K)->8631K(8896K) NonClass: 7480K(7616K)->7480K(7616K) Class: 1151K(1280K)->1151K(1280K)
[67.828s][info][gc             ] GC(404) Pause Young (Normal) (G1 Evacuation Pause) 333M->40M(532M) 10.073ms
[67.828s][info][gc,cpu         ] GC(404) User=0.17s Sys=0.00s Real=0.02s
[68.322s][info][gc,start       ] GC(405) Pause Full (System.gc())
[68.322s][info][gc,task        ] GC(405) Using 12 workers of 33 for full compaction
[68.323s][info][gc,phases,start] GC(405) Phase 1: Mark live objects
[68.326s][info][gc,phases      ] GC(405) Phase 1: Mark live objects 3.123ms
[68.326s][info][gc,phases,start] GC(405) Phase 2: Prepare compaction
[68.327s][info][gc,phases      ] GC(405) Phase 2: Prepare compaction 0.867ms
[68.327s][info][gc,phases,start] GC(405) Phase 3: Adjust pointers
[68.330s][info][gc,phases      ] GC(405) Phase 3: Adjust pointers 2.805ms
[68.330s][info][gc,phases,start] GC(405) Phase 4: Compact heap
[68.330s][info][gc,phases      ] GC(405) Phase 4: Compact heap 0.661ms
[68.334s][info][gc,heap        ] GC(405) Eden regions: 250->0(24)
[68.334s][info][gc,heap        ] GC(405) Survivor regions: 11->0(40)
[68.334s][info][gc,heap        ] GC(405) Old regions: 36->12
[68.334s][info][gc,heap        ] GC(405) Archive regions: 0->0
[68.334s][info][gc,heap        ] GC(405) Humongous regions: 22->0
[68.334s][info][gc,metaspace   ] GC(405) Metaspace: 8632K(8896K)->8632K(8896K) NonClass: 7480K(7616K)->7480K(7616K) Class: 1151K(1280K)->1151K(1280K)
[68.334s][info][gc             ] GC(405) Pause Full (System.gc()) 308M->3M(40M) 12.187ms
[68.334s][info][gc,cpu         ] GC(405) User=0.19s Sys=0.00s Real=0.02s
[68.362s][info][gc,start       ] GC(406) Pause Young (Normal) (G1 Evacuation Pause)
[68.362s][info][gc,task        ] GC(406) Using 7 workers of 33 for evacuation
[68.363s][info][gc,phases      ] GC(406)   Pre Evacuate Collection Set: 0.1ms
[68.363s][info][gc,phases      ] GC(406)   Merge Heap Roots: 0.1ms
[68.363s][info][gc,phases      ] GC(406)   Evacuate Collection Set: 0.2ms
[68.363s][info][gc,phases      ] GC(406)   Post Evacuate Collection Set: 0.2ms
[68.363s][info][gc,phases      ] GC(406)   Other: 0.1ms
[68.363s][info][gc,heap        ] GC(406) Eden regions: 24->0(22)
[68.363s][info][gc,heap        ] GC(406) Survivor regions: 0->2(3)
[68.363s][info][gc,heap        ] GC(406) Old regions: 12->12
[68.363s][info][gc,heap        ] GC(406) Archive regions: 0->0
[68.363s][info][gc,heap        ] GC(406) Humongous regions: 0->0
[68.363s][info][gc,metaspace   ] GC(406) Metaspace: 8639K(8896K)->8639K(8896K) NonClass: 7488K(7616K)->7488K(7616K) Class: 1151K(1280K)->1151K(1280K)
[68.364s][info][gc             ] GC(406) Pause Young (Normal) (G1 Evacuation Pause) 27M->5M(40M) 1.119ms
[68.364s][info][gc,cpu         ] GC(406) User=0.00s Sys=0.00s Real=0.00s
[68.376s][info][gc,start       ] GC(407) Pause Young (Normal) (G1 Evacuation Pause)
[68.376s][info][gc,task        ] GC(407) Using 4 workers of 33 for evacuation
[68.377s][info][gc,phases      ] GC(407)   Pre Evacuate Collection Set: 0.1ms
[68.377s][info][gc,phases      ] GC(407)   Merge Heap Roots: 0.0ms
[68.377s][info][gc,phases      ] GC(407)   Evacuate Collection Set: 0.3ms
[68.377s][info][gc,phases      ] GC(407)   Post Evacuate Collection Set: 0.2ms
[68.377s][info][gc,phases      ] GC(407)   Other: 0.1ms
[68.377s][info][gc,heap        ] GC(407) Eden regions: 22->0(23)
[68.377s][info][gc,heap        ] GC(407) Survivor regions: 2->1(3)
[68.377s][info][gc,heap        ] GC(407) Old regions: 12->12
[68.377s][info][gc,heap        ] GC(407) Archive regions: 0->0
[68.377s][info][gc,heap        ] GC(407) Humongous regions: 0->0
[68.377s][info][gc,metaspace   ] GC(407) Metaspace: 8639K(8896K)->8639K(8896K) NonClass: 7488K(7616K)->7488K(7616K) Class: 1151K(1280K)->1151K(1280K)
[68.377s][info][gc             ] GC(407) Pause Young (Normal) (G1 Evacuation Pause) 27M->3M(40M) 1.040ms
[68.377s][info][gc,cpu         ] GC(407) User=0.00s Sys=0.00s Real=0.00s
[68.389s][info][gc,start       ] GC(408) Pause Young (Normal) (G1 Evacuation Pause)
[68.389s][info][gc,task        ] GC(408) Using 3 workers of 33 for evacuation
[68.390s][info][gc,phases      ] GC(408)   Pre Evacuate Collection Set: 0.0ms
[68.390s][info][gc,phases      ] GC(408)   Merge Heap Roots: 0.0ms
[68.390s][info][gc,phases      ] GC(408)   Evacuate Collection Set: 0.6ms
[68.390s][info][gc,phases      ] GC(408)   Post Evacuate Collection Set: 0.2ms
[68.391s][info][gc,phases      ] GC(408)   Other: 0.1ms
[68.391s][info][gc,heap        ] GC(408) Eden regions: 23->0(23)
[68.391s][info][gc,heap        ] GC(408) Survivor regions: 1->1(3)
[68.391s][info][gc,heap        ] GC(408) Old regions: 12->12
[68.391s][info][gc,heap        ] GC(408) Archive regions: 0->0
[68.391s][info][gc,heap        ] GC(408) Humongous regions: 0->0
[68.391s][info][gc,metaspace   ] GC(408) Metaspace: 8639K(8896K)->8639K(8896K) NonClass: 7488K(7616K)->7488K(7616K) Class: 1151K(1280K)->1151K(1280K)
[68.391s][info][gc             ] GC(408) Pause Young (Normal) (G1 Evacuation Pause) 26M->3M(40M) 1.359ms
[68.391s][info][gc,cpu         ] GC(408) User=0.00s Sys=0.00s Real=0.00s
[68.402s][info][gc,start       ] GC(409) Pause Young (Normal) (G1 Evacuation Pause)
[68.403s][info][gc,task        ] GC(409) Using 2 workers of 33 for evacuation
[68.406s][info][gc,phases      ] GC(409)   Pre Evacuate Collection Set: 0.0ms
[68.406s][info][gc,phases      ] GC(409)   Merge Heap Roots: 0.0ms
[68.406s][info][gc,phases      ] GC(409)   Evacuate Collection Set: 0.9ms
[68.406s][info][gc,phases      ] GC(409)   Post Evacuate Collection Set: 2.3ms
[68.406s][info][gc,phases      ] GC(409)   Other: 0.1ms
[68.406s][info][gc,heap        ] GC(409) Eden regions: 23->0(318)
[68.406s][info][gc,heap        ] GC(409) Survivor regions: 1->1(3)
[68.406s][info][gc,heap        ] GC(409) Old regions: 12->12
[68.406s][info][gc,heap        ] GC(409) Archive regions: 0->0
[68.406s][info][gc,heap        ] GC(409) Humongous regions: 0->0
[68.406s][info][gc,metaspace   ] GC(409) Metaspace: 8639K(8896K)->8639K(8896K) NonClass: 7488K(7616K)->7488K(7616K) Class: 1151K(1280K)->1151K(1280K)
[68.406s][info][gc             ] GC(409) Pause Young (Normal) (G1 Evacuation Pause) 26M->3M(532M) 3.819ms
[68.406s][info][gc,cpu         ] GC(409) User=0.02s Sys=0.00s Real=0.02s
[68.588s][info][gc,start       ] GC(410) Pause Young (Normal) (G1 Evacuation Pause)
[68.591s][info][gc,task        ] GC(410) Using 12 workers of 33 for evacuation
[68.593s][info][gc,phases      ] GC(410)   Pre Evacuate Collection Set: 0.1ms
[68.593s][info][gc,phases      ] GC(410)   Merge Heap Roots: 0.1ms
[68.593s][info][gc,phases      ] GC(410)   Evacuate Collection Set: 0.8ms
[68.593s][info][gc,phases      ] GC(410)   Post Evacuate Collection Set: 0.4ms
[68.593s][info][gc,phases      ] GC(410)   Other: 0.1ms
[68.593s][info][gc,heap        ] GC(410) Eden regions: 318->0(317)
[68.593s][info][gc,heap        ] GC(410) Survivor regions: 1->2(40)
[68.593s][info][gc,heap        ] GC(410) Old regions: 12->12
[68.593s][info][gc,heap        ] GC(410) Archive regions: 0->0
[68.593s][info][gc,heap        ] GC(410) Humongous regions: 0->0
[68.593s][info][gc,metaspace   ] GC(410) Metaspace: 8639K(8896K)->8639K(8896K) NonClass: 7488K(7616K)->7488K(7616K) Class: 1151K(1280K)->1151K(1280K)
[68.593s][info][gc             ] GC(410) Pause Young (Normal) (G1 Evacuation Pause) 321M->4M(532M) 4.677ms
[68.593s][info][gc,cpu         ] GC(410) User=0.00s Sys=0.00s Real=0.00s
[68.779s][info][gc,start       ] GC(411) Pause Young (Normal) (G1 Evacuation Pause)
[68.779s][info][gc,task        ] GC(411) Using 12 workers of 33 for evacuation
[68.781s][info][gc,phases      ] GC(411)   Pre Evacuate Collection Set: 0.1ms
[68.781s][info][gc,phases      ] GC(411)   Merge Heap Roots: 0.1ms
[68.781s][info][gc,phases      ] GC(411)   Evacuate Collection Set: 1.1ms
[68.781s][info][gc,phases      ] GC(411)   Post Evacuate Collection Set: 0.4ms
[68.781s][info][gc,phases      ] GC(411)   Other: 0.1ms
[68.781s][info][gc,heap        ] GC(411) Eden regions: 317->0(316)
[68.781s][info][gc,heap        ] GC(411) Survivor regions: 2->3(40)
[68.781s][info][gc,heap        ] GC(411) Old regions: 12->12
[68.781s][info][gc,heap        ] GC(411) Archive regions: 0->0
[68.781s][info][gc,heap        ] GC(411) Humongous regions: 0->0
[68.781s][info][gc,metaspace   ] GC(411) Metaspace: 8639K(8896K)->8639K(8896K) NonClass: 7488K(7616K)->7488K(7616K) Class: 1151K(1280K)->1151K(1280K)
[68.781s][info][gc             ] GC(411) Pause Young (Normal) (G1 Evacuation Pause) 321M->5M(532M) 2.328ms
[68.781s][info][gc,cpu         ] GC(411) User=0.00s Sys=0.00s Real=0.00s
[68.951s][info][gc,start       ] GC(412) Pause Young (Normal) (G1 Evacuation Pause)
[68.951s][info][gc,task        ] GC(412) Using 12 workers of 33 for evacuation
[68.953s][info][gc,phases      ] GC(412)   Pre Evacuate Collection Set: 0.1ms
[68.953s][info][gc,phases      ] GC(412)   Merge Heap Roots: 0.1ms
[68.953s][info][gc,phases      ] GC(412)   Evacuate Collection Set: 1.4ms
[68.953s][info][gc,phases      ] GC(412)   Post Evacuate Collection Set: 0.4ms
[68.954s][info][gc,phases      ] GC(412)   Other: 0.1ms
[68.954s][info][gc,heap        ] GC(412) Eden regions: 316->0(315)
[68.954s][info][gc,heap        ] GC(412) Survivor regions: 3->4(40)
[68.954s][info][gc,heap        ] GC(412) Old regions: 12->12
[68.954s][info][gc,heap        ] GC(412) Archive regions: 0->0
[68.954s][info][gc,heap        ] GC(412) Humongous regions: 0->0
[68.954s][info][gc,metaspace   ] GC(412) Metaspace: 8639K(8896K)->8639K(8896K) NonClass: 7488K(7616K)->7488K(7616K) Class: 1151K(1280K)->1151K(1280K)
[68.954s][info][gc             ] GC(412) Pause Young (Normal) (G1 Evacuation Pause) 321M->6M(532M) 2.591ms
[68.954s][info][gc,cpu         ] GC(412) User=0.00s Sys=0.00s Real=0.00s
[69.164s][info][gc,start       ] GC(413) Pause Young (Normal) (G1 Evacuation Pause)
[69.164s][info][gc,task        ] GC(413) Using 12 workers of 33 for evacuation
[69.167s][info][gc,phases      ] GC(413)   Pre Evacuate Collection Set: 0.1ms
[69.167s][info][gc,phases      ] GC(413)   Merge Heap Roots: 0.1ms
[69.167s][info][gc,phases      ] GC(413)   Evacuate Collection Set: 1.6ms
[69.167s][info][gc,phases      ] GC(413)   Post Evacuate Collection Set: 0.4ms
[69.167s][info][gc,phases      ] GC(413)   Other: 0.1ms
[69.167s][info][gc,heap        ] GC(413) Eden regions: 315->0(314)
[69.167s][info][gc,heap        ] GC(413) Survivor regions: 4->5(40)
[69.167s][info][gc,heap        ] GC(413) Old regions: 12->12
[69.167s][info][gc,heap        ] GC(413) Archive regions: 0->0
[69.167s][info][gc,heap        ] GC(413) Humongous regions: 0->0
[69.167s][info][gc,metaspace   ] GC(413) Metaspace: 8639K(8896K)->8639K(8896K) NonClass: 7488K(7616K)->7488K(7616K) Class: 1151K(1280K)->1151K(1280K)
[69.167s][info][gc             ] GC(413) Pause Young (Normal) (G1 Evacuation Pause) 321M->7M(532M) 2.888ms
[69.167s][info][gc,cpu         ] GC(413) User=0.00s Sys=0.02s Real=0.02s
[69.353s][info][gc,start       ] GC(414) Pause Young (Normal) (G1 Evacuation Pause)
[69.353s][info][gc,task        ] GC(414) Using 12 workers of 33 for evacuation
[69.357s][info][gc,phases      ] GC(414)   Pre Evacuate Collection Set: 0.1ms
[69.357s][info][gc,phases      ] GC(414)   Merge Heap Roots: 0.1ms
[69.357s][info][gc,phases      ] GC(414)   Evacuate Collection Set: 2.4ms
[69.357s][info][gc,phases      ] GC(414)   Post Evacuate Collection Set: 0.4ms
[69.357s][info][gc,phases      ] GC(414)   Other: 0.1ms
[69.357s][info][gc,heap        ] GC(414) Eden regions: 314->0(313)
[69.357s][info][gc,heap        ] GC(414) Survivor regions: 5->6(40)
[69.357s][info][gc,heap        ] GC(414) Old regions: 12->12
[69.357s][info][gc,heap        ] GC(414) Archive regions: 0->0
[69.357s][info][gc,heap        ] GC(414) Humongous regions: 0->0
[69.357s][info][gc,metaspace   ] GC(414) Metaspace: 8639K(8896K)->8639K(8896K) NonClass: 7488K(7616K)->7488K(7616K) Class: 1151K(1280K)->1151K(1280K)
[69.357s][info][gc             ] GC(414) Pause Young (Normal) (G1 Evacuation Pause) 321M->8M(532M) 3.703ms
[69.357s][info][gc,cpu         ] GC(414) User=0.19s Sys=0.00s Real=0.02s
[69.521s][info][gc,start       ] GC(415) Pause Young (Normal) (G1 Evacuation Pause)
[69.521s][info][gc,task        ] GC(415) Using 12 workers of 33 for evacuation
[69.524s][info][gc,phases      ] GC(415)   Pre Evacuate Collection Set: 0.1ms
[69.524s][info][gc,phases      ] GC(415)   Merge Heap Roots: 0.1ms
[69.524s][info][gc,phases      ] GC(415)   Evacuate Collection Set: 2.1ms
[69.524s][info][gc,phases      ] GC(415)   Post Evacuate Collection Set: 0.4ms
[69.524s][info][gc,phases      ] GC(415)   Other: 0.1ms
[69.524s][info][gc,heap        ] GC(415) Eden regions: 313->0(312)
[69.524s][info][gc,heap        ] GC(415) Survivor regions: 6->7(40)
[69.524s][info][gc,heap        ] GC(415) Old regions: 12->12
[69.524s][info][gc,heap        ] GC(415) Archive regions: 0->0
[69.524s][info][gc,heap        ] GC(415) Humongous regions: 0->0
[69.524s][info][gc,metaspace   ] GC(415) Metaspace: 8639K(8896K)->8639K(8896K) NonClass: 7488K(7616K)->7488K(7616K) Class: 1151K(1280K)->1151K(1280K)
[69.524s][info][gc             ] GC(415) Pause Young (Normal) (G1 Evacuation Pause) 321M->10M(532M) 3.361ms
[69.525s][info][gc,cpu         ] GC(415) User=0.00s Sys=0.00s Real=0.00s
[69.686s][info][gc,start       ] GC(416) Pause Young (Normal) (G1 Evacuation Pause)
[69.686s][info][gc,task        ] GC(416) Using 12 workers of 33 for evacuation
[69.690s][info][gc,phases      ] GC(416)   Pre Evacuate Collection Set: 0.1ms
[69.690s][info][gc,phases      ] GC(416)   Merge Heap Roots: 0.1ms
[69.690s][info][gc,phases      ] GC(416)   Evacuate Collection Set: 2.6ms
[69.690s][info][gc,phases      ] GC(416)   Post Evacuate Collection Set: 0.4ms
[69.690s][info][gc,phases      ] GC(416)   Other: 0.2ms
[69.690s][info][gc,heap        ] GC(416) Eden regions: 312->0(311)
[69.690s][info][gc,heap        ] GC(416) Survivor regions: 7->8(40)
[69.690s][info][gc,heap        ] GC(416) Old regions: 12->12
[69.690s][info][gc,heap        ] GC(416) Archive regions: 0->0
[69.690s][info][gc,heap        ] GC(416) Humongous regions: 0->0
[69.690s][info][gc,metaspace   ] GC(416) Metaspace: 8639K(8896K)->8639K(8896K) NonClass: 7488K(7616K)->7488K(7616K) Class: 1151K(1280K)->1151K(1280K)
[69.690s][info][gc             ] GC(416) Pause Young (Normal) (G1 Evacuation Pause) 322M->10M(532M) 3.970ms
[69.690s][info][gc,cpu         ] GC(416) User=0.00s Sys=0.00s Real=0.00s
[69.858s][info][gc,start       ] GC(417) Pause Young (Normal) (G1 Evacuation Pause)
[69.858s][info][gc,task        ] GC(417) Using 12 workers of 33 for evacuation
[69.862s][info][gc,phases      ] GC(417)   Pre Evacuate Collection Set: 0.1ms
[69.862s][info][gc,phases      ] GC(417)   Merge Heap Roots: 0.1ms
[69.862s][info][gc,phases      ] GC(417)   Evacuate Collection Set: 2.8ms
[69.862s][info][gc,phases      ] GC(417)   Post Evacuate Collection Set: 0.4ms
[69.862s][info][gc,phases      ] GC(417)   Other: 0.2ms
[69.862s][info][gc,heap        ] GC(417) Eden regions: 311->0(310)
[69.862s][info][gc,heap        ] GC(417) Survivor regions: 8->9(40)
[69.862s][info][gc,heap        ] GC(417) Old regions: 12->12
[69.862s][info][gc,heap        ] GC(417) Archive regions: 0->0
[69.862s][info][gc,heap        ] GC(417) Humongous regions: 0->0
[69.862s][info][gc,metaspace   ] GC(417) Metaspace: 8639K(8896K)->8639K(8896K) NonClass: 7488K(7616K)->7488K(7616K) Class: 1151K(1280K)->1151K(1280K)
[69.862s][info][gc             ] GC(417) Pause Young (Normal) (G1 Evacuation Pause) 321M->12M(532M) 4.088ms
[69.862s][info][gc,cpu         ] GC(417) User=0.00s Sys=0.00s Real=0.00s
[70.035s][info][gc,start       ] GC(418) Pause Young (Normal) (G1 Evacuation Pause)
[70.035s][info][gc,task        ] GC(418) Using 12 workers of 33 for evacuation
[70.039s][info][gc,phases      ] GC(418)   Pre Evacuate Collection Set: 0.1ms
[70.039s][info][gc,phases      ] GC(418)   Merge Heap Roots: 0.1ms
[70.039s][info][gc,phases      ] GC(418)   Evacuate Collection Set: 3.2ms
[70.039s][info][gc,phases      ] GC(418)   Post Evacuate Collection Set: 0.4ms
[70.039s][info][gc,phases      ] GC(418)   Other: 0.1ms
[70.039s][info][gc,heap        ] GC(418) Eden regions: 310->0(309)
[70.039s][info][gc,heap        ] GC(418) Survivor regions: 9->10(40)
[70.039s][info][gc,heap        ] GC(418) Old regions: 12->12
[70.039s][info][gc,heap        ] GC(418) Archive regions: 0->0
[70.039s][info][gc,heap        ] GC(418) Humongous regions: 0->0
[70.039s][info][gc,metaspace   ] GC(418) Metaspace: 8639K(8896K)->8639K(8896K) NonClass: 7488K(7616K)->7488K(7616K) Class: 1151K(1280K)->1151K(1280K)
[70.039s][info][gc             ] GC(418) Pause Young (Normal) (G1 Evacuation Pause) 322M->13M(532M) 4.496ms
[70.039s][info][gc,cpu         ] GC(418) User=0.00s Sys=0.00s Real=0.00s
[70.231s][info][gc,start       ] GC(419) Pause Young (Normal) (G1 Evacuation Pause)
[70.231s][info][gc,task        ] GC(419) Using 12 workers of 33 for evacuation
[70.235s][info][gc,phases      ] GC(419)   Pre Evacuate Collection Set: 0.1ms
[70.235s][info][gc,phases      ] GC(419)   Merge Heap Roots: 0.1ms
[70.235s][info][gc,phases      ] GC(419)   Evacuate Collection Set: 3.3ms
[70.235s][info][gc,phases      ] GC(419)   Post Evacuate Collection Set: 0.4ms
[70.235s][info][gc,phases      ] GC(419)   Other: 0.2ms
[70.235s][info][gc,heap        ] GC(419) Eden regions: 309->0(307)
[70.235s][info][gc,heap        ] GC(419) Survivor regions: 10->12(40)
[70.235s][info][gc,heap        ] GC(419) Old regions: 12->12
[70.235s][info][gc,heap        ] GC(419) Archive regions: 0->0
[70.235s][info][gc,heap        ] GC(419) Humongous regions: 0->0
[70.235s][info][gc,metaspace   ] GC(419) Metaspace: 8639K(8896K)->8639K(8896K) NonClass: 7488K(7616K)->7488K(7616K) Class: 1151K(1280K)->1151K(1280K)
[70.235s][info][gc             ] GC(419) Pause Young (Normal) (G1 Evacuation Pause) 322M->14M(532M) 4.577ms
[70.235s][info][gc,cpu         ] GC(419) User=0.00s Sys=0.00s Real=0.00s
[70.401s][info][gc,start       ] GC(420) Pause Young (Normal) (G1 Evacuation Pause)
[70.401s][info][gc,task        ] GC(420) Using 12 workers of 33 for evacuation
[70.406s][info][gc,phases      ] GC(420)   Pre Evacuate Collection Set: 0.1ms
[70.406s][info][gc,phases      ] GC(420)   Merge Heap Roots: 0.1ms
[70.406s][info][gc,phases      ] GC(420)   Evacuate Collection Set: 3.7ms
[70.406s][info][gc,phases      ] GC(420)   Post Evacuate Collection Set: 0.4ms
[70.406s][info][gc,phases      ] GC(420)   Other: 0.1ms
[70.406s][info][gc,heap        ] GC(420) Eden regions: 307->0(307)
[70.406s][info][gc,heap        ] GC(420) Survivor regions: 12->12(40)
[70.406s][info][gc,heap        ] GC(420) Old regions: 12->12
[70.406s][info][gc,heap        ] GC(420) Archive regions: 0->0
[70.406s][info][gc,heap        ] GC(420) Humongous regions: 0->0
[70.406s][info][gc,metaspace   ] GC(420) Metaspace: 8639K(8896K)->8639K(8896K) NonClass: 7488K(7616K)->7488K(7616K) Class: 1151K(1280K)->1151K(1280K)
[70.406s][info][gc             ] GC(420) Pause Young (Normal) (G1 Evacuation Pause) 321M->15M(532M) 4.984ms
[70.406s][info][gc,cpu         ] GC(420) User=0.00s Sys=0.00s Real=0.00s
[70.570s][info][gc,start       ] GC(421) Pause Young (Normal) (G1 Evacuation Pause)
[70.570s][info][gc,task        ] GC(421) Using 12 workers of 33 for evacuation
[70.575s][info][gc,phases      ] GC(421)   Pre Evacuate Collection Set: 0.1ms
[70.575s][info][gc,phases      ] GC(421)   Merge Heap Roots: 0.1ms
[70.575s][info][gc,phases      ] GC(421)   Evacuate Collection Set: 4.1ms
[70.575s][info][gc,phases      ] GC(421)   Post Evacuate Collection Set: 0.5ms
[70.575s][info][gc,phases      ] GC(421)   Other: 0.2ms
[70.575s][info][gc,heap        ] GC(421) Eden regions: 307->0(306)
[70.575s][info][gc,heap        ] GC(421) Survivor regions: 12->13(40)
[70.575s][info][gc,heap        ] GC(421) Old regions: 12->13
[70.575s][info][gc,heap        ] GC(421) Archive regions: 0->0
[70.575s][info][gc,heap        ] GC(421) Humongous regions: 0->0
[70.575s][info][gc,metaspace   ] GC(421) Metaspace: 8639K(8896K)->8639K(8896K) NonClass: 7488K(7616K)->7488K(7616K) Class: 1151K(1280K)->1151K(1280K)
[70.575s][info][gc             ] GC(421) Pause Young (Normal) (G1 Evacuation Pause) 322M->16M(532M) 5.495ms
[70.575s][info][gc,cpu         ] GC(421) User=0.00s Sys=0.00s Real=0.01s
[70.735s][info][gc,start       ] GC(422) Pause Young (Normal) (G1 Evacuation Pause)
[70.735s][info][gc,task        ] GC(422) Using 12 workers of 33 for evacuation
[70.740s][info][gc,phases      ] GC(422)   Pre Evacuate Collection Set: 0.1ms
[70.740s][info][gc,phases      ] GC(422)   Merge Heap Roots: 0.1ms
[70.740s][info][gc,phases      ] GC(422)   Evacuate Collection Set: 4.0ms
[70.740s][info][gc,phases      ] GC(422)   Post Evacuate Collection Set: 0.4ms
[70.740s][info][gc,phases      ] GC(422)   Other: 0.1ms
[70.740s][info][gc,heap        ] GC(422) Eden regions: 306->0(305)
[70.740s][info][gc,heap        ] GC(422) Survivor regions: 13->14(40)
[70.740s][info][gc,heap        ] GC(422) Old regions: 13->13
[70.740s][info][gc,heap        ] GC(422) Archive regions: 0->0
[70.740s][info][gc,heap        ] GC(422) Humongous regions: 0->0
[70.740s][info][gc,metaspace   ] GC(422) Metaspace: 8639K(8896K)->8639K(8896K) NonClass: 7488K(7616K)->7488K(7616K) Class: 1151K(1280K)->1151K(1280K)
[70.740s][info][gc             ] GC(422) Pause Young (Normal) (G1 Evacuation Pause) 322M->17M(532M) 5.280ms
[70.740s][info][gc,cpu         ] GC(422) User=0.19s Sys=0.00s Real=0.02s
[70.929s][info][gc,start       ] GC(423) Pause Young (Normal) (G1 Evacuation Pause)
[70.929s][info][gc,task        ] GC(423) Using 12 workers of 33 for evacuation
[70.941s][info][gc,phases      ] GC(423)   Pre Evacuate Collection Set: 0.1ms
[70.941s][info][gc,phases      ] GC(423)   Merge Heap Roots: 0.2ms
[70.941s][info][gc,phases      ] GC(423)   Evacuate Collection Set: 10.3ms
[70.941s][info][gc,phases      ] GC(423)   Post Evacuate Collection Set: 0.4ms
[70.941s][info][gc,phases      ] GC(423)   Other: 0.2ms
[70.941s][info][gc,heap        ] GC(423) Eden regions: 305->0(294)
[70.941s][info][gc,heap        ] GC(423) Survivor regions: 14->25(40)
[70.941s][info][gc,heap        ] GC(423) Old regions: 13->13
[70.941s][info][gc,heap        ] GC(423) Archive regions: 0->0
[70.941s][info][gc,heap        ] GC(423) Humongous regions: 3->3
[70.941s][info][gc,metaspace   ] GC(423) Metaspace: 8639K(8896K)->8639K(8896K) NonClass: 7488K(7616K)->7488K(7616K) Class: 1151K(1280K)->1151K(1280K)
[70.941s][info][gc             ] GC(423) Pause Young (Normal) (G1 Evacuation Pause) 325M->31M(532M) 11.716ms
[70.941s][info][gc,cpu         ] GC(423) User=0.19s Sys=0.00s Real=0.02s
[71.113s][info][gc,start       ] GC(424) Pause Young (Normal) (G1 Evacuation Pause)
[71.113s][info][gc,task        ] GC(424) Using 12 workers of 33 for evacuation
[71.122s][info][gc,phases      ] GC(424)   Pre Evacuate Collection Set: 0.1ms
[71.122s][info][gc,phases      ] GC(424)   Merge Heap Roots: 0.2ms
[71.122s][info][gc,phases      ] GC(424)   Evacuate Collection Set: 7.9ms
[71.122s][info][gc,phases      ] GC(424)   Post Evacuate Collection Set: 0.4ms
[71.122s][info][gc,phases      ] GC(424)   Other: 0.2ms
[71.122s][info][gc,heap        ] GC(424) Eden regions: 294->0(297)
[71.122s][info][gc,heap        ] GC(424) Survivor regions: 25->22(40)
[71.122s][info][gc,heap        ] GC(424) Old regions: 13->17
[71.122s][info][gc,heap        ] GC(424) Archive regions: 0->0
[71.122s][info][gc,heap        ] GC(424) Humongous regions: 3->3
[71.122s][info][gc,metaspace   ] GC(424) Metaspace: 8639K(8896K)->8639K(8896K) NonClass: 7488K(7616K)->7488K(7616K) Class: 1151K(1280K)->1151K(1280K)
[71.122s][info][gc             ] GC(424) Pause Young (Normal) (G1 Evacuation Pause) 325M->32M(532M) 9.230ms
[71.122s][info][gc,cpu         ] GC(424) User=0.00s Sys=0.00s Real=0.00s
[71.273s][info][gc,start       ] GC(425) Pause Young (Normal) (G1 Evacuation Pause)
[71.274s][info][gc,task        ] GC(425) Using 12 workers of 33 for evacuation
[71.282s][info][gc,phases      ] GC(425)   Pre Evacuate Collection Set: 0.1ms
[71.282s][info][gc,phases      ] GC(425)   Merge Heap Roots: 0.1ms
[71.282s][info][gc,phases      ] GC(425)   Evacuate Collection Set: 7.5ms
[71.282s][info][gc,phases      ] GC(425)   Post Evacuate Collection Set: 0.4ms
[71.282s][info][gc,phases      ] GC(425)   Other: 0.1ms
[71.282s][info][gc,heap        ] GC(425) Eden regions: 297->0(296)
[71.282s][info][gc,heap        ] GC(425) Survivor regions: 22->23(40)
[71.282s][info][gc,heap        ] GC(425) Old regions: 17->17
[71.282s][info][gc,heap        ] GC(425) Archive regions: 0->0
[71.282s][info][gc,heap        ] GC(425) Humongous regions: 3->3
[71.282s][info][gc,metaspace   ] GC(425) Metaspace: 8639K(8896K)->8639K(8896K) NonClass: 7488K(7616K)->7488K(7616K) Class: 1151K(1280K)->1151K(1280K)
[71.282s][info][gc             ] GC(425) Pause Young (Normal) (G1 Evacuation Pause) 329M->33M(532M) 8.613ms
[71.282s][info][gc,cpu         ] GC(425) User=0.19s Sys=0.00s Real=0.02s
[71.438s][info][gc,start       ] GC(426) Pause Young (Normal) (G1 Evacuation Pause)
[71.439s][info][gc,task        ] GC(426) Using 12 workers of 33 for evacuation
[71.447s][info][gc,phases      ] GC(426)   Pre Evacuate Collection Set: 0.1ms
[71.447s][info][gc,phases      ] GC(426)   Merge Heap Roots: 0.2ms
[71.447s][info][gc,phases      ] GC(426)   Evacuate Collection Set: 7.9ms
[71.447s][info][gc,phases      ] GC(426)   Post Evacuate Collection Set: 0.5ms
[71.447s][info][gc,phases      ] GC(426)   Other: 0.2ms
[71.448s][info][gc,heap        ] GC(426) Eden regions: 296->0(300)
[71.448s][info][gc,heap        ] GC(426) Survivor regions: 23->19(40)
[71.448s][info][gc,heap        ] GC(426) Old regions: 17->21
[71.448s][info][gc,heap        ] GC(426) Archive regions: 0->0
[71.448s][info][gc,heap        ] GC(426) Humongous regions: 3->3
[71.448s][info][gc,metaspace   ] GC(426) Metaspace: 8639K(8896K)->8639K(8896K) NonClass: 7488K(7616K)->7488K(7616K) Class: 1151K(1280K)->1151K(1280K)
[71.448s][info][gc             ] GC(426) Pause Young (Normal) (G1 Evacuation Pause) 329M->34M(532M) 9.312ms
[71.448s][info][gc,cpu         ] GC(426) User=0.00s Sys=0.00s Real=0.00s
[71.631s][info][gc,start       ] GC(427) Pause Young (Normal) (G1 Evacuation Pause)
[71.631s][info][gc,task        ] GC(427) Using 12 workers of 33 for evacuation
[71.640s][info][gc,phases      ] GC(427)   Pre Evacuate Collection Set: 0.1ms
[71.640s][info][gc,phases      ] GC(427)   Merge Heap Roots: 0.3ms
[71.640s][info][gc,phases      ] GC(427)   Evacuate Collection Set: 7.7ms
[71.640s][info][gc,phases      ] GC(427)   Post Evacuate Collection Set: 0.4ms
[71.640s][info][gc,phases      ] GC(427)   Other: 0.2ms
[71.640s][info][gc,heap        ] GC(427) Eden regions: 300->0(299)
[71.640s][info][gc,heap        ] GC(427) Survivor regions: 19->20(40)
[71.640s][info][gc,heap        ] GC(427) Old regions: 21->21
[71.640s][info][gc,heap        ] GC(427) Archive regions: 0->0
[71.640s][info][gc,heap        ] GC(427) Humongous regions: 3->3
[71.640s][info][gc,metaspace   ] GC(427) Metaspace: 8639K(8896K)->8639K(8896K) NonClass: 7488K(7616K)->7488K(7616K) Class: 1151K(1280K)->1151K(1280K)
[71.640s][info][gc             ] GC(427) Pause Young (Normal) (G1 Evacuation Pause) 334M->35M(532M) 9.225ms
[71.640s][info][gc,cpu         ] GC(427) User=0.19s Sys=0.00s Real=0.02s
[71.805s][info][gc,start       ] GC(428) Pause Young (Normal) (G1 Evacuation Pause)
[71.805s][info][gc,task        ] GC(428) Using 12 workers of 33 for evacuation
[71.814s][info][gc,phases      ] GC(428)   Pre Evacuate Collection Set: 0.1ms
[71.814s][info][gc,phases      ] GC(428)   Merge Heap Roots: 0.2ms
[71.814s][info][gc,phases      ] GC(428)   Evacuate Collection Set: 8.1ms
[71.814s][info][gc,phases      ] GC(428)   Post Evacuate Collection Set: 0.5ms
[71.814s][info][gc,phases      ] GC(428)   Other: 0.2ms
[71.815s][info][gc,heap        ] GC(428) Eden regions: 299->0(297)
[71.815s][info][gc,heap        ] GC(428) Survivor regions: 20->22(40)
[71.815s][info][gc,heap        ] GC(428) Old regions: 21->21
[71.815s][info][gc,heap        ] GC(428) Archive regions: 0->0
[71.815s][info][gc,heap        ] GC(428) Humongous regions: 3->3
[71.815s][info][gc,metaspace   ] GC(428) Metaspace: 8639K(8896K)->8639K(8896K) NonClass: 7488K(7616K)->7488K(7616K) Class: 1151K(1280K)->1151K(1280K)
[71.815s][info][gc             ] GC(428) Pause Young (Normal) (G1 Evacuation Pause) 334M->36M(532M) 9.628ms
[71.815s][info][gc,cpu         ] GC(428) User=0.00s Sys=0.00s Real=0.01s
[71.983s][info][gc,start       ] GC(429) Pause Young (Normal) (G1 Evacuation Pause)
[71.984s][info][gc,task        ] GC(429) Using 12 workers of 33 for evacuation
[71.992s][info][gc,phases      ] GC(429)   Pre Evacuate Collection Set: 0.1ms
[71.992s][info][gc,phases      ] GC(429)   Merge Heap Roots: 0.2ms
[71.992s][info][gc,phases      ] GC(429)   Evacuate Collection Set: 8.0ms
[71.993s][info][gc,phases      ] GC(429)   Post Evacuate Collection Set: 0.4ms
[71.993s][info][gc,phases      ] GC(429)   Other: 0.2ms
[71.993s][info][gc,heap        ] GC(429) Eden regions: 297->0(297)
[71.993s][info][gc,heap        ] GC(429) Survivor regions: 22->22(40)
[71.993s][info][gc,heap        ] GC(429) Old regions: 21->21
[71.993s][info][gc,heap        ] GC(429) Archive regions: 0->0
[71.993s][info][gc,heap        ] GC(429) Humongous regions: 3->3
[71.993s][info][gc,metaspace   ] GC(429) Metaspace: 8639K(8896K)->8639K(8896K) NonClass: 7488K(7616K)->7488K(7616K) Class: 1151K(1280K)->1151K(1280K)
[71.993s][info][gc             ] GC(429) Pause Young (Normal) (G1 Evacuation Pause) 333M->37M(532M) 9.387ms
[71.993s][info][gc,cpu         ] GC(429) User=0.19s Sys=0.00s Real=0.01s
[72.158s][info][gc,start       ] GC(430) Pause Young (Normal) (G1 Evacuation Pause)
[72.158s][info][gc,task        ] GC(430) Using 12 workers of 33 for evacuation
[72.170s][info][gc,phases      ] GC(430)   Pre Evacuate Collection Set: 0.1ms
[72.170s][info][gc,phases      ] GC(430)   Merge Heap Roots: 0.2ms
[72.170s][info][gc,phases      ] GC(430)   Evacuate Collection Set: 10.8ms
[72.170s][info][gc,phases      ] GC(430)   Post Evacuate Collection Set: 0.4ms
[72.170s][info][gc,phases      ] GC(430)   Other: 0.2ms
[72.170s][info][gc,heap        ] GC(430) Eden regions: 297->0(295)
[72.170s][info][gc,heap        ] GC(430) Survivor regions: 22->24(40)
[72.170s][info][gc,heap        ] GC(430) Old regions: 21->21
[72.170s][info][gc,heap        ] GC(430) Archive regions: 0->0
[72.170s][info][gc,heap        ] GC(430) Humongous regions: 3->3
[72.170s][info][gc,metaspace   ] GC(430) Metaspace: 8639K(8896K)->8639K(8896K) NonClass: 7488K(7616K)->7488K(7616K) Class: 1151K(1280K)->1151K(1280K)
[72.170s][info][gc             ] GC(430) Pause Young (Normal) (G1 Evacuation Pause) 334M->38M(532M) 12.187ms
[72.170s][info][gc,cpu         ] GC(430) User=0.05s Sys=0.00s Real=0.02s
[72.330s][info][gc,start       ] GC(431) Pause Young (Normal) (G1 Evacuation Pause)
[72.330s][info][gc,task        ] GC(431) Using 12 workers of 33 for evacuation
[72.338s][info][gc,phases      ] GC(431)   Pre Evacuate Collection Set: 0.1ms
[72.338s][info][gc,phases      ] GC(431)   Merge Heap Roots: 0.2ms
[72.338s][info][gc,phases      ] GC(431)   Evacuate Collection Set: 7.8ms
[72.338s][info][gc,phases      ] GC(431)   Post Evacuate Collection Set: 0.4ms
[72.338s][info][gc,phases      ] GC(431)   Other: 0.1ms
[72.338s][info][gc,heap        ] GC(431) Eden regions: 295->0(308)
[72.338s][info][gc,heap        ] GC(431) Survivor regions: 24->11(40)
[72.338s][info][gc,heap        ] GC(431) Old regions: 21->36
[72.339s][info][gc,heap        ] GC(431) Archive regions: 0->0
[72.339s][info][gc,heap        ] GC(431) Humongous regions: 3->3
[72.339s][info][gc,metaspace   ] GC(431) Metaspace: 8639K(8896K)->8639K(8896K) NonClass: 7488K(7616K)->7488K(7616K) Class: 1151K(1280K)->1151K(1280K)
[72.339s][info][gc             ] GC(431) Pause Young (Normal) (G1 Evacuation Pause) 333M->39M(532M) 9.087ms
[72.339s][info][gc,cpu         ] GC(431) User=0.00s Sys=0.00s Real=0.00s
[72.872s][info][gc,heap,exit   ] Heap
[72.872s][info][gc,heap,exit   ]  garbage-first heap   total 544768K, used 320294K [0x00000000c0000000, 0x0000000100000000)
[72.872s][info][gc,heap,exit   ]   region size 1024K, 266 young (272384K), 11 survivors (11264K)
[72.872s][info][gc,heap,exit   ]  Metaspace       used 8699K, committed 8960K, reserved 1114112K
[72.872s][info][gc,heap,exit   ]   class space    used 1161K, committed 1280K, reserved 1048576K
