[0.016s][info][gc,init] CardTable entry size: 512
[0.016s][info][gc     ] Using Parallel
[0.022s][info][gc,init] Version: 20+36-2344 (release)
[0.022s][info][gc,init] CPUs: 48 total, 48 available
[0.022s][info][gc,init] Memory: 382G
[0.022s][info][gc,init] Large Page Support: Disabled
[0.022s][info][gc,init] NUMA Support: Disabled
[0.022s][info][gc,init] Compressed Oops: Enabled (32-bit)
[0.023s][info][gc,init] Alignments: Space 512K, Generation 512K, Heap 2M
[0.023s][info][gc,init] Heap Min Capacity: 8M
[0.023s][info][gc,init] Heap Initial Capacity: 1G
[0.030s][info][gc,init] Heap Max Capacity: 1G
[0.030s][info][gc,init] Pre-touch: Disabled
[0.030s][info][gc,init] Parallel Workers: 33
[0.031s][info][gc,metaspace] CDS archive(s) mapped at: [0x0000000800000000-0x0000000800c60000-0x0000000800c60000), size 12976128, SharedBaseAddress: 0x0000000800000000, ArchiveRelocationMode: 0.
[0.031s][info][gc,metaspace] Compressed class space mapped at: 0x0000000801000000-0x0000000841000000, reserved size: 1073741824
[0.031s][info][gc,metaspace] Narrow klass base: 0x0000000800000000, Narrow klass shift: 0, Narrow klass range: 0x100000000
[0.839s][info][gc,start    ] GC(0) Pause Young (System.gc())
[0.845s][info][gc,heap     ] GC(0) PSYoungGen: 63018K(305664K)->3953K(305664K) Eden: 63018K(262144K)->0K(262144K) From: 0K(43520K)->3953K(43520K)
[0.846s][info][gc,heap     ] GC(0) ParOldGen: 0K(699392K)->16K(699392K)
[0.846s][info][gc,metaspace] GC(0) Metaspace: 8266K(8448K)->8266K(8448K) NonClass: 7150K(7232K)->7150K(7232K) Class: 1115K(1216K)->1115K(1216K)
[0.846s][info][gc          ] GC(0) Pause Young (System.gc()) 61M->3M(981M) 6.760ms
[0.846s][info][gc,cpu      ] GC(0) User=0.36s Sys=0.00s Real=0.01s
[0.846s][info][gc,start    ] GC(1) Pause Full (System.gc())
[0.846s][info][gc,phases,start] GC(1) Marking Phase
[0.856s][info][gc,phases      ] GC(1) Marking Phase 9.783ms
[0.856s][info][gc,phases,start] GC(1) Summary Phase
[0.856s][info][gc,phases      ] GC(1) Summary Phase 0.033ms
[0.856s][info][gc,phases,start] GC(1) Adjust Roots
[0.859s][info][gc,phases      ] GC(1) Adjust Roots 3.285ms
[0.859s][info][gc,phases,start] GC(1) Compaction Phase
[0.867s][info][gc,phases      ] GC(1) Compaction Phase 7.437ms
[0.867s][info][gc,phases,start] GC(1) Post Compact
[0.868s][info][gc,phases      ] GC(1) Post Compact 1.447ms
[0.868s][info][gc,heap        ] GC(1) PSYoungGen: 3953K(305664K)->0K(305664K) Eden: 0K(262144K)->0K(262144K) From: 3953K(43520K)->0K(43520K)
[0.868s][info][gc,heap        ] GC(1) ParOldGen: 16K(699392K)->3476K(699392K)
[0.868s][info][gc,metaspace   ] GC(1) Metaspace: 8266K(8448K)->8266K(8448K) NonClass: 7150K(7232K)->7150K(7232K) Class: 1115K(1216K)->1115K(1216K)
[0.868s][info][gc             ] GC(1) Pause Full (System.gc()) 3M->3M(981M) 22.404ms
[0.868s][info][gc,cpu         ] GC(1) User=0.02s Sys=0.00s Real=0.02s
[1.142s][info][gc,start       ] GC(2) Pause Young (Allocation Failure)
[1.143s][info][gc,heap        ] GC(2) PSYoungGen: 262144K(305664K)->1248K(305664K) Eden: 262144K(262144K)->0K(262144K) From: 0K(43520K)->1248K(43520K)
[1.143s][info][gc,heap        ] GC(2) ParOldGen: 3476K(699392K)->3484K(699392K)
[1.143s][info][gc,metaspace   ] GC(2) Metaspace: 8410K(8576K)->8410K(8576K) NonClass: 7282K(7360K)->7282K(7360K) Class: 1127K(1216K)->1127K(1216K)
[1.143s][info][gc             ] GC(2) Pause Young (Allocation Failure) 259M->4M(981M) 1.324ms
[1.143s][info][gc,cpu         ] GC(2) User=0.00s Sys=0.00s Real=0.00s
[1.271s][info][gc,start       ] GC(3) Pause Young (Allocation Failure)
[1.274s][info][gc,heap        ] GC(3) PSYoungGen: 263392K(305664K)->2208K(305664K) Eden: 262144K(262144K)->0K(262144K) From: 1248K(43520K)->2208K(43520K)
[1.274s][info][gc,heap        ] GC(3) ParOldGen: 3484K(699392K)->3492K(699392K)
[1.274s][info][gc,metaspace   ] GC(3) Metaspace: 8410K(8576K)->8410K(8576K) NonClass: 7282K(7360K)->7282K(7360K) Class: 1127K(1216K)->1127K(1216K)
[1.274s][info][gc             ] GC(3) Pause Young (Allocation Failure) 260M->5M(981M) 2.380ms
[1.274s][info][gc,cpu         ] GC(3) User=0.00s Sys=0.00s Real=0.00s
[1.391s][info][gc,start       ] GC(4) Pause Young (Allocation Failure)
[1.393s][info][gc,heap        ] GC(4) PSYoungGen: 264352K(305664K)->2848K(305664K) Eden: 262144K(262144K)->0K(262144K) From: 2208K(43520K)->2848K(43520K)
[1.393s][info][gc,heap        ] GC(4) ParOldGen: 3492K(699392K)->3500K(699392K)
[1.393s][info][gc,metaspace   ] GC(4) Metaspace: 8410K(8576K)->8410K(8576K) NonClass: 7282K(7360K)->7282K(7360K) Class: 1127K(1216K)->1127K(1216K)
[1.393s][info][gc             ] GC(4) Pause Young (Allocation Failure) 261M->6M(981M) 2.121ms
[1.393s][info][gc,cpu         ] GC(4) User=0.00s Sys=0.00s Real=0.00s
[1.515s][info][gc,start       ] GC(5) Pause Young (Allocation Failure)
[1.517s][info][gc,heap        ] GC(5) PSYoungGen: 264992K(305664K)->3808K(305664K) Eden: 262144K(262144K)->0K(262144K) From: 2848K(43520K)->3808K(43520K)
[1.518s][info][gc,heap        ] GC(5) ParOldGen: 3500K(699392K)->3508K(699392K)
[1.518s][info][gc,metaspace   ] GC(5) Metaspace: 8410K(8576K)->8410K(8576K) NonClass: 7282K(7360K)->7282K(7360K) Class: 1127K(1216K)->1127K(1216K)
[1.518s][info][gc             ] GC(5) Pause Young (Allocation Failure) 262M->7M(981M) 2.456ms
[1.518s][info][gc,cpu         ] GC(5) User=0.00s Sys=0.00s Real=0.00s
[1.678s][info][gc,start       ] GC(6) Pause Young (Allocation Failure)
[1.685s][info][gc,heap        ] GC(6) PSYoungGen: 265952K(305664K)->5120K(267776K) Eden: 262144K(262144K)->0K(262144K) From: 3808K(43520K)->5120K(5632K)
[1.685s][info][gc,heap        ] GC(6) ParOldGen: 3508K(699392K)->3508K(699392K)
[1.685s][info][gc,metaspace   ] GC(6) Metaspace: 8410K(8576K)->8410K(8576K) NonClass: 7282K(7360K)->7282K(7360K) Class: 1127K(1216K)->1127K(1216K)
[1.685s][info][gc             ] GC(6) Pause Young (Allocation Failure) 263M->8M(944M) 6.336ms
[1.685s][info][gc,cpu         ] GC(6) User=0.00s Sys=0.00s Real=0.00s
[1.800s][info][gc,start       ] GC(7) Pause Young (Allocation Failure)
[1.806s][info][gc,heap        ] GC(7) PSYoungGen: 267264K(267776K)->5616K(305664K) Eden: 262144K(262144K)->0K(300032K) From: 5120K(5632K)->5616K(5632K)
[1.806s][info][gc,heap        ] GC(7) ParOldGen: 3508K(699392K)->3604K(699392K)
[1.806s][info][gc,metaspace   ] GC(7) Metaspace: 8410K(8576K)->8410K(8576K) NonClass: 7282K(7360K)->7282K(7360K) Class: 1127K(1216K)->1127K(1216K)
[1.806s][info][gc             ] GC(7) Pause Young (Allocation Failure) 264M->9M(981M) 5.989ms
[1.806s][info][gc,cpu         ] GC(7) User=0.02s Sys=0.00s Real=0.02s
[1.954s][info][gc,start       ] GC(8) Pause Young (Allocation Failure)
[1.959s][info][gc,heap        ] GC(8) PSYoungGen: 305648K(305664K)->6560K(340480K) Eden: 300032K(300032K)->0K(333824K) From: 5616K(5632K)->6560K(6656K)
[1.959s][info][gc,heap        ] GC(8) ParOldGen: 3604K(699392K)->3804K(699392K)
[1.959s][info][gc,metaspace   ] GC(8) Metaspace: 8410K(8576K)->8410K(8576K) NonClass: 7282K(7360K)->7282K(7360K) Class: 1127K(1216K)->1127K(1216K)
[1.959s][info][gc             ] GC(8) Pause Young (Allocation Failure) 302M->10M(1015M) 4.322ms
[1.959s][info][gc,cpu         ] GC(8) User=0.00s Sys=0.00s Real=0.00s
[2.121s][info][gc,start       ] GC(9) Pause Young (Allocation Failure)
[2.125s][info][gc,heap        ] GC(9) PSYoungGen: 340384K(340480K)->7648K(341504K) Eden: 333824K(333824K)->0K(333824K) From: 6560K(6656K)->7648K(7680K)
[2.125s][info][gc,heap        ] GC(9) ParOldGen: 3804K(699392K)->3812K(699392K)
[2.125s][info][gc,metaspace   ] GC(9) Metaspace: 8410K(8576K)->8410K(8576K) NonClass: 7282K(7360K)->7282K(7360K) Class: 1127K(1216K)->1127K(1216K)
[2.125s][info][gc             ] GC(9) Pause Young (Allocation Failure) 336M->11M(1016M) 4.932ms
[2.125s][info][gc,cpu         ] GC(9) User=0.38s Sys=0.00s Real=0.01s
[2.272s][info][gc,start       ] GC(10) Pause Young (Allocation Failure)
[2.277s][info][gc,heap        ] GC(10) PSYoungGen: 341472K(341504K)->4192K(340480K) Eden: 333824K(333824K)->0K(332800K) From: 7648K(7680K)->4192K(7680K)
[2.277s][info][gc,heap        ] GC(10) ParOldGen: 3812K(699392K)->8484K(699392K)
[2.277s][info][gc,metaspace   ] GC(10) Metaspace: 8410K(8576K)->8410K(8576K) NonClass: 7282K(7360K)->7282K(7360K) Class: 1127K(1216K)->1127K(1216K)
[2.278s][info][gc             ] GC(10) Pause Young (Allocation Failure) 337M->12M(1015M) 5.206ms
[2.278s][info][gc,cpu         ] GC(10) User=0.00s Sys=0.00s Real=0.00s
[2.438s][info][gc,start       ] GC(11) Pause Young (Allocation Failure)
[2.443s][info][gc,heap        ] GC(11) PSYoungGen: 336992K(340480K)->7104K(339968K) Eden: 332800K(332800K)->0K(332800K) From: 4192K(7680K)->7104K(7168K)
[2.443s][info][gc,heap        ] GC(11) ParOldGen: 8484K(699392K)->11012K(699392K)
[2.443s][info][gc,metaspace   ] GC(11) Metaspace: 8410K(8576K)->8410K(8576K) NonClass: 7282K(7360K)->7282K(7360K) Class: 1127K(1216K)->1127K(1216K)
[2.443s][info][gc             ] GC(11) Pause Young (Allocation Failure) 337M->17M(1015M) 4.693ms
[2.443s][info][gc,cpu         ] GC(11) User=0.00s Sys=0.00s Real=0.00s
[2.626s][info][gc,start       ] GC(12) Pause Young (Allocation Failure)
[2.631s][info][gc,heap        ] GC(12) PSYoungGen: 339904K(339968K)->2272K(339968K) Eden: 332800K(332800K)->0K(330752K) From: 7104K(7168K)->2272K(9216K)
[2.631s][info][gc,heap        ] GC(12) ParOldGen: 11012K(699392K)->17148K(699392K)
[2.631s][info][gc,metaspace   ] GC(12) Metaspace: 8410K(8576K)->8410K(8576K) NonClass: 7282K(7360K)->7282K(7360K) Class: 1127K(1216K)->1127K(1216K)
[2.631s][info][gc             ] GC(12) Pause Young (Allocation Failure) 342M->18M(1015M) 5.293ms
[2.631s][info][gc,cpu         ] GC(12) User=0.00s Sys=0.00s Real=0.00s
[2.783s][info][gc,start       ] GC(13) Pause Young (Allocation Failure)
[2.785s][info][gc,heap        ] GC(13) PSYoungGen: 333024K(339968K)->1792K(339968K) Eden: 330752K(330752K)->0K(330752K) From: 2272K(9216K)->1792K(9216K)
[2.785s][info][gc,heap        ] GC(13) ParOldGen: 17148K(699392K)->18589K(699392K)
[2.785s][info][gc,metaspace   ] GC(13) Metaspace: 8410K(8576K)->8410K(8576K) NonClass: 7282K(7360K)->7282K(7360K) Class: 1127K(1216K)->1127K(1216K)
[2.785s][info][gc             ] GC(13) Pause Young (Allocation Failure) 341M->19M(1015M) 2.350ms
[2.785s][info][gc,cpu         ] GC(13) User=0.00s Sys=0.00s Real=0.00s
[2.977s][info][gc,start       ] GC(14) Pause Young (Allocation Failure)
[2.986s][info][gc,heap        ] GC(14) PSYoungGen: 332544K(339968K)->9184K(332800K) Eden: 330752K(330752K)->0K(323584K) From: 1792K(9216K)->9184K(9216K)
[2.986s][info][gc,heap        ] GC(14) ParOldGen: 18589K(699392K)->25477K(699392K)
[2.986s][info][gc,metaspace   ] GC(14) Metaspace: 8412K(8576K)->8412K(8576K) NonClass: 7284K(7360K)->7284K(7360K) Class: 1127K(1216K)->1127K(1216K)
[2.986s][info][gc             ] GC(14) Pause Young (Allocation Failure) 342M->33M(1008M) 9.221ms
[2.986s][info][gc,cpu         ] GC(14) User=0.00s Sys=0.00s Real=0.00s
[3.131s][info][gc,start       ] GC(15) Pause Young (Allocation Failure)
[3.138s][info][gc,heap        ] GC(15) PSYoungGen: 332768K(332800K)->1632K(336384K) Eden: 323584K(323584K)->0K(323584K) From: 9184K(9216K)->1632K(12800K)
[3.138s][info][gc,heap        ] GC(15) ParOldGen: 25477K(699392K)->34661K(699392K)
[3.138s][info][gc,metaspace   ] GC(15) Metaspace: 8412K(8576K)->8412K(8576K) NonClass: 7284K(7360K)->7284K(7360K) Class: 1127K(1216K)->1127K(1216K)
[3.138s][info][gc             ] GC(15) Pause Young (Allocation Failure) 349M->35M(1011M) 6.944ms
[3.138s][info][gc,cpu         ] GC(15) User=0.38s Sys=0.00s Real=0.02s
[3.287s][info][gc,start       ] GC(16) Pause Young (Allocation Failure)
[3.289s][info][gc,heap        ] GC(16) PSYoungGen: 325216K(336384K)->2448K(335360K) Eden: 323584K(323584K)->0K(323584K) From: 1632K(12800K)->2448K(11776K)
[3.289s][info][gc,heap        ] GC(16) ParOldGen: 34661K(699392K)->35021K(699392K)
[3.289s][info][gc,metaspace   ] GC(16) Metaspace: 8412K(8576K)->8412K(8576K) NonClass: 7284K(7360K)->7284K(7360K) Class: 1127K(1216K)->1127K(1216K)
[3.289s][info][gc             ] GC(16) Pause Young (Allocation Failure) 351M->36M(1010M) 2.374ms
[3.289s][info][gc,cpu         ] GC(16) User=0.00s Sys=0.00s Real=0.00s
[3.451s][info][gc,start       ] GC(17) Pause Young (Allocation Failure)
[3.453s][info][gc,heap        ] GC(17) PSYoungGen: 326032K(335360K)->1904K(335872K) Eden: 323584K(323584K)->0K(323584K) From: 2448K(11776K)->1904K(12288K)
[3.453s][info][gc,heap        ] GC(17) ParOldGen: 35021K(699392K)->36453K(699392K)
[3.453s][info][gc,metaspace   ] GC(17) Metaspace: 8412K(8576K)->8412K(8576K) NonClass: 7284K(7360K)->7284K(7360K) Class: 1127K(1216K)->1127K(1216K)
[3.453s][info][gc             ] GC(17) Pause Young (Allocation Failure) 352M->37M(1011M) 2.308ms
[3.453s][info][gc,cpu         ] GC(17) User=0.00s Sys=0.00s Real=0.00s
[3.622s][info][gc,start       ] GC(18) Pause Young (Allocation Failure)
[3.626s][info][gc,heap        ] GC(18) PSYoungGen: 325488K(335872K)->6240K(336896K) Eden: 323584K(323584K)->0K(324608K) From: 1904K(12288K)->6240K(12288K)
[3.626s][info][gc,heap        ] GC(18) ParOldGen: 36453K(699392K)->37757K(699392K)
[3.626s][info][gc,metaspace   ] GC(18) Metaspace: 8412K(8576K)->8412K(8576K) NonClass: 7284K(7360K)->7284K(7360K) Class: 1127K(1216K)->1127K(1216K)
[3.626s][info][gc             ] GC(18) Pause Young (Allocation Failure) 353M->42M(1012M) 4.012ms
[3.626s][info][gc,cpu         ] GC(18) User=0.38s Sys=0.00s Real=0.00s
[3.768s][info][gc,start       ] GC(19) Pause Young (Allocation Failure)
[3.773s][info][gc,heap        ] GC(19) PSYoungGen: 330848K(336896K)->1664K(326656K) Eden: 324608K(324608K)->0K(324608K) From: 6240K(12288K)->1664K(2048K)
[3.773s][info][gc,heap        ] GC(19) ParOldGen: 37757K(699392K)->43621K(699392K)
[3.773s][info][gc,metaspace   ] GC(19) Metaspace: 8412K(8576K)->8412K(8576K) NonClass: 7284K(7360K)->7284K(7360K) Class: 1127K(1216K)->1127K(1216K)
[3.773s][info][gc             ] GC(19) Pause Young (Allocation Failure) 359M->44M(1002M) 5.245ms
[3.773s][info][gc,cpu         ] GC(19) User=0.36s Sys=0.02s Real=0.01s
[3.921s][info][gc,start       ] GC(20) Pause Young (Allocation Failure)
[3.923s][info][gc,heap        ] GC(20) PSYoungGen: 326272K(326656K)->2560K(336896K) Eden: 324608K(324608K)->0K(325120K) From: 1664K(2048K)->2560K(11776K)
[3.923s][info][gc,heap        ] GC(20) ParOldGen: 43621K(699392K)->44029K(699392K)
[3.923s][info][gc,metaspace   ] GC(20) Metaspace: 8412K(8576K)->8412K(8576K) NonClass: 7284K(7360K)->7284K(7360K) Class: 1127K(1216K)->1127K(1216K)
[3.923s][info][gc             ] GC(20) Pause Young (Allocation Failure) 361M->45M(1012M) 1.948ms
[3.923s][info][gc,cpu         ] GC(20) User=0.00s Sys=0.00s Real=0.00s
[4.071s][info][gc,start       ] GC(21) Pause Young (Allocation Failure)
[4.073s][info][gc,heap        ] GC(21) PSYoungGen: 327680K(336896K)->2032K(336384K) Eden: 325120K(325120K)->0K(325120K) From: 2560K(11776K)->2032K(11264K)
[4.073s][info][gc,heap        ] GC(21) ParOldGen: 44029K(699392K)->45461K(699392K)
[4.073s][info][gc,metaspace   ] GC(21) Metaspace: 8412K(8576K)->8412K(8576K) NonClass: 7284K(7360K)->7284K(7360K) Class: 1127K(1216K)->1127K(1216K)
[4.073s][info][gc             ] GC(21) Pause Young (Allocation Failure) 362M->46M(1011M) 2.237ms
[4.073s][info][gc,cpu         ] GC(21) User=0.00s Sys=0.00s Real=0.00s
[4.618s][info][gc,start       ] GC(22) Pause Young (Allocation Failure)
[4.649s][info][gc,heap        ] GC(22) PSYoungGen: 327152K(336384K)->11241K(304128K) Eden: 325120K(325120K)->0K(292864K) From: 2032K(11264K)->11241K(11264K)
[4.649s][info][gc,heap        ] GC(22) ParOldGen: 45461K(699392K)->86717K(699392K)
[4.649s][info][gc,metaspace   ] GC(22) Metaspace: 8592K(8832K)->8592K(8832K) NonClass: 7440K(7552K)->7440K(7552K) Class: 1151K(1280K)->1151K(1280K)
[4.649s][info][gc             ] GC(22) Pause Young (Allocation Failure) 363M->95M(980M) 31.194ms
[4.649s][info][gc,cpu         ] GC(22) User=0.77s Sys=0.02s Real=0.03s
[4.724s][info][gc,start       ] GC(23) Pause Young (System.gc())
[4.731s][info][gc,heap        ] GC(23) PSYoungGen: 53568K(304128K)->128K(321024K) Eden: 42326K(292864K)->0K(292864K) From: 11241K(11264K)->128K(28160K)
[4.731s][info][gc,heap        ] GC(23) ParOldGen: 86717K(699392K)->97141K(699392K)
[4.731s][info][gc,metaspace   ] GC(23) Metaspace: 8598K(8832K)->8598K(8832K) NonClass: 7444K(7552K)->7444K(7552K) Class: 1153K(1280K)->1153K(1280K)
[4.732s][info][gc             ] GC(23) Pause Young (System.gc()) 136M->94M(996M) 7.402ms
[4.732s][info][gc,cpu         ] GC(23) User=0.23s Sys=0.13s Real=0.02s
[4.732s][info][gc,start       ] GC(24) Pause Full (System.gc())
[4.732s][info][gc,phases,start] GC(24) Marking Phase
[4.741s][info][gc,phases      ] GC(24) Marking Phase 9.147ms
[4.741s][info][gc,phases,start] GC(24) Summary Phase
[4.741s][info][gc,phases      ] GC(24) Summary Phase 0.021ms
[4.741s][info][gc,phases,start] GC(24) Adjust Roots
[4.745s][info][gc,phases      ] GC(24) Adjust Roots 3.784ms
[4.745s][info][gc,phases,start] GC(24) Compaction Phase
[4.750s][info][gc,phases      ] GC(24) Compaction Phase 4.765ms
[4.750s][info][gc,phases,start] GC(24) Post Compact
[4.752s][info][gc,phases      ] GC(24) Post Compact 2.842ms
[4.752s][info][gc,heap        ] GC(24) PSYoungGen: 128K(321024K)->0K(321024K) Eden: 0K(292864K)->0K(292864K) From: 128K(28160K)->0K(28160K)
[4.753s][info][gc,heap        ] GC(24) ParOldGen: 97141K(699392K)->3526K(699392K)
[4.753s][info][gc,metaspace   ] GC(24) Metaspace: 8598K(8832K)->8598K(8832K) NonClass: 7444K(7552K)->7444K(7552K) Class: 1153K(1280K)->1153K(1280K)
[4.753s][info][gc             ] GC(24) Pause Full (System.gc()) 94M->3M(996M) 20.830ms
[4.753s][info][gc,cpu         ] GC(24) User=0.02s Sys=0.00s Real=0.02s
[4.893s][info][gc,start       ] GC(25) Pause Young (Allocation Failure)
[4.894s][info][gc,heap        ] GC(25) PSYoungGen: 292864K(321024K)->1568K(318976K) Eden: 292864K(292864K)->0K(292864K) From: 0K(28160K)->1568K(26112K)
[4.894s][info][gc,heap        ] GC(25) ParOldGen: 3526K(699392K)->3526K(699392K)
[4.894s][info][gc,metaspace   ] GC(25) Metaspace: 8598K(8832K)->8598K(8832K) NonClass: 7444K(7552K)->7444K(7552K) Class: 1153K(1280K)->1153K(1280K)
[4.894s][info][gc             ] GC(25) Pause Young (Allocation Failure) 289M->4M(994M) 1.778ms
[4.894s][info][gc,cpu         ] GC(25) User=0.00s Sys=0.00s Real=0.00s
[5.034s][info][gc,start       ] GC(26) Pause Young (Allocation Failure)
[5.036s][info][gc,heap        ] GC(26) PSYoungGen: 294432K(318976K)->1920K(320000K) Eden: 292864K(292864K)->0K(292864K) From: 1568K(26112K)->1920K(27136K)
[5.036s][info][gc,heap        ] GC(26) ParOldGen: 3526K(699392K)->3926K(699392K)
[5.036s][info][gc,metaspace   ] GC(26) Metaspace: 8598K(8832K)->8598K(8832K) NonClass: 7444K(7552K)->7444K(7552K) Class: 1153K(1280K)->1153K(1280K)
[5.036s][info][gc             ] GC(26) Pause Young (Allocation Failure) 290M->5M(995M) 1.802ms
[5.036s][info][gc,cpu         ] GC(26) User=0.00s Sys=0.00s Real=0.00s
[5.175s][info][gc,start       ] GC(27) Pause Young (Allocation Failure)
[5.178s][info][gc,heap        ] GC(27) PSYoungGen: 294784K(320000K)->1632K(320000K) Eden: 292864K(292864K)->0K(295936K) From: 1920K(27136K)->1632K(24064K)
[5.178s][info][gc,heap        ] GC(27) ParOldGen: 3926K(699392K)->5342K(699392K)
[5.178s][info][gc,metaspace   ] GC(27) Metaspace: 8598K(8832K)->8598K(8832K) NonClass: 7444K(7552K)->7444K(7552K) Class: 1153K(1280K)->1153K(1280K)
[5.178s][info][gc             ] GC(27) Pause Young (Allocation Failure) 291M->6M(995M) 2.241ms
[5.178s][info][gc,cpu         ] GC(27) User=0.00s Sys=0.00s Real=0.00s
[5.313s][info][gc,start       ] GC(28) Pause Young (Allocation Failure)
[5.316s][info][gc,heap        ] GC(28) PSYoungGen: 297568K(320000K)->1536K(321024K) Eden: 295936K(295936K)->0K(295936K) From: 1632K(24064K)->1536K(25088K)
[5.316s][info][gc,heap        ] GC(28) ParOldGen: 5342K(699392K)->6662K(699392K)
[5.316s][info][gc,metaspace   ] GC(28) Metaspace: 8598K(8832K)->8598K(8832K) NonClass: 7444K(7552K)->7444K(7552K) Class: 1153K(1280K)->1153K(1280K)
[5.316s][info][gc             ] GC(28) Pause Young (Allocation Failure) 295M->8M(996M) 3.601ms
[5.317s][info][gc,cpu         ] GC(28) User=0.00s Sys=0.00s Real=0.00s
[5.465s][info][gc,start       ] GC(29) Pause Young (Allocation Failure)
[5.470s][info][gc,heap        ] GC(29) PSYoungGen: 297472K(321024K)->9680K(323072K) Eden: 295936K(295936K)->0K(300032K) From: 1536K(25088K)->9680K(23040K)
[5.470s][info][gc,heap        ] GC(29) ParOldGen: 6662K(699392K)->7702K(699392K)
[5.470s][info][gc,metaspace   ] GC(29) Metaspace: 8598K(8832K)->8598K(8832K) NonClass: 7444K(7552K)->7444K(7552K) Class: 1153K(1280K)->1153K(1280K)
[5.470s][info][gc             ] GC(29) Pause Young (Allocation Failure) 297M->16M(998M) 4.730ms
[5.470s][info][gc,cpu         ] GC(29) User=0.36s Sys=0.00s Real=0.01s
[5.613s][info][gc,start       ] GC(30) Pause Young (Allocation Failure)
[5.619s][info][gc,heap        ] GC(30) PSYoungGen: 309712K(323072K)->1792K(323584K) Eden: 300032K(300032K)->0K(300032K) From: 9680K(23040K)->1792K(23552K)
[5.619s][info][gc,heap        ] GC(30) ParOldGen: 7702K(699392K)->16686K(699392K)
[5.619s][info][gc,metaspace   ] GC(30) Metaspace: 8598K(8832K)->8598K(8832K) NonClass: 7444K(7552K)->7444K(7552K) Class: 1153K(1280K)->1153K(1280K)
[5.619s][info][gc             ] GC(30) Pause Young (Allocation Failure) 309M->18M(999M) 5.853ms
[5.619s][info][gc,cpu         ] GC(30) User=0.00s Sys=0.00s Real=0.01s
[5.756s][info][gc,start       ] GC(31) Pause Young (Allocation Failure)
[5.758s][info][gc,heap        ] GC(31) PSYoungGen: 301824K(323584K)->1632K(324096K) Eden: 300032K(300032K)->0K(303104K) From: 1792K(23552K)->1632K(20992K)
[5.758s][info][gc,heap        ] GC(31) ParOldGen: 16686K(699392K)->18142K(699392K)
[5.758s][info][gc,metaspace   ] GC(31) Metaspace: 8598K(8832K)->8598K(8832K) NonClass: 7444K(7552K)->7444K(7552K) Class: 1153K(1280K)->1153K(1280K)
[5.758s][info][gc             ] GC(31) Pause Young (Allocation Failure) 311M->19M(999M) 2.110ms
[5.759s][info][gc,cpu         ] GC(31) User=0.00s Sys=0.00s Real=0.00s
[5.902s][info][gc,start       ] GC(32) Pause Young (Allocation Failure)
[5.908s][info][gc,heap        ] GC(32) PSYoungGen: 304736K(324096K)->5088K(324608K) Eden: 303104K(303104K)->0K(303104K) From: 1632K(20992K)->5088K(21504K)
[5.908s][info][gc,heap        ] GC(32) ParOldGen: 18142K(699392K)->19174K(699392K)
[5.908s][info][gc,metaspace   ] GC(32) Metaspace: 8598K(8832K)->8598K(8832K) NonClass: 7444K(7552K)->7444K(7552K) Class: 1153K(1280K)->1153K(1280K)
[5.908s][info][gc             ] GC(32) Pause Young (Allocation Failure) 315M->23M(1000M) 5.844ms
[5.908s][info][gc,cpu         ] GC(32) User=0.00s Sys=0.00s Real=0.00s
[6.060s][info][gc,start       ] GC(33) Pause Young (Allocation Failure)
[6.065s][info][gc,heap        ] GC(33) PSYoungGen: 308192K(324608K)->6656K(326656K) Eden: 303104K(303104K)->0K(307712K) From: 5088K(21504K)->6656K(18944K)
[6.065s][info][gc,heap        ] GC(33) ParOldGen: 19174K(699392K)->23262K(699392K)
[6.065s][info][gc,metaspace   ] GC(33) Metaspace: 8598K(8832K)->8598K(8832K) NonClass: 7444K(7552K)->7444K(7552K) Class: 1153K(1280K)->1153K(1280K)
[6.065s][info][gc             ] GC(33) Pause Young (Allocation Failure) 319M->29M(1002M) 5.092ms
[6.065s][info][gc,cpu         ] GC(33) User=0.38s Sys=0.00s Real=0.01s
[6.220s][info][gc,start       ] GC(34) Pause Young (Allocation Failure)
[6.225s][info][gc,heap        ] GC(34) PSYoungGen: 314368K(326656K)->1664K(326656K) Eden: 307712K(307712K)->0K(307712K) From: 6656K(18944K)->1664K(18944K)
[6.225s][info][gc,heap        ] GC(34) ParOldGen: 23262K(699392K)->29438K(699392K)
[6.225s][info][gc,metaspace   ] GC(34) Metaspace: 8598K(8832K)->8598K(8832K) NonClass: 7444K(7552K)->7444K(7552K) Class: 1153K(1280K)->1153K(1280K)
[6.225s][info][gc             ] GC(34) Pause Young (Allocation Failure) 329M->30M(1002M) 4.716ms
[6.225s][info][gc,cpu         ] GC(34) User=0.00s Sys=0.00s Real=0.00s
[6.383s][info][gc,start       ] GC(35) Pause Young (Allocation Failure)
[6.386s][info][gc,heap        ] GC(35) PSYoungGen: 309376K(326656K)->5376K(328704K) Eden: 307712K(307712K)->0K(311808K) From: 1664K(18944K)->5376K(16896K)
[6.386s][info][gc,heap        ] GC(35) ParOldGen: 29438K(699392K)->30478K(699392K)
[6.386s][info][gc,metaspace   ] GC(35) Metaspace: 8598K(8832K)->8598K(8832K) NonClass: 7444K(7552K)->7444K(7552K) Class: 1153K(1280K)->1153K(1280K)
[6.386s][info][gc             ] GC(35) Pause Young (Allocation Failure) 330M->35M(1004M) 2.827ms
[6.386s][info][gc,cpu         ] GC(35) User=0.00s Sys=0.00s Real=0.00s
[6.531s][info][gc,start       ] GC(36) Pause Young (Allocation Failure)
[6.534s][info][gc,heap        ] GC(36) PSYoungGen: 317184K(328704K)->2304K(329216K) Eden: 311808K(311808K)->0K(311808K) From: 5376K(16896K)->2304K(17408K)
[6.534s][info][gc,heap        ] GC(36) ParOldGen: 30478K(699392K)->34686K(699392K)
[6.534s][info][gc,metaspace   ] GC(36) Metaspace: 8598K(8832K)->8598K(8832K) NonClass: 7444K(7552K)->7444K(7552K) Class: 1153K(1280K)->1153K(1280K)
[6.534s][info][gc             ] GC(36) Pause Young (Allocation Failure) 339M->36M(1004M) 3.380ms
[6.534s][info][gc,cpu         ] GC(36) User=0.00s Sys=0.00s Real=0.00s
[6.710s][info][gc,start       ] GC(37) Pause Young (Allocation Failure)
[6.718s][info][gc,heap        ] GC(37) PSYoungGen: 314112K(329216K)->15360K(326656K) Eden: 311808K(311808K)->0K(310272K) From: 2304K(17408K)->15360K(16384K)
[6.718s][info][gc,heap        ] GC(37) ParOldGen: 34686K(699392K)->35974K(699392K)
[6.718s][info][gc,metaspace   ] GC(37) Metaspace: 8598K(8832K)->8598K(8832K) NonClass: 7444K(7552K)->7444K(7552K) Class: 1153K(1280K)->1153K(1280K)
[6.718s][info][gc             ] GC(37) Pause Young (Allocation Failure) 340M->50M(1002M) 8.213ms
[6.718s][info][gc,cpu         ] GC(37) User=0.00s Sys=0.00s Real=0.00s
[6.858s][info][gc,start       ] GC(38) Pause Young (Allocation Failure)
[6.867s][info][gc,heap        ] GC(38) PSYoungGen: 325632K(326656K)->1472K(329728K) Eden: 310272K(310272K)->0K(310272K) From: 15360K(16384K)->1472K(19456K)
[6.868s][info][gc,heap        ] GC(38) ParOldGen: 35974K(699392K)->51062K(699392K)
[6.868s][info][gc,metaspace   ] GC(38) Metaspace: 8598K(8832K)->8598K(8832K) NonClass: 7444K(7552K)->7444K(7552K) Class: 1153K(1280K)->1153K(1280K)
[6.868s][info][gc             ] GC(38) Pause Young (Allocation Failure) 353M->51M(1005M) 9.416ms
[6.868s][info][gc,cpu         ] GC(38) User=0.38s Sys=0.00s Real=0.02s
[7.013s][info][gc,start       ] GC(39) Pause Young (Allocation Failure)
[7.016s][info][gc,heap        ] GC(39) PSYoungGen: 311744K(329728K)->5344K(326144K) Eden: 310272K(310272K)->0K(310784K) From: 1472K(19456K)->5344K(15360K)
[7.016s][info][gc,heap        ] GC(39) ParOldGen: 51062K(699392K)->52102K(699392K)
[7.016s][info][gc,metaspace   ] GC(39) Metaspace: 8598K(8832K)->8598K(8832K) NonClass: 7444K(7552K)->7444K(7552K) Class: 1153K(1280K)->1153K(1280K)
[7.016s][info][gc             ] GC(39) Pause Young (Allocation Failure) 354M->56M(1001M) 3.109ms
[7.016s][info][gc,cpu         ] GC(39) User=0.00s Sys=0.00s Real=0.00s
[7.176s][info][gc,start       ] GC(40) Pause Young (Allocation Failure)
[7.180s][info][gc,heap        ] GC(40) PSYoungGen: 316128K(326144K)->2160K(328192K) Eden: 310784K(310784K)->0K(310784K) From: 5344K(15360K)->2160K(17408K)
[7.180s][info][gc,heap        ] GC(40) ParOldGen: 52102K(699392K)->56310K(699392K)
[7.180s][info][gc,metaspace   ] GC(40) Metaspace: 8598K(8832K)->8598K(8832K) NonClass: 7444K(7552K)->7444K(7552K) Class: 1153K(1280K)->1153K(1280K)
[7.180s][info][gc             ] GC(40) Pause Young (Allocation Failure) 359M->57M(1003M) 3.454ms
[7.180s][info][gc,cpu         ] GC(40) User=0.00s Sys=0.00s Real=0.00s
[7.358s][info][gc,start       ] GC(41) Pause Young (Allocation Failure)
[7.362s][info][gc,heap        ] GC(41) PSYoungGen: 312944K(328192K)->6368K(329216K) Eden: 310784K(310784K)->0K(314880K) From: 2160K(17408K)->6368K(14336K)
[7.362s][info][gc,heap        ] GC(41) ParOldGen: 56310K(699392K)->57606K(699392K)
[7.362s][info][gc,metaspace   ] GC(41) Metaspace: 8598K(8832K)->8598K(8832K) NonClass: 7444K(7552K)->7444K(7552K) Class: 1153K(1280K)->1153K(1280K)
[7.362s][info][gc             ] GC(41) Pause Young (Allocation Failure) 360M->62M(1004M) 4.086ms
[7.362s][info][gc,cpu         ] GC(41) User=0.00s Sys=0.00s Real=0.00s
[7.534s][info][gc,start       ] GC(42) Pause Young (Allocation Failure)
[7.538s][info][gc,heap        ] GC(42) PSYoungGen: 321248K(329216K)->1728K(330752K) Eden: 314880K(314880K)->0K(314880K) From: 6368K(14336K)->1728K(15872K)
[7.538s][info][gc,heap        ] GC(42) ParOldGen: 57606K(699392K)->63430K(699392K)
[7.538s][info][gc,metaspace   ] GC(42) Metaspace: 8598K(8832K)->8598K(8832K) NonClass: 7444K(7552K)->7444K(7552K) Class: 1153K(1280K)->1153K(1280K)
[7.538s][info][gc             ] GC(42) Pause Young (Allocation Failure) 369M->63M(1006M) 4.656ms
[7.538s][info][gc,cpu         ] GC(42) User=0.00s Sys=0.00s Real=0.01s
[7.697s][info][gc,start       ] GC(43) Pause Young (Allocation Failure)
[7.699s][info][gc,heap        ] GC(43) PSYoungGen: 316608K(330752K)->2528K(331264K) Eden: 314880K(314880K)->0K(317440K) From: 1728K(15872K)->2528K(13824K)
[7.699s][info][gc,heap        ] GC(43) ParOldGen: 63430K(699392K)->63830K(699392K)
[7.699s][info][gc,metaspace   ] GC(43) Metaspace: 8598K(8832K)->8598K(8832K) NonClass: 7444K(7552K)->7444K(7552K) Class: 1153K(1280K)->1153K(1280K)
[7.699s][info][gc             ] GC(43) Pause Young (Allocation Failure) 371M->64M(1006M) 1.968ms
[7.699s][info][gc,cpu         ] GC(43) User=0.00s Sys=0.00s Real=0.00s
[7.849s][info][gc,start       ] GC(44) Pause Young (Allocation Failure)
[7.851s][info][gc,heap        ] GC(44) PSYoungGen: 319968K(331264K)->2224K(332288K) Eden: 317440K(317440K)->0K(317440K) From: 2528K(13824K)->2224K(14848K)
[7.851s][info][gc,heap        ] GC(44) ParOldGen: 63830K(699392K)->65270K(699392K)
[7.851s][info][gc,metaspace   ] GC(44) Metaspace: 8598K(8832K)->8598K(8832K) NonClass: 7444K(7552K)->7444K(7552K) Class: 1153K(1280K)->1153K(1280K)
[7.852s][info][gc             ] GC(44) Pause Young (Allocation Failure) 374M->65M(1007M) 2.341ms
[7.852s][info][gc,cpu         ] GC(44) User=0.00s Sys=0.00s Real=0.00s
[8.296s][info][gc,start       ] GC(45) Pause Young (Allocation Failure)
[8.321s][info][gc,heap        ] GC(45) PSYoungGen: 319664K(332288K)->14313K(301056K) Eden: 317440K(317440K)->0K(286720K) From: 2224K(14848K)->14313K(14336K)
[8.321s][info][gc,heap        ] GC(45) ParOldGen: 65270K(699392K)->103422K(699392K)
[8.321s][info][gc,metaspace   ] GC(45) Metaspace: 8598K(8832K)->8598K(8832K) NonClass: 7444K(7552K)->7444K(7552K) Class: 1153K(1280K)->1153K(1280K)
[8.322s][info][gc             ] GC(45) Pause Young (Allocation Failure) 375M->114M(977M) 25.503ms
[8.322s][info][gc,cpu         ] GC(45) User=0.38s Sys=0.00s Real=0.02s
[8.379s][info][gc,start       ] GC(46) Pause Young (System.gc())
[8.388s][info][gc,heap        ] GC(46) PSYoungGen: 48716K(301056K)->64K(317952K) Eden: 34402K(286720K)->0K(286720K) From: 14313K(14336K)->64K(31232K)
[8.388s][info][gc,heap        ] GC(46) ParOldGen: 103422K(699392K)->116942K(699392K)
[8.388s][info][gc,metaspace   ] GC(46) Metaspace: 8598K(8832K)->8598K(8832K) NonClass: 7444K(7552K)->7444K(7552K) Class: 1153K(1280K)->1153K(1280K)
[8.388s][info][gc             ] GC(46) Pause Young (System.gc()) 148M->114M(993M) 8.844ms
[8.388s][info][gc,cpu         ] GC(46) User=0.00s Sys=0.00s Real=0.01s
[8.388s][info][gc,start       ] GC(47) Pause Full (System.gc())
[8.388s][info][gc,phases,start] GC(47) Marking Phase
[8.398s][info][gc,phases      ] GC(47) Marking Phase 9.767ms
[8.398s][info][gc,phases,start] GC(47) Summary Phase
[8.398s][info][gc,phases      ] GC(47) Summary Phase 0.026ms
[8.398s][info][gc,phases,start] GC(47) Adjust Roots
[8.400s][info][gc,phases      ] GC(47) Adjust Roots 2.066ms
[8.400s][info][gc,phases,start] GC(47) Compaction Phase
[8.403s][info][gc,phases      ] GC(47) Compaction Phase 2.962ms
[8.403s][info][gc,phases,start] GC(47) Post Compact
[8.404s][info][gc,phases      ] GC(47) Post Compact 1.234ms
[8.404s][info][gc,heap        ] GC(47) PSYoungGen: 64K(317952K)->0K(317952K) Eden: 0K(286720K)->0K(286720K) From: 64K(31232K)->0K(31232K)
[8.404s][info][gc,heap        ] GC(47) ParOldGen: 116942K(699392K)->3526K(699392K)
[8.404s][info][gc,metaspace   ] GC(47) Metaspace: 8598K(8832K)->8598K(8832K) NonClass: 7444K(7552K)->7444K(7552K) Class: 1153K(1280K)->1153K(1280K)
[8.404s][info][gc             ] GC(47) Pause Full (System.gc()) 114M->3M(993M) 16.365ms
[8.404s][info][gc,cpu         ] GC(47) User=0.36s Sys=0.00s Real=0.02s
[8.537s][info][gc,start       ] GC(48) Pause Young (Allocation Failure)
[8.539s][info][gc,heap        ] GC(48) PSYoungGen: 286720K(317952K)->1568K(315392K) Eden: 286720K(286720K)->0K(287232K) From: 0K(31232K)->1568K(28160K)
[8.539s][info][gc,heap        ] GC(48) ParOldGen: 3526K(699392K)->3526K(699392K)
[8.539s][info][gc,metaspace   ] GC(48) Metaspace: 8598K(8832K)->8598K(8832K) NonClass: 7444K(7552K)->7444K(7552K) Class: 1153K(1280K)->1153K(1280K)
[8.539s][info][gc             ] GC(48) Pause Young (Allocation Failure) 283M->4M(991M) 1.581ms
[8.539s][info][gc,cpu         ] GC(48) User=0.00s Sys=0.00s Real=0.00s
[8.674s][info][gc,start       ] GC(49) Pause Young (Allocation Failure)
[8.676s][info][gc,heap        ] GC(49) PSYoungGen: 288800K(315392K)->2048K(316928K) Eden: 287232K(287232K)->0K(287232K) From: 1568K(28160K)->2048K(29696K)
[8.676s][info][gc,heap        ] GC(49) ParOldGen: 3526K(699392K)->3926K(699392K)
[8.676s][info][gc,metaspace   ] GC(49) Metaspace: 8598K(8832K)->8598K(8832K) NonClass: 7444K(7552K)->7444K(7552K) Class: 1153K(1280K)->1153K(1280K)
[8.676s][info][gc             ] GC(49) Pause Young (Allocation Failure) 285M->5M(992M) 1.967ms
[8.676s][info][gc,cpu         ] GC(49) User=0.00s Sys=0.00s Real=0.00s
[8.805s][info][gc,start       ] GC(50) Pause Young (Allocation Failure)
[8.807s][info][gc,heap        ] GC(50) PSYoungGen: 289280K(316928K)->1664K(317440K) Eden: 287232K(287232K)->0K(291328K) From: 2048K(29696K)->1664K(26112K)
[8.807s][info][gc,heap        ] GC(50) ParOldGen: 3926K(699392K)->5366K(699392K)
[8.807s][info][gc,metaspace   ] GC(50) Metaspace: 8598K(8832K)->8598K(8832K) NonClass: 7444K(7552K)->7444K(7552K) Class: 1153K(1280K)->1153K(1280K)
[8.807s][info][gc             ] GC(50) Pause Young (Allocation Failure) 286M->6M(993M) 2.334ms
[8.807s][info][gc,cpu         ] GC(50) User=0.00s Sys=0.00s Real=0.00s
[8.957s][info][gc,start       ] GC(51) Pause Young (Allocation Failure)
[8.961s][info][gc,heap        ] GC(51) PSYoungGen: 292992K(317440K)->5248K(318464K) Eden: 291328K(291328K)->0K(291328K) From: 1664K(26112K)->5248K(27136K)
[8.961s][info][gc,heap        ] GC(51) ParOldGen: 5366K(699392K)->6398K(699392K)
[8.961s][info][gc,metaspace   ] GC(51) Metaspace: 8598K(8832K)->8598K(8832K) NonClass: 7444K(7552K)->7444K(7552K) Class: 1153K(1280K)->1153K(1280K)
[8.961s][info][gc             ] GC(51) Pause Young (Allocation Failure) 291M->11M(994M) 3.358ms
[8.961s][info][gc,cpu         ] GC(51) User=0.00s Sys=0.00s Real=0.00s
[9.118s][info][gc,start       ] GC(52) Pause Young (Allocation Failure)
[9.124s][info][gc,heap        ] GC(52) PSYoungGen: 296576K(318464K)->6832K(320000K) Eden: 291328K(291328K)->0K(296960K) From: 5248K(27136K)->6832K(23040K)
[9.124s][info][gc,heap        ] GC(52) ParOldGen: 6398K(699392K)->10470K(699392K)
[9.124s][info][gc,metaspace   ] GC(52) Metaspace: 8598K(8832K)->8598K(8832K) NonClass: 7444K(7552K)->7444K(7552K) Class: 1153K(1280K)->1153K(1280K)
[9.124s][info][gc             ] GC(52) Pause Young (Allocation Failure) 295M->16M(995M) 5.620ms
[9.124s][info][gc,cpu         ] GC(52) User=0.00s Sys=0.02s Real=0.01s
[9.278s][info][gc,start       ] GC(53) Pause Young (Allocation Failure)
[9.282s][info][gc,heap        ] GC(53) PSYoungGen: 303792K(320000K)->1696K(320512K) Eden: 296960K(296960K)->0K(296960K) From: 6832K(23040K)->1696K(23552K)
[9.282s][info][gc,heap        ] GC(53) ParOldGen: 10470K(699392K)->16710K(699392K)
[9.282s][info][gc,metaspace   ] GC(53) Metaspace: 8598K(8832K)->8598K(8832K) NonClass: 7444K(7552K)->7444K(7552K) Class: 1153K(1280K)->1153K(1280K)
[9.282s][info][gc             ] GC(53) Pause Young (Allocation Failure) 306M->17M(996M) 4.413ms
[9.282s][info][gc,cpu         ] GC(53) User=0.36s Sys=0.00s Real=0.00s
[9.432s][info][gc,start       ] GC(54) Pause Young (Allocation Failure)
[9.435s][info][gc,heap        ] GC(54) PSYoungGen: 298656K(320512K)->5440K(323072K) Eden: 296960K(296960K)->0K(303104K) From: 1696K(23552K)->5440K(19968K)
[9.435s][info][gc,heap        ] GC(54) ParOldGen: 16710K(699392K)->17742K(699392K)
[9.435s][info][gc,metaspace   ] GC(54) Metaspace: 8598K(8832K)->8598K(8832K) NonClass: 7444K(7552K)->7444K(7552K) Class: 1153K(1280K)->1153K(1280K)
[9.435s][info][gc             ] GC(54) Pause Young (Allocation Failure) 307M->22M(998M) 2.886ms
[9.435s][info][gc,cpu         ] GC(54) User=0.00s Sys=0.00s Real=0.00s
[9.578s][info][gc,start       ] GC(55) Pause Young (Allocation Failure)
[9.582s][info][gc,heap        ] GC(55) PSYoungGen: 308544K(323072K)->2400K(324096K) Eden: 303104K(303104K)->0K(303104K) From: 5440K(19968K)->2400K(20992K)
[9.582s][info][gc,heap        ] GC(55) ParOldGen: 17742K(699392K)->21934K(699392K)
[9.582s][info][gc,metaspace   ] GC(55) Metaspace: 8598K(8832K)->8598K(8832K) NonClass: 7444K(7552K)->7444K(7552K) Class: 1153K(1280K)->1153K(1280K)
[9.582s][info][gc             ] GC(55) Pause Young (Allocation Failure) 318M->23M(999M) 3.489ms
[9.582s][info][gc,cpu         ] GC(55) User=0.00s Sys=0.00s Real=0.00s
[9.749s][info][gc,start       ] GC(56) Pause Young (Allocation Failure)
[9.753s][info][gc,heap        ] GC(56) PSYoungGen: 305504K(324096K)->6528K(324608K) Eden: 303104K(303104K)->0K(307712K) From: 2400K(20992K)->6528K(16896K)
[9.753s][info][gc,heap        ] GC(56) ParOldGen: 21934K(699392K)->23262K(699392K)
[9.753s][info][gc,metaspace   ] GC(56) Metaspace: 8598K(8832K)->8598K(8832K) NonClass: 7444K(7552K)->7444K(7552K) Class: 1153K(1280K)->1153K(1280K)
[9.753s][info][gc             ] GC(56) Pause Young (Allocation Failure) 319M->29M(1000M) 4.099ms
[9.753s][info][gc,cpu         ] GC(56) User=0.00s Sys=0.00s Real=0.00s
[9.904s][info][gc,start       ] GC(57) Pause Young (Allocation Failure)
[9.909s][info][gc,heap        ] GC(57) PSYoungGen: 314240K(324608K)->1568K(326656K) Eden: 307712K(307712K)->0K(307712K) From: 6528K(16896K)->1568K(18944K)
[9.909s][info][gc,heap        ] GC(57) ParOldGen: 23262K(699392K)->29470K(699392K)
[9.909s][info][gc,metaspace   ] GC(57) Metaspace: 8598K(8832K)->8598K(8832K) NonClass: 7444K(7552K)->7444K(7552K) Class: 1153K(1280K)->1153K(1280K)
[9.909s][info][gc             ] GC(57) Pause Young (Allocation Failure) 329M->30M(1002M) 4.627ms
[9.909s][info][gc,cpu         ] GC(57) User=0.00s Sys=0.00s Real=0.00s
[10.053s][info][gc,start       ] GC(58) Pause Young (Allocation Failure)
[10.056s][info][gc,heap        ] GC(58) PSYoungGen: 309280K(326656K)->5312K(327680K) Eden: 307712K(307712K)->0K(311808K) From: 1568K(18944K)->5312K(15872K)
[10.056s][info][gc,heap        ] GC(58) ParOldGen: 29470K(699392K)->30518K(699392K)
[10.056s][info][gc,metaspace   ] GC(58) Metaspace: 8598K(8832K)->8598K(8832K) NonClass: 7444K(7552K)->7444K(7552K) Class: 1153K(1280K)->1153K(1280K)
[10.056s][info][gc             ] GC(58) Pause Young (Allocation Failure) 330M->34M(1003M) 2.857ms
[10.056s][info][gc,cpu         ] GC(58) User=0.00s Sys=0.00s Real=0.00s
[10.203s][info][gc,start       ] GC(59) Pause Young (Allocation Failure)
[10.206s][info][gc,heap        ] GC(59) PSYoungGen: 317120K(327680K)->2160K(329216K) Eden: 311808K(311808K)->0K(311808K) From: 5312K(15872K)->2160K(17408K)
[10.206s][info][gc,heap        ] GC(59) ParOldGen: 30518K(699392K)->34718K(699392K)
[10.206s][info][gc,metaspace   ] GC(59) Metaspace: 8598K(8832K)->8598K(8832K) NonClass: 7444K(7552K)->7444K(7552K) Class: 1153K(1280K)->1153K(1280K)
[10.207s][info][gc             ] GC(59) Pause Young (Allocation Failure) 339M->36M(1004M) 3.437ms
[10.207s][info][gc,cpu         ] GC(59) User=0.00s Sys=0.00s Real=0.00s
[10.394s][info][gc,start       ] GC(60) Pause Young (Allocation Failure)
[10.403s][info][gc,heap        ] GC(60) PSYoungGen: 313968K(329216K)->15296K(326656K) Eden: 311808K(311808K)->0K(310272K) From: 2160K(17408K)->15296K(16384K)
[10.403s][info][gc,heap        ] GC(60) ParOldGen: 34718K(699392K)->36014K(699392K)
[10.403s][info][gc,metaspace   ] GC(60) Metaspace: 8598K(8832K)->8598K(8832K) NonClass: 7444K(7552K)->7444K(7552K) Class: 1153K(1280K)->1153K(1280K)
[10.403s][info][gc             ] GC(60) Pause Young (Allocation Failure) 340M->50M(1002M) 8.311ms
[10.403s][info][gc,cpu         ] GC(60) User=0.38s Sys=0.00s Real=0.01s
[10.551s][info][gc,start       ] GC(61) Pause Young (Allocation Failure)
[10.562s][info][gc,heap        ] GC(61) PSYoungGen: 325568K(326656K)->1760K(329728K) Eden: 310272K(310272K)->0K(310272K) From: 15296K(16384K)->1760K(19456K)
[10.562s][info][gc,heap        ] GC(61) ParOldGen: 36014K(699392K)->50798K(699392K)
[10.562s][info][gc,metaspace   ] GC(61) Metaspace: 8598K(8832K)->8598K(8832K) NonClass: 7444K(7552K)->7444K(7552K) Class: 1153K(1280K)->1153K(1280K)
[10.562s][info][gc             ] GC(61) Pause Young (Allocation Failure) 353M->51M(1005M) 11.026ms
[10.562s][info][gc,cpu         ] GC(61) User=0.38s Sys=0.00s Real=0.01s
[10.711s][info][gc,start       ] GC(62) Pause Young (Allocation Failure)
[10.713s][info][gc,heap        ] GC(62) PSYoungGen: 312032K(329728K)->2560K(327168K) Eden: 310272K(310272K)->0K(310784K) From: 1760K(19456K)->2560K(16384K)
[10.713s][info][gc,heap        ] GC(62) ParOldGen: 50798K(699392K)->51214K(699392K)
[10.713s][info][gc,metaspace   ] GC(62) Metaspace: 8598K(8832K)->8598K(8832K) NonClass: 7444K(7552K)->7444K(7552K) Class: 1153K(1280K)->1153K(1280K)
[10.713s][info][gc             ] GC(62) Pause Young (Allocation Failure) 354M->52M(1002M) 2.275ms
[10.713s][info][gc,cpu         ] GC(62) User=0.00s Sys=0.00s Real=0.00s
[10.859s][info][gc,start       ] GC(63) Pause Young (Allocation Failure)
[10.861s][info][gc,heap        ] GC(63) PSYoungGen: 313344K(327168K)->2032K(328704K) Eden: 310784K(310784K)->0K(310784K) From: 2560K(16384K)->2032K(17920K)
[10.862s][info][gc,heap        ] GC(63) ParOldGen: 51214K(699392K)->52662K(699392K)
[10.862s][info][gc,metaspace   ] GC(63) Metaspace: 8598K(8832K)->8598K(8832K) NonClass: 7444K(7552K)->7444K(7552K) Class: 1153K(1280K)->1153K(1280K)
[10.862s][info][gc             ] GC(63) Pause Young (Allocation Failure) 356M->53M(1004M) 2.296ms
[10.862s][info][gc,cpu         ] GC(63) User=0.00s Sys=0.00s Real=0.00s
[11.016s][info][gc,start       ] GC(64) Pause Young (Allocation Failure)
[11.020s][info][gc,heap        ] GC(64) PSYoungGen: 312816K(328704K)->6272K(328704K) Eden: 310784K(310784K)->0K(313856K) From: 2032K(17920K)->6272K(14848K)
[11.020s][info][gc,heap        ] GC(64) ParOldGen: 52662K(699392K)->53958K(699392K)
[11.020s][info][gc,metaspace   ] GC(64) Metaspace: 8598K(8832K)->8598K(8832K) NonClass: 7444K(7552K)->7444K(7552K) Class: 1153K(1280K)->1153K(1280K)
[11.020s][info][gc             ] GC(64) Pause Young (Allocation Failure) 356M->58M(1004M) 4.001ms
[11.020s][info][gc,cpu         ] GC(64) User=0.00s Sys=0.00s Real=0.00s
[11.161s][info][gc,start       ] GC(65) Pause Young (Allocation Failure)
[11.166s][info][gc,heap        ] GC(65) PSYoungGen: 320128K(328704K)->1728K(330240K) Eden: 313856K(313856K)->0K(313856K) From: 6272K(14848K)->1728K(16384K)
[11.166s][info][gc,heap        ] GC(65) ParOldGen: 53958K(699392K)->59806K(699392K)
[11.166s][info][gc,metaspace   ] GC(65) Metaspace: 8598K(8832K)->8598K(8832K) NonClass: 7444K(7552K)->7444K(7552K) Class: 1153K(1280K)->1153K(1280K)
[11.166s][info][gc             ] GC(65) Pause Young (Allocation Failure) 365M->60M(1005M) 4.478ms
[11.166s][info][gc,cpu         ] GC(65) User=0.38s Sys=0.00s Real=0.02s
[11.326s][info][gc,start       ] GC(66) Pause Young (Allocation Failure)
[11.328s][info][gc,heap        ] GC(66) PSYoungGen: 315584K(330240K)->2448K(331264K) Eden: 313856K(313856K)->0K(316928K) From: 1728K(16384K)->2448K(14336K)
[11.328s][info][gc,heap        ] GC(66) ParOldGen: 59806K(699392K)->60214K(699392K)
[11.328s][info][gc,metaspace   ] GC(66) Metaspace: 8598K(8832K)->8598K(8832K) NonClass: 7444K(7552K)->7444K(7552K) Class: 1153K(1280K)->1153K(1280K)
[11.328s][info][gc             ] GC(66) Pause Young (Allocation Failure) 366M->61M(1006M) 2.051ms
[11.328s][info][gc,cpu         ] GC(66) User=0.00s Sys=0.00s Real=0.00s
[11.490s][info][gc,start       ] GC(67) Pause Young (Allocation Failure)
[11.492s][info][gc,heap        ] GC(67) PSYoungGen: 319376K(331264K)->1952K(332288K) Eden: 316928K(316928K)->0K(316928K) From: 2448K(14336K)->1952K(15360K)
[11.492s][info][gc,heap        ] GC(67) ParOldGen: 60214K(699392K)->61638K(699392K)
[11.492s][info][gc,metaspace   ] GC(67) Metaspace: 8598K(8832K)->8598K(8832K) NonClass: 7444K(7552K)->7444K(7552K) Class: 1153K(1280K)->1153K(1280K)
[11.492s][info][gc             ] GC(67) Pause Young (Allocation Failure) 370M->62M(1007M) 2.302ms
[11.492s][info][gc,cpu         ] GC(67) User=0.00s Sys=0.00s Real=0.00s
[11.724s][info][gc,start       ] GC(68) Pause Young (Allocation Failure)
[11.742s][info][gc,heap        ] GC(68) PSYoungGen: 318880K(332288K)->14816K(313856K) Eden: 316928K(316928K)->0K(299008K) From: 1952K(15360K)->14816K(14848K)
[11.742s][info][gc,heap        ] GC(68) ParOldGen: 61638K(699392K)->81806K(699392K)
[11.742s][info][gc,metaspace   ] GC(68) Metaspace: 8598K(8832K)->8598K(8832K) NonClass: 7444K(7552K)->7444K(7552K) Class: 1153K(1280K)->1153K(1280K)
[11.742s][info][gc             ] GC(68) Pause Young (Allocation Failure) 371M->94M(989M) 18.212ms
[11.742s][info][gc,cpu         ] GC(68) User=0.38s Sys=0.00s Real=0.02s
[12.018s][info][gc,start       ] GC(69) Pause Young (System.gc())
[12.033s][info][gc,heap        ] GC(69) PSYoungGen: 84106K(313856K)->17184K(316416K) Eden: 69290K(299008K)->0K(299008K) From: 14816K(14848K)->17184K(17408K)
[12.033s][info][gc,heap        ] GC(69) ParOldGen: 81806K(699392K)->96414K(699392K)
[12.033s][info][gc,metaspace   ] GC(69) Metaspace: 8598K(8832K)->8598K(8832K) NonClass: 7444K(7552K)->7444K(7552K) Class: 1153K(1280K)->1153K(1280K)
[12.033s][info][gc             ] GC(69) Pause Young (System.gc()) 162M->110M(992M) 15.324ms
[12.033s][info][gc,cpu         ] GC(69) User=0.36s Sys=0.00s Real=0.02s
[12.033s][info][gc,start       ] GC(70) Pause Full (System.gc())
[12.033s][info][gc,phases,start] GC(70) Marking Phase
[12.041s][info][gc,phases      ] GC(70) Marking Phase 7.530ms
[12.041s][info][gc,phases,start] GC(70) Summary Phase
[12.041s][info][gc,phases      ] GC(70) Summary Phase 0.022ms
[12.041s][info][gc,phases,start] GC(70) Adjust Roots
[12.042s][info][gc,phases      ] GC(70) Adjust Roots 1.287ms
[12.042s][info][gc,phases,start] GC(70) Compaction Phase
[12.044s][info][gc,phases      ] GC(70) Compaction Phase 1.466ms
[12.044s][info][gc,phases,start] GC(70) Post Compact
[12.045s][info][gc,phases      ] GC(70) Post Compact 1.230ms
[12.045s][info][gc,heap        ] GC(70) PSYoungGen: 17184K(316416K)->0K(316416K) Eden: 0K(299008K)->0K(299008K) From: 17184K(17408K)->0K(17408K)
[12.045s][info][gc,heap        ] GC(70) ParOldGen: 96414K(699392K)->3526K(699392K)
[12.045s][info][gc,metaspace   ] GC(70) Metaspace: 8598K(8832K)->8598K(8832K) NonClass: 7444K(7552K)->7444K(7552K) Class: 1153K(1280K)->1153K(1280K)
[12.045s][info][gc             ] GC(70) Pause Full (System.gc()) 110M->3M(992M) 11.789ms
[12.045s][info][gc,cpu         ] GC(70) User=0.02s Sys=0.00s Real=0.02s
[12.180s][info][gc,start       ] GC(71) Pause Young (Allocation Failure)
[12.181s][info][gc,heap        ] GC(71) PSYoungGen: 299008K(316416K)->1600K(323072K) Eden: 299008K(299008K)->0K(295936K) From: 0K(17408K)->1600K(27136K)
[12.181s][info][gc,heap        ] GC(71) ParOldGen: 3526K(699392K)->3526K(699392K)
[12.181s][info][gc,metaspace   ] GC(71) Metaspace: 8598K(8832K)->8598K(8832K) NonClass: 7444K(7552K)->7444K(7552K) Class: 1153K(1280K)->1153K(1280K)
[12.181s][info][gc             ] GC(71) Pause Young (Allocation Failure) 295M->5M(998M) 1.266ms
[12.181s][info][gc,cpu         ] GC(71) User=0.02s Sys=0.00s Real=0.02s
[12.335s][info][gc,start       ] GC(72) Pause Young (Allocation Failure)
[12.338s][info][gc,heap        ] GC(72) PSYoungGen: 297536K(323072K)->2048K(298496K) Eden: 295936K(295936K)->0K(295936K) From: 1600K(27136K)->2048K(2560K)
[12.338s][info][gc,heap        ] GC(72) ParOldGen: 3526K(699392K)->3926K(699392K)
[12.338s][info][gc,metaspace   ] GC(72) Metaspace: 8598K(8832K)->8598K(8832K) NonClass: 7444K(7552K)->7444K(7552K) Class: 1153K(1280K)->1153K(1280K)
[12.338s][info][gc             ] GC(72) Pause Young (Allocation Failure) 294M->5M(974M) 2.974ms
[12.338s][info][gc,cpu         ] GC(72) User=0.38s Sys=0.00s Real=0.02s
[12.491s][info][gc,start       ] GC(73) Pause Young (Allocation Failure)
[12.493s][info][gc,heap        ] GC(73) PSYoungGen: 297984K(298496K)->1600K(321536K) Eden: 295936K(295936K)->0K(296448K) From: 2048K(2560K)->1600K(25088K)
[12.493s][info][gc,heap        ] GC(73) ParOldGen: 3926K(699392K)->5358K(699392K)
[12.493s][info][gc,metaspace   ] GC(73) Metaspace: 8598K(8832K)->8598K(8832K) NonClass: 7444K(7552K)->7444K(7552K) Class: 1153K(1280K)->1153K(1280K)
[12.493s][info][gc             ] GC(73) Pause Young (Allocation Failure) 294M->6M(997M) 2.005ms
[12.493s][info][gc,cpu         ] GC(73) User=0.33s Sys=0.00s Real=0.02s
[12.625s][info][gc,start       ] GC(74) Pause Young (Allocation Failure)
[12.629s][info][gc,heap        ] GC(74) PSYoungGen: 298048K(321536K)->1536K(321024K) Eden: 296448K(296448K)->0K(296448K) From: 1600K(25088K)->1536K(24576K)
[12.629s][info][gc,heap        ] GC(74) ParOldGen: 5358K(699392K)->6670K(699392K)
[12.629s][info][gc,metaspace   ] GC(74) Metaspace: 8598K(8832K)->8598K(8832K) NonClass: 7444K(7552K)->7444K(7552K) Class: 1153K(1280K)->1153K(1280K)
[12.629s][info][gc             ] GC(74) Pause Young (Allocation Failure) 296M->8M(996M) 3.502ms
[12.629s][info][gc,cpu         ] GC(74) User=0.00s Sys=0.00s Real=0.00s
[12.776s][info][gc,start       ] GC(75) Pause Young (Allocation Failure)
[12.781s][info][gc,heap        ] GC(75) PSYoungGen: 297984K(321024K)->9680K(323584K) Eden: 296448K(296448K)->0K(300032K) From: 1536K(24576K)->9680K(23552K)
[12.781s][info][gc,heap        ] GC(75) ParOldGen: 6670K(699392K)->7686K(699392K)
[12.781s][info][gc,metaspace   ] GC(75) Metaspace: 8598K(8832K)->8598K(8832K) NonClass: 7444K(7552K)->7444K(7552K) Class: 1153K(1280K)->1153K(1280K)
[12.781s][info][gc             ] GC(75) Pause Young (Allocation Failure) 297M->16M(999M) 4.630ms
[12.781s][info][gc,cpu         ] GC(75) User=0.00s Sys=0.00s Real=0.00s
[12.922s][info][gc,start       ] GC(76) Pause Young (Allocation Failure)
[12.927s][info][gc,heap        ] GC(76) PSYoungGen: 309712K(323584K)->1888K(323072K) Eden: 300032K(300032K)->0K(300032K) From: 9680K(23552K)->1888K(23040K)
[12.927s][info][gc,heap        ] GC(76) ParOldGen: 7686K(699392K)->16654K(699392K)
[12.927s][info][gc,metaspace   ] GC(76) Metaspace: 8598K(8832K)->8598K(8832K) NonClass: 7444K(7552K)->7444K(7552K) Class: 1153K(1280K)->1153K(1280K)
[12.927s][info][gc             ] GC(76) Pause Young (Allocation Failure) 309M->18M(998M) 5.503ms
[12.927s][info][gc,cpu         ] GC(76) User=0.00s Sys=0.00s Real=0.00s
[13.062s][info][gc,start       ] GC(77) Pause Young (Allocation Failure)
[13.064s][info][gc,heap        ] GC(77) PSYoungGen: 301920K(323072K)->1664K(325120K) Eden: 300032K(300032K)->0K(303616K) From: 1888K(23040K)->1664K(21504K)
[13.064s][info][gc,heap        ] GC(77) ParOldGen: 16654K(699392K)->18110K(699392K)
[13.064s][info][gc,metaspace   ] GC(77) Metaspace: 8598K(8832K)->8598K(8832K) NonClass: 7444K(7552K)->7444K(7552K) Class: 1153K(1280K)->1153K(1280K)
[13.064s][info][gc             ] GC(77) Pause Young (Allocation Failure) 311M->19M(1000M) 2.281ms
[13.064s][info][gc,cpu         ] GC(77) User=0.00s Sys=0.00s Real=0.00s
[13.207s][info][gc,start       ] GC(78) Pause Young (Allocation Failure)
[13.212s][info][gc,heap        ] GC(78) PSYoungGen: 305280K(325120K)->5248K(325120K) Eden: 303616K(303616K)->0K(303616K) From: 1664K(21504K)->5248K(21504K)
[13.212s][info][gc,heap        ] GC(78) ParOldGen: 18110K(699392K)->19134K(699392K)
[13.212s][info][gc,metaspace   ] GC(78) Metaspace: 8598K(8832K)->8598K(8832K) NonClass: 7444K(7552K)->7444K(7552K) Class: 1153K(1280K)->1153K(1280K)
[13.212s][info][gc             ] GC(78) Pause Young (Allocation Failure) 315M->23M(1000M) 5.598ms
[13.212s][info][gc,cpu         ] GC(78) User=0.38s Sys=0.00s Real=0.02s
[13.377s][info][gc,start       ] GC(79) Pause Young (Allocation Failure)
[13.382s][info][gc,heap        ] GC(79) PSYoungGen: 308864K(325120K)->6656K(326656K) Eden: 303616K(303616K)->0K(307200K) From: 5248K(21504K)->6656K(19456K)
[13.383s][info][gc,heap        ] GC(79) ParOldGen: 19134K(699392K)->23198K(699392K)
[13.383s][info][gc,metaspace   ] GC(79) Metaspace: 8598K(8832K)->8598K(8832K) NonClass: 7444K(7552K)->7444K(7552K) Class: 1153K(1280K)->1153K(1280K)
[13.383s][info][gc             ] GC(79) Pause Young (Allocation Failure) 320M->29M(1002M) 5.286ms
[13.383s][info][gc,cpu         ] GC(79) User=0.00s Sys=0.00s Real=0.00s
[13.534s][info][gc,start       ] GC(80) Pause Young (Allocation Failure)
[13.538s][info][gc,heap        ] GC(80) PSYoungGen: 313856K(326656K)->1632K(326144K) Eden: 307200K(307200K)->0K(307200K) From: 6656K(19456K)->1632K(18944K)
[13.538s][info][gc,heap        ] GC(80) ParOldGen: 23198K(699392K)->29374K(699392K)
[13.538s][info][gc,metaspace   ] GC(80) Metaspace: 8598K(8832K)->8598K(8832K) NonClass: 7444K(7552K)->7444K(7552K) Class: 1153K(1280K)->1153K(1280K)
[13.538s][info][gc             ] GC(80) Pause Young (Allocation Failure) 329M->30M(1001M) 4.599ms
[13.538s][info][gc,cpu         ] GC(80) User=0.00s Sys=0.00s Real=0.00s
[13.681s][info][gc,start       ] GC(81) Pause Young (Allocation Failure)
[13.684s][info][gc,heap        ] GC(81) PSYoungGen: 308832K(326144K)->5472K(328192K) Eden: 307200K(307200K)->0K(311808K) From: 1632K(18944K)->5472K(16384K)
[13.684s][info][gc,heap        ] GC(81) ParOldGen: 29374K(699392K)->30406K(699392K)
[13.684s][info][gc,metaspace   ] GC(81) Metaspace: 8598K(8832K)->8598K(8832K) NonClass: 7444K(7552K)->7444K(7552K) Class: 1153K(1280K)->1153K(1280K)
[13.684s][info][gc             ] GC(81) Pause Young (Allocation Failure) 330M->35M(1003M) 2.807ms
[13.684s][info][gc,cpu         ] GC(81) User=0.00s Sys=0.00s Real=0.00s
[13.830s][info][gc,start       ] GC(82) Pause Young (Allocation Failure)
[13.834s][info][gc,heap        ] GC(82) PSYoungGen: 317280K(328192K)->2336K(328704K) Eden: 311808K(311808K)->0K(311808K) From: 5472K(16384K)->2336K(16896K)
[13.834s][info][gc,heap        ] GC(82) ParOldGen: 30406K(699392K)->34606K(699392K)
[13.834s][info][gc,metaspace   ] GC(82) Metaspace: 8598K(8832K)->8598K(8832K) NonClass: 7444K(7552K)->7444K(7552K) Class: 1153K(1280K)->1153K(1280K)
[13.834s][info][gc             ] GC(82) Pause Young (Allocation Failure) 339M->36M(1004M) 3.318ms
[13.834s][info][gc,cpu         ] GC(82) User=0.00s Sys=0.00s Real=0.00s
[14.011s][info][gc,start       ] GC(83) Pause Young (Allocation Failure)
[14.019s][info][gc,heap        ] GC(83) PSYoungGen: 314144K(328704K)->15424K(327680K) Eden: 311808K(311808K)->0K(311296K) From: 2336K(16896K)->15424K(16384K)
[14.019s][info][gc,heap        ] GC(83) ParOldGen: 34606K(699392K)->35918K(699392K)
[14.019s][info][gc,metaspace   ] GC(83) Metaspace: 8598K(8832K)->8598K(8832K) NonClass: 7444K(7552K)->7444K(7552K) Class: 1153K(1280K)->1153K(1280K)
[14.019s][info][gc             ] GC(83) Pause Young (Allocation Failure) 340M->50M(1003M) 8.189ms
[14.019s][info][gc,cpu         ] GC(83) User=0.38s Sys=0.00s Real=0.01s
[14.160s][info][gc,start       ] GC(84) Pause Young (Allocation Failure)
[14.169s][info][gc,heap        ] GC(84) PSYoungGen: 326720K(327680K)->1696K(330240K) Eden: 311296K(311296K)->0K(311296K) From: 15424K(16384K)->1696K(18944K)
[14.169s][info][gc,heap        ] GC(84) ParOldGen: 35918K(699392K)->51030K(699392K)
[14.169s][info][gc,metaspace   ] GC(84) Metaspace: 8598K(8832K)->8598K(8832K) NonClass: 7444K(7552K)->7444K(7552K) Class: 1153K(1280K)->1153K(1280K)
[14.169s][info][gc             ] GC(84) Pause Young (Allocation Failure) 354M->51M(1005M) 9.549ms
[14.169s][info][gc,cpu         ] GC(84) User=0.00s Sys=0.00s Real=0.01s
[14.329s][info][gc,start       ] GC(85) Pause Young (Allocation Failure)
[14.332s][info][gc,heap        ] GC(85) PSYoungGen: 312992K(330240K)->5312K(327680K) Eden: 311296K(311296K)->0K(311808K) From: 1696K(18944K)->5312K(15872K)
[14.332s][info][gc,heap        ] GC(85) ParOldGen: 51030K(699392K)->52086K(699392K)
[14.332s][info][gc,metaspace   ] GC(85) Metaspace: 8598K(8832K)->8598K(8832K) NonClass: 7444K(7552K)->7444K(7552K) Class: 1153K(1280K)->1153K(1280K)
[14.332s][info][gc             ] GC(85) Pause Young (Allocation Failure) 355M->56M(1003M) 3.151ms
[14.332s][info][gc,cpu         ] GC(85) User=0.00s Sys=0.00s Real=0.00s
[14.492s][info][gc,start       ] GC(86) Pause Young (Allocation Failure)
[14.495s][info][gc,heap        ] GC(86) PSYoungGen: 317120K(327680K)->2256K(329216K) Eden: 311808K(311808K)->0K(311808K) From: 5312K(15872K)->2256K(17408K)
[14.495s][info][gc,heap        ] GC(86) ParOldGen: 52086K(699392K)->56294K(699392K)
[14.495s][info][gc,metaspace   ] GC(86) Metaspace: 8598K(8832K)->8598K(8832K) NonClass: 7444K(7552K)->7444K(7552K) Class: 1153K(1280K)->1153K(1280K)
[14.495s][info][gc             ] GC(86) Pause Young (Allocation Failure) 360M->57M(1004M) 3.446ms
[14.495s][info][gc,cpu         ] GC(86) User=0.38s Sys=0.00s Real=0.02s
[14.651s][info][gc,start       ] GC(87) Pause Young (Allocation Failure)
[14.655s][info][gc,heap        ] GC(87) PSYoungGen: 314064K(329216K)->6400K(329216K) Eden: 311808K(311808K)->0K(314880K) From: 2256K(17408K)->6400K(14336K)
[14.655s][info][gc,heap        ] GC(87) ParOldGen: 56294K(699392K)->57598K(699392K)
[14.655s][info][gc,metaspace   ] GC(87) Metaspace: 8598K(8832K)->8598K(8832K) NonClass: 7444K(7552K)->7444K(7552K) Class: 1153K(1280K)->1153K(1280K)
[14.655s][info][gc             ] GC(87) Pause Young (Allocation Failure) 361M->62M(1004M) 4.088ms
[14.655s][info][gc,cpu         ] GC(87) User=0.38s Sys=0.00s Real=0.00s
[14.797s][info][gc,start       ] GC(88) Pause Young (Allocation Failure)
[14.802s][info][gc,heap        ] GC(88) PSYoungGen: 321280K(329216K)->1728K(330752K) Eden: 314880K(314880K)->0K(314880K) From: 6400K(14336K)->1728K(15872K)
[14.802s][info][gc,heap        ] GC(88) ParOldGen: 57598K(699392K)->63422K(699392K)
[14.802s][info][gc,metaspace   ] GC(88) Metaspace: 8598K(8832K)->8598K(8832K) NonClass: 7444K(7552K)->7444K(7552K) Class: 1153K(1280K)->1153K(1280K)
[14.802s][info][gc             ] GC(88) Pause Young (Allocation Failure) 369M->63M(1006M) 4.529ms
[14.802s][info][gc,cpu         ] GC(88) User=0.38s Sys=0.00s Real=0.02s
[14.980s][info][gc,start       ] GC(89) Pause Young (Allocation Failure)
[14.982s][info][gc,heap        ] GC(89) PSYoungGen: 316608K(330752K)->2592K(331264K) Eden: 314880K(314880K)->0K(317440K) From: 1728K(15872K)->2592K(13824K)
[14.982s][info][gc,heap        ] GC(89) ParOldGen: 63422K(699392K)->63822K(699392K)
[14.982s][info][gc,metaspace   ] GC(89) Metaspace: 8598K(8832K)->8598K(8832K) NonClass: 7444K(7552K)->7444K(7552K) Class: 1153K(1280K)->1153K(1280K)
[14.982s][info][gc             ] GC(89) Pause Young (Allocation Failure) 371M->64M(1006M) 2.191ms
[14.982s][info][gc,cpu         ] GC(89) User=0.00s Sys=0.00s Real=0.00s
[15.131s][info][gc,start       ] GC(90) Pause Young (Allocation Failure)
[15.134s][info][gc,heap        ] GC(90) PSYoungGen: 320032K(331264K)->2288K(332288K) Eden: 317440K(317440K)->0K(317440K) From: 2592K(13824K)->2288K(14848K)
[15.134s][info][gc,heap        ] GC(90) ParOldGen: 63822K(699392K)->65278K(699392K)
[15.134s][info][gc,metaspace   ] GC(90) Metaspace: 8598K(8832K)->8598K(8832K) NonClass: 7444K(7552K)->7444K(7552K) Class: 1153K(1280K)->1153K(1280K)
[15.134s][info][gc             ] GC(90) Pause Young (Allocation Failure) 374M->65M(1007M) 2.327ms
[15.134s][info][gc,cpu         ] GC(90) User=0.00s Sys=0.00s Real=0.00s
[15.613s][info][gc,start       ] GC(91) Pause Young (Allocation Failure)
[15.637s][info][gc,heap        ] GC(91) PSYoungGen: 319728K(332288K)->14313K(301056K) Eden: 317440K(317440K)->0K(286720K) From: 2288K(14848K)->14313K(14336K)
[15.637s][info][gc,heap        ] GC(91) ParOldGen: 65278K(699392K)->103446K(699392K)
[15.637s][info][gc,metaspace   ] GC(91) Metaspace: 8598K(8832K)->8598K(8832K) NonClass: 7444K(7552K)->7444K(7552K) Class: 1153K(1280K)->1153K(1280K)
[15.637s][info][gc             ] GC(91) Pause Young (Allocation Failure) 375M->115M(977M) 24.390ms
[15.637s][info][gc,cpu         ] GC(91) User=0.73s Sys=0.02s Real=0.03s
[15.662s][info][gc,start       ] GC(92) Pause Young (System.gc())
[15.669s][info][gc,heap        ] GC(92) PSYoungGen: 31515K(301056K)->32K(317952K) Eden: 17201K(286720K)->0K(286720K) From: 14313K(14336K)->32K(31232K)
[15.669s][info][gc,heap        ] GC(92) ParOldGen: 103446K(699392K)->116943K(699392K)
[15.669s][info][gc,metaspace   ] GC(92) Metaspace: 8598K(8832K)->8598K(8832K) NonClass: 7444K(7552K)->7444K(7552K) Class: 1153K(1280K)->1153K(1280K)
[15.669s][info][gc             ] GC(92) Pause Young (System.gc()) 131M->114M(993M) 6.864ms
[15.669s][info][gc,cpu         ] GC(92) User=0.00s Sys=0.00s Real=0.01s
[15.669s][info][gc,start       ] GC(93) Pause Full (System.gc())
[15.669s][info][gc,phases,start] GC(93) Marking Phase
[15.678s][info][gc,phases      ] GC(93) Marking Phase 8.479ms
[15.678s][info][gc,phases,start] GC(93) Summary Phase
[15.678s][info][gc,phases      ] GC(93) Summary Phase 0.031ms
[15.678s][info][gc,phases,start] GC(93) Adjust Roots
[15.679s][info][gc,phases      ] GC(93) Adjust Roots 1.311ms
[15.679s][info][gc,phases,start] GC(93) Compaction Phase
[15.682s][info][gc,phases      ] GC(93) Compaction Phase 2.865ms
[15.682s][info][gc,phases,start] GC(93) Post Compact
[15.683s][info][gc,phases      ] GC(93) Post Compact 0.934ms
[15.683s][info][gc,heap        ] GC(93) PSYoungGen: 32K(317952K)->0K(317952K) Eden: 0K(286720K)->0K(286720K) From: 32K(31232K)->0K(31232K)
[15.683s][info][gc,heap        ] GC(93) ParOldGen: 116943K(699392K)->3526K(699392K)
[15.683s][info][gc,metaspace   ] GC(93) Metaspace: 8598K(8832K)->8598K(8832K) NonClass: 7444K(7552K)->7444K(7552K) Class: 1153K(1280K)->1153K(1280K)
[15.683s][info][gc             ] GC(93) Pause Full (System.gc()) 114M->3M(993M) 13.999ms
[15.683s][info][gc,cpu         ] GC(93) User=0.36s Sys=0.00s Real=0.01s
[15.817s][info][gc,start       ] GC(94) Pause Young (Allocation Failure)
[15.818s][info][gc,heap        ] GC(94) PSYoungGen: 286720K(317952K)->1408K(315392K) Eden: 286720K(286720K)->0K(287232K) From: 0K(31232K)->1408K(28160K)
[15.818s][info][gc,heap        ] GC(94) ParOldGen: 3526K(699392K)->3526K(699392K)
[15.818s][info][gc,metaspace   ] GC(94) Metaspace: 8599K(8832K)->8599K(8832K) NonClass: 7445K(7552K)->7445K(7552K) Class: 1153K(1280K)->1153K(1280K)
[15.818s][info][gc             ] GC(94) Pause Young (Allocation Failure) 283M->4M(991M) 1.654ms
[15.818s][info][gc,cpu         ] GC(94) User=0.00s Sys=0.00s Real=0.00s
[15.954s][info][gc,start       ] GC(95) Pause Young (Allocation Failure)
[15.957s][info][gc,heap        ] GC(95) PSYoungGen: 288640K(315392K)->2304K(316928K) Eden: 287232K(287232K)->0K(287232K) From: 1408K(28160K)->2304K(29696K)
[15.957s][info][gc,heap        ] GC(95) ParOldGen: 3526K(699392K)->3894K(699392K)
[15.957s][info][gc,metaspace   ] GC(95) Metaspace: 8599K(8832K)->8599K(8832K) NonClass: 7445K(7552K)->7445K(7552K) Class: 1153K(1280K)->1153K(1280K)
[15.957s][info][gc             ] GC(95) Pause Young (Allocation Failure) 285M->6M(992M) 2.660ms
[15.957s][info][gc,cpu         ] GC(95) User=0.00s Sys=0.00s Real=0.00s
[16.101s][info][gc,start       ] GC(96) Pause Young (Allocation Failure)
[16.103s][info][gc,heap        ] GC(96) PSYoungGen: 289536K(316928K)->1632K(317440K) Eden: 287232K(287232K)->0K(291328K) From: 2304K(29696K)->1632K(26112K)
[16.103s][info][gc,heap        ] GC(96) ParOldGen: 3894K(699392K)->5342K(699392K)
[16.103s][info][gc,metaspace   ] GC(96) Metaspace: 8599K(8832K)->8599K(8832K) NonClass: 7445K(7552K)->7445K(7552K) Class: 1153K(1280K)->1153K(1280K)
[16.103s][info][gc             ] GC(96) Pause Young (Allocation Failure) 286M->6M(993M) 2.242ms
[16.103s][info][gc,cpu         ] GC(96) User=0.00s Sys=0.02s Real=0.01s
[16.252s][info][gc,start       ] GC(97) Pause Young (Allocation Failure)
[16.255s][info][gc,heap        ] GC(97) PSYoungGen: 292960K(317440K)->5312K(318464K) Eden: 291328K(291328K)->0K(291328K) From: 1632K(26112K)->5312K(27136K)
[16.255s][info][gc,heap        ] GC(97) ParOldGen: 5342K(699392K)->6374K(699392K)
[16.255s][info][gc,metaspace   ] GC(97) Metaspace: 8599K(8832K)->8599K(8832K) NonClass: 7445K(7552K)->7445K(7552K) Class: 1153K(1280K)->1153K(1280K)
[16.256s][info][gc             ] GC(97) Pause Young (Allocation Failure) 291M->11M(994M) 3.504ms
[16.256s][info][gc,cpu         ] GC(97) User=0.00s Sys=0.00s Real=0.00s
[16.402s][info][gc,start       ] GC(98) Pause Young (Allocation Failure)
[16.407s][info][gc,heap        ] GC(98) PSYoungGen: 296640K(318464K)->6832K(318464K) Eden: 291328K(291328K)->0K(296448K) From: 5312K(27136K)->6832K(22016K)
[16.407s][info][gc,heap        ] GC(98) ParOldGen: 6374K(699392K)->10454K(699392K)
[16.407s][info][gc,metaspace   ] GC(98) Metaspace: 8599K(8832K)->8599K(8832K) NonClass: 7445K(7552K)->7445K(7552K) Class: 1153K(1280K)->1153K(1280K)
[16.407s][info][gc             ] GC(98) Pause Young (Allocation Failure) 295M->16M(994M) 5.502ms
[16.407s][info][gc,cpu         ] GC(98) User=0.00s Sys=0.00s Real=0.00s
[16.541s][info][gc,start       ] GC(99) Pause Young (Allocation Failure)
[16.545s][info][gc,heap        ] GC(99) PSYoungGen: 303280K(318464K)->1600K(320000K) Eden: 296448K(296448K)->0K(296448K) From: 6832K(22016K)->1600K(23552K)
[16.545s][info][gc,heap        ] GC(99) ParOldGen: 10454K(699392K)->16710K(699392K)
[16.545s][info][gc,metaspace   ] GC(99) Metaspace: 8599K(8832K)->8599K(8832K) NonClass: 7445K(7552K)->7445K(7552K) Class: 1153K(1280K)->1153K(1280K)
[16.545s][info][gc             ] GC(99) Pause Young (Allocation Failure) 306M->17M(995M) 4.483ms
[16.545s][info][gc,cpu         ] GC(99) User=0.00s Sys=0.00s Real=0.01s
[16.706s][info][gc,start       ] GC(100) Pause Young (Allocation Failure)
[16.763s][info][gc,heap        ] GC(100) PSYoungGen: 298048K(320000K)->5472K(322048K) Eden: 296448K(296448K)->0K(303104K) From: 1600K(23552K)->5472K(18944K)
[16.763s][info][gc,heap        ] GC(100) ParOldGen: 16710K(699392K)->17734K(699392K)
[16.763s][info][gc,metaspace   ] GC(100) Metaspace: 8599K(8832K)->8599K(8832K) NonClass: 7445K(7552K)->7445K(7552K) Class: 1153K(1280K)->1153K(1280K)
[16.763s][info][gc             ] GC(100) Pause Young (Allocation Failure) 307M->22M(997M) 57.277ms
[16.763s][info][gc,cpu         ] GC(100) User=0.00s Sys=0.00s Real=0.07s
[16.939s][info][gc,start       ] GC(101) Pause Young (Allocation Failure)
[16.942s][info][gc,heap        ] GC(101) PSYoungGen: 308576K(322048K)->2304K(324096K) Eden: 303104K(303104K)->0K(303104K) From: 5472K(18944K)->2304K(20992K)
[16.942s][info][gc,heap        ] GC(101) ParOldGen: 17734K(699392K)->21918K(699392K)
[16.942s][info][gc,metaspace   ] GC(101) Metaspace: 8599K(8832K)->8599K(8832K) NonClass: 7445K(7552K)->7445K(7552K) Class: 1153K(1280K)->1153K(1280K)
[16.942s][info][gc             ] GC(101) Pause Young (Allocation Failure) 318M->23M(999M) 3.315ms
[16.942s][info][gc,cpu         ] GC(101) User=0.00s Sys=0.00s Real=0.00s
[17.106s][info][gc,start       ] GC(102) Pause Young (Allocation Failure)
[17.110s][info][gc,heap        ] GC(102) PSYoungGen: 305408K(324096K)->6528K(325632K) Eden: 303104K(303104K)->0K(307712K) From: 2304K(20992K)->6528K(17920K)
[17.110s][info][gc,heap        ] GC(102) ParOldGen: 21918K(699392K)->23206K(699392K)
[17.110s][info][gc,metaspace   ] GC(102) Metaspace: 8599K(8832K)->8599K(8832K) NonClass: 7445K(7552K)->7445K(7552K) Class: 1153K(1280K)->1153K(1280K)
[17.110s][info][gc             ] GC(102) Pause Young (Allocation Failure) 319M->29M(1001M) 4.093ms
[17.110s][info][gc,cpu         ] GC(102) User=0.00s Sys=0.00s Real=0.00s
[17.249s][info][gc,start       ] GC(103) Pause Young (Allocation Failure)
[17.254s][info][gc,heap        ] GC(103) PSYoungGen: 314240K(325632K)->1536K(327168K) Eden: 307712K(307712K)->0K(307712K) From: 6528K(17920K)->1536K(19456K)
[17.254s][info][gc,heap        ] GC(103) ParOldGen: 23206K(699392K)->29422K(699392K)
[17.254s][info][gc,metaspace   ] GC(103) Metaspace: 8599K(8832K)->8599K(8832K) NonClass: 7445K(7552K)->7445K(7552K) Class: 1153K(1280K)->1153K(1280K)
[17.254s][info][gc             ] GC(103) Pause Young (Allocation Failure) 329M->30M(1002M) 4.650ms
[17.254s][info][gc,cpu         ] GC(103) User=0.00s Sys=0.00s Real=0.00s
[17.413s][info][gc,start       ] GC(104) Pause Young (Allocation Failure)
[17.415s][info][gc,heap        ] GC(104) PSYoungGen: 309248K(327168K)->5280K(327168K) Eden: 307712K(307712K)->0K(311296K) From: 1536K(19456K)->5280K(15872K)
[17.415s][info][gc,heap        ] GC(104) ParOldGen: 29422K(699392K)->30454K(699392K)
[17.415s][info][gc,metaspace   ] GC(104) Metaspace: 8599K(8832K)->8599K(8832K) NonClass: 7445K(7552K)->7445K(7552K) Class: 1153K(1280K)->1153K(1280K)
[17.415s][info][gc             ] GC(104) Pause Young (Allocation Failure) 330M->34M(1002M) 2.735ms
[17.415s][info][gc,cpu         ] GC(104) User=0.00s Sys=0.00s Real=0.00s
[17.574s][info][gc,start       ] GC(105) Pause Young (Allocation Failure)
[17.578s][info][gc,heap        ] GC(105) PSYoungGen: 316576K(327168K)->2224K(328704K) Eden: 311296K(311296K)->0K(311296K) From: 5280K(15872K)->2224K(17408K)
[17.578s][info][gc,heap        ] GC(105) ParOldGen: 30454K(699392K)->34662K(699392K)
[17.578s][info][gc,metaspace   ] GC(105) Metaspace: 8599K(8832K)->8599K(8832K) NonClass: 7445K(7552K)->7445K(7552K) Class: 1153K(1280K)->1153K(1280K)
[17.578s][info][gc             ] GC(105) Pause Young (Allocation Failure) 338M->36M(1004M) 3.322ms
[17.578s][info][gc,cpu         ] GC(105) User=0.00s Sys=0.00s Real=0.00s
[17.753s][info][gc,start       ] GC(106) Pause Young (Allocation Failure)
[17.760s][info][gc,heap        ] GC(106) PSYoungGen: 313520K(328704K)->15296K(327168K) Eden: 311296K(311296K)->0K(310272K) From: 2224K(17408K)->15296K(16896K)
[17.761s][info][gc,heap        ] GC(106) ParOldGen: 34662K(699392K)->35974K(699392K)
[17.761s][info][gc,metaspace   ] GC(106) Metaspace: 8599K(8832K)->8599K(8832K) NonClass: 7445K(7552K)->7445K(7552K) Class: 1153K(1280K)->1153K(1280K)
[17.761s][info][gc             ] GC(106) Pause Young (Allocation Failure) 340M->50M(1002M) 8.050ms
[17.761s][info][gc,cpu         ] GC(106) User=0.38s Sys=0.00s Real=0.02s
[17.900s][info][gc,start       ] GC(107) Pause Young (Allocation Failure)
[17.910s][info][gc,heap        ] GC(107) PSYoungGen: 325568K(327168K)->1728K(329728K) Eden: 310272K(310272K)->0K(310272K) From: 15296K(16896K)->1728K(19456K)
[17.910s][info][gc,heap        ] GC(107) ParOldGen: 35974K(699392K)->50726K(699392K)
[17.910s][info][gc,metaspace   ] GC(107) Metaspace: 8599K(8832K)->8599K(8832K) NonClass: 7445K(7552K)->7445K(7552K) Class: 1153K(1280K)->1153K(1280K)
[17.910s][info][gc             ] GC(107) Pause Young (Allocation Failure) 353M->51M(1005M) 9.708ms
[17.910s][info][gc,cpu         ] GC(107) User=0.38s Sys=0.00s Real=0.01s
[18.057s][info][gc,start       ] GC(108) Pause Young (Allocation Failure)
[18.059s][info][gc,heap        ] GC(108) PSYoungGen: 312000K(329728K)->2528K(327168K) Eden: 310272K(310272K)->0K(310784K) From: 1728K(19456K)->2528K(16384K)
[18.059s][info][gc,heap        ] GC(108) ParOldGen: 50726K(699392K)->51118K(699392K)
[18.059s][info][gc,metaspace   ] GC(108) Metaspace: 8599K(8832K)->8599K(8832K) NonClass: 7445K(7552K)->7445K(7552K) Class: 1153K(1280K)->1153K(1280K)
[18.059s][info][gc             ] GC(108) Pause Young (Allocation Failure) 354M->52M(1002M) 2.261ms
[18.059s][info][gc,cpu         ] GC(108) User=0.00s Sys=0.00s Real=0.00s
[18.205s][info][gc,start       ] GC(109) Pause Young (Allocation Failure)
[18.207s][info][gc,heap        ] GC(109) PSYoungGen: 313312K(327168K)->2064K(328704K) Eden: 310784K(310784K)->0K(310784K) From: 2528K(16384K)->2064K(17920K)
[18.207s][info][gc,heap        ] GC(109) ParOldGen: 51118K(699392K)->52542K(699392K)
[18.207s][info][gc,metaspace   ] GC(109) Metaspace: 8599K(8832K)->8599K(8832K) NonClass: 7445K(7552K)->7445K(7552K) Class: 1153K(1280K)->1153K(1280K)
[18.207s][info][gc             ] GC(109) Pause Young (Allocation Failure) 355M->53M(1004M) 2.290ms
[18.207s][info][gc,cpu         ] GC(109) User=0.00s Sys=0.00s Real=0.00s
[18.363s][info][gc,start       ] GC(110) Pause Young (Allocation Failure)
[18.367s][info][gc,heap        ] GC(110) PSYoungGen: 312848K(328704K)->6240K(328704K) Eden: 310784K(310784K)->0K(313856K) From: 2064K(17920K)->6240K(14848K)
[18.367s][info][gc,heap        ] GC(110) ParOldGen: 52542K(699392K)->53854K(699392K)
[18.367s][info][gc,metaspace   ] GC(110) Metaspace: 8599K(8832K)->8599K(8832K) NonClass: 7445K(7552K)->7445K(7552K) Class: 1153K(1280K)->1153K(1280K)
[18.367s][info][gc             ] GC(110) Pause Young (Allocation Failure) 356M->58M(1004M) 4.175ms
[18.367s][info][gc,cpu         ] GC(110) User=0.00s Sys=0.00s Real=0.00s
[18.533s][info][gc,start       ] GC(111) Pause Young (Allocation Failure)
[18.538s][info][gc,heap        ] GC(111) PSYoungGen: 320096K(328704K)->1632K(330240K) Eden: 313856K(313856K)->0K(313856K) From: 6240K(14848K)->1632K(16384K)
[18.538s][info][gc,heap        ] GC(111) ParOldGen: 53854K(699392K)->59718K(699392K)
[18.538s][info][gc,metaspace   ] GC(111) Metaspace: 8599K(8832K)->8599K(8832K) NonClass: 7445K(7552K)->7445K(7552K) Class: 1153K(1280K)->1153K(1280K)
[18.538s][info][gc             ] GC(111) Pause Young (Allocation Failure) 365M->59M(1005M) 4.549ms
[18.538s][info][gc,cpu         ] GC(111) User=0.00s Sys=0.00s Real=0.00s
[18.685s][info][gc,start       ] GC(112) Pause Young (Allocation Failure)
[18.687s][info][gc,heap        ] GC(112) PSYoungGen: 315488K(330240K)->2480K(331264K) Eden: 313856K(313856K)->0K(316928K) From: 1632K(16384K)->2480K(14336K)
[18.687s][info][gc,heap        ] GC(112) ParOldGen: 59718K(699392K)->60118K(699392K)
[18.687s][info][gc,metaspace   ] GC(112) Metaspace: 8599K(8832K)->8599K(8832K) NonClass: 7445K(7552K)->7445K(7552K) Class: 1153K(1280K)->1153K(1280K)
[18.687s][info][gc             ] GC(112) Pause Young (Allocation Failure) 366M->61M(1006M) 1.882ms
[18.687s][info][gc,cpu         ] GC(112) User=0.00s Sys=0.00s Real=0.00s
[18.837s][info][gc,start       ] GC(113) Pause Young (Allocation Failure)
[18.839s][info][gc,heap        ] GC(113) PSYoungGen: 319408K(331264K)->1968K(332288K) Eden: 316928K(316928K)->0K(316928K) From: 2480K(14336K)->1968K(15360K)
[18.839s][info][gc,heap        ] GC(113) ParOldGen: 60118K(699392K)->61550K(699392K)
[18.839s][info][gc,metaspace   ] GC(113) Metaspace: 8599K(8832K)->8599K(8832K) NonClass: 7445K(7552K)->7445K(7552K) Class: 1153K(1280K)->1153K(1280K)
[18.839s][info][gc             ] GC(113) Pause Young (Allocation Failure) 370M->62M(1007M) 2.196ms
[18.839s][info][gc,cpu         ] GC(113) User=0.00s Sys=0.00s Real=0.00s
[19.068s][info][gc,start       ] GC(114) Pause Young (Allocation Failure)
[19.086s][info][gc,heap        ] GC(114) PSYoungGen: 318896K(332288K)->14816K(311808K) Eden: 316928K(316928K)->0K(296960K) From: 1968K(15360K)->14816K(14848K)
[19.086s][info][gc,heap        ] GC(114) ParOldGen: 61550K(699392K)->84774K(699392K)
[19.086s][info][gc,metaspace   ] GC(114) Metaspace: 8599K(8832K)->8599K(8832K) NonClass: 7445K(7552K)->7445K(7552K) Class: 1153K(1280K)->1153K(1280K)
[19.086s][info][gc             ] GC(114) Pause Young (Allocation Failure) 371M->97M(987M) 18.607ms
[19.086s][info][gc,cpu         ] GC(114) User=0.38s Sys=0.00s Real=0.02s
[19.367s][info][gc,start       ] GC(115) Pause Young (System.gc())
[19.382s][info][gc,heap        ] GC(115) PSYoungGen: 86079K(311808K)->18848K(315904K) Eden: 71263K(296960K)->0K(296960K) From: 14816K(14848K)->18848K(18944K)
[19.382s][info][gc,heap        ] GC(115) ParOldGen: 84774K(699392K)->97942K(699392K)
[19.382s][info][gc,metaspace   ] GC(115) Metaspace: 8599K(8832K)->8599K(8832K) NonClass: 7446K(7552K)->7446K(7552K) Class: 1153K(1280K)->1153K(1280K)
[19.382s][info][gc             ] GC(115) Pause Young (System.gc()) 166M->114M(991M) 14.424ms
[19.382s][info][gc,cpu         ] GC(115) User=0.36s Sys=0.00s Real=0.02s
[19.382s][info][gc,start       ] GC(116) Pause Full (System.gc())
[19.382s][info][gc,phases,start] GC(116) Marking Phase
[19.389s][info][gc,phases      ] GC(116) Marking Phase 7.160ms
[19.389s][info][gc,phases,start] GC(116) Summary Phase
[19.389s][info][gc,phases      ] GC(116) Summary Phase 0.021ms
[19.389s][info][gc,phases,start] GC(116) Adjust Roots
[19.390s][info][gc,phases      ] GC(116) Adjust Roots 1.254ms
[19.390s][info][gc,phases,start] GC(116) Compaction Phase
[19.392s][info][gc,phases      ] GC(116) Compaction Phase 1.903ms
[19.392s][info][gc,phases,start] GC(116) Post Compact
[19.393s][info][gc,phases      ] GC(116) Post Compact 0.778ms
[19.393s][info][gc,heap        ] GC(116) PSYoungGen: 18848K(315904K)->0K(315904K) Eden: 0K(296960K)->0K(296960K) From: 18848K(18944K)->0K(18944K)
[19.393s][info][gc,heap        ] GC(116) ParOldGen: 97942K(699392K)->3526K(699392K)
[19.393s][info][gc,metaspace   ] GC(116) Metaspace: 8599K(8832K)->8599K(8832K) NonClass: 7446K(7552K)->7446K(7552K) Class: 1153K(1280K)->1153K(1280K)
[19.393s][info][gc             ] GC(116) Pause Full (System.gc()) 114M->3M(991M) 11.296ms
[19.393s][info][gc,cpu         ] GC(116) User=0.00s Sys=0.00s Real=0.00s
[19.527s][info][gc,start       ] GC(117) Pause Young (Allocation Failure)
[19.529s][info][gc,heap        ] GC(117) PSYoungGen: 296960K(315904K)->1280K(321536K) Eden: 296960K(296960K)->0K(292864K) From: 0K(18944K)->1280K(28672K)
[19.529s][info][gc,heap        ] GC(117) ParOldGen: 3526K(699392K)->3526K(699392K)
[19.529s][info][gc,metaspace   ] GC(117) Metaspace: 8600K(8832K)->8600K(8832K) NonClass: 7446K(7552K)->7446K(7552K) Class: 1153K(1280K)->1153K(1280K)
[19.529s][info][gc             ] GC(117) Pause Young (Allocation Failure) 293M->4M(997M) 1.991ms
[19.529s][info][gc,cpu         ] GC(117) User=0.00s Sys=0.00s Real=0.00s
[19.667s][info][gc,start       ] GC(118) Pause Young (Allocation Failure)
[19.669s][info][gc,heap        ] GC(118) PSYoungGen: 294144K(321536K)->2112K(295424K) Eden: 292864K(292864K)->0K(292864K) From: 1280K(28672K)->2112K(2560K)
[19.669s][info][gc,heap        ] GC(118) ParOldGen: 3526K(699392K)->3918K(699392K)
[19.669s][info][gc,metaspace   ] GC(118) Metaspace: 8600K(8832K)->8600K(8832K) NonClass: 7446K(7552K)->7446K(7552K) Class: 1153K(1280K)->1153K(1280K)
[19.669s][info][gc             ] GC(118) Pause Young (Allocation Failure) 290M->5M(971M) 2.641ms
[19.669s][info][gc,cpu         ] GC(118) User=0.00s Sys=0.00s Real=0.00s
[19.806s][info][gc,start       ] GC(119) Pause Young (Allocation Failure)
[19.808s][info][gc,heap        ] GC(119) PSYoungGen: 294976K(295424K)->1568K(320000K) Eden: 292864K(292864K)->0K(293376K) From: 2112K(2560K)->1568K(26624K)
[19.808s][info][gc,heap        ] GC(119) ParOldGen: 3918K(699392K)->5358K(699392K)
[19.808s][info][gc,metaspace   ] GC(119) Metaspace: 8600K(8832K)->8600K(8832K) NonClass: 7446K(7552K)->7446K(7552K) Class: 1153K(1280K)->1153K(1280K)
[19.808s][info][gc             ] GC(119) Pause Young (Allocation Failure) 291M->6M(995M) 1.984ms
[19.808s][info][gc,cpu         ] GC(119) User=0.00s Sys=0.00s Real=0.00s
[19.940s][info][gc,start       ] GC(120) Pause Young (Allocation Failure)
[19.944s][info][gc,heap        ] GC(120) PSYoungGen: 294944K(320000K)->1504K(319488K) Eden: 293376K(293376K)->0K(293376K) From: 1568K(26624K)->1504K(26112K)
[19.944s][info][gc,heap        ] GC(120) ParOldGen: 5358K(699392K)->6678K(699392K)
[19.944s][info][gc,metaspace   ] GC(120) Metaspace: 8600K(8832K)->8600K(8832K) NonClass: 7446K(7552K)->7446K(7552K) Class: 1153K(1280K)->1153K(1280K)
[19.944s][info][gc             ] GC(120) Pause Young (Allocation Failure) 293M->7M(995M) 3.467ms
[19.944s][info][gc,cpu         ] GC(120) User=0.00s Sys=0.00s Real=0.00s
[20.101s][info][gc,start       ] GC(121) Pause Young (Allocation Failure)
[20.106s][info][gc,heap        ] GC(121) PSYoungGen: 294880K(319488K)->9568K(322048K) Eden: 293376K(293376K)->0K(297472K) From: 1504K(26112K)->9568K(24576K)
[20.106s][info][gc,heap        ] GC(121) ParOldGen: 6678K(699392K)->7686K(699392K)
[20.106s][info][gc,metaspace   ] GC(121) Metaspace: 8600K(8832K)->8600K(8832K) NonClass: 7446K(7552K)->7446K(7552K) Class: 1153K(1280K)->1153K(1280K)
[20.106s][info][gc             ] GC(121) Pause Young (Allocation Failure) 294M->16M(997M) 4.640ms
[20.106s][info][gc,cpu         ] GC(121) User=0.00s Sys=0.00s Real=0.00s
[20.246s][info][gc,start       ] GC(122) Pause Young (Allocation Failure)
[20.251s][info][gc,heap        ] GC(122) PSYoungGen: 307040K(322048K)->1792K(321536K) Eden: 297472K(297472K)->0K(297472K) From: 9568K(24576K)->1792K(24064K)
[20.251s][info][gc,heap        ] GC(122) ParOldGen: 7686K(699392K)->16662K(699392K)
[20.252s][info][gc,metaspace   ] GC(122) Metaspace: 8600K(8832K)->8600K(8832K) NonClass: 7446K(7552K)->7446K(7552K) Class: 1153K(1280K)->1153K(1280K)
[20.252s][info][gc             ] GC(122) Pause Young (Allocation Failure) 307M->18M(997M) 5.623ms
[20.252s][info][gc,cpu         ] GC(122) User=0.00s Sys=0.00s Real=0.00s
[20.399s][info][gc,start       ] GC(123) Pause Young (Allocation Failure)
[20.401s][info][gc,heap        ] GC(123) PSYoungGen: 299264K(321536K)->1600K(324096K) Eden: 297472K(297472K)->0K(301568K) From: 1792K(24064K)->1600K(22528K)
[20.401s][info][gc,heap        ] GC(123) ParOldGen: 16662K(699392K)->18102K(699392K)
[20.401s][info][gc,metaspace   ] GC(123) Metaspace: 8600K(8832K)->8600K(8832K) NonClass: 7446K(7552K)->7446K(7552K) Class: 1153K(1280K)->1153K(1280K)
[20.401s][info][gc             ] GC(123) Pause Young (Allocation Failure) 308M->19M(999M) 1.971ms
[20.401s][info][gc,cpu         ] GC(123) User=0.00s Sys=0.00s Real=0.00s
[20.558s][info][gc,start       ] GC(124) Pause Young (Allocation Failure)
[20.561s][info][gc,heap        ] GC(124) PSYoungGen: 303168K(324096K)->5184K(324096K) Eden: 301568K(301568K)->0K(301568K) From: 1600K(22528K)->5184K(22528K)
[20.562s][info][gc,heap        ] GC(124) ParOldGen: 18102K(699392K)->19134K(699392K)
[20.562s][info][gc,metaspace   ] GC(124) Metaspace: 8600K(8832K)->8600K(8832K) NonClass: 7446K(7552K)->7446K(7552K) Class: 1153K(1280K)->1153K(1280K)
[20.562s][info][gc             ] GC(124) Pause Young (Allocation Failure) 313M->23M(999M) 3.746ms
[20.562s][info][gc,cpu         ] GC(124) User=0.00s Sys=0.00s Real=0.00s
[20.725s][info][gc,start       ] GC(125) Pause Young (Allocation Failure)
[20.730s][info][gc,heap        ] GC(125) PSYoungGen: 306752K(324096K)->6624K(325632K) Eden: 301568K(301568K)->0K(305152K) From: 5184K(22528K)->6624K(20480K)
[20.730s][info][gc,heap        ] GC(125) ParOldGen: 19134K(699392K)->23206K(699392K)
[20.731s][info][gc,metaspace   ] GC(125) Metaspace: 8600K(8832K)->8600K(8832K) NonClass: 7446K(7552K)->7446K(7552K) Class: 1153K(1280K)->1153K(1280K)
[20.731s][info][gc             ] GC(125) Pause Young (Allocation Failure) 318M->29M(1001M) 5.085ms
[20.731s][info][gc,cpu         ] GC(125) User=0.00s Sys=0.00s Real=0.00s
[20.869s][info][gc,start       ] GC(126) Pause Young (Allocation Failure)
[20.873s][info][gc,heap        ] GC(126) PSYoungGen: 311776K(325632K)->1568K(325120K) Eden: 305152K(305152K)->0K(305152K) From: 6624K(20480K)->1568K(19968K)
[20.873s][info][gc,heap        ] GC(126) ParOldGen: 23206K(699392K)->29366K(699392K)
[20.874s][info][gc,metaspace   ] GC(126) Metaspace: 8600K(8832K)->8600K(8832K) NonClass: 7446K(7552K)->7446K(7552K) Class: 1153K(1280K)->1153K(1280K)
[20.874s][info][gc             ] GC(126) Pause Young (Allocation Failure) 327M->30M(1000M) 4.614ms
[20.874s][info][gc,cpu         ] GC(126) User=0.00s Sys=0.00s Real=0.00s
[21.018s][info][gc,start       ] GC(127) Pause Young (Allocation Failure)
[21.020s][info][gc,heap        ] GC(127) PSYoungGen: 306720K(325120K)->5344K(328192K) Eden: 305152K(305152K)->0K(309760K) From: 1568K(19968K)->5344K(18432K)
[21.020s][info][gc,heap        ] GC(127) ParOldGen: 29366K(699392K)->30406K(699392K)
[21.021s][info][gc,metaspace   ] GC(127) Metaspace: 8600K(8832K)->8600K(8832K) NonClass: 7446K(7552K)->7446K(7552K) Class: 1153K(1280K)->1153K(1280K)
[21.021s][info][gc             ] GC(127) Pause Young (Allocation Failure) 328M->34M(1003M) 2.869ms
[21.021s][info][gc,cpu         ] GC(127) User=0.00s Sys=0.00s Real=0.00s
[21.167s][info][gc,start       ] GC(128) Pause Young (Allocation Failure)
[21.171s][info][gc,heap        ] GC(128) PSYoungGen: 315104K(328192K)->2224K(327680K) Eden: 309760K(309760K)->0K(309760K) From: 5344K(18432K)->2224K(17920K)
[21.171s][info][gc,heap        ] GC(128) ParOldGen: 30406K(699392K)->34606K(699392K)
[21.171s][info][gc,metaspace   ] GC(128) Metaspace: 8600K(8832K)->8600K(8832K) NonClass: 7446K(7552K)->7446K(7552K) Class: 1153K(1280K)->1153K(1280K)
[21.171s][info][gc             ] GC(128) Pause Young (Allocation Failure) 337M->35M(1003M) 3.400ms
[21.171s][info][gc,cpu         ] GC(128) User=0.13s Sys=0.00s Real=0.00s
[21.348s][info][gc,start       ] GC(129) Pause Young (Allocation Failure)
[21.356s][info][gc,heap        ] GC(129) PSYoungGen: 311984K(327680K)->15328K(327168K) Eden: 309760K(309760K)->0K(310272K) From: 2224K(17920K)->15328K(16896K)
[21.356s][info][gc,heap        ] GC(129) ParOldGen: 34606K(699392K)->35886K(699392K)
[21.356s][info][gc,metaspace   ] GC(129) Metaspace: 8600K(8832K)->8600K(8832K) NonClass: 7446K(7552K)->7446K(7552K) Class: 1153K(1280K)->1153K(1280K)
[21.356s][info][gc             ] GC(129) Pause Young (Allocation Failure) 338M->50M(1002M) 8.111ms
[21.356s][info][gc,cpu         ] GC(129) User=0.00s Sys=0.00s Real=0.01s
[21.495s][info][gc,start       ] GC(130) Pause Young (Allocation Failure)
[21.505s][info][gc,heap        ] GC(130) PSYoungGen: 325600K(327168K)->1824K(329728K) Eden: 310272K(310272K)->0K(310272K) From: 15328K(16896K)->1824K(19456K)
[21.505s][info][gc,heap        ] GC(130) ParOldGen: 35886K(699392K)->50654K(699392K)
[21.505s][info][gc,metaspace   ] GC(130) Metaspace: 8600K(8832K)->8600K(8832K) NonClass: 7446K(7552K)->7446K(7552K) Class: 1153K(1280K)->1153K(1280K)
[21.505s][info][gc             ] GC(130) Pause Young (Allocation Failure) 353M->51M(1005M) 9.445ms
[21.505s][info][gc,cpu         ] GC(130) User=0.00s Sys=0.00s Real=0.00s
[21.675s][info][gc,start       ] GC(131) Pause Young (Allocation Failure)
[21.677s][info][gc,heap        ] GC(131) PSYoungGen: 312096K(329728K)->2592K(328192K) Eden: 310272K(310272K)->0K(310784K) From: 1824K(19456K)->2592K(17408K)
[21.677s][info][gc,heap        ] GC(131) ParOldGen: 50654K(699392K)->51062K(699392K)
[21.677s][info][gc,metaspace   ] GC(131) Metaspace: 8600K(8832K)->8600K(8832K) NonClass: 7446K(7552K)->7446K(7552K) Class: 1153K(1280K)->1153K(1280K)
[21.677s][info][gc             ] GC(131) Pause Young (Allocation Failure) 354M->52M(1003M) 1.979ms
[21.677s][info][gc,cpu         ] GC(131) User=0.00s Sys=0.00s Real=0.00s
[21.824s][info][gc,start       ] GC(132) Pause Young (Allocation Failure)
[21.827s][info][gc,heap        ] GC(132) PSYoungGen: 313376K(328192K)->2224K(329216K) Eden: 310784K(310784K)->0K(310784K) From: 2592K(17408K)->2224K(18432K)
[21.827s][info][gc,heap        ] GC(132) ParOldGen: 51062K(699392K)->52518K(699392K)
[21.827s][info][gc,metaspace   ] GC(132) Metaspace: 8600K(8832K)->8600K(8832K) NonClass: 7446K(7552K)->7446K(7552K) Class: 1153K(1280K)->1153K(1280K)
[21.827s][info][gc             ] GC(132) Pause Young (Allocation Failure) 355M->53M(1004M) 2.219ms
[21.827s][info][gc,cpu         ] GC(132) User=0.00s Sys=0.00s Real=0.00s
[21.984s][info][gc,start       ] GC(133) Pause Young (Allocation Failure)
[21.988s][info][gc,heap        ] GC(133) PSYoungGen: 313008K(329216K)->6304K(329728K) Eden: 310784K(310784K)->0K(313344K) From: 2224K(18432K)->6304K(16384K)
[21.988s][info][gc,heap        ] GC(133) ParOldGen: 52518K(699392K)->53838K(699392K)
[21.988s][info][gc,metaspace   ] GC(133) Metaspace: 8600K(8832K)->8600K(8832K) NonClass: 7446K(7552K)->7446K(7552K) Class: 1153K(1280K)->1153K(1280K)
[21.988s][info][gc             ] GC(133) Pause Young (Allocation Failure) 356M->58M(1005M) 4.185ms
[21.988s][info][gc,cpu         ] GC(133) User=0.00s Sys=0.00s Real=0.00s
[22.128s][info][gc,start       ] GC(134) Pause Young (Allocation Failure)
[22.133s][info][gc,heap        ] GC(134) PSYoungGen: 319648K(329728K)->1696K(330240K) Eden: 313344K(313344K)->0K(313344K) From: 6304K(16384K)->1696K(16896K)
[22.133s][info][gc,heap        ] GC(134) ParOldGen: 53838K(699392K)->59678K(699392K)
[22.133s][info][gc,metaspace   ] GC(134) Metaspace: 8600K(8832K)->8600K(8832K) NonClass: 7446K(7552K)->7446K(7552K) Class: 1153K(1280K)->1153K(1280K)
[22.133s][info][gc             ] GC(134) Pause Young (Allocation Failure) 364M->59M(1005M) 4.764ms
[22.133s][info][gc,cpu         ] GC(134) User=0.00s Sys=0.00s Real=0.00s
[22.326s][info][gc,start       ] GC(135) Pause Young (Allocation Failure)
[22.328s][info][gc,heap        ] GC(135) PSYoungGen: 315040K(330240K)->2560K(330240K) Eden: 313344K(313344K)->0K(315904K) From: 1696K(16896K)->2560K(14336K)
[22.328s][info][gc,heap        ] GC(135) ParOldGen: 59678K(699392K)->60086K(699392K)
[22.328s][info][gc,metaspace   ] GC(135) Metaspace: 8600K(8832K)->8600K(8832K) NonClass: 7446K(7552K)->7446K(7552K) Class: 1153K(1280K)->1153K(1280K)
[22.328s][info][gc             ] GC(135) Pause Young (Allocation Failure) 365M->61M(1005M) 2.104ms
[22.329s][info][gc,cpu         ] GC(135) User=0.00s Sys=0.00s Real=0.00s
[22.492s][info][gc,start       ] GC(136) Pause Young (Allocation Failure)
[22.494s][info][gc,heap        ] GC(136) PSYoungGen: 318464K(330240K)->2064K(331264K) Eden: 315904K(315904K)->0K(315904K) From: 2560K(14336K)->2064K(15360K)
[22.494s][info][gc,heap        ] GC(136) ParOldGen: 60086K(699392K)->61502K(699392K)
[22.494s][info][gc,metaspace   ] GC(136) Metaspace: 8600K(8832K)->8600K(8832K) NonClass: 7446K(7552K)->7446K(7552K) Class: 1153K(1280K)->1153K(1280K)
[22.495s][info][gc             ] GC(136) Pause Young (Allocation Failure) 369M->62M(1006M) 2.368ms
[22.495s][info][gc,cpu         ] GC(136) User=0.00s Sys=0.00s Real=0.00s
[22.750s][info][gc,start       ] GC(137) Pause Young (Allocation Failure)
[22.772s][info][gc,heap        ] GC(137) PSYoungGen: 317968K(331264K)->14816K(305664K) Eden: 315904K(315904K)->0K(290816K) From: 2064K(15360K)->14816K(14848K)
[22.772s][info][gc,heap        ] GC(137) ParOldGen: 61502K(699392K)->92542K(699392K)
[22.772s][info][gc,metaspace   ] GC(137) Metaspace: 8600K(8832K)->8600K(8832K) NonClass: 7446K(7552K)->7446K(7552K) Class: 1153K(1280K)->1153K(1280K)
[22.772s][info][gc             ] GC(137) Pause Young (Allocation Failure) 370M->104M(981M) 21.892ms
[22.772s][info][gc,cpu         ] GC(137) User=0.38s Sys=0.00s Real=0.01s
[23.016s][info][gc,start       ] GC(138) Pause Young (System.gc())
[23.029s][info][gc,heap        ] GC(138) PSYoungGen: 72974K(305664K)->9536K(320000K) Eden: 58157K(290816K)->0K(290816K) From: 14816K(14848K)->9536K(29184K)
[23.029s][info][gc,heap        ] GC(138) ParOldGen: 92542K(699392K)->106110K(699392K)
[23.029s][info][gc,metaspace   ] GC(138) Metaspace: 8600K(8832K)->8600K(8832K) NonClass: 7446K(7552K)->7446K(7552K) Class: 1153K(1280K)->1153K(1280K)
[23.029s][info][gc             ] GC(138) Pause Young (System.gc()) 161M->112M(995M) 13.346ms
[23.029s][info][gc,cpu         ] GC(138) User=0.36s Sys=0.00s Real=0.02s
[23.030s][info][gc,start       ] GC(139) Pause Full (System.gc())
[23.030s][info][gc,phases,start] GC(139) Marking Phase
[23.037s][info][gc,phases      ] GC(139) Marking Phase 7.334ms
[23.037s][info][gc,phases,start] GC(139) Summary Phase
[23.037s][info][gc,phases      ] GC(139) Summary Phase 0.021ms
[23.037s][info][gc,phases,start] GC(139) Adjust Roots
[23.038s][info][gc,phases      ] GC(139) Adjust Roots 1.281ms
[23.038s][info][gc,phases,start] GC(139) Compaction Phase
[23.040s][info][gc,phases      ] GC(139) Compaction Phase 2.037ms
[23.040s][info][gc,phases,start] GC(139) Post Compact
[23.041s][info][gc,phases      ] GC(139) Post Compact 0.935ms
[23.041s][info][gc,heap        ] GC(139) PSYoungGen: 9536K(320000K)->0K(320000K) Eden: 0K(290816K)->0K(290816K) From: 9536K(29184K)->0K(29184K)
[23.041s][info][gc,heap        ] GC(139) ParOldGen: 106110K(699392K)->3526K(699392K)
[23.041s][info][gc,metaspace   ] GC(139) Metaspace: 8600K(8832K)->8600K(8832K) NonClass: 7446K(7552K)->7446K(7552K) Class: 1153K(1280K)->1153K(1280K)
[23.041s][info][gc             ] GC(139) Pause Full (System.gc()) 112M->3M(995M) 11.834ms
[23.041s][info][gc,cpu         ] GC(139) User=0.02s Sys=0.00s Real=0.02s
[23.172s][info][gc,start       ] GC(140) Pause Young (Allocation Failure)
[23.173s][info][gc,heap        ] GC(140) PSYoungGen: 290816K(320000K)->1568K(316416K) Eden: 290816K(290816K)->0K(292352K) From: 0K(29184K)->1568K(24064K)
[23.174s][info][gc,heap        ] GC(140) ParOldGen: 3526K(699392K)->3526K(699392K)
[23.174s][info][gc,metaspace   ] GC(140) Metaspace: 8600K(8832K)->8600K(8832K) NonClass: 7446K(7552K)->7446K(7552K) Class: 1153K(1280K)->1153K(1280K)
[23.174s][info][gc             ] GC(140) Pause Young (Allocation Failure) 287M->4M(992M) 1.991ms
[23.174s][info][gc,cpu         ] GC(140) User=0.00s Sys=0.00s Real=0.00s
[23.311s][info][gc,start       ] GC(141) Pause Young (Allocation Failure)
[23.313s][info][gc,heap        ] GC(141) PSYoungGen: 293920K(316416K)->2016K(318976K) Eden: 292352K(292352K)->0K(292352K) From: 1568K(24064K)->2016K(26624K)
[23.313s][info][gc,heap        ] GC(141) ParOldGen: 3526K(699392K)->3918K(699392K)
[23.313s][info][gc,metaspace   ] GC(141) Metaspace: 8600K(8832K)->8600K(8832K) NonClass: 7446K(7552K)->7446K(7552K) Class: 1153K(1280K)->1153K(1280K)
[23.313s][info][gc             ] GC(141) Pause Young (Allocation Failure) 290M->5M(994M) 1.871ms
[23.313s][info][gc,cpu         ] GC(141) User=0.00s Sys=0.00s Real=0.00s
[23.451s][info][gc,start       ] GC(142) Pause Young (Allocation Failure)
[23.453s][info][gc,heap        ] GC(142) PSYoungGen: 294368K(318976K)->1600K(320000K) Eden: 292352K(292352K)->0K(296448K) From: 2016K(26624K)->1600K(23552K)
[23.453s][info][gc,heap        ] GC(142) ParOldGen: 3918K(699392K)->5358K(699392K)
[23.453s][info][gc,metaspace   ] GC(142) Metaspace: 8600K(8832K)->8600K(8832K) NonClass: 7446K(7552K)->7446K(7552K) Class: 1153K(1280K)->1153K(1280K)
[23.453s][info][gc             ] GC(142) Pause Young (Allocation Failure) 291M->6M(995M) 1.946ms
[23.453s][info][gc,cpu         ] GC(142) User=0.36s Sys=0.00s Real=0.00s
[23.586s][info][gc,start       ] GC(143) Pause Young (Allocation Failure)
[23.590s][info][gc,heap        ] GC(143) PSYoungGen: 298048K(320000K)->1536K(321536K) Eden: 296448K(296448K)->0K(296448K) From: 1600K(23552K)->1536K(25088K)
[23.590s][info][gc,heap        ] GC(143) ParOldGen: 5358K(699392K)->6670K(699392K)
[23.590s][info][gc,metaspace   ] GC(143) Metaspace: 8600K(8832K)->8600K(8832K) NonClass: 7446K(7552K)->7446K(7552K) Class: 1153K(1280K)->1153K(1280K)
[23.590s][info][gc             ] GC(143) Pause Young (Allocation Failure) 296M->8M(997M) 3.409ms
[23.590s][info][gc,cpu         ] GC(143) User=0.00s Sys=0.00s Real=0.00s
[23.738s][info][gc,start       ] GC(144) Pause Young (Allocation Failure)
[23.742s][info][gc,heap        ] GC(144) PSYoungGen: 297984K(321536K)->9600K(322560K) Eden: 296448K(296448K)->0K(300032K) From: 1536K(25088K)->9600K(22528K)
[23.742s][info][gc,heap        ] GC(144) ParOldGen: 6670K(699392K)->7702K(699392K)
[23.742s][info][gc,metaspace   ] GC(144) Metaspace: 8600K(8832K)->8600K(8832K) NonClass: 7446K(7552K)->7446K(7552K) Class: 1153K(1280K)->1153K(1280K)
[23.742s][info][gc             ] GC(144) Pause Young (Allocation Failure) 297M->16M(998M) 4.536ms
[23.742s][info][gc,cpu         ] GC(144) User=0.00s Sys=0.00s Real=0.00s
[23.883s][info][gc,start       ] GC(145) Pause Young (Allocation Failure)
[23.889s][info][gc,heap        ] GC(145) PSYoungGen: 309632K(322560K)->1760K(323584K) Eden: 300032K(300032K)->0K(300032K) From: 9600K(22528K)->1760K(23552K)
[23.889s][info][gc,heap        ] GC(145) ParOldGen: 7702K(699392K)->16678K(699392K)
[23.889s][info][gc,metaspace   ] GC(145) Metaspace: 8600K(8832K)->8600K(8832K) NonClass: 7446K(7552K)->7446K(7552K) Class: 1153K(1280K)->1153K(1280K)
[23.889s][info][gc             ] GC(145) Pause Young (Allocation Failure) 309M->18M(999M) 5.414ms
[23.889s][info][gc,cpu         ] GC(145) User=0.36s Sys=0.00s Real=0.02s
[24.023s][info][gc,start       ] GC(146) Pause Young (Allocation Failure)
[24.025s][info][gc,heap        ] GC(146) PSYoungGen: 301792K(323584K)->1632K(323072K) Eden: 300032K(300032K)->0K(302592K) From: 1760K(23552K)->1632K(20480K)
[24.025s][info][gc,heap        ] GC(146) ParOldGen: 16678K(699392K)->18134K(699392K)
[24.025s][info][gc,metaspace   ] GC(146) Metaspace: 8600K(8832K)->8600K(8832K) NonClass: 7446K(7552K)->7446K(7552K) Class: 1153K(1280K)->1153K(1280K)
[24.025s][info][gc             ] GC(146) Pause Young (Allocation Failure) 311M->19M(998M) 2.165ms
[24.025s][info][gc,cpu         ] GC(146) User=0.00s Sys=0.00s Real=0.00s
[24.166s][info][gc,start       ] GC(147) Pause Young (Allocation Failure)
[24.172s][info][gc,heap        ] GC(147) PSYoungGen: 304224K(323072K)->5152K(324608K) Eden: 302592K(302592K)->0K(302592K) From: 1632K(20480K)->5152K(22016K)
[24.172s][info][gc,heap        ] GC(147) ParOldGen: 18134K(699392K)->19166K(699392K)
[24.172s][info][gc,metaspace   ] GC(147) Metaspace: 8600K(8832K)->8600K(8832K) NonClass: 7446K(7552K)->7446K(7552K) Class: 1153K(1280K)->1153K(1280K)
[24.172s][info][gc             ] GC(147) Pause Young (Allocation Failure) 314M->23M(1000M) 5.893ms
[24.172s][info][gc,cpu         ] GC(147) User=0.38s Sys=0.00s Real=0.01s
[24.323s][info][gc,start       ] GC(148) Pause Young (Allocation Failure)
[24.328s][info][gc,heap        ] GC(148) PSYoungGen: 307744K(324608K)->6576K(325120K) Eden: 302592K(302592K)->0K(306688K) From: 5152K(22016K)->6576K(18432K)
[24.328s][info][gc,heap        ] GC(148) ParOldGen: 19166K(699392K)->23246K(699392K)
[24.328s][info][gc,metaspace   ] GC(148) Metaspace: 8600K(8832K)->8600K(8832K) NonClass: 7446K(7552K)->7446K(7552K) Class: 1153K(1280K)->1153K(1280K)
[24.328s][info][gc             ] GC(148) Pause Young (Allocation Failure) 319M->29M(1000M) 5.136ms
[24.328s][info][gc,cpu         ] GC(148) User=0.38s Sys=0.00s Real=0.02s
[24.466s][info][gc,start       ] GC(149) Pause Young (Allocation Failure)
[24.470s][info][gc,heap        ] GC(149) PSYoungGen: 313264K(325120K)->1632K(326144K) Eden: 306688K(306688K)->0K(306688K) From: 6576K(18432K)->1632K(19456K)
[24.470s][info][gc,heap        ] GC(149) ParOldGen: 23246K(699392K)->29406K(699392K)
[24.470s][info][gc,metaspace   ] GC(149) Metaspace: 8600K(8832K)->8600K(8832K) NonClass: 7446K(7552K)->7446K(7552K) Class: 1153K(1280K)->1153K(1280K)
[24.470s][info][gc             ] GC(149) Pause Young (Allocation Failure) 328M->30M(1001M) 4.574ms
[24.470s][info][gc,cpu         ] GC(149) User=0.38s Sys=0.00s Real=0.02s
[24.615s][info][gc,start       ] GC(150) Pause Young (Allocation Failure)
[24.618s][info][gc,heap        ] GC(150) PSYoungGen: 308320K(326144K)->5408K(327680K) Eden: 306688K(306688K)->0K(311296K) From: 1632K(19456K)->5408K(16384K)
[24.618s][info][gc,heap        ] GC(150) ParOldGen: 29406K(699392K)->30454K(699392K)
[24.618s][info][gc,metaspace   ] GC(150) Metaspace: 8600K(8832K)->8600K(8832K) NonClass: 7446K(7552K)->7446K(7552K) Class: 1153K(1280K)->1153K(1280K)
[24.618s][info][gc             ] GC(150) Pause Young (Allocation Failure) 329M->35M(1003M) 2.773ms
[24.618s][info][gc,cpu         ] GC(150) User=0.00s Sys=0.00s Real=0.00s
[24.765s][info][gc,start       ] GC(151) Pause Young (Allocation Failure)
[24.768s][info][gc,heap        ] GC(151) PSYoungGen: 316704K(327680K)->2256K(328704K) Eden: 311296K(311296K)->0K(311296K) From: 5408K(16384K)->2256K(17408K)
[24.768s][info][gc,heap        ] GC(151) ParOldGen: 30454K(699392K)->34678K(699392K)
[24.768s][info][gc,metaspace   ] GC(151) Metaspace: 8600K(8832K)->8600K(8832K) NonClass: 7446K(7552K)->7446K(7552K) Class: 1153K(1280K)->1153K(1280K)
[24.768s][info][gc             ] GC(151) Pause Young (Allocation Failure) 339M->36M(1004M) 3.383ms
[24.768s][info][gc,cpu         ] GC(151) User=0.00s Sys=0.00s Real=0.00s
[24.959s][info][gc,start       ] GC(152) Pause Young (Allocation Failure)
[24.967s][info][gc,heap        ] GC(152) PSYoungGen: 313552K(328704K)->15360K(327168K) Eden: 311296K(311296K)->0K(310272K) From: 2256K(17408K)->15360K(16896K)
[24.967s][info][gc,heap        ] GC(152) ParOldGen: 34678K(699392K)->35998K(699392K)
[24.967s][info][gc,metaspace   ] GC(152) Metaspace: 8600K(8832K)->8600K(8832K) NonClass: 7446K(7552K)->7446K(7552K) Class: 1153K(1280K)->1153K(1280K)
[24.967s][info][gc             ] GC(152) Pause Young (Allocation Failure) 340M->50M(1002M) 8.177ms
[24.967s][info][gc,cpu         ] GC(152) User=0.00s Sys=0.00s Real=0.00s
[25.133s][info][gc,start       ] GC(153) Pause Young (Allocation Failure)
[25.142s][info][gc,heap        ] GC(153) PSYoungGen: 325632K(327168K)->1824K(329728K) Eden: 310272K(310272K)->0K(310272K) From: 15360K(16896K)->1824K(19456K)
[25.143s][info][gc,heap        ] GC(153) ParOldGen: 35998K(699392K)->50774K(699392K)
[25.143s][info][gc,metaspace   ] GC(153) Metaspace: 8600K(8832K)->8600K(8832K) NonClass: 7446K(7552K)->7446K(7552K) Class: 1153K(1280K)->1153K(1280K)
[25.143s][info][gc             ] GC(153) Pause Young (Allocation Failure) 353M->51M(1005M) 9.570ms
[25.143s][info][gc,cpu         ] GC(153) User=0.38s Sys=0.00s Real=0.01s
[25.315s][info][gc,start       ] GC(154) Pause Young (Allocation Failure)
[25.317s][info][gc,heap        ] GC(154) PSYoungGen: 312096K(329728K)->2592K(327168K) Eden: 310272K(310272K)->0K(310784K) From: 1824K(19456K)->2592K(16384K)
[25.317s][info][gc,heap        ] GC(154) ParOldGen: 50774K(699392K)->51198K(699392K)
[25.317s][info][gc,metaspace   ] GC(154) Metaspace: 8600K(8832K)->8600K(8832K) NonClass: 7446K(7552K)->7446K(7552K) Class: 1153K(1280K)->1153K(1280K)
[25.317s][info][gc             ] GC(154) Pause Young (Allocation Failure) 354M->52M(1002M) 1.966ms
[25.317s][info][gc,cpu         ] GC(154) User=0.00s Sys=0.00s Real=0.00s
[25.477s][info][gc,start       ] GC(155) Pause Young (Allocation Failure)
[25.479s][info][gc,heap        ] GC(155) PSYoungGen: 313376K(327168K)->2192K(328704K) Eden: 310784K(310784K)->0K(310784K) From: 2592K(16384K)->2192K(17920K)
[25.479s][info][gc,heap        ] GC(155) ParOldGen: 51198K(699392K)->52630K(699392K)
[25.479s][info][gc,metaspace   ] GC(155) Metaspace: 8600K(8832K)->8600K(8832K) NonClass: 7446K(7552K)->7446K(7552K) Class: 1153K(1280K)->1153K(1280K)
[25.479s][info][gc             ] GC(155) Pause Young (Allocation Failure) 356M->53M(1004M) 2.425ms
[25.479s][info][gc,cpu         ] GC(155) User=0.00s Sys=0.00s Real=0.00s
[25.633s][info][gc,start       ] GC(156) Pause Young (Allocation Failure)
[25.637s][info][gc,heap        ] GC(156) PSYoungGen: 312976K(328704K)->6368K(328704K) Eden: 310784K(310784K)->0K(313856K) From: 2192K(17920K)->6368K(14848K)
[25.637s][info][gc,heap        ] GC(156) ParOldGen: 52630K(699392K)->53934K(699392K)
[25.637s][info][gc,metaspace   ] GC(156) Metaspace: 8600K(8832K)->8600K(8832K) NonClass: 7446K(7552K)->7446K(7552K) Class: 1153K(1280K)->1153K(1280K)
[25.637s][info][gc             ] GC(156) Pause Young (Allocation Failure) 357M->58M(1004M) 4.064ms
[25.638s][info][gc,cpu         ] GC(156) User=0.36s Sys=0.00s Real=0.01s
[25.795s][info][gc,start       ] GC(157) Pause Young (Allocation Failure)
[25.800s][info][gc,heap        ] GC(157) PSYoungGen: 320224K(328704K)->1760K(330240K) Eden: 313856K(313856K)->0K(313856K) From: 6368K(14848K)->1760K(16384K)
[25.800s][info][gc,heap        ] GC(157) ParOldGen: 53934K(699392K)->59790K(699392K)
[25.800s][info][gc,metaspace   ] GC(157) Metaspace: 8600K(8832K)->8600K(8832K) NonClass: 7446K(7552K)->7446K(7552K) Class: 1153K(1280K)->1153K(1280K)
[25.800s][info][gc             ] GC(157) Pause Young (Allocation Failure) 365M->60M(1005M) 4.547ms
[25.800s][info][gc,cpu         ] GC(157) User=0.00s Sys=0.00s Real=0.00s
[25.960s][info][gc,start       ] GC(158) Pause Young (Allocation Failure)
[25.962s][info][gc,heap        ] GC(158) PSYoungGen: 315616K(330240K)->2560K(331264K) Eden: 313856K(313856K)->0K(316928K) From: 1760K(16384K)->2560K(14336K)
[25.962s][info][gc,heap        ] GC(158) ParOldGen: 59790K(699392K)->60190K(699392K)
[25.962s][info][gc,metaspace   ] GC(158) Metaspace: 8600K(8832K)->8600K(8832K) NonClass: 7446K(7552K)->7446K(7552K) Class: 1153K(1280K)->1153K(1280K)
[25.962s][info][gc             ] GC(158) Pause Young (Allocation Failure) 366M->61M(1006M) 1.963ms
[25.962s][info][gc,cpu         ] GC(158) User=0.00s Sys=0.00s Real=0.00s
[26.111s][info][gc,start       ] GC(159) Pause Young (Allocation Failure)
[26.113s][info][gc,heap        ] GC(159) PSYoungGen: 319488K(331264K)->2160K(332288K) Eden: 316928K(316928K)->0K(316928K) From: 2560K(14336K)->2160K(15360K)
[26.113s][info][gc,heap        ] GC(159) ParOldGen: 60190K(699392K)->61630K(699392K)
[26.113s][info][gc,metaspace   ] GC(159) Metaspace: 8600K(8832K)->8600K(8832K) NonClass: 7446K(7552K)->7446K(7552K) Class: 1153K(1280K)->1153K(1280K)
[26.113s][info][gc             ] GC(159) Pause Young (Allocation Failure) 370M->62M(1007M) 2.212ms
[26.113s][info][gc,cpu         ] GC(159) User=0.38s Sys=0.00s Real=0.02s
[26.556s][info][gc,start       ] GC(160) Pause Young (Allocation Failure)
[26.578s][info][gc,heap        ] GC(160) PSYoungGen: 319088K(332288K)->14843K(300544K) Eden: 316928K(316928K)->0K(285696K) From: 2160K(15360K)->14843K(14848K)
[26.578s][info][gc,heap        ] GC(160) ParOldGen: 61630K(699392K)->99358K(699392K)
[26.578s][info][gc,metaspace   ] GC(160) Metaspace: 8600K(8832K)->8600K(8832K) NonClass: 7446K(7552K)->7446K(7552K) Class: 1153K(1280K)->1153K(1280K)
[26.578s][info][gc             ] GC(160) Pause Young (Allocation Failure) 371M->111M(976M) 22.355ms
[26.578s][info][gc,cpu         ] GC(160) User=0.38s Sys=0.00s Real=0.02s
[26.649s][info][gc,start       ] GC(161) Pause Young (System.gc())
[26.655s][info][gc,heap        ] GC(161) PSYoungGen: 56191K(300544K)->64K(317440K) Eden: 41347K(285696K)->0K(285696K) From: 14843K(14848K)->64K(31744K)
[26.655s][info][gc,heap        ] GC(161) ParOldGen: 99358K(699392K)->113262K(699392K)
[26.655s][info][gc,metaspace   ] GC(161) Metaspace: 8601K(8832K)->8601K(8832K) NonClass: 7447K(7552K)->7447K(7552K) Class: 1153K(1280K)->1153K(1280K)
[26.655s][info][gc             ] GC(161) Pause Young (System.gc()) 151M->110M(993M) 6.415ms
[26.655s][info][gc,cpu         ] GC(161) User=0.36s Sys=0.00s Real=0.02s
[26.655s][info][gc,start       ] GC(162) Pause Full (System.gc())
[26.655s][info][gc,phases,start] GC(162) Marking Phase
[26.664s][info][gc,phases      ] GC(162) Marking Phase 8.998ms
[26.664s][info][gc,phases,start] GC(162) Summary Phase
[26.664s][info][gc,phases      ] GC(162) Summary Phase 0.032ms
[26.664s][info][gc,phases,start] GC(162) Adjust Roots
[26.666s][info][gc,phases      ] GC(162) Adjust Roots 1.342ms
[26.666s][info][gc,phases,start] GC(162) Compaction Phase
[26.669s][info][gc,phases      ] GC(162) Compaction Phase 3.155ms
[26.669s][info][gc,phases,start] GC(162) Post Compact
[26.670s][info][gc,phases      ] GC(162) Post Compact 0.908ms
[26.670s][info][gc,heap        ] GC(162) PSYoungGen: 64K(317440K)->0K(317440K) Eden: 0K(285696K)->0K(285696K) From: 64K(31744K)->0K(31744K)
[26.670s][info][gc,heap        ] GC(162) ParOldGen: 113262K(699392K)->3526K(699392K)
[26.670s][info][gc,metaspace   ] GC(162) Metaspace: 8601K(8832K)->8601K(8832K) NonClass: 7447K(7552K)->7447K(7552K) Class: 1153K(1280K)->1153K(1280K)
[26.670s][info][gc             ] GC(162) Pause Full (System.gc()) 110M->3M(993M) 14.757ms
[26.670s][info][gc,cpu         ] GC(162) User=0.11s Sys=0.00s Real=0.02s
[26.802s][info][gc,start       ] GC(163) Pause Young (Allocation Failure)
[26.804s][info][gc,heap        ] GC(163) PSYoungGen: 285696K(317440K)->1536K(314368K) Eden: 285696K(285696K)->0K(286720K) From: 0K(31744K)->1536K(27648K)
[26.804s][info][gc,heap        ] GC(163) ParOldGen: 3526K(699392K)->3526K(699392K)
[26.804s][info][gc,metaspace   ] GC(163) Metaspace: 8604K(8832K)->8604K(8832K) NonClass: 7450K(7552K)->7450K(7552K) Class: 1153K(1280K)->1153K(1280K)
[26.804s][info][gc             ] GC(163) Pause Young (Allocation Failure) 282M->4M(990M) 1.781ms
[26.804s][info][gc,cpu         ] GC(163) User=0.00s Sys=0.00s Real=0.00s
[26.939s][info][gc,start       ] GC(164) Pause Young (Allocation Failure)
[26.941s][info][gc,heap        ] GC(164) PSYoungGen: 288256K(314368K)->1920K(316416K) Eden: 286720K(286720K)->0K(286720K) From: 1536K(27648K)->1920K(29696K)
[26.941s][info][gc,heap        ] GC(164) ParOldGen: 3526K(699392K)->3918K(699392K)
[26.941s][info][gc,metaspace   ] GC(164) Metaspace: 8604K(8832K)->8604K(8832K) NonClass: 7450K(7552K)->7450K(7552K) Class: 1153K(1280K)->1153K(1280K)
[26.941s][info][gc             ] GC(164) Pause Young (Allocation Failure) 284M->5M(992M) 2.013ms
[26.941s][info][gc,cpu         ] GC(164) User=0.00s Sys=0.00s Real=0.00s
[27.071s][info][gc,start       ] GC(165) Pause Young (Allocation Failure)
[27.073s][info][gc,heap        ] GC(165) PSYoungGen: 288640K(316416K)->1632K(315392K) Eden: 286720K(286720K)->0K(290816K) From: 1920K(29696K)->1632K(24576K)
[27.073s][info][gc,heap        ] GC(165) ParOldGen: 3918K(699392K)->5350K(699392K)
[27.073s][info][gc,metaspace   ] GC(165) Metaspace: 8604K(8832K)->8604K(8832K) NonClass: 7450K(7552K)->7450K(7552K) Class: 1153K(1280K)->1153K(1280K)
[27.073s][info][gc             ] GC(165) Pause Young (Allocation Failure) 285M->6M(991M) 2.301ms
[27.073s][info][gc,cpu         ] GC(165) User=0.00s Sys=0.00s Real=0.00s
[27.209s][info][gc,start       ] GC(166) Pause Young (Allocation Failure)
[27.213s][info][gc,heap        ] GC(166) PSYoungGen: 292448K(315392K)->5312K(317952K) Eden: 290816K(290816K)->0K(290816K) From: 1632K(24576K)->5312K(27136K)
[27.213s][info][gc,heap        ] GC(166) ParOldGen: 5350K(699392K)->6390K(699392K)
[27.213s][info][gc,metaspace   ] GC(166) Metaspace: 8604K(8832K)->8604K(8832K) NonClass: 7450K(7552K)->7450K(7552K) Class: 1153K(1280K)->1153K(1280K)
[27.213s][info][gc             ] GC(166) Pause Young (Allocation Failure) 290M->11M(993M) 3.338ms
[27.213s][info][gc,cpu         ] GC(166) User=0.00s Sys=0.00s Real=0.00s
[27.375s][info][gc,start       ] GC(167) Pause Young (Allocation Failure)
[27.380s][info][gc,heap        ] GC(167) PSYoungGen: 296128K(317952K)->6800K(316928K) Eden: 290816K(290816K)->0K(296448K) From: 5312K(27136K)->6800K(20480K)
[27.380s][info][gc,heap        ] GC(167) ParOldGen: 6390K(699392K)->10454K(699392K)
[27.380s][info][gc,metaspace   ] GC(167) Metaspace: 8604K(8832K)->8604K(8832K) NonClass: 7450K(7552K)->7450K(7552K) Class: 1153K(1280K)->1153K(1280K)
[27.380s][info][gc             ] GC(167) Pause Young (Allocation Failure) 295M->16M(992M) 5.367ms
[27.380s][info][gc,cpu         ] GC(167) User=0.36s Sys=0.00s Real=0.02s
[27.531s][info][gc,start       ] GC(168) Pause Young (Allocation Failure)
[27.536s][info][gc,heap        ] GC(168) PSYoungGen: 303248K(316928K)->1568K(320000K) Eden: 296448K(296448K)->0K(296448K) From: 6800K(20480K)->1568K(23552K)
[27.536s][info][gc,heap        ] GC(168) ParOldGen: 10454K(699392K)->16678K(699392K)
[27.536s][info][gc,metaspace   ] GC(168) Metaspace: 8604K(8832K)->8604K(8832K) NonClass: 7450K(7552K)->7450K(7552K) Class: 1153K(1280K)->1153K(1280K)
[27.536s][info][gc             ] GC(168) Pause Young (Allocation Failure) 306M->17M(995M) 4.439ms
[27.536s][info][gc,cpu         ] GC(168) User=0.36s Sys=0.00s Real=0.02s
[27.687s][info][gc,start       ] GC(169) Pause Young (Allocation Failure)
[27.690s][info][gc,heap        ] GC(169) PSYoungGen: 298016K(320000K)->5408K(322048K) Eden: 296448K(296448K)->0K(302592K) From: 1568K(23552K)->5408K(19456K)
[27.690s][info][gc,heap        ] GC(169) ParOldGen: 16678K(699392K)->17718K(699392K)
[27.690s][info][gc,metaspace   ] GC(169) Metaspace: 8604K(8832K)->8604K(8832K) NonClass: 7450K(7552K)->7450K(7552K) Class: 1153K(1280K)->1153K(1280K)
[27.690s][info][gc             ] GC(169) Pause Young (Allocation Failure) 307M->22M(997M) 2.758ms
[27.690s][info][gc,cpu         ] GC(169) User=0.36s Sys=0.00s Real=0.02s
[27.832s][info][gc,start       ] GC(170) Pause Young (Allocation Failure)
[27.835s][info][gc,heap        ] GC(170) PSYoungGen: 308000K(322048K)->2272K(324096K) Eden: 302592K(302592K)->0K(302592K) From: 5408K(19456K)->2272K(21504K)
[27.835s][info][gc,heap        ] GC(170) ParOldGen: 17718K(699392K)->21918K(699392K)
[27.835s][info][gc,metaspace   ] GC(170) Metaspace: 8604K(8832K)->8604K(8832K) NonClass: 7450K(7552K)->7450K(7552K) Class: 1153K(1280K)->1153K(1280K)
[27.835s][info][gc             ] GC(170) Pause Young (Allocation Failure) 318M->23M(999M) 3.151ms
[27.835s][info][gc,cpu         ] GC(170) User=0.00s Sys=0.00s Real=0.00s
[27.985s][info][gc,start       ] GC(171) Pause Young (Allocation Failure)
[27.989s][info][gc,heap        ] GC(171) PSYoungGen: 304864K(324096K)->6528K(324608K) Eden: 302592K(302592K)->0K(307200K) From: 2272K(21504K)->6528K(17408K)
[27.989s][info][gc,heap        ] GC(171) ParOldGen: 21918K(699392K)->23230K(699392K)
[27.989s][info][gc,metaspace   ] GC(171) Metaspace: 8604K(8832K)->8604K(8832K) NonClass: 7450K(7552K)->7450K(7552K) Class: 1153K(1280K)->1153K(1280K)
[27.989s][info][gc             ] GC(171) Pause Young (Allocation Failure) 319M->29M(1000M) 4.044ms
[27.990s][info][gc,cpu         ] GC(171) User=0.00s Sys=0.00s Real=0.00s
[28.128s][info][gc,start       ] GC(172) Pause Young (Allocation Failure)
[28.132s][info][gc,heap        ] GC(172) PSYoungGen: 313728K(324608K)->1568K(326656K) Eden: 307200K(307200K)->0K(307200K) From: 6528K(17408K)->1568K(19456K)
[28.132s][info][gc,heap        ] GC(172) ParOldGen: 23230K(699392K)->29422K(699392K)
[28.132s][info][gc,metaspace   ] GC(172) Metaspace: 8604K(8832K)->8604K(8832K) NonClass: 7450K(7552K)->7450K(7552K) Class: 1153K(1280K)->1153K(1280K)
[28.132s][info][gc             ] GC(172) Pause Young (Allocation Failure) 329M->30M(1002M) 4.535ms
[28.132s][info][gc,cpu         ] GC(172) User=0.00s Sys=0.00s Real=0.00s
[28.276s][info][gc,start       ] GC(173) Pause Young (Allocation Failure)
[28.278s][info][gc,heap        ] GC(173) PSYoungGen: 308768K(326656K)->5344K(326656K) Eden: 307200K(307200K)->0K(311296K) From: 1568K(19456K)->5344K(15360K)
[28.278s][info][gc,heap        ] GC(173) ParOldGen: 29422K(699392K)->30438K(699392K)
[28.278s][info][gc,metaspace   ] GC(173) Metaspace: 8604K(8832K)->8604K(8832K) NonClass: 7450K(7552K)->7450K(7552K) Class: 1153K(1280K)->1153K(1280K)
[28.278s][info][gc             ] GC(173) Pause Young (Allocation Failure) 330M->34M(1002M) 2.706ms
[28.278s][info][gc,cpu         ] GC(173) User=0.00s Sys=0.00s Real=0.00s
[28.439s][info][gc,start       ] GC(174) Pause Young (Allocation Failure)
[28.442s][info][gc,heap        ] GC(174) PSYoungGen: 316640K(326656K)->2192K(328704K) Eden: 311296K(311296K)->0K(311296K) From: 5344K(15360K)->2192K(17408K)
[28.442s][info][gc,heap        ] GC(174) ParOldGen: 30438K(699392K)->34638K(699392K)
[28.442s][info][gc,metaspace   ] GC(174) Metaspace: 8604K(8832K)->8604K(8832K) NonClass: 7450K(7552K)->7450K(7552K) Class: 1153K(1280K)->1153K(1280K)
[28.442s][info][gc             ] GC(174) Pause Young (Allocation Failure) 338M->35M(1004M) 3.123ms
[28.442s][info][gc,cpu         ] GC(174) User=0.00s Sys=0.00s Real=0.00s
[28.633s][info][gc,start       ] GC(175) Pause Young (Allocation Failure)
[28.640s][info][gc,heap        ] GC(175) PSYoungGen: 313488K(328704K)->15264K(327168K) Eden: 311296K(311296K)->0K(310272K) From: 2192K(17408K)->15264K(16896K)
[28.640s][info][gc,heap        ] GC(175) ParOldGen: 34638K(699392K)->35942K(699392K)
[28.640s][info][gc,metaspace   ] GC(175) Metaspace: 8604K(8832K)->8604K(8832K) NonClass: 7450K(7552K)->7450K(7552K) Class: 1153K(1280K)->1153K(1280K)
[28.640s][info][gc             ] GC(175) Pause Young (Allocation Failure) 339M->50M(1002M) 7.600ms
[28.640s][info][gc,cpu         ] GC(175) User=0.00s Sys=0.00s Real=0.00s
[28.794s][info][gc,start       ] GC(176) Pause Young (Allocation Failure)
[28.803s][info][gc,heap        ] GC(176) PSYoungGen: 325536K(327168K)->1792K(329728K) Eden: 310272K(310272K)->0K(310272K) From: 15264K(16896K)->1792K(19456K)
[28.803s][info][gc,heap        ] GC(176) ParOldGen: 35942K(699392K)->50702K(699392K)
[28.803s][info][gc,metaspace   ] GC(176) Metaspace: 8604K(8832K)->8604K(8832K) NonClass: 7450K(7552K)->7450K(7552K) Class: 1153K(1280K)->1153K(1280K)
[28.803s][info][gc             ] GC(176) Pause Young (Allocation Failure) 353M->51M(1005M) 9.037ms
[28.803s][info][gc,cpu         ] GC(176) User=0.38s Sys=0.00s Real=0.02s
[28.959s][info][gc,start       ] GC(177) Pause Young (Allocation Failure)
[28.961s][info][gc,heap        ] GC(177) PSYoungGen: 312064K(329728K)->2528K(327168K) Eden: 310272K(310272K)->0K(310784K) From: 1792K(19456K)->2528K(16384K)
[28.961s][info][gc,heap        ] GC(177) ParOldGen: 50702K(699392K)->51110K(699392K)
[28.961s][info][gc,metaspace   ] GC(177) Metaspace: 8604K(8832K)->8604K(8832K) NonClass: 7450K(7552K)->7450K(7552K) Class: 1153K(1280K)->1153K(1280K)
[28.961s][info][gc             ] GC(177) Pause Young (Allocation Failure) 354M->52M(1002M) 2.039ms
[28.961s][info][gc,cpu         ] GC(177) User=0.00s Sys=0.00s Real=0.00s
[29.107s][info][gc,start       ] GC(178) Pause Young (Allocation Failure)
[29.109s][info][gc,heap        ] GC(178) PSYoungGen: 313312K(327168K)->1936K(328704K) Eden: 310784K(310784K)->0K(310784K) From: 2528K(16384K)->1936K(17920K)
[29.109s][info][gc,heap        ] GC(178) ParOldGen: 51110K(699392K)->52518K(699392K)
[29.109s][info][gc,metaspace   ] GC(178) Metaspace: 8604K(8832K)->8604K(8832K) NonClass: 7450K(7552K)->7450K(7552K) Class: 1153K(1280K)->1153K(1280K)
[29.109s][info][gc             ] GC(178) Pause Young (Allocation Failure) 355M->53M(1004M) 2.183ms
[29.110s][info][gc,cpu         ] GC(178) User=0.00s Sys=0.00s Real=0.00s
[29.265s][info][gc,start       ] GC(179) Pause Young (Allocation Failure)
[29.268s][info][gc,heap        ] GC(179) PSYoungGen: 312720K(328704K)->6368K(328704K) Eden: 310784K(310784K)->0K(313856K) From: 1936K(17920K)->6368K(14848K)
[29.268s][info][gc,heap        ] GC(179) ParOldGen: 52518K(699392K)->53790K(699392K)
[29.268s][info][gc,metaspace   ] GC(179) Metaspace: 8604K(8832K)->8604K(8832K) NonClass: 7450K(7552K)->7450K(7552K) Class: 1153K(1280K)->1153K(1280K)
[29.268s][info][gc             ] GC(179) Pause Young (Allocation Failure) 356M->58M(1004M) 3.786ms
[29.268s][info][gc,cpu         ] GC(179) User=0.00s Sys=0.00s Real=0.00s
[29.426s][info][gc,start       ] GC(180) Pause Young (Allocation Failure)
[29.430s][info][gc,heap        ] GC(180) PSYoungGen: 320224K(328704K)->1696K(330240K) Eden: 313856K(313856K)->0K(313856K) From: 6368K(14848K)->1696K(16384K)
[29.430s][info][gc,heap        ] GC(180) ParOldGen: 53790K(699392K)->59614K(699392K)
[29.430s][info][gc,metaspace   ] GC(180) Metaspace: 8604K(8832K)->8604K(8832K) NonClass: 7450K(7552K)->7450K(7552K) Class: 1153K(1280K)->1153K(1280K)
[29.430s][info][gc             ] GC(180) Pause Young (Allocation Failure) 365M->59M(1005M) 4.231ms
[29.430s][info][gc,cpu         ] GC(180) User=0.00s Sys=0.00s Real=0.00s
[29.590s][info][gc,start       ] GC(181) Pause Young (Allocation Failure)
[29.592s][info][gc,heap        ] GC(181) PSYoungGen: 315552K(330240K)->2416K(331264K) Eden: 313856K(313856K)->0K(316928K) From: 1696K(16384K)->2416K(14336K)
[29.592s][info][gc,heap        ] GC(181) ParOldGen: 59614K(699392K)->60030K(699392K)
[29.592s][info][gc,metaspace   ] GC(181) Metaspace: 8604K(8832K)->8604K(8832K) NonClass: 7450K(7552K)->7450K(7552K) Class: 1153K(1280K)->1153K(1280K)
[29.592s][info][gc             ] GC(181) Pause Young (Allocation Failure) 366M->60M(1006M) 1.805ms
[29.592s][info][gc,cpu         ] GC(181) User=0.00s Sys=0.00s Real=0.00s
[29.741s][info][gc,start       ] GC(182) Pause Young (Allocation Failure)
[29.743s][info][gc,heap        ] GC(182) PSYoungGen: 319344K(331264K)->1888K(332288K) Eden: 316928K(316928K)->0K(316928K) From: 2416K(14336K)->1888K(15360K)
[29.743s][info][gc,heap        ] GC(182) ParOldGen: 60030K(699392K)->61478K(699392K)
[29.743s][info][gc,metaspace   ] GC(182) Metaspace: 8604K(8832K)->8604K(8832K) NonClass: 7450K(7552K)->7450K(7552K) Class: 1153K(1280K)->1153K(1280K)
[29.743s][info][gc             ] GC(182) Pause Young (Allocation Failure) 370M->61M(1007M) 2.130ms
[29.743s][info][gc,cpu         ] GC(182) User=0.00s Sys=0.00s Real=0.00s
[29.963s][info][gc,start       ] GC(183) Pause Young (Allocation Failure)
[29.979s][info][gc,heap        ] GC(183) PSYoungGen: 318816K(332288K)->14816K(314880K) Eden: 316928K(316928K)->0K(300032K) From: 1888K(15360K)->14816K(14848K)
[29.979s][info][gc,heap        ] GC(183) ParOldGen: 61478K(699392K)->80462K(699392K)
[29.979s][info][gc,metaspace   ] GC(183) Metaspace: 8604K(8832K)->8604K(8832K) NonClass: 7450K(7552K)->7450K(7552K) Class: 1153K(1280K)->1153K(1280K)
[29.979s][info][gc             ] GC(183) Pause Young (Allocation Failure) 371M->93M(990M) 15.851ms
[29.979s][info][gc,cpu         ] GC(183) User=0.38s Sys=0.00s Real=0.02s
[30.298s][info][gc,start       ] GC(184) Pause Young (System.gc())
[30.313s][info][gc,heap        ] GC(184) PSYoungGen: 92817K(314880K)->23104K(323584K) Eden: 78001K(300032K)->0K(300032K) From: 14816K(14848K)->23104K(23552K)
[30.313s][info][gc,heap        ] GC(184) ParOldGen: 80462K(699392K)->93190K(699392K)
[30.313s][info][gc,metaspace   ] GC(184) Metaspace: 8607K(8832K)->8607K(8832K) NonClass: 7453K(7552K)->7453K(7552K) Class: 1153K(1280K)->1153K(1280K)
[30.313s][info][gc             ] GC(184) Pause Young (System.gc()) 169M->113M(999M) 15.545ms
[30.313s][info][gc,cpu         ] GC(184) User=0.36s Sys=0.00s Real=0.02s
[30.314s][info][gc,start       ] GC(185) Pause Full (System.gc())
[30.314s][info][gc,phases,start] GC(185) Marking Phase
[30.321s][info][gc,phases      ] GC(185) Marking Phase 7.545ms
[30.321s][info][gc,phases,start] GC(185) Summary Phase
[30.321s][info][gc,phases      ] GC(185) Summary Phase 0.022ms
[30.321s][info][gc,phases,start] GC(185) Adjust Roots
[30.323s][info][gc,phases      ] GC(185) Adjust Roots 1.290ms
[30.323s][info][gc,phases,start] GC(185) Compaction Phase
[30.325s][info][gc,phases      ] GC(185) Compaction Phase 2.489ms
[30.325s][info][gc,phases,start] GC(185) Post Compact
[30.326s][info][gc,phases      ] GC(185) Post Compact 0.924ms
[30.326s][info][gc,heap        ] GC(185) PSYoungGen: 23104K(323584K)->0K(323584K) Eden: 0K(300032K)->0K(300032K) From: 23104K(23552K)->0K(23552K)
[30.326s][info][gc,heap        ] GC(185) ParOldGen: 93190K(699392K)->3526K(699392K)
[30.326s][info][gc,metaspace   ] GC(185) Metaspace: 8607K(8832K)->8607K(8832K) NonClass: 7453K(7552K)->7453K(7552K) Class: 1153K(1280K)->1153K(1280K)
[30.326s][info][gc             ] GC(185) Pause Full (System.gc()) 113M->3M(999M) 12.516ms
[30.326s][info][gc,cpu         ] GC(185) User=0.00s Sys=0.00s Real=0.01s
[30.476s][info][gc,start       ] GC(186) Pause Young (Allocation Failure)
[30.477s][info][gc,heap        ] GC(186) PSYoungGen: 300032K(323584K)->1632K(318464K) Eden: 300032K(300032K)->0K(292864K) From: 0K(23552K)->1632K(25600K)
[30.477s][info][gc,heap        ] GC(186) ParOldGen: 3526K(699392K)->3526K(699392K)
[30.477s][info][gc,metaspace   ] GC(186) Metaspace: 8609K(8832K)->8609K(8832K) NonClass: 7455K(7552K)->7455K(7552K) Class: 1153K(1280K)->1153K(1280K)
[30.477s][info][gc             ] GC(186) Pause Young (Allocation Failure) 296M->5M(994M) 1.181ms
[30.477s][info][gc,cpu         ] GC(186) User=0.00s Sys=0.00s Real=0.00s
[30.632s][info][gc,start       ] GC(187) Pause Young (Allocation Failure)
[30.634s][info][gc,heap        ] GC(187) PSYoungGen: 294496K(318464K)->1952K(321024K) Eden: 292864K(292864K)->0K(292864K) From: 1632K(25600K)->1952K(28160K)
[30.634s][info][gc,heap        ] GC(187) ParOldGen: 3526K(699392K)->3942K(699392K)
[30.634s][info][gc,metaspace   ] GC(187) Metaspace: 8609K(8832K)->8609K(8832K) NonClass: 7455K(7552K)->7455K(7552K) Class: 1153K(1280K)->1153K(1280K)
[30.634s][info][gc             ] GC(187) Pause Young (Allocation Failure) 291M->5M(996M) 1.912ms
[30.634s][info][gc,cpu         ] GC(187) User=0.00s Sys=0.00s Real=0.00s
[30.773s][info][gc,start       ] GC(188) Pause Young (Allocation Failure)
[30.775s][info][gc,heap        ] GC(188) PSYoungGen: 294816K(321024K)->1632K(317952K) Eden: 292864K(292864K)->0K(293888K) From: 1952K(28160K)->1632K(24064K)
[30.775s][info][gc,heap        ] GC(188) ParOldGen: 3942K(699392K)->5374K(699392K)
[30.775s][info][gc,metaspace   ] GC(188) Metaspace: 8609K(8832K)->8609K(8832K) NonClass: 7455K(7552K)->7455K(7552K) Class: 1153K(1280K)->1153K(1280K)
[30.775s][info][gc             ] GC(188) Pause Young (Allocation Failure) 291M->6M(993M) 2.603ms
[30.775s][info][gc,cpu         ] GC(188) User=0.00s Sys=0.00s Real=0.00s
[30.928s][info][gc,start       ] GC(189) Pause Young (Allocation Failure)
[30.932s][info][gc,heap        ] GC(189) PSYoungGen: 295520K(317952K)->1568K(320000K) Eden: 293888K(293888K)->0K(293888K) From: 1632K(24064K)->1568K(26112K)
[30.932s][info][gc,heap        ] GC(189) ParOldGen: 5374K(699392K)->6710K(699392K)
[30.932s][info][gc,metaspace   ] GC(189) Metaspace: 8609K(8832K)->8609K(8832K) NonClass: 7455K(7552K)->7455K(7552K) Class: 1153K(1280K)->1153K(1280K)
[30.932s][info][gc             ] GC(189) Pause Young (Allocation Failure) 293M->8M(995M) 3.724ms
[30.932s][info][gc,cpu         ] GC(189) User=0.00s Sys=0.00s Real=0.00s
[31.092s][info][gc,start       ] GC(190) Pause Young (Allocation Failure)
[31.097s][info][gc,heap        ] GC(190) PSYoungGen: 295456K(320000K)->9632K(321024K) Eden: 293888K(293888K)->0K(297984K) From: 1568K(26112K)->9632K(23040K)
[31.097s][info][gc,heap        ] GC(190) ParOldGen: 6710K(699392K)->7734K(699392K)
[31.097s][info][gc,metaspace   ] GC(190) Metaspace: 8609K(8832K)->8609K(8832K) NonClass: 7455K(7552K)->7455K(7552K) Class: 1153K(1280K)->1153K(1280K)
[31.097s][info][gc             ] GC(190) Pause Young (Allocation Failure) 295M->16M(996M) 4.580ms
[31.097s][info][gc,cpu         ] GC(190) User=0.36s Sys=0.00s Real=0.01s
[31.239s][info][gc,start       ] GC(191) Pause Young (Allocation Failure)
[31.245s][info][gc,heap        ] GC(191) PSYoungGen: 307616K(321024K)->1824K(322560K) Eden: 297984K(297984K)->0K(297984K) From: 9632K(23040K)->1824K(24576K)
[31.245s][info][gc,heap        ] GC(191) ParOldGen: 7734K(699392K)->16694K(699392K)
[31.245s][info][gc,metaspace   ] GC(191) Metaspace: 8609K(8832K)->8609K(8832K) NonClass: 7455K(7552K)->7455K(7552K) Class: 1153K(1280K)->1153K(1280K)
[31.245s][info][gc             ] GC(191) Pause Young (Allocation Failure) 307M->18M(998M) 5.343ms
[31.245s][info][gc,cpu         ] GC(191) User=0.00s Sys=0.00s Real=0.01s
[31.405s][info][gc,start       ] GC(192) Pause Young (Allocation Failure)
[31.406s][info][gc,heap        ] GC(192) PSYoungGen: 299808K(322560K)->1536K(322048K) Eden: 297984K(297984K)->0K(301056K) From: 1824K(24576K)->1536K(20992K)
[31.407s][info][gc,heap        ] GC(192) ParOldGen: 16694K(699392K)->18150K(699392K)
[31.407s][info][gc,metaspace   ] GC(192) Metaspace: 8609K(8832K)->8609K(8832K) NonClass: 7455K(7552K)->7455K(7552K) Class: 1153K(1280K)->1153K(1280K)
[31.407s][info][gc             ] GC(192) Pause Young (Allocation Failure) 309M->19M(997M) 1.898ms
[31.407s][info][gc,cpu         ] GC(192) User=0.36s Sys=0.00s Real=0.00s
[31.566s][info][gc,start       ] GC(193) Pause Young (Allocation Failure)
[31.568s][info][gc,heap        ] GC(193) PSYoungGen: 302592K(322048K)->5120K(323584K) Eden: 301056K(301056K)->0K(301056K) From: 1536K(20992K)->5120K(22528K)
[31.568s][info][gc,heap        ] GC(193) ParOldGen: 18150K(699392K)->19198K(699392K)
[31.568s][info][gc,metaspace   ] GC(193) Metaspace: 8609K(8832K)->8609K(8832K) NonClass: 7455K(7552K)->7455K(7552K) Class: 1153K(1280K)->1153K(1280K)
[31.568s][info][gc             ] GC(193) Pause Young (Allocation Failure) 313M->23M(999M) 2.510ms
[31.568s][info][gc,cpu         ] GC(193) User=0.00s Sys=0.00s Real=0.00s
[31.735s][info][gc,start       ] GC(194) Pause Young (Allocation Failure)
[31.740s][info][gc,heap        ] GC(194) PSYoungGen: 306176K(323584K)->6624K(324608K) Eden: 301056K(301056K)->0K(305664K) From: 5120K(22528K)->6624K(18944K)
[31.740s][info][gc,heap        ] GC(194) ParOldGen: 19198K(699392K)->23286K(699392K)
[31.740s][info][gc,metaspace   ] GC(194) Metaspace: 8609K(8832K)->8609K(8832K) NonClass: 7455K(7552K)->7455K(7552K) Class: 1153K(1280K)->1153K(1280K)
[31.740s][info][gc             ] GC(194) Pause Young (Allocation Failure) 317M->29M(1000M) 5.171ms
[31.740s][info][gc,cpu         ] GC(194) User=0.00s Sys=0.00s Real=0.00s
[31.878s][info][gc,start       ] GC(195) Pause Young (Allocation Failure)
[31.882s][info][gc,heap        ] GC(195) PSYoungGen: 312288K(324608K)->1664K(325632K) Eden: 305664K(305664K)->0K(305664K) From: 6624K(18944K)->1664K(19968K)
[31.882s][info][gc,heap        ] GC(195) ParOldGen: 23286K(699392K)->29462K(699392K)
[31.882s][info][gc,metaspace   ] GC(195) Metaspace: 8609K(8832K)->8609K(8832K) NonClass: 7455K(7552K)->7455K(7552K) Class: 1153K(1280K)->1153K(1280K)
[31.882s][info][gc             ] GC(195) Pause Young (Allocation Failure) 327M->30M(1001M) 4.878ms
[31.882s][info][gc,cpu         ] GC(195) User=0.00s Sys=0.00s Real=0.00s
[32.026s][info][gc,start       ] GC(196) Pause Young (Allocation Failure)
[32.028s][info][gc,heap        ] GC(196) PSYoungGen: 307328K(325632K)->5472K(325632K) Eden: 305664K(305664K)->0K(309760K) From: 1664K(19968K)->5472K(15872K)
[32.028s][info][gc,heap        ] GC(196) ParOldGen: 29462K(699392K)->30494K(699392K)
[32.028s][info][gc,metaspace   ] GC(196) Metaspace: 8609K(8832K)->8609K(8832K) NonClass: 7455K(7552K)->7455K(7552K) Class: 1153K(1280K)->1153K(1280K)
[32.028s][info][gc             ] GC(196) Pause Young (Allocation Failure) 328M->35M(1001M) 2.777ms
[32.028s][info][gc,cpu         ] GC(196) User=0.00s Sys=0.00s Real=0.00s
[32.174s][info][gc,start       ] GC(197) Pause Young (Allocation Failure)
[32.177s][info][gc,heap        ] GC(197) PSYoungGen: 315232K(325632K)->2320K(327680K) Eden: 309760K(309760K)->0K(309760K) From: 5472K(15872K)->2320K(17920K)
[32.177s][info][gc,heap        ] GC(197) ParOldGen: 30494K(699392K)->34686K(699392K)
[32.177s][info][gc,metaspace   ] GC(197) Metaspace: 8609K(8832K)->8609K(8832K) NonClass: 7455K(7552K)->7455K(7552K) Class: 1153K(1280K)->1153K(1280K)
[32.177s][info][gc             ] GC(197) Pause Young (Allocation Failure) 337M->36M(1003M) 3.409ms
[32.177s][info][gc,cpu         ] GC(197) User=0.38s Sys=0.00s Real=0.02s
[32.352s][info][gc,start       ] GC(198) Pause Young (Allocation Failure)
[32.360s][info][gc,heap        ] GC(198) PSYoungGen: 312080K(327680K)->15360K(326656K) Eden: 309760K(309760K)->0K(309248K) From: 2320K(17920K)->15360K(17408K)
[32.360s][info][gc,heap        ] GC(198) ParOldGen: 34686K(699392K)->35990K(699392K)
[32.360s][info][gc,metaspace   ] GC(198) Metaspace: 8609K(8832K)->8609K(8832K) NonClass: 7455K(7552K)->7455K(7552K) Class: 1153K(1280K)->1153K(1280K)
[32.360s][info][gc             ] GC(198) Pause Young (Allocation Failure) 338M->50M(1002M) 8.065ms
[32.360s][info][gc,cpu         ] GC(198) User=0.00s Sys=0.00s Real=0.00s
[32.515s][info][gc,start       ] GC(199) Pause Young (Allocation Failure)
[32.524s][info][gc,heap        ] GC(199) PSYoungGen: 324608K(326656K)->1824K(329216K) Eden: 309248K(309248K)->0K(309248K) From: 15360K(17408K)->1824K(19968K)
[32.524s][info][gc,heap        ] GC(199) ParOldGen: 35990K(699392K)->50742K(699392K)
[32.524s][info][gc,metaspace   ] GC(199) Metaspace: 8609K(8832K)->8609K(8832K) NonClass: 7455K(7552K)->7455K(7552K) Class: 1153K(1280K)->1153K(1280K)
[32.524s][info][gc             ] GC(199) Pause Young (Allocation Failure) 352M->51M(1004M) 8.941ms
[32.524s][info][gc,cpu         ] GC(199) User=0.38s Sys=0.00s Real=0.02s
[32.684s][info][gc,start       ] GC(200) Pause Young (Allocation Failure)
[32.685s][info][gc,heap        ] GC(200) PSYoungGen: 311072K(329216K)->2528K(326656K) Eden: 309248K(309248K)->0K(309760K) From: 1824K(19968K)->2528K(16896K)
[32.685s][info][gc,heap        ] GC(200) ParOldGen: 50742K(699392K)->51134K(699392K)
[32.685s][info][gc,metaspace   ] GC(200) Metaspace: 8609K(8832K)->8609K(8832K) NonClass: 7455K(7552K)->7455K(7552K) Class: 1153K(1280K)->1153K(1280K)
[32.685s][info][gc             ] GC(200) Pause Young (Allocation Failure) 353M->52M(1002M) 1.876ms
[32.686s][info][gc,cpu         ] GC(200) User=0.00s Sys=0.00s Real=0.00s
[32.861s][info][gc,start       ] GC(201) Pause Young (Allocation Failure)
[32.863s][info][gc,heap        ] GC(201) PSYoungGen: 312288K(326656K)->2160K(328192K) Eden: 309760K(309760K)->0K(309760K) From: 2528K(16896K)->2160K(18432K)
[32.863s][info][gc,heap        ] GC(201) ParOldGen: 51134K(699392K)->52558K(699392K)
[32.863s][info][gc,metaspace   ] GC(201) Metaspace: 8609K(8832K)->8609K(8832K) NonClass: 7455K(7552K)->7455K(7552K) Class: 1153K(1280K)->1153K(1280K)
[32.863s][info][gc             ] GC(201) Pause Young (Allocation Failure) 354M->53M(1003M) 2.301ms
[32.863s][info][gc,cpu         ] GC(201) User=0.00s Sys=0.00s Real=0.00s
[33.048s][info][gc,start       ] GC(202) Pause Young (Allocation Failure)
[33.052s][info][gc,heap        ] GC(202) PSYoungGen: 311920K(328192K)->6368K(328192K) Eden: 309760K(309760K)->0K(312832K) From: 2160K(18432K)->6368K(15360K)
[33.052s][info][gc,heap        ] GC(202) ParOldGen: 52558K(699392K)->53862K(699392K)
[33.052s][info][gc,metaspace   ] GC(202) Metaspace: 8609K(8832K)->8609K(8832K) NonClass: 7455K(7552K)->7455K(7552K) Class: 1153K(1280K)->1153K(1280K)
[33.052s][info][gc             ] GC(202) Pause Young (Allocation Failure) 355M->58M(1003M) 3.851ms
[33.052s][info][gc,cpu         ] GC(202) User=0.00s Sys=0.00s Real=0.00s
[33.207s][info][gc,start       ] GC(203) Pause Young (Allocation Failure)
[33.211s][info][gc,heap        ] GC(203) PSYoungGen: 319200K(328192K)->1728K(329728K) Eden: 312832K(312832K)->0K(312832K) From: 6368K(15360K)->1728K(16896K)
[33.211s][info][gc,heap        ] GC(203) ParOldGen: 53862K(699392K)->59702K(699392K)
[33.211s][info][gc,metaspace   ] GC(203) Metaspace: 8609K(8832K)->8609K(8832K) NonClass: 7455K(7552K)->7455K(7552K) Class: 1153K(1280K)->1153K(1280K)
[33.211s][info][gc             ] GC(203) Pause Young (Allocation Failure) 364M->59M(1005M) 4.364ms
[33.211s][info][gc,cpu         ] GC(203) User=0.00s Sys=0.00s Real=0.00s
[33.360s][info][gc,start       ] GC(204) Pause Young (Allocation Failure)
[33.362s][info][gc,heap        ] GC(204) PSYoungGen: 314560K(329728K)->2528K(330752K) Eden: 312832K(312832K)->0K(315904K) From: 1728K(16896K)->2528K(14848K)
[33.362s][info][gc,heap        ] GC(204) ParOldGen: 59702K(699392K)->60102K(699392K)
[33.362s][info][gc,metaspace   ] GC(204) Metaspace: 8609K(8832K)->8609K(8832K) NonClass: 7455K(7552K)->7455K(7552K) Class: 1153K(1280K)->1153K(1280K)
[33.362s][info][gc             ] GC(204) Pause Young (Allocation Failure) 365M->61M(1006M) 1.873ms
[33.362s][info][gc,cpu         ] GC(204) User=0.00s Sys=0.00s Real=0.00s
[33.513s][info][gc,start       ] GC(205) Pause Young (Allocation Failure)
[33.515s][info][gc,heap        ] GC(205) PSYoungGen: 318432K(330752K)->2032K(331776K) Eden: 315904K(315904K)->0K(315904K) From: 2528K(14848K)->2032K(15872K)
[33.515s][info][gc,heap        ] GC(205) ParOldGen: 60102K(699392K)->61550K(699392K)
[33.515s][info][gc,metaspace   ] GC(205) Metaspace: 8609K(8832K)->8609K(8832K) NonClass: 7455K(7552K)->7455K(7552K) Class: 1153K(1280K)->1153K(1280K)
[33.515s][info][gc             ] GC(205) Pause Young (Allocation Failure) 369M->62M(1007M) 2.204ms
[33.515s][info][gc,cpu         ] GC(205) User=0.38s Sys=0.00s Real=0.00s
[33.790s][info][gc,start       ] GC(206) Pause Young (Allocation Failure)
[33.810s][info][gc,heap        ] GC(206) PSYoungGen: 317936K(331776K)->14816K(305664K) Eden: 315904K(315904K)->0K(290816K) From: 2032K(15872K)->14816K(14848K)
[33.810s][info][gc,heap        ] GC(206) ParOldGen: 61550K(699392K)->92542K(699392K)
[33.811s][info][gc,metaspace   ] GC(206) Metaspace: 8609K(8832K)->8609K(8832K) NonClass: 7455K(7552K)->7455K(7552K) Class: 1153K(1280K)->1153K(1280K)
[33.811s][info][gc             ] GC(206) Pause Young (Allocation Failure) 370M->104M(981M) 20.325ms
[33.811s][info][gc,cpu         ] GC(206) User=0.38s Sys=0.00s Real=0.02s
[34.087s][info][gc,start       ] GC(207) Pause Young (System.gc())
[34.100s][info][gc,heap        ] GC(207) PSYoungGen: 72974K(305664K)->9664K(320000K) Eden: 58158K(290816K)->0K(290816K) From: 14816K(14848K)->9664K(29184K)
[34.100s][info][gc,heap        ] GC(207) ParOldGen: 92542K(699392K)->106126K(699392K)
[34.100s][info][gc,metaspace   ] GC(207) Metaspace: 8609K(8832K)->8609K(8832K) NonClass: 7455K(7552K)->7455K(7552K) Class: 1153K(1280K)->1153K(1280K)
[34.100s][info][gc             ] GC(207) Pause Young (System.gc()) 161M->113M(995M) 13.186ms
[34.100s][info][gc,cpu         ] GC(207) User=0.36s Sys=0.00s Real=0.01s
[34.100s][info][gc,start       ] GC(208) Pause Full (System.gc())
[34.100s][info][gc,phases,start] GC(208) Marking Phase
[34.108s][info][gc,phases      ] GC(208) Marking Phase 8.329ms
[34.109s][info][gc,phases,start] GC(208) Summary Phase
[34.109s][info][gc,phases      ] GC(208) Summary Phase 0.024ms
[34.109s][info][gc,phases,start] GC(208) Adjust Roots
[34.110s][info][gc,phases      ] GC(208) Adjust Roots 1.270ms
[34.110s][info][gc,phases,start] GC(208) Compaction Phase
[34.112s][info][gc,phases      ] GC(208) Compaction Phase 2.330ms
[34.112s][info][gc,phases,start] GC(208) Post Compact
[34.113s][info][gc,phases      ] GC(208) Post Compact 0.859ms
[34.113s][info][gc,heap        ] GC(208) PSYoungGen: 9664K(320000K)->0K(320000K) Eden: 0K(290816K)->0K(290816K) From: 9664K(29184K)->0K(29184K)
[34.113s][info][gc,heap        ] GC(208) ParOldGen: 106126K(699392K)->3526K(699392K)
[34.113s][info][gc,metaspace   ] GC(208) Metaspace: 8609K(8832K)->8609K(8832K) NonClass: 7455K(7552K)->7455K(7552K) Class: 1153K(1280K)->1153K(1280K)
[34.113s][info][gc             ] GC(208) Pause Full (System.gc()) 113M->3M(995M) 13.127ms
[34.113s][info][gc,cpu         ] GC(208) User=0.02s Sys=0.00s Real=0.01s
[34.264s][info][gc,start       ] GC(209) Pause Young (Allocation Failure)
[34.266s][info][gc,heap        ] GC(209) PSYoungGen: 290816K(320000K)->1600K(317440K) Eden: 290816K(290816K)->0K(292352K) From: 0K(29184K)->1600K(25088K)
[34.266s][info][gc,heap        ] GC(209) ParOldGen: 3526K(699392K)->3526K(699392K)
[34.266s][info][gc,metaspace   ] GC(209) Metaspace: 8610K(8832K)->8610K(8832K) NonClass: 7456K(7552K)->7456K(7552K) Class: 1153K(1280K)->1153K(1280K)
[34.266s][info][gc             ] GC(209) Pause Young (Allocation Failure) 287M->5M(993M) 1.745ms
[34.266s][info][gc,cpu         ] GC(209) User=0.00s Sys=0.02s Real=0.00s
[34.419s][info][gc,start       ] GC(210) Pause Young (Allocation Failure)
[34.420s][info][gc,heap        ] GC(210) PSYoungGen: 293952K(317440K)->1920K(319488K) Eden: 292352K(292352K)->0K(292352K) From: 1600K(25088K)->1920K(27136K)
[34.421s][info][gc,heap        ] GC(210) ParOldGen: 3526K(699392K)->3934K(699392K)
[34.421s][info][gc,metaspace   ] GC(210) Metaspace: 8610K(8832K)->8610K(8832K) NonClass: 7456K(7552K)->7456K(7552K) Class: 1153K(1280K)->1153K(1280K)
[34.421s][info][gc             ] GC(210) Pause Young (Allocation Failure) 290M->5M(995M) 1.972ms
[34.421s][info][gc,cpu         ] GC(210) User=0.00s Sys=0.00s Real=0.00s
[34.558s][info][gc,start       ] GC(211) Pause Young (Allocation Failure)
[34.560s][info][gc,heap        ] GC(211) PSYoungGen: 294272K(319488K)->1600K(318976K) Eden: 292352K(292352K)->0K(295936K) From: 1920K(27136K)->1600K(23040K)
[34.560s][info][gc,heap        ] GC(211) ParOldGen: 3934K(699392K)->5366K(699392K)
[34.560s][info][gc,metaspace   ] GC(211) Metaspace: 8610K(8832K)->8610K(8832K) NonClass: 7456K(7552K)->7456K(7552K) Class: 1153K(1280K)->1153K(1280K)
[34.560s][info][gc             ] GC(211) Pause Young (Allocation Failure) 291M->6M(994M) 2.148ms
[34.560s][info][gc,cpu         ] GC(211) User=0.00s Sys=0.00s Real=0.00s
[34.692s][info][gc,start       ] GC(212) Pause Young (Allocation Failure)
[34.696s][info][gc,heap        ] GC(212) PSYoungGen: 297536K(318976K)->1472K(321024K) Eden: 295936K(295936K)->0K(295936K) From: 1600K(23040K)->1472K(25088K)
[34.696s][info][gc,heap        ] GC(212) ParOldGen: 5366K(699392K)->6678K(699392K)
[34.696s][info][gc,metaspace   ] GC(212) Metaspace: 8610K(8832K)->8610K(8832K) NonClass: 7456K(7552K)->7456K(7552K) Class: 1153K(1280K)->1153K(1280K)
[34.696s][info][gc             ] GC(212) Pause Young (Allocation Failure) 295M->7M(996M) 3.588ms
[34.696s][info][gc,cpu         ] GC(212) User=0.36s Sys=0.00s Real=0.01s
[34.843s][info][gc,start       ] GC(213) Pause Young (Allocation Failure)
[34.847s][info][gc,heap        ] GC(213) PSYoungGen: 297408K(321024K)->9632K(322048K) Eden: 295936K(295936K)->0K(300032K) From: 1472K(25088K)->9632K(22016K)
[34.847s][info][gc,heap        ] GC(213) ParOldGen: 6678K(699392K)->7710K(699392K)
[34.847s][info][gc,metaspace   ] GC(213) Metaspace: 8610K(8832K)->8610K(8832K) NonClass: 7456K(7552K)->7456K(7552K) Class: 1153K(1280K)->1153K(1280K)
[34.847s][info][gc             ] GC(213) Pause Young (Allocation Failure) 296M->16M(997M) 4.571ms
[34.847s][info][gc,cpu         ] GC(213) User=0.00s Sys=0.00s Real=0.01s
[35.015s][info][gc,start       ] GC(214) Pause Young (Allocation Failure)
[35.021s][info][gc,heap        ] GC(214) PSYoungGen: 309664K(322048K)->1760K(323584K) Eden: 300032K(300032K)->0K(300032K) From: 9632K(22016K)->1760K(23552K)
[35.021s][info][gc,heap        ] GC(214) ParOldGen: 7710K(699392K)->16678K(699392K)
[35.021s][info][gc,metaspace   ] GC(214) Metaspace: 8610K(8832K)->8610K(8832K) NonClass: 7456K(7552K)->7456K(7552K) Class: 1153K(1280K)->1153K(1280K)
[35.021s][info][gc             ] GC(214) Pause Young (Allocation Failure) 309M->18M(999M) 5.710ms
[35.021s][info][gc,cpu         ] GC(214) User=0.00s Sys=0.00s Real=0.01s
[35.157s][info][gc,start       ] GC(215) Pause Young (Allocation Failure)
[35.159s][info][gc,heap        ] GC(215) PSYoungGen: 301792K(323584K)->1632K(323072K) Eden: 300032K(300032K)->0K(302592K) From: 1760K(23552K)->1632K(20480K)
[35.159s][info][gc,heap        ] GC(215) ParOldGen: 16678K(699392K)->18126K(699392K)
[35.159s][info][gc,metaspace   ] GC(215) Metaspace: 8610K(8832K)->8610K(8832K) NonClass: 7456K(7552K)->7456K(7552K) Class: 1153K(1280K)->1153K(1280K)
[35.159s][info][gc             ] GC(215) Pause Young (Allocation Failure) 311M->19M(998M) 2.171ms
[35.159s][info][gc,cpu         ] GC(215) User=0.00s Sys=0.00s Real=0.00s
[35.303s][info][gc,start       ] GC(216) Pause Young (Allocation Failure)
[35.308s][info][gc,heap        ] GC(216) PSYoungGen: 304224K(323072K)->5152K(324608K) Eden: 302592K(302592K)->0K(302592K) From: 1632K(20480K)->5152K(22016K)
[35.308s][info][gc,heap        ] GC(216) ParOldGen: 18126K(699392K)->19158K(699392K)
[35.308s][info][gc,metaspace   ] GC(216) Metaspace: 8610K(8832K)->8610K(8832K) NonClass: 7456K(7552K)->7456K(7552K) Class: 1153K(1280K)->1153K(1280K)
[35.308s][info][gc             ] GC(216) Pause Young (Allocation Failure) 314M->23M(1000M) 5.700ms
[35.308s][info][gc,cpu         ] GC(216) User=0.00s Sys=0.00s Real=0.01s
[35.473s][info][gc,start       ] GC(217) Pause Young (Allocation Failure)
[35.479s][info][gc,heap        ] GC(217) PSYoungGen: 307744K(324608K)->6592K(325120K) Eden: 302592K(302592K)->0K(306688K) From: 5152K(22016K)->6592K(18432K)
[35.479s][info][gc,heap        ] GC(217) ParOldGen: 19158K(699392K)->23238K(699392K)
[35.479s][info][gc,metaspace   ] GC(217) Metaspace: 8610K(8832K)->8610K(8832K) NonClass: 7456K(7552K)->7456K(7552K) Class: 1153K(1280K)->1153K(1280K)
[35.479s][info][gc             ] GC(217) Pause Young (Allocation Failure) 319M->29M(1000M) 5.518ms
[35.479s][info][gc,cpu         ] GC(217) User=0.00s Sys=0.00s Real=0.01s
[35.647s][info][gc,start       ] GC(218) Pause Young (Allocation Failure)
[35.651s][info][gc,heap        ] GC(218) PSYoungGen: 313280K(325120K)->1600K(326144K) Eden: 306688K(306688K)->0K(306688K) From: 6592K(18432K)->1600K(19456K)
[35.651s][info][gc,heap        ] GC(218) ParOldGen: 23238K(699392K)->29398K(699392K)
[35.651s][info][gc,metaspace   ] GC(218) Metaspace: 8610K(8832K)->8610K(8832K) NonClass: 7456K(7552K)->7456K(7552K) Class: 1153K(1280K)->1153K(1280K)
[35.651s][info][gc             ] GC(218) Pause Young (Allocation Failure) 328M->30M(1001M) 4.674ms
[35.651s][info][gc,cpu         ] GC(218) User=0.00s Sys=0.00s Real=0.01s
[35.809s][info][gc,start       ] GC(219) Pause Young (Allocation Failure)
[35.812s][info][gc,heap        ] GC(219) PSYoungGen: 308288K(326144K)->5440K(326144K) Eden: 306688K(306688K)->0K(310784K) From: 1600K(19456K)->5440K(15360K)
[35.812s][info][gc,heap        ] GC(219) ParOldGen: 29398K(699392K)->30422K(699392K)
[35.812s][info][gc,metaspace   ] GC(219) Metaspace: 8610K(8832K)->8610K(8832K) NonClass: 7456K(7552K)->7456K(7552K) Class: 1153K(1280K)->1153K(1280K)
[35.812s][info][gc             ] GC(219) Pause Young (Allocation Failure) 329M->35M(1001M) 3.001ms
[35.812s][info][gc,cpu         ] GC(219) User=0.38s Sys=0.00s Real=0.00s
[35.973s][info][gc,start       ] GC(220) Pause Young (Allocation Failure)
[35.976s][info][gc,heap        ] GC(220) PSYoungGen: 316224K(326144K)->2256K(328192K) Eden: 310784K(310784K)->0K(310784K) From: 5440K(15360K)->2256K(17408K)
[35.977s][info][gc,heap        ] GC(220) ParOldGen: 30422K(699392K)->34638K(699392K)
[35.977s][info][gc,metaspace   ] GC(220) Metaspace: 8610K(8832K)->8610K(8832K) NonClass: 7456K(7552K)->7456K(7552K) Class: 1153K(1280K)->1153K(1280K)
[35.977s][info][gc             ] GC(220) Pause Young (Allocation Failure) 338M->36M(1003M) 3.494ms
[35.977s][info][gc,cpu         ] GC(220) User=0.00s Sys=0.00s Real=0.00s
[36.164s][info][gc,start       ] GC(221) Pause Young (Allocation Failure)
[36.173s][info][gc,heap        ] GC(221) PSYoungGen: 313040K(328192K)->15360K(327168K) Eden: 310784K(310784K)->0K(310272K) From: 2256K(17408K)->15360K(16896K)
[36.173s][info][gc,heap        ] GC(221) ParOldGen: 34638K(699392K)->35958K(699392K)
[36.173s][info][gc,metaspace   ] GC(221) Metaspace: 8610K(8832K)->8610K(8832K) NonClass: 7456K(7552K)->7456K(7552K) Class: 1153K(1280K)->1153K(1280K)
[36.173s][info][gc             ] GC(221) Pause Young (Allocation Failure) 339M->50M(1002M) 8.635ms
[36.173s][info][gc,cpu         ] GC(221) User=0.38s Sys=0.00s Real=0.01s
[36.330s][info][gc,start       ] GC(222) Pause Young (Allocation Failure)
[36.339s][info][gc,heap        ] GC(222) PSYoungGen: 325632K(327168K)->1824K(329728K) Eden: 310272K(310272K)->0K(310272K) From: 15360K(16896K)->1824K(19456K)
[36.339s][info][gc,heap        ] GC(222) ParOldGen: 35958K(699392K)->50742K(699392K)
[36.339s][info][gc,metaspace   ] GC(222) Metaspace: 8610K(8832K)->8610K(8832K) NonClass: 7456K(7552K)->7456K(7552K) Class: 1153K(1280K)->1153K(1280K)
[36.339s][info][gc             ] GC(222) Pause Young (Allocation Failure) 353M->51M(1005M) 9.038ms
[36.339s][info][gc,cpu         ] GC(222) User=0.38s Sys=0.00s Real=0.02s
[36.500s][info][gc,start       ] GC(223) Pause Young (Allocation Failure)
[36.502s][info][gc,heap        ] GC(223) PSYoungGen: 312096K(329728K)->2496K(327168K) Eden: 310272K(310272K)->0K(310784K) From: 1824K(19456K)->2496K(16384K)
[36.502s][info][gc,heap        ] GC(223) ParOldGen: 50742K(699392K)->51134K(699392K)
[36.502s][info][gc,metaspace   ] GC(223) Metaspace: 8610K(8832K)->8610K(8832K) NonClass: 7456K(7552K)->7456K(7552K) Class: 1153K(1280K)->1153K(1280K)
[36.502s][info][gc             ] GC(223) Pause Young (Allocation Failure) 354M->52M(1002M) 1.936ms
[36.502s][info][gc,cpu         ] GC(223) User=0.00s Sys=0.00s Real=0.00s
[36.663s][info][gc,start       ] GC(224) Pause Young (Allocation Failure)
[36.666s][info][gc,heap        ] GC(224) PSYoungGen: 313280K(327168K)->2224K(328704K) Eden: 310784K(310784K)->0K(310784K) From: 2496K(16384K)->2224K(17920K)
[36.666s][info][gc,heap        ] GC(224) ParOldGen: 51134K(699392K)->52542K(699392K)
[36.666s][info][gc,metaspace   ] GC(224) Metaspace: 8610K(8832K)->8610K(8832K) NonClass: 7456K(7552K)->7456K(7552K) Class: 1153K(1280K)->1153K(1280K)
[36.666s][info][gc             ] GC(224) Pause Young (Allocation Failure) 355M->53M(1004M) 2.301ms
[36.666s][info][gc,cpu         ] GC(224) User=0.00s Sys=0.00s Real=0.00s
[36.822s][info][gc,start       ] GC(225) Pause Young (Allocation Failure)
[36.825s][info][gc,heap        ] GC(225) PSYoungGen: 313008K(328704K)->6368K(329728K) Eden: 310784K(310784K)->0K(313856K) From: 2224K(17920K)->6368K(15872K)
[36.826s][info][gc,heap        ] GC(225) ParOldGen: 52542K(699392K)->53846K(699392K)
[36.826s][info][gc,metaspace   ] GC(225) Metaspace: 8610K(8832K)->8610K(8832K) NonClass: 7456K(7552K)->7456K(7552K) Class: 1153K(1280K)->1153K(1280K)
[36.826s][info][gc             ] GC(225) Pause Young (Allocation Failure) 356M->58M(1005M) 3.982ms
[36.826s][info][gc,cpu         ] GC(225) User=0.23s Sys=0.06s Real=0.02s
[36.968s][info][gc,start       ] GC(226) Pause Young (Allocation Failure)
[36.972s][info][gc,heap        ] GC(226) PSYoungGen: 320224K(329728K)->1696K(330752K) Eden: 313856K(313856K)->0K(313856K) From: 6368K(15872K)->1696K(16896K)
[36.972s][info][gc,heap        ] GC(226) ParOldGen: 53846K(699392K)->59686K(699392K)
[36.972s][info][gc,metaspace   ] GC(226) Metaspace: 8610K(8832K)->8610K(8832K) NonClass: 7456K(7552K)->7456K(7552K) Class: 1153K(1280K)->1153K(1280K)
[36.972s][info][gc             ] GC(226) Pause Young (Allocation Failure) 365M->59M(1006M) 4.384ms
[36.972s][info][gc,cpu         ] GC(226) User=0.00s Sys=0.00s Real=0.00s
[37.121s][info][gc,start       ] GC(227) Pause Young (Allocation Failure)
[37.123s][info][gc,heap        ] GC(227) PSYoungGen: 315552K(330752K)->2560K(331264K) Eden: 313856K(313856K)->0K(316416K) From: 1696K(16896K)->2560K(14848K)
[37.123s][info][gc,heap        ] GC(227) ParOldGen: 59686K(699392K)->60078K(699392K)
[37.123s][info][gc,metaspace   ] GC(227) Metaspace: 8610K(8832K)->8610K(8832K) NonClass: 7456K(7552K)->7456K(7552K) Class: 1153K(1280K)->1153K(1280K)
[37.123s][info][gc             ] GC(227) Pause Young (Allocation Failure) 366M->61M(1006M) 2.162ms
[37.123s][info][gc,cpu         ] GC(227) User=0.00s Sys=0.00s Real=0.00s
[37.289s][info][gc,start       ] GC(228) Pause Young (Allocation Failure)
[37.291s][info][gc,heap        ] GC(228) PSYoungGen: 318976K(331264K)->2160K(331776K) Eden: 316416K(316416K)->0K(316416K) From: 2560K(14848K)->2160K(15360K)
[37.291s][info][gc,heap        ] GC(228) ParOldGen: 60078K(699392K)->61502K(699392K)
[37.291s][info][gc,metaspace   ] GC(228) Metaspace: 8610K(8832K)->8610K(8832K) NonClass: 7456K(7552K)->7456K(7552K) Class: 1153K(1280K)->1153K(1280K)
[37.292s][info][gc             ] GC(228) Pause Young (Allocation Failure) 370M->62M(1007M) 2.423ms
[37.292s][info][gc,cpu         ] GC(228) User=0.00s Sys=0.00s Real=0.00s
[37.595s][info][gc,start       ] GC(229) Pause Young (Allocation Failure)
[37.619s][info][gc,heap        ] GC(229) PSYoungGen: 318576K(331776K)->14816K(301568K) Eden: 316416K(316416K)->0K(286720K) From: 2160K(15360K)->14816K(14848K)
[37.619s][info][gc,heap        ] GC(229) ParOldGen: 61502K(699392K)->98190K(699392K)
[37.619s][info][gc,metaspace   ] GC(229) Metaspace: 8610K(8832K)->8610K(8832K) NonClass: 7456K(7552K)->7456K(7552K) Class: 1153K(1280K)->1153K(1280K)
[37.619s][info][gc             ] GC(229) Pause Young (Allocation Failure) 371M->110M(977M) 24.217ms
[37.619s][info][gc,cpu         ] GC(229) User=0.75s Sys=0.00s Real=0.03s
[37.831s][info][gc,start       ] GC(230) Pause Young (System.gc())
[37.838s][info][gc,heap        ] GC(230) PSYoungGen: 61077K(301568K)->64K(317952K) Eden: 46261K(286720K)->0K(286720K) From: 14816K(14848K)->64K(31232K)
[37.838s][info][gc,heap        ] GC(230) ParOldGen: 98190K(699392K)->113134K(699392K)
[37.838s][info][gc,metaspace   ] GC(230) Metaspace: 8610K(8832K)->8610K(8832K) NonClass: 7456K(7552K)->7456K(7552K) Class: 1153K(1280K)->1153K(1280K)
[37.838s][info][gc             ] GC(230) Pause Young (System.gc()) 155M->110M(993M) 7.234ms
[37.838s][info][gc,cpu         ] GC(230) User=0.00s Sys=0.00s Real=0.01s
[37.838s][info][gc,start       ] GC(231) Pause Full (System.gc())
[37.838s][info][gc,phases,start] GC(231) Marking Phase
[37.846s][info][gc,phases      ] GC(231) Marking Phase 8.252ms
[37.846s][info][gc,phases,start] GC(231) Summary Phase
[37.846s][info][gc,phases      ] GC(231) Summary Phase 0.022ms
[37.846s][info][gc,phases,start] GC(231) Adjust Roots
[37.849s][info][gc,phases      ] GC(231) Adjust Roots 2.134ms
[37.849s][info][gc,phases,start] GC(231) Compaction Phase
[37.851s][info][gc,phases      ] GC(231) Compaction Phase 2.504ms
[37.851s][info][gc,phases,start] GC(231) Post Compact
[37.852s][info][gc,phases      ] GC(231) Post Compact 0.823ms
[37.852s][info][gc,heap        ] GC(231) PSYoungGen: 64K(317952K)->0K(317952K) Eden: 0K(286720K)->0K(286720K) From: 64K(31232K)->0K(31232K)
[37.852s][info][gc,heap        ] GC(231) ParOldGen: 113134K(699392K)->3526K(699392K)
[37.852s][info][gc,metaspace   ] GC(231) Metaspace: 8610K(8832K)->8610K(8832K) NonClass: 7456K(7552K)->7456K(7552K) Class: 1153K(1280K)->1153K(1280K)
[37.852s][info][gc             ] GC(231) Pause Full (System.gc()) 110M->3M(993M) 14.034ms
[37.852s][info][gc,cpu         ] GC(231) User=0.36s Sys=0.00s Real=0.01s
[37.983s][info][gc,start       ] GC(232) Pause Young (Allocation Failure)
[37.985s][info][gc,heap        ] GC(232) PSYoungGen: 286720K(317952K)->1536K(314368K) Eden: 286720K(286720K)->0K(287232K) From: 0K(31232K)->1536K(27136K)
[37.985s][info][gc,heap        ] GC(232) ParOldGen: 3526K(699392K)->3526K(699392K)
[37.985s][info][gc,metaspace   ] GC(232) Metaspace: 8612K(8832K)->8612K(8832K) NonClass: 7458K(7552K)->7458K(7552K) Class: 1153K(1280K)->1153K(1280K)
[37.985s][info][gc             ] GC(232) Pause Young (Allocation Failure) 283M->4M(990M) 1.601ms
[37.985s][info][gc,cpu         ] GC(232) User=0.00s Sys=0.00s Real=0.00s
[38.134s][info][gc,start       ] GC(233) Pause Young (Allocation Failure)
[38.136s][info][gc,heap        ] GC(233) PSYoungGen: 288768K(314368K)->1952K(316416K) Eden: 287232K(287232K)->0K(287232K) From: 1536K(27136K)->1952K(29184K)
[38.136s][info][gc,heap        ] GC(233) ParOldGen: 3526K(699392K)->3934K(699392K)
[38.136s][info][gc,metaspace   ] GC(233) Metaspace: 8612K(8832K)->8612K(8832K) NonClass: 7458K(7552K)->7458K(7552K) Class: 1153K(1280K)->1153K(1280K)
[38.136s][info][gc             ] GC(233) Pause Young (Allocation Failure) 285M->5M(992M) 2.020ms
[38.136s][info][gc,cpu         ] GC(233) User=0.00s Sys=0.00s Real=0.00s
[38.278s][info][gc,start       ] GC(234) Pause Young (Allocation Failure)
[38.280s][info][gc,heap        ] GC(234) PSYoungGen: 289184K(316416K)->1600K(316928K) Eden: 287232K(287232K)->0K(291840K) From: 1952K(29184K)->1600K(25088K)
[38.280s][info][gc,heap        ] GC(234) ParOldGen: 3934K(699392K)->5390K(699392K)
[38.280s][info][gc,metaspace   ] GC(234) Metaspace: 8612K(8832K)->8612K(8832K) NonClass: 7458K(7552K)->7458K(7552K) Class: 1153K(1280K)->1153K(1280K)
[38.280s][info][gc             ] GC(234) Pause Young (Allocation Failure) 286M->6M(992M) 1.953ms
[38.280s][info][gc,cpu         ] GC(234) User=0.00s Sys=0.00s Real=0.00s
[38.416s][info][gc,start       ] GC(235) Pause Young (Allocation Failure)
[38.419s][info][gc,heap        ] GC(235) PSYoungGen: 293440K(316928K)->5216K(318976K) Eden: 291840K(291840K)->0K(291840K) From: 1600K(25088K)->5216K(27136K)
[38.419s][info][gc,heap        ] GC(235) ParOldGen: 5390K(699392K)->6422K(699392K)
[38.419s][info][gc,metaspace   ] GC(235) Metaspace: 8612K(8832K)->8612K(8832K) NonClass: 7458K(7552K)->7458K(7552K) Class: 1153K(1280K)->1153K(1280K)
[38.419s][info][gc             ] GC(235) Pause Young (Allocation Failure) 291M->11M(994M) 3.325ms
[38.419s][info][gc,cpu         ] GC(235) User=0.00s Sys=0.00s Real=0.00s
[38.565s][info][gc,start       ] GC(236) Pause Young (Allocation Failure)
[38.571s][info][gc,heap        ] GC(236) PSYoungGen: 297056K(318976K)->6928K(318976K) Eden: 291840K(291840K)->0K(296960K) From: 5216K(27136K)->6928K(22016K)
[38.571s][info][gc,heap        ] GC(236) ParOldGen: 6422K(699392K)->10502K(699392K)
[38.571s][info][gc,metaspace   ] GC(236) Metaspace: 8612K(8832K)->8612K(8832K) NonClass: 7458K(7552K)->7458K(7552K) Class: 1153K(1280K)->1153K(1280K)
[38.571s][info][gc             ] GC(236) Pause Young (Allocation Failure) 296M->17M(994M) 5.330ms
[38.571s][info][gc,cpu         ] GC(236) User=0.00s Sys=0.00s Real=0.01s
[38.704s][info][gc,start       ] GC(237) Pause Young (Allocation Failure)
[38.708s][info][gc,heap        ] GC(237) PSYoungGen: 303888K(318976K)->1600K(320512K) Eden: 296960K(296960K)->0K(296960K) From: 6928K(22016K)->1600K(23552K)
[38.708s][info][gc,heap        ] GC(237) ParOldGen: 10502K(699392K)->16750K(699392K)
[38.708s][info][gc,metaspace   ] GC(237) Metaspace: 8612K(8832K)->8612K(8832K) NonClass: 7458K(7552K)->7458K(7552K) Class: 1153K(1280K)->1153K(1280K)
[38.708s][info][gc             ] GC(237) Pause Young (Allocation Failure) 307M->17M(996M) 4.689ms
[38.708s][info][gc,cpu         ] GC(237) User=0.00s Sys=0.00s Real=0.00s
[38.847s][info][gc,start       ] GC(238) Pause Young (Allocation Failure)
[38.850s][info][gc,heap        ] GC(238) PSYoungGen: 298560K(320512K)->5408K(322048K) Eden: 296960K(296960K)->0K(303104K) From: 1600K(23552K)->5408K(18944K)
[38.850s][info][gc,heap        ] GC(238) ParOldGen: 16750K(699392K)->17782K(699392K)
[38.850s][info][gc,metaspace   ] GC(238) Metaspace: 8612K(8832K)->8612K(8832K) NonClass: 7458K(7552K)->7458K(7552K) Class: 1153K(1280K)->1153K(1280K)
[38.850s][info][gc             ] GC(238) Pause Young (Allocation Failure) 307M->22M(997M) 2.818ms
[38.850s][info][gc,cpu         ] GC(238) User=0.00s Sys=0.00s Real=0.00s
[38.992s][info][gc,start       ] GC(239) Pause Young (Allocation Failure)
[38.996s][info][gc,heap        ] GC(239) PSYoungGen: 308512K(322048K)->2304K(324096K) Eden: 303104K(303104K)->0K(303104K) From: 5408K(18944K)->2304K(20992K)
[38.996s][info][gc,heap        ] GC(239) ParOldGen: 17782K(699392K)->21982K(699392K)
[38.996s][info][gc,metaspace   ] GC(239) Metaspace: 8612K(8832K)->8612K(8832K) NonClass: 7458K(7552K)->7458K(7552K) Class: 1153K(1280K)->1153K(1280K)
[38.996s][info][gc             ] GC(239) Pause Young (Allocation Failure) 318M->23M(999M) 3.478ms
[38.996s][info][gc,cpu         ] GC(239) User=0.00s Sys=0.00s Real=0.00s
[39.149s][info][gc,start       ] GC(240) Pause Young (Allocation Failure)
[39.153s][info][gc,heap        ] GC(240) PSYoungGen: 305408K(324096K)->6560K(325120K) Eden: 303104K(303104K)->0K(308224K) From: 2304K(20992K)->6560K(16896K)
[39.153s][info][gc,heap        ] GC(240) ParOldGen: 21982K(699392K)->23294K(699392K)
[39.153s][info][gc,metaspace   ] GC(240) Metaspace: 8612K(8832K)->8612K(8832K) NonClass: 7458K(7552K)->7458K(7552K) Class: 1153K(1280K)->1153K(1280K)
[39.153s][info][gc             ] GC(240) Pause Young (Allocation Failure) 319M->29M(1000M) 4.080ms
[39.153s][info][gc,cpu         ] GC(240) User=0.00s Sys=0.00s Real=0.00s
[39.293s][info][gc,start       ] GC(241) Pause Young (Allocation Failure)
[39.298s][info][gc,heap        ] GC(241) PSYoungGen: 314784K(325120K)->1568K(327168K) Eden: 308224K(308224K)->0K(308224K) From: 6560K(16896K)->1568K(18944K)
[39.298s][info][gc,heap        ] GC(241) ParOldGen: 23294K(699392K)->29454K(699392K)
[39.298s][info][gc,metaspace   ] GC(241) Metaspace: 8612K(8832K)->8612K(8832K) NonClass: 7458K(7552K)->7458K(7552K) Class: 1153K(1280K)->1153K(1280K)
[39.298s][info][gc             ] GC(241) Pause Young (Allocation Failure) 330M->30M(1002M) 4.567ms
[39.298s][info][gc,cpu         ] GC(241) User=0.38s Sys=0.00s Real=0.00s
[39.443s][info][gc,start       ] GC(242) Pause Young (Allocation Failure)
[39.446s][info][gc,heap        ] GC(242) PSYoungGen: 309792K(327168K)->5376K(327680K) Eden: 308224K(308224K)->0K(311808K) From: 1568K(18944K)->5376K(15872K)
[39.446s][info][gc,heap        ] GC(242) ParOldGen: 29454K(699392K)->30486K(699392K)
[39.446s][info][gc,metaspace   ] GC(242) Metaspace: 8612K(8832K)->8612K(8832K) NonClass: 7458K(7552K)->7458K(7552K) Class: 1153K(1280K)->1153K(1280K)
[39.446s][info][gc             ] GC(242) Pause Young (Allocation Failure) 331M->35M(1003M) 2.861ms
[39.446s][info][gc,cpu         ] GC(242) User=0.00s Sys=0.00s Real=0.00s
[39.593s][info][gc,start       ] GC(243) Pause Young (Allocation Failure)
[39.597s][info][gc,heap        ] GC(243) PSYoungGen: 317184K(327680K)->2192K(329216K) Eden: 311808K(311808K)->0K(311808K) From: 5376K(15872K)->2192K(17408K)
[39.597s][info][gc,heap        ] GC(243) ParOldGen: 30486K(699392K)->34686K(699392K)
[39.597s][info][gc,metaspace   ] GC(243) Metaspace: 8612K(8832K)->8612K(8832K) NonClass: 7458K(7552K)->7458K(7552K) Class: 1153K(1280K)->1153K(1280K)
[39.597s][info][gc             ] GC(243) Pause Young (Allocation Failure) 339M->36M(1004M) 3.468ms
[39.597s][info][gc,cpu         ] GC(243) User=0.00s Sys=0.00s Real=0.00s
[39.774s][info][gc,start       ] GC(244) Pause Young (Allocation Failure)
[39.782s][info][gc,heap        ] GC(244) PSYoungGen: 314000K(329216K)->15168K(326656K) Eden: 311808K(311808K)->0K(310272K) From: 2192K(17408K)->15168K(16384K)
[39.782s][info][gc,heap        ] GC(244) ParOldGen: 34686K(699392K)->35998K(699392K)
[39.782s][info][gc,metaspace   ] GC(244) Metaspace: 8612K(8832K)->8612K(8832K) NonClass: 7458K(7552K)->7458K(7552K) Class: 1153K(1280K)->1153K(1280K)
[39.782s][info][gc             ] GC(244) Pause Young (Allocation Failure) 340M->49M(1002M) 8.215ms
[39.782s][info][gc,cpu         ] GC(244) User=0.28s Sys=0.09s Real=0.01s
[39.922s][info][gc,start       ] GC(245) Pause Young (Allocation Failure)
[39.931s][info][gc,heap        ] GC(245) PSYoungGen: 325440K(326656K)->1792K(329728K) Eden: 310272K(310272K)->0K(310272K) From: 15168K(16384K)->1792K(19456K)
[39.931s][info][gc,heap        ] GC(245) ParOldGen: 35998K(699392K)->50782K(699392K)
[39.931s][info][gc,metaspace   ] GC(245) Metaspace: 8612K(8832K)->8612K(8832K) NonClass: 7458K(7552K)->7458K(7552K) Class: 1153K(1280K)->1153K(1280K)
[39.932s][info][gc             ] GC(245) Pause Young (Allocation Failure) 352M->51M(1005M) 9.565ms
[39.932s][info][gc,cpu         ] GC(245) User=0.00s Sys=0.00s Real=0.01s
[40.094s][info][gc,start       ] GC(246) Pause Young (Allocation Failure)
[40.096s][info][gc,heap        ] GC(246) PSYoungGen: 312064K(329728K)->2528K(327680K) Eden: 310272K(310272K)->0K(311296K) From: 1792K(19456K)->2528K(16384K)
[40.096s][info][gc,heap        ] GC(246) ParOldGen: 50782K(699392K)->51174K(699392K)
[40.096s][info][gc,metaspace   ] GC(246) Metaspace: 8612K(8832K)->8612K(8832K) NonClass: 7458K(7552K)->7458K(7552K) Class: 1153K(1280K)->1153K(1280K)
[40.096s][info][gc             ] GC(246) Pause Young (Allocation Failure) 354M->52M(1003M) 2.058ms
[40.096s][info][gc,cpu         ] GC(246) User=0.00s Sys=0.00s Real=0.00s
[40.273s][info][gc,start       ] GC(247) Pause Young (Allocation Failure)
[40.275s][info][gc,heap        ] GC(247) PSYoungGen: 313824K(327680K)->2016K(329216K) Eden: 311296K(311296K)->0K(311296K) From: 2528K(16384K)->2016K(17920K)
[40.275s][info][gc,heap        ] GC(247) ParOldGen: 51174K(699392K)->52606K(699392K)
[40.275s][info][gc,metaspace   ] GC(247) Metaspace: 8612K(8832K)->8612K(8832K) NonClass: 7458K(7552K)->7458K(7552K) Class: 1153K(1280K)->1153K(1280K)
[40.275s][info][gc             ] GC(247) Pause Young (Allocation Failure) 356M->53M(1004M) 2.197ms
[40.276s][info][gc,cpu         ] GC(247) User=0.00s Sys=0.00s Real=0.00s
[40.446s][info][gc,start       ] GC(248) Pause Young (Allocation Failure)
[40.450s][info][gc,heap        ] GC(248) PSYoungGen: 313312K(329216K)->6272K(328704K) Eden: 311296K(311296K)->0K(313856K) From: 2016K(17920K)->6272K(14848K)
[40.450s][info][gc,heap        ] GC(248) ParOldGen: 52606K(699392K)->53910K(699392K)
[40.450s][info][gc,metaspace   ] GC(248) Metaspace: 8612K(8832K)->8612K(8832K) NonClass: 7458K(7552K)->7458K(7552K) Class: 1153K(1280K)->1153K(1280K)
[40.450s][info][gc             ] GC(248) Pause Young (Allocation Failure) 357M->58M(1004M) 4.237ms
[40.450s][info][gc,cpu         ] GC(248) User=0.00s Sys=0.00s Real=0.00s
[40.592s][info][gc,start       ] GC(249) Pause Young (Allocation Failure)
[40.596s][info][gc,heap        ] GC(249) PSYoungGen: 320128K(328704K)->1632K(330240K) Eden: 313856K(313856K)->0K(313856K) From: 6272K(14848K)->1632K(16384K)
[40.596s][info][gc,heap        ] GC(249) ParOldGen: 53910K(699392K)->59774K(699392K)
[40.596s][info][gc,metaspace   ] GC(249) Metaspace: 8612K(8832K)->8612K(8832K) NonClass: 7458K(7552K)->7458K(7552K) Class: 1153K(1280K)->1153K(1280K)
[40.596s][info][gc             ] GC(249) Pause Young (Allocation Failure) 365M->59M(1005M) 4.630ms
[40.596s][info][gc,cpu         ] GC(249) User=0.38s Sys=0.00s Real=0.00s
[40.759s][info][gc,start       ] GC(250) Pause Young (Allocation Failure)
[40.761s][info][gc,heap        ] GC(250) PSYoungGen: 315488K(330240K)->2448K(331264K) Eden: 313856K(313856K)->0K(316928K) From: 1632K(16384K)->2448K(14336K)
[40.761s][info][gc,heap        ] GC(250) ParOldGen: 59774K(699392K)->60166K(699392K)
[40.761s][info][gc,metaspace   ] GC(250) Metaspace: 8612K(8832K)->8612K(8832K) NonClass: 7458K(7552K)->7458K(7552K) Class: 1153K(1280K)->1153K(1280K)
[40.761s][info][gc             ] GC(250) Pause Young (Allocation Failure) 366M->61M(1006M) 2.004ms
[40.761s][info][gc,cpu         ] GC(250) User=0.00s Sys=0.00s Real=0.00s
[40.926s][info][gc,start       ] GC(251) Pause Young (Allocation Failure)
[40.928s][info][gc,heap        ] GC(251) PSYoungGen: 319376K(331264K)->2080K(332288K) Eden: 316928K(316928K)->0K(316928K) From: 2448K(14336K)->2080K(15360K)
[40.928s][info][gc,heap        ] GC(251) ParOldGen: 60166K(699392K)->61622K(699392K)
[40.928s][info][gc,metaspace   ] GC(251) Metaspace: 8612K(8832K)->8612K(8832K) NonClass: 7458K(7552K)->7458K(7552K) Class: 1153K(1280K)->1153K(1280K)
[40.928s][info][gc             ] GC(251) Pause Young (Allocation Failure) 370M->62M(1007M) 2.365ms
[40.928s][info][gc,cpu         ] GC(251) User=0.00s Sys=0.00s Real=0.00s
[41.171s][info][gc,start       ] GC(252) Pause Young (Allocation Failure)
[41.190s][info][gc,heap        ] GC(252) PSYoungGen: 319008K(332288K)->14304K(311296K) Eden: 316928K(316928K)->0K(296960K) From: 2080K(15360K)->14304K(14336K)
[41.190s][info][gc,heap        ] GC(252) ParOldGen: 61622K(699392K)->86078K(699392K)
[41.190s][info][gc,metaspace   ] GC(252) Metaspace: 8612K(8832K)->8612K(8832K) NonClass: 7458K(7552K)->7458K(7552K) Class: 1153K(1280K)->1153K(1280K)
[41.190s][info][gc             ] GC(252) Pause Young (Allocation Failure) 371M->98M(987M) 18.913ms
[41.190s][info][gc,cpu         ] GC(252) User=0.38s Sys=0.00s Real=0.01s
[41.459s][info][gc,start       ] GC(253) Pause Young (System.gc())
[41.472s][info][gc,heap        ] GC(253) PSYoungGen: 80653K(311296K)->15360K(312832K) Eden: 66349K(296960K)->0K(296960K) From: 14304K(14336K)->15360K(15872K)
[41.472s][info][gc,heap        ] GC(253) ParOldGen: 86078K(699392K)->98678K(699392K)
[41.472s][info][gc,metaspace   ] GC(253) Metaspace: 8612K(8832K)->8612K(8832K) NonClass: 7458K(7552K)->7458K(7552K) Class: 1153K(1280K)->1153K(1280K)
[41.472s][info][gc             ] GC(253) Pause Young (System.gc()) 162M->111M(988M) 13.550ms
[41.472s][info][gc,cpu         ] GC(253) User=0.36s Sys=0.00s Real=0.01s
[41.472s][info][gc,start       ] GC(254) Pause Full (System.gc())
[41.472s][info][gc,phases,start] GC(254) Marking Phase
[41.479s][info][gc,phases      ] GC(254) Marking Phase 6.558ms
[41.479s][info][gc,phases,start] GC(254) Summary Phase
[41.479s][info][gc,phases      ] GC(254) Summary Phase 0.023ms
[41.479s][info][gc,phases,start] GC(254) Adjust Roots
[41.481s][info][gc,phases      ] GC(254) Adjust Roots 2.030ms
[41.481s][info][gc,phases,start] GC(254) Compaction Phase
[41.483s][info][gc,phases      ] GC(254) Compaction Phase 2.175ms
[41.483s][info][gc,phases,start] GC(254) Post Compact
[41.484s][info][gc,phases      ] GC(254) Post Compact 0.754ms
[41.484s][info][gc,heap        ] GC(254) PSYoungGen: 15360K(312832K)->0K(312832K) Eden: 0K(296960K)->0K(296960K) From: 15360K(15872K)->0K(15872K)
[41.484s][info][gc,heap        ] GC(254) ParOldGen: 98678K(699392K)->3526K(699392K)
[41.484s][info][gc,metaspace   ] GC(254) Metaspace: 8612K(8832K)->8612K(8832K) NonClass: 7458K(7552K)->7458K(7552K) Class: 1153K(1280K)->1153K(1280K)
[41.484s][info][gc             ] GC(254) Pause Full (System.gc()) 111M->3M(988M) 11.782ms
[41.484s][info][gc,cpu         ] GC(254) User=0.03s Sys=0.00s Real=0.01s
[41.636s][info][gc,start       ] GC(255) Pause Young (Allocation Failure)
[41.637s][info][gc,heap        ] GC(255) PSYoungGen: 296960K(312832K)->1568K(322560K) Eden: 296960K(296960K)->0K(295424K) From: 0K(15872K)->1568K(27136K)
[41.637s][info][gc,heap        ] GC(255) ParOldGen: 3526K(699392K)->3526K(699392K)
[41.637s][info][gc,metaspace   ] GC(255) Metaspace: 8613K(8832K)->8613K(8832K) NonClass: 7459K(7552K)->7459K(7552K) Class: 1153K(1280K)->1153K(1280K)
[41.637s][info][gc             ] GC(255) Pause Young (Allocation Failure) 293M->4M(998M) 1.254ms
[41.637s][info][gc,cpu         ] GC(255) User=0.00s Sys=0.00s Real=0.00s
[41.793s][info][gc,start       ] GC(256) Pause Young (Allocation Failure)
[41.795s][info][gc,heap        ] GC(256) PSYoungGen: 296992K(322560K)->2048K(297984K) Eden: 295424K(295424K)->0K(295424K) From: 1568K(27136K)->2048K(2560K)
[41.795s][info][gc,heap        ] GC(256) ParOldGen: 3526K(699392K)->3918K(699392K)
[41.795s][info][gc,metaspace   ] GC(256) Metaspace: 8613K(8832K)->8613K(8832K) NonClass: 7459K(7552K)->7459K(7552K) Class: 1153K(1280K)->1153K(1280K)
[41.795s][info][gc             ] GC(256) Pause Young (Allocation Failure) 293M->5M(974M) 2.386ms
[41.795s][info][gc,cpu         ] GC(256) User=0.00s Sys=0.02s Real=0.00s
[41.935s][info][gc,start       ] GC(257) Pause Young (Allocation Failure)
[41.937s][info][gc,heap        ] GC(257) PSYoungGen: 297472K(297984K)->1600K(321536K) Eden: 295424K(295424K)->0K(295936K) From: 2048K(2560K)->1600K(25600K)
[41.937s][info][gc,heap        ] GC(257) ParOldGen: 3918K(699392K)->5366K(699392K)
[41.937s][info][gc,metaspace   ] GC(257) Metaspace: 8613K(8832K)->8613K(8832K) NonClass: 7459K(7552K)->7459K(7552K) Class: 1153K(1280K)->1153K(1280K)
[41.937s][info][gc             ] GC(257) Pause Young (Allocation Failure) 294M->6M(997M) 2.098ms
[41.937s][info][gc,cpu         ] GC(257) User=0.36s Sys=0.00s Real=0.00s
[42.071s][info][gc,start       ] GC(258) Pause Young (Allocation Failure)
[42.075s][info][gc,heap        ] GC(258) PSYoungGen: 297536K(321536K)->1504K(321024K) Eden: 295936K(295936K)->0K(295936K) From: 1600K(25600K)->1504K(25088K)
[42.075s][info][gc,heap        ] GC(258) ParOldGen: 5366K(699392K)->6686K(699392K)
[42.075s][info][gc,metaspace   ] GC(258) Metaspace: 8613K(8832K)->8613K(8832K) NonClass: 7459K(7552K)->7459K(7552K) Class: 1153K(1280K)->1153K(1280K)
[42.075s][info][gc             ] GC(258) Pause Young (Allocation Failure) 295M->7M(996M) 4.040ms
[42.075s][info][gc,cpu         ] GC(258) User=0.00s Sys=0.00s Real=0.00s
[42.224s][info][gc,start       ] GC(259) Pause Young (Allocation Failure)
[42.228s][info][gc,heap        ] GC(259) PSYoungGen: 297440K(321024K)->9632K(323072K) Eden: 295936K(295936K)->0K(299008K) From: 1504K(25088K)->9632K(24064K)
[42.228s][info][gc,heap        ] GC(259) ParOldGen: 6686K(699392K)->7694K(699392K)
[42.228s][info][gc,metaspace   ] GC(259) Metaspace: 8613K(8832K)->8613K(8832K) NonClass: 7459K(7552K)->7459K(7552K) Class: 1153K(1280K)->1153K(1280K)
[42.229s][info][gc             ] GC(259) Pause Young (Allocation Failure) 296M->16M(998M) 4.812ms
[42.229s][info][gc,cpu         ] GC(259) User=0.00s Sys=0.00s Real=0.01s
[42.387s][info][gc,start       ] GC(260) Pause Young (Allocation Failure)
[42.392s][info][gc,heap        ] GC(260) PSYoungGen: 308640K(323072K)->1920K(322560K) Eden: 299008K(299008K)->0K(299008K) From: 9632K(24064K)->1920K(23552K)
[42.392s][info][gc,heap        ] GC(260) ParOldGen: 7694K(699392K)->16694K(699392K)
[42.393s][info][gc,metaspace   ] GC(260) Metaspace: 8613K(8832K)->8613K(8832K) NonClass: 7459K(7552K)->7459K(7552K) Class: 1153K(1280K)->1153K(1280K)
[42.393s][info][gc             ] GC(260) Pause Young (Allocation Failure) 308M->18M(998M) 5.782ms
[42.393s][info][gc,cpu         ] GC(260) User=0.38s Sys=0.00s Real=0.01s
[42.542s][info][gc,start       ] GC(261) Pause Young (Allocation Failure)
[42.544s][info][gc,heap        ] GC(261) PSYoungGen: 300928K(322560K)->1568K(324608K) Eden: 299008K(299008K)->0K(302592K) From: 1920K(23552K)->1568K(22016K)
[42.544s][info][gc,heap        ] GC(261) ParOldGen: 16694K(699392K)->18134K(699392K)
[42.544s][info][gc,metaspace   ] GC(261) Metaspace: 8613K(8832K)->8613K(8832K) NonClass: 7459K(7552K)->7459K(7552K) Class: 1153K(1280K)->1153K(1280K)
[42.545s][info][gc             ] GC(261) Pause Young (Allocation Failure) 310M->19M(1000M) 2.224ms
[42.545s][info][gc,cpu         ] GC(261) User=0.00s Sys=0.00s Real=0.00s
[42.687s][info][gc,start       ] GC(262) Pause Young (Allocation Failure)
[42.693s][info][gc,heap        ] GC(262) PSYoungGen: 304160K(324608K)->5184K(324096K) Eden: 302592K(302592K)->0K(302592K) From: 1568K(22016K)->5184K(21504K)
[42.693s][info][gc,heap        ] GC(262) ParOldGen: 18134K(699392K)->19174K(699392K)
[42.693s][info][gc,metaspace   ] GC(262) Metaspace: 8613K(8832K)->8613K(8832K) NonClass: 7459K(7552K)->7459K(7552K) Class: 1153K(1280K)->1153K(1280K)
[42.693s][info][gc             ] GC(262) Pause Young (Allocation Failure) 314M->23M(999M) 6.153ms
[42.693s][info][gc,cpu         ] GC(262) User=0.00s Sys=0.00s Real=0.01s
[42.845s][info][gc,start       ] GC(263) Pause Young (Allocation Failure)
[42.850s][info][gc,heap        ] GC(263) PSYoungGen: 307776K(324096K)->6752K(326656K) Eden: 302592K(302592K)->0K(306688K) From: 5184K(21504K)->6752K(19968K)
[42.850s][info][gc,heap        ] GC(263) ParOldGen: 19174K(699392K)->23254K(699392K)
[42.850s][info][gc,metaspace   ] GC(263) Metaspace: 8613K(8832K)->8613K(8832K) NonClass: 7459K(7552K)->7459K(7552K) Class: 1153K(1280K)->1153K(1280K)
[42.850s][info][gc             ] GC(263) Pause Young (Allocation Failure) 319M->29M(1002M) 5.167ms
[42.850s][info][gc,cpu         ] GC(263) User=0.00s Sys=0.00s Real=0.00s
[42.987s][info][gc,start       ] GC(264) Pause Young (Allocation Failure)
[42.992s][info][gc,heap        ] GC(264) PSYoungGen: 313440K(326656K)->1664K(325632K) Eden: 306688K(306688K)->0K(306688K) From: 6752K(19968K)->1664K(18944K)
[42.992s][info][gc,heap        ] GC(264) ParOldGen: 23254K(699392K)->29430K(699392K)
[42.992s][info][gc,metaspace   ] GC(264) Metaspace: 8613K(8832K)->8613K(8832K) NonClass: 7459K(7552K)->7459K(7552K) Class: 1153K(1280K)->1153K(1280K)
[42.992s][info][gc             ] GC(264) Pause Young (Allocation Failure) 328M->30M(1001M) 4.654ms
[42.992s][info][gc,cpu         ] GC(264) User=0.00s Sys=0.00s Real=0.00s
[43.135s][info][gc,start       ] GC(265) Pause Young (Allocation Failure)
[43.138s][info][gc,heap        ] GC(265) PSYoungGen: 308352K(325632K)->5376K(329216K) Eden: 306688K(306688K)->0K(311296K) From: 1664K(18944K)->5376K(17920K)
[43.138s][info][gc,heap        ] GC(265) ParOldGen: 29430K(699392K)->30478K(699392K)
[43.138s][info][gc,metaspace   ] GC(265) Metaspace: 8613K(8832K)->8613K(8832K) NonClass: 7459K(7552K)->7459K(7552K) Class: 1153K(1280K)->1153K(1280K)
[43.138s][info][gc             ] GC(265) Pause Young (Allocation Failure) 329M->35M(1004M) 2.814ms
[43.138s][info][gc,cpu         ] GC(265) User=0.00s Sys=0.00s Real=0.00s
[43.297s][info][gc,start       ] GC(266) Pause Young (Allocation Failure)
[43.300s][info][gc,heap        ] GC(266) PSYoungGen: 316672K(329216K)->2304K(328704K) Eden: 311296K(311296K)->0K(311296K) From: 5376K(17920K)->2304K(17408K)
[43.300s][info][gc,heap        ] GC(266) ParOldGen: 30478K(699392K)->34662K(699392K)
[43.300s][info][gc,metaspace   ] GC(266) Metaspace: 8613K(8832K)->8613K(8832K) NonClass: 7459K(7552K)->7459K(7552K) Class: 1153K(1280K)->1153K(1280K)
[43.300s][info][gc             ] GC(266) Pause Young (Allocation Failure) 339M->36M(1004M) 3.230ms
[43.300s][info][gc,cpu         ] GC(266) User=0.00s Sys=0.00s Real=0.00s
[43.500s][info][gc,start       ] GC(267) Pause Young (Allocation Failure)
[43.508s][info][gc,heap        ] GC(267) PSYoungGen: 313600K(328704K)->15408K(326656K) Eden: 311296K(311296K)->0K(310272K) From: 2304K(17408K)->15408K(16384K)
[43.508s][info][gc,heap        ] GC(267) ParOldGen: 34662K(699392K)->35982K(699392K)
[43.508s][info][gc,metaspace   ] GC(267) Metaspace: 8613K(8832K)->8613K(8832K) NonClass: 7459K(7552K)->7459K(7552K) Class: 1153K(1280K)->1153K(1280K)
[43.509s][info][gc             ] GC(267) Pause Young (Allocation Failure) 340M->50M(1002M) 8.173ms
[43.509s][info][gc,cpu         ] GC(267) User=0.00s Sys=0.00s Real=0.01s
[43.658s][info][gc,start       ] GC(268) Pause Young (Allocation Failure)
[43.668s][info][gc,heap        ] GC(268) PSYoungGen: 325680K(326656K)->1504K(329728K) Eden: 310272K(310272K)->0K(310272K) From: 15408K(16384K)->1504K(19456K)
[43.668s][info][gc,heap        ] GC(268) ParOldGen: 35982K(699392K)->51054K(699392K)
[43.668s][info][gc,metaspace   ] GC(268) Metaspace: 8613K(8832K)->8613K(8832K) NonClass: 7459K(7552K)->7459K(7552K) Class: 1153K(1280K)->1153K(1280K)
[43.668s][info][gc             ] GC(268) Pause Young (Allocation Failure) 353M->51M(1005M) 9.631ms
[43.668s][info][gc,cpu         ] GC(268) User=0.38s Sys=0.00s Real=0.02s
[43.814s][info][gc,start       ] GC(269) Pause Young (Allocation Failure)
[43.817s][info][gc,heap        ] GC(269) PSYoungGen: 311776K(329728K)->5280K(326144K) Eden: 310272K(310272K)->0K(310784K) From: 1504K(19456K)->5280K(15360K)
[43.817s][info][gc,heap        ] GC(269) ParOldGen: 51054K(699392K)->52102K(699392K)
[43.817s][info][gc,metaspace   ] GC(269) Metaspace: 8613K(8832K)->8613K(8832K) NonClass: 7459K(7552K)->7459K(7552K) Class: 1153K(1280K)->1153K(1280K)
[43.817s][info][gc             ] GC(269) Pause Young (Allocation Failure) 354M->56M(1001M) 3.068ms
[43.817s][info][gc,cpu         ] GC(269) User=0.00s Sys=0.00s Real=0.00s
[43.965s][info][gc,start       ] GC(270) Pause Young (Allocation Failure)
[43.968s][info][gc,heap        ] GC(270) PSYoungGen: 316064K(326144K)->2192K(328192K) Eden: 310784K(310784K)->0K(310784K) From: 5280K(15360K)->2192K(17408K)
[43.968s][info][gc,heap        ] GC(270) ParOldGen: 52102K(699392K)->56294K(699392K)
[43.969s][info][gc,metaspace   ] GC(270) Metaspace: 8613K(8832K)->8613K(8832K) NonClass: 7459K(7552K)->7459K(7552K) Class: 1153K(1280K)->1153K(1280K)
[43.969s][info][gc             ] GC(270) Pause Young (Allocation Failure) 359M->57M(1003M) 3.484ms
[43.969s][info][gc,cpu         ] GC(270) User=0.00s Sys=0.00s Real=0.00s
[44.138s][info][gc,start       ] GC(271) Pause Young (Allocation Failure)
[44.142s][info][gc,heap        ] GC(271) PSYoungGen: 312976K(328192K)->6368K(330240K) Eden: 310784K(310784K)->0K(314880K) From: 2192K(17408K)->6368K(15360K)
[44.142s][info][gc,heap        ] GC(271) ParOldGen: 56294K(699392K)->57590K(699392K)
[44.143s][info][gc,metaspace   ] GC(271) Metaspace: 8613K(8832K)->8613K(8832K) NonClass: 7459K(7552K)->7459K(7552K) Class: 1153K(1280K)->1153K(1280K)
[44.143s][info][gc             ] GC(271) Pause Young (Allocation Failure) 360M->62M(1005M) 4.076ms
[44.143s][info][gc,cpu         ] GC(271) User=0.38s Sys=0.00s Real=0.00s
[44.296s][info][gc,start       ] GC(272) Pause Young (Allocation Failure)
[44.301s][info][gc,heap        ] GC(272) PSYoungGen: 321248K(330240K)->1760K(331264K) Eden: 314880K(314880K)->0K(314880K) From: 6368K(15360K)->1760K(16384K)
[44.301s][info][gc,heap        ] GC(272) ParOldGen: 57590K(699392K)->63438K(699392K)
[44.301s][info][gc,metaspace   ] GC(272) Metaspace: 8613K(8832K)->8613K(8832K) NonClass: 7459K(7552K)->7459K(7552K) Class: 1153K(1280K)->1153K(1280K)
[44.301s][info][gc             ] GC(272) Pause Young (Allocation Failure) 369M->63M(1006M) 4.727ms
[44.301s][info][gc,cpu         ] GC(272) User=0.00s Sys=0.00s Real=0.01s
[44.450s][info][gc,start       ] GC(273) Pause Young (Allocation Failure)
[44.452s][info][gc,heap        ] GC(273) PSYoungGen: 316640K(331264K)->2528K(331264K) Eden: 314880K(314880K)->0K(316928K) From: 1760K(16384K)->2528K(14336K)
[44.452s][info][gc,heap        ] GC(273) ParOldGen: 63438K(699392K)->63822K(699392K)
[44.452s][info][gc,metaspace   ] GC(273) Metaspace: 8613K(8832K)->8613K(8832K) NonClass: 7459K(7552K)->7459K(7552K) Class: 1153K(1280K)->1153K(1280K)
[44.452s][info][gc             ] GC(273) Pause Young (Allocation Failure) 371M->64M(1006M) 2.122ms
[44.452s][info][gc,cpu         ] GC(273) User=0.38s Sys=0.00s Real=0.00s
[44.601s][info][gc,start       ] GC(274) Pause Young (Allocation Failure)
[44.604s][info][gc,heap        ] GC(274) PSYoungGen: 319456K(331264K)->2224K(332288K) Eden: 316928K(316928K)->0K(316928K) From: 2528K(14336K)->2224K(15360K)
[44.604s][info][gc,heap        ] GC(274) ParOldGen: 63822K(699392K)->65238K(699392K)
[44.604s][info][gc,metaspace   ] GC(274) Metaspace: 8613K(8832K)->8613K(8832K) NonClass: 7459K(7552K)->7459K(7552K) Class: 1153K(1280K)->1153K(1280K)
[44.604s][info][gc             ] GC(274) Pause Young (Allocation Failure) 374M->65M(1007M) 2.283ms
[44.604s][info][gc,cpu         ] GC(274) User=0.00s Sys=0.00s Real=0.00s
[45.090s][info][gc,start       ] GC(275) Pause Young (Allocation Failure)
[45.113s][info][gc,heap        ] GC(275) PSYoungGen: 319152K(332288K)->14313K(301056K) Eden: 316928K(316928K)->0K(286720K) From: 2224K(15360K)->14313K(14336K)
[45.114s][info][gc,heap        ] GC(275) ParOldGen: 65238K(699392K)->103390K(699392K)
[45.114s][info][gc,metaspace   ] GC(275) Metaspace: 8613K(8832K)->8613K(8832K) NonClass: 7459K(7552K)->7459K(7552K) Class: 1153K(1280K)->1153K(1280K)
[45.114s][info][gc             ] GC(275) Pause Young (Allocation Failure) 375M->114M(977M) 23.942ms
[45.114s][info][gc,cpu         ] GC(275) User=0.75s Sys=0.00s Real=0.02s
[45.164s][info][gc,start       ] GC(276) Pause Young (System.gc())
[45.171s][info][gc,heap        ] GC(276) PSYoungGen: 48717K(301056K)->32K(317952K) Eden: 34403K(286720K)->0K(286720K) From: 14313K(14336K)->32K(31232K)
[45.171s][info][gc,heap        ] GC(276) ParOldGen: 103390K(699392K)->116894K(699392K)
[45.171s][info][gc,metaspace   ] GC(276) Metaspace: 8613K(8832K)->8613K(8832K) NonClass: 7459K(7552K)->7459K(7552K) Class: 1153K(1280K)->1153K(1280K)
[45.171s][info][gc             ] GC(276) Pause Young (System.gc()) 148M->114M(993M) 6.925ms
[45.171s][info][gc,cpu         ] GC(276) User=0.20s Sys=0.00s Real=0.01s
[45.171s][info][gc,start       ] GC(277) Pause Full (System.gc())
[45.171s][info][gc,phases,start] GC(277) Marking Phase
[45.181s][info][gc,phases      ] GC(277) Marking Phase 9.912ms
[45.181s][info][gc,phases,start] GC(277) Summary Phase
[45.181s][info][gc,phases      ] GC(277) Summary Phase 0.024ms
[45.181s][info][gc,phases,start] GC(277) Adjust Roots
[45.182s][info][gc,phases      ] GC(277) Adjust Roots 1.314ms
[45.183s][info][gc,phases,start] GC(277) Compaction Phase
[45.185s][info][gc,phases      ] GC(277) Compaction Phase 2.328ms
[45.185s][info][gc,phases,start] GC(277) Post Compact
[45.186s][info][gc,phases      ] GC(277) Post Compact 0.835ms
[45.186s][info][gc,heap        ] GC(277) PSYoungGen: 32K(317952K)->0K(317952K) Eden: 0K(286720K)->0K(286720K) From: 32K(31232K)->0K(31232K)
[45.186s][info][gc,heap        ] GC(277) ParOldGen: 116894K(699392K)->3526K(699392K)
[45.186s][info][gc,metaspace   ] GC(277) Metaspace: 8613K(8832K)->8613K(8832K) NonClass: 7459K(7552K)->7459K(7552K) Class: 1153K(1280K)->1153K(1280K)
[45.186s][info][gc             ] GC(277) Pause Full (System.gc()) 114M->3M(993M) 14.719ms
[45.186s][info][gc,cpu         ] GC(277) User=0.00s Sys=0.00s Real=0.01s
[45.319s][info][gc,start       ] GC(278) Pause Young (Allocation Failure)
[45.320s][info][gc,heap        ] GC(278) PSYoungGen: 286720K(317952K)->1568K(315392K) Eden: 286720K(286720K)->0K(287232K) From: 0K(31232K)->1568K(28160K)
[45.320s][info][gc,heap        ] GC(278) ParOldGen: 3526K(699392K)->3526K(699392K)
[45.320s][info][gc,metaspace   ] GC(278) Metaspace: 8624K(8896K)->8624K(8896K) NonClass: 7470K(7616K)->7470K(7616K) Class: 1153K(1280K)->1153K(1280K)
[45.320s][info][gc             ] GC(278) Pause Young (Allocation Failure) 283M->4M(991M) 1.363ms
[45.320s][info][gc,cpu         ] GC(278) User=0.00s Sys=0.00s Real=0.00s
[45.473s][info][gc,start       ] GC(279) Pause Young (Allocation Failure)
[45.475s][info][gc,heap        ] GC(279) PSYoungGen: 288800K(315392K)->2240K(316928K) Eden: 287232K(287232K)->0K(287232K) From: 1568K(28160K)->2240K(29696K)
[45.475s][info][gc,heap        ] GC(279) ParOldGen: 3526K(699392K)->3950K(699392K)
[45.475s][info][gc,metaspace   ] GC(279) Metaspace: 8624K(8896K)->8624K(8896K) NonClass: 7470K(7616K)->7470K(7616K) Class: 1153K(1280K)->1153K(1280K)
[45.475s][info][gc             ] GC(279) Pause Young (Allocation Failure) 285M->6M(992M) 2.237ms
[45.475s][info][gc,cpu         ] GC(279) User=0.00s Sys=0.00s Real=0.00s
[45.633s][info][gc,start       ] GC(280) Pause Young (Allocation Failure)
[45.635s][info][gc,heap        ] GC(280) PSYoungGen: 289472K(316928K)->1632K(317440K) Eden: 287232K(287232K)->0K(291328K) From: 2240K(29696K)->1632K(26112K)
[45.635s][info][gc,heap        ] GC(280) ParOldGen: 3950K(699392K)->5390K(699392K)
[45.635s][info][gc,metaspace   ] GC(280) Metaspace: 8624K(8896K)->8624K(8896K) NonClass: 7470K(7616K)->7470K(7616K) Class: 1153K(1280K)->1153K(1280K)
[45.636s][info][gc             ] GC(280) Pause Young (Allocation Failure) 286M->6M(993M) 2.472ms
[45.636s][info][gc,cpu         ] GC(280) User=0.00s Sys=0.00s Real=0.00s
[45.786s][info][gc,start       ] GC(281) Pause Young (Allocation Failure)
[45.790s][info][gc,heap        ] GC(281) PSYoungGen: 292960K(317440K)->5280K(318464K) Eden: 291328K(291328K)->0K(291328K) From: 1632K(26112K)->5280K(27136K)
[45.790s][info][gc,heap        ] GC(281) ParOldGen: 5390K(699392K)->6430K(699392K)
[45.790s][info][gc,metaspace   ] GC(281) Metaspace: 8624K(8896K)->8624K(8896K) NonClass: 7470K(7616K)->7470K(7616K) Class: 1153K(1280K)->1153K(1280K)
[45.790s][info][gc             ] GC(281) Pause Young (Allocation Failure) 291M->11M(994M) 3.502ms
[45.790s][info][gc,cpu         ] GC(281) User=0.36s Sys=0.00s Real=0.02s
[45.936s][info][gc,start       ] GC(282) Pause Young (Allocation Failure)
[45.941s][info][gc,heap        ] GC(282) PSYoungGen: 296608K(318464K)->6832K(318464K) Eden: 291328K(291328K)->0K(296448K) From: 5280K(27136K)->6832K(22016K)
[45.941s][info][gc,heap        ] GC(282) ParOldGen: 6430K(699392K)->10510K(699392K)
[45.942s][info][gc,metaspace   ] GC(282) Metaspace: 8624K(8896K)->8624K(8896K) NonClass: 7470K(7616K)->7470K(7616K) Class: 1153K(1280K)->1153K(1280K)
[45.942s][info][gc             ] GC(282) Pause Young (Allocation Failure) 295M->16M(994M) 5.660ms
[45.942s][info][gc,cpu         ] GC(282) User=0.34s Sys=0.02s Real=0.01s
[46.076s][info][gc,start       ] GC(283) Pause Young (Allocation Failure)
[46.080s][info][gc,heap        ] GC(283) PSYoungGen: 303280K(318464K)->1664K(320000K) Eden: 296448K(296448K)->0K(296448K) From: 6832K(22016K)->1664K(23552K)
[46.080s][info][gc,heap        ] GC(283) ParOldGen: 10510K(699392K)->16710K(699392K)
[46.080s][info][gc,metaspace   ] GC(283) Metaspace: 8624K(8896K)->8624K(8896K) NonClass: 7470K(7616K)->7470K(7616K) Class: 1153K(1280K)->1153K(1280K)
[46.081s][info][gc             ] GC(283) Pause Young (Allocation Failure) 306M->17M(995M) 4.665ms
[46.081s][info][gc,cpu         ] GC(283) User=0.36s Sys=0.00s Real=0.00s
[46.221s][info][gc,start       ] GC(284) Pause Young (Allocation Failure)
[46.223s][info][gc,heap        ] GC(284) PSYoungGen: 298112K(320000K)->5408K(322048K) Eden: 296448K(296448K)->0K(302592K) From: 1664K(23552K)->5408K(19456K)
[46.223s][info][gc,heap        ] GC(284) ParOldGen: 16710K(699392K)->17734K(699392K)
[46.223s][info][gc,metaspace   ] GC(284) Metaspace: 8624K(8896K)->8624K(8896K) NonClass: 7470K(7616K)->7470K(7616K) Class: 1153K(1280K)->1153K(1280K)
[46.223s][info][gc             ] GC(284) Pause Young (Allocation Failure) 307M->22M(997M) 2.870ms
[46.224s][info][gc,cpu         ] GC(284) User=0.00s Sys=0.00s Real=0.00s
[46.367s][info][gc,start       ] GC(285) Pause Young (Allocation Failure)
[46.370s][info][gc,heap        ] GC(285) PSYoungGen: 308000K(322048K)->2304K(324096K) Eden: 302592K(302592K)->0K(302592K) From: 5408K(19456K)->2304K(21504K)
[46.370s][info][gc,heap        ] GC(285) ParOldGen: 17734K(699392K)->21942K(699392K)
[46.370s][info][gc,metaspace   ] GC(285) Metaspace: 8624K(8896K)->8624K(8896K) NonClass: 7470K(7616K)->7470K(7616K) Class: 1153K(1280K)->1153K(1280K)
[46.370s][info][gc             ] GC(285) Pause Young (Allocation Failure) 318M->23M(999M) 3.322ms
[46.371s][info][gc,cpu         ] GC(285) User=0.00s Sys=0.00s Real=0.00s
[46.521s][info][gc,start       ] GC(286) Pause Young (Allocation Failure)
[46.525s][info][gc,heap        ] GC(286) PSYoungGen: 304896K(324096K)->6528K(324608K) Eden: 302592K(302592K)->0K(307200K) From: 2304K(21504K)->6528K(17408K)
[46.525s][info][gc,heap        ] GC(286) ParOldGen: 21942K(699392K)->23246K(699392K)
[46.525s][info][gc,metaspace   ] GC(286) Metaspace: 8624K(8896K)->8624K(8896K) NonClass: 7470K(7616K)->7470K(7616K) Class: 1153K(1280K)->1153K(1280K)
[46.525s][info][gc             ] GC(286) Pause Young (Allocation Failure) 319M->29M(1000M) 4.053ms
[46.525s][info][gc,cpu         ] GC(286) User=0.00s Sys=0.00s Real=0.00s
[46.678s][info][gc,start       ] GC(287) Pause Young (Allocation Failure)
[46.683s][info][gc,heap        ] GC(287) PSYoungGen: 313728K(324608K)->1536K(326656K) Eden: 307200K(307200K)->0K(307200K) From: 6528K(17408K)->1536K(19456K)
[46.683s][info][gc,heap        ] GC(287) ParOldGen: 23246K(699392K)->29454K(699392K)
[46.683s][info][gc,metaspace   ] GC(287) Metaspace: 8624K(8896K)->8624K(8896K) NonClass: 7470K(7616K)->7470K(7616K) Class: 1153K(1280K)->1153K(1280K)
[46.683s][info][gc             ] GC(287) Pause Young (Allocation Failure) 329M->30M(1002M) 4.555ms
[46.683s][info][gc,cpu         ] GC(287) User=0.00s Sys=0.00s Real=0.00s
[46.841s][info][gc,start       ] GC(288) Pause Young (Allocation Failure)
[46.844s][info][gc,heap        ] GC(288) PSYoungGen: 308736K(326656K)->5280K(326656K) Eden: 307200K(307200K)->0K(311296K) From: 1536K(19456K)->5280K(15360K)
[46.844s][info][gc,heap        ] GC(288) ParOldGen: 29454K(699392K)->30486K(699392K)
[46.844s][info][gc,metaspace   ] GC(288) Metaspace: 8624K(8896K)->8624K(8896K) NonClass: 7470K(7616K)->7470K(7616K) Class: 1153K(1280K)->1153K(1280K)
[46.844s][info][gc             ] GC(288) Pause Young (Allocation Failure) 330M->34M(1002M) 2.842ms
[46.844s][info][gc,cpu         ] GC(288) User=0.38s Sys=0.00s Real=0.00s
[46.991s][info][gc,start       ] GC(289) Pause Young (Allocation Failure)
[46.994s][info][gc,heap        ] GC(289) PSYoungGen: 316576K(326656K)->2224K(328704K) Eden: 311296K(311296K)->0K(311296K) From: 5280K(15360K)->2224K(17408K)
[46.994s][info][gc,heap        ] GC(289) ParOldGen: 30486K(699392K)->34686K(699392K)
[46.994s][info][gc,metaspace   ] GC(289) Metaspace: 8624K(8896K)->8624K(8896K) NonClass: 7470K(7616K)->7470K(7616K) Class: 1153K(1280K)->1153K(1280K)
[46.994s][info][gc             ] GC(289) Pause Young (Allocation Failure) 338M->36M(1004M) 3.361ms
[46.994s][info][gc,cpu         ] GC(289) User=0.00s Sys=0.00s Real=0.00s
[47.170s][info][gc,start       ] GC(290) Pause Young (Allocation Failure)
[47.178s][info][gc,heap        ] GC(290) PSYoungGen: 313520K(328704K)->15328K(327168K) Eden: 311296K(311296K)->0K(310272K) From: 2224K(17408K)->15328K(16896K)
[47.178s][info][gc,heap        ] GC(290) ParOldGen: 34686K(699392K)->36006K(699392K)
[47.178s][info][gc,metaspace   ] GC(290) Metaspace: 8624K(8896K)->8624K(8896K) NonClass: 7470K(7616K)->7470K(7616K) Class: 1153K(1280K)->1153K(1280K)
[47.178s][info][gc             ] GC(290) Pause Young (Allocation Failure) 340M->50M(1002M) 8.174ms
[47.178s][info][gc,cpu         ] GC(290) User=0.00s Sys=0.00s Real=0.00s
[47.317s][info][gc,start       ] GC(291) Pause Young (Allocation Failure)
[47.326s][info][gc,heap        ] GC(291) PSYoungGen: 325600K(327168K)->1728K(329728K) Eden: 310272K(310272K)->0K(310272K) From: 15328K(16896K)->1728K(19456K)
[47.326s][info][gc,heap        ] GC(291) ParOldGen: 36006K(699392K)->50774K(699392K)
[47.326s][info][gc,metaspace   ] GC(291) Metaspace: 8624K(8896K)->8624K(8896K) NonClass: 7470K(7616K)->7470K(7616K) Class: 1153K(1280K)->1153K(1280K)
[47.326s][info][gc             ] GC(291) Pause Young (Allocation Failure) 353M->51M(1005M) 9.456ms
[47.326s][info][gc,cpu         ] GC(291) User=0.38s Sys=0.00s Real=0.02s
[47.490s][info][gc,start       ] GC(292) Pause Young (Allocation Failure)
[47.492s][info][gc,heap        ] GC(292) PSYoungGen: 312000K(329728K)->2496K(327168K) Eden: 310272K(310272K)->0K(310784K) From: 1728K(19456K)->2496K(16384K)
[47.492s][info][gc,heap        ] GC(292) ParOldGen: 50774K(699392K)->51166K(699392K)
[47.492s][info][gc,metaspace   ] GC(292) Metaspace: 8624K(8896K)->8624K(8896K) NonClass: 7470K(7616K)->7470K(7616K) Class: 1153K(1280K)->1153K(1280K)
[47.492s][info][gc             ] GC(292) Pause Young (Allocation Failure) 354M->52M(1002M) 2.175ms
[47.492s][info][gc,cpu         ] GC(292) User=0.00s Sys=0.00s Real=0.00s
[47.652s][info][gc,start       ] GC(293) Pause Young (Allocation Failure)
[47.654s][info][gc,heap        ] GC(293) PSYoungGen: 313280K(327168K)->2000K(328704K) Eden: 310784K(310784K)->0K(310784K) From: 2496K(16384K)->2000K(17920K)
[47.654s][info][gc,heap        ] GC(293) ParOldGen: 51166K(699392K)->52598K(699392K)
[47.654s][info][gc,metaspace   ] GC(293) Metaspace: 8624K(8896K)->8624K(8896K) NonClass: 7470K(7616K)->7470K(7616K) Class: 1153K(1280K)->1153K(1280K)
[47.654s][info][gc             ] GC(293) Pause Young (Allocation Failure) 355M->53M(1004M) 2.449ms
[47.654s][info][gc,cpu         ] GC(293) User=0.00s Sys=0.00s Real=0.00s
[47.826s][info][gc,start       ] GC(294) Pause Young (Allocation Failure)
[47.830s][info][gc,heap        ] GC(294) PSYoungGen: 312784K(328704K)->6272K(328704K) Eden: 310784K(310784K)->0K(313856K) From: 2000K(17920K)->6272K(14848K)
[47.830s][info][gc,heap        ] GC(294) ParOldGen: 52598K(699392K)->53902K(699392K)
[47.830s][info][gc,metaspace   ] GC(294) Metaspace: 8624K(8896K)->8624K(8896K) NonClass: 7470K(7616K)->7470K(7616K) Class: 1153K(1280K)->1153K(1280K)
[47.830s][info][gc             ] GC(294) Pause Young (Allocation Failure) 356M->58M(1004M) 3.915ms
[47.830s][info][gc,cpu         ] GC(294) User=0.38s Sys=0.00s Real=0.00s
[47.981s][info][gc,start       ] GC(295) Pause Young (Allocation Failure)
[47.985s][info][gc,heap        ] GC(295) PSYoungGen: 320128K(328704K)->1568K(330240K) Eden: 313856K(313856K)->0K(313856K) From: 6272K(14848K)->1568K(16384K)
[47.985s][info][gc,heap        ] GC(295) ParOldGen: 53902K(699392K)->59782K(699392K)
[47.985s][info][gc,metaspace   ] GC(295) Metaspace: 8624K(8896K)->8624K(8896K) NonClass: 7470K(7616K)->7470K(7616K) Class: 1153K(1280K)->1153K(1280K)
[47.985s][info][gc             ] GC(295) Pause Young (Allocation Failure) 365M->59M(1005M) 4.206ms
[47.985s][info][gc,cpu         ] GC(295) User=0.00s Sys=0.00s Real=0.00s
[48.145s][info][gc,start       ] GC(296) Pause Young (Allocation Failure)
[48.147s][info][gc,heap        ] GC(296) PSYoungGen: 315424K(330240K)->2512K(331264K) Eden: 313856K(313856K)->0K(316928K) From: 1568K(16384K)->2512K(14336K)
[48.147s][info][gc,heap        ] GC(296) ParOldGen: 59782K(699392K)->60182K(699392K)
[48.147s][info][gc,metaspace   ] GC(296) Metaspace: 8624K(8896K)->8624K(8896K) NonClass: 7470K(7616K)->7470K(7616K) Class: 1153K(1280K)->1153K(1280K)
[48.147s][info][gc             ] GC(296) Pause Young (Allocation Failure) 366M->61M(1006M) 1.944ms
[48.147s][info][gc,cpu         ] GC(296) User=0.00s Sys=0.00s Real=0.00s
[48.296s][info][gc,start       ] GC(297) Pause Young (Allocation Failure)
[48.298s][info][gc,heap        ] GC(297) PSYoungGen: 319440K(331264K)->2064K(332288K) Eden: 316928K(316928K)->0K(316928K) From: 2512K(14336K)->2064K(15360K)
[48.299s][info][gc,heap        ] GC(297) ParOldGen: 60182K(699392K)->61614K(699392K)
[48.299s][info][gc,metaspace   ] GC(297) Metaspace: 8624K(8896K)->8624K(8896K) NonClass: 7470K(7616K)->7470K(7616K) Class: 1153K(1280K)->1153K(1280K)
[48.299s][info][gc             ] GC(297) Pause Young (Allocation Failure) 370M->62M(1007M) 2.260ms
[48.299s][info][gc,cpu         ] GC(297) User=0.00s Sys=0.00s Real=0.00s
[48.525s][info][gc,start       ] GC(298) Pause Young (Allocation Failure)
[48.543s][info][gc,heap        ] GC(298) PSYoungGen: 318992K(332288K)->14816K(312832K) Eden: 316928K(316928K)->0K(297984K) From: 2064K(15360K)->14816K(14848K)
[48.543s][info][gc,heap        ] GC(298) ParOldGen: 61614K(699392K)->83342K(699392K)
[48.543s][info][gc,metaspace   ] GC(298) Metaspace: 8625K(8896K)->8625K(8896K) NonClass: 7471K(7616K)->7471K(7616K) Class: 1153K(1280K)->1153K(1280K)
[48.543s][info][gc             ] GC(298) Pause Young (Allocation Failure) 371M->95M(988M) 18.195ms
[48.543s][info][gc,cpu         ] GC(298) User=0.75s Sys=0.00s Real=0.03s
[48.841s][info][gc,start       ] GC(299) Pause Young (System.gc())
[48.857s][info][gc,heap        ] GC(299) PSYoungGen: 88304K(312832K)->20896K(318976K) Eden: 73488K(297984K)->0K(297984K) From: 14816K(14848K)->20896K(20992K)
[48.857s][info][gc,heap        ] GC(299) ParOldGen: 83342K(699392K)->96038K(699392K)
[48.857s][info][gc,metaspace   ] GC(299) Metaspace: 8625K(8896K)->8625K(8896K) NonClass: 7472K(7616K)->7472K(7616K) Class: 1153K(1280K)->1153K(1280K)
[48.857s][info][gc             ] GC(299) Pause Young (System.gc()) 167M->114M(994M) 16.225ms
[48.857s][info][gc,cpu         ] GC(299) User=0.36s Sys=0.00s Real=0.01s
[48.857s][info][gc,start       ] GC(300) Pause Full (System.gc())
[48.857s][info][gc,phases,start] GC(300) Marking Phase
[48.864s][info][gc,phases      ] GC(300) Marking Phase 6.356ms
[48.864s][info][gc,phases,start] GC(300) Summary Phase
[48.864s][info][gc,phases      ] GC(300) Summary Phase 0.013ms
[48.864s][info][gc,phases,start] GC(300) Adjust Roots
[48.865s][info][gc,phases      ] GC(300) Adjust Roots 1.287ms
[48.865s][info][gc,phases,start] GC(300) Compaction Phase
[48.867s][info][gc,phases      ] GC(300) Compaction Phase 2.085ms
[48.867s][info][gc,phases,start] GC(300) Post Compact
[48.868s][info][gc,phases      ] GC(300) Post Compact 0.747ms
[48.868s][info][gc,heap        ] GC(300) PSYoungGen: 20896K(318976K)->0K(318976K) Eden: 0K(297984K)->0K(297984K) From: 20896K(20992K)->0K(20992K)
[48.868s][info][gc,heap        ] GC(300) ParOldGen: 96038K(699392K)->3526K(699392K)
[48.868s][info][gc,metaspace   ] GC(300) Metaspace: 8625K(8896K)->8625K(8896K) NonClass: 7472K(7616K)->7472K(7616K) Class: 1153K(1280K)->1153K(1280K)
[48.868s][info][gc             ] GC(300) Pause Full (System.gc()) 114M->3M(994M) 10.686ms
[48.868s][info][gc,cpu         ] GC(300) User=0.13s Sys=0.00s Real=0.02s
[49.008s][info][gc,start       ] GC(301) Pause Young (Allocation Failure)
[49.009s][info][gc,heap        ] GC(301) PSYoungGen: 297984K(318976K)->1568K(321024K) Eden: 297984K(297984K)->0K(292352K) From: 0K(20992K)->1568K(28672K)
[49.009s][info][gc,heap        ] GC(301) ParOldGen: 3526K(699392K)->3526K(699392K)
[49.009s][info][gc,metaspace   ] GC(301) Metaspace: 8630K(8896K)->8630K(8896K) NonClass: 7476K(7616K)->7476K(7616K) Class: 1153K(1280K)->1153K(1280K)
[49.009s][info][gc             ] GC(301) Pause Young (Allocation Failure) 294M->4M(996M) 1.284ms
[49.009s][info][gc,cpu         ] GC(301) User=0.00s Sys=0.00s Real=0.00s
[49.148s][info][gc,start       ] GC(302) Pause Young (Allocation Failure)
[49.150s][info][gc,heap        ] GC(302) PSYoungGen: 293920K(321024K)->2048K(294912K) Eden: 292352K(292352K)->0K(292352K) From: 1568K(28672K)->2048K(2560K)
[49.150s][info][gc,heap        ] GC(302) ParOldGen: 3526K(699392K)->3926K(699392K)
[49.150s][info][gc,metaspace   ] GC(302) Metaspace: 8630K(8896K)->8630K(8896K) NonClass: 7476K(7616K)->7476K(7616K) Class: 1153K(1280K)->1153K(1280K)
[49.150s][info][gc             ] GC(302) Pause Young (Allocation Failure) 290M->5M(971M) 2.663ms
[49.150s][info][gc,cpu         ] GC(302) User=0.00s Sys=0.00s Real=0.00s
[49.289s][info][gc,start       ] GC(303) Pause Young (Allocation Failure)
[49.291s][info][gc,heap        ] GC(303) PSYoungGen: 294400K(294912K)->1568K(320512K) Eden: 292352K(292352K)->0K(293376K) From: 2048K(2560K)->1568K(27136K)
[49.291s][info][gc,heap        ] GC(303) ParOldGen: 3926K(699392K)->5358K(699392K)
[49.291s][info][gc,metaspace   ] GC(303) Metaspace: 8630K(8896K)->8630K(8896K) NonClass: 7476K(7616K)->7476K(7616K) Class: 1153K(1280K)->1153K(1280K)
[49.291s][info][gc             ] GC(303) Pause Young (Allocation Failure) 291M->6M(996M) 2.043ms
[49.291s][info][gc,cpu         ] GC(303) User=0.00s Sys=0.00s Real=0.00s
[49.423s][info][gc,start       ] GC(304) Pause Young (Allocation Failure)
[49.427s][info][gc,heap        ] GC(304) PSYoungGen: 294944K(320512K)->1536K(319488K) Eden: 293376K(293376K)->0K(293376K) From: 1568K(27136K)->1536K(26112K)
[49.427s][info][gc,heap        ] GC(304) ParOldGen: 5358K(699392K)->6670K(699392K)
[49.427s][info][gc,metaspace   ] GC(304) Metaspace: 8630K(8896K)->8630K(8896K) NonClass: 7476K(7616K)->7476K(7616K) Class: 1153K(1280K)->1153K(1280K)
[49.427s][info][gc             ] GC(304) Pause Young (Allocation Failure) 293M->8M(995M) 3.659ms
[49.427s][info][gc,cpu         ] GC(304) User=0.36s Sys=0.00s Real=0.02s
[49.572s][info][gc,start       ] GC(305) Pause Young (Allocation Failure)
[49.576s][info][gc,heap        ] GC(305) PSYoungGen: 294912K(319488K)->9648K(321536K) Eden: 293376K(293376K)->0K(296448K) From: 1536K(26112K)->9648K(25088K)
[49.576s][info][gc,heap        ] GC(305) ParOldGen: 6670K(699392K)->7694K(699392K)
[49.576s][info][gc,metaspace   ] GC(305) Metaspace: 8630K(8896K)->8630K(8896K) NonClass: 7476K(7616K)->7476K(7616K) Class: 1153K(1280K)->1153K(1280K)
[49.576s][info][gc             ] GC(305) Pause Young (Allocation Failure) 294M->16M(997M) 4.584ms
[49.576s][info][gc,cpu         ] GC(305) User=0.00s Sys=0.00s Real=0.00s
[49.732s][info][gc,start       ] GC(306) Pause Young (Allocation Failure)
[49.738s][info][gc,heap        ] GC(306) PSYoungGen: 306096K(321536K)->1760K(321024K) Eden: 296448K(296448K)->0K(296448K) From: 9648K(25088K)->1760K(24576K)
[49.738s][info][gc,heap        ] GC(306) ParOldGen: 7694K(699392K)->16670K(699392K)
[49.738s][info][gc,metaspace   ] GC(306) Metaspace: 8630K(8896K)->8630K(8896K) NonClass: 7476K(7616K)->7476K(7616K) Class: 1153K(1280K)->1153K(1280K)
[49.738s][info][gc             ] GC(306) Pause Young (Allocation Failure) 306M->17M(996M) 5.571ms
[49.738s][info][gc,cpu         ] GC(306) User=0.36s Sys=0.00s Real=0.01s
[49.883s][info][gc,start       ] GC(307) Pause Young (Allocation Failure)
[49.885s][info][gc,heap        ] GC(307) PSYoungGen: 298208K(321024K)->1568K(323584K) Eden: 296448K(296448K)->0K(300544K) From: 1760K(24576K)->1568K(23040K)
[49.885s][info][gc,heap        ] GC(307) ParOldGen: 16670K(699392K)->18110K(699392K)
[49.885s][info][gc,metaspace   ] GC(307) Metaspace: 8630K(8896K)->8630K(8896K) NonClass: 7476K(7616K)->7476K(7616K) Class: 1153K(1280K)->1153K(1280K)
[49.885s][info][gc             ] GC(307) Pause Young (Allocation Failure) 307M->19M(999M) 1.904ms
[49.885s][info][gc,cpu         ] GC(307) User=0.36s Sys=0.00s Real=0.02s
[50.039s][info][gc,start       ] GC(308) Pause Young (Allocation Failure)
[50.045s][info][gc,heap        ] GC(308) PSYoungGen: 302112K(323584K)->5088K(323072K) Eden: 300544K(300544K)->0K(300544K) From: 1568K(23040K)->5088K(22528K)
[50.045s][info][gc,heap        ] GC(308) ParOldGen: 18110K(699392K)->19126K(699392K)
[50.045s][info][gc,metaspace   ] GC(308) Metaspace: 8630K(8896K)->8630K(8896K) NonClass: 7476K(7616K)->7476K(7616K) Class: 1153K(1280K)->1153K(1280K)
[50.045s][info][gc             ] GC(308) Pause Young (Allocation Failure) 312M->23M(998M) 6.021ms
[50.045s][info][gc,cpu         ] GC(308) User=0.38s Sys=0.00s Real=0.02s
[50.196s][info][gc,start       ] GC(309) Pause Young (Allocation Failure)
[50.201s][info][gc,heap        ] GC(309) PSYoungGen: 305632K(323072K)->6624K(325632K) Eden: 300544K(300544K)->0K(304640K) From: 5088K(22528K)->6624K(20992K)
[50.201s][info][gc,heap        ] GC(309) ParOldGen: 19126K(699392K)->23198K(699392K)
[50.201s][info][gc,metaspace   ] GC(309) Metaspace: 8630K(8896K)->8630K(8896K) NonClass: 7476K(7616K)->7476K(7616K) Class: 1153K(1280K)->1153K(1280K)
[50.201s][info][gc             ] GC(309) Pause Young (Allocation Failure) 317M->29M(1001M) 5.043ms
[50.201s][info][gc,cpu         ] GC(309) User=0.00s Sys=0.00s Real=0.00s
[50.352s][info][gc,start       ] GC(310) Pause Young (Allocation Failure)
[50.357s][info][gc,heap        ] GC(310) PSYoungGen: 311264K(325632K)->1632K(324608K) Eden: 304640K(304640K)->0K(304640K) From: 6624K(20992K)->1632K(19968K)
[50.357s][info][gc,heap        ] GC(310) ParOldGen: 23198K(699392K)->29374K(699392K)
[50.357s][info][gc,metaspace   ] GC(310) Metaspace: 8630K(8896K)->8630K(8896K) NonClass: 7476K(7616K)->7476K(7616K) Class: 1153K(1280K)->1153K(1280K)
[50.357s][info][gc             ] GC(310) Pause Young (Allocation Failure) 326M->30M(1000M) 4.510ms
[50.357s][info][gc,cpu         ] GC(310) User=0.00s Sys=0.00s Real=0.01s
[50.509s][info][gc,start       ] GC(311) Pause Young (Allocation Failure)
[50.512s][info][gc,heap        ] GC(311) PSYoungGen: 306272K(324608K)->5344K(327680K) Eden: 304640K(304640K)->0K(309760K) From: 1632K(19968K)->5344K(17920K)
[50.512s][info][gc,heap        ] GC(311) ParOldGen: 29374K(699392K)->30414K(699392K)
[50.512s][info][gc,metaspace   ] GC(311) Metaspace: 8630K(8896K)->8630K(8896K) NonClass: 7476K(7616K)->7476K(7616K) Class: 1153K(1280K)->1153K(1280K)
[50.512s][info][gc             ] GC(311) Pause Young (Allocation Failure) 327M->34M(1003M) 2.981ms
[50.513s][info][gc,cpu         ] GC(311) User=0.00s Sys=0.00s Real=0.00s
[50.658s][info][gc,start       ] GC(312) Pause Young (Allocation Failure)
[50.662s][info][gc,heap        ] GC(312) PSYoungGen: 315104K(327680K)->2224K(327680K) Eden: 309760K(309760K)->0K(309760K) From: 5344K(17920K)->2224K(17920K)
[50.662s][info][gc,heap        ] GC(312) ParOldGen: 30414K(699392K)->34614K(699392K)
[50.662s][info][gc,metaspace   ] GC(312) Metaspace: 8630K(8896K)->8630K(8896K) NonClass: 7476K(7616K)->7476K(7616K) Class: 1153K(1280K)->1153K(1280K)
[50.662s][info][gc             ] GC(312) Pause Young (Allocation Failure) 337M->35M(1003M) 3.645ms
[50.662s][info][gc,cpu         ] GC(312) User=0.00s Sys=0.00s Real=0.00s
[50.851s][info][gc,start       ] GC(313) Pause Young (Allocation Failure)
[50.859s][info][gc,heap        ] GC(313) PSYoungGen: 311984K(327680K)->15360K(326656K) Eden: 309760K(309760K)->0K(309248K) From: 2224K(17920K)->15360K(17408K)
[50.859s][info][gc,heap        ] GC(313) ParOldGen: 34614K(699392K)->35926K(699392K)
[50.859s][info][gc,metaspace   ] GC(313) Metaspace: 8630K(8896K)->8630K(8896K) NonClass: 7476K(7616K)->7476K(7616K) Class: 1153K(1280K)->1153K(1280K)
[50.859s][info][gc             ] GC(313) Pause Young (Allocation Failure) 338M->50M(1002M) 8.058ms
[50.859s][info][gc,cpu         ] GC(313) User=0.00s Sys=0.00s Real=0.00s
[51.013s][info][gc,start       ] GC(314) Pause Young (Allocation Failure)
[51.022s][info][gc,heap        ] GC(314) PSYoungGen: 324608K(326656K)->1728K(329216K) Eden: 309248K(309248K)->0K(309248K) From: 15360K(17408K)->1728K(19968K)
[51.022s][info][gc,heap        ] GC(314) ParOldGen: 35926K(699392K)->50694K(699392K)
[51.022s][info][gc,metaspace   ] GC(314) Metaspace: 8630K(8896K)->8630K(8896K) NonClass: 7476K(7616K)->7476K(7616K) Class: 1153K(1280K)->1153K(1280K)
[51.022s][info][gc             ] GC(314) Pause Young (Allocation Failure) 352M->51M(1004M) 9.492ms
[51.022s][info][gc,cpu         ] GC(314) User=0.38s Sys=0.00s Real=0.02s
[51.167s][info][gc,start       ] GC(315) Pause Young (Allocation Failure)
[51.169s][info][gc,heap        ] GC(315) PSYoungGen: 310976K(329216K)->2560K(326656K) Eden: 309248K(309248K)->0K(309760K) From: 1728K(19968K)->2560K(16896K)
[51.169s][info][gc,heap        ] GC(315) ParOldGen: 50694K(699392K)->51086K(699392K)
[51.169s][info][gc,metaspace   ] GC(315) Metaspace: 8630K(8896K)->8630K(8896K) NonClass: 7476K(7616K)->7476K(7616K) Class: 1153K(1280K)->1153K(1280K)
[51.169s][info][gc             ] GC(315) Pause Young (Allocation Failure) 353M->52M(1002M) 1.986ms
[51.169s][info][gc,cpu         ] GC(315) User=0.00s Sys=0.00s Real=0.00s
[51.314s][info][gc,start       ] GC(316) Pause Young (Allocation Failure)
[51.316s][info][gc,heap        ] GC(316) PSYoungGen: 312320K(326656K)->2080K(328192K) Eden: 309760K(309760K)->0K(309760K) From: 2560K(16896K)->2080K(18432K)
[51.316s][info][gc,heap        ] GC(316) ParOldGen: 51086K(699392K)->52510K(699392K)
[51.316s][info][gc,metaspace   ] GC(316) Metaspace: 8630K(8896K)->8630K(8896K) NonClass: 7476K(7616K)->7476K(7616K) Class: 1153K(1280K)->1153K(1280K)
[51.317s][info][gc             ] GC(316) Pause Young (Allocation Failure) 354M->53M(1003M) 2.364ms
[51.317s][info][gc,cpu         ] GC(316) User=0.00s Sys=0.00s Real=0.00s
[51.471s][info][gc,start       ] GC(317) Pause Young (Allocation Failure)
[51.475s][info][gc,heap        ] GC(317) PSYoungGen: 311840K(328192K)->6336K(328192K) Eden: 309760K(309760K)->0K(312832K) From: 2080K(18432K)->6336K(15360K)
[51.475s][info][gc,heap        ] GC(317) ParOldGen: 52510K(699392K)->53814K(699392K)
[51.475s][info][gc,metaspace   ] GC(317) Metaspace: 8630K(8896K)->8630K(8896K) NonClass: 7476K(7616K)->7476K(7616K) Class: 1153K(1280K)->1153K(1280K)
[51.475s][info][gc             ] GC(317) Pause Young (Allocation Failure) 355M->58M(1003M) 3.985ms
[51.475s][info][gc,cpu         ] GC(317) User=0.00s Sys=0.00s Real=0.00s
[51.614s][info][gc,start       ] GC(318) Pause Young (Allocation Failure)
[51.619s][info][gc,heap        ] GC(318) PSYoungGen: 319168K(328192K)->1728K(329728K) Eden: 312832K(312832K)->0K(312832K) From: 6336K(15360K)->1728K(16896K)
[51.619s][info][gc,heap        ] GC(318) ParOldGen: 53814K(699392K)->59654K(699392K)
[51.619s][info][gc,metaspace   ] GC(318) Metaspace: 8630K(8896K)->8630K(8896K) NonClass: 7476K(7616K)->7476K(7616K) Class: 1153K(1280K)->1153K(1280K)
[51.619s][info][gc             ] GC(318) Pause Young (Allocation Failure) 364M->59M(1005M) 4.590ms
[51.619s][info][gc,cpu         ] GC(318) User=0.38s Sys=0.00s Real=0.02s
[51.794s][info][gc,start       ] GC(319) Pause Young (Allocation Failure)
[51.796s][info][gc,heap        ] GC(319) PSYoungGen: 314560K(329728K)->2480K(330752K) Eden: 312832K(312832K)->0K(315904K) From: 1728K(16896K)->2480K(14848K)
[51.796s][info][gc,heap        ] GC(319) ParOldGen: 59654K(699392K)->60046K(699392K)
[51.796s][info][gc,metaspace   ] GC(319) Metaspace: 8630K(8896K)->8630K(8896K) NonClass: 7476K(7616K)->7476K(7616K) Class: 1153K(1280K)->1153K(1280K)
[51.796s][info][gc             ] GC(319) Pause Young (Allocation Failure) 365M->61M(1006M) 2.016ms
[51.796s][info][gc,cpu         ] GC(319) User=0.13s Sys=0.00s Real=0.00s
[51.946s][info][gc,start       ] GC(320) Pause Young (Allocation Failure)
[51.948s][info][gc,heap        ] GC(320) PSYoungGen: 318384K(330752K)->2048K(331776K) Eden: 315904K(315904K)->0K(315904K) From: 2480K(14848K)->2048K(15872K)
[51.948s][info][gc,heap        ] GC(320) ParOldGen: 60046K(699392K)->61494K(699392K)
[51.948s][info][gc,metaspace   ] GC(320) Metaspace: 8630K(8896K)->8630K(8896K) NonClass: 7476K(7616K)->7476K(7616K) Class: 1153K(1280K)->1153K(1280K)
[51.948s][info][gc             ] GC(320) Pause Young (Allocation Failure) 369M->62M(1007M) 2.388ms
[51.948s][info][gc,cpu         ] GC(320) User=0.38s Sys=0.00s Real=0.02s
[52.184s][info][gc,start       ] GC(321) Pause Young (Allocation Failure)
[52.201s][info][gc,heap        ] GC(321) PSYoungGen: 317952K(331776K)->14816K(312832K) Eden: 315904K(315904K)->0K(297984K) From: 2048K(15872K)->14816K(14848K)
[52.201s][info][gc,heap        ] GC(321) ParOldGen: 61494K(699392K)->82614K(699392K)
[52.201s][info][gc,metaspace   ] GC(321) Metaspace: 8630K(8896K)->8630K(8896K) NonClass: 7476K(7616K)->7476K(7616K) Class: 1153K(1280K)->1153K(1280K)
[52.201s][info][gc             ] GC(321) Pause Young (Allocation Failure) 370M->95M(988M) 17.248ms
[52.201s][info][gc,cpu         ] GC(321) User=0.38s Sys=0.00s Real=0.02s
[52.485s][info][gc,start       ] GC(322) Pause Young (System.gc())
[52.499s][info][gc,heap        ] GC(322) PSYoungGen: 82954K(312832K)->16544K(314880K) Eden: 68137K(297984K)->0K(297984K) From: 14816K(14848K)->16544K(16896K)
[52.499s][info][gc,heap        ] GC(322) ParOldGen: 82614K(699392K)->96934K(699392K)
[52.499s][info][gc,metaspace   ] GC(322) Metaspace: 8630K(8896K)->8630K(8896K) NonClass: 7476K(7616K)->7476K(7616K) Class: 1153K(1280K)->1153K(1280K)
[52.499s][info][gc             ] GC(322) Pause Young (System.gc()) 161M->110M(990M) 13.903ms
[52.499s][info][gc,cpu         ] GC(322) User=0.00s Sys=0.00s Real=0.00s
[52.499s][info][gc,start       ] GC(323) Pause Full (System.gc())
[52.499s][info][gc,phases,start] GC(323) Marking Phase
[52.506s][info][gc,phases      ] GC(323) Marking Phase 7.145ms
[52.506s][info][gc,phases,start] GC(323) Summary Phase
[52.506s][info][gc,phases      ] GC(323) Summary Phase 0.023ms
[52.506s][info][gc,phases,start] GC(323) Adjust Roots
[52.508s][info][gc,phases      ] GC(323) Adjust Roots 1.715ms
[52.508s][info][gc,phases,start] GC(323) Compaction Phase
[52.509s][info][gc,phases      ] GC(323) Compaction Phase 1.250ms
[52.509s][info][gc,phases,start] GC(323) Post Compact
[52.510s][info][gc,phases      ] GC(323) Post Compact 0.746ms
[52.510s][info][gc,heap        ] GC(323) PSYoungGen: 16544K(314880K)->0K(314880K) Eden: 0K(297984K)->0K(297984K) From: 16544K(16896K)->0K(16896K)
[52.510s][info][gc,heap        ] GC(323) ParOldGen: 96934K(699392K)->3526K(699392K)
[52.510s][info][gc,metaspace   ] GC(323) Metaspace: 8630K(8896K)->8630K(8896K) NonClass: 7476K(7616K)->7476K(7616K) Class: 1153K(1280K)->1153K(1280K)
[52.510s][info][gc             ] GC(323) Pause Full (System.gc()) 110M->3M(990M) 11.109ms
[52.510s][info][gc,cpu         ] GC(323) User=0.36s Sys=0.00s Real=0.02s
[52.649s][info][gc,start       ] GC(324) Pause Young (Allocation Failure)
[52.650s][info][gc,heap        ] GC(324) PSYoungGen: 297984K(314880K)->1632K(322560K) Eden: 297984K(297984K)->0K(295424K) From: 0K(16896K)->1632K(27136K)
[52.651s][info][gc,heap        ] GC(324) ParOldGen: 3526K(699392K)->3526K(699392K)
[52.651s][info][gc,metaspace   ] GC(324) Metaspace: 8631K(8896K)->8631K(8896K) NonClass: 7477K(7616K)->7477K(7616K) Class: 1153K(1280K)->1153K(1280K)
[52.651s][info][gc             ] GC(324) Pause Young (Allocation Failure) 294M->5M(998M) 1.217ms
[52.651s][info][gc,cpu         ] GC(324) User=0.00s Sys=0.00s Real=0.00s
[52.789s][info][gc,start       ] GC(325) Pause Young (Allocation Failure)
[52.792s][info][gc,heap        ] GC(325) PSYoungGen: 297056K(322560K)->2144K(297984K) Eden: 295424K(295424K)->0K(295424K) From: 1632K(27136K)->2144K(2560K)
[52.792s][info][gc,heap        ] GC(325) ParOldGen: 3526K(699392K)->3918K(699392K)
[52.792s][info][gc,metaspace   ] GC(325) Metaspace: 8631K(8896K)->8631K(8896K) NonClass: 7477K(7616K)->7477K(7616K) Class: 1153K(1280K)->1153K(1280K)
[52.792s][info][gc             ] GC(325) Pause Young (Allocation Failure) 293M->5M(974M) 2.289ms
[52.792s][info][gc,cpu         ] GC(325) User=0.00s Sys=0.00s Real=0.00s
[52.931s][info][gc,start       ] GC(326) Pause Young (Allocation Failure)
[52.933s][info][gc,heap        ] GC(326) PSYoungGen: 297568K(297984K)->1600K(322048K) Eden: 295424K(295424K)->0K(296448K) From: 2144K(2560K)->1600K(25600K)
[52.933s][info][gc,heap        ] GC(326) ParOldGen: 3918K(699392K)->5350K(699392K)
[52.933s][info][gc,metaspace   ] GC(326) Metaspace: 8631K(8896K)->8631K(8896K) NonClass: 7477K(7616K)->7477K(7616K) Class: 1153K(1280K)->1153K(1280K)
[52.933s][info][gc             ] GC(326) Pause Young (Allocation Failure) 294M->6M(997M) 2.123ms
[52.933s][info][gc,cpu         ] GC(326) User=0.36s Sys=0.00s Real=0.02s
[53.066s][info][gc,start       ] GC(327) Pause Young (Allocation Failure)
[53.070s][info][gc,heap        ] GC(327) PSYoungGen: 298048K(322048K)->1536K(321024K) Eden: 296448K(296448K)->0K(296448K) From: 1600K(25600K)->1536K(24576K)
[53.070s][info][gc,heap        ] GC(327) ParOldGen: 5350K(699392K)->6662K(699392K)
[53.070s][info][gc,metaspace   ] GC(327) Metaspace: 8631K(8896K)->8631K(8896K) NonClass: 7477K(7616K)->7477K(7616K) Class: 1153K(1280K)->1153K(1280K)
[53.070s][info][gc             ] GC(327) Pause Young (Allocation Failure) 296M->8M(996M) 3.625ms
[53.070s][info][gc,cpu         ] GC(327) User=0.00s Sys=0.00s Real=0.00s
[53.216s][info][gc,start       ] GC(328) Pause Young (Allocation Failure)
[53.221s][info][gc,heap        ] GC(328) PSYoungGen: 297984K(321024K)->9680K(322560K) Eden: 296448K(296448K)->0K(299008K) From: 1536K(24576K)->9680K(23552K)
[53.221s][info][gc,heap        ] GC(328) ParOldGen: 6662K(699392K)->7686K(699392K)
[53.221s][info][gc,metaspace   ] GC(328) Metaspace: 8631K(8896K)->8631K(8896K) NonClass: 7477K(7616K)->7477K(7616K) Class: 1153K(1280K)->1153K(1280K)
[53.221s][info][gc             ] GC(328) Pause Young (Allocation Failure) 297M->16M(998M) 4.657ms
[53.221s][info][gc,cpu         ] GC(328) User=0.00s Sys=0.00s Real=0.00s
[53.377s][info][gc,start       ] GC(329) Pause Young (Allocation Failure)
[53.382s][info][gc,heap        ] GC(329) PSYoungGen: 308688K(322560K)->1888K(322560K) Eden: 299008K(299008K)->0K(299008K) From: 9680K(23552K)->1888K(23552K)
[53.382s][info][gc,heap        ] GC(329) ParOldGen: 7686K(699392K)->16646K(699392K)
[53.382s][info][gc,metaspace   ] GC(329) Metaspace: 8631K(8896K)->8631K(8896K) NonClass: 7477K(7616K)->7477K(7616K) Class: 1153K(1280K)->1153K(1280K)
[53.382s][info][gc             ] GC(329) Pause Young (Allocation Failure) 308M->18M(998M) 5.398ms
[53.382s][info][gc,cpu         ] GC(329) User=0.00s Sys=0.00s Real=0.00s
[53.530s][info][gc,start       ] GC(330) Pause Young (Allocation Failure)
[53.532s][info][gc,heap        ] GC(330) PSYoungGen: 300896K(322560K)->1600K(324608K) Eden: 299008K(299008K)->0K(303104K) From: 1888K(23552K)->1600K(21504K)
[53.532s][info][gc,heap        ] GC(330) ParOldGen: 16646K(699392K)->18094K(699392K)
[53.532s][info][gc,metaspace   ] GC(330) Metaspace: 8631K(8896K)->8631K(8896K) NonClass: 7477K(7616K)->7477K(7616K) Class: 1153K(1280K)->1153K(1280K)
[53.532s][info][gc             ] GC(330) Pause Young (Allocation Failure) 310M->19M(1000M) 2.059ms
[53.532s][info][gc,cpu         ] GC(330) User=0.00s Sys=0.00s Real=0.00s
[53.675s][info][gc,start       ] GC(331) Pause Young (Allocation Failure)
[53.679s][info][gc,heap        ] GC(331) PSYoungGen: 304704K(324608K)->5120K(324608K) Eden: 303104K(303104K)->0K(303104K) From: 1600K(21504K)->5120K(21504K)
[53.679s][info][gc,heap        ] GC(331) ParOldGen: 18094K(699392K)->19118K(699392K)
[53.679s][info][gc,metaspace   ] GC(331) Metaspace: 8631K(8896K)->8631K(8896K) NonClass: 7477K(7616K)->7477K(7616K) Class: 1153K(1280K)->1153K(1280K)
[53.679s][info][gc             ] GC(331) Pause Young (Allocation Failure) 315M->23M(1000M) 3.722ms
[53.679s][info][gc,cpu         ] GC(331) User=0.00s Sys=0.00s Real=0.00s
[53.841s][info][gc,start       ] GC(332) Pause Young (Allocation Failure)
[53.846s][info][gc,heap        ] GC(332) PSYoungGen: 308224K(324608K)->6752K(326656K) Eden: 303104K(303104K)->0K(307200K) From: 5120K(21504K)->6752K(19456K)
[53.846s][info][gc,heap        ] GC(332) ParOldGen: 19118K(699392K)->23198K(699392K)
[53.846s][info][gc,metaspace   ] GC(332) Metaspace: 8631K(8896K)->8631K(8896K) NonClass: 7477K(7616K)->7477K(7616K) Class: 1153K(1280K)->1153K(1280K)
[53.846s][info][gc             ] GC(332) Pause Young (Allocation Failure) 319M->29M(1002M) 5.158ms
[53.846s][info][gc,cpu         ] GC(332) User=0.00s Sys=0.00s Real=0.00s
[53.989s][info][gc,start       ] GC(333) Pause Young (Allocation Failure)
[53.993s][info][gc,heap        ] GC(333) PSYoungGen: 313952K(326656K)->1696K(326144K) Eden: 307200K(307200K)->0K(307200K) From: 6752K(19456K)->1696K(18944K)
[53.993s][info][gc,heap        ] GC(333) ParOldGen: 23198K(699392K)->29390K(699392K)
[53.993s][info][gc,metaspace   ] GC(333) Metaspace: 8631K(8896K)->8631K(8896K) NonClass: 7477K(7616K)->7477K(7616K) Class: 1153K(1280K)->1153K(1280K)
[53.993s][info][gc             ] GC(333) Pause Young (Allocation Failure) 329M->30M(1001M) 4.470ms
[53.993s][info][gc,cpu         ] GC(333) User=0.00s Sys=0.00s Real=0.00s
[54.137s][info][gc,start       ] GC(334) Pause Young (Allocation Failure)
[54.139s][info][gc,heap        ] GC(334) PSYoungGen: 308896K(326144K)->5440K(329216K) Eden: 307200K(307200K)->0K(311808K) From: 1696K(18944K)->5440K(17408K)
[54.139s][info][gc,heap        ] GC(334) ParOldGen: 29390K(699392K)->30430K(699392K)
[54.139s][info][gc,metaspace   ] GC(334) Metaspace: 8631K(8896K)->8631K(8896K) NonClass: 7477K(7616K)->7477K(7616K) Class: 1153K(1280K)->1153K(1280K)
[54.139s][info][gc             ] GC(334) Pause Young (Allocation Failure) 330M->35M(1004M) 2.794ms
[54.139s][info][gc,cpu         ] GC(334) User=0.00s Sys=0.00s Real=0.00s
[54.286s][info][gc,start       ] GC(335) Pause Young (Allocation Failure)
[54.289s][info][gc,heap        ] GC(335) PSYoungGen: 317248K(329216K)->2336K(329216K) Eden: 311808K(311808K)->0K(311808K) From: 5440K(17408K)->2336K(17408K)
[54.289s][info][gc,heap        ] GC(335) ParOldGen: 30430K(699392K)->34622K(699392K)
[54.290s][info][gc,metaspace   ] GC(335) Metaspace: 8631K(8896K)->8631K(8896K) NonClass: 7477K(7616K)->7477K(7616K) Class: 1153K(1280K)->1153K(1280K)
[54.290s][info][gc             ] GC(335) Pause Young (Allocation Failure) 339M->36M(1004M) 3.337ms
[54.290s][info][gc,cpu         ] GC(335) User=0.00s Sys=0.00s Real=0.00s
[54.465s][info][gc,start       ] GC(336) Pause Young (Allocation Failure)
[54.473s][info][gc,heap        ] GC(336) PSYoungGen: 314144K(329216K)->15472K(326656K) Eden: 311808K(311808K)->0K(310272K) From: 2336K(17408K)->15472K(16384K)
[54.473s][info][gc,heap        ] GC(336) ParOldGen: 34622K(699392K)->35910K(699392K)
[54.473s][info][gc,metaspace   ] GC(336) Metaspace: 8633K(8896K)->8633K(8896K) NonClass: 7479K(7616K)->7479K(7616K) Class: 1153K(1280K)->1153K(1280K)
[54.473s][info][gc             ] GC(336) Pause Young (Allocation Failure) 340M->50M(1002M) 8.023ms
[54.473s][info][gc,cpu         ] GC(336) User=0.00s Sys=0.00s Real=0.00s
[54.612s][info][gc,start       ] GC(337) Pause Young (Allocation Failure)
[54.621s][info][gc,heap        ] GC(337) PSYoungGen: 325744K(326656K)->1568K(329728K) Eden: 310272K(310272K)->0K(310272K) From: 15472K(16384K)->1568K(19456K)
[54.621s][info][gc,heap        ] GC(337) ParOldGen: 35910K(699392K)->50998K(699392K)
[54.621s][info][gc,metaspace   ] GC(337) Metaspace: 8633K(8896K)->8633K(8896K) NonClass: 7479K(7616K)->7479K(7616K) Class: 1153K(1280K)->1153K(1280K)
[54.621s][info][gc             ] GC(337) Pause Young (Allocation Failure) 353M->51M(1005M) 9.524ms
[54.621s][info][gc,cpu         ] GC(337) User=0.38s Sys=0.00s Real=0.02s
[54.766s][info][gc,start       ] GC(338) Pause Young (Allocation Failure)
[54.769s][info][gc,heap        ] GC(338) PSYoungGen: 311840K(329728K)->5312K(326144K) Eden: 310272K(310272K)->0K(310784K) From: 1568K(19456K)->5312K(15360K)
[54.769s][info][gc,heap        ] GC(338) ParOldGen: 50998K(699392K)->52030K(699392K)
[54.769s][info][gc,metaspace   ] GC(338) Metaspace: 8633K(8896K)->8633K(8896K) NonClass: 7479K(7616K)->7479K(7616K) Class: 1153K(1280K)->1153K(1280K)
[54.769s][info][gc             ] GC(338) Pause Young (Allocation Failure) 354M->55M(1001M) 2.911ms
[54.769s][info][gc,cpu         ] GC(338) User=0.00s Sys=0.00s Real=0.00s
[54.930s][info][gc,start       ] GC(339) Pause Young (Allocation Failure)
[54.933s][info][gc,heap        ] GC(339) PSYoungGen: 316096K(326144K)->2192K(328192K) Eden: 310784K(310784K)->0K(310784K) From: 5312K(15360K)->2192K(17408K)
[54.933s][info][gc,heap        ] GC(339) ParOldGen: 52030K(699392K)->56222K(699392K)
[54.933s][info][gc,metaspace   ] GC(339) Metaspace: 8633K(8896K)->8633K(8896K) NonClass: 7479K(7616K)->7479K(7616K) Class: 1153K(1280K)->1153K(1280K)
[54.933s][info][gc             ] GC(339) Pause Young (Allocation Failure) 359M->57M(1003M) 3.268ms
[54.933s][info][gc,cpu         ] GC(339) User=0.38s Sys=0.00s Real=0.02s
[55.103s][info][gc,start       ] GC(340) Pause Young (Allocation Failure)
[55.107s][info][gc,heap        ] GC(340) PSYoungGen: 312976K(328192K)->6464K(330240K) Eden: 310784K(310784K)->0K(314880K) From: 2192K(17408K)->6464K(15360K)
[55.107s][info][gc,heap        ] GC(340) ParOldGen: 56222K(699392K)->57502K(699392K)
[55.107s][info][gc,metaspace   ] GC(340) Metaspace: 8633K(8896K)->8633K(8896K) NonClass: 7479K(7616K)->7479K(7616K) Class: 1153K(1280K)->1153K(1280K)
[55.107s][info][gc             ] GC(340) Pause Young (Allocation Failure) 360M->62M(1005M) 4.085ms
[55.107s][info][gc,cpu         ] GC(340) User=0.38s Sys=0.00s Real=0.02s
[55.249s][info][gc,start       ] GC(341) Pause Young (Allocation Failure)
[55.253s][info][gc,heap        ] GC(341) PSYoungGen: 321344K(330240K)->1760K(331264K) Eden: 314880K(314880K)->0K(314880K) From: 6464K(15360K)->1760K(16384K)
[55.253s][info][gc,heap        ] GC(341) ParOldGen: 57502K(699392K)->63342K(699392K)
[55.253s][info][gc,metaspace   ] GC(341) Metaspace: 8633K(8896K)->8633K(8896K) NonClass: 7479K(7616K)->7479K(7616K) Class: 1153K(1280K)->1153K(1280K)
[55.254s][info][gc             ] GC(341) Pause Young (Allocation Failure) 369M->63M(1006M) 4.560ms
[55.254s][info][gc,cpu         ] GC(341) User=0.00s Sys=0.00s Real=0.00s
[55.401s][info][gc,start       ] GC(342) Pause Young (Allocation Failure)
[55.434s][info][gc,heap        ] GC(342) PSYoungGen: 316640K(331264K)->2464K(331264K) Eden: 314880K(314880K)->0K(316928K) From: 1760K(16384K)->2464K(14336K)
[55.434s][info][gc,heap        ] GC(342) ParOldGen: 63342K(699392K)->63742K(699392K)
[55.434s][info][gc,metaspace   ] GC(342) Metaspace: 8633K(8896K)->8633K(8896K) NonClass: 7479K(7616K)->7479K(7616K) Class: 1153K(1280K)->1153K(1280K)
[55.434s][info][gc             ] GC(342) Pause Young (Allocation Failure) 371M->64M(1006M) 33.158ms
[55.434s][info][gc,cpu         ] GC(342) User=0.00s Sys=0.00s Real=0.02s
[55.595s][info][gc,start       ] GC(343) Pause Young (Allocation Failure)
[55.598s][info][gc,heap        ] GC(343) PSYoungGen: 319392K(331264K)->2288K(332288K) Eden: 316928K(316928K)->0K(316928K) From: 2464K(14336K)->2288K(15360K)
[55.598s][info][gc,heap        ] GC(343) ParOldGen: 63742K(699392K)->65166K(699392K)
[55.598s][info][gc,metaspace   ] GC(343) Metaspace: 8633K(8896K)->8633K(8896K) NonClass: 7479K(7616K)->7479K(7616K) Class: 1153K(1280K)->1153K(1280K)
[55.598s][info][gc             ] GC(343) Pause Young (Allocation Failure) 374M->65M(1007M) 2.301ms
[55.598s][info][gc,cpu         ] GC(343) User=0.38s Sys=0.00s Real=0.02s
[56.066s][info][gc,start       ] GC(344) Pause Young (Allocation Failure)
[56.091s][info][gc,heap        ] GC(344) PSYoungGen: 319216K(332288K)->14313K(301056K) Eden: 316928K(316928K)->0K(286720K) From: 2288K(15360K)->14313K(14336K)
[56.091s][info][gc,heap        ] GC(344) ParOldGen: 65166K(699392K)->103310K(699392K)
[56.091s][info][gc,metaspace   ] GC(344) Metaspace: 8633K(8896K)->8633K(8896K) NonClass: 7479K(7616K)->7479K(7616K) Class: 1153K(1280K)->1153K(1280K)
[56.091s][info][gc             ] GC(344) Pause Young (Allocation Failure) 375M->114M(977M) 25.032ms
[56.091s][info][gc,cpu         ] GC(344) User=0.72s Sys=0.03s Real=0.03s
[56.134s][info][gc,start       ] GC(345) Pause Young (System.gc())
[56.141s][info][gc,heap        ] GC(345) PSYoungGen: 42983K(301056K)->64K(317952K) Eden: 28669K(286720K)->0K(286720K) From: 14313K(14336K)->64K(31232K)
[56.141s][info][gc,heap        ] GC(345) ParOldGen: 103310K(699392K)->116814K(699392K)
[56.141s][info][gc,metaspace   ] GC(345) Metaspace: 8634K(8896K)->8634K(8896K) NonClass: 7480K(7616K)->7480K(7616K) Class: 1153K(1280K)->1153K(1280K)
[56.141s][info][gc             ] GC(345) Pause Young (System.gc()) 142M->114M(993M) 6.350ms
[56.141s][info][gc,cpu         ] GC(345) User=0.00s Sys=0.00s Real=0.00s
[56.141s][info][gc,start       ] GC(346) Pause Full (System.gc())
[56.141s][info][gc,phases,start] GC(346) Marking Phase
[56.151s][info][gc,phases      ] GC(346) Marking Phase 9.767ms
[56.151s][info][gc,phases,start] GC(346) Summary Phase
[56.151s][info][gc,phases      ] GC(346) Summary Phase 0.029ms
[56.151s][info][gc,phases,start] GC(346) Adjust Roots
[56.152s][info][gc,phases      ] GC(346) Adjust Roots 1.326ms
[56.152s][info][gc,phases,start] GC(346) Compaction Phase
[56.155s][info][gc,phases      ] GC(346) Compaction Phase 3.045ms
[56.155s][info][gc,phases,start] GC(346) Post Compact
[56.156s][info][gc,phases      ] GC(346) Post Compact 0.969ms
[56.156s][info][gc,heap        ] GC(346) PSYoungGen: 64K(317952K)->0K(317952K) Eden: 0K(286720K)->0K(286720K) From: 64K(31232K)->0K(31232K)
[56.156s][info][gc,heap        ] GC(346) ParOldGen: 116814K(699392K)->3526K(699392K)
[56.156s][info][gc,metaspace   ] GC(346) Metaspace: 8634K(8896K)->8634K(8896K) NonClass: 7480K(7616K)->7480K(7616K) Class: 1153K(1280K)->1153K(1280K)
[56.156s][info][gc             ] GC(346) Pause Full (System.gc()) 114M->3M(993M) 15.521ms
[56.156s][info][gc,cpu         ] GC(346) User=0.02s Sys=0.00s Real=0.01s
[56.303s][info][gc,start       ] GC(347) Pause Young (Allocation Failure)
[56.305s][info][gc,heap        ] GC(347) PSYoungGen: 286720K(317952K)->1536K(315392K) Eden: 286720K(286720K)->0K(287232K) From: 0K(31232K)->1536K(28160K)
[56.305s][info][gc,heap        ] GC(347) ParOldGen: 3526K(699392K)->3526K(699392K)
[56.305s][info][gc,metaspace   ] GC(347) Metaspace: 8641K(8896K)->8641K(8896K) NonClass: 7487K(7616K)->7487K(7616K) Class: 1153K(1280K)->1153K(1280K)
[56.305s][info][gc             ] GC(347) Pause Young (Allocation Failure) 283M->4M(991M) 1.331ms
[56.305s][info][gc,cpu         ] GC(347) User=0.00s Sys=0.00s Real=0.00s
[56.455s][info][gc,start       ] GC(348) Pause Young (Allocation Failure)
[56.457s][info][gc,heap        ] GC(348) PSYoungGen: 288768K(315392K)->1952K(316928K) Eden: 287232K(287232K)->0K(287232K) From: 1536K(28160K)->1952K(29696K)
[56.457s][info][gc,heap        ] GC(348) ParOldGen: 3526K(699392K)->3910K(699392K)
[56.457s][info][gc,metaspace   ] GC(348) Metaspace: 8641K(8896K)->8641K(8896K) NonClass: 7487K(7616K)->7487K(7616K) Class: 1153K(1280K)->1153K(1280K)
[56.457s][info][gc             ] GC(348) Pause Young (Allocation Failure) 285M->5M(992M) 1.983ms
[56.457s][info][gc,cpu         ] GC(348) User=0.00s Sys=0.00s Real=0.00s
[56.586s][info][gc,start       ] GC(349) Pause Young (Allocation Failure)
[56.588s][info][gc,heap        ] GC(349) PSYoungGen: 289184K(316928K)->1632K(315904K) Eden: 287232K(287232K)->0K(290816K) From: 1952K(29696K)->1632K(25088K)
[56.588s][info][gc,heap        ] GC(349) ParOldGen: 3910K(699392K)->5350K(699392K)
[56.588s][info][gc,metaspace   ] GC(349) Metaspace: 8641K(8896K)->8641K(8896K) NonClass: 7487K(7616K)->7487K(7616K) Class: 1153K(1280K)->1153K(1280K)
[56.588s][info][gc             ] GC(349) Pause Young (Allocation Failure) 286M->6M(991M) 2.486ms
[56.588s][info][gc,cpu         ] GC(349) User=0.00s Sys=0.00s Real=0.00s
[56.756s][info][gc,start       ] GC(350) Pause Young (Allocation Failure)
[56.761s][info][gc,heap        ] GC(350) PSYoungGen: 292448K(315904K)->5344K(317952K) Eden: 290816K(290816K)->0K(290816K) From: 1632K(25088K)->5344K(27136K)
[56.761s][info][gc,heap        ] GC(350) ParOldGen: 5350K(699392K)->6350K(699392K)
[56.761s][info][gc,metaspace   ] GC(350) Metaspace: 8641K(8896K)->8641K(8896K) NonClass: 7487K(7616K)->7487K(7616K) Class: 1153K(1280K)->1153K(1280K)
[56.762s][info][gc             ] GC(350) Pause Young (Allocation Failure) 290M->11M(993M) 5.280ms
[56.762s][info][gc,cpu         ] GC(350) User=0.00s Sys=0.00s Real=0.01s
[56.909s][info][gc,start       ] GC(351) Pause Young (Allocation Failure)
[56.914s][info][gc,heap        ] GC(351) PSYoungGen: 296160K(317952K)->6832K(317440K) Eden: 290816K(290816K)->0K(296448K) From: 5344K(27136K)->6832K(20992K)
[56.914s][info][gc,heap        ] GC(351) ParOldGen: 6350K(699392K)->10422K(699392K)
[56.914s][info][gc,metaspace   ] GC(351) Metaspace: 8641K(8896K)->8641K(8896K) NonClass: 7487K(7616K)->7487K(7616K) Class: 1153K(1280K)->1153K(1280K)
[56.914s][info][gc             ] GC(351) Pause Young (Allocation Failure) 295M->16M(993M) 5.468ms
[56.914s][info][gc,cpu         ] GC(351) User=0.00s Sys=0.00s Real=0.00s
[57.048s][info][gc,start       ] GC(352) Pause Young (Allocation Failure)
[57.053s][info][gc,heap        ] GC(352) PSYoungGen: 303280K(317440K)->1664K(320000K) Eden: 296448K(296448K)->0K(296448K) From: 6832K(20992K)->1664K(23552K)
[57.053s][info][gc,heap        ] GC(352) ParOldGen: 10422K(699392K)->16646K(699392K)
[57.053s][info][gc,metaspace   ] GC(352) Metaspace: 8641K(8896K)->8641K(8896K) NonClass: 7487K(7616K)->7487K(7616K) Class: 1153K(1280K)->1153K(1280K)
[57.053s][info][gc             ] GC(352) Pause Young (Allocation Failure) 306M->17M(995M) 4.438ms
[57.053s][info][gc,cpu         ] GC(352) User=0.00s Sys=0.00s Real=0.00s
[57.192s][info][gc,start       ] GC(353) Pause Young (Allocation Failure)
[57.195s][info][gc,heap        ] GC(353) PSYoungGen: 298112K(320000K)->5312K(322048K) Eden: 296448K(296448K)->0K(302592K) From: 1664K(23552K)->5312K(19456K)
[57.195s][info][gc,heap        ] GC(353) ParOldGen: 16646K(699392K)->17670K(699392K)
[57.195s][info][gc,metaspace   ] GC(353) Metaspace: 8641K(8896K)->8641K(8896K) NonClass: 7487K(7616K)->7487K(7616K) Class: 1153K(1280K)->1153K(1280K)
[57.195s][info][gc             ] GC(353) Pause Young (Allocation Failure) 307M->22M(997M) 2.803ms
[57.195s][info][gc,cpu         ] GC(353) User=0.00s Sys=0.00s Real=0.00s
[57.338s][info][gc,start       ] GC(354) Pause Young (Allocation Failure)
[57.341s][info][gc,heap        ] GC(354) PSYoungGen: 307904K(322048K)->2400K(324096K) Eden: 302592K(302592K)->0K(302592K) From: 5312K(19456K)->2400K(21504K)
[57.341s][info][gc,heap        ] GC(354) ParOldGen: 17670K(699392K)->21862K(699392K)
[57.341s][info][gc,metaspace   ] GC(354) Metaspace: 8641K(8896K)->8641K(8896K) NonClass: 7487K(7616K)->7487K(7616K) Class: 1153K(1280K)->1153K(1280K)
[57.341s][info][gc             ] GC(354) Pause Young (Allocation Failure) 317M->23M(999M) 3.256ms
[57.341s][info][gc,cpu         ] GC(354) User=0.00s Sys=0.00s Real=0.00s
[57.505s][info][gc,start       ] GC(355) Pause Young (Allocation Failure)
[57.509s][info][gc,heap        ] GC(355) PSYoungGen: 304992K(324096K)->6496K(324608K) Eden: 302592K(302592K)->0K(307200K) From: 2400K(21504K)->6496K(17408K)
[57.509s][info][gc,heap        ] GC(355) ParOldGen: 21862K(699392K)->23190K(699392K)
[57.509s][info][gc,metaspace   ] GC(355) Metaspace: 8641K(8896K)->8641K(8896K) NonClass: 7487K(7616K)->7487K(7616K) Class: 1153K(1280K)->1153K(1280K)
[57.509s][info][gc             ] GC(355) Pause Young (Allocation Failure) 319M->28M(1000M) 4.034ms
[57.509s][info][gc,cpu         ] GC(355) User=0.00s Sys=0.00s Real=0.00s
[57.661s][info][gc,start       ] GC(356) Pause Young (Allocation Failure)
[57.665s][info][gc,heap        ] GC(356) PSYoungGen: 313696K(324608K)->1568K(326656K) Eden: 307200K(307200K)->0K(307200K) From: 6496K(17408K)->1568K(19456K)
[57.665s][info][gc,heap        ] GC(356) ParOldGen: 23190K(699392K)->29350K(699392K)
[57.665s][info][gc,metaspace   ] GC(356) Metaspace: 8641K(8896K)->8641K(8896K) NonClass: 7487K(7616K)->7487K(7616K) Class: 1153K(1280K)->1153K(1280K)
[57.665s][info][gc             ] GC(356) Pause Young (Allocation Failure) 328M->30M(1002M) 4.474ms
[57.665s][info][gc,cpu         ] GC(356) User=0.00s Sys=0.00s Real=0.00s
[57.808s][info][gc,start       ] GC(357) Pause Young (Allocation Failure)
[57.811s][info][gc,heap        ] GC(357) PSYoungGen: 308768K(326656K)->5312K(326656K) Eden: 307200K(307200K)->0K(311296K) From: 1568K(19456K)->5312K(15360K)
[57.811s][info][gc,heap        ] GC(357) ParOldGen: 29350K(699392K)->30382K(699392K)
[57.811s][info][gc,metaspace   ] GC(357) Metaspace: 8641K(8896K)->8641K(8896K) NonClass: 7487K(7616K)->7487K(7616K) Class: 1153K(1280K)->1153K(1280K)
[57.811s][info][gc             ] GC(357) Pause Young (Allocation Failure) 330M->34M(1002M) 2.704ms
[57.811s][info][gc,cpu         ] GC(357) User=0.00s Sys=0.00s Real=0.00s
[57.957s][info][gc,start       ] GC(358) Pause Young (Allocation Failure)
[57.960s][info][gc,heap        ] GC(358) PSYoungGen: 316608K(326656K)->2192K(328704K) Eden: 311296K(311296K)->0K(311296K) From: 5312K(15360K)->2192K(17408K)
[57.960s][info][gc,heap        ] GC(358) ParOldGen: 30382K(699392K)->34574K(699392K)
[57.960s][info][gc,metaspace   ] GC(358) Metaspace: 8641K(8896K)->8641K(8896K) NonClass: 7487K(7616K)->7487K(7616K) Class: 1153K(1280K)->1153K(1280K)
[57.960s][info][gc             ] GC(358) Pause Young (Allocation Failure) 338M->35M(1004M) 3.303ms
[57.960s][info][gc,cpu         ] GC(358) User=0.00s Sys=0.00s Real=0.00s
[58.148s][info][gc,start       ] GC(359) Pause Young (Allocation Failure)
[58.156s][info][gc,heap        ] GC(359) PSYoungGen: 313488K(328704K)->15296K(327168K) Eden: 311296K(311296K)->0K(310272K) From: 2192K(17408K)->15296K(16896K)
[58.157s][info][gc,heap        ] GC(359) ParOldGen: 34574K(699392K)->35862K(699392K)
[58.157s][info][gc,metaspace   ] GC(359) Metaspace: 8641K(8896K)->8641K(8896K) NonClass: 7487K(7616K)->7487K(7616K) Class: 1153K(1280K)->1153K(1280K)
[58.157s][info][gc             ] GC(359) Pause Young (Allocation Failure) 339M->49M(1002M) 8.160ms
[58.157s][info][gc,cpu         ] GC(359) User=0.38s Sys=0.00s Real=0.02s
[58.306s][info][gc,start       ] GC(360) Pause Young (Allocation Failure)
[58.316s][info][gc,heap        ] GC(360) PSYoungGen: 325568K(327168K)->1760K(329728K) Eden: 310272K(310272K)->0K(310272K) From: 15296K(16896K)->1760K(19456K)
[58.316s][info][gc,heap        ] GC(360) ParOldGen: 35862K(699392K)->50622K(699392K)
[58.316s][info][gc,metaspace   ] GC(360) Metaspace: 8641K(8896K)->8641K(8896K) NonClass: 7487K(7616K)->7487K(7616K) Class: 1153K(1280K)->1153K(1280K)
[58.316s][info][gc             ] GC(360) Pause Young (Allocation Failure) 352M->51M(1005M) 9.437ms
[58.316s][info][gc,cpu         ] GC(360) User=0.38s Sys=0.00s Real=0.02s
[58.463s][info][gc,start       ] GC(361) Pause Young (Allocation Failure)
[58.465s][info][gc,heap        ] GC(361) PSYoungGen: 312032K(329728K)->2496K(327168K) Eden: 310272K(310272K)->0K(310784K) From: 1760K(19456K)->2496K(16384K)
[58.465s][info][gc,heap        ] GC(361) ParOldGen: 50622K(699392K)->51014K(699392K)
[58.465s][info][gc,metaspace   ] GC(361) Metaspace: 8641K(8896K)->8641K(8896K) NonClass: 7487K(7616K)->7487K(7616K) Class: 1153K(1280K)->1153K(1280K)
[58.465s][info][gc             ] GC(361) Pause Young (Allocation Failure) 354M->52M(1002M) 2.103ms
[58.465s][info][gc,cpu         ] GC(361) User=0.00s Sys=0.00s Real=0.00s
[58.624s][info][gc,start       ] GC(362) Pause Young (Allocation Failure)
[58.627s][info][gc,heap        ] GC(362) PSYoungGen: 313280K(327168K)->2016K(328704K) Eden: 310784K(310784K)->0K(310784K) From: 2496K(16384K)->2016K(17920K)
[58.627s][info][gc,heap        ] GC(362) ParOldGen: 51014K(699392K)->52470K(699392K)
[58.627s][info][gc,metaspace   ] GC(362) Metaspace: 8641K(8896K)->8641K(8896K) NonClass: 7487K(7616K)->7487K(7616K) Class: 1153K(1280K)->1153K(1280K)
[58.627s][info][gc             ] GC(362) Pause Young (Allocation Failure) 355M->53M(1004M) 2.261ms
[58.627s][info][gc,cpu         ] GC(362) User=0.00s Sys=0.00s Real=0.00s
[58.809s][info][gc,start       ] GC(363) Pause Young (Allocation Failure)
[58.813s][info][gc,heap        ] GC(363) PSYoungGen: 312800K(328704K)->6304K(328704K) Eden: 310784K(310784K)->0K(313856K) From: 2016K(17920K)->6304K(14848K)
[58.813s][info][gc,heap        ] GC(363) ParOldGen: 52470K(699392K)->53758K(699392K)
[58.813s][info][gc,metaspace   ] GC(363) Metaspace: 8641K(8896K)->8641K(8896K) NonClass: 7487K(7616K)->7487K(7616K) Class: 1153K(1280K)->1153K(1280K)
[58.813s][info][gc             ] GC(363) Pause Young (Allocation Failure) 356M->58M(1004M) 4.014ms
[58.813s][info][gc,cpu         ] GC(363) User=0.00s Sys=0.00s Real=0.00s
[58.986s][info][gc,start       ] GC(364) Pause Young (Allocation Failure)
[58.991s][info][gc,heap        ] GC(364) PSYoungGen: 320160K(328704K)->1696K(330240K) Eden: 313856K(313856K)->0K(313856K) From: 6304K(14848K)->1696K(16384K)
[58.991s][info][gc,heap        ] GC(364) ParOldGen: 53758K(699392K)->59622K(699392K)
[58.991s][info][gc,metaspace   ] GC(364) Metaspace: 8641K(8896K)->8641K(8896K) NonClass: 7487K(7616K)->7487K(7616K) Class: 1153K(1280K)->1153K(1280K)
[58.991s][info][gc             ] GC(364) Pause Young (Allocation Failure) 365M->59M(1005M) 4.574ms
[58.991s][info][gc,cpu         ] GC(364) User=0.00s Sys=0.00s Real=0.00s
[59.167s][info][gc,start       ] GC(365) Pause Young (Allocation Failure)
[59.169s][info][gc,heap        ] GC(365) PSYoungGen: 315552K(330240K)->2480K(331264K) Eden: 313856K(313856K)->0K(316928K) From: 1696K(16384K)->2480K(14336K)
[59.169s][info][gc,heap        ] GC(365) ParOldGen: 59622K(699392K)->60030K(699392K)
[59.169s][info][gc,metaspace   ] GC(365) Metaspace: 8641K(8896K)->8641K(8896K) NonClass: 7487K(7616K)->7487K(7616K) Class: 1153K(1280K)->1153K(1280K)
[59.169s][info][gc             ] GC(365) Pause Young (Allocation Failure) 366M->61M(1006M) 2.032ms
[59.169s][info][gc,cpu         ] GC(365) User=0.00s Sys=0.00s Real=0.00s
[59.331s][info][gc,start       ] GC(366) Pause Young (Allocation Failure)
[59.333s][info][gc,heap        ] GC(366) PSYoungGen: 319408K(331264K)->2000K(332288K) Eden: 316928K(316928K)->0K(316928K) From: 2480K(14336K)->2000K(15360K)
[59.333s][info][gc,heap        ] GC(366) ParOldGen: 60030K(699392K)->61478K(699392K)
[59.333s][info][gc,metaspace   ] GC(366) Metaspace: 8641K(8896K)->8641K(8896K) NonClass: 7487K(7616K)->7487K(7616K) Class: 1153K(1280K)->1153K(1280K)
[59.333s][info][gc             ] GC(366) Pause Young (Allocation Failure) 370M->61M(1007M) 2.154ms
[59.333s][info][gc,cpu         ] GC(366) User=0.00s Sys=0.00s Real=0.00s
[59.556s][info][gc,start       ] GC(367) Pause Young (Allocation Failure)
[59.574s][info][gc,heap        ] GC(367) PSYoungGen: 318928K(332288K)->14816K(313856K) Eden: 316928K(316928K)->0K(299008K) From: 2000K(15360K)->14816K(14848K)
[59.574s][info][gc,heap        ] GC(367) ParOldGen: 61478K(699392K)->82254K(699392K)
[59.574s][info][gc,metaspace   ] GC(367) Metaspace: 8641K(8896K)->8641K(8896K) NonClass: 7487K(7616K)->7487K(7616K) Class: 1153K(1280K)->1153K(1280K)
[59.574s][info][gc             ] GC(367) Pause Young (Allocation Failure) 371M->94M(989M) 18.130ms
[59.574s][info][gc,cpu         ] GC(367) User=0.38s Sys=0.00s Real=0.02s
[59.867s][info][gc,heap,exit   ] Heap
[59.867s][info][gc,heap,exit   ]  PSYoungGen      total 313856K, used 113167K [0x00000000eab00000, 0x0000000100000000, 0x0000000100000000)
[59.867s][info][gc,heap,exit   ]   eden space 299008K, 32% used [0x00000000eab00000,0x00000000f0b0bd68,0x00000000fcf00000)
[59.867s][info][gc,heap,exit   ]   from space 14848K, 99% used [0x00000000ff180000,0x00000000ffff8050,0x0000000100000000)
[59.867s][info][gc,heap,exit   ]   to   space 25088K, 0% used [0x00000000fcf00000,0x00000000fcf00000,0x00000000fe780000)
[59.867s][info][gc,heap,exit   ]  ParOldGen       total 699392K, used 82254K [0x00000000c0000000, 0x00000000eab00000, 0x00000000eab00000)
[59.867s][info][gc,heap,exit   ]   object space 699392K, 11% used [0x00000000c0000000,0x00000000c5053b90,0x00000000eab00000)
[59.867s][info][gc,heap,exit   ]  Metaspace       used 8701K, committed 8960K, reserved 1114112K
[59.867s][info][gc,heap,exit   ]   class space    used 1163K, committed 1280K, reserved 1048576K
