[0.017s][info][gc,init] CardTable entry size: 512
[0.018s][info][gc     ] Using Parallel
[0.021s][info][gc,init] Version: 20+36-2344 (release)
[0.021s][info][gc,init] CPUs: 48 total, 48 available
[0.021s][info][gc,init] Memory: 382G
[0.021s][info][gc,init] Large Page Support: Disabled
[0.021s][info][gc,init] NUMA Support: Disabled
[0.021s][info][gc,init] Compressed Oops: Enabled (32-bit)
[0.021s][info][gc,init] Alignments: Space 512K, Generation 512K, Heap 2M
[0.021s][info][gc,init] Heap Min Capacity: 8M
[0.021s][info][gc,init] Heap Initial Capacity: 512M
[0.031s][info][gc,init] Heap Max Capacity: 512M
[0.031s][info][gc,init] Pre-touch: Disabled
[0.031s][info][gc,init] Parallel Workers: 33
[0.032s][info][gc,metaspace] CDS archive(s) mapped at: [0x0000000800000000-0x0000000800c60000-0x0000000800c60000), size 12976128, SharedBaseAddress: 0x0000000800000000, ArchiveRelocationMode: 0.
[0.032s][info][gc,metaspace] Compressed class space mapped at: 0x0000000801000000-0x0000000841000000, reserved size: 1073741824
[0.032s][info][gc,metaspace] Narrow klass base: 0x0000000800000000, Narrow klass shift: 0, Narrow klass range: 0x100000000
[1.067s][info][gc,start    ] GC(0) Pause Young (System.gc())
[1.072s][info][gc,heap     ] GC(0) PSYoungGen: 42321K(153088K)->3649K(153088K) Eden: 42321K(131584K)->0K(131584K) From: 0K(21504K)->3649K(21504K)
[1.072s][info][gc,heap     ] GC(0) ParOldGen: 0K(349696K)->16K(349696K)
[1.072s][info][gc,metaspace] GC(0) Metaspace: 8264K(8448K)->8264K(8448K) NonClass: 7149K(7232K)->7149K(7232K) Class: 1115K(1216K)->1115K(1216K)
[1.072s][info][gc          ] GC(0) Pause Young (System.gc()) 41M->3M(491M) 5.392ms
[1.072s][info][gc,cpu      ] GC(0) User=0.00s Sys=0.02s Real=0.01s
[1.072s][info][gc,start    ] GC(1) Pause Full (System.gc())
[1.072s][info][gc,phases,start] GC(1) Marking Phase
[1.082s][info][gc,phases      ] GC(1) Marking Phase 9.306ms
[1.082s][info][gc,phases,start] GC(1) Summary Phase
[1.082s][info][gc,phases      ] GC(1) Summary Phase 0.033ms
[1.082s][info][gc,phases,start] GC(1) Adjust Roots
[1.084s][info][gc,phases      ] GC(1) Adjust Roots 2.516ms
[1.084s][info][gc,phases,start] GC(1) Compaction Phase
[1.091s][info][gc,phases      ] GC(1) Compaction Phase 6.974ms
[1.091s][info][gc,phases,start] GC(1) Post Compact
[1.092s][info][gc,phases      ] GC(1) Post Compact 1.015ms
[1.092s][info][gc,heap        ] GC(1) PSYoungGen: 3649K(153088K)->0K(153088K) Eden: 0K(131584K)->0K(131584K) From: 3649K(21504K)->0K(21504K)
[1.092s][info][gc,heap        ] GC(1) ParOldGen: 16K(349696K)->3477K(349696K)
[1.092s][info][gc,metaspace   ] GC(1) Metaspace: 8264K(8448K)->8264K(8448K) NonClass: 7149K(7232K)->7149K(7232K) Class: 1115K(1216K)->1115K(1216K)
[1.092s][info][gc             ] GC(1) Pause Full (System.gc()) 3M->3M(491M) 20.175ms
[1.092s][info][gc,cpu         ] GC(1) User=0.09s Sys=0.02s Real=0.02s
[1.300s][info][gc,start       ] GC(2) Pause Young (Allocation Failure)
[1.302s][info][gc,heap        ] GC(2) PSYoungGen: 131584K(153088K)->704K(153088K) Eden: 131584K(131584K)->0K(131584K) From: 0K(21504K)->704K(21504K)
[1.302s][info][gc,heap        ] GC(2) ParOldGen: 3477K(349696K)->3485K(349696K)
[1.302s][info][gc,metaspace   ] GC(2) Metaspace: 8408K(8576K)->8408K(8576K) NonClass: 7281K(7360K)->7281K(7360K) Class: 1127K(1216K)->1127K(1216K)
[1.302s][info][gc             ] GC(2) Pause Young (Allocation Failure) 131M->4M(491M) 1.161ms
[1.302s][info][gc,cpu         ] GC(2) User=0.00s Sys=0.00s Real=0.00s
[1.377s][info][gc,start       ] GC(3) Pause Young (Allocation Failure)
[1.378s][info][gc,heap        ] GC(3) PSYoungGen: 132288K(153088K)->1104K(153088K) Eden: 131584K(131584K)->0K(131584K) From: 704K(21504K)->1104K(21504K)
[1.378s][info][gc,heap        ] GC(3) ParOldGen: 3485K(349696K)->3493K(349696K)
[1.378s][info][gc,metaspace   ] GC(3) Metaspace: 8408K(8576K)->8408K(8576K) NonClass: 7281K(7360K)->7281K(7360K) Class: 1127K(1216K)->1127K(1216K)
[1.378s][info][gc             ] GC(3) Pause Young (Allocation Failure) 132M->4M(491M) 1.009ms
[1.378s][info][gc,cpu         ] GC(3) User=0.00s Sys=0.00s Real=0.00s
[1.435s][info][gc,start       ] GC(4) Pause Young (Allocation Failure)
[1.437s][info][gc,heap        ] GC(4) PSYoungGen: 132688K(153088K)->1568K(153088K) Eden: 131584K(131584K)->0K(131584K) From: 1104K(21504K)->1568K(21504K)
[1.437s][info][gc,heap        ] GC(4) ParOldGen: 3493K(349696K)->3501K(349696K)
[1.437s][info][gc,metaspace   ] GC(4) Metaspace: 8408K(8576K)->8408K(8576K) NonClass: 7281K(7360K)->7281K(7360K) Class: 1127K(1216K)->1127K(1216K)
[1.437s][info][gc             ] GC(4) Pause Young (Allocation Failure) 132M->4M(491M) 1.382ms
[1.437s][info][gc,cpu         ] GC(4) User=0.00s Sys=0.00s Real=0.00s
[1.499s][info][gc,start       ] GC(5) Pause Young (Allocation Failure)
[1.501s][info][gc,heap        ] GC(5) PSYoungGen: 133152K(153088K)->2016K(153088K) Eden: 131584K(131584K)->0K(131584K) From: 1568K(21504K)->2016K(21504K)
[1.501s][info][gc,heap        ] GC(5) ParOldGen: 3501K(349696K)->3501K(349696K)
[1.501s][info][gc,metaspace   ] GC(5) Metaspace: 8408K(8576K)->8408K(8576K) NonClass: 7281K(7360K)->7281K(7360K) Class: 1127K(1216K)->1127K(1216K)
[1.501s][info][gc             ] GC(5) Pause Young (Allocation Failure) 133M->5M(491M) 2.066ms
[1.501s][info][gc,cpu         ] GC(5) User=0.00s Sys=0.02s Real=0.02s
[1.558s][info][gc,start       ] GC(6) Pause Young (Allocation Failure)
[1.560s][info][gc,heap        ] GC(6) PSYoungGen: 133600K(153088K)->2464K(134144K) Eden: 131584K(131584K)->0K(131584K) From: 2016K(21504K)->2464K(2560K)
[1.560s][info][gc,heap        ] GC(6) ParOldGen: 3501K(349696K)->3501K(349696K)
[1.560s][info][gc,metaspace   ] GC(6) Metaspace: 8408K(8576K)->8408K(8576K) NonClass: 7281K(7360K)->7281K(7360K) Class: 1127K(1216K)->1127K(1216K)
[1.560s][info][gc             ] GC(6) Pause Young (Allocation Failure) 133M->5M(472M) 2.293ms
[1.561s][info][gc,cpu         ] GC(6) User=0.00s Sys=0.00s Real=0.00s
[1.618s][info][gc,start       ] GC(7) Pause Young (Allocation Failure)
[1.620s][info][gc,heap        ] GC(7) PSYoungGen: 134048K(134144K)->2848K(152064K) Eden: 131584K(131584K)->0K(148480K) From: 2464K(2560K)->2848K(3584K)
[1.620s][info][gc,heap        ] GC(7) ParOldGen: 3501K(349696K)->3501K(349696K)
[1.620s][info][gc,metaspace   ] GC(7) Metaspace: 8408K(8576K)->8408K(8576K) NonClass: 7281K(7360K)->7281K(7360K) Class: 1127K(1216K)->1127K(1216K)
[1.620s][info][gc             ] GC(7) Pause Young (Allocation Failure) 134M->6M(490M) 2.634ms
[1.620s][info][gc,cpu         ] GC(7) User=0.00s Sys=0.00s Real=0.00s
[1.694s][info][gc,start       ] GC(8) Pause Young (Allocation Failure)
[1.697s][info][gc,heap        ] GC(8) PSYoungGen: 151328K(152064K)->2912K(170496K) Eden: 148480K(148480K)->0K(166400K) From: 2848K(3584K)->2912K(4096K)
[1.697s][info][gc,heap        ] GC(8) ParOldGen: 3501K(349696K)->3909K(349696K)
[1.697s][info][gc,metaspace   ] GC(8) Metaspace: 8408K(8576K)->8408K(8576K) NonClass: 7281K(7360K)->7281K(7360K) Class: 1127K(1216K)->1127K(1216K)
[1.697s][info][gc             ] GC(8) Pause Young (Allocation Failure) 151M->6M(508M) 2.864ms
[1.697s][info][gc,cpu         ] GC(8) User=0.00s Sys=0.00s Real=0.00s
[1.773s][info][gc,start       ] GC(9) Pause Young (Allocation Failure)
[1.776s][info][gc,heap        ] GC(9) PSYoungGen: 169312K(170496K)->2144K(170496K) Eden: 166400K(166400K)->0K(166400K) From: 2912K(4096K)->2144K(4096K)
[1.776s][info][gc,heap        ] GC(9) ParOldGen: 3909K(349696K)->5293K(349696K)
[1.776s][info][gc,metaspace   ] GC(9) Metaspace: 8408K(8576K)->8408K(8576K) NonClass: 7281K(7360K)->7281K(7360K) Class: 1127K(1216K)->1127K(1216K)
[1.776s][info][gc             ] GC(9) Pause Young (Allocation Failure) 169M->7M(508M) 2.910ms
[1.776s][info][gc,cpu         ] GC(9) User=0.00s Sys=0.00s Real=0.00s
[1.848s][info][gc,start       ] GC(10) Pause Young (Allocation Failure)
[1.851s][info][gc,heap        ] GC(10) PSYoungGen: 168544K(170496K)->2752K(170496K) Eden: 166400K(166400K)->0K(166400K) From: 2144K(4096K)->2752K(4096K)
[1.851s][info][gc,heap        ] GC(10) ParOldGen: 5293K(349696K)->5293K(349696K)
[1.851s][info][gc,metaspace   ] GC(10) Metaspace: 8408K(8576K)->8408K(8576K) NonClass: 7281K(7360K)->7281K(7360K) Class: 1127K(1216K)->1127K(1216K)
[1.851s][info][gc             ] GC(10) Pause Young (Allocation Failure) 169M->7M(508M) 2.948ms
[1.851s][info][gc,cpu         ] GC(10) User=0.00s Sys=0.00s Real=0.00s
[1.951s][info][gc,start       ] GC(11) Pause Young (Allocation Failure)
[1.956s][info][gc,heap        ] GC(11) PSYoungGen: 169152K(170496K)->4080K(170496K) Eden: 166400K(166400K)->0K(166400K) From: 2752K(4096K)->4080K(4096K)
[1.956s][info][gc,heap        ] GC(11) ParOldGen: 5293K(349696K)->8837K(349696K)
[1.956s][info][gc,metaspace   ] GC(11) Metaspace: 8408K(8576K)->8408K(8576K) NonClass: 7281K(7360K)->7281K(7360K) Class: 1127K(1216K)->1127K(1216K)
[1.956s][info][gc             ] GC(11) Pause Young (Allocation Failure) 170M->12M(508M) 5.590ms
[1.956s][info][gc,cpu         ] GC(11) User=0.00s Sys=0.00s Real=0.00s
[2.042s][info][gc,start       ] GC(12) Pause Young (Allocation Failure)
[2.046s][info][gc,heap        ] GC(12) PSYoungGen: 170480K(170496K)->1024K(166400K) Eden: 166400K(166400K)->0K(162304K) From: 4080K(4096K)->1024K(4096K)
[2.046s][info][gc,heap        ] GC(12) ParOldGen: 8837K(349696K)->12733K(349696K)
[2.046s][info][gc,metaspace   ] GC(12) Metaspace: 8408K(8576K)->8408K(8576K) NonClass: 7281K(7360K)->7281K(7360K) Class: 1127K(1216K)->1127K(1216K)
[2.046s][info][gc             ] GC(12) Pause Young (Allocation Failure) 175M->13M(504M) 4.011ms
[2.046s][info][gc,cpu         ] GC(12) User=0.00s Sys=0.00s Real=0.00s
[2.120s][info][gc,start       ] GC(13) Pause Young (Allocation Failure)
[2.122s][info][gc,heap        ] GC(13) PSYoungGen: 163328K(166400K)->3360K(168448K) Eden: 162304K(162304K)->0K(162304K) From: 1024K(4096K)->3360K(6144K)
[2.122s][info][gc,heap        ] GC(13) ParOldGen: 12733K(349696K)->13357K(349696K)
[2.122s][info][gc,metaspace   ] GC(13) Metaspace: 8408K(8576K)->8408K(8576K) NonClass: 7281K(7360K)->7281K(7360K) Class: 1127K(1216K)->1127K(1216K)
[2.122s][info][gc             ] GC(13) Pause Young (Allocation Failure) 171M->16M(506M) 2.068ms
[2.122s][info][gc,cpu         ] GC(13) User=0.00s Sys=0.00s Real=0.00s
[2.209s][info][gc,start       ] GC(14) Pause Young (Allocation Failure)
[2.212s][info][gc,heap        ] GC(14) PSYoungGen: 165664K(168448K)->2544K(167936K) Eden: 162304K(162304K)->0K(162816K) From: 3360K(6144K)->2544K(5120K)
[2.212s][info][gc,heap        ] GC(14) ParOldGen: 13357K(349696K)->16117K(349696K)
[2.212s][info][gc,metaspace   ] GC(14) Metaspace: 8408K(8576K)->8408K(8576K) NonClass: 7281K(7360K)->7281K(7360K) Class: 1127K(1216K)->1127K(1216K)
[2.212s][info][gc             ] GC(14) Pause Young (Allocation Failure) 174M->18M(505M) 3.569ms
[2.212s][info][gc,cpu         ] GC(14) User=0.19s Sys=0.00s Real=0.02s
[2.296s][info][gc,start       ] GC(15) Pause Young (Allocation Failure)
[2.299s][info][gc,heap        ] GC(15) PSYoungGen: 165360K(167936K)->992K(168448K) Eden: 162816K(162816K)->0K(162816K) From: 2544K(5120K)->992K(5632K)
[2.299s][info][gc,heap        ] GC(15) ParOldGen: 16117K(349696K)->18221K(349696K)
[2.299s][info][gc,metaspace   ] GC(15) Metaspace: 8408K(8576K)->8408K(8576K) NonClass: 7281K(7360K)->7281K(7360K) Class: 1127K(1216K)->1127K(1216K)
[2.299s][info][gc             ] GC(15) Pause Young (Allocation Failure) 177M->18M(506M) 2.866ms
[2.299s][info][gc,cpu         ] GC(15) User=0.00s Sys=0.00s Real=0.00s
[2.375s][info][gc,start       ] GC(16) Pause Young (Allocation Failure)
[2.377s][info][gc,heap        ] GC(16) PSYoungGen: 163808K(168448K)->4512K(167936K) Eden: 162816K(162816K)->0K(162304K) From: 992K(5632K)->4512K(5632K)
[2.377s][info][gc,heap        ] GC(16) ParOldGen: 18221K(349696K)->18909K(349696K)
[2.377s][info][gc,metaspace   ] GC(16) Metaspace: 8408K(8576K)->8408K(8576K) NonClass: 7281K(7360K)->7281K(7360K) Class: 1127K(1216K)->1127K(1216K)
[2.377s][info][gc             ] GC(16) Pause Young (Allocation Failure) 177M->22M(505M) 2.739ms
[2.377s][info][gc,cpu         ] GC(16) User=0.00s Sys=0.00s Real=0.00s
[2.447s][info][gc,start       ] GC(17) Pause Young (Allocation Failure)
[2.452s][info][gc,heap        ] GC(17) PSYoungGen: 166816K(167936K)->768K(168448K) Eden: 162304K(162304K)->0K(162304K) From: 4512K(5632K)->768K(6144K)
[2.452s][info][gc,heap        ] GC(17) ParOldGen: 18909K(349696K)->23253K(349696K)
[2.452s][info][gc,metaspace   ] GC(17) Metaspace: 8408K(8576K)->8408K(8576K) NonClass: 7281K(7360K)->7281K(7360K) Class: 1127K(1216K)->1127K(1216K)
[2.452s][info][gc             ] GC(17) Pause Young (Allocation Failure) 181M->23M(506M) 4.407ms
[2.452s][info][gc,cpu         ] GC(17) User=0.00s Sys=0.00s Real=0.00s
[2.536s][info][gc,start       ] GC(18) Pause Young (Allocation Failure)
[2.542s][info][gc,heap        ] GC(18) PSYoungGen: 163072K(168448K)->6112K(164352K) Eden: 162304K(162304K)->0K(158208K) From: 768K(6144K)->6112K(6144K)
[2.542s][info][gc,heap        ] GC(18) ParOldGen: 23253K(349696K)->26493K(349696K)
[2.542s][info][gc,metaspace   ] GC(18) Metaspace: 8408K(8576K)->8408K(8576K) NonClass: 7281K(7360K)->7281K(7360K) Class: 1127K(1216K)->1127K(1216K)
[2.542s][info][gc             ] GC(18) Pause Young (Allocation Failure) 181M->31M(502M) 6.097ms
[2.542s][info][gc,cpu         ] GC(18) User=0.00s Sys=0.00s Real=0.00s
[2.611s][info][gc,start       ] GC(19) Pause Young (Allocation Failure)
[2.616s][info][gc,heap        ] GC(19) PSYoungGen: 164320K(164352K)->896K(166400K) Eden: 158208K(158208K)->0K(158208K) From: 6112K(6144K)->896K(8192K)
[2.616s][info][gc,heap        ] GC(19) ParOldGen: 26493K(349696K)->32533K(349696K)
[2.616s][info][gc,metaspace   ] GC(19) Metaspace: 8408K(8576K)->8408K(8576K) NonClass: 7281K(7360K)->7281K(7360K) Class: 1127K(1216K)->1127K(1216K)
[2.616s][info][gc             ] GC(19) Pause Young (Allocation Failure) 186M->32M(504M) 5.437ms
[2.616s][info][gc,cpu         ] GC(19) User=0.00s Sys=0.00s Real=0.00s
[2.685s][info][gc,start       ] GC(20) Pause Young (Allocation Failure)
[2.686s][info][gc,heap        ] GC(20) PSYoungGen: 159104K(166400K)->1024K(166400K) Eden: 158208K(158208K)->0K(158208K) From: 896K(8192K)->1024K(8192K)
[2.686s][info][gc,heap        ] GC(20) ParOldGen: 32533K(349696K)->32917K(349696K)
[2.686s][info][gc,metaspace   ] GC(20) Metaspace: 8408K(8576K)->8408K(8576K) NonClass: 7281K(7360K)->7281K(7360K) Class: 1127K(1216K)->1127K(1216K)
[2.686s][info][gc             ] GC(20) Pause Young (Allocation Failure) 187M->33M(504M) 1.216ms
[2.686s][info][gc,cpu         ] GC(20) User=0.00s Sys=0.00s Real=0.00s
[2.761s][info][gc,start       ] GC(21) Pause Young (Allocation Failure)
[2.763s][info][gc,heap        ] GC(21) PSYoungGen: 159232K(166400K)->4736K(166400K) Eden: 158208K(158208K)->0K(158208K) From: 1024K(8192K)->4736K(8192K)
[2.763s][info][gc,heap        ] GC(21) ParOldGen: 32917K(349696K)->33549K(349696K)
[2.764s][info][gc,metaspace   ] GC(21) Metaspace: 8408K(8576K)->8408K(8576K) NonClass: 7281K(7360K)->7281K(7360K) Class: 1127K(1216K)->1127K(1216K)
[2.764s][info][gc             ] GC(21) Pause Young (Allocation Failure) 187M->37M(504M) 2.731ms
[2.764s][info][gc,cpu         ] GC(21) User=0.00s Sys=0.00s Real=0.00s
[2.832s][info][gc,start       ] GC(22) Pause Young (Allocation Failure)
[2.836s][info][gc,heap        ] GC(22) PSYoungGen: 162944K(166400K)->800K(166400K) Eden: 158208K(158208K)->0K(158208K) From: 4736K(8192K)->800K(8192K)
[2.836s][info][gc,heap        ] GC(22) ParOldGen: 33549K(349696K)->38085K(349696K)
[2.836s][info][gc,metaspace   ] GC(22) Metaspace: 8408K(8576K)->8408K(8576K) NonClass: 7281K(7360K)->7281K(7360K) Class: 1127K(1216K)->1127K(1216K)
[2.836s][info][gc             ] GC(22) Pause Young (Allocation Failure) 191M->37M(504M) 4.416ms
[2.836s][info][gc,cpu         ] GC(22) User=0.00s Sys=0.00s Real=0.00s
[2.905s][info][gc,start       ] GC(23) Pause Young (Allocation Failure)
[2.907s][info][gc,heap        ] GC(23) PSYoungGen: 159008K(166400K)->960K(159232K) Eden: 158208K(158208K)->0K(158208K) From: 800K(8192K)->960K(1024K)
[2.907s][info][gc,heap        ] GC(23) ParOldGen: 38085K(349696K)->38413K(349696K)
[2.907s][info][gc,metaspace   ] GC(23) Metaspace: 8408K(8576K)->8408K(8576K) NonClass: 7281K(7360K)->7281K(7360K) Class: 1127K(1216K)->1127K(1216K)
[2.907s][info][gc             ] GC(23) Pause Young (Allocation Failure) 192M->38M(497M) 1.749ms
[2.907s][info][gc,cpu         ] GC(23) User=0.19s Sys=0.00s Real=0.02s
[2.981s][info][gc,start       ] GC(24) Pause Young (Allocation Failure)
[2.984s][info][gc,heap        ] GC(24) PSYoungGen: 159168K(159232K)->4576K(165376K) Eden: 158208K(158208K)->0K(157696K) From: 960K(1024K)->4576K(7680K)
[2.984s][info][gc,heap        ] GC(24) ParOldGen: 38413K(349696K)->39101K(349696K)
[2.984s][info][gc,metaspace   ] GC(24) Metaspace: 8408K(8576K)->8408K(8576K) NonClass: 7281K(7360K)->7281K(7360K) Class: 1127K(1216K)->1127K(1216K)
[2.984s][info][gc             ] GC(24) Pause Young (Allocation Failure) 192M->42M(503M) 3.049ms
[2.984s][info][gc,cpu         ] GC(24) User=0.02s Sys=0.00s Real=0.02s
[3.052s][info][gc,start       ] GC(25) Pause Young (Allocation Failure)
[3.057s][info][gc,heap        ] GC(25) PSYoungGen: 162272K(165376K)->736K(165888K) Eden: 157696K(157696K)->0K(157696K) From: 4576K(7680K)->736K(8192K)
[3.057s][info][gc,heap        ] GC(25) ParOldGen: 39101K(349696K)->43437K(349696K)
[3.057s][info][gc,metaspace   ] GC(25) Metaspace: 8408K(8576K)->8408K(8576K) NonClass: 7281K(7360K)->7281K(7360K) Class: 1127K(1216K)->1127K(1216K)
[3.057s][info][gc             ] GC(25) Pause Young (Allocation Failure) 196M->43M(503M) 4.367ms
[3.057s][info][gc,cpu         ] GC(25) User=0.00s Sys=0.00s Real=0.00s
[3.177s][info][gc,start       ] GC(26) Pause Young (Allocation Failure)
[3.190s][info][gc,heap        ] GC(26) PSYoungGen: 158432K(165888K)->8160K(156160K) Eden: 157696K(157696K)->0K(147968K) From: 736K(8192K)->8160K(8192K)
[3.190s][info][gc,heap        ] GC(26) ParOldGen: 43437K(349696K)->53477K(349696K)
[3.190s][info][gc,metaspace   ] GC(26) Metaspace: 8410K(8576K)->8410K(8576K) NonClass: 7283K(7360K)->7283K(7360K) Class: 1127K(1216K)->1127K(1216K)
[3.190s][info][gc             ] GC(26) Pause Young (Allocation Failure) 197M->60M(494M) 13.111ms
[3.190s][info][gc,cpu         ] GC(26) User=0.17s Sys=0.02s Real=0.02s
[3.255s][info][gc,start       ] GC(27) Pause Young (Allocation Failure)
[3.262s][info][gc,heap        ] GC(27) PSYoungGen: 156128K(156160K)->832K(161280K) Eden: 147968K(147968K)->0K(147968K) From: 8160K(8192K)->832K(13312K)
[3.262s][info][gc,heap        ] GC(27) ParOldGen: 53477K(349696K)->61621K(349696K)
[3.262s][info][gc,metaspace   ] GC(27) Metaspace: 8410K(8576K)->8410K(8576K) NonClass: 7283K(7360K)->7283K(7360K) Class: 1127K(1216K)->1127K(1216K)
[3.262s][info][gc             ] GC(27) Pause Young (Allocation Failure) 204M->60M(499M) 7.239ms
[3.262s][info][gc,cpu         ] GC(27) User=0.16s Sys=0.02s Real=0.02s
[3.326s][info][gc,start       ] GC(28) Pause Young (Allocation Failure)
[3.328s][info][gc,heap        ] GC(28) PSYoungGen: 148800K(161280K)->832K(159744K) Eden: 147968K(147968K)->0K(148480K) From: 832K(13312K)->832K(11264K)
[3.328s][info][gc,heap        ] GC(28) ParOldGen: 61621K(349696K)->61989K(349696K)
[3.328s][info][gc,metaspace   ] GC(28) Metaspace: 8410K(8576K)->8410K(8576K) NonClass: 7283K(7360K)->7283K(7360K) Class: 1127K(1216K)->1127K(1216K)
[3.328s][info][gc             ] GC(28) Pause Young (Allocation Failure) 205M->61M(497M) 1.712ms
[3.328s][info][gc,cpu         ] GC(28) User=0.00s Sys=0.00s Real=0.00s
[3.393s][info][gc,start       ] GC(29) Pause Young (Allocation Failure)
[3.394s][info][gc,heap        ] GC(29) PSYoungGen: 149312K(159744K)->800K(160768K) Eden: 148480K(148480K)->0K(148480K) From: 832K(11264K)->800K(12288K)
[3.394s][info][gc,heap        ] GC(29) ParOldGen: 61989K(349696K)->62629K(349696K)
[3.394s][info][gc,metaspace   ] GC(29) Metaspace: 8410K(8576K)->8410K(8576K) NonClass: 7283K(7360K)->7283K(7360K) Class: 1127K(1216K)->1127K(1216K)
[3.394s][info][gc             ] GC(29) Pause Young (Allocation Failure) 206M->61M(498M) 1.515ms
[3.394s][info][gc,cpu         ] GC(29) User=0.00s Sys=0.00s Real=0.00s
[3.464s][info][gc,start       ] GC(30) Pause Young (Allocation Failure)
[3.467s][info][gc,heap        ] GC(30) PSYoungGen: 149280K(160768K)->4720K(161280K) Eden: 148480K(148480K)->0K(150016K) From: 800K(12288K)->4720K(11264K)
[3.467s][info][gc,heap        ] GC(30) ParOldGen: 62629K(349696K)->63022K(349696K)
[3.467s][info][gc,metaspace   ] GC(30) Metaspace: 8410K(8576K)->8410K(8576K) NonClass: 7283K(7360K)->7283K(7360K) Class: 1127K(1216K)->1127K(1216K)
[3.467s][info][gc             ] GC(30) Pause Young (Allocation Failure) 206M->66M(499M) 2.889ms
[3.467s][info][gc,cpu         ] GC(30) User=0.00s Sys=0.00s Real=0.00s
[3.532s][info][gc,start       ] GC(31) Pause Young (Allocation Failure)
[3.536s][info][gc,heap        ] GC(31) PSYoungGen: 154736K(161280K)->832K(161792K) Eden: 150016K(150016K)->0K(150016K) From: 4720K(11264K)->832K(11776K)
[3.536s][info][gc,heap        ] GC(31) ParOldGen: 63022K(349696K)->67486K(349696K)
[3.536s][info][gc,metaspace   ] GC(31) Metaspace: 8410K(8576K)->8410K(8576K) NonClass: 7283K(7360K)->7283K(7360K) Class: 1127K(1216K)->1127K(1216K)
[3.537s][info][gc             ] GC(31) Pause Young (Allocation Failure) 212M->66M(499M) 4.656ms
[3.537s][info][gc,cpu         ] GC(31) User=0.00s Sys=0.00s Real=0.00s
[3.607s][info][gc,start       ] GC(32) Pause Young (Allocation Failure)
[3.610s][info][gc,heap        ] GC(32) PSYoungGen: 150848K(161792K)->4736K(162816K) Eden: 150016K(150016K)->0K(151552K) From: 832K(11776K)->4736K(11264K)
[3.610s][info][gc,heap        ] GC(32) ParOldGen: 67486K(349696K)->67822K(349696K)
[3.610s][info][gc,metaspace   ] GC(32) Metaspace: 8410K(8576K)->8410K(8576K) NonClass: 7283K(7360K)->7283K(7360K) Class: 1127K(1216K)->1127K(1216K)
[3.610s][info][gc             ] GC(32) Pause Young (Allocation Failure) 213M->70M(500M) 3.034ms
[3.611s][info][gc,cpu         ] GC(32) User=0.00s Sys=0.00s Real=0.00s
[3.676s][info][gc,start       ] GC(33) Pause Young (Allocation Failure)
[3.681s][info][gc,heap        ] GC(33) PSYoungGen: 156288K(162816K)->832K(162816K) Eden: 151552K(151552K)->0K(151552K) From: 4736K(11264K)->832K(11264K)
[3.681s][info][gc,heap        ] GC(33) ParOldGen: 67822K(349696K)->72222K(349696K)
[3.681s][info][gc,metaspace   ] GC(33) Metaspace: 8410K(8576K)->8410K(8576K) NonClass: 7283K(7360K)->7283K(7360K) Class: 1127K(1216K)->1127K(1216K)
[3.681s][info][gc             ] GC(33) Pause Young (Allocation Failure) 218M->71M(500M) 4.354ms
[3.681s][info][gc,cpu         ] GC(33) User=0.00s Sys=0.00s Real=0.00s
[3.747s][info][gc,start       ] GC(34) Pause Young (Allocation Failure)
[3.748s][info][gc,heap        ] GC(34) PSYoungGen: 152384K(162816K)->992K(162816K) Eden: 151552K(151552K)->0K(152576K) From: 832K(11264K)->992K(10240K)
[3.748s][info][gc,heap        ] GC(34) ParOldGen: 72222K(349696K)->72550K(349696K)
[3.748s][info][gc,metaspace   ] GC(34) Metaspace: 8410K(8576K)->8410K(8576K) NonClass: 7283K(7360K)->7283K(7360K) Class: 1127K(1216K)->1127K(1216K)
[3.748s][info][gc             ] GC(34) Pause Young (Allocation Failure) 219M->71M(500M) 1.415ms
[3.748s][info][gc,cpu         ] GC(34) User=0.02s Sys=0.00s Real=0.02s
[3.829s][info][gc,start       ] GC(35) Pause Young (Allocation Failure)
[3.834s][info][gc,heap        ] GC(35) PSYoungGen: 153568K(162816K)->9088K(162816K) Eden: 152576K(152576K)->0K(152576K) From: 992K(10240K)->9088K(10240K)
[3.834s][info][gc,heap        ] GC(35) ParOldGen: 72550K(349696K)->73262K(349696K)
[3.834s][info][gc,metaspace   ] GC(35) Metaspace: 8410K(8576K)->8410K(8576K) NonClass: 7283K(7360K)->7283K(7360K) Class: 1127K(1216K)->1127K(1216K)
[3.834s][info][gc             ] GC(35) Pause Young (Allocation Failure) 220M->80M(500M) 5.416ms
[3.834s][info][gc,cpu         ] GC(35) User=0.00s Sys=0.00s Real=0.00s
[3.900s][info][gc,start       ] GC(36) Pause Young (Allocation Failure)
[3.908s][info][gc,heap        ] GC(36) PSYoungGen: 161664K(162816K)->1088K(162816K) Eden: 152576K(152576K)->0K(151040K) From: 9088K(10240K)->1088K(11776K)
[3.908s][info][gc,heap        ] GC(36) ParOldGen: 73262K(349696K)->81822K(349696K)
[3.908s][info][gc,metaspace   ] GC(36) Metaspace: 8410K(8576K)->8410K(8576K) NonClass: 7283K(7360K)->7283K(7360K) Class: 1127K(1216K)->1127K(1216K)
[3.908s][info][gc             ] GC(36) Pause Young (Allocation Failure) 229M->80M(500M) 8.112ms
[3.908s][info][gc,cpu         ] GC(36) User=0.19s Sys=0.00s Real=0.01s
[3.974s][info][gc,start       ] GC(37) Pause Young (Allocation Failure)
[3.976s][info][gc,heap        ] GC(37) PSYoungGen: 152128K(162816K)->896K(152064K) Eden: 151040K(151040K)->0K(151040K) From: 1088K(11776K)->896K(1024K)
[3.976s][info][gc,heap        ] GC(37) ParOldGen: 81822K(349696K)->82478K(349696K)
[3.976s][info][gc,metaspace   ] GC(37) Metaspace: 8410K(8576K)->8410K(8576K) NonClass: 7283K(7360K)->7283K(7360K) Class: 1127K(1216K)->1127K(1216K)
[3.976s][info][gc             ] GC(37) Pause Young (Allocation Failure) 228M->81M(490M) 1.551ms
[3.976s][info][gc,cpu         ] GC(37) User=0.00s Sys=0.00s Real=0.00s
[4.047s][info][gc,start       ] GC(38) Pause Young (Allocation Failure)
[4.049s][info][gc,heap        ] GC(38) PSYoungGen: 151936K(152064K)->4512K(162816K) Eden: 151040K(151040K)->0K(151552K) From: 896K(1024K)->4512K(11264K)
[4.049s][info][gc,heap        ] GC(38) ParOldGen: 82478K(349696K)->83174K(349696K)
[4.050s][info][gc,metaspace   ] GC(38) Metaspace: 8410K(8576K)->8410K(8576K) NonClass: 7283K(7360K)->7283K(7360K) Class: 1127K(1216K)->1127K(1216K)
[4.050s][info][gc             ] GC(38) Pause Young (Allocation Failure) 228M->85M(500M) 2.974ms
[4.050s][info][gc,cpu         ] GC(38) User=0.00s Sys=0.00s Real=0.00s
[4.115s][info][gc,start       ] GC(39) Pause Young (Allocation Failure)
[4.120s][info][gc,heap        ] GC(39) PSYoungGen: 156064K(162816K)->928K(162304K) Eden: 151552K(151552K)->0K(151552K) From: 4512K(11264K)->928K(10752K)
[4.120s][info][gc,heap        ] GC(39) ParOldGen: 83174K(349696K)->87350K(349696K)
[4.120s][info][gc,metaspace   ] GC(39) Metaspace: 8410K(8576K)->8410K(8576K) NonClass: 7283K(7360K)->7283K(7360K) Class: 1127K(1216K)->1127K(1216K)
[4.120s][info][gc             ] GC(39) Pause Young (Allocation Failure) 233M->86M(500M) 4.368ms
[4.120s][info][gc,cpu         ] GC(39) User=0.00s Sys=0.00s Real=0.00s
[4.185s][info][gc,start       ] GC(40) Pause Young (Allocation Failure)
[4.187s][info][gc,heap        ] GC(40) PSYoungGen: 152480K(162304K)->896K(163328K) Eden: 151552K(151552K)->0K(153088K) From: 928K(10752K)->896K(10240K)
[4.187s][info][gc,heap        ] GC(40) ParOldGen: 87350K(349696K)->87998K(349696K)
[4.187s][info][gc,metaspace   ] GC(40) Metaspace: 8410K(8576K)->8410K(8576K) NonClass: 7283K(7360K)->7283K(7360K) Class: 1127K(1216K)->1127K(1216K)
[4.187s][info][gc             ] GC(40) Pause Young (Allocation Failure) 234M->86M(501M) 1.548ms
[4.187s][info][gc,cpu         ] GC(40) User=0.00s Sys=0.00s Real=0.00s
[4.259s][info][gc,start       ] GC(41) Pause Young (Allocation Failure)
[4.262s][info][gc,heap        ] GC(41) PSYoungGen: 153984K(163328K)->4624K(163328K) Eden: 153088K(153088K)->0K(153088K) From: 896K(10240K)->4624K(10240K)
[4.262s][info][gc,heap        ] GC(41) ParOldGen: 87998K(349696K)->88382K(349696K)
[4.262s][info][gc,metaspace   ] GC(41) Metaspace: 8410K(8576K)->8410K(8576K) NonClass: 7283K(7360K)->7283K(7360K) Class: 1127K(1216K)->1127K(1216K)
[4.262s][info][gc             ] GC(41) Pause Young (Allocation Failure) 236M->90M(501M) 3.216ms
[4.262s][info][gc,cpu         ] GC(41) User=0.00s Sys=0.00s Real=0.00s
[4.329s][info][gc,start       ] GC(42) Pause Young (Allocation Failure)
[4.333s][info][gc,heap        ] GC(42) PSYoungGen: 157712K(163328K)->832K(163328K) Eden: 153088K(153088K)->0K(154112K) From: 4624K(10240K)->832K(9216K)
[4.333s][info][gc,heap        ] GC(42) ParOldGen: 88382K(349696K)->92726K(349696K)
[4.333s][info][gc,metaspace   ] GC(42) Metaspace: 8410K(8576K)->8410K(8576K) NonClass: 7283K(7360K)->7283K(7360K) Class: 1127K(1216K)->1127K(1216K)
[4.333s][info][gc             ] GC(42) Pause Young (Allocation Failure) 240M->91M(501M) 4.591ms
[4.333s][info][gc,cpu         ] GC(42) User=0.13s Sys=0.00s Real=0.02s
[4.512s][info][gc,start       ] GC(43) Pause Young (Allocation Failure)
[4.542s][info][gc,heap        ] GC(43) PSYoungGen: 154944K(163328K)->9696K(163840K) Eden: 154112K(154112K)->0K(154112K) From: 832K(9216K)->9696K(9728K)
[4.542s][info][gc,heap        ] GC(43) ParOldGen: 92726K(349696K)->126942K(349696K)
[4.542s][info][gc,metaspace   ] GC(43) Metaspace: 8410K(8576K)->8410K(8576K) NonClass: 7283K(7360K)->7283K(7360K) Class: 1127K(1216K)->1127K(1216K)
[4.542s][info][gc             ] GC(43) Pause Young (Allocation Failure) 241M->133M(501M) 30.030ms
[4.542s][info][gc,cpu         ] GC(43) User=0.28s Sys=0.09s Real=0.03s
[4.925s][info][gc,start       ] GC(44) Pause Young (System.gc())
[4.941s][info][gc,heap        ] GC(44) PSYoungGen: 79825K(163840K)->10720K(129024K) Eden: 70129K(154112K)->0K(118272K) From: 9696K(9728K)->10720K(10752K)
[4.941s][info][gc,heap        ] GC(44) ParOldGen: 126942K(349696K)->137734K(349696K)
[4.941s][info][gc,metaspace   ] GC(44) Metaspace: 8597K(8832K)->8597K(8832K) NonClass: 7443K(7552K)->7443K(7552K) Class: 1153K(1280K)->1153K(1280K)
[4.941s][info][gc             ] GC(44) Pause Young (System.gc()) 201M->144M(467M) 16.683ms
[4.941s][info][gc,cpu         ] GC(44) User=0.19s Sys=0.00s Real=0.02s
[4.942s][info][gc,start       ] GC(45) Pause Full (System.gc())
[4.942s][info][gc,phases,start] GC(45) Marking Phase
[4.950s][info][gc,phases      ] GC(45) Marking Phase 7.972ms
[4.950s][info][gc,phases,start] GC(45) Summary Phase
[4.950s][info][gc,phases      ] GC(45) Summary Phase 0.025ms
[4.950s][info][gc,phases,start] GC(45) Adjust Roots
[4.951s][info][gc,phases      ] GC(45) Adjust Roots 1.627ms
[4.951s][info][gc,phases,start] GC(45) Compaction Phase
[4.955s][info][gc,phases      ] GC(45) Compaction Phase 4.119ms
[4.956s][info][gc,phases,start] GC(45) Post Compact
[4.960s][info][gc,phases      ] GC(45) Post Compact 4.457ms
[4.960s][info][gc,heap        ] GC(45) PSYoungGen: 10720K(129024K)->0K(129024K) Eden: 0K(118272K)->0K(118272K) From: 10720K(10752K)->0K(10752K)
[4.960s][info][gc,heap        ] GC(45) ParOldGen: 137734K(349696K)->3528K(349696K)
[4.960s][info][gc,metaspace   ] GC(45) Metaspace: 8597K(8832K)->8597K(8832K) NonClass: 7443K(7552K)->7443K(7552K) Class: 1153K(1280K)->1153K(1280K)
[4.960s][info][gc             ] GC(45) Pause Full (System.gc()) 144M->3M(467M) 18.464ms
[4.960s][info][gc,cpu         ] GC(45) User=0.02s Sys=0.00s Real=0.02s
[5.026s][info][gc,start       ] GC(46) Pause Young (Allocation Failure)
[5.027s][info][gc,heap        ] GC(46) PSYoungGen: 118272K(129024K)->704K(146432K) Eden: 118272K(118272K)->0K(118272K) From: 0K(10752K)->704K(28160K)
[5.027s][info][gc,heap        ] GC(46) ParOldGen: 3528K(349696K)->3528K(349696K)
[5.027s][info][gc,metaspace   ] GC(46) Metaspace: 8597K(8832K)->8597K(8832K) NonClass: 7443K(7552K)->7443K(7552K) Class: 1153K(1280K)->1153K(1280K)
[5.027s][info][gc             ] GC(46) Pause Young (Allocation Failure) 118M->4M(484M) 0.907ms
[5.027s][info][gc,cpu         ] GC(46) User=0.02s Sys=0.00s Real=0.02s
[5.079s][info][gc,start       ] GC(47) Pause Young (Allocation Failure)
[5.081s][info][gc,heap        ] GC(47) PSYoungGen: 118976K(146432K)->672K(143872K) Eden: 118272K(118272K)->0K(118784K) From: 704K(28160K)->672K(25088K)
[5.081s][info][gc,heap        ] GC(47) ParOldGen: 3528K(349696K)->3904K(349696K)
[5.081s][info][gc,metaspace   ] GC(47) Metaspace: 8597K(8832K)->8597K(8832K) NonClass: 7443K(7552K)->7443K(7552K) Class: 1153K(1280K)->1153K(1280K)
[5.081s][info][gc             ] GC(47) Pause Young (Allocation Failure) 119M->4M(482M) 1.664ms
[5.081s][info][gc,cpu         ] GC(47) User=0.00s Sys=0.00s Real=0.00s
[5.134s][info][gc,start       ] GC(48) Pause Young (Allocation Failure)
[5.135s][info][gc,heap        ] GC(48) PSYoungGen: 119456K(143872K)->768K(145408K) Eden: 118784K(118784K)->0K(118784K) From: 672K(25088K)->768K(26624K)
[5.135s][info][gc,heap        ] GC(48) ParOldGen: 3904K(349696K)->4232K(349696K)
[5.135s][info][gc,metaspace   ] GC(48) Metaspace: 8597K(8832K)->8597K(8832K) NonClass: 7443K(7552K)->7443K(7552K) Class: 1153K(1280K)->1153K(1280K)
[5.135s][info][gc             ] GC(48) Pause Young (Allocation Failure) 120M->4M(483M) 1.030ms
[5.135s][info][gc,cpu         ] GC(48) User=0.00s Sys=0.00s Real=0.00s
[5.192s][info][gc,start       ] GC(49) Pause Young (Allocation Failure)
[5.194s][info][gc,heap        ] GC(49) PSYoungGen: 119552K(145408K)->864K(145408K) Eden: 118784K(118784K)->0K(122368K) From: 768K(26624K)->864K(23040K)
[5.194s][info][gc,heap        ] GC(49) ParOldGen: 4232K(349696K)->4568K(349696K)
[5.194s][info][gc,metaspace   ] GC(49) Metaspace: 8597K(8832K)->8597K(8832K) NonClass: 7443K(7552K)->7443K(7552K) Class: 1153K(1280K)->1153K(1280K)
[5.194s][info][gc             ] GC(49) Pause Young (Allocation Failure) 120M->5M(483M) 1.334ms
[5.194s][info][gc,cpu         ] GC(49) User=0.00s Sys=0.00s Real=0.00s
[5.255s][info][gc,start       ] GC(50) Pause Young (Allocation Failure)
[5.258s][info][gc,heap        ] GC(50) PSYoungGen: 123232K(145408K)->4688K(146944K) Eden: 122368K(122368K)->0K(122368K) From: 864K(23040K)->4688K(24576K)
[5.258s][info][gc,heap        ] GC(50) ParOldGen: 4568K(349696K)->4968K(349696K)
[5.258s][info][gc,metaspace   ] GC(50) Metaspace: 8597K(8832K)->8597K(8832K) NonClass: 7443K(7552K)->7443K(7552K) Class: 1153K(1280K)->1153K(1280K)
[5.258s][info][gc             ] GC(50) Pause Young (Allocation Failure) 124M->9M(485M) 2.690ms
[5.258s][info][gc,cpu         ] GC(50) User=0.00s Sys=0.00s Real=0.00s
[5.312s][info][gc,start       ] GC(51) Pause Young (Allocation Failure)
[5.316s][info][gc,heap        ] GC(51) PSYoungGen: 127056K(146944K)->704K(147968K) Eden: 122368K(122368K)->0K(126976K) From: 4688K(24576K)->704K(20992K)
[5.316s][info][gc,heap        ] GC(51) ParOldGen: 4968K(349696K)->9424K(349696K)
[5.316s][info][gc,metaspace   ] GC(51) Metaspace: 8597K(8832K)->8597K(8832K) NonClass: 7443K(7552K)->7443K(7552K) Class: 1153K(1280K)->1153K(1280K)
[5.316s][info][gc             ] GC(51) Pause Young (Allocation Failure) 128M->9M(486M) 4.393ms
[5.317s][info][gc,cpu         ] GC(51) User=0.00s Sys=0.00s Real=0.00s
[5.373s][info][gc,start       ] GC(52) Pause Young (Allocation Failure)
[5.374s][info][gc,heap        ] GC(52) PSYoungGen: 127680K(147968K)->832K(148992K) Eden: 126976K(126976K)->0K(126976K) From: 704K(20992K)->832K(22016K)
[5.374s][info][gc,heap        ] GC(52) ParOldGen: 9424K(349696K)->9760K(349696K)
[5.374s][info][gc,metaspace   ] GC(52) Metaspace: 8597K(8832K)->8597K(8832K) NonClass: 7443K(7552K)->7443K(7552K) Class: 1153K(1280K)->1153K(1280K)
[5.374s][info][gc             ] GC(52) Pause Young (Allocation Failure) 133M->10M(487M) 1.216ms
[5.374s][info][gc,cpu         ] GC(52) User=0.00s Sys=0.00s Real=0.00s
[5.436s][info][gc,start       ] GC(53) Pause Young (Allocation Failure)
[5.439s][info][gc,heap        ] GC(53) PSYoungGen: 127808K(148992K)->4576K(149504K) Eden: 126976K(126976K)->0K(131584K) From: 832K(22016K)->4576K(17920K)
[5.439s][info][gc,heap        ] GC(53) ParOldGen: 9760K(349696K)->10160K(349696K)
[5.439s][info][gc,metaspace   ] GC(53) Metaspace: 8597K(8832K)->8597K(8832K) NonClass: 7443K(7552K)->7443K(7552K) Class: 1153K(1280K)->1153K(1280K)
[5.439s][info][gc             ] GC(53) Pause Young (Allocation Failure) 134M->14M(487M) 3.205ms
[5.439s][info][gc,cpu         ] GC(53) User=0.17s Sys=0.00s Real=0.00s
[5.497s][info][gc,start       ] GC(54) Pause Young (Allocation Failure)
[5.501s][info][gc,heap        ] GC(54) PSYoungGen: 136160K(149504K)->672K(151040K) Eden: 131584K(131584K)->0K(131584K) From: 4576K(17920K)->672K(19456K)
[5.501s][info][gc,heap        ] GC(54) ParOldGen: 10160K(349696K)->14488K(349696K)
[5.501s][info][gc,metaspace   ] GC(54) Metaspace: 8597K(8832K)->8597K(8832K) NonClass: 7443K(7552K)->7443K(7552K) Class: 1153K(1280K)->1153K(1280K)
[5.502s][info][gc             ] GC(54) Pause Young (Allocation Failure) 142M->14M(489M) 4.202ms
[5.502s][info][gc,cpu         ] GC(54) User=0.00s Sys=0.00s Real=0.00s
[5.560s][info][gc,start       ] GC(55) Pause Young (Allocation Failure)
[5.561s][info][gc,heap        ] GC(55) PSYoungGen: 132256K(151040K)->832K(152576K) Eden: 131584K(131584K)->0K(136192K) From: 672K(19456K)->832K(16384K)
[5.561s][info][gc,heap        ] GC(55) ParOldGen: 14488K(349696K)->14824K(349696K)
[5.561s][info][gc,metaspace   ] GC(55) Metaspace: 8597K(8832K)->8597K(8832K) NonClass: 7443K(7552K)->7443K(7552K) Class: 1153K(1280K)->1153K(1280K)
[5.561s][info][gc             ] GC(55) Pause Young (Allocation Failure) 143M->15M(490M) 1.257ms
[5.561s][info][gc,cpu         ] GC(55) User=0.00s Sys=0.00s Real=0.00s
[5.635s][info][gc,start       ] GC(56) Pause Young (Allocation Failure)
[5.640s][info][gc,heap        ] GC(56) PSYoungGen: 137024K(152576K)->9104K(154112K) Eden: 136192K(136192K)->0K(136192K) From: 832K(16384K)->9104K(17920K)
[5.640s][info][gc,heap        ] GC(56) ParOldGen: 14824K(349696K)->15216K(349696K)
[5.640s][info][gc,metaspace   ] GC(56) Metaspace: 8597K(8832K)->8597K(8832K) NonClass: 7443K(7552K)->7443K(7552K) Class: 1153K(1280K)->1153K(1280K)
[5.640s][info][gc             ] GC(56) Pause Young (Allocation Failure) 148M->23M(492M) 5.431ms
[5.640s][info][gc,cpu         ] GC(56) User=0.00s Sys=0.00s Real=0.00s
[5.700s][info][gc,start       ] GC(57) Pause Young (Allocation Failure)
[5.708s][info][gc,heap        ] GC(57) PSYoungGen: 145296K(154112K)->720K(156160K) Eden: 136192K(136192K)->0K(138240K) From: 9104K(17920K)->720K(17920K)
[5.708s][info][gc,heap        ] GC(57) ParOldGen: 15216K(349696K)->24176K(349696K)
[5.708s][info][gc,metaspace   ] GC(57) Metaspace: 8597K(8832K)->8597K(8832K) NonClass: 7443K(7552K)->7443K(7552K) Class: 1153K(1280K)->1153K(1280K)
[5.708s][info][gc             ] GC(57) Pause Young (Allocation Failure) 156M->24M(494M) 7.976ms
[5.708s][info][gc,cpu         ] GC(57) User=0.17s Sys=0.00s Real=0.02s
[5.770s][info][gc,start       ] GC(58) Pause Young (Allocation Failure)
[5.770s][info][gc,heap        ] GC(58) PSYoungGen: 138960K(156160K)->800K(139264K) Eden: 138240K(138240K)->0K(138240K) From: 720K(17920K)->800K(1024K)
[5.771s][info][gc,heap        ] GC(58) ParOldGen: 24176K(349696K)->24504K(349696K)
[5.771s][info][gc,metaspace   ] GC(58) Metaspace: 8597K(8832K)->8597K(8832K) NonClass: 7443K(7552K)->7443K(7552K) Class: 1153K(1280K)->1153K(1280K)
[5.771s][info][gc             ] GC(58) Pause Young (Allocation Failure) 159M->24M(477M) 1.059ms
[5.771s][info][gc,cpu         ] GC(58) User=0.00s Sys=0.00s Real=0.00s
[5.837s][info][gc,start       ] GC(59) Pause Young (Allocation Failure)
[5.840s][info][gc,heap        ] GC(59) PSYoungGen: 139040K(139264K)->4768K(156672K) Eden: 138240K(138240K)->0K(139776K) From: 800K(1024K)->4768K(16896K)
[5.840s][info][gc,heap        ] GC(59) ParOldGen: 24504K(349696K)->24840K(349696K)
[5.840s][info][gc,metaspace   ] GC(59) Metaspace: 8597K(8832K)->8597K(8832K) NonClass: 7443K(7552K)->7443K(7552K) Class: 1153K(1280K)->1153K(1280K)
[5.840s][info][gc             ] GC(59) Pause Young (Allocation Failure) 159M->28M(494M) 2.730ms
[5.840s][info][gc,cpu         ] GC(59) User=0.00s Sys=0.00s Real=0.00s
[5.902s][info][gc,start       ] GC(60) Pause Young (Allocation Failure)
[5.906s][info][gc,heap        ] GC(60) PSYoungGen: 144544K(156672K)->800K(155648K) Eden: 139776K(139776K)->0K(139776K) From: 4768K(16896K)->800K(15872K)
[5.906s][info][gc,heap        ] GC(60) ParOldGen: 24840K(349696K)->29360K(349696K)
[5.906s][info][gc,metaspace   ] GC(60) Metaspace: 8597K(8832K)->8597K(8832K) NonClass: 7443K(7552K)->7443K(7552K) Class: 1153K(1280K)->1153K(1280K)
[5.906s][info][gc             ] GC(60) Pause Young (Allocation Failure) 165M->29M(493M) 4.266ms
[5.906s][info][gc,cpu         ] GC(60) User=0.00s Sys=0.00s Real=0.00s
[5.985s][info][gc,start       ] GC(61) Pause Young (Allocation Failure)
[5.987s][info][gc,heap        ] GC(61) PSYoungGen: 140576K(155648K)->864K(157696K) Eden: 139776K(139776K)->0K(142336K) From: 800K(15872K)->864K(15360K)
[5.987s][info][gc,heap        ] GC(61) ParOldGen: 29360K(349696K)->29704K(349696K)
[5.987s][info][gc,metaspace   ] GC(61) Metaspace: 8597K(8832K)->8597K(8832K) NonClass: 7443K(7552K)->7443K(7552K) Class: 1153K(1280K)->1153K(1280K)
[5.987s][info][gc             ] GC(61) Pause Young (Allocation Failure) 165M->29M(495M) 1.337ms
[5.987s][info][gc,cpu         ] GC(61) User=0.00s Sys=0.00s Real=0.00s
[6.068s][info][gc,start       ] GC(62) Pause Young (Allocation Failure)
[6.070s][info][gc,heap        ] GC(62) PSYoungGen: 143200K(157696K)->4480K(157184K) Eden: 142336K(142336K)->0K(142336K) From: 864K(15360K)->4480K(14848K)
[6.070s][info][gc,heap        ] GC(62) ParOldGen: 29704K(349696K)->30408K(349696K)
[6.071s][info][gc,metaspace   ] GC(62) Metaspace: 8597K(8832K)->8597K(8832K) NonClass: 7443K(7552K)->7443K(7552K) Class: 1153K(1280K)->1153K(1280K)
[6.071s][info][gc             ] GC(62) Pause Young (Allocation Failure) 168M->34M(495M) 2.818ms
[6.071s][info][gc,cpu         ] GC(62) User=0.00s Sys=0.00s Real=0.00s
[6.148s][info][gc,start       ] GC(63) Pause Young (Allocation Failure)
[6.152s][info][gc,heap        ] GC(63) PSYoungGen: 146816K(157184K)->832K(158720K) Eden: 142336K(142336K)->0K(144896K) From: 4480K(14848K)->832K(13824K)
[6.152s][info][gc,heap        ] GC(63) ParOldGen: 30408K(349696K)->34440K(349696K)
[6.152s][info][gc,metaspace   ] GC(63) Metaspace: 8597K(8832K)->8597K(8832K) NonClass: 7443K(7552K)->7443K(7552K) Class: 1153K(1280K)->1153K(1280K)
[6.152s][info][gc             ] GC(63) Pause Young (Allocation Failure) 173M->34M(496M) 4.294ms
[6.152s][info][gc,cpu         ] GC(63) User=0.17s Sys=0.00s Real=0.02s
[6.233s][info][gc,start       ] GC(64) Pause Young (Allocation Failure)
[6.234s][info][gc,heap        ] GC(64) PSYoungGen: 145728K(158720K)->768K(158208K) Eden: 144896K(144896K)->0K(144896K) From: 832K(13824K)->768K(13312K)
[6.234s][info][gc,heap        ] GC(64) ParOldGen: 34440K(349696K)->35064K(349696K)
[6.234s][info][gc,metaspace   ] GC(64) Metaspace: 8597K(8832K)->8597K(8832K) NonClass: 7443K(7552K)->7443K(7552K) Class: 1153K(1280K)->1153K(1280K)
[6.234s][info][gc             ] GC(64) Pause Young (Allocation Failure) 175M->34M(496M) 1.466ms
[6.234s][info][gc,cpu         ] GC(64) User=0.00s Sys=0.00s Real=0.00s
[6.312s][info][gc,start       ] GC(65) Pause Young (Allocation Failure)
[6.318s][info][gc,heap        ] GC(65) PSYoungGen: 145664K(158208K)->9104K(158720K) Eden: 144896K(144896K)->0K(145920K) From: 768K(13312K)->9104K(12800K)
[6.318s][info][gc,heap        ] GC(65) ParOldGen: 35064K(349696K)->35457K(349696K)
[6.318s][info][gc,metaspace   ] GC(65) Metaspace: 8597K(8832K)->8597K(8832K) NonClass: 7443K(7552K)->7443K(7552K) Class: 1153K(1280K)->1153K(1280K)
[6.318s][info][gc             ] GC(65) Pause Young (Allocation Failure) 176M->43M(496M) 5.479ms
[6.318s][info][gc,cpu         ] GC(65) User=0.00s Sys=0.00s Real=0.00s
[6.382s][info][gc,start       ] GC(66) Pause Young (Allocation Failure)
[6.390s][info][gc,heap        ] GC(66) PSYoungGen: 155024K(158720K)->688K(160256K) Eden: 145920K(145920K)->0K(145920K) From: 9104K(12800K)->688K(14336K)
[6.390s][info][gc,heap        ] GC(66) ParOldGen: 35457K(349696K)->44353K(349696K)
[6.390s][info][gc,metaspace   ] GC(66) Metaspace: 8597K(8832K)->8597K(8832K) NonClass: 7443K(7552K)->7443K(7552K) Class: 1153K(1280K)->1153K(1280K)
[6.390s][info][gc             ] GC(66) Pause Young (Allocation Failure) 186M->43M(498M) 7.856ms
[6.390s][info][gc,cpu         ] GC(66) User=0.17s Sys=0.00s Real=0.02s
[6.455s][info][gc,start       ] GC(67) Pause Young (Allocation Failure)
[6.456s][info][gc,heap        ] GC(67) PSYoungGen: 146608K(160256K)->864K(157696K) Eden: 145920K(145920K)->0K(146432K) From: 688K(14336K)->864K(11264K)
[6.456s][info][gc,heap        ] GC(67) ParOldGen: 44353K(349696K)->44689K(349696K)
[6.456s][info][gc,metaspace   ] GC(67) Metaspace: 8597K(8832K)->8597K(8832K) NonClass: 7443K(7552K)->7443K(7552K) Class: 1153K(1280K)->1153K(1280K)
[6.456s][info][gc             ] GC(67) Pause Young (Allocation Failure) 186M->44M(495M) 1.284ms
[6.456s][info][gc,cpu         ] GC(67) User=0.00s Sys=0.00s Real=0.00s
[6.525s][info][gc,start       ] GC(68) Pause Young (Allocation Failure)
[6.528s][info][gc,heap        ] GC(68) PSYoungGen: 147296K(157696K)->4448K(159232K) Eden: 146432K(146432K)->0K(146432K) From: 864K(11264K)->4448K(12800K)
[6.528s][info][gc,heap        ] GC(68) ParOldGen: 44689K(349696K)->45377K(349696K)
[6.528s][info][gc,metaspace   ] GC(68) Metaspace: 8597K(8832K)->8597K(8832K) NonClass: 7443K(7552K)->7443K(7552K) Class: 1153K(1280K)->1153K(1280K)
[6.528s][info][gc             ] GC(68) Pause Young (Allocation Failure) 187M->48M(497M) 2.870ms
[6.528s][info][gc,cpu         ] GC(68) User=0.17s Sys=0.00s Real=0.02s
[6.593s][info][gc,start       ] GC(69) Pause Young (Allocation Failure)
[6.597s][info][gc,heap        ] GC(69) PSYoungGen: 150880K(159232K)->896K(160256K) Eden: 146432K(146432K)->0K(149504K) From: 4448K(12800K)->896K(10752K)
[6.597s][info][gc,heap        ] GC(69) ParOldGen: 45377K(349696K)->49553K(349696K)
[6.597s][info][gc,metaspace   ] GC(69) Metaspace: 8597K(8832K)->8597K(8832K) NonClass: 7443K(7552K)->7443K(7552K) Class: 1153K(1280K)->1153K(1280K)
[6.597s][info][gc             ] GC(69) Pause Young (Allocation Failure) 191M->49M(498M) 4.246ms
[6.597s][info][gc,cpu         ] GC(69) User=0.00s Sys=0.00s Real=0.00s
[6.679s][info][gc,start       ] GC(70) Pause Young (Allocation Failure)
[6.680s][info][gc,heap        ] GC(70) PSYoungGen: 150400K(160256K)->800K(161280K) Eden: 149504K(149504K)->0K(149504K) From: 896K(10752K)->800K(11776K)
[6.681s][info][gc,heap        ] GC(70) ParOldGen: 49553K(349696K)->50185K(349696K)
[6.681s][info][gc,metaspace   ] GC(70) Metaspace: 8597K(8832K)->8597K(8832K) NonClass: 7443K(7552K)->7443K(7552K) Class: 1153K(1280K)->1153K(1280K)
[6.681s][info][gc             ] GC(70) Pause Young (Allocation Failure) 195M->49M(499M) 1.593ms
[6.681s][info][gc,cpu         ] GC(70) User=0.00s Sys=0.00s Real=0.00s
[6.765s][info][gc,start       ] GC(71) Pause Young (Allocation Failure)
[6.768s][info][gc,heap        ] GC(71) PSYoungGen: 150304K(161280K)->4544K(162304K) Eden: 149504K(149504K)->0K(151552K) From: 800K(11776K)->4544K(10752K)
[6.768s][info][gc,heap        ] GC(71) ParOldGen: 50185K(349696K)->50585K(349696K)
[6.768s][info][gc,metaspace   ] GC(71) Metaspace: 8597K(8832K)->8597K(8832K) NonClass: 7443K(7552K)->7443K(7552K) Class: 1153K(1280K)->1153K(1280K)
[6.768s][info][gc             ] GC(71) Pause Young (Allocation Failure) 195M->53M(500M) 3.078ms
[6.768s][info][gc,cpu         ] GC(71) User=0.17s Sys=0.00s Real=0.02s
[6.835s][info][gc,start       ] GC(72) Pause Young (Allocation Failure)
[6.839s][info][gc,heap        ] GC(72) PSYoungGen: 156096K(162304K)->800K(162816K) Eden: 151552K(151552K)->0K(151552K) From: 4544K(10752K)->800K(11264K)
[6.839s][info][gc,heap        ] GC(72) ParOldGen: 50585K(349696K)->54921K(349696K)
[6.839s][info][gc,metaspace   ] GC(72) Metaspace: 8597K(8832K)->8597K(8832K) NonClass: 7443K(7552K)->7443K(7552K) Class: 1153K(1280K)->1153K(1280K)
[6.839s][info][gc             ] GC(72) Pause Young (Allocation Failure) 201M->54M(500M) 4.338ms
[6.839s][info][gc,cpu         ] GC(72) User=0.00s Sys=0.00s Real=0.00s
[6.940s][info][gc,start       ] GC(73) Pause Young (Allocation Failure)
[6.952s][info][gc,heap        ] GC(73) PSYoungGen: 152352K(162816K)->10720K(153600K) Eden: 151552K(151552K)->0K(142848K) From: 800K(11264K)->10720K(10752K)
[6.952s][info][gc,heap        ] GC(73) ParOldGen: 54921K(349696K)->62385K(349696K)
[6.952s][info][gc,metaspace   ] GC(73) Metaspace: 8597K(8832K)->8597K(8832K) NonClass: 7443K(7552K)->7443K(7552K) Class: 1153K(1280K)->1153K(1280K)
[6.952s][info][gc             ] GC(73) Pause Young (Allocation Failure) 202M->71M(491M) 12.315ms
[6.952s][info][gc,cpu         ] GC(73) User=0.00s Sys=0.00s Real=0.00s
[7.015s][info][gc,start       ] GC(74) Pause Young (Allocation Failure)
[7.024s][info][gc,heap        ] GC(74) PSYoungGen: 153568K(153600K)->752K(158720K) Eden: 142848K(142848K)->0K(142848K) From: 10720K(10752K)->752K(15872K)
[7.024s][info][gc,heap        ] GC(74) ParOldGen: 62385K(349696K)->73097K(349696K)
[7.024s][info][gc,metaspace   ] GC(74) Metaspace: 8597K(8832K)->8597K(8832K) NonClass: 7443K(7552K)->7443K(7552K) Class: 1153K(1280K)->1153K(1280K)
[7.024s][info][gc             ] GC(74) Pause Young (Allocation Failure) 210M->72M(496M) 8.697ms
[7.024s][info][gc,cpu         ] GC(74) User=0.17s Sys=0.00s Real=0.02s
[7.087s][info][gc,start       ] GC(75) Pause Young (Allocation Failure)
[7.088s][info][gc,heap        ] GC(75) PSYoungGen: 143600K(158720K)->800K(157184K) Eden: 142848K(142848K)->0K(143360K) From: 752K(15872K)->800K(13824K)
[7.088s][info][gc,heap        ] GC(75) ParOldGen: 73097K(349696K)->73465K(349696K)
[7.088s][info][gc,metaspace   ] GC(75) Metaspace: 8597K(8832K)->8597K(8832K) NonClass: 7443K(7552K)->7443K(7552K) Class: 1153K(1280K)->1153K(1280K)
[7.089s][info][gc             ] GC(75) Pause Young (Allocation Failure) 211M->72M(495M) 1.463ms
[7.089s][info][gc,cpu         ] GC(75) User=0.00s Sys=0.00s Real=0.00s
[7.152s][info][gc,start       ] GC(76) Pause Young (Allocation Failure)
[7.153s][info][gc,heap        ] GC(76) PSYoungGen: 144160K(157184K)->800K(158208K) Eden: 143360K(143360K)->0K(143360K) From: 800K(13824K)->800K(14848K)
[7.153s][info][gc,heap        ] GC(76) ParOldGen: 73465K(349696K)->74097K(349696K)
[7.153s][info][gc,metaspace   ] GC(76) Metaspace: 8597K(8832K)->8597K(8832K) NonClass: 7443K(7552K)->7443K(7552K) Class: 1153K(1280K)->1153K(1280K)
[7.153s][info][gc             ] GC(76) Pause Young (Allocation Failure) 212M->73M(496M) 1.527ms
[7.153s][info][gc,cpu         ] GC(76) User=0.00s Sys=0.00s Real=0.00s
[7.222s][info][gc,start       ] GC(77) Pause Young (Allocation Failure)
[7.225s][info][gc,heap        ] GC(77) PSYoungGen: 144160K(158208K)->4720K(158720K) Eden: 143360K(143360K)->0K(145920K) From: 800K(14848K)->4720K(12800K)
[7.225s][info][gc,heap        ] GC(77) ParOldGen: 74097K(349696K)->74489K(349696K)
[7.225s][info][gc,metaspace   ] GC(77) Metaspace: 8597K(8832K)->8597K(8832K) NonClass: 7443K(7552K)->7443K(7552K) Class: 1153K(1280K)->1153K(1280K)
[7.225s][info][gc             ] GC(77) Pause Young (Allocation Failure) 213M->77M(496M) 3.061ms
[7.225s][info][gc,cpu         ] GC(77) User=0.00s Sys=0.00s Real=0.00s
[7.289s][info][gc,start       ] GC(78) Pause Young (Allocation Failure)
[7.294s][info][gc,heap        ] GC(78) PSYoungGen: 150640K(158720K)->736K(159232K) Eden: 145920K(145920K)->0K(145920K) From: 4720K(12800K)->736K(13312K)
[7.294s][info][gc,heap        ] GC(78) ParOldGen: 74489K(349696K)->78937K(349696K)
[7.294s][info][gc,metaspace   ] GC(78) Metaspace: 8597K(8832K)->8597K(8832K) NonClass: 7443K(7552K)->7443K(7552K) Class: 1153K(1280K)->1153K(1280K)
[7.294s][info][gc             ] GC(78) Pause Young (Allocation Failure) 219M->77M(497M) 4.453ms
[7.294s][info][gc,cpu         ] GC(78) User=0.17s Sys=0.00s Real=0.02s
[7.364s][info][gc,start       ] GC(79) Pause Young (Allocation Failure)
[7.367s][info][gc,heap        ] GC(79) PSYoungGen: 146656K(159232K)->4512K(161280K) Eden: 145920K(145920K)->0K(148480K) From: 736K(13312K)->4512K(12800K)
[7.367s][info][gc,heap        ] GC(79) ParOldGen: 78937K(349696K)->79281K(349696K)
[7.367s][info][gc,metaspace   ] GC(79) Metaspace: 8597K(8832K)->8597K(8832K) NonClass: 7443K(7552K)->7443K(7552K) Class: 1153K(1280K)->1153K(1280K)
[7.367s][info][gc             ] GC(79) Pause Young (Allocation Failure) 220M->81M(499M) 2.765ms
[7.367s][info][gc,cpu         ] GC(79) User=0.00s Sys=0.00s Real=0.00s
[7.432s][info][gc,start       ] GC(80) Pause Young (Allocation Failure)
[7.436s][info][gc,heap        ] GC(80) PSYoungGen: 152992K(161280K)->704K(161280K) Eden: 148480K(148480K)->0K(148480K) From: 4512K(12800K)->704K(12800K)
[7.436s][info][gc,heap        ] GC(80) ParOldGen: 79281K(349696K)->83665K(349696K)
[7.436s][info][gc,metaspace   ] GC(80) Metaspace: 8597K(8832K)->8597K(8832K) NonClass: 7443K(7552K)->7443K(7552K) Class: 1153K(1280K)->1153K(1280K)
[7.436s][info][gc             ] GC(80) Pause Young (Allocation Failure) 226M->82M(499M) 4.319ms
[7.436s][info][gc,cpu         ] GC(80) User=0.00s Sys=0.00s Real=0.00s
[7.502s][info][gc,start       ] GC(81) Pause Young (Allocation Failure)
[7.504s][info][gc,heap        ] GC(81) PSYoungGen: 149184K(161280K)->864K(161280K) Eden: 148480K(148480K)->0K(149504K) From: 704K(12800K)->864K(11776K)
[7.504s][info][gc,heap        ] GC(81) ParOldGen: 83665K(349696K)->84009K(349696K)
[7.504s][info][gc,metaspace   ] GC(81) Metaspace: 8597K(8832K)->8597K(8832K) NonClass: 7443K(7552K)->7443K(7552K) Class: 1153K(1280K)->1153K(1280K)
[7.504s][info][gc             ] GC(81) Pause Young (Allocation Failure) 227M->82M(499M) 1.355ms
[7.504s][info][gc,cpu         ] GC(81) User=0.00s Sys=0.00s Real=0.00s
[7.596s][info][gc,start       ] GC(82) Pause Young (Allocation Failure)
[7.602s][info][gc,heap        ] GC(82) PSYoungGen: 150368K(161280K)->8864K(161280K) Eden: 149504K(149504K)->0K(149504K) From: 864K(11776K)->8864K(11776K)
[7.602s][info][gc,heap        ] GC(82) ParOldGen: 84009K(349696K)->84697K(349696K)
[7.602s][info][gc,metaspace   ] GC(82) Metaspace: 8597K(8832K)->8597K(8832K) NonClass: 7443K(7552K)->7443K(7552K) Class: 1153K(1280K)->1153K(1280K)
[7.602s][info][gc             ] GC(82) Pause Young (Allocation Failure) 228M->91M(499M) 5.633ms
[7.602s][info][gc,cpu         ] GC(82) User=0.08s Sys=0.05s Real=0.02s
[7.681s][info][gc,start       ] GC(83) Pause Young (Allocation Failure)
[7.689s][info][gc,heap        ] GC(83) PSYoungGen: 158368K(161280K)->864K(162304K) Eden: 149504K(149504K)->0K(149504K) From: 8864K(11776K)->864K(12800K)
[7.689s][info][gc,heap        ] GC(83) ParOldGen: 84697K(349696K)->93265K(349696K)
[7.689s][info][gc,metaspace   ] GC(83) Metaspace: 8597K(8832K)->8597K(8832K) NonClass: 7443K(7552K)->7443K(7552K) Class: 1153K(1280K)->1153K(1280K)
[7.689s][info][gc             ] GC(83) Pause Young (Allocation Failure) 237M->91M(500M) 7.505ms
[7.689s][info][gc,cpu         ] GC(83) User=0.00s Sys=0.00s Real=0.00s
[7.755s][info][gc,start       ] GC(84) Pause Young (Allocation Failure)
[7.756s][info][gc,heap        ] GC(84) PSYoungGen: 150368K(162304K)->832K(150528K) Eden: 149504K(149504K)->0K(149504K) From: 864K(12800K)->832K(1024K)
[7.756s][info][gc,heap        ] GC(84) ParOldGen: 93265K(349696K)->93937K(349696K)
[7.756s][info][gc,metaspace   ] GC(84) Metaspace: 8597K(8832K)->8597K(8832K) NonClass: 7443K(7552K)->7443K(7552K) Class: 1153K(1280K)->1153K(1280K)
[7.756s][info][gc             ] GC(84) Pause Young (Allocation Failure) 237M->92M(488M) 1.469ms
[7.756s][info][gc,cpu         ] GC(84) User=0.00s Sys=0.00s Real=0.00s
[7.828s][info][gc,start       ] GC(85) Pause Young (Allocation Failure)
[7.831s][info][gc,heap        ] GC(85) PSYoungGen: 150336K(150528K)->4704K(161280K) Eden: 149504K(149504K)->0K(149504K) From: 832K(1024K)->4704K(11776K)
[7.831s][info][gc,heap        ] GC(85) ParOldGen: 93937K(349696K)->94281K(349696K)
[7.831s][info][gc,metaspace   ] GC(85) Metaspace: 8597K(8832K)->8597K(8832K) NonClass: 7443K(7552K)->7443K(7552K) Class: 1153K(1280K)->1153K(1280K)
[7.831s][info][gc             ] GC(85) Pause Young (Allocation Failure) 238M->96M(499M) 2.916ms
[7.831s][info][gc,cpu         ] GC(85) User=0.00s Sys=0.00s Real=0.00s
[7.897s][info][gc,start       ] GC(86) Pause Young (Allocation Failure)
[7.902s][info][gc,heap        ] GC(86) PSYoungGen: 154208K(161280K)->768K(161280K) Eden: 149504K(149504K)->0K(149504K) From: 4704K(11776K)->768K(11776K)
[7.902s][info][gc,heap        ] GC(86) ParOldGen: 94281K(349696K)->98809K(349696K)
[7.902s][info][gc,metaspace   ] GC(86) Metaspace: 8597K(8832K)->8597K(8832K) NonClass: 7443K(7552K)->7443K(7552K) Class: 1153K(1280K)->1153K(1280K)
[7.902s][info][gc             ] GC(86) Pause Young (Allocation Failure) 242M->97M(499M) 4.515ms
[7.902s][info][gc,cpu         ] GC(86) User=0.00s Sys=0.00s Real=0.00s
[7.968s][info][gc,start       ] GC(87) Pause Young (Allocation Failure)
[7.969s][info][gc,heap        ] GC(87) PSYoungGen: 150272K(161280K)->960K(162304K) Eden: 149504K(149504K)->0K(151552K) From: 768K(11776K)->960K(10752K)
[7.969s][info][gc,heap        ] GC(87) ParOldGen: 98809K(349696K)->99145K(349696K)
[7.969s][info][gc,metaspace   ] GC(87) Metaspace: 8597K(8832K)->8597K(8832K) NonClass: 7443K(7552K)->7443K(7552K) Class: 1153K(1280K)->1153K(1280K)
[7.969s][info][gc             ] GC(87) Pause Young (Allocation Failure) 243M->97M(500M) 1.476ms
[7.970s][info][gc,cpu         ] GC(87) User=0.06s Sys=0.03s Real=0.02s
[8.042s][info][gc,start       ] GC(88) Pause Young (Allocation Failure)
[8.045s][info][gc,heap        ] GC(88) PSYoungGen: 152512K(162304K)->4448K(162304K) Eden: 151552K(151552K)->0K(151552K) From: 960K(10752K)->4448K(10752K)
[8.045s][info][gc,heap        ] GC(88) ParOldGen: 99145K(349696K)->99833K(349696K)
[8.045s][info][gc,metaspace   ] GC(88) Metaspace: 8597K(8832K)->8597K(8832K) NonClass: 7443K(7552K)->7443K(7552K) Class: 1153K(1280K)->1153K(1280K)
[8.045s][info][gc             ] GC(88) Pause Young (Allocation Failure) 245M->101M(500M) 2.995ms
[8.045s][info][gc,cpu         ] GC(88) User=0.00s Sys=0.00s Real=0.00s
[8.112s][info][gc,start       ] GC(89) Pause Young (Allocation Failure)
[8.116s][info][gc,heap        ] GC(89) PSYoungGen: 156000K(162304K)->960K(162816K) Eden: 151552K(151552K)->0K(153088K) From: 4448K(10752K)->960K(9728K)
[8.116s][info][gc,heap        ] GC(89) ParOldGen: 99833K(349696K)->103865K(349696K)
[8.116s][info][gc,metaspace   ] GC(89) Metaspace: 8597K(8832K)->8597K(8832K) NonClass: 7443K(7552K)->7443K(7552K) Class: 1153K(1280K)->1153K(1280K)
[8.116s][info][gc             ] GC(89) Pause Young (Allocation Failure) 249M->102M(500M) 4.168ms
[8.116s][info][gc,cpu         ] GC(89) User=0.00s Sys=0.00s Real=0.00s
[8.186s][info][gc,start       ] GC(90) Pause Young (Allocation Failure)
[8.187s][info][gc,heap        ] GC(90) PSYoungGen: 154048K(162816K)->1856K(163328K) Eden: 153088K(153088K)->0K(153088K) From: 960K(9728K)->1856K(10240K)
[8.187s][info][gc,heap        ] GC(90) ParOldGen: 103865K(349696K)->104505K(349696K)
[8.187s][info][gc,metaspace   ] GC(90) Metaspace: 8597K(8832K)->8597K(8832K) NonClass: 7443K(7552K)->7443K(7552K) Class: 1153K(1280K)->1153K(1280K)
[8.187s][info][gc             ] GC(90) Pause Young (Allocation Failure) 251M->103M(501M) 1.876ms
[8.188s][info][gc,cpu         ] GC(90) User=0.19s Sys=0.00s Real=0.01s
[8.585s][info][gc,start       ] GC(91) Pause Young (System.gc())
[8.619s][info][gc,heap        ] GC(91) PSYoungGen: 117540K(163328K)->9696K(129024K) Eden: 115684K(153088K)->0K(119296K) From: 1856K(10240K)->9696K(9728K)
[8.619s][info][gc,heap        ] GC(91) ParOldGen: 104505K(349696K)->148233K(349696K)
[8.619s][info][gc,metaspace   ] GC(91) Metaspace: 8597K(8832K)->8597K(8832K) NonClass: 7443K(7552K)->7443K(7552K) Class: 1153K(1280K)->1153K(1280K)
[8.619s][info][gc             ] GC(91) Pause Young (System.gc()) 216M->154M(467M) 34.070ms
[8.619s][info][gc,cpu         ] GC(91) User=0.34s Sys=0.03s Real=0.03s
[8.620s][info][gc,start       ] GC(92) Pause Full (System.gc())
[8.620s][info][gc,phases,start] GC(92) Marking Phase
[8.625s][info][gc,phases      ] GC(92) Marking Phase 5.767ms
[8.625s][info][gc,phases,start] GC(92) Summary Phase
[8.625s][info][gc,phases      ] GC(92) Summary Phase 0.013ms
[8.625s][info][gc,phases,start] GC(92) Adjust Roots
[8.626s][info][gc,phases      ] GC(92) Adjust Roots 1.117ms
[8.627s][info][gc,phases,start] GC(92) Compaction Phase
[8.627s][info][gc,phases      ] GC(92) Compaction Phase 0.993ms
[8.628s][info][gc,phases,start] GC(92) Post Compact
[8.628s][info][gc,phases      ] GC(92) Post Compact 0.975ms
[8.629s][info][gc,heap        ] GC(92) PSYoungGen: 9696K(129024K)->0K(129024K) Eden: 0K(119296K)->0K(119296K) From: 9696K(9728K)->0K(9728K)
[8.629s][info][gc,heap        ] GC(92) ParOldGen: 148233K(349696K)->3527K(349696K)
[8.629s][info][gc,metaspace   ] GC(92) Metaspace: 8597K(8832K)->8597K(8832K) NonClass: 7443K(7552K)->7443K(7552K) Class: 1153K(1280K)->1153K(1280K)
[8.629s][info][gc             ] GC(92) Pause Full (System.gc()) 154M->3M(467M) 8.999ms
[8.629s][info][gc,cpu         ] GC(92) User=0.00s Sys=0.00s Real=0.00s
[8.683s][info][gc,start       ] GC(93) Pause Young (Allocation Failure)
[8.684s][info][gc,heap        ] GC(93) PSYoungGen: 119296K(129024K)->736K(146944K) Eden: 119296K(119296K)->0K(119296K) From: 0K(9728K)->736K(27648K)
[8.684s][info][gc,heap        ] GC(93) ParOldGen: 3527K(349696K)->3527K(349696K)
[8.684s][info][gc,metaspace   ] GC(93) Metaspace: 8597K(8832K)->8597K(8832K) NonClass: 7443K(7552K)->7443K(7552K) Class: 1153K(1280K)->1153K(1280K)
[8.684s][info][gc             ] GC(93) Pause Young (Allocation Failure) 119M->4M(485M) 0.860ms
[8.684s][info][gc,cpu         ] GC(93) User=0.00s Sys=0.00s Real=0.00s
[8.737s][info][gc,start       ] GC(94) Pause Young (Allocation Failure)
[8.738s][info][gc,heap        ] GC(94) PSYoungGen: 120032K(146944K)->672K(144384K) Eden: 119296K(119296K)->0K(119808K) From: 736K(27648K)->672K(24576K)
[8.738s][info][gc,heap        ] GC(94) ParOldGen: 3527K(349696K)->3895K(349696K)
[8.738s][info][gc,metaspace   ] GC(94) Metaspace: 8597K(8832K)->8597K(8832K) NonClass: 7443K(7552K)->7443K(7552K) Class: 1153K(1280K)->1153K(1280K)
[8.739s][info][gc             ] GC(94) Pause Young (Allocation Failure) 120M->4M(482M) 1.430ms
[8.739s][info][gc,cpu         ] GC(94) User=0.00s Sys=0.00s Real=0.00s
[8.792s][info][gc,start       ] GC(95) Pause Young (Allocation Failure)
[8.793s][info][gc,heap        ] GC(95) PSYoungGen: 120480K(144384K)->800K(145920K) Eden: 119808K(119808K)->0K(119808K) From: 672K(24576K)->800K(26112K)
[8.793s][info][gc,heap        ] GC(95) ParOldGen: 3895K(349696K)->4223K(349696K)
[8.793s][info][gc,metaspace   ] GC(95) Metaspace: 8597K(8832K)->8597K(8832K) NonClass: 7443K(7552K)->7443K(7552K) Class: 1153K(1280K)->1153K(1280K)
[8.793s][info][gc             ] GC(95) Pause Young (Allocation Failure) 121M->4M(484M) 0.988ms
[8.793s][info][gc,cpu         ] GC(95) User=0.00s Sys=0.00s Real=0.00s
[8.846s][info][gc,start       ] GC(96) Pause Young (Allocation Failure)
[8.847s][info][gc,heap        ] GC(96) PSYoungGen: 120608K(145920K)->832K(145920K) Eden: 119808K(119808K)->0K(123392K) From: 800K(26112K)->832K(22528K)
[8.847s][info][gc,heap        ] GC(96) ParOldGen: 4223K(349696K)->4551K(349696K)
[8.847s][info][gc,metaspace   ] GC(96) Metaspace: 8597K(8832K)->8597K(8832K) NonClass: 7443K(7552K)->7443K(7552K) Class: 1153K(1280K)->1153K(1280K)
[8.847s][info][gc             ] GC(96) Pause Young (Allocation Failure) 121M->5M(484M) 1.250ms
[8.847s][info][gc,cpu         ] GC(96) User=0.00s Sys=0.00s Real=0.00s
[8.907s][info][gc,start       ] GC(97) Pause Young (Allocation Failure)
[8.910s][info][gc,heap        ] GC(97) PSYoungGen: 124224K(145920K)->4720K(147456K) Eden: 123392K(123392K)->0K(123392K) From: 832K(22528K)->4720K(24064K)
[8.910s][info][gc,heap        ] GC(97) ParOldGen: 4551K(349696K)->4951K(349696K)
[8.910s][info][gc,metaspace   ] GC(97) Metaspace: 8597K(8832K)->8597K(8832K) NonClass: 7443K(7552K)->7443K(7552K) Class: 1153K(1280K)->1153K(1280K)
[8.910s][info][gc             ] GC(97) Pause Young (Allocation Failure) 125M->9M(485M) 2.899ms
[8.910s][info][gc,cpu         ] GC(97) User=0.00s Sys=0.00s Real=0.00s
[8.965s][info][gc,start       ] GC(98) Pause Young (Allocation Failure)
[8.969s][info][gc,heap        ] GC(98) PSYoungGen: 128112K(147456K)->672K(150016K) Eden: 123392K(123392K)->0K(128512K) From: 4720K(24064K)->672K(21504K)
[8.969s][info][gc,heap        ] GC(98) ParOldGen: 4951K(349696K)->9407K(349696K)
[8.969s][info][gc,metaspace   ] GC(98) Metaspace: 8597K(8832K)->8597K(8832K) NonClass: 7443K(7552K)->7443K(7552K) Class: 1153K(1280K)->1153K(1280K)
[8.969s][info][gc             ] GC(98) Pause Young (Allocation Failure) 129M->9M(488M) 4.145ms
[8.969s][info][gc,cpu         ] GC(98) User=0.00s Sys=0.00s Real=0.00s
[9.026s][info][gc,start       ] GC(99) Pause Young (Allocation Failure)
[9.027s][info][gc,heap        ] GC(99) PSYoungGen: 129184K(150016K)->832K(150016K) Eden: 128512K(128512K)->0K(128512K) From: 672K(21504K)->832K(21504K)
[9.027s][info][gc,heap        ] GC(99) ParOldGen: 9407K(349696K)->9743K(349696K)
[9.027s][info][gc,metaspace   ] GC(99) Metaspace: 8597K(8832K)->8597K(8832K) NonClass: 7443K(7552K)->7443K(7552K) Class: 1153K(1280K)->1153K(1280K)
[9.027s][info][gc             ] GC(99) Pause Young (Allocation Failure) 135M->10M(488M) 1.209ms
[9.027s][info][gc,cpu         ] GC(99) User=0.00s Sys=0.00s Real=0.00s
[9.090s][info][gc,start       ] GC(100) Pause Young (Allocation Failure)
[9.093s][info][gc,heap        ] GC(100) PSYoungGen: 129344K(150016K)->4560K(151040K) Eden: 128512K(128512K)->0K(132608K) From: 832K(21504K)->4560K(18432K)
[9.093s][info][gc,heap        ] GC(100) ParOldGen: 9743K(349696K)->10143K(349696K)
[9.093s][info][gc,metaspace   ] GC(100) Metaspace: 8597K(8832K)->8597K(8832K) NonClass: 7443K(7552K)->7443K(7552K) Class: 1153K(1280K)->1153K(1280K)
[9.093s][info][gc             ] GC(100) Pause Young (Allocation Failure) 135M->14M(489M) 3.405ms
[9.093s][info][gc,cpu         ] GC(100) User=0.17s Sys=0.00s Real=0.02s
[9.152s][info][gc,start       ] GC(101) Pause Young (Allocation Failure)
[9.156s][info][gc,heap        ] GC(101) PSYoungGen: 137168K(151040K)->704K(151552K) Eden: 132608K(132608K)->0K(132608K) From: 4560K(18432K)->704K(18944K)
[9.156s][info][gc,heap        ] GC(101) ParOldGen: 10143K(349696K)->14464K(349696K)
[9.156s][info][gc,metaspace   ] GC(101) Metaspace: 8597K(8832K)->8597K(8832K) NonClass: 7443K(7552K)->7443K(7552K) Class: 1153K(1280K)->1153K(1280K)
[9.156s][info][gc             ] GC(101) Pause Young (Allocation Failure) 143M->14M(489M) 4.169ms
[9.156s][info][gc,cpu         ] GC(101) User=0.17s Sys=0.00s Real=0.01s
[9.215s][info][gc,start       ] GC(102) Pause Young (Allocation Failure)
[9.216s][info][gc,heap        ] GC(102) PSYoungGen: 133312K(151552K)->832K(155136K) Eden: 132608K(132608K)->0K(137728K) From: 704K(18944K)->832K(17408K)
[9.216s][info][gc,heap        ] GC(102) ParOldGen: 14464K(349696K)->14808K(349696K)
[9.216s][info][gc,metaspace   ] GC(102) Metaspace: 8597K(8832K)->8597K(8832K) NonClass: 7443K(7552K)->7443K(7552K) Class: 1153K(1280K)->1153K(1280K)
[9.216s][info][gc             ] GC(102) Pause Young (Allocation Failure) 144M->15M(493M) 1.233ms
[9.216s][info][gc,cpu         ] GC(102) User=0.00s Sys=0.00s Real=0.00s
[9.307s][info][gc,start       ] GC(103) Pause Young (Allocation Failure)
[9.312s][info][gc,heap        ] GC(103) PSYoungGen: 138560K(155136K)->9152K(155136K) Eden: 137728K(137728K)->0K(137728K) From: 832K(17408K)->9152K(17408K)
[9.313s][info][gc,heap        ] GC(103) ParOldGen: 14808K(349696K)->15200K(349696K)
[9.313s][info][gc,metaspace   ] GC(103) Metaspace: 8597K(8832K)->8597K(8832K) NonClass: 7443K(7552K)->7443K(7552K) Class: 1153K(1280K)->1153K(1280K)
[9.313s][info][gc             ] GC(103) Pause Young (Allocation Failure) 149M->23M(493M) 5.590ms
[9.313s][info][gc,cpu         ] GC(103) User=0.17s Sys=0.00s Real=0.02s
[9.386s][info][gc,start       ] GC(104) Pause Young (Allocation Failure)
[9.394s][info][gc,heap        ] GC(104) PSYoungGen: 146880K(155136K)->752K(156672K) Eden: 137728K(137728K)->0K(139264K) From: 9152K(17408K)->752K(17408K)
[9.394s][info][gc,heap        ] GC(104) ParOldGen: 15200K(349696K)->24160K(349696K)
[9.394s][info][gc,metaspace   ] GC(104) Metaspace: 8597K(8832K)->8597K(8832K) NonClass: 7443K(7552K)->7443K(7552K) Class: 1153K(1280K)->1153K(1280K)
[9.394s][info][gc             ] GC(104) Pause Young (Allocation Failure) 158M->24M(494M) 7.775ms
[9.394s][info][gc,cpu         ] GC(104) User=0.17s Sys=0.00s Real=0.02s
[9.456s][info][gc,start       ] GC(105) Pause Young (Allocation Failure)
[9.458s][info][gc,heap        ] GC(105) PSYoungGen: 140016K(156672K)->928K(140288K) Eden: 139264K(139264K)->0K(139264K) From: 752K(17408K)->928K(1024K)
[9.458s][info][gc,heap        ] GC(105) ParOldGen: 24160K(349696K)->24472K(349696K)
[9.458s][info][gc,metaspace   ] GC(105) Metaspace: 8597K(8832K)->8597K(8832K) NonClass: 7443K(7552K)->7443K(7552K) Class: 1153K(1280K)->1153K(1280K)
[9.458s][info][gc             ] GC(105) Pause Young (Allocation Failure) 160M->24M(478M) 1.399ms
[9.458s][info][gc,cpu         ] GC(105) User=0.00s Sys=0.00s Real=0.00s
[9.524s][info][gc,start       ] GC(106) Pause Young (Allocation Failure)
[9.527s][info][gc,heap        ] GC(106) PSYoungGen: 140192K(140288K)->4512K(157184K) Eden: 139264K(139264K)->0K(140800K) From: 928K(1024K)->4512K(16384K)
[9.527s][info][gc,heap        ] GC(106) ParOldGen: 24472K(349696K)->25168K(349696K)
[9.527s][info][gc,metaspace   ] GC(106) Metaspace: 8597K(8832K)->8597K(8832K) NonClass: 7443K(7552K)->7443K(7552K) Class: 1153K(1280K)->1153K(1280K)
[9.527s][info][gc             ] GC(106) Pause Young (Allocation Failure) 160M->28M(495M) 2.766ms
[9.527s][info][gc,cpu         ] GC(106) User=0.00s Sys=0.00s Real=0.00s
[9.589s][info][gc,start       ] GC(107) Pause Young (Allocation Failure)
[9.593s][info][gc,heap        ] GC(107) PSYoungGen: 145312K(157184K)->864K(156160K) Eden: 140800K(140800K)->0K(140800K) From: 4512K(16384K)->864K(15360K)
[9.593s][info][gc,heap        ] GC(107) ParOldGen: 25168K(349696K)->29328K(349696K)
[9.593s][info][gc,metaspace   ] GC(107) Metaspace: 8597K(8832K)->8597K(8832K) NonClass: 7443K(7552K)->7443K(7552K) Class: 1153K(1280K)->1153K(1280K)
[9.593s][info][gc             ] GC(107) Pause Young (Allocation Failure) 166M->29M(494M) 4.059ms
[9.593s][info][gc,cpu         ] GC(107) User=0.17s Sys=0.00s Real=0.02s
[9.656s][info][gc,start       ] GC(108) Pause Young (Allocation Failure)
[9.658s][info][gc,heap        ] GC(108) PSYoungGen: 141664K(156160K)->960K(158208K) Eden: 140800K(140800K)->0K(143360K) From: 864K(15360K)->960K(14848K)
[9.658s][info][gc,heap        ] GC(108) ParOldGen: 29328K(349696K)->29656K(349696K)
[9.658s][info][gc,metaspace   ] GC(108) Metaspace: 8597K(8832K)->8597K(8832K) NonClass: 7443K(7552K)->7443K(7552K) Class: 1153K(1280K)->1153K(1280K)
[9.658s][info][gc             ] GC(108) Pause Young (Allocation Failure) 166M->29M(496M) 1.431ms
[9.658s][info][gc,cpu         ] GC(108) User=0.00s Sys=0.00s Real=0.00s
[9.727s][info][gc,start       ] GC(109) Pause Young (Allocation Failure)
[9.729s][info][gc,heap        ] GC(109) PSYoungGen: 144320K(158208K)->4480K(157696K) Eden: 143360K(143360K)->0K(143360K) From: 960K(14848K)->4480K(14336K)
[9.729s][info][gc,heap        ] GC(109) ParOldGen: 29656K(349696K)->30344K(349696K)
[9.729s][info][gc,metaspace   ] GC(109) Metaspace: 8597K(8832K)->8597K(8832K) NonClass: 7443K(7552K)->7443K(7552K) Class: 1153K(1280K)->1153K(1280K)
[9.730s][info][gc             ] GC(109) Pause Young (Allocation Failure) 169M->34M(495M) 2.941ms
[9.730s][info][gc,cpu         ] GC(109) User=0.00s Sys=0.00s Real=0.00s
[9.793s][info][gc,start       ] GC(110) Pause Young (Allocation Failure)
[9.797s][info][gc,heap        ] GC(110) PSYoungGen: 147840K(157696K)->928K(159232K) Eden: 143360K(143360K)->0K(145920K) From: 4480K(14336K)->928K(13312K)
[9.797s][info][gc,heap        ] GC(110) ParOldGen: 30344K(349696K)->34400K(349696K)
[9.797s][info][gc,metaspace   ] GC(110) Metaspace: 8597K(8832K)->8597K(8832K) NonClass: 7443K(7552K)->7443K(7552K) Class: 1153K(1280K)->1153K(1280K)
[9.797s][info][gc             ] GC(110) Pause Young (Allocation Failure) 174M->34M(497M) 3.970ms
[9.797s][info][gc,cpu         ] GC(110) User=0.00s Sys=0.00s Real=0.00s
[9.862s][info][gc,start       ] GC(111) Pause Young (Allocation Failure)
[9.864s][info][gc,heap        ] GC(111) PSYoungGen: 146848K(159232K)->832K(158720K) Eden: 145920K(145920K)->0K(145920K) From: 928K(13312K)->832K(12800K)
[9.864s][info][gc,heap        ] GC(111) ParOldGen: 34400K(349696K)->35032K(349696K)
[9.864s][info][gc,metaspace   ] GC(111) Metaspace: 8597K(8832K)->8597K(8832K) NonClass: 7443K(7552K)->7443K(7552K) Class: 1153K(1280K)->1153K(1280K)
[9.864s][info][gc             ] GC(111) Pause Young (Allocation Failure) 177M->35M(496M) 1.465ms
[9.864s][info][gc,cpu         ] GC(111) User=0.00s Sys=0.00s Real=0.00s
[9.942s][info][gc,start       ] GC(112) Pause Young (Allocation Failure)
[9.948s][info][gc,heap        ] GC(112) PSYoungGen: 146752K(158720K)->9136K(159232K) Eden: 145920K(145920K)->0K(146944K) From: 832K(12800K)->9136K(12288K)
[9.948s][info][gc,heap        ] GC(112) ParOldGen: 35032K(349696K)->35424K(349696K)
[9.948s][info][gc,metaspace   ] GC(112) Metaspace: 8597K(8832K)->8597K(8832K) NonClass: 7443K(7552K)->7443K(7552K) Class: 1153K(1280K)->1153K(1280K)
[9.948s][info][gc             ] GC(112) Pause Young (Allocation Failure) 177M->43M(497M) 5.627ms
[9.948s][info][gc,cpu         ] GC(112) User=0.02s Sys=0.00s Real=0.02s
[10.013s][info][gc,start       ] GC(113) Pause Young (Allocation Failure)
[10.021s][info][gc,heap        ] GC(113) PSYoungGen: 156080K(159232K)->848K(160768K) Eden: 146944K(146944K)->0K(146944K) From: 9136K(12288K)->848K(13824K)
[10.021s][info][gc,heap        ] GC(113) ParOldGen: 35424K(349696K)->44312K(349696K)
[10.021s][info][gc,metaspace   ] GC(113) Metaspace: 8597K(8832K)->8597K(8832K) NonClass: 7443K(7552K)->7443K(7552K) Class: 1153K(1280K)->1153K(1280K)
[10.021s][info][gc             ] GC(113) Pause Young (Allocation Failure) 187M->44M(498M) 7.968ms
[10.021s][info][gc,cpu         ] GC(113) User=0.17s Sys=0.00s Real=0.02s
[10.086s][info][gc,start       ] GC(114) Pause Young (Allocation Failure)
[10.087s][info][gc,heap        ] GC(114) PSYoungGen: 147792K(160768K)->992K(159232K) Eden: 146944K(146944K)->0K(147456K) From: 848K(13824K)->992K(11776K)
[10.087s][info][gc,heap        ] GC(114) ParOldGen: 44312K(349696K)->44656K(349696K)
[10.087s][info][gc,metaspace   ] GC(114) Metaspace: 8597K(8832K)->8597K(8832K) NonClass: 7443K(7552K)->7443K(7552K) Class: 1153K(1280K)->1153K(1280K)
[10.087s][info][gc             ] GC(114) Pause Young (Allocation Failure) 187M->44M(497M) 1.314ms
[10.087s][info][gc,cpu         ] GC(114) User=0.00s Sys=0.00s Real=0.00s
[10.158s][info][gc,start       ] GC(115) Pause Young (Allocation Failure)
[10.161s][info][gc,heap        ] GC(115) PSYoungGen: 148448K(159232K)->4576K(160256K) Eden: 147456K(147456K)->0K(147456K) From: 992K(11776K)->4576K(12800K)
[10.161s][info][gc,heap        ] GC(115) ParOldGen: 44656K(349696K)->45344K(349696K)
[10.161s][info][gc,metaspace   ] GC(115) Metaspace: 8597K(8832K)->8597K(8832K) NonClass: 7443K(7552K)->7443K(7552K) Class: 1153K(1280K)->1153K(1280K)
[10.161s][info][gc             ] GC(115) Pause Young (Allocation Failure) 188M->48M(498M) 2.847ms
[10.161s][info][gc,cpu         ] GC(115) User=0.00s Sys=0.00s Real=0.00s
[10.261s][info][gc,start       ] GC(116) Pause Young (Allocation Failure)
[10.265s][info][gc,heap        ] GC(116) PSYoungGen: 152032K(160256K)->928K(160256K) Eden: 147456K(147456K)->0K(149504K) From: 4576K(12800K)->928K(10752K)
[10.265s][info][gc,heap        ] GC(116) ParOldGen: 45344K(349696K)->49512K(349696K)
[10.265s][info][gc,metaspace   ] GC(116) Metaspace: 8597K(8832K)->8597K(8832K) NonClass: 7443K(7552K)->7443K(7552K) Class: 1153K(1280K)->1153K(1280K)
[10.265s][info][gc             ] GC(116) Pause Young (Allocation Failure) 192M->49M(498M) 4.178ms
[10.265s][info][gc,cpu         ] GC(116) User=0.00s Sys=0.00s Real=0.00s
[10.345s][info][gc,start       ] GC(117) Pause Young (Allocation Failure)
[10.347s][info][gc,heap        ] GC(117) PSYoungGen: 150432K(160256K)->832K(161280K) Eden: 149504K(149504K)->0K(149504K) From: 928K(10752K)->832K(11776K)
[10.347s][info][gc,heap        ] GC(117) ParOldGen: 49512K(349696K)->50128K(349696K)
[10.347s][info][gc,metaspace   ] GC(117) Metaspace: 8597K(8832K)->8597K(8832K) NonClass: 7443K(7552K)->7443K(7552K) Class: 1153K(1280K)->1153K(1280K)
[10.347s][info][gc             ] GC(117) Pause Young (Allocation Failure) 195M->49M(499M) 1.514ms
[10.347s][info][gc,cpu         ] GC(117) User=0.00s Sys=0.00s Real=0.00s
[10.419s][info][gc,start       ] GC(118) Pause Young (Allocation Failure)
[10.422s][info][gc,heap        ] GC(118) PSYoungGen: 150336K(161280K)->4608K(162304K) Eden: 149504K(149504K)->0K(151552K) From: 832K(11776K)->4608K(10752K)
[10.422s][info][gc,heap        ] GC(118) ParOldGen: 50128K(349696K)->50528K(349696K)
[10.422s][info][gc,metaspace   ] GC(118) Metaspace: 8597K(8832K)->8597K(8832K) NonClass: 7443K(7552K)->7443K(7552K) Class: 1153K(1280K)->1153K(1280K)
[10.422s][info][gc             ] GC(118) Pause Young (Allocation Failure) 195M->53M(500M) 2.991ms
[10.422s][info][gc,cpu         ] GC(118) User=0.00s Sys=0.00s Real=0.00s
[10.489s][info][gc,start       ] GC(119) Pause Young (Allocation Failure)
[10.493s][info][gc,heap        ] GC(119) PSYoungGen: 156160K(162304K)->928K(162816K) Eden: 151552K(151552K)->0K(151552K) From: 4608K(10752K)->928K(11264K)
[10.493s][info][gc,heap        ] GC(119) ParOldGen: 50528K(349696K)->54856K(349696K)
[10.493s][info][gc,metaspace   ] GC(119) Metaspace: 8597K(8832K)->8597K(8832K) NonClass: 7443K(7552K)->7443K(7552K) Class: 1153K(1280K)->1153K(1280K)
[10.493s][info][gc             ] GC(119) Pause Young (Allocation Failure) 201M->54M(500M) 4.129ms
[10.493s][info][gc,cpu         ] GC(119) User=0.00s Sys=0.00s Real=0.00s
[10.593s][info][gc,start       ] GC(120) Pause Young (Allocation Failure)
[10.605s][info][gc,heap        ] GC(120) PSYoungGen: 152480K(162816K)->10720K(153600K) Eden: 151552K(151552K)->0K(142848K) From: 928K(11264K)->10720K(10752K)
[10.605s][info][gc,heap        ] GC(120) ParOldGen: 54856K(349696K)->62432K(349696K)
[10.605s][info][gc,metaspace   ] GC(120) Metaspace: 8597K(8832K)->8597K(8832K) NonClass: 7443K(7552K)->7443K(7552K) Class: 1153K(1280K)->1153K(1280K)
[10.605s][info][gc             ] GC(120) Pause Young (Allocation Failure) 202M->71M(491M) 12.279ms
[10.605s][info][gc,cpu         ] GC(120) User=0.00s Sys=0.00s Real=0.00s
[10.668s][info][gc,start       ] GC(121) Pause Young (Allocation Failure)
[10.677s][info][gc,heap        ] GC(121) PSYoungGen: 153568K(153600K)->800K(158720K) Eden: 142848K(142848K)->0K(142848K) From: 10720K(10752K)->800K(15872K)
[10.677s][info][gc,heap        ] GC(121) ParOldGen: 62432K(349696K)->73056K(349696K)
[10.677s][info][gc,metaspace   ] GC(121) Metaspace: 8597K(8832K)->8597K(8832K) NonClass: 7443K(7552K)->7443K(7552K) Class: 1153K(1280K)->1153K(1280K)
[10.677s][info][gc             ] GC(121) Pause Young (Allocation Failure) 210M->72M(496M) 8.627ms
[10.677s][info][gc,cpu         ] GC(121) User=0.00s Sys=0.00s Real=0.00s
[10.740s][info][gc,start       ] GC(122) Pause Young (Allocation Failure)
[10.742s][info][gc,heap        ] GC(122) PSYoungGen: 143648K(158720K)->896K(156160K) Eden: 142848K(142848K)->0K(143360K) From: 800K(15872K)->896K(12800K)
[10.742s][info][gc,heap        ] GC(122) ParOldGen: 73056K(349696K)->73432K(349696K)
[10.742s][info][gc,metaspace   ] GC(122) Metaspace: 8597K(8832K)->8597K(8832K) NonClass: 7443K(7552K)->7443K(7552K) Class: 1153K(1280K)->1153K(1280K)
[10.742s][info][gc             ] GC(122) Pause Young (Allocation Failure) 211M->72M(494M) 1.907ms
[10.742s][info][gc,cpu         ] GC(122) User=0.00s Sys=0.00s Real=0.00s
[10.806s][info][gc,start       ] GC(123) Pause Young (Allocation Failure)
[10.807s][info][gc,heap        ] GC(123) PSYoungGen: 144256K(156160K)->832K(157696K) Eden: 143360K(143360K)->0K(143360K) From: 896K(12800K)->832K(14336K)
[10.807s][info][gc,heap        ] GC(123) ParOldGen: 73432K(349696K)->74040K(349696K)
[10.807s][info][gc,metaspace   ] GC(123) Metaspace: 8597K(8832K)->8597K(8832K) NonClass: 7443K(7552K)->7443K(7552K) Class: 1153K(1280K)->1153K(1280K)
[10.807s][info][gc             ] GC(123) Pause Young (Allocation Failure) 212M->73M(495M) 1.624ms
[10.808s][info][gc,cpu         ] GC(123) User=0.00s Sys=0.00s Real=0.00s
[10.890s][info][gc,start       ] GC(124) Pause Young (Allocation Failure)
[10.893s][info][gc,heap        ] GC(124) PSYoungGen: 144192K(157696K)->4720K(158720K) Eden: 143360K(143360K)->0K(146432K) From: 832K(14336K)->4720K(12288K)
[10.893s][info][gc,heap        ] GC(124) ParOldGen: 74040K(349696K)->74440K(349696K)
[10.893s][info][gc,metaspace   ] GC(124) Metaspace: 8597K(8832K)->8597K(8832K) NonClass: 7443K(7552K)->7443K(7552K) Class: 1153K(1280K)->1153K(1280K)
[10.893s][info][gc             ] GC(124) Pause Young (Allocation Failure) 213M->77M(496M) 3.064ms
[10.893s][info][gc,cpu         ] GC(124) User=0.00s Sys=0.00s Real=0.00s
[10.972s][info][gc,start       ] GC(125) Pause Young (Allocation Failure)
[10.976s][info][gc,heap        ] GC(125) PSYoungGen: 151152K(158720K)->768K(159744K) Eden: 146432K(146432K)->0K(146432K) From: 4720K(12288K)->768K(13312K)
[10.976s][info][gc,heap        ] GC(125) ParOldGen: 74440K(349696K)->78896K(349696K)
[10.976s][info][gc,metaspace   ] GC(125) Metaspace: 8597K(8832K)->8597K(8832K) NonClass: 7443K(7552K)->7443K(7552K) Class: 1153K(1280K)->1153K(1280K)
[10.976s][info][gc             ] GC(125) Pause Young (Allocation Failure) 220M->77M(497M) 4.438ms
[10.976s][info][gc,cpu         ] GC(125) User=0.00s Sys=0.00s Real=0.00s
[11.046s][info][gc,start       ] GC(126) Pause Young (Allocation Failure)
[11.050s][info][gc,heap        ] GC(126) PSYoungGen: 147200K(159744K)->4576K(159744K) Eden: 146432K(146432K)->0K(148480K) From: 768K(13312K)->4576K(11264K)
[11.050s][info][gc,heap        ] GC(126) ParOldGen: 78896K(349696K)->79248K(349696K)
[11.050s][info][gc,metaspace   ] GC(126) Metaspace: 8597K(8832K)->8597K(8832K) NonClass: 7443K(7552K)->7443K(7552K) Class: 1153K(1280K)->1153K(1280K)
[11.050s][info][gc             ] GC(126) Pause Young (Allocation Failure) 220M->81M(497M) 3.263ms
[11.050s][info][gc,cpu         ] GC(126) User=0.00s Sys=0.00s Real=0.00s
[11.115s][info][gc,start       ] GC(127) Pause Young (Allocation Failure)
[11.120s][info][gc,heap        ] GC(127) PSYoungGen: 153056K(159744K)->832K(160768K) Eden: 148480K(148480K)->0K(148480K) From: 4576K(11264K)->832K(12288K)
[11.120s][info][gc,heap        ] GC(127) ParOldGen: 79248K(349696K)->83632K(349696K)
[11.120s][info][gc,metaspace   ] GC(127) Metaspace: 8597K(8832K)->8597K(8832K) NonClass: 7443K(7552K)->7443K(7552K) Class: 1153K(1280K)->1153K(1280K)
[11.120s][info][gc             ] GC(127) Pause Young (Allocation Failure) 226M->82M(498M) 4.338ms
[11.120s][info][gc,cpu         ] GC(127) User=0.00s Sys=0.00s Real=0.00s
[11.186s][info][gc,start       ] GC(128) Pause Young (Allocation Failure)
[11.187s][info][gc,heap        ] GC(128) PSYoungGen: 149312K(160768K)->1024K(160768K) Eden: 148480K(148480K)->0K(150528K) From: 832K(12288K)->1024K(10240K)
[11.187s][info][gc,heap        ] GC(128) ParOldGen: 83632K(349696K)->83968K(349696K)
[11.187s][info][gc,metaspace   ] GC(128) Metaspace: 8597K(8832K)->8597K(8832K) NonClass: 7443K(7552K)->7443K(7552K) Class: 1153K(1280K)->1153K(1280K)
[11.187s][info][gc             ] GC(128) Pause Young (Allocation Failure) 227M->83M(498M) 1.429ms
[11.187s][info][gc,cpu         ] GC(128) User=0.00s Sys=0.00s Real=0.00s
[11.268s][info][gc,start       ] GC(129) Pause Young (Allocation Failure)
[11.273s][info][gc,heap        ] GC(129) PSYoungGen: 151552K(160768K)->8992K(161792K) Eden: 150528K(150528K)->0K(150528K) From: 1024K(10240K)->8992K(11264K)
[11.273s][info][gc,heap        ] GC(129) ParOldGen: 83968K(349696K)->84656K(349696K)
[11.273s][info][gc,metaspace   ] GC(129) Metaspace: 8597K(8832K)->8597K(8832K) NonClass: 7443K(7552K)->7443K(7552K) Class: 1153K(1280K)->1153K(1280K)
[11.274s][info][gc             ] GC(129) Pause Young (Allocation Failure) 230M->91M(499M) 5.778ms
[11.274s][info][gc,cpu         ] GC(129) User=0.17s Sys=0.00s Real=0.02s
[11.340s][info][gc,start       ] GC(130) Pause Young (Allocation Failure)
[11.348s][info][gc,heap        ] GC(130) PSYoungGen: 159520K(161792K)->960K(162304K) Eden: 150528K(150528K)->0K(149504K) From: 8992K(11264K)->960K(12800K)
[11.348s][info][gc,heap        ] GC(130) ParOldGen: 84656K(349696K)->93224K(349696K)
[11.348s][info][gc,metaspace   ] GC(130) Metaspace: 8597K(8832K)->8597K(8832K) NonClass: 7443K(7552K)->7443K(7552K) Class: 1153K(1280K)->1153K(1280K)
[11.348s][info][gc             ] GC(130) Pause Young (Allocation Failure) 238M->91M(500M) 7.722ms
[11.348s][info][gc,cpu         ] GC(130) User=0.19s Sys=0.00s Real=0.02s
[11.424s][info][gc,start       ] GC(131) Pause Young (Allocation Failure)
[11.425s][info][gc,heap        ] GC(131) PSYoungGen: 150464K(162304K)->928K(150528K) Eden: 149504K(149504K)->0K(149504K) From: 960K(12800K)->928K(1024K)
[11.425s][info][gc,heap        ] GC(131) ParOldGen: 93224K(349696K)->93888K(349696K)
[11.425s][info][gc,metaspace   ] GC(131) Metaspace: 8597K(8832K)->8597K(8832K) NonClass: 7443K(7552K)->7443K(7552K) Class: 1153K(1280K)->1153K(1280K)
[11.425s][info][gc             ] GC(131) Pause Young (Allocation Failure) 237M->92M(488M) 1.422ms
[11.425s][info][gc,cpu         ] GC(131) User=0.19s Sys=0.00s Real=0.02s
[11.513s][info][gc,start       ] GC(132) Pause Young (Allocation Failure)
[11.516s][info][gc,heap        ] GC(132) PSYoungGen: 150432K(150528K)->4800K(161280K) Eden: 149504K(149504K)->0K(149504K) From: 928K(1024K)->4800K(11776K)
[11.516s][info][gc,heap        ] GC(132) ParOldGen: 93888K(349696K)->94280K(349696K)
[11.516s][info][gc,metaspace   ] GC(132) Metaspace: 8597K(8832K)->8597K(8832K) NonClass: 7443K(7552K)->7443K(7552K) Class: 1153K(1280K)->1153K(1280K)
[11.516s][info][gc             ] GC(132) Pause Young (Allocation Failure) 238M->96M(499M) 2.989ms
[11.516s][info][gc,cpu         ] GC(132) User=0.00s Sys=0.00s Real=0.00s
[11.582s][info][gc,start       ] GC(133) Pause Young (Allocation Failure)
[11.587s][info][gc,heap        ] GC(133) PSYoungGen: 154304K(161280K)->864K(161280K) Eden: 149504K(149504K)->0K(149504K) From: 4800K(11776K)->864K(11776K)
[11.587s][info][gc,heap        ] GC(133) ParOldGen: 94280K(349696K)->98760K(349696K)
[11.587s][info][gc,metaspace   ] GC(133) Metaspace: 8597K(8832K)->8597K(8832K) NonClass: 7443K(7552K)->7443K(7552K) Class: 1153K(1280K)->1153K(1280K)
[11.587s][info][gc             ] GC(133) Pause Young (Allocation Failure) 242M->97M(499M) 4.368ms
[11.587s][info][gc,cpu         ] GC(133) User=0.00s Sys=0.00s Real=0.00s
[11.653s][info][gc,start       ] GC(134) Pause Young (Allocation Failure)
[11.655s][info][gc,heap        ] GC(134) PSYoungGen: 150368K(161280K)->768K(162304K) Eden: 149504K(149504K)->0K(151552K) From: 864K(11776K)->768K(10752K)
[11.655s][info][gc,heap        ] GC(134) ParOldGen: 98760K(349696K)->99400K(349696K)
[11.655s][info][gc,metaspace   ] GC(134) Metaspace: 8597K(8832K)->8597K(8832K) NonClass: 7443K(7552K)->7443K(7552K) Class: 1153K(1280K)->1153K(1280K)
[11.655s][info][gc             ] GC(134) Pause Young (Allocation Failure) 243M->97M(500M) 1.769ms
[11.655s][info][gc,cpu         ] GC(134) User=0.00s Sys=0.00s Real=0.00s
[11.728s][info][gc,start       ] GC(135) Pause Young (Allocation Failure)
[11.731s][info][gc,heap        ] GC(135) PSYoungGen: 152320K(162304K)->4528K(162304K) Eden: 151552K(151552K)->0K(151552K) From: 768K(10752K)->4528K(10752K)
[11.731s][info][gc,heap        ] GC(135) ParOldGen: 99400K(349696K)->99808K(349696K)
[11.731s][info][gc,metaspace   ] GC(135) Metaspace: 8597K(8832K)->8597K(8832K) NonClass: 7443K(7552K)->7443K(7552K) Class: 1153K(1280K)->1153K(1280K)
[11.731s][info][gc             ] GC(135) Pause Young (Allocation Failure) 245M->101M(500M) 3.418ms
[11.731s][info][gc,cpu         ] GC(135) User=0.19s Sys=0.00s Real=0.02s
[11.798s][info][gc,start       ] GC(136) Pause Young (Allocation Failure)
[11.802s][info][gc,heap        ] GC(136) PSYoungGen: 156080K(162304K)->736K(162816K) Eden: 151552K(151552K)->0K(153088K) From: 4528K(10752K)->736K(9728K)
[11.802s][info][gc,heap        ] GC(136) ParOldGen: 99808K(349696K)->104144K(349696K)
[11.802s][info][gc,metaspace   ] GC(136) Metaspace: 8597K(8832K)->8597K(8832K) NonClass: 7443K(7552K)->7443K(7552K) Class: 1153K(1280K)->1153K(1280K)
[11.802s][info][gc             ] GC(136) Pause Young (Allocation Failure) 249M->102M(500M) 4.207ms
[11.802s][info][gc,cpu         ] GC(136) User=0.00s Sys=0.00s Real=0.00s
[11.920s][info][gc,start       ] GC(137) Pause Young (Allocation Failure)
[11.939s][info][gc,heap        ] GC(137) PSYoungGen: 153824K(162816K)->10208K(163328K) Eden: 153088K(153088K)->0K(153088K) From: 736K(9728K)->10208K(10240K)
[11.939s][info][gc,heap        ] GC(137) ParOldGen: 104144K(349696K)->120048K(349696K)
[11.939s][info][gc,metaspace   ] GC(137) Metaspace: 8597K(8832K)->8597K(8832K) NonClass: 7443K(7552K)->7443K(7552K) Class: 1153K(1280K)->1153K(1280K)
[11.939s][info][gc             ] GC(137) Pause Young (Allocation Failure) 251M->127M(501M) 18.588ms
[11.939s][info][gc,cpu         ] GC(137) User=0.19s Sys=0.00s Real=0.02s
[12.269s][info][gc,start       ] GC(138) Pause Young (System.gc())
[12.294s][info][gc,heap        ] GC(138) PSYoungGen: 95069K(163328K)->11232K(126464K) Eden: 84861K(153088K)->0K(115200K) From: 10208K(10240K)->11232K(11264K)
[12.294s][info][gc,heap        ] GC(138) ParOldGen: 120048K(349696K)->148584K(349696K)
[12.294s][info][gc,metaspace   ] GC(138) Metaspace: 8597K(8832K)->8597K(8832K) NonClass: 7443K(7552K)->7443K(7552K) Class: 1153K(1280K)->1153K(1280K)
[12.294s][info][gc             ] GC(138) Pause Young (System.gc()) 210M->156M(465M) 25.543ms
[12.294s][info][gc,cpu         ] GC(138) User=0.19s Sys=0.00s Real=0.02s
[12.294s][info][gc,start       ] GC(139) Pause Full (System.gc())
[12.294s][info][gc,phases,start] GC(139) Marking Phase
[12.301s][info][gc,phases      ] GC(139) Marking Phase 6.410ms
[12.301s][info][gc,phases,start] GC(139) Summary Phase
[12.301s][info][gc,phases      ] GC(139) Summary Phase 0.017ms
[12.301s][info][gc,phases,start] GC(139) Adjust Roots
[12.302s][info][gc,phases      ] GC(139) Adjust Roots 1.271ms
[12.302s][info][gc,phases,start] GC(139) Compaction Phase
[12.303s][info][gc,phases      ] GC(139) Compaction Phase 1.147ms
[12.303s][info][gc,phases,start] GC(139) Post Compact
[12.304s][info][gc,phases      ] GC(139) Post Compact 0.891ms
[12.304s][info][gc,heap        ] GC(139) PSYoungGen: 11232K(126464K)->0K(126464K) Eden: 0K(115200K)->0K(115200K) From: 11232K(11264K)->0K(11264K)
[12.304s][info][gc,heap        ] GC(139) ParOldGen: 148584K(349696K)->3528K(349696K)
[12.304s][info][gc,metaspace   ] GC(139) Metaspace: 8597K(8832K)->8597K(8832K) NonClass: 7443K(7552K)->7443K(7552K) Class: 1153K(1280K)->1153K(1280K)
[12.304s][info][gc             ] GC(139) Pause Full (System.gc()) 156M->3M(465M) 9.909ms
[12.304s][info][gc,cpu         ] GC(139) User=0.17s Sys=0.00s Real=0.01s
[12.358s][info][gc,start       ] GC(140) Pause Young (Allocation Failure)
[12.359s][info][gc,heap        ] GC(140) PSYoungGen: 115200K(126464K)->672K(144896K) Eden: 115200K(115200K)->0K(115200K) From: 0K(11264K)->672K(29696K)
[12.359s][info][gc,heap        ] GC(140) ParOldGen: 3528K(349696K)->3528K(349696K)
[12.359s][info][gc,metaspace   ] GC(140) Metaspace: 8597K(8832K)->8597K(8832K) NonClass: 7443K(7552K)->7443K(7552K) Class: 1153K(1280K)->1153K(1280K)
[12.359s][info][gc             ] GC(140) Pause Young (Allocation Failure) 115M->4M(483M) 1.099ms
[12.359s][info][gc,cpu         ] GC(140) User=0.00s Sys=0.00s Real=0.00s
[12.410s][info][gc,start       ] GC(141) Pause Young (Allocation Failure)
[12.412s][info][gc,heap        ] GC(141) PSYoungGen: 115872K(144896K)->672K(142336K) Eden: 115200K(115200K)->0K(115712K) From: 672K(29696K)->672K(26624K)
[12.412s][info][gc,heap        ] GC(141) ParOldGen: 3528K(349696K)->3880K(349696K)
[12.412s][info][gc,metaspace   ] GC(141) Metaspace: 8597K(8832K)->8597K(8832K) NonClass: 7443K(7552K)->7443K(7552K) Class: 1153K(1280K)->1153K(1280K)
[12.412s][info][gc             ] GC(141) Pause Young (Allocation Failure) 116M->4M(480M) 2.194ms
[12.412s][info][gc,cpu         ] GC(141) User=0.00s Sys=0.00s Real=0.00s
[12.463s][info][gc,start       ] GC(142) Pause Young (Allocation Failure)
[12.464s][info][gc,heap        ] GC(142) PSYoungGen: 116384K(142336K)->768K(143872K) Eden: 115712K(115712K)->0K(115712K) From: 672K(26624K)->768K(28160K)
[12.464s][info][gc,heap        ] GC(142) ParOldGen: 3880K(349696K)->4216K(349696K)
[12.464s][info][gc,metaspace   ] GC(142) Metaspace: 8597K(8832K)->8597K(8832K) NonClass: 7443K(7552K)->7443K(7552K) Class: 1153K(1280K)->1153K(1280K)
[12.464s][info][gc             ] GC(142) Pause Young (Allocation Failure) 117M->4M(482M) 1.003ms
[12.464s][info][gc,cpu         ] GC(142) User=0.00s Sys=0.00s Real=0.00s
[12.516s][info][gc,start       ] GC(143) Pause Young (Allocation Failure)
[12.517s][info][gc,heap        ] GC(143) PSYoungGen: 116480K(143872K)->800K(143872K) Eden: 115712K(115712K)->0K(119296K) From: 768K(28160K)->800K(24576K)
[12.517s][info][gc,heap        ] GC(143) ParOldGen: 4216K(349696K)->4552K(349696K)
[12.517s][info][gc,metaspace   ] GC(143) Metaspace: 8597K(8832K)->8597K(8832K) NonClass: 7443K(7552K)->7443K(7552K) Class: 1153K(1280K)->1153K(1280K)
[12.517s][info][gc             ] GC(143) Pause Young (Allocation Failure) 117M->5M(482M) 1.287ms
[12.517s][info][gc,cpu         ] GC(143) User=0.17s Sys=0.00s Real=0.02s
[12.576s][info][gc,start       ] GC(144) Pause Young (Allocation Failure)
[12.579s][info][gc,heap        ] GC(144) PSYoungGen: 120096K(143872K)->4640K(145408K) Eden: 119296K(119296K)->0K(119296K) From: 800K(24576K)->4640K(26112K)
[12.579s][info][gc,heap        ] GC(144) ParOldGen: 4552K(349696K)->4952K(349696K)
[12.579s][info][gc,metaspace   ] GC(144) Metaspace: 8597K(8832K)->8597K(8832K) NonClass: 7443K(7552K)->7443K(7552K) Class: 1153K(1280K)->1153K(1280K)
[12.579s][info][gc             ] GC(144) Pause Young (Allocation Failure) 121M->9M(483M) 2.752ms
[12.579s][info][gc,cpu         ] GC(144) User=0.00s Sys=0.00s Real=0.00s
[12.636s][info][gc,start       ] GC(145) Pause Young (Allocation Failure)
[12.640s][info][gc,heap        ] GC(145) PSYoungGen: 123936K(145408K)->608K(146944K) Eden: 119296K(119296K)->0K(124416K) From: 4640K(26112K)->608K(22528K)
[12.640s][info][gc,heap        ] GC(145) ParOldGen: 4952K(349696K)->9424K(349696K)
[12.640s][info][gc,metaspace   ] GC(145) Metaspace: 8597K(8832K)->8597K(8832K) NonClass: 7443K(7552K)->7443K(7552K) Class: 1153K(1280K)->1153K(1280K)
[12.640s][info][gc             ] GC(145) Pause Young (Allocation Failure) 125M->9M(485M) 4.401ms
[12.640s][info][gc,cpu         ] GC(145) User=0.00s Sys=0.00s Real=0.00s
[12.700s][info][gc,start       ] GC(146) Pause Young (Allocation Failure)
[12.701s][info][gc,heap        ] GC(146) PSYoungGen: 125024K(146944K)->800K(147456K) Eden: 124416K(124416K)->0K(124416K) From: 608K(22528K)->800K(23040K)
[12.702s][info][gc,heap        ] GC(146) ParOldGen: 9424K(349696K)->9760K(349696K)
[12.702s][info][gc,metaspace   ] GC(146) Metaspace: 8597K(8832K)->8597K(8832K) NonClass: 7443K(7552K)->7443K(7552K) Class: 1153K(1280K)->1153K(1280K)
[12.702s][info][gc             ] GC(146) Pause Young (Allocation Failure) 131M->10M(485M) 1.130ms
[12.702s][info][gc,cpu         ] GC(146) User=0.00s Sys=0.00s Real=0.00s
[12.767s][info][gc,start       ] GC(147) Pause Young (Allocation Failure)
[12.770s][info][gc,heap        ] GC(147) PSYoungGen: 125216K(147456K)->4448K(148992K) Eden: 124416K(124416K)->0K(129536K) From: 800K(23040K)->4448K(19456K)
[12.770s][info][gc,heap        ] GC(147) ParOldGen: 9760K(349696K)->10160K(349696K)
[12.770s][info][gc,metaspace   ] GC(147) Metaspace: 8597K(8832K)->8597K(8832K) NonClass: 7443K(7552K)->7443K(7552K) Class: 1153K(1280K)->1153K(1280K)
[12.770s][info][gc             ] GC(147) Pause Young (Allocation Failure) 131M->14M(487M) 3.094ms
[12.770s][info][gc,cpu         ] GC(147) User=0.00s Sys=0.00s Real=0.00s
[12.830s][info][gc,start       ] GC(148) Pause Young (Allocation Failure)
[12.834s][info][gc,heap        ] GC(148) PSYoungGen: 133984K(148992K)->864K(150016K) Eden: 129536K(129536K)->0K(129536K) From: 4448K(19456K)->864K(20480K)
[12.834s][info][gc,heap        ] GC(148) ParOldGen: 10160K(349696K)->14200K(349696K)
[12.834s][info][gc,metaspace   ] GC(148) Metaspace: 8597K(8832K)->8597K(8832K) NonClass: 7443K(7552K)->7443K(7552K) Class: 1153K(1280K)->1153K(1280K)
[12.834s][info][gc             ] GC(148) Pause Young (Allocation Failure) 140M->14M(488M) 4.126ms
[12.834s][info][gc,cpu         ] GC(148) User=0.00s Sys=0.00s Real=0.00s
[12.895s][info][gc,start       ] GC(149) Pause Young (Allocation Failure)
[12.897s][info][gc,heap        ] GC(149) PSYoungGen: 130400K(150016K)->768K(153088K) Eden: 129536K(129536K)->0K(134656K) From: 864K(20480K)->768K(18432K)
[12.897s][info][gc,heap        ] GC(149) ParOldGen: 14200K(349696K)->14808K(349696K)
[12.897s][info][gc,metaspace   ] GC(149) Metaspace: 8597K(8832K)->8597K(8832K) NonClass: 7443K(7552K)->7443K(7552K) Class: 1153K(1280K)->1153K(1280K)
[12.897s][info][gc             ] GC(149) Pause Young (Allocation Failure) 141M->15M(491M) 1.482ms
[12.897s][info][gc,cpu         ] GC(149) User=0.00s Sys=0.00s Real=0.00s
[12.985s][info][gc,start       ] GC(150) Pause Young (Allocation Failure)
[12.991s][info][gc,heap        ] GC(150) PSYoungGen: 135424K(153088K)->8992K(153600K) Eden: 134656K(134656K)->0K(134656K) From: 768K(18432K)->8992K(18944K)
[12.991s][info][gc,heap        ] GC(150) ParOldGen: 14808K(349696K)->15224K(349696K)
[12.991s][info][gc,metaspace   ] GC(150) Metaspace: 8597K(8832K)->8597K(8832K) NonClass: 7443K(7552K)->7443K(7552K) Class: 1153K(1280K)->1153K(1280K)
[12.991s][info][gc             ] GC(150) Pause Young (Allocation Failure) 146M->23M(491M) 5.425ms
[12.991s][info][gc,cpu         ] GC(150) User=0.00s Sys=0.00s Real=0.00s
[13.064s][info][gc,start       ] GC(151) Pause Young (Allocation Failure)
[13.072s][info][gc,heap        ] GC(151) PSYoungGen: 143648K(153600K)->928K(154624K) Eden: 134656K(134656K)->0K(136704K) From: 8992K(18944K)->928K(17920K)
[13.072s][info][gc,heap        ] GC(151) ParOldGen: 15224K(349696K)->23848K(349696K)
[13.072s][info][gc,metaspace   ] GC(151) Metaspace: 8597K(8832K)->8597K(8832K) NonClass: 7443K(7552K)->7443K(7552K) Class: 1153K(1280K)->1153K(1280K)
[13.072s][info][gc             ] GC(151) Pause Young (Allocation Failure) 155M->24M(492M) 7.759ms
[13.072s][info][gc,cpu         ] GC(151) User=0.17s Sys=0.00s Real=0.02s
[13.135s][info][gc,start       ] GC(152) Pause Young (Allocation Failure)
[13.137s][info][gc,heap        ] GC(152) PSYoungGen: 137632K(154624K)->768K(155136K) Eden: 136704K(136704K)->0K(136704K) From: 928K(17920K)->768K(18432K)
[13.137s][info][gc,heap        ] GC(152) ParOldGen: 23848K(349696K)->24512K(349696K)
[13.137s][info][gc,metaspace   ] GC(152) Metaspace: 8597K(8832K)->8597K(8832K) NonClass: 7443K(7552K)->7443K(7552K) Class: 1153K(1280K)->1153K(1280K)
[13.137s][info][gc             ] GC(152) Pause Young (Allocation Failure) 157M->24M(493M) 1.248ms
[13.137s][info][gc,cpu         ] GC(152) User=0.00s Sys=0.00s Real=0.00s
[13.203s][info][gc,start       ] GC(153) Pause Young (Allocation Failure)
[13.205s][info][gc,heap        ] GC(153) PSYoungGen: 137472K(155136K)->4096K(154624K) Eden: 136704K(136704K)->0K(138752K) From: 768K(18432K)->4096K(15872K)
[13.205s][info][gc,heap        ] GC(153) ParOldGen: 24512K(349696K)->24848K(349696K)
[13.205s][info][gc,metaspace   ] GC(153) Metaspace: 8597K(8832K)->8597K(8832K) NonClass: 7443K(7552K)->7443K(7552K) Class: 1153K(1280K)->1153K(1280K)
[13.205s][info][gc             ] GC(153) Pause Young (Allocation Failure) 158M->28M(492M) 2.156ms
[13.205s][info][gc,cpu         ] GC(153) User=0.00s Sys=0.00s Real=0.00s
[13.272s][info][gc,start       ] GC(154) Pause Young (Allocation Failure)
[13.276s][info][gc,heap        ] GC(154) PSYoungGen: 142848K(154624K)->1456K(155136K) Eden: 138752K(138752K)->0K(138752K) From: 4096K(15872K)->1456K(16384K)
[13.276s][info][gc,heap        ] GC(154) ParOldGen: 24848K(349696K)->28584K(349696K)
[13.276s][info][gc,metaspace   ] GC(154) Metaspace: 8597K(8832K)->8597K(8832K) NonClass: 7443K(7552K)->7443K(7552K) Class: 1153K(1280K)->1153K(1280K)
[13.276s][info][gc             ] GC(154) Pause Young (Allocation Failure) 163M->29M(493M) 3.864ms
[13.276s][info][gc,cpu         ] GC(154) User=0.00s Sys=0.00s Real=0.00s
[13.343s][info][gc,start       ] GC(155) Pause Young (Allocation Failure)
[13.345s][info][gc,heap        ] GC(155) PSYoungGen: 140208K(155136K)->800K(157696K) Eden: 138752K(138752K)->0K(142848K) From: 1456K(16384K)->800K(14848K)
[13.345s][info][gc,heap        ] GC(155) ParOldGen: 28584K(349696K)->29688K(349696K)
[13.345s][info][gc,metaspace   ] GC(155) Metaspace: 8597K(8832K)->8597K(8832K) NonClass: 7443K(7552K)->7443K(7552K) Class: 1153K(1280K)->1153K(1280K)
[13.345s][info][gc             ] GC(155) Pause Young (Allocation Failure) 164M->29M(495M) 2.590ms
[13.345s][info][gc,cpu         ] GC(155) User=0.17s Sys=0.00s Real=0.02s
[13.421s][info][gc,start       ] GC(156) Pause Young (Allocation Failure)
[13.423s][info][gc,heap        ] GC(156) PSYoungGen: 143648K(157696K)->4704K(157696K) Eden: 142848K(142848K)->0K(142848K) From: 800K(14848K)->4704K(14848K)
[13.423s][info][gc,heap        ] GC(156) ParOldGen: 29688K(349696K)->30024K(349696K)
[13.424s][info][gc,metaspace   ] GC(156) Metaspace: 8597K(8832K)->8597K(8832K) NonClass: 7443K(7552K)->7443K(7552K) Class: 1153K(1280K)->1153K(1280K)
[13.424s][info][gc             ] GC(156) Pause Young (Allocation Failure) 169M->33M(495M) 2.917ms
[13.424s][info][gc,cpu         ] GC(156) User=0.17s Sys=0.00s Real=0.02s
[13.502s][info][gc,start       ] GC(157) Pause Young (Allocation Failure)
[13.506s][info][gc,heap        ] GC(157) PSYoungGen: 147552K(157696K)->768K(159232K) Eden: 142848K(142848K)->0K(145408K) From: 4704K(14848K)->768K(13824K)
[13.506s][info][gc,heap        ] GC(157) ParOldGen: 30024K(349696K)->34424K(349696K)
[13.506s][info][gc,metaspace   ] GC(157) Metaspace: 8597K(8832K)->8597K(8832K) NonClass: 7443K(7552K)->7443K(7552K) Class: 1153K(1280K)->1153K(1280K)
[13.506s][info][gc             ] GC(157) Pause Young (Allocation Failure) 173M->34M(497M) 4.145ms
[13.506s][info][gc,cpu         ] GC(157) User=0.00s Sys=0.00s Real=0.00s
[13.588s][info][gc,start       ] GC(158) Pause Young (Allocation Failure)
[13.589s][info][gc,heap        ] GC(158) PSYoungGen: 146176K(159232K)->928K(159232K) Eden: 145408K(145408K)->0K(145408K) From: 768K(13824K)->928K(13824K)
[13.589s][info][gc,heap        ] GC(158) ParOldGen: 34424K(349696K)->34776K(349696K)
[13.589s][info][gc,metaspace   ] GC(158) Metaspace: 8597K(8832K)->8597K(8832K) NonClass: 7443K(7552K)->7443K(7552K) Class: 1153K(1280K)->1153K(1280K)
[13.589s][info][gc             ] GC(158) Pause Young (Allocation Failure) 176M->34M(497M) 1.354ms
[13.589s][info][gc,cpu         ] GC(158) User=0.00s Sys=0.00s Real=0.00s
[13.670s][info][gc,start       ] GC(159) Pause Young (Allocation Failure)
[13.676s][info][gc,heap        ] GC(159) PSYoungGen: 146336K(159232K)->8928K(158208K) Eden: 145408K(145408K)->0K(145408K) From: 928K(13824K)->8928K(12800K)
[13.676s][info][gc,heap        ] GC(159) ParOldGen: 34776K(349696K)->35472K(349696K)
[13.676s][info][gc,metaspace   ] GC(159) Metaspace: 8597K(8832K)->8597K(8832K) NonClass: 7443K(7552K)->7443K(7552K) Class: 1153K(1280K)->1153K(1280K)
[13.676s][info][gc             ] GC(159) Pause Young (Allocation Failure) 176M->43M(496M) 5.426ms
[13.676s][info][gc,cpu         ] GC(159) User=0.17s Sys=0.00s Real=0.02s
[13.741s][info][gc,start       ] GC(160) Pause Young (Allocation Failure)
[13.748s][info][gc,heap        ] GC(160) PSYoungGen: 154336K(158208K)->928K(159744K) Eden: 145408K(145408K)->0K(145408K) From: 8928K(12800K)->928K(14336K)
[13.748s][info][gc,heap        ] GC(160) ParOldGen: 35472K(349696K)->44048K(349696K)
[13.749s][info][gc,metaspace   ] GC(160) Metaspace: 8597K(8832K)->8597K(8832K) NonClass: 7443K(7552K)->7443K(7552K) Class: 1153K(1280K)->1153K(1280K)
[13.749s][info][gc             ] GC(160) Pause Young (Allocation Failure) 185M->43M(497M) 7.677ms
[13.749s][info][gc,cpu         ] GC(160) User=0.00s Sys=0.00s Real=0.00s
[13.814s][info][gc,start       ] GC(161) Pause Young (Allocation Failure)
[13.815s][info][gc,heap        ] GC(161) PSYoungGen: 146336K(159744K)->768K(157696K) Eden: 145408K(145408K)->0K(146432K) From: 928K(14336K)->768K(11264K)
[13.815s][info][gc,heap        ] GC(161) ParOldGen: 44048K(349696K)->44712K(349696K)
[13.815s][info][gc,metaspace   ] GC(161) Metaspace: 8597K(8832K)->8597K(8832K) NonClass: 7443K(7552K)->7443K(7552K) Class: 1153K(1280K)->1153K(1280K)
[13.815s][info][gc             ] GC(161) Pause Young (Allocation Failure) 185M->44M(495M) 1.363ms
[13.815s][info][gc,cpu         ] GC(161) User=0.00s Sys=0.00s Real=0.00s
[13.889s][info][gc,start       ] GC(162) Pause Young (Allocation Failure)
[13.892s][info][gc,heap        ] GC(162) PSYoungGen: 147200K(157696K)->4736K(159232K) Eden: 146432K(146432K)->0K(146432K) From: 768K(11264K)->4736K(12800K)
[13.892s][info][gc,heap        ] GC(162) ParOldGen: 44712K(349696K)->45040K(349696K)
[13.892s][info][gc,metaspace   ] GC(162) Metaspace: 8597K(8832K)->8597K(8832K) NonClass: 7443K(7552K)->7443K(7552K) Class: 1153K(1280K)->1153K(1280K)
[13.892s][info][gc             ] GC(162) Pause Young (Allocation Failure) 187M->48M(497M) 2.874ms
[13.892s][info][gc,cpu         ] GC(162) User=0.00s Sys=0.00s Real=0.00s
[13.957s][info][gc,start       ] GC(163) Pause Young (Allocation Failure)
[13.961s][info][gc,heap        ] GC(163) PSYoungGen: 151168K(159232K)->704K(160768K) Eden: 146432K(146432K)->0K(148992K) From: 4736K(12800K)->704K(11776K)
[13.961s][info][gc,heap        ] GC(163) ParOldGen: 45040K(349696K)->49576K(349696K)
[13.962s][info][gc,metaspace   ] GC(163) Metaspace: 8597K(8832K)->8597K(8832K) NonClass: 7443K(7552K)->7443K(7552K) Class: 1153K(1280K)->1153K(1280K)
[13.962s][info][gc             ] GC(163) Pause Young (Allocation Failure) 191M->49M(498M) 4.317ms
[13.962s][info][gc,cpu         ] GC(163) User=0.17s Sys=0.00s Real=0.02s
[14.031s][info][gc,start       ] GC(164) Pause Young (Allocation Failure)
[14.033s][info][gc,heap        ] GC(164) PSYoungGen: 149696K(160768K)->896K(161280K) Eden: 148992K(148992K)->0K(148992K) From: 704K(11776K)->896K(12288K)
[14.033s][info][gc,heap        ] GC(164) ParOldGen: 49576K(349696K)->49888K(349696K)
[14.033s][info][gc,metaspace   ] GC(164) Metaspace: 8597K(8832K)->8597K(8832K) NonClass: 7443K(7552K)->7443K(7552K) Class: 1153K(1280K)->1153K(1280K)
[14.033s][info][gc             ] GC(164) Pause Young (Allocation Failure) 194M->49M(499M) 1.500ms
[14.033s][info][gc,cpu         ] GC(164) User=0.00s Sys=0.00s Real=0.00s
[14.107s][info][gc,start       ] GC(165) Pause Young (Allocation Failure)
[14.110s][info][gc,heap        ] GC(165) PSYoungGen: 149888K(161280K)->4448K(161280K) Eden: 148992K(148992K)->0K(150528K) From: 896K(12288K)->4448K(10752K)
[14.110s][info][gc,heap        ] GC(165) ParOldGen: 49888K(349696K)->50584K(349696K)
[14.110s][info][gc,metaspace   ] GC(165) Metaspace: 8597K(8832K)->8597K(8832K) NonClass: 7443K(7552K)->7443K(7552K) Class: 1153K(1280K)->1153K(1280K)
[14.110s][info][gc             ] GC(165) Pause Young (Allocation Failure) 195M->53M(499M) 2.985ms
[14.110s][info][gc,cpu         ] GC(165) User=0.00s Sys=0.00s Real=0.00s
[14.177s][info][gc,start       ] GC(166) Pause Young (Allocation Failure)
[14.181s][info][gc,heap        ] GC(166) PSYoungGen: 154976K(161280K)->960K(161792K) Eden: 150528K(150528K)->0K(150528K) From: 4448K(10752K)->960K(11264K)
[14.181s][info][gc,heap        ] GC(166) ParOldGen: 50584K(349696K)->54640K(349696K)
[14.181s][info][gc,metaspace   ] GC(166) Metaspace: 8597K(8832K)->8597K(8832K) NonClass: 7443K(7552K)->7443K(7552K) Class: 1153K(1280K)->1153K(1280K)
[14.181s][info][gc             ] GC(166) Pause Young (Allocation Failure) 200M->54M(499M) 4.112ms
[14.181s][info][gc,cpu         ] GC(166) User=0.17s Sys=0.00s Real=0.02s
[14.248s][info][gc,start       ] GC(167) Pause Young (Allocation Failure)
[14.249s][info][gc,heap        ] GC(167) PSYoungGen: 151488K(161792K)->896K(162304K) Eden: 150528K(150528K)->0K(152576K) From: 960K(11264K)->896K(9728K)
[14.249s][info][gc,heap        ] GC(167) ParOldGen: 54640K(349696K)->55264K(349696K)
[14.249s][info][gc,metaspace   ] GC(167) Metaspace: 8597K(8832K)->8597K(8832K) NonClass: 7443K(7552K)->7443K(7552K) Class: 1153K(1280K)->1153K(1280K)
[14.249s][info][gc             ] GC(167) Pause Young (Allocation Failure) 201M->54M(500M) 1.488ms
[14.249s][info][gc,cpu         ] GC(167) User=0.00s Sys=0.00s Real=0.00s
[14.364s][info][gc,start       ] GC(168) Pause Young (Allocation Failure)
[14.376s][info][gc,heap        ] GC(168) PSYoungGen: 153472K(162304K)->10208K(162816K) Eden: 152576K(152576K)->0K(152576K) From: 896K(9728K)->10208K(10240K)
[14.377s][info][gc,heap        ] GC(168) ParOldGen: 55264K(349696K)->63352K(349696K)
[14.377s][info][gc,metaspace   ] GC(168) Metaspace: 8597K(8832K)->8597K(8832K) NonClass: 7443K(7552K)->7443K(7552K) Class: 1153K(1280K)->1153K(1280K)
[14.377s][info][gc             ] GC(168) Pause Young (Allocation Failure) 203M->71M(500M) 12.431ms
[14.377s][info][gc,cpu         ] GC(168) User=0.19s Sys=0.00s Real=0.02s
[14.455s][info][gc,start       ] GC(169) Pause Young (Allocation Failure)
[14.462s][info][gc,heap        ] GC(169) PSYoungGen: 162784K(162816K)->768K(156672K) Eden: 152576K(152576K)->0K(144896K) From: 10208K(10240K)->768K(11776K)
[14.462s][info][gc,heap        ] GC(169) ParOldGen: 63352K(349696K)->73464K(349696K)
[14.462s][info][gc,metaspace   ] GC(169) Metaspace: 8597K(8832K)->8597K(8832K) NonClass: 7443K(7552K)->7443K(7552K) Class: 1153K(1280K)->1153K(1280K)
[14.462s][info][gc             ] GC(169) Pause Young (Allocation Failure) 220M->72M(494M) 7.793ms
[14.462s][info][gc,cpu         ] GC(169) User=0.00s Sys=0.00s Real=0.01s
[14.532s][info][gc,start       ] GC(170) Pause Young (Allocation Failure)
[14.534s][info][gc,heap        ] GC(170) PSYoungGen: 145664K(156672K)->1024K(159744K) Eden: 144896K(144896K)->0K(144896K) From: 768K(11776K)->1024K(14848K)
[14.534s][info][gc,heap        ] GC(170) ParOldGen: 73464K(349696K)->73800K(349696K)
[14.534s][info][gc,metaspace   ] GC(170) Metaspace: 8597K(8832K)->8597K(8832K) NonClass: 7443K(7552K)->7443K(7552K) Class: 1153K(1280K)->1153K(1280K)
[14.534s][info][gc             ] GC(170) Pause Young (Allocation Failure) 213M->73M(497M) 1.456ms
[14.534s][info][gc,cpu         ] GC(170) User=0.00s Sys=0.00s Real=0.00s
[14.608s][info][gc,start       ] GC(171) Pause Young (Allocation Failure)
[14.611s][info][gc,heap        ] GC(171) PSYoungGen: 145920K(159744K)->4544K(158208K) Eden: 144896K(144896K)->0K(145408K) From: 1024K(14848K)->4544K(12800K)
[14.611s][info][gc,heap        ] GC(171) ParOldGen: 73800K(349696K)->74496K(349696K)
[14.611s][info][gc,metaspace   ] GC(171) Metaspace: 8597K(8832K)->8597K(8832K) NonClass: 7443K(7552K)->7443K(7552K) Class: 1153K(1280K)->1153K(1280K)
[14.611s][info][gc             ] GC(171) Pause Young (Allocation Failure) 214M->77M(496M) 2.981ms
[14.611s][info][gc,cpu         ] GC(171) User=0.00s Sys=0.00s Real=0.00s
[14.682s][info][gc,start       ] GC(172) Pause Young (Allocation Failure)
[14.686s][info][gc,heap        ] GC(172) PSYoungGen: 149952K(158208K)->960K(159232K) Eden: 145408K(145408K)->0K(145408K) From: 4544K(12800K)->960K(13824K)
[14.686s][info][gc,heap        ] GC(172) ParOldGen: 74496K(349696K)->78648K(349696K)
[14.686s][info][gc,metaspace   ] GC(172) Metaspace: 8597K(8832K)->8597K(8832K) NonClass: 7443K(7552K)->7443K(7552K) Class: 1153K(1280K)->1153K(1280K)
[14.686s][info][gc             ] GC(172) Pause Young (Allocation Failure) 219M->77M(497M) 4.206ms
[14.686s][info][gc,cpu         ] GC(172) User=0.17s Sys=0.00s Real=0.02s
[14.752s][info][gc,start       ] GC(173) Pause Young (Allocation Failure)
[14.753s][info][gc,heap        ] GC(173) PSYoungGen: 146368K(159232K)->800K(159232K) Eden: 145408K(145408K)->0K(147456K) From: 960K(13824K)->800K(11776K)
[14.753s][info][gc,heap        ] GC(173) ParOldGen: 78648K(349696K)->79272K(349696K)
[14.753s][info][gc,metaspace   ] GC(173) Metaspace: 8597K(8832K)->8597K(8832K) NonClass: 7443K(7552K)->7443K(7552K) Class: 1153K(1280K)->1153K(1280K)
[14.753s][info][gc             ] GC(173) Pause Young (Allocation Failure) 219M->78M(497M) 1.610ms
[14.753s][info][gc,cpu         ] GC(173) User=0.00s Sys=0.00s Real=0.00s
[14.829s][info][gc,start       ] GC(174) Pause Young (Allocation Failure)
[14.832s][info][gc,heap        ] GC(174) PSYoungGen: 148256K(159232K)->4656K(160256K) Eden: 147456K(147456K)->0K(147456K) From: 800K(11776K)->4656K(12800K)
[14.832s][info][gc,heap        ] GC(174) ParOldGen: 79272K(349696K)->79680K(349696K)
[14.832s][info][gc,metaspace   ] GC(174) Metaspace: 8597K(8832K)->8597K(8832K) NonClass: 7443K(7552K)->7443K(7552K) Class: 1153K(1280K)->1153K(1280K)
[14.832s][info][gc             ] GC(174) Pause Young (Allocation Failure) 222M->82M(498M) 2.964ms
[14.832s][info][gc,cpu         ] GC(174) User=0.00s Sys=0.00s Real=0.00s
[14.902s][info][gc,start       ] GC(175) Pause Young (Allocation Failure)
[14.906s][info][gc,heap        ] GC(175) PSYoungGen: 152112K(160256K)->864K(160256K) Eden: 147456K(147456K)->0K(149504K) From: 4656K(12800K)->864K(10752K)
[14.906s][info][gc,heap        ] GC(175) ParOldGen: 79680K(349696K)->84016K(349696K)
[14.906s][info][gc,metaspace   ] GC(175) Metaspace: 8597K(8832K)->8597K(8832K) NonClass: 7443K(7552K)->7443K(7552K) Class: 1153K(1280K)->1153K(1280K)
[14.906s][info][gc             ] GC(175) Pause Young (Allocation Failure) 226M->82M(498M) 4.315ms
[14.906s][info][gc,cpu         ] GC(175) User=0.17s Sys=0.00s Real=0.01s
[14.991s][info][gc,start       ] GC(176) Pause Young (Allocation Failure)
[14.997s][info][gc,heap        ] GC(176) PSYoungGen: 150368K(160256K)->9152K(161280K) Eden: 149504K(149504K)->0K(149504K) From: 864K(10752K)->9152K(11776K)
[14.997s][info][gc,heap        ] GC(176) ParOldGen: 84016K(349696K)->84368K(349696K)
[14.997s][info][gc,metaspace   ] GC(176) Metaspace: 8597K(8832K)->8597K(8832K) NonClass: 7443K(7552K)->7443K(7552K) Class: 1153K(1280K)->1153K(1280K)
[14.997s][info][gc             ] GC(176) Pause Young (Allocation Failure) 228M->91M(499M) 5.514ms
[14.997s][info][gc,cpu         ] GC(176) User=0.00s Sys=0.00s Real=0.00s
[15.083s][info][gc,start       ] GC(177) Pause Young (Allocation Failure)
[15.108s][info][gc,heap        ] GC(177) PSYoungGen: 158656K(161280K)->800K(161792K) Eden: 149504K(149504K)->0K(148480K) From: 9152K(11776K)->800K(13312K)
[15.108s][info][gc,heap        ] GC(177) ParOldGen: 84368K(349696K)->93288K(349696K)
[15.108s][info][gc,metaspace   ] GC(177) Metaspace: 8597K(8832K)->8597K(8832K) NonClass: 7443K(7552K)->7443K(7552K) Class: 1153K(1280K)->1153K(1280K)
[15.108s][info][gc             ] GC(177) Pause Young (Allocation Failure) 237M->91M(499M) 25.049ms
[15.108s][info][gc,cpu         ] GC(177) User=0.00s Sys=0.00s Real=0.02s
[15.184s][info][gc,start       ] GC(178) Pause Young (Allocation Failure)
[15.186s][info][gc,heap        ] GC(178) PSYoungGen: 149280K(161792K)->1024K(150016K) Eden: 148480K(148480K)->0K(148480K) From: 800K(13312K)->1024K(1536K)
[15.186s][info][gc,heap        ] GC(178) ParOldGen: 93288K(349696K)->93656K(349696K)
[15.186s][info][gc,metaspace   ] GC(178) Metaspace: 8597K(8832K)->8597K(8832K) NonClass: 7443K(7552K)->7443K(7552K) Class: 1153K(1280K)->1153K(1280K)
[15.186s][info][gc             ] GC(178) Pause Young (Allocation Failure) 236M->92M(488M) 1.293ms
[15.186s][info][gc,cpu         ] GC(178) User=0.00s Sys=0.00s Real=0.00s
[15.256s][info][gc,start       ] GC(179) Pause Young (Allocation Failure)
[15.258s][info][gc,heap        ] GC(179) PSYoungGen: 149504K(150016K)->3456K(161792K) Eden: 148480K(148480K)->0K(149504K) From: 1024K(1536K)->3456K(12288K)
[15.258s][info][gc,heap        ] GC(179) ParOldGen: 93656K(349696K)->94288K(349696K)
[15.258s][info][gc,metaspace   ] GC(179) Metaspace: 8597K(8832K)->8597K(8832K) NonClass: 7443K(7552K)->7443K(7552K) Class: 1153K(1280K)->1153K(1280K)
[15.258s][info][gc             ] GC(179) Pause Young (Allocation Failure) 237M->95M(499M) 2.405ms
[15.258s][info][gc,cpu         ] GC(179) User=0.00s Sys=0.00s Real=0.00s
[15.327s][info][gc,start       ] GC(180) Pause Young (Allocation Failure)
[15.330s][info][gc,heap        ] GC(180) PSYoungGen: 152960K(161792K)->2320K(160768K) Eden: 149504K(149504K)->0K(149504K) From: 3456K(12288K)->2320K(11264K)
[15.330s][info][gc,heap        ] GC(180) ParOldGen: 94288K(349696K)->97216K(349696K)
[15.330s][info][gc,metaspace   ] GC(180) Metaspace: 8597K(8832K)->8597K(8832K) NonClass: 7443K(7552K)->7443K(7552K) Class: 1153K(1280K)->1153K(1280K)
[15.331s][info][gc             ] GC(180) Pause Young (Allocation Failure) 241M->97M(498M) 3.542ms
[15.331s][info][gc,cpu         ] GC(180) User=0.00s Sys=0.00s Real=0.00s
[15.398s][info][gc,start       ] GC(181) Pause Young (Allocation Failure)
[15.401s][info][gc,heap        ] GC(181) PSYoungGen: 151824K(160768K)->864K(162304K) Eden: 149504K(149504K)->0K(151552K) From: 2320K(11264K)->864K(10752K)
[15.401s][info][gc,heap        ] GC(181) ParOldGen: 97216K(349696K)->99152K(349696K)
[15.401s][info][gc,metaspace   ] GC(181) Metaspace: 8597K(8832K)->8597K(8832K) NonClass: 7443K(7552K)->7443K(7552K) Class: 1153K(1280K)->1153K(1280K)
[15.401s][info][gc             ] GC(181) Pause Young (Allocation Failure) 243M->97M(500M) 2.788ms
[15.401s][info][gc,cpu         ] GC(181) User=0.00s Sys=0.00s Real=0.00s
[15.476s][info][gc,start       ] GC(182) Pause Young (Allocation Failure)
[15.479s][info][gc,heap        ] GC(182) PSYoungGen: 152416K(162304K)->4448K(161792K) Eden: 151552K(151552K)->0K(151552K) From: 864K(10752K)->4448K(10240K)
[15.479s][info][gc,heap        ] GC(182) ParOldGen: 99152K(349696K)->99848K(349696K)
[15.479s][info][gc,metaspace   ] GC(182) Metaspace: 8597K(8832K)->8597K(8832K) NonClass: 7443K(7552K)->7443K(7552K) Class: 1153K(1280K)->1153K(1280K)
[15.479s][info][gc             ] GC(182) Pause Young (Allocation Failure) 245M->101M(499M) 3.173ms
[15.479s][info][gc,cpu         ] GC(182) User=0.00s Sys=0.00s Real=0.00s
[15.549s][info][gc,start       ] GC(183) Pause Young (Allocation Failure)
[15.553s][info][gc,heap        ] GC(183) PSYoungGen: 156000K(161792K)->928K(163840K) Eden: 151552K(151552K)->0K(154112K) From: 4448K(10240K)->928K(9728K)
[15.553s][info][gc,heap        ] GC(183) ParOldGen: 99848K(349696K)->103889K(349696K)
[15.553s][info][gc,metaspace   ] GC(183) Metaspace: 8597K(8832K)->8597K(8832K) NonClass: 7443K(7552K)->7443K(7552K) Class: 1153K(1280K)->1153K(1280K)
[15.553s][info][gc             ] GC(183) Pause Young (Allocation Failure) 249M->102M(501M) 4.123ms
[15.553s][info][gc,cpu         ] GC(183) User=0.19s Sys=0.00s Real=0.02s
[15.637s][info][gc,start       ] GC(184) Pause Young (Allocation Failure)
[15.638s][info][gc,heap        ] GC(184) PSYoungGen: 155040K(163840K)->832K(163840K) Eden: 154112K(154112K)->0K(154112K) From: 928K(9728K)->832K(9728K)
[15.638s][info][gc,heap        ] GC(184) ParOldGen: 103889K(349696K)->104513K(349696K)
[15.638s][info][gc,metaspace   ] GC(184) Metaspace: 8597K(8832K)->8597K(8832K) NonClass: 7443K(7552K)->7443K(7552K) Class: 1153K(1280K)->1153K(1280K)
[15.638s][info][gc             ] GC(184) Pause Young (Allocation Failure) 252M->102M(501M) 1.594ms
[15.639s][info][gc,cpu         ] GC(184) User=0.00s Sys=0.00s Real=0.00s
[16.046s][info][gc,start       ] GC(185) Pause Young (System.gc())
[16.080s][info][gc,heap        ] GC(185) PSYoungGen: 135463K(163840K)->9696K(129024K) Eden: 134631K(154112K)->0K(119296K) From: 832K(9728K)->9696K(9728K)
[16.080s][info][gc,heap        ] GC(185) ParOldGen: 104513K(349696K)->148233K(349696K)
[16.080s][info][gc,metaspace   ] GC(185) Metaspace: 8597K(8832K)->8597K(8832K) NonClass: 7443K(7552K)->7443K(7552K) Class: 1153K(1280K)->1153K(1280K)
[16.080s][info][gc             ] GC(185) Pause Young (System.gc()) 234M->154M(467M) 33.766ms
[16.080s][info][gc,cpu         ] GC(185) User=0.38s Sys=0.00s Real=0.03s
[16.080s][info][gc,start       ] GC(186) Pause Full (System.gc())
[16.080s][info][gc,phases,start] GC(186) Marking Phase
[16.085s][info][gc,phases      ] GC(186) Marking Phase 5.232ms
[16.085s][info][gc,phases,start] GC(186) Summary Phase
[16.085s][info][gc,phases      ] GC(186) Summary Phase 0.017ms
[16.085s][info][gc,phases,start] GC(186) Adjust Roots
[16.087s][info][gc,phases      ] GC(186) Adjust Roots 1.110ms
[16.087s][info][gc,phases,start] GC(186) Compaction Phase
[16.088s][info][gc,phases      ] GC(186) Compaction Phase 1.240ms
[16.088s][info][gc,phases,start] GC(186) Post Compact
[16.089s][info][gc,phases      ] GC(186) Post Compact 0.856ms
[16.089s][info][gc,heap        ] GC(186) PSYoungGen: 9696K(129024K)->0K(129024K) Eden: 0K(119296K)->0K(119296K) From: 9696K(9728K)->0K(9728K)
[16.089s][info][gc,heap        ] GC(186) ParOldGen: 148233K(349696K)->3528K(349696K)
[16.089s][info][gc,metaspace   ] GC(186) Metaspace: 8597K(8832K)->8597K(8832K) NonClass: 7443K(7552K)->7443K(7552K) Class: 1153K(1280K)->1153K(1280K)
[16.089s][info][gc             ] GC(186) Pause Full (System.gc()) 154M->3M(467M) 8.610ms
[16.089s][info][gc,cpu         ] GC(186) User=0.00s Sys=0.00s Real=0.00s
[16.145s][info][gc,start       ] GC(187) Pause Young (Allocation Failure)
[16.146s][info][gc,heap        ] GC(187) PSYoungGen: 119296K(129024K)->736K(146944K) Eden: 119296K(119296K)->0K(119296K) From: 0K(9728K)->736K(27648K)
[16.146s][info][gc,heap        ] GC(187) ParOldGen: 3528K(349696K)->3528K(349696K)
[16.146s][info][gc,metaspace   ] GC(187) Metaspace: 8597K(8832K)->8597K(8832K) NonClass: 7444K(7552K)->7444K(7552K) Class: 1153K(1280K)->1153K(1280K)
[16.146s][info][gc             ] GC(187) Pause Young (Allocation Failure) 119M->4M(485M) 0.886ms
[16.146s][info][gc,cpu         ] GC(187) User=0.00s Sys=0.00s Real=0.00s
[16.199s][info][gc,start       ] GC(188) Pause Young (Allocation Failure)
[16.200s][info][gc,heap        ] GC(188) PSYoungGen: 120032K(146944K)->704K(144384K) Eden: 119296K(119296K)->0K(119808K) From: 736K(27648K)->704K(24576K)
[16.200s][info][gc,heap        ] GC(188) ParOldGen: 3528K(349696K)->3912K(349696K)
[16.200s][info][gc,metaspace   ] GC(188) Metaspace: 8597K(8832K)->8597K(8832K) NonClass: 7444K(7552K)->7444K(7552K) Class: 1153K(1280K)->1153K(1280K)
[16.200s][info][gc             ] GC(188) Pause Young (Allocation Failure) 120M->4M(482M) 1.811ms
[16.201s][info][gc,cpu         ] GC(188) User=0.00s Sys=0.00s Real=0.00s
[16.256s][info][gc,start       ] GC(189) Pause Young (Allocation Failure)
[16.257s][info][gc,heap        ] GC(189) PSYoungGen: 120512K(144384K)->768K(145920K) Eden: 119808K(119808K)->0K(119808K) From: 704K(24576K)->768K(26112K)
[16.257s][info][gc,heap        ] GC(189) ParOldGen: 3912K(349696K)->4240K(349696K)
[16.257s][info][gc,metaspace   ] GC(189) Metaspace: 8597K(8832K)->8597K(8832K) NonClass: 7444K(7552K)->7444K(7552K) Class: 1153K(1280K)->1153K(1280K)
[16.257s][info][gc             ] GC(189) Pause Young (Allocation Failure) 121M->4M(484M) 1.067ms
[16.257s][info][gc,cpu         ] GC(189) User=0.00s Sys=0.00s Real=0.00s
[16.328s][info][gc,start       ] GC(190) Pause Young (Allocation Failure)
[16.329s][info][gc,heap        ] GC(190) PSYoungGen: 120576K(145920K)->864K(145920K) Eden: 119808K(119808K)->0K(123392K) From: 768K(26112K)->864K(22528K)
[16.329s][info][gc,heap        ] GC(190) ParOldGen: 4240K(349696K)->4568K(349696K)
[16.329s][info][gc,metaspace   ] GC(190) Metaspace: 8597K(8832K)->8597K(8832K) NonClass: 7444K(7552K)->7444K(7552K) Class: 1153K(1280K)->1153K(1280K)
[16.329s][info][gc             ] GC(190) Pause Young (Allocation Failure) 121M->5M(484M) 1.346ms
[16.329s][info][gc,cpu         ] GC(190) User=0.00s Sys=0.00s Real=0.00s
[16.406s][info][gc,start       ] GC(191) Pause Young (Allocation Failure)
[16.415s][info][gc,heap        ] GC(191) PSYoungGen: 124256K(145920K)->4720K(147456K) Eden: 123392K(123392K)->0K(123392K) From: 864K(22528K)->4720K(24064K)
[16.415s][info][gc,heap        ] GC(191) ParOldGen: 4568K(349696K)->4960K(349696K)
[16.415s][info][gc,metaspace   ] GC(191) Metaspace: 8597K(8832K)->8597K(8832K) NonClass: 7444K(7552K)->7444K(7552K) Class: 1153K(1280K)->1153K(1280K)
[16.415s][info][gc             ] GC(191) Pause Young (Allocation Failure) 125M->9M(485M) 8.983ms
[16.415s][info][gc,cpu         ] GC(191) User=0.00s Sys=0.00s Real=0.00s
[16.472s][info][gc,start       ] GC(192) Pause Young (Allocation Failure)
[16.476s][info][gc,heap        ] GC(192) PSYoungGen: 128112K(147456K)->672K(150016K) Eden: 123392K(123392K)->0K(128512K) From: 4720K(24064K)->672K(21504K)
[16.476s][info][gc,heap        ] GC(192) ParOldGen: 4960K(349696K)->9424K(349696K)
[16.476s][info][gc,metaspace   ] GC(192) Metaspace: 8597K(8832K)->8597K(8832K) NonClass: 7444K(7552K)->7444K(7552K) Class: 1153K(1280K)->1153K(1280K)
[16.476s][info][gc             ] GC(192) Pause Young (Allocation Failure) 129M->9M(488M) 4.216ms
[16.476s][info][gc,cpu         ] GC(192) User=0.00s Sys=0.00s Real=0.00s
[16.537s][info][gc,start       ] GC(193) Pause Young (Allocation Failure)
[16.538s][info][gc,heap        ] GC(193) PSYoungGen: 129184K(150016K)->800K(150016K) Eden: 128512K(128512K)->0K(128512K) From: 672K(21504K)->800K(21504K)
[16.538s][info][gc,heap        ] GC(193) ParOldGen: 9424K(349696K)->9744K(349696K)
[16.538s][info][gc,metaspace   ] GC(193) Metaspace: 8597K(8832K)->8597K(8832K) NonClass: 7444K(7552K)->7444K(7552K) Class: 1153K(1280K)->1153K(1280K)
[16.538s][info][gc             ] GC(193) Pause Young (Allocation Failure) 135M->10M(488M) 1.187ms
[16.538s][info][gc,cpu         ] GC(193) User=0.00s Sys=0.00s Real=0.00s
[16.601s][info][gc,start       ] GC(194) Pause Young (Allocation Failure)
[16.604s][info][gc,heap        ] GC(194) PSYoungGen: 129312K(150016K)->4544K(151040K) Eden: 128512K(128512K)->0K(132608K) From: 800K(21504K)->4544K(18432K)
[16.604s][info][gc,heap        ] GC(194) ParOldGen: 9744K(349696K)->10152K(349696K)
[16.604s][info][gc,metaspace   ] GC(194) Metaspace: 8597K(8832K)->8597K(8832K) NonClass: 7444K(7552K)->7444K(7552K) Class: 1153K(1280K)->1153K(1280K)
[16.604s][info][gc             ] GC(194) Pause Young (Allocation Failure) 135M->14M(489M) 3.046ms
[16.604s][info][gc,cpu         ] GC(194) User=0.00s Sys=0.00s Real=0.00s
[16.663s][info][gc,start       ] GC(195) Pause Young (Allocation Failure)
[16.667s][info][gc,heap        ] GC(195) PSYoungGen: 137152K(151040K)->704K(151552K) Eden: 132608K(132608K)->0K(132608K) From: 4544K(18432K)->704K(18944K)
[16.667s][info][gc,heap        ] GC(195) ParOldGen: 10152K(349696K)->14488K(349696K)
[16.667s][info][gc,metaspace   ] GC(195) Metaspace: 8597K(8832K)->8597K(8832K) NonClass: 7444K(7552K)->7444K(7552K) Class: 1153K(1280K)->1153K(1280K)
[16.667s][info][gc             ] GC(195) Pause Young (Allocation Failure) 143M->14M(489M) 4.189ms
[16.667s][info][gc,cpu         ] GC(195) User=0.00s Sys=0.00s Real=0.00s
[16.728s][info][gc,start       ] GC(196) Pause Young (Allocation Failure)
[16.729s][info][gc,heap        ] GC(196) PSYoungGen: 133312K(151552K)->864K(155136K) Eden: 132608K(132608K)->0K(137728K) From: 704K(18944K)->864K(17408K)
[16.729s][info][gc,heap        ] GC(196) ParOldGen: 14488K(349696K)->14816K(349696K)
[16.729s][info][gc,metaspace   ] GC(196) Metaspace: 8597K(8832K)->8597K(8832K) NonClass: 7444K(7552K)->7444K(7552K) Class: 1153K(1280K)->1153K(1280K)
[16.729s][info][gc             ] GC(196) Pause Young (Allocation Failure) 144M->15M(493M) 1.236ms
[16.729s][info][gc,cpu         ] GC(196) User=0.00s Sys=0.00s Real=0.00s
[16.808s][info][gc,start       ] GC(197) Pause Young (Allocation Failure)
[16.814s][info][gc,heap        ] GC(197) PSYoungGen: 138592K(155136K)->9168K(155136K) Eden: 137728K(137728K)->0K(137728K) From: 864K(17408K)->9168K(17408K)
[16.814s][info][gc,heap        ] GC(197) ParOldGen: 14816K(349696K)->15216K(349696K)
[16.814s][info][gc,metaspace   ] GC(197) Metaspace: 8597K(8832K)->8597K(8832K) NonClass: 7444K(7552K)->7444K(7552K) Class: 1153K(1280K)->1153K(1280K)
[16.814s][info][gc             ] GC(197) Pause Young (Allocation Failure) 149M->23M(493M) 5.458ms
[16.814s][info][gc,cpu         ] GC(197) User=0.00s Sys=0.00s Real=0.00s
[16.875s][info][gc,start       ] GC(198) Pause Young (Allocation Failure)
[16.883s][info][gc,heap        ] GC(198) PSYoungGen: 146896K(155136K)->704K(156672K) Eden: 137728K(137728K)->0K(139264K) From: 9168K(17408K)->704K(17408K)
[16.883s][info][gc,heap        ] GC(198) ParOldGen: 15216K(349696K)->24184K(349696K)
[16.883s][info][gc,metaspace   ] GC(198) Metaspace: 8597K(8832K)->8597K(8832K) NonClass: 7444K(7552K)->7444K(7552K) Class: 1153K(1280K)->1153K(1280K)
[16.883s][info][gc             ] GC(198) Pause Young (Allocation Failure) 158M->24M(494M) 7.834ms
[16.883s][info][gc,cpu         ] GC(198) User=0.00s Sys=0.00s Real=0.00s
[16.949s][info][gc,start       ] GC(199) Pause Young (Allocation Failure)
[16.950s][info][gc,heap        ] GC(199) PSYoungGen: 139968K(156672K)->864K(140288K) Eden: 139264K(139264K)->0K(139264K) From: 704K(17408K)->864K(1024K)
[16.950s][info][gc,heap        ] GC(199) ParOldGen: 24184K(349696K)->24528K(349696K)
[16.950s][info][gc,metaspace   ] GC(199) Metaspace: 8597K(8832K)->8597K(8832K) NonClass: 7444K(7552K)->7444K(7552K) Class: 1153K(1280K)->1153K(1280K)
[16.950s][info][gc             ] GC(199) Pause Young (Allocation Failure) 160M->24M(478M) 1.297ms
[16.950s][info][gc,cpu         ] GC(199) User=0.00s Sys=0.00s Real=0.00s
[17.021s][info][gc,start       ] GC(200) Pause Young (Allocation Failure)
[17.023s][info][gc,heap        ] GC(200) PSYoungGen: 140128K(140288K)->4480K(157184K) Eden: 139264K(139264K)->0K(140800K) From: 864K(1024K)->4480K(16384K)
[17.023s][info][gc,heap        ] GC(200) ParOldGen: 24528K(349696K)->25232K(349696K)
[17.023s][info][gc,metaspace   ] GC(200) Metaspace: 8597K(8832K)->8597K(8832K) NonClass: 7444K(7552K)->7444K(7552K) Class: 1153K(1280K)->1153K(1280K)
[17.024s][info][gc             ] GC(200) Pause Young (Allocation Failure) 160M->29M(495M) 2.907ms
[17.024s][info][gc,cpu         ] GC(200) User=0.00s Sys=0.00s Real=0.00s
[17.088s][info][gc,start       ] GC(201) Pause Young (Allocation Failure)
[17.092s][info][gc,heap        ] GC(201) PSYoungGen: 145280K(157184K)->800K(156160K) Eden: 140800K(140800K)->0K(140800K) From: 4480K(16384K)->800K(15360K)
[17.092s][info][gc,heap        ] GC(201) ParOldGen: 25232K(349696K)->29400K(349696K)
[17.092s][info][gc,metaspace   ] GC(201) Metaspace: 8597K(8832K)->8597K(8832K) NonClass: 7444K(7552K)->7444K(7552K) Class: 1153K(1280K)->1153K(1280K)
[17.092s][info][gc             ] GC(201) Pause Young (Allocation Failure) 166M->29M(494M) 4.125ms
[17.092s][info][gc,cpu         ] GC(201) User=0.17s Sys=0.00s Real=0.02s
[17.155s][info][gc,start       ] GC(202) Pause Young (Allocation Failure)
[17.157s][info][gc,heap        ] GC(202) PSYoungGen: 141600K(156160K)->1024K(158208K) Eden: 140800K(140800K)->0K(143360K) From: 800K(15360K)->1024K(14848K)
[17.157s][info][gc,heap        ] GC(202) ParOldGen: 29400K(349696K)->29736K(349696K)
[17.157s][info][gc,metaspace   ] GC(202) Metaspace: 8597K(8832K)->8597K(8832K) NonClass: 7444K(7552K)->7444K(7552K) Class: 1153K(1280K)->1153K(1280K)
[17.157s][info][gc             ] GC(202) Pause Young (Allocation Failure) 166M->30M(496M) 1.312ms
[17.157s][info][gc,cpu         ] GC(202) User=0.00s Sys=0.00s Real=0.00s
[17.243s][info][gc,start       ] GC(203) Pause Young (Allocation Failure)
[17.246s][info][gc,heap        ] GC(203) PSYoungGen: 144384K(158208K)->4448K(157696K) Eden: 143360K(143360K)->0K(143360K) From: 1024K(14848K)->4448K(14336K)
[17.246s][info][gc,heap        ] GC(203) ParOldGen: 29736K(349696K)->30424K(349696K)
[17.246s][info][gc,metaspace   ] GC(203) Metaspace: 8597K(8832K)->8597K(8832K) NonClass: 7444K(7552K)->7444K(7552K) Class: 1153K(1280K)->1153K(1280K)
[17.246s][info][gc             ] GC(203) Pause Young (Allocation Failure) 170M->34M(495M) 3.017ms
[17.246s][info][gc,cpu         ] GC(203) User=0.17s Sys=0.00s Real=0.02s
[17.327s][info][gc,start       ] GC(204) Pause Young (Allocation Failure)
[17.331s][info][gc,heap        ] GC(204) PSYoungGen: 147808K(157696K)->960K(159232K) Eden: 143360K(143360K)->0K(145920K) From: 4448K(14336K)->960K(13312K)
[17.331s][info][gc,heap        ] GC(204) ParOldGen: 30424K(349696K)->34456K(349696K)
[17.331s][info][gc,metaspace   ] GC(204) Metaspace: 8597K(8832K)->8597K(8832K) NonClass: 7444K(7552K)->7444K(7552K) Class: 1153K(1280K)->1153K(1280K)
[17.331s][info][gc             ] GC(204) Pause Young (Allocation Failure) 174M->34M(497M) 4.102ms
[17.331s][info][gc,cpu         ] GC(204) User=0.00s Sys=0.00s Real=0.00s
[17.399s][info][gc,start       ] GC(205) Pause Young (Allocation Failure)
[17.400s][info][gc,heap        ] GC(205) PSYoungGen: 146880K(159232K)->832K(158720K) Eden: 145920K(145920K)->0K(145920K) From: 960K(13312K)->832K(12800K)
[17.401s][info][gc,heap        ] GC(205) ParOldGen: 34456K(349696K)->35080K(349696K)
[17.401s][info][gc,metaspace   ] GC(205) Metaspace: 8597K(8832K)->8597K(8832K) NonClass: 7444K(7552K)->7444K(7552K) Class: 1153K(1280K)->1153K(1280K)
[17.401s][info][gc             ] GC(205) Pause Young (Allocation Failure) 177M->35M(496M) 1.464ms
[17.401s][info][gc,cpu         ] GC(205) User=0.00s Sys=0.00s Real=0.00s
[17.479s][info][gc,start       ] GC(206) Pause Young (Allocation Failure)
[17.485s][info][gc,heap        ] GC(206) PSYoungGen: 146752K(158720K)->9136K(159232K) Eden: 145920K(145920K)->0K(146944K) From: 832K(12800K)->9136K(12288K)
[17.485s][info][gc,heap        ] GC(206) ParOldGen: 35080K(349696K)->35480K(349696K)
[17.485s][info][gc,metaspace   ] GC(206) Metaspace: 8597K(8832K)->8597K(8832K) NonClass: 7444K(7552K)->7444K(7552K) Class: 1153K(1280K)->1153K(1280K)
[17.485s][info][gc             ] GC(206) Pause Young (Allocation Failure) 177M->43M(497M) 5.687ms
[17.485s][info][gc,cpu         ] GC(206) User=0.17s Sys=0.00s Real=0.02s
[17.550s][info][gc,start       ] GC(207) Pause Young (Allocation Failure)
[17.558s][info][gc,heap        ] GC(207) PSYoungGen: 156080K(159232K)->816K(160768K) Eden: 146944K(146944K)->0K(146944K) From: 9136K(12288K)->816K(13824K)
[17.558s][info][gc,heap        ] GC(207) ParOldGen: 35480K(349696K)->44376K(349696K)
[17.558s][info][gc,metaspace   ] GC(207) Metaspace: 8597K(8832K)->8597K(8832K) NonClass: 7444K(7552K)->7444K(7552K) Class: 1153K(1280K)->1153K(1280K)
[17.558s][info][gc             ] GC(207) Pause Young (Allocation Failure) 187M->44M(498M) 7.891ms
[17.558s][info][gc,cpu         ] GC(207) User=0.17s Sys=0.00s Real=0.01s
[17.627s][info][gc,start       ] GC(208) Pause Young (Allocation Failure)
[17.628s][info][gc,heap        ] GC(208) PSYoungGen: 147760K(160768K)->1024K(159232K) Eden: 146944K(146944K)->0K(147456K) From: 816K(13824K)->1024K(11776K)
[17.628s][info][gc,heap        ] GC(208) ParOldGen: 44376K(349696K)->44712K(349696K)
[17.628s][info][gc,metaspace   ] GC(208) Metaspace: 8597K(8832K)->8597K(8832K) NonClass: 7444K(7552K)->7444K(7552K) Class: 1153K(1280K)->1153K(1280K)
[17.628s][info][gc             ] GC(208) Pause Young (Allocation Failure) 187M->44M(497M) 1.386ms
[17.628s][info][gc,cpu         ] GC(208) User=0.00s Sys=0.00s Real=0.00s
[17.703s][info][gc,start       ] GC(209) Pause Young (Allocation Failure)
[17.706s][info][gc,heap        ] GC(209) PSYoungGen: 148480K(159232K)->4640K(160256K) Eden: 147456K(147456K)->0K(147456K) From: 1024K(11776K)->4640K(12800K)
[17.706s][info][gc,heap        ] GC(209) ParOldGen: 44712K(349696K)->45416K(349696K)
[17.706s][info][gc,metaspace   ] GC(209) Metaspace: 8597K(8832K)->8597K(8832K) NonClass: 7444K(7552K)->7444K(7552K) Class: 1153K(1280K)->1153K(1280K)
[17.706s][info][gc             ] GC(209) Pause Young (Allocation Failure) 188M->48M(498M) 2.894ms
[17.706s][info][gc,cpu         ] GC(209) User=0.00s Sys=0.00s Real=0.00s
[17.789s][info][gc,start       ] GC(210) Pause Young (Allocation Failure)
[17.793s][info][gc,heap        ] GC(210) PSYoungGen: 152096K(160256K)->960K(160256K) Eden: 147456K(147456K)->0K(149504K) From: 4640K(12800K)->960K(10752K)
[17.813s][info][gc,heap        ] GC(210) ParOldGen: 45416K(349696K)->49584K(349696K)
[17.813s][info][gc,metaspace   ] GC(210) Metaspace: 8597K(8832K)->8597K(8832K) NonClass: 7444K(7552K)->7444K(7552K) Class: 1153K(1280K)->1153K(1280K)
[17.813s][info][gc             ] GC(210) Pause Young (Allocation Failure) 192M->49M(498M) 23.431ms
[17.813s][info][gc,cpu         ] GC(210) User=0.17s Sys=0.00s Real=0.03s
[17.892s][info][gc,start       ] GC(211) Pause Young (Allocation Failure)
[17.894s][info][gc,heap        ] GC(211) PSYoungGen: 150464K(160256K)->928K(161280K) Eden: 149504K(149504K)->0K(149504K) From: 960K(10752K)->928K(11776K)
[17.894s][info][gc,heap        ] GC(211) ParOldGen: 49584K(349696K)->50200K(349696K)
[17.894s][info][gc,metaspace   ] GC(211) Metaspace: 8597K(8832K)->8597K(8832K) NonClass: 7444K(7552K)->7444K(7552K) Class: 1153K(1280K)->1153K(1280K)
[17.894s][info][gc             ] GC(211) Pause Young (Allocation Failure) 195M->49M(499M) 1.679ms
[17.894s][info][gc,cpu         ] GC(211) User=0.00s Sys=0.00s Real=0.00s
[17.971s][info][gc,start       ] GC(212) Pause Young (Allocation Failure)
[17.974s][info][gc,heap        ] GC(212) PSYoungGen: 150432K(161280K)->4656K(162304K) Eden: 149504K(149504K)->0K(151552K) From: 928K(11776K)->4656K(10752K)
[17.974s][info][gc,heap        ] GC(212) ParOldGen: 50200K(349696K)->50592K(349696K)
[17.974s][info][gc,metaspace   ] GC(212) Metaspace: 8597K(8832K)->8597K(8832K) NonClass: 7444K(7552K)->7444K(7552K) Class: 1153K(1280K)->1153K(1280K)
[17.974s][info][gc             ] GC(212) Pause Young (Allocation Failure) 195M->53M(500M) 3.142ms
[17.974s][info][gc,cpu         ] GC(212) User=0.00s Sys=0.00s Real=0.00s
[18.048s][info][gc,start       ] GC(213) Pause Young (Allocation Failure)
[18.053s][info][gc,heap        ] GC(213) PSYoungGen: 156208K(162304K)->928K(162816K) Eden: 151552K(151552K)->0K(151552K) From: 4656K(10752K)->928K(11264K)
[18.053s][info][gc,heap        ] GC(213) ParOldGen: 50592K(349696K)->54936K(349696K)
[18.053s][info][gc,metaspace   ] GC(213) Metaspace: 8597K(8832K)->8597K(8832K) NonClass: 7444K(7552K)->7444K(7552K) Class: 1153K(1280K)->1153K(1280K)
[18.053s][info][gc             ] GC(213) Pause Young (Allocation Failure) 201M->54M(500M) 4.577ms
[18.053s][info][gc,cpu         ] GC(213) User=0.00s Sys=0.00s Real=0.00s
[18.159s][info][gc,start       ] GC(214) Pause Young (Allocation Failure)
[18.171s][info][gc,heap        ] GC(214) PSYoungGen: 152480K(162816K)->10720K(153600K) Eden: 151552K(151552K)->0K(142848K) From: 928K(11264K)->10720K(10752K)
[18.171s][info][gc,heap        ] GC(214) ParOldGen: 54936K(349696K)->62488K(349696K)
[18.171s][info][gc,metaspace   ] GC(214) Metaspace: 8597K(8832K)->8597K(8832K) NonClass: 7444K(7552K)->7444K(7552K) Class: 1153K(1280K)->1153K(1280K)
[18.171s][info][gc             ] GC(214) Pause Young (Allocation Failure) 202M->71M(491M) 12.527ms
[18.171s][info][gc,cpu         ] GC(214) User=0.19s Sys=0.00s Real=0.01s
[18.237s][info][gc,start       ] GC(215) Pause Young (Allocation Failure)
[18.246s][info][gc,heap        ] GC(215) PSYoungGen: 153568K(153600K)->864K(158720K) Eden: 142848K(142848K)->0K(142848K) From: 10720K(10752K)->864K(15872K)
[18.246s][info][gc,heap        ] GC(215) ParOldGen: 62488K(349696K)->73136K(349696K)
[18.246s][info][gc,metaspace   ] GC(215) Metaspace: 8597K(8832K)->8597K(8832K) NonClass: 7444K(7552K)->7444K(7552K) Class: 1153K(1280K)->1153K(1280K)
[18.246s][info][gc             ] GC(215) Pause Young (Allocation Failure) 210M->72M(496M) 8.741ms
[18.246s][info][gc,cpu         ] GC(215) User=0.17s Sys=0.00s Real=0.02s
[18.325s][info][gc,start       ] GC(216) Pause Young (Allocation Failure)
[18.326s][info][gc,heap        ] GC(216) PSYoungGen: 143712K(158720K)->928K(156160K) Eden: 142848K(142848K)->0K(143360K) From: 864K(15872K)->928K(12800K)
[18.326s][info][gc,heap        ] GC(216) ParOldGen: 73136K(349696K)->73496K(349696K)
[18.326s][info][gc,metaspace   ] GC(216) Metaspace: 8597K(8832K)->8597K(8832K) NonClass: 7444K(7552K)->7444K(7552K) Class: 1153K(1280K)->1153K(1280K)
[18.326s][info][gc             ] GC(216) Pause Young (Allocation Failure) 211M->72M(494M) 1.566ms
[18.326s][info][gc,cpu         ] GC(216) User=0.00s Sys=0.00s Real=0.00s
[18.403s][info][gc,start       ] GC(217) Pause Young (Allocation Failure)
[18.405s][info][gc,heap        ] GC(217) PSYoungGen: 144288K(156160K)->832K(157696K) Eden: 143360K(143360K)->0K(143360K) From: 928K(12800K)->832K(14336K)
[18.405s][info][gc,heap        ] GC(217) ParOldGen: 73496K(349696K)->74112K(349696K)
[18.405s][info][gc,metaspace   ] GC(217) Metaspace: 8597K(8832K)->8597K(8832K) NonClass: 7444K(7552K)->7444K(7552K) Class: 1153K(1280K)->1153K(1280K)
[18.405s][info][gc             ] GC(217) Pause Young (Allocation Failure) 212M->73M(495M) 1.552ms
[18.405s][info][gc,cpu         ] GC(217) User=0.00s Sys=0.00s Real=0.00s
[18.474s][info][gc,start       ] GC(218) Pause Young (Allocation Failure)
[18.477s][info][gc,heap        ] GC(218) PSYoungGen: 144192K(157696K)->4752K(158720K) Eden: 143360K(143360K)->0K(146432K) From: 832K(14336K)->4752K(12288K)
[18.477s][info][gc,heap        ] GC(218) ParOldGen: 74112K(349696K)->74512K(349696K)
[18.477s][info][gc,metaspace   ] GC(218) Metaspace: 8597K(8832K)->8597K(8832K) NonClass: 7444K(7552K)->7444K(7552K) Class: 1153K(1280K)->1153K(1280K)
[18.477s][info][gc             ] GC(218) Pause Young (Allocation Failure) 213M->77M(496M) 2.935ms
[18.477s][info][gc,cpu         ] GC(218) User=0.00s Sys=0.00s Real=0.00s
[18.545s][info][gc,start       ] GC(219) Pause Young (Allocation Failure)
[18.549s][info][gc,heap        ] GC(219) PSYoungGen: 151184K(158720K)->768K(159744K) Eden: 146432K(146432K)->0K(146432K) From: 4752K(12288K)->768K(13312K)
[18.549s][info][gc,heap        ] GC(219) ParOldGen: 74512K(349696K)->78976K(349696K)
[18.549s][info][gc,metaspace   ] GC(219) Metaspace: 8597K(8832K)->8597K(8832K) NonClass: 7444K(7552K)->7444K(7552K) Class: 1153K(1280K)->1153K(1280K)
[18.549s][info][gc             ] GC(219) Pause Young (Allocation Failure) 220M->77M(497M) 4.403ms
[18.549s][info][gc,cpu         ] GC(219) User=0.00s Sys=0.00s Real=0.00s
[18.621s][info][gc,start       ] GC(220) Pause Young (Allocation Failure)
[18.623s][info][gc,heap        ] GC(220) PSYoungGen: 147200K(159744K)->4640K(159744K) Eden: 146432K(146432K)->0K(148480K) From: 768K(13312K)->4640K(11264K)
[18.623s][info][gc,heap        ] GC(220) ParOldGen: 78976K(349696K)->79312K(349696K)
[18.623s][info][gc,metaspace   ] GC(220) Metaspace: 8597K(8832K)->8597K(8832K) NonClass: 7444K(7552K)->7444K(7552K) Class: 1153K(1280K)->1153K(1280K)
[18.623s][info][gc             ] GC(220) Pause Young (Allocation Failure) 220M->81M(497M) 2.827ms
[18.624s][info][gc,cpu         ] GC(220) User=0.00s Sys=0.00s Real=0.00s
[18.693s][info][gc,start       ] GC(221) Pause Young (Allocation Failure)
[18.697s][info][gc,heap        ] GC(221) PSYoungGen: 153120K(159744K)->832K(160768K) Eden: 148480K(148480K)->0K(148480K) From: 4640K(11264K)->832K(12288K)
[18.697s][info][gc,heap        ] GC(221) ParOldGen: 79312K(349696K)->83704K(349696K)
[18.697s][info][gc,metaspace   ] GC(221) Metaspace: 8597K(8832K)->8597K(8832K) NonClass: 7444K(7552K)->7444K(7552K) Class: 1153K(1280K)->1153K(1280K)
[18.697s][info][gc             ] GC(221) Pause Young (Allocation Failure) 226M->82M(498M) 4.323ms
[18.697s][info][gc,cpu         ] GC(221) User=0.00s Sys=0.00s Real=0.00s
[18.778s][info][gc,start       ] GC(222) Pause Young (Allocation Failure)
[18.780s][info][gc,heap        ] GC(222) PSYoungGen: 149312K(160768K)->992K(161280K) Eden: 148480K(148480K)->0K(150016K) From: 832K(12288K)->992K(11264K)
[18.780s][info][gc,heap        ] GC(222) ParOldGen: 83704K(349696K)->84048K(349696K)
[18.780s][info][gc,metaspace   ] GC(222) Metaspace: 8597K(8832K)->8597K(8832K) NonClass: 7444K(7552K)->7444K(7552K) Class: 1153K(1280K)->1153K(1280K)
[18.780s][info][gc             ] GC(222) Pause Young (Allocation Failure) 227M->83M(499M) 1.467ms
[18.780s][info][gc,cpu         ] GC(222) User=0.00s Sys=0.00s Real=0.00s
[18.876s][info][gc,start       ] GC(223) Pause Young (Allocation Failure)
[18.882s][info][gc,heap        ] GC(223) PSYoungGen: 151008K(161280K)->9024K(161792K) Eden: 150016K(150016K)->0K(150016K) From: 992K(11264K)->9024K(11776K)
[18.882s][info][gc,heap        ] GC(223) ParOldGen: 84048K(349696K)->84736K(349696K)
[18.882s][info][gc,metaspace   ] GC(223) Metaspace: 8597K(8832K)->8597K(8832K) NonClass: 7444K(7552K)->7444K(7552K) Class: 1153K(1280K)->1153K(1280K)
[18.882s][info][gc             ] GC(223) Pause Young (Allocation Failure) 229M->91M(499M) 5.687ms
[18.882s][info][gc,cpu         ] GC(223) User=0.00s Sys=0.00s Real=0.00s
[18.953s][info][gc,start       ] GC(224) Pause Young (Allocation Failure)
[18.961s][info][gc,heap        ] GC(224) PSYoungGen: 159040K(161792K)->1024K(162304K) Eden: 150016K(150016K)->0K(149504K) From: 9024K(11776K)->1024K(12800K)
[18.961s][info][gc,heap        ] GC(224) ParOldGen: 84736K(349696K)->93312K(349696K)
[18.961s][info][gc,metaspace   ] GC(224) Metaspace: 8597K(8832K)->8597K(8832K) NonClass: 7444K(7552K)->7444K(7552K) Class: 1153K(1280K)->1153K(1280K)
[18.961s][info][gc             ] GC(224) Pause Young (Allocation Failure) 238M->92M(500M) 7.564ms
[18.961s][info][gc,cpu         ] GC(224) User=0.00s Sys=0.00s Real=0.00s
[19.033s][info][gc,start       ] GC(225) Pause Young (Allocation Failure)
[19.035s][info][gc,heap        ] GC(225) PSYoungGen: 150528K(162304K)->896K(150528K) Eden: 149504K(149504K)->0K(149504K) From: 1024K(12800K)->896K(1024K)
[19.035s][info][gc,heap        ] GC(225) ParOldGen: 93312K(349696K)->93984K(349696K)
[19.035s][info][gc,metaspace   ] GC(225) Metaspace: 8597K(8832K)->8597K(8832K) NonClass: 7444K(7552K)->7444K(7552K) Class: 1153K(1280K)->1153K(1280K)
[19.035s][info][gc             ] GC(225) Pause Young (Allocation Failure) 238M->92M(488M) 1.525ms
[19.035s][info][gc,cpu         ] GC(225) User=0.00s Sys=0.00s Real=0.00s
[19.113s][info][gc,start       ] GC(226) Pause Young (Allocation Failure)
[19.116s][info][gc,heap        ] GC(226) PSYoungGen: 150400K(150528K)->4832K(161280K) Eden: 149504K(149504K)->0K(149504K) From: 896K(1024K)->4832K(11776K)
[19.116s][info][gc,heap        ] GC(226) ParOldGen: 93984K(349696K)->94328K(349696K)
[19.116s][info][gc,metaspace   ] GC(226) Metaspace: 8597K(8832K)->8597K(8832K) NonClass: 7444K(7552K)->7444K(7552K) Class: 1153K(1280K)->1153K(1280K)
[19.116s][info][gc             ] GC(226) Pause Young (Allocation Failure) 238M->96M(499M) 2.996ms
[19.116s][info][gc,cpu         ] GC(226) User=0.00s Sys=0.00s Real=0.00s
[19.183s][info][gc,start       ] GC(227) Pause Young (Allocation Failure)
[19.188s][info][gc,heap        ] GC(227) PSYoungGen: 154336K(161280K)->832K(161280K) Eden: 149504K(149504K)->0K(149504K) From: 4832K(11776K)->832K(11776K)
[19.188s][info][gc,heap        ] GC(227) ParOldGen: 94328K(349696K)->98856K(349696K)
[19.188s][info][gc,metaspace   ] GC(227) Metaspace: 8597K(8832K)->8597K(8832K) NonClass: 7444K(7552K)->7444K(7552K) Class: 1153K(1280K)->1153K(1280K)
[19.188s][info][gc             ] GC(227) Pause Young (Allocation Failure) 242M->97M(499M) 4.399ms
[19.188s][info][gc,cpu         ] GC(227) User=0.00s Sys=0.00s Real=0.00s
[19.260s][info][gc,start       ] GC(228) Pause Young (Allocation Failure)
[19.274s][info][gc,heap        ] GC(228) PSYoungGen: 150336K(161280K)->768K(162304K) Eden: 149504K(149504K)->0K(151552K) From: 832K(11776K)->768K(10752K)
[19.274s][info][gc,heap        ] GC(228) ParOldGen: 98856K(349696K)->99480K(349696K)
[19.274s][info][gc,metaspace   ] GC(228) Metaspace: 8597K(8832K)->8597K(8832K) NonClass: 7444K(7552K)->7444K(7552K) Class: 1153K(1280K)->1153K(1280K)
[19.274s][info][gc             ] GC(228) Pause Young (Allocation Failure) 243M->97M(500M) 14.371ms
[19.274s][info][gc,cpu         ] GC(228) User=0.00s Sys=0.00s Real=0.02s
[19.365s][info][gc,start       ] GC(229) Pause Young (Allocation Failure)
[19.368s][info][gc,heap        ] GC(229) PSYoungGen: 152320K(162304K)->4528K(162304K) Eden: 151552K(151552K)->0K(151552K) From: 768K(10752K)->4528K(10752K)
[19.368s][info][gc,heap        ] GC(229) ParOldGen: 99480K(349696K)->99880K(349696K)
[19.368s][info][gc,metaspace   ] GC(229) Metaspace: 8597K(8832K)->8597K(8832K) NonClass: 7444K(7552K)->7444K(7552K) Class: 1153K(1280K)->1153K(1280K)
[19.368s][info][gc             ] GC(229) Pause Young (Allocation Failure) 245M->101M(500M) 3.107ms
[19.368s][info][gc,cpu         ] GC(229) User=0.00s Sys=0.00s Real=0.00s
[19.452s][info][gc,start       ] GC(230) Pause Young (Allocation Failure)
[19.456s][info][gc,heap        ] GC(230) PSYoungGen: 156080K(162304K)->768K(162816K) Eden: 151552K(151552K)->0K(153088K) From: 4528K(10752K)->768K(9728K)
[19.456s][info][gc,heap        ] GC(230) ParOldGen: 99880K(349696K)->104217K(349696K)
[19.456s][info][gc,metaspace   ] GC(230) Metaspace: 8597K(8832K)->8597K(8832K) NonClass: 7444K(7552K)->7444K(7552K) Class: 1153K(1280K)->1153K(1280K)
[19.456s][info][gc             ] GC(230) Pause Young (Allocation Failure) 249M->102M(500M) 4.309ms
[19.456s][info][gc,cpu         ] GC(230) User=0.00s Sys=0.00s Real=0.00s
[19.572s][info][gc,start       ] GC(231) Pause Young (Allocation Failure)
[19.590s][info][gc,heap        ] GC(231) PSYoungGen: 153856K(162816K)->10208K(163328K) Eden: 153088K(153088K)->0K(153088K) From: 768K(9728K)->10208K(10240K)
[19.590s][info][gc,heap        ] GC(231) ParOldGen: 104217K(349696K)->120081K(349696K)
[19.590s][info][gc,metaspace   ] GC(231) Metaspace: 8597K(8832K)->8597K(8832K) NonClass: 7444K(7552K)->7444K(7552K) Class: 1153K(1280K)->1153K(1280K)
[19.590s][info][gc             ] GC(231) Pause Young (Allocation Failure) 252M->127M(501M) 17.647ms
[19.590s][info][gc,cpu         ] GC(231) User=0.38s Sys=0.00s Real=0.03s
[19.926s][info][gc,start       ] GC(232) Pause Young (System.gc())
[19.952s][info][gc,heap        ] GC(232) PSYoungGen: 96845K(163328K)->11232K(126464K) Eden: 86637K(153088K)->0K(115200K) From: 10208K(10240K)->11232K(11264K)
[19.952s][info][gc,heap        ] GC(232) ParOldGen: 120081K(349696K)->148513K(349696K)
[19.952s][info][gc,metaspace   ] GC(232) Metaspace: 8598K(8832K)->8598K(8832K) NonClass: 7444K(7552K)->7444K(7552K) Class: 1153K(1280K)->1153K(1280K)
[19.952s][info][gc             ] GC(232) Pause Young (System.gc()) 211M->156M(465M) 25.674ms
[19.952s][info][gc,cpu         ] GC(232) User=0.38s Sys=0.00s Real=0.03s
[19.952s][info][gc,start       ] GC(233) Pause Full (System.gc())
[19.952s][info][gc,phases,start] GC(233) Marking Phase
[19.958s][info][gc,phases      ] GC(233) Marking Phase 6.197ms
[19.958s][info][gc,phases,start] GC(233) Summary Phase
[19.958s][info][gc,phases      ] GC(233) Summary Phase 0.017ms
[19.958s][info][gc,phases,start] GC(233) Adjust Roots
[19.960s][info][gc,phases      ] GC(233) Adjust Roots 1.266ms
[19.960s][info][gc,phases,start] GC(233) Compaction Phase
[19.961s][info][gc,phases      ] GC(233) Compaction Phase 1.153ms
[19.961s][info][gc,phases,start] GC(233) Post Compact
[19.962s][info][gc,phases      ] GC(233) Post Compact 0.885ms
[19.962s][info][gc,heap        ] GC(233) PSYoungGen: 11232K(126464K)->0K(126464K) Eden: 0K(115200K)->0K(115200K) From: 11232K(11264K)->0K(11264K)
[19.962s][info][gc,heap        ] GC(233) ParOldGen: 148513K(349696K)->3528K(349696K)
[19.962s][info][gc,metaspace   ] GC(233) Metaspace: 8598K(8832K)->8598K(8832K) NonClass: 7444K(7552K)->7444K(7552K) Class: 1153K(1280K)->1153K(1280K)
[19.962s][info][gc             ] GC(233) Pause Full (System.gc()) 156M->3M(465M) 9.697ms
[19.962s][info][gc,cpu         ] GC(233) User=0.00s Sys=0.00s Real=0.00s
[20.029s][info][gc,start       ] GC(234) Pause Young (Allocation Failure)
[20.030s][info][gc,heap        ] GC(234) PSYoungGen: 115200K(126464K)->704K(144896K) Eden: 115200K(115200K)->0K(115200K) From: 0K(11264K)->704K(29696K)
[20.030s][info][gc,heap        ] GC(234) ParOldGen: 3528K(349696K)->3528K(349696K)
[20.030s][info][gc,metaspace   ] GC(234) Metaspace: 8598K(8832K)->8598K(8832K) NonClass: 7445K(7552K)->7445K(7552K) Class: 1153K(1280K)->1153K(1280K)
[20.030s][info][gc             ] GC(234) Pause Young (Allocation Failure) 115M->4M(483M) 0.791ms
[20.030s][info][gc,cpu         ] GC(234) User=0.00s Sys=0.00s Real=0.00s
[20.093s][info][gc,start       ] GC(235) Pause Young (Allocation Failure)
[20.095s][info][gc,heap        ] GC(235) PSYoungGen: 115904K(144896K)->720K(142336K) Eden: 115200K(115200K)->0K(115712K) From: 704K(29696K)->720K(26624K)
[20.095s][info][gc,heap        ] GC(235) ParOldGen: 3528K(349696K)->3888K(349696K)
[20.095s][info][gc,metaspace   ] GC(235) Metaspace: 8598K(8832K)->8598K(8832K) NonClass: 7445K(7552K)->7445K(7552K) Class: 1153K(1280K)->1153K(1280K)
[20.095s][info][gc             ] GC(235) Pause Young (Allocation Failure) 116M->4M(480M) 2.114ms
[20.095s][info][gc,cpu         ] GC(235) User=0.00s Sys=0.00s Real=0.00s
[20.146s][info][gc,start       ] GC(236) Pause Young (Allocation Failure)
[20.147s][info][gc,heap        ] GC(236) PSYoungGen: 116432K(142336K)->768K(143872K) Eden: 115712K(115712K)->0K(115712K) From: 720K(26624K)->768K(28160K)
[20.147s][info][gc,heap        ] GC(236) ParOldGen: 3888K(349696K)->4224K(349696K)
[20.147s][info][gc,metaspace   ] GC(236) Metaspace: 8598K(8832K)->8598K(8832K) NonClass: 7445K(7552K)->7445K(7552K) Class: 1153K(1280K)->1153K(1280K)
[20.147s][info][gc             ] GC(236) Pause Young (Allocation Failure) 117M->4M(482M) 0.943ms
[20.147s][info][gc,cpu         ] GC(236) User=0.00s Sys=0.00s Real=0.00s
[20.199s][info][gc,start       ] GC(237) Pause Young (Allocation Failure)
[20.200s][info][gc,heap        ] GC(237) PSYoungGen: 116480K(143872K)->832K(143872K) Eden: 115712K(115712K)->0K(119296K) From: 768K(28160K)->832K(24576K)
[20.200s][info][gc,heap        ] GC(237) ParOldGen: 4224K(349696K)->4560K(349696K)
[20.200s][info][gc,metaspace   ] GC(237) Metaspace: 8598K(8832K)->8598K(8832K) NonClass: 7445K(7552K)->7445K(7552K) Class: 1153K(1280K)->1153K(1280K)
[20.200s][info][gc             ] GC(237) Pause Young (Allocation Failure) 117M->5M(482M) 1.219ms
[20.200s][info][gc,cpu         ] GC(237) User=0.00s Sys=0.00s Real=0.00s
[20.259s][info][gc,start       ] GC(238) Pause Young (Allocation Failure)
[20.262s][info][gc,heap        ] GC(238) PSYoungGen: 120128K(143872K)->4624K(145408K) Eden: 119296K(119296K)->0K(119296K) From: 832K(24576K)->4624K(26112K)
[20.262s][info][gc,heap        ] GC(238) ParOldGen: 4560K(349696K)->4960K(349696K)
[20.262s][info][gc,metaspace   ] GC(238) Metaspace: 8598K(8832K)->8598K(8832K) NonClass: 7445K(7552K)->7445K(7552K) Class: 1153K(1280K)->1153K(1280K)
[20.262s][info][gc             ] GC(238) Pause Young (Allocation Failure) 121M->9M(483M) 2.760ms
[20.262s][info][gc,cpu         ] GC(238) User=0.17s Sys=0.00s Real=0.02s
[20.315s][info][gc,start       ] GC(239) Pause Young (Allocation Failure)
[20.319s][info][gc,heap        ] GC(239) PSYoungGen: 123920K(145408K)->608K(146944K) Eden: 119296K(119296K)->0K(124416K) From: 4624K(26112K)->608K(22528K)
[20.320s][info][gc,heap        ] GC(239) ParOldGen: 4960K(349696K)->9432K(349696K)
[20.320s][info][gc,metaspace   ] GC(239) Metaspace: 8598K(8832K)->8598K(8832K) NonClass: 7445K(7552K)->7445K(7552K) Class: 1153K(1280K)->1153K(1280K)
[20.320s][info][gc             ] GC(239) Pause Young (Allocation Failure) 125M->9M(485M) 4.470ms
[20.320s][info][gc,cpu         ] GC(239) User=0.00s Sys=0.00s Real=0.00s
[20.375s][info][gc,start       ] GC(240) Pause Young (Allocation Failure)
[20.376s][info][gc,heap        ] GC(240) PSYoungGen: 125024K(146944K)->800K(147456K) Eden: 124416K(124416K)->0K(124416K) From: 608K(22528K)->800K(23040K)
[20.376s][info][gc,heap        ] GC(240) ParOldGen: 9432K(349696K)->9768K(349696K)
[20.376s][info][gc,metaspace   ] GC(240) Metaspace: 8598K(8832K)->8598K(8832K) NonClass: 7445K(7552K)->7445K(7552K) Class: 1153K(1280K)->1153K(1280K)
[20.376s][info][gc             ] GC(240) Pause Young (Allocation Failure) 131M->10M(485M) 1.155ms
[20.376s][info][gc,cpu         ] GC(240) User=0.00s Sys=0.00s Real=0.00s
[20.437s][info][gc,start       ] GC(241) Pause Young (Allocation Failure)
[20.441s][info][gc,heap        ] GC(241) PSYoungGen: 125216K(147456K)->4480K(148992K) Eden: 124416K(124416K)->0K(129536K) From: 800K(23040K)->4480K(19456K)
[20.441s][info][gc,heap        ] GC(241) ParOldGen: 9768K(349696K)->10160K(349696K)
[20.441s][info][gc,metaspace   ] GC(241) Metaspace: 8598K(8832K)->8598K(8832K) NonClass: 7445K(7552K)->7445K(7552K) Class: 1153K(1280K)->1153K(1280K)
[20.441s][info][gc             ] GC(241) Pause Young (Allocation Failure) 131M->14M(487M) 3.156ms
[20.441s][info][gc,cpu         ] GC(241) User=0.00s Sys=0.00s Real=0.00s
[20.501s][info][gc,start       ] GC(242) Pause Young (Allocation Failure)
[20.505s][info][gc,heap        ] GC(242) PSYoungGen: 134016K(148992K)->864K(150016K) Eden: 129536K(129536K)->0K(129536K) From: 4480K(19456K)->864K(20480K)
[20.505s][info][gc,heap        ] GC(242) ParOldGen: 10160K(349696K)->14200K(349696K)
[20.505s][info][gc,metaspace   ] GC(242) Metaspace: 8598K(8832K)->8598K(8832K) NonClass: 7445K(7552K)->7445K(7552K) Class: 1153K(1280K)->1153K(1280K)
[20.505s][info][gc             ] GC(242) Pause Young (Allocation Failure) 140M->14M(488M) 3.959ms
[20.505s][info][gc,cpu         ] GC(242) User=0.00s Sys=0.00s Real=0.00s
[20.577s][info][gc,start       ] GC(243) Pause Young (Allocation Failure)
[20.578s][info][gc,heap        ] GC(243) PSYoungGen: 130400K(150016K)->800K(153088K) Eden: 129536K(129536K)->0K(134656K) From: 864K(20480K)->800K(18432K)
[20.578s][info][gc,heap        ] GC(243) ParOldGen: 14200K(349696K)->14840K(349696K)
[20.578s][info][gc,metaspace   ] GC(243) Metaspace: 8598K(8832K)->8598K(8832K) NonClass: 7445K(7552K)->7445K(7552K) Class: 1153K(1280K)->1153K(1280K)
[20.578s][info][gc             ] GC(243) Pause Young (Allocation Failure) 141M->15M(491M) 1.374ms
[20.578s][info][gc,cpu         ] GC(243) User=0.00s Sys=0.00s Real=0.00s
[20.667s][info][gc,start       ] GC(244) Pause Young (Allocation Failure)
[20.673s][info][gc,heap        ] GC(244) PSYoungGen: 135456K(153088K)->9024K(153600K) Eden: 134656K(134656K)->0K(134656K) From: 800K(18432K)->9024K(18944K)
[20.673s][info][gc,heap        ] GC(244) ParOldGen: 14840K(349696K)->15240K(349696K)
[20.673s][info][gc,metaspace   ] GC(244) Metaspace: 8598K(8832K)->8598K(8832K) NonClass: 7445K(7552K)->7445K(7552K) Class: 1153K(1280K)->1153K(1280K)
[20.673s][info][gc             ] GC(244) Pause Young (Allocation Failure) 146M->23M(491M) 5.457ms
[20.673s][info][gc,cpu         ] GC(244) User=0.00s Sys=0.00s Real=0.00s
[20.736s][info][gc,start       ] GC(245) Pause Young (Allocation Failure)
[20.744s][info][gc,heap        ] GC(245) PSYoungGen: 143680K(153600K)->928K(154624K) Eden: 134656K(134656K)->0K(136704K) From: 9024K(18944K)->928K(17920K)
[20.744s][info][gc,heap        ] GC(245) ParOldGen: 15240K(349696K)->23880K(349696K)
[20.744s][info][gc,metaspace   ] GC(245) Metaspace: 8598K(8832K)->8598K(8832K) NonClass: 7445K(7552K)->7445K(7552K) Class: 1153K(1280K)->1153K(1280K)
[20.744s][info][gc             ] GC(245) Pause Young (Allocation Failure) 155M->24M(492M) 7.670ms
[20.744s][info][gc,cpu         ] GC(245) User=0.00s Sys=0.00s Real=0.00s
[20.806s][info][gc,start       ] GC(246) Pause Young (Allocation Failure)
[20.807s][info][gc,heap        ] GC(246) PSYoungGen: 137632K(154624K)->800K(155136K) Eden: 136704K(136704K)->0K(136704K) From: 928K(17920K)->800K(18432K)
[20.807s][info][gc,heap        ] GC(246) ParOldGen: 23880K(349696K)->24528K(349696K)
[20.807s][info][gc,metaspace   ] GC(246) Metaspace: 8598K(8832K)->8598K(8832K) NonClass: 7445K(7552K)->7445K(7552K) Class: 1153K(1280K)->1153K(1280K)
[20.807s][info][gc             ] GC(246) Pause Young (Allocation Failure) 157M->24M(493M) 1.251ms
[20.808s][info][gc,cpu         ] GC(246) User=0.17s Sys=0.00s Real=0.02s
[20.877s][info][gc,start       ] GC(247) Pause Young (Allocation Failure)
[20.879s][info][gc,heap        ] GC(247) PSYoungGen: 137504K(155136K)->4064K(154624K) Eden: 136704K(136704K)->0K(138752K) From: 800K(18432K)->4064K(15872K)
[20.879s][info][gc,heap        ] GC(247) ParOldGen: 24528K(349696K)->24872K(349696K)
[20.879s][info][gc,metaspace   ] GC(247) Metaspace: 8598K(8832K)->8598K(8832K) NonClass: 7445K(7552K)->7445K(7552K) Class: 1153K(1280K)->1153K(1280K)
[20.879s][info][gc             ] GC(247) Pause Young (Allocation Failure) 158M->28M(492M) 2.184ms
[20.879s][info][gc,cpu         ] GC(247) User=0.00s Sys=0.00s Real=0.00s
[20.941s][info][gc,start       ] GC(248) Pause Young (Allocation Failure)
[20.945s][info][gc,heap        ] GC(248) PSYoungGen: 142816K(154624K)->1456K(155136K) Eden: 138752K(138752K)->0K(138752K) From: 4064K(15872K)->1456K(16384K)
[20.945s][info][gc,heap        ] GC(248) ParOldGen: 24872K(349696K)->28576K(349696K)
[20.945s][info][gc,metaspace   ] GC(248) Metaspace: 8598K(8832K)->8598K(8832K) NonClass: 7445K(7552K)->7445K(7552K) Class: 1153K(1280K)->1153K(1280K)
[20.945s][info][gc             ] GC(248) Pause Young (Allocation Failure) 163M->29M(493M) 3.698ms
[20.945s][info][gc,cpu         ] GC(248) User=0.00s Sys=0.00s Real=0.00s
[21.007s][info][gc,start       ] GC(249) Pause Young (Allocation Failure)
[21.009s][info][gc,heap        ] GC(249) PSYoungGen: 140208K(155136K)->800K(157696K) Eden: 138752K(138752K)->0K(142848K) From: 1456K(16384K)->800K(14848K)
[21.009s][info][gc,heap        ] GC(249) ParOldGen: 28576K(349696K)->29712K(349696K)
[21.009s][info][gc,metaspace   ] GC(249) Metaspace: 8598K(8832K)->8598K(8832K) NonClass: 7445K(7552K)->7445K(7552K) Class: 1153K(1280K)->1153K(1280K)
[21.009s][info][gc             ] GC(249) Pause Young (Allocation Failure) 164M->29M(495M) 2.017ms
[21.009s][info][gc,cpu         ] GC(249) User=0.00s Sys=0.00s Real=0.00s
[21.080s][info][gc,start       ] GC(250) Pause Young (Allocation Failure)
[21.083s][info][gc,heap        ] GC(250) PSYoungGen: 143648K(157696K)->4608K(157696K) Eden: 142848K(142848K)->0K(142848K) From: 800K(14848K)->4608K(14848K)
[21.083s][info][gc,heap        ] GC(250) ParOldGen: 29712K(349696K)->30032K(349696K)
[21.083s][info][gc,metaspace   ] GC(250) Metaspace: 8598K(8832K)->8598K(8832K) NonClass: 7445K(7552K)->7445K(7552K) Class: 1153K(1280K)->1153K(1280K)
[21.083s][info][gc             ] GC(250) Pause Young (Allocation Failure) 169M->33M(495M) 3.043ms
[21.083s][info][gc,cpu         ] GC(250) User=0.00s Sys=0.00s Real=0.00s
[21.147s][info][gc,start       ] GC(251) Pause Young (Allocation Failure)
[21.151s][info][gc,heap        ] GC(251) PSYoungGen: 147456K(157696K)->768K(158208K) Eden: 142848K(142848K)->0K(145408K) From: 4608K(14848K)->768K(12800K)
[21.151s][info][gc,heap        ] GC(251) ParOldGen: 30032K(349696K)->34432K(349696K)
[21.151s][info][gc,metaspace   ] GC(251) Metaspace: 8598K(8832K)->8598K(8832K) NonClass: 7445K(7552K)->7445K(7552K) Class: 1153K(1280K)->1153K(1280K)
[21.151s][info][gc             ] GC(251) Pause Young (Allocation Failure) 173M->34M(496M) 4.234ms
[21.151s][info][gc,cpu         ] GC(251) User=0.17s Sys=0.00s Real=0.02s
[21.216s][info][gc,start       ] GC(252) Pause Young (Allocation Failure)
[21.217s][info][gc,heap        ] GC(252) PSYoungGen: 146176K(158208K)->896K(158720K) Eden: 145408K(145408K)->0K(145408K) From: 768K(12800K)->896K(13312K)
[21.217s][info][gc,heap        ] GC(252) ParOldGen: 34432K(349696K)->34776K(349696K)
[21.217s][info][gc,metaspace   ] GC(252) Metaspace: 8598K(8832K)->8598K(8832K) NonClass: 7445K(7552K)->7445K(7552K) Class: 1153K(1280K)->1153K(1280K)
[21.217s][info][gc             ] GC(252) Pause Young (Allocation Failure) 176M->34M(496M) 1.338ms
[21.218s][info][gc,cpu         ] GC(252) User=0.00s Sys=0.00s Real=0.00s
[21.297s][info][gc,start       ] GC(253) Pause Young (Allocation Failure)
[21.302s][info][gc,heap        ] GC(253) PSYoungGen: 146304K(158720K)->8928K(158720K) Eden: 145408K(145408K)->0K(145920K) From: 896K(13312K)->8928K(12800K)
[21.302s][info][gc,heap        ] GC(253) ParOldGen: 34776K(349696K)->35464K(349696K)
[21.302s][info][gc,metaspace   ] GC(253) Metaspace: 8598K(8832K)->8598K(8832K) NonClass: 7445K(7552K)->7445K(7552K) Class: 1153K(1280K)->1153K(1280K)
[21.302s][info][gc             ] GC(253) Pause Young (Allocation Failure) 176M->43M(496M) 5.373ms
[21.302s][info][gc,cpu         ] GC(253) User=0.00s Sys=0.00s Real=0.00s
[21.384s][info][gc,start       ] GC(254) Pause Young (Allocation Failure)
[21.391s][info][gc,heap        ] GC(254) PSYoungGen: 154848K(158720K)->976K(160256K) Eden: 145920K(145920K)->0K(145920K) From: 8928K(12800K)->976K(14336K)
[21.391s][info][gc,heap        ] GC(254) ParOldGen: 35464K(349696K)->44040K(349696K)
[21.391s][info][gc,metaspace   ] GC(254) Metaspace: 8598K(8832K)->8598K(8832K) NonClass: 7445K(7552K)->7445K(7552K) Class: 1153K(1280K)->1153K(1280K)
[21.391s][info][gc             ] GC(254) Pause Young (Allocation Failure) 185M->43M(498M) 7.857ms
[21.391s][info][gc,cpu         ] GC(254) User=0.17s Sys=0.00s Real=0.02s
[21.468s][info][gc,start       ] GC(255) Pause Young (Allocation Failure)
[21.470s][info][gc,heap        ] GC(255) PSYoungGen: 146896K(160256K)->768K(158720K) Eden: 145920K(145920K)->0K(146944K) From: 976K(14336K)->768K(11776K)
[21.470s][info][gc,heap        ] GC(255) ParOldGen: 44040K(349696K)->44704K(349696K)
[21.470s][info][gc,metaspace   ] GC(255) Metaspace: 8598K(8832K)->8598K(8832K) NonClass: 7445K(7552K)->7445K(7552K) Class: 1153K(1280K)->1153K(1280K)
[21.470s][info][gc             ] GC(255) Pause Young (Allocation Failure) 186M->44M(496M) 1.329ms
[21.470s][info][gc,cpu         ] GC(255) User=0.00s Sys=0.00s Real=0.00s
[21.544s][info][gc,start       ] GC(256) Pause Young (Allocation Failure)
[21.547s][info][gc,heap        ] GC(256) PSYoungGen: 147712K(158720K)->4800K(159744K) Eden: 146944K(146944K)->0K(146944K) From: 768K(11776K)->4800K(12800K)
[21.547s][info][gc,heap        ] GC(256) ParOldGen: 44704K(349696K)->45032K(349696K)
[21.547s][info][gc,metaspace   ] GC(256) Metaspace: 8598K(8832K)->8598K(8832K) NonClass: 7445K(7552K)->7445K(7552K) Class: 1153K(1280K)->1153K(1280K)
[21.547s][info][gc             ] GC(256) Pause Young (Allocation Failure) 187M->48M(497M) 2.775ms
[21.547s][info][gc,cpu         ] GC(256) User=0.00s Sys=0.00s Real=0.00s
[21.616s][info][gc,start       ] GC(257) Pause Young (Allocation Failure)
[21.620s][info][gc,heap        ] GC(257) PSYoungGen: 151744K(159744K)->736K(160768K) Eden: 146944K(146944K)->0K(148992K) From: 4800K(12800K)->736K(11776K)
[21.620s][info][gc,heap        ] GC(257) ParOldGen: 45032K(349696K)->49560K(349696K)
[21.620s][info][gc,metaspace   ] GC(257) Metaspace: 8598K(8832K)->8598K(8832K) NonClass: 7445K(7552K)->7445K(7552K) Class: 1153K(1280K)->1153K(1280K)
[21.620s][info][gc             ] GC(257) Pause Young (Allocation Failure) 192M->49M(498M) 4.286ms
[21.620s][info][gc,cpu         ] GC(257) User=0.17s Sys=0.00s Real=0.02s
[21.692s][info][gc,start       ] GC(258) Pause Young (Allocation Failure)
[21.694s][info][gc,heap        ] GC(258) PSYoungGen: 149728K(160768K)->992K(161280K) Eden: 148992K(148992K)->0K(148992K) From: 736K(11776K)->992K(12288K)
[21.694s][info][gc,heap        ] GC(258) ParOldGen: 49560K(349696K)->49880K(349696K)
[21.694s][info][gc,metaspace   ] GC(258) Metaspace: 8598K(8832K)->8598K(8832K) NonClass: 7445K(7552K)->7445K(7552K) Class: 1153K(1280K)->1153K(1280K)
[21.694s][info][gc             ] GC(258) Pause Young (Allocation Failure) 194M->49M(499M) 1.550ms
[21.694s][info][gc,cpu         ] GC(258) User=0.00s Sys=0.00s Real=0.00s
[21.770s][info][gc,start       ] GC(259) Pause Young (Allocation Failure)
[21.773s][info][gc,heap        ] GC(259) PSYoungGen: 149984K(161280K)->4416K(161280K) Eden: 148992K(148992K)->0K(150528K) From: 992K(12288K)->4416K(10752K)
[21.773s][info][gc,heap        ] GC(259) ParOldGen: 49880K(349696K)->50560K(349696K)
[21.773s][info][gc,metaspace   ] GC(259) Metaspace: 8598K(8832K)->8598K(8832K) NonClass: 7445K(7552K)->7445K(7552K) Class: 1153K(1280K)->1153K(1280K)
[21.773s][info][gc             ] GC(259) Pause Young (Allocation Failure) 195M->53M(499M) 2.918ms
[21.773s][info][gc,cpu         ] GC(259) User=0.00s Sys=0.00s Real=0.00s
[21.846s][info][gc,start       ] GC(260) Pause Young (Allocation Failure)
[21.850s][info][gc,heap        ] GC(260) PSYoungGen: 154944K(161280K)->960K(161792K) Eden: 150528K(150528K)->0K(150528K) From: 4416K(10752K)->960K(11264K)
[21.850s][info][gc,heap        ] GC(260) ParOldGen: 50560K(349696K)->54600K(349696K)
[21.850s][info][gc,metaspace   ] GC(260) Metaspace: 8598K(8832K)->8598K(8832K) NonClass: 7445K(7552K)->7445K(7552K) Class: 1153K(1280K)->1153K(1280K)
[21.850s][info][gc             ] GC(260) Pause Young (Allocation Failure) 200M->54M(499M) 4.110ms
[21.850s][info][gc,cpu         ] GC(260) User=0.00s Sys=0.00s Real=0.00s
[21.922s][info][gc,start       ] GC(261) Pause Young (Allocation Failure)
[21.923s][info][gc,heap        ] GC(261) PSYoungGen: 151488K(161792K)->896K(162304K) Eden: 150528K(150528K)->0K(152576K) From: 960K(11264K)->896K(9728K)
[21.923s][info][gc,heap        ] GC(261) ParOldGen: 54600K(349696K)->55232K(349696K)
[21.923s][info][gc,metaspace   ] GC(261) Metaspace: 8598K(8832K)->8598K(8832K) NonClass: 7445K(7552K)->7445K(7552K) Class: 1153K(1280K)->1153K(1280K)
[21.923s][info][gc             ] GC(261) Pause Young (Allocation Failure) 201M->54M(500M) 1.487ms
[21.923s][info][gc,cpu         ] GC(261) User=0.00s Sys=0.00s Real=0.00s
[22.027s][info][gc,start       ] GC(262) Pause Young (Allocation Failure)
[22.039s][info][gc,heap        ] GC(262) PSYoungGen: 153472K(162304K)->10208K(162816K) Eden: 152576K(152576K)->0K(152576K) From: 896K(9728K)->10208K(10240K)
[22.039s][info][gc,heap        ] GC(262) ParOldGen: 55232K(349696K)->63336K(349696K)
[22.039s][info][gc,metaspace   ] GC(262) Metaspace: 8598K(8832K)->8598K(8832K) NonClass: 7445K(7552K)->7445K(7552K) Class: 1153K(1280K)->1153K(1280K)
[22.039s][info][gc             ] GC(262) Pause Young (Allocation Failure) 203M->71M(500M) 12.177ms
[22.039s][info][gc,cpu         ] GC(262) User=0.00s Sys=0.00s Real=0.00s
[22.110s][info][gc,start       ] GC(263) Pause Young (Allocation Failure)
[22.118s][info][gc,heap        ] GC(263) PSYoungGen: 162784K(162816K)->864K(156672K) Eden: 152576K(152576K)->0K(144896K) From: 10208K(10240K)->864K(11776K)
[22.118s][info][gc,heap        ] GC(263) ParOldGen: 63336K(349696K)->73472K(349696K)
[22.118s][info][gc,metaspace   ] GC(263) Metaspace: 8598K(8832K)->8598K(8832K) NonClass: 7445K(7552K)->7445K(7552K) Class: 1153K(1280K)->1153K(1280K)
[22.118s][info][gc             ] GC(263) Pause Young (Allocation Failure) 220M->72M(494M) 7.898ms
[22.118s][info][gc,cpu         ] GC(263) User=0.00s Sys=0.00s Real=0.00s
[22.198s][info][gc,start       ] GC(264) Pause Young (Allocation Failure)
[22.200s][info][gc,heap        ] GC(264) PSYoungGen: 145760K(156672K)->1024K(159744K) Eden: 144896K(144896K)->0K(144896K) From: 864K(11776K)->1024K(14848K)
[22.200s][info][gc,heap        ] GC(264) ParOldGen: 73472K(349696K)->73792K(349696K)
[22.200s][info][gc,metaspace   ] GC(264) Metaspace: 8598K(8832K)->8598K(8832K) NonClass: 7445K(7552K)->7445K(7552K) Class: 1153K(1280K)->1153K(1280K)
[22.200s][info][gc             ] GC(264) Pause Young (Allocation Failure) 214M->73M(497M) 1.422ms
[22.200s][info][gc,cpu         ] GC(264) User=0.00s Sys=0.00s Real=0.00s
[22.289s][info][gc,start       ] GC(265) Pause Young (Allocation Failure)
[22.292s][info][gc,heap        ] GC(265) PSYoungGen: 145920K(159744K)->4640K(158208K) Eden: 144896K(144896K)->0K(145408K) From: 1024K(14848K)->4640K(12800K)
[22.292s][info][gc,heap        ] GC(265) ParOldGen: 73792K(349696K)->74496K(349696K)
[22.292s][info][gc,metaspace   ] GC(265) Metaspace: 8598K(8832K)->8598K(8832K) NonClass: 7445K(7552K)->7445K(7552K) Class: 1153K(1280K)->1153K(1280K)
[22.292s][info][gc             ] GC(265) Pause Young (Allocation Failure) 214M->77M(496M) 3.012ms
[22.292s][info][gc,cpu         ] GC(265) User=0.17s Sys=0.00s Real=0.02s
[22.360s][info][gc,start       ] GC(266) Pause Young (Allocation Failure)
[22.364s][info][gc,heap        ] GC(266) PSYoungGen: 150048K(158208K)->960K(159232K) Eden: 145408K(145408K)->0K(145408K) From: 4640K(12800K)->960K(13824K)
[22.364s][info][gc,heap        ] GC(266) ParOldGen: 74496K(349696K)->78648K(349696K)
[22.364s][info][gc,metaspace   ] GC(266) Metaspace: 8598K(8832K)->8598K(8832K) NonClass: 7445K(7552K)->7445K(7552K) Class: 1153K(1280K)->1153K(1280K)
[22.364s][info][gc             ] GC(266) Pause Young (Allocation Failure) 219M->77M(497M) 4.313ms
[22.364s][info][gc,cpu         ] GC(266) User=0.00s Sys=0.00s Real=0.00s
[22.431s][info][gc,start       ] GC(267) Pause Young (Allocation Failure)
[22.433s][info][gc,heap        ] GC(267) PSYoungGen: 146368K(159232K)->832K(159232K) Eden: 145408K(145408K)->0K(147456K) From: 960K(13824K)->832K(11776K)
[22.433s][info][gc,heap        ] GC(267) ParOldGen: 78648K(349696K)->79272K(349696K)
[22.433s][info][gc,metaspace   ] GC(267) Metaspace: 8598K(8832K)->8598K(8832K) NonClass: 7445K(7552K)->7445K(7552K) Class: 1153K(1280K)->1153K(1280K)
[22.433s][info][gc             ] GC(267) Pause Young (Allocation Failure) 219M->78M(497M) 2.288ms
[22.433s][info][gc,cpu         ] GC(267) User=0.17s Sys=0.00s Real=0.02s
[22.510s][info][gc,start       ] GC(268) Pause Young (Allocation Failure)
[22.513s][info][gc,heap        ] GC(268) PSYoungGen: 148288K(159232K)->4592K(160256K) Eden: 147456K(147456K)->0K(147456K) From: 832K(11776K)->4592K(12800K)
[22.514s][info][gc,heap        ] GC(268) ParOldGen: 79272K(349696K)->79680K(349696K)
[22.514s][info][gc,metaspace   ] GC(268) Metaspace: 8598K(8832K)->8598K(8832K) NonClass: 7445K(7552K)->7445K(7552K) Class: 1153K(1280K)->1153K(1280K)
[22.514s][info][gc             ] GC(268) Pause Young (Allocation Failure) 222M->82M(498M) 3.659ms
[22.514s][info][gc,cpu         ] GC(268) User=0.00s Sys=0.00s Real=0.00s
[22.580s][info][gc,start       ] GC(269) Pause Young (Allocation Failure)
[22.584s][info][gc,heap        ] GC(269) PSYoungGen: 152048K(160256K)->864K(160256K) Eden: 147456K(147456K)->0K(149504K) From: 4592K(12800K)->864K(10752K)
[22.584s][info][gc,heap        ] GC(269) ParOldGen: 79680K(349696K)->84016K(349696K)
[22.584s][info][gc,metaspace   ] GC(269) Metaspace: 8598K(8832K)->8598K(8832K) NonClass: 7445K(7552K)->7445K(7552K) Class: 1153K(1280K)->1153K(1280K)
[22.584s][info][gc             ] GC(269) Pause Young (Allocation Failure) 226M->82M(498M) 4.573ms
[22.584s][info][gc,cpu         ] GC(269) User=0.00s Sys=0.00s Real=0.00s
[22.680s][info][gc,start       ] GC(270) Pause Young (Allocation Failure)
[22.686s][info][gc,heap        ] GC(270) PSYoungGen: 150368K(160256K)->9184K(161280K) Eden: 149504K(149504K)->0K(149504K) From: 864K(10752K)->9184K(11776K)
[22.686s][info][gc,heap        ] GC(270) ParOldGen: 84016K(349696K)->84344K(349696K)
[22.686s][info][gc,metaspace   ] GC(270) Metaspace: 8598K(8832K)->8598K(8832K) NonClass: 7445K(7552K)->7445K(7552K) Class: 1153K(1280K)->1153K(1280K)
[22.686s][info][gc             ] GC(270) Pause Young (Allocation Failure) 228M->91M(499M) 5.748ms
[22.686s][info][gc,cpu         ] GC(270) User=0.17s Sys=0.00s Real=0.02s
[22.769s][info][gc,start       ] GC(271) Pause Young (Allocation Failure)
[22.777s][info][gc,heap        ] GC(271) PSYoungGen: 158688K(161280K)->896K(161792K) Eden: 149504K(149504K)->0K(148480K) From: 9184K(11776K)->896K(13312K)
[22.777s][info][gc,heap        ] GC(271) ParOldGen: 84344K(349696K)->93272K(349696K)
[22.777s][info][gc,metaspace   ] GC(271) Metaspace: 8598K(8832K)->8598K(8832K) NonClass: 7445K(7552K)->7445K(7552K) Class: 1153K(1280K)->1153K(1280K)
[22.777s][info][gc             ] GC(271) Pause Young (Allocation Failure) 237M->91M(499M) 8.288ms
[22.777s][info][gc,cpu         ] GC(271) User=0.17s Sys=0.00s Real=0.02s
[22.843s][info][gc,start       ] GC(272) Pause Young (Allocation Failure)
[22.845s][info][gc,heap        ] GC(272) PSYoungGen: 149376K(161792K)->1024K(150016K) Eden: 148480K(148480K)->0K(148480K) From: 896K(13312K)->1024K(1536K)
[22.845s][info][gc,heap        ] GC(272) ParOldGen: 93272K(349696K)->93632K(349696K)
[22.845s][info][gc,metaspace   ] GC(272) Metaspace: 8598K(8832K)->8598K(8832K) NonClass: 7445K(7552K)->7445K(7552K) Class: 1153K(1280K)->1153K(1280K)
[22.845s][info][gc             ] GC(272) Pause Young (Allocation Failure) 236M->92M(488M) 1.366ms
[22.845s][info][gc,cpu         ] GC(272) User=0.00s Sys=0.00s Real=0.00s
[22.919s][info][gc,start       ] GC(273) Pause Young (Allocation Failure)
[22.922s][info][gc,heap        ] GC(273) PSYoungGen: 149504K(150016K)->4768K(161280K) Eden: 148480K(148480K)->0K(148992K) From: 1024K(1536K)->4768K(12288K)
[22.922s][info][gc,heap        ] GC(273) ParOldGen: 93632K(349696K)->94272K(349696K)
[22.922s][info][gc,metaspace   ] GC(273) Metaspace: 8598K(8832K)->8598K(8832K) NonClass: 7445K(7552K)->7445K(7552K) Class: 1153K(1280K)->1153K(1280K)
[22.922s][info][gc             ] GC(273) Pause Young (Allocation Failure) 237M->96M(499M) 2.936ms
[22.922s][info][gc,cpu         ] GC(273) User=0.00s Sys=0.00s Real=0.00s
[22.989s][info][gc,start       ] GC(274) Pause Young (Allocation Failure)
[22.993s][info][gc,heap        ] GC(274) PSYoungGen: 153760K(161280K)->928K(160768K) Eden: 148992K(148992K)->0K(148992K) From: 4768K(12288K)->928K(11776K)
[22.993s][info][gc,heap        ] GC(274) ParOldGen: 94272K(349696K)->98528K(349696K)
[22.993s][info][gc,metaspace   ] GC(274) Metaspace: 8598K(8832K)->8598K(8832K) NonClass: 7445K(7552K)->7445K(7552K) Class: 1153K(1280K)->1153K(1280K)
[22.993s][info][gc             ] GC(274) Pause Young (Allocation Failure) 242M->97M(498M) 4.456ms
[22.993s][info][gc,cpu         ] GC(274) User=0.00s Sys=0.00s Real=0.00s
[23.060s][info][gc,start       ] GC(275) Pause Young (Allocation Failure)
[23.061s][info][gc,heap        ] GC(275) PSYoungGen: 149920K(160768K)->928K(161792K) Eden: 148992K(148992K)->0K(150528K) From: 928K(11776K)->928K(11264K)
[23.062s][info][gc,heap        ] GC(275) ParOldGen: 98528K(349696K)->99112K(349696K)
[23.062s][info][gc,metaspace   ] GC(275) Metaspace: 8598K(8832K)->8598K(8832K) NonClass: 7445K(7552K)->7445K(7552K) Class: 1153K(1280K)->1153K(1280K)
[23.062s][info][gc             ] GC(275) Pause Young (Allocation Failure) 242M->97M(499M) 1.779ms
[23.062s][info][gc,cpu         ] GC(275) User=0.00s Sys=0.00s Real=0.00s
[23.134s][info][gc,start       ] GC(276) Pause Young (Allocation Failure)
[23.139s][info][gc,heap        ] GC(276) PSYoungGen: 151456K(161792K)->4384K(161792K) Eden: 150528K(150528K)->0K(150528K) From: 928K(11264K)->4384K(11264K)
[23.139s][info][gc,heap        ] GC(276) ParOldGen: 99112K(349696K)->99816K(349696K)
[23.139s][info][gc,metaspace   ] GC(276) Metaspace: 8598K(8832K)->8598K(8832K) NonClass: 7445K(7552K)->7445K(7552K) Class: 1153K(1280K)->1153K(1280K)
[23.139s][info][gc             ] GC(276) Pause Young (Allocation Failure) 244M->101M(499M) 5.382ms
[23.139s][info][gc,cpu         ] GC(276) User=0.19s Sys=0.00s Real=0.02s
[23.212s][info][gc,start       ] GC(277) Pause Young (Allocation Failure)
[23.215s][info][gc,heap        ] GC(277) PSYoungGen: 154912K(161792K)->928K(162816K) Eden: 150528K(150528K)->0K(152576K) From: 4384K(11264K)->928K(10240K)
[23.216s][info][gc,heap        ] GC(277) ParOldGen: 99816K(349696K)->103849K(349696K)
[23.216s][info][gc,metaspace   ] GC(277) Metaspace: 8598K(8832K)->8598K(8832K) NonClass: 7445K(7552K)->7445K(7552K) Class: 1153K(1280K)->1153K(1280K)
[23.216s][info][gc             ] GC(277) Pause Young (Allocation Failure) 248M->102M(500M) 4.073ms
[23.216s][info][gc,cpu         ] GC(277) User=0.19s Sys=0.00s Real=0.02s
[23.283s][info][gc,start       ] GC(278) Pause Young (Allocation Failure)
[23.285s][info][gc,heap        ] GC(278) PSYoungGen: 153504K(162816K)->832K(162816K) Eden: 152576K(152576K)->0K(152576K) From: 928K(10240K)->832K(10240K)
[23.285s][info][gc,heap        ] GC(278) ParOldGen: 103849K(349696K)->104481K(349696K)
[23.285s][info][gc,metaspace   ] GC(278) Metaspace: 8598K(8832K)->8598K(8832K) NonClass: 7445K(7552K)->7445K(7552K) Class: 1153K(1280K)->1153K(1280K)
[23.285s][info][gc             ] GC(278) Pause Young (Allocation Failure) 251M->102M(500M) 1.636ms
[23.285s][info][gc,cpu         ] GC(278) User=0.00s Sys=0.00s Real=0.00s
[23.685s][info][gc,start       ] GC(279) Pause Young (System.gc())
[23.719s][info][gc,heap        ] GC(279) PSYoungGen: 137669K(162816K)->10208K(128512K) Eden: 136837K(152576K)->0K(118272K) From: 832K(10240K)->10208K(10240K)
[23.719s][info][gc,heap        ] GC(279) ParOldGen: 104481K(349696K)->147681K(349696K)
[23.719s][info][gc,metaspace   ] GC(279) Metaspace: 8598K(8832K)->8598K(8832K) NonClass: 7445K(7552K)->7445K(7552K) Class: 1153K(1280K)->1153K(1280K)
[23.719s][info][gc             ] GC(279) Pause Young (System.gc()) 236M->154M(467M) 33.542ms
[23.719s][info][gc,cpu         ] GC(279) User=0.38s Sys=0.00s Real=0.03s
[23.719s][info][gc,start       ] GC(280) Pause Full (System.gc())
[23.719s][info][gc,phases,start] GC(280) Marking Phase
[23.724s][info][gc,phases      ] GC(280) Marking Phase 5.380ms
[23.724s][info][gc,phases,start] GC(280) Summary Phase
[23.724s][info][gc,phases      ] GC(280) Summary Phase 0.013ms
[23.724s][info][gc,phases,start] GC(280) Adjust Roots
[23.726s][info][gc,phases      ] GC(280) Adjust Roots 1.102ms
[23.726s][info][gc,phases,start] GC(280) Compaction Phase
[23.727s][info][gc,phases      ] GC(280) Compaction Phase 1.188ms
[23.727s][info][gc,phases,start] GC(280) Post Compact
[23.728s][info][gc,phases      ] GC(280) Post Compact 0.827ms
[23.728s][info][gc,heap        ] GC(280) PSYoungGen: 10208K(128512K)->0K(128512K) Eden: 0K(118272K)->0K(118272K) From: 10208K(10240K)->0K(10240K)
[23.728s][info][gc,heap        ] GC(280) ParOldGen: 147681K(349696K)->3527K(349696K)
[23.728s][info][gc,metaspace   ] GC(280) Metaspace: 8598K(8832K)->8598K(8832K) NonClass: 7445K(7552K)->7445K(7552K) Class: 1153K(1280K)->1153K(1280K)
[23.728s][info][gc             ] GC(280) Pause Full (System.gc()) 154M->3M(467M) 8.642ms
[23.728s][info][gc,cpu         ] GC(280) User=0.00s Sys=0.00s Real=0.00s
[23.785s][info][gc,start       ] GC(281) Pause Young (Allocation Failure)
[23.785s][info][gc,heap        ] GC(281) PSYoungGen: 118272K(128512K)->736K(146432K) Eden: 118272K(118272K)->0K(118272K) From: 0K(10240K)->736K(28160K)
[23.785s][info][gc,heap        ] GC(281) ParOldGen: 3527K(349696K)->3527K(349696K)
[23.785s][info][gc,metaspace   ] GC(281) Metaspace: 8598K(8832K)->8598K(8832K) NonClass: 7445K(7552K)->7445K(7552K) Class: 1153K(1280K)->1153K(1280K)
[23.785s][info][gc             ] GC(281) Pause Young (Allocation Failure) 118M->4M(484M) 0.887ms
[23.786s][info][gc,cpu         ] GC(281) User=0.00s Sys=0.00s Real=0.00s
[23.838s][info][gc,start       ] GC(282) Pause Young (Allocation Failure)
[23.840s][info][gc,heap        ] GC(282) PSYoungGen: 119008K(146432K)->656K(143360K) Eden: 118272K(118272K)->0K(119296K) From: 736K(28160K)->656K(24064K)
[23.840s][info][gc,heap        ] GC(282) ParOldGen: 3527K(349696K)->3911K(349696K)
[23.840s][info][gc,metaspace   ] GC(282) Metaspace: 8598K(8832K)->8598K(8832K) NonClass: 7445K(7552K)->7445K(7552K) Class: 1153K(1280K)->1153K(1280K)
[23.840s][info][gc             ] GC(282) Pause Young (Allocation Failure) 119M->4M(481M) 1.666ms
[23.840s][info][gc,cpu         ] GC(282) User=0.00s Sys=0.00s Real=0.00s
[23.893s][info][gc,start       ] GC(283) Pause Young (Allocation Failure)
[23.894s][info][gc,heap        ] GC(283) PSYoungGen: 119952K(143360K)->800K(145408K) Eden: 119296K(119296K)->0K(119296K) From: 656K(24064K)->800K(26112K)
[23.894s][info][gc,heap        ] GC(283) ParOldGen: 3911K(349696K)->4255K(349696K)
[23.894s][info][gc,metaspace   ] GC(283) Metaspace: 8598K(8832K)->8598K(8832K) NonClass: 7445K(7552K)->7445K(7552K) Class: 1153K(1280K)->1153K(1280K)
[23.894s][info][gc             ] GC(283) Pause Young (Allocation Failure) 120M->4M(483M) 1.061ms
[23.894s][info][gc,cpu         ] GC(283) User=0.00s Sys=0.00s Real=0.00s
[23.947s][info][gc,start       ] GC(284) Pause Young (Allocation Failure)
[23.948s][info][gc,heap        ] GC(284) PSYoungGen: 120096K(145408K)->832K(145408K) Eden: 119296K(119296K)->0K(123392K) From: 800K(26112K)->832K(22016K)
[23.948s][info][gc,heap        ] GC(284) ParOldGen: 4255K(349696K)->4607K(349696K)
[23.948s][info][gc,metaspace   ] GC(284) Metaspace: 8598K(8832K)->8598K(8832K) NonClass: 7445K(7552K)->7445K(7552K) Class: 1153K(1280K)->1153K(1280K)
[23.948s][info][gc             ] GC(284) Pause Young (Allocation Failure) 121M->5M(483M) 1.262ms
[23.948s][info][gc,cpu         ] GC(284) User=0.00s Sys=0.00s Real=0.00s
[24.008s][info][gc,start       ] GC(285) Pause Young (Allocation Failure)
[24.011s][info][gc,heap        ] GC(285) PSYoungGen: 124224K(145408K)->4720K(147456K) Eden: 123392K(123392K)->0K(123392K) From: 832K(22016K)->4720K(24064K)
[24.011s][info][gc,heap        ] GC(285) ParOldGen: 4607K(349696K)->5007K(349696K)
[24.011s][info][gc,metaspace   ] GC(285) Metaspace: 8598K(8832K)->8598K(8832K) NonClass: 7445K(7552K)->7445K(7552K) Class: 1153K(1280K)->1153K(1280K)
[24.011s][info][gc             ] GC(285) Pause Young (Allocation Failure) 125M->9M(485M) 2.761ms
[24.011s][info][gc,cpu         ] GC(285) User=0.17s Sys=0.00s Real=0.02s
[24.067s][info][gc,start       ] GC(286) Pause Young (Allocation Failure)
[24.071s][info][gc,heap        ] GC(286) PSYoungGen: 128112K(147456K)->672K(147968K) Eden: 123392K(123392K)->0K(128000K) From: 4720K(24064K)->672K(19968K)
[24.071s][info][gc,heap        ] GC(286) ParOldGen: 5007K(349696K)->9447K(349696K)
[24.071s][info][gc,metaspace   ] GC(286) Metaspace: 8598K(8832K)->8598K(8832K) NonClass: 7445K(7552K)->7445K(7552K) Class: 1153K(1280K)->1153K(1280K)
[24.071s][info][gc             ] GC(286) Pause Young (Allocation Failure) 129M->9M(486M) 4.324ms
[24.071s][info][gc,cpu         ] GC(286) User=0.00s Sys=0.00s Real=0.00s
[24.128s][info][gc,start       ] GC(287) Pause Young (Allocation Failure)
[24.129s][info][gc,heap        ] GC(287) PSYoungGen: 128672K(147968K)->832K(149504K) Eden: 128000K(128000K)->0K(128000K) From: 672K(19968K)->832K(21504K)
[24.129s][info][gc,heap        ] GC(287) ParOldGen: 9447K(349696K)->9783K(349696K)
[24.129s][info][gc,metaspace   ] GC(287) Metaspace: 8598K(8832K)->8598K(8832K) NonClass: 7445K(7552K)->7445K(7552K) Class: 1153K(1280K)->1153K(1280K)
[24.129s][info][gc             ] GC(287) Pause Young (Allocation Failure) 134M->10M(487M) 1.213ms
[24.129s][info][gc,cpu         ] GC(287) User=0.00s Sys=0.00s Real=0.00s
[24.193s][info][gc,start       ] GC(288) Pause Young (Allocation Failure)
[24.196s][info][gc,heap        ] GC(288) PSYoungGen: 128832K(149504K)->4512K(149504K) Eden: 128000K(128000K)->0K(132608K) From: 832K(21504K)->4512K(16896K)
[24.196s][info][gc,heap        ] GC(288) ParOldGen: 9783K(349696K)->10175K(349696K)
[24.196s][info][gc,metaspace   ] GC(288) Metaspace: 8598K(8832K)->8598K(8832K) NonClass: 7445K(7552K)->7445K(7552K) Class: 1153K(1280K)->1153K(1280K)
[24.196s][info][gc             ] GC(288) Pause Young (Allocation Failure) 135M->14M(487M) 3.214ms
[24.196s][info][gc,cpu         ] GC(288) User=0.00s Sys=0.00s Real=0.00s
[24.255s][info][gc,start       ] GC(289) Pause Young (Allocation Failure)
[24.259s][info][gc,heap        ] GC(289) PSYoungGen: 137120K(149504K)->640K(151552K) Eden: 132608K(132608K)->0K(132608K) From: 4512K(16896K)->640K(18944K)
[24.259s][info][gc,heap        ] GC(289) ParOldGen: 10175K(349696K)->14488K(349696K)
[24.259s][info][gc,metaspace   ] GC(289) Metaspace: 8598K(8832K)->8598K(8832K) NonClass: 7445K(7552K)->7445K(7552K) Class: 1153K(1280K)->1153K(1280K)
[24.259s][info][gc             ] GC(289) Pause Young (Allocation Failure) 143M->14M(489M) 4.289ms
[24.259s][info][gc,cpu         ] GC(289) User=0.17s Sys=0.00s Real=0.02s
[24.338s][info][gc,start       ] GC(290) Pause Young (Allocation Failure)
[24.339s][info][gc,heap        ] GC(290) PSYoungGen: 133248K(151552K)->800K(153088K) Eden: 132608K(132608K)->0K(137216K) From: 640K(18944K)->800K(15872K)
[24.339s][info][gc,heap        ] GC(290) ParOldGen: 14488K(349696K)->14824K(349696K)
[24.339s][info][gc,metaspace   ] GC(290) Metaspace: 8598K(8832K)->8598K(8832K) NonClass: 7445K(7552K)->7445K(7552K) Class: 1153K(1280K)->1153K(1280K)
[24.339s][info][gc             ] GC(290) Pause Young (Allocation Failure) 144M->15M(491M) 1.294ms
[24.339s][info][gc,cpu         ] GC(290) User=0.00s Sys=0.00s Real=0.00s
[24.429s][info][gc,start       ] GC(291) Pause Young (Allocation Failure)
[24.434s][info][gc,heap        ] GC(291) PSYoungGen: 138016K(153088K)->9200K(154624K) Eden: 137216K(137216K)->0K(137216K) From: 800K(15872K)->9200K(17408K)
[24.434s][info][gc,heap        ] GC(291) ParOldGen: 14824K(349696K)->15232K(349696K)
[24.434s][info][gc,metaspace   ] GC(291) Metaspace: 8598K(8832K)->8598K(8832K) NonClass: 7445K(7552K)->7445K(7552K) Class: 1153K(1280K)->1153K(1280K)
[24.434s][info][gc             ] GC(291) Pause Young (Allocation Failure) 149M->23M(492M) 5.783ms
[24.434s][info][gc,cpu         ] GC(291) User=0.17s Sys=0.00s Real=0.02s
[24.505s][info][gc,start       ] GC(292) Pause Young (Allocation Failure)
[24.513s][info][gc,heap        ] GC(292) PSYoungGen: 146416K(154624K)->736K(156672K) Eden: 137216K(137216K)->0K(139264K) From: 9200K(17408K)->736K(17408K)
[24.513s][info][gc,heap        ] GC(292) ParOldGen: 15232K(349696K)->24200K(349696K)
[24.513s][info][gc,metaspace   ] GC(292) Metaspace: 8598K(8832K)->8598K(8832K) NonClass: 7445K(7552K)->7445K(7552K) Class: 1153K(1280K)->1153K(1280K)
[24.513s][info][gc             ] GC(292) Pause Young (Allocation Failure) 157M->24M(494M) 7.931ms
[24.513s][info][gc,cpu         ] GC(292) User=0.17s Sys=0.00s Real=0.02s
[24.581s][info][gc,start       ] GC(293) Pause Young (Allocation Failure)
[24.582s][info][gc,heap        ] GC(293) PSYoungGen: 140000K(156672K)->832K(140288K) Eden: 139264K(139264K)->0K(139264K) From: 736K(17408K)->832K(1024K)
[24.582s][info][gc,heap        ] GC(293) ParOldGen: 24200K(349696K)->24528K(349696K)
[24.582s][info][gc,metaspace   ] GC(293) Metaspace: 8598K(8832K)->8598K(8832K) NonClass: 7445K(7552K)->7445K(7552K) Class: 1153K(1280K)->1153K(1280K)
[24.582s][info][gc             ] GC(293) Pause Young (Allocation Failure) 160M->24M(478M) 1.230ms
[24.582s][info][gc,cpu         ] GC(293) User=0.00s Sys=0.00s Real=0.00s
[24.651s][info][gc,start       ] GC(294) Pause Young (Allocation Failure)
[24.654s][info][gc,heap        ] GC(294) PSYoungGen: 140096K(140288K)->4480K(157184K) Eden: 139264K(139264K)->0K(140800K) From: 832K(1024K)->4480K(16384K)
[24.654s][info][gc,heap        ] GC(294) ParOldGen: 24528K(349696K)->25216K(349696K)
[24.654s][info][gc,metaspace   ] GC(294) Metaspace: 8598K(8832K)->8598K(8832K) NonClass: 7445K(7552K)->7445K(7552K) Class: 1153K(1280K)->1153K(1280K)
[24.654s][info][gc             ] GC(294) Pause Young (Allocation Failure) 160M->29M(495M) 2.764ms
[24.654s][info][gc,cpu         ] GC(294) User=0.00s Sys=0.00s Real=0.00s
[24.719s][info][gc,start       ] GC(295) Pause Young (Allocation Failure)
[24.723s][info][gc,heap        ] GC(295) PSYoungGen: 145280K(157184K)->864K(156160K) Eden: 140800K(140800K)->0K(140800K) From: 4480K(16384K)->864K(15360K)
[24.723s][info][gc,heap        ] GC(295) ParOldGen: 25216K(349696K)->29376K(349696K)
[24.723s][info][gc,metaspace   ] GC(295) Metaspace: 8598K(8832K)->8598K(8832K) NonClass: 7445K(7552K)->7445K(7552K) Class: 1153K(1280K)->1153K(1280K)
[24.723s][info][gc             ] GC(295) Pause Young (Allocation Failure) 166M->29M(494M) 3.980ms
[24.723s][info][gc,cpu         ] GC(295) User=0.00s Sys=0.00s Real=0.00s
[24.792s][info][gc,start       ] GC(296) Pause Young (Allocation Failure)
[24.793s][info][gc,heap        ] GC(296) PSYoungGen: 141664K(156160K)->992K(158208K) Eden: 140800K(140800K)->0K(143360K) From: 864K(15360K)->992K(14848K)
[24.793s][info][gc,heap        ] GC(296) ParOldGen: 29376K(349696K)->29704K(349696K)
[24.794s][info][gc,metaspace   ] GC(296) Metaspace: 8598K(8832K)->8598K(8832K) NonClass: 7445K(7552K)->7445K(7552K) Class: 1153K(1280K)->1153K(1280K)
[24.794s][info][gc             ] GC(296) Pause Young (Allocation Failure) 167M->29M(496M) 1.599ms
[24.794s][info][gc,cpu         ] GC(296) User=0.00s Sys=0.00s Real=0.00s
[24.868s][info][gc,start       ] GC(297) Pause Young (Allocation Failure)
[24.871s][info][gc,heap        ] GC(297) PSYoungGen: 144352K(158208K)->4480K(157696K) Eden: 143360K(143360K)->0K(143360K) From: 992K(14848K)->4480K(14336K)
[24.871s][info][gc,heap        ] GC(297) ParOldGen: 29704K(349696K)->30392K(349696K)
[24.871s][info][gc,metaspace   ] GC(297) Metaspace: 8598K(8832K)->8598K(8832K) NonClass: 7445K(7552K)->7445K(7552K) Class: 1153K(1280K)->1153K(1280K)
[24.871s][info][gc             ] GC(297) Pause Young (Allocation Failure) 169M->34M(495M) 3.061ms
[24.871s][info][gc,cpu         ] GC(297) User=0.00s Sys=0.00s Real=0.00s
[24.937s][info][gc,start       ] GC(298) Pause Young (Allocation Failure)
[24.946s][info][gc,heap        ] GC(298) PSYoungGen: 147840K(157696K)->928K(159232K) Eden: 143360K(143360K)->0K(146432K) From: 4480K(14336K)->928K(12800K)
[24.946s][info][gc,heap        ] GC(298) ParOldGen: 30392K(349696K)->34440K(349696K)
[24.946s][info][gc,metaspace   ] GC(298) Metaspace: 8598K(8832K)->8598K(8832K) NonClass: 7445K(7552K)->7445K(7552K) Class: 1153K(1280K)->1153K(1280K)
[24.946s][info][gc             ] GC(298) Pause Young (Allocation Failure) 174M->34M(497M) 9.479ms
[24.946s][info][gc,cpu         ] GC(298) User=0.00s Sys=0.00s Real=0.02s
[25.014s][info][gc,start       ] GC(299) Pause Young (Allocation Failure)
[25.015s][info][gc,heap        ] GC(299) PSYoungGen: 147360K(159232K)->832K(159232K) Eden: 146432K(146432K)->0K(146432K) From: 928K(12800K)->832K(12800K)
[25.015s][info][gc,heap        ] GC(299) ParOldGen: 34440K(349696K)->35072K(349696K)
[25.015s][info][gc,metaspace   ] GC(299) Metaspace: 8598K(8832K)->8598K(8832K) NonClass: 7445K(7552K)->7445K(7552K) Class: 1153K(1280K)->1153K(1280K)
[25.015s][info][gc             ] GC(299) Pause Young (Allocation Failure) 177M->35M(497M) 1.449ms
[25.015s][info][gc,cpu         ] GC(299) User=0.00s Sys=0.00s Real=0.00s
[25.097s][info][gc,start       ] GC(300) Pause Young (Allocation Failure)
[25.103s][info][gc,heap        ] GC(300) PSYoungGen: 147264K(159232K)->9136K(159232K) Eden: 146432K(146432K)->0K(146944K) From: 832K(12800K)->9136K(12288K)
[25.103s][info][gc,heap        ] GC(300) ParOldGen: 35072K(349696K)->35456K(349696K)
[25.103s][info][gc,metaspace   ] GC(300) Metaspace: 8598K(8832K)->8598K(8832K) NonClass: 7445K(7552K)->7445K(7552K) Class: 1153K(1280K)->1153K(1280K)
[25.103s][info][gc             ] GC(300) Pause Young (Allocation Failure) 178M->43M(497M) 5.533ms
[25.103s][info][gc,cpu         ] GC(300) User=0.00s Sys=0.00s Real=0.00s
[25.169s][info][gc,start       ] GC(301) Pause Young (Allocation Failure)
[25.177s][info][gc,heap        ] GC(301) PSYoungGen: 156080K(159232K)->752K(160768K) Eden: 146944K(146944K)->0K(146944K) From: 9136K(12288K)->752K(13824K)
[25.177s][info][gc,heap        ] GC(301) ParOldGen: 35456K(349696K)->44344K(349696K)
[25.177s][info][gc,metaspace   ] GC(301) Metaspace: 8598K(8832K)->8598K(8832K) NonClass: 7445K(7552K)->7445K(7552K) Class: 1153K(1280K)->1153K(1280K)
[25.177s][info][gc             ] GC(301) Pause Young (Allocation Failure) 187M->44M(498M) 8.129ms
[25.177s][info][gc,cpu         ] GC(301) User=0.17s Sys=0.00s Real=0.02s
[25.258s][info][gc,start       ] GC(302) Pause Young (Allocation Failure)
[25.260s][info][gc,heap        ] GC(302) PSYoungGen: 147696K(160768K)->896K(159232K) Eden: 146944K(146944K)->0K(147456K) From: 752K(13824K)->896K(11776K)
[25.260s][info][gc,heap        ] GC(302) ParOldGen: 44344K(349696K)->44688K(349696K)
[25.260s][info][gc,metaspace   ] GC(302) Metaspace: 8598K(8832K)->8598K(8832K) NonClass: 7445K(7552K)->7445K(7552K) Class: 1153K(1280K)->1153K(1280K)
[25.260s][info][gc             ] GC(302) Pause Young (Allocation Failure) 187M->44M(497M) 1.407ms
[25.260s][info][gc,cpu         ] GC(302) User=0.00s Sys=0.00s Real=0.00s
[25.348s][info][gc,start       ] GC(303) Pause Young (Allocation Failure)
[25.352s][info][gc,heap        ] GC(303) PSYoungGen: 148352K(159232K)->4576K(160256K) Eden: 147456K(147456K)->0K(147456K) From: 896K(11776K)->4576K(12800K)
[25.352s][info][gc,heap        ] GC(303) ParOldGen: 44688K(349696K)->45384K(349696K)
[25.352s][info][gc,metaspace   ] GC(303) Metaspace: 8598K(8832K)->8598K(8832K) NonClass: 7445K(7552K)->7445K(7552K) Class: 1153K(1280K)->1153K(1280K)
[25.352s][info][gc             ] GC(303) Pause Young (Allocation Failure) 188M->48M(498M) 3.301ms
[25.352s][info][gc,cpu         ] GC(303) User=0.00s Sys=0.00s Real=0.00s
[25.423s][info][gc,start       ] GC(304) Pause Young (Allocation Failure)
[25.427s][info][gc,heap        ] GC(304) PSYoungGen: 152032K(160256K)->992K(160256K) Eden: 147456K(147456K)->0K(149504K) From: 4576K(12800K)->992K(10752K)
[25.427s][info][gc,heap        ] GC(304) ParOldGen: 45384K(349696K)->49552K(349696K)
[25.427s][info][gc,metaspace   ] GC(304) Metaspace: 8598K(8832K)->8598K(8832K) NonClass: 7445K(7552K)->7445K(7552K) Class: 1153K(1280K)->1153K(1280K)
[25.427s][info][gc             ] GC(304) Pause Young (Allocation Failure) 192M->49M(498M) 4.181ms
[25.427s][info][gc,cpu         ] GC(304) User=0.00s Sys=0.00s Real=0.00s
[25.499s][info][gc,start       ] GC(305) Pause Young (Allocation Failure)
[25.500s][info][gc,heap        ] GC(305) PSYoungGen: 150496K(160256K)->832K(161280K) Eden: 149504K(149504K)->0K(149504K) From: 992K(10752K)->832K(11776K)
[25.500s][info][gc,heap        ] GC(305) ParOldGen: 49552K(349696K)->50168K(349696K)
[25.500s][info][gc,metaspace   ] GC(305) Metaspace: 8598K(8832K)->8598K(8832K) NonClass: 7445K(7552K)->7445K(7552K) Class: 1153K(1280K)->1153K(1280K)
[25.500s][info][gc             ] GC(305) Pause Young (Allocation Failure) 195M->49M(499M) 1.650ms
[25.501s][info][gc,cpu         ] GC(305) User=0.00s Sys=0.00s Real=0.00s
[25.577s][info][gc,start       ] GC(306) Pause Young (Allocation Failure)
[25.580s][info][gc,heap        ] GC(306) PSYoungGen: 150336K(161280K)->4608K(162304K) Eden: 149504K(149504K)->0K(151552K) From: 832K(11776K)->4608K(10752K)
[25.580s][info][gc,heap        ] GC(306) ParOldGen: 50168K(349696K)->50568K(349696K)
[25.580s][info][gc,metaspace   ] GC(306) Metaspace: 8598K(8832K)->8598K(8832K) NonClass: 7445K(7552K)->7445K(7552K) Class: 1153K(1280K)->1153K(1280K)
[25.580s][info][gc             ] GC(306) Pause Young (Allocation Failure) 195M->53M(500M) 3.325ms
[25.580s][info][gc,cpu         ] GC(306) User=0.00s Sys=0.00s Real=0.00s
[25.654s][info][gc,start       ] GC(307) Pause Young (Allocation Failure)
[25.658s][info][gc,heap        ] GC(307) PSYoungGen: 156160K(162304K)->928K(162816K) Eden: 151552K(151552K)->0K(151552K) From: 4608K(10752K)->928K(11264K)
[25.658s][info][gc,heap        ] GC(307) ParOldGen: 50568K(349696K)->54904K(349696K)
[25.658s][info][gc,metaspace   ] GC(307) Metaspace: 8598K(8832K)->8598K(8832K) NonClass: 7445K(7552K)->7445K(7552K) Class: 1153K(1280K)->1153K(1280K)
[25.658s][info][gc             ] GC(307) Pause Young (Allocation Failure) 201M->54M(500M) 4.150ms
[25.658s][info][gc,cpu         ] GC(307) User=0.00s Sys=0.00s Real=0.00s
[25.761s][info][gc,start       ] GC(308) Pause Young (Allocation Failure)
[25.773s][info][gc,heap        ] GC(308) PSYoungGen: 152480K(162816K)->10720K(153600K) Eden: 151552K(151552K)->0K(142848K) From: 928K(11264K)->10720K(10752K)
[25.773s][info][gc,heap        ] GC(308) ParOldGen: 54904K(349696K)->62456K(349696K)
[25.773s][info][gc,metaspace   ] GC(308) Metaspace: 8598K(8832K)->8598K(8832K) NonClass: 7445K(7552K)->7445K(7552K) Class: 1153K(1280K)->1153K(1280K)
[25.773s][info][gc             ] GC(308) Pause Young (Allocation Failure) 202M->71M(491M) 12.270ms
[25.773s][info][gc,cpu         ] GC(308) User=0.00s Sys=0.00s Real=0.00s
[25.840s][info][gc,start       ] GC(309) Pause Young (Allocation Failure)
[25.849s][info][gc,heap        ] GC(309) PSYoungGen: 153568K(153600K)->800K(158720K) Eden: 142848K(142848K)->0K(142848K) From: 10720K(10752K)->800K(15872K)
[25.849s][info][gc,heap        ] GC(309) ParOldGen: 62456K(349696K)->73096K(349696K)
[25.849s][info][gc,metaspace   ] GC(309) Metaspace: 8598K(8832K)->8598K(8832K) NonClass: 7445K(7552K)->7445K(7552K) Class: 1153K(1280K)->1153K(1280K)
[25.849s][info][gc             ] GC(309) Pause Young (Allocation Failure) 210M->72M(496M) 8.889ms
[25.849s][info][gc,cpu         ] GC(309) User=0.00s Sys=0.00s Real=0.00s
[25.918s][info][gc,start       ] GC(310) Pause Young (Allocation Failure)
[25.920s][info][gc,heap        ] GC(310) PSYoungGen: 143648K(158720K)->992K(156160K) Eden: 142848K(142848K)->0K(143360K) From: 800K(15872K)->992K(12800K)
[25.920s][info][gc,heap        ] GC(310) ParOldGen: 73096K(349696K)->73456K(349696K)
[25.920s][info][gc,metaspace   ] GC(310) Metaspace: 8598K(8832K)->8598K(8832K) NonClass: 7445K(7552K)->7445K(7552K) Class: 1153K(1280K)->1153K(1280K)
[25.920s][info][gc             ] GC(310) Pause Young (Allocation Failure) 211M->72M(494M) 1.996ms
[25.920s][info][gc,cpu         ] GC(310) User=0.00s Sys=0.00s Real=0.00s
[26.007s][info][gc,start       ] GC(311) Pause Young (Allocation Failure)
[26.009s][info][gc,heap        ] GC(311) PSYoungGen: 144352K(156160K)->800K(157696K) Eden: 143360K(143360K)->0K(143360K) From: 992K(12800K)->800K(14336K)
[26.009s][info][gc,heap        ] GC(311) ParOldGen: 73456K(349696K)->74080K(349696K)
[26.009s][info][gc,metaspace   ] GC(311) Metaspace: 8598K(8832K)->8598K(8832K) NonClass: 7445K(7552K)->7445K(7552K) Class: 1153K(1280K)->1153K(1280K)
[26.009s][info][gc             ] GC(311) Pause Young (Allocation Failure) 212M->73M(495M) 1.712ms
[26.009s][info][gc,cpu         ] GC(311) User=0.00s Sys=0.00s Real=0.00s
[26.088s][info][gc,start       ] GC(312) Pause Young (Allocation Failure)
[26.091s][info][gc,heap        ] GC(312) PSYoungGen: 144160K(157696K)->4784K(158720K) Eden: 143360K(143360K)->0K(146432K) From: 800K(14336K)->4784K(12288K)
[26.091s][info][gc,heap        ] GC(312) ParOldGen: 74080K(349696K)->74472K(349696K)
[26.091s][info][gc,metaspace   ] GC(312) Metaspace: 8598K(8832K)->8598K(8832K) NonClass: 7445K(7552K)->7445K(7552K) Class: 1153K(1280K)->1153K(1280K)
[26.091s][info][gc             ] GC(312) Pause Young (Allocation Failure) 213M->77M(496M) 3.058ms
[26.091s][info][gc,cpu         ] GC(312) User=0.00s Sys=0.00s Real=0.00s
[26.161s][info][gc,start       ] GC(313) Pause Young (Allocation Failure)
[26.165s][info][gc,heap        ] GC(313) PSYoungGen: 151216K(158720K)->800K(159744K) Eden: 146432K(146432K)->0K(146432K) From: 4784K(12288K)->800K(13312K)
[26.165s][info][gc,heap        ] GC(313) ParOldGen: 74472K(349696K)->78936K(349696K)
[26.165s][info][gc,metaspace   ] GC(313) Metaspace: 8598K(8832K)->8598K(8832K) NonClass: 7445K(7552K)->7445K(7552K) Class: 1153K(1280K)->1153K(1280K)
[26.165s][info][gc             ] GC(313) Pause Young (Allocation Failure) 220M->77M(497M) 4.157ms
[26.165s][info][gc,cpu         ] GC(313) User=0.00s Sys=0.00s Real=0.01s
[26.242s][info][gc,start       ] GC(314) Pause Young (Allocation Failure)
[26.245s][info][gc,heap        ] GC(314) PSYoungGen: 147232K(159744K)->4672K(159744K) Eden: 146432K(146432K)->0K(148480K) From: 800K(13312K)->4672K(11264K)
[26.245s][info][gc,heap        ] GC(314) ParOldGen: 78936K(349696K)->79272K(349696K)
[26.245s][info][gc,metaspace   ] GC(314) Metaspace: 8598K(8832K)->8598K(8832K) NonClass: 7445K(7552K)->7445K(7552K) Class: 1153K(1280K)->1153K(1280K)
[26.245s][info][gc             ] GC(314) Pause Young (Allocation Failure) 220M->81M(497M) 3.105ms
[26.245s][info][gc,cpu         ] GC(314) User=0.00s Sys=0.00s Real=0.00s
[26.317s][info][gc,start       ] GC(315) Pause Young (Allocation Failure)
[26.321s][info][gc,heap        ] GC(315) PSYoungGen: 153152K(159744K)->736K(160768K) Eden: 148480K(148480K)->0K(148480K) From: 4672K(11264K)->736K(12288K)
[26.321s][info][gc,heap        ] GC(315) ParOldGen: 79272K(349696K)->83664K(349696K)
[26.321s][info][gc,metaspace   ] GC(315) Metaspace: 8598K(8832K)->8598K(8832K) NonClass: 7445K(7552K)->7445K(7552K) Class: 1153K(1280K)->1153K(1280K)
[26.321s][info][gc             ] GC(315) Pause Young (Allocation Failure) 226M->82M(498M) 4.293ms
[26.321s][info][gc,cpu         ] GC(315) User=0.00s Sys=0.00s Real=0.00s
[26.393s][info][gc,start       ] GC(316) Pause Young (Allocation Failure)
[26.395s][info][gc,heap        ] GC(316) PSYoungGen: 149216K(160768K)->992K(161280K) Eden: 148480K(148480K)->0K(150016K) From: 736K(12288K)->992K(11264K)
[26.395s][info][gc,heap        ] GC(316) ParOldGen: 83664K(349696K)->83992K(349696K)
[26.395s][info][gc,metaspace   ] GC(316) Metaspace: 8598K(8832K)->8598K(8832K) NonClass: 7445K(7552K)->7445K(7552K) Class: 1153K(1280K)->1153K(1280K)
[26.395s][info][gc             ] GC(316) Pause Young (Allocation Failure) 227M->82M(499M) 1.459ms
[26.395s][info][gc,cpu         ] GC(316) User=0.00s Sys=0.00s Real=0.00s
[26.479s][info][gc,start       ] GC(317) Pause Young (Allocation Failure)
[26.484s][info][gc,heap        ] GC(317) PSYoungGen: 151008K(161280K)->8992K(161792K) Eden: 150016K(150016K)->0K(150016K) From: 992K(11264K)->8992K(11776K)
[26.484s][info][gc,heap        ] GC(317) ParOldGen: 83992K(349696K)->84688K(349696K)
[26.484s][info][gc,metaspace   ] GC(317) Metaspace: 8598K(8832K)->8598K(8832K) NonClass: 7445K(7552K)->7445K(7552K) Class: 1153K(1280K)->1153K(1280K)
[26.484s][info][gc             ] GC(317) Pause Young (Allocation Failure) 229M->91M(499M) 5.537ms
[26.484s][info][gc,cpu         ] GC(317) User=0.17s Sys=0.00s Real=0.02s
[26.553s][info][gc,start       ] GC(318) Pause Young (Allocation Failure)
[26.560s][info][gc,heap        ] GC(318) PSYoungGen: 159008K(161792K)->928K(162304K) Eden: 150016K(150016K)->0K(149504K) From: 8992K(11776K)->928K(12800K)
[26.561s][info][gc,heap        ] GC(318) ParOldGen: 84688K(349696K)->93256K(349696K)
[26.561s][info][gc,metaspace   ] GC(318) Metaspace: 8598K(8832K)->8598K(8832K) NonClass: 7445K(7552K)->7445K(7552K) Class: 1153K(1280K)->1153K(1280K)
[26.561s][info][gc             ] GC(318) Pause Young (Allocation Failure) 237M->91M(500M) 7.615ms
[26.561s][info][gc,cpu         ] GC(318) User=0.19s Sys=0.00s Real=0.02s
[26.629s][info][gc,start       ] GC(319) Pause Young (Allocation Failure)
[26.631s][info][gc,heap        ] GC(319) PSYoungGen: 150432K(162304K)->864K(150528K) Eden: 149504K(149504K)->0K(149504K) From: 928K(12800K)->864K(1024K)
[26.631s][info][gc,heap        ] GC(319) ParOldGen: 93256K(349696K)->93912K(349696K)
[26.631s][info][gc,metaspace   ] GC(319) Metaspace: 8598K(8832K)->8598K(8832K) NonClass: 7445K(7552K)->7445K(7552K) Class: 1153K(1280K)->1153K(1280K)
[26.631s][info][gc             ] GC(319) Pause Young (Allocation Failure) 237M->92M(488M) 1.486ms
[26.631s][info][gc,cpu         ] GC(319) User=0.00s Sys=0.00s Real=0.00s
[26.706s][info][gc,start       ] GC(320) Pause Young (Allocation Failure)
[26.709s][info][gc,heap        ] GC(320) PSYoungGen: 150368K(150528K)->4832K(161280K) Eden: 149504K(149504K)->0K(149504K) From: 864K(1024K)->4832K(11776K)
[26.709s][info][gc,heap        ] GC(320) ParOldGen: 93912K(349696K)->94248K(349696K)
[26.709s][info][gc,metaspace   ] GC(320) Metaspace: 8598K(8832K)->8598K(8832K) NonClass: 7445K(7552K)->7445K(7552K) Class: 1153K(1280K)->1153K(1280K)
[26.709s][info][gc             ] GC(320) Pause Young (Allocation Failure) 238M->96M(499M) 2.996ms
[26.709s][info][gc,cpu         ] GC(320) User=0.17s Sys=0.00s Real=0.02s
[26.780s][info][gc,start       ] GC(321) Pause Young (Allocation Failure)
[26.785s][info][gc,heap        ] GC(321) PSYoungGen: 154336K(161280K)->800K(161280K) Eden: 149504K(149504K)->0K(149504K) From: 4832K(11776K)->800K(11776K)
[26.785s][info][gc,heap        ] GC(321) ParOldGen: 94248K(349696K)->98776K(349696K)
[26.785s][info][gc,metaspace   ] GC(321) Metaspace: 8598K(8832K)->8598K(8832K) NonClass: 7445K(7552K)->7445K(7552K) Class: 1153K(1280K)->1153K(1280K)
[26.785s][info][gc             ] GC(321) Pause Young (Allocation Failure) 242M->97M(499M) 4.580ms
[26.785s][info][gc,cpu         ] GC(321) User=0.17s Sys=0.00s Real=0.00s
[26.867s][info][gc,start       ] GC(322) Pause Young (Allocation Failure)
[26.869s][info][gc,heap        ] GC(322) PSYoungGen: 150304K(161280K)->768K(162304K) Eden: 149504K(149504K)->0K(151552K) From: 800K(11776K)->768K(10752K)
[26.869s][info][gc,heap        ] GC(322) ParOldGen: 98776K(349696K)->99400K(349696K)
[26.869s][info][gc,metaspace   ] GC(322) Metaspace: 8598K(8832K)->8598K(8832K) NonClass: 7445K(7552K)->7445K(7552K) Class: 1153K(1280K)->1153K(1280K)
[26.869s][info][gc             ] GC(322) Pause Young (Allocation Failure) 243M->97M(500M) 1.706ms
[26.869s][info][gc,cpu         ] GC(322) User=0.00s Sys=0.00s Real=0.00s
[26.959s][info][gc,start       ] GC(323) Pause Young (Allocation Failure)
[26.962s][info][gc,heap        ] GC(323) PSYoungGen: 152320K(162304K)->4544K(162304K) Eden: 151552K(151552K)->0K(151552K) From: 768K(10752K)->4544K(10752K)
[26.962s][info][gc,heap        ] GC(323) ParOldGen: 99400K(349696K)->99792K(349696K)
[26.962s][info][gc,metaspace   ] GC(323) Metaspace: 8598K(8832K)->8598K(8832K) NonClass: 7445K(7552K)->7445K(7552K) Class: 1153K(1280K)->1153K(1280K)
[26.963s][info][gc             ] GC(323) Pause Young (Allocation Failure) 245M->101M(500M) 3.248ms
[26.963s][info][gc,cpu         ] GC(323) User=0.00s Sys=0.00s Real=0.00s
[27.045s][info][gc,start       ] GC(324) Pause Young (Allocation Failure)
[27.049s][info][gc,heap        ] GC(324) PSYoungGen: 156096K(162304K)->736K(162816K) Eden: 151552K(151552K)->0K(153088K) From: 4544K(10752K)->736K(9728K)
[27.049s][info][gc,heap        ] GC(324) ParOldGen: 99792K(349696K)->104136K(349696K)
[27.049s][info][gc,metaspace   ] GC(324) Metaspace: 8598K(8832K)->8598K(8832K) NonClass: 7445K(7552K)->7445K(7552K) Class: 1153K(1280K)->1153K(1280K)
[27.049s][info][gc             ] GC(324) Pause Young (Allocation Failure) 249M->102M(500M) 3.920ms
[27.049s][info][gc,cpu         ] GC(324) User=0.19s Sys=0.00s Real=0.00s
[27.178s][info][gc,start       ] GC(325) Pause Young (Allocation Failure)
[27.194s][info][gc,heap        ] GC(325) PSYoungGen: 153824K(162816K)->10208K(163328K) Eden: 153088K(153088K)->0K(153088K) From: 736K(9728K)->10208K(10240K)
[27.194s][info][gc,heap        ] GC(325) ParOldGen: 104136K(349696K)->115280K(349696K)
[27.194s][info][gc,metaspace   ] GC(325) Metaspace: 8598K(8832K)->8598K(8832K) NonClass: 7445K(7552K)->7445K(7552K) Class: 1153K(1280K)->1153K(1280K)
[27.194s][info][gc             ] GC(325) Pause Young (Allocation Failure) 251M->122M(501M) 15.717ms
[27.194s][info][gc,cpu         ] GC(325) User=0.19s Sys=0.00s Real=0.02s
[27.552s][info][gc,start       ] GC(326) Pause Young (System.gc())
[27.576s][info][gc,heap        ] GC(326) PSYoungGen: 100168K(163328K)->11232K(126464K) Eden: 89960K(153088K)->0K(115200K) From: 10208K(10240K)->11232K(11264K)
[27.576s][info][gc,heap        ] GC(326) ParOldGen: 115280K(349696K)->147328K(349696K)
[27.576s][info][gc,metaspace   ] GC(326) Metaspace: 8599K(8832K)->8599K(8832K) NonClass: 7445K(7552K)->7445K(7552K) Class: 1153K(1280K)->1153K(1280K)
[27.576s][info][gc             ] GC(326) Pause Young (System.gc()) 210M->154M(465M) 24.100ms
[27.576s][info][gc,cpu         ] GC(326) User=0.19s Sys=0.00s Real=0.02s
[27.576s][info][gc,start       ] GC(327) Pause Full (System.gc())
[27.576s][info][gc,phases,start] GC(327) Marking Phase
[27.582s][info][gc,phases      ] GC(327) Marking Phase 5.444ms
[27.582s][info][gc,phases,start] GC(327) Summary Phase
[27.582s][info][gc,phases      ] GC(327) Summary Phase 0.015ms
[27.582s][info][gc,phases,start] GC(327) Adjust Roots
[27.583s][info][gc,phases      ] GC(327) Adjust Roots 1.125ms
[27.583s][info][gc,phases,start] GC(327) Compaction Phase
[27.584s][info][gc,phases      ] GC(327) Compaction Phase 0.981ms
[27.584s][info][gc,phases,start] GC(327) Post Compact
[27.585s][info][gc,phases      ] GC(327) Post Compact 0.865ms
[27.585s][info][gc,heap        ] GC(327) PSYoungGen: 11232K(126464K)->0K(126464K) Eden: 0K(115200K)->0K(115200K) From: 11232K(11264K)->0K(11264K)
[27.585s][info][gc,heap        ] GC(327) ParOldGen: 147328K(349696K)->3527K(349696K)
[27.585s][info][gc,metaspace   ] GC(327) Metaspace: 8599K(8832K)->8599K(8832K) NonClass: 7445K(7552K)->7445K(7552K) Class: 1153K(1280K)->1153K(1280K)
[27.585s][info][gc             ] GC(327) Pause Full (System.gc()) 154M->3M(465M) 8.584ms
[27.585s][info][gc,cpu         ] GC(327) User=0.17s Sys=0.00s Real=0.01s
[27.638s][info][gc,start       ] GC(328) Pause Young (Allocation Failure)
[27.639s][info][gc,heap        ] GC(328) PSYoungGen: 115200K(126464K)->704K(144896K) Eden: 115200K(115200K)->0K(115200K) From: 0K(11264K)->704K(29696K)
[27.639s][info][gc,heap        ] GC(328) ParOldGen: 3527K(349696K)->3527K(349696K)
[27.639s][info][gc,metaspace   ] GC(328) Metaspace: 8602K(8832K)->8602K(8832K) NonClass: 7448K(7552K)->7448K(7552K) Class: 1153K(1280K)->1153K(1280K)
[27.639s][info][gc             ] GC(328) Pause Young (Allocation Failure) 115M->4M(483M) 0.795ms
[27.639s][info][gc,cpu         ] GC(328) User=0.00s Sys=0.00s Real=0.00s
[27.691s][info][gc,start       ] GC(329) Pause Young (Allocation Failure)
[27.693s][info][gc,heap        ] GC(329) PSYoungGen: 115904K(144896K)->672K(142336K) Eden: 115200K(115200K)->0K(115712K) From: 704K(29696K)->672K(26624K)
[27.693s][info][gc,heap        ] GC(329) ParOldGen: 3527K(349696K)->3903K(349696K)
[27.693s][info][gc,metaspace   ] GC(329) Metaspace: 8602K(8832K)->8602K(8832K) NonClass: 7448K(7552K)->7448K(7552K) Class: 1153K(1280K)->1153K(1280K)
[27.693s][info][gc             ] GC(329) Pause Young (Allocation Failure) 116M->4M(480M) 1.561ms
[27.693s][info][gc,cpu         ] GC(329) User=0.00s Sys=0.00s Real=0.00s
[27.745s][info][gc,start       ] GC(330) Pause Young (Allocation Failure)
[27.746s][info][gc,heap        ] GC(330) PSYoungGen: 116384K(142336K)->768K(143872K) Eden: 115712K(115712K)->0K(115712K) From: 672K(26624K)->768K(28160K)
[27.746s][info][gc,heap        ] GC(330) ParOldGen: 3903K(349696K)->4239K(349696K)
[27.746s][info][gc,metaspace   ] GC(330) Metaspace: 8602K(8832K)->8602K(8832K) NonClass: 7448K(7552K)->7448K(7552K) Class: 1153K(1280K)->1153K(1280K)
[27.746s][info][gc             ] GC(330) Pause Young (Allocation Failure) 117M->4M(482M) 0.991ms
[27.746s][info][gc,cpu         ] GC(330) User=0.00s Sys=0.00s Real=0.00s
[27.798s][info][gc,start       ] GC(331) Pause Young (Allocation Failure)
[27.799s][info][gc,heap        ] GC(331) PSYoungGen: 116480K(143872K)->832K(143872K) Eden: 115712K(115712K)->0K(119296K) From: 768K(28160K)->832K(24576K)
[27.799s][info][gc,heap        ] GC(331) ParOldGen: 4239K(349696K)->4583K(349696K)
[27.799s][info][gc,metaspace   ] GC(331) Metaspace: 8602K(8832K)->8602K(8832K) NonClass: 7448K(7552K)->7448K(7552K) Class: 1153K(1280K)->1153K(1280K)
[27.799s][info][gc             ] GC(331) Pause Young (Allocation Failure) 117M->5M(482M) 1.270ms
[27.799s][info][gc,cpu         ] GC(331) User=0.00s Sys=0.00s Real=0.00s
[27.859s][info][gc,start       ] GC(332) Pause Young (Allocation Failure)
[27.862s][info][gc,heap        ] GC(332) PSYoungGen: 120128K(143872K)->4624K(145408K) Eden: 119296K(119296K)->0K(119296K) From: 832K(24576K)->4624K(26112K)
[27.862s][info][gc,heap        ] GC(332) ParOldGen: 4583K(349696K)->4991K(349696K)
[27.862s][info][gc,metaspace   ] GC(332) Metaspace: 8602K(8832K)->8602K(8832K) NonClass: 7448K(7552K)->7448K(7552K) Class: 1153K(1280K)->1153K(1280K)
[27.862s][info][gc             ] GC(332) Pause Young (Allocation Failure) 121M->9M(483M) 2.926ms
[27.862s][info][gc,cpu         ] GC(332) User=0.17s Sys=0.00s Real=0.00s
[27.918s][info][gc,start       ] GC(333) Pause Young (Allocation Failure)
[27.923s][info][gc,heap        ] GC(333) PSYoungGen: 123920K(145408K)->640K(146944K) Eden: 119296K(119296K)->0K(124416K) From: 4624K(26112K)->640K(22528K)
[27.923s][info][gc,heap        ] GC(333) ParOldGen: 4991K(349696K)->9447K(349696K)
[27.923s][info][gc,metaspace   ] GC(333) Metaspace: 8602K(8832K)->8602K(8832K) NonClass: 7448K(7552K)->7448K(7552K) Class: 1153K(1280K)->1153K(1280K)
[27.923s][info][gc             ] GC(333) Pause Young (Allocation Failure) 125M->9M(485M) 4.265ms
[27.923s][info][gc,cpu         ] GC(333) User=0.06s Sys=0.05s Real=0.00s
[27.984s][info][gc,start       ] GC(334) Pause Young (Allocation Failure)
[27.985s][info][gc,heap        ] GC(334) PSYoungGen: 125056K(146944K)->832K(147456K) Eden: 124416K(124416K)->0K(124416K) From: 640K(22528K)->832K(23040K)
[27.985s][info][gc,heap        ] GC(334) ParOldGen: 9447K(349696K)->9783K(349696K)
[27.985s][info][gc,metaspace   ] GC(334) Metaspace: 8602K(8832K)->8602K(8832K) NonClass: 7448K(7552K)->7448K(7552K) Class: 1153K(1280K)->1153K(1280K)
[27.985s][info][gc             ] GC(334) Pause Young (Allocation Failure) 131M->10M(485M) 1.208ms
[27.985s][info][gc,cpu         ] GC(334) User=0.00s Sys=0.00s Real=0.00s
[28.066s][info][gc,start       ] GC(335) Pause Young (Allocation Failure)
[28.069s][info][gc,heap        ] GC(335) PSYoungGen: 125248K(147456K)->4416K(148992K) Eden: 124416K(124416K)->0K(129536K) From: 832K(23040K)->4416K(19456K)
[28.069s][info][gc,heap        ] GC(335) ParOldGen: 9783K(349696K)->10183K(349696K)
[28.069s][info][gc,metaspace   ] GC(335) Metaspace: 8602K(8832K)->8602K(8832K) NonClass: 7448K(7552K)->7448K(7552K) Class: 1153K(1280K)->1153K(1280K)
[28.069s][info][gc             ] GC(335) Pause Young (Allocation Failure) 131M->14M(487M) 3.076ms
[28.069s][info][gc,cpu         ] GC(335) User=0.00s Sys=0.00s Real=0.00s
[28.145s][info][gc,start       ] GC(336) Pause Young (Allocation Failure)
[28.149s][info][gc,heap        ] GC(336) PSYoungGen: 133952K(148992K)->864K(150016K) Eden: 129536K(129536K)->0K(129536K) From: 4416K(19456K)->864K(20480K)
[28.149s][info][gc,heap        ] GC(336) ParOldGen: 10183K(349696K)->14224K(349696K)
[28.149s][info][gc,metaspace   ] GC(336) Metaspace: 8602K(8832K)->8602K(8832K) NonClass: 7448K(7552K)->7448K(7552K) Class: 1153K(1280K)->1153K(1280K)
[28.149s][info][gc             ] GC(336) Pause Young (Allocation Failure) 140M->14M(488M) 3.902ms
[28.149s][info][gc,cpu         ] GC(336) User=0.00s Sys=0.00s Real=0.00s
[28.209s][info][gc,start       ] GC(337) Pause Young (Allocation Failure)
[28.211s][info][gc,heap        ] GC(337) PSYoungGen: 130400K(150016K)->800K(152064K) Eden: 129536K(129536K)->0K(134656K) From: 864K(20480K)->800K(17408K)
[28.211s][info][gc,heap        ] GC(337) ParOldGen: 14224K(349696K)->14856K(349696K)
[28.211s][info][gc,metaspace   ] GC(337) Metaspace: 8602K(8832K)->8602K(8832K) NonClass: 7448K(7552K)->7448K(7552K) Class: 1153K(1280K)->1153K(1280K)
[28.211s][info][gc             ] GC(337) Pause Young (Allocation Failure) 141M->15M(490M) 1.350ms
[28.211s][info][gc,cpu         ] GC(337) User=0.00s Sys=0.00s Real=0.00s
[28.284s][info][gc,start       ] GC(338) Pause Young (Allocation Failure)
[28.289s][info][gc,heap        ] GC(338) PSYoungGen: 135456K(152064K)->9024K(153088K) Eden: 134656K(134656K)->0K(134656K) From: 800K(17408K)->9024K(18432K)
[28.289s][info][gc,heap        ] GC(338) ParOldGen: 14856K(349696K)->15256K(349696K)
[28.290s][info][gc,metaspace   ] GC(338) Metaspace: 8602K(8832K)->8602K(8832K) NonClass: 7448K(7552K)->7448K(7552K) Class: 1153K(1280K)->1153K(1280K)
[28.290s][info][gc             ] GC(338) Pause Young (Allocation Failure) 146M->23M(491M) 5.398ms
[28.290s][info][gc,cpu         ] GC(338) User=0.00s Sys=0.00s Real=0.00s
[28.363s][info][gc,start       ] GC(339) Pause Young (Allocation Failure)
[28.371s][info][gc,heap        ] GC(339) PSYoungGen: 143680K(153088K)->864K(155648K) Eden: 134656K(134656K)->0K(137216K) From: 9024K(18432K)->864K(18432K)
[28.371s][info][gc,heap        ] GC(339) ParOldGen: 15256K(349696K)->23896K(349696K)
[28.371s][info][gc,metaspace   ] GC(339) Metaspace: 8602K(8832K)->8602K(8832K) NonClass: 7448K(7552K)->7448K(7552K) Class: 1153K(1280K)->1153K(1280K)
[28.371s][info][gc             ] GC(339) Pause Young (Allocation Failure) 155M->24M(493M) 8.104ms
[28.371s][info][gc,cpu         ] GC(339) User=0.00s Sys=0.00s Real=0.01s
[28.449s][info][gc,start       ] GC(340) Pause Young (Allocation Failure)
[28.450s][info][gc,heap        ] GC(340) PSYoungGen: 138080K(155648K)->768K(138240K) Eden: 137216K(137216K)->0K(137216K) From: 864K(18432K)->768K(1024K)
[28.450s][info][gc,heap        ] GC(340) ParOldGen: 23896K(349696K)->24544K(349696K)
[28.450s][info][gc,metaspace   ] GC(340) Metaspace: 8602K(8832K)->8602K(8832K) NonClass: 7448K(7552K)->7448K(7552K) Class: 1153K(1280K)->1153K(1280K)
[28.450s][info][gc             ] GC(340) Pause Young (Allocation Failure) 158M->24M(476M) 1.381ms
[28.450s][info][gc,cpu         ] GC(340) User=0.00s Sys=0.00s Real=0.00s
[28.523s][info][gc,start       ] GC(341) Pause Young (Allocation Failure)
[28.525s][info][gc,heap        ] GC(341) PSYoungGen: 137984K(138240K)->4608K(156160K) Eden: 137216K(137216K)->0K(138752K) From: 768K(1024K)->4608K(17408K)
[28.525s][info][gc,heap        ] GC(341) ParOldGen: 24544K(349696K)->24896K(349696K)
[28.525s][info][gc,metaspace   ] GC(341) Metaspace: 8602K(8832K)->8602K(8832K) NonClass: 7448K(7552K)->7448K(7552K) Class: 1153K(1280K)->1153K(1280K)
[28.526s][info][gc             ] GC(341) Pause Young (Allocation Failure) 158M->28M(494M) 2.747ms
[28.526s][info][gc,cpu         ] GC(341) User=0.00s Sys=0.00s Real=0.00s
[28.593s][info][gc,start       ] GC(342) Pause Young (Allocation Failure)
[28.597s][info][gc,heap        ] GC(342) PSYoungGen: 143360K(156160K)->736K(155136K) Eden: 138752K(138752K)->0K(138752K) From: 4608K(17408K)->736K(16384K)
[28.597s][info][gc,heap        ] GC(342) ParOldGen: 24896K(349696K)->29432K(349696K)
[28.597s][info][gc,metaspace   ] GC(342) Metaspace: 8602K(8832K)->8602K(8832K) NonClass: 7448K(7552K)->7448K(7552K) Class: 1153K(1280K)->1153K(1280K)
[28.597s][info][gc             ] GC(342) Pause Young (Allocation Failure) 164M->29M(493M) 4.267ms
[28.597s][info][gc,cpu         ] GC(342) User=0.17s Sys=0.00s Real=0.00s
[28.664s][info][gc,start       ] GC(343) Pause Young (Allocation Failure)
[28.665s][info][gc,heap        ] GC(343) PSYoungGen: 139488K(155136K)->768K(157184K) Eden: 138752K(138752K)->0K(141824K) From: 736K(16384K)->768K(15360K)
[28.665s][info][gc,heap        ] GC(343) ParOldGen: 29432K(349696K)->29752K(349696K)
[28.665s][info][gc,metaspace   ] GC(343) Metaspace: 8602K(8832K)->8602K(8832K) NonClass: 7448K(7552K)->7448K(7552K) Class: 1153K(1280K)->1153K(1280K)
[28.665s][info][gc             ] GC(343) Pause Young (Allocation Failure) 164M->29M(495M) 1.135ms
[28.665s][info][gc,cpu         ] GC(343) User=0.00s Sys=0.00s Real=0.00s
[28.753s][info][gc,start       ] GC(344) Pause Young (Allocation Failure)
[28.756s][info][gc,heap        ] GC(344) PSYoungGen: 142592K(157184K)->4640K(156672K) Eden: 141824K(141824K)->0K(141824K) From: 768K(15360K)->4640K(14848K)
[28.756s][info][gc,heap        ] GC(344) ParOldGen: 29752K(349696K)->30096K(349696K)
[28.756s][info][gc,metaspace   ] GC(344) Metaspace: 8602K(8832K)->8602K(8832K) NonClass: 7448K(7552K)->7448K(7552K) Class: 1153K(1280K)->1153K(1280K)
[28.756s][info][gc             ] GC(344) Pause Young (Allocation Failure) 168M->33M(494M) 2.893ms
[28.756s][info][gc,cpu         ] GC(344) User=0.00s Sys=0.00s Real=0.00s
[28.837s][info][gc,start       ] GC(345) Pause Young (Allocation Failure)
[28.842s][info][gc,heap        ] GC(345) PSYoungGen: 146464K(156672K)->736K(159232K) Eden: 141824K(141824K)->0K(144896K) From: 4640K(14848K)->736K(14336K)
[28.842s][info][gc,heap        ] GC(345) ParOldGen: 30096K(349696K)->34488K(349696K)
[28.842s][info][gc,metaspace   ] GC(345) Metaspace: 8602K(8832K)->8602K(8832K) NonClass: 7448K(7552K)->7448K(7552K) Class: 1153K(1280K)->1153K(1280K)
[28.842s][info][gc             ] GC(345) Pause Young (Allocation Failure) 172M->34M(497M) 4.344ms
[28.842s][info][gc,cpu         ] GC(345) User=0.00s Sys=0.00s Real=0.00s
[28.907s][info][gc,start       ] GC(346) Pause Young (Allocation Failure)
[28.909s][info][gc,heap        ] GC(346) PSYoungGen: 145632K(159232K)->896K(158720K) Eden: 144896K(144896K)->0K(144896K) From: 736K(14336K)->896K(13824K)
[28.909s][info][gc,heap        ] GC(346) ParOldGen: 34488K(349696K)->34824K(349696K)
[28.909s][info][gc,metaspace   ] GC(346) Metaspace: 8602K(8832K)->8602K(8832K) NonClass: 7448K(7552K)->7448K(7552K) Class: 1153K(1280K)->1153K(1280K)
[28.909s][info][gc             ] GC(346) Pause Young (Allocation Failure) 175M->34M(496M) 1.283ms
[28.909s][info][gc,cpu         ] GC(346) User=0.00s Sys=0.00s Real=0.00s
[28.988s][info][gc,start       ] GC(347) Pause Young (Allocation Failure)
[28.994s][info][gc,heap        ] GC(347) PSYoungGen: 145792K(158720K)->8960K(158720K) Eden: 144896K(144896K)->0K(145408K) From: 896K(13824K)->8960K(13312K)
[28.994s][info][gc,heap        ] GC(347) ParOldGen: 34824K(349696K)->35512K(349696K)
[28.994s][info][gc,metaspace   ] GC(347) Metaspace: 8602K(8832K)->8602K(8832K) NonClass: 7448K(7552K)->7448K(7552K) Class: 1153K(1280K)->1153K(1280K)
[28.994s][info][gc             ] GC(347) Pause Young (Allocation Failure) 176M->43M(496M) 5.859ms
[28.994s][info][gc,cpu         ] GC(347) User=0.00s Sys=0.00s Real=0.01s
[29.060s][info][gc,start       ] GC(348) Pause Young (Allocation Failure)
[29.068s][info][gc,heap        ] GC(348) PSYoungGen: 154368K(158720K)->928K(159744K) Eden: 145408K(145408K)->0K(145408K) From: 8960K(13312K)->928K(14336K)
[29.068s][info][gc,heap        ] GC(348) ParOldGen: 35512K(349696K)->44088K(349696K)
[29.068s][info][gc,metaspace   ] GC(348) Metaspace: 8602K(8832K)->8602K(8832K) NonClass: 7448K(7552K)->7448K(7552K) Class: 1153K(1280K)->1153K(1280K)
[29.068s][info][gc             ] GC(348) Pause Young (Allocation Failure) 185M->43M(497M) 7.968ms
[29.068s][info][gc,cpu         ] GC(348) User=0.17s Sys=0.00s Real=0.01s
[29.133s][info][gc,start       ] GC(349) Pause Young (Allocation Failure)
[29.135s][info][gc,heap        ] GC(349) PSYoungGen: 146336K(159744K)->768K(158720K) Eden: 145408K(145408K)->0K(146432K) From: 928K(14336K)->768K(12288K)
[29.135s][info][gc,heap        ] GC(349) ParOldGen: 44088K(349696K)->44736K(349696K)
[29.135s][info][gc,metaspace   ] GC(349) Metaspace: 8602K(8832K)->8602K(8832K) NonClass: 7448K(7552K)->7448K(7552K) Class: 1153K(1280K)->1153K(1280K)
[29.135s][info][gc             ] GC(349) Pause Young (Allocation Failure) 185M->44M(496M) 1.313ms
[29.135s][info][gc,cpu         ] GC(349) User=0.00s Sys=0.00s Real=0.00s
[29.208s][info][gc,start       ] GC(350) Pause Young (Allocation Failure)
[29.210s][info][gc,heap        ] GC(350) PSYoungGen: 147200K(158720K)->4768K(159744K) Eden: 146432K(146432K)->0K(146432K) From: 768K(12288K)->4768K(13312K)
[29.210s][info][gc,heap        ] GC(350) ParOldGen: 44736K(349696K)->45072K(349696K)
[29.210s][info][gc,metaspace   ] GC(350) Metaspace: 8602K(8832K)->8602K(8832K) NonClass: 7448K(7552K)->7448K(7552K) Class: 1153K(1280K)->1153K(1280K)
[29.210s][info][gc             ] GC(350) Pause Young (Allocation Failure) 187M->48M(497M) 2.879ms
[29.211s][info][gc,cpu         ] GC(350) User=0.17s Sys=0.00s Real=0.02s
[29.280s][info][gc,start       ] GC(351) Pause Young (Allocation Failure)
[29.285s][info][gc,heap        ] GC(351) PSYoungGen: 151200K(159744K)->736K(159744K) Eden: 146432K(146432K)->0K(148480K) From: 4768K(13312K)->736K(11264K)
[29.285s][info][gc,heap        ] GC(351) ParOldGen: 45072K(349696K)->49592K(349696K)
[29.285s][info][gc,metaspace   ] GC(351) Metaspace: 8602K(8832K)->8602K(8832K) NonClass: 7448K(7552K)->7448K(7552K) Class: 1153K(1280K)->1153K(1280K)
[29.285s][info][gc             ] GC(351) Pause Young (Allocation Failure) 191M->49M(497M) 4.350ms
[29.285s][info][gc,cpu         ] GC(351) User=0.17s Sys=0.00s Real=0.00s
[29.355s][info][gc,start       ] GC(352) Pause Young (Allocation Failure)
[29.356s][info][gc,heap        ] GC(352) PSYoungGen: 149216K(159744K)->896K(160768K) Eden: 148480K(148480K)->0K(148480K) From: 736K(11264K)->896K(12288K)
[29.357s][info][gc,heap        ] GC(352) ParOldGen: 49592K(349696K)->49928K(349696K)
[29.357s][info][gc,metaspace   ] GC(352) Metaspace: 8602K(8832K)->8602K(8832K) NonClass: 7448K(7552K)->7448K(7552K) Class: 1153K(1280K)->1153K(1280K)
[29.357s][info][gc             ] GC(352) Pause Young (Allocation Failure) 194M->49M(498M) 1.376ms
[29.357s][info][gc,cpu         ] GC(352) User=0.00s Sys=0.00s Real=0.00s
[29.437s][info][gc,start       ] GC(353) Pause Young (Allocation Failure)
[29.452s][info][gc,heap        ] GC(353) PSYoungGen: 149376K(160768K)->4448K(160768K) Eden: 148480K(148480K)->0K(150528K) From: 896K(12288K)->4448K(10240K)
[29.452s][info][gc,heap        ] GC(353) ParOldGen: 49928K(349696K)->50600K(349696K)
[29.452s][info][gc,metaspace   ] GC(353) Metaspace: 8602K(8832K)->8602K(8832K) NonClass: 7448K(7552K)->7448K(7552K) Class: 1153K(1280K)->1153K(1280K)
[29.452s][info][gc             ] GC(353) Pause Young (Allocation Failure) 194M->53M(498M) 15.406ms
[29.452s][info][gc,cpu         ] GC(353) User=0.00s Sys=0.00s Real=0.02s
[29.529s][info][gc,start       ] GC(354) Pause Young (Allocation Failure)
[29.533s][info][gc,heap        ] GC(354) PSYoungGen: 154976K(160768K)->992K(161792K) Eden: 150528K(150528K)->0K(150528K) From: 4448K(10240K)->992K(11264K)
[29.533s][info][gc,heap        ] GC(354) ParOldGen: 50600K(349696K)->54648K(349696K)
[29.533s][info][gc,metaspace   ] GC(354) Metaspace: 8602K(8832K)->8602K(8832K) NonClass: 7448K(7552K)->7448K(7552K) Class: 1153K(1280K)->1153K(1280K)
[29.533s][info][gc             ] GC(354) Pause Young (Allocation Failure) 200M->54M(499M) 4.030ms
[29.533s][info][gc,cpu         ] GC(354) User=0.00s Sys=0.00s Real=0.00s
[29.603s][info][gc,start       ] GC(355) Pause Young (Allocation Failure)
[29.605s][info][gc,heap        ] GC(355) PSYoungGen: 151520K(161792K)->896K(161792K) Eden: 150528K(150528K)->0K(152576K) From: 992K(11264K)->896K(9216K)
[29.605s][info][gc,heap        ] GC(355) ParOldGen: 54648K(349696K)->55272K(349696K)
[29.605s][info][gc,metaspace   ] GC(355) Metaspace: 8602K(8832K)->8602K(8832K) NonClass: 7448K(7552K)->7448K(7552K) Class: 1153K(1280K)->1153K(1280K)
[29.605s][info][gc             ] GC(355) Pause Young (Allocation Failure) 201M->54M(499M) 1.512ms
[29.605s][info][gc,cpu         ] GC(355) User=0.00s Sys=0.00s Real=0.00s
[29.721s][info][gc,start       ] GC(356) Pause Young (Allocation Failure)
[29.734s][info][gc,heap        ] GC(356) PSYoungGen: 153472K(161792K)->10224K(162816K) Eden: 152576K(152576K)->0K(152576K) From: 896K(9216K)->10224K(10240K)
[29.734s][info][gc,heap        ] GC(356) ParOldGen: 55272K(349696K)->63336K(349696K)
[29.734s][info][gc,metaspace   ] GC(356) Metaspace: 8602K(8832K)->8602K(8832K) NonClass: 7448K(7552K)->7448K(7552K) Class: 1153K(1280K)->1153K(1280K)
[29.734s][info][gc             ] GC(356) Pause Young (Allocation Failure) 203M->71M(500M) 12.424ms
[29.734s][info][gc,cpu         ] GC(356) User=0.19s Sys=0.00s Real=0.02s
[29.807s][info][gc,start       ] GC(357) Pause Young (Allocation Failure)
[29.815s][info][gc,heap        ] GC(357) PSYoungGen: 162800K(162816K)->848K(156672K) Eden: 152576K(152576K)->0K(144896K) From: 10224K(10240K)->848K(11776K)
[29.815s][info][gc,heap        ] GC(357) ParOldGen: 63336K(349696K)->73504K(349696K)
[29.815s][info][gc,metaspace   ] GC(357) Metaspace: 8602K(8832K)->8602K(8832K) NonClass: 7448K(7552K)->7448K(7552K) Class: 1153K(1280K)->1153K(1280K)
[29.815s][info][gc             ] GC(357) Pause Young (Allocation Failure) 220M->72M(494M) 7.858ms
[29.815s][info][gc,cpu         ] GC(357) User=0.00s Sys=0.00s Real=0.00s
[29.880s][info][gc,start       ] GC(358) Pause Young (Allocation Failure)
[29.881s][info][gc,heap        ] GC(358) PSYoungGen: 145744K(156672K)->992K(159744K) Eden: 144896K(144896K)->0K(144896K) From: 848K(11776K)->992K(14848K)
[29.881s][info][gc,heap        ] GC(358) ParOldGen: 73504K(349696K)->73840K(349696K)
[29.881s][info][gc,metaspace   ] GC(358) Metaspace: 8602K(8832K)->8602K(8832K) NonClass: 7448K(7552K)->7448K(7552K) Class: 1153K(1280K)->1153K(1280K)
[29.881s][info][gc             ] GC(358) Pause Young (Allocation Failure) 214M->73M(497M) 1.418ms
[29.881s][info][gc,cpu         ] GC(358) User=0.00s Sys=0.00s Real=0.00s
[29.954s][info][gc,start       ] GC(359) Pause Young (Allocation Failure)
[29.957s][info][gc,heap        ] GC(359) PSYoungGen: 145888K(159744K)->4608K(158208K) Eden: 144896K(144896K)->0K(145408K) From: 992K(14848K)->4608K(12800K)
[29.957s][info][gc,heap        ] GC(359) ParOldGen: 73840K(349696K)->74520K(349696K)
[29.957s][info][gc,metaspace   ] GC(359) Metaspace: 8602K(8832K)->8602K(8832K) NonClass: 7448K(7552K)->7448K(7552K) Class: 1153K(1280K)->1153K(1280K)
[29.957s][info][gc             ] GC(359) Pause Young (Allocation Failure) 214M->77M(496M) 2.939ms
[29.957s][info][gc,cpu         ] GC(359) User=0.00s Sys=0.00s Real=0.00s
[30.021s][info][gc,start       ] GC(360) Pause Young (Allocation Failure)
[30.026s][info][gc,heap        ] GC(360) PSYoungGen: 150016K(158208K)->960K(159232K) Eden: 145408K(145408K)->0K(145408K) From: 4608K(12800K)->960K(13824K)
[30.026s][info][gc,heap        ] GC(360) ParOldGen: 74520K(349696K)->78688K(349696K)
[30.026s][info][gc,metaspace   ] GC(360) Metaspace: 8602K(8832K)->8602K(8832K) NonClass: 7448K(7552K)->7448K(7552K) Class: 1153K(1280K)->1153K(1280K)
[30.026s][info][gc             ] GC(360) Pause Young (Allocation Failure) 219M->77M(497M) 4.275ms
[30.026s][info][gc,cpu         ] GC(360) User=0.17s Sys=0.00s Real=0.02s
[30.096s][info][gc,start       ] GC(361) Pause Young (Allocation Failure)
[30.098s][info][gc,heap        ] GC(361) PSYoungGen: 146368K(159232K)->832K(159232K) Eden: 145408K(145408K)->0K(147456K) From: 960K(13824K)->832K(11776K)
[30.098s][info][gc,heap        ] GC(361) ParOldGen: 78688K(349696K)->79312K(349696K)
[30.098s][info][gc,metaspace   ] GC(361) Metaspace: 8602K(8832K)->8602K(8832K) NonClass: 7448K(7552K)->7448K(7552K) Class: 1153K(1280K)->1153K(1280K)
[30.098s][info][gc             ] GC(361) Pause Young (Allocation Failure) 219M->78M(497M) 1.560ms
[30.098s][info][gc,cpu         ] GC(361) User=0.00s Sys=0.00s Real=0.00s
[30.174s][info][gc,start       ] GC(362) Pause Young (Allocation Failure)
[30.177s][info][gc,heap        ] GC(362) PSYoungGen: 148288K(159232K)->4688K(160256K) Eden: 147456K(147456K)->0K(147456K) From: 832K(11776K)->4688K(12800K)
[30.177s][info][gc,heap        ] GC(362) ParOldGen: 79312K(349696K)->79704K(349696K)
[30.177s][info][gc,metaspace   ] GC(362) Metaspace: 8602K(8832K)->8602K(8832K) NonClass: 7448K(7552K)->7448K(7552K) Class: 1153K(1280K)->1153K(1280K)
[30.177s][info][gc             ] GC(362) Pause Young (Allocation Failure) 222M->82M(498M) 3.081ms
[30.177s][info][gc,cpu         ] GC(362) User=0.00s Sys=0.00s Real=0.00s
[30.248s][info][gc,start       ] GC(363) Pause Young (Allocation Failure)
[30.253s][info][gc,heap        ] GC(363) PSYoungGen: 152144K(160256K)->832K(160256K) Eden: 147456K(147456K)->0K(149504K) From: 4688K(12800K)->832K(10752K)
[30.253s][info][gc,heap        ] GC(363) ParOldGen: 79704K(349696K)->84024K(349696K)
[30.253s][info][gc,metaspace   ] GC(363) Metaspace: 8602K(8832K)->8602K(8832K) NonClass: 7448K(7552K)->7448K(7552K) Class: 1153K(1280K)->1153K(1280K)
[30.253s][info][gc             ] GC(363) Pause Young (Allocation Failure) 226M->82M(498M) 4.498ms
[30.253s][info][gc,cpu         ] GC(363) User=0.00s Sys=0.00s Real=0.00s
[30.338s][info][gc,start       ] GC(364) Pause Young (Allocation Failure)
[30.344s][info][gc,heap        ] GC(364) PSYoungGen: 150336K(160256K)->9152K(161280K) Eden: 149504K(149504K)->0K(149504K) From: 832K(10752K)->9152K(11776K)
[30.344s][info][gc,heap        ] GC(364) ParOldGen: 84024K(349696K)->84352K(349696K)
[30.344s][info][gc,metaspace   ] GC(364) Metaspace: 8602K(8832K)->8602K(8832K) NonClass: 7448K(7552K)->7448K(7552K) Class: 1153K(1280K)->1153K(1280K)
[30.344s][info][gc             ] GC(364) Pause Young (Allocation Failure) 228M->91M(499M) 5.554ms
[30.344s][info][gc,cpu         ] GC(364) User=0.00s Sys=0.00s Real=0.00s
[30.412s][info][gc,start       ] GC(365) Pause Young (Allocation Failure)
[30.420s][info][gc,heap        ] GC(365) PSYoungGen: 158656K(161280K)->864K(161792K) Eden: 149504K(149504K)->0K(148480K) From: 9152K(11776K)->864K(13312K)
[30.421s][info][gc,heap        ] GC(365) ParOldGen: 84352K(349696K)->93272K(349696K)
[30.421s][info][gc,metaspace   ] GC(365) Metaspace: 8602K(8832K)->8602K(8832K) NonClass: 7448K(7552K)->7448K(7552K) Class: 1153K(1280K)->1153K(1280K)
[30.421s][info][gc             ] GC(365) Pause Young (Allocation Failure) 237M->91M(499M) 8.216ms
[30.421s][info][gc,cpu         ] GC(365) User=0.00s Sys=0.00s Real=0.01s
[30.505s][info][gc,start       ] GC(366) Pause Young (Allocation Failure)
[30.507s][info][gc,heap        ] GC(366) PSYoungGen: 149344K(161792K)->1024K(150016K) Eden: 148480K(148480K)->0K(148480K) From: 864K(13312K)->1024K(1536K)
[30.507s][info][gc,heap        ] GC(366) ParOldGen: 93272K(349696K)->93656K(349696K)
[30.507s][info][gc,metaspace   ] GC(366) Metaspace: 8602K(8832K)->8602K(8832K) NonClass: 7448K(7552K)->7448K(7552K) Class: 1153K(1280K)->1153K(1280K)
[30.507s][info][gc             ] GC(366) Pause Young (Allocation Failure) 236M->92M(488M) 1.405ms
[30.507s][info][gc,cpu         ] GC(366) User=0.00s Sys=0.00s Real=0.00s
[30.591s][info][gc,start       ] GC(367) Pause Young (Allocation Failure)
[30.593s][info][gc,heap        ] GC(367) PSYoungGen: 149504K(150016K)->992K(161280K) Eden: 148480K(148480K)->0K(148992K) From: 1024K(1536K)->992K(12288K)
[30.593s][info][gc,heap        ] GC(367) ParOldGen: 93656K(349696K)->94272K(349696K)
[30.593s][info][gc,metaspace   ] GC(367) Metaspace: 8602K(8832K)->8602K(8832K) NonClass: 7448K(7552K)->7448K(7552K) Class: 1153K(1280K)->1153K(1280K)
[30.593s][info][gc             ] GC(367) Pause Young (Allocation Failure) 237M->93M(499M) 1.751ms
[30.593s][info][gc,cpu         ] GC(367) User=0.00s Sys=0.00s Real=0.00s
[30.665s][info][gc,start       ] GC(368) Pause Young (Allocation Failure)
[30.668s][info][gc,heap        ] GC(368) PSYoungGen: 149984K(161280K)->4368K(160768K) Eden: 148992K(148992K)->0K(148992K) From: 992K(12288K)->4368K(11776K)
[30.668s][info][gc,heap        ] GC(368) ParOldGen: 94272K(349696K)->95088K(349696K)
[30.668s][info][gc,metaspace   ] GC(368) Metaspace: 8602K(8832K)->8602K(8832K) NonClass: 7448K(7552K)->7448K(7552K) Class: 1153K(1280K)->1153K(1280K)
[30.668s][info][gc             ] GC(368) Pause Young (Allocation Failure) 238M->97M(498M) 3.408ms
[30.668s][info][gc,cpu         ] GC(368) User=0.00s Sys=0.00s Real=0.00s
[30.742s][info][gc,start       ] GC(369) Pause Young (Allocation Failure)
[30.746s][info][gc,heap        ] GC(369) PSYoungGen: 153360K(160768K)->864K(162304K) Eden: 148992K(148992K)->0K(151040K) From: 4368K(11776K)->864K(11264K)
[30.746s][info][gc,heap        ] GC(369) ParOldGen: 95088K(349696K)->99128K(349696K)
[30.746s][info][gc,metaspace   ] GC(369) Metaspace: 8602K(8832K)->8602K(8832K) NonClass: 7448K(7552K)->7448K(7552K) Class: 1153K(1280K)->1153K(1280K)
[30.746s][info][gc             ] GC(369) Pause Young (Allocation Failure) 242M->97M(500M) 4.285ms
[30.746s][info][gc,cpu         ] GC(369) User=0.00s Sys=0.00s Real=0.00s
[30.837s][info][gc,start       ] GC(370) Pause Young (Allocation Failure)
[30.840s][info][gc,heap        ] GC(370) PSYoungGen: 151904K(162304K)->4416K(161792K) Eden: 151040K(151040K)->0K(151040K) From: 864K(11264K)->4416K(10752K)
[30.840s][info][gc,heap        ] GC(370) ParOldGen: 99128K(349696K)->99816K(349696K)
[30.840s][info][gc,metaspace   ] GC(370) Metaspace: 8602K(8832K)->8602K(8832K) NonClass: 7448K(7552K)->7448K(7552K) Class: 1153K(1280K)->1153K(1280K)
[30.840s][info][gc             ] GC(370) Pause Young (Allocation Failure) 245M->101M(499M) 3.075ms
[30.840s][info][gc,cpu         ] GC(370) User=0.00s Sys=0.00s Real=0.00s
[30.924s][info][gc,start       ] GC(371) Pause Young (Allocation Failure)
[30.928s][info][gc,heap        ] GC(371) PSYoungGen: 155456K(161792K)->864K(163328K) Eden: 151040K(151040K)->0K(153088K) From: 4416K(10752K)->864K(10240K)
[30.928s][info][gc,heap        ] GC(371) ParOldGen: 99816K(349696K)->103880K(349696K)
[30.928s][info][gc,metaspace   ] GC(371) Metaspace: 8602K(8832K)->8602K(8832K) NonClass: 7448K(7552K)->7448K(7552K) Class: 1153K(1280K)->1153K(1280K)
[30.928s][info][gc             ] GC(371) Pause Young (Allocation Failure) 249M->102M(501M) 4.188ms
[30.928s][info][gc,cpu         ] GC(371) User=0.00s Sys=0.00s Real=0.00s
[31.014s][info][gc,start       ] GC(372) Pause Young (Allocation Failure)
[31.015s][info][gc,heap        ] GC(372) PSYoungGen: 153952K(163328K)->832K(163328K) Eden: 153088K(153088K)->0K(153088K) From: 864K(10240K)->832K(10240K)
[31.015s][info][gc,heap        ] GC(372) ParOldGen: 103880K(349696K)->104496K(349696K)
[31.015s][info][gc,metaspace   ] GC(372) Metaspace: 8602K(8832K)->8602K(8832K) NonClass: 7448K(7552K)->7448K(7552K) Class: 1153K(1280K)->1153K(1280K)
[31.015s][info][gc             ] GC(372) Pause Young (Allocation Failure) 251M->102M(501M) 1.679ms
[31.015s][info][gc,cpu         ] GC(372) User=0.00s Sys=0.00s Real=0.00s
[31.508s][info][gc,start       ] GC(373) Pause Young (System.gc())
[31.541s][info][gc,heap        ] GC(373) PSYoungGen: 140922K(163328K)->9696K(128000K) Eden: 140090K(153088K)->0K(118272K) From: 832K(10240K)->9696K(9728K)
[31.541s][info][gc,heap        ] GC(373) ParOldGen: 104496K(349696K)->148216K(349696K)
[31.541s][info][gc,metaspace   ] GC(373) Metaspace: 8605K(8832K)->8605K(8832K) NonClass: 7452K(7552K)->7452K(7552K) Class: 1153K(1280K)->1153K(1280K)
[31.541s][info][gc             ] GC(373) Pause Young (System.gc()) 239M->154M(466M) 33.444ms
[31.541s][info][gc,cpu         ] GC(373) User=0.38s Sys=0.00s Real=0.03s
[31.541s][info][gc,start       ] GC(374) Pause Full (System.gc())
[31.541s][info][gc,phases,start] GC(374) Marking Phase
[31.547s][info][gc,phases      ] GC(374) Marking Phase 5.387ms
[31.547s][info][gc,phases,start] GC(374) Summary Phase
[31.547s][info][gc,phases      ] GC(374) Summary Phase 0.015ms
[31.547s][info][gc,phases,start] GC(374) Adjust Roots
[31.548s][info][gc,phases      ] GC(374) Adjust Roots 1.175ms
[31.548s][info][gc,phases,start] GC(374) Compaction Phase
[31.549s][info][gc,phases      ] GC(374) Compaction Phase 0.985ms
[31.549s][info][gc,phases,start] GC(374) Post Compact
[31.550s][info][gc,phases      ] GC(374) Post Compact 0.824ms
[31.550s][info][gc,heap        ] GC(374) PSYoungGen: 9696K(128000K)->0K(128000K) Eden: 0K(118272K)->0K(118272K) From: 9696K(9728K)->0K(9728K)
[31.550s][info][gc,heap        ] GC(374) ParOldGen: 148216K(349696K)->3527K(349696K)
[31.550s][info][gc,metaspace   ] GC(374) Metaspace: 8605K(8832K)->8605K(8832K) NonClass: 7452K(7552K)->7452K(7552K) Class: 1153K(1280K)->1153K(1280K)
[31.550s][info][gc             ] GC(374) Pause Full (System.gc()) 154M->3M(466M) 8.532ms
[31.550s][info][gc,cpu         ] GC(374) User=0.02s Sys=0.00s Real=0.01s
[31.606s][info][gc,start       ] GC(375) Pause Young (Allocation Failure)
[31.607s][info][gc,heap        ] GC(375) PSYoungGen: 118272K(128000K)->640K(146432K) Eden: 118272K(118272K)->0K(118272K) From: 0K(9728K)->640K(28160K)
[31.607s][info][gc,heap        ] GC(375) ParOldGen: 3527K(349696K)->3527K(349696K)
[31.607s][info][gc,metaspace   ] GC(375) Metaspace: 8607K(8832K)->8607K(8832K) NonClass: 7454K(7552K)->7454K(7552K) Class: 1153K(1280K)->1153K(1280K)
[31.607s][info][gc             ] GC(375) Pause Young (Allocation Failure) 118M->4M(484M) 1.015ms
[31.607s][info][gc,cpu         ] GC(375) User=0.00s Sys=0.00s Real=0.00s
[31.663s][info][gc,start       ] GC(376) Pause Young (Allocation Failure)
[31.665s][info][gc,heap        ] GC(376) PSYoungGen: 118912K(146432K)->752K(143360K) Eden: 118272K(118272K)->0K(119296K) From: 640K(28160K)->752K(24064K)
[31.665s][info][gc,heap        ] GC(376) ParOldGen: 3527K(349696K)->3927K(349696K)
[31.665s][info][gc,metaspace   ] GC(376) Metaspace: 8607K(8832K)->8607K(8832K) NonClass: 7454K(7552K)->7454K(7552K) Class: 1153K(1280K)->1153K(1280K)
[31.665s][info][gc             ] GC(376) Pause Young (Allocation Failure) 119M->4M(481M) 1.648ms
[31.665s][info][gc,cpu         ] GC(376) User=0.00s Sys=0.00s Real=0.00s
[31.720s][info][gc,start       ] GC(377) Pause Young (Allocation Failure)
[31.721s][info][gc,heap        ] GC(377) PSYoungGen: 120048K(143360K)->768K(145408K) Eden: 119296K(119296K)->0K(119296K) From: 752K(24064K)->768K(26112K)
[31.721s][info][gc,heap        ] GC(377) ParOldGen: 3927K(349696K)->4263K(349696K)
[31.721s][info][gc,metaspace   ] GC(377) Metaspace: 8607K(8832K)->8607K(8832K) NonClass: 7454K(7552K)->7454K(7552K) Class: 1153K(1280K)->1153K(1280K)
[31.721s][info][gc             ] GC(377) Pause Young (Allocation Failure) 121M->4M(483M) 1.044ms
[31.721s][info][gc,cpu         ] GC(377) User=0.00s Sys=0.00s Real=0.00s
[31.777s][info][gc,start       ] GC(378) Pause Young (Allocation Failure)
[31.778s][info][gc,heap        ] GC(378) PSYoungGen: 120064K(145408K)->864K(145408K) Eden: 119296K(119296K)->0K(123392K) From: 768K(26112K)->864K(22016K)
[31.778s][info][gc,heap        ] GC(378) ParOldGen: 4263K(349696K)->4607K(349696K)
[31.778s][info][gc,metaspace   ] GC(378) Metaspace: 8607K(8832K)->8607K(8832K) NonClass: 7454K(7552K)->7454K(7552K) Class: 1153K(1280K)->1153K(1280K)
[31.778s][info][gc             ] GC(378) Pause Young (Allocation Failure) 121M->5M(483M) 1.175ms
[31.778s][info][gc,cpu         ] GC(378) User=0.00s Sys=0.00s Real=0.00s
[31.840s][info][gc,start       ] GC(379) Pause Young (Allocation Failure)
[31.843s][info][gc,heap        ] GC(379) PSYoungGen: 124256K(145408K)->4720K(147456K) Eden: 123392K(123392K)->0K(123392K) From: 864K(22016K)->4720K(24064K)
[31.843s][info][gc,heap        ] GC(379) ParOldGen: 4607K(349696K)->4999K(349696K)
[31.843s][info][gc,metaspace   ] GC(379) Metaspace: 8607K(8832K)->8607K(8832K) NonClass: 7454K(7552K)->7454K(7552K) Class: 1153K(1280K)->1153K(1280K)
[31.843s][info][gc             ] GC(379) Pause Young (Allocation Failure) 125M->9M(485M) 3.008ms
[31.843s][info][gc,cpu         ] GC(379) User=0.00s Sys=0.00s Real=0.00s
[31.899s][info][gc,start       ] GC(380) Pause Young (Allocation Failure)
[31.903s][info][gc,heap        ] GC(380) PSYoungGen: 128112K(147456K)->704K(147968K) Eden: 123392K(123392K)->0K(128000K) From: 4720K(24064K)->704K(19968K)
[31.903s][info][gc,heap        ] GC(380) ParOldGen: 4999K(349696K)->9463K(349696K)
[31.903s][info][gc,metaspace   ] GC(380) Metaspace: 8607K(8832K)->8607K(8832K) NonClass: 7454K(7552K)->7454K(7552K) Class: 1153K(1280K)->1153K(1280K)
[31.903s][info][gc             ] GC(380) Pause Young (Allocation Failure) 129M->9M(486M) 4.340ms
[31.903s][info][gc,cpu         ] GC(380) User=0.00s Sys=0.00s Real=0.00s
[31.962s][info][gc,start       ] GC(381) Pause Young (Allocation Failure)
[31.963s][info][gc,heap        ] GC(381) PSYoungGen: 128704K(147968K)->832K(149504K) Eden: 128000K(128000K)->0K(128000K) From: 704K(19968K)->832K(21504K)
[31.963s][info][gc,heap        ] GC(381) ParOldGen: 9463K(349696K)->9807K(349696K)
[31.963s][info][gc,metaspace   ] GC(381) Metaspace: 8607K(8832K)->8607K(8832K) NonClass: 7454K(7552K)->7454K(7552K) Class: 1153K(1280K)->1153K(1280K)
[31.963s][info][gc             ] GC(381) Pause Young (Allocation Failure) 134M->10M(487M) 1.192ms
[31.963s][info][gc,cpu         ] GC(381) User=0.00s Sys=0.00s Real=0.00s
[32.041s][info][gc,start       ] GC(382) Pause Young (Allocation Failure)
[32.044s][info][gc,heap        ] GC(382) PSYoungGen: 128832K(149504K)->4528K(149504K) Eden: 128000K(128000K)->0K(132608K) From: 832K(21504K)->4528K(16896K)
[32.045s][info][gc,heap        ] GC(382) ParOldGen: 9807K(349696K)->10207K(349696K)
[32.045s][info][gc,metaspace   ] GC(382) Metaspace: 8607K(8832K)->8607K(8832K) NonClass: 7454K(7552K)->7454K(7552K) Class: 1153K(1280K)->1153K(1280K)
[32.045s][info][gc             ] GC(382) Pause Young (Allocation Failure) 135M->14M(487M) 3.288ms
[32.045s][info][gc,cpu         ] GC(382) User=0.00s Sys=0.00s Real=0.00s
[32.123s][info][gc,start       ] GC(383) Pause Young (Allocation Failure)
[32.128s][info][gc,heap        ] GC(383) PSYoungGen: 137136K(149504K)->672K(151552K) Eden: 132608K(132608K)->0K(132608K) From: 4528K(16896K)->672K(18944K)
[32.128s][info][gc,heap        ] GC(383) ParOldGen: 10207K(349696K)->14536K(349696K)
[32.128s][info][gc,metaspace   ] GC(383) Metaspace: 8607K(8832K)->8607K(8832K) NonClass: 7454K(7552K)->7454K(7552K) Class: 1153K(1280K)->1153K(1280K)
[32.128s][info][gc             ] GC(383) Pause Young (Allocation Failure) 143M->14M(489M) 4.322ms
[32.128s][info][gc,cpu         ] GC(383) User=0.17s Sys=0.00s Real=0.00s
[32.190s][info][gc,start       ] GC(384) Pause Young (Allocation Failure)
[32.191s][info][gc,heap        ] GC(384) PSYoungGen: 133280K(151552K)->896K(153088K) Eden: 132608K(132608K)->0K(137216K) From: 672K(18944K)->896K(15872K)
[32.192s][info][gc,heap        ] GC(384) ParOldGen: 14536K(349696K)->14872K(349696K)
[32.192s][info][gc,metaspace   ] GC(384) Metaspace: 8607K(8832K)->8607K(8832K) NonClass: 7454K(7552K)->7454K(7552K) Class: 1153K(1280K)->1153K(1280K)
[32.192s][info][gc             ] GC(384) Pause Young (Allocation Failure) 144M->15M(491M) 1.303ms
[32.192s][info][gc,cpu         ] GC(384) User=0.00s Sys=0.00s Real=0.00s
[32.271s][info][gc,start       ] GC(385) Pause Young (Allocation Failure)
[32.276s][info][gc,heap        ] GC(385) PSYoungGen: 138112K(153088K)->9136K(154624K) Eden: 137216K(137216K)->0K(137216K) From: 896K(15872K)->9136K(17408K)
[32.276s][info][gc,heap        ] GC(385) ParOldGen: 14872K(349696K)->15264K(349696K)
[32.276s][info][gc,metaspace   ] GC(385) Metaspace: 8607K(8832K)->8607K(8832K) NonClass: 7454K(7552K)->7454K(7552K) Class: 1153K(1280K)->1153K(1280K)
[32.276s][info][gc             ] GC(385) Pause Young (Allocation Failure) 149M->23M(492M) 5.693ms
[32.276s][info][gc,cpu         ] GC(385) User=0.00s Sys=0.00s Real=0.01s
[32.343s][info][gc,start       ] GC(386) Pause Young (Allocation Failure)
[32.351s][info][gc,heap        ] GC(386) PSYoungGen: 146352K(154624K)->672K(156672K) Eden: 137216K(137216K)->0K(139264K) From: 9136K(17408K)->672K(17408K)
[32.351s][info][gc,heap        ] GC(386) ParOldGen: 15264K(349696K)->24224K(349696K)
[32.351s][info][gc,metaspace   ] GC(386) Metaspace: 8607K(8832K)->8607K(8832K) NonClass: 7454K(7552K)->7454K(7552K) Class: 1153K(1280K)->1153K(1280K)
[32.351s][info][gc             ] GC(386) Pause Young (Allocation Failure) 157M->24M(494M) 7.983ms
[32.351s][info][gc,cpu         ] GC(386) User=0.17s Sys=0.00s Real=0.01s
[32.419s][info][gc,start       ] GC(387) Pause Young (Allocation Failure)
[32.420s][info][gc,heap        ] GC(387) PSYoungGen: 139936K(156672K)->800K(140288K) Eden: 139264K(139264K)->0K(139264K) From: 672K(17408K)->800K(1024K)
[32.420s][info][gc,heap        ] GC(387) ParOldGen: 24224K(349696K)->24568K(349696K)
[32.420s][info][gc,metaspace   ] GC(387) Metaspace: 8607K(8832K)->8607K(8832K) NonClass: 7454K(7552K)->7454K(7552K) Class: 1153K(1280K)->1153K(1280K)
[32.420s][info][gc             ] GC(387) Pause Young (Allocation Failure) 160M->24M(478M) 1.317ms
[32.420s][info][gc,cpu         ] GC(387) User=0.00s Sys=0.00s Real=0.00s
[32.494s][info][gc,start       ] GC(388) Pause Young (Allocation Failure)
[32.496s][info][gc,heap        ] GC(388) PSYoungGen: 140064K(140288K)->4480K(157184K) Eden: 139264K(139264K)->0K(140800K) From: 800K(1024K)->4480K(16384K)
[32.496s][info][gc,heap        ] GC(388) ParOldGen: 24568K(349696K)->25264K(349696K)
[32.496s][info][gc,metaspace   ] GC(388) Metaspace: 8607K(8832K)->8607K(8832K) NonClass: 7454K(7552K)->7454K(7552K) Class: 1153K(1280K)->1153K(1280K)
[32.496s][info][gc             ] GC(388) Pause Young (Allocation Failure) 160M->29M(495M) 2.778ms
[32.496s][info][gc,cpu         ] GC(388) User=0.00s Sys=0.00s Real=0.00s
[32.559s][info][gc,start       ] GC(389) Pause Young (Allocation Failure)
[32.564s][info][gc,heap        ] GC(389) PSYoungGen: 145280K(157184K)->768K(156160K) Eden: 140800K(140800K)->0K(140800K) From: 4480K(16384K)->768K(15360K)
[32.564s][info][gc,heap        ] GC(389) ParOldGen: 25264K(349696K)->29432K(349696K)
[32.564s][info][gc,metaspace   ] GC(389) Metaspace: 8607K(8832K)->8607K(8832K) NonClass: 7454K(7552K)->7454K(7552K) Class: 1153K(1280K)->1153K(1280K)
[32.564s][info][gc             ] GC(389) Pause Young (Allocation Failure) 166M->29M(494M) 4.167ms
[32.564s][info][gc,cpu         ] GC(389) User=0.17s Sys=0.00s Real=0.00s
[32.646s][info][gc,start       ] GC(390) Pause Young (Allocation Failure)
[32.647s][info][gc,heap        ] GC(390) PSYoungGen: 141568K(156160K)->960K(158208K) Eden: 140800K(140800K)->0K(143360K) From: 768K(15360K)->960K(14848K)
[32.647s][info][gc,heap        ] GC(390) ParOldGen: 29432K(349696K)->29768K(349696K)
[32.647s][info][gc,metaspace   ] GC(390) Metaspace: 8607K(8832K)->8607K(8832K) NonClass: 7454K(7552K)->7454K(7552K) Class: 1153K(1280K)->1153K(1280K)
[32.647s][info][gc             ] GC(390) Pause Young (Allocation Failure) 166M->30M(496M) 1.387ms
[32.647s][info][gc,cpu         ] GC(390) User=0.00s Sys=0.00s Real=0.00s
[32.732s][info][gc,start       ] GC(391) Pause Young (Allocation Failure)
[32.735s][info][gc,heap        ] GC(391) PSYoungGen: 144320K(158208K)->4448K(157696K) Eden: 143360K(143360K)->0K(143360K) From: 960K(14848K)->4448K(14336K)
[32.735s][info][gc,heap        ] GC(391) ParOldGen: 29768K(349696K)->30456K(349696K)
[32.735s][info][gc,metaspace   ] GC(391) Metaspace: 8607K(8832K)->8607K(8832K) NonClass: 7454K(7552K)->7454K(7552K) Class: 1153K(1280K)->1153K(1280K)
[32.735s][info][gc             ] GC(391) Pause Young (Allocation Failure) 170M->34M(495M) 3.022ms
[32.736s][info][gc,cpu         ] GC(391) User=0.17s Sys=0.00s Real=0.00s
[32.802s][info][gc,start       ] GC(392) Pause Young (Allocation Failure)
[32.806s][info][gc,heap        ] GC(392) PSYoungGen: 147808K(157696K)->896K(159232K) Eden: 143360K(143360K)->0K(146432K) From: 4448K(14336K)->896K(12800K)
[32.806s][info][gc,heap        ] GC(392) ParOldGen: 30456K(349696K)->34496K(349696K)
[32.806s][info][gc,metaspace   ] GC(392) Metaspace: 8607K(8832K)->8607K(8832K) NonClass: 7454K(7552K)->7454K(7552K) Class: 1153K(1280K)->1153K(1280K)
[32.806s][info][gc             ] GC(392) Pause Young (Allocation Failure) 174M->34M(497M) 4.197ms
[32.806s][info][gc,cpu         ] GC(392) User=0.00s Sys=0.00s Real=0.00s
[32.872s][info][gc,start       ] GC(393) Pause Young (Allocation Failure)
[32.874s][info][gc,heap        ] GC(393) PSYoungGen: 147328K(159232K)->832K(159232K) Eden: 146432K(146432K)->0K(146432K) From: 896K(12800K)->832K(12800K)
[32.874s][info][gc,heap        ] GC(393) ParOldGen: 34496K(349696K)->35128K(349696K)
[32.874s][info][gc,metaspace   ] GC(393) Metaspace: 8607K(8832K)->8607K(8832K) NonClass: 7454K(7552K)->7454K(7552K) Class: 1153K(1280K)->1153K(1280K)
[32.874s][info][gc             ] GC(393) Pause Young (Allocation Failure) 177M->35M(497M) 1.640ms
[32.874s][info][gc,cpu         ] GC(393) User=0.00s Sys=0.00s Real=0.00s
[32.954s][info][gc,start       ] GC(394) Pause Young (Allocation Failure)
[32.959s][info][gc,heap        ] GC(394) PSYoungGen: 147264K(159232K)->9120K(159232K) Eden: 146432K(146432K)->0K(146944K) From: 832K(12800K)->9120K(12288K)
[32.959s][info][gc,heap        ] GC(394) ParOldGen: 35128K(349696K)->35520K(349696K)
[32.959s][info][gc,metaspace   ] GC(394) Metaspace: 8607K(8832K)->8607K(8832K) NonClass: 7454K(7552K)->7454K(7552K) Class: 1153K(1280K)->1153K(1280K)
[32.960s][info][gc             ] GC(394) Pause Young (Allocation Failure) 178M->43M(497M) 5.719ms
[32.960s][info][gc,cpu         ] GC(394) User=0.00s Sys=0.00s Real=0.01s
[33.026s][info][gc,start       ] GC(395) Pause Young (Allocation Failure)
[33.033s][info][gc,heap        ] GC(395) PSYoungGen: 156064K(159232K)->736K(160768K) Eden: 146944K(146944K)->0K(146944K) From: 9120K(12288K)->736K(13824K)
[33.034s][info][gc,heap        ] GC(395) ParOldGen: 35520K(349696K)->44424K(349696K)
[33.034s][info][gc,metaspace   ] GC(395) Metaspace: 8607K(8832K)->8607K(8832K) NonClass: 7454K(7552K)->7454K(7552K) Class: 1153K(1280K)->1153K(1280K)
[33.034s][info][gc             ] GC(395) Pause Young (Allocation Failure) 187M->44M(498M) 7.865ms
[33.034s][info][gc,cpu         ] GC(395) User=0.17s Sys=0.00s Real=0.01s
[33.113s][info][gc,start       ] GC(396) Pause Young (Allocation Failure)
[33.114s][info][gc,heap        ] GC(396) PSYoungGen: 147680K(160768K)->928K(159232K) Eden: 146944K(146944K)->0K(147456K) From: 736K(13824K)->928K(11776K)
[33.115s][info][gc,heap        ] GC(396) ParOldGen: 44424K(349696K)->44760K(349696K)
[33.115s][info][gc,metaspace   ] GC(396) Metaspace: 8607K(8832K)->8607K(8832K) NonClass: 7454K(7552K)->7454K(7552K) Class: 1153K(1280K)->1153K(1280K)
[33.115s][info][gc             ] GC(396) Pause Young (Allocation Failure) 187M->44M(497M) 1.456ms
[33.115s][info][gc,cpu         ] GC(396) User=0.00s Sys=0.00s Real=0.00s
[33.201s][info][gc,start       ] GC(397) Pause Young (Allocation Failure)
[33.204s][info][gc,heap        ] GC(397) PSYoungGen: 148384K(159232K)->4544K(160256K) Eden: 147456K(147456K)->0K(147456K) From: 928K(11776K)->4544K(12800K)
[33.204s][info][gc,heap        ] GC(397) ParOldGen: 44760K(349696K)->45456K(349696K)
[33.204s][info][gc,metaspace   ] GC(397) Metaspace: 8607K(8832K)->8607K(8832K) NonClass: 7454K(7552K)->7454K(7552K) Class: 1153K(1280K)->1153K(1280K)
[33.204s][info][gc             ] GC(397) Pause Young (Allocation Failure) 188M->48M(498M) 2.937ms
[33.204s][info][gc,cpu         ] GC(397) User=0.00s Sys=0.00s Real=0.00s
[33.273s][info][gc,start       ] GC(398) Pause Young (Allocation Failure)
[33.277s][info][gc,heap        ] GC(398) PSYoungGen: 152000K(160256K)->928K(160256K) Eden: 147456K(147456K)->0K(149504K) From: 4544K(12800K)->928K(10752K)
[33.277s][info][gc,heap        ] GC(398) ParOldGen: 45456K(349696K)->49616K(349696K)
[33.277s][info][gc,metaspace   ] GC(398) Metaspace: 8607K(8832K)->8607K(8832K) NonClass: 7454K(7552K)->7454K(7552K) Class: 1153K(1280K)->1153K(1280K)
[33.277s][info][gc             ] GC(398) Pause Young (Allocation Failure) 192M->49M(498M) 4.244ms
[33.277s][info][gc,cpu         ] GC(398) User=0.00s Sys=0.00s Real=0.00s
[33.345s][info][gc,start       ] GC(399) Pause Young (Allocation Failure)
[33.346s][info][gc,heap        ] GC(399) PSYoungGen: 150432K(160256K)->832K(161280K) Eden: 149504K(149504K)->0K(149504K) From: 928K(10752K)->832K(11776K)
[33.347s][info][gc,heap        ] GC(399) ParOldGen: 49616K(349696K)->50232K(349696K)
[33.347s][info][gc,metaspace   ] GC(399) Metaspace: 8607K(8832K)->8607K(8832K) NonClass: 7454K(7552K)->7454K(7552K) Class: 1153K(1280K)->1153K(1280K)
[33.347s][info][gc             ] GC(399) Pause Young (Allocation Failure) 195M->49M(499M) 1.563ms
[33.347s][info][gc,cpu         ] GC(399) User=0.00s Sys=0.00s Real=0.00s
[33.421s][info][gc,start       ] GC(400) Pause Young (Allocation Failure)
[33.424s][info][gc,heap        ] GC(400) PSYoungGen: 150336K(161280K)->4720K(162304K) Eden: 149504K(149504K)->0K(151552K) From: 832K(11776K)->4720K(10752K)
[33.424s][info][gc,heap        ] GC(400) ParOldGen: 50232K(349696K)->50632K(349696K)
[33.424s][info][gc,metaspace   ] GC(400) Metaspace: 8607K(8832K)->8607K(8832K) NonClass: 7454K(7552K)->7454K(7552K) Class: 1153K(1280K)->1153K(1280K)
[33.424s][info][gc             ] GC(400) Pause Young (Allocation Failure) 195M->54M(500M) 3.127ms
[33.424s][info][gc,cpu         ] GC(400) User=0.00s Sys=0.00s Real=0.00s
[33.492s][info][gc,start       ] GC(401) Pause Young (Allocation Failure)
[33.496s][info][gc,heap        ] GC(401) PSYoungGen: 156272K(162304K)->864K(162816K) Eden: 151552K(151552K)->0K(151552K) From: 4720K(10752K)->864K(11264K)
[33.496s][info][gc,heap        ] GC(401) ParOldGen: 50632K(349696K)->54968K(349696K)
[33.496s][info][gc,metaspace   ] GC(401) Metaspace: 8607K(8832K)->8607K(8832K) NonClass: 7454K(7552K)->7454K(7552K) Class: 1153K(1280K)->1153K(1280K)
[33.496s][info][gc             ] GC(401) Pause Young (Allocation Failure) 202M->54M(500M) 4.484ms
[33.496s][info][gc,cpu         ] GC(401) User=0.00s Sys=0.00s Real=0.00s
[33.597s][info][gc,start       ] GC(402) Pause Young (Allocation Failure)
[33.609s][info][gc,heap        ] GC(402) PSYoungGen: 152416K(162816K)->10720K(153600K) Eden: 151552K(151552K)->0K(142848K) From: 864K(11264K)->10720K(10752K)
[33.609s][info][gc,heap        ] GC(402) ParOldGen: 54968K(349696K)->62504K(349696K)
[33.609s][info][gc,metaspace   ] GC(402) Metaspace: 8607K(8832K)->8607K(8832K) NonClass: 7454K(7552K)->7454K(7552K) Class: 1153K(1280K)->1153K(1280K)
[33.609s][info][gc             ] GC(402) Pause Young (Allocation Failure) 202M->71M(491M) 12.044ms
[33.609s][info][gc,cpu         ] GC(402) User=0.19s Sys=0.00s Real=0.01s
[33.672s][info][gc,start       ] GC(403) Pause Young (Allocation Failure)
[33.681s][info][gc,heap        ] GC(403) PSYoungGen: 153568K(153600K)->832K(158720K) Eden: 142848K(142848K)->0K(142848K) From: 10720K(10752K)->832K(15872K)
[33.681s][info][gc,heap        ] GC(403) ParOldGen: 62504K(349696K)->73136K(349696K)
[33.681s][info][gc,metaspace   ] GC(403) Metaspace: 8607K(8832K)->8607K(8832K) NonClass: 7454K(7552K)->7454K(7552K) Class: 1153K(1280K)->1153K(1280K)
[33.681s][info][gc             ] GC(403) Pause Young (Allocation Failure) 211M->72M(496M) 8.954ms
[33.681s][info][gc,cpu         ] GC(403) User=0.00s Sys=0.00s Real=0.00s
[33.748s][info][gc,start       ] GC(404) Pause Young (Allocation Failure)
[33.749s][info][gc,heap        ] GC(404) PSYoungGen: 143680K(158720K)->928K(156160K) Eden: 142848K(142848K)->0K(143360K) From: 832K(15872K)->928K(12800K)
[33.750s][info][gc,heap        ] GC(404) ParOldGen: 73136K(349696K)->73504K(349696K)
[33.750s][info][gc,metaspace   ] GC(404) Metaspace: 8607K(8832K)->8607K(8832K) NonClass: 7454K(7552K)->7454K(7552K) Class: 1153K(1280K)->1153K(1280K)
[33.750s][info][gc             ] GC(404) Pause Young (Allocation Failure) 211M->72M(494M) 1.702ms
[33.750s][info][gc,cpu         ] GC(404) User=0.17s Sys=0.00s Real=0.02s
[33.814s][info][gc,start       ] GC(405) Pause Young (Allocation Failure)
[33.815s][info][gc,heap        ] GC(405) PSYoungGen: 144288K(156160K)->832K(157696K) Eden: 143360K(143360K)->0K(143360K) From: 928K(12800K)->832K(14336K)
[33.815s][info][gc,heap        ] GC(405) ParOldGen: 73504K(349696K)->74136K(349696K)
[33.815s][info][gc,metaspace   ] GC(405) Metaspace: 8607K(8832K)->8607K(8832K) NonClass: 7454K(7552K)->7454K(7552K) Class: 1153K(1280K)->1153K(1280K)
[33.815s][info][gc             ] GC(405) Pause Young (Allocation Failure) 212M->73M(495M) 1.543ms
[33.815s][info][gc,cpu         ] GC(405) User=0.00s Sys=0.00s Real=0.00s
[33.887s][info][gc,start       ] GC(406) Pause Young (Allocation Failure)
[33.890s][info][gc,heap        ] GC(406) PSYoungGen: 144192K(157696K)->4768K(158720K) Eden: 143360K(143360K)->0K(146432K) From: 832K(14336K)->4768K(12288K)
[33.891s][info][gc,heap        ] GC(406) ParOldGen: 74136K(349696K)->74544K(349696K)
[33.891s][info][gc,metaspace   ] GC(406) Metaspace: 8607K(8832K)->8607K(8832K) NonClass: 7454K(7552K)->7454K(7552K) Class: 1153K(1280K)->1153K(1280K)
[33.891s][info][gc             ] GC(406) Pause Young (Allocation Failure) 213M->77M(496M) 3.089ms
[33.891s][info][gc,cpu         ] GC(406) User=0.00s Sys=0.00s Real=0.00s
[33.959s][info][gc,start       ] GC(407) Pause Young (Allocation Failure)
[33.964s][info][gc,heap        ] GC(407) PSYoungGen: 151200K(158720K)->736K(159744K) Eden: 146432K(146432K)->0K(146432K) From: 4768K(12288K)->736K(13312K)
[33.964s][info][gc,heap        ] GC(407) ParOldGen: 74544K(349696K)->79016K(349696K)
[33.964s][info][gc,metaspace   ] GC(407) Metaspace: 8607K(8832K)->8607K(8832K) NonClass: 7454K(7552K)->7454K(7552K) Class: 1153K(1280K)->1153K(1280K)
[33.964s][info][gc             ] GC(407) Pause Young (Allocation Failure) 220M->77M(497M) 4.432ms
[33.964s][info][gc,cpu         ] GC(407) User=0.00s Sys=0.00s Real=0.00s
[34.035s][info][gc,start       ] GC(408) Pause Young (Allocation Failure)
[34.039s][info][gc,heap        ] GC(408) PSYoungGen: 147168K(159744K)->4640K(159744K) Eden: 146432K(146432K)->0K(148480K) From: 736K(13312K)->4640K(11264K)
[34.039s][info][gc,heap        ] GC(408) ParOldGen: 79016K(349696K)->79360K(349696K)
[34.039s][info][gc,metaspace   ] GC(408) Metaspace: 8607K(8832K)->8607K(8832K) NonClass: 7454K(7552K)->7454K(7552K) Class: 1153K(1280K)->1153K(1280K)
[34.039s][info][gc             ] GC(408) Pause Young (Allocation Failure) 220M->82M(497M) 3.289ms
[34.039s][info][gc,cpu         ] GC(408) User=0.17s Sys=0.00s Real=0.02s
[34.108s][info][gc,start       ] GC(409) Pause Young (Allocation Failure)
[34.112s][info][gc,heap        ] GC(409) PSYoungGen: 153120K(159744K)->800K(160768K) Eden: 148480K(148480K)->0K(148480K) From: 4640K(11264K)->800K(12288K)
[34.112s][info][gc,heap        ] GC(409) ParOldGen: 79360K(349696K)->83768K(349696K)
[34.112s][info][gc,metaspace   ] GC(409) Metaspace: 8607K(8832K)->8607K(8832K) NonClass: 7454K(7552K)->7454K(7552K) Class: 1153K(1280K)->1153K(1280K)
[34.112s][info][gc             ] GC(409) Pause Young (Allocation Failure) 227M->82M(498M) 4.479ms
[34.112s][info][gc,cpu         ] GC(409) User=0.00s Sys=0.00s Real=0.00s
[34.178s][info][gc,start       ] GC(410) Pause Young (Allocation Failure)
[34.180s][info][gc,heap        ] GC(410) PSYoungGen: 149280K(160768K)->928K(161280K) Eden: 148480K(148480K)->0K(150016K) From: 800K(12288K)->928K(11264K)
[34.180s][info][gc,heap        ] GC(410) ParOldGen: 83768K(349696K)->84104K(349696K)
[34.180s][info][gc,metaspace   ] GC(410) Metaspace: 8607K(8832K)->8607K(8832K) NonClass: 7454K(7552K)->7454K(7552K) Class: 1153K(1280K)->1153K(1280K)
[34.180s][info][gc             ] GC(410) Pause Young (Allocation Failure) 227M->83M(499M) 1.451ms
[34.180s][info][gc,cpu         ] GC(410) User=0.00s Sys=0.00s Real=0.00s
[34.265s][info][gc,start       ] GC(411) Pause Young (Allocation Failure)
[34.274s][info][gc,heap        ] GC(411) PSYoungGen: 150944K(161280K)->8992K(161792K) Eden: 150016K(150016K)->0K(150016K) From: 928K(11264K)->8992K(11776K)
[34.274s][info][gc,heap        ] GC(411) ParOldGen: 84104K(349696K)->84808K(349696K)
[34.274s][info][gc,metaspace   ] GC(411) Metaspace: 8607K(8832K)->8607K(8832K) NonClass: 7454K(7552K)->7454K(7552K) Class: 1153K(1280K)->1153K(1280K)
[34.274s][info][gc             ] GC(411) Pause Young (Allocation Failure) 229M->91M(499M) 9.278ms
[34.274s][info][gc,cpu         ] GC(411) User=0.17s Sys=0.00s Real=0.01s
[34.359s][info][gc,start       ] GC(412) Pause Young (Allocation Failure)
[34.366s][info][gc,heap        ] GC(412) PSYoungGen: 159008K(161792K)->1056K(162304K) Eden: 150016K(150016K)->0K(149504K) From: 8992K(11776K)->1056K(12800K)
[34.366s][info][gc,heap        ] GC(412) ParOldGen: 84808K(349696K)->93384K(349696K)
[34.366s][info][gc,metaspace   ] GC(412) Metaspace: 8607K(8832K)->8607K(8832K) NonClass: 7454K(7552K)->7454K(7552K) Class: 1153K(1280K)->1153K(1280K)
[34.366s][info][gc             ] GC(412) Pause Young (Allocation Failure) 238M->92M(500M) 7.578ms
[34.366s][info][gc,cpu         ] GC(412) User=0.19s Sys=0.00s Real=0.02s
[34.444s][info][gc,start       ] GC(413) Pause Young (Allocation Failure)
[34.445s][info][gc,heap        ] GC(413) PSYoungGen: 150560K(162304K)->800K(150528K) Eden: 149504K(149504K)->0K(149504K) From: 1056K(12800K)->800K(1024K)
[34.446s][info][gc,heap        ] GC(413) ParOldGen: 93384K(349696K)->94048K(349696K)
[34.446s][info][gc,metaspace   ] GC(413) Metaspace: 8607K(8832K)->8607K(8832K) NonClass: 7454K(7552K)->7454K(7552K) Class: 1153K(1280K)->1153K(1280K)
[34.446s][info][gc             ] GC(413) Pause Young (Allocation Failure) 238M->92M(488M) 1.550ms
[34.446s][info][gc,cpu         ] GC(413) User=0.00s Sys=0.00s Real=0.00s
[34.519s][info][gc,start       ] GC(414) Pause Young (Allocation Failure)
[34.522s][info][gc,heap        ] GC(414) PSYoungGen: 150304K(150528K)->4896K(161280K) Eden: 149504K(149504K)->0K(149504K) From: 800K(1024K)->4896K(11776K)
[34.522s][info][gc,heap        ] GC(414) ParOldGen: 94048K(349696K)->94376K(349696K)
[34.522s][info][gc,metaspace   ] GC(414) Metaspace: 8607K(8832K)->8607K(8832K) NonClass: 7454K(7552K)->7454K(7552K) Class: 1153K(1280K)->1153K(1280K)
[34.522s][info][gc             ] GC(414) Pause Young (Allocation Failure) 238M->96M(499M) 3.054ms
[34.522s][info][gc,cpu         ] GC(414) User=0.00s Sys=0.00s Real=0.00s
[34.593s][info][gc,start       ] GC(415) Pause Young (Allocation Failure)
[34.597s][info][gc,heap        ] GC(415) PSYoungGen: 154400K(161280K)->800K(161280K) Eden: 149504K(149504K)->0K(149504K) From: 4896K(11776K)->800K(11776K)
[34.597s][info][gc,heap        ] GC(415) ParOldGen: 94376K(349696K)->98896K(349696K)
[34.597s][info][gc,metaspace   ] GC(415) Metaspace: 8607K(8832K)->8607K(8832K) NonClass: 7454K(7552K)->7454K(7552K) Class: 1153K(1280K)->1153K(1280K)
[34.597s][info][gc             ] GC(415) Pause Young (Allocation Failure) 242M->97M(499M) 4.470ms
[34.597s][info][gc,cpu         ] GC(415) User=0.00s Sys=0.00s Real=0.00s
[34.670s][info][gc,start       ] GC(416) Pause Young (Allocation Failure)
[34.672s][info][gc,heap        ] GC(416) PSYoungGen: 150304K(161280K)->832K(162304K) Eden: 149504K(149504K)->0K(151552K) From: 800K(11776K)->832K(10752K)
[34.672s][info][gc,heap        ] GC(416) ParOldGen: 98896K(349696K)->99520K(349696K)
[34.672s][info][gc,metaspace   ] GC(416) Metaspace: 8607K(8832K)->8607K(8832K) NonClass: 7454K(7552K)->7454K(7552K) Class: 1153K(1280K)->1153K(1280K)
[34.672s][info][gc             ] GC(416) Pause Young (Allocation Failure) 243M->98M(500M) 1.708ms
[34.672s][info][gc,cpu         ] GC(416) User=0.00s Sys=0.00s Real=0.00s
[34.752s][info][gc,start       ] GC(417) Pause Young (Allocation Failure)
[34.755s][info][gc,heap        ] GC(417) PSYoungGen: 152384K(162304K)->4576K(162304K) Eden: 151552K(151552K)->0K(151552K) From: 832K(10752K)->4576K(10752K)
[34.755s][info][gc,heap        ] GC(417) ParOldGen: 99520K(349696K)->99920K(349696K)
[34.755s][info][gc,metaspace   ] GC(417) Metaspace: 8607K(8832K)->8607K(8832K) NonClass: 7454K(7552K)->7454K(7552K) Class: 1153K(1280K)->1153K(1280K)
[34.755s][info][gc             ] GC(417) Pause Young (Allocation Failure) 246M->102M(500M) 3.381ms
[34.756s][info][gc,cpu         ] GC(417) User=0.00s Sys=0.00s Real=0.00s
[34.824s][info][gc,start       ] GC(418) Pause Young (Allocation Failure)
[34.828s][info][gc,heap        ] GC(418) PSYoungGen: 156128K(162304K)->768K(162816K) Eden: 151552K(151552K)->0K(153088K) From: 4576K(10752K)->768K(9728K)
[34.828s][info][gc,heap        ] GC(418) ParOldGen: 99920K(349696K)->104256K(349696K)
[34.828s][info][gc,metaspace   ] GC(418) Metaspace: 8607K(8832K)->8607K(8832K) NonClass: 7454K(7552K)->7454K(7552K) Class: 1153K(1280K)->1153K(1280K)
[34.828s][info][gc             ] GC(418) Pause Young (Allocation Failure) 250M->102M(500M) 4.430ms
[34.829s][info][gc,cpu         ] GC(418) User=0.19s Sys=0.00s Real=0.01s
[34.940s][info][gc,start       ] GC(419) Pause Young (Allocation Failure)
[34.955s][info][gc,heap        ] GC(419) PSYoungGen: 153856K(162816K)->10208K(163328K) Eden: 153088K(153088K)->0K(153088K) From: 768K(9728K)->10208K(10240K)
[34.955s][info][gc,heap        ] GC(419) ParOldGen: 104256K(349696K)->115408K(349696K)
[34.955s][info][gc,metaspace   ] GC(419) Metaspace: 8607K(8832K)->8607K(8832K) NonClass: 7454K(7552K)->7454K(7552K) Class: 1153K(1280K)->1153K(1280K)
[34.956s][info][gc             ] GC(419) Pause Young (Allocation Failure) 252M->122M(501M) 15.811ms
[34.956s][info][gc,cpu         ] GC(419) User=0.19s Sys=0.00s Real=0.02s
[35.299s][info][gc,start       ] GC(420) Pause Young (System.gc())
[35.327s][info][gc,heap        ] GC(420) PSYoungGen: 100168K(163328K)->11232K(126464K) Eden: 89960K(153088K)->0K(115200K) From: 10208K(10240K)->11232K(11264K)
[35.327s][info][gc,heap        ] GC(420) ParOldGen: 115408K(349696K)->147384K(349696K)
[35.327s][info][gc,metaspace   ] GC(420) Metaspace: 8608K(8832K)->8608K(8832K) NonClass: 7454K(7552K)->7454K(7552K) Class: 1153K(1280K)->1153K(1280K)
[35.327s][info][gc             ] GC(420) Pause Young (System.gc()) 210M->154M(465M) 27.435ms
[35.327s][info][gc,cpu         ] GC(420) User=0.19s Sys=0.00s Real=0.03s
[35.327s][info][gc,start       ] GC(421) Pause Full (System.gc())
[35.327s][info][gc,phases,start] GC(421) Marking Phase
[35.333s][info][gc,phases      ] GC(421) Marking Phase 5.974ms
[35.333s][info][gc,phases,start] GC(421) Summary Phase
[35.333s][info][gc,phases      ] GC(421) Summary Phase 0.016ms
[35.333s][info][gc,phases,start] GC(421) Adjust Roots
[35.334s][info][gc,phases      ] GC(421) Adjust Roots 1.350ms
[35.334s][info][gc,phases,start] GC(421) Compaction Phase
[35.336s][info][gc,phases      ] GC(421) Compaction Phase 1.250ms
[35.336s][info][gc,phases,start] GC(421) Post Compact
[35.337s][info][gc,phases      ] GC(421) Post Compact 0.862ms
[35.337s][info][gc,heap        ] GC(421) PSYoungGen: 11232K(126464K)->0K(126464K) Eden: 0K(115200K)->0K(115200K) From: 11232K(11264K)->0K(11264K)
[35.337s][info][gc,heap        ] GC(421) ParOldGen: 147384K(349696K)->3527K(349696K)
[35.337s][info][gc,metaspace   ] GC(421) Metaspace: 8608K(8832K)->8608K(8832K) NonClass: 7454K(7552K)->7454K(7552K) Class: 1153K(1280K)->1153K(1280K)
[35.337s][info][gc             ] GC(421) Pause Full (System.gc()) 154M->3M(465M) 9.635ms
[35.337s][info][gc,cpu         ] GC(421) User=0.17s Sys=0.00s Real=0.01s
[35.390s][info][gc,start       ] GC(422) Pause Young (Allocation Failure)
[35.391s][info][gc,heap        ] GC(422) PSYoungGen: 115200K(126464K)->640K(144896K) Eden: 115200K(115200K)->0K(115200K) From: 0K(11264K)->640K(29696K)
[35.391s][info][gc,heap        ] GC(422) ParOldGen: 3527K(349696K)->3527K(349696K)
[35.391s][info][gc,metaspace   ] GC(422) Metaspace: 8608K(8832K)->8608K(8832K) NonClass: 7455K(7552K)->7455K(7552K) Class: 1153K(1280K)->1153K(1280K)
[35.391s][info][gc             ] GC(422) Pause Young (Allocation Failure) 115M->4M(483M) 0.933ms
[35.391s][info][gc,cpu         ] GC(422) User=0.00s Sys=0.00s Real=0.00s
[35.443s][info][gc,start       ] GC(423) Pause Young (Allocation Failure)
[35.444s][info][gc,heap        ] GC(423) PSYoungGen: 115840K(144896K)->752K(142848K) Eden: 115200K(115200K)->0K(116224K) From: 640K(29696K)->752K(26624K)
[35.444s][info][gc,heap        ] GC(423) ParOldGen: 3527K(349696K)->3887K(349696K)
[35.444s][info][gc,metaspace   ] GC(423) Metaspace: 8608K(8832K)->8608K(8832K) NonClass: 7455K(7552K)->7455K(7552K) Class: 1153K(1280K)->1153K(1280K)
[35.444s][info][gc             ] GC(423) Pause Young (Allocation Failure) 116M->4M(481M) 1.886ms
[35.444s][info][gc,cpu         ] GC(423) User=0.00s Sys=0.00s Real=0.00s
[35.497s][info][gc,start       ] GC(424) Pause Young (Allocation Failure)
[35.498s][info][gc,heap        ] GC(424) PSYoungGen: 116976K(142848K)->768K(144384K) Eden: 116224K(116224K)->0K(116224K) From: 752K(26624K)->768K(28160K)
[35.498s][info][gc,heap        ] GC(424) ParOldGen: 3887K(349696K)->4215K(349696K)
[35.498s][info][gc,metaspace   ] GC(424) Metaspace: 8608K(8832K)->8608K(8832K) NonClass: 7455K(7552K)->7455K(7552K) Class: 1153K(1280K)->1153K(1280K)
[35.498s][info][gc             ] GC(424) Pause Young (Allocation Failure) 118M->4M(482M) 1.033ms
[35.498s][info][gc,cpu         ] GC(424) User=0.00s Sys=0.00s Real=0.00s
[35.550s][info][gc,start       ] GC(425) Pause Young (Allocation Failure)
[35.551s][info][gc,heap        ] GC(425) PSYoungGen: 116992K(144384K)->832K(143872K) Eden: 116224K(116224K)->0K(119296K) From: 768K(28160K)->832K(24576K)
[35.551s][info][gc,heap        ] GC(425) ParOldGen: 4215K(349696K)->4543K(349696K)
[35.551s][info][gc,metaspace   ] GC(425) Metaspace: 8608K(8832K)->8608K(8832K) NonClass: 7455K(7552K)->7455K(7552K) Class: 1153K(1280K)->1153K(1280K)
[35.551s][info][gc             ] GC(425) Pause Young (Allocation Failure) 118M->5M(482M) 1.384ms
[35.551s][info][gc,cpu         ] GC(425) User=0.00s Sys=0.00s Real=0.00s
[35.610s][info][gc,start       ] GC(426) Pause Young (Allocation Failure)
[35.613s][info][gc,heap        ] GC(426) PSYoungGen: 120128K(143872K)->4608K(145408K) Eden: 119296K(119296K)->0K(119296K) From: 832K(24576K)->4608K(26112K)
[35.613s][info][gc,heap        ] GC(426) ParOldGen: 4543K(349696K)->4943K(349696K)
[35.613s][info][gc,metaspace   ] GC(426) Metaspace: 8608K(8832K)->8608K(8832K) NonClass: 7455K(7552K)->7455K(7552K) Class: 1153K(1280K)->1153K(1280K)
[35.613s][info][gc             ] GC(426) Pause Young (Allocation Failure) 121M->9M(483M) 2.712ms
[35.613s][info][gc,cpu         ] GC(426) User=0.00s Sys=0.00s Real=0.00s
[35.666s][info][gc,start       ] GC(427) Pause Young (Allocation Failure)
[35.671s][info][gc,heap        ] GC(427) PSYoungGen: 123904K(145408K)->608K(146944K) Eden: 119296K(119296K)->0K(124416K) From: 4608K(26112K)->608K(22528K)
[35.671s][info][gc,heap        ] GC(427) ParOldGen: 4943K(349696K)->9415K(349696K)
[35.671s][info][gc,metaspace   ] GC(427) Metaspace: 8608K(8832K)->8608K(8832K) NonClass: 7455K(7552K)->7455K(7552K) Class: 1153K(1280K)->1153K(1280K)
[35.671s][info][gc             ] GC(427) Pause Young (Allocation Failure) 125M->9M(485M) 4.404ms
[35.671s][info][gc,cpu         ] GC(427) User=0.00s Sys=0.00s Real=0.00s
[35.744s][info][gc,start       ] GC(428) Pause Young (Allocation Failure)
[35.745s][info][gc,heap        ] GC(428) PSYoungGen: 125024K(146944K)->832K(147456K) Eden: 124416K(124416K)->0K(124416K) From: 608K(22528K)->832K(23040K)
[35.745s][info][gc,heap        ] GC(428) ParOldGen: 9415K(349696K)->9751K(349696K)
[35.745s][info][gc,metaspace   ] GC(428) Metaspace: 8608K(8832K)->8608K(8832K) NonClass: 7455K(7552K)->7455K(7552K) Class: 1153K(1280K)->1153K(1280K)
[35.745s][info][gc             ] GC(428) Pause Young (Allocation Failure) 131M->10M(485M) 1.216ms
[35.745s][info][gc,cpu         ] GC(428) User=0.00s Sys=0.00s Real=0.00s
[35.815s][info][gc,start       ] GC(429) Pause Young (Allocation Failure)
[35.818s][info][gc,heap        ] GC(429) PSYoungGen: 125248K(147456K)->4448K(148992K) Eden: 124416K(124416K)->0K(129536K) From: 832K(23040K)->4448K(19456K)
[35.818s][info][gc,heap        ] GC(429) ParOldGen: 9751K(349696K)->10143K(349696K)
[35.818s][info][gc,metaspace   ] GC(429) Metaspace: 8608K(8832K)->8608K(8832K) NonClass: 7455K(7552K)->7455K(7552K) Class: 1153K(1280K)->1153K(1280K)
[35.818s][info][gc             ] GC(429) Pause Young (Allocation Failure) 131M->14M(487M) 2.636ms
[35.818s][info][gc,cpu         ] GC(429) User=0.00s Sys=0.00s Real=0.00s
[35.881s][info][gc,start       ] GC(430) Pause Young (Allocation Failure)
[35.885s][info][gc,heap        ] GC(430) PSYoungGen: 133984K(148992K)->832K(150016K) Eden: 129536K(129536K)->0K(129536K) From: 4448K(19456K)->832K(20480K)
[35.885s][info][gc,heap        ] GC(430) ParOldGen: 10143K(349696K)->14176K(349696K)
[35.885s][info][gc,metaspace   ] GC(430) Metaspace: 8608K(8832K)->8608K(8832K) NonClass: 7455K(7552K)->7455K(7552K) Class: 1153K(1280K)->1153K(1280K)
[35.885s][info][gc             ] GC(430) Pause Young (Allocation Failure) 140M->14M(488M) 3.880ms
[35.885s][info][gc,cpu         ] GC(430) User=0.00s Sys=0.00s Real=0.00s
[35.949s][info][gc,start       ] GC(431) Pause Young (Allocation Failure)
[35.950s][info][gc,heap        ] GC(431) PSYoungGen: 130368K(150016K)->800K(152064K) Eden: 129536K(129536K)->0K(134656K) From: 832K(20480K)->800K(17408K)
[35.950s][info][gc,heap        ] GC(431) ParOldGen: 14176K(349696K)->14808K(349696K)
[35.950s][info][gc,metaspace   ] GC(431) Metaspace: 8608K(8832K)->8608K(8832K) NonClass: 7455K(7552K)->7455K(7552K) Class: 1153K(1280K)->1153K(1280K)
[35.950s][info][gc             ] GC(431) Pause Young (Allocation Failure) 141M->15M(490M) 1.413ms
[35.950s][info][gc,cpu         ] GC(431) User=0.00s Sys=0.00s Real=0.00s
[36.036s][info][gc,start       ] GC(432) Pause Young (Allocation Failure)
[36.042s][info][gc,heap        ] GC(432) PSYoungGen: 135456K(152064K)->9088K(153088K) Eden: 134656K(134656K)->0K(134656K) From: 800K(17408K)->9088K(18432K)
[36.042s][info][gc,heap        ] GC(432) ParOldGen: 14808K(349696K)->15208K(349696K)
[36.042s][info][gc,metaspace   ] GC(432) Metaspace: 8608K(8832K)->8608K(8832K) NonClass: 7455K(7552K)->7455K(7552K) Class: 1153K(1280K)->1153K(1280K)
[36.042s][info][gc             ] GC(432) Pause Young (Allocation Failure) 146M->23M(491M) 5.575ms
[36.042s][info][gc,cpu         ] GC(432) User=0.00s Sys=0.00s Real=0.01s
[36.111s][info][gc,start       ] GC(433) Pause Young (Allocation Failure)
[36.118s][info][gc,heap        ] GC(433) PSYoungGen: 143744K(153088K)->912K(155648K) Eden: 134656K(134656K)->0K(137216K) From: 9088K(18432K)->912K(18432K)
[36.118s][info][gc,heap        ] GC(433) ParOldGen: 15208K(349696K)->23856K(349696K)
[36.118s][info][gc,metaspace   ] GC(433) Metaspace: 8608K(8832K)->8608K(8832K) NonClass: 7455K(7552K)->7455K(7552K) Class: 1153K(1280K)->1153K(1280K)
[36.118s][info][gc             ] GC(433) Pause Young (Allocation Failure) 155M->24M(493M) 7.701ms
[36.118s][info][gc,cpu         ] GC(433) User=0.00s Sys=0.00s Real=0.01s
[36.183s][info][gc,start       ] GC(434) Pause Young (Allocation Failure)
[36.201s][info][gc,heap        ] GC(434) PSYoungGen: 138128K(155648K)->736K(138240K) Eden: 137216K(137216K)->0K(137216K) From: 912K(18432K)->736K(1024K)
[36.201s][info][gc,heap        ] GC(434) ParOldGen: 23856K(349696K)->24528K(349696K)
[36.201s][info][gc,metaspace   ] GC(434) Metaspace: 8608K(8832K)->8608K(8832K) NonClass: 7455K(7552K)->7455K(7552K) Class: 1153K(1280K)->1153K(1280K)
[36.201s][info][gc             ] GC(434) Pause Young (Allocation Failure) 158M->24M(476M) 18.228ms
[36.201s][info][gc,cpu         ] GC(434) User=0.00s Sys=0.00s Real=0.02s
[36.278s][info][gc,start       ] GC(435) Pause Young (Allocation Failure)
[36.281s][info][gc,heap        ] GC(435) PSYoungGen: 137952K(138240K)->4640K(156160K) Eden: 137216K(137216K)->0K(138752K) From: 736K(1024K)->4640K(17408K)
[36.281s][info][gc,heap        ] GC(435) ParOldGen: 24528K(349696K)->24856K(349696K)
[36.281s][info][gc,metaspace   ] GC(435) Metaspace: 8608K(8832K)->8608K(8832K) NonClass: 7455K(7552K)->7455K(7552K) Class: 1153K(1280K)->1153K(1280K)
[36.281s][info][gc             ] GC(435) Pause Young (Allocation Failure) 158M->28M(494M) 2.778ms
[36.281s][info][gc,cpu         ] GC(435) User=0.00s Sys=0.00s Real=0.00s
[36.343s][info][gc,start       ] GC(436) Pause Young (Allocation Failure)
[36.347s][info][gc,heap        ] GC(436) PSYoungGen: 143392K(156160K)->640K(155136K) Eden: 138752K(138752K)->0K(138752K) From: 4640K(17408K)->640K(16384K)
[36.347s][info][gc,heap        ] GC(436) ParOldGen: 24856K(349696K)->29376K(349696K)
[36.347s][info][gc,metaspace   ] GC(436) Metaspace: 8608K(8832K)->8608K(8832K) NonClass: 7455K(7552K)->7455K(7552K) Class: 1153K(1280K)->1153K(1280K)
[36.347s][info][gc             ] GC(436) Pause Young (Allocation Failure) 164M->29M(493M) 4.199ms
[36.347s][info][gc,cpu         ] GC(436) User=0.17s Sys=0.00s Real=0.00s
[36.412s][info][gc,start       ] GC(437) Pause Young (Allocation Failure)
[36.413s][info][gc,heap        ] GC(437) PSYoungGen: 139392K(155136K)->800K(157184K) Eden: 138752K(138752K)->0K(141824K) From: 640K(16384K)->800K(15360K)
[36.413s][info][gc,heap        ] GC(437) ParOldGen: 29376K(349696K)->29720K(349696K)
[36.413s][info][gc,metaspace   ] GC(437) Metaspace: 8608K(8832K)->8608K(8832K) NonClass: 7455K(7552K)->7455K(7552K) Class: 1153K(1280K)->1153K(1280K)
[36.413s][info][gc             ] GC(437) Pause Young (Allocation Failure) 164M->29M(495M) 1.078ms
[36.413s][info][gc,cpu         ] GC(437) User=0.00s Sys=0.00s Real=0.00s
[36.483s][info][gc,start       ] GC(438) Pause Young (Allocation Failure)
[36.486s][info][gc,heap        ] GC(438) PSYoungGen: 142624K(157184K)->4672K(156672K) Eden: 141824K(141824K)->0K(141824K) From: 800K(15360K)->4672K(14848K)
[36.486s][info][gc,heap        ] GC(438) ParOldGen: 29720K(349696K)->30048K(349696K)
[36.486s][info][gc,metaspace   ] GC(438) Metaspace: 8608K(8832K)->8608K(8832K) NonClass: 7455K(7552K)->7455K(7552K) Class: 1153K(1280K)->1153K(1280K)
[36.486s][info][gc             ] GC(438) Pause Young (Allocation Failure) 168M->33M(494M) 2.917ms
[36.486s][info][gc,cpu         ] GC(438) User=0.17s Sys=0.00s Real=0.00s
[36.552s][info][gc,start       ] GC(439) Pause Young (Allocation Failure)
[36.556s][info][gc,heap        ] GC(439) PSYoungGen: 146496K(156672K)->736K(159232K) Eden: 141824K(141824K)->0K(144896K) From: 4672K(14848K)->736K(14336K)
[36.556s][info][gc,heap        ] GC(439) ParOldGen: 30048K(349696K)->34432K(349696K)
[36.556s][info][gc,metaspace   ] GC(439) Metaspace: 8608K(8832K)->8608K(8832K) NonClass: 7455K(7552K)->7455K(7552K) Class: 1153K(1280K)->1153K(1280K)
[36.556s][info][gc             ] GC(439) Pause Young (Allocation Failure) 172M->34M(497M) 4.207ms
[36.556s][info][gc,cpu         ] GC(439) User=0.17s Sys=0.00s Real=0.02s
[36.622s][info][gc,start       ] GC(440) Pause Young (Allocation Failure)
[36.624s][info][gc,heap        ] GC(440) PSYoungGen: 145632K(159232K)->928K(158720K) Eden: 144896K(144896K)->0K(144896K) From: 736K(14336K)->928K(13824K)
[36.624s][info][gc,heap        ] GC(440) ParOldGen: 34432K(349696K)->34736K(349696K)
[36.624s][info][gc,metaspace   ] GC(440) Metaspace: 8608K(8832K)->8608K(8832K) NonClass: 7455K(7552K)->7455K(7552K) Class: 1153K(1280K)->1153K(1280K)
[36.624s][info][gc             ] GC(440) Pause Young (Allocation Failure) 175M->34M(496M) 1.663ms
[36.624s][info][gc,cpu         ] GC(440) User=0.00s Sys=0.00s Real=0.00s
[36.704s][info][gc,start       ] GC(441) Pause Young (Allocation Failure)
[36.710s][info][gc,heap        ] GC(441) PSYoungGen: 145824K(158720K)->8928K(158720K) Eden: 144896K(144896K)->0K(145408K) From: 928K(13824K)->8928K(13312K)
[36.710s][info][gc,heap        ] GC(441) ParOldGen: 34736K(349696K)->35424K(349696K)
[36.710s][info][gc,metaspace   ] GC(441) Metaspace: 8608K(8832K)->8608K(8832K) NonClass: 7455K(7552K)->7455K(7552K) Class: 1153K(1280K)->1153K(1280K)
[36.710s][info][gc             ] GC(441) Pause Young (Allocation Failure) 176M->43M(496M) 5.487ms
[36.710s][info][gc,cpu         ] GC(441) User=0.00s Sys=0.00s Real=0.00s
[36.778s][info][gc,start       ] GC(442) Pause Young (Allocation Failure)
[36.786s][info][gc,heap        ] GC(442) PSYoungGen: 154336K(158720K)->880K(159744K) Eden: 145408K(145408K)->0K(145408K) From: 8928K(13312K)->880K(14336K)
[36.786s][info][gc,heap        ] GC(442) ParOldGen: 35424K(349696K)->44000K(349696K)
[36.786s][info][gc,metaspace   ] GC(442) Metaspace: 8608K(8832K)->8608K(8832K) NonClass: 7455K(7552K)->7455K(7552K) Class: 1153K(1280K)->1153K(1280K)
[36.786s][info][gc             ] GC(442) Pause Young (Allocation Failure) 185M->43M(497M) 7.645ms
[36.786s][info][gc,cpu         ] GC(442) User=0.00s Sys=0.00s Real=0.00s
[36.867s][info][gc,start       ] GC(443) Pause Young (Allocation Failure)
[36.868s][info][gc,heap        ] GC(443) PSYoungGen: 146288K(159744K)->768K(158720K) Eden: 145408K(145408K)->0K(146432K) From: 880K(14336K)->768K(12288K)
[36.868s][info][gc,heap        ] GC(443) ParOldGen: 44000K(349696K)->44664K(349696K)
[36.868s][info][gc,metaspace   ] GC(443) Metaspace: 8608K(8832K)->8608K(8832K) NonClass: 7455K(7552K)->7455K(7552K) Class: 1153K(1280K)->1153K(1280K)
[36.868s][info][gc             ] GC(443) Pause Young (Allocation Failure) 185M->44M(496M) 1.347ms
[36.868s][info][gc,cpu         ] GC(443) User=0.00s Sys=0.00s Real=0.00s
[36.942s][info][gc,start       ] GC(444) Pause Young (Allocation Failure)
[36.944s][info][gc,heap        ] GC(444) PSYoungGen: 147200K(158720K)->4768K(159744K) Eden: 146432K(146432K)->0K(146432K) From: 768K(12288K)->4768K(13312K)
[36.945s][info][gc,heap        ] GC(444) ParOldGen: 44664K(349696K)->44984K(349696K)
[36.945s][info][gc,metaspace   ] GC(444) Metaspace: 8608K(8832K)->8608K(8832K) NonClass: 7455K(7552K)->7455K(7552K) Class: 1153K(1280K)->1153K(1280K)
[36.945s][info][gc             ] GC(444) Pause Young (Allocation Failure) 187M->48M(497M) 2.748ms
[36.945s][info][gc,cpu         ] GC(444) User=0.00s Sys=0.00s Real=0.00s
[37.012s][info][gc,start       ] GC(445) Pause Young (Allocation Failure)
[37.017s][info][gc,heap        ] GC(445) PSYoungGen: 151200K(159744K)->768K(159744K) Eden: 146432K(146432K)->0K(148480K) From: 4768K(13312K)->768K(11264K)
[37.017s][info][gc,heap        ] GC(445) ParOldGen: 44984K(349696K)->49512K(349696K)
[37.017s][info][gc,metaspace   ] GC(445) Metaspace: 8608K(8832K)->8608K(8832K) NonClass: 7455K(7552K)->7455K(7552K) Class: 1153K(1280K)->1153K(1280K)
[37.017s][info][gc             ] GC(445) Pause Young (Allocation Failure) 191M->49M(497M) 4.325ms
[37.017s][info][gc,cpu         ] GC(445) User=0.00s Sys=0.00s Real=0.00s
[37.086s][info][gc,start       ] GC(446) Pause Young (Allocation Failure)
[37.087s][info][gc,heap        ] GC(446) PSYoungGen: 149248K(159744K)->928K(160768K) Eden: 148480K(148480K)->0K(148480K) From: 768K(11264K)->928K(12288K)
[37.087s][info][gc,heap        ] GC(446) ParOldGen: 49512K(349696K)->49856K(349696K)
[37.087s][info][gc,metaspace   ] GC(446) Metaspace: 8608K(8832K)->8608K(8832K) NonClass: 7455K(7552K)->7455K(7552K) Class: 1153K(1280K)->1153K(1280K)
[37.087s][info][gc             ] GC(446) Pause Young (Allocation Failure) 194M->49M(498M) 1.298ms
[37.087s][info][gc,cpu         ] GC(446) User=0.00s Sys=0.00s Real=0.00s
[37.158s][info][gc,start       ] GC(447) Pause Young (Allocation Failure)
[37.161s][info][gc,heap        ] GC(447) PSYoungGen: 149408K(160768K)->4416K(160768K) Eden: 148480K(148480K)->0K(150528K) From: 928K(12288K)->4416K(10240K)
[37.161s][info][gc,heap        ] GC(447) ParOldGen: 49856K(349696K)->50536K(349696K)
[37.161s][info][gc,metaspace   ] GC(447) Metaspace: 8608K(8832K)->8608K(8832K) NonClass: 7455K(7552K)->7455K(7552K) Class: 1153K(1280K)->1153K(1280K)
[37.161s][info][gc             ] GC(447) Pause Young (Allocation Failure) 194M->53M(498M) 2.857ms
[37.161s][info][gc,cpu         ] GC(447) User=0.00s Sys=0.00s Real=0.00s
[37.228s][info][gc,start       ] GC(448) Pause Young (Allocation Failure)
[37.232s][info][gc,heap        ] GC(448) PSYoungGen: 154944K(160768K)->960K(161792K) Eden: 150528K(150528K)->0K(150528K) From: 4416K(10240K)->960K(11264K)
[37.232s][info][gc,heap        ] GC(448) ParOldGen: 50536K(349696K)->54592K(349696K)
[37.232s][info][gc,metaspace   ] GC(448) Metaspace: 8608K(8832K)->8608K(8832K) NonClass: 7455K(7552K)->7455K(7552K) Class: 1153K(1280K)->1153K(1280K)
[37.232s][info][gc             ] GC(448) Pause Young (Allocation Failure) 200M->54M(499M) 4.111ms
[37.232s][info][gc,cpu         ] GC(448) User=0.17s Sys=0.00s Real=0.01s
[37.301s][info][gc,start       ] GC(449) Pause Young (Allocation Failure)
[37.303s][info][gc,heap        ] GC(449) PSYoungGen: 151488K(161792K)->896K(161792K) Eden: 150528K(150528K)->0K(152576K) From: 960K(11264K)->896K(9216K)
[37.303s][info][gc,heap        ] GC(449) ParOldGen: 54592K(349696K)->55224K(349696K)
[37.303s][info][gc,metaspace   ] GC(449) Metaspace: 8608K(8832K)->8608K(8832K) NonClass: 7455K(7552K)->7455K(7552K) Class: 1153K(1280K)->1153K(1280K)
[37.303s][info][gc             ] GC(449) Pause Young (Allocation Failure) 201M->54M(499M) 1.439ms
[37.303s][info][gc,cpu         ] GC(449) User=0.00s Sys=0.00s Real=0.00s
[37.407s][info][gc,start       ] GC(450) Pause Young (Allocation Failure)
[37.419s][info][gc,heap        ] GC(450) PSYoungGen: 153472K(161792K)->10208K(162816K) Eden: 152576K(152576K)->0K(152576K) From: 896K(9216K)->10208K(10240K)
[37.419s][info][gc,heap        ] GC(450) ParOldGen: 55224K(349696K)->63304K(349696K)
[37.419s][info][gc,metaspace   ] GC(450) Metaspace: 8608K(8832K)->8608K(8832K) NonClass: 7455K(7552K)->7455K(7552K) Class: 1153K(1280K)->1153K(1280K)
[37.419s][info][gc             ] GC(450) Pause Young (Allocation Failure) 203M->71M(500M) 12.242ms
[37.419s][info][gc,cpu         ] GC(450) User=0.19s Sys=0.00s Real=0.02s
[37.487s][info][gc,start       ] GC(451) Pause Young (Allocation Failure)
[37.494s][info][gc,heap        ] GC(451) PSYoungGen: 162784K(162816K)->800K(156672K) Eden: 152576K(152576K)->0K(144896K) From: 10208K(10240K)->800K(11776K)
[37.494s][info][gc,heap        ] GC(451) ParOldGen: 63304K(349696K)->73448K(349696K)
[37.494s][info][gc,metaspace   ] GC(451) Metaspace: 8608K(8832K)->8608K(8832K) NonClass: 7455K(7552K)->7455K(7552K) Class: 1153K(1280K)->1153K(1280K)
[37.494s][info][gc             ] GC(451) Pause Young (Allocation Failure) 220M->72M(494M) 7.695ms
[37.494s][info][gc,cpu         ] GC(451) User=0.00s Sys=0.00s Real=0.00s
[37.562s][info][gc,start       ] GC(452) Pause Young (Allocation Failure)
[37.563s][info][gc,heap        ] GC(452) PSYoungGen: 145696K(156672K)->928K(159744K) Eden: 144896K(144896K)->0K(144896K) From: 800K(11776K)->928K(14848K)
[37.563s][info][gc,heap        ] GC(452) ParOldGen: 73448K(349696K)->73784K(349696K)
[37.563s][info][gc,metaspace   ] GC(452) Metaspace: 8608K(8832K)->8608K(8832K) NonClass: 7455K(7552K)->7455K(7552K) Class: 1153K(1280K)->1153K(1280K)
[37.563s][info][gc             ] GC(452) Pause Young (Allocation Failure) 214M->72M(497M) 1.378ms
[37.563s][info][gc,cpu         ] GC(452) User=0.00s Sys=0.00s Real=0.00s
[37.634s][info][gc,start       ] GC(453) Pause Young (Allocation Failure)
[37.637s][info][gc,heap        ] GC(453) PSYoungGen: 145824K(159744K)->4608K(158208K) Eden: 144896K(144896K)->0K(145408K) From: 928K(14848K)->4608K(12800K)
[37.637s][info][gc,heap        ] GC(453) ParOldGen: 73784K(349696K)->74472K(349696K)
[37.637s][info][gc,metaspace   ] GC(453) Metaspace: 8608K(8832K)->8608K(8832K) NonClass: 7455K(7552K)->7455K(7552K) Class: 1153K(1280K)->1153K(1280K)
[37.637s][info][gc             ] GC(453) Pause Young (Allocation Failure) 214M->77M(496M) 2.925ms
[37.637s][info][gc,cpu         ] GC(453) User=0.00s Sys=0.00s Real=0.00s
[37.702s][info][gc,start       ] GC(454) Pause Young (Allocation Failure)
[37.707s][info][gc,heap        ] GC(454) PSYoungGen: 150016K(158208K)->992K(159232K) Eden: 145408K(145408K)->0K(145408K) From: 4608K(12800K)->992K(13824K)
[37.707s][info][gc,heap        ] GC(454) ParOldGen: 74472K(349696K)->78632K(349696K)
[37.707s][info][gc,metaspace   ] GC(454) Metaspace: 8608K(8832K)->8608K(8832K) NonClass: 7455K(7552K)->7455K(7552K) Class: 1153K(1280K)->1153K(1280K)
[37.707s][info][gc             ] GC(454) Pause Young (Allocation Failure) 219M->77M(497M) 4.251ms
[37.707s][info][gc,cpu         ] GC(454) User=0.17s Sys=0.00s Real=0.02s
[37.775s][info][gc,start       ] GC(455) Pause Young (Allocation Failure)
[37.776s][info][gc,heap        ] GC(455) PSYoungGen: 146400K(159232K)->832K(159232K) Eden: 145408K(145408K)->0K(147456K) From: 992K(13824K)->832K(11776K)
[37.776s][info][gc,heap        ] GC(455) ParOldGen: 78632K(349696K)->79256K(349696K)
[37.776s][info][gc,metaspace   ] GC(455) Metaspace: 8608K(8832K)->8608K(8832K) NonClass: 7455K(7552K)->7455K(7552K) Class: 1153K(1280K)->1153K(1280K)
[37.776s][info][gc             ] GC(455) Pause Young (Allocation Failure) 219M->78M(497M) 1.570ms
[37.776s][info][gc,cpu         ] GC(455) User=0.00s Sys=0.00s Real=0.00s
[37.848s][info][gc,start       ] GC(456) Pause Young (Allocation Failure)
[37.851s][info][gc,heap        ] GC(456) PSYoungGen: 148288K(159232K)->4688K(160256K) Eden: 147456K(147456K)->0K(147456K) From: 832K(11776K)->4688K(12800K)
[37.851s][info][gc,heap        ] GC(456) ParOldGen: 79256K(349696K)->79640K(349696K)
[37.851s][info][gc,metaspace   ] GC(456) Metaspace: 8608K(8832K)->8608K(8832K) NonClass: 7455K(7552K)->7455K(7552K) Class: 1153K(1280K)->1153K(1280K)
[37.851s][info][gc             ] GC(456) Pause Young (Allocation Failure) 222M->82M(498M) 3.066ms
[37.851s][info][gc,cpu         ] GC(456) User=0.00s Sys=0.00s Real=0.00s
[37.917s][info][gc,start       ] GC(457) Pause Young (Allocation Failure)
[37.921s][info][gc,heap        ] GC(457) PSYoungGen: 152144K(160256K)->768K(160256K) Eden: 147456K(147456K)->0K(149504K) From: 4688K(12800K)->768K(10752K)
[37.921s][info][gc,heap        ] GC(457) ParOldGen: 79640K(349696K)->83960K(349696K)
[37.921s][info][gc,metaspace   ] GC(457) Metaspace: 8608K(8832K)->8608K(8832K) NonClass: 7455K(7552K)->7455K(7552K) Class: 1153K(1280K)->1153K(1280K)
[37.921s][info][gc             ] GC(457) Pause Young (Allocation Failure) 226M->82M(498M) 4.266ms
[37.921s][info][gc,cpu         ] GC(457) User=0.00s Sys=0.00s Real=0.00s
[38.003s][info][gc,start       ] GC(458) Pause Young (Allocation Failure)
[38.008s][info][gc,heap        ] GC(458) PSYoungGen: 150272K(160256K)->9184K(161280K) Eden: 149504K(149504K)->0K(149504K) From: 768K(10752K)->9184K(11776K)
[38.008s][info][gc,heap        ] GC(458) ParOldGen: 83960K(349696K)->84304K(349696K)
[38.008s][info][gc,metaspace   ] GC(458) Metaspace: 8608K(8832K)->8608K(8832K) NonClass: 7455K(7552K)->7455K(7552K) Class: 1153K(1280K)->1153K(1280K)
[38.008s][info][gc             ] GC(458) Pause Young (Allocation Failure) 228M->91M(499M) 5.486ms
[38.008s][info][gc,cpu         ] GC(458) User=0.00s Sys=0.00s Real=0.00s
[38.081s][info][gc,start       ] GC(459) Pause Young (Allocation Failure)
[38.089s][info][gc,heap        ] GC(459) PSYoungGen: 158688K(161280K)->864K(161792K) Eden: 149504K(149504K)->0K(148480K) From: 9184K(11776K)->864K(13312K)
[38.089s][info][gc,heap        ] GC(459) ParOldGen: 84304K(349696K)->93224K(349696K)
[38.089s][info][gc,metaspace   ] GC(459) Metaspace: 8608K(8832K)->8608K(8832K) NonClass: 7455K(7552K)->7455K(7552K) Class: 1153K(1280K)->1153K(1280K)
[38.089s][info][gc             ] GC(459) Pause Young (Allocation Failure) 237M->91M(499M) 8.263ms
[38.089s][info][gc,cpu         ] GC(459) User=0.16s Sys=0.00s Real=0.02s
[38.160s][info][gc,start       ] GC(460) Pause Young (Allocation Failure)
[38.161s][info][gc,heap        ] GC(460) PSYoungGen: 149344K(161792K)->960K(149504K) Eden: 148480K(148480K)->0K(148480K) From: 864K(13312K)->960K(1024K)
[38.161s][info][gc,heap        ] GC(460) ParOldGen: 93224K(349696K)->93592K(349696K)
[38.161s][info][gc,metaspace   ] GC(460) Metaspace: 8608K(8832K)->8608K(8832K) NonClass: 7455K(7552K)->7455K(7552K) Class: 1153K(1280K)->1153K(1280K)
[38.161s][info][gc             ] GC(460) Pause Young (Allocation Failure) 236M->92M(487M) 1.164ms
[38.161s][info][gc,cpu         ] GC(460) User=0.00s Sys=0.00s Real=0.00s
[38.234s][info][gc,start       ] GC(461) Pause Young (Allocation Failure)
[38.235s][info][gc,heap        ] GC(461) PSYoungGen: 149440K(149504K)->1856K(161280K) Eden: 148480K(148480K)->0K(148992K) From: 960K(1024K)->1856K(12288K)
[38.236s][info][gc,heap        ] GC(461) ParOldGen: 93592K(349696K)->94216K(349696K)
[38.236s][info][gc,metaspace   ] GC(461) Metaspace: 8608K(8832K)->8608K(8832K) NonClass: 7455K(7552K)->7455K(7552K) Class: 1153K(1280K)->1153K(1280K)
[38.236s][info][gc             ] GC(461) Pause Young (Allocation Failure) 237M->93M(499M) 1.873ms
[38.236s][info][gc,cpu         ] GC(461) User=0.00s Sys=0.00s Real=0.00s
[38.310s][info][gc,start       ] GC(462) Pause Young (Allocation Failure)
[38.313s][info][gc,heap        ] GC(462) PSYoungGen: 150848K(161280K)->3824K(160768K) Eden: 148992K(148992K)->0K(148992K) From: 1856K(12288K)->3824K(11776K)
[38.313s][info][gc,heap        ] GC(462) ParOldGen: 94216K(349696K)->95600K(349696K)
[38.313s][info][gc,metaspace   ] GC(462) Metaspace: 8608K(8832K)->8608K(8832K) NonClass: 7455K(7552K)->7455K(7552K) Class: 1153K(1280K)->1153K(1280K)
[38.313s][info][gc             ] GC(462) Pause Young (Allocation Failure) 239M->97M(498M) 3.213ms
[38.313s][info][gc,cpu         ] GC(462) User=0.00s Sys=0.00s Real=0.00s
[38.384s][info][gc,start       ] GC(463) Pause Young (Allocation Failure)
[38.387s][info][gc,heap        ] GC(463) PSYoungGen: 152816K(160768K)->896K(162304K) Eden: 148992K(148992K)->0K(151040K) From: 3824K(11776K)->896K(11264K)
[38.388s][info][gc,heap        ] GC(463) ParOldGen: 95600K(349696K)->99080K(349696K)
[38.388s][info][gc,metaspace   ] GC(463) Metaspace: 8608K(8832K)->8608K(8832K) NonClass: 7455K(7552K)->7455K(7552K) Class: 1153K(1280K)->1153K(1280K)
[38.388s][info][gc             ] GC(463) Pause Young (Allocation Failure) 242M->97M(500M) 3.728ms
[38.388s][info][gc,cpu         ] GC(463) User=0.00s Sys=0.00s Real=0.00s
[38.460s][info][gc,start       ] GC(464) Pause Young (Allocation Failure)
[38.463s][info][gc,heap        ] GC(464) PSYoungGen: 151936K(162304K)->4384K(161792K) Eden: 151040K(151040K)->0K(151040K) From: 896K(11264K)->4384K(10752K)
[38.464s][info][gc,heap        ] GC(464) ParOldGen: 99080K(349696K)->99776K(349696K)
[38.464s][info][gc,metaspace   ] GC(464) Metaspace: 8608K(8832K)->8608K(8832K) NonClass: 7455K(7552K)->7455K(7552K) Class: 1153K(1280K)->1153K(1280K)
[38.464s][info][gc             ] GC(464) Pause Young (Allocation Failure) 245M->101M(499M) 3.686ms
[38.464s][info][gc,cpu         ] GC(464) User=0.19s Sys=0.00s Real=0.02s
[38.537s][info][gc,start       ] GC(465) Pause Young (Allocation Failure)
[38.541s][info][gc,heap        ] GC(465) PSYoungGen: 155424K(161792K)->800K(162816K) Eden: 151040K(151040K)->0K(152576K) From: 4384K(10752K)->800K(10240K)
[38.541s][info][gc,heap        ] GC(465) ParOldGen: 99776K(349696K)->103824K(349696K)
[38.541s][info][gc,metaspace   ] GC(465) Metaspace: 8608K(8832K)->8608K(8832K) NonClass: 7455K(7552K)->7455K(7552K) Class: 1153K(1280K)->1153K(1280K)
[38.541s][info][gc             ] GC(465) Pause Young (Allocation Failure) 249M->102M(500M) 3.990ms
[38.541s][info][gc,cpu         ] GC(465) User=0.00s Sys=0.00s Real=0.00s
[38.615s][info][gc,start       ] GC(466) Pause Young (Allocation Failure)
[38.616s][info][gc,heap        ] GC(466) PSYoungGen: 153376K(162816K)->864K(162816K) Eden: 152576K(152576K)->0K(152576K) From: 800K(10240K)->864K(10240K)
[38.616s][info][gc,heap        ] GC(466) ParOldGen: 103824K(349696K)->104448K(349696K)
[38.616s][info][gc,metaspace   ] GC(466) Metaspace: 8608K(8832K)->8608K(8832K) NonClass: 7455K(7552K)->7455K(7552K) Class: 1153K(1280K)->1153K(1280K)
[38.616s][info][gc             ] GC(466) Pause Young (Allocation Failure) 251M->102M(500M) 1.589ms
[38.616s][info][gc,cpu         ] GC(466) User=0.00s Sys=0.00s Real=0.00s
[39.022s][info][gc,start       ] GC(467) Pause Young (System.gc())
[39.055s][info][gc,heap        ] GC(467) PSYoungGen: 140833K(162816K)->9696K(129024K) Eden: 139969K(152576K)->0K(119296K) From: 864K(10240K)->9696K(9728K)
[39.055s][info][gc,heap        ] GC(467) ParOldGen: 104448K(349696K)->148168K(349696K)
[39.055s][info][gc,metaspace   ] GC(467) Metaspace: 8608K(8832K)->8608K(8832K) NonClass: 7455K(7552K)->7455K(7552K) Class: 1153K(1280K)->1153K(1280K)
[39.055s][info][gc             ] GC(467) Pause Young (System.gc()) 239M->154M(467M) 32.893ms
[39.055s][info][gc,cpu         ] GC(467) User=0.38s Sys=0.00s Real=0.03s
[39.055s][info][gc,start       ] GC(468) Pause Full (System.gc())
[39.055s][info][gc,phases,start] GC(468) Marking Phase
[39.061s][info][gc,phases      ] GC(468) Marking Phase 5.396ms
[39.061s][info][gc,phases,start] GC(468) Summary Phase
[39.061s][info][gc,phases      ] GC(468) Summary Phase 0.012ms
[39.061s][info][gc,phases,start] GC(468) Adjust Roots
[39.062s][info][gc,phases      ] GC(468) Adjust Roots 1.119ms
[39.062s][info][gc,phases,start] GC(468) Compaction Phase
[39.063s][info][gc,phases      ] GC(468) Compaction Phase 1.310ms
[39.063s][info][gc,phases,start] GC(468) Post Compact
[39.064s][info][gc,phases      ] GC(468) Post Compact 0.823ms
[39.064s][info][gc,heap        ] GC(468) PSYoungGen: 9696K(129024K)->0K(129024K) Eden: 0K(119296K)->0K(119296K) From: 9696K(9728K)->0K(9728K)
[39.064s][info][gc,heap        ] GC(468) ParOldGen: 148168K(349696K)->3527K(349696K)
[39.064s][info][gc,metaspace   ] GC(468) Metaspace: 8608K(8832K)->8608K(8832K) NonClass: 7455K(7552K)->7455K(7552K) Class: 1153K(1280K)->1153K(1280K)
[39.064s][info][gc             ] GC(468) Pause Full (System.gc()) 154M->3M(467M) 8.794ms
[39.064s][info][gc,cpu         ] GC(468) User=0.02s Sys=0.00s Real=0.01s
[39.119s][info][gc,start       ] GC(469) Pause Young (Allocation Failure)
[39.120s][info][gc,heap        ] GC(469) PSYoungGen: 119296K(129024K)->736K(146944K) Eden: 119296K(119296K)->0K(119296K) From: 0K(9728K)->736K(27648K)
[39.120s][info][gc,heap        ] GC(469) ParOldGen: 3527K(349696K)->3527K(349696K)
[39.120s][info][gc,metaspace   ] GC(469) Metaspace: 8610K(8832K)->8610K(8832K) NonClass: 7457K(7552K)->7457K(7552K) Class: 1153K(1280K)->1153K(1280K)
[39.120s][info][gc             ] GC(469) Pause Young (Allocation Failure) 119M->4M(485M) 0.851ms
[39.120s][info][gc,cpu         ] GC(469) User=0.00s Sys=0.00s Real=0.00s
[39.176s][info][gc,start       ] GC(470) Pause Young (Allocation Failure)
[39.178s][info][gc,heap        ] GC(470) PSYoungGen: 120032K(146944K)->608K(144384K) Eden: 119296K(119296K)->0K(119808K) From: 736K(27648K)->608K(24576K)
[39.178s][info][gc,heap        ] GC(470) ParOldGen: 3527K(349696K)->3879K(349696K)
[39.178s][info][gc,metaspace   ] GC(470) Metaspace: 8610K(8832K)->8610K(8832K) NonClass: 7457K(7552K)->7457K(7552K) Class: 1153K(1280K)->1153K(1280K)
[39.178s][info][gc             ] GC(470) Pause Young (Allocation Failure) 120M->4M(482M) 1.704ms
[39.178s][info][gc,cpu         ] GC(470) User=0.00s Sys=0.00s Real=0.00s
[39.237s][info][gc,start       ] GC(471) Pause Young (Allocation Failure)
[39.238s][info][gc,heap        ] GC(471) PSYoungGen: 120416K(144384K)->768K(145920K) Eden: 119808K(119808K)->0K(119808K) From: 608K(24576K)->768K(26112K)
[39.238s][info][gc,heap        ] GC(471) ParOldGen: 3879K(349696K)->4207K(349696K)
[39.238s][info][gc,metaspace   ] GC(471) Metaspace: 8610K(8832K)->8610K(8832K) NonClass: 7457K(7552K)->7457K(7552K) Class: 1153K(1280K)->1153K(1280K)
[39.238s][info][gc             ] GC(471) Pause Young (Allocation Failure) 121M->4M(484M) 1.073ms
[39.238s][info][gc,cpu         ] GC(471) User=0.00s Sys=0.00s Real=0.00s
[39.296s][info][gc,start       ] GC(472) Pause Young (Allocation Failure)
[39.297s][info][gc,heap        ] GC(472) PSYoungGen: 120576K(145920K)->800K(145920K) Eden: 119808K(119808K)->0K(123392K) From: 768K(26112K)->800K(22528K)
[39.297s][info][gc,heap        ] GC(472) ParOldGen: 4207K(349696K)->4551K(349696K)
[39.297s][info][gc,metaspace   ] GC(472) Metaspace: 8610K(8832K)->8610K(8832K) NonClass: 7457K(7552K)->7457K(7552K) Class: 1153K(1280K)->1153K(1280K)
[39.297s][info][gc             ] GC(472) Pause Young (Allocation Failure) 121M->5M(484M) 1.347ms
[39.297s][info][gc,cpu         ] GC(472) User=0.17s Sys=0.00s Real=0.00s
[39.363s][info][gc,start       ] GC(473) Pause Young (Allocation Failure)
[39.366s][info][gc,heap        ] GC(473) PSYoungGen: 124192K(145920K)->4688K(147456K) Eden: 123392K(123392K)->0K(123392K) From: 800K(22528K)->4688K(24064K)
[39.366s][info][gc,heap        ] GC(473) ParOldGen: 4551K(349696K)->4951K(349696K)
[39.366s][info][gc,metaspace   ] GC(473) Metaspace: 8610K(8832K)->8610K(8832K) NonClass: 7457K(7552K)->7457K(7552K) Class: 1153K(1280K)->1153K(1280K)
[39.366s][info][gc             ] GC(473) Pause Young (Allocation Failure) 125M->9M(485M) 2.820ms
[39.366s][info][gc,cpu         ] GC(473) User=0.00s Sys=0.00s Real=0.00s
[39.426s][info][gc,start       ] GC(474) Pause Young (Allocation Failure)
[39.430s][info][gc,heap        ] GC(474) PSYoungGen: 128080K(147456K)->672K(148480K) Eden: 123392K(123392K)->0K(128000K) From: 4688K(24064K)->672K(20480K)
[39.431s][info][gc,heap        ] GC(474) ParOldGen: 4951K(349696K)->9415K(349696K)
[39.431s][info][gc,metaspace   ] GC(474) Metaspace: 8610K(8832K)->8610K(8832K) NonClass: 7457K(7552K)->7457K(7552K) Class: 1153K(1280K)->1153K(1280K)
[39.431s][info][gc             ] GC(474) Pause Young (Allocation Failure) 129M->9M(486M) 4.452ms
[39.431s][info][gc,cpu         ] GC(474) User=0.00s Sys=0.00s Real=0.00s
[39.489s][info][gc,start       ] GC(475) Pause Young (Allocation Failure)
[39.490s][info][gc,heap        ] GC(475) PSYoungGen: 128672K(148480K)->832K(149504K) Eden: 128000K(128000K)->0K(128000K) From: 672K(20480K)->832K(21504K)
[39.490s][info][gc,heap        ] GC(475) ParOldGen: 9415K(349696K)->9759K(349696K)
[39.490s][info][gc,metaspace   ] GC(475) Metaspace: 8610K(8832K)->8610K(8832K) NonClass: 7457K(7552K)->7457K(7552K) Class: 1153K(1280K)->1153K(1280K)
[39.490s][info][gc             ] GC(475) Pause Young (Allocation Failure) 134M->10M(487M) 1.258ms
[39.490s][info][gc,cpu         ] GC(475) User=0.00s Sys=0.00s Real=0.00s
[39.553s][info][gc,start       ] GC(476) Pause Young (Allocation Failure)
[39.556s][info][gc,heap        ] GC(476) PSYoungGen: 128832K(149504K)->4528K(150016K) Eden: 128000K(128000K)->0K(132608K) From: 832K(21504K)->4528K(17408K)
[39.556s][info][gc,heap        ] GC(476) ParOldGen: 9759K(349696K)->10143K(349696K)
[39.556s][info][gc,metaspace   ] GC(476) Metaspace: 8610K(8832K)->8610K(8832K) NonClass: 7457K(7552K)->7457K(7552K) Class: 1153K(1280K)->1153K(1280K)
[39.556s][info][gc             ] GC(476) Pause Young (Allocation Failure) 135M->14M(488M) 3.237ms
[39.556s][info][gc,cpu         ] GC(476) User=0.00s Sys=0.00s Real=0.00s
[39.615s][info][gc,start       ] GC(477) Pause Young (Allocation Failure)
[39.619s][info][gc,heap        ] GC(477) PSYoungGen: 137136K(150016K)->672K(151552K) Eden: 132608K(132608K)->0K(132608K) From: 4528K(17408K)->672K(18944K)
[39.619s][info][gc,heap        ] GC(477) ParOldGen: 10143K(349696K)->14472K(349696K)
[39.619s][info][gc,metaspace   ] GC(477) Metaspace: 8610K(8832K)->8610K(8832K) NonClass: 7457K(7552K)->7457K(7552K) Class: 1153K(1280K)->1153K(1280K)
[39.619s][info][gc             ] GC(477) Pause Young (Allocation Failure) 143M->14M(489M) 4.176ms
[39.619s][info][gc,cpu         ] GC(477) User=0.00s Sys=0.00s Real=0.00s
[39.694s][info][gc,start       ] GC(478) Pause Young (Allocation Failure)
[39.695s][info][gc,heap        ] GC(478) PSYoungGen: 133280K(151552K)->864K(154112K) Eden: 132608K(132608K)->0K(137728K) From: 672K(18944K)->864K(16384K)
[39.695s][info][gc,heap        ] GC(478) ParOldGen: 14472K(349696K)->14808K(349696K)
[39.695s][info][gc,metaspace   ] GC(478) Metaspace: 8610K(8832K)->8610K(8832K) NonClass: 7457K(7552K)->7457K(7552K) Class: 1153K(1280K)->1153K(1280K)
[39.695s][info][gc             ] GC(478) Pause Young (Allocation Failure) 144M->15M(492M) 1.184ms
[39.695s][info][gc,cpu         ] GC(478) User=0.00s Sys=0.00s Real=0.00s
[39.781s][info][gc,start       ] GC(479) Pause Young (Allocation Failure)
[39.786s][info][gc,heap        ] GC(479) PSYoungGen: 138592K(154112K)->9136K(155136K) Eden: 137728K(137728K)->0K(137728K) From: 864K(16384K)->9136K(17408K)
[39.786s][info][gc,heap        ] GC(479) ParOldGen: 14808K(349696K)->15208K(349696K)
[39.787s][info][gc,metaspace   ] GC(479) Metaspace: 8610K(8832K)->8610K(8832K) NonClass: 7457K(7552K)->7457K(7552K) Class: 1153K(1280K)->1153K(1280K)
[39.787s][info][gc             ] GC(479) Pause Young (Allocation Failure) 149M->23M(493M) 5.381ms
[39.787s][info][gc,cpu         ] GC(479) User=0.00s Sys=0.00s Real=0.00s
[39.849s][info][gc,start       ] GC(480) Pause Young (Allocation Failure)
[39.856s][info][gc,heap        ] GC(480) PSYoungGen: 146864K(155136K)->720K(156672K) Eden: 137728K(137728K)->0K(139264K) From: 9136K(17408K)->720K(17408K)
[39.856s][info][gc,heap        ] GC(480) ParOldGen: 15208K(349696K)->24168K(349696K)
[39.857s][info][gc,metaspace   ] GC(480) Metaspace: 8610K(8832K)->8610K(8832K) NonClass: 7457K(7552K)->7457K(7552K) Class: 1153K(1280K)->1153K(1280K)
[39.857s][info][gc             ] GC(480) Pause Young (Allocation Failure) 158M->24M(494M) 8.022ms
[39.857s][info][gc,cpu         ] GC(480) User=0.00s Sys=0.00s Real=0.01s
[39.922s][info][gc,start       ] GC(481) Pause Young (Allocation Failure)
[39.923s][info][gc,heap        ] GC(481) PSYoungGen: 139984K(156672K)->832K(140288K) Eden: 139264K(139264K)->0K(139264K) From: 720K(17408K)->832K(1024K)
[39.923s][info][gc,heap        ] GC(481) ParOldGen: 24168K(349696K)->24512K(349696K)
[39.923s][info][gc,metaspace   ] GC(481) Metaspace: 8610K(8832K)->8610K(8832K) NonClass: 7457K(7552K)->7457K(7552K) Class: 1153K(1280K)->1153K(1280K)
[39.923s][info][gc             ] GC(481) Pause Young (Allocation Failure) 160M->24M(478M) 1.270ms
[39.923s][info][gc,cpu         ] GC(481) User=0.00s Sys=0.00s Real=0.00s
[39.993s][info][gc,start       ] GC(482) Pause Young (Allocation Failure)
[39.995s][info][gc,heap        ] GC(482) PSYoungGen: 140096K(140288K)->4512K(157184K) Eden: 139264K(139264K)->0K(140800K) From: 832K(1024K)->4512K(16384K)
[39.995s][info][gc,heap        ] GC(482) ParOldGen: 24512K(349696K)->25200K(349696K)
[39.995s][info][gc,metaspace   ] GC(482) Metaspace: 8610K(8832K)->8610K(8832K) NonClass: 7457K(7552K)->7457K(7552K) Class: 1153K(1280K)->1153K(1280K)
[39.995s][info][gc             ] GC(482) Pause Young (Allocation Failure) 160M->29M(495M) 2.786ms
[39.995s][info][gc,cpu         ] GC(482) User=0.00s Sys=0.00s Real=0.00s
[40.061s][info][gc,start       ] GC(483) Pause Young (Allocation Failure)
[40.065s][info][gc,heap        ] GC(483) PSYoungGen: 145312K(157184K)->832K(156160K) Eden: 140800K(140800K)->0K(140800K) From: 4512K(16384K)->832K(15360K)
[40.065s][info][gc,heap        ] GC(483) ParOldGen: 25200K(349696K)->29368K(349696K)
[40.065s][info][gc,metaspace   ] GC(483) Metaspace: 8610K(8832K)->8610K(8832K) NonClass: 7457K(7552K)->7457K(7552K) Class: 1153K(1280K)->1153K(1280K)
[40.065s][info][gc             ] GC(483) Pause Young (Allocation Failure) 166M->29M(494M) 4.119ms
[40.065s][info][gc,cpu         ] GC(483) User=0.00s Sys=0.00s Real=0.00s
[40.134s][info][gc,start       ] GC(484) Pause Young (Allocation Failure)
[40.135s][info][gc,heap        ] GC(484) PSYoungGen: 141632K(156160K)->1088K(158208K) Eden: 140800K(140800K)->0K(143360K) From: 832K(15360K)->1088K(14848K)
[40.135s][info][gc,heap        ] GC(484) ParOldGen: 29368K(349696K)->29704K(349696K)
[40.135s][info][gc,metaspace   ] GC(484) Metaspace: 8610K(8832K)->8610K(8832K) NonClass: 7457K(7552K)->7457K(7552K) Class: 1153K(1280K)->1153K(1280K)
[40.135s][info][gc             ] GC(484) Pause Young (Allocation Failure) 166M->30M(496M) 1.308ms
[40.135s][info][gc,cpu         ] GC(484) User=0.00s Sys=0.00s Real=0.00s
[40.205s][info][gc,start       ] GC(485) Pause Young (Allocation Failure)
[40.209s][info][gc,heap        ] GC(485) PSYoungGen: 144448K(158208K)->4480K(157696K) Eden: 143360K(143360K)->0K(143360K) From: 1088K(14848K)->4480K(14336K)
[40.209s][info][gc,heap        ] GC(485) ParOldGen: 29704K(349696K)->30392K(349696K)
[40.209s][info][gc,metaspace   ] GC(485) Metaspace: 8610K(8832K)->8610K(8832K) NonClass: 7457K(7552K)->7457K(7552K) Class: 1153K(1280K)->1153K(1280K)
[40.209s][info][gc             ] GC(485) Pause Young (Allocation Failure) 170M->34M(495M) 3.277ms
[40.209s][info][gc,cpu         ] GC(485) User=0.00s Sys=0.00s Real=0.00s
[40.275s][info][gc,start       ] GC(486) Pause Young (Allocation Failure)
[40.279s][info][gc,heap        ] GC(486) PSYoungGen: 147840K(157696K)->960K(159232K) Eden: 143360K(143360K)->0K(145920K) From: 4480K(14336K)->960K(13312K)
[40.279s][info][gc,heap        ] GC(486) ParOldGen: 30392K(349696K)->34424K(349696K)
[40.279s][info][gc,metaspace   ] GC(486) Metaspace: 8610K(8832K)->8610K(8832K) NonClass: 7457K(7552K)->7457K(7552K) Class: 1153K(1280K)->1153K(1280K)
[40.279s][info][gc             ] GC(486) Pause Young (Allocation Failure) 174M->34M(497M) 4.166ms
[40.279s][info][gc,cpu         ] GC(486) User=0.00s Sys=0.00s Real=0.00s
[40.358s][info][gc,start       ] GC(487) Pause Young (Allocation Failure)
[40.360s][info][gc,heap        ] GC(487) PSYoungGen: 146880K(159232K)->832K(158720K) Eden: 145920K(145920K)->0K(145920K) From: 960K(13312K)->832K(12800K)
[40.360s][info][gc,heap        ] GC(487) ParOldGen: 34424K(349696K)->35056K(349696K)
[40.360s][info][gc,metaspace   ] GC(487) Metaspace: 8610K(8832K)->8610K(8832K) NonClass: 7457K(7552K)->7457K(7552K) Class: 1153K(1280K)->1153K(1280K)
[40.360s][info][gc             ] GC(487) Pause Young (Allocation Failure) 177M->35M(496M) 1.522ms
[40.360s][info][gc,cpu         ] GC(487) User=0.00s Sys=0.00s Real=0.00s
[40.447s][info][gc,start       ] GC(488) Pause Young (Allocation Failure)
[40.453s][info][gc,heap        ] GC(488) PSYoungGen: 146752K(158720K)->9104K(159232K) Eden: 145920K(145920K)->0K(146944K) From: 832K(12800K)->9104K(12288K)
[40.453s][info][gc,heap        ] GC(488) ParOldGen: 35056K(349696K)->35456K(349696K)
[40.453s][info][gc,metaspace   ] GC(488) Metaspace: 8610K(8832K)->8610K(8832K) NonClass: 7457K(7552K)->7457K(7552K) Class: 1153K(1280K)->1153K(1280K)
[40.453s][info][gc             ] GC(488) Pause Young (Allocation Failure) 177M->43M(497M) 5.710ms
[40.453s][info][gc,cpu         ] GC(488) User=0.02s Sys=0.00s Real=0.01s
[40.520s][info][gc,start       ] GC(489) Pause Young (Allocation Failure)
[40.528s][info][gc,heap        ] GC(489) PSYoungGen: 156048K(159232K)->736K(160768K) Eden: 146944K(146944K)->0K(146944K) From: 9104K(12288K)->736K(13824K)
[40.528s][info][gc,heap        ] GC(489) ParOldGen: 35456K(349696K)->44344K(349696K)
[40.528s][info][gc,metaspace   ] GC(489) Metaspace: 8610K(8832K)->8610K(8832K) NonClass: 7457K(7552K)->7457K(7552K) Class: 1153K(1280K)->1153K(1280K)
[40.529s][info][gc             ] GC(489) Pause Young (Allocation Failure) 187M->44M(498M) 8.107ms
[40.529s][info][gc,cpu         ] GC(489) User=0.00s Sys=0.00s Real=0.01s
[40.597s][info][gc,start       ] GC(490) Pause Young (Allocation Failure)
[40.599s][info][gc,heap        ] GC(490) PSYoungGen: 147680K(160768K)->960K(159232K) Eden: 146944K(146944K)->0K(147456K) From: 736K(13824K)->960K(11776K)
[40.599s][info][gc,heap        ] GC(490) ParOldGen: 44344K(349696K)->44696K(349696K)
[40.599s][info][gc,metaspace   ] GC(490) Metaspace: 8610K(8832K)->8610K(8832K) NonClass: 7457K(7552K)->7457K(7552K) Class: 1153K(1280K)->1153K(1280K)
[40.599s][info][gc             ] GC(490) Pause Young (Allocation Failure) 187M->44M(497M) 1.458ms
[40.599s][info][gc,cpu         ] GC(490) User=0.00s Sys=0.00s Real=0.00s
[40.688s][info][gc,start       ] GC(491) Pause Young (Allocation Failure)
[40.691s][info][gc,heap        ] GC(491) PSYoungGen: 148416K(159232K)->4608K(160256K) Eden: 147456K(147456K)->0K(147456K) From: 960K(11776K)->4608K(12800K)
[40.691s][info][gc,heap        ] GC(491) ParOldGen: 44696K(349696K)->45392K(349696K)
[40.691s][info][gc,metaspace   ] GC(491) Metaspace: 8610K(8832K)->8610K(8832K) NonClass: 7457K(7552K)->7457K(7552K) Class: 1153K(1280K)->1153K(1280K)
[40.692s][info][gc             ] GC(491) Pause Young (Allocation Failure) 188M->48M(498M) 3.091ms
[40.692s][info][gc,cpu         ] GC(491) User=0.00s Sys=0.00s Real=0.00s
[40.774s][info][gc,start       ] GC(492) Pause Young (Allocation Failure)
[40.778s][info][gc,heap        ] GC(492) PSYoungGen: 152064K(160256K)->864K(160256K) Eden: 147456K(147456K)->0K(149504K) From: 4608K(12800K)->864K(10752K)
[40.779s][info][gc,heap        ] GC(492) ParOldGen: 45392K(349696K)->49552K(349696K)
[40.779s][info][gc,metaspace   ] GC(492) Metaspace: 8610K(8832K)->8610K(8832K) NonClass: 7457K(7552K)->7457K(7552K) Class: 1153K(1280K)->1153K(1280K)
[40.779s][info][gc             ] GC(492) Pause Young (Allocation Failure) 192M->49M(498M) 4.222ms
[40.779s][info][gc,cpu         ] GC(492) User=0.00s Sys=0.00s Real=0.00s
[40.845s][info][gc,start       ] GC(493) Pause Young (Allocation Failure)
[40.847s][info][gc,heap        ] GC(493) PSYoungGen: 150368K(160256K)->832K(161280K) Eden: 149504K(149504K)->0K(149504K) From: 864K(10752K)->832K(11776K)
[40.847s][info][gc,heap        ] GC(493) ParOldGen: 49552K(349696K)->50192K(349696K)
[40.847s][info][gc,metaspace   ] GC(493) Metaspace: 8610K(8832K)->8610K(8832K) NonClass: 7457K(7552K)->7457K(7552K) Class: 1153K(1280K)->1153K(1280K)
[40.847s][info][gc             ] GC(493) Pause Young (Allocation Failure) 195M->49M(499M) 1.515ms
[40.847s][info][gc,cpu         ] GC(493) User=0.00s Sys=0.00s Real=0.00s
[40.924s][info][gc,start       ] GC(494) Pause Young (Allocation Failure)
[40.927s][info][gc,heap        ] GC(494) PSYoungGen: 150336K(161280K)->4688K(162304K) Eden: 149504K(149504K)->0K(151552K) From: 832K(11776K)->4688K(10752K)
[40.928s][info][gc,heap        ] GC(494) ParOldGen: 50192K(349696K)->50584K(349696K)
[40.928s][info][gc,metaspace   ] GC(494) Metaspace: 8610K(8832K)->8610K(8832K) NonClass: 7457K(7552K)->7457K(7552K) Class: 1153K(1280K)->1153K(1280K)
[40.928s][info][gc             ] GC(494) Pause Young (Allocation Failure) 195M->53M(500M) 3.275ms
[40.928s][info][gc,cpu         ] GC(494) User=0.00s Sys=0.00s Real=0.00s
[41.004s][info][gc,start       ] GC(495) Pause Young (Allocation Failure)
[41.008s][info][gc,heap        ] GC(495) PSYoungGen: 156240K(162304K)->864K(162816K) Eden: 151552K(151552K)->0K(151552K) From: 4688K(10752K)->864K(11264K)
[41.008s][info][gc,heap        ] GC(495) ParOldGen: 50584K(349696K)->54920K(349696K)
[41.008s][info][gc,metaspace   ] GC(495) Metaspace: 8610K(8832K)->8610K(8832K) NonClass: 7457K(7552K)->7457K(7552K) Class: 1153K(1280K)->1153K(1280K)
[41.008s][info][gc             ] GC(495) Pause Young (Allocation Failure) 201M->54M(500M) 4.296ms
[41.008s][info][gc,cpu         ] GC(495) User=0.00s Sys=0.00s Real=0.00s
[41.111s][info][gc,start       ] GC(496) Pause Young (Allocation Failure)
[41.124s][info][gc,heap        ] GC(496) PSYoungGen: 152416K(162816K)->10720K(153600K) Eden: 151552K(151552K)->0K(142848K) From: 864K(11264K)->10720K(10752K)
[41.124s][info][gc,heap        ] GC(496) ParOldGen: 54920K(349696K)->62464K(349696K)
[41.124s][info][gc,metaspace   ] GC(496) Metaspace: 8610K(8832K)->8610K(8832K) NonClass: 7457K(7552K)->7457K(7552K) Class: 1153K(1280K)->1153K(1280K)
[41.124s][info][gc             ] GC(496) Pause Young (Allocation Failure) 202M->71M(491M) 12.745ms
[41.124s][info][gc,cpu         ] GC(496) User=0.00s Sys=0.00s Real=0.01s
[41.205s][info][gc,start       ] GC(497) Pause Young (Allocation Failure)
[41.214s][info][gc,heap        ] GC(497) PSYoungGen: 153568K(153600K)->800K(158720K) Eden: 142848K(142848K)->0K(142848K) From: 10720K(10752K)->800K(15872K)
[41.214s][info][gc,heap        ] GC(497) ParOldGen: 62464K(349696K)->73096K(349696K)
[41.214s][info][gc,metaspace   ] GC(497) Metaspace: 8610K(8832K)->8610K(8832K) NonClass: 7457K(7552K)->7457K(7552K) Class: 1153K(1280K)->1153K(1280K)
[41.214s][info][gc             ] GC(497) Pause Young (Allocation Failure) 210M->72M(496M) 8.803ms
[41.214s][info][gc,cpu         ] GC(497) User=0.17s Sys=0.00s Real=0.01s
[41.290s][info][gc,start       ] GC(498) Pause Young (Allocation Failure)
[41.291s][info][gc,heap        ] GC(498) PSYoungGen: 143648K(158720K)->928K(156160K) Eden: 142848K(142848K)->0K(143360K) From: 800K(15872K)->928K(12800K)
[41.291s][info][gc,heap        ] GC(498) ParOldGen: 73096K(349696K)->73464K(349696K)
[41.291s][info][gc,metaspace   ] GC(498) Metaspace: 8610K(8832K)->8610K(8832K) NonClass: 7457K(7552K)->7457K(7552K) Class: 1153K(1280K)->1153K(1280K)
[41.291s][info][gc             ] GC(498) Pause Young (Allocation Failure) 211M->72M(494M) 1.753ms
[41.291s][info][gc,cpu         ] GC(498) User=0.00s Sys=0.00s Real=0.00s
[41.361s][info][gc,start       ] GC(499) Pause Young (Allocation Failure)
[41.362s][info][gc,heap        ] GC(499) PSYoungGen: 144288K(156160K)->832K(157696K) Eden: 143360K(143360K)->0K(143360K) From: 928K(12800K)->832K(14336K)
[41.362s][info][gc,heap        ] GC(499) ParOldGen: 73464K(349696K)->74080K(349696K)
[41.362s][info][gc,metaspace   ] GC(499) Metaspace: 8610K(8832K)->8610K(8832K) NonClass: 7457K(7552K)->7457K(7552K) Class: 1153K(1280K)->1153K(1280K)
[41.363s][info][gc             ] GC(499) Pause Young (Allocation Failure) 212M->73M(495M) 1.675ms
[41.363s][info][gc,cpu         ] GC(499) User=0.00s Sys=0.00s Real=0.00s
[41.438s][info][gc,start       ] GC(500) Pause Young (Allocation Failure)
[41.441s][info][gc,heap        ] GC(500) PSYoungGen: 144192K(157696K)->4752K(158720K) Eden: 143360K(143360K)->0K(146432K) From: 832K(14336K)->4752K(12288K)
[41.441s][info][gc,heap        ] GC(500) ParOldGen: 74080K(349696K)->74488K(349696K)
[41.441s][info][gc,metaspace   ] GC(500) Metaspace: 8610K(8832K)->8610K(8832K) NonClass: 7457K(7552K)->7457K(7552K) Class: 1153K(1280K)->1153K(1280K)
[41.441s][info][gc             ] GC(500) Pause Young (Allocation Failure) 213M->77M(496M) 3.328ms
[41.441s][info][gc,cpu         ] GC(500) User=0.02s Sys=0.00s Real=0.00s
[41.513s][info][gc,start       ] GC(501) Pause Young (Allocation Failure)
[41.518s][info][gc,heap        ] GC(501) PSYoungGen: 151184K(158720K)->800K(159744K) Eden: 146432K(146432K)->0K(146432K) From: 4752K(12288K)->800K(13312K)
[41.518s][info][gc,heap        ] GC(501) ParOldGen: 74488K(349696K)->78952K(349696K)
[41.553s][info][gc,metaspace   ] GC(501) Metaspace: 8610K(8832K)->8610K(8832K) NonClass: 7457K(7552K)->7457K(7552K) Class: 1153K(1280K)->1153K(1280K)
[41.553s][info][gc             ] GC(501) Pause Young (Allocation Failure) 220M->77M(497M) 39.405ms
[41.553s][info][gc,cpu         ] GC(501) User=0.17s Sys=0.00s Real=0.03s
[41.639s][info][gc,start       ] GC(502) Pause Young (Allocation Failure)
[41.642s][info][gc,heap        ] GC(502) PSYoungGen: 147232K(159744K)->4672K(159744K) Eden: 146432K(146432K)->0K(148480K) From: 800K(13312K)->4672K(11264K)
[41.642s][info][gc,heap        ] GC(502) ParOldGen: 78952K(349696K)->79288K(349696K)
[41.642s][info][gc,metaspace   ] GC(502) Metaspace: 8610K(8832K)->8610K(8832K) NonClass: 7457K(7552K)->7457K(7552K) Class: 1153K(1280K)->1153K(1280K)
[41.642s][info][gc             ] GC(502) Pause Young (Allocation Failure) 220M->81M(497M) 3.201ms
[41.642s][info][gc,cpu         ] GC(502) User=0.17s Sys=0.00s Real=0.00s
[41.713s][info][gc,start       ] GC(503) Pause Young (Allocation Failure)
[41.717s][info][gc,heap        ] GC(503) PSYoungGen: 153152K(159744K)->800K(160768K) Eden: 148480K(148480K)->0K(148480K) From: 4672K(11264K)->800K(12288K)
[41.717s][info][gc,heap        ] GC(503) ParOldGen: 79288K(349696K)->83688K(349696K)
[41.717s][info][gc,metaspace   ] GC(503) Metaspace: 8610K(8832K)->8610K(8832K) NonClass: 7457K(7552K)->7457K(7552K) Class: 1153K(1280K)->1153K(1280K)
[41.717s][info][gc             ] GC(503) Pause Young (Allocation Failure) 226M->82M(498M) 4.313ms
[41.717s][info][gc,cpu         ] GC(503) User=0.00s Sys=0.00s Real=0.00s
[41.790s][info][gc,start       ] GC(504) Pause Young (Allocation Failure)
[41.792s][info][gc,heap        ] GC(504) PSYoungGen: 149280K(160768K)->960K(161280K) Eden: 148480K(148480K)->0K(150016K) From: 800K(12288K)->960K(11264K)
[41.792s][info][gc,heap        ] GC(504) ParOldGen: 83688K(349696K)->84024K(349696K)
[41.792s][info][gc,metaspace   ] GC(504) Metaspace: 8610K(8832K)->8610K(8832K) NonClass: 7457K(7552K)->7457K(7552K) Class: 1153K(1280K)->1153K(1280K)
[41.792s][info][gc             ] GC(504) Pause Young (Allocation Failure) 227M->82M(499M) 1.527ms
[41.792s][info][gc,cpu         ] GC(504) User=0.00s Sys=0.00s Real=0.00s
[41.880s][info][gc,start       ] GC(505) Pause Young (Allocation Failure)
[41.885s][info][gc,heap        ] GC(505) PSYoungGen: 150976K(161280K)->9056K(161792K) Eden: 150016K(150016K)->0K(150016K) From: 960K(11264K)->9056K(11776K)
[41.886s][info][gc,heap        ] GC(505) ParOldGen: 84024K(349696K)->84720K(349696K)
[41.886s][info][gc,metaspace   ] GC(505) Metaspace: 8610K(8832K)->8610K(8832K) NonClass: 7457K(7552K)->7457K(7552K) Class: 1153K(1280K)->1153K(1280K)
[41.886s][info][gc             ] GC(505) Pause Young (Allocation Failure) 229M->91M(499M) 6.024ms
[41.886s][info][gc,cpu         ] GC(505) User=0.00s Sys=0.00s Real=0.01s
[41.956s][info][gc,start       ] GC(506) Pause Young (Allocation Failure)
[41.964s][info][gc,heap        ] GC(506) PSYoungGen: 159072K(161792K)->1008K(162304K) Eden: 150016K(150016K)->0K(149504K) From: 9056K(11776K)->1008K(12800K)
[41.964s][info][gc,heap        ] GC(506) ParOldGen: 84720K(349696K)->93288K(349696K)
[41.964s][info][gc,metaspace   ] GC(506) Metaspace: 8610K(8832K)->8610K(8832K) NonClass: 7457K(7552K)->7457K(7552K) Class: 1153K(1280K)->1153K(1280K)
[41.964s][info][gc             ] GC(506) Pause Young (Allocation Failure) 238M->92M(500M) 8.272ms
[41.964s][info][gc,cpu         ] GC(506) User=0.00s Sys=0.00s Real=0.01s
[42.034s][info][gc,start       ] GC(507) Pause Young (Allocation Failure)
[42.035s][info][gc,heap        ] GC(507) PSYoungGen: 150512K(162304K)->864K(150528K) Eden: 149504K(149504K)->0K(149504K) From: 1008K(12800K)->864K(1024K)
[42.035s][info][gc,heap        ] GC(507) ParOldGen: 93288K(349696K)->93952K(349696K)
[42.035s][info][gc,metaspace   ] GC(507) Metaspace: 8610K(8832K)->8610K(8832K) NonClass: 7457K(7552K)->7457K(7552K) Class: 1153K(1280K)->1153K(1280K)
[42.035s][info][gc             ] GC(507) Pause Young (Allocation Failure) 238M->92M(488M) 1.511ms
[42.035s][info][gc,cpu         ] GC(507) User=0.00s Sys=0.00s Real=0.00s
[42.108s][info][gc,start       ] GC(508) Pause Young (Allocation Failure)
[42.111s][info][gc,heap        ] GC(508) PSYoungGen: 150368K(150528K)->4832K(161280K) Eden: 149504K(149504K)->0K(149504K) From: 864K(1024K)->4832K(11776K)
[42.111s][info][gc,heap        ] GC(508) ParOldGen: 93952K(349696K)->94280K(349696K)
[42.111s][info][gc,metaspace   ] GC(508) Metaspace: 8610K(8832K)->8610K(8832K) NonClass: 7457K(7552K)->7457K(7552K) Class: 1153K(1280K)->1153K(1280K)
[42.111s][info][gc             ] GC(508) Pause Young (Allocation Failure) 238M->96M(499M) 2.911ms
[42.111s][info][gc,cpu         ] GC(508) User=0.00s Sys=0.00s Real=0.00s
[42.184s][info][gc,start       ] GC(509) Pause Young (Allocation Failure)
[42.189s][info][gc,heap        ] GC(509) PSYoungGen: 154336K(161280K)->864K(161280K) Eden: 149504K(149504K)->0K(149504K) From: 4832K(11776K)->864K(11776K)
[42.189s][info][gc,heap        ] GC(509) ParOldGen: 94280K(349696K)->98808K(349696K)
[42.189s][info][gc,metaspace   ] GC(509) Metaspace: 8610K(8832K)->8610K(8832K) NonClass: 7457K(7552K)->7457K(7552K) Class: 1153K(1280K)->1153K(1280K)
[42.189s][info][gc             ] GC(509) Pause Young (Allocation Failure) 242M->97M(499M) 4.478ms
[42.189s][info][gc,cpu         ] GC(509) User=0.17s Sys=0.00s Real=0.00s
[42.259s][info][gc,start       ] GC(510) Pause Young (Allocation Failure)
[42.261s][info][gc,heap        ] GC(510) PSYoungGen: 150368K(161280K)->800K(162304K) Eden: 149504K(149504K)->0K(151552K) From: 864K(11776K)->800K(10752K)
[42.261s][info][gc,heap        ] GC(510) ParOldGen: 98808K(349696K)->99440K(349696K)
[42.261s][info][gc,metaspace   ] GC(510) Metaspace: 8610K(8832K)->8610K(8832K) NonClass: 7457K(7552K)->7457K(7552K) Class: 1153K(1280K)->1153K(1280K)
[42.261s][info][gc             ] GC(510) Pause Young (Allocation Failure) 243M->97M(500M) 1.704ms
[42.261s][info][gc,cpu         ] GC(510) User=0.00s Sys=0.00s Real=0.00s
[42.348s][info][gc,start       ] GC(511) Pause Young (Allocation Failure)
[42.351s][info][gc,heap        ] GC(511) PSYoungGen: 152352K(162304K)->4576K(162304K) Eden: 151552K(151552K)->0K(151552K) From: 800K(10752K)->4576K(10752K)
[42.351s][info][gc,heap        ] GC(511) ParOldGen: 99440K(349696K)->99816K(349696K)
[42.351s][info][gc,metaspace   ] GC(511) Metaspace: 8610K(8832K)->8610K(8832K) NonClass: 7457K(7552K)->7457K(7552K) Class: 1153K(1280K)->1153K(1280K)
[42.351s][info][gc             ] GC(511) Pause Young (Allocation Failure) 245M->101M(500M) 3.331ms
[42.351s][info][gc,cpu         ] GC(511) User=0.00s Sys=0.00s Real=0.00s
[42.431s][info][gc,start       ] GC(512) Pause Young (Allocation Failure)
[42.435s][info][gc,heap        ] GC(512) PSYoungGen: 156128K(162304K)->800K(162816K) Eden: 151552K(151552K)->0K(153088K) From: 4576K(10752K)->800K(9728K)
[42.435s][info][gc,heap        ] GC(512) ParOldGen: 99816K(349696K)->104152K(349696K)
[42.435s][info][gc,metaspace   ] GC(512) Metaspace: 8610K(8832K)->8610K(8832K) NonClass: 7457K(7552K)->7457K(7552K) Class: 1153K(1280K)->1153K(1280K)
[42.435s][info][gc             ] GC(512) Pause Young (Allocation Failure) 249M->102M(500M) 4.358ms
[42.435s][info][gc,cpu         ] GC(512) User=0.00s Sys=0.00s Real=0.00s
[42.557s][info][gc,start       ] GC(513) Pause Young (Allocation Failure)
[42.575s][info][gc,heap        ] GC(513) PSYoungGen: 153888K(162816K)->10208K(163328K) Eden: 153088K(153088K)->0K(153088K) From: 800K(9728K)->10208K(10240K)
[42.575s][info][gc,heap        ] GC(513) ParOldGen: 104152K(349696K)->119272K(349696K)
[42.575s][info][gc,metaspace   ] GC(513) Metaspace: 8610K(8832K)->8610K(8832K) NonClass: 7457K(7552K)->7457K(7552K) Class: 1153K(1280K)->1153K(1280K)
[42.575s][info][gc             ] GC(513) Pause Young (Allocation Failure) 251M->126M(501M) 18.702ms
[42.575s][info][gc,cpu         ] GC(513) User=0.19s Sys=0.00s Real=0.02s
[42.912s][info][gc,start       ] GC(514) Pause Young (System.gc())
[42.937s][info][gc,heap        ] GC(514) PSYoungGen: 97107K(163328K)->11232K(126464K) Eden: 86899K(153088K)->0K(115200K) From: 10208K(10240K)->11232K(11264K)
[42.937s][info][gc,heap        ] GC(514) ParOldGen: 119272K(349696K)->148232K(349696K)
[42.937s][info][gc,metaspace   ] GC(514) Metaspace: 8611K(8832K)->8611K(8832K) NonClass: 7458K(7552K)->7458K(7552K) Class: 1153K(1280K)->1153K(1280K)
[42.937s][info][gc             ] GC(514) Pause Young (System.gc()) 211M->155M(465M) 25.929ms
[42.937s][info][gc,cpu         ] GC(514) User=0.19s Sys=0.00s Real=0.02s
[42.938s][info][gc,start       ] GC(515) Pause Full (System.gc())
[42.938s][info][gc,phases,start] GC(515) Marking Phase
[42.943s][info][gc,phases      ] GC(515) Marking Phase 5.591ms
[42.943s][info][gc,phases,start] GC(515) Summary Phase
[42.943s][info][gc,phases      ] GC(515) Summary Phase 0.016ms
[42.943s][info][gc,phases,start] GC(515) Adjust Roots
[42.945s][info][gc,phases      ] GC(515) Adjust Roots 1.278ms
[42.945s][info][gc,phases,start] GC(515) Compaction Phase
[42.946s][info][gc,phases      ] GC(515) Compaction Phase 1.151ms
[42.946s][info][gc,phases,start] GC(515) Post Compact
[42.947s][info][gc,phases      ] GC(515) Post Compact 0.849ms
[42.947s][info][gc,heap        ] GC(515) PSYoungGen: 11232K(126464K)->0K(126464K) Eden: 0K(115200K)->0K(115200K) From: 11232K(11264K)->0K(11264K)
[42.947s][info][gc,heap        ] GC(515) ParOldGen: 148232K(349696K)->3528K(349696K)
[42.947s][info][gc,metaspace   ] GC(515) Metaspace: 8611K(8832K)->8611K(8832K) NonClass: 7458K(7552K)->7458K(7552K) Class: 1153K(1280K)->1153K(1280K)
[42.947s][info][gc             ] GC(515) Pause Full (System.gc()) 155M->3M(465M) 9.042ms
[42.947s][info][gc,cpu         ] GC(515) User=0.02s Sys=0.00s Real=0.02s
[43.000s][info][gc,start       ] GC(516) Pause Young (Allocation Failure)
[43.001s][info][gc,heap        ] GC(516) PSYoungGen: 115200K(126464K)->672K(144896K) Eden: 115200K(115200K)->0K(115200K) From: 0K(11264K)->672K(29696K)
[43.001s][info][gc,heap        ] GC(516) ParOldGen: 3528K(349696K)->3528K(349696K)
[43.001s][info][gc,metaspace   ] GC(516) Metaspace: 8611K(8832K)->8611K(8832K) NonClass: 7458K(7552K)->7458K(7552K) Class: 1153K(1280K)->1153K(1280K)
[43.001s][info][gc             ] GC(516) Pause Young (Allocation Failure) 115M->4M(483M) 0.826ms
[43.001s][info][gc,cpu         ] GC(516) User=0.00s Sys=0.00s Real=0.00s
[43.052s][info][gc,start       ] GC(517) Pause Young (Allocation Failure)
[43.054s][info][gc,heap        ] GC(517) PSYoungGen: 115872K(144896K)->704K(142336K) Eden: 115200K(115200K)->0K(115712K) From: 672K(29696K)->704K(26624K)
[43.054s][info][gc,heap        ] GC(517) ParOldGen: 3528K(349696K)->3904K(349696K)
[43.054s][info][gc,metaspace   ] GC(517) Metaspace: 8611K(8832K)->8611K(8832K) NonClass: 7458K(7552K)->7458K(7552K) Class: 1153K(1280K)->1153K(1280K)
[43.054s][info][gc             ] GC(517) Pause Young (Allocation Failure) 116M->4M(480M) 1.670ms
[43.054s][info][gc,cpu         ] GC(517) User=0.00s Sys=0.00s Real=0.00s
[43.106s][info][gc,start       ] GC(518) Pause Young (Allocation Failure)
[43.107s][info][gc,heap        ] GC(518) PSYoungGen: 116416K(142336K)->768K(143872K) Eden: 115712K(115712K)->0K(115712K) From: 704K(26624K)->768K(28160K)
[43.107s][info][gc,heap        ] GC(518) ParOldGen: 3904K(349696K)->4232K(349696K)
[43.107s][info][gc,metaspace   ] GC(518) Metaspace: 8611K(8832K)->8611K(8832K) NonClass: 7458K(7552K)->7458K(7552K) Class: 1153K(1280K)->1153K(1280K)
[43.107s][info][gc             ] GC(518) Pause Young (Allocation Failure) 117M->4M(482M) 1.010ms
[43.107s][info][gc,cpu         ] GC(518) User=0.00s Sys=0.00s Real=0.00s
[43.158s][info][gc,start       ] GC(519) Pause Young (Allocation Failure)
[43.160s][info][gc,heap        ] GC(519) PSYoungGen: 116480K(143872K)->832K(143872K) Eden: 115712K(115712K)->0K(119296K) From: 768K(28160K)->832K(24576K)
[43.160s][info][gc,heap        ] GC(519) ParOldGen: 4232K(349696K)->4568K(349696K)
[43.160s][info][gc,metaspace   ] GC(519) Metaspace: 8611K(8832K)->8611K(8832K) NonClass: 7458K(7552K)->7458K(7552K) Class: 1153K(1280K)->1153K(1280K)
[43.160s][info][gc             ] GC(519) Pause Young (Allocation Failure) 117M->5M(482M) 1.255ms
[43.160s][info][gc,cpu         ] GC(519) User=0.00s Sys=0.00s Real=0.00s
[43.220s][info][gc,start       ] GC(520) Pause Young (Allocation Failure)
[43.223s][info][gc,heap        ] GC(520) PSYoungGen: 120128K(143872K)->4624K(145408K) Eden: 119296K(119296K)->0K(119296K) From: 832K(24576K)->4624K(26112K)
[43.223s][info][gc,heap        ] GC(520) ParOldGen: 4568K(349696K)->4960K(349696K)
[43.223s][info][gc,metaspace   ] GC(520) Metaspace: 8611K(8832K)->8611K(8832K) NonClass: 7458K(7552K)->7458K(7552K) Class: 1153K(1280K)->1153K(1280K)
[43.223s][info][gc             ] GC(520) Pause Young (Allocation Failure) 121M->9M(483M) 2.803ms
[43.223s][info][gc,cpu         ] GC(520) User=0.00s Sys=0.02s Real=0.02s
[43.278s][info][gc,start       ] GC(521) Pause Young (Allocation Failure)
[43.282s][info][gc,heap        ] GC(521) PSYoungGen: 123920K(145408K)->640K(146944K) Eden: 119296K(119296K)->0K(124416K) From: 4624K(26112K)->640K(22528K)
[43.282s][info][gc,heap        ] GC(521) ParOldGen: 4960K(349696K)->9424K(349696K)
[43.282s][info][gc,metaspace   ] GC(521) Metaspace: 8611K(8832K)->8611K(8832K) NonClass: 7458K(7552K)->7458K(7552K) Class: 1153K(1280K)->1153K(1280K)
[43.282s][info][gc             ] GC(521) Pause Young (Allocation Failure) 125M->9M(485M) 4.433ms
[43.282s][info][gc,cpu         ] GC(521) User=0.00s Sys=0.00s Real=0.00s
[43.347s][info][gc,start       ] GC(522) Pause Young (Allocation Failure)
[43.349s][info][gc,heap        ] GC(522) PSYoungGen: 125056K(146944K)->800K(147456K) Eden: 124416K(124416K)->0K(124416K) From: 640K(22528K)->800K(23040K)
[43.349s][info][gc,heap        ] GC(522) ParOldGen: 9424K(349696K)->9768K(349696K)
[43.349s][info][gc,metaspace   ] GC(522) Metaspace: 8611K(8832K)->8611K(8832K) NonClass: 7458K(7552K)->7458K(7552K) Class: 1153K(1280K)->1153K(1280K)
[43.349s][info][gc             ] GC(522) Pause Young (Allocation Failure) 131M->10M(485M) 1.217ms
[43.349s][info][gc,cpu         ] GC(522) User=0.17s Sys=0.00s Real=0.02s
[43.416s][info][gc,start       ] GC(523) Pause Young (Allocation Failure)
[43.419s][info][gc,heap        ] GC(523) PSYoungGen: 125216K(147456K)->4448K(148992K) Eden: 124416K(124416K)->0K(129536K) From: 800K(23040K)->4448K(19456K)
[43.419s][info][gc,heap        ] GC(523) ParOldGen: 9768K(349696K)->10160K(349696K)
[43.419s][info][gc,metaspace   ] GC(523) Metaspace: 8611K(8832K)->8611K(8832K) NonClass: 7458K(7552K)->7458K(7552K) Class: 1153K(1280K)->1153K(1280K)
[43.419s][info][gc             ] GC(523) Pause Young (Allocation Failure) 131M->14M(487M) 2.946ms
[43.419s][info][gc,cpu         ] GC(523) User=0.00s Sys=0.00s Real=0.00s
[43.477s][info][gc,start       ] GC(524) Pause Young (Allocation Failure)
[43.481s][info][gc,heap        ] GC(524) PSYoungGen: 133984K(148992K)->896K(150016K) Eden: 129536K(129536K)->0K(129536K) From: 4448K(19456K)->896K(20480K)
[43.482s][info][gc,heap        ] GC(524) ParOldGen: 10160K(349696K)->14208K(349696K)
[43.482s][info][gc,metaspace   ] GC(524) Metaspace: 8611K(8832K)->8611K(8832K) NonClass: 7458K(7552K)->7458K(7552K) Class: 1153K(1280K)->1153K(1280K)
[43.482s][info][gc             ] GC(524) Pause Young (Allocation Failure) 140M->14M(488M) 4.127ms
[43.482s][info][gc,cpu         ] GC(524) User=0.00s Sys=0.00s Real=0.00s
[43.542s][info][gc,start       ] GC(525) Pause Young (Allocation Failure)
[43.543s][info][gc,heap        ] GC(525) PSYoungGen: 130432K(150016K)->768K(153088K) Eden: 129536K(129536K)->0K(134656K) From: 896K(20480K)->768K(18432K)
[43.543s][info][gc,heap        ] GC(525) ParOldGen: 14208K(349696K)->14832K(349696K)
[43.543s][info][gc,metaspace   ] GC(525) Metaspace: 8611K(8832K)->8611K(8832K) NonClass: 7458K(7552K)->7458K(7552K) Class: 1153K(1280K)->1153K(1280K)
[43.543s][info][gc             ] GC(525) Pause Young (Allocation Failure) 141M->15M(491M) 1.557ms
[43.543s][info][gc,cpu         ] GC(525) User=0.00s Sys=0.00s Real=0.00s
[43.646s][info][gc,start       ] GC(526) Pause Young (Allocation Failure)
[43.652s][info][gc,heap        ] GC(526) PSYoungGen: 135424K(153088K)->9024K(153600K) Eden: 134656K(134656K)->0K(134656K) From: 768K(18432K)->9024K(18944K)
[43.652s][info][gc,heap        ] GC(526) ParOldGen: 14832K(349696K)->15224K(349696K)
[43.652s][info][gc,metaspace   ] GC(526) Metaspace: 8611K(8832K)->8611K(8832K) NonClass: 7458K(7552K)->7458K(7552K) Class: 1153K(1280K)->1153K(1280K)
[43.652s][info][gc             ] GC(526) Pause Young (Allocation Failure) 146M->23M(491M) 5.699ms
[43.652s][info][gc,cpu         ] GC(526) User=0.00s Sys=0.00s Real=0.01s
[43.717s][info][gc,start       ] GC(527) Pause Young (Allocation Failure)
[43.725s][info][gc,heap        ] GC(527) PSYoungGen: 143680K(153600K)->896K(154624K) Eden: 134656K(134656K)->0K(136704K) From: 9024K(18944K)->896K(17920K)
[43.725s][info][gc,heap        ] GC(527) ParOldGen: 15224K(349696K)->23872K(349696K)
[43.725s][info][gc,metaspace   ] GC(527) Metaspace: 8611K(8832K)->8611K(8832K) NonClass: 7458K(7552K)->7458K(7552K) Class: 1153K(1280K)->1153K(1280K)
[43.725s][info][gc             ] GC(527) Pause Young (Allocation Failure) 155M->24M(492M) 8.014ms
[43.726s][info][gc,cpu         ] GC(527) User=0.17s Sys=0.00s Real=0.01s
[43.792s][info][gc,start       ] GC(528) Pause Young (Allocation Failure)
[43.793s][info][gc,heap        ] GC(528) PSYoungGen: 137600K(154624K)->736K(155136K) Eden: 136704K(136704K)->0K(136704K) From: 896K(17920K)->736K(18432K)
[43.793s][info][gc,heap        ] GC(528) ParOldGen: 23872K(349696K)->24536K(349696K)
[43.793s][info][gc,metaspace   ] GC(528) Metaspace: 8611K(8832K)->8611K(8832K) NonClass: 7458K(7552K)->7458K(7552K) Class: 1153K(1280K)->1153K(1280K)
[43.793s][info][gc             ] GC(528) Pause Young (Allocation Failure) 157M->24M(493M) 1.355ms
[43.793s][info][gc,cpu         ] GC(528) User=0.00s Sys=0.00s Real=0.00s
[43.864s][info][gc,start       ] GC(529) Pause Young (Allocation Failure)
[43.866s][info][gc,heap        ] GC(529) PSYoungGen: 137440K(155136K)->4096K(154624K) Eden: 136704K(136704K)->0K(138752K) From: 736K(18432K)->4096K(15872K)
[43.866s][info][gc,heap        ] GC(529) ParOldGen: 24536K(349696K)->24880K(349696K)
[43.866s][info][gc,metaspace   ] GC(529) Metaspace: 8611K(8832K)->8611K(8832K) NonClass: 7458K(7552K)->7458K(7552K) Class: 1153K(1280K)->1153K(1280K)
[43.866s][info][gc             ] GC(529) Pause Young (Allocation Failure) 158M->28M(492M) 2.257ms
[43.866s][info][gc,cpu         ] GC(529) User=0.00s Sys=0.00s Real=0.00s
[43.934s][info][gc,start       ] GC(530) Pause Young (Allocation Failure)
[43.938s][info][gc,heap        ] GC(530) PSYoungGen: 142848K(154624K)->1456K(155136K) Eden: 138752K(138752K)->0K(138752K) From: 4096K(15872K)->1456K(16384K)
[43.938s][info][gc,heap        ] GC(530) ParOldGen: 24880K(349696K)->28632K(349696K)
[43.938s][info][gc,metaspace   ] GC(530) Metaspace: 8611K(8832K)->8611K(8832K) NonClass: 7458K(7552K)->7458K(7552K) Class: 1153K(1280K)->1153K(1280K)
[43.938s][info][gc             ] GC(530) Pause Young (Allocation Failure) 163M->29M(493M) 3.888ms
[43.938s][info][gc,cpu         ] GC(530) User=0.00s Sys=0.00s Real=0.00s
[44.003s][info][gc,start       ] GC(531) Pause Young (Allocation Failure)
[44.004s][info][gc,heap        ] GC(531) PSYoungGen: 140208K(155136K)->768K(157696K) Eden: 138752K(138752K)->0K(142848K) From: 1456K(16384K)->768K(14848K)
[44.005s][info][gc,heap        ] GC(531) ParOldGen: 28632K(349696K)->29752K(349696K)
[44.005s][info][gc,metaspace   ] GC(531) Metaspace: 8611K(8832K)->8611K(8832K) NonClass: 7458K(7552K)->7458K(7552K) Class: 1153K(1280K)->1153K(1280K)
[44.005s][info][gc             ] GC(531) Pause Young (Allocation Failure) 164M->29M(495M) 2.001ms
[44.005s][info][gc,cpu         ] GC(531) User=0.00s Sys=0.00s Real=0.00s
[44.074s][info][gc,start       ] GC(532) Pause Young (Allocation Failure)
[44.077s][info][gc,heap        ] GC(532) PSYoungGen: 143616K(157696K)->4608K(157696K) Eden: 142848K(142848K)->0K(142848K) From: 768K(14848K)->4608K(14848K)
[44.077s][info][gc,heap        ] GC(532) ParOldGen: 29752K(349696K)->30080K(349696K)
[44.077s][info][gc,metaspace   ] GC(532) Metaspace: 8611K(8832K)->8611K(8832K) NonClass: 7458K(7552K)->7458K(7552K) Class: 1153K(1280K)->1153K(1280K)
[44.077s][info][gc             ] GC(532) Pause Young (Allocation Failure) 169M->33M(495M) 2.739ms
[44.077s][info][gc,cpu         ] GC(532) User=0.00s Sys=0.00s Real=0.00s
[44.141s][info][gc,start       ] GC(533) Pause Young (Allocation Failure)
[44.145s][info][gc,heap        ] GC(533) PSYoungGen: 147456K(157696K)->736K(158208K) Eden: 142848K(142848K)->0K(145408K) From: 4608K(14848K)->736K(12800K)
[44.145s][info][gc,heap        ] GC(533) ParOldGen: 30080K(349696K)->34464K(349696K)
[44.145s][info][gc,metaspace   ] GC(533) Metaspace: 8611K(8832K)->8611K(8832K) NonClass: 7458K(7552K)->7458K(7552K) Class: 1153K(1280K)->1153K(1280K)
[44.145s][info][gc             ] GC(533) Pause Young (Allocation Failure) 173M->34M(496M) 4.315ms
[44.145s][info][gc,cpu         ] GC(533) User=0.17s Sys=0.00s Real=0.01s
[44.213s][info][gc,start       ] GC(534) Pause Young (Allocation Failure)
[44.215s][info][gc,heap        ] GC(534) PSYoungGen: 146144K(158208K)->928K(158720K) Eden: 145408K(145408K)->0K(145408K) From: 736K(12800K)->928K(13312K)
[44.215s][info][gc,heap        ] GC(534) ParOldGen: 34464K(349696K)->34776K(349696K)
[44.215s][info][gc,metaspace   ] GC(534) Metaspace: 8611K(8832K)->8611K(8832K) NonClass: 7458K(7552K)->7458K(7552K) Class: 1153K(1280K)->1153K(1280K)
[44.215s][info][gc             ] GC(534) Pause Young (Allocation Failure) 176M->34M(496M) 1.773ms
[44.215s][info][gc,cpu         ] GC(534) User=0.00s Sys=0.00s Real=0.00s
[44.293s][info][gc,start       ] GC(535) Pause Young (Allocation Failure)
[44.307s][info][gc,heap        ] GC(535) PSYoungGen: 146336K(158720K)->8960K(158720K) Eden: 145408K(145408K)->0K(145920K) From: 928K(13312K)->8960K(12800K)
[44.307s][info][gc,heap        ] GC(535) ParOldGen: 34776K(349696K)->35472K(349696K)
[44.307s][info][gc,metaspace   ] GC(535) Metaspace: 8611K(8832K)->8611K(8832K) NonClass: 7458K(7552K)->7458K(7552K) Class: 1153K(1280K)->1153K(1280K)
[44.307s][info][gc             ] GC(535) Pause Young (Allocation Failure) 176M->43M(496M) 14.076ms
[44.308s][info][gc,cpu         ] GC(535) User=0.00s Sys=0.00s Real=0.02s
[44.381s][info][gc,start       ] GC(536) Pause Young (Allocation Failure)
[44.388s][info][gc,heap        ] GC(536) PSYoungGen: 154880K(158720K)->960K(160256K) Eden: 145920K(145920K)->0K(145920K) From: 8960K(12800K)->960K(14336K)
[44.388s][info][gc,heap        ] GC(536) ParOldGen: 35472K(349696K)->44056K(349696K)
[44.388s][info][gc,metaspace   ] GC(536) Metaspace: 8611K(8832K)->8611K(8832K) NonClass: 7458K(7552K)->7458K(7552K) Class: 1153K(1280K)->1153K(1280K)
[44.388s][info][gc             ] GC(536) Pause Young (Allocation Failure) 185M->43M(498M) 7.785ms
[44.388s][info][gc,cpu         ] GC(536) User=0.00s Sys=0.00s Real=0.00s
[44.453s][info][gc,start       ] GC(537) Pause Young (Allocation Failure)
[44.455s][info][gc,heap        ] GC(537) PSYoungGen: 146880K(160256K)->800K(157696K) Eden: 145920K(145920K)->0K(146432K) From: 960K(14336K)->800K(11264K)
[44.455s][info][gc,heap        ] GC(537) ParOldGen: 44056K(349696K)->44720K(349696K)
[44.455s][info][gc,metaspace   ] GC(537) Metaspace: 8611K(8832K)->8611K(8832K) NonClass: 7458K(7552K)->7458K(7552K) Class: 1153K(1280K)->1153K(1280K)
[44.455s][info][gc             ] GC(537) Pause Young (Allocation Failure) 186M->44M(495M) 1.316ms
[44.455s][info][gc,cpu         ] GC(537) User=0.00s Sys=0.00s Real=0.00s
[44.527s][info][gc,start       ] GC(538) Pause Young (Allocation Failure)
[44.530s][info][gc,heap        ] GC(538) PSYoungGen: 147232K(157696K)->4736K(159232K) Eden: 146432K(146432K)->0K(146432K) From: 800K(11264K)->4736K(12800K)
[44.530s][info][gc,heap        ] GC(538) ParOldGen: 44720K(349696K)->45048K(349696K)
[44.530s][info][gc,metaspace   ] GC(538) Metaspace: 8611K(8832K)->8611K(8832K) NonClass: 7458K(7552K)->7458K(7552K) Class: 1153K(1280K)->1153K(1280K)
[44.530s][info][gc             ] GC(538) Pause Young (Allocation Failure) 187M->48M(497M) 2.890ms
[44.530s][info][gc,cpu         ] GC(538) User=0.00s Sys=0.00s Real=0.00s
[44.596s][info][gc,start       ] GC(539) Pause Young (Allocation Failure)
[44.600s][info][gc,heap        ] GC(539) PSYoungGen: 151168K(159232K)->736K(160768K) Eden: 146432K(146432K)->0K(148992K) From: 4736K(12800K)->736K(11776K)
[44.600s][info][gc,heap        ] GC(539) ParOldGen: 45048K(349696K)->49568K(349696K)
[44.600s][info][gc,metaspace   ] GC(539) Metaspace: 8611K(8832K)->8611K(8832K) NonClass: 7458K(7552K)->7458K(7552K) Class: 1153K(1280K)->1153K(1280K)
[44.600s][info][gc             ] GC(539) Pause Young (Allocation Failure) 191M->49M(498M) 4.441ms
[44.600s][info][gc,cpu         ] GC(539) User=0.00s Sys=0.00s Real=0.00s
[44.668s][info][gc,start       ] GC(540) Pause Young (Allocation Failure)
[44.669s][info][gc,heap        ] GC(540) PSYoungGen: 149728K(160768K)->864K(161280K) Eden: 148992K(148992K)->0K(148992K) From: 736K(11776K)->864K(12288K)
[44.669s][info][gc,heap        ] GC(540) ParOldGen: 49568K(349696K)->49904K(349696K)
[44.669s][info][gc,metaspace   ] GC(540) Metaspace: 8611K(8832K)->8611K(8832K) NonClass: 7458K(7552K)->7458K(7552K) Class: 1153K(1280K)->1153K(1280K)
[44.669s][info][gc             ] GC(540) Pause Young (Allocation Failure) 194M->49M(499M) 1.369ms
[44.669s][info][gc,cpu         ] GC(540) User=0.00s Sys=0.00s Real=0.00s
[44.746s][info][gc,start       ] GC(541) Pause Young (Allocation Failure)
[44.749s][info][gc,heap        ] GC(541) PSYoungGen: 149856K(161280K)->4448K(161280K) Eden: 148992K(148992K)->0K(150528K) From: 864K(12288K)->4448K(10752K)
[44.749s][info][gc,heap        ] GC(541) ParOldGen: 49904K(349696K)->50600K(349696K)
[44.749s][info][gc,metaspace   ] GC(541) Metaspace: 8611K(8832K)->8611K(8832K) NonClass: 7458K(7552K)->7458K(7552K) Class: 1153K(1280K)->1153K(1280K)
[44.749s][info][gc             ] GC(541) Pause Young (Allocation Failure) 195M->53M(499M) 3.026ms
[44.749s][info][gc,cpu         ] GC(541) User=0.00s Sys=0.00s Real=0.00s
[44.836s][info][gc,start       ] GC(542) Pause Young (Allocation Failure)
[44.840s][info][gc,heap        ] GC(542) PSYoungGen: 154976K(161280K)->960K(161792K) Eden: 150528K(150528K)->0K(150528K) From: 4448K(10752K)->960K(11264K)
[44.840s][info][gc,heap        ] GC(542) ParOldGen: 50600K(349696K)->54640K(349696K)
[44.840s][info][gc,metaspace   ] GC(542) Metaspace: 8611K(8832K)->8611K(8832K) NonClass: 7458K(7552K)->7458K(7552K) Class: 1153K(1280K)->1153K(1280K)
[44.840s][info][gc             ] GC(542) Pause Young (Allocation Failure) 200M->54M(499M) 4.039ms
[44.840s][info][gc,cpu         ] GC(542) User=0.00s Sys=0.00s Real=0.00s
[44.924s][info][gc,start       ] GC(543) Pause Young (Allocation Failure)
[44.925s][info][gc,heap        ] GC(543) PSYoungGen: 151488K(161792K)->896K(162304K) Eden: 150528K(150528K)->0K(152576K) From: 960K(11264K)->896K(9728K)
[44.925s][info][gc,heap        ] GC(543) ParOldGen: 54640K(349696K)->55272K(349696K)
[44.925s][info][gc,metaspace   ] GC(543) Metaspace: 8611K(8832K)->8611K(8832K) NonClass: 7458K(7552K)->7458K(7552K) Class: 1153K(1280K)->1153K(1280K)
[44.925s][info][gc             ] GC(543) Pause Young (Allocation Failure) 201M->54M(500M) 1.548ms
[44.926s][info][gc,cpu         ] GC(543) User=0.00s Sys=0.00s Real=0.00s
[45.032s][info][gc,start       ] GC(544) Pause Young (Allocation Failure)
[45.044s][info][gc,heap        ] GC(544) PSYoungGen: 153472K(162304K)->10208K(162816K) Eden: 152576K(152576K)->0K(152576K) From: 896K(9728K)->10208K(10240K)
[45.044s][info][gc,heap        ] GC(544) ParOldGen: 55272K(349696K)->63344K(349696K)
[45.045s][info][gc,metaspace   ] GC(544) Metaspace: 8611K(8832K)->8611K(8832K) NonClass: 7458K(7552K)->7458K(7552K) Class: 1153K(1280K)->1153K(1280K)
[45.045s][info][gc             ] GC(544) Pause Young (Allocation Failure) 203M->71M(500M) 12.713ms
[45.045s][info][gc,cpu         ] GC(544) User=0.19s Sys=0.00s Real=0.01s
[45.115s][info][gc,start       ] GC(545) Pause Young (Allocation Failure)
[45.123s][info][gc,heap        ] GC(545) PSYoungGen: 162784K(162816K)->832K(156672K) Eden: 152576K(152576K)->0K(144896K) From: 10208K(10240K)->832K(11776K)
[45.123s][info][gc,heap        ] GC(545) ParOldGen: 63344K(349696K)->73456K(349696K)
[45.123s][info][gc,metaspace   ] GC(545) Metaspace: 8611K(8832K)->8611K(8832K) NonClass: 7458K(7552K)->7458K(7552K) Class: 1153K(1280K)->1153K(1280K)
[45.123s][info][gc             ] GC(545) Pause Young (Allocation Failure) 220M->72M(494M) 8.089ms
[45.124s][info][gc,cpu         ] GC(545) User=0.00s Sys=0.00s Real=0.01s
[45.192s][info][gc,start       ] GC(546) Pause Young (Allocation Failure)
[45.194s][info][gc,heap        ] GC(546) PSYoungGen: 145728K(156672K)->896K(159744K) Eden: 144896K(144896K)->0K(144896K) From: 832K(11776K)->896K(14848K)
[45.194s][info][gc,heap        ] GC(546) ParOldGen: 73456K(349696K)->73792K(349696K)
[45.194s][info][gc,metaspace   ] GC(546) Metaspace: 8611K(8832K)->8611K(8832K) NonClass: 7458K(7552K)->7458K(7552K) Class: 1153K(1280K)->1153K(1280K)
[45.194s][info][gc             ] GC(546) Pause Young (Allocation Failure) 214M->72M(497M) 1.546ms
[45.194s][info][gc,cpu         ] GC(546) User=0.00s Sys=0.00s Real=0.00s
[45.269s][info][gc,start       ] GC(547) Pause Young (Allocation Failure)
[45.272s][info][gc,heap        ] GC(547) PSYoungGen: 145792K(159744K)->4608K(158208K) Eden: 144896K(144896K)->0K(145408K) From: 896K(14848K)->4608K(12800K)
[45.272s][info][gc,heap        ] GC(547) ParOldGen: 73792K(349696K)->74472K(349696K)
[45.272s][info][gc,metaspace   ] GC(547) Metaspace: 8611K(8832K)->8611K(8832K) NonClass: 7458K(7552K)->7458K(7552K) Class: 1153K(1280K)->1153K(1280K)
[45.272s][info][gc             ] GC(547) Pause Young (Allocation Failure) 214M->77M(496M) 3.262ms
[45.272s][info][gc,cpu         ] GC(547) User=0.00s Sys=0.00s Real=0.00s
[45.344s][info][gc,start       ] GC(548) Pause Young (Allocation Failure)
[45.348s][info][gc,heap        ] GC(548) PSYoungGen: 150016K(158208K)->960K(159232K) Eden: 145408K(145408K)->0K(145408K) From: 4608K(12800K)->960K(13824K)
[45.348s][info][gc,heap        ] GC(548) ParOldGen: 74472K(349696K)->78632K(349696K)
[45.348s][info][gc,metaspace   ] GC(548) Metaspace: 8611K(8832K)->8611K(8832K) NonClass: 7458K(7552K)->7458K(7552K) Class: 1153K(1280K)->1153K(1280K)
[45.348s][info][gc             ] GC(548) Pause Young (Allocation Failure) 219M->77M(497M) 4.380ms
[45.348s][info][gc,cpu         ] GC(548) User=0.00s Sys=0.00s Real=0.00s
[45.418s][info][gc,start       ] GC(549) Pause Young (Allocation Failure)
[45.420s][info][gc,heap        ] GC(549) PSYoungGen: 146368K(159232K)->832K(159232K) Eden: 145408K(145408K)->0K(147456K) From: 960K(13824K)->832K(11776K)
[45.420s][info][gc,heap        ] GC(549) ParOldGen: 78632K(349696K)->79272K(349696K)
[45.420s][info][gc,metaspace   ] GC(549) Metaspace: 8611K(8832K)->8611K(8832K) NonClass: 7458K(7552K)->7458K(7552K) Class: 1153K(1280K)->1153K(1280K)
[45.420s][info][gc             ] GC(549) Pause Young (Allocation Failure) 219M->78M(497M) 1.635ms
[45.420s][info][gc,cpu         ] GC(549) User=0.00s Sys=0.00s Real=0.00s
[45.496s][info][gc,start       ] GC(550) Pause Young (Allocation Failure)
[45.499s][info][gc,heap        ] GC(550) PSYoungGen: 148288K(159232K)->4608K(160256K) Eden: 147456K(147456K)->0K(147456K) From: 832K(11776K)->4608K(12800K)
[45.499s][info][gc,heap        ] GC(550) ParOldGen: 79272K(349696K)->79664K(349696K)
[45.499s][info][gc,metaspace   ] GC(550) Metaspace: 8611K(8832K)->8611K(8832K) NonClass: 7458K(7552K)->7458K(7552K) Class: 1153K(1280K)->1153K(1280K)
[45.499s][info][gc             ] GC(550) Pause Young (Allocation Failure) 222M->82M(498M) 3.286ms
[45.499s][info][gc,cpu         ] GC(550) User=0.00s Sys=0.00s Real=0.00s
[45.565s][info][gc,start       ] GC(551) Pause Young (Allocation Failure)
[45.570s][info][gc,heap        ] GC(551) PSYoungGen: 152064K(160256K)->832K(160256K) Eden: 147456K(147456K)->0K(149504K) From: 4608K(12800K)->832K(10752K)
[45.570s][info][gc,heap        ] GC(551) ParOldGen: 79664K(349696K)->83992K(349696K)
[45.570s][info][gc,metaspace   ] GC(551) Metaspace: 8611K(8832K)->8611K(8832K) NonClass: 7458K(7552K)->7458K(7552K) Class: 1153K(1280K)->1153K(1280K)
[45.570s][info][gc             ] GC(551) Pause Young (Allocation Failure) 226M->82M(498M) 4.373ms
[45.570s][info][gc,cpu         ] GC(551) User=0.00s Sys=0.00s Real=0.00s
[45.664s][info][gc,start       ] GC(552) Pause Young (Allocation Failure)
[45.670s][info][gc,heap        ] GC(552) PSYoungGen: 150336K(160256K)->9184K(161280K) Eden: 149504K(149504K)->0K(149504K) From: 832K(10752K)->9184K(11776K)
[45.670s][info][gc,heap        ] GC(552) ParOldGen: 83992K(349696K)->84320K(349696K)
[45.670s][info][gc,metaspace   ] GC(552) Metaspace: 8611K(8832K)->8611K(8832K) NonClass: 7458K(7552K)->7458K(7552K) Class: 1153K(1280K)->1153K(1280K)
[45.670s][info][gc             ] GC(552) Pause Young (Allocation Failure) 228M->91M(499M) 5.521ms
[45.670s][info][gc,cpu         ] GC(552) User=0.00s Sys=0.00s Real=0.00s
[45.751s][info][gc,start       ] GC(553) Pause Young (Allocation Failure)
[45.759s][info][gc,heap        ] GC(553) PSYoungGen: 158688K(161280K)->832K(161792K) Eden: 149504K(149504K)->0K(148480K) From: 9184K(11776K)->832K(13312K)
[45.759s][info][gc,heap        ] GC(553) ParOldGen: 84320K(349696K)->93232K(349696K)
[45.759s][info][gc,metaspace   ] GC(553) Metaspace: 8611K(8832K)->8611K(8832K) NonClass: 7458K(7552K)->7458K(7552K) Class: 1153K(1280K)->1153K(1280K)
[45.759s][info][gc             ] GC(553) Pause Young (Allocation Failure) 237M->91M(499M) 8.317ms
[45.759s][info][gc,cpu         ] GC(553) User=0.02s Sys=0.00s Real=0.01s
[45.826s][info][gc,start       ] GC(554) Pause Young (Allocation Failure)
[45.828s][info][gc,heap        ] GC(554) PSYoungGen: 149312K(161792K)->1024K(150016K) Eden: 148480K(148480K)->0K(148480K) From: 832K(13312K)->1024K(1536K)
[45.828s][info][gc,heap        ] GC(554) ParOldGen: 93232K(349696K)->93600K(349696K)
[45.828s][info][gc,metaspace   ] GC(554) Metaspace: 8611K(8832K)->8611K(8832K) NonClass: 7458K(7552K)->7458K(7552K) Class: 1153K(1280K)->1153K(1280K)
[45.828s][info][gc             ] GC(554) Pause Young (Allocation Failure) 236M->92M(488M) 1.481ms
[45.828s][info][gc,cpu         ] GC(554) User=0.00s Sys=0.00s Real=0.00s
[45.903s][info][gc,start       ] GC(555) Pause Young (Allocation Failure)
[45.905s][info][gc,heap        ] GC(555) PSYoungGen: 149504K(150016K)->4032K(161280K) Eden: 148480K(148480K)->0K(148992K) From: 1024K(1536K)->4032K(12288K)
[45.905s][info][gc,heap        ] GC(555) ParOldGen: 93600K(349696K)->94232K(349696K)
[45.905s][info][gc,metaspace   ] GC(555) Metaspace: 8611K(8832K)->8611K(8832K) NonClass: 7458K(7552K)->7458K(7552K) Class: 1153K(1280K)->1153K(1280K)
[45.905s][info][gc             ] GC(555) Pause Young (Allocation Failure) 237M->95M(499M) 2.529ms
[45.905s][info][gc,cpu         ] GC(555) User=0.00s Sys=0.00s Real=0.00s
[45.974s][info][gc,start       ] GC(556) Pause Young (Allocation Failure)
[45.978s][info][gc,heap        ] GC(556) PSYoungGen: 153024K(161280K)->1552K(160768K) Eden: 148992K(148992K)->0K(148992K) From: 4032K(12288K)->1552K(11776K)
[45.978s][info][gc,heap        ] GC(556) ParOldGen: 94232K(349696K)->97912K(349696K)
[45.978s][info][gc,metaspace   ] GC(556) Metaspace: 8611K(8832K)->8611K(8832K) NonClass: 7458K(7552K)->7458K(7552K) Class: 1153K(1280K)->1153K(1280K)
[45.978s][info][gc             ] GC(556) Pause Young (Allocation Failure) 241M->97M(498M) 4.074ms
[45.978s][info][gc,cpu         ] GC(556) User=0.00s Sys=0.00s Real=0.00s
[46.049s][info][gc,start       ] GC(557) Pause Young (Allocation Failure)
[46.051s][info][gc,heap        ] GC(557) PSYoungGen: 150544K(160768K)->864K(162304K) Eden: 148992K(148992K)->0K(151040K) From: 1552K(11776K)->864K(11264K)
[46.051s][info][gc,heap        ] GC(557) ParOldGen: 97912K(349696K)->99096K(349696K)
[46.051s][info][gc,metaspace   ] GC(557) Metaspace: 8611K(8832K)->8611K(8832K) NonClass: 7458K(7552K)->7458K(7552K) Class: 1153K(1280K)->1153K(1280K)
[46.051s][info][gc             ] GC(557) Pause Young (Allocation Failure) 242M->97M(500M) 2.290ms
[46.051s][info][gc,cpu         ] GC(557) User=0.00s Sys=0.00s Real=0.00s
[46.125s][info][gc,start       ] GC(558) Pause Young (Allocation Failure)
[46.128s][info][gc,heap        ] GC(558) PSYoungGen: 151904K(162304K)->4416K(161792K) Eden: 151040K(151040K)->0K(151040K) From: 864K(11264K)->4416K(10752K)
[46.128s][info][gc,heap        ] GC(558) ParOldGen: 99096K(349696K)->99784K(349696K)
[46.128s][info][gc,metaspace   ] GC(558) Metaspace: 8611K(8832K)->8611K(8832K) NonClass: 7458K(7552K)->7458K(7552K) Class: 1153K(1280K)->1153K(1280K)
[46.128s][info][gc             ] GC(558) Pause Young (Allocation Failure) 245M->101M(499M) 3.268ms
[46.128s][info][gc,cpu         ] GC(558) User=0.19s Sys=0.00s Real=0.00s
[46.202s][info][gc,start       ] GC(559) Pause Young (Allocation Failure)
[46.206s][info][gc,heap        ] GC(559) PSYoungGen: 155456K(161792K)->864K(163328K) Eden: 151040K(151040K)->0K(153088K) From: 4416K(10752K)->864K(10240K)
[46.206s][info][gc,heap        ] GC(559) ParOldGen: 99784K(349696K)->103833K(349696K)
[46.206s][info][gc,metaspace   ] GC(559) Metaspace: 8611K(8832K)->8611K(8832K) NonClass: 7458K(7552K)->7458K(7552K) Class: 1153K(1280K)->1153K(1280K)
[46.206s][info][gc             ] GC(559) Pause Young (Allocation Failure) 249M->102M(501M) 4.117ms
[46.206s][info][gc,cpu         ] GC(559) User=0.19s Sys=0.00s Real=0.00s
[46.280s][info][gc,start       ] GC(560) Pause Young (Allocation Failure)
[46.282s][info][gc,heap        ] GC(560) PSYoungGen: 153952K(163328K)->768K(163328K) Eden: 153088K(153088K)->0K(153088K) From: 864K(10240K)->768K(10240K)
[46.282s][info][gc,heap        ] GC(560) ParOldGen: 103833K(349696K)->104457K(349696K)
[46.282s][info][gc,metaspace   ] GC(560) Metaspace: 8611K(8832K)->8611K(8832K) NonClass: 7458K(7552K)->7458K(7552K) Class: 1153K(1280K)->1153K(1280K)
[46.282s][info][gc             ] GC(560) Pause Young (Allocation Failure) 251M->102M(501M) 1.571ms
[46.282s][info][gc,cpu         ] GC(560) User=0.00s Sys=0.00s Real=0.00s
[46.688s][info][gc,start       ] GC(561) Pause Young (System.gc())
[46.721s][info][gc,heap        ] GC(561) PSYoungGen: 137058K(163328K)->9696K(128000K) Eden: 136290K(153088K)->0K(118272K) From: 768K(10240K)->9696K(9728K)
[46.721s][info][gc,heap        ] GC(561) ParOldGen: 104457K(349696K)->148169K(349696K)
[46.721s][info][gc,metaspace   ] GC(561) Metaspace: 8611K(8832K)->8611K(8832K) NonClass: 7458K(7552K)->7458K(7552K) Class: 1153K(1280K)->1153K(1280K)
[46.721s][info][gc             ] GC(561) Pause Young (System.gc()) 235M->154M(466M) 32.986ms
[46.721s][info][gc,cpu         ] GC(561) User=0.38s Sys=0.02s Real=0.03s
[46.721s][info][gc,start       ] GC(562) Pause Full (System.gc())
[46.721s][info][gc,phases,start] GC(562) Marking Phase
[46.726s][info][gc,phases      ] GC(562) Marking Phase 5.075ms
[46.726s][info][gc,phases,start] GC(562) Summary Phase
[46.726s][info][gc,phases      ] GC(562) Summary Phase 0.014ms
[46.726s][info][gc,phases,start] GC(562) Adjust Roots
[46.728s][info][gc,phases      ] GC(562) Adjust Roots 1.213ms
[46.728s][info][gc,phases,start] GC(562) Compaction Phase
[46.729s][info][gc,phases      ] GC(562) Compaction Phase 1.206ms
[46.729s][info][gc,phases,start] GC(562) Post Compact
[46.730s][info][gc,phases      ] GC(562) Post Compact 0.821ms
[46.730s][info][gc,heap        ] GC(562) PSYoungGen: 9696K(128000K)->0K(128000K) Eden: 0K(118272K)->0K(118272K) From: 9696K(9728K)->0K(9728K)
[46.730s][info][gc,heap        ] GC(562) ParOldGen: 148169K(349696K)->3527K(349696K)
[46.730s][info][gc,metaspace   ] GC(562) Metaspace: 8611K(8832K)->8611K(8832K) NonClass: 7458K(7552K)->7458K(7552K) Class: 1153K(1280K)->1153K(1280K)
[46.730s][info][gc             ] GC(562) Pause Full (System.gc()) 154M->3M(466M) 8.464ms
[46.730s][info][gc,cpu         ] GC(562) User=0.00s Sys=0.00s Real=0.01s
[46.787s][info][gc,start       ] GC(563) Pause Young (Allocation Failure)
[46.787s][info][gc,heap        ] GC(563) PSYoungGen: 118272K(128000K)->704K(146432K) Eden: 118272K(118272K)->0K(118272K) From: 0K(9728K)->704K(28160K)
[46.787s][info][gc,heap        ] GC(563) ParOldGen: 3527K(349696K)->3527K(349696K)
[46.787s][info][gc,metaspace   ] GC(563) Metaspace: 8623K(8896K)->8623K(8896K) NonClass: 7469K(7616K)->7469K(7616K) Class: 1153K(1280K)->1153K(1280K)
[46.787s][info][gc             ] GC(563) Pause Young (Allocation Failure) 118M->4M(484M) 0.882ms
[46.787s][info][gc,cpu         ] GC(563) User=0.00s Sys=0.00s Real=0.00s
[46.841s][info][gc,start       ] GC(564) Pause Young (Allocation Failure)
[46.843s][info][gc,heap        ] GC(564) PSYoungGen: 118976K(146432K)->768K(143360K) Eden: 118272K(118272K)->0K(119296K) From: 704K(28160K)->768K(24064K)
[46.843s][info][gc,heap        ] GC(564) ParOldGen: 3527K(349696K)->3887K(349696K)
[46.843s][info][gc,metaspace   ] GC(564) Metaspace: 8623K(8896K)->8623K(8896K) NonClass: 7469K(7616K)->7469K(7616K) Class: 1153K(1280K)->1153K(1280K)
[46.843s][info][gc             ] GC(564) Pause Young (Allocation Failure) 119M->4M(481M) 2.203ms
[46.843s][info][gc,cpu         ] GC(564) User=0.00s Sys=0.00s Real=0.00s
[46.896s][info][gc,start       ] GC(565) Pause Young (Allocation Failure)
[46.898s][info][gc,heap        ] GC(565) PSYoungGen: 120064K(143360K)->832K(145408K) Eden: 119296K(119296K)->0K(119296K) From: 768K(24064K)->832K(26112K)
[46.898s][info][gc,heap        ] GC(565) ParOldGen: 3887K(349696K)->4207K(349696K)
[46.898s][info][gc,metaspace   ] GC(565) Metaspace: 8623K(8896K)->8623K(8896K) NonClass: 7469K(7616K)->7469K(7616K) Class: 1153K(1280K)->1153K(1280K)
[46.898s][info][gc             ] GC(565) Pause Young (Allocation Failure) 121M->4M(483M) 1.504ms
[46.898s][info][gc,cpu         ] GC(565) User=0.00s Sys=0.00s Real=0.00s
[46.952s][info][gc,start       ] GC(566) Pause Young (Allocation Failure)
[46.953s][info][gc,heap        ] GC(566) PSYoungGen: 120128K(145408K)->832K(145408K) Eden: 119296K(119296K)->0K(123392K) From: 832K(26112K)->832K(22016K)
[46.953s][info][gc,heap        ] GC(566) ParOldGen: 4207K(349696K)->4535K(349696K)
[46.953s][info][gc,metaspace   ] GC(566) Metaspace: 8623K(8896K)->8623K(8896K) NonClass: 7469K(7616K)->7469K(7616K) Class: 1153K(1280K)->1153K(1280K)
[46.953s][info][gc             ] GC(566) Pause Young (Allocation Failure) 121M->5M(483M) 1.229ms
[46.953s][info][gc,cpu         ] GC(566) User=0.00s Sys=0.00s Real=0.00s
[47.014s][info][gc,start       ] GC(567) Pause Young (Allocation Failure)
[47.017s][info][gc,heap        ] GC(567) PSYoungGen: 124224K(145408K)->4720K(147456K) Eden: 123392K(123392K)->0K(123392K) From: 832K(22016K)->4720K(24064K)
[47.017s][info][gc,heap        ] GC(567) ParOldGen: 4535K(349696K)->4943K(349696K)
[47.017s][info][gc,metaspace   ] GC(567) Metaspace: 8623K(8896K)->8623K(8896K) NonClass: 7469K(7616K)->7469K(7616K) Class: 1153K(1280K)->1153K(1280K)
[47.017s][info][gc             ] GC(567) Pause Young (Allocation Failure) 125M->9M(485M) 2.887ms
[47.017s][info][gc,cpu         ] GC(567) User=0.17s Sys=0.00s Real=0.00s
[47.072s][info][gc,start       ] GC(568) Pause Young (Allocation Failure)
[47.077s][info][gc,heap        ] GC(568) PSYoungGen: 128112K(147456K)->704K(147968K) Eden: 123392K(123392K)->0K(128000K) From: 4720K(24064K)->704K(19968K)
[47.077s][info][gc,heap        ] GC(568) ParOldGen: 4943K(349696K)->9399K(349696K)
[47.077s][info][gc,metaspace   ] GC(568) Metaspace: 8623K(8896K)->8623K(8896K) NonClass: 7469K(7616K)->7469K(7616K) Class: 1153K(1280K)->1153K(1280K)
[47.077s][info][gc             ] GC(568) Pause Young (Allocation Failure) 129M->9M(486M) 4.368ms
[47.077s][info][gc,cpu         ] GC(568) User=0.00s Sys=0.00s Real=0.00s
[47.134s][info][gc,start       ] GC(569) Pause Young (Allocation Failure)
[47.136s][info][gc,heap        ] GC(569) PSYoungGen: 128704K(147968K)->832K(149504K) Eden: 128000K(128000K)->0K(128000K) From: 704K(19968K)->832K(21504K)
[47.136s][info][gc,heap        ] GC(569) ParOldGen: 9399K(349696K)->9727K(349696K)
[47.136s][info][gc,metaspace   ] GC(569) Metaspace: 8623K(8896K)->8623K(8896K) NonClass: 7469K(7616K)->7469K(7616K) Class: 1153K(1280K)->1153K(1280K)
[47.136s][info][gc             ] GC(569) Pause Young (Allocation Failure) 134M->10M(487M) 1.267ms
[47.136s][info][gc,cpu         ] GC(569) User=0.00s Sys=0.00s Real=0.00s
[47.199s][info][gc,start       ] GC(570) Pause Young (Allocation Failure)
[47.203s][info][gc,heap        ] GC(570) PSYoungGen: 128832K(149504K)->4576K(149504K) Eden: 128000K(128000K)->0K(132608K) From: 832K(21504K)->4576K(16896K)
[47.203s][info][gc,heap        ] GC(570) ParOldGen: 9727K(349696K)->10127K(349696K)
[47.203s][info][gc,metaspace   ] GC(570) Metaspace: 8623K(8896K)->8623K(8896K) NonClass: 7469K(7616K)->7469K(7616K) Class: 1153K(1280K)->1153K(1280K)
[47.203s][info][gc             ] GC(570) Pause Young (Allocation Failure) 135M->14M(487M) 3.625ms
[47.203s][info][gc,cpu         ] GC(570) User=0.00s Sys=0.00s Real=0.00s
[47.266s][info][gc,start       ] GC(571) Pause Young (Allocation Failure)
[47.270s][info][gc,heap        ] GC(571) PSYoungGen: 137184K(149504K)->672K(151552K) Eden: 132608K(132608K)->0K(132608K) From: 4576K(16896K)->672K(18944K)
[47.270s][info][gc,heap        ] GC(571) ParOldGen: 10127K(349696K)->14456K(349696K)
[47.270s][info][gc,metaspace   ] GC(571) Metaspace: 8623K(8896K)->8623K(8896K) NonClass: 7469K(7616K)->7469K(7616K) Class: 1153K(1280K)->1153K(1280K)
[47.270s][info][gc             ] GC(571) Pause Young (Allocation Failure) 143M->14M(489M) 4.207ms
[47.270s][info][gc,cpu         ] GC(571) User=0.17s Sys=0.00s Real=0.00s
[47.362s][info][gc,start       ] GC(572) Pause Young (Allocation Failure)
[47.363s][info][gc,heap        ] GC(572) PSYoungGen: 133280K(151552K)->832K(153600K) Eden: 132608K(132608K)->0K(137728K) From: 672K(18944K)->832K(15872K)
[47.363s][info][gc,heap        ] GC(572) ParOldGen: 14456K(349696K)->14792K(349696K)
[47.363s][info][gc,metaspace   ] GC(572) Metaspace: 8623K(8896K)->8623K(8896K) NonClass: 7469K(7616K)->7469K(7616K) Class: 1153K(1280K)->1153K(1280K)
[47.363s][info][gc             ] GC(572) Pause Young (Allocation Failure) 144M->15M(491M) 1.310ms
[47.363s][info][gc,cpu         ] GC(572) User=0.00s Sys=0.00s Real=0.00s
[47.456s][info][gc,start       ] GC(573) Pause Young (Allocation Failure)
[47.462s][info][gc,heap        ] GC(573) PSYoungGen: 138560K(153600K)->9168K(155136K) Eden: 137728K(137728K)->0K(137728K) From: 832K(15872K)->9168K(17408K)
[47.462s][info][gc,heap        ] GC(573) ParOldGen: 14792K(349696K)->15200K(349696K)
[47.462s][info][gc,metaspace   ] GC(573) Metaspace: 8623K(8896K)->8623K(8896K) NonClass: 7469K(7616K)->7469K(7616K) Class: 1153K(1280K)->1153K(1280K)
[47.462s][info][gc             ] GC(573) Pause Young (Allocation Failure) 149M->23M(493M) 5.604ms
[47.462s][info][gc,cpu         ] GC(573) User=0.00s Sys=0.00s Real=0.01s
[47.526s][info][gc,start       ] GC(574) Pause Young (Allocation Failure)
[47.534s][info][gc,heap        ] GC(574) PSYoungGen: 146896K(155136K)->704K(156672K) Eden: 137728K(137728K)->0K(139264K) From: 9168K(17408K)->704K(17408K)
[47.534s][info][gc,heap        ] GC(574) ParOldGen: 15200K(349696K)->24176K(349696K)
[47.534s][info][gc,metaspace   ] GC(574) Metaspace: 8623K(8896K)->8623K(8896K) NonClass: 7469K(7616K)->7469K(7616K) Class: 1153K(1280K)->1153K(1280K)
[47.534s][info][gc             ] GC(574) Pause Young (Allocation Failure) 158M->24M(494M) 8.074ms
[47.534s][info][gc,cpu         ] GC(574) User=0.17s Sys=0.00s Real=0.01s
[47.601s][info][gc,start       ] GC(575) Pause Young (Allocation Failure)
[47.602s][info][gc,heap        ] GC(575) PSYoungGen: 139968K(156672K)->864K(140288K) Eden: 139264K(139264K)->0K(139264K) From: 704K(17408K)->864K(1024K)
[47.602s][info][gc,heap        ] GC(575) ParOldGen: 24176K(349696K)->24496K(349696K)
[47.602s][info][gc,metaspace   ] GC(575) Metaspace: 8623K(8896K)->8623K(8896K) NonClass: 7469K(7616K)->7469K(7616K) Class: 1153K(1280K)->1153K(1280K)
[47.602s][info][gc             ] GC(575) Pause Young (Allocation Failure) 160M->24M(478M) 1.382ms
[47.602s][info][gc,cpu         ] GC(575) User=0.00s Sys=0.00s Real=0.00s
[47.673s][info][gc,start       ] GC(576) Pause Young (Allocation Failure)
[47.676s][info][gc,heap        ] GC(576) PSYoungGen: 140128K(140288K)->4480K(157184K) Eden: 139264K(139264K)->0K(140800K) From: 864K(1024K)->4480K(16384K)
[47.676s][info][gc,heap        ] GC(576) ParOldGen: 24496K(349696K)->25184K(349696K)
[47.676s][info][gc,metaspace   ] GC(576) Metaspace: 8623K(8896K)->8623K(8896K) NonClass: 7469K(7616K)->7469K(7616K) Class: 1153K(1280K)->1153K(1280K)
[47.676s][info][gc             ] GC(576) Pause Young (Allocation Failure) 160M->28M(495M) 2.853ms
[47.676s][info][gc,cpu         ] GC(576) User=0.00s Sys=0.00s Real=0.00s
[47.744s][info][gc,start       ] GC(577) Pause Young (Allocation Failure)
[47.749s][info][gc,heap        ] GC(577) PSYoungGen: 145280K(157184K)->800K(156160K) Eden: 140800K(140800K)->0K(140800K) From: 4480K(16384K)->800K(15360K)
[47.749s][info][gc,heap        ] GC(577) ParOldGen: 25184K(349696K)->29344K(349696K)
[47.749s][info][gc,metaspace   ] GC(577) Metaspace: 8623K(8896K)->8623K(8896K) NonClass: 7469K(7616K)->7469K(7616K) Class: 1153K(1280K)->1153K(1280K)
[47.749s][info][gc             ] GC(577) Pause Young (Allocation Failure) 166M->29M(494M) 4.286ms
[47.749s][info][gc,cpu         ] GC(577) User=0.00s Sys=0.00s Real=0.00s
[47.813s][info][gc,start       ] GC(578) Pause Young (Allocation Failure)
[47.814s][info][gc,heap        ] GC(578) PSYoungGen: 141600K(156160K)->992K(158208K) Eden: 140800K(140800K)->0K(143360K) From: 800K(15360K)->992K(14848K)
[47.814s][info][gc,heap        ] GC(578) ParOldGen: 29344K(349696K)->29680K(349696K)
[47.814s][info][gc,metaspace   ] GC(578) Metaspace: 8623K(8896K)->8623K(8896K) NonClass: 7469K(7616K)->7469K(7616K) Class: 1153K(1280K)->1153K(1280K)
[47.814s][info][gc             ] GC(578) Pause Young (Allocation Failure) 166M->29M(496M) 1.320ms
[47.814s][info][gc,cpu         ] GC(578) User=0.00s Sys=0.00s Real=0.00s
[47.885s][info][gc,start       ] GC(579) Pause Young (Allocation Failure)
[47.888s][info][gc,heap        ] GC(579) PSYoungGen: 144352K(158208K)->4480K(157696K) Eden: 143360K(143360K)->0K(143360K) From: 992K(14848K)->4480K(14336K)
[47.888s][info][gc,heap        ] GC(579) ParOldGen: 29680K(349696K)->30360K(349696K)
[47.888s][info][gc,metaspace   ] GC(579) Metaspace: 8623K(8896K)->8623K(8896K) NonClass: 7469K(7616K)->7469K(7616K) Class: 1153K(1280K)->1153K(1280K)
[47.888s][info][gc             ] GC(579) Pause Young (Allocation Failure) 169M->34M(495M) 3.099ms
[47.888s][info][gc,cpu         ] GC(579) User=0.00s Sys=0.00s Real=0.00s
[47.953s][info][gc,start       ] GC(580) Pause Young (Allocation Failure)
[47.957s][info][gc,heap        ] GC(580) PSYoungGen: 147840K(157696K)->896K(159232K) Eden: 143360K(143360K)->0K(145920K) From: 4480K(14336K)->896K(13312K)
[47.957s][info][gc,heap        ] GC(580) ParOldGen: 30360K(349696K)->34392K(349696K)
[47.957s][info][gc,metaspace   ] GC(580) Metaspace: 8623K(8896K)->8623K(8896K) NonClass: 7469K(7616K)->7469K(7616K) Class: 1153K(1280K)->1153K(1280K)
[47.957s][info][gc             ] GC(580) Pause Young (Allocation Failure) 174M->34M(497M) 4.138ms
[47.957s][info][gc,cpu         ] GC(580) User=0.17s Sys=0.00s Real=0.00s
[48.028s][info][gc,start       ] GC(581) Pause Young (Allocation Failure)
[48.030s][info][gc,heap        ] GC(581) PSYoungGen: 146816K(159232K)->896K(158720K) Eden: 145920K(145920K)->0K(145920K) From: 896K(13312K)->896K(12800K)
[48.030s][info][gc,heap        ] GC(581) ParOldGen: 34392K(349696K)->35008K(349696K)
[48.030s][info][gc,metaspace   ] GC(581) Metaspace: 8623K(8896K)->8623K(8896K) NonClass: 7469K(7616K)->7469K(7616K) Class: 1153K(1280K)->1153K(1280K)
[48.030s][info][gc             ] GC(581) Pause Young (Allocation Failure) 176M->35M(496M) 1.680ms
[48.030s][info][gc,cpu         ] GC(581) User=0.00s Sys=0.00s Real=0.00s
[48.114s][info][gc,start       ] GC(582) Pause Young (Allocation Failure)
[48.120s][info][gc,heap        ] GC(582) PSYoungGen: 146816K(158720K)->9120K(159232K) Eden: 145920K(145920K)->0K(146944K) From: 896K(12800K)->9120K(12288K)
[48.120s][info][gc,heap        ] GC(582) ParOldGen: 35008K(349696K)->35408K(349696K)
[48.120s][info][gc,metaspace   ] GC(582) Metaspace: 8623K(8896K)->8623K(8896K) NonClass: 7469K(7616K)->7469K(7616K) Class: 1153K(1280K)->1153K(1280K)
[48.120s][info][gc             ] GC(582) Pause Young (Allocation Failure) 177M->43M(497M) 5.810ms
[48.120s][info][gc,cpu         ] GC(582) User=0.00s Sys=0.00s Real=0.01s
[48.191s][info][gc,start       ] GC(583) Pause Young (Allocation Failure)
[48.199s][info][gc,heap        ] GC(583) PSYoungGen: 156064K(159232K)->784K(160768K) Eden: 146944K(146944K)->0K(146944K) From: 9120K(12288K)->784K(13824K)
[48.200s][info][gc,heap        ] GC(583) ParOldGen: 35408K(349696K)->44304K(349696K)
[48.200s][info][gc,metaspace   ] GC(583) Metaspace: 8623K(8896K)->8623K(8896K) NonClass: 7469K(7616K)->7469K(7616K) Class: 1153K(1280K)->1153K(1280K)
[48.200s][info][gc             ] GC(583) Pause Young (Allocation Failure) 186M->44M(498M) 8.140ms
[48.200s][info][gc,cpu         ] GC(583) User=0.00s Sys=0.00s Real=0.01s
[48.272s][info][gc,start       ] GC(584) Pause Young (Allocation Failure)
[48.273s][info][gc,heap        ] GC(584) PSYoungGen: 147728K(160768K)->1024K(159232K) Eden: 146944K(146944K)->0K(147456K) From: 784K(13824K)->1024K(11776K)
[48.273s][info][gc,heap        ] GC(584) ParOldGen: 44304K(349696K)->44656K(349696K)
[48.273s][info][gc,metaspace   ] GC(584) Metaspace: 8623K(8896K)->8623K(8896K) NonClass: 7469K(7616K)->7469K(7616K) Class: 1153K(1280K)->1153K(1280K)
[48.273s][info][gc             ] GC(584) Pause Young (Allocation Failure) 187M->44M(497M) 1.569ms
[48.273s][info][gc,cpu         ] GC(584) User=0.00s Sys=0.00s Real=0.00s
[48.351s][info][gc,start       ] GC(585) Pause Young (Allocation Failure)
[48.354s][info][gc,heap        ] GC(585) PSYoungGen: 148480K(159232K)->4640K(160256K) Eden: 147456K(147456K)->0K(147456K) From: 1024K(11776K)->4640K(12800K)
[48.354s][info][gc,heap        ] GC(585) ParOldGen: 44656K(349696K)->45352K(349696K)
[48.354s][info][gc,metaspace   ] GC(585) Metaspace: 8623K(8896K)->8623K(8896K) NonClass: 7469K(7616K)->7469K(7616K) Class: 1153K(1280K)->1153K(1280K)
[48.354s][info][gc             ] GC(585) Pause Young (Allocation Failure) 188M->48M(498M) 3.060ms
[48.354s][info][gc,cpu         ] GC(585) User=0.00s Sys=0.00s Real=0.00s
[48.425s][info][gc,start       ] GC(586) Pause Young (Allocation Failure)
[48.429s][info][gc,heap        ] GC(586) PSYoungGen: 152096K(160256K)->960K(160256K) Eden: 147456K(147456K)->0K(149504K) From: 4640K(12800K)->960K(10752K)
[48.429s][info][gc,heap        ] GC(586) ParOldGen: 45352K(349696K)->49520K(349696K)
[48.429s][info][gc,metaspace   ] GC(586) Metaspace: 8623K(8896K)->8623K(8896K) NonClass: 7469K(7616K)->7469K(7616K) Class: 1153K(1280K)->1153K(1280K)
[48.429s][info][gc             ] GC(586) Pause Young (Allocation Failure) 192M->49M(498M) 4.185ms
[48.429s][info][gc,cpu         ] GC(586) User=0.00s Sys=0.00s Real=0.00s
[48.497s][info][gc,start       ] GC(587) Pause Young (Allocation Failure)
[48.499s][info][gc,heap        ] GC(587) PSYoungGen: 150464K(160256K)->800K(161280K) Eden: 149504K(149504K)->0K(149504K) From: 960K(10752K)->800K(11776K)
[48.499s][info][gc,heap        ] GC(587) ParOldGen: 49520K(349696K)->50144K(349696K)
[48.499s][info][gc,metaspace   ] GC(587) Metaspace: 8623K(8896K)->8623K(8896K) NonClass: 7469K(7616K)->7469K(7616K) Class: 1153K(1280K)->1153K(1280K)
[48.499s][info][gc             ] GC(587) Pause Young (Allocation Failure) 195M->49M(499M) 1.515ms
[48.499s][info][gc,cpu         ] GC(587) User=0.00s Sys=0.00s Real=0.00s
[48.571s][info][gc,start       ] GC(588) Pause Young (Allocation Failure)
[48.574s][info][gc,heap        ] GC(588) PSYoungGen: 150304K(161280K)->4608K(162304K) Eden: 149504K(149504K)->0K(151552K) From: 800K(11776K)->4608K(10752K)
[48.574s][info][gc,heap        ] GC(588) ParOldGen: 50144K(349696K)->50552K(349696K)
[48.575s][info][gc,metaspace   ] GC(588) Metaspace: 8623K(8896K)->8623K(8896K) NonClass: 7469K(7616K)->7469K(7616K) Class: 1153K(1280K)->1153K(1280K)
[48.575s][info][gc             ] GC(588) Pause Young (Allocation Failure) 195M->53M(500M) 3.110ms
[48.575s][info][gc,cpu         ] GC(588) User=0.00s Sys=0.00s Real=0.00s
[48.646s][info][gc,start       ] GC(589) Pause Young (Allocation Failure)
[48.650s][info][gc,heap        ] GC(589) PSYoungGen: 156160K(162304K)->864K(162816K) Eden: 151552K(151552K)->0K(151552K) From: 4608K(10752K)->864K(11264K)
[48.650s][info][gc,heap        ] GC(589) ParOldGen: 50552K(349696K)->54888K(349696K)
[48.651s][info][gc,metaspace   ] GC(589) Metaspace: 8623K(8896K)->8623K(8896K) NonClass: 7469K(7616K)->7469K(7616K) Class: 1153K(1280K)->1153K(1280K)
[48.651s][info][gc             ] GC(589) Pause Young (Allocation Failure) 201M->54M(500M) 4.220ms
[48.651s][info][gc,cpu         ] GC(589) User=0.00s Sys=0.00s Real=0.00s
[48.754s][info][gc,start       ] GC(590) Pause Young (Allocation Failure)
[48.767s][info][gc,heap        ] GC(590) PSYoungGen: 152416K(162816K)->10720K(153600K) Eden: 151552K(151552K)->0K(142848K) From: 864K(11264K)->10720K(10752K)
[48.767s][info][gc,heap        ] GC(590) ParOldGen: 54888K(349696K)->62432K(349696K)
[48.767s][info][gc,metaspace   ] GC(590) Metaspace: 8623K(8896K)->8623K(8896K) NonClass: 7469K(7616K)->7469K(7616K) Class: 1153K(1280K)->1153K(1280K)
[48.767s][info][gc             ] GC(590) Pause Young (Allocation Failure) 202M->71M(491M) 12.357ms
[48.767s][info][gc,cpu         ] GC(590) User=0.19s Sys=0.00s Real=0.02s
[48.835s][info][gc,start       ] GC(591) Pause Young (Allocation Failure)
[48.844s][info][gc,heap        ] GC(591) PSYoungGen: 153568K(153600K)->832K(158720K) Eden: 142848K(142848K)->0K(142848K) From: 10720K(10752K)->832K(15872K)
[48.844s][info][gc,heap        ] GC(591) ParOldGen: 62432K(349696K)->73080K(349696K)
[48.844s][info][gc,metaspace   ] GC(591) Metaspace: 8623K(8896K)->8623K(8896K) NonClass: 7469K(7616K)->7469K(7616K) Class: 1153K(1280K)->1153K(1280K)
[48.844s][info][gc             ] GC(591) Pause Young (Allocation Failure) 210M->72M(496M) 9.126ms
[48.844s][info][gc,cpu         ] GC(591) User=0.17s Sys=0.00s Real=0.02s
[48.912s][info][gc,start       ] GC(592) Pause Young (Allocation Failure)
[48.914s][info][gc,heap        ] GC(592) PSYoungGen: 143680K(158720K)->896K(156160K) Eden: 142848K(142848K)->0K(143360K) From: 832K(15872K)->896K(12800K)
[48.914s][info][gc,heap        ] GC(592) ParOldGen: 73080K(349696K)->73440K(349696K)
[48.914s][info][gc,metaspace   ] GC(592) Metaspace: 8623K(8896K)->8623K(8896K) NonClass: 7469K(7616K)->7469K(7616K) Class: 1153K(1280K)->1153K(1280K)
[48.914s][info][gc             ] GC(592) Pause Young (Allocation Failure) 211M->72M(494M) 1.899ms
[48.914s][info][gc,cpu         ] GC(592) User=0.00s Sys=0.00s Real=0.00s
[48.978s][info][gc,start       ] GC(593) Pause Young (Allocation Failure)
[48.980s][info][gc,heap        ] GC(593) PSYoungGen: 144256K(156160K)->800K(157696K) Eden: 143360K(143360K)->0K(143360K) From: 896K(12800K)->800K(14336K)
[48.980s][info][gc,heap        ] GC(593) ParOldGen: 73440K(349696K)->74072K(349696K)
[48.980s][info][gc,metaspace   ] GC(593) Metaspace: 8623K(8896K)->8623K(8896K) NonClass: 7469K(7616K)->7469K(7616K) Class: 1153K(1280K)->1153K(1280K)
[48.980s][info][gc             ] GC(593) Pause Young (Allocation Failure) 212M->73M(495M) 1.616ms
[48.980s][info][gc,cpu         ] GC(593) User=0.00s Sys=0.00s Real=0.00s
[49.052s][info][gc,start       ] GC(594) Pause Young (Allocation Failure)
[49.055s][info][gc,heap        ] GC(594) PSYoungGen: 144160K(157696K)->4720K(158720K) Eden: 143360K(143360K)->0K(146432K) From: 800K(14336K)->4720K(12288K)
[49.055s][info][gc,heap        ] GC(594) ParOldGen: 74072K(349696K)->74472K(349696K)
[49.055s][info][gc,metaspace   ] GC(594) Metaspace: 8623K(8896K)->8623K(8896K) NonClass: 7469K(7616K)->7469K(7616K) Class: 1153K(1280K)->1153K(1280K)
[49.055s][info][gc             ] GC(594) Pause Young (Allocation Failure) 213M->77M(496M) 3.002ms
[49.055s][info][gc,cpu         ] GC(594) User=0.00s Sys=0.00s Real=0.00s
[49.121s][info][gc,start       ] GC(595) Pause Young (Allocation Failure)
[49.125s][info][gc,heap        ] GC(595) PSYoungGen: 151152K(158720K)->800K(159744K) Eden: 146432K(146432K)->0K(146432K) From: 4720K(12288K)->800K(13312K)
[49.125s][info][gc,heap        ] GC(595) ParOldGen: 74472K(349696K)->78936K(349696K)
[49.125s][info][gc,metaspace   ] GC(595) Metaspace: 8623K(8896K)->8623K(8896K) NonClass: 7469K(7616K)->7469K(7616K) Class: 1153K(1280K)->1153K(1280K)
[49.125s][info][gc             ] GC(595) Pause Young (Allocation Failure) 220M->77M(497M) 4.402ms
[49.125s][info][gc,cpu         ] GC(595) User=0.17s Sys=0.00s Real=0.02s
[49.197s][info][gc,start       ] GC(596) Pause Young (Allocation Failure)
[49.200s][info][gc,heap        ] GC(596) PSYoungGen: 147232K(159744K)->4640K(159744K) Eden: 146432K(146432K)->0K(148480K) From: 800K(13312K)->4640K(11264K)
[49.200s][info][gc,heap        ] GC(596) ParOldGen: 78936K(349696K)->79280K(349696K)
[49.200s][info][gc,metaspace   ] GC(596) Metaspace: 8623K(8896K)->8623K(8896K) NonClass: 7469K(7616K)->7469K(7616K) Class: 1153K(1280K)->1153K(1280K)
[49.200s][info][gc             ] GC(596) Pause Young (Allocation Failure) 220M->81M(497M) 3.153ms
[49.200s][info][gc,cpu         ] GC(596) User=0.00s Sys=0.00s Real=0.00s
[49.267s][info][gc,start       ] GC(597) Pause Young (Allocation Failure)
[49.272s][info][gc,heap        ] GC(597) PSYoungGen: 153120K(159744K)->736K(160768K) Eden: 148480K(148480K)->0K(148480K) From: 4640K(11264K)->736K(12288K)
[49.272s][info][gc,heap        ] GC(597) ParOldGen: 79280K(349696K)->83680K(349696K)
[49.272s][info][gc,metaspace   ] GC(597) Metaspace: 8623K(8896K)->8623K(8896K) NonClass: 7469K(7616K)->7469K(7616K) Class: 1153K(1280K)->1153K(1280K)
[49.272s][info][gc             ] GC(597) Pause Young (Allocation Failure) 226M->82M(498M) 4.447ms
[49.272s][info][gc,cpu         ] GC(597) User=0.00s Sys=0.00s Real=0.00s
[49.344s][info][gc,start       ] GC(598) Pause Young (Allocation Failure)
[49.345s][info][gc,heap        ] GC(598) PSYoungGen: 149216K(160768K)->992K(161280K) Eden: 148480K(148480K)->0K(150016K) From: 736K(12288K)->992K(11264K)
[49.345s][info][gc,heap        ] GC(598) ParOldGen: 83680K(349696K)->84016K(349696K)
[49.345s][info][gc,metaspace   ] GC(598) Metaspace: 8623K(8896K)->8623K(8896K) NonClass: 7469K(7616K)->7469K(7616K) Class: 1153K(1280K)->1153K(1280K)
[49.345s][info][gc             ] GC(598) Pause Young (Allocation Failure) 227M->83M(499M) 1.644ms
[49.345s][info][gc,cpu         ] GC(598) User=0.00s Sys=0.00s Real=0.00s
[49.443s][info][gc,start       ] GC(599) Pause Young (Allocation Failure)
[49.448s][info][gc,heap        ] GC(599) PSYoungGen: 151008K(161280K)->8896K(161792K) Eden: 150016K(150016K)->0K(150016K) From: 992K(11264K)->8896K(11776K)
[49.448s][info][gc,heap        ] GC(599) ParOldGen: 84016K(349696K)->84704K(349696K)
[49.448s][info][gc,metaspace   ] GC(599) Metaspace: 8623K(8896K)->8623K(8896K) NonClass: 7469K(7616K)->7469K(7616K) Class: 1153K(1280K)->1153K(1280K)
[49.448s][info][gc             ] GC(599) Pause Young (Allocation Failure) 229M->91M(499M) 5.676ms
[49.448s][info][gc,cpu         ] GC(599) User=0.00s Sys=0.00s Real=0.00s
[49.533s][info][gc,start       ] GC(600) Pause Young (Allocation Failure)
[49.540s][info][gc,heap        ] GC(600) PSYoungGen: 158912K(161792K)->960K(162304K) Eden: 150016K(150016K)->0K(149504K) From: 8896K(11776K)->960K(12800K)
[49.541s][info][gc,heap        ] GC(600) ParOldGen: 84704K(349696K)->93280K(349696K)
[49.541s][info][gc,metaspace   ] GC(600) Metaspace: 8623K(8896K)->8623K(8896K) NonClass: 7469K(7616K)->7469K(7616K) Class: 1153K(1280K)->1153K(1280K)
[49.541s][info][gc             ] GC(600) Pause Young (Allocation Failure) 237M->92M(500M) 7.783ms
[49.541s][info][gc,cpu         ] GC(600) User=0.00s Sys=0.00s Real=0.00s
[49.611s][info][gc,start       ] GC(601) Pause Young (Allocation Failure)
[49.612s][info][gc,heap        ] GC(601) PSYoungGen: 150464K(162304K)->832K(150528K) Eden: 149504K(149504K)->0K(149504K) From: 960K(12800K)->832K(1024K)
[49.612s][info][gc,heap        ] GC(601) ParOldGen: 93280K(349696K)->93936K(349696K)
[49.612s][info][gc,metaspace   ] GC(601) Metaspace: 8623K(8896K)->8623K(8896K) NonClass: 7469K(7616K)->7469K(7616K) Class: 1153K(1280K)->1153K(1280K)
[49.612s][info][gc             ] GC(601) Pause Young (Allocation Failure) 238M->92M(488M) 1.532ms
[49.612s][info][gc,cpu         ] GC(601) User=0.00s Sys=0.00s Real=0.00s
[49.685s][info][gc,start       ] GC(602) Pause Young (Allocation Failure)
[49.688s][info][gc,heap        ] GC(602) PSYoungGen: 150336K(150528K)->4832K(161280K) Eden: 149504K(149504K)->0K(149504K) From: 832K(1024K)->4832K(11776K)
[49.688s][info][gc,heap        ] GC(602) ParOldGen: 93936K(349696K)->94264K(349696K)
[49.688s][info][gc,metaspace   ] GC(602) Metaspace: 8623K(8896K)->8623K(8896K) NonClass: 7469K(7616K)->7469K(7616K) Class: 1153K(1280K)->1153K(1280K)
[49.688s][info][gc             ] GC(602) Pause Young (Allocation Failure) 238M->96M(499M) 2.952ms
[49.688s][info][gc,cpu         ] GC(602) User=0.00s Sys=0.00s Real=0.00s
[49.755s][info][gc,start       ] GC(603) Pause Young (Allocation Failure)
[49.759s][info][gc,heap        ] GC(603) PSYoungGen: 154336K(161280K)->832K(161280K) Eden: 149504K(149504K)->0K(149504K) From: 4832K(11776K)->832K(11776K)
[49.759s][info][gc,heap        ] GC(603) ParOldGen: 94264K(349696K)->98784K(349696K)
[49.759s][info][gc,metaspace   ] GC(603) Metaspace: 8623K(8896K)->8623K(8896K) NonClass: 7469K(7616K)->7469K(7616K) Class: 1153K(1280K)->1153K(1280K)
[49.760s][info][gc             ] GC(603) Pause Young (Allocation Failure) 242M->97M(499M) 4.435ms
[49.760s][info][gc,cpu         ] GC(603) User=0.00s Sys=0.00s Real=0.00s
[49.828s][info][gc,start       ] GC(604) Pause Young (Allocation Failure)
[49.830s][info][gc,heap        ] GC(604) PSYoungGen: 150336K(161280K)->736K(162304K) Eden: 149504K(149504K)->0K(151552K) From: 832K(11776K)->736K(10752K)
[49.830s][info][gc,heap        ] GC(604) ParOldGen: 98784K(349696K)->99408K(349696K)
[49.830s][info][gc,metaspace   ] GC(604) Metaspace: 8623K(8896K)->8623K(8896K) NonClass: 7469K(7616K)->7469K(7616K) Class: 1153K(1280K)->1153K(1280K)
[49.830s][info][gc             ] GC(604) Pause Young (Allocation Failure) 243M->97M(500M) 1.751ms
[49.830s][info][gc,cpu         ] GC(604) User=0.00s Sys=0.00s Real=0.00s
[49.906s][info][gc,start       ] GC(605) Pause Young (Allocation Failure)
[49.910s][info][gc,heap        ] GC(605) PSYoungGen: 152288K(162304K)->4640K(162304K) Eden: 151552K(151552K)->0K(151552K) From: 736K(10752K)->4640K(10752K)
[49.910s][info][gc,heap        ] GC(605) ParOldGen: 99408K(349696K)->99800K(349696K)
[49.910s][info][gc,metaspace   ] GC(605) Metaspace: 8623K(8896K)->8623K(8896K) NonClass: 7469K(7616K)->7469K(7616K) Class: 1153K(1280K)->1153K(1280K)
[49.910s][info][gc             ] GC(605) Pause Young (Allocation Failure) 245M->101M(500M) 4.791ms
[49.910s][info][gc,cpu         ] GC(605) User=0.00s Sys=0.00s Real=0.00s
[49.978s][info][gc,start       ] GC(606) Pause Young (Allocation Failure)
[49.982s][info][gc,heap        ] GC(606) PSYoungGen: 156192K(162304K)->768K(162816K) Eden: 151552K(151552K)->0K(153088K) From: 4640K(10752K)->768K(9728K)
[49.982s][info][gc,heap        ] GC(606) ParOldGen: 99800K(349696K)->104144K(349696K)
[49.982s][info][gc,metaspace   ] GC(606) Metaspace: 8623K(8896K)->8623K(8896K) NonClass: 7469K(7616K)->7469K(7616K) Class: 1153K(1280K)->1153K(1280K)
[49.982s][info][gc             ] GC(606) Pause Young (Allocation Failure) 249M->102M(500M) 4.348ms
[49.982s][info][gc,cpu         ] GC(606) User=0.19s Sys=0.00s Real=0.02s
[50.093s][info][gc,start       ] GC(607) Pause Young (Allocation Failure)
[50.108s][info][gc,heap        ] GC(607) PSYoungGen: 153856K(162816K)->10208K(163328K) Eden: 153088K(153088K)->0K(153088K) From: 768K(9728K)->10208K(10240K)
[50.108s][info][gc,heap        ] GC(607) ParOldGen: 104144K(349696K)->115312K(349696K)
[50.108s][info][gc,metaspace   ] GC(607) Metaspace: 8623K(8896K)->8623K(8896K) NonClass: 7470K(7616K)->7470K(7616K) Class: 1153K(1280K)->1153K(1280K)
[50.108s][info][gc             ] GC(607) Pause Young (Allocation Failure) 251M->122M(501M) 15.325ms
[50.108s][info][gc,cpu         ] GC(607) User=0.19s Sys=0.00s Real=0.02s
[50.453s][info][gc,start       ] GC(608) Pause Young (System.gc())
[50.479s][info][gc,heap        ] GC(608) PSYoungGen: 100168K(163328K)->11232K(126464K) Eden: 89960K(153088K)->0K(115200K) From: 10208K(10240K)->11232K(11264K)
[50.479s][info][gc,heap        ] GC(608) ParOldGen: 115312K(349696K)->147312K(349696K)
[50.479s][info][gc,metaspace   ] GC(608) Metaspace: 8624K(8896K)->8624K(8896K) NonClass: 7471K(7616K)->7471K(7616K) Class: 1153K(1280K)->1153K(1280K)
[50.479s][info][gc             ] GC(608) Pause Young (System.gc()) 210M->154M(465M) 26.394ms
[50.479s][info][gc,cpu         ] GC(608) User=0.19s Sys=0.00s Real=0.02s
[50.479s][info][gc,start       ] GC(609) Pause Full (System.gc())
[50.479s][info][gc,phases,start] GC(609) Marking Phase
[50.485s][info][gc,phases      ] GC(609) Marking Phase 5.217ms
[50.485s][info][gc,phases,start] GC(609) Summary Phase
[50.485s][info][gc,phases      ] GC(609) Summary Phase 0.013ms
[50.485s][info][gc,phases,start] GC(609) Adjust Roots
[50.486s][info][gc,phases      ] GC(609) Adjust Roots 1.328ms
[50.486s][info][gc,phases,start] GC(609) Compaction Phase
[50.487s][info][gc,phases      ] GC(609) Compaction Phase 1.093ms
[50.487s][info][gc,phases,start] GC(609) Post Compact
[50.488s][info][gc,phases      ] GC(609) Post Compact 0.865ms
[50.488s][info][gc,heap        ] GC(609) PSYoungGen: 11232K(126464K)->0K(126464K) Eden: 0K(115200K)->0K(115200K) From: 11232K(11264K)->0K(11264K)
[50.488s][info][gc,heap        ] GC(609) ParOldGen: 147312K(349696K)->3527K(349696K)
[50.488s][info][gc,metaspace   ] GC(609) Metaspace: 8624K(8896K)->8624K(8896K) NonClass: 7471K(7616K)->7471K(7616K) Class: 1153K(1280K)->1153K(1280K)
[50.488s][info][gc             ] GC(609) Pause Full (System.gc()) 154M->3M(465M) 8.668ms
[50.488s][info][gc,cpu         ] GC(609) User=0.17s Sys=0.00s Real=0.02s
[50.540s][info][gc,start       ] GC(610) Pause Young (Allocation Failure)
[50.541s][info][gc,heap        ] GC(610) PSYoungGen: 115200K(126464K)->704K(144896K) Eden: 115200K(115200K)->0K(115200K) From: 0K(11264K)->704K(29696K)
[50.541s][info][gc,heap        ] GC(610) ParOldGen: 3527K(349696K)->3527K(349696K)
[50.541s][info][gc,metaspace   ] GC(610) Metaspace: 8629K(8896K)->8629K(8896K) NonClass: 7475K(7616K)->7475K(7616K) Class: 1153K(1280K)->1153K(1280K)
[50.541s][info][gc             ] GC(610) Pause Young (Allocation Failure) 115M->4M(483M) 0.837ms
[50.541s][info][gc,cpu         ] GC(610) User=0.00s Sys=0.00s Real=0.00s
[50.592s][info][gc,start       ] GC(611) Pause Young (Allocation Failure)
[50.594s][info][gc,heap        ] GC(611) PSYoungGen: 115904K(144896K)->704K(142848K) Eden: 115200K(115200K)->0K(116224K) From: 704K(29696K)->704K(26624K)
[50.594s][info][gc,heap        ] GC(611) ParOldGen: 3527K(349696K)->3887K(349696K)
[50.594s][info][gc,metaspace   ] GC(611) Metaspace: 8629K(8896K)->8629K(8896K) NonClass: 7475K(7616K)->7475K(7616K) Class: 1153K(1280K)->1153K(1280K)
[50.594s][info][gc             ] GC(611) Pause Young (Allocation Failure) 116M->4M(481M) 1.554ms
[50.594s][info][gc,cpu         ] GC(611) User=0.00s Sys=0.00s Real=0.00s
[50.650s][info][gc,start       ] GC(612) Pause Young (Allocation Failure)
[50.651s][info][gc,heap        ] GC(612) PSYoungGen: 116928K(142848K)->768K(144384K) Eden: 116224K(116224K)->0K(116224K) From: 704K(26624K)->768K(28160K)
[50.651s][info][gc,heap        ] GC(612) ParOldGen: 3887K(349696K)->4215K(349696K)
[50.651s][info][gc,metaspace   ] GC(612) Metaspace: 8629K(8896K)->8629K(8896K) NonClass: 7475K(7616K)->7475K(7616K) Class: 1153K(1280K)->1153K(1280K)
[50.651s][info][gc             ] GC(612) Pause Young (Allocation Failure) 117M->4M(482M) 0.993ms
[50.651s][info][gc,cpu         ] GC(612) User=0.00s Sys=0.00s Real=0.00s
[50.708s][info][gc,start       ] GC(613) Pause Young (Allocation Failure)
[50.709s][info][gc,heap        ] GC(613) PSYoungGen: 116992K(144384K)->800K(143872K) Eden: 116224K(116224K)->0K(119296K) From: 768K(28160K)->800K(24576K)
[50.709s][info][gc,heap        ] GC(613) ParOldGen: 4215K(349696K)->4543K(349696K)
[50.709s][info][gc,metaspace   ] GC(613) Metaspace: 8629K(8896K)->8629K(8896K) NonClass: 7475K(7616K)->7475K(7616K) Class: 1153K(1280K)->1153K(1280K)
[50.709s][info][gc             ] GC(613) Pause Young (Allocation Failure) 118M->5M(482M) 1.381ms
[50.709s][info][gc,cpu         ] GC(613) User=0.00s Sys=0.00s Real=0.00s
[50.772s][info][gc,start       ] GC(614) Pause Young (Allocation Failure)
[50.775s][info][gc,heap        ] GC(614) PSYoungGen: 120096K(143872K)->4640K(145408K) Eden: 119296K(119296K)->0K(119296K) From: 800K(24576K)->4640K(26112K)
[50.775s][info][gc,heap        ] GC(614) ParOldGen: 4543K(349696K)->4943K(349696K)
[50.775s][info][gc,metaspace   ] GC(614) Metaspace: 8629K(8896K)->8629K(8896K) NonClass: 7475K(7616K)->7475K(7616K) Class: 1153K(1280K)->1153K(1280K)
[50.775s][info][gc             ] GC(614) Pause Young (Allocation Failure) 121M->9M(483M) 2.778ms
[50.775s][info][gc,cpu         ] GC(614) User=0.00s Sys=0.00s Real=0.00s
[50.833s][info][gc,start       ] GC(615) Pause Young (Allocation Failure)
[50.837s][info][gc,heap        ] GC(615) PSYoungGen: 123936K(145408K)->640K(146944K) Eden: 119296K(119296K)->0K(124416K) From: 4640K(26112K)->640K(22528K)
[50.837s][info][gc,heap        ] GC(615) ParOldGen: 4943K(349696K)->9391K(349696K)
[50.837s][info][gc,metaspace   ] GC(615) Metaspace: 8629K(8896K)->8629K(8896K) NonClass: 7475K(7616K)->7475K(7616K) Class: 1153K(1280K)->1153K(1280K)
[50.837s][info][gc             ] GC(615) Pause Young (Allocation Failure) 125M->9M(485M) 4.553ms
[50.837s][info][gc,cpu         ] GC(615) User=0.00s Sys=0.00s Real=0.00s
[50.896s][info][gc,start       ] GC(616) Pause Young (Allocation Failure)
[50.897s][info][gc,heap        ] GC(616) PSYoungGen: 125056K(146944K)->800K(147456K) Eden: 124416K(124416K)->0K(124416K) From: 640K(22528K)->800K(23040K)
[50.897s][info][gc,heap        ] GC(616) ParOldGen: 9391K(349696K)->9727K(349696K)
[50.897s][info][gc,metaspace   ] GC(616) Metaspace: 8629K(8896K)->8629K(8896K) NonClass: 7475K(7616K)->7475K(7616K) Class: 1153K(1280K)->1153K(1280K)
[50.897s][info][gc             ] GC(616) Pause Young (Allocation Failure) 131M->10M(485M) 1.271ms
[50.897s][info][gc,cpu         ] GC(616) User=0.00s Sys=0.00s Real=0.00s
[50.961s][info][gc,start       ] GC(617) Pause Young (Allocation Failure)
[50.964s][info][gc,heap        ] GC(617) PSYoungGen: 125216K(147456K)->4448K(148992K) Eden: 124416K(124416K)->0K(129536K) From: 800K(23040K)->4448K(19456K)
[50.964s][info][gc,heap        ] GC(617) ParOldGen: 9727K(349696K)->10127K(349696K)
[50.964s][info][gc,metaspace   ] GC(617) Metaspace: 8629K(8896K)->8629K(8896K) NonClass: 7475K(7616K)->7475K(7616K) Class: 1153K(1280K)->1153K(1280K)
[50.964s][info][gc             ] GC(617) Pause Young (Allocation Failure) 131M->14M(487M) 3.158ms
[50.964s][info][gc,cpu         ] GC(617) User=0.00s Sys=0.00s Real=0.00s
[51.027s][info][gc,start       ] GC(618) Pause Young (Allocation Failure)
[51.031s][info][gc,heap        ] GC(618) PSYoungGen: 133984K(148992K)->896K(150016K) Eden: 129536K(129536K)->0K(129536K) From: 4448K(19456K)->896K(20480K)
[51.031s][info][gc,heap        ] GC(618) ParOldGen: 10127K(349696K)->14184K(349696K)
[51.031s][info][gc,metaspace   ] GC(618) Metaspace: 8629K(8896K)->8629K(8896K) NonClass: 7475K(7616K)->7475K(7616K) Class: 1153K(1280K)->1153K(1280K)
[51.031s][info][gc             ] GC(618) Pause Young (Allocation Failure) 140M->14M(488M) 4.105ms
[51.031s][info][gc,cpu         ] GC(618) User=0.17s Sys=0.00s Real=0.01s
[51.093s][info][gc,start       ] GC(619) Pause Young (Allocation Failure)
[51.095s][info][gc,heap        ] GC(619) PSYoungGen: 130432K(150016K)->736K(152064K) Eden: 129536K(129536K)->0K(134656K) From: 896K(20480K)->736K(17408K)
[51.095s][info][gc,heap        ] GC(619) ParOldGen: 14184K(349696K)->14808K(349696K)
[51.095s][info][gc,metaspace   ] GC(619) Metaspace: 8629K(8896K)->8629K(8896K) NonClass: 7475K(7616K)->7475K(7616K) Class: 1153K(1280K)->1153K(1280K)
[51.095s][info][gc             ] GC(619) Pause Young (Allocation Failure) 141M->15M(490M) 1.515ms
[51.095s][info][gc,cpu         ] GC(619) User=0.00s Sys=0.00s Real=0.00s
[51.171s][info][gc,start       ] GC(620) Pause Young (Allocation Failure)
[51.176s][info][gc,heap        ] GC(620) PSYoungGen: 135392K(152064K)->8992K(153088K) Eden: 134656K(134656K)->0K(134656K) From: 736K(17408K)->8992K(18432K)
[51.176s][info][gc,heap        ] GC(620) ParOldGen: 14808K(349696K)->15216K(349696K)
[51.176s][info][gc,metaspace   ] GC(620) Metaspace: 8629K(8896K)->8629K(8896K) NonClass: 7475K(7616K)->7475K(7616K) Class: 1153K(1280K)->1153K(1280K)
[51.176s][info][gc             ] GC(620) Pause Young (Allocation Failure) 146M->23M(491M) 5.166ms
[51.176s][info][gc,cpu         ] GC(620) User=0.00s Sys=0.00s Real=0.00s
[51.237s][info][gc,start       ] GC(621) Pause Young (Allocation Failure)
[51.244s][info][gc,heap        ] GC(621) PSYoungGen: 143648K(153088K)->896K(155648K) Eden: 134656K(134656K)->0K(137216K) From: 8992K(18432K)->896K(18432K)
[51.244s][info][gc,heap        ] GC(621) ParOldGen: 15216K(349696K)->23864K(349696K)
[51.244s][info][gc,metaspace   ] GC(621) Metaspace: 8629K(8896K)->8629K(8896K) NonClass: 7475K(7616K)->7475K(7616K) Class: 1153K(1280K)->1153K(1280K)
[51.244s][info][gc             ] GC(621) Pause Young (Allocation Failure) 155M->24M(493M) 7.809ms
[51.244s][info][gc,cpu         ] GC(621) User=0.00s Sys=0.00s Real=0.00s
[51.306s][info][gc,start       ] GC(622) Pause Young (Allocation Failure)
[51.337s][info][gc,heap        ] GC(622) PSYoungGen: 138112K(155648K)->736K(138240K) Eden: 137216K(137216K)->0K(137216K) From: 896K(18432K)->736K(1024K)
[51.337s][info][gc,heap        ] GC(622) ParOldGen: 23864K(349696K)->24528K(349696K)
[51.337s][info][gc,metaspace   ] GC(622) Metaspace: 8629K(8896K)->8629K(8896K) NonClass: 7475K(7616K)->7475K(7616K) Class: 1153K(1280K)->1153K(1280K)
[51.337s][info][gc             ] GC(622) Pause Young (Allocation Failure) 158M->24M(476M) 31.183ms
[51.337s][info][gc,cpu         ] GC(622) User=0.00s Sys=0.00s Real=0.03s
[51.429s][info][gc,start       ] GC(623) Pause Young (Allocation Failure)
[51.432s][info][gc,heap        ] GC(623) PSYoungGen: 137952K(138240K)->4704K(156160K) Eden: 137216K(137216K)->0K(138752K) From: 736K(1024K)->4704K(17408K)
[51.432s][info][gc,heap        ] GC(623) ParOldGen: 24528K(349696K)->24864K(349696K)
[51.432s][info][gc,metaspace   ] GC(623) Metaspace: 8629K(8896K)->8629K(8896K) NonClass: 7475K(7616K)->7475K(7616K) Class: 1153K(1280K)->1153K(1280K)
[51.432s][info][gc             ] GC(623) Pause Young (Allocation Failure) 158M->28M(494M) 2.768ms
[51.432s][info][gc,cpu         ] GC(623) User=0.00s Sys=0.00s Real=0.00s
[51.521s][info][gc,start       ] GC(624) Pause Young (Allocation Failure)
[51.525s][info][gc,heap        ] GC(624) PSYoungGen: 143456K(156160K)->672K(155136K) Eden: 138752K(138752K)->0K(138752K) From: 4704K(17408K)->672K(16384K)
[51.525s][info][gc,heap        ] GC(624) ParOldGen: 24864K(349696K)->29384K(349696K)
[51.526s][info][gc,metaspace   ] GC(624) Metaspace: 8629K(8896K)->8629K(8896K) NonClass: 7475K(7616K)->7475K(7616K) Class: 1153K(1280K)->1153K(1280K)
[51.526s][info][gc             ] GC(624) Pause Young (Allocation Failure) 164M->29M(493M) 4.456ms
[51.526s][info][gc,cpu         ] GC(624) User=0.00s Sys=0.00s Real=0.00s
[51.603s][info][gc,start       ] GC(625) Pause Young (Allocation Failure)
[51.604s][info][gc,heap        ] GC(625) PSYoungGen: 139424K(155136K)->800K(157184K) Eden: 138752K(138752K)->0K(141824K) From: 672K(16384K)->800K(15360K)
[51.604s][info][gc,heap        ] GC(625) ParOldGen: 29384K(349696K)->29712K(349696K)
[51.604s][info][gc,metaspace   ] GC(625) Metaspace: 8629K(8896K)->8629K(8896K) NonClass: 7475K(7616K)->7475K(7616K) Class: 1153K(1280K)->1153K(1280K)
[51.604s][info][gc             ] GC(625) Pause Young (Allocation Failure) 164M->29M(495M) 1.105ms
[51.604s][info][gc,cpu         ] GC(625) User=0.00s Sys=0.00s Real=0.00s
[51.679s][info][gc,start       ] GC(626) Pause Young (Allocation Failure)
[51.682s][info][gc,heap        ] GC(626) PSYoungGen: 142624K(157184K)->4672K(156672K) Eden: 141824K(141824K)->0K(141824K) From: 800K(15360K)->4672K(14848K)
[51.682s][info][gc,heap        ] GC(626) ParOldGen: 29712K(349696K)->30048K(349696K)
[51.682s][info][gc,metaspace   ] GC(626) Metaspace: 8629K(8896K)->8629K(8896K) NonClass: 7475K(7616K)->7475K(7616K) Class: 1153K(1280K)->1153K(1280K)
[51.682s][info][gc             ] GC(626) Pause Young (Allocation Failure) 168M->33M(494M) 2.917ms
[51.682s][info][gc,cpu         ] GC(626) User=0.00s Sys=0.00s Real=0.00s
[51.749s][info][gc,start       ] GC(627) Pause Young (Allocation Failure)
[51.753s][info][gc,heap        ] GC(627) PSYoungGen: 146496K(156672K)->768K(159232K) Eden: 141824K(141824K)->0K(144896K) From: 4672K(14848K)->768K(14336K)
[51.753s][info][gc,heap        ] GC(627) ParOldGen: 30048K(349696K)->34448K(349696K)
[51.753s][info][gc,metaspace   ] GC(627) Metaspace: 8629K(8896K)->8629K(8896K) NonClass: 7475K(7616K)->7475K(7616K) Class: 1153K(1280K)->1153K(1280K)
[51.753s][info][gc             ] GC(627) Pause Young (Allocation Failure) 172M->34M(497M) 4.213ms
[51.753s][info][gc,cpu         ] GC(627) User=0.00s Sys=0.00s Real=0.00s
[51.821s][info][gc,start       ] GC(628) Pause Young (Allocation Failure)
[51.822s][info][gc,heap        ] GC(628) PSYoungGen: 145664K(159232K)->960K(158720K) Eden: 144896K(144896K)->0K(144896K) From: 768K(14336K)->960K(13824K)
[51.822s][info][gc,heap        ] GC(628) ParOldGen: 34448K(349696K)->34792K(349696K)
[51.822s][info][gc,metaspace   ] GC(628) Metaspace: 8629K(8896K)->8629K(8896K) NonClass: 7475K(7616K)->7475K(7616K) Class: 1153K(1280K)->1153K(1280K)
[51.822s][info][gc             ] GC(628) Pause Young (Allocation Failure) 175M->34M(496M) 1.348ms
[51.822s][info][gc,cpu         ] GC(628) User=0.00s Sys=0.00s Real=0.00s
[51.922s][info][gc,start       ] GC(629) Pause Young (Allocation Failure)
[51.928s][info][gc,heap        ] GC(629) PSYoungGen: 145856K(158720K)->8928K(158720K) Eden: 144896K(144896K)->0K(145408K) From: 960K(13824K)->8928K(13312K)
[51.928s][info][gc,heap        ] GC(629) ParOldGen: 34792K(349696K)->35488K(349696K)
[51.928s][info][gc,metaspace   ] GC(629) Metaspace: 8629K(8896K)->8629K(8896K) NonClass: 7475K(7616K)->7475K(7616K) Class: 1153K(1280K)->1153K(1280K)
[51.928s][info][gc             ] GC(629) Pause Young (Allocation Failure) 176M->43M(496M) 5.930ms
[51.928s][info][gc,cpu         ] GC(629) User=0.00s Sys=0.00s Real=0.01s
[52.007s][info][gc,start       ] GC(630) Pause Young (Allocation Failure)
[52.014s][info][gc,heap        ] GC(630) PSYoungGen: 154336K(158720K)->896K(159744K) Eden: 145408K(145408K)->0K(145408K) From: 8928K(13312K)->896K(14336K)
[52.014s][info][gc,heap        ] GC(630) ParOldGen: 35488K(349696K)->44056K(349696K)
[52.014s][info][gc,metaspace   ] GC(630) Metaspace: 8629K(8896K)->8629K(8896K) NonClass: 7475K(7616K)->7475K(7616K) Class: 1153K(1280K)->1153K(1280K)
[52.014s][info][gc             ] GC(630) Pause Young (Allocation Failure) 185M->43M(497M) 7.615ms
[52.014s][info][gc,cpu         ] GC(630) User=0.00s Sys=0.00s Real=0.01s
[52.085s][info][gc,start       ] GC(631) Pause Young (Allocation Failure)
[52.086s][info][gc,heap        ] GC(631) PSYoungGen: 146304K(159744K)->800K(158720K) Eden: 145408K(145408K)->0K(146432K) From: 896K(14336K)->800K(12288K)
[52.086s][info][gc,heap        ] GC(631) ParOldGen: 44056K(349696K)->44728K(349696K)
[52.086s][info][gc,metaspace   ] GC(631) Metaspace: 8629K(8896K)->8629K(8896K) NonClass: 7475K(7616K)->7475K(7616K) Class: 1153K(1280K)->1153K(1280K)
[52.086s][info][gc             ] GC(631) Pause Young (Allocation Failure) 185M->44M(496M) 1.356ms
[52.086s][info][gc,cpu         ] GC(631) User=0.00s Sys=0.00s Real=0.00s
[52.164s][info][gc,start       ] GC(632) Pause Young (Allocation Failure)
[52.167s][info][gc,heap        ] GC(632) PSYoungGen: 147232K(158720K)->4768K(159744K) Eden: 146432K(146432K)->0K(146432K) From: 800K(12288K)->4768K(13312K)
[52.167s][info][gc,heap        ] GC(632) ParOldGen: 44728K(349696K)->45064K(349696K)
[52.167s][info][gc,metaspace   ] GC(632) Metaspace: 8629K(8896K)->8629K(8896K) NonClass: 7475K(7616K)->7475K(7616K) Class: 1153K(1280K)->1153K(1280K)
[52.167s][info][gc             ] GC(632) Pause Young (Allocation Failure) 187M->48M(497M) 2.724ms
[52.167s][info][gc,cpu         ] GC(632) User=0.00s Sys=0.00s Real=0.00s
[52.233s][info][gc,start       ] GC(633) Pause Young (Allocation Failure)
[52.238s][info][gc,heap        ] GC(633) PSYoungGen: 151200K(159744K)->736K(159744K) Eden: 146432K(146432K)->0K(148480K) From: 4768K(13312K)->736K(11264K)
[52.238s][info][gc,heap        ] GC(633) ParOldGen: 45064K(349696K)->49576K(349696K)
[52.238s][info][gc,metaspace   ] GC(633) Metaspace: 8629K(8896K)->8629K(8896K) NonClass: 7475K(7616K)->7475K(7616K) Class: 1153K(1280K)->1153K(1280K)
[52.238s][info][gc             ] GC(633) Pause Young (Allocation Failure) 191M->49M(497M) 4.353ms
[52.238s][info][gc,cpu         ] GC(633) User=0.00s Sys=0.00s Real=0.00s
[52.307s][info][gc,start       ] GC(634) Pause Young (Allocation Failure)
[52.308s][info][gc,heap        ] GC(634) PSYoungGen: 149216K(159744K)->896K(160768K) Eden: 148480K(148480K)->0K(148480K) From: 736K(11264K)->896K(12288K)
[52.308s][info][gc,heap        ] GC(634) ParOldGen: 49576K(349696K)->49904K(349696K)
[52.308s][info][gc,metaspace   ] GC(634) Metaspace: 8629K(8896K)->8629K(8896K) NonClass: 7475K(7616K)->7475K(7616K) Class: 1153K(1280K)->1153K(1280K)
[52.309s][info][gc             ] GC(634) Pause Young (Allocation Failure) 194M->49M(498M) 1.324ms
[52.309s][info][gc,cpu         ] GC(634) User=0.00s Sys=0.00s Real=0.00s
[52.399s][info][gc,start       ] GC(635) Pause Young (Allocation Failure)
[52.402s][info][gc,heap        ] GC(635) PSYoungGen: 149376K(160768K)->4480K(160768K) Eden: 148480K(148480K)->0K(150528K) From: 896K(12288K)->4480K(10240K)
[52.402s][info][gc,heap        ] GC(635) ParOldGen: 49904K(349696K)->50592K(349696K)
[52.402s][info][gc,metaspace   ] GC(635) Metaspace: 8629K(8896K)->8629K(8896K) NonClass: 7475K(7616K)->7475K(7616K) Class: 1153K(1280K)->1153K(1280K)
[52.402s][info][gc             ] GC(635) Pause Young (Allocation Failure) 194M->53M(498M) 3.177ms
[52.402s][info][gc,cpu         ] GC(635) User=0.00s Sys=0.00s Real=0.00s
[52.484s][info][gc,start       ] GC(636) Pause Young (Allocation Failure)
[52.489s][info][gc,heap        ] GC(636) PSYoungGen: 155008K(160768K)->960K(161792K) Eden: 150528K(150528K)->0K(150528K) From: 4480K(10240K)->960K(11264K)
[52.489s][info][gc,heap        ] GC(636) ParOldGen: 50592K(349696K)->54624K(349696K)
[52.489s][info][gc,metaspace   ] GC(636) Metaspace: 8629K(8896K)->8629K(8896K) NonClass: 7475K(7616K)->7475K(7616K) Class: 1153K(1280K)->1153K(1280K)
[52.489s][info][gc             ] GC(636) Pause Young (Allocation Failure) 200M->54M(499M) 4.305ms
[52.489s][info][gc,cpu         ] GC(636) User=0.00s Sys=0.00s Real=0.00s
[52.559s][info][gc,start       ] GC(637) Pause Young (Allocation Failure)
[52.560s][info][gc,heap        ] GC(637) PSYoungGen: 151488K(161792K)->896K(161792K) Eden: 150528K(150528K)->0K(152576K) From: 960K(11264K)->896K(9216K)
[52.560s][info][gc,heap        ] GC(637) ParOldGen: 54624K(349696K)->55248K(349696K)
[52.560s][info][gc,metaspace   ] GC(637) Metaspace: 8629K(8896K)->8629K(8896K) NonClass: 7475K(7616K)->7475K(7616K) Class: 1153K(1280K)->1153K(1280K)
[52.560s][info][gc             ] GC(637) Pause Young (Allocation Failure) 201M->54M(499M) 1.523ms
[52.560s][info][gc,cpu         ] GC(637) User=0.00s Sys=0.00s Real=0.00s
[52.667s][info][gc,start       ] GC(638) Pause Young (Allocation Failure)
[52.679s][info][gc,heap        ] GC(638) PSYoungGen: 153472K(161792K)->10208K(162816K) Eden: 152576K(152576K)->0K(152576K) From: 896K(9216K)->10208K(10240K)
[52.679s][info][gc,heap        ] GC(638) ParOldGen: 55248K(349696K)->63336K(349696K)
[52.679s][info][gc,metaspace   ] GC(638) Metaspace: 8629K(8896K)->8629K(8896K) NonClass: 7475K(7616K)->7475K(7616K) Class: 1153K(1280K)->1153K(1280K)
[52.679s][info][gc             ] GC(638) Pause Young (Allocation Failure) 203M->71M(500M) 12.270ms
[52.679s][info][gc,cpu         ] GC(638) User=0.19s Sys=0.00s Real=0.02s
[52.752s][info][gc,start       ] GC(639) Pause Young (Allocation Failure)
[52.760s][info][gc,heap        ] GC(639) PSYoungGen: 162784K(162816K)->800K(156672K) Eden: 152576K(152576K)->0K(144896K) From: 10208K(10240K)->800K(11776K)
[52.760s][info][gc,heap        ] GC(639) ParOldGen: 63336K(349696K)->73464K(349696K)
[52.760s][info][gc,metaspace   ] GC(639) Metaspace: 8629K(8896K)->8629K(8896K) NonClass: 7475K(7616K)->7475K(7616K) Class: 1153K(1280K)->1153K(1280K)
[52.760s][info][gc             ] GC(639) Pause Young (Allocation Failure) 220M->72M(494M) 7.940ms
[52.760s][info][gc,cpu         ] GC(639) User=0.00s Sys=0.00s Real=0.00s
[52.830s][info][gc,start       ] GC(640) Pause Young (Allocation Failure)
[52.831s][info][gc,heap        ] GC(640) PSYoungGen: 145696K(156672K)->960K(159744K) Eden: 144896K(144896K)->0K(144896K) From: 800K(11776K)->960K(14848K)
[52.831s][info][gc,heap        ] GC(640) ParOldGen: 73464K(349696K)->73776K(349696K)
[52.831s][info][gc,metaspace   ] GC(640) Metaspace: 8629K(8896K)->8629K(8896K) NonClass: 7475K(7616K)->7475K(7616K) Class: 1153K(1280K)->1153K(1280K)
[52.831s][info][gc             ] GC(640) Pause Young (Allocation Failure) 214M->72M(497M) 1.629ms
[52.831s][info][gc,cpu         ] GC(640) User=0.00s Sys=0.00s Real=0.00s
[52.907s][info][gc,start       ] GC(641) Pause Young (Allocation Failure)
[52.925s][info][gc,heap        ] GC(641) PSYoungGen: 145856K(159744K)->4640K(158208K) Eden: 144896K(144896K)->0K(145408K) From: 960K(14848K)->4640K(12800K)
[52.925s][info][gc,heap        ] GC(641) ParOldGen: 73776K(349696K)->74472K(349696K)
[52.925s][info][gc,metaspace   ] GC(641) Metaspace: 8629K(8896K)->8629K(8896K) NonClass: 7475K(7616K)->7475K(7616K) Class: 1153K(1280K)->1153K(1280K)
[52.926s][info][gc             ] GC(641) Pause Young (Allocation Failure) 214M->77M(496M) 18.681ms
[52.926s][info][gc,cpu         ] GC(641) User=0.00s Sys=0.00s Real=0.02s
[52.998s][info][gc,start       ] GC(642) Pause Young (Allocation Failure)
[53.002s][info][gc,heap        ] GC(642) PSYoungGen: 150048K(158208K)->896K(159232K) Eden: 145408K(145408K)->0K(145408K) From: 4640K(12800K)->896K(13824K)
[53.002s][info][gc,heap        ] GC(642) ParOldGen: 74472K(349696K)->78640K(349696K)
[53.002s][info][gc,metaspace   ] GC(642) Metaspace: 8629K(8896K)->8629K(8896K) NonClass: 7475K(7616K)->7475K(7616K) Class: 1153K(1280K)->1153K(1280K)
[53.002s][info][gc             ] GC(642) Pause Young (Allocation Failure) 219M->77M(497M) 4.136ms
[53.002s][info][gc,cpu         ] GC(642) User=0.17s Sys=0.00s Real=0.02s
[53.073s][info][gc,start       ] GC(643) Pause Young (Allocation Failure)
[53.074s][info][gc,heap        ] GC(643) PSYoungGen: 146304K(159232K)->800K(159232K) Eden: 145408K(145408K)->0K(147456K) From: 896K(13824K)->800K(11776K)
[53.074s][info][gc,heap        ] GC(643) ParOldGen: 78640K(349696K)->79280K(349696K)
[53.074s][info][gc,metaspace   ] GC(643) Metaspace: 8629K(8896K)->8629K(8896K) NonClass: 7475K(7616K)->7475K(7616K) Class: 1153K(1280K)->1153K(1280K)
[53.074s][info][gc             ] GC(643) Pause Young (Allocation Failure) 219M->78M(497M) 1.604ms
[53.074s][info][gc,cpu         ] GC(643) User=0.00s Sys=0.00s Real=0.00s
[53.150s][info][gc,start       ] GC(644) Pause Young (Allocation Failure)
[53.153s][info][gc,heap        ] GC(644) PSYoungGen: 148256K(159232K)->4704K(160256K) Eden: 147456K(147456K)->0K(147456K) From: 800K(11776K)->4704K(12800K)
[53.153s][info][gc,heap        ] GC(644) ParOldGen: 79280K(349696K)->79696K(349696K)
[53.153s][info][gc,metaspace   ] GC(644) Metaspace: 8629K(8896K)->8629K(8896K) NonClass: 7475K(7616K)->7475K(7616K) Class: 1153K(1280K)->1153K(1280K)
[53.153s][info][gc             ] GC(644) Pause Young (Allocation Failure) 222M->82M(498M) 3.104ms
[53.153s][info][gc,cpu         ] GC(644) User=0.00s Sys=0.00s Real=0.00s
[53.237s][info][gc,start       ] GC(645) Pause Young (Allocation Failure)
[53.241s][info][gc,heap        ] GC(645) PSYoungGen: 152160K(160256K)->832K(160256K) Eden: 147456K(147456K)->0K(149504K) From: 4704K(12800K)->832K(10752K)
[53.241s][info][gc,heap        ] GC(645) ParOldGen: 79696K(349696K)->84032K(349696K)
[53.241s][info][gc,metaspace   ] GC(645) Metaspace: 8629K(8896K)->8629K(8896K) NonClass: 7475K(7616K)->7475K(7616K) Class: 1153K(1280K)->1153K(1280K)
[53.241s][info][gc             ] GC(645) Pause Young (Allocation Failure) 226M->82M(498M) 4.469ms
[53.241s][info][gc,cpu         ] GC(645) User=0.00s Sys=0.00s Real=0.00s
[53.335s][info][gc,start       ] GC(646) Pause Young (Allocation Failure)
[53.340s][info][gc,heap        ] GC(646) PSYoungGen: 150336K(160256K)->9184K(161280K) Eden: 149504K(149504K)->0K(149504K) From: 832K(10752K)->9184K(11776K)
[53.340s][info][gc,heap        ] GC(646) ParOldGen: 84032K(349696K)->84368K(349696K)
[53.341s][info][gc,metaspace   ] GC(646) Metaspace: 8629K(8896K)->8629K(8896K) NonClass: 7475K(7616K)->7475K(7616K) Class: 1153K(1280K)->1153K(1280K)
[53.341s][info][gc             ] GC(646) Pause Young (Allocation Failure) 228M->91M(499M) 5.578ms
[53.341s][info][gc,cpu         ] GC(646) User=0.00s Sys=0.00s Real=0.00s
[53.410s][info][gc,start       ] GC(647) Pause Young (Allocation Failure)
[53.418s][info][gc,heap        ] GC(647) PSYoungGen: 158688K(161280K)->800K(161792K) Eden: 149504K(149504K)->0K(148480K) From: 9184K(11776K)->800K(13312K)
[53.418s][info][gc,heap        ] GC(647) ParOldGen: 84368K(349696K)->93296K(349696K)
[53.418s][info][gc,metaspace   ] GC(647) Metaspace: 8629K(8896K)->8629K(8896K) NonClass: 7475K(7616K)->7475K(7616K) Class: 1153K(1280K)->1153K(1280K)
[53.418s][info][gc             ] GC(647) Pause Young (Allocation Failure) 237M->91M(499M) 8.216ms
[53.418s][info][gc,cpu         ] GC(647) User=0.00s Sys=0.00s Real=0.00s
[53.485s][info][gc,start       ] GC(648) Pause Young (Allocation Failure)
[53.486s][info][gc,heap        ] GC(648) PSYoungGen: 149280K(161792K)->1056K(150016K) Eden: 148480K(148480K)->0K(148480K) From: 800K(13312K)->1056K(1536K)
[53.486s][info][gc,heap        ] GC(648) ParOldGen: 93296K(349696K)->93656K(349696K)
[53.486s][info][gc,metaspace   ] GC(648) Metaspace: 8629K(8896K)->8629K(8896K) NonClass: 7475K(7616K)->7475K(7616K) Class: 1153K(1280K)->1153K(1280K)
[53.486s][info][gc             ] GC(648) Pause Young (Allocation Failure) 236M->92M(488M) 1.372ms
[53.486s][info][gc,cpu         ] GC(648) User=0.00s Sys=0.00s Real=0.00s
[53.558s][info][gc,start       ] GC(649) Pause Young (Allocation Failure)
[53.560s][info][gc,heap        ] GC(649) PSYoungGen: 149536K(150016K)->1824K(161280K) Eden: 148480K(148480K)->0K(148992K) From: 1056K(1536K)->1824K(12288K)
[53.560s][info][gc,heap        ] GC(649) ParOldGen: 93656K(349696K)->94280K(349696K)
[53.560s][info][gc,metaspace   ] GC(649) Metaspace: 8629K(8896K)->8629K(8896K) NonClass: 7475K(7616K)->7475K(7616K) Class: 1153K(1280K)->1153K(1280K)
[53.560s][info][gc             ] GC(649) Pause Young (Allocation Failure) 237M->93M(499M) 1.979ms
[53.560s][info][gc,cpu         ] GC(649) User=0.00s Sys=0.00s Real=0.00s
[53.633s][info][gc,start       ] GC(650) Pause Young (Allocation Failure)
[53.637s][info][gc,heap        ] GC(650) PSYoungGen: 150816K(161280K)->3824K(160768K) Eden: 148992K(148992K)->0K(148992K) From: 1824K(12288K)->3824K(11776K)
[53.637s][info][gc,heap        ] GC(650) ParOldGen: 94280K(349696K)->95680K(349696K)
[53.637s][info][gc,metaspace   ] GC(650) Metaspace: 8629K(8896K)->8629K(8896K) NonClass: 7475K(7616K)->7475K(7616K) Class: 1153K(1280K)->1153K(1280K)
[53.637s][info][gc             ] GC(650) Pause Young (Allocation Failure) 239M->97M(498M) 3.338ms
[53.637s][info][gc,cpu         ] GC(650) User=0.00s Sys=0.00s Real=0.00s
[53.709s][info][gc,start       ] GC(651) Pause Young (Allocation Failure)
[53.712s][info][gc,heap        ] GC(651) PSYoungGen: 152816K(160768K)->896K(162304K) Eden: 148992K(148992K)->0K(151040K) From: 3824K(11776K)->896K(11264K)
[53.712s][info][gc,heap        ] GC(651) ParOldGen: 95680K(349696K)->99152K(349696K)
[53.712s][info][gc,metaspace   ] GC(651) Metaspace: 8629K(8896K)->8629K(8896K) NonClass: 7475K(7616K)->7475K(7616K) Class: 1153K(1280K)->1153K(1280K)
[53.712s][info][gc             ] GC(651) Pause Young (Allocation Failure) 242M->97M(500M) 3.891ms
[53.713s][info][gc,cpu         ] GC(651) User=0.00s Sys=0.08s Real=0.01s
[53.790s][info][gc,start       ] GC(652) Pause Young (Allocation Failure)
[53.793s][info][gc,heap        ] GC(652) PSYoungGen: 151936K(162304K)->4384K(161792K) Eden: 151040K(151040K)->0K(151040K) From: 896K(11264K)->4384K(10752K)
[53.793s][info][gc,heap        ] GC(652) ParOldGen: 99152K(349696K)->99840K(349696K)
[53.793s][info][gc,metaspace   ] GC(652) Metaspace: 8629K(8896K)->8629K(8896K) NonClass: 7475K(7616K)->7475K(7616K) Class: 1153K(1280K)->1153K(1280K)
[53.793s][info][gc             ] GC(652) Pause Young (Allocation Failure) 245M->101M(499M) 3.340ms
[53.793s][info][gc,cpu         ] GC(652) User=0.19s Sys=0.00s Real=0.02s
[53.863s][info][gc,start       ] GC(653) Pause Young (Allocation Failure)
[53.867s][info][gc,heap        ] GC(653) PSYoungGen: 155424K(161792K)->864K(163328K) Eden: 151040K(151040K)->0K(153088K) From: 4384K(10752K)->864K(10240K)
[53.867s][info][gc,heap        ] GC(653) ParOldGen: 99840K(349696K)->103872K(349696K)
[53.867s][info][gc,metaspace   ] GC(653) Metaspace: 8629K(8896K)->8629K(8896K) NonClass: 7475K(7616K)->7475K(7616K) Class: 1153K(1280K)->1153K(1280K)
[53.867s][info][gc             ] GC(653) Pause Young (Allocation Failure) 249M->102M(501M) 4.382ms
[53.867s][info][gc,cpu         ] GC(653) User=0.00s Sys=0.00s Real=0.00s
[53.936s][info][gc,start       ] GC(654) Pause Young (Allocation Failure)
[53.938s][info][gc,heap        ] GC(654) PSYoungGen: 153952K(163328K)->832K(163328K) Eden: 153088K(153088K)->0K(153088K) From: 864K(10240K)->832K(10240K)
[53.938s][info][gc,heap        ] GC(654) ParOldGen: 103872K(349696K)->104496K(349696K)
[53.938s][info][gc,metaspace   ] GC(654) Metaspace: 8629K(8896K)->8629K(8896K) NonClass: 7475K(7616K)->7475K(7616K) Class: 1153K(1280K)->1153K(1280K)
[53.938s][info][gc             ] GC(654) Pause Young (Allocation Failure) 251M->102M(501M) 1.607ms
[53.938s][info][gc,cpu         ] GC(654) User=0.00s Sys=0.00s Real=0.00s
[54.351s][info][gc,start       ] GC(655) Pause Young (System.gc())
[54.384s][info][gc,heap        ] GC(655) PSYoungGen: 140148K(163328K)->9696K(129024K) Eden: 139316K(153088K)->0K(119296K) From: 832K(10240K)->9696K(9728K)
[54.384s][info][gc,heap        ] GC(655) ParOldGen: 104496K(349696K)->148200K(349696K)
[54.384s][info][gc,metaspace   ] GC(655) Metaspace: 8629K(8896K)->8629K(8896K) NonClass: 7475K(7616K)->7475K(7616K) Class: 1153K(1280K)->1153K(1280K)
[54.384s][info][gc             ] GC(655) Pause Young (System.gc()) 238M->154M(467M) 33.535ms
[54.384s][info][gc,cpu         ] GC(655) User=0.38s Sys=0.02s Real=0.05s
[54.384s][info][gc,start       ] GC(656) Pause Full (System.gc())
[54.384s][info][gc,phases,start] GC(656) Marking Phase
[54.389s][info][gc,phases      ] GC(656) Marking Phase 4.990ms
[54.389s][info][gc,phases,start] GC(656) Summary Phase
[54.389s][info][gc,phases      ] GC(656) Summary Phase 0.013ms
[54.389s][info][gc,phases,start] GC(656) Adjust Roots
[54.390s][info][gc,phases      ] GC(656) Adjust Roots 1.117ms
[54.390s][info][gc,phases,start] GC(656) Compaction Phase
[54.391s][info][gc,phases      ] GC(656) Compaction Phase 0.980ms
[54.391s][info][gc,phases,start] GC(656) Post Compact
[54.392s][info][gc,phases      ] GC(656) Post Compact 0.832ms
[54.392s][info][gc,heap        ] GC(656) PSYoungGen: 9696K(129024K)->0K(129024K) Eden: 0K(119296K)->0K(119296K) From: 9696K(9728K)->0K(9728K)
[54.392s][info][gc,heap        ] GC(656) ParOldGen: 148200K(349696K)->3528K(349696K)
[54.392s][info][gc,metaspace   ] GC(656) Metaspace: 8629K(8896K)->8629K(8896K) NonClass: 7475K(7616K)->7475K(7616K) Class: 1153K(1280K)->1153K(1280K)
[54.392s][info][gc             ] GC(656) Pause Full (System.gc()) 154M->3M(467M) 8.103ms
[54.392s][info][gc,cpu         ] GC(656) User=0.00s Sys=0.00s Real=0.00s
[54.461s][info][gc,start       ] GC(657) Pause Young (Allocation Failure)
[54.462s][info][gc,heap        ] GC(657) PSYoungGen: 119296K(129024K)->704K(146944K) Eden: 119296K(119296K)->0K(119296K) From: 0K(9728K)->704K(27648K)
[54.462s][info][gc,heap        ] GC(657) ParOldGen: 3528K(349696K)->3528K(349696K)
[54.462s][info][gc,metaspace   ] GC(657) Metaspace: 8629K(8896K)->8629K(8896K) NonClass: 7476K(7616K)->7476K(7616K) Class: 1153K(1280K)->1153K(1280K)
[54.462s][info][gc             ] GC(657) Pause Young (Allocation Failure) 119M->4M(485M) 1.045ms
[54.462s][info][gc,cpu         ] GC(657) User=0.00s Sys=0.00s Real=0.00s
[54.532s][info][gc,start       ] GC(658) Pause Young (Allocation Failure)
[54.534s][info][gc,heap        ] GC(658) PSYoungGen: 120000K(146944K)->704K(144384K) Eden: 119296K(119296K)->0K(119808K) From: 704K(27648K)->704K(24576K)
[54.534s][info][gc,heap        ] GC(658) ParOldGen: 3528K(349696K)->3888K(349696K)
[54.534s][info][gc,metaspace   ] GC(658) Metaspace: 8629K(8896K)->8629K(8896K) NonClass: 7476K(7616K)->7476K(7616K) Class: 1153K(1280K)->1153K(1280K)
[54.534s][info][gc             ] GC(658) Pause Young (Allocation Failure) 120M->4M(482M) 1.660ms
[54.534s][info][gc,cpu         ] GC(658) User=0.00s Sys=0.00s Real=0.00s
[54.627s][info][gc,start       ] GC(659) Pause Young (Allocation Failure)
[54.628s][info][gc,heap        ] GC(659) PSYoungGen: 120512K(144384K)->768K(145920K) Eden: 119808K(119808K)->0K(119808K) From: 704K(24576K)->768K(26112K)
[54.628s][info][gc,heap        ] GC(659) ParOldGen: 3888K(349696K)->4224K(349696K)
[54.628s][info][gc,metaspace   ] GC(659) Metaspace: 8629K(8896K)->8629K(8896K) NonClass: 7476K(7616K)->7476K(7616K) Class: 1153K(1280K)->1153K(1280K)
[54.628s][info][gc             ] GC(659) Pause Young (Allocation Failure) 121M->4M(484M) 1.042ms
[54.628s][info][gc,cpu         ] GC(659) User=0.00s Sys=0.00s Real=0.00s
[54.684s][info][gc,start       ] GC(660) Pause Young (Allocation Failure)
[54.686s][info][gc,heap        ] GC(660) PSYoungGen: 120576K(145920K)->800K(145920K) Eden: 119808K(119808K)->0K(123392K) From: 768K(26112K)->800K(22528K)
[54.686s][info][gc,heap        ] GC(660) ParOldGen: 4224K(349696K)->4560K(349696K)
[54.686s][info][gc,metaspace   ] GC(660) Metaspace: 8629K(8896K)->8629K(8896K) NonClass: 7476K(7616K)->7476K(7616K) Class: 1153K(1280K)->1153K(1280K)
[54.686s][info][gc             ] GC(660) Pause Young (Allocation Failure) 121M->5M(484M) 1.357ms
[54.686s][info][gc,cpu         ] GC(660) User=0.00s Sys=0.00s Real=0.00s
[54.747s][info][gc,start       ] GC(661) Pause Young (Allocation Failure)
[54.750s][info][gc,heap        ] GC(661) PSYoungGen: 124192K(145920K)->4752K(147456K) Eden: 123392K(123392K)->0K(123392K) From: 800K(22528K)->4752K(24064K)
[54.750s][info][gc,heap        ] GC(661) ParOldGen: 4560K(349696K)->4960K(349696K)
[54.750s][info][gc,metaspace   ] GC(661) Metaspace: 8629K(8896K)->8629K(8896K) NonClass: 7476K(7616K)->7476K(7616K) Class: 1153K(1280K)->1153K(1280K)
[54.750s][info][gc             ] GC(661) Pause Young (Allocation Failure) 125M->9M(485M) 2.811ms
[54.750s][info][gc,cpu         ] GC(661) User=0.00s Sys=0.00s Real=0.00s
[54.805s][info][gc,start       ] GC(662) Pause Young (Allocation Failure)
[54.809s][info][gc,heap        ] GC(662) PSYoungGen: 128144K(147456K)->672K(148480K) Eden: 123392K(123392K)->0K(128000K) From: 4752K(24064K)->672K(20480K)
[54.809s][info][gc,heap        ] GC(662) ParOldGen: 4960K(349696K)->9408K(349696K)
[54.809s][info][gc,metaspace   ] GC(662) Metaspace: 8629K(8896K)->8629K(8896K) NonClass: 7476K(7616K)->7476K(7616K) Class: 1153K(1280K)->1153K(1280K)
[54.809s][info][gc             ] GC(662) Pause Young (Allocation Failure) 129M->9M(486M) 4.327ms
[54.809s][info][gc,cpu         ] GC(662) User=0.17s Sys=0.00s Real=0.02s
[54.867s][info][gc,start       ] GC(663) Pause Young (Allocation Failure)
[54.868s][info][gc,heap        ] GC(663) PSYoungGen: 128672K(148480K)->800K(149504K) Eden: 128000K(128000K)->0K(128000K) From: 672K(20480K)->800K(21504K)
[54.868s][info][gc,heap        ] GC(663) ParOldGen: 9408K(349696K)->9752K(349696K)
[54.868s][info][gc,metaspace   ] GC(663) Metaspace: 8629K(8896K)->8629K(8896K) NonClass: 7476K(7616K)->7476K(7616K) Class: 1153K(1280K)->1153K(1280K)
[54.868s][info][gc             ] GC(663) Pause Young (Allocation Failure) 134M->10M(487M) 1.177ms
[54.868s][info][gc,cpu         ] GC(663) User=0.00s Sys=0.00s Real=0.00s
[54.931s][info][gc,start       ] GC(664) Pause Young (Allocation Failure)
[54.934s][info][gc,heap        ] GC(664) PSYoungGen: 128800K(149504K)->4560K(150016K) Eden: 128000K(128000K)->0K(132608K) From: 800K(21504K)->4560K(17408K)
[54.934s][info][gc,heap        ] GC(664) ParOldGen: 9752K(349696K)->10136K(349696K)
[54.934s][info][gc,metaspace   ] GC(664) Metaspace: 8629K(8896K)->8629K(8896K) NonClass: 7476K(7616K)->7476K(7616K) Class: 1153K(1280K)->1153K(1280K)
[54.934s][info][gc             ] GC(664) Pause Young (Allocation Failure) 135M->14M(488M) 3.102ms
[54.934s][info][gc,cpu         ] GC(664) User=0.17s Sys=0.00s Real=0.02s
[54.995s][info][gc,start       ] GC(665) Pause Young (Allocation Failure)
[54.999s][info][gc,heap        ] GC(665) PSYoungGen: 137168K(150016K)->640K(151552K) Eden: 132608K(132608K)->0K(132608K) From: 4560K(17408K)->640K(18944K)
[54.999s][info][gc,heap        ] GC(665) ParOldGen: 10136K(349696K)->14464K(349696K)
[54.999s][info][gc,metaspace   ] GC(665) Metaspace: 8629K(8896K)->8629K(8896K) NonClass: 7476K(7616K)->7476K(7616K) Class: 1153K(1280K)->1153K(1280K)
[54.999s][info][gc             ] GC(665) Pause Young (Allocation Failure) 143M->14M(489M) 4.200ms
[54.999s][info][gc,cpu         ] GC(665) User=0.17s Sys=0.00s Real=0.01s
[55.062s][info][gc,start       ] GC(666) Pause Young (Allocation Failure)
[55.063s][info][gc,heap        ] GC(666) PSYoungGen: 133248K(151552K)->832K(154112K) Eden: 132608K(132608K)->0K(137728K) From: 640K(18944K)->832K(16384K)
[55.063s][info][gc,heap        ] GC(666) ParOldGen: 14464K(349696K)->14800K(349696K)
[55.063s][info][gc,metaspace   ] GC(666) Metaspace: 8629K(8896K)->8629K(8896K) NonClass: 7476K(7616K)->7476K(7616K) Class: 1153K(1280K)->1153K(1280K)
[55.063s][info][gc             ] GC(666) Pause Young (Allocation Failure) 144M->15M(492M) 1.225ms
[55.063s][info][gc,cpu         ] GC(666) User=0.00s Sys=0.00s Real=0.00s
[55.141s][info][gc,start       ] GC(667) Pause Young (Allocation Failure)
[55.147s][info][gc,heap        ] GC(667) PSYoungGen: 138560K(154112K)->9184K(155136K) Eden: 137728K(137728K)->0K(137728K) From: 832K(16384K)->9184K(17408K)
[55.147s][info][gc,heap        ] GC(667) ParOldGen: 14800K(349696K)->15184K(349696K)
[55.147s][info][gc,metaspace   ] GC(667) Metaspace: 8629K(8896K)->8629K(8896K) NonClass: 7476K(7616K)->7476K(7616K) Class: 1153K(1280K)->1153K(1280K)
[55.147s][info][gc             ] GC(667) Pause Young (Allocation Failure) 149M->23M(493M) 5.463ms
[55.147s][info][gc,cpu         ] GC(667) User=0.00s Sys=0.00s Real=0.00s
[55.211s][info][gc,start       ] GC(668) Pause Young (Allocation Failure)
[55.218s][info][gc,heap        ] GC(668) PSYoungGen: 146912K(155136K)->672K(156672K) Eden: 137728K(137728K)->0K(139264K) From: 9184K(17408K)->672K(17408K)
[55.219s][info][gc,heap        ] GC(668) ParOldGen: 15184K(349696K)->24144K(349696K)
[55.219s][info][gc,metaspace   ] GC(668) Metaspace: 8629K(8896K)->8629K(8896K) NonClass: 7476K(7616K)->7476K(7616K) Class: 1153K(1280K)->1153K(1280K)
[55.219s][info][gc             ] GC(668) Pause Young (Allocation Failure) 158M->24M(494M) 7.848ms
[55.219s][info][gc,cpu         ] GC(668) User=0.17s Sys=0.00s Real=0.02s
[55.285s][info][gc,start       ] GC(669) Pause Young (Allocation Failure)
[55.286s][info][gc,heap        ] GC(669) PSYoungGen: 139936K(156672K)->800K(140288K) Eden: 139264K(139264K)->0K(139264K) From: 672K(17408K)->800K(1024K)
[55.286s][info][gc,heap        ] GC(669) ParOldGen: 24144K(349696K)->24480K(349696K)
[55.286s][info][gc,metaspace   ] GC(669) Metaspace: 8629K(8896K)->8629K(8896K) NonClass: 7476K(7616K)->7476K(7616K) Class: 1153K(1280K)->1153K(1280K)
[55.286s][info][gc             ] GC(669) Pause Young (Allocation Failure) 160M->24M(478M) 1.249ms
[55.286s][info][gc,cpu         ] GC(669) User=0.00s Sys=0.00s Real=0.00s
[55.357s][info][gc,start       ] GC(670) Pause Young (Allocation Failure)
[55.359s][info][gc,heap        ] GC(670) PSYoungGen: 140064K(140288K)->4480K(157184K) Eden: 139264K(139264K)->0K(140800K) From: 800K(1024K)->4480K(16384K)
[55.359s][info][gc,heap        ] GC(670) ParOldGen: 24480K(349696K)->25176K(349696K)
[55.359s][info][gc,metaspace   ] GC(670) Metaspace: 8629K(8896K)->8629K(8896K) NonClass: 7476K(7616K)->7476K(7616K) Class: 1153K(1280K)->1153K(1280K)
[55.359s][info][gc             ] GC(670) Pause Young (Allocation Failure) 160M->28M(495M) 2.723ms
[55.359s][info][gc,cpu         ] GC(670) User=0.00s Sys=0.00s Real=0.00s
[55.427s][info][gc,start       ] GC(671) Pause Young (Allocation Failure)
[55.431s][info][gc,heap        ] GC(671) PSYoungGen: 145280K(157184K)->800K(156160K) Eden: 140800K(140800K)->0K(140800K) From: 4480K(16384K)->800K(15360K)
[55.431s][info][gc,heap        ] GC(671) ParOldGen: 25176K(349696K)->29352K(349696K)
[55.431s][info][gc,metaspace   ] GC(671) Metaspace: 8629K(8896K)->8629K(8896K) NonClass: 7476K(7616K)->7476K(7616K) Class: 1153K(1280K)->1153K(1280K)
[55.431s][info][gc             ] GC(671) Pause Young (Allocation Failure) 166M->29M(494M) 4.130ms
[55.431s][info][gc,cpu         ] GC(671) User=0.00s Sys=0.00s Real=0.00s
[55.500s][info][gc,start       ] GC(672) Pause Young (Allocation Failure)
[55.501s][info][gc,heap        ] GC(672) PSYoungGen: 141600K(156160K)->992K(158208K) Eden: 140800K(140800K)->0K(143360K) From: 800K(15360K)->992K(14848K)
[55.501s][info][gc,heap        ] GC(672) ParOldGen: 29352K(349696K)->29688K(349696K)
[55.501s][info][gc,metaspace   ] GC(672) Metaspace: 8629K(8896K)->8629K(8896K) NonClass: 7476K(7616K)->7476K(7616K) Class: 1153K(1280K)->1153K(1280K)
[55.501s][info][gc             ] GC(672) Pause Young (Allocation Failure) 166M->29M(496M) 1.334ms
[55.501s][info][gc,cpu         ] GC(672) User=0.00s Sys=0.00s Real=0.00s
[55.575s][info][gc,start       ] GC(673) Pause Young (Allocation Failure)
[55.578s][info][gc,heap        ] GC(673) PSYoungGen: 144352K(158208K)->4480K(157696K) Eden: 143360K(143360K)->0K(143360K) From: 992K(14848K)->4480K(14336K)
[55.578s][info][gc,heap        ] GC(673) ParOldGen: 29688K(349696K)->30368K(349696K)
[55.578s][info][gc,metaspace   ] GC(673) Metaspace: 8629K(8896K)->8629K(8896K) NonClass: 7476K(7616K)->7476K(7616K) Class: 1153K(1280K)->1153K(1280K)
[55.578s][info][gc             ] GC(673) Pause Young (Allocation Failure) 169M->34M(495M) 3.116ms
[55.578s][info][gc,cpu         ] GC(673) User=0.00s Sys=0.00s Real=0.00s
[55.658s][info][gc,start       ] GC(674) Pause Young (Allocation Failure)
[55.662s][info][gc,heap        ] GC(674) PSYoungGen: 147840K(157696K)->960K(159232K) Eden: 143360K(143360K)->0K(146432K) From: 4480K(14336K)->960K(12800K)
[55.662s][info][gc,heap        ] GC(674) ParOldGen: 30368K(349696K)->34416K(349696K)
[55.662s][info][gc,metaspace   ] GC(674) Metaspace: 8629K(8896K)->8629K(8896K) NonClass: 7476K(7616K)->7476K(7616K) Class: 1153K(1280K)->1153K(1280K)
[55.662s][info][gc             ] GC(674) Pause Young (Allocation Failure) 174M->34M(497M) 4.106ms
[55.662s][info][gc,cpu         ] GC(674) User=0.00s Sys=0.00s Real=0.00s
[55.728s][info][gc,start       ] GC(675) Pause Young (Allocation Failure)
[55.729s][info][gc,heap        ] GC(675) PSYoungGen: 147392K(159232K)->832K(159232K) Eden: 146432K(146432K)->0K(146432K) From: 960K(12800K)->832K(12800K)
[55.729s][info][gc,heap        ] GC(675) ParOldGen: 34416K(349696K)->35040K(349696K)
[55.729s][info][gc,metaspace   ] GC(675) Metaspace: 8629K(8896K)->8629K(8896K) NonClass: 7476K(7616K)->7476K(7616K) Class: 1153K(1280K)->1153K(1280K)
[55.730s][info][gc             ] GC(675) Pause Young (Allocation Failure) 177M->35M(497M) 1.495ms
[55.730s][info][gc,cpu         ] GC(675) User=0.00s Sys=0.02s Real=0.02s
[55.812s][info][gc,start       ] GC(676) Pause Young (Allocation Failure)
[55.817s][info][gc,heap        ] GC(676) PSYoungGen: 147264K(159232K)->9168K(159232K) Eden: 146432K(146432K)->0K(146944K) From: 832K(12800K)->9168K(12288K)
[55.817s][info][gc,heap        ] GC(676) ParOldGen: 35040K(349696K)->35440K(349696K)
[55.817s][info][gc,metaspace   ] GC(676) Metaspace: 8629K(8896K)->8629K(8896K) NonClass: 7476K(7616K)->7476K(7616K) Class: 1153K(1280K)->1153K(1280K)
[55.817s][info][gc             ] GC(676) Pause Young (Allocation Failure) 178M->43M(497M) 5.545ms
[55.817s][info][gc,cpu         ] GC(676) User=0.00s Sys=0.00s Real=0.00s
[55.886s][info][gc,start       ] GC(677) Pause Young (Allocation Failure)
[55.894s][info][gc,heap        ] GC(677) PSYoungGen: 156112K(159232K)->816K(160768K) Eden: 146944K(146944K)->0K(146944K) From: 9168K(12288K)->816K(13824K)
[55.894s][info][gc,heap        ] GC(677) ParOldGen: 35440K(349696K)->44336K(349696K)
[55.894s][info][gc,metaspace   ] GC(677) Metaspace: 8629K(8896K)->8629K(8896K) NonClass: 7476K(7616K)->7476K(7616K) Class: 1153K(1280K)->1153K(1280K)
[55.894s][info][gc             ] GC(677) Pause Young (Allocation Failure) 187M->44M(498M) 8.068ms
[55.894s][info][gc,cpu         ] GC(677) User=0.00s Sys=0.00s Real=0.00s
[55.963s][info][gc,start       ] GC(678) Pause Young (Allocation Failure)
[55.964s][info][gc,heap        ] GC(678) PSYoungGen: 147760K(160768K)->992K(159232K) Eden: 146944K(146944K)->0K(147456K) From: 816K(13824K)->992K(11776K)
[55.964s][info][gc,heap        ] GC(678) ParOldGen: 44336K(349696K)->44680K(349696K)
[55.964s][info][gc,metaspace   ] GC(678) Metaspace: 8629K(8896K)->8629K(8896K) NonClass: 7476K(7616K)->7476K(7616K) Class: 1153K(1280K)->1153K(1280K)
[55.964s][info][gc             ] GC(678) Pause Young (Allocation Failure) 187M->44M(497M) 1.579ms
[55.964s][info][gc,cpu         ] GC(678) User=0.17s Sys=0.00s Real=0.02s
[56.035s][info][gc,start       ] GC(679) Pause Young (Allocation Failure)
[56.038s][info][gc,heap        ] GC(679) PSYoungGen: 148448K(159232K)->4608K(160256K) Eden: 147456K(147456K)->0K(147456K) From: 992K(11776K)->4608K(12800K)
[56.038s][info][gc,heap        ] GC(679) ParOldGen: 44680K(349696K)->45368K(349696K)
[56.038s][info][gc,metaspace   ] GC(679) Metaspace: 8629K(8896K)->8629K(8896K) NonClass: 7476K(7616K)->7476K(7616K) Class: 1153K(1280K)->1153K(1280K)
[56.038s][info][gc             ] GC(679) Pause Young (Allocation Failure) 188M->48M(498M) 2.930ms
[56.038s][info][gc,cpu         ] GC(679) User=0.00s Sys=0.00s Real=0.00s
[56.104s][info][gc,start       ] GC(680) Pause Young (Allocation Failure)
[56.108s][info][gc,heap        ] GC(680) PSYoungGen: 152064K(160256K)->992K(160256K) Eden: 147456K(147456K)->0K(149504K) From: 4608K(12800K)->992K(10752K)
[56.108s][info][gc,heap        ] GC(680) ParOldGen: 45368K(349696K)->49536K(349696K)
[56.108s][info][gc,metaspace   ] GC(680) Metaspace: 8629K(8896K)->8629K(8896K) NonClass: 7476K(7616K)->7476K(7616K) Class: 1153K(1280K)->1153K(1280K)
[56.108s][info][gc             ] GC(680) Pause Young (Allocation Failure) 192M->49M(498M) 4.150ms
[56.108s][info][gc,cpu         ] GC(680) User=0.17s Sys=0.00s Real=0.01s
[56.177s][info][gc,start       ] GC(681) Pause Young (Allocation Failure)
[56.179s][info][gc,heap        ] GC(681) PSYoungGen: 150496K(160256K)->800K(161280K) Eden: 149504K(149504K)->0K(149504K) From: 992K(10752K)->800K(11776K)
[56.179s][info][gc,heap        ] GC(681) ParOldGen: 49536K(349696K)->50152K(349696K)
[56.179s][info][gc,metaspace   ] GC(681) Metaspace: 8629K(8896K)->8629K(8896K) NonClass: 7476K(7616K)->7476K(7616K) Class: 1153K(1280K)->1153K(1280K)
[56.179s][info][gc             ] GC(681) Pause Young (Allocation Failure) 195M->49M(499M) 1.540ms
[56.179s][info][gc,cpu         ] GC(681) User=0.00s Sys=0.00s Real=0.00s
[56.257s][info][gc,start       ] GC(682) Pause Young (Allocation Failure)
[56.260s][info][gc,heap        ] GC(682) PSYoungGen: 150304K(161280K)->4704K(162304K) Eden: 149504K(149504K)->0K(151552K) From: 800K(11776K)->4704K(10752K)
[56.260s][info][gc,heap        ] GC(682) ParOldGen: 50152K(349696K)->50536K(349696K)
[56.260s][info][gc,metaspace   ] GC(682) Metaspace: 8629K(8896K)->8629K(8896K) NonClass: 7476K(7616K)->7476K(7616K) Class: 1153K(1280K)->1153K(1280K)
[56.260s][info][gc             ] GC(682) Pause Young (Allocation Failure) 195M->53M(500M) 3.064ms
[56.260s][info][gc,cpu         ] GC(682) User=0.00s Sys=0.00s Real=0.00s
[56.334s][info][gc,start       ] GC(683) Pause Young (Allocation Failure)
[56.338s][info][gc,heap        ] GC(683) PSYoungGen: 156256K(162304K)->832K(162816K) Eden: 151552K(151552K)->0K(151552K) From: 4704K(10752K)->832K(11264K)
[56.338s][info][gc,heap        ] GC(683) ParOldGen: 50536K(349696K)->54864K(349696K)
[56.338s][info][gc,metaspace   ] GC(683) Metaspace: 8629K(8896K)->8629K(8896K) NonClass: 7476K(7616K)->7476K(7616K) Class: 1153K(1280K)->1153K(1280K)
[56.338s][info][gc             ] GC(683) Pause Young (Allocation Failure) 201M->54M(500M) 4.218ms
[56.338s][info][gc,cpu         ] GC(683) User=0.00s Sys=0.00s Real=0.00s
[56.467s][info][gc,start       ] GC(684) Pause Young (Allocation Failure)
[56.479s][info][gc,heap        ] GC(684) PSYoungGen: 152384K(162816K)->10720K(153600K) Eden: 151552K(151552K)->0K(142848K) From: 832K(11264K)->10720K(10752K)
[56.479s][info][gc,heap        ] GC(684) ParOldGen: 54864K(349696K)->62408K(349696K)
[56.479s][info][gc,metaspace   ] GC(684) Metaspace: 8632K(8896K)->8632K(8896K) NonClass: 7478K(7616K)->7478K(7616K) Class: 1153K(1280K)->1153K(1280K)
[56.479s][info][gc             ] GC(684) Pause Young (Allocation Failure) 202M->71M(491M) 11.968ms
[56.479s][info][gc,cpu         ] GC(684) User=0.00s Sys=0.00s Real=0.00s
[56.551s][info][gc,start       ] GC(685) Pause Young (Allocation Failure)
[56.559s][info][gc,heap        ] GC(685) PSYoungGen: 153568K(153600K)->832K(158720K) Eden: 142848K(142848K)->0K(142848K) From: 10720K(10752K)->832K(15872K)
[56.559s][info][gc,heap        ] GC(685) ParOldGen: 62408K(349696K)->73032K(349696K)
[56.560s][info][gc,metaspace   ] GC(685) Metaspace: 8632K(8896K)->8632K(8896K) NonClass: 7478K(7616K)->7478K(7616K) Class: 1153K(1280K)->1153K(1280K)
[56.560s][info][gc             ] GC(685) Pause Young (Allocation Failure) 210M->72M(496M) 9.046ms
[56.560s][info][gc,cpu         ] GC(685) User=0.17s Sys=0.00s Real=0.01s
[56.623s][info][gc,start       ] GC(686) Pause Young (Allocation Failure)
[56.625s][info][gc,heap        ] GC(686) PSYoungGen: 143680K(158720K)->992K(156160K) Eden: 142848K(142848K)->0K(143360K) From: 832K(15872K)->992K(12800K)
[56.625s][info][gc,heap        ] GC(686) ParOldGen: 73032K(349696K)->73392K(349696K)
[56.625s][info][gc,metaspace   ] GC(686) Metaspace: 8632K(8896K)->8632K(8896K) NonClass: 7478K(7616K)->7478K(7616K) Class: 1153K(1280K)->1153K(1280K)
[56.625s][info][gc             ] GC(686) Pause Young (Allocation Failure) 211M->72M(494M) 1.837ms
[56.625s][info][gc,cpu         ] GC(686) User=0.00s Sys=0.00s Real=0.00s
[56.692s][info][gc,start       ] GC(687) Pause Young (Allocation Failure)
[56.694s][info][gc,heap        ] GC(687) PSYoungGen: 144352K(156160K)->832K(157696K) Eden: 143360K(143360K)->0K(143360K) From: 992K(12800K)->832K(14336K)
[56.694s][info][gc,heap        ] GC(687) ParOldGen: 73392K(349696K)->74024K(349696K)
[56.694s][info][gc,metaspace   ] GC(687) Metaspace: 8632K(8896K)->8632K(8896K) NonClass: 7478K(7616K)->7478K(7616K) Class: 1153K(1280K)->1153K(1280K)
[56.694s][info][gc             ] GC(687) Pause Young (Allocation Failure) 212M->73M(495M) 1.550ms
[56.694s][info][gc,cpu         ] GC(687) User=0.00s Sys=0.00s Real=0.00s
[56.763s][info][gc,start       ] GC(688) Pause Young (Allocation Failure)
[56.766s][info][gc,heap        ] GC(688) PSYoungGen: 144192K(157696K)->4752K(158720K) Eden: 143360K(143360K)->0K(146432K) From: 832K(14336K)->4752K(12288K)
[56.766s][info][gc,heap        ] GC(688) ParOldGen: 74024K(349696K)->74416K(349696K)
[56.766s][info][gc,metaspace   ] GC(688) Metaspace: 8632K(8896K)->8632K(8896K) NonClass: 7478K(7616K)->7478K(7616K) Class: 1153K(1280K)->1153K(1280K)
[56.766s][info][gc             ] GC(688) Pause Young (Allocation Failure) 213M->77M(496M) 2.909ms
[56.766s][info][gc,cpu         ] GC(688) User=0.00s Sys=0.00s Real=0.00s
[56.834s][info][gc,start       ] GC(689) Pause Young (Allocation Failure)
[56.839s][info][gc,heap        ] GC(689) PSYoungGen: 151184K(158720K)->800K(159744K) Eden: 146432K(146432K)->0K(146432K) From: 4752K(12288K)->800K(13312K)
[56.839s][info][gc,heap        ] GC(689) ParOldGen: 74416K(349696K)->78888K(349696K)
[56.839s][info][gc,metaspace   ] GC(689) Metaspace: 8632K(8896K)->8632K(8896K) NonClass: 7478K(7616K)->7478K(7616K) Class: 1153K(1280K)->1153K(1280K)
[56.839s][info][gc             ] GC(689) Pause Young (Allocation Failure) 220M->77M(497M) 4.514ms
[56.839s][info][gc,cpu         ] GC(689) User=0.13s Sys=0.03s Real=0.02s
[56.910s][info][gc,start       ] GC(690) Pause Young (Allocation Failure)
[56.913s][info][gc,heap        ] GC(690) PSYoungGen: 147232K(159744K)->4672K(159744K) Eden: 146432K(146432K)->0K(148480K) From: 800K(13312K)->4672K(11264K)
[56.913s][info][gc,heap        ] GC(690) ParOldGen: 78888K(349696K)->79224K(349696K)
[56.913s][info][gc,metaspace   ] GC(690) Metaspace: 8632K(8896K)->8632K(8896K) NonClass: 7478K(7616K)->7478K(7616K) Class: 1153K(1280K)->1153K(1280K)
[56.913s][info][gc             ] GC(690) Pause Young (Allocation Failure) 220M->81M(497M) 2.943ms
[56.913s][info][gc,cpu         ] GC(690) User=0.00s Sys=0.00s Real=0.00s
[56.984s][info][gc,start       ] GC(691) Pause Young (Allocation Failure)
[56.989s][info][gc,heap        ] GC(691) PSYoungGen: 153152K(159744K)->800K(160768K) Eden: 148480K(148480K)->0K(148480K) From: 4672K(11264K)->800K(12288K)
[56.989s][info][gc,heap        ] GC(691) ParOldGen: 79224K(349696K)->83616K(349696K)
[56.989s][info][gc,metaspace   ] GC(691) Metaspace: 8632K(8896K)->8632K(8896K) NonClass: 7478K(7616K)->7478K(7616K) Class: 1153K(1280K)->1153K(1280K)
[56.989s][info][gc             ] GC(691) Pause Young (Allocation Failure) 226M->82M(498M) 4.311ms
[56.989s][info][gc,cpu         ] GC(691) User=0.00s Sys=0.00s Real=0.00s
[57.061s][info][gc,start       ] GC(692) Pause Young (Allocation Failure)
[57.063s][info][gc,heap        ] GC(692) PSYoungGen: 149280K(160768K)->1024K(161280K) Eden: 148480K(148480K)->0K(150016K) From: 800K(12288K)->1024K(11264K)
[57.063s][info][gc,heap        ] GC(692) ParOldGen: 83616K(349696K)->83952K(349696K)
[57.063s][info][gc,metaspace   ] GC(692) Metaspace: 8632K(8896K)->8632K(8896K) NonClass: 7478K(7616K)->7478K(7616K) Class: 1153K(1280K)->1153K(1280K)
[57.063s][info][gc             ] GC(692) Pause Young (Allocation Failure) 227M->82M(499M) 1.423ms
[57.063s][info][gc,cpu         ] GC(692) User=0.00s Sys=0.00s Real=0.00s
[57.149s][info][gc,start       ] GC(693) Pause Young (Allocation Failure)
[57.155s][info][gc,heap        ] GC(693) PSYoungGen: 151040K(161280K)->8992K(161792K) Eden: 150016K(150016K)->0K(150016K) From: 1024K(11264K)->8992K(11776K)
[57.155s][info][gc,heap        ] GC(693) ParOldGen: 83952K(349696K)->84632K(349696K)
[57.155s][info][gc,metaspace   ] GC(693) Metaspace: 8632K(8896K)->8632K(8896K) NonClass: 7478K(7616K)->7478K(7616K) Class: 1153K(1280K)->1153K(1280K)
[57.155s][info][gc             ] GC(693) Pause Young (Allocation Failure) 229M->91M(499M) 5.702ms
[57.155s][info][gc,cpu         ] GC(693) User=0.17s Sys=0.00s Real=0.02s
[57.224s][info][gc,start       ] GC(694) Pause Young (Allocation Failure)
[57.232s][info][gc,heap        ] GC(694) PSYoungGen: 159008K(161792K)->992K(162304K) Eden: 150016K(150016K)->0K(149504K) From: 8992K(11776K)->992K(12800K)
[57.232s][info][gc,heap        ] GC(694) ParOldGen: 84632K(349696K)->93208K(349696K)
[57.232s][info][gc,metaspace   ] GC(694) Metaspace: 8632K(8896K)->8632K(8896K) NonClass: 7478K(7616K)->7478K(7616K) Class: 1153K(1280K)->1153K(1280K)
[57.232s][info][gc             ] GC(694) Pause Young (Allocation Failure) 237M->91M(500M) 7.683ms
[57.232s][info][gc,cpu         ] GC(694) User=0.19s Sys=0.00s Real=0.01s
[57.299s][info][gc,start       ] GC(695) Pause Young (Allocation Failure)
[57.300s][info][gc,heap        ] GC(695) PSYoungGen: 150496K(162304K)->896K(150528K) Eden: 149504K(149504K)->0K(149504K) From: 992K(12800K)->896K(1024K)
[57.300s][info][gc,heap        ] GC(695) ParOldGen: 93208K(349696K)->93880K(349696K)
[57.300s][info][gc,metaspace   ] GC(695) Metaspace: 8632K(8896K)->8632K(8896K) NonClass: 7478K(7616K)->7478K(7616K) Class: 1153K(1280K)->1153K(1280K)
[57.300s][info][gc             ] GC(695) Pause Young (Allocation Failure) 237M->92M(488M) 1.434ms
[57.300s][info][gc,cpu         ] GC(695) User=0.00s Sys=0.00s Real=0.00s
[57.374s][info][gc,start       ] GC(696) Pause Young (Allocation Failure)
[57.376s][info][gc,heap        ] GC(696) PSYoungGen: 150400K(150528K)->4896K(161280K) Eden: 149504K(149504K)->0K(149504K) From: 896K(1024K)->4896K(11776K)
[57.377s][info][gc,heap        ] GC(696) ParOldGen: 93880K(349696K)->94216K(349696K)
[57.377s][info][gc,metaspace   ] GC(696) Metaspace: 8632K(8896K)->8632K(8896K) NonClass: 7478K(7616K)->7478K(7616K) Class: 1153K(1280K)->1153K(1280K)
[57.377s][info][gc             ] GC(696) Pause Young (Allocation Failure) 238M->96M(499M) 2.950ms
[57.377s][info][gc,cpu         ] GC(696) User=0.00s Sys=0.00s Real=0.00s
[57.457s][info][gc,start       ] GC(697) Pause Young (Allocation Failure)
[57.462s][info][gc,heap        ] GC(697) PSYoungGen: 154400K(161280K)->832K(161280K) Eden: 149504K(149504K)->0K(149504K) From: 4896K(11776K)->832K(11776K)
[57.462s][info][gc,heap        ] GC(697) ParOldGen: 94216K(349696K)->98728K(349696K)
[57.462s][info][gc,metaspace   ] GC(697) Metaspace: 8632K(8896K)->8632K(8896K) NonClass: 7478K(7616K)->7478K(7616K) Class: 1153K(1280K)->1153K(1280K)
[57.462s][info][gc             ] GC(697) Pause Young (Allocation Failure) 242M->97M(499M) 5.025ms
[57.462s][info][gc,cpu         ] GC(697) User=0.00s Sys=0.00s Real=0.01s
[57.541s][info][gc,start       ] GC(698) Pause Young (Allocation Failure)
[57.542s][info][gc,heap        ] GC(698) PSYoungGen: 150336K(161280K)->800K(162304K) Eden: 149504K(149504K)->0K(151552K) From: 832K(11776K)->800K(10752K)
[57.542s][info][gc,heap        ] GC(698) ParOldGen: 98728K(349696K)->99344K(349696K)
[57.542s][info][gc,metaspace   ] GC(698) Metaspace: 8632K(8896K)->8632K(8896K) NonClass: 7478K(7616K)->7478K(7616K) Class: 1153K(1280K)->1153K(1280K)
[57.542s][info][gc             ] GC(698) Pause Young (Allocation Failure) 243M->97M(500M) 1.665ms
[57.542s][info][gc,cpu         ] GC(698) User=0.00s Sys=0.00s Real=0.00s
[57.620s][info][gc,start       ] GC(699) Pause Young (Allocation Failure)
[57.623s][info][gc,heap        ] GC(699) PSYoungGen: 152352K(162304K)->4576K(162304K) Eden: 151552K(151552K)->0K(151552K) From: 800K(10752K)->4576K(10752K)
[57.623s][info][gc,heap        ] GC(699) ParOldGen: 99344K(349696K)->99736K(349696K)
[57.623s][info][gc,metaspace   ] GC(699) Metaspace: 8632K(8896K)->8632K(8896K) NonClass: 7478K(7616K)->7478K(7616K) Class: 1153K(1280K)->1153K(1280K)
[57.623s][info][gc             ] GC(699) Pause Young (Allocation Failure) 245M->101M(500M) 3.317ms
[57.623s][info][gc,cpu         ] GC(699) User=0.00s Sys=0.00s Real=0.00s
[57.691s][info][gc,start       ] GC(700) Pause Young (Allocation Failure)
[57.695s][info][gc,heap        ] GC(700) PSYoungGen: 156128K(162304K)->736K(162816K) Eden: 151552K(151552K)->0K(153088K) From: 4576K(10752K)->736K(9728K)
[57.695s][info][gc,heap        ] GC(700) ParOldGen: 99736K(349696K)->104073K(349696K)
[57.695s][info][gc,metaspace   ] GC(700) Metaspace: 8632K(8896K)->8632K(8896K) NonClass: 7478K(7616K)->7478K(7616K) Class: 1153K(1280K)->1153K(1280K)
[57.696s][info][gc             ] GC(700) Pause Young (Allocation Failure) 249M->102M(500M) 4.289ms
[57.696s][info][gc,cpu         ] GC(700) User=0.00s Sys=0.00s Real=0.00s
[57.813s][info][gc,start       ] GC(701) Pause Young (Allocation Failure)
[57.830s][info][gc,heap        ] GC(701) PSYoungGen: 153824K(162816K)->10208K(163328K) Eden: 153088K(153088K)->0K(153088K) From: 736K(9728K)->10208K(10240K)
[57.830s][info][gc,heap        ] GC(701) ParOldGen: 104073K(349696K)->118905K(349696K)
[57.830s][info][gc,metaspace   ] GC(701) Metaspace: 8632K(8896K)->8632K(8896K) NonClass: 7478K(7616K)->7478K(7616K) Class: 1153K(1280K)->1153K(1280K)
[57.830s][info][gc             ] GC(701) Pause Young (Allocation Failure) 251M->126M(501M) 17.242ms
[57.830s][info][gc,cpu         ] GC(701) User=0.38s Sys=0.00s Real=0.02s
[58.152s][info][gc,start       ] GC(702) Pause Young (System.gc())
[58.177s][info][gc,heap        ] GC(702) PSYoungGen: 96846K(163328K)->11232K(126464K) Eden: 86638K(153088K)->0K(115200K) From: 10208K(10240K)->11232K(11264K)
[58.177s][info][gc,heap        ] GC(702) ParOldGen: 118905K(349696K)->148369K(349696K)
[58.177s][info][gc,metaspace   ] GC(702) Metaspace: 8632K(8896K)->8632K(8896K) NonClass: 7479K(7616K)->7479K(7616K) Class: 1153K(1280K)->1153K(1280K)
[58.177s][info][gc             ] GC(702) Pause Young (System.gc()) 210M->155M(465M) 25.024ms
[58.177s][info][gc,cpu         ] GC(702) User=0.19s Sys=0.00s Real=0.02s
[58.177s][info][gc,start       ] GC(703) Pause Full (System.gc())
[58.177s][info][gc,phases,start] GC(703) Marking Phase
[58.183s][info][gc,phases      ] GC(703) Marking Phase 5.785ms
[58.183s][info][gc,phases,start] GC(703) Summary Phase
[58.183s][info][gc,phases      ] GC(703) Summary Phase 0.018ms
[58.183s][info][gc,phases,start] GC(703) Adjust Roots
[58.184s][info][gc,phases      ] GC(703) Adjust Roots 1.303ms
[58.184s][info][gc,phases,start] GC(703) Compaction Phase
[58.185s][info][gc,phases      ] GC(703) Compaction Phase 1.241ms
[58.185s][info][gc,phases,start] GC(703) Post Compact
[58.186s][info][gc,phases      ] GC(703) Post Compact 0.907ms
[58.186s][info][gc,heap        ] GC(703) PSYoungGen: 11232K(126464K)->0K(126464K) Eden: 0K(115200K)->0K(115200K) From: 11232K(11264K)->0K(11264K)
[58.186s][info][gc,heap        ] GC(703) ParOldGen: 148369K(349696K)->3527K(349696K)
[58.186s][info][gc,metaspace   ] GC(703) Metaspace: 8632K(8896K)->8632K(8896K) NonClass: 7479K(7616K)->7479K(7616K) Class: 1153K(1280K)->1153K(1280K)
[58.186s][info][gc             ] GC(703) Pause Full (System.gc()) 155M->3M(465M) 9.435ms
[58.186s][info][gc,cpu         ] GC(703) User=0.02s Sys=0.00s Real=0.02s
[58.241s][info][gc,start       ] GC(704) Pause Young (Allocation Failure)
[58.241s][info][gc,heap        ] GC(704) PSYoungGen: 115200K(126464K)->704K(144896K) Eden: 115200K(115200K)->0K(115200K) From: 0K(11264K)->704K(29696K)
[58.241s][info][gc,heap        ] GC(704) ParOldGen: 3527K(349696K)->3527K(349696K)
[58.241s][info][gc,metaspace   ] GC(704) Metaspace: 8640K(8896K)->8640K(8896K) NonClass: 7486K(7616K)->7486K(7616K) Class: 1153K(1280K)->1153K(1280K)
[58.241s][info][gc             ] GC(704) Pause Young (Allocation Failure) 115M->4M(483M) 0.780ms
[58.241s][info][gc,cpu         ] GC(704) User=0.00s Sys=0.00s Real=0.00s
[58.293s][info][gc,start       ] GC(705) Pause Young (Allocation Failure)
[58.295s][info][gc,heap        ] GC(705) PSYoungGen: 115904K(144896K)->704K(142336K) Eden: 115200K(115200K)->0K(115712K) From: 704K(29696K)->704K(26624K)
[58.295s][info][gc,heap        ] GC(705) ParOldGen: 3527K(349696K)->3919K(349696K)
[58.295s][info][gc,metaspace   ] GC(705) Metaspace: 8640K(8896K)->8640K(8896K) NonClass: 7486K(7616K)->7486K(7616K) Class: 1153K(1280K)->1153K(1280K)
[58.295s][info][gc             ] GC(705) Pause Young (Allocation Failure) 116M->4M(480M) 1.663ms
[58.295s][info][gc,cpu         ] GC(705) User=0.00s Sys=0.00s Real=0.00s
[58.349s][info][gc,start       ] GC(706) Pause Young (Allocation Failure)
[58.350s][info][gc,heap        ] GC(706) PSYoungGen: 116416K(142336K)->768K(143872K) Eden: 115712K(115712K)->0K(115712K) From: 704K(26624K)->768K(28160K)
[58.350s][info][gc,heap        ] GC(706) ParOldGen: 3919K(349696K)->4247K(349696K)
[58.350s][info][gc,metaspace   ] GC(706) Metaspace: 8640K(8896K)->8640K(8896K) NonClass: 7486K(7616K)->7486K(7616K) Class: 1153K(1280K)->1153K(1280K)
[58.350s][info][gc             ] GC(706) Pause Young (Allocation Failure) 117M->4M(482M) 0.954ms
[58.350s][info][gc,cpu         ] GC(706) User=0.00s Sys=0.00s Real=0.00s
[58.402s][info][gc,start       ] GC(707) Pause Young (Allocation Failure)
[58.403s][info][gc,heap        ] GC(707) PSYoungGen: 116480K(143872K)->832K(143872K) Eden: 115712K(115712K)->0K(119296K) From: 768K(28160K)->832K(24576K)
[58.403s][info][gc,heap        ] GC(707) ParOldGen: 4247K(349696K)->4591K(349696K)
[58.403s][info][gc,metaspace   ] GC(707) Metaspace: 8640K(8896K)->8640K(8896K) NonClass: 7486K(7616K)->7486K(7616K) Class: 1153K(1280K)->1153K(1280K)
[58.403s][info][gc             ] GC(707) Pause Young (Allocation Failure) 117M->5M(482M) 1.236ms
[58.403s][info][gc,cpu         ] GC(707) User=0.00s Sys=0.00s Real=0.00s
[58.462s][info][gc,start       ] GC(708) Pause Young (Allocation Failure)
[58.464s][info][gc,heap        ] GC(708) PSYoungGen: 120128K(143872K)->4688K(145408K) Eden: 119296K(119296K)->0K(119296K) From: 832K(24576K)->4688K(26112K)
[58.464s][info][gc,heap        ] GC(708) ParOldGen: 4591K(349696K)->4991K(349696K)
[58.464s][info][gc,metaspace   ] GC(708) Metaspace: 8640K(8896K)->8640K(8896K) NonClass: 7486K(7616K)->7486K(7616K) Class: 1153K(1280K)->1153K(1280K)
[58.464s][info][gc             ] GC(708) Pause Young (Allocation Failure) 121M->9M(483M) 2.752ms
[58.465s][info][gc,cpu         ] GC(708) User=0.17s Sys=0.00s Real=0.02s
[58.519s][info][gc,start       ] GC(709) Pause Young (Allocation Failure)
[58.523s][info][gc,heap        ] GC(709) PSYoungGen: 123984K(145408K)->608K(147968K) Eden: 119296K(119296K)->0K(124416K) From: 4688K(26112K)->608K(23552K)
[58.523s][info][gc,heap        ] GC(709) ParOldGen: 4991K(349696K)->9455K(349696K)
[58.523s][info][gc,metaspace   ] GC(709) Metaspace: 8640K(8896K)->8640K(8896K) NonClass: 7486K(7616K)->7486K(7616K) Class: 1153K(1280K)->1153K(1280K)
[58.523s][info][gc             ] GC(709) Pause Young (Allocation Failure) 125M->9M(486M) 4.200ms
[58.523s][info][gc,cpu         ] GC(709) User=0.00s Sys=0.00s Real=0.00s
[58.578s][info][gc,start       ] GC(710) Pause Young (Allocation Failure)
[58.579s][info][gc,heap        ] GC(710) PSYoungGen: 125024K(147968K)->832K(147968K) Eden: 124416K(124416K)->0K(124416K) From: 608K(23552K)->832K(23552K)
[58.579s][info][gc,heap        ] GC(710) ParOldGen: 9455K(349696K)->9799K(349696K)
[58.580s][info][gc,metaspace   ] GC(710) Metaspace: 8640K(8896K)->8640K(8896K) NonClass: 7486K(7616K)->7486K(7616K) Class: 1153K(1280K)->1153K(1280K)
[58.580s][info][gc             ] GC(710) Pause Young (Allocation Failure) 131M->10M(486M) 1.192ms
[58.580s][info][gc,cpu         ] GC(710) User=0.00s Sys=0.00s Real=0.00s
[58.643s][info][gc,start       ] GC(711) Pause Young (Allocation Failure)
[58.646s][info][gc,heap        ] GC(711) PSYoungGen: 125248K(147968K)->4448K(147968K) Eden: 124416K(124416K)->0K(128512K) From: 832K(23552K)->4448K(19456K)
[58.646s][info][gc,heap        ] GC(711) ParOldGen: 9799K(349696K)->10191K(349696K)
[58.646s][info][gc,metaspace   ] GC(711) Metaspace: 8640K(8896K)->8640K(8896K) NonClass: 7486K(7616K)->7486K(7616K) Class: 1153K(1280K)->1153K(1280K)
[58.647s][info][gc             ] GC(711) Pause Young (Allocation Failure) 131M->14M(486M) 3.481ms
[58.647s][info][gc,cpu         ] GC(711) User=0.17s Sys=0.00s Real=0.02s
[58.706s][info][gc,start       ] GC(712) Pause Young (Allocation Failure)
[58.710s][info][gc,heap        ] GC(712) PSYoungGen: 132960K(147968K)->832K(148992K) Eden: 128512K(128512K)->0K(128512K) From: 4448K(19456K)->832K(20480K)
[58.710s][info][gc,heap        ] GC(712) ParOldGen: 10191K(349696K)->14232K(349696K)
[58.710s][info][gc,metaspace   ] GC(712) Metaspace: 8640K(8896K)->8640K(8896K) NonClass: 7486K(7616K)->7486K(7616K) Class: 1153K(1280K)->1153K(1280K)
[58.710s][info][gc             ] GC(712) Pause Young (Allocation Failure) 139M->14M(487M) 4.037ms
[58.711s][info][gc,cpu         ] GC(712) User=0.17s Sys=0.00s Real=0.01s
[58.771s][info][gc,start       ] GC(713) Pause Young (Allocation Failure)
[58.772s][info][gc,heap        ] GC(713) PSYoungGen: 129344K(148992K)->768K(151552K) Eden: 128512K(128512K)->0K(134144K) From: 832K(20480K)->768K(17408K)
[58.772s][info][gc,heap        ] GC(713) ParOldGen: 14232K(349696K)->14856K(349696K)
[58.772s][info][gc,metaspace   ] GC(713) Metaspace: 8640K(8896K)->8640K(8896K) NonClass: 7486K(7616K)->7486K(7616K) Class: 1153K(1280K)->1153K(1280K)
[58.772s][info][gc             ] GC(713) Pause Young (Allocation Failure) 140M->15M(489M) 1.696ms
[58.772s][info][gc,cpu         ] GC(713) User=0.00s Sys=0.00s Real=0.00s
[58.849s][info][gc,start       ] GC(714) Pause Young (Allocation Failure)
[58.855s][info][gc,heap        ] GC(714) PSYoungGen: 134912K(151552K)->9056K(153088K) Eden: 134144K(134144K)->0K(134144K) From: 768K(17408K)->9056K(18944K)
[58.855s][info][gc,heap        ] GC(714) ParOldGen: 14856K(349696K)->15264K(349696K)
[58.855s][info][gc,metaspace   ] GC(714) Metaspace: 8640K(8896K)->8640K(8896K) NonClass: 7486K(7616K)->7486K(7616K) Class: 1153K(1280K)->1153K(1280K)
[58.855s][info][gc             ] GC(714) Pause Young (Allocation Failure) 146M->23M(491M) 5.455ms
[58.855s][info][gc,cpu         ] GC(714) User=0.00s Sys=0.00s Real=0.00s
[58.932s][info][gc,start       ] GC(715) Pause Young (Allocation Failure)
[58.940s][info][gc,heap        ] GC(715) PSYoungGen: 143200K(153088K)->896K(154112K) Eden: 134144K(134144K)->0K(136192K) From: 9056K(18944K)->896K(17920K)
[58.940s][info][gc,heap        ] GC(715) ParOldGen: 15264K(349696K)->23904K(349696K)
[58.940s][info][gc,metaspace   ] GC(715) Metaspace: 8640K(8896K)->8640K(8896K) NonClass: 7486K(7616K)->7486K(7616K) Class: 1153K(1280K)->1153K(1280K)
[58.940s][info][gc             ] GC(715) Pause Young (Allocation Failure) 154M->24M(492M) 8.110ms
[58.940s][info][gc,cpu         ] GC(715) User=0.17s Sys=0.00s Real=0.01s
[59.017s][info][gc,start       ] GC(716) Pause Young (Allocation Failure)
[59.019s][info][gc,heap        ] GC(716) PSYoungGen: 137088K(154112K)->768K(154624K) Eden: 136192K(136192K)->0K(136192K) From: 896K(17920K)->768K(18432K)
[59.019s][info][gc,heap        ] GC(716) ParOldGen: 23904K(349696K)->24568K(349696K)
[59.019s][info][gc,metaspace   ] GC(716) Metaspace: 8640K(8896K)->8640K(8896K) NonClass: 7486K(7616K)->7486K(7616K) Class: 1153K(1280K)->1153K(1280K)
[59.019s][info][gc             ] GC(716) Pause Young (Allocation Failure) 157M->24M(492M) 1.301ms
[59.019s][info][gc,cpu         ] GC(716) User=0.00s Sys=0.00s Real=0.00s
[59.080s][info][gc,start       ] GC(717) Pause Young (Allocation Failure)
[59.082s][info][gc,heap        ] GC(717) PSYoungGen: 136960K(154624K)->1120K(155648K) Eden: 136192K(136192K)->0K(138752K) From: 768K(18432K)->1120K(16896K)
[59.082s][info][gc,heap        ] GC(717) ParOldGen: 24568K(349696K)->24912K(349696K)
[59.082s][info][gc,metaspace   ] GC(717) Metaspace: 8640K(8896K)->8640K(8896K) NonClass: 7486K(7616K)->7486K(7616K) Class: 1153K(1280K)->1153K(1280K)
[59.082s][info][gc             ] GC(717) Pause Young (Allocation Failure) 157M->25M(493M) 1.282ms
[59.082s][info][gc,cpu         ] GC(717) User=0.00s Sys=0.00s Real=0.00s
[59.148s][info][gc,start       ] GC(718) Pause Young (Allocation Failure)
[59.151s][info][gc,heap        ] GC(718) PSYoungGen: 139872K(155648K)->4304K(155648K) Eden: 138752K(138752K)->0K(138752K) From: 1120K(16896K)->4304K(16896K)
[59.151s][info][gc,heap        ] GC(718) ParOldGen: 24912K(349696K)->25784K(349696K)
[59.151s][info][gc,metaspace   ] GC(718) Metaspace: 8640K(8896K)->8640K(8896K) NonClass: 7486K(7616K)->7486K(7616K) Class: 1153K(1280K)->1153K(1280K)
[59.151s][info][gc             ] GC(718) Pause Young (Allocation Failure) 160M->29M(493M) 2.781ms
[59.151s][info][gc,cpu         ] GC(718) User=0.00s Sys=0.00s Real=0.00s
[59.213s][info][gc,start       ] GC(719) Pause Young (Allocation Failure)
[59.217s][info][gc,heap        ] GC(719) PSYoungGen: 143056K(155648K)->832K(156672K) Eden: 138752K(138752K)->0K(141824K) From: 4304K(16896K)->832K(14848K)
[59.217s][info][gc,heap        ] GC(719) ParOldGen: 25784K(349696K)->29768K(349696K)
[59.217s][info][gc,metaspace   ] GC(719) Metaspace: 8640K(8896K)->8640K(8896K) NonClass: 7486K(7616K)->7486K(7616K) Class: 1153K(1280K)->1153K(1280K)
[59.217s][info][gc             ] GC(719) Pause Young (Allocation Failure) 164M->29M(494M) 3.921ms
[59.217s][info][gc,cpu         ] GC(719) User=0.00s Sys=0.00s Real=0.00s
[59.287s][info][gc,start       ] GC(720) Pause Young (Allocation Failure)
[59.290s][info][gc,heap        ] GC(720) PSYoungGen: 142656K(156672K)->4704K(156672K) Eden: 141824K(141824K)->0K(141824K) From: 832K(14848K)->4704K(14848K)
[59.290s][info][gc,heap        ] GC(720) ParOldGen: 29768K(349696K)->30088K(349696K)
[59.290s][info][gc,metaspace   ] GC(720) Metaspace: 8640K(8896K)->8640K(8896K) NonClass: 7486K(7616K)->7486K(7616K) Class: 1153K(1280K)->1153K(1280K)
[59.290s][info][gc             ] GC(720) Pause Young (Allocation Failure) 168M->33M(494M) 2.870ms
[59.290s][info][gc,cpu         ] GC(720) User=0.00s Sys=0.00s Real=0.00s
[59.353s][info][gc,start       ] GC(721) Pause Young (Allocation Failure)
[59.357s][info][gc,heap        ] GC(721) PSYoungGen: 146528K(156672K)->704K(159232K) Eden: 141824K(141824K)->0K(145408K) From: 4704K(14848K)->704K(13824K)
[59.357s][info][gc,heap        ] GC(721) ParOldGen: 30088K(349696K)->34480K(349696K)
[59.357s][info][gc,metaspace   ] GC(721) Metaspace: 8640K(8896K)->8640K(8896K) NonClass: 7486K(7616K)->7486K(7616K) Class: 1153K(1280K)->1153K(1280K)
[59.357s][info][gc             ] GC(721) Pause Young (Allocation Failure) 172M->34M(497M) 4.138ms
[59.357s][info][gc,cpu         ] GC(721) User=0.17s Sys=0.00s Real=0.02s
[59.425s][info][gc,start       ] GC(722) Pause Young (Allocation Failure)
[59.426s][info][gc,heap        ] GC(722) PSYoungGen: 146112K(159232K)->928K(159232K) Eden: 145408K(145408K)->0K(145408K) From: 704K(13824K)->928K(13824K)
[59.426s][info][gc,heap        ] GC(722) ParOldGen: 34480K(349696K)->34800K(349696K)
[59.426s][info][gc,metaspace   ] GC(722) Metaspace: 8640K(8896K)->8640K(8896K) NonClass: 7486K(7616K)->7486K(7616K) Class: 1153K(1280K)->1153K(1280K)
[59.426s][info][gc             ] GC(722) Pause Young (Allocation Failure) 176M->34M(497M) 1.300ms
[59.426s][info][gc,cpu         ] GC(722) User=0.00s Sys=0.00s Real=0.00s
[59.510s][info][gc,start       ] GC(723) Pause Young (Allocation Failure)
[59.515s][info][gc,heap        ] GC(723) PSYoungGen: 146336K(159232K)->8928K(159232K) Eden: 145408K(145408K)->0K(145920K) From: 928K(13824K)->8928K(13312K)
[59.516s][info][gc,heap        ] GC(723) ParOldGen: 34800K(349696K)->35488K(349696K)
[59.516s][info][gc,metaspace   ] GC(723) Metaspace: 8640K(8896K)->8640K(8896K) NonClass: 7486K(7616K)->7486K(7616K) Class: 1153K(1280K)->1153K(1280K)
[59.516s][info][gc             ] GC(723) Pause Young (Allocation Failure) 176M->43M(497M) 5.506ms
[59.516s][info][gc,cpu         ] GC(723) User=0.17s Sys=0.00s Real=0.02s
[59.587s][info][gc,start       ] GC(724) Pause Young (Allocation Failure)
[59.594s][info][gc,heap        ] GC(724) PSYoungGen: 154848K(159232K)->896K(160256K) Eden: 145920K(145920K)->0K(145920K) From: 8928K(13312K)->896K(14336K)
[59.594s][info][gc,heap        ] GC(724) ParOldGen: 35488K(349696K)->44056K(349696K)
[59.594s][info][gc,metaspace   ] GC(724) Metaspace: 8640K(8896K)->8640K(8896K) NonClass: 7486K(7616K)->7486K(7616K) Class: 1153K(1280K)->1153K(1280K)
[59.595s][info][gc             ] GC(724) Pause Young (Allocation Failure) 185M->43M(498M) 7.795ms
[59.595s][info][gc,cpu         ] GC(724) User=0.17s Sys=0.00s Real=0.02s
[59.663s][info][gc,start       ] GC(725) Pause Young (Allocation Failure)
[59.665s][info][gc,heap        ] GC(725) PSYoungGen: 146816K(160256K)->768K(158720K) Eden: 145920K(145920K)->0K(146432K) From: 896K(14336K)->768K(12288K)
[59.665s][info][gc,heap        ] GC(725) ParOldGen: 44056K(349696K)->44704K(349696K)
[59.665s][info][gc,metaspace   ] GC(725) Metaspace: 8640K(8896K)->8640K(8896K) NonClass: 7486K(7616K)->7486K(7616K) Class: 1153K(1280K)->1153K(1280K)
[59.665s][info][gc             ] GC(725) Pause Young (Allocation Failure) 186M->44M(496M) 1.309ms
[59.665s][info][gc,cpu         ] GC(725) User=0.00s Sys=0.00s Real=0.00s
[59.737s][info][gc,start       ] GC(726) Pause Young (Allocation Failure)
[59.739s][info][gc,heap        ] GC(726) PSYoungGen: 147200K(158720K)->4832K(159744K) Eden: 146432K(146432K)->0K(146432K) From: 768K(12288K)->4832K(13312K)
[59.740s][info][gc,heap        ] GC(726) ParOldGen: 44704K(349696K)->45048K(349696K)
[59.740s][info][gc,metaspace   ] GC(726) Metaspace: 8640K(8896K)->8640K(8896K) NonClass: 7486K(7616K)->7486K(7616K) Class: 1153K(1280K)->1153K(1280K)
[59.740s][info][gc             ] GC(726) Pause Young (Allocation Failure) 187M->48M(497M) 2.741ms
[59.740s][info][gc,cpu         ] GC(726) User=0.00s Sys=0.00s Real=0.00s
[59.805s][info][gc,start       ] GC(727) Pause Young (Allocation Failure)
[59.809s][info][gc,heap        ] GC(727) PSYoungGen: 151264K(159744K)->768K(159744K) Eden: 146432K(146432K)->0K(148480K) From: 4832K(13312K)->768K(11264K)
[59.809s][info][gc,heap        ] GC(727) ParOldGen: 45048K(349696K)->49576K(349696K)
[59.809s][info][gc,metaspace   ] GC(727) Metaspace: 8640K(8896K)->8640K(8896K) NonClass: 7486K(7616K)->7486K(7616K) Class: 1153K(1280K)->1153K(1280K)
[59.809s][info][gc             ] GC(727) Pause Young (Allocation Failure) 191M->49M(497M) 4.062ms
[59.809s][info][gc,cpu         ] GC(727) User=0.00s Sys=0.00s Real=0.00s
[59.875s][info][gc,start       ] GC(728) Pause Young (Allocation Failure)
[59.877s][info][gc,heap        ] GC(728) PSYoungGen: 149248K(159744K)->896K(160768K) Eden: 148480K(148480K)->0K(148480K) From: 768K(11264K)->896K(12288K)
[59.877s][info][gc,heap        ] GC(728) ParOldGen: 49576K(349696K)->49920K(349696K)
[59.877s][info][gc,metaspace   ] GC(728) Metaspace: 8640K(8896K)->8640K(8896K) NonClass: 7486K(7616K)->7486K(7616K) Class: 1153K(1280K)->1153K(1280K)
[59.877s][info][gc             ] GC(728) Pause Young (Allocation Failure) 194M->49M(498M) 1.373ms
[59.877s][info][gc,cpu         ] GC(728) User=0.17s Sys=0.00s Real=0.01s
[59.948s][info][gc,start       ] GC(729) Pause Young (Allocation Failure)
[59.951s][info][gc,heap        ] GC(729) PSYoungGen: 149376K(160768K)->4448K(160768K) Eden: 148480K(148480K)->0K(150528K) From: 896K(12288K)->4448K(10240K)
[59.951s][info][gc,heap        ] GC(729) ParOldGen: 49920K(349696K)->50600K(349696K)
[59.951s][info][gc,metaspace   ] GC(729) Metaspace: 8640K(8896K)->8640K(8896K) NonClass: 7486K(7616K)->7486K(7616K) Class: 1153K(1280K)->1153K(1280K)
[59.951s][info][gc             ] GC(729) Pause Young (Allocation Failure) 194M->53M(498M) 2.883ms
[59.951s][info][gc,cpu         ] GC(729) User=0.00s Sys=0.00s Real=0.00s
[60.019s][info][gc,start       ] GC(730) Pause Young (Allocation Failure)
[60.023s][info][gc,heap        ] GC(730) PSYoungGen: 154976K(160768K)->992K(161792K) Eden: 150528K(150528K)->0K(150528K) From: 4448K(10240K)->992K(11264K)
[60.023s][info][gc,heap        ] GC(730) ParOldGen: 50600K(349696K)->54656K(349696K)
[60.023s][info][gc,metaspace   ] GC(730) Metaspace: 8640K(8896K)->8640K(8896K) NonClass: 7486K(7616K)->7486K(7616K) Class: 1153K(1280K)->1153K(1280K)
[60.023s][info][gc             ] GC(730) Pause Young (Allocation Failure) 200M->54M(499M) 4.066ms
[60.023s][info][gc,cpu         ] GC(730) User=0.00s Sys=0.00s Real=0.00s
[60.090s][info][gc,start       ] GC(731) Pause Young (Allocation Failure)
[60.092s][info][gc,heap        ] GC(731) PSYoungGen: 151520K(161792K)->896K(162816K) Eden: 150528K(150528K)->0K(152576K) From: 992K(11264K)->896K(10240K)
[60.092s][info][gc,heap        ] GC(731) ParOldGen: 54656K(349696K)->55288K(349696K)
[60.092s][info][gc,metaspace   ] GC(731) Metaspace: 8640K(8896K)->8640K(8896K) NonClass: 7486K(7616K)->7486K(7616K) Class: 1153K(1280K)->1153K(1280K)
[60.092s][info][gc             ] GC(731) Pause Young (Allocation Failure) 201M->54M(500M) 1.500ms
[60.092s][info][gc,cpu         ] GC(731) User=0.00s Sys=0.00s Real=0.00s
[60.196s][info][gc,start       ] GC(732) Pause Young (Allocation Failure)
[60.208s][info][gc,heap        ] GC(732) PSYoungGen: 153472K(162816K)->10736K(163328K) Eden: 152576K(152576K)->0K(152576K) From: 896K(10240K)->10736K(10752K)
[60.208s][info][gc,heap        ] GC(732) ParOldGen: 55288K(349696K)->62824K(349696K)
[60.208s][info][gc,metaspace   ] GC(732) Metaspace: 8640K(8896K)->8640K(8896K) NonClass: 7486K(7616K)->7486K(7616K) Class: 1153K(1280K)->1153K(1280K)
[60.209s][info][gc             ] GC(732) Pause Young (Allocation Failure) 203M->71M(501M) 12.171ms
[60.209s][info][gc,cpu         ] GC(732) User=0.19s Sys=0.00s Real=0.02s
[60.279s][info][gc,start       ] GC(733) Pause Young (Allocation Failure)
[60.287s][info][gc,heap        ] GC(733) PSYoungGen: 163312K(163328K)->800K(156160K) Eden: 152576K(152576K)->0K(144896K) From: 10736K(10752K)->800K(11264K)
[60.287s][info][gc,heap        ] GC(733) ParOldGen: 62824K(349696K)->73496K(349696K)
[60.287s][info][gc,metaspace   ] GC(733) Metaspace: 8640K(8896K)->8640K(8896K) NonClass: 7486K(7616K)->7486K(7616K) Class: 1153K(1280K)->1153K(1280K)
[60.287s][info][gc             ] GC(733) Pause Young (Allocation Failure) 220M->72M(494M) 8.241ms
[60.287s][info][gc,cpu         ] GC(733) User=0.19s Sys=0.00s Real=0.02s
[60.352s][info][gc,start       ] GC(734) Pause Young (Allocation Failure)
[60.353s][info][gc,heap        ] GC(734) PSYoungGen: 145696K(156160K)->992K(159744K) Eden: 144896K(144896K)->0K(144896K) From: 800K(11264K)->992K(14848K)
[60.353s][info][gc,heap        ] GC(734) ParOldGen: 73496K(349696K)->73848K(349696K)
[60.353s][info][gc,metaspace   ] GC(734) Metaspace: 8640K(8896K)->8640K(8896K) NonClass: 7486K(7616K)->7486K(7616K) Class: 1153K(1280K)->1153K(1280K)
[60.353s][info][gc             ] GC(734) Pause Young (Allocation Failure) 214M->73M(497M) 1.399ms
[60.353s][info][gc,cpu         ] GC(734) User=0.00s Sys=0.00s Real=0.00s
[60.427s][info][gc,start       ] GC(735) Pause Young (Allocation Failure)
[60.429s][info][gc,heap        ] GC(735) PSYoungGen: 145888K(159744K)->4576K(158208K) Eden: 144896K(144896K)->0K(145408K) From: 992K(14848K)->4576K(12800K)
[60.429s][info][gc,heap        ] GC(735) ParOldGen: 73848K(349696K)->74544K(349696K)
[60.429s][info][gc,metaspace   ] GC(735) Metaspace: 8640K(8896K)->8640K(8896K) NonClass: 7486K(7616K)->7486K(7616K) Class: 1153K(1280K)->1153K(1280K)
[60.429s][info][gc             ] GC(735) Pause Young (Allocation Failure) 214M->77M(496M) 2.848ms
[60.429s][info][gc,cpu         ] GC(735) User=0.00s Sys=0.00s Real=0.00s
[60.494s][info][gc,start       ] GC(736) Pause Young (Allocation Failure)
[60.498s][info][gc,heap        ] GC(736) PSYoungGen: 149984K(158208K)->960K(159232K) Eden: 145408K(145408K)->0K(145408K) From: 4576K(12800K)->960K(13824K)
[60.498s][info][gc,heap        ] GC(736) ParOldGen: 74544K(349696K)->78728K(349696K)
[60.498s][info][gc,metaspace   ] GC(736) Metaspace: 8640K(8896K)->8640K(8896K) NonClass: 7486K(7616K)->7486K(7616K) Class: 1153K(1280K)->1153K(1280K)
[60.498s][info][gc             ] GC(736) Pause Young (Allocation Failure) 219M->77M(497M) 4.243ms
[60.498s][info][gc,cpu         ] GC(736) User=0.00s Sys=0.00s Real=0.00s
[60.567s][info][gc,start       ] GC(737) Pause Young (Allocation Failure)
[60.568s][info][gc,heap        ] GC(737) PSYoungGen: 146368K(159232K)->864K(159232K) Eden: 145408K(145408K)->0K(147456K) From: 960K(13824K)->864K(11776K)
[60.568s][info][gc,heap        ] GC(737) ParOldGen: 78728K(349696K)->79352K(349696K)
[60.568s][info][gc,metaspace   ] GC(737) Metaspace: 8640K(8896K)->8640K(8896K) NonClass: 7486K(7616K)->7486K(7616K) Class: 1153K(1280K)->1153K(1280K)
[60.568s][info][gc             ] GC(737) Pause Young (Allocation Failure) 219M->78M(497M) 1.560ms
[60.568s][info][gc,cpu         ] GC(737) User=0.00s Sys=0.00s Real=0.00s
[60.643s][info][gc,start       ] GC(738) Pause Young (Allocation Failure)
[60.646s][info][gc,heap        ] GC(738) PSYoungGen: 148320K(159232K)->4640K(160256K) Eden: 147456K(147456K)->0K(147456K) From: 864K(11776K)->4640K(12800K)
[60.646s][info][gc,heap        ] GC(738) ParOldGen: 79352K(349696K)->79752K(349696K)
[60.646s][info][gc,metaspace   ] GC(738) Metaspace: 8640K(8896K)->8640K(8896K) NonClass: 7486K(7616K)->7486K(7616K) Class: 1153K(1280K)->1153K(1280K)
[60.646s][info][gc             ] GC(738) Pause Young (Allocation Failure) 222M->82M(498M) 3.041ms
[60.646s][info][gc,cpu         ] GC(738) User=0.00s Sys=0.00s Real=0.00s
[60.711s][info][gc,start       ] GC(739) Pause Young (Allocation Failure)
[60.716s][info][gc,heap        ] GC(739) PSYoungGen: 152096K(160256K)->800K(160256K) Eden: 147456K(147456K)->0K(149504K) From: 4640K(12800K)->800K(10752K)
[60.716s][info][gc,heap        ] GC(739) ParOldGen: 79752K(349696K)->84080K(349696K)
[60.716s][info][gc,metaspace   ] GC(739) Metaspace: 8640K(8896K)->8640K(8896K) NonClass: 7486K(7616K)->7486K(7616K) Class: 1153K(1280K)->1153K(1280K)
[60.716s][info][gc             ] GC(739) Pause Young (Allocation Failure) 226M->82M(498M) 4.336ms
[60.716s][info][gc,cpu         ] GC(739) User=0.00s Sys=0.00s Real=0.00s
[60.797s][info][gc,start       ] GC(740) Pause Young (Allocation Failure)
[60.803s][info][gc,heap        ] GC(740) PSYoungGen: 150304K(160256K)->9152K(161280K) Eden: 149504K(149504K)->0K(149504K) From: 800K(10752K)->9152K(11776K)
[60.803s][info][gc,heap        ] GC(740) ParOldGen: 84080K(349696K)->84416K(349696K)
[60.803s][info][gc,metaspace   ] GC(740) Metaspace: 8640K(8896K)->8640K(8896K) NonClass: 7486K(7616K)->7486K(7616K) Class: 1153K(1280K)->1153K(1280K)
[60.803s][info][gc             ] GC(740) Pause Young (Allocation Failure) 228M->91M(499M) 5.582ms
[60.803s][info][gc,cpu         ] GC(740) User=0.17s Sys=0.00s Real=0.01s
[60.873s][info][gc,start       ] GC(741) Pause Young (Allocation Failure)
[60.880s][info][gc,heap        ] GC(741) PSYoungGen: 158656K(161280K)->800K(161792K) Eden: 149504K(149504K)->0K(148480K) From: 9152K(11776K)->800K(13312K)
[60.881s][info][gc,heap        ] GC(741) ParOldGen: 84416K(349696K)->93352K(349696K)
[60.881s][info][gc,metaspace   ] GC(741) Metaspace: 8640K(8896K)->8640K(8896K) NonClass: 7486K(7616K)->7486K(7616K) Class: 1153K(1280K)->1153K(1280K)
[60.881s][info][gc             ] GC(741) Pause Young (Allocation Failure) 237M->91M(499M) 8.017ms
[60.881s][info][gc,cpu         ] GC(741) User=0.17s Sys=0.00s Real=0.02s
[60.949s][info][gc,start       ] GC(742) Pause Young (Allocation Failure)
[60.950s][info][gc,heap        ] GC(742) PSYoungGen: 149280K(161792K)->992K(149504K) Eden: 148480K(148480K)->0K(148480K) From: 800K(13312K)->992K(1024K)
[60.950s][info][gc,heap        ] GC(742) ParOldGen: 93352K(349696K)->93728K(349696K)
[60.950s][info][gc,metaspace   ] GC(742) Metaspace: 8640K(8896K)->8640K(8896K) NonClass: 7486K(7616K)->7486K(7616K) Class: 1153K(1280K)->1153K(1280K)
[60.951s][info][gc             ] GC(742) Pause Young (Allocation Failure) 236M->92M(487M) 1.269ms
[60.951s][info][gc,cpu         ] GC(742) User=0.00s Sys=0.00s Real=0.00s
[61.020s][info][gc,start       ] GC(743) Pause Young (Allocation Failure)
[61.022s][info][gc,heap        ] GC(743) PSYoungGen: 149472K(149504K)->896K(161280K) Eden: 148480K(148480K)->0K(148992K) From: 992K(1024K)->896K(12288K)
[61.022s][info][gc,heap        ] GC(743) ParOldGen: 93728K(349696K)->94344K(349696K)
[61.022s][info][gc,metaspace   ] GC(743) Metaspace: 8640K(8896K)->8640K(8896K) NonClass: 7486K(7616K)->7486K(7616K) Class: 1153K(1280K)->1153K(1280K)
[61.022s][info][gc             ] GC(743) Pause Young (Allocation Failure) 237M->93M(499M) 1.938ms
[61.022s][info][gc,cpu         ] GC(743) User=0.00s Sys=0.00s Real=0.00s
[61.094s][info][gc,start       ] GC(744) Pause Young (Allocation Failure)
[61.097s][info][gc,heap        ] GC(744) PSYoungGen: 149888K(161280K)->4752K(160768K) Eden: 148992K(148992K)->0K(148992K) From: 896K(12288K)->4752K(11776K)
[61.097s][info][gc,heap        ] GC(744) ParOldGen: 94344K(349696K)->94744K(349696K)
[61.097s][info][gc,metaspace   ] GC(744) Metaspace: 8640K(8896K)->8640K(8896K) NonClass: 7486K(7616K)->7486K(7616K) Class: 1153K(1280K)->1153K(1280K)
[61.097s][info][gc             ] GC(744) Pause Young (Allocation Failure) 238M->97M(498M) 2.981ms
[61.097s][info][gc,cpu         ] GC(744) User=0.00s Sys=0.00s Real=0.00s
[61.164s][info][gc,start       ] GC(745) Pause Young (Allocation Failure)
[61.168s][info][gc,heap        ] GC(745) PSYoungGen: 153744K(160768K)->864K(162304K) Eden: 148992K(148992K)->0K(151040K) From: 4752K(11776K)->864K(11264K)
[61.168s][info][gc,heap        ] GC(745) ParOldGen: 94744K(349696K)->99224K(349696K)
[61.168s][info][gc,metaspace   ] GC(745) Metaspace: 8640K(8896K)->8640K(8896K) NonClass: 7486K(7616K)->7486K(7616K) Class: 1153K(1280K)->1153K(1280K)
[61.168s][info][gc             ] GC(745) Pause Young (Allocation Failure) 242M->97M(500M) 4.487ms
[61.168s][info][gc,cpu         ] GC(745) User=0.17s Sys=0.00s Real=0.02s
[61.243s][info][gc,start       ] GC(746) Pause Young (Allocation Failure)
[61.247s][info][gc,heap        ] GC(746) PSYoungGen: 151904K(162304K)->4384K(162304K) Eden: 151040K(151040K)->0K(151040K) From: 864K(11264K)->4384K(11264K)
[61.247s][info][gc,heap        ] GC(746) ParOldGen: 99224K(349696K)->99904K(349696K)
[61.247s][info][gc,metaspace   ] GC(746) Metaspace: 8640K(8896K)->8640K(8896K) NonClass: 7486K(7616K)->7486K(7616K) Class: 1153K(1280K)->1153K(1280K)
[61.247s][info][gc             ] GC(746) Pause Young (Allocation Failure) 245M->101M(500M) 3.413ms
[61.247s][info][gc,cpu         ] GC(746) User=0.00s Sys=0.00s Real=0.00s
[61.319s][info][gc,start       ] GC(747) Pause Young (Allocation Failure)
[61.323s][info][gc,heap        ] GC(747) PSYoungGen: 155424K(162304K)->896K(162816K) Eden: 151040K(151040K)->0K(152576K) From: 4384K(11264K)->896K(10240K)
[61.323s][info][gc,heap        ] GC(747) ParOldGen: 99904K(349696K)->103944K(349696K)
[61.323s][info][gc,metaspace   ] GC(747) Metaspace: 8640K(8896K)->8640K(8896K) NonClass: 7486K(7616K)->7486K(7616K) Class: 1153K(1280K)->1153K(1280K)
[61.323s][info][gc             ] GC(747) Pause Young (Allocation Failure) 249M->102M(500M) 4.177ms
[61.323s][info][gc,cpu         ] GC(747) User=0.19s Sys=0.00s Real=0.02s
[61.392s][info][gc,start       ] GC(748) Pause Young (Allocation Failure)
[61.394s][info][gc,heap        ] GC(748) PSYoungGen: 153472K(162816K)->832K(162816K) Eden: 152576K(152576K)->0K(152576K) From: 896K(10240K)->832K(10240K)
[61.394s][info][gc,heap        ] GC(748) ParOldGen: 103944K(349696K)->104568K(349696K)
[61.394s][info][gc,metaspace   ] GC(748) Metaspace: 8640K(8896K)->8640K(8896K) NonClass: 7486K(7616K)->7486K(7616K) Class: 1153K(1280K)->1153K(1280K)
[61.394s][info][gc             ] GC(748) Pause Young (Allocation Failure) 251M->102M(500M) 1.614ms
[61.394s][info][gc,cpu         ] GC(748) User=0.00s Sys=0.00s Real=0.00s
[61.812s][info][gc,start       ] GC(749) Pause Young (Allocation Failure)
[61.844s][info][gc,heap        ] GC(749) PSYoungGen: 153408K(162816K)->10208K(128512K) Eden: 152576K(152576K)->0K(118272K) From: 832K(10240K)->10208K(10240K)
[61.844s][info][gc,heap        ] GC(749) ParOldGen: 104568K(349696K)->147784K(349696K)
[61.844s][info][gc,metaspace   ] GC(749) Metaspace: 8642K(8896K)->8642K(8896K) NonClass: 7488K(7616K)->7488K(7616K) Class: 1153K(1280K)->1153K(1280K)
[61.844s][info][gc             ] GC(749) Pause Young (Allocation Failure) 251M->154M(467M) 31.355ms
[61.844s][info][gc,cpu         ] GC(749) User=0.38s Sys=0.00s Real=0.03s
[61.848s][info][gc,heap,exit   ] Heap
[61.848s][info][gc,heap,exit   ]  PSYoungGen      total 128512K, used 14939K [0x00000000f5580000, 0x0000000100000000, 0x0000000100000000)
[61.848s][info][gc,heap,exit   ]   eden space 118272K, 4% used [0x00000000f5580000,0x00000000f5a1ec30,0x00000000fc900000)
[61.848s][info][gc,heap,exit   ]   from space 10240K, 99% used [0x00000000ff600000,0x00000000ffff8070,0x0000000100000000)
[61.848s][info][gc,heap,exit   ]   to   space 28160K, 0% used [0x00000000fc900000,0x00000000fc900000,0x00000000fe480000)
[61.848s][info][gc,heap,exit   ]  ParOldGen       total 349696K, used 147784K [0x00000000e0000000, 0x00000000f5580000, 0x00000000f5580000)
[61.848s][info][gc,heap,exit   ]   object space 349696K, 42% used [0x00000000e0000000,0x00000000e9052368,0x00000000f5580000)
[61.848s][info][gc,heap,exit   ]  Metaspace       used 8700K, committed 8960K, reserved 1114112K
[61.848s][info][gc,heap,exit   ]   class space    used 1162K, committed 1280K, reserved 1048576K
