[0.016s][info][gc,init] CardTable entry size: 512
[0.016s][info][gc     ] Using Serial
[0.020s][info][gc,init] Version: 20+36-2344 (release)
[0.020s][info][gc,init] CPUs: 48 total, 48 available
[0.020s][info][gc,init] Memory: 382G
[0.020s][info][gc,init] Large Page Support: Disabled
[0.020s][info][gc,init] NUMA Support: Disabled
[0.020s][info][gc,init] Compressed Oops: Enabled (32-bit)
[0.021s][info][gc,init] Heap Min Capacity: 8M
[0.021s][info][gc,init] Heap Initial Capacity: 512M
[0.021s][info][gc,init] Heap Max Capacity: 512M
[0.021s][info][gc,init] Pre-touch: Disabled
[0.028s][info][gc,metaspace] CDS archive(s) mapped at: [0x0000000800000000-0x0000000800c60000-0x0000000800c60000), size 12976128, SharedBaseAddress: 0x0000000800000000, ArchiveRelocationMode: 0.
[0.028s][info][gc,metaspace] Compressed class space mapped at: 0x0000000801000000-0x0000000841000000, reserved size: 1073741824
[0.028s][info][gc,metaspace] Narrow klass base: 0x0000000800000000, Narrow klass shift: 0, Narrow klass range: 0x100000000
[1.005s][info][gc,start    ] GC(0) Pause Full (System.gc())
[1.005s][info][gc,phases,start] GC(0) Phase 1: Mark live objects
[1.017s][info][gc,phases      ] GC(0) Phase 1: Mark live objects 11.634ms
[1.017s][info][gc,phases,start] GC(0) Phase 2: Compute new object addresses
[1.021s][info][gc,phases      ] GC(0) Phase 2: Compute new object addresses 4.650ms
[1.021s][info][gc,phases,start] GC(0) Phase 3: Adjust pointers
[1.026s][info][gc,phases      ] GC(0) Phase 3: Adjust pointers 4.642ms
[1.026s][info][gc,phases,start] GC(0) Phase 4: Move objects
[1.029s][info][gc,phases      ] GC(0) Phase 4: Move objects 2.768ms
[1.030s][info][gc,heap        ] GC(0) DefNew: 44769K(157248K)->0K(157248K) Eden: 44769K(139776K)->0K(139776K) From: 0K(17472K)->0K(17472K)
[1.030s][info][gc,heap        ] GC(0) Tenured: 0K(349568K)->3477K(349568K)
[1.030s][info][gc,metaspace   ] GC(0) Metaspace: 8263K(8448K)->8263K(8448K) NonClass: 7149K(7232K)->7149K(7232K) Class: 1113K(1216K)->1113K(1216K)
[1.030s][info][gc             ] GC(0) Pause Full (System.gc()) 43M->3M(494M) 24.905ms
[1.030s][info][gc,cpu         ] GC(0) User=0.03s Sys=0.00s Real=0.03s
[1.237s][info][gc,start       ] GC(1) Pause Young (Allocation Failure)
[1.241s][info][gc,heap        ] GC(1) DefNew: 139776K(157248K)->542K(157248K) Eden: 139776K(139776K)->0K(139776K) From: 0K(17472K)->542K(17472K)
[1.241s][info][gc,heap        ] GC(1) Tenured: 3477K(349568K)->3477K(349568K)
[1.241s][info][gc,metaspace   ] GC(1) Metaspace: 8406K(8576K)->8406K(8576K) NonClass: 7280K(7360K)->7280K(7360K) Class: 1125K(1216K)->1125K(1216K)
[1.241s][info][gc             ] GC(1) Pause Young (Allocation Failure) 139M->3M(494M) 4.339ms
[1.241s][info][gc,cpu         ] GC(1) User=0.03s Sys=0.00s Real=0.02s
[1.311s][info][gc,start       ] GC(2) Pause Young (Allocation Failure)
[1.315s][info][gc,heap        ] GC(2) DefNew: 140318K(157248K)->981K(157248K) Eden: 139776K(139776K)->0K(139776K) From: 542K(17472K)->981K(17472K)
[1.316s][info][gc,heap        ] GC(2) Tenured: 3477K(349568K)->3477K(349568K)
[1.316s][info][gc,metaspace   ] GC(2) Metaspace: 8406K(8576K)->8406K(8576K) NonClass: 7280K(7360K)->7280K(7360K) Class: 1125K(1216K)->1125K(1216K)
[1.316s][info][gc             ] GC(2) Pause Young (Allocation Failure) 140M->4M(494M) 4.832ms
[1.316s][info][gc,cpu         ] GC(2) User=0.00s Sys=0.00s Real=0.00s
[1.382s][info][gc,start       ] GC(3) Pause Young (Allocation Failure)
[1.388s][info][gc,heap        ] GC(3) DefNew: 140757K(157248K)->1426K(157248K) Eden: 139776K(139776K)->0K(139776K) From: 981K(17472K)->1426K(17472K)
[1.388s][info][gc,heap        ] GC(3) Tenured: 3477K(349568K)->3477K(349568K)
[1.388s][info][gc,metaspace   ] GC(3) Metaspace: 8406K(8576K)->8406K(8576K) NonClass: 7280K(7360K)->7280K(7360K) Class: 1125K(1216K)->1125K(1216K)
[1.388s][info][gc             ] GC(3) Pause Young (Allocation Failure) 140M->4M(494M) 6.304ms
[1.388s][info][gc,cpu         ] GC(3) User=0.00s Sys=0.00s Real=0.00s
[1.457s][info][gc,start       ] GC(4) Pause Young (Allocation Failure)
[1.466s][info][gc,heap        ] GC(4) DefNew: 141202K(157248K)->1941K(157248K) Eden: 139776K(139776K)->0K(139776K) From: 1426K(17472K)->1941K(17472K)
[1.466s][info][gc,heap        ] GC(4) Tenured: 3477K(349568K)->3477K(349568K)
[1.466s][info][gc,metaspace   ] GC(4) Metaspace: 8406K(8576K)->8406K(8576K) NonClass: 7280K(7360K)->7280K(7360K) Class: 1125K(1216K)->1125K(1216K)
[1.466s][info][gc             ] GC(4) Pause Young (Allocation Failure) 141M->5M(494M) 8.998ms
[1.466s][info][gc,cpu         ] GC(4) User=0.03s Sys=0.02s Real=0.01s
[1.532s][info][gc,start       ] GC(5) Pause Young (Allocation Failure)
[1.540s][info][gc,heap        ] GC(5) DefNew: 141717K(157248K)->2379K(157248K) Eden: 139776K(139776K)->0K(139776K) From: 1941K(17472K)->2379K(17472K)
[1.540s][info][gc,heap        ] GC(5) Tenured: 3477K(349568K)->3477K(349568K)
[1.540s][info][gc,metaspace   ] GC(5) Metaspace: 8406K(8576K)->8406K(8576K) NonClass: 7280K(7360K)->7280K(7360K) Class: 1125K(1216K)->1125K(1216K)
[1.540s][info][gc             ] GC(5) Pause Young (Allocation Failure) 141M->5M(494M) 8.203ms
[1.540s][info][gc,cpu         ] GC(5) User=0.02s Sys=0.00s Real=0.02s
[1.633s][info][gc,start       ] GC(6) Pause Young (Allocation Failure)
[1.642s][info][gc,heap        ] GC(6) DefNew: 142155K(157248K)->2850K(157248K) Eden: 139776K(139776K)->0K(139776K) From: 2379K(17472K)->2850K(17472K)
[1.642s][info][gc,heap        ] GC(6) Tenured: 3477K(349568K)->3477K(349568K)
[1.642s][info][gc,metaspace   ] GC(6) Metaspace: 8406K(8576K)->8406K(8576K) NonClass: 7280K(7360K)->7280K(7360K) Class: 1125K(1216K)->1125K(1216K)
[1.642s][info][gc             ] GC(6) Pause Young (Allocation Failure) 142M->6M(494M) 8.928ms
[1.642s][info][gc,cpu         ] GC(6) User=0.00s Sys=0.00s Real=0.00s
[1.725s][info][gc,start       ] GC(7) Pause Young (Allocation Failure)
[1.736s][info][gc,heap        ] GC(7) DefNew: 142626K(157248K)->3238K(157248K) Eden: 139776K(139776K)->0K(139776K) From: 2850K(17472K)->3238K(17472K)
[1.736s][info][gc,heap        ] GC(7) Tenured: 3477K(349568K)->3477K(349568K)
[1.736s][info][gc,metaspace   ] GC(7) Metaspace: 8406K(8576K)->8406K(8576K) NonClass: 7280K(7360K)->7280K(7360K) Class: 1125K(1216K)->1125K(1216K)
[1.736s][info][gc             ] GC(7) Pause Young (Allocation Failure) 142M->6M(494M) 11.153ms
[1.736s][info][gc,cpu         ] GC(7) User=0.00s Sys=0.00s Real=0.00s
[1.812s][info][gc,start       ] GC(8) Pause Young (Allocation Failure)
[1.823s][info][gc,heap        ] GC(8) DefNew: 143014K(157248K)->3666K(157248K) Eden: 139776K(139776K)->0K(139776K) From: 3238K(17472K)->3666K(17472K)
[1.823s][info][gc,heap        ] GC(8) Tenured: 3477K(349568K)->3477K(349568K)
[1.823s][info][gc,metaspace   ] GC(8) Metaspace: 8406K(8576K)->8406K(8576K) NonClass: 7280K(7360K)->7280K(7360K) Class: 1125K(1216K)->1125K(1216K)
[1.823s][info][gc             ] GC(8) Pause Young (Allocation Failure) 143M->6M(494M) 11.380ms
[1.823s][info][gc,cpu         ] GC(8) User=0.02s Sys=0.00s Real=0.02s
[1.914s][info][gc,start       ] GC(9) Pause Young (Allocation Failure)
[1.926s][info][gc,heap        ] GC(9) DefNew: 143442K(157248K)->4146K(157248K) Eden: 139776K(139776K)->0K(139776K) From: 3666K(17472K)->4146K(17472K)
[1.926s][info][gc,heap        ] GC(9) Tenured: 3477K(349568K)->3477K(349568K)
[1.926s][info][gc,metaspace   ] GC(9) Metaspace: 8406K(8576K)->8406K(8576K) NonClass: 7280K(7360K)->7280K(7360K) Class: 1125K(1216K)->1125K(1216K)
[1.926s][info][gc             ] GC(9) Pause Young (Allocation Failure) 143M->7M(494M) 12.247ms
[1.926s][info][gc,cpu         ] GC(9) User=0.02s Sys=0.00s Real=0.02s
[2.015s][info][gc,start       ] GC(10) Pause Young (Allocation Failure)
[2.032s][info][gc,heap        ] GC(10) DefNew: 143922K(157248K)->4814K(157248K) Eden: 139776K(139776K)->0K(139776K) From: 4146K(17472K)->4814K(17472K)
[2.032s][info][gc,heap        ] GC(10) Tenured: 3477K(349568K)->3477K(349568K)
[2.032s][info][gc,metaspace   ] GC(10) Metaspace: 8406K(8576K)->8406K(8576K) NonClass: 7280K(7360K)->7280K(7360K) Class: 1125K(1216K)->1125K(1216K)
[2.032s][info][gc             ] GC(10) Pause Young (Allocation Failure) 143M->8M(494M) 16.762ms
[2.032s][info][gc,cpu         ] GC(10) User=0.02s Sys=0.00s Real=0.02s
[2.098s][info][gc,start       ] GC(11) Pause Young (Allocation Failure)
[2.112s][info][gc,heap        ] GC(11) DefNew: 144590K(157248K)->5262K(157248K) Eden: 139776K(139776K)->0K(139776K) From: 4814K(17472K)->5262K(17472K)
[2.112s][info][gc,heap        ] GC(11) Tenured: 3477K(349568K)->3477K(349568K)
[2.112s][info][gc,metaspace   ] GC(11) Metaspace: 8406K(8576K)->8406K(8576K) NonClass: 7280K(7360K)->7280K(7360K) Class: 1125K(1216K)->1125K(1216K)
[2.112s][info][gc             ] GC(11) Pause Young (Allocation Failure) 144M->8M(494M) 13.268ms
[2.112s][info][gc,cpu         ] GC(11) User=0.02s Sys=0.00s Real=0.02s
[2.177s][info][gc,start       ] GC(12) Pause Young (Allocation Failure)
[2.192s][info][gc,heap        ] GC(12) DefNew: 145038K(157248K)->5729K(157248K) Eden: 139776K(139776K)->0K(139776K) From: 5262K(17472K)->5729K(17472K)
[2.192s][info][gc,heap        ] GC(12) Tenured: 3477K(349568K)->3477K(349568K)
[2.192s][info][gc,metaspace   ] GC(12) Metaspace: 8406K(8576K)->8406K(8576K) NonClass: 7280K(7360K)->7280K(7360K) Class: 1125K(1216K)->1125K(1216K)
[2.192s][info][gc             ] GC(12) Pause Young (Allocation Failure) 145M->8M(494M) 14.633ms
[2.192s][info][gc,cpu         ] GC(12) User=0.02s Sys=0.00s Real=0.02s
[2.262s][info][gc,start       ] GC(13) Pause Young (Allocation Failure)
[2.278s][info][gc,heap        ] GC(13) DefNew: 145505K(157248K)->6242K(157248K) Eden: 139776K(139776K)->0K(139776K) From: 5729K(17472K)->6242K(17472K)
[2.278s][info][gc,heap        ] GC(13) Tenured: 3477K(349568K)->3477K(349568K)
[2.278s][info][gc,metaspace   ] GC(13) Metaspace: 8406K(8576K)->8406K(8576K) NonClass: 7280K(7360K)->7280K(7360K) Class: 1125K(1216K)->1125K(1216K)
[2.278s][info][gc             ] GC(13) Pause Young (Allocation Failure) 145M->9M(494M) 15.881ms
[2.278s][info][gc,cpu         ] GC(13) User=0.02s Sys=0.00s Real=0.02s
[2.347s][info][gc,start       ] GC(14) Pause Young (Allocation Failure)
[2.363s][info][gc,heap        ] GC(14) DefNew: 146018K(157248K)->6680K(157248K) Eden: 139776K(139776K)->0K(139776K) From: 6242K(17472K)->6680K(17472K)
[2.363s][info][gc,heap        ] GC(14) Tenured: 3477K(349568K)->3477K(349568K)
[2.363s][info][gc,metaspace   ] GC(14) Metaspace: 8406K(8576K)->8406K(8576K) NonClass: 7280K(7360K)->7280K(7360K) Class: 1125K(1216K)->1125K(1216K)
[2.363s][info][gc             ] GC(14) Pause Young (Allocation Failure) 145M->9M(494M) 16.445ms
[2.363s][info][gc,cpu         ] GC(14) User=0.02s Sys=0.00s Real=0.01s
[2.430s][info][gc,start       ] GC(15) Pause Young (Allocation Failure)
[2.446s][info][gc,heap        ] GC(15) DefNew: 146456K(157248K)->7152K(157248K) Eden: 139776K(139776K)->0K(139776K) From: 6680K(17472K)->7152K(17472K)
[2.446s][info][gc,heap        ] GC(15) Tenured: 3477K(349568K)->3477K(349568K)
[2.446s][info][gc,metaspace   ] GC(15) Metaspace: 8406K(8576K)->8406K(8576K) NonClass: 7280K(7360K)->7280K(7360K) Class: 1125K(1216K)->1125K(1216K)
[2.446s][info][gc             ] GC(15) Pause Young (Allocation Failure) 146M->10M(494M) 16.258ms
[2.446s][info][gc,cpu         ] GC(15) User=0.02s Sys=0.00s Real=0.01s
[2.521s][info][gc,start       ] GC(16) Pause Young (Allocation Failure)
[2.538s][info][gc,heap        ] GC(16) DefNew: 146928K(157248K)->7437K(157248K) Eden: 139776K(139776K)->0K(139776K) From: 7152K(17472K)->7437K(17472K)
[2.538s][info][gc,heap        ] GC(16) Tenured: 3477K(349568K)->3543K(349568K)
[2.538s][info][gc,metaspace   ] GC(16) Metaspace: 8406K(8576K)->8406K(8576K) NonClass: 7280K(7360K)->7280K(7360K) Class: 1125K(1216K)->1125K(1216K)
[2.538s][info][gc             ] GC(16) Pause Young (Allocation Failure) 146M->10M(494M) 16.972ms
[2.538s][info][gc,cpu         ] GC(16) User=0.00s Sys=0.02s Real=0.02s
[2.607s][info][gc,start       ] GC(17) Pause Young (Allocation Failure)
[2.625s][info][gc,heap        ] GC(17) DefNew: 147213K(157248K)->7933K(157248K) Eden: 139776K(139776K)->0K(139776K) From: 7437K(17472K)->7933K(17472K)
[2.625s][info][gc,heap        ] GC(17) Tenured: 3543K(349568K)->3543K(349568K)
[2.625s][info][gc,metaspace   ] GC(17) Metaspace: 8406K(8576K)->8406K(8576K) NonClass: 7280K(7360K)->7280K(7360K) Class: 1125K(1216K)->1125K(1216K)
[2.625s][info][gc             ] GC(17) Pause Young (Allocation Failure) 147M->11M(494M) 18.264ms
[2.625s][info][gc,cpu         ] GC(17) User=0.02s Sys=0.00s Real=0.02s
[2.694s][info][gc,start       ] GC(18) Pause Young (Allocation Failure)
[2.713s][info][gc,heap        ] GC(18) DefNew: 147709K(157248K)->8374K(157248K) Eden: 139776K(139776K)->0K(139776K) From: 7933K(17472K)->8374K(17472K)
[2.713s][info][gc,heap        ] GC(18) Tenured: 3543K(349568K)->3543K(349568K)
[2.713s][info][gc,metaspace   ] GC(18) Metaspace: 8406K(8576K)->8406K(8576K) NonClass: 7280K(7360K)->7280K(7360K) Class: 1125K(1216K)->1125K(1216K)
[2.713s][info][gc             ] GC(18) Pause Young (Allocation Failure) 147M->11M(494M) 18.774ms
[2.713s][info][gc,cpu         ] GC(18) User=0.02s Sys=0.00s Real=0.02s
[2.794s][info][gc,start       ] GC(19) Pause Young (Allocation Failure)
[2.817s][info][gc,heap        ] GC(19) DefNew: 148150K(157248K)->8995K(157248K) Eden: 139776K(139776K)->0K(139776K) From: 8374K(17472K)->8995K(17472K)
[2.817s][info][gc,heap        ] GC(19) Tenured: 3543K(349568K)->3543K(349568K)
[2.817s][info][gc,metaspace   ] GC(19) Metaspace: 8406K(8576K)->8406K(8576K) NonClass: 7280K(7360K)->7280K(7360K) Class: 1125K(1216K)->1125K(1216K)
[2.817s][info][gc             ] GC(19) Pause Young (Allocation Failure) 148M->12M(494M) 22.832ms
[2.817s][info][gc,cpu         ] GC(19) User=0.02s Sys=0.00s Real=0.02s
[2.904s][info][gc,start       ] GC(20) Pause Young (Allocation Failure)
[2.925s][info][gc,heap        ] GC(20) DefNew: 148771K(157248K)->5092K(157248K) Eden: 139776K(139776K)->0K(139776K) From: 8995K(17472K)->5092K(17472K)
[2.925s][info][gc,heap        ] GC(20) Tenured: 3543K(349568K)->7874K(349568K)
[2.925s][info][gc,metaspace   ] GC(20) Metaspace: 8406K(8576K)->8406K(8576K) NonClass: 7280K(7360K)->7280K(7360K) Class: 1125K(1216K)->1125K(1216K)
[2.925s][info][gc             ] GC(20) Pause Young (Allocation Failure) 148M->12M(494M) 21.450ms
[2.925s][info][gc,cpu         ] GC(20) User=0.02s Sys=0.00s Real=0.02s
[3.004s][info][gc,start       ] GC(21) Pause Young (Allocation Failure)
[3.017s][info][gc,heap        ] GC(21) DefNew: 144868K(157248K)->5552K(157248K) Eden: 139776K(139776K)->0K(139776K) From: 5092K(17472K)->5552K(17472K)
[3.017s][info][gc,heap        ] GC(21) Tenured: 7874K(349568K)->7874K(349568K)
[3.017s][info][gc,metaspace   ] GC(21) Metaspace: 8406K(8576K)->8406K(8576K) NonClass: 7280K(7360K)->7280K(7360K) Class: 1125K(1216K)->1125K(1216K)
[3.017s][info][gc             ] GC(21) Pause Young (Allocation Failure) 149M->13M(494M) 12.877ms
[3.017s][info][gc,cpu         ] GC(21) User=0.02s Sys=0.00s Real=0.02s
[3.088s][info][gc,start       ] GC(22) Pause Young (Allocation Failure)
[3.104s][info][gc,heap        ] GC(22) DefNew: 145328K(157248K)->6078K(157248K) Eden: 139776K(139776K)->0K(139776K) From: 5552K(17472K)->6078K(17472K)
[3.104s][info][gc,heap        ] GC(22) Tenured: 7874K(349568K)->7874K(349568K)
[3.104s][info][gc,metaspace   ] GC(22) Metaspace: 8406K(8576K)->8406K(8576K) NonClass: 7280K(7360K)->7280K(7360K) Class: 1125K(1216K)->1125K(1216K)
[3.104s][info][gc             ] GC(22) Pause Young (Allocation Failure) 149M->13M(494M) 15.708ms
[3.104s][info][gc,cpu         ] GC(22) User=0.02s Sys=0.00s Real=0.02s
[3.172s][info][gc,start       ] GC(23) Pause Young (Allocation Failure)
[3.187s][info][gc,heap        ] GC(23) DefNew: 145854K(157248K)->6510K(157248K) Eden: 139776K(139776K)->0K(139776K) From: 6078K(17472K)->6510K(17472K)
[3.187s][info][gc,heap        ] GC(23) Tenured: 7874K(349568K)->7874K(349568K)
[3.187s][info][gc,metaspace   ] GC(23) Metaspace: 8406K(8576K)->8406K(8576K) NonClass: 7280K(7360K)->7280K(7360K) Class: 1125K(1216K)->1125K(1216K)
[3.187s][info][gc             ] GC(23) Pause Young (Allocation Failure) 150M->14M(494M) 15.158ms
[3.187s][info][gc,cpu         ] GC(23) User=0.02s Sys=0.00s Real=0.02s
[3.254s][info][gc,start       ] GC(24) Pause Young (Allocation Failure)
[3.269s][info][gc,heap        ] GC(24) DefNew: 146286K(157248K)->6982K(157248K) Eden: 139776K(139776K)->0K(139776K) From: 6510K(17472K)->6982K(17472K)
[3.269s][info][gc,heap        ] GC(24) Tenured: 7874K(349568K)->7874K(349568K)
[3.269s][info][gc,metaspace   ] GC(24) Metaspace: 8406K(8576K)->8406K(8576K) NonClass: 7280K(7360K)->7280K(7360K) Class: 1125K(1216K)->1125K(1216K)
[3.269s][info][gc             ] GC(24) Pause Young (Allocation Failure) 150M->14M(494M) 15.672ms
[3.269s][info][gc,cpu         ] GC(24) User=0.02s Sys=0.00s Real=0.02s
[3.341s][info][gc,start       ] GC(25) Pause Young (Allocation Failure)
[3.358s][info][gc,heap        ] GC(25) DefNew: 146758K(157248K)->7385K(157248K) Eden: 139776K(139776K)->0K(139776K) From: 6982K(17472K)->7385K(17472K)
[3.359s][info][gc,heap        ] GC(25) Tenured: 7874K(349568K)->7874K(349568K)
[3.359s][info][gc,metaspace   ] GC(25) Metaspace: 8406K(8576K)->8406K(8576K) NonClass: 7280K(7360K)->7280K(7360K) Class: 1125K(1216K)->1125K(1216K)
[3.359s][info][gc             ] GC(25) Pause Young (Allocation Failure) 151M->14M(494M) 18.023ms
[3.359s][info][gc,cpu         ] GC(25) User=0.02s Sys=0.00s Real=0.02s
[3.428s][info][gc,start       ] GC(26) Pause Young (Allocation Failure)
[3.445s][info][gc,heap        ] GC(26) DefNew: 147161K(157248K)->7804K(157248K) Eden: 139776K(139776K)->0K(139776K) From: 7385K(17472K)->7804K(17472K)
[3.445s][info][gc,heap        ] GC(26) Tenured: 7874K(349568K)->7874K(349568K)
[3.445s][info][gc,metaspace   ] GC(26) Metaspace: 8406K(8576K)->8406K(8576K) NonClass: 7280K(7360K)->7280K(7360K) Class: 1125K(1216K)->1125K(1216K)
[3.445s][info][gc             ] GC(26) Pause Young (Allocation Failure) 151M->15M(494M) 16.997ms
[3.445s][info][gc,cpu         ] GC(26) User=0.02s Sys=0.00s Real=0.02s
[3.513s][info][gc,start       ] GC(27) Pause Young (Allocation Failure)
[3.531s][info][gc,heap        ] GC(27) DefNew: 147580K(157248K)->8282K(157248K) Eden: 139776K(139776K)->0K(139776K) From: 7804K(17472K)->8282K(17472K)
[3.531s][info][gc,heap        ] GC(27) Tenured: 7874K(349568K)->7874K(349568K)
[3.531s][info][gc,metaspace   ] GC(27) Metaspace: 8406K(8576K)->8406K(8576K) NonClass: 7280K(7360K)->7280K(7360K) Class: 1125K(1216K)->1125K(1216K)
[3.531s][info][gc             ] GC(27) Pause Young (Allocation Failure) 151M->15M(494M) 17.980ms
[3.531s][info][gc,cpu         ] GC(27) User=0.02s Sys=0.00s Real=0.02s
[3.643s][info][gc,start       ] GC(28) Pause Young (Allocation Failure)
[3.693s][info][gc,heap        ] GC(28) DefNew: 148058K(157248K)->17458K(157248K) Eden: 139776K(139776K)->0K(139776K) From: 8282K(17472K)->17458K(17472K)
[3.693s][info][gc,heap        ] GC(28) Tenured: 7874K(349568K)->7874K(349568K)
[3.693s][info][gc,metaspace   ] GC(28) Metaspace: 8408K(8576K)->8408K(8576K) NonClass: 7282K(7360K)->7282K(7360K) Class: 1125K(1216K)->1125K(1216K)
[3.693s][info][gc             ] GC(28) Pause Young (Allocation Failure) 152M->24M(494M) 49.273ms
[3.693s][info][gc,cpu         ] GC(28) User=0.06s Sys=0.00s Real=0.06s
[3.768s][info][gc,start       ] GC(29) Pause Young (Allocation Failure)
[3.802s][info][gc,heap        ] GC(29) DefNew: 157234K(157248K)->774K(157248K) Eden: 139776K(139776K)->0K(139776K) From: 17458K(17472K)->774K(17472K)
[3.802s][info][gc,heap        ] GC(29) Tenured: 7874K(349568K)->25032K(349568K)
[3.802s][info][gc,metaspace   ] GC(29) Metaspace: 8408K(8576K)->8408K(8576K) NonClass: 7282K(7360K)->7282K(7360K) Class: 1125K(1216K)->1125K(1216K)
[3.802s][info][gc             ] GC(29) Pause Young (Allocation Failure) 161M->25M(494M) 34.605ms
[3.802s][info][gc,cpu         ] GC(29) User=0.03s Sys=0.02s Real=0.05s
[3.881s][info][gc,start       ] GC(30) Pause Young (Allocation Failure)
[3.885s][info][gc,heap        ] GC(30) DefNew: 140550K(157248K)->1207K(157248K) Eden: 139776K(139776K)->0K(139776K) From: 774K(17472K)->1207K(17472K)
[3.885s][info][gc,heap        ] GC(30) Tenured: 25032K(349568K)->25032K(349568K)
[3.885s][info][gc,metaspace   ] GC(30) Metaspace: 8408K(8576K)->8408K(8576K) NonClass: 7282K(7360K)->7282K(7360K) Class: 1125K(1216K)->1125K(1216K)
[3.885s][info][gc             ] GC(30) Pause Young (Allocation Failure) 161M->25M(494M) 4.144ms
[3.885s][info][gc,cpu         ] GC(30) User=0.00s Sys=0.00s Real=0.00s
[3.953s][info][gc,start       ] GC(31) Pause Young (Allocation Failure)
[3.959s][info][gc,heap        ] GC(31) DefNew: 140983K(157248K)->1737K(157248K) Eden: 139776K(139776K)->0K(139776K) From: 1207K(17472K)->1737K(17472K)
[3.959s][info][gc,heap        ] GC(31) Tenured: 25032K(349568K)->25032K(349568K)
[3.959s][info][gc,metaspace   ] GC(31) Metaspace: 8408K(8576K)->8408K(8576K) NonClass: 7282K(7360K)->7282K(7360K) Class: 1125K(1216K)->1125K(1216K)
[3.959s][info][gc             ] GC(31) Pause Young (Allocation Failure) 162M->26M(494M) 5.896ms
[3.959s][info][gc,cpu         ] GC(31) User=0.02s Sys=0.00s Real=0.02s
[4.024s][info][gc,start       ] GC(32) Pause Young (Allocation Failure)
[4.029s][info][gc,heap        ] GC(32) DefNew: 141513K(157248K)->2174K(157248K) Eden: 139776K(139776K)->0K(139776K) From: 1737K(17472K)->2174K(17472K)
[4.030s][info][gc,heap        ] GC(32) Tenured: 25032K(349568K)->25032K(349568K)
[4.030s][info][gc,metaspace   ] GC(32) Metaspace: 8408K(8576K)->8408K(8576K) NonClass: 7282K(7360K)->7282K(7360K) Class: 1125K(1216K)->1125K(1216K)
[4.030s][info][gc             ] GC(32) Pause Young (Allocation Failure) 162M->26M(494M) 6.061ms
[4.030s][info][gc,cpu         ] GC(32) User=0.00s Sys=0.00s Real=0.00s
[4.094s][info][gc,start       ] GC(33) Pause Young (Allocation Failure)
[4.102s][info][gc,heap        ] GC(33) DefNew: 141950K(157248K)->2635K(157248K) Eden: 139776K(139776K)->0K(139776K) From: 2174K(17472K)->2635K(17472K)
[4.102s][info][gc,heap        ] GC(33) Tenured: 25032K(349568K)->25032K(349568K)
[4.102s][info][gc,metaspace   ] GC(33) Metaspace: 8408K(8576K)->8408K(8576K) NonClass: 7282K(7360K)->7282K(7360K) Class: 1125K(1216K)->1125K(1216K)
[4.102s][info][gc             ] GC(33) Pause Young (Allocation Failure) 163M->27M(494M) 7.476ms
[4.102s][info][gc,cpu         ] GC(33) User=0.02s Sys=0.00s Real=0.02s
[4.172s][info][gc,start       ] GC(34) Pause Young (Allocation Failure)
[4.181s][info][gc,heap        ] GC(34) DefNew: 142411K(157248K)->3049K(157248K) Eden: 139776K(139776K)->0K(139776K) From: 2635K(17472K)->3049K(17472K)
[4.181s][info][gc,heap        ] GC(34) Tenured: 25032K(349568K)->25032K(349568K)
[4.181s][info][gc,metaspace   ] GC(34) Metaspace: 8408K(8576K)->8408K(8576K) NonClass: 7282K(7360K)->7282K(7360K) Class: 1125K(1216K)->1125K(1216K)
[4.181s][info][gc             ] GC(34) Pause Young (Allocation Failure) 163M->27M(494M) 9.476ms
[4.181s][info][gc,cpu         ] GC(34) User=0.02s Sys=0.00s Real=0.02s
[4.250s][info][gc,start       ] GC(35) Pause Young (Allocation Failure)
[4.259s][info][gc,heap        ] GC(35) DefNew: 142825K(157248K)->3481K(157248K) Eden: 139776K(139776K)->0K(139776K) From: 3049K(17472K)->3481K(17472K)
[4.259s][info][gc,heap        ] GC(35) Tenured: 25032K(349568K)->25032K(349568K)
[4.259s][info][gc,metaspace   ] GC(35) Metaspace: 8408K(8576K)->8408K(8576K) NonClass: 7282K(7360K)->7282K(7360K) Class: 1125K(1216K)->1125K(1216K)
[4.259s][info][gc             ] GC(35) Pause Young (Allocation Failure) 163M->27M(494M) 9.297ms
[4.259s][info][gc,cpu         ] GC(35) User=0.00s Sys=0.00s Real=0.00s
[4.328s][info][gc,start       ] GC(36) Pause Young (Allocation Failure)
[4.338s][info][gc,heap        ] GC(36) DefNew: 143257K(157248K)->3948K(157248K) Eden: 139776K(139776K)->0K(139776K) From: 3481K(17472K)->3948K(17472K)
[4.338s][info][gc,heap        ] GC(36) Tenured: 25032K(349568K)->25032K(349568K)
[4.339s][info][gc,metaspace   ] GC(36) Metaspace: 8408K(8576K)->8408K(8576K) NonClass: 7282K(7360K)->7282K(7360K) Class: 1125K(1216K)->1125K(1216K)
[4.339s][info][gc             ] GC(36) Pause Young (Allocation Failure) 164M->28M(494M) 10.613ms
[4.339s][info][gc,cpu         ] GC(36) User=0.02s Sys=0.00s Real=0.02s
[4.416s][info][gc,start       ] GC(37) Pause Young (Allocation Failure)
[4.441s][info][gc,heap        ] GC(37) DefNew: 143724K(157248K)->8706K(157248K) Eden: 139776K(139776K)->0K(139776K) From: 3948K(17472K)->8706K(17472K)
[4.441s][info][gc,heap        ] GC(37) Tenured: 25032K(349568K)->25032K(349568K)
[4.441s][info][gc,metaspace   ] GC(37) Metaspace: 8408K(8576K)->8408K(8576K) NonClass: 7282K(7360K)->7282K(7360K) Class: 1125K(1216K)->1125K(1216K)
[4.441s][info][gc             ] GC(37) Pause Young (Allocation Failure) 164M->32M(494M) 24.512ms
[4.441s][info][gc,cpu         ] GC(37) User=0.02s Sys=0.00s Real=0.02s
[4.512s][info][gc,start       ] GC(38) Pause Young (Allocation Failure)
[4.531s][info][gc,heap        ] GC(38) DefNew: 148482K(157248K)->9158K(157248K) Eden: 139776K(139776K)->0K(139776K) From: 8706K(17472K)->9158K(17472K)
[4.531s][info][gc,heap        ] GC(38) Tenured: 25032K(349568K)->25032K(349568K)
[4.531s][info][gc,metaspace   ] GC(38) Metaspace: 8408K(8576K)->8408K(8576K) NonClass: 7282K(7360K)->7282K(7360K) Class: 1125K(1216K)->1125K(1216K)
[4.531s][info][gc             ] GC(38) Pause Young (Allocation Failure) 169M->33M(494M) 18.455ms
[4.531s][info][gc,cpu         ] GC(38) User=0.02s Sys=0.00s Real=0.02s
[4.599s][info][gc,start       ] GC(39) Pause Young (Allocation Failure)
[4.620s][info][gc,heap        ] GC(39) DefNew: 148934K(157248K)->8125K(157248K) Eden: 139776K(139776K)->0K(139776K) From: 9158K(17472K)->8125K(17472K)
[4.620s][info][gc,heap        ] GC(39) Tenured: 25032K(349568K)->26528K(349568K)
[4.620s][info][gc,metaspace   ] GC(39) Metaspace: 8408K(8576K)->8408K(8576K) NonClass: 7282K(7360K)->7282K(7360K) Class: 1125K(1216K)->1125K(1216K)
[4.620s][info][gc             ] GC(39) Pause Young (Allocation Failure) 169M->33M(494M) 20.912ms
[4.620s][info][gc,cpu         ] GC(39) User=0.03s Sys=0.00s Real=0.03s
[4.696s][info][gc,start       ] GC(40) Pause Young (Allocation Failure)
[4.717s][info][gc,heap        ] GC(40) DefNew: 147901K(157248K)->8636K(157248K) Eden: 139776K(139776K)->0K(139776K) From: 8125K(17472K)->8636K(17472K)
[4.717s][info][gc,heap        ] GC(40) Tenured: 26528K(349568K)->26528K(349568K)
[4.717s][info][gc,metaspace   ] GC(40) Metaspace: 8408K(8576K)->8408K(8576K) NonClass: 7282K(7360K)->7282K(7360K) Class: 1125K(1216K)->1125K(1216K)
[4.717s][info][gc             ] GC(40) Pause Young (Allocation Failure) 170M->34M(494M) 21.232ms
[4.717s][info][gc,cpu         ] GC(40) User=0.03s Sys=0.00s Real=0.03s
[4.789s][info][gc,start       ] GC(41) Pause Young (Allocation Failure)
[4.809s][info][gc,heap        ] GC(41) DefNew: 148412K(157248K)->9093K(157248K) Eden: 139776K(139776K)->0K(139776K) From: 8636K(17472K)->9093K(17472K)
[4.809s][info][gc,heap        ] GC(41) Tenured: 26528K(349568K)->26528K(349568K)
[4.809s][info][gc,metaspace   ] GC(41) Metaspace: 8408K(8576K)->8408K(8576K) NonClass: 7282K(7360K)->7282K(7360K) Class: 1125K(1216K)->1125K(1216K)
[4.809s][info][gc             ] GC(41) Pause Young (Allocation Failure) 170M->34M(494M) 19.761ms
[4.809s][info][gc,cpu         ] GC(41) User=0.03s Sys=0.00s Real=0.03s
[4.897s][info][gc,start       ] GC(42) Pause Young (Allocation Failure)
[4.919s][info][gc,heap        ] GC(42) DefNew: 148869K(157248K)->8326K(157248K) Eden: 139776K(139776K)->0K(139776K) From: 9093K(17472K)->8326K(17472K)
[4.919s][info][gc,heap        ] GC(42) Tenured: 26528K(349568K)->27732K(349568K)
[4.919s][info][gc,metaspace   ] GC(42) Metaspace: 8408K(8576K)->8408K(8576K) NonClass: 7282K(7360K)->7282K(7360K) Class: 1125K(1216K)->1125K(1216K)
[4.919s][info][gc             ] GC(42) Pause Young (Allocation Failure) 171M->35M(494M) 22.586ms
[4.919s][info][gc,cpu         ] GC(42) User=0.02s Sys=0.00s Real=0.02s
[5.003s][info][gc,start       ] GC(43) Pause Young (Allocation Failure)
[5.023s][info][gc,heap        ] GC(43) DefNew: 148102K(157248K)->8739K(157248K) Eden: 139776K(139776K)->0K(139776K) From: 8326K(17472K)->8739K(17472K)
[5.023s][info][gc,heap        ] GC(43) Tenured: 27732K(349568K)->27732K(349568K)
[5.023s][info][gc,metaspace   ] GC(43) Metaspace: 8408K(8576K)->8408K(8576K) NonClass: 7282K(7360K)->7282K(7360K) Class: 1125K(1216K)->1125K(1216K)
[5.023s][info][gc             ] GC(43) Pause Young (Allocation Failure) 171M->35M(494M) 19.764ms
[5.023s][info][gc,cpu         ] GC(43) User=0.02s Sys=0.00s Real=0.02s
[5.091s][info][gc,start       ] GC(44) Pause Young (Allocation Failure)
[5.115s][info][gc,heap        ] GC(44) DefNew: 148515K(157248K)->3446K(157248K) Eden: 139776K(139776K)->0K(139776K) From: 8739K(17472K)->3446K(17472K)
[5.115s][info][gc,heap        ] GC(44) Tenured: 27732K(349568K)->33462K(349568K)
[5.115s][info][gc,metaspace   ] GC(44) Metaspace: 8408K(8576K)->8408K(8576K) NonClass: 7282K(7360K)->7282K(7360K) Class: 1125K(1216K)->1125K(1216K)
[5.115s][info][gc             ] GC(44) Pause Young (Allocation Failure) 172M->36M(494M) 24.103ms
[5.115s][info][gc,cpu         ] GC(44) User=0.03s Sys=0.00s Real=0.03s
[5.186s][info][gc,start       ] GC(45) Pause Young (Allocation Failure)
[5.197s][info][gc,heap        ] GC(45) DefNew: 143222K(157248K)->3923K(157248K) Eden: 139776K(139776K)->0K(139776K) From: 3446K(17472K)->3923K(17472K)
[5.197s][info][gc,heap        ] GC(45) Tenured: 33462K(349568K)->33462K(349568K)
[5.197s][info][gc,metaspace   ] GC(45) Metaspace: 8408K(8576K)->8408K(8576K) NonClass: 7282K(7360K)->7282K(7360K) Class: 1125K(1216K)->1125K(1216K)
[5.197s][info][gc             ] GC(45) Pause Young (Allocation Failure) 172M->36M(494M) 10.362ms
[5.197s][info][gc,cpu         ] GC(45) User=0.02s Sys=0.00s Real=0.01s
[5.397s][info][gc,start       ] GC(46) Pause Young (Allocation Failure)
[5.568s][info][gc,heap        ] GC(46) DefNew: 143699K(157248K)->17472K(157248K) Eden: 139776K(139776K)->0K(139776K) From: 3923K(17472K)->17472K(17472K)
[5.568s][info][gc,heap        ] GC(46) Tenured: 33462K(349568K)->73160K(349568K)
[5.568s][info][gc,metaspace   ] GC(46) Metaspace: 8408K(8576K)->8408K(8576K) NonClass: 7282K(7360K)->7282K(7360K) Class: 1125K(1216K)->1125K(1216K)
[5.568s][info][gc             ] GC(46) Pause Young (Allocation Failure) 173M->88M(494M) 170.953ms
[5.568s][info][gc,cpu         ] GC(46) User=0.17s Sys=0.00s Real=0.16s
[5.898s][info][gc,start       ] GC(47) Pause Full (System.gc())
[5.898s][info][gc,phases,start] GC(47) Phase 1: Mark live objects
[5.910s][info][gc,phases      ] GC(47) Phase 1: Mark live objects 12.112ms
[5.910s][info][gc,phases,start] GC(47) Phase 2: Compute new object addresses
[5.945s][info][gc,phases      ] GC(47) Phase 2: Compute new object addresses 34.590ms
[5.945s][info][gc,phases,start] GC(47) Phase 3: Adjust pointers
[5.948s][info][gc,phases      ] GC(47) Phase 3: Adjust pointers 2.975ms
[5.948s][info][gc,phases,start] GC(47) Phase 4: Move objects
[5.948s][info][gc,phases      ] GC(47) Phase 4: Move objects 0.024ms
[5.948s][info][gc,heap        ] GC(47) DefNew: 69201K(157248K)->0K(157248K) Eden: 51729K(139776K)->0K(139776K) From: 17472K(17472K)->0K(17472K)
[5.948s][info][gc,heap        ] GC(47) Tenured: 73160K(349568K)->3567K(349568K)
[5.948s][info][gc,metaspace   ] GC(47) Metaspace: 8594K(8832K)->8594K(8832K) NonClass: 7442K(7552K)->7442K(7552K) Class: 1151K(1280K)->1151K(1280K)
[5.948s][info][gc             ] GC(47) Pause Full (System.gc()) 139M->3M(494M) 50.120ms
[5.948s][info][gc,cpu         ] GC(47) User=0.06s Sys=0.00s Real=0.06s
[6.038s][info][gc,start       ] GC(48) Pause Young (Allocation Failure)
[6.041s][info][gc,heap        ] GC(48) DefNew: 139776K(157248K)->531K(157248K) Eden: 139776K(139776K)->0K(139776K) From: 0K(17472K)->531K(17472K)
[6.041s][info][gc,heap        ] GC(48) Tenured: 3567K(349568K)->3567K(349568K)
[6.041s][info][gc,metaspace   ] GC(48) Metaspace: 8594K(8832K)->8594K(8832K) NonClass: 7442K(7552K)->7442K(7552K) Class: 1151K(1280K)->1151K(1280K)
[6.041s][info][gc             ] GC(48) Pause Young (Allocation Failure) 139M->4M(494M) 2.464ms
[6.041s][info][gc,cpu         ] GC(48) User=0.00s Sys=0.00s Real=0.00s
[6.119s][info][gc,start       ] GC(49) Pause Young (Allocation Failure)
[6.123s][info][gc,heap        ] GC(49) DefNew: 140307K(157248K)->970K(157248K) Eden: 139776K(139776K)->0K(139776K) From: 531K(17472K)->970K(17472K)
[6.123s][info][gc,heap        ] GC(49) Tenured: 3567K(349568K)->3567K(349568K)
[6.123s][info][gc,metaspace   ] GC(49) Metaspace: 8594K(8832K)->8594K(8832K) NonClass: 7442K(7552K)->7442K(7552K) Class: 1151K(1280K)->1151K(1280K)
[6.123s][info][gc             ] GC(49) Pause Young (Allocation Failure) 140M->4M(494M) 3.611ms
[6.123s][info][gc,cpu         ] GC(49) User=0.00s Sys=0.00s Real=0.00s
[6.187s][info][gc,start       ] GC(50) Pause Young (Allocation Failure)
[6.191s][info][gc,heap        ] GC(50) DefNew: 140746K(157248K)->1425K(157248K) Eden: 139776K(139776K)->0K(139776K) From: 970K(17472K)->1425K(17472K)
[6.192s][info][gc,heap        ] GC(50) Tenured: 3567K(349568K)->3567K(349568K)
[6.192s][info][gc,metaspace   ] GC(50) Metaspace: 8594K(8832K)->8594K(8832K) NonClass: 7442K(7552K)->7442K(7552K) Class: 1151K(1280K)->1151K(1280K)
[6.192s][info][gc             ] GC(50) Pause Young (Allocation Failure) 140M->4M(494M) 4.769ms
[6.192s][info][gc,cpu         ] GC(50) User=0.00s Sys=0.00s Real=0.00s
[6.260s][info][gc,start       ] GC(51) Pause Young (Allocation Failure)
[6.267s][info][gc,heap        ] GC(51) DefNew: 141201K(157248K)->1939K(157248K) Eden: 139776K(139776K)->0K(139776K) From: 1425K(17472K)->1939K(17472K)
[6.267s][info][gc,heap        ] GC(51) Tenured: 3567K(349568K)->3567K(349568K)
[6.267s][info][gc,metaspace   ] GC(51) Metaspace: 8594K(8832K)->8594K(8832K) NonClass: 7442K(7552K)->7442K(7552K) Class: 1151K(1280K)->1151K(1280K)
[6.267s][info][gc             ] GC(51) Pause Young (Allocation Failure) 141M->5M(494M) 6.665ms
[6.267s][info][gc,cpu         ] GC(51) User=0.02s Sys=0.00s Real=0.01s
[6.333s][info][gc,start       ] GC(52) Pause Young (Allocation Failure)
[6.339s][info][gc,heap        ] GC(52) DefNew: 141715K(157248K)->2378K(157248K) Eden: 139776K(139776K)->0K(139776K) From: 1939K(17472K)->2378K(17472K)
[6.339s][info][gc,heap        ] GC(52) Tenured: 3567K(349568K)->3567K(349568K)
[6.339s][info][gc,metaspace   ] GC(52) Metaspace: 8594K(8832K)->8594K(8832K) NonClass: 7442K(7552K)->7442K(7552K) Class: 1151K(1280K)->1151K(1280K)
[6.339s][info][gc             ] GC(52) Pause Young (Allocation Failure) 141M->5M(494M) 6.748ms
[6.339s][info][gc,cpu         ] GC(52) User=0.00s Sys=0.00s Real=0.00s
[6.405s][info][gc,start       ] GC(53) Pause Young (Allocation Failure)
[6.413s][info][gc,heap        ] GC(53) DefNew: 142154K(157248K)->2843K(157248K) Eden: 139776K(139776K)->0K(139776K) From: 2378K(17472K)->2843K(17472K)
[6.413s][info][gc,heap        ] GC(53) Tenured: 3567K(349568K)->3567K(349568K)
[6.413s][info][gc,metaspace   ] GC(53) Metaspace: 8594K(8832K)->8594K(8832K) NonClass: 7442K(7552K)->7442K(7552K) Class: 1151K(1280K)->1151K(1280K)
[6.413s][info][gc             ] GC(53) Pause Young (Allocation Failure) 142M->6M(494M) 7.753ms
[6.413s][info][gc,cpu         ] GC(53) User=0.00s Sys=0.00s Real=0.00s
[6.484s][info][gc,start       ] GC(54) Pause Young (Allocation Failure)
[6.494s][info][gc,heap        ] GC(54) DefNew: 142619K(157248K)->3237K(157248K) Eden: 139776K(139776K)->0K(139776K) From: 2843K(17472K)->3237K(17472K)
[6.494s][info][gc,heap        ] GC(54) Tenured: 3567K(349568K)->3567K(349568K)
[6.494s][info][gc,metaspace   ] GC(54) Metaspace: 8594K(8832K)->8594K(8832K) NonClass: 7442K(7552K)->7442K(7552K) Class: 1151K(1280K)->1151K(1280K)
[6.494s][info][gc             ] GC(54) Pause Young (Allocation Failure) 142M->6M(494M) 9.547ms
[6.494s][info][gc,cpu         ] GC(54) User=0.00s Sys=0.00s Real=0.00s
[6.561s][info][gc,start       ] GC(55) Pause Young (Allocation Failure)
[6.570s][info][gc,heap        ] GC(55) DefNew: 143013K(157248K)->3673K(157248K) Eden: 139776K(139776K)->0K(139776K) From: 3237K(17472K)->3673K(17472K)
[6.570s][info][gc,heap        ] GC(55) Tenured: 3567K(349568K)->3567K(349568K)
[6.570s][info][gc,metaspace   ] GC(55) Metaspace: 8594K(8832K)->8594K(8832K) NonClass: 7442K(7552K)->7442K(7552K) Class: 1151K(1280K)->1151K(1280K)
[6.570s][info][gc             ] GC(55) Pause Young (Allocation Failure) 143M->7M(494M) 9.655ms
[6.570s][info][gc,cpu         ] GC(55) User=0.02s Sys=0.00s Real=0.02s
[6.653s][info][gc,start       ] GC(56) Pause Young (Allocation Failure)
[6.665s][info][gc,heap        ] GC(56) DefNew: 143449K(157248K)->5010K(157248K) Eden: 139776K(139776K)->0K(139776K) From: 3673K(17472K)->5010K(17472K)
[6.665s][info][gc,heap        ] GC(56) Tenured: 3567K(349568K)->3567K(349568K)
[6.665s][info][gc,metaspace   ] GC(56) Metaspace: 8594K(8832K)->8594K(8832K) NonClass: 7442K(7552K)->7442K(7552K) Class: 1151K(1280K)->1151K(1280K)
[6.665s][info][gc             ] GC(56) Pause Young (Allocation Failure) 143M->8M(494M) 12.528ms
[6.665s][info][gc,cpu         ] GC(56) User=0.02s Sys=0.00s Real=0.02s
[6.756s][info][gc,start       ] GC(57) Pause Young (Allocation Failure)
[6.773s][info][gc,heap        ] GC(57) DefNew: 144786K(157248K)->4824K(157248K) Eden: 139776K(139776K)->0K(139776K) From: 5010K(17472K)->4824K(17472K)
[6.773s][info][gc,heap        ] GC(57) Tenured: 3567K(349568K)->3567K(349568K)
[6.773s][info][gc,metaspace   ] GC(57) Metaspace: 8594K(8832K)->8594K(8832K) NonClass: 7442K(7552K)->7442K(7552K) Class: 1151K(1280K)->1151K(1280K)
[6.773s][info][gc             ] GC(57) Pause Young (Allocation Failure) 144M->8M(494M) 16.962ms
[6.773s][info][gc,cpu         ] GC(57) User=0.02s Sys=0.00s Real=0.02s
[6.842s][info][gc,start       ] GC(58) Pause Young (Allocation Failure)
[6.855s][info][gc,heap        ] GC(58) DefNew: 144600K(157248K)->5255K(157248K) Eden: 139776K(139776K)->0K(139776K) From: 4824K(17472K)->5255K(17472K)
[6.855s][info][gc,heap        ] GC(58) Tenured: 3567K(349568K)->3567K(349568K)
[6.855s][info][gc,metaspace   ] GC(58) Metaspace: 8594K(8832K)->8594K(8832K) NonClass: 7442K(7552K)->7442K(7552K) Class: 1151K(1280K)->1151K(1280K)
[6.855s][info][gc             ] GC(58) Pause Young (Allocation Failure) 144M->8M(494M) 12.274ms
[6.855s][info][gc,cpu         ] GC(58) User=0.02s Sys=0.00s Real=0.01s
[6.921s][info][gc,start       ] GC(59) Pause Young (Allocation Failure)
[6.935s][info][gc,heap        ] GC(59) DefNew: 145031K(157248K)->5733K(157248K) Eden: 139776K(139776K)->0K(139776K) From: 5255K(17472K)->5733K(17472K)
[6.935s][info][gc,heap        ] GC(59) Tenured: 3567K(349568K)->3567K(349568K)
[6.935s][info][gc,metaspace   ] GC(59) Metaspace: 8594K(8832K)->8594K(8832K) NonClass: 7442K(7552K)->7442K(7552K) Class: 1151K(1280K)->1151K(1280K)
[6.935s][info][gc             ] GC(59) Pause Young (Allocation Failure) 145M->9M(494M) 13.970ms
[6.935s][info][gc,cpu         ] GC(59) User=0.02s Sys=0.00s Real=0.02s
[7.007s][info][gc,start       ] GC(60) Pause Young (Allocation Failure)
[7.023s][info][gc,heap        ] GC(60) DefNew: 145509K(157248K)->6230K(157248K) Eden: 139776K(139776K)->0K(139776K) From: 5733K(17472K)->6230K(17472K)
[7.023s][info][gc,heap        ] GC(60) Tenured: 3567K(349568K)->3567K(349568K)
[7.023s][info][gc,metaspace   ] GC(60) Metaspace: 8594K(8832K)->8594K(8832K) NonClass: 7442K(7552K)->7442K(7552K) Class: 1151K(1280K)->1151K(1280K)
[7.023s][info][gc             ] GC(60) Pause Young (Allocation Failure) 145M->9M(494M) 15.835ms
[7.023s][info][gc,cpu         ] GC(60) User=0.02s Sys=0.00s Real=0.02s
[7.093s][info][gc,start       ] GC(61) Pause Young (Allocation Failure)
[7.108s][info][gc,heap        ] GC(61) DefNew: 146006K(157248K)->6679K(157248K) Eden: 139776K(139776K)->0K(139776K) From: 6230K(17472K)->6679K(17472K)
[7.108s][info][gc,heap        ] GC(61) Tenured: 3567K(349568K)->3567K(349568K)
[7.108s][info][gc,metaspace   ] GC(61) Metaspace: 8594K(8832K)->8594K(8832K) NonClass: 7442K(7552K)->7442K(7552K) Class: 1151K(1280K)->1151K(1280K)
[7.108s][info][gc             ] GC(61) Pause Young (Allocation Failure) 146M->10M(494M) 14.622ms
[7.108s][info][gc,cpu         ] GC(61) User=0.02s Sys=0.00s Real=0.02s
[7.176s][info][gc,start       ] GC(62) Pause Young (Allocation Failure)
[7.191s][info][gc,heap        ] GC(62) DefNew: 146455K(157248K)->7150K(157248K) Eden: 139776K(139776K)->0K(139776K) From: 6679K(17472K)->7150K(17472K)
[7.191s][info][gc,heap        ] GC(62) Tenured: 3567K(349568K)->3567K(349568K)
[7.191s][info][gc,metaspace   ] GC(62) Metaspace: 8594K(8832K)->8594K(8832K) NonClass: 7442K(7552K)->7442K(7552K) Class: 1151K(1280K)->1151K(1280K)
[7.191s][info][gc             ] GC(62) Pause Young (Allocation Failure) 146M->10M(494M) 15.242ms
[7.191s][info][gc,cpu         ] GC(62) User=0.02s Sys=0.00s Real=0.02s
[7.267s][info][gc,start       ] GC(63) Pause Young (Allocation Failure)
[7.283s][info][gc,heap        ] GC(63) DefNew: 146926K(157248K)->7489K(157248K) Eden: 139776K(139776K)->0K(139776K) From: 7150K(17472K)->7489K(17472K)
[7.283s][info][gc,heap        ] GC(63) Tenured: 3567K(349568K)->3572K(349568K)
[7.283s][info][gc,metaspace   ] GC(63) Metaspace: 8594K(8832K)->8594K(8832K) NonClass: 7442K(7552K)->7442K(7552K) Class: 1151K(1280K)->1151K(1280K)
[7.283s][info][gc             ] GC(63) Pause Young (Allocation Failure) 146M->10M(494M) 16.700ms
[7.283s][info][gc,cpu         ] GC(63) User=0.02s Sys=0.00s Real=0.02s
[7.354s][info][gc,start       ] GC(64) Pause Young (Allocation Failure)
[7.371s][info][gc,heap        ] GC(64) DefNew: 147265K(157248K)->7986K(157248K) Eden: 139776K(139776K)->0K(139776K) From: 7489K(17472K)->7986K(17472K)
[7.371s][info][gc,heap        ] GC(64) Tenured: 3572K(349568K)->3572K(349568K)
[7.371s][info][gc,metaspace   ] GC(64) Metaspace: 8594K(8832K)->8594K(8832K) NonClass: 7442K(7552K)->7442K(7552K) Class: 1151K(1280K)->1151K(1280K)
[7.371s][info][gc             ] GC(64) Pause Young (Allocation Failure) 147M->11M(494M) 17.159ms
[7.371s][info][gc,cpu         ] GC(64) User=0.02s Sys=0.00s Real=0.02s
[7.441s][info][gc,start       ] GC(65) Pause Young (Allocation Failure)
[7.460s][info][gc,heap        ] GC(65) DefNew: 147762K(157248K)->8442K(157248K) Eden: 139776K(139776K)->0K(139776K) From: 7986K(17472K)->8442K(17472K)
[7.460s][info][gc,heap        ] GC(65) Tenured: 3572K(349568K)->3572K(349568K)
[7.460s][info][gc,metaspace   ] GC(65) Metaspace: 8594K(8832K)->8594K(8832K) NonClass: 7442K(7552K)->7442K(7552K) Class: 1151K(1280K)->1151K(1280K)
[7.460s][info][gc             ] GC(65) Pause Young (Allocation Failure) 147M->11M(494M) 18.346ms
[7.460s][info][gc,cpu         ] GC(65) User=0.02s Sys=0.00s Real=0.02s
[7.541s][info][gc,start       ] GC(66) Pause Young (Allocation Failure)
[7.564s][info][gc,heap        ] GC(66) DefNew: 148218K(157248K)->9058K(157248K) Eden: 139776K(139776K)->0K(139776K) From: 8442K(17472K)->9058K(17472K)
[7.564s][info][gc,heap        ] GC(66) Tenured: 3572K(349568K)->3572K(349568K)
[7.564s][info][gc,metaspace   ] GC(66) Metaspace: 8594K(8832K)->8594K(8832K) NonClass: 7442K(7552K)->7442K(7552K) Class: 1151K(1280K)->1151K(1280K)
[7.564s][info][gc             ] GC(66) Pause Young (Allocation Failure) 148M->12M(494M) 23.206ms
[7.565s][info][gc,cpu         ] GC(66) User=0.03s Sys=0.00s Real=0.03s
[7.637s][info][gc,start       ] GC(67) Pause Young (Allocation Failure)
[7.656s][info][gc,heap        ] GC(67) DefNew: 148834K(157248K)->5171K(157248K) Eden: 139776K(139776K)->0K(139776K) From: 9058K(17472K)->5171K(17472K)
[7.656s][info][gc,heap        ] GC(67) Tenured: 3572K(349568K)->7903K(349568K)
[7.656s][info][gc,metaspace   ] GC(67) Metaspace: 8594K(8832K)->8594K(8832K) NonClass: 7442K(7552K)->7442K(7552K) Class: 1151K(1280K)->1151K(1280K)
[7.656s][info][gc             ] GC(67) Pause Young (Allocation Failure) 148M->12M(494M) 18.980ms
[7.656s][info][gc,cpu         ] GC(67) User=0.03s Sys=0.00s Real=0.03s
[7.726s][info][gc,start       ] GC(68) Pause Young (Allocation Failure)
[7.739s][info][gc,heap        ] GC(68) DefNew: 144947K(157248K)->5625K(157248K) Eden: 139776K(139776K)->0K(139776K) From: 5171K(17472K)->5625K(17472K)
[7.739s][info][gc,heap        ] GC(68) Tenured: 7903K(349568K)->7903K(349568K)
[7.739s][info][gc,metaspace   ] GC(68) Metaspace: 8594K(8832K)->8594K(8832K) NonClass: 7442K(7552K)->7442K(7552K) Class: 1151K(1280K)->1151K(1280K)
[7.739s][info][gc             ] GC(68) Pause Young (Allocation Failure) 149M->13M(494M) 13.508ms
[7.739s][info][gc,cpu         ] GC(68) User=0.02s Sys=0.00s Real=0.02s
[7.810s][info][gc,start       ] GC(69) Pause Young (Allocation Failure)
[7.825s][info][gc,heap        ] GC(69) DefNew: 145401K(157248K)->6139K(157248K) Eden: 139776K(139776K)->0K(139776K) From: 5625K(17472K)->6139K(17472K)
[7.825s][info][gc,heap        ] GC(69) Tenured: 7903K(349568K)->7903K(349568K)
[7.825s][info][gc,metaspace   ] GC(69) Metaspace: 8594K(8832K)->8594K(8832K) NonClass: 7442K(7552K)->7442K(7552K) Class: 1151K(1280K)->1151K(1280K)
[7.825s][info][gc             ] GC(69) Pause Young (Allocation Failure) 149M->13M(494M) 15.018ms
[7.825s][info][gc,cpu         ] GC(69) User=0.02s Sys=0.00s Real=0.02s
[7.896s][info][gc,start       ] GC(70) Pause Young (Allocation Failure)
[7.911s][info][gc,heap        ] GC(70) DefNew: 145915K(157248K)->6565K(157248K) Eden: 139776K(139776K)->0K(139776K) From: 6139K(17472K)->6565K(17472K)
[7.911s][info][gc,heap        ] GC(70) Tenured: 7903K(349568K)->7903K(349568K)
[7.911s][info][gc,metaspace   ] GC(70) Metaspace: 8594K(8832K)->8594K(8832K) NonClass: 7442K(7552K)->7442K(7552K) Class: 1151K(1280K)->1151K(1280K)
[7.911s][info][gc             ] GC(70) Pause Young (Allocation Failure) 150M->14M(494M) 15.062ms
[7.911s][info][gc,cpu         ] GC(70) User=0.02s Sys=0.00s Real=0.01s
[7.977s][info][gc,start       ] GC(71) Pause Young (Allocation Failure)
[7.992s][info][gc,heap        ] GC(71) DefNew: 146341K(157248K)->7048K(157248K) Eden: 139776K(139776K)->0K(139776K) From: 6565K(17472K)->7048K(17472K)
[7.992s][info][gc,heap        ] GC(71) Tenured: 7903K(349568K)->7903K(349568K)
[7.992s][info][gc,metaspace   ] GC(71) Metaspace: 8594K(8832K)->8594K(8832K) NonClass: 7442K(7552K)->7442K(7552K) Class: 1151K(1280K)->1151K(1280K)
[7.992s][info][gc             ] GC(71) Pause Young (Allocation Failure) 150M->14M(494M) 15.211ms
[7.992s][info][gc,cpu         ] GC(71) User=0.02s Sys=0.00s Real=0.02s
[8.065s][info][gc,start       ] GC(72) Pause Young (Allocation Failure)
[8.083s][info][gc,heap        ] GC(72) DefNew: 146824K(157248K)->7445K(157248K) Eden: 139776K(139776K)->0K(139776K) From: 7048K(17472K)->7445K(17472K)
[8.083s][info][gc,heap        ] GC(72) Tenured: 7903K(349568K)->7903K(349568K)
[8.083s][info][gc,metaspace   ] GC(72) Metaspace: 8594K(8832K)->8594K(8832K) NonClass: 7442K(7552K)->7442K(7552K) Class: 1151K(1280K)->1151K(1280K)
[8.083s][info][gc             ] GC(72) Pause Young (Allocation Failure) 151M->14M(494M) 18.233ms
[8.083s][info][gc,cpu         ] GC(72) User=0.03s Sys=0.00s Real=0.03s
[8.153s][info][gc,start       ] GC(73) Pause Young (Allocation Failure)
[8.171s][info][gc,heap        ] GC(73) DefNew: 147221K(157248K)->7871K(157248K) Eden: 139776K(139776K)->0K(139776K) From: 7445K(17472K)->7871K(17472K)
[8.171s][info][gc,heap        ] GC(73) Tenured: 7903K(349568K)->7903K(349568K)
[8.171s][info][gc,metaspace   ] GC(73) Metaspace: 8594K(8832K)->8594K(8832K) NonClass: 7442K(7552K)->7442K(7552K) Class: 1151K(1280K)->1151K(1280K)
[8.172s][info][gc             ] GC(73) Pause Young (Allocation Failure) 151M->15M(494M) 18.547ms
[8.172s][info][gc,cpu         ] GC(73) User=0.02s Sys=0.00s Real=0.01s
[8.242s][info][gc,start       ] GC(74) Pause Young (Allocation Failure)
[8.260s][info][gc,heap        ] GC(74) DefNew: 147647K(157248K)->8341K(157248K) Eden: 139776K(139776K)->0K(139776K) From: 7871K(17472K)->8341K(17472K)
[8.260s][info][gc,heap        ] GC(74) Tenured: 7903K(349568K)->7903K(349568K)
[8.260s][info][gc,metaspace   ] GC(74) Metaspace: 8594K(8832K)->8594K(8832K) NonClass: 7442K(7552K)->7442K(7552K) Class: 1151K(1280K)->1151K(1280K)
[8.260s][info][gc             ] GC(74) Pause Young (Allocation Failure) 151M->15M(494M) 18.528ms
[8.260s][info][gc,cpu         ] GC(74) User=0.02s Sys=0.00s Real=0.02s
[8.362s][info][gc,start       ] GC(75) Pause Young (Allocation Failure)
[8.408s][info][gc,heap        ] GC(75) DefNew: 148117K(157248K)->17471K(157248K) Eden: 139776K(139776K)->0K(139776K) From: 8341K(17472K)->17471K(17472K)
[8.408s][info][gc,heap        ] GC(75) Tenured: 7903K(349568K)->7951K(349568K)
[8.408s][info][gc,metaspace   ] GC(75) Metaspace: 8594K(8832K)->8594K(8832K) NonClass: 7442K(7552K)->7442K(7552K) Class: 1151K(1280K)->1151K(1280K)
[8.408s][info][gc             ] GC(75) Pause Young (Allocation Failure) 152M->24M(494M) 45.446ms
[8.408s][info][gc,cpu         ] GC(75) User=0.05s Sys=0.00s Real=0.05s
[8.476s][info][gc,start       ] GC(76) Pause Young (Allocation Failure)
[8.509s][info][gc,heap        ] GC(76) DefNew: 157247K(157248K)->492K(157248K) Eden: 139776K(139776K)->0K(139776K) From: 17471K(17472K)->492K(17472K)
[8.509s][info][gc,heap        ] GC(76) Tenured: 7951K(349568K)->25386K(349568K)
[8.509s][info][gc,metaspace   ] GC(76) Metaspace: 8594K(8832K)->8594K(8832K) NonClass: 7442K(7552K)->7442K(7552K) Class: 1151K(1280K)->1151K(1280K)
[8.509s][info][gc             ] GC(76) Pause Young (Allocation Failure) 161M->25M(494M) 32.272ms
[8.509s][info][gc,cpu         ] GC(76) User=0.03s Sys=0.00s Real=0.03s
[8.586s][info][gc,start       ] GC(77) Pause Young (Allocation Failure)
[8.589s][info][gc,heap        ] GC(77) DefNew: 140268K(157248K)->947K(157248K) Eden: 139776K(139776K)->0K(139776K) From: 492K(17472K)->947K(17472K)
[8.589s][info][gc,heap        ] GC(77) Tenured: 25386K(349568K)->25386K(349568K)
[8.589s][info][gc,metaspace   ] GC(77) Metaspace: 8594K(8832K)->8594K(8832K) NonClass: 7442K(7552K)->7442K(7552K) Class: 1151K(1280K)->1151K(1280K)
[8.590s][info][gc             ] GC(77) Pause Young (Allocation Failure) 161M->25M(494M) 3.593ms
[8.590s][info][gc,cpu         ] GC(77) User=0.02s Sys=0.00s Real=0.02s
[8.659s][info][gc,start       ] GC(78) Pause Young (Allocation Failure)
[8.675s][info][gc,heap        ] GC(78) DefNew: 140723K(157248K)->5203K(157248K) Eden: 139776K(139776K)->0K(139776K) From: 947K(17472K)->5203K(17472K)
[8.675s][info][gc,heap        ] GC(78) Tenured: 25386K(349568K)->25386K(349568K)
[8.675s][info][gc,metaspace   ] GC(78) Metaspace: 8594K(8832K)->8594K(8832K) NonClass: 7442K(7552K)->7442K(7552K) Class: 1151K(1280K)->1151K(1280K)
[8.675s][info][gc             ] GC(78) Pause Young (Allocation Failure) 162M->29M(494M) 16.154ms
[8.675s][info][gc,cpu         ] GC(78) User=0.02s Sys=0.00s Real=0.01s
[8.742s][info][gc,start       ] GC(79) Pause Young (Allocation Failure)
[8.755s][info][gc,heap        ] GC(79) DefNew: 144979K(157248K)->5624K(157248K) Eden: 139776K(139776K)->0K(139776K) From: 5203K(17472K)->5624K(17472K)
[8.755s][info][gc,heap        ] GC(79) Tenured: 25386K(349568K)->25386K(349568K)
[8.755s][info][gc,metaspace   ] GC(79) Metaspace: 8594K(8832K)->8594K(8832K) NonClass: 7442K(7552K)->7442K(7552K) Class: 1151K(1280K)->1151K(1280K)
[8.755s][info][gc             ] GC(79) Pause Young (Allocation Failure) 166M->30M(494M) 13.175ms
[8.755s][info][gc,cpu         ] GC(79) User=0.02s Sys=0.00s Real=0.01s
[8.821s][info][gc,start       ] GC(80) Pause Young (Allocation Failure)
[8.836s][info][gc,heap        ] GC(80) DefNew: 145400K(157248K)->6111K(157248K) Eden: 139776K(139776K)->0K(139776K) From: 5624K(17472K)->6111K(17472K)
[8.836s][info][gc,heap        ] GC(80) Tenured: 25386K(349568K)->25386K(349568K)
[8.836s][info][gc,metaspace   ] GC(80) Metaspace: 8594K(8832K)->8594K(8832K) NonClass: 7442K(7552K)->7442K(7552K) Class: 1151K(1280K)->1151K(1280K)
[8.836s][info][gc             ] GC(80) Pause Young (Allocation Failure) 166M->30M(494M) 14.621ms
[8.836s][info][gc,cpu         ] GC(80) User=0.02s Sys=0.00s Real=0.02s
[8.923s][info][gc,start       ] GC(81) Pause Young (Allocation Failure)
[8.938s][info][gc,heap        ] GC(81) DefNew: 145887K(157248K)->6508K(157248K) Eden: 139776K(139776K)->0K(139776K) From: 6111K(17472K)->6508K(17472K)
[8.938s][info][gc,heap        ] GC(81) Tenured: 25386K(349568K)->25386K(349568K)
[8.938s][info][gc,metaspace   ] GC(81) Metaspace: 8594K(8832K)->8594K(8832K) NonClass: 7442K(7552K)->7442K(7552K) Class: 1151K(1280K)->1151K(1280K)
[8.938s][info][gc             ] GC(81) Pause Young (Allocation Failure) 167M->31M(494M) 15.508ms
[8.939s][info][gc,cpu         ] GC(81) User=0.02s Sys=0.00s Real=0.02s
[9.018s][info][gc,start       ] GC(82) Pause Young (Allocation Failure)
[9.035s][info][gc,heap        ] GC(82) DefNew: 146284K(157248K)->6936K(157248K) Eden: 139776K(139776K)->0K(139776K) From: 6508K(17472K)->6936K(17472K)
[9.035s][info][gc,heap        ] GC(82) Tenured: 25386K(349568K)->25386K(349568K)
[9.035s][info][gc,metaspace   ] GC(82) Metaspace: 8594K(8832K)->8594K(8832K) NonClass: 7442K(7552K)->7442K(7552K) Class: 1151K(1280K)->1151K(1280K)
[9.036s][info][gc             ] GC(82) Pause Young (Allocation Failure) 167M->31M(494M) 17.390ms
[9.036s][info][gc,cpu         ] GC(82) User=0.02s Sys=0.00s Real=0.02s
[9.106s][info][gc,start       ] GC(83) Pause Young (Allocation Failure)
[9.122s][info][gc,heap        ] GC(83) DefNew: 146712K(157248K)->7408K(157248K) Eden: 139776K(139776K)->0K(139776K) From: 6936K(17472K)->7408K(17472K)
[9.122s][info][gc,heap        ] GC(83) Tenured: 25386K(349568K)->25386K(349568K)
[9.122s][info][gc,metaspace   ] GC(83) Metaspace: 8594K(8832K)->8594K(8832K) NonClass: 7442K(7552K)->7442K(7552K) Class: 1151K(1280K)->1151K(1280K)
[9.122s][info][gc             ] GC(83) Pause Young (Allocation Failure) 168M->32M(494M) 16.212ms
[9.122s][info][gc,cpu         ] GC(83) User=0.02s Sys=0.00s Real=0.02s
[9.206s][info][gc,start       ] GC(84) Pause Young (Allocation Failure)
[9.233s][info][gc,heap        ] GC(84) DefNew: 147184K(157248K)->12155K(157248K) Eden: 139776K(139776K)->0K(139776K) From: 7408K(17472K)->12155K(17472K)
[9.233s][info][gc,heap        ] GC(84) Tenured: 25386K(349568K)->25386K(349568K)
[9.233s][info][gc,metaspace   ] GC(84) Metaspace: 8594K(8832K)->8594K(8832K) NonClass: 7442K(7552K)->7442K(7552K) Class: 1151K(1280K)->1151K(1280K)
[9.233s][info][gc             ] GC(84) Pause Young (Allocation Failure) 168M->36M(494M) 27.518ms
[9.233s][info][gc,cpu         ] GC(84) User=0.02s Sys=0.00s Real=0.02s
[9.308s][info][gc,start       ] GC(85) Pause Young (Allocation Failure)
[9.334s][info][gc,heap        ] GC(85) DefNew: 151931K(157248K)->7736K(157248K) Eden: 139776K(139776K)->0K(139776K) From: 12155K(17472K)->7736K(17472K)
[9.334s][info][gc,heap        ] GC(85) Tenured: 25386K(349568K)->30284K(349568K)
[9.334s][info][gc,metaspace   ] GC(85) Metaspace: 8594K(8832K)->8594K(8832K) NonClass: 7442K(7552K)->7442K(7552K) Class: 1151K(1280K)->1151K(1280K)
[9.334s][info][gc             ] GC(85) Pause Young (Allocation Failure) 173M->37M(494M) 25.986ms
[9.334s][info][gc,cpu         ] GC(85) User=0.03s Sys=0.00s Real=0.03s
[9.409s][info][gc,start       ] GC(86) Pause Young (Allocation Failure)
[9.428s][info][gc,heap        ] GC(86) DefNew: 147512K(157248K)->8167K(157248K) Eden: 139776K(139776K)->0K(139776K) From: 7736K(17472K)->8167K(17472K)
[9.428s][info][gc,heap        ] GC(86) Tenured: 30284K(349568K)->30284K(349568K)
[9.428s][info][gc,metaspace   ] GC(86) Metaspace: 8594K(8832K)->8594K(8832K) NonClass: 7442K(7552K)->7442K(7552K) Class: 1151K(1280K)->1151K(1280K)
[9.428s][info][gc             ] GC(86) Pause Young (Allocation Failure) 173M->37M(494M) 19.413ms
[9.428s][info][gc,cpu         ] GC(86) User=0.02s Sys=0.00s Real=0.02s
[9.506s][info][gc,start       ] GC(87) Pause Young (Allocation Failure)
[9.525s][info][gc,heap        ] GC(87) DefNew: 147943K(157248K)->8698K(157248K) Eden: 139776K(139776K)->0K(139776K) From: 8167K(17472K)->8698K(17472K)
[9.525s][info][gc,heap        ] GC(87) Tenured: 30284K(349568K)->30284K(349568K)
[9.525s][info][gc,metaspace   ] GC(87) Metaspace: 8594K(8832K)->8594K(8832K) NonClass: 7442K(7552K)->7442K(7552K) Class: 1151K(1280K)->1151K(1280K)
[9.525s][info][gc             ] GC(87) Pause Young (Allocation Failure) 174M->38M(494M) 19.038ms
[9.525s][info][gc,cpu         ] GC(87) User=0.02s Sys=0.00s Real=0.02s
[9.595s][info][gc,start       ] GC(88) Pause Young (Allocation Failure)
[9.614s][info][gc,heap        ] GC(88) DefNew: 148474K(157248K)->9142K(157248K) Eden: 139776K(139776K)->0K(139776K) From: 8698K(17472K)->9142K(17472K)
[9.614s][info][gc,heap        ] GC(88) Tenured: 30284K(349568K)->30284K(349568K)
[9.614s][info][gc,metaspace   ] GC(88) Metaspace: 8594K(8832K)->8594K(8832K) NonClass: 7442K(7552K)->7442K(7552K) Class: 1151K(1280K)->1151K(1280K)
[9.614s][info][gc             ] GC(88) Pause Young (Allocation Failure) 174M->38M(494M) 19.398ms
[9.614s][info][gc,cpu         ] GC(88) User=0.05s Sys=0.00s Real=0.04s
[9.685s][info][gc,start       ] GC(89) Pause Young (Allocation Failure)
[9.706s][info][gc,heap        ] GC(89) DefNew: 148918K(157248K)->8403K(157248K) Eden: 139776K(139776K)->0K(139776K) From: 9142K(17472K)->8403K(17472K)
[9.706s][info][gc,heap        ] GC(89) Tenured: 30284K(349568K)->31488K(349568K)
[9.706s][info][gc,metaspace   ] GC(89) Metaspace: 8594K(8832K)->8594K(8832K) NonClass: 7442K(7552K)->7442K(7552K) Class: 1151K(1280K)->1151K(1280K)
[9.706s][info][gc             ] GC(89) Pause Young (Allocation Failure) 175M->38M(494M) 20.972ms
[9.706s][info][gc,cpu         ] GC(89) User=0.02s Sys=0.00s Real=0.01s
[9.781s][info][gc,start       ] GC(90) Pause Young (Allocation Failure)
[9.802s][info][gc,heap        ] GC(90) DefNew: 148179K(157248K)->8797K(157248K) Eden: 139776K(139776K)->0K(139776K) From: 8403K(17472K)->8797K(17472K)
[9.802s][info][gc,heap        ] GC(90) Tenured: 31488K(349568K)->31488K(349568K)
[9.802s][info][gc,metaspace   ] GC(90) Metaspace: 8594K(8832K)->8594K(8832K) NonClass: 7442K(7552K)->7442K(7552K) Class: 1151K(1280K)->1151K(1280K)
[9.802s][info][gc             ] GC(90) Pause Young (Allocation Failure) 175M->39M(494M) 21.205ms
[9.802s][info][gc,cpu         ] GC(90) User=0.02s Sys=0.00s Real=0.02s
[9.886s][info][gc,start       ] GC(91) Pause Young (Allocation Failure)
[9.911s][info][gc,heap        ] GC(91) DefNew: 148573K(157248K)->3504K(157248K) Eden: 139776K(139776K)->0K(139776K) From: 8797K(17472K)->3504K(17472K)
[9.911s][info][gc,heap        ] GC(91) Tenured: 31488K(349568K)->37218K(349568K)
[9.911s][info][gc,metaspace   ] GC(91) Metaspace: 8594K(8832K)->8594K(8832K) NonClass: 7442K(7552K)->7442K(7552K) Class: 1151K(1280K)->1151K(1280K)
[9.911s][info][gc             ] GC(91) Pause Young (Allocation Failure) 175M->39M(494M) 24.787ms
[9.911s][info][gc,cpu         ] GC(91) User=0.02s Sys=0.00s Real=0.02s
[9.992s][info][gc,start       ] GC(92) Pause Young (Allocation Failure)
[10.002s][info][gc,heap        ] GC(92) DefNew: 143280K(157248K)->3976K(157248K) Eden: 139776K(139776K)->0K(139776K) From: 3504K(17472K)->3976K(17472K)
[10.002s][info][gc,heap        ] GC(92) Tenured: 37218K(349568K)->37218K(349568K)
[10.002s][info][gc,metaspace   ] GC(92) Metaspace: 8594K(8832K)->8594K(8832K) NonClass: 7442K(7552K)->7442K(7552K) Class: 1151K(1280K)->1151K(1280K)
[10.002s][info][gc             ] GC(92) Pause Young (Allocation Failure) 176M->40M(494M) 10.250ms
[10.002s][info][gc,cpu         ] GC(92) User=0.02s Sys=0.00s Real=0.02s
[10.394s][info][gc,start       ] GC(93) Pause Young (Allocation Failure)
[10.541s][info][gc,heap        ] GC(93) DefNew: 143752K(157248K)->17471K(157248K) Eden: 139776K(139776K)->0K(139776K) From: 3976K(17472K)->17471K(17472K)
[10.541s][info][gc,heap        ] GC(93) Tenured: 37218K(349568K)->73425K(349568K)
[10.541s][info][gc,metaspace   ] GC(93) Metaspace: 8594K(8832K)->8594K(8832K) NonClass: 7442K(7552K)->7442K(7552K) Class: 1151K(1280K)->1151K(1280K)
[10.541s][info][gc             ] GC(93) Pause Young (Allocation Failure) 176M->88M(494M) 146.916ms
[10.541s][info][gc,cpu         ] GC(93) User=0.14s Sys=0.00s Real=0.14s
[10.591s][info][gc,start       ] GC(94) Pause Full (System.gc())
[10.591s][info][gc,phases,start] GC(94) Phase 1: Mark live objects
[10.603s][info][gc,phases      ] GC(94) Phase 1: Mark live objects 12.206ms
[10.603s][info][gc,phases,start] GC(94) Phase 2: Compute new object addresses
[10.634s][info][gc,phases      ] GC(94) Phase 2: Compute new object addresses 30.518ms
[10.634s][info][gc,phases,start] GC(94) Phase 3: Adjust pointers
[10.637s][info][gc,phases      ] GC(94) Phase 3: Adjust pointers 2.716ms
[10.637s][info][gc,phases,start] GC(94) Phase 4: Move objects
[10.637s][info][gc,phases      ] GC(94) Phase 4: Move objects 0.011ms
[10.637s][info][gc,heap        ] GC(94) DefNew: 45417K(157248K)->0K(157248K) Eden: 27945K(139776K)->0K(139776K) From: 17471K(17472K)->0K(17472K)
[10.637s][info][gc,heap        ] GC(94) Tenured: 73425K(349568K)->3568K(349568K)
[10.637s][info][gc,metaspace   ] GC(94) Metaspace: 8594K(8832K)->8594K(8832K) NonClass: 7442K(7552K)->7442K(7552K) Class: 1151K(1280K)->1151K(1280K)
[10.637s][info][gc             ] GC(94) Pause Full (System.gc()) 116M->3M(494M) 45.828ms
[10.637s][info][gc,cpu         ] GC(94) User=0.05s Sys=0.00s Real=0.05s
[10.717s][info][gc,start       ] GC(95) Pause Young (Allocation Failure)
[10.720s][info][gc,heap        ] GC(95) DefNew: 139776K(157248K)->518K(157248K) Eden: 139776K(139776K)->0K(139776K) From: 0K(17472K)->518K(17472K)
[10.720s][info][gc,heap        ] GC(95) Tenured: 3568K(349568K)->3568K(349568K)
[10.720s][info][gc,metaspace   ] GC(95) Metaspace: 8594K(8832K)->8594K(8832K) NonClass: 7442K(7552K)->7442K(7552K) Class: 1151K(1280K)->1151K(1280K)
[10.720s][info][gc             ] GC(95) Pause Young (Allocation Failure) 139M->3M(494M) 2.286ms
[10.720s][info][gc,cpu         ] GC(95) User=0.02s Sys=0.00s Real=0.02s
[10.783s][info][gc,start       ] GC(96) Pause Young (Allocation Failure)
[10.786s][info][gc,heap        ] GC(96) DefNew: 140294K(157248K)->962K(157248K) Eden: 139776K(139776K)->0K(139776K) From: 518K(17472K)->962K(17472K)
[10.786s][info][gc,heap        ] GC(96) Tenured: 3568K(349568K)->3568K(349568K)
[10.786s][info][gc,metaspace   ] GC(96) Metaspace: 8594K(8832K)->8594K(8832K) NonClass: 7442K(7552K)->7442K(7552K) Class: 1151K(1280K)->1151K(1280K)
[10.786s][info][gc             ] GC(96) Pause Young (Allocation Failure) 140M->4M(494M) 3.366ms
[10.786s][info][gc,cpu         ] GC(96) User=0.00s Sys=0.00s Real=0.00s
[10.850s][info][gc,start       ] GC(97) Pause Young (Allocation Failure)
[10.855s][info][gc,heap        ] GC(97) DefNew: 140738K(157248K)->1442K(157248K) Eden: 139776K(139776K)->0K(139776K) From: 962K(17472K)->1442K(17472K)
[10.855s][info][gc,heap        ] GC(97) Tenured: 3568K(349568K)->3568K(349568K)
[10.855s][info][gc,metaspace   ] GC(97) Metaspace: 8594K(8832K)->8594K(8832K) NonClass: 7442K(7552K)->7442K(7552K) Class: 1151K(1280K)->1151K(1280K)
[10.855s][info][gc             ] GC(97) Pause Young (Allocation Failure) 140M->4M(494M) 4.890ms
[10.855s][info][gc,cpu         ] GC(97) User=0.00s Sys=0.00s Real=0.00s
[10.924s][info][gc,start       ] GC(98) Pause Young (Allocation Failure)
[10.930s][info][gc,heap        ] GC(98) DefNew: 141218K(157248K)->1942K(157248K) Eden: 139776K(139776K)->0K(139776K) From: 1442K(17472K)->1942K(17472K)
[10.930s][info][gc,heap        ] GC(98) Tenured: 3568K(349568K)->3568K(349568K)
[10.930s][info][gc,metaspace   ] GC(98) Metaspace: 8594K(8832K)->8594K(8832K) NonClass: 7442K(7552K)->7442K(7552K) Class: 1151K(1280K)->1151K(1280K)
[10.930s][info][gc             ] GC(98) Pause Young (Allocation Failure) 141M->5M(494M) 6.717ms
[10.930s][info][gc,cpu         ] GC(98) User=0.02s Sys=0.00s Real=0.02s
[10.996s][info][gc,start       ] GC(99) Pause Young (Allocation Failure)
[11.003s][info][gc,heap        ] GC(99) DefNew: 141718K(157248K)->2391K(157248K) Eden: 139776K(139776K)->0K(139776K) From: 1942K(17472K)->2391K(17472K)
[11.003s][info][gc,heap        ] GC(99) Tenured: 3568K(349568K)->3568K(349568K)
[11.003s][info][gc,metaspace   ] GC(99) Metaspace: 8594K(8832K)->8594K(8832K) NonClass: 7442K(7552K)->7442K(7552K) Class: 1151K(1280K)->1151K(1280K)
[11.003s][info][gc             ] GC(99) Pause Young (Allocation Failure) 141M->5M(494M) 6.783ms
[11.003s][info][gc,cpu         ] GC(99) User=0.00s Sys=0.00s Real=0.00s
[11.068s][info][gc,start       ] GC(100) Pause Young (Allocation Failure)
[11.076s][info][gc,heap        ] GC(100) DefNew: 142167K(157248K)->2848K(157248K) Eden: 139776K(139776K)->0K(139776K) From: 2391K(17472K)->2848K(17472K)
[11.076s][info][gc,heap        ] GC(100) Tenured: 3568K(349568K)->3568K(349568K)
[11.076s][info][gc,metaspace   ] GC(100) Metaspace: 8594K(8832K)->8594K(8832K) NonClass: 7442K(7552K)->7442K(7552K) Class: 1151K(1280K)->1151K(1280K)
[11.076s][info][gc             ] GC(100) Pause Young (Allocation Failure) 142M->6M(494M) 7.734ms
[11.076s][info][gc,cpu         ] GC(100) User=0.02s Sys=0.00s Real=0.02s
[11.148s][info][gc,start       ] GC(101) Pause Young (Allocation Failure)
[11.157s][info][gc,heap        ] GC(101) DefNew: 142624K(157248K)->3238K(157248K) Eden: 139776K(139776K)->0K(139776K) From: 2848K(17472K)->3238K(17472K)
[11.157s][info][gc,heap        ] GC(101) Tenured: 3568K(349568K)->3568K(349568K)
[11.157s][info][gc,metaspace   ] GC(101) Metaspace: 8594K(8832K)->8594K(8832K) NonClass: 7442K(7552K)->7442K(7552K) Class: 1151K(1280K)->1151K(1280K)
[11.158s][info][gc             ] GC(101) Pause Young (Allocation Failure) 142M->6M(494M) 9.883ms
[11.158s][info][gc,cpu         ] GC(101) User=0.00s Sys=0.00s Real=0.00s
[11.224s][info][gc,start       ] GC(102) Pause Young (Allocation Failure)
[11.234s][info][gc,heap        ] GC(102) DefNew: 143014K(157248K)->3676K(157248K) Eden: 139776K(139776K)->0K(139776K) From: 3238K(17472K)->3676K(17472K)
[11.234s][info][gc,heap        ] GC(102) Tenured: 3568K(349568K)->3568K(349568K)
[11.234s][info][gc,metaspace   ] GC(102) Metaspace: 8594K(8832K)->8594K(8832K) NonClass: 7442K(7552K)->7442K(7552K) Class: 1151K(1280K)->1151K(1280K)
[11.234s][info][gc             ] GC(102) Pause Young (Allocation Failure) 143M->7M(494M) 9.594ms
[11.234s][info][gc,cpu         ] GC(102) User=0.02s Sys=0.00s Real=0.01s
[11.303s][info][gc,start       ] GC(103) Pause Young (Allocation Failure)
[11.314s][info][gc,heap        ] GC(103) DefNew: 143452K(157248K)->4276K(157248K) Eden: 139776K(139776K)->0K(139776K) From: 3676K(17472K)->4276K(17472K)
[11.314s][info][gc,heap        ] GC(103) Tenured: 3568K(349568K)->3568K(349568K)
[11.314s][info][gc,metaspace   ] GC(103) Metaspace: 8594K(8832K)->8594K(8832K) NonClass: 7442K(7552K)->7442K(7552K) Class: 1151K(1280K)->1151K(1280K)
[11.314s][info][gc             ] GC(103) Pause Young (Allocation Failure) 143M->7M(494M) 11.514ms
[11.314s][info][gc,cpu         ] GC(103) User=0.02s Sys=0.00s Real=0.02s
[11.390s][info][gc,start       ] GC(104) Pause Young (Allocation Failure)
[11.407s][info][gc,heap        ] GC(104) DefNew: 144052K(157248K)->4837K(157248K) Eden: 139776K(139776K)->0K(139776K) From: 4276K(17472K)->4837K(17472K)
[11.407s][info][gc,heap        ] GC(104) Tenured: 3568K(349568K)->3568K(349568K)
[11.407s][info][gc,metaspace   ] GC(104) Metaspace: 8594K(8832K)->8594K(8832K) NonClass: 7442K(7552K)->7442K(7552K) Class: 1151K(1280K)->1151K(1280K)
[11.407s][info][gc             ] GC(104) Pause Young (Allocation Failure) 144M->8M(494M) 16.716ms
[11.407s][info][gc,cpu         ] GC(104) User=0.02s Sys=0.00s Real=0.01s
[11.476s][info][gc,start       ] GC(105) Pause Young (Allocation Failure)
[11.488s][info][gc,heap        ] GC(105) DefNew: 144613K(157248K)->5259K(157248K) Eden: 139776K(139776K)->0K(139776K) From: 4837K(17472K)->5259K(17472K)
[11.488s][info][gc,heap        ] GC(105) Tenured: 3568K(349568K)->3568K(349568K)
[11.488s][info][gc,metaspace   ] GC(105) Metaspace: 8594K(8832K)->8594K(8832K) NonClass: 7442K(7552K)->7442K(7552K) Class: 1151K(1280K)->1151K(1280K)
[11.488s][info][gc             ] GC(105) Pause Young (Allocation Failure) 144M->8M(494M) 11.801ms
[11.488s][info][gc,cpu         ] GC(105) User=0.02s Sys=0.00s Real=0.01s
[11.555s][info][gc,start       ] GC(106) Pause Young (Allocation Failure)
[11.568s][info][gc,heap        ] GC(106) DefNew: 145035K(157248K)->5708K(157248K) Eden: 139776K(139776K)->0K(139776K) From: 5259K(17472K)->5708K(17472K)
[11.568s][info][gc,heap        ] GC(106) Tenured: 3568K(349568K)->3568K(349568K)
[11.568s][info][gc,metaspace   ] GC(106) Metaspace: 8594K(8832K)->8594K(8832K) NonClass: 7442K(7552K)->7442K(7552K) Class: 1151K(1280K)->1151K(1280K)
[11.569s][info][gc             ] GC(106) Pause Young (Allocation Failure) 145M->9M(494M) 13.084ms
[11.569s][info][gc,cpu         ] GC(106) User=0.02s Sys=0.00s Real=0.02s
[11.640s][info][gc,start       ] GC(107) Pause Young (Allocation Failure)
[11.656s][info][gc,heap        ] GC(107) DefNew: 145484K(157248K)->6237K(157248K) Eden: 139776K(139776K)->0K(139776K) From: 5708K(17472K)->6237K(17472K)
[11.656s][info][gc,heap        ] GC(107) Tenured: 3568K(349568K)->3568K(349568K)
[11.656s][info][gc,metaspace   ] GC(107) Metaspace: 8594K(8832K)->8594K(8832K) NonClass: 7442K(7552K)->7442K(7552K) Class: 1151K(1280K)->1151K(1280K)
[11.656s][info][gc             ] GC(107) Pause Young (Allocation Failure) 145M->9M(494M) 15.689ms
[11.656s][info][gc,cpu         ] GC(107) User=0.02s Sys=0.00s Real=0.02s
[11.726s][info][gc,start       ] GC(108) Pause Young (Allocation Failure)
[11.740s][info][gc,heap        ] GC(108) DefNew: 146013K(157248K)->6693K(157248K) Eden: 139776K(139776K)->0K(139776K) From: 6237K(17472K)->6693K(17472K)
[11.740s][info][gc,heap        ] GC(108) Tenured: 3568K(349568K)->3568K(349568K)
[11.740s][info][gc,metaspace   ] GC(108) Metaspace: 8594K(8832K)->8594K(8832K) NonClass: 7442K(7552K)->7442K(7552K) Class: 1151K(1280K)->1151K(1280K)
[11.740s][info][gc             ] GC(108) Pause Young (Allocation Failure) 146M->10M(494M) 14.379ms
[11.740s][info][gc,cpu         ] GC(108) User=0.02s Sys=0.00s Real=0.01s
[11.808s][info][gc,start       ] GC(109) Pause Young (Allocation Failure)
[11.822s][info][gc,heap        ] GC(109) DefNew: 146469K(157248K)->7113K(157248K) Eden: 139776K(139776K)->0K(139776K) From: 6693K(17472K)->7113K(17472K)
[11.822s][info][gc,heap        ] GC(109) Tenured: 3568K(349568K)->3568K(349568K)
[11.822s][info][gc,metaspace   ] GC(109) Metaspace: 8594K(8832K)->8594K(8832K) NonClass: 7442K(7552K)->7442K(7552K) Class: 1151K(1280K)->1151K(1280K)
[11.822s][info][gc             ] GC(109) Pause Young (Allocation Failure) 146M->10M(494M) 14.605ms
[11.823s][info][gc,cpu         ] GC(109) User=0.02s Sys=0.00s Real=0.02s
[11.897s][info][gc,start       ] GC(110) Pause Young (Allocation Failure)
[11.913s][info][gc,heap        ] GC(110) DefNew: 146889K(157248K)->7528K(157248K) Eden: 139776K(139776K)->0K(139776K) From: 7113K(17472K)->7528K(17472K)
[11.914s][info][gc,heap        ] GC(110) Tenured: 3568K(349568K)->3573K(349568K)
[11.914s][info][gc,metaspace   ] GC(110) Metaspace: 8594K(8832K)->8594K(8832K) NonClass: 7442K(7552K)->7442K(7552K) Class: 1151K(1280K)->1151K(1280K)
[11.914s][info][gc             ] GC(110) Pause Young (Allocation Failure) 146M->10M(494M) 16.200ms
[11.914s][info][gc,cpu         ] GC(110) User=0.02s Sys=0.00s Real=0.02s
[11.984s][info][gc,start       ] GC(111) Pause Young (Allocation Failure)
[12.001s][info][gc,heap        ] GC(111) DefNew: 147304K(157248K)->7983K(157248K) Eden: 139776K(139776K)->0K(139776K) From: 7528K(17472K)->7983K(17472K)
[12.001s][info][gc,heap        ] GC(111) Tenured: 3573K(349568K)->3573K(349568K)
[12.001s][info][gc,metaspace   ] GC(111) Metaspace: 8594K(8832K)->8594K(8832K) NonClass: 7442K(7552K)->7442K(7552K) Class: 1151K(1280K)->1151K(1280K)
[12.001s][info][gc             ] GC(111) Pause Young (Allocation Failure) 147M->11M(494M) 17.630ms
[12.001s][info][gc,cpu         ] GC(111) User=0.02s Sys=0.00s Real=0.02s
[12.071s][info][gc,start       ] GC(112) Pause Young (Allocation Failure)
[12.090s][info][gc,heap        ] GC(112) DefNew: 147759K(157248K)->8438K(157248K) Eden: 139776K(139776K)->0K(139776K) From: 7983K(17472K)->8438K(17472K)
[12.090s][info][gc,heap        ] GC(112) Tenured: 3573K(349568K)->3573K(349568K)
[12.090s][info][gc,metaspace   ] GC(112) Metaspace: 8594K(8832K)->8594K(8832K) NonClass: 7442K(7552K)->7442K(7552K) Class: 1151K(1280K)->1151K(1280K)
[12.090s][info][gc             ] GC(112) Pause Young (Allocation Failure) 147M->11M(494M) 18.787ms
[12.090s][info][gc,cpu         ] GC(112) User=0.02s Sys=0.00s Real=0.02s
[12.173s][info][gc,start       ] GC(113) Pause Young (Allocation Failure)
[12.197s][info][gc,heap        ] GC(113) DefNew: 148214K(157248K)->9049K(157248K) Eden: 139776K(139776K)->0K(139776K) From: 8438K(17472K)->9049K(17472K)
[12.197s][info][gc,heap        ] GC(113) Tenured: 3573K(349568K)->3573K(349568K)
[12.197s][info][gc,metaspace   ] GC(113) Metaspace: 8594K(8832K)->8594K(8832K) NonClass: 7442K(7552K)->7442K(7552K) Class: 1151K(1280K)->1151K(1280K)
[12.197s][info][gc             ] GC(113) Pause Young (Allocation Failure) 148M->12M(494M) 23.621ms
[12.197s][info][gc,cpu         ] GC(113) User=0.03s Sys=0.00s Real=0.03s
[12.271s][info][gc,start       ] GC(114) Pause Young (Allocation Failure)
[12.290s][info][gc,heap        ] GC(114) DefNew: 148825K(157248K)->5167K(157248K) Eden: 139776K(139776K)->0K(139776K) From: 9049K(17472K)->5167K(17472K)
[12.291s][info][gc,heap        ] GC(114) Tenured: 3573K(349568K)->7904K(349568K)
[12.291s][info][gc,metaspace   ] GC(114) Metaspace: 8594K(8832K)->8594K(8832K) NonClass: 7442K(7552K)->7442K(7552K) Class: 1151K(1280K)->1151K(1280K)
[12.291s][info][gc             ] GC(114) Pause Young (Allocation Failure) 148M->12M(494M) 19.667ms
[12.291s][info][gc,cpu         ] GC(114) User=0.02s Sys=0.00s Real=0.02s
[12.360s][info][gc,start       ] GC(115) Pause Young (Allocation Failure)
[12.373s][info][gc,heap        ] GC(115) DefNew: 144943K(157248K)->5640K(157248K) Eden: 139776K(139776K)->0K(139776K) From: 5167K(17472K)->5640K(17472K)
[12.373s][info][gc,heap        ] GC(115) Tenured: 7904K(349568K)->7904K(349568K)
[12.373s][info][gc,metaspace   ] GC(115) Metaspace: 8594K(8832K)->8594K(8832K) NonClass: 7442K(7552K)->7442K(7552K) Class: 1151K(1280K)->1151K(1280K)
[12.373s][info][gc             ] GC(115) Pause Young (Allocation Failure) 149M->13M(494M) 13.114ms
[12.373s][info][gc,cpu         ] GC(115) User=0.02s Sys=0.00s Real=0.02s
[12.446s][info][gc,start       ] GC(116) Pause Young (Allocation Failure)
[12.462s][info][gc,heap        ] GC(116) DefNew: 145416K(157248K)->6141K(157248K) Eden: 139776K(139776K)->0K(139776K) From: 5640K(17472K)->6141K(17472K)
[12.462s][info][gc,heap        ] GC(116) Tenured: 7904K(349568K)->7904K(349568K)
[12.462s][info][gc,metaspace   ] GC(116) Metaspace: 8594K(8832K)->8594K(8832K) NonClass: 7442K(7552K)->7442K(7552K) Class: 1151K(1280K)->1151K(1280K)
[12.462s][info][gc             ] GC(116) Pause Young (Allocation Failure) 149M->13M(494M) 15.730ms
[12.462s][info][gc,cpu         ] GC(116) User=0.02s Sys=0.00s Real=0.02s
[12.530s][info][gc,start       ] GC(117) Pause Young (Allocation Failure)
[12.544s][info][gc,heap        ] GC(117) DefNew: 145917K(157248K)->6558K(157248K) Eden: 139776K(139776K)->0K(139776K) From: 6141K(17472K)->6558K(17472K)
[12.544s][info][gc,heap        ] GC(117) Tenured: 7904K(349568K)->7904K(349568K)
[12.544s][info][gc,metaspace   ] GC(117) Metaspace: 8594K(8832K)->8594K(8832K) NonClass: 7442K(7552K)->7442K(7552K) Class: 1151K(1280K)->1151K(1280K)
[12.544s][info][gc             ] GC(117) Pause Young (Allocation Failure) 150M->14M(494M) 14.504ms
[12.544s][info][gc,cpu         ] GC(117) User=0.02s Sys=0.00s Real=0.02s
[12.612s][info][gc,start       ] GC(118) Pause Young (Allocation Failure)
[12.627s][info][gc,heap        ] GC(118) DefNew: 146334K(157248K)->7050K(157248K) Eden: 139776K(139776K)->0K(139776K) From: 6558K(17472K)->7050K(17472K)
[12.627s][info][gc,heap        ] GC(118) Tenured: 7904K(349568K)->7904K(349568K)
[12.627s][info][gc,metaspace   ] GC(118) Metaspace: 8594K(8832K)->8594K(8832K) NonClass: 7442K(7552K)->7442K(7552K) Class: 1151K(1280K)->1151K(1280K)
[12.627s][info][gc             ] GC(118) Pause Young (Allocation Failure) 150M->14M(494M) 15.204ms
[12.627s][info][gc,cpu         ] GC(118) User=0.03s Sys=0.00s Real=0.03s
[12.703s][info][gc,start       ] GC(119) Pause Young (Allocation Failure)
[12.720s][info][gc,heap        ] GC(119) DefNew: 146826K(157248K)->7442K(157248K) Eden: 139776K(139776K)->0K(139776K) From: 7050K(17472K)->7442K(17472K)
[12.720s][info][gc,heap        ] GC(119) Tenured: 7904K(349568K)->7904K(349568K)
[12.720s][info][gc,metaspace   ] GC(119) Metaspace: 8594K(8832K)->8594K(8832K) NonClass: 7442K(7552K)->7442K(7552K) Class: 1151K(1280K)->1151K(1280K)
[12.720s][info][gc             ] GC(119) Pause Young (Allocation Failure) 151M->14M(494M) 17.589ms
[12.720s][info][gc,cpu         ] GC(119) User=0.02s Sys=0.00s Real=0.02s
[12.807s][info][gc,start       ] GC(120) Pause Young (Allocation Failure)
[12.825s][info][gc,heap        ] GC(120) DefNew: 147218K(157248K)->7876K(157248K) Eden: 139776K(139776K)->0K(139776K) From: 7442K(17472K)->7876K(17472K)
[12.825s][info][gc,heap        ] GC(120) Tenured: 7904K(349568K)->7904K(349568K)
[12.825s][info][gc,metaspace   ] GC(120) Metaspace: 8594K(8832K)->8594K(8832K) NonClass: 7442K(7552K)->7442K(7552K) Class: 1151K(1280K)->1151K(1280K)
[12.825s][info][gc             ] GC(120) Pause Young (Allocation Failure) 151M->15M(494M) 18.244ms
[12.825s][info][gc,cpu         ] GC(120) User=0.03s Sys=0.00s Real=0.03s
[12.905s][info][gc,start       ] GC(121) Pause Young (Allocation Failure)
[12.923s][info][gc,heap        ] GC(121) DefNew: 147652K(157248K)->8328K(157248K) Eden: 139776K(139776K)->0K(139776K) From: 7876K(17472K)->8328K(17472K)
[12.923s][info][gc,heap        ] GC(121) Tenured: 7904K(349568K)->7904K(349568K)
[12.923s][info][gc,metaspace   ] GC(121) Metaspace: 8594K(8832K)->8594K(8832K) NonClass: 7442K(7552K)->7442K(7552K) Class: 1151K(1280K)->1151K(1280K)
[12.923s][info][gc             ] GC(121) Pause Young (Allocation Failure) 151M->15M(494M) 18.369ms
[12.923s][info][gc,cpu         ] GC(121) User=0.02s Sys=0.00s Real=0.01s
[13.026s][info][gc,start       ] GC(122) Pause Young (Allocation Failure)
[13.071s][info][gc,heap        ] GC(122) DefNew: 148104K(157248K)->17471K(157248K) Eden: 139776K(139776K)->0K(139776K) From: 8328K(17472K)->17471K(17472K)
[13.071s][info][gc,heap        ] GC(122) Tenured: 7904K(349568K)->7962K(349568K)
[13.071s][info][gc,metaspace   ] GC(122) Metaspace: 8594K(8832K)->8594K(8832K) NonClass: 7442K(7552K)->7442K(7552K) Class: 1151K(1280K)->1151K(1280K)
[13.071s][info][gc             ] GC(122) Pause Young (Allocation Failure) 152M->24M(494M) 45.470ms
[13.071s][info][gc,cpu         ] GC(122) User=0.05s Sys=0.00s Real=0.05s
[13.148s][info][gc,start       ] GC(123) Pause Young (Allocation Failure)
[13.181s][info][gc,heap        ] GC(123) DefNew: 157247K(157248K)->518K(157248K) Eden: 139776K(139776K)->0K(139776K) From: 17471K(17472K)->518K(17472K)
[13.181s][info][gc,heap        ] GC(123) Tenured: 7962K(349568K)->25387K(349568K)
[13.181s][info][gc,metaspace   ] GC(123) Metaspace: 8594K(8832K)->8594K(8832K) NonClass: 7442K(7552K)->7442K(7552K) Class: 1151K(1280K)->1151K(1280K)
[13.181s][info][gc             ] GC(123) Pause Young (Allocation Failure) 161M->25M(494M) 33.001ms
[13.181s][info][gc,cpu         ] GC(123) User=0.03s Sys=0.00s Real=0.03s
[13.259s][info][gc,start       ] GC(124) Pause Young (Allocation Failure)
[13.263s][info][gc,heap        ] GC(124) DefNew: 140294K(157248K)->943K(157248K) Eden: 139776K(139776K)->0K(139776K) From: 518K(17472K)->943K(17472K)
[13.263s][info][gc,heap        ] GC(124) Tenured: 25387K(349568K)->25387K(349568K)
[13.263s][info][gc,metaspace   ] GC(124) Metaspace: 8594K(8832K)->8594K(8832K) NonClass: 7442K(7552K)->7442K(7552K) Class: 1151K(1280K)->1151K(1280K)
[13.263s][info][gc             ] GC(124) Pause Young (Allocation Failure) 161M->25M(494M) 3.518ms
[13.263s][info][gc,cpu         ] GC(124) User=0.00s Sys=0.00s Real=0.00s
[13.349s][info][gc,start       ] GC(125) Pause Young (Allocation Failure)
[13.365s][info][gc,heap        ] GC(125) DefNew: 140719K(157248K)->5189K(157248K) Eden: 139776K(139776K)->0K(139776K) From: 943K(17472K)->5189K(17472K)
[13.365s][info][gc,heap        ] GC(125) Tenured: 25387K(349568K)->25387K(349568K)
[13.365s][info][gc,metaspace   ] GC(125) Metaspace: 8594K(8832K)->8594K(8832K) NonClass: 7442K(7552K)->7442K(7552K) Class: 1151K(1280K)->1151K(1280K)
[13.365s][info][gc             ] GC(125) Pause Young (Allocation Failure) 162M->29M(494M) 16.631ms
[13.365s][info][gc,cpu         ] GC(125) User=0.02s Sys=0.00s Real=0.02s
[13.444s][info][gc,start       ] GC(126) Pause Young (Allocation Failure)
[13.457s][info][gc,heap        ] GC(126) DefNew: 144965K(157248K)->5634K(157248K) Eden: 139776K(139776K)->0K(139776K) From: 5189K(17472K)->5634K(17472K)
[13.457s][info][gc,heap        ] GC(126) Tenured: 25387K(349568K)->25387K(349568K)
[13.457s][info][gc,metaspace   ] GC(126) Metaspace: 8594K(8832K)->8594K(8832K) NonClass: 7442K(7552K)->7442K(7552K) Class: 1151K(1280K)->1151K(1280K)
[13.457s][info][gc             ] GC(126) Pause Young (Allocation Failure) 166M->30M(494M) 13.711ms
[13.457s][info][gc,cpu         ] GC(126) User=0.02s Sys=0.00s Real=0.02s
[13.524s][info][gc,start       ] GC(127) Pause Young (Allocation Failure)
[13.539s][info][gc,heap        ] GC(127) DefNew: 145410K(157248K)->6126K(157248K) Eden: 139776K(139776K)->0K(139776K) From: 5634K(17472K)->6126K(17472K)
[13.539s][info][gc,heap        ] GC(127) Tenured: 25387K(349568K)->25387K(349568K)
[13.539s][info][gc,metaspace   ] GC(127) Metaspace: 8594K(8832K)->8594K(8832K) NonClass: 7442K(7552K)->7442K(7552K) Class: 1151K(1280K)->1151K(1280K)
[13.539s][info][gc             ] GC(127) Pause Young (Allocation Failure) 166M->30M(494M) 14.634ms
[13.539s][info][gc,cpu         ] GC(127) User=0.02s Sys=0.00s Real=0.02s
[13.611s][info][gc,start       ] GC(128) Pause Young (Allocation Failure)
[13.628s][info][gc,heap        ] GC(128) DefNew: 145902K(157248K)->6512K(157248K) Eden: 139776K(139776K)->0K(139776K) From: 6126K(17472K)->6512K(17472K)
[13.628s][info][gc,heap        ] GC(128) Tenured: 25387K(349568K)->25387K(349568K)
[13.628s][info][gc,metaspace   ] GC(128) Metaspace: 8594K(8832K)->8594K(8832K) NonClass: 7442K(7552K)->7442K(7552K) Class: 1151K(1280K)->1151K(1280K)
[13.628s][info][gc             ] GC(128) Pause Young (Allocation Failure) 167M->31M(494M) 17.073ms
[13.628s][info][gc,cpu         ] GC(128) User=0.02s Sys=0.00s Real=0.01s
[13.698s][info][gc,start       ] GC(129) Pause Young (Allocation Failure)
[13.713s][info][gc,heap        ] GC(129) DefNew: 146288K(157248K)->6947K(157248K) Eden: 139776K(139776K)->0K(139776K) From: 6512K(17472K)->6947K(17472K)
[13.713s][info][gc,heap        ] GC(129) Tenured: 25387K(349568K)->25387K(349568K)
[13.713s][info][gc,metaspace   ] GC(129) Metaspace: 8594K(8832K)->8594K(8832K) NonClass: 7442K(7552K)->7442K(7552K) Class: 1151K(1280K)->1151K(1280K)
[13.713s][info][gc             ] GC(129) Pause Young (Allocation Failure) 167M->31M(494M) 15.751ms
[13.713s][info][gc,cpu         ] GC(129) User=0.02s Sys=0.00s Real=0.02s
[13.783s][info][gc,start       ] GC(130) Pause Young (Allocation Failure)
[13.800s][info][gc,heap        ] GC(130) DefNew: 146723K(157248K)->7410K(157248K) Eden: 139776K(139776K)->0K(139776K) From: 6947K(17472K)->7410K(17472K)
[13.800s][info][gc,heap        ] GC(130) Tenured: 25387K(349568K)->25387K(349568K)
[13.800s][info][gc,metaspace   ] GC(130) Metaspace: 8594K(8832K)->8594K(8832K) NonClass: 7442K(7552K)->7442K(7552K) Class: 1151K(1280K)->1151K(1280K)
[13.800s][info][gc             ] GC(130) Pause Young (Allocation Failure) 168M->32M(494M) 16.799ms
[13.800s][info][gc,cpu         ] GC(130) User=0.02s Sys=0.00s Real=0.02s
[13.880s][info][gc,start       ] GC(131) Pause Young (Allocation Failure)
[13.911s][info][gc,heap        ] GC(131) DefNew: 147186K(157248K)->12166K(157248K) Eden: 139776K(139776K)->0K(139776K) From: 7410K(17472K)->12166K(17472K)
[13.911s][info][gc,heap        ] GC(131) Tenured: 25387K(349568K)->25387K(349568K)
[13.911s][info][gc,metaspace   ] GC(131) Metaspace: 8594K(8832K)->8594K(8832K) NonClass: 7442K(7552K)->7442K(7552K) Class: 1151K(1280K)->1151K(1280K)
[13.911s][info][gc             ] GC(131) Pause Young (Allocation Failure) 168M->36M(494M) 30.276ms
[13.911s][info][gc,cpu         ] GC(131) User=0.03s Sys=0.00s Real=0.03s
[13.988s][info][gc,start       ] GC(132) Pause Young (Allocation Failure)
[14.012s][info][gc,heap        ] GC(132) DefNew: 151942K(157248K)->7728K(157248K) Eden: 139776K(139776K)->0K(139776K) From: 12166K(17472K)->7728K(17472K)
[14.012s][info][gc,heap        ] GC(132) Tenured: 25387K(349568K)->30285K(349568K)
[14.012s][info][gc,metaspace   ] GC(132) Metaspace: 8594K(8832K)->8594K(8832K) NonClass: 7442K(7552K)->7442K(7552K) Class: 1151K(1280K)->1151K(1280K)
[14.012s][info][gc             ] GC(132) Pause Young (Allocation Failure) 173M->37M(494M) 23.755ms
[14.012s][info][gc,cpu         ] GC(132) User=0.03s Sys=0.00s Real=0.03s
[14.086s][info][gc,start       ] GC(133) Pause Young (Allocation Failure)
[14.104s][info][gc,heap        ] GC(133) DefNew: 147504K(157248K)->8177K(157248K) Eden: 139776K(139776K)->0K(139776K) From: 7728K(17472K)->8177K(17472K)
[14.104s][info][gc,heap        ] GC(133) Tenured: 30285K(349568K)->30285K(349568K)
[14.104s][info][gc,metaspace   ] GC(133) Metaspace: 8594K(8832K)->8594K(8832K) NonClass: 7442K(7552K)->7442K(7552K) Class: 1151K(1280K)->1151K(1280K)
[14.104s][info][gc             ] GC(133) Pause Young (Allocation Failure) 173M->37M(494M) 18.088ms
[14.104s][info][gc,cpu         ] GC(133) User=0.03s Sys=0.00s Real=0.03s
[14.181s][info][gc,start       ] GC(134) Pause Young (Allocation Failure)
[14.202s][info][gc,heap        ] GC(134) DefNew: 147953K(157248K)->8709K(157248K) Eden: 139776K(139776K)->0K(139776K) From: 8177K(17472K)->8709K(17472K)
[14.202s][info][gc,heap        ] GC(134) Tenured: 30285K(349568K)->30285K(349568K)
[14.202s][info][gc,metaspace   ] GC(134) Metaspace: 8594K(8832K)->8594K(8832K) NonClass: 7442K(7552K)->7442K(7552K) Class: 1151K(1280K)->1151K(1280K)
[14.202s][info][gc             ] GC(134) Pause Young (Allocation Failure) 174M->38M(494M) 20.839ms
[14.202s][info][gc,cpu         ] GC(134) User=0.02s Sys=0.00s Real=0.01s
[14.274s][info][gc,start       ] GC(135) Pause Young (Allocation Failure)
[14.294s][info][gc,heap        ] GC(135) DefNew: 148485K(157248K)->9132K(157248K) Eden: 139776K(139776K)->0K(139776K) From: 8709K(17472K)->9132K(17472K)
[14.294s][info][gc,heap        ] GC(135) Tenured: 30285K(349568K)->30285K(349568K)
[14.294s][info][gc,metaspace   ] GC(135) Metaspace: 8594K(8832K)->8594K(8832K) NonClass: 7442K(7552K)->7442K(7552K) Class: 1151K(1280K)->1151K(1280K)
[14.294s][info][gc             ] GC(135) Pause Young (Allocation Failure) 174M->38M(494M) 20.124ms
[14.294s][info][gc,cpu         ] GC(135) User=0.02s Sys=0.00s Real=0.02s
[14.371s][info][gc,start       ] GC(136) Pause Young (Allocation Failure)
[14.392s][info][gc,heap        ] GC(136) DefNew: 148908K(157248K)->8403K(157248K) Eden: 139776K(139776K)->0K(139776K) From: 9132K(17472K)->8403K(17472K)
[14.392s][info][gc,heap        ] GC(136) Tenured: 30285K(349568K)->31489K(349568K)
[14.392s][info][gc,metaspace   ] GC(136) Metaspace: 8594K(8832K)->8594K(8832K) NonClass: 7442K(7552K)->7442K(7552K) Class: 1151K(1280K)->1151K(1280K)
[14.392s][info][gc             ] GC(136) Pause Young (Allocation Failure) 174M->38M(494M) 21.068ms
[14.392s][info][gc,cpu         ] GC(136) User=0.02s Sys=0.00s Real=0.02s
[14.469s][info][gc,start       ] GC(137) Pause Young (Allocation Failure)
[14.489s][info][gc,heap        ] GC(137) DefNew: 148179K(157248K)->8810K(157248K) Eden: 139776K(139776K)->0K(139776K) From: 8403K(17472K)->8810K(17472K)
[14.489s][info][gc,heap        ] GC(137) Tenured: 31489K(349568K)->31489K(349568K)
[14.489s][info][gc,metaspace   ] GC(137) Metaspace: 8594K(8832K)->8594K(8832K) NonClass: 7442K(7552K)->7442K(7552K) Class: 1151K(1280K)->1151K(1280K)
[14.489s][info][gc             ] GC(137) Pause Young (Allocation Failure) 175M->39M(494M) 19.862ms
[14.489s][info][gc,cpu         ] GC(137) User=0.02s Sys=0.00s Real=0.02s
[14.559s][info][gc,start       ] GC(138) Pause Young (Allocation Failure)
[14.580s][info][gc,heap        ] GC(138) DefNew: 148586K(157248K)->3491K(157248K) Eden: 139776K(139776K)->0K(139776K) From: 8810K(17472K)->3491K(17472K)
[14.580s][info][gc,heap        ] GC(138) Tenured: 31489K(349568K)->37219K(349568K)
[14.580s][info][gc,metaspace   ] GC(138) Metaspace: 8594K(8832K)->8594K(8832K) NonClass: 7442K(7552K)->7442K(7552K) Class: 1151K(1280K)->1151K(1280K)
[14.580s][info][gc             ] GC(138) Pause Young (Allocation Failure) 175M->39M(494M) 20.533ms
[14.580s][info][gc,cpu         ] GC(138) User=0.03s Sys=0.00s Real=0.03s
[14.649s][info][gc,start       ] GC(139) Pause Young (Allocation Failure)
[14.659s][info][gc,heap        ] GC(139) DefNew: 143267K(157248K)->3981K(157248K) Eden: 139776K(139776K)->0K(139776K) From: 3491K(17472K)->3981K(17472K)
[14.660s][info][gc,heap        ] GC(139) Tenured: 37219K(349568K)->37219K(349568K)
[14.660s][info][gc,metaspace   ] GC(139) Metaspace: 8594K(8832K)->8594K(8832K) NonClass: 7442K(7552K)->7442K(7552K) Class: 1151K(1280K)->1151K(1280K)
[14.660s][info][gc             ] GC(139) Pause Young (Allocation Failure) 176M->40M(494M) 10.433ms
[14.660s][info][gc,cpu         ] GC(139) User=0.02s Sys=0.00s Real=0.01s
[15.051s][info][gc,start       ] GC(140) Pause Young (Allocation Failure)
[15.194s][info][gc,heap        ] GC(140) DefNew: 143757K(157248K)->17472K(157248K) Eden: 139776K(139776K)->0K(139776K) From: 3981K(17472K)->17472K(17472K)
[15.194s][info][gc,heap        ] GC(140) Tenured: 37219K(349568K)->73426K(349568K)
[15.194s][info][gc,metaspace   ] GC(140) Metaspace: 8594K(8832K)->8594K(8832K) NonClass: 7442K(7552K)->7442K(7552K) Class: 1151K(1280K)->1151K(1280K)
[15.194s][info][gc             ] GC(140) Pause Young (Allocation Failure) 176M->88M(494M) 143.204ms
[15.195s][info][gc,cpu         ] GC(140) User=0.16s Sys=0.00s Real=0.16s
[15.244s][info][gc,start       ] GC(141) Pause Full (System.gc())
[15.245s][info][gc,phases,start] GC(141) Phase 1: Mark live objects
[15.256s][info][gc,phases      ] GC(141) Phase 1: Mark live objects 11.082ms
[15.256s][info][gc,phases,start] GC(141) Phase 2: Compute new object addresses
[15.288s][info][gc,phases      ] GC(141) Phase 2: Compute new object addresses 31.850ms
[15.288s][info][gc,phases,start] GC(141) Phase 3: Adjust pointers
[15.290s][info][gc,phases      ] GC(141) Phase 3: Adjust pointers 2.790ms
[15.290s][info][gc,phases,start] GC(141) Phase 4: Move objects
[15.291s][info][gc,phases      ] GC(141) Phase 4: Move objects 0.803ms
[15.291s][info][gc,heap        ] GC(141) DefNew: 42626K(157248K)->0K(157248K) Eden: 25154K(139776K)->0K(139776K) From: 17472K(17472K)->0K(17472K)
[15.291s][info][gc,heap        ] GC(141) Tenured: 73426K(349568K)->3528K(349568K)
[15.291s][info][gc,metaspace   ] GC(141) Metaspace: 8594K(8832K)->8594K(8832K) NonClass: 7442K(7552K)->7442K(7552K) Class: 1151K(1280K)->1151K(1280K)
[15.291s][info][gc             ] GC(141) Pause Full (System.gc()) 113M->3M(494M) 46.899ms
[15.291s][info][gc,cpu         ] GC(141) User=0.05s Sys=0.00s Real=0.05s
[15.370s][info][gc,start       ] GC(142) Pause Young (Allocation Failure)
[15.372s][info][gc,heap        ] GC(142) DefNew: 139776K(157248K)->518K(157248K) Eden: 139776K(139776K)->0K(139776K) From: 0K(17472K)->518K(17472K)
[15.372s][info][gc,heap        ] GC(142) Tenured: 3528K(349568K)->3528K(349568K)
[15.372s][info][gc,metaspace   ] GC(142) Metaspace: 8594K(8832K)->8594K(8832K) NonClass: 7442K(7552K)->7442K(7552K) Class: 1151K(1280K)->1151K(1280K)
[15.372s][info][gc             ] GC(142) Pause Young (Allocation Failure) 139M->3M(494M) 2.258ms
[15.372s][info][gc,cpu         ] GC(142) User=0.00s Sys=0.00s Real=0.00s
[15.435s][info][gc,start       ] GC(143) Pause Young (Allocation Failure)
[15.439s][info][gc,heap        ] GC(143) DefNew: 140294K(157248K)->962K(157248K) Eden: 139776K(139776K)->0K(139776K) From: 518K(17472K)->962K(17472K)
[15.439s][info][gc,heap        ] GC(143) Tenured: 3528K(349568K)->3528K(349568K)
[15.439s][info][gc,metaspace   ] GC(143) Metaspace: 8594K(8832K)->8594K(8832K) NonClass: 7442K(7552K)->7442K(7552K) Class: 1151K(1280K)->1151K(1280K)
[15.439s][info][gc             ] GC(143) Pause Young (Allocation Failure) 140M->4M(494M) 3.378ms
[15.439s][info][gc,cpu         ] GC(143) User=0.00s Sys=0.00s Real=0.00s
[15.503s][info][gc,start       ] GC(144) Pause Young (Allocation Failure)
[15.507s][info][gc,heap        ] GC(144) DefNew: 140738K(157248K)->1442K(157248K) Eden: 139776K(139776K)->0K(139776K) From: 962K(17472K)->1442K(17472K)
[15.508s][info][gc,heap        ] GC(144) Tenured: 3528K(349568K)->3528K(349568K)
[15.508s][info][gc,metaspace   ] GC(144) Metaspace: 8594K(8832K)->8594K(8832K) NonClass: 7442K(7552K)->7442K(7552K) Class: 1151K(1280K)->1151K(1280K)
[15.508s][info][gc             ] GC(144) Pause Young (Allocation Failure) 140M->4M(494M) 4.901ms
[15.508s][info][gc,cpu         ] GC(144) User=0.02s Sys=0.00s Real=0.02s
[15.576s][info][gc,start       ] GC(145) Pause Young (Allocation Failure)
[15.583s][info][gc,heap        ] GC(145) DefNew: 141218K(157248K)->1942K(157248K) Eden: 139776K(139776K)->0K(139776K) From: 1442K(17472K)->1942K(17472K)
[15.583s][info][gc,heap        ] GC(145) Tenured: 3528K(349568K)->3528K(349568K)
[15.583s][info][gc,metaspace   ] GC(145) Metaspace: 8594K(8832K)->8594K(8832K) NonClass: 7442K(7552K)->7442K(7552K) Class: 1151K(1280K)->1151K(1280K)
[15.583s][info][gc             ] GC(145) Pause Young (Allocation Failure) 141M->5M(494M) 6.651ms
[15.583s][info][gc,cpu         ] GC(145) User=0.00s Sys=0.00s Real=0.00s
[15.649s][info][gc,start       ] GC(146) Pause Young (Allocation Failure)
[15.656s][info][gc,heap        ] GC(146) DefNew: 141718K(157248K)->2391K(157248K) Eden: 139776K(139776K)->0K(139776K) From: 1942K(17472K)->2391K(17472K)
[15.656s][info][gc,heap        ] GC(146) Tenured: 3528K(349568K)->3528K(349568K)
[15.656s][info][gc,metaspace   ] GC(146) Metaspace: 8594K(8832K)->8594K(8832K) NonClass: 7442K(7552K)->7442K(7552K) Class: 1151K(1280K)->1151K(1280K)
[15.656s][info][gc             ] GC(146) Pause Young (Allocation Failure) 141M->5M(494M) 6.870ms
[15.656s][info][gc,cpu         ] GC(146) User=0.02s Sys=0.00s Real=0.02s
[15.722s][info][gc,start       ] GC(147) Pause Young (Allocation Failure)
[15.729s][info][gc,heap        ] GC(147) DefNew: 142167K(157248K)->2848K(157248K) Eden: 139776K(139776K)->0K(139776K) From: 2391K(17472K)->2848K(17472K)
[15.729s][info][gc,heap        ] GC(147) Tenured: 3528K(349568K)->3528K(349568K)
[15.729s][info][gc,metaspace   ] GC(147) Metaspace: 8594K(8832K)->8594K(8832K) NonClass: 7442K(7552K)->7442K(7552K) Class: 1151K(1280K)->1151K(1280K)
[15.729s][info][gc             ] GC(147) Pause Young (Allocation Failure) 142M->6M(494M) 7.668ms
[15.729s][info][gc,cpu         ] GC(147) User=0.00s Sys=0.00s Real=0.00s
[15.799s][info][gc,start       ] GC(148) Pause Young (Allocation Failure)
[15.809s][info][gc,heap        ] GC(148) DefNew: 142624K(157248K)->3238K(157248K) Eden: 139776K(139776K)->0K(139776K) From: 2848K(17472K)->3238K(17472K)
[15.809s][info][gc,heap        ] GC(148) Tenured: 3528K(349568K)->3528K(349568K)
[15.809s][info][gc,metaspace   ] GC(148) Metaspace: 8594K(8832K)->8594K(8832K) NonClass: 7442K(7552K)->7442K(7552K) Class: 1151K(1280K)->1151K(1280K)
[15.809s][info][gc             ] GC(148) Pause Young (Allocation Failure) 142M->6M(494M) 9.775ms
[15.809s][info][gc,cpu         ] GC(148) User=0.00s Sys=0.00s Real=0.00s
[15.880s][info][gc,start       ] GC(149) Pause Young (Allocation Failure)
[15.889s][info][gc,heap        ] GC(149) DefNew: 143014K(157248K)->3676K(157248K) Eden: 139776K(139776K)->0K(139776K) From: 3238K(17472K)->3676K(17472K)
[15.889s][info][gc,heap        ] GC(149) Tenured: 3528K(349568K)->3528K(349568K)
[15.889s][info][gc,metaspace   ] GC(149) Metaspace: 8594K(8832K)->8594K(8832K) NonClass: 7442K(7552K)->7442K(7552K) Class: 1151K(1280K)->1151K(1280K)
[15.889s][info][gc             ] GC(149) Pause Young (Allocation Failure) 143M->7M(494M) 9.622ms
[15.889s][info][gc,cpu         ] GC(149) User=0.02s Sys=0.00s Real=0.02s
[15.960s][info][gc,start       ] GC(150) Pause Young (Allocation Failure)
[15.971s][info][gc,heap        ] GC(150) DefNew: 143452K(157248K)->4276K(157248K) Eden: 139776K(139776K)->0K(139776K) From: 3676K(17472K)->4276K(17472K)
[15.971s][info][gc,heap        ] GC(150) Tenured: 3528K(349568K)->3528K(349568K)
[15.971s][info][gc,metaspace   ] GC(150) Metaspace: 8594K(8832K)->8594K(8832K) NonClass: 7442K(7552K)->7442K(7552K) Class: 1151K(1280K)->1151K(1280K)
[15.971s][info][gc             ] GC(150) Pause Young (Allocation Failure) 143M->7M(494M) 11.151ms
[15.971s][info][gc,cpu         ] GC(150) User=0.02s Sys=0.00s Real=0.02s
[16.050s][info][gc,start       ] GC(151) Pause Young (Allocation Failure)
[16.066s][info][gc,heap        ] GC(151) DefNew: 144052K(157248K)->4837K(157248K) Eden: 139776K(139776K)->0K(139776K) From: 4276K(17472K)->4837K(17472K)
[16.066s][info][gc,heap        ] GC(151) Tenured: 3528K(349568K)->3528K(349568K)
[16.066s][info][gc,metaspace   ] GC(151) Metaspace: 8594K(8832K)->8594K(8832K) NonClass: 7442K(7552K)->7442K(7552K) Class: 1151K(1280K)->1151K(1280K)
[16.066s][info][gc             ] GC(151) Pause Young (Allocation Failure) 144M->8M(494M) 16.315ms
[16.066s][info][gc,cpu         ] GC(151) User=0.02s Sys=0.00s Real=0.02s
[16.136s][info][gc,start       ] GC(152) Pause Young (Allocation Failure)
[16.148s][info][gc,heap        ] GC(152) DefNew: 144613K(157248K)->5259K(157248K) Eden: 139776K(139776K)->0K(139776K) From: 4837K(17472K)->5259K(17472K)
[16.148s][info][gc,heap        ] GC(152) Tenured: 3528K(349568K)->3528K(349568K)
[16.148s][info][gc,metaspace   ] GC(152) Metaspace: 8594K(8832K)->8594K(8832K) NonClass: 7442K(7552K)->7442K(7552K) Class: 1151K(1280K)->1151K(1280K)
[16.148s][info][gc             ] GC(152) Pause Young (Allocation Failure) 144M->8M(494M) 12.519ms
[16.148s][info][gc,cpu         ] GC(152) User=0.02s Sys=0.00s Real=0.02s
[16.215s][info][gc,start       ] GC(153) Pause Young (Allocation Failure)
[16.229s][info][gc,heap        ] GC(153) DefNew: 145035K(157248K)->5708K(157248K) Eden: 139776K(139776K)->0K(139776K) From: 5259K(17472K)->5708K(17472K)
[16.229s][info][gc,heap        ] GC(153) Tenured: 3528K(349568K)->3528K(349568K)
[16.229s][info][gc,metaspace   ] GC(153) Metaspace: 8594K(8832K)->8594K(8832K) NonClass: 7442K(7552K)->7442K(7552K) Class: 1151K(1280K)->1151K(1280K)
[16.229s][info][gc             ] GC(153) Pause Young (Allocation Failure) 145M->9M(494M) 13.938ms
[16.229s][info][gc,cpu         ] GC(153) User=0.03s Sys=0.00s Real=0.03s
[16.300s][info][gc,start       ] GC(154) Pause Young (Allocation Failure)
[16.315s][info][gc,heap        ] GC(154) DefNew: 145484K(157248K)->6237K(157248K) Eden: 139776K(139776K)->0K(139776K) From: 5708K(17472K)->6237K(17472K)
[16.315s][info][gc,heap        ] GC(154) Tenured: 3528K(349568K)->3528K(349568K)
[16.315s][info][gc,metaspace   ] GC(154) Metaspace: 8594K(8832K)->8594K(8832K) NonClass: 7442K(7552K)->7442K(7552K) Class: 1151K(1280K)->1151K(1280K)
[16.315s][info][gc             ] GC(154) Pause Young (Allocation Failure) 145M->9M(494M) 14.767ms
[16.315s][info][gc,cpu         ] GC(154) User=0.02s Sys=0.00s Real=0.02s
[16.386s][info][gc,start       ] GC(155) Pause Young (Allocation Failure)
[16.401s][info][gc,heap        ] GC(155) DefNew: 146013K(157248K)->6694K(157248K) Eden: 139776K(139776K)->0K(139776K) From: 6237K(17472K)->6694K(17472K)
[16.401s][info][gc,heap        ] GC(155) Tenured: 3528K(349568K)->3528K(349568K)
[16.401s][info][gc,metaspace   ] GC(155) Metaspace: 8594K(8832K)->8594K(8832K) NonClass: 7442K(7552K)->7442K(7552K) Class: 1151K(1280K)->1151K(1280K)
[16.401s][info][gc             ] GC(155) Pause Young (Allocation Failure) 146M->9M(494M) 15.110ms
[16.401s][info][gc,cpu         ] GC(155) User=0.02s Sys=0.00s Real=0.02s
[16.485s][info][gc,start       ] GC(156) Pause Young (Allocation Failure)
[16.501s][info][gc,heap        ] GC(156) DefNew: 146470K(157248K)->7114K(157248K) Eden: 139776K(139776K)->0K(139776K) From: 6694K(17472K)->7114K(17472K)
[16.501s][info][gc,heap        ] GC(156) Tenured: 3528K(349568K)->3528K(349568K)
[16.501s][info][gc,metaspace   ] GC(156) Metaspace: 8594K(8832K)->8594K(8832K) NonClass: 7442K(7552K)->7442K(7552K) Class: 1151K(1280K)->1151K(1280K)
[16.501s][info][gc             ] GC(156) Pause Young (Allocation Failure) 146M->10M(494M) 16.073ms
[16.501s][info][gc,cpu         ] GC(156) User=0.02s Sys=0.00s Real=0.02s
[16.586s][info][gc,start       ] GC(157) Pause Young (Allocation Failure)
[16.603s][info][gc,heap        ] GC(157) DefNew: 146890K(157248K)->7528K(157248K) Eden: 139776K(139776K)->0K(139776K) From: 7114K(17472K)->7528K(17472K)
[16.603s][info][gc,heap        ] GC(157) Tenured: 3528K(349568K)->3533K(349568K)
[16.603s][info][gc,metaspace   ] GC(157) Metaspace: 8594K(8832K)->8594K(8832K) NonClass: 7442K(7552K)->7442K(7552K) Class: 1151K(1280K)->1151K(1280K)
[16.603s][info][gc             ] GC(157) Pause Young (Allocation Failure) 146M->10M(494M) 17.476ms
[16.603s][info][gc,cpu         ] GC(157) User=0.02s Sys=0.00s Real=0.02s
[16.672s][info][gc,start       ] GC(158) Pause Young (Allocation Failure)
[16.688s][info][gc,heap        ] GC(158) DefNew: 147304K(157248K)->7983K(157248K) Eden: 139776K(139776K)->0K(139776K) From: 7528K(17472K)->7983K(17472K)
[16.688s][info][gc,heap        ] GC(158) Tenured: 3533K(349568K)->3533K(349568K)
[16.688s][info][gc,metaspace   ] GC(158) Metaspace: 8594K(8832K)->8594K(8832K) NonClass: 7442K(7552K)->7442K(7552K) Class: 1151K(1280K)->1151K(1280K)
[16.688s][info][gc             ] GC(158) Pause Young (Allocation Failure) 147M->11M(494M) 16.679ms
[16.688s][info][gc,cpu         ] GC(158) User=0.02s Sys=0.00s Real=0.01s
[16.758s][info][gc,start       ] GC(159) Pause Young (Allocation Failure)
[16.775s][info][gc,heap        ] GC(159) DefNew: 147759K(157248K)->8438K(157248K) Eden: 139776K(139776K)->0K(139776K) From: 7983K(17472K)->8438K(17472K)
[16.775s][info][gc,heap        ] GC(159) Tenured: 3533K(349568K)->3533K(349568K)
[16.775s][info][gc,metaspace   ] GC(159) Metaspace: 8594K(8832K)->8594K(8832K) NonClass: 7442K(7552K)->7442K(7552K) Class: 1151K(1280K)->1151K(1280K)
[16.776s][info][gc             ] GC(159) Pause Young (Allocation Failure) 147M->11M(494M) 17.324ms
[16.776s][info][gc,cpu         ] GC(159) User=0.02s Sys=0.00s Real=0.02s
[16.859s][info][gc,start       ] GC(160) Pause Young (Allocation Failure)
[16.881s][info][gc,heap        ] GC(160) DefNew: 148214K(157248K)->9049K(157248K) Eden: 139776K(139776K)->0K(139776K) From: 8438K(17472K)->9049K(17472K)
[16.882s][info][gc,heap        ] GC(160) Tenured: 3533K(349568K)->3533K(349568K)
[16.882s][info][gc,metaspace   ] GC(160) Metaspace: 8594K(8832K)->8594K(8832K) NonClass: 7442K(7552K)->7442K(7552K) Class: 1151K(1280K)->1151K(1280K)
[16.882s][info][gc             ] GC(160) Pause Young (Allocation Failure) 148M->12M(494M) 22.857ms
[16.882s][info][gc,cpu         ] GC(160) User=0.02s Sys=0.00s Real=0.02s
[16.952s][info][gc,start       ] GC(161) Pause Young (Allocation Failure)
[16.970s][info][gc,heap        ] GC(161) DefNew: 148825K(157248K)->5167K(157248K) Eden: 139776K(139776K)->0K(139776K) From: 9049K(17472K)->5167K(17472K)
[16.970s][info][gc,heap        ] GC(161) Tenured: 3533K(349568K)->7864K(349568K)
[16.970s][info][gc,metaspace   ] GC(161) Metaspace: 8594K(8832K)->8594K(8832K) NonClass: 7442K(7552K)->7442K(7552K) Class: 1151K(1280K)->1151K(1280K)
[16.970s][info][gc             ] GC(161) Pause Young (Allocation Failure) 148M->12M(494M) 18.673ms
[16.970s][info][gc,cpu         ] GC(161) User=0.02s Sys=0.00s Real=0.02s
[17.040s][info][gc,start       ] GC(162) Pause Young (Allocation Failure)
[17.054s][info][gc,heap        ] GC(162) DefNew: 144943K(157248K)->5640K(157248K) Eden: 139776K(139776K)->0K(139776K) From: 5167K(17472K)->5640K(17472K)
[17.054s][info][gc,heap        ] GC(162) Tenured: 7864K(349568K)->7864K(349568K)
[17.054s][info][gc,metaspace   ] GC(162) Metaspace: 8594K(8832K)->8594K(8832K) NonClass: 7442K(7552K)->7442K(7552K) Class: 1151K(1280K)->1151K(1280K)
[17.054s][info][gc             ] GC(162) Pause Young (Allocation Failure) 149M->13M(494M) 13.559ms
[17.054s][info][gc,cpu         ] GC(162) User=0.02s Sys=0.00s Real=0.02s
[17.125s][info][gc,start       ] GC(163) Pause Young (Allocation Failure)
[17.141s][info][gc,heap        ] GC(163) DefNew: 145416K(157248K)->6141K(157248K) Eden: 139776K(139776K)->0K(139776K) From: 5640K(17472K)->6141K(17472K)
[17.141s][info][gc,heap        ] GC(163) Tenured: 7864K(349568K)->7864K(349568K)
[17.141s][info][gc,metaspace   ] GC(163) Metaspace: 8594K(8832K)->8594K(8832K) NonClass: 7442K(7552K)->7442K(7552K) Class: 1151K(1280K)->1151K(1280K)
[17.141s][info][gc             ] GC(163) Pause Young (Allocation Failure) 149M->13M(494M) 15.885ms
[17.141s][info][gc,cpu         ] GC(163) User=0.02s Sys=0.00s Real=0.01s
[17.212s][info][gc,start       ] GC(164) Pause Young (Allocation Failure)
[17.226s][info][gc,heap        ] GC(164) DefNew: 145917K(157248K)->6558K(157248K) Eden: 139776K(139776K)->0K(139776K) From: 6141K(17472K)->6558K(17472K)
[17.226s][info][gc,heap        ] GC(164) Tenured: 7864K(349568K)->7864K(349568K)
[17.226s][info][gc,metaspace   ] GC(164) Metaspace: 8594K(8832K)->8594K(8832K) NonClass: 7442K(7552K)->7442K(7552K) Class: 1151K(1280K)->1151K(1280K)
[17.226s][info][gc             ] GC(164) Pause Young (Allocation Failure) 150M->14M(494M) 14.505ms
[17.226s][info][gc,cpu         ] GC(164) User=0.02s Sys=0.00s Real=0.02s
[17.294s][info][gc,start       ] GC(165) Pause Young (Allocation Failure)
[17.310s][info][gc,heap        ] GC(165) DefNew: 146334K(157248K)->7050K(157248K) Eden: 139776K(139776K)->0K(139776K) From: 6558K(17472K)->7050K(17472K)
[17.310s][info][gc,heap        ] GC(165) Tenured: 7864K(349568K)->7864K(349568K)
[17.310s][info][gc,metaspace   ] GC(165) Metaspace: 8594K(8832K)->8594K(8832K) NonClass: 7442K(7552K)->7442K(7552K) Class: 1151K(1280K)->1151K(1280K)
[17.310s][info][gc             ] GC(165) Pause Young (Allocation Failure) 150M->14M(494M) 15.537ms
[17.310s][info][gc,cpu         ] GC(165) User=0.02s Sys=0.00s Real=0.01s
[17.386s][info][gc,start       ] GC(166) Pause Young (Allocation Failure)
[17.404s][info][gc,heap        ] GC(166) DefNew: 146826K(157248K)->7442K(157248K) Eden: 139776K(139776K)->0K(139776K) From: 7050K(17472K)->7442K(17472K)
[17.404s][info][gc,heap        ] GC(166) Tenured: 7864K(349568K)->7864K(349568K)
[17.404s][info][gc,metaspace   ] GC(166) Metaspace: 8594K(8832K)->8594K(8832K) NonClass: 7442K(7552K)->7442K(7552K) Class: 1151K(1280K)->1151K(1280K)
[17.404s][info][gc             ] GC(166) Pause Young (Allocation Failure) 151M->14M(494M) 18.272ms
[17.404s][info][gc,cpu         ] GC(166) User=0.02s Sys=0.00s Real=0.02s
[17.492s][info][gc,start       ] GC(167) Pause Young (Allocation Failure)
[17.509s][info][gc,heap        ] GC(167) DefNew: 147218K(157248K)->7876K(157248K) Eden: 139776K(139776K)->0K(139776K) From: 7442K(17472K)->7876K(17472K)
[17.509s][info][gc,heap        ] GC(167) Tenured: 7864K(349568K)->7864K(349568K)
[17.509s][info][gc,metaspace   ] GC(167) Metaspace: 8594K(8832K)->8594K(8832K) NonClass: 7442K(7552K)->7442K(7552K) Class: 1151K(1280K)->1151K(1280K)
[17.509s][info][gc             ] GC(167) Pause Young (Allocation Failure) 151M->15M(494M) 16.873ms
[17.509s][info][gc,cpu         ] GC(167) User=0.02s Sys=0.00s Real=0.01s
[17.589s][info][gc,start       ] GC(168) Pause Young (Allocation Failure)
[17.607s][info][gc,heap        ] GC(168) DefNew: 147652K(157248K)->8329K(157248K) Eden: 139776K(139776K)->0K(139776K) From: 7876K(17472K)->8329K(17472K)
[17.607s][info][gc,heap        ] GC(168) Tenured: 7864K(349568K)->7864K(349568K)
[17.607s][info][gc,metaspace   ] GC(168) Metaspace: 8594K(8832K)->8594K(8832K) NonClass: 7442K(7552K)->7442K(7552K) Class: 1151K(1280K)->1151K(1280K)
[17.607s][info][gc             ] GC(168) Pause Young (Allocation Failure) 151M->15M(494M) 18.615ms
[17.608s][info][gc,cpu         ] GC(168) User=0.02s Sys=0.00s Real=0.02s
[17.712s][info][gc,start       ] GC(169) Pause Young (Allocation Failure)
[17.757s][info][gc,heap        ] GC(169) DefNew: 148105K(157248K)->17471K(157248K) Eden: 139776K(139776K)->0K(139776K) From: 8329K(17472K)->17471K(17472K)
[17.757s][info][gc,heap        ] GC(169) Tenured: 7864K(349568K)->7921K(349568K)
[17.757s][info][gc,metaspace   ] GC(169) Metaspace: 8594K(8832K)->8594K(8832K) NonClass: 7442K(7552K)->7442K(7552K) Class: 1151K(1280K)->1151K(1280K)
[17.757s][info][gc             ] GC(169) Pause Young (Allocation Failure) 152M->24M(494M) 45.784ms
[17.757s][info][gc,cpu         ] GC(169) User=0.05s Sys=0.00s Real=0.05s
[17.837s][info][gc,start       ] GC(170) Pause Young (Allocation Failure)
[17.869s][info][gc,heap        ] GC(170) DefNew: 157247K(157248K)->518K(157248K) Eden: 139776K(139776K)->0K(139776K) From: 17471K(17472K)->518K(17472K)
[17.869s][info][gc,heap        ] GC(170) Tenured: 7921K(349568K)->25347K(349568K)
[17.869s][info][gc,metaspace   ] GC(170) Metaspace: 8594K(8832K)->8594K(8832K) NonClass: 7442K(7552K)->7442K(7552K) Class: 1151K(1280K)->1151K(1280K)
[17.869s][info][gc             ] GC(170) Pause Young (Allocation Failure) 161M->25M(494M) 31.599ms
[17.869s][info][gc,cpu         ] GC(170) User=0.03s Sys=0.00s Real=0.03s
[17.946s][info][gc,start       ] GC(171) Pause Young (Allocation Failure)
[17.949s][info][gc,heap        ] GC(171) DefNew: 140294K(157248K)->943K(157248K) Eden: 139776K(139776K)->0K(139776K) From: 518K(17472K)->943K(17472K)
[17.949s][info][gc,heap        ] GC(171) Tenured: 25347K(349568K)->25347K(349568K)
[17.949s][info][gc,metaspace   ] GC(171) Metaspace: 8594K(8832K)->8594K(8832K) NonClass: 7442K(7552K)->7442K(7552K) Class: 1151K(1280K)->1151K(1280K)
[17.949s][info][gc             ] GC(171) Pause Young (Allocation Failure) 161M->25M(494M) 3.571ms
[17.949s][info][gc,cpu         ] GC(171) User=0.00s Sys=0.00s Real=0.00s
[18.036s][info][gc,start       ] GC(172) Pause Young (Allocation Failure)
[18.051s][info][gc,heap        ] GC(172) DefNew: 140719K(157248K)->5189K(157248K) Eden: 139776K(139776K)->0K(139776K) From: 943K(17472K)->5189K(17472K)
[18.051s][info][gc,heap        ] GC(172) Tenured: 25347K(349568K)->25347K(349568K)
[18.051s][info][gc,metaspace   ] GC(172) Metaspace: 8594K(8832K)->8594K(8832K) NonClass: 7442K(7552K)->7442K(7552K) Class: 1151K(1280K)->1151K(1280K)
[18.051s][info][gc             ] GC(172) Pause Young (Allocation Failure) 162M->29M(494M) 15.216ms
[18.051s][info][gc,cpu         ] GC(172) User=0.00s Sys=0.00s Real=0.00s
[18.131s][info][gc,start       ] GC(173) Pause Young (Allocation Failure)
[18.145s][info][gc,heap        ] GC(173) DefNew: 144965K(157248K)->5633K(157248K) Eden: 139776K(139776K)->0K(139776K) From: 5189K(17472K)->5633K(17472K)
[18.145s][info][gc,heap        ] GC(173) Tenured: 25347K(349568K)->25347K(349568K)
[18.145s][info][gc,metaspace   ] GC(173) Metaspace: 8594K(8832K)->8594K(8832K) NonClass: 7442K(7552K)->7442K(7552K) Class: 1151K(1280K)->1151K(1280K)
[18.145s][info][gc             ] GC(173) Pause Young (Allocation Failure) 166M->30M(494M) 14.063ms
[18.145s][info][gc,cpu         ] GC(173) User=0.02s Sys=0.00s Real=0.01s
[18.213s][info][gc,start       ] GC(174) Pause Young (Allocation Failure)
[18.229s][info][gc,heap        ] GC(174) DefNew: 145409K(157248K)->6127K(157248K) Eden: 139776K(139776K)->0K(139776K) From: 5633K(17472K)->6127K(17472K)
[18.229s][info][gc,heap        ] GC(174) Tenured: 25347K(349568K)->25347K(349568K)
[18.229s][info][gc,metaspace   ] GC(174) Metaspace: 8594K(8832K)->8594K(8832K) NonClass: 7442K(7552K)->7442K(7552K) Class: 1151K(1280K)->1151K(1280K)
[18.229s][info][gc             ] GC(174) Pause Young (Allocation Failure) 166M->30M(494M) 15.354ms
[18.229s][info][gc,cpu         ] GC(174) User=0.02s Sys=0.00s Real=0.02s
[18.301s][info][gc,start       ] GC(175) Pause Young (Allocation Failure)
[18.318s][info][gc,heap        ] GC(175) DefNew: 145903K(157248K)->6511K(157248K) Eden: 139776K(139776K)->0K(139776K) From: 6127K(17472K)->6511K(17472K)
[18.318s][info][gc,heap        ] GC(175) Tenured: 25347K(349568K)->25347K(349568K)
[18.318s][info][gc,metaspace   ] GC(175) Metaspace: 8594K(8832K)->8594K(8832K) NonClass: 7442K(7552K)->7442K(7552K) Class: 1151K(1280K)->1151K(1280K)
[18.318s][info][gc             ] GC(175) Pause Young (Allocation Failure) 167M->31M(494M) 17.350ms
[18.318s][info][gc,cpu         ] GC(175) User=0.02s Sys=0.00s Real=0.02s
[18.388s][info][gc,start       ] GC(176) Pause Young (Allocation Failure)
[18.403s][info][gc,heap        ] GC(176) DefNew: 146287K(157248K)->6947K(157248K) Eden: 139776K(139776K)->0K(139776K) From: 6511K(17472K)->6947K(17472K)
[18.403s][info][gc,heap        ] GC(176) Tenured: 25347K(349568K)->25347K(349568K)
[18.403s][info][gc,metaspace   ] GC(176) Metaspace: 8594K(8832K)->8594K(8832K) NonClass: 7442K(7552K)->7442K(7552K) Class: 1151K(1280K)->1151K(1280K)
[18.403s][info][gc             ] GC(176) Pause Young (Allocation Failure) 167M->31M(494M) 15.046ms
[18.403s][info][gc,cpu         ] GC(176) User=0.02s Sys=0.00s Real=0.02s
[18.474s][info][gc,start       ] GC(177) Pause Young (Allocation Failure)
[18.491s][info][gc,heap        ] GC(177) DefNew: 146723K(157248K)->7410K(157248K) Eden: 139776K(139776K)->0K(139776K) From: 6947K(17472K)->7410K(17472K)
[18.491s][info][gc,heap        ] GC(177) Tenured: 25347K(349568K)->25347K(349568K)
[18.491s][info][gc,metaspace   ] GC(177) Metaspace: 8594K(8832K)->8594K(8832K) NonClass: 7442K(7552K)->7442K(7552K) Class: 1151K(1280K)->1151K(1280K)
[18.491s][info][gc             ] GC(177) Pause Young (Allocation Failure) 168M->31M(494M) 17.201ms
[18.491s][info][gc,cpu         ] GC(177) User=0.02s Sys=0.00s Real=0.02s
[18.587s][info][gc,start       ] GC(178) Pause Young (Allocation Failure)
[18.615s][info][gc,heap        ] GC(178) DefNew: 147186K(157248K)->12166K(157248K) Eden: 139776K(139776K)->0K(139776K) From: 7410K(17472K)->12166K(17472K)
[18.615s][info][gc,heap        ] GC(178) Tenured: 25347K(349568K)->25347K(349568K)
[18.615s][info][gc,metaspace   ] GC(178) Metaspace: 8594K(8832K)->8594K(8832K) NonClass: 7442K(7552K)->7442K(7552K) Class: 1151K(1280K)->1151K(1280K)
[18.615s][info][gc             ] GC(178) Pause Young (Allocation Failure) 168M->36M(494M) 27.790ms
[18.615s][info][gc,cpu         ] GC(178) User=0.02s Sys=0.00s Real=0.02s
[18.695s][info][gc,start       ] GC(179) Pause Young (Allocation Failure)
[18.721s][info][gc,heap        ] GC(179) DefNew: 151942K(157248K)->7728K(157248K) Eden: 139776K(139776K)->0K(139776K) From: 12166K(17472K)->7728K(17472K)
[18.721s][info][gc,heap        ] GC(179) Tenured: 25347K(349568K)->30245K(349568K)
[18.721s][info][gc,metaspace   ] GC(179) Metaspace: 8594K(8832K)->8594K(8832K) NonClass: 7442K(7552K)->7442K(7552K) Class: 1151K(1280K)->1151K(1280K)
[18.721s][info][gc             ] GC(179) Pause Young (Allocation Failure) 173M->37M(494M) 26.146ms
[18.721s][info][gc,cpu         ] GC(179) User=0.03s Sys=0.00s Real=0.03s
[18.795s][info][gc,start       ] GC(180) Pause Young (Allocation Failure)
[18.814s][info][gc,heap        ] GC(180) DefNew: 147504K(157248K)->8177K(157248K) Eden: 139776K(139776K)->0K(139776K) From: 7728K(17472K)->8177K(17472K)
[18.814s][info][gc,heap        ] GC(180) Tenured: 30245K(349568K)->30245K(349568K)
[18.814s][info][gc,metaspace   ] GC(180) Metaspace: 8594K(8832K)->8594K(8832K) NonClass: 7442K(7552K)->7442K(7552K) Class: 1151K(1280K)->1151K(1280K)
[18.814s][info][gc             ] GC(180) Pause Young (Allocation Failure) 173M->37M(494M) 19.218ms
[18.814s][info][gc,cpu         ] GC(180) User=0.03s Sys=0.00s Real=0.03s
[18.892s][info][gc,start       ] GC(181) Pause Young (Allocation Failure)
[18.912s][info][gc,heap        ] GC(181) DefNew: 147953K(157248K)->8709K(157248K) Eden: 139776K(139776K)->0K(139776K) From: 8177K(17472K)->8709K(17472K)
[18.912s][info][gc,heap        ] GC(181) Tenured: 30245K(349568K)->30245K(349568K)
[18.912s][info][gc,metaspace   ] GC(181) Metaspace: 8594K(8832K)->8594K(8832K) NonClass: 7442K(7552K)->7442K(7552K) Class: 1151K(1280K)->1151K(1280K)
[18.912s][info][gc             ] GC(181) Pause Young (Allocation Failure) 174M->38M(494M) 20.447ms
[18.912s][info][gc,cpu         ] GC(181) User=0.02s Sys=0.00s Real=0.02s
[18.996s][info][gc,start       ] GC(182) Pause Young (Allocation Failure)
[19.017s][info][gc,heap        ] GC(182) DefNew: 148485K(157248K)->9132K(157248K) Eden: 139776K(139776K)->0K(139776K) From: 8709K(17472K)->9132K(17472K)
[19.017s][info][gc,heap        ] GC(182) Tenured: 30245K(349568K)->30245K(349568K)
[19.017s][info][gc,metaspace   ] GC(182) Metaspace: 8594K(8832K)->8594K(8832K) NonClass: 7442K(7552K)->7442K(7552K) Class: 1151K(1280K)->1151K(1280K)
[19.017s][info][gc             ] GC(182) Pause Young (Allocation Failure) 174M->38M(494M) 20.416ms
[19.017s][info][gc,cpu         ] GC(182) User=0.03s Sys=0.00s Real=0.03s
[19.112s][info][gc,start       ] GC(183) Pause Young (Allocation Failure)
[19.133s][info][gc,heap        ] GC(183) DefNew: 148908K(157248K)->8403K(157248K) Eden: 139776K(139776K)->0K(139776K) From: 9132K(17472K)->8403K(17472K)
[19.133s][info][gc,heap        ] GC(183) Tenured: 30245K(349568K)->31449K(349568K)
[19.133s][info][gc,metaspace   ] GC(183) Metaspace: 8594K(8832K)->8594K(8832K) NonClass: 7442K(7552K)->7442K(7552K) Class: 1151K(1280K)->1151K(1280K)
[19.133s][info][gc             ] GC(183) Pause Young (Allocation Failure) 174M->38M(494M) 20.635ms
[19.133s][info][gc,cpu         ] GC(183) User=0.02s Sys=0.00s Real=0.02s
[19.216s][info][gc,start       ] GC(184) Pause Young (Allocation Failure)
[19.238s][info][gc,heap        ] GC(184) DefNew: 148179K(157248K)->8810K(157248K) Eden: 139776K(139776K)->0K(139776K) From: 8403K(17472K)->8810K(17472K)
[19.238s][info][gc,heap        ] GC(184) Tenured: 31449K(349568K)->31449K(349568K)
[19.238s][info][gc,metaspace   ] GC(184) Metaspace: 8594K(8832K)->8594K(8832K) NonClass: 7442K(7552K)->7442K(7552K) Class: 1151K(1280K)->1151K(1280K)
[19.238s][info][gc             ] GC(184) Pause Young (Allocation Failure) 175M->39M(494M) 21.913ms
[19.238s][info][gc,cpu         ] GC(184) User=0.03s Sys=0.00s Real=0.04s
[19.314s][info][gc,start       ] GC(185) Pause Young (Allocation Failure)
[19.335s][info][gc,heap        ] GC(185) DefNew: 148586K(157248K)->3491K(157248K) Eden: 139776K(139776K)->0K(139776K) From: 8810K(17472K)->3491K(17472K)
[19.335s][info][gc,heap        ] GC(185) Tenured: 31449K(349568K)->37179K(349568K)
[19.335s][info][gc,metaspace   ] GC(185) Metaspace: 8594K(8832K)->8594K(8832K) NonClass: 7442K(7552K)->7442K(7552K) Class: 1151K(1280K)->1151K(1280K)
[19.335s][info][gc             ] GC(185) Pause Young (Allocation Failure) 175M->39M(494M) 21.309ms
[19.335s][info][gc,cpu         ] GC(185) User=0.03s Sys=0.00s Real=0.03s
[19.406s][info][gc,start       ] GC(186) Pause Young (Allocation Failure)
[19.416s][info][gc,heap        ] GC(186) DefNew: 143267K(157248K)->3981K(157248K) Eden: 139776K(139776K)->0K(139776K) From: 3491K(17472K)->3981K(17472K)
[19.416s][info][gc,heap        ] GC(186) Tenured: 37179K(349568K)->37179K(349568K)
[19.416s][info][gc,metaspace   ] GC(186) Metaspace: 8594K(8832K)->8594K(8832K) NonClass: 7442K(7552K)->7442K(7552K) Class: 1151K(1280K)->1151K(1280K)
[19.417s][info][gc             ] GC(186) Pause Young (Allocation Failure) 176M->40M(494M) 10.386ms
[19.417s][info][gc,cpu         ] GC(186) User=0.02s Sys=0.00s Real=0.01s
[19.796s][info][gc,start       ] GC(187) Pause Young (Allocation Failure)
[19.937s][info][gc,heap        ] GC(187) DefNew: 143757K(157248K)->17471K(157248K) Eden: 139776K(139776K)->0K(139776K) From: 3981K(17472K)->17471K(17472K)
[19.937s][info][gc,heap        ] GC(187) Tenured: 37179K(349568K)->73386K(349568K)
[19.937s][info][gc,metaspace   ] GC(187) Metaspace: 8594K(8832K)->8594K(8832K) NonClass: 7442K(7552K)->7442K(7552K) Class: 1151K(1280K)->1151K(1280K)
[19.937s][info][gc             ] GC(187) Pause Young (Allocation Failure) 176M->88M(494M) 141.472ms
[19.937s][info][gc,cpu         ] GC(187) User=0.14s Sys=0.00s Real=0.15s
[19.989s][info][gc,start       ] GC(188) Pause Full (System.gc())
[19.989s][info][gc,phases,start] GC(188) Phase 1: Mark live objects
[20.000s][info][gc,phases      ] GC(188) Phase 1: Mark live objects 10.995ms
[20.000s][info][gc,phases,start] GC(188) Phase 2: Compute new object addresses
[20.034s][info][gc,phases      ] GC(188) Phase 2: Compute new object addresses 33.591ms
[20.034s][info][gc,phases,start] GC(188) Phase 3: Adjust pointers
[20.037s][info][gc,phases      ] GC(188) Phase 3: Adjust pointers 2.681ms
[20.037s][info][gc,phases,start] GC(188) Phase 4: Move objects
[20.037s][info][gc,phases      ] GC(188) Phase 4: Move objects 0.012ms
[20.037s][info][gc,heap        ] GC(188) DefNew: 42625K(157248K)->0K(157248K) Eden: 25153K(139776K)->0K(139776K) From: 17471K(17472K)->0K(17472K)
[20.037s][info][gc,heap        ] GC(188) Tenured: 73386K(349568K)->3528K(349568K)
[20.037s][info][gc,metaspace   ] GC(188) Metaspace: 8594K(8832K)->8594K(8832K) NonClass: 7442K(7552K)->7442K(7552K) Class: 1151K(1280K)->1151K(1280K)
[20.037s][info][gc             ] GC(188) Pause Full (System.gc()) 113M->3M(494M) 47.616ms
[20.037s][info][gc,cpu         ] GC(188) User=0.05s Sys=0.00s Real=0.05s
[20.115s][info][gc,start       ] GC(189) Pause Young (Allocation Failure)
[20.117s][info][gc,heap        ] GC(189) DefNew: 139776K(157248K)->518K(157248K) Eden: 139776K(139776K)->0K(139776K) From: 0K(17472K)->518K(17472K)
[20.117s][info][gc,heap        ] GC(189) Tenured: 3528K(349568K)->3528K(349568K)
[20.117s][info][gc,metaspace   ] GC(189) Metaspace: 8594K(8832K)->8594K(8832K) NonClass: 7443K(7552K)->7443K(7552K) Class: 1151K(1280K)->1151K(1280K)
[20.117s][info][gc             ] GC(189) Pause Young (Allocation Failure) 139M->3M(494M) 2.247ms
[20.118s][info][gc,cpu         ] GC(189) User=0.00s Sys=0.00s Real=0.00s
[20.181s][info][gc,start       ] GC(190) Pause Young (Allocation Failure)
[20.184s][info][gc,heap        ] GC(190) DefNew: 140294K(157248K)->962K(157248K) Eden: 139776K(139776K)->0K(139776K) From: 518K(17472K)->962K(17472K)
[20.184s][info][gc,heap        ] GC(190) Tenured: 3528K(349568K)->3528K(349568K)
[20.184s][info][gc,metaspace   ] GC(190) Metaspace: 8594K(8832K)->8594K(8832K) NonClass: 7443K(7552K)->7443K(7552K) Class: 1151K(1280K)->1151K(1280K)
[20.184s][info][gc             ] GC(190) Pause Young (Allocation Failure) 140M->4M(494M) 3.356ms
[20.184s][info][gc,cpu         ] GC(190) User=0.00s Sys=0.00s Real=0.00s
[20.248s][info][gc,start       ] GC(191) Pause Young (Allocation Failure)
[20.253s][info][gc,heap        ] GC(191) DefNew: 140738K(157248K)->1442K(157248K) Eden: 139776K(139776K)->0K(139776K) From: 962K(17472K)->1442K(17472K)
[20.253s][info][gc,heap        ] GC(191) Tenured: 3528K(349568K)->3528K(349568K)
[20.253s][info][gc,metaspace   ] GC(191) Metaspace: 8594K(8832K)->8594K(8832K) NonClass: 7443K(7552K)->7443K(7552K) Class: 1151K(1280K)->1151K(1280K)
[20.253s][info][gc             ] GC(191) Pause Young (Allocation Failure) 140M->4M(494M) 4.854ms
[20.253s][info][gc,cpu         ] GC(191) User=0.00s Sys=0.00s Real=0.00s
[20.323s][info][gc,start       ] GC(192) Pause Young (Allocation Failure)
[20.329s][info][gc,heap        ] GC(192) DefNew: 141218K(157248K)->1942K(157248K) Eden: 139776K(139776K)->0K(139776K) From: 1442K(17472K)->1942K(17472K)
[20.329s][info][gc,heap        ] GC(192) Tenured: 3528K(349568K)->3528K(349568K)
[20.329s][info][gc,metaspace   ] GC(192) Metaspace: 8594K(8832K)->8594K(8832K) NonClass: 7443K(7552K)->7443K(7552K) Class: 1151K(1280K)->1151K(1280K)
[20.329s][info][gc             ] GC(192) Pause Young (Allocation Failure) 141M->5M(494M) 6.670ms
[20.329s][info][gc,cpu         ] GC(192) User=0.02s Sys=0.00s Real=0.02s
[20.394s][info][gc,start       ] GC(193) Pause Young (Allocation Failure)
[20.401s][info][gc,heap        ] GC(193) DefNew: 141718K(157248K)->2391K(157248K) Eden: 139776K(139776K)->0K(139776K) From: 1942K(17472K)->2391K(17472K)
[20.401s][info][gc,heap        ] GC(193) Tenured: 3528K(349568K)->3528K(349568K)
[20.401s][info][gc,metaspace   ] GC(193) Metaspace: 8594K(8832K)->8594K(8832K) NonClass: 7443K(7552K)->7443K(7552K) Class: 1151K(1280K)->1151K(1280K)
[20.401s][info][gc             ] GC(193) Pause Young (Allocation Failure) 141M->5M(494M) 6.774ms
[20.401s][info][gc,cpu         ] GC(193) User=0.00s Sys=0.00s Real=0.00s
[20.464s][info][gc,start       ] GC(194) Pause Young (Allocation Failure)
[20.472s][info][gc,heap        ] GC(194) DefNew: 142167K(157248K)->2848K(157248K) Eden: 139776K(139776K)->0K(139776K) From: 2391K(17472K)->2848K(17472K)
[20.472s][info][gc,heap        ] GC(194) Tenured: 3528K(349568K)->3528K(349568K)
[20.472s][info][gc,metaspace   ] GC(194) Metaspace: 8594K(8832K)->8594K(8832K) NonClass: 7443K(7552K)->7443K(7552K) Class: 1151K(1280K)->1151K(1280K)
[20.472s][info][gc             ] GC(194) Pause Young (Allocation Failure) 142M->6M(494M) 7.699ms
[20.472s][info][gc,cpu         ] GC(194) User=0.00s Sys=0.00s Real=0.00s
[20.542s][info][gc,start       ] GC(195) Pause Young (Allocation Failure)
[20.552s][info][gc,heap        ] GC(195) DefNew: 142624K(157248K)->3238K(157248K) Eden: 139776K(139776K)->0K(139776K) From: 2848K(17472K)->3238K(17472K)
[20.552s][info][gc,heap        ] GC(195) Tenured: 3528K(349568K)->3528K(349568K)
[20.552s][info][gc,metaspace   ] GC(195) Metaspace: 8594K(8832K)->8594K(8832K) NonClass: 7443K(7552K)->7443K(7552K) Class: 1151K(1280K)->1151K(1280K)
[20.552s][info][gc             ] GC(195) Pause Young (Allocation Failure) 142M->6M(494M) 9.897ms
[20.552s][info][gc,cpu         ] GC(195) User=0.02s Sys=0.00s Real=0.02s
[20.619s][info][gc,start       ] GC(196) Pause Young (Allocation Failure)
[20.629s][info][gc,heap        ] GC(196) DefNew: 143014K(157248K)->3676K(157248K) Eden: 139776K(139776K)->0K(139776K) From: 3238K(17472K)->3676K(17472K)
[20.629s][info][gc,heap        ] GC(196) Tenured: 3528K(349568K)->3528K(349568K)
[20.629s][info][gc,metaspace   ] GC(196) Metaspace: 8594K(8832K)->8594K(8832K) NonClass: 7443K(7552K)->7443K(7552K) Class: 1151K(1280K)->1151K(1280K)
[20.629s][info][gc             ] GC(196) Pause Young (Allocation Failure) 143M->7M(494M) 9.563ms
[20.629s][info][gc,cpu         ] GC(196) User=0.00s Sys=0.00s Real=0.00s
[20.698s][info][gc,start       ] GC(197) Pause Young (Allocation Failure)
[20.709s][info][gc,heap        ] GC(197) DefNew: 143452K(157248K)->4276K(157248K) Eden: 139776K(139776K)->0K(139776K) From: 3676K(17472K)->4276K(17472K)
[20.709s][info][gc,heap        ] GC(197) Tenured: 3528K(349568K)->3528K(349568K)
[20.709s][info][gc,metaspace   ] GC(197) Metaspace: 8594K(8832K)->8594K(8832K) NonClass: 7443K(7552K)->7443K(7552K) Class: 1151K(1280K)->1151K(1280K)
[20.709s][info][gc             ] GC(197) Pause Young (Allocation Failure) 143M->7M(494M) 11.433ms
[20.709s][info][gc,cpu         ] GC(197) User=0.02s Sys=0.00s Real=0.02s
[20.786s][info][gc,start       ] GC(198) Pause Young (Allocation Failure)
[20.801s][info][gc,heap        ] GC(198) DefNew: 144052K(157248K)->4837K(157248K) Eden: 139776K(139776K)->0K(139776K) From: 4276K(17472K)->4837K(17472K)
[20.802s][info][gc,heap        ] GC(198) Tenured: 3528K(349568K)->3528K(349568K)
[20.802s][info][gc,metaspace   ] GC(198) Metaspace: 8594K(8832K)->8594K(8832K) NonClass: 7443K(7552K)->7443K(7552K) Class: 1151K(1280K)->1151K(1280K)
[20.802s][info][gc             ] GC(198) Pause Young (Allocation Failure) 144M->8M(494M) 15.916ms
[20.802s][info][gc,cpu         ] GC(198) User=0.02s Sys=0.00s Real=0.02s
[20.869s][info][gc,start       ] GC(199) Pause Young (Allocation Failure)
[20.881s][info][gc,heap        ] GC(199) DefNew: 144613K(157248K)->5259K(157248K) Eden: 139776K(139776K)->0K(139776K) From: 4837K(17472K)->5259K(17472K)
[20.881s][info][gc,heap        ] GC(199) Tenured: 3528K(349568K)->3528K(349568K)
[20.881s][info][gc,metaspace   ] GC(199) Metaspace: 8594K(8832K)->8594K(8832K) NonClass: 7443K(7552K)->7443K(7552K) Class: 1151K(1280K)->1151K(1280K)
[20.881s][info][gc             ] GC(199) Pause Young (Allocation Failure) 144M->8M(494M) 12.213ms
[20.881s][info][gc,cpu         ] GC(199) User=0.02s Sys=0.00s Real=0.02s
[20.957s][info][gc,start       ] GC(200) Pause Young (Allocation Failure)
[20.971s][info][gc,heap        ] GC(200) DefNew: 145035K(157248K)->5708K(157248K) Eden: 139776K(139776K)->0K(139776K) From: 5259K(17472K)->5708K(17472K)
[20.971s][info][gc,heap        ] GC(200) Tenured: 3528K(349568K)->3528K(349568K)
[20.971s][info][gc,metaspace   ] GC(200) Metaspace: 8594K(8832K)->8594K(8832K) NonClass: 7443K(7552K)->7443K(7552K) Class: 1151K(1280K)->1151K(1280K)
[20.971s][info][gc             ] GC(200) Pause Young (Allocation Failure) 145M->9M(494M) 13.860ms
[20.971s][info][gc,cpu         ] GC(200) User=0.02s Sys=0.00s Real=0.02s
[21.055s][info][gc,start       ] GC(201) Pause Young (Allocation Failure)
[21.070s][info][gc,heap        ] GC(201) DefNew: 145484K(157248K)->6237K(157248K) Eden: 139776K(139776K)->0K(139776K) From: 5708K(17472K)->6237K(17472K)
[21.070s][info][gc,heap        ] GC(201) Tenured: 3528K(349568K)->3528K(349568K)
[21.070s][info][gc,metaspace   ] GC(201) Metaspace: 8594K(8832K)->8594K(8832K) NonClass: 7443K(7552K)->7443K(7552K) Class: 1151K(1280K)->1151K(1280K)
[21.070s][info][gc             ] GC(201) Pause Young (Allocation Failure) 145M->9M(494M) 15.848ms
[21.071s][info][gc,cpu         ] GC(201) User=0.02s Sys=0.00s Real=0.01s
[21.141s][info][gc,start       ] GC(202) Pause Young (Allocation Failure)
[21.155s][info][gc,heap        ] GC(202) DefNew: 146013K(157248K)->6694K(157248K) Eden: 139776K(139776K)->0K(139776K) From: 6237K(17472K)->6694K(17472K)
[21.155s][info][gc,heap        ] GC(202) Tenured: 3528K(349568K)->3528K(349568K)
[21.155s][info][gc,metaspace   ] GC(202) Metaspace: 8594K(8832K)->8594K(8832K) NonClass: 7443K(7552K)->7443K(7552K) Class: 1151K(1280K)->1151K(1280K)
[21.155s][info][gc             ] GC(202) Pause Young (Allocation Failure) 146M->9M(494M) 14.297ms
[21.155s][info][gc,cpu         ] GC(202) User=0.02s Sys=0.00s Real=0.02s
[21.224s][info][gc,start       ] GC(203) Pause Young (Allocation Failure)
[21.239s][info][gc,heap        ] GC(203) DefNew: 146470K(157248K)->7114K(157248K) Eden: 139776K(139776K)->0K(139776K) From: 6694K(17472K)->7114K(17472K)
[21.239s][info][gc,heap        ] GC(203) Tenured: 3528K(349568K)->3528K(349568K)
[21.239s][info][gc,metaspace   ] GC(203) Metaspace: 8594K(8832K)->8594K(8832K) NonClass: 7443K(7552K)->7443K(7552K) Class: 1151K(1280K)->1151K(1280K)
[21.240s][info][gc             ] GC(203) Pause Young (Allocation Failure) 146M->10M(494M) 15.959ms
[21.240s][info][gc,cpu         ] GC(203) User=0.02s Sys=0.00s Real=0.02s
[21.315s][info][gc,start       ] GC(204) Pause Young (Allocation Failure)
[21.333s][info][gc,heap        ] GC(204) DefNew: 146890K(157248K)->7528K(157248K) Eden: 139776K(139776K)->0K(139776K) From: 7114K(17472K)->7528K(17472K)
[21.333s][info][gc,heap        ] GC(204) Tenured: 3528K(349568K)->3533K(349568K)
[21.333s][info][gc,metaspace   ] GC(204) Metaspace: 8594K(8832K)->8594K(8832K) NonClass: 7443K(7552K)->7443K(7552K) Class: 1151K(1280K)->1151K(1280K)
[21.333s][info][gc             ] GC(204) Pause Young (Allocation Failure) 146M->10M(494M) 18.254ms
[21.333s][info][gc,cpu         ] GC(204) User=0.02s Sys=0.00s Real=0.02s
[21.404s][info][gc,start       ] GC(205) Pause Young (Allocation Failure)
[21.421s][info][gc,heap        ] GC(205) DefNew: 147304K(157248K)->7983K(157248K) Eden: 139776K(139776K)->0K(139776K) From: 7528K(17472K)->7983K(17472K)
[21.421s][info][gc,heap        ] GC(205) Tenured: 3533K(349568K)->3533K(349568K)
[21.421s][info][gc,metaspace   ] GC(205) Metaspace: 8594K(8832K)->8594K(8832K) NonClass: 7443K(7552K)->7443K(7552K) Class: 1151K(1280K)->1151K(1280K)
[21.421s][info][gc             ] GC(205) Pause Young (Allocation Failure) 147M->11M(494M) 17.224ms
[21.421s][info][gc,cpu         ] GC(205) User=0.02s Sys=0.00s Real=0.02s
[21.491s][info][gc,start       ] GC(206) Pause Young (Allocation Failure)
[21.508s][info][gc,heap        ] GC(206) DefNew: 147759K(157248K)->8438K(157248K) Eden: 139776K(139776K)->0K(139776K) From: 7983K(17472K)->8438K(17472K)
[21.508s][info][gc,heap        ] GC(206) Tenured: 3533K(349568K)->3533K(349568K)
[21.508s][info][gc,metaspace   ] GC(206) Metaspace: 8594K(8832K)->8594K(8832K) NonClass: 7443K(7552K)->7443K(7552K) Class: 1151K(1280K)->1151K(1280K)
[21.508s][info][gc             ] GC(206) Pause Young (Allocation Failure) 147M->11M(494M) 17.168ms
[21.508s][info][gc,cpu         ] GC(206) User=0.02s Sys=0.00s Real=0.02s
[21.591s][info][gc,start       ] GC(207) Pause Young (Allocation Failure)
[21.613s][info][gc,heap        ] GC(207) DefNew: 148214K(157248K)->9049K(157248K) Eden: 139776K(139776K)->0K(139776K) From: 8438K(17472K)->9049K(17472K)
[21.613s][info][gc,heap        ] GC(207) Tenured: 3533K(349568K)->3533K(349568K)
[21.613s][info][gc,metaspace   ] GC(207) Metaspace: 8594K(8832K)->8594K(8832K) NonClass: 7443K(7552K)->7443K(7552K) Class: 1151K(1280K)->1151K(1280K)
[21.613s][info][gc             ] GC(207) Pause Young (Allocation Failure) 148M->12M(494M) 22.353ms
[21.613s][info][gc,cpu         ] GC(207) User=0.02s Sys=0.00s Real=0.02s
[21.683s][info][gc,start       ] GC(208) Pause Young (Allocation Failure)
[21.702s][info][gc,heap        ] GC(208) DefNew: 148825K(157248K)->5167K(157248K) Eden: 139776K(139776K)->0K(139776K) From: 9049K(17472K)->5167K(17472K)
[21.702s][info][gc,heap        ] GC(208) Tenured: 3533K(349568K)->7864K(349568K)
[21.702s][info][gc,metaspace   ] GC(208) Metaspace: 8594K(8832K)->8594K(8832K) NonClass: 7443K(7552K)->7443K(7552K) Class: 1151K(1280K)->1151K(1280K)
[21.702s][info][gc             ] GC(208) Pause Young (Allocation Failure) 148M->12M(494M) 18.966ms
[21.702s][info][gc,cpu         ] GC(208) User=0.02s Sys=0.00s Real=0.01s
[21.772s][info][gc,start       ] GC(209) Pause Young (Allocation Failure)
[21.786s][info][gc,heap        ] GC(209) DefNew: 144943K(157248K)->5640K(157248K) Eden: 139776K(139776K)->0K(139776K) From: 5167K(17472K)->5640K(17472K)
[21.786s][info][gc,heap        ] GC(209) Tenured: 7864K(349568K)->7864K(349568K)
[21.786s][info][gc,metaspace   ] GC(209) Metaspace: 8594K(8832K)->8594K(8832K) NonClass: 7443K(7552K)->7443K(7552K) Class: 1151K(1280K)->1151K(1280K)
[21.786s][info][gc             ] GC(209) Pause Young (Allocation Failure) 149M->13M(494M) 13.480ms
[21.786s][info][gc,cpu         ] GC(209) User=0.02s Sys=0.00s Real=0.02s
[21.858s][info][gc,start       ] GC(210) Pause Young (Allocation Failure)
[21.874s][info][gc,heap        ] GC(210) DefNew: 145416K(157248K)->6141K(157248K) Eden: 139776K(139776K)->0K(139776K) From: 5640K(17472K)->6141K(17472K)
[21.874s][info][gc,heap        ] GC(210) Tenured: 7864K(349568K)->7864K(349568K)
[21.874s][info][gc,metaspace   ] GC(210) Metaspace: 8594K(8832K)->8594K(8832K) NonClass: 7443K(7552K)->7443K(7552K) Class: 1151K(1280K)->1151K(1280K)
[21.874s][info][gc             ] GC(210) Pause Young (Allocation Failure) 149M->13M(494M) 16.163ms
[21.874s][info][gc,cpu         ] GC(210) User=0.02s Sys=0.00s Real=0.02s
[21.945s][info][gc,start       ] GC(211) Pause Young (Allocation Failure)
[21.961s][info][gc,heap        ] GC(211) DefNew: 145917K(157248K)->6558K(157248K) Eden: 139776K(139776K)->0K(139776K) From: 6141K(17472K)->6558K(17472K)
[21.961s][info][gc,heap        ] GC(211) Tenured: 7864K(349568K)->7864K(349568K)
[21.961s][info][gc,metaspace   ] GC(211) Metaspace: 8594K(8832K)->8594K(8832K) NonClass: 7443K(7552K)->7443K(7552K) Class: 1151K(1280K)->1151K(1280K)
[21.961s][info][gc             ] GC(211) Pause Young (Allocation Failure) 150M->14M(494M) 16.181ms
[21.961s][info][gc,cpu         ] GC(211) User=0.02s Sys=0.00s Real=0.02s
[22.031s][info][gc,start       ] GC(212) Pause Young (Allocation Failure)
[22.047s][info][gc,heap        ] GC(212) DefNew: 146334K(157248K)->7050K(157248K) Eden: 139776K(139776K)->0K(139776K) From: 6558K(17472K)->7050K(17472K)
[22.047s][info][gc,heap        ] GC(212) Tenured: 7864K(349568K)->7864K(349568K)
[22.047s][info][gc,metaspace   ] GC(212) Metaspace: 8594K(8832K)->8594K(8832K) NonClass: 7443K(7552K)->7443K(7552K) Class: 1151K(1280K)->1151K(1280K)
[22.047s][info][gc             ] GC(212) Pause Young (Allocation Failure) 150M->14M(494M) 16.141ms
[22.047s][info][gc,cpu         ] GC(212) User=0.02s Sys=0.00s Real=0.02s
[22.119s][info][gc,start       ] GC(213) Pause Young (Allocation Failure)
[22.138s][info][gc,heap        ] GC(213) DefNew: 146826K(157248K)->7442K(157248K) Eden: 139776K(139776K)->0K(139776K) From: 7050K(17472K)->7442K(17472K)
[22.138s][info][gc,heap        ] GC(213) Tenured: 7864K(349568K)->7864K(349568K)
[22.138s][info][gc,metaspace   ] GC(213) Metaspace: 8594K(8832K)->8594K(8832K) NonClass: 7443K(7552K)->7443K(7552K) Class: 1151K(1280K)->1151K(1280K)
[22.138s][info][gc             ] GC(213) Pause Young (Allocation Failure) 151M->14M(494M) 18.860ms
[22.138s][info][gc,cpu         ] GC(213) User=0.02s Sys=0.00s Real=0.02s
[22.227s][info][gc,start       ] GC(214) Pause Young (Allocation Failure)
[22.245s][info][gc,heap        ] GC(214) DefNew: 147218K(157248K)->7876K(157248K) Eden: 139776K(139776K)->0K(139776K) From: 7442K(17472K)->7876K(17472K)
[22.245s][info][gc,heap        ] GC(214) Tenured: 7864K(349568K)->7864K(349568K)
[22.245s][info][gc,metaspace   ] GC(214) Metaspace: 8594K(8832K)->8594K(8832K) NonClass: 7443K(7552K)->7443K(7552K) Class: 1151K(1280K)->1151K(1280K)
[22.245s][info][gc             ] GC(214) Pause Young (Allocation Failure) 151M->15M(494M) 17.882ms
[22.245s][info][gc,cpu         ] GC(214) User=0.02s Sys=0.00s Real=0.02s
[22.322s][info][gc,start       ] GC(215) Pause Young (Allocation Failure)
[22.340s][info][gc,heap        ] GC(215) DefNew: 147652K(157248K)->8329K(157248K) Eden: 139776K(139776K)->0K(139776K) From: 7876K(17472K)->8329K(17472K)
[22.340s][info][gc,heap        ] GC(215) Tenured: 7864K(349568K)->7864K(349568K)
[22.340s][info][gc,metaspace   ] GC(215) Metaspace: 8594K(8832K)->8594K(8832K) NonClass: 7443K(7552K)->7443K(7552K) Class: 1151K(1280K)->1151K(1280K)
[22.340s][info][gc             ] GC(215) Pause Young (Allocation Failure) 151M->15M(494M) 18.074ms
[22.340s][info][gc,cpu         ] GC(215) User=0.02s Sys=0.00s Real=0.02s
[22.442s][info][gc,start       ] GC(216) Pause Young (Allocation Failure)
[22.489s][info][gc,heap        ] GC(216) DefNew: 148105K(157248K)->17471K(157248K) Eden: 139776K(139776K)->0K(139776K) From: 8329K(17472K)->17471K(17472K)
[22.489s][info][gc,heap        ] GC(216) Tenured: 7864K(349568K)->7921K(349568K)
[22.489s][info][gc,metaspace   ] GC(216) Metaspace: 8594K(8832K)->8594K(8832K) NonClass: 7443K(7552K)->7443K(7552K) Class: 1151K(1280K)->1151K(1280K)
[22.489s][info][gc             ] GC(216) Pause Young (Allocation Failure) 152M->24M(494M) 46.594ms
[22.489s][info][gc,cpu         ] GC(216) User=0.05s Sys=0.00s Real=0.05s
[22.568s][info][gc,start       ] GC(217) Pause Young (Allocation Failure)
[22.599s][info][gc,heap        ] GC(217) DefNew: 157247K(157248K)->518K(157248K) Eden: 139776K(139776K)->0K(139776K) From: 17471K(17472K)->518K(17472K)
[22.599s][info][gc,heap        ] GC(217) Tenured: 7921K(349568K)->25347K(349568K)
[22.600s][info][gc,metaspace   ] GC(217) Metaspace: 8594K(8832K)->8594K(8832K) NonClass: 7443K(7552K)->7443K(7552K) Class: 1151K(1280K)->1151K(1280K)
[22.600s][info][gc             ] GC(217) Pause Young (Allocation Failure) 161M->25M(494M) 31.468ms
[22.600s][info][gc,cpu         ] GC(217) User=0.03s Sys=0.00s Real=0.03s
[22.675s][info][gc,start       ] GC(218) Pause Young (Allocation Failure)
[22.679s][info][gc,heap        ] GC(218) DefNew: 140294K(157248K)->943K(157248K) Eden: 139776K(139776K)->0K(139776K) From: 518K(17472K)->943K(17472K)
[22.679s][info][gc,heap        ] GC(218) Tenured: 25347K(349568K)->25347K(349568K)
[22.679s][info][gc,metaspace   ] GC(218) Metaspace: 8594K(8832K)->8594K(8832K) NonClass: 7443K(7552K)->7443K(7552K) Class: 1151K(1280K)->1151K(1280K)
[22.679s][info][gc             ] GC(218) Pause Young (Allocation Failure) 161M->25M(494M) 3.516ms
[22.679s][info][gc,cpu         ] GC(218) User=0.00s Sys=0.00s Real=0.00s
[22.749s][info][gc,start       ] GC(219) Pause Young (Allocation Failure)
[22.764s][info][gc,heap        ] GC(219) DefNew: 140719K(157248K)->5189K(157248K) Eden: 139776K(139776K)->0K(139776K) From: 943K(17472K)->5189K(17472K)
[22.764s][info][gc,heap        ] GC(219) Tenured: 25347K(349568K)->25347K(349568K)
[22.764s][info][gc,metaspace   ] GC(219) Metaspace: 8594K(8832K)->8594K(8832K) NonClass: 7443K(7552K)->7443K(7552K) Class: 1151K(1280K)->1151K(1280K)
[22.764s][info][gc             ] GC(219) Pause Young (Allocation Failure) 162M->29M(494M) 15.661ms
[22.764s][info][gc,cpu         ] GC(219) User=0.02s Sys=0.00s Real=0.01s
[22.835s][info][gc,start       ] GC(220) Pause Young (Allocation Failure)
[22.849s][info][gc,heap        ] GC(220) DefNew: 144965K(157248K)->5633K(157248K) Eden: 139776K(139776K)->0K(139776K) From: 5189K(17472K)->5633K(17472K)
[22.849s][info][gc,heap        ] GC(220) Tenured: 25347K(349568K)->25347K(349568K)
[22.849s][info][gc,metaspace   ] GC(220) Metaspace: 8594K(8832K)->8594K(8832K) NonClass: 7443K(7552K)->7443K(7552K) Class: 1151K(1280K)->1151K(1280K)
[22.849s][info][gc             ] GC(220) Pause Young (Allocation Failure) 166M->30M(494M) 14.071ms
[22.849s][info][gc,cpu         ] GC(220) User=0.02s Sys=0.00s Real=0.01s
[22.915s][info][gc,start       ] GC(221) Pause Young (Allocation Failure)
[22.930s][info][gc,heap        ] GC(221) DefNew: 145409K(157248K)->6127K(157248K) Eden: 139776K(139776K)->0K(139776K) From: 5633K(17472K)->6127K(17472K)
[22.930s][info][gc,heap        ] GC(221) Tenured: 25347K(349568K)->25347K(349568K)
[22.930s][info][gc,metaspace   ] GC(221) Metaspace: 8594K(8832K)->8594K(8832K) NonClass: 7443K(7552K)->7443K(7552K) Class: 1151K(1280K)->1151K(1280K)
[22.931s][info][gc             ] GC(221) Pause Young (Allocation Failure) 166M->30M(494M) 15.528ms
[22.931s][info][gc,cpu         ] GC(221) User=0.02s Sys=0.00s Real=0.02s
[23.003s][info][gc,start       ] GC(222) Pause Young (Allocation Failure)
[23.020s][info][gc,heap        ] GC(222) DefNew: 145903K(157248K)->6511K(157248K) Eden: 139776K(139776K)->0K(139776K) From: 6127K(17472K)->6511K(17472K)
[23.020s][info][gc,heap        ] GC(222) Tenured: 25347K(349568K)->25347K(349568K)
[23.020s][info][gc,metaspace   ] GC(222) Metaspace: 8594K(8832K)->8594K(8832K) NonClass: 7443K(7552K)->7443K(7552K) Class: 1151K(1280K)->1151K(1280K)
[23.020s][info][gc             ] GC(222) Pause Young (Allocation Failure) 167M->31M(494M) 17.451ms
[23.020s][info][gc,cpu         ] GC(222) User=0.02s Sys=0.00s Real=0.01s
[23.092s][info][gc,start       ] GC(223) Pause Young (Allocation Failure)
[23.110s][info][gc,heap        ] GC(223) DefNew: 146287K(157248K)->6947K(157248K) Eden: 139776K(139776K)->0K(139776K) From: 6511K(17472K)->6947K(17472K)
[23.110s][info][gc,heap        ] GC(223) Tenured: 25347K(349568K)->25347K(349568K)
[23.110s][info][gc,metaspace   ] GC(223) Metaspace: 8594K(8832K)->8594K(8832K) NonClass: 7443K(7552K)->7443K(7552K) Class: 1151K(1280K)->1151K(1280K)
[23.110s][info][gc             ] GC(223) Pause Young (Allocation Failure) 167M->31M(494M) 17.363ms
[23.110s][info][gc,cpu         ] GC(223) User=0.02s Sys=0.00s Real=0.02s
[23.180s][info][gc,start       ] GC(224) Pause Young (Allocation Failure)
[23.195s][info][gc,heap        ] GC(224) DefNew: 146723K(157248K)->7410K(157248K) Eden: 139776K(139776K)->0K(139776K) From: 6947K(17472K)->7410K(17472K)
[23.195s][info][gc,heap        ] GC(224) Tenured: 25347K(349568K)->25347K(349568K)
[23.195s][info][gc,metaspace   ] GC(224) Metaspace: 8594K(8832K)->8594K(8832K) NonClass: 7443K(7552K)->7443K(7552K) Class: 1151K(1280K)->1151K(1280K)
[23.195s][info][gc             ] GC(224) Pause Young (Allocation Failure) 168M->31M(494M) 15.631ms
[23.195s][info][gc,cpu         ] GC(224) User=0.02s Sys=0.00s Real=0.02s
[23.279s][info][gc,start       ] GC(225) Pause Young (Allocation Failure)
[23.306s][info][gc,heap        ] GC(225) DefNew: 147186K(157248K)->12166K(157248K) Eden: 139776K(139776K)->0K(139776K) From: 7410K(17472K)->12166K(17472K)
[23.306s][info][gc,heap        ] GC(225) Tenured: 25347K(349568K)->25347K(349568K)
[23.306s][info][gc,metaspace   ] GC(225) Metaspace: 8594K(8832K)->8594K(8832K) NonClass: 7443K(7552K)->7443K(7552K) Class: 1151K(1280K)->1151K(1280K)
[23.306s][info][gc             ] GC(225) Pause Young (Allocation Failure) 168M->36M(494M) 27.167ms
[23.306s][info][gc,cpu         ] GC(225) User=0.03s Sys=0.00s Real=0.03s
[23.382s][info][gc,start       ] GC(226) Pause Young (Allocation Failure)
[23.406s][info][gc,heap        ] GC(226) DefNew: 151942K(157248K)->7728K(157248K) Eden: 139776K(139776K)->0K(139776K) From: 12166K(17472K)->7728K(17472K)
[23.407s][info][gc,heap        ] GC(226) Tenured: 25347K(349568K)->30245K(349568K)
[23.407s][info][gc,metaspace   ] GC(226) Metaspace: 8594K(8832K)->8594K(8832K) NonClass: 7443K(7552K)->7443K(7552K) Class: 1151K(1280K)->1151K(1280K)
[23.407s][info][gc             ] GC(226) Pause Young (Allocation Failure) 173M->37M(494M) 24.856ms
[23.407s][info][gc,cpu         ] GC(226) User=0.03s Sys=0.00s Real=0.03s
[23.482s][info][gc,start       ] GC(227) Pause Young (Allocation Failure)
[23.500s][info][gc,heap        ] GC(227) DefNew: 147504K(157248K)->8177K(157248K) Eden: 139776K(139776K)->0K(139776K) From: 7728K(17472K)->8177K(17472K)
[23.500s][info][gc,heap        ] GC(227) Tenured: 30245K(349568K)->30245K(349568K)
[23.500s][info][gc,metaspace   ] GC(227) Metaspace: 8594K(8832K)->8594K(8832K) NonClass: 7443K(7552K)->7443K(7552K) Class: 1151K(1280K)->1151K(1280K)
[23.500s][info][gc             ] GC(227) Pause Young (Allocation Failure) 173M->37M(494M) 18.218ms
[23.500s][info][gc,cpu         ] GC(227) User=0.02s Sys=0.00s Real=0.02s
[23.594s][info][gc,start       ] GC(228) Pause Young (Allocation Failure)
[23.615s][info][gc,heap        ] GC(228) DefNew: 147953K(157248K)->8709K(157248K) Eden: 139776K(139776K)->0K(139776K) From: 8177K(17472K)->8709K(17472K)
[23.615s][info][gc,heap        ] GC(228) Tenured: 30245K(349568K)->30245K(349568K)
[23.615s][info][gc,metaspace   ] GC(228) Metaspace: 8594K(8832K)->8594K(8832K) NonClass: 7443K(7552K)->7443K(7552K) Class: 1151K(1280K)->1151K(1280K)
[23.615s][info][gc             ] GC(228) Pause Young (Allocation Failure) 174M->38M(494M) 20.940ms
[23.615s][info][gc,cpu         ] GC(228) User=0.02s Sys=0.00s Real=0.02s
[23.696s][info][gc,start       ] GC(229) Pause Young (Allocation Failure)
[23.717s][info][gc,heap        ] GC(229) DefNew: 148485K(157248K)->9132K(157248K) Eden: 139776K(139776K)->0K(139776K) From: 8709K(17472K)->9132K(17472K)
[23.717s][info][gc,heap        ] GC(229) Tenured: 30245K(349568K)->30245K(349568K)
[23.717s][info][gc,metaspace   ] GC(229) Metaspace: 8594K(8832K)->8594K(8832K) NonClass: 7443K(7552K)->7443K(7552K) Class: 1151K(1280K)->1151K(1280K)
[23.717s][info][gc             ] GC(229) Pause Young (Allocation Failure) 174M->38M(494M) 20.678ms
[23.717s][info][gc,cpu         ] GC(229) User=0.02s Sys=0.00s Real=0.01s
[23.792s][info][gc,start       ] GC(230) Pause Young (Allocation Failure)
[23.812s][info][gc,heap        ] GC(230) DefNew: 148908K(157248K)->8403K(157248K) Eden: 139776K(139776K)->0K(139776K) From: 9132K(17472K)->8403K(17472K)
[23.812s][info][gc,heap        ] GC(230) Tenured: 30245K(349568K)->31449K(349568K)
[23.812s][info][gc,metaspace   ] GC(230) Metaspace: 8594K(8832K)->8594K(8832K) NonClass: 7443K(7552K)->7443K(7552K) Class: 1151K(1280K)->1151K(1280K)
[23.812s][info][gc             ] GC(230) Pause Young (Allocation Failure) 174M->38M(494M) 20.045ms
[23.812s][info][gc,cpu         ] GC(230) User=0.02s Sys=0.00s Real=0.02s
[23.886s][info][gc,start       ] GC(231) Pause Young (Allocation Failure)
[23.908s][info][gc,heap        ] GC(231) DefNew: 148179K(157248K)->8810K(157248K) Eden: 139776K(139776K)->0K(139776K) From: 8403K(17472K)->8810K(17472K)
[23.908s][info][gc,heap        ] GC(231) Tenured: 31449K(349568K)->31449K(349568K)
[23.908s][info][gc,metaspace   ] GC(231) Metaspace: 8594K(8832K)->8594K(8832K) NonClass: 7443K(7552K)->7443K(7552K) Class: 1151K(1280K)->1151K(1280K)
[23.908s][info][gc             ] GC(231) Pause Young (Allocation Failure) 175M->39M(494M) 22.007ms
[23.908s][info][gc,cpu         ] GC(231) User=0.02s Sys=0.00s Real=0.02s
[23.985s][info][gc,start       ] GC(232) Pause Young (Allocation Failure)
[24.006s][info][gc,heap        ] GC(232) DefNew: 148586K(157248K)->3491K(157248K) Eden: 139776K(139776K)->0K(139776K) From: 8810K(17472K)->3491K(17472K)
[24.006s][info][gc,heap        ] GC(232) Tenured: 31449K(349568K)->37179K(349568K)
[24.006s][info][gc,metaspace   ] GC(232) Metaspace: 8594K(8832K)->8594K(8832K) NonClass: 7443K(7552K)->7443K(7552K) Class: 1151K(1280K)->1151K(1280K)
[24.006s][info][gc             ] GC(232) Pause Young (Allocation Failure) 175M->39M(494M) 21.191ms
[24.006s][info][gc,cpu         ] GC(232) User=0.02s Sys=0.00s Real=0.02s
[24.077s][info][gc,start       ] GC(233) Pause Young (Allocation Failure)
[24.088s][info][gc,heap        ] GC(233) DefNew: 143267K(157248K)->3981K(157248K) Eden: 139776K(139776K)->0K(139776K) From: 3491K(17472K)->3981K(17472K)
[24.088s][info][gc,heap        ] GC(233) Tenured: 37179K(349568K)->37179K(349568K)
[24.088s][info][gc,metaspace   ] GC(233) Metaspace: 8594K(8832K)->8594K(8832K) NonClass: 7443K(7552K)->7443K(7552K) Class: 1151K(1280K)->1151K(1280K)
[24.088s][info][gc             ] GC(233) Pause Young (Allocation Failure) 176M->40M(494M) 10.468ms
[24.088s][info][gc,cpu         ] GC(233) User=0.02s Sys=0.00s Real=0.01s
[24.478s][info][gc,start       ] GC(234) Pause Young (Allocation Failure)
[24.699s][info][gc,heap        ] GC(234) DefNew: 143757K(157248K)->17471K(157248K) Eden: 139776K(139776K)->0K(139776K) From: 3981K(17472K)->17471K(17472K)
[24.700s][info][gc,heap        ] GC(234) Tenured: 37179K(349568K)->73386K(349568K)
[24.700s][info][gc,metaspace   ] GC(234) Metaspace: 8594K(8832K)->8594K(8832K) NonClass: 7443K(7552K)->7443K(7552K) Class: 1151K(1280K)->1151K(1280K)
[24.700s][info][gc             ] GC(234) Pause Young (Allocation Failure) 176M->88M(494M) 221.872ms
[24.700s][info][gc,cpu         ] GC(234) User=0.14s Sys=0.00s Real=0.22s
[24.752s][info][gc,start       ] GC(235) Pause Full (System.gc())
[24.752s][info][gc,phases,start] GC(235) Phase 1: Mark live objects
[24.763s][info][gc,phases      ] GC(235) Phase 1: Mark live objects 11.047ms
[24.763s][info][gc,phases,start] GC(235) Phase 2: Compute new object addresses
[24.796s][info][gc,phases      ] GC(235) Phase 2: Compute new object addresses 33.210ms
[24.796s][info][gc,phases,start] GC(235) Phase 3: Adjust pointers
[24.799s][info][gc,phases      ] GC(235) Phase 3: Adjust pointers 2.633ms
[24.799s][info][gc,phases,start] GC(235) Phase 4: Move objects
[24.799s][info][gc,phases      ] GC(235) Phase 4: Move objects 0.011ms
[24.799s][info][gc,heap        ] GC(235) DefNew: 42625K(157248K)->0K(157248K) Eden: 25153K(139776K)->0K(139776K) From: 17471K(17472K)->0K(17472K)
[24.799s][info][gc,heap        ] GC(235) Tenured: 73386K(349568K)->3528K(349568K)
[24.799s][info][gc,metaspace   ] GC(235) Metaspace: 8595K(8832K)->8595K(8832K) NonClass: 7443K(7552K)->7443K(7552K) Class: 1151K(1280K)->1151K(1280K)
[24.799s][info][gc             ] GC(235) Pause Full (System.gc()) 113M->3M(494M) 47.230ms
[24.799s][info][gc,cpu         ] GC(235) User=0.05s Sys=0.00s Real=0.05s
[24.877s][info][gc,start       ] GC(236) Pause Young (Allocation Failure)
[24.879s][info][gc,heap        ] GC(236) DefNew: 139776K(157248K)->518K(157248K) Eden: 139776K(139776K)->0K(139776K) From: 0K(17472K)->518K(17472K)
[24.879s][info][gc,heap        ] GC(236) Tenured: 3528K(349568K)->3528K(349568K)
[24.879s][info][gc,metaspace   ] GC(236) Metaspace: 8596K(8832K)->8596K(8832K) NonClass: 7444K(7552K)->7444K(7552K) Class: 1151K(1280K)->1151K(1280K)
[24.879s][info][gc             ] GC(236) Pause Young (Allocation Failure) 139M->3M(494M) 2.235ms
[24.879s][info][gc,cpu         ] GC(236) User=0.00s Sys=0.00s Real=0.00s
[24.943s][info][gc,start       ] GC(237) Pause Young (Allocation Failure)
[24.946s][info][gc,heap        ] GC(237) DefNew: 140294K(157248K)->962K(157248K) Eden: 139776K(139776K)->0K(139776K) From: 518K(17472K)->962K(17472K)
[24.946s][info][gc,heap        ] GC(237) Tenured: 3528K(349568K)->3528K(349568K)
[24.946s][info][gc,metaspace   ] GC(237) Metaspace: 8596K(8832K)->8596K(8832K) NonClass: 7444K(7552K)->7444K(7552K) Class: 1151K(1280K)->1151K(1280K)
[24.946s][info][gc             ] GC(237) Pause Young (Allocation Failure) 140M->4M(494M) 3.437ms
[24.946s][info][gc,cpu         ] GC(237) User=0.02s Sys=0.00s Real=0.01s
[25.010s][info][gc,start       ] GC(238) Pause Young (Allocation Failure)
[25.015s][info][gc,heap        ] GC(238) DefNew: 140738K(157248K)->1442K(157248K) Eden: 139776K(139776K)->0K(139776K) From: 962K(17472K)->1442K(17472K)
[25.015s][info][gc,heap        ] GC(238) Tenured: 3528K(349568K)->3528K(349568K)
[25.015s][info][gc,metaspace   ] GC(238) Metaspace: 8596K(8832K)->8596K(8832K) NonClass: 7444K(7552K)->7444K(7552K) Class: 1151K(1280K)->1151K(1280K)
[25.015s][info][gc             ] GC(238) Pause Young (Allocation Failure) 140M->4M(494M) 4.962ms
[25.015s][info][gc,cpu         ] GC(238) User=0.00s Sys=0.00s Real=0.00s
[25.085s][info][gc,start       ] GC(239) Pause Young (Allocation Failure)
[25.092s][info][gc,heap        ] GC(239) DefNew: 141218K(157248K)->1942K(157248K) Eden: 139776K(139776K)->0K(139776K) From: 1442K(17472K)->1942K(17472K)
[25.092s][info][gc,heap        ] GC(239) Tenured: 3528K(349568K)->3528K(349568K)
[25.092s][info][gc,metaspace   ] GC(239) Metaspace: 8596K(8832K)->8596K(8832K) NonClass: 7444K(7552K)->7444K(7552K) Class: 1151K(1280K)->1151K(1280K)
[25.092s][info][gc             ] GC(239) Pause Young (Allocation Failure) 141M->5M(494M) 6.713ms
[25.092s][info][gc,cpu         ] GC(239) User=0.02s Sys=0.00s Real=0.02s
[25.156s][info][gc,start       ] GC(240) Pause Young (Allocation Failure)
[25.163s][info][gc,heap        ] GC(240) DefNew: 141718K(157248K)->2391K(157248K) Eden: 139776K(139776K)->0K(139776K) From: 1942K(17472K)->2391K(17472K)
[25.163s][info][gc,heap        ] GC(240) Tenured: 3528K(349568K)->3528K(349568K)
[25.163s][info][gc,metaspace   ] GC(240) Metaspace: 8596K(8832K)->8596K(8832K) NonClass: 7444K(7552K)->7444K(7552K) Class: 1151K(1280K)->1151K(1280K)
[25.163s][info][gc             ] GC(240) Pause Young (Allocation Failure) 141M->5M(494M) 6.769ms
[25.163s][info][gc,cpu         ] GC(240) User=0.00s Sys=0.00s Real=0.00s
[25.244s][info][gc,start       ] GC(241) Pause Young (Allocation Failure)
[25.251s][info][gc,heap        ] GC(241) DefNew: 142167K(157248K)->2848K(157248K) Eden: 139776K(139776K)->0K(139776K) From: 2391K(17472K)->2848K(17472K)
[25.252s][info][gc,heap        ] GC(241) Tenured: 3528K(349568K)->3528K(349568K)
[25.252s][info][gc,metaspace   ] GC(241) Metaspace: 8596K(8832K)->8596K(8832K) NonClass: 7444K(7552K)->7444K(7552K) Class: 1151K(1280K)->1151K(1280K)
[25.252s][info][gc             ] GC(241) Pause Young (Allocation Failure) 142M->6M(494M) 7.859ms
[25.252s][info][gc,cpu         ] GC(241) User=0.00s Sys=0.00s Real=0.00s
[25.353s][info][gc,start       ] GC(242) Pause Young (Allocation Failure)
[25.363s][info][gc,heap        ] GC(242) DefNew: 142624K(157248K)->3238K(157248K) Eden: 139776K(139776K)->0K(139776K) From: 2848K(17472K)->3238K(17472K)
[25.363s][info][gc,heap        ] GC(242) Tenured: 3528K(349568K)->3528K(349568K)
[25.363s][info][gc,metaspace   ] GC(242) Metaspace: 8596K(8832K)->8596K(8832K) NonClass: 7444K(7552K)->7444K(7552K) Class: 1151K(1280K)->1151K(1280K)
[25.364s][info][gc             ] GC(242) Pause Young (Allocation Failure) 142M->6M(494M) 10.383ms
[25.364s][info][gc,cpu         ] GC(242) User=0.00s Sys=0.00s Real=0.00s
[25.445s][info][gc,start       ] GC(243) Pause Young (Allocation Failure)
[25.454s][info][gc,heap        ] GC(243) DefNew: 143014K(157248K)->3676K(157248K) Eden: 139776K(139776K)->0K(139776K) From: 3238K(17472K)->3676K(17472K)
[25.454s][info][gc,heap        ] GC(243) Tenured: 3528K(349568K)->3528K(349568K)
[25.454s][info][gc,metaspace   ] GC(243) Metaspace: 8596K(8832K)->8596K(8832K) NonClass: 7444K(7552K)->7444K(7552K) Class: 1151K(1280K)->1151K(1280K)
[25.454s][info][gc             ] GC(243) Pause Young (Allocation Failure) 143M->7M(494M) 9.647ms
[25.454s][info][gc,cpu         ] GC(243) User=0.00s Sys=0.00s Real=0.00s
[25.526s][info][gc,start       ] GC(244) Pause Young (Allocation Failure)
[25.537s][info][gc,heap        ] GC(244) DefNew: 143452K(157248K)->4276K(157248K) Eden: 139776K(139776K)->0K(139776K) From: 3676K(17472K)->4276K(17472K)
[25.537s][info][gc,heap        ] GC(244) Tenured: 3528K(349568K)->3528K(349568K)
[25.537s][info][gc,metaspace   ] GC(244) Metaspace: 8596K(8832K)->8596K(8832K) NonClass: 7444K(7552K)->7444K(7552K) Class: 1151K(1280K)->1151K(1280K)
[25.537s][info][gc             ] GC(244) Pause Young (Allocation Failure) 143M->7M(494M) 11.489ms
[25.537s][info][gc,cpu         ] GC(244) User=0.00s Sys=0.00s Real=0.00s
[25.616s][info][gc,start       ] GC(245) Pause Young (Allocation Failure)
[25.633s][info][gc,heap        ] GC(245) DefNew: 144052K(157248K)->4837K(157248K) Eden: 139776K(139776K)->0K(139776K) From: 4276K(17472K)->4837K(17472K)
[25.633s][info][gc,heap        ] GC(245) Tenured: 3528K(349568K)->3528K(349568K)
[25.633s][info][gc,metaspace   ] GC(245) Metaspace: 8596K(8832K)->8596K(8832K) NonClass: 7444K(7552K)->7444K(7552K) Class: 1151K(1280K)->1151K(1280K)
[25.633s][info][gc             ] GC(245) Pause Young (Allocation Failure) 144M->8M(494M) 16.904ms
[25.633s][info][gc,cpu         ] GC(245) User=0.03s Sys=0.00s Real=0.03s
[25.703s][info][gc,start       ] GC(246) Pause Young (Allocation Failure)
[25.714s][info][gc,heap        ] GC(246) DefNew: 144613K(157248K)->5259K(157248K) Eden: 139776K(139776K)->0K(139776K) From: 4837K(17472K)->5259K(17472K)
[25.714s][info][gc,heap        ] GC(246) Tenured: 3528K(349568K)->3528K(349568K)
[25.714s][info][gc,metaspace   ] GC(246) Metaspace: 8596K(8832K)->8596K(8832K) NonClass: 7444K(7552K)->7444K(7552K) Class: 1151K(1280K)->1151K(1280K)
[25.715s][info][gc             ] GC(246) Pause Young (Allocation Failure) 144M->8M(494M) 12.044ms
[25.715s][info][gc,cpu         ] GC(246) User=0.02s Sys=0.00s Real=0.02s
[25.783s][info][gc,start       ] GC(247) Pause Young (Allocation Failure)
[25.795s][info][gc,heap        ] GC(247) DefNew: 145035K(157248K)->5708K(157248K) Eden: 139776K(139776K)->0K(139776K) From: 5259K(17472K)->5708K(17472K)
[25.795s][info][gc,heap        ] GC(247) Tenured: 3528K(349568K)->3528K(349568K)
[25.795s][info][gc,metaspace   ] GC(247) Metaspace: 8596K(8832K)->8596K(8832K) NonClass: 7444K(7552K)->7444K(7552K) Class: 1151K(1280K)->1151K(1280K)
[25.795s][info][gc             ] GC(247) Pause Young (Allocation Failure) 145M->9M(494M) 12.584ms
[25.795s][info][gc,cpu         ] GC(247) User=0.02s Sys=0.00s Real=0.02s
[25.868s][info][gc,start       ] GC(248) Pause Young (Allocation Failure)
[25.883s][info][gc,heap        ] GC(248) DefNew: 145484K(157248K)->6237K(157248K) Eden: 139776K(139776K)->0K(139776K) From: 5708K(17472K)->6237K(17472K)
[25.883s][info][gc,heap        ] GC(248) Tenured: 3528K(349568K)->3528K(349568K)
[25.884s][info][gc,metaspace   ] GC(248) Metaspace: 8596K(8832K)->8596K(8832K) NonClass: 7444K(7552K)->7444K(7552K) Class: 1151K(1280K)->1151K(1280K)
[25.884s][info][gc             ] GC(248) Pause Young (Allocation Failure) 145M->9M(494M) 15.789ms
[25.884s][info][gc,cpu         ] GC(248) User=0.02s Sys=0.00s Real=0.02s
[25.953s][info][gc,start       ] GC(249) Pause Young (Allocation Failure)
[25.967s][info][gc,heap        ] GC(249) DefNew: 146013K(157248K)->6694K(157248K) Eden: 139776K(139776K)->0K(139776K) From: 6237K(17472K)->6694K(17472K)
[25.967s][info][gc,heap        ] GC(249) Tenured: 3528K(349568K)->3528K(349568K)
[25.967s][info][gc,metaspace   ] GC(249) Metaspace: 8596K(8832K)->8596K(8832K) NonClass: 7444K(7552K)->7444K(7552K) Class: 1151K(1280K)->1151K(1280K)
[25.967s][info][gc             ] GC(249) Pause Young (Allocation Failure) 146M->9M(494M) 14.152ms
[25.967s][info][gc,cpu         ] GC(249) User=0.02s Sys=0.00s Real=0.02s
[26.035s][info][gc,start       ] GC(250) Pause Young (Allocation Failure)
[26.050s][info][gc,heap        ] GC(250) DefNew: 146470K(157248K)->7114K(157248K) Eden: 139776K(139776K)->0K(139776K) From: 6694K(17472K)->7114K(17472K)
[26.050s][info][gc,heap        ] GC(250) Tenured: 3528K(349568K)->3528K(349568K)
[26.050s][info][gc,metaspace   ] GC(250) Metaspace: 8596K(8832K)->8596K(8832K) NonClass: 7444K(7552K)->7444K(7552K) Class: 1151K(1280K)->1151K(1280K)
[26.050s][info][gc             ] GC(250) Pause Young (Allocation Failure) 146M->10M(494M) 14.957ms
[26.050s][info][gc,cpu         ] GC(250) User=0.02s Sys=0.00s Real=0.02s
[26.126s][info][gc,start       ] GC(251) Pause Young (Allocation Failure)
[26.144s][info][gc,heap        ] GC(251) DefNew: 146890K(157248K)->7528K(157248K) Eden: 139776K(139776K)->0K(139776K) From: 7114K(17472K)->7528K(17472K)
[26.144s][info][gc,heap        ] GC(251) Tenured: 3528K(349568K)->3533K(349568K)
[26.144s][info][gc,metaspace   ] GC(251) Metaspace: 8596K(8832K)->8596K(8832K) NonClass: 7444K(7552K)->7444K(7552K) Class: 1151K(1280K)->1151K(1280K)
[26.144s][info][gc             ] GC(251) Pause Young (Allocation Failure) 146M->10M(494M) 17.957ms
[26.144s][info][gc,cpu         ] GC(251) User=0.02s Sys=0.00s Real=0.02s
[26.214s][info][gc,start       ] GC(252) Pause Young (Allocation Failure)
[26.230s][info][gc,heap        ] GC(252) DefNew: 147304K(157248K)->7983K(157248K) Eden: 139776K(139776K)->0K(139776K) From: 7528K(17472K)->7983K(17472K)
[26.230s][info][gc,heap        ] GC(252) Tenured: 3533K(349568K)->3533K(349568K)
[26.230s][info][gc,metaspace   ] GC(252) Metaspace: 8596K(8832K)->8596K(8832K) NonClass: 7444K(7552K)->7444K(7552K) Class: 1151K(1280K)->1151K(1280K)
[26.230s][info][gc             ] GC(252) Pause Young (Allocation Failure) 147M->11M(494M) 16.183ms
[26.230s][info][gc,cpu         ] GC(252) User=0.02s Sys=0.00s Real=0.02s
[26.300s][info][gc,start       ] GC(253) Pause Young (Allocation Failure)
[26.318s][info][gc,heap        ] GC(253) DefNew: 147759K(157248K)->8438K(157248K) Eden: 139776K(139776K)->0K(139776K) From: 7983K(17472K)->8438K(17472K)
[26.318s][info][gc,heap        ] GC(253) Tenured: 3533K(349568K)->3533K(349568K)
[26.318s][info][gc,metaspace   ] GC(253) Metaspace: 8596K(8832K)->8596K(8832K) NonClass: 7444K(7552K)->7444K(7552K) Class: 1151K(1280K)->1151K(1280K)
[26.318s][info][gc             ] GC(253) Pause Young (Allocation Failure) 147M->11M(494M) 17.934ms
[26.318s][info][gc,cpu         ] GC(253) User=0.02s Sys=0.00s Real=0.02s
[26.400s][info][gc,start       ] GC(254) Pause Young (Allocation Failure)
[26.423s][info][gc,heap        ] GC(254) DefNew: 148214K(157248K)->9049K(157248K) Eden: 139776K(139776K)->0K(139776K) From: 8438K(17472K)->9049K(17472K)
[26.423s][info][gc,heap        ] GC(254) Tenured: 3533K(349568K)->3533K(349568K)
[26.423s][info][gc,metaspace   ] GC(254) Metaspace: 8596K(8832K)->8596K(8832K) NonClass: 7444K(7552K)->7444K(7552K) Class: 1151K(1280K)->1151K(1280K)
[26.423s][info][gc             ] GC(254) Pause Young (Allocation Failure) 148M->12M(494M) 23.219ms
[26.423s][info][gc,cpu         ] GC(254) User=0.02s Sys=0.00s Real=0.02s
[26.506s][info][gc,start       ] GC(255) Pause Young (Allocation Failure)
[26.527s][info][gc,heap        ] GC(255) DefNew: 148825K(157248K)->5167K(157248K) Eden: 139776K(139776K)->0K(139776K) From: 9049K(17472K)->5167K(17472K)
[26.527s][info][gc,heap        ] GC(255) Tenured: 3533K(349568K)->7864K(349568K)
[26.527s][info][gc,metaspace   ] GC(255) Metaspace: 8596K(8832K)->8596K(8832K) NonClass: 7444K(7552K)->7444K(7552K) Class: 1151K(1280K)->1151K(1280K)
[26.527s][info][gc             ] GC(255) Pause Young (Allocation Failure) 148M->12M(494M) 20.268ms
[26.527s][info][gc,cpu         ] GC(255) User=0.03s Sys=0.00s Real=0.03s
[26.605s][info][gc,start       ] GC(256) Pause Young (Allocation Failure)
[26.618s][info][gc,heap        ] GC(256) DefNew: 144943K(157248K)->5640K(157248K) Eden: 139776K(139776K)->0K(139776K) From: 5167K(17472K)->5640K(17472K)
[26.618s][info][gc,heap        ] GC(256) Tenured: 7864K(349568K)->7864K(349568K)
[26.619s][info][gc,metaspace   ] GC(256) Metaspace: 8596K(8832K)->8596K(8832K) NonClass: 7444K(7552K)->7444K(7552K) Class: 1151K(1280K)->1151K(1280K)
[26.619s][info][gc             ] GC(256) Pause Young (Allocation Failure) 149M->13M(494M) 13.162ms
[26.619s][info][gc,cpu         ] GC(256) User=0.02s Sys=0.00s Real=0.02s
[26.691s][info][gc,start       ] GC(257) Pause Young (Allocation Failure)
[26.707s][info][gc,heap        ] GC(257) DefNew: 145416K(157248K)->6141K(157248K) Eden: 139776K(139776K)->0K(139776K) From: 5640K(17472K)->6141K(17472K)
[26.707s][info][gc,heap        ] GC(257) Tenured: 7864K(349568K)->7864K(349568K)
[26.707s][info][gc,metaspace   ] GC(257) Metaspace: 8596K(8832K)->8596K(8832K) NonClass: 7444K(7552K)->7444K(7552K) Class: 1151K(1280K)->1151K(1280K)
[26.707s][info][gc             ] GC(257) Pause Young (Allocation Failure) 149M->13M(494M) 15.880ms
[26.707s][info][gc,cpu         ] GC(257) User=0.02s Sys=0.00s Real=0.01s
[26.777s][info][gc,start       ] GC(258) Pause Young (Allocation Failure)
[26.791s][info][gc,heap        ] GC(258) DefNew: 145917K(157248K)->6558K(157248K) Eden: 139776K(139776K)->0K(139776K) From: 6141K(17472K)->6558K(17472K)
[26.791s][info][gc,heap        ] GC(258) Tenured: 7864K(349568K)->7864K(349568K)
[26.791s][info][gc,metaspace   ] GC(258) Metaspace: 8596K(8832K)->8596K(8832K) NonClass: 7444K(7552K)->7444K(7552K) Class: 1151K(1280K)->1151K(1280K)
[26.791s][info][gc             ] GC(258) Pause Young (Allocation Failure) 150M->14M(494M) 14.410ms
[26.791s][info][gc,cpu         ] GC(258) User=0.02s Sys=0.00s Real=0.02s
[26.861s][info][gc,start       ] GC(259) Pause Young (Allocation Failure)
[26.878s][info][gc,heap        ] GC(259) DefNew: 146334K(157248K)->7050K(157248K) Eden: 139776K(139776K)->0K(139776K) From: 6558K(17472K)->7050K(17472K)
[26.878s][info][gc,heap        ] GC(259) Tenured: 7864K(349568K)->7864K(349568K)
[26.878s][info][gc,metaspace   ] GC(259) Metaspace: 8596K(8832K)->8596K(8832K) NonClass: 7444K(7552K)->7444K(7552K) Class: 1151K(1280K)->1151K(1280K)
[26.878s][info][gc             ] GC(259) Pause Young (Allocation Failure) 150M->14M(494M) 16.540ms
[26.878s][info][gc,cpu         ] GC(259) User=0.02s Sys=0.00s Real=0.02s
[26.953s][info][gc,start       ] GC(260) Pause Young (Allocation Failure)
[26.971s][info][gc,heap        ] GC(260) DefNew: 146826K(157248K)->7442K(157248K) Eden: 139776K(139776K)->0K(139776K) From: 7050K(17472K)->7442K(17472K)
[26.971s][info][gc,heap        ] GC(260) Tenured: 7864K(349568K)->7864K(349568K)
[26.971s][info][gc,metaspace   ] GC(260) Metaspace: 8596K(8832K)->8596K(8832K) NonClass: 7444K(7552K)->7444K(7552K) Class: 1151K(1280K)->1151K(1280K)
[26.971s][info][gc             ] GC(260) Pause Young (Allocation Failure) 151M->14M(494M) 18.087ms
[26.971s][info][gc,cpu         ] GC(260) User=0.02s Sys=0.00s Real=0.02s
[27.040s][info][gc,start       ] GC(261) Pause Young (Allocation Failure)
[27.058s][info][gc,heap        ] GC(261) DefNew: 147218K(157248K)->7876K(157248K) Eden: 139776K(139776K)->0K(139776K) From: 7442K(17472K)->7876K(17472K)
[27.058s][info][gc,heap        ] GC(261) Tenured: 7864K(349568K)->7864K(349568K)
[27.058s][info][gc,metaspace   ] GC(261) Metaspace: 8596K(8832K)->8596K(8832K) NonClass: 7444K(7552K)->7444K(7552K) Class: 1151K(1280K)->1151K(1280K)
[27.059s][info][gc             ] GC(261) Pause Young (Allocation Failure) 151M->15M(494M) 18.313ms
[27.059s][info][gc,cpu         ] GC(261) User=0.02s Sys=0.00s Real=0.02s
[27.130s][info][gc,start       ] GC(262) Pause Young (Allocation Failure)
[27.148s][info][gc,heap        ] GC(262) DefNew: 147652K(157248K)->8329K(157248K) Eden: 139776K(139776K)->0K(139776K) From: 7876K(17472K)->8329K(17472K)
[27.148s][info][gc,heap        ] GC(262) Tenured: 7864K(349568K)->7864K(349568K)
[27.148s][info][gc,metaspace   ] GC(262) Metaspace: 8596K(8832K)->8596K(8832K) NonClass: 7444K(7552K)->7444K(7552K) Class: 1151K(1280K)->1151K(1280K)
[27.148s][info][gc             ] GC(262) Pause Young (Allocation Failure) 151M->15M(494M) 18.324ms
[27.148s][info][gc,cpu         ] GC(262) User=0.02s Sys=0.00s Real=0.02s
[27.251s][info][gc,start       ] GC(263) Pause Young (Allocation Failure)
[27.297s][info][gc,heap        ] GC(263) DefNew: 148105K(157248K)->17471K(157248K) Eden: 139776K(139776K)->0K(139776K) From: 8329K(17472K)->17471K(17472K)
[27.297s][info][gc,heap        ] GC(263) Tenured: 7864K(349568K)->7922K(349568K)
[27.297s][info][gc,metaspace   ] GC(263) Metaspace: 8596K(8832K)->8596K(8832K) NonClass: 7444K(7552K)->7444K(7552K) Class: 1151K(1280K)->1151K(1280K)
[27.297s][info][gc             ] GC(263) Pause Young (Allocation Failure) 152M->24M(494M) 46.431ms
[27.297s][info][gc,cpu         ] GC(263) User=0.05s Sys=0.00s Real=0.05s
[27.374s][info][gc,start       ] GC(264) Pause Young (Allocation Failure)
[27.406s][info][gc,heap        ] GC(264) DefNew: 157247K(157248K)->518K(157248K) Eden: 139776K(139776K)->0K(139776K) From: 17471K(17472K)->518K(17472K)
[27.406s][info][gc,heap        ] GC(264) Tenured: 7922K(349568K)->25347K(349568K)
[27.406s][info][gc,metaspace   ] GC(264) Metaspace: 8596K(8832K)->8596K(8832K) NonClass: 7444K(7552K)->7444K(7552K) Class: 1151K(1280K)->1151K(1280K)
[27.406s][info][gc             ] GC(264) Pause Young (Allocation Failure) 161M->25M(494M) 31.986ms
[27.406s][info][gc,cpu         ] GC(264) User=0.03s Sys=0.00s Real=0.03s
[27.500s][info][gc,start       ] GC(265) Pause Young (Allocation Failure)
[27.503s][info][gc,heap        ] GC(265) DefNew: 140294K(157248K)->943K(157248K) Eden: 139776K(139776K)->0K(139776K) From: 518K(17472K)->943K(17472K)
[27.503s][info][gc,heap        ] GC(265) Tenured: 25347K(349568K)->25347K(349568K)
[27.503s][info][gc,metaspace   ] GC(265) Metaspace: 8596K(8832K)->8596K(8832K) NonClass: 7444K(7552K)->7444K(7552K) Class: 1151K(1280K)->1151K(1280K)
[27.503s][info][gc             ] GC(265) Pause Young (Allocation Failure) 161M->25M(494M) 3.543ms
[27.503s][info][gc,cpu         ] GC(265) User=0.00s Sys=0.00s Real=0.00s
[27.591s][info][gc,start       ] GC(266) Pause Young (Allocation Failure)
[27.606s][info][gc,heap        ] GC(266) DefNew: 140719K(157248K)->5189K(157248K) Eden: 139776K(139776K)->0K(139776K) From: 943K(17472K)->5189K(17472K)
[27.606s][info][gc,heap        ] GC(266) Tenured: 25347K(349568K)->25347K(349568K)
[27.606s][info][gc,metaspace   ] GC(266) Metaspace: 8596K(8832K)->8596K(8832K) NonClass: 7444K(7552K)->7444K(7552K) Class: 1151K(1280K)->1151K(1280K)
[27.606s][info][gc             ] GC(266) Pause Young (Allocation Failure) 162M->29M(494M) 15.222ms
[27.606s][info][gc,cpu         ] GC(266) User=0.02s Sys=0.00s Real=0.02s
[27.686s][info][gc,start       ] GC(267) Pause Young (Allocation Failure)
[27.699s][info][gc,heap        ] GC(267) DefNew: 144965K(157248K)->5633K(157248K) Eden: 139776K(139776K)->0K(139776K) From: 5189K(17472K)->5633K(17472K)
[27.700s][info][gc,heap        ] GC(267) Tenured: 25347K(349568K)->25347K(349568K)
[27.700s][info][gc,metaspace   ] GC(267) Metaspace: 8596K(8832K)->8596K(8832K) NonClass: 7444K(7552K)->7444K(7552K) Class: 1151K(1280K)->1151K(1280K)
[27.700s][info][gc             ] GC(267) Pause Young (Allocation Failure) 166M->30M(494M) 14.066ms
[27.700s][info][gc,cpu         ] GC(267) User=0.02s Sys=0.00s Real=0.02s
[27.768s][info][gc,start       ] GC(268) Pause Young (Allocation Failure)
[27.783s][info][gc,heap        ] GC(268) DefNew: 145409K(157248K)->6127K(157248K) Eden: 139776K(139776K)->0K(139776K) From: 5633K(17472K)->6127K(17472K)
[27.783s][info][gc,heap        ] GC(268) Tenured: 25347K(349568K)->25347K(349568K)
[27.783s][info][gc,metaspace   ] GC(268) Metaspace: 8596K(8832K)->8596K(8832K) NonClass: 7444K(7552K)->7444K(7552K) Class: 1151K(1280K)->1151K(1280K)
[27.783s][info][gc             ] GC(268) Pause Young (Allocation Failure) 166M->30M(494M) 15.427ms
[27.783s][info][gc,cpu         ] GC(268) User=0.02s Sys=0.00s Real=0.02s
[27.855s][info][gc,start       ] GC(269) Pause Young (Allocation Failure)
[27.872s][info][gc,heap        ] GC(269) DefNew: 145903K(157248K)->6511K(157248K) Eden: 139776K(139776K)->0K(139776K) From: 6127K(17472K)->6511K(17472K)
[27.872s][info][gc,heap        ] GC(269) Tenured: 25347K(349568K)->25347K(349568K)
[27.872s][info][gc,metaspace   ] GC(269) Metaspace: 8596K(8832K)->8596K(8832K) NonClass: 7444K(7552K)->7444K(7552K) Class: 1151K(1280K)->1151K(1280K)
[27.872s][info][gc             ] GC(269) Pause Young (Allocation Failure) 167M->31M(494M) 17.328ms
[27.872s][info][gc,cpu         ] GC(269) User=0.02s Sys=0.00s Real=0.02s
[27.943s][info][gc,start       ] GC(270) Pause Young (Allocation Failure)
[27.959s][info][gc,heap        ] GC(270) DefNew: 146287K(157248K)->6947K(157248K) Eden: 139776K(139776K)->0K(139776K) From: 6511K(17472K)->6947K(17472K)
[27.959s][info][gc,heap        ] GC(270) Tenured: 25347K(349568K)->25347K(349568K)
[27.959s][info][gc,metaspace   ] GC(270) Metaspace: 8596K(8832K)->8596K(8832K) NonClass: 7444K(7552K)->7444K(7552K) Class: 1151K(1280K)->1151K(1280K)
[27.959s][info][gc             ] GC(270) Pause Young (Allocation Failure) 167M->31M(494M) 15.635ms
[27.959s][info][gc,cpu         ] GC(270) User=0.02s Sys=0.00s Real=0.02s
[28.043s][info][gc,start       ] GC(271) Pause Young (Allocation Failure)
[28.060s][info][gc,heap        ] GC(271) DefNew: 146723K(157248K)->7410K(157248K) Eden: 139776K(139776K)->0K(139776K) From: 6947K(17472K)->7410K(17472K)
[28.060s][info][gc,heap        ] GC(271) Tenured: 25347K(349568K)->25347K(349568K)
[28.060s][info][gc,metaspace   ] GC(271) Metaspace: 8596K(8832K)->8596K(8832K) NonClass: 7444K(7552K)->7444K(7552K) Class: 1151K(1280K)->1151K(1280K)
[28.060s][info][gc             ] GC(271) Pause Young (Allocation Failure) 168M->31M(494M) 16.518ms
[28.060s][info][gc,cpu         ] GC(271) User=0.02s Sys=0.00s Real=0.01s
[28.151s][info][gc,start       ] GC(272) Pause Young (Allocation Failure)
[28.179s][info][gc,heap        ] GC(272) DefNew: 147186K(157248K)->12166K(157248K) Eden: 139776K(139776K)->0K(139776K) From: 7410K(17472K)->12166K(17472K)
[28.179s][info][gc,heap        ] GC(272) Tenured: 25347K(349568K)->25347K(349568K)
[28.179s][info][gc,metaspace   ] GC(272) Metaspace: 8596K(8832K)->8596K(8832K) NonClass: 7444K(7552K)->7444K(7552K) Class: 1151K(1280K)->1151K(1280K)
[28.179s][info][gc             ] GC(272) Pause Young (Allocation Failure) 168M->36M(494M) 27.569ms
[28.179s][info][gc,cpu         ] GC(272) User=0.02s Sys=0.00s Real=0.02s
[28.255s][info][gc,start       ] GC(273) Pause Young (Allocation Failure)
[28.280s][info][gc,heap        ] GC(273) DefNew: 151942K(157248K)->7728K(157248K) Eden: 139776K(139776K)->0K(139776K) From: 12166K(17472K)->7728K(17472K)
[28.280s][info][gc,heap        ] GC(273) Tenured: 25347K(349568K)->30246K(349568K)
[28.280s][info][gc,metaspace   ] GC(273) Metaspace: 8596K(8832K)->8596K(8832K) NonClass: 7444K(7552K)->7444K(7552K) Class: 1151K(1280K)->1151K(1280K)
[28.280s][info][gc             ] GC(273) Pause Young (Allocation Failure) 173M->37M(494M) 24.984ms
[28.280s][info][gc,cpu         ] GC(273) User=0.03s Sys=0.00s Real=0.03s
[28.355s][info][gc,start       ] GC(274) Pause Young (Allocation Failure)
[28.373s][info][gc,heap        ] GC(274) DefNew: 147504K(157248K)->8177K(157248K) Eden: 139776K(139776K)->0K(139776K) From: 7728K(17472K)->8177K(17472K)
[28.373s][info][gc,heap        ] GC(274) Tenured: 30246K(349568K)->30246K(349568K)
[28.373s][info][gc,metaspace   ] GC(274) Metaspace: 8596K(8832K)->8596K(8832K) NonClass: 7444K(7552K)->7444K(7552K) Class: 1151K(1280K)->1151K(1280K)
[28.373s][info][gc             ] GC(274) Pause Young (Allocation Failure) 173M->37M(494M) 18.244ms
[28.373s][info][gc,cpu         ] GC(274) User=0.02s Sys=0.00s Real=0.02s
[28.450s][info][gc,start       ] GC(275) Pause Young (Allocation Failure)
[28.470s][info][gc,heap        ] GC(275) DefNew: 147953K(157248K)->8709K(157248K) Eden: 139776K(139776K)->0K(139776K) From: 8177K(17472K)->8709K(17472K)
[28.470s][info][gc,heap        ] GC(275) Tenured: 30246K(349568K)->30246K(349568K)
[28.470s][info][gc,metaspace   ] GC(275) Metaspace: 8596K(8832K)->8596K(8832K) NonClass: 7444K(7552K)->7444K(7552K) Class: 1151K(1280K)->1151K(1280K)
[28.470s][info][gc             ] GC(275) Pause Young (Allocation Failure) 174M->38M(494M) 20.142ms
[28.470s][info][gc,cpu         ] GC(275) User=0.02s Sys=0.00s Real=0.02s
[28.542s][info][gc,start       ] GC(276) Pause Young (Allocation Failure)
[28.562s][info][gc,heap        ] GC(276) DefNew: 148485K(157248K)->9132K(157248K) Eden: 139776K(139776K)->0K(139776K) From: 8709K(17472K)->9132K(17472K)
[28.562s][info][gc,heap        ] GC(276) Tenured: 30246K(349568K)->30246K(349568K)
[28.562s][info][gc,metaspace   ] GC(276) Metaspace: 8596K(8832K)->8596K(8832K) NonClass: 7444K(7552K)->7444K(7552K) Class: 1151K(1280K)->1151K(1280K)
[28.562s][info][gc             ] GC(276) Pause Young (Allocation Failure) 174M->38M(494M) 19.767ms
[28.562s][info][gc,cpu         ] GC(276) User=0.02s Sys=0.00s Real=0.01s
[28.640s][info][gc,start       ] GC(277) Pause Young (Allocation Failure)
[28.662s][info][gc,heap        ] GC(277) DefNew: 148908K(157248K)->8403K(157248K) Eden: 139776K(139776K)->0K(139776K) From: 9132K(17472K)->8403K(17472K)
[28.662s][info][gc,heap        ] GC(277) Tenured: 30246K(349568K)->31449K(349568K)
[28.662s][info][gc,metaspace   ] GC(277) Metaspace: 8596K(8832K)->8596K(8832K) NonClass: 7444K(7552K)->7444K(7552K) Class: 1151K(1280K)->1151K(1280K)
[28.662s][info][gc             ] GC(277) Pause Young (Allocation Failure) 174M->38M(494M) 21.742ms
[28.662s][info][gc,cpu         ] GC(277) User=0.02s Sys=0.00s Real=0.02s
[28.746s][info][gc,start       ] GC(278) Pause Young (Allocation Failure)
[28.766s][info][gc,heap        ] GC(278) DefNew: 148179K(157248K)->8810K(157248K) Eden: 139776K(139776K)->0K(139776K) From: 8403K(17472K)->8810K(17472K)
[28.766s][info][gc,heap        ] GC(278) Tenured: 31449K(349568K)->31449K(349568K)
[28.766s][info][gc,metaspace   ] GC(278) Metaspace: 8596K(8832K)->8596K(8832K) NonClass: 7444K(7552K)->7444K(7552K) Class: 1151K(1280K)->1151K(1280K)
[28.766s][info][gc             ] GC(278) Pause Young (Allocation Failure) 175M->39M(494M) 19.860ms
[28.766s][info][gc,cpu         ] GC(278) User=0.02s Sys=0.00s Real=0.01s
[28.836s][info][gc,start       ] GC(279) Pause Young (Allocation Failure)
[28.856s][info][gc,heap        ] GC(279) DefNew: 148586K(157248K)->3491K(157248K) Eden: 139776K(139776K)->0K(139776K) From: 8810K(17472K)->3491K(17472K)
[28.856s][info][gc,heap        ] GC(279) Tenured: 31449K(349568K)->37179K(349568K)
[28.856s][info][gc,metaspace   ] GC(279) Metaspace: 8596K(8832K)->8596K(8832K) NonClass: 7444K(7552K)->7444K(7552K) Class: 1151K(1280K)->1151K(1280K)
[28.856s][info][gc             ] GC(279) Pause Young (Allocation Failure) 175M->39M(494M) 20.300ms
[28.856s][info][gc,cpu         ] GC(279) User=0.02s Sys=0.00s Real=0.02s
[28.926s][info][gc,start       ] GC(280) Pause Young (Allocation Failure)
[28.936s][info][gc,heap        ] GC(280) DefNew: 143267K(157248K)->3981K(157248K) Eden: 139776K(139776K)->0K(139776K) From: 3491K(17472K)->3981K(17472K)
[28.936s][info][gc,heap        ] GC(280) Tenured: 37179K(349568K)->37179K(349568K)
[28.936s][info][gc,metaspace   ] GC(280) Metaspace: 8596K(8832K)->8596K(8832K) NonClass: 7444K(7552K)->7444K(7552K) Class: 1151K(1280K)->1151K(1280K)
[28.936s][info][gc             ] GC(280) Pause Young (Allocation Failure) 176M->40M(494M) 10.401ms
[28.936s][info][gc,cpu         ] GC(280) User=0.02s Sys=0.00s Real=0.01s
[29.329s][info][gc,start       ] GC(281) Pause Young (Allocation Failure)
[29.472s][info][gc,heap        ] GC(281) DefNew: 143757K(157248K)->17472K(157248K) Eden: 139776K(139776K)->0K(139776K) From: 3981K(17472K)->17472K(17472K)
[29.472s][info][gc,heap        ] GC(281) Tenured: 37179K(349568K)->73387K(349568K)
[29.472s][info][gc,metaspace   ] GC(281) Metaspace: 8596K(8832K)->8596K(8832K) NonClass: 7444K(7552K)->7444K(7552K) Class: 1151K(1280K)->1151K(1280K)
[29.472s][info][gc             ] GC(281) Pause Young (Allocation Failure) 176M->88M(494M) 142.968ms
[29.472s][info][gc,cpu         ] GC(281) User=0.14s Sys=0.00s Real=0.14s
[29.524s][info][gc,start       ] GC(282) Pause Full (System.gc())
[29.524s][info][gc,phases,start] GC(282) Phase 1: Mark live objects
[29.535s][info][gc,phases      ] GC(282) Phase 1: Mark live objects 11.046ms
[29.535s][info][gc,phases,start] GC(282) Phase 2: Compute new object addresses
[29.569s][info][gc,phases      ] GC(282) Phase 2: Compute new object addresses 33.775ms
[29.569s][info][gc,phases,start] GC(282) Phase 3: Adjust pointers
[29.571s][info][gc,phases      ] GC(282) Phase 3: Adjust pointers 2.724ms
[29.571s][info][gc,phases,start] GC(282) Phase 4: Move objects
[29.571s][info][gc,phases      ] GC(282) Phase 4: Move objects 0.011ms
[29.572s][info][gc,heap        ] GC(282) DefNew: 42625K(157248K)->0K(157248K) Eden: 25153K(139776K)->0K(139776K) From: 17472K(17472K)->0K(17472K)
[29.572s][info][gc,heap        ] GC(282) Tenured: 73387K(349568K)->3528K(349568K)
[29.572s][info][gc,metaspace   ] GC(282) Metaspace: 8596K(8832K)->8596K(8832K) NonClass: 7444K(7552K)->7444K(7552K) Class: 1151K(1280K)->1151K(1280K)
[29.572s][info][gc             ] GC(282) Pause Full (System.gc()) 113M->3M(494M) 47.926ms
[29.572s][info][gc,cpu         ] GC(282) User=0.05s Sys=0.00s Real=0.05s
[29.651s][info][gc,start       ] GC(283) Pause Young (Allocation Failure)
[29.653s][info][gc,heap        ] GC(283) DefNew: 139776K(157248K)->518K(157248K) Eden: 139776K(139776K)->0K(139776K) From: 0K(17472K)->518K(17472K)
[29.653s][info][gc,heap        ] GC(283) Tenured: 3528K(349568K)->3528K(349568K)
[29.653s][info][gc,metaspace   ] GC(283) Metaspace: 8596K(8832K)->8596K(8832K) NonClass: 7444K(7552K)->7444K(7552K) Class: 1151K(1280K)->1151K(1280K)
[29.653s][info][gc             ] GC(283) Pause Young (Allocation Failure) 139M->3M(494M) 2.292ms
[29.653s][info][gc,cpu         ] GC(283) User=0.00s Sys=0.00s Real=0.00s
[29.717s][info][gc,start       ] GC(284) Pause Young (Allocation Failure)
[29.720s][info][gc,heap        ] GC(284) DefNew: 140294K(157248K)->962K(157248K) Eden: 139776K(139776K)->0K(139776K) From: 518K(17472K)->962K(17472K)
[29.720s][info][gc,heap        ] GC(284) Tenured: 3528K(349568K)->3528K(349568K)
[29.720s][info][gc,metaspace   ] GC(284) Metaspace: 8596K(8832K)->8596K(8832K) NonClass: 7444K(7552K)->7444K(7552K) Class: 1151K(1280K)->1151K(1280K)
[29.720s][info][gc             ] GC(284) Pause Young (Allocation Failure) 140M->4M(494M) 3.385ms
[29.720s][info][gc,cpu         ] GC(284) User=0.00s Sys=0.00s Real=0.00s
[29.784s][info][gc,start       ] GC(285) Pause Young (Allocation Failure)
[29.789s][info][gc,heap        ] GC(285) DefNew: 140738K(157248K)->1442K(157248K) Eden: 139776K(139776K)->0K(139776K) From: 962K(17472K)->1442K(17472K)
[29.789s][info][gc,heap        ] GC(285) Tenured: 3528K(349568K)->3528K(349568K)
[29.789s][info][gc,metaspace   ] GC(285) Metaspace: 8596K(8832K)->8596K(8832K) NonClass: 7444K(7552K)->7444K(7552K) Class: 1151K(1280K)->1151K(1280K)
[29.789s][info][gc             ] GC(285) Pause Young (Allocation Failure) 140M->4M(494M) 4.828ms
[29.789s][info][gc,cpu         ] GC(285) User=0.02s Sys=0.00s Real=0.02s
[29.858s][info][gc,start       ] GC(286) Pause Young (Allocation Failure)
[29.865s][info][gc,heap        ] GC(286) DefNew: 141218K(157248K)->1942K(157248K) Eden: 139776K(139776K)->0K(139776K) From: 1442K(17472K)->1942K(17472K)
[29.865s][info][gc,heap        ] GC(286) Tenured: 3528K(349568K)->3528K(349568K)
[29.865s][info][gc,metaspace   ] GC(286) Metaspace: 8596K(8832K)->8596K(8832K) NonClass: 7444K(7552K)->7444K(7552K) Class: 1151K(1280K)->1151K(1280K)
[29.865s][info][gc             ] GC(286) Pause Young (Allocation Failure) 141M->5M(494M) 6.598ms
[29.865s][info][gc,cpu         ] GC(286) User=0.00s Sys=0.00s Real=0.00s
[29.929s][info][gc,start       ] GC(287) Pause Young (Allocation Failure)
[29.935s][info][gc,heap        ] GC(287) DefNew: 141718K(157248K)->2391K(157248K) Eden: 139776K(139776K)->0K(139776K) From: 1942K(17472K)->2391K(17472K)
[29.935s][info][gc,heap        ] GC(287) Tenured: 3528K(349568K)->3528K(349568K)
[29.935s][info][gc,metaspace   ] GC(287) Metaspace: 8596K(8832K)->8596K(8832K) NonClass: 7444K(7552K)->7444K(7552K) Class: 1151K(1280K)->1151K(1280K)
[29.935s][info][gc             ] GC(287) Pause Young (Allocation Failure) 141M->5M(494M) 6.817ms
[29.936s][info][gc,cpu         ] GC(287) User=0.02s Sys=0.00s Real=0.02s
[29.999s][info][gc,start       ] GC(288) Pause Young (Allocation Failure)
[30.006s][info][gc,heap        ] GC(288) DefNew: 142167K(157248K)->2848K(157248K) Eden: 139776K(139776K)->0K(139776K) From: 2391K(17472K)->2848K(17472K)
[30.007s][info][gc,heap        ] GC(288) Tenured: 3528K(349568K)->3528K(349568K)
[30.007s][info][gc,metaspace   ] GC(288) Metaspace: 8596K(8832K)->8596K(8832K) NonClass: 7444K(7552K)->7444K(7552K) Class: 1151K(1280K)->1151K(1280K)
[30.007s][info][gc             ] GC(288) Pause Young (Allocation Failure) 142M->6M(494M) 7.721ms
[30.007s][info][gc,cpu         ] GC(288) User=0.00s Sys=0.00s Real=0.00s
[30.092s][info][gc,start       ] GC(289) Pause Young (Allocation Failure)
[30.101s][info][gc,heap        ] GC(289) DefNew: 142624K(157248K)->3238K(157248K) Eden: 139776K(139776K)->0K(139776K) From: 2848K(17472K)->3238K(17472K)
[30.102s][info][gc,heap        ] GC(289) Tenured: 3528K(349568K)->3528K(349568K)
[30.102s][info][gc,metaspace   ] GC(289) Metaspace: 8596K(8832K)->8596K(8832K) NonClass: 7444K(7552K)->7444K(7552K) Class: 1151K(1280K)->1151K(1280K)
[30.102s][info][gc             ] GC(289) Pause Young (Allocation Failure) 142M->6M(494M) 10.036ms
[30.102s][info][gc,cpu         ] GC(289) User=0.02s Sys=0.00s Real=0.02s
[30.184s][info][gc,start       ] GC(290) Pause Young (Allocation Failure)
[30.194s][info][gc,heap        ] GC(290) DefNew: 143014K(157248K)->3676K(157248K) Eden: 139776K(139776K)->0K(139776K) From: 3238K(17472K)->3676K(17472K)
[30.194s][info][gc,heap        ] GC(290) Tenured: 3528K(349568K)->3528K(349568K)
[30.194s][info][gc,metaspace   ] GC(290) Metaspace: 8596K(8832K)->8596K(8832K) NonClass: 7444K(7552K)->7444K(7552K) Class: 1151K(1280K)->1151K(1280K)
[30.194s][info][gc             ] GC(290) Pause Young (Allocation Failure) 143M->7M(494M) 9.556ms
[30.194s][info][gc,cpu         ] GC(290) User=0.00s Sys=0.00s Real=0.00s
[30.275s][info][gc,start       ] GC(291) Pause Young (Allocation Failure)
[30.286s][info][gc,heap        ] GC(291) DefNew: 143452K(157248K)->4276K(157248K) Eden: 139776K(139776K)->0K(139776K) From: 3676K(17472K)->4276K(17472K)
[30.286s][info][gc,heap        ] GC(291) Tenured: 3528K(349568K)->3528K(349568K)
[30.286s][info][gc,metaspace   ] GC(291) Metaspace: 8596K(8832K)->8596K(8832K) NonClass: 7444K(7552K)->7444K(7552K) Class: 1151K(1280K)->1151K(1280K)
[30.287s][info][gc             ] GC(291) Pause Young (Allocation Failure) 143M->7M(494M) 11.091ms
[30.287s][info][gc,cpu         ] GC(291) User=0.00s Sys=0.00s Real=0.00s
[30.365s][info][gc,start       ] GC(292) Pause Young (Allocation Failure)
[30.380s][info][gc,heap        ] GC(292) DefNew: 144052K(157248K)->4837K(157248K) Eden: 139776K(139776K)->0K(139776K) From: 4276K(17472K)->4837K(17472K)
[30.380s][info][gc,heap        ] GC(292) Tenured: 3528K(349568K)->3528K(349568K)
[30.380s][info][gc,metaspace   ] GC(292) Metaspace: 8596K(8832K)->8596K(8832K) NonClass: 7444K(7552K)->7444K(7552K) Class: 1151K(1280K)->1151K(1280K)
[30.380s][info][gc             ] GC(292) Pause Young (Allocation Failure) 144M->8M(494M) 15.872ms
[30.380s][info][gc,cpu         ] GC(292) User=0.02s Sys=0.00s Real=0.01s
[30.451s][info][gc,start       ] GC(293) Pause Young (Allocation Failure)
[30.463s][info][gc,heap        ] GC(293) DefNew: 144613K(157248K)->5259K(157248K) Eden: 139776K(139776K)->0K(139776K) From: 4837K(17472K)->5259K(17472K)
[30.463s][info][gc,heap        ] GC(293) Tenured: 3528K(349568K)->3528K(349568K)
[30.463s][info][gc,metaspace   ] GC(293) Metaspace: 8596K(8832K)->8596K(8832K) NonClass: 7444K(7552K)->7444K(7552K) Class: 1151K(1280K)->1151K(1280K)
[30.463s][info][gc             ] GC(293) Pause Young (Allocation Failure) 144M->8M(494M) 12.504ms
[30.463s][info][gc,cpu         ] GC(293) User=0.02s Sys=0.00s Real=0.02s
[30.529s][info][gc,start       ] GC(294) Pause Young (Allocation Failure)
[30.543s][info][gc,heap        ] GC(294) DefNew: 145035K(157248K)->5708K(157248K) Eden: 139776K(139776K)->0K(139776K) From: 5259K(17472K)->5708K(17472K)
[30.543s][info][gc,heap        ] GC(294) Tenured: 3528K(349568K)->3528K(349568K)
[30.543s][info][gc,metaspace   ] GC(294) Metaspace: 8596K(8832K)->8596K(8832K) NonClass: 7444K(7552K)->7444K(7552K) Class: 1151K(1280K)->1151K(1280K)
[30.543s][info][gc             ] GC(294) Pause Young (Allocation Failure) 145M->9M(494M) 13.688ms
[30.543s][info][gc,cpu         ] GC(294) User=0.02s Sys=0.00s Real=0.02s
[30.616s][info][gc,start       ] GC(295) Pause Young (Allocation Failure)
[30.631s][info][gc,heap        ] GC(295) DefNew: 145484K(157248K)->6237K(157248K) Eden: 139776K(139776K)->0K(139776K) From: 5708K(17472K)->6237K(17472K)
[30.631s][info][gc,heap        ] GC(295) Tenured: 3528K(349568K)->3528K(349568K)
[30.631s][info][gc,metaspace   ] GC(295) Metaspace: 8596K(8832K)->8596K(8832K) NonClass: 7444K(7552K)->7444K(7552K) Class: 1151K(1280K)->1151K(1280K)
[30.631s][info][gc             ] GC(295) Pause Young (Allocation Failure) 145M->9M(494M) 14.822ms
[30.631s][info][gc,cpu         ] GC(295) User=0.00s Sys=0.00s Real=0.00s
[30.702s][info][gc,start       ] GC(296) Pause Young (Allocation Failure)
[30.717s][info][gc,heap        ] GC(296) DefNew: 146013K(157248K)->6694K(157248K) Eden: 139776K(139776K)->0K(139776K) From: 6237K(17472K)->6694K(17472K)
[30.717s][info][gc,heap        ] GC(296) Tenured: 3528K(349568K)->3528K(349568K)
[30.717s][info][gc,metaspace   ] GC(296) Metaspace: 8596K(8832K)->8596K(8832K) NonClass: 7444K(7552K)->7444K(7552K) Class: 1151K(1280K)->1151K(1280K)
[30.717s][info][gc             ] GC(296) Pause Young (Allocation Failure) 146M->9M(494M) 15.155ms
[30.717s][info][gc,cpu         ] GC(296) User=0.02s Sys=0.00s Real=0.02s
[30.784s][info][gc,start       ] GC(297) Pause Young (Allocation Failure)
[30.799s][info][gc,heap        ] GC(297) DefNew: 146470K(157248K)->7114K(157248K) Eden: 139776K(139776K)->0K(139776K) From: 6694K(17472K)->7114K(17472K)
[30.799s][info][gc,heap        ] GC(297) Tenured: 3528K(349568K)->3528K(349568K)
[30.799s][info][gc,metaspace   ] GC(297) Metaspace: 8596K(8832K)->8596K(8832K) NonClass: 7444K(7552K)->7444K(7552K) Class: 1151K(1280K)->1151K(1280K)
[30.799s][info][gc             ] GC(297) Pause Young (Allocation Failure) 146M->10M(494M) 15.017ms
[30.799s][info][gc,cpu         ] GC(297) User=0.02s Sys=0.00s Real=0.02s
[30.872s][info][gc,start       ] GC(298) Pause Young (Allocation Failure)
[30.889s][info][gc,heap        ] GC(298) DefNew: 146890K(157248K)->7528K(157248K) Eden: 139776K(139776K)->0K(139776K) From: 7114K(17472K)->7528K(17472K)
[30.889s][info][gc,heap        ] GC(298) Tenured: 3528K(349568K)->3533K(349568K)
[30.889s][info][gc,metaspace   ] GC(298) Metaspace: 8596K(8832K)->8596K(8832K) NonClass: 7444K(7552K)->7444K(7552K) Class: 1151K(1280K)->1151K(1280K)
[30.889s][info][gc             ] GC(298) Pause Young (Allocation Failure) 146M->10M(494M) 17.357ms
[30.890s][info][gc,cpu         ] GC(298) User=0.02s Sys=0.00s Real=0.02s
[30.958s][info][gc,start       ] GC(299) Pause Young (Allocation Failure)
[30.974s][info][gc,heap        ] GC(299) DefNew: 147304K(157248K)->7983K(157248K) Eden: 139776K(139776K)->0K(139776K) From: 7528K(17472K)->7983K(17472K)
[30.974s][info][gc,heap        ] GC(299) Tenured: 3533K(349568K)->3533K(349568K)
[30.974s][info][gc,metaspace   ] GC(299) Metaspace: 8596K(8832K)->8596K(8832K) NonClass: 7444K(7552K)->7444K(7552K) Class: 1151K(1280K)->1151K(1280K)
[30.975s][info][gc             ] GC(299) Pause Young (Allocation Failure) 147M->11M(494M) 16.802ms
[30.975s][info][gc,cpu         ] GC(299) User=0.02s Sys=0.00s Real=0.02s
[31.060s][info][gc,start       ] GC(300) Pause Young (Allocation Failure)
[31.079s][info][gc,heap        ] GC(300) DefNew: 147759K(157248K)->8438K(157248K) Eden: 139776K(139776K)->0K(139776K) From: 7983K(17472K)->8438K(17472K)
[31.079s][info][gc,heap        ] GC(300) Tenured: 3533K(349568K)->3533K(349568K)
[31.079s][info][gc,metaspace   ] GC(300) Metaspace: 8596K(8832K)->8596K(8832K) NonClass: 7444K(7552K)->7444K(7552K) Class: 1151K(1280K)->1151K(1280K)
[31.079s][info][gc             ] GC(300) Pause Young (Allocation Failure) 147M->11M(494M) 19.305ms
[31.079s][info][gc,cpu         ] GC(300) User=0.02s Sys=0.00s Real=0.02s
[31.172s][info][gc,start       ] GC(301) Pause Young (Allocation Failure)
[31.195s][info][gc,heap        ] GC(301) DefNew: 148214K(157248K)->9049K(157248K) Eden: 139776K(139776K)->0K(139776K) From: 8438K(17472K)->9049K(17472K)
[31.196s][info][gc,heap        ] GC(301) Tenured: 3533K(349568K)->3533K(349568K)
[31.196s][info][gc,metaspace   ] GC(301) Metaspace: 8596K(8832K)->8596K(8832K) NonClass: 7444K(7552K)->7444K(7552K) Class: 1151K(1280K)->1151K(1280K)
[31.196s][info][gc             ] GC(301) Pause Young (Allocation Failure) 148M->12M(494M) 23.425ms
[31.196s][info][gc,cpu         ] GC(301) User=0.03s Sys=0.00s Real=0.03s
[31.269s][info][gc,start       ] GC(302) Pause Young (Allocation Failure)
[31.290s][info][gc,heap        ] GC(302) DefNew: 148825K(157248K)->5167K(157248K) Eden: 139776K(139776K)->0K(139776K) From: 9049K(17472K)->5167K(17472K)
[31.290s][info][gc,heap        ] GC(302) Tenured: 3533K(349568K)->7864K(349568K)
[31.290s][info][gc,metaspace   ] GC(302) Metaspace: 8596K(8832K)->8596K(8832K) NonClass: 7444K(7552K)->7444K(7552K) Class: 1151K(1280K)->1151K(1280K)
[31.290s][info][gc             ] GC(302) Pause Young (Allocation Failure) 148M->12M(494M) 20.401ms
[31.290s][info][gc,cpu         ] GC(302) User=0.03s Sys=0.00s Real=0.03s
[31.361s][info][gc,start       ] GC(303) Pause Young (Allocation Failure)
[31.374s][info][gc,heap        ] GC(303) DefNew: 144943K(157248K)->5640K(157248K) Eden: 139776K(139776K)->0K(139776K) From: 5167K(17472K)->5640K(17472K)
[31.374s][info][gc,heap        ] GC(303) Tenured: 7864K(349568K)->7864K(349568K)
[31.375s][info][gc,metaspace   ] GC(303) Metaspace: 8596K(8832K)->8596K(8832K) NonClass: 7444K(7552K)->7444K(7552K) Class: 1151K(1280K)->1151K(1280K)
[31.375s][info][gc             ] GC(303) Pause Young (Allocation Failure) 149M->13M(494M) 13.598ms
[31.375s][info][gc,cpu         ] GC(303) User=0.02s Sys=0.00s Real=0.02s
[31.450s][info][gc,start       ] GC(304) Pause Young (Allocation Failure)
[31.465s][info][gc,heap        ] GC(304) DefNew: 145416K(157248K)->6141K(157248K) Eden: 139776K(139776K)->0K(139776K) From: 5640K(17472K)->6141K(17472K)
[31.465s][info][gc,heap        ] GC(304) Tenured: 7864K(349568K)->7864K(349568K)
[31.465s][info][gc,metaspace   ] GC(304) Metaspace: 8596K(8832K)->8596K(8832K) NonClass: 7444K(7552K)->7444K(7552K) Class: 1151K(1280K)->1151K(1280K)
[31.465s][info][gc             ] GC(304) Pause Young (Allocation Failure) 149M->13M(494M) 14.996ms
[31.465s][info][gc,cpu         ] GC(304) User=0.02s Sys=0.00s Real=0.01s
[31.536s][info][gc,start       ] GC(305) Pause Young (Allocation Failure)
[31.551s][info][gc,heap        ] GC(305) DefNew: 145917K(157248K)->6558K(157248K) Eden: 139776K(139776K)->0K(139776K) From: 6141K(17472K)->6558K(17472K)
[31.551s][info][gc,heap        ] GC(305) Tenured: 7864K(349568K)->7864K(349568K)
[31.551s][info][gc,metaspace   ] GC(305) Metaspace: 8596K(8832K)->8596K(8832K) NonClass: 7444K(7552K)->7444K(7552K) Class: 1151K(1280K)->1151K(1280K)
[31.551s][info][gc             ] GC(305) Pause Young (Allocation Failure) 150M->14M(494M) 15.098ms
[31.551s][info][gc,cpu         ] GC(305) User=0.02s Sys=0.00s Real=0.02s
[31.618s][info][gc,start       ] GC(306) Pause Young (Allocation Failure)
[31.633s][info][gc,heap        ] GC(306) DefNew: 146334K(157248K)->7050K(157248K) Eden: 139776K(139776K)->0K(139776K) From: 6558K(17472K)->7050K(17472K)
[31.633s][info][gc,heap        ] GC(306) Tenured: 7864K(349568K)->7864K(349568K)
[31.633s][info][gc,metaspace   ] GC(306) Metaspace: 8596K(8832K)->8596K(8832K) NonClass: 7444K(7552K)->7444K(7552K) Class: 1151K(1280K)->1151K(1280K)
[31.633s][info][gc             ] GC(306) Pause Young (Allocation Failure) 150M->14M(494M) 15.344ms
[31.633s][info][gc,cpu         ] GC(306) User=0.02s Sys=0.00s Real=0.02s
[31.707s][info][gc,start       ] GC(307) Pause Young (Allocation Failure)
[31.724s][info][gc,heap        ] GC(307) DefNew: 146826K(157248K)->7442K(157248K) Eden: 139776K(139776K)->0K(139776K) From: 7050K(17472K)->7442K(17472K)
[31.724s][info][gc,heap        ] GC(307) Tenured: 7864K(349568K)->7864K(349568K)
[31.724s][info][gc,metaspace   ] GC(307) Metaspace: 8596K(8832K)->8596K(8832K) NonClass: 7444K(7552K)->7444K(7552K) Class: 1151K(1280K)->1151K(1280K)
[31.724s][info][gc             ] GC(307) Pause Young (Allocation Failure) 151M->14M(494M) 17.845ms
[31.724s][info][gc,cpu         ] GC(307) User=0.02s Sys=0.00s Real=0.02s
[31.807s][info][gc,start       ] GC(308) Pause Young (Allocation Failure)
[31.824s][info][gc,heap        ] GC(308) DefNew: 147218K(157248K)->7876K(157248K) Eden: 139776K(139776K)->0K(139776K) From: 7442K(17472K)->7876K(17472K)
[31.824s][info][gc,heap        ] GC(308) Tenured: 7864K(349568K)->7864K(349568K)
[31.824s][info][gc,metaspace   ] GC(308) Metaspace: 8596K(8832K)->8596K(8832K) NonClass: 7444K(7552K)->7444K(7552K) Class: 1151K(1280K)->1151K(1280K)
[31.824s][info][gc             ] GC(308) Pause Young (Allocation Failure) 151M->15M(494M) 17.427ms
[31.824s][info][gc,cpu         ] GC(308) User=0.02s Sys=0.00s Real=0.02s
[31.904s][info][gc,start       ] GC(309) Pause Young (Allocation Failure)
[31.923s][info][gc,heap        ] GC(309) DefNew: 147652K(157248K)->8329K(157248K) Eden: 139776K(139776K)->0K(139776K) From: 7876K(17472K)->8329K(17472K)
[31.924s][info][gc,heap        ] GC(309) Tenured: 7864K(349568K)->7864K(349568K)
[31.924s][info][gc,metaspace   ] GC(309) Metaspace: 8596K(8832K)->8596K(8832K) NonClass: 7444K(7552K)->7444K(7552K) Class: 1151K(1280K)->1151K(1280K)
[31.924s][info][gc             ] GC(309) Pause Young (Allocation Failure) 151M->15M(494M) 19.180ms
[31.924s][info][gc,cpu         ] GC(309) User=0.03s Sys=0.00s Real=0.03s
[32.029s][info][gc,start       ] GC(310) Pause Young (Allocation Failure)
[32.074s][info][gc,heap        ] GC(310) DefNew: 148105K(157248K)->17471K(157248K) Eden: 139776K(139776K)->0K(139776K) From: 8329K(17472K)->17471K(17472K)
[32.074s][info][gc,heap        ] GC(310) Tenured: 7864K(349568K)->7922K(349568K)
[32.074s][info][gc,metaspace   ] GC(310) Metaspace: 8596K(8832K)->8596K(8832K) NonClass: 7444K(7552K)->7444K(7552K) Class: 1151K(1280K)->1151K(1280K)
[32.074s][info][gc             ] GC(310) Pause Young (Allocation Failure) 152M->24M(494M) 45.232ms
[32.074s][info][gc,cpu         ] GC(310) User=0.05s Sys=0.00s Real=0.05s
[32.154s][info][gc,start       ] GC(311) Pause Young (Allocation Failure)
[32.186s][info][gc,heap        ] GC(311) DefNew: 157247K(157248K)->518K(157248K) Eden: 139776K(139776K)->0K(139776K) From: 17471K(17472K)->518K(17472K)
[32.186s][info][gc,heap        ] GC(311) Tenured: 7922K(349568K)->25347K(349568K)
[32.186s][info][gc,metaspace   ] GC(311) Metaspace: 8596K(8832K)->8596K(8832K) NonClass: 7444K(7552K)->7444K(7552K) Class: 1151K(1280K)->1151K(1280K)
[32.186s][info][gc             ] GC(311) Pause Young (Allocation Failure) 161M->25M(494M) 32.404ms
[32.186s][info][gc,cpu         ] GC(311) User=0.03s Sys=0.00s Real=0.03s
[32.265s][info][gc,start       ] GC(312) Pause Young (Allocation Failure)
[32.268s][info][gc,heap        ] GC(312) DefNew: 140294K(157248K)->943K(157248K) Eden: 139776K(139776K)->0K(139776K) From: 518K(17472K)->943K(17472K)
[32.268s][info][gc,heap        ] GC(312) Tenured: 25347K(349568K)->25347K(349568K)
[32.268s][info][gc,metaspace   ] GC(312) Metaspace: 8596K(8832K)->8596K(8832K) NonClass: 7444K(7552K)->7444K(7552K) Class: 1151K(1280K)->1151K(1280K)
[32.268s][info][gc             ] GC(312) Pause Young (Allocation Failure) 161M->25M(494M) 3.504ms
[32.268s][info][gc,cpu         ] GC(312) User=0.00s Sys=0.00s Real=0.00s
[32.352s][info][gc,start       ] GC(313) Pause Young (Allocation Failure)
[32.367s][info][gc,heap        ] GC(313) DefNew: 140719K(157248K)->5189K(157248K) Eden: 139776K(139776K)->0K(139776K) From: 943K(17472K)->5189K(17472K)
[32.367s][info][gc,heap        ] GC(313) Tenured: 25347K(349568K)->25347K(349568K)
[32.367s][info][gc,metaspace   ] GC(313) Metaspace: 8596K(8832K)->8596K(8832K) NonClass: 7444K(7552K)->7444K(7552K) Class: 1151K(1280K)->1151K(1280K)
[32.367s][info][gc             ] GC(313) Pause Young (Allocation Failure) 162M->29M(494M) 15.590ms
[32.367s][info][gc,cpu         ] GC(313) User=0.02s Sys=0.00s Real=0.02s
[32.448s][info][gc,start       ] GC(314) Pause Young (Allocation Failure)
[32.462s][info][gc,heap        ] GC(314) DefNew: 144965K(157248K)->5633K(157248K) Eden: 139776K(139776K)->0K(139776K) From: 5189K(17472K)->5633K(17472K)
[32.462s][info][gc,heap        ] GC(314) Tenured: 25347K(349568K)->25347K(349568K)
[32.462s][info][gc,metaspace   ] GC(314) Metaspace: 8596K(8832K)->8596K(8832K) NonClass: 7444K(7552K)->7444K(7552K) Class: 1151K(1280K)->1151K(1280K)
[32.462s][info][gc             ] GC(314) Pause Young (Allocation Failure) 166M->30M(494M) 14.024ms
[32.462s][info][gc,cpu         ] GC(314) User=0.02s Sys=0.00s Real=0.02s
[32.532s][info][gc,start       ] GC(315) Pause Young (Allocation Failure)
[32.546s][info][gc,heap        ] GC(315) DefNew: 145409K(157248K)->6127K(157248K) Eden: 139776K(139776K)->0K(139776K) From: 5633K(17472K)->6127K(17472K)
[32.546s][info][gc,heap        ] GC(315) Tenured: 25347K(349568K)->25347K(349568K)
[32.547s][info][gc,metaspace   ] GC(315) Metaspace: 8596K(8832K)->8596K(8832K) NonClass: 7444K(7552K)->7444K(7552K) Class: 1151K(1280K)->1151K(1280K)
[32.547s][info][gc             ] GC(315) Pause Young (Allocation Failure) 166M->30M(494M) 14.701ms
[32.547s][info][gc,cpu         ] GC(315) User=0.02s Sys=0.00s Real=0.02s
[32.619s][info][gc,start       ] GC(316) Pause Young (Allocation Failure)
[32.636s][info][gc,heap        ] GC(316) DefNew: 145903K(157248K)->6511K(157248K) Eden: 139776K(139776K)->0K(139776K) From: 6127K(17472K)->6511K(17472K)
[32.636s][info][gc,heap        ] GC(316) Tenured: 25347K(349568K)->25347K(349568K)
[32.636s][info][gc,metaspace   ] GC(316) Metaspace: 8596K(8832K)->8596K(8832K) NonClass: 7444K(7552K)->7444K(7552K) Class: 1151K(1280K)->1151K(1280K)
[32.636s][info][gc             ] GC(316) Pause Young (Allocation Failure) 167M->31M(494M) 17.170ms
[32.636s][info][gc,cpu         ] GC(316) User=0.02s Sys=0.00s Real=0.02s
[32.706s][info][gc,start       ] GC(317) Pause Young (Allocation Failure)
[32.722s][info][gc,heap        ] GC(317) DefNew: 146287K(157248K)->6947K(157248K) Eden: 139776K(139776K)->0K(139776K) From: 6511K(17472K)->6947K(17472K)
[32.722s][info][gc,heap        ] GC(317) Tenured: 25347K(349568K)->25347K(349568K)
[32.722s][info][gc,metaspace   ] GC(317) Metaspace: 8596K(8832K)->8596K(8832K) NonClass: 7444K(7552K)->7444K(7552K) Class: 1151K(1280K)->1151K(1280K)
[32.722s][info][gc             ] GC(317) Pause Young (Allocation Failure) 167M->31M(494M) 16.083ms
[32.722s][info][gc,cpu         ] GC(317) User=0.02s Sys=0.00s Real=0.02s
[32.792s][info][gc,start       ] GC(318) Pause Young (Allocation Failure)
[32.809s][info][gc,heap        ] GC(318) DefNew: 146723K(157248K)->7410K(157248K) Eden: 139776K(139776K)->0K(139776K) From: 6947K(17472K)->7410K(17472K)
[32.809s][info][gc,heap        ] GC(318) Tenured: 25347K(349568K)->25347K(349568K)
[32.809s][info][gc,metaspace   ] GC(318) Metaspace: 8596K(8832K)->8596K(8832K) NonClass: 7444K(7552K)->7444K(7552K) Class: 1151K(1280K)->1151K(1280K)
[32.809s][info][gc             ] GC(318) Pause Young (Allocation Failure) 168M->31M(494M) 16.442ms
[32.809s][info][gc,cpu         ] GC(318) User=0.03s Sys=0.00s Real=0.03s
[32.890s][info][gc,start       ] GC(319) Pause Young (Allocation Failure)
[32.919s][info][gc,heap        ] GC(319) DefNew: 147186K(157248K)->12166K(157248K) Eden: 139776K(139776K)->0K(139776K) From: 7410K(17472K)->12166K(17472K)
[32.919s][info][gc,heap        ] GC(319) Tenured: 25347K(349568K)->25347K(349568K)
[32.919s][info][gc,metaspace   ] GC(319) Metaspace: 8596K(8832K)->8596K(8832K) NonClass: 7444K(7552K)->7444K(7552K) Class: 1151K(1280K)->1151K(1280K)
[32.919s][info][gc             ] GC(319) Pause Young (Allocation Failure) 168M->36M(494M) 29.256ms
[32.919s][info][gc,cpu         ] GC(319) User=0.03s Sys=0.00s Real=0.03s
[32.999s][info][gc,start       ] GC(320) Pause Young (Allocation Failure)
[33.024s][info][gc,heap        ] GC(320) DefNew: 151942K(157248K)->7728K(157248K) Eden: 139776K(139776K)->0K(139776K) From: 12166K(17472K)->7728K(17472K)
[33.024s][info][gc,heap        ] GC(320) Tenured: 25347K(349568K)->30246K(349568K)
[33.025s][info][gc,metaspace   ] GC(320) Metaspace: 8596K(8832K)->8596K(8832K) NonClass: 7444K(7552K)->7444K(7552K) Class: 1151K(1280K)->1151K(1280K)
[33.025s][info][gc             ] GC(320) Pause Young (Allocation Failure) 173M->37M(494M) 25.709ms
[33.025s][info][gc,cpu         ] GC(320) User=0.02s Sys=0.00s Real=0.02s
[33.095s][info][gc,start       ] GC(321) Pause Young (Allocation Failure)
[33.112s][info][gc,heap        ] GC(321) DefNew: 147504K(157248K)->8177K(157248K) Eden: 139776K(139776K)->0K(139776K) From: 7728K(17472K)->8177K(17472K)
[33.112s][info][gc,heap        ] GC(321) Tenured: 30246K(349568K)->30246K(349568K)
[33.112s][info][gc,metaspace   ] GC(321) Metaspace: 8596K(8832K)->8596K(8832K) NonClass: 7444K(7552K)->7444K(7552K) Class: 1151K(1280K)->1151K(1280K)
[33.112s][info][gc             ] GC(321) Pause Young (Allocation Failure) 173M->37M(494M) 17.764ms
[33.112s][info][gc,cpu         ] GC(321) User=0.02s Sys=0.00s Real=0.02s
[33.198s][info][gc,start       ] GC(322) Pause Young (Allocation Failure)
[33.218s][info][gc,heap        ] GC(322) DefNew: 147953K(157248K)->8709K(157248K) Eden: 139776K(139776K)->0K(139776K) From: 8177K(17472K)->8709K(17472K)
[33.218s][info][gc,heap        ] GC(322) Tenured: 30246K(349568K)->30246K(349568K)
[33.218s][info][gc,metaspace   ] GC(322) Metaspace: 8596K(8832K)->8596K(8832K) NonClass: 7444K(7552K)->7444K(7552K) Class: 1151K(1280K)->1151K(1280K)
[33.218s][info][gc             ] GC(322) Pause Young (Allocation Failure) 174M->38M(494M) 20.029ms
[33.218s][info][gc,cpu         ] GC(322) User=0.02s Sys=0.00s Real=0.02s
[33.289s][info][gc,start       ] GC(323) Pause Young (Allocation Failure)
[33.309s][info][gc,heap        ] GC(323) DefNew: 148485K(157248K)->9132K(157248K) Eden: 139776K(139776K)->0K(139776K) From: 8709K(17472K)->9132K(17472K)
[33.309s][info][gc,heap        ] GC(323) Tenured: 30246K(349568K)->30246K(349568K)
[33.309s][info][gc,metaspace   ] GC(323) Metaspace: 8596K(8832K)->8596K(8832K) NonClass: 7444K(7552K)->7444K(7552K) Class: 1151K(1280K)->1151K(1280K)
[33.309s][info][gc             ] GC(323) Pause Young (Allocation Failure) 174M->38M(494M) 20.137ms
[33.309s][info][gc,cpu         ] GC(323) User=0.02s Sys=0.00s Real=0.02s
[33.381s][info][gc,start       ] GC(324) Pause Young (Allocation Failure)
[33.402s][info][gc,heap        ] GC(324) DefNew: 148908K(157248K)->8403K(157248K) Eden: 139776K(139776K)->0K(139776K) From: 9132K(17472K)->8403K(17472K)
[33.402s][info][gc,heap        ] GC(324) Tenured: 30246K(349568K)->31449K(349568K)
[33.402s][info][gc,metaspace   ] GC(324) Metaspace: 8596K(8832K)->8596K(8832K) NonClass: 7444K(7552K)->7444K(7552K) Class: 1151K(1280K)->1151K(1280K)
[33.402s][info][gc             ] GC(324) Pause Young (Allocation Failure) 174M->38M(494M) 21.740ms
[33.402s][info][gc,cpu         ] GC(324) User=0.02s Sys=0.00s Real=0.02s
[33.482s][info][gc,start       ] GC(325) Pause Young (Allocation Failure)
[33.504s][info][gc,heap        ] GC(325) DefNew: 148179K(157248K)->8810K(157248K) Eden: 139776K(139776K)->0K(139776K) From: 8403K(17472K)->8810K(17472K)
[33.504s][info][gc,heap        ] GC(325) Tenured: 31449K(349568K)->31449K(349568K)
[33.504s][info][gc,metaspace   ] GC(325) Metaspace: 8596K(8832K)->8596K(8832K) NonClass: 7444K(7552K)->7444K(7552K) Class: 1151K(1280K)->1151K(1280K)
[33.504s][info][gc             ] GC(325) Pause Young (Allocation Failure) 175M->39M(494M) 21.765ms
[33.504s][info][gc,cpu         ] GC(325) User=0.03s Sys=0.00s Real=0.03s
[33.580s][info][gc,start       ] GC(326) Pause Young (Allocation Failure)
[33.601s][info][gc,heap        ] GC(326) DefNew: 148586K(157248K)->3491K(157248K) Eden: 139776K(139776K)->0K(139776K) From: 8810K(17472K)->3491K(17472K)
[33.601s][info][gc,heap        ] GC(326) Tenured: 31449K(349568K)->37179K(349568K)
[33.601s][info][gc,metaspace   ] GC(326) Metaspace: 8596K(8832K)->8596K(8832K) NonClass: 7444K(7552K)->7444K(7552K) Class: 1151K(1280K)->1151K(1280K)
[33.601s][info][gc             ] GC(326) Pause Young (Allocation Failure) 175M->39M(494M) 21.482ms
[33.602s][info][gc,cpu         ] GC(326) User=0.03s Sys=0.00s Real=0.03s
[33.673s][info][gc,start       ] GC(327) Pause Young (Allocation Failure)
[33.683s][info][gc,heap        ] GC(327) DefNew: 143267K(157248K)->3981K(157248K) Eden: 139776K(139776K)->0K(139776K) From: 3491K(17472K)->3981K(17472K)
[33.683s][info][gc,heap        ] GC(327) Tenured: 37179K(349568K)->37179K(349568K)
[33.683s][info][gc,metaspace   ] GC(327) Metaspace: 8596K(8832K)->8596K(8832K) NonClass: 7444K(7552K)->7444K(7552K) Class: 1151K(1280K)->1151K(1280K)
[33.683s][info][gc             ] GC(327) Pause Young (Allocation Failure) 176M->40M(494M) 10.420ms
[33.683s][info][gc,cpu         ] GC(327) User=0.02s Sys=0.00s Real=0.02s
[34.089s][info][gc,start       ] GC(328) Pause Young (Allocation Failure)
[34.230s][info][gc,heap        ] GC(328) DefNew: 143757K(157248K)->17472K(157248K) Eden: 139776K(139776K)->0K(139776K) From: 3981K(17472K)->17472K(17472K)
[34.230s][info][gc,heap        ] GC(328) Tenured: 37179K(349568K)->73387K(349568K)
[34.230s][info][gc,metaspace   ] GC(328) Metaspace: 8596K(8832K)->8596K(8832K) NonClass: 7444K(7552K)->7444K(7552K) Class: 1151K(1280K)->1151K(1280K)
[34.230s][info][gc             ] GC(328) Pause Young (Allocation Failure) 176M->88M(494M) 140.701ms
[34.230s][info][gc,cpu         ] GC(328) User=0.14s Sys=0.00s Real=0.14s
[34.280s][info][gc,start       ] GC(329) Pause Full (System.gc())
[34.280s][info][gc,phases,start] GC(329) Phase 1: Mark live objects
[34.291s][info][gc,phases      ] GC(329) Phase 1: Mark live objects 11.054ms
[34.291s][info][gc,phases,start] GC(329) Phase 2: Compute new object addresses
[34.322s][info][gc,phases      ] GC(329) Phase 2: Compute new object addresses 31.169ms
[34.322s][info][gc,phases,start] GC(329) Phase 3: Adjust pointers
[34.325s][info][gc,phases      ] GC(329) Phase 3: Adjust pointers 2.680ms
[34.325s][info][gc,phases,start] GC(329) Phase 4: Move objects
[34.325s][info][gc,phases      ] GC(329) Phase 4: Move objects 0.011ms
[34.325s][info][gc,heap        ] GC(329) DefNew: 42625K(157248K)->0K(157248K) Eden: 25153K(139776K)->0K(139776K) From: 17472K(17472K)->0K(17472K)
[34.325s][info][gc,heap        ] GC(329) Tenured: 73387K(349568K)->3528K(349568K)
[34.325s][info][gc,metaspace   ] GC(329) Metaspace: 8596K(8832K)->8596K(8832K) NonClass: 7445K(7552K)->7445K(7552K) Class: 1151K(1280K)->1151K(1280K)
[34.325s][info][gc             ] GC(329) Pause Full (System.gc()) 113M->3M(494M) 45.255ms
[34.325s][info][gc,cpu         ] GC(329) User=0.05s Sys=0.00s Real=0.05s
[34.419s][info][gc,start       ] GC(330) Pause Young (Allocation Failure)
[34.421s][info][gc,heap        ] GC(330) DefNew: 139776K(157248K)->518K(157248K) Eden: 139776K(139776K)->0K(139776K) From: 0K(17472K)->518K(17472K)
[34.421s][info][gc,heap        ] GC(330) Tenured: 3528K(349568K)->3528K(349568K)
[34.421s][info][gc,metaspace   ] GC(330) Metaspace: 8599K(8832K)->8599K(8832K) NonClass: 7448K(7552K)->7448K(7552K) Class: 1151K(1280K)->1151K(1280K)
[34.421s][info][gc             ] GC(330) Pause Young (Allocation Failure) 139M->3M(494M) 2.282ms
[34.422s][info][gc,cpu         ] GC(330) User=0.00s Sys=0.00s Real=0.00s
[34.499s][info][gc,start       ] GC(331) Pause Young (Allocation Failure)
[34.502s][info][gc,heap        ] GC(331) DefNew: 140294K(157248K)->962K(157248K) Eden: 139776K(139776K)->0K(139776K) From: 518K(17472K)->962K(17472K)
[34.502s][info][gc,heap        ] GC(331) Tenured: 3528K(349568K)->3528K(349568K)
[34.502s][info][gc,metaspace   ] GC(331) Metaspace: 8599K(8832K)->8599K(8832K) NonClass: 7448K(7552K)->7448K(7552K) Class: 1151K(1280K)->1151K(1280K)
[34.502s][info][gc             ] GC(331) Pause Young (Allocation Failure) 140M->4M(494M) 3.409ms
[34.502s][info][gc,cpu         ] GC(331) User=0.00s Sys=0.00s Real=0.00s
[34.566s][info][gc,start       ] GC(332) Pause Young (Allocation Failure)
[34.571s][info][gc,heap        ] GC(332) DefNew: 140738K(157248K)->1442K(157248K) Eden: 139776K(139776K)->0K(139776K) From: 962K(17472K)->1442K(17472K)
[34.571s][info][gc,heap        ] GC(332) Tenured: 3528K(349568K)->3528K(349568K)
[34.571s][info][gc,metaspace   ] GC(332) Metaspace: 8599K(8832K)->8599K(8832K) NonClass: 7448K(7552K)->7448K(7552K) Class: 1151K(1280K)->1151K(1280K)
[34.571s][info][gc             ] GC(332) Pause Young (Allocation Failure) 140M->4M(494M) 4.763ms
[34.571s][info][gc,cpu         ] GC(332) User=0.00s Sys=0.00s Real=0.00s
[34.641s][info][gc,start       ] GC(333) Pause Young (Allocation Failure)
[34.647s][info][gc,heap        ] GC(333) DefNew: 141218K(157248K)->1942K(157248K) Eden: 139776K(139776K)->0K(139776K) From: 1442K(17472K)->1942K(17472K)
[34.647s][info][gc,heap        ] GC(333) Tenured: 3528K(349568K)->3528K(349568K)
[34.648s][info][gc,metaspace   ] GC(333) Metaspace: 8599K(8832K)->8599K(8832K) NonClass: 7448K(7552K)->7448K(7552K) Class: 1151K(1280K)->1151K(1280K)
[34.648s][info][gc             ] GC(333) Pause Young (Allocation Failure) 141M->5M(494M) 6.616ms
[34.648s][info][gc,cpu         ] GC(333) User=0.00s Sys=0.00s Real=0.00s
[34.711s][info][gc,start       ] GC(334) Pause Young (Allocation Failure)
[34.718s][info][gc,heap        ] GC(334) DefNew: 141718K(157248K)->2391K(157248K) Eden: 139776K(139776K)->0K(139776K) From: 1942K(17472K)->2391K(17472K)
[34.718s][info][gc,heap        ] GC(334) Tenured: 3528K(349568K)->3528K(349568K)
[34.718s][info][gc,metaspace   ] GC(334) Metaspace: 8599K(8832K)->8599K(8832K) NonClass: 7448K(7552K)->7448K(7552K) Class: 1151K(1280K)->1151K(1280K)
[34.718s][info][gc             ] GC(334) Pause Young (Allocation Failure) 141M->5M(494M) 6.855ms
[34.718s][info][gc,cpu         ] GC(334) User=0.02s Sys=0.00s Real=0.02s
[34.781s][info][gc,start       ] GC(335) Pause Young (Allocation Failure)
[34.789s][info][gc,heap        ] GC(335) DefNew: 142167K(157248K)->2848K(157248K) Eden: 139776K(139776K)->0K(139776K) From: 2391K(17472K)->2848K(17472K)
[34.789s][info][gc,heap        ] GC(335) Tenured: 3528K(349568K)->3528K(349568K)
[34.789s][info][gc,metaspace   ] GC(335) Metaspace: 8599K(8832K)->8599K(8832K) NonClass: 7448K(7552K)->7448K(7552K) Class: 1151K(1280K)->1151K(1280K)
[34.789s][info][gc             ] GC(335) Pause Young (Allocation Failure) 142M->6M(494M) 7.683ms
[34.789s][info][gc,cpu         ] GC(335) User=0.00s Sys=0.00s Real=0.00s
[34.858s][info][gc,start       ] GC(336) Pause Young (Allocation Failure)
[34.867s][info][gc,heap        ] GC(336) DefNew: 142624K(157248K)->3238K(157248K) Eden: 139776K(139776K)->0K(139776K) From: 2848K(17472K)->3238K(17472K)
[34.868s][info][gc,heap        ] GC(336) Tenured: 3528K(349568K)->3528K(349568K)
[34.868s][info][gc,metaspace   ] GC(336) Metaspace: 8599K(8832K)->8599K(8832K) NonClass: 7448K(7552K)->7448K(7552K) Class: 1151K(1280K)->1151K(1280K)
[34.868s][info][gc             ] GC(336) Pause Young (Allocation Failure) 142M->6M(494M) 9.816ms
[34.868s][info][gc,cpu         ] GC(336) User=0.00s Sys=0.00s Real=0.00s
[34.934s][info][gc,start       ] GC(337) Pause Young (Allocation Failure)
[34.943s][info][gc,heap        ] GC(337) DefNew: 143014K(157248K)->3676K(157248K) Eden: 139776K(139776K)->0K(139776K) From: 3238K(17472K)->3676K(17472K)
[34.944s][info][gc,heap        ] GC(337) Tenured: 3528K(349568K)->3528K(349568K)
[34.944s][info][gc,metaspace   ] GC(337) Metaspace: 8599K(8832K)->8599K(8832K) NonClass: 7448K(7552K)->7448K(7552K) Class: 1151K(1280K)->1151K(1280K)
[34.944s][info][gc             ] GC(337) Pause Young (Allocation Failure) 143M->7M(494M) 9.556ms
[34.944s][info][gc,cpu         ] GC(337) User=0.00s Sys=0.00s Real=0.00s
[35.013s][info][gc,start       ] GC(338) Pause Young (Allocation Failure)
[35.024s][info][gc,heap        ] GC(338) DefNew: 143452K(157248K)->4276K(157248K) Eden: 139776K(139776K)->0K(139776K) From: 3676K(17472K)->4276K(17472K)
[35.024s][info][gc,heap        ] GC(338) Tenured: 3528K(349568K)->3528K(349568K)
[35.024s][info][gc,metaspace   ] GC(338) Metaspace: 8599K(8832K)->8599K(8832K) NonClass: 7448K(7552K)->7448K(7552K) Class: 1151K(1280K)->1151K(1280K)
[35.024s][info][gc             ] GC(338) Pause Young (Allocation Failure) 143M->7M(494M) 11.552ms
[35.024s][info][gc,cpu         ] GC(338) User=0.00s Sys=0.00s Real=0.00s
[35.101s][info][gc,start       ] GC(339) Pause Young (Allocation Failure)
[35.118s][info][gc,heap        ] GC(339) DefNew: 144052K(157248K)->4837K(157248K) Eden: 139776K(139776K)->0K(139776K) From: 4276K(17472K)->4837K(17472K)
[35.118s][info][gc,heap        ] GC(339) Tenured: 3528K(349568K)->3528K(349568K)
[35.118s][info][gc,metaspace   ] GC(339) Metaspace: 8599K(8832K)->8599K(8832K) NonClass: 7448K(7552K)->7448K(7552K) Class: 1151K(1280K)->1151K(1280K)
[35.118s][info][gc             ] GC(339) Pause Young (Allocation Failure) 144M->8M(494M) 16.941ms
[35.118s][info][gc,cpu         ] GC(339) User=0.02s Sys=0.00s Real=0.02s
[35.188s][info][gc,start       ] GC(340) Pause Young (Allocation Failure)
[35.200s][info][gc,heap        ] GC(340) DefNew: 144613K(157248K)->5259K(157248K) Eden: 139776K(139776K)->0K(139776K) From: 4837K(17472K)->5259K(17472K)
[35.200s][info][gc,heap        ] GC(340) Tenured: 3528K(349568K)->3528K(349568K)
[35.200s][info][gc,metaspace   ] GC(340) Metaspace: 8599K(8832K)->8599K(8832K) NonClass: 7448K(7552K)->7448K(7552K) Class: 1151K(1280K)->1151K(1280K)
[35.200s][info][gc             ] GC(340) Pause Young (Allocation Failure) 144M->8M(494M) 11.809ms
[35.200s][info][gc,cpu         ] GC(340) User=0.02s Sys=0.00s Real=0.02s
[35.268s][info][gc,start       ] GC(341) Pause Young (Allocation Failure)
[35.280s][info][gc,heap        ] GC(341) DefNew: 145035K(157248K)->5708K(157248K) Eden: 139776K(139776K)->0K(139776K) From: 5259K(17472K)->5708K(17472K)
[35.280s][info][gc,heap        ] GC(341) Tenured: 3528K(349568K)->3528K(349568K)
[35.280s][info][gc,metaspace   ] GC(341) Metaspace: 8599K(8832K)->8599K(8832K) NonClass: 7448K(7552K)->7448K(7552K) Class: 1151K(1280K)->1151K(1280K)
[35.281s][info][gc             ] GC(341) Pause Young (Allocation Failure) 145M->9M(494M) 12.524ms
[35.281s][info][gc,cpu         ] GC(341) User=0.00s Sys=0.00s Real=0.00s
[35.353s][info][gc,start       ] GC(342) Pause Young (Allocation Failure)
[35.369s][info][gc,heap        ] GC(342) DefNew: 145484K(157248K)->6237K(157248K) Eden: 139776K(139776K)->0K(139776K) From: 5708K(17472K)->6237K(17472K)
[35.369s][info][gc,heap        ] GC(342) Tenured: 3528K(349568K)->3528K(349568K)
[35.369s][info][gc,metaspace   ] GC(342) Metaspace: 8599K(8832K)->8599K(8832K) NonClass: 7448K(7552K)->7448K(7552K) Class: 1151K(1280K)->1151K(1280K)
[35.369s][info][gc             ] GC(342) Pause Young (Allocation Failure) 145M->9M(494M) 15.703ms
[35.369s][info][gc,cpu         ] GC(342) User=0.02s Sys=0.00s Real=0.02s
[35.454s][info][gc,start       ] GC(343) Pause Young (Allocation Failure)
[35.470s][info][gc,heap        ] GC(343) DefNew: 146013K(157248K)->6694K(157248K) Eden: 139776K(139776K)->0K(139776K) From: 6237K(17472K)->6694K(17472K)
[35.470s][info][gc,heap        ] GC(343) Tenured: 3528K(349568K)->3528K(349568K)
[35.470s][info][gc,metaspace   ] GC(343) Metaspace: 8599K(8832K)->8599K(8832K) NonClass: 7448K(7552K)->7448K(7552K) Class: 1151K(1280K)->1151K(1280K)
[35.470s][info][gc             ] GC(343) Pause Young (Allocation Failure) 146M->9M(494M) 15.672ms
[35.470s][info][gc,cpu         ] GC(343) User=0.02s Sys=0.02s Real=0.03s
[35.549s][info][gc,start       ] GC(344) Pause Young (Allocation Failure)
[35.564s][info][gc,heap        ] GC(344) DefNew: 146470K(157248K)->7114K(157248K) Eden: 139776K(139776K)->0K(139776K) From: 6694K(17472K)->7114K(17472K)
[35.564s][info][gc,heap        ] GC(344) Tenured: 3528K(349568K)->3528K(349568K)
[35.564s][info][gc,metaspace   ] GC(344) Metaspace: 8599K(8832K)->8599K(8832K) NonClass: 7448K(7552K)->7448K(7552K) Class: 1151K(1280K)->1151K(1280K)
[35.564s][info][gc             ] GC(344) Pause Young (Allocation Failure) 146M->10M(494M) 14.823ms
[35.564s][info][gc,cpu         ] GC(344) User=0.02s Sys=0.00s Real=0.02s
[35.638s][info][gc,start       ] GC(345) Pause Young (Allocation Failure)
[35.655s][info][gc,heap        ] GC(345) DefNew: 146890K(157248K)->7528K(157248K) Eden: 139776K(139776K)->0K(139776K) From: 7114K(17472K)->7528K(17472K)
[35.655s][info][gc,heap        ] GC(345) Tenured: 3528K(349568K)->3533K(349568K)
[35.655s][info][gc,metaspace   ] GC(345) Metaspace: 8599K(8832K)->8599K(8832K) NonClass: 7448K(7552K)->7448K(7552K) Class: 1151K(1280K)->1151K(1280K)
[35.655s][info][gc             ] GC(345) Pause Young (Allocation Failure) 146M->10M(494M) 16.301ms
[35.655s][info][gc,cpu         ] GC(345) User=0.02s Sys=0.00s Real=0.01s
[35.725s][info][gc,start       ] GC(346) Pause Young (Allocation Failure)
[35.743s][info][gc,heap        ] GC(346) DefNew: 147304K(157248K)->7983K(157248K) Eden: 139776K(139776K)->0K(139776K) From: 7528K(17472K)->7983K(17472K)
[35.743s][info][gc,heap        ] GC(346) Tenured: 3533K(349568K)->3533K(349568K)
[35.743s][info][gc,metaspace   ] GC(346) Metaspace: 8599K(8832K)->8599K(8832K) NonClass: 7448K(7552K)->7448K(7552K) Class: 1151K(1280K)->1151K(1280K)
[35.743s][info][gc             ] GC(346) Pause Young (Allocation Failure) 147M->11M(494M) 17.509ms
[35.743s][info][gc,cpu         ] GC(346) User=0.02s Sys=0.00s Real=0.02s
[35.811s][info][gc,start       ] GC(347) Pause Young (Allocation Failure)
[35.829s][info][gc,heap        ] GC(347) DefNew: 147759K(157248K)->8438K(157248K) Eden: 139776K(139776K)->0K(139776K) From: 7983K(17472K)->8438K(17472K)
[35.829s][info][gc,heap        ] GC(347) Tenured: 3533K(349568K)->3533K(349568K)
[35.829s][info][gc,metaspace   ] GC(347) Metaspace: 8599K(8832K)->8599K(8832K) NonClass: 7448K(7552K)->7448K(7552K) Class: 1151K(1280K)->1151K(1280K)
[35.829s][info][gc             ] GC(347) Pause Young (Allocation Failure) 147M->11M(494M) 17.859ms
[35.829s][info][gc,cpu         ] GC(347) User=0.02s Sys=0.00s Real=0.02s
[35.911s][info][gc,start       ] GC(348) Pause Young (Allocation Failure)
[35.934s][info][gc,heap        ] GC(348) DefNew: 148214K(157248K)->9049K(157248K) Eden: 139776K(139776K)->0K(139776K) From: 8438K(17472K)->9049K(17472K)
[35.934s][info][gc,heap        ] GC(348) Tenured: 3533K(349568K)->3533K(349568K)
[35.934s][info][gc,metaspace   ] GC(348) Metaspace: 8599K(8832K)->8599K(8832K) NonClass: 7448K(7552K)->7448K(7552K) Class: 1151K(1280K)->1151K(1280K)
[35.934s][info][gc             ] GC(348) Pause Young (Allocation Failure) 148M->12M(494M) 22.352ms
[35.934s][info][gc,cpu         ] GC(348) User=0.03s Sys=0.00s Real=0.03s
[36.006s][info][gc,start       ] GC(349) Pause Young (Allocation Failure)
[36.026s][info][gc,heap        ] GC(349) DefNew: 148825K(157248K)->5167K(157248K) Eden: 139776K(139776K)->0K(139776K) From: 9049K(17472K)->5167K(17472K)
[36.026s][info][gc,heap        ] GC(349) Tenured: 3533K(349568K)->7864K(349568K)
[36.026s][info][gc,metaspace   ] GC(349) Metaspace: 8599K(8832K)->8599K(8832K) NonClass: 7448K(7552K)->7448K(7552K) Class: 1151K(1280K)->1151K(1280K)
[36.026s][info][gc             ] GC(349) Pause Young (Allocation Failure) 148M->12M(494M) 20.703ms
[36.026s][info][gc,cpu         ] GC(349) User=0.03s Sys=0.00s Real=0.03s
[36.118s][info][gc,start       ] GC(350) Pause Young (Allocation Failure)
[36.132s][info][gc,heap        ] GC(350) DefNew: 144943K(157248K)->5640K(157248K) Eden: 139776K(139776K)->0K(139776K) From: 5167K(17472K)->5640K(17472K)
[36.132s][info][gc,heap        ] GC(350) Tenured: 7864K(349568K)->7864K(349568K)
[36.132s][info][gc,metaspace   ] GC(350) Metaspace: 8599K(8832K)->8599K(8832K) NonClass: 7448K(7552K)->7448K(7552K) Class: 1151K(1280K)->1151K(1280K)
[36.132s][info][gc             ] GC(350) Pause Young (Allocation Failure) 149M->13M(494M) 14.120ms
[36.132s][info][gc,cpu         ] GC(350) User=0.00s Sys=0.00s Real=0.00s
[36.216s][info][gc,start       ] GC(351) Pause Young (Allocation Failure)
[36.232s][info][gc,heap        ] GC(351) DefNew: 145416K(157248K)->6141K(157248K) Eden: 139776K(139776K)->0K(139776K) From: 5640K(17472K)->6141K(17472K)
[36.232s][info][gc,heap        ] GC(351) Tenured: 7864K(349568K)->7864K(349568K)
[36.232s][info][gc,metaspace   ] GC(351) Metaspace: 8599K(8832K)->8599K(8832K) NonClass: 7448K(7552K)->7448K(7552K) Class: 1151K(1280K)->1151K(1280K)
[36.232s][info][gc             ] GC(351) Pause Young (Allocation Failure) 149M->13M(494M) 15.894ms
[36.232s][info][gc,cpu         ] GC(351) User=0.00s Sys=0.00s Real=0.00s
[36.302s][info][gc,start       ] GC(352) Pause Young (Allocation Failure)
[36.316s][info][gc,heap        ] GC(352) DefNew: 145917K(157248K)->6558K(157248K) Eden: 139776K(139776K)->0K(139776K) From: 6141K(17472K)->6558K(17472K)
[36.316s][info][gc,heap        ] GC(352) Tenured: 7864K(349568K)->7864K(349568K)
[36.316s][info][gc,metaspace   ] GC(352) Metaspace: 8599K(8832K)->8599K(8832K) NonClass: 7448K(7552K)->7448K(7552K) Class: 1151K(1280K)->1151K(1280K)
[36.316s][info][gc             ] GC(352) Pause Young (Allocation Failure) 150M->14M(494M) 14.235ms
[36.316s][info][gc,cpu         ] GC(352) User=0.02s Sys=0.00s Real=0.02s
[36.385s][info][gc,start       ] GC(353) Pause Young (Allocation Failure)
[36.401s][info][gc,heap        ] GC(353) DefNew: 146334K(157248K)->7050K(157248K) Eden: 139776K(139776K)->0K(139776K) From: 6558K(17472K)->7050K(17472K)
[36.401s][info][gc,heap        ] GC(353) Tenured: 7864K(349568K)->7864K(349568K)
[36.401s][info][gc,metaspace   ] GC(353) Metaspace: 8599K(8832K)->8599K(8832K) NonClass: 7448K(7552K)->7448K(7552K) Class: 1151K(1280K)->1151K(1280K)
[36.401s][info][gc             ] GC(353) Pause Young (Allocation Failure) 150M->14M(494M) 16.068ms
[36.401s][info][gc,cpu         ] GC(353) User=0.02s Sys=0.00s Real=0.02s
[36.476s][info][gc,start       ] GC(354) Pause Young (Allocation Failure)
[36.494s][info][gc,heap        ] GC(354) DefNew: 146826K(157248K)->7442K(157248K) Eden: 139776K(139776K)->0K(139776K) From: 7050K(17472K)->7442K(17472K)
[36.494s][info][gc,heap        ] GC(354) Tenured: 7864K(349568K)->7864K(349568K)
[36.494s][info][gc,metaspace   ] GC(354) Metaspace: 8599K(8832K)->8599K(8832K) NonClass: 7448K(7552K)->7448K(7552K) Class: 1151K(1280K)->1151K(1280K)
[36.494s][info][gc             ] GC(354) Pause Young (Allocation Failure) 151M->14M(494M) 18.337ms
[36.494s][info][gc,cpu         ] GC(354) User=0.02s Sys=0.00s Real=0.02s
[36.565s][info][gc,start       ] GC(355) Pause Young (Allocation Failure)
[36.582s][info][gc,heap        ] GC(355) DefNew: 147218K(157248K)->7876K(157248K) Eden: 139776K(139776K)->0K(139776K) From: 7442K(17472K)->7876K(17472K)
[36.582s][info][gc,heap        ] GC(355) Tenured: 7864K(349568K)->7864K(349568K)
[36.582s][info][gc,metaspace   ] GC(355) Metaspace: 8599K(8832K)->8599K(8832K) NonClass: 7448K(7552K)->7448K(7552K) Class: 1151K(1280K)->1151K(1280K)
[36.582s][info][gc             ] GC(355) Pause Young (Allocation Failure) 151M->15M(494M) 16.980ms
[36.582s][info][gc,cpu         ] GC(355) User=0.02s Sys=0.00s Real=0.02s
[36.652s][info][gc,start       ] GC(356) Pause Young (Allocation Failure)
[36.670s][info][gc,heap        ] GC(356) DefNew: 147652K(157248K)->8329K(157248K) Eden: 139776K(139776K)->0K(139776K) From: 7876K(17472K)->8329K(17472K)
[36.670s][info][gc,heap        ] GC(356) Tenured: 7864K(349568K)->7864K(349568K)
[36.670s][info][gc,metaspace   ] GC(356) Metaspace: 8599K(8832K)->8599K(8832K) NonClass: 7448K(7552K)->7448K(7552K) Class: 1151K(1280K)->1151K(1280K)
[36.670s][info][gc             ] GC(356) Pause Young (Allocation Failure) 151M->15M(494M) 17.599ms
[36.670s][info][gc,cpu         ] GC(356) User=0.02s Sys=0.00s Real=0.02s
[36.773s][info][gc,start       ] GC(357) Pause Young (Allocation Failure)
[36.818s][info][gc,heap        ] GC(357) DefNew: 148105K(157248K)->17471K(157248K) Eden: 139776K(139776K)->0K(139776K) From: 8329K(17472K)->17471K(17472K)
[36.818s][info][gc,heap        ] GC(357) Tenured: 7864K(349568K)->7921K(349568K)
[36.818s][info][gc,metaspace   ] GC(357) Metaspace: 8599K(8832K)->8599K(8832K) NonClass: 7448K(7552K)->7448K(7552K) Class: 1151K(1280K)->1151K(1280K)
[36.818s][info][gc             ] GC(357) Pause Young (Allocation Failure) 152M->24M(494M) 45.056ms
[36.818s][info][gc,cpu         ] GC(357) User=0.06s Sys=0.00s Real=0.05s
[36.899s][info][gc,start       ] GC(358) Pause Young (Allocation Failure)
[36.932s][info][gc,heap        ] GC(358) DefNew: 157247K(157248K)->518K(157248K) Eden: 139776K(139776K)->0K(139776K) From: 17471K(17472K)->518K(17472K)
[36.932s][info][gc,heap        ] GC(358) Tenured: 7921K(349568K)->25347K(349568K)
[36.932s][info][gc,metaspace   ] GC(358) Metaspace: 8599K(8832K)->8599K(8832K) NonClass: 7448K(7552K)->7448K(7552K) Class: 1151K(1280K)->1151K(1280K)
[36.932s][info][gc             ] GC(358) Pause Young (Allocation Failure) 161M->25M(494M) 33.329ms
[36.932s][info][gc,cpu         ] GC(358) User=0.03s Sys=0.00s Real=0.03s
[37.011s][info][gc,start       ] GC(359) Pause Young (Allocation Failure)
[37.014s][info][gc,heap        ] GC(359) DefNew: 140294K(157248K)->943K(157248K) Eden: 139776K(139776K)->0K(139776K) From: 518K(17472K)->943K(17472K)
[37.014s][info][gc,heap        ] GC(359) Tenured: 25347K(349568K)->25347K(349568K)
[37.014s][info][gc,metaspace   ] GC(359) Metaspace: 8599K(8832K)->8599K(8832K) NonClass: 7448K(7552K)->7448K(7552K) Class: 1151K(1280K)->1151K(1280K)
[37.014s][info][gc             ] GC(359) Pause Young (Allocation Failure) 161M->25M(494M) 3.532ms
[37.014s][info][gc,cpu         ] GC(359) User=0.00s Sys=0.00s Real=0.00s
[37.084s][info][gc,start       ] GC(360) Pause Young (Allocation Failure)
[37.100s][info][gc,heap        ] GC(360) DefNew: 140719K(157248K)->5189K(157248K) Eden: 139776K(139776K)->0K(139776K) From: 943K(17472K)->5189K(17472K)
[37.100s][info][gc,heap        ] GC(360) Tenured: 25347K(349568K)->25347K(349568K)
[37.100s][info][gc,metaspace   ] GC(360) Metaspace: 8599K(8832K)->8599K(8832K) NonClass: 7448K(7552K)->7448K(7552K) Class: 1151K(1280K)->1151K(1280K)
[37.100s][info][gc             ] GC(360) Pause Young (Allocation Failure) 162M->29M(494M) 15.902ms
[37.100s][info][gc,cpu         ] GC(360) User=0.02s Sys=0.00s Real=0.02s
[37.168s][info][gc,start       ] GC(361) Pause Young (Allocation Failure)
[37.181s][info][gc,heap        ] GC(361) DefNew: 144965K(157248K)->5633K(157248K) Eden: 139776K(139776K)->0K(139776K) From: 5189K(17472K)->5633K(17472K)
[37.181s][info][gc,heap        ] GC(361) Tenured: 25347K(349568K)->25347K(349568K)
[37.181s][info][gc,metaspace   ] GC(361) Metaspace: 8599K(8832K)->8599K(8832K) NonClass: 7448K(7552K)->7448K(7552K) Class: 1151K(1280K)->1151K(1280K)
[37.181s][info][gc             ] GC(361) Pause Young (Allocation Failure) 166M->30M(494M) 13.250ms
[37.181s][info][gc,cpu         ] GC(361) User=0.02s Sys=0.00s Real=0.02s
[37.250s][info][gc,start       ] GC(362) Pause Young (Allocation Failure)
[37.265s][info][gc,heap        ] GC(362) DefNew: 145409K(157248K)->6127K(157248K) Eden: 139776K(139776K)->0K(139776K) From: 5633K(17472K)->6127K(17472K)
[37.265s][info][gc,heap        ] GC(362) Tenured: 25347K(349568K)->25347K(349568K)
[37.265s][info][gc,metaspace   ] GC(362) Metaspace: 8599K(8832K)->8599K(8832K) NonClass: 7448K(7552K)->7448K(7552K) Class: 1151K(1280K)->1151K(1280K)
[37.265s][info][gc             ] GC(362) Pause Young (Allocation Failure) 166M->30M(494M) 14.903ms
[37.265s][info][gc,cpu         ] GC(362) User=0.02s Sys=0.00s Real=0.02s
[37.340s][info][gc,start       ] GC(363) Pause Young (Allocation Failure)
[37.356s][info][gc,heap        ] GC(363) DefNew: 145903K(157248K)->6511K(157248K) Eden: 139776K(139776K)->0K(139776K) From: 6127K(17472K)->6511K(17472K)
[37.356s][info][gc,heap        ] GC(363) Tenured: 25347K(349568K)->25347K(349568K)
[37.356s][info][gc,metaspace   ] GC(363) Metaspace: 8599K(8832K)->8599K(8832K) NonClass: 7448K(7552K)->7448K(7552K) Class: 1151K(1280K)->1151K(1280K)
[37.356s][info][gc             ] GC(363) Pause Young (Allocation Failure) 167M->31M(494M) 16.079ms
[37.356s][info][gc,cpu         ] GC(363) User=0.02s Sys=0.00s Real=0.02s
[37.427s][info][gc,start       ] GC(364) Pause Young (Allocation Failure)
[37.442s][info][gc,heap        ] GC(364) DefNew: 146287K(157248K)->6947K(157248K) Eden: 139776K(139776K)->0K(139776K) From: 6511K(17472K)->6947K(17472K)
[37.442s][info][gc,heap        ] GC(364) Tenured: 25347K(349568K)->25347K(349568K)
[37.442s][info][gc,metaspace   ] GC(364) Metaspace: 8599K(8832K)->8599K(8832K) NonClass: 7448K(7552K)->7448K(7552K) Class: 1151K(1280K)->1151K(1280K)
[37.442s][info][gc             ] GC(364) Pause Young (Allocation Failure) 167M->31M(494M) 15.518ms
[37.442s][info][gc,cpu         ] GC(364) User=0.02s Sys=0.00s Real=0.02s
[37.510s][info][gc,start       ] GC(365) Pause Young (Allocation Failure)
[37.527s][info][gc,heap        ] GC(365) DefNew: 146723K(157248K)->7410K(157248K) Eden: 139776K(139776K)->0K(139776K) From: 6947K(17472K)->7410K(17472K)
[37.527s][info][gc,heap        ] GC(365) Tenured: 25347K(349568K)->25347K(349568K)
[37.527s][info][gc,metaspace   ] GC(365) Metaspace: 8599K(8832K)->8599K(8832K) NonClass: 7448K(7552K)->7448K(7552K) Class: 1151K(1280K)->1151K(1280K)
[37.527s][info][gc             ] GC(365) Pause Young (Allocation Failure) 168M->31M(494M) 16.705ms
[37.527s][info][gc,cpu         ] GC(365) User=0.02s Sys=0.00s Real=0.01s
[37.611s][info][gc,start       ] GC(366) Pause Young (Allocation Failure)
[37.640s][info][gc,heap        ] GC(366) DefNew: 147186K(157248K)->12166K(157248K) Eden: 139776K(139776K)->0K(139776K) From: 7410K(17472K)->12166K(17472K)
[37.640s][info][gc,heap        ] GC(366) Tenured: 25347K(349568K)->25347K(349568K)
[37.640s][info][gc,metaspace   ] GC(366) Metaspace: 8599K(8832K)->8599K(8832K) NonClass: 7448K(7552K)->7448K(7552K) Class: 1151K(1280K)->1151K(1280K)
[37.640s][info][gc             ] GC(366) Pause Young (Allocation Failure) 168M->36M(494M) 28.858ms
[37.640s][info][gc,cpu         ] GC(366) User=0.03s Sys=0.00s Real=0.03s
[37.714s][info][gc,start       ] GC(367) Pause Young (Allocation Failure)
[37.740s][info][gc,heap        ] GC(367) DefNew: 151942K(157248K)->7728K(157248K) Eden: 139776K(139776K)->0K(139776K) From: 12166K(17472K)->7728K(17472K)
[37.740s][info][gc,heap        ] GC(367) Tenured: 25347K(349568K)->30245K(349568K)
[37.740s][info][gc,metaspace   ] GC(367) Metaspace: 8599K(8832K)->8599K(8832K) NonClass: 7448K(7552K)->7448K(7552K) Class: 1151K(1280K)->1151K(1280K)
[37.740s][info][gc             ] GC(367) Pause Young (Allocation Failure) 173M->37M(494M) 26.297ms
[37.740s][info][gc,cpu         ] GC(367) User=0.03s Sys=0.00s Real=0.03s
[37.815s][info][gc,start       ] GC(368) Pause Young (Allocation Failure)
[37.834s][info][gc,heap        ] GC(368) DefNew: 147504K(157248K)->8177K(157248K) Eden: 139776K(139776K)->0K(139776K) From: 7728K(17472K)->8177K(17472K)
[37.834s][info][gc,heap        ] GC(368) Tenured: 30245K(349568K)->30245K(349568K)
[37.834s][info][gc,metaspace   ] GC(368) Metaspace: 8599K(8832K)->8599K(8832K) NonClass: 7448K(7552K)->7448K(7552K) Class: 1151K(1280K)->1151K(1280K)
[37.834s][info][gc             ] GC(368) Pause Young (Allocation Failure) 173M->37M(494M) 19.122ms
[37.834s][info][gc,cpu         ] GC(368) User=0.02s Sys=0.00s Real=0.02s
[37.914s][info][gc,start       ] GC(369) Pause Young (Allocation Failure)
[37.935s][info][gc,heap        ] GC(369) DefNew: 147953K(157248K)->8709K(157248K) Eden: 139776K(139776K)->0K(139776K) From: 8177K(17472K)->8709K(17472K)
[37.935s][info][gc,heap        ] GC(369) Tenured: 30245K(349568K)->30245K(349568K)
[37.935s][info][gc,metaspace   ] GC(369) Metaspace: 8599K(8832K)->8599K(8832K) NonClass: 7448K(7552K)->7448K(7552K) Class: 1151K(1280K)->1151K(1280K)
[37.935s][info][gc             ] GC(369) Pause Young (Allocation Failure) 174M->38M(494M) 21.030ms
[37.935s][info][gc,cpu         ] GC(369) User=0.02s Sys=0.00s Real=0.02s
[38.010s][info][gc,start       ] GC(370) Pause Young (Allocation Failure)
[38.029s][info][gc,heap        ] GC(370) DefNew: 148485K(157248K)->9132K(157248K) Eden: 139776K(139776K)->0K(139776K) From: 8709K(17472K)->9132K(17472K)
[38.029s][info][gc,heap        ] GC(370) Tenured: 30245K(349568K)->30245K(349568K)
[38.029s][info][gc,metaspace   ] GC(370) Metaspace: 8599K(8832K)->8599K(8832K) NonClass: 7448K(7552K)->7448K(7552K) Class: 1151K(1280K)->1151K(1280K)
[38.029s][info][gc             ] GC(370) Pause Young (Allocation Failure) 174M->38M(494M) 19.293ms
[38.029s][info][gc,cpu         ] GC(370) User=0.03s Sys=0.00s Real=0.02s
[38.116s][info][gc,start       ] GC(371) Pause Young (Allocation Failure)
[38.138s][info][gc,heap        ] GC(371) DefNew: 148908K(157248K)->8403K(157248K) Eden: 139776K(139776K)->0K(139776K) From: 9132K(17472K)->8403K(17472K)
[38.138s][info][gc,heap        ] GC(371) Tenured: 30245K(349568K)->31449K(349568K)
[38.138s][info][gc,metaspace   ] GC(371) Metaspace: 8599K(8832K)->8599K(8832K) NonClass: 7448K(7552K)->7448K(7552K) Class: 1151K(1280K)->1151K(1280K)
[38.138s][info][gc             ] GC(371) Pause Young (Allocation Failure) 174M->38M(494M) 21.822ms
[38.138s][info][gc,cpu         ] GC(371) User=0.02s Sys=0.00s Real=0.02s
[38.222s][info][gc,start       ] GC(372) Pause Young (Allocation Failure)
[38.241s][info][gc,heap        ] GC(372) DefNew: 148179K(157248K)->8810K(157248K) Eden: 139776K(139776K)->0K(139776K) From: 8403K(17472K)->8810K(17472K)
[38.241s][info][gc,heap        ] GC(372) Tenured: 31449K(349568K)->31449K(349568K)
[38.241s][info][gc,metaspace   ] GC(372) Metaspace: 8599K(8832K)->8599K(8832K) NonClass: 7448K(7552K)->7448K(7552K) Class: 1151K(1280K)->1151K(1280K)
[38.241s][info][gc             ] GC(372) Pause Young (Allocation Failure) 175M->39M(494M) 19.589ms
[38.242s][info][gc,cpu         ] GC(372) User=0.03s Sys=0.00s Real=0.03s
[38.312s][info][gc,start       ] GC(373) Pause Young (Allocation Failure)
[38.332s][info][gc,heap        ] GC(373) DefNew: 148586K(157248K)->3491K(157248K) Eden: 139776K(139776K)->0K(139776K) From: 8810K(17472K)->3491K(17472K)
[38.332s][info][gc,heap        ] GC(373) Tenured: 31449K(349568K)->37179K(349568K)
[38.332s][info][gc,metaspace   ] GC(373) Metaspace: 8599K(8832K)->8599K(8832K) NonClass: 7448K(7552K)->7448K(7552K) Class: 1151K(1280K)->1151K(1280K)
[38.332s][info][gc             ] GC(373) Pause Young (Allocation Failure) 175M->39M(494M) 20.599ms
[38.332s][info][gc,cpu         ] GC(373) User=0.02s Sys=0.00s Real=0.02s
[38.402s][info][gc,start       ] GC(374) Pause Young (Allocation Failure)
[38.412s][info][gc,heap        ] GC(374) DefNew: 143267K(157248K)->3981K(157248K) Eden: 139776K(139776K)->0K(139776K) From: 3491K(17472K)->3981K(17472K)
[38.412s][info][gc,heap        ] GC(374) Tenured: 37179K(349568K)->37179K(349568K)
[38.413s][info][gc,metaspace   ] GC(374) Metaspace: 8599K(8832K)->8599K(8832K) NonClass: 7448K(7552K)->7448K(7552K) Class: 1151K(1280K)->1151K(1280K)
[38.413s][info][gc             ] GC(374) Pause Young (Allocation Failure) 176M->40M(494M) 10.370ms
[38.413s][info][gc,cpu         ] GC(374) User=0.02s Sys=0.00s Real=0.01s
[38.802s][info][gc,start       ] GC(375) Pause Young (Allocation Failure)
[38.946s][info][gc,heap        ] GC(375) DefNew: 143757K(157248K)->17472K(157248K) Eden: 139776K(139776K)->0K(139776K) From: 3981K(17472K)->17472K(17472K)
[38.946s][info][gc,heap        ] GC(375) Tenured: 37179K(349568K)->73386K(349568K)
[38.946s][info][gc,metaspace   ] GC(375) Metaspace: 8602K(8832K)->8602K(8832K) NonClass: 7451K(7552K)->7451K(7552K) Class: 1151K(1280K)->1151K(1280K)
[38.947s][info][gc             ] GC(375) Pause Young (Allocation Failure) 176M->88M(494M) 144.110ms
[38.947s][info][gc,cpu         ] GC(375) User=0.14s Sys=0.00s Real=0.14s
[38.996s][info][gc,start       ] GC(376) Pause Full (System.gc())
[38.997s][info][gc,phases,start] GC(376) Phase 1: Mark live objects
[39.007s][info][gc,phases      ] GC(376) Phase 1: Mark live objects 10.886ms
[39.007s][info][gc,phases,start] GC(376) Phase 2: Compute new object addresses
[39.038s][info][gc,phases      ] GC(376) Phase 2: Compute new object addresses 30.808ms
[39.038s][info][gc,phases,start] GC(376) Phase 3: Adjust pointers
[39.041s][info][gc,phases      ] GC(376) Phase 3: Adjust pointers 2.847ms
[39.041s][info][gc,phases,start] GC(376) Phase 4: Move objects
[39.041s][info][gc,phases      ] GC(376) Phase 4: Move objects 0.011ms
[39.041s][info][gc,heap        ] GC(376) DefNew: 42625K(157248K)->0K(157248K) Eden: 25153K(139776K)->0K(139776K) From: 17472K(17472K)->0K(17472K)
[39.041s][info][gc,heap        ] GC(376) Tenured: 73386K(349568K)->3528K(349568K)
[39.041s][info][gc,metaspace   ] GC(376) Metaspace: 8602K(8832K)->8602K(8832K) NonClass: 7451K(7552K)->7451K(7552K) Class: 1151K(1280K)->1151K(1280K)
[39.041s][info][gc             ] GC(376) Pause Full (System.gc()) 113M->3M(494M) 44.876ms
[39.041s][info][gc,cpu         ] GC(376) User=0.05s Sys=0.00s Real=0.05s
[39.148s][info][gc,start       ] GC(377) Pause Young (Allocation Failure)
[39.150s][info][gc,heap        ] GC(377) DefNew: 139776K(157248K)->518K(157248K) Eden: 139776K(139776K)->0K(139776K) From: 0K(17472K)->518K(17472K)
[39.150s][info][gc,heap        ] GC(377) Tenured: 3528K(349568K)->3528K(349568K)
[39.150s][info][gc,metaspace   ] GC(377) Metaspace: 8604K(8832K)->8604K(8832K) NonClass: 7453K(7552K)->7453K(7552K) Class: 1151K(1280K)->1151K(1280K)
[39.150s][info][gc             ] GC(377) Pause Young (Allocation Failure) 139M->3M(494M) 2.271ms
[39.150s][info][gc,cpu         ] GC(377) User=0.00s Sys=0.00s Real=0.00s
[39.213s][info][gc,start       ] GC(378) Pause Young (Allocation Failure)
[39.216s][info][gc,heap        ] GC(378) DefNew: 140294K(157248K)->962K(157248K) Eden: 139776K(139776K)->0K(139776K) From: 518K(17472K)->962K(17472K)
[39.216s][info][gc,heap        ] GC(378) Tenured: 3528K(349568K)->3528K(349568K)
[39.216s][info][gc,metaspace   ] GC(378) Metaspace: 8604K(8832K)->8604K(8832K) NonClass: 7453K(7552K)->7453K(7552K) Class: 1151K(1280K)->1151K(1280K)
[39.217s][info][gc             ] GC(378) Pause Young (Allocation Failure) 140M->4M(494M) 3.423ms
[39.217s][info][gc,cpu         ] GC(378) User=0.02s Sys=0.00s Real=0.02s
[39.281s][info][gc,start       ] GC(379) Pause Young (Allocation Failure)
[39.285s][info][gc,heap        ] GC(379) DefNew: 140738K(157248K)->1442K(157248K) Eden: 139776K(139776K)->0K(139776K) From: 962K(17472K)->1442K(17472K)
[39.285s][info][gc,heap        ] GC(379) Tenured: 3528K(349568K)->3528K(349568K)
[39.285s][info][gc,metaspace   ] GC(379) Metaspace: 8604K(8832K)->8604K(8832K) NonClass: 7453K(7552K)->7453K(7552K) Class: 1151K(1280K)->1151K(1280K)
[39.286s][info][gc             ] GC(379) Pause Young (Allocation Failure) 140M->4M(494M) 4.872ms
[39.286s][info][gc,cpu         ] GC(379) User=0.00s Sys=0.00s Real=0.00s
[39.356s][info][gc,start       ] GC(380) Pause Young (Allocation Failure)
[39.362s][info][gc,heap        ] GC(380) DefNew: 141218K(157248K)->1942K(157248K) Eden: 139776K(139776K)->0K(139776K) From: 1442K(17472K)->1942K(17472K)
[39.362s][info][gc,heap        ] GC(380) Tenured: 3528K(349568K)->3528K(349568K)
[39.362s][info][gc,metaspace   ] GC(380) Metaspace: 8604K(8832K)->8604K(8832K) NonClass: 7453K(7552K)->7453K(7552K) Class: 1151K(1280K)->1151K(1280K)
[39.362s][info][gc             ] GC(380) Pause Young (Allocation Failure) 141M->5M(494M) 6.582ms
[39.362s][info][gc,cpu         ] GC(380) User=0.00s Sys=0.00s Real=0.00s
[39.428s][info][gc,start       ] GC(381) Pause Young (Allocation Failure)
[39.434s][info][gc,heap        ] GC(381) DefNew: 141718K(157248K)->2391K(157248K) Eden: 139776K(139776K)->0K(139776K) From: 1942K(17472K)->2391K(17472K)
[39.434s][info][gc,heap        ] GC(381) Tenured: 3528K(349568K)->3528K(349568K)
[39.434s][info][gc,metaspace   ] GC(381) Metaspace: 8604K(8832K)->8604K(8832K) NonClass: 7453K(7552K)->7453K(7552K) Class: 1151K(1280K)->1151K(1280K)
[39.434s][info][gc             ] GC(381) Pause Young (Allocation Failure) 141M->5M(494M) 6.765ms
[39.434s][info][gc,cpu         ] GC(381) User=0.00s Sys=0.00s Real=0.00s
[39.500s][info][gc,start       ] GC(382) Pause Young (Allocation Failure)
[39.507s][info][gc,heap        ] GC(382) DefNew: 142167K(157248K)->2848K(157248K) Eden: 139776K(139776K)->0K(139776K) From: 2391K(17472K)->2848K(17472K)
[39.507s][info][gc,heap        ] GC(382) Tenured: 3528K(349568K)->3528K(349568K)
[39.508s][info][gc,metaspace   ] GC(382) Metaspace: 8604K(8832K)->8604K(8832K) NonClass: 7453K(7552K)->7453K(7552K) Class: 1151K(1280K)->1151K(1280K)
[39.508s][info][gc             ] GC(382) Pause Young (Allocation Failure) 142M->6M(494M) 7.724ms
[39.508s][info][gc,cpu         ] GC(382) User=0.02s Sys=0.00s Real=0.02s
[39.579s][info][gc,start       ] GC(383) Pause Young (Allocation Failure)
[39.588s][info][gc,heap        ] GC(383) DefNew: 142624K(157248K)->3238K(157248K) Eden: 139776K(139776K)->0K(139776K) From: 2848K(17472K)->3238K(17472K)
[39.588s][info][gc,heap        ] GC(383) Tenured: 3528K(349568K)->3528K(349568K)
[39.588s][info][gc,metaspace   ] GC(383) Metaspace: 8604K(8832K)->8604K(8832K) NonClass: 7453K(7552K)->7453K(7552K) Class: 1151K(1280K)->1151K(1280K)
[39.588s][info][gc             ] GC(383) Pause Young (Allocation Failure) 142M->6M(494M) 9.893ms
[39.589s][info][gc,cpu         ] GC(383) User=0.02s Sys=0.00s Real=0.01s
[39.669s][info][gc,start       ] GC(384) Pause Young (Allocation Failure)
[39.678s][info][gc,heap        ] GC(384) DefNew: 143014K(157248K)->3676K(157248K) Eden: 139776K(139776K)->0K(139776K) From: 3238K(17472K)->3676K(17472K)
[39.678s][info][gc,heap        ] GC(384) Tenured: 3528K(349568K)->3528K(349568K)
[39.678s][info][gc,metaspace   ] GC(384) Metaspace: 8604K(8832K)->8604K(8832K) NonClass: 7453K(7552K)->7453K(7552K) Class: 1151K(1280K)->1151K(1280K)
[39.678s][info][gc             ] GC(384) Pause Young (Allocation Failure) 143M->7M(494M) 9.635ms
[39.679s][info][gc,cpu         ] GC(384) User=0.02s Sys=0.00s Real=0.02s
[39.759s][info][gc,start       ] GC(385) Pause Young (Allocation Failure)
[39.770s][info][gc,heap        ] GC(385) DefNew: 143452K(157248K)->4276K(157248K) Eden: 139776K(139776K)->0K(139776K) From: 3676K(17472K)->4276K(17472K)
[39.770s][info][gc,heap        ] GC(385) Tenured: 3528K(349568K)->3528K(349568K)
[39.770s][info][gc,metaspace   ] GC(385) Metaspace: 8604K(8832K)->8604K(8832K) NonClass: 7453K(7552K)->7453K(7552K) Class: 1151K(1280K)->1151K(1280K)
[39.770s][info][gc             ] GC(385) Pause Young (Allocation Failure) 143M->7M(494M) 11.550ms
[39.770s][info][gc,cpu         ] GC(385) User=0.00s Sys=0.00s Real=0.00s
[39.847s][info][gc,start       ] GC(386) Pause Young (Allocation Failure)
[39.863s][info][gc,heap        ] GC(386) DefNew: 144052K(157248K)->4837K(157248K) Eden: 139776K(139776K)->0K(139776K) From: 4276K(17472K)->4837K(17472K)
[39.863s][info][gc,heap        ] GC(386) Tenured: 3528K(349568K)->3528K(349568K)
[39.863s][info][gc,metaspace   ] GC(386) Metaspace: 8604K(8832K)->8604K(8832K) NonClass: 7453K(7552K)->7453K(7552K) Class: 1151K(1280K)->1151K(1280K)
[39.863s][info][gc             ] GC(386) Pause Young (Allocation Failure) 144M->8M(494M) 16.156ms
[39.863s][info][gc,cpu         ] GC(386) User=0.02s Sys=0.00s Real=0.01s
[39.931s][info][gc,start       ] GC(387) Pause Young (Allocation Failure)
[39.942s][info][gc,heap        ] GC(387) DefNew: 144613K(157248K)->5259K(157248K) Eden: 139776K(139776K)->0K(139776K) From: 4837K(17472K)->5259K(17472K)
[39.942s][info][gc,heap        ] GC(387) Tenured: 3528K(349568K)->3528K(349568K)
[39.943s][info][gc,metaspace   ] GC(387) Metaspace: 8604K(8832K)->8604K(8832K) NonClass: 7453K(7552K)->7453K(7552K) Class: 1151K(1280K)->1151K(1280K)
[39.943s][info][gc             ] GC(387) Pause Young (Allocation Failure) 144M->8M(494M) 11.845ms
[39.943s][info][gc,cpu         ] GC(387) User=0.02s Sys=0.00s Real=0.02s
[40.010s][info][gc,start       ] GC(388) Pause Young (Allocation Failure)
[40.023s][info][gc,heap        ] GC(388) DefNew: 145035K(157248K)->5708K(157248K) Eden: 139776K(139776K)->0K(139776K) From: 5259K(17472K)->5708K(17472K)
[40.023s][info][gc,heap        ] GC(388) Tenured: 3528K(349568K)->3528K(349568K)
[40.023s][info][gc,metaspace   ] GC(388) Metaspace: 8604K(8832K)->8604K(8832K) NonClass: 7453K(7552K)->7453K(7552K) Class: 1151K(1280K)->1151K(1280K)
[40.023s][info][gc             ] GC(388) Pause Young (Allocation Failure) 145M->9M(494M) 12.913ms
[40.023s][info][gc,cpu         ] GC(388) User=0.02s Sys=0.00s Real=0.02s
[40.103s][info][gc,start       ] GC(389) Pause Young (Allocation Failure)
[40.117s][info][gc,heap        ] GC(389) DefNew: 145484K(157248K)->6237K(157248K) Eden: 139776K(139776K)->0K(139776K) From: 5708K(17472K)->6237K(17472K)
[40.117s][info][gc,heap        ] GC(389) Tenured: 3528K(349568K)->3528K(349568K)
[40.117s][info][gc,metaspace   ] GC(389) Metaspace: 8604K(8832K)->8604K(8832K) NonClass: 7453K(7552K)->7453K(7552K) Class: 1151K(1280K)->1151K(1280K)
[40.117s][info][gc             ] GC(389) Pause Young (Allocation Failure) 145M->9M(494M) 14.596ms
[40.117s][info][gc,cpu         ] GC(389) User=0.02s Sys=0.00s Real=0.01s
[40.193s][info][gc,start       ] GC(390) Pause Young (Allocation Failure)
[40.207s][info][gc,heap        ] GC(390) DefNew: 146013K(157248K)->6694K(157248K) Eden: 139776K(139776K)->0K(139776K) From: 6237K(17472K)->6694K(17472K)
[40.207s][info][gc,heap        ] GC(390) Tenured: 3528K(349568K)->3528K(349568K)
[40.207s][info][gc,metaspace   ] GC(390) Metaspace: 8604K(8832K)->8604K(8832K) NonClass: 7453K(7552K)->7453K(7552K) Class: 1151K(1280K)->1151K(1280K)
[40.207s][info][gc             ] GC(390) Pause Young (Allocation Failure) 146M->9M(494M) 14.570ms
[40.207s][info][gc,cpu         ] GC(390) User=0.02s Sys=0.00s Real=0.02s
[40.278s][info][gc,start       ] GC(391) Pause Young (Allocation Failure)
[40.294s][info][gc,heap        ] GC(391) DefNew: 146470K(157248K)->7114K(157248K) Eden: 139776K(139776K)->0K(139776K) From: 6694K(17472K)->7114K(17472K)
[40.294s][info][gc,heap        ] GC(391) Tenured: 3528K(349568K)->3528K(349568K)
[40.294s][info][gc,metaspace   ] GC(391) Metaspace: 8604K(8832K)->8604K(8832K) NonClass: 7453K(7552K)->7453K(7552K) Class: 1151K(1280K)->1151K(1280K)
[40.294s][info][gc             ] GC(391) Pause Young (Allocation Failure) 146M->10M(494M) 16.377ms
[40.294s][info][gc,cpu         ] GC(391) User=0.03s Sys=0.00s Real=0.03s
[40.368s][info][gc,start       ] GC(392) Pause Young (Allocation Failure)
[40.386s][info][gc,heap        ] GC(392) DefNew: 146890K(157248K)->7528K(157248K) Eden: 139776K(139776K)->0K(139776K) From: 7114K(17472K)->7528K(17472K)
[40.386s][info][gc,heap        ] GC(392) Tenured: 3528K(349568K)->3533K(349568K)
[40.386s][info][gc,metaspace   ] GC(392) Metaspace: 8604K(8832K)->8604K(8832K) NonClass: 7453K(7552K)->7453K(7552K) Class: 1151K(1280K)->1151K(1280K)
[40.386s][info][gc             ] GC(392) Pause Young (Allocation Failure) 146M->10M(494M) 17.736ms
[40.386s][info][gc,cpu         ] GC(392) User=0.02s Sys=0.00s Real=0.02s
[40.454s][info][gc,start       ] GC(393) Pause Young (Allocation Failure)
[40.471s][info][gc,heap        ] GC(393) DefNew: 147304K(157248K)->7983K(157248K) Eden: 139776K(139776K)->0K(139776K) From: 7528K(17472K)->7983K(17472K)
[40.471s][info][gc,heap        ] GC(393) Tenured: 3533K(349568K)->3533K(349568K)
[40.471s][info][gc,metaspace   ] GC(393) Metaspace: 8604K(8832K)->8604K(8832K) NonClass: 7453K(7552K)->7453K(7552K) Class: 1151K(1280K)->1151K(1280K)
[40.471s][info][gc             ] GC(393) Pause Young (Allocation Failure) 147M->11M(494M) 16.748ms
[40.471s][info][gc,cpu         ] GC(393) User=0.02s Sys=0.00s Real=0.02s
[40.541s][info][gc,start       ] GC(394) Pause Young (Allocation Failure)
[40.559s][info][gc,heap        ] GC(394) DefNew: 147759K(157248K)->8438K(157248K) Eden: 139776K(139776K)->0K(139776K) From: 7983K(17472K)->8438K(17472K)
[40.559s][info][gc,heap        ] GC(394) Tenured: 3533K(349568K)->3533K(349568K)
[40.559s][info][gc,metaspace   ] GC(394) Metaspace: 8604K(8832K)->8604K(8832K) NonClass: 7453K(7552K)->7453K(7552K) Class: 1151K(1280K)->1151K(1280K)
[40.559s][info][gc             ] GC(394) Pause Young (Allocation Failure) 147M->11M(494M) 17.789ms
[40.559s][info][gc,cpu         ] GC(394) User=0.02s Sys=0.00s Real=0.02s
[40.642s][info][gc,start       ] GC(395) Pause Young (Allocation Failure)
[40.665s][info][gc,heap        ] GC(395) DefNew: 148214K(157248K)->9049K(157248K) Eden: 139776K(139776K)->0K(139776K) From: 8438K(17472K)->9049K(17472K)
[40.665s][info][gc,heap        ] GC(395) Tenured: 3533K(349568K)->3533K(349568K)
[40.665s][info][gc,metaspace   ] GC(395) Metaspace: 8604K(8832K)->8604K(8832K) NonClass: 7453K(7552K)->7453K(7552K) Class: 1151K(1280K)->1151K(1280K)
[40.665s][info][gc             ] GC(395) Pause Young (Allocation Failure) 148M->12M(494M) 23.347ms
[40.665s][info][gc,cpu         ] GC(395) User=0.03s Sys=0.00s Real=0.03s
[40.736s][info][gc,start       ] GC(396) Pause Young (Allocation Failure)
[40.756s][info][gc,heap        ] GC(396) DefNew: 148825K(157248K)->5167K(157248K) Eden: 139776K(139776K)->0K(139776K) From: 9049K(17472K)->5167K(17472K)
[40.756s][info][gc,heap        ] GC(396) Tenured: 3533K(349568K)->7864K(349568K)
[40.756s][info][gc,metaspace   ] GC(396) Metaspace: 8604K(8832K)->8604K(8832K) NonClass: 7453K(7552K)->7453K(7552K) Class: 1151K(1280K)->1151K(1280K)
[40.756s][info][gc             ] GC(396) Pause Young (Allocation Failure) 148M->12M(494M) 20.205ms
[40.756s][info][gc,cpu         ] GC(396) User=0.03s Sys=0.00s Real=0.03s
[40.828s][info][gc,start       ] GC(397) Pause Young (Allocation Failure)
[40.841s][info][gc,heap        ] GC(397) DefNew: 144943K(157248K)->5640K(157248K) Eden: 139776K(139776K)->0K(139776K) From: 5167K(17472K)->5640K(17472K)
[40.841s][info][gc,heap        ] GC(397) Tenured: 7864K(349568K)->7864K(349568K)
[40.841s][info][gc,metaspace   ] GC(397) Metaspace: 8604K(8832K)->8604K(8832K) NonClass: 7453K(7552K)->7453K(7552K) Class: 1151K(1280K)->1151K(1280K)
[40.841s][info][gc             ] GC(397) Pause Young (Allocation Failure) 149M->13M(494M) 13.241ms
[40.841s][info][gc,cpu         ] GC(397) User=0.02s Sys=0.00s Real=0.02s
[40.917s][info][gc,start       ] GC(398) Pause Young (Allocation Failure)
[40.932s][info][gc,heap        ] GC(398) DefNew: 145416K(157248K)->6141K(157248K) Eden: 139776K(139776K)->0K(139776K) From: 5640K(17472K)->6141K(17472K)
[40.932s][info][gc,heap        ] GC(398) Tenured: 7864K(349568K)->7864K(349568K)
[40.932s][info][gc,metaspace   ] GC(398) Metaspace: 8604K(8832K)->8604K(8832K) NonClass: 7453K(7552K)->7453K(7552K) Class: 1151K(1280K)->1151K(1280K)
[40.932s][info][gc             ] GC(398) Pause Young (Allocation Failure) 149M->13M(494M) 14.894ms
[40.932s][info][gc,cpu         ] GC(398) User=0.02s Sys=0.00s Real=0.02s
[41.003s][info][gc,start       ] GC(399) Pause Young (Allocation Failure)
[41.018s][info][gc,heap        ] GC(399) DefNew: 145917K(157248K)->6558K(157248K) Eden: 139776K(139776K)->0K(139776K) From: 6141K(17472K)->6558K(17472K)
[41.018s][info][gc,heap        ] GC(399) Tenured: 7864K(349568K)->7864K(349568K)
[41.018s][info][gc,metaspace   ] GC(399) Metaspace: 8604K(8832K)->8604K(8832K) NonClass: 7453K(7552K)->7453K(7552K) Class: 1151K(1280K)->1151K(1280K)
[41.018s][info][gc             ] GC(399) Pause Young (Allocation Failure) 150M->14M(494M) 15.266ms
[41.018s][info][gc,cpu         ] GC(399) User=0.02s Sys=0.00s Real=0.01s
[41.102s][info][gc,start       ] GC(400) Pause Young (Allocation Failure)
[41.118s][info][gc,heap        ] GC(400) DefNew: 146334K(157248K)->7050K(157248K) Eden: 139776K(139776K)->0K(139776K) From: 6558K(17472K)->7050K(17472K)
[41.118s][info][gc,heap        ] GC(400) Tenured: 7864K(349568K)->7864K(349568K)
[41.118s][info][gc,metaspace   ] GC(400) Metaspace: 8604K(8832K)->8604K(8832K) NonClass: 7453K(7552K)->7453K(7552K) Class: 1151K(1280K)->1151K(1280K)
[41.118s][info][gc             ] GC(400) Pause Young (Allocation Failure) 150M->14M(494M) 16.465ms
[41.118s][info][gc,cpu         ] GC(400) User=0.02s Sys=0.00s Real=0.02s
[41.202s][info][gc,start       ] GC(401) Pause Young (Allocation Failure)
[41.220s][info][gc,heap        ] GC(401) DefNew: 146826K(157248K)->7442K(157248K) Eden: 139776K(139776K)->0K(139776K) From: 7050K(17472K)->7442K(17472K)
[41.220s][info][gc,heap        ] GC(401) Tenured: 7864K(349568K)->7864K(349568K)
[41.220s][info][gc,metaspace   ] GC(401) Metaspace: 8604K(8832K)->8604K(8832K) NonClass: 7453K(7552K)->7453K(7552K) Class: 1151K(1280K)->1151K(1280K)
[41.220s][info][gc             ] GC(401) Pause Young (Allocation Failure) 151M->14M(494M) 18.265ms
[41.220s][info][gc,cpu         ] GC(401) User=0.02s Sys=0.00s Real=0.02s
[41.291s][info][gc,start       ] GC(402) Pause Young (Allocation Failure)
[41.309s][info][gc,heap        ] GC(402) DefNew: 147218K(157248K)->7876K(157248K) Eden: 139776K(139776K)->0K(139776K) From: 7442K(17472K)->7876K(17472K)
[41.310s][info][gc,heap        ] GC(402) Tenured: 7864K(349568K)->7864K(349568K)
[41.310s][info][gc,metaspace   ] GC(402) Metaspace: 8604K(8832K)->8604K(8832K) NonClass: 7453K(7552K)->7453K(7552K) Class: 1151K(1280K)->1151K(1280K)
[41.310s][info][gc             ] GC(402) Pause Young (Allocation Failure) 151M->15M(494M) 18.449ms
[41.310s][info][gc,cpu         ] GC(402) User=0.03s Sys=0.00s Real=0.03s
[41.381s][info][gc,start       ] GC(403) Pause Young (Allocation Failure)
[41.400s][info][gc,heap        ] GC(403) DefNew: 147652K(157248K)->8329K(157248K) Eden: 139776K(139776K)->0K(139776K) From: 7876K(17472K)->8329K(17472K)
[41.400s][info][gc,heap        ] GC(403) Tenured: 7864K(349568K)->7864K(349568K)
[41.400s][info][gc,metaspace   ] GC(403) Metaspace: 8604K(8832K)->8604K(8832K) NonClass: 7453K(7552K)->7453K(7552K) Class: 1151K(1280K)->1151K(1280K)
[41.400s][info][gc             ] GC(403) Pause Young (Allocation Failure) 151M->15M(494M) 19.078ms
[41.400s][info][gc,cpu         ] GC(403) User=0.02s Sys=0.00s Real=0.02s
[41.505s][info][gc,start       ] GC(404) Pause Young (Allocation Failure)
[41.551s][info][gc,heap        ] GC(404) DefNew: 148105K(157248K)->17471K(157248K) Eden: 139776K(139776K)->0K(139776K) From: 8329K(17472K)->17471K(17472K)
[41.551s][info][gc,heap        ] GC(404) Tenured: 7864K(349568K)->7921K(349568K)
[41.551s][info][gc,metaspace   ] GC(404) Metaspace: 8604K(8832K)->8604K(8832K) NonClass: 7453K(7552K)->7453K(7552K) Class: 1151K(1280K)->1151K(1280K)
[41.551s][info][gc             ] GC(404) Pause Young (Allocation Failure) 152M->24M(494M) 46.251ms
[41.551s][info][gc,cpu         ] GC(404) User=0.05s Sys=0.00s Real=0.05s
[41.631s][info][gc,start       ] GC(405) Pause Young (Allocation Failure)
[41.663s][info][gc,heap        ] GC(405) DefNew: 157247K(157248K)->518K(157248K) Eden: 139776K(139776K)->0K(139776K) From: 17471K(17472K)->518K(17472K)
[41.663s][info][gc,heap        ] GC(405) Tenured: 7921K(349568K)->25347K(349568K)
[41.663s][info][gc,metaspace   ] GC(405) Metaspace: 8604K(8832K)->8604K(8832K) NonClass: 7453K(7552K)->7453K(7552K) Class: 1151K(1280K)->1151K(1280K)
[41.663s][info][gc             ] GC(405) Pause Young (Allocation Failure) 161M->25M(494M) 31.494ms
[41.663s][info][gc,cpu         ] GC(405) User=0.03s Sys=0.00s Real=0.03s
[41.739s][info][gc,start       ] GC(406) Pause Young (Allocation Failure)
[41.743s][info][gc,heap        ] GC(406) DefNew: 140294K(157248K)->943K(157248K) Eden: 139776K(139776K)->0K(139776K) From: 518K(17472K)->943K(17472K)
[41.743s][info][gc,heap        ] GC(406) Tenured: 25347K(349568K)->25347K(349568K)
[41.743s][info][gc,metaspace   ] GC(406) Metaspace: 8604K(8832K)->8604K(8832K) NonClass: 7453K(7552K)->7453K(7552K) Class: 1151K(1280K)->1151K(1280K)
[41.743s][info][gc             ] GC(406) Pause Young (Allocation Failure) 161M->25M(494M) 3.548ms
[41.743s][info][gc,cpu         ] GC(406) User=0.00s Sys=0.00s Real=0.00s
[41.830s][info][gc,start       ] GC(407) Pause Young (Allocation Failure)
[41.845s][info][gc,heap        ] GC(407) DefNew: 140719K(157248K)->5189K(157248K) Eden: 139776K(139776K)->0K(139776K) From: 943K(17472K)->5189K(17472K)
[41.845s][info][gc,heap        ] GC(407) Tenured: 25347K(349568K)->25347K(349568K)
[41.845s][info][gc,metaspace   ] GC(407) Metaspace: 8604K(8832K)->8604K(8832K) NonClass: 7453K(7552K)->7453K(7552K) Class: 1151K(1280K)->1151K(1280K)
[41.845s][info][gc             ] GC(407) Pause Young (Allocation Failure) 162M->29M(494M) 15.204ms
[41.845s][info][gc,cpu         ] GC(407) User=0.02s Sys=0.00s Real=0.02s
[41.925s][info][gc,start       ] GC(408) Pause Young (Allocation Failure)
[41.939s][info][gc,heap        ] GC(408) DefNew: 144965K(157248K)->5633K(157248K) Eden: 139776K(139776K)->0K(139776K) From: 5189K(17472K)->5633K(17472K)
[41.939s][info][gc,heap        ] GC(408) Tenured: 25347K(349568K)->25347K(349568K)
[41.939s][info][gc,metaspace   ] GC(408) Metaspace: 8604K(8832K)->8604K(8832K) NonClass: 7453K(7552K)->7453K(7552K) Class: 1151K(1280K)->1151K(1280K)
[41.939s][info][gc             ] GC(408) Pause Young (Allocation Failure) 166M->30M(494M) 14.004ms
[41.939s][info][gc,cpu         ] GC(408) User=0.00s Sys=0.00s Real=0.00s
[42.009s][info][gc,start       ] GC(409) Pause Young (Allocation Failure)
[42.024s][info][gc,heap        ] GC(409) DefNew: 145409K(157248K)->6127K(157248K) Eden: 139776K(139776K)->0K(139776K) From: 5633K(17472K)->6127K(17472K)
[42.024s][info][gc,heap        ] GC(409) Tenured: 25347K(349568K)->25347K(349568K)
[42.024s][info][gc,metaspace   ] GC(409) Metaspace: 8604K(8832K)->8604K(8832K) NonClass: 7453K(7552K)->7453K(7552K) Class: 1151K(1280K)->1151K(1280K)
[42.024s][info][gc             ] GC(409) Pause Young (Allocation Failure) 166M->30M(494M) 14.815ms
[42.024s][info][gc,cpu         ] GC(409) User=0.02s Sys=0.00s Real=0.02s
[42.096s][info][gc,start       ] GC(410) Pause Young (Allocation Failure)
[42.113s][info][gc,heap        ] GC(410) DefNew: 145903K(157248K)->6511K(157248K) Eden: 139776K(139776K)->0K(139776K) From: 6127K(17472K)->6511K(17472K)
[42.113s][info][gc,heap        ] GC(410) Tenured: 25347K(349568K)->25347K(349568K)
[42.113s][info][gc,metaspace   ] GC(410) Metaspace: 8604K(8832K)->8604K(8832K) NonClass: 7453K(7552K)->7453K(7552K) Class: 1151K(1280K)->1151K(1280K)
[42.113s][info][gc             ] GC(410) Pause Young (Allocation Failure) 167M->31M(494M) 16.942ms
[42.113s][info][gc,cpu         ] GC(410) User=0.03s Sys=0.00s Real=0.03s
[42.197s][info][gc,start       ] GC(411) Pause Young (Allocation Failure)
[42.214s][info][gc,heap        ] GC(411) DefNew: 146287K(157248K)->6947K(157248K) Eden: 139776K(139776K)->0K(139776K) From: 6511K(17472K)->6947K(17472K)
[42.214s][info][gc,heap        ] GC(411) Tenured: 25347K(349568K)->25347K(349568K)
[42.214s][info][gc,metaspace   ] GC(411) Metaspace: 8604K(8832K)->8604K(8832K) NonClass: 7453K(7552K)->7453K(7552K) Class: 1151K(1280K)->1151K(1280K)
[42.214s][info][gc             ] GC(411) Pause Young (Allocation Failure) 167M->31M(494M) 17.191ms
[42.214s][info][gc,cpu         ] GC(411) User=0.03s Sys=0.00s Real=0.02s
[42.294s][info][gc,start       ] GC(412) Pause Young (Allocation Failure)
[42.310s][info][gc,heap        ] GC(412) DefNew: 146723K(157248K)->7410K(157248K) Eden: 139776K(139776K)->0K(139776K) From: 6947K(17472K)->7410K(17472K)
[42.310s][info][gc,heap        ] GC(412) Tenured: 25347K(349568K)->25347K(349568K)
[42.310s][info][gc,metaspace   ] GC(412) Metaspace: 8604K(8832K)->8604K(8832K) NonClass: 7453K(7552K)->7453K(7552K) Class: 1151K(1280K)->1151K(1280K)
[42.310s][info][gc             ] GC(412) Pause Young (Allocation Failure) 168M->31M(494M) 16.197ms
[42.310s][info][gc,cpu         ] GC(412) User=0.02s Sys=0.00s Real=0.02s
[42.393s][info][gc,start       ] GC(413) Pause Young (Allocation Failure)
[42.420s][info][gc,heap        ] GC(413) DefNew: 147186K(157248K)->12166K(157248K) Eden: 139776K(139776K)->0K(139776K) From: 7410K(17472K)->12166K(17472K)
[42.420s][info][gc,heap        ] GC(413) Tenured: 25347K(349568K)->25347K(349568K)
[42.420s][info][gc,metaspace   ] GC(413) Metaspace: 8604K(8832K)->8604K(8832K) NonClass: 7453K(7552K)->7453K(7552K) Class: 1151K(1280K)->1151K(1280K)
[42.420s][info][gc             ] GC(413) Pause Young (Allocation Failure) 168M->36M(494M) 26.787ms
[42.420s][info][gc,cpu         ] GC(413) User=0.03s Sys=0.00s Real=0.03s
[42.495s][info][gc,start       ] GC(414) Pause Young (Allocation Failure)
[42.519s][info][gc,heap        ] GC(414) DefNew: 151942K(157248K)->7728K(157248K) Eden: 139776K(139776K)->0K(139776K) From: 12166K(17472K)->7728K(17472K)
[42.519s][info][gc,heap        ] GC(414) Tenured: 25347K(349568K)->30245K(349568K)
[42.519s][info][gc,metaspace   ] GC(414) Metaspace: 8604K(8832K)->8604K(8832K) NonClass: 7453K(7552K)->7453K(7552K) Class: 1151K(1280K)->1151K(1280K)
[42.519s][info][gc             ] GC(414) Pause Young (Allocation Failure) 173M->37M(494M) 24.491ms
[42.519s][info][gc,cpu         ] GC(414) User=0.02s Sys=0.00s Real=0.02s
[42.595s][info][gc,start       ] GC(415) Pause Young (Allocation Failure)
[42.613s][info][gc,heap        ] GC(415) DefNew: 147504K(157248K)->8177K(157248K) Eden: 139776K(139776K)->0K(139776K) From: 7728K(17472K)->8177K(17472K)
[42.613s][info][gc,heap        ] GC(415) Tenured: 30245K(349568K)->30245K(349568K)
[42.613s][info][gc,metaspace   ] GC(415) Metaspace: 8604K(8832K)->8604K(8832K) NonClass: 7453K(7552K)->7453K(7552K) Class: 1151K(1280K)->1151K(1280K)
[42.613s][info][gc             ] GC(415) Pause Young (Allocation Failure) 173M->37M(494M) 18.261ms
[42.613s][info][gc,cpu         ] GC(415) User=0.02s Sys=0.00s Real=0.01s
[42.689s][info][gc,start       ] GC(416) Pause Young (Allocation Failure)
[42.711s][info][gc,heap        ] GC(416) DefNew: 147953K(157248K)->8709K(157248K) Eden: 139776K(139776K)->0K(139776K) From: 8177K(17472K)->8709K(17472K)
[42.711s][info][gc,heap        ] GC(416) Tenured: 30245K(349568K)->30245K(349568K)
[42.711s][info][gc,metaspace   ] GC(416) Metaspace: 8604K(8832K)->8604K(8832K) NonClass: 7453K(7552K)->7453K(7552K) Class: 1151K(1280K)->1151K(1280K)
[42.711s][info][gc             ] GC(416) Pause Young (Allocation Failure) 174M->38M(494M) 21.861ms
[42.711s][info][gc,cpu         ] GC(416) User=0.02s Sys=0.00s Real=0.02s
[42.784s][info][gc,start       ] GC(417) Pause Young (Allocation Failure)
[42.802s][info][gc,heap        ] GC(417) DefNew: 148485K(157248K)->9132K(157248K) Eden: 139776K(139776K)->0K(139776K) From: 8709K(17472K)->9132K(17472K)
[42.803s][info][gc,heap        ] GC(417) Tenured: 30245K(349568K)->30245K(349568K)
[42.803s][info][gc,metaspace   ] GC(417) Metaspace: 8604K(8832K)->8604K(8832K) NonClass: 7453K(7552K)->7453K(7552K) Class: 1151K(1280K)->1151K(1280K)
[42.803s][info][gc             ] GC(417) Pause Young (Allocation Failure) 174M->38M(494M) 18.874ms
[42.803s][info][gc,cpu         ] GC(417) User=0.02s Sys=0.00s Real=0.02s
[42.873s][info][gc,start       ] GC(418) Pause Young (Allocation Failure)
[42.894s][info][gc,heap        ] GC(418) DefNew: 148908K(157248K)->8403K(157248K) Eden: 139776K(139776K)->0K(139776K) From: 9132K(17472K)->8403K(17472K)
[42.894s][info][gc,heap        ] GC(418) Tenured: 30245K(349568K)->31449K(349568K)
[42.894s][info][gc,metaspace   ] GC(418) Metaspace: 8604K(8832K)->8604K(8832K) NonClass: 7453K(7552K)->7453K(7552K) Class: 1151K(1280K)->1151K(1280K)
[42.894s][info][gc             ] GC(418) Pause Young (Allocation Failure) 174M->38M(494M) 20.497ms
[42.894s][info][gc,cpu         ] GC(418) User=0.03s Sys=0.00s Real=0.03s
[42.969s][info][gc,start       ] GC(419) Pause Young (Allocation Failure)
[42.991s][info][gc,heap        ] GC(419) DefNew: 148179K(157248K)->8810K(157248K) Eden: 139776K(139776K)->0K(139776K) From: 8403K(17472K)->8810K(17472K)
[42.991s][info][gc,heap        ] GC(419) Tenured: 31449K(349568K)->31449K(349568K)
[42.991s][info][gc,metaspace   ] GC(419) Metaspace: 8604K(8832K)->8604K(8832K) NonClass: 7453K(7552K)->7453K(7552K) Class: 1151K(1280K)->1151K(1280K)
[42.991s][info][gc             ] GC(419) Pause Young (Allocation Failure) 175M->39M(494M) 22.124ms
[42.991s][info][gc,cpu         ] GC(419) User=0.03s Sys=0.00s Real=0.03s
[43.067s][info][gc,start       ] GC(420) Pause Young (Allocation Failure)
[43.088s][info][gc,heap        ] GC(420) DefNew: 148586K(157248K)->3491K(157248K) Eden: 139776K(139776K)->0K(139776K) From: 8810K(17472K)->3491K(17472K)
[43.088s][info][gc,heap        ] GC(420) Tenured: 31449K(349568K)->37179K(349568K)
[43.088s][info][gc,metaspace   ] GC(420) Metaspace: 8604K(8832K)->8604K(8832K) NonClass: 7453K(7552K)->7453K(7552K) Class: 1151K(1280K)->1151K(1280K)
[43.088s][info][gc             ] GC(420) Pause Young (Allocation Failure) 175M->39M(494M) 21.244ms
[43.088s][info][gc,cpu         ] GC(420) User=0.02s Sys=0.00s Real=0.02s
[43.160s][info][gc,start       ] GC(421) Pause Young (Allocation Failure)
[43.170s][info][gc,heap        ] GC(421) DefNew: 143267K(157248K)->3981K(157248K) Eden: 139776K(139776K)->0K(139776K) From: 3491K(17472K)->3981K(17472K)
[43.170s][info][gc,heap        ] GC(421) Tenured: 37179K(349568K)->37179K(349568K)
[43.170s][info][gc,metaspace   ] GC(421) Metaspace: 8604K(8832K)->8604K(8832K) NonClass: 7453K(7552K)->7453K(7552K) Class: 1151K(1280K)->1151K(1280K)
[43.170s][info][gc             ] GC(421) Pause Young (Allocation Failure) 176M->40M(494M) 10.418ms
[43.170s][info][gc,cpu         ] GC(421) User=0.00s Sys=0.00s Real=0.00s
[43.550s][info][gc,start       ] GC(422) Pause Young (Allocation Failure)
[43.691s][info][gc,heap        ] GC(422) DefNew: 143757K(157248K)->17472K(157248K) Eden: 139776K(139776K)->0K(139776K) From: 3981K(17472K)->17472K(17472K)
[43.691s][info][gc,heap        ] GC(422) Tenured: 37179K(349568K)->73386K(349568K)
[43.691s][info][gc,metaspace   ] GC(422) Metaspace: 8604K(8832K)->8604K(8832K) NonClass: 7453K(7552K)->7453K(7552K) Class: 1151K(1280K)->1151K(1280K)
[43.691s][info][gc             ] GC(422) Pause Young (Allocation Failure) 176M->88M(494M) 140.980ms
[43.691s][info][gc,cpu         ] GC(422) User=0.14s Sys=0.00s Real=0.14s
[43.752s][info][gc,start       ] GC(423) Pause Full (System.gc())
[43.753s][info][gc,phases,start] GC(423) Phase 1: Mark live objects
[43.758s][info][gc,phases      ] GC(423) Phase 1: Mark live objects 5.305ms
[43.758s][info][gc,phases,start] GC(423) Phase 2: Compute new object addresses
[43.783s][info][gc,phases      ] GC(423) Phase 2: Compute new object addresses 25.227ms
[43.783s][info][gc,phases,start] GC(423) Phase 3: Adjust pointers
[43.786s][info][gc,phases      ] GC(423) Phase 3: Adjust pointers 2.787ms
[43.786s][info][gc,phases,start] GC(423) Phase 4: Move objects
[43.786s][info][gc,phases      ] GC(423) Phase 4: Move objects 0.011ms
[43.786s][info][gc,heap        ] GC(423) DefNew: 42625K(157248K)->0K(157248K) Eden: 25153K(139776K)->0K(139776K) From: 17472K(17472K)->0K(17472K)
[43.786s][info][gc,heap        ] GC(423) Tenured: 73386K(349568K)->3528K(349568K)
[43.786s][info][gc,metaspace   ] GC(423) Metaspace: 8605K(8832K)->8605K(8832K) NonClass: 7453K(7552K)->7453K(7552K) Class: 1151K(1280K)->1151K(1280K)
[43.786s][info][gc             ] GC(423) Pause Full (System.gc()) 113M->3M(494M) 33.592ms
[43.786s][info][gc,cpu         ] GC(423) User=0.03s Sys=0.00s Real=0.03s
[43.865s][info][gc,start       ] GC(424) Pause Young (Allocation Failure)
[43.867s][info][gc,heap        ] GC(424) DefNew: 139776K(157248K)->518K(157248K) Eden: 139776K(139776K)->0K(139776K) From: 0K(17472K)->518K(17472K)
[43.867s][info][gc,heap        ] GC(424) Tenured: 3528K(349568K)->3528K(349568K)
[43.867s][info][gc,metaspace   ] GC(424) Metaspace: 8605K(8832K)->8605K(8832K) NonClass: 7454K(7552K)->7454K(7552K) Class: 1151K(1280K)->1151K(1280K)
[43.867s][info][gc             ] GC(424) Pause Young (Allocation Failure) 139M->3M(494M) 2.281ms
[43.867s][info][gc,cpu         ] GC(424) User=0.02s Sys=0.00s Real=0.02s
[43.931s][info][gc,start       ] GC(425) Pause Young (Allocation Failure)
[43.934s][info][gc,heap        ] GC(425) DefNew: 140294K(157248K)->962K(157248K) Eden: 139776K(139776K)->0K(139776K) From: 518K(17472K)->962K(17472K)
[43.934s][info][gc,heap        ] GC(425) Tenured: 3528K(349568K)->3528K(349568K)
[43.934s][info][gc,metaspace   ] GC(425) Metaspace: 8605K(8832K)->8605K(8832K) NonClass: 7454K(7552K)->7454K(7552K) Class: 1151K(1280K)->1151K(1280K)
[43.934s][info][gc             ] GC(425) Pause Young (Allocation Failure) 140M->4M(494M) 3.362ms
[43.934s][info][gc,cpu         ] GC(425) User=0.00s Sys=0.00s Real=0.00s
[43.998s][info][gc,start       ] GC(426) Pause Young (Allocation Failure)
[44.003s][info][gc,heap        ] GC(426) DefNew: 140738K(157248K)->1442K(157248K) Eden: 139776K(139776K)->0K(139776K) From: 962K(17472K)->1442K(17472K)
[44.003s][info][gc,heap        ] GC(426) Tenured: 3528K(349568K)->3528K(349568K)
[44.003s][info][gc,metaspace   ] GC(426) Metaspace: 8605K(8832K)->8605K(8832K) NonClass: 7454K(7552K)->7454K(7552K) Class: 1151K(1280K)->1151K(1280K)
[44.003s][info][gc             ] GC(426) Pause Young (Allocation Failure) 140M->4M(494M) 4.798ms
[44.003s][info][gc,cpu         ] GC(426) User=0.00s Sys=0.00s Real=0.00s
[44.072s][info][gc,start       ] GC(427) Pause Young (Allocation Failure)
[44.078s][info][gc,heap        ] GC(427) DefNew: 141218K(157248K)->1942K(157248K) Eden: 139776K(139776K)->0K(139776K) From: 1442K(17472K)->1942K(17472K)
[44.078s][info][gc,heap        ] GC(427) Tenured: 3528K(349568K)->3528K(349568K)
[44.079s][info][gc,metaspace   ] GC(427) Metaspace: 8605K(8832K)->8605K(8832K) NonClass: 7454K(7552K)->7454K(7552K) Class: 1151K(1280K)->1151K(1280K)
[44.079s][info][gc             ] GC(427) Pause Young (Allocation Failure) 141M->5M(494M) 6.763ms
[44.079s][info][gc,cpu         ] GC(427) User=0.02s Sys=0.00s Real=0.02s
[44.145s][info][gc,start       ] GC(428) Pause Young (Allocation Failure)
[44.151s][info][gc,heap        ] GC(428) DefNew: 141718K(157248K)->2391K(157248K) Eden: 139776K(139776K)->0K(139776K) From: 1942K(17472K)->2391K(17472K)
[44.151s][info][gc,heap        ] GC(428) Tenured: 3528K(349568K)->3528K(349568K)
[44.151s][info][gc,metaspace   ] GC(428) Metaspace: 8605K(8832K)->8605K(8832K) NonClass: 7454K(7552K)->7454K(7552K) Class: 1151K(1280K)->1151K(1280K)
[44.152s][info][gc             ] GC(428) Pause Young (Allocation Failure) 141M->5M(494M) 6.764ms
[44.152s][info][gc,cpu         ] GC(428) User=0.00s Sys=0.00s Real=0.00s
[44.217s][info][gc,start       ] GC(429) Pause Young (Allocation Failure)
[44.225s][info][gc,heap        ] GC(429) DefNew: 142167K(157248K)->2848K(157248K) Eden: 139776K(139776K)->0K(139776K) From: 2391K(17472K)->2848K(17472K)
[44.225s][info][gc,heap        ] GC(429) Tenured: 3528K(349568K)->3528K(349568K)
[44.225s][info][gc,metaspace   ] GC(429) Metaspace: 8605K(8832K)->8605K(8832K) NonClass: 7454K(7552K)->7454K(7552K) Class: 1151K(1280K)->1151K(1280K)
[44.225s][info][gc             ] GC(429) Pause Young (Allocation Failure) 142M->6M(494M) 7.816ms
[44.225s][info][gc,cpu         ] GC(429) User=0.00s Sys=0.00s Real=0.00s
[44.295s][info][gc,start       ] GC(430) Pause Young (Allocation Failure)
[44.304s][info][gc,heap        ] GC(430) DefNew: 142624K(157248K)->3238K(157248K) Eden: 139776K(139776K)->0K(139776K) From: 2848K(17472K)->3238K(17472K)
[44.305s][info][gc,heap        ] GC(430) Tenured: 3528K(349568K)->3528K(349568K)
[44.305s][info][gc,metaspace   ] GC(430) Metaspace: 8605K(8832K)->8605K(8832K) NonClass: 7454K(7552K)->7454K(7552K) Class: 1151K(1280K)->1151K(1280K)
[44.305s][info][gc             ] GC(430) Pause Young (Allocation Failure) 142M->6M(494M) 9.814ms
[44.305s][info][gc,cpu         ] GC(430) User=0.02s Sys=0.00s Real=0.02s
[44.386s][info][gc,start       ] GC(431) Pause Young (Allocation Failure)
[44.396s][info][gc,heap        ] GC(431) DefNew: 143014K(157248K)->3676K(157248K) Eden: 139776K(139776K)->0K(139776K) From: 3238K(17472K)->3676K(17472K)
[44.396s][info][gc,heap        ] GC(431) Tenured: 3528K(349568K)->3528K(349568K)
[44.396s][info][gc,metaspace   ] GC(431) Metaspace: 8605K(8832K)->8605K(8832K) NonClass: 7454K(7552K)->7454K(7552K) Class: 1151K(1280K)->1151K(1280K)
[44.396s][info][gc             ] GC(431) Pause Young (Allocation Failure) 143M->7M(494M) 9.671ms
[44.396s][info][gc,cpu         ] GC(431) User=0.02s Sys=0.00s Real=0.02s
[44.480s][info][gc,start       ] GC(432) Pause Young (Allocation Failure)
[44.491s][info][gc,heap        ] GC(432) DefNew: 143452K(157248K)->4276K(157248K) Eden: 139776K(139776K)->0K(139776K) From: 3676K(17472K)->4276K(17472K)
[44.492s][info][gc,heap        ] GC(432) Tenured: 3528K(349568K)->3528K(349568K)
[44.492s][info][gc,metaspace   ] GC(432) Metaspace: 8605K(8832K)->8605K(8832K) NonClass: 7454K(7552K)->7454K(7552K) Class: 1151K(1280K)->1151K(1280K)
[44.492s][info][gc             ] GC(432) Pause Young (Allocation Failure) 143M->7M(494M) 11.538ms
[44.492s][info][gc,cpu         ] GC(432) User=0.02s Sys=0.00s Real=0.02s
[44.568s][info][gc,start       ] GC(433) Pause Young (Allocation Failure)
[44.585s][info][gc,heap        ] GC(433) DefNew: 144052K(157248K)->4837K(157248K) Eden: 139776K(139776K)->0K(139776K) From: 4276K(17472K)->4837K(17472K)
[44.585s][info][gc,heap        ] GC(433) Tenured: 3528K(349568K)->3528K(349568K)
[44.585s][info][gc,metaspace   ] GC(433) Metaspace: 8605K(8832K)->8605K(8832K) NonClass: 7454K(7552K)->7454K(7552K) Class: 1151K(1280K)->1151K(1280K)
[44.585s][info][gc             ] GC(433) Pause Young (Allocation Failure) 144M->8M(494M) 16.665ms
[44.585s][info][gc,cpu         ] GC(433) User=0.02s Sys=0.00s Real=0.01s
[44.655s][info][gc,start       ] GC(434) Pause Young (Allocation Failure)
[44.667s][info][gc,heap        ] GC(434) DefNew: 144613K(157248K)->5259K(157248K) Eden: 139776K(139776K)->0K(139776K) From: 4837K(17472K)->5259K(17472K)
[44.667s][info][gc,heap        ] GC(434) Tenured: 3528K(349568K)->3528K(349568K)
[44.667s][info][gc,metaspace   ] GC(434) Metaspace: 8605K(8832K)->8605K(8832K) NonClass: 7454K(7552K)->7454K(7552K) Class: 1151K(1280K)->1151K(1280K)
[44.667s][info][gc             ] GC(434) Pause Young (Allocation Failure) 144M->8M(494M) 11.956ms
[44.667s][info][gc,cpu         ] GC(434) User=0.02s Sys=0.00s Real=0.02s
[44.735s][info][gc,start       ] GC(435) Pause Young (Allocation Failure)
[44.748s][info][gc,heap        ] GC(435) DefNew: 145035K(157248K)->5708K(157248K) Eden: 139776K(139776K)->0K(139776K) From: 5259K(17472K)->5708K(17472K)
[44.748s][info][gc,heap        ] GC(435) Tenured: 3528K(349568K)->3528K(349568K)
[44.748s][info][gc,metaspace   ] GC(435) Metaspace: 8605K(8832K)->8605K(8832K) NonClass: 7454K(7552K)->7454K(7552K) Class: 1151K(1280K)->1151K(1280K)
[44.748s][info][gc             ] GC(435) Pause Young (Allocation Failure) 145M->9M(494M) 12.904ms
[44.748s][info][gc,cpu         ] GC(435) User=0.02s Sys=0.00s Real=0.02s
[44.822s][info][gc,start       ] GC(436) Pause Young (Allocation Failure)
[44.837s][info][gc,heap        ] GC(436) DefNew: 145484K(157248K)->6237K(157248K) Eden: 139776K(139776K)->0K(139776K) From: 5708K(17472K)->6237K(17472K)
[44.837s][info][gc,heap        ] GC(436) Tenured: 3528K(349568K)->3528K(349568K)
[44.837s][info][gc,metaspace   ] GC(436) Metaspace: 8605K(8832K)->8605K(8832K) NonClass: 7454K(7552K)->7454K(7552K) Class: 1151K(1280K)->1151K(1280K)
[44.837s][info][gc             ] GC(436) Pause Young (Allocation Failure) 145M->9M(494M) 15.037ms
[44.837s][info][gc,cpu         ] GC(436) User=0.02s Sys=0.00s Real=0.01s
[44.904s][info][gc,start       ] GC(437) Pause Young (Allocation Failure)
[44.919s][info][gc,heap        ] GC(437) DefNew: 146013K(157248K)->6694K(157248K) Eden: 139776K(139776K)->0K(139776K) From: 6237K(17472K)->6694K(17472K)
[44.919s][info][gc,heap        ] GC(437) Tenured: 3528K(349568K)->3528K(349568K)
[44.919s][info][gc,metaspace   ] GC(437) Metaspace: 8605K(8832K)->8605K(8832K) NonClass: 7454K(7552K)->7454K(7552K) Class: 1151K(1280K)->1151K(1280K)
[44.919s][info][gc             ] GC(437) Pause Young (Allocation Failure) 146M->9M(494M) 14.741ms
[44.919s][info][gc,cpu         ] GC(437) User=0.02s Sys=0.00s Real=0.02s
[44.987s][info][gc,start       ] GC(438) Pause Young (Allocation Failure)
[45.002s][info][gc,heap        ] GC(438) DefNew: 146470K(157248K)->7114K(157248K) Eden: 139776K(139776K)->0K(139776K) From: 6694K(17472K)->7114K(17472K)
[45.002s][info][gc,heap        ] GC(438) Tenured: 3528K(349568K)->3528K(349568K)
[45.002s][info][gc,metaspace   ] GC(438) Metaspace: 8605K(8832K)->8605K(8832K) NonClass: 7454K(7552K)->7454K(7552K) Class: 1151K(1280K)->1151K(1280K)
[45.002s][info][gc             ] GC(438) Pause Young (Allocation Failure) 146M->10M(494M) 15.251ms
[45.002s][info][gc,cpu         ] GC(438) User=0.02s Sys=0.00s Real=0.02s
[45.078s][info][gc,start       ] GC(439) Pause Young (Allocation Failure)
[45.095s][info][gc,heap        ] GC(439) DefNew: 146890K(157248K)->7528K(157248K) Eden: 139776K(139776K)->0K(139776K) From: 7114K(17472K)->7528K(17472K)
[45.095s][info][gc,heap        ] GC(439) Tenured: 3528K(349568K)->3533K(349568K)
[45.095s][info][gc,metaspace   ] GC(439) Metaspace: 8605K(8832K)->8605K(8832K) NonClass: 7454K(7552K)->7454K(7552K) Class: 1151K(1280K)->1151K(1280K)
[45.095s][info][gc             ] GC(439) Pause Young (Allocation Failure) 146M->10M(494M) 17.263ms
[45.095s][info][gc,cpu         ] GC(439) User=0.02s Sys=0.00s Real=0.01s
[45.172s][info][gc,start       ] GC(440) Pause Young (Allocation Failure)
[45.190s][info][gc,heap        ] GC(440) DefNew: 147304K(157248K)->7983K(157248K) Eden: 139776K(139776K)->0K(139776K) From: 7528K(17472K)->7983K(17472K)
[45.190s][info][gc,heap        ] GC(440) Tenured: 3533K(349568K)->3533K(349568K)
[45.190s][info][gc,metaspace   ] GC(440) Metaspace: 8605K(8832K)->8605K(8832K) NonClass: 7454K(7552K)->7454K(7552K) Class: 1151K(1280K)->1151K(1280K)
[45.190s][info][gc             ] GC(440) Pause Young (Allocation Failure) 147M->11M(494M) 17.809ms
[45.190s][info][gc,cpu         ] GC(440) User=0.02s Sys=0.00s Real=0.02s
[45.271s][info][gc,start       ] GC(441) Pause Young (Allocation Failure)
[45.290s][info][gc,heap        ] GC(441) DefNew: 147759K(157248K)->8438K(157248K) Eden: 139776K(139776K)->0K(139776K) From: 7983K(17472K)->8438K(17472K)
[45.290s][info][gc,heap        ] GC(441) Tenured: 3533K(349568K)->3533K(349568K)
[45.290s][info][gc,metaspace   ] GC(441) Metaspace: 8605K(8832K)->8605K(8832K) NonClass: 7454K(7552K)->7454K(7552K) Class: 1151K(1280K)->1151K(1280K)
[45.290s][info][gc             ] GC(441) Pause Young (Allocation Failure) 147M->11M(494M) 18.730ms
[45.290s][info][gc,cpu         ] GC(441) User=0.02s Sys=0.00s Real=0.02s
[45.374s][info][gc,start       ] GC(442) Pause Young (Allocation Failure)
[45.397s][info][gc,heap        ] GC(442) DefNew: 148214K(157248K)->9049K(157248K) Eden: 139776K(139776K)->0K(139776K) From: 8438K(17472K)->9049K(17472K)
[45.397s][info][gc,heap        ] GC(442) Tenured: 3533K(349568K)->3533K(349568K)
[45.397s][info][gc,metaspace   ] GC(442) Metaspace: 8605K(8832K)->8605K(8832K) NonClass: 7454K(7552K)->7454K(7552K) Class: 1151K(1280K)->1151K(1280K)
[45.397s][info][gc             ] GC(442) Pause Young (Allocation Failure) 148M->12M(494M) 23.057ms
[45.398s][info][gc,cpu         ] GC(442) User=0.02s Sys=0.00s Real=0.02s
[45.468s][info][gc,start       ] GC(443) Pause Young (Allocation Failure)
[45.486s][info][gc,heap        ] GC(443) DefNew: 148825K(157248K)->5167K(157248K) Eden: 139776K(139776K)->0K(139776K) From: 9049K(17472K)->5167K(17472K)
[45.487s][info][gc,heap        ] GC(443) Tenured: 3533K(349568K)->7864K(349568K)
[45.487s][info][gc,metaspace   ] GC(443) Metaspace: 8605K(8832K)->8605K(8832K) NonClass: 7454K(7552K)->7454K(7552K) Class: 1151K(1280K)->1151K(1280K)
[45.487s][info][gc             ] GC(443) Pause Young (Allocation Failure) 148M->12M(494M) 18.854ms
[45.487s][info][gc,cpu         ] GC(443) User=0.02s Sys=0.00s Real=0.02s
[45.557s][info][gc,start       ] GC(444) Pause Young (Allocation Failure)
[45.570s][info][gc,heap        ] GC(444) DefNew: 144943K(157248K)->5640K(157248K) Eden: 139776K(139776K)->0K(139776K) From: 5167K(17472K)->5640K(17472K)
[45.570s][info][gc,heap        ] GC(444) Tenured: 7864K(349568K)->7864K(349568K)
[45.570s][info][gc,metaspace   ] GC(444) Metaspace: 8605K(8832K)->8605K(8832K) NonClass: 7454K(7552K)->7454K(7552K) Class: 1151K(1280K)->1151K(1280K)
[45.570s][info][gc             ] GC(444) Pause Young (Allocation Failure) 149M->13M(494M) 13.456ms
[45.570s][info][gc,cpu         ] GC(444) User=0.02s Sys=0.00s Real=0.02s
[45.642s][info][gc,start       ] GC(445) Pause Young (Allocation Failure)
[45.658s][info][gc,heap        ] GC(445) DefNew: 145416K(157248K)->6141K(157248K) Eden: 139776K(139776K)->0K(139776K) From: 5640K(17472K)->6141K(17472K)
[45.658s][info][gc,heap        ] GC(445) Tenured: 7864K(349568K)->7864K(349568K)
[45.658s][info][gc,metaspace   ] GC(445) Metaspace: 8605K(8832K)->8605K(8832K) NonClass: 7454K(7552K)->7454K(7552K) Class: 1151K(1280K)->1151K(1280K)
[45.658s][info][gc             ] GC(445) Pause Young (Allocation Failure) 149M->13M(494M) 15.932ms
[45.658s][info][gc,cpu         ] GC(445) User=0.02s Sys=0.00s Real=0.01s
[45.728s][info][gc,start       ] GC(446) Pause Young (Allocation Failure)
[45.743s][info][gc,heap        ] GC(446) DefNew: 145917K(157248K)->6558K(157248K) Eden: 139776K(139776K)->0K(139776K) From: 6141K(17472K)->6558K(17472K)
[45.743s][info][gc,heap        ] GC(446) Tenured: 7864K(349568K)->7864K(349568K)
[45.743s][info][gc,metaspace   ] GC(446) Metaspace: 8605K(8832K)->8605K(8832K) NonClass: 7454K(7552K)->7454K(7552K) Class: 1151K(1280K)->1151K(1280K)
[45.743s][info][gc             ] GC(446) Pause Young (Allocation Failure) 150M->14M(494M) 14.689ms
[45.743s][info][gc,cpu         ] GC(446) User=0.02s Sys=0.00s Real=0.02s
[45.811s][info][gc,start       ] GC(447) Pause Young (Allocation Failure)
[45.826s][info][gc,heap        ] GC(447) DefNew: 146334K(157248K)->7050K(157248K) Eden: 139776K(139776K)->0K(139776K) From: 6558K(17472K)->7050K(17472K)
[45.826s][info][gc,heap        ] GC(447) Tenured: 7864K(349568K)->7864K(349568K)
[45.826s][info][gc,metaspace   ] GC(447) Metaspace: 8605K(8832K)->8605K(8832K) NonClass: 7454K(7552K)->7454K(7552K) Class: 1151K(1280K)->1151K(1280K)
[45.826s][info][gc             ] GC(447) Pause Young (Allocation Failure) 150M->14M(494M) 15.371ms
[45.826s][info][gc,cpu         ] GC(447) User=0.02s Sys=0.00s Real=0.02s
[45.901s][info][gc,start       ] GC(448) Pause Young (Allocation Failure)
[45.919s][info][gc,heap        ] GC(448) DefNew: 146826K(157248K)->7442K(157248K) Eden: 139776K(139776K)->0K(139776K) From: 7050K(17472K)->7442K(17472K)
[45.919s][info][gc,heap        ] GC(448) Tenured: 7864K(349568K)->7864K(349568K)
[45.919s][info][gc,metaspace   ] GC(448) Metaspace: 8605K(8832K)->8605K(8832K) NonClass: 7454K(7552K)->7454K(7552K) Class: 1151K(1280K)->1151K(1280K)
[45.919s][info][gc             ] GC(448) Pause Young (Allocation Failure) 151M->14M(494M) 17.651ms
[45.919s][info][gc,cpu         ] GC(448) User=0.02s Sys=0.00s Real=0.01s
[46.004s][info][gc,start       ] GC(449) Pause Young (Allocation Failure)
[46.023s][info][gc,heap        ] GC(449) DefNew: 147218K(157248K)->7876K(157248K) Eden: 139776K(139776K)->0K(139776K) From: 7442K(17472K)->7876K(17472K)
[46.023s][info][gc,heap        ] GC(449) Tenured: 7864K(349568K)->7864K(349568K)
[46.023s][info][gc,metaspace   ] GC(449) Metaspace: 8605K(8832K)->8605K(8832K) NonClass: 7454K(7552K)->7454K(7552K) Class: 1151K(1280K)->1151K(1280K)
[46.023s][info][gc             ] GC(449) Pause Young (Allocation Failure) 151M->15M(494M) 18.581ms
[46.023s][info][gc,cpu         ] GC(449) User=0.02s Sys=0.00s Real=0.02s
[46.104s][info][gc,start       ] GC(450) Pause Young (Allocation Failure)
[46.124s][info][gc,heap        ] GC(450) DefNew: 147652K(157248K)->8329K(157248K) Eden: 139776K(139776K)->0K(139776K) From: 7876K(17472K)->8329K(17472K)
[46.124s][info][gc,heap        ] GC(450) Tenured: 7864K(349568K)->7864K(349568K)
[46.124s][info][gc,metaspace   ] GC(450) Metaspace: 8605K(8832K)->8605K(8832K) NonClass: 7454K(7552K)->7454K(7552K) Class: 1151K(1280K)->1151K(1280K)
[46.124s][info][gc             ] GC(450) Pause Young (Allocation Failure) 151M->15M(494M) 19.633ms
[46.124s][info][gc,cpu         ] GC(450) User=0.02s Sys=0.00s Real=0.01s
[46.229s][info][gc,start       ] GC(451) Pause Young (Allocation Failure)
[46.275s][info][gc,heap        ] GC(451) DefNew: 148105K(157248K)->17471K(157248K) Eden: 139776K(139776K)->0K(139776K) From: 8329K(17472K)->17471K(17472K)
[46.287s][info][gc,heap        ] GC(451) Tenured: 7864K(349568K)->7921K(349568K)
[46.287s][info][gc,metaspace   ] GC(451) Metaspace: 8605K(8832K)->8605K(8832K) NonClass: 7454K(7552K)->7454K(7552K) Class: 1151K(1280K)->1151K(1280K)
[46.287s][info][gc             ] GC(451) Pause Young (Allocation Failure) 152M->24M(494M) 57.734ms
[46.287s][info][gc,cpu         ] GC(451) User=0.05s Sys=0.00s Real=0.06s
[46.366s][info][gc,start       ] GC(452) Pause Young (Allocation Failure)
[46.400s][info][gc,heap        ] GC(452) DefNew: 157247K(157248K)->518K(157248K) Eden: 139776K(139776K)->0K(139776K) From: 17471K(17472K)->518K(17472K)
[46.400s][info][gc,heap        ] GC(452) Tenured: 7921K(349568K)->25347K(349568K)
[46.400s][info][gc,metaspace   ] GC(452) Metaspace: 8605K(8832K)->8605K(8832K) NonClass: 7454K(7552K)->7454K(7552K) Class: 1151K(1280K)->1151K(1280K)
[46.400s][info][gc             ] GC(452) Pause Young (Allocation Failure) 161M->25M(494M) 33.503ms
[46.400s][info][gc,cpu         ] GC(452) User=0.03s Sys=0.00s Real=0.03s
[46.478s][info][gc,start       ] GC(453) Pause Young (Allocation Failure)
[46.482s][info][gc,heap        ] GC(453) DefNew: 140294K(157248K)->943K(157248K) Eden: 139776K(139776K)->0K(139776K) From: 518K(17472K)->943K(17472K)
[46.482s][info][gc,heap        ] GC(453) Tenured: 25347K(349568K)->25347K(349568K)
[46.482s][info][gc,metaspace   ] GC(453) Metaspace: 8605K(8832K)->8605K(8832K) NonClass: 7454K(7552K)->7454K(7552K) Class: 1151K(1280K)->1151K(1280K)
[46.482s][info][gc             ] GC(453) Pause Young (Allocation Failure) 161M->25M(494M) 3.588ms
[46.482s][info][gc,cpu         ] GC(453) User=0.02s Sys=0.00s Real=0.02s
[46.552s][info][gc,start       ] GC(454) Pause Young (Allocation Failure)
[46.567s][info][gc,heap        ] GC(454) DefNew: 140719K(157248K)->5189K(157248K) Eden: 139776K(139776K)->0K(139776K) From: 943K(17472K)->5189K(17472K)
[46.567s][info][gc,heap        ] GC(454) Tenured: 25347K(349568K)->25347K(349568K)
[46.567s][info][gc,metaspace   ] GC(454) Metaspace: 8605K(8832K)->8605K(8832K) NonClass: 7454K(7552K)->7454K(7552K) Class: 1151K(1280K)->1151K(1280K)
[46.567s][info][gc             ] GC(454) Pause Young (Allocation Failure) 162M->29M(494M) 15.832ms
[46.567s][info][gc,cpu         ] GC(454) User=0.02s Sys=0.00s Real=0.02s
[46.649s][info][gc,start       ] GC(455) Pause Young (Allocation Failure)
[46.663s][info][gc,heap        ] GC(455) DefNew: 144965K(157248K)->5633K(157248K) Eden: 139776K(139776K)->0K(139776K) From: 5189K(17472K)->5633K(17472K)
[46.663s][info][gc,heap        ] GC(455) Tenured: 25347K(349568K)->25347K(349568K)
[46.663s][info][gc,metaspace   ] GC(455) Metaspace: 8605K(8832K)->8605K(8832K) NonClass: 7454K(7552K)->7454K(7552K) Class: 1151K(1280K)->1151K(1280K)
[46.663s][info][gc             ] GC(455) Pause Young (Allocation Failure) 166M->30M(494M) 14.215ms
[46.663s][info][gc,cpu         ] GC(455) User=0.02s Sys=0.00s Real=0.02s
[46.741s][info][gc,start       ] GC(456) Pause Young (Allocation Failure)
[46.756s][info][gc,heap        ] GC(456) DefNew: 145409K(157248K)->6127K(157248K) Eden: 139776K(139776K)->0K(139776K) From: 5633K(17472K)->6127K(17472K)
[46.756s][info][gc,heap        ] GC(456) Tenured: 25347K(349568K)->25347K(349568K)
[46.756s][info][gc,metaspace   ] GC(456) Metaspace: 8605K(8832K)->8605K(8832K) NonClass: 7454K(7552K)->7454K(7552K) Class: 1151K(1280K)->1151K(1280K)
[46.756s][info][gc             ] GC(456) Pause Young (Allocation Failure) 166M->30M(494M) 15.219ms
[46.756s][info][gc,cpu         ] GC(456) User=0.02s Sys=0.00s Real=0.01s
[46.828s][info][gc,start       ] GC(457) Pause Young (Allocation Failure)
[46.844s][info][gc,heap        ] GC(457) DefNew: 145903K(157248K)->6511K(157248K) Eden: 139776K(139776K)->0K(139776K) From: 6127K(17472K)->6511K(17472K)
[46.844s][info][gc,heap        ] GC(457) Tenured: 25347K(349568K)->25347K(349568K)
[46.844s][info][gc,metaspace   ] GC(457) Metaspace: 8605K(8832K)->8605K(8832K) NonClass: 7454K(7552K)->7454K(7552K) Class: 1151K(1280K)->1151K(1280K)
[46.845s][info][gc             ] GC(457) Pause Young (Allocation Failure) 167M->31M(494M) 16.565ms
[46.845s][info][gc,cpu         ] GC(457) User=0.02s Sys=0.00s Real=0.02s
[46.915s][info][gc,start       ] GC(458) Pause Young (Allocation Failure)
[46.930s][info][gc,heap        ] GC(458) DefNew: 146287K(157248K)->6947K(157248K) Eden: 139776K(139776K)->0K(139776K) From: 6511K(17472K)->6947K(17472K)
[46.930s][info][gc,heap        ] GC(458) Tenured: 25347K(349568K)->25347K(349568K)
[46.930s][info][gc,metaspace   ] GC(458) Metaspace: 8605K(8832K)->8605K(8832K) NonClass: 7454K(7552K)->7454K(7552K) Class: 1151K(1280K)->1151K(1280K)
[46.930s][info][gc             ] GC(458) Pause Young (Allocation Failure) 167M->31M(494M) 15.474ms
[46.930s][info][gc,cpu         ] GC(458) User=0.02s Sys=0.00s Real=0.02s
[47.000s][info][gc,start       ] GC(459) Pause Young (Allocation Failure)
[47.018s][info][gc,heap        ] GC(459) DefNew: 146723K(157248K)->7410K(157248K) Eden: 139776K(139776K)->0K(139776K) From: 6947K(17472K)->7410K(17472K)
[47.018s][info][gc,heap        ] GC(459) Tenured: 25347K(349568K)->25347K(349568K)
[47.018s][info][gc,metaspace   ] GC(459) Metaspace: 8605K(8832K)->8605K(8832K) NonClass: 7454K(7552K)->7454K(7552K) Class: 1151K(1280K)->1151K(1280K)
[47.018s][info][gc             ] GC(459) Pause Young (Allocation Failure) 168M->31M(494M) 17.376ms
[47.018s][info][gc,cpu         ] GC(459) User=0.02s Sys=0.00s Real=0.02s
[47.100s][info][gc,start       ] GC(460) Pause Young (Allocation Failure)
[47.130s][info][gc,heap        ] GC(460) DefNew: 147186K(157248K)->12166K(157248K) Eden: 139776K(139776K)->0K(139776K) From: 7410K(17472K)->12166K(17472K)
[47.130s][info][gc,heap        ] GC(460) Tenured: 25347K(349568K)->25347K(349568K)
[47.130s][info][gc,metaspace   ] GC(460) Metaspace: 8605K(8832K)->8605K(8832K) NonClass: 7454K(7552K)->7454K(7552K) Class: 1151K(1280K)->1151K(1280K)
[47.130s][info][gc             ] GC(460) Pause Young (Allocation Failure) 168M->36M(494M) 29.747ms
[47.130s][info][gc,cpu         ] GC(460) User=0.03s Sys=0.00s Real=0.03s
[47.208s][info][gc,start       ] GC(461) Pause Young (Allocation Failure)
[47.232s][info][gc,heap        ] GC(461) DefNew: 151942K(157248K)->7728K(157248K) Eden: 139776K(139776K)->0K(139776K) From: 12166K(17472K)->7728K(17472K)
[47.232s][info][gc,heap        ] GC(461) Tenured: 25347K(349568K)->30245K(349568K)
[47.232s][info][gc,metaspace   ] GC(461) Metaspace: 8605K(8832K)->8605K(8832K) NonClass: 7454K(7552K)->7454K(7552K) Class: 1151K(1280K)->1151K(1280K)
[47.232s][info][gc             ] GC(461) Pause Young (Allocation Failure) 173M->37M(494M) 24.728ms
[47.232s][info][gc,cpu         ] GC(461) User=0.02s Sys=0.00s Real=0.02s
[47.308s][info][gc,start       ] GC(462) Pause Young (Allocation Failure)
[47.325s][info][gc,heap        ] GC(462) DefNew: 147504K(157248K)->8177K(157248K) Eden: 139776K(139776K)->0K(139776K) From: 7728K(17472K)->8177K(17472K)
[47.325s][info][gc,heap        ] GC(462) Tenured: 30245K(349568K)->30245K(349568K)
[47.325s][info][gc,metaspace   ] GC(462) Metaspace: 8605K(8832K)->8605K(8832K) NonClass: 7454K(7552K)->7454K(7552K) Class: 1151K(1280K)->1151K(1280K)
[47.325s][info][gc             ] GC(462) Pause Young (Allocation Failure) 173M->37M(494M) 17.240ms
[47.325s][info][gc,cpu         ] GC(462) User=0.02s Sys=0.00s Real=0.01s
[47.403s][info][gc,start       ] GC(463) Pause Young (Allocation Failure)
[47.423s][info][gc,heap        ] GC(463) DefNew: 147953K(157248K)->8709K(157248K) Eden: 139776K(139776K)->0K(139776K) From: 8177K(17472K)->8709K(17472K)
[47.423s][info][gc,heap        ] GC(463) Tenured: 30245K(349568K)->30245K(349568K)
[47.423s][info][gc,metaspace   ] GC(463) Metaspace: 8605K(8832K)->8605K(8832K) NonClass: 7454K(7552K)->7454K(7552K) Class: 1151K(1280K)->1151K(1280K)
[47.424s][info][gc             ] GC(463) Pause Young (Allocation Failure) 174M->38M(494M) 20.577ms
[47.424s][info][gc,cpu         ] GC(463) User=0.03s Sys=0.00s Real=0.03s
[47.497s][info][gc,start       ] GC(464) Pause Young (Allocation Failure)
[47.519s][info][gc,heap        ] GC(464) DefNew: 148485K(157248K)->9132K(157248K) Eden: 139776K(139776K)->0K(139776K) From: 8709K(17472K)->9132K(17472K)
[47.519s][info][gc,heap        ] GC(464) Tenured: 30245K(349568K)->30245K(349568K)
[47.519s][info][gc,metaspace   ] GC(464) Metaspace: 8605K(8832K)->8605K(8832K) NonClass: 7454K(7552K)->7454K(7552K) Class: 1151K(1280K)->1151K(1280K)
[47.519s][info][gc             ] GC(464) Pause Young (Allocation Failure) 174M->38M(494M) 21.598ms
[47.519s][info][gc,cpu         ] GC(464) User=0.03s Sys=0.00s Real=0.03s
[47.589s][info][gc,start       ] GC(465) Pause Young (Allocation Failure)
[47.609s][info][gc,heap        ] GC(465) DefNew: 148908K(157248K)->8403K(157248K) Eden: 139776K(139776K)->0K(139776K) From: 9132K(17472K)->8403K(17472K)
[47.609s][info][gc,heap        ] GC(465) Tenured: 30245K(349568K)->31449K(349568K)
[47.609s][info][gc,metaspace   ] GC(465) Metaspace: 8605K(8832K)->8605K(8832K) NonClass: 7454K(7552K)->7454K(7552K) Class: 1151K(1280K)->1151K(1280K)
[47.609s][info][gc             ] GC(465) Pause Young (Allocation Failure) 174M->38M(494M) 19.945ms
[47.609s][info][gc,cpu         ] GC(465) User=0.02s Sys=0.00s Real=0.02s
[47.684s][info][gc,start       ] GC(466) Pause Young (Allocation Failure)
[47.705s][info][gc,heap        ] GC(466) DefNew: 148179K(157248K)->8810K(157248K) Eden: 139776K(139776K)->0K(139776K) From: 8403K(17472K)->8810K(17472K)
[47.705s][info][gc,heap        ] GC(466) Tenured: 31449K(349568K)->31449K(349568K)
[47.705s][info][gc,metaspace   ] GC(466) Metaspace: 8605K(8832K)->8605K(8832K) NonClass: 7454K(7552K)->7454K(7552K) Class: 1151K(1280K)->1151K(1280K)
[47.705s][info][gc             ] GC(466) Pause Young (Allocation Failure) 175M->39M(494M) 21.584ms
[47.705s][info][gc,cpu         ] GC(466) User=0.02s Sys=0.00s Real=0.01s
[47.781s][info][gc,start       ] GC(467) Pause Young (Allocation Failure)
[47.802s][info][gc,heap        ] GC(467) DefNew: 148586K(157248K)->3491K(157248K) Eden: 139776K(139776K)->0K(139776K) From: 8810K(17472K)->3491K(17472K)
[47.802s][info][gc,heap        ] GC(467) Tenured: 31449K(349568K)->37179K(349568K)
[47.802s][info][gc,metaspace   ] GC(467) Metaspace: 8605K(8832K)->8605K(8832K) NonClass: 7454K(7552K)->7454K(7552K) Class: 1151K(1280K)->1151K(1280K)
[47.802s][info][gc             ] GC(467) Pause Young (Allocation Failure) 175M->39M(494M) 21.318ms
[47.802s][info][gc,cpu         ] GC(467) User=0.02s Sys=0.00s Real=0.02s
[47.875s][info][gc,start       ] GC(468) Pause Young (Allocation Failure)
[47.900s][info][gc,heap        ] GC(468) DefNew: 143267K(157248K)->3981K(157248K) Eden: 139776K(139776K)->0K(139776K) From: 3491K(17472K)->3981K(17472K)
[47.900s][info][gc,heap        ] GC(468) Tenured: 37179K(349568K)->37179K(349568K)
[47.900s][info][gc,metaspace   ] GC(468) Metaspace: 8605K(8832K)->8605K(8832K) NonClass: 7454K(7552K)->7454K(7552K) Class: 1151K(1280K)->1151K(1280K)
[47.900s][info][gc             ] GC(468) Pause Young (Allocation Failure) 176M->40M(494M) 25.505ms
[47.900s][info][gc,cpu         ] GC(468) User=0.02s Sys=0.00s Real=0.03s
[48.310s][info][gc,start       ] GC(469) Pause Young (Allocation Failure)
[48.454s][info][gc,heap        ] GC(469) DefNew: 143757K(157248K)->17472K(157248K) Eden: 139776K(139776K)->0K(139776K) From: 3981K(17472K)->17472K(17472K)
[48.454s][info][gc,heap        ] GC(469) Tenured: 37179K(349568K)->73386K(349568K)
[48.454s][info][gc,metaspace   ] GC(469) Metaspace: 8605K(8832K)->8605K(8832K) NonClass: 7454K(7552K)->7454K(7552K) Class: 1151K(1280K)->1151K(1280K)
[48.454s][info][gc             ] GC(469) Pause Young (Allocation Failure) 176M->88M(494M) 144.180ms
[48.454s][info][gc,cpu         ] GC(469) User=0.16s Sys=0.00s Real=0.16s
[48.503s][info][gc,start       ] GC(470) Pause Full (System.gc())
[48.503s][info][gc,phases,start] GC(470) Phase 1: Mark live objects
[48.515s][info][gc,phases      ] GC(470) Phase 1: Mark live objects 11.115ms
[48.515s][info][gc,phases,start] GC(470) Phase 2: Compute new object addresses
[48.545s][info][gc,phases      ] GC(470) Phase 2: Compute new object addresses 30.323ms
[48.545s][info][gc,phases,start] GC(470) Phase 3: Adjust pointers
[48.548s][info][gc,phases      ] GC(470) Phase 3: Adjust pointers 2.747ms
[48.548s][info][gc,phases,start] GC(470) Phase 4: Move objects
[48.548s][info][gc,phases      ] GC(470) Phase 4: Move objects 0.011ms
[48.548s][info][gc,heap        ] GC(470) DefNew: 42625K(157248K)->0K(157248K) Eden: 25153K(139776K)->0K(139776K) From: 17472K(17472K)->0K(17472K)
[48.548s][info][gc,heap        ] GC(470) Tenured: 73386K(349568K)->3528K(349568K)
[48.548s][info][gc,metaspace   ] GC(470) Metaspace: 8605K(8832K)->8605K(8832K) NonClass: 7454K(7552K)->7454K(7552K) Class: 1151K(1280K)->1151K(1280K)
[48.548s][info][gc             ] GC(470) Pause Full (System.gc()) 113M->3M(494M) 44.541ms
[48.548s][info][gc,cpu         ] GC(470) User=0.05s Sys=0.00s Real=0.05s
[48.643s][info][gc,start       ] GC(471) Pause Young (Allocation Failure)
[48.645s][info][gc,heap        ] GC(471) DefNew: 139776K(157248K)->518K(157248K) Eden: 139776K(139776K)->0K(139776K) From: 0K(17472K)->518K(17472K)
[48.645s][info][gc,heap        ] GC(471) Tenured: 3528K(349568K)->3528K(349568K)
[48.645s][info][gc,metaspace   ] GC(471) Metaspace: 8607K(8832K)->8607K(8832K) NonClass: 7456K(7552K)->7456K(7552K) Class: 1151K(1280K)->1151K(1280K)
[48.645s][info][gc             ] GC(471) Pause Young (Allocation Failure) 139M->3M(494M) 2.311ms
[48.645s][info][gc,cpu         ] GC(471) User=0.00s Sys=0.00s Real=0.00s
[48.721s][info][gc,start       ] GC(472) Pause Young (Allocation Failure)
[48.725s][info][gc,heap        ] GC(472) DefNew: 140294K(157248K)->962K(157248K) Eden: 139776K(139776K)->0K(139776K) From: 518K(17472K)->962K(17472K)
[48.725s][info][gc,heap        ] GC(472) Tenured: 3528K(349568K)->3528K(349568K)
[48.725s][info][gc,metaspace   ] GC(472) Metaspace: 8607K(8832K)->8607K(8832K) NonClass: 7456K(7552K)->7456K(7552K) Class: 1151K(1280K)->1151K(1280K)
[48.725s][info][gc             ] GC(472) Pause Young (Allocation Failure) 140M->4M(494M) 3.420ms
[48.725s][info][gc,cpu         ] GC(472) User=0.00s Sys=0.00s Real=0.00s
[48.789s][info][gc,start       ] GC(473) Pause Young (Allocation Failure)
[48.793s][info][gc,heap        ] GC(473) DefNew: 140738K(157248K)->1442K(157248K) Eden: 139776K(139776K)->0K(139776K) From: 962K(17472K)->1442K(17472K)
[48.793s][info][gc,heap        ] GC(473) Tenured: 3528K(349568K)->3528K(349568K)
[48.794s][info][gc,metaspace   ] GC(473) Metaspace: 8607K(8832K)->8607K(8832K) NonClass: 7456K(7552K)->7456K(7552K) Class: 1151K(1280K)->1151K(1280K)
[48.794s][info][gc             ] GC(473) Pause Young (Allocation Failure) 140M->4M(494M) 4.865ms
[48.794s][info][gc,cpu         ] GC(473) User=0.00s Sys=0.00s Real=0.00s
[48.864s][info][gc,start       ] GC(474) Pause Young (Allocation Failure)
[48.870s][info][gc,heap        ] GC(474) DefNew: 141218K(157248K)->1942K(157248K) Eden: 139776K(139776K)->0K(139776K) From: 1442K(17472K)->1942K(17472K)
[48.870s][info][gc,heap        ] GC(474) Tenured: 3528K(349568K)->3528K(349568K)
[48.870s][info][gc,metaspace   ] GC(474) Metaspace: 8607K(8832K)->8607K(8832K) NonClass: 7456K(7552K)->7456K(7552K) Class: 1151K(1280K)->1151K(1280K)
[48.870s][info][gc             ] GC(474) Pause Young (Allocation Failure) 141M->5M(494M) 6.707ms
[48.870s][info][gc,cpu         ] GC(474) User=0.02s Sys=0.00s Real=0.02s
[48.935s][info][gc,start       ] GC(475) Pause Young (Allocation Failure)
[48.942s][info][gc,heap        ] GC(475) DefNew: 141718K(157248K)->2391K(157248K) Eden: 139776K(139776K)->0K(139776K) From: 1942K(17472K)->2391K(17472K)
[48.942s][info][gc,heap        ] GC(475) Tenured: 3528K(349568K)->3528K(349568K)
[48.942s][info][gc,metaspace   ] GC(475) Metaspace: 8607K(8832K)->8607K(8832K) NonClass: 7456K(7552K)->7456K(7552K) Class: 1151K(1280K)->1151K(1280K)
[48.942s][info][gc             ] GC(475) Pause Young (Allocation Failure) 141M->5M(494M) 6.808ms
[48.942s][info][gc,cpu         ] GC(475) User=0.00s Sys=0.00s Real=0.00s
[49.008s][info][gc,start       ] GC(476) Pause Young (Allocation Failure)
[49.015s][info][gc,heap        ] GC(476) DefNew: 142167K(157248K)->2848K(157248K) Eden: 139776K(139776K)->0K(139776K) From: 2391K(17472K)->2848K(17472K)
[49.016s][info][gc,heap        ] GC(476) Tenured: 3528K(349568K)->3528K(349568K)
[49.016s][info][gc,metaspace   ] GC(476) Metaspace: 8607K(8832K)->8607K(8832K) NonClass: 7456K(7552K)->7456K(7552K) Class: 1151K(1280K)->1151K(1280K)
[49.016s][info][gc             ] GC(476) Pause Young (Allocation Failure) 142M->6M(494M) 7.684ms
[49.016s][info][gc,cpu         ] GC(476) User=0.00s Sys=0.00s Real=0.00s
[49.087s][info][gc,start       ] GC(477) Pause Young (Allocation Failure)
[49.096s][info][gc,heap        ] GC(477) DefNew: 142624K(157248K)->3238K(157248K) Eden: 139776K(139776K)->0K(139776K) From: 2848K(17472K)->3238K(17472K)
[49.096s][info][gc,heap        ] GC(477) Tenured: 3528K(349568K)->3528K(349568K)
[49.096s][info][gc,metaspace   ] GC(477) Metaspace: 8607K(8832K)->8607K(8832K) NonClass: 7456K(7552K)->7456K(7552K) Class: 1151K(1280K)->1151K(1280K)
[49.097s][info][gc             ] GC(477) Pause Young (Allocation Failure) 142M->6M(494M) 9.976ms
[49.097s][info][gc,cpu         ] GC(477) User=0.00s Sys=0.00s Real=0.00s
[49.162s][info][gc,start       ] GC(478) Pause Young (Allocation Failure)
[49.172s][info][gc,heap        ] GC(478) DefNew: 143014K(157248K)->3676K(157248K) Eden: 139776K(139776K)->0K(139776K) From: 3238K(17472K)->3676K(17472K)
[49.172s][info][gc,heap        ] GC(478) Tenured: 3528K(349568K)->3528K(349568K)
[49.172s][info][gc,metaspace   ] GC(478) Metaspace: 8607K(8832K)->8607K(8832K) NonClass: 7456K(7552K)->7456K(7552K) Class: 1151K(1280K)->1151K(1280K)
[49.172s][info][gc             ] GC(478) Pause Young (Allocation Failure) 143M->7M(494M) 9.575ms
[49.172s][info][gc,cpu         ] GC(478) User=0.00s Sys=0.00s Real=0.00s
[49.241s][info][gc,start       ] GC(479) Pause Young (Allocation Failure)
[49.253s][info][gc,heap        ] GC(479) DefNew: 143452K(157248K)->4276K(157248K) Eden: 139776K(139776K)->0K(139776K) From: 3676K(17472K)->4276K(17472K)
[49.253s][info][gc,heap        ] GC(479) Tenured: 3528K(349568K)->3528K(349568K)
[49.253s][info][gc,metaspace   ] GC(479) Metaspace: 8607K(8832K)->8607K(8832K) NonClass: 7456K(7552K)->7456K(7552K) Class: 1151K(1280K)->1151K(1280K)
[49.253s][info][gc             ] GC(479) Pause Young (Allocation Failure) 143M->7M(494M) 11.490ms
[49.253s][info][gc,cpu         ] GC(479) User=0.00s Sys=0.00s Real=0.00s
[49.334s][info][gc,start       ] GC(480) Pause Young (Allocation Failure)
[49.350s][info][gc,heap        ] GC(480) DefNew: 144052K(157248K)->4837K(157248K) Eden: 139776K(139776K)->0K(139776K) From: 4276K(17472K)->4837K(17472K)
[49.350s][info][gc,heap        ] GC(480) Tenured: 3528K(349568K)->3528K(349568K)
[49.350s][info][gc,metaspace   ] GC(480) Metaspace: 8607K(8832K)->8607K(8832K) NonClass: 7456K(7552K)->7456K(7552K) Class: 1151K(1280K)->1151K(1280K)
[49.350s][info][gc             ] GC(480) Pause Young (Allocation Failure) 144M->8M(494M) 16.322ms
[49.350s][info][gc,cpu         ] GC(480) User=0.02s Sys=0.00s Real=0.01s
[49.418s][info][gc,start       ] GC(481) Pause Young (Allocation Failure)
[49.430s][info][gc,heap        ] GC(481) DefNew: 144613K(157248K)->5259K(157248K) Eden: 139776K(139776K)->0K(139776K) From: 4837K(17472K)->5259K(17472K)
[49.430s][info][gc,heap        ] GC(481) Tenured: 3528K(349568K)->3528K(349568K)
[49.430s][info][gc,metaspace   ] GC(481) Metaspace: 8607K(8832K)->8607K(8832K) NonClass: 7456K(7552K)->7456K(7552K) Class: 1151K(1280K)->1151K(1280K)
[49.430s][info][gc             ] GC(481) Pause Young (Allocation Failure) 144M->8M(494M) 12.495ms
[49.430s][info][gc,cpu         ] GC(481) User=0.02s Sys=0.00s Real=0.01s
[49.498s][info][gc,start       ] GC(482) Pause Young (Allocation Failure)
[49.511s][info][gc,heap        ] GC(482) DefNew: 145035K(157248K)->5708K(157248K) Eden: 139776K(139776K)->0K(139776K) From: 5259K(17472K)->5708K(17472K)
[49.511s][info][gc,heap        ] GC(482) Tenured: 3528K(349568K)->3528K(349568K)
[49.511s][info][gc,metaspace   ] GC(482) Metaspace: 8607K(8832K)->8607K(8832K) NonClass: 7456K(7552K)->7456K(7552K) Class: 1151K(1280K)->1151K(1280K)
[49.511s][info][gc             ] GC(482) Pause Young (Allocation Failure) 145M->9M(494M) 13.322ms
[49.511s][info][gc,cpu         ] GC(482) User=0.00s Sys=0.00s Real=0.00s
[49.599s][info][gc,start       ] GC(483) Pause Young (Allocation Failure)
[49.613s][info][gc,heap        ] GC(483) DefNew: 145484K(157248K)->6237K(157248K) Eden: 139776K(139776K)->0K(139776K) From: 5708K(17472K)->6237K(17472K)
[49.613s][info][gc,heap        ] GC(483) Tenured: 3528K(349568K)->3528K(349568K)
[49.613s][info][gc,metaspace   ] GC(483) Metaspace: 8607K(8832K)->8607K(8832K) NonClass: 7456K(7552K)->7456K(7552K) Class: 1151K(1280K)->1151K(1280K)
[49.613s][info][gc             ] GC(483) Pause Young (Allocation Failure) 145M->9M(494M) 14.160ms
[49.613s][info][gc,cpu         ] GC(483) User=0.02s Sys=0.00s Real=0.02s
[49.694s][info][gc,start       ] GC(484) Pause Young (Allocation Failure)
[49.710s][info][gc,heap        ] GC(484) DefNew: 146013K(157248K)->6694K(157248K) Eden: 139776K(139776K)->0K(139776K) From: 6237K(17472K)->6694K(17472K)
[49.710s][info][gc,heap        ] GC(484) Tenured: 3528K(349568K)->3528K(349568K)
[49.710s][info][gc,metaspace   ] GC(484) Metaspace: 8607K(8832K)->8607K(8832K) NonClass: 7456K(7552K)->7456K(7552K) Class: 1151K(1280K)->1151K(1280K)
[49.710s][info][gc             ] GC(484) Pause Young (Allocation Failure) 146M->9M(494M) 15.965ms
[49.710s][info][gc,cpu         ] GC(484) User=0.02s Sys=0.00s Real=0.02s
[49.779s][info][gc,start       ] GC(485) Pause Young (Allocation Failure)
[49.794s][info][gc,heap        ] GC(485) DefNew: 146470K(157248K)->7114K(157248K) Eden: 139776K(139776K)->0K(139776K) From: 6694K(17472K)->7114K(17472K)
[49.794s][info][gc,heap        ] GC(485) Tenured: 3528K(349568K)->3528K(349568K)
[49.794s][info][gc,metaspace   ] GC(485) Metaspace: 8607K(8832K)->8607K(8832K) NonClass: 7456K(7552K)->7456K(7552K) Class: 1151K(1280K)->1151K(1280K)
[49.794s][info][gc             ] GC(485) Pause Young (Allocation Failure) 146M->10M(494M) 14.755ms
[49.794s][info][gc,cpu         ] GC(485) User=0.02s Sys=0.00s Real=0.02s
[49.869s][info][gc,start       ] GC(486) Pause Young (Allocation Failure)
[49.903s][info][gc,heap        ] GC(486) DefNew: 146890K(157248K)->7528K(157248K) Eden: 139776K(139776K)->0K(139776K) From: 7114K(17472K)->7528K(17472K)
[49.904s][info][gc,heap        ] GC(486) Tenured: 3528K(349568K)->3533K(349568K)
[49.904s][info][gc,metaspace   ] GC(486) Metaspace: 8607K(8832K)->8607K(8832K) NonClass: 7456K(7552K)->7456K(7552K) Class: 1151K(1280K)->1151K(1280K)
[49.904s][info][gc             ] GC(486) Pause Young (Allocation Failure) 146M->10M(494M) 34.686ms
[49.904s][info][gc,cpu         ] GC(486) User=0.03s Sys=0.00s Real=0.05s
[49.981s][info][gc,start       ] GC(487) Pause Young (Allocation Failure)
[49.997s][info][gc,heap        ] GC(487) DefNew: 147304K(157248K)->7983K(157248K) Eden: 139776K(139776K)->0K(139776K) From: 7528K(17472K)->7983K(17472K)
[49.997s][info][gc,heap        ] GC(487) Tenured: 3533K(349568K)->3533K(349568K)
[49.997s][info][gc,metaspace   ] GC(487) Metaspace: 8607K(8832K)->8607K(8832K) NonClass: 7456K(7552K)->7456K(7552K) Class: 1151K(1280K)->1151K(1280K)
[49.997s][info][gc             ] GC(487) Pause Young (Allocation Failure) 147M->11M(494M) 16.164ms
[49.997s][info][gc,cpu         ] GC(487) User=0.03s Sys=0.00s Real=0.03s
[50.067s][info][gc,start       ] GC(488) Pause Young (Allocation Failure)
[50.085s][info][gc,heap        ] GC(488) DefNew: 147759K(157248K)->8438K(157248K) Eden: 139776K(139776K)->0K(139776K) From: 7983K(17472K)->8438K(17472K)
[50.085s][info][gc,heap        ] GC(488) Tenured: 3533K(349568K)->3533K(349568K)
[50.085s][info][gc,metaspace   ] GC(488) Metaspace: 8607K(8832K)->8607K(8832K) NonClass: 7456K(7552K)->7456K(7552K) Class: 1151K(1280K)->1151K(1280K)
[50.085s][info][gc             ] GC(488) Pause Young (Allocation Failure) 147M->11M(494M) 18.017ms
[50.085s][info][gc,cpu         ] GC(488) User=0.02s Sys=0.00s Real=0.02s
[50.169s][info][gc,start       ] GC(489) Pause Young (Allocation Failure)
[50.192s][info][gc,heap        ] GC(489) DefNew: 148214K(157248K)->9049K(157248K) Eden: 139776K(139776K)->0K(139776K) From: 8438K(17472K)->9049K(17472K)
[50.192s][info][gc,heap        ] GC(489) Tenured: 3533K(349568K)->3533K(349568K)
[50.192s][info][gc,metaspace   ] GC(489) Metaspace: 8607K(8832K)->8607K(8832K) NonClass: 7456K(7552K)->7456K(7552K) Class: 1151K(1280K)->1151K(1280K)
[50.192s][info][gc             ] GC(489) Pause Young (Allocation Failure) 148M->12M(494M) 23.631ms
[50.192s][info][gc,cpu         ] GC(489) User=0.03s Sys=0.00s Real=0.03s
[50.263s][info][gc,start       ] GC(490) Pause Young (Allocation Failure)
[50.283s][info][gc,heap        ] GC(490) DefNew: 148825K(157248K)->5167K(157248K) Eden: 139776K(139776K)->0K(139776K) From: 9049K(17472K)->5167K(17472K)
[50.283s][info][gc,heap        ] GC(490) Tenured: 3533K(349568K)->7864K(349568K)
[50.283s][info][gc,metaspace   ] GC(490) Metaspace: 8607K(8832K)->8607K(8832K) NonClass: 7456K(7552K)->7456K(7552K) Class: 1151K(1280K)->1151K(1280K)
[50.283s][info][gc             ] GC(490) Pause Young (Allocation Failure) 148M->12M(494M) 20.347ms
[50.283s][info][gc,cpu         ] GC(490) User=0.02s Sys=0.00s Real=0.02s
[50.354s][info][gc,start       ] GC(491) Pause Young (Allocation Failure)
[50.368s][info][gc,heap        ] GC(491) DefNew: 144943K(157248K)->5640K(157248K) Eden: 139776K(139776K)->0K(139776K) From: 5167K(17472K)->5640K(17472K)
[50.368s][info][gc,heap        ] GC(491) Tenured: 7864K(349568K)->7864K(349568K)
[50.368s][info][gc,metaspace   ] GC(491) Metaspace: 8607K(8832K)->8607K(8832K) NonClass: 7456K(7552K)->7456K(7552K) Class: 1151K(1280K)->1151K(1280K)
[50.368s][info][gc             ] GC(491) Pause Young (Allocation Failure) 149M->13M(494M) 13.330ms
[50.368s][info][gc,cpu         ] GC(491) User=0.02s Sys=0.00s Real=0.02s
[50.444s][info][gc,start       ] GC(492) Pause Young (Allocation Failure)
[50.458s][info][gc,heap        ] GC(492) DefNew: 145416K(157248K)->6141K(157248K) Eden: 139776K(139776K)->0K(139776K) From: 5640K(17472K)->6141K(17472K)
[50.458s][info][gc,heap        ] GC(492) Tenured: 7864K(349568K)->7864K(349568K)
[50.458s][info][gc,metaspace   ] GC(492) Metaspace: 8607K(8832K)->8607K(8832K) NonClass: 7456K(7552K)->7456K(7552K) Class: 1151K(1280K)->1151K(1280K)
[50.458s][info][gc             ] GC(492) Pause Young (Allocation Failure) 149M->13M(494M) 14.438ms
[50.458s][info][gc,cpu         ] GC(492) User=0.02s Sys=0.00s Real=0.02s
[50.529s][info][gc,start       ] GC(493) Pause Young (Allocation Failure)
[50.545s][info][gc,heap        ] GC(493) DefNew: 145917K(157248K)->6558K(157248K) Eden: 139776K(139776K)->0K(139776K) From: 6141K(17472K)->6558K(17472K)
[50.545s][info][gc,heap        ] GC(493) Tenured: 7864K(349568K)->7864K(349568K)
[50.545s][info][gc,metaspace   ] GC(493) Metaspace: 8607K(8832K)->8607K(8832K) NonClass: 7456K(7552K)->7456K(7552K) Class: 1151K(1280K)->1151K(1280K)
[50.545s][info][gc             ] GC(493) Pause Young (Allocation Failure) 150M->14M(494M) 15.661ms
[50.545s][info][gc,cpu         ] GC(493) User=0.02s Sys=0.00s Real=0.02s
[50.612s][info][gc,start       ] GC(494) Pause Young (Allocation Failure)
[50.627s][info][gc,heap        ] GC(494) DefNew: 146334K(157248K)->7050K(157248K) Eden: 139776K(139776K)->0K(139776K) From: 6558K(17472K)->7050K(17472K)
[50.627s][info][gc,heap        ] GC(494) Tenured: 7864K(349568K)->7864K(349568K)
[50.627s][info][gc,metaspace   ] GC(494) Metaspace: 8607K(8832K)->8607K(8832K) NonClass: 7456K(7552K)->7456K(7552K) Class: 1151K(1280K)->1151K(1280K)
[50.628s][info][gc             ] GC(494) Pause Young (Allocation Failure) 150M->14M(494M) 15.298ms
[50.628s][info][gc,cpu         ] GC(494) User=0.03s Sys=0.00s Real=0.03s
[50.703s][info][gc,start       ] GC(495) Pause Young (Allocation Failure)
[50.720s][info][gc,heap        ] GC(495) DefNew: 146826K(157248K)->7442K(157248K) Eden: 139776K(139776K)->0K(139776K) From: 7050K(17472K)->7442K(17472K)
[50.720s][info][gc,heap        ] GC(495) Tenured: 7864K(349568K)->7864K(349568K)
[50.720s][info][gc,metaspace   ] GC(495) Metaspace: 8607K(8832K)->8607K(8832K) NonClass: 7456K(7552K)->7456K(7552K) Class: 1151K(1280K)->1151K(1280K)
[50.720s][info][gc             ] GC(495) Pause Young (Allocation Failure) 151M->14M(494M) 17.039ms
[50.720s][info][gc,cpu         ] GC(495) User=0.02s Sys=0.00s Real=0.02s
[50.800s][info][gc,start       ] GC(496) Pause Young (Allocation Failure)
[50.818s][info][gc,heap        ] GC(496) DefNew: 147218K(157248K)->7876K(157248K) Eden: 139776K(139776K)->0K(139776K) From: 7442K(17472K)->7876K(17472K)
[50.818s][info][gc,heap        ] GC(496) Tenured: 7864K(349568K)->7864K(349568K)
[50.818s][info][gc,metaspace   ] GC(496) Metaspace: 8607K(8832K)->8607K(8832K) NonClass: 7456K(7552K)->7456K(7552K) Class: 1151K(1280K)->1151K(1280K)
[50.818s][info][gc             ] GC(496) Pause Young (Allocation Failure) 151M->15M(494M) 18.157ms
[50.818s][info][gc,cpu         ] GC(496) User=0.02s Sys=0.00s Real=0.02s
[50.890s][info][gc,start       ] GC(497) Pause Young (Allocation Failure)
[50.908s][info][gc,heap        ] GC(497) DefNew: 147652K(157248K)->8329K(157248K) Eden: 139776K(139776K)->0K(139776K) From: 7876K(17472K)->8329K(17472K)
[50.908s][info][gc,heap        ] GC(497) Tenured: 7864K(349568K)->7864K(349568K)
[50.908s][info][gc,metaspace   ] GC(497) Metaspace: 8607K(8832K)->8607K(8832K) NonClass: 7456K(7552K)->7456K(7552K) Class: 1151K(1280K)->1151K(1280K)
[50.908s][info][gc             ] GC(497) Pause Young (Allocation Failure) 151M->15M(494M) 18.669ms
[50.908s][info][gc,cpu         ] GC(497) User=0.02s Sys=0.00s Real=0.02s
[51.012s][info][gc,start       ] GC(498) Pause Young (Allocation Failure)
[51.057s][info][gc,heap        ] GC(498) DefNew: 148105K(157248K)->17471K(157248K) Eden: 139776K(139776K)->0K(139776K) From: 8329K(17472K)->17471K(17472K)
[51.057s][info][gc,heap        ] GC(498) Tenured: 7864K(349568K)->7921K(349568K)
[51.057s][info][gc,metaspace   ] GC(498) Metaspace: 8607K(8832K)->8607K(8832K) NonClass: 7456K(7552K)->7456K(7552K) Class: 1151K(1280K)->1151K(1280K)
[51.057s][info][gc             ] GC(498) Pause Young (Allocation Failure) 152M->24M(494M) 45.279ms
[51.057s][info][gc,cpu         ] GC(498) User=0.05s Sys=0.00s Real=0.05s
[51.137s][info][gc,start       ] GC(499) Pause Young (Allocation Failure)
[51.168s][info][gc,heap        ] GC(499) DefNew: 157247K(157248K)->518K(157248K) Eden: 139776K(139776K)->0K(139776K) From: 17471K(17472K)->518K(17472K)
[51.169s][info][gc,heap        ] GC(499) Tenured: 7921K(349568K)->25347K(349568K)
[51.169s][info][gc,metaspace   ] GC(499) Metaspace: 8607K(8832K)->8607K(8832K) NonClass: 7456K(7552K)->7456K(7552K) Class: 1151K(1280K)->1151K(1280K)
[51.169s][info][gc             ] GC(499) Pause Young (Allocation Failure) 161M->25M(494M) 31.498ms
[51.169s][info][gc,cpu         ] GC(499) User=0.03s Sys=0.00s Real=0.03s
[51.245s][info][gc,start       ] GC(500) Pause Young (Allocation Failure)
[51.249s][info][gc,heap        ] GC(500) DefNew: 140294K(157248K)->943K(157248K) Eden: 139776K(139776K)->0K(139776K) From: 518K(17472K)->943K(17472K)
[51.249s][info][gc,heap        ] GC(500) Tenured: 25347K(349568K)->25347K(349568K)
[51.249s][info][gc,metaspace   ] GC(500) Metaspace: 8607K(8832K)->8607K(8832K) NonClass: 7456K(7552K)->7456K(7552K) Class: 1151K(1280K)->1151K(1280K)
[51.249s][info][gc             ] GC(500) Pause Young (Allocation Failure) 161M->25M(494M) 3.530ms
[51.249s][info][gc,cpu         ] GC(500) User=0.00s Sys=0.00s Real=0.00s
[51.319s][info][gc,start       ] GC(501) Pause Young (Allocation Failure)
[51.334s][info][gc,heap        ] GC(501) DefNew: 140719K(157248K)->5189K(157248K) Eden: 139776K(139776K)->0K(139776K) From: 943K(17472K)->5189K(17472K)
[51.334s][info][gc,heap        ] GC(501) Tenured: 25347K(349568K)->25347K(349568K)
[51.334s][info][gc,metaspace   ] GC(501) Metaspace: 8607K(8832K)->8607K(8832K) NonClass: 7456K(7552K)->7456K(7552K) Class: 1151K(1280K)->1151K(1280K)
[51.334s][info][gc             ] GC(501) Pause Young (Allocation Failure) 162M->29M(494M) 15.584ms
[51.334s][info][gc,cpu         ] GC(501) User=0.02s Sys=0.00s Real=0.02s
[51.404s][info][gc,start       ] GC(502) Pause Young (Allocation Failure)
[51.418s][info][gc,heap        ] GC(502) DefNew: 144965K(157248K)->5633K(157248K) Eden: 139776K(139776K)->0K(139776K) From: 5189K(17472K)->5633K(17472K)
[51.418s][info][gc,heap        ] GC(502) Tenured: 25347K(349568K)->25347K(349568K)
[51.418s][info][gc,metaspace   ] GC(502) Metaspace: 8607K(8832K)->8607K(8832K) NonClass: 7456K(7552K)->7456K(7552K) Class: 1151K(1280K)->1151K(1280K)
[51.418s][info][gc             ] GC(502) Pause Young (Allocation Failure) 166M->30M(494M) 13.946ms
[51.418s][info][gc,cpu         ] GC(502) User=0.02s Sys=0.00s Real=0.02s
[51.485s][info][gc,start       ] GC(503) Pause Young (Allocation Failure)
[51.500s][info][gc,heap        ] GC(503) DefNew: 145409K(157248K)->6127K(157248K) Eden: 139776K(139776K)->0K(139776K) From: 5633K(17472K)->6127K(17472K)
[51.500s][info][gc,heap        ] GC(503) Tenured: 25347K(349568K)->25347K(349568K)
[51.500s][info][gc,metaspace   ] GC(503) Metaspace: 8607K(8832K)->8607K(8832K) NonClass: 7456K(7552K)->7456K(7552K) Class: 1151K(1280K)->1151K(1280K)
[51.500s][info][gc             ] GC(503) Pause Young (Allocation Failure) 166M->30M(494M) 14.933ms
[51.500s][info][gc,cpu         ] GC(503) User=0.02s Sys=0.00s Real=0.02s
[51.572s][info][gc,start       ] GC(504) Pause Young (Allocation Failure)
[51.589s][info][gc,heap        ] GC(504) DefNew: 145903K(157248K)->6511K(157248K) Eden: 139776K(139776K)->0K(139776K) From: 6127K(17472K)->6511K(17472K)
[51.589s][info][gc,heap        ] GC(504) Tenured: 25347K(349568K)->25347K(349568K)
[51.589s][info][gc,metaspace   ] GC(504) Metaspace: 8607K(8832K)->8607K(8832K) NonClass: 7456K(7552K)->7456K(7552K) Class: 1151K(1280K)->1151K(1280K)
[51.589s][info][gc             ] GC(504) Pause Young (Allocation Failure) 167M->31M(494M) 17.318ms
[51.589s][info][gc,cpu         ] GC(504) User=0.02s Sys=0.00s Real=0.02s
[51.660s][info][gc,start       ] GC(505) Pause Young (Allocation Failure)
[51.675s][info][gc,heap        ] GC(505) DefNew: 146287K(157248K)->6947K(157248K) Eden: 139776K(139776K)->0K(139776K) From: 6511K(17472K)->6947K(17472K)
[51.675s][info][gc,heap        ] GC(505) Tenured: 25347K(349568K)->25347K(349568K)
[51.675s][info][gc,metaspace   ] GC(505) Metaspace: 8607K(8832K)->8607K(8832K) NonClass: 7456K(7552K)->7456K(7552K) Class: 1151K(1280K)->1151K(1280K)
[51.676s][info][gc             ] GC(505) Pause Young (Allocation Failure) 167M->31M(494M) 15.646ms
[51.676s][info][gc,cpu         ] GC(505) User=0.02s Sys=0.00s Real=0.02s
[51.746s][info][gc,start       ] GC(506) Pause Young (Allocation Failure)
[51.763s][info][gc,heap        ] GC(506) DefNew: 146723K(157248K)->7410K(157248K) Eden: 139776K(139776K)->0K(139776K) From: 6947K(17472K)->7410K(17472K)
[51.763s][info][gc,heap        ] GC(506) Tenured: 25347K(349568K)->25347K(349568K)
[51.763s][info][gc,metaspace   ] GC(506) Metaspace: 8607K(8832K)->8607K(8832K) NonClass: 7456K(7552K)->7456K(7552K) Class: 1151K(1280K)->1151K(1280K)
[51.763s][info][gc             ] GC(506) Pause Young (Allocation Failure) 168M->31M(494M) 16.960ms
[51.763s][info][gc,cpu         ] GC(506) User=0.02s Sys=0.00s Real=0.01s
[51.844s][info][gc,start       ] GC(507) Pause Young (Allocation Failure)
[51.873s][info][gc,heap        ] GC(507) DefNew: 147186K(157248K)->12166K(157248K) Eden: 139776K(139776K)->0K(139776K) From: 7410K(17472K)->12166K(17472K)
[51.874s][info][gc,heap        ] GC(507) Tenured: 25347K(349568K)->25347K(349568K)
[51.874s][info][gc,metaspace   ] GC(507) Metaspace: 8607K(8832K)->8607K(8832K) NonClass: 7456K(7552K)->7456K(7552K) Class: 1151K(1280K)->1151K(1280K)
[51.874s][info][gc             ] GC(507) Pause Young (Allocation Failure) 168M->36M(494M) 29.664ms
[51.874s][info][gc,cpu         ] GC(507) User=0.03s Sys=0.00s Real=0.03s
[51.953s][info][gc,start       ] GC(508) Pause Young (Allocation Failure)
[51.980s][info][gc,heap        ] GC(508) DefNew: 151942K(157248K)->7728K(157248K) Eden: 139776K(139776K)->0K(139776K) From: 12166K(17472K)->7728K(17472K)
[51.980s][info][gc,heap        ] GC(508) Tenured: 25347K(349568K)->30245K(349568K)
[51.980s][info][gc,metaspace   ] GC(508) Metaspace: 8607K(8832K)->8607K(8832K) NonClass: 7456K(7552K)->7456K(7552K) Class: 1151K(1280K)->1151K(1280K)
[51.980s][info][gc             ] GC(508) Pause Young (Allocation Failure) 173M->37M(494M) 26.738ms
[51.980s][info][gc,cpu         ] GC(508) User=0.03s Sys=0.00s Real=0.03s
[52.054s][info][gc,start       ] GC(509) Pause Young (Allocation Failure)
[52.073s][info][gc,heap        ] GC(509) DefNew: 147504K(157248K)->8177K(157248K) Eden: 139776K(139776K)->0K(139776K) From: 7728K(17472K)->8177K(17472K)
[52.073s][info][gc,heap        ] GC(509) Tenured: 30245K(349568K)->30245K(349568K)
[52.073s][info][gc,metaspace   ] GC(509) Metaspace: 8607K(8832K)->8607K(8832K) NonClass: 7456K(7552K)->7456K(7552K) Class: 1151K(1280K)->1151K(1280K)
[52.073s][info][gc             ] GC(509) Pause Young (Allocation Failure) 173M->37M(494M) 19.764ms
[52.073s][info][gc,cpu         ] GC(509) User=0.03s Sys=0.00s Real=0.03s
[52.180s][info][gc,start       ] GC(510) Pause Young (Allocation Failure)
[52.199s][info][gc,heap        ] GC(510) DefNew: 147953K(157248K)->8709K(157248K) Eden: 139776K(139776K)->0K(139776K) From: 8177K(17472K)->8709K(17472K)
[52.199s][info][gc,heap        ] GC(510) Tenured: 30245K(349568K)->30245K(349568K)
[52.199s][info][gc,metaspace   ] GC(510) Metaspace: 8607K(8832K)->8607K(8832K) NonClass: 7456K(7552K)->7456K(7552K) Class: 1151K(1280K)->1151K(1280K)
[52.199s][info][gc             ] GC(510) Pause Young (Allocation Failure) 174M->38M(494M) 19.312ms
[52.199s][info][gc,cpu         ] GC(510) User=0.02s Sys=0.00s Real=0.01s
[52.269s][info][gc,start       ] GC(511) Pause Young (Allocation Failure)
[52.288s][info][gc,heap        ] GC(511) DefNew: 148485K(157248K)->9132K(157248K) Eden: 139776K(139776K)->0K(139776K) From: 8709K(17472K)->9132K(17472K)
[52.288s][info][gc,heap        ] GC(511) Tenured: 30245K(349568K)->30245K(349568K)
[52.288s][info][gc,metaspace   ] GC(511) Metaspace: 8607K(8832K)->8607K(8832K) NonClass: 7456K(7552K)->7456K(7552K) Class: 1151K(1280K)->1151K(1280K)
[52.288s][info][gc             ] GC(511) Pause Young (Allocation Failure) 174M->38M(494M) 19.273ms
[52.288s][info][gc,cpu         ] GC(511) User=0.02s Sys=0.00s Real=0.02s
[52.359s][info][gc,start       ] GC(512) Pause Young (Allocation Failure)
[52.380s][info][gc,heap        ] GC(512) DefNew: 148908K(157248K)->8403K(157248K) Eden: 139776K(139776K)->0K(139776K) From: 9132K(17472K)->8403K(17472K)
[52.380s][info][gc,heap        ] GC(512) Tenured: 30245K(349568K)->31449K(349568K)
[52.380s][info][gc,metaspace   ] GC(512) Metaspace: 8607K(8832K)->8607K(8832K) NonClass: 7456K(7552K)->7456K(7552K) Class: 1151K(1280K)->1151K(1280K)
[52.380s][info][gc             ] GC(512) Pause Young (Allocation Failure) 174M->38M(494M) 20.967ms
[52.380s][info][gc,cpu         ] GC(512) User=0.02s Sys=0.00s Real=0.02s
[52.455s][info][gc,start       ] GC(513) Pause Young (Allocation Failure)
[52.477s][info][gc,heap        ] GC(513) DefNew: 148179K(157248K)->8810K(157248K) Eden: 139776K(139776K)->0K(139776K) From: 8403K(17472K)->8810K(17472K)
[52.477s][info][gc,heap        ] GC(513) Tenured: 31449K(349568K)->31449K(349568K)
[52.477s][info][gc,metaspace   ] GC(513) Metaspace: 8607K(8832K)->8607K(8832K) NonClass: 7456K(7552K)->7456K(7552K) Class: 1151K(1280K)->1151K(1280K)
[52.477s][info][gc             ] GC(513) Pause Young (Allocation Failure) 175M->39M(494M) 21.855ms
[52.477s][info][gc,cpu         ] GC(513) User=0.02s Sys=0.00s Real=0.02s
[52.553s][info][gc,start       ] GC(514) Pause Young (Allocation Failure)
[52.575s][info][gc,heap        ] GC(514) DefNew: 148586K(157248K)->3491K(157248K) Eden: 139776K(139776K)->0K(139776K) From: 8810K(17472K)->3491K(17472K)
[52.575s][info][gc,heap        ] GC(514) Tenured: 31449K(349568K)->37179K(349568K)
[52.575s][info][gc,metaspace   ] GC(514) Metaspace: 8607K(8832K)->8607K(8832K) NonClass: 7456K(7552K)->7456K(7552K) Class: 1151K(1280K)->1151K(1280K)
[52.575s][info][gc             ] GC(514) Pause Young (Allocation Failure) 175M->39M(494M) 21.270ms
[52.575s][info][gc,cpu         ] GC(514) User=0.02s Sys=0.00s Real=0.02s
[52.646s][info][gc,start       ] GC(515) Pause Young (Allocation Failure)
[52.656s][info][gc,heap        ] GC(515) DefNew: 143267K(157248K)->3981K(157248K) Eden: 139776K(139776K)->0K(139776K) From: 3491K(17472K)->3981K(17472K)
[52.656s][info][gc,heap        ] GC(515) Tenured: 37179K(349568K)->37179K(349568K)
[52.656s][info][gc,metaspace   ] GC(515) Metaspace: 8607K(8832K)->8607K(8832K) NonClass: 7456K(7552K)->7456K(7552K) Class: 1151K(1280K)->1151K(1280K)
[52.656s][info][gc             ] GC(515) Pause Young (Allocation Failure) 176M->40M(494M) 10.302ms
[52.656s][info][gc,cpu         ] GC(515) User=0.02s Sys=0.00s Real=0.01s
[53.047s][info][gc,start       ] GC(516) Pause Young (Allocation Failure)
[53.198s][info][gc,heap        ] GC(516) DefNew: 143757K(157248K)->17472K(157248K) Eden: 139776K(139776K)->0K(139776K) From: 3981K(17472K)->17472K(17472K)
[53.198s][info][gc,heap        ] GC(516) Tenured: 37179K(349568K)->73386K(349568K)
[53.198s][info][gc,metaspace   ] GC(516) Metaspace: 8607K(8832K)->8607K(8832K) NonClass: 7456K(7552K)->7456K(7552K) Class: 1151K(1280K)->1151K(1280K)
[53.198s][info][gc             ] GC(516) Pause Young (Allocation Failure) 176M->88M(494M) 150.837ms
[53.198s][info][gc,cpu         ] GC(516) User=0.16s Sys=0.00s Real=0.16s
[53.250s][info][gc,start       ] GC(517) Pause Full (System.gc())
[53.250s][info][gc,phases,start] GC(517) Phase 1: Mark live objects
[53.262s][info][gc,phases      ] GC(517) Phase 1: Mark live objects 11.218ms
[53.262s][info][gc,phases,start] GC(517) Phase 2: Compute new object addresses
[53.295s][info][gc,phases      ] GC(517) Phase 2: Compute new object addresses 33.241ms
[53.295s][info][gc,phases,start] GC(517) Phase 3: Adjust pointers
[53.298s][info][gc,phases      ] GC(517) Phase 3: Adjust pointers 2.671ms
[53.298s][info][gc,phases,start] GC(517) Phase 4: Move objects
[53.298s][info][gc,phases      ] GC(517) Phase 4: Move objects 0.011ms
[53.298s][info][gc,heap        ] GC(517) DefNew: 42625K(157248K)->0K(157248K) Eden: 25153K(139776K)->0K(139776K) From: 17472K(17472K)->0K(17472K)
[53.298s][info][gc,heap        ] GC(517) Tenured: 73386K(349568K)->3528K(349568K)
[53.298s][info][gc,metaspace   ] GC(517) Metaspace: 8608K(8832K)->8608K(8832K) NonClass: 7456K(7552K)->7456K(7552K) Class: 1151K(1280K)->1151K(1280K)
[53.298s][info][gc             ] GC(517) Pause Full (System.gc()) 113M->3M(494M) 47.520ms
[53.298s][info][gc,cpu         ] GC(517) User=0.05s Sys=0.00s Real=0.05s
[53.389s][info][gc,start       ] GC(518) Pause Young (Allocation Failure)
[53.391s][info][gc,heap        ] GC(518) DefNew: 139776K(157248K)->518K(157248K) Eden: 139776K(139776K)->0K(139776K) From: 0K(17472K)->518K(17472K)
[53.391s][info][gc,heap        ] GC(518) Tenured: 3528K(349568K)->3528K(349568K)
[53.391s][info][gc,metaspace   ] GC(518) Metaspace: 8608K(8832K)->8608K(8832K) NonClass: 7457K(7552K)->7457K(7552K) Class: 1151K(1280K)->1151K(1280K)
[53.391s][info][gc             ] GC(518) Pause Young (Allocation Failure) 139M->3M(494M) 2.282ms
[53.391s][info][gc,cpu         ] GC(518) User=0.00s Sys=0.00s Real=0.00s
[53.471s][info][gc,start       ] GC(519) Pause Young (Allocation Failure)
[53.475s][info][gc,heap        ] GC(519) DefNew: 140294K(157248K)->962K(157248K) Eden: 139776K(139776K)->0K(139776K) From: 518K(17472K)->962K(17472K)
[53.475s][info][gc,heap        ] GC(519) Tenured: 3528K(349568K)->3528K(349568K)
[53.475s][info][gc,metaspace   ] GC(519) Metaspace: 8608K(8832K)->8608K(8832K) NonClass: 7457K(7552K)->7457K(7552K) Class: 1151K(1280K)->1151K(1280K)
[53.475s][info][gc             ] GC(519) Pause Young (Allocation Failure) 140M->4M(494M) 3.428ms
[53.475s][info][gc,cpu         ] GC(519) User=0.02s Sys=0.00s Real=0.01s
[53.539s][info][gc,start       ] GC(520) Pause Young (Allocation Failure)
[53.543s][info][gc,heap        ] GC(520) DefNew: 140738K(157248K)->1442K(157248K) Eden: 139776K(139776K)->0K(139776K) From: 962K(17472K)->1442K(17472K)
[53.543s][info][gc,heap        ] GC(520) Tenured: 3528K(349568K)->3528K(349568K)
[53.543s][info][gc,metaspace   ] GC(520) Metaspace: 8608K(8832K)->8608K(8832K) NonClass: 7457K(7552K)->7457K(7552K) Class: 1151K(1280K)->1151K(1280K)
[53.544s][info][gc             ] GC(520) Pause Young (Allocation Failure) 140M->4M(494M) 4.832ms
[53.544s][info][gc,cpu         ] GC(520) User=0.00s Sys=0.00s Real=0.00s
[53.613s][info][gc,start       ] GC(521) Pause Young (Allocation Failure)
[53.620s][info][gc,heap        ] GC(521) DefNew: 141218K(157248K)->1942K(157248K) Eden: 139776K(139776K)->0K(139776K) From: 1442K(17472K)->1942K(17472K)
[53.620s][info][gc,heap        ] GC(521) Tenured: 3528K(349568K)->3528K(349568K)
[53.620s][info][gc,metaspace   ] GC(521) Metaspace: 8608K(8832K)->8608K(8832K) NonClass: 7457K(7552K)->7457K(7552K) Class: 1151K(1280K)->1151K(1280K)
[53.620s][info][gc             ] GC(521) Pause Young (Allocation Failure) 141M->5M(494M) 6.758ms
[53.620s][info][gc,cpu         ] GC(521) User=0.02s Sys=0.00s Real=0.02s
[53.684s][info][gc,start       ] GC(522) Pause Young (Allocation Failure)
[53.691s][info][gc,heap        ] GC(522) DefNew: 141718K(157248K)->2391K(157248K) Eden: 139776K(139776K)->0K(139776K) From: 1942K(17472K)->2391K(17472K)
[53.691s][info][gc,heap        ] GC(522) Tenured: 3528K(349568K)->3528K(349568K)
[53.691s][info][gc,metaspace   ] GC(522) Metaspace: 8608K(8832K)->8608K(8832K) NonClass: 7457K(7552K)->7457K(7552K) Class: 1151K(1280K)->1151K(1280K)
[53.691s][info][gc             ] GC(522) Pause Young (Allocation Failure) 141M->5M(494M) 6.915ms
[53.691s][info][gc,cpu         ] GC(522) User=0.00s Sys=0.00s Real=0.00s
[53.755s][info][gc,start       ] GC(523) Pause Young (Allocation Failure)
[53.762s][info][gc,heap        ] GC(523) DefNew: 142167K(157248K)->2848K(157248K) Eden: 139776K(139776K)->0K(139776K) From: 2391K(17472K)->2848K(17472K)
[53.762s][info][gc,heap        ] GC(523) Tenured: 3528K(349568K)->3528K(349568K)
[53.762s][info][gc,metaspace   ] GC(523) Metaspace: 8608K(8832K)->8608K(8832K) NonClass: 7457K(7552K)->7457K(7552K) Class: 1151K(1280K)->1151K(1280K)
[53.762s][info][gc             ] GC(523) Pause Young (Allocation Failure) 142M->6M(494M) 7.745ms
[53.762s][info][gc,cpu         ] GC(523) User=0.02s Sys=0.00s Real=0.02s
[53.832s][info][gc,start       ] GC(524) Pause Young (Allocation Failure)
[53.841s][info][gc,heap        ] GC(524) DefNew: 142624K(157248K)->3238K(157248K) Eden: 139776K(139776K)->0K(139776K) From: 2848K(17472K)->3238K(17472K)
[53.859s][info][gc,heap        ] GC(524) Tenured: 3528K(349568K)->3528K(349568K)
[53.859s][info][gc,metaspace   ] GC(524) Metaspace: 8608K(8832K)->8608K(8832K) NonClass: 7457K(7552K)->7457K(7552K) Class: 1151K(1280K)->1151K(1280K)
[53.859s][info][gc             ] GC(524) Pause Young (Allocation Failure) 142M->6M(494M) 27.169ms
[53.859s][info][gc,cpu         ] GC(524) User=0.02s Sys=0.00s Real=0.03s
[53.932s][info][gc,start       ] GC(525) Pause Young (Allocation Failure)
[53.941s][info][gc,heap        ] GC(525) DefNew: 143014K(157248K)->3676K(157248K) Eden: 139776K(139776K)->0K(139776K) From: 3238K(17472K)->3676K(17472K)
[53.941s][info][gc,heap        ] GC(525) Tenured: 3528K(349568K)->3528K(349568K)
[53.941s][info][gc,metaspace   ] GC(525) Metaspace: 8608K(8832K)->8608K(8832K) NonClass: 7457K(7552K)->7457K(7552K) Class: 1151K(1280K)->1151K(1280K)
[53.941s][info][gc             ] GC(525) Pause Young (Allocation Failure) 143M->7M(494M) 9.543ms
[53.941s][info][gc,cpu         ] GC(525) User=0.02s Sys=0.00s Real=0.02s
[54.011s][info][gc,start       ] GC(526) Pause Young (Allocation Failure)
[54.022s][info][gc,heap        ] GC(526) DefNew: 143452K(157248K)->4276K(157248K) Eden: 139776K(139776K)->0K(139776K) From: 3676K(17472K)->4276K(17472K)
[54.022s][info][gc,heap        ] GC(526) Tenured: 3528K(349568K)->3528K(349568K)
[54.022s][info][gc,metaspace   ] GC(526) Metaspace: 8608K(8832K)->8608K(8832K) NonClass: 7457K(7552K)->7457K(7552K) Class: 1151K(1280K)->1151K(1280K)
[54.023s][info][gc             ] GC(526) Pause Young (Allocation Failure) 143M->7M(494M) 11.141ms
[54.023s][info][gc,cpu         ] GC(526) User=0.02s Sys=0.00s Real=0.02s
[54.101s][info][gc,start       ] GC(527) Pause Young (Allocation Failure)
[54.116s][info][gc,heap        ] GC(527) DefNew: 144052K(157248K)->4837K(157248K) Eden: 139776K(139776K)->0K(139776K) From: 4276K(17472K)->4837K(17472K)
[54.116s][info][gc,heap        ] GC(527) Tenured: 3528K(349568K)->3528K(349568K)
[54.116s][info][gc,metaspace   ] GC(527) Metaspace: 8608K(8832K)->8608K(8832K) NonClass: 7457K(7552K)->7457K(7552K) Class: 1151K(1280K)->1151K(1280K)
[54.116s][info][gc             ] GC(527) Pause Young (Allocation Failure) 144M->8M(494M) 15.769ms
[54.116s][info][gc,cpu         ] GC(527) User=0.02s Sys=0.00s Real=0.01s
[54.189s][info][gc,start       ] GC(528) Pause Young (Allocation Failure)
[54.201s][info][gc,heap        ] GC(528) DefNew: 144613K(157248K)->5259K(157248K) Eden: 139776K(139776K)->0K(139776K) From: 4837K(17472K)->5259K(17472K)
[54.201s][info][gc,heap        ] GC(528) Tenured: 3528K(349568K)->3528K(349568K)
[54.201s][info][gc,metaspace   ] GC(528) Metaspace: 8608K(8832K)->8608K(8832K) NonClass: 7457K(7552K)->7457K(7552K) Class: 1151K(1280K)->1151K(1280K)
[54.201s][info][gc             ] GC(528) Pause Young (Allocation Failure) 144M->8M(494M) 12.486ms
[54.201s][info][gc,cpu         ] GC(528) User=0.02s Sys=0.00s Real=0.02s
[54.280s][info][gc,start       ] GC(529) Pause Young (Allocation Failure)
[54.293s][info][gc,heap        ] GC(529) DefNew: 145035K(157248K)->5708K(157248K) Eden: 139776K(139776K)->0K(139776K) From: 5259K(17472K)->5708K(17472K)
[54.293s][info][gc,heap        ] GC(529) Tenured: 3528K(349568K)->3528K(349568K)
[54.293s][info][gc,metaspace   ] GC(529) Metaspace: 8608K(8832K)->8608K(8832K) NonClass: 7457K(7552K)->7457K(7552K) Class: 1151K(1280K)->1151K(1280K)
[54.293s][info][gc             ] GC(529) Pause Young (Allocation Failure) 145M->9M(494M) 12.935ms
[54.293s][info][gc,cpu         ] GC(529) User=0.02s Sys=0.00s Real=0.02s
[54.366s][info][gc,start       ] GC(530) Pause Young (Allocation Failure)
[54.381s][info][gc,heap        ] GC(530) DefNew: 145484K(157248K)->6237K(157248K) Eden: 139776K(139776K)->0K(139776K) From: 5708K(17472K)->6237K(17472K)
[54.381s][info][gc,heap        ] GC(530) Tenured: 3528K(349568K)->3528K(349568K)
[54.381s][info][gc,metaspace   ] GC(530) Metaspace: 8608K(8832K)->8608K(8832K) NonClass: 7457K(7552K)->7457K(7552K) Class: 1151K(1280K)->1151K(1280K)
[54.381s][info][gc             ] GC(530) Pause Young (Allocation Failure) 145M->9M(494M) 15.743ms
[54.381s][info][gc,cpu         ] GC(530) User=0.02s Sys=0.00s Real=0.02s
[54.450s][info][gc,start       ] GC(531) Pause Young (Allocation Failure)
[54.465s][info][gc,heap        ] GC(531) DefNew: 146013K(157248K)->6694K(157248K) Eden: 139776K(139776K)->0K(139776K) From: 6237K(17472K)->6694K(17472K)
[54.465s][info][gc,heap        ] GC(531) Tenured: 3528K(349568K)->3528K(349568K)
[54.465s][info][gc,metaspace   ] GC(531) Metaspace: 8608K(8832K)->8608K(8832K) NonClass: 7457K(7552K)->7457K(7552K) Class: 1151K(1280K)->1151K(1280K)
[54.465s][info][gc             ] GC(531) Pause Young (Allocation Failure) 146M->9M(494M) 14.389ms
[54.465s][info][gc,cpu         ] GC(531) User=0.02s Sys=0.00s Real=0.02s
[54.533s][info][gc,start       ] GC(532) Pause Young (Allocation Failure)
[54.548s][info][gc,heap        ] GC(532) DefNew: 146470K(157248K)->7114K(157248K) Eden: 139776K(139776K)->0K(139776K) From: 6694K(17472K)->7114K(17472K)
[54.548s][info][gc,heap        ] GC(532) Tenured: 3528K(349568K)->3528K(349568K)
[54.548s][info][gc,metaspace   ] GC(532) Metaspace: 8608K(8832K)->8608K(8832K) NonClass: 7457K(7552K)->7457K(7552K) Class: 1151K(1280K)->1151K(1280K)
[54.548s][info][gc             ] GC(532) Pause Young (Allocation Failure) 146M->10M(494M) 15.224ms
[54.548s][info][gc,cpu         ] GC(532) User=0.02s Sys=0.00s Real=0.02s
[54.624s][info][gc,start       ] GC(533) Pause Young (Allocation Failure)
[54.642s][info][gc,heap        ] GC(533) DefNew: 146890K(157248K)->7528K(157248K) Eden: 139776K(139776K)->0K(139776K) From: 7114K(17472K)->7528K(17472K)
[54.642s][info][gc,heap        ] GC(533) Tenured: 3528K(349568K)->3533K(349568K)
[54.642s][info][gc,metaspace   ] GC(533) Metaspace: 8608K(8832K)->8608K(8832K) NonClass: 7457K(7552K)->7457K(7552K) Class: 1151K(1280K)->1151K(1280K)
[54.642s][info][gc             ] GC(533) Pause Young (Allocation Failure) 146M->10M(494M) 17.250ms
[54.642s][info][gc,cpu         ] GC(533) User=0.02s Sys=0.00s Real=0.02s
[54.711s][info][gc,start       ] GC(534) Pause Young (Allocation Failure)
[54.728s][info][gc,heap        ] GC(534) DefNew: 147304K(157248K)->7983K(157248K) Eden: 139776K(139776K)->0K(139776K) From: 7528K(17472K)->7983K(17472K)
[54.728s][info][gc,heap        ] GC(534) Tenured: 3533K(349568K)->3533K(349568K)
[54.728s][info][gc,metaspace   ] GC(534) Metaspace: 8608K(8832K)->8608K(8832K) NonClass: 7457K(7552K)->7457K(7552K) Class: 1151K(1280K)->1151K(1280K)
[54.728s][info][gc             ] GC(534) Pause Young (Allocation Failure) 147M->11M(494M) 16.757ms
[54.728s][info][gc,cpu         ] GC(534) User=0.02s Sys=0.00s Real=0.02s
[54.799s][info][gc,start       ] GC(535) Pause Young (Allocation Failure)
[54.817s][info][gc,heap        ] GC(535) DefNew: 147759K(157248K)->8438K(157248K) Eden: 139776K(139776K)->0K(139776K) From: 7983K(17472K)->8438K(17472K)
[54.817s][info][gc,heap        ] GC(535) Tenured: 3533K(349568K)->3533K(349568K)
[54.817s][info][gc,metaspace   ] GC(535) Metaspace: 8608K(8832K)->8608K(8832K) NonClass: 7457K(7552K)->7457K(7552K) Class: 1151K(1280K)->1151K(1280K)
[54.817s][info][gc             ] GC(535) Pause Young (Allocation Failure) 147M->11M(494M) 18.135ms
[54.817s][info][gc,cpu         ] GC(535) User=0.05s Sys=0.00s Real=0.03s
[54.899s][info][gc,start       ] GC(536) Pause Young (Allocation Failure)
[54.922s][info][gc,heap        ] GC(536) DefNew: 148214K(157248K)->9049K(157248K) Eden: 139776K(139776K)->0K(139776K) From: 8438K(17472K)->9049K(17472K)
[54.922s][info][gc,heap        ] GC(536) Tenured: 3533K(349568K)->3533K(349568K)
[54.922s][info][gc,metaspace   ] GC(536) Metaspace: 8608K(8832K)->8608K(8832K) NonClass: 7457K(7552K)->7457K(7552K) Class: 1151K(1280K)->1151K(1280K)
[54.922s][info][gc             ] GC(536) Pause Young (Allocation Failure) 148M->12M(494M) 23.100ms
[54.922s][info][gc,cpu         ] GC(536) User=0.03s Sys=0.00s Real=0.03s
[54.993s][info][gc,start       ] GC(537) Pause Young (Allocation Failure)
[55.012s][info][gc,heap        ] GC(537) DefNew: 148825K(157248K)->5167K(157248K) Eden: 139776K(139776K)->0K(139776K) From: 9049K(17472K)->5167K(17472K)
[55.012s][info][gc,heap        ] GC(537) Tenured: 3533K(349568K)->7864K(349568K)
[55.012s][info][gc,metaspace   ] GC(537) Metaspace: 8608K(8832K)->8608K(8832K) NonClass: 7457K(7552K)->7457K(7552K) Class: 1151K(1280K)->1151K(1280K)
[55.013s][info][gc             ] GC(537) Pause Young (Allocation Failure) 148M->12M(494M) 19.315ms
[55.013s][info][gc,cpu         ] GC(537) User=0.03s Sys=0.00s Real=0.03s
[55.083s][info][gc,start       ] GC(538) Pause Young (Allocation Failure)
[55.096s][info][gc,heap        ] GC(538) DefNew: 144943K(157248K)->5640K(157248K) Eden: 139776K(139776K)->0K(139776K) From: 5167K(17472K)->5640K(17472K)
[55.096s][info][gc,heap        ] GC(538) Tenured: 7864K(349568K)->7864K(349568K)
[55.096s][info][gc,metaspace   ] GC(538) Metaspace: 8608K(8832K)->8608K(8832K) NonClass: 7457K(7552K)->7457K(7552K) Class: 1151K(1280K)->1151K(1280K)
[55.096s][info][gc             ] GC(538) Pause Young (Allocation Failure) 149M->13M(494M) 13.567ms
[55.096s][info][gc,cpu         ] GC(538) User=0.02s Sys=0.00s Real=0.02s
[55.181s][info][gc,start       ] GC(539) Pause Young (Allocation Failure)
[55.197s][info][gc,heap        ] GC(539) DefNew: 145416K(157248K)->6141K(157248K) Eden: 139776K(139776K)->0K(139776K) From: 5640K(17472K)->6141K(17472K)
[55.197s][info][gc,heap        ] GC(539) Tenured: 7864K(349568K)->7864K(349568K)
[55.197s][info][gc,metaspace   ] GC(539) Metaspace: 8608K(8832K)->8608K(8832K) NonClass: 7457K(7552K)->7457K(7552K) Class: 1151K(1280K)->1151K(1280K)
[55.197s][info][gc             ] GC(539) Pause Young (Allocation Failure) 149M->13M(494M) 15.785ms
[55.197s][info][gc,cpu         ] GC(539) User=0.02s Sys=0.00s Real=0.01s
[55.278s][info][gc,start       ] GC(540) Pause Young (Allocation Failure)
[55.292s][info][gc,heap        ] GC(540) DefNew: 145917K(157248K)->6558K(157248K) Eden: 139776K(139776K)->0K(139776K) From: 6141K(17472K)->6558K(17472K)
[55.292s][info][gc,heap        ] GC(540) Tenured: 7864K(349568K)->7864K(349568K)
[55.292s][info][gc,metaspace   ] GC(540) Metaspace: 8608K(8832K)->8608K(8832K) NonClass: 7457K(7552K)->7457K(7552K) Class: 1151K(1280K)->1151K(1280K)
[55.292s][info][gc             ] GC(540) Pause Young (Allocation Failure) 150M->14M(494M) 14.860ms
[55.293s][info][gc,cpu         ] GC(540) User=0.02s Sys=0.00s Real=0.02s
[55.363s][info][gc,start       ] GC(541) Pause Young (Allocation Failure)
[55.379s][info][gc,heap        ] GC(541) DefNew: 146334K(157248K)->7050K(157248K) Eden: 139776K(139776K)->0K(139776K) From: 6558K(17472K)->7050K(17472K)
[55.379s][info][gc,heap        ] GC(541) Tenured: 7864K(349568K)->7864K(349568K)
[55.379s][info][gc,metaspace   ] GC(541) Metaspace: 8608K(8832K)->8608K(8832K) NonClass: 7457K(7552K)->7457K(7552K) Class: 1151K(1280K)->1151K(1280K)
[55.379s][info][gc             ] GC(541) Pause Young (Allocation Failure) 150M->14M(494M) 15.745ms
[55.379s][info][gc,cpu         ] GC(541) User=0.02s Sys=0.00s Real=0.02s
[55.451s][info][gc,start       ] GC(542) Pause Young (Allocation Failure)
[55.470s][info][gc,heap        ] GC(542) DefNew: 146826K(157248K)->7442K(157248K) Eden: 139776K(139776K)->0K(139776K) From: 7050K(17472K)->7442K(17472K)
[55.470s][info][gc,heap        ] GC(542) Tenured: 7864K(349568K)->7864K(349568K)
[55.470s][info][gc,metaspace   ] GC(542) Metaspace: 8608K(8832K)->8608K(8832K) NonClass: 7457K(7552K)->7457K(7552K) Class: 1151K(1280K)->1151K(1280K)
[55.470s][info][gc             ] GC(542) Pause Young (Allocation Failure) 151M->14M(494M) 18.345ms
[55.470s][info][gc,cpu         ] GC(542) User=0.02s Sys=0.00s Real=0.02s
[55.544s][info][gc,start       ] GC(543) Pause Young (Allocation Failure)
[55.561s][info][gc,heap        ] GC(543) DefNew: 147218K(157248K)->7876K(157248K) Eden: 139776K(139776K)->0K(139776K) From: 7442K(17472K)->7876K(17472K)
[55.561s][info][gc,heap        ] GC(543) Tenured: 7864K(349568K)->7864K(349568K)
[55.561s][info][gc,metaspace   ] GC(543) Metaspace: 8608K(8832K)->8608K(8832K) NonClass: 7457K(7552K)->7457K(7552K) Class: 1151K(1280K)->1151K(1280K)
[55.561s][info][gc             ] GC(543) Pause Young (Allocation Failure) 151M->15M(494M) 17.529ms
[55.561s][info][gc,cpu         ] GC(543) User=0.02s Sys=0.00s Real=0.02s
[55.642s][info][gc,start       ] GC(544) Pause Young (Allocation Failure)
[55.660s][info][gc,heap        ] GC(544) DefNew: 147652K(157248K)->8329K(157248K) Eden: 139776K(139776K)->0K(139776K) From: 7876K(17472K)->8329K(17472K)
[55.660s][info][gc,heap        ] GC(544) Tenured: 7864K(349568K)->7864K(349568K)
[55.660s][info][gc,metaspace   ] GC(544) Metaspace: 8608K(8832K)->8608K(8832K) NonClass: 7457K(7552K)->7457K(7552K) Class: 1151K(1280K)->1151K(1280K)
[55.660s][info][gc             ] GC(544) Pause Young (Allocation Failure) 151M->15M(494M) 18.711ms
[55.660s][info][gc,cpu         ] GC(544) User=0.03s Sys=0.00s Real=0.03s
[55.765s][info][gc,start       ] GC(545) Pause Young (Allocation Failure)
[55.811s][info][gc,heap        ] GC(545) DefNew: 148105K(157248K)->17471K(157248K) Eden: 139776K(139776K)->0K(139776K) From: 8329K(17472K)->17471K(17472K)
[55.811s][info][gc,heap        ] GC(545) Tenured: 7864K(349568K)->7921K(349568K)
[55.811s][info][gc,metaspace   ] GC(545) Metaspace: 8608K(8832K)->8608K(8832K) NonClass: 7457K(7552K)->7457K(7552K) Class: 1151K(1280K)->1151K(1280K)
[55.811s][info][gc             ] GC(545) Pause Young (Allocation Failure) 152M->24M(494M) 45.820ms
[55.811s][info][gc,cpu         ] GC(545) User=0.05s Sys=0.00s Real=0.05s
[55.890s][info][gc,start       ] GC(546) Pause Young (Allocation Failure)
[55.922s][info][gc,heap        ] GC(546) DefNew: 157247K(157248K)->518K(157248K) Eden: 139776K(139776K)->0K(139776K) From: 17471K(17472K)->518K(17472K)
[55.922s][info][gc,heap        ] GC(546) Tenured: 7921K(349568K)->25347K(349568K)
[55.922s][info][gc,metaspace   ] GC(546) Metaspace: 8608K(8832K)->8608K(8832K) NonClass: 7457K(7552K)->7457K(7552K) Class: 1151K(1280K)->1151K(1280K)
[55.922s][info][gc             ] GC(546) Pause Young (Allocation Failure) 161M->25M(494M) 31.594ms
[55.922s][info][gc,cpu         ] GC(546) User=0.03s Sys=0.00s Real=0.03s
[55.999s][info][gc,start       ] GC(547) Pause Young (Allocation Failure)
[56.002s][info][gc,heap        ] GC(547) DefNew: 140294K(157248K)->943K(157248K) Eden: 139776K(139776K)->0K(139776K) From: 518K(17472K)->943K(17472K)
[56.002s][info][gc,heap        ] GC(547) Tenured: 25347K(349568K)->25347K(349568K)
[56.002s][info][gc,metaspace   ] GC(547) Metaspace: 8608K(8832K)->8608K(8832K) NonClass: 7457K(7552K)->7457K(7552K) Class: 1151K(1280K)->1151K(1280K)
[56.002s][info][gc             ] GC(547) Pause Young (Allocation Failure) 161M->25M(494M) 3.530ms
[56.003s][info][gc,cpu         ] GC(547) User=0.02s Sys=0.00s Real=0.01s
[56.090s][info][gc,start       ] GC(548) Pause Young (Allocation Failure)
[56.104s][info][gc,heap        ] GC(548) DefNew: 140719K(157248K)->5189K(157248K) Eden: 139776K(139776K)->0K(139776K) From: 943K(17472K)->5189K(17472K)
[56.104s][info][gc,heap        ] GC(548) Tenured: 25347K(349568K)->25347K(349568K)
[56.104s][info][gc,metaspace   ] GC(548) Metaspace: 8608K(8832K)->8608K(8832K) NonClass: 7457K(7552K)->7457K(7552K) Class: 1151K(1280K)->1151K(1280K)
[56.104s][info][gc             ] GC(548) Pause Young (Allocation Failure) 162M->29M(494M) 14.862ms
[56.104s][info][gc,cpu         ] GC(548) User=0.02s Sys=0.00s Real=0.02s
[56.184s][info][gc,start       ] GC(549) Pause Young (Allocation Failure)
[56.198s][info][gc,heap        ] GC(549) DefNew: 144965K(157248K)->5633K(157248K) Eden: 139776K(139776K)->0K(139776K) From: 5189K(17472K)->5633K(17472K)
[56.198s][info][gc,heap        ] GC(549) Tenured: 25347K(349568K)->25347K(349568K)
[56.198s][info][gc,metaspace   ] GC(549) Metaspace: 8608K(8832K)->8608K(8832K) NonClass: 7457K(7552K)->7457K(7552K) Class: 1151K(1280K)->1151K(1280K)
[56.198s][info][gc             ] GC(549) Pause Young (Allocation Failure) 166M->30M(494M) 14.086ms
[56.198s][info][gc,cpu         ] GC(549) User=0.02s Sys=0.00s Real=0.02s
[56.267s][info][gc,start       ] GC(550) Pause Young (Allocation Failure)
[56.282s][info][gc,heap        ] GC(550) DefNew: 145409K(157248K)->6127K(157248K) Eden: 139776K(139776K)->0K(139776K) From: 5633K(17472K)->6127K(17472K)
[56.282s][info][gc,heap        ] GC(550) Tenured: 25347K(349568K)->25347K(349568K)
[56.282s][info][gc,metaspace   ] GC(550) Metaspace: 8608K(8832K)->8608K(8832K) NonClass: 7457K(7552K)->7457K(7552K) Class: 1151K(1280K)->1151K(1280K)
[56.282s][info][gc             ] GC(550) Pause Young (Allocation Failure) 166M->30M(494M) 15.088ms
[56.283s][info][gc,cpu         ] GC(550) User=0.02s Sys=0.00s Real=0.02s
[56.355s][info][gc,start       ] GC(551) Pause Young (Allocation Failure)
[56.372s][info][gc,heap        ] GC(551) DefNew: 145903K(157248K)->6511K(157248K) Eden: 139776K(139776K)->0K(139776K) From: 6127K(17472K)->6511K(17472K)
[56.372s][info][gc,heap        ] GC(551) Tenured: 25347K(349568K)->25347K(349568K)
[56.372s][info][gc,metaspace   ] GC(551) Metaspace: 8608K(8832K)->8608K(8832K) NonClass: 7457K(7552K)->7457K(7552K) Class: 1151K(1280K)->1151K(1280K)
[56.372s][info][gc             ] GC(551) Pause Young (Allocation Failure) 167M->31M(494M) 17.067ms
[56.372s][info][gc,cpu         ] GC(551) User=0.02s Sys=0.00s Real=0.02s
[56.442s][info][gc,start       ] GC(552) Pause Young (Allocation Failure)
[56.458s][info][gc,heap        ] GC(552) DefNew: 146287K(157248K)->6947K(157248K) Eden: 139776K(139776K)->0K(139776K) From: 6511K(17472K)->6947K(17472K)
[56.458s][info][gc,heap        ] GC(552) Tenured: 25347K(349568K)->25347K(349568K)
[56.458s][info][gc,metaspace   ] GC(552) Metaspace: 8608K(8832K)->8608K(8832K) NonClass: 7457K(7552K)->7457K(7552K) Class: 1151K(1280K)->1151K(1280K)
[56.458s][info][gc             ] GC(552) Pause Young (Allocation Failure) 167M->31M(494M) 16.120ms
[56.458s][info][gc,cpu         ] GC(552) User=0.02s Sys=0.00s Real=0.02s
[56.529s][info][gc,start       ] GC(553) Pause Young (Allocation Failure)
[56.545s][info][gc,heap        ] GC(553) DefNew: 146723K(157248K)->7410K(157248K) Eden: 139776K(139776K)->0K(139776K) From: 6947K(17472K)->7410K(17472K)
[56.545s][info][gc,heap        ] GC(553) Tenured: 25347K(349568K)->25347K(349568K)
[56.545s][info][gc,metaspace   ] GC(553) Metaspace: 8608K(8832K)->8608K(8832K) NonClass: 7457K(7552K)->7457K(7552K) Class: 1151K(1280K)->1151K(1280K)
[56.546s][info][gc             ] GC(553) Pause Young (Allocation Failure) 168M->31M(494M) 16.426ms
[56.546s][info][gc,cpu         ] GC(553) User=0.02s Sys=0.00s Real=0.02s
[56.627s][info][gc,start       ] GC(554) Pause Young (Allocation Failure)
[56.656s][info][gc,heap        ] GC(554) DefNew: 147186K(157248K)->12166K(157248K) Eden: 139776K(139776K)->0K(139776K) From: 7410K(17472K)->12166K(17472K)
[56.656s][info][gc,heap        ] GC(554) Tenured: 25347K(349568K)->25347K(349568K)
[56.656s][info][gc,metaspace   ] GC(554) Metaspace: 8608K(8832K)->8608K(8832K) NonClass: 7457K(7552K)->7457K(7552K) Class: 1151K(1280K)->1151K(1280K)
[56.656s][info][gc             ] GC(554) Pause Young (Allocation Failure) 168M->36M(494M) 28.940ms
[56.656s][info][gc,cpu         ] GC(554) User=0.03s Sys=0.00s Real=0.03s
[56.731s][info][gc,start       ] GC(555) Pause Young (Allocation Failure)
[56.755s][info][gc,heap        ] GC(555) DefNew: 151942K(157248K)->7728K(157248K) Eden: 139776K(139776K)->0K(139776K) From: 12166K(17472K)->7728K(17472K)
[56.755s][info][gc,heap        ] GC(555) Tenured: 25347K(349568K)->30245K(349568K)
[56.755s][info][gc,metaspace   ] GC(555) Metaspace: 8608K(8832K)->8608K(8832K) NonClass: 7457K(7552K)->7457K(7552K) Class: 1151K(1280K)->1151K(1280K)
[56.755s][info][gc             ] GC(555) Pause Young (Allocation Failure) 173M->37M(494M) 23.612ms
[56.755s][info][gc,cpu         ] GC(555) User=0.03s Sys=0.00s Real=0.03s
[56.828s][info][gc,start       ] GC(556) Pause Young (Allocation Failure)
[56.847s][info][gc,heap        ] GC(556) DefNew: 147504K(157248K)->8177K(157248K) Eden: 139776K(139776K)->0K(139776K) From: 7728K(17472K)->8177K(17472K)
[56.847s][info][gc,heap        ] GC(556) Tenured: 30245K(349568K)->30245K(349568K)
[56.847s][info][gc,metaspace   ] GC(556) Metaspace: 8608K(8832K)->8608K(8832K) NonClass: 7457K(7552K)->7457K(7552K) Class: 1151K(1280K)->1151K(1280K)
[56.847s][info][gc             ] GC(556) Pause Young (Allocation Failure) 173M->37M(494M) 19.202ms
[56.847s][info][gc,cpu         ] GC(556) User=0.02s Sys=0.00s Real=0.02s
[56.926s][info][gc,start       ] GC(557) Pause Young (Allocation Failure)
[56.945s][info][gc,heap        ] GC(557) DefNew: 147953K(157248K)->8709K(157248K) Eden: 139776K(139776K)->0K(139776K) From: 8177K(17472K)->8709K(17472K)
[56.945s][info][gc,heap        ] GC(557) Tenured: 30245K(349568K)->30245K(349568K)
[56.945s][info][gc,metaspace   ] GC(557) Metaspace: 8608K(8832K)->8608K(8832K) NonClass: 7457K(7552K)->7457K(7552K) Class: 1151K(1280K)->1151K(1280K)
[56.946s][info][gc             ] GC(557) Pause Young (Allocation Failure) 174M->38M(494M) 19.864ms
[56.946s][info][gc,cpu         ] GC(557) User=0.02s Sys=0.00s Real=0.02s
[57.017s][info][gc,start       ] GC(558) Pause Young (Allocation Failure)
[57.038s][info][gc,heap        ] GC(558) DefNew: 148485K(157248K)->9132K(157248K) Eden: 139776K(139776K)->0K(139776K) From: 8709K(17472K)->9132K(17472K)
[57.038s][info][gc,heap        ] GC(558) Tenured: 30245K(349568K)->30245K(349568K)
[57.038s][info][gc,metaspace   ] GC(558) Metaspace: 8608K(8832K)->8608K(8832K) NonClass: 7457K(7552K)->7457K(7552K) Class: 1151K(1280K)->1151K(1280K)
[57.038s][info][gc             ] GC(558) Pause Young (Allocation Failure) 174M->38M(494M) 21.051ms
[57.038s][info][gc,cpu         ] GC(558) User=0.02s Sys=0.00s Real=0.01s
[57.113s][info][gc,start       ] GC(559) Pause Young (Allocation Failure)
[57.133s][info][gc,heap        ] GC(559) DefNew: 148908K(157248K)->8403K(157248K) Eden: 139776K(139776K)->0K(139776K) From: 9132K(17472K)->8403K(17472K)
[57.133s][info][gc,heap        ] GC(559) Tenured: 30245K(349568K)->31449K(349568K)
[57.133s][info][gc,metaspace   ] GC(559) Metaspace: 8608K(8832K)->8608K(8832K) NonClass: 7457K(7552K)->7457K(7552K) Class: 1151K(1280K)->1151K(1280K)
[57.133s][info][gc             ] GC(559) Pause Young (Allocation Failure) 174M->38M(494M) 20.459ms
[57.133s][info][gc,cpu         ] GC(559) User=0.02s Sys=0.00s Real=0.02s
[57.220s][info][gc,start       ] GC(560) Pause Young (Allocation Failure)
[57.242s][info][gc,heap        ] GC(560) DefNew: 148179K(157248K)->8810K(157248K) Eden: 139776K(139776K)->0K(139776K) From: 8403K(17472K)->8810K(17472K)
[57.242s][info][gc,heap        ] GC(560) Tenured: 31449K(349568K)->31449K(349568K)
[57.242s][info][gc,metaspace   ] GC(560) Metaspace: 8608K(8832K)->8608K(8832K) NonClass: 7457K(7552K)->7457K(7552K) Class: 1151K(1280K)->1151K(1280K)
[57.242s][info][gc             ] GC(560) Pause Young (Allocation Failure) 175M->39M(494M) 21.600ms
[57.242s][info][gc,cpu         ] GC(560) User=0.03s Sys=0.00s Real=0.02s
[57.321s][info][gc,start       ] GC(561) Pause Young (Allocation Failure)
[57.343s][info][gc,heap        ] GC(561) DefNew: 148586K(157248K)->3491K(157248K) Eden: 139776K(139776K)->0K(139776K) From: 8810K(17472K)->3491K(17472K)
[57.343s][info][gc,heap        ] GC(561) Tenured: 31449K(349568K)->37179K(349568K)
[57.343s][info][gc,metaspace   ] GC(561) Metaspace: 8608K(8832K)->8608K(8832K) NonClass: 7457K(7552K)->7457K(7552K) Class: 1151K(1280K)->1151K(1280K)
[57.343s][info][gc             ] GC(561) Pause Young (Allocation Failure) 175M->39M(494M) 21.920ms
[57.343s][info][gc,cpu         ] GC(561) User=0.02s Sys=0.00s Real=0.02s
[57.414s][info][gc,start       ] GC(562) Pause Young (Allocation Failure)
[57.424s][info][gc,heap        ] GC(562) DefNew: 143267K(157248K)->3981K(157248K) Eden: 139776K(139776K)->0K(139776K) From: 3491K(17472K)->3981K(17472K)
[57.424s][info][gc,heap        ] GC(562) Tenured: 37179K(349568K)->37179K(349568K)
[57.424s][info][gc,metaspace   ] GC(562) Metaspace: 8608K(8832K)->8608K(8832K) NonClass: 7457K(7552K)->7457K(7552K) Class: 1151K(1280K)->1151K(1280K)
[57.424s][info][gc             ] GC(562) Pause Young (Allocation Failure) 176M->40M(494M) 10.345ms
[57.424s][info][gc,cpu         ] GC(562) User=0.00s Sys=0.00s Real=0.00s
[57.806s][info][gc,start       ] GC(563) Pause Young (Allocation Failure)
[57.947s][info][gc,heap        ] GC(563) DefNew: 143757K(157248K)->17472K(157248K) Eden: 139776K(139776K)->0K(139776K) From: 3981K(17472K)->17472K(17472K)
[57.947s][info][gc,heap        ] GC(563) Tenured: 37179K(349568K)->73386K(349568K)
[57.947s][info][gc,metaspace   ] GC(563) Metaspace: 8608K(8832K)->8608K(8832K) NonClass: 7457K(7552K)->7457K(7552K) Class: 1151K(1280K)->1151K(1280K)
[57.947s][info][gc             ] GC(563) Pause Young (Allocation Failure) 176M->88M(494M) 140.884ms
[57.947s][info][gc,cpu         ] GC(563) User=0.13s Sys=0.00s Real=0.13s
[57.996s][info][gc,start       ] GC(564) Pause Full (System.gc())
[57.996s][info][gc,phases,start] GC(564) Phase 1: Mark live objects
[58.007s][info][gc,phases      ] GC(564) Phase 1: Mark live objects 11.204ms
[58.007s][info][gc,phases,start] GC(564) Phase 2: Compute new object addresses
[58.038s][info][gc,phases      ] GC(564) Phase 2: Compute new object addresses 31.049ms
[58.038s][info][gc,phases,start] GC(564) Phase 3: Adjust pointers
[58.041s][info][gc,phases      ] GC(564) Phase 3: Adjust pointers 2.748ms
[58.041s][info][gc,phases,start] GC(564) Phase 4: Move objects
[58.041s][info][gc,phases      ] GC(564) Phase 4: Move objects 0.012ms
[58.041s][info][gc,heap        ] GC(564) DefNew: 42625K(157248K)->0K(157248K) Eden: 25153K(139776K)->0K(139776K) From: 17472K(17472K)->0K(17472K)
[58.041s][info][gc,heap        ] GC(564) Tenured: 73386K(349568K)->3528K(349568K)
[58.041s][info][gc,metaspace   ] GC(564) Metaspace: 8608K(8832K)->8608K(8832K) NonClass: 7457K(7552K)->7457K(7552K) Class: 1151K(1280K)->1151K(1280K)
[58.041s][info][gc             ] GC(564) Pause Full (System.gc()) 113M->3M(494M) 45.402ms
[58.041s][info][gc,cpu         ] GC(564) User=0.05s Sys=0.00s Real=0.05s
[58.136s][info][gc,start       ] GC(565) Pause Young (Allocation Failure)
[58.139s][info][gc,heap        ] GC(565) DefNew: 139776K(157248K)->518K(157248K) Eden: 139776K(139776K)->0K(139776K) From: 0K(17472K)->518K(17472K)
[58.139s][info][gc,heap        ] GC(565) Tenured: 3528K(349568K)->3528K(349568K)
[58.139s][info][gc,metaspace   ] GC(565) Metaspace: 8620K(8896K)->8620K(8896K) NonClass: 7468K(7616K)->7468K(7616K) Class: 1151K(1280K)->1151K(1280K)
[58.139s][info][gc             ] GC(565) Pause Young (Allocation Failure) 139M->3M(494M) 2.331ms
[58.139s][info][gc,cpu         ] GC(565) User=0.02s Sys=0.00s Real=0.02s
[58.216s][info][gc,start       ] GC(566) Pause Young (Allocation Failure)
[58.219s][info][gc,heap        ] GC(566) DefNew: 140294K(157248K)->962K(157248K) Eden: 139776K(139776K)->0K(139776K) From: 518K(17472K)->962K(17472K)
[58.219s][info][gc,heap        ] GC(566) Tenured: 3528K(349568K)->3528K(349568K)
[58.219s][info][gc,metaspace   ] GC(566) Metaspace: 8620K(8896K)->8620K(8896K) NonClass: 7468K(7616K)->7468K(7616K) Class: 1151K(1280K)->1151K(1280K)
[58.219s][info][gc             ] GC(566) Pause Young (Allocation Failure) 140M->4M(494M) 3.439ms
[58.219s][info][gc,cpu         ] GC(566) User=0.00s Sys=0.00s Real=0.00s
[58.285s][info][gc,start       ] GC(567) Pause Young (Allocation Failure)
[58.289s][info][gc,heap        ] GC(567) DefNew: 140738K(157248K)->1442K(157248K) Eden: 139776K(139776K)->0K(139776K) From: 962K(17472K)->1442K(17472K)
[58.289s][info][gc,heap        ] GC(567) Tenured: 3528K(349568K)->3528K(349568K)
[58.289s][info][gc,metaspace   ] GC(567) Metaspace: 8620K(8896K)->8620K(8896K) NonClass: 7468K(7616K)->7468K(7616K) Class: 1151K(1280K)->1151K(1280K)
[58.290s][info][gc             ] GC(567) Pause Young (Allocation Failure) 140M->4M(494M) 4.887ms
[58.290s][info][gc,cpu         ] GC(567) User=0.00s Sys=0.00s Real=0.00s
[58.360s][info][gc,start       ] GC(568) Pause Young (Allocation Failure)
[58.367s][info][gc,heap        ] GC(568) DefNew: 141218K(157248K)->1942K(157248K) Eden: 139776K(139776K)->0K(139776K) From: 1442K(17472K)->1942K(17472K)
[58.367s][info][gc,heap        ] GC(568) Tenured: 3528K(349568K)->3528K(349568K)
[58.367s][info][gc,metaspace   ] GC(568) Metaspace: 8620K(8896K)->8620K(8896K) NonClass: 7468K(7616K)->7468K(7616K) Class: 1151K(1280K)->1151K(1280K)
[58.367s][info][gc             ] GC(568) Pause Young (Allocation Failure) 141M->5M(494M) 6.736ms
[58.367s][info][gc,cpu         ] GC(568) User=0.02s Sys=0.00s Real=0.01s
[58.434s][info][gc,start       ] GC(569) Pause Young (Allocation Failure)
[58.440s][info][gc,heap        ] GC(569) DefNew: 141718K(157248K)->2391K(157248K) Eden: 139776K(139776K)->0K(139776K) From: 1942K(17472K)->2391K(17472K)
[58.440s][info][gc,heap        ] GC(569) Tenured: 3528K(349568K)->3528K(349568K)
[58.440s][info][gc,metaspace   ] GC(569) Metaspace: 8620K(8896K)->8620K(8896K) NonClass: 7468K(7616K)->7468K(7616K) Class: 1151K(1280K)->1151K(1280K)
[58.440s][info][gc             ] GC(569) Pause Young (Allocation Failure) 141M->5M(494M) 6.919ms
[58.440s][info][gc,cpu         ] GC(569) User=0.00s Sys=0.00s Real=0.01s
[58.506s][info][gc,start       ] GC(570) Pause Young (Allocation Failure)
[58.514s][info][gc,heap        ] GC(570) DefNew: 142167K(157248K)->2848K(157248K) Eden: 139776K(139776K)->0K(139776K) From: 2391K(17472K)->2848K(17472K)
[58.514s][info][gc,heap        ] GC(570) Tenured: 3528K(349568K)->3528K(349568K)
[58.514s][info][gc,metaspace   ] GC(570) Metaspace: 8620K(8896K)->8620K(8896K) NonClass: 7468K(7616K)->7468K(7616K) Class: 1151K(1280K)->1151K(1280K)
[58.514s][info][gc             ] GC(570) Pause Young (Allocation Failure) 142M->6M(494M) 7.715ms
[58.514s][info][gc,cpu         ] GC(570) User=0.00s Sys=0.00s Real=0.00s
[58.584s][info][gc,start       ] GC(571) Pause Young (Allocation Failure)
[58.593s][info][gc,heap        ] GC(571) DefNew: 142624K(157248K)->3238K(157248K) Eden: 139776K(139776K)->0K(139776K) From: 2848K(17472K)->3238K(17472K)
[58.593s][info][gc,heap        ] GC(571) Tenured: 3528K(349568K)->3528K(349568K)
[58.594s][info][gc,metaspace   ] GC(571) Metaspace: 8620K(8896K)->8620K(8896K) NonClass: 7468K(7616K)->7468K(7616K) Class: 1151K(1280K)->1151K(1280K)
[58.594s][info][gc             ] GC(571) Pause Young (Allocation Failure) 142M->6M(494M) 9.805ms
[58.594s][info][gc,cpu         ] GC(571) User=0.00s Sys=0.00s Real=0.00s
[58.660s][info][gc,start       ] GC(572) Pause Young (Allocation Failure)
[58.670s][info][gc,heap        ] GC(572) DefNew: 143014K(157248K)->3676K(157248K) Eden: 139776K(139776K)->0K(139776K) From: 3238K(17472K)->3676K(17472K)
[58.670s][info][gc,heap        ] GC(572) Tenured: 3528K(349568K)->3528K(349568K)
[58.670s][info][gc,metaspace   ] GC(572) Metaspace: 8620K(8896K)->8620K(8896K) NonClass: 7468K(7616K)->7468K(7616K) Class: 1151K(1280K)->1151K(1280K)
[58.670s][info][gc             ] GC(572) Pause Young (Allocation Failure) 143M->7M(494M) 9.565ms
[58.670s][info][gc,cpu         ] GC(572) User=0.00s Sys=0.00s Real=0.00s
[58.739s][info][gc,start       ] GC(573) Pause Young (Allocation Failure)
[58.750s][info][gc,heap        ] GC(573) DefNew: 143452K(157248K)->4276K(157248K) Eden: 139776K(139776K)->0K(139776K) From: 3676K(17472K)->4276K(17472K)
[58.750s][info][gc,heap        ] GC(573) Tenured: 3528K(349568K)->3528K(349568K)
[58.750s][info][gc,metaspace   ] GC(573) Metaspace: 8620K(8896K)->8620K(8896K) NonClass: 7468K(7616K)->7468K(7616K) Class: 1151K(1280K)->1151K(1280K)
[58.750s][info][gc             ] GC(573) Pause Young (Allocation Failure) 143M->7M(494M) 11.392ms
[58.750s][info][gc,cpu         ] GC(573) User=0.00s Sys=0.00s Real=0.00s
[58.827s][info][gc,start       ] GC(574) Pause Young (Allocation Failure)
[58.843s][info][gc,heap        ] GC(574) DefNew: 144052K(157248K)->4837K(157248K) Eden: 139776K(139776K)->0K(139776K) From: 4276K(17472K)->4837K(17472K)
[58.843s][info][gc,heap        ] GC(574) Tenured: 3528K(349568K)->3528K(349568K)
[58.843s][info][gc,metaspace   ] GC(574) Metaspace: 8620K(8896K)->8620K(8896K) NonClass: 7468K(7616K)->7468K(7616K) Class: 1151K(1280K)->1151K(1280K)
[58.843s][info][gc             ] GC(574) Pause Young (Allocation Failure) 144M->8M(494M) 16.721ms
[58.843s][info][gc,cpu         ] GC(574) User=0.02s Sys=0.00s Real=0.02s
[58.913s][info][gc,start       ] GC(575) Pause Young (Allocation Failure)
[58.925s][info][gc,heap        ] GC(575) DefNew: 144613K(157248K)->5259K(157248K) Eden: 139776K(139776K)->0K(139776K) From: 4837K(17472K)->5259K(17472K)
[58.925s][info][gc,heap        ] GC(575) Tenured: 3528K(349568K)->3528K(349568K)
[58.925s][info][gc,metaspace   ] GC(575) Metaspace: 8620K(8896K)->8620K(8896K) NonClass: 7468K(7616K)->7468K(7616K) Class: 1151K(1280K)->1151K(1280K)
[58.925s][info][gc             ] GC(575) Pause Young (Allocation Failure) 144M->8M(494M) 11.928ms
[58.925s][info][gc,cpu         ] GC(575) User=0.00s Sys=0.00s Real=0.00s
[58.993s][info][gc,start       ] GC(576) Pause Young (Allocation Failure)
[59.005s][info][gc,heap        ] GC(576) DefNew: 145035K(157248K)->5708K(157248K) Eden: 139776K(139776K)->0K(139776K) From: 5259K(17472K)->5708K(17472K)
[59.006s][info][gc,heap        ] GC(576) Tenured: 3528K(349568K)->3528K(349568K)
[59.006s][info][gc,metaspace   ] GC(576) Metaspace: 8620K(8896K)->8620K(8896K) NonClass: 7468K(7616K)->7468K(7616K) Class: 1151K(1280K)->1151K(1280K)
[59.006s][info][gc             ] GC(576) Pause Young (Allocation Failure) 145M->9M(494M) 12.853ms
[59.006s][info][gc,cpu         ] GC(576) User=0.02s Sys=0.00s Real=0.02s
[59.078s][info][gc,start       ] GC(577) Pause Young (Allocation Failure)
[59.094s][info][gc,heap        ] GC(577) DefNew: 145484K(157248K)->6237K(157248K) Eden: 139776K(139776K)->0K(139776K) From: 5708K(17472K)->6237K(17472K)
[59.094s][info][gc,heap        ] GC(577) Tenured: 3528K(349568K)->3528K(349568K)
[59.094s][info][gc,metaspace   ] GC(577) Metaspace: 8620K(8896K)->8620K(8896K) NonClass: 7468K(7616K)->7468K(7616K) Class: 1151K(1280K)->1151K(1280K)
[59.094s][info][gc             ] GC(577) Pause Young (Allocation Failure) 145M->9M(494M) 15.676ms
[59.094s][info][gc,cpu         ] GC(577) User=0.02s Sys=0.00s Real=0.02s
[59.172s][info][gc,start       ] GC(578) Pause Young (Allocation Failure)
[59.187s][info][gc,heap        ] GC(578) DefNew: 146013K(157248K)->6694K(157248K) Eden: 139776K(139776K)->0K(139776K) From: 6237K(17472K)->6694K(17472K)
[59.187s][info][gc,heap        ] GC(578) Tenured: 3528K(349568K)->3528K(349568K)
[59.187s][info][gc,metaspace   ] GC(578) Metaspace: 8620K(8896K)->8620K(8896K) NonClass: 7468K(7616K)->7468K(7616K) Class: 1151K(1280K)->1151K(1280K)
[59.187s][info][gc             ] GC(578) Pause Young (Allocation Failure) 146M->9M(494M) 14.419ms
[59.187s][info][gc,cpu         ] GC(578) User=0.02s Sys=0.00s Real=0.02s
[59.268s][info][gc,start       ] GC(579) Pause Young (Allocation Failure)
[59.285s][info][gc,heap        ] GC(579) DefNew: 146470K(157248K)->7114K(157248K) Eden: 139776K(139776K)->0K(139776K) From: 6694K(17472K)->7114K(17472K)
[59.285s][info][gc,heap        ] GC(579) Tenured: 3528K(349568K)->3528K(349568K)
[59.285s][info][gc,metaspace   ] GC(579) Metaspace: 8620K(8896K)->8620K(8896K) NonClass: 7468K(7616K)->7468K(7616K) Class: 1151K(1280K)->1151K(1280K)
[59.285s][info][gc             ] GC(579) Pause Young (Allocation Failure) 146M->10M(494M) 16.620ms
[59.285s][info][gc,cpu         ] GC(579) User=0.02s Sys=0.00s Real=0.02s
[59.361s][info][gc,start       ] GC(580) Pause Young (Allocation Failure)
[59.378s][info][gc,heap        ] GC(580) DefNew: 146890K(157248K)->7528K(157248K) Eden: 139776K(139776K)->0K(139776K) From: 7114K(17472K)->7528K(17472K)
[59.378s][info][gc,heap        ] GC(580) Tenured: 3528K(349568K)->3533K(349568K)
[59.378s][info][gc,metaspace   ] GC(580) Metaspace: 8620K(8896K)->8620K(8896K) NonClass: 7468K(7616K)->7468K(7616K) Class: 1151K(1280K)->1151K(1280K)
[59.378s][info][gc             ] GC(580) Pause Young (Allocation Failure) 146M->10M(494M) 17.256ms
[59.378s][info][gc,cpu         ] GC(580) User=0.02s Sys=0.00s Real=0.02s
[59.446s][info][gc,start       ] GC(581) Pause Young (Allocation Failure)
[59.463s][info][gc,heap        ] GC(581) DefNew: 147304K(157248K)->7983K(157248K) Eden: 139776K(139776K)->0K(139776K) From: 7528K(17472K)->7983K(17472K)
[59.463s][info][gc,heap        ] GC(581) Tenured: 3533K(349568K)->3533K(349568K)
[59.463s][info][gc,metaspace   ] GC(581) Metaspace: 8620K(8896K)->8620K(8896K) NonClass: 7468K(7616K)->7468K(7616K) Class: 1151K(1280K)->1151K(1280K)
[59.463s][info][gc             ] GC(581) Pause Young (Allocation Failure) 147M->11M(494M) 16.984ms
[59.463s][info][gc,cpu         ] GC(581) User=0.02s Sys=0.00s Real=0.01s
[59.533s][info][gc,start       ] GC(582) Pause Young (Allocation Failure)
[59.550s][info][gc,heap        ] GC(582) DefNew: 147759K(157248K)->8438K(157248K) Eden: 139776K(139776K)->0K(139776K) From: 7983K(17472K)->8438K(17472K)
[59.550s][info][gc,heap        ] GC(582) Tenured: 3533K(349568K)->3533K(349568K)
[59.550s][info][gc,metaspace   ] GC(582) Metaspace: 8620K(8896K)->8620K(8896K) NonClass: 7468K(7616K)->7468K(7616K) Class: 1151K(1280K)->1151K(1280K)
[59.551s][info][gc             ] GC(582) Pause Young (Allocation Failure) 147M->11M(494M) 17.736ms
[59.551s][info][gc,cpu         ] GC(582) User=0.02s Sys=0.00s Real=0.02s
[59.634s][info][gc,start       ] GC(583) Pause Young (Allocation Failure)
[59.690s][info][gc,heap        ] GC(583) DefNew: 148214K(157248K)->9049K(157248K) Eden: 139776K(139776K)->0K(139776K) From: 8438K(17472K)->9049K(17472K)
[59.690s][info][gc,heap        ] GC(583) Tenured: 3533K(349568K)->3533K(349568K)
[59.690s][info][gc,metaspace   ] GC(583) Metaspace: 8620K(8896K)->8620K(8896K) NonClass: 7468K(7616K)->7468K(7616K) Class: 1151K(1280K)->1151K(1280K)
[59.690s][info][gc             ] GC(583) Pause Young (Allocation Failure) 148M->12M(494M) 56.158ms
[59.690s][info][gc,cpu         ] GC(583) User=0.03s Sys=0.00s Real=0.06s
[59.771s][info][gc,start       ] GC(584) Pause Young (Allocation Failure)
[59.792s][info][gc,heap        ] GC(584) DefNew: 148825K(157248K)->5167K(157248K) Eden: 139776K(139776K)->0K(139776K) From: 9049K(17472K)->5167K(17472K)
[59.792s][info][gc,heap        ] GC(584) Tenured: 3533K(349568K)->7864K(349568K)
[59.792s][info][gc,metaspace   ] GC(584) Metaspace: 8620K(8896K)->8620K(8896K) NonClass: 7468K(7616K)->7468K(7616K) Class: 1151K(1280K)->1151K(1280K)
[59.792s][info][gc             ] GC(584) Pause Young (Allocation Failure) 148M->12M(494M) 20.896ms
[59.792s][info][gc,cpu         ] GC(584) User=0.02s Sys=0.00s Real=0.02s
[59.868s][info][gc,start       ] GC(585) Pause Young (Allocation Failure)
[59.881s][info][gc,heap        ] GC(585) DefNew: 144943K(157248K)->5640K(157248K) Eden: 139776K(139776K)->0K(139776K) From: 5167K(17472K)->5640K(17472K)
[59.881s][info][gc,heap        ] GC(585) Tenured: 7864K(349568K)->7864K(349568K)
[59.881s][info][gc,metaspace   ] GC(585) Metaspace: 8620K(8896K)->8620K(8896K) NonClass: 7468K(7616K)->7468K(7616K) Class: 1151K(1280K)->1151K(1280K)
[59.881s][info][gc             ] GC(585) Pause Young (Allocation Failure) 149M->13M(494M) 13.058ms
[59.881s][info][gc,cpu         ] GC(585) User=0.02s Sys=0.00s Real=0.02s
[59.954s][info][gc,start       ] GC(586) Pause Young (Allocation Failure)
[59.969s][info][gc,heap        ] GC(586) DefNew: 145416K(157248K)->6141K(157248K) Eden: 139776K(139776K)->0K(139776K) From: 5640K(17472K)->6141K(17472K)
[59.969s][info][gc,heap        ] GC(586) Tenured: 7864K(349568K)->7864K(349568K)
[59.969s][info][gc,metaspace   ] GC(586) Metaspace: 8620K(8896K)->8620K(8896K) NonClass: 7468K(7616K)->7468K(7616K) Class: 1151K(1280K)->1151K(1280K)
[59.969s][info][gc             ] GC(586) Pause Young (Allocation Failure) 149M->13M(494M) 15.483ms
[59.969s][info][gc,cpu         ] GC(586) User=0.02s Sys=0.00s Real=0.02s
[60.037s][info][gc,start       ] GC(587) Pause Young (Allocation Failure)
[60.051s][info][gc,heap        ] GC(587) DefNew: 145917K(157248K)->6558K(157248K) Eden: 139776K(139776K)->0K(139776K) From: 6141K(17472K)->6558K(17472K)
[60.051s][info][gc,heap        ] GC(587) Tenured: 7864K(349568K)->7864K(349568K)
[60.051s][info][gc,metaspace   ] GC(587) Metaspace: 8620K(8896K)->8620K(8896K) NonClass: 7468K(7616K)->7468K(7616K) Class: 1151K(1280K)->1151K(1280K)
[60.051s][info][gc             ] GC(587) Pause Young (Allocation Failure) 150M->14M(494M) 14.598ms
[60.051s][info][gc,cpu         ] GC(587) User=0.02s Sys=0.00s Real=0.02s
[60.119s][info][gc,start       ] GC(588) Pause Young (Allocation Failure)
[60.134s][info][gc,heap        ] GC(588) DefNew: 146334K(157248K)->7050K(157248K) Eden: 139776K(139776K)->0K(139776K) From: 6558K(17472K)->7050K(17472K)
[60.134s][info][gc,heap        ] GC(588) Tenured: 7864K(349568K)->7864K(349568K)
[60.134s][info][gc,metaspace   ] GC(588) Metaspace: 8620K(8896K)->8620K(8896K) NonClass: 7468K(7616K)->7468K(7616K) Class: 1151K(1280K)->1151K(1280K)
[60.134s][info][gc             ] GC(588) Pause Young (Allocation Failure) 150M->14M(494M) 15.002ms
[60.134s][info][gc,cpu         ] GC(588) User=0.02s Sys=0.00s Real=0.02s
[60.210s][info][gc,start       ] GC(589) Pause Young (Allocation Failure)
[60.227s][info][gc,heap        ] GC(589) DefNew: 146826K(157248K)->7442K(157248K) Eden: 139776K(139776K)->0K(139776K) From: 7050K(17472K)->7442K(17472K)
[60.227s][info][gc,heap        ] GC(589) Tenured: 7864K(349568K)->7864K(349568K)
[60.227s][info][gc,metaspace   ] GC(589) Metaspace: 8620K(8896K)->8620K(8896K) NonClass: 7468K(7616K)->7468K(7616K) Class: 1151K(1280K)->1151K(1280K)
[60.228s][info][gc             ] GC(589) Pause Young (Allocation Failure) 151M->14M(494M) 17.632ms
[60.228s][info][gc,cpu         ] GC(589) User=0.03s Sys=0.00s Real=0.02s
[60.298s][info][gc,start       ] GC(590) Pause Young (Allocation Failure)
[60.315s][info][gc,heap        ] GC(590) DefNew: 147218K(157248K)->7876K(157248K) Eden: 139776K(139776K)->0K(139776K) From: 7442K(17472K)->7876K(17472K)
[60.315s][info][gc,heap        ] GC(590) Tenured: 7864K(349568K)->7864K(349568K)
[60.315s][info][gc,metaspace   ] GC(590) Metaspace: 8620K(8896K)->8620K(8896K) NonClass: 7468K(7616K)->7468K(7616K) Class: 1151K(1280K)->1151K(1280K)
[60.315s][info][gc             ] GC(590) Pause Young (Allocation Failure) 151M->15M(494M) 16.590ms
[60.315s][info][gc,cpu         ] GC(590) User=0.02s Sys=0.00s Real=0.02s
[60.386s][info][gc,start       ] GC(591) Pause Young (Allocation Failure)
[60.404s][info][gc,heap        ] GC(591) DefNew: 147652K(157248K)->8329K(157248K) Eden: 139776K(139776K)->0K(139776K) From: 7876K(17472K)->8329K(17472K)
[60.404s][info][gc,heap        ] GC(591) Tenured: 7864K(349568K)->7864K(349568K)
[60.404s][info][gc,metaspace   ] GC(591) Metaspace: 8620K(8896K)->8620K(8896K) NonClass: 7468K(7616K)->7468K(7616K) Class: 1151K(1280K)->1151K(1280K)
[60.404s][info][gc             ] GC(591) Pause Young (Allocation Failure) 151M->15M(494M) 18.045ms
[60.404s][info][gc,cpu         ] GC(591) User=0.02s Sys=0.00s Real=0.02s
[60.508s][info][gc,start       ] GC(592) Pause Young (Allocation Failure)
[60.553s][info][gc,heap        ] GC(592) DefNew: 148105K(157248K)->17471K(157248K) Eden: 139776K(139776K)->0K(139776K) From: 8329K(17472K)->17471K(17472K)
[60.553s][info][gc,heap        ] GC(592) Tenured: 7864K(349568K)->7921K(349568K)
[60.553s][info][gc,metaspace   ] GC(592) Metaspace: 8620K(8896K)->8620K(8896K) NonClass: 7468K(7616K)->7468K(7616K) Class: 1151K(1280K)->1151K(1280K)
[60.553s][info][gc             ] GC(592) Pause Young (Allocation Failure) 152M->24M(494M) 45.039ms
[60.553s][info][gc,cpu         ] GC(592) User=0.05s Sys=0.00s Real=0.05s
[60.632s][info][gc,start       ] GC(593) Pause Young (Allocation Failure)
[60.664s][info][gc,heap        ] GC(593) DefNew: 157247K(157248K)->518K(157248K) Eden: 139776K(139776K)->0K(139776K) From: 17471K(17472K)->518K(17472K)
[60.664s][info][gc,heap        ] GC(593) Tenured: 7921K(349568K)->25347K(349568K)
[60.664s][info][gc,metaspace   ] GC(593) Metaspace: 8620K(8896K)->8620K(8896K) NonClass: 7468K(7616K)->7468K(7616K) Class: 1151K(1280K)->1151K(1280K)
[60.664s][info][gc             ] GC(593) Pause Young (Allocation Failure) 161M->25M(494M) 31.266ms
[60.664s][info][gc,cpu         ] GC(593) User=0.03s Sys=0.00s Real=0.03s
[60.740s][info][gc,start       ] GC(594) Pause Young (Allocation Failure)
[60.744s][info][gc,heap        ] GC(594) DefNew: 140294K(157248K)->943K(157248K) Eden: 139776K(139776K)->0K(139776K) From: 518K(17472K)->943K(17472K)
[60.744s][info][gc,heap        ] GC(594) Tenured: 25347K(349568K)->25347K(349568K)
[60.744s][info][gc,metaspace   ] GC(594) Metaspace: 8620K(8896K)->8620K(8896K) NonClass: 7468K(7616K)->7468K(7616K) Class: 1151K(1280K)->1151K(1280K)
[60.744s][info][gc             ] GC(594) Pause Young (Allocation Failure) 161M->25M(494M) 3.568ms
[60.744s][info][gc,cpu         ] GC(594) User=0.02s Sys=0.00s Real=0.02s
[60.814s][info][gc,start       ] GC(595) Pause Young (Allocation Failure)
[60.829s][info][gc,heap        ] GC(595) DefNew: 140719K(157248K)->5189K(157248K) Eden: 139776K(139776K)->0K(139776K) From: 943K(17472K)->5189K(17472K)
[60.829s][info][gc,heap        ] GC(595) Tenured: 25347K(349568K)->25347K(349568K)
[60.829s][info][gc,metaspace   ] GC(595) Metaspace: 8620K(8896K)->8620K(8896K) NonClass: 7468K(7616K)->7468K(7616K) Class: 1151K(1280K)->1151K(1280K)
[60.829s][info][gc             ] GC(595) Pause Young (Allocation Failure) 162M->29M(494M) 15.673ms
[60.829s][info][gc,cpu         ] GC(595) User=0.02s Sys=0.00s Real=0.02s
[60.899s][info][gc,start       ] GC(596) Pause Young (Allocation Failure)
[60.913s][info][gc,heap        ] GC(596) DefNew: 144965K(157248K)->5633K(157248K) Eden: 139776K(139776K)->0K(139776K) From: 5189K(17472K)->5633K(17472K)
[60.913s][info][gc,heap        ] GC(596) Tenured: 25347K(349568K)->25347K(349568K)
[60.913s][info][gc,metaspace   ] GC(596) Metaspace: 8620K(8896K)->8620K(8896K) NonClass: 7468K(7616K)->7468K(7616K) Class: 1151K(1280K)->1151K(1280K)
[60.913s][info][gc             ] GC(596) Pause Young (Allocation Failure) 166M->30M(494M) 13.981ms
[60.913s][info][gc,cpu         ] GC(596) User=0.02s Sys=0.00s Real=0.02s
[60.980s][info][gc,start       ] GC(597) Pause Young (Allocation Failure)
[61.015s][info][gc,heap        ] GC(597) DefNew: 145409K(157248K)->6127K(157248K) Eden: 139776K(139776K)->0K(139776K) From: 5633K(17472K)->6127K(17472K)
[61.015s][info][gc,heap        ] GC(597) Tenured: 25347K(349568K)->25347K(349568K)
[61.015s][info][gc,metaspace   ] GC(597) Metaspace: 8620K(8896K)->8620K(8896K) NonClass: 7468K(7616K)->7468K(7616K) Class: 1151K(1280K)->1151K(1280K)
[61.015s][info][gc             ] GC(597) Pause Young (Allocation Failure) 166M->30M(494M) 35.010ms
[61.015s][info][gc,cpu         ] GC(597) User=0.00s Sys=0.00s Real=0.03s
[61.096s][info][gc,start       ] GC(598) Pause Young (Allocation Failure)
[61.113s][info][gc,heap        ] GC(598) DefNew: 145903K(157248K)->6511K(157248K) Eden: 139776K(139776K)->0K(139776K) From: 6127K(17472K)->6511K(17472K)
[61.114s][info][gc,heap        ] GC(598) Tenured: 25347K(349568K)->25347K(349568K)
[61.114s][info][gc,metaspace   ] GC(598) Metaspace: 8620K(8896K)->8620K(8896K) NonClass: 7468K(7616K)->7468K(7616K) Class: 1151K(1280K)->1151K(1280K)
[61.114s][info][gc             ] GC(598) Pause Young (Allocation Failure) 167M->31M(494M) 17.294ms
[61.114s][info][gc,cpu         ] GC(598) User=0.02s Sys=0.00s Real=0.02s
[61.184s][info][gc,start       ] GC(599) Pause Young (Allocation Failure)
[61.199s][info][gc,heap        ] GC(599) DefNew: 146287K(157248K)->6947K(157248K) Eden: 139776K(139776K)->0K(139776K) From: 6511K(17472K)->6947K(17472K)
[61.199s][info][gc,heap        ] GC(599) Tenured: 25347K(349568K)->25347K(349568K)
[61.199s][info][gc,metaspace   ] GC(599) Metaspace: 8620K(8896K)->8620K(8896K) NonClass: 7468K(7616K)->7468K(7616K) Class: 1151K(1280K)->1151K(1280K)
[61.199s][info][gc             ] GC(599) Pause Young (Allocation Failure) 167M->31M(494M) 15.295ms
[61.199s][info][gc,cpu         ] GC(599) User=0.02s Sys=0.00s Real=0.02s
[61.270s][info][gc,start       ] GC(600) Pause Young (Allocation Failure)
[61.287s][info][gc,heap        ] GC(600) DefNew: 146723K(157248K)->7410K(157248K) Eden: 139776K(139776K)->0K(139776K) From: 6947K(17472K)->7410K(17472K)
[61.287s][info][gc,heap        ] GC(600) Tenured: 25347K(349568K)->25347K(349568K)
[61.287s][info][gc,metaspace   ] GC(600) Metaspace: 8620K(8896K)->8620K(8896K) NonClass: 7468K(7616K)->7468K(7616K) Class: 1151K(1280K)->1151K(1280K)
[61.287s][info][gc             ] GC(600) Pause Young (Allocation Failure) 168M->31M(494M) 16.900ms
[61.287s][info][gc,cpu         ] GC(600) User=0.02s Sys=0.00s Real=0.02s
[61.368s][info][gc,start       ] GC(601) Pause Young (Allocation Failure)
[61.398s][info][gc,heap        ] GC(601) DefNew: 147186K(157248K)->12166K(157248K) Eden: 139776K(139776K)->0K(139776K) From: 7410K(17472K)->12166K(17472K)
[61.398s][info][gc,heap        ] GC(601) Tenured: 25347K(349568K)->25347K(349568K)
[61.398s][info][gc,metaspace   ] GC(601) Metaspace: 8620K(8896K)->8620K(8896K) NonClass: 7468K(7616K)->7468K(7616K) Class: 1151K(1280K)->1151K(1280K)
[61.398s][info][gc             ] GC(601) Pause Young (Allocation Failure) 168M->36M(494M) 29.692ms
[61.398s][info][gc,cpu         ] GC(601) User=0.03s Sys=0.00s Real=0.03s
[61.476s][info][gc,start       ] GC(602) Pause Young (Allocation Failure)
[61.499s][info][gc,heap        ] GC(602) DefNew: 151942K(157248K)->7728K(157248K) Eden: 139776K(139776K)->0K(139776K) From: 12166K(17472K)->7728K(17472K)
[61.499s][info][gc,heap        ] GC(602) Tenured: 25347K(349568K)->30245K(349568K)
[61.499s][info][gc,metaspace   ] GC(602) Metaspace: 8620K(8896K)->8620K(8896K) NonClass: 7468K(7616K)->7468K(7616K) Class: 1151K(1280K)->1151K(1280K)
[61.499s][info][gc             ] GC(602) Pause Young (Allocation Failure) 173M->37M(494M) 23.396ms
[61.499s][info][gc,cpu         ] GC(602) User=0.02s Sys=0.00s Real=0.02s
[61.574s][info][gc,start       ] GC(603) Pause Young (Allocation Failure)
[61.591s][info][gc,heap        ] GC(603) DefNew: 147504K(157248K)->8177K(157248K) Eden: 139776K(139776K)->0K(139776K) From: 7728K(17472K)->8177K(17472K)
[61.591s][info][gc,heap        ] GC(603) Tenured: 30245K(349568K)->30245K(349568K)
[61.591s][info][gc,metaspace   ] GC(603) Metaspace: 8620K(8896K)->8620K(8896K) NonClass: 7468K(7616K)->7468K(7616K) Class: 1151K(1280K)->1151K(1280K)
[61.591s][info][gc             ] GC(603) Pause Young (Allocation Failure) 173M->37M(494M) 17.814ms
[61.591s][info][gc,cpu         ] GC(603) User=0.02s Sys=0.00s Real=0.02s
[61.669s][info][gc,start       ] GC(604) Pause Young (Allocation Failure)
[61.689s][info][gc,heap        ] GC(604) DefNew: 147953K(157248K)->8709K(157248K) Eden: 139776K(139776K)->0K(139776K) From: 8177K(17472K)->8709K(17472K)
[61.689s][info][gc,heap        ] GC(604) Tenured: 30245K(349568K)->30245K(349568K)
[61.689s][info][gc,metaspace   ] GC(604) Metaspace: 8620K(8896K)->8620K(8896K) NonClass: 7468K(7616K)->7468K(7616K) Class: 1151K(1280K)->1151K(1280K)
[61.689s][info][gc             ] GC(604) Pause Young (Allocation Failure) 174M->38M(494M) 20.574ms
[61.689s][info][gc,cpu         ] GC(604) User=0.03s Sys=0.00s Real=0.03s
[61.762s][info][gc,start       ] GC(605) Pause Young (Allocation Failure)
[61.782s][info][gc,heap        ] GC(605) DefNew: 148485K(157248K)->9132K(157248K) Eden: 139776K(139776K)->0K(139776K) From: 8709K(17472K)->9132K(17472K)
[61.782s][info][gc,heap        ] GC(605) Tenured: 30245K(349568K)->30245K(349568K)
[61.782s][info][gc,metaspace   ] GC(605) Metaspace: 8620K(8896K)->8620K(8896K) NonClass: 7468K(7616K)->7468K(7616K) Class: 1151K(1280K)->1151K(1280K)
[61.782s][info][gc             ] GC(605) Pause Young (Allocation Failure) 174M->38M(494M) 20.023ms
[61.782s][info][gc,cpu         ] GC(605) User=0.03s Sys=0.00s Real=0.03s
[61.854s][info][gc,start       ] GC(606) Pause Young (Allocation Failure)
[61.875s][info][gc,heap        ] GC(606) DefNew: 148908K(157248K)->8403K(157248K) Eden: 139776K(139776K)->0K(139776K) From: 9132K(17472K)->8403K(17472K)
[61.875s][info][gc,heap        ] GC(606) Tenured: 30245K(349568K)->31449K(349568K)
[61.875s][info][gc,metaspace   ] GC(606) Metaspace: 8620K(8896K)->8620K(8896K) NonClass: 7468K(7616K)->7468K(7616K) Class: 1151K(1280K)->1151K(1280K)
[61.875s][info][gc             ] GC(606) Pause Young (Allocation Failure) 174M->38M(494M) 21.051ms
[61.876s][info][gc,cpu         ] GC(606) User=0.03s Sys=0.00s Real=0.03s
[61.950s][info][gc,start       ] GC(607) Pause Young (Allocation Failure)
[61.972s][info][gc,heap        ] GC(607) DefNew: 148179K(157248K)->8810K(157248K) Eden: 139776K(139776K)->0K(139776K) From: 8403K(17472K)->8810K(17472K)
[61.972s][info][gc,heap        ] GC(607) Tenured: 31449K(349568K)->31449K(349568K)
[61.972s][info][gc,metaspace   ] GC(607) Metaspace: 8620K(8896K)->8620K(8896K) NonClass: 7468K(7616K)->7468K(7616K) Class: 1151K(1280K)->1151K(1280K)
[61.972s][info][gc             ] GC(607) Pause Young (Allocation Failure) 175M->39M(494M) 21.891ms
[61.972s][info][gc,cpu         ] GC(607) User=0.03s Sys=0.00s Real=0.03s
[62.048s][info][gc,start       ] GC(608) Pause Young (Allocation Failure)
[62.070s][info][gc,heap        ] GC(608) DefNew: 148586K(157248K)->3491K(157248K) Eden: 139776K(139776K)->0K(139776K) From: 8810K(17472K)->3491K(17472K)
[62.070s][info][gc,heap        ] GC(608) Tenured: 31449K(349568K)->37179K(349568K)
[62.070s][info][gc,metaspace   ] GC(608) Metaspace: 8620K(8896K)->8620K(8896K) NonClass: 7468K(7616K)->7468K(7616K) Class: 1151K(1280K)->1151K(1280K)
[62.070s][info][gc             ] GC(608) Pause Young (Allocation Failure) 175M->39M(494M) 21.332ms
[62.070s][info][gc,cpu         ] GC(608) User=0.02s Sys=0.00s Real=0.02s
[62.142s][info][gc,start       ] GC(609) Pause Young (Allocation Failure)
[62.152s][info][gc,heap        ] GC(609) DefNew: 143267K(157248K)->3981K(157248K) Eden: 139776K(139776K)->0K(139776K) From: 3491K(17472K)->3981K(17472K)
[62.152s][info][gc,heap        ] GC(609) Tenured: 37179K(349568K)->37179K(349568K)
[62.152s][info][gc,metaspace   ] GC(609) Metaspace: 8620K(8896K)->8620K(8896K) NonClass: 7468K(7616K)->7468K(7616K) Class: 1151K(1280K)->1151K(1280K)
[62.152s][info][gc             ] GC(609) Pause Young (Allocation Failure) 176M->40M(494M) 10.329ms
[62.152s][info][gc,cpu         ] GC(609) User=0.00s Sys=0.00s Real=0.00s
[62.542s][info][gc,start       ] GC(610) Pause Young (Allocation Failure)
[62.686s][info][gc,heap        ] GC(610) DefNew: 143757K(157248K)->17472K(157248K) Eden: 139776K(139776K)->0K(139776K) From: 3981K(17472K)->17472K(17472K)
[62.686s][info][gc,heap        ] GC(610) Tenured: 37179K(349568K)->73386K(349568K)
[62.686s][info][gc,metaspace   ] GC(610) Metaspace: 8620K(8896K)->8620K(8896K) NonClass: 7469K(7616K)->7469K(7616K) Class: 1151K(1280K)->1151K(1280K)
[62.686s][info][gc             ] GC(610) Pause Young (Allocation Failure) 176M->88M(494M) 144.172ms
[62.686s][info][gc,cpu         ] GC(610) User=0.14s Sys=0.00s Real=0.14s
[62.738s][info][gc,start       ] GC(611) Pause Full (System.gc())
[62.738s][info][gc,phases,start] GC(611) Phase 1: Mark live objects
[62.749s][info][gc,phases      ] GC(611) Phase 1: Mark live objects 11.158ms
[62.749s][info][gc,phases,start] GC(611) Phase 2: Compute new object addresses
[62.781s][info][gc,phases      ] GC(611) Phase 2: Compute new object addresses 31.895ms
[62.781s][info][gc,phases,start] GC(611) Phase 3: Adjust pointers
[62.784s][info][gc,phases      ] GC(611) Phase 3: Adjust pointers 2.697ms
[62.784s][info][gc,phases,start] GC(611) Phase 4: Move objects
[62.784s][info][gc,phases      ] GC(611) Phase 4: Move objects 0.011ms
[62.784s][info][gc,heap        ] GC(611) DefNew: 42625K(157248K)->0K(157248K) Eden: 25153K(139776K)->0K(139776K) From: 17472K(17472K)->0K(17472K)
[62.784s][info][gc,heap        ] GC(611) Tenured: 73386K(349568K)->3528K(349568K)
[62.784s][info][gc,metaspace   ] GC(611) Metaspace: 8621K(8896K)->8621K(8896K) NonClass: 7470K(7616K)->7470K(7616K) Class: 1151K(1280K)->1151K(1280K)
[62.784s][info][gc             ] GC(611) Pause Full (System.gc()) 113M->3M(494M) 46.139ms
[62.784s][info][gc,cpu         ] GC(611) User=0.05s Sys=0.00s Real=0.05s
[62.879s][info][gc,start       ] GC(612) Pause Young (Allocation Failure)
[62.881s][info][gc,heap        ] GC(612) DefNew: 139776K(157248K)->518K(157248K) Eden: 139776K(139776K)->0K(139776K) From: 0K(17472K)->518K(17472K)
[62.881s][info][gc,heap        ] GC(612) Tenured: 3528K(349568K)->3528K(349568K)
[62.881s][info][gc,metaspace   ] GC(612) Metaspace: 8626K(8896K)->8626K(8896K) NonClass: 7475K(7616K)->7475K(7616K) Class: 1151K(1280K)->1151K(1280K)
[62.881s][info][gc             ] GC(612) Pause Young (Allocation Failure) 139M->3M(494M) 2.318ms
[62.881s][info][gc,cpu         ] GC(612) User=0.00s Sys=0.00s Real=0.00s
[62.955s][info][gc,start       ] GC(613) Pause Young (Allocation Failure)
[62.958s][info][gc,heap        ] GC(613) DefNew: 140294K(157248K)->962K(157248K) Eden: 139776K(139776K)->0K(139776K) From: 518K(17472K)->962K(17472K)
[62.958s][info][gc,heap        ] GC(613) Tenured: 3528K(349568K)->3528K(349568K)
[62.958s][info][gc,metaspace   ] GC(613) Metaspace: 8626K(8896K)->8626K(8896K) NonClass: 7475K(7616K)->7475K(7616K) Class: 1151K(1280K)->1151K(1280K)
[62.958s][info][gc             ] GC(613) Pause Young (Allocation Failure) 140M->4M(494M) 3.419ms
[62.958s][info][gc,cpu         ] GC(613) User=0.00s Sys=0.00s Real=0.00s
[63.022s][info][gc,start       ] GC(614) Pause Young (Allocation Failure)
[63.027s][info][gc,heap        ] GC(614) DefNew: 140738K(157248K)->1442K(157248K) Eden: 139776K(139776K)->0K(139776K) From: 962K(17472K)->1442K(17472K)
[63.027s][info][gc,heap        ] GC(614) Tenured: 3528K(349568K)->3528K(349568K)
[63.027s][info][gc,metaspace   ] GC(614) Metaspace: 8626K(8896K)->8626K(8896K) NonClass: 7475K(7616K)->7475K(7616K) Class: 1151K(1280K)->1151K(1280K)
[63.027s][info][gc             ] GC(614) Pause Young (Allocation Failure) 140M->4M(494M) 4.866ms
[63.027s][info][gc,cpu         ] GC(614) User=0.00s Sys=0.00s Real=0.00s
[63.097s][info][gc,start       ] GC(615) Pause Young (Allocation Failure)
[63.104s][info][gc,heap        ] GC(615) DefNew: 141218K(157248K)->1942K(157248K) Eden: 139776K(139776K)->0K(139776K) From: 1442K(17472K)->1942K(17472K)
[63.104s][info][gc,heap        ] GC(615) Tenured: 3528K(349568K)->3528K(349568K)
[63.104s][info][gc,metaspace   ] GC(615) Metaspace: 8626K(8896K)->8626K(8896K) NonClass: 7475K(7616K)->7475K(7616K) Class: 1151K(1280K)->1151K(1280K)
[63.104s][info][gc             ] GC(615) Pause Young (Allocation Failure) 141M->5M(494M) 6.665ms
[63.104s][info][gc,cpu         ] GC(615) User=0.00s Sys=0.00s Real=0.00s
[63.170s][info][gc,start       ] GC(616) Pause Young (Allocation Failure)
[63.177s][info][gc,heap        ] GC(616) DefNew: 141718K(157248K)->2391K(157248K) Eden: 139776K(139776K)->0K(139776K) From: 1942K(17472K)->2391K(17472K)
[63.177s][info][gc,heap        ] GC(616) Tenured: 3528K(349568K)->3528K(349568K)
[63.177s][info][gc,metaspace   ] GC(616) Metaspace: 8626K(8896K)->8626K(8896K) NonClass: 7475K(7616K)->7475K(7616K) Class: 1151K(1280K)->1151K(1280K)
[63.177s][info][gc             ] GC(616) Pause Young (Allocation Failure) 141M->5M(494M) 6.837ms
[63.177s][info][gc,cpu         ] GC(616) User=0.02s Sys=0.00s Real=0.02s
[63.241s][info][gc,start       ] GC(617) Pause Young (Allocation Failure)
[63.248s][info][gc,heap        ] GC(617) DefNew: 142167K(157248K)->2848K(157248K) Eden: 139776K(139776K)->0K(139776K) From: 2391K(17472K)->2848K(17472K)
[63.248s][info][gc,heap        ] GC(617) Tenured: 3528K(349568K)->3528K(349568K)
[63.248s][info][gc,metaspace   ] GC(617) Metaspace: 8626K(8896K)->8626K(8896K) NonClass: 7475K(7616K)->7475K(7616K) Class: 1151K(1280K)->1151K(1280K)
[63.249s][info][gc             ] GC(617) Pause Young (Allocation Failure) 142M->6M(494M) 7.689ms
[63.249s][info][gc,cpu         ] GC(617) User=0.00s Sys=0.00s Real=0.00s
[63.319s][info][gc,start       ] GC(618) Pause Young (Allocation Failure)
[63.329s][info][gc,heap        ] GC(618) DefNew: 142624K(157248K)->3238K(157248K) Eden: 139776K(139776K)->0K(139776K) From: 2848K(17472K)->3238K(17472K)
[63.329s][info][gc,heap        ] GC(618) Tenured: 3528K(349568K)->3528K(349568K)
[63.329s][info][gc,metaspace   ] GC(618) Metaspace: 8626K(8896K)->8626K(8896K) NonClass: 7475K(7616K)->7475K(7616K) Class: 1151K(1280K)->1151K(1280K)
[63.329s][info][gc             ] GC(618) Pause Young (Allocation Failure) 142M->6M(494M) 9.938ms
[63.329s][info][gc,cpu         ] GC(618) User=0.02s Sys=0.00s Real=0.01s
[63.395s][info][gc,start       ] GC(619) Pause Young (Allocation Failure)
[63.405s][info][gc,heap        ] GC(619) DefNew: 143014K(157248K)->3676K(157248K) Eden: 139776K(139776K)->0K(139776K) From: 3238K(17472K)->3676K(17472K)
[63.405s][info][gc,heap        ] GC(619) Tenured: 3528K(349568K)->3528K(349568K)
[63.405s][info][gc,metaspace   ] GC(619) Metaspace: 8626K(8896K)->8626K(8896K) NonClass: 7475K(7616K)->7475K(7616K) Class: 1151K(1280K)->1151K(1280K)
[63.405s][info][gc             ] GC(619) Pause Young (Allocation Failure) 143M->7M(494M) 9.559ms
[63.405s][info][gc,cpu         ] GC(619) User=0.00s Sys=0.02s Real=0.01s
[63.474s][info][gc,start       ] GC(620) Pause Young (Allocation Failure)
[63.485s][info][gc,heap        ] GC(620) DefNew: 143452K(157248K)->4276K(157248K) Eden: 139776K(139776K)->0K(139776K) From: 3676K(17472K)->4276K(17472K)
[63.485s][info][gc,heap        ] GC(620) Tenured: 3528K(349568K)->3528K(349568K)
[63.485s][info][gc,metaspace   ] GC(620) Metaspace: 8626K(8896K)->8626K(8896K) NonClass: 7475K(7616K)->7475K(7616K) Class: 1151K(1280K)->1151K(1280K)
[63.485s][info][gc             ] GC(620) Pause Young (Allocation Failure) 143M->7M(494M) 11.510ms
[63.485s][info][gc,cpu         ] GC(620) User=0.02s Sys=0.00s Real=0.02s
[63.562s][info][gc,start       ] GC(621) Pause Young (Allocation Failure)
[63.578s][info][gc,heap        ] GC(621) DefNew: 144052K(157248K)->4837K(157248K) Eden: 139776K(139776K)->0K(139776K) From: 4276K(17472K)->4837K(17472K)
[63.578s][info][gc,heap        ] GC(621) Tenured: 3528K(349568K)->3528K(349568K)
[63.578s][info][gc,metaspace   ] GC(621) Metaspace: 8626K(8896K)->8626K(8896K) NonClass: 7475K(7616K)->7475K(7616K) Class: 1151K(1280K)->1151K(1280K)
[63.578s][info][gc             ] GC(621) Pause Young (Allocation Failure) 144M->8M(494M) 15.987ms
[63.578s][info][gc,cpu         ] GC(621) User=0.02s Sys=0.00s Real=0.01s
[63.646s][info][gc,start       ] GC(622) Pause Young (Allocation Failure)
[63.658s][info][gc,heap        ] GC(622) DefNew: 144613K(157248K)->5259K(157248K) Eden: 139776K(139776K)->0K(139776K) From: 4837K(17472K)->5259K(17472K)
[63.658s][info][gc,heap        ] GC(622) Tenured: 3528K(349568K)->3528K(349568K)
[63.658s][info][gc,metaspace   ] GC(622) Metaspace: 8626K(8896K)->8626K(8896K) NonClass: 7475K(7616K)->7475K(7616K) Class: 1151K(1280K)->1151K(1280K)
[63.658s][info][gc             ] GC(622) Pause Young (Allocation Failure) 144M->8M(494M) 11.976ms
[63.658s][info][gc,cpu         ] GC(622) User=0.02s Sys=0.00s Real=0.01s
[63.726s][info][gc,start       ] GC(623) Pause Young (Allocation Failure)
[63.738s][info][gc,heap        ] GC(623) DefNew: 145035K(157248K)->5708K(157248K) Eden: 139776K(139776K)->0K(139776K) From: 5259K(17472K)->5708K(17472K)
[63.738s][info][gc,heap        ] GC(623) Tenured: 3528K(349568K)->3528K(349568K)
[63.738s][info][gc,metaspace   ] GC(623) Metaspace: 8626K(8896K)->8626K(8896K) NonClass: 7475K(7616K)->7475K(7616K) Class: 1151K(1280K)->1151K(1280K)
[63.739s][info][gc             ] GC(623) Pause Young (Allocation Failure) 145M->9M(494M) 12.784ms
[63.739s][info][gc,cpu         ] GC(623) User=0.02s Sys=0.00s Real=0.02s
[63.811s][info][gc,start       ] GC(624) Pause Young (Allocation Failure)
[63.827s][info][gc,heap        ] GC(624) DefNew: 145484K(157248K)->6237K(157248K) Eden: 139776K(139776K)->0K(139776K) From: 5708K(17472K)->6237K(17472K)
[63.827s][info][gc,heap        ] GC(624) Tenured: 3528K(349568K)->3528K(349568K)
[63.827s][info][gc,metaspace   ] GC(624) Metaspace: 8626K(8896K)->8626K(8896K) NonClass: 7475K(7616K)->7475K(7616K) Class: 1151K(1280K)->1151K(1280K)
[63.827s][info][gc             ] GC(624) Pause Young (Allocation Failure) 145M->9M(494M) 15.653ms
[63.827s][info][gc,cpu         ] GC(624) User=0.02s Sys=0.00s Real=0.02s
[63.910s][info][gc,start       ] GC(625) Pause Young (Allocation Failure)
[63.926s][info][gc,heap        ] GC(625) DefNew: 146013K(157248K)->6694K(157248K) Eden: 139776K(139776K)->0K(139776K) From: 6237K(17472K)->6694K(17472K)
[63.926s][info][gc,heap        ] GC(625) Tenured: 3528K(349568K)->3528K(349568K)
[63.926s][info][gc,metaspace   ] GC(625) Metaspace: 8626K(8896K)->8626K(8896K) NonClass: 7475K(7616K)->7475K(7616K) Class: 1151K(1280K)->1151K(1280K)
[63.926s][info][gc             ] GC(625) Pause Young (Allocation Failure) 146M->9M(494M) 15.944ms
[63.926s][info][gc,cpu         ] GC(625) User=0.02s Sys=0.00s Real=0.02s
[64.003s][info][gc,start       ] GC(626) Pause Young (Allocation Failure)
[64.019s][info][gc,heap        ] GC(626) DefNew: 146470K(157248K)->7114K(157248K) Eden: 139776K(139776K)->0K(139776K) From: 6694K(17472K)->7114K(17472K)
[64.019s][info][gc,heap        ] GC(626) Tenured: 3528K(349568K)->3528K(349568K)
[64.019s][info][gc,metaspace   ] GC(626) Metaspace: 8626K(8896K)->8626K(8896K) NonClass: 7475K(7616K)->7475K(7616K) Class: 1151K(1280K)->1151K(1280K)
[64.019s][info][gc             ] GC(626) Pause Young (Allocation Failure) 146M->10M(494M) 15.963ms
[64.019s][info][gc,cpu         ] GC(626) User=0.02s Sys=0.00s Real=0.02s
[64.092s][info][gc,start       ] GC(627) Pause Young (Allocation Failure)
[64.110s][info][gc,heap        ] GC(627) DefNew: 146890K(157248K)->7528K(157248K) Eden: 139776K(139776K)->0K(139776K) From: 7114K(17472K)->7528K(17472K)
[64.110s][info][gc,heap        ] GC(627) Tenured: 3528K(349568K)->3533K(349568K)
[64.110s][info][gc,metaspace   ] GC(627) Metaspace: 8626K(8896K)->8626K(8896K) NonClass: 7475K(7616K)->7475K(7616K) Class: 1151K(1280K)->1151K(1280K)
[64.110s][info][gc             ] GC(627) Pause Young (Allocation Failure) 146M->10M(494M) 18.324ms
[64.110s][info][gc,cpu         ] GC(627) User=0.03s Sys=0.00s Real=0.03s
[64.182s][info][gc,start       ] GC(628) Pause Young (Allocation Failure)
[64.200s][info][gc,heap        ] GC(628) DefNew: 147304K(157248K)->7983K(157248K) Eden: 139776K(139776K)->0K(139776K) From: 7528K(17472K)->7983K(17472K)
[64.200s][info][gc,heap        ] GC(628) Tenured: 3533K(349568K)->3533K(349568K)
[64.200s][info][gc,metaspace   ] GC(628) Metaspace: 8626K(8896K)->8626K(8896K) NonClass: 7475K(7616K)->7475K(7616K) Class: 1151K(1280K)->1151K(1280K)
[64.200s][info][gc             ] GC(628) Pause Young (Allocation Failure) 147M->11M(494M) 18.135ms
[64.200s][info][gc,cpu         ] GC(628) User=0.02s Sys=0.00s Real=0.02s
[64.287s][info][gc,start       ] GC(629) Pause Young (Allocation Failure)
[64.304s][info][gc,heap        ] GC(629) DefNew: 147759K(157248K)->8438K(157248K) Eden: 139776K(139776K)->0K(139776K) From: 7983K(17472K)->8438K(17472K)
[64.304s][info][gc,heap        ] GC(629) Tenured: 3533K(349568K)->3533K(349568K)
[64.304s][info][gc,metaspace   ] GC(629) Metaspace: 8626K(8896K)->8626K(8896K) NonClass: 7475K(7616K)->7475K(7616K) Class: 1151K(1280K)->1151K(1280K)
[64.304s][info][gc             ] GC(629) Pause Young (Allocation Failure) 147M->11M(494M) 17.152ms
[64.304s][info][gc,cpu         ] GC(629) User=0.02s Sys=0.00s Real=0.02s
[64.387s][info][gc,start       ] GC(630) Pause Young (Allocation Failure)
[64.410s][info][gc,heap        ] GC(630) DefNew: 148214K(157248K)->9049K(157248K) Eden: 139776K(139776K)->0K(139776K) From: 8438K(17472K)->9049K(17472K)
[64.410s][info][gc,heap        ] GC(630) Tenured: 3533K(349568K)->3533K(349568K)
[64.410s][info][gc,metaspace   ] GC(630) Metaspace: 8626K(8896K)->8626K(8896K) NonClass: 7475K(7616K)->7475K(7616K) Class: 1151K(1280K)->1151K(1280K)
[64.410s][info][gc             ] GC(630) Pause Young (Allocation Failure) 148M->12M(494M) 22.823ms
[64.410s][info][gc,cpu         ] GC(630) User=0.03s Sys=0.00s Real=0.03s
[64.480s][info][gc,start       ] GC(631) Pause Young (Allocation Failure)
[64.501s][info][gc,heap        ] GC(631) DefNew: 148825K(157248K)->5167K(157248K) Eden: 139776K(139776K)->0K(139776K) From: 9049K(17472K)->5167K(17472K)
[64.501s][info][gc,heap        ] GC(631) Tenured: 3533K(349568K)->7864K(349568K)
[64.501s][info][gc,metaspace   ] GC(631) Metaspace: 8626K(8896K)->8626K(8896K) NonClass: 7475K(7616K)->7475K(7616K) Class: 1151K(1280K)->1151K(1280K)
[64.501s][info][gc             ] GC(631) Pause Young (Allocation Failure) 148M->12M(494M) 20.298ms
[64.501s][info][gc,cpu         ] GC(631) User=0.03s Sys=0.00s Real=0.03s
[64.572s][info][gc,start       ] GC(632) Pause Young (Allocation Failure)
[64.585s][info][gc,heap        ] GC(632) DefNew: 144943K(157248K)->5640K(157248K) Eden: 139776K(139776K)->0K(139776K) From: 5167K(17472K)->5640K(17472K)
[64.585s][info][gc,heap        ] GC(632) Tenured: 7864K(349568K)->7864K(349568K)
[64.585s][info][gc,metaspace   ] GC(632) Metaspace: 8626K(8896K)->8626K(8896K) NonClass: 7475K(7616K)->7475K(7616K) Class: 1151K(1280K)->1151K(1280K)
[64.585s][info][gc             ] GC(632) Pause Young (Allocation Failure) 149M->13M(494M) 13.357ms
[64.585s][info][gc,cpu         ] GC(632) User=0.02s Sys=0.00s Real=0.02s
[64.661s][info][gc,start       ] GC(633) Pause Young (Allocation Failure)
[64.675s][info][gc,heap        ] GC(633) DefNew: 145416K(157248K)->6141K(157248K) Eden: 139776K(139776K)->0K(139776K) From: 5640K(17472K)->6141K(17472K)
[64.675s][info][gc,heap        ] GC(633) Tenured: 7864K(349568K)->7864K(349568K)
[64.675s][info][gc,metaspace   ] GC(633) Metaspace: 8626K(8896K)->8626K(8896K) NonClass: 7475K(7616K)->7475K(7616K) Class: 1151K(1280K)->1151K(1280K)
[64.675s][info][gc             ] GC(633) Pause Young (Allocation Failure) 149M->13M(494M) 14.529ms
[64.675s][info][gc,cpu         ] GC(633) User=0.02s Sys=0.00s Real=0.02s
[64.746s][info][gc,start       ] GC(634) Pause Young (Allocation Failure)
[64.762s][info][gc,heap        ] GC(634) DefNew: 145917K(157248K)->6558K(157248K) Eden: 139776K(139776K)->0K(139776K) From: 6141K(17472K)->6558K(17472K)
[64.762s][info][gc,heap        ] GC(634) Tenured: 7864K(349568K)->7864K(349568K)
[64.762s][info][gc,metaspace   ] GC(634) Metaspace: 8626K(8896K)->8626K(8896K) NonClass: 7475K(7616K)->7475K(7616K) Class: 1151K(1280K)->1151K(1280K)
[64.762s][info][gc             ] GC(634) Pause Young (Allocation Failure) 150M->14M(494M) 15.859ms
[64.762s][info][gc,cpu         ] GC(634) User=0.02s Sys=0.00s Real=0.02s
[64.831s][info][gc,start       ] GC(635) Pause Young (Allocation Failure)
[64.845s][info][gc,heap        ] GC(635) DefNew: 146334K(157248K)->7050K(157248K) Eden: 139776K(139776K)->0K(139776K) From: 6558K(17472K)->7050K(17472K)
[64.845s][info][gc,heap        ] GC(635) Tenured: 7864K(349568K)->7864K(349568K)
[64.845s][info][gc,metaspace   ] GC(635) Metaspace: 8626K(8896K)->8626K(8896K) NonClass: 7475K(7616K)->7475K(7616K) Class: 1151K(1280K)->1151K(1280K)
[64.845s][info][gc             ] GC(635) Pause Young (Allocation Failure) 150M->14M(494M) 14.814ms
[64.845s][info][gc,cpu         ] GC(635) User=0.02s Sys=0.00s Real=0.02s
[64.919s][info][gc,start       ] GC(636) Pause Young (Allocation Failure)
[64.936s][info][gc,heap        ] GC(636) DefNew: 146826K(157248K)->7442K(157248K) Eden: 139776K(139776K)->0K(139776K) From: 7050K(17472K)->7442K(17472K)
[64.937s][info][gc,heap        ] GC(636) Tenured: 7864K(349568K)->7864K(349568K)
[64.937s][info][gc,metaspace   ] GC(636) Metaspace: 8626K(8896K)->8626K(8896K) NonClass: 7475K(7616K)->7475K(7616K) Class: 1151K(1280K)->1151K(1280K)
[64.937s][info][gc             ] GC(636) Pause Young (Allocation Failure) 151M->14M(494M) 17.724ms
[64.937s][info][gc,cpu         ] GC(636) User=0.03s Sys=0.00s Real=0.03s
[65.007s][info][gc,start       ] GC(637) Pause Young (Allocation Failure)
[65.025s][info][gc,heap        ] GC(637) DefNew: 147218K(157248K)->7876K(157248K) Eden: 139776K(139776K)->0K(139776K) From: 7442K(17472K)->7876K(17472K)
[65.025s][info][gc,heap        ] GC(637) Tenured: 7864K(349568K)->7864K(349568K)
[65.025s][info][gc,metaspace   ] GC(637) Metaspace: 8626K(8896K)->8626K(8896K) NonClass: 7475K(7616K)->7475K(7616K) Class: 1151K(1280K)->1151K(1280K)
[65.025s][info][gc             ] GC(637) Pause Young (Allocation Failure) 151M->15M(494M) 18.035ms
[65.025s][info][gc,cpu         ] GC(637) User=0.02s Sys=0.00s Real=0.01s
[65.096s][info][gc,start       ] GC(638) Pause Young (Allocation Failure)
[65.115s][info][gc,heap        ] GC(638) DefNew: 147652K(157248K)->8329K(157248K) Eden: 139776K(139776K)->0K(139776K) From: 7876K(17472K)->8329K(17472K)
[65.115s][info][gc,heap        ] GC(638) Tenured: 7864K(349568K)->7864K(349568K)
[65.115s][info][gc,metaspace   ] GC(638) Metaspace: 8626K(8896K)->8626K(8896K) NonClass: 7475K(7616K)->7475K(7616K) Class: 1151K(1280K)->1151K(1280K)
[65.115s][info][gc             ] GC(638) Pause Young (Allocation Failure) 151M->15M(494M) 18.791ms
[65.115s][info][gc,cpu         ] GC(638) User=0.02s Sys=0.00s Real=0.02s
[65.221s][info][gc,start       ] GC(639) Pause Young (Allocation Failure)
[65.266s][info][gc,heap        ] GC(639) DefNew: 148105K(157248K)->17471K(157248K) Eden: 139776K(139776K)->0K(139776K) From: 8329K(17472K)->17471K(17472K)
[65.266s][info][gc,heap        ] GC(639) Tenured: 7864K(349568K)->7921K(349568K)
[65.266s][info][gc,metaspace   ] GC(639) Metaspace: 8626K(8896K)->8626K(8896K) NonClass: 7475K(7616K)->7475K(7616K) Class: 1151K(1280K)->1151K(1280K)
[65.267s][info][gc             ] GC(639) Pause Young (Allocation Failure) 152M->24M(494M) 45.368ms
[65.267s][info][gc,cpu         ] GC(639) User=0.05s Sys=0.00s Real=0.05s
[65.347s][info][gc,start       ] GC(640) Pause Young (Allocation Failure)
[65.380s][info][gc,heap        ] GC(640) DefNew: 157247K(157248K)->518K(157248K) Eden: 139776K(139776K)->0K(139776K) From: 17471K(17472K)->518K(17472K)
[65.380s][info][gc,heap        ] GC(640) Tenured: 7921K(349568K)->25347K(349568K)
[65.380s][info][gc,metaspace   ] GC(640) Metaspace: 8626K(8896K)->8626K(8896K) NonClass: 7475K(7616K)->7475K(7616K) Class: 1151K(1280K)->1151K(1280K)
[65.380s][info][gc             ] GC(640) Pause Young (Allocation Failure) 161M->25M(494M) 32.863ms
[65.380s][info][gc,cpu         ] GC(640) User=0.03s Sys=0.00s Real=0.03s
[65.458s][info][gc,start       ] GC(641) Pause Young (Allocation Failure)
[65.461s][info][gc,heap        ] GC(641) DefNew: 140294K(157248K)->943K(157248K) Eden: 139776K(139776K)->0K(139776K) From: 518K(17472K)->943K(17472K)
[65.461s][info][gc,heap        ] GC(641) Tenured: 25347K(349568K)->25347K(349568K)
[65.461s][info][gc,metaspace   ] GC(641) Metaspace: 8626K(8896K)->8626K(8896K) NonClass: 7475K(7616K)->7475K(7616K) Class: 1151K(1280K)->1151K(1280K)
[65.462s][info][gc             ] GC(641) Pause Young (Allocation Failure) 161M->25M(494M) 3.515ms
[65.462s][info][gc,cpu         ] GC(641) User=0.00s Sys=0.00s Real=0.00s
[65.531s][info][gc,start       ] GC(642) Pause Young (Allocation Failure)
[65.547s][info][gc,heap        ] GC(642) DefNew: 140719K(157248K)->5189K(157248K) Eden: 139776K(139776K)->0K(139776K) From: 943K(17472K)->5189K(17472K)
[65.547s][info][gc,heap        ] GC(642) Tenured: 25347K(349568K)->25347K(349568K)
[65.547s][info][gc,metaspace   ] GC(642) Metaspace: 8626K(8896K)->8626K(8896K) NonClass: 7475K(7616K)->7475K(7616K) Class: 1151K(1280K)->1151K(1280K)
[65.547s][info][gc             ] GC(642) Pause Young (Allocation Failure) 162M->29M(494M) 15.763ms
[65.547s][info][gc,cpu         ] GC(642) User=0.02s Sys=0.00s Real=0.02s
[65.615s][info][gc,start       ] GC(643) Pause Young (Allocation Failure)
[65.628s][info][gc,heap        ] GC(643) DefNew: 144965K(157248K)->5633K(157248K) Eden: 139776K(139776K)->0K(139776K) From: 5189K(17472K)->5633K(17472K)
[65.628s][info][gc,heap        ] GC(643) Tenured: 25347K(349568K)->25347K(349568K)
[65.628s][info][gc,metaspace   ] GC(643) Metaspace: 8626K(8896K)->8626K(8896K) NonClass: 7475K(7616K)->7475K(7616K) Class: 1151K(1280K)->1151K(1280K)
[65.628s][info][gc             ] GC(643) Pause Young (Allocation Failure) 166M->30M(494M) 13.126ms
[65.628s][info][gc,cpu         ] GC(643) User=0.02s Sys=0.00s Real=0.02s
[65.696s][info][gc,start       ] GC(644) Pause Young (Allocation Failure)
[65.710s][info][gc,heap        ] GC(644) DefNew: 145409K(157248K)->6127K(157248K) Eden: 139776K(139776K)->0K(139776K) From: 5633K(17472K)->6127K(17472K)
[65.710s][info][gc,heap        ] GC(644) Tenured: 25347K(349568K)->25347K(349568K)
[65.710s][info][gc,metaspace   ] GC(644) Metaspace: 8626K(8896K)->8626K(8896K) NonClass: 7475K(7616K)->7475K(7616K) Class: 1151K(1280K)->1151K(1280K)
[65.710s][info][gc             ] GC(644) Pause Young (Allocation Failure) 166M->30M(494M) 14.187ms
[65.710s][info][gc,cpu         ] GC(644) User=0.02s Sys=0.00s Real=0.02s
[65.784s][info][gc,start       ] GC(645) Pause Young (Allocation Failure)
[65.800s][info][gc,heap        ] GC(645) DefNew: 145903K(157248K)->6511K(157248K) Eden: 139776K(139776K)->0K(139776K) From: 6127K(17472K)->6511K(17472K)
[65.800s][info][gc,heap        ] GC(645) Tenured: 25347K(349568K)->25347K(349568K)
[65.800s][info][gc,metaspace   ] GC(645) Metaspace: 8626K(8896K)->8626K(8896K) NonClass: 7475K(7616K)->7475K(7616K) Class: 1151K(1280K)->1151K(1280K)
[65.800s][info][gc             ] GC(645) Pause Young (Allocation Failure) 167M->31M(494M) 15.871ms
[65.800s][info][gc,cpu         ] GC(645) User=0.02s Sys=0.00s Real=0.02s
[65.869s][info][gc,start       ] GC(646) Pause Young (Allocation Failure)
[65.885s][info][gc,heap        ] GC(646) DefNew: 146287K(157248K)->6947K(157248K) Eden: 139776K(139776K)->0K(139776K) From: 6511K(17472K)->6947K(17472K)
[65.885s][info][gc,heap        ] GC(646) Tenured: 25347K(349568K)->25347K(349568K)
[65.885s][info][gc,metaspace   ] GC(646) Metaspace: 8626K(8896K)->8626K(8896K) NonClass: 7475K(7616K)->7475K(7616K) Class: 1151K(1280K)->1151K(1280K)
[65.886s][info][gc             ] GC(646) Pause Young (Allocation Failure) 167M->31M(494M) 16.631ms
[65.886s][info][gc,cpu         ] GC(646) User=0.02s Sys=0.00s Real=0.01s
[65.956s][info][gc,start       ] GC(647) Pause Young (Allocation Failure)
[65.972s][info][gc,heap        ] GC(647) DefNew: 146723K(157248K)->7418K(157248K) Eden: 139776K(139776K)->0K(139776K) From: 6947K(17472K)->7418K(17472K)
[65.972s][info][gc,heap        ] GC(647) Tenured: 25347K(349568K)->25347K(349568K)
[65.972s][info][gc,metaspace   ] GC(647) Metaspace: 8626K(8896K)->8626K(8896K) NonClass: 7475K(7616K)->7475K(7616K) Class: 1151K(1280K)->1151K(1280K)
[65.972s][info][gc             ] GC(647) Pause Young (Allocation Failure) 168M->31M(494M) 15.866ms
[65.972s][info][gc,cpu         ] GC(647) User=0.02s Sys=0.00s Real=0.02s
[66.056s][info][gc,start       ] GC(648) Pause Young (Allocation Failure)
[66.083s][info][gc,heap        ] GC(648) DefNew: 147194K(157248K)->12162K(157248K) Eden: 139776K(139776K)->0K(139776K) From: 7418K(17472K)->12162K(17472K)
[66.083s][info][gc,heap        ] GC(648) Tenured: 25347K(349568K)->25347K(349568K)
[66.083s][info][gc,metaspace   ] GC(648) Metaspace: 8626K(8896K)->8626K(8896K) NonClass: 7475K(7616K)->7475K(7616K) Class: 1151K(1280K)->1151K(1280K)
[66.083s][info][gc             ] GC(648) Pause Young (Allocation Failure) 168M->36M(494M) 26.799ms
[66.083s][info][gc,cpu         ] GC(648) User=0.03s Sys=0.00s Real=0.03s
[66.158s][info][gc,start       ] GC(649) Pause Young (Allocation Failure)
[66.183s][info][gc,heap        ] GC(649) DefNew: 151938K(157248K)->7742K(157248K) Eden: 139776K(139776K)->0K(139776K) From: 12162K(17472K)->7742K(17472K)
[66.183s][info][gc,heap        ] GC(649) Tenured: 25347K(349568K)->30245K(349568K)
[66.183s][info][gc,metaspace   ] GC(649) Metaspace: 8626K(8896K)->8626K(8896K) NonClass: 7475K(7616K)->7475K(7616K) Class: 1151K(1280K)->1151K(1280K)
[66.183s][info][gc             ] GC(649) Pause Young (Allocation Failure) 173M->37M(494M) 24.370ms
[66.183s][info][gc,cpu         ] GC(649) User=0.02s Sys=0.00s Real=0.02s
[66.259s][info][gc,start       ] GC(650) Pause Young (Allocation Failure)
[66.276s][info][gc,heap        ] GC(650) DefNew: 147518K(157248K)->8173K(157248K) Eden: 139776K(139776K)->0K(139776K) From: 7742K(17472K)->8173K(17472K)
[66.276s][info][gc,heap        ] GC(650) Tenured: 30245K(349568K)->30245K(349568K)
[66.276s][info][gc,metaspace   ] GC(650) Metaspace: 8626K(8896K)->8626K(8896K) NonClass: 7475K(7616K)->7475K(7616K) Class: 1151K(1280K)->1151K(1280K)
[66.276s][info][gc             ] GC(650) Pause Young (Allocation Failure) 173M->37M(494M) 17.438ms
[66.276s][info][gc,cpu         ] GC(650) User=0.02s Sys=0.00s Real=0.02s
[66.353s][info][gc,start       ] GC(651) Pause Young (Allocation Failure)
[66.374s][info][gc,heap        ] GC(651) DefNew: 147949K(157248K)->8704K(157248K) Eden: 139776K(139776K)->0K(139776K) From: 8173K(17472K)->8704K(17472K)
[66.374s][info][gc,heap        ] GC(651) Tenured: 30245K(349568K)->30245K(349568K)
[66.374s][info][gc,metaspace   ] GC(651) Metaspace: 8626K(8896K)->8626K(8896K) NonClass: 7475K(7616K)->7475K(7616K) Class: 1151K(1280K)->1151K(1280K)
[66.374s][info][gc             ] GC(651) Pause Young (Allocation Failure) 174M->38M(494M) 21.224ms
[66.374s][info][gc,cpu         ] GC(651) User=0.03s Sys=0.00s Real=0.03s
[66.450s][info][gc,start       ] GC(652) Pause Young (Allocation Failure)
[66.468s][info][gc,heap        ] GC(652) DefNew: 148480K(157248K)->9149K(157248K) Eden: 139776K(139776K)->0K(139776K) From: 8704K(17472K)->9149K(17472K)
[66.469s][info][gc,heap        ] GC(652) Tenured: 30245K(349568K)->30245K(349568K)
[66.469s][info][gc,metaspace   ] GC(652) Metaspace: 8626K(8896K)->8626K(8896K) NonClass: 7475K(7616K)->7475K(7616K) Class: 1151K(1280K)->1151K(1280K)
[66.469s][info][gc             ] GC(652) Pause Young (Allocation Failure) 174M->38M(494M) 18.839ms
[66.469s][info][gc,cpu         ] GC(652) User=0.03s Sys=0.00s Real=0.03s
[66.556s][info][gc,start       ] GC(653) Pause Young (Allocation Failure)
[66.577s][info][gc,heap        ] GC(653) DefNew: 148925K(157248K)->8404K(157248K) Eden: 139776K(139776K)->0K(139776K) From: 9149K(17472K)->8404K(17472K)
[66.577s][info][gc,heap        ] GC(653) Tenured: 30245K(349568K)->31449K(349568K)
[66.577s][info][gc,metaspace   ] GC(653) Metaspace: 8626K(8896K)->8626K(8896K) NonClass: 7475K(7616K)->7475K(7616K) Class: 1151K(1280K)->1151K(1280K)
[66.577s][info][gc             ] GC(653) Pause Young (Allocation Failure) 174M->38M(494M) 21.239ms
[66.577s][info][gc,cpu         ] GC(653) User=0.03s Sys=0.00s Real=0.03s
[66.660s][info][gc,start       ] GC(654) Pause Young (Allocation Failure)
[66.679s][info][gc,heap        ] GC(654) DefNew: 148180K(157248K)->8803K(157248K) Eden: 139776K(139776K)->0K(139776K) From: 8404K(17472K)->8803K(17472K)
[66.679s][info][gc,heap        ] GC(654) Tenured: 31449K(349568K)->31449K(349568K)
[66.679s][info][gc,metaspace   ] GC(654) Metaspace: 8626K(8896K)->8626K(8896K) NonClass: 7475K(7616K)->7475K(7616K) Class: 1151K(1280K)->1151K(1280K)
[66.679s][info][gc             ] GC(654) Pause Young (Allocation Failure) 175M->39M(494M) 19.864ms
[66.680s][info][gc,cpu         ] GC(654) User=0.02s Sys=0.00s Real=0.02s
[66.750s][info][gc,start       ] GC(655) Pause Young (Allocation Failure)
[66.771s][info][gc,heap        ] GC(655) DefNew: 148579K(157248K)->3506K(157248K) Eden: 139776K(139776K)->0K(139776K) From: 8803K(17472K)->3506K(17472K)
[66.771s][info][gc,heap        ] GC(655) Tenured: 31449K(349568K)->37179K(349568K)
[66.771s][info][gc,metaspace   ] GC(655) Metaspace: 8626K(8896K)->8626K(8896K) NonClass: 7475K(7616K)->7475K(7616K) Class: 1151K(1280K)->1151K(1280K)
[66.771s][info][gc             ] GC(655) Pause Young (Allocation Failure) 175M->39M(494M) 20.289ms
[66.771s][info][gc,cpu         ] GC(655) User=0.02s Sys=0.00s Real=0.02s
[66.840s][info][gc,start       ] GC(656) Pause Young (Allocation Failure)
[66.850s][info][gc,heap        ] GC(656) DefNew: 143282K(157248K)->3977K(157248K) Eden: 139776K(139776K)->0K(139776K) From: 3506K(17472K)->3977K(17472K)
[66.850s][info][gc,heap        ] GC(656) Tenured: 37179K(349568K)->37179K(349568K)
[66.850s][info][gc,metaspace   ] GC(656) Metaspace: 8626K(8896K)->8626K(8896K) NonClass: 7475K(7616K)->7475K(7616K) Class: 1151K(1280K)->1151K(1280K)
[66.850s][info][gc             ] GC(656) Pause Young (Allocation Failure) 176M->40M(494M) 10.361ms
[66.851s][info][gc,cpu         ] GC(656) User=0.02s Sys=0.00s Real=0.02s
[67.242s][info][gc,start       ] GC(657) Pause Young (Allocation Failure)
[67.377s][info][gc,heap        ] GC(657) DefNew: 143753K(157248K)->17471K(157248K) Eden: 139776K(139776K)->0K(139776K) From: 3977K(17472K)->17471K(17472K)
[67.377s][info][gc,heap        ] GC(657) Tenured: 37179K(349568K)->73386K(349568K)
[67.377s][info][gc,metaspace   ] GC(657) Metaspace: 8626K(8896K)->8626K(8896K) NonClass: 7475K(7616K)->7475K(7616K) Class: 1151K(1280K)->1151K(1280K)
[67.377s][info][gc             ] GC(657) Pause Young (Allocation Failure) 176M->88M(494M) 135.034ms
[67.377s][info][gc,cpu         ] GC(657) User=0.14s Sys=0.00s Real=0.14s
[67.430s][info][gc,start       ] GC(658) Pause Full (System.gc())
[67.431s][info][gc,phases,start] GC(658) Phase 1: Mark live objects
[67.442s][info][gc,phases      ] GC(658) Phase 1: Mark live objects 11.197ms
[67.442s][info][gc,phases,start] GC(658) Phase 2: Compute new object addresses
[67.473s][info][gc,phases      ] GC(658) Phase 2: Compute new object addresses 31.449ms
[67.473s][info][gc,phases,start] GC(658) Phase 3: Adjust pointers
[67.476s][info][gc,phases      ] GC(658) Phase 3: Adjust pointers 2.730ms
[67.476s][info][gc,phases,start] GC(658) Phase 4: Move objects
[67.476s][info][gc,phases      ] GC(658) Phase 4: Move objects 0.011ms
[67.476s][info][gc,heap        ] GC(658) DefNew: 42620K(157248K)->0K(157248K) Eden: 25148K(139776K)->0K(139776K) From: 17471K(17472K)->0K(17472K)
[67.476s][info][gc,heap        ] GC(658) Tenured: 73386K(349568K)->3528K(349568K)
[67.476s][info][gc,metaspace   ] GC(658) Metaspace: 8626K(8896K)->8626K(8896K) NonClass: 7475K(7616K)->7475K(7616K) Class: 1151K(1280K)->1151K(1280K)
[67.476s][info][gc             ] GC(658) Pause Full (System.gc()) 113M->3M(494M) 45.723ms
[67.476s][info][gc,cpu         ] GC(658) User=0.05s Sys=0.00s Real=0.05s
[67.570s][info][gc,start       ] GC(659) Pause Young (Allocation Failure)
[67.572s][info][gc,heap        ] GC(659) DefNew: 139776K(157248K)->519K(157248K) Eden: 139776K(139776K)->0K(139776K) From: 0K(17472K)->519K(17472K)
[67.572s][info][gc,heap        ] GC(659) Tenured: 3528K(349568K)->3528K(349568K)
[67.572s][info][gc,metaspace   ] GC(659) Metaspace: 8626K(8896K)->8626K(8896K) NonClass: 7475K(7616K)->7475K(7616K) Class: 1151K(1280K)->1151K(1280K)
[67.572s][info][gc             ] GC(659) Pause Young (Allocation Failure) 139M->3M(494M) 2.268ms
[67.572s][info][gc,cpu         ] GC(659) User=0.00s Sys=0.00s Real=0.00s
[67.650s][info][gc,start       ] GC(660) Pause Young (Allocation Failure)
[67.654s][info][gc,heap        ] GC(660) DefNew: 140295K(157248K)->962K(157248K) Eden: 139776K(139776K)->0K(139776K) From: 519K(17472K)->962K(17472K)
[67.654s][info][gc,heap        ] GC(660) Tenured: 3528K(349568K)->3528K(349568K)
[67.654s][info][gc,metaspace   ] GC(660) Metaspace: 8626K(8896K)->8626K(8896K) NonClass: 7475K(7616K)->7475K(7616K) Class: 1151K(1280K)->1151K(1280K)
[67.654s][info][gc             ] GC(660) Pause Young (Allocation Failure) 140M->4M(494M) 3.420ms
[67.654s][info][gc,cpu         ] GC(660) User=0.00s Sys=0.00s Real=0.00s
[67.718s][info][gc,start       ] GC(661) Pause Young (Allocation Failure)
[67.723s][info][gc,heap        ] GC(661) DefNew: 140738K(157248K)->1442K(157248K) Eden: 139776K(139776K)->0K(139776K) From: 962K(17472K)->1442K(17472K)
[67.723s][info][gc,heap        ] GC(661) Tenured: 3528K(349568K)->3528K(349568K)
[67.723s][info][gc,metaspace   ] GC(661) Metaspace: 8626K(8896K)->8626K(8896K) NonClass: 7475K(7616K)->7475K(7616K) Class: 1151K(1280K)->1151K(1280K)
[67.723s][info][gc             ] GC(661) Pause Young (Allocation Failure) 140M->4M(494M) 4.863ms
[67.723s][info][gc,cpu         ] GC(661) User=0.00s Sys=0.00s Real=0.00s
[67.793s][info][gc,start       ] GC(662) Pause Young (Allocation Failure)
[67.800s][info][gc,heap        ] GC(662) DefNew: 141218K(157248K)->1942K(157248K) Eden: 139776K(139776K)->0K(139776K) From: 1442K(17472K)->1942K(17472K)
[67.800s][info][gc,heap        ] GC(662) Tenured: 3528K(349568K)->3528K(349568K)
[67.800s][info][gc,metaspace   ] GC(662) Metaspace: 8626K(8896K)->8626K(8896K) NonClass: 7475K(7616K)->7475K(7616K) Class: 1151K(1280K)->1151K(1280K)
[67.800s][info][gc             ] GC(662) Pause Young (Allocation Failure) 141M->5M(494M) 6.832ms
[67.800s][info][gc,cpu         ] GC(662) User=0.02s Sys=0.00s Real=0.02s
[67.865s][info][gc,start       ] GC(663) Pause Young (Allocation Failure)
[67.871s][info][gc,heap        ] GC(663) DefNew: 141718K(157248K)->2391K(157248K) Eden: 139776K(139776K)->0K(139776K) From: 1942K(17472K)->2391K(17472K)
[67.871s][info][gc,heap        ] GC(663) Tenured: 3528K(349568K)->3528K(349568K)
[67.871s][info][gc,metaspace   ] GC(663) Metaspace: 8626K(8896K)->8626K(8896K) NonClass: 7475K(7616K)->7475K(7616K) Class: 1151K(1280K)->1151K(1280K)
[67.871s][info][gc             ] GC(663) Pause Young (Allocation Failure) 141M->5M(494M) 6.853ms
[67.871s][info][gc,cpu         ] GC(663) User=0.00s Sys=0.00s Real=0.00s
[67.937s][info][gc,start       ] GC(664) Pause Young (Allocation Failure)
[67.945s][info][gc,heap        ] GC(664) DefNew: 142167K(157248K)->2848K(157248K) Eden: 139776K(139776K)->0K(139776K) From: 2391K(17472K)->2848K(17472K)
[67.945s][info][gc,heap        ] GC(664) Tenured: 3528K(349568K)->3528K(349568K)
[67.945s][info][gc,metaspace   ] GC(664) Metaspace: 8626K(8896K)->8626K(8896K) NonClass: 7475K(7616K)->7475K(7616K) Class: 1151K(1280K)->1151K(1280K)
[67.945s][info][gc             ] GC(664) Pause Young (Allocation Failure) 142M->6M(494M) 7.838ms
[67.945s][info][gc,cpu         ] GC(664) User=0.00s Sys=0.00s Real=0.00s
[68.016s][info][gc,start       ] GC(665) Pause Young (Allocation Failure)
[68.026s][info][gc,heap        ] GC(665) DefNew: 142624K(157248K)->3238K(157248K) Eden: 139776K(139776K)->0K(139776K) From: 2848K(17472K)->3238K(17472K)
[68.026s][info][gc,heap        ] GC(665) Tenured: 3528K(349568K)->3528K(349568K)
[68.026s][info][gc,metaspace   ] GC(665) Metaspace: 8626K(8896K)->8626K(8896K) NonClass: 7475K(7616K)->7475K(7616K) Class: 1151K(1280K)->1151K(1280K)
[68.026s][info][gc             ] GC(665) Pause Young (Allocation Failure) 142M->6M(494M) 9.888ms
[68.026s][info][gc,cpu         ] GC(665) User=0.00s Sys=0.00s Real=0.00s
[68.092s][info][gc,start       ] GC(666) Pause Young (Allocation Failure)
[68.101s][info][gc,heap        ] GC(666) DefNew: 143014K(157248K)->3677K(157248K) Eden: 139776K(139776K)->0K(139776K) From: 3238K(17472K)->3677K(17472K)
[68.101s][info][gc,heap        ] GC(666) Tenured: 3528K(349568K)->3528K(349568K)
[68.101s][info][gc,metaspace   ] GC(666) Metaspace: 8626K(8896K)->8626K(8896K) NonClass: 7475K(7616K)->7475K(7616K) Class: 1151K(1280K)->1151K(1280K)
[68.101s][info][gc             ] GC(666) Pause Young (Allocation Failure) 143M->7M(494M) 9.658ms
[68.101s][info][gc,cpu         ] GC(666) User=0.00s Sys=0.00s Real=0.00s
[68.171s][info][gc,start       ] GC(667) Pause Young (Allocation Failure)
[68.183s][info][gc,heap        ] GC(667) DefNew: 143453K(157248K)->4277K(157248K) Eden: 139776K(139776K)->0K(139776K) From: 3677K(17472K)->4277K(17472K)
[68.183s][info][gc,heap        ] GC(667) Tenured: 3528K(349568K)->3528K(349568K)
[68.183s][info][gc,metaspace   ] GC(667) Metaspace: 8626K(8896K)->8626K(8896K) NonClass: 7475K(7616K)->7475K(7616K) Class: 1151K(1280K)->1151K(1280K)
[68.183s][info][gc             ] GC(667) Pause Young (Allocation Failure) 143M->7M(494M) 11.520ms
[68.183s][info][gc,cpu         ] GC(667) User=0.00s Sys=0.00s Real=0.00s
[68.262s][info][gc,start       ] GC(668) Pause Young (Allocation Failure)
[68.278s][info][gc,heap        ] GC(668) DefNew: 144053K(157248K)->4836K(157248K) Eden: 139776K(139776K)->0K(139776K) From: 4277K(17472K)->4836K(17472K)
[68.279s][info][gc,heap        ] GC(668) Tenured: 3528K(349568K)->3528K(349568K)
[68.279s][info][gc,metaspace   ] GC(668) Metaspace: 8626K(8896K)->8626K(8896K) NonClass: 7475K(7616K)->7475K(7616K) Class: 1151K(1280K)->1151K(1280K)
[68.279s][info][gc             ] GC(668) Pause Young (Allocation Failure) 144M->8M(494M) 16.853ms
[68.279s][info][gc,cpu         ] GC(668) User=0.02s Sys=0.00s Real=0.02s
[68.348s][info][gc,start       ] GC(669) Pause Young (Allocation Failure)
[68.360s][info][gc,heap        ] GC(669) DefNew: 144612K(157248K)->5259K(157248K) Eden: 139776K(139776K)->0K(139776K) From: 4836K(17472K)->5259K(17472K)
[68.360s][info][gc,heap        ] GC(669) Tenured: 3528K(349568K)->3528K(349568K)
[68.360s][info][gc,metaspace   ] GC(669) Metaspace: 8626K(8896K)->8626K(8896K) NonClass: 7475K(7616K)->7475K(7616K) Class: 1151K(1280K)->1151K(1280K)
[68.360s][info][gc             ] GC(669) Pause Young (Allocation Failure) 144M->8M(494M) 11.818ms
[68.360s][info][gc,cpu         ] GC(669) User=0.02s Sys=0.00s Real=0.02s
[68.428s][info][gc,start       ] GC(670) Pause Young (Allocation Failure)
[68.440s][info][gc,heap        ] GC(670) DefNew: 145035K(157248K)->5708K(157248K) Eden: 139776K(139776K)->0K(139776K) From: 5259K(17472K)->5708K(17472K)
[68.441s][info][gc,heap        ] GC(670) Tenured: 3528K(349568K)->3528K(349568K)
[68.441s][info][gc,metaspace   ] GC(670) Metaspace: 8626K(8896K)->8626K(8896K) NonClass: 7475K(7616K)->7475K(7616K) Class: 1151K(1280K)->1151K(1280K)
[68.441s][info][gc             ] GC(670) Pause Young (Allocation Failure) 145M->9M(494M) 12.512ms
[68.441s][info][gc,cpu         ] GC(670) User=0.02s Sys=0.00s Real=0.01s
[68.514s][info][gc,start       ] GC(671) Pause Young (Allocation Failure)
[68.529s][info][gc,heap        ] GC(671) DefNew: 145484K(157248K)->6237K(157248K) Eden: 139776K(139776K)->0K(139776K) From: 5708K(17472K)->6237K(17472K)
[68.529s][info][gc,heap        ] GC(671) Tenured: 3528K(349568K)->3528K(349568K)
[68.529s][info][gc,metaspace   ] GC(671) Metaspace: 8626K(8896K)->8626K(8896K) NonClass: 7475K(7616K)->7475K(7616K) Class: 1151K(1280K)->1151K(1280K)
[68.529s][info][gc             ] GC(671) Pause Young (Allocation Failure) 145M->9M(494M) 15.652ms
[68.529s][info][gc,cpu         ] GC(671) User=0.02s Sys=0.00s Real=0.02s
[68.611s][info][gc,start       ] GC(672) Pause Young (Allocation Failure)
[68.627s][info][gc,heap        ] GC(672) DefNew: 146013K(157248K)->6693K(157248K) Eden: 139776K(139776K)->0K(139776K) From: 6237K(17472K)->6693K(17472K)
[68.627s][info][gc,heap        ] GC(672) Tenured: 3528K(349568K)->3528K(349568K)
[68.627s][info][gc,metaspace   ] GC(672) Metaspace: 8626K(8896K)->8626K(8896K) NonClass: 7475K(7616K)->7475K(7616K) Class: 1151K(1280K)->1151K(1280K)
[68.627s][info][gc             ] GC(672) Pause Young (Allocation Failure) 146M->9M(494M) 15.978ms
[68.627s][info][gc,cpu         ] GC(672) User=0.02s Sys=0.00s Real=0.02s
[68.704s][info][gc,start       ] GC(673) Pause Young (Allocation Failure)
[68.720s][info][gc,heap        ] GC(673) DefNew: 146469K(157248K)->7113K(157248K) Eden: 139776K(139776K)->0K(139776K) From: 6693K(17472K)->7113K(17472K)
[68.720s][info][gc,heap        ] GC(673) Tenured: 3528K(349568K)->3528K(349568K)
[68.720s][info][gc,metaspace   ] GC(673) Metaspace: 8626K(8896K)->8626K(8896K) NonClass: 7475K(7616K)->7475K(7616K) Class: 1151K(1280K)->1151K(1280K)
[68.720s][info][gc             ] GC(673) Pause Young (Allocation Failure) 146M->10M(494M) 16.306ms
[68.721s][info][gc,cpu         ] GC(673) User=0.02s Sys=0.00s Real=0.02s
[68.794s][info][gc,start       ] GC(674) Pause Young (Allocation Failure)
[68.812s][info][gc,heap        ] GC(674) DefNew: 146889K(157248K)->7528K(157248K) Eden: 139776K(139776K)->0K(139776K) From: 7113K(17472K)->7528K(17472K)
[68.812s][info][gc,heap        ] GC(674) Tenured: 3528K(349568K)->3533K(349568K)
[68.812s][info][gc,metaspace   ] GC(674) Metaspace: 8626K(8896K)->8626K(8896K) NonClass: 7475K(7616K)->7475K(7616K) Class: 1151K(1280K)->1151K(1280K)
[68.812s][info][gc             ] GC(674) Pause Young (Allocation Failure) 146M->10M(494M) 18.000ms
[68.812s][info][gc,cpu         ] GC(674) User=0.03s Sys=0.00s Real=0.03s
[68.882s][info][gc,start       ] GC(675) Pause Young (Allocation Failure)
[68.900s][info][gc,heap        ] GC(675) DefNew: 147304K(157248K)->7983K(157248K) Eden: 139776K(139776K)->0K(139776K) From: 7528K(17472K)->7983K(17472K)
[68.900s][info][gc,heap        ] GC(675) Tenured: 3533K(349568K)->3533K(349568K)
[68.900s][info][gc,metaspace   ] GC(675) Metaspace: 8626K(8896K)->8626K(8896K) NonClass: 7475K(7616K)->7475K(7616K) Class: 1151K(1280K)->1151K(1280K)
[68.900s][info][gc             ] GC(675) Pause Young (Allocation Failure) 147M->11M(494M) 17.814ms
[68.900s][info][gc,cpu         ] GC(675) User=0.02s Sys=0.00s Real=0.02s
[68.970s][info][gc,start       ] GC(676) Pause Young (Allocation Failure)
[68.987s][info][gc,heap        ] GC(676) DefNew: 147759K(157248K)->8438K(157248K) Eden: 139776K(139776K)->0K(139776K) From: 7983K(17472K)->8438K(17472K)
[68.987s][info][gc,heap        ] GC(676) Tenured: 3533K(349568K)->3533K(349568K)
[68.987s][info][gc,metaspace   ] GC(676) Metaspace: 8626K(8896K)->8626K(8896K) NonClass: 7475K(7616K)->7475K(7616K) Class: 1151K(1280K)->1151K(1280K)
[68.987s][info][gc             ] GC(676) Pause Young (Allocation Failure) 147M->11M(494M) 16.986ms
[68.987s][info][gc,cpu         ] GC(676) User=0.02s Sys=0.00s Real=0.02s
[69.070s][info][gc,start       ] GC(677) Pause Young (Allocation Failure)
[69.092s][info][gc,heap        ] GC(677) DefNew: 148214K(157248K)->9049K(157248K) Eden: 139776K(139776K)->0K(139776K) From: 8438K(17472K)->9049K(17472K)
[69.092s][info][gc,heap        ] GC(677) Tenured: 3533K(349568K)->3533K(349568K)
[69.092s][info][gc,metaspace   ] GC(677) Metaspace: 8626K(8896K)->8626K(8896K) NonClass: 7475K(7616K)->7475K(7616K) Class: 1151K(1280K)->1151K(1280K)
[69.092s][info][gc             ] GC(677) Pause Young (Allocation Failure) 148M->12M(494M) 22.017ms
[69.092s][info][gc,cpu         ] GC(677) User=0.03s Sys=0.00s Real=0.03s
[69.162s][info][gc,start       ] GC(678) Pause Young (Allocation Failure)
[69.182s][info][gc,heap        ] GC(678) DefNew: 148825K(157248K)->5167K(157248K) Eden: 139776K(139776K)->0K(139776K) From: 9049K(17472K)->5167K(17472K)
[69.182s][info][gc,heap        ] GC(678) Tenured: 3533K(349568K)->7864K(349568K)
[69.182s][info][gc,metaspace   ] GC(678) Metaspace: 8626K(8896K)->8626K(8896K) NonClass: 7475K(7616K)->7475K(7616K) Class: 1151K(1280K)->1151K(1280K)
[69.182s][info][gc             ] GC(678) Pause Young (Allocation Failure) 148M->12M(494M) 19.818ms
[69.182s][info][gc,cpu         ] GC(678) User=0.02s Sys=0.00s Real=0.02s
[69.253s][info][gc,start       ] GC(679) Pause Young (Allocation Failure)
[69.266s][info][gc,heap        ] GC(679) DefNew: 144943K(157248K)->5640K(157248K) Eden: 139776K(139776K)->0K(139776K) From: 5167K(17472K)->5640K(17472K)
[69.267s][info][gc,heap        ] GC(679) Tenured: 7864K(349568K)->7864K(349568K)
[69.267s][info][gc,metaspace   ] GC(679) Metaspace: 8626K(8896K)->8626K(8896K) NonClass: 7475K(7616K)->7475K(7616K) Class: 1151K(1280K)->1151K(1280K)
[69.267s][info][gc             ] GC(679) Pause Young (Allocation Failure) 149M->13M(494M) 13.346ms
[69.267s][info][gc,cpu         ] GC(679) User=0.02s Sys=0.00s Real=0.02s
[69.342s][info][gc,start       ] GC(680) Pause Young (Allocation Failure)
[69.357s][info][gc,heap        ] GC(680) DefNew: 145416K(157248K)->6141K(157248K) Eden: 139776K(139776K)->0K(139776K) From: 5640K(17472K)->6141K(17472K)
[69.357s][info][gc,heap        ] GC(680) Tenured: 7864K(349568K)->7864K(349568K)
[69.357s][info][gc,metaspace   ] GC(680) Metaspace: 8626K(8896K)->8626K(8896K) NonClass: 7475K(7616K)->7475K(7616K) Class: 1151K(1280K)->1151K(1280K)
[69.357s][info][gc             ] GC(680) Pause Young (Allocation Failure) 149M->13M(494M) 14.569ms
[69.357s][info][gc,cpu         ] GC(680) User=0.02s Sys=0.00s Real=0.02s
[69.427s][info][gc,start       ] GC(681) Pause Young (Allocation Failure)
[69.443s][info][gc,heap        ] GC(681) DefNew: 145917K(157248K)->6558K(157248K) Eden: 139776K(139776K)->0K(139776K) From: 6141K(17472K)->6558K(17472K)
[69.443s][info][gc,heap        ] GC(681) Tenured: 7864K(349568K)->7864K(349568K)
[69.443s][info][gc,metaspace   ] GC(681) Metaspace: 8626K(8896K)->8626K(8896K) NonClass: 7475K(7616K)->7475K(7616K) Class: 1151K(1280K)->1151K(1280K)
[69.443s][info][gc             ] GC(681) Pause Young (Allocation Failure) 150M->14M(494M) 15.730ms
[69.443s][info][gc,cpu         ] GC(681) User=0.02s Sys=0.00s Real=0.02s
[69.511s][info][gc,start       ] GC(682) Pause Young (Allocation Failure)
[69.526s][info][gc,heap        ] GC(682) DefNew: 146334K(157248K)->7050K(157248K) Eden: 139776K(139776K)->0K(139776K) From: 6558K(17472K)->7050K(17472K)
[69.526s][info][gc,heap        ] GC(682) Tenured: 7864K(349568K)->7864K(349568K)
[69.526s][info][gc,metaspace   ] GC(682) Metaspace: 8626K(8896K)->8626K(8896K) NonClass: 7475K(7616K)->7475K(7616K) Class: 1151K(1280K)->1151K(1280K)
[69.526s][info][gc             ] GC(682) Pause Young (Allocation Failure) 150M->14M(494M) 15.025ms
[69.526s][info][gc,cpu         ] GC(682) User=0.02s Sys=0.00s Real=0.02s
[69.599s][info][gc,start       ] GC(683) Pause Young (Allocation Failure)
[69.622s][info][gc,heap        ] GC(683) DefNew: 146826K(157248K)->7442K(157248K) Eden: 139776K(139776K)->0K(139776K) From: 7050K(17472K)->7442K(17472K)
[69.622s][info][gc,heap        ] GC(683) Tenured: 7864K(349568K)->7864K(349568K)
[69.622s][info][gc,metaspace   ] GC(683) Metaspace: 8626K(8896K)->8626K(8896K) NonClass: 7475K(7616K)->7475K(7616K) Class: 1151K(1280K)->1151K(1280K)
[69.622s][info][gc             ] GC(683) Pause Young (Allocation Failure) 151M->14M(494M) 22.728ms
[69.622s][info][gc,cpu         ] GC(683) User=0.02s Sys=0.00s Real=0.02s
[69.692s][info][gc,start       ] GC(684) Pause Young (Allocation Failure)
[69.708s][info][gc,heap        ] GC(684) DefNew: 147218K(157248K)->7876K(157248K) Eden: 139776K(139776K)->0K(139776K) From: 7442K(17472K)->7876K(17472K)
[69.708s][info][gc,heap        ] GC(684) Tenured: 7864K(349568K)->7864K(349568K)
[69.708s][info][gc,metaspace   ] GC(684) Metaspace: 8626K(8896K)->8626K(8896K) NonClass: 7475K(7616K)->7475K(7616K) Class: 1151K(1280K)->1151K(1280K)
[69.708s][info][gc             ] GC(684) Pause Young (Allocation Failure) 151M->15M(494M) 16.565ms
[69.708s][info][gc,cpu         ] GC(684) User=0.02s Sys=0.00s Real=0.02s
[69.779s][info][gc,start       ] GC(685) Pause Young (Allocation Failure)
[69.797s][info][gc,heap        ] GC(685) DefNew: 147652K(157248K)->8328K(157248K) Eden: 139776K(139776K)->0K(139776K) From: 7876K(17472K)->8328K(17472K)
[69.797s][info][gc,heap        ] GC(685) Tenured: 7864K(349568K)->7864K(349568K)
[69.798s][info][gc,metaspace   ] GC(685) Metaspace: 8626K(8896K)->8626K(8896K) NonClass: 7475K(7616K)->7475K(7616K) Class: 1151K(1280K)->1151K(1280K)
[69.798s][info][gc             ] GC(685) Pause Young (Allocation Failure) 151M->15M(494M) 18.448ms
[69.798s][info][gc,cpu         ] GC(685) User=0.02s Sys=0.00s Real=0.01s
[69.900s][info][gc,start       ] GC(686) Pause Young (Allocation Failure)
[69.946s][info][gc,heap        ] GC(686) DefNew: 148104K(157248K)->17471K(157248K) Eden: 139776K(139776K)->0K(139776K) From: 8328K(17472K)->17471K(17472K)
[69.946s][info][gc,heap        ] GC(686) Tenured: 7864K(349568K)->7921K(349568K)
[69.946s][info][gc,metaspace   ] GC(686) Metaspace: 8629K(8896K)->8629K(8896K) NonClass: 7477K(7616K)->7477K(7616K) Class: 1151K(1280K)->1151K(1280K)
[69.946s][info][gc             ] GC(686) Pause Young (Allocation Failure) 152M->24M(494M) 45.910ms
[69.946s][info][gc,cpu         ] GC(686) User=0.05s Sys=0.00s Real=0.05s
[70.025s][info][gc,start       ] GC(687) Pause Young (Allocation Failure)
[70.054s][info][gc,heap        ] GC(687) DefNew: 157247K(157248K)->518K(157248K) Eden: 139776K(139776K)->0K(139776K) From: 17471K(17472K)->518K(17472K)
[70.054s][info][gc,heap        ] GC(687) Tenured: 7921K(349568K)->25347K(349568K)
[70.054s][info][gc,metaspace   ] GC(687) Metaspace: 8629K(8896K)->8629K(8896K) NonClass: 7477K(7616K)->7477K(7616K) Class: 1151K(1280K)->1151K(1280K)
[70.054s][info][gc             ] GC(687) Pause Young (Allocation Failure) 161M->25M(494M) 28.923ms
[70.054s][info][gc,cpu         ] GC(687) User=0.03s Sys=0.00s Real=0.03s
[70.128s][info][gc,start       ] GC(688) Pause Young (Allocation Failure)
[70.131s][info][gc,heap        ] GC(688) DefNew: 140294K(157248K)->943K(157248K) Eden: 139776K(139776K)->0K(139776K) From: 518K(17472K)->943K(17472K)
[70.131s][info][gc,heap        ] GC(688) Tenured: 25347K(349568K)->25347K(349568K)
[70.131s][info][gc,metaspace   ] GC(688) Metaspace: 8629K(8896K)->8629K(8896K) NonClass: 7477K(7616K)->7477K(7616K) Class: 1151K(1280K)->1151K(1280K)
[70.131s][info][gc             ] GC(688) Pause Young (Allocation Failure) 161M->25M(494M) 3.504ms
[70.131s][info][gc,cpu         ] GC(688) User=0.02s Sys=0.00s Real=0.02s
[70.210s][info][gc,start       ] GC(689) Pause Young (Allocation Failure)
[70.227s][info][gc,heap        ] GC(689) DefNew: 140719K(157248K)->5189K(157248K) Eden: 139776K(139776K)->0K(139776K) From: 943K(17472K)->5189K(17472K)
[70.227s][info][gc,heap        ] GC(689) Tenured: 25347K(349568K)->25347K(349568K)
[70.227s][info][gc,metaspace   ] GC(689) Metaspace: 8629K(8896K)->8629K(8896K) NonClass: 7477K(7616K)->7477K(7616K) Class: 1151K(1280K)->1151K(1280K)
[70.227s][info][gc             ] GC(689) Pause Young (Allocation Failure) 162M->29M(494M) 16.702ms
[70.227s][info][gc,cpu         ] GC(689) User=0.02s Sys=0.00s Real=0.02s
[70.303s][info][gc,start       ] GC(690) Pause Young (Allocation Failure)
[70.317s][info][gc,heap        ] GC(690) DefNew: 144965K(157248K)->5634K(157248K) Eden: 139776K(139776K)->0K(139776K) From: 5189K(17472K)->5634K(17472K)
[70.317s][info][gc,heap        ] GC(690) Tenured: 25347K(349568K)->25347K(349568K)
[70.317s][info][gc,metaspace   ] GC(690) Metaspace: 8629K(8896K)->8629K(8896K) NonClass: 7477K(7616K)->7477K(7616K) Class: 1151K(1280K)->1151K(1280K)
[70.317s][info][gc             ] GC(690) Pause Young (Allocation Failure) 166M->30M(494M) 13.938ms
[70.317s][info][gc,cpu         ] GC(690) User=0.00s Sys=0.00s Real=0.00s
[70.383s][info][gc,start       ] GC(691) Pause Young (Allocation Failure)
[70.398s][info][gc,heap        ] GC(691) DefNew: 145410K(157248K)->6126K(157248K) Eden: 139776K(139776K)->0K(139776K) From: 5634K(17472K)->6126K(17472K)
[70.398s][info][gc,heap        ] GC(691) Tenured: 25347K(349568K)->25347K(349568K)
[70.398s][info][gc,metaspace   ] GC(691) Metaspace: 8629K(8896K)->8629K(8896K) NonClass: 7477K(7616K)->7477K(7616K) Class: 1151K(1280K)->1151K(1280K)
[70.398s][info][gc             ] GC(691) Pause Young (Allocation Failure) 166M->30M(494M) 15.086ms
[70.398s][info][gc,cpu         ] GC(691) User=0.02s Sys=0.00s Real=0.02s
[70.470s][info][gc,start       ] GC(692) Pause Young (Allocation Failure)
[70.487s][info][gc,heap        ] GC(692) DefNew: 145902K(157248K)->6512K(157248K) Eden: 139776K(139776K)->0K(139776K) From: 6126K(17472K)->6512K(17472K)
[70.488s][info][gc,heap        ] GC(692) Tenured: 25347K(349568K)->25347K(349568K)
[70.488s][info][gc,metaspace   ] GC(692) Metaspace: 8629K(8896K)->8629K(8896K) NonClass: 7477K(7616K)->7477K(7616K) Class: 1151K(1280K)->1151K(1280K)
[70.488s][info][gc             ] GC(692) Pause Young (Allocation Failure) 167M->31M(494M) 17.501ms
[70.488s][info][gc,cpu         ] GC(692) User=0.02s Sys=0.00s Real=0.02s
[70.559s][info][gc,start       ] GC(693) Pause Young (Allocation Failure)
[70.574s][info][gc,heap        ] GC(693) DefNew: 146288K(157248K)->6947K(157248K) Eden: 139776K(139776K)->0K(139776K) From: 6512K(17472K)->6947K(17472K)
[70.574s][info][gc,heap        ] GC(693) Tenured: 25347K(349568K)->25347K(349568K)
[70.574s][info][gc,metaspace   ] GC(693) Metaspace: 8629K(8896K)->8629K(8896K) NonClass: 7477K(7616K)->7477K(7616K) Class: 1151K(1280K)->1151K(1280K)
[70.574s][info][gc             ] GC(693) Pause Young (Allocation Failure) 167M->31M(494M) 15.568ms
[70.574s][info][gc,cpu         ] GC(693) User=0.02s Sys=0.00s Real=0.02s
[70.645s][info][gc,start       ] GC(694) Pause Young (Allocation Failure)
[70.661s][info][gc,heap        ] GC(694) DefNew: 146723K(157248K)->7410K(157248K) Eden: 139776K(139776K)->0K(139776K) From: 6947K(17472K)->7410K(17472K)
[70.661s][info][gc,heap        ] GC(694) Tenured: 25347K(349568K)->25347K(349568K)
[70.661s][info][gc,metaspace   ] GC(694) Metaspace: 8629K(8896K)->8629K(8896K) NonClass: 7477K(7616K)->7477K(7616K) Class: 1151K(1280K)->1151K(1280K)
[70.661s][info][gc             ] GC(694) Pause Young (Allocation Failure) 168M->31M(494M) 16.311ms
[70.661s][info][gc,cpu         ] GC(694) User=0.02s Sys=0.00s Real=0.02s
[70.756s][info][gc,start       ] GC(695) Pause Young (Allocation Failure)
[70.784s][info][gc,heap        ] GC(695) DefNew: 147186K(157248K)->12166K(157248K) Eden: 139776K(139776K)->0K(139776K) From: 7410K(17472K)->12166K(17472K)
[70.784s][info][gc,heap        ] GC(695) Tenured: 25347K(349568K)->25347K(349568K)
[70.784s][info][gc,metaspace   ] GC(695) Metaspace: 8629K(8896K)->8629K(8896K) NonClass: 7477K(7616K)->7477K(7616K) Class: 1151K(1280K)->1151K(1280K)
[70.784s][info][gc             ] GC(695) Pause Young (Allocation Failure) 168M->36M(494M) 28.041ms
[70.784s][info][gc,cpu         ] GC(695) User=0.03s Sys=0.00s Real=0.03s
[70.863s][info][gc,start       ] GC(696) Pause Young (Allocation Failure)
[70.889s][info][gc,heap        ] GC(696) DefNew: 151942K(157248K)->7728K(157248K) Eden: 139776K(139776K)->0K(139776K) From: 12166K(17472K)->7728K(17472K)
[70.889s][info][gc,heap        ] GC(696) Tenured: 25347K(349568K)->30245K(349568K)
[70.889s][info][gc,metaspace   ] GC(696) Metaspace: 8629K(8896K)->8629K(8896K) NonClass: 7477K(7616K)->7477K(7616K) Class: 1151K(1280K)->1151K(1280K)
[70.889s][info][gc             ] GC(696) Pause Young (Allocation Failure) 173M->37M(494M) 25.973ms
[70.889s][info][gc,cpu         ] GC(696) User=0.03s Sys=0.00s Real=0.03s
[70.963s][info][gc,start       ] GC(697) Pause Young (Allocation Failure)
[70.983s][info][gc,heap        ] GC(697) DefNew: 147504K(157248K)->8177K(157248K) Eden: 139776K(139776K)->0K(139776K) From: 7728K(17472K)->8177K(17472K)
[70.992s][info][gc,heap        ] GC(697) Tenured: 30245K(349568K)->30245K(349568K)
[70.992s][info][gc,metaspace   ] GC(697) Metaspace: 8629K(8896K)->8629K(8896K) NonClass: 7477K(7616K)->7477K(7616K) Class: 1151K(1280K)->1151K(1280K)
[70.992s][info][gc             ] GC(697) Pause Young (Allocation Failure) 173M->37M(494M) 28.944ms
[70.992s][info][gc,cpu         ] GC(697) User=0.03s Sys=0.00s Real=0.03s
[71.077s][info][gc,start       ] GC(698) Pause Young (Allocation Failure)
[71.097s][info][gc,heap        ] GC(698) DefNew: 147953K(157248K)->8709K(157248K) Eden: 139776K(139776K)->0K(139776K) From: 8177K(17472K)->8709K(17472K)
[71.097s][info][gc,heap        ] GC(698) Tenured: 30245K(349568K)->30245K(349568K)
[71.097s][info][gc,metaspace   ] GC(698) Metaspace: 8629K(8896K)->8629K(8896K) NonClass: 7477K(7616K)->7477K(7616K) Class: 1151K(1280K)->1151K(1280K)
[71.097s][info][gc             ] GC(698) Pause Young (Allocation Failure) 174M->38M(494M) 19.787ms
[71.097s][info][gc,cpu         ] GC(698) User=0.02s Sys=0.00s Real=0.02s
[71.167s][info][gc,start       ] GC(699) Pause Young (Allocation Failure)
[71.187s][info][gc,heap        ] GC(699) DefNew: 148485K(157248K)->9132K(157248K) Eden: 139776K(139776K)->0K(139776K) From: 8709K(17472K)->9132K(17472K)
[71.187s][info][gc,heap        ] GC(699) Tenured: 30245K(349568K)->30245K(349568K)
[71.187s][info][gc,metaspace   ] GC(699) Metaspace: 8629K(8896K)->8629K(8896K) NonClass: 7477K(7616K)->7477K(7616K) Class: 1151K(1280K)->1151K(1280K)
[71.187s][info][gc             ] GC(699) Pause Young (Allocation Failure) 174M->38M(494M) 19.760ms
[71.187s][info][gc,cpu         ] GC(699) User=0.03s Sys=0.00s Real=0.03s
[71.259s][info][gc,start       ] GC(700) Pause Young (Allocation Failure)
[71.279s][info][gc,heap        ] GC(700) DefNew: 148908K(157248K)->8403K(157248K) Eden: 139776K(139776K)->0K(139776K) From: 9132K(17472K)->8403K(17472K)
[71.279s][info][gc,heap        ] GC(700) Tenured: 30245K(349568K)->31449K(349568K)
[71.279s][info][gc,metaspace   ] GC(700) Metaspace: 8629K(8896K)->8629K(8896K) NonClass: 7477K(7616K)->7477K(7616K) Class: 1151K(1280K)->1151K(1280K)
[71.279s][info][gc             ] GC(700) Pause Young (Allocation Failure) 174M->38M(494M) 20.410ms
[71.279s][info][gc,cpu         ] GC(700) User=0.02s Sys=0.00s Real=0.02s
[71.354s][info][gc,start       ] GC(701) Pause Young (Allocation Failure)
[71.376s][info][gc,heap        ] GC(701) DefNew: 148179K(157248K)->8810K(157248K) Eden: 139776K(139776K)->0K(139776K) From: 8403K(17472K)->8810K(17472K)
[71.376s][info][gc,heap        ] GC(701) Tenured: 31449K(349568K)->31449K(349568K)
[71.376s][info][gc,metaspace   ] GC(701) Metaspace: 8629K(8896K)->8629K(8896K) NonClass: 7477K(7616K)->7477K(7616K) Class: 1151K(1280K)->1151K(1280K)
[71.376s][info][gc             ] GC(701) Pause Young (Allocation Failure) 175M->39M(494M) 21.870ms
[71.376s][info][gc,cpu         ] GC(701) User=0.02s Sys=0.00s Real=0.01s
[71.453s][info][gc,start       ] GC(702) Pause Young (Allocation Failure)
[71.474s][info][gc,heap        ] GC(702) DefNew: 148586K(157248K)->3491K(157248K) Eden: 139776K(139776K)->0K(139776K) From: 8810K(17472K)->3491K(17472K)
[71.474s][info][gc,heap        ] GC(702) Tenured: 31449K(349568K)->37179K(349568K)
[71.474s][info][gc,metaspace   ] GC(702) Metaspace: 8629K(8896K)->8629K(8896K) NonClass: 7477K(7616K)->7477K(7616K) Class: 1151K(1280K)->1151K(1280K)
[71.474s][info][gc             ] GC(702) Pause Young (Allocation Failure) 175M->39M(494M) 21.317ms
[71.474s][info][gc,cpu         ] GC(702) User=0.03s Sys=0.00s Real=0.03s
[71.546s][info][gc,start       ] GC(703) Pause Young (Allocation Failure)
[71.556s][info][gc,heap        ] GC(703) DefNew: 143267K(157248K)->3981K(157248K) Eden: 139776K(139776K)->0K(139776K) From: 3491K(17472K)->3981K(17472K)
[71.556s][info][gc,heap        ] GC(703) Tenured: 37179K(349568K)->37179K(349568K)
[71.556s][info][gc,metaspace   ] GC(703) Metaspace: 8629K(8896K)->8629K(8896K) NonClass: 7477K(7616K)->7477K(7616K) Class: 1151K(1280K)->1151K(1280K)
[71.557s][info][gc             ] GC(703) Pause Young (Allocation Failure) 176M->40M(494M) 10.397ms
[71.557s][info][gc,cpu         ] GC(703) User=0.02s Sys=0.00s Real=0.02s
[71.935s][info][gc,start       ] GC(704) Pause Young (Allocation Failure)
[72.077s][info][gc,heap        ] GC(704) DefNew: 143757K(157248K)->17471K(157248K) Eden: 139776K(139776K)->0K(139776K) From: 3981K(17472K)->17471K(17472K)
[72.077s][info][gc,heap        ] GC(704) Tenured: 37179K(349568K)->73386K(349568K)
[72.077s][info][gc,metaspace   ] GC(704) Metaspace: 8629K(8896K)->8629K(8896K) NonClass: 7477K(7616K)->7477K(7616K) Class: 1151K(1280K)->1151K(1280K)
[72.077s][info][gc             ] GC(704) Pause Young (Allocation Failure) 176M->88M(494M) 142.967ms
[72.077s][info][gc,cpu         ] GC(704) User=0.14s Sys=0.00s Real=0.14s
[72.130s][info][gc,start       ] GC(705) Pause Full (System.gc())
[72.131s][info][gc,phases,start] GC(705) Phase 1: Mark live objects
[72.142s][info][gc,phases      ] GC(705) Phase 1: Mark live objects 11.151ms
[72.142s][info][gc,phases,start] GC(705) Phase 2: Compute new object addresses
[72.175s][info][gc,phases      ] GC(705) Phase 2: Compute new object addresses 32.730ms
[72.175s][info][gc,phases,start] GC(705) Phase 3: Adjust pointers
[72.177s][info][gc,phases      ] GC(705) Phase 3: Adjust pointers 2.688ms
[72.177s][info][gc,phases,start] GC(705) Phase 4: Move objects
[72.177s][info][gc,phases      ] GC(705) Phase 4: Move objects 0.011ms
[72.177s][info][gc,heap        ] GC(705) DefNew: 42625K(157248K)->0K(157248K) Eden: 25154K(139776K)->0K(139776K) From: 17471K(17472K)->0K(17472K)
[72.177s][info][gc,heap        ] GC(705) Tenured: 73386K(349568K)->3528K(349568K)
[72.177s][info][gc,metaspace   ] GC(705) Metaspace: 8629K(8896K)->8629K(8896K) NonClass: 7478K(7616K)->7478K(7616K) Class: 1151K(1280K)->1151K(1280K)
[72.177s][info][gc             ] GC(705) Pause Full (System.gc()) 113M->3M(494M) 46.912ms
[72.177s][info][gc,cpu         ] GC(705) User=0.05s Sys=0.00s Real=0.05s
[72.271s][info][gc,start       ] GC(706) Pause Young (Allocation Failure)
[72.272s][info][gc,heap        ] GC(706) DefNew: 139776K(157248K)->518K(157248K) Eden: 139776K(139776K)->0K(139776K) From: 0K(17472K)->518K(17472K)
[72.272s][info][gc,heap        ] GC(706) Tenured: 3528K(349568K)->3528K(349568K)
[72.272s][info][gc,metaspace   ] GC(706) Metaspace: 8637K(8896K)->8637K(8896K) NonClass: 7486K(7616K)->7486K(7616K) Class: 1151K(1280K)->1151K(1280K)
[72.272s][info][gc             ] GC(706) Pause Young (Allocation Failure) 139M->3M(494M) 1.050ms
[72.272s][info][gc,cpu         ] GC(706) User=0.00s Sys=0.00s Real=0.00s
[72.351s][info][gc,start       ] GC(707) Pause Young (Allocation Failure)
[72.381s][info][gc,heap        ] GC(707) DefNew: 140294K(157248K)->962K(157248K) Eden: 139776K(139776K)->0K(139776K) From: 518K(17472K)->962K(17472K)
[72.381s][info][gc,heap        ] GC(707) Tenured: 3528K(349568K)->3528K(349568K)
[72.381s][info][gc,metaspace   ] GC(707) Metaspace: 8637K(8896K)->8637K(8896K) NonClass: 7486K(7616K)->7486K(7616K) Class: 1151K(1280K)->1151K(1280K)
[72.381s][info][gc             ] GC(707) Pause Young (Allocation Failure) 140M->4M(494M) 30.237ms
[72.381s][info][gc,cpu         ] GC(707) User=0.00s Sys=0.00s Real=0.03s
[72.462s][info][gc,start       ] GC(708) Pause Young (Allocation Failure)
[72.466s][info][gc,heap        ] GC(708) DefNew: 140738K(157248K)->1442K(157248K) Eden: 139776K(139776K)->0K(139776K) From: 962K(17472K)->1442K(17472K)
[72.466s][info][gc,heap        ] GC(708) Tenured: 3528K(349568K)->3528K(349568K)
[72.466s][info][gc,metaspace   ] GC(708) Metaspace: 8637K(8896K)->8637K(8896K) NonClass: 7486K(7616K)->7486K(7616K) Class: 1151K(1280K)->1151K(1280K)
[72.467s][info][gc             ] GC(708) Pause Young (Allocation Failure) 140M->4M(494M) 4.864ms
[72.467s][info][gc,cpu         ] GC(708) User=0.02s Sys=0.00s Real=0.02s
[72.536s][info][gc,start       ] GC(709) Pause Young (Allocation Failure)
[72.542s][info][gc,heap        ] GC(709) DefNew: 141218K(157248K)->1942K(157248K) Eden: 139776K(139776K)->0K(139776K) From: 1442K(17472K)->1942K(17472K)
[72.542s][info][gc,heap        ] GC(709) Tenured: 3528K(349568K)->3528K(349568K)
[72.543s][info][gc,metaspace   ] GC(709) Metaspace: 8637K(8896K)->8637K(8896K) NonClass: 7486K(7616K)->7486K(7616K) Class: 1151K(1280K)->1151K(1280K)
[72.543s][info][gc             ] GC(709) Pause Young (Allocation Failure) 141M->5M(494M) 6.590ms
[72.543s][info][gc,cpu         ] GC(709) User=0.02s Sys=0.00s Real=0.02s
[72.609s][info][gc,start       ] GC(710) Pause Young (Allocation Failure)
[72.615s][info][gc,heap        ] GC(710) DefNew: 141718K(157248K)->2391K(157248K) Eden: 139776K(139776K)->0K(139776K) From: 1942K(17472K)->2391K(17472K)
[72.616s][info][gc,heap        ] GC(710) Tenured: 3528K(349568K)->3528K(349568K)
[72.616s][info][gc,metaspace   ] GC(710) Metaspace: 8637K(8896K)->8637K(8896K) NonClass: 7486K(7616K)->7486K(7616K) Class: 1151K(1280K)->1151K(1280K)
[72.616s][info][gc             ] GC(710) Pause Young (Allocation Failure) 141M->5M(494M) 6.794ms
[72.616s][info][gc,cpu         ] GC(710) User=0.00s Sys=0.00s Real=0.00s
[72.681s][info][gc,start       ] GC(711) Pause Young (Allocation Failure)
[72.689s][info][gc,heap        ] GC(711) DefNew: 142167K(157248K)->2848K(157248K) Eden: 139776K(139776K)->0K(139776K) From: 2391K(17472K)->2848K(17472K)
[72.689s][info][gc,heap        ] GC(711) Tenured: 3528K(349568K)->3528K(349568K)
[72.689s][info][gc,metaspace   ] GC(711) Metaspace: 8637K(8896K)->8637K(8896K) NonClass: 7486K(7616K)->7486K(7616K) Class: 1151K(1280K)->1151K(1280K)
[72.689s][info][gc             ] GC(711) Pause Young (Allocation Failure) 142M->6M(494M) 7.736ms
[72.689s][info][gc,cpu         ] GC(711) User=0.02s Sys=0.00s Real=0.01s
[72.761s][info][gc,start       ] GC(712) Pause Young (Allocation Failure)
[72.770s][info][gc,heap        ] GC(712) DefNew: 142624K(157248K)->3238K(157248K) Eden: 139776K(139776K)->0K(139776K) From: 2848K(17472K)->3238K(17472K)
[72.770s][info][gc,heap        ] GC(712) Tenured: 3528K(349568K)->3528K(349568K)
[72.770s][info][gc,metaspace   ] GC(712) Metaspace: 8637K(8896K)->8637K(8896K) NonClass: 7486K(7616K)->7486K(7616K) Class: 1151K(1280K)->1151K(1280K)
[72.770s][info][gc             ] GC(712) Pause Young (Allocation Failure) 142M->6M(494M) 9.785ms
[72.770s][info][gc,cpu         ] GC(712) User=0.00s Sys=0.00s Real=0.00s
[72.838s][info][gc,start       ] GC(713) Pause Young (Allocation Failure)
[72.847s][info][gc,heap        ] GC(713) DefNew: 143014K(157248K)->3676K(157248K) Eden: 139776K(139776K)->0K(139776K) From: 3238K(17472K)->3676K(17472K)
[72.847s][info][gc,heap        ] GC(713) Tenured: 3528K(349568K)->3528K(349568K)
[72.847s][info][gc,metaspace   ] GC(713) Metaspace: 8637K(8896K)->8637K(8896K) NonClass: 7486K(7616K)->7486K(7616K) Class: 1151K(1280K)->1151K(1280K)
[72.847s][info][gc             ] GC(713) Pause Young (Allocation Failure) 143M->7M(494M) 9.644ms
[72.848s][info][gc,cpu         ] GC(713) User=0.02s Sys=0.00s Real=0.02s
[72.916s][info][gc,start       ] GC(714) Pause Young (Allocation Failure)
[72.928s][info][gc,heap        ] GC(714) DefNew: 143452K(157248K)->4276K(157248K) Eden: 139776K(139776K)->0K(139776K) From: 3676K(17472K)->4276K(17472K)
[72.928s][info][gc,heap        ] GC(714) Tenured: 3528K(349568K)->3528K(349568K)
[72.928s][info][gc,metaspace   ] GC(714) Metaspace: 8637K(8896K)->8637K(8896K) NonClass: 7486K(7616K)->7486K(7616K) Class: 1151K(1280K)->1151K(1280K)
[72.928s][info][gc             ] GC(714) Pause Young (Allocation Failure) 143M->7M(494M) 11.373ms
[72.928s][info][gc,cpu         ] GC(714) User=0.00s Sys=0.00s Real=0.00s
[73.005s][info][gc,start       ] GC(715) Pause Young (Allocation Failure)
[73.021s][info][gc,heap        ] GC(715) DefNew: 144052K(157248K)->4837K(157248K) Eden: 139776K(139776K)->0K(139776K) From: 4276K(17472K)->4837K(17472K)
[73.021s][info][gc,heap        ] GC(715) Tenured: 3528K(349568K)->3528K(349568K)
[73.021s][info][gc,metaspace   ] GC(715) Metaspace: 8637K(8896K)->8637K(8896K) NonClass: 7486K(7616K)->7486K(7616K) Class: 1151K(1280K)->1151K(1280K)
[73.021s][info][gc             ] GC(715) Pause Young (Allocation Failure) 144M->8M(494M) 16.274ms
[73.021s][info][gc,cpu         ] GC(715) User=0.02s Sys=0.00s Real=0.02s
[73.088s][info][gc,start       ] GC(716) Pause Young (Allocation Failure)
[73.100s][info][gc,heap        ] GC(716) DefNew: 144613K(157248K)->5259K(157248K) Eden: 139776K(139776K)->0K(139776K) From: 4837K(17472K)->5259K(17472K)
[73.100s][info][gc,heap        ] GC(716) Tenured: 3528K(349568K)->3528K(349568K)
[73.100s][info][gc,metaspace   ] GC(716) Metaspace: 8637K(8896K)->8637K(8896K) NonClass: 7486K(7616K)->7486K(7616K) Class: 1151K(1280K)->1151K(1280K)
[73.100s][info][gc             ] GC(716) Pause Young (Allocation Failure) 144M->8M(494M) 12.235ms
[73.100s][info][gc,cpu         ] GC(716) User=0.02s Sys=0.00s Real=0.02s
[73.167s][info][gc,start       ] GC(717) Pause Young (Allocation Failure)
[73.181s][info][gc,heap        ] GC(717) DefNew: 145035K(157248K)->5708K(157248K) Eden: 139776K(139776K)->0K(139776K) From: 5259K(17472K)->5708K(17472K)
[73.181s][info][gc,heap        ] GC(717) Tenured: 3528K(349568K)->3528K(349568K)
[73.181s][info][gc,metaspace   ] GC(717) Metaspace: 8637K(8896K)->8637K(8896K) NonClass: 7486K(7616K)->7486K(7616K) Class: 1151K(1280K)->1151K(1280K)
[73.181s][info][gc             ] GC(717) Pause Young (Allocation Failure) 145M->9M(494M) 13.356ms
[73.181s][info][gc,cpu         ] GC(717) User=0.02s Sys=0.00s Real=0.02s
[73.267s][info][gc,start       ] GC(718) Pause Young (Allocation Failure)
[73.282s][info][gc,heap        ] GC(718) DefNew: 145484K(157248K)->6237K(157248K) Eden: 139776K(139776K)->0K(139776K) From: 5708K(17472K)->6237K(17472K)
[73.282s][info][gc,heap        ] GC(718) Tenured: 3528K(349568K)->3528K(349568K)
[73.282s][info][gc,metaspace   ] GC(718) Metaspace: 8637K(8896K)->8637K(8896K) NonClass: 7486K(7616K)->7486K(7616K) Class: 1151K(1280K)->1151K(1280K)
[73.282s][info][gc             ] GC(718) Pause Young (Allocation Failure) 145M->9M(494M) 15.270ms
[73.282s][info][gc,cpu         ] GC(718) User=0.02s Sys=0.00s Real=0.02s
[73.362s][info][gc,start       ] GC(719) Pause Young (Allocation Failure)
[73.378s][info][gc,heap        ] GC(719) DefNew: 146013K(157248K)->6694K(157248K) Eden: 139776K(139776K)->0K(139776K) From: 6237K(17472K)->6694K(17472K)
[73.378s][info][gc,heap        ] GC(719) Tenured: 3528K(349568K)->3528K(349568K)
[73.378s][info][gc,metaspace   ] GC(719) Metaspace: 8637K(8896K)->8637K(8896K) NonClass: 7486K(7616K)->7486K(7616K) Class: 1151K(1280K)->1151K(1280K)
[73.378s][info][gc             ] GC(719) Pause Young (Allocation Failure) 146M->9M(494M) 15.357ms
[73.378s][info][gc,cpu         ] GC(719) User=0.02s Sys=0.00s Real=0.02s
[73.448s][info][gc,start       ] GC(720) Pause Young (Allocation Failure)
[73.463s][info][gc,heap        ] GC(720) DefNew: 146470K(157248K)->7114K(157248K) Eden: 139776K(139776K)->0K(139776K) From: 6694K(17472K)->7114K(17472K)
[73.463s][info][gc,heap        ] GC(720) Tenured: 3528K(349568K)->3528K(349568K)
[73.463s][info][gc,metaspace   ] GC(720) Metaspace: 8637K(8896K)->8637K(8896K) NonClass: 7486K(7616K)->7486K(7616K) Class: 1151K(1280K)->1151K(1280K)
[73.464s][info][gc             ] GC(720) Pause Young (Allocation Failure) 146M->10M(494M) 15.496ms
[73.464s][info][gc,cpu         ] GC(720) User=0.02s Sys=0.00s Real=0.01s
[73.537s][info][gc,start       ] GC(721) Pause Young (Allocation Failure)
[73.554s][info][gc,heap        ] GC(721) DefNew: 146890K(157248K)->7528K(157248K) Eden: 139776K(139776K)->0K(139776K) From: 7114K(17472K)->7528K(17472K)
[73.554s][info][gc,heap        ] GC(721) Tenured: 3528K(349568K)->3533K(349568K)
[73.554s][info][gc,metaspace   ] GC(721) Metaspace: 8637K(8896K)->8637K(8896K) NonClass: 7486K(7616K)->7486K(7616K) Class: 1151K(1280K)->1151K(1280K)
[73.554s][info][gc             ] GC(721) Pause Young (Allocation Failure) 146M->10M(494M) 17.332ms
[73.554s][info][gc,cpu         ] GC(721) User=0.02s Sys=0.00s Real=0.02s
[73.622s][info][gc,start       ] GC(722) Pause Young (Allocation Failure)
[73.639s][info][gc,heap        ] GC(722) DefNew: 147304K(157248K)->7983K(157248K) Eden: 139776K(139776K)->0K(139776K) From: 7528K(17472K)->7983K(17472K)
[73.639s][info][gc,heap        ] GC(722) Tenured: 3533K(349568K)->3533K(349568K)
[73.639s][info][gc,metaspace   ] GC(722) Metaspace: 8637K(8896K)->8637K(8896K) NonClass: 7486K(7616K)->7486K(7616K) Class: 1151K(1280K)->1151K(1280K)
[73.639s][info][gc             ] GC(722) Pause Young (Allocation Failure) 147M->11M(494M) 16.965ms
[73.639s][info][gc,cpu         ] GC(722) User=0.02s Sys=0.00s Real=0.02s
[73.709s][info][gc,start       ] GC(723) Pause Young (Allocation Failure)
[73.727s][info][gc,heap        ] GC(723) DefNew: 147759K(157248K)->8438K(157248K) Eden: 139776K(139776K)->0K(139776K) From: 7983K(17472K)->8438K(17472K)
[73.727s][info][gc,heap        ] GC(723) Tenured: 3533K(349568K)->3533K(349568K)
[73.727s][info][gc,metaspace   ] GC(723) Metaspace: 8637K(8896K)->8637K(8896K) NonClass: 7486K(7616K)->7486K(7616K) Class: 1151K(1280K)->1151K(1280K)
[73.727s][info][gc             ] GC(723) Pause Young (Allocation Failure) 147M->11M(494M) 17.625ms
[73.727s][info][gc,cpu         ] GC(723) User=0.02s Sys=0.00s Real=0.02s
[73.810s][info][gc,start       ] GC(724) Pause Young (Allocation Failure)
[73.833s][info][gc,heap        ] GC(724) DefNew: 148214K(157248K)->9049K(157248K) Eden: 139776K(139776K)->0K(139776K) From: 8438K(17472K)->9049K(17472K)
[73.833s][info][gc,heap        ] GC(724) Tenured: 3533K(349568K)->3533K(349568K)
[73.833s][info][gc,metaspace   ] GC(724) Metaspace: 8637K(8896K)->8637K(8896K) NonClass: 7486K(7616K)->7486K(7616K) Class: 1151K(1280K)->1151K(1280K)
[73.833s][info][gc             ] GC(724) Pause Young (Allocation Failure) 148M->12M(494M) 22.667ms
[73.833s][info][gc,cpu         ] GC(724) User=0.02s Sys=0.00s Real=0.02s
[73.903s][info][gc,start       ] GC(725) Pause Young (Allocation Failure)
[73.921s][info][gc,heap        ] GC(725) DefNew: 148825K(157248K)->5167K(157248K) Eden: 139776K(139776K)->0K(139776K) From: 9049K(17472K)->5167K(17472K)
[73.922s][info][gc,heap        ] GC(725) Tenured: 3533K(349568K)->7864K(349568K)
[73.922s][info][gc,metaspace   ] GC(725) Metaspace: 8637K(8896K)->8637K(8896K) NonClass: 7486K(7616K)->7486K(7616K) Class: 1151K(1280K)->1151K(1280K)
[73.922s][info][gc             ] GC(725) Pause Young (Allocation Failure) 148M->12M(494M) 18.853ms
[73.922s][info][gc,cpu         ] GC(725) User=0.02s Sys=0.00s Real=0.02s
[73.992s][info][gc,start       ] GC(726) Pause Young (Allocation Failure)
[74.005s][info][gc,heap        ] GC(726) DefNew: 144943K(157248K)->5640K(157248K) Eden: 139776K(139776K)->0K(139776K) From: 5167K(17472K)->5640K(17472K)
[74.005s][info][gc,heap        ] GC(726) Tenured: 7864K(349568K)->7864K(349568K)
[74.005s][info][gc,metaspace   ] GC(726) Metaspace: 8637K(8896K)->8637K(8896K) NonClass: 7486K(7616K)->7486K(7616K) Class: 1151K(1280K)->1151K(1280K)
[74.005s][info][gc             ] GC(726) Pause Young (Allocation Failure) 149M->13M(494M) 13.494ms
[74.005s][info][gc,cpu         ] GC(726) User=0.02s Sys=0.00s Real=0.02s
[74.077s][info][gc,start       ] GC(727) Pause Young (Allocation Failure)
[74.093s][info][gc,heap        ] GC(727) DefNew: 145416K(157248K)->6141K(157248K) Eden: 139776K(139776K)->0K(139776K) From: 5640K(17472K)->6141K(17472K)
[74.093s][info][gc,heap        ] GC(727) Tenured: 7864K(349568K)->7864K(349568K)
[74.093s][info][gc,metaspace   ] GC(727) Metaspace: 8637K(8896K)->8637K(8896K) NonClass: 7486K(7616K)->7486K(7616K) Class: 1151K(1280K)->1151K(1280K)
[74.093s][info][gc             ] GC(727) Pause Young (Allocation Failure) 149M->13M(494M) 15.874ms
[74.093s][info][gc,cpu         ] GC(727) User=0.02s Sys=0.00s Real=0.02s
[74.163s][info][gc,start       ] GC(728) Pause Young (Allocation Failure)
[74.178s][info][gc,heap        ] GC(728) DefNew: 145917K(157248K)->6558K(157248K) Eden: 139776K(139776K)->0K(139776K) From: 6141K(17472K)->6558K(17472K)
[74.178s][info][gc,heap        ] GC(728) Tenured: 7864K(349568K)->7864K(349568K)
[74.178s][info][gc,metaspace   ] GC(728) Metaspace: 8637K(8896K)->8637K(8896K) NonClass: 7486K(7616K)->7486K(7616K) Class: 1151K(1280K)->1151K(1280K)
[74.178s][info][gc             ] GC(728) Pause Young (Allocation Failure) 150M->14M(494M) 14.419ms
[74.178s][info][gc,cpu         ] GC(728) User=0.02s Sys=0.00s Real=0.02s
[74.246s][info][gc,start       ] GC(729) Pause Young (Allocation Failure)
[74.262s][info][gc,heap        ] GC(729) DefNew: 146334K(157248K)->7050K(157248K) Eden: 139776K(139776K)->0K(139776K) From: 6558K(17472K)->7050K(17472K)
[74.262s][info][gc,heap        ] GC(729) Tenured: 7864K(349568K)->7864K(349568K)
[74.262s][info][gc,metaspace   ] GC(729) Metaspace: 8637K(8896K)->8637K(8896K) NonClass: 7486K(7616K)->7486K(7616K) Class: 1151K(1280K)->1151K(1280K)
[74.262s][info][gc             ] GC(729) Pause Young (Allocation Failure) 150M->14M(494M) 15.485ms
[74.262s][info][gc,cpu         ] GC(729) User=0.02s Sys=0.00s Real=0.01s
[74.337s][info][gc,start       ] GC(730) Pause Young (Allocation Failure)
[74.355s][info][gc,heap        ] GC(730) DefNew: 146826K(157248K)->7442K(157248K) Eden: 139776K(139776K)->0K(139776K) From: 7050K(17472K)->7442K(17472K)
[74.355s][info][gc,heap        ] GC(730) Tenured: 7864K(349568K)->7864K(349568K)
[74.355s][info][gc,metaspace   ] GC(730) Metaspace: 8637K(8896K)->8637K(8896K) NonClass: 7486K(7616K)->7486K(7616K) Class: 1151K(1280K)->1151K(1280K)
[74.355s][info][gc             ] GC(730) Pause Young (Allocation Failure) 151M->14M(494M) 17.941ms
[74.355s][info][gc,cpu         ] GC(730) User=0.02s Sys=0.00s Real=0.02s
[74.425s][info][gc,start       ] GC(731) Pause Young (Allocation Failure)
[74.441s][info][gc,heap        ] GC(731) DefNew: 147218K(157248K)->7876K(157248K) Eden: 139776K(139776K)->0K(139776K) From: 7442K(17472K)->7876K(17472K)
[74.441s][info][gc,heap        ] GC(731) Tenured: 7864K(349568K)->7864K(349568K)
[74.441s][info][gc,metaspace   ] GC(731) Metaspace: 8637K(8896K)->8637K(8896K) NonClass: 7486K(7616K)->7486K(7616K) Class: 1151K(1280K)->1151K(1280K)
[74.441s][info][gc             ] GC(731) Pause Young (Allocation Failure) 151M->15M(494M) 16.508ms
[74.441s][info][gc,cpu         ] GC(731) User=0.02s Sys=0.00s Real=0.02s
[74.512s][info][gc,start       ] GC(732) Pause Young (Allocation Failure)
[74.530s][info][gc,heap        ] GC(732) DefNew: 147652K(157248K)->8329K(157248K) Eden: 139776K(139776K)->0K(139776K) From: 7876K(17472K)->8329K(17472K)
[74.530s][info][gc,heap        ] GC(732) Tenured: 7864K(349568K)->7864K(349568K)
[74.530s][info][gc,metaspace   ] GC(732) Metaspace: 8637K(8896K)->8637K(8896K) NonClass: 7486K(7616K)->7486K(7616K) Class: 1151K(1280K)->1151K(1280K)
[74.530s][info][gc             ] GC(732) Pause Young (Allocation Failure) 151M->15M(494M) 17.895ms
[74.530s][info][gc,cpu         ] GC(732) User=0.02s Sys=0.00s Real=0.02s
[74.632s][info][gc,start       ] GC(733) Pause Young (Allocation Failure)
[74.678s][info][gc,heap        ] GC(733) DefNew: 148105K(157248K)->17471K(157248K) Eden: 139776K(139776K)->0K(139776K) From: 8329K(17472K)->17471K(17472K)
[74.678s][info][gc,heap        ] GC(733) Tenured: 7864K(349568K)->7921K(349568K)
[74.678s][info][gc,metaspace   ] GC(733) Metaspace: 8637K(8896K)->8637K(8896K) NonClass: 7486K(7616K)->7486K(7616K) Class: 1151K(1280K)->1151K(1280K)
[74.678s][info][gc             ] GC(733) Pause Young (Allocation Failure) 152M->24M(494M) 46.269ms
[74.678s][info][gc,cpu         ] GC(733) User=0.05s Sys=0.00s Real=0.05s
[74.757s][info][gc,start       ] GC(734) Pause Young (Allocation Failure)
[74.786s][info][gc,heap        ] GC(734) DefNew: 157247K(157248K)->518K(157248K) Eden: 139776K(139776K)->0K(139776K) From: 17471K(17472K)->518K(17472K)
[74.786s][info][gc,heap        ] GC(734) Tenured: 7921K(349568K)->25347K(349568K)
[74.786s][info][gc,metaspace   ] GC(734) Metaspace: 8637K(8896K)->8637K(8896K) NonClass: 7486K(7616K)->7486K(7616K) Class: 1151K(1280K)->1151K(1280K)
[74.786s][info][gc             ] GC(734) Pause Young (Allocation Failure) 161M->25M(494M) 29.509ms
[74.786s][info][gc,cpu         ] GC(734) User=0.03s Sys=0.00s Real=0.03s
[74.860s][info][gc,start       ] GC(735) Pause Young (Allocation Failure)
[74.863s][info][gc,heap        ] GC(735) DefNew: 140294K(157248K)->943K(157248K) Eden: 139776K(139776K)->0K(139776K) From: 518K(17472K)->943K(17472K)
[74.863s][info][gc,heap        ] GC(735) Tenured: 25347K(349568K)->25347K(349568K)
[74.863s][info][gc,metaspace   ] GC(735) Metaspace: 8637K(8896K)->8637K(8896K) NonClass: 7486K(7616K)->7486K(7616K) Class: 1151K(1280K)->1151K(1280K)
[74.863s][info][gc             ] GC(735) Pause Young (Allocation Failure) 161M->25M(494M) 3.535ms
[74.863s][info][gc,cpu         ] GC(735) User=0.00s Sys=0.00s Real=0.00s
[74.949s][info][gc,start       ] GC(736) Pause Young (Allocation Failure)
[74.965s][info][gc,heap        ] GC(736) DefNew: 140719K(157248K)->5189K(157248K) Eden: 139776K(139776K)->0K(139776K) From: 943K(17472K)->5189K(17472K)
[74.965s][info][gc,heap        ] GC(736) Tenured: 25347K(349568K)->25347K(349568K)
[74.965s][info][gc,metaspace   ] GC(736) Metaspace: 8637K(8896K)->8637K(8896K) NonClass: 7486K(7616K)->7486K(7616K) Class: 1151K(1280K)->1151K(1280K)
[74.965s][info][gc             ] GC(736) Pause Young (Allocation Failure) 162M->29M(494M) 15.879ms
[74.965s][info][gc,cpu         ] GC(736) User=0.02s Sys=0.00s Real=0.02s
[75.044s][info][gc,start       ] GC(737) Pause Young (Allocation Failure)
[75.057s][info][gc,heap        ] GC(737) DefNew: 144965K(157248K)->5633K(157248K) Eden: 139776K(139776K)->0K(139776K) From: 5189K(17472K)->5633K(17472K)
[75.058s][info][gc,heap        ] GC(737) Tenured: 25347K(349568K)->25347K(349568K)
[75.058s][info][gc,metaspace   ] GC(737) Metaspace: 8637K(8896K)->8637K(8896K) NonClass: 7486K(7616K)->7486K(7616K) Class: 1151K(1280K)->1151K(1280K)
[75.058s][info][gc             ] GC(737) Pause Young (Allocation Failure) 166M->30M(494M) 14.033ms
[75.058s][info][gc,cpu         ] GC(737) User=0.02s Sys=0.00s Real=0.02s
[75.124s][info][gc,start       ] GC(738) Pause Young (Allocation Failure)
[75.157s][info][gc,heap        ] GC(738) DefNew: 145409K(157248K)->6127K(157248K) Eden: 139776K(139776K)->0K(139776K) From: 5633K(17472K)->6127K(17472K)
[75.157s][info][gc,heap        ] GC(738) Tenured: 25347K(349568K)->25347K(349568K)
[75.157s][info][gc,metaspace   ] GC(738) Metaspace: 8637K(8896K)->8637K(8896K) NonClass: 7486K(7616K)->7486K(7616K) Class: 1151K(1280K)->1151K(1280K)
[75.157s][info][gc             ] GC(738) Pause Young (Allocation Failure) 166M->30M(494M) 32.439ms
[75.157s][info][gc,cpu         ] GC(738) User=0.02s Sys=0.00s Real=0.03s
[75.238s][info][gc,start       ] GC(739) Pause Young (Allocation Failure)
[75.254s][info][gc,heap        ] GC(739) DefNew: 145903K(157248K)->6511K(157248K) Eden: 139776K(139776K)->0K(139776K) From: 6127K(17472K)->6511K(17472K)
[75.254s][info][gc,heap        ] GC(739) Tenured: 25347K(349568K)->25347K(349568K)
[75.254s][info][gc,metaspace   ] GC(739) Metaspace: 8637K(8896K)->8637K(8896K) NonClass: 7486K(7616K)->7486K(7616K) Class: 1151K(1280K)->1151K(1280K)
[75.254s][info][gc             ] GC(739) Pause Young (Allocation Failure) 167M->31M(494M) 15.364ms
[75.254s][info][gc,cpu         ] GC(739) User=0.02s Sys=0.00s Real=0.02s
[75.324s][info][gc,start       ] GC(740) Pause Young (Allocation Failure)
[75.341s][info][gc,heap        ] GC(740) DefNew: 146287K(157248K)->6947K(157248K) Eden: 139776K(139776K)->0K(139776K) From: 6511K(17472K)->6947K(17472K)
[75.341s][info][gc,heap        ] GC(740) Tenured: 25347K(349568K)->25347K(349568K)
[75.341s][info][gc,metaspace   ] GC(740) Metaspace: 8637K(8896K)->8637K(8896K) NonClass: 7486K(7616K)->7486K(7616K) Class: 1151K(1280K)->1151K(1280K)
[75.341s][info][gc             ] GC(740) Pause Young (Allocation Failure) 167M->31M(494M) 16.778ms
[75.341s][info][gc,cpu         ] GC(740) User=0.02s Sys=0.00s Real=0.02s
[75.423s][info][gc,start       ] GC(741) Pause Young (Allocation Failure)
[75.438s][info][gc,heap        ] GC(741) DefNew: 146723K(157248K)->7410K(157248K) Eden: 139776K(139776K)->0K(139776K) From: 6947K(17472K)->7410K(17472K)
[75.438s][info][gc,heap        ] GC(741) Tenured: 25347K(349568K)->25347K(349568K)
[75.438s][info][gc,metaspace   ] GC(741) Metaspace: 8637K(8896K)->8637K(8896K) NonClass: 7486K(7616K)->7486K(7616K) Class: 1151K(1280K)->1151K(1280K)
[75.438s][info][gc             ] GC(741) Pause Young (Allocation Failure) 168M->31M(494M) 15.293ms
[75.438s][info][gc,cpu         ] GC(741) User=0.02s Sys=0.00s Real=0.02s
[75.523s][info][gc,start       ] GC(742) Pause Young (Allocation Failure)
[75.554s][info][gc,heap        ] GC(742) DefNew: 147186K(157248K)->12166K(157248K) Eden: 139776K(139776K)->0K(139776K) From: 7410K(17472K)->12166K(17472K)
[75.554s][info][gc,heap        ] GC(742) Tenured: 25347K(349568K)->25347K(349568K)
[75.554s][info][gc,metaspace   ] GC(742) Metaspace: 8637K(8896K)->8637K(8896K) NonClass: 7486K(7616K)->7486K(7616K) Class: 1151K(1280K)->1151K(1280K)
[75.554s][info][gc             ] GC(742) Pause Young (Allocation Failure) 168M->36M(494M) 31.133ms
[75.554s][info][gc,cpu         ] GC(742) User=0.03s Sys=0.00s Real=0.03s
[75.633s][info][gc,start       ] GC(743) Pause Young (Allocation Failure)
[75.659s][info][gc,heap        ] GC(743) DefNew: 151942K(157248K)->7728K(157248K) Eden: 139776K(139776K)->0K(139776K) From: 12166K(17472K)->7728K(17472K)
[75.659s][info][gc,heap        ] GC(743) Tenured: 25347K(349568K)->30245K(349568K)
[75.659s][info][gc,metaspace   ] GC(743) Metaspace: 8637K(8896K)->8637K(8896K) NonClass: 7486K(7616K)->7486K(7616K) Class: 1151K(1280K)->1151K(1280K)
[75.659s][info][gc             ] GC(743) Pause Young (Allocation Failure) 173M->37M(494M) 26.064ms
[75.659s][info][gc,cpu         ] GC(743) User=0.03s Sys=0.00s Real=0.03s
[75.733s][info][gc,start       ] GC(744) Pause Young (Allocation Failure)
[75.753s][info][gc,heap        ] GC(744) DefNew: 147504K(157248K)->8177K(157248K) Eden: 139776K(139776K)->0K(139776K) From: 7728K(17472K)->8177K(17472K)
[75.753s][info][gc,heap        ] GC(744) Tenured: 30245K(349568K)->30245K(349568K)
[75.753s][info][gc,metaspace   ] GC(744) Metaspace: 8637K(8896K)->8637K(8896K) NonClass: 7486K(7616K)->7486K(7616K) Class: 1151K(1280K)->1151K(1280K)
[75.753s][info][gc             ] GC(744) Pause Young (Allocation Failure) 173M->37M(494M) 19.406ms
[75.753s][info][gc,cpu         ] GC(744) User=0.03s Sys=0.00s Real=0.03s
[75.831s][info][gc,start       ] GC(745) Pause Young (Allocation Failure)
[75.850s][info][gc,heap        ] GC(745) DefNew: 147953K(157248K)->8709K(157248K) Eden: 139776K(139776K)->0K(139776K) From: 8177K(17472K)->8709K(17472K)
[75.850s][info][gc,heap        ] GC(745) Tenured: 30245K(349568K)->30245K(349568K)
[75.850s][info][gc,metaspace   ] GC(745) Metaspace: 8637K(8896K)->8637K(8896K) NonClass: 7486K(7616K)->7486K(7616K) Class: 1151K(1280K)->1151K(1280K)
[75.850s][info][gc             ] GC(745) Pause Young (Allocation Failure) 174M->38M(494M) 18.867ms
[75.850s][info][gc,cpu         ] GC(745) User=0.02s Sys=0.00s Real=0.02s
[75.920s][info][gc,start       ] GC(746) Pause Young (Allocation Failure)
[75.939s][info][gc,heap        ] GC(746) DefNew: 148485K(157248K)->9132K(157248K) Eden: 139776K(139776K)->0K(139776K) From: 8709K(17472K)->9132K(17472K)
[75.939s][info][gc,heap        ] GC(746) Tenured: 30245K(349568K)->30245K(349568K)
[75.939s][info][gc,metaspace   ] GC(746) Metaspace: 8637K(8896K)->8637K(8896K) NonClass: 7486K(7616K)->7486K(7616K) Class: 1151K(1280K)->1151K(1280K)
[75.939s][info][gc             ] GC(746) Pause Young (Allocation Failure) 174M->38M(494M) 19.203ms
[75.939s][info][gc,cpu         ] GC(746) User=0.03s Sys=0.00s Real=0.03s
[76.010s][info][gc,start       ] GC(747) Pause Young (Allocation Failure)
[76.031s][info][gc,heap        ] GC(747) DefNew: 148908K(157248K)->8403K(157248K) Eden: 139776K(139776K)->0K(139776K) From: 9132K(17472K)->8403K(17472K)
[76.031s][info][gc,heap        ] GC(747) Tenured: 30245K(349568K)->31449K(349568K)
[76.031s][info][gc,metaspace   ] GC(747) Metaspace: 8637K(8896K)->8637K(8896K) NonClass: 7486K(7616K)->7486K(7616K) Class: 1151K(1280K)->1151K(1280K)
[76.031s][info][gc             ] GC(747) Pause Young (Allocation Failure) 174M->38M(494M) 21.106ms
[76.031s][info][gc,cpu         ] GC(747) User=0.03s Sys=0.00s Real=0.02s
[76.106s][info][gc,start       ] GC(748) Pause Young (Allocation Failure)
[76.127s][info][gc,heap        ] GC(748) DefNew: 148179K(157248K)->8810K(157248K) Eden: 139776K(139776K)->0K(139776K) From: 8403K(17472K)->8810K(17472K)
[76.127s][info][gc,heap        ] GC(748) Tenured: 31449K(349568K)->31449K(349568K)
[76.127s][info][gc,metaspace   ] GC(748) Metaspace: 8637K(8896K)->8637K(8896K) NonClass: 7486K(7616K)->7486K(7616K) Class: 1151K(1280K)->1151K(1280K)
[76.127s][info][gc             ] GC(748) Pause Young (Allocation Failure) 175M->39M(494M) 21.337ms
[76.127s][info][gc,cpu         ] GC(748) User=0.02s Sys=0.00s Real=0.02s
[76.201s][info][gc,start       ] GC(749) Pause Young (Allocation Failure)
[76.222s][info][gc,heap        ] GC(749) DefNew: 148586K(157248K)->3491K(157248K) Eden: 139776K(139776K)->0K(139776K) From: 8810K(17472K)->3491K(17472K)
[76.222s][info][gc,heap        ] GC(749) Tenured: 31449K(349568K)->37179K(349568K)
[76.222s][info][gc,metaspace   ] GC(749) Metaspace: 8637K(8896K)->8637K(8896K) NonClass: 7486K(7616K)->7486K(7616K) Class: 1151K(1280K)->1151K(1280K)
[76.222s][info][gc             ] GC(749) Pause Young (Allocation Failure) 175M->39M(494M) 20.761ms
[76.222s][info][gc,cpu         ] GC(749) User=0.02s Sys=0.00s Real=0.02s
[76.293s][info][gc,start       ] GC(750) Pause Young (Allocation Failure)
[76.304s][info][gc,heap        ] GC(750) DefNew: 143267K(157248K)->3981K(157248K) Eden: 139776K(139776K)->0K(139776K) From: 3491K(17472K)->3981K(17472K)
[76.304s][info][gc,heap        ] GC(750) Tenured: 37179K(349568K)->37179K(349568K)
[76.304s][info][gc,metaspace   ] GC(750) Metaspace: 8637K(8896K)->8637K(8896K) NonClass: 7486K(7616K)->7486K(7616K) Class: 1151K(1280K)->1151K(1280K)
[76.304s][info][gc             ] GC(750) Pause Young (Allocation Failure) 176M->40M(494M) 10.486ms
[76.304s][info][gc,cpu         ] GC(750) User=0.00s Sys=0.00s Real=0.00s
[76.680s][info][gc,start       ] GC(751) Pause Young (Allocation Failure)
[76.822s][info][gc,heap        ] GC(751) DefNew: 143757K(157248K)->17472K(157248K) Eden: 139776K(139776K)->0K(139776K) From: 3981K(17472K)->17472K(17472K)
[76.822s][info][gc,heap        ] GC(751) Tenured: 37179K(349568K)->73386K(349568K)
[76.822s][info][gc,metaspace   ] GC(751) Metaspace: 8637K(8896K)->8637K(8896K) NonClass: 7486K(7616K)->7486K(7616K) Class: 1151K(1280K)->1151K(1280K)
[76.823s][info][gc             ] GC(751) Pause Young (Allocation Failure) 176M->88M(494M) 142.399ms
[76.823s][info][gc,cpu         ] GC(751) User=0.14s Sys=0.00s Real=0.14s
[76.881s][info][gc,heap,exit   ] Heap
[76.882s][info][gc,heap,exit   ]  def new generation   total 157248K, used 53808K [0x00000000e0000000, 0x00000000eaaa0000, 0x00000000eaaa0000)
[76.882s][info][gc,heap,exit   ]   eden space 139776K,  25% used [0x00000000e0000000, 0x00000000e237c100, 0x00000000e8880000)
[76.882s][info][gc,heap,exit   ]   from space 17472K, 100% used [0x00000000e8880000, 0x00000000e9990000, 0x00000000e9990000)
[76.882s][info][gc,heap,exit   ]   to   space 17472K,   0% used [0x00000000e9990000, 0x00000000e9990000, 0x00000000eaaa0000)
[76.882s][info][gc,heap,exit   ]  tenured generation   total 349568K, used 73386K [0x00000000eaaa0000, 0x0000000100000000, 0x0000000100000000)
[76.882s][info][gc,heap,exit   ]    the space 349568K,  20% used [0x00000000eaaa0000, 0x00000000ef24ab70, 0x00000000ef24ac00, 0x0000000100000000)
[76.882s][info][gc,heap,exit   ]  Metaspace       used 8697K, committed 8960K, reserved 1114112K
[76.882s][info][gc,heap,exit   ]   class space    used 1161K, committed 1280K, reserved 1048576K
