[0.015s][info][gc,init] CardTable entry size: 512
[0.015s][info][gc     ] Using Serial
[0.018s][info][gc,init] Version: 20+36-2344 (release)
[0.018s][info][gc,init] CPUs: 48 total, 48 available
[0.018s][info][gc,init] Memory: 382G
[0.018s][info][gc,init] Large Page Support: Disabled
[0.018s][info][gc,init] NUMA Support: Disabled
[0.018s][info][gc,init] Compressed Oops: Enabled (32-bit)
[0.018s][info][gc,init] Heap Min Capacity: 8M
[0.018s][info][gc,init] Heap Initial Capacity: 1G
[0.018s][info][gc,init] Heap Max Capacity: 1G
[0.018s][info][gc,init] Pre-touch: Disabled
[0.031s][info][gc,metaspace] CDS archive(s) mapped at: [0x0000000800000000-0x0000000800c60000-0x0000000800c60000), size 12976128, SharedBaseAddress: 0x0000000800000000, ArchiveRelocationMode: 0.
[0.031s][info][gc,metaspace] Compressed class space mapped at: 0x0000000801000000-0x0000000841000000, reserved size: 1073741824
[0.031s][info][gc,metaspace] Narrow klass base: 0x0000000800000000, Narrow klass shift: 0, Narrow klass range: 0x100000000
[0.826s][info][gc,start    ] GC(0) Pause Full (System.gc())
[0.826s][info][gc,phases,start] GC(0) Phase 1: Mark live objects
[0.839s][info][gc,phases      ] GC(0) Phase 1: Mark live objects 12.168ms
[0.839s][info][gc,phases,start] GC(0) Phase 2: Compute new object addresses
[0.845s][info][gc,phases      ] GC(0) Phase 2: Compute new object addresses 6.067ms
[0.845s][info][gc,phases,start] GC(0) Phase 3: Adjust pointers
[0.850s][info][gc,phases      ] GC(0) Phase 3: Adjust pointers 4.731ms
[0.850s][info][gc,phases,start] GC(0) Phase 4: Move objects
[0.853s][info][gc,phases      ] GC(0) Phase 4: Move objects 3.556ms
[0.854s][info][gc,heap        ] GC(0) DefNew: 61548K(314560K)->0K(314560K) Eden: 61548K(279616K)->0K(279616K) From: 0K(34944K)->0K(34944K)
[0.854s][info][gc,heap        ] GC(0) Tenured: 0K(699072K)->3476K(699072K)
[0.854s][info][gc,metaspace   ] GC(0) Metaspace: 8263K(8448K)->8263K(8448K) NonClass: 7149K(7232K)->7149K(7232K) Class: 1113K(1216K)->1113K(1216K)
[0.854s][info][gc             ] GC(0) Pause Full (System.gc()) 60M->3M(989M) 27.762ms
[0.854s][info][gc,cpu         ] GC(0) User=0.02s Sys=0.02s Real=0.03s
[1.156s][info][gc,start       ] GC(1) Pause Young (Allocation Failure)
[1.162s][info][gc,heap        ] GC(1) DefNew: 279616K(314560K)->948K(314560K) Eden: 279616K(279616K)->0K(279616K) From: 0K(34944K)->948K(34944K)
[1.162s][info][gc,heap        ] GC(1) Tenured: 3476K(699072K)->3476K(699072K)
[1.162s][info][gc,metaspace   ] GC(1) Metaspace: 8406K(8576K)->8406K(8576K) NonClass: 7281K(7360K)->7281K(7360K) Class: 1125K(1216K)->1125K(1216K)
[1.162s][info][gc             ] GC(1) Pause Young (Allocation Failure) 276M->4M(989M) 5.985ms
[1.162s][info][gc,cpu         ] GC(1) User=0.00s Sys=0.00s Real=0.00s
[1.320s][info][gc,start       ] GC(2) Pause Young (Allocation Failure)
[1.328s][info][gc,heap        ] GC(2) DefNew: 280564K(314560K)->1884K(314560K) Eden: 279616K(279616K)->0K(279616K) From: 948K(34944K)->1884K(34944K)
[1.328s][info][gc,heap        ] GC(2) Tenured: 3476K(699072K)->3476K(699072K)
[1.328s][info][gc,metaspace   ] GC(2) Metaspace: 8406K(8576K)->8406K(8576K) NonClass: 7281K(7360K)->7281K(7360K) Class: 1125K(1216K)->1125K(1216K)
[1.328s][info][gc             ] GC(2) Pause Young (Allocation Failure) 277M->5M(989M) 7.953ms
[1.328s][info][gc,cpu         ] GC(2) User=0.00s Sys=0.02s Real=0.01s
[1.491s][info][gc,start       ] GC(3) Pause Young (Allocation Failure)
[1.501s][info][gc,heap        ] GC(3) DefNew: 281500K(314560K)->2792K(314560K) Eden: 279616K(279616K)->0K(279616K) From: 1884K(34944K)->2792K(34944K)
[1.501s][info][gc,heap        ] GC(3) Tenured: 3476K(699072K)->3476K(699072K)
[1.501s][info][gc,metaspace   ] GC(3) Metaspace: 8406K(8576K)->8406K(8576K) NonClass: 7281K(7360K)->7281K(7360K) Class: 1125K(1216K)->1125K(1216K)
[1.501s][info][gc             ] GC(3) Pause Young (Allocation Failure) 278M->6M(989M) 10.049ms
[1.501s][info][gc,cpu         ] GC(3) User=0.02s Sys=0.00s Real=0.01s
[1.648s][info][gc,start       ] GC(4) Pause Young (Allocation Failure)
[1.661s][info][gc,heap        ] GC(4) DefNew: 282408K(314560K)->3641K(314560K) Eden: 279616K(279616K)->0K(279616K) From: 2792K(34944K)->3641K(34944K)
[1.661s][info][gc,heap        ] GC(4) Tenured: 3476K(699072K)->3476K(699072K)
[1.661s][info][gc,metaspace   ] GC(4) Metaspace: 8406K(8576K)->8406K(8576K) NonClass: 7281K(7360K)->7281K(7360K) Class: 1125K(1216K)->1125K(1216K)
[1.661s][info][gc             ] GC(4) Pause Young (Allocation Failure) 279M->6M(989M) 12.563ms
[1.661s][info][gc,cpu         ] GC(4) User=0.02s Sys=0.00s Real=0.02s
[1.805s][info][gc,start       ] GC(5) Pause Young (Allocation Failure)
[1.820s][info][gc,heap        ] GC(5) DefNew: 283257K(314560K)->4766K(314560K) Eden: 279616K(279616K)->0K(279616K) From: 3641K(34944K)->4766K(34944K)
[1.820s][info][gc,heap        ] GC(5) Tenured: 3476K(699072K)->3476K(699072K)
[1.820s][info][gc,metaspace   ] GC(5) Metaspace: 8406K(8576K)->8406K(8576K) NonClass: 7281K(7360K)->7281K(7360K) Class: 1125K(1216K)->1125K(1216K)
[1.821s][info][gc             ] GC(5) Pause Young (Allocation Failure) 280M->8M(989M) 15.591ms
[1.821s][info][gc,cpu         ] GC(5) User=0.00s Sys=0.00s Real=0.00s
[1.952s][info][gc,start       ] GC(6) Pause Young (Allocation Failure)
[1.967s][info][gc,heap        ] GC(6) DefNew: 284382K(314560K)->5662K(314560K) Eden: 279616K(279616K)->0K(279616K) From: 4766K(34944K)->5662K(34944K)
[1.967s][info][gc,heap        ] GC(6) Tenured: 3476K(699072K)->3476K(699072K)
[1.967s][info][gc,metaspace   ] GC(6) Metaspace: 8406K(8576K)->8406K(8576K) NonClass: 7281K(7360K)->7281K(7360K) Class: 1125K(1216K)->1125K(1216K)
[1.967s][info][gc             ] GC(6) Pause Young (Allocation Failure) 281M->8M(989M) 15.885ms
[1.967s][info][gc,cpu         ] GC(6) User=0.02s Sys=0.00s Real=0.02s
[2.106s][info][gc,start       ] GC(7) Pause Young (Allocation Failure)
[2.123s][info][gc,heap        ] GC(7) DefNew: 285278K(314560K)->6634K(314560K) Eden: 279616K(279616K)->0K(279616K) From: 5662K(34944K)->6634K(34944K)
[2.123s][info][gc,heap        ] GC(7) Tenured: 3476K(699072K)->3476K(699072K)
[2.123s][info][gc,metaspace   ] GC(7) Metaspace: 8406K(8576K)->8406K(8576K) NonClass: 7281K(7360K)->7281K(7360K) Class: 1125K(1216K)->1125K(1216K)
[2.123s][info][gc             ] GC(7) Pause Young (Allocation Failure) 281M->9M(989M) 17.565ms
[2.123s][info][gc,cpu         ] GC(7) User=0.02s Sys=0.00s Real=0.02s
[2.262s][info][gc,start       ] GC(8) Pause Young (Allocation Failure)
[2.281s][info][gc,heap        ] GC(8) DefNew: 286250K(314560K)->7500K(314560K) Eden: 279616K(279616K)->0K(279616K) From: 6634K(34944K)->7500K(34944K)
[2.281s][info][gc,heap        ] GC(8) Tenured: 3476K(699072K)->3476K(699072K)
[2.281s][info][gc,metaspace   ] GC(8) Metaspace: 8406K(8576K)->8406K(8576K) NonClass: 7281K(7360K)->7281K(7360K) Class: 1125K(1216K)->1125K(1216K)
[2.281s][info][gc             ] GC(8) Pause Young (Allocation Failure) 282M->10M(989M) 18.980ms
[2.281s][info][gc,cpu         ] GC(8) User=0.00s Sys=0.00s Real=0.01s
[2.415s][info][gc,start       ] GC(9) Pause Young (Allocation Failure)
[2.436s][info][gc,heap        ] GC(9) DefNew: 287116K(314560K)->8419K(314560K) Eden: 279616K(279616K)->0K(279616K) From: 7500K(34944K)->8419K(34944K)
[2.436s][info][gc,heap        ] GC(9) Tenured: 3476K(699072K)->3476K(699072K)
[2.436s][info][gc,metaspace   ] GC(9) Metaspace: 8406K(8576K)->8406K(8576K) NonClass: 7281K(7360K)->7281K(7360K) Class: 1125K(1216K)->1125K(1216K)
[2.436s][info][gc             ] GC(9) Pause Young (Allocation Failure) 283M->11M(989M) 20.812ms
[2.436s][info][gc,cpu         ] GC(9) User=0.02s Sys=0.00s Real=0.02s
[2.586s][info][gc,start       ] GC(10) Pause Young (Allocation Failure)
[2.611s][info][gc,heap        ] GC(10) DefNew: 288035K(314560K)->9471K(314560K) Eden: 279616K(279616K)->0K(279616K) From: 8419K(34944K)->9471K(34944K)
[2.611s][info][gc,heap        ] GC(10) Tenured: 3476K(699072K)->3476K(699072K)
[2.611s][info][gc,metaspace   ] GC(10) Metaspace: 8406K(8576K)->8406K(8576K) NonClass: 7281K(7360K)->7281K(7360K) Class: 1125K(1216K)->1125K(1216K)
[2.611s][info][gc             ] GC(10) Pause Young (Allocation Failure) 284M->12M(989M) 25.102ms
[2.611s][info][gc,cpu         ] GC(10) User=0.03s Sys=0.00s Real=0.03s
[2.754s][info][gc,start       ] GC(11) Pause Young (Allocation Failure)
[2.776s][info][gc,heap        ] GC(11) DefNew: 289087K(314560K)->10427K(314560K) Eden: 279616K(279616K)->0K(279616K) From: 9471K(34944K)->10427K(34944K)
[2.776s][info][gc,heap        ] GC(11) Tenured: 3476K(699072K)->3476K(699072K)
[2.776s][info][gc,metaspace   ] GC(11) Metaspace: 8406K(8576K)->8406K(8576K) NonClass: 7281K(7360K)->7281K(7360K) Class: 1125K(1216K)->1125K(1216K)
[2.776s][info][gc             ] GC(11) Pause Young (Allocation Failure) 285M->13M(989M) 21.901ms
[2.776s][info][gc,cpu         ] GC(11) User=0.03s Sys=0.00s Real=0.02s
[2.913s][info][gc,start       ] GC(12) Pause Young (Allocation Failure)
[2.935s][info][gc,heap        ] GC(12) DefNew: 290043K(314560K)->11333K(314560K) Eden: 279616K(279616K)->0K(279616K) From: 10427K(34944K)->11333K(34944K)
[2.935s][info][gc,heap        ] GC(12) Tenured: 3476K(699072K)->3476K(699072K)
[2.935s][info][gc,metaspace   ] GC(12) Metaspace: 8406K(8576K)->8406K(8576K) NonClass: 7281K(7360K)->7281K(7360K) Class: 1125K(1216K)->1125K(1216K)
[2.935s][info][gc             ] GC(12) Pause Young (Allocation Failure) 286M->14M(989M) 21.780ms
[2.935s][info][gc,cpu         ] GC(12) User=0.03s Sys=0.00s Real=0.02s
[3.079s][info][gc,start       ] GC(13) Pause Young (Allocation Failure)
[3.094s][info][gc,heap        ] GC(13) DefNew: 290949K(314560K)->12172K(314560K) Eden: 279616K(279616K)->0K(279616K) From: 11333K(34944K)->12172K(34944K)
[3.094s][info][gc,heap        ] GC(13) Tenured: 3476K(699072K)->3476K(699072K)
[3.094s][info][gc,metaspace   ] GC(13) Metaspace: 8406K(8576K)->8406K(8576K) NonClass: 7281K(7360K)->7281K(7360K) Class: 1125K(1216K)->1125K(1216K)
[3.094s][info][gc             ] GC(13) Pause Young (Allocation Failure) 287M->15M(989M) 15.253ms
[3.094s][info][gc,cpu         ] GC(13) User=0.02s Sys=0.00s Real=0.01s
[3.297s][info][gc,start       ] GC(14) Pause Young (Allocation Failure)
[3.326s][info][gc,heap        ] GC(14) DefNew: 291788K(314560K)->13277K(314560K) Eden: 279616K(279616K)->0K(279616K) From: 12172K(34944K)->13277K(34944K)
[3.326s][info][gc,heap        ] GC(14) Tenured: 3476K(699072K)->3476K(699072K)
[3.326s][info][gc,metaspace   ] GC(14) Metaspace: 8408K(8576K)->8408K(8576K) NonClass: 7283K(7360K)->7283K(7360K) Class: 1125K(1216K)->1125K(1216K)
[3.326s][info][gc             ] GC(14) Pause Young (Allocation Failure) 288M->16M(989M) 29.078ms
[3.326s][info][gc,cpu         ] GC(14) User=0.03s Sys=0.00s Real=0.03s
[3.485s][info][gc,start       ] GC(15) Pause Young (Allocation Failure)
[3.510s][info][gc,heap        ] GC(15) DefNew: 292893K(314560K)->14173K(314560K) Eden: 279616K(279616K)->0K(279616K) From: 13277K(34944K)->14173K(34944K)
[3.510s][info][gc,heap        ] GC(15) Tenured: 3476K(699072K)->3476K(699072K)
[3.510s][info][gc,metaspace   ] GC(15) Metaspace: 8408K(8576K)->8408K(8576K) NonClass: 7283K(7360K)->7283K(7360K) Class: 1125K(1216K)->1125K(1216K)
[3.510s][info][gc             ] GC(15) Pause Young (Allocation Failure) 289M->17M(989M) 25.109ms
[3.510s][info][gc,cpu         ] GC(15) User=0.03s Sys=0.00s Real=0.02s
[3.659s][info][gc,start       ] GC(16) Pause Young (Allocation Failure)
[3.688s][info][gc,heap        ] GC(16) DefNew: 293789K(314560K)->15102K(314560K) Eden: 279616K(279616K)->0K(279616K) From: 14173K(34944K)->15102K(34944K)
[3.688s][info][gc,heap        ] GC(16) Tenured: 3476K(699072K)->3542K(699072K)
[3.688s][info][gc,metaspace   ] GC(16) Metaspace: 8408K(8576K)->8408K(8576K) NonClass: 7283K(7360K)->7283K(7360K) Class: 1125K(1216K)->1125K(1216K)
[3.688s][info][gc             ] GC(16) Pause Young (Allocation Failure) 290M->18M(989M) 29.056ms
[3.688s][info][gc,cpu         ] GC(16) User=0.03s Sys=0.00s Real=0.03s
[3.833s][info][gc,start       ] GC(17) Pause Young (Allocation Failure)
[3.863s][info][gc,heap        ] GC(17) DefNew: 294718K(314560K)->15968K(314560K) Eden: 279616K(279616K)->0K(279616K) From: 15102K(34944K)->15968K(34944K)
[3.863s][info][gc,heap        ] GC(17) Tenured: 3542K(699072K)->3542K(699072K)
[3.863s][info][gc,metaspace   ] GC(17) Metaspace: 8408K(8576K)->8408K(8576K) NonClass: 7283K(7360K)->7283K(7360K) Class: 1125K(1216K)->1125K(1216K)
[3.863s][info][gc             ] GC(17) Pause Young (Allocation Failure) 291M->19M(989M) 30.091ms
[3.863s][info][gc,cpu         ] GC(17) User=0.03s Sys=0.00s Real=0.03s
[4.005s][info][gc,start       ] GC(18) Pause Young (Allocation Failure)
[4.023s][info][gc,heap        ] GC(18) DefNew: 295584K(314560K)->16864K(314560K) Eden: 279616K(279616K)->0K(279616K) From: 15968K(34944K)->16864K(34944K)
[4.023s][info][gc,heap        ] GC(18) Tenured: 3542K(699072K)->3542K(699072K)
[4.023s][info][gc,metaspace   ] GC(18) Metaspace: 8408K(8576K)->8408K(8576K) NonClass: 7283K(7360K)->7283K(7360K) Class: 1125K(1216K)->1125K(1216K)
[4.023s][info][gc             ] GC(18) Pause Young (Allocation Failure) 292M->19M(989M) 17.814ms
[4.023s][info][gc,cpu         ] GC(18) User=0.02s Sys=0.00s Real=0.02s
[4.179s][info][gc,start       ] GC(19) Pause Young (Allocation Failure)
[4.212s][info][gc,heap        ] GC(19) DefNew: 296480K(314560K)->17904K(314560K) Eden: 279616K(279616K)->0K(279616K) From: 16864K(34944K)->17904K(34944K)
[4.212s][info][gc,heap        ] GC(19) Tenured: 3542K(699072K)->3542K(699072K)
[4.212s][info][gc,metaspace   ] GC(19) Metaspace: 8408K(8576K)->8408K(8576K) NonClass: 7283K(7360K)->7283K(7360K) Class: 1125K(1216K)->1125K(1216K)
[4.212s][info][gc             ] GC(19) Pause Young (Allocation Failure) 292M->20M(989M) 33.217ms
[4.212s][info][gc,cpu         ] GC(19) User=0.03s Sys=0.00s Real=0.03s
[4.370s][info][gc,start       ] GC(20) Pause Young (Allocation Failure)
[4.389s][info][gc,heap        ] GC(20) DefNew: 297520K(314560K)->14501K(314560K) Eden: 279616K(279616K)->0K(279616K) From: 17904K(34944K)->14501K(34944K)
[4.389s][info][gc,heap        ] GC(20) Tenured: 3542K(699072K)->7868K(699072K)
[4.389s][info][gc,metaspace   ] GC(20) Metaspace: 8408K(8576K)->8408K(8576K) NonClass: 7283K(7360K)->7283K(7360K) Class: 1125K(1216K)->1125K(1216K)
[4.389s][info][gc             ] GC(20) Pause Young (Allocation Failure) 294M->21M(989M) 19.433ms
[4.389s][info][gc,cpu         ] GC(20) User=0.02s Sys=0.00s Real=0.02s
[4.534s][info][gc,start       ] GC(21) Pause Young (Allocation Failure)
[4.563s][info][gc,heap        ] GC(21) DefNew: 294117K(314560K)->15452K(314560K) Eden: 279616K(279616K)->0K(279616K) From: 14501K(34944K)->15452K(34944K)
[4.563s][info][gc,heap        ] GC(21) Tenured: 7868K(699072K)->7868K(699072K)
[4.563s][info][gc,metaspace   ] GC(21) Metaspace: 8408K(8576K)->8408K(8576K) NonClass: 7283K(7360K)->7283K(7360K) Class: 1125K(1216K)->1125K(1216K)
[4.563s][info][gc             ] GC(21) Pause Young (Allocation Failure) 294M->22M(989M) 29.437ms
[4.563s][info][gc,cpu         ] GC(21) User=0.03s Sys=0.00s Real=0.03s
[4.707s][info][gc,start       ] GC(22) Pause Young (Allocation Failure)
[4.736s][info][gc,heap        ] GC(22) DefNew: 295068K(314560K)->16303K(314560K) Eden: 279616K(279616K)->0K(279616K) From: 15452K(34944K)->16303K(34944K)
[4.736s][info][gc,heap        ] GC(22) Tenured: 7868K(699072K)->7868K(699072K)
[4.736s][info][gc,metaspace   ] GC(22) Metaspace: 8408K(8576K)->8408K(8576K) NonClass: 7283K(7360K)->7283K(7360K) Class: 1125K(1216K)->1125K(1216K)
[4.736s][info][gc             ] GC(22) Pause Young (Allocation Failure) 295M->23M(989M) 29.632ms
[4.736s][info][gc,cpu         ] GC(22) User=0.02s Sys=0.00s Real=0.01s
[4.979s][info][gc,start       ] GC(23) Pause Young (Allocation Failure)
[5.226s][info][gc,heap        ] GC(23) DefNew: 295919K(314560K)->34944K(314560K) Eden: 279616K(279616K)->0K(279616K) From: 16303K(34944K)->34944K(34944K)
[5.226s][info][gc,heap        ] GC(23) Tenured: 7868K(699072K)->18318K(699072K)
[5.226s][info][gc,metaspace   ] GC(23) Metaspace: 8408K(8576K)->8408K(8576K) NonClass: 7283K(7360K)->7283K(7360K) Class: 1125K(1216K)->1125K(1216K)
[5.226s][info][gc             ] GC(23) Pause Young (Allocation Failure) 296M->52M(989M) 247.344ms
[5.226s][info][gc,cpu         ] GC(23) User=0.13s Sys=0.02s Real=0.25s
[5.588s][info][gc,start       ] GC(24) Pause Full (System.gc())
[5.588s][info][gc,phases,start] GC(24) Phase 1: Mark live objects
[5.600s][info][gc,phases      ] GC(24) Phase 1: Mark live objects 11.544ms
[5.600s][info][gc,phases,start] GC(24) Phase 2: Compute new object addresses
[5.630s][info][gc,phases      ] GC(24) Phase 2: Compute new object addresses 30.294ms
[5.630s][info][gc,phases,start] GC(24) Phase 3: Adjust pointers
[5.633s][info][gc,phases      ] GC(24) Phase 3: Adjust pointers 2.805ms
[5.633s][info][gc,phases,start] GC(24) Phase 4: Move objects
[5.633s][info][gc,phases      ] GC(24) Phase 4: Move objects 0.031ms
[5.633s][info][gc,heap        ] GC(24) DefNew: 111370K(314560K)->0K(314560K) Eden: 76426K(279616K)->0K(279616K) From: 34944K(34944K)->0K(34944K)
[5.633s][info][gc,heap        ] GC(24) Tenured: 18318K(699072K)->18343K(699072K)
[5.633s][info][gc,metaspace   ] GC(24) Metaspace: 8594K(8832K)->8594K(8832K) NonClass: 7443K(7552K)->7443K(7552K) Class: 1151K(1280K)->1151K(1280K)
[5.633s][info][gc             ] GC(24) Pause Full (System.gc()) 126M->17M(989M) 45.073ms
[5.633s][info][gc,cpu         ] GC(24) User=0.02s Sys=0.00s Real=0.03s
[5.777s][info][gc,start       ] GC(25) Pause Young (Allocation Failure)
[5.780s][info][gc,heap        ] GC(25) DefNew: 279616K(314560K)->961K(314560K) Eden: 279616K(279616K)->0K(279616K) From: 0K(34944K)->961K(34944K)
[5.781s][info][gc,heap        ] GC(25) Tenured: 18343K(699072K)->18343K(699072K)
[5.781s][info][gc,metaspace   ] GC(25) Metaspace: 8594K(8832K)->8594K(8832K) NonClass: 7443K(7552K)->7443K(7552K) Class: 1151K(1280K)->1151K(1280K)
[5.781s][info][gc             ] GC(25) Pause Young (Allocation Failure) 290M->18M(989M) 4.171ms
[5.781s][info][gc,cpu         ] GC(25) User=0.00s Sys=0.00s Real=0.00s
[5.915s][info][gc,start       ] GC(26) Pause Young (Allocation Failure)
[5.922s][info][gc,heap        ] GC(26) DefNew: 280577K(314560K)->1927K(314560K) Eden: 279616K(279616K)->0K(279616K) From: 961K(34944K)->1927K(34944K)
[5.922s][info][gc,heap        ] GC(26) Tenured: 18343K(699072K)->18343K(699072K)
[5.922s][info][gc,metaspace   ] GC(26) Metaspace: 8594K(8832K)->8594K(8832K) NonClass: 7443K(7552K)->7443K(7552K) Class: 1151K(1280K)->1151K(1280K)
[5.922s][info][gc             ] GC(26) Pause Young (Allocation Failure) 291M->19M(989M) 6.596ms
[5.922s][info][gc,cpu         ] GC(26) User=0.02s Sys=0.00s Real=0.01s
[6.064s][info][gc,start       ] GC(27) Pause Young (Allocation Failure)
[6.072s][info][gc,heap        ] GC(27) DefNew: 281543K(314560K)->2850K(314560K) Eden: 279616K(279616K)->0K(279616K) From: 1927K(34944K)->2850K(34944K)
[6.072s][info][gc,heap        ] GC(27) Tenured: 18343K(699072K)->18343K(699072K)
[6.072s][info][gc,metaspace   ] GC(27) Metaspace: 8594K(8832K)->8594K(8832K) NonClass: 7443K(7552K)->7443K(7552K) Class: 1151K(1280K)->1151K(1280K)
[6.072s][info][gc             ] GC(27) Pause Young (Allocation Failure) 292M->20M(989M) 8.713ms
[6.072s][info][gc,cpu         ] GC(27) User=0.02s Sys=0.00s Real=0.01s
[6.249s][info][gc,start       ] GC(28) Pause Young (Allocation Failure)
[6.257s][info][gc,heap        ] GC(28) DefNew: 282466K(314560K)->3690K(314560K) Eden: 279616K(279616K)->0K(279616K) From: 2850K(34944K)->3690K(34944K)
[6.257s][info][gc,heap        ] GC(28) Tenured: 18343K(699072K)->18343K(699072K)
[6.257s][info][gc,metaspace   ] GC(28) Metaspace: 8594K(8832K)->8594K(8832K) NonClass: 7443K(7552K)->7443K(7552K) Class: 1151K(1280K)->1151K(1280K)
[6.257s][info][gc             ] GC(28) Pause Young (Allocation Failure) 293M->21M(989M) 8.119ms
[6.257s][info][gc,cpu         ] GC(28) User=0.00s Sys=0.00s Real=0.01s
[6.405s][info][gc,start       ] GC(29) Pause Young (Allocation Failure)
[6.421s][info][gc,heap        ] GC(29) DefNew: 283306K(314560K)->4825K(314560K) Eden: 279616K(279616K)->0K(279616K) From: 3690K(34944K)->4825K(34944K)
[6.421s][info][gc,heap        ] GC(29) Tenured: 18343K(699072K)->18343K(699072K)
[6.421s][info][gc,metaspace   ] GC(29) Metaspace: 8594K(8832K)->8594K(8832K) NonClass: 7443K(7552K)->7443K(7552K) Class: 1151K(1280K)->1151K(1280K)
[6.421s][info][gc             ] GC(29) Pause Young (Allocation Failure) 294M->22M(989M) 16.214ms
[6.421s][info][gc,cpu         ] GC(29) User=0.02s Sys=0.00s Real=0.02s
[6.573s][info][gc,start       ] GC(30) Pause Young (Allocation Failure)
[6.586s][info][gc,heap        ] GC(30) DefNew: 284441K(314560K)->5732K(314560K) Eden: 279616K(279616K)->0K(279616K) From: 4825K(34944K)->5732K(34944K)
[6.586s][info][gc,heap        ] GC(30) Tenured: 18343K(699072K)->18343K(699072K)
[6.586s][info][gc,metaspace   ] GC(30) Metaspace: 8594K(8832K)->8594K(8832K) NonClass: 7443K(7552K)->7443K(7552K) Class: 1151K(1280K)->1151K(1280K)
[6.586s][info][gc             ] GC(30) Pause Young (Allocation Failure) 295M->23M(989M) 13.390ms
[6.586s][info][gc,cpu         ] GC(30) User=0.00s Sys=0.00s Real=0.01s
[6.752s][info][gc,start       ] GC(31) Pause Young (Allocation Failure)
[6.768s][info][gc,heap        ] GC(31) DefNew: 285348K(314560K)->6670K(314560K) Eden: 279616K(279616K)->0K(279616K) From: 5732K(34944K)->6670K(34944K)
[6.768s][info][gc,heap        ] GC(31) Tenured: 18343K(699072K)->18343K(699072K)
[6.768s][info][gc,metaspace   ] GC(31) Metaspace: 8594K(8832K)->8594K(8832K) NonClass: 7443K(7552K)->7443K(7552K) Class: 1151K(1280K)->1151K(1280K)
[6.768s][info][gc             ] GC(31) Pause Young (Allocation Failure) 296M->24M(989M) 15.945ms
[6.768s][info][gc,cpu         ] GC(31) User=0.02s Sys=0.00s Real=0.01s
[6.918s][info][gc,start       ] GC(32) Pause Young (Allocation Failure)
[6.936s][info][gc,heap        ] GC(32) DefNew: 286286K(314560K)->7505K(314560K) Eden: 279616K(279616K)->0K(279616K) From: 6670K(34944K)->7505K(34944K)
[6.936s][info][gc,heap        ] GC(32) Tenured: 18343K(699072K)->18343K(699072K)
[6.936s][info][gc,metaspace   ] GC(32) Metaspace: 8594K(8832K)->8594K(8832K) NonClass: 7443K(7552K)->7443K(7552K) Class: 1151K(1280K)->1151K(1280K)
[6.936s][info][gc             ] GC(32) Pause Young (Allocation Failure) 297M->25M(989M) 17.972ms
[6.936s][info][gc,cpu         ] GC(32) User=0.02s Sys=0.00s Real=0.02s
[7.071s][info][gc,start       ] GC(33) Pause Young (Allocation Failure)
[7.089s][info][gc,heap        ] GC(33) DefNew: 287121K(314560K)->8445K(314560K) Eden: 279616K(279616K)->0K(279616K) From: 7505K(34944K)->8445K(34944K)
[7.089s][info][gc,heap        ] GC(33) Tenured: 18343K(699072K)->18343K(699072K)
[7.089s][info][gc,metaspace   ] GC(33) Metaspace: 8594K(8832K)->8594K(8832K) NonClass: 7443K(7552K)->7443K(7552K) Class: 1151K(1280K)->1151K(1280K)
[7.090s][info][gc             ] GC(33) Pause Young (Allocation Failure) 298M->26M(989M) 18.413ms
[7.090s][info][gc,cpu         ] GC(33) User=0.03s Sys=0.00s Real=0.02s
[7.241s][info][gc,start       ] GC(34) Pause Young (Allocation Failure)
[7.263s][info][gc,heap        ] GC(34) DefNew: 288061K(314560K)->9508K(314560K) Eden: 279616K(279616K)->0K(279616K) From: 8445K(34944K)->9508K(34944K)
[7.263s][info][gc,heap        ] GC(34) Tenured: 18343K(699072K)->18343K(699072K)
[7.263s][info][gc,metaspace   ] GC(34) Metaspace: 8594K(8832K)->8594K(8832K) NonClass: 7443K(7552K)->7443K(7552K) Class: 1151K(1280K)->1151K(1280K)
[7.263s][info][gc             ] GC(34) Pause Young (Allocation Failure) 299M->27M(989M) 22.673ms
[7.263s][info][gc,cpu         ] GC(34) User=0.03s Sys=0.00s Real=0.02s
[7.412s][info][gc,start       ] GC(35) Pause Young (Allocation Failure)
[7.433s][info][gc,heap        ] GC(35) DefNew: 289124K(314560K)->10469K(314560K) Eden: 279616K(279616K)->0K(279616K) From: 9508K(34944K)->10469K(34944K)
[7.433s][info][gc,heap        ] GC(35) Tenured: 18343K(699072K)->18343K(699072K)
[7.433s][info][gc,metaspace   ] GC(35) Metaspace: 8594K(8832K)->8594K(8832K) NonClass: 7443K(7552K)->7443K(7552K) Class: 1151K(1280K)->1151K(1280K)
[7.433s][info][gc             ] GC(35) Pause Young (Allocation Failure) 300M->28M(989M) 21.184ms
[7.433s][info][gc,cpu         ] GC(35) User=0.02s Sys=0.00s Real=0.02s
[7.569s][info][gc,start       ] GC(36) Pause Young (Allocation Failure)
[7.593s][info][gc,heap        ] GC(36) DefNew: 290085K(314560K)->11391K(314560K) Eden: 279616K(279616K)->0K(279616K) From: 10469K(34944K)->11391K(34944K)
[7.593s][info][gc,heap        ] GC(36) Tenured: 18343K(699072K)->18343K(699072K)
[7.593s][info][gc,metaspace   ] GC(36) Metaspace: 8594K(8832K)->8594K(8832K) NonClass: 7443K(7552K)->7443K(7552K) Class: 1151K(1280K)->1151K(1280K)
[7.593s][info][gc             ] GC(36) Pause Young (Allocation Failure) 301M->29M(989M) 23.444ms
[7.593s][info][gc,cpu         ] GC(36) User=0.03s Sys=0.00s Real=0.03s
[7.737s][info][gc,start       ] GC(37) Pause Young (Allocation Failure)
[7.760s][info][gc,heap        ] GC(37) DefNew: 291007K(314560K)->12223K(314560K) Eden: 279616K(279616K)->0K(279616K) From: 11391K(34944K)->12223K(34944K)
[7.760s][info][gc,heap        ] GC(37) Tenured: 18343K(699072K)->18343K(699072K)
[7.760s][info][gc,metaspace   ] GC(37) Metaspace: 8594K(8832K)->8594K(8832K) NonClass: 7443K(7552K)->7443K(7552K) Class: 1151K(1280K)->1151K(1280K)
[7.761s][info][gc             ] GC(37) Pause Young (Allocation Failure) 302M->29M(989M) 23.294ms
[7.761s][info][gc,cpu         ] GC(37) User=0.03s Sys=0.00s Real=0.02s
[7.931s][info][gc,start       ] GC(38) Pause Young (Allocation Failure)
[7.963s][info][gc,heap        ] GC(38) DefNew: 291839K(314560K)->13331K(314560K) Eden: 279616K(279616K)->0K(279616K) From: 12223K(34944K)->13331K(34944K)
[7.964s][info][gc,heap        ] GC(38) Tenured: 18343K(699072K)->18343K(699072K)
[7.964s][info][gc,metaspace   ] GC(38) Metaspace: 8594K(8832K)->8594K(8832K) NonClass: 7443K(7552K)->7443K(7552K) Class: 1151K(1280K)->1151K(1280K)
[7.964s][info][gc             ] GC(38) Pause Young (Allocation Failure) 302M->30M(989M) 32.756ms
[7.964s][info][gc,cpu         ] GC(38) User=0.03s Sys=0.00s Real=0.03s
[8.124s][info][gc,start       ] GC(39) Pause Young (Allocation Failure)
[8.139s][info][gc,heap        ] GC(39) DefNew: 292947K(314560K)->14232K(314560K) Eden: 279616K(279616K)->0K(279616K) From: 13331K(34944K)->14232K(34944K)
[8.139s][info][gc,heap        ] GC(39) Tenured: 18343K(699072K)->18343K(699072K)
[8.139s][info][gc,metaspace   ] GC(39) Metaspace: 8594K(8832K)->8594K(8832K) NonClass: 7443K(7552K)->7443K(7552K) Class: 1151K(1280K)->1151K(1280K)
[8.139s][info][gc             ] GC(39) Pause Young (Allocation Failure) 303M->31M(989M) 14.653ms
[8.139s][info][gc,cpu         ] GC(39) User=0.02s Sys=0.00s Real=0.01s
[8.286s][info][gc,start       ] GC(40) Pause Young (Allocation Failure)
[8.313s][info][gc,heap        ] GC(40) DefNew: 293848K(314560K)->15192K(314560K) Eden: 279616K(279616K)->0K(279616K) From: 14232K(34944K)->15192K(34944K)
[8.313s][info][gc,heap        ] GC(40) Tenured: 18343K(699072K)->18348K(699072K)
[8.313s][info][gc,metaspace   ] GC(40) Metaspace: 8594K(8832K)->8594K(8832K) NonClass: 7443K(7552K)->7443K(7552K) Class: 1151K(1280K)->1151K(1280K)
[8.313s][info][gc             ] GC(40) Pause Young (Allocation Failure) 304M->32M(989M) 27.230ms
[8.313s][info][gc,cpu         ] GC(40) User=0.03s Sys=0.00s Real=0.03s
[8.458s][info][gc,start       ] GC(41) Pause Young (Allocation Failure)
[8.485s][info][gc,heap        ] GC(41) DefNew: 294808K(314560K)->16047K(314560K) Eden: 279616K(279616K)->0K(279616K) From: 15192K(34944K)->16047K(34944K)
[8.485s][info][gc,heap        ] GC(41) Tenured: 18348K(699072K)->18348K(699072K)
[8.485s][info][gc,metaspace   ] GC(41) Metaspace: 8594K(8832K)->8594K(8832K) NonClass: 7443K(7552K)->7443K(7552K) Class: 1151K(1280K)->1151K(1280K)
[8.485s][info][gc             ] GC(41) Pause Young (Allocation Failure) 305M->33M(989M) 27.193ms
[8.485s][info][gc,cpu         ] GC(41) User=0.02s Sys=0.00s Real=0.02s
[8.624s][info][gc,start       ] GC(42) Pause Young (Allocation Failure)
[8.654s][info][gc,heap        ] GC(42) DefNew: 295663K(314560K)->16968K(314560K) Eden: 279616K(279616K)->0K(279616K) From: 16047K(34944K)->16968K(34944K)
[8.654s][info][gc,heap        ] GC(42) Tenured: 18348K(699072K)->18348K(699072K)
[8.654s][info][gc,metaspace   ] GC(42) Metaspace: 8594K(8832K)->8594K(8832K) NonClass: 7443K(7552K)->7443K(7552K) Class: 1151K(1280K)->1151K(1280K)
[8.654s][info][gc             ] GC(42) Pause Young (Allocation Failure) 306M->34M(989M) 29.586ms
[8.654s][info][gc,cpu         ] GC(42) User=0.03s Sys=0.00s Real=0.03s
[8.805s][info][gc,start       ] GC(43) Pause Young (Allocation Failure)
[8.841s][info][gc,heap        ] GC(43) DefNew: 296584K(314560K)->18008K(314560K) Eden: 279616K(279616K)->0K(279616K) From: 16968K(34944K)->18008K(34944K)
[8.841s][info][gc,heap        ] GC(43) Tenured: 18348K(699072K)->18348K(699072K)
[8.841s][info][gc,metaspace   ] GC(43) Metaspace: 8594K(8832K)->8594K(8832K) NonClass: 7443K(7552K)->7443K(7552K) Class: 1151K(1280K)->1151K(1280K)
[8.841s][info][gc             ] GC(43) Pause Young (Allocation Failure) 307M->35M(989M) 35.426ms
[8.841s][info][gc,cpu         ] GC(43) User=0.03s Sys=0.00s Real=0.03s
[8.988s][info][gc,start       ] GC(44) Pause Young (Allocation Failure)
[9.021s][info][gc,heap        ] GC(44) DefNew: 297624K(314560K)->14666K(314560K) Eden: 279616K(279616K)->0K(279616K) From: 18008K(34944K)->14666K(34944K)
[9.021s][info][gc,heap        ] GC(44) Tenured: 18348K(699072K)->22674K(699072K)
[9.021s][info][gc,metaspace   ] GC(44) Metaspace: 8594K(8832K)->8594K(8832K) NonClass: 7443K(7552K)->7443K(7552K) Class: 1151K(1280K)->1151K(1280K)
[9.021s][info][gc             ] GC(44) Pause Young (Allocation Failure) 308M->36M(989M) 32.859ms
[9.021s][info][gc,cpu         ] GC(44) User=0.03s Sys=0.00s Real=0.03s
[9.193s][info][gc,start       ] GC(45) Pause Young (Allocation Failure)
[9.219s][info][gc,heap        ] GC(45) DefNew: 294282K(314560K)->15578K(314560K) Eden: 279616K(279616K)->0K(279616K) From: 14666K(34944K)->15578K(34944K)
[9.219s][info][gc,heap        ] GC(45) Tenured: 22674K(699072K)->22674K(699072K)
[9.219s][info][gc,metaspace   ] GC(45) Metaspace: 8594K(8832K)->8594K(8832K) NonClass: 7443K(7552K)->7443K(7552K) Class: 1151K(1280K)->1151K(1280K)
[9.219s][info][gc             ] GC(45) Pause Young (Allocation Failure) 309M->37M(989M) 26.564ms
[9.219s][info][gc,cpu         ] GC(45) User=0.03s Sys=0.00s Real=0.03s
[9.364s][info][gc,start       ] GC(46) Pause Young (Allocation Failure)
[9.392s][info][gc,heap        ] GC(46) DefNew: 295194K(314560K)->16383K(314560K) Eden: 279616K(279616K)->0K(279616K) From: 15578K(34944K)->16383K(34944K)
[9.392s][info][gc,heap        ] GC(46) Tenured: 22674K(699072K)->22674K(699072K)
[9.392s][info][gc,metaspace   ] GC(46) Metaspace: 8594K(8832K)->8594K(8832K) NonClass: 7443K(7552K)->7443K(7552K) Class: 1151K(1280K)->1151K(1280K)
[9.392s][info][gc             ] GC(46) Pause Young (Allocation Failure) 310M->38M(989M) 27.894ms
[9.392s][info][gc,cpu         ] GC(46) User=0.03s Sys=0.00s Real=0.03s
[9.874s][info][gc,start       ] GC(47) Pause Young (Allocation Failure)
[10.013s][info][gc,heap        ] GC(47) DefNew: 295999K(314560K)->34943K(314560K) Eden: 279616K(279616K)->0K(279616K) From: 16383K(34944K)->34943K(34944K)
[10.013s][info][gc,heap        ] GC(47) Tenured: 22674K(699072K)->40834K(699072K)
[10.013s][info][gc,metaspace   ] GC(47) Metaspace: 8594K(8832K)->8594K(8832K) NonClass: 7443K(7552K)->7443K(7552K) Class: 1151K(1280K)->1151K(1280K)
[10.013s][info][gc             ] GC(47) Pause Young (Allocation Failure) 311M->74M(989M) 139.001ms
[10.013s][info][gc,cpu         ] GC(47) User=0.14s Sys=0.00s Real=0.14s
[10.065s][info][gc,start       ] GC(48) Pause Full (System.gc())
[10.065s][info][gc,phases,start] GC(48) Phase 1: Mark live objects
[10.077s][info][gc,phases      ] GC(48) Phase 1: Mark live objects 12.186ms
[10.077s][info][gc,phases,start] GC(48) Phase 2: Compute new object addresses
[10.103s][info][gc,phases      ] GC(48) Phase 2: Compute new object addresses 25.506ms
[10.103s][info][gc,phases,start] GC(48) Phase 3: Adjust pointers
[10.105s][info][gc,phases      ] GC(48) Phase 3: Adjust pointers 2.734ms
[10.105s][info][gc,phases,start] GC(48) Phase 4: Move objects
[10.105s][info][gc,phases      ] GC(48) Phase 4: Move objects 0.011ms
[10.106s][info][gc,heap        ] GC(48) DefNew: 62902K(314560K)->0K(314560K) Eden: 27958K(279616K)->0K(279616K) From: 34943K(34944K)->0K(34944K)
[10.106s][info][gc,heap        ] GC(48) Tenured: 40834K(699072K)->18343K(699072K)
[10.106s][info][gc,metaspace   ] GC(48) Metaspace: 8594K(8832K)->8594K(8832K) NonClass: 7443K(7552K)->7443K(7552K) Class: 1151K(1280K)->1151K(1280K)
[10.106s][info][gc             ] GC(48) Pause Full (System.gc()) 101M->17M(989M) 40.838ms
[10.106s][info][gc,cpu         ] GC(48) User=0.05s Sys=0.00s Real=0.04s
[10.251s][info][gc,start       ] GC(49) Pause Young (Allocation Failure)
[10.255s][info][gc,heap        ] GC(49) DefNew: 279616K(314560K)->965K(314560K) Eden: 279616K(279616K)->0K(279616K) From: 0K(34944K)->965K(34944K)
[10.255s][info][gc,heap        ] GC(49) Tenured: 18343K(699072K)->18343K(699072K)
[10.255s][info][gc,metaspace   ] GC(49) Metaspace: 8594K(8832K)->8594K(8832K) NonClass: 7443K(7552K)->7443K(7552K) Class: 1151K(1280K)->1151K(1280K)
[10.255s][info][gc             ] GC(49) Pause Young (Allocation Failure) 290M->18M(989M) 4.067ms
[10.255s][info][gc,cpu         ] GC(49) User=0.00s Sys=0.00s Real=0.00s
[10.405s][info][gc,start       ] GC(50) Pause Young (Allocation Failure)
[10.412s][info][gc,heap        ] GC(50) DefNew: 280581K(314560K)->1937K(314560K) Eden: 279616K(279616K)->0K(279616K) From: 965K(34944K)->1937K(34944K)
[10.412s][info][gc,heap        ] GC(50) Tenured: 18343K(699072K)->18343K(699072K)
[10.412s][info][gc,metaspace   ] GC(50) Metaspace: 8594K(8832K)->8594K(8832K) NonClass: 7443K(7552K)->7443K(7552K) Class: 1151K(1280K)->1151K(1280K)
[10.412s][info][gc             ] GC(50) Pause Young (Allocation Failure) 291M->19M(989M) 6.928ms
[10.412s][info][gc,cpu         ] GC(50) User=0.00s Sys=0.00s Real=0.01s
[10.555s][info][gc,start       ] GC(51) Pause Young (Allocation Failure)
[10.564s][info][gc,heap        ] GC(51) DefNew: 281553K(314560K)->2851K(314560K) Eden: 279616K(279616K)->0K(279616K) From: 1937K(34944K)->2851K(34944K)
[10.564s][info][gc,heap        ] GC(51) Tenured: 18343K(699072K)->18343K(699072K)
[10.564s][info][gc,metaspace   ] GC(51) Metaspace: 8594K(8832K)->8594K(8832K) NonClass: 7443K(7552K)->7443K(7552K) Class: 1151K(1280K)->1151K(1280K)
[10.564s][info][gc             ] GC(51) Pause Young (Allocation Failure) 292M->20M(989M) 8.791ms
[10.564s][info][gc,cpu         ] GC(51) User=0.02s Sys=0.00s Real=0.01s
[10.701s][info][gc,start       ] GC(52) Pause Young (Allocation Failure)
[10.713s][info][gc,heap        ] GC(52) DefNew: 282467K(314560K)->3685K(314560K) Eden: 279616K(279616K)->0K(279616K) From: 2851K(34944K)->3685K(34944K)
[10.713s][info][gc,heap        ] GC(52) Tenured: 18343K(699072K)->18343K(699072K)
[10.713s][info][gc,metaspace   ] GC(52) Metaspace: 8594K(8832K)->8594K(8832K) NonClass: 7443K(7552K)->7443K(7552K) Class: 1151K(1280K)->1151K(1280K)
[10.713s][info][gc             ] GC(52) Pause Young (Allocation Failure) 293M->21M(989M) 12.042ms
[10.713s][info][gc,cpu         ] GC(52) User=0.02s Sys=0.00s Real=0.01s
[10.858s][info][gc,start       ] GC(53) Pause Young (Allocation Failure)
[10.875s][info][gc,heap        ] GC(53) DefNew: 283301K(314560K)->4826K(314560K) Eden: 279616K(279616K)->0K(279616K) From: 3685K(34944K)->4826K(34944K)
[10.875s][info][gc,heap        ] GC(53) Tenured: 18343K(699072K)->18343K(699072K)
[10.875s][info][gc,metaspace   ] GC(53) Metaspace: 8594K(8832K)->8594K(8832K) NonClass: 7443K(7552K)->7443K(7552K) Class: 1151K(1280K)->1151K(1280K)
[10.875s][info][gc             ] GC(53) Pause Young (Allocation Failure) 294M->22M(989M) 16.839ms
[10.875s][info][gc,cpu         ] GC(53) User=0.02s Sys=0.00s Real=0.02s
[11.009s][info][gc,start       ] GC(54) Pause Young (Allocation Failure)
[11.023s][info][gc,heap        ] GC(54) DefNew: 284442K(314560K)->5745K(314560K) Eden: 279616K(279616K)->0K(279616K) From: 4826K(34944K)->5745K(34944K)
[11.023s][info][gc,heap        ] GC(54) Tenured: 18343K(699072K)->18343K(699072K)
[11.023s][info][gc,metaspace   ] GC(54) Metaspace: 8594K(8832K)->8594K(8832K) NonClass: 7443K(7552K)->7443K(7552K) Class: 1151K(1280K)->1151K(1280K)
[11.023s][info][gc             ] GC(54) Pause Young (Allocation Failure) 295M->23M(989M) 14.436ms
[11.023s][info][gc,cpu         ] GC(54) User=0.02s Sys=0.00s Real=0.01s
[11.159s][info][gc,start       ] GC(55) Pause Young (Allocation Failure)
[11.176s][info][gc,heap        ] GC(55) DefNew: 285361K(314560K)->6683K(314560K) Eden: 279616K(279616K)->0K(279616K) From: 5745K(34944K)->6683K(34944K)
[11.176s][info][gc,heap        ] GC(55) Tenured: 18343K(699072K)->18343K(699072K)
[11.176s][info][gc,metaspace   ] GC(55) Metaspace: 8594K(8832K)->8594K(8832K) NonClass: 7443K(7552K)->7443K(7552K) Class: 1151K(1280K)->1151K(1280K)
[11.176s][info][gc             ] GC(55) Pause Young (Allocation Failure) 296M->24M(989M) 16.708ms
[11.176s][info][gc,cpu         ] GC(55) User=0.02s Sys=0.00s Real=0.02s
[11.315s][info][gc,start       ] GC(56) Pause Young (Allocation Failure)
[11.331s][info][gc,heap        ] GC(56) DefNew: 286299K(314560K)->7533K(314560K) Eden: 279616K(279616K)->0K(279616K) From: 6683K(34944K)->7533K(34944K)
[11.331s][info][gc,heap        ] GC(56) Tenured: 18343K(699072K)->18343K(699072K)
[11.331s][info][gc,metaspace   ] GC(56) Metaspace: 8594K(8832K)->8594K(8832K) NonClass: 7443K(7552K)->7443K(7552K) Class: 1151K(1280K)->1151K(1280K)
[11.331s][info][gc             ] GC(56) Pause Young (Allocation Failure) 297M->25M(989M) 16.227ms
[11.331s][info][gc,cpu         ] GC(56) User=0.02s Sys=0.00s Real=0.02s
[11.493s][info][gc,start       ] GC(57) Pause Young (Allocation Failure)
[11.510s][info][gc,heap        ] GC(57) DefNew: 287149K(314560K)->8455K(314560K) Eden: 279616K(279616K)->0K(279616K) From: 7533K(34944K)->8455K(34944K)
[11.510s][info][gc,heap        ] GC(57) Tenured: 18343K(699072K)->18343K(699072K)
[11.511s][info][gc,metaspace   ] GC(57) Metaspace: 8594K(8832K)->8594K(8832K) NonClass: 7443K(7552K)->7443K(7552K) Class: 1151K(1280K)->1151K(1280K)
[11.511s][info][gc             ] GC(57) Pause Young (Allocation Failure) 298M->26M(989M) 17.682ms
[11.511s][info][gc,cpu         ] GC(57) User=0.02s Sys=0.00s Real=0.02s
[11.657s][info][gc,start       ] GC(58) Pause Young (Allocation Failure)
[11.679s][info][gc,heap        ] GC(58) DefNew: 288071K(314560K)->9509K(314560K) Eden: 279616K(279616K)->0K(279616K) From: 8455K(34944K)->9509K(34944K)
[11.679s][info][gc,heap        ] GC(58) Tenured: 18343K(699072K)->18343K(699072K)
[11.679s][info][gc,metaspace   ] GC(58) Metaspace: 8594K(8832K)->8594K(8832K) NonClass: 7443K(7552K)->7443K(7552K) Class: 1151K(1280K)->1151K(1280K)
[11.679s][info][gc             ] GC(58) Pause Young (Allocation Failure) 299M->27M(989M) 22.273ms
[11.679s][info][gc,cpu         ] GC(58) User=0.02s Sys=0.00s Real=0.02s
[11.821s][info][gc,start       ] GC(59) Pause Young (Allocation Failure)
[11.843s][info][gc,heap        ] GC(59) DefNew: 289125K(314560K)->10461K(314560K) Eden: 279616K(279616K)->0K(279616K) From: 9509K(34944K)->10461K(34944K)
[11.843s][info][gc,heap        ] GC(59) Tenured: 18343K(699072K)->18343K(699072K)
[11.843s][info][gc,metaspace   ] GC(59) Metaspace: 8594K(8832K)->8594K(8832K) NonClass: 7443K(7552K)->7443K(7552K) Class: 1151K(1280K)->1151K(1280K)
[11.843s][info][gc             ] GC(59) Pause Young (Allocation Failure) 300M->28M(989M) 21.749ms
[11.843s][info][gc,cpu         ] GC(59) User=0.03s Sys=0.00s Real=0.03s
[11.983s][info][gc,start       ] GC(60) Pause Young (Allocation Failure)
[12.006s][info][gc,heap        ] GC(60) DefNew: 290077K(314560K)->11394K(314560K) Eden: 279616K(279616K)->0K(279616K) From: 10461K(34944K)->11394K(34944K)
[12.006s][info][gc,heap        ] GC(60) Tenured: 18343K(699072K)->18343K(699072K)
[12.006s][info][gc,metaspace   ] GC(60) Metaspace: 8594K(8832K)->8594K(8832K) NonClass: 7443K(7552K)->7443K(7552K) Class: 1151K(1280K)->1151K(1280K)
[12.006s][info][gc             ] GC(60) Pause Young (Allocation Failure) 301M->29M(989M) 22.808ms
[12.006s][info][gc,cpu         ] GC(60) User=0.02s Sys=0.00s Real=0.02s
[12.149s][info][gc,start       ] GC(61) Pause Young (Allocation Failure)
[12.175s][info][gc,heap        ] GC(61) DefNew: 291010K(314560K)->12243K(314560K) Eden: 279616K(279616K)->0K(279616K) From: 11394K(34944K)->12243K(34944K)
[12.175s][info][gc,heap        ] GC(61) Tenured: 18343K(699072K)->18343K(699072K)
[12.175s][info][gc,metaspace   ] GC(61) Metaspace: 8594K(8832K)->8594K(8832K) NonClass: 7443K(7552K)->7443K(7552K) Class: 1151K(1280K)->1151K(1280K)
[12.175s][info][gc             ] GC(61) Pause Young (Allocation Failure) 302M->29M(989M) 26.578ms
[12.175s][info][gc,cpu         ] GC(61) User=0.03s Sys=0.00s Real=0.03s
[12.347s][info][gc,start       ] GC(62) Pause Young (Allocation Failure)
[12.379s][info][gc,heap        ] GC(62) DefNew: 291859K(314560K)->13328K(314560K) Eden: 279616K(279616K)->0K(279616K) From: 12243K(34944K)->13328K(34944K)
[12.379s][info][gc,heap        ] GC(62) Tenured: 18343K(699072K)->18343K(699072K)
[12.379s][info][gc,metaspace   ] GC(62) Metaspace: 8594K(8832K)->8594K(8832K) NonClass: 7443K(7552K)->7443K(7552K) Class: 1151K(1280K)->1151K(1280K)
[12.379s][info][gc             ] GC(62) Pause Young (Allocation Failure) 302M->30M(989M) 31.707ms
[12.379s][info][gc,cpu         ] GC(62) User=0.03s Sys=0.00s Real=0.03s
[12.518s][info][gc,start       ] GC(63) Pause Young (Allocation Failure)
[12.543s][info][gc,heap        ] GC(63) DefNew: 292944K(314560K)->14239K(314560K) Eden: 279616K(279616K)->0K(279616K) From: 13328K(34944K)->14239K(34944K)
[12.543s][info][gc,heap        ] GC(63) Tenured: 18343K(699072K)->18343K(699072K)
[12.543s][info][gc,metaspace   ] GC(63) Metaspace: 8594K(8832K)->8594K(8832K) NonClass: 7443K(7552K)->7443K(7552K) Class: 1151K(1280K)->1151K(1280K)
[12.543s][info][gc             ] GC(63) Pause Young (Allocation Failure) 303M->31M(989M) 25.303ms
[12.543s][info][gc,cpu         ] GC(63) User=0.03s Sys=0.00s Real=0.03s
[12.701s][info][gc,start       ] GC(64) Pause Young (Allocation Failure)
[12.716s][info][gc,heap        ] GC(64) DefNew: 293855K(314560K)->15195K(314560K) Eden: 279616K(279616K)->0K(279616K) From: 14239K(34944K)->15195K(34944K)
[12.716s][info][gc,heap        ] GC(64) Tenured: 18343K(699072K)->18348K(699072K)
[12.716s][info][gc,metaspace   ] GC(64) Metaspace: 8594K(8832K)->8594K(8832K) NonClass: 7443K(7552K)->7443K(7552K) Class: 1151K(1280K)->1151K(1280K)
[12.716s][info][gc             ] GC(64) Pause Young (Allocation Failure) 304M->32M(989M) 14.430ms
[12.716s][info][gc,cpu         ] GC(64) User=0.02s Sys=0.00s Real=0.02s
[12.868s][info][gc,start       ] GC(65) Pause Young (Allocation Failure)
[12.899s][info][gc,heap        ] GC(65) DefNew: 294811K(314560K)->16062K(314560K) Eden: 279616K(279616K)->0K(279616K) From: 15195K(34944K)->16062K(34944K)
[12.899s][info][gc,heap        ] GC(65) Tenured: 18348K(699072K)->18348K(699072K)
[12.899s][info][gc,metaspace   ] GC(65) Metaspace: 8594K(8832K)->8594K(8832K) NonClass: 7443K(7552K)->7443K(7552K) Class: 1151K(1280K)->1151K(1280K)
[12.899s][info][gc             ] GC(65) Pause Young (Allocation Failure) 305M->33M(989M) 31.152ms
[12.899s][info][gc,cpu         ] GC(65) User=0.03s Sys=0.00s Real=0.03s
[13.044s][info][gc,start       ] GC(66) Pause Young (Allocation Failure)
[13.070s][info][gc,heap        ] GC(66) DefNew: 295678K(314560K)->16963K(314560K) Eden: 279616K(279616K)->0K(279616K) From: 16062K(34944K)->16963K(34944K)
[13.070s][info][gc,heap        ] GC(66) Tenured: 18348K(699072K)->18348K(699072K)
[13.070s][info][gc,metaspace   ] GC(66) Metaspace: 8594K(8832K)->8594K(8832K) NonClass: 7443K(7552K)->7443K(7552K) Class: 1151K(1280K)->1151K(1280K)
[13.070s][info][gc             ] GC(66) Pause Young (Allocation Failure) 306M->34M(989M) 26.299ms
[13.070s][info][gc,cpu         ] GC(66) User=0.03s Sys=0.00s Real=0.03s
[13.223s][info][gc,start       ] GC(67) Pause Young (Allocation Failure)
[13.256s][info][gc,heap        ] GC(67) DefNew: 296579K(314560K)->18026K(314560K) Eden: 279616K(279616K)->0K(279616K) From: 16963K(34944K)->18026K(34944K)
[13.256s][info][gc,heap        ] GC(67) Tenured: 18348K(699072K)->18348K(699072K)
[13.256s][info][gc,metaspace   ] GC(67) Metaspace: 8594K(8832K)->8594K(8832K) NonClass: 7443K(7552K)->7443K(7552K) Class: 1151K(1280K)->1151K(1280K)
[13.256s][info][gc             ] GC(67) Pause Young (Allocation Failure) 307M->35M(989M) 33.107ms
[13.256s][info][gc,cpu         ] GC(67) User=0.03s Sys=0.00s Real=0.03s
[13.418s][info][gc,start       ] GC(68) Pause Young (Allocation Failure)
[13.450s][info][gc,heap        ] GC(68) DefNew: 297642K(314560K)->14655K(314560K) Eden: 279616K(279616K)->0K(279616K) From: 18026K(34944K)->14655K(34944K)
[13.450s][info][gc,heap        ] GC(68) Tenured: 18348K(699072K)->22674K(699072K)
[13.450s][info][gc,metaspace   ] GC(68) Metaspace: 8594K(8832K)->8594K(8832K) NonClass: 7443K(7552K)->7443K(7552K) Class: 1151K(1280K)->1151K(1280K)
[13.450s][info][gc             ] GC(68) Pause Young (Allocation Failure) 308M->36M(989M) 31.925ms
[13.450s][info][gc,cpu         ] GC(68) User=0.03s Sys=0.00s Real=0.03s
[13.609s][info][gc,start       ] GC(69) Pause Young (Allocation Failure)
[13.638s][info][gc,heap        ] GC(69) DefNew: 294271K(314560K)->15570K(314560K) Eden: 279616K(279616K)->0K(279616K) From: 14655K(34944K)->15570K(34944K)
[13.638s][info][gc,heap        ] GC(69) Tenured: 22674K(699072K)->22674K(699072K)
[13.638s][info][gc,metaspace   ] GC(69) Metaspace: 8594K(8832K)->8594K(8832K) NonClass: 7443K(7552K)->7443K(7552K) Class: 1151K(1280K)->1151K(1280K)
[13.638s][info][gc             ] GC(69) Pause Young (Allocation Failure) 309M->37M(989M) 28.567ms
[13.638s][info][gc,cpu         ] GC(69) User=0.03s Sys=0.00s Real=0.03s
[13.785s][info][gc,start       ] GC(70) Pause Young (Allocation Failure)
[13.813s][info][gc,heap        ] GC(70) DefNew: 295186K(314560K)->16419K(314560K) Eden: 279616K(279616K)->0K(279616K) From: 15570K(34944K)->16419K(34944K)
[13.813s][info][gc,heap        ] GC(70) Tenured: 22674K(699072K)->22674K(699072K)
[13.813s][info][gc,metaspace   ] GC(70) Metaspace: 8594K(8832K)->8594K(8832K) NonClass: 7443K(7552K)->7443K(7552K) Class: 1151K(1280K)->1151K(1280K)
[13.813s][info][gc             ] GC(70) Pause Young (Allocation Failure) 310M->38M(989M) 27.974ms
[13.813s][info][gc,cpu         ] GC(70) User=0.02s Sys=0.00s Real=0.02s
[14.252s][info][gc,start       ] GC(71) Pause Young (Allocation Failure)
[14.384s][info][gc,heap        ] GC(71) DefNew: 296035K(314560K)->34943K(314560K) Eden: 279616K(279616K)->0K(279616K) From: 16419K(34944K)->34943K(34944K)
[14.384s][info][gc,heap        ] GC(71) Tenured: 22674K(699072K)->40835K(699072K)
[14.384s][info][gc,metaspace   ] GC(71) Metaspace: 8594K(8832K)->8594K(8832K) NonClass: 7443K(7552K)->7443K(7552K) Class: 1151K(1280K)->1151K(1280K)
[14.384s][info][gc             ] GC(71) Pause Young (Allocation Failure) 311M->74M(989M) 131.405ms
[14.384s][info][gc,cpu         ] GC(71) User=0.13s Sys=0.00s Real=0.13s
[14.434s][info][gc,start       ] GC(72) Pause Full (System.gc())
[14.434s][info][gc,phases,start] GC(72) Phase 1: Mark live objects
[14.445s][info][gc,phases      ] GC(72) Phase 1: Mark live objects 11.152ms
[14.445s][info][gc,phases,start] GC(72) Phase 2: Compute new object addresses
[14.472s][info][gc,phases      ] GC(72) Phase 2: Compute new object addresses 26.647ms
[14.472s][info][gc,phases,start] GC(72) Phase 3: Adjust pointers
[14.475s][info][gc,phases      ] GC(72) Phase 3: Adjust pointers 2.824ms
[14.475s][info][gc,phases,start] GC(72) Phase 4: Move objects
[14.476s][info][gc,phases      ] GC(72) Phase 4: Move objects 0.820ms
[14.476s][info][gc,heap        ] GC(72) DefNew: 57309K(314560K)->0K(314560K) Eden: 22365K(279616K)->0K(279616K) From: 34943K(34944K)->0K(34944K)
[14.476s][info][gc,heap        ] GC(72) Tenured: 40835K(699072K)->3527K(699072K)
[14.476s][info][gc,metaspace   ] GC(72) Metaspace: 8594K(8832K)->8594K(8832K) NonClass: 7443K(7552K)->7443K(7552K) Class: 1151K(1280K)->1151K(1280K)
[14.476s][info][gc             ] GC(72) Pause Full (System.gc()) 95M->3M(989M) 41.790ms
[14.476s][info][gc,cpu         ] GC(72) User=0.03s Sys=0.00s Real=0.03s
[14.621s][info][gc,start       ] GC(73) Pause Young (Allocation Failure)
[14.625s][info][gc,heap        ] GC(73) DefNew: 279616K(314560K)->965K(314560K) Eden: 279616K(279616K)->0K(279616K) From: 0K(34944K)->965K(34944K)
[14.625s][info][gc,heap        ] GC(73) Tenured: 3527K(699072K)->3527K(699072K)
[14.625s][info][gc,metaspace   ] GC(73) Metaspace: 8594K(8832K)->8594K(8832K) NonClass: 7443K(7552K)->7443K(7552K) Class: 1151K(1280K)->1151K(1280K)
[14.625s][info][gc             ] GC(73) Pause Young (Allocation Failure) 276M->4M(989M) 3.923ms
[14.625s][info][gc,cpu         ] GC(73) User=0.00s Sys=0.00s Real=0.00s
[14.760s][info][gc,start       ] GC(74) Pause Young (Allocation Failure)
[14.767s][info][gc,heap        ] GC(74) DefNew: 280581K(314560K)->1937K(314560K) Eden: 279616K(279616K)->0K(279616K) From: 965K(34944K)->1937K(34944K)
[14.767s][info][gc,heap        ] GC(74) Tenured: 3527K(699072K)->3527K(699072K)
[14.767s][info][gc,metaspace   ] GC(74) Metaspace: 8594K(8832K)->8594K(8832K) NonClass: 7443K(7552K)->7443K(7552K) Class: 1151K(1280K)->1151K(1280K)
[14.767s][info][gc             ] GC(74) Pause Young (Allocation Failure) 277M->5M(989M) 6.477ms
[14.767s][info][gc,cpu         ] GC(74) User=0.00s Sys=0.00s Real=0.01s
[14.901s][info][gc,start       ] GC(75) Pause Young (Allocation Failure)
[14.910s][info][gc,heap        ] GC(75) DefNew: 281553K(314560K)->2847K(314560K) Eden: 279616K(279616K)->0K(279616K) From: 1937K(34944K)->2847K(34944K)
[14.910s][info][gc,heap        ] GC(75) Tenured: 3527K(699072K)->3527K(699072K)
[14.910s][info][gc,metaspace   ] GC(75) Metaspace: 8594K(8832K)->8594K(8832K) NonClass: 7443K(7552K)->7443K(7552K) Class: 1151K(1280K)->1151K(1280K)
[14.910s][info][gc             ] GC(75) Pause Young (Allocation Failure) 278M->6M(989M) 8.640ms
[14.910s][info][gc,cpu         ] GC(75) User=0.00s Sys=0.00s Real=0.01s
[15.047s][info][gc,start       ] GC(76) Pause Young (Allocation Failure)
[15.058s][info][gc,heap        ] GC(76) DefNew: 282463K(314560K)->3686K(314560K) Eden: 279616K(279616K)->0K(279616K) From: 2847K(34944K)->3686K(34944K)
[15.058s][info][gc,heap        ] GC(76) Tenured: 3527K(699072K)->3527K(699072K)
[15.058s][info][gc,metaspace   ] GC(76) Metaspace: 8594K(8832K)->8594K(8832K) NonClass: 7443K(7552K)->7443K(7552K) Class: 1151K(1280K)->1151K(1280K)
[15.058s][info][gc             ] GC(76) Pause Young (Allocation Failure) 279M->7M(989M) 11.529ms
[15.058s][info][gc,cpu         ] GC(76) User=0.02s Sys=0.00s Real=0.01s
[15.205s][info][gc,start       ] GC(77) Pause Young (Allocation Failure)
[15.221s][info][gc,heap        ] GC(77) DefNew: 283302K(314560K)->4828K(314560K) Eden: 279616K(279616K)->0K(279616K) From: 3686K(34944K)->4828K(34944K)
[15.221s][info][gc,heap        ] GC(77) Tenured: 3527K(699072K)->3527K(699072K)
[15.221s][info][gc,metaspace   ] GC(77) Metaspace: 8594K(8832K)->8594K(8832K) NonClass: 7443K(7552K)->7443K(7552K) Class: 1151K(1280K)->1151K(1280K)
[15.221s][info][gc             ] GC(77) Pause Young (Allocation Failure) 280M->8M(989M) 16.137ms
[15.221s][info][gc,cpu         ] GC(77) User=0.02s Sys=0.00s Real=0.02s
[15.365s][info][gc,start       ] GC(78) Pause Young (Allocation Failure)
[15.379s][info][gc,heap        ] GC(78) DefNew: 284444K(314560K)->5746K(314560K) Eden: 279616K(279616K)->0K(279616K) From: 4828K(34944K)->5746K(34944K)
[15.379s][info][gc,heap        ] GC(78) Tenured: 3527K(699072K)->3527K(699072K)
[15.379s][info][gc,metaspace   ] GC(78) Metaspace: 8594K(8832K)->8594K(8832K) NonClass: 7443K(7552K)->7443K(7552K) Class: 1151K(1280K)->1151K(1280K)
[15.379s][info][gc             ] GC(78) Pause Young (Allocation Failure) 281M->9M(989M) 13.648ms
[15.379s][info][gc,cpu         ] GC(78) User=0.02s Sys=0.00s Real=0.02s
[15.529s][info][gc,start       ] GC(79) Pause Young (Allocation Failure)
[15.546s][info][gc,heap        ] GC(79) DefNew: 285362K(314560K)->6684K(314560K) Eden: 279616K(279616K)->0K(279616K) From: 5746K(34944K)->6684K(34944K)
[15.546s][info][gc,heap        ] GC(79) Tenured: 3527K(699072K)->3527K(699072K)
[15.546s][info][gc,metaspace   ] GC(79) Metaspace: 8594K(8832K)->8594K(8832K) NonClass: 7443K(7552K)->7443K(7552K) Class: 1151K(1280K)->1151K(1280K)
[15.546s][info][gc             ] GC(79) Pause Young (Allocation Failure) 282M->9M(989M) 16.584ms
[15.546s][info][gc,cpu         ] GC(79) User=0.03s Sys=0.00s Real=0.03s
[15.687s][info][gc,start       ] GC(80) Pause Young (Allocation Failure)
[15.703s][info][gc,heap        ] GC(80) DefNew: 286300K(314560K)->7534K(314560K) Eden: 279616K(279616K)->0K(279616K) From: 6684K(34944K)->7534K(34944K)
[15.703s][info][gc,heap        ] GC(80) Tenured: 3527K(699072K)->3527K(699072K)
[15.703s][info][gc,metaspace   ] GC(80) Metaspace: 8594K(8832K)->8594K(8832K) NonClass: 7443K(7552K)->7443K(7552K) Class: 1151K(1280K)->1151K(1280K)
[15.703s][info][gc             ] GC(80) Pause Young (Allocation Failure) 283M->10M(989M) 16.464ms
[15.703s][info][gc,cpu         ] GC(80) User=0.02s Sys=0.00s Real=0.02s
[15.839s][info][gc,start       ] GC(81) Pause Young (Allocation Failure)
[15.855s][info][gc,heap        ] GC(81) DefNew: 287150K(314560K)->8456K(314560K) Eden: 279616K(279616K)->0K(279616K) From: 7534K(34944K)->8456K(34944K)
[15.855s][info][gc,heap        ] GC(81) Tenured: 3527K(699072K)->3527K(699072K)
[15.856s][info][gc,metaspace   ] GC(81) Metaspace: 8594K(8832K)->8594K(8832K) NonClass: 7443K(7552K)->7443K(7552K) Class: 1151K(1280K)->1151K(1280K)
[15.856s][info][gc             ] GC(81) Pause Young (Allocation Failure) 283M->11M(989M) 17.043ms
[15.856s][info][gc,cpu         ] GC(81) User=0.02s Sys=0.00s Real=0.02s
[16.003s][info][gc,start       ] GC(82) Pause Young (Allocation Failure)
[16.028s][info][gc,heap        ] GC(82) DefNew: 288072K(314560K)->9509K(314560K) Eden: 279616K(279616K)->0K(279616K) From: 8456K(34944K)->9509K(34944K)
[16.028s][info][gc,heap        ] GC(82) Tenured: 3527K(699072K)->3527K(699072K)
[16.028s][info][gc,metaspace   ] GC(82) Metaspace: 8594K(8832K)->8594K(8832K) NonClass: 7443K(7552K)->7443K(7552K) Class: 1151K(1280K)->1151K(1280K)
[16.028s][info][gc             ] GC(82) Pause Young (Allocation Failure) 284M->12M(989M) 24.972ms
[16.028s][info][gc,cpu         ] GC(82) User=0.02s Sys=0.00s Real=0.01s
[16.174s][info][gc,start       ] GC(83) Pause Young (Allocation Failure)
[16.196s][info][gc,heap        ] GC(83) DefNew: 289125K(314560K)->10462K(314560K) Eden: 279616K(279616K)->0K(279616K) From: 9509K(34944K)->10462K(34944K)
[16.196s][info][gc,heap        ] GC(83) Tenured: 3527K(699072K)->3527K(699072K)
[16.196s][info][gc,metaspace   ] GC(83) Metaspace: 8594K(8832K)->8594K(8832K) NonClass: 7443K(7552K)->7443K(7552K) Class: 1151K(1280K)->1151K(1280K)
[16.196s][info][gc             ] GC(83) Pause Young (Allocation Failure) 285M->13M(989M) 21.957ms
[16.196s][info][gc,cpu         ] GC(83) User=0.02s Sys=0.00s Real=0.02s
[16.366s][info][gc,start       ] GC(84) Pause Young (Allocation Failure)
[16.389s][info][gc,heap        ] GC(84) DefNew: 290078K(314560K)->11394K(314560K) Eden: 279616K(279616K)->0K(279616K) From: 10462K(34944K)->11394K(34944K)
[16.389s][info][gc,heap        ] GC(84) Tenured: 3527K(699072K)->3527K(699072K)
[16.389s][info][gc,metaspace   ] GC(84) Metaspace: 8594K(8832K)->8594K(8832K) NonClass: 7443K(7552K)->7443K(7552K) Class: 1151K(1280K)->1151K(1280K)
[16.389s][info][gc             ] GC(84) Pause Young (Allocation Failure) 286M->14M(989M) 23.114ms
[16.389s][info][gc,cpu         ] GC(84) User=0.03s Sys=0.00s Real=0.02s
[16.540s][info][gc,start       ] GC(85) Pause Young (Allocation Failure)
[16.564s][info][gc,heap        ] GC(85) DefNew: 291010K(314560K)->12234K(314560K) Eden: 279616K(279616K)->0K(279616K) From: 11394K(34944K)->12234K(34944K)
[16.564s][info][gc,heap        ] GC(85) Tenured: 3527K(699072K)->3527K(699072K)
[16.564s][info][gc,metaspace   ] GC(85) Metaspace: 8594K(8832K)->8594K(8832K) NonClass: 7443K(7552K)->7443K(7552K) Class: 1151K(1280K)->1151K(1280K)
[16.564s][info][gc             ] GC(85) Pause Young (Allocation Failure) 287M->15M(989M) 24.700ms
[16.565s][info][gc,cpu         ] GC(85) User=0.03s Sys=0.00s Real=0.02s
[16.743s][info][gc,start       ] GC(86) Pause Young (Allocation Failure)
[16.776s][info][gc,heap        ] GC(86) DefNew: 291850K(314560K)->13328K(314560K) Eden: 279616K(279616K)->0K(279616K) From: 12234K(34944K)->13328K(34944K)
[16.776s][info][gc,heap        ] GC(86) Tenured: 3527K(699072K)->3527K(699072K)
[16.776s][info][gc,metaspace   ] GC(86) Metaspace: 8594K(8832K)->8594K(8832K) NonClass: 7443K(7552K)->7443K(7552K) Class: 1151K(1280K)->1151K(1280K)
[16.776s][info][gc             ] GC(86) Pause Young (Allocation Failure) 288M->16M(989M) 32.899ms
[16.776s][info][gc,cpu         ] GC(86) User=0.05s Sys=0.00s Real=0.03s
[16.926s][info][gc,start       ] GC(87) Pause Young (Allocation Failure)
[16.950s][info][gc,heap        ] GC(87) DefNew: 292944K(314560K)->14241K(314560K) Eden: 279616K(279616K)->0K(279616K) From: 13328K(34944K)->14241K(34944K)
[16.950s][info][gc,heap        ] GC(87) Tenured: 3527K(699072K)->3527K(699072K)
[16.950s][info][gc,metaspace   ] GC(87) Metaspace: 8594K(8832K)->8594K(8832K) NonClass: 7443K(7552K)->7443K(7552K) Class: 1151K(1280K)->1151K(1280K)
[16.950s][info][gc             ] GC(87) Pause Young (Allocation Failure) 289M->17M(989M) 24.632ms
[16.950s][info][gc,cpu         ] GC(87) User=0.03s Sys=0.00s Real=0.02s
[17.091s][info][gc,start       ] GC(88) Pause Young (Allocation Failure)
[17.118s][info][gc,heap        ] GC(88) DefNew: 293857K(314560K)->15195K(314560K) Eden: 279616K(279616K)->0K(279616K) From: 14241K(34944K)->15195K(34944K)
[17.118s][info][gc,heap        ] GC(88) Tenured: 3527K(699072K)->3532K(699072K)
[17.118s][info][gc,metaspace   ] GC(88) Metaspace: 8594K(8832K)->8594K(8832K) NonClass: 7443K(7552K)->7443K(7552K) Class: 1151K(1280K)->1151K(1280K)
[17.118s][info][gc             ] GC(88) Pause Young (Allocation Failure) 290M->18M(989M) 27.272ms
[17.118s][info][gc,cpu         ] GC(88) User=0.02s Sys=0.00s Real=0.03s
[17.270s][info][gc,start       ] GC(89) Pause Young (Allocation Failure)
[17.300s][info][gc,heap        ] GC(89) DefNew: 294811K(314560K)->16062K(314560K) Eden: 279616K(279616K)->0K(279616K) From: 15195K(34944K)->16062K(34944K)
[17.300s][info][gc,heap        ] GC(89) Tenured: 3532K(699072K)->3532K(699072K)
[17.300s][info][gc,metaspace   ] GC(89) Metaspace: 8594K(8832K)->8594K(8832K) NonClass: 7443K(7552K)->7443K(7552K) Class: 1151K(1280K)->1151K(1280K)
[17.300s][info][gc             ] GC(89) Pause Young (Allocation Failure) 291M->19M(989M) 29.587ms
[17.300s][info][gc,cpu         ] GC(89) User=0.03s Sys=0.00s Real=0.03s
[17.443s][info][gc,start       ] GC(90) Pause Young (Allocation Failure)
[17.472s][info][gc,heap        ] GC(90) DefNew: 295678K(314560K)->16963K(314560K) Eden: 279616K(279616K)->0K(279616K) From: 16062K(34944K)->16963K(34944K)
[17.472s][info][gc,heap        ] GC(90) Tenured: 3532K(699072K)->3532K(699072K)
[17.472s][info][gc,metaspace   ] GC(90) Metaspace: 8594K(8832K)->8594K(8832K) NonClass: 7443K(7552K)->7443K(7552K) Class: 1151K(1280K)->1151K(1280K)
[17.472s][info][gc             ] GC(90) Pause Young (Allocation Failure) 292M->20M(989M) 28.946ms
[17.472s][info][gc,cpu         ] GC(90) User=0.03s Sys=0.00s Real=0.03s
[17.624s][info][gc,start       ] GC(91) Pause Young (Allocation Failure)
[17.658s][info][gc,heap        ] GC(91) DefNew: 296579K(314560K)->18026K(314560K) Eden: 279616K(279616K)->0K(279616K) From: 16963K(34944K)->18026K(34944K)
[17.658s][info][gc,heap        ] GC(91) Tenured: 3532K(699072K)->3532K(699072K)
[17.658s][info][gc,metaspace   ] GC(91) Metaspace: 8594K(8832K)->8594K(8832K) NonClass: 7443K(7552K)->7443K(7552K) Class: 1151K(1280K)->1151K(1280K)
[17.658s][info][gc             ] GC(91) Pause Young (Allocation Failure) 293M->21M(989M) 33.842ms
[17.658s][info][gc,cpu         ] GC(91) User=0.05s Sys=0.00s Real=0.05s
[17.803s][info][gc,start       ] GC(92) Pause Young (Allocation Failure)
[17.834s][info][gc,heap        ] GC(92) DefNew: 297642K(314560K)->14655K(314560K) Eden: 279616K(279616K)->0K(279616K) From: 18026K(34944K)->14655K(34944K)
[17.835s][info][gc,heap        ] GC(92) Tenured: 3532K(699072K)->7858K(699072K)
[17.835s][info][gc,metaspace   ] GC(92) Metaspace: 8594K(8832K)->8594K(8832K) NonClass: 7443K(7552K)->7443K(7552K) Class: 1151K(1280K)->1151K(1280K)
[17.835s][info][gc             ] GC(92) Pause Young (Allocation Failure) 294M->21M(989M) 31.811ms
[17.835s][info][gc,cpu         ] GC(92) User=0.03s Sys=0.00s Real=0.03s
[17.981s][info][gc,start       ] GC(93) Pause Young (Allocation Failure)
[18.008s][info][gc,heap        ] GC(93) DefNew: 294271K(314560K)->15570K(314560K) Eden: 279616K(279616K)->0K(279616K) From: 14655K(34944K)->15570K(34944K)
[18.008s][info][gc,heap        ] GC(93) Tenured: 7858K(699072K)->7858K(699072K)
[18.008s][info][gc,metaspace   ] GC(93) Metaspace: 8594K(8832K)->8594K(8832K) NonClass: 7443K(7552K)->7443K(7552K) Class: 1151K(1280K)->1151K(1280K)
[18.008s][info][gc             ] GC(93) Pause Young (Allocation Failure) 295M->22M(989M) 26.837ms
[18.008s][info][gc,cpu         ] GC(93) User=0.02s Sys=0.00s Real=0.03s
[18.153s][info][gc,start       ] GC(94) Pause Young (Allocation Failure)
[18.182s][info][gc,heap        ] GC(94) DefNew: 295186K(314560K)->16419K(314560K) Eden: 279616K(279616K)->0K(279616K) From: 15570K(34944K)->16419K(34944K)
[18.182s][info][gc,heap        ] GC(94) Tenured: 7858K(699072K)->7858K(699072K)
[18.182s][info][gc,metaspace   ] GC(94) Metaspace: 8594K(8832K)->8594K(8832K) NonClass: 7443K(7552K)->7443K(7552K) Class: 1151K(1280K)->1151K(1280K)
[18.182s][info][gc             ] GC(94) Pause Young (Allocation Failure) 295M->23M(989M) 29.323ms
[18.182s][info][gc,cpu         ] GC(94) User=0.03s Sys=0.00s Real=0.03s
[18.631s][info][gc,start       ] GC(95) Pause Young (Allocation Failure)
[18.761s][info][gc,heap        ] GC(95) DefNew: 296035K(314560K)->34943K(314560K) Eden: 279616K(279616K)->0K(279616K) From: 16419K(34944K)->34943K(34944K)
[18.761s][info][gc,heap        ] GC(95) Tenured: 7858K(699072K)->26018K(699072K)
[18.761s][info][gc,metaspace   ] GC(95) Metaspace: 8594K(8832K)->8594K(8832K) NonClass: 7443K(7552K)->7443K(7552K) Class: 1151K(1280K)->1151K(1280K)
[18.761s][info][gc             ] GC(95) Pause Young (Allocation Failure) 296M->59M(989M) 130.510ms
[18.762s][info][gc,cpu         ] GC(95) User=0.14s Sys=0.00s Real=0.13s
[18.809s][info][gc,start       ] GC(96) Pause Full (System.gc())
[18.809s][info][gc,phases,start] GC(96) Phase 1: Mark live objects
[18.820s][info][gc,phases      ] GC(96) Phase 1: Mark live objects 11.059ms
[18.820s][info][gc,phases,start] GC(96) Phase 2: Compute new object addresses
[18.846s][info][gc,phases      ] GC(96) Phase 2: Compute new object addresses 26.260ms
[18.846s][info][gc,phases,start] GC(96) Phase 3: Adjust pointers
[18.849s][info][gc,phases      ] GC(96) Phase 3: Adjust pointers 2.680ms
[18.849s][info][gc,phases,start] GC(96) Phase 4: Move objects
[18.849s][info][gc,phases      ] GC(96) Phase 4: Move objects 0.011ms
[18.849s][info][gc,heap        ] GC(96) DefNew: 57309K(314560K)->0K(314560K) Eden: 22365K(279616K)->0K(279616K) From: 34943K(34944K)->0K(34944K)
[18.849s][info][gc,heap        ] GC(96) Tenured: 26018K(699072K)->26018K(699072K)
[18.849s][info][gc,metaspace   ] GC(96) Metaspace: 8594K(8832K)->8594K(8832K) NonClass: 7443K(7552K)->7443K(7552K) Class: 1151K(1280K)->1151K(1280K)
[18.849s][info][gc             ] GC(96) Pause Full (System.gc()) 81M->25M(989M) 40.393ms
[18.849s][info][gc,cpu         ] GC(96) User=0.03s Sys=0.00s Real=0.04s
[18.994s][info][gc,start       ] GC(97) Pause Young (Allocation Failure)
[18.998s][info][gc,heap        ] GC(97) DefNew: 279616K(314560K)->965K(314560K) Eden: 279616K(279616K)->0K(279616K) From: 0K(34944K)->965K(34944K)
[18.998s][info][gc,heap        ] GC(97) Tenured: 26018K(699072K)->26018K(699072K)
[18.998s][info][gc,metaspace   ] GC(97) Metaspace: 8595K(8832K)->8595K(8832K) NonClass: 7444K(7552K)->7444K(7552K) Class: 1151K(1280K)->1151K(1280K)
[18.998s][info][gc             ] GC(97) Pause Young (Allocation Failure) 298M->26M(989M) 4.022ms
[18.998s][info][gc,cpu         ] GC(97) User=0.00s Sys=0.00s Real=0.00s
[19.134s][info][gc,start       ] GC(98) Pause Young (Allocation Failure)
[19.140s][info][gc,heap        ] GC(98) DefNew: 280581K(314560K)->1937K(314560K) Eden: 279616K(279616K)->0K(279616K) From: 965K(34944K)->1937K(34944K)
[19.140s][info][gc,heap        ] GC(98) Tenured: 26018K(699072K)->26018K(699072K)
[19.140s][info][gc,metaspace   ] GC(98) Metaspace: 8595K(8832K)->8595K(8832K) NonClass: 7444K(7552K)->7444K(7552K) Class: 1151K(1280K)->1151K(1280K)
[19.140s][info][gc             ] GC(98) Pause Young (Allocation Failure) 299M->27M(989M) 6.711ms
[19.140s][info][gc,cpu         ] GC(98) User=0.02s Sys=0.00s Real=0.01s
[19.271s][info][gc,start       ] GC(99) Pause Young (Allocation Failure)
[19.279s][info][gc,heap        ] GC(99) DefNew: 281553K(314560K)->2847K(314560K) Eden: 279616K(279616K)->0K(279616K) From: 1937K(34944K)->2847K(34944K)
[19.279s][info][gc,heap        ] GC(99) Tenured: 26018K(699072K)->26018K(699072K)
[19.279s][info][gc,metaspace   ] GC(99) Metaspace: 8595K(8832K)->8595K(8832K) NonClass: 7444K(7552K)->7444K(7552K) Class: 1151K(1280K)->1151K(1280K)
[19.280s][info][gc             ] GC(99) Pause Young (Allocation Failure) 300M->28M(989M) 8.582ms
[19.280s][info][gc,cpu         ] GC(99) User=0.02s Sys=0.00s Real=0.01s
[19.415s][info][gc,start       ] GC(100) Pause Young (Allocation Failure)
[19.427s][info][gc,heap        ] GC(100) DefNew: 282463K(314560K)->3686K(314560K) Eden: 279616K(279616K)->0K(279616K) From: 2847K(34944K)->3686K(34944K)
[19.427s][info][gc,heap        ] GC(100) Tenured: 26018K(699072K)->26018K(699072K)
[19.427s][info][gc,metaspace   ] GC(100) Metaspace: 8595K(8832K)->8595K(8832K) NonClass: 7444K(7552K)->7444K(7552K) Class: 1151K(1280K)->1151K(1280K)
[19.427s][info][gc             ] GC(100) Pause Young (Allocation Failure) 301M->29M(989M) 11.722ms
[19.427s][info][gc,cpu         ] GC(100) User=0.00s Sys=0.00s Real=0.00s
[19.571s][info][gc,start       ] GC(101) Pause Young (Allocation Failure)
[19.586s][info][gc,heap        ] GC(101) DefNew: 283302K(314560K)->4828K(314560K) Eden: 279616K(279616K)->0K(279616K) From: 3686K(34944K)->4828K(34944K)
[19.661s][info][gc,heap        ] GC(101) Tenured: 26018K(699072K)->26018K(699072K)
[19.661s][info][gc,metaspace   ] GC(101) Metaspace: 8595K(8832K)->8595K(8832K) NonClass: 7444K(7552K)->7444K(7552K) Class: 1151K(1280K)->1151K(1280K)
[19.661s][info][gc             ] GC(101) Pause Young (Allocation Failure) 302M->30M(989M) 90.720ms
[19.661s][info][gc,cpu         ] GC(101) User=0.02s Sys=0.00s Real=0.10s
[19.822s][info][gc,start       ] GC(102) Pause Young (Allocation Failure)
[19.836s][info][gc,heap        ] GC(102) DefNew: 284444K(314560K)->5746K(314560K) Eden: 279616K(279616K)->0K(279616K) From: 4828K(34944K)->5746K(34944K)
[19.836s][info][gc,heap        ] GC(102) Tenured: 26018K(699072K)->26018K(699072K)
[19.836s][info][gc,metaspace   ] GC(102) Metaspace: 8595K(8832K)->8595K(8832K) NonClass: 7444K(7552K)->7444K(7552K) Class: 1151K(1280K)->1151K(1280K)
[19.836s][info][gc             ] GC(102) Pause Young (Allocation Failure) 303M->31M(989M) 13.897ms
[19.836s][info][gc,cpu         ] GC(102) User=0.02s Sys=0.00s Real=0.01s
[19.998s][info][gc,start       ] GC(103) Pause Young (Allocation Failure)
[20.014s][info][gc,heap        ] GC(103) DefNew: 285362K(314560K)->6684K(314560K) Eden: 279616K(279616K)->0K(279616K) From: 5746K(34944K)->6684K(34944K)
[20.014s][info][gc,heap        ] GC(103) Tenured: 26018K(699072K)->26018K(699072K)
[20.014s][info][gc,metaspace   ] GC(103) Metaspace: 8595K(8832K)->8595K(8832K) NonClass: 7444K(7552K)->7444K(7552K) Class: 1151K(1280K)->1151K(1280K)
[20.014s][info][gc             ] GC(103) Pause Young (Allocation Failure) 304M->31M(989M) 15.711ms
[20.014s][info][gc,cpu         ] GC(103) User=0.02s Sys=0.00s Real=0.02s
[20.180s][info][gc,start       ] GC(104) Pause Young (Allocation Failure)
[20.197s][info][gc,heap        ] GC(104) DefNew: 286300K(314560K)->7534K(314560K) Eden: 279616K(279616K)->0K(279616K) From: 6684K(34944K)->7534K(34944K)
[20.197s][info][gc,heap        ] GC(104) Tenured: 26018K(699072K)->26018K(699072K)
[20.197s][info][gc,metaspace   ] GC(104) Metaspace: 8595K(8832K)->8595K(8832K) NonClass: 7444K(7552K)->7444K(7552K) Class: 1151K(1280K)->1151K(1280K)
[20.197s][info][gc             ] GC(104) Pause Young (Allocation Failure) 304M->32M(989M) 16.650ms
[20.197s][info][gc,cpu         ] GC(104) User=0.02s Sys=0.00s Real=0.02s
[20.342s][info][gc,start       ] GC(105) Pause Young (Allocation Failure)
[20.360s][info][gc,heap        ] GC(105) DefNew: 287150K(314560K)->8456K(314560K) Eden: 279616K(279616K)->0K(279616K) From: 7534K(34944K)->8456K(34944K)
[20.360s][info][gc,heap        ] GC(105) Tenured: 26018K(699072K)->26018K(699072K)
[20.360s][info][gc,metaspace   ] GC(105) Metaspace: 8595K(8832K)->8595K(8832K) NonClass: 7444K(7552K)->7444K(7552K) Class: 1151K(1280K)->1151K(1280K)
[20.360s][info][gc             ] GC(105) Pause Young (Allocation Failure) 305M->33M(989M) 17.451ms
[20.360s][info][gc,cpu         ] GC(105) User=0.02s Sys=0.00s Real=0.02s
[20.524s][info][gc,start       ] GC(106) Pause Young (Allocation Failure)
[20.549s][info][gc,heap        ] GC(106) DefNew: 288072K(314560K)->9509K(314560K) Eden: 279616K(279616K)->0K(279616K) From: 8456K(34944K)->9509K(34944K)
[20.549s][info][gc,heap        ] GC(106) Tenured: 26018K(699072K)->26018K(699072K)
[20.549s][info][gc,metaspace   ] GC(106) Metaspace: 8595K(8832K)->8595K(8832K) NonClass: 7444K(7552K)->7444K(7552K) Class: 1151K(1280K)->1151K(1280K)
[20.549s][info][gc             ] GC(106) Pause Young (Allocation Failure) 306M->34M(989M) 24.499ms
[20.549s][info][gc,cpu         ] GC(106) User=0.03s Sys=0.00s Real=0.03s
[20.727s][info][gc,start       ] GC(107) Pause Young (Allocation Failure)
[20.749s][info][gc,heap        ] GC(107) DefNew: 289125K(314560K)->10462K(314560K) Eden: 279616K(279616K)->0K(279616K) From: 9509K(34944K)->10462K(34944K)
[20.749s][info][gc,heap        ] GC(107) Tenured: 26018K(699072K)->26018K(699072K)
[20.749s][info][gc,metaspace   ] GC(107) Metaspace: 8595K(8832K)->8595K(8832K) NonClass: 7444K(7552K)->7444K(7552K) Class: 1151K(1280K)->1151K(1280K)
[20.749s][info][gc             ] GC(107) Pause Young (Allocation Failure) 307M->35M(989M) 22.409ms
[20.749s][info][gc,cpu         ] GC(107) User=0.03s Sys=0.00s Real=0.02s
[20.891s][info][gc,start       ] GC(108) Pause Young (Allocation Failure)
[20.914s][info][gc,heap        ] GC(108) DefNew: 290078K(314560K)->11394K(314560K) Eden: 279616K(279616K)->0K(279616K) From: 10462K(34944K)->11394K(34944K)
[20.914s][info][gc,heap        ] GC(108) Tenured: 26018K(699072K)->26018K(699072K)
[20.914s][info][gc,metaspace   ] GC(108) Metaspace: 8595K(8832K)->8595K(8832K) NonClass: 7444K(7552K)->7444K(7552K) Class: 1151K(1280K)->1151K(1280K)
[20.914s][info][gc             ] GC(108) Pause Young (Allocation Failure) 308M->36M(989M) 22.557ms
[20.914s][info][gc,cpu         ] GC(108) User=0.02s Sys=0.00s Real=0.02s
[21.055s][info][gc,start       ] GC(109) Pause Young (Allocation Failure)
[21.078s][info][gc,heap        ] GC(109) DefNew: 291010K(314560K)->12234K(314560K) Eden: 279616K(279616K)->0K(279616K) From: 11394K(34944K)->12234K(34944K)
[21.078s][info][gc,heap        ] GC(109) Tenured: 26018K(699072K)->26018K(699072K)
[21.078s][info][gc,metaspace   ] GC(109) Metaspace: 8595K(8832K)->8595K(8832K) NonClass: 7444K(7552K)->7444K(7552K) Class: 1151K(1280K)->1151K(1280K)
[21.078s][info][gc             ] GC(109) Pause Young (Allocation Failure) 309M->37M(989M) 23.157ms
[21.078s][info][gc,cpu         ] GC(109) User=0.03s Sys=0.00s Real=0.02s
[21.251s][info][gc,start       ] GC(110) Pause Young (Allocation Failure)
[21.283s][info][gc,heap        ] GC(110) DefNew: 291850K(314560K)->13328K(314560K) Eden: 279616K(279616K)->0K(279616K) From: 12234K(34944K)->13328K(34944K)
[21.284s][info][gc,heap        ] GC(110) Tenured: 26018K(699072K)->26018K(699072K)
[21.284s][info][gc,metaspace   ] GC(110) Metaspace: 8595K(8832K)->8595K(8832K) NonClass: 7444K(7552K)->7444K(7552K) Class: 1151K(1280K)->1151K(1280K)
[21.284s][info][gc             ] GC(110) Pause Young (Allocation Failure) 310M->38M(989M) 33.064ms
[21.284s][info][gc,cpu         ] GC(110) User=0.03s Sys=0.00s Real=0.03s
[21.427s][info][gc,start       ] GC(111) Pause Young (Allocation Failure)
[21.450s][info][gc,heap        ] GC(111) DefNew: 292944K(314560K)->14241K(314560K) Eden: 279616K(279616K)->0K(279616K) From: 13328K(34944K)->14241K(34944K)
[21.450s][info][gc,heap        ] GC(111) Tenured: 26018K(699072K)->26018K(699072K)
[21.450s][info][gc,metaspace   ] GC(111) Metaspace: 8595K(8832K)->8595K(8832K) NonClass: 7444K(7552K)->7444K(7552K) Class: 1151K(1280K)->1151K(1280K)
[21.450s][info][gc             ] GC(111) Pause Young (Allocation Failure) 311M->39M(989M) 23.836ms
[21.450s][info][gc,cpu         ] GC(111) User=0.02s Sys=0.00s Real=0.01s
[21.609s][info][gc,start       ] GC(112) Pause Young (Allocation Failure)
[21.636s][info][gc,heap        ] GC(112) DefNew: 293857K(314560K)->15195K(314560K) Eden: 279616K(279616K)->0K(279616K) From: 14241K(34944K)->15195K(34944K)
[21.636s][info][gc,heap        ] GC(112) Tenured: 26018K(699072K)->26023K(699072K)
[21.636s][info][gc,metaspace   ] GC(112) Metaspace: 8595K(8832K)->8595K(8832K) NonClass: 7444K(7552K)->7444K(7552K) Class: 1151K(1280K)->1151K(1280K)
[21.636s][info][gc             ] GC(112) Pause Young (Allocation Failure) 312M->40M(989M) 26.815ms
[21.636s][info][gc,cpu         ] GC(112) User=0.03s Sys=0.00s Real=0.03s
[21.785s][info][gc,start       ] GC(113) Pause Young (Allocation Failure)
[21.813s][info][gc,heap        ] GC(113) DefNew: 294811K(314560K)->16062K(314560K) Eden: 279616K(279616K)->0K(279616K) From: 15195K(34944K)->16062K(34944K)
[21.813s][info][gc,heap        ] GC(113) Tenured: 26023K(699072K)->26023K(699072K)
[21.813s][info][gc,metaspace   ] GC(113) Metaspace: 8595K(8832K)->8595K(8832K) NonClass: 7444K(7552K)->7444K(7552K) Class: 1151K(1280K)->1151K(1280K)
[21.813s][info][gc             ] GC(113) Pause Young (Allocation Failure) 313M->41M(989M) 27.606ms
[21.813s][info][gc,cpu         ] GC(113) User=0.03s Sys=0.00s Real=0.03s
[21.955s][info][gc,start       ] GC(114) Pause Young (Allocation Failure)
[21.974s][info][gc,heap        ] GC(114) DefNew: 295678K(314560K)->16963K(314560K) Eden: 279616K(279616K)->0K(279616K) From: 16062K(34944K)->16963K(34944K)
[21.974s][info][gc,heap        ] GC(114) Tenured: 26023K(699072K)->26023K(699072K)
[21.974s][info][gc,metaspace   ] GC(114) Metaspace: 8595K(8832K)->8595K(8832K) NonClass: 7444K(7552K)->7444K(7552K) Class: 1151K(1280K)->1151K(1280K)
[21.974s][info][gc             ] GC(114) Pause Young (Allocation Failure) 314M->41M(989M) 19.533ms
[21.974s][info][gc,cpu         ] GC(114) User=0.02s Sys=0.00s Real=0.02s
[22.123s][info][gc,start       ] GC(115) Pause Young (Allocation Failure)
[22.157s][info][gc,heap        ] GC(115) DefNew: 296579K(314560K)->18026K(314560K) Eden: 279616K(279616K)->0K(279616K) From: 16963K(34944K)->18026K(34944K)
[22.157s][info][gc,heap        ] GC(115) Tenured: 26023K(699072K)->26023K(699072K)
[22.157s][info][gc,metaspace   ] GC(115) Metaspace: 8595K(8832K)->8595K(8832K) NonClass: 7444K(7552K)->7444K(7552K) Class: 1151K(1280K)->1151K(1280K)
[22.157s][info][gc             ] GC(115) Pause Young (Allocation Failure) 315M->43M(989M) 34.642ms
[22.157s][info][gc,cpu         ] GC(115) User=0.03s Sys=0.00s Real=0.03s
[22.307s][info][gc,start       ] GC(116) Pause Young (Allocation Failure)
[22.338s][info][gc,heap        ] GC(116) DefNew: 297642K(314560K)->14655K(314560K) Eden: 279616K(279616K)->0K(279616K) From: 18026K(34944K)->14655K(34944K)
[22.338s][info][gc,heap        ] GC(116) Tenured: 26023K(699072K)->30349K(699072K)
[22.338s][info][gc,metaspace   ] GC(116) Metaspace: 8595K(8832K)->8595K(8832K) NonClass: 7444K(7552K)->7444K(7552K) Class: 1151K(1280K)->1151K(1280K)
[22.338s][info][gc             ] GC(116) Pause Young (Allocation Failure) 316M->43M(989M) 31.164ms
[22.338s][info][gc,cpu         ] GC(116) User=0.05s Sys=0.00s Real=0.03s
[22.480s][info][gc,start       ] GC(117) Pause Young (Allocation Failure)
[22.506s][info][gc,heap        ] GC(117) DefNew: 294271K(314560K)->15570K(314560K) Eden: 279616K(279616K)->0K(279616K) From: 14655K(34944K)->15570K(34944K)
[22.506s][info][gc,heap        ] GC(117) Tenured: 30349K(699072K)->30349K(699072K)
[22.506s][info][gc,metaspace   ] GC(117) Metaspace: 8595K(8832K)->8595K(8832K) NonClass: 7444K(7552K)->7444K(7552K) Class: 1151K(1280K)->1151K(1280K)
[22.507s][info][gc             ] GC(117) Pause Young (Allocation Failure) 317M->44M(989M) 26.138ms
[22.507s][info][gc,cpu         ] GC(117) User=0.02s Sys=0.00s Real=0.03s
[22.669s][info][gc,start       ] GC(118) Pause Young (Allocation Failure)
[22.698s][info][gc,heap        ] GC(118) DefNew: 295186K(314560K)->16419K(314560K) Eden: 279616K(279616K)->0K(279616K) From: 15570K(34944K)->16419K(34944K)
[22.698s][info][gc,heap        ] GC(118) Tenured: 30349K(699072K)->30349K(699072K)
[22.698s][info][gc,metaspace   ] GC(118) Metaspace: 8595K(8832K)->8595K(8832K) NonClass: 7444K(7552K)->7444K(7552K) Class: 1151K(1280K)->1151K(1280K)
[22.698s][info][gc             ] GC(118) Pause Young (Allocation Failure) 317M->45M(989M) 29.582ms
[22.698s][info][gc,cpu         ] GC(118) User=0.03s Sys=0.00s Real=0.03s
[23.146s][info][gc,start       ] GC(119) Pause Young (Allocation Failure)
[23.285s][info][gc,heap        ] GC(119) DefNew: 296035K(314560K)->34943K(314560K) Eden: 279616K(279616K)->0K(279616K) From: 16419K(34944K)->34943K(34944K)
[23.285s][info][gc,heap        ] GC(119) Tenured: 30349K(699072K)->48509K(699072K)
[23.285s][info][gc,metaspace   ] GC(119) Metaspace: 8595K(8832K)->8595K(8832K) NonClass: 7444K(7552K)->7444K(7552K) Class: 1151K(1280K)->1151K(1280K)
[23.285s][info][gc             ] GC(119) Pause Young (Allocation Failure) 318M->81M(989M) 139.363ms
[23.285s][info][gc,cpu         ] GC(119) User=0.14s Sys=0.00s Real=0.14s
[23.331s][info][gc,start       ] GC(120) Pause Full (System.gc())
[23.331s][info][gc,phases,start] GC(120) Phase 1: Mark live objects
[23.342s][info][gc,phases      ] GC(120) Phase 1: Mark live objects 11.000ms
[23.342s][info][gc,phases,start] GC(120) Phase 2: Compute new object addresses
[23.368s][info][gc,phases      ] GC(120) Phase 2: Compute new object addresses 25.847ms
[23.368s][info][gc,phases,start] GC(120) Phase 3: Adjust pointers
[23.371s][info][gc,phases      ] GC(120) Phase 3: Adjust pointers 2.653ms
[23.371s][info][gc,phases,start] GC(120) Phase 4: Move objects
[23.371s][info][gc,phases      ] GC(120) Phase 4: Move objects 0.011ms
[23.371s][info][gc,heap        ] GC(120) DefNew: 57309K(314560K)->0K(314560K) Eden: 22365K(279616K)->0K(279616K) From: 34943K(34944K)->0K(34944K)
[23.371s][info][gc,heap        ] GC(120) Tenured: 48509K(699072K)->3527K(699072K)
[23.371s][info][gc,metaspace   ] GC(120) Metaspace: 8596K(8832K)->8596K(8832K) NonClass: 7444K(7552K)->7444K(7552K) Class: 1151K(1280K)->1151K(1280K)
[23.371s][info][gc             ] GC(120) Pause Full (System.gc()) 103M->3M(989M) 39.884ms
[23.371s][info][gc,cpu         ] GC(120) User=0.03s Sys=0.00s Real=0.03s
[23.517s][info][gc,start       ] GC(121) Pause Young (Allocation Failure)
[23.520s][info][gc,heap        ] GC(121) DefNew: 279616K(314560K)->965K(314560K) Eden: 279616K(279616K)->0K(279616K) From: 0K(34944K)->965K(34944K)
[23.521s][info][gc,heap        ] GC(121) Tenured: 3527K(699072K)->3527K(699072K)
[23.521s][info][gc,metaspace   ] GC(121) Metaspace: 8597K(8832K)->8597K(8832K) NonClass: 7446K(7552K)->7446K(7552K) Class: 1151K(1280K)->1151K(1280K)
[23.521s][info][gc             ] GC(121) Pause Young (Allocation Failure) 276M->4M(989M) 4.043ms
[23.521s][info][gc,cpu         ] GC(121) User=0.00s Sys=0.00s Real=0.00s
[23.671s][info][gc,start       ] GC(122) Pause Young (Allocation Failure)
[23.677s][info][gc,heap        ] GC(122) DefNew: 280581K(314560K)->1937K(314560K) Eden: 279616K(279616K)->0K(279616K) From: 965K(34944K)->1937K(34944K)
[23.677s][info][gc,heap        ] GC(122) Tenured: 3527K(699072K)->3527K(699072K)
[23.677s][info][gc,metaspace   ] GC(122) Metaspace: 8597K(8832K)->8597K(8832K) NonClass: 7446K(7552K)->7446K(7552K) Class: 1151K(1280K)->1151K(1280K)
[23.677s][info][gc             ] GC(122) Pause Young (Allocation Failure) 277M->5M(989M) 6.522ms
[23.677s][info][gc,cpu         ] GC(122) User=0.02s Sys=0.00s Real=0.02s
[23.820s][info][gc,start       ] GC(123) Pause Young (Allocation Failure)
[23.829s][info][gc,heap        ] GC(123) DefNew: 281553K(314560K)->2847K(314560K) Eden: 279616K(279616K)->0K(279616K) From: 1937K(34944K)->2847K(34944K)
[23.829s][info][gc,heap        ] GC(123) Tenured: 3527K(699072K)->3527K(699072K)
[23.829s][info][gc,metaspace   ] GC(123) Metaspace: 8597K(8832K)->8597K(8832K) NonClass: 7446K(7552K)->7446K(7552K) Class: 1151K(1280K)->1151K(1280K)
[23.829s][info][gc             ] GC(123) Pause Young (Allocation Failure) 278M->6M(989M) 8.650ms
[23.829s][info][gc,cpu         ] GC(123) User=0.02s Sys=0.00s Real=0.00s
[23.965s][info][gc,start       ] GC(124) Pause Young (Allocation Failure)
[23.976s][info][gc,heap        ] GC(124) DefNew: 282463K(314560K)->3686K(314560K) Eden: 279616K(279616K)->0K(279616K) From: 2847K(34944K)->3686K(34944K)
[23.976s][info][gc,heap        ] GC(124) Tenured: 3527K(699072K)->3527K(699072K)
[23.976s][info][gc,metaspace   ] GC(124) Metaspace: 8597K(8832K)->8597K(8832K) NonClass: 7446K(7552K)->7446K(7552K) Class: 1151K(1280K)->1151K(1280K)
[23.976s][info][gc             ] GC(124) Pause Young (Allocation Failure) 279M->7M(989M) 11.829ms
[23.977s][info][gc,cpu         ] GC(124) User=0.00s Sys=0.00s Real=0.01s
[24.122s][info][gc,start       ] GC(125) Pause Young (Allocation Failure)
[24.137s][info][gc,heap        ] GC(125) DefNew: 283302K(314560K)->4828K(314560K) Eden: 279616K(279616K)->0K(279616K) From: 3686K(34944K)->4828K(34944K)
[24.137s][info][gc,heap        ] GC(125) Tenured: 3527K(699072K)->3527K(699072K)
[24.137s][info][gc,metaspace   ] GC(125) Metaspace: 8597K(8832K)->8597K(8832K) NonClass: 7446K(7552K)->7446K(7552K) Class: 1151K(1280K)->1151K(1280K)
[24.137s][info][gc             ] GC(125) Pause Young (Allocation Failure) 280M->8M(989M) 15.679ms
[24.137s][info][gc,cpu         ] GC(125) User=0.02s Sys=0.00s Real=0.02s
[24.313s][info][gc,start       ] GC(126) Pause Young (Allocation Failure)
[24.327s][info][gc,heap        ] GC(126) DefNew: 284444K(314560K)->5746K(314560K) Eden: 279616K(279616K)->0K(279616K) From: 4828K(34944K)->5746K(34944K)
[24.327s][info][gc,heap        ] GC(126) Tenured: 3527K(699072K)->3527K(699072K)
[24.327s][info][gc,metaspace   ] GC(126) Metaspace: 8597K(8832K)->8597K(8832K) NonClass: 7446K(7552K)->7446K(7552K) Class: 1151K(1280K)->1151K(1280K)
[24.327s][info][gc             ] GC(126) Pause Young (Allocation Failure) 281M->9M(989M) 13.968ms
[24.327s][info][gc,cpu         ] GC(126) User=0.02s Sys=0.00s Real=0.01s
[24.477s][info][gc,start       ] GC(127) Pause Young (Allocation Failure)
[24.494s][info][gc,heap        ] GC(127) DefNew: 285362K(314560K)->6684K(314560K) Eden: 279616K(279616K)->0K(279616K) From: 5746K(34944K)->6684K(34944K)
[24.494s][info][gc,heap        ] GC(127) Tenured: 3527K(699072K)->3527K(699072K)
[24.494s][info][gc,metaspace   ] GC(127) Metaspace: 8597K(8832K)->8597K(8832K) NonClass: 7446K(7552K)->7446K(7552K) Class: 1151K(1280K)->1151K(1280K)
[24.494s][info][gc             ] GC(127) Pause Young (Allocation Failure) 282M->9M(989M) 16.788ms
[24.494s][info][gc,cpu         ] GC(127) User=0.03s Sys=0.00s Real=0.02s
[24.634s][info][gc,start       ] GC(128) Pause Young (Allocation Failure)
[24.651s][info][gc,heap        ] GC(128) DefNew: 286300K(314560K)->7534K(314560K) Eden: 279616K(279616K)->0K(279616K) From: 6684K(34944K)->7534K(34944K)
[24.651s][info][gc,heap        ] GC(128) Tenured: 3527K(699072K)->3527K(699072K)
[24.652s][info][gc,metaspace   ] GC(128) Metaspace: 8597K(8832K)->8597K(8832K) NonClass: 7446K(7552K)->7446K(7552K) Class: 1151K(1280K)->1151K(1280K)
[24.652s][info][gc             ] GC(128) Pause Young (Allocation Failure) 283M->10M(989M) 17.634ms
[24.652s][info][gc,cpu         ] GC(128) User=0.03s Sys=0.00s Real=0.02s
[24.804s][info][gc,start       ] GC(129) Pause Young (Allocation Failure)
[24.822s][info][gc,heap        ] GC(129) DefNew: 287150K(314560K)->8456K(314560K) Eden: 279616K(279616K)->0K(279616K) From: 7534K(34944K)->8456K(34944K)
[24.822s][info][gc,heap        ] GC(129) Tenured: 3527K(699072K)->3527K(699072K)
[24.822s][info][gc,metaspace   ] GC(129) Metaspace: 8597K(8832K)->8597K(8832K) NonClass: 7446K(7552K)->7446K(7552K) Class: 1151K(1280K)->1151K(1280K)
[24.823s][info][gc             ] GC(129) Pause Young (Allocation Failure) 283M->11M(989M) 18.507ms
[24.823s][info][gc,cpu         ] GC(129) User=0.02s Sys=0.02s Real=0.02s
[24.987s][info][gc,start       ] GC(130) Pause Young (Allocation Failure)
[25.012s][info][gc,heap        ] GC(130) DefNew: 288072K(314560K)->9509K(314560K) Eden: 279616K(279616K)->0K(279616K) From: 8456K(34944K)->9509K(34944K)
[25.012s][info][gc,heap        ] GC(130) Tenured: 3527K(699072K)->3527K(699072K)
[25.012s][info][gc,metaspace   ] GC(130) Metaspace: 8597K(8832K)->8597K(8832K) NonClass: 7446K(7552K)->7446K(7552K) Class: 1151K(1280K)->1151K(1280K)
[25.012s][info][gc             ] GC(130) Pause Young (Allocation Failure) 284M->12M(989M) 25.417ms
[25.012s][info][gc,cpu         ] GC(130) User=0.03s Sys=0.00s Real=0.03s
[25.164s][info][gc,start       ] GC(131) Pause Young (Allocation Failure)
[25.184s][info][gc,heap        ] GC(131) DefNew: 289125K(314560K)->10462K(314560K) Eden: 279616K(279616K)->0K(279616K) From: 9509K(34944K)->10462K(34944K)
[25.184s][info][gc,heap        ] GC(131) Tenured: 3527K(699072K)->3527K(699072K)
[25.184s][info][gc,metaspace   ] GC(131) Metaspace: 8597K(8832K)->8597K(8832K) NonClass: 7446K(7552K)->7446K(7552K) Class: 1151K(1280K)->1151K(1280K)
[25.184s][info][gc             ] GC(131) Pause Young (Allocation Failure) 285M->13M(989M) 20.672ms
[25.184s][info][gc,cpu         ] GC(131) User=0.03s Sys=0.00s Real=0.02s
[25.320s][info][gc,start       ] GC(132) Pause Young (Allocation Failure)
[25.343s][info][gc,heap        ] GC(132) DefNew: 290078K(314560K)->11394K(314560K) Eden: 279616K(279616K)->0K(279616K) From: 10462K(34944K)->11394K(34944K)
[25.343s][info][gc,heap        ] GC(132) Tenured: 3527K(699072K)->3527K(699072K)
[25.343s][info][gc,metaspace   ] GC(132) Metaspace: 8597K(8832K)->8597K(8832K) NonClass: 7446K(7552K)->7446K(7552K) Class: 1151K(1280K)->1151K(1280K)
[25.343s][info][gc             ] GC(132) Pause Young (Allocation Failure) 286M->14M(989M) 23.299ms
[25.343s][info][gc,cpu         ] GC(132) User=0.03s Sys=0.00s Real=0.03s
[25.488s][info][gc,start       ] GC(133) Pause Young (Allocation Failure)
[25.512s][info][gc,heap        ] GC(133) DefNew: 291010K(314560K)->12234K(314560K) Eden: 279616K(279616K)->0K(279616K) From: 11394K(34944K)->12234K(34944K)
[25.513s][info][gc,heap        ] GC(133) Tenured: 3527K(699072K)->3527K(699072K)
[25.513s][info][gc,metaspace   ] GC(133) Metaspace: 8597K(8832K)->8597K(8832K) NonClass: 7446K(7552K)->7446K(7552K) Class: 1151K(1280K)->1151K(1280K)
[25.513s][info][gc             ] GC(133) Pause Young (Allocation Failure) 287M->15M(989M) 24.457ms
[25.513s][info][gc,cpu         ] GC(133) User=0.03s Sys=0.00s Real=0.03s
[25.688s][info][gc,start       ] GC(134) Pause Young (Allocation Failure)
[25.724s][info][gc,heap        ] GC(134) DefNew: 291850K(314560K)->13328K(314560K) Eden: 279616K(279616K)->0K(279616K) From: 12234K(34944K)->13328K(34944K)
[25.724s][info][gc,heap        ] GC(134) Tenured: 3527K(699072K)->3527K(699072K)
[25.724s][info][gc,metaspace   ] GC(134) Metaspace: 8597K(8832K)->8597K(8832K) NonClass: 7446K(7552K)->7446K(7552K) Class: 1151K(1280K)->1151K(1280K)
[25.724s][info][gc             ] GC(134) Pause Young (Allocation Failure) 288M->16M(989M) 36.633ms
[25.724s][info][gc,cpu         ] GC(134) User=0.03s Sys=0.00s Real=0.04s
[25.879s][info][gc,start       ] GC(135) Pause Young (Allocation Failure)
[25.904s][info][gc,heap        ] GC(135) DefNew: 292944K(314560K)->14241K(314560K) Eden: 279616K(279616K)->0K(279616K) From: 13328K(34944K)->14241K(34944K)
[25.904s][info][gc,heap        ] GC(135) Tenured: 3527K(699072K)->3527K(699072K)
[25.904s][info][gc,metaspace   ] GC(135) Metaspace: 8597K(8832K)->8597K(8832K) NonClass: 7446K(7552K)->7446K(7552K) Class: 1151K(1280K)->1151K(1280K)
[25.904s][info][gc             ] GC(135) Pause Young (Allocation Failure) 289M->17M(989M) 24.944ms
[25.904s][info][gc,cpu         ] GC(135) User=0.03s Sys=0.00s Real=0.03s
[26.055s][info][gc,start       ] GC(136) Pause Young (Allocation Failure)
[26.082s][info][gc,heap        ] GC(136) DefNew: 293857K(314560K)->15195K(314560K) Eden: 279616K(279616K)->0K(279616K) From: 14241K(34944K)->15195K(34944K)
[26.082s][info][gc,heap        ] GC(136) Tenured: 3527K(699072K)->3532K(699072K)
[26.082s][info][gc,metaspace   ] GC(136) Metaspace: 8597K(8832K)->8597K(8832K) NonClass: 7446K(7552K)->7446K(7552K) Class: 1151K(1280K)->1151K(1280K)
[26.082s][info][gc             ] GC(136) Pause Young (Allocation Failure) 290M->18M(989M) 27.215ms
[26.082s][info][gc,cpu         ] GC(136) User=0.03s Sys=0.00s Real=0.03s
[26.242s][info][gc,start       ] GC(137) Pause Young (Allocation Failure)
[26.271s][info][gc,heap        ] GC(137) DefNew: 294811K(314560K)->16062K(314560K) Eden: 279616K(279616K)->0K(279616K) From: 15195K(34944K)->16062K(34944K)
[26.271s][info][gc,heap        ] GC(137) Tenured: 3532K(699072K)->3532K(699072K)
[26.271s][info][gc,metaspace   ] GC(137) Metaspace: 8597K(8832K)->8597K(8832K) NonClass: 7446K(7552K)->7446K(7552K) Class: 1151K(1280K)->1151K(1280K)
[26.271s][info][gc             ] GC(137) Pause Young (Allocation Failure) 291M->19M(989M) 28.591ms
[26.271s][info][gc,cpu         ] GC(137) User=0.03s Sys=0.00s Real=0.03s
[26.413s][info][gc,start       ] GC(138) Pause Young (Allocation Failure)
[26.444s][info][gc,heap        ] GC(138) DefNew: 295678K(314560K)->16963K(314560K) Eden: 279616K(279616K)->0K(279616K) From: 16062K(34944K)->16963K(34944K)
[26.444s][info][gc,heap        ] GC(138) Tenured: 3532K(699072K)->3532K(699072K)
[26.444s][info][gc,metaspace   ] GC(138) Metaspace: 8597K(8832K)->8597K(8832K) NonClass: 7446K(7552K)->7446K(7552K) Class: 1151K(1280K)->1151K(1280K)
[26.444s][info][gc             ] GC(138) Pause Young (Allocation Failure) 292M->20M(989M) 30.224ms
[26.444s][info][gc,cpu         ] GC(138) User=0.03s Sys=0.00s Real=0.03s
[26.614s][info][gc,start       ] GC(139) Pause Young (Allocation Failure)
[26.648s][info][gc,heap        ] GC(139) DefNew: 296579K(314560K)->18026K(314560K) Eden: 279616K(279616K)->0K(279616K) From: 16963K(34944K)->18026K(34944K)
[26.648s][info][gc,heap        ] GC(139) Tenured: 3532K(699072K)->3532K(699072K)
[26.648s][info][gc,metaspace   ] GC(139) Metaspace: 8597K(8832K)->8597K(8832K) NonClass: 7446K(7552K)->7446K(7552K) Class: 1151K(1280K)->1151K(1280K)
[26.648s][info][gc             ] GC(139) Pause Young (Allocation Failure) 293M->21M(989M) 33.214ms
[26.648s][info][gc,cpu         ] GC(139) User=0.03s Sys=0.00s Real=0.03s
[26.799s][info][gc,start       ] GC(140) Pause Young (Allocation Failure)
[26.830s][info][gc,heap        ] GC(140) DefNew: 297642K(314560K)->14655K(314560K) Eden: 279616K(279616K)->0K(279616K) From: 18026K(34944K)->14655K(34944K)
[26.830s][info][gc,heap        ] GC(140) Tenured: 3532K(699072K)->7858K(699072K)
[26.830s][info][gc,metaspace   ] GC(140) Metaspace: 8597K(8832K)->8597K(8832K) NonClass: 7446K(7552K)->7446K(7552K) Class: 1151K(1280K)->1151K(1280K)
[26.830s][info][gc             ] GC(140) Pause Young (Allocation Failure) 294M->21M(989M) 30.656ms
[26.830s][info][gc,cpu         ] GC(140) User=0.03s Sys=0.00s Real=0.03s
[26.971s][info][gc,start       ] GC(141) Pause Young (Allocation Failure)
[26.998s][info][gc,heap        ] GC(141) DefNew: 294271K(314560K)->15570K(314560K) Eden: 279616K(279616K)->0K(279616K) From: 14655K(34944K)->15570K(34944K)
[26.998s][info][gc,heap        ] GC(141) Tenured: 7858K(699072K)->7858K(699072K)
[26.998s][info][gc,metaspace   ] GC(141) Metaspace: 8597K(8832K)->8597K(8832K) NonClass: 7446K(7552K)->7446K(7552K) Class: 1151K(1280K)->1151K(1280K)
[26.998s][info][gc             ] GC(141) Pause Young (Allocation Failure) 295M->22M(989M) 27.243ms
[26.998s][info][gc,cpu         ] GC(141) User=0.03s Sys=0.00s Real=0.03s
[27.142s][info][gc,start       ] GC(142) Pause Young (Allocation Failure)
[27.171s][info][gc,heap        ] GC(142) DefNew: 295186K(314560K)->16419K(314560K) Eden: 279616K(279616K)->0K(279616K) From: 15570K(34944K)->16419K(34944K)
[27.171s][info][gc,heap        ] GC(142) Tenured: 7858K(699072K)->7858K(699072K)
[27.171s][info][gc,metaspace   ] GC(142) Metaspace: 8597K(8832K)->8597K(8832K) NonClass: 7446K(7552K)->7446K(7552K) Class: 1151K(1280K)->1151K(1280K)
[27.171s][info][gc             ] GC(142) Pause Young (Allocation Failure) 295M->23M(989M) 28.976ms
[27.171s][info][gc,cpu         ] GC(142) User=0.03s Sys=0.00s Real=0.03s
[27.643s][info][gc,start       ] GC(143) Pause Young (Allocation Failure)
[27.769s][info][gc,heap        ] GC(143) DefNew: 296035K(314560K)->34943K(314560K) Eden: 279616K(279616K)->0K(279616K) From: 16419K(34944K)->34943K(34944K)
[27.769s][info][gc,heap        ] GC(143) Tenured: 7858K(699072K)->26018K(699072K)
[27.769s][info][gc,metaspace   ] GC(143) Metaspace: 8597K(8832K)->8597K(8832K) NonClass: 7446K(7552K)->7446K(7552K) Class: 1151K(1280K)->1151K(1280K)
[27.769s][info][gc             ] GC(143) Pause Young (Allocation Failure) 296M->59M(989M) 126.029ms
[27.769s][info][gc,cpu         ] GC(143) User=0.13s Sys=0.00s Real=0.13s
[27.815s][info][gc,start       ] GC(144) Pause Full (System.gc())
[27.816s][info][gc,phases,start] GC(144) Phase 1: Mark live objects
[27.827s][info][gc,phases      ] GC(144) Phase 1: Mark live objects 10.929ms
[27.827s][info][gc,phases,start] GC(144) Phase 2: Compute new object addresses
[27.852s][info][gc,phases      ] GC(144) Phase 2: Compute new object addresses 25.174ms
[27.852s][info][gc,phases,start] GC(144) Phase 3: Adjust pointers
[27.854s][info][gc,phases      ] GC(144) Phase 3: Adjust pointers 2.661ms
[27.854s][info][gc,phases,start] GC(144) Phase 4: Move objects
[27.854s][info][gc,phases      ] GC(144) Phase 4: Move objects 0.011ms
[27.854s][info][gc,heap        ] GC(144) DefNew: 57309K(314560K)->0K(314560K) Eden: 22365K(279616K)->0K(279616K) From: 34943K(34944K)->0K(34944K)
[27.855s][info][gc,heap        ] GC(144) Tenured: 26018K(699072K)->26018K(699072K)
[27.855s][info][gc,metaspace   ] GC(144) Metaspace: 8597K(8832K)->8597K(8832K) NonClass: 7446K(7552K)->7446K(7552K) Class: 1151K(1280K)->1151K(1280K)
[27.855s][info][gc             ] GC(144) Pause Full (System.gc()) 81M->25M(989M) 39.145ms
[27.855s][info][gc,cpu         ] GC(144) User=0.03s Sys=0.00s Real=0.03s
[27.999s][info][gc,start       ] GC(145) Pause Young (Allocation Failure)
[28.002s][info][gc,heap        ] GC(145) DefNew: 279616K(314560K)->965K(314560K) Eden: 279616K(279616K)->0K(279616K) From: 0K(34944K)->965K(34944K)
[28.002s][info][gc,heap        ] GC(145) Tenured: 26018K(699072K)->26018K(699072K)
[28.002s][info][gc,metaspace   ] GC(145) Metaspace: 8597K(8832K)->8597K(8832K) NonClass: 7446K(7552K)->7446K(7552K) Class: 1151K(1280K)->1151K(1280K)
[28.003s][info][gc             ] GC(145) Pause Young (Allocation Failure) 298M->26M(989M) 3.983ms
[28.003s][info][gc,cpu         ] GC(145) User=0.00s Sys=0.00s Real=0.00s
[28.137s][info][gc,start       ] GC(146) Pause Young (Allocation Failure)
[28.143s][info][gc,heap        ] GC(146) DefNew: 280581K(314560K)->1937K(314560K) Eden: 279616K(279616K)->0K(279616K) From: 965K(34944K)->1937K(34944K)
[28.143s][info][gc,heap        ] GC(146) Tenured: 26018K(699072K)->26018K(699072K)
[28.143s][info][gc,metaspace   ] GC(146) Metaspace: 8597K(8832K)->8597K(8832K) NonClass: 7446K(7552K)->7446K(7552K) Class: 1151K(1280K)->1151K(1280K)
[28.144s][info][gc             ] GC(146) Pause Young (Allocation Failure) 299M->27M(989M) 6.479ms
[28.144s][info][gc,cpu         ] GC(146) User=0.00s Sys=0.00s Real=0.00s
[28.272s][info][gc,start       ] GC(147) Pause Young (Allocation Failure)
[28.281s][info][gc,heap        ] GC(147) DefNew: 281553K(314560K)->2847K(314560K) Eden: 279616K(279616K)->0K(279616K) From: 1937K(34944K)->2847K(34944K)
[28.281s][info][gc,heap        ] GC(147) Tenured: 26018K(699072K)->26018K(699072K)
[28.281s][info][gc,metaspace   ] GC(147) Metaspace: 8597K(8832K)->8597K(8832K) NonClass: 7446K(7552K)->7446K(7552K) Class: 1151K(1280K)->1151K(1280K)
[28.281s][info][gc             ] GC(147) Pause Young (Allocation Failure) 300M->28M(989M) 8.495ms
[28.281s][info][gc,cpu         ] GC(147) User=0.00s Sys=0.00s Real=0.00s
[28.430s][info][gc,start       ] GC(148) Pause Young (Allocation Failure)
[28.442s][info][gc,heap        ] GC(148) DefNew: 282463K(314560K)->3686K(314560K) Eden: 279616K(279616K)->0K(279616K) From: 2847K(34944K)->3686K(34944K)
[28.442s][info][gc,heap        ] GC(148) Tenured: 26018K(699072K)->26018K(699072K)
[28.442s][info][gc,metaspace   ] GC(148) Metaspace: 8597K(8832K)->8597K(8832K) NonClass: 7446K(7552K)->7446K(7552K) Class: 1151K(1280K)->1151K(1280K)
[28.442s][info][gc             ] GC(148) Pause Young (Allocation Failure) 301M->29M(989M) 11.771ms
[28.442s][info][gc,cpu         ] GC(148) User=0.02s Sys=0.00s Real=0.01s
[28.633s][info][gc,start       ] GC(149) Pause Young (Allocation Failure)
[28.647s][info][gc,heap        ] GC(149) DefNew: 283302K(314560K)->4828K(314560K) Eden: 279616K(279616K)->0K(279616K) From: 3686K(34944K)->4828K(34944K)
[28.647s][info][gc,heap        ] GC(149) Tenured: 26018K(699072K)->26018K(699072K)
[28.647s][info][gc,metaspace   ] GC(149) Metaspace: 8597K(8832K)->8597K(8832K) NonClass: 7446K(7552K)->7446K(7552K) Class: 1151K(1280K)->1151K(1280K)
[28.647s][info][gc             ] GC(149) Pause Young (Allocation Failure) 302M->30M(989M) 14.761ms
[28.647s][info][gc,cpu         ] GC(149) User=0.02s Sys=0.00s Real=0.02s
[28.803s][info][gc,start       ] GC(150) Pause Young (Allocation Failure)
[28.816s][info][gc,heap        ] GC(150) DefNew: 284444K(314560K)->5746K(314560K) Eden: 279616K(279616K)->0K(279616K) From: 4828K(34944K)->5746K(34944K)
[28.816s][info][gc,heap        ] GC(150) Tenured: 26018K(699072K)->26018K(699072K)
[28.816s][info][gc,metaspace   ] GC(150) Metaspace: 8597K(8832K)->8597K(8832K) NonClass: 7446K(7552K)->7446K(7552K) Class: 1151K(1280K)->1151K(1280K)
[28.816s][info][gc             ] GC(150) Pause Young (Allocation Failure) 303M->31M(989M) 13.540ms
[28.816s][info][gc,cpu         ] GC(150) User=0.00s Sys=0.00s Real=0.00s
[28.965s][info][gc,start       ] GC(151) Pause Young (Allocation Failure)
[28.980s][info][gc,heap        ] GC(151) DefNew: 285362K(314560K)->6684K(314560K) Eden: 279616K(279616K)->0K(279616K) From: 5746K(34944K)->6684K(34944K)
[28.980s][info][gc,heap        ] GC(151) Tenured: 26018K(699072K)->26018K(699072K)
[28.980s][info][gc,metaspace   ] GC(151) Metaspace: 8597K(8832K)->8597K(8832K) NonClass: 7446K(7552K)->7446K(7552K) Class: 1151K(1280K)->1151K(1280K)
[28.980s][info][gc             ] GC(151) Pause Young (Allocation Failure) 304M->31M(989M) 15.326ms
[28.980s][info][gc,cpu         ] GC(151) User=0.00s Sys=0.00s Real=0.01s
[29.121s][info][gc,start       ] GC(152) Pause Young (Allocation Failure)
[29.139s][info][gc,heap        ] GC(152) DefNew: 286300K(314560K)->7534K(314560K) Eden: 279616K(279616K)->0K(279616K) From: 6684K(34944K)->7534K(34944K)
[29.139s][info][gc,heap        ] GC(152) Tenured: 26018K(699072K)->26018K(699072K)
[29.139s][info][gc,metaspace   ] GC(152) Metaspace: 8597K(8832K)->8597K(8832K) NonClass: 7446K(7552K)->7446K(7552K) Class: 1151K(1280K)->1151K(1280K)
[29.139s][info][gc             ] GC(152) Pause Young (Allocation Failure) 304M->32M(989M) 17.587ms
[29.139s][info][gc,cpu         ] GC(152) User=0.02s Sys=0.00s Real=0.02s
[29.273s][info][gc,start       ] GC(153) Pause Young (Allocation Failure)
[29.291s][info][gc,heap        ] GC(153) DefNew: 287150K(314560K)->8456K(314560K) Eden: 279616K(279616K)->0K(279616K) From: 7534K(34944K)->8456K(34944K)
[29.291s][info][gc,heap        ] GC(153) Tenured: 26018K(699072K)->26018K(699072K)
[29.291s][info][gc,metaspace   ] GC(153) Metaspace: 8597K(8832K)->8597K(8832K) NonClass: 7446K(7552K)->7446K(7552K) Class: 1151K(1280K)->1151K(1280K)
[29.291s][info][gc             ] GC(153) Pause Young (Allocation Failure) 305M->33M(989M) 18.354ms
[29.291s][info][gc,cpu         ] GC(153) User=0.03s Sys=0.00s Real=0.02s
[29.438s][info][gc,start       ] GC(154) Pause Young (Allocation Failure)
[29.462s][info][gc,heap        ] GC(154) DefNew: 288072K(314560K)->9509K(314560K) Eden: 279616K(279616K)->0K(279616K) From: 8456K(34944K)->9509K(34944K)
[29.462s][info][gc,heap        ] GC(154) Tenured: 26018K(699072K)->26018K(699072K)
[29.462s][info][gc,metaspace   ] GC(154) Metaspace: 8597K(8832K)->8597K(8832K) NonClass: 7446K(7552K)->7446K(7552K) Class: 1151K(1280K)->1151K(1280K)
[29.462s][info][gc             ] GC(154) Pause Young (Allocation Failure) 306M->34M(989M) 23.784ms
[29.462s][info][gc,cpu         ] GC(154) User=0.03s Sys=0.00s Real=0.03s
[29.607s][info][gc,start       ] GC(155) Pause Young (Allocation Failure)
[29.627s][info][gc,heap        ] GC(155) DefNew: 289125K(314560K)->10462K(314560K) Eden: 279616K(279616K)->0K(279616K) From: 9509K(34944K)->10462K(34944K)
[29.627s][info][gc,heap        ] GC(155) Tenured: 26018K(699072K)->26018K(699072K)
[29.627s][info][gc,metaspace   ] GC(155) Metaspace: 8597K(8832K)->8597K(8832K) NonClass: 7446K(7552K)->7446K(7552K) Class: 1151K(1280K)->1151K(1280K)
[29.627s][info][gc             ] GC(155) Pause Young (Allocation Failure) 307M->35M(989M) 19.950ms
[29.627s][info][gc,cpu         ] GC(155) User=0.03s Sys=0.00s Real=0.03s
[29.777s][info][gc,start       ] GC(156) Pause Young (Allocation Failure)
[29.799s][info][gc,heap        ] GC(156) DefNew: 290078K(314560K)->11394K(314560K) Eden: 279616K(279616K)->0K(279616K) From: 10462K(34944K)->11394K(34944K)
[29.799s][info][gc,heap        ] GC(156) Tenured: 26018K(699072K)->26018K(699072K)
[29.799s][info][gc,metaspace   ] GC(156) Metaspace: 8597K(8832K)->8597K(8832K) NonClass: 7446K(7552K)->7446K(7552K) Class: 1151K(1280K)->1151K(1280K)
[29.799s][info][gc             ] GC(156) Pause Young (Allocation Failure) 308M->36M(989M) 21.811ms
[29.799s][info][gc,cpu         ] GC(156) User=0.03s Sys=0.00s Real=0.03s
[29.946s][info][gc,start       ] GC(157) Pause Young (Allocation Failure)
[29.971s][info][gc,heap        ] GC(157) DefNew: 291010K(314560K)->12234K(314560K) Eden: 279616K(279616K)->0K(279616K) From: 11394K(34944K)->12234K(34944K)
[29.971s][info][gc,heap        ] GC(157) Tenured: 26018K(699072K)->26018K(699072K)
[29.971s][info][gc,metaspace   ] GC(157) Metaspace: 8597K(8832K)->8597K(8832K) NonClass: 7446K(7552K)->7446K(7552K) Class: 1151K(1280K)->1151K(1280K)
[29.971s][info][gc             ] GC(157) Pause Young (Allocation Failure) 309M->37M(989M) 24.972ms
[29.971s][info][gc,cpu         ] GC(157) User=0.03s Sys=0.00s Real=0.03s
[30.143s][info][gc,start       ] GC(158) Pause Young (Allocation Failure)
[30.176s][info][gc,heap        ] GC(158) DefNew: 291850K(314560K)->13328K(314560K) Eden: 279616K(279616K)->0K(279616K) From: 12234K(34944K)->13328K(34944K)
[30.176s][info][gc,heap        ] GC(158) Tenured: 26018K(699072K)->26018K(699072K)
[30.176s][info][gc,metaspace   ] GC(158) Metaspace: 8597K(8832K)->8597K(8832K) NonClass: 7446K(7552K)->7446K(7552K) Class: 1151K(1280K)->1151K(1280K)
[30.176s][info][gc             ] GC(158) Pause Young (Allocation Failure) 310M->38M(989M) 33.397ms
[30.176s][info][gc,cpu         ] GC(158) User=0.03s Sys=0.00s Real=0.03s
[30.320s][info][gc,start       ] GC(159) Pause Young (Allocation Failure)
[30.335s][info][gc,heap        ] GC(159) DefNew: 292944K(314560K)->14241K(314560K) Eden: 279616K(279616K)->0K(279616K) From: 13328K(34944K)->14241K(34944K)
[30.335s][info][gc,heap        ] GC(159) Tenured: 26018K(699072K)->26018K(699072K)
[30.335s][info][gc,metaspace   ] GC(159) Metaspace: 8597K(8832K)->8597K(8832K) NonClass: 7446K(7552K)->7446K(7552K) Class: 1151K(1280K)->1151K(1280K)
[30.335s][info][gc             ] GC(159) Pause Young (Allocation Failure) 311M->39M(989M) 14.357ms
[30.335s][info][gc,cpu         ] GC(159) User=0.02s Sys=0.00s Real=0.02s
[30.483s][info][gc,start       ] GC(160) Pause Young (Allocation Failure)
[30.509s][info][gc,heap        ] GC(160) DefNew: 293857K(314560K)->15195K(314560K) Eden: 279616K(279616K)->0K(279616K) From: 14241K(34944K)->15195K(34944K)
[30.509s][info][gc,heap        ] GC(160) Tenured: 26018K(699072K)->26023K(699072K)
[30.509s][info][gc,metaspace   ] GC(160) Metaspace: 8597K(8832K)->8597K(8832K) NonClass: 7446K(7552K)->7446K(7552K) Class: 1151K(1280K)->1151K(1280K)
[30.509s][info][gc             ] GC(160) Pause Young (Allocation Failure) 312M->40M(989M) 25.501ms
[30.509s][info][gc,cpu         ] GC(160) User=0.02s Sys=0.00s Real=0.02s
[30.660s][info][gc,start       ] GC(161) Pause Young (Allocation Failure)
[30.688s][info][gc,heap        ] GC(161) DefNew: 294811K(314560K)->16062K(314560K) Eden: 279616K(279616K)->0K(279616K) From: 15195K(34944K)->16062K(34944K)
[30.688s][info][gc,heap        ] GC(161) Tenured: 26023K(699072K)->26023K(699072K)
[30.688s][info][gc,metaspace   ] GC(161) Metaspace: 8597K(8832K)->8597K(8832K) NonClass: 7446K(7552K)->7446K(7552K) Class: 1151K(1280K)->1151K(1280K)
[30.688s][info][gc             ] GC(161) Pause Young (Allocation Failure) 313M->41M(989M) 28.217ms
[30.688s][info][gc,cpu         ] GC(161) User=0.03s Sys=0.00s Real=0.03s
[30.827s][info][gc,start       ] GC(162) Pause Young (Allocation Failure)
[30.858s][info][gc,heap        ] GC(162) DefNew: 295678K(314560K)->16963K(314560K) Eden: 279616K(279616K)->0K(279616K) From: 16062K(34944K)->16963K(34944K)
[30.858s][info][gc,heap        ] GC(162) Tenured: 26023K(699072K)->26023K(699072K)
[30.858s][info][gc,metaspace   ] GC(162) Metaspace: 8597K(8832K)->8597K(8832K) NonClass: 7446K(7552K)->7446K(7552K) Class: 1151K(1280K)->1151K(1280K)
[30.858s][info][gc             ] GC(162) Pause Young (Allocation Failure) 314M->41M(989M) 30.270ms
[30.858s][info][gc,cpu         ] GC(162) User=0.03s Sys=0.00s Real=0.03s
[31.012s][info][gc,start       ] GC(163) Pause Young (Allocation Failure)
[31.045s][info][gc,heap        ] GC(163) DefNew: 296579K(314560K)->18026K(314560K) Eden: 279616K(279616K)->0K(279616K) From: 16963K(34944K)->18026K(34944K)
[31.046s][info][gc,heap        ] GC(163) Tenured: 26023K(699072K)->26023K(699072K)
[31.046s][info][gc,metaspace   ] GC(163) Metaspace: 8597K(8832K)->8597K(8832K) NonClass: 7446K(7552K)->7446K(7552K) Class: 1151K(1280K)->1151K(1280K)
[31.046s][info][gc             ] GC(163) Pause Young (Allocation Failure) 315M->43M(989M) 33.859ms
[31.046s][info][gc,cpu         ] GC(163) User=0.03s Sys=0.00s Real=0.03s
[31.191s][info][gc,start       ] GC(164) Pause Young (Allocation Failure)
[31.222s][info][gc,heap        ] GC(164) DefNew: 297642K(314560K)->14655K(314560K) Eden: 279616K(279616K)->0K(279616K) From: 18026K(34944K)->14655K(34944K)
[31.222s][info][gc,heap        ] GC(164) Tenured: 26023K(699072K)->30349K(699072K)
[31.222s][info][gc,metaspace   ] GC(164) Metaspace: 8597K(8832K)->8597K(8832K) NonClass: 7446K(7552K)->7446K(7552K) Class: 1151K(1280K)->1151K(1280K)
[31.222s][info][gc             ] GC(164) Pause Young (Allocation Failure) 316M->43M(989M) 31.030ms
[31.222s][info][gc,cpu         ] GC(164) User=0.03s Sys=0.00s Real=0.03s
[31.367s][info][gc,start       ] GC(165) Pause Young (Allocation Failure)
[31.392s][info][gc,heap        ] GC(165) DefNew: 294271K(314560K)->15570K(314560K) Eden: 279616K(279616K)->0K(279616K) From: 14655K(34944K)->15570K(34944K)
[31.392s][info][gc,heap        ] GC(165) Tenured: 30349K(699072K)->30349K(699072K)
[31.392s][info][gc,metaspace   ] GC(165) Metaspace: 8597K(8832K)->8597K(8832K) NonClass: 7446K(7552K)->7446K(7552K) Class: 1151K(1280K)->1151K(1280K)
[31.392s][info][gc             ] GC(165) Pause Young (Allocation Failure) 317M->44M(989M) 25.159ms
[31.392s][info][gc,cpu         ] GC(165) User=0.02s Sys=0.00s Real=0.02s
[31.536s][info][gc,start       ] GC(166) Pause Young (Allocation Failure)
[31.565s][info][gc,heap        ] GC(166) DefNew: 295186K(314560K)->16419K(314560K) Eden: 279616K(279616K)->0K(279616K) From: 15570K(34944K)->16419K(34944K)
[31.565s][info][gc,heap        ] GC(166) Tenured: 30349K(699072K)->30349K(699072K)
[31.565s][info][gc,metaspace   ] GC(166) Metaspace: 8597K(8832K)->8597K(8832K) NonClass: 7446K(7552K)->7446K(7552K) Class: 1151K(1280K)->1151K(1280K)
[31.565s][info][gc             ] GC(166) Pause Young (Allocation Failure) 317M->45M(989M) 28.469ms
[31.565s][info][gc,cpu         ] GC(166) User=0.03s Sys=0.00s Real=0.03s
[32.021s][info][gc,start       ] GC(167) Pause Young (Allocation Failure)
[32.148s][info][gc,heap        ] GC(167) DefNew: 296035K(314560K)->34943K(314560K) Eden: 279616K(279616K)->0K(279616K) From: 16419K(34944K)->34943K(34944K)
[32.148s][info][gc,heap        ] GC(167) Tenured: 30349K(699072K)->48509K(699072K)
[32.148s][info][gc,metaspace   ] GC(167) Metaspace: 8597K(8832K)->8597K(8832K) NonClass: 7446K(7552K)->7446K(7552K) Class: 1151K(1280K)->1151K(1280K)
[32.148s][info][gc             ] GC(167) Pause Young (Allocation Failure) 318M->81M(989M) 127.917ms
[32.149s][info][gc,cpu         ] GC(167) User=0.14s Sys=0.00s Real=0.14s
[32.196s][info][gc,start       ] GC(168) Pause Full (System.gc())
[32.196s][info][gc,phases,start] GC(168) Phase 1: Mark live objects
[32.207s][info][gc,phases      ] GC(168) Phase 1: Mark live objects 11.103ms
[32.207s][info][gc,phases,start] GC(168) Phase 2: Compute new object addresses
[32.233s][info][gc,phases      ] GC(168) Phase 2: Compute new object addresses 26.008ms
[32.233s][info][gc,phases,start] GC(168) Phase 3: Adjust pointers
[32.236s][info][gc,phases      ] GC(168) Phase 3: Adjust pointers 2.847ms
[32.236s][info][gc,phases,start] GC(168) Phase 4: Move objects
[32.236s][info][gc,phases      ] GC(168) Phase 4: Move objects 0.012ms
[32.236s][info][gc,heap        ] GC(168) DefNew: 57309K(314560K)->0K(314560K) Eden: 22365K(279616K)->0K(279616K) From: 34943K(34944K)->0K(34944K)
[32.236s][info][gc,heap        ] GC(168) Tenured: 48509K(699072K)->3527K(699072K)
[32.236s][info][gc,metaspace   ] GC(168) Metaspace: 8597K(8832K)->8597K(8832K) NonClass: 7446K(7552K)->7446K(7552K) Class: 1151K(1280K)->1151K(1280K)
[32.236s][info][gc             ] GC(168) Pause Full (System.gc()) 103M->3M(989M) 40.313ms
[32.236s][info][gc,cpu         ] GC(168) User=0.03s Sys=0.00s Real=0.03s
[32.381s][info][gc,start       ] GC(169) Pause Young (Allocation Failure)
[32.385s][info][gc,heap        ] GC(169) DefNew: 279616K(314560K)->965K(314560K) Eden: 279616K(279616K)->0K(279616K) From: 0K(34944K)->965K(34944K)
[32.385s][info][gc,heap        ] GC(169) Tenured: 3527K(699072K)->3527K(699072K)
[32.385s][info][gc,metaspace   ] GC(169) Metaspace: 8600K(8832K)->8600K(8832K) NonClass: 7449K(7552K)->7449K(7552K) Class: 1151K(1280K)->1151K(1280K)
[32.385s][info][gc             ] GC(169) Pause Young (Allocation Failure) 276M->4M(989M) 4.106ms
[32.385s][info][gc,cpu         ] GC(169) User=0.02s Sys=0.00s Real=0.00s
[32.534s][info][gc,start       ] GC(170) Pause Young (Allocation Failure)
[32.541s][info][gc,heap        ] GC(170) DefNew: 280581K(314560K)->1937K(314560K) Eden: 279616K(279616K)->0K(279616K) From: 965K(34944K)->1937K(34944K)
[32.541s][info][gc,heap        ] GC(170) Tenured: 3527K(699072K)->3527K(699072K)
[32.541s][info][gc,metaspace   ] GC(170) Metaspace: 8600K(8832K)->8600K(8832K) NonClass: 7449K(7552K)->7449K(7552K) Class: 1151K(1280K)->1151K(1280K)
[32.541s][info][gc             ] GC(170) Pause Young (Allocation Failure) 277M->5M(989M) 6.697ms
[32.541s][info][gc,cpu         ] GC(170) User=0.00s Sys=0.02s Real=0.01s
[32.685s][info][gc,start       ] GC(171) Pause Young (Allocation Failure)
[32.694s][info][gc,heap        ] GC(171) DefNew: 281553K(314560K)->2847K(314560K) Eden: 279616K(279616K)->0K(279616K) From: 1937K(34944K)->2847K(34944K)
[32.694s][info][gc,heap        ] GC(171) Tenured: 3527K(699072K)->3527K(699072K)
[32.694s][info][gc,metaspace   ] GC(171) Metaspace: 8600K(8832K)->8600K(8832K) NonClass: 7449K(7552K)->7449K(7552K) Class: 1151K(1280K)->1151K(1280K)
[32.694s][info][gc             ] GC(171) Pause Young (Allocation Failure) 278M->6M(989M) 8.569ms
[32.694s][info][gc,cpu         ] GC(171) User=0.02s Sys=0.00s Real=0.01s
[32.829s][info][gc,start       ] GC(172) Pause Young (Allocation Failure)
[32.841s][info][gc,heap        ] GC(172) DefNew: 282463K(314560K)->3686K(314560K) Eden: 279616K(279616K)->0K(279616K) From: 2847K(34944K)->3686K(34944K)
[32.841s][info][gc,heap        ] GC(172) Tenured: 3527K(699072K)->3527K(699072K)
[32.841s][info][gc,metaspace   ] GC(172) Metaspace: 8600K(8832K)->8600K(8832K) NonClass: 7449K(7552K)->7449K(7552K) Class: 1151K(1280K)->1151K(1280K)
[32.841s][info][gc             ] GC(172) Pause Young (Allocation Failure) 279M->7M(989M) 11.614ms
[32.841s][info][gc,cpu         ] GC(172) User=0.02s Sys=0.00s Real=0.02s
[32.989s][info][gc,start       ] GC(173) Pause Young (Allocation Failure)
[33.007s][info][gc,heap        ] GC(173) DefNew: 283302K(314560K)->4828K(314560K) Eden: 279616K(279616K)->0K(279616K) From: 3686K(34944K)->4828K(34944K)
[33.007s][info][gc,heap        ] GC(173) Tenured: 3527K(699072K)->3527K(699072K)
[33.007s][info][gc,metaspace   ] GC(173) Metaspace: 8600K(8832K)->8600K(8832K) NonClass: 7449K(7552K)->7449K(7552K) Class: 1151K(1280K)->1151K(1280K)
[33.007s][info][gc             ] GC(173) Pause Young (Allocation Failure) 280M->8M(989M) 18.119ms
[33.007s][info][gc,cpu         ] GC(173) User=0.02s Sys=0.00s Real=0.02s
[33.145s][info][gc,start       ] GC(174) Pause Young (Allocation Failure)
[33.159s][info][gc,heap        ] GC(174) DefNew: 284444K(314560K)->5746K(314560K) Eden: 279616K(279616K)->0K(279616K) From: 4828K(34944K)->5746K(34944K)
[33.159s][info][gc,heap        ] GC(174) Tenured: 3527K(699072K)->3527K(699072K)
[33.159s][info][gc,metaspace   ] GC(174) Metaspace: 8600K(8832K)->8600K(8832K) NonClass: 7449K(7552K)->7449K(7552K) Class: 1151K(1280K)->1151K(1280K)
[33.159s][info][gc             ] GC(174) Pause Young (Allocation Failure) 281M->9M(989M) 13.879ms
[33.159s][info][gc,cpu         ] GC(174) User=0.02s Sys=0.00s Real=0.01s
[33.311s][info][gc,start       ] GC(175) Pause Young (Allocation Failure)
[33.328s][info][gc,heap        ] GC(175) DefNew: 285362K(314560K)->6684K(314560K) Eden: 279616K(279616K)->0K(279616K) From: 5746K(34944K)->6684K(34944K)
[33.328s][info][gc,heap        ] GC(175) Tenured: 3527K(699072K)->3527K(699072K)
[33.328s][info][gc,metaspace   ] GC(175) Metaspace: 8600K(8832K)->8600K(8832K) NonClass: 7449K(7552K)->7449K(7552K) Class: 1151K(1280K)->1151K(1280K)
[33.328s][info][gc             ] GC(175) Pause Young (Allocation Failure) 282M->9M(989M) 17.235ms
[33.328s][info][gc,cpu         ] GC(175) User=0.02s Sys=0.00s Real=0.02s
[33.478s][info][gc,start       ] GC(176) Pause Young (Allocation Failure)
[33.495s][info][gc,heap        ] GC(176) DefNew: 286300K(314560K)->7534K(314560K) Eden: 279616K(279616K)->0K(279616K) From: 6684K(34944K)->7534K(34944K)
[33.495s][info][gc,heap        ] GC(176) Tenured: 3527K(699072K)->3527K(699072K)
[33.495s][info][gc,metaspace   ] GC(176) Metaspace: 8600K(8832K)->8600K(8832K) NonClass: 7449K(7552K)->7449K(7552K) Class: 1151K(1280K)->1151K(1280K)
[33.495s][info][gc             ] GC(176) Pause Young (Allocation Failure) 283M->10M(989M) 16.413ms
[33.495s][info][gc,cpu         ] GC(176) User=0.02s Sys=0.00s Real=0.02s
[33.631s][info][gc,start       ] GC(177) Pause Young (Allocation Failure)
[33.650s][info][gc,heap        ] GC(177) DefNew: 287150K(314560K)->8456K(314560K) Eden: 279616K(279616K)->0K(279616K) From: 7534K(34944K)->8456K(34944K)
[33.650s][info][gc,heap        ] GC(177) Tenured: 3527K(699072K)->3527K(699072K)
[33.650s][info][gc,metaspace   ] GC(177) Metaspace: 8600K(8832K)->8600K(8832K) NonClass: 7449K(7552K)->7449K(7552K) Class: 1151K(1280K)->1151K(1280K)
[33.650s][info][gc             ] GC(177) Pause Young (Allocation Failure) 283M->11M(989M) 18.705ms
[33.650s][info][gc,cpu         ] GC(177) User=0.02s Sys=0.00s Real=0.02s
[33.798s][info][gc,start       ] GC(178) Pause Young (Allocation Failure)
[33.821s][info][gc,heap        ] GC(178) DefNew: 288072K(314560K)->9509K(314560K) Eden: 279616K(279616K)->0K(279616K) From: 8456K(34944K)->9509K(34944K)
[33.821s][info][gc,heap        ] GC(178) Tenured: 3527K(699072K)->3527K(699072K)
[33.821s][info][gc,metaspace   ] GC(178) Metaspace: 8600K(8832K)->8600K(8832K) NonClass: 7449K(7552K)->7449K(7552K) Class: 1151K(1280K)->1151K(1280K)
[33.821s][info][gc             ] GC(178) Pause Young (Allocation Failure) 284M->12M(989M) 23.166ms
[33.821s][info][gc,cpu         ] GC(178) User=0.02s Sys=0.00s Real=0.02s
[33.964s][info][gc,start       ] GC(179) Pause Young (Allocation Failure)
[33.986s][info][gc,heap        ] GC(179) DefNew: 289125K(314560K)->10462K(314560K) Eden: 279616K(279616K)->0K(279616K) From: 9509K(34944K)->10462K(34944K)
[33.986s][info][gc,heap        ] GC(179) Tenured: 3527K(699072K)->3527K(699072K)
[33.986s][info][gc,metaspace   ] GC(179) Metaspace: 8600K(8832K)->8600K(8832K) NonClass: 7449K(7552K)->7449K(7552K) Class: 1151K(1280K)->1151K(1280K)
[33.986s][info][gc             ] GC(179) Pause Young (Allocation Failure) 285M->13M(989M) 21.872ms
[33.986s][info][gc,cpu         ] GC(179) User=0.02s Sys=0.00s Real=0.02s
[34.127s][info][gc,start       ] GC(180) Pause Young (Allocation Failure)
[34.152s][info][gc,heap        ] GC(180) DefNew: 290078K(314560K)->11394K(314560K) Eden: 279616K(279616K)->0K(279616K) From: 10462K(34944K)->11394K(34944K)
[34.152s][info][gc,heap        ] GC(180) Tenured: 3527K(699072K)->3527K(699072K)
[34.152s][info][gc,metaspace   ] GC(180) Metaspace: 8600K(8832K)->8600K(8832K) NonClass: 7449K(7552K)->7449K(7552K) Class: 1151K(1280K)->1151K(1280K)
[34.152s][info][gc             ] GC(180) Pause Young (Allocation Failure) 286M->14M(989M) 25.249ms
[34.153s][info][gc,cpu         ] GC(180) User=0.03s Sys=0.00s Real=0.03s
[34.309s][info][gc,start       ] GC(181) Pause Young (Allocation Failure)
[34.334s][info][gc,heap        ] GC(181) DefNew: 291010K(314560K)->12234K(314560K) Eden: 279616K(279616K)->0K(279616K) From: 11394K(34944K)->12234K(34944K)
[34.334s][info][gc,heap        ] GC(181) Tenured: 3527K(699072K)->3527K(699072K)
[34.334s][info][gc,metaspace   ] GC(181) Metaspace: 8600K(8832K)->8600K(8832K) NonClass: 7449K(7552K)->7449K(7552K) Class: 1151K(1280K)->1151K(1280K)
[34.334s][info][gc             ] GC(181) Pause Young (Allocation Failure) 287M->15M(989M) 25.165ms
[34.334s][info][gc,cpu         ] GC(181) User=0.02s Sys=0.00s Real=0.03s
[34.514s][info][gc,start       ] GC(182) Pause Young (Allocation Failure)
[34.546s][info][gc,heap        ] GC(182) DefNew: 291850K(314560K)->13328K(314560K) Eden: 279616K(279616K)->0K(279616K) From: 12234K(34944K)->13328K(34944K)
[34.546s][info][gc,heap        ] GC(182) Tenured: 3527K(699072K)->3527K(699072K)
[34.546s][info][gc,metaspace   ] GC(182) Metaspace: 8600K(8832K)->8600K(8832K) NonClass: 7449K(7552K)->7449K(7552K) Class: 1151K(1280K)->1151K(1280K)
[34.546s][info][gc             ] GC(182) Pause Young (Allocation Failure) 288M->16M(989M) 31.971ms
[34.546s][info][gc,cpu         ] GC(182) User=0.03s Sys=0.00s Real=0.03s
[34.688s][info][gc,start       ] GC(183) Pause Young (Allocation Failure)
[34.713s][info][gc,heap        ] GC(183) DefNew: 292944K(314560K)->14241K(314560K) Eden: 279616K(279616K)->0K(279616K) From: 13328K(34944K)->14241K(34944K)
[34.713s][info][gc,heap        ] GC(183) Tenured: 3527K(699072K)->3527K(699072K)
[34.713s][info][gc,metaspace   ] GC(183) Metaspace: 8600K(8832K)->8600K(8832K) NonClass: 7449K(7552K)->7449K(7552K) Class: 1151K(1280K)->1151K(1280K)
[34.713s][info][gc             ] GC(183) Pause Young (Allocation Failure) 289M->17M(989M) 25.835ms
[34.713s][info][gc,cpu         ] GC(183) User=0.03s Sys=0.00s Real=0.03s
[34.882s][info][gc,start       ] GC(184) Pause Young (Allocation Failure)
[34.909s][info][gc,heap        ] GC(184) DefNew: 293857K(314560K)->15195K(314560K) Eden: 279616K(279616K)->0K(279616K) From: 14241K(34944K)->15195K(34944K)
[34.909s][info][gc,heap        ] GC(184) Tenured: 3527K(699072K)->3532K(699072K)
[34.909s][info][gc,metaspace   ] GC(184) Metaspace: 8600K(8832K)->8600K(8832K) NonClass: 7449K(7552K)->7449K(7552K) Class: 1151K(1280K)->1151K(1280K)
[34.909s][info][gc             ] GC(184) Pause Young (Allocation Failure) 290M->18M(989M) 26.352ms
[34.909s][info][gc,cpu         ] GC(184) User=0.03s Sys=0.00s Real=0.03s
[35.067s][info][gc,start       ] GC(185) Pause Young (Allocation Failure)
[35.092s][info][gc,heap        ] GC(185) DefNew: 294811K(314560K)->16062K(314560K) Eden: 279616K(279616K)->0K(279616K) From: 15195K(34944K)->16062K(34944K)
[35.092s][info][gc,heap        ] GC(185) Tenured: 3532K(699072K)->3532K(699072K)
[35.092s][info][gc,metaspace   ] GC(185) Metaspace: 8600K(8832K)->8600K(8832K) NonClass: 7449K(7552K)->7449K(7552K) Class: 1151K(1280K)->1151K(1280K)
[35.092s][info][gc             ] GC(185) Pause Young (Allocation Failure) 291M->19M(989M) 25.312ms
[35.092s][info][gc,cpu         ] GC(185) User=0.03s Sys=0.00s Real=0.02s
[35.238s][info][gc,start       ] GC(186) Pause Young (Allocation Failure)
[35.267s][info][gc,heap        ] GC(186) DefNew: 295678K(314560K)->16963K(314560K) Eden: 279616K(279616K)->0K(279616K) From: 16062K(34944K)->16963K(34944K)
[35.267s][info][gc,heap        ] GC(186) Tenured: 3532K(699072K)->3532K(699072K)
[35.267s][info][gc,metaspace   ] GC(186) Metaspace: 8600K(8832K)->8600K(8832K) NonClass: 7449K(7552K)->7449K(7552K) Class: 1151K(1280K)->1151K(1280K)
[35.267s][info][gc             ] GC(186) Pause Young (Allocation Failure) 292M->20M(989M) 28.481ms
[35.267s][info][gc,cpu         ] GC(186) User=0.03s Sys=0.00s Real=0.03s
[35.419s][info][gc,start       ] GC(187) Pause Young (Allocation Failure)
[35.452s][info][gc,heap        ] GC(187) DefNew: 296579K(314560K)->18026K(314560K) Eden: 279616K(279616K)->0K(279616K) From: 16963K(34944K)->18026K(34944K)
[35.452s][info][gc,heap        ] GC(187) Tenured: 3532K(699072K)->3532K(699072K)
[35.452s][info][gc,metaspace   ] GC(187) Metaspace: 8600K(8832K)->8600K(8832K) NonClass: 7449K(7552K)->7449K(7552K) Class: 1151K(1280K)->1151K(1280K)
[35.452s][info][gc             ] GC(187) Pause Young (Allocation Failure) 293M->21M(989M) 33.155ms
[35.452s][info][gc,cpu         ] GC(187) User=0.03s Sys=0.00s Real=0.03s
[35.617s][info][gc,start       ] GC(188) Pause Young (Allocation Failure)
[35.646s][info][gc,heap        ] GC(188) DefNew: 297642K(314560K)->14655K(314560K) Eden: 279616K(279616K)->0K(279616K) From: 18026K(34944K)->14655K(34944K)
[35.646s][info][gc,heap        ] GC(188) Tenured: 3532K(699072K)->7858K(699072K)
[35.646s][info][gc,metaspace   ] GC(188) Metaspace: 8600K(8832K)->8600K(8832K) NonClass: 7449K(7552K)->7449K(7552K) Class: 1151K(1280K)->1151K(1280K)
[35.646s][info][gc             ] GC(188) Pause Young (Allocation Failure) 294M->21M(989M) 29.273ms
[35.646s][info][gc,cpu         ] GC(188) User=0.03s Sys=0.00s Real=0.03s
[35.791s][info][gc,start       ] GC(189) Pause Young (Allocation Failure)
[35.816s][info][gc,heap        ] GC(189) DefNew: 294271K(314560K)->15570K(314560K) Eden: 279616K(279616K)->0K(279616K) From: 14655K(34944K)->15570K(34944K)
[35.816s][info][gc,heap        ] GC(189) Tenured: 7858K(699072K)->7858K(699072K)
[35.816s][info][gc,metaspace   ] GC(189) Metaspace: 8600K(8832K)->8600K(8832K) NonClass: 7449K(7552K)->7449K(7552K) Class: 1151K(1280K)->1151K(1280K)
[35.816s][info][gc             ] GC(189) Pause Young (Allocation Failure) 295M->22M(989M) 25.634ms
[35.816s][info][gc,cpu         ] GC(189) User=0.03s Sys=0.00s Real=0.02s
[35.977s][info][gc,start       ] GC(190) Pause Young (Allocation Failure)
[36.007s][info][gc,heap        ] GC(190) DefNew: 295186K(314560K)->16419K(314560K) Eden: 279616K(279616K)->0K(279616K) From: 15570K(34944K)->16419K(34944K)
[36.007s][info][gc,heap        ] GC(190) Tenured: 7858K(699072K)->7858K(699072K)
[36.007s][info][gc,metaspace   ] GC(190) Metaspace: 8600K(8832K)->8600K(8832K) NonClass: 7449K(7552K)->7449K(7552K) Class: 1151K(1280K)->1151K(1280K)
[36.007s][info][gc             ] GC(190) Pause Young (Allocation Failure) 295M->23M(989M) 30.023ms
[36.007s][info][gc,cpu         ] GC(190) User=0.03s Sys=0.00s Real=0.03s
[36.455s][info][gc,start       ] GC(191) Pause Young (Allocation Failure)
[36.585s][info][gc,heap        ] GC(191) DefNew: 296035K(314560K)->34943K(314560K) Eden: 279616K(279616K)->0K(279616K) From: 16419K(34944K)->34943K(34944K)
[36.586s][info][gc,heap        ] GC(191) Tenured: 7858K(699072K)->26018K(699072K)
[36.586s][info][gc,metaspace   ] GC(191) Metaspace: 8603K(8832K)->8603K(8832K) NonClass: 7452K(7552K)->7452K(7552K) Class: 1151K(1280K)->1151K(1280K)
[36.586s][info][gc             ] GC(191) Pause Young (Allocation Failure) 296M->59M(989M) 130.416ms
[36.586s][info][gc,cpu         ] GC(191) User=0.13s Sys=0.00s Real=0.13s
[36.634s][info][gc,start       ] GC(192) Pause Full (System.gc())
[36.634s][info][gc,phases,start] GC(192) Phase 1: Mark live objects
[36.645s][info][gc,phases      ] GC(192) Phase 1: Mark live objects 11.190ms
[36.645s][info][gc,phases,start] GC(192) Phase 2: Compute new object addresses
[36.668s][info][gc,phases      ] GC(192) Phase 2: Compute new object addresses 23.211ms
[36.668s][info][gc,phases,start] GC(192) Phase 3: Adjust pointers
[36.671s][info][gc,phases      ] GC(192) Phase 3: Adjust pointers 2.732ms
[36.671s][info][gc,phases,start] GC(192) Phase 4: Move objects
[36.671s][info][gc,phases      ] GC(192) Phase 4: Move objects 0.011ms
[36.671s][info][gc,heap        ] GC(192) DefNew: 57309K(314560K)->0K(314560K) Eden: 22365K(279616K)->0K(279616K) From: 34943K(34944K)->0K(34944K)
[36.671s][info][gc,heap        ] GC(192) Tenured: 26018K(699072K)->26018K(699072K)
[36.671s][info][gc,metaspace   ] GC(192) Metaspace: 8603K(8832K)->8603K(8832K) NonClass: 7452K(7552K)->7452K(7552K) Class: 1151K(1280K)->1151K(1280K)
[36.671s][info][gc             ] GC(192) Pause Full (System.gc()) 81M->25M(989M) 37.491ms
[36.671s][info][gc,cpu         ] GC(192) User=0.05s Sys=0.00s Real=0.04s
[36.815s][info][gc,start       ] GC(193) Pause Young (Allocation Failure)
[36.819s][info][gc,heap        ] GC(193) DefNew: 279616K(314560K)->965K(314560K) Eden: 279616K(279616K)->0K(279616K) From: 0K(34944K)->965K(34944K)
[36.819s][info][gc,heap        ] GC(193) Tenured: 26018K(699072K)->26018K(699072K)
[36.819s][info][gc,metaspace   ] GC(193) Metaspace: 8605K(8832K)->8605K(8832K) NonClass: 7454K(7552K)->7454K(7552K) Class: 1151K(1280K)->1151K(1280K)
[36.819s][info][gc             ] GC(193) Pause Young (Allocation Failure) 298M->26M(989M) 4.043ms
[36.819s][info][gc,cpu         ] GC(193) User=0.00s Sys=0.00s Real=0.00s
[36.969s][info][gc,start       ] GC(194) Pause Young (Allocation Failure)
[36.975s][info][gc,heap        ] GC(194) DefNew: 280581K(314560K)->1937K(314560K) Eden: 279616K(279616K)->0K(279616K) From: 965K(34944K)->1937K(34944K)
[36.975s][info][gc,heap        ] GC(194) Tenured: 26018K(699072K)->26018K(699072K)
[36.975s][info][gc,metaspace   ] GC(194) Metaspace: 8605K(8832K)->8605K(8832K) NonClass: 7454K(7552K)->7454K(7552K) Class: 1151K(1280K)->1151K(1280K)
[36.975s][info][gc             ] GC(194) Pause Young (Allocation Failure) 299M->27M(989M) 6.580ms
[36.975s][info][gc,cpu         ] GC(194) User=0.00s Sys=0.00s Real=0.01s
[37.107s][info][gc,start       ] GC(195) Pause Young (Allocation Failure)
[37.116s][info][gc,heap        ] GC(195) DefNew: 281553K(314560K)->2847K(314560K) Eden: 279616K(279616K)->0K(279616K) From: 1937K(34944K)->2847K(34944K)
[37.116s][info][gc,heap        ] GC(195) Tenured: 26018K(699072K)->26018K(699072K)
[37.116s][info][gc,metaspace   ] GC(195) Metaspace: 8605K(8832K)->8605K(8832K) NonClass: 7454K(7552K)->7454K(7552K) Class: 1151K(1280K)->1151K(1280K)
[37.116s][info][gc             ] GC(195) Pause Young (Allocation Failure) 300M->28M(989M) 8.492ms
[37.116s][info][gc,cpu         ] GC(195) User=0.02s Sys=0.00s Real=0.02s
[37.264s][info][gc,start       ] GC(196) Pause Young (Allocation Failure)
[37.275s][info][gc,heap        ] GC(196) DefNew: 282463K(314560K)->3686K(314560K) Eden: 279616K(279616K)->0K(279616K) From: 2847K(34944K)->3686K(34944K)
[37.275s][info][gc,heap        ] GC(196) Tenured: 26018K(699072K)->26018K(699072K)
[37.275s][info][gc,metaspace   ] GC(196) Metaspace: 8605K(8832K)->8605K(8832K) NonClass: 7454K(7552K)->7454K(7552K) Class: 1151K(1280K)->1151K(1280K)
[37.275s][info][gc             ] GC(196) Pause Young (Allocation Failure) 301M->29M(989M) 11.907ms
[37.276s][info][gc,cpu         ] GC(196) User=0.02s Sys=0.00s Real=0.01s
[37.420s][info][gc,start       ] GC(197) Pause Young (Allocation Failure)
[37.437s][info][gc,heap        ] GC(197) DefNew: 283302K(314560K)->4828K(314560K) Eden: 279616K(279616K)->0K(279616K) From: 3686K(34944K)->4828K(34944K)
[37.437s][info][gc,heap        ] GC(197) Tenured: 26018K(699072K)->26018K(699072K)
[37.437s][info][gc,metaspace   ] GC(197) Metaspace: 8605K(8832K)->8605K(8832K) NonClass: 7454K(7552K)->7454K(7552K) Class: 1151K(1280K)->1151K(1280K)
[37.437s][info][gc             ] GC(197) Pause Young (Allocation Failure) 302M->30M(989M) 16.319ms
[37.437s][info][gc,cpu         ] GC(197) User=0.02s Sys=0.00s Real=0.02s
[37.584s][info][gc,start       ] GC(198) Pause Young (Allocation Failure)
[37.591s][info][gc,heap        ] GC(198) DefNew: 284444K(314560K)->5746K(314560K) Eden: 279616K(279616K)->0K(279616K) From: 4828K(34944K)->5746K(34944K)
[37.591s][info][gc,heap        ] GC(198) Tenured: 26018K(699072K)->26018K(699072K)
[37.591s][info][gc,metaspace   ] GC(198) Metaspace: 8605K(8832K)->8605K(8832K) NonClass: 7454K(7552K)->7454K(7552K) Class: 1151K(1280K)->1151K(1280K)
[37.591s][info][gc             ] GC(198) Pause Young (Allocation Failure) 303M->31M(989M) 7.006ms
[37.591s][info][gc,cpu         ] GC(198) User=0.02s Sys=0.00s Real=0.01s
[37.742s][info][gc,start       ] GC(199) Pause Young (Allocation Failure)
[37.758s][info][gc,heap        ] GC(199) DefNew: 285362K(314560K)->6684K(314560K) Eden: 279616K(279616K)->0K(279616K) From: 5746K(34944K)->6684K(34944K)
[37.758s][info][gc,heap        ] GC(199) Tenured: 26018K(699072K)->26018K(699072K)
[37.758s][info][gc,metaspace   ] GC(199) Metaspace: 8605K(8832K)->8605K(8832K) NonClass: 7454K(7552K)->7454K(7552K) Class: 1151K(1280K)->1151K(1280K)
[37.758s][info][gc             ] GC(199) Pause Young (Allocation Failure) 304M->31M(989M) 16.152ms
[37.758s][info][gc,cpu         ] GC(199) User=0.02s Sys=0.00s Real=0.02s
[37.899s][info][gc,start       ] GC(200) Pause Young (Allocation Failure)
[37.916s][info][gc,heap        ] GC(200) DefNew: 286300K(314560K)->7534K(314560K) Eden: 279616K(279616K)->0K(279616K) From: 6684K(34944K)->7534K(34944K)
[37.916s][info][gc,heap        ] GC(200) Tenured: 26018K(699072K)->26018K(699072K)
[37.916s][info][gc,metaspace   ] GC(200) Metaspace: 8605K(8832K)->8605K(8832K) NonClass: 7454K(7552K)->7454K(7552K) Class: 1151K(1280K)->1151K(1280K)
[37.916s][info][gc             ] GC(200) Pause Young (Allocation Failure) 304M->32M(989M) 16.535ms
[37.916s][info][gc,cpu         ] GC(200) User=0.02s Sys=0.00s Real=0.02s
[38.051s][info][gc,start       ] GC(201) Pause Young (Allocation Failure)
[38.068s][info][gc,heap        ] GC(201) DefNew: 287150K(314560K)->8456K(314560K) Eden: 279616K(279616K)->0K(279616K) From: 7534K(34944K)->8456K(34944K)
[38.068s][info][gc,heap        ] GC(201) Tenured: 26018K(699072K)->26018K(699072K)
[38.068s][info][gc,metaspace   ] GC(201) Metaspace: 8605K(8832K)->8605K(8832K) NonClass: 7454K(7552K)->7454K(7552K) Class: 1151K(1280K)->1151K(1280K)
[38.068s][info][gc             ] GC(201) Pause Young (Allocation Failure) 305M->33M(989M) 16.944ms
[38.068s][info][gc,cpu         ] GC(201) User=0.02s Sys=0.00s Real=0.02s
[38.215s][info][gc,start       ] GC(202) Pause Young (Allocation Failure)
[38.239s][info][gc,heap        ] GC(202) DefNew: 288072K(314560K)->9509K(314560K) Eden: 279616K(279616K)->0K(279616K) From: 8456K(34944K)->9509K(34944K)
[38.239s][info][gc,heap        ] GC(202) Tenured: 26018K(699072K)->26018K(699072K)
[38.239s][info][gc,metaspace   ] GC(202) Metaspace: 8605K(8832K)->8605K(8832K) NonClass: 7454K(7552K)->7454K(7552K) Class: 1151K(1280K)->1151K(1280K)
[38.239s][info][gc             ] GC(202) Pause Young (Allocation Failure) 306M->34M(989M) 24.088ms
[38.239s][info][gc,cpu         ] GC(202) User=0.03s Sys=0.00s Real=0.04s
[38.386s][info][gc,start       ] GC(203) Pause Young (Allocation Failure)
[38.408s][info][gc,heap        ] GC(203) DefNew: 289125K(314560K)->10462K(314560K) Eden: 279616K(279616K)->0K(279616K) From: 9509K(34944K)->10462K(34944K)
[38.408s][info][gc,heap        ] GC(203) Tenured: 26018K(699072K)->26018K(699072K)
[38.408s][info][gc,metaspace   ] GC(203) Metaspace: 8605K(8832K)->8605K(8832K) NonClass: 7454K(7552K)->7454K(7552K) Class: 1151K(1280K)->1151K(1280K)
[38.408s][info][gc             ] GC(203) Pause Young (Allocation Failure) 307M->35M(989M) 21.939ms
[38.408s][info][gc,cpu         ] GC(203) User=0.02s Sys=0.00s Real=0.02s
[38.549s][info][gc,start       ] GC(204) Pause Young (Allocation Failure)
[38.572s][info][gc,heap        ] GC(204) DefNew: 290078K(314560K)->11394K(314560K) Eden: 279616K(279616K)->0K(279616K) From: 10462K(34944K)->11394K(34944K)
[38.573s][info][gc,heap        ] GC(204) Tenured: 26018K(699072K)->26018K(699072K)
[38.573s][info][gc,metaspace   ] GC(204) Metaspace: 8605K(8832K)->8605K(8832K) NonClass: 7454K(7552K)->7454K(7552K) Class: 1151K(1280K)->1151K(1280K)
[38.573s][info][gc             ] GC(204) Pause Young (Allocation Failure) 308M->36M(989M) 23.311ms
[38.573s][info][gc,cpu         ] GC(204) User=0.03s Sys=0.00s Real=0.02s
[38.737s][info][gc,start       ] GC(205) Pause Young (Allocation Failure)
[38.752s][info][gc,heap        ] GC(205) DefNew: 291010K(314560K)->12234K(314560K) Eden: 279616K(279616K)->0K(279616K) From: 11394K(34944K)->12234K(34944K)
[38.752s][info][gc,heap        ] GC(205) Tenured: 26018K(699072K)->26018K(699072K)
[38.752s][info][gc,metaspace   ] GC(205) Metaspace: 8605K(8832K)->8605K(8832K) NonClass: 7454K(7552K)->7454K(7552K) Class: 1151K(1280K)->1151K(1280K)
[38.752s][info][gc             ] GC(205) Pause Young (Allocation Failure) 309M->37M(989M) 14.998ms
[38.752s][info][gc,cpu         ] GC(205) User=0.02s Sys=0.00s Real=0.02s
[38.944s][info][gc,start       ] GC(206) Pause Young (Allocation Failure)
[38.978s][info][gc,heap        ] GC(206) DefNew: 291850K(314560K)->13328K(314560K) Eden: 279616K(279616K)->0K(279616K) From: 12234K(34944K)->13328K(34944K)
[38.978s][info][gc,heap        ] GC(206) Tenured: 26018K(699072K)->26018K(699072K)
[38.979s][info][gc,metaspace   ] GC(206) Metaspace: 8605K(8832K)->8605K(8832K) NonClass: 7454K(7552K)->7454K(7552K) Class: 1151K(1280K)->1151K(1280K)
[38.979s][info][gc             ] GC(206) Pause Young (Allocation Failure) 310M->38M(989M) 34.266ms
[38.979s][info][gc,cpu         ] GC(206) User=0.05s Sys=0.00s Real=0.04s
[39.124s][info][gc,start       ] GC(207) Pause Young (Allocation Failure)
[39.149s][info][gc,heap        ] GC(207) DefNew: 292944K(314560K)->14241K(314560K) Eden: 279616K(279616K)->0K(279616K) From: 13328K(34944K)->14241K(34944K)
[39.149s][info][gc,heap        ] GC(207) Tenured: 26018K(699072K)->26018K(699072K)
[39.149s][info][gc,metaspace   ] GC(207) Metaspace: 8605K(8832K)->8605K(8832K) NonClass: 7454K(7552K)->7454K(7552K) Class: 1151K(1280K)->1151K(1280K)
[39.149s][info][gc             ] GC(207) Pause Young (Allocation Failure) 311M->39M(989M) 25.625ms
[39.149s][info][gc,cpu         ] GC(207) User=0.02s Sys=0.00s Real=0.03s
[39.292s][info][gc,start       ] GC(208) Pause Young (Allocation Failure)
[39.319s][info][gc,heap        ] GC(208) DefNew: 293857K(314560K)->15195K(314560K) Eden: 279616K(279616K)->0K(279616K) From: 14241K(34944K)->15195K(34944K)
[39.319s][info][gc,heap        ] GC(208) Tenured: 26018K(699072K)->26023K(699072K)
[39.319s][info][gc,metaspace   ] GC(208) Metaspace: 8605K(8832K)->8605K(8832K) NonClass: 7454K(7552K)->7454K(7552K) Class: 1151K(1280K)->1151K(1280K)
[39.319s][info][gc             ] GC(208) Pause Young (Allocation Failure) 312M->40M(989M) 26.942ms
[39.319s][info][gc,cpu         ] GC(208) User=0.02s Sys=0.00s Real=0.03s
[39.470s][info][gc,start       ] GC(209) Pause Young (Allocation Failure)
[39.496s][info][gc,heap        ] GC(209) DefNew: 294811K(314560K)->16062K(314560K) Eden: 279616K(279616K)->0K(279616K) From: 15195K(34944K)->16062K(34944K)
[39.496s][info][gc,heap        ] GC(209) Tenured: 26023K(699072K)->26023K(699072K)
[39.496s][info][gc,metaspace   ] GC(209) Metaspace: 8605K(8832K)->8605K(8832K) NonClass: 7454K(7552K)->7454K(7552K) Class: 1151K(1280K)->1151K(1280K)
[39.496s][info][gc             ] GC(209) Pause Young (Allocation Failure) 313M->41M(989M) 26.623ms
[39.496s][info][gc,cpu         ] GC(209) User=0.03s Sys=0.00s Real=0.03s
[39.658s][info][gc,start       ] GC(210) Pause Young (Allocation Failure)
[39.675s][info][gc,heap        ] GC(210) DefNew: 295678K(314560K)->16963K(314560K) Eden: 279616K(279616K)->0K(279616K) From: 16062K(34944K)->16963K(34944K)
[39.675s][info][gc,heap        ] GC(210) Tenured: 26023K(699072K)->26023K(699072K)
[39.675s][info][gc,metaspace   ] GC(210) Metaspace: 8605K(8832K)->8605K(8832K) NonClass: 7454K(7552K)->7454K(7552K) Class: 1151K(1280K)->1151K(1280K)
[39.675s][info][gc             ] GC(210) Pause Young (Allocation Failure) 314M->41M(989M) 16.962ms
[39.675s][info][gc,cpu         ] GC(210) User=0.02s Sys=0.00s Real=0.02s
[39.831s][info][gc,start       ] GC(211) Pause Young (Allocation Failure)
[39.864s][info][gc,heap        ] GC(211) DefNew: 296579K(314560K)->18026K(314560K) Eden: 279616K(279616K)->0K(279616K) From: 16963K(34944K)->18026K(34944K)
[39.864s][info][gc,heap        ] GC(211) Tenured: 26023K(699072K)->26023K(699072K)
[39.864s][info][gc,metaspace   ] GC(211) Metaspace: 8605K(8832K)->8605K(8832K) NonClass: 7454K(7552K)->7454K(7552K) Class: 1151K(1280K)->1151K(1280K)
[39.864s][info][gc             ] GC(211) Pause Young (Allocation Failure) 315M->43M(989M) 33.240ms
[39.864s][info][gc,cpu         ] GC(211) User=0.05s Sys=0.00s Real=0.05s
[40.032s][info][gc,start       ] GC(212) Pause Young (Allocation Failure)
[40.060s][info][gc,heap        ] GC(212) DefNew: 297642K(314560K)->14655K(314560K) Eden: 279616K(279616K)->0K(279616K) From: 18026K(34944K)->14655K(34944K)
[40.061s][info][gc,heap        ] GC(212) Tenured: 26023K(699072K)->30349K(699072K)
[40.061s][info][gc,metaspace   ] GC(212) Metaspace: 8605K(8832K)->8605K(8832K) NonClass: 7454K(7552K)->7454K(7552K) Class: 1151K(1280K)->1151K(1280K)
[40.061s][info][gc             ] GC(212) Pause Young (Allocation Failure) 316M->43M(989M) 28.828ms
[40.061s][info][gc,cpu         ] GC(212) User=0.03s Sys=0.00s Real=0.03s
[40.204s][info][gc,start       ] GC(213) Pause Young (Allocation Failure)
[40.234s][info][gc,heap        ] GC(213) DefNew: 294271K(314560K)->15570K(314560K) Eden: 279616K(279616K)->0K(279616K) From: 14655K(34944K)->15570K(34944K)
[40.234s][info][gc,heap        ] GC(213) Tenured: 30349K(699072K)->30349K(699072K)
[40.234s][info][gc,metaspace   ] GC(213) Metaspace: 8605K(8832K)->8605K(8832K) NonClass: 7454K(7552K)->7454K(7552K) Class: 1151K(1280K)->1151K(1280K)
[40.234s][info][gc             ] GC(213) Pause Young (Allocation Failure) 317M->44M(989M) 30.349ms
[40.234s][info][gc,cpu         ] GC(213) User=0.05s Sys=0.00s Real=0.04s
[40.380s][info][gc,start       ] GC(214) Pause Young (Allocation Failure)
[40.410s][info][gc,heap        ] GC(214) DefNew: 295186K(314560K)->16419K(314560K) Eden: 279616K(279616K)->0K(279616K) From: 15570K(34944K)->16419K(34944K)
[40.410s][info][gc,heap        ] GC(214) Tenured: 30349K(699072K)->30349K(699072K)
[40.410s][info][gc,metaspace   ] GC(214) Metaspace: 8605K(8832K)->8605K(8832K) NonClass: 7454K(7552K)->7454K(7552K) Class: 1151K(1280K)->1151K(1280K)
[40.410s][info][gc             ] GC(214) Pause Young (Allocation Failure) 317M->45M(989M) 29.793ms
[40.410s][info][gc,cpu         ] GC(214) User=0.03s Sys=0.00s Real=0.03s
[40.861s][info][gc,start       ] GC(215) Pause Young (Allocation Failure)
[40.999s][info][gc,heap        ] GC(215) DefNew: 296035K(314560K)->34943K(314560K) Eden: 279616K(279616K)->0K(279616K) From: 16419K(34944K)->34943K(34944K)
[40.999s][info][gc,heap        ] GC(215) Tenured: 30349K(699072K)->48509K(699072K)
[40.999s][info][gc,metaspace   ] GC(215) Metaspace: 8605K(8832K)->8605K(8832K) NonClass: 7454K(7552K)->7454K(7552K) Class: 1151K(1280K)->1151K(1280K)
[40.999s][info][gc             ] GC(215) Pause Young (Allocation Failure) 318M->81M(989M) 137.318ms
[40.999s][info][gc,cpu         ] GC(215) User=0.13s Sys=0.00s Real=0.13s
[41.047s][info][gc,start       ] GC(216) Pause Full (System.gc())
[41.047s][info][gc,phases,start] GC(216) Phase 1: Mark live objects
[41.058s][info][gc,phases      ] GC(216) Phase 1: Mark live objects 10.936ms
[41.058s][info][gc,phases,start] GC(216) Phase 2: Compute new object addresses
[41.081s][info][gc,phases      ] GC(216) Phase 2: Compute new object addresses 23.316ms
[41.082s][info][gc,phases,start] GC(216) Phase 3: Adjust pointers
[41.084s][info][gc,phases      ] GC(216) Phase 3: Adjust pointers 2.699ms
[41.084s][info][gc,phases,start] GC(216) Phase 4: Move objects
[41.084s][info][gc,phases      ] GC(216) Phase 4: Move objects 0.011ms
[41.084s][info][gc,heap        ] GC(216) DefNew: 57309K(314560K)->0K(314560K) Eden: 22365K(279616K)->0K(279616K) From: 34943K(34944K)->0K(34944K)
[41.084s][info][gc,heap        ] GC(216) Tenured: 48509K(699072K)->3527K(699072K)
[41.084s][info][gc,metaspace   ] GC(216) Metaspace: 8606K(8832K)->8606K(8832K) NonClass: 7454K(7552K)->7454K(7552K) Class: 1151K(1280K)->1151K(1280K)
[41.084s][info][gc             ] GC(216) Pause Full (System.gc()) 103M->3M(989M) 37.332ms
[41.084s][info][gc,cpu         ] GC(216) User=0.05s Sys=0.00s Real=0.05s
[41.228s][info][gc,start       ] GC(217) Pause Young (Allocation Failure)
[41.231s][info][gc,heap        ] GC(217) DefNew: 279616K(314560K)->965K(314560K) Eden: 279616K(279616K)->0K(279616K) From: 0K(34944K)->965K(34944K)
[41.231s][info][gc,heap        ] GC(217) Tenured: 3527K(699072K)->3527K(699072K)
[41.231s][info][gc,metaspace   ] GC(217) Metaspace: 8606K(8832K)->8606K(8832K) NonClass: 7455K(7552K)->7455K(7552K) Class: 1151K(1280K)->1151K(1280K)
[41.232s][info][gc             ] GC(217) Pause Young (Allocation Failure) 276M->4M(989M) 3.934ms
[41.232s][info][gc,cpu         ] GC(217) User=0.00s Sys=0.00s Real=0.00s
[41.367s][info][gc,start       ] GC(218) Pause Young (Allocation Failure)
[41.373s][info][gc,heap        ] GC(218) DefNew: 280581K(314560K)->1937K(314560K) Eden: 279616K(279616K)->0K(279616K) From: 965K(34944K)->1937K(34944K)
[41.373s][info][gc,heap        ] GC(218) Tenured: 3527K(699072K)->3527K(699072K)
[41.373s][info][gc,metaspace   ] GC(218) Metaspace: 8606K(8832K)->8606K(8832K) NonClass: 7455K(7552K)->7455K(7552K) Class: 1151K(1280K)->1151K(1280K)
[41.373s][info][gc             ] GC(218) Pause Young (Allocation Failure) 277M->5M(989M) 6.544ms
[41.373s][info][gc,cpu         ] GC(218) User=0.02s Sys=0.00s Real=0.01s
[41.520s][info][gc,start       ] GC(219) Pause Young (Allocation Failure)
[41.529s][info][gc,heap        ] GC(219) DefNew: 281553K(314560K)->2847K(314560K) Eden: 279616K(279616K)->0K(279616K) From: 1937K(34944K)->2847K(34944K)
[41.529s][info][gc,heap        ] GC(219) Tenured: 3527K(699072K)->3527K(699072K)
[41.529s][info][gc,metaspace   ] GC(219) Metaspace: 8606K(8832K)->8606K(8832K) NonClass: 7455K(7552K)->7455K(7552K) Class: 1151K(1280K)->1151K(1280K)
[41.529s][info][gc             ] GC(219) Pause Young (Allocation Failure) 278M->6M(989M) 8.593ms
[41.529s][info][gc,cpu         ] GC(219) User=0.02s Sys=0.00s Real=0.02s
[41.676s][info][gc,start       ] GC(220) Pause Young (Allocation Failure)
[41.687s][info][gc,heap        ] GC(220) DefNew: 282463K(314560K)->3686K(314560K) Eden: 279616K(279616K)->0K(279616K) From: 2847K(34944K)->3686K(34944K)
[41.687s][info][gc,heap        ] GC(220) Tenured: 3527K(699072K)->3527K(699072K)
[41.687s][info][gc,metaspace   ] GC(220) Metaspace: 8606K(8832K)->8606K(8832K) NonClass: 7455K(7552K)->7455K(7552K) Class: 1151K(1280K)->1151K(1280K)
[41.688s][info][gc             ] GC(220) Pause Young (Allocation Failure) 279M->7M(989M) 11.749ms
[41.688s][info][gc,cpu         ] GC(220) User=0.00s Sys=0.00s Real=0.00s
[41.831s][info][gc,start       ] GC(221) Pause Young (Allocation Failure)
[41.845s][info][gc,heap        ] GC(221) DefNew: 283302K(314560K)->4828K(314560K) Eden: 279616K(279616K)->0K(279616K) From: 3686K(34944K)->4828K(34944K)
[41.845s][info][gc,heap        ] GC(221) Tenured: 3527K(699072K)->3527K(699072K)
[41.846s][info][gc,metaspace   ] GC(221) Metaspace: 8606K(8832K)->8606K(8832K) NonClass: 7455K(7552K)->7455K(7552K) Class: 1151K(1280K)->1151K(1280K)
[41.846s][info][gc             ] GC(221) Pause Young (Allocation Failure) 280M->8M(989M) 14.157ms
[41.846s][info][gc,cpu         ] GC(221) User=0.02s Sys=0.00s Real=0.02s
[41.981s][info][gc,start       ] GC(222) Pause Young (Allocation Failure)
[41.994s][info][gc,heap        ] GC(222) DefNew: 284444K(314560K)->5746K(314560K) Eden: 279616K(279616K)->0K(279616K) From: 4828K(34944K)->5746K(34944K)
[41.994s][info][gc,heap        ] GC(222) Tenured: 3527K(699072K)->3527K(699072K)
[41.994s][info][gc,metaspace   ] GC(222) Metaspace: 8606K(8832K)->8606K(8832K) NonClass: 7455K(7552K)->7455K(7552K) Class: 1151K(1280K)->1151K(1280K)
[41.995s][info][gc             ] GC(222) Pause Young (Allocation Failure) 281M->9M(989M) 13.341ms
[41.995s][info][gc,cpu         ] GC(222) User=0.02s Sys=0.00s Real=0.02s
[42.132s][info][gc,start       ] GC(223) Pause Young (Allocation Failure)
[42.147s][info][gc,heap        ] GC(223) DefNew: 285362K(314560K)->6684K(314560K) Eden: 279616K(279616K)->0K(279616K) From: 5746K(34944K)->6684K(34944K)
[42.147s][info][gc,heap        ] GC(223) Tenured: 3527K(699072K)->3527K(699072K)
[42.147s][info][gc,metaspace   ] GC(223) Metaspace: 8606K(8832K)->8606K(8832K) NonClass: 7455K(7552K)->7455K(7552K) Class: 1151K(1280K)->1151K(1280K)
[42.147s][info][gc             ] GC(223) Pause Young (Allocation Failure) 282M->9M(989M) 15.341ms
[42.147s][info][gc,cpu         ] GC(223) User=0.02s Sys=0.00s Real=0.01s
[42.306s][info][gc,start       ] GC(224) Pause Young (Allocation Failure)
[42.324s][info][gc,heap        ] GC(224) DefNew: 286300K(314560K)->7534K(314560K) Eden: 279616K(279616K)->0K(279616K) From: 6684K(34944K)->7534K(34944K)
[42.324s][info][gc,heap        ] GC(224) Tenured: 3527K(699072K)->3527K(699072K)
[42.324s][info][gc,metaspace   ] GC(224) Metaspace: 8606K(8832K)->8606K(8832K) NonClass: 7455K(7552K)->7455K(7552K) Class: 1151K(1280K)->1151K(1280K)
[42.324s][info][gc             ] GC(224) Pause Young (Allocation Failure) 283M->10M(989M) 18.228ms
[42.325s][info][gc,cpu         ] GC(224) User=0.02s Sys=0.00s Real=0.02s
[42.469s][info][gc,start       ] GC(225) Pause Young (Allocation Failure)
[42.488s][info][gc,heap        ] GC(225) DefNew: 287150K(314560K)->8456K(314560K) Eden: 279616K(279616K)->0K(279616K) From: 7534K(34944K)->8456K(34944K)
[42.488s][info][gc,heap        ] GC(225) Tenured: 3527K(699072K)->3527K(699072K)
[42.488s][info][gc,metaspace   ] GC(225) Metaspace: 8606K(8832K)->8606K(8832K) NonClass: 7455K(7552K)->7455K(7552K) Class: 1151K(1280K)->1151K(1280K)
[42.488s][info][gc             ] GC(225) Pause Young (Allocation Failure) 283M->11M(989M) 18.908ms
[42.488s][info][gc,cpu         ] GC(225) User=0.02s Sys=0.00s Real=0.02s
[42.636s][info][gc,start       ] GC(226) Pause Young (Allocation Failure)
[42.660s][info][gc,heap        ] GC(226) DefNew: 288072K(314560K)->9509K(314560K) Eden: 279616K(279616K)->0K(279616K) From: 8456K(34944K)->9509K(34944K)
[42.660s][info][gc,heap        ] GC(226) Tenured: 3527K(699072K)->3527K(699072K)
[42.660s][info][gc,metaspace   ] GC(226) Metaspace: 8606K(8832K)->8606K(8832K) NonClass: 7455K(7552K)->7455K(7552K) Class: 1151K(1280K)->1151K(1280K)
[42.660s][info][gc             ] GC(226) Pause Young (Allocation Failure) 284M->12M(989M) 23.890ms
[42.660s][info][gc,cpu         ] GC(226) User=0.02s Sys=0.00s Real=0.02s
[42.806s][info][gc,start       ] GC(227) Pause Young (Allocation Failure)
[42.872s][info][gc,heap        ] GC(227) DefNew: 289125K(314560K)->10462K(314560K) Eden: 279616K(279616K)->0K(279616K) From: 9509K(34944K)->10462K(34944K)
[42.872s][info][gc,heap        ] GC(227) Tenured: 3527K(699072K)->3527K(699072K)
[42.872s][info][gc,metaspace   ] GC(227) Metaspace: 8606K(8832K)->8606K(8832K) NonClass: 7455K(7552K)->7455K(7552K) Class: 1151K(1280K)->1151K(1280K)
[42.872s][info][gc             ] GC(227) Pause Young (Allocation Failure) 285M->13M(989M) 66.382ms
[42.872s][info][gc,cpu         ] GC(227) User=0.03s Sys=0.00s Real=0.07s
[43.035s][info][gc,start       ] GC(228) Pause Young (Allocation Failure)
[43.057s][info][gc,heap        ] GC(228) DefNew: 290078K(314560K)->11394K(314560K) Eden: 279616K(279616K)->0K(279616K) From: 10462K(34944K)->11394K(34944K)
[43.057s][info][gc,heap        ] GC(228) Tenured: 3527K(699072K)->3527K(699072K)
[43.057s][info][gc,metaspace   ] GC(228) Metaspace: 8606K(8832K)->8606K(8832K) NonClass: 7455K(7552K)->7455K(7552K) Class: 1151K(1280K)->1151K(1280K)
[43.057s][info][gc             ] GC(228) Pause Young (Allocation Failure) 286M->14M(989M) 22.075ms
[43.057s][info][gc,cpu         ] GC(228) User=0.02s Sys=0.00s Real=0.02s
[43.218s][info][gc,start       ] GC(229) Pause Young (Allocation Failure)
[43.241s][info][gc,heap        ] GC(229) DefNew: 291010K(314560K)->12234K(314560K) Eden: 279616K(279616K)->0K(279616K) From: 11394K(34944K)->12234K(34944K)
[43.241s][info][gc,heap        ] GC(229) Tenured: 3527K(699072K)->3527K(699072K)
[43.241s][info][gc,metaspace   ] GC(229) Metaspace: 8606K(8832K)->8606K(8832K) NonClass: 7455K(7552K)->7455K(7552K) Class: 1151K(1280K)->1151K(1280K)
[43.241s][info][gc             ] GC(229) Pause Young (Allocation Failure) 287M->15M(989M) 22.752ms
[43.241s][info][gc,cpu         ] GC(229) User=0.02s Sys=0.00s Real=0.02s
[43.418s][info][gc,start       ] GC(230) Pause Young (Allocation Failure)
[43.449s][info][gc,heap        ] GC(230) DefNew: 291850K(314560K)->13328K(314560K) Eden: 279616K(279616K)->0K(279616K) From: 12234K(34944K)->13328K(34944K)
[43.449s][info][gc,heap        ] GC(230) Tenured: 3527K(699072K)->3527K(699072K)
[43.449s][info][gc,metaspace   ] GC(230) Metaspace: 8606K(8832K)->8606K(8832K) NonClass: 7455K(7552K)->7455K(7552K) Class: 1151K(1280K)->1151K(1280K)
[43.449s][info][gc             ] GC(230) Pause Young (Allocation Failure) 288M->16M(989M) 30.799ms
[43.449s][info][gc,cpu         ] GC(230) User=0.03s Sys=0.00s Real=0.03s
[43.587s][info][gc,start       ] GC(231) Pause Young (Allocation Failure)
[43.612s][info][gc,heap        ] GC(231) DefNew: 292944K(314560K)->14241K(314560K) Eden: 279616K(279616K)->0K(279616K) From: 13328K(34944K)->14241K(34944K)
[43.612s][info][gc,heap        ] GC(231) Tenured: 3527K(699072K)->3527K(699072K)
[43.612s][info][gc,metaspace   ] GC(231) Metaspace: 8606K(8832K)->8606K(8832K) NonClass: 7455K(7552K)->7455K(7552K) Class: 1151K(1280K)->1151K(1280K)
[43.612s][info][gc             ] GC(231) Pause Young (Allocation Failure) 289M->17M(989M) 25.116ms
[43.612s][info][gc,cpu         ] GC(231) User=0.03s Sys=0.00s Real=0.03s
[43.769s][info][gc,start       ] GC(232) Pause Young (Allocation Failure)
[43.795s][info][gc,heap        ] GC(232) DefNew: 293857K(314560K)->15195K(314560K) Eden: 279616K(279616K)->0K(279616K) From: 14241K(34944K)->15195K(34944K)
[43.795s][info][gc,heap        ] GC(232) Tenured: 3527K(699072K)->3532K(699072K)
[43.795s][info][gc,metaspace   ] GC(232) Metaspace: 8606K(8832K)->8606K(8832K) NonClass: 7455K(7552K)->7455K(7552K) Class: 1151K(1280K)->1151K(1280K)
[43.795s][info][gc             ] GC(232) Pause Young (Allocation Failure) 290M->18M(989M) 25.880ms
[43.795s][info][gc,cpu         ] GC(232) User=0.03s Sys=0.00s Real=0.03s
[43.947s][info][gc,start       ] GC(233) Pause Young (Allocation Failure)
[43.975s][info][gc,heap        ] GC(233) DefNew: 294811K(314560K)->16062K(314560K) Eden: 279616K(279616K)->0K(279616K) From: 15195K(34944K)->16062K(34944K)
[43.976s][info][gc,heap        ] GC(233) Tenured: 3532K(699072K)->3532K(699072K)
[43.976s][info][gc,metaspace   ] GC(233) Metaspace: 8606K(8832K)->8606K(8832K) NonClass: 7455K(7552K)->7455K(7552K) Class: 1151K(1280K)->1151K(1280K)
[43.976s][info][gc             ] GC(233) Pause Young (Allocation Failure) 291M->19M(989M) 28.296ms
[43.976s][info][gc,cpu         ] GC(233) User=0.03s Sys=0.00s Real=0.03s
[44.116s][info][gc,start       ] GC(234) Pause Young (Allocation Failure)
[44.146s][info][gc,heap        ] GC(234) DefNew: 295678K(314560K)->16963K(314560K) Eden: 279616K(279616K)->0K(279616K) From: 16062K(34944K)->16963K(34944K)
[44.146s][info][gc,heap        ] GC(234) Tenured: 3532K(699072K)->3532K(699072K)
[44.146s][info][gc,metaspace   ] GC(234) Metaspace: 8606K(8832K)->8606K(8832K) NonClass: 7455K(7552K)->7455K(7552K) Class: 1151K(1280K)->1151K(1280K)
[44.146s][info][gc             ] GC(234) Pause Young (Allocation Failure) 292M->20M(989M) 30.113ms
[44.146s][info][gc,cpu         ] GC(234) User=0.03s Sys=0.00s Real=0.03s
[44.300s][info][gc,start       ] GC(235) Pause Young (Allocation Failure)
[44.334s][info][gc,heap        ] GC(235) DefNew: 296579K(314560K)->18026K(314560K) Eden: 279616K(279616K)->0K(279616K) From: 16963K(34944K)->18026K(34944K)
[44.334s][info][gc,heap        ] GC(235) Tenured: 3532K(699072K)->3532K(699072K)
[44.334s][info][gc,metaspace   ] GC(235) Metaspace: 8606K(8832K)->8606K(8832K) NonClass: 7455K(7552K)->7455K(7552K) Class: 1151K(1280K)->1151K(1280K)
[44.334s][info][gc             ] GC(235) Pause Young (Allocation Failure) 293M->21M(989M) 34.468ms
[44.334s][info][gc,cpu         ] GC(235) User=0.03s Sys=0.00s Real=0.03s
[44.480s][info][gc,start       ] GC(236) Pause Young (Allocation Failure)
[44.510s][info][gc,heap        ] GC(236) DefNew: 297642K(314560K)->14655K(314560K) Eden: 279616K(279616K)->0K(279616K) From: 18026K(34944K)->14655K(34944K)
[44.510s][info][gc,heap        ] GC(236) Tenured: 3532K(699072K)->7858K(699072K)
[44.510s][info][gc,metaspace   ] GC(236) Metaspace: 8606K(8832K)->8606K(8832K) NonClass: 7455K(7552K)->7455K(7552K) Class: 1151K(1280K)->1151K(1280K)
[44.510s][info][gc             ] GC(236) Pause Young (Allocation Failure) 294M->21M(989M) 30.582ms
[44.510s][info][gc,cpu         ] GC(236) User=0.03s Sys=0.00s Real=0.03s
[44.668s][info][gc,start       ] GC(237) Pause Young (Allocation Failure)
[44.697s][info][gc,heap        ] GC(237) DefNew: 294271K(314560K)->15570K(314560K) Eden: 279616K(279616K)->0K(279616K) From: 14655K(34944K)->15570K(34944K)
[44.697s][info][gc,heap        ] GC(237) Tenured: 7858K(699072K)->7858K(699072K)
[44.697s][info][gc,metaspace   ] GC(237) Metaspace: 8606K(8832K)->8606K(8832K) NonClass: 7455K(7552K)->7455K(7552K) Class: 1151K(1280K)->1151K(1280K)
[44.697s][info][gc             ] GC(237) Pause Young (Allocation Failure) 295M->22M(989M) 28.248ms
[44.697s][info][gc,cpu         ] GC(237) User=0.02s Sys=0.00s Real=0.03s
[44.845s][info][gc,start       ] GC(238) Pause Young (Allocation Failure)
[44.873s][info][gc,heap        ] GC(238) DefNew: 295186K(314560K)->16419K(314560K) Eden: 279616K(279616K)->0K(279616K) From: 15570K(34944K)->16419K(34944K)
[44.873s][info][gc,heap        ] GC(238) Tenured: 7858K(699072K)->7858K(699072K)
[44.873s][info][gc,metaspace   ] GC(238) Metaspace: 8606K(8832K)->8606K(8832K) NonClass: 7455K(7552K)->7455K(7552K) Class: 1151K(1280K)->1151K(1280K)
[44.873s][info][gc             ] GC(238) Pause Young (Allocation Failure) 295M->23M(989M) 28.419ms
[44.873s][info][gc,cpu         ] GC(238) User=0.03s Sys=0.00s Real=0.03s
[45.335s][info][gc,start       ] GC(239) Pause Young (Allocation Failure)
[45.476s][info][gc,heap        ] GC(239) DefNew: 296035K(314560K)->34943K(314560K) Eden: 279616K(279616K)->0K(279616K) From: 16419K(34944K)->34943K(34944K)
[45.476s][info][gc,heap        ] GC(239) Tenured: 7858K(699072K)->26018K(699072K)
[45.476s][info][gc,metaspace   ] GC(239) Metaspace: 8606K(8832K)->8606K(8832K) NonClass: 7455K(7552K)->7455K(7552K) Class: 1151K(1280K)->1151K(1280K)
[45.476s][info][gc             ] GC(239) Pause Young (Allocation Failure) 296M->59M(989M) 140.565ms
[45.476s][info][gc,cpu         ] GC(239) User=0.14s Sys=0.00s Real=0.14s
[45.524s][info][gc,start       ] GC(240) Pause Full (System.gc())
[45.524s][info][gc,phases,start] GC(240) Phase 1: Mark live objects
[45.530s][info][gc,phases      ] GC(240) Phase 1: Mark live objects 5.246ms
[45.530s][info][gc,phases,start] GC(240) Phase 2: Compute new object addresses
[45.548s][info][gc,phases      ] GC(240) Phase 2: Compute new object addresses 18.461ms
[45.548s][info][gc,phases,start] GC(240) Phase 3: Adjust pointers
[45.551s][info][gc,phases      ] GC(240) Phase 3: Adjust pointers 2.672ms
[45.551s][info][gc,phases,start] GC(240) Phase 4: Move objects
[45.551s][info][gc,phases      ] GC(240) Phase 4: Move objects 0.011ms
[45.551s][info][gc,heap        ] GC(240) DefNew: 57309K(314560K)->0K(314560K) Eden: 22365K(279616K)->0K(279616K) From: 34943K(34944K)->0K(34944K)
[45.551s][info][gc,heap        ] GC(240) Tenured: 26018K(699072K)->26018K(699072K)
[45.551s][info][gc,metaspace   ] GC(240) Metaspace: 8606K(8832K)->8606K(8832K) NonClass: 7455K(7552K)->7455K(7552K) Class: 1151K(1280K)->1151K(1280K)
[45.551s][info][gc             ] GC(240) Pause Full (System.gc()) 81M->25M(989M) 26.639ms
[45.551s][info][gc,cpu         ] GC(240) User=0.03s Sys=0.00s Real=0.03s
[45.693s][info][gc,start       ] GC(241) Pause Young (Allocation Failure)
[45.697s][info][gc,heap        ] GC(241) DefNew: 279616K(314560K)->965K(314560K) Eden: 279616K(279616K)->0K(279616K) From: 0K(34944K)->965K(34944K)
[45.697s][info][gc,heap        ] GC(241) Tenured: 26018K(699072K)->26018K(699072K)
[45.697s][info][gc,metaspace   ] GC(241) Metaspace: 8608K(8832K)->8608K(8832K) NonClass: 7457K(7552K)->7457K(7552K) Class: 1151K(1280K)->1151K(1280K)
[45.697s][info][gc             ] GC(241) Pause Young (Allocation Failure) 298M->26M(989M) 3.977ms
[45.697s][info][gc,cpu         ] GC(241) User=0.00s Sys=0.00s Real=0.02s
[45.832s][info][gc,start       ] GC(242) Pause Young (Allocation Failure)
[45.838s][info][gc,heap        ] GC(242) DefNew: 280581K(314560K)->1937K(314560K) Eden: 279616K(279616K)->0K(279616K) From: 965K(34944K)->1937K(34944K)
[45.838s][info][gc,heap        ] GC(242) Tenured: 26018K(699072K)->26018K(699072K)
[45.838s][info][gc,metaspace   ] GC(242) Metaspace: 8608K(8832K)->8608K(8832K) NonClass: 7457K(7552K)->7457K(7552K) Class: 1151K(1280K)->1151K(1280K)
[45.838s][info][gc             ] GC(242) Pause Young (Allocation Failure) 299M->27M(989M) 6.295ms
[45.838s][info][gc,cpu         ] GC(242) User=0.02s Sys=0.00s Real=0.02s
[45.984s][info][gc,start       ] GC(243) Pause Young (Allocation Failure)
[45.992s][info][gc,heap        ] GC(243) DefNew: 281553K(314560K)->2847K(314560K) Eden: 279616K(279616K)->0K(279616K) From: 1937K(34944K)->2847K(34944K)
[45.992s][info][gc,heap        ] GC(243) Tenured: 26018K(699072K)->26018K(699072K)
[45.992s][info][gc,metaspace   ] GC(243) Metaspace: 8608K(8832K)->8608K(8832K) NonClass: 7457K(7552K)->7457K(7552K) Class: 1151K(1280K)->1151K(1280K)
[45.992s][info][gc             ] GC(243) Pause Young (Allocation Failure) 300M->28M(989M) 8.577ms
[45.992s][info][gc,cpu         ] GC(243) User=0.02s Sys=0.00s Real=0.02s
[46.138s][info][gc,start       ] GC(244) Pause Young (Allocation Failure)
[46.149s][info][gc,heap        ] GC(244) DefNew: 282463K(314560K)->3686K(314560K) Eden: 279616K(279616K)->0K(279616K) From: 2847K(34944K)->3686K(34944K)
[46.149s][info][gc,heap        ] GC(244) Tenured: 26018K(699072K)->26018K(699072K)
[46.149s][info][gc,metaspace   ] GC(244) Metaspace: 8608K(8832K)->8608K(8832K) NonClass: 7457K(7552K)->7457K(7552K) Class: 1151K(1280K)->1151K(1280K)
[46.149s][info][gc             ] GC(244) Pause Young (Allocation Failure) 301M->29M(989M) 11.605ms
[46.149s][info][gc,cpu         ] GC(244) User=0.02s Sys=0.00s Real=0.01s
[46.298s][info][gc,start       ] GC(245) Pause Young (Allocation Failure)
[46.314s][info][gc,heap        ] GC(245) DefNew: 283302K(314560K)->4828K(314560K) Eden: 279616K(279616K)->0K(279616K) From: 3686K(34944K)->4828K(34944K)
[46.314s][info][gc,heap        ] GC(245) Tenured: 26018K(699072K)->26018K(699072K)
[46.314s][info][gc,metaspace   ] GC(245) Metaspace: 8608K(8832K)->8608K(8832K) NonClass: 7457K(7552K)->7457K(7552K) Class: 1151K(1280K)->1151K(1280K)
[46.314s][info][gc             ] GC(245) Pause Young (Allocation Failure) 302M->30M(989M) 16.166ms
[46.314s][info][gc,cpu         ] GC(245) User=0.02s Sys=0.00s Real=0.02s
[46.449s][info][gc,start       ] GC(246) Pause Young (Allocation Failure)
[46.463s][info][gc,heap        ] GC(246) DefNew: 284444K(314560K)->5746K(314560K) Eden: 279616K(279616K)->0K(279616K) From: 4828K(34944K)->5746K(34944K)
[46.463s][info][gc,heap        ] GC(246) Tenured: 26018K(699072K)->26018K(699072K)
[46.463s][info][gc,metaspace   ] GC(246) Metaspace: 8608K(8832K)->8608K(8832K) NonClass: 7457K(7552K)->7457K(7552K) Class: 1151K(1280K)->1151K(1280K)
[46.463s][info][gc             ] GC(246) Pause Young (Allocation Failure) 303M->31M(989M) 14.480ms
[46.463s][info][gc,cpu         ] GC(246) User=0.02s Sys=0.00s Real=0.02s
[46.603s][info][gc,start       ] GC(247) Pause Young (Allocation Failure)
[46.619s][info][gc,heap        ] GC(247) DefNew: 285362K(314560K)->6684K(314560K) Eden: 279616K(279616K)->0K(279616K) From: 5746K(34944K)->6684K(34944K)
[46.619s][info][gc,heap        ] GC(247) Tenured: 26018K(699072K)->26018K(699072K)
[46.619s][info][gc,metaspace   ] GC(247) Metaspace: 8608K(8832K)->8608K(8832K) NonClass: 7457K(7552K)->7457K(7552K) Class: 1151K(1280K)->1151K(1280K)
[46.619s][info][gc             ] GC(247) Pause Young (Allocation Failure) 304M->31M(989M) 15.974ms
[46.619s][info][gc,cpu         ] GC(247) User=0.03s Sys=0.00s Real=0.03s
[46.758s][info][gc,start       ] GC(248) Pause Young (Allocation Failure)
[46.775s][info][gc,heap        ] GC(248) DefNew: 286300K(314560K)->7534K(314560K) Eden: 279616K(279616K)->0K(279616K) From: 6684K(34944K)->7534K(34944K)
[46.775s][info][gc,heap        ] GC(248) Tenured: 26018K(699072K)->26018K(699072K)
[46.775s][info][gc,metaspace   ] GC(248) Metaspace: 8608K(8832K)->8608K(8832K) NonClass: 7457K(7552K)->7457K(7552K) Class: 1151K(1280K)->1151K(1280K)
[46.775s][info][gc             ] GC(248) Pause Young (Allocation Failure) 304M->32M(989M) 17.262ms
[46.775s][info][gc,cpu         ] GC(248) User=0.02s Sys=0.00s Real=0.02s
[46.911s][info][gc,start       ] GC(249) Pause Young (Allocation Failure)
[46.930s][info][gc,heap        ] GC(249) DefNew: 287150K(314560K)->8456K(314560K) Eden: 279616K(279616K)->0K(279616K) From: 7534K(34944K)->8456K(34944K)
[46.930s][info][gc,heap        ] GC(249) Tenured: 26018K(699072K)->26018K(699072K)
[46.930s][info][gc,metaspace   ] GC(249) Metaspace: 8608K(8832K)->8608K(8832K) NonClass: 7457K(7552K)->7457K(7552K) Class: 1151K(1280K)->1151K(1280K)
[46.930s][info][gc             ] GC(249) Pause Young (Allocation Failure) 305M->33M(989M) 19.311ms
[46.930s][info][gc,cpu         ] GC(249) User=0.02s Sys=0.00s Real=0.02s
[47.080s][info][gc,start       ] GC(250) Pause Young (Allocation Failure)
[47.103s][info][gc,heap        ] GC(250) DefNew: 288072K(314560K)->9509K(314560K) Eden: 279616K(279616K)->0K(279616K) From: 8456K(34944K)->9509K(34944K)
[47.103s][info][gc,heap        ] GC(250) Tenured: 26018K(699072K)->26018K(699072K)
[47.103s][info][gc,metaspace   ] GC(250) Metaspace: 8608K(8832K)->8608K(8832K) NonClass: 7457K(7552K)->7457K(7552K) Class: 1151K(1280K)->1151K(1280K)
[47.103s][info][gc             ] GC(250) Pause Young (Allocation Failure) 306M->34M(989M) 23.545ms
[47.103s][info][gc,cpu         ] GC(250) User=0.02s Sys=0.00s Real=0.02s
[47.250s][info][gc,start       ] GC(251) Pause Young (Allocation Failure)
[47.271s][info][gc,heap        ] GC(251) DefNew: 289125K(314560K)->10462K(314560K) Eden: 279616K(279616K)->0K(279616K) From: 9509K(34944K)->10462K(34944K)
[47.271s][info][gc,heap        ] GC(251) Tenured: 26018K(699072K)->26018K(699072K)
[47.271s][info][gc,metaspace   ] GC(251) Metaspace: 8608K(8832K)->8608K(8832K) NonClass: 7457K(7552K)->7457K(7552K) Class: 1151K(1280K)->1151K(1280K)
[47.271s][info][gc             ] GC(251) Pause Young (Allocation Failure) 307M->35M(989M) 20.830ms
[47.271s][info][gc,cpu         ] GC(251) User=0.02s Sys=0.00s Real=0.02s
[47.423s][info][gc,start       ] GC(252) Pause Young (Allocation Failure)
[47.445s][info][gc,heap        ] GC(252) DefNew: 290078K(314560K)->11394K(314560K) Eden: 279616K(279616K)->0K(279616K) From: 10462K(34944K)->11394K(34944K)
[47.446s][info][gc,heap        ] GC(252) Tenured: 26018K(699072K)->26018K(699072K)
[47.446s][info][gc,metaspace   ] GC(252) Metaspace: 8608K(8832K)->8608K(8832K) NonClass: 7457K(7552K)->7457K(7552K) Class: 1151K(1280K)->1151K(1280K)
[47.446s][info][gc             ] GC(252) Pause Young (Allocation Failure) 308M->36M(989M) 22.895ms
[47.446s][info][gc,cpu         ] GC(252) User=0.02s Sys=0.00s Real=0.02s
[47.594s][info][gc,start       ] GC(253) Pause Young (Allocation Failure)
[47.620s][info][gc,heap        ] GC(253) DefNew: 291010K(314560K)->12234K(314560K) Eden: 279616K(279616K)->0K(279616K) From: 11394K(34944K)->12234K(34944K)
[47.620s][info][gc,heap        ] GC(253) Tenured: 26018K(699072K)->26018K(699072K)
[47.620s][info][gc,metaspace   ] GC(253) Metaspace: 8608K(8832K)->8608K(8832K) NonClass: 7457K(7552K)->7457K(7552K) Class: 1151K(1280K)->1151K(1280K)
[47.620s][info][gc             ] GC(253) Pause Young (Allocation Failure) 309M->37M(989M) 25.816ms
[47.620s][info][gc,cpu         ] GC(253) User=0.02s Sys=0.00s Real=0.02s
[47.790s][info][gc,start       ] GC(254) Pause Young (Allocation Failure)
[47.822s][info][gc,heap        ] GC(254) DefNew: 291850K(314560K)->13328K(314560K) Eden: 279616K(279616K)->0K(279616K) From: 12234K(34944K)->13328K(34944K)
[47.822s][info][gc,heap        ] GC(254) Tenured: 26018K(699072K)->26018K(699072K)
[47.822s][info][gc,metaspace   ] GC(254) Metaspace: 8608K(8832K)->8608K(8832K) NonClass: 7457K(7552K)->7457K(7552K) Class: 1151K(1280K)->1151K(1280K)
[47.822s][info][gc             ] GC(254) Pause Young (Allocation Failure) 310M->38M(989M) 31.557ms
[47.822s][info][gc,cpu         ] GC(254) User=0.03s Sys=0.00s Real=0.04s
[47.981s][info][gc,start       ] GC(255) Pause Young (Allocation Failure)
[47.995s][info][gc,heap        ] GC(255) DefNew: 292944K(314560K)->14241K(314560K) Eden: 279616K(279616K)->0K(279616K) From: 13328K(34944K)->14241K(34944K)
[47.996s][info][gc,heap        ] GC(255) Tenured: 26018K(699072K)->26018K(699072K)
[47.996s][info][gc,metaspace   ] GC(255) Metaspace: 8608K(8832K)->8608K(8832K) NonClass: 7457K(7552K)->7457K(7552K) Class: 1151K(1280K)->1151K(1280K)
[47.996s][info][gc             ] GC(255) Pause Young (Allocation Failure) 311M->39M(989M) 14.347ms
[47.996s][info][gc,cpu         ] GC(255) User=0.02s Sys=0.00s Real=0.01s
[48.148s][info][gc,start       ] GC(256) Pause Young (Allocation Failure)
[48.176s][info][gc,heap        ] GC(256) DefNew: 293857K(314560K)->15195K(314560K) Eden: 279616K(279616K)->0K(279616K) From: 14241K(34944K)->15195K(34944K)
[48.176s][info][gc,heap        ] GC(256) Tenured: 26018K(699072K)->26023K(699072K)
[48.176s][info][gc,metaspace   ] GC(256) Metaspace: 8608K(8832K)->8608K(8832K) NonClass: 7457K(7552K)->7457K(7552K) Class: 1151K(1280K)->1151K(1280K)
[48.176s][info][gc             ] GC(256) Pause Young (Allocation Failure) 312M->40M(989M) 27.675ms
[48.176s][info][gc,cpu         ] GC(256) User=0.03s Sys=0.00s Real=0.03s
[48.323s][info][gc,start       ] GC(257) Pause Young (Allocation Failure)
[48.368s][info][gc,heap        ] GC(257) DefNew: 294811K(314560K)->16062K(314560K) Eden: 279616K(279616K)->0K(279616K) From: 15195K(34944K)->16062K(34944K)
[48.368s][info][gc,heap        ] GC(257) Tenured: 26023K(699072K)->26023K(699072K)
[48.368s][info][gc,metaspace   ] GC(257) Metaspace: 8608K(8832K)->8608K(8832K) NonClass: 7457K(7552K)->7457K(7552K) Class: 1151K(1280K)->1151K(1280K)
[48.368s][info][gc             ] GC(257) Pause Young (Allocation Failure) 313M->41M(989M) 44.815ms
[48.368s][info][gc,cpu         ] GC(257) User=0.02s Sys=0.00s Real=0.04s
[48.532s][info][gc,start       ] GC(258) Pause Young (Allocation Failure)
[48.560s][info][gc,heap        ] GC(258) DefNew: 295678K(314560K)->16963K(314560K) Eden: 279616K(279616K)->0K(279616K) From: 16062K(34944K)->16963K(34944K)
[48.560s][info][gc,heap        ] GC(258) Tenured: 26023K(699072K)->26023K(699072K)
[48.560s][info][gc,metaspace   ] GC(258) Metaspace: 8608K(8832K)->8608K(8832K) NonClass: 7457K(7552K)->7457K(7552K) Class: 1151K(1280K)->1151K(1280K)
[48.561s][info][gc             ] GC(258) Pause Young (Allocation Failure) 314M->41M(989M) 28.066ms
[48.561s][info][gc,cpu         ] GC(258) User=0.03s Sys=0.00s Real=0.03s
[48.717s][info][gc,start       ] GC(259) Pause Young (Allocation Failure)
[48.752s][info][gc,heap        ] GC(259) DefNew: 296579K(314560K)->18026K(314560K) Eden: 279616K(279616K)->0K(279616K) From: 16963K(34944K)->18026K(34944K)
[48.752s][info][gc,heap        ] GC(259) Tenured: 26023K(699072K)->26023K(699072K)
[48.752s][info][gc,metaspace   ] GC(259) Metaspace: 8608K(8832K)->8608K(8832K) NonClass: 7457K(7552K)->7457K(7552K) Class: 1151K(1280K)->1151K(1280K)
[48.752s][info][gc             ] GC(259) Pause Young (Allocation Failure) 315M->43M(989M) 34.335ms
[48.752s][info][gc,cpu         ] GC(259) User=0.03s Sys=0.00s Real=0.04s
[48.902s][info][gc,start       ] GC(260) Pause Young (Allocation Failure)
[48.932s][info][gc,heap        ] GC(260) DefNew: 297642K(314560K)->14655K(314560K) Eden: 279616K(279616K)->0K(279616K) From: 18026K(34944K)->14655K(34944K)
[48.932s][info][gc,heap        ] GC(260) Tenured: 26023K(699072K)->30349K(699072K)
[48.932s][info][gc,metaspace   ] GC(260) Metaspace: 8608K(8832K)->8608K(8832K) NonClass: 7457K(7552K)->7457K(7552K) Class: 1151K(1280K)->1151K(1280K)
[48.932s][info][gc             ] GC(260) Pause Young (Allocation Failure) 316M->43M(989M) 30.242ms
[48.932s][info][gc,cpu         ] GC(260) User=0.03s Sys=0.00s Real=0.03s
[49.076s][info][gc,start       ] GC(261) Pause Young (Allocation Failure)
[49.102s][info][gc,heap        ] GC(261) DefNew: 294271K(314560K)->15570K(314560K) Eden: 279616K(279616K)->0K(279616K) From: 14655K(34944K)->15570K(34944K)
[49.102s][info][gc,heap        ] GC(261) Tenured: 30349K(699072K)->30349K(699072K)
[49.102s][info][gc,metaspace   ] GC(261) Metaspace: 8608K(8832K)->8608K(8832K) NonClass: 7457K(7552K)->7457K(7552K) Class: 1151K(1280K)->1151K(1280K)
[49.102s][info][gc             ] GC(261) Pause Young (Allocation Failure) 317M->44M(989M) 25.773ms
[49.102s][info][gc,cpu         ] GC(261) User=0.02s Sys=0.00s Real=0.03s
[49.279s][info][gc,start       ] GC(262) Pause Young (Allocation Failure)
[49.309s][info][gc,heap        ] GC(262) DefNew: 295186K(314560K)->16419K(314560K) Eden: 279616K(279616K)->0K(279616K) From: 15570K(34944K)->16419K(34944K)
[49.309s][info][gc,heap        ] GC(262) Tenured: 30349K(699072K)->30349K(699072K)
[49.309s][info][gc,metaspace   ] GC(262) Metaspace: 8608K(8832K)->8608K(8832K) NonClass: 7457K(7552K)->7457K(7552K) Class: 1151K(1280K)->1151K(1280K)
[49.309s][info][gc             ] GC(262) Pause Young (Allocation Failure) 317M->45M(989M) 29.700ms
[49.309s][info][gc,cpu         ] GC(262) User=0.03s Sys=0.00s Real=0.03s
[49.785s][info][gc,start       ] GC(263) Pause Young (Allocation Failure)
[49.914s][info][gc,heap        ] GC(263) DefNew: 296035K(314560K)->34943K(314560K) Eden: 279616K(279616K)->0K(279616K) From: 16419K(34944K)->34943K(34944K)
[49.914s][info][gc,heap        ] GC(263) Tenured: 30349K(699072K)->48509K(699072K)
[49.914s][info][gc,metaspace   ] GC(263) Metaspace: 8608K(8832K)->8608K(8832K) NonClass: 7457K(7552K)->7457K(7552K) Class: 1151K(1280K)->1151K(1280K)
[49.914s][info][gc             ] GC(263) Pause Young (Allocation Failure) 318M->81M(989M) 129.399ms
[49.914s][info][gc,cpu         ] GC(263) User=0.13s Sys=0.00s Real=0.13s
[49.964s][info][gc,start       ] GC(264) Pause Full (System.gc())
[49.964s][info][gc,phases,start] GC(264) Phase 1: Mark live objects
[49.975s][info][gc,phases      ] GC(264) Phase 1: Mark live objects 10.859ms
[49.975s][info][gc,phases,start] GC(264) Phase 2: Compute new object addresses
[50.007s][info][gc,phases      ] GC(264) Phase 2: Compute new object addresses 31.703ms
[50.007s][info][gc,phases,start] GC(264) Phase 3: Adjust pointers
[50.013s][info][gc,phases      ] GC(264) Phase 3: Adjust pointers 5.812ms
[50.013s][info][gc,phases,start] GC(264) Phase 4: Move objects
[50.013s][info][gc,phases      ] GC(264) Phase 4: Move objects 0.027ms
[50.013s][info][gc,heap        ] GC(264) DefNew: 57309K(314560K)->0K(314560K) Eden: 22365K(279616K)->0K(279616K) From: 34943K(34944K)->0K(34944K)
[50.013s][info][gc,heap        ] GC(264) Tenured: 48509K(699072K)->3527K(699072K)
[50.013s][info][gc,metaspace   ] GC(264) Metaspace: 8609K(8832K)->8609K(8832K) NonClass: 7457K(7552K)->7457K(7552K) Class: 1151K(1280K)->1151K(1280K)
[50.013s][info][gc             ] GC(264) Pause Full (System.gc()) 103M->3M(989M) 48.950ms
[50.013s][info][gc,cpu         ] GC(264) User=0.05s Sys=0.00s Real=0.05s
[50.166s][info][gc,start       ] GC(265) Pause Young (Allocation Failure)
[50.168s][info][gc,heap        ] GC(265) DefNew: 279616K(314560K)->965K(314560K) Eden: 279616K(279616K)->0K(279616K) From: 0K(34944K)->965K(34944K)
[50.169s][info][gc,heap        ] GC(265) Tenured: 3527K(699072K)->3527K(699072K)
[50.169s][info][gc,metaspace   ] GC(265) Metaspace: 8609K(8832K)->8609K(8832K) NonClass: 7458K(7552K)->7458K(7552K) Class: 1151K(1280K)->1151K(1280K)
[50.169s][info][gc             ] GC(265) Pause Young (Allocation Failure) 276M->4M(989M) 2.266ms
[50.169s][info][gc,cpu         ] GC(265) User=0.00s Sys=0.00s Real=0.00s
[50.321s][info][gc,start       ] GC(266) Pause Young (Allocation Failure)
[50.327s][info][gc,heap        ] GC(266) DefNew: 280581K(314560K)->1937K(314560K) Eden: 279616K(279616K)->0K(279616K) From: 965K(34944K)->1937K(34944K)
[50.327s][info][gc,heap        ] GC(266) Tenured: 3527K(699072K)->3527K(699072K)
[50.327s][info][gc,metaspace   ] GC(266) Metaspace: 8609K(8832K)->8609K(8832K) NonClass: 7458K(7552K)->7458K(7552K) Class: 1151K(1280K)->1151K(1280K)
[50.328s][info][gc             ] GC(266) Pause Young (Allocation Failure) 277M->5M(989M) 6.599ms
[50.328s][info][gc,cpu         ] GC(266) User=0.02s Sys=0.00s Real=0.01s
[50.458s][info][gc,start       ] GC(267) Pause Young (Allocation Failure)
[50.466s][info][gc,heap        ] GC(267) DefNew: 281553K(314560K)->2847K(314560K) Eden: 279616K(279616K)->0K(279616K) From: 1937K(34944K)->2847K(34944K)
[50.466s][info][gc,heap        ] GC(267) Tenured: 3527K(699072K)->3527K(699072K)
[50.466s][info][gc,metaspace   ] GC(267) Metaspace: 8609K(8832K)->8609K(8832K) NonClass: 7458K(7552K)->7458K(7552K) Class: 1151K(1280K)->1151K(1280K)
[50.466s][info][gc             ] GC(267) Pause Young (Allocation Failure) 278M->6M(989M) 8.652ms
[50.466s][info][gc,cpu         ] GC(267) User=0.02s Sys=0.00s Real=0.01s
[50.603s][info][gc,start       ] GC(268) Pause Young (Allocation Failure)
[50.615s][info][gc,heap        ] GC(268) DefNew: 282463K(314560K)->3686K(314560K) Eden: 279616K(279616K)->0K(279616K) From: 2847K(34944K)->3686K(34944K)
[50.615s][info][gc,heap        ] GC(268) Tenured: 3527K(699072K)->3527K(699072K)
[50.615s][info][gc,metaspace   ] GC(268) Metaspace: 8609K(8832K)->8609K(8832K) NonClass: 7458K(7552K)->7458K(7552K) Class: 1151K(1280K)->1151K(1280K)
[50.615s][info][gc             ] GC(268) Pause Young (Allocation Failure) 279M->7M(989M) 11.995ms
[50.615s][info][gc,cpu         ] GC(268) User=0.00s Sys=0.00s Real=0.01s
[50.785s][info][gc,start       ] GC(269) Pause Young (Allocation Failure)
[50.800s][info][gc,heap        ] GC(269) DefNew: 283302K(314560K)->4828K(314560K) Eden: 279616K(279616K)->0K(279616K) From: 3686K(34944K)->4828K(34944K)
[50.800s][info][gc,heap        ] GC(269) Tenured: 3527K(699072K)->3527K(699072K)
[50.800s][info][gc,metaspace   ] GC(269) Metaspace: 8609K(8832K)->8609K(8832K) NonClass: 7458K(7552K)->7458K(7552K) Class: 1151K(1280K)->1151K(1280K)
[50.800s][info][gc             ] GC(269) Pause Young (Allocation Failure) 280M->8M(989M) 14.982ms
[50.800s][info][gc,cpu         ] GC(269) User=0.02s Sys=0.00s Real=0.02s
[50.935s][info][gc,start       ] GC(270) Pause Young (Allocation Failure)
[50.949s][info][gc,heap        ] GC(270) DefNew: 284444K(314560K)->5746K(314560K) Eden: 279616K(279616K)->0K(279616K) From: 4828K(34944K)->5746K(34944K)
[50.949s][info][gc,heap        ] GC(270) Tenured: 3527K(699072K)->3527K(699072K)
[50.949s][info][gc,metaspace   ] GC(270) Metaspace: 8609K(8832K)->8609K(8832K) NonClass: 7458K(7552K)->7458K(7552K) Class: 1151K(1280K)->1151K(1280K)
[50.949s][info][gc             ] GC(270) Pause Young (Allocation Failure) 281M->9M(989M) 14.398ms
[50.949s][info][gc,cpu         ] GC(270) User=0.02s Sys=0.00s Real=0.02s
[51.087s][info][gc,start       ] GC(271) Pause Young (Allocation Failure)
[51.103s][info][gc,heap        ] GC(271) DefNew: 285362K(314560K)->6684K(314560K) Eden: 279616K(279616K)->0K(279616K) From: 5746K(34944K)->6684K(34944K)
[51.103s][info][gc,heap        ] GC(271) Tenured: 3527K(699072K)->3527K(699072K)
[51.103s][info][gc,metaspace   ] GC(271) Metaspace: 8609K(8832K)->8609K(8832K) NonClass: 7458K(7552K)->7458K(7552K) Class: 1151K(1280K)->1151K(1280K)
[51.103s][info][gc             ] GC(271) Pause Young (Allocation Failure) 282M->9M(989M) 16.084ms
[51.103s][info][gc,cpu         ] GC(271) User=0.02s Sys=0.00s Real=0.02s
[51.246s][info][gc,start       ] GC(272) Pause Young (Allocation Failure)
[51.263s][info][gc,heap        ] GC(272) DefNew: 286300K(314560K)->7534K(314560K) Eden: 279616K(279616K)->0K(279616K) From: 6684K(34944K)->7534K(34944K)
[51.263s][info][gc,heap        ] GC(272) Tenured: 3527K(699072K)->3527K(699072K)
[51.263s][info][gc,metaspace   ] GC(272) Metaspace: 8609K(8832K)->8609K(8832K) NonClass: 7458K(7552K)->7458K(7552K) Class: 1151K(1280K)->1151K(1280K)
[51.263s][info][gc             ] GC(272) Pause Young (Allocation Failure) 283M->10M(989M) 17.656ms
[51.263s][info][gc,cpu         ] GC(272) User=0.02s Sys=0.00s Real=0.02s
[51.424s][info][gc,start       ] GC(273) Pause Young (Allocation Failure)
[51.444s][info][gc,heap        ] GC(273) DefNew: 287150K(314560K)->8456K(314560K) Eden: 279616K(279616K)->0K(279616K) From: 7534K(34944K)->8456K(34944K)
[51.444s][info][gc,heap        ] GC(273) Tenured: 3527K(699072K)->3527K(699072K)
[51.444s][info][gc,metaspace   ] GC(273) Metaspace: 8609K(8832K)->8609K(8832K) NonClass: 7458K(7552K)->7458K(7552K) Class: 1151K(1280K)->1151K(1280K)
[51.444s][info][gc             ] GC(273) Pause Young (Allocation Failure) 283M->11M(989M) 19.364ms
[51.444s][info][gc,cpu         ] GC(273) User=0.02s Sys=0.00s Real=0.02s
[51.593s][info][gc,start       ] GC(274) Pause Young (Allocation Failure)
[51.618s][info][gc,heap        ] GC(274) DefNew: 288072K(314560K)->9509K(314560K) Eden: 279616K(279616K)->0K(279616K) From: 8456K(34944K)->9509K(34944K)
[51.618s][info][gc,heap        ] GC(274) Tenured: 3527K(699072K)->3527K(699072K)
[51.618s][info][gc,metaspace   ] GC(274) Metaspace: 8609K(8832K)->8609K(8832K) NonClass: 7458K(7552K)->7458K(7552K) Class: 1151K(1280K)->1151K(1280K)
[51.618s][info][gc             ] GC(274) Pause Young (Allocation Failure) 284M->12M(989M) 24.258ms
[51.618s][info][gc,cpu         ] GC(274) User=0.02s Sys=0.00s Real=0.02s
[51.765s][info][gc,start       ] GC(275) Pause Young (Allocation Failure)
[51.783s][info][gc,heap        ] GC(275) DefNew: 289125K(314560K)->10462K(314560K) Eden: 279616K(279616K)->0K(279616K) From: 9509K(34944K)->10462K(34944K)
[51.783s][info][gc,heap        ] GC(275) Tenured: 3527K(699072K)->3527K(699072K)
[51.783s][info][gc,metaspace   ] GC(275) Metaspace: 8609K(8832K)->8609K(8832K) NonClass: 7458K(7552K)->7458K(7552K) Class: 1151K(1280K)->1151K(1280K)
[51.783s][info][gc             ] GC(275) Pause Young (Allocation Failure) 285M->13M(989M) 18.922ms
[51.783s][info][gc,cpu         ] GC(275) User=0.02s Sys=0.00s Real=0.02s
[51.935s][info][gc,start       ] GC(276) Pause Young (Allocation Failure)
[51.957s][info][gc,heap        ] GC(276) DefNew: 290078K(314560K)->11394K(314560K) Eden: 279616K(279616K)->0K(279616K) From: 10462K(34944K)->11394K(34944K)
[51.957s][info][gc,heap        ] GC(276) Tenured: 3527K(699072K)->3527K(699072K)
[51.957s][info][gc,metaspace   ] GC(276) Metaspace: 8609K(8832K)->8609K(8832K) NonClass: 7458K(7552K)->7458K(7552K) Class: 1151K(1280K)->1151K(1280K)
[51.957s][info][gc             ] GC(276) Pause Young (Allocation Failure) 286M->14M(989M) 22.338ms
[51.957s][info][gc,cpu         ] GC(276) User=0.02s Sys=0.00s Real=0.02s
[52.106s][info][gc,start       ] GC(277) Pause Young (Allocation Failure)
[52.120s][info][gc,heap        ] GC(277) DefNew: 291010K(314560K)->12234K(314560K) Eden: 279616K(279616K)->0K(279616K) From: 11394K(34944K)->12234K(34944K)
[52.120s][info][gc,heap        ] GC(277) Tenured: 3527K(699072K)->3527K(699072K)
[52.120s][info][gc,metaspace   ] GC(277) Metaspace: 8609K(8832K)->8609K(8832K) NonClass: 7458K(7552K)->7458K(7552K) Class: 1151K(1280K)->1151K(1280K)
[52.120s][info][gc             ] GC(277) Pause Young (Allocation Failure) 287M->15M(989M) 14.335ms
[52.120s][info][gc,cpu         ] GC(277) User=0.02s Sys=0.00s Real=0.01s
[52.298s][info][gc,start       ] GC(278) Pause Young (Allocation Failure)
[52.332s][info][gc,heap        ] GC(278) DefNew: 291850K(314560K)->13328K(314560K) Eden: 279616K(279616K)->0K(279616K) From: 12234K(34944K)->13328K(34944K)
[52.332s][info][gc,heap        ] GC(278) Tenured: 3527K(699072K)->3527K(699072K)
[52.332s][info][gc,metaspace   ] GC(278) Metaspace: 8609K(8832K)->8609K(8832K) NonClass: 7458K(7552K)->7458K(7552K) Class: 1151K(1280K)->1151K(1280K)
[52.332s][info][gc             ] GC(278) Pause Young (Allocation Failure) 288M->16M(989M) 33.882ms
[52.332s][info][gc,cpu         ] GC(278) User=0.03s Sys=0.00s Real=0.03s
[52.476s][info][gc,start       ] GC(279) Pause Young (Allocation Failure)
[52.499s][info][gc,heap        ] GC(279) DefNew: 292944K(314560K)->14241K(314560K) Eden: 279616K(279616K)->0K(279616K) From: 13328K(34944K)->14241K(34944K)
[52.499s][info][gc,heap        ] GC(279) Tenured: 3527K(699072K)->3527K(699072K)
[52.499s][info][gc,metaspace   ] GC(279) Metaspace: 8609K(8832K)->8609K(8832K) NonClass: 7458K(7552K)->7458K(7552K) Class: 1151K(1280K)->1151K(1280K)
[52.499s][info][gc             ] GC(279) Pause Young (Allocation Failure) 289M->17M(989M) 23.363ms
[52.499s][info][gc,cpu         ] GC(279) User=0.03s Sys=0.00s Real=0.02s
[52.644s][info][gc,start       ] GC(280) Pause Young (Allocation Failure)
[52.670s][info][gc,heap        ] GC(280) DefNew: 293857K(314560K)->15195K(314560K) Eden: 279616K(279616K)->0K(279616K) From: 14241K(34944K)->15195K(34944K)
[52.670s][info][gc,heap        ] GC(280) Tenured: 3527K(699072K)->3532K(699072K)
[52.670s][info][gc,metaspace   ] GC(280) Metaspace: 8609K(8832K)->8609K(8832K) NonClass: 7458K(7552K)->7458K(7552K) Class: 1151K(1280K)->1151K(1280K)
[52.670s][info][gc             ] GC(280) Pause Young (Allocation Failure) 290M->18M(989M) 26.180ms
[52.670s][info][gc,cpu         ] GC(280) User=0.03s Sys=0.00s Real=0.03s
[52.813s][info][gc,start       ] GC(281) Pause Young (Allocation Failure)
[52.841s][info][gc,heap        ] GC(281) DefNew: 294811K(314560K)->16062K(314560K) Eden: 279616K(279616K)->0K(279616K) From: 15195K(34944K)->16062K(34944K)
[52.842s][info][gc,heap        ] GC(281) Tenured: 3532K(699072K)->3532K(699072K)
[52.842s][info][gc,metaspace   ] GC(281) Metaspace: 8609K(8832K)->8609K(8832K) NonClass: 7458K(7552K)->7458K(7552K) Class: 1151K(1280K)->1151K(1280K)
[52.842s][info][gc             ] GC(281) Pause Young (Allocation Failure) 291M->19M(989M) 28.207ms
[52.842s][info][gc,cpu         ] GC(281) User=0.02s Sys=0.00s Real=0.02s
[52.981s][info][gc,start       ] GC(282) Pause Young (Allocation Failure)
[53.011s][info][gc,heap        ] GC(282) DefNew: 295678K(314560K)->16963K(314560K) Eden: 279616K(279616K)->0K(279616K) From: 16062K(34944K)->16963K(34944K)
[53.011s][info][gc,heap        ] GC(282) Tenured: 3532K(699072K)->3532K(699072K)
[53.011s][info][gc,metaspace   ] GC(282) Metaspace: 8609K(8832K)->8609K(8832K) NonClass: 7458K(7552K)->7458K(7552K) Class: 1151K(1280K)->1151K(1280K)
[53.011s][info][gc             ] GC(282) Pause Young (Allocation Failure) 292M->20M(989M) 29.853ms
[53.011s][info][gc,cpu         ] GC(282) User=0.03s Sys=0.00s Real=0.03s
[53.164s][info][gc,start       ] GC(283) Pause Young (Allocation Failure)
[53.198s][info][gc,heap        ] GC(283) DefNew: 296579K(314560K)->18026K(314560K) Eden: 279616K(279616K)->0K(279616K) From: 16963K(34944K)->18026K(34944K)
[53.198s][info][gc,heap        ] GC(283) Tenured: 3532K(699072K)->3532K(699072K)
[53.198s][info][gc,metaspace   ] GC(283) Metaspace: 8609K(8832K)->8609K(8832K) NonClass: 7458K(7552K)->7458K(7552K) Class: 1151K(1280K)->1151K(1280K)
[53.199s][info][gc             ] GC(283) Pause Young (Allocation Failure) 293M->21M(989M) 34.726ms
[53.199s][info][gc,cpu         ] GC(283) User=0.03s Sys=0.00s Real=0.03s
[53.348s][info][gc,start       ] GC(284) Pause Young (Allocation Failure)
[53.377s][info][gc,heap        ] GC(284) DefNew: 297642K(314560K)->14655K(314560K) Eden: 279616K(279616K)->0K(279616K) From: 18026K(34944K)->14655K(34944K)
[53.377s][info][gc,heap        ] GC(284) Tenured: 3532K(699072K)->7858K(699072K)
[53.377s][info][gc,metaspace   ] GC(284) Metaspace: 8609K(8832K)->8609K(8832K) NonClass: 7458K(7552K)->7458K(7552K) Class: 1151K(1280K)->1151K(1280K)
[53.377s][info][gc             ] GC(284) Pause Young (Allocation Failure) 294M->21M(989M) 29.108ms
[53.377s][info][gc,cpu         ] GC(284) User=0.03s Sys=0.00s Real=0.03s
[53.517s][info][gc,start       ] GC(285) Pause Young (Allocation Failure)
[53.544s][info][gc,heap        ] GC(285) DefNew: 294271K(314560K)->15570K(314560K) Eden: 279616K(279616K)->0K(279616K) From: 14655K(34944K)->15570K(34944K)
[53.544s][info][gc,heap        ] GC(285) Tenured: 7858K(699072K)->7858K(699072K)
[53.544s][info][gc,metaspace   ] GC(285) Metaspace: 8609K(8832K)->8609K(8832K) NonClass: 7458K(7552K)->7458K(7552K) Class: 1151K(1280K)->1151K(1280K)
[53.544s][info][gc             ] GC(285) Pause Young (Allocation Failure) 295M->22M(989M) 27.632ms
[53.544s][info][gc,cpu         ] GC(285) User=0.03s Sys=0.00s Real=0.03s
[53.688s][info][gc,start       ] GC(286) Pause Young (Allocation Failure)
[53.718s][info][gc,heap        ] GC(286) DefNew: 295186K(314560K)->16419K(314560K) Eden: 279616K(279616K)->0K(279616K) From: 15570K(34944K)->16419K(34944K)
[53.718s][info][gc,heap        ] GC(286) Tenured: 7858K(699072K)->7858K(699072K)
[53.718s][info][gc,metaspace   ] GC(286) Metaspace: 8609K(8832K)->8609K(8832K) NonClass: 7458K(7552K)->7458K(7552K) Class: 1151K(1280K)->1151K(1280K)
[53.718s][info][gc             ] GC(286) Pause Young (Allocation Failure) 295M->23M(989M) 29.572ms
[53.718s][info][gc,cpu         ] GC(286) User=0.03s Sys=0.00s Real=0.03s
[54.156s][info][gc,start       ] GC(287) Pause Young (Allocation Failure)
[54.286s][info][gc,heap        ] GC(287) DefNew: 296035K(314560K)->34943K(314560K) Eden: 279616K(279616K)->0K(279616K) From: 16419K(34944K)->34943K(34944K)
[54.287s][info][gc,heap        ] GC(287) Tenured: 7858K(699072K)->26018K(699072K)
[54.287s][info][gc,metaspace   ] GC(287) Metaspace: 8609K(8832K)->8609K(8832K) NonClass: 7458K(7552K)->7458K(7552K) Class: 1151K(1280K)->1151K(1280K)
[54.287s][info][gc             ] GC(287) Pause Young (Allocation Failure) 296M->59M(989M) 130.081ms
[54.287s][info][gc,cpu         ] GC(287) User=0.14s Sys=0.00s Real=0.14s
[54.343s][info][gc,start       ] GC(288) Pause Full (System.gc())
[54.343s][info][gc,phases,start] GC(288) Phase 1: Mark live objects
[54.354s][info][gc,phases      ] GC(288) Phase 1: Mark live objects 11.140ms
[54.354s][info][gc,phases,start] GC(288) Phase 2: Compute new object addresses
[54.379s][info][gc,phases      ] GC(288) Phase 2: Compute new object addresses 25.032ms
[54.379s][info][gc,phases,start] GC(288) Phase 3: Adjust pointers
[54.382s][info][gc,phases      ] GC(288) Phase 3: Adjust pointers 2.651ms
[54.382s][info][gc,phases,start] GC(288) Phase 4: Move objects
[54.382s][info][gc,phases      ] GC(288) Phase 4: Move objects 0.011ms
[54.382s][info][gc,heap        ] GC(288) DefNew: 57309K(314560K)->0K(314560K) Eden: 22365K(279616K)->0K(279616K) From: 34943K(34944K)->0K(34944K)
[54.382s][info][gc,heap        ] GC(288) Tenured: 26018K(699072K)->26018K(699072K)
[54.382s][info][gc,metaspace   ] GC(288) Metaspace: 8609K(8832K)->8609K(8832K) NonClass: 7458K(7552K)->7458K(7552K) Class: 1151K(1280K)->1151K(1280K)
[54.382s][info][gc             ] GC(288) Pause Full (System.gc()) 81M->25M(989M) 39.189ms
[54.382s][info][gc,cpu         ] GC(288) User=0.05s Sys=0.00s Real=0.05s
[54.526s][info][gc,start       ] GC(289) Pause Young (Allocation Failure)
[54.530s][info][gc,heap        ] GC(289) DefNew: 279616K(314560K)->965K(314560K) Eden: 279616K(279616K)->0K(279616K) From: 0K(34944K)->965K(34944K)
[54.530s][info][gc,heap        ] GC(289) Tenured: 26018K(699072K)->26018K(699072K)
[54.530s][info][gc,metaspace   ] GC(289) Metaspace: 8621K(8896K)->8621K(8896K) NonClass: 7469K(7616K)->7469K(7616K) Class: 1151K(1280K)->1151K(1280K)
[54.530s][info][gc             ] GC(289) Pause Young (Allocation Failure) 298M->26M(989M) 3.972ms
[54.530s][info][gc,cpu         ] GC(289) User=0.00s Sys=0.00s Real=0.00s
[54.680s][info][gc,start       ] GC(290) Pause Young (Allocation Failure)
[54.686s][info][gc,heap        ] GC(290) DefNew: 280581K(314560K)->1937K(314560K) Eden: 279616K(279616K)->0K(279616K) From: 965K(34944K)->1937K(34944K)
[54.686s][info][gc,heap        ] GC(290) Tenured: 26018K(699072K)->26018K(699072K)
[54.686s][info][gc,metaspace   ] GC(290) Metaspace: 8621K(8896K)->8621K(8896K) NonClass: 7469K(7616K)->7469K(7616K) Class: 1151K(1280K)->1151K(1280K)
[54.686s][info][gc             ] GC(290) Pause Young (Allocation Failure) 299M->27M(989M) 6.569ms
[54.686s][info][gc,cpu         ] GC(290) User=0.02s Sys=0.00s Real=0.01s
[54.830s][info][gc,start       ] GC(291) Pause Young (Allocation Failure)
[54.838s][info][gc,heap        ] GC(291) DefNew: 281553K(314560K)->2847K(314560K) Eden: 279616K(279616K)->0K(279616K) From: 1937K(34944K)->2847K(34944K)
[54.838s][info][gc,heap        ] GC(291) Tenured: 26018K(699072K)->26018K(699072K)
[54.838s][info][gc,metaspace   ] GC(291) Metaspace: 8621K(8896K)->8621K(8896K) NonClass: 7469K(7616K)->7469K(7616K) Class: 1151K(1280K)->1151K(1280K)
[54.838s][info][gc             ] GC(291) Pause Young (Allocation Failure) 300M->28M(989M) 8.498ms
[54.838s][info][gc,cpu         ] GC(291) User=0.02s Sys=0.00s Real=0.02s
[54.974s][info][gc,start       ] GC(292) Pause Young (Allocation Failure)
[54.986s][info][gc,heap        ] GC(292) DefNew: 282463K(314560K)->3686K(314560K) Eden: 279616K(279616K)->0K(279616K) From: 2847K(34944K)->3686K(34944K)
[54.986s][info][gc,heap        ] GC(292) Tenured: 26018K(699072K)->26018K(699072K)
[54.986s][info][gc,metaspace   ] GC(292) Metaspace: 8621K(8896K)->8621K(8896K) NonClass: 7469K(7616K)->7469K(7616K) Class: 1151K(1280K)->1151K(1280K)
[54.986s][info][gc             ] GC(292) Pause Young (Allocation Failure) 301M->29M(989M) 11.826ms
[54.986s][info][gc,cpu         ] GC(292) User=0.02s Sys=0.00s Real=0.02s
[55.130s][info][gc,start       ] GC(293) Pause Young (Allocation Failure)
[55.144s][info][gc,heap        ] GC(293) DefNew: 283302K(314560K)->4828K(314560K) Eden: 279616K(279616K)->0K(279616K) From: 3686K(34944K)->4828K(34944K)
[55.144s][info][gc,heap        ] GC(293) Tenured: 26018K(699072K)->26018K(699072K)
[55.144s][info][gc,metaspace   ] GC(293) Metaspace: 8621K(8896K)->8621K(8896K) NonClass: 7469K(7616K)->7469K(7616K) Class: 1151K(1280K)->1151K(1280K)
[55.144s][info][gc             ] GC(293) Pause Young (Allocation Failure) 302M->30M(989M) 14.192ms
[55.144s][info][gc,cpu         ] GC(293) User=0.02s Sys=0.00s Real=0.02s
[55.278s][info][gc,start       ] GC(294) Pause Young (Allocation Failure)
[55.292s][info][gc,heap        ] GC(294) DefNew: 284444K(314560K)->5746K(314560K) Eden: 279616K(279616K)->0K(279616K) From: 4828K(34944K)->5746K(34944K)
[55.292s][info][gc,heap        ] GC(294) Tenured: 26018K(699072K)->26018K(699072K)
[55.292s][info][gc,metaspace   ] GC(294) Metaspace: 8621K(8896K)->8621K(8896K) NonClass: 7469K(7616K)->7469K(7616K) Class: 1151K(1280K)->1151K(1280K)
[55.292s][info][gc             ] GC(294) Pause Young (Allocation Failure) 303M->31M(989M) 13.806ms
[55.292s][info][gc,cpu         ] GC(294) User=0.02s Sys=0.00s Real=0.02s
[55.428s][info][gc,start       ] GC(295) Pause Young (Allocation Failure)
[55.444s][info][gc,heap        ] GC(295) DefNew: 285362K(314560K)->6684K(314560K) Eden: 279616K(279616K)->0K(279616K) From: 5746K(34944K)->6684K(34944K)
[55.444s][info][gc,heap        ] GC(295) Tenured: 26018K(699072K)->26018K(699072K)
[55.444s][info][gc,metaspace   ] GC(295) Metaspace: 8621K(8896K)->8621K(8896K) NonClass: 7469K(7616K)->7469K(7616K) Class: 1151K(1280K)->1151K(1280K)
[55.444s][info][gc             ] GC(295) Pause Young (Allocation Failure) 304M->31M(989M) 16.063ms
[55.445s][info][gc,cpu         ] GC(295) User=0.02s Sys=0.00s Real=0.02s
[55.583s][info][gc,start       ] GC(296) Pause Young (Allocation Failure)
[55.600s][info][gc,heap        ] GC(296) DefNew: 286300K(314560K)->7534K(314560K) Eden: 279616K(279616K)->0K(279616K) From: 6684K(34944K)->7534K(34944K)
[55.600s][info][gc,heap        ] GC(296) Tenured: 26018K(699072K)->26018K(699072K)
[55.600s][info][gc,metaspace   ] GC(296) Metaspace: 8621K(8896K)->8621K(8896K) NonClass: 7469K(7616K)->7469K(7616K) Class: 1151K(1280K)->1151K(1280K)
[55.600s][info][gc             ] GC(296) Pause Young (Allocation Failure) 304M->32M(989M) 17.067ms
[55.600s][info][gc,cpu         ] GC(296) User=0.02s Sys=0.00s Real=0.02s
[55.749s][info][gc,start       ] GC(297) Pause Young (Allocation Failure)
[55.767s][info][gc,heap        ] GC(297) DefNew: 287150K(314560K)->8456K(314560K) Eden: 279616K(279616K)->0K(279616K) From: 7534K(34944K)->8456K(34944K)
[55.767s][info][gc,heap        ] GC(297) Tenured: 26018K(699072K)->26018K(699072K)
[55.767s][info][gc,metaspace   ] GC(297) Metaspace: 8621K(8896K)->8621K(8896K) NonClass: 7469K(7616K)->7469K(7616K) Class: 1151K(1280K)->1151K(1280K)
[55.767s][info][gc             ] GC(297) Pause Young (Allocation Failure) 305M->33M(989M) 18.107ms
[55.767s][info][gc,cpu         ] GC(297) User=0.02s Sys=0.00s Real=0.02s
[55.923s][info][gc,start       ] GC(298) Pause Young (Allocation Failure)
[55.945s][info][gc,heap        ] GC(298) DefNew: 288072K(314560K)->9509K(314560K) Eden: 279616K(279616K)->0K(279616K) From: 8456K(34944K)->9509K(34944K)
[55.945s][info][gc,heap        ] GC(298) Tenured: 26018K(699072K)->26018K(699072K)
[55.945s][info][gc,metaspace   ] GC(298) Metaspace: 8621K(8896K)->8621K(8896K) NonClass: 7469K(7616K)->7469K(7616K) Class: 1151K(1280K)->1151K(1280K)
[55.945s][info][gc             ] GC(298) Pause Young (Allocation Failure) 306M->34M(989M) 22.269ms
[55.945s][info][gc,cpu         ] GC(298) User=0.02s Sys=0.00s Real=0.02s
[56.087s][info][gc,start       ] GC(299) Pause Young (Allocation Failure)
[56.109s][info][gc,heap        ] GC(299) DefNew: 289125K(314560K)->10462K(314560K) Eden: 279616K(279616K)->0K(279616K) From: 9509K(34944K)->10462K(34944K)
[56.110s][info][gc,heap        ] GC(299) Tenured: 26018K(699072K)->26018K(699072K)
[56.110s][info][gc,metaspace   ] GC(299) Metaspace: 8621K(8896K)->8621K(8896K) NonClass: 7469K(7616K)->7469K(7616K) Class: 1151K(1280K)->1151K(1280K)
[56.110s][info][gc             ] GC(299) Pause Young (Allocation Failure) 307M->35M(989M) 22.333ms
[56.110s][info][gc,cpu         ] GC(299) User=0.02s Sys=0.00s Real=0.02s
[56.250s][info][gc,start       ] GC(300) Pause Young (Allocation Failure)
[56.273s][info][gc,heap        ] GC(300) DefNew: 290078K(314560K)->11394K(314560K) Eden: 279616K(279616K)->0K(279616K) From: 10462K(34944K)->11394K(34944K)
[56.273s][info][gc,heap        ] GC(300) Tenured: 26018K(699072K)->26018K(699072K)
[56.273s][info][gc,metaspace   ] GC(300) Metaspace: 8621K(8896K)->8621K(8896K) NonClass: 7469K(7616K)->7469K(7616K) Class: 1151K(1280K)->1151K(1280K)
[56.273s][info][gc             ] GC(300) Pause Young (Allocation Failure) 308M->36M(989M) 22.612ms
[56.273s][info][gc,cpu         ] GC(300) User=0.03s Sys=0.00s Real=0.03s
[56.431s][info][gc,start       ] GC(301) Pause Young (Allocation Failure)
[56.456s][info][gc,heap        ] GC(301) DefNew: 291010K(314560K)->12234K(314560K) Eden: 279616K(279616K)->0K(279616K) From: 11394K(34944K)->12234K(34944K)
[56.456s][info][gc,heap        ] GC(301) Tenured: 26018K(699072K)->26018K(699072K)
[56.456s][info][gc,metaspace   ] GC(301) Metaspace: 8621K(8896K)->8621K(8896K) NonClass: 7469K(7616K)->7469K(7616K) Class: 1151K(1280K)->1151K(1280K)
[56.456s][info][gc             ] GC(301) Pause Young (Allocation Failure) 309M->37M(989M) 25.197ms
[56.456s][info][gc,cpu         ] GC(301) User=0.02s Sys=0.00s Real=0.02s
[56.631s][info][gc,start       ] GC(302) Pause Young (Allocation Failure)
[56.664s][info][gc,heap        ] GC(302) DefNew: 291850K(314560K)->13328K(314560K) Eden: 279616K(279616K)->0K(279616K) From: 12234K(34944K)->13328K(34944K)
[56.664s][info][gc,heap        ] GC(302) Tenured: 26018K(699072K)->26018K(699072K)
[56.664s][info][gc,metaspace   ] GC(302) Metaspace: 8621K(8896K)->8621K(8896K) NonClass: 7469K(7616K)->7469K(7616K) Class: 1151K(1280K)->1151K(1280K)
[56.664s][info][gc             ] GC(302) Pause Young (Allocation Failure) 310M->38M(989M) 33.292ms
[56.664s][info][gc,cpu         ] GC(302) User=0.03s Sys=0.00s Real=0.03s
[56.806s][info][gc,start       ] GC(303) Pause Young (Allocation Failure)
[56.831s][info][gc,heap        ] GC(303) DefNew: 292944K(314560K)->14241K(314560K) Eden: 279616K(279616K)->0K(279616K) From: 13328K(34944K)->14241K(34944K)
[56.831s][info][gc,heap        ] GC(303) Tenured: 26018K(699072K)->26018K(699072K)
[56.831s][info][gc,metaspace   ] GC(303) Metaspace: 8621K(8896K)->8621K(8896K) NonClass: 7469K(7616K)->7469K(7616K) Class: 1151K(1280K)->1151K(1280K)
[56.831s][info][gc             ] GC(303) Pause Young (Allocation Failure) 311M->39M(989M) 24.571ms
[56.831s][info][gc,cpu         ] GC(303) User=0.03s Sys=0.00s Real=0.03s
[56.973s][info][gc,start       ] GC(304) Pause Young (Allocation Failure)
[57.001s][info][gc,heap        ] GC(304) DefNew: 293857K(314560K)->15195K(314560K) Eden: 279616K(279616K)->0K(279616K) From: 14241K(34944K)->15195K(34944K)
[57.001s][info][gc,heap        ] GC(304) Tenured: 26018K(699072K)->26023K(699072K)
[57.001s][info][gc,metaspace   ] GC(304) Metaspace: 8621K(8896K)->8621K(8896K) NonClass: 7469K(7616K)->7469K(7616K) Class: 1151K(1280K)->1151K(1280K)
[57.001s][info][gc             ] GC(304) Pause Young (Allocation Failure) 312M->40M(989M) 27.232ms
[57.001s][info][gc,cpu         ] GC(304) User=0.02s Sys=0.00s Real=0.02s
[57.147s][info][gc,start       ] GC(305) Pause Young (Allocation Failure)
[57.174s][info][gc,heap        ] GC(305) DefNew: 294811K(314560K)->16062K(314560K) Eden: 279616K(279616K)->0K(279616K) From: 15195K(34944K)->16062K(34944K)
[57.174s][info][gc,heap        ] GC(305) Tenured: 26023K(699072K)->26023K(699072K)
[57.174s][info][gc,metaspace   ] GC(305) Metaspace: 8621K(8896K)->8621K(8896K) NonClass: 7469K(7616K)->7469K(7616K) Class: 1151K(1280K)->1151K(1280K)
[57.174s][info][gc             ] GC(305) Pause Young (Allocation Failure) 313M->41M(989M) 27.257ms
[57.174s][info][gc,cpu         ] GC(305) User=0.03s Sys=0.00s Real=0.03s
[57.315s][info][gc,start       ] GC(306) Pause Young (Allocation Failure)
[57.345s][info][gc,heap        ] GC(306) DefNew: 295678K(314560K)->16963K(314560K) Eden: 279616K(279616K)->0K(279616K) From: 16062K(34944K)->16963K(34944K)
[57.345s][info][gc,heap        ] GC(306) Tenured: 26023K(699072K)->26023K(699072K)
[57.345s][info][gc,metaspace   ] GC(306) Metaspace: 8621K(8896K)->8621K(8896K) NonClass: 7469K(7616K)->7469K(7616K) Class: 1151K(1280K)->1151K(1280K)
[57.345s][info][gc             ] GC(306) Pause Young (Allocation Failure) 314M->41M(989M) 29.720ms
[57.345s][info][gc,cpu         ] GC(306) User=0.03s Sys=0.00s Real=0.03s
[57.495s][info][gc,start       ] GC(307) Pause Young (Allocation Failure)
[57.530s][info][gc,heap        ] GC(307) DefNew: 296579K(314560K)->18026K(314560K) Eden: 279616K(279616K)->0K(279616K) From: 16963K(34944K)->18026K(34944K)
[57.530s][info][gc,heap        ] GC(307) Tenured: 26023K(699072K)->26023K(699072K)
[57.530s][info][gc,metaspace   ] GC(307) Metaspace: 8621K(8896K)->8621K(8896K) NonClass: 7469K(7616K)->7469K(7616K) Class: 1151K(1280K)->1151K(1280K)
[57.530s][info][gc             ] GC(307) Pause Young (Allocation Failure) 315M->43M(989M) 35.118ms
[57.530s][info][gc,cpu         ] GC(307) User=0.03s Sys=0.00s Real=0.04s
[57.679s][info][gc,start       ] GC(308) Pause Young (Allocation Failure)
[57.709s][info][gc,heap        ] GC(308) DefNew: 297642K(314560K)->14655K(314560K) Eden: 279616K(279616K)->0K(279616K) From: 18026K(34944K)->14655K(34944K)
[57.709s][info][gc,heap        ] GC(308) Tenured: 26023K(699072K)->30349K(699072K)
[57.709s][info][gc,metaspace   ] GC(308) Metaspace: 8621K(8896K)->8621K(8896K) NonClass: 7469K(7616K)->7469K(7616K) Class: 1151K(1280K)->1151K(1280K)
[57.709s][info][gc             ] GC(308) Pause Young (Allocation Failure) 316M->43M(989M) 30.090ms
[57.709s][info][gc,cpu         ] GC(308) User=0.03s Sys=0.00s Real=0.03s
[57.850s][info][gc,start       ] GC(309) Pause Young (Allocation Failure)
[57.877s][info][gc,heap        ] GC(309) DefNew: 294271K(314560K)->15570K(314560K) Eden: 279616K(279616K)->0K(279616K) From: 14655K(34944K)->15570K(34944K)
[57.877s][info][gc,heap        ] GC(309) Tenured: 30349K(699072K)->30349K(699072K)
[57.877s][info][gc,metaspace   ] GC(309) Metaspace: 8621K(8896K)->8621K(8896K) NonClass: 7469K(7616K)->7469K(7616K) Class: 1151K(1280K)->1151K(1280K)
[57.877s][info][gc             ] GC(309) Pause Young (Allocation Failure) 317M->44M(989M) 27.063ms
[57.877s][info][gc,cpu         ] GC(309) User=0.03s Sys=0.00s Real=0.03s
[58.022s][info][gc,start       ] GC(310) Pause Young (Allocation Failure)
[58.051s][info][gc,heap        ] GC(310) DefNew: 295186K(314560K)->16419K(314560K) Eden: 279616K(279616K)->0K(279616K) From: 15570K(34944K)->16419K(34944K)
[58.051s][info][gc,heap        ] GC(310) Tenured: 30349K(699072K)->30349K(699072K)
[58.051s][info][gc,metaspace   ] GC(310) Metaspace: 8621K(8896K)->8621K(8896K) NonClass: 7469K(7616K)->7469K(7616K) Class: 1151K(1280K)->1151K(1280K)
[58.051s][info][gc             ] GC(310) Pause Young (Allocation Failure) 317M->45M(989M) 28.213ms
[58.051s][info][gc,cpu         ] GC(310) User=0.03s Sys=0.00s Real=0.03s
[58.506s][info][gc,start       ] GC(311) Pause Young (Allocation Failure)
[58.631s][info][gc,heap        ] GC(311) DefNew: 296035K(314560K)->34943K(314560K) Eden: 279616K(279616K)->0K(279616K) From: 16419K(34944K)->34943K(34944K)
[58.631s][info][gc,heap        ] GC(311) Tenured: 30349K(699072K)->48509K(699072K)
[58.631s][info][gc,metaspace   ] GC(311) Metaspace: 8621K(8896K)->8621K(8896K) NonClass: 7470K(7616K)->7470K(7616K) Class: 1151K(1280K)->1151K(1280K)
[58.631s][info][gc             ] GC(311) Pause Young (Allocation Failure) 318M->81M(989M) 124.840ms
[58.631s][info][gc,cpu         ] GC(311) User=0.13s Sys=0.00s Real=0.13s
[58.679s][info][gc,start       ] GC(312) Pause Full (System.gc())
[58.680s][info][gc,phases,start] GC(312) Phase 1: Mark live objects
[58.691s][info][gc,phases      ] GC(312) Phase 1: Mark live objects 11.025ms
[58.691s][info][gc,phases,start] GC(312) Phase 2: Compute new object addresses
[58.718s][info][gc,phases      ] GC(312) Phase 2: Compute new object addresses 27.269ms
[58.718s][info][gc,phases,start] GC(312) Phase 3: Adjust pointers
[58.721s][info][gc,phases      ] GC(312) Phase 3: Adjust pointers 2.683ms
[58.721s][info][gc,phases,start] GC(312) Phase 4: Move objects
[58.721s][info][gc,phases      ] GC(312) Phase 4: Move objects 0.011ms
[58.721s][info][gc,heap        ] GC(312) DefNew: 57309K(314560K)->0K(314560K) Eden: 22365K(279616K)->0K(279616K) From: 34943K(34944K)->0K(34944K)
[58.721s][info][gc,heap        ] GC(312) Tenured: 48509K(699072K)->3527K(699072K)
[58.721s][info][gc,metaspace   ] GC(312) Metaspace: 8622K(8896K)->8622K(8896K) NonClass: 7471K(7616K)->7471K(7616K) Class: 1151K(1280K)->1151K(1280K)
[58.721s][info][gc             ] GC(312) Pause Full (System.gc()) 103M->3M(989M) 41.364ms
[58.721s][info][gc,cpu         ] GC(312) User=0.05s Sys=0.00s Real=0.05s
[58.867s][info][gc,start       ] GC(313) Pause Young (Allocation Failure)
[58.871s][info][gc,heap        ] GC(313) DefNew: 279616K(314560K)->965K(314560K) Eden: 279616K(279616K)->0K(279616K) From: 0K(34944K)->965K(34944K)
[58.871s][info][gc,heap        ] GC(313) Tenured: 3527K(699072K)->3527K(699072K)
[58.871s][info][gc,metaspace   ] GC(313) Metaspace: 8627K(8896K)->8627K(8896K) NonClass: 7476K(7616K)->7476K(7616K) Class: 1151K(1280K)->1151K(1280K)
[58.871s][info][gc             ] GC(313) Pause Young (Allocation Failure) 276M->4M(989M) 3.982ms
[58.871s][info][gc,cpu         ] GC(313) User=0.02s Sys=0.00s Real=0.00s
[59.024s][info][gc,start       ] GC(314) Pause Young (Allocation Failure)
[59.031s][info][gc,heap        ] GC(314) DefNew: 280581K(314560K)->1937K(314560K) Eden: 279616K(279616K)->0K(279616K) From: 965K(34944K)->1937K(34944K)
[59.031s][info][gc,heap        ] GC(314) Tenured: 3527K(699072K)->3527K(699072K)
[59.031s][info][gc,metaspace   ] GC(314) Metaspace: 8627K(8896K)->8627K(8896K) NonClass: 7476K(7616K)->7476K(7616K) Class: 1151K(1280K)->1151K(1280K)
[59.031s][info][gc             ] GC(314) Pause Young (Allocation Failure) 277M->5M(989M) 6.640ms
[59.031s][info][gc,cpu         ] GC(314) User=0.02s Sys=0.00s Real=0.01s
[59.164s][info][gc,start       ] GC(315) Pause Young (Allocation Failure)
[59.172s][info][gc,heap        ] GC(315) DefNew: 281553K(314560K)->2847K(314560K) Eden: 279616K(279616K)->0K(279616K) From: 1937K(34944K)->2847K(34944K)
[59.173s][info][gc,heap        ] GC(315) Tenured: 3527K(699072K)->3527K(699072K)
[59.173s][info][gc,metaspace   ] GC(315) Metaspace: 8627K(8896K)->8627K(8896K) NonClass: 7476K(7616K)->7476K(7616K) Class: 1151K(1280K)->1151K(1280K)
[59.173s][info][gc             ] GC(315) Pause Young (Allocation Failure) 278M->6M(989M) 8.672ms
[59.173s][info][gc,cpu         ] GC(315) User=0.02s Sys=0.00s Real=0.01s
[59.357s][info][gc,start       ] GC(316) Pause Young (Allocation Failure)
[59.369s][info][gc,heap        ] GC(316) DefNew: 282463K(314560K)->3686K(314560K) Eden: 279616K(279616K)->0K(279616K) From: 2847K(34944K)->3686K(34944K)
[59.369s][info][gc,heap        ] GC(316) Tenured: 3527K(699072K)->3527K(699072K)
[59.369s][info][gc,metaspace   ] GC(316) Metaspace: 8627K(8896K)->8627K(8896K) NonClass: 7476K(7616K)->7476K(7616K) Class: 1151K(1280K)->1151K(1280K)
[59.369s][info][gc             ] GC(316) Pause Young (Allocation Failure) 279M->7M(989M) 12.009ms
[59.369s][info][gc,cpu         ] GC(316) User=0.02s Sys=0.00s Real=0.01s
[59.514s][info][gc,start       ] GC(317) Pause Young (Allocation Failure)
[59.530s][info][gc,heap        ] GC(317) DefNew: 283302K(314560K)->4828K(314560K) Eden: 279616K(279616K)->0K(279616K) From: 3686K(34944K)->4828K(34944K)
[59.530s][info][gc,heap        ] GC(317) Tenured: 3527K(699072K)->3527K(699072K)
[59.530s][info][gc,metaspace   ] GC(317) Metaspace: 8627K(8896K)->8627K(8896K) NonClass: 7476K(7616K)->7476K(7616K) Class: 1151K(1280K)->1151K(1280K)
[59.530s][info][gc             ] GC(317) Pause Young (Allocation Failure) 280M->8M(989M) 15.892ms
[59.530s][info][gc,cpu         ] GC(317) User=0.00s Sys=0.00s Real=0.01s
[59.666s][info][gc,start       ] GC(318) Pause Young (Allocation Failure)
[59.680s][info][gc,heap        ] GC(318) DefNew: 284444K(314560K)->5746K(314560K) Eden: 279616K(279616K)->0K(279616K) From: 4828K(34944K)->5746K(34944K)
[59.680s][info][gc,heap        ] GC(318) Tenured: 3527K(699072K)->3527K(699072K)
[59.680s][info][gc,metaspace   ] GC(318) Metaspace: 8627K(8896K)->8627K(8896K) NonClass: 7476K(7616K)->7476K(7616K) Class: 1151K(1280K)->1151K(1280K)
[59.680s][info][gc             ] GC(318) Pause Young (Allocation Failure) 281M->9M(989M) 14.434ms
[59.680s][info][gc,cpu         ] GC(318) User=0.02s Sys=0.00s Real=0.01s
[59.821s][info][gc,start       ] GC(319) Pause Young (Allocation Failure)
[59.837s][info][gc,heap        ] GC(319) DefNew: 285362K(314560K)->6684K(314560K) Eden: 279616K(279616K)->0K(279616K) From: 5746K(34944K)->6684K(34944K)
[59.837s][info][gc,heap        ] GC(319) Tenured: 3527K(699072K)->3527K(699072K)
[59.837s][info][gc,metaspace   ] GC(319) Metaspace: 8627K(8896K)->8627K(8896K) NonClass: 7476K(7616K)->7476K(7616K) Class: 1151K(1280K)->1151K(1280K)
[59.837s][info][gc             ] GC(319) Pause Young (Allocation Failure) 282M->9M(989M) 16.043ms
[59.837s][info][gc,cpu         ] GC(319) User=0.02s Sys=0.00s Real=0.02s
[59.977s][info][gc,start       ] GC(320) Pause Young (Allocation Failure)
[59.995s][info][gc,heap        ] GC(320) DefNew: 286300K(314560K)->7534K(314560K) Eden: 279616K(279616K)->0K(279616K) From: 6684K(34944K)->7534K(34944K)
[59.995s][info][gc,heap        ] GC(320) Tenured: 3527K(699072K)->3527K(699072K)
[59.995s][info][gc,metaspace   ] GC(320) Metaspace: 8627K(8896K)->8627K(8896K) NonClass: 7476K(7616K)->7476K(7616K) Class: 1151K(1280K)->1151K(1280K)
[59.995s][info][gc             ] GC(320) Pause Young (Allocation Failure) 283M->10M(989M) 18.313ms
[59.995s][info][gc,cpu         ] GC(320) User=0.03s Sys=0.00s Real=0.02s
[60.132s][info][gc,start       ] GC(321) Pause Young (Allocation Failure)
[60.150s][info][gc,heap        ] GC(321) DefNew: 287150K(314560K)->8456K(314560K) Eden: 279616K(279616K)->0K(279616K) From: 7534K(34944K)->8456K(34944K)
[60.150s][info][gc,heap        ] GC(321) Tenured: 3527K(699072K)->3527K(699072K)
[60.150s][info][gc,metaspace   ] GC(321) Metaspace: 8627K(8896K)->8627K(8896K) NonClass: 7476K(7616K)->7476K(7616K) Class: 1151K(1280K)->1151K(1280K)
[60.150s][info][gc             ] GC(321) Pause Young (Allocation Failure) 283M->11M(989M) 17.809ms
[60.150s][info][gc,cpu         ] GC(321) User=0.02s Sys=0.00s Real=0.02s
[60.322s][info][gc,start       ] GC(322) Pause Young (Allocation Failure)
[60.340s][info][gc,heap        ] GC(322) DefNew: 288072K(314560K)->9509K(314560K) Eden: 279616K(279616K)->0K(279616K) From: 8456K(34944K)->9509K(34944K)
[60.340s][info][gc,heap        ] GC(322) Tenured: 3527K(699072K)->3527K(699072K)
[60.340s][info][gc,metaspace   ] GC(322) Metaspace: 8627K(8896K)->8627K(8896K) NonClass: 7476K(7616K)->7476K(7616K) Class: 1151K(1280K)->1151K(1280K)
[60.340s][info][gc             ] GC(322) Pause Young (Allocation Failure) 284M->12M(989M) 18.241ms
[60.340s][info][gc,cpu         ] GC(322) User=0.03s Sys=0.00s Real=0.02s
[60.492s][info][gc,start       ] GC(323) Pause Young (Allocation Failure)
[60.513s][info][gc,heap        ] GC(323) DefNew: 289125K(314560K)->10462K(314560K) Eden: 279616K(279616K)->0K(279616K) From: 9509K(34944K)->10462K(34944K)
[60.513s][info][gc,heap        ] GC(323) Tenured: 3527K(699072K)->3527K(699072K)
[60.514s][info][gc,metaspace   ] GC(323) Metaspace: 8627K(8896K)->8627K(8896K) NonClass: 7476K(7616K)->7476K(7616K) Class: 1151K(1280K)->1151K(1280K)
[60.514s][info][gc             ] GC(323) Pause Young (Allocation Failure) 285M->13M(989M) 21.331ms
[60.514s][info][gc,cpu         ] GC(323) User=0.03s Sys=0.00s Real=0.02s
[60.659s][info][gc,start       ] GC(324) Pause Young (Allocation Failure)
[60.681s][info][gc,heap        ] GC(324) DefNew: 290078K(314560K)->11394K(314560K) Eden: 279616K(279616K)->0K(279616K) From: 10462K(34944K)->11394K(34944K)
[60.681s][info][gc,heap        ] GC(324) Tenured: 3527K(699072K)->3527K(699072K)
[60.681s][info][gc,metaspace   ] GC(324) Metaspace: 8627K(8896K)->8627K(8896K) NonClass: 7476K(7616K)->7476K(7616K) Class: 1151K(1280K)->1151K(1280K)
[60.681s][info][gc             ] GC(324) Pause Young (Allocation Failure) 286M->14M(989M) 22.551ms
[60.681s][info][gc,cpu         ] GC(324) User=0.02s Sys=0.00s Real=0.02s
[60.826s][info][gc,start       ] GC(325) Pause Young (Allocation Failure)
[60.850s][info][gc,heap        ] GC(325) DefNew: 291010K(314560K)->12234K(314560K) Eden: 279616K(279616K)->0K(279616K) From: 11394K(34944K)->12234K(34944K)
[60.850s][info][gc,heap        ] GC(325) Tenured: 3527K(699072K)->3527K(699072K)
[60.850s][info][gc,metaspace   ] GC(325) Metaspace: 8627K(8896K)->8627K(8896K) NonClass: 7476K(7616K)->7476K(7616K) Class: 1151K(1280K)->1151K(1280K)
[60.850s][info][gc             ] GC(325) Pause Young (Allocation Failure) 287M->15M(989M) 24.132ms
[60.850s][info][gc,cpu         ] GC(325) User=0.02s Sys=0.00s Real=0.02s
[61.021s][info][gc,start       ] GC(326) Pause Young (Allocation Failure)
[61.054s][info][gc,heap        ] GC(326) DefNew: 291850K(314560K)->13328K(314560K) Eden: 279616K(279616K)->0K(279616K) From: 12234K(34944K)->13328K(34944K)
[61.054s][info][gc,heap        ] GC(326) Tenured: 3527K(699072K)->3527K(699072K)
[61.054s][info][gc,metaspace   ] GC(326) Metaspace: 8627K(8896K)->8627K(8896K) NonClass: 7476K(7616K)->7476K(7616K) Class: 1151K(1280K)->1151K(1280K)
[61.054s][info][gc             ] GC(326) Pause Young (Allocation Failure) 288M->16M(989M) 32.504ms
[61.054s][info][gc,cpu         ] GC(326) User=0.03s Sys=0.00s Real=0.03s
[61.198s][info][gc,start       ] GC(327) Pause Young (Allocation Failure)
[61.222s][info][gc,heap        ] GC(327) DefNew: 292944K(314560K)->14241K(314560K) Eden: 279616K(279616K)->0K(279616K) From: 13328K(34944K)->14241K(34944K)
[61.222s][info][gc,heap        ] GC(327) Tenured: 3527K(699072K)->3527K(699072K)
[61.222s][info][gc,metaspace   ] GC(327) Metaspace: 8627K(8896K)->8627K(8896K) NonClass: 7476K(7616K)->7476K(7616K) Class: 1151K(1280K)->1151K(1280K)
[61.240s][info][gc             ] GC(327) Pause Young (Allocation Failure) 289M->17M(989M) 42.382ms
[61.240s][info][gc,cpu         ] GC(327) User=0.03s Sys=0.00s Real=0.05s
[61.389s][info][gc,start       ] GC(328) Pause Young (Allocation Failure)
[61.414s][info][gc,heap        ] GC(328) DefNew: 293857K(314560K)->15195K(314560K) Eden: 279616K(279616K)->0K(279616K) From: 14241K(34944K)->15195K(34944K)
[61.414s][info][gc,heap        ] GC(328) Tenured: 3527K(699072K)->3532K(699072K)
[61.415s][info][gc,metaspace   ] GC(328) Metaspace: 8627K(8896K)->8627K(8896K) NonClass: 7476K(7616K)->7476K(7616K) Class: 1151K(1280K)->1151K(1280K)
[61.415s][info][gc             ] GC(328) Pause Young (Allocation Failure) 290M->18M(989M) 25.987ms
[61.415s][info][gc,cpu         ] GC(328) User=0.02s Sys=0.00s Real=0.03s
[61.561s][info][gc,start       ] GC(329) Pause Young (Allocation Failure)
[61.587s][info][gc,heap        ] GC(329) DefNew: 294811K(314560K)->16062K(314560K) Eden: 279616K(279616K)->0K(279616K) From: 15195K(34944K)->16062K(34944K)
[61.587s][info][gc,heap        ] GC(329) Tenured: 3532K(699072K)->3532K(699072K)
[61.587s][info][gc,metaspace   ] GC(329) Metaspace: 8627K(8896K)->8627K(8896K) NonClass: 7476K(7616K)->7476K(7616K) Class: 1151K(1280K)->1151K(1280K)
[61.587s][info][gc             ] GC(329) Pause Young (Allocation Failure) 291M->19M(989M) 26.605ms
[61.587s][info][gc,cpu         ] GC(329) User=0.02s Sys=0.00s Real=0.02s
[61.728s][info][gc,start       ] GC(330) Pause Young (Allocation Failure)
[61.757s][info][gc,heap        ] GC(330) DefNew: 295678K(314560K)->16963K(314560K) Eden: 279616K(279616K)->0K(279616K) From: 16062K(34944K)->16963K(34944K)
[61.757s][info][gc,heap        ] GC(330) Tenured: 3532K(699072K)->3532K(699072K)
[61.757s][info][gc,metaspace   ] GC(330) Metaspace: 8627K(8896K)->8627K(8896K) NonClass: 7476K(7616K)->7476K(7616K) Class: 1151K(1280K)->1151K(1280K)
[61.757s][info][gc             ] GC(330) Pause Young (Allocation Failure) 292M->20M(989M) 29.034ms
[61.757s][info][gc,cpu         ] GC(330) User=0.03s Sys=0.00s Real=0.03s
[61.946s][info][gc,start       ] GC(331) Pause Young (Allocation Failure)
[61.981s][info][gc,heap        ] GC(331) DefNew: 296579K(314560K)->18026K(314560K) Eden: 279616K(279616K)->0K(279616K) From: 16963K(34944K)->18026K(34944K)
[61.981s][info][gc,heap        ] GC(331) Tenured: 3532K(699072K)->3532K(699072K)
[61.981s][info][gc,metaspace   ] GC(331) Metaspace: 8627K(8896K)->8627K(8896K) NonClass: 7476K(7616K)->7476K(7616K) Class: 1151K(1280K)->1151K(1280K)
[61.981s][info][gc             ] GC(331) Pause Young (Allocation Failure) 293M->21M(989M) 34.560ms
[61.981s][info][gc,cpu         ] GC(331) User=0.03s Sys=0.00s Real=0.03s
[62.131s][info][gc,start       ] GC(332) Pause Young (Allocation Failure)
[62.161s][info][gc,heap        ] GC(332) DefNew: 297642K(314560K)->14655K(314560K) Eden: 279616K(279616K)->0K(279616K) From: 18026K(34944K)->14655K(34944K)
[62.161s][info][gc,heap        ] GC(332) Tenured: 3532K(699072K)->7858K(699072K)
[62.161s][info][gc,metaspace   ] GC(332) Metaspace: 8627K(8896K)->8627K(8896K) NonClass: 7476K(7616K)->7476K(7616K) Class: 1151K(1280K)->1151K(1280K)
[62.161s][info][gc             ] GC(332) Pause Young (Allocation Failure) 294M->21M(989M) 30.137ms
[62.161s][info][gc,cpu         ] GC(332) User=0.03s Sys=0.00s Real=0.03s
[62.333s][info][gc,start       ] GC(333) Pause Young (Allocation Failure)
[62.357s][info][gc,heap        ] GC(333) DefNew: 294271K(314560K)->15570K(314560K) Eden: 279616K(279616K)->0K(279616K) From: 14655K(34944K)->15570K(34944K)
[62.357s][info][gc,heap        ] GC(333) Tenured: 7858K(699072K)->7858K(699072K)
[62.357s][info][gc,metaspace   ] GC(333) Metaspace: 8627K(8896K)->8627K(8896K) NonClass: 7476K(7616K)->7476K(7616K) Class: 1151K(1280K)->1151K(1280K)
[62.357s][info][gc             ] GC(333) Pause Young (Allocation Failure) 295M->22M(989M) 24.025ms
[62.357s][info][gc,cpu         ] GC(333) User=0.03s Sys=0.00s Real=0.02s
[62.506s][info][gc,start       ] GC(334) Pause Young (Allocation Failure)
[62.533s][info][gc,heap        ] GC(334) DefNew: 295186K(314560K)->16419K(314560K) Eden: 279616K(279616K)->0K(279616K) From: 15570K(34944K)->16419K(34944K)
[62.533s][info][gc,heap        ] GC(334) Tenured: 7858K(699072K)->7858K(699072K)
[62.533s][info][gc,metaspace   ] GC(334) Metaspace: 8627K(8896K)->8627K(8896K) NonClass: 7476K(7616K)->7476K(7616K) Class: 1151K(1280K)->1151K(1280K)
[62.534s][info][gc             ] GC(334) Pause Young (Allocation Failure) 295M->23M(989M) 27.745ms
[62.534s][info][gc,cpu         ] GC(334) User=0.02s Sys=0.00s Real=0.02s
[62.977s][info][gc,start       ] GC(335) Pause Young (Allocation Failure)
[63.098s][info][gc,heap        ] GC(335) DefNew: 296035K(314560K)->34943K(314560K) Eden: 279616K(279616K)->0K(279616K) From: 16419K(34944K)->34943K(34944K)
[63.098s][info][gc,heap        ] GC(335) Tenured: 7858K(699072K)->26018K(699072K)
[63.098s][info][gc,metaspace   ] GC(335) Metaspace: 8627K(8896K)->8627K(8896K) NonClass: 7476K(7616K)->7476K(7616K) Class: 1151K(1280K)->1151K(1280K)
[63.098s][info][gc             ] GC(335) Pause Young (Allocation Failure) 296M->59M(989M) 120.664ms
[63.098s][info][gc,cpu         ] GC(335) User=0.13s Sys=0.00s Real=0.12s
[63.144s][info][gc,start       ] GC(336) Pause Full (System.gc())
[63.144s][info][gc,phases,start] GC(336) Phase 1: Mark live objects
[63.155s][info][gc,phases      ] GC(336) Phase 1: Mark live objects 11.231ms
[63.156s][info][gc,phases,start] GC(336) Phase 2: Compute new object addresses
[63.181s][info][gc,phases      ] GC(336) Phase 2: Compute new object addresses 25.832ms
[63.181s][info][gc,phases,start] GC(336) Phase 3: Adjust pointers
[63.184s][info][gc,phases      ] GC(336) Phase 3: Adjust pointers 2.763ms
[63.184s][info][gc,phases,start] GC(336) Phase 4: Move objects
[63.184s][info][gc,phases      ] GC(336) Phase 4: Move objects 0.011ms
[63.184s][info][gc,heap        ] GC(336) DefNew: 57309K(314560K)->0K(314560K) Eden: 22365K(279616K)->0K(279616K) From: 34943K(34944K)->0K(34944K)
[63.184s][info][gc,heap        ] GC(336) Tenured: 26018K(699072K)->26018K(699072K)
[63.184s][info][gc,metaspace   ] GC(336) Metaspace: 8627K(8896K)->8627K(8896K) NonClass: 7476K(7616K)->7476K(7616K) Class: 1151K(1280K)->1151K(1280K)
[63.184s][info][gc             ] GC(336) Pause Full (System.gc()) 81M->25M(989M) 40.175ms
[63.184s][info][gc,cpu         ] GC(336) User=0.05s Sys=0.00s Real=0.04s
[63.331s][info][gc,start       ] GC(337) Pause Young (Allocation Failure)
[63.335s][info][gc,heap        ] GC(337) DefNew: 279616K(314560K)->965K(314560K) Eden: 279616K(279616K)->0K(279616K) From: 0K(34944K)->965K(34944K)
[63.335s][info][gc,heap        ] GC(337) Tenured: 26018K(699072K)->26018K(699072K)
[63.335s][info][gc,metaspace   ] GC(337) Metaspace: 8627K(8896K)->8627K(8896K) NonClass: 7476K(7616K)->7476K(7616K) Class: 1151K(1280K)->1151K(1280K)
[63.335s][info][gc             ] GC(337) Pause Young (Allocation Failure) 298M->26M(989M) 4.055ms
[63.335s][info][gc,cpu         ] GC(337) User=0.00s Sys=0.00s Real=0.01s
[63.471s][info][gc,start       ] GC(338) Pause Young (Allocation Failure)
[63.478s][info][gc,heap        ] GC(338) DefNew: 280581K(314560K)->1937K(314560K) Eden: 279616K(279616K)->0K(279616K) From: 965K(34944K)->1937K(34944K)
[63.478s][info][gc,heap        ] GC(338) Tenured: 26018K(699072K)->26018K(699072K)
[63.478s][info][gc,metaspace   ] GC(338) Metaspace: 8627K(8896K)->8627K(8896K) NonClass: 7476K(7616K)->7476K(7616K) Class: 1151K(1280K)->1151K(1280K)
[63.478s][info][gc             ] GC(338) Pause Young (Allocation Failure) 299M->27M(989M) 6.680ms
[63.478s][info][gc,cpu         ] GC(338) User=0.00s Sys=0.00s Real=0.01s
[63.611s][info][gc,start       ] GC(339) Pause Young (Allocation Failure)
[63.619s][info][gc,heap        ] GC(339) DefNew: 281553K(314560K)->2847K(314560K) Eden: 279616K(279616K)->0K(279616K) From: 1937K(34944K)->2847K(34944K)
[63.619s][info][gc,heap        ] GC(339) Tenured: 26018K(699072K)->26018K(699072K)
[63.619s][info][gc,metaspace   ] GC(339) Metaspace: 8627K(8896K)->8627K(8896K) NonClass: 7476K(7616K)->7476K(7616K) Class: 1151K(1280K)->1151K(1280K)
[63.620s][info][gc             ] GC(339) Pause Young (Allocation Failure) 300M->28M(989M) 8.618ms
[63.620s][info][gc,cpu         ] GC(339) User=0.02s Sys=0.00s Real=0.01s
[63.756s][info][gc,start       ] GC(340) Pause Young (Allocation Failure)
[63.768s][info][gc,heap        ] GC(340) DefNew: 282463K(314560K)->3686K(314560K) Eden: 279616K(279616K)->0K(279616K) From: 2847K(34944K)->3686K(34944K)
[63.768s][info][gc,heap        ] GC(340) Tenured: 26018K(699072K)->26018K(699072K)
[63.768s][info][gc,metaspace   ] GC(340) Metaspace: 8627K(8896K)->8627K(8896K) NonClass: 7476K(7616K)->7476K(7616K) Class: 1151K(1280K)->1151K(1280K)
[63.768s][info][gc             ] GC(340) Pause Young (Allocation Failure) 301M->29M(989M) 11.980ms
[63.768s][info][gc,cpu         ] GC(340) User=0.02s Sys=0.00s Real=0.01s
[63.918s][info][gc,start       ] GC(341) Pause Young (Allocation Failure)
[63.934s][info][gc,heap        ] GC(341) DefNew: 283302K(314560K)->4828K(314560K) Eden: 279616K(279616K)->0K(279616K) From: 3686K(34944K)->4828K(34944K)
[63.934s][info][gc,heap        ] GC(341) Tenured: 26018K(699072K)->26018K(699072K)
[63.934s][info][gc,metaspace   ] GC(341) Metaspace: 8627K(8896K)->8627K(8896K) NonClass: 7476K(7616K)->7476K(7616K) Class: 1151K(1280K)->1151K(1280K)
[63.934s][info][gc             ] GC(341) Pause Young (Allocation Failure) 302M->30M(989M) 16.099ms
[63.934s][info][gc,cpu         ] GC(341) User=0.02s Sys=0.00s Real=0.02s
[64.070s][info][gc,start       ] GC(342) Pause Young (Allocation Failure)
[64.084s][info][gc,heap        ] GC(342) DefNew: 284444K(314560K)->5746K(314560K) Eden: 279616K(279616K)->0K(279616K) From: 4828K(34944K)->5746K(34944K)
[64.084s][info][gc,heap        ] GC(342) Tenured: 26018K(699072K)->26018K(699072K)
[64.084s][info][gc,metaspace   ] GC(342) Metaspace: 8627K(8896K)->8627K(8896K) NonClass: 7476K(7616K)->7476K(7616K) Class: 1151K(1280K)->1151K(1280K)
[64.084s][info][gc             ] GC(342) Pause Young (Allocation Failure) 303M->31M(989M) 14.361ms
[64.084s][info][gc,cpu         ] GC(342) User=0.02s Sys=0.00s Real=0.02s
[64.221s][info][gc,start       ] GC(343) Pause Young (Allocation Failure)
[64.237s][info][gc,heap        ] GC(343) DefNew: 285362K(314560K)->6684K(314560K) Eden: 279616K(279616K)->0K(279616K) From: 5746K(34944K)->6684K(34944K)
[64.237s][info][gc,heap        ] GC(343) Tenured: 26018K(699072K)->26018K(699072K)
[64.237s][info][gc,metaspace   ] GC(343) Metaspace: 8627K(8896K)->8627K(8896K) NonClass: 7476K(7616K)->7476K(7616K) Class: 1151K(1280K)->1151K(1280K)
[64.237s][info][gc             ] GC(343) Pause Young (Allocation Failure) 304M->31M(989M) 16.666ms
[64.237s][info][gc,cpu         ] GC(343) User=0.02s Sys=0.00s Real=0.02s
[64.377s][info][gc,start       ] GC(344) Pause Young (Allocation Failure)
[64.393s][info][gc,heap        ] GC(344) DefNew: 286300K(314560K)->7534K(314560K) Eden: 279616K(279616K)->0K(279616K) From: 6684K(34944K)->7534K(34944K)
[64.393s][info][gc,heap        ] GC(344) Tenured: 26018K(699072K)->26018K(699072K)
[64.393s][info][gc,metaspace   ] GC(344) Metaspace: 8627K(8896K)->8627K(8896K) NonClass: 7476K(7616K)->7476K(7616K) Class: 1151K(1280K)->1151K(1280K)
[64.394s][info][gc             ] GC(344) Pause Young (Allocation Failure) 304M->32M(989M) 16.971ms
[64.394s][info][gc,cpu         ] GC(344) User=0.02s Sys=0.00s Real=0.01s
[64.530s][info][gc,start       ] GC(345) Pause Young (Allocation Failure)
[64.549s][info][gc,heap        ] GC(345) DefNew: 287150K(314560K)->8456K(314560K) Eden: 279616K(279616K)->0K(279616K) From: 7534K(34944K)->8456K(34944K)
[64.549s][info][gc,heap        ] GC(345) Tenured: 26018K(699072K)->26018K(699072K)
[64.549s][info][gc,metaspace   ] GC(345) Metaspace: 8627K(8896K)->8627K(8896K) NonClass: 7476K(7616K)->7476K(7616K) Class: 1151K(1280K)->1151K(1280K)
[64.549s][info][gc             ] GC(345) Pause Young (Allocation Failure) 305M->33M(989M) 19.352ms
[64.549s][info][gc,cpu         ] GC(345) User=0.02s Sys=0.00s Real=0.02s
[64.717s][info][gc,start       ] GC(346) Pause Young (Allocation Failure)
[64.732s][info][gc,heap        ] GC(346) DefNew: 288072K(314560K)->9509K(314560K) Eden: 279616K(279616K)->0K(279616K) From: 8456K(34944K)->9509K(34944K)
[64.732s][info][gc,heap        ] GC(346) Tenured: 26018K(699072K)->26018K(699072K)
[64.732s][info][gc,metaspace   ] GC(346) Metaspace: 8627K(8896K)->8627K(8896K) NonClass: 7476K(7616K)->7476K(7616K) Class: 1151K(1280K)->1151K(1280K)
[64.732s][info][gc             ] GC(346) Pause Young (Allocation Failure) 306M->34M(989M) 15.305ms
[64.732s][info][gc,cpu         ] GC(346) User=0.02s Sys=0.00s Real=0.02s
[64.884s][info][gc,start       ] GC(347) Pause Young (Allocation Failure)
[64.905s][info][gc,heap        ] GC(347) DefNew: 289125K(314560K)->10462K(314560K) Eden: 279616K(279616K)->0K(279616K) From: 9509K(34944K)->10462K(34944K)
[64.905s][info][gc,heap        ] GC(347) Tenured: 26018K(699072K)->26018K(699072K)
[64.905s][info][gc,metaspace   ] GC(347) Metaspace: 8627K(8896K)->8627K(8896K) NonClass: 7476K(7616K)->7476K(7616K) Class: 1151K(1280K)->1151K(1280K)
[64.905s][info][gc             ] GC(347) Pause Young (Allocation Failure) 307M->35M(989M) 21.376ms
[64.906s][info][gc,cpu         ] GC(347) User=0.03s Sys=0.00s Real=0.02s
[65.056s][info][gc,start       ] GC(348) Pause Young (Allocation Failure)
[65.078s][info][gc,heap        ] GC(348) DefNew: 290078K(314560K)->11394K(314560K) Eden: 279616K(279616K)->0K(279616K) From: 10462K(34944K)->11394K(34944K)
[65.078s][info][gc,heap        ] GC(348) Tenured: 26018K(699072K)->26018K(699072K)
[65.078s][info][gc,metaspace   ] GC(348) Metaspace: 8627K(8896K)->8627K(8896K) NonClass: 7476K(7616K)->7476K(7616K) Class: 1151K(1280K)->1151K(1280K)
[65.078s][info][gc             ] GC(348) Pause Young (Allocation Failure) 308M->36M(989M) 22.539ms
[65.078s][info][gc,cpu         ] GC(348) User=0.03s Sys=0.00s Real=0.02s
[65.227s][info][gc,start       ] GC(349) Pause Young (Allocation Failure)
[65.251s][info][gc,heap        ] GC(349) DefNew: 291010K(314560K)->12234K(314560K) Eden: 279616K(279616K)->0K(279616K) From: 11394K(34944K)->12234K(34944K)
[65.251s][info][gc,heap        ] GC(349) Tenured: 26018K(699072K)->26018K(699072K)
[65.251s][info][gc,metaspace   ] GC(349) Metaspace: 8627K(8896K)->8627K(8896K) NonClass: 7476K(7616K)->7476K(7616K) Class: 1151K(1280K)->1151K(1280K)
[65.251s][info][gc             ] GC(349) Pause Young (Allocation Failure) 309M->37M(989M) 24.927ms
[65.252s][info][gc,cpu         ] GC(349) User=0.03s Sys=0.00s Real=0.03s
[65.438s][info][gc,start       ] GC(350) Pause Young (Allocation Failure)
[65.471s][info][gc,heap        ] GC(350) DefNew: 291850K(314560K)->13328K(314560K) Eden: 279616K(279616K)->0K(279616K) From: 12234K(34944K)->13328K(34944K)
[65.471s][info][gc,heap        ] GC(350) Tenured: 26018K(699072K)->26018K(699072K)
[65.471s][info][gc,metaspace   ] GC(350) Metaspace: 8630K(8896K)->8630K(8896K) NonClass: 7478K(7616K)->7478K(7616K) Class: 1151K(1280K)->1151K(1280K)
[65.471s][info][gc             ] GC(350) Pause Young (Allocation Failure) 310M->38M(989M) 32.930ms
[65.471s][info][gc,cpu         ] GC(350) User=0.03s Sys=0.00s Real=0.03s
[65.629s][info][gc,start       ] GC(351) Pause Young (Allocation Failure)
[65.643s][info][gc,heap        ] GC(351) DefNew: 292944K(314560K)->14241K(314560K) Eden: 279616K(279616K)->0K(279616K) From: 13328K(34944K)->14241K(34944K)
[65.643s][info][gc,heap        ] GC(351) Tenured: 26018K(699072K)->26018K(699072K)
[65.643s][info][gc,metaspace   ] GC(351) Metaspace: 8630K(8896K)->8630K(8896K) NonClass: 7478K(7616K)->7478K(7616K) Class: 1151K(1280K)->1151K(1280K)
[65.643s][info][gc             ] GC(351) Pause Young (Allocation Failure) 311M->39M(989M) 14.771ms
[65.643s][info][gc,cpu         ] GC(351) User=0.02s Sys=0.00s Real=0.02s
[65.793s][info][gc,start       ] GC(352) Pause Young (Allocation Failure)
[65.818s][info][gc,heap        ] GC(352) DefNew: 293857K(314560K)->15201K(314560K) Eden: 279616K(279616K)->0K(279616K) From: 14241K(34944K)->15201K(34944K)
[65.818s][info][gc,heap        ] GC(352) Tenured: 26018K(699072K)->26023K(699072K)
[65.818s][info][gc,metaspace   ] GC(352) Metaspace: 8630K(8896K)->8630K(8896K) NonClass: 7478K(7616K)->7478K(7616K) Class: 1151K(1280K)->1151K(1280K)
[65.818s][info][gc             ] GC(352) Pause Young (Allocation Failure) 312M->40M(989M) 24.860ms
[65.818s][info][gc,cpu         ] GC(352) User=0.02s Sys=0.00s Real=0.02s
[65.965s][info][gc,start       ] GC(353) Pause Young (Allocation Failure)
[65.992s][info][gc,heap        ] GC(353) DefNew: 294817K(314560K)->16062K(314560K) Eden: 279616K(279616K)->0K(279616K) From: 15201K(34944K)->16062K(34944K)
[65.992s][info][gc,heap        ] GC(353) Tenured: 26023K(699072K)->26023K(699072K)
[65.992s][info][gc,metaspace   ] GC(353) Metaspace: 8630K(8896K)->8630K(8896K) NonClass: 7478K(7616K)->7478K(7616K) Class: 1151K(1280K)->1151K(1280K)
[65.992s][info][gc             ] GC(353) Pause Young (Allocation Failure) 313M->41M(989M) 27.592ms
[65.992s][info][gc,cpu         ] GC(353) User=0.03s Sys=0.00s Real=0.03s
[66.132s][info][gc,start       ] GC(354) Pause Young (Allocation Failure)
[66.160s][info][gc,heap        ] GC(354) DefNew: 295678K(314560K)->16952K(314560K) Eden: 279616K(279616K)->0K(279616K) From: 16062K(34944K)->16952K(34944K)
[66.160s][info][gc,heap        ] GC(354) Tenured: 26023K(699072K)->26023K(699072K)
[66.160s][info][gc,metaspace   ] GC(354) Metaspace: 8630K(8896K)->8630K(8896K) NonClass: 7478K(7616K)->7478K(7616K) Class: 1151K(1280K)->1151K(1280K)
[66.160s][info][gc             ] GC(354) Pause Young (Allocation Failure) 314M->41M(989M) 28.284ms
[66.160s][info][gc,cpu         ] GC(354) User=0.03s Sys=0.00s Real=0.03s
[66.312s][info][gc,start       ] GC(355) Pause Young (Allocation Failure)
[66.351s][info][gc,heap        ] GC(355) DefNew: 296568K(314560K)->18011K(314560K) Eden: 279616K(279616K)->0K(279616K) From: 16952K(34944K)->18011K(34944K)
[66.351s][info][gc,heap        ] GC(355) Tenured: 26023K(699072K)->26023K(699072K)
[66.351s][info][gc,metaspace   ] GC(355) Metaspace: 8630K(8896K)->8630K(8896K) NonClass: 7478K(7616K)->7478K(7616K) Class: 1151K(1280K)->1151K(1280K)
[66.351s][info][gc             ] GC(355) Pause Young (Allocation Failure) 315M->43M(989M) 38.701ms
[66.351s][info][gc,cpu         ] GC(355) User=0.03s Sys=0.00s Real=0.04s
[66.502s][info][gc,start       ] GC(356) Pause Young (Allocation Failure)
[66.532s][info][gc,heap        ] GC(356) DefNew: 297627K(314560K)->14667K(314560K) Eden: 279616K(279616K)->0K(279616K) From: 18011K(34944K)->14667K(34944K)
[66.532s][info][gc,heap        ] GC(356) Tenured: 26023K(699072K)->30349K(699072K)
[66.532s][info][gc,metaspace   ] GC(356) Metaspace: 8630K(8896K)->8630K(8896K) NonClass: 7478K(7616K)->7478K(7616K) Class: 1151K(1280K)->1151K(1280K)
[66.532s][info][gc             ] GC(356) Pause Young (Allocation Failure) 316M->43M(989M) 30.225ms
[66.532s][info][gc,cpu         ] GC(356) User=0.03s Sys=0.00s Real=0.03s
[66.691s][info][gc,start       ] GC(357) Pause Young (Allocation Failure)
[66.720s][info][gc,heap        ] GC(357) DefNew: 294283K(314560K)->15563K(314560K) Eden: 279616K(279616K)->0K(279616K) From: 14667K(34944K)->15563K(34944K)
[66.720s][info][gc,heap        ] GC(357) Tenured: 30349K(699072K)->30349K(699072K)
[66.720s][info][gc,metaspace   ] GC(357) Metaspace: 8630K(8896K)->8630K(8896K) NonClass: 7478K(7616K)->7478K(7616K) Class: 1151K(1280K)->1151K(1280K)
[66.720s][info][gc             ] GC(357) Pause Young (Allocation Failure) 317M->44M(989M) 28.420ms
[66.720s][info][gc,cpu         ] GC(357) User=0.02s Sys=0.00s Real=0.01s
[66.870s][info][gc,start       ] GC(358) Pause Young (Allocation Failure)
[66.899s][info][gc,heap        ] GC(358) DefNew: 295179K(314560K)->16408K(314560K) Eden: 279616K(279616K)->0K(279616K) From: 15563K(34944K)->16408K(34944K)
[66.899s][info][gc,heap        ] GC(358) Tenured: 30349K(699072K)->30349K(699072K)
[66.899s][info][gc,metaspace   ] GC(358) Metaspace: 8630K(8896K)->8630K(8896K) NonClass: 7478K(7616K)->7478K(7616K) Class: 1151K(1280K)->1151K(1280K)
[66.899s][info][gc             ] GC(358) Pause Young (Allocation Failure) 317M->45M(989M) 29.084ms
[66.899s][info][gc,cpu         ] GC(358) User=0.03s Sys=0.00s Real=0.03s
[67.336s][info][gc,start       ] GC(359) Pause Young (Allocation Failure)
[67.475s][info][gc,heap        ] GC(359) DefNew: 296024K(314560K)->34943K(314560K) Eden: 279616K(279616K)->0K(279616K) From: 16408K(34944K)->34943K(34944K)
[67.475s][info][gc,heap        ] GC(359) Tenured: 30349K(699072K)->48509K(699072K)
[67.475s][info][gc,metaspace   ] GC(359) Metaspace: 8630K(8896K)->8630K(8896K) NonClass: 7478K(7616K)->7478K(7616K) Class: 1151K(1280K)->1151K(1280K)
[67.475s][info][gc             ] GC(359) Pause Young (Allocation Failure) 318M->81M(989M) 139.407ms
[67.475s][info][gc,cpu         ] GC(359) User=0.14s Sys=0.00s Real=0.14s
[67.526s][info][gc,start       ] GC(360) Pause Full (System.gc())
[67.526s][info][gc,phases,start] GC(360) Phase 1: Mark live objects
[67.538s][info][gc,phases      ] GC(360) Phase 1: Mark live objects 11.190ms
[67.538s][info][gc,phases,start] GC(360) Phase 2: Compute new object addresses
[67.563s][info][gc,phases      ] GC(360) Phase 2: Compute new object addresses 25.718ms
[67.563s][info][gc,phases,start] GC(360) Phase 3: Adjust pointers
[67.566s][info][gc,phases      ] GC(360) Phase 3: Adjust pointers 2.700ms
[67.566s][info][gc,phases,start] GC(360) Phase 4: Move objects
[67.566s][info][gc,phases      ] GC(360) Phase 4: Move objects 0.011ms
[67.566s][info][gc,heap        ] GC(360) DefNew: 62900K(314560K)->0K(314560K) Eden: 27956K(279616K)->0K(279616K) From: 34943K(34944K)->0K(34944K)
[67.566s][info][gc,heap        ] GC(360) Tenured: 48509K(699072K)->3527K(699072K)
[67.566s][info][gc,metaspace   ] GC(360) Metaspace: 8630K(8896K)->8630K(8896K) NonClass: 7479K(7616K)->7479K(7616K) Class: 1151K(1280K)->1151K(1280K)
[67.566s][info][gc             ] GC(360) Pause Full (System.gc()) 108M->3M(989M) 39.948ms
[67.566s][info][gc,cpu         ] GC(360) User=0.03s Sys=0.00s Real=0.04s
[67.713s][info][gc,start       ] GC(361) Pause Young (Allocation Failure)
[67.716s][info][gc,heap        ] GC(361) DefNew: 279616K(314560K)->965K(314560K) Eden: 279616K(279616K)->0K(279616K) From: 0K(34944K)->965K(34944K)
[67.716s][info][gc,heap        ] GC(361) Tenured: 3527K(699072K)->3527K(699072K)
[67.716s][info][gc,metaspace   ] GC(361) Metaspace: 8638K(8896K)->8638K(8896K) NonClass: 7487K(7616K)->7487K(7616K) Class: 1151K(1280K)->1151K(1280K)
[67.717s][info][gc             ] GC(361) Pause Young (Allocation Failure) 276M->4M(989M) 3.983ms
[67.717s][info][gc,cpu         ] GC(361) User=0.00s Sys=0.00s Real=0.00s
[67.852s][info][gc,start       ] GC(362) Pause Young (Allocation Failure)
[67.858s][info][gc,heap        ] GC(362) DefNew: 280581K(314560K)->1937K(314560K) Eden: 279616K(279616K)->0K(279616K) From: 965K(34944K)->1937K(34944K)
[67.859s][info][gc,heap        ] GC(362) Tenured: 3527K(699072K)->3527K(699072K)
[67.859s][info][gc,metaspace   ] GC(362) Metaspace: 8638K(8896K)->8638K(8896K) NonClass: 7487K(7616K)->7487K(7616K) Class: 1151K(1280K)->1151K(1280K)
[67.859s][info][gc             ] GC(362) Pause Young (Allocation Failure) 277M->5M(989M) 6.590ms
[67.859s][info][gc,cpu         ] GC(362) User=0.02s Sys=0.00s Real=0.01s
[68.005s][info][gc,start       ] GC(363) Pause Young (Allocation Failure)
[68.014s][info][gc,heap        ] GC(363) DefNew: 281553K(314560K)->2847K(314560K) Eden: 279616K(279616K)->0K(279616K) From: 1937K(34944K)->2847K(34944K)
[68.014s][info][gc,heap        ] GC(363) Tenured: 3527K(699072K)->3527K(699072K)
[68.014s][info][gc,metaspace   ] GC(363) Metaspace: 8638K(8896K)->8638K(8896K) NonClass: 7487K(7616K)->7487K(7616K) Class: 1151K(1280K)->1151K(1280K)
[68.014s][info][gc             ] GC(363) Pause Young (Allocation Failure) 278M->6M(989M) 8.635ms
[68.014s][info][gc,cpu         ] GC(363) User=0.02s Sys=0.00s Real=0.01s
[68.159s][info][gc,start       ] GC(364) Pause Young (Allocation Failure)
[68.171s][info][gc,heap        ] GC(364) DefNew: 282463K(314560K)->3686K(314560K) Eden: 279616K(279616K)->0K(279616K) From: 2847K(34944K)->3686K(34944K)
[68.171s][info][gc,heap        ] GC(364) Tenured: 3527K(699072K)->3527K(699072K)
[68.171s][info][gc,metaspace   ] GC(364) Metaspace: 8638K(8896K)->8638K(8896K) NonClass: 7487K(7616K)->7487K(7616K) Class: 1151K(1280K)->1151K(1280K)
[68.171s][info][gc             ] GC(364) Pause Young (Allocation Failure) 279M->7M(989M) 11.727ms
[68.171s][info][gc,cpu         ] GC(364) User=0.02s Sys=0.00s Real=0.01s
[68.329s][info][gc,start       ] GC(365) Pause Young (Allocation Failure)
[68.345s][info][gc,heap        ] GC(365) DefNew: 283302K(314560K)->4828K(314560K) Eden: 279616K(279616K)->0K(279616K) From: 3686K(34944K)->4828K(34944K)
[68.345s][info][gc,heap        ] GC(365) Tenured: 3527K(699072K)->3527K(699072K)
[68.345s][info][gc,metaspace   ] GC(365) Metaspace: 8638K(8896K)->8638K(8896K) NonClass: 7487K(7616K)->7487K(7616K) Class: 1151K(1280K)->1151K(1280K)
[68.345s][info][gc             ] GC(365) Pause Young (Allocation Failure) 280M->8M(989M) 16.374ms
[68.345s][info][gc,cpu         ] GC(365) User=0.02s Sys=0.00s Real=0.02s
[68.481s][info][gc,start       ] GC(366) Pause Young (Allocation Failure)
[68.506s][info][gc,heap        ] GC(366) DefNew: 284444K(314560K)->5746K(314560K) Eden: 279616K(279616K)->0K(279616K) From: 4828K(34944K)->5746K(34944K)
[68.506s][info][gc,heap        ] GC(366) Tenured: 3527K(699072K)->3527K(699072K)
[68.506s][info][gc,metaspace   ] GC(366) Metaspace: 8638K(8896K)->8638K(8896K) NonClass: 7487K(7616K)->7487K(7616K) Class: 1151K(1280K)->1151K(1280K)
[68.507s][info][gc             ] GC(366) Pause Young (Allocation Failure) 281M->9M(989M) 25.510ms
[68.507s][info][gc,cpu         ] GC(366) User=0.02s Sys=0.00s Real=0.02s
[68.649s][info][gc,start       ] GC(367) Pause Young (Allocation Failure)
[68.665s][info][gc,heap        ] GC(367) DefNew: 285362K(314560K)->6684K(314560K) Eden: 279616K(279616K)->0K(279616K) From: 5746K(34944K)->6684K(34944K)
[68.665s][info][gc,heap        ] GC(367) Tenured: 3527K(699072K)->3527K(699072K)
[68.665s][info][gc,metaspace   ] GC(367) Metaspace: 8638K(8896K)->8638K(8896K) NonClass: 7487K(7616K)->7487K(7616K) Class: 1151K(1280K)->1151K(1280K)
[68.665s][info][gc             ] GC(367) Pause Young (Allocation Failure) 282M->9M(989M) 16.029ms
[68.665s][info][gc,cpu         ] GC(367) User=0.02s Sys=0.00s Real=0.02s
[68.806s][info][gc,start       ] GC(368) Pause Young (Allocation Failure)
[68.823s][info][gc,heap        ] GC(368) DefNew: 286300K(314560K)->7534K(314560K) Eden: 279616K(279616K)->0K(279616K) From: 6684K(34944K)->7534K(34944K)
[68.823s][info][gc,heap        ] GC(368) Tenured: 3527K(699072K)->3527K(699072K)
[68.823s][info][gc,metaspace   ] GC(368) Metaspace: 8638K(8896K)->8638K(8896K) NonClass: 7487K(7616K)->7487K(7616K) Class: 1151K(1280K)->1151K(1280K)
[68.823s][info][gc             ] GC(368) Pause Young (Allocation Failure) 283M->10M(989M) 16.872ms
[68.823s][info][gc,cpu         ] GC(368) User=0.03s Sys=0.00s Real=0.02s
[68.981s][info][gc,start       ] GC(369) Pause Young (Allocation Failure)
[68.993s][info][gc,heap        ] GC(369) DefNew: 287150K(314560K)->8456K(314560K) Eden: 279616K(279616K)->0K(279616K) From: 7534K(34944K)->8456K(34944K)
[68.993s][info][gc,heap        ] GC(369) Tenured: 3527K(699072K)->3527K(699072K)
[68.994s][info][gc,metaspace   ] GC(369) Metaspace: 8638K(8896K)->8638K(8896K) NonClass: 7487K(7616K)->7487K(7616K) Class: 1151K(1280K)->1151K(1280K)
[68.994s][info][gc             ] GC(369) Pause Young (Allocation Failure) 283M->11M(989M) 12.882ms
[68.994s][info][gc,cpu         ] GC(369) User=0.00s Sys=0.00s Real=0.01s
[69.151s][info][gc,start       ] GC(370) Pause Young (Allocation Failure)
[69.175s][info][gc,heap        ] GC(370) DefNew: 288072K(314560K)->9509K(314560K) Eden: 279616K(279616K)->0K(279616K) From: 8456K(34944K)->9509K(34944K)
[69.175s][info][gc,heap        ] GC(370) Tenured: 3527K(699072K)->3527K(699072K)
[69.175s][info][gc,metaspace   ] GC(370) Metaspace: 8638K(8896K)->8638K(8896K) NonClass: 7487K(7616K)->7487K(7616K) Class: 1151K(1280K)->1151K(1280K)
[69.175s][info][gc             ] GC(370) Pause Young (Allocation Failure) 284M->12M(989M) 24.033ms
[69.175s][info][gc,cpu         ] GC(370) User=0.03s Sys=0.00s Real=0.03s
[69.322s][info][gc,start       ] GC(371) Pause Young (Allocation Failure)
[69.342s][info][gc,heap        ] GC(371) DefNew: 289125K(314560K)->10462K(314560K) Eden: 279616K(279616K)->0K(279616K) From: 9509K(34944K)->10462K(34944K)
[69.343s][info][gc,heap        ] GC(371) Tenured: 3527K(699072K)->3527K(699072K)
[69.343s][info][gc,metaspace   ] GC(371) Metaspace: 8638K(8896K)->8638K(8896K) NonClass: 7487K(7616K)->7487K(7616K) Class: 1151K(1280K)->1151K(1280K)
[69.343s][info][gc             ] GC(371) Pause Young (Allocation Failure) 285M->13M(989M) 20.585ms
[69.343s][info][gc,cpu         ] GC(371) User=0.02s Sys=0.00s Real=0.02s
[69.479s][info][gc,start       ] GC(372) Pause Young (Allocation Failure)
[69.501s][info][gc,heap        ] GC(372) DefNew: 290078K(314560K)->11394K(314560K) Eden: 279616K(279616K)->0K(279616K) From: 10462K(34944K)->11394K(34944K)
[69.501s][info][gc,heap        ] GC(372) Tenured: 3527K(699072K)->3527K(699072K)
[69.501s][info][gc,metaspace   ] GC(372) Metaspace: 8638K(8896K)->8638K(8896K) NonClass: 7487K(7616K)->7487K(7616K) Class: 1151K(1280K)->1151K(1280K)
[69.501s][info][gc             ] GC(372) Pause Young (Allocation Failure) 286M->14M(989M) 22.011ms
[69.501s][info][gc,cpu         ] GC(372) User=0.02s Sys=0.00s Real=0.02s
[69.641s][info][gc,start       ] GC(373) Pause Young (Allocation Failure)
[69.665s][info][gc,heap        ] GC(373) DefNew: 291010K(314560K)->12234K(314560K) Eden: 279616K(279616K)->0K(279616K) From: 11394K(34944K)->12234K(34944K)
[69.665s][info][gc,heap        ] GC(373) Tenured: 3527K(699072K)->3527K(699072K)
[69.665s][info][gc,metaspace   ] GC(373) Metaspace: 8638K(8896K)->8638K(8896K) NonClass: 7487K(7616K)->7487K(7616K) Class: 1151K(1280K)->1151K(1280K)
[69.665s][info][gc             ] GC(373) Pause Young (Allocation Failure) 287M->15M(989M) 23.549ms
[69.665s][info][gc,cpu         ] GC(373) User=0.02s Sys=0.00s Real=0.02s
[69.835s][info][gc,start       ] GC(374) Pause Young (Allocation Failure)
[69.867s][info][gc,heap        ] GC(374) DefNew: 291850K(314560K)->13328K(314560K) Eden: 279616K(279616K)->0K(279616K) From: 12234K(34944K)->13328K(34944K)
[69.867s][info][gc,heap        ] GC(374) Tenured: 3527K(699072K)->3527K(699072K)
[69.867s][info][gc,metaspace   ] GC(374) Metaspace: 8638K(8896K)->8638K(8896K) NonClass: 7487K(7616K)->7487K(7616K) Class: 1151K(1280K)->1151K(1280K)
[69.867s][info][gc             ] GC(374) Pause Young (Allocation Failure) 288M->16M(989M) 32.240ms
[69.867s][info][gc,cpu         ] GC(374) User=0.03s Sys=0.00s Real=0.03s
[70.026s][info][gc,start       ] GC(375) Pause Young (Allocation Failure)
[70.051s][info][gc,heap        ] GC(375) DefNew: 292944K(314560K)->14241K(314560K) Eden: 279616K(279616K)->0K(279616K) From: 13328K(34944K)->14241K(34944K)
[70.051s][info][gc,heap        ] GC(375) Tenured: 3527K(699072K)->3527K(699072K)
[70.051s][info][gc,metaspace   ] GC(375) Metaspace: 8638K(8896K)->8638K(8896K) NonClass: 7487K(7616K)->7487K(7616K) Class: 1151K(1280K)->1151K(1280K)
[70.051s][info][gc             ] GC(375) Pause Young (Allocation Failure) 289M->17M(989M) 25.589ms
[70.051s][info][gc,cpu         ] GC(375) User=0.03s Sys=0.00s Real=0.03s
[70.202s][info][gc,start       ] GC(376) Pause Young (Allocation Failure)
[70.228s][info][gc,heap        ] GC(376) DefNew: 293857K(314560K)->15195K(314560K) Eden: 279616K(279616K)->0K(279616K) From: 14241K(34944K)->15195K(34944K)
[70.228s][info][gc,heap        ] GC(376) Tenured: 3527K(699072K)->3532K(699072K)
[70.228s][info][gc,metaspace   ] GC(376) Metaspace: 8638K(8896K)->8638K(8896K) NonClass: 7487K(7616K)->7487K(7616K) Class: 1151K(1280K)->1151K(1280K)
[70.228s][info][gc             ] GC(376) Pause Young (Allocation Failure) 290M->18M(989M) 26.854ms
[70.228s][info][gc,cpu         ] GC(376) User=0.02s Sys=0.00s Real=0.03s
[70.407s][info][gc,start       ] GC(377) Pause Young (Allocation Failure)
[70.434s][info][gc,heap        ] GC(377) DefNew: 294811K(314560K)->16062K(314560K) Eden: 279616K(279616K)->0K(279616K) From: 15195K(34944K)->16062K(34944K)
[70.434s][info][gc,heap        ] GC(377) Tenured: 3532K(699072K)->3532K(699072K)
[70.434s][info][gc,metaspace   ] GC(377) Metaspace: 8638K(8896K)->8638K(8896K) NonClass: 7487K(7616K)->7487K(7616K) Class: 1151K(1280K)->1151K(1280K)
[70.434s][info][gc             ] GC(377) Pause Young (Allocation Failure) 291M->19M(989M) 27.380ms
[70.434s][info][gc,cpu         ] GC(377) User=0.03s Sys=0.00s Real=0.03s
[70.575s][info][gc,start       ] GC(378) Pause Young (Allocation Failure)
[70.603s][info][gc,heap        ] GC(378) DefNew: 295678K(314560K)->16963K(314560K) Eden: 279616K(279616K)->0K(279616K) From: 16062K(34944K)->16963K(34944K)
[70.603s][info][gc,heap        ] GC(378) Tenured: 3532K(699072K)->3532K(699072K)
[70.603s][info][gc,metaspace   ] GC(378) Metaspace: 8638K(8896K)->8638K(8896K) NonClass: 7487K(7616K)->7487K(7616K) Class: 1151K(1280K)->1151K(1280K)
[70.603s][info][gc             ] GC(378) Pause Young (Allocation Failure) 292M->20M(989M) 27.834ms
[70.603s][info][gc,cpu         ] GC(378) User=0.02s Sys=0.00s Real=0.03s
[70.756s][info][gc,start       ] GC(379) Pause Young (Allocation Failure)
[70.789s][info][gc,heap        ] GC(379) DefNew: 296579K(314560K)->18026K(314560K) Eden: 279616K(279616K)->0K(279616K) From: 16963K(34944K)->18026K(34944K)
[70.789s][info][gc,heap        ] GC(379) Tenured: 3532K(699072K)->3532K(699072K)
[70.789s][info][gc,metaspace   ] GC(379) Metaspace: 8638K(8896K)->8638K(8896K) NonClass: 7487K(7616K)->7487K(7616K) Class: 1151K(1280K)->1151K(1280K)
[70.789s][info][gc             ] GC(379) Pause Young (Allocation Failure) 293M->21M(989M) 33.575ms
[70.789s][info][gc,cpu         ] GC(379) User=0.03s Sys=0.00s Real=0.03s
[70.939s][info][gc,start       ] GC(380) Pause Young (Allocation Failure)
[70.967s][info][gc,heap        ] GC(380) DefNew: 297642K(314560K)->14655K(314560K) Eden: 279616K(279616K)->0K(279616K) From: 18026K(34944K)->14655K(34944K)
[70.967s][info][gc,heap        ] GC(380) Tenured: 3532K(699072K)->7858K(699072K)
[70.967s][info][gc,metaspace   ] GC(380) Metaspace: 8638K(8896K)->8638K(8896K) NonClass: 7487K(7616K)->7487K(7616K) Class: 1151K(1280K)->1151K(1280K)
[70.967s][info][gc             ] GC(380) Pause Young (Allocation Failure) 294M->21M(989M) 28.489ms
[70.967s][info][gc,cpu         ] GC(380) User=0.03s Sys=0.00s Real=0.03s
[71.110s][info][gc,start       ] GC(381) Pause Young (Allocation Failure)
[71.136s][info][gc,heap        ] GC(381) DefNew: 294271K(314560K)->15570K(314560K) Eden: 279616K(279616K)->0K(279616K) From: 14655K(34944K)->15570K(34944K)
[71.136s][info][gc,heap        ] GC(381) Tenured: 7858K(699072K)->7858K(699072K)
[71.136s][info][gc,metaspace   ] GC(381) Metaspace: 8638K(8896K)->8638K(8896K) NonClass: 7487K(7616K)->7487K(7616K) Class: 1151K(1280K)->1151K(1280K)
[71.136s][info][gc             ] GC(381) Pause Young (Allocation Failure) 295M->22M(989M) 26.041ms
[71.136s][info][gc,cpu         ] GC(381) User=0.02s Sys=0.00s Real=0.02s
[71.282s][info][gc,start       ] GC(382) Pause Young (Allocation Failure)
[71.312s][info][gc,heap        ] GC(382) DefNew: 295186K(314560K)->16419K(314560K) Eden: 279616K(279616K)->0K(279616K) From: 15570K(34944K)->16419K(34944K)
[71.312s][info][gc,heap        ] GC(382) Tenured: 7858K(699072K)->7858K(699072K)
[71.312s][info][gc,metaspace   ] GC(382) Metaspace: 8638K(8896K)->8638K(8896K) NonClass: 7487K(7616K)->7487K(7616K) Class: 1151K(1280K)->1151K(1280K)
[71.312s][info][gc             ] GC(382) Pause Young (Allocation Failure) 295M->23M(989M) 30.542ms
[71.312s][info][gc,cpu         ] GC(382) User=0.03s Sys=0.00s Real=0.03s
[71.753s][info][gc,start       ] GC(383) Pause Young (Allocation Failure)
[71.882s][info][gc,heap        ] GC(383) DefNew: 296035K(314560K)->34943K(314560K) Eden: 279616K(279616K)->0K(279616K) From: 16419K(34944K)->34943K(34944K)
[71.882s][info][gc,heap        ] GC(383) Tenured: 7858K(699072K)->26018K(699072K)
[71.882s][info][gc,metaspace   ] GC(383) Metaspace: 8638K(8896K)->8638K(8896K) NonClass: 7487K(7616K)->7487K(7616K) Class: 1151K(1280K)->1151K(1280K)
[71.882s][info][gc             ] GC(383) Pause Young (Allocation Failure) 296M->59M(989M) 129.171ms
[71.882s][info][gc,cpu         ] GC(383) User=0.13s Sys=0.00s Real=0.13s
[71.934s][info][gc,heap,exit   ] Heap
[71.934s][info][gc,heap,exit   ]  def new generation   total 314560K, used 79678K [0x00000000c0000000, 0x00000000d5550000, 0x00000000d5550000)
[71.934s][info][gc,heap,exit   ]   eden space 279616K,  15% used [0x00000000c0000000, 0x00000000c2bafb78, 0x00000000d1110000)
[71.934s][info][gc,heap,exit   ]   from space 34944K,  99% used [0x00000000d1110000, 0x00000000d332fff8, 0x00000000d3330000)
[71.934s][info][gc,heap,exit   ]   to   space 34944K,   0% used [0x00000000d3330000, 0x00000000d3330000, 0x00000000d5550000)
[71.934s][info][gc,heap,exit   ]  tenured generation   total 699072K, used 26018K [0x00000000d5550000, 0x0000000100000000, 0x0000000100000000)
[71.934s][info][gc,heap,exit   ]    the space 699072K,   3% used [0x00000000d5550000, 0x00000000d6eb8a08, 0x00000000d6eb8c00, 0x0000000100000000)
[71.934s][info][gc,heap,exit   ]  Metaspace       used 8698K, committed 8960K, reserved 1114112K
[71.934s][info][gc,heap,exit   ]   class space    used 1161K, committed 1280K, reserved 1048576K
