[0.014s][info][gc,init] Initializing The Z Garbage Collector
[0.015s][info][gc,init] Version: 20+36-2344 (release)
[0.015s][info][gc,init] NUMA Support: Disabled
[0.015s][info][gc,init] CPUs: 48 total, 48 available
[0.015s][info][gc,init] Memory: 391843M
[0.015s][info][gc,init] Large Page Support: Disabled
[0.015s][info][gc,init] GC Workers: 10 (dynamic)
[0.016s][info][gc,init] Address Space Type: Contiguous/Unrestricted/Complete
[0.016s][info][gc,init] Address Space Size: 16384M x 3 = 49152M
[0.016s][info][gc,init] Min Capacity: 8M
[0.016s][info][gc,init] Initial Capacity: 1024M
[0.024s][info][gc,init] Max Capacity: 1024M
[0.024s][info][gc,init] Medium Page Size: 32M
[0.024s][info][gc,init] Pre-touch: Disabled
[0.024s][info][gc,init] Uncommit: Enabled
[0.024s][info][gc,init] Uncommit Delay: 300s
[0.068s][info][gc,init] Runtime Workers: 10
[0.069s][info][gc     ] Using The Z Garbage Collector
[0.070s][info][gc,metaspace] CDS archive(s) mapped at: [0x0000000800000000-0x0000000800c60000-0x0000000800c60000), size 12976128, SharedBaseAddress: 0x0000000800000000, ArchiveRelocationMode: 0.
[0.070s][info][gc,metaspace] Compressed class space mapped at: 0x0000000801000000-0x0000000841000000, reserved size: 1073741824
[0.070s][info][gc,metaspace] Narrow klass base: 0x0000000800000000, Narrow klass shift: 0, Narrow klass range: 0x100000000
[1.051s][info][gc,start    ] GC(0) Garbage Collection (System.gc())
[1.051s][info][gc,task     ] GC(0) Using 10 workers
[1.051s][info][gc,phases   ] GC(0) Pause Mark Start 0.016ms
[1.069s][info][gc,phases   ] GC(0) Concurrent Mark 17.997ms
[1.069s][info][gc,phases   ] GC(0) Pause Mark End 0.020ms
[1.069s][info][gc,phases   ] GC(0) Concurrent Mark Free 0.001ms
[1.071s][info][gc,phases   ] GC(0) Concurrent Process Non-Strong References 1.028ms
[1.071s][info][gc,phases   ] GC(0) Concurrent Reset Relocation Set 0.001ms
[1.086s][info][gc,phases   ] GC(0) Concurrent Select Relocation Set 15.335ms
[1.086s][info][gc,phases   ] GC(0) Pause Relocate Start 0.008ms
[1.090s][info][gc,phases   ] GC(0) Concurrent Relocate 3.626ms
[1.090s][info][gc,load     ] GC(0) Load: 0.00/0.00/0.00
[1.090s][info][gc,mmu      ] GC(0) MMU: 2ms/99.0%, 5ms/99.6%, 10ms/99.8%, 20ms/99.8%, 50ms/99.9%, 100ms/100.0%
[1.090s][info][gc,marking  ] GC(0) Mark: 8 stripe(s), 1 proactive flush(es), 1 terminate flush(es), 0 completion(s), 0 continuation(s) 
[1.090s][info][gc,marking  ] GC(0) Mark Stack Usage: 32M
[1.090s][info][gc,nmethod  ] GC(0) NMethods: 1068 registered, 109 unregistered
[1.090s][info][gc,metaspace] GC(0) Metaspace: 8M used, 8M committed, 1088M reserved
[1.090s][info][gc,ref      ] GC(0) Soft: 164 encountered, 0 discovered, 0 enqueued
[1.090s][info][gc,ref      ] GC(0) Weak: 762 encountered, 398 discovered, 261 enqueued
[1.090s][info][gc,ref      ] GC(0) Final: 0 encountered, 0 discovered, 0 enqueued
[1.090s][info][gc,ref      ] GC(0) Phantom: 214 encountered, 205 discovered, 193 enqueued
[1.090s][info][gc,reloc    ] GC(0) Small Pages: 13 / 26M, Empty: 0M, Relocated: 3M, In-Place: 0
[1.090s][info][gc,reloc    ] GC(0) Medium Pages: 0 / 0M, Empty: 0M, Relocated: 0M, In-Place: 0
[1.090s][info][gc,reloc    ] GC(0) Large Pages: 0 / 0M, Empty: 0M, Relocated: 0M, In-Place: 0
[1.090s][info][gc,reloc    ] GC(0) Forwarding Usage: 1M
[1.090s][info][gc,heap     ] GC(0) Min Capacity: 8M(1%)
[1.090s][info][gc,heap     ] GC(0) Max Capacity: 1024M(100%)
[1.090s][info][gc,heap     ] GC(0) Soft Max Capacity: 1024M(100%)
[1.090s][info][gc,heap     ] GC(0)                Mark Start          Mark End        Relocate Start      Relocate End           High               Low         
[1.090s][info][gc,heap     ] GC(0)  Capacity:     1024M (100%)       1024M (100%)       1024M (100%)       1024M (100%)       1024M (100%)       1024M (100%)   
[1.090s][info][gc,heap     ] GC(0)      Free:      998M (97%)         998M (97%)         996M (97%)        1000M (98%)        1000M (98%)         976M (95%)    
[1.090s][info][gc,heap     ] GC(0)      Used:       26M (3%)           26M (3%)           28M (3%)           24M (2%)           48M (5%)           24M (2%)     
[1.090s][info][gc,heap     ] GC(0)      Live:         -                 4M (0%)            4M (0%)            4M (0%)             -                  -          
[1.090s][info][gc,heap     ] GC(0) Allocated:         -                 0M (0%)            2M (0%)            2M (0%)             -                  -          
[1.090s][info][gc,heap     ] GC(0)   Garbage:         -                21M (2%)           21M (2%)           17M (2%)             -                  -          
[1.090s][info][gc,heap     ] GC(0) Reclaimed:         -                  -                 0M (0%)            4M (0%)             -                  -          
[1.090s][info][gc          ] GC(0) Garbage Collection (System.gc()) 26M(3%)->24M(2%)
[1.293s][info][gc,start    ] GC(1) Garbage Collection (Warmup)
[1.293s][info][gc,task     ] GC(1) Using 10 workers
[1.293s][info][gc,phases   ] GC(1) Pause Mark Start 0.016ms
[1.308s][info][gc,phases   ] GC(1) Concurrent Mark 15.196ms
[1.308s][info][gc,phases   ] GC(1) Pause Mark End 0.020ms
[1.308s][info][gc,phases   ] GC(1) Concurrent Mark Free 0.001ms
[1.310s][info][gc,phases   ] GC(1) Concurrent Process Non-Strong References 1.220ms
[1.310s][info][gc,phases   ] GC(1) Concurrent Reset Relocation Set 0.002ms
[1.315s][info][gc,phases   ] GC(1) Concurrent Select Relocation Set 5.187ms
[1.315s][info][gc,phases   ] GC(1) Pause Relocate Start 0.009ms
[1.318s][info][gc,phases   ] GC(1) Concurrent Relocate 2.793ms
[1.318s][info][gc,load     ] GC(1) Load: 0.00/0.00/0.00
[1.318s][info][gc,mmu      ] GC(1) MMU: 2ms/99.0%, 5ms/99.6%, 10ms/99.7%, 20ms/99.8%, 50ms/99.9%, 100ms/100.0%
[1.318s][info][gc,marking  ] GC(1) Mark: 8 stripe(s), 2 proactive flush(es), 1 terminate flush(es), 0 completion(s), 0 continuation(s) 
[1.318s][info][gc,marking  ] GC(1) Mark Stack Usage: 32M
[1.318s][info][gc,nmethod  ] GC(1) NMethods: 1264 registered, 109 unregistered
[1.318s][info][gc,metaspace] GC(1) Metaspace: 8M used, 8M committed, 1088M reserved
[1.318s][info][gc,ref      ] GC(1) Soft: 169 encountered, 0 discovered, 0 enqueued
[1.318s][info][gc,ref      ] GC(1) Weak: 557 encountered, 41 discovered, 21 enqueued
[1.318s][info][gc,ref      ] GC(1) Final: 0 encountered, 0 discovered, 0 enqueued
[1.318s][info][gc,ref      ] GC(1) Phantom: 37 encountered, 30 discovered, 16 enqueued
[1.318s][info][gc,reloc    ] GC(1) Small Pages: 88 / 176M, Empty: 130M, Relocated: 4M, In-Place: 0
[1.319s][info][gc,reloc    ] GC(1) Medium Pages: 0 / 0M, Empty: 0M, Relocated: 0M, In-Place: 0
[1.319s][info][gc,reloc    ] GC(1) Large Pages: 0 / 0M, Empty: 0M, Relocated: 0M, In-Place: 0
[1.319s][info][gc,reloc    ] GC(1) Forwarding Usage: 1M
[1.319s][info][gc,heap     ] GC(1) Min Capacity: 8M(1%)
[1.319s][info][gc,heap     ] GC(1) Max Capacity: 1024M(100%)
[1.319s][info][gc,heap     ] GC(1) Soft Max Capacity: 1024M(100%)
[1.319s][info][gc,heap     ] GC(1)                Mark Start          Mark End        Relocate Start      Relocate End           High               Low         
[1.319s][info][gc,heap     ] GC(1)  Capacity:     1024M (100%)       1024M (100%)       1024M (100%)       1024M (100%)       1024M (100%)       1024M (100%)   
[1.319s][info][gc,heap     ] GC(1)      Free:      848M (83%)         840M (82%)         962M (94%)         982M (96%)         982M (96%)         838M (82%)    
[1.319s][info][gc,heap     ] GC(1)      Used:      176M (17%)         184M (18%)          62M (6%)           42M (4%)          186M (18%)          42M (4%)     
[1.319s][info][gc,heap     ] GC(1)      Live:         -                 4M (0%)            4M (0%)            4M (0%)             -                  -          
[1.319s][info][gc,heap     ] GC(1) Allocated:         -                 8M (1%)           16M (2%)           21M (2%)             -                  -          
[1.319s][info][gc,heap     ] GC(1)   Garbage:         -               171M (17%)          41M (4%)           15M (1%)             -                  -          
[1.319s][info][gc,heap     ] GC(1) Reclaimed:         -                  -               130M (13%)         155M (15%)            -                  -          
[1.319s][info][gc          ] GC(1) Garbage Collection (Warmup) 176M(17%)->42M(4%)
[1.402s][info][gc,start    ] GC(2) Garbage Collection (Warmup)
[1.402s][info][gc,task     ] GC(2) Using 10 workers
[1.402s][info][gc,phases   ] GC(2) Pause Mark Start 0.016ms
[1.418s][info][gc,phases   ] GC(2) Concurrent Mark 15.230ms
[1.418s][info][gc,phases   ] GC(2) Pause Mark End 0.020ms
[1.418s][info][gc,phases   ] GC(2) Concurrent Mark Free 0.001ms
[1.419s][info][gc,phases   ] GC(2) Concurrent Process Non-Strong References 0.850ms
[1.419s][info][gc,phases   ] GC(2) Concurrent Reset Relocation Set 0.002ms
[1.421s][info][gc,phases   ] GC(2) Concurrent Select Relocation Set 2.695ms
[1.422s][info][gc,phases   ] GC(2) Pause Relocate Start 0.008ms
[1.424s][info][gc,phases   ] GC(2) Concurrent Relocate 1.963ms
[1.424s][info][gc,load     ] GC(2) Load: 0.00/0.00/0.00
[1.424s][info][gc,mmu      ] GC(2) MMU: 2ms/99.0%, 5ms/99.4%, 10ms/99.7%, 20ms/99.8%, 50ms/99.9%, 100ms/100.0%
[1.424s][info][gc,marking  ] GC(2) Mark: 8 stripe(s), 2 proactive flush(es), 1 terminate flush(es), 0 completion(s), 0 continuation(s) 
[1.424s][info][gc,marking  ] GC(2) Mark Stack Usage: 32M
[1.424s][info][gc,nmethod  ] GC(2) NMethods: 1264 registered, 117 unregistered
[1.424s][info][gc,metaspace] GC(2) Metaspace: 8M used, 8M committed, 1088M reserved
[1.424s][info][gc,ref      ] GC(2) Soft: 169 encountered, 0 discovered, 0 enqueued
[1.424s][info][gc,ref      ] GC(2) Weak: 536 encountered, 109 discovered, 0 enqueued
[1.424s][info][gc,ref      ] GC(2) Final: 0 encountered, 0 discovered, 0 enqueued
[1.424s][info][gc,ref      ] GC(2) Phantom: 21 encountered, 17 discovered, 0 enqueued
[1.424s][info][gc,reloc    ] GC(2) Small Pages: 107 / 214M, Empty: 182M, Relocated: 3M, In-Place: 0
[1.424s][info][gc,reloc    ] GC(2) Medium Pages: 0 / 0M, Empty: 0M, Relocated: 0M, In-Place: 0
[1.424s][info][gc,reloc    ] GC(2) Large Pages: 0 / 0M, Empty: 0M, Relocated: 0M, In-Place: 0
[1.424s][info][gc,reloc    ] GC(2) Forwarding Usage: 1M
[1.424s][info][gc,heap     ] GC(2) Min Capacity: 8M(1%)
[1.424s][info][gc,heap     ] GC(2) Max Capacity: 1024M(100%)
[1.424s][info][gc,heap     ] GC(2) Soft Max Capacity: 1024M(100%)
[1.424s][info][gc,heap     ] GC(2)                Mark Start          Mark End        Relocate Start      Relocate End           High               Low         
[1.424s][info][gc,heap     ] GC(2)  Capacity:     1024M (100%)       1024M (100%)       1024M (100%)       1024M (100%)       1024M (100%)       1024M (100%)   
[1.424s][info][gc,heap     ] GC(2)      Free:      810M (79%)         790M (77%)         968M (95%)         972M (95%)         972M (95%)         790M (77%)    
[1.424s][info][gc,heap     ] GC(2)      Used:      214M (21%)         234M (23%)          56M (5%)           52M (5%)          234M (23%)          52M (5%)     
[1.424s][info][gc,heap     ] GC(2)      Live:         -                 5M (1%)            5M (1%)            5M (1%)             -                  -          
[1.424s][info][gc,heap     ] GC(2) Allocated:         -                20M (2%)           24M (2%)           27M (3%)             -                  -          
[1.424s][info][gc,heap     ] GC(2)   Garbage:         -               208M (20%)          26M (3%)           18M (2%)             -                  -          
[1.424s][info][gc,heap     ] GC(2) Reclaimed:         -                  -               182M (18%)         189M (19%)            -                  -          
[1.424s][info][gc          ] GC(2) Garbage Collection (Warmup) 214M(21%)->52M(5%)
[1.589s][info][gc,start    ] GC(3) Garbage Collection (Warmup)
[1.589s][info][gc,task     ] GC(3) Using 10 workers
[1.589s][info][gc,phases   ] GC(3) Pause Mark Start 0.013ms
[1.598s][info][gc,phases   ] GC(3) Concurrent Mark 8.640ms
[1.598s][info][gc,phases   ] GC(3) Pause Mark End 0.018ms
[1.598s][info][gc,phases   ] GC(3) Concurrent Mark Free 0.001ms
[1.599s][info][gc,phases   ] GC(3) Concurrent Process Non-Strong References 0.756ms
[1.599s][info][gc,phases   ] GC(3) Concurrent Reset Relocation Set 0.002ms
[1.605s][info][gc,phases   ] GC(3) Concurrent Select Relocation Set 5.974ms
[1.605s][info][gc,phases   ] GC(3) Pause Relocate Start 0.007ms
[1.608s][info][gc,phases   ] GC(3) Concurrent Relocate 3.248ms
[1.608s][info][gc,load     ] GC(3) Load: 0.00/0.00/0.00
[1.608s][info][gc,mmu      ] GC(3) MMU: 2ms/99.0%, 5ms/99.4%, 10ms/99.7%, 20ms/99.8%, 50ms/99.9%, 100ms/100.0%
[1.608s][info][gc,marking  ] GC(3) Mark: 8 stripe(s), 2 proactive flush(es), 1 terminate flush(es), 0 completion(s), 0 continuation(s) 
[1.609s][info][gc,marking  ] GC(3) Mark Stack Usage: 32M
[1.609s][info][gc,nmethod  ] GC(3) NMethods: 1266 registered, 118 unregistered
[1.609s][info][gc,metaspace] GC(3) Metaspace: 8M used, 8M committed, 1088M reserved
[1.609s][info][gc,ref      ] GC(3) Soft: 169 encountered, 0 discovered, 0 enqueued
[1.609s][info][gc,ref      ] GC(3) Weak: 536 encountered, 34 discovered, 0 enqueued
[1.609s][info][gc,ref      ] GC(3) Final: 0 encountered, 0 discovered, 0 enqueued
[1.609s][info][gc,ref      ] GC(3) Phantom: 21 encountered, 17 discovered, 0 enqueued
[1.609s][info][gc,reloc    ] GC(3) Small Pages: 170 / 340M, Empty: 314M, Relocated: 5M, In-Place: 0
[1.609s][info][gc,reloc    ] GC(3) Medium Pages: 0 / 0M, Empty: 0M, Relocated: 0M, In-Place: 0
[1.609s][info][gc,reloc    ] GC(3) Large Pages: 0 / 0M, Empty: 0M, Relocated: 0M, In-Place: 0
[1.609s][info][gc,reloc    ] GC(3) Forwarding Usage: 1M
[1.609s][info][gc,heap     ] GC(3) Min Capacity: 8M(1%)
[1.609s][info][gc,heap     ] GC(3) Max Capacity: 1024M(100%)
[1.609s][info][gc,heap     ] GC(3) Soft Max Capacity: 1024M(100%)
[1.609s][info][gc,heap     ] GC(3)                Mark Start          Mark End        Relocate Start      Relocate End           High               Low         
[1.609s][info][gc,heap     ] GC(3)  Capacity:     1024M (100%)       1024M (100%)       1024M (100%)       1024M (100%)       1024M (100%)       1024M (100%)   
[1.609s][info][gc,heap     ] GC(3)      Free:      684M (67%)         646M (63%)         950M (93%)         946M (92%)         954M (93%)         644M (63%)    
[1.609s][info][gc,heap     ] GC(3)      Used:      340M (33%)         378M (37%)          74M (7%)           78M (8%)          380M (37%)          70M (7%)     
[1.609s][info][gc,heap     ] GC(3)      Live:         -                 6M (1%)            6M (1%)            6M (1%)             -                  -          
[1.609s][info][gc,heap     ] GC(3) Allocated:         -                38M (4%)           48M (5%)           55M (5%)             -                  -          
[1.609s][info][gc,heap     ] GC(3)   Garbage:         -               333M (33%)          19M (2%)           15M (2%)             -                  -          
[1.609s][info][gc,heap     ] GC(3) Reclaimed:         -                  -               314M (31%)         317M (31%)            -                  -          
[1.609s][info][gc          ] GC(3) Garbage Collection (Warmup) 340M(33%)->78M(8%)
[1.797s][info][gc,start    ] GC(4) Garbage Collection (Allocation Rate)
[1.797s][info][gc,task     ] GC(4) Using 10 workers
[1.797s][info][gc,phases   ] GC(4) Pause Mark Start 0.018ms
[1.812s][info][gc,phases   ] GC(4) Concurrent Mark 15.259ms
[1.813s][info][gc,phases   ] GC(4) Pause Mark End 0.019ms
[1.813s][info][gc,phases   ] GC(4) Concurrent Mark Free 0.001ms
[1.813s][info][gc,phases   ] GC(4) Concurrent Process Non-Strong References 0.721ms
[1.813s][info][gc,phases   ] GC(4) Concurrent Reset Relocation Set 0.001ms
[1.816s][info][gc,phases   ] GC(4) Concurrent Select Relocation Set 2.420ms
[1.816s][info][gc,phases   ] GC(4) Pause Relocate Start 0.009ms
[1.818s][info][gc,phases   ] GC(4) Concurrent Relocate 2.357ms
[1.818s][info][gc,load     ] GC(4) Load: 0.00/0.00/0.00
[1.818s][info][gc,mmu      ] GC(4) MMU: 2ms/99.0%, 5ms/99.4%, 10ms/99.7%, 20ms/99.8%, 50ms/99.9%, 100ms/100.0%
[1.818s][info][gc,marking  ] GC(4) Mark: 8 stripe(s), 2 proactive flush(es), 1 terminate flush(es), 0 completion(s), 0 continuation(s) 
[1.819s][info][gc,marking  ] GC(4) Mark Stack Usage: 32M
[1.819s][info][gc,nmethod  ] GC(4) NMethods: 1263 registered, 121 unregistered
[1.819s][info][gc,metaspace] GC(4) Metaspace: 8M used, 8M committed, 1088M reserved
[1.819s][info][gc,ref      ] GC(4) Soft: 169 encountered, 0 discovered, 0 enqueued
[1.819s][info][gc,ref      ] GC(4) Weak: 536 encountered, 8 discovered, 0 enqueued
[1.819s][info][gc,ref      ] GC(4) Final: 0 encountered, 0 discovered, 0 enqueued
[1.819s][info][gc,ref      ] GC(4) Phantom: 21 encountered, 8 discovered, 0 enqueued
[1.819s][info][gc,reloc    ] GC(4) Small Pages: 212 / 424M, Empty: 384M, Relocated: 4M, In-Place: 0
[1.819s][info][gc,reloc    ] GC(4) Medium Pages: 1 / 32M, Empty: 0M, Relocated: 0M, In-Place: 0
[1.819s][info][gc,reloc    ] GC(4) Large Pages: 0 / 0M, Empty: 0M, Relocated: 0M, In-Place: 0
[1.819s][info][gc,reloc    ] GC(4) Forwarding Usage: 1M
[1.819s][info][gc,heap     ] GC(4) Min Capacity: 8M(1%)
[1.819s][info][gc,heap     ] GC(4) Max Capacity: 1024M(100%)
[1.819s][info][gc,heap     ] GC(4) Soft Max Capacity: 1024M(100%)
[1.819s][info][gc,heap     ] GC(4)                Mark Start          Mark End        Relocate Start      Relocate End           High               Low         
[1.819s][info][gc,heap     ] GC(4)  Capacity:     1024M (100%)       1024M (100%)       1024M (100%)       1024M (100%)       1024M (100%)       1024M (100%)   
[1.819s][info][gc,heap     ] GC(4)      Free:      568M (55%)         560M (55%)         940M (92%)         954M (93%)         954M (93%)         558M (54%)    
[1.819s][info][gc,heap     ] GC(4)      Used:      456M (45%)         464M (45%)          84M (8%)           70M (7%)          466M (46%)          70M (7%)     
[1.819s][info][gc,heap     ] GC(4)      Live:         -                 7M (1%)            7M (1%)            7M (1%)             -                  -          
[1.819s][info][gc,heap     ] GC(4) Allocated:         -                 8M (1%)           12M (1%)           13M (1%)             -                  -          
[1.819s][info][gc,heap     ] GC(4)   Garbage:         -               448M (44%)          64M (6%)           48M (5%)             -                  -          
[1.819s][info][gc,heap     ] GC(4) Reclaimed:         -                  -               384M (38%)         399M (39%)            -                  -          
[1.819s][info][gc          ] GC(4) Garbage Collection (Allocation Rate) 456M(45%)->70M(7%)
[1.989s][info][gc,start    ] GC(5) Garbage Collection (Allocation Rate)
[1.990s][info][gc,task     ] GC(5) Using 10 workers
[1.990s][info][gc,phases   ] GC(5) Pause Mark Start 0.018ms
[2.003s][info][gc,phases   ] GC(5) Concurrent Mark 13.573ms
[2.004s][info][gc,phases   ] GC(5) Pause Mark End 0.018ms
[2.004s][info][gc,phases   ] GC(5) Concurrent Mark Free 0.001ms
[2.004s][info][gc,phases   ] GC(5) Concurrent Process Non-Strong References 0.710ms
[2.004s][info][gc,phases   ] GC(5) Concurrent Reset Relocation Set 0.004ms
[2.012s][info][gc,phases   ] GC(5) Concurrent Select Relocation Set 7.366ms
[2.012s][info][gc,phases   ] GC(5) Pause Relocate Start 0.008ms
[2.017s][info][gc,phases   ] GC(5) Concurrent Relocate 5.167ms
[2.017s][info][gc,load     ] GC(5) Load: 0.00/0.00/0.00
[2.017s][info][gc,mmu      ] GC(5) MMU: 2ms/99.0%, 5ms/99.4%, 10ms/99.7%, 20ms/99.8%, 50ms/99.9%, 100ms/100.0%
[2.017s][info][gc,marking  ] GC(5) Mark: 8 stripe(s), 5 proactive flush(es), 1 terminate flush(es), 0 completion(s), 0 continuation(s) 
[2.017s][info][gc,marking  ] GC(5) Mark Stack Usage: 32M
[2.017s][info][gc,nmethod  ] GC(5) NMethods: 1263 registered, 121 unregistered
[2.017s][info][gc,metaspace] GC(5) Metaspace: 8M used, 8M committed, 1088M reserved
[2.017s][info][gc,ref      ] GC(5) Soft: 169 encountered, 0 discovered, 0 enqueued
[2.017s][info][gc,ref      ] GC(5) Weak: 536 encountered, 117 discovered, 0 enqueued
[2.017s][info][gc,ref      ] GC(5) Final: 0 encountered, 0 discovered, 0 enqueued
[2.017s][info][gc,ref      ] GC(5) Phantom: 21 encountered, 14 discovered, 0 enqueued
[2.018s][info][gc,reloc    ] GC(5) Small Pages: 226 / 452M, Empty: 410M, Relocated: 8M, In-Place: 0
[2.018s][info][gc,reloc    ] GC(5) Medium Pages: 1 / 32M, Empty: 0M, Relocated: 0M, In-Place: 0
[2.018s][info][gc,reloc    ] GC(5) Large Pages: 0 / 0M, Empty: 0M, Relocated: 0M, In-Place: 0
[2.018s][info][gc,reloc    ] GC(5) Forwarding Usage: 3M
[2.018s][info][gc,heap     ] GC(5) Min Capacity: 8M(1%)
[2.018s][info][gc,heap     ] GC(5) Max Capacity: 1024M(100%)
[2.018s][info][gc,heap     ] GC(5) Soft Max Capacity: 1024M(100%)
[2.018s][info][gc,heap     ] GC(5)                Mark Start          Mark End        Relocate Start      Relocate End           High               Low         
[2.018s][info][gc,heap     ] GC(5)  Capacity:     1024M (100%)       1024M (100%)       1024M (100%)       1024M (100%)       1024M (100%)       1024M (100%)   
[2.018s][info][gc,heap     ] GC(5)      Free:      540M (53%)         524M (51%)         922M (90%)         932M (91%)         932M (91%)         522M (51%)    
[2.018s][info][gc,heap     ] GC(5)      Used:      484M (47%)         500M (49%)         102M (10%)          92M (9%)          502M (49%)          92M (9%)     
[2.018s][info][gc,heap     ] GC(5)      Live:         -                 8M (1%)            8M (1%)            8M (1%)             -                  -          
[2.018s][info][gc,heap     ] GC(5) Allocated:         -                16M (2%)           28M (3%)           39M (4%)             -                  -          
[2.018s][info][gc,heap     ] GC(5)   Garbage:         -               475M (46%)          65M (6%)           43M (4%)             -                  -          
[2.018s][info][gc,heap     ] GC(5) Reclaimed:         -                  -               410M (40%)         431M (42%)            -                  -          
[2.018s][info][gc          ] GC(5) Garbage Collection (Allocation Rate) 484M(47%)->92M(9%)
[2.089s][info][gc,start    ] GC(6) Garbage Collection (Allocation Rate)
[2.089s][info][gc,task     ] GC(6) Using 10 workers
[2.090s][info][gc,phases   ] GC(6) Pause Mark Start 0.013ms
[2.100s][info][gc,phases   ] GC(6) Concurrent Mark 10.690ms
[2.100s][info][gc,phases   ] GC(6) Pause Mark End 0.018ms
[2.100s][info][gc,phases   ] GC(6) Concurrent Mark Free 0.001ms
[2.101s][info][gc,phases   ] GC(6) Concurrent Process Non-Strong References 0.754ms
[2.101s][info][gc,phases   ] GC(6) Concurrent Reset Relocation Set 0.004ms
[2.105s][info][gc,phases   ] GC(6) Concurrent Select Relocation Set 3.995ms
[2.105s][info][gc,phases   ] GC(6) Pause Relocate Start 0.006ms
[2.110s][info][gc,phases   ] GC(6) Concurrent Relocate 4.053ms
[2.110s][info][gc,load     ] GC(6) Load: 0.00/0.00/0.00
[2.110s][info][gc,mmu      ] GC(6) MMU: 2ms/99.0%, 5ms/99.4%, 10ms/99.7%, 20ms/99.8%, 50ms/99.9%, 100ms/99.9%
[2.110s][info][gc,marking  ] GC(6) Mark: 8 stripe(s), 2 proactive flush(es), 1 terminate flush(es), 0 completion(s), 0 continuation(s) 
[2.110s][info][gc,marking  ] GC(6) Mark Stack Usage: 32M
[2.110s][info][gc,nmethod  ] GC(6) NMethods: 1263 registered, 121 unregistered
[2.110s][info][gc,metaspace] GC(6) Metaspace: 8M used, 8M committed, 1088M reserved
[2.110s][info][gc,ref      ] GC(6) Soft: 169 encountered, 0 discovered, 0 enqueued
[2.110s][info][gc,ref      ] GC(6) Weak: 536 encountered, 162 discovered, 0 enqueued
[2.110s][info][gc,ref      ] GC(6) Final: 0 encountered, 0 discovered, 0 enqueued
[2.110s][info][gc,ref      ] GC(6) Phantom: 21 encountered, 15 discovered, 0 enqueued
[2.110s][info][gc,reloc    ] GC(6) Small Pages: 122 / 244M, Empty: 220M, Relocated: 4M, In-Place: 0
[2.110s][info][gc,reloc    ] GC(6) Medium Pages: 1 / 32M, Empty: 0M, Relocated: 0M, In-Place: 0
[2.110s][info][gc,reloc    ] GC(6) Large Pages: 0 / 0M, Empty: 0M, Relocated: 0M, In-Place: 0
[2.110s][info][gc,reloc    ] GC(6) Forwarding Usage: 1M
[2.110s][info][gc,heap     ] GC(6) Min Capacity: 8M(1%)
[2.110s][info][gc,heap     ] GC(6) Max Capacity: 1024M(100%)
[2.110s][info][gc,heap     ] GC(6) Soft Max Capacity: 1024M(100%)
[2.110s][info][gc,heap     ] GC(6)                Mark Start          Mark End        Relocate Start      Relocate End           High               Low         
[2.110s][info][gc,heap     ] GC(6)  Capacity:     1024M (100%)       1024M (100%)       1024M (100%)       1024M (100%)       1024M (100%)       1024M (100%)   
[2.110s][info][gc,heap     ] GC(6)      Free:      748M (73%)         710M (69%)         928M (91%)         926M (90%)         928M (91%)         710M (69%)    
[2.110s][info][gc,heap     ] GC(6)      Used:      276M (27%)         314M (31%)          96M (9%)           98M (10%)         314M (31%)          96M (9%)     
[2.110s][info][gc,heap     ] GC(6)      Live:         -                 9M (1%)            9M (1%)            9M (1%)             -                  -          
[2.110s][info][gc,heap     ] GC(6) Allocated:         -                38M (4%)           40M (4%)           41M (4%)             -                  -          
[2.110s][info][gc,heap     ] GC(6)   Garbage:         -               266M (26%)          46M (5%)           46M (5%)             -                  -          
[2.110s][info][gc,heap     ] GC(6) Reclaimed:         -                  -               220M (21%)         219M (21%)            -                  -          
[2.110s][info][gc          ] GC(6) Garbage Collection (Allocation Rate) 276M(27%)->98M(10%)
[2.189s][info][gc,start    ] GC(7) Garbage Collection (Allocation Rate)
[2.189s][info][gc,task     ] GC(7) Using 10 workers
[2.189s][info][gc,phases   ] GC(7) Pause Mark Start 0.015ms
[2.205s][info][gc,phases   ] GC(7) Concurrent Mark 15.657ms
[2.205s][info][gc,phases   ] GC(7) Pause Mark End 0.019ms
[2.205s][info][gc,phases   ] GC(7) Concurrent Mark Free 0.001ms
[2.206s][info][gc,phases   ] GC(7) Concurrent Process Non-Strong References 0.714ms
[2.206s][info][gc,phases   ] GC(7) Concurrent Reset Relocation Set 0.002ms
[2.213s][info][gc,phases   ] GC(7) Concurrent Select Relocation Set 7.161ms
[2.213s][info][gc,phases   ] GC(7) Pause Relocate Start 0.009ms
[2.217s][info][gc,phases   ] GC(7) Concurrent Relocate 3.146ms
[2.217s][info][gc,load     ] GC(7) Load: 0.00/0.00/0.00
[2.217s][info][gc,mmu      ] GC(7) MMU: 2ms/99.0%, 5ms/99.4%, 10ms/99.7%, 20ms/99.8%, 50ms/99.9%, 100ms/99.9%
[2.217s][info][gc,marking  ] GC(7) Mark: 8 stripe(s), 6 proactive flush(es), 1 terminate flush(es), 0 completion(s), 0 continuation(s) 
[2.217s][info][gc,marking  ] GC(7) Mark Stack Usage: 32M
[2.217s][info][gc,nmethod  ] GC(7) NMethods: 1259 registered, 125 unregistered
[2.217s][info][gc,metaspace] GC(7) Metaspace: 8M used, 8M committed, 1088M reserved
[2.217s][info][gc,ref      ] GC(7) Soft: 169 encountered, 0 discovered, 0 enqueued
[2.217s][info][gc,ref      ] GC(7) Weak: 536 encountered, 50 discovered, 0 enqueued
[2.217s][info][gc,ref      ] GC(7) Final: 0 encountered, 0 discovered, 0 enqueued
[2.217s][info][gc,ref      ] GC(7) Phantom: 21 encountered, 19 discovered, 0 enqueued
[2.217s][info][gc,reloc    ] GC(7) Small Pages: 112 / 224M, Empty: 188M, Relocated: 6M, In-Place: 0
[2.217s][info][gc,reloc    ] GC(7) Medium Pages: 2 / 64M, Empty: 32M, Relocated: 0M, In-Place: 0
[2.217s][info][gc,reloc    ] GC(7) Large Pages: 0 / 0M, Empty: 0M, Relocated: 0M, In-Place: 0
[2.217s][info][gc,reloc    ] GC(7) Forwarding Usage: 2M
[2.217s][info][gc,heap     ] GC(7) Min Capacity: 8M(1%)
[2.217s][info][gc,heap     ] GC(7) Max Capacity: 1024M(100%)
[2.217s][info][gc,heap     ] GC(7) Soft Max Capacity: 1024M(100%)
[2.217s][info][gc,heap     ] GC(7)                Mark Start          Mark End        Relocate Start      Relocate End           High               Low         
[2.217s][info][gc,heap     ] GC(7)  Capacity:     1024M (100%)       1024M (100%)       1024M (100%)       1024M (100%)       1024M (100%)       1024M (100%)   
[2.217s][info][gc,heap     ] GC(7)      Free:      736M (72%)         716M (70%)         922M (90%)         926M (90%)         930M (91%)         714M (70%)    
[2.217s][info][gc,heap     ] GC(7)      Used:      288M (28%)         308M (30%)         102M (10%)          98M (10%)         310M (30%)          94M (9%)     
[2.217s][info][gc,heap     ] GC(7)      Live:         -                 9M (1%)            9M (1%)            9M (1%)             -                  -          
[2.217s][info][gc,heap     ] GC(7) Allocated:         -                20M (2%)           34M (3%)           41M (4%)             -                  -          
[2.218s][info][gc,heap     ] GC(7)   Garbage:         -               278M (27%)          58M (6%)           46M (4%)             -                  -          
[2.218s][info][gc,heap     ] GC(7) Reclaimed:         -                  -               220M (21%)         231M (23%)            -                  -          
[2.218s][info][gc          ] GC(7) Garbage Collection (Allocation Rate) 288M(28%)->98M(10%)
[2.302s][info][gc,start    ] GC(8) Garbage Collection (Allocation Rate)
[2.302s][info][gc,task     ] GC(8) Using 10 workers
[2.302s][info][gc,phases   ] GC(8) Pause Mark Start 0.011ms
[2.333s][info][gc,phases   ] GC(8) Concurrent Mark 31.055ms
[2.334s][info][gc,phases   ] GC(8) Pause Mark End 0.017ms
[2.334s][info][gc,phases   ] GC(8) Concurrent Mark Free 0.001ms
[2.334s][info][gc,phases   ] GC(8) Concurrent Process Non-Strong References 0.731ms
[2.334s][info][gc,phases   ] GC(8) Concurrent Reset Relocation Set 0.002ms
[2.338s][info][gc,phases   ] GC(8) Concurrent Select Relocation Set 3.676ms
[2.338s][info][gc,phases   ] GC(8) Pause Relocate Start 0.006ms
[2.341s][info][gc,phases   ] GC(8) Concurrent Relocate 3.096ms
[2.342s][info][gc,load     ] GC(8) Load: 0.00/0.00/0.00
[2.342s][info][gc,mmu      ] GC(8) MMU: 2ms/99.0%, 5ms/99.4%, 10ms/99.7%, 20ms/99.8%, 50ms/99.9%, 100ms/99.9%
[2.342s][info][gc,marking  ] GC(8) Mark: 8 stripe(s), 3 proactive flush(es), 1 terminate flush(es), 0 completion(s), 0 continuation(s) 
[2.342s][info][gc,marking  ] GC(8) Mark Stack Usage: 32M
[2.342s][info][gc,nmethod  ] GC(8) NMethods: 1259 registered, 125 unregistered
[2.342s][info][gc,metaspace] GC(8) Metaspace: 8M used, 8M committed, 1088M reserved
[2.342s][info][gc,ref      ] GC(8) Soft: 169 encountered, 0 discovered, 0 enqueued
[2.342s][info][gc,ref      ] GC(8) Weak: 536 encountered, 56 discovered, 0 enqueued
[2.342s][info][gc,ref      ] GC(8) Final: 0 encountered, 0 discovered, 0 enqueued
[2.342s][info][gc,ref      ] GC(8) Phantom: 21 encountered, 12 discovered, 0 enqueued
[2.342s][info][gc,reloc    ] GC(8) Small Pages: 145 / 290M, Empty: 254M, Relocated: 5M, In-Place: 0
[2.342s][info][gc,reloc    ] GC(8) Medium Pages: 1 / 32M, Empty: 0M, Relocated: 0M, In-Place: 0
[2.342s][info][gc,reloc    ] GC(8) Large Pages: 0 / 0M, Empty: 0M, Relocated: 0M, In-Place: 0
[2.342s][info][gc,reloc    ] GC(8) Forwarding Usage: 2M
[2.342s][info][gc,heap     ] GC(8) Min Capacity: 8M(1%)
[2.342s][info][gc,heap     ] GC(8) Max Capacity: 1024M(100%)
[2.342s][info][gc,heap     ] GC(8) Soft Max Capacity: 1024M(100%)
[2.342s][info][gc,heap     ] GC(8)                Mark Start          Mark End        Relocate Start      Relocate End           High               Low         
[2.342s][info][gc,heap     ] GC(8)  Capacity:     1024M (100%)       1024M (100%)       1024M (100%)       1024M (100%)       1024M (100%)       1024M (100%)   
[2.342s][info][gc,heap     ] GC(8)      Free:      702M (69%)         654M (64%)         902M (88%)         902M (88%)         902M (88%)         654M (64%)    
[2.342s][info][gc,heap     ] GC(8)      Used:      322M (31%)         370M (36%)         122M (12%)         122M (12%)         370M (36%)         122M (12%)    
[2.342s][info][gc,heap     ] GC(8)      Live:         -                10M (1%)           10M (1%)           10M (1%)             -                  -          
[2.342s][info][gc,heap     ] GC(8) Allocated:         -                48M (5%)           54M (5%)           61M (6%)             -                  -          
[2.342s][info][gc,heap     ] GC(8)   Garbage:         -               311M (30%)          57M (6%)           49M (5%)             -                  -          
[2.342s][info][gc,heap     ] GC(8) Reclaimed:         -                  -               254M (25%)         261M (26%)            -                  -          
[2.342s][info][gc          ] GC(8) Garbage Collection (Allocation Rate) 322M(31%)->122M(12%)
[2.396s][info][gc,start    ] GC(9) Garbage Collection (Allocation Rate)
[2.396s][info][gc,task     ] GC(9) Using 10 workers
[2.396s][info][gc,phases   ] GC(9) Pause Mark Start 0.010ms
[2.412s][info][gc,phases   ] GC(9) Concurrent Mark 15.400ms
[2.412s][info][gc,phases   ] GC(9) Pause Mark End 0.020ms
[2.412s][info][gc,phases   ] GC(9) Concurrent Mark Free 0.001ms
[2.413s][info][gc,phases   ] GC(9) Concurrent Process Non-Strong References 0.702ms
[2.413s][info][gc,phases   ] GC(9) Concurrent Reset Relocation Set 0.004ms
[2.419s][info][gc,phases   ] GC(9) Concurrent Select Relocation Set 6.718ms
[2.419s][info][gc,phases   ] GC(9) Pause Relocate Start 0.008ms
[2.424s][info][gc,phases   ] GC(9) Concurrent Relocate 4.176ms
[2.424s][info][gc,load     ] GC(9) Load: 0.00/0.00/0.00
[2.424s][info][gc,mmu      ] GC(9) MMU: 2ms/99.0%, 5ms/99.4%, 10ms/99.7%, 20ms/99.8%, 50ms/99.9%, 100ms/99.9%
[2.424s][info][gc,marking  ] GC(9) Mark: 8 stripe(s), 2 proactive flush(es), 1 terminate flush(es), 0 completion(s), 0 continuation(s) 
[2.424s][info][gc,marking  ] GC(9) Mark Stack Usage: 32M
[2.424s][info][gc,nmethod  ] GC(9) NMethods: 1259 registered, 125 unregistered
[2.424s][info][gc,metaspace] GC(9) Metaspace: 8M used, 8M committed, 1088M reserved
[2.424s][info][gc,ref      ] GC(9) Soft: 169 encountered, 0 discovered, 0 enqueued
[2.424s][info][gc,ref      ] GC(9) Weak: 536 encountered, 51 discovered, 0 enqueued
[2.424s][info][gc,ref      ] GC(9) Final: 0 encountered, 0 discovered, 0 enqueued
[2.424s][info][gc,ref      ] GC(9) Phantom: 21 encountered, 12 discovered, 0 enqueued
[2.424s][info][gc,reloc    ] GC(9) Small Pages: 114 / 228M, Empty: 200M, Relocated: 6M, In-Place: 0
[2.424s][info][gc,reloc    ] GC(9) Medium Pages: 1 / 32M, Empty: 0M, Relocated: 0M, In-Place: 0
[2.424s][info][gc,reloc    ] GC(9) Large Pages: 0 / 0M, Empty: 0M, Relocated: 0M, In-Place: 0
[2.424s][info][gc,reloc    ] GC(9) Forwarding Usage: 2M
[2.424s][info][gc,heap     ] GC(9) Min Capacity: 8M(1%)
[2.424s][info][gc,heap     ] GC(9) Max Capacity: 1024M(100%)
[2.424s][info][gc,heap     ] GC(9) Soft Max Capacity: 1024M(100%)
[2.424s][info][gc,heap     ] GC(9)                Mark Start          Mark End        Relocate Start      Relocate End           High               Low         
[2.424s][info][gc,heap     ] GC(9)  Capacity:     1024M (100%)       1024M (100%)       1024M (100%)       1024M (100%)       1024M (100%)       1024M (100%)   
[2.424s][info][gc,heap     ] GC(9)      Free:      764M (75%)         718M (70%)         902M (88%)         892M (87%)         912M (89%)         716M (70%)    
[2.424s][info][gc,heap     ] GC(9)      Used:      260M (25%)         306M (30%)         122M (12%)         132M (13%)         308M (30%)         112M (11%)    
[2.424s][info][gc,heap     ] GC(9)      Live:         -                11M (1%)           11M (1%)           11M (1%)             -                  -          
[2.424s][info][gc,heap     ] GC(9) Allocated:         -                46M (4%)           62M (6%)           73M (7%)             -                  -          
[2.424s][info][gc,heap     ] GC(9)   Garbage:         -               248M (24%)          48M (5%)           46M (5%)             -                  -          
[2.424s][info][gc,heap     ] GC(9) Reclaimed:         -                  -               200M (20%)         201M (20%)            -                  -          
[2.425s][info][gc          ] GC(9) Garbage Collection (Allocation Rate) 260M(25%)->132M(13%)
[2.490s][info][gc,start    ] GC(10) Garbage Collection (Allocation Rate)
[2.490s][info][gc,task     ] GC(10) Using 10 workers
[2.490s][info][gc,phases   ] GC(10) Pause Mark Start 0.013ms
[2.505s][info][gc,phases   ] GC(10) Concurrent Mark 15.364ms
[2.505s][info][gc,phases   ] GC(10) Pause Mark End 0.017ms
[2.506s][info][gc,phases   ] GC(10) Concurrent Mark Free 0.001ms
[2.506s][info][gc,phases   ] GC(10) Concurrent Process Non-Strong References 0.737ms
[2.506s][info][gc,phases   ] GC(10) Concurrent Reset Relocation Set 0.002ms
[2.514s][info][gc,phases   ] GC(10) Concurrent Select Relocation Set 7.729ms
[2.514s][info][gc,phases   ] GC(10) Pause Relocate Start 0.008ms
[2.520s][info][gc,phases   ] GC(10) Concurrent Relocate 6.182ms
[2.521s][info][gc,load     ] GC(10) Load: 0.00/0.00/0.00
[2.521s][info][gc,mmu      ] GC(10) MMU: 2ms/99.0%, 5ms/99.4%, 10ms/99.7%, 20ms/99.8%, 50ms/99.9%, 100ms/99.9%
[2.521s][info][gc,marking  ] GC(10) Mark: 8 stripe(s), 2 proactive flush(es), 1 terminate flush(es), 0 completion(s), 0 continuation(s) 
[2.521s][info][gc,marking  ] GC(10) Mark Stack Usage: 32M
[2.521s][info][gc,nmethod  ] GC(10) NMethods: 1259 registered, 125 unregistered
[2.521s][info][gc,metaspace] GC(10) Metaspace: 8M used, 8M committed, 1088M reserved
[2.521s][info][gc,ref      ] GC(10) Soft: 169 encountered, 0 discovered, 0 enqueued
[2.521s][info][gc,ref      ] GC(10) Weak: 536 encountered, 161 discovered, 0 enqueued
[2.521s][info][gc,ref      ] GC(10) Final: 0 encountered, 0 discovered, 0 enqueued
[2.521s][info][gc,ref      ] GC(10) Phantom: 21 encountered, 10 discovered, 0 enqueued
[2.521s][info][gc,reloc    ] GC(10) Small Pages: 123 / 246M, Empty: 208M, Relocated: 8M, In-Place: 0
[2.521s][info][gc,reloc    ] GC(10) Medium Pages: 2 / 64M, Empty: 0M, Relocated: 0M, In-Place: 0
[2.521s][info][gc,reloc    ] GC(10) Large Pages: 0 / 0M, Empty: 0M, Relocated: 0M, In-Place: 0
[2.521s][info][gc,reloc    ] GC(10) Forwarding Usage: 3M
[2.521s][info][gc,heap     ] GC(10) Min Capacity: 8M(1%)
[2.521s][info][gc,heap     ] GC(10) Max Capacity: 1024M(100%)
[2.521s][info][gc,heap     ] GC(10) Soft Max Capacity: 1024M(100%)
[2.521s][info][gc,heap     ] GC(10)                Mark Start          Mark End        Relocate Start      Relocate End           High               Low         
[2.521s][info][gc,heap     ] GC(10)  Capacity:     1024M (100%)       1024M (100%)       1024M (100%)       1024M (100%)       1024M (100%)       1024M (100%)   
[2.521s][info][gc,heap     ] GC(10)      Free:      714M (70%)         692M (68%)         888M (87%)         922M (90%)         924M (90%)         692M (68%)    
[2.521s][info][gc,heap     ] GC(10)      Used:      310M (30%)         332M (32%)         136M (13%)         102M (10%)         332M (32%)         100M (10%)    
[2.521s][info][gc,heap     ] GC(10)      Live:         -                11M (1%)           11M (1%)           11M (1%)             -                  -          
[2.521s][info][gc,heap     ] GC(10) Allocated:         -                22M (2%)           34M (3%)           47M (5%)             -                  -          
[2.521s][info][gc,heap     ] GC(10)   Garbage:         -               298M (29%)          90M (9%)           42M (4%)             -                  -          
[2.521s][info][gc,heap     ] GC(10) Reclaimed:         -                  -               208M (20%)         255M (25%)            -                  -          
[2.521s][info][gc          ] GC(10) Garbage Collection (Allocation Rate) 310M(30%)->102M(10%)
[2.589s][info][gc,start    ] GC(11) Garbage Collection (Allocation Rate)
[2.589s][info][gc,task     ] GC(11) Using 10 workers
[2.589s][info][gc,phases   ] GC(11) Pause Mark Start 0.010ms
[2.602s][info][gc,phases   ] GC(11) Concurrent Mark 12.775ms
[2.602s][info][gc,phases   ] GC(11) Pause Mark End 0.011ms
[2.602s][info][gc,phases   ] GC(11) Concurrent Mark Free 0.001ms
[2.603s][info][gc,phases   ] GC(11) Concurrent Process Non-Strong References 0.674ms
[2.603s][info][gc,phases   ] GC(11) Concurrent Reset Relocation Set 0.003ms
[2.607s][info][gc,phases   ] GC(11) Concurrent Select Relocation Set 3.865ms
[2.607s][info][gc,phases   ] GC(11) Pause Relocate Start 0.009ms
[2.612s][info][gc,phases   ] GC(11) Concurrent Relocate 4.730ms
[2.612s][info][gc,load     ] GC(11) Load: 0.00/0.00/0.00
[2.612s][info][gc,mmu      ] GC(11) MMU: 2ms/99.0%, 5ms/99.4%, 10ms/99.7%, 20ms/99.8%, 50ms/99.9%, 100ms/99.9%
[2.612s][info][gc,marking  ] GC(11) Mark: 8 stripe(s), 4 proactive flush(es), 1 terminate flush(es), 0 completion(s), 0 continuation(s) 
[2.612s][info][gc,marking  ] GC(11) Mark Stack Usage: 32M
[2.612s][info][gc,nmethod  ] GC(11) NMethods: 1259 registered, 125 unregistered
[2.612s][info][gc,metaspace] GC(11) Metaspace: 8M used, 8M committed, 1088M reserved
[2.612s][info][gc,ref      ] GC(11) Soft: 169 encountered, 0 discovered, 0 enqueued
[2.612s][info][gc,ref      ] GC(11) Weak: 536 encountered, 61 discovered, 0 enqueued
[2.612s][info][gc,ref      ] GC(11) Final: 0 encountered, 0 discovered, 0 enqueued
[2.612s][info][gc,ref      ] GC(11) Phantom: 21 encountered, 8 discovered, 0 enqueued
[2.612s][info][gc,reloc    ] GC(11) Small Pages: 112 / 224M, Empty: 194M, Relocated: 5M, In-Place: 0
[2.612s][info][gc,reloc    ] GC(11) Medium Pages: 1 / 32M, Empty: 0M, Relocated: 0M, In-Place: 0
[2.612s][info][gc,reloc    ] GC(11) Large Pages: 0 / 0M, Empty: 0M, Relocated: 0M, In-Place: 0
[2.612s][info][gc,reloc    ] GC(11) Forwarding Usage: 2M
[2.612s][info][gc,heap     ] GC(11) Min Capacity: 8M(1%)
[2.613s][info][gc,heap     ] GC(11) Max Capacity: 1024M(100%)
[2.613s][info][gc,heap     ] GC(11) Soft Max Capacity: 1024M(100%)
[2.613s][info][gc,heap     ] GC(11)                Mark Start          Mark End        Relocate Start      Relocate End           High               Low         
[2.613s][info][gc,heap     ] GC(11)  Capacity:     1024M (100%)       1024M (100%)       1024M (100%)       1024M (100%)       1024M (100%)       1024M (100%)   
[2.613s][info][gc,heap     ] GC(11)      Free:      768M (75%)         754M (74%)         944M (92%)         934M (91%)         944M (92%)         754M (74%)    
[2.613s][info][gc,heap     ] GC(11)      Used:      256M (25%)         270M (26%)          80M (8%)           90M (9%)          270M (26%)          80M (8%)     
[2.613s][info][gc,heap     ] GC(11)      Live:         -                12M (1%)           12M (1%)           12M (1%)             -                  -          
[2.613s][info][gc,heap     ] GC(11) Allocated:         -                14M (1%)           18M (2%)           27M (3%)             -                  -          
[2.613s][info][gc,heap     ] GC(11)   Garbage:         -               243M (24%)          49M (5%)           49M (5%)             -                  -          
[2.613s][info][gc,heap     ] GC(11) Reclaimed:         -                  -               194M (19%)         193M (19%)            -                  -          
[2.613s][info][gc          ] GC(11) Garbage Collection (Allocation Rate) 256M(25%)->90M(9%)
[2.789s][info][gc,start    ] GC(12) Garbage Collection (Allocation Rate)
[2.789s][info][gc,task     ] GC(12) Using 10 workers
[2.789s][info][gc,phases   ] GC(12) Pause Mark Start 0.017ms
[2.802s][info][gc,phases   ] GC(12) Concurrent Mark 12.655ms
[2.802s][info][gc,phases   ] GC(12) Pause Mark End 0.017ms
[2.802s][info][gc,phases   ] GC(12) Concurrent Mark Free 0.001ms
[2.803s][info][gc,phases   ] GC(12) Concurrent Process Non-Strong References 0.733ms
[2.803s][info][gc,phases   ] GC(12) Concurrent Reset Relocation Set 0.002ms
[2.810s][info][gc,phases   ] GC(12) Concurrent Select Relocation Set 6.887ms
[2.810s][info][gc,phases   ] GC(12) Pause Relocate Start 0.007ms
[2.813s][info][gc,phases   ] GC(12) Concurrent Relocate 3.088ms
[2.813s][info][gc,load     ] GC(12) Load: 0.00/0.00/0.00
[2.813s][info][gc,mmu      ] GC(12) MMU: 2ms/99.0%, 5ms/99.4%, 10ms/99.7%, 20ms/99.8%, 50ms/99.9%, 100ms/99.9%
[2.813s][info][gc,marking  ] GC(12) Mark: 8 stripe(s), 2 proactive flush(es), 1 terminate flush(es), 0 completion(s), 0 continuation(s) 
[2.813s][info][gc,marking  ] GC(12) Mark Stack Usage: 32M
[2.813s][info][gc,nmethod  ] GC(12) NMethods: 1259 registered, 125 unregistered
[2.813s][info][gc,metaspace] GC(12) Metaspace: 8M used, 8M committed, 1088M reserved
[2.813s][info][gc,ref      ] GC(12) Soft: 169 encountered, 0 discovered, 0 enqueued
[2.813s][info][gc,ref      ] GC(12) Weak: 536 encountered, 56 discovered, 0 enqueued
[2.813s][info][gc,ref      ] GC(12) Final: 0 encountered, 0 discovered, 0 enqueued
[2.813s][info][gc,ref      ] GC(12) Phantom: 21 encountered, 9 discovered, 0 enqueued
[2.813s][info][gc,reloc    ] GC(12) Small Pages: 246 / 492M, Empty: 446M, Relocated: 5M, In-Place: 0
[2.813s][info][gc,reloc    ] GC(12) Medium Pages: 1 / 32M, Empty: 0M, Relocated: 0M, In-Place: 0
[2.814s][info][gc,reloc    ] GC(12) Large Pages: 0 / 0M, Empty: 0M, Relocated: 0M, In-Place: 0
[2.814s][info][gc,reloc    ] GC(12) Forwarding Usage: 2M
[2.814s][info][gc,heap     ] GC(12) Min Capacity: 8M(1%)
[2.814s][info][gc,heap     ] GC(12) Max Capacity: 1024M(100%)
[2.814s][info][gc,heap     ] GC(12) Soft Max Capacity: 1024M(100%)
[2.814s][info][gc,heap     ] GC(12)                Mark Start          Mark End        Relocate Start      Relocate End           High               Low         
[2.814s][info][gc,heap     ] GC(12)  Capacity:     1024M (100%)       1024M (100%)       1024M (100%)       1024M (100%)       1024M (100%)       1024M (100%)   
[2.814s][info][gc,heap     ] GC(12)      Free:      500M (49%)         484M (47%)         920M (90%)         926M (90%)         926M (90%)         484M (47%)    
[2.814s][info][gc,heap     ] GC(12)      Used:      524M (51%)         540M (53%)         104M (10%)          98M (10%)         540M (53%)          98M (10%)    
[2.814s][info][gc,heap     ] GC(12)      Live:         -                13M (1%)           13M (1%)           13M (1%)             -                  -          
[2.814s][info][gc,heap     ] GC(12) Allocated:         -                16M (2%)           26M (3%)           33M (3%)             -                  -          
[2.814s][info][gc,heap     ] GC(12)   Garbage:         -               510M (50%)          64M (6%)           50M (5%)             -                  -          
[2.814s][info][gc,heap     ] GC(12) Reclaimed:         -                  -               446M (44%)         459M (45%)            -                  -          
[2.814s][info][gc          ] GC(12) Garbage Collection (Allocation Rate) 524M(51%)->98M(10%)
[2.990s][info][gc,start    ] GC(13) Garbage Collection (Allocation Rate)
[2.990s][info][gc,task     ] GC(13) Using 3 workers
[2.990s][info][gc,phases   ] GC(13) Pause Mark Start 0.017ms
[3.019s][info][gc,phases   ] GC(13) Concurrent Mark 29.536ms
[3.020s][info][gc,phases   ] GC(13) Pause Mark End 0.014ms
[3.020s][info][gc,phases   ] GC(13) Concurrent Mark Free 0.001ms
[3.021s][info][gc,phases   ] GC(13) Concurrent Process Non-Strong References 1.508ms
[3.021s][info][gc,phases   ] GC(13) Concurrent Reset Relocation Set 0.004ms
[3.029s][info][gc,phases   ] GC(13) Concurrent Select Relocation Set 7.219ms
[3.029s][info][gc,phases   ] GC(13) Pause Relocate Start 0.011ms
[3.037s][info][gc,phases   ] GC(13) Concurrent Relocate 8.348ms
[3.037s][info][gc,load     ] GC(13) Load: 0.00/0.00/0.00
[3.037s][info][gc,mmu      ] GC(13) MMU: 2ms/99.0%, 5ms/99.4%, 10ms/99.7%, 20ms/99.8%, 50ms/99.9%, 100ms/99.9%
[3.037s][info][gc,marking  ] GC(13) Mark: 2 stripe(s), 8 proactive flush(es), 1 terminate flush(es), 0 completion(s), 0 continuation(s) 
[3.037s][info][gc,marking  ] GC(13) Mark Stack Usage: 32M
[3.037s][info][gc,nmethod  ] GC(13) NMethods: 1259 registered, 125 unregistered
[3.037s][info][gc,metaspace] GC(13) Metaspace: 8M used, 8M committed, 1088M reserved
[3.037s][info][gc,ref      ] GC(13) Soft: 169 encountered, 0 discovered, 0 enqueued
[3.037s][info][gc,ref      ] GC(13) Weak: 536 encountered, 350 discovered, 0 enqueued
[3.037s][info][gc,ref      ] GC(13) Final: 0 encountered, 0 discovered, 0 enqueued
[3.037s][info][gc,ref      ] GC(13) Phantom: 21 encountered, 10 discovered, 0 enqueued
[3.037s][info][gc,reloc    ] GC(13) Small Pages: 202 / 404M, Empty: 362M, Relocated: 8M, In-Place: 0
[3.038s][info][gc,reloc    ] GC(13) Medium Pages: 2 / 64M, Empty: 0M, Relocated: 1M, In-Place: 0
[3.038s][info][gc,reloc    ] GC(13) Large Pages: 0 / 0M, Empty: 0M, Relocated: 0M, In-Place: 0
[3.038s][info][gc,reloc    ] GC(13) Forwarding Usage: 3M
[3.038s][info][gc,heap     ] GC(13) Min Capacity: 8M(1%)
[3.038s][info][gc,heap     ] GC(13) Max Capacity: 1024M(100%)
[3.038s][info][gc,heap     ] GC(13) Soft Max Capacity: 1024M(100%)
[3.038s][info][gc,heap     ] GC(13)                Mark Start          Mark End        Relocate Start      Relocate End           High               Low         
[3.038s][info][gc,heap     ] GC(13)  Capacity:     1024M (100%)       1024M (100%)       1024M (100%)       1024M (100%)       1024M (100%)       1024M (100%)   
[3.038s][info][gc,heap     ] GC(13)      Free:      556M (54%)         534M (52%)         884M (86%)         918M (90%)         928M (91%)         532M (52%)    
[3.038s][info][gc,heap     ] GC(13)      Used:      468M (46%)         490M (48%)         140M (14%)         106M (10%)         492M (48%)          96M (9%)     
[3.038s][info][gc,heap     ] GC(13)      Live:         -                14M (1%)           14M (1%)           14M (1%)             -                  -          
[3.038s][info][gc,heap     ] GC(13) Allocated:         -                22M (2%)           34M (3%)           53M (5%)             -                  -          
[3.038s][info][gc,heap     ] GC(13)   Garbage:         -               453M (44%)          91M (9%)           37M (4%)             -                  -          
[3.038s][info][gc,heap     ] GC(13) Reclaimed:         -                  -               362M (35%)         415M (41%)            -                  -          
[3.038s][info][gc          ] GC(13) Garbage Collection (Allocation Rate) 468M(46%)->106M(10%)
[3.189s][info][gc,start    ] GC(14) Garbage Collection (Allocation Rate)
[3.189s][info][gc,task     ] GC(14) Using 2 workers
[3.189s][info][gc,phases   ] GC(14) Pause Mark Start 0.017ms
[3.233s][info][gc,phases   ] GC(14) Concurrent Mark 43.554ms
[3.233s][info][gc,phases   ] GC(14) Pause Mark End 0.017ms
[3.233s][info][gc,phases   ] GC(14) Concurrent Mark Free 0.001ms
[3.235s][info][gc,phases   ] GC(14) Concurrent Process Non-Strong References 2.304ms
[3.235s][info][gc,phases   ] GC(14) Concurrent Reset Relocation Set 0.003ms
[3.240s][info][gc,phases   ] GC(14) Concurrent Select Relocation Set 4.120ms
[3.240s][info][gc,phases   ] GC(14) Pause Relocate Start 0.007ms
[3.245s][info][gc,phases   ] GC(14) Concurrent Relocate 5.587ms
[3.245s][info][gc,load     ] GC(14) Load: 0.00/0.00/0.00
[3.245s][info][gc,mmu      ] GC(14) MMU: 2ms/99.0%, 5ms/99.4%, 10ms/99.7%, 20ms/99.8%, 50ms/99.9%, 100ms/99.9%
[3.245s][info][gc,marking  ] GC(14) Mark: 2 stripe(s), 2 proactive flush(es), 1 terminate flush(es), 0 completion(s), 0 continuation(s) 
[3.245s][info][gc,marking  ] GC(14) Mark Stack Usage: 32M
[3.245s][info][gc,nmethod  ] GC(14) NMethods: 1259 registered, 125 unregistered
[3.246s][info][gc,metaspace] GC(14) Metaspace: 8M used, 8M committed, 1088M reserved
[3.246s][info][gc,ref      ] GC(14) Soft: 169 encountered, 0 discovered, 0 enqueued
[3.246s][info][gc,ref      ] GC(14) Weak: 536 encountered, 34 discovered, 0 enqueued
[3.246s][info][gc,ref      ] GC(14) Final: 0 encountered, 0 discovered, 0 enqueued
[3.246s][info][gc,ref      ] GC(14) Phantom: 21 encountered, 11 discovered, 0 enqueued
[3.246s][info][gc,reloc    ] GC(14) Small Pages: 219 / 438M, Empty: 400M, Relocated: 4M, In-Place: 0
[3.246s][info][gc,reloc    ] GC(14) Medium Pages: 1 / 32M, Empty: 0M, Relocated: 0M, In-Place: 0
[3.246s][info][gc,reloc    ] GC(14) Large Pages: 0 / 0M, Empty: 0M, Relocated: 0M, In-Place: 0
[3.246s][info][gc,reloc    ] GC(14) Forwarding Usage: 2M
[3.246s][info][gc,heap     ] GC(14) Min Capacity: 8M(1%)
[3.246s][info][gc,heap     ] GC(14) Max Capacity: 1024M(100%)
[3.246s][info][gc,heap     ] GC(14) Soft Max Capacity: 1024M(100%)
[3.246s][info][gc,heap     ] GC(14)                Mark Start          Mark End        Relocate Start      Relocate End           High               Low         
[3.246s][info][gc,heap     ] GC(14)  Capacity:     1024M (100%)       1024M (100%)       1024M (100%)       1024M (100%)       1024M (100%)       1024M (100%)   
[3.246s][info][gc,heap     ] GC(14)      Free:      554M (54%)         504M (49%)         862M (84%)         864M (84%)         872M (85%)         468M (46%)    
[3.246s][info][gc,heap     ] GC(14)      Used:      470M (46%)         520M (51%)         162M (16%)         160M (16%)         556M (54%)         152M (15%)    
[3.246s][info][gc,heap     ] GC(14)      Live:         -                16M (2%)           16M (2%)           16M (2%)             -                  -          
[3.246s][info][gc,heap     ] GC(14) Allocated:         -                50M (5%)           92M (9%)          107M (11%)            -                  -          
[3.246s][info][gc,heap     ] GC(14)   Garbage:         -               453M (44%)          53M (5%)           35M (4%)             -                  -          
[3.246s][info][gc,heap     ] GC(14) Reclaimed:         -                  -               400M (39%)         417M (41%)            -                  -          
[3.246s][info][gc          ] GC(14) Garbage Collection (Allocation Rate) 470M(46%)->160M(16%)
[3.390s][info][gc,start    ] GC(15) Garbage Collection (Allocation Rate)
[3.390s][info][gc,task     ] GC(15) Using 2 workers
[3.390s][info][gc,phases   ] GC(15) Pause Mark Start 0.016ms
[3.427s][info][gc,phases   ] GC(15) Concurrent Mark 37.593ms
[3.428s][info][gc,phases   ] GC(15) Pause Mark End 0.016ms
[3.428s][info][gc,phases   ] GC(15) Concurrent Mark Free 0.001ms
[3.430s][info][gc,phases   ] GC(15) Concurrent Process Non-Strong References 2.342ms
[3.430s][info][gc,phases   ] GC(15) Concurrent Reset Relocation Set 0.002ms
[3.434s][info][gc,phases   ] GC(15) Concurrent Select Relocation Set 3.890ms
[3.434s][info][gc,phases   ] GC(15) Pause Relocate Start 0.010ms
[3.438s][info][gc,phases   ] GC(15) Concurrent Relocate 3.809ms
[3.438s][info][gc,load     ] GC(15) Load: 0.00/0.00/0.00
[3.438s][info][gc,mmu      ] GC(15) MMU: 2ms/99.0%, 5ms/99.4%, 10ms/99.7%, 20ms/99.8%, 50ms/99.9%, 100ms/99.9%
[3.438s][info][gc,marking  ] GC(15) Mark: 2 stripe(s), 2 proactive flush(es), 1 terminate flush(es), 0 completion(s), 0 continuation(s) 
[3.438s][info][gc,marking  ] GC(15) Mark Stack Usage: 32M
[3.438s][info][gc,nmethod  ] GC(15) NMethods: 1259 registered, 125 unregistered
[3.438s][info][gc,metaspace] GC(15) Metaspace: 8M used, 8M committed, 1088M reserved
[3.438s][info][gc,ref      ] GC(15) Soft: 169 encountered, 0 discovered, 0 enqueued
[3.438s][info][gc,ref      ] GC(15) Weak: 536 encountered, 4 discovered, 0 enqueued
[3.438s][info][gc,ref      ] GC(15) Final: 0 encountered, 0 discovered, 0 enqueued
[3.438s][info][gc,ref      ] GC(15) Phantom: 21 encountered, 11 discovered, 0 enqueued
[3.438s][info][gc,reloc    ] GC(15) Small Pages: 244 / 488M, Empty: 452M, Relocated: 4M, In-Place: 0
[3.438s][info][gc,reloc    ] GC(15) Medium Pages: 2 / 64M, Empty: 0M, Relocated: 1M, In-Place: 0
[3.439s][info][gc,reloc    ] GC(15) Large Pages: 0 / 0M, Empty: 0M, Relocated: 0M, In-Place: 0
[3.439s][info][gc,reloc    ] GC(15) Forwarding Usage: 2M
[3.439s][info][gc,heap     ] GC(15) Min Capacity: 8M(1%)
[3.439s][info][gc,heap     ] GC(15) Max Capacity: 1024M(100%)
[3.439s][info][gc,heap     ] GC(15) Soft Max Capacity: 1024M(100%)
[3.439s][info][gc,heap     ] GC(15)                Mark Start          Mark End        Relocate Start      Relocate End           High               Low         
[3.439s][info][gc,heap     ] GC(15)  Capacity:     1024M (100%)       1024M (100%)       1024M (100%)       1024M (100%)       1024M (100%)       1024M (100%)   
[3.439s][info][gc,heap     ] GC(15)      Free:      472M (46%)         422M (41%)         864M (84%)         902M (88%)         906M (88%)         418M (41%)    
[3.439s][info][gc,heap     ] GC(15)      Used:      552M (54%)         602M (59%)         160M (16%)         122M (12%)         606M (59%)         118M (12%)    
[3.439s][info][gc,heap     ] GC(15)      Live:         -                17M (2%)           17M (2%)           17M (2%)             -                  -          
[3.439s][info][gc,heap     ] GC(15) Allocated:         -                50M (5%)           60M (6%)           69M (7%)             -                  -          
[3.439s][info][gc,heap     ] GC(15)   Garbage:         -               534M (52%)          82M (8%)           34M (3%)             -                  -          
[3.439s][info][gc,heap     ] GC(15) Reclaimed:         -                  -               452M (44%)         499M (49%)            -                  -          
[3.439s][info][gc          ] GC(15) Garbage Collection (Allocation Rate) 552M(54%)->122M(12%)
[3.689s][info][gc,start    ] GC(16) Garbage Collection (Allocation Rate)
[3.689s][info][gc,task     ] GC(16) Using 2 workers
[3.689s][info][gc,phases   ] GC(16) Pause Mark Start 0.015ms
[3.730s][info][gc,phases   ] GC(16) Concurrent Mark 40.538ms
[3.730s][info][gc,phases   ] GC(16) Pause Mark End 0.016ms
[3.730s][info][gc,phases   ] GC(16) Concurrent Mark Free 0.001ms
[3.733s][info][gc,phases   ] GC(16) Concurrent Process Non-Strong References 2.376ms
[3.733s][info][gc,phases   ] GC(16) Concurrent Reset Relocation Set 0.004ms
[3.737s][info][gc,phases   ] GC(16) Concurrent Select Relocation Set 3.857ms
[3.737s][info][gc,phases   ] GC(16) Pause Relocate Start 0.006ms
[3.739s][info][gc,phases   ] GC(16) Concurrent Relocate 2.396ms
[3.739s][info][gc,load     ] GC(16) Load: 0.00/0.00/0.00
[3.739s][info][gc,mmu      ] GC(16) MMU: 2ms/99.0%, 5ms/99.4%, 10ms/99.7%, 20ms/99.8%, 50ms/99.9%, 100ms/99.9%
[3.739s][info][gc,marking  ] GC(16) Mark: 2 stripe(s), 2 proactive flush(es), 1 terminate flush(es), 0 completion(s), 0 continuation(s) 
[3.739s][info][gc,marking  ] GC(16) Mark Stack Usage: 32M
[3.739s][info][gc,nmethod  ] GC(16) NMethods: 1262 registered, 125 unregistered
[3.739s][info][gc,metaspace] GC(16) Metaspace: 8M used, 8M committed, 1088M reserved
[3.739s][info][gc,ref      ] GC(16) Soft: 169 encountered, 0 discovered, 0 enqueued
[3.739s][info][gc,ref      ] GC(16) Weak: 536 encountered, 3 discovered, 0 enqueued
[3.739s][info][gc,ref      ] GC(16) Final: 0 encountered, 0 discovered, 0 enqueued
[3.740s][info][gc,ref      ] GC(16) Phantom: 21 encountered, 14 discovered, 0 enqueued
[3.740s][info][gc,reloc    ] GC(16) Small Pages: 322 / 644M, Empty: 598M, Relocated: 3M, In-Place: 0
[3.740s][info][gc,reloc    ] GC(16) Medium Pages: 1 / 32M, Empty: 0M, Relocated: 0M, In-Place: 0
[3.740s][info][gc,reloc    ] GC(16) Large Pages: 0 / 0M, Empty: 0M, Relocated: 0M, In-Place: 0
[3.740s][info][gc,reloc    ] GC(16) Forwarding Usage: 1M
[3.740s][info][gc,heap     ] GC(16) Min Capacity: 8M(1%)
[3.740s][info][gc,heap     ] GC(16) Max Capacity: 1024M(100%)
[3.740s][info][gc,heap     ] GC(16) Soft Max Capacity: 1024M(100%)
[3.740s][info][gc,heap     ] GC(16)                Mark Start          Mark End        Relocate Start      Relocate End           High               Low         
[3.740s][info][gc,heap     ] GC(16)  Capacity:     1024M (100%)       1024M (100%)       1024M (100%)       1024M (100%)       1024M (100%)       1024M (100%)   
[3.740s][info][gc,heap     ] GC(16)      Free:      348M (34%)         298M (29%)         894M (87%)         918M (90%)         918M (90%)         296M (29%)    
[3.740s][info][gc,heap     ] GC(16)      Used:      676M (66%)         726M (71%)         130M (13%)         106M (10%)         728M (71%)         106M (10%)    
[3.740s][info][gc,heap     ] GC(16)      Live:         -                18M (2%)           18M (2%)           18M (2%)             -                  -          
[3.740s][info][gc,heap     ] GC(16) Allocated:         -                50M (5%)           52M (5%)           51M (5%)             -                  -          
[3.740s][info][gc,heap     ] GC(16)   Garbage:         -               657M (64%)          59M (6%)           35M (3%)             -                  -          
[3.740s][info][gc,heap     ] GC(16) Reclaimed:         -                  -               598M (58%)         621M (61%)            -                  -          
[3.740s][info][gc          ] GC(16) Garbage Collection (Allocation Rate) 676M(66%)->106M(10%)
[3.990s][info][gc,start    ] GC(17) Garbage Collection (Allocation Rate)
[3.990s][info][gc,task     ] GC(17) Using 2 workers
[3.990s][info][gc,phases   ] GC(17) Pause Mark Start 0.015ms
[4.042s][info][gc,phases   ] GC(17) Concurrent Mark 52.367ms
[4.042s][info][gc,phases   ] GC(17) Pause Mark End 0.013ms
[4.042s][info][gc,phases   ] GC(17) Concurrent Mark Free 0.001ms
[4.045s][info][gc,phases   ] GC(17) Concurrent Process Non-Strong References 2.418ms
[4.045s][info][gc,phases   ] GC(17) Concurrent Reset Relocation Set 0.003ms
[4.052s][info][gc,phases   ] GC(17) Concurrent Select Relocation Set 7.121ms
[4.052s][info][gc,phases   ] GC(17) Pause Relocate Start 0.009ms
[4.059s][info][gc,phases   ] GC(17) Concurrent Relocate 6.220ms
[4.059s][info][gc,load     ] GC(17) Load: 0.00/0.00/0.00
[4.059s][info][gc,mmu      ] GC(17) MMU: 2ms/99.0%, 5ms/99.4%, 10ms/99.7%, 20ms/99.8%, 50ms/99.9%, 100ms/99.9%
[4.059s][info][gc,marking  ] GC(17) Mark: 2 stripe(s), 3 proactive flush(es), 1 terminate flush(es), 0 completion(s), 0 continuation(s) 
[4.059s][info][gc,marking  ] GC(17) Mark Stack Usage: 32M
[4.059s][info][gc,nmethod  ] GC(17) NMethods: 1260 registered, 131 unregistered
[4.059s][info][gc,metaspace] GC(17) Metaspace: 8M used, 8M committed, 1088M reserved
[4.059s][info][gc,ref      ] GC(17) Soft: 169 encountered, 0 discovered, 0 enqueued
[4.059s][info][gc,ref      ] GC(17) Weak: 536 encountered, 3 discovered, 0 enqueued
[4.059s][info][gc,ref      ] GC(17) Final: 0 encountered, 0 discovered, 0 enqueued
[4.059s][info][gc,ref      ] GC(17) Phantom: 21 encountered, 11 discovered, 0 enqueued
[4.059s][info][gc,reloc    ] GC(17) Small Pages: 284 / 568M, Empty: 514M, Relocated: 5M, In-Place: 0
[4.059s][info][gc,reloc    ] GC(17) Medium Pages: 2 / 64M, Empty: 0M, Relocated: 1M, In-Place: 0
[4.059s][info][gc,reloc    ] GC(17) Large Pages: 0 / 0M, Empty: 0M, Relocated: 0M, In-Place: 0
[4.059s][info][gc,reloc    ] GC(17) Forwarding Usage: 2M
[4.059s][info][gc,heap     ] GC(17) Min Capacity: 8M(1%)
[4.059s][info][gc,heap     ] GC(17) Max Capacity: 1024M(100%)
[4.059s][info][gc,heap     ] GC(17) Soft Max Capacity: 1024M(100%)
[4.059s][info][gc,heap     ] GC(17)                Mark Start          Mark End        Relocate Start      Relocate End           High               Low         
[4.059s][info][gc,heap     ] GC(17)  Capacity:     1024M (100%)       1024M (100%)       1024M (100%)       1024M (100%)       1024M (100%)       1024M (100%)   
[4.059s][info][gc,heap     ] GC(17)      Free:      392M (38%)         326M (32%)         824M (80%)         870M (85%)         878M (86%)         320M (31%)    
[4.059s][info][gc,heap     ] GC(17)      Used:      632M (62%)         698M (68%)         200M (20%)         154M (15%)         704M (69%)         146M (14%)    
[4.059s][info][gc,heap     ] GC(17)      Live:         -                20M (2%)           20M (2%)           20M (2%)             -                  -          
[4.059s][info][gc,heap     ] GC(17) Allocated:         -                66M (6%)           82M (8%)           95M (9%)             -                  -          
[4.059s][info][gc,heap     ] GC(17)   Garbage:         -               611M (60%)          97M (9%)           37M (4%)             -                  -          
[4.059s][info][gc,heap     ] GC(17) Reclaimed:         -                  -               514M (50%)         573M (56%)            -                  -          
[4.059s][info][gc          ] GC(17) Garbage Collection (Allocation Rate) 632M(62%)->154M(15%)
[4.189s][info][gc,start    ] GC(18) Garbage Collection (Allocation Rate)
[4.189s][info][gc,task     ] GC(18) Using 2 workers
[4.189s][info][gc,phases   ] GC(18) Pause Mark Start 0.015ms
[4.236s][info][gc,phases   ] GC(18) Concurrent Mark 46.597ms
[4.236s][info][gc,phases   ] GC(18) Pause Mark End 0.012ms
[4.236s][info][gc,phases   ] GC(18) Concurrent Mark Free 0.001ms
[4.238s][info][gc,phases   ] GC(18) Concurrent Process Non-Strong References 2.203ms
[4.238s][info][gc,phases   ] GC(18) Concurrent Reset Relocation Set 0.004ms
[4.242s][info][gc,phases   ] GC(18) Concurrent Select Relocation Set 3.909ms
[4.242s][info][gc,phases   ] GC(18) Pause Relocate Start 0.009ms
[4.245s][info][gc,phases   ] GC(18) Concurrent Relocate 2.936ms
[4.246s][info][gc,load     ] GC(18) Load: 0.00/0.00/0.00
[4.246s][info][gc,mmu      ] GC(18) MMU: 2ms/99.0%, 5ms/99.4%, 10ms/99.7%, 20ms/99.8%, 50ms/99.9%, 100ms/99.9%
[4.246s][info][gc,marking  ] GC(18) Mark: 2 stripe(s), 4 proactive flush(es), 1 terminate flush(es), 0 completion(s), 0 continuation(s) 
[4.246s][info][gc,marking  ] GC(18) Mark Stack Usage: 32M
[4.246s][info][gc,nmethod  ] GC(18) NMethods: 1260 registered, 131 unregistered
[4.246s][info][gc,metaspace] GC(18) Metaspace: 8M used, 8M committed, 1088M reserved
[4.246s][info][gc,ref      ] GC(18) Soft: 169 encountered, 0 discovered, 0 enqueued
[4.246s][info][gc,ref      ] GC(18) Weak: 536 encountered, 11 discovered, 0 enqueued
[4.246s][info][gc,ref      ] GC(18) Final: 0 encountered, 0 discovered, 0 enqueued
[4.246s][info][gc,ref      ] GC(18) Phantom: 21 encountered, 11 discovered, 0 enqueued
[4.246s][info][gc,reloc    ] GC(18) Small Pages: 225 / 450M, Empty: 402M, Relocated: 3M, In-Place: 0
[4.246s][info][gc,reloc    ] GC(18) Medium Pages: 2 / 64M, Empty: 0M, Relocated: 1M, In-Place: 0
[4.246s][info][gc,reloc    ] GC(18) Large Pages: 0 / 0M, Empty: 0M, Relocated: 0M, In-Place: 0
[4.246s][info][gc,reloc    ] GC(18) Forwarding Usage: 1M
[4.246s][info][gc,heap     ] GC(18) Min Capacity: 8M(1%)
[4.246s][info][gc,heap     ] GC(18) Max Capacity: 1024M(100%)
[4.246s][info][gc,heap     ] GC(18) Soft Max Capacity: 1024M(100%)
[4.246s][info][gc,heap     ] GC(18)                Mark Start          Mark End        Relocate Start      Relocate End           High               Low         
[4.246s][info][gc,heap     ] GC(18)  Capacity:     1024M (100%)       1024M (100%)       1024M (100%)       1024M (100%)       1024M (100%)       1024M (100%)   
[4.246s][info][gc,heap     ] GC(18)      Free:      510M (50%)         424M (41%)         814M (79%)         860M (84%)         862M (84%)         418M (41%)    
[4.246s][info][gc,heap     ] GC(18)      Used:      514M (50%)         600M (59%)         210M (21%)         164M (16%)         606M (59%)         162M (16%)    
[4.246s][info][gc,heap     ] GC(18)      Live:         -                22M (2%)           22M (2%)           22M (2%)             -                  -          
[4.246s][info][gc,heap     ] GC(18) Allocated:         -                86M (8%)           98M (10%)         105M (10%)            -                  -          
[4.246s][info][gc,heap     ] GC(18)   Garbage:         -               491M (48%)          89M (9%)           36M (4%)             -                  -          
[4.246s][info][gc,heap     ] GC(18) Reclaimed:         -                  -               402M (39%)         455M (45%)            -                  -          
[4.246s][info][gc          ] GC(18) Garbage Collection (Allocation Rate) 514M(50%)->164M(16%)
[4.400s][info][gc,start    ] GC(19) Garbage Collection (Allocation Rate)
[4.400s][info][gc,task     ] GC(19) Using 2 workers
[4.400s][info][gc,phases   ] GC(19) Pause Mark Start 0.016ms
[4.447s][info][gc,phases   ] GC(19) Concurrent Mark 46.509ms
[4.447s][info][gc,phases   ] GC(19) Pause Mark End 0.016ms
[4.447s][info][gc,phases   ] GC(19) Concurrent Mark Free 0.001ms
[4.449s][info][gc,phases   ] GC(19) Concurrent Process Non-Strong References 1.505ms
[4.449s][info][gc,phases   ] GC(19) Concurrent Reset Relocation Set 0.004ms
[4.453s][info][gc,phases   ] GC(19) Concurrent Select Relocation Set 3.728ms
[4.453s][info][gc,phases   ] GC(19) Pause Relocate Start 0.004ms
[4.455s][info][gc,phases   ] GC(19) Concurrent Relocate 2.245ms
[4.455s][info][gc,load     ] GC(19) Load: 0.00/0.00/0.00
[4.455s][info][gc,mmu      ] GC(19) MMU: 2ms/99.0%, 5ms/99.4%, 10ms/99.7%, 20ms/99.8%, 50ms/99.9%, 100ms/99.9%
[4.455s][info][gc,marking  ] GC(19) Mark: 2 stripe(s), 2 proactive flush(es), 1 terminate flush(es), 0 completion(s), 0 continuation(s) 
[4.455s][info][gc,marking  ] GC(19) Mark Stack Usage: 32M
[4.455s][info][gc,nmethod  ] GC(19) NMethods: 1260 registered, 131 unregistered
[4.455s][info][gc,metaspace] GC(19) Metaspace: 8M used, 8M committed, 1088M reserved
[4.455s][info][gc,ref      ] GC(19) Soft: 169 encountered, 0 discovered, 0 enqueued
[4.455s][info][gc,ref      ] GC(19) Weak: 536 encountered, 15 discovered, 0 enqueued
[4.455s][info][gc,ref      ] GC(19) Final: 0 encountered, 0 discovered, 0 enqueued
[4.455s][info][gc,ref      ] GC(19) Phantom: 21 encountered, 11 discovered, 0 enqueued
[4.455s][info][gc,reloc    ] GC(19) Small Pages: 265 / 530M, Empty: 490M, Relocated: 3M, In-Place: 0
[4.455s][info][gc,reloc    ] GC(19) Medium Pages: 1 / 32M, Empty: 0M, Relocated: 0M, In-Place: 0
[4.456s][info][gc,reloc    ] GC(19) Large Pages: 0 / 0M, Empty: 0M, Relocated: 0M, In-Place: 0
[4.456s][info][gc,reloc    ] GC(19) Forwarding Usage: 1M
[4.456s][info][gc,heap     ] GC(19) Min Capacity: 8M(1%)
[4.456s][info][gc,heap     ] GC(19) Max Capacity: 1024M(100%)
[4.456s][info][gc,heap     ] GC(19) Soft Max Capacity: 1024M(100%)
[4.456s][info][gc,heap     ] GC(19)                Mark Start          Mark End        Relocate Start      Relocate End           High               Low         
[4.456s][info][gc,heap     ] GC(19)  Capacity:     1024M (100%)       1024M (100%)       1024M (100%)       1024M (100%)       1024M (100%)       1024M (100%)   
[4.456s][info][gc,heap     ] GC(19)      Free:      462M (45%)         376M (37%)         858M (84%)         864M (84%)         866M (85%)         374M (37%)    
[4.456s][info][gc,heap     ] GC(19)      Used:      562M (55%)         648M (63%)         166M (16%)         160M (16%)         650M (63%)         158M (15%)    
[4.456s][info][gc,heap     ] GC(19)      Live:         -                23M (2%)           23M (2%)           23M (2%)             -                  -          
[4.456s][info][gc,heap     ] GC(19) Allocated:         -                86M (8%)           94M (9%)           99M (10%)            -                  -          
[4.456s][info][gc,heap     ] GC(19)   Garbage:         -               538M (53%)          48M (5%)           36M (4%)             -                  -          
[4.456s][info][gc,heap     ] GC(19) Reclaimed:         -                  -               490M (48%)         501M (49%)            -                  -          
[4.456s][info][gc          ] GC(19) Garbage Collection (Allocation Rate) 562M(55%)->160M(16%)
[4.700s][info][gc,start    ] GC(20) Garbage Collection (Allocation Rate)
[4.700s][info][gc,task     ] GC(20) Using 2 workers
[4.700s][info][gc,phases   ] GC(20) Pause Mark Start 0.015ms
[4.747s][info][gc,phases   ] GC(20) Concurrent Mark 46.476ms
[4.747s][info][gc,phases   ] GC(20) Pause Mark End 0.015ms
[4.747s][info][gc,phases   ] GC(20) Concurrent Mark Free 0.001ms
[4.750s][info][gc,phases   ] GC(20) Concurrent Process Non-Strong References 2.302ms
[4.750s][info][gc,phases   ] GC(20) Concurrent Reset Relocation Set 0.002ms
[4.756s][info][gc,phases   ] GC(20) Concurrent Select Relocation Set 6.720ms
[4.756s][info][gc,phases   ] GC(20) Pause Relocate Start 0.006ms
[4.761s][info][gc,phases   ] GC(20) Concurrent Relocate 4.429ms
[4.761s][info][gc,load     ] GC(20) Load: 0.00/0.00/0.00
[4.761s][info][gc,mmu      ] GC(20) MMU: 2ms/99.0%, 5ms/99.4%, 10ms/99.7%, 20ms/99.8%, 50ms/99.9%, 100ms/99.9%
[4.761s][info][gc,marking  ] GC(20) Mark: 2 stripe(s), 2 proactive flush(es), 1 terminate flush(es), 0 completion(s), 0 continuation(s) 
[4.761s][info][gc,marking  ] GC(20) Mark Stack Usage: 32M
[4.761s][info][gc,nmethod  ] GC(20) NMethods: 1260 registered, 131 unregistered
[4.761s][info][gc,metaspace] GC(20) Metaspace: 8M used, 8M committed, 1088M reserved
[4.761s][info][gc,ref      ] GC(20) Soft: 169 encountered, 0 discovered, 0 enqueued
[4.761s][info][gc,ref      ] GC(20) Weak: 536 encountered, 3 discovered, 0 enqueued
[4.761s][info][gc,ref      ] GC(20) Final: 0 encountered, 0 discovered, 0 enqueued
[4.761s][info][gc,ref      ] GC(20) Phantom: 21 encountered, 11 discovered, 0 enqueued
[4.761s][info][gc,reloc    ] GC(20) Small Pages: 341 / 682M, Empty: 630M, Relocated: 4M, In-Place: 0
[4.761s][info][gc,reloc    ] GC(20) Medium Pages: 2 / 64M, Empty: 0M, Relocated: 2M, In-Place: 0
[4.761s][info][gc,reloc    ] GC(20) Large Pages: 0 / 0M, Empty: 0M, Relocated: 0M, In-Place: 0
[4.761s][info][gc,reloc    ] GC(20) Forwarding Usage: 2M
[4.761s][info][gc,heap     ] GC(20) Min Capacity: 8M(1%)
[4.761s][info][gc,heap     ] GC(20) Max Capacity: 1024M(100%)
[4.761s][info][gc,heap     ] GC(20) Soft Max Capacity: 1024M(100%)
[4.761s][info][gc,heap     ] GC(20)                Mark Start          Mark End        Relocate Start      Relocate End           High               Low         
[4.762s][info][gc,heap     ] GC(20)  Capacity:     1024M (100%)       1024M (100%)       1024M (100%)       1024M (100%)       1024M (100%)       1024M (100%)   
[4.762s][info][gc,heap     ] GC(20)      Free:      278M (27%)         236M (23%)         854M (83%)         894M (87%)         900M (88%)         232M (23%)    
[4.762s][info][gc,heap     ] GC(20)      Used:      746M (73%)         788M (77%)         170M (17%)         130M (13%)         792M (77%)         124M (12%)    
[4.762s][info][gc,heap     ] GC(20)      Live:         -                25M (2%)           25M (2%)           25M (2%)             -                  -          
[4.762s][info][gc,heap     ] GC(20) Allocated:         -                42M (4%)           54M (5%)           65M (6%)             -                  -          
[4.762s][info][gc,heap     ] GC(20)   Garbage:         -               720M (70%)          90M (9%)           38M (4%)             -                  -          
[4.762s][info][gc,heap     ] GC(20) Reclaimed:         -                  -               630M (62%)         681M (67%)            -                  -          
[4.762s][info][gc          ] GC(20) Garbage Collection (Allocation Rate) 746M(73%)->130M(13%)
[4.990s][info][gc,start    ] GC(21) Garbage Collection (Allocation Rate)
[4.990s][info][gc,task     ] GC(21) Using 2 workers
[4.990s][info][gc,phases   ] GC(21) Pause Mark Start 0.017ms
[5.044s][info][gc,phases   ] GC(21) Concurrent Mark 53.567ms
[5.044s][info][gc,phases   ] GC(21) Pause Mark End 0.015ms
[5.044s][info][gc,phases   ] GC(21) Concurrent Mark Free 0.001ms
[5.046s][info][gc,phases   ] GC(21) Concurrent Process Non-Strong References 2.290ms
[5.046s][info][gc,phases   ] GC(21) Concurrent Reset Relocation Set 0.003ms
[5.050s][info][gc,phases   ] GC(21) Concurrent Select Relocation Set 3.970ms
[5.050s][info][gc,phases   ] GC(21) Pause Relocate Start 0.005ms
[5.053s][info][gc,phases   ] GC(21) Concurrent Relocate 2.797ms
[5.053s][info][gc,load     ] GC(21) Load: 0.00/0.00/0.00
[5.053s][info][gc,mmu      ] GC(21) MMU: 2ms/99.0%, 5ms/99.4%, 10ms/99.7%, 20ms/99.8%, 50ms/99.9%, 100ms/99.9%
[5.053s][info][gc,marking  ] GC(21) Mark: 2 stripe(s), 2 proactive flush(es), 1 terminate flush(es), 0 completion(s), 0 continuation(s) 
[5.053s][info][gc,marking  ] GC(21) Mark Stack Usage: 32M
[5.053s][info][gc,nmethod  ] GC(21) NMethods: 1260 registered, 131 unregistered
[5.053s][info][gc,metaspace] GC(21) Metaspace: 8M used, 8M committed, 1088M reserved
[5.053s][info][gc,ref      ] GC(21) Soft: 169 encountered, 0 discovered, 0 enqueued
[5.053s][info][gc,ref      ] GC(21) Weak: 536 encountered, 7 discovered, 0 enqueued
[5.053s][info][gc,ref      ] GC(21) Final: 0 encountered, 0 discovered, 0 enqueued
[5.054s][info][gc,ref      ] GC(21) Phantom: 21 encountered, 11 discovered, 0 enqueued
[5.054s][info][gc,reloc    ] GC(21) Small Pages: 349 / 698M, Empty: 644M, Relocated: 3M, In-Place: 0
[5.054s][info][gc,reloc    ] GC(21) Medium Pages: 2 / 64M, Empty: 0M, Relocated: 2M, In-Place: 0
[5.054s][info][gc,reloc    ] GC(21) Large Pages: 0 / 0M, Empty: 0M, Relocated: 0M, In-Place: 0
[5.054s][info][gc,reloc    ] GC(21) Forwarding Usage: 1M
[5.054s][info][gc,heap     ] GC(21) Min Capacity: 8M(1%)
[5.054s][info][gc,heap     ] GC(21) Max Capacity: 1024M(100%)
[5.054s][info][gc,heap     ] GC(21) Soft Max Capacity: 1024M(100%)
[5.054s][info][gc,heap     ] GC(21)                Mark Start          Mark End        Relocate Start      Relocate End           High               Low         
[5.054s][info][gc,heap     ] GC(21)  Capacity:     1024M (100%)       1024M (100%)       1024M (100%)       1024M (100%)       1024M (100%)       1024M (100%)   
[5.054s][info][gc,heap     ] GC(21)      Free:      262M (26%)         194M (19%)         832M (81%)         882M (86%)         882M (86%)         190M (19%)    
[5.054s][info][gc,heap     ] GC(21)      Used:      762M (74%)         830M (81%)         192M (19%)         142M (14%)         834M (81%)         142M (14%)    
[5.054s][info][gc,heap     ] GC(21)      Live:         -                27M (3%)           27M (3%)           27M (3%)             -                  -          
[5.054s][info][gc,heap     ] GC(21) Allocated:         -                68M (7%)           74M (7%)           77M (8%)             -                  -          
[5.054s][info][gc,heap     ] GC(21)   Garbage:         -               734M (72%)          90M (9%)           36M (4%)             -                  -          
[5.054s][info][gc,heap     ] GC(21) Reclaimed:         -                  -               644M (63%)         697M (68%)            -                  -          
[5.054s][info][gc          ] GC(21) Garbage Collection (Allocation Rate) 762M(74%)->142M(14%)
[5.289s][info][gc,start    ] GC(22) Garbage Collection (Allocation Rate)
[5.289s][info][gc,task     ] GC(22) Using 2 workers
[5.290s][info][gc,phases   ] GC(22) Pause Mark Start 0.014ms
[5.344s][info][gc,phases   ] GC(22) Concurrent Mark 54.546ms
[5.344s][info][gc,phases   ] GC(22) Pause Mark End 0.012ms
[5.344s][info][gc,phases   ] GC(22) Concurrent Mark Free 0.001ms
[5.347s][info][gc,phases   ] GC(22) Concurrent Process Non-Strong References 2.367ms
[5.347s][info][gc,phases   ] GC(22) Concurrent Reset Relocation Set 0.003ms
[5.354s][info][gc,phases   ] GC(22) Concurrent Select Relocation Set 6.645ms
[5.354s][info][gc,phases   ] GC(22) Pause Relocate Start 0.010ms
[5.359s][info][gc,phases   ] GC(22) Concurrent Relocate 5.264ms
[5.359s][info][gc,load     ] GC(22) Load: 0.00/0.00/0.00
[5.359s][info][gc,mmu      ] GC(22) MMU: 2ms/99.0%, 5ms/99.4%, 10ms/99.7%, 20ms/99.8%, 50ms/99.9%, 100ms/99.9%
[5.359s][info][gc,marking  ] GC(22) Mark: 2 stripe(s), 2 proactive flush(es), 1 terminate flush(es), 0 completion(s), 0 continuation(s) 
[5.359s][info][gc,marking  ] GC(22) Mark Stack Usage: 32M
[5.359s][info][gc,nmethod  ] GC(22) NMethods: 1260 registered, 131 unregistered
[5.359s][info][gc,metaspace] GC(22) Metaspace: 8M used, 8M committed, 1088M reserved
[5.359s][info][gc,ref      ] GC(22) Soft: 169 encountered, 0 discovered, 0 enqueued
[5.359s][info][gc,ref      ] GC(22) Weak: 536 encountered, 3 discovered, 0 enqueued
[5.359s][info][gc,ref      ] GC(22) Final: 0 encountered, 0 discovered, 0 enqueued
[5.359s][info][gc,ref      ] GC(22) Phantom: 21 encountered, 11 discovered, 0 enqueued
[5.359s][info][gc,reloc    ] GC(22) Small Pages: 326 / 652M, Empty: 596M, Relocated: 4M, In-Place: 0
[5.359s][info][gc,reloc    ] GC(22) Medium Pages: 1 / 32M, Empty: 0M, Relocated: 0M, In-Place: 0
[5.359s][info][gc,reloc    ] GC(22) Large Pages: 0 / 0M, Empty: 0M, Relocated: 0M, In-Place: 0
[5.359s][info][gc,reloc    ] GC(22) Forwarding Usage: 2M
[5.359s][info][gc,heap     ] GC(22) Min Capacity: 8M(1%)
[5.360s][info][gc,heap     ] GC(22) Max Capacity: 1024M(100%)
[5.360s][info][gc,heap     ] GC(22) Soft Max Capacity: 1024M(100%)
[5.360s][info][gc,heap     ] GC(22)                Mark Start          Mark End        Relocate Start      Relocate End           High               Low         
[5.360s][info][gc,heap     ] GC(22)  Capacity:     1024M (100%)       1024M (100%)       1024M (100%)       1024M (100%)       1024M (100%)       1024M (100%)   
[5.360s][info][gc,heap     ] GC(22)      Free:      340M (33%)         258M (25%)         850M (83%)         872M (85%)         872M (85%)         258M (25%)    
[5.360s][info][gc,heap     ] GC(22)      Used:      684M (67%)         766M (75%)         174M (17%)         152M (15%)         766M (75%)         152M (15%)    
[5.360s][info][gc,heap     ] GC(22)      Live:         -                28M (3%)           28M (3%)           28M (3%)             -                  -          
[5.360s][info][gc,heap     ] GC(22) Allocated:         -                82M (8%)           86M (8%)           85M (8%)             -                  -          
[5.360s][info][gc,heap     ] GC(22)   Garbage:         -               655M (64%)          59M (6%)           37M (4%)             -                  -          
[5.360s][info][gc,heap     ] GC(22) Reclaimed:         -                  -               596M (58%)         617M (60%)            -                  -          
[5.360s][info][gc          ] GC(22) Garbage Collection (Allocation Rate) 684M(67%)->152M(15%)
[5.590s][info][gc,start    ] GC(23) Garbage Collection (Allocation Rate)
[5.590s][info][gc,task     ] GC(23) Using 1 workers
[5.590s][info][gc,phases   ] GC(23) Pause Mark Start 0.015ms
[5.676s][info][gc,phases   ] GC(23) Concurrent Mark 86.311ms
[5.677s][info][gc,phases   ] GC(23) Pause Mark End 0.021ms
[5.677s][info][gc,phases   ] GC(23) Concurrent Mark Free 0.001ms
[5.682s][info][gc,phases   ] GC(23) Concurrent Process Non-Strong References 4.757ms
[5.682s][info][gc,phases   ] GC(23) Concurrent Reset Relocation Set 0.003ms
[5.685s][info][gc,phases   ] GC(23) Concurrent Select Relocation Set 3.018ms
[5.685s][info][gc,phases   ] GC(23) Pause Relocate Start 0.011ms
[5.694s][info][gc,phases   ] GC(23) Concurrent Relocate 9.186ms
[5.694s][info][gc,load     ] GC(23) Load: 0.00/0.00/0.00
[5.694s][info][gc,mmu      ] GC(23) MMU: 2ms/99.0%, 5ms/99.4%, 10ms/99.7%, 20ms/99.8%, 50ms/99.9%, 100ms/99.9%
[5.694s][info][gc,marking  ] GC(23) Mark: 1 stripe(s), 2 proactive flush(es), 1 terminate flush(es), 0 completion(s), 0 continuation(s) 
[5.694s][info][gc,marking  ] GC(23) Mark Stack Usage: 32M
[5.694s][info][gc,nmethod  ] GC(23) NMethods: 1296 registered, 135 unregistered
[5.694s][info][gc,metaspace] GC(23) Metaspace: 8M used, 8M committed, 1088M reserved
[5.694s][info][gc,ref      ] GC(23) Soft: 170 encountered, 0 discovered, 0 enqueued
[5.694s][info][gc,ref      ] GC(23) Weak: 543 encountered, 401 discovered, 4 enqueued
[5.694s][info][gc,ref      ] GC(23) Final: 0 encountered, 0 discovered, 0 enqueued
[5.694s][info][gc,ref      ] GC(23) Phantom: 23 encountered, 19 discovered, 2 enqueued
[5.694s][info][gc,reloc    ] GC(23) Small Pages: 72 / 144M, Empty: 102M, Relocated: 3M, In-Place: 0
[5.694s][info][gc,reloc    ] GC(23) Medium Pages: 2 / 64M, Empty: 32M, Relocated: 0M, In-Place: 0
[5.694s][info][gc,reloc    ] GC(23) Large Pages: 0 / 0M, Empty: 0M, Relocated: 0M, In-Place: 0
[5.694s][info][gc,reloc    ] GC(23) Forwarding Usage: 1M
[5.694s][info][gc,heap     ] GC(23) Min Capacity: 8M(1%)
[5.694s][info][gc,heap     ] GC(23) Max Capacity: 1024M(100%)
[5.694s][info][gc,heap     ] GC(23) Soft Max Capacity: 1024M(100%)
[5.694s][info][gc,heap     ] GC(23)                Mark Start          Mark End        Relocate Start      Relocate End           High               Low         
[5.694s][info][gc,heap     ] GC(23)  Capacity:     1024M (100%)       1024M (100%)       1024M (100%)       1024M (100%)       1024M (100%)       1024M (100%)   
[5.694s][info][gc,heap     ] GC(23)      Free:      816M (80%)         782M (76%)         916M (89%)         924M (90%)         924M (90%)         782M (76%)    
[5.695s][info][gc,heap     ] GC(23)      Used:      208M (20%)         242M (24%)         108M (11%)         100M (10%)         242M (24%)         100M (10%)    
[5.695s][info][gc,heap     ] GC(23)      Live:         -                30M (3%)           30M (3%)           30M (3%)             -                  -          
[5.695s][info][gc,heap     ] GC(23) Allocated:         -                34M (3%)           34M (3%)           33M (3%)             -                  -          
[5.695s][info][gc,heap     ] GC(23)   Garbage:         -               177M (17%)          43M (4%)           35M (4%)             -                  -          
[5.695s][info][gc,heap     ] GC(23) Reclaimed:         -                  -               134M (13%)         141M (14%)            -                  -          
[5.695s][info][gc          ] GC(23) Garbage Collection (Allocation Rate) 208M(20%)->100M(10%)
[5.789s][info][gc,start    ] GC(24) Garbage Collection (Allocation Rate)
[5.790s][info][gc,task     ] GC(24) Using 5 workers
[5.790s][info][gc,phases   ] GC(24) Pause Mark Start 0.015ms
[5.823s][info][gc,phases   ] GC(24) Concurrent Mark 33.546ms
[5.823s][info][gc,phases   ] GC(24) Pause Mark End 0.014ms
[5.824s][info][gc,phases   ] GC(24) Concurrent Mark Free 0.001ms
[5.824s][info][gc,phases   ] GC(24) Concurrent Process Non-Strong References 0.868ms
[5.824s][info][gc,phases   ] GC(24) Concurrent Reset Relocation Set 0.001ms
[5.827s][info][gc,phases   ] GC(24) Concurrent Select Relocation Set 2.447ms
[5.827s][info][gc,phases   ] GC(24) Pause Relocate Start 0.004ms
[5.830s][info][gc,phases   ] GC(24) Concurrent Relocate 3.045ms
[5.830s][info][gc,load     ] GC(24) Load: 0.00/0.00/0.00
[5.830s][info][gc,mmu      ] GC(24) MMU: 2ms/99.0%, 5ms/99.4%, 10ms/99.7%, 20ms/99.8%, 50ms/99.9%, 100ms/99.9%
[5.830s][info][gc,marking  ] GC(24) Mark: 4 stripe(s), 3 proactive flush(es), 1 terminate flush(es), 0 completion(s), 0 continuation(s) 
[5.830s][info][gc,marking  ] GC(24) Mark Stack Usage: 32M
[5.830s][info][gc,nmethod  ] GC(24) NMethods: 1288 registered, 18 unregistered
[5.830s][info][gc,metaspace] GC(24) Metaspace: 8M used, 8M committed, 1088M reserved
[5.830s][info][gc,ref      ] GC(24) Soft: 170 encountered, 0 discovered, 0 enqueued
[5.830s][info][gc,ref      ] GC(24) Weak: 539 encountered, 309 discovered, 0 enqueued
[5.830s][info][gc,ref      ] GC(24) Final: 0 encountered, 0 discovered, 0 enqueued
[5.830s][info][gc,ref      ] GC(24) Phantom: 21 encountered, 12 discovered, 0 enqueued
[5.830s][info][gc,reloc    ] GC(24) Small Pages: 18 / 36M, Empty: 0M, Relocated: 1M, In-Place: 0
[5.830s][info][gc,reloc    ] GC(24) Medium Pages: 2 / 64M, Empty: 0M, Relocated: 3M, In-Place: 0
[5.830s][info][gc,reloc    ] GC(24) Large Pages: 0 / 0M, Empty: 0M, Relocated: 0M, In-Place: 0
[5.830s][info][gc,reloc    ] GC(24) Forwarding Usage: 0M
[5.830s][info][gc,heap     ] GC(24) Min Capacity: 8M(1%)
[5.830s][info][gc,heap     ] GC(24) Max Capacity: 1024M(100%)
[5.830s][info][gc,heap     ] GC(24) Soft Max Capacity: 1024M(100%)
[5.830s][info][gc,heap     ] GC(24)                Mark Start          Mark End        Relocate Start      Relocate End           High               Low         
[5.830s][info][gc,heap     ] GC(24)  Capacity:     1024M (100%)       1024M (100%)       1024M (100%)       1024M (100%)       1024M (100%)       1024M (100%)   
[5.830s][info][gc,heap     ] GC(24)      Free:      924M (90%)         924M (90%)         924M (90%)         922M (90%)         924M (90%)         856M (84%)    
[5.830s][info][gc,heap     ] GC(24)      Used:      100M (10%)         100M (10%)         100M (10%)         102M (10%)         168M (16%)         100M (10%)    
[5.830s][info][gc,heap     ] GC(24)      Live:         -                30M (3%)           30M (3%)           30M (3%)             -                  -          
[5.830s][info][gc,heap     ] GC(24) Allocated:         -                 0M (0%)            0M (0%)           32M (3%)             -                  -          
[5.830s][info][gc,heap     ] GC(24)   Garbage:         -                69M (7%)           69M (7%)           38M (4%)             -                  -          
[5.830s][info][gc,heap     ] GC(24) Reclaimed:         -                  -                 0M (0%)           30M (3%)             -                  -          
[5.830s][info][gc          ] GC(24) Garbage Collection (Allocation Rate) 100M(10%)->102M(10%)
[6.004s][info][gc,start    ] GC(25) Garbage Collection (System.gc())
[6.004s][info][gc,task     ] GC(25) Using 10 workers
[6.005s][info][gc,phases   ] GC(25) Pause Mark Start 0.013ms
[6.010s][info][gc,phases   ] GC(25) Concurrent Mark 5.439ms
[6.010s][info][gc,phases   ] GC(25) Pause Mark End 0.014ms
[6.010s][info][gc,phases   ] GC(25) Concurrent Mark Free 0.001ms
[6.011s][info][gc,phases   ] GC(25) Concurrent Process Non-Strong References 0.784ms
[6.011s][info][gc,phases   ] GC(25) Concurrent Reset Relocation Set 0.002ms
[6.016s][info][gc,phases   ] GC(25) Concurrent Select Relocation Set 4.948ms
[6.016s][info][gc,phases   ] GC(25) Pause Relocate Start 0.006ms
[6.018s][info][gc,phases   ] GC(25) Concurrent Relocate 1.985ms
[6.018s][info][gc,load     ] GC(25) Load: 0.00/0.00/0.00
[6.018s][info][gc,mmu      ] GC(25) MMU: 2ms/99.0%, 5ms/99.4%, 10ms/99.7%, 20ms/99.8%, 50ms/99.9%, 100ms/99.9%
[6.018s][info][gc,marking  ] GC(25) Mark: 8 stripe(s), 1 proactive flush(es), 1 terminate flush(es), 0 completion(s), 0 continuation(s) 
[6.018s][info][gc,marking  ] GC(25) Mark Stack Usage: 32M
[6.018s][info][gc,nmethod  ] GC(25) NMethods: 1339 registered, 45 unregistered
[6.018s][info][gc,metaspace] GC(25) Metaspace: 8M used, 8M committed, 1088M reserved
[6.019s][info][gc,ref      ] GC(25) Soft: 174 encountered, 0 discovered, 0 enqueued
[6.019s][info][gc,ref      ] GC(25) Weak: 585 encountered, 279 discovered, 15 enqueued
[6.019s][info][gc,ref      ] GC(25) Final: 0 encountered, 0 discovered, 0 enqueued
[6.019s][info][gc,ref      ] GC(25) Phantom: 29 encountered, 23 discovered, 8 enqueued
[6.019s][info][gc,reloc    ] GC(25) Small Pages: 45 / 90M, Empty: 70M, Relocated: 3M, In-Place: 0
[6.019s][info][gc,reloc    ] GC(25) Medium Pages: 2 / 64M, Empty: 64M, Relocated: 0M, In-Place: 0
[6.019s][info][gc,reloc    ] GC(25) Large Pages: 0 / 0M, Empty: 0M, Relocated: 0M, In-Place: 0
[6.019s][info][gc,reloc    ] GC(25) Forwarding Usage: 1M
[6.019s][info][gc,heap     ] GC(25) Min Capacity: 8M(1%)
[6.019s][info][gc,heap     ] GC(25) Max Capacity: 1024M(100%)
[6.019s][info][gc,heap     ] GC(25) Soft Max Capacity: 1024M(100%)
[6.019s][info][gc,heap     ] GC(25)                Mark Start          Mark End        Relocate Start      Relocate End           High               Low         
[6.019s][info][gc,heap     ] GC(25)  Capacity:     1024M (100%)       1024M (100%)       1024M (100%)       1024M (100%)       1024M (100%)       1024M (100%)   
[6.019s][info][gc,heap     ] GC(25)      Free:      870M (85%)         870M (85%)        1002M (98%)        1002M (98%)        1002M (98%)         868M (85%)    
[6.019s][info][gc,heap     ] GC(25)      Used:      154M (15%)         154M (15%)          22M (2%)           22M (2%)          156M (15%)          22M (2%)     
[6.019s][info][gc,heap     ] GC(25)      Live:         -                 4M (0%)            4M (0%)            4M (0%)             -                  -          
[6.019s][info][gc,heap     ] GC(25) Allocated:         -                 0M (0%)            2M (0%)            2M (0%)             -                  -          
[6.019s][info][gc,heap     ] GC(25)   Garbage:         -               149M (15%)          15M (2%)           15M (2%)             -                  -          
[6.019s][info][gc,heap     ] GC(25) Reclaimed:         -                  -               134M (13%)         134M (13%)            -                  -          
[6.019s][info][gc          ] GC(25) Garbage Collection (System.gc()) 154M(15%)->22M(2%)
[6.201s][info][gc,start    ] GC(26) Garbage Collection (Allocation Rate)
[6.201s][info][gc,task     ] GC(26) Using 10 workers
[6.201s][info][gc,phases   ] GC(26) Pause Mark Start 0.017ms
[6.217s][info][gc,phases   ] GC(26) Concurrent Mark 15.244ms
[6.217s][info][gc,phases   ] GC(26) Pause Mark End 0.016ms
[6.217s][info][gc,phases   ] GC(26) Concurrent Mark Free 0.001ms
[6.218s][info][gc,phases   ] GC(26) Concurrent Process Non-Strong References 0.693ms
[6.218s][info][gc,phases   ] GC(26) Concurrent Reset Relocation Set 0.002ms
[6.223s][info][gc,phases   ] GC(26) Concurrent Select Relocation Set 5.377ms
[6.223s][info][gc,phases   ] GC(26) Pause Relocate Start 0.005ms
[6.225s][info][gc,phases   ] GC(26) Concurrent Relocate 1.375ms
[6.225s][info][gc,load     ] GC(26) Load: 0.00/0.00/0.00
[6.225s][info][gc,mmu      ] GC(26) MMU: 2ms/99.0%, 5ms/99.4%, 10ms/99.7%, 20ms/99.8%, 50ms/99.9%, 100ms/99.9%
[6.225s][info][gc,marking  ] GC(26) Mark: 8 stripe(s), 2 proactive flush(es), 1 terminate flush(es), 0 completion(s), 0 continuation(s) 
[6.225s][info][gc,marking  ] GC(26) Mark Stack Usage: 32M
[6.225s][info][gc,nmethod  ] GC(26) NMethods: 1341 registered, 45 unregistered
[6.225s][info][gc,metaspace] GC(26) Metaspace: 8M used, 8M committed, 1088M reserved
[6.225s][info][gc,ref      ] GC(26) Soft: 174 encountered, 0 discovered, 0 enqueued
[6.225s][info][gc,ref      ] GC(26) Weak: 570 encountered, 89 discovered, 0 enqueued
[6.225s][info][gc,ref      ] GC(26) Final: 0 encountered, 0 discovered, 0 enqueued
[6.225s][info][gc,ref      ] GC(26) Phantom: 21 encountered, 10 discovered, 0 enqueued
[6.225s][info][gc,reloc    ] GC(26) Small Pages: 246 / 492M, Empty: 450M, Relocated: 3M, In-Place: 0
[6.225s][info][gc,reloc    ] GC(26) Medium Pages: 0 / 0M, Empty: 0M, Relocated: 0M, In-Place: 0
[6.225s][info][gc,reloc    ] GC(26) Large Pages: 0 / 0M, Empty: 0M, Relocated: 0M, In-Place: 0
[6.225s][info][gc,reloc    ] GC(26) Forwarding Usage: 1M
[6.225s][info][gc,heap     ] GC(26) Min Capacity: 8M(1%)
[6.225s][info][gc,heap     ] GC(26) Max Capacity: 1024M(100%)
[6.225s][info][gc,heap     ] GC(26) Soft Max Capacity: 1024M(100%)
[6.225s][info][gc,heap     ] GC(26)                Mark Start          Mark End        Relocate Start      Relocate End           High               Low         
[6.225s][info][gc,heap     ] GC(26)  Capacity:     1024M (100%)       1024M (100%)       1024M (100%)       1024M (100%)       1024M (100%)       1024M (100%)   
[6.225s][info][gc,heap     ] GC(26)      Free:      532M (52%)         506M (49%)         946M (92%)         960M (94%)         960M (94%)         504M (49%)    
[6.225s][info][gc,heap     ] GC(26)      Used:      492M (48%)         518M (51%)          78M (8%)           64M (6%)          520M (51%)          64M (6%)     
[6.225s][info][gc,heap     ] GC(26)      Live:         -                 5M (1%)            5M (1%)            5M (1%)             -                  -          
[6.225s][info][gc,heap     ] GC(26) Allocated:         -                26M (3%)           36M (4%)           39M (4%)             -                  -          
[6.225s][info][gc,heap     ] GC(26)   Garbage:         -               486M (47%)          36M (4%)           18M (2%)             -                  -          
[6.226s][info][gc,heap     ] GC(26) Reclaimed:         -                  -               450M (44%)         467M (46%)            -                  -          
[6.226s][info][gc          ] GC(26) Garbage Collection (Allocation Rate) 492M(48%)->64M(6%)
[6.497s][info][gc,start    ] GC(27) Garbage Collection (Allocation Rate)
[6.497s][info][gc,task     ] GC(27) Using 10 workers
[6.497s][info][gc,phases   ] GC(27) Pause Mark Start 0.016ms
[6.513s][info][gc,phases   ] GC(27) Concurrent Mark 15.312ms
[6.513s][info][gc,phases   ] GC(27) Pause Mark End 0.016ms
[6.513s][info][gc,phases   ] GC(27) Concurrent Mark Free 0.001ms
[6.514s][info][gc,phases   ] GC(27) Concurrent Process Non-Strong References 0.653ms
[6.514s][info][gc,phases   ] GC(27) Concurrent Reset Relocation Set 0.003ms
[6.519s][info][gc,phases   ] GC(27) Concurrent Select Relocation Set 5.373ms
[6.519s][info][gc,phases   ] GC(27) Pause Relocate Start 0.006ms
[6.523s][info][gc,phases   ] GC(27) Concurrent Relocate 3.432ms
[6.523s][info][gc,load     ] GC(27) Load: 0.00/0.00/0.00
[6.523s][info][gc,mmu      ] GC(27) MMU: 2ms/99.0%, 5ms/99.4%, 10ms/99.7%, 20ms/99.8%, 50ms/99.9%, 100ms/99.9%
[6.523s][info][gc,marking  ] GC(27) Mark: 8 stripe(s), 3 proactive flush(es), 1 terminate flush(es), 0 completion(s), 0 continuation(s) 
[6.523s][info][gc,marking  ] GC(27) Mark Stack Usage: 32M
[6.523s][info][gc,nmethod  ] GC(27) NMethods: 1341 registered, 45 unregistered
[6.523s][info][gc,metaspace] GC(27) Metaspace: 8M used, 8M committed, 1088M reserved
[6.523s][info][gc,ref      ] GC(27) Soft: 174 encountered, 0 discovered, 0 enqueued
[6.523s][info][gc,ref      ] GC(27) Weak: 570 encountered, 150 discovered, 0 enqueued
[6.523s][info][gc,ref      ] GC(27) Final: 0 encountered, 0 discovered, 0 enqueued
[6.523s][info][gc,ref      ] GC(27) Phantom: 21 encountered, 13 discovered, 0 enqueued
[6.523s][info][gc,reloc    ] GC(27) Small Pages: 357 / 714M, Empty: 664M, Relocated: 5M, In-Place: 0
[6.523s][info][gc,reloc    ] GC(27) Medium Pages: 1 / 32M, Empty: 0M, Relocated: 0M, In-Place: 0
[6.523s][info][gc,reloc    ] GC(27) Large Pages: 0 / 0M, Empty: 0M, Relocated: 0M, In-Place: 0
[6.523s][info][gc,reloc    ] GC(27) Forwarding Usage: 2M
[6.523s][info][gc,heap     ] GC(27) Min Capacity: 8M(1%)
[6.523s][info][gc,heap     ] GC(27) Max Capacity: 1024M(100%)
[6.523s][info][gc,heap     ] GC(27) Soft Max Capacity: 1024M(100%)
[6.523s][info][gc,heap     ] GC(27)                Mark Start          Mark End        Relocate Start      Relocate End           High               Low         
[6.523s][info][gc,heap     ] GC(27)  Capacity:     1024M (100%)       1024M (100%)       1024M (100%)       1024M (100%)       1024M (100%)       1024M (100%)   
[6.523s][info][gc,heap     ] GC(27)      Free:      278M (27%)         256M (25%)         916M (89%)         932M (91%)         936M (91%)         256M (25%)    
[6.523s][info][gc,heap     ] GC(27)      Used:      746M (73%)         768M (75%)         108M (11%)          92M (9%)          768M (75%)          88M (9%)     
[6.523s][info][gc,heap     ] GC(27)      Live:         -                 7M (1%)            7M (1%)            7M (1%)             -                  -          
[6.523s][info][gc,heap     ] GC(27) Allocated:         -                22M (2%)           26M (3%)           35M (4%)             -                  -          
[6.523s][info][gc,heap     ] GC(27)   Garbage:         -               738M (72%)          74M (7%)           48M (5%)             -                  -          
[6.523s][info][gc,heap     ] GC(27) Reclaimed:         -                  -               664M (65%)         689M (67%)            -                  -          
[6.523s][info][gc          ] GC(27) Garbage Collection (Allocation Rate) 746M(73%)->92M(9%)
[6.700s][info][gc,start    ] GC(28) Garbage Collection (Allocation Rate)
[6.700s][info][gc,task     ] GC(28) Using 10 workers
[6.700s][info][gc,phases   ] GC(28) Pause Mark Start 0.013ms
[6.716s][info][gc,phases   ] GC(28) Concurrent Mark 15.338ms
[6.716s][info][gc,phases   ] GC(28) Pause Mark End 0.019ms
[6.716s][info][gc,phases   ] GC(28) Concurrent Mark Free 0.001ms
[6.717s][info][gc,phases   ] GC(28) Concurrent Process Non-Strong References 0.686ms
[6.717s][info][gc,phases   ] GC(28) Concurrent Reset Relocation Set 0.004ms
[6.720s][info][gc,phases   ] GC(28) Concurrent Select Relocation Set 3.596ms
[6.720s][info][gc,phases   ] GC(28) Pause Relocate Start 0.005ms
[6.725s][info][gc,phases   ] GC(28) Concurrent Relocate 4.479ms
[6.725s][info][gc,load     ] GC(28) Load: 0.00/0.00/0.00
[6.725s][info][gc,mmu      ] GC(28) MMU: 2ms/99.0%, 5ms/99.4%, 10ms/99.7%, 20ms/99.8%, 50ms/99.9%, 100ms/99.9%
[6.725s][info][gc,marking  ] GC(28) Mark: 8 stripe(s), 2 proactive flush(es), 1 terminate flush(es), 0 completion(s), 0 continuation(s) 
[6.725s][info][gc,marking  ] GC(28) Mark Stack Usage: 32M
[6.725s][info][gc,nmethod  ] GC(28) NMethods: 1341 registered, 45 unregistered
[6.725s][info][gc,metaspace] GC(28) Metaspace: 8M used, 8M committed, 1088M reserved
[6.725s][info][gc,ref      ] GC(28) Soft: 174 encountered, 0 discovered, 0 enqueued
[6.725s][info][gc,ref      ] GC(28) Weak: 570 encountered, 69 discovered, 0 enqueued
[6.725s][info][gc,ref      ] GC(28) Final: 0 encountered, 0 discovered, 0 enqueued
[6.725s][info][gc,ref      ] GC(28) Phantom: 21 encountered, 13 discovered, 0 enqueued
[6.725s][info][gc,reloc    ] GC(28) Small Pages: 270 / 540M, Empty: 494M, Relocated: 5M, In-Place: 0
[6.725s][info][gc,reloc    ] GC(28) Medium Pages: 1 / 32M, Empty: 0M, Relocated: 0M, In-Place: 0
[6.725s][info][gc,reloc    ] GC(28) Large Pages: 0 / 0M, Empty: 0M, Relocated: 0M, In-Place: 0
[6.725s][info][gc,reloc    ] GC(28) Forwarding Usage: 1M
[6.725s][info][gc,heap     ] GC(28) Min Capacity: 8M(1%)
[6.725s][info][gc,heap     ] GC(28) Max Capacity: 1024M(100%)
[6.726s][info][gc,heap     ] GC(28) Soft Max Capacity: 1024M(100%)
[6.726s][info][gc,heap     ] GC(28)                Mark Start          Mark End        Relocate Start      Relocate End           High               Low         
[6.726s][info][gc,heap     ] GC(28)  Capacity:     1024M (100%)       1024M (100%)       1024M (100%)       1024M (100%)       1024M (100%)       1024M (100%)   
[6.726s][info][gc,heap     ] GC(28)      Free:      452M (44%)         420M (41%)         912M (89%)         898M (88%)         926M (90%)         420M (41%)    
[6.726s][info][gc,heap     ] GC(28)      Used:      572M (56%)         604M (59%)         112M (11%)         126M (12%)         604M (59%)          98M (10%)    
[6.726s][info][gc,heap     ] GC(28)      Live:         -                 9M (1%)            9M (1%)            9M (1%)             -                  -          
[6.726s][info][gc,heap     ] GC(28) Allocated:         -                32M (3%)           34M (3%)           67M (7%)             -                  -          
[6.726s][info][gc,heap     ] GC(28)   Garbage:         -               562M (55%)          68M (7%)           49M (5%)             -                  -          
[6.726s][info][gc,heap     ] GC(28) Reclaimed:         -                  -               494M (48%)         513M (50%)            -                  -          
[6.726s][info][gc          ] GC(28) Garbage Collection (Allocation Rate) 572M(56%)->126M(12%)
[6.889s][info][gc,start    ] GC(29) Garbage Collection (Allocation Rate)
[6.889s][info][gc,task     ] GC(29) Using 10 workers
[6.889s][info][gc,phases   ] GC(29) Pause Mark Start 0.014ms
[6.898s][info][gc,phases   ] GC(29) Concurrent Mark 8.644ms
[6.898s][info][gc,phases   ] GC(29) Pause Mark End 0.015ms
[6.898s][info][gc,phases   ] GC(29) Concurrent Mark Free 0.001ms
[6.899s][info][gc,phases   ] GC(29) Concurrent Process Non-Strong References 0.666ms
[6.899s][info][gc,phases   ] GC(29) Concurrent Reset Relocation Set 0.004ms
[6.906s][info][gc,phases   ] GC(29) Concurrent Select Relocation Set 7.009ms
[6.906s][info][gc,phases   ] GC(29) Pause Relocate Start 0.009ms
[6.910s][info][gc,phases   ] GC(29) Concurrent Relocate 3.822ms
[6.910s][info][gc,load     ] GC(29) Load: 0.00/0.00/0.00
[6.910s][info][gc,mmu      ] GC(29) MMU: 2ms/99.0%, 5ms/99.4%, 10ms/99.7%, 20ms/99.8%, 50ms/99.9%, 100ms/99.9%
[6.910s][info][gc,marking  ] GC(29) Mark: 8 stripe(s), 2 proactive flush(es), 1 terminate flush(es), 0 completion(s), 0 continuation(s) 
[6.910s][info][gc,marking  ] GC(29) Mark Stack Usage: 32M
[6.910s][info][gc,nmethod  ] GC(29) NMethods: 1341 registered, 45 unregistered
[6.910s][info][gc,metaspace] GC(29) Metaspace: 8M used, 8M committed, 1088M reserved
[6.910s][info][gc,ref      ] GC(29) Soft: 174 encountered, 0 discovered, 0 enqueued
[6.910s][info][gc,ref      ] GC(29) Weak: 570 encountered, 131 discovered, 0 enqueued
[6.910s][info][gc,ref      ] GC(29) Final: 0 encountered, 0 discovered, 0 enqueued
[6.910s][info][gc,ref      ] GC(29) Phantom: 21 encountered, 15 discovered, 0 enqueued
[6.910s][info][gc,reloc    ] GC(29) Small Pages: 235 / 470M, Empty: 430M, Relocated: 8M, In-Place: 0
[6.910s][info][gc,reloc    ] GC(29) Medium Pages: 2 / 64M, Empty: 32M, Relocated: 0M, In-Place: 0
[6.910s][info][gc,reloc    ] GC(29) Large Pages: 0 / 0M, Empty: 0M, Relocated: 0M, In-Place: 0
[6.910s][info][gc,reloc    ] GC(29) Forwarding Usage: 3M
[6.910s][info][gc,heap     ] GC(29) Min Capacity: 8M(1%)
[6.910s][info][gc,heap     ] GC(29) Max Capacity: 1024M(100%)
[6.910s][info][gc,heap     ] GC(29) Soft Max Capacity: 1024M(100%)
[6.911s][info][gc,heap     ] GC(29)                Mark Start          Mark End        Relocate Start      Relocate End           High               Low         
[6.911s][info][gc,heap     ] GC(29)  Capacity:     1024M (100%)       1024M (100%)       1024M (100%)       1024M (100%)       1024M (100%)       1024M (100%)   
[6.911s][info][gc,heap     ] GC(29)      Free:      490M (48%)         472M (46%)         918M (90%)         926M (90%)         926M (90%)         470M (46%)    
[6.911s][info][gc,heap     ] GC(29)      Used:      534M (52%)         552M (54%)         106M (10%)          98M (10%)         554M (54%)          98M (10%)    
[6.911s][info][gc,heap     ] GC(29)      Live:         -                10M (1%)           10M (1%)           10M (1%)             -                  -          
[6.911s][info][gc,heap     ] GC(29) Allocated:         -                18M (2%)           34M (3%)           43M (4%)             -                  -          
[6.911s][info][gc,heap     ] GC(29)   Garbage:         -               523M (51%)          61M (6%)           43M (4%)             -                  -          
[6.911s][info][gc,heap     ] GC(29) Reclaimed:         -                  -               462M (45%)         479M (47%)            -                  -          
[6.911s][info][gc          ] GC(29) Garbage Collection (Allocation Rate) 534M(52%)->98M(10%)
[6.990s][info][gc,start    ] GC(30) Garbage Collection (Allocation Rate)
[6.990s][info][gc,task     ] GC(30) Using 10 workers
[6.990s][info][gc,phases   ] GC(30) Pause Mark Start 0.016ms
[7.004s][info][gc,phases   ] GC(30) Concurrent Mark 13.642ms
[7.004s][info][gc,phases   ] GC(30) Pause Mark End 0.017ms
[7.004s][info][gc,phases   ] GC(30) Concurrent Mark Free 0.001ms
[7.005s][info][gc,phases   ] GC(30) Concurrent Process Non-Strong References 0.761ms
[7.005s][info][gc,phases   ] GC(30) Concurrent Reset Relocation Set 0.003ms
[7.009s][info][gc,phases   ] GC(30) Concurrent Select Relocation Set 3.923ms
[7.009s][info][gc,phases   ] GC(30) Pause Relocate Start 0.008ms
[7.013s][info][gc,phases   ] GC(30) Concurrent Relocate 3.605ms
[7.013s][info][gc,load     ] GC(30) Load: 0.00/0.00/0.00
[7.013s][info][gc,mmu      ] GC(30) MMU: 2ms/99.0%, 5ms/99.4%, 10ms/99.7%, 20ms/99.8%, 50ms/99.9%, 100ms/99.9%
[7.013s][info][gc,marking  ] GC(30) Mark: 8 stripe(s), 5 proactive flush(es), 1 terminate flush(es), 0 completion(s), 0 continuation(s) 
[7.013s][info][gc,marking  ] GC(30) Mark Stack Usage: 32M
[7.013s][info][gc,nmethod  ] GC(30) NMethods: 1341 registered, 45 unregistered
[7.013s][info][gc,metaspace] GC(30) Metaspace: 8M used, 8M committed, 1088M reserved
[7.013s][info][gc,ref      ] GC(30) Soft: 174 encountered, 0 discovered, 0 enqueued
[7.013s][info][gc,ref      ] GC(30) Weak: 570 encountered, 140 discovered, 0 enqueued
[7.013s][info][gc,ref      ] GC(30) Final: 0 encountered, 0 discovered, 0 enqueued
[7.013s][info][gc,ref      ] GC(30) Phantom: 21 encountered, 18 discovered, 0 enqueued
[7.013s][info][gc,reloc    ] GC(30) Small Pages: 133 / 266M, Empty: 226M, Relocated: 5M, In-Place: 0
[7.013s][info][gc,reloc    ] GC(30) Medium Pages: 1 / 32M, Empty: 0M, Relocated: 0M, In-Place: 0
[7.013s][info][gc,reloc    ] GC(30) Large Pages: 0 / 0M, Empty: 0M, Relocated: 0M, In-Place: 0
[7.013s][info][gc,reloc    ] GC(30) Forwarding Usage: 1M
[7.013s][info][gc,heap     ] GC(30) Min Capacity: 8M(1%)
[7.013s][info][gc,heap     ] GC(30) Max Capacity: 1024M(100%)
[7.013s][info][gc,heap     ] GC(30) Soft Max Capacity: 1024M(100%)
[7.013s][info][gc,heap     ] GC(30)                Mark Start          Mark End        Relocate Start      Relocate End           High               Low         
[7.013s][info][gc,heap     ] GC(30)  Capacity:     1024M (100%)       1024M (100%)       1024M (100%)       1024M (100%)       1024M (100%)       1024M (100%)   
[7.013s][info][gc,heap     ] GC(30)      Free:      726M (71%)         716M (70%)         906M (88%)         908M (89%)         912M (89%)         716M (70%)    
[7.013s][info][gc,heap     ] GC(30)      Used:      298M (29%)         308M (30%)         118M (12%)         116M (11%)         308M (30%)         112M (11%)    
[7.013s][info][gc,heap     ] GC(30)      Live:         -                11M (1%)           11M (1%)           11M (1%)             -                  -          
[7.013s][info][gc,heap     ] GC(30) Allocated:         -                10M (1%)           46M (4%)           55M (5%)             -                  -          
[7.013s][info][gc,heap     ] GC(30)   Garbage:         -               286M (28%)          60M (6%)           48M (5%)             -                  -          
[7.013s][info][gc,heap     ] GC(30) Reclaimed:         -                  -               226M (22%)         237M (23%)            -                  -          
[7.013s][info][gc          ] GC(30) Garbage Collection (Allocation Rate) 298M(29%)->116M(11%)
[7.090s][info][gc,start    ] GC(31) Garbage Collection (Allocation Rate)
[7.090s][info][gc,task     ] GC(31) Using 10 workers
[7.090s][info][gc,phases   ] GC(31) Pause Mark Start 0.013ms
[7.100s][info][gc,phases   ] GC(31) Concurrent Mark 9.708ms
[7.100s][info][gc,phases   ] GC(31) Pause Mark End 0.017ms
[7.100s][info][gc,phases   ] GC(31) Concurrent Mark Free 0.001ms
[7.101s][info][gc,phases   ] GC(31) Concurrent Process Non-Strong References 0.692ms
[7.101s][info][gc,phases   ] GC(31) Concurrent Reset Relocation Set 0.003ms
[7.107s][info][gc,phases   ] GC(31) Concurrent Select Relocation Set 6.708ms
[7.107s][info][gc,phases   ] GC(31) Pause Relocate Start 0.006ms
[7.111s][info][gc,phases   ] GC(31) Concurrent Relocate 3.633ms
[7.111s][info][gc,load     ] GC(31) Load: 0.00/0.00/0.00
[7.111s][info][gc,mmu      ] GC(31) MMU: 2ms/99.0%, 5ms/99.4%, 10ms/99.7%, 20ms/99.8%, 50ms/99.9%, 100ms/99.9%
[7.111s][info][gc,marking  ] GC(31) Mark: 8 stripe(s), 2 proactive flush(es), 1 terminate flush(es), 0 completion(s), 0 continuation(s) 
[7.111s][info][gc,marking  ] GC(31) Mark Stack Usage: 32M
[7.111s][info][gc,nmethod  ] GC(31) NMethods: 1341 registered, 45 unregistered
[7.111s][info][gc,metaspace] GC(31) Metaspace: 8M used, 8M committed, 1088M reserved
[7.111s][info][gc,ref      ] GC(31) Soft: 174 encountered, 0 discovered, 0 enqueued
[7.111s][info][gc,ref      ] GC(31) Weak: 570 encountered, 111 discovered, 0 enqueued
[7.111s][info][gc,ref      ] GC(31) Final: 0 encountered, 0 discovered, 0 enqueued
[7.111s][info][gc,ref      ] GC(31) Phantom: 21 encountered, 13 discovered, 0 enqueued
[7.111s][info][gc,reloc    ] GC(31) Small Pages: 129 / 258M, Empty: 222M, Relocated: 6M, In-Place: 0
[7.112s][info][gc,reloc    ] GC(31) Medium Pages: 2 / 64M, Empty: 0M, Relocated: 0M, In-Place: 0
[7.112s][info][gc,reloc    ] GC(31) Large Pages: 0 / 0M, Empty: 0M, Relocated: 0M, In-Place: 0
[7.112s][info][gc,reloc    ] GC(31) Forwarding Usage: 2M
[7.112s][info][gc,heap     ] GC(31) Min Capacity: 8M(1%)
[7.112s][info][gc,heap     ] GC(31) Max Capacity: 1024M(100%)
[7.112s][info][gc,heap     ] GC(31) Soft Max Capacity: 1024M(100%)
[7.112s][info][gc,heap     ] GC(31)                Mark Start          Mark End        Relocate Start      Relocate End           High               Low         
[7.112s][info][gc,heap     ] GC(31)  Capacity:     1024M (100%)       1024M (100%)       1024M (100%)       1024M (100%)       1024M (100%)       1024M (100%)   
[7.112s][info][gc,heap     ] GC(31)      Free:      702M (69%)         676M (66%)         882M (86%)         918M (90%)         918M (90%)         674M (66%)    
[7.112s][info][gc,heap     ] GC(31)      Used:      322M (31%)         348M (34%)         142M (14%)         106M (10%)         350M (34%)         106M (10%)    
[7.112s][info][gc,heap     ] GC(31)      Live:         -                11M (1%)           11M (1%)           11M (1%)             -                  -          
[7.112s][info][gc,heap     ] GC(31) Allocated:         -                26M (3%)           42M (4%)           47M (5%)             -                  -          
[7.112s][info][gc,heap     ] GC(31)   Garbage:         -               310M (30%)          88M (9%)           46M (5%)             -                  -          
[7.112s][info][gc,heap     ] GC(31) Reclaimed:         -                  -               222M (22%)         263M (26%)            -                  -          
[7.112s][info][gc          ] GC(31) Garbage Collection (Allocation Rate) 322M(31%)->106M(10%)
[7.189s][info][gc,start    ] GC(32) Garbage Collection (Allocation Rate)
[7.190s][info][gc,task     ] GC(32) Using 10 workers
[7.190s][info][gc,phases   ] GC(32) Pause Mark Start 0.012ms
[7.201s][info][gc,phases   ] GC(32) Concurrent Mark 11.726ms
[7.202s][info][gc,phases   ] GC(32) Pause Mark End 0.018ms
[7.202s][info][gc,phases   ] GC(32) Concurrent Mark Free 0.001ms
[7.202s][info][gc,phases   ] GC(32) Concurrent Process Non-Strong References 0.698ms
[7.202s][info][gc,phases   ] GC(32) Concurrent Reset Relocation Set 0.003ms
[7.210s][info][gc,phases   ] GC(32) Concurrent Select Relocation Set 8.035ms
[7.211s][info][gc,phases   ] GC(32) Pause Relocate Start 0.009ms
[7.216s][info][gc,phases   ] GC(32) Concurrent Relocate 5.283ms
[7.216s][info][gc,load     ] GC(32) Load: 0.00/0.00/0.00
[7.216s][info][gc,mmu      ] GC(32) MMU: 2ms/99.0%, 5ms/99.4%, 10ms/99.7%, 20ms/99.8%, 50ms/99.9%, 100ms/99.9%
[7.216s][info][gc,marking  ] GC(32) Mark: 8 stripe(s), 2 proactive flush(es), 1 terminate flush(es), 0 completion(s), 0 continuation(s) 
[7.216s][info][gc,marking  ] GC(32) Mark Stack Usage: 32M
[7.216s][info][gc,nmethod  ] GC(32) NMethods: 1341 registered, 45 unregistered
[7.216s][info][gc,metaspace] GC(32) Metaspace: 8M used, 8M committed, 1088M reserved
[7.216s][info][gc,ref      ] GC(32) Soft: 174 encountered, 0 discovered, 0 enqueued
[7.216s][info][gc,ref      ] GC(32) Weak: 570 encountered, 299 discovered, 0 enqueued
[7.216s][info][gc,ref      ] GC(32) Final: 0 encountered, 0 discovered, 0 enqueued
[7.216s][info][gc,ref      ] GC(32) Phantom: 21 encountered, 13 discovered, 0 enqueued
[7.216s][info][gc,reloc    ] GC(32) Small Pages: 143 / 286M, Empty: 248M, Relocated: 10M, In-Place: 0
[7.216s][info][gc,reloc    ] GC(32) Medium Pages: 1 / 32M, Empty: 0M, Relocated: 0M, In-Place: 0
[7.216s][info][gc,reloc    ] GC(32) Large Pages: 0 / 0M, Empty: 0M, Relocated: 0M, In-Place: 0
[7.216s][info][gc,reloc    ] GC(32) Forwarding Usage: 4M
[7.216s][info][gc,heap     ] GC(32) Min Capacity: 8M(1%)
[7.216s][info][gc,heap     ] GC(32) Max Capacity: 1024M(100%)
[7.217s][info][gc,heap     ] GC(32) Soft Max Capacity: 1024M(100%)
[7.217s][info][gc,heap     ] GC(32)                Mark Start          Mark End        Relocate Start      Relocate End           High               Low         
[7.217s][info][gc,heap     ] GC(32)  Capacity:     1024M (100%)       1024M (100%)       1024M (100%)       1024M (100%)       1024M (100%)       1024M (100%)   
[7.217s][info][gc,heap     ] GC(32)      Free:      706M (69%)         682M (67%)         916M (89%)         924M (90%)         924M (90%)         682M (67%)    
[7.217s][info][gc,heap     ] GC(32)      Used:      318M (31%)         342M (33%)         108M (11%)         100M (10%)         342M (33%)         100M (10%)    
[7.217s][info][gc,heap     ] GC(32)      Live:         -                12M (1%)           12M (1%)           12M (1%)             -                  -          
[7.217s][info][gc,heap     ] GC(32) Allocated:         -                24M (2%)           38M (4%)           43M (4%)             -                  -          
[7.217s][info][gc,heap     ] GC(32)   Garbage:         -               305M (30%)          57M (6%)           43M (4%)             -                  -          
[7.217s][info][gc,heap     ] GC(32) Reclaimed:         -                  -               248M (24%)         261M (26%)            -                  -          
[7.217s][info][gc          ] GC(32) Garbage Collection (Allocation Rate) 318M(31%)->100M(10%)
[7.289s][info][gc,start    ] GC(33) Garbage Collection (Allocation Rate)
[7.289s][info][gc,task     ] GC(33) Using 10 workers
[7.290s][info][gc,phases   ] GC(33) Pause Mark Start 0.014ms
[7.304s][info][gc,phases   ] GC(33) Concurrent Mark 14.665ms
[7.304s][info][gc,phases   ] GC(33) Pause Mark End 0.016ms
[7.304s][info][gc,phases   ] GC(33) Concurrent Mark Free 0.002ms
[7.305s][info][gc,phases   ] GC(33) Concurrent Process Non-Strong References 0.746ms
[7.305s][info][gc,phases   ] GC(33) Concurrent Reset Relocation Set 0.003ms
[7.309s][info][gc,phases   ] GC(33) Concurrent Select Relocation Set 4.015ms
[7.309s][info][gc,phases   ] GC(33) Pause Relocate Start 0.008ms
[7.313s][info][gc,phases   ] GC(33) Concurrent Relocate 3.633ms
[7.313s][info][gc,load     ] GC(33) Load: 0.00/0.00/0.00
[7.313s][info][gc,mmu      ] GC(33) MMU: 2ms/99.0%, 5ms/99.4%, 10ms/99.7%, 20ms/99.8%, 50ms/99.9%, 100ms/99.9%
[7.313s][info][gc,marking  ] GC(33) Mark: 8 stripe(s), 2 proactive flush(es), 1 terminate flush(es), 0 completion(s), 0 continuation(s) 
[7.313s][info][gc,marking  ] GC(33) Mark Stack Usage: 32M
[7.313s][info][gc,nmethod  ] GC(33) NMethods: 1341 registered, 45 unregistered
[7.313s][info][gc,metaspace] GC(33) Metaspace: 8M used, 8M committed, 1088M reserved
[7.313s][info][gc,ref      ] GC(33) Soft: 174 encountered, 0 discovered, 0 enqueued
[7.313s][info][gc,ref      ] GC(33) Weak: 570 encountered, 155 discovered, 0 enqueued
[7.313s][info][gc,ref      ] GC(33) Final: 0 encountered, 0 discovered, 0 enqueued
[7.314s][info][gc,ref      ] GC(33) Phantom: 21 encountered, 13 discovered, 0 enqueued
[7.314s][info][gc,reloc    ] GC(33) Small Pages: 125 / 250M, Empty: 216M, Relocated: 6M, In-Place: 0
[7.314s][info][gc,reloc    ] GC(33) Medium Pages: 1 / 32M, Empty: 0M, Relocated: 0M, In-Place: 0
[7.314s][info][gc,reloc    ] GC(33) Large Pages: 0 / 0M, Empty: 0M, Relocated: 0M, In-Place: 0
[7.314s][info][gc,reloc    ] GC(33) Forwarding Usage: 2M
[7.314s][info][gc,heap     ] GC(33) Min Capacity: 8M(1%)
[7.314s][info][gc,heap     ] GC(33) Max Capacity: 1024M(100%)
[7.314s][info][gc,heap     ] GC(33) Soft Max Capacity: 1024M(100%)
[7.314s][info][gc,heap     ] GC(33)                Mark Start          Mark End        Relocate Start      Relocate End           High               Low         
[7.314s][info][gc,heap     ] GC(33)  Capacity:     1024M (100%)       1024M (100%)       1024M (100%)       1024M (100%)       1024M (100%)       1024M (100%)   
[7.314s][info][gc,heap     ] GC(33)      Free:      742M (72%)         710M (69%)         914M (89%)         912M (89%)         914M (89%)         708M (69%)    
[7.314s][info][gc,heap     ] GC(33)      Used:      282M (28%)         314M (31%)         110M (11%)         112M (11%)         316M (31%)         110M (11%)    
[7.314s][info][gc,heap     ] GC(33)      Live:         -                13M (1%)           13M (1%)           13M (1%)             -                  -          
[7.314s][info][gc,heap     ] GC(33) Allocated:         -                32M (3%)           44M (4%)           53M (5%)             -                  -          
[7.314s][info][gc,heap     ] GC(33)   Garbage:         -               268M (26%)          52M (5%)           44M (4%)             -                  -          
[7.314s][info][gc,heap     ] GC(33) Reclaimed:         -                  -               216M (21%)         223M (22%)            -                  -          
[7.314s][info][gc          ] GC(33) Garbage Collection (Allocation Rate) 282M(28%)->112M(11%)
[7.389s][info][gc,start    ] GC(34) Garbage Collection (Allocation Rate)
[7.389s][info][gc,task     ] GC(34) Using 10 workers
[7.389s][info][gc,phases   ] GC(34) Pause Mark Start 0.016ms
[7.406s][info][gc,phases   ] GC(34) Concurrent Mark 16.619ms
[7.406s][info][gc,phases   ] GC(34) Pause Mark End 0.019ms
[7.406s][info][gc,phases   ] GC(34) Concurrent Mark Free 0.002ms
[7.407s][info][gc,phases   ] GC(34) Concurrent Process Non-Strong References 0.743ms
[7.407s][info][gc,phases   ] GC(34) Concurrent Reset Relocation Set 0.002ms
[7.411s][info][gc,phases   ] GC(34) Concurrent Select Relocation Set 3.890ms
[7.411s][info][gc,phases   ] GC(34) Pause Relocate Start 0.007ms
[7.414s][info][gc,phases   ] GC(34) Concurrent Relocate 2.675ms
[7.414s][info][gc,load     ] GC(34) Load: 0.00/0.00/0.00
[7.414s][info][gc,mmu      ] GC(34) MMU: 2ms/99.0%, 5ms/99.4%, 10ms/99.7%, 20ms/99.8%, 50ms/99.9%, 100ms/99.9%
[7.414s][info][gc,marking  ] GC(34) Mark: 8 stripe(s), 5 proactive flush(es), 1 terminate flush(es), 0 completion(s), 0 continuation(s) 
[7.414s][info][gc,marking  ] GC(34) Mark Stack Usage: 32M
[7.414s][info][gc,nmethod  ] GC(34) NMethods: 1341 registered, 45 unregistered
[7.414s][info][gc,metaspace] GC(34) Metaspace: 8M used, 8M committed, 1088M reserved
[7.414s][info][gc,ref      ] GC(34) Soft: 174 encountered, 0 discovered, 0 enqueued
[7.414s][info][gc,ref      ] GC(34) Weak: 570 encountered, 118 discovered, 0 enqueued
[7.414s][info][gc,ref      ] GC(34) Final: 0 encountered, 0 discovered, 0 enqueued
[7.414s][info][gc,ref      ] GC(34) Phantom: 21 encountered, 18 discovered, 0 enqueued
[7.414s][info][gc,reloc    ] GC(34) Small Pages: 141 / 282M, Empty: 240M, Relocated: 5M, In-Place: 0
[7.414s][info][gc,reloc    ] GC(34) Medium Pages: 1 / 32M, Empty: 0M, Relocated: 0M, In-Place: 0
[7.414s][info][gc,reloc    ] GC(34) Large Pages: 0 / 0M, Empty: 0M, Relocated: 0M, In-Place: 0
[7.414s][info][gc,reloc    ] GC(34) Forwarding Usage: 2M
[7.414s][info][gc,heap     ] GC(34) Min Capacity: 8M(1%)
[7.414s][info][gc,heap     ] GC(34) Max Capacity: 1024M(100%)
[7.414s][info][gc,heap     ] GC(34) Soft Max Capacity: 1024M(100%)
[7.414s][info][gc,heap     ] GC(34)                Mark Start          Mark End        Relocate Start      Relocate End           High               Low         
[7.415s][info][gc,heap     ] GC(34)  Capacity:     1024M (100%)       1024M (100%)       1024M (100%)       1024M (100%)       1024M (100%)       1024M (100%)   
[7.415s][info][gc,heap     ] GC(34)      Free:      710M (69%)         672M (66%)         904M (88%)         910M (89%)         910M (89%)         672M (66%)    
[7.415s][info][gc,heap     ] GC(34)      Used:      314M (31%)         352M (34%)         120M (12%)         114M (11%)         352M (34%)         114M (11%)    
[7.415s][info][gc,heap     ] GC(34)      Live:         -                13M (1%)           13M (1%)           13M (1%)             -                  -          
[7.415s][info][gc,heap     ] GC(34) Allocated:         -                38M (4%)           46M (4%)           51M (5%)             -                  -          
[7.415s][info][gc,heap     ] GC(34)   Garbage:         -               300M (29%)          60M (6%)           48M (5%)             -                  -          
[7.415s][info][gc,heap     ] GC(34) Reclaimed:         -                  -               240M (23%)         251M (25%)            -                  -          
[7.415s][info][gc          ] GC(34) Garbage Collection (Allocation Rate) 314M(31%)->114M(11%)
[7.589s][info][gc,start    ] GC(35) Garbage Collection (Allocation Rate)
[7.589s][info][gc,task     ] GC(35) Using 3 workers
[7.589s][info][gc,phases   ] GC(35) Pause Mark Start 0.015ms
[7.616s][info][gc,phases   ] GC(35) Concurrent Mark 26.623ms
[7.616s][info][gc,phases   ] GC(35) Pause Mark End 0.013ms
[7.616s][info][gc,phases   ] GC(35) Concurrent Mark Free 0.001ms
[7.618s][info][gc,phases   ] GC(35) Concurrent Process Non-Strong References 1.336ms
[7.618s][info][gc,phases   ] GC(35) Concurrent Reset Relocation Set 0.005ms
[7.622s][info][gc,phases   ] GC(35) Concurrent Select Relocation Set 3.750ms
[7.622s][info][gc,phases   ] GC(35) Pause Relocate Start 0.004ms
[7.627s][info][gc,phases   ] GC(35) Concurrent Relocate 4.942ms
[7.627s][info][gc,load     ] GC(35) Load: 0.00/0.00/0.00
[7.627s][info][gc,mmu      ] GC(35) MMU: 2ms/99.0%, 5ms/99.4%, 10ms/99.7%, 20ms/99.8%, 50ms/99.9%, 100ms/99.9%
[7.627s][info][gc,marking  ] GC(35) Mark: 2 stripe(s), 2 proactive flush(es), 1 terminate flush(es), 0 completion(s), 0 continuation(s) 
[7.627s][info][gc,marking  ] GC(35) Mark Stack Usage: 32M
[7.627s][info][gc,nmethod  ] GC(35) NMethods: 1341 registered, 45 unregistered
[7.627s][info][gc,metaspace] GC(35) Metaspace: 8M used, 8M committed, 1088M reserved
[7.627s][info][gc,ref      ] GC(35) Soft: 174 encountered, 0 discovered, 0 enqueued
[7.627s][info][gc,ref      ] GC(35) Weak: 570 encountered, 335 discovered, 0 enqueued
[7.627s][info][gc,ref      ] GC(35) Final: 0 encountered, 0 discovered, 0 enqueued
[7.627s][info][gc,ref      ] GC(35) Phantom: 21 encountered, 10 discovered, 0 enqueued
[7.627s][info][gc,reloc    ] GC(35) Small Pages: 246 / 492M, Empty: 444M, Relocated: 4M, In-Place: 0
[7.627s][info][gc,reloc    ] GC(35) Medium Pages: 2 / 64M, Empty: 0M, Relocated: 1M, In-Place: 0
[7.627s][info][gc,reloc    ] GC(35) Large Pages: 0 / 0M, Empty: 0M, Relocated: 0M, In-Place: 0
[7.627s][info][gc,reloc    ] GC(35) Forwarding Usage: 1M
[7.627s][info][gc,heap     ] GC(35) Min Capacity: 8M(1%)
[7.627s][info][gc,heap     ] GC(35) Max Capacity: 1024M(100%)
[7.627s][info][gc,heap     ] GC(35) Soft Max Capacity: 1024M(100%)
[7.627s][info][gc,heap     ] GC(35)                Mark Start          Mark End        Relocate Start      Relocate End           High               Low         
[7.627s][info][gc,heap     ] GC(35)  Capacity:     1024M (100%)       1024M (100%)       1024M (100%)       1024M (100%)       1024M (100%)       1024M (100%)   
[7.627s][info][gc,heap     ] GC(35)      Free:      468M (46%)         416M (41%)         854M (83%)         902M (88%)         906M (88%)         414M (40%)    
[7.627s][info][gc,heap     ] GC(35)      Used:      556M (54%)         608M (59%)         170M (17%)         122M (12%)         610M (60%)         118M (12%)    
[7.627s][info][gc,heap     ] GC(35)      Live:         -                15M (1%)           15M (1%)           15M (1%)             -                  -          
[7.627s][info][gc,heap     ] GC(35) Allocated:         -                52M (5%)           58M (6%)           71M (7%)             -                  -          
[7.627s][info][gc,heap     ] GC(35)   Garbage:         -               540M (53%)          96M (9%)           34M (3%)             -                  -          
[7.627s][info][gc,heap     ] GC(35) Reclaimed:         -                  -               444M (43%)         505M (49%)            -                  -          
[7.627s][info][gc          ] GC(35) Garbage Collection (Allocation Rate) 556M(54%)->122M(12%)
[7.798s][info][gc,start    ] GC(36) Garbage Collection (Allocation Rate)
[7.798s][info][gc,task     ] GC(36) Using 3 workers
[7.798s][info][gc,phases   ] GC(36) Pause Mark Start 0.015ms
[7.828s][info][gc,phases   ] GC(36) Concurrent Mark 30.057ms
[7.829s][info][gc,phases   ] GC(36) Pause Mark End 0.015ms
[7.829s][info][gc,phases   ] GC(36) Concurrent Mark Free 0.001ms
[7.830s][info][gc,phases   ] GC(36) Concurrent Process Non-Strong References 1.430ms
[7.830s][info][gc,phases   ] GC(36) Concurrent Reset Relocation Set 0.003ms
[7.833s][info][gc,phases   ] GC(36) Concurrent Select Relocation Set 3.171ms
[7.833s][info][gc,phases   ] GC(36) Pause Relocate Start 0.008ms
[7.838s][info][gc,phases   ] GC(36) Concurrent Relocate 4.407ms
[7.838s][info][gc,load     ] GC(36) Load: 0.00/0.00/0.00
[7.838s][info][gc,mmu      ] GC(36) MMU: 2ms/99.0%, 5ms/99.4%, 10ms/99.7%, 20ms/99.8%, 50ms/99.9%, 100ms/99.9%
[7.838s][info][gc,marking  ] GC(36) Mark: 2 stripe(s), 2 proactive flush(es), 1 terminate flush(es), 0 completion(s), 0 continuation(s) 
[7.838s][info][gc,marking  ] GC(36) Mark Stack Usage: 32M
[7.838s][info][gc,nmethod  ] GC(36) NMethods: 1341 registered, 45 unregistered
[7.838s][info][gc,metaspace] GC(36) Metaspace: 8M used, 8M committed, 1088M reserved
[7.838s][info][gc,ref      ] GC(36) Soft: 174 encountered, 0 discovered, 0 enqueued
[7.838s][info][gc,ref      ] GC(36) Weak: 570 encountered, 4 discovered, 0 enqueued
[7.838s][info][gc,ref      ] GC(36) Final: 0 encountered, 0 discovered, 0 enqueued
[7.838s][info][gc,ref      ] GC(36) Phantom: 21 encountered, 19 discovered, 0 enqueued
[7.838s][info][gc,reloc    ] GC(36) Small Pages: 246 / 492M, Empty: 458M, Relocated: 3M, In-Place: 0
[7.838s][info][gc,reloc    ] GC(36) Medium Pages: 2 / 64M, Empty: 0M, Relocated: 1M, In-Place: 0
[7.838s][info][gc,reloc    ] GC(36) Large Pages: 0 / 0M, Empty: 0M, Relocated: 0M, In-Place: 0
[7.838s][info][gc,reloc    ] GC(36) Forwarding Usage: 1M
[7.838s][info][gc,heap     ] GC(36) Min Capacity: 8M(1%)
[7.839s][info][gc,heap     ] GC(36) Max Capacity: 1024M(100%)
[7.839s][info][gc,heap     ] GC(36) Soft Max Capacity: 1024M(100%)
[7.839s][info][gc,heap     ] GC(36)                Mark Start          Mark End        Relocate Start      Relocate End           High               Low         
[7.839s][info][gc,heap     ] GC(36)  Capacity:     1024M (100%)       1024M (100%)       1024M (100%)       1024M (100%)       1024M (100%)       1024M (100%)   
[7.839s][info][gc,heap     ] GC(36)      Free:      468M (46%)         422M (41%)         870M (85%)         902M (88%)         906M (88%)         418M (41%)    
[7.839s][info][gc,heap     ] GC(36)      Used:      556M (54%)         602M (59%)         154M (15%)         122M (12%)         606M (59%)         118M (12%)    
[7.839s][info][gc,heap     ] GC(36)      Live:         -                16M (2%)           16M (2%)           16M (2%)             -                  -          
[7.839s][info][gc,heap     ] GC(36) Allocated:         -                46M (4%)           56M (5%)           67M (7%)             -                  -          
[7.839s][info][gc,heap     ] GC(36)   Garbage:         -               539M (53%)          81M (8%)           37M (4%)             -                  -          
[7.839s][info][gc,heap     ] GC(36) Reclaimed:         -                  -               458M (45%)         501M (49%)            -                  -          
[7.839s][info][gc          ] GC(36) Garbage Collection (Allocation Rate) 556M(54%)->122M(12%)
[7.990s][info][gc,start    ] GC(37) Garbage Collection (Allocation Rate)
[7.990s][info][gc,task     ] GC(37) Using 2 workers
[7.990s][info][gc,phases   ] GC(37) Pause Mark Start 0.016ms
[8.037s][info][gc,phases   ] GC(37) Concurrent Mark 46.526ms
[8.037s][info][gc,phases   ] GC(37) Pause Mark End 0.013ms
[8.037s][info][gc,phases   ] GC(37) Concurrent Mark Free 0.001ms
[8.040s][info][gc,phases   ] GC(37) Concurrent Process Non-Strong References 2.437ms
[8.040s][info][gc,phases   ] GC(37) Concurrent Reset Relocation Set 0.003ms
[8.047s][info][gc,phases   ] GC(37) Concurrent Select Relocation Set 7.068ms
[8.047s][info][gc,phases   ] GC(37) Pause Relocate Start 0.004ms
[8.056s][info][gc,phases   ] GC(37) Concurrent Relocate 8.860ms
[8.056s][info][gc,load     ] GC(37) Load: 0.00/0.00/0.00
[8.056s][info][gc,mmu      ] GC(37) MMU: 2ms/99.0%, 5ms/99.4%, 10ms/99.7%, 20ms/99.8%, 50ms/99.9%, 100ms/99.9%
[8.056s][info][gc,marking  ] GC(37) Mark: 2 stripe(s), 2 proactive flush(es), 1 terminate flush(es), 0 completion(s), 0 continuation(s) 
[8.056s][info][gc,marking  ] GC(37) Mark Stack Usage: 32M
[8.056s][info][gc,nmethod  ] GC(37) NMethods: 1341 registered, 45 unregistered
[8.056s][info][gc,metaspace] GC(37) Metaspace: 8M used, 8M committed, 1088M reserved
[8.056s][info][gc,ref      ] GC(37) Soft: 174 encountered, 0 discovered, 0 enqueued
[8.056s][info][gc,ref      ] GC(37) Weak: 570 encountered, 335 discovered, 0 enqueued
[8.056s][info][gc,ref      ] GC(37) Final: 0 encountered, 0 discovered, 0 enqueued
[8.056s][info][gc,ref      ] GC(37) Phantom: 21 encountered, 10 discovered, 0 enqueued
[8.056s][info][gc,reloc    ] GC(37) Small Pages: 240 / 480M, Empty: 442M, Relocated: 6M, In-Place: 0
[8.056s][info][gc,reloc    ] GC(37) Medium Pages: 1 / 32M, Empty: 0M, Relocated: 0M, In-Place: 0
[8.056s][info][gc,reloc    ] GC(37) Large Pages: 0 / 0M, Empty: 0M, Relocated: 0M, In-Place: 0
[8.056s][info][gc,reloc    ] GC(37) Forwarding Usage: 3M
[8.056s][info][gc,heap     ] GC(37) Min Capacity: 8M(1%)
[8.056s][info][gc,heap     ] GC(37) Max Capacity: 1024M(100%)
[8.056s][info][gc,heap     ] GC(37) Soft Max Capacity: 1024M(100%)
[8.056s][info][gc,heap     ] GC(37)                Mark Start          Mark End        Relocate Start      Relocate End           High               Low         
[8.056s][info][gc,heap     ] GC(37)  Capacity:     1024M (100%)       1024M (100%)       1024M (100%)       1024M (100%)       1024M (100%)       1024M (100%)   
[8.056s][info][gc,heap     ] GC(37)      Free:      512M (50%)         398M (39%)         820M (80%)         814M (79%)         830M (81%)         394M (38%)    
[8.056s][info][gc,heap     ] GC(37)      Used:      512M (50%)         626M (61%)         204M (20%)         210M (21%)         630M (62%)         194M (19%)    
[8.056s][info][gc,heap     ] GC(37)      Live:         -                17M (2%)           17M (2%)           17M (2%)             -                  -          
[8.056s][info][gc,heap     ] GC(37) Allocated:         -               114M (11%)         134M (13%)         155M (15%)            -                  -          
[8.057s][info][gc,heap     ] GC(37)   Garbage:         -               494M (48%)          52M (5%)           36M (4%)             -                  -          
[8.057s][info][gc,heap     ] GC(37) Reclaimed:         -                  -               442M (43%)         457M (45%)            -                  -          
[8.057s][info][gc          ] GC(37) Garbage Collection (Allocation Rate) 512M(50%)->210M(21%)
[8.189s][info][gc,start    ] GC(38) Garbage Collection (Allocation Rate)
[8.190s][info][gc,task     ] GC(38) Using 2 workers
[8.190s][info][gc,phases   ] GC(38) Pause Mark Start 0.011ms
[8.231s][info][gc,phases   ] GC(38) Concurrent Mark 41.545ms
[8.231s][info][gc,phases   ] GC(38) Pause Mark End 0.014ms
[8.232s][info][gc,phases   ] GC(38) Concurrent Mark Free 0.001ms
[8.234s][info][gc,phases   ] GC(38) Concurrent Process Non-Strong References 2.817ms
[8.234s][info][gc,phases   ] GC(38) Concurrent Reset Relocation Set 0.003ms
[8.242s][info][gc,phases   ] GC(38) Concurrent Select Relocation Set 8.004ms
[8.243s][info][gc,phases   ] GC(38) Pause Relocate Start 0.008ms
[8.249s][info][gc,phases   ] GC(38) Concurrent Relocate 6.646ms
[8.249s][info][gc,load     ] GC(38) Load: 0.00/0.00/0.00
[8.249s][info][gc,mmu      ] GC(38) MMU: 2ms/99.0%, 5ms/99.4%, 10ms/99.7%, 20ms/99.8%, 50ms/99.9%, 100ms/99.9%
[8.249s][info][gc,marking  ] GC(38) Mark: 2 stripe(s), 2 proactive flush(es), 1 terminate flush(es), 0 completion(s), 0 continuation(s) 
[8.249s][info][gc,marking  ] GC(38) Mark Stack Usage: 32M
[8.249s][info][gc,nmethod  ] GC(38) NMethods: 1341 registered, 45 unregistered
[8.250s][info][gc,metaspace] GC(38) Metaspace: 8M used, 8M committed, 1088M reserved
[8.250s][info][gc,ref      ] GC(38) Soft: 174 encountered, 0 discovered, 0 enqueued
[8.250s][info][gc,ref      ] GC(38) Weak: 570 encountered, 396 discovered, 0 enqueued
[8.250s][info][gc,ref      ] GC(38) Final: 0 encountered, 0 discovered, 0 enqueued
[8.250s][info][gc,ref      ] GC(38) Phantom: 21 encountered, 12 discovered, 0 enqueued
[8.250s][info][gc,reloc    ] GC(38) Small Pages: 226 / 452M, Empty: 416M, Relocated: 6M, In-Place: 0
[8.250s][info][gc,reloc    ] GC(38) Medium Pages: 2 / 64M, Empty: 0M, Relocated: 2M, In-Place: 0
[8.250s][info][gc,reloc    ] GC(38) Large Pages: 0 / 0M, Empty: 0M, Relocated: 0M, In-Place: 0
[8.250s][info][gc,reloc    ] GC(38) Forwarding Usage: 3M
[8.250s][info][gc,heap     ] GC(38) Min Capacity: 8M(1%)
[8.250s][info][gc,heap     ] GC(38) Max Capacity: 1024M(100%)
[8.250s][info][gc,heap     ] GC(38) Soft Max Capacity: 1024M(100%)
[8.250s][info][gc,heap     ] GC(38)                Mark Start          Mark End        Relocate Start      Relocate End           High               Low         
[8.250s][info][gc,heap     ] GC(38)  Capacity:     1024M (100%)       1024M (100%)       1024M (100%)       1024M (100%)       1024M (100%)       1024M (100%)   
[8.250s][info][gc,heap     ] GC(38)      Free:      508M (50%)         456M (45%)         842M (82%)         870M (85%)         880M (86%)         448M (44%)    
[8.250s][info][gc,heap     ] GC(38)      Used:      516M (50%)         568M (55%)         182M (18%)         154M (15%)         576M (56%)         144M (14%)    
[8.250s][info][gc,heap     ] GC(38)      Live:         -                23M (2%)           23M (2%)           23M (2%)             -                  -          
[8.250s][info][gc,heap     ] GC(38) Allocated:         -                52M (5%)           82M (8%)           97M (10%)            -                  -          
[8.250s][info][gc,heap     ] GC(38)   Garbage:         -               492M (48%)          76M (7%)           32M (3%)             -                  -          
[8.250s][info][gc,heap     ] GC(38) Reclaimed:         -                  -               416M (41%)         459M (45%)            -                  -          
[8.250s][info][gc          ] GC(38) Garbage Collection (Allocation Rate) 516M(50%)->154M(15%)
[8.389s][info][gc,start    ] GC(39) Garbage Collection (Allocation Rate)
[8.389s][info][gc,task     ] GC(39) Using 2 workers
[8.390s][info][gc,phases   ] GC(39) Pause Mark Start 0.015ms
[8.432s][info][gc,phases   ] GC(39) Concurrent Mark 42.606ms
[8.432s][info][gc,phases   ] GC(39) Pause Mark End 0.017ms
[8.432s][info][gc,phases   ] GC(39) Concurrent Mark Free 0.001ms
[8.435s][info][gc,phases   ] GC(39) Concurrent Process Non-Strong References 2.536ms
[8.435s][info][gc,phases   ] GC(39) Concurrent Reset Relocation Set 0.002ms
[8.439s][info][gc,phases   ] GC(39) Concurrent Select Relocation Set 3.970ms
[8.439s][info][gc,phases   ] GC(39) Pause Relocate Start 0.010ms
[8.443s][info][gc,phases   ] GC(39) Concurrent Relocate 3.442ms
[8.443s][info][gc,load     ] GC(39) Load: 0.00/0.00/0.00
[8.443s][info][gc,mmu      ] GC(39) MMU: 2ms/99.0%, 5ms/99.4%, 10ms/99.7%, 20ms/99.8%, 50ms/99.9%, 100ms/99.9%
[8.443s][info][gc,marking  ] GC(39) Mark: 2 stripe(s), 2 proactive flush(es), 1 terminate flush(es), 0 completion(s), 0 continuation(s) 
[8.443s][info][gc,marking  ] GC(39) Mark Stack Usage: 32M
[8.443s][info][gc,nmethod  ] GC(39) NMethods: 1341 registered, 45 unregistered
[8.443s][info][gc,metaspace] GC(39) Metaspace: 8M used, 8M committed, 1088M reserved
[8.443s][info][gc,ref      ] GC(39) Soft: 174 encountered, 0 discovered, 0 enqueued
[8.443s][info][gc,ref      ] GC(39) Weak: 570 encountered, 380 discovered, 0 enqueued
[8.443s][info][gc,ref      ] GC(39) Final: 0 encountered, 0 discovered, 0 enqueued
[8.443s][info][gc,ref      ] GC(39) Phantom: 21 encountered, 14 discovered, 0 enqueued
[8.443s][info][gc,reloc    ] GC(39) Small Pages: 234 / 468M, Empty: 416M, Relocated: 4M, In-Place: 0
[8.443s][info][gc,reloc    ] GC(39) Medium Pages: 2 / 64M, Empty: 0M, Relocated: 1M, In-Place: 0
[8.443s][info][gc,reloc    ] GC(39) Large Pages: 0 / 0M, Empty: 0M, Relocated: 0M, In-Place: 0
[8.443s][info][gc,reloc    ] GC(39) Forwarding Usage: 2M
[8.443s][info][gc,heap     ] GC(39) Min Capacity: 8M(1%)
[8.443s][info][gc,heap     ] GC(39) Max Capacity: 1024M(100%)
[8.443s][info][gc,heap     ] GC(39) Soft Max Capacity: 1024M(100%)
[8.443s][info][gc,heap     ] GC(39)                Mark Start          Mark End        Relocate Start      Relocate End           High               Low         
[8.443s][info][gc,heap     ] GC(39)  Capacity:     1024M (100%)       1024M (100%)       1024M (100%)       1024M (100%)       1024M (100%)       1024M (100%)   
[8.443s][info][gc,heap     ] GC(39)      Free:      492M (48%)         412M (40%)         816M (80%)         866M (85%)         870M (85%)         408M (40%)    
[8.443s][info][gc,heap     ] GC(39)      Used:      532M (52%)         612M (60%)         208M (20%)         158M (15%)         616M (60%)         154M (15%)    
[8.443s][info][gc,heap     ] GC(39)      Live:         -                20M (2%)           20M (2%)           20M (2%)             -                  -          
[8.443s][info][gc,heap     ] GC(39) Allocated:         -                80M (8%)           92M (9%)           99M (10%)            -                  -          
[8.443s][info][gc,heap     ] GC(39)   Garbage:         -               511M (50%)          95M (9%)           37M (4%)             -                  -          
[8.444s][info][gc,heap     ] GC(39) Reclaimed:         -                  -               416M (41%)         473M (46%)            -                  -          
[8.444s][info][gc          ] GC(39) Garbage Collection (Allocation Rate) 532M(52%)->158M(15%)
[8.690s][info][gc,start    ] GC(40) Garbage Collection (Allocation Rate)
[8.690s][info][gc,task     ] GC(40) Using 2 workers
[8.690s][info][gc,phases   ] GC(40) Pause Mark Start 0.015ms
[8.732s][info][gc,phases   ] GC(40) Concurrent Mark 41.546ms
[8.732s][info][gc,phases   ] GC(40) Pause Mark End 0.017ms
[8.732s][info][gc,phases   ] GC(40) Concurrent Mark Free 0.001ms
[8.734s][info][gc,phases   ] GC(40) Concurrent Process Non-Strong References 2.316ms
[8.734s][info][gc,phases   ] GC(40) Concurrent Reset Relocation Set 0.002ms
[8.737s][info][gc,phases   ] GC(40) Concurrent Select Relocation Set 2.422ms
[8.737s][info][gc,phases   ] GC(40) Pause Relocate Start 0.005ms
[8.740s][info][gc,phases   ] GC(40) Concurrent Relocate 2.594ms
[8.740s][info][gc,load     ] GC(40) Load: 0.00/0.00/0.00
[8.740s][info][gc,mmu      ] GC(40) MMU: 2ms/99.0%, 5ms/99.4%, 10ms/99.7%, 20ms/99.8%, 50ms/99.9%, 100ms/99.9%
[8.740s][info][gc,marking  ] GC(40) Mark: 2 stripe(s), 2 proactive flush(es), 1 terminate flush(es), 0 completion(s), 0 continuation(s) 
[8.740s][info][gc,marking  ] GC(40) Mark Stack Usage: 32M
[8.740s][info][gc,nmethod  ] GC(40) NMethods: 1341 registered, 45 unregistered
[8.740s][info][gc,metaspace] GC(40) Metaspace: 8M used, 8M committed, 1088M reserved
[8.740s][info][gc,ref      ] GC(40) Soft: 174 encountered, 0 discovered, 0 enqueued
[8.740s][info][gc,ref      ] GC(40) Weak: 570 encountered, 329 discovered, 0 enqueued
[8.740s][info][gc,ref      ] GC(40) Final: 0 encountered, 0 discovered, 0 enqueued
[8.740s][info][gc,ref      ] GC(40) Phantom: 21 encountered, 9 discovered, 0 enqueued
[8.740s][info][gc,reloc    ] GC(40) Small Pages: 345 / 690M, Empty: 634M, Relocated: 3M, In-Place: 0
[8.740s][info][gc,reloc    ] GC(40) Medium Pages: 2 / 64M, Empty: 0M, Relocated: 1M, In-Place: 0
[8.740s][info][gc,reloc    ] GC(40) Large Pages: 0 / 0M, Empty: 0M, Relocated: 0M, In-Place: 0
[8.740s][info][gc,reloc    ] GC(40) Forwarding Usage: 1M
[8.740s][info][gc,heap     ] GC(40) Min Capacity: 8M(1%)
[8.740s][info][gc,heap     ] GC(40) Max Capacity: 1024M(100%)
[8.740s][info][gc,heap     ] GC(40) Soft Max Capacity: 1024M(100%)
[8.740s][info][gc,heap     ] GC(40)                Mark Start          Mark End        Relocate Start      Relocate End           High               Low         
[8.740s][info][gc,heap     ] GC(40)  Capacity:     1024M (100%)       1024M (100%)       1024M (100%)       1024M (100%)       1024M (100%)       1024M (100%)   
[8.740s][info][gc,heap     ] GC(40)      Free:      270M (26%)         210M (21%)         838M (82%)         898M (88%)         898M (88%)         206M (20%)    
[8.740s][info][gc,heap     ] GC(40)      Used:      754M (74%)         814M (79%)         186M (18%)         126M (12%)         818M (80%)         126M (12%)    
[8.740s][info][gc,heap     ] GC(40)      Live:         -                22M (2%)           22M (2%)           22M (2%)             -                  -          
[8.740s][info][gc,heap     ] GC(40) Allocated:         -                60M (6%)           66M (6%)           67M (7%)             -                  -          
[8.740s][info][gc,heap     ] GC(40)   Garbage:         -               731M (71%)          97M (10%)          35M (3%)             -                  -          
[8.740s][info][gc,heap     ] GC(40) Reclaimed:         -                  -               634M (62%)         695M (68%)            -                  -          
[8.740s][info][gc          ] GC(40) Garbage Collection (Allocation Rate) 754M(74%)->126M(12%)
[8.989s][info][gc,start    ] GC(41) Garbage Collection (Allocation Rate)
[8.989s][info][gc,task     ] GC(41) Using 2 workers
[8.990s][info][gc,phases   ] GC(41) Pause Mark Start 0.015ms
[9.037s][info][gc,phases   ] GC(41) Concurrent Mark 47.537ms
[9.037s][info][gc,phases   ] GC(41) Pause Mark End 0.015ms
[9.038s][info][gc,phases   ] GC(41) Concurrent Mark Free 0.001ms
[9.039s][info][gc,phases   ] GC(41) Concurrent Process Non-Strong References 1.621ms
[9.039s][info][gc,phases   ] GC(41) Concurrent Reset Relocation Set 0.005ms
[9.046s][info][gc,phases   ] GC(41) Concurrent Select Relocation Set 6.313ms
[9.046s][info][gc,phases   ] GC(41) Pause Relocate Start 0.007ms
[9.049s][info][gc,phases   ] GC(41) Concurrent Relocate 3.334ms
[9.049s][info][gc,load     ] GC(41) Load: 0.00/0.00/0.00
[9.049s][info][gc,mmu      ] GC(41) MMU: 2ms/99.0%, 5ms/99.4%, 10ms/99.7%, 20ms/99.8%, 50ms/99.9%, 100ms/99.9%
[9.049s][info][gc,marking  ] GC(41) Mark: 2 stripe(s), 2 proactive flush(es), 1 terminate flush(es), 0 completion(s), 0 continuation(s) 
[9.049s][info][gc,marking  ] GC(41) Mark Stack Usage: 32M
[9.049s][info][gc,nmethod  ] GC(41) NMethods: 1341 registered, 45 unregistered
[9.049s][info][gc,metaspace] GC(41) Metaspace: 8M used, 8M committed, 1088M reserved
[9.049s][info][gc,ref      ] GC(41) Soft: 174 encountered, 0 discovered, 0 enqueued
[9.049s][info][gc,ref      ] GC(41) Weak: 570 encountered, 404 discovered, 0 enqueued
[9.049s][info][gc,ref      ] GC(41) Final: 0 encountered, 0 discovered, 0 enqueued
[9.049s][info][gc,ref      ] GC(41) Phantom: 21 encountered, 10 discovered, 0 enqueued
[9.049s][info][gc,reloc    ] GC(41) Small Pages: 331 / 662M, Empty: 622M, Relocated: 3M, In-Place: 0
[9.049s][info][gc,reloc    ] GC(41) Medium Pages: 2 / 64M, Empty: 0M, Relocated: 2M, In-Place: 0
[9.049s][info][gc,reloc    ] GC(41) Large Pages: 0 / 0M, Empty: 0M, Relocated: 0M, In-Place: 0
[9.050s][info][gc,reloc    ] GC(41) Forwarding Usage: 1M
[9.050s][info][gc,heap     ] GC(41) Min Capacity: 8M(1%)
[9.050s][info][gc,heap     ] GC(41) Max Capacity: 1024M(100%)
[9.050s][info][gc,heap     ] GC(41) Soft Max Capacity: 1024M(100%)
[9.050s][info][gc,heap     ] GC(41)                Mark Start          Mark End        Relocate Start      Relocate End           High               Low         
[9.050s][info][gc,heap     ] GC(41)  Capacity:     1024M (100%)       1024M (100%)       1024M (100%)       1024M (100%)       1024M (100%)       1024M (100%)   
[9.050s][info][gc,heap     ] GC(41)      Free:      298M (29%)         186M (18%)         794M (78%)         830M (81%)         832M (81%)         184M (18%)    
[9.050s][info][gc,heap     ] GC(41)      Used:      726M (71%)         838M (82%)         230M (22%)         194M (19%)         840M (82%)         192M (19%)    
[9.050s][info][gc,heap     ] GC(41)      Live:         -                24M (2%)           24M (2%)           24M (2%)             -                  -          
[9.050s][info][gc,heap     ] GC(41) Allocated:         -               112M (11%)         126M (12%)         133M (13%)            -                  -          
[9.050s][info][gc,heap     ] GC(41)   Garbage:         -               701M (69%)          79M (8%)           35M (3%)             -                  -          
[9.050s][info][gc,heap     ] GC(41) Reclaimed:         -                  -               622M (61%)         665M (65%)            -                  -          
[9.050s][info][gc          ] GC(41) Garbage Collection (Allocation Rate) 726M(71%)->194M(19%)
[9.189s][info][gc,start    ] GC(42) Garbage Collection (Allocation Rate)
[9.189s][info][gc,task     ] GC(42) Using 2 workers
[9.189s][info][gc,phases   ] GC(42) Pause Mark Start 0.017ms
[9.242s][info][gc,phases   ] GC(42) Concurrent Mark 52.560ms
[9.242s][info][gc,phases   ] GC(42) Pause Mark End 0.012ms
[9.242s][info][gc,phases   ] GC(42) Concurrent Mark Free 0.001ms
[9.245s][info][gc,phases   ] GC(42) Concurrent Process Non-Strong References 2.464ms
[9.245s][info][gc,phases   ] GC(42) Concurrent Reset Relocation Set 0.002ms
[9.249s][info][gc,phases   ] GC(42) Concurrent Select Relocation Set 3.985ms
[9.249s][info][gc,phases   ] GC(42) Pause Relocate Start 0.005ms
[9.252s][info][gc,phases   ] GC(42) Concurrent Relocate 2.711ms
[9.252s][info][gc,load     ] GC(42) Load: 0.00/0.00/0.00
[9.252s][info][gc,mmu      ] GC(42) MMU: 2ms/99.0%, 5ms/99.4%, 10ms/99.7%, 20ms/99.8%, 50ms/99.9%, 100ms/99.9%
[9.252s][info][gc,marking  ] GC(42) Mark: 2 stripe(s), 2 proactive flush(es), 1 terminate flush(es), 0 completion(s), 0 continuation(s) 
[9.252s][info][gc,marking  ] GC(42) Mark Stack Usage: 32M
[9.252s][info][gc,nmethod  ] GC(42) NMethods: 1341 registered, 45 unregistered
[9.252s][info][gc,metaspace] GC(42) Metaspace: 8M used, 8M committed, 1088M reserved
[9.252s][info][gc,ref      ] GC(42) Soft: 174 encountered, 0 discovered, 0 enqueued
[9.252s][info][gc,ref      ] GC(42) Weak: 570 encountered, 362 discovered, 0 enqueued
[9.252s][info][gc,ref      ] GC(42) Final: 0 encountered, 0 discovered, 0 enqueued
[9.252s][info][gc,ref      ] GC(42) Phantom: 21 encountered, 10 discovered, 0 enqueued
[9.252s][info][gc,reloc    ] GC(42) Small Pages: 269 / 538M, Empty: 498M, Relocated: 1M, In-Place: 0
[9.252s][info][gc,reloc    ] GC(42) Medium Pages: 1 / 32M, Empty: 0M, Relocated: 0M, In-Place: 0
[9.252s][info][gc,reloc    ] GC(42) Large Pages: 0 / 0M, Empty: 0M, Relocated: 0M, In-Place: 0
[9.252s][info][gc,reloc    ] GC(42) Forwarding Usage: 0M
[9.252s][info][gc,heap     ] GC(42) Min Capacity: 8M(1%)
[9.252s][info][gc,heap     ] GC(42) Max Capacity: 1024M(100%)
[9.252s][info][gc,heap     ] GC(42) Soft Max Capacity: 1024M(100%)
[9.252s][info][gc,heap     ] GC(42)                Mark Start          Mark End        Relocate Start      Relocate End           High               Low         
[9.252s][info][gc,heap     ] GC(42)  Capacity:     1024M (100%)       1024M (100%)       1024M (100%)       1024M (100%)       1024M (100%)       1024M (100%)   
[9.252s][info][gc,heap     ] GC(42)      Free:      454M (44%)         328M (32%)         820M (80%)         792M (77%)         822M (80%)         326M (32%)    
[9.252s][info][gc,heap     ] GC(42)      Used:      570M (56%)         696M (68%)         204M (20%)         232M (23%)         698M (68%)         202M (20%)    
[9.252s][info][gc,heap     ] GC(42)      Live:         -                25M (3%)           25M (3%)           25M (3%)             -                  -          
[9.252s][info][gc,heap     ] GC(42) Allocated:         -               126M (12%)         132M (13%)         167M (16%)            -                  -          
[9.252s][info][gc,heap     ] GC(42)   Garbage:         -               544M (53%)          46M (5%)           38M (4%)             -                  -          
[9.252s][info][gc,heap     ] GC(42) Reclaimed:         -                  -               498M (49%)         505M (49%)            -                  -          
[9.252s][info][gc          ] GC(42) Garbage Collection (Allocation Rate) 570M(56%)->232M(23%)
[9.390s][info][gc,start    ] GC(43) Garbage Collection (Allocation Rate)
[9.390s][info][gc,task     ] GC(43) Using 2 workers
[9.390s][info][gc,phases   ] GC(43) Pause Mark Start 0.017ms
[9.446s][info][gc,phases   ] GC(43) Concurrent Mark 55.578ms
[9.446s][info][gc,phases   ] GC(43) Pause Mark End 0.019ms
[9.446s][info][gc,phases   ] GC(43) Concurrent Mark Free 0.002ms
[9.448s][info][gc,phases   ] GC(43) Concurrent Process Non-Strong References 2.490ms
[9.448s][info][gc,phases   ] GC(43) Concurrent Reset Relocation Set 0.001ms
[9.454s][info][gc,phases   ] GC(43) Concurrent Select Relocation Set 5.892ms
[9.454s][info][gc,phases   ] GC(43) Pause Relocate Start 0.008ms
[9.461s][info][gc,phases   ] GC(43) Concurrent Relocate 6.195ms
[9.461s][info][gc,load     ] GC(43) Load: 0.00/0.00/0.00
[9.461s][info][gc,mmu      ] GC(43) MMU: 2ms/99.0%, 5ms/99.4%, 10ms/99.7%, 20ms/99.8%, 50ms/99.9%, 100ms/99.9%
[9.461s][info][gc,marking  ] GC(43) Mark: 2 stripe(s), 2 proactive flush(es), 1 terminate flush(es), 0 completion(s), 0 continuation(s) 
[9.461s][info][gc,marking  ] GC(43) Mark Stack Usage: 32M
[9.461s][info][gc,nmethod  ] GC(43) NMethods: 1341 registered, 45 unregistered
[9.461s][info][gc,metaspace] GC(43) Metaspace: 8M used, 8M committed, 1088M reserved
[9.461s][info][gc,ref      ] GC(43) Soft: 174 encountered, 0 discovered, 0 enqueued
[9.461s][info][gc,ref      ] GC(43) Weak: 570 encountered, 3 discovered, 0 enqueued
[9.461s][info][gc,ref      ] GC(43) Final: 0 encountered, 0 discovered, 0 enqueued
[9.461s][info][gc,ref      ] GC(43) Phantom: 21 encountered, 20 discovered, 0 enqueued
[9.461s][info][gc,reloc    ] GC(43) Small Pages: 256 / 512M, Empty: 466M, Relocated: 6M, In-Place: 0
[9.461s][info][gc,reloc    ] GC(43) Medium Pages: 2 / 64M, Empty: 0M, Relocated: 2M, In-Place: 0
[9.461s][info][gc,reloc    ] GC(43) Large Pages: 0 / 0M, Empty: 0M, Relocated: 0M, In-Place: 0
[9.461s][info][gc,reloc    ] GC(43) Forwarding Usage: 2M
[9.461s][info][gc,heap     ] GC(43) Min Capacity: 8M(1%)
[9.461s][info][gc,heap     ] GC(43) Max Capacity: 1024M(100%)
[9.461s][info][gc,heap     ] GC(43) Soft Max Capacity: 1024M(100%)
[9.461s][info][gc,heap     ] GC(43)                Mark Start          Mark End        Relocate Start      Relocate End           High               Low         
[9.461s][info][gc,heap     ] GC(43)  Capacity:     1024M (100%)       1024M (100%)       1024M (100%)       1024M (100%)       1024M (100%)       1024M (100%)   
[9.461s][info][gc,heap     ] GC(43)      Free:      448M (44%)         344M (34%)         792M (77%)         822M (80%)         832M (81%)         336M (33%)    
[9.461s][info][gc,heap     ] GC(43)      Used:      576M (56%)         680M (66%)         232M (23%)         202M (20%)         688M (67%)         192M (19%)    
[9.461s][info][gc,heap     ] GC(43)      Live:         -                27M (3%)           27M (3%)           27M (3%)             -                  -          
[9.461s][info][gc,heap     ] GC(43) Allocated:         -               104M (10%)         122M (12%)         139M (14%)            -                  -          
[9.462s][info][gc,heap     ] GC(43)   Garbage:         -               548M (54%)          82M (8%)           34M (3%)             -                  -          
[9.462s][info][gc,heap     ] GC(43) Reclaimed:         -                  -               466M (46%)         513M (50%)            -                  -          
[9.462s][info][gc          ] GC(43) Garbage Collection (Allocation Rate) 576M(56%)->202M(20%)
[9.589s][info][gc,start    ] GC(44) Garbage Collection (Allocation Rate)
[9.590s][info][gc,task     ] GC(44) Using 2 workers
[9.590s][info][gc,phases   ] GC(44) Pause Mark Start 0.018ms
[9.647s][info][gc,phases   ] GC(44) Concurrent Mark 57.590ms
[9.648s][info][gc,phases   ] GC(44) Pause Mark End 0.020ms
[9.648s][info][gc,phases   ] GC(44) Concurrent Mark Free 0.002ms
[9.650s][info][gc,phases   ] GC(44) Concurrent Process Non-Strong References 2.412ms
[9.650s][info][gc,phases   ] GC(44) Concurrent Reset Relocation Set 0.004ms
[9.654s][info][gc,phases   ] GC(44) Concurrent Select Relocation Set 4.215ms
[9.654s][info][gc,phases   ] GC(44) Pause Relocate Start 0.011ms
[9.659s][info][gc,phases   ] GC(44) Concurrent Relocate 4.053ms
[9.659s][info][gc,load     ] GC(44) Load: 0.00/0.00/0.00
[9.659s][info][gc,mmu      ] GC(44) MMU: 2ms/99.0%, 5ms/99.4%, 10ms/99.7%, 20ms/99.8%, 50ms/99.9%, 100ms/99.9%
[9.659s][info][gc,marking  ] GC(44) Mark: 2 stripe(s), 3 proactive flush(es), 1 terminate flush(es), 0 completion(s), 0 continuation(s) 
[9.659s][info][gc,marking  ] GC(44) Mark Stack Usage: 32M
[9.659s][info][gc,nmethod  ] GC(44) NMethods: 1341 registered, 45 unregistered
[9.659s][info][gc,metaspace] GC(44) Metaspace: 8M used, 8M committed, 1088M reserved
[9.659s][info][gc,ref      ] GC(44) Soft: 174 encountered, 0 discovered, 0 enqueued
[9.659s][info][gc,ref      ] GC(44) Weak: 570 encountered, 397 discovered, 0 enqueued
[9.659s][info][gc,ref      ] GC(44) Final: 0 encountered, 0 discovered, 0 enqueued
[9.659s][info][gc,ref      ] GC(44) Phantom: 21 encountered, 10 discovered, 0 enqueued
[9.659s][info][gc,reloc    ] GC(44) Small Pages: 246 / 492M, Empty: 442M, Relocated: 3M, In-Place: 0
[9.659s][info][gc,reloc    ] GC(44) Medium Pages: 1 / 32M, Empty: 0M, Relocated: 0M, In-Place: 0
[9.659s][info][gc,reloc    ] GC(44) Large Pages: 0 / 0M, Empty: 0M, Relocated: 0M, In-Place: 0
[9.659s][info][gc,reloc    ] GC(44) Forwarding Usage: 1M
[9.659s][info][gc,heap     ] GC(44) Min Capacity: 8M(1%)
[9.659s][info][gc,heap     ] GC(44) Max Capacity: 1024M(100%)
[9.659s][info][gc,heap     ] GC(44) Soft Max Capacity: 1024M(100%)
[9.659s][info][gc,heap     ] GC(44)                Mark Start          Mark End        Relocate Start      Relocate End           High               Low         
[9.659s][info][gc,heap     ] GC(44)  Capacity:     1024M (100%)       1024M (100%)       1024M (100%)       1024M (100%)       1024M (100%)       1024M (100%)   
[9.659s][info][gc,heap     ] GC(44)      Free:      500M (49%)         358M (35%)         784M (77%)         790M (77%)         796M (78%)         354M (35%)    
[9.659s][info][gc,heap     ] GC(44)      Used:      524M (51%)         666M (65%)         240M (23%)         234M (23%)         670M (65%)         228M (22%)    
[9.659s][info][gc,heap     ] GC(44)      Live:         -                28M (3%)           28M (3%)           28M (3%)             -                  -          
[9.659s][info][gc,heap     ] GC(44) Allocated:         -               142M (14%)         158M (15%)         167M (16%)            -                  -          
[9.659s][info][gc,heap     ] GC(44)   Garbage:         -               495M (48%)          53M (5%)           37M (4%)             -                  -          
[9.659s][info][gc,heap     ] GC(44) Reclaimed:         -                  -               442M (43%)         457M (45%)            -                  -          
[9.659s][info][gc          ] GC(44) Garbage Collection (Allocation Rate) 524M(51%)->234M(23%)
[9.990s][info][gc,start    ] GC(45) Garbage Collection (Allocation Rate)
[9.990s][info][gc,task     ] GC(45) Using 1 workers
[9.990s][info][gc,phases   ] GC(45) Pause Mark Start 0.017ms
[10.072s][info][gc,phases   ] GC(45) Concurrent Mark 81.845ms
[10.072s][info][gc,phases   ] GC(45) Pause Mark End 0.018ms
[10.072s][info][gc,phases   ] GC(45) Concurrent Mark Free 0.001ms
[10.077s][info][gc,phases   ] GC(45) Concurrent Process Non-Strong References 4.707ms
[10.077s][info][gc,phases   ] GC(45) Concurrent Reset Relocation Set 0.002ms
[10.083s][info][gc,phases   ] GC(45) Concurrent Select Relocation Set 6.032ms
[10.083s][info][gc,phases   ] GC(45) Pause Relocate Start 0.008ms
[10.088s][info][gc,phases   ] GC(45) Concurrent Relocate 5.303ms
[10.089s][info][gc,stats    ] === Garbage Collection Statistics =======================================================================================================================
[10.089s][info][gc,load     ] GC(45) Load: 0.00/0.00/0.00
[10.089s][info][gc,stats    ]                                                              Last 10s              Last 10m              Last 10h                Total
[10.089s][info][gc,mmu      ] GC(45) MMU: 2ms/99.0%, 5ms/99.4%, 10ms/99.7%, 20ms/99.8%, 50ms/99.9%, 100ms/99.9%
[10.089s][info][gc,stats    ]                                                              Avg / Max             Avg / Max             Avg / Max             Avg / Max
[10.089s][info][gc,marking  ] GC(45) Mark: 1 stripe(s), 2 proactive flush(es), 1 terminate flush(es), 0 completion(s), 0 continuation(s) 
[10.089s][info][gc,stats    ]   Collector: Garbage Collection Cycle                     41.509 / 104.254      41.509 / 104.254      41.509 / 104.254      41.509 / 104.254     ms
[10.089s][info][gc,marking  ] GC(45) Mark Stack Usage: 32M
[10.089s][info][gc,stats    ]  Contention: Mark Segment Reset Contention                     4 / 10                4 / 10                4 / 10                4 / 10          ops/s
[10.089s][info][gc,nmethod  ] GC(45) NMethods: 1340 registered, 47 unregistered
[10.089s][info][gc,stats    ]  Contention: Mark SeqNum Reset Contention                      0 / 2                 0 / 2                 0 / 2                 0 / 2           ops/s
[10.089s][info][gc,metaspace] GC(45) Metaspace: 8M used, 8M committed, 1088M reserved
[10.089s][info][gc,stats    ]    Critical: Allocation Stall                                  0 / 0                 0 / 0                 0 / 0                 0 / 0           ops/s
[10.089s][info][gc,ref      ] GC(45) Soft: 174 encountered, 0 discovered, 0 enqueued
[10.089s][info][gc,stats    ]    Critical: Allocation Stall                              0.000 / 0.000         0.000 / 0.000         0.000 / 0.000         0.000 / 0.000       ms
[10.089s][info][gc,ref      ] GC(45) Weak: 570 encountered, 424 discovered, 0 enqueued
[10.089s][info][gc,stats    ]    Critical: GC Locker Stall                                   0 / 0                 0 / 0                 0 / 0                 0 / 0           ops/s
[10.089s][info][gc,ref      ] GC(45) Final: 0 encountered, 0 discovered, 0 enqueued
[10.089s][info][gc,stats    ]    Critical: GC Locker Stall                               0.000 / 0.000         0.000 / 0.000         0.000 / 0.000         0.000 / 0.000       ms
[10.089s][info][gc,ref      ] GC(45) Phantom: 21 encountered, 17 discovered, 0 enqueued
[10.089s][info][gc,stats    ]    Critical: Relocation Stall                                  0 / 0                 0 / 0                 0 / 0                 0 / 0           ops/s
[10.089s][info][gc,reloc    ] GC(45) Small Pages: 172 / 344M, Empty: 304M, Relocated: 3M, In-Place: 0
[10.089s][info][gc,stats    ]    Critical: Relocation Stall                              0.000 / 0.000         0.000 / 0.000         0.000 / 0.000         0.000 / 0.000       ms
[10.089s][info][gc,reloc    ] GC(45) Medium Pages: 2 / 64M, Empty: 32M, Relocated: 0M, In-Place: 0
[10.089s][info][gc,stats    ]      Memory: Allocation Rate                                1819 / 2516           1819 / 2516           1819 / 2516           1819 / 2516        MB/s
[10.089s][info][gc,reloc    ] GC(45) Large Pages: 0 / 0M, Empty: 0M, Relocated: 0M, In-Place: 0
[10.089s][info][gc,stats    ]      Memory: Defragment                                        0 / 0                 0 / 0                 0 / 0                 0 / 0           ops/s
[10.089s][info][gc,reloc    ] GC(45) Forwarding Usage: 1M
[10.090s][info][gc,stats    ]      Memory: Out Of Memory                                     0 / 0                 0 / 0                 0 / 0                 0 / 0           ops/s
[10.090s][info][gc,heap     ] GC(45) Min Capacity: 8M(1%)
[10.090s][info][gc,stats    ]      Memory: Page Cache Flush                                  0 / 0                 0 / 0                 0 / 0                 0 / 0           MB/s
[10.090s][info][gc,heap     ] GC(45) Max Capacity: 1024M(100%)
[10.090s][info][gc,stats    ]      Memory: Page Cache Hit L1                               865 / 1263            865 / 1263            865 / 1263            865 / 1263        ops/s
[10.090s][info][gc,heap     ] GC(45) Soft Max Capacity: 1024M(100%)
[10.090s][info][gc,stats    ]      Memory: Page Cache Hit L2                                 0 / 0                 0 / 0                 0 / 0                 0 / 0           ops/s
[10.090s][info][gc,heap     ] GC(45)                Mark Start          Mark End        Relocate Start      Relocate End           High               Low         
[10.090s][info][gc,stats    ]      Memory: Page Cache Hit L3                                39 / 212              39 / 212              39 / 212              39 / 212         ops/s
[10.090s][info][gc,heap     ] GC(45)  Capacity:     1024M (100%)       1024M (100%)       1024M (100%)       1024M (100%)       1024M (100%)       1024M (100%)   
[10.090s][info][gc,stats    ]      Memory: Page Cache Miss                                   0 / 1                 0 / 1                 0 / 1                 0 / 1           ops/s
[10.090s][info][gc,heap     ] GC(45)      Free:      616M (60%)         584M (57%)         918M (90%)         924M (90%)         924M (90%)         584M (57%)    
[10.090s][info][gc,stats    ]      Memory: Uncommit                                          0 / 0                 0 / 0                 0 / 0                 0 / 0           MB/s
[10.090s][info][gc,heap     ] GC(45)      Used:      408M (40%)         440M (43%)         106M (10%)         100M (10%)         440M (43%)         100M (10%)    
[10.090s][info][gc,stats    ]      Memory: Undo Object Allocation Failed                     0 / 1                 0 / 1                 0 / 1                 0 / 1           ops/s
[10.090s][info][gc,heap     ] GC(45)      Live:         -                30M (3%)           30M (3%)           30M (3%)             -                  -          
[10.090s][info][gc,stats    ]      Memory: Undo Object Allocation Succeeded                  1 / 5                 1 / 5                 1 / 5                 1 / 5           ops/s
[10.090s][info][gc,heap     ] GC(45) Allocated:         -                32M (3%)           34M (3%)           33M (3%)             -                  -          
[10.090s][info][gc,stats    ]      Memory: Undo Page Allocation                              0 / 0                 0 / 0                 0 / 0                 0 / 0           ops/s
[10.090s][info][gc,heap     ] GC(45)   Garbage:         -               377M (37%)          41M (4%)           35M (3%)             -                  -          
[10.090s][info][gc,stats    ]       Phase: Concurrent Mark                              30.891 / 86.311       30.891 / 86.311       30.891 / 86.311       30.891 / 86.311      ms
[10.090s][info][gc,heap     ] GC(45) Reclaimed:         -                  -               336M (33%)         341M (33%)            -                  -          
[10.090s][info][gc,stats    ]       Phase: Concurrent Mark Continue                      0.000 / 0.000         0.000 / 0.000         0.000 / 0.000         0.000 / 0.000       ms
[10.090s][info][gc          ] GC(45) Garbage Collection (Allocation Rate) 408M(40%)->100M(10%)
[10.090s][info][gc,stats    ]       Phase: Concurrent Mark Free                          0.001 / 0.002         0.001 / 0.002         0.001 / 0.002         0.001 / 0.002       ms
[10.090s][info][gc,stats    ]       Phase: Concurrent Process Non-Strong References      1.549 / 4.757         1.549 / 4.757         1.549 / 4.757         1.549 / 4.757       ms
[10.090s][info][gc,stats    ]       Phase: Concurrent Relocate                           4.137 / 9.186         4.137 / 9.186         4.137 / 9.186         4.137 / 9.186       ms
[10.090s][info][gc,stats    ]       Phase: Concurrent Reset Relocation Set               0.003 / 0.005         0.003 / 0.005         0.003 / 0.005         0.003 / 0.005       ms
[10.091s][info][gc,stats    ]       Phase: Concurrent Select Relocation Set              5.290 / 15.335        5.290 / 15.335        5.290 / 15.335        5.290 / 15.335      ms
[10.091s][info][gc,stats    ]       Phase: Pause Mark End                                0.016 / 0.021         0.016 / 0.021         0.016 / 0.021         0.016 / 0.021       ms
[10.091s][info][gc,stats    ]       Phase: Pause Mark Start                              0.015 / 0.018         0.015 / 0.018         0.015 / 0.018         0.015 / 0.018       ms
[10.091s][info][gc,stats    ]       Phase: Pause Relocate Start                          0.007 / 0.011         0.007 / 0.011         0.007 / 0.011         0.007 / 0.011       ms
[10.091s][info][gc,stats    ]    Subphase: Concurrent Classes Purge                      0.030 / 0.404         0.030 / 0.404         0.030 / 0.404         0.030 / 0.404       ms
[10.091s][info][gc,stats    ]    Subphase: Concurrent Classes Unlink                     1.144 / 3.831         1.144 / 3.831         1.144 / 3.831         1.144 / 3.831       ms
[10.091s][info][gc,stats    ]    Subphase: Concurrent Mark                              17.787 / 84.920       17.787 / 84.920       17.787 / 84.920       17.787 / 84.920      ms
[10.091s][info][gc,stats    ]    Subphase: Concurrent Mark Try Flush                     0.039 / 0.087         0.039 / 0.087         0.039 / 0.087         0.039 / 0.087       ms
[10.091s][info][gc,stats    ]    Subphase: Concurrent Mark Try Terminate                 2.936 / 13.862        2.936 / 13.862        2.936 / 13.862        2.936 / 13.862      ms
[10.091s][info][gc,stats    ]    Subphase: Concurrent References Enqueue                 0.001 / 0.004         0.001 / 0.004         0.001 / 0.004         0.001 / 0.004       ms
[10.091s][info][gc,stats    ]    Subphase: Concurrent References Process                 0.043 / 0.105         0.043 / 0.105         0.043 / 0.105         0.043 / 0.105       ms
[10.091s][info][gc,stats    ]    Subphase: Concurrent Roots ClassLoaderDataGraph         0.097 / 0.601         0.097 / 0.601         0.097 / 0.601         0.097 / 0.601       ms
[10.091s][info][gc,stats    ]    Subphase: Concurrent Roots CodeCache                    0.000 / 0.000         0.000 / 0.000         0.000 / 0.000         0.000 / 0.000       ms
[10.091s][info][gc,stats    ]    Subphase: Concurrent Roots JavaThreads                  0.265 / 1.310         0.265 / 1.310         0.265 / 1.310         0.265 / 1.310       ms
[10.091s][info][gc,stats    ]    Subphase: Concurrent Roots OopStorageSet                0.019 / 0.213         0.019 / 0.213         0.019 / 0.213         0.019 / 0.213       ms
[10.091s][info][gc,stats    ]    Subphase: Concurrent Weak Roots OopStorageSet           0.165 / 0.852         0.165 / 0.852         0.165 / 0.852         0.165 / 0.852       ms
[10.091s][info][gc,stats    ]    Subphase: Pause Mark Try Complete                       0.000 / 0.000         0.000 / 0.000         0.000 / 0.000         0.000 / 0.000       ms
[10.091s][info][gc,stats    ]      System: Java Threads                                     20 / 24               20 / 24               20 / 24               20 / 24          threads
[10.091s][info][gc,stats    ] =========================================================================================================================================================
[10.175s][info][gc,start    ] GC(46) Garbage Collection (System.gc())
[10.175s][info][gc,task     ] GC(46) Using 10 workers
[10.175s][info][gc,phases   ] GC(46) Pause Mark Start 0.015ms
[10.180s][info][gc,phases   ] GC(46) Concurrent Mark 5.172ms
[10.180s][info][gc,phases   ] GC(46) Pause Mark End 0.014ms
[10.180s][info][gc,phases   ] GC(46) Concurrent Mark Free 0.001ms
[10.181s][info][gc,phases   ] GC(46) Concurrent Process Non-Strong References 0.653ms
[10.181s][info][gc,phases   ] GC(46) Concurrent Reset Relocation Set 0.001ms
[10.185s][info][gc,phases   ] GC(46) Concurrent Select Relocation Set 3.691ms
[10.185s][info][gc,phases   ] GC(46) Pause Relocate Start 0.008ms
[10.186s][info][gc,phases   ] GC(46) Concurrent Relocate 1.495ms
[10.186s][info][gc,load     ] GC(46) Load: 0.00/0.00/0.00
[10.186s][info][gc,mmu      ] GC(46) MMU: 2ms/99.0%, 5ms/99.4%, 10ms/99.7%, 20ms/99.8%, 50ms/99.9%, 100ms/99.9%
[10.187s][info][gc,marking  ] GC(46) Mark: 8 stripe(s), 2 proactive flush(es), 1 terminate flush(es), 0 completion(s), 0 continuation(s) 
[10.187s][info][gc,marking  ] GC(46) Mark Stack Usage: 32M
[10.187s][info][gc,nmethod  ] GC(46) NMethods: 1342 registered, 49 unregistered
[10.187s][info][gc,metaspace] GC(46) Metaspace: 8M used, 8M committed, 1088M reserved
[10.187s][info][gc,ref      ] GC(46) Soft: 174 encountered, 0 discovered, 0 enqueued
[10.187s][info][gc,ref      ] GC(46) Weak: 570 encountered, 86 discovered, 0 enqueued
[10.187s][info][gc,ref      ] GC(46) Final: 0 encountered, 0 discovered, 0 enqueued
[10.187s][info][gc,ref      ] GC(46) Phantom: 21 encountered, 17 discovered, 0 enqueued
[10.187s][info][gc,reloc    ] GC(46) Small Pages: 43 / 86M, Empty: 70M, Relocated: 1M, In-Place: 0
[10.187s][info][gc,reloc    ] GC(46) Medium Pages: 2 / 64M, Empty: 64M, Relocated: 0M, In-Place: 0
[10.187s][info][gc,reloc    ] GC(46) Large Pages: 0 / 0M, Empty: 0M, Relocated: 0M, In-Place: 0
[10.187s][info][gc,reloc    ] GC(46) Forwarding Usage: 0M
[10.187s][info][gc,heap     ] GC(46) Min Capacity: 8M(1%)
[10.187s][info][gc,heap     ] GC(46) Max Capacity: 1024M(100%)
[10.187s][info][gc,heap     ] GC(46) Soft Max Capacity: 1024M(100%)
[10.187s][info][gc,heap     ] GC(46)                Mark Start          Mark End        Relocate Start      Relocate End           High               Low         
[10.187s][info][gc,heap     ] GC(46)  Capacity:     1024M (100%)       1024M (100%)       1024M (100%)       1024M (100%)       1024M (100%)       1024M (100%)   
[10.187s][info][gc,heap     ] GC(46)      Free:      874M (85%)         874M (85%)        1008M (98%)        1008M (98%)        1008M (98%)         874M (85%)    
[10.187s][info][gc,heap     ] GC(46)      Used:      150M (15%)         150M (15%)          16M (2%)           16M (2%)          150M (15%)          16M (2%)     
[10.187s][info][gc,heap     ] GC(46)      Live:         -                 4M (0%)            4M (0%)            4M (0%)             -                  -          
[10.187s][info][gc,heap     ] GC(46) Allocated:         -                 0M (0%)            0M (0%)            0M (0%)             -                  -          
[10.187s][info][gc,heap     ] GC(46)   Garbage:         -               145M (14%)          11M (1%)           11M (1%)             -                  -          
[10.187s][info][gc,heap     ] GC(46) Reclaimed:         -                  -               134M (13%)         134M (13%)            -                  -          
[10.187s][info][gc          ] GC(46) Garbage Collection (System.gc()) 150M(15%)->16M(2%)
[10.399s][info][gc,start    ] GC(47) Garbage Collection (Allocation Rate)
[10.399s][info][gc,task     ] GC(47) Using 10 workers
[10.399s][info][gc,phases   ] GC(47) Pause Mark Start 0.017ms
[10.414s][info][gc,phases   ] GC(47) Concurrent Mark 15.227ms
[10.415s][info][gc,phases   ] GC(47) Pause Mark End 0.016ms
[10.415s][info][gc,phases   ] GC(47) Concurrent Mark Free 0.001ms
[10.415s][info][gc,phases   ] GC(47) Concurrent Process Non-Strong References 0.684ms
[10.415s][info][gc,phases   ] GC(47) Concurrent Reset Relocation Set 0.001ms
[10.418s][info][gc,phases   ] GC(47) Concurrent Select Relocation Set 2.998ms
[10.418s][info][gc,phases   ] GC(47) Pause Relocate Start 0.006ms
[10.420s][info][gc,phases   ] GC(47) Concurrent Relocate 1.547ms
[10.420s][info][gc,load     ] GC(47) Load: 0.00/0.00/0.00
[10.420s][info][gc,mmu      ] GC(47) MMU: 2ms/99.0%, 5ms/99.4%, 10ms/99.7%, 20ms/99.8%, 50ms/99.9%, 100ms/99.9%
[10.420s][info][gc,marking  ] GC(47) Mark: 8 stripe(s), 2 proactive flush(es), 1 terminate flush(es), 0 completion(s), 0 continuation(s) 
[10.420s][info][gc,marking  ] GC(47) Mark Stack Usage: 32M
[10.420s][info][gc,nmethod  ] GC(47) NMethods: 1343 registered, 51 unregistered
[10.420s][info][gc,metaspace] GC(47) Metaspace: 8M used, 8M committed, 1088M reserved
[10.420s][info][gc,ref      ] GC(47) Soft: 174 encountered, 0 discovered, 0 enqueued
[10.420s][info][gc,ref      ] GC(47) Weak: 570 encountered, 18 discovered, 0 enqueued
[10.420s][info][gc,ref      ] GC(47) Final: 0 encountered, 0 discovered, 0 enqueued
[10.420s][info][gc,ref      ] GC(47) Phantom: 21 encountered, 13 discovered, 0 enqueued
[10.420s][info][gc,reloc    ] GC(47) Small Pages: 263 / 526M, Empty: 492M, Relocated: 3M, In-Place: 0
[10.420s][info][gc,reloc    ] GC(47) Medium Pages: 0 / 0M, Empty: 0M, Relocated: 0M, In-Place: 0
[10.420s][info][gc,reloc    ] GC(47) Large Pages: 0 / 0M, Empty: 0M, Relocated: 0M, In-Place: 0
[10.420s][info][gc,reloc    ] GC(47) Forwarding Usage: 1M
[10.420s][info][gc,heap     ] GC(47) Min Capacity: 8M(1%)
[10.420s][info][gc,heap     ] GC(47) Max Capacity: 1024M(100%)
[10.420s][info][gc,heap     ] GC(47) Soft Max Capacity: 1024M(100%)
[10.420s][info][gc,heap     ] GC(47)                Mark Start          Mark End        Relocate Start      Relocate End           High               Low         
[10.420s][info][gc,heap     ] GC(47)  Capacity:     1024M (100%)       1024M (100%)       1024M (100%)       1024M (100%)       1024M (100%)       1024M (100%)   
[10.420s][info][gc,heap     ] GC(47)      Free:      498M (49%)         460M (45%)         950M (93%)         958M (94%)         958M (94%)         460M (45%)    
[10.420s][info][gc,heap     ] GC(47)      Used:      526M (51%)         564M (55%)          74M (7%)           66M (6%)          564M (55%)          66M (6%)     
[10.420s][info][gc,heap     ] GC(47)      Live:         -                 5M (1%)            5M (1%)            5M (1%)             -                  -          
[10.420s][info][gc,heap     ] GC(47) Allocated:         -                38M (4%)           40M (4%)           42M (4%)             -                  -          
[10.420s][info][gc,heap     ] GC(47)   Garbage:         -               520M (51%)          28M (3%)           18M (2%)             -                  -          
[10.420s][info][gc,heap     ] GC(47) Reclaimed:         -                  -               492M (48%)         502M (49%)            -                  -          
[10.420s][info][gc          ] GC(47) Garbage Collection (Allocation Rate) 526M(51%)->66M(6%)
[10.594s][info][gc,start    ] GC(48) Garbage Collection (Allocation Rate)
[10.594s][info][gc,task     ] GC(48) Using 10 workers
[10.595s][info][gc,phases   ] GC(48) Pause Mark Start 0.016ms
[10.605s][info][gc,phases   ] GC(48) Concurrent Mark 10.556ms
[10.605s][info][gc,phases   ] GC(48) Pause Mark End 0.018ms
[10.605s][info][gc,phases   ] GC(48) Concurrent Mark Free 0.001ms
[10.606s][info][gc,phases   ] GC(48) Concurrent Process Non-Strong References 0.757ms
[10.606s][info][gc,phases   ] GC(48) Concurrent Reset Relocation Set 0.002ms
[10.612s][info][gc,phases   ] GC(48) Concurrent Select Relocation Set 5.952ms
[10.612s][info][gc,phases   ] GC(48) Pause Relocate Start 0.009ms
[10.617s][info][gc,phases   ] GC(48) Concurrent Relocate 4.075ms
[10.617s][info][gc,load     ] GC(48) Load: 0.00/0.00/0.00
[10.617s][info][gc,mmu      ] GC(48) MMU: 2ms/99.0%, 5ms/99.4%, 10ms/99.7%, 20ms/99.8%, 50ms/99.9%, 100ms/99.9%
[10.617s][info][gc,marking  ] GC(48) Mark: 8 stripe(s), 4 proactive flush(es), 1 terminate flush(es), 0 completion(s), 0 continuation(s) 
[10.617s][info][gc,marking  ] GC(48) Mark Stack Usage: 32M
[10.617s][info][gc,nmethod  ] GC(48) NMethods: 1343 registered, 51 unregistered
[10.617s][info][gc,metaspace] GC(48) Metaspace: 8M used, 8M committed, 1088M reserved
[10.617s][info][gc,ref      ] GC(48) Soft: 174 encountered, 0 discovered, 0 enqueued
[10.617s][info][gc,ref      ] GC(48) Weak: 570 encountered, 41 discovered, 0 enqueued
[10.617s][info][gc,ref      ] GC(48) Final: 0 encountered, 0 discovered, 0 enqueued
[10.617s][info][gc,ref      ] GC(48) Phantom: 21 encountered, 11 discovered, 0 enqueued
[10.617s][info][gc,reloc    ] GC(48) Small Pages: 242 / 484M, Empty: 456M, Relocated: 6M, In-Place: 0
[10.617s][info][gc,reloc    ] GC(48) Medium Pages: 1 / 32M, Empty: 0M, Relocated: 0M, In-Place: 0
[10.617s][info][gc,reloc    ] GC(48) Large Pages: 0 / 0M, Empty: 0M, Relocated: 0M, In-Place: 0
[10.617s][info][gc,reloc    ] GC(48) Forwarding Usage: 2M
[10.617s][info][gc,heap     ] GC(48) Min Capacity: 8M(1%)
[10.617s][info][gc,heap     ] GC(48) Max Capacity: 1024M(100%)
[10.617s][info][gc,heap     ] GC(48) Soft Max Capacity: 1024M(100%)
[10.617s][info][gc,heap     ] GC(48)                Mark Start          Mark End        Relocate Start      Relocate End           High               Low         
[10.617s][info][gc,heap     ] GC(48)  Capacity:     1024M (100%)       1024M (100%)       1024M (100%)       1024M (100%)       1024M (100%)       1024M (100%)   
[10.617s][info][gc,heap     ] GC(48)      Free:      508M (50%)         478M (47%)         916M (89%)         914M (89%)         922M (90%)         476M (46%)    
[10.617s][info][gc,heap     ] GC(48)      Used:      516M (50%)         546M (53%)         108M (11%)         110M (11%)         548M (54%)         102M (10%)    
[10.617s][info][gc,heap     ] GC(48)      Live:         -                 7M (1%)            7M (1%)            7M (1%)             -                  -          
[10.617s][info][gc,heap     ] GC(48) Allocated:         -                30M (3%)           48M (5%)           57M (6%)             -                  -          
[10.617s][info][gc,heap     ] GC(48)   Garbage:         -               508M (50%)          52M (5%)           44M (4%)             -                  -          
[10.617s][info][gc,heap     ] GC(48) Reclaimed:         -                  -               456M (45%)         463M (45%)            -                  -          
[10.617s][info][gc          ] GC(48) Garbage Collection (Allocation Rate) 516M(50%)->110M(11%)
[10.789s][info][gc,start    ] GC(49) Garbage Collection (Allocation Rate)
[10.789s][info][gc,task     ] GC(49) Using 3 workers
[10.789s][info][gc,phases   ] GC(49) Pause Mark Start 0.013ms
[10.810s][info][gc,phases   ] GC(49) Concurrent Mark 20.598ms
[10.810s][info][gc,phases   ] GC(49) Pause Mark End 0.014ms
[10.810s][info][gc,phases   ] GC(49) Concurrent Mark Free 0.001ms
[10.812s][info][gc,phases   ] GC(49) Concurrent Process Non-Strong References 1.660ms
[10.812s][info][gc,phases   ] GC(49) Concurrent Reset Relocation Set 0.002ms
[10.817s][info][gc,phases   ] GC(49) Concurrent Select Relocation Set 5.671ms
[10.818s][info][gc,phases   ] GC(49) Pause Relocate Start 0.008ms
[10.824s][info][gc,phases   ] GC(49) Concurrent Relocate 6.076ms
[10.824s][info][gc,load     ] GC(49) Load: 0.00/0.00/0.00
[10.824s][info][gc,mmu      ] GC(49) MMU: 2ms/99.0%, 5ms/99.4%, 10ms/99.7%, 20ms/99.8%, 50ms/99.9%, 100ms/99.9%
[10.824s][info][gc,marking  ] GC(49) Mark: 2 stripe(s), 2 proactive flush(es), 1 terminate flush(es), 0 completion(s), 0 continuation(s) 
[10.824s][info][gc,marking  ] GC(49) Mark Stack Usage: 32M
[10.824s][info][gc,nmethod  ] GC(49) NMethods: 1343 registered, 51 unregistered
[10.824s][info][gc,metaspace] GC(49) Metaspace: 8M used, 8M committed, 1088M reserved
[10.824s][info][gc,ref      ] GC(49) Soft: 174 encountered, 0 discovered, 0 enqueued
[10.824s][info][gc,ref      ] GC(49) Weak: 570 encountered, 173 discovered, 0 enqueued
[10.824s][info][gc,ref      ] GC(49) Final: 0 encountered, 0 discovered, 0 enqueued
[10.824s][info][gc,ref      ] GC(49) Phantom: 21 encountered, 17 discovered, 0 enqueued
[10.824s][info][gc,reloc    ] GC(49) Small Pages: 242 / 484M, Empty: 448M, Relocated: 6M, In-Place: 0
[10.824s][info][gc,reloc    ] GC(49) Medium Pages: 1 / 32M, Empty: 0M, Relocated: 0M, In-Place: 0
[10.824s][info][gc,reloc    ] GC(49) Large Pages: 0 / 0M, Empty: 0M, Relocated: 0M, In-Place: 0
[10.824s][info][gc,reloc    ] GC(49) Forwarding Usage: 2M
[10.824s][info][gc,heap     ] GC(49) Min Capacity: 8M(1%)
[10.824s][info][gc,heap     ] GC(49) Max Capacity: 1024M(100%)
[10.824s][info][gc,heap     ] GC(49) Soft Max Capacity: 1024M(100%)
[10.824s][info][gc,heap     ] GC(49)                Mark Start          Mark End        Relocate Start      Relocate End           High               Low         
[10.824s][info][gc,heap     ] GC(49)  Capacity:     1024M (100%)       1024M (100%)       1024M (100%)       1024M (100%)       1024M (100%)       1024M (100%)   
[10.824s][info][gc,heap     ] GC(49)      Free:      508M (50%)         486M (47%)         922M (90%)         932M (91%)         938M (92%)         484M (47%)    
[10.824s][info][gc,heap     ] GC(49)      Used:      516M (50%)         538M (53%)         102M (10%)          92M (9%)          540M (53%)          86M (8%)     
[10.824s][info][gc,heap     ] GC(49)      Live:         -                 8M (1%)            8M (1%)            8M (1%)             -                  -          
[10.824s][info][gc,heap     ] GC(49) Allocated:         -                22M (2%)           34M (3%)           47M (5%)             -                  -          
[10.824s][info][gc,heap     ] GC(49)   Garbage:         -               507M (50%)          59M (6%)           35M (3%)             -                  -          
[10.824s][info][gc,heap     ] GC(49) Reclaimed:         -                  -               448M (44%)         471M (46%)            -                  -          
[10.824s][info][gc          ] GC(49) Garbage Collection (Allocation Rate) 516M(50%)->92M(9%)
[10.990s][info][gc,start    ] GC(50) Garbage Collection (Allocation Rate)
[10.990s][info][gc,task     ] GC(50) Using 2 workers
[10.990s][info][gc,phases   ] GC(50) Pause Mark Start 0.018ms
[11.018s][info][gc,phases   ] GC(50) Concurrent Mark 27.751ms
[11.018s][info][gc,phases   ] GC(50) Pause Mark End 0.015ms
[11.018s][info][gc,phases   ] GC(50) Concurrent Mark Free 0.001ms
[11.021s][info][gc,phases   ] GC(50) Concurrent Process Non-Strong References 2.821ms
[11.021s][info][gc,phases   ] GC(50) Concurrent Reset Relocation Set 0.004ms
[11.025s][info][gc,phases   ] GC(50) Concurrent Select Relocation Set 4.113ms
[11.025s][info][gc,phases   ] GC(50) Pause Relocate Start 0.006ms
[11.030s][info][gc,phases   ] GC(50) Concurrent Relocate 4.761ms
[11.030s][info][gc,load     ] GC(50) Load: 0.00/0.00/0.00
[11.030s][info][gc,mmu      ] GC(50) MMU: 2ms/99.0%, 5ms/99.4%, 10ms/99.7%, 20ms/99.8%, 50ms/99.9%, 100ms/99.9%
[11.030s][info][gc,marking  ] GC(50) Mark: 2 stripe(s), 2 proactive flush(es), 1 terminate flush(es), 0 completion(s), 0 continuation(s) 
[11.030s][info][gc,marking  ] GC(50) Mark Stack Usage: 32M
[11.030s][info][gc,nmethod  ] GC(50) NMethods: 1343 registered, 51 unregistered
[11.030s][info][gc,metaspace] GC(50) Metaspace: 8M used, 8M committed, 1088M reserved
[11.030s][info][gc,ref      ] GC(50) Soft: 174 encountered, 0 discovered, 0 enqueued
[11.030s][info][gc,ref      ] GC(50) Weak: 570 encountered, 306 discovered, 0 enqueued
[11.030s][info][gc,ref      ] GC(50) Final: 0 encountered, 0 discovered, 0 enqueued
[11.030s][info][gc,ref      ] GC(50) Phantom: 21 encountered, 11 discovered, 0 enqueued
[11.030s][info][gc,reloc    ] GC(50) Small Pages: 220 / 440M, Empty: 408M, Relocated: 5M, In-Place: 0
[11.030s][info][gc,reloc    ] GC(50) Medium Pages: 2 / 64M, Empty: 32M, Relocated: 0M, In-Place: 0
[11.030s][info][gc,reloc    ] GC(50) Large Pages: 0 / 0M, Empty: 0M, Relocated: 0M, In-Place: 0
[11.030s][info][gc,reloc    ] GC(50) Forwarding Usage: 2M
[11.030s][info][gc,heap     ] GC(50) Min Capacity: 8M(1%)
[11.030s][info][gc,heap     ] GC(50) Max Capacity: 1024M(100%)
[11.030s][info][gc,heap     ] GC(50) Soft Max Capacity: 1024M(100%)
[11.030s][info][gc,heap     ] GC(50)                Mark Start          Mark End        Relocate Start      Relocate End           High               Low         
[11.030s][info][gc,heap     ] GC(50)  Capacity:     1024M (100%)       1024M (100%)       1024M (100%)       1024M (100%)       1024M (100%)       1024M (100%)   
[11.030s][info][gc,heap     ] GC(50)      Free:      520M (51%)         446M (44%)         870M (85%)         878M (86%)         882M (86%)         440M (43%)    
[11.030s][info][gc,heap     ] GC(50)      Used:      504M (49%)         578M (56%)         154M (15%)         146M (14%)         584M (57%)         142M (14%)    
[11.031s][info][gc,heap     ] GC(50)      Live:         -                 9M (1%)            9M (1%)            9M (1%)             -                  -          
[11.031s][info][gc,heap     ] GC(50) Allocated:         -                74M (7%)           90M (9%)          101M (10%)            -                  -          
[11.031s][info][gc,heap     ] GC(50)   Garbage:         -               494M (48%)          54M (5%)           34M (3%)             -                  -          
[11.031s][info][gc,heap     ] GC(50) Reclaimed:         -                  -               440M (43%)         459M (45%)            -                  -          
[11.031s][info][gc          ] GC(50) Garbage Collection (Allocation Rate) 504M(49%)->146M(14%)
[11.089s][info][gc,start    ] GC(51) Garbage Collection (Allocation Rate)
[11.089s][info][gc,task     ] GC(51) Using 5 workers
[11.089s][info][gc,phases   ] GC(51) Pause Mark Start 0.014ms
[11.109s][info][gc,phases   ] GC(51) Concurrent Mark 19.656ms
[11.109s][info][gc,phases   ] GC(51) Pause Mark End 0.019ms
[11.109s][info][gc,phases   ] GC(51) Concurrent Mark Free 0.001ms
[11.110s][info][gc,phases   ] GC(51) Concurrent Process Non-Strong References 1.116ms
[11.110s][info][gc,phases   ] GC(51) Concurrent Reset Relocation Set 0.003ms
[11.114s][info][gc,phases   ] GC(51) Concurrent Select Relocation Set 3.869ms
[11.114s][info][gc,phases   ] GC(51) Pause Relocate Start 0.006ms
[11.118s][info][gc,phases   ] GC(51) Concurrent Relocate 3.923ms
[11.118s][info][gc,load     ] GC(51) Load: 0.00/0.00/0.00
[11.118s][info][gc,mmu      ] GC(51) MMU: 2ms/99.0%, 5ms/99.4%, 10ms/99.7%, 20ms/99.8%, 50ms/99.9%, 100ms/99.9%
[11.118s][info][gc,marking  ] GC(51) Mark: 4 stripe(s), 2 proactive flush(es), 1 terminate flush(es), 0 completion(s), 0 continuation(s) 
[11.118s][info][gc,marking  ] GC(51) Mark Stack Usage: 32M
[11.118s][info][gc,nmethod  ] GC(51) NMethods: 1343 registered, 51 unregistered
[11.118s][info][gc,metaspace] GC(51) Metaspace: 8M used, 8M committed, 1088M reserved
[11.118s][info][gc,ref      ] GC(51) Soft: 174 encountered, 0 discovered, 0 enqueued
[11.118s][info][gc,ref      ] GC(51) Weak: 570 encountered, 11 discovered, 0 enqueued
[11.118s][info][gc,ref      ] GC(51) Final: 0 encountered, 0 discovered, 0 enqueued
[11.118s][info][gc,ref      ] GC(51) Phantom: 21 encountered, 16 discovered, 0 enqueued
[11.118s][info][gc,reloc    ] GC(51) Small Pages: 134 / 268M, Empty: 240M, Relocated: 3M, In-Place: 0
[11.118s][info][gc,reloc    ] GC(51) Medium Pages: 1 / 32M, Empty: 0M, Relocated: 0M, In-Place: 0
[11.118s][info][gc,reloc    ] GC(51) Large Pages: 0 / 0M, Empty: 0M, Relocated: 0M, In-Place: 0
[11.118s][info][gc,reloc    ] GC(51) Forwarding Usage: 1M
[11.118s][info][gc,heap     ] GC(51) Min Capacity: 8M(1%)
[11.118s][info][gc,heap     ] GC(51) Max Capacity: 1024M(100%)
[11.118s][info][gc,heap     ] GC(51) Soft Max Capacity: 1024M(100%)
[11.118s][info][gc,heap     ] GC(51)                Mark Start          Mark End        Relocate Start      Relocate End           High               Low         
[11.119s][info][gc,heap     ] GC(51)  Capacity:     1024M (100%)       1024M (100%)       1024M (100%)       1024M (100%)       1024M (100%)       1024M (100%)   
[11.119s][info][gc,heap     ] GC(51)      Free:      724M (71%)         692M (68%)         920M (90%)         920M (90%)         926M (90%)         690M (67%)    
[11.119s][info][gc,heap     ] GC(51)      Used:      300M (29%)         332M (32%)         104M (10%)         104M (10%)         334M (33%)          98M (10%)    
[11.119s][info][gc,heap     ] GC(51)      Live:         -                10M (1%)           10M (1%)           10M (1%)             -                  -          
[11.119s][info][gc,heap     ] GC(51) Allocated:         -                32M (3%)           44M (4%)           53M (5%)             -                  -          
[11.119s][info][gc,heap     ] GC(51)   Garbage:         -               289M (28%)          49M (5%)           39M (4%)             -                  -          
[11.119s][info][gc,heap     ] GC(51) Reclaimed:         -                  -               240M (23%)         249M (24%)            -                  -          
[11.119s][info][gc          ] GC(51) Garbage Collection (Allocation Rate) 300M(29%)->104M(10%)
[11.289s][info][gc,start    ] GC(52) Garbage Collection (Allocation Rate)
[11.289s][info][gc,task     ] GC(52) Using 5 workers
[11.289s][info][gc,phases   ] GC(52) Pause Mark Start 0.017ms
[11.303s][info][gc,phases   ] GC(52) Concurrent Mark 13.616ms
[11.303s][info][gc,phases   ] GC(52) Pause Mark End 0.014ms
[11.303s][info][gc,phases   ] GC(52) Concurrent Mark Free 0.000ms
[11.304s][info][gc,phases   ] GC(52) Concurrent Process Non-Strong References 1.097ms
[11.304s][info][gc,phases   ] GC(52) Concurrent Reset Relocation Set 0.002ms
[11.308s][info][gc,phases   ] GC(52) Concurrent Select Relocation Set 3.816ms
[11.308s][info][gc,phases   ] GC(52) Pause Relocate Start 0.006ms
[11.311s][info][gc,phases   ] GC(52) Concurrent Relocate 2.907ms
[11.311s][info][gc,load     ] GC(52) Load: 0.00/0.00/0.00
[11.311s][info][gc,mmu      ] GC(52) MMU: 2ms/99.0%, 5ms/99.4%, 10ms/99.7%, 20ms/99.8%, 50ms/99.9%, 100ms/99.9%
[11.311s][info][gc,marking  ] GC(52) Mark: 4 stripe(s), 2 proactive flush(es), 1 terminate flush(es), 0 completion(s), 0 continuation(s) 
[11.311s][info][gc,marking  ] GC(52) Mark Stack Usage: 32M
[11.311s][info][gc,nmethod  ] GC(52) NMethods: 1343 registered, 51 unregistered
[11.311s][info][gc,metaspace] GC(52) Metaspace: 8M used, 8M committed, 1088M reserved
[11.311s][info][gc,ref      ] GC(52) Soft: 174 encountered, 0 discovered, 0 enqueued
[11.311s][info][gc,ref      ] GC(52) Weak: 570 encountered, 132 discovered, 0 enqueued
[11.311s][info][gc,ref      ] GC(52) Final: 0 encountered, 0 discovered, 0 enqueued
[11.311s][info][gc,ref      ] GC(52) Phantom: 21 encountered, 18 discovered, 0 enqueued
[11.311s][info][gc,reloc    ] GC(52) Small Pages: 234 / 468M, Empty: 438M, Relocated: 3M, In-Place: 0
[11.312s][info][gc,reloc    ] GC(52) Medium Pages: 2 / 64M, Empty: 0M, Relocated: 0M, In-Place: 0
[11.312s][info][gc,reloc    ] GC(52) Large Pages: 0 / 0M, Empty: 0M, Relocated: 0M, In-Place: 0
[11.312s][info][gc,reloc    ] GC(52) Forwarding Usage: 1M
[11.312s][info][gc,heap     ] GC(52) Min Capacity: 8M(1%)
[11.312s][info][gc,heap     ] GC(52) Max Capacity: 1024M(100%)
[11.312s][info][gc,heap     ] GC(52) Soft Max Capacity: 1024M(100%)
[11.312s][info][gc,heap     ] GC(52)                Mark Start          Mark End        Relocate Start      Relocate End           High               Low         
[11.312s][info][gc,heap     ] GC(52)  Capacity:     1024M (100%)       1024M (100%)       1024M (100%)       1024M (100%)       1024M (100%)       1024M (100%)   
[11.312s][info][gc,heap     ] GC(52)      Free:      492M (48%)         480M (47%)         914M (89%)         952M (93%)         952M (93%)         480M (47%)    
[11.312s][info][gc,heap     ] GC(52)      Used:      532M (52%)         544M (53%)         110M (11%)          72M (7%)          544M (53%)          72M (7%)     
[11.312s][info][gc,heap     ] GC(52)      Live:         -                11M (1%)           11M (1%)           11M (1%)             -                  -          
[11.312s][info][gc,heap     ] GC(52) Allocated:         -                12M (1%)           16M (2%)           19M (2%)             -                  -          
[11.312s][info][gc,heap     ] GC(52)   Garbage:         -               520M (51%)          82M (8%)           40M (4%)             -                  -          
[11.312s][info][gc,heap     ] GC(52) Reclaimed:         -                  -               438M (43%)         479M (47%)            -                  -          
[11.312s][info][gc          ] GC(52) Garbage Collection (Allocation Rate) 532M(52%)->72M(7%)
[11.490s][info][gc,start    ] GC(53) Garbage Collection (Allocation Rate)
[11.490s][info][gc,task     ] GC(53) Using 5 workers
[11.490s][info][gc,phases   ] GC(53) Pause Mark Start 0.014ms
[11.507s][info][gc,phases   ] GC(53) Concurrent Mark 16.619ms
[11.507s][info][gc,phases   ] GC(53) Pause Mark End 0.016ms
[11.507s][info][gc,phases   ] GC(53) Concurrent Mark Free 0.001ms
[11.508s][info][gc,phases   ] GC(53) Concurrent Process Non-Strong References 1.020ms
[11.508s][info][gc,phases   ] GC(53) Concurrent Reset Relocation Set 0.002ms
[11.514s][info][gc,phases   ] GC(53) Concurrent Select Relocation Set 5.672ms
[11.514s][info][gc,phases   ] GC(53) Pause Relocate Start 0.006ms
[11.515s][info][gc,phases   ] GC(53) Concurrent Relocate 1.562ms
[11.516s][info][gc,load     ] GC(53) Load: 0.00/0.00/0.00
[11.516s][info][gc,mmu      ] GC(53) MMU: 2ms/99.0%, 5ms/99.4%, 10ms/99.7%, 20ms/99.8%, 50ms/99.9%, 100ms/99.9%
[11.516s][info][gc,marking  ] GC(53) Mark: 4 stripe(s), 2 proactive flush(es), 1 terminate flush(es), 0 completion(s), 0 continuation(s) 
[11.516s][info][gc,marking  ] GC(53) Mark Stack Usage: 32M
[11.516s][info][gc,nmethod  ] GC(53) NMethods: 1343 registered, 51 unregistered
[11.516s][info][gc,metaspace] GC(53) Metaspace: 8M used, 8M committed, 1088M reserved
[11.516s][info][gc,ref      ] GC(53) Soft: 174 encountered, 0 discovered, 0 enqueued
[11.516s][info][gc,ref      ] GC(53) Weak: 570 encountered, 19 discovered, 0 enqueued
[11.516s][info][gc,ref      ] GC(53) Final: 0 encountered, 0 discovered, 0 enqueued
[11.516s][info][gc,ref      ] GC(53) Phantom: 21 encountered, 18 discovered, 0 enqueued
[11.516s][info][gc,reloc    ] GC(53) Small Pages: 243 / 486M, Empty: 460M, Relocated: 3M, In-Place: 0
[11.516s][info][gc,reloc    ] GC(53) Medium Pages: 1 / 32M, Empty: 0M, Relocated: 0M, In-Place: 0
[11.516s][info][gc,reloc    ] GC(53) Large Pages: 0 / 0M, Empty: 0M, Relocated: 0M, In-Place: 0
[11.516s][info][gc,reloc    ] GC(53) Forwarding Usage: 1M
[11.516s][info][gc,heap     ] GC(53) Min Capacity: 8M(1%)
[11.516s][info][gc,heap     ] GC(53) Max Capacity: 1024M(100%)
[11.516s][info][gc,heap     ] GC(53) Soft Max Capacity: 1024M(100%)
[11.516s][info][gc,heap     ] GC(53)                Mark Start          Mark End        Relocate Start      Relocate End           High               Low         
[11.516s][info][gc,heap     ] GC(53)  Capacity:     1024M (100%)       1024M (100%)       1024M (100%)       1024M (100%)       1024M (100%)       1024M (100%)   
[11.516s][info][gc,heap     ] GC(53)      Free:      506M (49%)         464M (45%)         906M (88%)         906M (88%)         912M (89%)         460M (45%)    
[11.516s][info][gc,heap     ] GC(53)      Used:      518M (51%)         560M (55%)         118M (12%)         118M (12%)         564M (55%)         112M (11%)    
[11.516s][info][gc,heap     ] GC(53)      Live:         -                13M (1%)           13M (1%)           13M (1%)             -                  -          
[11.516s][info][gc,heap     ] GC(53) Allocated:         -                42M (4%)           60M (6%)           63M (6%)             -                  -          
[11.516s][info][gc,heap     ] GC(53)   Garbage:         -               504M (49%)          44M (4%)           40M (4%)             -                  -          
[11.516s][info][gc,heap     ] GC(53) Reclaimed:         -                  -               460M (45%)         463M (45%)            -                  -          
[11.516s][info][gc          ] GC(53) Garbage Collection (Allocation Rate) 518M(51%)->118M(12%)
[11.689s][info][gc,start    ] GC(54) Garbage Collection (Allocation Rate)
[11.690s][info][gc,task     ] GC(54) Using 2 workers
[11.690s][info][gc,phases   ] GC(54) Pause Mark Start 0.015ms
[11.721s][info][gc,phases   ] GC(54) Concurrent Mark 31.624ms
[11.722s][info][gc,phases   ] GC(54) Pause Mark End 0.013ms
[11.722s][info][gc,phases   ] GC(54) Concurrent Mark Free 0.001ms
[11.724s][info][gc,phases   ] GC(54) Concurrent Process Non-Strong References 2.454ms
[11.724s][info][gc,phases   ] GC(54) Concurrent Reset Relocation Set 0.002ms
[11.728s][info][gc,phases   ] GC(54) Concurrent Select Relocation Set 3.944ms
[11.728s][info][gc,phases   ] GC(54) Pause Relocate Start 0.004ms
[11.732s][info][gc,phases   ] GC(54) Concurrent Relocate 3.674ms
[11.732s][info][gc,load     ] GC(54) Load: 0.00/0.00/0.00
[11.732s][info][gc,mmu      ] GC(54) MMU: 2ms/99.0%, 5ms/99.4%, 10ms/99.7%, 20ms/99.8%, 50ms/99.9%, 100ms/99.9%
[11.732s][info][gc,marking  ] GC(54) Mark: 2 stripe(s), 2 proactive flush(es), 1 terminate flush(es), 0 completion(s), 0 continuation(s) 
[11.732s][info][gc,marking  ] GC(54) Mark Stack Usage: 32M
[11.732s][info][gc,nmethod  ] GC(54) NMethods: 1343 registered, 51 unregistered
[11.732s][info][gc,metaspace] GC(54) Metaspace: 8M used, 8M committed, 1088M reserved
[11.732s][info][gc,ref      ] GC(54) Soft: 174 encountered, 0 discovered, 0 enqueued
[11.732s][info][gc,ref      ] GC(54) Weak: 570 encountered, 290 discovered, 0 enqueued
[11.732s][info][gc,ref      ] GC(54) Final: 0 encountered, 0 discovered, 0 enqueued
[11.732s][info][gc,ref      ] GC(54) Phantom: 21 encountered, 14 discovered, 0 enqueued
[11.732s][info][gc,reloc    ] GC(54) Small Pages: 216 / 432M, Empty: 402M, Relocated: 1M, In-Place: 0
[11.732s][info][gc,reloc    ] GC(54) Medium Pages: 2 / 64M, Empty: 0M, Relocated: 1M, In-Place: 0
[11.732s][info][gc,reloc    ] GC(54) Large Pages: 0 / 0M, Empty: 0M, Relocated: 0M, In-Place: 0
[11.732s][info][gc,reloc    ] GC(54) Forwarding Usage: 0M
[11.732s][info][gc,heap     ] GC(54) Min Capacity: 8M(1%)
[11.732s][info][gc,heap     ] GC(54) Max Capacity: 1024M(100%)
[11.732s][info][gc,heap     ] GC(54) Soft Max Capacity: 1024M(100%)
[11.732s][info][gc,heap     ] GC(54)                Mark Start          Mark End        Relocate Start      Relocate End           High               Low         
[11.732s][info][gc,heap     ] GC(54)  Capacity:     1024M (100%)       1024M (100%)       1024M (100%)       1024M (100%)       1024M (100%)       1024M (100%)   
[11.733s][info][gc,heap     ] GC(54)      Free:      528M (52%)         488M (48%)         872M (85%)         904M (88%)         912M (89%)         482M (47%)    
[11.733s][info][gc,heap     ] GC(54)      Used:      496M (48%)         536M (52%)         152M (15%)         120M (12%)         542M (53%)         112M (11%)    
[11.733s][info][gc,heap     ] GC(54)      Live:         -                14M (1%)           14M (1%)           14M (1%)             -                  -          
[11.733s][info][gc,heap     ] GC(54) Allocated:         -                40M (4%)           58M (6%)           67M (7%)             -                  -          
[11.733s][info][gc,heap     ] GC(54)   Garbage:         -               481M (47%)          79M (8%)           37M (4%)             -                  -          
[11.733s][info][gc,heap     ] GC(54) Reclaimed:         -                  -               402M (39%)         443M (43%)            -                  -          
[11.733s][info][gc          ] GC(54) Garbage Collection (Allocation Rate) 496M(48%)->120M(12%)
[11.889s][info][gc,start    ] GC(55) Garbage Collection (Allocation Rate)
[11.889s][info][gc,task     ] GC(55) Using 2 workers
[11.889s][info][gc,phases   ] GC(55) Pause Mark Start 0.015ms
[11.924s][info][gc,phases   ] GC(55) Concurrent Mark 34.590ms
[11.924s][info][gc,phases   ] GC(55) Pause Mark End 0.018ms
[11.924s][info][gc,phases   ] GC(55) Concurrent Mark Free 0.001ms
[11.927s][info][gc,phases   ] GC(55) Concurrent Process Non-Strong References 2.498ms
[11.927s][info][gc,phases   ] GC(55) Concurrent Reset Relocation Set 0.002ms
[11.932s][info][gc,phases   ] GC(55) Concurrent Select Relocation Set 4.755ms
[11.932s][info][gc,phases   ] GC(55) Pause Relocate Start 0.009ms
[11.933s][info][gc,phases   ] GC(55) Concurrent Relocate 1.195ms
[11.933s][info][gc,load     ] GC(55) Load: 0.00/0.00/0.00
[11.933s][info][gc,mmu      ] GC(55) MMU: 2ms/99.0%, 5ms/99.4%, 10ms/99.7%, 20ms/99.8%, 50ms/99.9%, 100ms/99.9%
[11.933s][info][gc,marking  ] GC(55) Mark: 2 stripe(s), 5 proactive flush(es), 1 terminate flush(es), 0 completion(s), 0 continuation(s) 
[11.933s][info][gc,marking  ] GC(55) Mark Stack Usage: 32M
[11.933s][info][gc,nmethod  ] GC(55) NMethods: 1343 registered, 51 unregistered
[11.933s][info][gc,metaspace] GC(55) Metaspace: 8M used, 8M committed, 1088M reserved
[11.933s][info][gc,ref      ] GC(55) Soft: 174 encountered, 0 discovered, 0 enqueued
[11.933s][info][gc,ref      ] GC(55) Weak: 570 encountered, 311 discovered, 0 enqueued
[11.933s][info][gc,ref      ] GC(55) Final: 0 encountered, 0 discovered, 0 enqueued
[11.933s][info][gc,ref      ] GC(55) Phantom: 21 encountered, 15 discovered, 0 enqueued
[11.933s][info][gc,reloc    ] GC(55) Small Pages: 254 / 508M, Empty: 468M, Relocated: 1M, In-Place: 0
[11.933s][info][gc,reloc    ] GC(55) Medium Pages: 1 / 32M, Empty: 0M, Relocated: 0M, In-Place: 0
[11.933s][info][gc,reloc    ] GC(55) Large Pages: 0 / 0M, Empty: 0M, Relocated: 0M, In-Place: 0
[11.933s][info][gc,reloc    ] GC(55) Forwarding Usage: 0M
[11.933s][info][gc,heap     ] GC(55) Min Capacity: 8M(1%)
[11.934s][info][gc,heap     ] GC(55) Max Capacity: 1024M(100%)
[11.934s][info][gc,heap     ] GC(55) Soft Max Capacity: 1024M(100%)
[11.934s][info][gc,heap     ] GC(55)                Mark Start          Mark End        Relocate Start      Relocate End           High               Low         
[11.934s][info][gc,heap     ] GC(55)  Capacity:     1024M (100%)       1024M (100%)       1024M (100%)       1024M (100%)       1024M (100%)       1024M (100%)   
[11.934s][info][gc,heap     ] GC(55)      Free:      484M (47%)         404M (39%)         856M (84%)         872M (85%)         872M (85%)         396M (39%)    
[11.934s][info][gc,heap     ] GC(55)      Used:      540M (53%)         620M (61%)         168M (16%)         152M (15%)         628M (61%)         152M (15%)    
[11.934s][info][gc,heap     ] GC(55)      Live:         -                15M (2%)           15M (2%)           15M (2%)             -                  -          
[11.934s][info][gc,heap     ] GC(55) Allocated:         -                80M (8%)           96M (9%)           97M (10%)            -                  -          
[11.934s][info][gc,heap     ] GC(55)   Garbage:         -               524M (51%)          56M (6%)           38M (4%)             -                  -          
[11.934s][info][gc,heap     ] GC(55) Reclaimed:         -                  -               468M (46%)         485M (47%)            -                  -          
[11.934s][info][gc          ] GC(55) Garbage Collection (Allocation Rate) 540M(53%)->152M(15%)
[12.102s][info][gc,start    ] GC(56) Garbage Collection (Allocation Rate)
[12.102s][info][gc,task     ] GC(56) Using 2 workers
[12.102s][info][gc,phases   ] GC(56) Pause Mark Start 0.013ms
[12.149s][info][gc,phases   ] GC(56) Concurrent Mark 46.489ms
[12.149s][info][gc,phases   ] GC(56) Pause Mark End 0.019ms
[12.149s][info][gc,phases   ] GC(56) Concurrent Mark Free 0.001ms
[12.152s][info][gc,phases   ] GC(56) Concurrent Process Non-Strong References 2.341ms
[12.152s][info][gc,phases   ] GC(56) Concurrent Reset Relocation Set 0.003ms
[12.157s][info][gc,phases   ] GC(56) Concurrent Select Relocation Set 5.630ms
[12.157s][info][gc,phases   ] GC(56) Pause Relocate Start 0.009ms
[12.165s][info][gc,phases   ] GC(56) Concurrent Relocate 7.632ms
[12.165s][info][gc,load     ] GC(56) Load: 0.00/0.00/0.00
[12.165s][info][gc,mmu      ] GC(56) MMU: 2ms/99.0%, 5ms/99.4%, 10ms/99.7%, 20ms/99.8%, 50ms/99.9%, 100ms/99.9%
[12.165s][info][gc,marking  ] GC(56) Mark: 2 stripe(s), 3 proactive flush(es), 1 terminate flush(es), 0 completion(s), 0 continuation(s) 
[12.165s][info][gc,marking  ] GC(56) Mark Stack Usage: 32M
[12.165s][info][gc,nmethod  ] GC(56) NMethods: 1343 registered, 51 unregistered
[12.165s][info][gc,metaspace] GC(56) Metaspace: 8M used, 8M committed, 1088M reserved
[12.165s][info][gc,ref      ] GC(56) Soft: 174 encountered, 0 discovered, 0 enqueued
[12.165s][info][gc,ref      ] GC(56) Weak: 570 encountered, 324 discovered, 0 enqueued
[12.165s][info][gc,ref      ] GC(56) Final: 0 encountered, 0 discovered, 0 enqueued
[12.165s][info][gc,ref      ] GC(56) Phantom: 21 encountered, 10 discovered, 0 enqueued
[12.165s][info][gc,reloc    ] GC(56) Small Pages: 277 / 554M, Empty: 512M, Relocated: 6M, In-Place: 0
[12.166s][info][gc,reloc    ] GC(56) Medium Pages: 2 / 64M, Empty: 0M, Relocated: 1M, In-Place: 0
[12.166s][info][gc,reloc    ] GC(56) Large Pages: 0 / 0M, Empty: 0M, Relocated: 0M, In-Place: 0
[12.166s][info][gc,reloc    ] GC(56) Forwarding Usage: 2M
[12.166s][info][gc,heap     ] GC(56) Min Capacity: 8M(1%)
[12.166s][info][gc,heap     ] GC(56) Max Capacity: 1024M(100%)
[12.166s][info][gc,heap     ] GC(56) Soft Max Capacity: 1024M(100%)
[12.166s][info][gc,heap     ] GC(56)                Mark Start          Mark End        Relocate Start      Relocate End           High               Low         
[12.166s][info][gc,heap     ] GC(56)  Capacity:     1024M (100%)       1024M (100%)       1024M (100%)       1024M (100%)       1024M (100%)       1024M (100%)   
[12.166s][info][gc,heap     ] GC(56)      Free:      406M (40%)         296M (29%)         786M (77%)         820M (80%)         832M (81%)         288M (28%)    
[12.166s][info][gc,heap     ] GC(56)      Used:      618M (60%)         728M (71%)         238M (23%)         204M (20%)         736M (72%)         192M (19%)    
[12.166s][info][gc,heap     ] GC(56)      Live:         -                17M (2%)           17M (2%)           17M (2%)             -                  -          
[12.166s][info][gc,heap     ] GC(56) Allocated:         -               110M (11%)         132M (13%)         151M (15%)            -                  -          
[12.166s][info][gc,heap     ] GC(56)   Garbage:         -               600M (59%)          88M (9%)           34M (3%)             -                  -          
[12.166s][info][gc,heap     ] GC(56) Reclaimed:         -                  -               512M (50%)         565M (55%)            -                  -          
[12.166s][info][gc          ] GC(56) Garbage Collection (Allocation Rate) 618M(60%)->204M(20%)
[12.303s][info][gc,start    ] GC(57) Garbage Collection (Allocation Rate)
[12.304s][info][gc,task     ] GC(57) Using 2 workers
[12.304s][info][gc,phases   ] GC(57) Pause Mark Start 0.015ms
[12.350s][info][gc,phases   ] GC(57) Concurrent Mark 46.524ms
[12.350s][info][gc,phases   ] GC(57) Pause Mark End 0.017ms
[12.350s][info][gc,phases   ] GC(57) Concurrent Mark Free 0.001ms
[12.353s][info][gc,phases   ] GC(57) Concurrent Process Non-Strong References 2.561ms
[12.353s][info][gc,phases   ] GC(57) Concurrent Reset Relocation Set 0.003ms
[12.357s][info][gc,phases   ] GC(57) Concurrent Select Relocation Set 4.029ms
[12.357s][info][gc,phases   ] GC(57) Pause Relocate Start 0.008ms
[12.361s][info][gc,phases   ] GC(57) Concurrent Relocate 3.145ms
[12.361s][info][gc,load     ] GC(57) Load: 0.00/0.00/0.00
[12.361s][info][gc,mmu      ] GC(57) MMU: 2ms/99.0%, 5ms/99.4%, 10ms/99.7%, 20ms/99.8%, 50ms/99.9%, 100ms/99.9%
[12.361s][info][gc,marking  ] GC(57) Mark: 2 stripe(s), 2 proactive flush(es), 1 terminate flush(es), 0 completion(s), 0 continuation(s) 
[12.361s][info][gc,marking  ] GC(57) Mark Stack Usage: 32M
[12.361s][info][gc,nmethod  ] GC(57) NMethods: 1343 registered, 51 unregistered
[12.361s][info][gc,metaspace] GC(57) Metaspace: 8M used, 8M committed, 1088M reserved
[12.361s][info][gc,ref      ] GC(57) Soft: 174 encountered, 0 discovered, 0 enqueued
[12.361s][info][gc,ref      ] GC(57) Weak: 570 encountered, 252 discovered, 0 enqueued
[12.361s][info][gc,ref      ] GC(57) Final: 0 encountered, 0 discovered, 0 enqueued
[12.361s][info][gc,ref      ] GC(57) Phantom: 21 encountered, 11 discovered, 0 enqueued
[12.361s][info][gc,reloc    ] GC(57) Small Pages: 260 / 520M, Empty: 484M, Relocated: 3M, In-Place: 0
[12.361s][info][gc,reloc    ] GC(57) Medium Pages: 1 / 32M, Empty: 0M, Relocated: 0M, In-Place: 0
[12.361s][info][gc,reloc    ] GC(57) Large Pages: 0 / 0M, Empty: 0M, Relocated: 0M, In-Place: 0
[12.361s][info][gc,reloc    ] GC(57) Forwarding Usage: 1M
[12.361s][info][gc,heap     ] GC(57) Min Capacity: 8M(1%)
[12.361s][info][gc,heap     ] GC(57) Max Capacity: 1024M(100%)
[12.361s][info][gc,heap     ] GC(57) Soft Max Capacity: 1024M(100%)
[12.361s][info][gc,heap     ] GC(57)                Mark Start          Mark End        Relocate Start      Relocate End           High               Low         
[12.361s][info][gc,heap     ] GC(57)  Capacity:     1024M (100%)       1024M (100%)       1024M (100%)       1024M (100%)       1024M (100%)       1024M (100%)   
[12.361s][info][gc,heap     ] GC(57)      Free:      472M (46%)         350M (34%)         818M (80%)         822M (80%)         824M (80%)         344M (34%)    
[12.361s][info][gc,heap     ] GC(57)      Used:      552M (54%)         674M (66%)         206M (20%)         202M (20%)         680M (66%)         200M (20%)    
[12.361s][info][gc,heap     ] GC(57)      Live:         -                18M (2%)           18M (2%)           18M (2%)             -                  -          
[12.361s][info][gc,heap     ] GC(57) Allocated:         -               122M (12%)         138M (13%)         145M (14%)            -                  -          
[12.361s][info][gc,heap     ] GC(57)   Garbage:         -               533M (52%)          49M (5%)           37M (4%)             -                  -          
[12.361s][info][gc,heap     ] GC(57) Reclaimed:         -                  -               484M (47%)         495M (48%)            -                  -          
[12.361s][info][gc          ] GC(57) Garbage Collection (Allocation Rate) 552M(54%)->202M(20%)
[12.590s][info][gc,start    ] GC(58) Garbage Collection (Allocation Rate)
[12.590s][info][gc,task     ] GC(58) Using 2 workers
[12.590s][info][gc,phases   ] GC(58) Pause Mark Start 0.018ms
[12.628s][info][gc,phases   ] GC(58) Concurrent Mark 38.570ms
[12.629s][info][gc,phases   ] GC(58) Pause Mark End 0.015ms
[12.629s][info][gc,phases   ] GC(58) Concurrent Mark Free 0.001ms
[12.631s][info][gc,phases   ] GC(58) Concurrent Process Non-Strong References 1.781ms
[12.631s][info][gc,phases   ] GC(58) Concurrent Reset Relocation Set 0.003ms
[12.635s][info][gc,phases   ] GC(58) Concurrent Select Relocation Set 3.979ms
[12.635s][info][gc,phases   ] GC(58) Pause Relocate Start 0.006ms
[12.636s][info][gc,phases   ] GC(58) Concurrent Relocate 1.446ms
[12.636s][info][gc,load     ] GC(58) Load: 0.00/0.00/0.00
[12.636s][info][gc,mmu      ] GC(58) MMU: 2ms/99.0%, 5ms/99.4%, 10ms/99.7%, 20ms/99.8%, 50ms/99.9%, 100ms/99.9%
[12.636s][info][gc,marking  ] GC(58) Mark: 2 stripe(s), 2 proactive flush(es), 1 terminate flush(es), 0 completion(s), 0 continuation(s) 
[12.636s][info][gc,marking  ] GC(58) Mark Stack Usage: 32M
[12.636s][info][gc,nmethod  ] GC(58) NMethods: 1343 registered, 51 unregistered
[12.636s][info][gc,metaspace] GC(58) Metaspace: 8M used, 8M committed, 1088M reserved
[12.636s][info][gc,ref      ] GC(58) Soft: 174 encountered, 0 discovered, 0 enqueued
[12.636s][info][gc,ref      ] GC(58) Weak: 570 encountered, 292 discovered, 0 enqueued
[12.636s][info][gc,ref      ] GC(58) Final: 0 encountered, 0 discovered, 0 enqueued
[12.636s][info][gc,ref      ] GC(58) Phantom: 21 encountered, 7 discovered, 0 enqueued
[12.637s][info][gc,reloc    ] GC(58) Small Pages: 310 / 620M, Empty: 580M, Relocated: 1M, In-Place: 0
[12.637s][info][gc,reloc    ] GC(58) Medium Pages: 2 / 64M, Empty: 0M, Relocated: 1M, In-Place: 0
[12.637s][info][gc,reloc    ] GC(58) Large Pages: 0 / 0M, Empty: 0M, Relocated: 0M, In-Place: 0
[12.637s][info][gc,reloc    ] GC(58) Forwarding Usage: 0M
[12.637s][info][gc,heap     ] GC(58) Min Capacity: 8M(1%)
[12.637s][info][gc,heap     ] GC(58) Max Capacity: 1024M(100%)
[12.637s][info][gc,heap     ] GC(58) Soft Max Capacity: 1024M(100%)
[12.637s][info][gc,heap     ] GC(58)                Mark Start          Mark End        Relocate Start      Relocate End           High               Low         
[12.637s][info][gc,heap     ] GC(58)  Capacity:     1024M (100%)       1024M (100%)       1024M (100%)       1024M (100%)       1024M (100%)       1024M (100%)   
[12.637s][info][gc,heap     ] GC(58)      Free:      340M (33%)         262M (26%)         826M (81%)         866M (85%)         866M (85%)         256M (25%)    
[12.637s][info][gc,heap     ] GC(58)      Used:      684M (67%)         762M (74%)         198M (19%)         158M (15%)         768M (75%)         158M (15%)    
[12.637s][info][gc,heap     ] GC(58)      Live:         -                20M (2%)           20M (2%)           20M (2%)             -                  -          
[12.637s][info][gc,heap     ] GC(58) Allocated:         -                78M (8%)           94M (9%)           97M (10%)            -                  -          
[12.637s][info][gc,heap     ] GC(58)   Garbage:         -               663M (65%)          83M (8%)           39M (4%)             -                  -          
[12.637s][info][gc,heap     ] GC(58) Reclaimed:         -                  -               580M (57%)         623M (61%)            -                  -          
[12.637s][info][gc          ] GC(58) Garbage Collection (Allocation Rate) 684M(67%)->158M(15%)
[12.889s][info][gc,start    ] GC(59) Garbage Collection (Allocation Rate)
[12.889s][info][gc,task     ] GC(59) Using 2 workers
[12.889s][info][gc,phases   ] GC(59) Pause Mark Start 0.019ms
[12.935s][info][gc,phases   ] GC(59) Concurrent Mark 45.555ms
[12.935s][info][gc,phases   ] GC(59) Pause Mark End 0.011ms
[12.935s][info][gc,phases   ] GC(59) Concurrent Mark Free 0.001ms
[12.938s][info][gc,phases   ] GC(59) Concurrent Process Non-Strong References 2.446ms
[12.938s][info][gc,phases   ] GC(59) Concurrent Reset Relocation Set 0.003ms
[12.943s][info][gc,phases   ] GC(59) Concurrent Select Relocation Set 5.498ms
[12.943s][info][gc,phases   ] GC(59) Pause Relocate Start 0.003ms
[12.947s][info][gc,phases   ] GC(59) Concurrent Relocate 3.477ms
[12.947s][info][gc,load     ] GC(59) Load: 0.00/0.00/0.00
[12.947s][info][gc,mmu      ] GC(59) MMU: 2ms/99.0%, 5ms/99.4%, 10ms/99.7%, 20ms/99.8%, 50ms/99.9%, 100ms/99.9%
[12.947s][info][gc,marking  ] GC(59) Mark: 2 stripe(s), 2 proactive flush(es), 1 terminate flush(es), 0 completion(s), 0 continuation(s) 
[12.947s][info][gc,marking  ] GC(59) Mark Stack Usage: 32M
[12.947s][info][gc,nmethod  ] GC(59) NMethods: 1343 registered, 51 unregistered
[12.947s][info][gc,metaspace] GC(59) Metaspace: 8M used, 8M committed, 1088M reserved
[12.947s][info][gc,ref      ] GC(59) Soft: 174 encountered, 0 discovered, 0 enqueued
[12.947s][info][gc,ref      ] GC(59) Weak: 570 encountered, 286 discovered, 0 enqueued
[12.947s][info][gc,ref      ] GC(59) Final: 0 encountered, 0 discovered, 0 enqueued
[12.947s][info][gc,ref      ] GC(59) Phantom: 21 encountered, 10 discovered, 0 enqueued
[12.947s][info][gc,reloc    ] GC(59) Small Pages: 350 / 700M, Empty: 648M, Relocated: 3M, In-Place: 0
[12.947s][info][gc,reloc    ] GC(59) Medium Pages: 2 / 64M, Empty: 0M, Relocated: 1M, In-Place: 0
[12.947s][info][gc,reloc    ] GC(59) Large Pages: 0 / 0M, Empty: 0M, Relocated: 0M, In-Place: 0
[12.947s][info][gc,reloc    ] GC(59) Forwarding Usage: 1M
[12.947s][info][gc,heap     ] GC(59) Min Capacity: 8M(1%)
[12.947s][info][gc,heap     ] GC(59) Max Capacity: 1024M(100%)
[12.947s][info][gc,heap     ] GC(59) Soft Max Capacity: 1024M(100%)
[12.947s][info][gc,heap     ] GC(59)                Mark Start          Mark End        Relocate Start      Relocate End           High               Low         
[12.947s][info][gc,heap     ] GC(59)  Capacity:     1024M (100%)       1024M (100%)       1024M (100%)       1024M (100%)       1024M (100%)       1024M (100%)   
[12.948s][info][gc,heap     ] GC(59)      Free:      260M (25%)         162M (16%)         796M (78%)         848M (83%)         848M (83%)         158M (15%)    
[12.948s][info][gc,heap     ] GC(59)      Used:      764M (75%)         862M (84%)         228M (22%)         176M (17%)         866M (85%)         176M (17%)    
[12.948s][info][gc,heap     ] GC(59)      Live:         -                22M (2%)           22M (2%)           22M (2%)             -                  -          
[12.948s][info][gc,heap     ] GC(59) Allocated:         -                98M (10%)         112M (11%)         113M (11%)            -                  -          
[12.948s][info][gc,heap     ] GC(59)   Garbage:         -               741M (72%)          93M (9%)           39M (4%)             -                  -          
[12.948s][info][gc,heap     ] GC(59) Reclaimed:         -                  -               648M (63%)         701M (69%)            -                  -          
[12.948s][info][gc          ] GC(59) Garbage Collection (Allocation Rate) 764M(75%)->176M(17%)
[13.090s][info][gc,start    ] GC(60) Garbage Collection (Allocation Rate)
[13.090s][info][gc,task     ] GC(60) Using 2 workers
[13.090s][info][gc,phases   ] GC(60) Pause Mark Start 0.015ms
[13.138s][info][gc,phases   ] GC(60) Concurrent Mark 47.568ms
[13.138s][info][gc,phases   ] GC(60) Pause Mark End 0.016ms
[13.138s][info][gc,phases   ] GC(60) Concurrent Mark Free 0.001ms
[13.140s][info][gc,phases   ] GC(60) Concurrent Process Non-Strong References 2.501ms
[13.140s][info][gc,phases   ] GC(60) Concurrent Reset Relocation Set 0.003ms
[13.148s][info][gc,phases   ] GC(60) Concurrent Select Relocation Set 7.392ms
[13.148s][info][gc,phases   ] GC(60) Pause Relocate Start 0.009ms
[13.156s][info][gc,phases   ] GC(60) Concurrent Relocate 8.073ms
[13.156s][info][gc,load     ] GC(60) Load: 0.00/0.00/0.00
[13.156s][info][gc,mmu      ] GC(60) MMU: 2ms/99.0%, 5ms/99.4%, 10ms/99.7%, 20ms/99.8%, 50ms/99.9%, 100ms/99.9%
[13.156s][info][gc,marking  ] GC(60) Mark: 2 stripe(s), 2 proactive flush(es), 1 terminate flush(es), 0 completion(s), 0 continuation(s) 
[13.156s][info][gc,marking  ] GC(60) Mark Stack Usage: 32M
[13.156s][info][gc,nmethod  ] GC(60) NMethods: 1343 registered, 51 unregistered
[13.156s][info][gc,metaspace] GC(60) Metaspace: 8M used, 8M committed, 1088M reserved
[13.156s][info][gc,ref      ] GC(60) Soft: 174 encountered, 0 discovered, 0 enqueued
[13.156s][info][gc,ref      ] GC(60) Weak: 570 encountered, 197 discovered, 0 enqueued
[13.157s][info][gc,ref      ] GC(60) Final: 0 encountered, 0 discovered, 0 enqueued
[13.157s][info][gc,ref      ] GC(60) Phantom: 21 encountered, 10 discovered, 0 enqueued
[13.157s][info][gc,reloc    ] GC(60) Small Pages: 251 / 502M, Empty: 450M, Relocated: 6M, In-Place: 0
[13.157s][info][gc,reloc    ] GC(60) Medium Pages: 1 / 32M, Empty: 0M, Relocated: 0M, In-Place: 0
[13.157s][info][gc,reloc    ] GC(60) Large Pages: 0 / 0M, Empty: 0M, Relocated: 0M, In-Place: 0
[13.157s][info][gc,reloc    ] GC(60) Forwarding Usage: 3M
[13.157s][info][gc,heap     ] GC(60) Min Capacity: 8M(1%)
[13.157s][info][gc,heap     ] GC(60) Max Capacity: 1024M(100%)
[13.157s][info][gc,heap     ] GC(60) Soft Max Capacity: 1024M(100%)
[13.157s][info][gc,heap     ] GC(60)                Mark Start          Mark End        Relocate Start      Relocate End           High               Low         
[13.157s][info][gc,heap     ] GC(60)  Capacity:     1024M (100%)       1024M (100%)       1024M (100%)       1024M (100%)       1024M (100%)       1024M (100%)   
[13.157s][info][gc,heap     ] GC(60)      Free:      490M (48%)         412M (40%)         840M (82%)         842M (82%)         854M (83%)         404M (39%)    
[13.157s][info][gc,heap     ] GC(60)      Used:      534M (52%)         612M (60%)         184M (18%)         182M (18%)         620M (61%)         170M (17%)    
[13.157s][info][gc,heap     ] GC(60)      Live:         -                23M (2%)           23M (2%)           23M (2%)             -                  -          
[13.157s][info][gc,heap     ] GC(60) Allocated:         -                78M (8%)          100M (10%)         119M (12%)            -                  -          
[13.157s][info][gc,heap     ] GC(60)   Garbage:         -               510M (50%)          60M (6%)           38M (4%)             -                  -          
[13.157s][info][gc,heap     ] GC(60) Reclaimed:         -                  -               450M (44%)         471M (46%)            -                  -          
[13.157s][info][gc          ] GC(60) Garbage Collection (Allocation Rate) 534M(52%)->182M(18%)
[13.389s][info][gc,start    ] GC(61) Garbage Collection (Allocation Rate)
[13.389s][info][gc,task     ] GC(61) Using 2 workers
[13.390s][info][gc,phases   ] GC(61) Pause Mark Start 0.010ms
[13.440s][info][gc,phases   ] GC(61) Concurrent Mark 50.587ms
[13.440s][info][gc,phases   ] GC(61) Pause Mark End 0.019ms
[13.440s][info][gc,phases   ] GC(61) Concurrent Mark Free 0.000ms
[13.443s][info][gc,phases   ] GC(61) Concurrent Process Non-Strong References 2.449ms
[13.443s][info][gc,phases   ] GC(61) Concurrent Reset Relocation Set 0.003ms
[13.445s][info][gc,phases   ] GC(61) Concurrent Select Relocation Set 2.617ms
[13.446s][info][gc,phases   ] GC(61) Pause Relocate Start 0.007ms
[13.452s][info][gc,phases   ] GC(61) Concurrent Relocate 6.845ms
[13.453s][info][gc,load     ] GC(61) Load: 0.00/0.00/0.00
[13.453s][info][gc,mmu      ] GC(61) MMU: 2ms/99.0%, 5ms/99.4%, 10ms/99.7%, 20ms/99.8%, 50ms/99.9%, 100ms/99.9%
[13.453s][info][gc,marking  ] GC(61) Mark: 2 stripe(s), 2 proactive flush(es), 1 terminate flush(es), 0 completion(s), 0 continuation(s) 
[13.453s][info][gc,marking  ] GC(61) Mark Stack Usage: 32M
[13.453s][info][gc,nmethod  ] GC(61) NMethods: 1343 registered, 51 unregistered
[13.453s][info][gc,metaspace] GC(61) Metaspace: 8M used, 8M committed, 1088M reserved
[13.453s][info][gc,ref      ] GC(61) Soft: 174 encountered, 0 discovered, 0 enqueued
[13.453s][info][gc,ref      ] GC(61) Weak: 570 encountered, 333 discovered, 0 enqueued
[13.453s][info][gc,ref      ] GC(61) Final: 0 encountered, 0 discovered, 0 enqueued
[13.453s][info][gc,ref      ] GC(61) Phantom: 21 encountered, 8 discovered, 0 enqueued
[13.453s][info][gc,reloc    ] GC(61) Small Pages: 329 / 658M, Empty: 606M, Relocated: 6M, In-Place: 0
[13.453s][info][gc,reloc    ] GC(61) Medium Pages: 2 / 64M, Empty: 0M, Relocated: 2M, In-Place: 0
[13.453s][info][gc,reloc    ] GC(61) Large Pages: 0 / 0M, Empty: 0M, Relocated: 0M, In-Place: 0
[13.453s][info][gc,reloc    ] GC(61) Forwarding Usage: 2M
[13.453s][info][gc,heap     ] GC(61) Min Capacity: 8M(1%)
[13.453s][info][gc,heap     ] GC(61) Max Capacity: 1024M(100%)
[13.453s][info][gc,heap     ] GC(61) Soft Max Capacity: 1024M(100%)
[13.453s][info][gc,heap     ] GC(61)                Mark Start          Mark End        Relocate Start      Relocate End           High               Low         
[13.453s][info][gc,heap     ] GC(61)  Capacity:     1024M (100%)       1024M (100%)       1024M (100%)       1024M (100%)       1024M (100%)       1024M (100%)   
[13.453s][info][gc,heap     ] GC(61)      Free:      302M (29%)         208M (20%)         804M (79%)         838M (82%)         848M (83%)         202M (20%)    
[13.453s][info][gc,heap     ] GC(61)      Used:      722M (71%)         816M (80%)         220M (21%)         186M (18%)         822M (80%)         176M (17%)    
[13.453s][info][gc,heap     ] GC(61)      Live:         -                25M (2%)           25M (2%)           25M (2%)             -                  -          
[13.453s][info][gc,heap     ] GC(61) Allocated:         -                94M (9%)          104M (10%)         121M (12%)            -                  -          
[13.453s][info][gc,heap     ] GC(61)   Garbage:         -               696M (68%)          90M (9%)           38M (4%)             -                  -          
[13.453s][info][gc,heap     ] GC(61) Reclaimed:         -                  -               606M (59%)         657M (64%)            -                  -          
[13.453s][info][gc          ] GC(61) Garbage Collection (Allocation Rate) 722M(71%)->186M(18%)
[13.589s][info][gc,start    ] GC(62) Garbage Collection (Allocation Rate)
[13.589s][info][gc,task     ] GC(62) Using 2 workers
[13.589s][info][gc,phases   ] GC(62) Pause Mark Start 0.015ms
[13.638s][info][gc,phases   ] GC(62) Concurrent Mark 48.615ms
[13.638s][info][gc,phases   ] GC(62) Pause Mark End 0.016ms
[13.638s][info][gc,phases   ] GC(62) Concurrent Mark Free 0.001ms
[13.641s][info][gc,phases   ] GC(62) Concurrent Process Non-Strong References 2.623ms
[13.641s][info][gc,phases   ] GC(62) Concurrent Reset Relocation Set 0.004ms
[13.649s][info][gc,phases   ] GC(62) Concurrent Select Relocation Set 8.321ms
[13.649s][info][gc,phases   ] GC(62) Pause Relocate Start 0.006ms
[13.655s][info][gc,phases   ] GC(62) Concurrent Relocate 5.775ms
[13.655s][info][gc,load     ] GC(62) Load: 0.00/0.00/0.00
[13.655s][info][gc,mmu      ] GC(62) MMU: 2ms/99.0%, 5ms/99.4%, 10ms/99.7%, 20ms/99.8%, 50ms/99.9%, 100ms/99.9%
[13.655s][info][gc,marking  ] GC(62) Mark: 2 stripe(s), 2 proactive flush(es), 1 terminate flush(es), 0 completion(s), 0 continuation(s) 
[13.655s][info][gc,marking  ] GC(62) Mark Stack Usage: 32M
[13.655s][info][gc,nmethod  ] GC(62) NMethods: 1343 registered, 51 unregistered
[13.655s][info][gc,metaspace] GC(62) Metaspace: 8M used, 8M committed, 1088M reserved
[13.655s][info][gc,ref      ] GC(62) Soft: 174 encountered, 0 discovered, 0 enqueued
[13.655s][info][gc,ref      ] GC(62) Weak: 570 encountered, 257 discovered, 0 enqueued
[13.655s][info][gc,ref      ] GC(62) Final: 0 encountered, 0 discovered, 0 enqueued
[13.655s][info][gc,ref      ] GC(62) Phantom: 21 encountered, 11 discovered, 0 enqueued
[13.655s][info][gc,reloc    ] GC(62) Small Pages: 248 / 496M, Empty: 440M, Relocated: 6M, In-Place: 0
[13.655s][info][gc,reloc    ] GC(62) Medium Pages: 2 / 64M, Empty: 0M, Relocated: 2M, In-Place: 0
[13.655s][info][gc,reloc    ] GC(62) Large Pages: 0 / 0M, Empty: 0M, Relocated: 0M, In-Place: 0
[13.656s][info][gc,reloc    ] GC(62) Forwarding Usage: 2M
[13.656s][info][gc,heap     ] GC(62) Min Capacity: 8M(1%)
[13.656s][info][gc,heap     ] GC(62) Max Capacity: 1024M(100%)
[13.656s][info][gc,heap     ] GC(62) Soft Max Capacity: 1024M(100%)
[13.656s][info][gc,heap     ] GC(62)                Mark Start          Mark End        Relocate Start      Relocate End           High               Low         
[13.656s][info][gc,heap     ] GC(62)  Capacity:     1024M (100%)       1024M (100%)       1024M (100%)       1024M (100%)       1024M (100%)       1024M (100%)   
[13.656s][info][gc,heap     ] GC(62)      Free:      464M (45%)         342M (33%)         758M (74%)         802M (78%)         808M (79%)         334M (33%)    
[13.656s][info][gc,heap     ] GC(62)      Used:      560M (55%)         682M (67%)         266M (26%)         222M (22%)         690M (67%)         216M (21%)    
[13.656s][info][gc,heap     ] GC(62)      Live:         -                26M (3%)           26M (3%)           26M (3%)             -                  -          
[13.656s][info][gc,heap     ] GC(62) Allocated:         -               122M (12%)         146M (14%)         159M (16%)            -                  -          
[13.656s][info][gc,heap     ] GC(62)   Garbage:         -               533M (52%)          93M (9%)           35M (3%)             -                  -          
[13.656s][info][gc,heap     ] GC(62) Reclaimed:         -                  -               440M (43%)         497M (49%)            -                  -          
[13.656s][info][gc          ] GC(62) Garbage Collection (Allocation Rate) 560M(55%)->222M(22%)
[13.789s][info][gc,start    ] GC(63) Garbage Collection (Allocation Rate)
[13.789s][info][gc,task     ] GC(63) Using 2 workers
[13.789s][info][gc,phases   ] GC(63) Pause Mark Start 0.014ms
[13.843s][info][gc,phases   ] GC(63) Concurrent Mark 53.599ms
[13.843s][info][gc,phases   ] GC(63) Pause Mark End 0.019ms
[13.843s][info][gc,phases   ] GC(63) Concurrent Mark Free 0.001ms
[13.845s][info][gc,phases   ] GC(63) Concurrent Process Non-Strong References 2.027ms
[13.845s][info][gc,phases   ] GC(63) Concurrent Reset Relocation Set 0.003ms
[13.849s][info][gc,phases   ] GC(63) Concurrent Select Relocation Set 4.072ms
[13.849s][info][gc,phases   ] GC(63) Pause Relocate Start 0.009ms
[13.852s][info][gc,phases   ] GC(63) Concurrent Relocate 2.499ms
[13.852s][info][gc,load     ] GC(63) Load: 0.00/0.00/0.00
[13.852s][info][gc,mmu      ] GC(63) MMU: 2ms/99.0%, 5ms/99.4%, 10ms/99.7%, 20ms/99.8%, 50ms/99.9%, 100ms/99.9%
[13.852s][info][gc,marking  ] GC(63) Mark: 2 stripe(s), 2 proactive flush(es), 1 terminate flush(es), 0 completion(s), 0 continuation(s) 
[13.852s][info][gc,marking  ] GC(63) Mark Stack Usage: 32M
[13.852s][info][gc,nmethod  ] GC(63) NMethods: 1343 registered, 51 unregistered
[13.852s][info][gc,metaspace] GC(63) Metaspace: 8M used, 8M committed, 1088M reserved
[13.852s][info][gc,ref      ] GC(63) Soft: 174 encountered, 0 discovered, 0 enqueued
[13.852s][info][gc,ref      ] GC(63) Weak: 570 encountered, 266 discovered, 0 enqueued
[13.852s][info][gc,ref      ] GC(63) Final: 0 encountered, 0 discovered, 0 enqueued
[13.852s][info][gc,ref      ] GC(63) Phantom: 21 encountered, 12 discovered, 0 enqueued
[13.852s][info][gc,reloc    ] GC(63) Small Pages: 265 / 530M, Empty: 476M, Relocated: 3M, In-Place: 0
[13.852s][info][gc,reloc    ] GC(63) Medium Pages: 1 / 32M, Empty: 0M, Relocated: 0M, In-Place: 0
[13.852s][info][gc,reloc    ] GC(63) Large Pages: 0 / 0M, Empty: 0M, Relocated: 0M, In-Place: 0
[13.852s][info][gc,reloc    ] GC(63) Forwarding Usage: 1M
[13.852s][info][gc,heap     ] GC(63) Min Capacity: 8M(1%)
[13.852s][info][gc,heap     ] GC(63) Max Capacity: 1024M(100%)
[13.852s][info][gc,heap     ] GC(63) Soft Max Capacity: 1024M(100%)
[13.852s][info][gc,heap     ] GC(63)                Mark Start          Mark End        Relocate Start      Relocate End           High               Low         
[13.852s][info][gc,heap     ] GC(63)  Capacity:     1024M (100%)       1024M (100%)       1024M (100%)       1024M (100%)       1024M (100%)       1024M (100%)   
[13.853s][info][gc,heap     ] GC(63)      Free:      462M (45%)         320M (31%)         780M (76%)         796M (78%)         796M (78%)         314M (31%)    
[13.853s][info][gc,heap     ] GC(63)      Used:      562M (55%)         704M (69%)         244M (24%)         228M (22%)         710M (69%)         228M (22%)    
[13.853s][info][gc,heap     ] GC(63)      Live:         -                28M (3%)           28M (3%)           28M (3%)             -                  -          
[13.853s][info][gc,heap     ] GC(63) Allocated:         -               142M (14%)         158M (15%)         163M (16%)            -                  -          
[13.853s][info][gc,heap     ] GC(63)   Garbage:         -               533M (52%)          57M (6%)           35M (4%)             -                  -          
[13.853s][info][gc,heap     ] GC(63) Reclaimed:         -                  -               476M (46%)         497M (49%)            -                  -          
[13.853s][info][gc          ] GC(63) Garbage Collection (Allocation Rate) 562M(55%)->228M(22%)
[14.089s][info][gc,start    ] GC(64) Garbage Collection (Allocation Rate)
[14.090s][info][gc,task     ] GC(64) Using 1 workers
[14.090s][info][gc,phases   ] GC(64) Pause Mark Start 0.016ms
[14.202s][info][gc,phases   ] GC(64) Concurrent Mark 112.431ms
[14.202s][info][gc,phases   ] GC(64) Pause Mark End 0.019ms
[14.202s][info][gc,phases   ] GC(64) Concurrent Mark Free 0.001ms
[14.207s][info][gc,phases   ] GC(64) Concurrent Process Non-Strong References 4.565ms
[14.207s][info][gc,phases   ] GC(64) Concurrent Reset Relocation Set 0.003ms
[14.211s][info][gc,phases   ] GC(64) Concurrent Select Relocation Set 3.768ms
[14.211s][info][gc,phases   ] GC(64) Pause Relocate Start 0.007ms
[14.219s][info][gc,phases   ] GC(64) Concurrent Relocate 8.301ms
[14.219s][info][gc,load     ] GC(64) Load: 0.00/0.00/0.00
[14.219s][info][gc,mmu      ] GC(64) MMU: 2ms/99.0%, 5ms/99.4%, 10ms/99.7%, 20ms/99.8%, 50ms/99.9%, 100ms/99.9%
[14.220s][info][gc,marking  ] GC(64) Mark: 1 stripe(s), 2 proactive flush(es), 1 terminate flush(es), 0 completion(s), 0 continuation(s) 
[14.220s][info][gc,marking  ] GC(64) Mark Stack Usage: 32M
[14.220s][info][gc,nmethod  ] GC(64) NMethods: 1343 registered, 51 unregistered
[14.220s][info][gc,metaspace] GC(64) Metaspace: 8M used, 8M committed, 1088M reserved
[14.220s][info][gc,ref      ] GC(64) Soft: 174 encountered, 0 discovered, 0 enqueued
[14.220s][info][gc,ref      ] GC(64) Weak: 570 encountered, 424 discovered, 0 enqueued
[14.220s][info][gc,ref      ] GC(64) Final: 0 encountered, 0 discovered, 0 enqueued
[14.220s][info][gc,ref      ] GC(64) Phantom: 21 encountered, 17 discovered, 0 enqueued
[14.220s][info][gc,reloc    ] GC(64) Small Pages: 194 / 388M, Empty: 328M, Relocated: 3M, In-Place: 0
[14.220s][info][gc,reloc    ] GC(64) Medium Pages: 2 / 64M, Empty: 0M, Relocated: 3M, In-Place: 0
[14.220s][info][gc,reloc    ] GC(64) Large Pages: 0 / 0M, Empty: 0M, Relocated: 0M, In-Place: 0
[14.220s][info][gc,reloc    ] GC(64) Forwarding Usage: 1M
[14.220s][info][gc,heap     ] GC(64) Min Capacity: 8M(1%)
[14.220s][info][gc,heap     ] GC(64) Max Capacity: 1024M(100%)
[14.220s][info][gc,heap     ] GC(64) Soft Max Capacity: 1024M(100%)
[14.220s][info][gc,heap     ] GC(64)                Mark Start          Mark End        Relocate Start      Relocate End           High               Low         
[14.220s][info][gc,heap     ] GC(64)  Capacity:     1024M (100%)       1024M (100%)       1024M (100%)       1024M (100%)       1024M (100%)       1024M (100%)   
[14.220s][info][gc,heap     ] GC(64)      Free:      572M (56%)         528M (52%)         856M (84%)         900M (88%)         900M (88%)         528M (52%)    
[14.220s][info][gc,heap     ] GC(64)      Used:      452M (44%)         496M (48%)         168M (16%)         124M (12%)         496M (48%)         124M (12%)    
[14.220s][info][gc,heap     ] GC(64)      Live:         -                43M (4%)           43M (4%)           43M (4%)             -                  -          
[14.220s][info][gc,heap     ] GC(64) Allocated:         -                44M (4%)           44M (4%)           43M (4%)             -                  -          
[14.220s][info][gc,heap     ] GC(64)   Garbage:         -               408M (40%)          80M (8%)           36M (4%)             -                  -          
[14.220s][info][gc,heap     ] GC(64) Reclaimed:         -                  -               328M (32%)         371M (36%)            -                  -          
[14.220s][info][gc          ] GC(64) Garbage Collection (Allocation Rate) 452M(44%)->124M(12%)
[14.394s][info][gc,start    ] GC(65) Garbage Collection (Allocation Rate)
[14.394s][info][gc,task     ] GC(65) Using 5 workers
[14.394s][info][gc,phases   ] GC(65) Pause Mark Start 0.013ms
[14.425s][info][gc,phases   ] GC(65) Concurrent Mark 30.950ms
[14.487s][info][gc,phases   ] GC(65) Pause Mark End 0.021ms
[14.488s][info][gc,phases   ] GC(65) Concurrent Mark Free 0.002ms
[14.489s][info][gc,phases   ] GC(65) Concurrent Process Non-Strong References 1.202ms
[14.489s][info][gc,phases   ] GC(65) Concurrent Reset Relocation Set 0.002ms
[14.494s][info][gc,phases   ] GC(65) Concurrent Select Relocation Set 5.380ms
[14.494s][info][gc,phases   ] GC(65) Pause Relocate Start 0.008ms
[14.498s][info][gc,phases   ] GC(65) Concurrent Relocate 3.802ms
[14.498s][info][gc,load     ] GC(65) Load: 0.00/0.00/0.00
[14.498s][info][gc,mmu      ] GC(65) MMU: 2ms/98.9%, 5ms/99.4%, 10ms/99.7%, 20ms/99.8%, 50ms/99.9%, 100ms/99.9%
[14.498s][info][gc,marking  ] GC(65) Mark: 4 stripe(s), 2 proactive flush(es), 1 terminate flush(es), 0 completion(s), 0 continuation(s) 
[14.498s][info][gc,marking  ] GC(65) Mark Stack Usage: 32M
[14.498s][info][gc,nmethod  ] GC(65) NMethods: 1345 registered, 51 unregistered
[14.498s][info][gc,metaspace] GC(65) Metaspace: 8M used, 8M committed, 1088M reserved
[14.498s][info][gc,ref      ] GC(65) Soft: 174 encountered, 0 discovered, 0 enqueued
[14.499s][info][gc,ref      ] GC(65) Weak: 570 encountered, 107 discovered, 0 enqueued
[14.499s][info][gc,ref      ] GC(65) Final: 0 encountered, 0 discovered, 0 enqueued
[14.499s][info][gc,ref      ] GC(65) Phantom: 21 encountered, 11 discovered, 0 enqueued
[14.499s][info][gc,reloc    ] GC(65) Small Pages: 50 / 100M, Empty: 62M, Relocated: 3M, In-Place: 0
[14.499s][info][gc,reloc    ] GC(65) Medium Pages: 2 / 64M, Empty: 32M, Relocated: 0M, In-Place: 0
[14.499s][info][gc,reloc    ] GC(65) Large Pages: 0 / 0M, Empty: 0M, Relocated: 0M, In-Place: 0
[14.499s][info][gc,reloc    ] GC(65) Forwarding Usage: 1M
[14.499s][info][gc,heap     ] GC(65) Min Capacity: 8M(1%)
[14.499s][info][gc,heap     ] GC(65) Max Capacity: 1024M(100%)
[14.499s][info][gc,heap     ] GC(65) Soft Max Capacity: 1024M(100%)
[14.499s][info][gc,heap     ] GC(65)                Mark Start          Mark End        Relocate Start      Relocate End           High               Low         
[14.499s][info][gc,heap     ] GC(65)  Capacity:     1024M (100%)       1024M (100%)       1024M (100%)       1024M (100%)       1024M (100%)       1024M (100%)   
[14.499s][info][gc,heap     ] GC(65)      Free:      860M (84%)         850M (83%)         944M (92%)         944M (92%)         944M (92%)         850M (83%)    
[14.499s][info][gc,heap     ] GC(65)      Used:      164M (16%)         174M (17%)          80M (8%)           80M (8%)          174M (17%)          80M (8%)     
[14.499s][info][gc,heap     ] GC(65)      Live:         -                30M (3%)           30M (3%)           30M (3%)             -                  -          
[14.499s][info][gc,heap     ] GC(65) Allocated:         -                10M (1%)           10M (1%)           10M (1%)             -                  -          
[14.499s][info][gc,heap     ] GC(65)   Garbage:         -               133M (13%)          39M (4%)           39M (4%)             -                  -          
[14.499s][info][gc,heap     ] GC(65) Reclaimed:         -                  -                94M (9%)           94M (9%)             -                  -          
[14.499s][info][gc          ] GC(65) Garbage Collection (Allocation Rate) 164M(16%)->80M(8%)
[14.499s][info][gc,start    ] GC(66) Garbage Collection (System.gc())
[14.499s][info][gc,task     ] GC(66) Using 10 workers
[14.499s][info][gc,phases   ] GC(66) Pause Mark Start 0.012ms
[14.519s][info][gc,phases   ] GC(66) Concurrent Mark 19.251ms
[14.519s][info][gc,phases   ] GC(66) Pause Mark End 0.013ms
[14.519s][info][gc,phases   ] GC(66) Concurrent Mark Free 0.001ms
[14.519s][info][gc,phases   ] GC(66) Concurrent Process Non-Strong References 0.634ms
[14.519s][info][gc,phases   ] GC(66) Concurrent Reset Relocation Set 0.001ms
[14.523s][info][gc,phases   ] GC(66) Concurrent Select Relocation Set 3.621ms
[14.523s][info][gc,phases   ] GC(66) Pause Relocate Start 0.006ms
[14.525s][info][gc,phases   ] GC(66) Concurrent Relocate 2.131ms
[14.525s][info][gc,load     ] GC(66) Load: 0.00/0.00/0.00
[14.525s][info][gc,mmu      ] GC(66) MMU: 2ms/98.9%, 5ms/99.4%, 10ms/99.7%, 20ms/99.8%, 50ms/99.9%, 100ms/99.9%
[14.525s][info][gc,marking  ] GC(66) Mark: 8 stripe(s), 4 proactive flush(es), 1 terminate flush(es), 0 completion(s), 0 continuation(s) 
[14.525s][info][gc,marking  ] GC(66) Mark Stack Usage: 32M
[14.526s][info][gc,nmethod  ] GC(66) NMethods: 1344 registered, 52 unregistered
[14.526s][info][gc,metaspace] GC(66) Metaspace: 8M used, 8M committed, 1088M reserved
[14.526s][info][gc,ref      ] GC(66) Soft: 174 encountered, 0 discovered, 0 enqueued
[14.526s][info][gc,ref      ] GC(66) Weak: 570 encountered, 11 discovered, 0 enqueued
[14.526s][info][gc,ref      ] GC(66) Final: 0 encountered, 0 discovered, 0 enqueued
[14.526s][info][gc,ref      ] GC(66) Phantom: 21 encountered, 12 discovered, 0 enqueued
[14.526s][info][gc,reloc    ] GC(66) Small Pages: 24 / 48M, Empty: 36M, Relocated: 1M, In-Place: 0
[14.526s][info][gc,reloc    ] GC(66) Medium Pages: 1 / 32M, Empty: 32M, Relocated: 0M, In-Place: 0
[14.526s][info][gc,reloc    ] GC(66) Large Pages: 0 / 0M, Empty: 0M, Relocated: 0M, In-Place: 0
[14.526s][info][gc,reloc    ] GC(66) Forwarding Usage: 0M
[14.526s][info][gc,heap     ] GC(66) Min Capacity: 8M(1%)
[14.526s][info][gc,heap     ] GC(66) Max Capacity: 1024M(100%)
[14.526s][info][gc,heap     ] GC(66) Soft Max Capacity: 1024M(100%)
[14.526s][info][gc,heap     ] GC(66)                Mark Start          Mark End        Relocate Start      Relocate End           High               Low         
[14.526s][info][gc,heap     ] GC(66)  Capacity:     1024M (100%)       1024M (100%)       1024M (100%)       1024M (100%)       1024M (100%)       1024M (100%)   
[14.526s][info][gc,heap     ] GC(66)      Free:      944M (92%)         944M (92%)        1012M (99%)        1012M (99%)        1012M (99%)         944M (92%)    
[14.526s][info][gc,heap     ] GC(66)      Used:       80M (8%)           80M (8%)           12M (1%)           12M (1%)           80M (8%)           12M (1%)     
[14.526s][info][gc,heap     ] GC(66)      Live:         -                 4M (0%)            4M (0%)            4M (0%)             -                  -          
[14.526s][info][gc,heap     ] GC(66) Allocated:         -                 0M (0%)            0M (0%)            0M (0%)             -                  -          
[14.526s][info][gc,heap     ] GC(66)   Garbage:         -                75M (7%)            7M (1%)            7M (1%)             -                  -          
[14.526s][info][gc,heap     ] GC(66) Reclaimed:         -                  -                68M (7%)           68M (7%)             -                  -          
[14.526s][info][gc          ] GC(66) Garbage Collection (System.gc()) 80M(8%)->12M(1%)
[14.590s][info][gc,start    ] GC(67) Garbage Collection (Allocation Rate)
[14.590s][info][gc,task     ] GC(67) Using 10 workers
[14.590s][info][gc,phases   ] GC(67) Pause Mark Start 0.010ms
[14.597s][info][gc,phases   ] GC(67) Concurrent Mark 6.758ms
[14.597s][info][gc,phases   ] GC(67) Pause Mark End 0.017ms
[14.597s][info][gc,phases   ] GC(67) Concurrent Mark Free 0.001ms
[14.598s][info][gc,phases   ] GC(67) Concurrent Process Non-Strong References 0.805ms
[14.598s][info][gc,phases   ] GC(67) Concurrent Reset Relocation Set 0.001ms
[14.603s][info][gc,phases   ] GC(67) Concurrent Select Relocation Set 4.694ms
[14.603s][info][gc,phases   ] GC(67) Pause Relocate Start 0.009ms
[14.606s][info][gc,phases   ] GC(67) Concurrent Relocate 2.635ms
[14.606s][info][gc,load     ] GC(67) Load: 0.00/0.00/0.00
[14.606s][info][gc,mmu      ] GC(67) MMU: 2ms/98.9%, 5ms/99.4%, 10ms/99.7%, 20ms/99.8%, 50ms/99.9%, 100ms/99.9%
[14.606s][info][gc,marking  ] GC(67) Mark: 8 stripe(s), 2 proactive flush(es), 1 terminate flush(es), 0 completion(s), 0 continuation(s) 
[14.606s][info][gc,marking  ] GC(67) Mark Stack Usage: 32M
[14.606s][info][gc,nmethod  ] GC(67) NMethods: 1346 registered, 52 unregistered
[14.606s][info][gc,metaspace] GC(67) Metaspace: 8M used, 8M committed, 1088M reserved
[14.606s][info][gc,ref      ] GC(67) Soft: 174 encountered, 0 discovered, 0 enqueued
[14.606s][info][gc,ref      ] GC(67) Weak: 570 encountered, 196 discovered, 0 enqueued
[14.606s][info][gc,ref      ] GC(67) Final: 0 encountered, 0 discovered, 0 enqueued
[14.606s][info][gc,ref      ] GC(67) Phantom: 21 encountered, 16 discovered, 0 enqueued
[14.606s][info][gc,reloc    ] GC(67) Small Pages: 71 / 142M, Empty: 112M, Relocated: 3M, In-Place: 0
[14.606s][info][gc,reloc    ] GC(67) Medium Pages: 0 / 0M, Empty: 0M, Relocated: 0M, In-Place: 0
[14.606s][info][gc,reloc    ] GC(67) Large Pages: 0 / 0M, Empty: 0M, Relocated: 0M, In-Place: 0
[14.606s][info][gc,reloc    ] GC(67) Forwarding Usage: 1M
[14.606s][info][gc,heap     ] GC(67) Min Capacity: 8M(1%)
[14.606s][info][gc,heap     ] GC(67) Max Capacity: 1024M(100%)
[14.606s][info][gc,heap     ] GC(67) Soft Max Capacity: 1024M(100%)
[14.606s][info][gc,heap     ] GC(67)                Mark Start          Mark End        Relocate Start      Relocate End           High               Low         
[14.606s][info][gc,heap     ] GC(67)  Capacity:     1024M (100%)       1024M (100%)       1024M (100%)       1024M (100%)       1024M (100%)       1024M (100%)   
[14.606s][info][gc,heap     ] GC(67)      Free:      882M (86%)         868M (85%)         970M (95%)         972M (95%)         974M (95%)         862M (84%)    
[14.606s][info][gc,heap     ] GC(67)      Used:      142M (14%)         156M (15%)          54M (5%)           52M (5%)          162M (16%)          50M (5%)     
[14.606s][info][gc,heap     ] GC(67)      Live:         -                 4M (0%)            4M (0%)            4M (0%)             -                  -          
[14.606s][info][gc,heap     ] GC(67) Allocated:         -                14M (1%)           24M (2%)           29M (3%)             -                  -          
[14.606s][info][gc,heap     ] GC(67)   Garbage:         -               137M (13%)          25M (2%)           17M (2%)             -                  -          
[14.606s][info][gc,heap     ] GC(67) Reclaimed:         -                  -               112M (11%)         119M (12%)            -                  -          
[14.606s][info][gc          ] GC(67) Garbage Collection (Allocation Rate) 142M(14%)->52M(5%)
[14.690s][info][gc,start    ] GC(68) Garbage Collection (Allocation Rate)
[14.690s][info][gc,task     ] GC(68) Using 10 workers
[14.690s][info][gc,phases   ] GC(68) Pause Mark Start 0.015ms
[14.697s][info][gc,phases   ] GC(68) Concurrent Mark 6.646ms
[14.697s][info][gc,phases   ] GC(68) Pause Mark End 0.018ms
[14.697s][info][gc,phases   ] GC(68) Concurrent Mark Free 0.001ms
[14.698s][info][gc,phases   ] GC(68) Concurrent Process Non-Strong References 0.723ms
[14.698s][info][gc,phases   ] GC(68) Concurrent Reset Relocation Set 0.002ms
[14.701s][info][gc,phases   ] GC(68) Concurrent Select Relocation Set 3.684ms
[14.702s][info][gc,phases   ] GC(68) Pause Relocate Start 0.010ms
[14.704s][info][gc,phases   ] GC(68) Concurrent Relocate 2.262ms
[14.704s][info][gc,load     ] GC(68) Load: 0.00/0.00/0.00
[14.704s][info][gc,mmu      ] GC(68) MMU: 2ms/98.9%, 5ms/99.4%, 10ms/99.7%, 20ms/99.8%, 50ms/99.9%, 100ms/99.9%
[14.704s][info][gc,marking  ] GC(68) Mark: 8 stripe(s), 4 proactive flush(es), 1 terminate flush(es), 0 completion(s), 0 continuation(s) 
[14.704s][info][gc,marking  ] GC(68) Mark Stack Usage: 32M
[14.704s][info][gc,nmethod  ] GC(68) NMethods: 1346 registered, 52 unregistered
[14.704s][info][gc,metaspace] GC(68) Metaspace: 8M used, 8M committed, 1088M reserved
[14.704s][info][gc,ref      ] GC(68) Soft: 174 encountered, 0 discovered, 0 enqueued
[14.704s][info][gc,ref      ] GC(68) Weak: 570 encountered, 21 discovered, 0 enqueued
[14.704s][info][gc,ref      ] GC(68) Final: 0 encountered, 0 discovered, 0 enqueued
[14.704s][info][gc,ref      ] GC(68) Phantom: 21 encountered, 18 discovered, 0 enqueued
[14.704s][info][gc,reloc    ] GC(68) Small Pages: 139 / 278M, Empty: 248M, Relocated: 2M, In-Place: 0
[14.704s][info][gc,reloc    ] GC(68) Medium Pages: 0 / 0M, Empty: 0M, Relocated: 0M, In-Place: 0
[14.704s][info][gc,reloc    ] GC(68) Large Pages: 0 / 0M, Empty: 0M, Relocated: 0M, In-Place: 0
[14.704s][info][gc,reloc    ] GC(68) Forwarding Usage: 0M
[14.704s][info][gc,heap     ] GC(68) Min Capacity: 8M(1%)
[14.704s][info][gc,heap     ] GC(68) Max Capacity: 1024M(100%)
[14.704s][info][gc,heap     ] GC(68) Soft Max Capacity: 1024M(100%)
[14.705s][info][gc,heap     ] GC(68)                Mark Start          Mark End        Relocate Start      Relocate End           High               Low         
[14.705s][info][gc,heap     ] GC(68)  Capacity:     1024M (100%)       1024M (100%)       1024M (100%)       1024M (100%)       1024M (100%)       1024M (100%)   
[14.705s][info][gc,heap     ] GC(68)      Free:      746M (73%)         732M (71%)         966M (94%)         966M (94%)         968M (95%)         728M (71%)    
[14.705s][info][gc,heap     ] GC(68)      Used:      278M (27%)         292M (29%)          58M (6%)           58M (6%)          296M (29%)          56M (5%)     
[14.705s][info][gc,heap     ] GC(68)      Live:         -                 5M (1%)            5M (1%)            5M (1%)             -                  -          
[14.705s][info][gc,heap     ] GC(68) Allocated:         -                14M (1%)           28M (3%)           33M (3%)             -                  -          
[14.705s][info][gc,heap     ] GC(68)   Garbage:         -               272M (27%)          24M (2%)           18M (2%)             -                  -          
[14.705s][info][gc,heap     ] GC(68) Reclaimed:         -                  -               248M (24%)         253M (25%)            -                  -          
[14.705s][info][gc          ] GC(68) Garbage Collection (Allocation Rate) 278M(27%)->58M(6%)
[14.902s][info][gc,start    ] GC(69) Garbage Collection (Allocation Rate)
[14.902s][info][gc,task     ] GC(69) Using 10 workers
[14.902s][info][gc,phases   ] GC(69) Pause Mark Start 0.017ms
[14.917s][info][gc,phases   ] GC(69) Concurrent Mark 15.299ms
[14.918s][info][gc,phases   ] GC(69) Pause Mark End 0.016ms
[14.918s][info][gc,phases   ] GC(69) Concurrent Mark Free 0.001ms
[14.918s][info][gc,phases   ] GC(69) Concurrent Process Non-Strong References 0.713ms
[14.918s][info][gc,phases   ] GC(69) Concurrent Reset Relocation Set 0.003ms
[14.924s][info][gc,phases   ] GC(69) Concurrent Select Relocation Set 5.759ms
[14.924s][info][gc,phases   ] GC(69) Pause Relocate Start 0.007ms
[14.929s][info][gc,phases   ] GC(69) Concurrent Relocate 4.921ms
[14.929s][info][gc,load     ] GC(69) Load: 0.00/0.00/0.00
[14.929s][info][gc,mmu      ] GC(69) MMU: 2ms/98.9%, 5ms/99.4%, 10ms/99.7%, 20ms/99.8%, 50ms/99.9%, 100ms/99.9%
[14.929s][info][gc,marking  ] GC(69) Mark: 8 stripe(s), 2 proactive flush(es), 1 terminate flush(es), 0 completion(s), 0 continuation(s) 
[14.929s][info][gc,marking  ] GC(69) Mark Stack Usage: 32M
[14.930s][info][gc,nmethod  ] GC(69) NMethods: 1346 registered, 52 unregistered
[14.930s][info][gc,metaspace] GC(69) Metaspace: 8M used, 8M committed, 1088M reserved
[14.930s][info][gc,ref      ] GC(69) Soft: 174 encountered, 0 discovered, 0 enqueued
[14.930s][info][gc,ref      ] GC(69) Weak: 570 encountered, 190 discovered, 0 enqueued
[14.930s][info][gc,ref      ] GC(69) Final: 0 encountered, 0 discovered, 0 enqueued
[14.930s][info][gc,ref      ] GC(69) Phantom: 21 encountered, 7 discovered, 0 enqueued
[14.930s][info][gc,reloc    ] GC(69) Small Pages: 282 / 564M, Empty: 540M, Relocated: 6M, In-Place: 0
[14.930s][info][gc,reloc    ] GC(69) Medium Pages: 1 / 32M, Empty: 0M, Relocated: 0M, In-Place: 0
[14.930s][info][gc,reloc    ] GC(69) Large Pages: 0 / 0M, Empty: 0M, Relocated: 0M, In-Place: 0
[14.930s][info][gc,reloc    ] GC(69) Forwarding Usage: 2M
[14.930s][info][gc,heap     ] GC(69) Min Capacity: 8M(1%)
[14.930s][info][gc,heap     ] GC(69) Max Capacity: 1024M(100%)
[14.930s][info][gc,heap     ] GC(69) Soft Max Capacity: 1024M(100%)
[14.930s][info][gc,heap     ] GC(69)                Mark Start          Mark End        Relocate Start      Relocate End           High               Low         
[14.930s][info][gc,heap     ] GC(69)  Capacity:     1024M (100%)       1024M (100%)       1024M (100%)       1024M (100%)       1024M (100%)       1024M (100%)   
[14.930s][info][gc,heap     ] GC(69)      Free:      428M (42%)         388M (38%)         910M (89%)         900M (88%)         916M (89%)         384M (38%)    
[14.930s][info][gc,heap     ] GC(69)      Used:      596M (58%)         636M (62%)         114M (11%)         124M (12%)         640M (63%)         108M (11%)    
[14.930s][info][gc,heap     ] GC(69)      Live:         -                 7M (1%)            7M (1%)            7M (1%)             -                  -          
[14.930s][info][gc,heap     ] GC(69) Allocated:         -                40M (4%)           58M (6%)           71M (7%)             -                  -          
[14.930s][info][gc,heap     ] GC(69)   Garbage:         -               588M (58%)          48M (5%)           44M (4%)             -                  -          
[14.930s][info][gc,heap     ] GC(69) Reclaimed:         -                  -               540M (53%)         543M (53%)            -                  -          
[14.930s][info][gc          ] GC(69) Garbage Collection (Allocation Rate) 596M(58%)->124M(12%)
[15.189s][info][gc,start    ] GC(70) Garbage Collection (Allocation Rate)
[15.189s][info][gc,task     ] GC(70) Using 10 workers
[15.189s][info][gc,phases   ] GC(70) Pause Mark Start 0.015ms
[15.222s][info][gc,phases   ] GC(70) Concurrent Mark 32.151ms
[15.222s][info][gc,phases   ] GC(70) Pause Mark End 0.018ms
[15.222s][info][gc,phases   ] GC(70) Concurrent Mark Free 0.001ms
[15.223s][info][gc,phases   ] GC(70) Concurrent Process Non-Strong References 0.763ms
[15.223s][info][gc,phases   ] GC(70) Concurrent Reset Relocation Set 0.003ms
[15.226s][info][gc,phases   ] GC(70) Concurrent Select Relocation Set 3.672ms
[15.227s][info][gc,phases   ] GC(70) Pause Relocate Start 0.008ms
[15.229s][info][gc,phases   ] GC(70) Concurrent Relocate 2.570ms
[15.229s][info][gc,load     ] GC(70) Load: 0.00/0.00/0.00
[15.229s][info][gc,mmu      ] GC(70) MMU: 2ms/98.9%, 5ms/99.4%, 10ms/99.7%, 20ms/99.8%, 50ms/99.9%, 100ms/99.9%
[15.229s][info][gc,marking  ] GC(70) Mark: 8 stripe(s), 4 proactive flush(es), 1 terminate flush(es), 0 completion(s), 0 continuation(s) 
[15.229s][info][gc,marking  ] GC(70) Mark Stack Usage: 32M
[15.229s][info][gc,nmethod  ] GC(70) NMethods: 1346 registered, 52 unregistered
[15.229s][info][gc,metaspace] GC(70) Metaspace: 8M used, 8M committed, 1088M reserved
[15.229s][info][gc,ref      ] GC(70) Soft: 174 encountered, 0 discovered, 0 enqueued
[15.229s][info][gc,ref      ] GC(70) Weak: 570 encountered, 134 discovered, 0 enqueued
[15.230s][info][gc,ref      ] GC(70) Final: 0 encountered, 0 discovered, 0 enqueued
[15.230s][info][gc,ref      ] GC(70) Phantom: 21 encountered, 14 discovered, 0 enqueued
[15.230s][info][gc,reloc    ] GC(70) Small Pages: 380 / 760M, Empty: 716M, Relocated: 5M, In-Place: 0
[15.230s][info][gc,reloc    ] GC(70) Medium Pages: 1 / 32M, Empty: 0M, Relocated: 0M, In-Place: 0
[15.230s][info][gc,reloc    ] GC(70) Large Pages: 0 / 0M, Empty: 0M, Relocated: 0M, In-Place: 0
[15.230s][info][gc,reloc    ] GC(70) Forwarding Usage: 2M
[15.230s][info][gc,heap     ] GC(70) Min Capacity: 8M(1%)
[15.230s][info][gc,heap     ] GC(70) Max Capacity: 1024M(100%)
[15.230s][info][gc,heap     ] GC(70) Soft Max Capacity: 1024M(100%)
[15.230s][info][gc,heap     ] GC(70)                Mark Start          Mark End        Relocate Start      Relocate End           High               Low         
[15.230s][info][gc,heap     ] GC(70)  Capacity:     1024M (100%)       1024M (100%)       1024M (100%)       1024M (100%)       1024M (100%)       1024M (100%)   
[15.230s][info][gc,heap     ] GC(70)      Free:      232M (23%)         150M (15%)         864M (84%)         880M (86%)         880M (86%)         148M (14%)    
[15.230s][info][gc,heap     ] GC(70)      Used:      792M (77%)         874M (85%)         160M (16%)         144M (14%)         876M (86%)         144M (14%)    
[15.230s][info][gc,heap     ] GC(70)      Live:         -                 9M (1%)            9M (1%)            9M (1%)             -                  -          
[15.230s][info][gc,heap     ] GC(70) Allocated:         -                82M (8%)           84M (8%)           85M (8%)             -                  -          
[15.230s][info][gc,heap     ] GC(70)   Garbage:         -               782M (76%)          66M (7%)           48M (5%)             -                  -          
[15.230s][info][gc,heap     ] GC(70) Reclaimed:         -                  -               716M (70%)         733M (72%)            -                  -          
[15.230s][info][gc          ] GC(70) Garbage Collection (Allocation Rate) 792M(77%)->144M(14%)
[15.403s][info][gc,start    ] GC(71) Garbage Collection (Allocation Rate)
[15.403s][info][gc,task     ] GC(71) Using 10 workers
[15.403s][info][gc,phases   ] GC(71) Pause Mark Start 0.013ms
[15.434s][info][gc,phases   ] GC(71) Concurrent Mark 30.829ms
[15.434s][info][gc,phases   ] GC(71) Pause Mark End 0.018ms
[15.434s][info][gc,phases   ] GC(71) Concurrent Mark Free 0.001ms
[15.435s][info][gc,phases   ] GC(71) Concurrent Process Non-Strong References 0.713ms
[15.435s][info][gc,phases   ] GC(71) Concurrent Reset Relocation Set 0.004ms
[15.439s][info][gc,phases   ] GC(71) Concurrent Select Relocation Set 3.758ms
[15.439s][info][gc,phases   ] GC(71) Pause Relocate Start 0.009ms
[15.441s][info][gc,phases   ] GC(71) Concurrent Relocate 2.328ms
[15.441s][info][gc,load     ] GC(71) Load: 0.00/0.00/0.00
[15.441s][info][gc,mmu      ] GC(71) MMU: 2ms/98.9%, 5ms/99.4%, 10ms/99.7%, 20ms/99.8%, 50ms/99.9%, 100ms/99.9%
[15.441s][info][gc,marking  ] GC(71) Mark: 8 stripe(s), 3 proactive flush(es), 1 terminate flush(es), 0 completion(s), 0 continuation(s) 
[15.441s][info][gc,marking  ] GC(71) Mark Stack Usage: 32M
[15.441s][info][gc,nmethod  ] GC(71) NMethods: 1346 registered, 52 unregistered
[15.441s][info][gc,metaspace] GC(71) Metaspace: 8M used, 8M committed, 1088M reserved
[15.441s][info][gc,ref      ] GC(71) Soft: 174 encountered, 0 discovered, 0 enqueued
[15.441s][info][gc,ref      ] GC(71) Weak: 570 encountered, 22 discovered, 0 enqueued
[15.441s][info][gc,ref      ] GC(71) Final: 0 encountered, 0 discovered, 0 enqueued
[15.442s][info][gc,ref      ] GC(71) Phantom: 21 encountered, 12 discovered, 0 enqueued
[15.442s][info][gc,reloc    ] GC(71) Small Pages: 261 / 522M, Empty: 484M, Relocated: 3M, In-Place: 0
[15.442s][info][gc,reloc    ] GC(71) Medium Pages: 2 / 64M, Empty: 32M, Relocated: 0M, In-Place: 0
[15.442s][info][gc,reloc    ] GC(71) Large Pages: 0 / 0M, Empty: 0M, Relocated: 0M, In-Place: 0
[15.442s][info][gc,reloc    ] GC(71) Forwarding Usage: 1M
[15.442s][info][gc,heap     ] GC(71) Min Capacity: 8M(1%)
[15.442s][info][gc,heap     ] GC(71) Max Capacity: 1024M(100%)
[15.442s][info][gc,heap     ] GC(71) Soft Max Capacity: 1024M(100%)
[15.442s][info][gc,heap     ] GC(71)                Mark Start          Mark End        Relocate Start      Relocate End           High               Low         
[15.442s][info][gc,heap     ] GC(71)  Capacity:     1024M (100%)       1024M (100%)       1024M (100%)       1024M (100%)       1024M (100%)       1024M (100%)   
[15.442s][info][gc,heap     ] GC(71)      Free:      438M (43%)         358M (35%)         860M (84%)         862M (84%)         862M (84%)         354M (35%)    
[15.442s][info][gc,heap     ] GC(71)      Used:      586M (57%)         666M (65%)         164M (16%)         162M (16%)         670M (65%)         162M (16%)    
[15.442s][info][gc,heap     ] GC(71)      Live:         -                10M (1%)           10M (1%)           10M (1%)             -                  -          
[15.442s][info][gc,heap     ] GC(71) Allocated:         -                80M (8%)           94M (9%)           99M (10%)            -                  -          
[15.442s][info][gc,heap     ] GC(71)   Garbage:         -               575M (56%)          59M (6%)           51M (5%)             -                  -          
[15.442s][info][gc,heap     ] GC(71) Reclaimed:         -                  -               516M (50%)         523M (51%)            -                  -          
[15.442s][info][gc          ] GC(71) Garbage Collection (Allocation Rate) 586M(57%)->162M(16%)
[15.496s][info][gc,start    ] GC(72) Garbage Collection (Allocation Rate)
[15.496s][info][gc,task     ] GC(72) Using 10 workers
[15.497s][info][gc,phases   ] GC(72) Pause Mark Start 0.011ms
[15.528s][info][gc,phases   ] GC(72) Concurrent Mark 30.963ms
[15.528s][info][gc,phases   ] GC(72) Pause Mark End 0.016ms
[15.528s][info][gc,phases   ] GC(72) Concurrent Mark Free 0.001ms
[15.529s][info][gc,phases   ] GC(72) Concurrent Process Non-Strong References 0.749ms
[15.529s][info][gc,phases   ] GC(72) Concurrent Reset Relocation Set 0.002ms
[15.535s][info][gc,phases   ] GC(72) Concurrent Select Relocation Set 5.916ms
[15.535s][info][gc,phases   ] GC(72) Pause Relocate Start 0.006ms
[15.538s][info][gc,phases   ] GC(72) Concurrent Relocate 3.660ms
[15.538s][info][gc,load     ] GC(72) Load: 0.00/0.00/0.00
[15.539s][info][gc,mmu      ] GC(72) MMU: 2ms/98.9%, 5ms/99.4%, 10ms/99.7%, 20ms/99.8%, 50ms/99.9%, 100ms/99.9%
[15.539s][info][gc,marking  ] GC(72) Mark: 8 stripe(s), 3 proactive flush(es), 1 terminate flush(es), 0 completion(s), 0 continuation(s) 
[15.539s][info][gc,marking  ] GC(72) Mark Stack Usage: 32M
[15.539s][info][gc,nmethod  ] GC(72) NMethods: 1346 registered, 52 unregistered
[15.539s][info][gc,metaspace] GC(72) Metaspace: 8M used, 8M committed, 1088M reserved
[15.539s][info][gc,ref      ] GC(72) Soft: 174 encountered, 0 discovered, 0 enqueued
[15.539s][info][gc,ref      ] GC(72) Weak: 570 encountered, 288 discovered, 0 enqueued
[15.539s][info][gc,ref      ] GC(72) Final: 0 encountered, 0 discovered, 0 enqueued
[15.539s][info][gc,ref      ] GC(72) Phantom: 21 encountered, 15 discovered, 0 enqueued
[15.539s][info][gc,reloc    ] GC(72) Small Pages: 127 / 254M, Empty: 220M, Relocated: 5M, In-Place: 0
[15.539s][info][gc,reloc    ] GC(72) Medium Pages: 2 / 64M, Empty: 0M, Relocated: 0M, In-Place: 0
[15.539s][info][gc,reloc    ] GC(72) Large Pages: 0 / 0M, Empty: 0M, Relocated: 0M, In-Place: 0
[15.539s][info][gc,reloc    ] GC(72) Forwarding Usage: 1M
[15.539s][info][gc,heap     ] GC(72) Min Capacity: 8M(1%)
[15.539s][info][gc,heap     ] GC(72) Max Capacity: 1024M(100%)
[15.539s][info][gc,heap     ] GC(72) Soft Max Capacity: 1024M(100%)
[15.539s][info][gc,heap     ] GC(72)                Mark Start          Mark End        Relocate Start      Relocate End           High               Low         
[15.539s][info][gc,heap     ] GC(72)  Capacity:     1024M (100%)       1024M (100%)       1024M (100%)       1024M (100%)       1024M (100%)       1024M (100%)   
[15.539s][info][gc,heap     ] GC(72)      Free:      706M (69%)         630M (62%)         832M (81%)         862M (84%)         864M (84%)         628M (61%)    
[15.539s][info][gc,heap     ] GC(72)      Used:      318M (31%)         394M (38%)         192M (19%)         162M (16%)         396M (39%)         160M (16%)    
[15.539s][info][gc,heap     ] GC(72)      Live:         -                11M (1%)           11M (1%)           11M (1%)             -                  -          
[15.539s][info][gc,heap     ] GC(72) Allocated:         -                76M (7%)           94M (9%)          101M (10%)            -                  -          
[15.539s][info][gc,heap     ] GC(72)   Garbage:         -               306M (30%)          86M (8%)           48M (5%)             -                  -          
[15.539s][info][gc,heap     ] GC(72) Reclaimed:         -                  -               220M (21%)         257M (25%)            -                  -          
[15.539s][info][gc          ] GC(72) Garbage Collection (Allocation Rate) 318M(31%)->162M(16%)
[15.590s][info][gc,start    ] GC(73) Garbage Collection (Allocation Rate)
[15.590s][info][gc,task     ] GC(73) Using 10 workers
[15.590s][info][gc,phases   ] GC(73) Pause Mark Start 0.011ms
[15.606s][info][gc,phases   ] GC(73) Concurrent Mark 15.393ms
[15.606s][info][gc,phases   ] GC(73) Pause Mark End 0.014ms
[15.606s][info][gc,phases   ] GC(73) Concurrent Mark Free 0.001ms
[15.607s][info][gc,phases   ] GC(73) Concurrent Process Non-Strong References 0.675ms
[15.607s][info][gc,phases   ] GC(73) Concurrent Reset Relocation Set 0.003ms
[15.614s][info][gc,phases   ] GC(73) Concurrent Select Relocation Set 6.913ms
[15.614s][info][gc,phases   ] GC(73) Pause Relocate Start 0.006ms
[15.617s][info][gc,phases   ] GC(73) Concurrent Relocate 3.719ms
[15.617s][info][gc,load     ] GC(73) Load: 0.00/0.00/0.00
[15.618s][info][gc,mmu      ] GC(73) MMU: 2ms/98.9%, 5ms/99.4%, 10ms/99.7%, 20ms/99.8%, 50ms/99.9%, 100ms/99.9%
[15.618s][info][gc,marking  ] GC(73) Mark: 8 stripe(s), 2 proactive flush(es), 1 terminate flush(es), 0 completion(s), 0 continuation(s) 
[15.618s][info][gc,marking  ] GC(73) Mark Stack Usage: 32M
[15.618s][info][gc,nmethod  ] GC(73) NMethods: 1346 registered, 52 unregistered
[15.618s][info][gc,metaspace] GC(73) Metaspace: 8M used, 8M committed, 1088M reserved
[15.618s][info][gc,ref      ] GC(73) Soft: 174 encountered, 0 discovered, 0 enqueued
[15.618s][info][gc,ref      ] GC(73) Weak: 570 encountered, 57 discovered, 0 enqueued
[15.618s][info][gc,ref      ] GC(73) Final: 0 encountered, 0 discovered, 0 enqueued
[15.618s][info][gc,ref      ] GC(73) Phantom: 21 encountered, 13 discovered, 0 enqueued
[15.618s][info][gc,reloc    ] GC(73) Small Pages: 133 / 266M, Empty: 226M, Relocated: 6M, In-Place: 0
[15.618s][info][gc,reloc    ] GC(73) Medium Pages: 1 / 32M, Empty: 0M, Relocated: 0M, In-Place: 0
[15.618s][info][gc,reloc    ] GC(73) Large Pages: 0 / 0M, Empty: 0M, Relocated: 0M, In-Place: 0
[15.618s][info][gc,reloc    ] GC(73) Forwarding Usage: 2M
[15.618s][info][gc,heap     ] GC(73) Min Capacity: 8M(1%)
[15.618s][info][gc,heap     ] GC(73) Max Capacity: 1024M(100%)
[15.618s][info][gc,heap     ] GC(73) Soft Max Capacity: 1024M(100%)
[15.618s][info][gc,heap     ] GC(73)                Mark Start          Mark End        Relocate Start      Relocate End           High               Low         
[15.618s][info][gc,heap     ] GC(73)  Capacity:     1024M (100%)       1024M (100%)       1024M (100%)       1024M (100%)       1024M (100%)       1024M (100%)   
[15.618s][info][gc,heap     ] GC(73)      Free:      726M (71%)         688M (67%)         896M (88%)         900M (88%)         902M (88%)         684M (67%)    
[15.618s][info][gc,heap     ] GC(73)      Used:      298M (29%)         336M (33%)         128M (13%)         124M (12%)         340M (33%)         122M (12%)    
[15.618s][info][gc,heap     ] GC(73)      Live:         -                12M (1%)           12M (1%)           12M (1%)             -                  -          
[15.618s][info][gc,heap     ] GC(73) Allocated:         -                38M (4%)           56M (5%)           65M (6%)             -                  -          
[15.618s][info][gc,heap     ] GC(73)   Garbage:         -               285M (28%)          59M (6%)           45M (4%)             -                  -          
[15.618s][info][gc,heap     ] GC(73) Reclaimed:         -                  -               226M (22%)         239M (23%)            -                  -          
[15.618s][info][gc          ] GC(73) Garbage Collection (Allocation Rate) 298M(29%)->124M(12%)
[15.699s][info][gc,start    ] GC(74) Garbage Collection (Allocation Rate)
[15.699s][info][gc,task     ] GC(74) Using 10 workers
[15.700s][info][gc,phases   ] GC(74) Pause Mark Start 0.012ms
[15.715s][info][gc,phases   ] GC(74) Concurrent Mark 15.324ms
[15.715s][info][gc,phases   ] GC(74) Pause Mark End 0.015ms
[15.715s][info][gc,phases   ] GC(74) Concurrent Mark Free 0.001ms
[15.716s][info][gc,phases   ] GC(74) Concurrent Process Non-Strong References 0.695ms
[15.716s][info][gc,phases   ] GC(74) Concurrent Reset Relocation Set 0.003ms
[15.723s][info][gc,phases   ] GC(74) Concurrent Select Relocation Set 6.803ms
[15.723s][info][gc,phases   ] GC(74) Pause Relocate Start 0.010ms
[15.727s][info][gc,phases   ] GC(74) Concurrent Relocate 3.623ms
[15.727s][info][gc,load     ] GC(74) Load: 0.00/0.00/0.00
[15.727s][info][gc,mmu      ] GC(74) MMU: 2ms/98.9%, 5ms/99.4%, 10ms/99.7%, 20ms/99.8%, 50ms/99.9%, 100ms/99.9%
[15.727s][info][gc,marking  ] GC(74) Mark: 8 stripe(s), 2 proactive flush(es), 1 terminate flush(es), 0 completion(s), 0 continuation(s) 
[15.727s][info][gc,marking  ] GC(74) Mark Stack Usage: 32M
[15.727s][info][gc,nmethod  ] GC(74) NMethods: 1346 registered, 52 unregistered
[15.727s][info][gc,metaspace] GC(74) Metaspace: 8M used, 8M committed, 1088M reserved
[15.727s][info][gc,ref      ] GC(74) Soft: 174 encountered, 0 discovered, 0 enqueued
[15.727s][info][gc,ref      ] GC(74) Weak: 570 encountered, 199 discovered, 0 enqueued
[15.727s][info][gc,ref      ] GC(74) Final: 0 encountered, 0 discovered, 0 enqueued
[15.727s][info][gc,ref      ] GC(74) Phantom: 21 encountered, 10 discovered, 0 enqueued
[15.727s][info][gc,reloc    ] GC(74) Small Pages: 151 / 302M, Empty: 270M, Relocated: 6M, In-Place: 0
[15.727s][info][gc,reloc    ] GC(74) Medium Pages: 1 / 32M, Empty: 0M, Relocated: 0M, In-Place: 0
[15.727s][info][gc,reloc    ] GC(74) Large Pages: 0 / 0M, Empty: 0M, Relocated: 0M, In-Place: 0
[15.727s][info][gc,reloc    ] GC(74) Forwarding Usage: 2M
[15.727s][info][gc,heap     ] GC(74) Min Capacity: 8M(1%)
[15.727s][info][gc,heap     ] GC(74) Max Capacity: 1024M(100%)
[15.727s][info][gc,heap     ] GC(74) Soft Max Capacity: 1024M(100%)
[15.727s][info][gc,heap     ] GC(74)                Mark Start          Mark End        Relocate Start      Relocate End           High               Low         
[15.727s][info][gc,heap     ] GC(74)  Capacity:     1024M (100%)       1024M (100%)       1024M (100%)       1024M (100%)       1024M (100%)       1024M (100%)   
[15.727s][info][gc,heap     ] GC(74)      Free:      690M (67%)         668M (65%)         920M (90%)         916M (89%)         930M (91%)         666M (65%)    
[15.727s][info][gc,heap     ] GC(74)      Used:      334M (33%)         356M (35%)         104M (10%)         108M (11%)         358M (35%)          94M (9%)     
[15.727s][info][gc,heap     ] GC(74)      Live:         -                12M (1%)           12M (1%)           12M (1%)             -                  -          
[15.727s][info][gc,heap     ] GC(74) Allocated:         -                22M (2%)           40M (4%)           47M (5%)             -                  -          
[15.727s][info][gc,heap     ] GC(74)   Garbage:         -               321M (31%)          51M (5%)           47M (5%)             -                  -          
[15.727s][info][gc,heap     ] GC(74) Reclaimed:         -                  -               270M (26%)         273M (27%)            -                  -          
[15.727s][info][gc          ] GC(74) Garbage Collection (Allocation Rate) 334M(33%)->108M(11%)
[15.789s][info][gc,start    ] GC(75) Garbage Collection (Allocation Rate)
[15.789s][info][gc,task     ] GC(75) Using 10 workers
[15.789s][info][gc,phases   ] GC(75) Pause Mark Start 0.013ms
[15.804s][info][gc,phases   ] GC(75) Concurrent Mark 14.705ms
[15.804s][info][gc,phases   ] GC(75) Pause Mark End 0.015ms
[15.804s][info][gc,phases   ] GC(75) Concurrent Mark Free 0.001ms
[15.805s][info][gc,phases   ] GC(75) Concurrent Process Non-Strong References 0.660ms
[15.805s][info][gc,phases   ] GC(75) Concurrent Reset Relocation Set 0.003ms
[15.812s][info][gc,phases   ] GC(75) Concurrent Select Relocation Set 7.249ms
[15.812s][info][gc,phases   ] GC(75) Pause Relocate Start 0.009ms
[15.816s][info][gc,phases   ] GC(75) Concurrent Relocate 4.005ms
[15.817s][info][gc,load     ] GC(75) Load: 0.00/0.00/0.00
[15.817s][info][gc,mmu      ] GC(75) MMU: 2ms/98.9%, 5ms/99.4%, 10ms/99.7%, 20ms/99.8%, 50ms/99.9%, 100ms/99.9%
[15.817s][info][gc,marking  ] GC(75) Mark: 8 stripe(s), 7 proactive flush(es), 1 terminate flush(es), 0 completion(s), 0 continuation(s) 
[15.817s][info][gc,marking  ] GC(75) Mark Stack Usage: 32M
[15.817s][info][gc,nmethod  ] GC(75) NMethods: 1346 registered, 52 unregistered
[15.817s][info][gc,metaspace] GC(75) Metaspace: 8M used, 8M committed, 1088M reserved
[15.817s][info][gc,ref      ] GC(75) Soft: 174 encountered, 0 discovered, 0 enqueued
[15.817s][info][gc,ref      ] GC(75) Weak: 570 encountered, 8 discovered, 0 enqueued
[15.817s][info][gc,ref      ] GC(75) Final: 0 encountered, 0 discovered, 0 enqueued
[15.817s][info][gc,ref      ] GC(75) Phantom: 21 encountered, 18 discovered, 0 enqueued
[15.817s][info][gc,reloc    ] GC(75) Small Pages: 122 / 244M, Empty: 208M, Relocated: 6M, In-Place: 0
[15.817s][info][gc,reloc    ] GC(75) Medium Pages: 1 / 32M, Empty: 0M, Relocated: 0M, In-Place: 0
[15.817s][info][gc,reloc    ] GC(75) Large Pages: 0 / 0M, Empty: 0M, Relocated: 0M, In-Place: 0
[15.817s][info][gc,reloc    ] GC(75) Forwarding Usage: 2M
[15.817s][info][gc,heap     ] GC(75) Min Capacity: 8M(1%)
[15.817s][info][gc,heap     ] GC(75) Max Capacity: 1024M(100%)
[15.817s][info][gc,heap     ] GC(75) Soft Max Capacity: 1024M(100%)
[15.817s][info][gc,heap     ] GC(75)                Mark Start          Mark End        Relocate Start      Relocate End           High               Low         
[15.817s][info][gc,heap     ] GC(75)  Capacity:     1024M (100%)       1024M (100%)       1024M (100%)       1024M (100%)       1024M (100%)       1024M (100%)   
[15.817s][info][gc,heap     ] GC(75)      Free:      748M (73%)         708M (69%)         896M (88%)         894M (87%)         904M (88%)         706M (69%)    
[15.817s][info][gc,heap     ] GC(75)      Used:      276M (27%)         316M (31%)         128M (13%)         130M (13%)         318M (31%)         120M (12%)    
[15.817s][info][gc,heap     ] GC(75)      Live:         -                13M (1%)           13M (1%)           13M (1%)             -                  -          
[15.817s][info][gc,heap     ] GC(75) Allocated:         -                40M (4%)           60M (6%)           69M (7%)             -                  -          
[15.817s][info][gc,heap     ] GC(75)   Garbage:         -               262M (26%)          54M (5%)           46M (5%)             -                  -          
[15.817s][info][gc,heap     ] GC(75) Reclaimed:         -                  -               208M (20%)         215M (21%)            -                  -          
[15.817s][info][gc          ] GC(75) Garbage Collection (Allocation Rate) 276M(27%)->130M(13%)
[15.889s][info][gc,start    ] GC(76) Garbage Collection (Allocation Rate)
[15.889s][info][gc,task     ] GC(76) Using 10 workers
[15.889s][info][gc,phases   ] GC(76) Pause Mark Start 0.013ms
[15.901s][info][gc,phases   ] GC(76) Concurrent Mark 11.657ms
[15.901s][info][gc,phases   ] GC(76) Pause Mark End 0.016ms
[15.901s][info][gc,phases   ] GC(76) Concurrent Mark Free 0.001ms
[15.902s][info][gc,phases   ] GC(76) Concurrent Process Non-Strong References 0.601ms
[15.902s][info][gc,phases   ] GC(76) Concurrent Reset Relocation Set 0.002ms
[15.906s][info][gc,phases   ] GC(76) Concurrent Select Relocation Set 3.849ms
[15.906s][info][gc,phases   ] GC(76) Pause Relocate Start 0.005ms
[15.908s][info][gc,phases   ] GC(76) Concurrent Relocate 1.790ms
[15.908s][info][gc,load     ] GC(76) Load: 0.00/0.00/0.00
[15.908s][info][gc,mmu      ] GC(76) MMU: 2ms/98.9%, 5ms/99.4%, 10ms/99.7%, 20ms/99.8%, 50ms/99.9%, 100ms/99.9%
[15.908s][info][gc,marking  ] GC(76) Mark: 8 stripe(s), 2 proactive flush(es), 1 terminate flush(es), 0 completion(s), 0 continuation(s) 
[15.908s][info][gc,marking  ] GC(76) Mark Stack Usage: 32M
[15.908s][info][gc,nmethod  ] GC(76) NMethods: 1346 registered, 52 unregistered
[15.908s][info][gc,metaspace] GC(76) Metaspace: 8M used, 8M committed, 1088M reserved
[15.908s][info][gc,ref      ] GC(76) Soft: 174 encountered, 0 discovered, 0 enqueued
[15.908s][info][gc,ref      ] GC(76) Weak: 570 encountered, 87 discovered, 0 enqueued
[15.908s][info][gc,ref      ] GC(76) Final: 0 encountered, 0 discovered, 0 enqueued
[15.908s][info][gc,ref      ] GC(76) Phantom: 21 encountered, 15 discovered, 0 enqueued
[15.908s][info][gc,reloc    ] GC(76) Small Pages: 145 / 290M, Empty: 254M, Relocated: 4M, In-Place: 0
[15.908s][info][gc,reloc    ] GC(76) Medium Pages: 1 / 32M, Empty: 0M, Relocated: 0M, In-Place: 0
[15.908s][info][gc,reloc    ] GC(76) Large Pages: 0 / 0M, Empty: 0M, Relocated: 0M, In-Place: 0
[15.908s][info][gc,reloc    ] GC(76) Forwarding Usage: 1M
[15.908s][info][gc,heap     ] GC(76) Min Capacity: 8M(1%)
[15.908s][info][gc,heap     ] GC(76) Max Capacity: 1024M(100%)
[15.908s][info][gc,heap     ] GC(76) Soft Max Capacity: 1024M(100%)
[15.908s][info][gc,heap     ] GC(76)                Mark Start          Mark End        Relocate Start      Relocate End           High               Low         
[15.908s][info][gc,heap     ] GC(76)  Capacity:     1024M (100%)       1024M (100%)       1024M (100%)       1024M (100%)       1024M (100%)       1024M (100%)   
[15.908s][info][gc,heap     ] GC(76)      Free:      702M (69%)         670M (65%)         912M (89%)         910M (89%)         912M (89%)         668M (65%)    
[15.908s][info][gc,heap     ] GC(76)      Used:      322M (31%)         354M (35%)         112M (11%)         114M (11%)         356M (35%)         112M (11%)    
[15.908s][info][gc,heap     ] GC(76)      Live:         -                13M (1%)           13M (1%)           13M (1%)             -                  -          
[15.908s][info][gc,heap     ] GC(76) Allocated:         -                32M (3%)           44M (4%)           49M (5%)             -                  -          
[15.908s][info][gc,heap     ] GC(76)   Garbage:         -               308M (30%)          54M (5%)           50M (5%)             -                  -          
[15.908s][info][gc,heap     ] GC(76) Reclaimed:         -                  -               254M (25%)         257M (25%)            -                  -          
[15.908s][info][gc          ] GC(76) Garbage Collection (Allocation Rate) 322M(31%)->114M(11%)
[16.090s][info][gc,start    ] GC(77) Garbage Collection (Allocation Rate)
[16.090s][info][gc,task     ] GC(77) Using 3 workers
[16.090s][info][gc,phases   ] GC(77) Pause Mark Start 0.015ms
[16.115s][info][gc,phases   ] GC(77) Concurrent Mark 25.608ms
[16.116s][info][gc,phases   ] GC(77) Pause Mark End 0.015ms
[16.116s][info][gc,phases   ] GC(77) Concurrent Mark Free 0.001ms
[16.117s][info][gc,phases   ] GC(77) Concurrent Process Non-Strong References 1.438ms
[16.117s][info][gc,phases   ] GC(77) Concurrent Reset Relocation Set 0.002ms
[16.124s][info][gc,phases   ] GC(77) Concurrent Select Relocation Set 7.113ms
[16.124s][info][gc,phases   ] GC(77) Pause Relocate Start 0.008ms
[16.131s][info][gc,phases   ] GC(77) Concurrent Relocate 6.905ms
[16.132s][info][gc,load     ] GC(77) Load: 0.00/0.00/0.00
[16.132s][info][gc,mmu      ] GC(77) MMU: 2ms/98.9%, 5ms/99.4%, 10ms/99.7%, 20ms/99.8%, 50ms/99.9%, 100ms/99.9%
[16.132s][info][gc,marking  ] GC(77) Mark: 2 stripe(s), 2 proactive flush(es), 1 terminate flush(es), 0 completion(s), 0 continuation(s) 
[16.132s][info][gc,marking  ] GC(77) Mark Stack Usage: 32M
[16.132s][info][gc,nmethod  ] GC(77) NMethods: 1346 registered, 52 unregistered
[16.132s][info][gc,metaspace] GC(77) Metaspace: 8M used, 8M committed, 1088M reserved
[16.132s][info][gc,ref      ] GC(77) Soft: 174 encountered, 0 discovered, 0 enqueued
[16.132s][info][gc,ref      ] GC(77) Weak: 570 encountered, 228 discovered, 0 enqueued
[16.132s][info][gc,ref      ] GC(77) Final: 0 encountered, 0 discovered, 0 enqueued
[16.132s][info][gc,ref      ] GC(77) Phantom: 21 encountered, 12 discovered, 0 enqueued
[16.132s][info][gc,reloc    ] GC(77) Small Pages: 252 / 504M, Empty: 462M, Relocated: 8M, In-Place: 0
[16.132s][info][gc,reloc    ] GC(77) Medium Pages: 2 / 64M, Empty: 0M, Relocated: 1M, In-Place: 0
[16.132s][info][gc,reloc    ] GC(77) Large Pages: 0 / 0M, Empty: 0M, Relocated: 0M, In-Place: 0
[16.132s][info][gc,reloc    ] GC(77) Forwarding Usage: 3M
[16.132s][info][gc,heap     ] GC(77) Min Capacity: 8M(1%)
[16.132s][info][gc,heap     ] GC(77) Max Capacity: 1024M(100%)
[16.132s][info][gc,heap     ] GC(77) Soft Max Capacity: 1024M(100%)
[16.132s][info][gc,heap     ] GC(77)                Mark Start          Mark End        Relocate Start      Relocate End           High               Low         
[16.132s][info][gc,heap     ] GC(77)  Capacity:     1024M (100%)       1024M (100%)       1024M (100%)       1024M (100%)       1024M (100%)       1024M (100%)   
[16.132s][info][gc,heap     ] GC(77)      Free:      456M (45%)         388M (38%)         828M (81%)         862M (84%)         872M (85%)         384M (38%)    
[16.132s][info][gc,heap     ] GC(77)      Used:      568M (55%)         636M (62%)         196M (19%)         162M (16%)         640M (63%)         152M (15%)    
[16.132s][info][gc,heap     ] GC(77)      Live:         -                15M (2%)           15M (2%)           15M (2%)             -                  -          
[16.132s][info][gc,heap     ] GC(77) Allocated:         -                68M (7%)           90M (9%)          107M (11%)            -                  -          
[16.132s][info][gc,heap     ] GC(77)   Garbage:         -               552M (54%)          90M (9%)           38M (4%)             -                  -          
[16.132s][info][gc,heap     ] GC(77) Reclaimed:         -                  -               462M (45%)         513M (50%)            -                  -          
[16.132s][info][gc          ] GC(77) Garbage Collection (Allocation Rate) 568M(55%)->162M(16%)
[16.300s][info][gc,start    ] GC(78) Garbage Collection (Allocation Rate)
[16.300s][info][gc,task     ] GC(78) Using 3 workers
[16.300s][info][gc,phases   ] GC(78) Pause Mark Start 0.014ms
[16.330s][info][gc,phases   ] GC(78) Concurrent Mark 29.781ms
[16.330s][info][gc,phases   ] GC(78) Pause Mark End 0.016ms
[16.330s][info][gc,phases   ] GC(78) Concurrent Mark Free 0.001ms
[16.332s][info][gc,phases   ] GC(78) Concurrent Process Non-Strong References 1.554ms
[16.332s][info][gc,phases   ] GC(78) Concurrent Reset Relocation Set 0.003ms
[16.336s][info][gc,phases   ] GC(78) Concurrent Select Relocation Set 4.284ms
[16.336s][info][gc,phases   ] GC(78) Pause Relocate Start 0.007ms
[16.339s][info][gc,phases   ] GC(78) Concurrent Relocate 2.389ms
[16.339s][info][gc,load     ] GC(78) Load: 0.00/0.00/0.00
[16.339s][info][gc,mmu      ] GC(78) MMU: 2ms/98.9%, 5ms/99.4%, 10ms/99.7%, 20ms/99.8%, 50ms/99.9%, 100ms/99.9%
[16.339s][info][gc,marking  ] GC(78) Mark: 2 stripe(s), 2 proactive flush(es), 1 terminate flush(es), 0 completion(s), 0 continuation(s) 
[16.339s][info][gc,marking  ] GC(78) Mark Stack Usage: 32M
[16.339s][info][gc,nmethod  ] GC(78) NMethods: 1346 registered, 52 unregistered
[16.339s][info][gc,metaspace] GC(78) Metaspace: 8M used, 8M committed, 1088M reserved
[16.339s][info][gc,ref      ] GC(78) Soft: 174 encountered, 0 discovered, 0 enqueued
[16.339s][info][gc,ref      ] GC(78) Weak: 570 encountered, 351 discovered, 0 enqueued
[16.339s][info][gc,ref      ] GC(78) Final: 0 encountered, 0 discovered, 0 enqueued
[16.339s][info][gc,ref      ] GC(78) Phantom: 21 encountered, 17 discovered, 0 enqueued
[16.339s][info][gc,reloc    ] GC(78) Small Pages: 278 / 556M, Empty: 514M, Relocated: 2M, In-Place: 0
[16.339s][info][gc,reloc    ] GC(78) Medium Pages: 2 / 64M, Empty: 0M, Relocated: 1M, In-Place: 0
[16.339s][info][gc,reloc    ] GC(78) Large Pages: 0 / 0M, Empty: 0M, Relocated: 0M, In-Place: 0
[16.339s][info][gc,reloc    ] GC(78) Forwarding Usage: 1M
[16.339s][info][gc,heap     ] GC(78) Min Capacity: 8M(1%)
[16.339s][info][gc,heap     ] GC(78) Max Capacity: 1024M(100%)
[16.339s][info][gc,heap     ] GC(78) Soft Max Capacity: 1024M(100%)
[16.339s][info][gc,heap     ] GC(78)                Mark Start          Mark End        Relocate Start      Relocate End           High               Low         
[16.339s][info][gc,heap     ] GC(78)  Capacity:     1024M (100%)       1024M (100%)       1024M (100%)       1024M (100%)       1024M (100%)       1024M (100%)   
[16.339s][info][gc,heap     ] GC(78)      Free:      404M (39%)         324M (32%)         820M (80%)         866M (85%)         866M (85%)         318M (31%)    
[16.339s][info][gc,heap     ] GC(78)      Used:      620M (61%)         700M (68%)         204M (20%)         158M (15%)         706M (69%)         158M (15%)    
[16.339s][info][gc,heap     ] GC(78)      Live:         -                16M (2%)           16M (2%)           16M (2%)             -                  -          
[16.340s][info][gc,heap     ] GC(78) Allocated:         -                80M (8%)           98M (10%)         103M (10%)            -                  -          
[16.340s][info][gc,heap     ] GC(78)   Garbage:         -               603M (59%)          89M (9%)           37M (4%)             -                  -          
[16.340s][info][gc,heap     ] GC(78) Reclaimed:         -                  -               514M (50%)         565M (55%)            -                  -          
[16.340s][info][gc          ] GC(78) Garbage Collection (Allocation Rate) 620M(61%)->158M(15%)
[16.490s][info][gc,start    ] GC(79) Garbage Collection (Allocation Rate)
[16.490s][info][gc,task     ] GC(79) Using 2 workers
[16.490s][info][gc,phases   ] GC(79) Pause Mark Start 0.016ms
[16.527s][info][gc,phases   ] GC(79) Concurrent Mark 36.561ms
[16.527s][info][gc,phases   ] GC(79) Pause Mark End 0.016ms
[16.527s][info][gc,phases   ] GC(79) Concurrent Mark Free 0.001ms
[16.529s][info][gc,phases   ] GC(79) Concurrent Process Non-Strong References 2.272ms
[16.529s][info][gc,phases   ] GC(79) Concurrent Reset Relocation Set 0.003ms
[16.533s][info][gc,phases   ] GC(79) Concurrent Select Relocation Set 3.831ms
[16.533s][info][gc,phases   ] GC(79) Pause Relocate Start 0.008ms
[16.535s][info][gc,phases   ] GC(79) Concurrent Relocate 1.759ms
[16.535s][info][gc,load     ] GC(79) Load: 0.00/0.00/0.00
[16.535s][info][gc,mmu      ] GC(79) MMU: 2ms/98.9%, 5ms/99.4%, 10ms/99.7%, 20ms/99.8%, 50ms/99.9%, 100ms/99.9%
[16.535s][info][gc,marking  ] GC(79) Mark: 2 stripe(s), 2 proactive flush(es), 1 terminate flush(es), 0 completion(s), 0 continuation(s) 
[16.535s][info][gc,marking  ] GC(79) Mark Stack Usage: 32M
[16.535s][info][gc,nmethod  ] GC(79) NMethods: 1346 registered, 52 unregistered
[16.535s][info][gc,metaspace] GC(79) Metaspace: 8M used, 8M committed, 1088M reserved
[16.535s][info][gc,ref      ] GC(79) Soft: 174 encountered, 0 discovered, 0 enqueued
[16.535s][info][gc,ref      ] GC(79) Weak: 570 encountered, 56 discovered, 0 enqueued
[16.535s][info][gc,ref      ] GC(79) Final: 0 encountered, 0 discovered, 0 enqueued
[16.535s][info][gc,ref      ] GC(79) Phantom: 21 encountered, 15 discovered, 0 enqueued
[16.535s][info][gc,reloc    ] GC(79) Small Pages: 214 / 428M, Empty: 388M, Relocated: 1M, In-Place: 0
[16.535s][info][gc,reloc    ] GC(79) Medium Pages: 1 / 32M, Empty: 0M, Relocated: 0M, In-Place: 0
[16.536s][info][gc,reloc    ] GC(79) Large Pages: 0 / 0M, Empty: 0M, Relocated: 0M, In-Place: 0
[16.536s][info][gc,reloc    ] GC(79) Forwarding Usage: 0M
[16.536s][info][gc,heap     ] GC(79) Min Capacity: 8M(1%)
[16.536s][info][gc,heap     ] GC(79) Max Capacity: 1024M(100%)
[16.536s][info][gc,heap     ] GC(79) Soft Max Capacity: 1024M(100%)
[16.536s][info][gc,heap     ] GC(79)                Mark Start          Mark End        Relocate Start      Relocate End           High               Low         
[16.536s][info][gc,heap     ] GC(79)  Capacity:     1024M (100%)       1024M (100%)       1024M (100%)       1024M (100%)       1024M (100%)       1024M (100%)   
[16.536s][info][gc,heap     ] GC(79)      Free:      564M (55%)         484M (47%)         856M (84%)         870M (85%)         870M (85%)         478M (47%)    
[16.536s][info][gc,heap     ] GC(79)      Used:      460M (45%)         540M (53%)         168M (16%)         154M (15%)         546M (53%)         154M (15%)    
[16.536s][info][gc,heap     ] GC(79)      Live:         -                18M (2%)           18M (2%)           18M (2%)             -                  -          
[16.536s][info][gc,heap     ] GC(79) Allocated:         -                80M (8%)           96M (9%)           97M (10%)            -                  -          
[16.536s][info][gc,heap     ] GC(79)   Garbage:         -               441M (43%)          53M (5%)           37M (4%)             -                  -          
[16.536s][info][gc,heap     ] GC(79) Reclaimed:         -                  -               388M (38%)         403M (39%)            -                  -          
[16.536s][info][gc          ] GC(79) Garbage Collection (Allocation Rate) 460M(45%)->154M(15%)
[16.789s][info][gc,start    ] GC(80) Garbage Collection (Allocation Rate)
[16.789s][info][gc,task     ] GC(80) Using 2 workers
[16.790s][info][gc,phases   ] GC(80) Pause Mark Start 0.018ms
[16.829s][info][gc,phases   ] GC(80) Concurrent Mark 39.536ms
[16.829s][info][gc,phases   ] GC(80) Pause Mark End 0.018ms
[16.830s][info][gc,phases   ] GC(80) Concurrent Mark Free 0.001ms
[16.832s][info][gc,phases   ] GC(80) Concurrent Process Non-Strong References 2.458ms
[16.832s][info][gc,phases   ] GC(80) Concurrent Reset Relocation Set 0.002ms
[16.837s][info][gc,phases   ] GC(80) Concurrent Select Relocation Set 5.326ms
[16.837s][info][gc,phases   ] GC(80) Pause Relocate Start 0.006ms
[16.842s][info][gc,phases   ] GC(80) Concurrent Relocate 4.458ms
[16.842s][info][gc,load     ] GC(80) Load: 0.00/0.00/0.00
[16.842s][info][gc,mmu      ] GC(80) MMU: 2ms/98.9%, 5ms/99.4%, 10ms/99.7%, 20ms/99.8%, 50ms/99.9%, 100ms/99.9%
[16.842s][info][gc,marking  ] GC(80) Mark: 2 stripe(s), 2 proactive flush(es), 1 terminate flush(es), 0 completion(s), 0 continuation(s) 
[16.842s][info][gc,marking  ] GC(80) Mark Stack Usage: 32M
[16.842s][info][gc,nmethod  ] GC(80) NMethods: 1346 registered, 52 unregistered
[16.842s][info][gc,metaspace] GC(80) Metaspace: 8M used, 8M committed, 1088M reserved
[16.842s][info][gc,ref      ] GC(80) Soft: 174 encountered, 0 discovered, 0 enqueued
[16.842s][info][gc,ref      ] GC(80) Weak: 570 encountered, 315 discovered, 0 enqueued
[16.842s][info][gc,ref      ] GC(80) Final: 0 encountered, 0 discovered, 0 enqueued
[16.842s][info][gc,ref      ] GC(80) Phantom: 21 encountered, 11 discovered, 0 enqueued
[16.842s][info][gc,reloc    ] GC(80) Small Pages: 313 / 626M, Empty: 578M, Relocated: 3M, In-Place: 0
[16.842s][info][gc,reloc    ] GC(80) Medium Pages: 2 / 64M, Empty: 0M, Relocated: 1M, In-Place: 0
[16.842s][info][gc,reloc    ] GC(80) Large Pages: 0 / 0M, Empty: 0M, Relocated: 0M, In-Place: 0
[16.842s][info][gc,reloc    ] GC(80) Forwarding Usage: 1M
[16.842s][info][gc,heap     ] GC(80) Min Capacity: 8M(1%)
[16.843s][info][gc,heap     ] GC(80) Max Capacity: 1024M(100%)
[16.843s][info][gc,heap     ] GC(80) Soft Max Capacity: 1024M(100%)
[16.843s][info][gc,heap     ] GC(80)                Mark Start          Mark End        Relocate Start      Relocate End           High               Low         
[16.843s][info][gc,heap     ] GC(80)  Capacity:     1024M (100%)       1024M (100%)       1024M (100%)       1024M (100%)       1024M (100%)       1024M (100%)   
[16.843s][info][gc,heap     ] GC(80)      Free:      334M (33%)         280M (27%)         836M (82%)         880M (86%)         884M (86%)         272M (27%)    
[16.843s][info][gc,heap     ] GC(80)      Used:      690M (67%)         744M (73%)         188M (18%)         144M (14%)         752M (73%)         140M (14%)    
[16.843s][info][gc,heap     ] GC(80)      Live:         -                19M (2%)           19M (2%)           19M (2%)             -                  -          
[16.843s][info][gc,heap     ] GC(80) Allocated:         -                54M (5%)           76M (7%)           87M (9%)             -                  -          
[16.843s][info][gc,heap     ] GC(80)   Garbage:         -               670M (65%)          92M (9%)           36M (4%)             -                  -          
[16.843s][info][gc,heap     ] GC(80) Reclaimed:         -                  -               578M (56%)         633M (62%)            -                  -          
[16.843s][info][gc          ] GC(80) Garbage Collection (Allocation Rate) 690M(67%)->144M(14%)
[16.989s][info][gc,start    ] GC(81) Garbage Collection (Allocation Rate)
[16.989s][info][gc,task     ] GC(81) Using 2 workers
[16.989s][info][gc,phases   ] GC(81) Pause Mark Start 0.017ms
[17.032s][info][gc,phases   ] GC(81) Concurrent Mark 42.600ms
[17.032s][info][gc,phases   ] GC(81) Pause Mark End 0.015ms
[17.032s][info][gc,phases   ] GC(81) Concurrent Mark Free 0.001ms
[17.035s][info][gc,phases   ] GC(81) Concurrent Process Non-Strong References 2.374ms
[17.035s][info][gc,phases   ] GC(81) Concurrent Reset Relocation Set 0.003ms
[17.039s][info][gc,phases   ] GC(81) Concurrent Select Relocation Set 3.961ms
[17.039s][info][gc,phases   ] GC(81) Pause Relocate Start 0.008ms
[17.041s][info][gc,phases   ] GC(81) Concurrent Relocate 2.091ms
[17.041s][info][gc,load     ] GC(81) Load: 0.00/0.00/0.00
[17.041s][info][gc,mmu      ] GC(81) MMU: 2ms/98.9%, 5ms/99.4%, 10ms/99.7%, 20ms/99.8%, 50ms/99.9%, 100ms/99.9%
[17.041s][info][gc,marking  ] GC(81) Mark: 2 stripe(s), 2 proactive flush(es), 1 terminate flush(es), 0 completion(s), 0 continuation(s) 
[17.041s][info][gc,marking  ] GC(81) Mark Stack Usage: 32M
[17.041s][info][gc,nmethod  ] GC(81) NMethods: 1346 registered, 52 unregistered
[17.041s][info][gc,metaspace] GC(81) Metaspace: 8M used, 8M committed, 1088M reserved
[17.041s][info][gc,ref      ] GC(81) Soft: 174 encountered, 0 discovered, 0 enqueued
[17.041s][info][gc,ref      ] GC(81) Weak: 570 encountered, 316 discovered, 0 enqueued
[17.041s][info][gc,ref      ] GC(81) Final: 0 encountered, 0 discovered, 0 enqueued
[17.041s][info][gc,ref      ] GC(81) Phantom: 21 encountered, 11 discovered, 0 enqueued
[17.041s][info][gc,reloc    ] GC(81) Small Pages: 240 / 480M, Empty: 442M, Relocated: 1M, In-Place: 0
[17.041s][info][gc,reloc    ] GC(81) Medium Pages: 2 / 64M, Empty: 0M, Relocated: 1M, In-Place: 0
[17.041s][info][gc,reloc    ] GC(81) Large Pages: 0 / 0M, Empty: 0M, Relocated: 0M, In-Place: 0
[17.041s][info][gc,reloc    ] GC(81) Forwarding Usage: 0M
[17.041s][info][gc,heap     ] GC(81) Min Capacity: 8M(1%)
[17.041s][info][gc,heap     ] GC(81) Max Capacity: 1024M(100%)
[17.041s][info][gc,heap     ] GC(81) Soft Max Capacity: 1024M(100%)
[17.041s][info][gc,heap     ] GC(81)                Mark Start          Mark End        Relocate Start      Relocate End           High               Low         
[17.041s][info][gc,heap     ] GC(81)  Capacity:     1024M (100%)       1024M (100%)       1024M (100%)       1024M (100%)       1024M (100%)       1024M (100%)   
[17.042s][info][gc,heap     ] GC(81)      Free:      480M (47%)         374M (37%)         800M (78%)         836M (82%)         840M (82%)         368M (36%)    
[17.042s][info][gc,heap     ] GC(81)      Used:      544M (53%)         650M (63%)         224M (22%)         188M (18%)         656M (64%)         184M (18%)    
[17.042s][info][gc,heap     ] GC(81)      Live:         -                21M (2%)           21M (2%)           21M (2%)             -                  -          
[17.042s][info][gc,heap     ] GC(81) Allocated:         -               106M (10%)         122M (12%)         127M (12%)            -                  -          
[17.042s][info][gc,heap     ] GC(81)   Garbage:         -               522M (51%)          80M (8%)           38M (4%)             -                  -          
[17.042s][info][gc,heap     ] GC(81) Reclaimed:         -                  -               442M (43%)         483M (47%)            -                  -          
[17.042s][info][gc          ] GC(81) Garbage Collection (Allocation Rate) 544M(53%)->188M(18%)
[17.190s][info][gc,start    ] GC(82) Garbage Collection (Allocation Rate)
[17.190s][info][gc,task     ] GC(82) Using 2 workers
[17.190s][info][gc,phases   ] GC(82) Pause Mark Start 0.017ms
[17.234s][info][gc,phases   ] GC(82) Concurrent Mark 43.534ms
[17.234s][info][gc,phases   ] GC(82) Pause Mark End 0.016ms
[17.234s][info][gc,phases   ] GC(82) Concurrent Mark Free 0.001ms
[17.236s][info][gc,phases   ] GC(82) Concurrent Process Non-Strong References 2.476ms
[17.236s][info][gc,phases   ] GC(82) Concurrent Reset Relocation Set 0.002ms
[17.242s][info][gc,phases   ] GC(82) Concurrent Select Relocation Set 5.470ms
[17.242s][info][gc,phases   ] GC(82) Pause Relocate Start 0.005ms
[17.245s][info][gc,phases   ] GC(82) Concurrent Relocate 2.615ms
[17.245s][info][gc,load     ] GC(82) Load: 0.00/0.00/0.00
[17.245s][info][gc,mmu      ] GC(82) MMU: 2ms/98.9%, 5ms/99.4%, 10ms/99.7%, 20ms/99.8%, 50ms/99.9%, 100ms/99.9%
[17.245s][info][gc,marking  ] GC(82) Mark: 2 stripe(s), 2 proactive flush(es), 1 terminate flush(es), 0 completion(s), 0 continuation(s) 
[17.245s][info][gc,marking  ] GC(82) Mark Stack Usage: 32M
[17.245s][info][gc,nmethod  ] GC(82) NMethods: 1346 registered, 52 unregistered
[17.245s][info][gc,metaspace] GC(82) Metaspace: 8M used, 8M committed, 1088M reserved
[17.245s][info][gc,ref      ] GC(82) Soft: 174 encountered, 0 discovered, 0 enqueued
[17.245s][info][gc,ref      ] GC(82) Weak: 570 encountered, 316 discovered, 0 enqueued
[17.245s][info][gc,ref      ] GC(82) Final: 0 encountered, 0 discovered, 0 enqueued
[17.245s][info][gc,ref      ] GC(82) Phantom: 21 encountered, 11 discovered, 0 enqueued
[17.245s][info][gc,reloc    ] GC(82) Small Pages: 268 / 536M, Empty: 500M, Relocated: 3M, In-Place: 0
[17.245s][info][gc,reloc    ] GC(82) Medium Pages: 1 / 32M, Empty: 0M, Relocated: 0M, In-Place: 0
[17.245s][info][gc,reloc    ] GC(82) Large Pages: 0 / 0M, Empty: 0M, Relocated: 0M, In-Place: 0
[17.245s][info][gc,reloc    ] GC(82) Forwarding Usage: 1M
[17.245s][info][gc,heap     ] GC(82) Min Capacity: 8M(1%)
[17.245s][info][gc,heap     ] GC(82) Max Capacity: 1024M(100%)
[17.245s][info][gc,heap     ] GC(82) Soft Max Capacity: 1024M(100%)
[17.245s][info][gc,heap     ] GC(82)                Mark Start          Mark End        Relocate Start      Relocate End           High               Low         
[17.245s][info][gc,heap     ] GC(82)  Capacity:     1024M (100%)       1024M (100%)       1024M (100%)       1024M (100%)       1024M (100%)       1024M (100%)   
[17.245s][info][gc,heap     ] GC(82)      Free:      456M (45%)         346M (34%)         824M (80%)         824M (80%)         828M (81%)         338M (33%)    
[17.245s][info][gc,heap     ] GC(82)      Used:      568M (55%)         678M (66%)         200M (20%)         200M (20%)         686M (67%)         196M (19%)    
[17.245s][info][gc,heap     ] GC(82)      Live:         -                23M (2%)           23M (2%)           23M (2%)             -                  -          
[17.245s][info][gc,heap     ] GC(82) Allocated:         -               110M (11%)         132M (13%)         137M (13%)            -                  -          
[17.245s][info][gc,heap     ] GC(82)   Garbage:         -               544M (53%)          44M (4%)           38M (4%)             -                  -          
[17.245s][info][gc,heap     ] GC(82) Reclaimed:         -                  -               500M (49%)         505M (49%)            -                  -          
[17.246s][info][gc          ] GC(82) Garbage Collection (Allocation Rate) 568M(55%)->200M(20%)
[17.390s][info][gc,start    ] GC(83) Garbage Collection (Allocation Rate)
[17.390s][info][gc,task     ] GC(83) Using 2 workers
[17.390s][info][gc,phases   ] GC(83) Pause Mark Start 0.016ms
[17.434s][info][gc,phases   ] GC(83) Concurrent Mark 43.578ms
[17.434s][info][gc,phases   ] GC(83) Pause Mark End 0.012ms
[17.434s][info][gc,phases   ] GC(83) Concurrent Mark Free 0.001ms
[17.436s][info][gc,phases   ] GC(83) Concurrent Process Non-Strong References 2.286ms
[17.436s][info][gc,phases   ] GC(83) Concurrent Reset Relocation Set 0.002ms
[17.442s][info][gc,phases   ] GC(83) Concurrent Select Relocation Set 5.702ms
[17.442s][info][gc,phases   ] GC(83) Pause Relocate Start 0.003ms
[17.447s][info][gc,phases   ] GC(83) Concurrent Relocate 4.899ms
[17.447s][info][gc,load     ] GC(83) Load: 0.00/0.00/0.00
[17.447s][info][gc,mmu      ] GC(83) MMU: 2ms/98.9%, 5ms/99.4%, 10ms/99.7%, 20ms/99.8%, 50ms/99.9%, 100ms/99.9%
[17.447s][info][gc,marking  ] GC(83) Mark: 2 stripe(s), 2 proactive flush(es), 1 terminate flush(es), 0 completion(s), 0 continuation(s) 
[17.447s][info][gc,marking  ] GC(83) Mark Stack Usage: 32M
[17.447s][info][gc,nmethod  ] GC(83) NMethods: 1346 registered, 52 unregistered
[17.447s][info][gc,metaspace] GC(83) Metaspace: 8M used, 8M committed, 1088M reserved
[17.447s][info][gc,ref      ] GC(83) Soft: 174 encountered, 0 discovered, 0 enqueued
[17.447s][info][gc,ref      ] GC(83) Weak: 570 encountered, 311 discovered, 0 enqueued
[17.447s][info][gc,ref      ] GC(83) Final: 0 encountered, 0 discovered, 0 enqueued
[17.447s][info][gc,ref      ] GC(83) Phantom: 21 encountered, 12 discovered, 0 enqueued
[17.447s][info][gc,reloc    ] GC(83) Small Pages: 276 / 552M, Empty: 512M, Relocated: 3M, In-Place: 0
[17.447s][info][gc,reloc    ] GC(83) Medium Pages: 1 / 32M, Empty: 0M, Relocated: 0M, In-Place: 0
[17.447s][info][gc,reloc    ] GC(83) Large Pages: 0 / 0M, Empty: 0M, Relocated: 0M, In-Place: 0
[17.447s][info][gc,reloc    ] GC(83) Forwarding Usage: 1M
[17.447s][info][gc,heap     ] GC(83) Min Capacity: 8M(1%)
[17.447s][info][gc,heap     ] GC(83) Max Capacity: 1024M(100%)
[17.447s][info][gc,heap     ] GC(83) Soft Max Capacity: 1024M(100%)
[17.447s][info][gc,heap     ] GC(83)                Mark Start          Mark End        Relocate Start      Relocate End           High               Low         
[17.447s][info][gc,heap     ] GC(83)  Capacity:     1024M (100%)       1024M (100%)       1024M (100%)       1024M (100%)       1024M (100%)       1024M (100%)   
[17.447s][info][gc,heap     ] GC(83)      Free:      440M (43%)         356M (35%)         846M (83%)         844M (82%)         862M (84%)         350M (34%)    
[17.448s][info][gc,heap     ] GC(83)      Used:      584M (57%)         668M (65%)         178M (17%)         180M (18%)         674M (66%)         162M (16%)    
[17.448s][info][gc,heap     ] GC(83)      Live:         -                24M (2%)           24M (2%)           24M (2%)             -                  -          
[17.448s][info][gc,heap     ] GC(83) Allocated:         -                84M (8%)          106M (10%)         117M (12%)            -                  -          
[17.448s][info][gc,heap     ] GC(83)   Garbage:         -               559M (55%)          47M (5%)           37M (4%)             -                  -          
[17.448s][info][gc,heap     ] GC(83) Reclaimed:         -                  -               512M (50%)         521M (51%)            -                  -          
[17.448s][info][gc          ] GC(83) Garbage Collection (Allocation Rate) 584M(57%)->180M(18%)
[17.703s][info][gc,start    ] GC(84) Garbage Collection (Allocation Rate)
[17.703s][info][gc,task     ] GC(84) Using 2 workers
[17.704s][info][gc,phases   ] GC(84) Pause Mark Start 0.013ms
[17.750s][info][gc,phases   ] GC(84) Concurrent Mark 46.534ms
[17.750s][info][gc,phases   ] GC(84) Pause Mark End 0.013ms
[17.750s][info][gc,phases   ] GC(84) Concurrent Mark Free 0.001ms
[17.752s][info][gc,phases   ] GC(84) Concurrent Process Non-Strong References 1.974ms
[17.752s][info][gc,phases   ] GC(84) Concurrent Reset Relocation Set 0.002ms
[17.758s][info][gc,phases   ] GC(84) Concurrent Select Relocation Set 5.958ms
[17.759s][info][gc,phases   ] GC(84) Pause Relocate Start 0.006ms
[17.762s][info][gc,phases   ] GC(84) Concurrent Relocate 3.789ms
[17.762s][info][gc,load     ] GC(84) Load: 0.00/0.00/0.00
[17.762s][info][gc,mmu      ] GC(84) MMU: 2ms/98.9%, 5ms/99.4%, 10ms/99.7%, 20ms/99.8%, 50ms/99.9%, 100ms/99.9%
[17.762s][info][gc,marking  ] GC(84) Mark: 2 stripe(s), 2 proactive flush(es), 1 terminate flush(es), 0 completion(s), 0 continuation(s) 
[17.762s][info][gc,marking  ] GC(84) Mark Stack Usage: 32M
[17.763s][info][gc,nmethod  ] GC(84) NMethods: 1346 registered, 52 unregistered
[17.763s][info][gc,metaspace] GC(84) Metaspace: 8M used, 8M committed, 1088M reserved
[17.763s][info][gc,ref      ] GC(84) Soft: 174 encountered, 0 discovered, 0 enqueued
[17.763s][info][gc,ref      ] GC(84) Weak: 570 encountered, 351 discovered, 0 enqueued
[17.763s][info][gc,ref      ] GC(84) Final: 0 encountered, 0 discovered, 0 enqueued
[17.763s][info][gc,ref      ] GC(84) Phantom: 21 encountered, 13 discovered, 0 enqueued
[17.763s][info][gc,reloc    ] GC(84) Small Pages: 369 / 738M, Empty: 680M, Relocated: 3M, In-Place: 0
[17.763s][info][gc,reloc    ] GC(84) Medium Pages: 2 / 64M, Empty: 0M, Relocated: 2M, In-Place: 0
[17.763s][info][gc,reloc    ] GC(84) Large Pages: 0 / 0M, Empty: 0M, Relocated: 0M, In-Place: 0
[17.763s][info][gc,reloc    ] GC(84) Forwarding Usage: 1M
[17.763s][info][gc,heap     ] GC(84) Min Capacity: 8M(1%)
[17.763s][info][gc,heap     ] GC(84) Max Capacity: 1024M(100%)
[17.763s][info][gc,heap     ] GC(84) Soft Max Capacity: 1024M(100%)
[17.763s][info][gc,heap     ] GC(84)                Mark Start          Mark End        Relocate Start      Relocate End           High               Low         
[17.763s][info][gc,heap     ] GC(84)  Capacity:     1024M (100%)       1024M (100%)       1024M (100%)       1024M (100%)       1024M (100%)       1024M (100%)   
[17.763s][info][gc,heap     ] GC(84)      Free:      222M (22%)         144M (14%)         808M (79%)         856M (84%)         860M (84%)         142M (14%)    
[17.763s][info][gc,heap     ] GC(84)      Used:      802M (78%)         880M (86%)         216M (21%)         168M (16%)         882M (86%)         164M (16%)    
[17.763s][info][gc,heap     ] GC(84)      Live:         -                26M (3%)           26M (3%)           26M (3%)             -                  -          
[17.763s][info][gc,heap     ] GC(84) Allocated:         -                78M (8%)           94M (9%)          103M (10%)            -                  -          
[17.763s][info][gc,heap     ] GC(84)   Garbage:         -               775M (76%)          95M (9%)           37M (4%)             -                  -          
[17.763s][info][gc,heap     ] GC(84) Reclaimed:         -                  -               680M (66%)         737M (72%)            -                  -          
[17.763s][info][gc          ] GC(84) Garbage Collection (Allocation Rate) 802M(78%)->168M(16%)
[17.990s][info][gc,start    ] GC(85) Garbage Collection (Allocation Rate)
[17.990s][info][gc,task     ] GC(85) Using 2 workers
[17.990s][info][gc,phases   ] GC(85) Pause Mark Start 0.017ms
[18.046s][info][gc,phases   ] GC(85) Concurrent Mark 55.516ms
[18.046s][info][gc,phases   ] GC(85) Pause Mark End 0.017ms
[18.046s][info][gc,phases   ] GC(85) Concurrent Mark Free 0.001ms
[18.048s][info][gc,phases   ] GC(85) Concurrent Process Non-Strong References 1.966ms
[18.048s][info][gc,phases   ] GC(85) Concurrent Reset Relocation Set 0.002ms
[18.050s][info][gc,phases   ] GC(85) Concurrent Select Relocation Set 2.372ms
[18.050s][info][gc,phases   ] GC(85) Pause Relocate Start 0.005ms
[18.055s][info][gc,phases   ] GC(85) Concurrent Relocate 4.677ms
[18.055s][info][gc,load     ] GC(85) Load: 0.00/0.00/0.00
[18.055s][info][gc,mmu      ] GC(85) MMU: 2ms/98.9%, 5ms/99.4%, 10ms/99.7%, 20ms/99.8%, 50ms/99.9%, 100ms/99.9%
[18.055s][info][gc,marking  ] GC(85) Mark: 2 stripe(s), 2 proactive flush(es), 1 terminate flush(es), 0 completion(s), 0 continuation(s) 
[18.055s][info][gc,marking  ] GC(85) Mark Stack Usage: 32M
[18.055s][info][gc,nmethod  ] GC(85) NMethods: 1346 registered, 52 unregistered
[18.055s][info][gc,metaspace] GC(85) Metaspace: 8M used, 8M committed, 1088M reserved
[18.055s][info][gc,ref      ] GC(85) Soft: 174 encountered, 0 discovered, 0 enqueued
[18.055s][info][gc,ref      ] GC(85) Weak: 570 encountered, 315 discovered, 0 enqueued
[18.055s][info][gc,ref      ] GC(85) Final: 0 encountered, 0 discovered, 0 enqueued
[18.055s][info][gc,ref      ] GC(85) Phantom: 21 encountered, 11 discovered, 0 enqueued
[18.055s][info][gc,reloc    ] GC(85) Small Pages: 359 / 718M, Empty: 668M, Relocated: 3M, In-Place: 0
[18.055s][info][gc,reloc    ] GC(85) Medium Pages: 1 / 32M, Empty: 0M, Relocated: 0M, In-Place: 0
[18.055s][info][gc,reloc    ] GC(85) Large Pages: 0 / 0M, Empty: 0M, Relocated: 0M, In-Place: 0
[18.055s][info][gc,reloc    ] GC(85) Forwarding Usage: 1M
[18.055s][info][gc,heap     ] GC(85) Min Capacity: 8M(1%)
[18.055s][info][gc,heap     ] GC(85) Max Capacity: 1024M(100%)
[18.055s][info][gc,heap     ] GC(85) Soft Max Capacity: 1024M(100%)
[18.055s][info][gc,heap     ] GC(85)                Mark Start          Mark End        Relocate Start      Relocate End           High               Low         
[18.055s][info][gc,heap     ] GC(85)  Capacity:     1024M (100%)       1024M (100%)       1024M (100%)       1024M (100%)       1024M (100%)       1024M (100%)   
[18.055s][info][gc,heap     ] GC(85)      Free:      274M (27%)         158M (15%)         822M (80%)         834M (81%)         834M (81%)         156M (15%)    
[18.055s][info][gc,heap     ] GC(85)      Used:      750M (73%)         866M (85%)         202M (20%)         190M (19%)         868M (85%)         190M (19%)    
[18.055s][info][gc,heap     ] GC(85)      Live:         -                28M (3%)           28M (3%)           28M (3%)             -                  -          
[18.055s][info][gc,heap     ] GC(85) Allocated:         -               116M (11%)         120M (12%)         123M (12%)            -                  -          
[18.055s][info][gc,heap     ] GC(85)   Garbage:         -               721M (71%)          53M (5%)           37M (4%)             -                  -          
[18.055s][info][gc,heap     ] GC(85) Reclaimed:         -                  -               668M (65%)         683M (67%)            -                  -          
[18.055s][info][gc          ] GC(85) Garbage Collection (Allocation Rate) 750M(73%)->190M(19%)
[18.289s][info][gc,start    ] GC(86) Garbage Collection (Allocation Rate)
[18.289s][info][gc,task     ] GC(86) Using 2 workers
[18.289s][info][gc,phases   ] GC(86) Pause Mark Start 0.016ms
[18.341s][info][gc,phases   ] GC(86) Concurrent Mark 51.576ms
[18.341s][info][gc,phases   ] GC(86) Pause Mark End 0.015ms
[18.341s][info][gc,phases   ] GC(86) Concurrent Mark Free 0.001ms
[18.344s][info][gc,phases   ] GC(86) Concurrent Process Non-Strong References 2.486ms
[18.344s][info][gc,phases   ] GC(86) Concurrent Reset Relocation Set 0.003ms
[18.350s][info][gc,phases   ] GC(86) Concurrent Select Relocation Set 6.074ms
[18.350s][info][gc,phases   ] GC(86) Pause Relocate Start 0.005ms
[18.355s][info][gc,phases   ] GC(86) Concurrent Relocate 4.996ms
[18.355s][info][gc,load     ] GC(86) Load: 0.00/0.00/0.00
[18.355s][info][gc,mmu      ] GC(86) MMU: 2ms/98.9%, 5ms/99.4%, 10ms/99.7%, 20ms/99.8%, 50ms/99.9%, 100ms/99.9%
[18.355s][info][gc,marking  ] GC(86) Mark: 2 stripe(s), 2 proactive flush(es), 1 terminate flush(es), 0 completion(s), 0 continuation(s) 
[18.355s][info][gc,marking  ] GC(86) Mark Stack Usage: 32M
[18.355s][info][gc,nmethod  ] GC(86) NMethods: 1346 registered, 52 unregistered
[18.355s][info][gc,metaspace] GC(86) Metaspace: 8M used, 8M committed, 1088M reserved
[18.355s][info][gc,ref      ] GC(86) Soft: 174 encountered, 0 discovered, 0 enqueued
[18.355s][info][gc,ref      ] GC(86) Weak: 570 encountered, 327 discovered, 0 enqueued
[18.356s][info][gc,ref      ] GC(86) Final: 0 encountered, 0 discovered, 0 enqueued
[18.356s][info][gc,ref      ] GC(86) Phantom: 21 encountered, 11 discovered, 0 enqueued
[18.356s][info][gc,reloc    ] GC(86) Small Pages: 204 / 408M, Empty: 360M, Relocated: 4M, In-Place: 0
[18.356s][info][gc,reloc    ] GC(86) Medium Pages: 2 / 64M, Empty: 0M, Relocated: 2M, In-Place: 0
[18.356s][info][gc,reloc    ] GC(86) Large Pages: 0 / 0M, Empty: 0M, Relocated: 0M, In-Place: 0
[18.356s][info][gc,reloc    ] GC(86) Forwarding Usage: 1M
[18.356s][info][gc,heap     ] GC(86) Min Capacity: 8M(1%)
[18.356s][info][gc,heap     ] GC(86) Max Capacity: 1024M(100%)
[18.356s][info][gc,heap     ] GC(86) Soft Max Capacity: 1024M(100%)
[18.356s][info][gc,heap     ] GC(86)                Mark Start          Mark End        Relocate Start      Relocate End           High               Low         
[18.356s][info][gc,heap     ] GC(86)  Capacity:     1024M (100%)       1024M (100%)       1024M (100%)       1024M (100%)       1024M (100%)       1024M (100%)   
[18.356s][info][gc,heap     ] GC(86)      Free:      552M (54%)         508M (50%)         864M (84%)         904M (88%)         904M (88%)         506M (49%)    
[18.356s][info][gc,heap     ] GC(86)      Used:      472M (46%)         516M (50%)         160M (16%)         120M (12%)         518M (51%)         120M (12%)    
[18.356s][info][gc,heap     ] GC(86)      Live:         -                32M (3%)           32M (3%)           32M (3%)             -                  -          
[18.356s][info][gc,heap     ] GC(86) Allocated:         -                44M (4%)           48M (5%)           47M (5%)             -                  -          
[18.356s][info][gc,heap     ] GC(86)   Garbage:         -               439M (43%)          79M (8%)           39M (4%)             -                  -          
[18.356s][info][gc,heap     ] GC(86) Reclaimed:         -                  -               360M (35%)         399M (39%)            -                  -          
[18.356s][info][gc          ] GC(86) Garbage Collection (Allocation Rate) 472M(46%)->120M(12%)
[18.590s][info][gc,start    ] GC(87) Garbage Collection (Allocation Rate)
[18.590s][info][gc,task     ] GC(87) Using 5 workers
[18.590s][info][gc,phases   ] GC(87) Pause Mark Start 0.017ms
[18.618s][info][gc,phases   ] GC(87) Concurrent Mark 27.561ms
[18.618s][info][gc,phases   ] GC(87) Pause Mark End 0.013ms
[18.618s][info][gc,phases   ] GC(87) Concurrent Mark Free 0.001ms
[18.619s][info][gc,phases   ] GC(87) Concurrent Process Non-Strong References 0.878ms
[18.619s][info][gc,phases   ] GC(87) Concurrent Reset Relocation Set 0.002ms
[18.623s][info][gc,phases   ] GC(87) Concurrent Select Relocation Set 3.815ms
[18.623s][info][gc,phases   ] GC(87) Pause Relocate Start 0.004ms
[18.625s][info][gc,phases   ] GC(87) Concurrent Relocate 2.189ms
[18.625s][info][gc,load     ] GC(87) Load: 0.00/0.00/0.00
[18.625s][info][gc,mmu      ] GC(87) MMU: 2ms/98.9%, 5ms/99.4%, 10ms/99.7%, 20ms/99.8%, 50ms/99.9%, 100ms/99.9%
[18.625s][info][gc,marking  ] GC(87) Mark: 4 stripe(s), 3 proactive flush(es), 1 terminate flush(es), 0 completion(s), 0 continuation(s) 
[18.625s][info][gc,marking  ] GC(87) Mark Stack Usage: 32M
[18.625s][info][gc,nmethod  ] GC(87) NMethods: 1346 registered, 52 unregistered
[18.625s][info][gc,metaspace] GC(87) Metaspace: 8M used, 8M committed, 1088M reserved
[18.625s][info][gc,ref      ] GC(87) Soft: 174 encountered, 0 discovered, 0 enqueued
[18.625s][info][gc,ref      ] GC(87) Weak: 570 encountered, 351 discovered, 0 enqueued
[18.625s][info][gc,ref      ] GC(87) Final: 0 encountered, 0 discovered, 0 enqueued
[18.625s][info][gc,ref      ] GC(87) Phantom: 21 encountered, 13 discovered, 0 enqueued
[18.625s][info][gc,reloc    ] GC(87) Small Pages: 43 / 86M, Empty: 44M, Relocated: 3M, In-Place: 0
[18.625s][info][gc,reloc    ] GC(87) Medium Pages: 2 / 64M, Empty: 32M, Relocated: 0M, In-Place: 0
[18.625s][info][gc,reloc    ] GC(87) Large Pages: 0 / 0M, Empty: 0M, Relocated: 0M, In-Place: 0
[18.625s][info][gc,reloc    ] GC(87) Forwarding Usage: 1M
[18.625s][info][gc,heap     ] GC(87) Min Capacity: 8M(1%)
[18.625s][info][gc,heap     ] GC(87) Max Capacity: 1024M(100%)
[18.625s][info][gc,heap     ] GC(87) Soft Max Capacity: 1024M(100%)
[18.625s][info][gc,heap     ] GC(87)                Mark Start          Mark End        Relocate Start      Relocate End           High               Low         
[18.626s][info][gc,heap     ] GC(87)  Capacity:     1024M (100%)       1024M (100%)       1024M (100%)       1024M (100%)       1024M (100%)       1024M (100%)   
[18.626s][info][gc,heap     ] GC(87)      Free:      874M (85%)         858M (84%)         930M (91%)         930M (91%)         930M (91%)         854M (83%)    
[18.626s][info][gc,heap     ] GC(87)      Used:      150M (15%)         166M (16%)          94M (9%)           94M (9%)          170M (17%)          94M (9%)     
[18.626s][info][gc,heap     ] GC(87)      Live:         -                30M (3%)           30M (3%)           30M (3%)             -                  -          
[18.626s][info][gc,heap     ] GC(87) Allocated:         -                16M (2%)           20M (2%)           21M (2%)             -                  -          
[18.626s][info][gc,heap     ] GC(87)   Garbage:         -               119M (12%)          43M (4%)           41M (4%)             -                  -          
[18.626s][info][gc,heap     ] GC(87) Reclaimed:         -                  -                76M (7%)           77M (8%)             -                  -          
[18.626s][info][gc          ] GC(87) Garbage Collection (Allocation Rate) 150M(15%)->94M(9%)
[18.635s][info][gc,start    ] GC(88) Garbage Collection (System.gc())
[18.635s][info][gc,task     ] GC(88) Using 10 workers
[18.635s][info][gc,phases   ] GC(88) Pause Mark Start 0.008ms
[18.641s][info][gc,phases   ] GC(88) Concurrent Mark 5.186ms
[18.641s][info][gc,phases   ] GC(88) Pause Mark End 0.013ms
[18.641s][info][gc,phases   ] GC(88) Concurrent Mark Free 0.001ms
[18.641s][info][gc,phases   ] GC(88) Concurrent Process Non-Strong References 0.570ms
[18.641s][info][gc,phases   ] GC(88) Concurrent Reset Relocation Set 0.001ms
[18.645s][info][gc,phases   ] GC(88) Concurrent Select Relocation Set 3.589ms
[18.645s][info][gc,phases   ] GC(88) Pause Relocate Start 0.006ms
[18.647s][info][gc,phases   ] GC(88) Concurrent Relocate 1.844ms
[18.647s][info][gc,load     ] GC(88) Load: 0.00/0.00/0.00
[18.647s][info][gc,mmu      ] GC(88) MMU: 2ms/98.9%, 5ms/99.4%, 10ms/99.7%, 20ms/99.8%, 50ms/99.9%, 100ms/99.9%
[18.647s][info][gc,marking  ] GC(88) Mark: 8 stripe(s), 4 proactive flush(es), 1 terminate flush(es), 0 completion(s), 0 continuation(s) 
[18.647s][info][gc,marking  ] GC(88) Mark Stack Usage: 32M
[18.647s][info][gc,nmethod  ] GC(88) NMethods: 1348 registered, 52 unregistered
[18.647s][info][gc,metaspace] GC(88) Metaspace: 8M used, 8M committed, 1088M reserved
[18.647s][info][gc,ref      ] GC(88) Soft: 174 encountered, 0 discovered, 0 enqueued
[18.647s][info][gc,ref      ] GC(88) Weak: 570 encountered, 273 discovered, 0 enqueued
[18.647s][info][gc,ref      ] GC(88) Final: 0 encountered, 0 discovered, 0 enqueued
[18.647s][info][gc,ref      ] GC(88) Phantom: 21 encountered, 14 discovered, 0 enqueued
[18.647s][info][gc,reloc    ] GC(88) Small Pages: 33 / 66M, Empty: 52M, Relocated: 3M, In-Place: 0
[18.647s][info][gc,reloc    ] GC(88) Medium Pages: 1 / 32M, Empty: 32M, Relocated: 0M, In-Place: 0
[18.647s][info][gc,reloc    ] GC(88) Large Pages: 0 / 0M, Empty: 0M, Relocated: 0M, In-Place: 0
[18.647s][info][gc,reloc    ] GC(88) Forwarding Usage: 1M
[18.647s][info][gc,heap     ] GC(88) Min Capacity: 8M(1%)
[18.647s][info][gc,heap     ] GC(88) Max Capacity: 1024M(100%)
[18.648s][info][gc,heap     ] GC(88) Soft Max Capacity: 1024M(100%)
[18.648s][info][gc,heap     ] GC(88)                Mark Start          Mark End        Relocate Start      Relocate End           High               Low         
[18.648s][info][gc,heap     ] GC(88)  Capacity:     1024M (100%)       1024M (100%)       1024M (100%)       1024M (100%)       1024M (100%)       1024M (100%)   
[18.648s][info][gc,heap     ] GC(88)      Free:      926M (90%)         926M (90%)        1010M (99%)        1010M (99%)        1010M (99%)         926M (90%)    
[18.648s][info][gc,heap     ] GC(88)      Used:       98M (10%)          98M (10%)          14M (1%)           14M (1%)           98M (10%)          14M (1%)     
[18.648s][info][gc,heap     ] GC(88)      Live:         -                 4M (0%)            4M (0%)            4M (0%)             -                  -          
[18.648s][info][gc,heap     ] GC(88) Allocated:         -                 0M (0%)            0M (0%)            0M (0%)             -                  -          
[18.648s][info][gc,heap     ] GC(88)   Garbage:         -                93M (9%)            9M (1%)            9M (1%)             -                  -          
[18.648s][info][gc,heap     ] GC(88) Reclaimed:         -                  -                84M (8%)           84M (8%)             -                  -          
[18.648s][info][gc          ] GC(88) Garbage Collection (System.gc()) 98M(10%)->14M(1%)
[18.889s][info][gc,start    ] GC(89) Garbage Collection (Allocation Rate)
[18.889s][info][gc,task     ] GC(89) Using 10 workers
[18.889s][info][gc,phases   ] GC(89) Pause Mark Start 0.017ms
[18.896s][info][gc,phases   ] GC(89) Concurrent Mark 6.650ms
[18.896s][info][gc,phases   ] GC(89) Pause Mark End 0.017ms
[18.896s][info][gc,phases   ] GC(89) Concurrent Mark Free 0.001ms
[18.897s][info][gc,phases   ] GC(89) Concurrent Process Non-Strong References 0.741ms
[18.897s][info][gc,phases   ] GC(89) Concurrent Reset Relocation Set 0.001ms
[18.903s][info][gc,phases   ] GC(89) Concurrent Select Relocation Set 5.439ms
[18.903s][info][gc,phases   ] GC(89) Pause Relocate Start 0.009ms
[18.905s][info][gc,phases   ] GC(89) Concurrent Relocate 2.022ms
[18.905s][info][gc,load     ] GC(89) Load: 0.00/0.00/0.00
[18.905s][info][gc,mmu      ] GC(89) MMU: 2ms/98.9%, 5ms/99.4%, 10ms/99.7%, 20ms/99.8%, 50ms/99.9%, 100ms/99.9%
[18.905s][info][gc,marking  ] GC(89) Mark: 8 stripe(s), 2 proactive flush(es), 1 terminate flush(es), 0 completion(s), 0 continuation(s) 
[18.905s][info][gc,marking  ] GC(89) Mark Stack Usage: 32M
[18.905s][info][gc,nmethod  ] GC(89) NMethods: 1351 registered, 52 unregistered
[18.905s][info][gc,metaspace] GC(89) Metaspace: 8M used, 8M committed, 1088M reserved
[18.905s][info][gc,ref      ] GC(89) Soft: 174 encountered, 0 discovered, 0 enqueued
[18.905s][info][gc,ref      ] GC(89) Weak: 570 encountered, 159 discovered, 0 enqueued
[18.905s][info][gc,ref      ] GC(89) Final: 0 encountered, 0 discovered, 0 enqueued
[18.905s][info][gc,ref      ] GC(89) Phantom: 21 encountered, 15 discovered, 0 enqueued
[18.905s][info][gc,reloc    ] GC(89) Small Pages: 322 / 644M, Empty: 612M, Relocated: 4M, In-Place: 0
[18.905s][info][gc,reloc    ] GC(89) Medium Pages: 0 / 0M, Empty: 0M, Relocated: 0M, In-Place: 0
[18.905s][info][gc,reloc    ] GC(89) Large Pages: 0 / 0M, Empty: 0M, Relocated: 0M, In-Place: 0
[18.905s][info][gc,reloc    ] GC(89) Forwarding Usage: 1M
[18.905s][info][gc,heap     ] GC(89) Min Capacity: 8M(1%)
[18.905s][info][gc,heap     ] GC(89) Max Capacity: 1024M(100%)
[18.905s][info][gc,heap     ] GC(89) Soft Max Capacity: 1024M(100%)
[18.906s][info][gc,heap     ] GC(89)                Mark Start          Mark End        Relocate Start      Relocate End           High               Low         
[18.906s][info][gc,heap     ] GC(89)  Capacity:     1024M (100%)       1024M (100%)       1024M (100%)       1024M (100%)       1024M (100%)       1024M (100%)   
[18.906s][info][gc,heap     ] GC(89)      Free:      380M (37%)         360M (35%)         968M (95%)         976M (95%)         976M (95%)         358M (35%)    
[18.906s][info][gc,heap     ] GC(89)      Used:      644M (63%)         664M (65%)          56M (5%)           48M (5%)          666M (65%)          48M (5%)     
[18.906s][info][gc,heap     ] GC(89)      Live:         -                 6M (1%)            6M (1%)            6M (1%)             -                  -          
[18.906s][info][gc,heap     ] GC(89) Allocated:         -                20M (2%)           24M (2%)           25M (3%)             -                  -          
[18.906s][info][gc,heap     ] GC(89)   Garbage:         -               637M (62%)          25M (3%)           15M (2%)             -                  -          
[18.906s][info][gc,heap     ] GC(89) Reclaimed:         -                  -               612M (60%)         621M (61%)            -                  -          
[18.906s][info][gc          ] GC(89) Garbage Collection (Allocation Rate) 644M(63%)->48M(5%)
[19.202s][info][gc,start    ] GC(90) Garbage Collection (Allocation Rate)
[19.202s][info][gc,task     ] GC(90) Using 10 workers
[19.202s][info][gc,phases   ] GC(90) Pause Mark Start 0.017ms
[19.218s][info][gc,phases   ] GC(90) Concurrent Mark 15.293ms
[19.218s][info][gc,phases   ] GC(90) Pause Mark End 0.015ms
[19.218s][info][gc,phases   ] GC(90) Concurrent Mark Free 0.000ms
[19.219s][info][gc,phases   ] GC(90) Concurrent Process Non-Strong References 0.691ms
[19.219s][info][gc,phases   ] GC(90) Concurrent Reset Relocation Set 0.002ms
[19.223s][info][gc,phases   ] GC(90) Concurrent Select Relocation Set 4.507ms
[19.223s][info][gc,phases   ] GC(90) Pause Relocate Start 0.006ms
[19.227s][info][gc,phases   ] GC(90) Concurrent Relocate 3.769ms
[19.227s][info][gc,load     ] GC(90) Load: 0.00/0.00/0.00
[19.227s][info][gc,mmu      ] GC(90) MMU: 2ms/98.9%, 5ms/99.4%, 10ms/99.7%, 20ms/99.8%, 50ms/99.9%, 100ms/99.9%
[19.227s][info][gc,marking  ] GC(90) Mark: 8 stripe(s), 2 proactive flush(es), 1 terminate flush(es), 0 completion(s), 0 continuation(s) 
[19.227s][info][gc,marking  ] GC(90) Mark Stack Usage: 32M
[19.227s][info][gc,nmethod  ] GC(90) NMethods: 1351 registered, 52 unregistered
[19.227s][info][gc,metaspace] GC(90) Metaspace: 8M used, 8M committed, 1088M reserved
[19.227s][info][gc,ref      ] GC(90) Soft: 174 encountered, 0 discovered, 0 enqueued
[19.227s][info][gc,ref      ] GC(90) Weak: 570 encountered, 18 discovered, 0 enqueued
[19.227s][info][gc,ref      ] GC(90) Final: 0 encountered, 0 discovered, 0 enqueued
[19.227s][info][gc,ref      ] GC(90) Phantom: 21 encountered, 10 discovered, 0 enqueued
[19.227s][info][gc,reloc    ] GC(90) Small Pages: 390 / 780M, Empty: 742M, Relocated: 6M, In-Place: 0
[19.227s][info][gc,reloc    ] GC(90) Medium Pages: 1 / 32M, Empty: 0M, Relocated: 0M, In-Place: 0
[19.227s][info][gc,reloc    ] GC(90) Large Pages: 0 / 0M, Empty: 0M, Relocated: 0M, In-Place: 0
[19.227s][info][gc,reloc    ] GC(90) Forwarding Usage: 2M
[19.227s][info][gc,heap     ] GC(90) Min Capacity: 8M(1%)
[19.227s][info][gc,heap     ] GC(90) Max Capacity: 1024M(100%)
[19.227s][info][gc,heap     ] GC(90) Soft Max Capacity: 1024M(100%)
[19.227s][info][gc,heap     ] GC(90)                Mark Start          Mark End        Relocate Start      Relocate End           High               Low         
[19.227s][info][gc,heap     ] GC(90)  Capacity:     1024M (100%)       1024M (100%)       1024M (100%)       1024M (100%)       1024M (100%)       1024M (100%)   
[19.227s][info][gc,heap     ] GC(90)      Free:      212M (21%)         196M (19%)         930M (91%)         940M (92%)         940M (92%)         194M (19%)    
[19.227s][info][gc,heap     ] GC(90)      Used:      812M (79%)         828M (81%)          94M (9%)           84M (8%)          830M (81%)          84M (8%)     
[19.227s][info][gc,heap     ] GC(90)      Live:         -                 8M (1%)            8M (1%)            8M (1%)             -                  -          
[19.228s][info][gc,heap     ] GC(90) Allocated:         -                16M (2%)           24M (2%)           29M (3%)             -                  -          
[19.228s][info][gc,heap     ] GC(90)   Garbage:         -               803M (78%)          61M (6%)           45M (4%)             -                  -          
[19.228s][info][gc,heap     ] GC(90) Reclaimed:         -                  -               742M (72%)         757M (74%)            -                  -          
[19.228s][info][gc          ] GC(90) Garbage Collection (Allocation Rate) 812M(79%)->84M(8%)
[19.390s][info][gc,start    ] GC(91) Garbage Collection (Allocation Rate)
[19.390s][info][gc,task     ] GC(91) Using 4 workers
[19.390s][info][gc,phases   ] GC(91) Pause Mark Start 0.016ms
[19.421s][info][gc,phases   ] GC(91) Concurrent Mark 30.877ms
[19.421s][info][gc,phases   ] GC(91) Pause Mark End 0.019ms
[19.421s][info][gc,phases   ] GC(91) Concurrent Mark Free 0.001ms
[19.423s][info][gc,phases   ] GC(91) Concurrent Process Non-Strong References 1.507ms
[19.423s][info][gc,phases   ] GC(91) Concurrent Reset Relocation Set 0.003ms
[19.427s][info][gc,phases   ] GC(91) Concurrent Select Relocation Set 3.951ms
[19.427s][info][gc,phases   ] GC(91) Pause Relocate Start 0.007ms
[19.431s][info][gc,phases   ] GC(91) Concurrent Relocate 4.652ms
[19.431s][info][gc,load     ] GC(91) Load: 0.00/0.00/0.00
[19.431s][info][gc,mmu      ] GC(91) MMU: 2ms/98.9%, 5ms/99.4%, 10ms/99.7%, 20ms/99.8%, 50ms/99.9%, 100ms/99.9%
[19.431s][info][gc,marking  ] GC(91) Mark: 4 stripe(s), 2 proactive flush(es), 1 terminate flush(es), 0 completion(s), 0 continuation(s) 
[19.432s][info][gc,marking  ] GC(91) Mark Stack Usage: 32M
[19.432s][info][gc,nmethod  ] GC(91) NMethods: 1351 registered, 52 unregistered
[19.432s][info][gc,metaspace] GC(91) Metaspace: 8M used, 8M committed, 1088M reserved
[19.432s][info][gc,ref      ] GC(91) Soft: 174 encountered, 0 discovered, 0 enqueued
[19.432s][info][gc,ref      ] GC(91) Weak: 570 encountered, 33 discovered, 0 enqueued
[19.432s][info][gc,ref      ] GC(91) Final: 0 encountered, 0 discovered, 0 enqueued
[19.432s][info][gc,ref      ] GC(91) Phantom: 21 encountered, 19 discovered, 0 enqueued
[19.432s][info][gc,reloc    ] GC(91) Small Pages: 209 / 418M, Empty: 384M, Relocated: 4M, In-Place: 0
[19.432s][info][gc,reloc    ] GC(91) Medium Pages: 2 / 64M, Empty: 32M, Relocated: 0M, In-Place: 0
[19.432s][info][gc,reloc    ] GC(91) Large Pages: 0 / 0M, Empty: 0M, Relocated: 0M, In-Place: 0
[19.432s][info][gc,reloc    ] GC(91) Forwarding Usage: 1M
[19.432s][info][gc,heap     ] GC(91) Min Capacity: 8M(1%)
[19.432s][info][gc,heap     ] GC(91) Max Capacity: 1024M(100%)
[19.432s][info][gc,heap     ] GC(91) Soft Max Capacity: 1024M(100%)
[19.432s][info][gc,heap     ] GC(91)                Mark Start          Mark End        Relocate Start      Relocate End           High               Low         
[19.432s][info][gc,heap     ] GC(91)  Capacity:     1024M (100%)       1024M (100%)       1024M (100%)       1024M (100%)       1024M (100%)       1024M (100%)   
[19.432s][info][gc,heap     ] GC(91)      Free:      542M (53%)         460M (45%)         860M (84%)         868M (85%)         872M (85%)         456M (45%)    
[19.432s][info][gc,heap     ] GC(91)      Used:      482M (47%)         564M (55%)         164M (16%)         156M (15%)         568M (55%)         152M (15%)    
[19.432s][info][gc,heap     ] GC(91)      Live:         -                 9M (1%)            9M (1%)            9M (1%)             -                  -          
[19.432s][info][gc,heap     ] GC(91) Allocated:         -                82M (8%)           98M (10%)         109M (11%)            -                  -          
[19.432s][info][gc,heap     ] GC(91)   Garbage:         -               472M (46%)          56M (6%)           36M (4%)             -                  -          
[19.432s][info][gc,heap     ] GC(91) Reclaimed:         -                  -               416M (41%)         435M (43%)            -                  -          
[19.432s][info][gc          ] GC(91) Garbage Collection (Allocation Rate) 482M(47%)->156M(15%)
[19.499s][info][gc,start    ] GC(92) Garbage Collection (Allocation Rate)
[19.499s][info][gc,task     ] GC(92) Using 5 workers
[19.499s][info][gc,phases   ] GC(92) Pause Mark Start 0.011ms
[19.514s][info][gc,phases   ] GC(92) Concurrent Mark 15.339ms
[19.515s][info][gc,phases   ] GC(92) Pause Mark End 0.013ms
[19.515s][info][gc,phases   ] GC(92) Concurrent Mark Free 0.001ms
[19.516s][info][gc,phases   ] GC(92) Concurrent Process Non-Strong References 1.192ms
[19.516s][info][gc,phases   ] GC(92) Concurrent Reset Relocation Set 0.002ms
[19.522s][info][gc,phases   ] GC(92) Concurrent Select Relocation Set 6.322ms
[19.522s][info][gc,phases   ] GC(92) Pause Relocate Start 0.009ms
[19.527s][info][gc,phases   ] GC(92) Concurrent Relocate 4.349ms
[19.527s][info][gc,load     ] GC(92) Load: 0.00/0.00/0.00
[19.527s][info][gc,mmu      ] GC(92) MMU: 2ms/98.9%, 5ms/99.4%, 10ms/99.7%, 20ms/99.8%, 50ms/99.9%, 100ms/99.9%
[19.527s][info][gc,marking  ] GC(92) Mark: 4 stripe(s), 3 proactive flush(es), 1 terminate flush(es), 0 completion(s), 0 continuation(s) 
[19.527s][info][gc,marking  ] GC(92) Mark Stack Usage: 32M
[19.527s][info][gc,nmethod  ] GC(92) NMethods: 1351 registered, 52 unregistered
[19.527s][info][gc,metaspace] GC(92) Metaspace: 8M used, 8M committed, 1088M reserved
[19.527s][info][gc,ref      ] GC(92) Soft: 174 encountered, 0 discovered, 0 enqueued
[19.527s][info][gc,ref      ] GC(92) Weak: 570 encountered, 3 discovered, 0 enqueued
[19.527s][info][gc,ref      ] GC(92) Final: 0 encountered, 0 discovered, 0 enqueued
[19.527s][info][gc,ref      ] GC(92) Phantom: 21 encountered, 12 discovered, 0 enqueued
[19.527s][info][gc,reloc    ] GC(92) Small Pages: 153 / 306M, Empty: 272M, Relocated: 5M, In-Place: 0
[19.527s][info][gc,reloc    ] GC(92) Medium Pages: 1 / 32M, Empty: 0M, Relocated: 0M, In-Place: 0
[19.527s][info][gc,reloc    ] GC(92) Large Pages: 0 / 0M, Empty: 0M, Relocated: 0M, In-Place: 0
[19.527s][info][gc,reloc    ] GC(92) Forwarding Usage: 1M
[19.527s][info][gc,heap     ] GC(92) Min Capacity: 8M(1%)
[19.527s][info][gc,heap     ] GC(92) Max Capacity: 1024M(100%)
[19.527s][info][gc,heap     ] GC(92) Soft Max Capacity: 1024M(100%)
[19.527s][info][gc,heap     ] GC(92)                Mark Start          Mark End        Relocate Start      Relocate End           High               Low         
[19.527s][info][gc,heap     ] GC(92)  Capacity:     1024M (100%)       1024M (100%)       1024M (100%)       1024M (100%)       1024M (100%)       1024M (100%)   
[19.527s][info][gc,heap     ] GC(92)      Free:      686M (67%)         646M (63%)         900M (88%)         906M (88%)         908M (89%)         642M (63%)    
[19.528s][info][gc,heap     ] GC(92)      Used:      338M (33%)         378M (37%)         124M (12%)         118M (12%)         382M (37%)         116M (11%)    
[19.528s][info][gc,heap     ] GC(92)      Live:         -                10M (1%)           10M (1%)           10M (1%)             -                  -          
[19.528s][info][gc,heap     ] GC(92) Allocated:         -                40M (4%)           58M (6%)           69M (7%)             -                  -          
[19.528s][info][gc,heap     ] GC(92)   Garbage:         -               327M (32%)          55M (5%)           37M (4%)             -                  -          
[19.528s][info][gc,heap     ] GC(92) Reclaimed:         -                  -               272M (27%)         289M (28%)            -                  -          
[19.528s][info][gc          ] GC(92) Garbage Collection (Allocation Rate) 338M(33%)->118M(12%)
[19.690s][info][gc,start    ] GC(93) Garbage Collection (Allocation Rate)
[19.690s][info][gc,task     ] GC(93) Using 5 workers
[19.690s][info][gc,phases   ] GC(93) Pause Mark Start 0.016ms
[19.710s][info][gc,phases   ] GC(93) Concurrent Mark 19.614ms
[19.710s][info][gc,phases   ] GC(93) Pause Mark End 0.012ms
[19.710s][info][gc,phases   ] GC(93) Concurrent Mark Free 0.001ms
[19.711s][info][gc,phases   ] GC(93) Concurrent Process Non-Strong References 1.175ms
[19.711s][info][gc,phases   ] GC(93) Concurrent Reset Relocation Set 0.003ms
[19.715s][info][gc,phases   ] GC(93) Concurrent Select Relocation Set 3.759ms
[19.715s][info][gc,phases   ] GC(93) Pause Relocate Start 0.007ms
[19.719s][info][gc,phases   ] GC(93) Concurrent Relocate 3.960ms
[19.719s][info][gc,load     ] GC(93) Load: 0.00/0.00/0.00
[19.719s][info][gc,mmu      ] GC(93) MMU: 2ms/98.9%, 5ms/99.4%, 10ms/99.7%, 20ms/99.8%, 50ms/99.9%, 100ms/99.9%
[19.719s][info][gc,marking  ] GC(93) Mark: 4 stripe(s), 2 proactive flush(es), 1 terminate flush(es), 0 completion(s), 0 continuation(s) 
[19.719s][info][gc,marking  ] GC(93) Mark Stack Usage: 32M
[19.719s][info][gc,nmethod  ] GC(93) NMethods: 1351 registered, 52 unregistered
[19.719s][info][gc,metaspace] GC(93) Metaspace: 8M used, 8M committed, 1088M reserved
[19.719s][info][gc,ref      ] GC(93) Soft: 174 encountered, 0 discovered, 0 enqueued
[19.719s][info][gc,ref      ] GC(93) Weak: 570 encountered, 6 discovered, 0 enqueued
[19.719s][info][gc,ref      ] GC(93) Final: 0 encountered, 0 discovered, 0 enqueued
[19.720s][info][gc,ref      ] GC(93) Phantom: 21 encountered, 13 discovered, 0 enqueued
[19.720s][info][gc,reloc    ] GC(93) Small Pages: 247 / 494M, Empty: 460M, Relocated: 5M, In-Place: 0
[19.720s][info][gc,reloc    ] GC(93) Medium Pages: 2 / 64M, Empty: 0M, Relocated: 0M, In-Place: 0
[19.720s][info][gc,reloc    ] GC(93) Large Pages: 0 / 0M, Empty: 0M, Relocated: 0M, In-Place: 0
[19.720s][info][gc,reloc    ] GC(93) Forwarding Usage: 1M
[19.720s][info][gc,heap     ] GC(93) Min Capacity: 8M(1%)
[19.720s][info][gc,heap     ] GC(93) Max Capacity: 1024M(100%)
[19.720s][info][gc,heap     ] GC(93) Soft Max Capacity: 1024M(100%)
[19.720s][info][gc,heap     ] GC(93)                Mark Start          Mark End        Relocate Start      Relocate End           High               Low         
[19.720s][info][gc,heap     ] GC(93)  Capacity:     1024M (100%)       1024M (100%)       1024M (100%)       1024M (100%)       1024M (100%)       1024M (100%)   
[19.720s][info][gc,heap     ] GC(93)      Free:      466M (46%)         414M (40%)         860M (84%)         896M (88%)         898M (88%)         410M (40%)    
[19.720s][info][gc,heap     ] GC(93)      Used:      558M (54%)         610M (60%)         164M (16%)         128M (13%)         614M (60%)         126M (12%)    
[19.720s][info][gc,heap     ] GC(93)      Live:         -                11M (1%)           11M (1%)           11M (1%)             -                  -          
[19.720s][info][gc,heap     ] GC(93) Allocated:         -                52M (5%)           66M (6%)           77M (8%)             -                  -          
[19.720s][info][gc,heap     ] GC(93)   Garbage:         -               546M (53%)          86M (8%)           38M (4%)             -                  -          
[19.720s][info][gc,heap     ] GC(93) Reclaimed:         -                  -               460M (45%)         507M (50%)            -                  -          
[19.720s][info][gc          ] GC(93) Garbage Collection (Allocation Rate) 558M(54%)->128M(13%)
[19.790s][info][gc,start    ] GC(94) Garbage Collection (Allocation Rate)
[19.790s][info][gc,task     ] GC(94) Using 5 workers
[19.790s][info][gc,phases   ] GC(94) Pause Mark Start 0.010ms
[19.819s][info][gc,phases   ] GC(94) Concurrent Mark 28.726ms
[19.819s][info][gc,phases   ] GC(94) Pause Mark End 0.017ms
[19.819s][info][gc,phases   ] GC(94) Concurrent Mark Free 0.001ms
[19.820s][info][gc,phases   ] GC(94) Concurrent Process Non-Strong References 1.181ms
[19.820s][info][gc,phases   ] GC(94) Concurrent Reset Relocation Set 0.002ms
[19.824s][info][gc,phases   ] GC(94) Concurrent Select Relocation Set 3.937ms
[19.824s][info][gc,phases   ] GC(94) Pause Relocate Start 0.006ms
[19.826s][info][gc,phases   ] GC(94) Concurrent Relocate 2.005ms
[19.826s][info][gc,load     ] GC(94) Load: 0.00/0.00/0.00
[19.826s][info][gc,mmu      ] GC(94) MMU: 2ms/98.9%, 5ms/99.4%, 10ms/99.7%, 20ms/99.8%, 50ms/99.9%, 100ms/99.9%
[19.826s][info][gc,marking  ] GC(94) Mark: 4 stripe(s), 10 proactive flush(es), 1 terminate flush(es), 0 completion(s), 0 continuation(s) 
[19.826s][info][gc,marking  ] GC(94) Mark Stack Usage: 32M
[19.826s][info][gc,nmethod  ] GC(94) NMethods: 1351 registered, 52 unregistered
[19.826s][info][gc,metaspace] GC(94) Metaspace: 8M used, 8M committed, 1088M reserved
[19.826s][info][gc,ref      ] GC(94) Soft: 174 encountered, 0 discovered, 0 enqueued
[19.826s][info][gc,ref      ] GC(94) Weak: 570 encountered, 19 discovered, 0 enqueued
[19.827s][info][gc,ref      ] GC(94) Final: 0 encountered, 0 discovered, 0 enqueued
[19.827s][info][gc,ref      ] GC(94) Phantom: 21 encountered, 17 discovered, 0 enqueued
[19.827s][info][gc,reloc    ] GC(94) Small Pages: 141 / 282M, Empty: 246M, Relocated: 3M, In-Place: 0
[19.827s][info][gc,reloc    ] GC(94) Medium Pages: 1 / 32M, Empty: 0M, Relocated: 0M, In-Place: 0
[19.827s][info][gc,reloc    ] GC(94) Large Pages: 0 / 0M, Empty: 0M, Relocated: 0M, In-Place: 0
[19.827s][info][gc,reloc    ] GC(94) Forwarding Usage: 0M
[19.827s][info][gc,heap     ] GC(94) Min Capacity: 8M(1%)
[19.827s][info][gc,heap     ] GC(94) Max Capacity: 1024M(100%)
[19.827s][info][gc,heap     ] GC(94) Soft Max Capacity: 1024M(100%)
[19.827s][info][gc,heap     ] GC(94)                Mark Start          Mark End        Relocate Start      Relocate End           High               Low         
[19.827s][info][gc,heap     ] GC(94)  Capacity:     1024M (100%)       1024M (100%)       1024M (100%)       1024M (100%)       1024M (100%)       1024M (100%)   
[19.827s][info][gc,heap     ] GC(94)      Free:      710M (69%)         636M (62%)         874M (85%)         886M (87%)         886M (87%)         632M (62%)    
[19.827s][info][gc,heap     ] GC(94)      Used:      314M (31%)         388M (38%)         150M (15%)         138M (13%)         392M (38%)         138M (13%)    
[19.827s][info][gc,heap     ] GC(94)      Live:         -                12M (1%)           12M (1%)           12M (1%)             -                  -          
[19.827s][info][gc,heap     ] GC(94) Allocated:         -                74M (7%)           82M (8%)           83M (8%)             -                  -          
[19.827s][info][gc,heap     ] GC(94)   Garbage:         -               301M (29%)          55M (5%)           41M (4%)             -                  -          
[19.827s][info][gc,heap     ] GC(94) Reclaimed:         -                  -               246M (24%)         259M (25%)            -                  -          
[19.827s][info][gc          ] GC(94) Garbage Collection (Allocation Rate) 314M(31%)->138M(13%)
[19.890s][info][gc,start    ] GC(95) Garbage Collection (Allocation Rate)
[19.890s][info][gc,task     ] GC(95) Using 5 workers
[19.890s][info][gc,phases   ] GC(95) Pause Mark Start 0.010ms
[19.906s][info][gc,phases   ] GC(95) Concurrent Mark 16.719ms
[19.907s][info][gc,phases   ] GC(95) Pause Mark End 0.012ms
[19.907s][info][gc,phases   ] GC(95) Concurrent Mark Free 0.001ms
[19.908s][info][gc,phases   ] GC(95) Concurrent Process Non-Strong References 1.056ms
[19.908s][info][gc,phases   ] GC(95) Concurrent Reset Relocation Set 0.002ms
[19.913s][info][gc,phases   ] GC(95) Concurrent Select Relocation Set 5.683ms
[19.914s][info][gc,phases   ] GC(95) Pause Relocate Start 0.005ms
[19.918s][info][gc,phases   ] GC(95) Concurrent Relocate 4.310ms
[19.918s][info][gc,load     ] GC(95) Load: 0.00/0.00/0.00
[19.918s][info][gc,mmu      ] GC(95) MMU: 2ms/98.9%, 5ms/99.4%, 10ms/99.7%, 20ms/99.8%, 50ms/99.9%, 100ms/99.9%
[19.918s][info][gc,marking  ] GC(95) Mark: 4 stripe(s), 3 proactive flush(es), 1 terminate flush(es), 0 completion(s), 0 continuation(s) 
[19.918s][info][gc,marking  ] GC(95) Mark Stack Usage: 32M
[19.918s][info][gc,nmethod  ] GC(95) NMethods: 1351 registered, 52 unregistered
[19.918s][info][gc,metaspace] GC(95) Metaspace: 8M used, 8M committed, 1088M reserved
[19.918s][info][gc,ref      ] GC(95) Soft: 174 encountered, 0 discovered, 0 enqueued
[19.918s][info][gc,ref      ] GC(95) Weak: 570 encountered, 12 discovered, 0 enqueued
[19.918s][info][gc,ref      ] GC(95) Final: 0 encountered, 0 discovered, 0 enqueued
[19.918s][info][gc,ref      ] GC(95) Phantom: 21 encountered, 10 discovered, 0 enqueued
[19.918s][info][gc,reloc    ] GC(95) Small Pages: 131 / 262M, Empty: 228M, Relocated: 4M, In-Place: 0
[19.918s][info][gc,reloc    ] GC(95) Medium Pages: 1 / 32M, Empty: 0M, Relocated: 0M, In-Place: 0
[19.918s][info][gc,reloc    ] GC(95) Large Pages: 0 / 0M, Empty: 0M, Relocated: 0M, In-Place: 0
[19.918s][info][gc,reloc    ] GC(95) Forwarding Usage: 1M
[19.918s][info][gc,heap     ] GC(95) Min Capacity: 8M(1%)
[19.918s][info][gc,heap     ] GC(95) Max Capacity: 1024M(100%)
[19.919s][info][gc,heap     ] GC(95) Soft Max Capacity: 1024M(100%)
[19.919s][info][gc,heap     ] GC(95)                Mark Start          Mark End        Relocate Start      Relocate End           High               Low         
[19.919s][info][gc,heap     ] GC(95)  Capacity:     1024M (100%)       1024M (100%)       1024M (100%)       1024M (100%)       1024M (100%)       1024M (100%)   
[19.919s][info][gc,heap     ] GC(95)      Free:      730M (71%)         694M (68%)         902M (88%)         906M (88%)         910M (89%)         690M (67%)    
[19.919s][info][gc,heap     ] GC(95)      Used:      294M (29%)         330M (32%)         122M (12%)         118M (12%)         334M (33%)         114M (11%)    
[19.919s][info][gc,heap     ] GC(95)      Live:         -                13M (1%)           13M (1%)           13M (1%)             -                  -          
[19.919s][info][gc,heap     ] GC(95) Allocated:         -                36M (4%)           56M (5%)           65M (6%)             -                  -          
[19.919s][info][gc,heap     ] GC(95)   Garbage:         -               280M (27%)          52M (5%)           38M (4%)             -                  -          
[19.919s][info][gc,heap     ] GC(95) Reclaimed:         -                  -               228M (22%)         241M (24%)            -                  -          
[19.919s][info][gc          ] GC(95) Garbage Collection (Allocation Rate) 294M(29%)->118M(12%)
[19.989s][info][gc,start    ] GC(96) Garbage Collection (Allocation Rate)
[19.989s][info][gc,task     ] GC(96) Using 5 workers
[19.989s][info][gc,phases   ] GC(96) Pause Mark Start 0.010ms
[20.007s][info][gc,phases   ] GC(96) Concurrent Mark 17.767ms
[20.007s][info][gc,phases   ] GC(96) Pause Mark End 0.013ms
[20.007s][info][gc,phases   ] GC(96) Concurrent Mark Free 0.001ms
[20.009s][info][gc,phases   ] GC(96) Concurrent Process Non-Strong References 1.090ms
[20.009s][info][gc,phases   ] GC(96) Concurrent Reset Relocation Set 0.002ms
[20.014s][info][gc,phases   ] GC(96) Concurrent Select Relocation Set 5.730ms
[20.015s][info][gc,phases   ] GC(96) Pause Relocate Start 0.007ms
[20.019s][info][gc,phases   ] GC(96) Concurrent Relocate 4.758ms
[20.019s][info][gc,load     ] GC(96) Load: 0.00/0.00/0.00
[20.019s][info][gc,mmu      ] GC(96) MMU: 2ms/98.9%, 5ms/99.4%, 10ms/99.7%, 20ms/99.8%, 50ms/99.9%, 100ms/99.9%
[20.019s][info][gc,marking  ] GC(96) Mark: 4 stripe(s), 2 proactive flush(es), 1 terminate flush(es), 0 completion(s), 0 continuation(s) 
[20.019s][info][gc,marking  ] GC(96) Mark Stack Usage: 32M
[20.020s][info][gc,nmethod  ] GC(96) NMethods: 1351 registered, 52 unregistered
[20.020s][info][gc,metaspace] GC(96) Metaspace: 8M used, 8M committed, 1088M reserved
[20.020s][info][gc,ref      ] GC(96) Soft: 174 encountered, 0 discovered, 0 enqueued
[20.020s][info][gc,ref      ] GC(96) Weak: 570 encountered, 19 discovered, 0 enqueued
[20.020s][info][gc,ref      ] GC(96) Final: 0 encountered, 0 discovered, 0 enqueued
[20.020s][info][gc,ref      ] GC(96) Phantom: 21 encountered, 8 discovered, 0 enqueued
[20.020s][info][gc,reloc    ] GC(96) Small Pages: 138 / 276M, Empty: 244M, Relocated: 6M, In-Place: 0
[20.020s][info][gc,reloc    ] GC(96) Medium Pages: 1 / 32M, Empty: 0M, Relocated: 0M, In-Place: 0
[20.020s][info][gc,reloc    ] GC(96) Large Pages: 0 / 0M, Empty: 0M, Relocated: 0M, In-Place: 0
[20.020s][info][gc,reloc    ] GC(96) Forwarding Usage: 2M
[20.020s][info][gc,heap     ] GC(96) Min Capacity: 8M(1%)
[20.020s][info][gc,heap     ] GC(96) Max Capacity: 1024M(100%)
[20.020s][info][gc,heap     ] GC(96) Soft Max Capacity: 1024M(100%)
[20.020s][info][gc,heap     ] GC(96)                Mark Start          Mark End        Relocate Start      Relocate End           High               Low         
[20.020s][info][gc,heap     ] GC(96)  Capacity:     1024M (100%)       1024M (100%)       1024M (100%)       1024M (100%)       1024M (100%)       1024M (100%)   
[20.020s][info][gc,heap     ] GC(96)      Free:      716M (70%)         670M (65%)         896M (88%)         896M (88%)         902M (88%)         666M (65%)    
[20.020s][info][gc,heap     ] GC(96)      Used:      308M (30%)         354M (35%)         128M (13%)         128M (13%)         358M (35%)         122M (12%)    
[20.020s][info][gc,heap     ] GC(96)      Live:         -                13M (1%)           13M (1%)           13M (1%)             -                  -          
[20.020s][info][gc,heap     ] GC(96) Allocated:         -                46M (4%)           64M (6%)           75M (7%)             -                  -          
[20.020s][info][gc,heap     ] GC(96)   Garbage:         -               294M (29%)          50M (5%)           38M (4%)             -                  -          
[20.020s][info][gc,heap     ] GC(96) Reclaimed:         -                  -               244M (24%)         255M (25%)            -                  -          
[20.020s][info][gc          ] GC(96) Garbage Collection (Allocation Rate) 308M(30%)->128M(13%)
[20.089s][info][gc,stats    ] === Garbage Collection Statistics =======================================================================================================================
[20.089s][info][gc,stats    ]                                                              Last 10s              Last 10m              Last 10h                Total
[20.089s][info][gc,stats    ]                                                              Avg / Max             Avg / Max             Avg / Max             Avg / Max
[20.089s][info][gc,stats    ]   Collector: Garbage Collection Cycle                     42.934 / 129.954      42.273 / 129.954      42.273 / 129.954      42.273 / 129.954     ms
[20.089s][info][gc,stats    ]  Contention: Mark Segment Reset Contention                     5 / 17                4 / 17                4 / 17                4 / 17          ops/s
[20.089s][info][gc,stats    ]  Contention: Mark SeqNum Reset Contention                      1 / 6                 1 / 6                 1 / 6                 1 / 6           ops/s
[20.089s][info][gc,stats    ]    Critical: Allocation Stall                                  0 / 0                 0 / 0                 0 / 0                 0 / 0           ops/s
[20.090s][info][gc,stats    ]    Critical: Allocation Stall                              0.000 / 0.000         0.000 / 0.000         0.000 / 0.000         0.000 / 0.000       ms
[20.090s][info][gc,stats    ]    Critical: GC Locker Stall                                   0 / 0                 0 / 0                 0 / 0                 0 / 0           ops/s
[20.090s][info][gc,stats    ]    Critical: GC Locker Stall                               0.000 / 0.000         0.000 / 0.000         0.000 / 0.000         0.000 / 0.000       ms
[20.090s][info][gc,stats    ]    Critical: Relocation Stall                                  0 / 0                 0 / 0                 0 / 0                 0 / 0           ops/s
[20.090s][info][gc,stats    ]    Critical: Relocation Stall                              0.000 / 0.000         0.000 / 0.000         0.000 / 0.000         0.000 / 0.000       ms
[20.090s][info][gc,stats    ]      Memory: Allocation Rate                                2179 / 2542           1999 / 2542           1999 / 2542           1999 / 2542        MB/s
[20.090s][info][gc,stats    ]      Memory: Defragment                                        0 / 0                 0 / 0                 0 / 0                 0 / 0           ops/s
[20.090s][info][gc,stats    ]      Memory: Out Of Memory                                     0 / 0                 0 / 0                 0 / 0                 0 / 0           ops/s
[20.090s][info][gc,stats    ]      Memory: Page Cache Flush                                  0 / 0                 0 / 0                 0 / 0                 0 / 0           MB/s
[20.090s][info][gc,stats    ]      Memory: Page Cache Hit L1                              1078 / 1292            972 / 1292            972 / 1292            972 / 1292        ops/s
[20.090s][info][gc,stats    ]      Memory: Page Cache Hit L2                                 0 / 0                 0 / 0                 0 / 0                 0 / 0           ops/s
[20.090s][info][gc,stats    ]      Memory: Page Cache Hit L3                                 3 / 13               21 / 212              21 / 212              21 / 212         ops/s
[20.090s][info][gc,stats    ]      Memory: Page Cache Miss                                   0 / 0                 0 / 1                 0 / 1                 0 / 1           ops/s
[20.090s][info][gc,stats    ]      Memory: Uncommit                                          0 / 0                 0 / 0                 0 / 0                 0 / 0           MB/s
[20.090s][info][gc,stats    ]      Memory: Undo Object Allocation Failed                     0 / 0                 0 / 1                 0 / 1                 0 / 1           ops/s
[20.090s][info][gc,stats    ]      Memory: Undo Object Allocation Succeeded                  2 / 12                1 / 12                1 / 12                1 / 12          ops/s
[20.090s][info][gc,stats    ]      Memory: Undo Page Allocation                              0 / 0                 0 / 0                 0 / 0                 0 / 0           ops/s
[20.090s][info][gc,stats    ]       Phase: Concurrent Mark                              29.683 / 112.431      30.256 / 112.431      30.256 / 112.431      30.256 / 112.431     ms
[20.090s][info][gc,stats    ]       Phase: Concurrent Mark Continue                      0.000 / 0.000         0.000 / 0.000         0.000 / 0.000         0.000 / 0.000       ms
[20.090s][info][gc,stats    ]       Phase: Concurrent Mark Free                          0.001 / 0.002         0.001 / 0.002         0.001 / 0.002         0.001 / 0.002       ms
[20.090s][info][gc,stats    ]       Phase: Concurrent Process Non-Strong References      1.536 / 4.565         1.542 / 4.757         1.542 / 4.757         1.542 / 4.757       ms
[20.090s][info][gc,stats    ]       Phase: Concurrent Relocate                           3.692 / 8.301         3.903 / 9.186         3.903 / 9.186         3.903 / 9.186       ms
[20.090s][info][gc,stats    ]       Phase: Concurrent Reset Relocation Set               0.002 / 0.004         0.002 / 0.005         0.002 / 0.005         0.002 / 0.005       ms
[20.090s][info][gc,stats    ]       Phase: Concurrent Select Relocation Set              4.861 / 8.321         5.065 / 15.335        5.065 / 15.335        5.065 / 15.335      ms
[20.090s][info][gc,stats    ]       Phase: Pause Mark End                                0.016 / 0.021         0.016 / 0.021         0.016 / 0.021         0.016 / 0.021       ms
[20.090s][info][gc,stats    ]       Phase: Pause Mark Start                              0.014 / 0.019         0.015 / 0.019         0.015 / 0.019         0.015 / 0.019       ms
[20.090s][info][gc,stats    ]       Phase: Pause Relocate Start                          0.007 / 0.010         0.007 / 0.011         0.007 / 0.011         0.007 / 0.011       ms
[20.090s][info][gc,stats    ]    Subphase: Concurrent Classes Purge                      0.005 / 0.021         0.017 / 0.404         0.017 / 0.404         0.017 / 0.404       ms
[20.091s][info][gc,stats    ]    Subphase: Concurrent Classes Unlink                     1.171 / 3.704         1.158 / 3.831         1.158 / 3.831         1.158 / 3.831       ms
[20.091s][info][gc,stats    ]    Subphase: Concurrent Mark                              19.445 / 111.025      18.604 / 111.025      18.604 / 111.025      18.604 / 111.025     ms
[20.091s][info][gc,stats    ]    Subphase: Concurrent Mark Try Flush                     0.030 / 0.073         0.034 / 0.087         0.034 / 0.087         0.034 / 0.087       ms
[20.091s][info][gc,stats    ]    Subphase: Concurrent Mark Try Terminate                 3.712 / 16.675        3.309 / 16.675        3.309 / 16.675        3.309 / 16.675      ms
[20.091s][info][gc,stats    ]    Subphase: Concurrent References Enqueue                 0.000 / 0.001         0.000 / 0.004         0.000 / 0.004         0.000 / 0.004       ms
[20.091s][info][gc,stats    ]    Subphase: Concurrent References Process                 0.043 / 0.101         0.043 / 0.105         0.043 / 0.105         0.043 / 0.105       ms
[20.091s][info][gc,stats    ]    Subphase: Concurrent Roots ClassLoaderDataGraph         0.094 / 0.602         0.095 / 0.602         0.095 / 0.602         0.095 / 0.602       ms
[20.091s][info][gc,stats    ]    Subphase: Concurrent Roots CodeCache                    0.000 / 0.000         0.000 / 0.000         0.000 / 0.000         0.000 / 0.000       ms
[20.091s][info][gc,stats    ]    Subphase: Concurrent Roots JavaThreads                  0.282 / 1.049         0.273 / 1.310         0.273 / 1.310         0.273 / 1.310       ms
[20.091s][info][gc,stats    ]    Subphase: Concurrent Roots OopStorageSet                0.018 / 0.061         0.019 / 0.213         0.019 / 0.213         0.019 / 0.213       ms
[20.091s][info][gc,stats    ]    Subphase: Concurrent Weak Roots OopStorageSet           0.174 / 0.691         0.170 / 0.852         0.170 / 0.852         0.170 / 0.852       ms
[20.091s][info][gc,stats    ]    Subphase: Pause Mark Try Complete                       0.000 / 0.000         0.000 / 0.000         0.000 / 0.000         0.000 / 0.000       ms
[20.091s][info][gc,stats    ]      System: Java Threads                                     11 / 13               15 / 24               15 / 24               15 / 24          threads
[20.091s][info][gc,stats    ] =========================================================================================================================================================
[20.189s][info][gc,start    ] GC(97) Garbage Collection (Allocation Rate)
[20.189s][info][gc,task     ] GC(97) Using 2 workers
[20.189s][info][gc,phases   ] GC(97) Pause Mark Start 0.016ms
[20.223s][info][gc,phases   ] GC(97) Concurrent Mark 33.600ms
[20.223s][info][gc,phases   ] GC(97) Pause Mark End 0.012ms
[20.223s][info][gc,phases   ] GC(97) Concurrent Mark Free 0.001ms
[20.225s][info][gc,phases   ] GC(97) Concurrent Process Non-Strong References 2.127ms
[20.225s][info][gc,phases   ] GC(97) Concurrent Reset Relocation Set 0.002ms
[20.233s][info][gc,phases   ] GC(97) Concurrent Select Relocation Set 8.024ms
[20.234s][info][gc,phases   ] GC(97) Pause Relocate Start 0.006ms
[20.240s][info][gc,phases   ] GC(97) Concurrent Relocate 6.575ms
[20.240s][info][gc,load     ] GC(97) Load: 0.00/0.00/0.00
[20.240s][info][gc,mmu      ] GC(97) MMU: 2ms/98.9%, 5ms/99.4%, 10ms/99.7%, 20ms/99.8%, 50ms/99.9%, 100ms/99.9%
[20.240s][info][gc,marking  ] GC(97) Mark: 2 stripe(s), 2 proactive flush(es), 1 terminate flush(es), 0 completion(s), 0 continuation(s) 
[20.240s][info][gc,marking  ] GC(97) Mark Stack Usage: 32M
[20.240s][info][gc,nmethod  ] GC(97) NMethods: 1351 registered, 52 unregistered
[20.240s][info][gc,metaspace] GC(97) Metaspace: 8M used, 8M committed, 1088M reserved
[20.240s][info][gc,ref      ] GC(97) Soft: 174 encountered, 0 discovered, 0 enqueued
[20.240s][info][gc,ref      ] GC(97) Weak: 570 encountered, 14 discovered, 0 enqueued
[20.240s][info][gc,ref      ] GC(97) Final: 0 encountered, 0 discovered, 0 enqueued
[20.240s][info][gc,ref      ] GC(97) Phantom: 21 encountered, 14 discovered, 0 enqueued
[20.240s][info][gc,reloc    ] GC(97) Small Pages: 242 / 484M, Empty: 442M, Relocated: 6M, In-Place: 0
[20.241s][info][gc,reloc    ] GC(97) Medium Pages: 2 / 64M, Empty: 0M, Relocated: 1M, In-Place: 0
[20.241s][info][gc,reloc    ] GC(97) Large Pages: 0 / 0M, Empty: 0M, Relocated: 0M, In-Place: 0
[20.241s][info][gc,reloc    ] GC(97) Forwarding Usage: 2M
[20.241s][info][gc,heap     ] GC(97) Min Capacity: 8M(1%)
[20.241s][info][gc,heap     ] GC(97) Max Capacity: 1024M(100%)
[20.241s][info][gc,heap     ] GC(97) Soft Max Capacity: 1024M(100%)
[20.241s][info][gc,heap     ] GC(97)                Mark Start          Mark End        Relocate Start      Relocate End           High               Low         
[20.241s][info][gc,heap     ] GC(97)  Capacity:     1024M (100%)       1024M (100%)       1024M (100%)       1024M (100%)       1024M (100%)       1024M (100%)   
[20.241s][info][gc,heap     ] GC(97)      Free:      476M (46%)         386M (38%)         804M (79%)         840M (82%)         848M (83%)         380M (37%)    
[20.241s][info][gc,heap     ] GC(97)      Used:      548M (54%)         638M (62%)         220M (21%)         184M (18%)         644M (63%)         176M (17%)    
[20.241s][info][gc,heap     ] GC(97)      Live:         -                15M (1%)           15M (1%)           15M (1%)             -                  -          
[20.241s][info][gc,heap     ] GC(97) Allocated:         -                90M (9%)          114M (11%)         131M (13%)            -                  -          
[20.241s][info][gc,heap     ] GC(97)   Garbage:         -               532M (52%)          90M (9%)           36M (4%)             -                  -          
[20.241s][info][gc,heap     ] GC(97) Reclaimed:         -                  -               442M (43%)         495M (48%)            -                  -          
[20.241s][info][gc          ] GC(97) Garbage Collection (Allocation Rate) 548M(54%)->184M(18%)
[20.289s][info][gc,start    ] GC(98) Garbage Collection (Allocation Rate)
[20.289s][info][gc,task     ] GC(98) Using 2 workers
[20.289s][info][gc,phases   ] GC(98) Pause Mark Start 0.011ms
[20.325s][info][gc,phases   ] GC(98) Concurrent Mark 35.664ms
[20.325s][info][gc,phases   ] GC(98) Pause Mark End 0.018ms
[20.325s][info][gc,phases   ] GC(98) Concurrent Mark Free 0.001ms
[20.328s][info][gc,phases   ] GC(98) Concurrent Process Non-Strong References 2.752ms
[20.328s][info][gc,phases   ] GC(98) Concurrent Reset Relocation Set 0.003ms
[20.332s][info][gc,phases   ] GC(98) Concurrent Select Relocation Set 4.105ms
[20.332s][info][gc,phases   ] GC(98) Pause Relocate Start 0.009ms
[20.335s][info][gc,phases   ] GC(98) Concurrent Relocate 2.590ms
[20.335s][info][gc,load     ] GC(98) Load: 0.00/0.00/0.00
[20.335s][info][gc,mmu      ] GC(98) MMU: 2ms/98.9%, 5ms/99.4%, 10ms/99.7%, 20ms/99.8%, 50ms/99.9%, 100ms/99.9%
[20.335s][info][gc,marking  ] GC(98) Mark: 2 stripe(s), 2 proactive flush(es), 1 terminate flush(es), 0 completion(s), 0 continuation(s) 
[20.335s][info][gc,marking  ] GC(98) Mark Stack Usage: 32M
[20.335s][info][gc,nmethod  ] GC(98) NMethods: 1351 registered, 52 unregistered
[20.335s][info][gc,metaspace] GC(98) Metaspace: 8M used, 8M committed, 1088M reserved
[20.335s][info][gc,ref      ] GC(98) Soft: 174 encountered, 0 discovered, 0 enqueued
[20.335s][info][gc,ref      ] GC(98) Weak: 570 encountered, 136 discovered, 0 enqueued
[20.335s][info][gc,ref      ] GC(98) Final: 0 encountered, 0 discovered, 0 enqueued
[20.335s][info][gc,ref      ] GC(98) Phantom: 21 encountered, 15 discovered, 0 enqueued
[20.335s][info][gc,reloc    ] GC(98) Small Pages: 140 / 280M, Empty: 248M, Relocated: 3M, In-Place: 0
[20.335s][info][gc,reloc    ] GC(98) Medium Pages: 1 / 32M, Empty: 0M, Relocated: 0M, In-Place: 0
[20.335s][info][gc,reloc    ] GC(98) Large Pages: 0 / 0M, Empty: 0M, Relocated: 0M, In-Place: 0
[20.335s][info][gc,reloc    ] GC(98) Forwarding Usage: 1M
[20.335s][info][gc,heap     ] GC(98) Min Capacity: 8M(1%)
[20.335s][info][gc,heap     ] GC(98) Max Capacity: 1024M(100%)
[20.335s][info][gc,heap     ] GC(98) Soft Max Capacity: 1024M(100%)
[20.335s][info][gc,heap     ] GC(98)                Mark Start          Mark End        Relocate Start      Relocate End           High               Low         
[20.335s][info][gc,heap     ] GC(98)  Capacity:     1024M (100%)       1024M (100%)       1024M (100%)       1024M (100%)       1024M (100%)       1024M (100%)   
[20.335s][info][gc,heap     ] GC(98)      Free:      712M (70%)         608M (59%)         838M (82%)         842M (82%)         846M (83%)         600M (59%)    
[20.335s][info][gc,heap     ] GC(98)      Used:      312M (30%)         416M (41%)         186M (18%)         182M (18%)         424M (41%)         178M (17%)    
[20.335s][info][gc,heap     ] GC(98)      Live:         -                15M (2%)           15M (2%)           15M (2%)             -                  -          
[20.336s][info][gc,heap     ] GC(98) Allocated:         -               104M (10%)         122M (12%)         129M (13%)            -                  -          
[20.336s][info][gc,heap     ] GC(98)   Garbage:         -               296M (29%)          48M (5%)           36M (4%)             -                  -          
[20.336s][info][gc,heap     ] GC(98) Reclaimed:         -                  -               248M (24%)         259M (25%)            -                  -          
[20.336s][info][gc          ] GC(98) Garbage Collection (Allocation Rate) 312M(30%)->182M(18%)
[20.495s][info][gc,start    ] GC(99) Garbage Collection (Allocation Rate)
[20.495s][info][gc,task     ] GC(99) Using 2 workers
[20.495s][info][gc,phases   ] GC(99) Pause Mark Start 0.015ms
[20.542s][info][gc,phases   ] GC(99) Concurrent Mark 46.537ms
[20.542s][info][gc,phases   ] GC(99) Pause Mark End 0.017ms
[20.542s][info][gc,phases   ] GC(99) Concurrent Mark Free 0.001ms
[20.545s][info][gc,phases   ] GC(99) Concurrent Process Non-Strong References 2.461ms
[20.545s][info][gc,phases   ] GC(99) Concurrent Reset Relocation Set 0.002ms
[20.551s][info][gc,phases   ] GC(99) Concurrent Select Relocation Set 6.040ms
[20.551s][info][gc,phases   ] GC(99) Pause Relocate Start 0.006ms
[20.556s][info][gc,phases   ] GC(99) Concurrent Relocate 5.240ms
[20.556s][info][gc,load     ] GC(99) Load: 0.00/0.00/0.00
[20.556s][info][gc,mmu      ] GC(99) MMU: 2ms/98.9%, 5ms/99.4%, 10ms/99.7%, 20ms/99.8%, 50ms/99.9%, 100ms/99.9%
[20.556s][info][gc,marking  ] GC(99) Mark: 2 stripe(s), 2 proactive flush(es), 1 terminate flush(es), 0 completion(s), 0 continuation(s) 
[20.556s][info][gc,marking  ] GC(99) Mark Stack Usage: 32M
[20.556s][info][gc,nmethod  ] GC(99) NMethods: 1351 registered, 52 unregistered
[20.556s][info][gc,metaspace] GC(99) Metaspace: 8M used, 8M committed, 1088M reserved
[20.556s][info][gc,ref      ] GC(99) Soft: 174 encountered, 0 discovered, 0 enqueued
[20.556s][info][gc,ref      ] GC(99) Weak: 570 encountered, 366 discovered, 0 enqueued
[20.556s][info][gc,ref      ] GC(99) Final: 0 encountered, 0 discovered, 0 enqueued
[20.556s][info][gc,ref      ] GC(99) Phantom: 21 encountered, 14 discovered, 0 enqueued
[20.557s][info][gc,reloc    ] GC(99) Small Pages: 269 / 538M, Empty: 496M, Relocated: 4M, In-Place: 0
[20.557s][info][gc,reloc    ] GC(99) Medium Pages: 2 / 64M, Empty: 0M, Relocated: 1M, In-Place: 0
[20.557s][info][gc,reloc    ] GC(99) Large Pages: 0 / 0M, Empty: 0M, Relocated: 0M, In-Place: 0
[20.557s][info][gc,reloc    ] GC(99) Forwarding Usage: 2M
[20.557s][info][gc,heap     ] GC(99) Min Capacity: 8M(1%)
[20.557s][info][gc,heap     ] GC(99) Max Capacity: 1024M(100%)
[20.557s][info][gc,heap     ] GC(99) Soft Max Capacity: 1024M(100%)
[20.557s][info][gc,heap     ] GC(99)                Mark Start          Mark End        Relocate Start      Relocate End           High               Low         
[20.557s][info][gc,heap     ] GC(99)  Capacity:     1024M (100%)       1024M (100%)       1024M (100%)       1024M (100%)       1024M (100%)       1024M (100%)   
[20.557s][info][gc,heap     ] GC(99)      Free:      422M (41%)         316M (31%)         788M (77%)         828M (81%)         836M (82%)         310M (30%)    
[20.557s][info][gc,heap     ] GC(99)      Used:      602M (59%)         708M (69%)         236M (23%)         196M (19%)         714M (70%)         188M (18%)    
[20.557s][info][gc,heap     ] GC(99)      Live:         -                17M (2%)           17M (2%)           17M (2%)             -                  -          
[20.557s][info][gc,heap     ] GC(99) Allocated:         -               106M (10%)         130M (13%)         143M (14%)            -                  -          
[20.557s][info][gc,heap     ] GC(99)   Garbage:         -               584M (57%)          88M (9%)           34M (3%)             -                  -          
[20.557s][info][gc,heap     ] GC(99) Reclaimed:         -                  -               496M (48%)         549M (54%)            -                  -          
[20.557s][info][gc          ] GC(99) Garbage Collection (Allocation Rate) 602M(59%)->196M(19%)
[20.698s][info][gc,start    ] GC(100) Garbage Collection (Allocation Rate)
[20.698s][info][gc,task     ] GC(100) Using 2 workers
[20.698s][info][gc,phases   ] GC(100) Pause Mark Start 0.016ms
[20.745s][info][gc,phases   ] GC(100) Concurrent Mark 46.455ms
[20.745s][info][gc,phases   ] GC(100) Pause Mark End 0.015ms
[20.745s][info][gc,phases   ] GC(100) Concurrent Mark Free 0.001ms
[20.748s][info][gc,phases   ] GC(100) Concurrent Process Non-Strong References 2.492ms
[20.748s][info][gc,phases   ] GC(100) Concurrent Reset Relocation Set 0.003ms
[20.754s][info][gc,phases   ] GC(100) Concurrent Select Relocation Set 6.618ms
[20.755s][info][gc,phases   ] GC(100) Pause Relocate Start 0.011ms
[20.760s][info][gc,phases   ] GC(100) Concurrent Relocate 5.455ms
[20.760s][info][gc,load     ] GC(100) Load: 0.00/0.00/0.00
[20.760s][info][gc,mmu      ] GC(100) MMU: 2ms/98.9%, 5ms/99.4%, 10ms/99.7%, 20ms/99.8%, 50ms/99.9%, 100ms/99.9%
[20.760s][info][gc,marking  ] GC(100) Mark: 2 stripe(s), 2 proactive flush(es), 1 terminate flush(es), 0 completion(s), 0 continuation(s) 
[20.760s][info][gc,marking  ] GC(100) Mark Stack Usage: 32M
[20.760s][info][gc,nmethod  ] GC(100) NMethods: 1351 registered, 52 unregistered
[20.760s][info][gc,metaspace] GC(100) Metaspace: 8M used, 8M committed, 1088M reserved
[20.760s][info][gc,ref      ] GC(100) Soft: 174 encountered, 0 discovered, 0 enqueued
[20.760s][info][gc,ref      ] GC(100) Weak: 570 encountered, 6 discovered, 0 enqueued
[20.760s][info][gc,ref      ] GC(100) Final: 0 encountered, 0 discovered, 0 enqueued
[20.760s][info][gc,ref      ] GC(100) Phantom: 21 encountered, 12 discovered, 0 enqueued
[20.760s][info][gc,reloc    ] GC(100) Small Pages: 272 / 544M, Empty: 500M, Relocated: 4M, In-Place: 0
[20.761s][info][gc,reloc    ] GC(100) Medium Pages: 1 / 32M, Empty: 0M, Relocated: 0M, In-Place: 0
[20.761s][info][gc,reloc    ] GC(100) Large Pages: 0 / 0M, Empty: 0M, Relocated: 0M, In-Place: 0
[20.761s][info][gc,reloc    ] GC(100) Forwarding Usage: 2M
[20.761s][info][gc,heap     ] GC(100) Min Capacity: 8M(1%)
[20.761s][info][gc,heap     ] GC(100) Max Capacity: 1024M(100%)
[20.761s][info][gc,heap     ] GC(100) Soft Max Capacity: 1024M(100%)
[20.761s][info][gc,heap     ] GC(100)                Mark Start          Mark End        Relocate Start      Relocate End           High               Low         
[20.761s][info][gc,heap     ] GC(100)  Capacity:     1024M (100%)       1024M (100%)       1024M (100%)       1024M (100%)       1024M (100%)       1024M (100%)   
[20.761s][info][gc,heap     ] GC(100)      Free:      448M (44%)         340M (33%)         836M (82%)         856M (84%)         856M (84%)         338M (33%)    
[20.761s][info][gc,heap     ] GC(100)      Used:      576M (56%)         684M (67%)         188M (18%)         168M (16%)         686M (67%)         168M (16%)    
[20.761s][info][gc,heap     ] GC(100)      Live:         -                18M (2%)           18M (2%)           18M (2%)             -                  -          
[20.761s][info][gc,heap     ] GC(100) Allocated:         -               108M (11%)         112M (11%)         113M (11%)            -                  -          
[20.761s][info][gc,heap     ] GC(100)   Garbage:         -               557M (54%)          57M (6%)           35M (3%)             -                  -          
[20.761s][info][gc,heap     ] GC(100) Reclaimed:         -                  -               500M (49%)         521M (51%)            -                  -          
[20.761s][info][gc          ] GC(100) Garbage Collection (Allocation Rate) 576M(56%)->168M(16%)
[20.992s][info][gc,start    ] GC(101) Garbage Collection (Allocation Rate)
[20.993s][info][gc,task     ] GC(101) Using 2 workers
[20.993s][info][gc,phases   ] GC(101) Pause Mark Start 0.016ms
[21.039s][info][gc,phases   ] GC(101) Concurrent Mark 46.468ms
[21.039s][info][gc,phases   ] GC(101) Pause Mark End 0.013ms
[21.040s][info][gc,phases   ] GC(101) Concurrent Mark Free 0.001ms
[21.042s][info][gc,phases   ] GC(101) Concurrent Process Non-Strong References 2.328ms
[21.042s][info][gc,phases   ] GC(101) Concurrent Reset Relocation Set 0.003ms
[21.050s][info][gc,phases   ] GC(101) Concurrent Select Relocation Set 7.741ms
[21.050s][info][gc,phases   ] GC(101) Pause Relocate Start 0.008ms
[21.057s][info][gc,phases   ] GC(101) Concurrent Relocate 7.144ms
[21.057s][info][gc,load     ] GC(101) Load: 0.00/0.00/0.00
[21.057s][info][gc,mmu      ] GC(101) MMU: 2ms/98.9%, 5ms/99.4%, 10ms/99.7%, 20ms/99.8%, 50ms/99.9%, 100ms/99.9%
[21.057s][info][gc,marking  ] GC(101) Mark: 2 stripe(s), 2 proactive flush(es), 1 terminate flush(es), 0 completion(s), 0 continuation(s) 
[21.057s][info][gc,marking  ] GC(101) Mark Stack Usage: 32M
[21.057s][info][gc,nmethod  ] GC(101) NMethods: 1351 registered, 52 unregistered
[21.057s][info][gc,metaspace] GC(101) Metaspace: 8M used, 8M committed, 1088M reserved
[21.057s][info][gc,ref      ] GC(101) Soft: 174 encountered, 0 discovered, 0 enqueued
[21.057s][info][gc,ref      ] GC(101) Weak: 570 encountered, 357 discovered, 0 enqueued
[21.057s][info][gc,ref      ] GC(101) Final: 0 encountered, 0 discovered, 0 enqueued
[21.057s][info][gc,ref      ] GC(101) Phantom: 21 encountered, 14 discovered, 0 enqueued
[21.057s][info][gc,reloc    ] GC(101) Small Pages: 310 / 620M, Empty: 566M, Relocated: 8M, In-Place: 0
[21.057s][info][gc,reloc    ] GC(101) Medium Pages: 2 / 64M, Empty: 0M, Relocated: 1M, In-Place: 0
[21.057s][info][gc,reloc    ] GC(101) Large Pages: 0 / 0M, Empty: 0M, Relocated: 0M, In-Place: 0
[21.057s][info][gc,reloc    ] GC(101) Forwarding Usage: 3M
[21.058s][info][gc,heap     ] GC(101) Min Capacity: 8M(1%)
[21.058s][info][gc,heap     ] GC(101) Max Capacity: 1024M(100%)
[21.058s][info][gc,heap     ] GC(101) Soft Max Capacity: 1024M(100%)
[21.058s][info][gc,heap     ] GC(101)                Mark Start          Mark End        Relocate Start      Relocate End           High               Low         
[21.058s][info][gc,heap     ] GC(101)  Capacity:     1024M (100%)       1024M (100%)       1024M (100%)       1024M (100%)       1024M (100%)       1024M (100%)   
[21.058s][info][gc,heap     ] GC(101)      Free:      340M (33%)         254M (25%)         792M (77%)         836M (82%)         844M (82%)         248M (24%)    
[21.058s][info][gc,heap     ] GC(101)      Used:      684M (67%)         770M (75%)         232M (23%)         188M (18%)         776M (76%)         180M (18%)    
[21.058s][info][gc,heap     ] GC(101)      Live:         -                20M (2%)           20M (2%)           20M (2%)             -                  -          
[21.058s][info][gc,heap     ] GC(101) Allocated:         -                86M (8%)          114M (11%)         131M (13%)            -                  -          
[21.058s][info][gc,heap     ] GC(101)   Garbage:         -               663M (65%)          97M (9%)           35M (3%)             -                  -          
[21.058s][info][gc,heap     ] GC(101) Reclaimed:         -                  -               566M (55%)         627M (61%)            -                  -          
[21.058s][info][gc          ] GC(101) Garbage Collection (Allocation Rate) 684M(67%)->188M(18%)
[21.189s][info][gc,start    ] GC(102) Garbage Collection (Allocation Rate)
[21.189s][info][gc,task     ] GC(102) Using 2 workers
[21.189s][info][gc,phases   ] GC(102) Pause Mark Start 0.018ms
[21.240s][info][gc,phases   ] GC(102) Concurrent Mark 50.523ms
[21.240s][info][gc,phases   ] GC(102) Pause Mark End 0.011ms
[21.240s][info][gc,phases   ] GC(102) Concurrent Mark Free 0.001ms
[21.242s][info][gc,phases   ] GC(102) Concurrent Process Non-Strong References 2.225ms
[21.243s][info][gc,phases   ] GC(102) Concurrent Reset Relocation Set 0.005ms
[21.247s][info][gc,phases   ] GC(102) Concurrent Select Relocation Set 4.547ms
[21.247s][info][gc,phases   ] GC(102) Pause Relocate Start 0.005ms
[21.249s][info][gc,phases   ] GC(102) Concurrent Relocate 1.724ms
[21.249s][info][gc,load     ] GC(102) Load: 0.00/0.00/0.00
[21.249s][info][gc,mmu      ] GC(102) MMU: 2ms/98.9%, 5ms/99.4%, 10ms/99.7%, 20ms/99.8%, 50ms/99.9%, 100ms/99.9%
[21.249s][info][gc,marking  ] GC(102) Mark: 2 stripe(s), 2 proactive flush(es), 1 terminate flush(es), 0 completion(s), 0 continuation(s) 
[21.249s][info][gc,marking  ] GC(102) Mark Stack Usage: 32M
[21.249s][info][gc,nmethod  ] GC(102) NMethods: 1351 registered, 52 unregistered
[21.249s][info][gc,metaspace] GC(102) Metaspace: 8M used, 8M committed, 1088M reserved
[21.249s][info][gc,ref      ] GC(102) Soft: 174 encountered, 0 discovered, 0 enqueued
[21.249s][info][gc,ref      ] GC(102) Weak: 570 encountered, 364 discovered, 0 enqueued
[21.249s][info][gc,ref      ] GC(102) Final: 0 encountered, 0 discovered, 0 enqueued
[21.249s][info][gc,ref      ] GC(102) Phantom: 21 encountered, 14 discovered, 0 enqueued
[21.249s][info][gc,reloc    ] GC(102) Small Pages: 242 / 484M, Empty: 440M, Relocated: 1M, In-Place: 0
[21.249s][info][gc,reloc    ] GC(102) Medium Pages: 2 / 64M, Empty: 0M, Relocated: 1M, In-Place: 0
[21.249s][info][gc,reloc    ] GC(102) Large Pages: 0 / 0M, Empty: 0M, Relocated: 0M, In-Place: 0
[21.249s][info][gc,reloc    ] GC(102) Forwarding Usage: 0M
[21.249s][info][gc,heap     ] GC(102) Min Capacity: 8M(1%)
[21.249s][info][gc,heap     ] GC(102) Max Capacity: 1024M(100%)
[21.249s][info][gc,heap     ] GC(102) Soft Max Capacity: 1024M(100%)
[21.250s][info][gc,heap     ] GC(102)                Mark Start          Mark End        Relocate Start      Relocate End           High               Low         
[21.250s][info][gc,heap     ] GC(102)  Capacity:     1024M (100%)       1024M (100%)       1024M (100%)       1024M (100%)       1024M (100%)       1024M (100%)   
[21.250s][info][gc,heap     ] GC(102)      Free:      476M (46%)         350M (34%)         772M (75%)         816M (80%)         816M (80%)         344M (34%)    
[21.250s][info][gc,heap     ] GC(102)      Used:      548M (54%)         674M (66%)         252M (25%)         208M (20%)         680M (66%)         208M (20%)    
[21.250s][info][gc,heap     ] GC(102)      Live:         -                22M (2%)           22M (2%)           22M (2%)             -                  -          
[21.250s][info][gc,heap     ] GC(102) Allocated:         -               126M (12%)         144M (14%)         147M (14%)            -                  -          
[21.250s][info][gc,heap     ] GC(102)   Garbage:         -               525M (51%)          85M (8%)           37M (4%)             -                  -          
[21.250s][info][gc,heap     ] GC(102) Reclaimed:         -                  -               440M (43%)         487M (48%)            -                  -          
[21.250s][info][gc          ] GC(102) Garbage Collection (Allocation Rate) 548M(54%)->208M(20%)
[21.400s][info][gc,start    ] GC(103) Garbage Collection (Allocation Rate)
[21.400s][info][gc,task     ] GC(103) Using 2 workers
[21.400s][info][gc,phases   ] GC(103) Pause Mark Start 0.015ms
[21.450s][info][gc,phases   ] GC(103) Concurrent Mark 50.060ms
[21.450s][info][gc,phases   ] GC(103) Pause Mark End 0.014ms
[21.450s][info][gc,phases   ] GC(103) Concurrent Mark Free 0.001ms
[21.452s][info][gc,phases   ] GC(103) Concurrent Process Non-Strong References 1.870ms
[21.452s][info][gc,phases   ] GC(103) Concurrent Reset Relocation Set 0.002ms
[21.457s][info][gc,phases   ] GC(103) Concurrent Select Relocation Set 4.452ms
[21.457s][info][gc,phases   ] GC(103) Pause Relocate Start 0.009ms
[21.467s][info][gc,phases   ] GC(103) Concurrent Relocate 10.009ms
[21.467s][info][gc,load     ] GC(103) Load: 0.00/0.00/0.00
[21.467s][info][gc,mmu      ] GC(103) MMU: 2ms/98.9%, 5ms/99.4%, 10ms/99.7%, 20ms/99.8%, 50ms/99.9%, 100ms/99.9%
[21.467s][info][gc,marking  ] GC(103) Mark: 2 stripe(s), 2 proactive flush(es), 1 terminate flush(es), 0 completion(s), 0 continuation(s) 
[21.467s][info][gc,marking  ] GC(103) Mark Stack Usage: 32M
[21.467s][info][gc,nmethod  ] GC(103) NMethods: 1351 registered, 52 unregistered
[21.467s][info][gc,metaspace] GC(103) Metaspace: 8M used, 8M committed, 1088M reserved
[21.467s][info][gc,ref      ] GC(103) Soft: 174 encountered, 0 discovered, 0 enqueued
[21.467s][info][gc,ref      ] GC(103) Weak: 570 encountered, 344 discovered, 0 enqueued
[21.467s][info][gc,ref      ] GC(103) Final: 0 encountered, 0 discovered, 0 enqueued
[21.467s][info][gc,ref      ] GC(103) Phantom: 21 encountered, 15 discovered, 0 enqueued
[21.467s][info][gc,reloc    ] GC(103) Small Pages: 260 / 520M, Empty: 474M, Relocated: 6M, In-Place: 0
[21.467s][info][gc,reloc    ] GC(103) Medium Pages: 1 / 32M, Empty: 0M, Relocated: 0M, In-Place: 0
[21.467s][info][gc,reloc    ] GC(103) Large Pages: 0 / 0M, Empty: 0M, Relocated: 0M, In-Place: 0
[21.467s][info][gc,reloc    ] GC(103) Forwarding Usage: 2M
[21.467s][info][gc,heap     ] GC(103) Min Capacity: 8M(1%)
[21.467s][info][gc,heap     ] GC(103) Max Capacity: 1024M(100%)
[21.467s][info][gc,heap     ] GC(103) Soft Max Capacity: 1024M(100%)
[21.467s][info][gc,heap     ] GC(103)                Mark Start          Mark End        Relocate Start      Relocate End           High               Low         
[21.467s][info][gc,heap     ] GC(103)  Capacity:     1024M (100%)       1024M (100%)       1024M (100%)       1024M (100%)       1024M (100%)       1024M (100%)   
[21.467s][info][gc,heap     ] GC(103)      Free:      472M (46%)         382M (37%)         840M (82%)         836M (82%)         850M (83%)         378M (37%)    
[21.467s][info][gc,heap     ] GC(103)      Used:      552M (54%)         642M (63%)         184M (18%)         188M (18%)         646M (63%)         174M (17%)    
[21.467s][info][gc,heap     ] GC(103)      Live:         -                23M (2%)           23M (2%)           23M (2%)             -                  -          
[21.467s][info][gc,heap     ] GC(103) Allocated:         -                90M (9%)          106M (10%)         129M (13%)            -                  -          
[21.467s][info][gc,heap     ] GC(103)   Garbage:         -               528M (52%)          54M (5%)           34M (3%)             -                  -          
[21.467s][info][gc,heap     ] GC(103) Reclaimed:         -                  -               474M (46%)         493M (48%)            -                  -          
[21.467s][info][gc          ] GC(103) Garbage Collection (Allocation Rate) 552M(54%)->188M(18%)
[21.588s][info][gc,start    ] GC(104) Garbage Collection (Allocation Rate)
[21.588s][info][gc,task     ] GC(104) Using 2 workers
[21.588s][info][gc,phases   ] GC(104) Pause Mark Start 0.017ms
[21.642s][info][gc,phases   ] GC(104) Concurrent Mark 53.558ms
[21.642s][info][gc,phases   ] GC(104) Pause Mark End 0.016ms
[21.642s][info][gc,phases   ] GC(104) Concurrent Mark Free 0.001ms
[21.645s][info][gc,phases   ] GC(104) Concurrent Process Non-Strong References 2.486ms
[21.645s][info][gc,phases   ] GC(104) Concurrent Reset Relocation Set 0.003ms
[21.649s][info][gc,phases   ] GC(104) Concurrent Select Relocation Set 4.208ms
[21.649s][info][gc,phases   ] GC(104) Pause Relocate Start 0.005ms
[21.653s][info][gc,phases   ] GC(104) Concurrent Relocate 3.461ms
[21.653s][info][gc,load     ] GC(104) Load: 0.00/0.00/0.00
[21.653s][info][gc,mmu      ] GC(104) MMU: 2ms/98.9%, 5ms/99.4%, 10ms/99.7%, 20ms/99.8%, 50ms/99.9%, 100ms/99.9%
[21.653s][info][gc,marking  ] GC(104) Mark: 2 stripe(s), 2 proactive flush(es), 1 terminate flush(es), 0 completion(s), 0 continuation(s) 
[21.653s][info][gc,marking  ] GC(104) Mark Stack Usage: 32M
[21.653s][info][gc,nmethod  ] GC(104) NMethods: 1351 registered, 52 unregistered
[21.653s][info][gc,metaspace] GC(104) Metaspace: 8M used, 8M committed, 1088M reserved
[21.653s][info][gc,ref      ] GC(104) Soft: 174 encountered, 0 discovered, 0 enqueued
[21.653s][info][gc,ref      ] GC(104) Weak: 570 encountered, 82 discovered, 0 enqueued
[21.653s][info][gc,ref      ] GC(104) Final: 0 encountered, 0 discovered, 0 enqueued
[21.653s][info][gc,ref      ] GC(104) Phantom: 21 encountered, 15 discovered, 0 enqueued
[21.653s][info][gc,reloc    ] GC(104) Small Pages: 207 / 414M, Empty: 376M, Relocated: 3M, In-Place: 0
[21.653s][info][gc,reloc    ] GC(104) Medium Pages: 2 / 64M, Empty: 0M, Relocated: 2M, In-Place: 0
[21.653s][info][gc,reloc    ] GC(104) Large Pages: 0 / 0M, Empty: 0M, Relocated: 0M, In-Place: 0
[21.653s][info][gc,reloc    ] GC(104) Forwarding Usage: 1M
[21.653s][info][gc,heap     ] GC(104) Min Capacity: 8M(1%)
[21.653s][info][gc,heap     ] GC(104) Max Capacity: 1024M(100%)
[21.653s][info][gc,heap     ] GC(104) Soft Max Capacity: 1024M(100%)
[21.653s][info][gc,heap     ] GC(104)                Mark Start          Mark End        Relocate Start      Relocate End           High               Low         
[21.653s][info][gc,heap     ] GC(104)  Capacity:     1024M (100%)       1024M (100%)       1024M (100%)       1024M (100%)       1024M (100%)       1024M (100%)   
[21.653s][info][gc,heap     ] GC(104)      Free:      546M (53%)         438M (43%)         802M (78%)         840M (82%)         840M (82%)         434M (42%)    
[21.653s][info][gc,heap     ] GC(104)      Used:      478M (47%)         586M (57%)         222M (22%)         184M (18%)         590M (58%)         184M (18%)    
[21.653s][info][gc,heap     ] GC(104)      Live:         -                24M (2%)           24M (2%)           24M (2%)             -                  -          
[21.654s][info][gc,heap     ] GC(104) Allocated:         -               108M (11%)         120M (12%)         123M (12%)            -                  -          
[21.654s][info][gc,heap     ] GC(104)   Garbage:         -               453M (44%)          77M (8%)           35M (3%)             -                  -          
[21.654s][info][gc,heap     ] GC(104) Reclaimed:         -                  -               376M (37%)         417M (41%)            -                  -          
[21.654s][info][gc          ] GC(104) Garbage Collection (Allocation Rate) 478M(47%)->184M(18%)
[21.790s][info][gc,start    ] GC(105) Garbage Collection (Allocation Rate)
[21.790s][info][gc,task     ] GC(105) Using 2 workers
[21.790s][info][gc,phases   ] GC(105) Pause Mark Start 0.013ms
[21.851s][info][gc,phases   ] GC(105) Concurrent Mark 60.674ms
[21.851s][info][gc,phases   ] GC(105) Pause Mark End 0.015ms
[21.851s][info][gc,phases   ] GC(105) Concurrent Mark Free 0.001ms
[21.854s][info][gc,phases   ] GC(105) Concurrent Process Non-Strong References 2.519ms
[21.854s][info][gc,phases   ] GC(105) Concurrent Reset Relocation Set 0.002ms
[21.857s][info][gc,phases   ] GC(105) Concurrent Select Relocation Set 3.742ms
[21.857s][info][gc,phases   ] GC(105) Pause Relocate Start 0.009ms
[21.859s][info][gc,phases   ] GC(105) Concurrent Relocate 0.996ms
[21.859s][info][gc,load     ] GC(105) Load: 0.00/0.00/0.00
[21.859s][info][gc,mmu      ] GC(105) MMU: 2ms/98.9%, 5ms/99.4%, 10ms/99.7%, 20ms/99.8%, 50ms/99.9%, 100ms/99.9%
[21.859s][info][gc,marking  ] GC(105) Mark: 2 stripe(s), 2 proactive flush(es), 1 terminate flush(es), 0 completion(s), 0 continuation(s) 
[21.859s][info][gc,marking  ] GC(105) Mark Stack Usage: 32M
[21.859s][info][gc,nmethod  ] GC(105) NMethods: 1351 registered, 52 unregistered
[21.859s][info][gc,metaspace] GC(105) Metaspace: 8M used, 8M committed, 1088M reserved
[21.859s][info][gc,ref      ] GC(105) Soft: 174 encountered, 0 discovered, 0 enqueued
[21.859s][info][gc,ref      ] GC(105) Weak: 570 encountered, 339 discovered, 0 enqueued
[21.859s][info][gc,ref      ] GC(105) Final: 0 encountered, 0 discovered, 0 enqueued
[21.859s][info][gc,ref      ] GC(105) Phantom: 21 encountered, 10 discovered, 0 enqueued
[21.859s][info][gc,reloc    ] GC(105) Small Pages: 252 / 504M, Empty: 460M, Relocated: 1M, In-Place: 0
[21.859s][info][gc,reloc    ] GC(105) Medium Pages: 1 / 32M, Empty: 0M, Relocated: 0M, In-Place: 0
[21.859s][info][gc,reloc    ] GC(105) Large Pages: 0 / 0M, Empty: 0M, Relocated: 0M, In-Place: 0
[21.859s][info][gc,reloc    ] GC(105) Forwarding Usage: 0M
[21.859s][info][gc,heap     ] GC(105) Min Capacity: 8M(1%)
[21.859s][info][gc,heap     ] GC(105) Max Capacity: 1024M(100%)
[21.859s][info][gc,heap     ] GC(105) Soft Max Capacity: 1024M(100%)
[21.859s][info][gc,heap     ] GC(105)                Mark Start          Mark End        Relocate Start      Relocate End           High               Low         
[21.859s][info][gc,heap     ] GC(105)  Capacity:     1024M (100%)       1024M (100%)       1024M (100%)       1024M (100%)       1024M (100%)       1024M (100%)   
[21.859s][info][gc,heap     ] GC(105)      Free:      488M (48%)         314M (31%)         756M (74%)         766M (75%)         766M (75%)         306M (30%)    
[21.859s][info][gc,heap     ] GC(105)      Used:      536M (52%)         710M (69%)         268M (26%)         258M (25%)         718M (70%)         258M (25%)    
[21.859s][info][gc,heap     ] GC(105)      Live:         -                25M (3%)           25M (3%)           25M (3%)             -                  -          
[21.859s][info][gc,heap     ] GC(105) Allocated:         -               174M (17%)         192M (19%)         193M (19%)            -                  -          
[21.859s][info][gc,heap     ] GC(105)   Garbage:         -               510M (50%)          50M (5%)           38M (4%)             -                  -          
[21.859s][info][gc,heap     ] GC(105) Reclaimed:         -                  -               460M (45%)         471M (46%)            -                  -          
[21.859s][info][gc          ] GC(105) Garbage Collection (Allocation Rate) 536M(52%)->258M(25%)
[21.991s][info][gc,start    ] GC(106) Garbage Collection (Allocation Rate)
[21.991s][info][gc,task     ] GC(106) Using 2 workers
[21.992s][info][gc,phases   ] GC(106) Pause Mark Start 0.014ms
[22.054s][info][gc,phases   ] GC(106) Concurrent Mark 62.217ms
[22.054s][info][gc,phases   ] GC(106) Pause Mark End 0.015ms
[22.054s][info][gc,phases   ] GC(106) Concurrent Mark Free 0.001ms
[22.057s][info][gc,phases   ] GC(106) Concurrent Process Non-Strong References 2.346ms
[22.057s][info][gc,phases   ] GC(106) Concurrent Reset Relocation Set 0.002ms
[22.063s][info][gc,phases   ] GC(106) Concurrent Select Relocation Set 6.040ms
[22.063s][info][gc,phases   ] GC(106) Pause Relocate Start 0.008ms
[22.071s][info][gc,phases   ] GC(106) Concurrent Relocate 7.779ms
[22.071s][info][gc,load     ] GC(106) Load: 0.00/0.00/0.00
[22.071s][info][gc,mmu      ] GC(106) MMU: 2ms/98.9%, 5ms/99.4%, 10ms/99.7%, 20ms/99.8%, 50ms/99.9%, 100ms/99.9%
[22.071s][info][gc,marking  ] GC(106) Mark: 2 stripe(s), 2 proactive flush(es), 1 terminate flush(es), 0 completion(s), 0 continuation(s) 
[22.071s][info][gc,marking  ] GC(106) Mark Stack Usage: 32M
[22.071s][info][gc,nmethod  ] GC(106) NMethods: 1351 registered, 52 unregistered
[22.071s][info][gc,metaspace] GC(106) Metaspace: 8M used, 8M committed, 1088M reserved
[22.071s][info][gc,ref      ] GC(106) Soft: 174 encountered, 0 discovered, 0 enqueued
[22.071s][info][gc,ref      ] GC(106) Weak: 570 encountered, 336 discovered, 0 enqueued
[22.071s][info][gc,ref      ] GC(106) Final: 0 encountered, 0 discovered, 0 enqueued
[22.071s][info][gc,ref      ] GC(106) Phantom: 21 encountered, 11 discovered, 0 enqueued
[22.071s][info][gc,reloc    ] GC(106) Small Pages: 275 / 550M, Empty: 494M, Relocated: 6M, In-Place: 0
[22.071s][info][gc,reloc    ] GC(106) Medium Pages: 2 / 64M, Empty: 0M, Relocated: 2M, In-Place: 0
[22.071s][info][gc,reloc    ] GC(106) Large Pages: 0 / 0M, Empty: 0M, Relocated: 0M, In-Place: 0
[22.071s][info][gc,reloc    ] GC(106) Forwarding Usage: 2M
[22.071s][info][gc,heap     ] GC(106) Min Capacity: 8M(1%)
[22.071s][info][gc,heap     ] GC(106) Max Capacity: 1024M(100%)
[22.071s][info][gc,heap     ] GC(106) Soft Max Capacity: 1024M(100%)
[22.071s][info][gc,heap     ] GC(106)                Mark Start          Mark End        Relocate Start      Relocate End           High               Low         
[22.071s][info][gc,heap     ] GC(106)  Capacity:     1024M (100%)       1024M (100%)       1024M (100%)       1024M (100%)       1024M (100%)       1024M (100%)   
[22.071s][info][gc,heap     ] GC(106)      Free:      410M (40%)         264M (26%)         736M (72%)         774M (76%)         784M (77%)         258M (25%)    
[22.071s][info][gc,heap     ] GC(106)      Used:      614M (60%)         760M (74%)         288M (28%)         250M (24%)         766M (75%)         240M (23%)    
[22.071s][info][gc,heap     ] GC(106)      Live:         -                27M (3%)           27M (3%)           27M (3%)             -                  -          
[22.071s][info][gc,heap     ] GC(106) Allocated:         -               146M (14%)         168M (16%)         187M (18%)            -                  -          
[22.071s][info][gc,heap     ] GC(106)   Garbage:         -               586M (57%)          92M (9%)           34M (3%)             -                  -          
[22.071s][info][gc,heap     ] GC(106) Reclaimed:         -                  -               494M (48%)         551M (54%)            -                  -          
[22.071s][info][gc          ] GC(106) Garbage Collection (Allocation Rate) 614M(60%)->250M(24%)
[22.189s][info][gc,start    ] GC(107) Garbage Collection (Allocation Rate)
[22.189s][info][gc,task     ] GC(107) Using 2 workers
[22.189s][info][gc,phases   ] GC(107) Pause Mark Start 0.015ms
[22.246s][info][gc,phases   ] GC(107) Concurrent Mark 56.571ms
[22.246s][info][gc,phases   ] GC(107) Pause Mark End 0.011ms
[22.246s][info][gc,phases   ] GC(107) Concurrent Mark Free 0.001ms
[22.248s][info][gc,phases   ] GC(107) Concurrent Process Non-Strong References 1.879ms
[22.248s][info][gc,phases   ] GC(107) Concurrent Reset Relocation Set 0.004ms
[22.252s][info][gc,phases   ] GC(107) Concurrent Select Relocation Set 3.932ms
[22.252s][info][gc,phases   ] GC(107) Pause Relocate Start 0.005ms
[22.257s][info][gc,phases   ] GC(107) Concurrent Relocate 4.683ms
[22.257s][info][gc,load     ] GC(107) Load: 0.00/0.00/0.00
[22.257s][info][gc,mmu      ] GC(107) MMU: 2ms/98.9%, 5ms/99.4%, 10ms/99.7%, 20ms/99.8%, 50ms/99.9%, 100ms/99.9%
[22.257s][info][gc,marking  ] GC(107) Mark: 2 stripe(s), 3 proactive flush(es), 1 terminate flush(es), 0 completion(s), 0 continuation(s) 
[22.257s][info][gc,marking  ] GC(107) Mark Stack Usage: 32M
[22.257s][info][gc,nmethod  ] GC(107) NMethods: 1351 registered, 52 unregistered
[22.257s][info][gc,metaspace] GC(107) Metaspace: 8M used, 8M committed, 1088M reserved
[22.257s][info][gc,ref      ] GC(107) Soft: 174 encountered, 0 discovered, 0 enqueued
[22.257s][info][gc,ref      ] GC(107) Weak: 570 encountered, 238 discovered, 0 enqueued
[22.257s][info][gc,ref      ] GC(107) Final: 0 encountered, 0 discovered, 0 enqueued
[22.257s][info][gc,ref      ] GC(107) Phantom: 21 encountered, 11 discovered, 0 enqueued
[22.257s][info][gc,reloc    ] GC(107) Small Pages: 266 / 532M, Empty: 470M, Relocated: 4M, In-Place: 0
[22.257s][info][gc,reloc    ] GC(107) Medium Pages: 1 / 32M, Empty: 0M, Relocated: 0M, In-Place: 0
[22.257s][info][gc,reloc    ] GC(107) Large Pages: 0 / 0M, Empty: 0M, Relocated: 0M, In-Place: 0
[22.257s][info][gc,reloc    ] GC(107) Forwarding Usage: 2M
[22.257s][info][gc,heap     ] GC(107) Min Capacity: 8M(1%)
[22.257s][info][gc,heap     ] GC(107) Max Capacity: 1024M(100%)
[22.257s][info][gc,heap     ] GC(107) Soft Max Capacity: 1024M(100%)
[22.257s][info][gc,heap     ] GC(107)                Mark Start          Mark End        Relocate Start      Relocate End           High               Low         
[22.257s][info][gc,heap     ] GC(107)  Capacity:     1024M (100%)       1024M (100%)       1024M (100%)       1024M (100%)       1024M (100%)       1024M (100%)   
[22.257s][info][gc,heap     ] GC(107)      Free:      460M (45%)         334M (33%)         802M (78%)         830M (81%)         830M (81%)         334M (33%)    
[22.257s][info][gc,heap     ] GC(107)      Used:      564M (55%)         690M (67%)         222M (22%)         194M (19%)         690M (67%)         194M (19%)    
[22.257s][info][gc,heap     ] GC(107)      Live:         -                28M (3%)           28M (3%)           28M (3%)             -                  -          
[22.258s][info][gc,heap     ] GC(107) Allocated:         -               126M (12%)         128M (13%)         129M (13%)            -                  -          
[22.258s][info][gc,heap     ] GC(107)   Garbage:         -               535M (52%)          65M (6%)           35M (3%)             -                  -          
[22.258s][info][gc,heap     ] GC(107) Reclaimed:         -                  -               470M (46%)         499M (49%)            -                  -          
[22.258s][info][gc          ] GC(107) Garbage Collection (Allocation Rate) 564M(55%)->194M(19%)
[22.595s][info][gc,start    ] GC(108) Garbage Collection (Allocation Rate)
[22.595s][info][gc,task     ] GC(108) Using 1 workers
[22.595s][info][gc,phases   ] GC(108) Pause Mark Start 0.017ms
[22.675s][info][gc,phases   ] GC(108) Concurrent Mark 80.575ms
[22.676s][info][gc,phases   ] GC(108) Pause Mark End 0.017ms
[22.676s][info][gc,phases   ] GC(108) Concurrent Mark Free 0.001ms
[22.681s][info][gc,phases   ] GC(108) Concurrent Process Non-Strong References 4.792ms
[22.681s][info][gc,phases   ] GC(108) Concurrent Reset Relocation Set 0.006ms
[22.688s][info][gc,phases   ] GC(108) Concurrent Select Relocation Set 7.738ms
[22.689s][info][gc,phases   ] GC(108) Pause Relocate Start 0.010ms
[22.704s][info][gc,phases   ] GC(108) Concurrent Relocate 15.043ms
[22.704s][info][gc,load     ] GC(108) Load: 0.00/0.00/0.00
[22.704s][info][gc,mmu      ] GC(108) MMU: 2ms/98.9%, 5ms/99.4%, 10ms/99.7%, 20ms/99.8%, 50ms/99.9%, 100ms/99.9%
[22.704s][info][gc,marking  ] GC(108) Mark: 1 stripe(s), 2 proactive flush(es), 1 terminate flush(es), 0 completion(s), 0 continuation(s) 
[22.704s][info][gc,marking  ] GC(108) Mark Stack Usage: 32M
[22.704s][info][gc,nmethod  ] GC(108) NMethods: 1352 registered, 52 unregistered
[22.704s][info][gc,metaspace] GC(108) Metaspace: 8M used, 8M committed, 1088M reserved
[22.704s][info][gc,ref      ] GC(108) Soft: 174 encountered, 0 discovered, 0 enqueued
[22.704s][info][gc,ref      ] GC(108) Weak: 570 encountered, 424 discovered, 0 enqueued
[22.704s][info][gc,ref      ] GC(108) Final: 0 encountered, 0 discovered, 0 enqueued
[22.704s][info][gc,ref      ] GC(108) Phantom: 21 encountered, 17 discovered, 0 enqueued
[22.704s][info][gc,reloc    ] GC(108) Small Pages: 92 / 184M, Empty: 138M, Relocated: 6M, In-Place: 0
[22.704s][info][gc,reloc    ] GC(108) Medium Pages: 2 / 64M, Empty: 32M, Relocated: 0M, In-Place: 0
[22.704s][info][gc,reloc    ] GC(108) Large Pages: 0 / 0M, Empty: 0M, Relocated: 0M, In-Place: 0
[22.704s][info][gc,reloc    ] GC(108) Forwarding Usage: 2M
[22.704s][info][gc,heap     ] GC(108) Min Capacity: 8M(1%)
[22.704s][info][gc,heap     ] GC(108) Max Capacity: 1024M(100%)
[22.704s][info][gc,heap     ] GC(108) Soft Max Capacity: 1024M(100%)
[22.704s][info][gc,heap     ] GC(108)                Mark Start          Mark End        Relocate Start      Relocate End           High               Low         
[22.704s][info][gc,heap     ] GC(108)  Capacity:     1024M (100%)       1024M (100%)       1024M (100%)       1024M (100%)       1024M (100%)       1024M (100%)   
[22.704s][info][gc,heap     ] GC(108)      Free:      776M (76%)         704M (69%)         866M (85%)         874M (85%)         874M (85%)         700M (68%)    
[22.704s][info][gc,heap     ] GC(108)      Used:      248M (24%)         320M (31%)         158M (15%)         150M (15%)         324M (32%)         150M (15%)    
[22.704s][info][gc,heap     ] GC(108)      Live:         -                30M (3%)           30M (3%)           30M (3%)             -                  -          
[22.704s][info][gc,heap     ] GC(108) Allocated:         -                72M (7%)           80M (8%)           83M (8%)             -                  -          
[22.704s][info][gc,heap     ] GC(108)   Garbage:         -               217M (21%)          47M (5%)           35M (3%)             -                  -          
[22.705s][info][gc,heap     ] GC(108) Reclaimed:         -                  -               170M (17%)         181M (18%)            -                  -          
[22.705s][info][gc          ] GC(108) Garbage Collection (Allocation Rate) 248M(24%)->150M(15%)
[22.705s][info][gc,start    ] GC(109) Garbage Collection (System.gc())
[22.705s][info][gc,task     ] GC(109) Using 10 workers
[22.705s][info][gc,phases   ] GC(109) Pause Mark Start 0.011ms
[22.709s][info][gc,phases   ] GC(109) Concurrent Mark 4.510ms
[22.709s][info][gc,phases   ] GC(109) Pause Mark End 0.015ms
[22.709s][info][gc,phases   ] GC(109) Concurrent Mark Free 0.001ms
[22.710s][info][gc,phases   ] GC(109) Concurrent Process Non-Strong References 0.651ms
[22.710s][info][gc,phases   ] GC(109) Concurrent Reset Relocation Set 0.001ms
[22.713s][info][gc,phases   ] GC(109) Concurrent Select Relocation Set 2.847ms
[22.713s][info][gc,phases   ] GC(109) Pause Relocate Start 0.008ms
[22.714s][info][gc,phases   ] GC(109) Concurrent Relocate 1.100ms
[22.714s][info][gc,load     ] GC(109) Load: 0.00/0.00/0.00
[22.714s][info][gc,mmu      ] GC(109) MMU: 2ms/98.9%, 5ms/99.4%, 10ms/99.7%, 20ms/99.8%, 50ms/99.9%, 100ms/99.9%
[22.714s][info][gc,marking  ] GC(109) Mark: 8 stripe(s), 1 proactive flush(es), 1 terminate flush(es), 0 completion(s), 0 continuation(s) 
[22.714s][info][gc,marking  ] GC(109) Mark Stack Usage: 32M
[22.714s][info][gc,nmethod  ] GC(109) NMethods: 1351 registered, 53 unregistered
[22.714s][info][gc,metaspace] GC(109) Metaspace: 8M used, 8M committed, 1088M reserved
[22.714s][info][gc,ref      ] GC(109) Soft: 174 encountered, 0 discovered, 0 enqueued
[22.714s][info][gc,ref      ] GC(109) Weak: 570 encountered, 55 discovered, 0 enqueued
[22.714s][info][gc,ref      ] GC(109) Final: 0 encountered, 0 discovered, 0 enqueued
[22.714s][info][gc,ref      ] GC(109) Phantom: 21 encountered, 18 discovered, 0 enqueued
[22.714s][info][gc,reloc    ] GC(109) Small Pages: 43 / 86M, Empty: 74M, Relocated: 1M, In-Place: 0
[22.714s][info][gc,reloc    ] GC(109) Medium Pages: 2 / 64M, Empty: 64M, Relocated: 0M, In-Place: 0
[22.714s][info][gc,reloc    ] GC(109) Large Pages: 0 / 0M, Empty: 0M, Relocated: 0M, In-Place: 0
[22.714s][info][gc,reloc    ] GC(109) Forwarding Usage: 0M
[22.714s][info][gc,heap     ] GC(109) Min Capacity: 8M(1%)
[22.715s][info][gc,heap     ] GC(109) Max Capacity: 1024M(100%)
[22.715s][info][gc,heap     ] GC(109) Soft Max Capacity: 1024M(100%)
[22.715s][info][gc,heap     ] GC(109)                Mark Start          Mark End        Relocate Start      Relocate End           High               Low         
[22.715s][info][gc,heap     ] GC(109)  Capacity:     1024M (100%)       1024M (100%)       1024M (100%)       1024M (100%)       1024M (100%)       1024M (100%)   
[22.715s][info][gc,heap     ] GC(109)      Free:      874M (85%)         874M (85%)        1012M (99%)        1012M (99%)        1012M (99%)         874M (85%)    
[22.715s][info][gc,heap     ] GC(109)      Used:      150M (15%)         150M (15%)          12M (1%)           12M (1%)          150M (15%)          12M (1%)     
[22.715s][info][gc,heap     ] GC(109)      Live:         -                 4M (0%)            4M (0%)            4M (0%)             -                  -          
[22.715s][info][gc,heap     ] GC(109) Allocated:         -                 0M (0%)            0M (0%)            0M (0%)             -                  -          
[22.715s][info][gc,heap     ] GC(109)   Garbage:         -               145M (14%)           7M (1%)            7M (1%)             -                  -          
[22.715s][info][gc,heap     ] GC(109) Reclaimed:         -                  -               138M (13%)         138M (13%)            -                  -          
[22.715s][info][gc          ] GC(109) Garbage Collection (System.gc()) 150M(15%)->12M(1%)
[22.989s][info][gc,start    ] GC(110) Garbage Collection (Allocation Rate)
[22.989s][info][gc,task     ] GC(110) Using 10 workers
[22.990s][info][gc,phases   ] GC(110) Pause Mark Start 0.013ms
[22.996s][info][gc,phases   ] GC(110) Concurrent Mark 6.330ms
[22.996s][info][gc,phases   ] GC(110) Pause Mark End 0.016ms
[22.996s][info][gc,phases   ] GC(110) Concurrent Mark Free 0.001ms
[22.997s][info][gc,phases   ] GC(110) Concurrent Process Non-Strong References 0.631ms
[22.997s][info][gc,phases   ] GC(110) Concurrent Reset Relocation Set 0.001ms
[23.000s][info][gc,phases   ] GC(110) Concurrent Select Relocation Set 2.995ms
[23.000s][info][gc,phases   ] GC(110) Pause Relocate Start 0.008ms
[23.001s][info][gc,phases   ] GC(110) Concurrent Relocate 1.216ms
[23.001s][info][gc,load     ] GC(110) Load: 0.00/0.00/0.00
[23.001s][info][gc,mmu      ] GC(110) MMU: 2ms/98.9%, 5ms/99.4%, 10ms/99.7%, 20ms/99.8%, 50ms/99.9%, 100ms/99.9%
[23.001s][info][gc,marking  ] GC(110) Mark: 8 stripe(s), 2 proactive flush(es), 1 terminate flush(es), 0 completion(s), 0 continuation(s) 
[23.001s][info][gc,marking  ] GC(110) Mark Stack Usage: 32M
[23.001s][info][gc,nmethod  ] GC(110) NMethods: 1353 registered, 53 unregistered
[23.001s][info][gc,metaspace] GC(110) Metaspace: 8M used, 8M committed, 1088M reserved
[23.001s][info][gc,ref      ] GC(110) Soft: 174 encountered, 0 discovered, 0 enqueued
[23.001s][info][gc,ref      ] GC(110) Weak: 570 encountered, 0 discovered, 0 enqueued
[23.001s][info][gc,ref      ] GC(110) Final: 0 encountered, 0 discovered, 0 enqueued
[23.001s][info][gc,ref      ] GC(110) Phantom: 21 encountered, 12 discovered, 0 enqueued
[23.001s][info][gc,reloc    ] GC(110) Small Pages: 334 / 668M, Empty: 650M, Relocated: 1M, In-Place: 0
[23.001s][info][gc,reloc    ] GC(110) Medium Pages: 0 / 0M, Empty: 0M, Relocated: 0M, In-Place: 0
[23.001s][info][gc,reloc    ] GC(110) Large Pages: 0 / 0M, Empty: 0M, Relocated: 0M, In-Place: 0
[23.001s][info][gc,reloc    ] GC(110) Forwarding Usage: 0M
[23.001s][info][gc,heap     ] GC(110) Min Capacity: 8M(1%)
[23.001s][info][gc,heap     ] GC(110) Max Capacity: 1024M(100%)
[23.001s][info][gc,heap     ] GC(110) Soft Max Capacity: 1024M(100%)
[23.001s][info][gc,heap     ] GC(110)                Mark Start          Mark End        Relocate Start      Relocate End           High               Low         
[23.001s][info][gc,heap     ] GC(110)  Capacity:     1024M (100%)       1024M (100%)       1024M (100%)       1024M (100%)       1024M (100%)       1024M (100%)   
[23.001s][info][gc,heap     ] GC(110)      Free:      356M (35%)         320M (31%)         968M (95%)         966M (94%)         968M (95%)         320M (31%)    
[23.001s][info][gc,heap     ] GC(110)      Used:      668M (65%)         704M (69%)          56M (5%)           58M (6%)          704M (69%)          56M (5%)     
[23.001s][info][gc,heap     ] GC(110)      Live:         -                 6M (1%)            6M (1%)            6M (1%)             -                  -          
[23.001s][info][gc,heap     ] GC(110) Allocated:         -                36M (4%)           38M (4%)           39M (4%)             -                  -          
[23.002s][info][gc,heap     ] GC(110)   Garbage:         -               661M (65%)          11M (1%)           11M (1%)             -                  -          
[23.002s][info][gc,heap     ] GC(110) Reclaimed:         -                  -               650M (63%)         649M (63%)            -                  -          
[23.002s][info][gc          ] GC(110) Garbage Collection (Allocation Rate) 668M(65%)->58M(6%)
[23.290s][info][gc,start    ] GC(111) Garbage Collection (Allocation Rate)
[23.290s][info][gc,task     ] GC(111) Using 2 workers
[23.290s][info][gc,phases   ] GC(111) Pause Mark Start 0.016ms
[23.311s][info][gc,phases   ] GC(111) Concurrent Mark 21.552ms
[23.312s][info][gc,phases   ] GC(111) Pause Mark End 0.012ms
[23.312s][info][gc,phases   ] GC(111) Concurrent Mark Free 0.001ms
[23.314s][info][gc,phases   ] GC(111) Concurrent Process Non-Strong References 2.565ms
[23.314s][info][gc,phases   ] GC(111) Concurrent Reset Relocation Set 0.001ms
[23.318s][info][gc,phases   ] GC(111) Concurrent Select Relocation Set 3.901ms
[23.318s][info][gc,phases   ] GC(111) Pause Relocate Start 0.004ms
[23.324s][info][gc,phases   ] GC(111) Concurrent Relocate 6.128ms
[23.324s][info][gc,load     ] GC(111) Load: 0.00/0.00/0.00
[23.324s][info][gc,mmu      ] GC(111) MMU: 2ms/98.9%, 5ms/99.4%, 10ms/99.7%, 20ms/99.8%, 50ms/99.9%, 100ms/99.9%
[23.324s][info][gc,marking  ] GC(111) Mark: 2 stripe(s), 2 proactive flush(es), 1 terminate flush(es), 0 completion(s), 0 continuation(s) 
[23.324s][info][gc,marking  ] GC(111) Mark Stack Usage: 32M
[23.324s][info][gc,nmethod  ] GC(111) NMethods: 1353 registered, 53 unregistered
[23.324s][info][gc,metaspace] GC(111) Metaspace: 8M used, 8M committed, 1088M reserved
[23.324s][info][gc,ref      ] GC(111) Soft: 174 encountered, 0 discovered, 0 enqueued
[23.325s][info][gc,ref      ] GC(111) Weak: 570 encountered, 337 discovered, 0 enqueued
[23.325s][info][gc,ref      ] GC(111) Final: 0 encountered, 0 discovered, 0 enqueued
[23.325s][info][gc,ref      ] GC(111) Phantom: 21 encountered, 16 discovered, 0 enqueued
[23.325s][info][gc,reloc    ] GC(111) Small Pages: 375 / 750M, Empty: 706M, Relocated: 5M, In-Place: 0
[23.325s][info][gc,reloc    ] GC(111) Medium Pages: 1 / 32M, Empty: 0M, Relocated: 0M, In-Place: 0
[23.325s][info][gc,reloc    ] GC(111) Large Pages: 0 / 0M, Empty: 0M, Relocated: 0M, In-Place: 0
[23.325s][info][gc,reloc    ] GC(111) Forwarding Usage: 2M
[23.325s][info][gc,heap     ] GC(111) Min Capacity: 8M(1%)
[23.325s][info][gc,heap     ] GC(111) Max Capacity: 1024M(100%)
[23.325s][info][gc,heap     ] GC(111) Soft Max Capacity: 1024M(100%)
[23.325s][info][gc,heap     ] GC(111)                Mark Start          Mark End        Relocate Start      Relocate End           High               Low         
[23.325s][info][gc,heap     ] GC(111)  Capacity:     1024M (100%)       1024M (100%)       1024M (100%)       1024M (100%)       1024M (100%)       1024M (100%)   
[23.325s][info][gc,heap     ] GC(111)      Free:      242M (24%)         186M (18%)         886M (87%)         914M (89%)         914M (89%)         184M (18%)    
[23.325s][info][gc,heap     ] GC(111)      Used:      782M (76%)         838M (82%)         138M (13%)         110M (11%)         840M (82%)         110M (11%)    
[23.325s][info][gc,heap     ] GC(111)      Live:         -                 8M (1%)            8M (1%)            8M (1%)             -                  -          
[23.325s][info][gc,heap     ] GC(111) Allocated:         -                56M (5%)           62M (6%)           67M (7%)             -                  -          
[23.325s][info][gc,heap     ] GC(111)   Garbage:         -               773M (76%)          67M (7%)           33M (3%)             -                  -          
[23.325s][info][gc,heap     ] GC(111) Reclaimed:         -                  -               706M (69%)         739M (72%)            -                  -          
[23.325s][info][gc          ] GC(111) Garbage Collection (Allocation Rate) 782M(76%)->110M(11%)
[23.589s][info][gc,start    ] GC(112) Garbage Collection (Allocation Rate)
[23.589s][info][gc,task     ] GC(112) Using 5 workers
[23.589s][info][gc,phases   ] GC(112) Pause Mark Start 0.015ms
[23.603s][info][gc,phases   ] GC(112) Concurrent Mark 13.631ms
[23.603s][info][gc,phases   ] GC(112) Pause Mark End 0.012ms
[23.603s][info][gc,phases   ] GC(112) Concurrent Mark Free 0.001ms
[23.604s][info][gc,phases   ] GC(112) Concurrent Process Non-Strong References 1.076ms
[23.604s][info][gc,phases   ] GC(112) Concurrent Reset Relocation Set 0.005ms
[23.608s][info][gc,phases   ] GC(112) Concurrent Select Relocation Set 4.112ms
[23.609s][info][gc,phases   ] GC(112) Pause Relocate Start 0.009ms
[23.610s][info][gc,phases   ] GC(112) Concurrent Relocate 1.444ms
[23.610s][info][gc,load     ] GC(112) Load: 0.00/0.00/0.00
[23.610s][info][gc,mmu      ] GC(112) MMU: 2ms/98.9%, 5ms/99.4%, 10ms/99.7%, 20ms/99.8%, 50ms/99.9%, 100ms/99.9%
[23.610s][info][gc,marking  ] GC(112) Mark: 4 stripe(s), 2 proactive flush(es), 1 terminate flush(es), 0 completion(s), 0 continuation(s) 
[23.610s][info][gc,marking  ] GC(112) Mark Stack Usage: 32M
[23.610s][info][gc,nmethod  ] GC(112) NMethods: 1353 registered, 53 unregistered
[23.610s][info][gc,metaspace] GC(112) Metaspace: 8M used, 8M committed, 1088M reserved
[23.610s][info][gc,ref      ] GC(112) Soft: 174 encountered, 0 discovered, 0 enqueued
[23.610s][info][gc,ref      ] GC(112) Weak: 570 encountered, 8 discovered, 0 enqueued
[23.610s][info][gc,ref      ] GC(112) Final: 0 encountered, 0 discovered, 0 enqueued
[23.610s][info][gc,ref      ] GC(112) Phantom: 21 encountered, 20 discovered, 0 enqueued
[23.610s][info][gc,reloc    ] GC(112) Small Pages: 346 / 692M, Empty: 660M, Relocated: 1M, In-Place: 0
[23.610s][info][gc,reloc    ] GC(112) Medium Pages: 2 / 64M, Empty: 32M, Relocated: 0M, In-Place: 0
[23.611s][info][gc,reloc    ] GC(112) Large Pages: 0 / 0M, Empty: 0M, Relocated: 0M, In-Place: 0
[23.611s][info][gc,reloc    ] GC(112) Forwarding Usage: 0M
[23.611s][info][gc,heap     ] GC(112) Min Capacity: 8M(1%)
[23.611s][info][gc,heap     ] GC(112) Max Capacity: 1024M(100%)
[23.611s][info][gc,heap     ] GC(112) Soft Max Capacity: 1024M(100%)
[23.611s][info][gc,heap     ] GC(112)                Mark Start          Mark End        Relocate Start      Relocate End           High               Low         
[23.611s][info][gc,heap     ] GC(112)  Capacity:     1024M (100%)       1024M (100%)       1024M (100%)       1024M (100%)       1024M (100%)       1024M (100%)   
[23.611s][info][gc,heap     ] GC(112)      Free:      268M (26%)         232M (23%)         912M (89%)         918M (90%)         918M (90%)         232M (23%)    
[23.611s][info][gc,heap     ] GC(112)      Used:      756M (74%)         792M (77%)         112M (11%)         106M (10%)         792M (77%)         106M (10%)    
[23.611s][info][gc,heap     ] GC(112)      Live:         -                10M (1%)           10M (1%)           10M (1%)             -                  -          
[23.611s][info][gc,heap     ] GC(112) Allocated:         -                36M (4%)           48M (5%)           51M (5%)             -                  -          
[23.611s][info][gc,heap     ] GC(112)   Garbage:         -               745M (73%)          53M (5%)           43M (4%)             -                  -          
[23.611s][info][gc,heap     ] GC(112) Reclaimed:         -                  -               692M (68%)         701M (69%)            -                  -          
[23.611s][info][gc          ] GC(112) Garbage Collection (Allocation Rate) 756M(74%)->106M(10%)
[23.790s][info][gc,start    ] GC(113) Garbage Collection (Allocation Rate)
[23.790s][info][gc,task     ] GC(113) Using 5 workers
[23.790s][info][gc,phases   ] GC(113) Pause Mark Start 0.016ms
[23.806s][info][gc,phases   ] GC(113) Concurrent Mark 15.616ms
[23.806s][info][gc,phases   ] GC(113) Pause Mark End 0.014ms
[23.806s][info][gc,phases   ] GC(113) Concurrent Mark Free 0.001ms
[23.807s][info][gc,phases   ] GC(113) Concurrent Process Non-Strong References 0.948ms
[23.807s][info][gc,phases   ] GC(113) Concurrent Reset Relocation Set 0.002ms
[23.811s][info][gc,phases   ] GC(113) Concurrent Select Relocation Set 4.362ms
[23.811s][info][gc,phases   ] GC(113) Pause Relocate Start 0.009ms
[23.813s][info][gc,phases   ] GC(113) Concurrent Relocate 1.291ms
[23.813s][info][gc,load     ] GC(113) Load: 0.00/0.00/0.00
[23.813s][info][gc,mmu      ] GC(113) MMU: 2ms/98.9%, 5ms/99.4%, 10ms/99.7%, 20ms/99.8%, 50ms/99.9%, 100ms/99.9%
[23.813s][info][gc,marking  ] GC(113) Mark: 4 stripe(s), 3 proactive flush(es), 1 terminate flush(es), 0 completion(s), 0 continuation(s) 
[23.813s][info][gc,marking  ] GC(113) Mark Stack Usage: 32M
[23.813s][info][gc,nmethod  ] GC(113) NMethods: 1353 registered, 53 unregistered
[23.813s][info][gc,metaspace] GC(113) Metaspace: 8M used, 8M committed, 1088M reserved
[23.813s][info][gc,ref      ] GC(113) Soft: 174 encountered, 0 discovered, 0 enqueued
[23.813s][info][gc,ref      ] GC(113) Weak: 570 encountered, 8 discovered, 0 enqueued
[23.813s][info][gc,ref      ] GC(113) Final: 0 encountered, 0 discovered, 0 enqueued
[23.813s][info][gc,ref      ] GC(113) Phantom: 21 encountered, 20 discovered, 0 enqueued
[23.813s][info][gc,reloc    ] GC(113) Small Pages: 266 / 532M, Empty: 490M, Relocated: 1M, In-Place: 0
[23.813s][info][gc,reloc    ] GC(113) Medium Pages: 2 / 64M, Empty: 0M, Relocated: 0M, In-Place: 0
[23.813s][info][gc,reloc    ] GC(113) Large Pages: 0 / 0M, Empty: 0M, Relocated: 0M, In-Place: 0
[23.813s][info][gc,reloc    ] GC(113) Forwarding Usage: 0M
[23.813s][info][gc,heap     ] GC(113) Min Capacity: 8M(1%)
[23.813s][info][gc,heap     ] GC(113) Max Capacity: 1024M(100%)
[23.813s][info][gc,heap     ] GC(113) Soft Max Capacity: 1024M(100%)
[23.813s][info][gc,heap     ] GC(113)                Mark Start          Mark End        Relocate Start      Relocate End           High               Low         
[23.813s][info][gc,heap     ] GC(113)  Capacity:     1024M (100%)       1024M (100%)       1024M (100%)       1024M (100%)       1024M (100%)       1024M (100%)   
[23.813s][info][gc,heap     ] GC(113)      Free:      428M (42%)         386M (38%)         864M (84%)         910M (89%)         910M (89%)         382M (37%)    
[23.813s][info][gc,heap     ] GC(113)      Used:      596M (58%)         638M (62%)         160M (16%)         114M (11%)         642M (63%)         114M (11%)    
[23.813s][info][gc,heap     ] GC(113)      Live:         -                11M (1%)           11M (1%)           11M (1%)             -                  -          
[23.814s][info][gc,heap     ] GC(113) Allocated:         -                42M (4%)           54M (5%)           57M (6%)             -                  -          
[23.814s][info][gc,heap     ] GC(113)   Garbage:         -               584M (57%)          94M (9%)           44M (4%)             -                  -          
[23.814s][info][gc,heap     ] GC(113) Reclaimed:         -                  -               490M (48%)         539M (53%)            -                  -          
[23.814s][info][gc          ] GC(113) Garbage Collection (Allocation Rate) 596M(58%)->114M(11%)
[23.890s][info][gc,start    ] GC(114) Garbage Collection (Allocation Rate)
[23.890s][info][gc,task     ] GC(114) Using 5 workers
[23.890s][info][gc,phases   ] GC(114) Pause Mark Start 0.015ms
[23.906s][info][gc,phases   ] GC(114) Concurrent Mark 15.666ms
[23.906s][info][gc,phases   ] GC(114) Pause Mark End 0.012ms
[23.906s][info][gc,phases   ] GC(114) Concurrent Mark Free 0.001ms
[23.907s][info][gc,phases   ] GC(114) Concurrent Process Non-Strong References 0.994ms
[23.907s][info][gc,phases   ] GC(114) Concurrent Reset Relocation Set 0.003ms
[23.912s][info][gc,phases   ] GC(114) Concurrent Select Relocation Set 5.309ms
[23.912s][info][gc,phases   ] GC(114) Pause Relocate Start 0.008ms
[23.918s][info][gc,phases   ] GC(114) Concurrent Relocate 5.413ms
[23.918s][info][gc,load     ] GC(114) Load: 0.00/0.00/0.00
[23.918s][info][gc,mmu      ] GC(114) MMU: 2ms/98.9%, 5ms/99.4%, 10ms/99.7%, 20ms/99.8%, 50ms/99.9%, 100ms/99.9%
[23.918s][info][gc,marking  ] GC(114) Mark: 4 stripe(s), 2 proactive flush(es), 1 terminate flush(es), 0 completion(s), 0 continuation(s) 
[23.918s][info][gc,marking  ] GC(114) Mark Stack Usage: 32M
[23.918s][info][gc,nmethod  ] GC(114) NMethods: 1353 registered, 53 unregistered
[23.918s][info][gc,metaspace] GC(114) Metaspace: 8M used, 8M committed, 1088M reserved
[23.918s][info][gc,ref      ] GC(114) Soft: 174 encountered, 0 discovered, 0 enqueued
[23.918s][info][gc,ref      ] GC(114) Weak: 570 encountered, 6 discovered, 0 enqueued
[23.918s][info][gc,ref      ] GC(114) Final: 0 encountered, 0 discovered, 0 enqueued
[23.918s][info][gc,ref      ] GC(114) Phantom: 21 encountered, 20 discovered, 0 enqueued
[23.918s][info][gc,reloc    ] GC(114) Small Pages: 143 / 286M, Empty: 254M, Relocated: 8M, In-Place: 0
[23.918s][info][gc,reloc    ] GC(114) Medium Pages: 1 / 32M, Empty: 0M, Relocated: 0M, In-Place: 0
[23.918s][info][gc,reloc    ] GC(114) Large Pages: 0 / 0M, Empty: 0M, Relocated: 0M, In-Place: 0
[23.918s][info][gc,reloc    ] GC(114) Forwarding Usage: 3M
[23.918s][info][gc,heap     ] GC(114) Min Capacity: 8M(1%)
[23.918s][info][gc,heap     ] GC(114) Max Capacity: 1024M(100%)
[23.918s][info][gc,heap     ] GC(114) Soft Max Capacity: 1024M(100%)
[23.918s][info][gc,heap     ] GC(114)                Mark Start          Mark End        Relocate Start      Relocate End           High               Low         
[23.918s][info][gc,heap     ] GC(114)  Capacity:     1024M (100%)       1024M (100%)       1024M (100%)       1024M (100%)       1024M (100%)       1024M (100%)   
[23.918s][info][gc,heap     ] GC(114)      Free:      706M (69%)         662M (65%)         906M (88%)         918M (90%)         918M (90%)         660M (64%)    
[23.918s][info][gc,heap     ] GC(114)      Used:      318M (31%)         362M (35%)         118M (12%)         106M (10%)         364M (36%)         106M (10%)    
[23.918s][info][gc,heap     ] GC(114)      Live:         -                12M (1%)           12M (1%)           12M (1%)             -                  -          
[23.918s][info][gc,heap     ] GC(114) Allocated:         -                44M (4%)           54M (5%)           57M (6%)             -                  -          
[23.918s][info][gc,heap     ] GC(114)   Garbage:         -               305M (30%)          51M (5%)           35M (3%)             -                  -          
[23.919s][info][gc,heap     ] GC(114) Reclaimed:         -                  -               254M (25%)         269M (26%)            -                  -          
[23.919s][info][gc          ] GC(114) Garbage Collection (Allocation Rate) 318M(31%)->106M(10%)
[24.089s][info][gc,start    ] GC(115) Garbage Collection (Allocation Rate)
[24.089s][info][gc,task     ] GC(115) Using 5 workers
[24.090s][info][gc,phases   ] GC(115) Pause Mark Start 0.016ms
[24.109s][info][gc,phases   ] GC(115) Concurrent Mark 19.580ms
[24.109s][info][gc,phases   ] GC(115) Pause Mark End 0.013ms
[24.109s][info][gc,phases   ] GC(115) Concurrent Mark Free 0.000ms
[24.110s][info][gc,phases   ] GC(115) Concurrent Process Non-Strong References 1.046ms
[24.110s][info][gc,phases   ] GC(115) Concurrent Reset Relocation Set 0.002ms
[24.113s][info][gc,phases   ] GC(115) Concurrent Select Relocation Set 2.856ms
[24.113s][info][gc,phases   ] GC(115) Pause Relocate Start 0.006ms
[24.118s][info][gc,phases   ] GC(115) Concurrent Relocate 4.404ms
[24.118s][info][gc,load     ] GC(115) Load: 0.00/0.00/0.00
[24.118s][info][gc,mmu      ] GC(115) MMU: 2ms/98.9%, 5ms/99.4%, 10ms/99.7%, 20ms/99.8%, 50ms/99.9%, 100ms/99.9%
[24.118s][info][gc,marking  ] GC(115) Mark: 4 stripe(s), 2 proactive flush(es), 1 terminate flush(es), 0 completion(s), 0 continuation(s) 
[24.118s][info][gc,marking  ] GC(115) Mark Stack Usage: 32M
[24.118s][info][gc,nmethod  ] GC(115) NMethods: 1353 registered, 53 unregistered
[24.118s][info][gc,metaspace] GC(115) Metaspace: 8M used, 8M committed, 1088M reserved
[24.118s][info][gc,ref      ] GC(115) Soft: 174 encountered, 0 discovered, 0 enqueued
[24.118s][info][gc,ref      ] GC(115) Weak: 570 encountered, 7 discovered, 0 enqueued
[24.118s][info][gc,ref      ] GC(115) Final: 0 encountered, 0 discovered, 0 enqueued
[24.118s][info][gc,ref      ] GC(115) Phantom: 21 encountered, 20 discovered, 0 enqueued
[24.118s][info][gc,reloc    ] GC(115) Small Pages: 241 / 482M, Empty: 446M, Relocated: 5M, In-Place: 0
[24.118s][info][gc,reloc    ] GC(115) Medium Pages: 1 / 32M, Empty: 0M, Relocated: 0M, In-Place: 0
[24.118s][info][gc,reloc    ] GC(115) Large Pages: 0 / 0M, Empty: 0M, Relocated: 0M, In-Place: 0
[24.118s][info][gc,reloc    ] GC(115) Forwarding Usage: 1M
[24.118s][info][gc,heap     ] GC(115) Min Capacity: 8M(1%)
[24.118s][info][gc,heap     ] GC(115) Max Capacity: 1024M(100%)
[24.118s][info][gc,heap     ] GC(115) Soft Max Capacity: 1024M(100%)
[24.118s][info][gc,heap     ] GC(115)                Mark Start          Mark End        Relocate Start      Relocate End           High               Low         
[24.118s][info][gc,heap     ] GC(115)  Capacity:     1024M (100%)       1024M (100%)       1024M (100%)       1024M (100%)       1024M (100%)       1024M (100%)   
[24.118s][info][gc,heap     ] GC(115)      Free:      510M (50%)         486M (47%)         926M (90%)         932M (91%)         934M (91%)         484M (47%)    
[24.118s][info][gc,heap     ] GC(115)      Used:      514M (50%)         538M (53%)          98M (10%)          92M (9%)          540M (53%)          90M (9%)     
[24.118s][info][gc,heap     ] GC(115)      Live:         -                13M (1%)           13M (1%)           13M (1%)             -                  -          
[24.118s][info][gc,heap     ] GC(115) Allocated:         -                24M (2%)           30M (3%)           39M (4%)             -                  -          
[24.118s][info][gc,heap     ] GC(115)   Garbage:         -               500M (49%)          54M (5%)           38M (4%)             -                  -          
[24.118s][info][gc,heap     ] GC(115) Reclaimed:         -                  -               446M (44%)         461M (45%)            -                  -          
[24.118s][info][gc          ] GC(115) Garbage Collection (Allocation Rate) 514M(50%)->92M(9%)
[24.289s][info][gc,start    ] GC(116) Garbage Collection (Allocation Rate)
[24.289s][info][gc,task     ] GC(116) Using 2 workers
[24.289s][info][gc,phases   ] GC(116) Pause Mark Start 0.016ms
[24.335s][info][gc,phases   ] GC(116) Concurrent Mark 46.037ms
[24.335s][info][gc,phases   ] GC(116) Pause Mark End 0.018ms
[24.336s][info][gc,phases   ] GC(116) Concurrent Mark Free 0.001ms
[24.338s][info][gc,phases   ] GC(116) Concurrent Process Non-Strong References 2.460ms
[24.338s][info][gc,phases   ] GC(116) Concurrent Reset Relocation Set 0.003ms
[24.345s][info][gc,phases   ] GC(116) Concurrent Select Relocation Set 6.575ms
[24.345s][info][gc,phases   ] GC(116) Pause Relocate Start 0.009ms
[24.351s][info][gc,phases   ] GC(116) Concurrent Relocate 5.815ms
[24.351s][info][gc,load     ] GC(116) Load: 0.00/0.00/0.00
[24.351s][info][gc,mmu      ] GC(116) MMU: 2ms/98.9%, 5ms/99.4%, 10ms/99.7%, 20ms/99.8%, 50ms/99.9%, 100ms/99.9%
[24.351s][info][gc,marking  ] GC(116) Mark: 2 stripe(s), 2 proactive flush(es), 1 terminate flush(es), 0 completion(s), 0 continuation(s) 
[24.351s][info][gc,marking  ] GC(116) Mark Stack Usage: 32M
[24.351s][info][gc,nmethod  ] GC(116) NMethods: 1353 registered, 53 unregistered
[24.351s][info][gc,metaspace] GC(116) Metaspace: 8M used, 8M committed, 1088M reserved
[24.351s][info][gc,ref      ] GC(116) Soft: 174 encountered, 0 discovered, 0 enqueued
[24.351s][info][gc,ref      ] GC(116) Weak: 570 encountered, 133 discovered, 0 enqueued
[24.351s][info][gc,ref      ] GC(116) Final: 0 encountered, 0 discovered, 0 enqueued
[24.351s][info][gc,ref      ] GC(116) Phantom: 21 encountered, 19 discovered, 0 enqueued
[24.351s][info][gc,reloc    ] GC(116) Small Pages: 226 / 452M, Empty: 408M, Relocated: 4M, In-Place: 0
[24.351s][info][gc,reloc    ] GC(116) Medium Pages: 2 / 64M, Empty: 0M, Relocated: 1M, In-Place: 0
[24.351s][info][gc,reloc    ] GC(116) Large Pages: 0 / 0M, Empty: 0M, Relocated: 0M, In-Place: 0
[24.351s][info][gc,reloc    ] GC(116) Forwarding Usage: 2M
[24.351s][info][gc,heap     ] GC(116) Min Capacity: 8M(1%)
[24.351s][info][gc,heap     ] GC(116) Max Capacity: 1024M(100%)
[24.351s][info][gc,heap     ] GC(116) Soft Max Capacity: 1024M(100%)
[24.351s][info][gc,heap     ] GC(116)                Mark Start          Mark End        Relocate Start      Relocate End           High               Low         
[24.351s][info][gc,heap     ] GC(116)  Capacity:     1024M (100%)       1024M (100%)       1024M (100%)       1024M (100%)       1024M (100%)       1024M (100%)   
[24.351s][info][gc,heap     ] GC(116)      Free:      508M (50%)         386M (38%)         768M (75%)         810M (79%)         818M (80%)         380M (37%)    
[24.351s][info][gc,heap     ] GC(116)      Used:      516M (50%)         638M (62%)         256M (25%)         214M (21%)         644M (63%)         206M (20%)    
[24.352s][info][gc,heap     ] GC(116)      Live:         -                15M (1%)           15M (1%)           15M (1%)             -                  -          
[24.352s][info][gc,heap     ] GC(116) Allocated:         -               122M (12%)         148M (14%)         161M (16%)            -                  -          
[24.352s][info][gc,heap     ] GC(116)   Garbage:         -               500M (49%)          92M (9%)           36M (4%)             -                  -          
[24.352s][info][gc,heap     ] GC(116) Reclaimed:         -                  -               408M (40%)         463M (45%)            -                  -          
[24.352s][info][gc          ] GC(116) Garbage Collection (Allocation Rate) 516M(50%)->214M(21%)
[24.490s][info][gc,start    ] GC(117) Garbage Collection (Allocation Rate)
[24.490s][info][gc,task     ] GC(117) Using 2 workers
[24.490s][info][gc,phases   ] GC(117) Pause Mark Start 0.016ms
[24.528s][info][gc,phases   ] GC(117) Concurrent Mark 38.590ms
[24.529s][info][gc,phases   ] GC(117) Pause Mark End 0.011ms
[24.529s][info][gc,phases   ] GC(117) Concurrent Mark Free 0.001ms
[24.531s][info][gc,phases   ] GC(117) Concurrent Process Non-Strong References 2.470ms
[24.531s][info][gc,phases   ] GC(117) Concurrent Reset Relocation Set 0.003ms
[24.535s][info][gc,phases   ] GC(117) Concurrent Select Relocation Set 4.048ms
[24.535s][info][gc,phases   ] GC(117) Pause Relocate Start 0.008ms
[24.538s][info][gc,phases   ] GC(117) Concurrent Relocate 2.501ms
[24.538s][info][gc,load     ] GC(117) Load: 0.00/0.00/0.00
[24.538s][info][gc,mmu      ] GC(117) MMU: 2ms/98.9%, 5ms/99.4%, 10ms/99.7%, 20ms/99.8%, 50ms/99.9%, 100ms/99.9%
[24.538s][info][gc,marking  ] GC(117) Mark: 2 stripe(s), 2 proactive flush(es), 1 terminate flush(es), 0 completion(s), 0 continuation(s) 
[24.538s][info][gc,marking  ] GC(117) Mark Stack Usage: 32M
[24.538s][info][gc,nmethod  ] GC(117) NMethods: 1353 registered, 53 unregistered
[24.538s][info][gc,metaspace] GC(117) Metaspace: 8M used, 8M committed, 1088M reserved
[24.538s][info][gc,ref      ] GC(117) Soft: 174 encountered, 0 discovered, 0 enqueued
[24.538s][info][gc,ref      ] GC(117) Weak: 570 encountered, 408 discovered, 0 enqueued
[24.538s][info][gc,ref      ] GC(117) Final: 0 encountered, 0 discovered, 0 enqueued
[24.538s][info][gc,ref      ] GC(117) Phantom: 21 encountered, 19 discovered, 0 enqueued
[24.538s][info][gc,reloc    ] GC(117) Small Pages: 265 / 530M, Empty: 498M, Relocated: 2M, In-Place: 0
[24.538s][info][gc,reloc    ] GC(117) Medium Pages: 2 / 64M, Empty: 0M, Relocated: 1M, In-Place: 0
[24.538s][info][gc,reloc    ] GC(117) Large Pages: 0 / 0M, Empty: 0M, Relocated: 0M, In-Place: 0
[24.538s][info][gc,reloc    ] GC(117) Forwarding Usage: 1M
[24.538s][info][gc,heap     ] GC(117) Min Capacity: 8M(1%)
[24.538s][info][gc,heap     ] GC(117) Max Capacity: 1024M(100%)
[24.539s][info][gc,heap     ] GC(117) Soft Max Capacity: 1024M(100%)
[24.539s][info][gc,heap     ] GC(117)                Mark Start          Mark End        Relocate Start      Relocate End           High               Low         
[24.539s][info][gc,heap     ] GC(117)  Capacity:     1024M (100%)       1024M (100%)       1024M (100%)       1024M (100%)       1024M (100%)       1024M (100%)   
[24.539s][info][gc,heap     ] GC(117)      Free:      430M (42%)         326M (32%)         806M (79%)         844M (82%)         844M (82%)         320M (31%)    
[24.539s][info][gc,heap     ] GC(117)      Used:      594M (58%)         698M (68%)         218M (21%)         180M (18%)         704M (69%)         180M (18%)    
[24.539s][info][gc,heap     ] GC(117)      Live:         -                16M (2%)           16M (2%)           16M (2%)             -                  -          
[24.539s][info][gc,heap     ] GC(117) Allocated:         -               104M (10%)         122M (12%)         127M (12%)            -                  -          
[24.539s][info][gc,heap     ] GC(117)   Garbage:         -               577M (56%)          79M (8%)           35M (3%)             -                  -          
[24.539s][info][gc,heap     ] GC(117) Reclaimed:         -                  -               498M (49%)         541M (53%)            -                  -          
[24.539s][info][gc          ] GC(117) Garbage Collection (Allocation Rate) 594M(58%)->180M(18%)
[24.698s][info][gc,start    ] GC(118) Garbage Collection (Allocation Rate)
[24.698s][info][gc,task     ] GC(118) Using 2 workers
[24.699s][info][gc,phases   ] GC(118) Pause Mark Start 0.015ms
[24.745s][info][gc,phases   ] GC(118) Concurrent Mark 46.500ms
[24.745s][info][gc,phases   ] GC(118) Pause Mark End 0.014ms
[24.745s][info][gc,phases   ] GC(118) Concurrent Mark Free 0.001ms
[24.747s][info][gc,phases   ] GC(118) Concurrent Process Non-Strong References 2.083ms
[24.748s][info][gc,phases   ] GC(118) Concurrent Reset Relocation Set 0.002ms
[24.754s][info][gc,phases   ] GC(118) Concurrent Select Relocation Set 6.813ms
[24.754s][info][gc,phases   ] GC(118) Pause Relocate Start 0.005ms
[24.762s][info][gc,phases   ] GC(118) Concurrent Relocate 7.391ms
[24.762s][info][gc,load     ] GC(118) Load: 0.00/0.00/0.00
[24.762s][info][gc,mmu      ] GC(118) MMU: 2ms/98.9%, 5ms/99.4%, 10ms/99.7%, 20ms/99.8%, 50ms/99.9%, 100ms/99.9%
[24.762s][info][gc,marking  ] GC(118) Mark: 2 stripe(s), 2 proactive flush(es), 1 terminate flush(es), 0 completion(s), 0 continuation(s) 
[24.762s][info][gc,marking  ] GC(118) Mark Stack Usage: 32M
[24.762s][info][gc,nmethod  ] GC(118) NMethods: 1353 registered, 53 unregistered
[24.762s][info][gc,metaspace] GC(118) Metaspace: 8M used, 8M committed, 1088M reserved
[24.762s][info][gc,ref      ] GC(118) Soft: 174 encountered, 0 discovered, 0 enqueued
[24.762s][info][gc,ref      ] GC(118) Weak: 570 encountered, 421 discovered, 0 enqueued
[24.762s][info][gc,ref      ] GC(118) Final: 0 encountered, 0 discovered, 0 enqueued
[24.762s][info][gc,ref      ] GC(118) Phantom: 21 encountered, 17 discovered, 0 enqueued
[24.762s][info][gc,reloc    ] GC(118) Small Pages: 277 / 554M, Empty: 518M, Relocated: 6M, In-Place: 0
[24.762s][info][gc,reloc    ] GC(118) Medium Pages: 1 / 32M, Empty: 0M, Relocated: 0M, In-Place: 0
[24.762s][info][gc,reloc    ] GC(118) Large Pages: 0 / 0M, Empty: 0M, Relocated: 0M, In-Place: 0
[24.762s][info][gc,reloc    ] GC(118) Forwarding Usage: 3M
[24.762s][info][gc,heap     ] GC(118) Min Capacity: 8M(1%)
[24.762s][info][gc,heap     ] GC(118) Max Capacity: 1024M(100%)
[24.762s][info][gc,heap     ] GC(118) Soft Max Capacity: 1024M(100%)
[24.762s][info][gc,heap     ] GC(118)                Mark Start          Mark End        Relocate Start      Relocate End           High               Low         
[24.762s][info][gc,heap     ] GC(118)  Capacity:     1024M (100%)       1024M (100%)       1024M (100%)       1024M (100%)       1024M (100%)       1024M (100%)   
[24.763s][info][gc,heap     ] GC(118)      Free:      438M (43%)         316M (31%)         810M (79%)         804M (79%)         822M (80%)         310M (30%)    
[24.763s][info][gc,heap     ] GC(118)      Used:      586M (57%)         708M (69%)         214M (21%)         220M (21%)         714M (70%)         202M (20%)    
[24.763s][info][gc,heap     ] GC(118)      Live:         -                18M (2%)           18M (2%)           18M (2%)             -                  -          
[24.763s][info][gc,heap     ] GC(118) Allocated:         -               122M (12%)         146M (14%)         165M (16%)            -                  -          
[24.763s][info][gc,heap     ] GC(118)   Garbage:         -               567M (55%)          49M (5%)           35M (4%)             -                  -          
[24.763s][info][gc,heap     ] GC(118) Reclaimed:         -                  -               518M (51%)         531M (52%)            -                  -          
[24.763s][info][gc          ] GC(118) Garbage Collection (Allocation Rate) 586M(57%)->220M(21%)
[24.995s][info][gc,start    ] GC(119) Garbage Collection (Allocation Rate)
[24.995s][info][gc,task     ] GC(119) Using 2 workers
[24.995s][info][gc,phases   ] GC(119) Pause Mark Start 0.017ms
[25.042s][info][gc,phases   ] GC(119) Concurrent Mark 46.425ms
[25.042s][info][gc,phases   ] GC(119) Pause Mark End 0.013ms
[25.042s][info][gc,phases   ] GC(119) Concurrent Mark Free 0.001ms
[25.045s][info][gc,phases   ] GC(119) Concurrent Process Non-Strong References 2.607ms
[25.045s][info][gc,phases   ] GC(119) Concurrent Reset Relocation Set 0.003ms
[25.049s][info][gc,phases   ] GC(119) Concurrent Select Relocation Set 4.214ms
[25.049s][info][gc,phases   ] GC(119) Pause Relocate Start 0.003ms
[25.053s][info][gc,phases   ] GC(119) Concurrent Relocate 3.592ms
[25.053s][info][gc,load     ] GC(119) Load: 0.00/0.00/0.00
[25.053s][info][gc,mmu      ] GC(119) MMU: 2ms/98.9%, 5ms/99.4%, 10ms/99.7%, 20ms/99.8%, 50ms/99.9%, 100ms/99.9%
[25.053s][info][gc,marking  ] GC(119) Mark: 2 stripe(s), 3 proactive flush(es), 1 terminate flush(es), 0 completion(s), 0 continuation(s) 
[25.053s][info][gc,marking  ] GC(119) Mark Stack Usage: 32M
[25.053s][info][gc,nmethod  ] GC(119) NMethods: 1353 registered, 53 unregistered
[25.053s][info][gc,metaspace] GC(119) Metaspace: 8M used, 8M committed, 1088M reserved
[25.053s][info][gc,ref      ] GC(119) Soft: 174 encountered, 0 discovered, 0 enqueued
[25.053s][info][gc,ref      ] GC(119) Weak: 570 encountered, 18 discovered, 0 enqueued
[25.053s][info][gc,ref      ] GC(119) Final: 0 encountered, 0 discovered, 0 enqueued
[25.053s][info][gc,ref      ] GC(119) Phantom: 21 encountered, 15 discovered, 0 enqueued
[25.053s][info][gc,reloc    ] GC(119) Small Pages: 330 / 660M, Empty: 612M, Relocated: 3M, In-Place: 0
[25.053s][info][gc,reloc    ] GC(119) Medium Pages: 2 / 64M, Empty: 0M, Relocated: 1M, In-Place: 0
[25.053s][info][gc,reloc    ] GC(119) Large Pages: 0 / 0M, Empty: 0M, Relocated: 0M, In-Place: 0
[25.053s][info][gc,reloc    ] GC(119) Forwarding Usage: 1M
[25.053s][info][gc,heap     ] GC(119) Min Capacity: 8M(1%)
[25.053s][info][gc,heap     ] GC(119) Max Capacity: 1024M(100%)
[25.053s][info][gc,heap     ] GC(119) Soft Max Capacity: 1024M(100%)
[25.053s][info][gc,heap     ] GC(119)                Mark Start          Mark End        Relocate Start      Relocate End           High               Low         
[25.053s][info][gc,heap     ] GC(119)  Capacity:     1024M (100%)       1024M (100%)       1024M (100%)       1024M (100%)       1024M (100%)       1024M (100%)   
[25.053s][info][gc,heap     ] GC(119)      Free:      300M (29%)         178M (17%)         772M (75%)         818M (80%)         820M (80%)         170M (17%)    
[25.053s][info][gc,heap     ] GC(119)      Used:      724M (71%)         846M (83%)         252M (25%)         206M (20%)         854M (83%)         204M (20%)    
[25.053s][info][gc,heap     ] GC(119)      Live:         -                20M (2%)           20M (2%)           20M (2%)             -                  -          
[25.054s][info][gc,heap     ] GC(119) Allocated:         -               122M (12%)         140M (14%)         147M (14%)            -                  -          
[25.054s][info][gc,heap     ] GC(119)   Garbage:         -               703M (69%)          91M (9%)           37M (4%)             -                  -          
[25.054s][info][gc,heap     ] GC(119) Reclaimed:         -                  -               612M (60%)         665M (65%)            -                  -          
[25.054s][info][gc          ] GC(119) Garbage Collection (Allocation Rate) 724M(71%)->206M(20%)
[25.189s][info][gc,start    ] GC(120) Garbage Collection (Allocation Rate)
[25.189s][info][gc,task     ] GC(120) Using 2 workers
[25.189s][info][gc,phases   ] GC(120) Pause Mark Start 0.015ms
[25.234s][info][gc,phases   ] GC(120) Concurrent Mark 44.577ms
[25.234s][info][gc,phases   ] GC(120) Pause Mark End 0.016ms
[25.234s][info][gc,phases   ] GC(120) Concurrent Mark Free 0.001ms
[25.237s][info][gc,phases   ] GC(120) Concurrent Process Non-Strong References 2.585ms
[25.237s][info][gc,phases   ] GC(120) Concurrent Reset Relocation Set 0.003ms
[25.244s][info][gc,phases   ] GC(120) Concurrent Select Relocation Set 6.723ms
[25.244s][info][gc,phases   ] GC(120) Pause Relocate Start 0.011ms
[25.251s][info][gc,phases   ] GC(120) Concurrent Relocate 6.686ms
[25.251s][info][gc,load     ] GC(120) Load: 0.00/0.00/0.00
[25.251s][info][gc,mmu      ] GC(120) MMU: 2ms/98.9%, 5ms/99.4%, 10ms/99.7%, 20ms/99.8%, 50ms/99.9%, 100ms/99.9%
[25.251s][info][gc,marking  ] GC(120) Mark: 2 stripe(s), 2 proactive flush(es), 1 terminate flush(es), 0 completion(s), 0 continuation(s) 
[25.251s][info][gc,marking  ] GC(120) Mark Stack Usage: 32M
[25.251s][info][gc,nmethod  ] GC(120) NMethods: 1353 registered, 53 unregistered
[25.251s][info][gc,metaspace] GC(120) Metaspace: 8M used, 8M committed, 1088M reserved
[25.251s][info][gc,ref      ] GC(120) Soft: 174 encountered, 0 discovered, 0 enqueued
[25.251s][info][gc,ref      ] GC(120) Weak: 570 encountered, 16 discovered, 0 enqueued
[25.251s][info][gc,ref      ] GC(120) Final: 0 encountered, 0 discovered, 0 enqueued
[25.251s][info][gc,ref      ] GC(120) Phantom: 21 encountered, 10 discovered, 0 enqueued
[25.251s][info][gc,reloc    ] GC(120) Small Pages: 240 / 480M, Empty: 442M, Relocated: 6M, In-Place: 0
[25.251s][info][gc,reloc    ] GC(120) Medium Pages: 2 / 64M, Empty: 0M, Relocated: 1M, In-Place: 0
[25.251s][info][gc,reloc    ] GC(120) Large Pages: 0 / 0M, Empty: 0M, Relocated: 0M, In-Place: 0
[25.251s][info][gc,reloc    ] GC(120) Forwarding Usage: 2M
[25.251s][info][gc,heap     ] GC(120) Min Capacity: 8M(1%)
[25.251s][info][gc,heap     ] GC(120) Max Capacity: 1024M(100%)
[25.251s][info][gc,heap     ] GC(120) Soft Max Capacity: 1024M(100%)
[25.251s][info][gc,heap     ] GC(120)                Mark Start          Mark End        Relocate Start      Relocate End           High               Low         
[25.251s][info][gc,heap     ] GC(120)  Capacity:     1024M (100%)       1024M (100%)       1024M (100%)       1024M (100%)       1024M (100%)       1024M (100%)   
[25.251s][info][gc,heap     ] GC(120)      Free:      480M (47%)         406M (40%)         824M (80%)         852M (83%)         862M (84%)         400M (39%)    
[25.251s][info][gc,heap     ] GC(120)      Used:      544M (53%)         618M (60%)         200M (20%)         172M (17%)         624M (61%)         162M (16%)    
[25.251s][info][gc,heap     ] GC(120)      Live:         -                21M (2%)           21M (2%)           21M (2%)             -                  -          
[25.251s][info][gc,heap     ] GC(120) Allocated:         -                74M (7%)           98M (10%)         115M (11%)            -                  -          
[25.251s][info][gc,heap     ] GC(120)   Garbage:         -               522M (51%)          80M (8%)           34M (3%)             -                  -          
[25.251s][info][gc,heap     ] GC(120) Reclaimed:         -                  -               442M (43%)         487M (48%)            -                  -          
[25.251s][info][gc          ] GC(120) Garbage Collection (Allocation Rate) 544M(53%)->172M(17%)
[25.399s][info][gc,start    ] GC(121) Garbage Collection (Allocation Rate)
[25.399s][info][gc,task     ] GC(121) Using 2 workers
[25.399s][info][gc,phases   ] GC(121) Pause Mark Start 0.014ms
[25.462s][info][gc,phases   ] GC(121) Concurrent Mark 62.138ms
[25.462s][info][gc,phases   ] GC(121) Pause Mark End 0.016ms
[25.462s][info][gc,phases   ] GC(121) Concurrent Mark Free 0.002ms
[25.464s][info][gc,phases   ] GC(121) Concurrent Process Non-Strong References 2.516ms
[25.464s][info][gc,phases   ] GC(121) Concurrent Reset Relocation Set 0.003ms
[25.469s][info][gc,phases   ] GC(121) Concurrent Select Relocation Set 4.065ms
[25.469s][info][gc,phases   ] GC(121) Pause Relocate Start 0.006ms
[25.474s][info][gc,phases   ] GC(121) Concurrent Relocate 5.421ms
[25.474s][info][gc,load     ] GC(121) Load: 0.00/0.00/0.00
[25.474s][info][gc,mmu      ] GC(121) MMU: 2ms/98.9%, 5ms/99.4%, 10ms/99.7%, 20ms/99.8%, 50ms/99.9%, 100ms/99.9%
[25.474s][info][gc,marking  ] GC(121) Mark: 2 stripe(s), 2 proactive flush(es), 1 terminate flush(es), 0 completion(s), 0 continuation(s) 
[25.474s][info][gc,marking  ] GC(121) Mark Stack Usage: 32M
[25.474s][info][gc,nmethod  ] GC(121) NMethods: 1353 registered, 53 unregistered
[25.474s][info][gc,metaspace] GC(121) Metaspace: 8M used, 8M committed, 1088M reserved
[25.474s][info][gc,ref      ] GC(121) Soft: 174 encountered, 0 discovered, 0 enqueued
[25.474s][info][gc,ref      ] GC(121) Weak: 570 encountered, 357 discovered, 0 enqueued
[25.474s][info][gc,ref      ] GC(121) Final: 0 encountered, 0 discovered, 0 enqueued
[25.474s][info][gc,ref      ] GC(121) Phantom: 21 encountered, 14 discovered, 0 enqueued
[25.474s][info][gc,reloc    ] GC(121) Small Pages: 257 / 514M, Empty: 478M, Relocated: 5M, In-Place: 0
[25.475s][info][gc,reloc    ] GC(121) Medium Pages: 1 / 32M, Empty: 0M, Relocated: 0M, In-Place: 0
[25.475s][info][gc,reloc    ] GC(121) Large Pages: 0 / 0M, Empty: 0M, Relocated: 0M, In-Place: 0
[25.475s][info][gc,reloc    ] GC(121) Forwarding Usage: 1M
[25.475s][info][gc,heap     ] GC(121) Min Capacity: 8M(1%)
[25.475s][info][gc,heap     ] GC(121) Max Capacity: 1024M(100%)
[25.475s][info][gc,heap     ] GC(121) Soft Max Capacity: 1024M(100%)
[25.475s][info][gc,heap     ] GC(121)                Mark Start          Mark End        Relocate Start      Relocate End           High               Low         
[25.475s][info][gc,heap     ] GC(121)  Capacity:     1024M (100%)       1024M (100%)       1024M (100%)       1024M (100%)       1024M (100%)       1024M (100%)   
[25.475s][info][gc,heap     ] GC(121)      Free:      478M (47%)         312M (30%)         772M (75%)         768M (75%)         778M (76%)         306M (30%)    
[25.475s][info][gc,heap     ] GC(121)      Used:      546M (53%)         712M (70%)         252M (25%)         256M (25%)         718M (70%)         246M (24%)    
[25.475s][info][gc,heap     ] GC(121)      Live:         -                22M (2%)           22M (2%)           22M (2%)             -                  -          
[25.475s][info][gc,heap     ] GC(121) Allocated:         -               166M (16%)         184M (18%)         197M (19%)            -                  -          
[25.475s][info][gc,heap     ] GC(121)   Garbage:         -               523M (51%)          45M (4%)           35M (3%)             -                  -          
[25.475s][info][gc,heap     ] GC(121) Reclaimed:         -                  -               478M (47%)         487M (48%)            -                  -          
[25.475s][info][gc          ] GC(121) Garbage Collection (Allocation Rate) 546M(53%)->256M(25%)
[25.602s][info][gc,start    ] GC(122) Garbage Collection (Allocation Rate)
[25.602s][info][gc,task     ] GC(122) Using 2 workers
[25.602s][info][gc,phases   ] GC(122) Pause Mark Start 0.015ms
[25.649s][info][gc,phases   ] GC(122) Concurrent Mark 46.504ms
[25.649s][info][gc,phases   ] GC(122) Pause Mark End 0.019ms
[25.649s][info][gc,phases   ] GC(122) Concurrent Mark Free 0.001ms
[25.652s][info][gc,phases   ] GC(122) Concurrent Process Non-Strong References 2.282ms
[25.652s][info][gc,phases   ] GC(122) Concurrent Reset Relocation Set 0.002ms
[25.656s][info][gc,phases   ] GC(122) Concurrent Select Relocation Set 3.809ms
[25.656s][info][gc,phases   ] GC(122) Pause Relocate Start 0.008ms
[25.659s][info][gc,phases   ] GC(122) Concurrent Relocate 3.294ms
[25.659s][info][gc,load     ] GC(122) Load: 0.00/0.00/0.00
[25.659s][info][gc,mmu      ] GC(122) MMU: 2ms/98.9%, 5ms/99.4%, 10ms/99.7%, 20ms/99.8%, 50ms/99.9%, 100ms/99.9%
[25.659s][info][gc,marking  ] GC(122) Mark: 2 stripe(s), 2 proactive flush(es), 1 terminate flush(es), 0 completion(s), 0 continuation(s) 
[25.659s][info][gc,marking  ] GC(122) Mark Stack Usage: 32M
[25.659s][info][gc,nmethod  ] GC(122) NMethods: 1353 registered, 53 unregistered
[25.659s][info][gc,metaspace] GC(122) Metaspace: 8M used, 8M committed, 1088M reserved
[25.659s][info][gc,ref      ] GC(122) Soft: 174 encountered, 0 discovered, 0 enqueued
[25.659s][info][gc,ref      ] GC(122) Weak: 570 encountered, 29 discovered, 0 enqueued
[25.659s][info][gc,ref      ] GC(122) Final: 0 encountered, 0 discovered, 0 enqueued
[25.659s][info][gc,ref      ] GC(122) Phantom: 21 encountered, 15 discovered, 0 enqueued
[25.659s][info][gc,reloc    ] GC(122) Small Pages: 261 / 522M, Empty: 474M, Relocated: 2M, In-Place: 0
[25.659s][info][gc,reloc    ] GC(122) Medium Pages: 1 / 32M, Empty: 0M, Relocated: 0M, In-Place: 0
[25.659s][info][gc,reloc    ] GC(122) Large Pages: 0 / 0M, Empty: 0M, Relocated: 0M, In-Place: 0
[25.659s][info][gc,reloc    ] GC(122) Forwarding Usage: 1M
[25.659s][info][gc,heap     ] GC(122) Min Capacity: 8M(1%)
[25.660s][info][gc,heap     ] GC(122) Max Capacity: 1024M(100%)
[25.660s][info][gc,heap     ] GC(122) Soft Max Capacity: 1024M(100%)
[25.660s][info][gc,heap     ] GC(122)                Mark Start          Mark End        Relocate Start      Relocate End           High               Low         
[25.660s][info][gc,heap     ] GC(122)  Capacity:     1024M (100%)       1024M (100%)       1024M (100%)       1024M (100%)       1024M (100%)       1024M (100%)   
[25.660s][info][gc,heap     ] GC(122)      Free:      470M (46%)         418M (41%)         876M (86%)         888M (87%)         892M (87%)         412M (40%)    
[25.660s][info][gc,heap     ] GC(122)      Used:      554M (54%)         606M (59%)         148M (14%)         136M (13%)         612M (60%)         132M (13%)    
[25.660s][info][gc,heap     ] GC(122)      Live:         -                24M (2%)           24M (2%)           24M (2%)             -                  -          
[25.660s][info][gc,heap     ] GC(122) Allocated:         -                52M (5%)           68M (7%)           77M (8%)             -                  -          
[25.660s][info][gc,heap     ] GC(122)   Garbage:         -               529M (52%)          55M (5%)           33M (3%)             -                  -          
[25.660s][info][gc,heap     ] GC(122) Reclaimed:         -                  -               474M (46%)         495M (48%)            -                  -          
[25.660s][info][gc          ] GC(122) Garbage Collection (Allocation Rate) 554M(54%)->136M(13%)
[25.790s][info][gc,start    ] GC(123) Garbage Collection (Allocation Rate)
[25.790s][info][gc,task     ] GC(123) Using 2 workers
[25.790s][info][gc,phases   ] GC(123) Pause Mark Start 0.013ms
[25.837s][info][gc,phases   ] GC(123) Concurrent Mark 46.528ms
[25.837s][info][gc,phases   ] GC(123) Pause Mark End 0.013ms
[25.837s][info][gc,phases   ] GC(123) Concurrent Mark Free 0.001ms
[25.839s][info][gc,phases   ] GC(123) Concurrent Process Non-Strong References 2.402ms
[25.839s][info][gc,phases   ] GC(123) Concurrent Reset Relocation Set 0.003ms
[25.845s][info][gc,phases   ] GC(123) Concurrent Select Relocation Set 5.877ms
[25.845s][info][gc,phases   ] GC(123) Pause Relocate Start 0.008ms
[25.852s][info][gc,phases   ] GC(123) Concurrent Relocate 6.259ms
[25.852s][info][gc,load     ] GC(123) Load: 0.00/0.00/0.00
[25.852s][info][gc,mmu      ] GC(123) MMU: 2ms/98.9%, 5ms/99.4%, 10ms/99.7%, 20ms/99.8%, 50ms/99.9%, 100ms/99.9%
[25.852s][info][gc,marking  ] GC(123) Mark: 2 stripe(s), 2 proactive flush(es), 1 terminate flush(es), 0 completion(s), 0 continuation(s) 
[25.852s][info][gc,marking  ] GC(123) Mark Stack Usage: 32M
[25.852s][info][gc,nmethod  ] GC(123) NMethods: 1353 registered, 53 unregistered
[25.852s][info][gc,metaspace] GC(123) Metaspace: 8M used, 8M committed, 1088M reserved
[25.852s][info][gc,ref      ] GC(123) Soft: 174 encountered, 0 discovered, 0 enqueued
[25.852s][info][gc,ref      ] GC(123) Weak: 570 encountered, 4 discovered, 0 enqueued
[25.852s][info][gc,ref      ] GC(123) Final: 0 encountered, 0 discovered, 0 enqueued
[25.852s][info][gc,ref      ] GC(123) Phantom: 21 encountered, 14 discovered, 0 enqueued
[25.852s][info][gc,reloc    ] GC(123) Small Pages: 211 / 422M, Empty: 370M, Relocated: 5M, In-Place: 0
[25.852s][info][gc,reloc    ] GC(123) Medium Pages: 2 / 64M, Empty: 0M, Relocated: 2M, In-Place: 0
[25.852s][info][gc,reloc    ] GC(123) Large Pages: 0 / 0M, Empty: 0M, Relocated: 0M, In-Place: 0
[25.852s][info][gc,reloc    ] GC(123) Forwarding Usage: 2M
[25.852s][info][gc,heap     ] GC(123) Min Capacity: 8M(1%)
[25.852s][info][gc,heap     ] GC(123) Max Capacity: 1024M(100%)
[25.852s][info][gc,heap     ] GC(123) Soft Max Capacity: 1024M(100%)
[25.852s][info][gc,heap     ] GC(123)                Mark Start          Mark End        Relocate Start      Relocate End           High               Low         
[25.852s][info][gc,heap     ] GC(123)  Capacity:     1024M (100%)       1024M (100%)       1024M (100%)       1024M (100%)       1024M (100%)       1024M (100%)   
[25.852s][info][gc,heap     ] GC(123)      Free:      538M (53%)         414M (40%)         762M (74%)         800M (78%)         808M (79%)         406M (40%)    
[25.852s][info][gc,heap     ] GC(123)      Used:      486M (47%)         610M (60%)         262M (26%)         224M (22%)         618M (60%)         216M (21%)    
[25.852s][info][gc,heap     ] GC(123)      Live:         -                25M (2%)           25M (2%)           25M (2%)             -                  -          
[25.852s][info][gc,heap     ] GC(123) Allocated:         -               124M (12%)         146M (14%)         161M (16%)            -                  -          
[25.852s][info][gc,heap     ] GC(123)   Garbage:         -               460M (45%)          90M (9%)           36M (4%)             -                  -          
[25.852s][info][gc,heap     ] GC(123) Reclaimed:         -                  -               370M (36%)         423M (41%)            -                  -          
[25.852s][info][gc          ] GC(123) Garbage Collection (Allocation Rate) 486M(47%)->224M(22%)
[25.993s][info][gc,start    ] GC(124) Garbage Collection (Allocation Rate)
[25.993s][info][gc,task     ] GC(124) Using 2 workers
[25.993s][info][gc,phases   ] GC(124) Pause Mark Start 0.014ms
[26.055s][info][gc,phases   ] GC(124) Concurrent Mark 62.127ms
[26.055s][info][gc,phases   ] GC(124) Pause Mark End 0.014ms
[26.055s][info][gc,phases   ] GC(124) Concurrent Mark Free 0.001ms
[26.058s][info][gc,phases   ] GC(124) Concurrent Process Non-Strong References 2.614ms
[26.058s][info][gc,phases   ] GC(124) Concurrent Reset Relocation Set 0.003ms
[26.062s][info][gc,phases   ] GC(124) Concurrent Select Relocation Set 3.850ms
[26.062s][info][gc,phases   ] GC(124) Pause Relocate Start 0.004ms
[26.067s][info][gc,phases   ] GC(124) Concurrent Relocate 5.281ms
[26.067s][info][gc,load     ] GC(124) Load: 0.00/0.00/0.00
[26.067s][info][gc,mmu      ] GC(124) MMU: 2ms/98.9%, 5ms/99.4%, 10ms/99.7%, 20ms/99.8%, 50ms/99.9%, 100ms/99.9%
[26.068s][info][gc,marking  ] GC(124) Mark: 2 stripe(s), 2 proactive flush(es), 1 terminate flush(es), 0 completion(s), 0 continuation(s) 
[26.068s][info][gc,marking  ] GC(124) Mark Stack Usage: 32M
[26.068s][info][gc,nmethod  ] GC(124) NMethods: 1353 registered, 53 unregistered
[26.068s][info][gc,metaspace] GC(124) Metaspace: 8M used, 8M committed, 1088M reserved
[26.068s][info][gc,ref      ] GC(124) Soft: 174 encountered, 0 discovered, 0 enqueued
[26.068s][info][gc,ref      ] GC(124) Weak: 570 encountered, 424 discovered, 0 enqueued
[26.068s][info][gc,ref      ] GC(124) Final: 0 encountered, 0 discovered, 0 enqueued
[26.068s][info][gc,ref      ] GC(124) Phantom: 21 encountered, 10 discovered, 0 enqueued
[26.068s][info][gc,reloc    ] GC(124) Small Pages: 276 / 552M, Empty: 500M, Relocated: 3M, In-Place: 0
[26.068s][info][gc,reloc    ] GC(124) Medium Pages: 2 / 64M, Empty: 0M, Relocated: 2M, In-Place: 0
[26.068s][info][gc,reloc    ] GC(124) Large Pages: 0 / 0M, Empty: 0M, Relocated: 0M, In-Place: 0
[26.068s][info][gc,reloc    ] GC(124) Forwarding Usage: 1M
[26.068s][info][gc,heap     ] GC(124) Min Capacity: 8M(1%)
[26.068s][info][gc,heap     ] GC(124) Max Capacity: 1024M(100%)
[26.068s][info][gc,heap     ] GC(124) Soft Max Capacity: 1024M(100%)
[26.068s][info][gc,heap     ] GC(124)                Mark Start          Mark End        Relocate Start      Relocate End           High               Low         
[26.068s][info][gc,heap     ] GC(124)  Capacity:     1024M (100%)       1024M (100%)       1024M (100%)       1024M (100%)       1024M (100%)       1024M (100%)   
[26.068s][info][gc,heap     ] GC(124)      Free:      408M (40%)         244M (24%)         726M (71%)         766M (75%)         772M (75%)         236M (23%)    
[26.068s][info][gc,heap     ] GC(124)      Used:      616M (60%)         780M (76%)         298M (29%)         258M (25%)         788M (77%)         252M (25%)    
[26.068s][info][gc,heap     ] GC(124)      Live:         -                26M (3%)           26M (3%)           26M (3%)             -                  -          
[26.068s][info][gc,heap     ] GC(124) Allocated:         -               164M (16%)         182M (18%)         195M (19%)            -                  -          
[26.068s][info][gc,heap     ] GC(124)   Garbage:         -               589M (58%)          89M (9%)           35M (3%)             -                  -          
[26.068s][info][gc,heap     ] GC(124) Reclaimed:         -                  -               500M (49%)         553M (54%)            -                  -          
[26.068s][info][gc          ] GC(124) Garbage Collection (Allocation Rate) 616M(60%)->258M(25%)
[26.203s][info][gc,start    ] GC(125) Garbage Collection (Allocation Rate)
[26.203s][info][gc,task     ] GC(125) Using 2 workers
[26.203s][info][gc,phases   ] GC(125) Pause Mark Start 0.013ms
[26.256s][info][gc,phases   ] GC(125) Concurrent Mark 52.128ms
[26.256s][info][gc,phases   ] GC(125) Pause Mark End 0.017ms
[26.256s][info][gc,phases   ] GC(125) Concurrent Mark Free 0.001ms
[26.258s][info][gc,phases   ] GC(125) Concurrent Process Non-Strong References 2.457ms
[26.258s][info][gc,phases   ] GC(125) Concurrent Reset Relocation Set 0.003ms
[26.264s][info][gc,phases   ] GC(125) Concurrent Select Relocation Set 5.996ms
[26.264s][info][gc,phases   ] GC(125) Pause Relocate Start 0.008ms
[26.267s][info][gc,phases   ] GC(125) Concurrent Relocate 2.520ms
[26.267s][info][gc,load     ] GC(125) Load: 0.00/0.00/0.00
[26.267s][info][gc,mmu      ] GC(125) MMU: 2ms/98.9%, 5ms/99.4%, 10ms/99.7%, 20ms/99.8%, 50ms/99.9%, 100ms/99.9%
[26.267s][info][gc,marking  ] GC(125) Mark: 2 stripe(s), 2 proactive flush(es), 1 terminate flush(es), 0 completion(s), 0 continuation(s) 
[26.267s][info][gc,marking  ] GC(125) Mark Stack Usage: 32M
[26.267s][info][gc,nmethod  ] GC(125) NMethods: 1353 registered, 53 unregistered
[26.267s][info][gc,metaspace] GC(125) Metaspace: 8M used, 8M committed, 1088M reserved
[26.267s][info][gc,ref      ] GC(125) Soft: 174 encountered, 0 discovered, 0 enqueued
[26.267s][info][gc,ref      ] GC(125) Weak: 570 encountered, 124 discovered, 0 enqueued
[26.267s][info][gc,ref      ] GC(125) Final: 0 encountered, 0 discovered, 0 enqueued
[26.267s][info][gc,ref      ] GC(125) Phantom: 21 encountered, 19 discovered, 0 enqueued
[26.267s][info][gc,reloc    ] GC(125) Small Pages: 280 / 560M, Empty: 512M, Relocated: 2M, In-Place: 0
[26.267s][info][gc,reloc    ] GC(125) Medium Pages: 1 / 32M, Empty: 0M, Relocated: 0M, In-Place: 0
[26.267s][info][gc,reloc    ] GC(125) Large Pages: 0 / 0M, Empty: 0M, Relocated: 0M, In-Place: 0
[26.268s][info][gc,reloc    ] GC(125) Forwarding Usage: 1M
[26.268s][info][gc,heap     ] GC(125) Min Capacity: 8M(1%)
[26.268s][info][gc,heap     ] GC(125) Max Capacity: 1024M(100%)
[26.268s][info][gc,heap     ] GC(125) Soft Max Capacity: 1024M(100%)
[26.268s][info][gc,heap     ] GC(125)                Mark Start          Mark End        Relocate Start      Relocate End           High               Low         
[26.268s][info][gc,heap     ] GC(125)  Capacity:     1024M (100%)       1024M (100%)       1024M (100%)       1024M (100%)       1024M (100%)       1024M (100%)   
[26.268s][info][gc,heap     ] GC(125)      Free:      432M (42%)         292M (29%)         784M (77%)         794M (78%)         798M (78%)         286M (28%)    
[26.268s][info][gc,heap     ] GC(125)      Used:      592M (58%)         732M (71%)         240M (23%)         230M (22%)         738M (72%)         226M (22%)    
[26.268s][info][gc,heap     ] GC(125)      Live:         -                28M (3%)           28M (3%)           28M (3%)             -                  -          
[26.268s][info][gc,heap     ] GC(125) Allocated:         -               140M (14%)         160M (16%)         165M (16%)            -                  -          
[26.268s][info][gc,heap     ] GC(125)   Garbage:         -               563M (55%)          51M (5%)           35M (4%)             -                  -          
[26.268s][info][gc,heap     ] GC(125) Reclaimed:         -                  -               512M (50%)         527M (52%)            -                  -          
[26.268s][info][gc          ] GC(125) Garbage Collection (Allocation Rate) 592M(58%)->230M(22%)
[26.589s][info][gc,start    ] GC(126) Garbage Collection (Allocation Rate)
[26.589s][info][gc,task     ] GC(126) Using 2 workers
[26.589s][info][gc,phases   ] GC(126) Pause Mark Start 0.011ms
[26.656s][info][gc,phases   ] GC(126) Concurrent Mark 66.928ms
[26.656s][info][gc,phases   ] GC(126) Pause Mark End 0.014ms
[26.657s][info][gc,phases   ] GC(126) Concurrent Mark Free 0.001ms
[26.658s][info][gc,phases   ] GC(126) Concurrent Process Non-Strong References 1.645ms
[26.658s][info][gc,phases   ] GC(126) Concurrent Reset Relocation Set 0.002ms
[26.665s][info][gc,phases   ] GC(126) Concurrent Select Relocation Set 6.468ms
[26.665s][info][gc,phases   ] GC(126) Pause Relocate Start 0.009ms
[26.670s][info][gc,phases   ] GC(126) Concurrent Relocate 5.104ms
[26.670s][info][gc,load     ] GC(126) Load: 0.00/0.00/0.00
[26.670s][info][gc,mmu      ] GC(126) MMU: 2ms/98.9%, 5ms/99.4%, 10ms/99.7%, 20ms/99.8%, 50ms/99.9%, 100ms/99.9%
[26.670s][info][gc,marking  ] GC(126) Mark: 2 stripe(s), 2 proactive flush(es), 1 terminate flush(es), 0 completion(s), 0 continuation(s) 
[26.670s][info][gc,marking  ] GC(126) Mark Stack Usage: 32M
[26.670s][info][gc,nmethod  ] GC(126) NMethods: 1353 registered, 53 unregistered
[26.670s][info][gc,metaspace] GC(126) Metaspace: 8M used, 8M committed, 1088M reserved
[26.670s][info][gc,ref      ] GC(126) Soft: 174 encountered, 0 discovered, 0 enqueued
[26.670s][info][gc,ref      ] GC(126) Weak: 570 encountered, 424 discovered, 0 enqueued
[26.670s][info][gc,ref      ] GC(126) Final: 0 encountered, 0 discovered, 0 enqueued
[26.670s][info][gc,ref      ] GC(126) Phantom: 21 encountered, 16 discovered, 0 enqueued
[26.670s][info][gc,reloc    ] GC(126) Small Pages: 190 / 380M, Empty: 334M, Relocated: 4M, In-Place: 0
[26.670s][info][gc,reloc    ] GC(126) Medium Pages: 2 / 64M, Empty: 32M, Relocated: 0M, In-Place: 0
[26.671s][info][gc,reloc    ] GC(126) Large Pages: 0 / 0M, Empty: 0M, Relocated: 0M, In-Place: 0
[26.671s][info][gc,reloc    ] GC(126) Forwarding Usage: 2M
[26.671s][info][gc,heap     ] GC(126) Min Capacity: 8M(1%)
[26.671s][info][gc,heap     ] GC(126) Max Capacity: 1024M(100%)
[26.671s][info][gc,heap     ] GC(126) Soft Max Capacity: 1024M(100%)
[26.671s][info][gc,heap     ] GC(126)                Mark Start          Mark End        Relocate Start      Relocate End           High               Low         
[26.671s][info][gc,heap     ] GC(126)  Capacity:     1024M (100%)       1024M (100%)       1024M (100%)       1024M (100%)       1024M (100%)       1024M (100%)   
[26.671s][info][gc,heap     ] GC(126)      Free:      580M (57%)         546M (53%)         912M (89%)         924M (90%)         924M (90%)         546M (53%)    
[26.671s][info][gc,heap     ] GC(126)      Used:      444M (43%)         478M (47%)         112M (11%)         100M (10%)         478M (47%)         100M (10%)    
[26.671s][info][gc,heap     ] GC(126)      Live:         -                30M (3%)           30M (3%)           30M (3%)             -                  -          
[26.671s][info][gc,heap     ] GC(126) Allocated:         -                34M (3%)           34M (3%)           33M (3%)             -                  -          
[26.671s][info][gc,heap     ] GC(126)   Garbage:         -               413M (40%)          47M (5%)           35M (3%)             -                  -          
[26.671s][info][gc,heap     ] GC(126) Reclaimed:         -                  -               366M (36%)         377M (37%)            -                  -          
[26.671s][info][gc          ] GC(126) Garbage Collection (Allocation Rate) 444M(43%)->100M(10%)
[26.789s][info][gc,start    ] GC(127) Garbage Collection (Allocation Rate)
[26.789s][info][gc,task     ] GC(127) Using 5 workers
[26.790s][info][gc,phases   ] GC(127) Pause Mark Start 0.016ms
[26.825s][info][gc,phases   ] GC(127) Concurrent Mark 35.570ms
[26.825s][info][gc,phases   ] GC(127) Pause Mark End 0.016ms
[26.825s][info][gc,phases   ] GC(127) Concurrent Mark Free 0.001ms
[26.826s][info][gc,phases   ] GC(127) Concurrent Process Non-Strong References 0.997ms
[26.827s][info][gc,phases   ] GC(127) Concurrent Reset Relocation Set 0.002ms
[26.830s][info][gc,phases   ] GC(127) Concurrent Select Relocation Set 3.711ms
[26.830s][info][gc,phases   ] GC(127) Pause Relocate Start 0.006ms
[26.834s][info][gc,phases   ] GC(127) Concurrent Relocate 3.921ms
[26.834s][info][gc,load     ] GC(127) Load: 0.00/0.00/0.00
[26.834s][info][gc,mmu      ] GC(127) MMU: 2ms/98.9%, 5ms/99.4%, 10ms/99.7%, 20ms/99.8%, 50ms/99.9%, 100ms/99.9%
[26.834s][info][gc,marking  ] GC(127) Mark: 4 stripe(s), 4 proactive flush(es), 1 terminate flush(es), 0 completion(s), 0 continuation(s) 
[26.835s][info][gc,marking  ] GC(127) Mark Stack Usage: 32M
[26.835s][info][gc,nmethod  ] GC(127) NMethods: 1353 registered, 53 unregistered
[26.835s][info][gc,metaspace] GC(127) Metaspace: 8M used, 8M committed, 1088M reserved
[26.835s][info][gc,ref      ] GC(127) Soft: 174 encountered, 0 discovered, 0 enqueued
[26.835s][info][gc,ref      ] GC(127) Weak: 570 encountered, 408 discovered, 0 enqueued
[26.835s][info][gc,ref      ] GC(127) Final: 0 encountered, 0 discovered, 0 enqueued
[26.835s][info][gc,ref      ] GC(127) Phantom: 21 encountered, 14 discovered, 0 enqueued
[26.835s][info][gc,reloc    ] GC(127) Small Pages: 30 / 60M, Empty: 22M, Relocated: 5M, In-Place: 0
[26.835s][info][gc,reloc    ] GC(127) Medium Pages: 2 / 64M, Empty: 0M, Relocated: 3M, In-Place: 0
[26.835s][info][gc,reloc    ] GC(127) Large Pages: 0 / 0M, Empty: 0M, Relocated: 0M, In-Place: 0
[26.835s][info][gc,reloc    ] GC(127) Forwarding Usage: 1M
[26.835s][info][gc,heap     ] GC(127) Min Capacity: 8M(1%)
[26.835s][info][gc,heap     ] GC(127) Max Capacity: 1024M(100%)
[26.835s][info][gc,heap     ] GC(127) Soft Max Capacity: 1024M(100%)
[26.835s][info][gc,heap     ] GC(127)                Mark Start          Mark End        Relocate Start      Relocate End           High               Low         
[26.835s][info][gc,heap     ] GC(127)  Capacity:     1024M (100%)       1024M (100%)       1024M (100%)       1024M (100%)       1024M (100%)       1024M (100%)   
[26.835s][info][gc,heap     ] GC(127)      Free:      900M (88%)         876M (86%)         896M (88%)         898M (88%)         900M (88%)         826M (81%)    
[26.835s][info][gc,heap     ] GC(127)      Used:      124M (12%)         148M (14%)         128M (13%)         126M (12%)         198M (19%)         124M (12%)    
[26.835s][info][gc,heap     ] GC(127)      Live:         -                30M (3%)           30M (3%)           30M (3%)             -                  -          
[26.835s][info][gc,heap     ] GC(127) Allocated:         -                24M (2%)           26M (3%)           58M (6%)             -                  -          
[26.835s][info][gc,heap     ] GC(127)   Garbage:         -                93M (9%)           71M (7%)           37M (4%)             -                  -          
[26.835s][info][gc,heap     ] GC(127) Reclaimed:         -                  -                22M (2%)           56M (5%)             -                  -          
[26.835s][info][gc          ] GC(127) Garbage Collection (Allocation Rate) 124M(12%)->126M(12%)
[26.835s][info][gc,start    ] GC(128) Garbage Collection (System.gc())
[26.835s][info][gc,task     ] GC(128) Using 10 workers
[26.835s][info][gc,phases   ] GC(128) Pause Mark Start 0.010ms
[26.840s][info][gc,phases   ] GC(128) Concurrent Mark 4.802ms
[26.840s][info][gc,phases   ] GC(128) Pause Mark End 0.013ms
[26.840s][info][gc,phases   ] GC(128) Concurrent Mark Free 0.001ms
[26.841s][info][gc,phases   ] GC(128) Concurrent Process Non-Strong References 0.573ms
[26.841s][info][gc,phases   ] GC(128) Concurrent Reset Relocation Set 0.002ms
[26.845s][info][gc,phases   ] GC(128) Concurrent Select Relocation Set 3.801ms
[26.845s][info][gc,phases   ] GC(128) Pause Relocate Start 0.007ms
[26.846s][info][gc,phases   ] GC(128) Concurrent Relocate 1.422ms
[26.846s][info][gc,load     ] GC(128) Load: 0.00/0.00/0.00
[26.847s][info][gc,mmu      ] GC(128) MMU: 2ms/98.9%, 5ms/99.4%, 10ms/99.7%, 20ms/99.7%, 50ms/99.9%, 100ms/99.9%
[26.847s][info][gc,marking  ] GC(128) Mark: 8 stripe(s), 2 proactive flush(es), 1 terminate flush(es), 0 completion(s), 0 continuation(s) 
[26.847s][info][gc,marking  ] GC(128) Mark Stack Usage: 32M
[26.847s][info][gc,nmethod  ] GC(128) NMethods: 1353 registered, 53 unregistered
[26.847s][info][gc,metaspace] GC(128) Metaspace: 8M used, 8M committed, 1088M reserved
[26.847s][info][gc,ref      ] GC(128) Soft: 174 encountered, 0 discovered, 0 enqueued
[26.847s][info][gc,ref      ] GC(128) Weak: 570 encountered, 93 discovered, 0 enqueued
[26.847s][info][gc,ref      ] GC(128) Final: 0 encountered, 0 discovered, 0 enqueued
[26.847s][info][gc,ref      ] GC(128) Phantom: 21 encountered, 18 discovered, 0 enqueued
[26.847s][info][gc,reloc    ] GC(128) Small Pages: 31 / 62M, Empty: 46M, Relocated: 1M, In-Place: 0
[26.847s][info][gc,reloc    ] GC(128) Medium Pages: 2 / 64M, Empty: 64M, Relocated: 0M, In-Place: 0
[26.847s][info][gc,reloc    ] GC(128) Large Pages: 0 / 0M, Empty: 0M, Relocated: 0M, In-Place: 0
[26.847s][info][gc,reloc    ] GC(128) Forwarding Usage: 0M
[26.847s][info][gc,heap     ] GC(128) Min Capacity: 8M(1%)
[26.847s][info][gc,heap     ] GC(128) Max Capacity: 1024M(100%)
[26.847s][info][gc,heap     ] GC(128) Soft Max Capacity: 1024M(100%)
[26.847s][info][gc,heap     ] GC(128)                Mark Start          Mark End        Relocate Start      Relocate End           High               Low         
[26.847s][info][gc,heap     ] GC(128)  Capacity:     1024M (100%)       1024M (100%)       1024M (100%)       1024M (100%)       1024M (100%)       1024M (100%)   
[26.847s][info][gc,heap     ] GC(128)      Free:      898M (88%)         898M (88%)        1008M (98%)        1008M (98%)        1008M (98%)         898M (88%)    
[26.847s][info][gc,heap     ] GC(128)      Used:      126M (12%)         126M (12%)          16M (2%)           16M (2%)          126M (12%)          16M (2%)     
[26.847s][info][gc,heap     ] GC(128)      Live:         -                 4M (0%)            4M (0%)            4M (0%)             -                  -          
[26.847s][info][gc,heap     ] GC(128) Allocated:         -                 0M (0%)            0M (0%)            0M (0%)             -                  -          
[26.847s][info][gc,heap     ] GC(128)   Garbage:         -               121M (12%)          11M (1%)           11M (1%)             -                  -          
[26.847s][info][gc,heap     ] GC(128) Reclaimed:         -                  -               110M (11%)         110M (11%)            -                  -          
[26.847s][info][gc          ] GC(128) Garbage Collection (System.gc()) 126M(12%)->16M(2%)
[27.103s][info][gc,start    ] GC(129) Garbage Collection (Allocation Rate)
[27.103s][info][gc,task     ] GC(129) Using 10 workers
[27.104s][info][gc,phases   ] GC(129) Pause Mark Start 0.015ms
[27.119s][info][gc,phases   ] GC(129) Concurrent Mark 15.247ms
[27.119s][info][gc,phases   ] GC(129) Pause Mark End 0.016ms
[27.119s][info][gc,phases   ] GC(129) Concurrent Mark Free 0.001ms
[27.120s][info][gc,phases   ] GC(129) Concurrent Process Non-Strong References 0.710ms
[27.120s][info][gc,phases   ] GC(129) Concurrent Reset Relocation Set 0.001ms
[27.125s][info][gc,phases   ] GC(129) Concurrent Select Relocation Set 4.715ms
[27.125s][info][gc,phases   ] GC(129) Pause Relocate Start 0.005ms
[27.127s][info][gc,phases   ] GC(129) Concurrent Relocate 2.064ms
[27.127s][info][gc,load     ] GC(129) Load: 0.00/0.00/0.00
[27.127s][info][gc,mmu      ] GC(129) MMU: 2ms/98.9%, 5ms/99.4%, 10ms/99.7%, 20ms/99.7%, 50ms/99.9%, 100ms/99.9%
[27.127s][info][gc,marking  ] GC(129) Mark: 8 stripe(s), 2 proactive flush(es), 1 terminate flush(es), 0 completion(s), 0 continuation(s) 
[27.127s][info][gc,marking  ] GC(129) Mark Stack Usage: 32M
[27.127s][info][gc,nmethod  ] GC(129) NMethods: 1353 registered, 53 unregistered
[27.127s][info][gc,metaspace] GC(129) Metaspace: 8M used, 8M committed, 1088M reserved
[27.127s][info][gc,ref      ] GC(129) Soft: 174 encountered, 0 discovered, 0 enqueued
[27.127s][info][gc,ref      ] GC(129) Weak: 570 encountered, 19 discovered, 0 enqueued
[27.127s][info][gc,ref      ] GC(129) Final: 0 encountered, 0 discovered, 0 enqueued
[27.127s][info][gc,ref      ] GC(129) Phantom: 21 encountered, 18 discovered, 0 enqueued
[27.127s][info][gc,reloc    ] GC(129) Small Pages: 337 / 674M, Empty: 652M, Relocated: 3M, In-Place: 0
[27.127s][info][gc,reloc    ] GC(129) Medium Pages: 1 / 32M, Empty: 0M, Relocated: 0M, In-Place: 0
[27.127s][info][gc,reloc    ] GC(129) Large Pages: 0 / 0M, Empty: 0M, Relocated: 0M, In-Place: 0
[27.127s][info][gc,reloc    ] GC(129) Forwarding Usage: 1M
[27.127s][info][gc,heap     ] GC(129) Min Capacity: 8M(1%)
[27.127s][info][gc,heap     ] GC(129) Max Capacity: 1024M(100%)
[27.127s][info][gc,heap     ] GC(129) Soft Max Capacity: 1024M(100%)
[27.128s][info][gc,heap     ] GC(129)                Mark Start          Mark End        Relocate Start      Relocate End           High               Low         
[27.128s][info][gc,heap     ] GC(129)  Capacity:     1024M (100%)       1024M (100%)       1024M (100%)       1024M (100%)       1024M (100%)       1024M (100%)   
[27.128s][info][gc,heap     ] GC(129)      Free:      318M (31%)         276M (27%)         912M (89%)         906M (88%)         916M (89%)         272M (27%)    
[27.128s][info][gc,heap     ] GC(129)      Used:      706M (69%)         748M (73%)         112M (11%)         118M (12%)         752M (73%)         108M (11%)    
[27.128s][info][gc,heap     ] GC(129)      Live:         -                 6M (1%)            6M (1%)            6M (1%)             -                  -          
[27.128s][info][gc,heap     ] GC(129) Allocated:         -                42M (4%)           58M (6%)           63M (6%)             -                  -          
[27.128s][info][gc,heap     ] GC(129)   Garbage:         -               699M (68%)          47M (5%)           47M (5%)             -                  -          
[27.128s][info][gc,heap     ] GC(129) Reclaimed:         -                  -               652M (64%)         651M (64%)            -                  -          
[27.128s][info][gc          ] GC(129) Garbage Collection (Allocation Rate) 706M(69%)->118M(12%)
[27.291s][info][gc,start    ] GC(130) Garbage Collection (Allocation Rate)
[27.291s][info][gc,task     ] GC(130) Using 10 workers
[27.291s][info][gc,phases   ] GC(130) Pause Mark Start 0.015ms
[27.306s][info][gc,phases   ] GC(130) Concurrent Mark 15.313ms
[27.306s][info][gc,phases   ] GC(130) Pause Mark End 0.016ms
[27.307s][info][gc,phases   ] GC(130) Concurrent Mark Free 0.001ms
[27.307s][info][gc,phases   ] GC(130) Concurrent Process Non-Strong References 0.701ms
[27.307s][info][gc,phases   ] GC(130) Concurrent Reset Relocation Set 0.002ms
[27.313s][info][gc,phases   ] GC(130) Concurrent Select Relocation Set 5.276ms
[27.313s][info][gc,phases   ] GC(130) Pause Relocate Start 0.006ms
[27.314s][info][gc,phases   ] GC(130) Concurrent Relocate 1.669ms
[27.315s][info][gc,load     ] GC(130) Load: 0.00/0.00/0.00
[27.315s][info][gc,mmu      ] GC(130) MMU: 2ms/98.9%, 5ms/99.4%, 10ms/99.7%, 20ms/99.7%, 50ms/99.9%, 100ms/99.9%
[27.315s][info][gc,marking  ] GC(130) Mark: 8 stripe(s), 2 proactive flush(es), 1 terminate flush(es), 0 completion(s), 0 continuation(s) 
[27.315s][info][gc,marking  ] GC(130) Mark Stack Usage: 32M
[27.315s][info][gc,nmethod  ] GC(130) NMethods: 1353 registered, 53 unregistered
[27.315s][info][gc,metaspace] GC(130) Metaspace: 8M used, 8M committed, 1088M reserved
[27.315s][info][gc,ref      ] GC(130) Soft: 174 encountered, 0 discovered, 0 enqueued
[27.315s][info][gc,ref      ] GC(130) Weak: 570 encountered, 19 discovered, 0 enqueued
[27.315s][info][gc,ref      ] GC(130) Final: 0 encountered, 0 discovered, 0 enqueued
[27.315s][info][gc,ref      ] GC(130) Phantom: 21 encountered, 15 discovered, 0 enqueued
[27.315s][info][gc,reloc    ] GC(130) Small Pages: 263 / 526M, Empty: 482M, Relocated: 3M, In-Place: 0
[27.315s][info][gc,reloc    ] GC(130) Medium Pages: 1 / 32M, Empty: 0M, Relocated: 0M, In-Place: 0
[27.315s][info][gc,reloc    ] GC(130) Large Pages: 0 / 0M, Empty: 0M, Relocated: 0M, In-Place: 0
[27.315s][info][gc,reloc    ] GC(130) Forwarding Usage: 1M
[27.315s][info][gc,heap     ] GC(130) Min Capacity: 8M(1%)
[27.315s][info][gc,heap     ] GC(130) Max Capacity: 1024M(100%)
[27.315s][info][gc,heap     ] GC(130) Soft Max Capacity: 1024M(100%)
[27.315s][info][gc,heap     ] GC(130)                Mark Start          Mark End        Relocate Start      Relocate End           High               Low         
[27.315s][info][gc,heap     ] GC(130)  Capacity:     1024M (100%)       1024M (100%)       1024M (100%)       1024M (100%)       1024M (100%)       1024M (100%)   
[27.315s][info][gc,heap     ] GC(130)      Free:      466M (46%)         442M (43%)         908M (89%)         922M (90%)         922M (90%)         442M (43%)    
[27.315s][info][gc,heap     ] GC(130)      Used:      558M (54%)         582M (57%)         116M (11%)         102M (10%)         582M (57%)         102M (10%)    
[27.315s][info][gc,heap     ] GC(130)      Live:         -                 7M (1%)            7M (1%)            7M (1%)             -                  -          
[27.315s][info][gc,heap     ] GC(130) Allocated:         -                24M (2%)           40M (4%)           43M (4%)             -                  -          
[27.315s][info][gc,heap     ] GC(130)   Garbage:         -               550M (54%)          68M (7%)           50M (5%)             -                  -          
[27.315s][info][gc,heap     ] GC(130) Reclaimed:         -                  -               482M (47%)         499M (49%)            -                  -          
[27.315s][info][gc          ] GC(130) Garbage Collection (Allocation Rate) 558M(54%)->102M(10%)
[27.489s][info][gc,start    ] GC(131) Garbage Collection (Allocation Rate)
[27.489s][info][gc,task     ] GC(131) Using 3 workers
[27.489s][info][gc,phases   ] GC(131) Pause Mark Start 0.016ms
[27.507s][info][gc,phases   ] GC(131) Concurrent Mark 17.612ms
[27.507s][info][gc,phases   ] GC(131) Pause Mark End 0.012ms
[27.507s][info][gc,phases   ] GC(131) Concurrent Mark Free 0.001ms
[27.509s][info][gc,phases   ] GC(131) Concurrent Process Non-Strong References 1.508ms
[27.509s][info][gc,phases   ] GC(131) Concurrent Reset Relocation Set 0.004ms
[27.514s][info][gc,phases   ] GC(131) Concurrent Select Relocation Set 5.297ms
[27.514s][info][gc,phases   ] GC(131) Pause Relocate Start 0.006ms
[27.518s][info][gc,phases   ] GC(131) Concurrent Relocate 3.852ms
[27.518s][info][gc,load     ] GC(131) Load: 0.00/0.00/0.00
[27.518s][info][gc,mmu      ] GC(131) MMU: 2ms/98.9%, 5ms/99.4%, 10ms/99.7%, 20ms/99.7%, 50ms/99.9%, 100ms/99.9%
[27.518s][info][gc,marking  ] GC(131) Mark: 2 stripe(s), 2 proactive flush(es), 1 terminate flush(es), 0 completion(s), 0 continuation(s) 
[27.518s][info][gc,marking  ] GC(131) Mark Stack Usage: 32M
[27.518s][info][gc,nmethod  ] GC(131) NMethods: 1353 registered, 53 unregistered
[27.518s][info][gc,metaspace] GC(131) Metaspace: 8M used, 8M committed, 1088M reserved
[27.518s][info][gc,ref      ] GC(131) Soft: 174 encountered, 0 discovered, 0 enqueued
[27.518s][info][gc,ref      ] GC(131) Weak: 570 encountered, 3 discovered, 0 enqueued
[27.518s][info][gc,ref      ] GC(131) Final: 0 encountered, 0 discovered, 0 enqueued
[27.518s][info][gc,ref      ] GC(131) Phantom: 21 encountered, 14 discovered, 0 enqueued
[27.518s][info][gc,reloc    ] GC(131) Small Pages: 268 / 536M, Empty: 494M, Relocated: 4M, In-Place: 0
[27.518s][info][gc,reloc    ] GC(131) Medium Pages: 1 / 32M, Empty: 0M, Relocated: 0M, In-Place: 0
[27.518s][info][gc,reloc    ] GC(131) Large Pages: 0 / 0M, Empty: 0M, Relocated: 0M, In-Place: 0
[27.518s][info][gc,reloc    ] GC(131) Forwarding Usage: 1M
[27.518s][info][gc,heap     ] GC(131) Min Capacity: 8M(1%)
[27.518s][info][gc,heap     ] GC(131) Max Capacity: 1024M(100%)
[27.518s][info][gc,heap     ] GC(131) Soft Max Capacity: 1024M(100%)
[27.518s][info][gc,heap     ] GC(131)                Mark Start          Mark End        Relocate Start      Relocate End           High               Low         
[27.518s][info][gc,heap     ] GC(131)  Capacity:     1024M (100%)       1024M (100%)       1024M (100%)       1024M (100%)       1024M (100%)       1024M (100%)   
[27.518s][info][gc,heap     ] GC(131)      Free:      456M (45%)         430M (42%)         914M (89%)         940M (92%)         942M (92%)         426M (42%)    
[27.518s][info][gc,heap     ] GC(131)      Used:      568M (55%)         594M (58%)         110M (11%)          84M (8%)          598M (58%)          82M (8%)     
[27.519s][info][gc,heap     ] GC(131)      Live:         -                 9M (1%)            9M (1%)            9M (1%)             -                  -          
[27.519s][info][gc,heap     ] GC(131) Allocated:         -                26M (3%)           36M (4%)           37M (4%)             -                  -          
[27.519s][info][gc,heap     ] GC(131)   Garbage:         -               558M (55%)          64M (6%)           37M (4%)             -                  -          
[27.519s][info][gc,heap     ] GC(131) Reclaimed:         -                  -               494M (48%)         521M (51%)            -                  -          
[27.519s][info][gc          ] GC(131) Garbage Collection (Allocation Rate) 568M(55%)->84M(8%)
[27.690s][info][gc,start    ] GC(132) Garbage Collection (Allocation Rate)
[27.690s][info][gc,task     ] GC(132) Using 5 workers
[27.690s][info][gc,phases   ] GC(132) Pause Mark Start 0.014ms
[27.705s][info][gc,phases   ] GC(132) Concurrent Mark 14.616ms
[27.705s][info][gc,phases   ] GC(132) Pause Mark End 0.013ms
[27.705s][info][gc,phases   ] GC(132) Concurrent Mark Free 0.001ms
[27.706s][info][gc,phases   ] GC(132) Concurrent Process Non-Strong References 1.031ms
[27.706s][info][gc,phases   ] GC(132) Concurrent Reset Relocation Set 0.003ms
[27.710s][info][gc,phases   ] GC(132) Concurrent Select Relocation Set 4.585ms
[27.710s][info][gc,phases   ] GC(132) Pause Relocate Start 0.003ms
[27.716s][info][gc,phases   ] GC(132) Concurrent Relocate 5.188ms
[27.716s][info][gc,load     ] GC(132) Load: 0.00/0.00/0.00
[27.716s][info][gc,mmu      ] GC(132) MMU: 2ms/98.9%, 5ms/99.4%, 10ms/99.7%, 20ms/99.7%, 50ms/99.9%, 100ms/99.9%
[27.716s][info][gc,marking  ] GC(132) Mark: 4 stripe(s), 2 proactive flush(es), 1 terminate flush(es), 0 completion(s), 0 continuation(s) 
[27.716s][info][gc,marking  ] GC(132) Mark Stack Usage: 32M
[27.716s][info][gc,nmethod  ] GC(132) NMethods: 1353 registered, 53 unregistered
[27.716s][info][gc,metaspace] GC(132) Metaspace: 8M used, 8M committed, 1088M reserved
[27.716s][info][gc,ref      ] GC(132) Soft: 174 encountered, 0 discovered, 0 enqueued
[27.716s][info][gc,ref      ] GC(132) Weak: 570 encountered, 17 discovered, 0 enqueued
[27.716s][info][gc,ref      ] GC(132) Final: 0 encountered, 0 discovered, 0 enqueued
[27.716s][info][gc,ref      ] GC(132) Phantom: 21 encountered, 20 discovered, 0 enqueued
[27.716s][info][gc,reloc    ] GC(132) Small Pages: 206 / 412M, Empty: 378M, Relocated: 6M, In-Place: 0
[27.716s][info][gc,reloc    ] GC(132) Medium Pages: 2 / 64M, Empty: 32M, Relocated: 0M, In-Place: 0
[27.716s][info][gc,reloc    ] GC(132) Large Pages: 0 / 0M, Empty: 0M, Relocated: 0M, In-Place: 0
[27.716s][info][gc,reloc    ] GC(132) Forwarding Usage: 2M
[27.716s][info][gc,heap     ] GC(132) Min Capacity: 8M(1%)
[27.716s][info][gc,heap     ] GC(132) Max Capacity: 1024M(100%)
[27.716s][info][gc,heap     ] GC(132) Soft Max Capacity: 1024M(100%)
[27.716s][info][gc,heap     ] GC(132)                Mark Start          Mark End        Relocate Start      Relocate End           High               Low         
[27.716s][info][gc,heap     ] GC(132)  Capacity:     1024M (100%)       1024M (100%)       1024M (100%)       1024M (100%)       1024M (100%)       1024M (100%)   
[27.716s][info][gc,heap     ] GC(132)      Free:      548M (54%)         532M (52%)         932M (91%)         942M (92%)         944M (92%)         530M (52%)    
[27.716s][info][gc,heap     ] GC(132)      Used:      476M (46%)         492M (48%)          92M (9%)           82M (8%)          494M (48%)          80M (8%)     
[27.716s][info][gc,heap     ] GC(132)      Live:         -                10M (1%)           10M (1%)           10M (1%)             -                  -          
[27.716s][info][gc,heap     ] GC(132) Allocated:         -                16M (2%)           26M (3%)           35M (4%)             -                  -          
[27.716s][info][gc,heap     ] GC(132)   Garbage:         -               465M (45%)          55M (5%)           35M (3%)             -                  -          
[27.716s][info][gc,heap     ] GC(132) Reclaimed:         -                  -               410M (40%)         429M (42%)            -                  -          
[27.716s][info][gc          ] GC(132) Garbage Collection (Allocation Rate) 476M(46%)->82M(8%)
[27.889s][info][gc,start    ] GC(133) Garbage Collection (Allocation Rate)
[27.889s][info][gc,task     ] GC(133) Using 5 workers
[27.889s][info][gc,phases   ] GC(133) Pause Mark Start 0.015ms
[27.916s][info][gc,phases   ] GC(133) Concurrent Mark 26.631ms
[27.916s][info][gc,phases   ] GC(133) Pause Mark End 0.015ms
[27.916s][info][gc,phases   ] GC(133) Concurrent Mark Free 0.001ms
[27.917s][info][gc,phases   ] GC(133) Concurrent Process Non-Strong References 1.223ms
[27.917s][info][gc,phases   ] GC(133) Concurrent Reset Relocation Set 0.003ms
[27.921s][info][gc,phases   ] GC(133) Concurrent Select Relocation Set 4.068ms
[27.921s][info][gc,phases   ] GC(133) Pause Relocate Start 0.006ms
[27.925s][info][gc,phases   ] GC(133) Concurrent Relocate 3.568ms
[27.925s][info][gc,load     ] GC(133) Load: 0.00/0.00/0.00
[27.925s][info][gc,mmu      ] GC(133) MMU: 2ms/98.9%, 5ms/99.4%, 10ms/99.7%, 20ms/99.7%, 50ms/99.9%, 100ms/99.9%
[27.925s][info][gc,marking  ] GC(133) Mark: 4 stripe(s), 2 proactive flush(es), 1 terminate flush(es), 0 completion(s), 0 continuation(s) 
[27.925s][info][gc,marking  ] GC(133) Mark Stack Usage: 32M
[27.925s][info][gc,nmethod  ] GC(133) NMethods: 1353 registered, 53 unregistered
[27.925s][info][gc,metaspace] GC(133) Metaspace: 8M used, 8M committed, 1088M reserved
[27.925s][info][gc,ref      ] GC(133) Soft: 174 encountered, 0 discovered, 0 enqueued
[27.925s][info][gc,ref      ] GC(133) Weak: 570 encountered, 367 discovered, 0 enqueued
[27.925s][info][gc,ref      ] GC(133) Final: 0 encountered, 0 discovered, 0 enqueued
[27.925s][info][gc,ref      ] GC(133) Phantom: 21 encountered, 19 discovered, 0 enqueued
[27.925s][info][gc,reloc    ] GC(133) Small Pages: 244 / 488M, Empty: 456M, Relocated: 3M, In-Place: 0
[27.925s][info][gc,reloc    ] GC(133) Medium Pages: 2 / 64M, Empty: 0M, Relocated: 0M, In-Place: 0
[27.925s][info][gc,reloc    ] GC(133) Large Pages: 0 / 0M, Empty: 0M, Relocated: 0M, In-Place: 0
[27.925s][info][gc,reloc    ] GC(133) Forwarding Usage: 1M
[27.925s][info][gc,heap     ] GC(133) Min Capacity: 8M(1%)
[27.925s][info][gc,heap     ] GC(133) Max Capacity: 1024M(100%)
[27.925s][info][gc,heap     ] GC(133) Soft Max Capacity: 1024M(100%)
[27.925s][info][gc,heap     ] GC(133)                Mark Start          Mark End        Relocate Start      Relocate End           High               Low         
[27.926s][info][gc,heap     ] GC(133)  Capacity:     1024M (100%)       1024M (100%)       1024M (100%)       1024M (100%)       1024M (100%)       1024M (100%)   
[27.926s][info][gc,heap     ] GC(133)      Free:      472M (46%)         400M (39%)         840M (82%)         878M (86%)         878M (86%)         396M (39%)    
[27.926s][info][gc,heap     ] GC(133)      Used:      552M (54%)         624M (61%)         184M (18%)         146M (14%)         628M (61%)         146M (14%)    
[27.926s][info][gc,heap     ] GC(133)      Live:         -                11M (1%)           11M (1%)           11M (1%)             -                  -          
[27.926s][info][gc,heap     ] GC(133) Allocated:         -                72M (7%)           88M (9%)           93M (9%)             -                  -          
[27.926s][info][gc,heap     ] GC(133)   Garbage:         -               540M (53%)          84M (8%)           40M (4%)             -                  -          
[27.926s][info][gc,heap     ] GC(133) Reclaimed:         -                  -               456M (45%)         499M (49%)            -                  -          
[27.926s][info][gc          ] GC(133) Garbage Collection (Allocation Rate) 552M(54%)->146M(14%)
[28.001s][info][gc,start    ] GC(134) Garbage Collection (Allocation Rate)
[28.001s][info][gc,task     ] GC(134) Using 5 workers
[28.002s][info][gc,phases   ] GC(134) Pause Mark Start 0.014ms
[28.033s][info][gc,phases   ] GC(134) Concurrent Mark 30.917ms
[28.033s][info][gc,phases   ] GC(134) Pause Mark End 0.019ms
[28.033s][info][gc,phases   ] GC(134) Concurrent Mark Free 0.001ms
[28.034s][info][gc,phases   ] GC(134) Concurrent Process Non-Strong References 1.194ms
[28.034s][info][gc,phases   ] GC(134) Concurrent Reset Relocation Set 0.003ms
[28.040s][info][gc,phases   ] GC(134) Concurrent Select Relocation Set 6.169ms
[28.040s][info][gc,phases   ] GC(134) Pause Relocate Start 0.009ms
[28.045s][info][gc,phases   ] GC(134) Concurrent Relocate 5.032ms
[28.046s][info][gc,load     ] GC(134) Load: 0.00/0.00/0.00
[28.046s][info][gc,mmu      ] GC(134) MMU: 2ms/98.9%, 5ms/99.4%, 10ms/99.7%, 20ms/99.7%, 50ms/99.9%, 100ms/99.9%
[28.046s][info][gc,marking  ] GC(134) Mark: 4 stripe(s), 2 proactive flush(es), 1 terminate flush(es), 0 completion(s), 0 continuation(s) 
[28.046s][info][gc,marking  ] GC(134) Mark Stack Usage: 32M
[28.046s][info][gc,nmethod  ] GC(134) NMethods: 1353 registered, 53 unregistered
[28.046s][info][gc,metaspace] GC(134) Metaspace: 8M used, 8M committed, 1088M reserved
[28.046s][info][gc,ref      ] GC(134) Soft: 174 encountered, 0 discovered, 0 enqueued
[28.046s][info][gc,ref      ] GC(134) Weak: 570 encountered, 394 discovered, 0 enqueued
[28.046s][info][gc,ref      ] GC(134) Final: 0 encountered, 0 discovered, 0 enqueued
[28.046s][info][gc,ref      ] GC(134) Phantom: 21 encountered, 19 discovered, 0 enqueued
[28.046s][info][gc,reloc    ] GC(134) Small Pages: 160 / 320M, Empty: 280M, Relocated: 6M, In-Place: 0
[28.046s][info][gc,reloc    ] GC(134) Medium Pages: 1 / 32M, Empty: 0M, Relocated: 0M, In-Place: 0
[28.046s][info][gc,reloc    ] GC(134) Large Pages: 0 / 0M, Empty: 0M, Relocated: 0M, In-Place: 0
[28.046s][info][gc,reloc    ] GC(134) Forwarding Usage: 2M
[28.046s][info][gc,heap     ] GC(134) Min Capacity: 8M(1%)
[28.046s][info][gc,heap     ] GC(134) Max Capacity: 1024M(100%)
[28.046s][info][gc,heap     ] GC(134) Soft Max Capacity: 1024M(100%)
[28.046s][info][gc,heap     ] GC(134)                Mark Start          Mark End        Relocate Start      Relocate End           High               Low         
[28.046s][info][gc,heap     ] GC(134)  Capacity:     1024M (100%)       1024M (100%)       1024M (100%)       1024M (100%)       1024M (100%)       1024M (100%)   
[28.046s][info][gc,heap     ] GC(134)      Free:      672M (66%)         610M (60%)         872M (85%)         884M (86%)         884M (86%)         608M (59%)    
[28.046s][info][gc,heap     ] GC(134)      Used:      352M (34%)         414M (40%)         152M (15%)         140M (14%)         416M (41%)         140M (14%)    
[28.046s][info][gc,heap     ] GC(134)      Live:         -                12M (1%)           12M (1%)           12M (1%)             -                  -          
[28.046s][info][gc,heap     ] GC(134) Allocated:         -                62M (6%)           80M (8%)           91M (9%)             -                  -          
[28.046s][info][gc,heap     ] GC(134)   Garbage:         -               339M (33%)          59M (6%)           35M (3%)             -                  -          
[28.046s][info][gc,heap     ] GC(134) Reclaimed:         -                  -               280M (27%)         303M (30%)            -                  -          
[28.046s][info][gc          ] GC(134) Garbage Collection (Allocation Rate) 352M(34%)->140M(14%)
[28.095s][info][gc,start    ] GC(135) Garbage Collection (Allocation Rate)
[28.095s][info][gc,task     ] GC(135) Using 5 workers
[28.095s][info][gc,phases   ] GC(135) Pause Mark Start 0.011ms
[28.126s][info][gc,phases   ] GC(135) Concurrent Mark 31.050ms
[28.126s][info][gc,phases   ] GC(135) Pause Mark End 0.015ms
[28.126s][info][gc,phases   ] GC(135) Concurrent Mark Free 0.001ms
[28.128s][info][gc,phases   ] GC(135) Concurrent Process Non-Strong References 1.189ms
[28.128s][info][gc,phases   ] GC(135) Concurrent Reset Relocation Set 0.003ms
[28.132s][info][gc,phases   ] GC(135) Concurrent Select Relocation Set 3.814ms
[28.132s][info][gc,phases   ] GC(135) Pause Relocate Start 0.009ms
[28.134s][info][gc,phases   ] GC(135) Concurrent Relocate 2.617ms
[28.134s][info][gc,load     ] GC(135) Load: 0.00/0.00/0.00
[28.134s][info][gc,mmu      ] GC(135) MMU: 2ms/98.9%, 5ms/99.4%, 10ms/99.7%, 20ms/99.7%, 50ms/99.9%, 100ms/99.9%
[28.135s][info][gc,marking  ] GC(135) Mark: 4 stripe(s), 2 proactive flush(es), 1 terminate flush(es), 0 completion(s), 0 continuation(s) 
[28.135s][info][gc,marking  ] GC(135) Mark Stack Usage: 32M
[28.135s][info][gc,nmethod  ] GC(135) NMethods: 1353 registered, 53 unregistered
[28.135s][info][gc,metaspace] GC(135) Metaspace: 8M used, 8M committed, 1088M reserved
[28.135s][info][gc,ref      ] GC(135) Soft: 174 encountered, 0 discovered, 0 enqueued
[28.135s][info][gc,ref      ] GC(135) Weak: 570 encountered, 8 discovered, 0 enqueued
[28.135s][info][gc,ref      ] GC(135) Final: 0 encountered, 0 discovered, 0 enqueued
[28.135s][info][gc,ref      ] GC(135) Phantom: 21 encountered, 15 discovered, 0 enqueued
[28.135s][info][gc,reloc    ] GC(135) Small Pages: 121 / 242M, Empty: 208M, Relocated: 3M, In-Place: 0
[28.135s][info][gc,reloc    ] GC(135) Medium Pages: 1 / 32M, Empty: 0M, Relocated: 0M, In-Place: 0
[28.135s][info][gc,reloc    ] GC(135) Large Pages: 0 / 0M, Empty: 0M, Relocated: 0M, In-Place: 0
[28.135s][info][gc,reloc    ] GC(135) Forwarding Usage: 1M
[28.135s][info][gc,heap     ] GC(135) Min Capacity: 8M(1%)
[28.135s][info][gc,heap     ] GC(135) Max Capacity: 1024M(100%)
[28.135s][info][gc,heap     ] GC(135) Soft Max Capacity: 1024M(100%)
[28.135s][info][gc,heap     ] GC(135)                Mark Start          Mark End        Relocate Start      Relocate End           High               Low         
[28.135s][info][gc,heap     ] GC(135)  Capacity:     1024M (100%)       1024M (100%)       1024M (100%)       1024M (100%)       1024M (100%)       1024M (100%)   
[28.135s][info][gc,heap     ] GC(135)      Free:      750M (73%)         666M (65%)         862M (84%)         868M (85%)         868M (85%)         662M (65%)    
[28.135s][info][gc,heap     ] GC(135)      Used:      274M (27%)         358M (35%)         162M (16%)         156M (15%)         362M (35%)         156M (15%)    
[28.135s][info][gc,heap     ] GC(135)      Live:         -                13M (1%)           13M (1%)           13M (1%)             -                  -          
[28.135s][info][gc,heap     ] GC(135) Allocated:         -                84M (8%)           96M (9%)          101M (10%)            -                  -          
[28.135s][info][gc,heap     ] GC(135)   Garbage:         -               260M (25%)          52M (5%)           41M (4%)             -                  -          
[28.135s][info][gc,heap     ] GC(135) Reclaimed:         -                  -               208M (20%)         219M (21%)            -                  -          
[28.135s][info][gc          ] GC(135) Garbage Collection (Allocation Rate) 274M(27%)->156M(15%)
[28.204s][info][gc,start    ] GC(136) Garbage Collection (Allocation Rate)
[28.204s][info][gc,task     ] GC(136) Using 5 workers
[28.204s][info][gc,phases   ] GC(136) Pause Mark Start 0.012ms
[28.236s][info][gc,phases   ] GC(136) Concurrent Mark 31.011ms
[28.236s][info][gc,phases   ] GC(136) Pause Mark End 0.016ms
[28.236s][info][gc,phases   ] GC(136) Concurrent Mark Free 0.001ms
[28.237s][info][gc,phases   ] GC(136) Concurrent Process Non-Strong References 1.137ms
[28.237s][info][gc,phases   ] GC(136) Concurrent Reset Relocation Set 0.002ms
[28.243s][info][gc,phases   ] GC(136) Concurrent Select Relocation Set 6.124ms
[28.243s][info][gc,phases   ] GC(136) Pause Relocate Start 0.006ms
[28.249s][info][gc,phases   ] GC(136) Concurrent Relocate 5.241ms
[28.249s][info][gc,load     ] GC(136) Load: 0.00/0.00/0.00
[28.249s][info][gc,mmu      ] GC(136) MMU: 2ms/98.9%, 5ms/99.4%, 10ms/99.7%, 20ms/99.7%, 50ms/99.9%, 100ms/99.9%
[28.249s][info][gc,marking  ] GC(136) Mark: 4 stripe(s), 2 proactive flush(es), 1 terminate flush(es), 0 completion(s), 0 continuation(s) 
[28.249s][info][gc,marking  ] GC(136) Mark Stack Usage: 32M
[28.249s][info][gc,nmethod  ] GC(136) NMethods: 1353 registered, 53 unregistered
[28.249s][info][gc,metaspace] GC(136) Metaspace: 8M used, 8M committed, 1088M reserved
[28.249s][info][gc,ref      ] GC(136) Soft: 174 encountered, 0 discovered, 0 enqueued
[28.249s][info][gc,ref      ] GC(136) Weak: 570 encountered, 6 discovered, 0 enqueued
[28.249s][info][gc,ref      ] GC(136) Final: 0 encountered, 0 discovered, 0 enqueued
[28.249s][info][gc,ref      ] GC(136) Phantom: 21 encountered, 19 discovered, 0 enqueued
[28.249s][info][gc,reloc    ] GC(136) Small Pages: 155 / 310M, Empty: 274M, Relocated: 6M, In-Place: 0
[28.249s][info][gc,reloc    ] GC(136) Medium Pages: 1 / 32M, Empty: 0M, Relocated: 0M, In-Place: 0
[28.249s][info][gc,reloc    ] GC(136) Large Pages: 0 / 0M, Empty: 0M, Relocated: 0M, In-Place: 0
[28.249s][info][gc,reloc    ] GC(136) Forwarding Usage: 2M
[28.249s][info][gc,heap     ] GC(136) Min Capacity: 8M(1%)
[28.249s][info][gc,heap     ] GC(136) Max Capacity: 1024M(100%)
[28.249s][info][gc,heap     ] GC(136) Soft Max Capacity: 1024M(100%)
[28.249s][info][gc,heap     ] GC(136)                Mark Start          Mark End        Relocate Start      Relocate End           High               Low         
[28.249s][info][gc,heap     ] GC(136)  Capacity:     1024M (100%)       1024M (100%)       1024M (100%)       1024M (100%)       1024M (100%)       1024M (100%)   
[28.249s][info][gc,heap     ] GC(136)      Free:      682M (67%)         610M (60%)         848M (83%)         864M (84%)         864M (84%)         608M (59%)    
[28.249s][info][gc,heap     ] GC(136)      Used:      342M (33%)         414M (40%)         176M (17%)         160M (16%)         416M (41%)         160M (16%)    
[28.249s][info][gc,heap     ] GC(136)      Live:         -                13M (1%)           13M (1%)           13M (1%)             -                  -          
[28.249s][info][gc,heap     ] GC(136) Allocated:         -                72M (7%)          108M (11%)         109M (11%)            -                  -          
[28.249s][info][gc,heap     ] GC(136)   Garbage:         -               328M (32%)          54M (5%)           36M (4%)             -                  -          
[28.249s][info][gc,heap     ] GC(136) Reclaimed:         -                  -               274M (27%)         291M (28%)            -                  -          
[28.249s][info][gc          ] GC(136) Garbage Collection (Allocation Rate) 342M(33%)->160M(16%)
[28.392s][info][gc,start    ] GC(137) Garbage Collection (Allocation Rate)
[28.392s][info][gc,task     ] GC(137) Using 3 workers
[28.392s][info][gc,phases   ] GC(137) Pause Mark Start 0.013ms
[28.418s][info][gc,phases   ] GC(137) Concurrent Mark 25.547ms
[28.418s][info][gc,phases   ] GC(137) Pause Mark End 0.011ms
[28.418s][info][gc,phases   ] GC(137) Concurrent Mark Free 0.001ms
[28.419s][info][gc,phases   ] GC(137) Concurrent Process Non-Strong References 1.308ms
[28.419s][info][gc,phases   ] GC(137) Concurrent Reset Relocation Set 0.003ms
[28.423s][info][gc,phases   ] GC(137) Concurrent Select Relocation Set 3.820ms
[28.423s][info][gc,phases   ] GC(137) Pause Relocate Start 0.004ms
[28.428s][info][gc,phases   ] GC(137) Concurrent Relocate 4.707ms
[28.428s][info][gc,load     ] GC(137) Load: 0.00/0.00/0.00
[28.428s][info][gc,mmu      ] GC(137) MMU: 2ms/98.9%, 5ms/99.4%, 10ms/99.7%, 20ms/99.7%, 50ms/99.9%, 100ms/99.9%
[28.428s][info][gc,marking  ] GC(137) Mark: 2 stripe(s), 3 proactive flush(es), 1 terminate flush(es), 0 completion(s), 0 continuation(s) 
[28.428s][info][gc,marking  ] GC(137) Mark Stack Usage: 32M
[28.428s][info][gc,nmethod  ] GC(137) NMethods: 1353 registered, 53 unregistered
[28.428s][info][gc,metaspace] GC(137) Metaspace: 8M used, 8M committed, 1088M reserved
[28.428s][info][gc,ref      ] GC(137) Soft: 174 encountered, 0 discovered, 0 enqueued
[28.428s][info][gc,ref      ] GC(137) Weak: 570 encountered, 379 discovered, 0 enqueued
[28.428s][info][gc,ref      ] GC(137) Final: 0 encountered, 0 discovered, 0 enqueued
[28.428s][info][gc,ref      ] GC(137) Phantom: 21 encountered, 15 discovered, 0 enqueued
[28.428s][info][gc,reloc    ] GC(137) Small Pages: 215 / 430M, Empty: 392M, Relocated: 6M, In-Place: 0
[28.428s][info][gc,reloc    ] GC(137) Medium Pages: 2 / 64M, Empty: 0M, Relocated: 1M, In-Place: 0
[28.428s][info][gc,reloc    ] GC(137) Large Pages: 0 / 0M, Empty: 0M, Relocated: 0M, In-Place: 0
[28.428s][info][gc,reloc    ] GC(137) Forwarding Usage: 2M
[28.428s][info][gc,heap     ] GC(137) Min Capacity: 8M(1%)
[28.428s][info][gc,heap     ] GC(137) Max Capacity: 1024M(100%)
[28.428s][info][gc,heap     ] GC(137) Soft Max Capacity: 1024M(100%)
[28.428s][info][gc,heap     ] GC(137)                Mark Start          Mark End        Relocate Start      Relocate End           High               Low         
[28.428s][info][gc,heap     ] GC(137)  Capacity:     1024M (100%)       1024M (100%)       1024M (100%)       1024M (100%)       1024M (100%)       1024M (100%)   
[28.429s][info][gc,heap     ] GC(137)      Free:      530M (52%)         484M (47%)         862M (84%)         904M (88%)         906M (88%)         480M (47%)    
[28.429s][info][gc,heap     ] GC(137)      Used:      494M (48%)         540M (53%)         162M (16%)         120M (12%)         544M (53%)         118M (12%)    
[28.429s][info][gc,heap     ] GC(137)      Live:         -                15M (1%)           15M (1%)           15M (1%)             -                  -          
[28.429s][info][gc,heap     ] GC(137) Allocated:         -                46M (4%)           60M (6%)           69M (7%)             -                  -          
[28.429s][info][gc,heap     ] GC(137)   Garbage:         -               478M (47%)          86M (8%)           34M (3%)             -                  -          
[28.429s][info][gc,heap     ] GC(137) Reclaimed:         -                  -               392M (38%)         443M (43%)            -                  -          
[28.429s][info][gc          ] GC(137) Garbage Collection (Allocation Rate) 494M(48%)->120M(12%)
[28.594s][info][gc,start    ] GC(138) Garbage Collection (Allocation Rate)
[28.594s][info][gc,task     ] GC(138) Using 3 workers
[28.595s][info][gc,phases   ] GC(138) Pause Mark Start 0.016ms
[28.626s][info][gc,phases   ] GC(138) Concurrent Mark 30.842ms
[28.626s][info][gc,phases   ] GC(138) Pause Mark End 0.014ms
[28.626s][info][gc,phases   ] GC(138) Concurrent Mark Free 0.001ms
[28.627s][info][gc,phases   ] GC(138) Concurrent Process Non-Strong References 1.425ms
[28.627s][info][gc,phases   ] GC(138) Concurrent Reset Relocation Set 0.003ms
[28.631s][info][gc,phases   ] GC(138) Concurrent Select Relocation Set 3.919ms
[28.631s][info][gc,phases   ] GC(138) Pause Relocate Start 0.005ms
[28.635s][info][gc,phases   ] GC(138) Concurrent Relocate 4.025ms
[28.635s][info][gc,load     ] GC(138) Load: 0.00/0.00/0.00
[28.635s][info][gc,mmu      ] GC(138) MMU: 2ms/98.9%, 5ms/99.4%, 10ms/99.7%, 20ms/99.7%, 50ms/99.9%, 100ms/99.9%
[28.635s][info][gc,marking  ] GC(138) Mark: 2 stripe(s), 2 proactive flush(es), 1 terminate flush(es), 0 completion(s), 0 continuation(s) 
[28.635s][info][gc,marking  ] GC(138) Mark Stack Usage: 32M
[28.636s][info][gc,nmethod  ] GC(138) NMethods: 1353 registered, 53 unregistered
[28.636s][info][gc,metaspace] GC(138) Metaspace: 8M used, 8M committed, 1088M reserved
[28.636s][info][gc,ref      ] GC(138) Soft: 174 encountered, 0 discovered, 0 enqueued
[28.636s][info][gc,ref      ] GC(138) Weak: 570 encountered, 115 discovered, 0 enqueued
[28.636s][info][gc,ref      ] GC(138) Final: 0 encountered, 0 discovered, 0 enqueued
[28.636s][info][gc,ref      ] GC(138) Phantom: 21 encountered, 19 discovered, 0 enqueued
[28.636s][info][gc,reloc    ] GC(138) Small Pages: 257 / 514M, Empty: 480M, Relocated: 3M, In-Place: 0
[28.636s][info][gc,reloc    ] GC(138) Medium Pages: 2 / 64M, Empty: 0M, Relocated: 1M, In-Place: 0
[28.636s][info][gc,reloc    ] GC(138) Large Pages: 0 / 0M, Empty: 0M, Relocated: 0M, In-Place: 0
[28.636s][info][gc,reloc    ] GC(138) Forwarding Usage: 1M
[28.636s][info][gc,heap     ] GC(138) Min Capacity: 8M(1%)
[28.636s][info][gc,heap     ] GC(138) Max Capacity: 1024M(100%)
[28.636s][info][gc,heap     ] GC(138) Soft Max Capacity: 1024M(100%)
[28.636s][info][gc,heap     ] GC(138)                Mark Start          Mark End        Relocate Start      Relocate End           High               Low         
[28.636s][info][gc,heap     ] GC(138)  Capacity:     1024M (100%)       1024M (100%)       1024M (100%)       1024M (100%)       1024M (100%)       1024M (100%)   
[28.636s][info][gc,heap     ] GC(138)      Free:      446M (44%)         362M (35%)         830M (81%)         862M (84%)         866M (85%)         358M (35%)    
[28.636s][info][gc,heap     ] GC(138)      Used:      578M (56%)         662M (65%)         194M (19%)         162M (16%)         666M (65%)         158M (15%)    
[28.636s][info][gc,heap     ] GC(138)      Live:         -                16M (2%)           16M (2%)           16M (2%)             -                  -          
[28.636s][info][gc,heap     ] GC(138) Allocated:         -                84M (8%)           96M (9%)          107M (11%)            -                  -          
[28.636s][info][gc,heap     ] GC(138)   Garbage:         -               561M (55%)          81M (8%)           37M (4%)             -                  -          
[28.636s][info][gc,heap     ] GC(138) Reclaimed:         -                  -               480M (47%)         523M (51%)            -                  -          
[28.636s][info][gc          ] GC(138) Garbage Collection (Allocation Rate) 578M(56%)->162M(16%)
[28.801s][info][gc,start    ] GC(139) Garbage Collection (Allocation Rate)
[28.801s][info][gc,task     ] GC(139) Using 2 workers
[28.801s][info][gc,phases   ] GC(139) Pause Mark Start 0.014ms
[28.848s][info][gc,phases   ] GC(139) Concurrent Mark 46.553ms
[28.848s][info][gc,phases   ] GC(139) Pause Mark End 0.020ms
[28.848s][info][gc,phases   ] GC(139) Concurrent Mark Free 0.001ms
[28.850s][info][gc,phases   ] GC(139) Concurrent Process Non-Strong References 2.287ms
[28.850s][info][gc,phases   ] GC(139) Concurrent Reset Relocation Set 0.002ms
[28.856s][info][gc,phases   ] GC(139) Concurrent Select Relocation Set 6.067ms
[28.856s][info][gc,phases   ] GC(139) Pause Relocate Start 0.009ms
[28.860s][info][gc,phases   ] GC(139) Concurrent Relocate 3.172ms
[28.860s][info][gc,load     ] GC(139) Load: 0.00/0.00/0.00
[28.860s][info][gc,mmu      ] GC(139) MMU: 2ms/98.9%, 5ms/99.4%, 10ms/99.7%, 20ms/99.7%, 50ms/99.9%, 100ms/99.9%
[28.860s][info][gc,marking  ] GC(139) Mark: 2 stripe(s), 2 proactive flush(es), 1 terminate flush(es), 0 completion(s), 0 continuation(s) 
[28.860s][info][gc,marking  ] GC(139) Mark Stack Usage: 32M
[28.860s][info][gc,nmethod  ] GC(139) NMethods: 1353 registered, 53 unregistered
[28.860s][info][gc,metaspace] GC(139) Metaspace: 8M used, 8M committed, 1088M reserved
[28.860s][info][gc,ref      ] GC(139) Soft: 174 encountered, 0 discovered, 0 enqueued
[28.860s][info][gc,ref      ] GC(139) Weak: 570 encountered, 280 discovered, 0 enqueued
[28.860s][info][gc,ref      ] GC(139) Final: 0 encountered, 0 discovered, 0 enqueued
[28.860s][info][gc,ref      ] GC(139) Phantom: 21 encountered, 10 discovered, 0 enqueued
[28.860s][info][gc,reloc    ] GC(139) Small Pages: 276 / 552M, Empty: 516M, Relocated: 3M, In-Place: 0
[28.860s][info][gc,reloc    ] GC(139) Medium Pages: 1 / 32M, Empty: 0M, Relocated: 0M, In-Place: 0
[28.860s][info][gc,reloc    ] GC(139) Large Pages: 0 / 0M, Empty: 0M, Relocated: 0M, In-Place: 0
[28.860s][info][gc,reloc    ] GC(139) Forwarding Usage: 1M
[28.860s][info][gc,heap     ] GC(139) Min Capacity: 8M(1%)
[28.860s][info][gc,heap     ] GC(139) Max Capacity: 1024M(100%)
[28.860s][info][gc,heap     ] GC(139) Soft Max Capacity: 1024M(100%)
[28.860s][info][gc,heap     ] GC(139)                Mark Start          Mark End        Relocate Start      Relocate End           High               Low         
[28.860s][info][gc,heap     ] GC(139)  Capacity:     1024M (100%)       1024M (100%)       1024M (100%)       1024M (100%)       1024M (100%)       1024M (100%)   
[28.860s][info][gc,heap     ] GC(139)      Free:      440M (43%)         314M (31%)         808M (79%)         814M (79%)         820M (80%)         308M (30%)    
[28.860s][info][gc,heap     ] GC(139)      Used:      584M (57%)         710M (69%)         216M (21%)         210M (21%)         716M (70%)         204M (20%)    
[28.860s][info][gc,heap     ] GC(139)      Live:         -                18M (2%)           18M (2%)           18M (2%)             -                  -          
[28.860s][info][gc,heap     ] GC(139) Allocated:         -               126M (12%)         148M (14%)         155M (15%)            -                  -          
[28.860s][info][gc,heap     ] GC(139)   Garbage:         -               565M (55%)          49M (5%)           35M (4%)             -                  -          
[28.860s][info][gc,heap     ] GC(139) Reclaimed:         -                  -               516M (50%)         529M (52%)            -                  -          
[28.861s][info][gc          ] GC(139) Garbage Collection (Allocation Rate) 584M(57%)->210M(21%)
[29.092s][info][gc,start    ] GC(140) Garbage Collection (Allocation Rate)
[29.092s][info][gc,task     ] GC(140) Using 2 workers
[29.092s][info][gc,phases   ] GC(140) Pause Mark Start 0.015ms
[29.139s][info][gc,phases   ] GC(140) Concurrent Mark 46.482ms
[29.139s][info][gc,phases   ] GC(140) Pause Mark End 0.013ms
[29.139s][info][gc,phases   ] GC(140) Concurrent Mark Free 0.001ms
[29.141s][info][gc,phases   ] GC(140) Concurrent Process Non-Strong References 1.953ms
[29.141s][info][gc,phases   ] GC(140) Concurrent Reset Relocation Set 0.003ms
[29.145s][info][gc,phases   ] GC(140) Concurrent Select Relocation Set 3.764ms
[29.145s][info][gc,phases   ] GC(140) Pause Relocate Start 0.003ms
[29.148s][info][gc,phases   ] GC(140) Concurrent Relocate 3.135ms
[29.148s][info][gc,load     ] GC(140) Load: 0.00/0.00/0.00
[29.148s][info][gc,mmu      ] GC(140) MMU: 2ms/98.9%, 5ms/99.4%, 10ms/99.7%, 20ms/99.7%, 50ms/99.9%, 100ms/99.9%
[29.148s][info][gc,marking  ] GC(140) Mark: 2 stripe(s), 2 proactive flush(es), 1 terminate flush(es), 0 completion(s), 0 continuation(s) 
[29.148s][info][gc,marking  ] GC(140) Mark Stack Usage: 32M
[29.148s][info][gc,nmethod  ] GC(140) NMethods: 1353 registered, 53 unregistered
[29.148s][info][gc,metaspace] GC(140) Metaspace: 8M used, 8M committed, 1088M reserved
[29.148s][info][gc,ref      ] GC(140) Soft: 174 encountered, 0 discovered, 0 enqueued
[29.148s][info][gc,ref      ] GC(140) Weak: 570 encountered, 419 discovered, 0 enqueued
[29.148s][info][gc,ref      ] GC(140) Final: 0 encountered, 0 discovered, 0 enqueued
[29.148s][info][gc,ref      ] GC(140) Phantom: 21 encountered, 19 discovered, 0 enqueued
[29.148s][info][gc,reloc    ] GC(140) Small Pages: 311 / 622M, Empty: 572M, Relocated: 3M, In-Place: 0
[29.148s][info][gc,reloc    ] GC(140) Medium Pages: 2 / 64M, Empty: 0M, Relocated: 1M, In-Place: 0
[29.148s][info][gc,reloc    ] GC(140) Large Pages: 0 / 0M, Empty: 0M, Relocated: 0M, In-Place: 0
[29.148s][info][gc,reloc    ] GC(140) Forwarding Usage: 1M
[29.148s][info][gc,heap     ] GC(140) Min Capacity: 8M(1%)
[29.148s][info][gc,heap     ] GC(140) Max Capacity: 1024M(100%)
[29.148s][info][gc,heap     ] GC(140) Soft Max Capacity: 1024M(100%)
[29.149s][info][gc,heap     ] GC(140)                Mark Start          Mark End        Relocate Start      Relocate End           High               Low         
[29.149s][info][gc,heap     ] GC(140)  Capacity:     1024M (100%)       1024M (100%)       1024M (100%)       1024M (100%)       1024M (100%)       1024M (100%)   
[29.149s][info][gc,heap     ] GC(140)      Free:      338M (33%)         256M (25%)         812M (79%)         860M (84%)         862M (84%)         252M (25%)    
[29.149s][info][gc,heap     ] GC(140)      Used:      686M (67%)         768M (75%)         212M (21%)         164M (16%)         772M (75%)         162M (16%)    
[29.149s][info][gc,heap     ] GC(140)      Live:         -                19M (2%)           19M (2%)           19M (2%)             -                  -          
[29.149s][info][gc,heap     ] GC(140) Allocated:         -                82M (8%)           98M (10%)         105M (10%)            -                  -          
[29.149s][info][gc,heap     ] GC(140)   Garbage:         -               666M (65%)          94M (9%)           38M (4%)             -                  -          
[29.149s][info][gc,heap     ] GC(140) Reclaimed:         -                  -               572M (56%)         627M (61%)            -                  -          
[29.149s][info][gc          ] GC(140) Garbage Collection (Allocation Rate) 686M(67%)->164M(16%)
[29.295s][info][gc,start    ] GC(141) Garbage Collection (Allocation Rate)
[29.301s][info][gc,task     ] GC(141) Using 2 workers
[29.301s][info][gc,phases   ] GC(141) Pause Mark Start 0.016ms
[29.357s][info][gc,phases   ] GC(141) Concurrent Mark 55.792ms
[29.357s][info][gc,phases   ] GC(141) Pause Mark End 0.014ms
[29.357s][info][gc,phases   ] GC(141) Concurrent Mark Free 0.001ms
[29.360s][info][gc,phases   ] GC(141) Concurrent Process Non-Strong References 2.139ms
[29.360s][info][gc,phases   ] GC(141) Concurrent Reset Relocation Set 0.003ms
[29.364s][info][gc,phases   ] GC(141) Concurrent Select Relocation Set 3.818ms
[29.364s][info][gc,phases   ] GC(141) Pause Relocate Start 0.009ms
[29.367s][info][gc,phases   ] GC(141) Concurrent Relocate 3.363ms
[29.367s][info][gc,load     ] GC(141) Load: 0.00/0.00/0.00
[29.367s][info][gc,mmu      ] GC(141) MMU: 2ms/98.9%, 5ms/99.4%, 10ms/99.7%, 20ms/99.7%, 50ms/99.9%, 100ms/99.9%
[29.367s][info][gc,marking  ] GC(141) Mark: 2 stripe(s), 2 proactive flush(es), 1 terminate flush(es), 0 completion(s), 0 continuation(s) 
[29.367s][info][gc,marking  ] GC(141) Mark Stack Usage: 32M
[29.367s][info][gc,nmethod  ] GC(141) NMethods: 1353 registered, 53 unregistered
[29.367s][info][gc,metaspace] GC(141) Metaspace: 8M used, 8M committed, 1088M reserved
[29.367s][info][gc,ref      ] GC(141) Soft: 174 encountered, 0 discovered, 0 enqueued
[29.367s][info][gc,ref      ] GC(141) Weak: 570 encountered, 379 discovered, 0 enqueued
[29.367s][info][gc,ref      ] GC(141) Final: 0 encountered, 0 discovered, 0 enqueued
[29.367s][info][gc,ref      ] GC(141) Phantom: 21 encountered, 19 discovered, 0 enqueued
[29.367s][info][gc,reloc    ] GC(141) Small Pages: 261 / 522M, Empty: 478M, Relocated: 1M, In-Place: 0
[29.367s][info][gc,reloc    ] GC(141) Medium Pages: 2 / 64M, Empty: 0M, Relocated: 1M, In-Place: 0
[29.368s][info][gc,reloc    ] GC(141) Large Pages: 0 / 0M, Empty: 0M, Relocated: 0M, In-Place: 0
[29.368s][info][gc,reloc    ] GC(141) Forwarding Usage: 0M
[29.368s][info][gc,heap     ] GC(141) Min Capacity: 8M(1%)
[29.368s][info][gc,heap     ] GC(141) Max Capacity: 1024M(100%)
[29.368s][info][gc,heap     ] GC(141) Soft Max Capacity: 1024M(100%)
[29.368s][info][gc,heap     ] GC(141)                Mark Start          Mark End        Relocate Start      Relocate End           High               Low         
[29.368s][info][gc,heap     ] GC(141)  Capacity:     1024M (100%)       1024M (100%)       1024M (100%)       1024M (100%)       1024M (100%)       1024M (100%)   
[29.368s][info][gc,heap     ] GC(141)      Free:      438M (43%)         288M (28%)         748M (73%)         788M (77%)         792M (77%)         282M (28%)    
[29.368s][info][gc,heap     ] GC(141)      Used:      586M (57%)         736M (72%)         276M (27%)         236M (23%)         742M (72%)         232M (23%)    
[29.368s][info][gc,heap     ] GC(141)      Live:         -                21M (2%)           21M (2%)           21M (2%)             -                  -          
[29.368s][info][gc,heap     ] GC(141) Allocated:         -               150M (15%)         168M (16%)         175M (17%)            -                  -          
[29.368s][info][gc,heap     ] GC(141)   Garbage:         -               564M (55%)          86M (8%)           38M (4%)             -                  -          
[29.368s][info][gc,heap     ] GC(141) Reclaimed:         -                  -               478M (47%)         525M (51%)            -                  -          
[29.368s][info][gc          ] GC(141) Garbage Collection (Allocation Rate) 586M(57%)->236M(23%)
[29.489s][info][gc,start    ] GC(142) Garbage Collection (Allocation Rate)
[29.489s][info][gc,task     ] GC(142) Using 2 workers
[29.489s][info][gc,phases   ] GC(142) Pause Mark Start 0.016ms
[29.531s][info][gc,phases   ] GC(142) Concurrent Mark 41.592ms
[29.531s][info][gc,phases   ] GC(142) Pause Mark End 0.017ms
[29.531s][info][gc,phases   ] GC(142) Concurrent Mark Free 0.001ms
[29.534s][info][gc,phases   ] GC(142) Concurrent Process Non-Strong References 2.479ms
[29.534s][info][gc,phases   ] GC(142) Concurrent Reset Relocation Set 0.003ms
[29.539s][info][gc,phases   ] GC(142) Concurrent Select Relocation Set 5.697ms
[29.539s][info][gc,phases   ] GC(142) Pause Relocate Start 0.005ms
[29.543s][info][gc,phases   ] GC(142) Concurrent Relocate 3.733ms
[29.543s][info][gc,load     ] GC(142) Load: 0.00/0.00/0.00
[29.543s][info][gc,mmu      ] GC(142) MMU: 2ms/98.9%, 5ms/99.4%, 10ms/99.7%, 20ms/99.7%, 50ms/99.9%, 100ms/99.9%
[29.543s][info][gc,marking  ] GC(142) Mark: 2 stripe(s), 2 proactive flush(es), 1 terminate flush(es), 0 completion(s), 0 continuation(s) 
[29.543s][info][gc,marking  ] GC(142) Mark Stack Usage: 32M
[29.543s][info][gc,nmethod  ] GC(142) NMethods: 1353 registered, 53 unregistered
[29.543s][info][gc,metaspace] GC(142) Metaspace: 8M used, 8M committed, 1088M reserved
[29.543s][info][gc,ref      ] GC(142) Soft: 174 encountered, 0 discovered, 0 enqueued
[29.543s][info][gc,ref      ] GC(142) Weak: 570 encountered, 378 discovered, 0 enqueued
[29.543s][info][gc,ref      ] GC(142) Final: 0 encountered, 0 discovered, 0 enqueued
[29.544s][info][gc,ref      ] GC(142) Phantom: 21 encountered, 10 discovered, 0 enqueued
[29.544s][info][gc,reloc    ] GC(142) Small Pages: 254 / 508M, Empty: 466M, Relocated: 5M, In-Place: 0
[29.544s][info][gc,reloc    ] GC(142) Medium Pages: 1 / 32M, Empty: 0M, Relocated: 0M, In-Place: 0
[29.544s][info][gc,reloc    ] GC(142) Large Pages: 0 / 0M, Empty: 0M, Relocated: 0M, In-Place: 0
[29.544s][info][gc,reloc    ] GC(142) Forwarding Usage: 2M
[29.544s][info][gc,heap     ] GC(142) Min Capacity: 8M(1%)
[29.544s][info][gc,heap     ] GC(142) Max Capacity: 1024M(100%)
[29.544s][info][gc,heap     ] GC(142) Soft Max Capacity: 1024M(100%)
[29.544s][info][gc,heap     ] GC(142)                Mark Start          Mark End        Relocate Start      Relocate End           High               Low         
[29.544s][info][gc,heap     ] GC(142)  Capacity:     1024M (100%)       1024M (100%)       1024M (100%)       1024M (100%)       1024M (100%)       1024M (100%)   
[29.544s][info][gc,heap     ] GC(142)      Free:      484M (47%)         372M (36%)         816M (80%)         822M (80%)         826M (81%)         366M (36%)    
[29.544s][info][gc,heap     ] GC(142)      Used:      540M (53%)         652M (64%)         208M (20%)         202M (20%)         658M (64%)         198M (19%)    
[29.544s][info][gc,heap     ] GC(142)      Live:         -                22M (2%)           22M (2%)           22M (2%)             -                  -          
[29.544s][info][gc,heap     ] GC(142) Allocated:         -               112M (11%)         134M (13%)         141M (14%)            -                  -          
[29.544s][info][gc,heap     ] GC(142)   Garbage:         -               517M (51%)          51M (5%)           37M (4%)             -                  -          
[29.544s][info][gc,heap     ] GC(142) Reclaimed:         -                  -               466M (46%)         479M (47%)            -                  -          
[29.544s][info][gc          ] GC(142) Garbage Collection (Allocation Rate) 540M(53%)->202M(20%)
[29.704s][info][gc,start    ] GC(143) Garbage Collection (Allocation Rate)
[29.704s][info][gc,task     ] GC(143) Using 2 workers
[29.704s][info][gc,phases   ] GC(143) Pause Mark Start 0.015ms
[29.766s][info][gc,phases   ] GC(143) Concurrent Mark 62.154ms
[29.766s][info][gc,phases   ] GC(143) Pause Mark End 0.015ms
[29.766s][info][gc,phases   ] GC(143) Concurrent Mark Free 0.001ms
[29.769s][info][gc,phases   ] GC(143) Concurrent Process Non-Strong References 2.631ms
[29.769s][info][gc,phases   ] GC(143) Concurrent Reset Relocation Set 0.003ms
[29.773s][info][gc,phases   ] GC(143) Concurrent Select Relocation Set 4.025ms
[29.773s][info][gc,phases   ] GC(143) Pause Relocate Start 0.005ms
[29.777s][info][gc,phases   ] GC(143) Concurrent Relocate 3.970ms
[29.777s][info][gc,load     ] GC(143) Load: 0.00/0.00/0.00
[29.777s][info][gc,mmu      ] GC(143) MMU: 2ms/98.9%, 5ms/99.4%, 10ms/99.7%, 20ms/99.7%, 50ms/99.9%, 100ms/99.9%
[29.778s][info][gc,marking  ] GC(143) Mark: 2 stripe(s), 2 proactive flush(es), 1 terminate flush(es), 0 completion(s), 0 continuation(s) 
[29.778s][info][gc,marking  ] GC(143) Mark Stack Usage: 32M
[29.778s][info][gc,nmethod  ] GC(143) NMethods: 1353 registered, 53 unregistered
[29.778s][info][gc,metaspace] GC(143) Metaspace: 8M used, 8M committed, 1088M reserved
[29.778s][info][gc,ref      ] GC(143) Soft: 174 encountered, 0 discovered, 0 enqueued
[29.778s][info][gc,ref      ] GC(143) Weak: 570 encountered, 417 discovered, 0 enqueued
[29.778s][info][gc,ref      ] GC(143) Final: 0 encountered, 0 discovered, 0 enqueued
[29.778s][info][gc,ref      ] GC(143) Phantom: 21 encountered, 15 discovered, 0 enqueued
[29.778s][info][gc,reloc    ] GC(143) Small Pages: 268 / 536M, Empty: 502M, Relocated: 3M, In-Place: 0
[29.778s][info][gc,reloc    ] GC(143) Medium Pages: 2 / 64M, Empty: 0M, Relocated: 2M, In-Place: 0
[29.778s][info][gc,reloc    ] GC(143) Large Pages: 0 / 0M, Empty: 0M, Relocated: 0M, In-Place: 0
[29.778s][info][gc,reloc    ] GC(143) Forwarding Usage: 1M
[29.778s][info][gc,heap     ] GC(143) Min Capacity: 8M(1%)
[29.778s][info][gc,heap     ] GC(143) Max Capacity: 1024M(100%)
[29.778s][info][gc,heap     ] GC(143) Soft Max Capacity: 1024M(100%)
[29.778s][info][gc,heap     ] GC(143)                Mark Start          Mark End        Relocate Start      Relocate End           High               Low         
[29.778s][info][gc,heap     ] GC(143)  Capacity:     1024M (100%)       1024M (100%)       1024M (100%)       1024M (100%)       1024M (100%)       1024M (100%)   
[29.778s][info][gc,heap     ] GC(143)      Free:      424M (41%)         296M (29%)         778M (76%)         806M (79%)         810M (79%)         288M (28%)    
[29.778s][info][gc,heap     ] GC(143)      Used:      600M (59%)         728M (71%)         246M (24%)         218M (21%)         736M (72%)         214M (21%)    
[29.778s][info][gc,heap     ] GC(143)      Live:         -                24M (2%)           24M (2%)           24M (2%)             -                  -          
[29.778s][info][gc,heap     ] GC(143) Allocated:         -               128M (13%)         148M (14%)         157M (15%)            -                  -          
[29.778s][info][gc,heap     ] GC(143)   Garbage:         -               575M (56%)          73M (7%)           35M (3%)             -                  -          
[29.778s][info][gc,heap     ] GC(143) Reclaimed:         -                  -               502M (49%)         539M (53%)            -                  -          
[29.778s][info][gc          ] GC(143) Garbage Collection (Allocation Rate) 600M(59%)->218M(21%)
[29.891s][info][gc,start    ] GC(144) Garbage Collection (Allocation Rate)
[29.891s][info][gc,task     ] GC(144) Using 2 workers
[29.891s][info][gc,phases   ] GC(144) Pause Mark Start 0.016ms
[29.938s][info][gc,phases   ] GC(144) Concurrent Mark 46.470ms
[29.938s][info][gc,phases   ] GC(144) Pause Mark End 0.018ms
[29.938s][info][gc,phases   ] GC(144) Concurrent Mark Free 0.001ms
[29.941s][info][gc,phases   ] GC(144) Concurrent Process Non-Strong References 2.299ms
[29.941s][info][gc,phases   ] GC(144) Concurrent Reset Relocation Set 0.002ms
[29.947s][info][gc,phases   ] GC(144) Concurrent Select Relocation Set 6.055ms
[29.947s][info][gc,phases   ] GC(144) Pause Relocate Start 0.009ms
[29.951s][info][gc,phases   ] GC(144) Concurrent Relocate 4.241ms
[29.951s][info][gc,load     ] GC(144) Load: 0.00/0.00/0.00
[29.951s][info][gc,mmu      ] GC(144) MMU: 2ms/98.9%, 5ms/99.4%, 10ms/99.7%, 20ms/99.7%, 50ms/99.9%, 100ms/99.9%
[29.951s][info][gc,marking  ] GC(144) Mark: 2 stripe(s), 2 proactive flush(es), 1 terminate flush(es), 0 completion(s), 0 continuation(s) 
[29.951s][info][gc,marking  ] GC(144) Mark Stack Usage: 32M
[29.951s][info][gc,nmethod  ] GC(144) NMethods: 1353 registered, 53 unregistered
[29.951s][info][gc,metaspace] GC(144) Metaspace: 8M used, 8M committed, 1088M reserved
[29.951s][info][gc,ref      ] GC(144) Soft: 174 encountered, 0 discovered, 0 enqueued
[29.951s][info][gc,ref      ] GC(144) Weak: 570 encountered, 378 discovered, 0 enqueued
[29.951s][info][gc,ref      ] GC(144) Final: 0 encountered, 0 discovered, 0 enqueued
[29.951s][info][gc,ref      ] GC(144) Phantom: 21 encountered, 10 discovered, 0 enqueued
[29.952s][info][gc,reloc    ] GC(144) Small Pages: 230 / 460M, Empty: 404M, Relocated: 5M, In-Place: 0
[29.952s][info][gc,reloc    ] GC(144) Medium Pages: 2 / 64M, Empty: 0M, Relocated: 2M, In-Place: 0
[29.952s][info][gc,reloc    ] GC(144) Large Pages: 0 / 0M, Empty: 0M, Relocated: 0M, In-Place: 0
[29.952s][info][gc,reloc    ] GC(144) Forwarding Usage: 1M
[29.952s][info][gc,heap     ] GC(144) Min Capacity: 8M(1%)
[29.952s][info][gc,heap     ] GC(144) Max Capacity: 1024M(100%)
[29.952s][info][gc,heap     ] GC(144) Soft Max Capacity: 1024M(100%)
[29.952s][info][gc,heap     ] GC(144)                Mark Start          Mark End        Relocate Start      Relocate End           High               Low         
[29.952s][info][gc,heap     ] GC(144)  Capacity:     1024M (100%)       1024M (100%)       1024M (100%)       1024M (100%)       1024M (100%)       1024M (100%)   
[29.952s][info][gc,heap     ] GC(144)      Free:      500M (49%)         376M (37%)         756M (74%)         800M (78%)         806M (79%)         368M (36%)    
[29.952s][info][gc,heap     ] GC(144)      Used:      524M (51%)         648M (63%)         268M (26%)         224M (22%)         656M (64%)         218M (21%)    
[29.952s][info][gc,heap     ] GC(144)      Live:         -                25M (2%)           25M (2%)           25M (2%)             -                  -          
[29.952s][info][gc,heap     ] GC(144) Allocated:         -               124M (12%)         148M (14%)         159M (16%)            -                  -          
[29.952s][info][gc,heap     ] GC(144)   Garbage:         -               498M (49%)          94M (9%)           38M (4%)             -                  -          
[29.952s][info][gc,heap     ] GC(144) Reclaimed:         -                  -               404M (39%)         459M (45%)            -                  -          
[29.952s][info][gc          ] GC(144) Garbage Collection (Allocation Rate) 524M(51%)->224M(22%)
[30.094s][info][gc,start    ] GC(145) Garbage Collection (Allocation Rate)
[30.094s][info][gc,stats    ] === Garbage Collection Statistics =======================================================================================================================
[30.094s][info][gc,task     ] GC(145) Using 2 workers
[30.094s][info][gc,stats    ]                                                              Last 10s              Last 10m              Last 10h                Total
[30.094s][info][gc,stats    ]                                                              Avg / Max             Avg / Max             Avg / Max             Avg / Max
[30.094s][info][gc,stats    ]   Collector: Garbage Collection Cycle                     50.870 / 109.216      45.119 / 129.954      45.119 / 129.954      45.119 / 129.954     ms
[30.094s][info][gc,phases   ] GC(145) Pause Mark Start 0.013ms
[30.094s][info][gc,stats    ]  Contention: Mark Segment Reset Contention                     2 / 7                 3 / 17                3 / 17                3 / 17          ops/s
[30.094s][info][gc,stats    ]  Contention: Mark SeqNum Reset Contention                      0 / 5                 0 / 6                 0 / 6                 0 / 6           ops/s
[30.094s][info][gc,stats    ]    Critical: Allocation Stall                                  0 / 0                 0 / 0                 0 / 0                 0 / 0           ops/s
[30.094s][info][gc,stats    ]    Critical: Allocation Stall                              0.000 / 0.000         0.000 / 0.000         0.000 / 0.000         0.000 / 0.000       ms
[30.094s][info][gc,stats    ]    Critical: GC Locker Stall                                   0 / 0                 0 / 0                 0 / 0                 0 / 0           ops/s
[30.094s][info][gc,stats    ]    Critical: GC Locker Stall                               0.000 / 0.000         0.000 / 0.000         0.000 / 0.000         0.000 / 0.000       ms
[30.094s][info][gc,stats    ]    Critical: Relocation Stall                                  0 / 0                 0 / 0                 0 / 0                 0 / 0           ops/s
[30.094s][info][gc,stats    ]    Critical: Relocation Stall                              0.000 / 0.000         0.000 / 0.000         0.000 / 0.000         0.000 / 0.000       ms
[30.094s][info][gc,stats    ]      Memory: Allocation Rate                                2267 / 2562           2088 / 2562           2088 / 2562           2088 / 2562        MB/s
[30.094s][info][gc,stats    ]      Memory: Defragment                                        0 / 0                 0 / 0                 0 / 0                 0 / 0           ops/s
[30.094s][info][gc,stats    ]      Memory: Out Of Memory                                     0 / 0                 0 / 0                 0 / 0                 0 / 0           ops/s
[30.094s][info][gc,stats    ]      Memory: Page Cache Flush                                  0 / 0                 0 / 0                 0 / 0                 0 / 0           MB/s
[30.095s][info][gc,stats    ]      Memory: Page Cache Hit L1                              1111 / 1248           1018 / 1292           1018 / 1292           1018 / 1292        ops/s
[30.095s][info][gc,stats    ]      Memory: Page Cache Hit L2                                 0 / 0                 0 / 0                 0 / 0                 0 / 0           ops/s
[30.095s][info][gc,stats    ]      Memory: Page Cache Hit L3                                 0 / 0                14 / 212              14 / 212              14 / 212         ops/s
[30.095s][info][gc,stats    ]      Memory: Page Cache Miss                                   0 / 0                 0 / 1                 0 / 1                 0 / 1           ops/s
[30.095s][info][gc,stats    ]      Memory: Uncommit                                          0 / 0                 0 / 0                 0 / 0                 0 / 0           MB/s
[30.095s][info][gc,stats    ]      Memory: Undo Object Allocation Failed                     0 / 0                 0 / 1                 0 / 1                 0 / 1           ops/s
[30.095s][info][gc,stats    ]      Memory: Undo Object Allocation Succeeded                  1 / 3                 1 / 12                1 / 12                1 / 12          ops/s
[30.095s][info][gc,stats    ]      Memory: Undo Page Allocation                              0 / 0                 0 / 0                 0 / 0                 0 / 0           ops/s
[30.095s][info][gc,stats    ]       Phase: Concurrent Mark                              38.676 / 80.575       33.043 / 112.431      33.043 / 112.431      33.043 / 112.431     ms
[30.095s][info][gc,stats    ]       Phase: Concurrent Mark Continue                      0.000 / 0.000         0.000 / 0.000         0.000 / 0.000         0.000 / 0.000       ms
[30.095s][info][gc,stats    ]       Phase: Concurrent Mark Free                          0.001 / 0.002         0.001 / 0.002         0.001 / 0.002         0.001 / 0.002       ms
[30.095s][info][gc,stats    ]       Phase: Concurrent Process Non-Strong References      1.898 / 4.792         1.660 / 4.792         1.660 / 4.792         1.660 / 4.792       ms
[30.095s][info][gc,stats    ]       Phase: Concurrent Relocate                           4.385 / 15.043        4.063 / 15.043        4.063 / 15.043        4.063 / 15.043      ms
[30.095s][info][gc,stats    ]       Phase: Concurrent Reset Relocation Set               0.003 / 0.006         0.003 / 0.006         0.003 / 0.006         0.003 / 0.006       ms
[30.095s][info][gc,stats    ]       Phase: Concurrent Select Relocation Set              4.932 / 8.024         5.021 / 15.335        5.021 / 15.335        5.021 / 15.335      ms
[30.095s][info][gc,stats    ]       Phase: Pause Mark End                                0.015 / 0.020         0.016 / 0.021         0.016 / 0.021         0.016 / 0.021       ms
[30.095s][info][gc,stats    ]       Phase: Pause Mark Start                              0.015 / 0.018         0.015 / 0.019         0.015 / 0.019         0.015 / 0.019       ms
[30.095s][info][gc,stats    ]       Phase: Pause Relocate Start                          0.007 / 0.011         0.007 / 0.011         0.007 / 0.011         0.007 / 0.011       ms
[30.095s][info][gc,stats    ]    Subphase: Concurrent Classes Purge                      0.004 / 0.010         0.013 / 0.404         0.013 / 0.404         0.013 / 0.404       ms
[30.095s][info][gc,stats    ]    Subphase: Concurrent Classes Unlink                     1.473 / 3.866         1.262 / 3.866         1.262 / 3.866         1.262 / 3.866       ms
[30.095s][info][gc,stats    ]    Subphase: Concurrent Mark                              25.710 / 79.081       20.262 / 111.025      20.262 / 111.025      20.262 / 111.025     ms
[30.095s][info][gc,stats    ]    Subphase: Concurrent Mark Try Flush                     0.030 / 0.085         0.033 / 0.087         0.033 / 0.087         0.033 / 0.087       ms
[30.095s][info][gc,stats    ]    Subphase: Concurrent Mark Try Terminate                 2.858 / 16.478        3.210 / 16.675        3.210 / 16.675        3.210 / 16.675      ms
[30.095s][info][gc,stats    ]    Subphase: Concurrent References Enqueue                 0.000 / 0.001         0.000 / 0.004         0.000 / 0.004         0.000 / 0.004       ms
[30.095s][info][gc,stats    ]    Subphase: Concurrent References Process                 0.046 / 0.095         0.044 / 0.105         0.044 / 0.105         0.044 / 0.105       ms
[30.095s][info][gc,stats    ]    Subphase: Concurrent Roots ClassLoaderDataGraph         0.111 / 0.438         0.100 / 0.602         0.100 / 0.602         0.100 / 0.602       ms
[30.095s][info][gc,stats    ]    Subphase: Concurrent Roots CodeCache                    0.000 / 0.000         0.000 / 0.000         0.000 / 0.000         0.000 / 0.000       ms
[30.095s][info][gc,stats    ]    Subphase: Concurrent Roots JavaThreads                  0.387 / 1.120         0.301 / 1.310         0.301 / 1.310         0.301 / 1.310       ms
[30.096s][info][gc,stats    ]    Subphase: Concurrent Roots OopStorageSet                0.019 / 0.050         0.019 / 0.213         0.019 / 0.213         0.019 / 0.213       ms
[30.096s][info][gc,stats    ]    Subphase: Concurrent Weak Roots OopStorageSet           0.230 / 0.762         0.184 / 0.852         0.184 / 0.852         0.184 / 0.852       ms
[30.096s][info][gc,stats    ]    Subphase: Pause Mark Try Complete                       0.000 / 0.000         0.000 / 0.000         0.000 / 0.000         0.000 / 0.000       ms
[30.096s][info][gc,stats    ]      System: Java Threads                                     11 / 11               13 / 24               13 / 24               13 / 24          threads
[30.096s][info][gc,stats    ] =========================================================================================================================================================
[30.153s][info][gc,phases   ] GC(145) Concurrent Mark 58.936ms
[30.153s][info][gc,phases   ] GC(145) Pause Mark End 0.014ms
[30.153s][info][gc,phases   ] GC(145) Concurrent Mark Free 0.001ms
[30.155s][info][gc,phases   ] GC(145) Concurrent Process Non-Strong References 2.128ms
[30.155s][info][gc,phases   ] GC(145) Concurrent Reset Relocation Set 0.003ms
[30.159s][info][gc,phases   ] GC(145) Concurrent Select Relocation Set 3.916ms
[30.159s][info][gc,phases   ] GC(145) Pause Relocate Start 0.008ms
[30.164s][info][gc,phases   ] GC(145) Concurrent Relocate 4.784ms
[30.164s][info][gc,load     ] GC(145) Load: 0.00/0.00/0.00
[30.164s][info][gc,mmu      ] GC(145) MMU: 2ms/98.9%, 5ms/99.4%, 10ms/99.7%, 20ms/99.7%, 50ms/99.9%, 100ms/99.9%
[30.164s][info][gc,marking  ] GC(145) Mark: 2 stripe(s), 2 proactive flush(es), 1 terminate flush(es), 0 completion(s), 0 continuation(s) 
[30.164s][info][gc,marking  ] GC(145) Mark Stack Usage: 32M
[30.164s][info][gc,nmethod  ] GC(145) NMethods: 1353 registered, 53 unregistered
[30.165s][info][gc,metaspace] GC(145) Metaspace: 8M used, 8M committed, 1088M reserved
[30.165s][info][gc,ref      ] GC(145) Soft: 174 encountered, 0 discovered, 0 enqueued
[30.165s][info][gc,ref      ] GC(145) Weak: 570 encountered, 424 discovered, 0 enqueued
[30.165s][info][gc,ref      ] GC(145) Final: 0 encountered, 0 discovered, 0 enqueued
[30.165s][info][gc,ref      ] GC(145) Phantom: 21 encountered, 17 discovered, 0 enqueued
[30.165s][info][gc,reloc    ] GC(145) Small Pages: 276 / 552M, Empty: 502M, Relocated: 3M, In-Place: 0
[30.165s][info][gc,reloc    ] GC(145) Medium Pages: 2 / 64M, Empty: 0M, Relocated: 2M, In-Place: 0
[30.165s][info][gc,reloc    ] GC(145) Large Pages: 0 / 0M, Empty: 0M, Relocated: 0M, In-Place: 0
[30.165s][info][gc,reloc    ] GC(145) Forwarding Usage: 1M
[30.165s][info][gc,heap     ] GC(145) Min Capacity: 8M(1%)
[30.165s][info][gc,heap     ] GC(145) Max Capacity: 1024M(100%)
[30.165s][info][gc,heap     ] GC(145) Soft Max Capacity: 1024M(100%)
[30.165s][info][gc,heap     ] GC(145)                Mark Start          Mark End        Relocate Start      Relocate End           High               Low         
[30.165s][info][gc,heap     ] GC(145)  Capacity:     1024M (100%)       1024M (100%)       1024M (100%)       1024M (100%)       1024M (100%)       1024M (100%)   
[30.165s][info][gc,heap     ] GC(145)      Free:      408M (40%)         250M (24%)         734M (72%)         772M (75%)         776M (76%)         242M (24%)    
[30.165s][info][gc,heap     ] GC(145)      Used:      616M (60%)         774M (76%)         290M (28%)         252M (25%)         782M (76%)         248M (24%)    
[30.165s][info][gc,heap     ] GC(145)      Live:         -                26M (3%)           26M (3%)           26M (3%)             -                  -          
[30.165s][info][gc,heap     ] GC(145) Allocated:         -               158M (15%)         176M (17%)         187M (18%)            -                  -          
[30.165s][info][gc,heap     ] GC(145)   Garbage:         -               589M (58%)          87M (9%)           37M (4%)             -                  -          
[30.165s][info][gc,heap     ] GC(145) Reclaimed:         -                  -               502M (49%)         551M (54%)            -                  -          
[30.165s][info][gc          ] GC(145) Garbage Collection (Allocation Rate) 616M(60%)->252M(25%)
[30.290s][info][gc,start    ] GC(146) Garbage Collection (Allocation Rate)
[30.290s][info][gc,task     ] GC(146) Using 2 workers
[30.290s][info][gc,phases   ] GC(146) Pause Mark Start 0.014ms
[30.353s][info][gc,phases   ] GC(146) Concurrent Mark 62.101ms
[30.353s][info][gc,phases   ] GC(146) Pause Mark End 0.014ms
[30.353s][info][gc,phases   ] GC(146) Concurrent Mark Free 0.001ms
[30.355s][info][gc,phases   ] GC(146) Concurrent Process Non-Strong References 1.995ms
[30.355s][info][gc,phases   ] GC(146) Concurrent Reset Relocation Set 0.003ms
[30.359s][info][gc,phases   ] GC(146) Concurrent Select Relocation Set 3.739ms
[30.359s][info][gc,phases   ] GC(146) Pause Relocate Start 0.007ms
[30.362s][info][gc,phases   ] GC(146) Concurrent Relocate 2.958ms
[30.362s][info][gc,load     ] GC(146) Load: 0.00/0.00/0.00
[30.362s][info][gc,mmu      ] GC(146) MMU: 2ms/98.9%, 5ms/99.4%, 10ms/99.7%, 20ms/99.7%, 50ms/99.9%, 100ms/99.9%
[30.362s][info][gc,marking  ] GC(146) Mark: 2 stripe(s), 2 proactive flush(es), 1 terminate flush(es), 0 completion(s), 0 continuation(s) 
[30.362s][info][gc,marking  ] GC(146) Mark Stack Usage: 32M
[30.362s][info][gc,nmethod  ] GC(146) NMethods: 1353 registered, 53 unregistered
[30.362s][info][gc,metaspace] GC(146) Metaspace: 8M used, 8M committed, 1088M reserved
[30.362s][info][gc,ref      ] GC(146) Soft: 174 encountered, 0 discovered, 0 enqueued
[30.362s][info][gc,ref      ] GC(146) Weak: 570 encountered, 377 discovered, 0 enqueued
[30.362s][info][gc,ref      ] GC(146) Final: 0 encountered, 0 discovered, 0 enqueued
[30.362s][info][gc,ref      ] GC(146) Phantom: 21 encountered, 19 discovered, 0 enqueued
[30.362s][info][gc,reloc    ] GC(146) Small Pages: 246 / 492M, Empty: 440M, Relocated: 2M, In-Place: 0
[30.362s][info][gc,reloc    ] GC(146) Medium Pages: 1 / 32M, Empty: 0M, Relocated: 0M, In-Place: 0
[30.362s][info][gc,reloc    ] GC(146) Large Pages: 0 / 0M, Empty: 0M, Relocated: 0M, In-Place: 0
[30.362s][info][gc,reloc    ] GC(146) Forwarding Usage: 1M
[30.362s][info][gc,heap     ] GC(146) Min Capacity: 8M(1%)
[30.362s][info][gc,heap     ] GC(146) Max Capacity: 1024M(100%)
[30.362s][info][gc,heap     ] GC(146) Soft Max Capacity: 1024M(100%)
[30.362s][info][gc,heap     ] GC(146)                Mark Start          Mark End        Relocate Start      Relocate End           High               Low         
[30.362s][info][gc,heap     ] GC(146)  Capacity:     1024M (100%)       1024M (100%)       1024M (100%)       1024M (100%)       1024M (100%)       1024M (100%)   
[30.362s][info][gc,heap     ] GC(146)      Free:      500M (49%)         374M (37%)         798M (78%)         808M (79%)         810M (79%)         368M (36%)    
[30.362s][info][gc,heap     ] GC(146)      Used:      524M (51%)         650M (63%)         226M (22%)         216M (21%)         656M (64%)         214M (21%)    
[30.363s][info][gc,heap     ] GC(146)      Live:         -                28M (3%)           28M (3%)           28M (3%)             -                  -          
[30.363s][info][gc,heap     ] GC(146) Allocated:         -               126M (12%)         142M (14%)         149M (15%)            -                  -          
[30.363s][info][gc,heap     ] GC(146)   Garbage:         -               495M (48%)          55M (5%)           37M (4%)             -                  -          
[30.363s][info][gc,heap     ] GC(146) Reclaimed:         -                  -               440M (43%)         457M (45%)            -                  -          
[30.363s][info][gc          ] GC(146) Garbage Collection (Allocation Rate) 524M(51%)->216M(21%)
[30.603s][info][gc,start    ] GC(147) Garbage Collection (Allocation Rate)
[30.603s][info][gc,task     ] GC(147) Using 2 workers
[30.603s][info][gc,phases   ] GC(147) Pause Mark Start 0.015ms
[30.681s][info][gc,phases   ] GC(147) Concurrent Mark 77.705ms
[30.681s][info][gc,phases   ] GC(147) Pause Mark End 0.015ms
[30.681s][info][gc,phases   ] GC(147) Concurrent Mark Free 0.001ms
[30.683s][info][gc,phases   ] GC(147) Concurrent Process Non-Strong References 2.484ms
[30.683s][info][gc,phases   ] GC(147) Concurrent Reset Relocation Set 0.002ms
[30.690s][info][gc,phases   ] GC(147) Concurrent Select Relocation Set 6.182ms
[30.690s][info][gc,phases   ] GC(147) Pause Relocate Start 0.005ms
[30.696s][info][gc,phases   ] GC(147) Concurrent Relocate 6.596ms
[30.697s][info][gc,load     ] GC(147) Load: 0.00/0.00/0.00
[30.697s][info][gc,mmu      ] GC(147) MMU: 2ms/98.9%, 5ms/99.4%, 10ms/99.7%, 20ms/99.7%, 50ms/99.9%, 100ms/99.9%
[30.697s][info][gc,marking  ] GC(147) Mark: 2 stripe(s), 2 proactive flush(es), 1 terminate flush(es), 0 completion(s), 0 continuation(s) 
[30.697s][info][gc,marking  ] GC(147) Mark Stack Usage: 32M
[30.697s][info][gc,nmethod  ] GC(147) NMethods: 1353 registered, 53 unregistered
[30.697s][info][gc,metaspace] GC(147) Metaspace: 8M used, 8M committed, 1088M reserved
[30.697s][info][gc,ref      ] GC(147) Soft: 174 encountered, 0 discovered, 0 enqueued
[30.697s][info][gc,ref      ] GC(147) Weak: 570 encountered, 418 discovered, 0 enqueued
[30.697s][info][gc,ref      ] GC(147) Final: 0 encountered, 0 discovered, 0 enqueued
[30.697s][info][gc,ref      ] GC(147) Phantom: 21 encountered, 10 discovered, 0 enqueued
[30.697s][info][gc,reloc    ] GC(147) Small Pages: 198 / 396M, Empty: 338M, Relocated: 5M, In-Place: 0
[30.697s][info][gc,reloc    ] GC(147) Medium Pages: 2 / 64M, Empty: 0M, Relocated: 5M, In-Place: 0
[30.697s][info][gc,reloc    ] GC(147) Large Pages: 0 / 0M, Empty: 0M, Relocated: 0M, In-Place: 0
[30.697s][info][gc,reloc    ] GC(147) Forwarding Usage: 1M
[30.697s][info][gc,heap     ] GC(147) Min Capacity: 8M(1%)
[30.697s][info][gc,heap     ] GC(147) Max Capacity: 1024M(100%)
[30.697s][info][gc,heap     ] GC(147) Soft Max Capacity: 1024M(100%)
[30.697s][info][gc,heap     ] GC(147)                Mark Start          Mark End        Relocate Start      Relocate End           High               Low         
[30.697s][info][gc,heap     ] GC(147)  Capacity:     1024M (100%)       1024M (100%)       1024M (100%)       1024M (100%)       1024M (100%)       1024M (100%)   
[30.697s][info][gc,heap     ] GC(147)      Free:      564M (55%)         522M (51%)         860M (84%)         900M (88%)         900M (88%)         522M (51%)    
[30.697s][info][gc,heap     ] GC(147)      Used:      460M (45%)         502M (49%)         164M (16%)         124M (12%)         502M (49%)         124M (12%)    
[30.697s][info][gc,heap     ] GC(147)      Live:         -                45M (4%)           45M (4%)           45M (4%)             -                  -          
[30.697s][info][gc,heap     ] GC(147) Allocated:         -                42M (4%)           42M (4%)           41M (4%)             -                  -          
[30.697s][info][gc,heap     ] GC(147)   Garbage:         -               414M (40%)          76M (7%)           36M (4%)             -                  -          
[30.697s][info][gc,heap     ] GC(147) Reclaimed:         -                  -               338M (33%)         377M (37%)            -                  -          
[30.697s][info][gc          ] GC(147) Garbage Collection (Allocation Rate) 460M(45%)->124M(12%)
[30.888s][info][gc,start    ] GC(148) Garbage Collection (System.gc())
[30.888s][info][gc,task     ] GC(148) Using 10 workers
[30.888s][info][gc,phases   ] GC(148) Pause Mark Start 0.015ms
[30.896s][info][gc,phases   ] GC(148) Concurrent Mark 7.885ms
[30.896s][info][gc,phases   ] GC(148) Pause Mark End 0.016ms
[30.896s][info][gc,phases   ] GC(148) Concurrent Mark Free 0.001ms
[30.897s][info][gc,phases   ] GC(148) Concurrent Process Non-Strong References 0.727ms
[30.897s][info][gc,phases   ] GC(148) Concurrent Reset Relocation Set 0.002ms
[30.901s][info][gc,phases   ] GC(148) Concurrent Select Relocation Set 3.793ms
[30.901s][info][gc,phases   ] GC(148) Pause Relocate Start 0.005ms
[30.902s][info][gc,phases   ] GC(148) Concurrent Relocate 1.084ms
[30.902s][info][gc,load     ] GC(148) Load: 0.00/0.00/0.00
[30.902s][info][gc,mmu      ] GC(148) MMU: 2ms/98.9%, 5ms/99.4%, 10ms/99.7%, 20ms/99.7%, 50ms/99.9%, 100ms/99.9%
[30.902s][info][gc,marking  ] GC(148) Mark: 8 stripe(s), 2 proactive flush(es), 1 terminate flush(es), 0 completion(s), 0 continuation(s) 
[30.902s][info][gc,marking  ] GC(148) Mark Stack Usage: 32M
[30.902s][info][gc,nmethod  ] GC(148) NMethods: 1357 registered, 53 unregistered
[30.902s][info][gc,metaspace] GC(148) Metaspace: 8M used, 8M committed, 1088M reserved
[30.902s][info][gc,ref      ] GC(148) Soft: 174 encountered, 0 discovered, 0 enqueued
[30.902s][info][gc,ref      ] GC(148) Weak: 570 encountered, 198 discovered, 0 enqueued
[30.902s][info][gc,ref      ] GC(148) Final: 0 encountered, 0 discovered, 0 enqueued
[30.902s][info][gc,ref      ] GC(148) Phantom: 21 encountered, 21 discovered, 0 enqueued
[30.902s][info][gc,reloc    ] GC(148) Small Pages: 56 / 112M, Empty: 98M, Relocated: 1M, In-Place: 0
[30.902s][info][gc,reloc    ] GC(148) Medium Pages: 2 / 64M, Empty: 64M, Relocated: 0M, In-Place: 0
[30.902s][info][gc,reloc    ] GC(148) Large Pages: 0 / 0M, Empty: 0M, Relocated: 0M, In-Place: 0
[30.902s][info][gc,reloc    ] GC(148) Forwarding Usage: 0M
[30.902s][info][gc,heap     ] GC(148) Min Capacity: 8M(1%)
[30.902s][info][gc,heap     ] GC(148) Max Capacity: 1024M(100%)
[30.903s][info][gc,heap     ] GC(148) Soft Max Capacity: 1024M(100%)
[30.903s][info][gc,heap     ] GC(148)                Mark Start          Mark End        Relocate Start      Relocate End           High               Low         
[30.903s][info][gc,heap     ] GC(148)  Capacity:     1024M (100%)       1024M (100%)       1024M (100%)       1024M (100%)       1024M (100%)       1024M (100%)   
[30.903s][info][gc,heap     ] GC(148)      Free:      848M (83%)         848M (83%)        1010M (99%)        1010M (99%)        1010M (99%)         848M (83%)    
[30.903s][info][gc,heap     ] GC(148)      Used:      176M (17%)         176M (17%)          14M (1%)           14M (1%)          176M (17%)          14M (1%)     
[30.903s][info][gc,heap     ] GC(148)      Live:         -                 4M (0%)            4M (0%)            4M (0%)             -                  -          
[30.903s][info][gc,heap     ] GC(148) Allocated:         -                 0M (0%)            0M (0%)            0M (0%)             -                  -          
[30.903s][info][gc,heap     ] GC(148)   Garbage:         -               171M (17%)           9M (1%)            9M (1%)             -                  -          
[30.903s][info][gc,heap     ] GC(148) Reclaimed:         -                  -               162M (16%)         162M (16%)            -                  -          
[30.903s][info][gc          ] GC(148) Garbage Collection (System.gc()) 176M(17%)->14M(1%)
[31.089s][info][gc,start    ] GC(149) Garbage Collection (Allocation Rate)
[31.089s][info][gc,task     ] GC(149) Using 10 workers
[31.089s][info][gc,phases   ] GC(149) Pause Mark Start 0.014ms
[31.105s][info][gc,phases   ] GC(149) Concurrent Mark 15.364ms
[31.105s][info][gc,phases   ] GC(149) Pause Mark End 0.015ms
[31.105s][info][gc,phases   ] GC(149) Concurrent Mark Free 0.001ms
[31.106s][info][gc,phases   ] GC(149) Concurrent Process Non-Strong References 0.716ms
[31.106s][info][gc,phases   ] GC(149) Concurrent Reset Relocation Set 0.001ms
[31.109s][info][gc,phases   ] GC(149) Concurrent Select Relocation Set 3.889ms
[31.110s][info][gc,phases   ] GC(149) Pause Relocate Start 0.005ms
[31.111s][info][gc,phases   ] GC(149) Concurrent Relocate 0.908ms
[31.111s][info][gc,load     ] GC(149) Load: 0.00/0.00/0.00
[31.111s][info][gc,mmu      ] GC(149) MMU: 2ms/98.9%, 5ms/99.4%, 10ms/99.7%, 20ms/99.7%, 50ms/99.9%, 100ms/99.9%
[31.111s][info][gc,marking  ] GC(149) Mark: 8 stripe(s), 3 proactive flush(es), 1 terminate flush(es), 0 completion(s), 0 continuation(s) 
[31.111s][info][gc,marking  ] GC(149) Mark Stack Usage: 32M
[31.111s][info][gc,nmethod  ] GC(149) NMethods: 1363 registered, 54 unregistered
[31.111s][info][gc,metaspace] GC(149) Metaspace: 8M used, 8M committed, 1088M reserved
[31.111s][info][gc,ref      ] GC(149) Soft: 174 encountered, 0 discovered, 0 enqueued
[31.111s][info][gc,ref      ] GC(149) Weak: 570 encountered, 3 discovered, 0 enqueued
[31.111s][info][gc,ref      ] GC(149) Final: 0 encountered, 0 discovered, 0 enqueued
[31.111s][info][gc,ref      ] GC(149) Phantom: 21 encountered, 19 discovered, 0 enqueued
[31.111s][info][gc,reloc    ] GC(149) Small Pages: 248 / 496M, Empty: 462M, Relocated: 1M, In-Place: 0
[31.111s][info][gc,reloc    ] GC(149) Medium Pages: 0 / 0M, Empty: 0M, Relocated: 0M, In-Place: 0
[31.111s][info][gc,reloc    ] GC(149) Large Pages: 0 / 0M, Empty: 0M, Relocated: 0M, In-Place: 0
[31.111s][info][gc,reloc    ] GC(149) Forwarding Usage: 0M
[31.111s][info][gc,heap     ] GC(149) Min Capacity: 8M(1%)
[31.111s][info][gc,heap     ] GC(149) Max Capacity: 1024M(100%)
[31.111s][info][gc,heap     ] GC(149) Soft Max Capacity: 1024M(100%)
[31.111s][info][gc,heap     ] GC(149)                Mark Start          Mark End        Relocate Start      Relocate End           High               Low         
[31.111s][info][gc,heap     ] GC(149)  Capacity:     1024M (100%)       1024M (100%)       1024M (100%)       1024M (100%)       1024M (100%)       1024M (100%)   
[31.111s][info][gc,heap     ] GC(149)      Free:      528M (52%)         488M (48%)         938M (92%)         944M (92%)         944M (92%)         488M (48%)    
[31.111s][info][gc,heap     ] GC(149)      Used:      496M (48%)         536M (52%)          86M (8%)           80M (8%)          536M (52%)          80M (8%)     
[31.111s][info][gc,heap     ] GC(149)      Live:         -                 5M (1%)            5M (1%)            5M (1%)             -                  -          
[31.111s][info][gc,heap     ] GC(149) Allocated:         -                40M (4%)           52M (5%)           53M (5%)             -                  -          
[31.111s][info][gc,heap     ] GC(149)   Garbage:         -               490M (48%)          28M (3%)           20M (2%)             -                  -          
[31.111s][info][gc,heap     ] GC(149) Reclaimed:         -                  -               462M (45%)         469M (46%)            -                  -          
[31.111s][info][gc          ] GC(149) Garbage Collection (Allocation Rate) 496M(48%)->80M(8%)
[31.289s][info][gc,start    ] GC(150) Garbage Collection (Allocation Rate)
[31.289s][info][gc,task     ] GC(150) Using 10 workers
[31.289s][info][gc,phases   ] GC(150) Pause Mark Start 0.016ms
[31.296s][info][gc,phases   ] GC(150) Concurrent Mark 6.652ms
[31.296s][info][gc,phases   ] GC(150) Pause Mark End 0.014ms
[31.296s][info][gc,phases   ] GC(150) Concurrent Mark Free 0.001ms
[31.297s][info][gc,phases   ] GC(150) Concurrent Process Non-Strong References 0.652ms
[31.297s][info][gc,phases   ] GC(150) Concurrent Reset Relocation Set 0.003ms
[31.302s][info][gc,phases   ] GC(150) Concurrent Select Relocation Set 4.514ms
[31.302s][info][gc,phases   ] GC(150) Pause Relocate Start 0.005ms
[31.303s][info][gc,phases   ] GC(150) Concurrent Relocate 1.191ms
[31.303s][info][gc,load     ] GC(150) Load: 0.00/0.00/0.00
[31.303s][info][gc,mmu      ] GC(150) MMU: 2ms/98.9%, 5ms/99.4%, 10ms/99.7%, 20ms/99.7%, 50ms/99.9%, 100ms/99.9%
[31.303s][info][gc,marking  ] GC(150) Mark: 8 stripe(s), 2 proactive flush(es), 1 terminate flush(es), 0 completion(s), 0 continuation(s) 
[31.303s][info][gc,marking  ] GC(150) Mark Stack Usage: 32M
[31.303s][info][gc,nmethod  ] GC(150) NMethods: 1363 registered, 54 unregistered
[31.303s][info][gc,metaspace] GC(150) Metaspace: 8M used, 8M committed, 1088M reserved
[31.303s][info][gc,ref      ] GC(150) Soft: 174 encountered, 0 discovered, 0 enqueued
[31.303s][info][gc,ref      ] GC(150) Weak: 570 encountered, 8 discovered, 0 enqueued
[31.303s][info][gc,ref      ] GC(150) Final: 0 encountered, 0 discovered, 0 enqueued
[31.303s][info][gc,ref      ] GC(150) Phantom: 21 encountered, 19 discovered, 0 enqueued
[31.303s][info][gc,reloc    ] GC(150) Small Pages: 269 / 538M, Empty: 500M, Relocated: 2M, In-Place: 0
[31.303s][info][gc,reloc    ] GC(150) Medium Pages: 1 / 32M, Empty: 0M, Relocated: 0M, In-Place: 0
[31.303s][info][gc,reloc    ] GC(150) Large Pages: 0 / 0M, Empty: 0M, Relocated: 0M, In-Place: 0
[31.303s][info][gc,reloc    ] GC(150) Forwarding Usage: 0M
[31.303s][info][gc,heap     ] GC(150) Min Capacity: 8M(1%)
[31.303s][info][gc,heap     ] GC(150) Max Capacity: 1024M(100%)
[31.303s][info][gc,heap     ] GC(150) Soft Max Capacity: 1024M(100%)
[31.303s][info][gc,heap     ] GC(150)                Mark Start          Mark End        Relocate Start      Relocate End           High               Low         
[31.304s][info][gc,heap     ] GC(150)  Capacity:     1024M (100%)       1024M (100%)       1024M (100%)       1024M (100%)       1024M (100%)       1024M (100%)   
[31.304s][info][gc,heap     ] GC(150)      Free:      454M (44%)         438M (43%)         924M (90%)         932M (91%)         932M (91%)         436M (43%)    
[31.304s][info][gc,heap     ] GC(150)      Used:      570M (56%)         586M (57%)         100M (10%)          92M (9%)          588M (57%)          92M (9%)     
[31.304s][info][gc,heap     ] GC(150)      Live:         -                 7M (1%)            7M (1%)            7M (1%)             -                  -          
[31.304s][info][gc,heap     ] GC(150) Allocated:         -                16M (2%)           30M (3%)           33M (3%)             -                  -          
[31.304s][info][gc,heap     ] GC(150)   Garbage:         -               562M (55%)          62M (6%)           50M (5%)             -                  -          
[31.304s][info][gc,heap     ] GC(150) Reclaimed:         -                  -               500M (49%)         511M (50%)            -                  -          
[31.304s][info][gc          ] GC(150) Garbage Collection (Allocation Rate) 570M(56%)->92M(9%)
[31.500s][info][gc,start    ] GC(151) Garbage Collection (Allocation Rate)
[31.500s][info][gc,task     ] GC(151) Using 3 workers
[31.500s][info][gc,phases   ] GC(151) Pause Mark Start 0.017ms
[31.518s][info][gc,phases   ] GC(151) Concurrent Mark 17.583ms
[31.518s][info][gc,phases   ] GC(151) Pause Mark End 0.015ms
[31.518s][info][gc,phases   ] GC(151) Concurrent Mark Free 0.001ms
[31.520s][info][gc,phases   ] GC(151) Concurrent Process Non-Strong References 1.708ms
[31.520s][info][gc,phases   ] GC(151) Concurrent Reset Relocation Set 0.003ms
[31.525s][info][gc,phases   ] GC(151) Concurrent Select Relocation Set 5.270ms
[31.525s][info][gc,phases   ] GC(151) Pause Relocate Start 0.007ms
[31.531s][info][gc,phases   ] GC(151) Concurrent Relocate 5.303ms
[31.531s][info][gc,load     ] GC(151) Load: 0.00/0.00/0.00
[31.531s][info][gc,mmu      ] GC(151) MMU: 2ms/98.9%, 5ms/99.4%, 10ms/99.7%, 20ms/99.7%, 50ms/99.9%, 100ms/99.9%
[31.531s][info][gc,marking  ] GC(151) Mark: 2 stripe(s), 2 proactive flush(es), 1 terminate flush(es), 0 completion(s), 0 continuation(s) 
[31.531s][info][gc,marking  ] GC(151) Mark Stack Usage: 32M
[31.531s][info][gc,nmethod  ] GC(151) NMethods: 1363 registered, 54 unregistered
[31.531s][info][gc,metaspace] GC(151) Metaspace: 8M used, 8M committed, 1088M reserved
[31.531s][info][gc,ref      ] GC(151) Soft: 174 encountered, 0 discovered, 0 enqueued
[31.531s][info][gc,ref      ] GC(151) Weak: 570 encountered, 3 discovered, 0 enqueued
[31.531s][info][gc,ref      ] GC(151) Final: 0 encountered, 0 discovered, 0 enqueued
[31.531s][info][gc,ref      ] GC(151) Phantom: 21 encountered, 19 discovered, 0 enqueued
[31.531s][info][gc,reloc    ] GC(151) Small Pages: 283 / 566M, Empty: 526M, Relocated: 5M, In-Place: 0
[31.531s][info][gc,reloc    ] GC(151) Medium Pages: 1 / 32M, Empty: 0M, Relocated: 0M, In-Place: 0
[31.531s][info][gc,reloc    ] GC(151) Large Pages: 0 / 0M, Empty: 0M, Relocated: 0M, In-Place: 0
[31.531s][info][gc,reloc    ] GC(151) Forwarding Usage: 1M
[31.531s][info][gc,heap     ] GC(151) Min Capacity: 8M(1%)
[31.531s][info][gc,heap     ] GC(151) Max Capacity: 1024M(100%)
[31.531s][info][gc,heap     ] GC(151) Soft Max Capacity: 1024M(100%)
[31.531s][info][gc,heap     ] GC(151)                Mark Start          Mark End        Relocate Start      Relocate End           High               Low         
[31.531s][info][gc,heap     ] GC(151)  Capacity:     1024M (100%)       1024M (100%)       1024M (100%)       1024M (100%)       1024M (100%)       1024M (100%)   
[31.531s][info][gc,heap     ] GC(151)      Free:      426M (42%)         380M (37%)         886M (87%)         900M (88%)         904M (88%)         374M (37%)    
[31.531s][info][gc,heap     ] GC(151)      Used:      598M (58%)         644M (63%)         138M (13%)         124M (12%)         650M (63%)         120M (12%)    
[31.532s][info][gc,heap     ] GC(151)      Live:         -                 8M (1%)            8M (1%)            8M (1%)             -                  -          
[31.532s][info][gc,heap     ] GC(151) Allocated:         -                46M (4%)           66M (6%)           79M (8%)             -                  -          
[31.532s][info][gc,heap     ] GC(151)   Garbage:         -               589M (58%)          63M (6%)           35M (3%)             -                  -          
[31.532s][info][gc,heap     ] GC(151) Reclaimed:         -                  -               526M (51%)         553M (54%)            -                  -          
[31.532s][info][gc          ] GC(151) Garbage Collection (Allocation Rate) 598M(58%)->124M(12%)
[31.691s][info][gc,start    ] GC(152) Garbage Collection (Allocation Rate)
[31.691s][info][gc,task     ] GC(152) Using 2 workers
[31.691s][info][gc,phases   ] GC(152) Pause Mark Start 0.015ms
[31.722s][info][gc,phases   ] GC(152) Concurrent Mark 30.924ms
[31.722s][info][gc,phases   ] GC(152) Pause Mark End 0.013ms
[31.722s][info][gc,phases   ] GC(152) Concurrent Mark Free 0.001ms
[31.725s][info][gc,phases   ] GC(152) Concurrent Process Non-Strong References 2.612ms
[31.725s][info][gc,phases   ] GC(152) Concurrent Reset Relocation Set 0.005ms
[31.729s][info][gc,phases   ] GC(152) Concurrent Select Relocation Set 3.891ms
[31.729s][info][gc,phases   ] GC(152) Pause Relocate Start 0.003ms
[31.733s][info][gc,phases   ] GC(152) Concurrent Relocate 4.100ms
[31.733s][info][gc,load     ] GC(152) Load: 0.00/0.00/0.00
[31.733s][info][gc,mmu      ] GC(152) MMU: 2ms/98.9%, 5ms/99.4%, 10ms/99.7%, 20ms/99.7%, 50ms/99.9%, 100ms/99.9%
[31.733s][info][gc,marking  ] GC(152) Mark: 2 stripe(s), 2 proactive flush(es), 1 terminate flush(es), 0 completion(s), 0 continuation(s) 
[31.733s][info][gc,marking  ] GC(152) Mark Stack Usage: 32M
[31.733s][info][gc,nmethod  ] GC(152) NMethods: 1363 registered, 54 unregistered
[31.734s][info][gc,metaspace] GC(152) Metaspace: 8M used, 8M committed, 1088M reserved
[31.734s][info][gc,ref      ] GC(152) Soft: 174 encountered, 0 discovered, 0 enqueued
[31.734s][info][gc,ref      ] GC(152) Weak: 570 encountered, 427 discovered, 0 enqueued
[31.734s][info][gc,ref      ] GC(152) Final: 0 encountered, 0 discovered, 0 enqueued
[31.734s][info][gc,ref      ] GC(152) Phantom: 21 encountered, 16 discovered, 0 enqueued
[31.734s][info][gc,reloc    ] GC(152) Small Pages: 228 / 456M, Empty: 422M, Relocated: 3M, In-Place: 0
[31.734s][info][gc,reloc    ] GC(152) Medium Pages: 2 / 64M, Empty: 32M, Relocated: 0M, In-Place: 0
[31.734s][info][gc,reloc    ] GC(152) Large Pages: 0 / 0M, Empty: 0M, Relocated: 0M, In-Place: 0
[31.734s][info][gc,reloc    ] GC(152) Forwarding Usage: 1M
[31.734s][info][gc,heap     ] GC(152) Min Capacity: 8M(1%)
[31.734s][info][gc,heap     ] GC(152) Max Capacity: 1024M(100%)
[31.734s][info][gc,heap     ] GC(152) Soft Max Capacity: 1024M(100%)
[31.734s][info][gc,heap     ] GC(152)                Mark Start          Mark End        Relocate Start      Relocate End           High               Low         
[31.734s][info][gc,heap     ] GC(152)  Capacity:     1024M (100%)       1024M (100%)       1024M (100%)       1024M (100%)       1024M (100%)       1024M (100%)   
[31.734s][info][gc,heap     ] GC(152)      Free:      504M (49%)         424M (41%)         860M (84%)         870M (85%)         874M (85%)         416M (41%)    
[31.734s][info][gc,heap     ] GC(152)      Used:      520M (51%)         600M (59%)         164M (16%)         154M (15%)         608M (59%)         150M (15%)    
[31.734s][info][gc,heap     ] GC(152)      Live:         -                10M (1%)           10M (1%)           10M (1%)             -                  -          
[31.734s][info][gc,heap     ] GC(152) Allocated:         -                80M (8%)           98M (10%)         107M (11%)            -                  -          
[31.734s][info][gc,heap     ] GC(152)   Garbage:         -               509M (50%)          55M (5%)           35M (4%)             -                  -          
[31.734s][info][gc,heap     ] GC(152) Reclaimed:         -                  -               454M (44%)         473M (46%)            -                  -          
[31.734s][info][gc          ] GC(152) Garbage Collection (Allocation Rate) 520M(51%)->154M(15%)
[31.790s][info][gc,start    ] GC(153) Garbage Collection (Allocation Rate)
[31.790s][info][gc,task     ] GC(153) Using 5 workers
[31.790s][info][gc,phases   ] GC(153) Pause Mark Start 0.010ms
[31.806s][info][gc,phases   ] GC(153) Concurrent Mark 15.716ms
[31.806s][info][gc,phases   ] GC(153) Pause Mark End 0.011ms
[31.806s][info][gc,phases   ] GC(153) Concurrent Mark Free 0.000ms
[31.807s][info][gc,phases   ] GC(153) Concurrent Process Non-Strong References 1.101ms
[31.807s][info][gc,phases   ] GC(153) Concurrent Reset Relocation Set 0.002ms
[31.811s][info][gc,phases   ] GC(153) Concurrent Select Relocation Set 4.050ms
[31.811s][info][gc,phases   ] GC(153) Pause Relocate Start 0.006ms
[31.816s][info][gc,phases   ] GC(153) Concurrent Relocate 4.667ms
[31.816s][info][gc,load     ] GC(153) Load: 0.00/0.00/0.00
[31.816s][info][gc,mmu      ] GC(153) MMU: 2ms/98.9%, 5ms/99.4%, 10ms/99.7%, 20ms/99.7%, 50ms/99.9%, 100ms/99.9%
[31.816s][info][gc,marking  ] GC(153) Mark: 4 stripe(s), 3 proactive flush(es), 1 terminate flush(es), 0 completion(s), 0 continuation(s) 
[31.816s][info][gc,marking  ] GC(153) Mark Stack Usage: 32M
[31.816s][info][gc,nmethod  ] GC(153) NMethods: 1363 registered, 54 unregistered
[31.816s][info][gc,metaspace] GC(153) Metaspace: 8M used, 8M committed, 1088M reserved
[31.816s][info][gc,ref      ] GC(153) Soft: 174 encountered, 0 discovered, 0 enqueued
[31.816s][info][gc,ref      ] GC(153) Weak: 570 encountered, 228 discovered, 0 enqueued
[31.816s][info][gc,ref      ] GC(153) Final: 0 encountered, 0 discovered, 0 enqueued
[31.816s][info][gc,ref      ] GC(153) Phantom: 21 encountered, 19 discovered, 0 enqueued
[31.816s][info][gc,reloc    ] GC(153) Small Pages: 117 / 234M, Empty: 206M, Relocated: 5M, In-Place: 0
[31.816s][info][gc,reloc    ] GC(153) Medium Pages: 1 / 32M, Empty: 0M, Relocated: 0M, In-Place: 0
[31.816s][info][gc,reloc    ] GC(153) Large Pages: 0 / 0M, Empty: 0M, Relocated: 0M, In-Place: 0
[31.816s][info][gc,reloc    ] GC(153) Forwarding Usage: 2M
[31.816s][info][gc,heap     ] GC(153) Min Capacity: 8M(1%)
[31.816s][info][gc,heap     ] GC(153) Max Capacity: 1024M(100%)
[31.816s][info][gc,heap     ] GC(153) Soft Max Capacity: 1024M(100%)
[31.816s][info][gc,heap     ] GC(153)                Mark Start          Mark End        Relocate Start      Relocate End           High               Low         
[31.816s][info][gc,heap     ] GC(153)  Capacity:     1024M (100%)       1024M (100%)       1024M (100%)       1024M (100%)       1024M (100%)       1024M (100%)   
[31.816s][info][gc,heap     ] GC(153)      Free:      758M (74%)         740M (72%)         938M (92%)         942M (92%)         944M (92%)         738M (72%)    
[31.817s][info][gc,heap     ] GC(153)      Used:      266M (26%)         284M (28%)          86M (8%)           82M (8%)          286M (28%)          80M (8%)     
[31.817s][info][gc,heap     ] GC(153)      Live:         -                10M (1%)           10M (1%)           10M (1%)             -                  -          
[31.817s][info][gc,heap     ] GC(153) Allocated:         -                18M (2%)           26M (3%)           33M (3%)             -                  -          
[31.817s][info][gc,heap     ] GC(153)   Garbage:         -               255M (25%)          49M (5%)           37M (4%)             -                  -          
[31.817s][info][gc,heap     ] GC(153) Reclaimed:         -                  -               206M (20%)         217M (21%)            -                  -          
[31.817s][info][gc          ] GC(153) Garbage Collection (Allocation Rate) 266M(26%)->82M(8%)
[31.996s][info][gc,start    ] GC(154) Garbage Collection (Allocation Rate)
[31.996s][info][gc,task     ] GC(154) Using 5 workers
[32.026s][info][gc,phases   ] GC(154) Pause Mark Start 0.015ms
[32.043s][info][gc,phases   ] GC(154) Concurrent Mark 16.524ms
[32.043s][info][gc,phases   ] GC(154) Pause Mark End 0.013ms
[32.043s][info][gc,phases   ] GC(154) Concurrent Mark Free 0.001ms
[32.044s][info][gc,phases   ] GC(154) Concurrent Process Non-Strong References 1.107ms
[32.044s][info][gc,phases   ] GC(154) Concurrent Reset Relocation Set 0.003ms
[32.049s][info][gc,phases   ] GC(154) Concurrent Select Relocation Set 5.344ms
[32.050s][info][gc,phases   ] GC(154) Pause Relocate Start 0.006ms
[32.054s][info][gc,phases   ] GC(154) Concurrent Relocate 4.605ms
[32.054s][info][gc,load     ] GC(154) Load: 0.00/0.00/0.00
[32.054s][info][gc,mmu      ] GC(154) MMU: 2ms/98.9%, 5ms/99.4%, 10ms/99.7%, 20ms/99.7%, 50ms/99.9%, 100ms/99.9%
[32.054s][info][gc,marking  ] GC(154) Mark: 4 stripe(s), 2 proactive flush(es), 1 terminate flush(es), 0 completion(s), 0 continuation(s) 
[32.054s][info][gc,marking  ] GC(154) Mark Stack Usage: 32M
[32.054s][info][gc,nmethod  ] GC(154) NMethods: 1363 registered, 54 unregistered
[32.054s][info][gc,metaspace] GC(154) Metaspace: 8M used, 8M committed, 1088M reserved
[32.054s][info][gc,ref      ] GC(154) Soft: 174 encountered, 0 discovered, 0 enqueued
[32.054s][info][gc,ref      ] GC(154) Weak: 570 encountered, 20 discovered, 0 enqueued
[32.054s][info][gc,ref      ] GC(154) Final: 0 encountered, 0 discovered, 0 enqueued
[32.054s][info][gc,ref      ] GC(154) Phantom: 21 encountered, 11 discovered, 0 enqueued
[32.054s][info][gc,reloc    ] GC(154) Small Pages: 288 / 576M, Empty: 538M, Relocated: 4M, In-Place: 0
[32.055s][info][gc,reloc    ] GC(154) Medium Pages: 2 / 64M, Empty: 0M, Relocated: 0M, In-Place: 0
[32.055s][info][gc,reloc    ] GC(154) Large Pages: 0 / 0M, Empty: 0M, Relocated: 0M, In-Place: 0
[32.055s][info][gc,reloc    ] GC(154) Forwarding Usage: 2M
[32.055s][info][gc,heap     ] GC(154) Min Capacity: 8M(1%)
[32.055s][info][gc,heap     ] GC(154) Max Capacity: 1024M(100%)
[32.055s][info][gc,heap     ] GC(154) Soft Max Capacity: 1024M(100%)
[32.055s][info][gc,heap     ] GC(154)                Mark Start          Mark End        Relocate Start      Relocate End           High               Low         
[32.055s][info][gc,heap     ] GC(154)  Capacity:     1024M (100%)       1024M (100%)       1024M (100%)       1024M (100%)       1024M (100%)       1024M (100%)   
[32.055s][info][gc,heap     ] GC(154)      Free:      384M (38%)         370M (36%)         892M (87%)         934M (91%)         936M (91%)         366M (36%)    
[32.055s][info][gc,heap     ] GC(154)      Used:      640M (63%)         654M (64%)         132M (13%)          90M (9%)          658M (64%)          88M (9%)     
[32.055s][info][gc,heap     ] GC(154)      Live:         -                12M (1%)           12M (1%)           12M (1%)             -                  -          
[32.055s][info][gc,heap     ] GC(154) Allocated:         -                14M (1%)           30M (3%)           39M (4%)             -                  -          
[32.055s][info][gc,heap     ] GC(154)   Garbage:         -               627M (61%)          89M (9%)           37M (4%)             -                  -          
[32.055s][info][gc,heap     ] GC(154) Reclaimed:         -                  -               538M (53%)         589M (58%)            -                  -          
[32.055s][info][gc          ] GC(154) Garbage Collection (Allocation Rate) 640M(63%)->90M(9%)
[32.090s][info][gc,start    ] GC(155) Garbage Collection (Allocation Rate)
[32.090s][info][gc,task     ] GC(155) Using 5 workers
[32.090s][info][gc,phases   ] GC(155) Pause Mark Start 0.009ms
[32.119s][info][gc,phases   ] GC(155) Concurrent Mark 29.529ms
[32.120s][info][gc,phases   ] GC(155) Pause Mark End 0.017ms
[32.120s][info][gc,phases   ] GC(155) Concurrent Mark Free 0.001ms
[32.121s][info][gc,phases   ] GC(155) Concurrent Process Non-Strong References 1.027ms
[32.121s][info][gc,phases   ] GC(155) Concurrent Reset Relocation Set 0.003ms
[32.125s][info][gc,phases   ] GC(155) Concurrent Select Relocation Set 3.875ms
[32.125s][info][gc,phases   ] GC(155) Pause Relocate Start 0.008ms
[32.126s][info][gc,phases   ] GC(155) Concurrent Relocate 1.386ms
[32.126s][info][gc,load     ] GC(155) Load: 0.00/0.00/0.00
[32.126s][info][gc,mmu      ] GC(155) MMU: 2ms/98.9%, 5ms/99.4%, 10ms/99.7%, 20ms/99.7%, 50ms/99.9%, 100ms/99.9%
[32.126s][info][gc,marking  ] GC(155) Mark: 4 stripe(s), 2 proactive flush(es), 1 terminate flush(es), 0 completion(s), 0 continuation(s) 
[32.126s][info][gc,marking  ] GC(155) Mark Stack Usage: 32M
[32.126s][info][gc,nmethod  ] GC(155) NMethods: 1363 registered, 54 unregistered
[32.126s][info][gc,metaspace] GC(155) Metaspace: 8M used, 8M committed, 1088M reserved
[32.126s][info][gc,ref      ] GC(155) Soft: 174 encountered, 0 discovered, 0 enqueued
[32.126s][info][gc,ref      ] GC(155) Weak: 570 encountered, 4 discovered, 0 enqueued
[32.126s][info][gc,ref      ] GC(155) Final: 0 encountered, 0 discovered, 0 enqueued
[32.127s][info][gc,ref      ] GC(155) Phantom: 21 encountered, 10 discovered, 0 enqueued
[32.127s][info][gc,reloc    ] GC(155) Small Pages: 77 / 154M, Empty: 118M, Relocated: 1M, In-Place: 0
[32.127s][info][gc,reloc    ] GC(155) Medium Pages: 1 / 32M, Empty: 0M, Relocated: 0M, In-Place: 0
[32.127s][info][gc,reloc    ] GC(155) Large Pages: 0 / 0M, Empty: 0M, Relocated: 0M, In-Place: 0
[32.127s][info][gc,reloc    ] GC(155) Forwarding Usage: 0M
[32.127s][info][gc,heap     ] GC(155) Min Capacity: 8M(1%)
[32.127s][info][gc,heap     ] GC(155) Max Capacity: 1024M(100%)
[32.127s][info][gc,heap     ] GC(155) Soft Max Capacity: 1024M(100%)
[32.127s][info][gc,heap     ] GC(155)                Mark Start          Mark End        Relocate Start      Relocate End           High               Low         
[32.127s][info][gc,heap     ] GC(155)  Capacity:     1024M (100%)       1024M (100%)       1024M (100%)       1024M (100%)       1024M (100%)       1024M (100%)   
[32.127s][info][gc,heap     ] GC(155)      Free:      838M (82%)         780M (76%)         884M (86%)         894M (87%)         894M (87%)         768M (75%)    
[32.127s][info][gc,heap     ] GC(155)      Used:      186M (18%)         244M (24%)         140M (14%)         130M (13%)         256M (25%)         130M (13%)    
[32.127s][info][gc,heap     ] GC(155)      Live:         -                12M (1%)           12M (1%)           12M (1%)             -                  -          
[32.127s][info][gc,heap     ] GC(155) Allocated:         -                58M (6%)           72M (7%)           73M (7%)             -                  -          
[32.127s][info][gc,heap     ] GC(155)   Garbage:         -               173M (17%)          55M (5%)           43M (4%)             -                  -          
[32.127s][info][gc,heap     ] GC(155) Reclaimed:         -                  -               118M (12%)         129M (13%)            -                  -          
[32.127s][info][gc          ] GC(155) Garbage Collection (Allocation Rate) 186M(18%)->130M(13%)
[32.198s][info][gc,start    ] GC(156) Garbage Collection (Allocation Rate)
[32.198s][info][gc,task     ] GC(156) Using 5 workers
[32.198s][info][gc,phases   ] GC(156) Pause Mark Start 0.012ms
[32.229s][info][gc,phases   ] GC(156) Concurrent Mark 30.978ms
[32.229s][info][gc,phases   ] GC(156) Pause Mark End 0.017ms
[32.229s][info][gc,phases   ] GC(156) Concurrent Mark Free 0.001ms
[32.230s][info][gc,phases   ] GC(156) Concurrent Process Non-Strong References 1.096ms
[32.230s][info][gc,phases   ] GC(156) Concurrent Reset Relocation Set 0.002ms
[32.235s][info][gc,phases   ] GC(156) Concurrent Select Relocation Set 5.277ms
[32.236s][info][gc,phases   ] GC(156) Pause Relocate Start 0.007ms
[32.239s][info][gc,phases   ] GC(156) Concurrent Relocate 3.203ms
[32.239s][info][gc,load     ] GC(156) Load: 0.00/0.00/0.00
[32.239s][info][gc,mmu      ] GC(156) MMU: 2ms/98.9%, 5ms/99.4%, 10ms/99.7%, 20ms/99.7%, 50ms/99.9%, 100ms/99.9%
[32.239s][info][gc,marking  ] GC(156) Mark: 4 stripe(s), 2 proactive flush(es), 1 terminate flush(es), 0 completion(s), 0 continuation(s) 
[32.239s][info][gc,marking  ] GC(156) Mark Stack Usage: 32M
[32.239s][info][gc,nmethod  ] GC(156) NMethods: 1363 registered, 54 unregistered
[32.239s][info][gc,metaspace] GC(156) Metaspace: 8M used, 8M committed, 1088M reserved
[32.239s][info][gc,ref      ] GC(156) Soft: 174 encountered, 0 discovered, 0 enqueued
[32.239s][info][gc,ref      ] GC(156) Weak: 570 encountered, 1 discovered, 0 enqueued
[32.239s][info][gc,ref      ] GC(156) Final: 0 encountered, 0 discovered, 0 enqueued
[32.239s][info][gc,ref      ] GC(156) Phantom: 21 encountered, 12 discovered, 0 enqueued
[32.239s][info][gc,reloc    ] GC(156) Small Pages: 145 / 290M, Empty: 250M, Relocated: 3M, In-Place: 0
[32.239s][info][gc,reloc    ] GC(156) Medium Pages: 1 / 32M, Empty: 0M, Relocated: 0M, In-Place: 0
[32.239s][info][gc,reloc    ] GC(156) Large Pages: 0 / 0M, Empty: 0M, Relocated: 0M, In-Place: 0
[32.239s][info][gc,reloc    ] GC(156) Forwarding Usage: 1M
[32.239s][info][gc,heap     ] GC(156) Min Capacity: 8M(1%)
[32.239s][info][gc,heap     ] GC(156) Max Capacity: 1024M(100%)
[32.239s][info][gc,heap     ] GC(156) Soft Max Capacity: 1024M(100%)
[32.239s][info][gc,heap     ] GC(156)                Mark Start          Mark End        Relocate Start      Relocate End           High               Low         
[32.239s][info][gc,heap     ] GC(156)  Capacity:     1024M (100%)       1024M (100%)       1024M (100%)       1024M (100%)       1024M (100%)       1024M (100%)   
[32.239s][info][gc,heap     ] GC(156)      Free:      702M (69%)         622M (61%)         856M (84%)         866M (85%)         866M (85%)         620M (61%)    
[32.240s][info][gc,heap     ] GC(156)      Used:      322M (31%)         402M (39%)         168M (16%)         158M (15%)         404M (39%)         158M (15%)    
[32.240s][info][gc,heap     ] GC(156)      Live:         -                13M (1%)           13M (1%)           13M (1%)             -                  -          
[32.240s][info][gc,heap     ] GC(156) Allocated:         -                80M (8%)           96M (9%)          103M (10%)            -                  -          
[32.240s][info][gc,heap     ] GC(156)   Garbage:         -               308M (30%)          58M (6%)           40M (4%)             -                  -          
[32.240s][info][gc,heap     ] GC(156) Reclaimed:         -                  -               250M (24%)         267M (26%)            -                  -          
[32.240s][info][gc          ] GC(156) Garbage Collection (Allocation Rate) 322M(31%)->158M(15%)
[32.300s][info][gc,start    ] GC(157) Garbage Collection (Allocation Rate)
[32.300s][info][gc,task     ] GC(157) Using 5 workers
[32.300s][info][gc,phases   ] GC(157) Pause Mark Start 0.010ms
[32.331s][info][gc,phases   ] GC(157) Concurrent Mark 30.992ms
[32.331s][info][gc,phases   ] GC(157) Pause Mark End 0.019ms
[32.331s][info][gc,phases   ] GC(157) Concurrent Mark Free 0.001ms
[32.332s][info][gc,phases   ] GC(157) Concurrent Process Non-Strong References 1.099ms
[32.332s][info][gc,phases   ] GC(157) Concurrent Reset Relocation Set 0.003ms
[32.339s][info][gc,phases   ] GC(157) Concurrent Select Relocation Set 6.330ms
[32.339s][info][gc,phases   ] GC(157) Pause Relocate Start 0.008ms
[32.343s][info][gc,phases   ] GC(157) Concurrent Relocate 4.386ms
[32.343s][info][gc,load     ] GC(157) Load: 0.00/0.00/0.00
[32.343s][info][gc,mmu      ] GC(157) MMU: 2ms/98.9%, 5ms/99.4%, 10ms/99.7%, 20ms/99.7%, 50ms/99.9%, 100ms/99.9%
[32.343s][info][gc,marking  ] GC(157) Mark: 4 stripe(s), 2 proactive flush(es), 1 terminate flush(es), 0 completion(s), 0 continuation(s) 
[32.343s][info][gc,marking  ] GC(157) Mark Stack Usage: 32M
[32.343s][info][gc,nmethod  ] GC(157) NMethods: 1363 registered, 54 unregistered
[32.344s][info][gc,metaspace] GC(157) Metaspace: 8M used, 8M committed, 1088M reserved
[32.344s][info][gc,ref      ] GC(157) Soft: 174 encountered, 0 discovered, 0 enqueued
[32.344s][info][gc,ref      ] GC(157) Weak: 570 encountered, 75 discovered, 0 enqueued
[32.344s][info][gc,ref      ] GC(157) Final: 0 encountered, 0 discovered, 0 enqueued
[32.344s][info][gc,ref      ] GC(157) Phantom: 21 encountered, 19 discovered, 0 enqueued
[32.344s][info][gc,reloc    ] GC(157) Small Pages: 142 / 284M, Empty: 242M, Relocated: 5M, In-Place: 0
[32.344s][info][gc,reloc    ] GC(157) Medium Pages: 1 / 32M, Empty: 0M, Relocated: 0M, In-Place: 0
[32.344s][info][gc,reloc    ] GC(157) Large Pages: 0 / 0M, Empty: 0M, Relocated: 0M, In-Place: 0
[32.344s][info][gc,reloc    ] GC(157) Forwarding Usage: 2M
[32.344s][info][gc,heap     ] GC(157) Min Capacity: 8M(1%)
[32.344s][info][gc,heap     ] GC(157) Max Capacity: 1024M(100%)
[32.344s][info][gc,heap     ] GC(157) Soft Max Capacity: 1024M(100%)
[32.344s][info][gc,heap     ] GC(157)                Mark Start          Mark End        Relocate Start      Relocate End           High               Low         
[32.344s][info][gc,heap     ] GC(157)  Capacity:     1024M (100%)       1024M (100%)       1024M (100%)       1024M (100%)       1024M (100%)       1024M (100%)   
[32.344s][info][gc,heap     ] GC(157)      Free:      708M (69%)         650M (63%)         872M (85%)         882M (86%)         884M (86%)         646M (63%)    
[32.344s][info][gc,heap     ] GC(157)      Used:      316M (31%)         374M (37%)         152M (15%)         142M (14%)         378M (37%)         140M (14%)    
[32.344s][info][gc,heap     ] GC(157)      Live:         -                14M (1%)           14M (1%)           14M (1%)             -                  -          
[32.344s][info][gc,heap     ] GC(157) Allocated:         -                58M (6%)           78M (8%)           89M (9%)             -                  -          
[32.344s][info][gc,heap     ] GC(157)   Garbage:         -               301M (29%)          59M (6%)           37M (4%)             -                  -          
[32.344s][info][gc,heap     ] GC(157) Reclaimed:         -                  -               242M (24%)         263M (26%)            -                  -          
[32.344s][info][gc          ] GC(157) Garbage Collection (Allocation Rate) 316M(31%)->142M(14%)
[32.503s][info][gc,start    ] GC(158) Garbage Collection (Allocation Rate)
[32.503s][info][gc,task     ] GC(158) Using 3 workers
[32.503s][info][gc,phases   ] GC(158) Pause Mark Start 0.013ms
[32.534s][info][gc,phases   ] GC(158) Concurrent Mark 30.904ms
[32.534s][info][gc,phases   ] GC(158) Pause Mark End 0.019ms
[32.534s][info][gc,phases   ] GC(158) Concurrent Mark Free 0.001ms
[32.535s][info][gc,phases   ] GC(158) Concurrent Process Non-Strong References 1.324ms
[32.536s][info][gc,phases   ] GC(158) Concurrent Reset Relocation Set 0.003ms
[32.539s][info][gc,phases   ] GC(158) Concurrent Select Relocation Set 3.705ms
[32.539s][info][gc,phases   ] GC(158) Pause Relocate Start 0.009ms
[32.544s][info][gc,phases   ] GC(158) Concurrent Relocate 4.825ms
[32.544s][info][gc,load     ] GC(158) Load: 0.00/0.00/0.00
[32.544s][info][gc,mmu      ] GC(158) MMU: 2ms/98.9%, 5ms/99.4%, 10ms/99.7%, 20ms/99.7%, 50ms/99.9%, 100ms/99.9%
[32.545s][info][gc,marking  ] GC(158) Mark: 2 stripe(s), 2 proactive flush(es), 1 terminate flush(es), 0 completion(s), 0 continuation(s) 
[32.545s][info][gc,marking  ] GC(158) Mark Stack Usage: 32M
[32.545s][info][gc,nmethod  ] GC(158) NMethods: 1363 registered, 54 unregistered
[32.545s][info][gc,metaspace] GC(158) Metaspace: 8M used, 8M committed, 1088M reserved
[32.545s][info][gc,ref      ] GC(158) Soft: 174 encountered, 0 discovered, 0 enqueued
[32.545s][info][gc,ref      ] GC(158) Weak: 570 encountered, 300 discovered, 0 enqueued
[32.545s][info][gc,ref      ] GC(158) Final: 0 encountered, 0 discovered, 0 enqueued
[32.545s][info][gc,ref      ] GC(158) Phantom: 21 encountered, 19 discovered, 0 enqueued
[32.545s][info][gc,reloc    ] GC(158) Small Pages: 253 / 506M, Empty: 468M, Relocated: 5M, In-Place: 0
[32.545s][info][gc,reloc    ] GC(158) Medium Pages: 2 / 64M, Empty: 0M, Relocated: 1M, In-Place: 0
[32.545s][info][gc,reloc    ] GC(158) Large Pages: 0 / 0M, Empty: 0M, Relocated: 0M, In-Place: 0
[32.545s][info][gc,reloc    ] GC(158) Forwarding Usage: 2M
[32.545s][info][gc,heap     ] GC(158) Min Capacity: 8M(1%)
[32.545s][info][gc,heap     ] GC(158) Max Capacity: 1024M(100%)
[32.545s][info][gc,heap     ] GC(158) Soft Max Capacity: 1024M(100%)
[32.545s][info][gc,heap     ] GC(158)                Mark Start          Mark End        Relocate Start      Relocate End           High               Low         
[32.545s][info][gc,heap     ] GC(158)  Capacity:     1024M (100%)       1024M (100%)       1024M (100%)       1024M (100%)       1024M (100%)       1024M (100%)   
[32.545s][info][gc,heap     ] GC(158)      Free:      454M (44%)         370M (36%)         830M (81%)         870M (85%)         872M (85%)         366M (36%)    
[32.545s][info][gc,heap     ] GC(158)      Used:      570M (56%)         654M (64%)         194M (19%)         154M (15%)         658M (64%)         152M (15%)    
[32.545s][info][gc,heap     ] GC(158)      Live:         -                15M (2%)           15M (2%)           15M (2%)             -                  -          
[32.545s][info][gc,heap     ] GC(158) Allocated:         -                84M (8%)           92M (9%)          103M (10%)            -                  -          
[32.545s][info][gc,heap     ] GC(158)   Garbage:         -               554M (54%)          86M (8%)           34M (3%)             -                  -          
[32.545s][info][gc,heap     ] GC(158) Reclaimed:         -                  -               468M (46%)         519M (51%)            -                  -          
[32.545s][info][gc          ] GC(158) Garbage Collection (Allocation Rate) 570M(56%)->154M(15%)
[32.690s][info][gc,start    ] GC(159) Garbage Collection (Allocation Rate)
[32.690s][info][gc,task     ] GC(159) Using 3 workers
[32.690s][info][gc,phases   ] GC(159) Pause Mark Start 0.014ms
[32.721s][info][gc,phases   ] GC(159) Concurrent Mark 30.879ms
[32.721s][info][gc,phases   ] GC(159) Pause Mark End 0.011ms
[32.721s][info][gc,phases   ] GC(159) Concurrent Mark Free 0.001ms
[32.723s][info][gc,phases   ] GC(159) Concurrent Process Non-Strong References 1.380ms
[32.723s][info][gc,phases   ] GC(159) Concurrent Reset Relocation Set 0.004ms
[32.727s][info][gc,phases   ] GC(159) Concurrent Select Relocation Set 3.744ms
[32.727s][info][gc,phases   ] GC(159) Pause Relocate Start 0.005ms
[32.730s][info][gc,phases   ] GC(159) Concurrent Relocate 3.662ms
[32.730s][info][gc,load     ] GC(159) Load: 0.00/0.00/0.00
[32.731s][info][gc,mmu      ] GC(159) MMU: 2ms/98.9%, 5ms/99.4%, 10ms/99.7%, 20ms/99.7%, 50ms/99.9%, 100ms/99.9%
[32.731s][info][gc,marking  ] GC(159) Mark: 2 stripe(s), 2 proactive flush(es), 1 terminate flush(es), 0 completion(s), 0 continuation(s) 
[32.731s][info][gc,marking  ] GC(159) Mark Stack Usage: 32M
[32.731s][info][gc,nmethod  ] GC(159) NMethods: 1363 registered, 54 unregistered
[32.731s][info][gc,metaspace] GC(159) Metaspace: 8M used, 8M committed, 1088M reserved
[32.731s][info][gc,ref      ] GC(159) Soft: 174 encountered, 0 discovered, 0 enqueued
[32.731s][info][gc,ref      ] GC(159) Weak: 570 encountered, 417 discovered, 0 enqueued
[32.731s][info][gc,ref      ] GC(159) Final: 0 encountered, 0 discovered, 0 enqueued
[32.731s][info][gc,ref      ] GC(159) Phantom: 21 encountered, 19 discovered, 0 enqueued
[32.731s][info][gc,reloc    ] GC(159) Small Pages: 246 / 492M, Empty: 450M, Relocated: 3M, In-Place: 0
[32.731s][info][gc,reloc    ] GC(159) Medium Pages: 2 / 64M, Empty: 0M, Relocated: 1M, In-Place: 0
[32.731s][info][gc,reloc    ] GC(159) Large Pages: 0 / 0M, Empty: 0M, Relocated: 0M, In-Place: 0
[32.731s][info][gc,reloc    ] GC(159) Forwarding Usage: 1M
[32.731s][info][gc,heap     ] GC(159) Min Capacity: 8M(1%)
[32.731s][info][gc,heap     ] GC(159) Max Capacity: 1024M(100%)
[32.731s][info][gc,heap     ] GC(159) Soft Max Capacity: 1024M(100%)
[32.731s][info][gc,heap     ] GC(159)                Mark Start          Mark End        Relocate Start      Relocate End           High               Low         
[32.731s][info][gc,heap     ] GC(159)  Capacity:     1024M (100%)       1024M (100%)       1024M (100%)       1024M (100%)       1024M (100%)       1024M (100%)   
[32.731s][info][gc,heap     ] GC(159)      Free:      468M (46%)         384M (38%)         820M (80%)         864M (84%)         864M (84%)         380M (37%)    
[32.731s][info][gc,heap     ] GC(159)      Used:      556M (54%)         640M (63%)         204M (20%)         160M (16%)         644M (63%)         160M (16%)    
[32.731s][info][gc,heap     ] GC(159)      Live:         -                17M (2%)           17M (2%)           17M (2%)             -                  -          
[32.731s][info][gc,heap     ] GC(159) Allocated:         -                84M (8%)           98M (10%)         105M (10%)            -                  -          
[32.731s][info][gc,heap     ] GC(159)   Garbage:         -               538M (53%)          88M (9%)           36M (4%)             -                  -          
[32.731s][info][gc,heap     ] GC(159) Reclaimed:         -                  -               450M (44%)         501M (49%)            -                  -          
[32.731s][info][gc          ] GC(159) Garbage Collection (Allocation Rate) 556M(54%)->160M(16%)
[32.891s][info][gc,start    ] GC(160) Garbage Collection (Allocation Rate)
[32.892s][info][gc,task     ] GC(160) Using 2 workers
[32.892s][info][gc,phases   ] GC(160) Pause Mark Start 0.014ms
[32.938s][info][gc,phases   ] GC(160) Concurrent Mark 46.468ms
[32.938s][info][gc,phases   ] GC(160) Pause Mark End 0.015ms
[32.938s][info][gc,phases   ] GC(160) Concurrent Mark Free 0.001ms
[32.941s][info][gc,phases   ] GC(160) Concurrent Process Non-Strong References 2.479ms
[32.941s][info][gc,phases   ] GC(160) Concurrent Reset Relocation Set 0.004ms
[32.945s][info][gc,phases   ] GC(160) Concurrent Select Relocation Set 3.680ms
[32.945s][info][gc,phases   ] GC(160) Pause Relocate Start 0.005ms
[32.948s][info][gc,phases   ] GC(160) Concurrent Relocate 2.732ms
[32.948s][info][gc,load     ] GC(160) Load: 0.00/0.00/0.00
[32.948s][info][gc,mmu      ] GC(160) MMU: 2ms/98.9%, 5ms/99.4%, 10ms/99.7%, 20ms/99.7%, 50ms/99.9%, 100ms/99.9%
[32.948s][info][gc,marking  ] GC(160) Mark: 2 stripe(s), 2 proactive flush(es), 1 terminate flush(es), 0 completion(s), 0 continuation(s) 
[32.948s][info][gc,marking  ] GC(160) Mark Stack Usage: 32M
[32.948s][info][gc,nmethod  ] GC(160) NMethods: 1363 registered, 54 unregistered
[32.948s][info][gc,metaspace] GC(160) Metaspace: 8M used, 8M committed, 1088M reserved
[32.948s][info][gc,ref      ] GC(160) Soft: 174 encountered, 0 discovered, 0 enqueued
[32.948s][info][gc,ref      ] GC(160) Weak: 570 encountered, 269 discovered, 0 enqueued
[32.948s][info][gc,ref      ] GC(160) Final: 0 encountered, 0 discovered, 0 enqueued
[32.948s][info][gc,ref      ] GC(160) Phantom: 21 encountered, 10 discovered, 0 enqueued
[32.948s][info][gc,reloc    ] GC(160) Small Pages: 270 / 540M, Empty: 502M, Relocated: 3M, In-Place: 0
[32.948s][info][gc,reloc    ] GC(160) Medium Pages: 1 / 32M, Empty: 0M, Relocated: 0M, In-Place: 0
[32.948s][info][gc,reloc    ] GC(160) Large Pages: 0 / 0M, Empty: 0M, Relocated: 0M, In-Place: 0
[32.948s][info][gc,reloc    ] GC(160) Forwarding Usage: 1M
[32.948s][info][gc,heap     ] GC(160) Min Capacity: 8M(1%)
[32.948s][info][gc,heap     ] GC(160) Max Capacity: 1024M(100%)
[32.948s][info][gc,heap     ] GC(160) Soft Max Capacity: 1024M(100%)
[32.948s][info][gc,heap     ] GC(160)                Mark Start          Mark End        Relocate Start      Relocate End           High               Low         
[32.948s][info][gc,heap     ] GC(160)  Capacity:     1024M (100%)       1024M (100%)       1024M (100%)       1024M (100%)       1024M (100%)       1024M (100%)   
[32.948s][info][gc,heap     ] GC(160)      Free:      452M (44%)         326M (32%)         812M (79%)         820M (80%)         822M (80%)         320M (31%)    
[32.948s][info][gc,heap     ] GC(160)      Used:      572M (56%)         698M (68%)         212M (21%)         204M (20%)         704M (69%)         202M (20%)    
[32.948s][info][gc,heap     ] GC(160)      Live:         -                18M (2%)           18M (2%)           18M (2%)             -                  -          
[32.948s][info][gc,heap     ] GC(160) Allocated:         -               126M (12%)         142M (14%)         149M (15%)            -                  -          
[32.949s][info][gc,heap     ] GC(160)   Garbage:         -               553M (54%)          51M (5%)           35M (3%)             -                  -          
[32.949s][info][gc,heap     ] GC(160) Reclaimed:         -                  -               502M (49%)         517M (51%)            -                  -          
[32.949s][info][gc          ] GC(160) Garbage Collection (Allocation Rate) 572M(56%)->204M(20%)
[33.104s][info][gc,start    ] GC(161) Garbage Collection (Allocation Rate)
[33.104s][info][gc,task     ] GC(161) Using 2 workers
[33.104s][info][gc,phases   ] GC(161) Pause Mark Start 0.014ms
[33.151s][info][gc,phases   ] GC(161) Concurrent Mark 46.476ms
[33.151s][info][gc,phases   ] GC(161) Pause Mark End 0.014ms
[33.151s][info][gc,phases   ] GC(161) Concurrent Mark Free 0.001ms
[33.154s][info][gc,phases   ] GC(161) Concurrent Process Non-Strong References 2.361ms
[33.154s][info][gc,phases   ] GC(161) Concurrent Reset Relocation Set 0.002ms
[33.157s][info][gc,phases   ] GC(161) Concurrent Select Relocation Set 3.719ms
[33.157s][info][gc,phases   ] GC(161) Pause Relocate Start 0.005ms
[33.161s][info][gc,phases   ] GC(161) Concurrent Relocate 3.836ms
[33.161s][info][gc,load     ] GC(161) Load: 0.00/0.00/0.00
[33.161s][info][gc,mmu      ] GC(161) MMU: 2ms/98.9%, 5ms/99.4%, 10ms/99.7%, 20ms/99.7%, 50ms/99.9%, 100ms/99.9%
[33.161s][info][gc,marking  ] GC(161) Mark: 2 stripe(s), 2 proactive flush(es), 1 terminate flush(es), 0 completion(s), 0 continuation(s) 
[33.161s][info][gc,marking  ] GC(161) Mark Stack Usage: 32M
[33.162s][info][gc,nmethod  ] GC(161) NMethods: 1363 registered, 54 unregistered
[33.162s][info][gc,metaspace] GC(161) Metaspace: 8M used, 8M committed, 1088M reserved
[33.162s][info][gc,ref      ] GC(161) Soft: 174 encountered, 0 discovered, 0 enqueued
[33.162s][info][gc,ref      ] GC(161) Weak: 570 encountered, 419 discovered, 0 enqueued
[33.162s][info][gc,ref      ] GC(161) Final: 0 encountered, 0 discovered, 0 enqueued
[33.162s][info][gc,ref      ] GC(161) Phantom: 21 encountered, 19 discovered, 0 enqueued
[33.162s][info][gc,reloc    ] GC(161) Small Pages: 225 / 450M, Empty: 414M, Relocated: 3M, In-Place: 0
[33.162s][info][gc,reloc    ] GC(161) Medium Pages: 2 / 64M, Empty: 0M, Relocated: 1M, In-Place: 0
[33.162s][info][gc,reloc    ] GC(161) Large Pages: 0 / 0M, Empty: 0M, Relocated: 0M, In-Place: 0
[33.162s][info][gc,reloc    ] GC(161) Forwarding Usage: 1M
[33.162s][info][gc,heap     ] GC(161) Min Capacity: 8M(1%)
[33.162s][info][gc,heap     ] GC(161) Max Capacity: 1024M(100%)
[33.162s][info][gc,heap     ] GC(161) Soft Max Capacity: 1024M(100%)
[33.162s][info][gc,heap     ] GC(161)                Mark Start          Mark End        Relocate Start      Relocate End           High               Low         
[33.162s][info][gc,heap     ] GC(161)  Capacity:     1024M (100%)       1024M (100%)       1024M (100%)       1024M (100%)       1024M (100%)       1024M (100%)   
[33.162s][info][gc,heap     ] GC(161)      Free:      510M (50%)         388M (38%)         786M (77%)         820M (80%)         824M (80%)         382M (37%)    
[33.162s][info][gc,heap     ] GC(161)      Used:      514M (50%)         636M (62%)         238M (23%)         204M (20%)         642M (63%)         200M (20%)    
[33.162s][info][gc,heap     ] GC(161)      Live:         -                19M (2%)           19M (2%)           19M (2%)             -                  -          
[33.162s][info][gc,heap     ] GC(161) Allocated:         -               122M (12%)         138M (13%)         147M (14%)            -                  -          
[33.162s][info][gc,heap     ] GC(161)   Garbage:         -               494M (48%)          80M (8%)           36M (4%)             -                  -          
[33.162s][info][gc,heap     ] GC(161) Reclaimed:         -                  -               414M (40%)         457M (45%)            -                  -          
[33.162s][info][gc          ] GC(161) Garbage Collection (Allocation Rate) 514M(50%)->204M(20%)
[33.290s][info][gc,start    ] GC(162) Garbage Collection (Allocation Rate)
[33.290s][info][gc,task     ] GC(162) Using 2 workers
[33.290s][info][gc,phases   ] GC(162) Pause Mark Start 0.015ms
[33.341s][info][gc,phases   ] GC(162) Concurrent Mark 50.994ms
[33.341s][info][gc,phases   ] GC(162) Pause Mark End 0.012ms
[33.341s][info][gc,phases   ] GC(162) Concurrent Mark Free 0.001ms
[33.343s][info][gc,phases   ] GC(162) Concurrent Process Non-Strong References 2.053ms
[33.343s][info][gc,phases   ] GC(162) Concurrent Reset Relocation Set 0.002ms
[33.347s][info][gc,phases   ] GC(162) Concurrent Select Relocation Set 3.856ms
[33.347s][info][gc,phases   ] GC(162) Pause Relocate Start 0.003ms
[33.348s][info][gc,phases   ] GC(162) Concurrent Relocate 1.185ms
[33.349s][info][gc,load     ] GC(162) Load: 0.00/0.00/0.00
[33.349s][info][gc,mmu      ] GC(162) MMU: 2ms/98.9%, 5ms/99.4%, 10ms/99.7%, 20ms/99.7%, 50ms/99.9%, 100ms/99.9%
[33.349s][info][gc,marking  ] GC(162) Mark: 2 stripe(s), 2 proactive flush(es), 1 terminate flush(es), 0 completion(s), 0 continuation(s) 
[33.349s][info][gc,marking  ] GC(162) Mark Stack Usage: 32M
[33.349s][info][gc,nmethod  ] GC(162) NMethods: 1363 registered, 54 unregistered
[33.349s][info][gc,metaspace] GC(162) Metaspace: 8M used, 8M committed, 1088M reserved
[33.349s][info][gc,ref      ] GC(162) Soft: 174 encountered, 0 discovered, 0 enqueued
[33.349s][info][gc,ref      ] GC(162) Weak: 570 encountered, 381 discovered, 0 enqueued
[33.349s][info][gc,ref      ] GC(162) Final: 0 encountered, 0 discovered, 0 enqueued
[33.349s][info][gc,ref      ] GC(162) Phantom: 21 encountered, 10 discovered, 0 enqueued
[33.349s][info][gc,reloc    ] GC(162) Small Pages: 258 / 516M, Empty: 474M, Relocated: 1M, In-Place: 0
[33.349s][info][gc,reloc    ] GC(162) Medium Pages: 1 / 32M, Empty: 0M, Relocated: 0M, In-Place: 0
[33.349s][info][gc,reloc    ] GC(162) Large Pages: 0 / 0M, Empty: 0M, Relocated: 0M, In-Place: 0
[33.349s][info][gc,reloc    ] GC(162) Forwarding Usage: 0M
[33.349s][info][gc,heap     ] GC(162) Min Capacity: 8M(1%)
[33.349s][info][gc,heap     ] GC(162) Max Capacity: 1024M(100%)
[33.349s][info][gc,heap     ] GC(162) Soft Max Capacity: 1024M(100%)
[33.349s][info][gc,heap     ] GC(162)                Mark Start          Mark End        Relocate Start      Relocate End           High               Low         
[33.349s][info][gc,heap     ] GC(162)  Capacity:     1024M (100%)       1024M (100%)       1024M (100%)       1024M (100%)       1024M (100%)       1024M (100%)   
[33.349s][info][gc,heap     ] GC(162)      Free:      476M (46%)         330M (32%)         786M (77%)         798M (78%)         798M (78%)         324M (32%)    
[33.349s][info][gc,heap     ] GC(162)      Used:      548M (54%)         694M (68%)         238M (23%)         226M (22%)         700M (68%)         226M (22%)    
[33.349s][info][gc,heap     ] GC(162)      Live:         -                21M (2%)           21M (2%)           21M (2%)             -                  -          
[33.349s][info][gc,heap     ] GC(162) Allocated:         -               146M (14%)         164M (16%)         165M (16%)            -                  -          
[33.349s][info][gc,heap     ] GC(162)   Garbage:         -               526M (51%)          52M (5%)           38M (4%)             -                  -          
[33.349s][info][gc,heap     ] GC(162) Reclaimed:         -                  -               474M (46%)         487M (48%)            -                  -          
[33.349s][info][gc          ] GC(162) Garbage Collection (Allocation Rate) 548M(54%)->226M(22%)
[33.489s][info][gc,start    ] GC(163) Garbage Collection (Allocation Rate)
[33.489s][info][gc,task     ] GC(163) Using 2 workers
[33.489s][info][gc,phases   ] GC(163) Pause Mark Start 0.013ms
[33.540s][info][gc,phases   ] GC(163) Concurrent Mark 50.371ms
[33.540s][info][gc,phases   ] GC(163) Pause Mark End 0.015ms
[33.540s][info][gc,phases   ] GC(163) Concurrent Mark Free 0.002ms
[33.542s][info][gc,phases   ] GC(163) Concurrent Process Non-Strong References 2.485ms
[33.542s][info][gc,phases   ] GC(163) Concurrent Reset Relocation Set 0.002ms
[33.548s][info][gc,phases   ] GC(163) Concurrent Select Relocation Set 5.902ms
[33.549s][info][gc,phases   ] GC(163) Pause Relocate Start 0.008ms
[33.555s][info][gc,phases   ] GC(163) Concurrent Relocate 6.734ms
[33.555s][info][gc,load     ] GC(163) Load: 0.00/0.00/0.00
[33.555s][info][gc,mmu      ] GC(163) MMU: 2ms/98.9%, 5ms/99.4%, 10ms/99.7%, 20ms/99.7%, 50ms/99.9%, 100ms/99.9%
[33.555s][info][gc,marking  ] GC(163) Mark: 2 stripe(s), 2 proactive flush(es), 1 terminate flush(es), 0 completion(s), 0 continuation(s) 
[33.556s][info][gc,marking  ] GC(163) Mark Stack Usage: 32M
[33.556s][info][gc,nmethod  ] GC(163) NMethods: 1363 registered, 54 unregistered
[33.556s][info][gc,metaspace] GC(163) Metaspace: 8M used, 8M committed, 1088M reserved
[33.556s][info][gc,ref      ] GC(163) Soft: 174 encountered, 0 discovered, 0 enqueued
[33.556s][info][gc,ref      ] GC(163) Weak: 570 encountered, 382 discovered, 0 enqueued
[33.556s][info][gc,ref      ] GC(163) Final: 0 encountered, 0 discovered, 0 enqueued
[33.556s][info][gc,ref      ] GC(163) Phantom: 21 encountered, 10 discovered, 0 enqueued
[33.556s][info][gc,reloc    ] GC(163) Small Pages: 267 / 534M, Empty: 486M, Relocated: 6M, In-Place: 0
[33.556s][info][gc,reloc    ] GC(163) Medium Pages: 2 / 64M, Empty: 0M, Relocated: 1M, In-Place: 0
[33.556s][info][gc,reloc    ] GC(163) Large Pages: 0 / 0M, Empty: 0M, Relocated: 0M, In-Place: 0
[33.556s][info][gc,reloc    ] GC(163) Forwarding Usage: 2M
[33.556s][info][gc,heap     ] GC(163) Min Capacity: 8M(1%)
[33.556s][info][gc,heap     ] GC(163) Max Capacity: 1024M(100%)
[33.556s][info][gc,heap     ] GC(163) Soft Max Capacity: 1024M(100%)
[33.556s][info][gc,heap     ] GC(163)                Mark Start          Mark End        Relocate Start      Relocate End           High               Low         
[33.556s][info][gc,heap     ] GC(163)  Capacity:     1024M (100%)       1024M (100%)       1024M (100%)       1024M (100%)       1024M (100%)       1024M (100%)   
[33.556s][info][gc,heap     ] GC(163)      Free:      426M (42%)         316M (31%)         794M (78%)         832M (81%)         838M (82%)         314M (31%)    
[33.556s][info][gc,heap     ] GC(163)      Used:      598M (58%)         708M (69%)         230M (22%)         192M (19%)         710M (69%)         186M (18%)    
[33.556s][info][gc,heap     ] GC(163)      Live:         -                22M (2%)           22M (2%)           22M (2%)             -                  -          
[33.556s][info][gc,heap     ] GC(163) Allocated:         -               110M (11%)         118M (12%)         133M (13%)            -                  -          
[33.556s][info][gc,heap     ] GC(163)   Garbage:         -               575M (56%)          89M (9%)           35M (3%)             -                  -          
[33.556s][info][gc,heap     ] GC(163) Reclaimed:         -                  -               486M (47%)         539M (53%)            -                  -          
[33.556s][info][gc          ] GC(163) Garbage Collection (Allocation Rate) 598M(58%)->192M(19%)
[33.696s][info][gc,start    ] GC(164) Garbage Collection (Allocation Rate)
[33.696s][info][gc,task     ] GC(164) Using 2 workers
[33.696s][info][gc,phases   ] GC(164) Pause Mark Start 0.013ms
[33.758s][info][gc,phases   ] GC(164) Concurrent Mark 62.212ms
[33.759s][info][gc,phases   ] GC(164) Pause Mark End 0.017ms
[33.759s][info][gc,phases   ] GC(164) Concurrent Mark Free 0.001ms
[33.761s][info][gc,phases   ] GC(164) Concurrent Process Non-Strong References 2.602ms
[33.761s][info][gc,phases   ] GC(164) Concurrent Reset Relocation Set 0.004ms
[33.765s][info][gc,phases   ] GC(164) Concurrent Select Relocation Set 3.897ms
[33.765s][info][gc,phases   ] GC(164) Pause Relocate Start 0.004ms
[33.771s][info][gc,phases   ] GC(164) Concurrent Relocate 5.208ms
[33.771s][info][gc,load     ] GC(164) Load: 0.00/0.00/0.00
[33.771s][info][gc,mmu      ] GC(164) MMU: 2ms/98.9%, 5ms/99.4%, 10ms/99.7%, 20ms/99.7%, 50ms/99.9%, 100ms/99.9%
[33.771s][info][gc,marking  ] GC(164) Mark: 2 stripe(s), 2 proactive flush(es), 1 terminate flush(es), 0 completion(s), 0 continuation(s) 
[33.771s][info][gc,marking  ] GC(164) Mark Stack Usage: 32M
[33.771s][info][gc,nmethod  ] GC(164) NMethods: 1363 registered, 54 unregistered
[33.771s][info][gc,metaspace] GC(164) Metaspace: 8M used, 8M committed, 1088M reserved
[33.771s][info][gc,ref      ] GC(164) Soft: 174 encountered, 0 discovered, 0 enqueued
[33.771s][info][gc,ref      ] GC(164) Weak: 570 encountered, 424 discovered, 0 enqueued
[33.771s][info][gc,ref      ] GC(164) Final: 0 encountered, 0 discovered, 0 enqueued
[33.771s][info][gc,ref      ] GC(164) Phantom: 21 encountered, 17 discovered, 0 enqueued
[33.771s][info][gc,reloc    ] GC(164) Small Pages: 267 / 534M, Empty: 480M, Relocated: 4M, In-Place: 0
[33.771s][info][gc,reloc    ] GC(164) Medium Pages: 1 / 32M, Empty: 0M, Relocated: 0M, In-Place: 0
[33.771s][info][gc,reloc    ] GC(164) Large Pages: 0 / 0M, Empty: 0M, Relocated: 0M, In-Place: 0
[33.771s][info][gc,reloc    ] GC(164) Forwarding Usage: 2M
[33.771s][info][gc,heap     ] GC(164) Min Capacity: 8M(1%)
[33.771s][info][gc,heap     ] GC(164) Max Capacity: 1024M(100%)
[33.771s][info][gc,heap     ] GC(164) Soft Max Capacity: 1024M(100%)
[33.771s][info][gc,heap     ] GC(164)                Mark Start          Mark End        Relocate Start      Relocate End           High               Low         
[33.771s][info][gc,heap     ] GC(164)  Capacity:     1024M (100%)       1024M (100%)       1024M (100%)       1024M (100%)       1024M (100%)       1024M (100%)   
[33.771s][info][gc,heap     ] GC(164)      Free:      458M (45%)         316M (31%)         778M (76%)         790M (77%)         796M (78%)         310M (30%)    
[33.771s][info][gc,heap     ] GC(164)      Used:      566M (55%)         708M (69%)         246M (24%)         234M (23%)         714M (70%)         228M (22%)    
[33.771s][info][gc,heap     ] GC(164)      Live:         -                23M (2%)           23M (2%)           23M (2%)             -                  -          
[33.771s][info][gc,heap     ] GC(164) Allocated:         -               142M (14%)         160M (16%)         171M (17%)            -                  -          
[33.771s][info][gc,heap     ] GC(164)   Garbage:         -               542M (53%)          62M (6%)           38M (4%)             -                  -          
[33.771s][info][gc,heap     ] GC(164) Reclaimed:         -                  -               480M (47%)         503M (49%)            -                  -          
[33.772s][info][gc          ] GC(164) Garbage Collection (Allocation Rate) 566M(55%)->234M(23%)
[33.889s][info][gc,start    ] GC(165) Garbage Collection (Allocation Rate)
[33.889s][info][gc,task     ] GC(165) Using 2 workers
[33.889s][info][gc,phases   ] GC(165) Pause Mark Start 0.013ms
[33.951s][info][gc,phases   ] GC(165) Concurrent Mark 61.667ms
[33.951s][info][gc,phases   ] GC(165) Pause Mark End 0.019ms
[33.951s][info][gc,phases   ] GC(165) Concurrent Mark Free 0.001ms
[33.954s][info][gc,phases   ] GC(165) Concurrent Process Non-Strong References 2.468ms
[33.954s][info][gc,phases   ] GC(165) Concurrent Reset Relocation Set 0.002ms
[33.956s][info][gc,phases   ] GC(165) Concurrent Select Relocation Set 2.726ms
[33.956s][info][gc,phases   ] GC(165) Pause Relocate Start 0.008ms
[33.961s][info][gc,phases   ] GC(165) Concurrent Relocate 4.798ms
[33.961s][info][gc,load     ] GC(165) Load: 0.00/0.00/0.00
[33.961s][info][gc,mmu      ] GC(165) MMU: 2ms/98.9%, 5ms/99.4%, 10ms/99.7%, 20ms/99.7%, 50ms/99.9%, 100ms/99.9%
[33.961s][info][gc,marking  ] GC(165) Mark: 2 stripe(s), 2 proactive flush(es), 1 terminate flush(es), 0 completion(s), 0 continuation(s) 
[33.961s][info][gc,marking  ] GC(165) Mark Stack Usage: 32M
[33.961s][info][gc,nmethod  ] GC(165) NMethods: 1363 registered, 54 unregistered
[33.961s][info][gc,metaspace] GC(165) Metaspace: 8M used, 8M committed, 1088M reserved
[33.961s][info][gc,ref      ] GC(165) Soft: 174 encountered, 0 discovered, 0 enqueued
[33.961s][info][gc,ref      ] GC(165) Weak: 570 encountered, 424 discovered, 0 enqueued
[33.961s][info][gc,ref      ] GC(165) Final: 0 encountered, 0 discovered, 0 enqueued
[33.961s][info][gc,ref      ] GC(165) Phantom: 21 encountered, 17 discovered, 0 enqueued
[33.961s][info][gc,reloc    ] GC(165) Small Pages: 243 / 486M, Empty: 434M, Relocated: 3M, In-Place: 0
[33.961s][info][gc,reloc    ] GC(165) Medium Pages: 2 / 64M, Empty: 0M, Relocated: 2M, In-Place: 0
[33.961s][info][gc,reloc    ] GC(165) Large Pages: 0 / 0M, Empty: 0M, Relocated: 0M, In-Place: 0
[33.962s][info][gc,reloc    ] GC(165) Forwarding Usage: 1M
[33.962s][info][gc,heap     ] GC(165) Min Capacity: 8M(1%)
[33.962s][info][gc,heap     ] GC(165) Max Capacity: 1024M(100%)
[33.962s][info][gc,heap     ] GC(165) Soft Max Capacity: 1024M(100%)
[33.962s][info][gc,heap     ] GC(165)                Mark Start          Mark End        Relocate Start      Relocate End           High               Low         
[33.962s][info][gc,heap     ] GC(165)  Capacity:     1024M (100%)       1024M (100%)       1024M (100%)       1024M (100%)       1024M (100%)       1024M (100%)   
[33.962s][info][gc,heap     ] GC(165)      Free:      474M (46%)         310M (30%)         730M (71%)         770M (75%)         772M (75%)         304M (30%)    
[33.962s][info][gc,heap     ] GC(165)      Used:      550M (54%)         714M (70%)         294M (29%)         254M (25%)         720M (70%)         252M (25%)    
[33.962s][info][gc,heap     ] GC(165)      Live:         -                25M (2%)           25M (2%)           25M (2%)             -                  -          
[33.962s][info][gc,heap     ] GC(165) Allocated:         -               164M (16%)         178M (17%)         191M (19%)            -                  -          
[33.962s][info][gc,heap     ] GC(165)   Garbage:         -               524M (51%)          90M (9%)           36M (4%)             -                  -          
[33.962s][info][gc,heap     ] GC(165) Reclaimed:         -                  -               434M (42%)         487M (48%)            -                  -          
[33.962s][info][gc          ] GC(165) Garbage Collection (Allocation Rate) 550M(54%)->254M(25%)
[34.098s][info][gc,start    ] GC(166) Garbage Collection (Allocation Rate)
[34.098s][info][gc,task     ] GC(166) Using 2 workers
[34.098s][info][gc,phases   ] GC(166) Pause Mark Start 0.013ms
[34.161s][info][gc,phases   ] GC(166) Concurrent Mark 62.127ms
[34.161s][info][gc,phases   ] GC(166) Pause Mark End 0.012ms
[34.161s][info][gc,phases   ] GC(166) Concurrent Mark Free 0.001ms
[34.163s][info][gc,phases   ] GC(166) Concurrent Process Non-Strong References 2.358ms
[34.163s][info][gc,phases   ] GC(166) Concurrent Reset Relocation Set 0.004ms
[34.167s][info][gc,phases   ] GC(166) Concurrent Select Relocation Set 3.730ms
[34.167s][info][gc,phases   ] GC(166) Pause Relocate Start 0.004ms
[34.171s][info][gc,phases   ] GC(166) Concurrent Relocate 4.209ms
[34.171s][info][gc,load     ] GC(166) Load: 0.00/0.00/0.00
[34.172s][info][gc,mmu      ] GC(166) MMU: 2ms/98.9%, 5ms/99.4%, 10ms/99.7%, 20ms/99.7%, 50ms/99.9%, 100ms/99.9%
[34.172s][info][gc,marking  ] GC(166) Mark: 2 stripe(s), 2 proactive flush(es), 1 terminate flush(es), 0 completion(s), 0 continuation(s) 
[34.172s][info][gc,marking  ] GC(166) Mark Stack Usage: 32M
[34.172s][info][gc,nmethod  ] GC(166) NMethods: 1363 registered, 54 unregistered
[34.172s][info][gc,metaspace] GC(166) Metaspace: 8M used, 8M committed, 1088M reserved
[34.172s][info][gc,ref      ] GC(166) Soft: 174 encountered, 0 discovered, 0 enqueued
[34.172s][info][gc,ref      ] GC(166) Weak: 570 encountered, 424 discovered, 0 enqueued
[34.172s][info][gc,ref      ] GC(166) Final: 0 encountered, 0 discovered, 0 enqueued
[34.172s][info][gc,ref      ] GC(166) Phantom: 21 encountered, 17 discovered, 0 enqueued
[34.172s][info][gc,reloc    ] GC(166) Small Pages: 281 / 562M, Empty: 518M, Relocated: 3M, In-Place: 0
[34.172s][info][gc,reloc    ] GC(166) Medium Pages: 2 / 64M, Empty: 0M, Relocated: 2M, In-Place: 0
[34.172s][info][gc,reloc    ] GC(166) Large Pages: 0 / 0M, Empty: 0M, Relocated: 0M, In-Place: 0
[34.172s][info][gc,reloc    ] GC(166) Forwarding Usage: 1M
[34.172s][info][gc,heap     ] GC(166) Min Capacity: 8M(1%)
[34.172s][info][gc,heap     ] GC(166) Max Capacity: 1024M(100%)
[34.172s][info][gc,heap     ] GC(166) Soft Max Capacity: 1024M(100%)
[34.172s][info][gc,heap     ] GC(166)                Mark Start          Mark End        Relocate Start      Relocate End           High               Low         
[34.172s][info][gc,heap     ] GC(166)  Capacity:     1024M (100%)       1024M (100%)       1024M (100%)       1024M (100%)       1024M (100%)       1024M (100%)   
[34.172s][info][gc,heap     ] GC(166)      Free:      398M (39%)         234M (23%)         736M (72%)         768M (75%)         772M (75%)         228M (22%)    
[34.172s][info][gc,heap     ] GC(166)      Used:      626M (61%)         790M (77%)         288M (28%)         256M (25%)         796M (78%)         252M (25%)    
[34.172s][info][gc,heap     ] GC(166)      Live:         -                26M (3%)           26M (3%)           26M (3%)             -                  -          
[34.172s][info][gc,heap     ] GC(166) Allocated:         -               164M (16%)         180M (18%)         189M (19%)            -                  -          
[34.172s][info][gc,heap     ] GC(166)   Garbage:         -               599M (59%)          81M (8%)           39M (4%)             -                  -          
[34.172s][info][gc,heap     ] GC(166) Reclaimed:         -                  -               518M (51%)         559M (55%)            -                  -          
[34.172s][info][gc          ] GC(166) Garbage Collection (Allocation Rate) 626M(61%)->256M(25%)
[34.301s][info][gc,start    ] GC(167) Garbage Collection (Allocation Rate)
[34.301s][info][gc,task     ] GC(167) Using 2 workers
[34.301s][info][gc,phases   ] GC(167) Pause Mark Start 0.015ms
[34.364s][info][gc,phases   ] GC(167) Concurrent Mark 62.164ms
[34.364s][info][gc,phases   ] GC(167) Pause Mark End 0.012ms
[34.364s][info][gc,phases   ] GC(167) Concurrent Mark Free 0.001ms
[34.366s][info][gc,phases   ] GC(167) Concurrent Process Non-Strong References 2.312ms
[34.366s][info][gc,phases   ] GC(167) Concurrent Reset Relocation Set 0.002ms
[34.373s][info][gc,phases   ] GC(167) Concurrent Select Relocation Set 6.500ms
[34.373s][info][gc,phases   ] GC(167) Pause Relocate Start 0.003ms
[34.382s][info][gc,phases   ] GC(167) Concurrent Relocate 9.384ms
[34.383s][info][gc,load     ] GC(167) Load: 0.00/0.00/0.00
[34.383s][info][gc,mmu      ] GC(167) MMU: 2ms/98.9%, 5ms/99.4%, 10ms/99.7%, 20ms/99.7%, 50ms/99.9%, 100ms/99.9%
[34.383s][info][gc,marking  ] GC(167) Mark: 2 stripe(s), 2 proactive flush(es), 1 terminate flush(es), 0 completion(s), 0 continuation(s) 
[34.383s][info][gc,marking  ] GC(167) Mark Stack Usage: 32M
[34.383s][info][gc,nmethod  ] GC(167) NMethods: 1363 registered, 54 unregistered
[34.383s][info][gc,metaspace] GC(167) Metaspace: 8M used, 8M committed, 1088M reserved
[34.383s][info][gc,ref      ] GC(167) Soft: 174 encountered, 0 discovered, 0 enqueued
[34.383s][info][gc,ref      ] GC(167) Weak: 570 encountered, 427 discovered, 0 enqueued
[34.383s][info][gc,ref      ] GC(167) Final: 0 encountered, 0 discovered, 0 enqueued
[34.383s][info][gc,ref      ] GC(167) Phantom: 21 encountered, 16 discovered, 0 enqueued
[34.383s][info][gc,reloc    ] GC(167) Small Pages: 273 / 546M, Empty: 502M, Relocated: 6M, In-Place: 0
[34.383s][info][gc,reloc    ] GC(167) Medium Pages: 1 / 32M, Empty: 0M, Relocated: 0M, In-Place: 0
[34.383s][info][gc,reloc    ] GC(167) Large Pages: 0 / 0M, Empty: 0M, Relocated: 0M, In-Place: 0
[34.383s][info][gc,reloc    ] GC(167) Forwarding Usage: 2M
[34.383s][info][gc,heap     ] GC(167) Min Capacity: 8M(1%)
[34.383s][info][gc,heap     ] GC(167) Max Capacity: 1024M(100%)
[34.383s][info][gc,heap     ] GC(167) Soft Max Capacity: 1024M(100%)
[34.383s][info][gc,heap     ] GC(167)                Mark Start          Mark End        Relocate Start      Relocate End           High               Low         
[34.383s][info][gc,heap     ] GC(167)  Capacity:     1024M (100%)       1024M (100%)       1024M (100%)       1024M (100%)       1024M (100%)       1024M (100%)   
[34.383s][info][gc,heap     ] GC(167)      Free:      446M (44%)         294M (29%)         788M (77%)         786M (77%)         794M (78%)         292M (29%)    
[34.383s][info][gc,heap     ] GC(167)      Used:      578M (56%)         730M (71%)         236M (23%)         238M (23%)         732M (71%)         230M (22%)    
[34.383s][info][gc,heap     ] GC(167)      Live:         -                28M (3%)           28M (3%)           28M (3%)             -                  -          
[34.383s][info][gc,heap     ] GC(167) Allocated:         -               152M (15%)         160M (16%)         174M (17%)            -                  -          
[34.383s][info][gc,heap     ] GC(167)   Garbage:         -               549M (54%)          47M (5%)           35M (3%)             -                  -          
[34.383s][info][gc,heap     ] GC(167) Reclaimed:         -                  -               502M (49%)         514M (50%)            -                  -          
[34.383s][info][gc          ] GC(167) Garbage Collection (Allocation Rate) 578M(56%)->238M(23%)
[34.604s][info][gc,start    ] GC(168) Garbage Collection (Allocation Rate)
[34.604s][info][gc,task     ] GC(168) Using 2 workers
[34.604s][info][gc,phases   ] GC(168) Pause Mark Start 0.015ms
[34.667s][info][gc,phases   ] GC(168) Concurrent Mark 62.910ms
[34.668s][info][gc,phases   ] GC(168) Pause Mark End 0.016ms
[34.668s][info][gc,phases   ] GC(168) Concurrent Mark Free 0.001ms
[34.670s][info][gc,phases   ] GC(168) Concurrent Process Non-Strong References 2.527ms
[34.670s][info][gc,phases   ] GC(168) Concurrent Reset Relocation Set 0.004ms
[34.674s][info][gc,phases   ] GC(168) Concurrent Select Relocation Set 4.001ms
[34.674s][info][gc,phases   ] GC(168) Pause Relocate Start 0.009ms
[34.678s][info][gc,phases   ] GC(168) Concurrent Relocate 3.176ms
[34.678s][info][gc,load     ] GC(168) Load: 0.00/0.00/0.00
[34.678s][info][gc,mmu      ] GC(168) MMU: 2ms/98.9%, 5ms/99.4%, 10ms/99.7%, 20ms/99.7%, 50ms/99.9%, 100ms/99.9%
[34.678s][info][gc,marking  ] GC(168) Mark: 2 stripe(s), 2 proactive flush(es), 1 terminate flush(es), 0 completion(s), 0 continuation(s) 
[34.678s][info][gc,marking  ] GC(168) Mark Stack Usage: 32M
[34.678s][info][gc,nmethod  ] GC(168) NMethods: 1363 registered, 54 unregistered
[34.678s][info][gc,metaspace] GC(168) Metaspace: 8M used, 8M committed, 1088M reserved
[34.678s][info][gc,ref      ] GC(168) Soft: 174 encountered, 0 discovered, 0 enqueued
[34.678s][info][gc,ref      ] GC(168) Weak: 570 encountered, 424 discovered, 0 enqueued
[34.678s][info][gc,ref      ] GC(168) Final: 0 encountered, 0 discovered, 0 enqueued
[34.678s][info][gc,ref      ] GC(168) Phantom: 21 encountered, 17 discovered, 0 enqueued
[34.678s][info][gc,reloc    ] GC(168) Small Pages: 175 / 350M, Empty: 300M, Relocated: 3M, In-Place: 0
[34.678s][info][gc,reloc    ] GC(168) Medium Pages: 2 / 64M, Empty: 0M, Relocated: 3M, In-Place: 0
[34.678s][info][gc,reloc    ] GC(168) Large Pages: 0 / 0M, Empty: 0M, Relocated: 0M, In-Place: 0
[34.678s][info][gc,reloc    ] GC(168) Forwarding Usage: 1M
[34.678s][info][gc,heap     ] GC(168) Min Capacity: 8M(1%)
[34.678s][info][gc,heap     ] GC(168) Max Capacity: 1024M(100%)
[34.678s][info][gc,heap     ] GC(168) Soft Max Capacity: 1024M(100%)
[34.678s][info][gc,heap     ] GC(168)                Mark Start          Mark End        Relocate Start      Relocate End           High               Low         
[34.678s][info][gc,heap     ] GC(168)  Capacity:     1024M (100%)       1024M (100%)       1024M (100%)       1024M (100%)       1024M (100%)       1024M (100%)   
[34.678s][info][gc,heap     ] GC(168)      Free:      610M (60%)         566M (55%)         866M (85%)         900M (88%)         900M (88%)         566M (55%)    
[34.679s][info][gc,heap     ] GC(168)      Used:      414M (40%)         458M (45%)         158M (15%)         124M (12%)         458M (45%)         124M (12%)    
[34.679s][info][gc,heap     ] GC(168)      Live:         -                42M (4%)           42M (4%)           42M (4%)             -                  -          
[34.679s][info][gc,heap     ] GC(168) Allocated:         -                44M (4%)           44M (4%)           43M (4%)             -                  -          
[34.679s][info][gc,heap     ] GC(168)   Garbage:         -               371M (36%)          71M (7%)           37M (4%)             -                  -          
[34.679s][info][gc,heap     ] GC(168) Reclaimed:         -                  -               300M (29%)         333M (33%)            -                  -          
[34.679s][info][gc          ] GC(168) Garbage Collection (Allocation Rate) 414M(40%)->124M(12%)
[34.902s][info][gc,start    ] GC(169) Garbage Collection (Allocation Rate)
[34.902s][info][gc,task     ] GC(169) Using 5 workers
[34.902s][info][gc,phases   ] GC(169) Pause Mark Start 0.014ms
[34.935s][info][gc,phases   ] GC(169) Concurrent Mark 32.434ms
[34.935s][info][gc,phases   ] GC(169) Pause Mark End 0.016ms
[34.935s][info][gc,phases   ] GC(169) Concurrent Mark Free 0.001ms
[34.936s][info][gc,phases   ] GC(169) Concurrent Process Non-Strong References 1.018ms
[34.936s][info][gc,phases   ] GC(169) Concurrent Reset Relocation Set 0.001ms
[34.943s][info][gc,phases   ] GC(169) Concurrent Select Relocation Set 6.699ms
[34.943s][info][gc,phases   ] GC(169) Pause Relocate Start 0.006ms
[34.947s][info][gc,phases   ] GC(169) Concurrent Relocate 4.579ms
[34.947s][info][gc,load     ] GC(169) Load: 0.00/0.00/0.00
[34.948s][info][gc,mmu      ] GC(169) MMU: 2ms/98.9%, 5ms/99.4%, 10ms/99.7%, 20ms/99.7%, 50ms/99.9%, 100ms/99.9%
[34.948s][info][gc,marking  ] GC(169) Mark: 4 stripe(s), 6 proactive flush(es), 1 terminate flush(es), 0 completion(s), 0 continuation(s) 
[34.948s][info][gc,marking  ] GC(169) Mark Stack Usage: 32M
[34.948s][info][gc,nmethod  ] GC(169) NMethods: 1366 registered, 54 unregistered
[34.948s][info][gc,metaspace] GC(169) Metaspace: 8M used, 8M committed, 1088M reserved
[34.948s][info][gc,ref      ] GC(169) Soft: 174 encountered, 0 discovered, 0 enqueued
[34.948s][info][gc,ref      ] GC(169) Weak: 570 encountered, 264 discovered, 0 enqueued
[34.948s][info][gc,ref      ] GC(169) Final: 0 encountered, 0 discovered, 0 enqueued
[34.948s][info][gc,ref      ] GC(169) Phantom: 21 encountered, 16 discovered, 0 enqueued
[34.948s][info][gc,reloc    ] GC(169) Small Pages: 51 / 102M, Empty: 60M, Relocated: 5M, In-Place: 0
[34.948s][info][gc,reloc    ] GC(169) Medium Pages: 2 / 64M, Empty: 32M, Relocated: 0M, In-Place: 0
[34.948s][info][gc,reloc    ] GC(169) Large Pages: 0 / 0M, Empty: 0M, Relocated: 0M, In-Place: 0
[34.948s][info][gc,reloc    ] GC(169) Forwarding Usage: 2M
[34.948s][info][gc,heap     ] GC(169) Min Capacity: 8M(1%)
[34.948s][info][gc,heap     ] GC(169) Max Capacity: 1024M(100%)
[34.948s][info][gc,heap     ] GC(169) Soft Max Capacity: 1024M(100%)
[34.948s][info][gc,heap     ] GC(169)                Mark Start          Mark End        Relocate Start      Relocate End           High               Low         
[34.948s][info][gc,heap     ] GC(169)  Capacity:     1024M (100%)       1024M (100%)       1024M (100%)       1024M (100%)       1024M (100%)       1024M (100%)   
[34.948s][info][gc,heap     ] GC(169)      Free:      858M (84%)         848M (83%)         940M (92%)         944M (92%)         944M (92%)         848M (83%)    
[34.948s][info][gc,heap     ] GC(169)      Used:      166M (16%)         176M (17%)          84M (8%)           80M (8%)          176M (17%)          80M (8%)     
[34.948s][info][gc,heap     ] GC(169)      Live:         -                30M (3%)           30M (3%)           30M (3%)             -                  -          
[34.948s][info][gc,heap     ] GC(169) Allocated:         -                10M (1%)           10M (1%)           10M (1%)             -                  -          
[34.948s][info][gc,heap     ] GC(169)   Garbage:         -               135M (13%)          43M (4%)           39M (4%)             -                  -          
[34.948s][info][gc,heap     ] GC(169) Reclaimed:         -                  -                92M (9%)           96M (9%)             -                  -          
[34.948s][info][gc          ] GC(169) Garbage Collection (Allocation Rate) 166M(16%)->80M(8%)
[34.948s][info][gc,start    ] GC(170) Garbage Collection (System.gc())
[34.948s][info][gc,task     ] GC(170) Using 10 workers
[34.949s][info][gc,phases   ] GC(170) Pause Mark Start 0.013ms
[34.953s][info][gc,phases   ] GC(170) Concurrent Mark 3.992ms
[34.953s][info][gc,phases   ] GC(170) Pause Mark End 0.013ms
[34.953s][info][gc,phases   ] GC(170) Concurrent Mark Free 0.001ms
[34.953s][info][gc,phases   ] GC(170) Concurrent Process Non-Strong References 0.627ms
[34.954s][info][gc,phases   ] GC(170) Concurrent Reset Relocation Set 0.002ms
[34.958s][info][gc,phases   ] GC(170) Concurrent Select Relocation Set 4.036ms
[34.958s][info][gc,phases   ] GC(170) Pause Relocate Start 0.006ms
[34.959s][info][gc,phases   ] GC(170) Concurrent Relocate 1.071ms
[34.959s][info][gc,load     ] GC(170) Load: 0.00/0.00/0.00
[34.959s][info][gc,mmu      ] GC(170) MMU: 2ms/98.9%, 5ms/99.4%, 10ms/99.7%, 20ms/99.7%, 50ms/99.9%, 100ms/99.9%
[34.959s][info][gc,marking  ] GC(170) Mark: 8 stripe(s), 1 proactive flush(es), 1 terminate flush(es), 0 completion(s), 0 continuation(s) 
[34.959s][info][gc,marking  ] GC(170) Mark Stack Usage: 32M
[34.959s][info][gc,nmethod  ] GC(170) NMethods: 1366 registered, 54 unregistered
[34.959s][info][gc,metaspace] GC(170) Metaspace: 8M used, 8M committed, 1088M reserved
[34.959s][info][gc,ref      ] GC(170) Soft: 174 encountered, 0 discovered, 0 enqueued
[34.959s][info][gc,ref      ] GC(170) Weak: 570 encountered, 9 discovered, 0 enqueued
[34.959s][info][gc,ref      ] GC(170) Final: 0 encountered, 0 discovered, 0 enqueued
[34.959s][info][gc,ref      ] GC(170) Phantom: 21 encountered, 15 discovered, 0 enqueued
[34.959s][info][gc,reloc    ] GC(170) Small Pages: 24 / 48M, Empty: 34M, Relocated: 1M, In-Place: 0
[34.959s][info][gc,reloc    ] GC(170) Medium Pages: 1 / 32M, Empty: 32M, Relocated: 0M, In-Place: 0
[34.959s][info][gc,reloc    ] GC(170) Large Pages: 0 / 0M, Empty: 0M, Relocated: 0M, In-Place: 0
[34.959s][info][gc,reloc    ] GC(170) Forwarding Usage: 0M
[34.959s][info][gc,heap     ] GC(170) Min Capacity: 8M(1%)
[34.959s][info][gc,heap     ] GC(170) Max Capacity: 1024M(100%)
[34.959s][info][gc,heap     ] GC(170) Soft Max Capacity: 1024M(100%)
[34.959s][info][gc,heap     ] GC(170)                Mark Start          Mark End        Relocate Start      Relocate End           High               Low         
[34.959s][info][gc,heap     ] GC(170)  Capacity:     1024M (100%)       1024M (100%)       1024M (100%)       1024M (100%)       1024M (100%)       1024M (100%)   
[34.960s][info][gc,heap     ] GC(170)      Free:      944M (92%)         944M (92%)        1010M (99%)        1010M (99%)        1010M (99%)         944M (92%)    
[34.960s][info][gc,heap     ] GC(170)      Used:       80M (8%)           80M (8%)           14M (1%)           14M (1%)           80M (8%)           14M (1%)     
[34.960s][info][gc,heap     ] GC(170)      Live:         -                 4M (0%)            4M (0%)            4M (0%)             -                  -          
[34.960s][info][gc,heap     ] GC(170) Allocated:         -                 0M (0%)            0M (0%)            0M (0%)             -                  -          
[34.960s][info][gc,heap     ] GC(170)   Garbage:         -                75M (7%)            9M (1%)            9M (1%)             -                  -          
[34.960s][info][gc,heap     ] GC(170) Reclaimed:         -                  -                66M (6%)           66M (6%)             -                  -          
[34.960s][info][gc          ] GC(170) Garbage Collection (System.gc()) 80M(8%)->14M(1%)
[35.192s][info][gc,start    ] GC(171) Garbage Collection (Allocation Rate)
[35.192s][info][gc,task     ] GC(171) Using 10 workers
[35.193s][info][gc,phases   ] GC(171) Pause Mark Start 0.017ms
[35.208s][info][gc,phases   ] GC(171) Concurrent Mark 15.268ms
[35.208s][info][gc,phases   ] GC(171) Pause Mark End 0.014ms
[35.208s][info][gc,phases   ] GC(171) Concurrent Mark Free 0.001ms
[35.209s][info][gc,phases   ] GC(171) Concurrent Process Non-Strong References 0.679ms
[35.209s][info][gc,phases   ] GC(171) Concurrent Reset Relocation Set 0.001ms
[35.212s][info][gc,phases   ] GC(171) Concurrent Select Relocation Set 3.163ms
[35.212s][info][gc,phases   ] GC(171) Pause Relocate Start 0.005ms
[35.213s][info][gc,phases   ] GC(171) Concurrent Relocate 1.130ms
[35.213s][info][gc,load     ] GC(171) Load: 0.00/0.00/0.00
[35.213s][info][gc,mmu      ] GC(171) MMU: 2ms/98.9%, 5ms/99.4%, 10ms/99.7%, 20ms/99.7%, 50ms/99.9%, 100ms/99.9%
[35.213s][info][gc,marking  ] GC(171) Mark: 8 stripe(s), 2 proactive flush(es), 1 terminate flush(es), 0 completion(s), 0 continuation(s) 
[35.213s][info][gc,marking  ] GC(171) Mark Stack Usage: 32M
[35.213s][info][gc,nmethod  ] GC(171) NMethods: 1368 registered, 54 unregistered
[35.213s][info][gc,metaspace] GC(171) Metaspace: 8M used, 8M committed, 1088M reserved
[35.214s][info][gc,ref      ] GC(171) Soft: 174 encountered, 0 discovered, 0 enqueued
[35.214s][info][gc,ref      ] GC(171) Weak: 570 encountered, 42 discovered, 0 enqueued
[35.214s][info][gc,ref      ] GC(171) Final: 0 encountered, 0 discovered, 0 enqueued
[35.214s][info][gc,ref      ] GC(171) Phantom: 21 encountered, 19 discovered, 0 enqueued
[35.214s][info][gc,reloc    ] GC(171) Small Pages: 296 / 592M, Empty: 562M, Relocated: 2M, In-Place: 0
[35.214s][info][gc,reloc    ] GC(171) Medium Pages: 0 / 0M, Empty: 0M, Relocated: 0M, In-Place: 0
[35.214s][info][gc,reloc    ] GC(171) Large Pages: 0 / 0M, Empty: 0M, Relocated: 0M, In-Place: 0
[35.214s][info][gc,reloc    ] GC(171) Forwarding Usage: 0M
[35.214s][info][gc,heap     ] GC(171) Min Capacity: 8M(1%)
[35.214s][info][gc,heap     ] GC(171) Max Capacity: 1024M(100%)
[35.214s][info][gc,heap     ] GC(171) Soft Max Capacity: 1024M(100%)
[35.214s][info][gc,heap     ] GC(171)                Mark Start          Mark End        Relocate Start      Relocate End           High               Low         
[35.214s][info][gc,heap     ] GC(171)  Capacity:     1024M (100%)       1024M (100%)       1024M (100%)       1024M (100%)       1024M (100%)       1024M (100%)   
[35.214s][info][gc,heap     ] GC(171)      Free:      432M (42%)         416M (41%)         972M (95%)         978M (96%)         978M (96%)         414M (40%)    
[35.214s][info][gc,heap     ] GC(171)      Used:      592M (58%)         608M (59%)          52M (5%)           46M (4%)          610M (60%)          46M (4%)     
[35.214s][info][gc,heap     ] GC(171)      Live:         -                 6M (1%)            6M (1%)            6M (1%)             -                  -          
[35.214s][info][gc,heap     ] GC(171) Allocated:         -                16M (2%)           22M (2%)           21M (2%)             -                  -          
[35.214s][info][gc,heap     ] GC(171)   Garbage:         -               585M (57%)          23M (2%)           17M (2%)             -                  -          
[35.214s][info][gc,heap     ] GC(171) Reclaimed:         -                  -               562M (55%)         567M (55%)            -                  -          
[35.214s][info][gc          ] GC(171) Garbage Collection (Allocation Rate) 592M(58%)->46M(4%)
[35.396s][info][gc,start    ] GC(172) Garbage Collection (Allocation Rate)
[35.396s][info][gc,task     ] GC(172) Using 10 workers
[35.396s][info][gc,phases   ] GC(172) Pause Mark Start 0.014ms
[35.411s][info][gc,phases   ] GC(172) Concurrent Mark 15.296ms
[35.411s][info][gc,phases   ] GC(172) Pause Mark End 0.017ms
[35.411s][info][gc,phases   ] GC(172) Concurrent Mark Free 0.001ms
[35.412s][info][gc,phases   ] GC(172) Concurrent Process Non-Strong References 0.720ms
[35.412s][info][gc,phases   ] GC(172) Concurrent Reset Relocation Set 0.002ms
[35.417s][info][gc,phases   ] GC(172) Concurrent Select Relocation Set 4.564ms
[35.417s][info][gc,phases   ] GC(172) Pause Relocate Start 0.007ms
[35.418s][info][gc,phases   ] GC(172) Concurrent Relocate 1.553ms
[35.419s][info][gc,load     ] GC(172) Load: 0.00/0.00/0.00
[35.419s][info][gc,mmu      ] GC(172) MMU: 2ms/98.9%, 5ms/99.4%, 10ms/99.7%, 20ms/99.7%, 50ms/99.9%, 100ms/99.9%
[35.419s][info][gc,marking  ] GC(172) Mark: 8 stripe(s), 2 proactive flush(es), 1 terminate flush(es), 0 completion(s), 0 continuation(s) 
[35.419s][info][gc,marking  ] GC(172) Mark Stack Usage: 32M
[35.419s][info][gc,nmethod  ] GC(172) NMethods: 1368 registered, 54 unregistered
[35.419s][info][gc,metaspace] GC(172) Metaspace: 8M used, 8M committed, 1088M reserved
[35.419s][info][gc,ref      ] GC(172) Soft: 174 encountered, 0 discovered, 0 enqueued
[35.419s][info][gc,ref      ] GC(172) Weak: 570 encountered, 15 discovered, 0 enqueued
[35.419s][info][gc,ref      ] GC(172) Final: 0 encountered, 0 discovered, 0 enqueued
[35.419s][info][gc,ref      ] GC(172) Phantom: 21 encountered, 19 discovered, 0 enqueued
[35.419s][info][gc,reloc    ] GC(172) Small Pages: 250 / 500M, Empty: 470M, Relocated: 2M, In-Place: 0
[35.419s][info][gc,reloc    ] GC(172) Medium Pages: 1 / 32M, Empty: 0M, Relocated: 0M, In-Place: 0
[35.419s][info][gc,reloc    ] GC(172) Large Pages: 0 / 0M, Empty: 0M, Relocated: 0M, In-Place: 0
[35.419s][info][gc,reloc    ] GC(172) Forwarding Usage: 0M
[35.419s][info][gc,heap     ] GC(172) Min Capacity: 8M(1%)
[35.419s][info][gc,heap     ] GC(172) Max Capacity: 1024M(100%)
[35.419s][info][gc,heap     ] GC(172) Soft Max Capacity: 1024M(100%)
[35.419s][info][gc,heap     ] GC(172)                Mark Start          Mark End        Relocate Start      Relocate End           High               Low         
[35.419s][info][gc,heap     ] GC(172)  Capacity:     1024M (100%)       1024M (100%)       1024M (100%)       1024M (100%)       1024M (100%)       1024M (100%)   
[35.419s][info][gc,heap     ] GC(172)      Free:      492M (48%)         452M (44%)         906M (88%)         906M (88%)         910M (89%)         448M (44%)    
[35.419s][info][gc,heap     ] GC(172)      Used:      532M (52%)         572M (56%)         118M (12%)         118M (12%)         576M (56%)         114M (11%)    
[35.419s][info][gc,heap     ] GC(172)      Live:         -                 7M (1%)            7M (1%)            7M (1%)             -                  -          
[35.419s][info][gc,heap     ] GC(172) Allocated:         -                40M (4%)           56M (5%)           59M (6%)             -                  -          
[35.419s][info][gc,heap     ] GC(172)   Garbage:         -               524M (51%)          54M (5%)           50M (5%)             -                  -          
[35.419s][info][gc,heap     ] GC(172) Reclaimed:         -                  -               470M (46%)         473M (46%)            -                  -          
[35.419s][info][gc          ] GC(172) Garbage Collection (Allocation Rate) 532M(52%)->118M(12%)
[35.694s][info][gc,start    ] GC(173) Garbage Collection (Allocation Rate)
[35.694s][info][gc,task     ] GC(173) Using 4 workers
[35.694s][info][gc,phases   ] GC(173) Pause Mark Start 0.016ms
[35.710s][info][gc,phases   ] GC(173) Concurrent Mark 15.265ms
[35.710s][info][gc,phases   ] GC(173) Pause Mark End 0.013ms
[35.710s][info][gc,phases   ] GC(173) Concurrent Mark Free 0.001ms
[35.711s][info][gc,phases   ] GC(173) Concurrent Process Non-Strong References 1.358ms
[35.711s][info][gc,phases   ] GC(173) Concurrent Reset Relocation Set 0.001ms
[35.714s][info][gc,phases   ] GC(173) Concurrent Select Relocation Set 2.548ms
[35.714s][info][gc,phases   ] GC(173) Pause Relocate Start 0.006ms
[35.715s][info][gc,phases   ] GC(173) Concurrent Relocate 1.114ms
[35.715s][info][gc,load     ] GC(173) Load: 0.00/0.00/0.00
[35.715s][info][gc,mmu      ] GC(173) MMU: 2ms/98.9%, 5ms/99.4%, 10ms/99.7%, 20ms/99.7%, 50ms/99.9%, 100ms/99.9%
[35.715s][info][gc,marking  ] GC(173) Mark: 4 stripe(s), 2 proactive flush(es), 1 terminate flush(es), 0 completion(s), 0 continuation(s) 
[35.715s][info][gc,marking  ] GC(173) Mark Stack Usage: 32M
[35.715s][info][gc,nmethod  ] GC(173) NMethods: 1368 registered, 54 unregistered
[35.715s][info][gc,metaspace] GC(173) Metaspace: 8M used, 8M committed, 1088M reserved
[35.715s][info][gc,ref      ] GC(173) Soft: 174 encountered, 0 discovered, 0 enqueued
[35.715s][info][gc,ref      ] GC(173) Weak: 570 encountered, 7 discovered, 0 enqueued
[35.715s][info][gc,ref      ] GC(173) Final: 0 encountered, 0 discovered, 0 enqueued
[35.715s][info][gc,ref      ] GC(173) Phantom: 21 encountered, 19 discovered, 0 enqueued
[35.715s][info][gc,reloc    ] GC(173) Small Pages: 354 / 708M, Empty: 680M, Relocated: 1M, In-Place: 0
[35.715s][info][gc,reloc    ] GC(173) Medium Pages: 2 / 64M, Empty: 32M, Relocated: 0M, In-Place: 0
[35.715s][info][gc,reloc    ] GC(173) Large Pages: 0 / 0M, Empty: 0M, Relocated: 0M, In-Place: 0
[35.715s][info][gc,reloc    ] GC(173) Forwarding Usage: 0M
[35.715s][info][gc,heap     ] GC(173) Min Capacity: 8M(1%)
[35.715s][info][gc,heap     ] GC(173) Max Capacity: 1024M(100%)
[35.715s][info][gc,heap     ] GC(173) Soft Max Capacity: 1024M(100%)
[35.716s][info][gc,heap     ] GC(173)                Mark Start          Mark End        Relocate Start      Relocate End           High               Low         
[35.716s][info][gc,heap     ] GC(173)  Capacity:     1024M (100%)       1024M (100%)       1024M (100%)       1024M (100%)       1024M (100%)       1024M (100%)   
[35.716s][info][gc,heap     ] GC(173)      Free:      252M (25%)         236M (23%)         944M (92%)         952M (93%)         952M (93%)         234M (23%)    
[35.716s][info][gc,heap     ] GC(173)      Used:      772M (75%)         788M (77%)          80M (8%)           72M (7%)          790M (77%)          72M (7%)     
[35.716s][info][gc,heap     ] GC(173)      Live:         -                 9M (1%)            9M (1%)            9M (1%)             -                  -          
[35.716s][info][gc,heap     ] GC(173) Allocated:         -                16M (2%)           20M (2%)           21M (2%)             -                  -          
[35.716s][info][gc,heap     ] GC(173)   Garbage:         -               762M (74%)          50M (5%)           40M (4%)             -                  -          
[35.716s][info][gc,heap     ] GC(173) Reclaimed:         -                  -               712M (70%)         721M (71%)            -                  -          
[35.716s][info][gc          ] GC(173) Garbage Collection (Allocation Rate) 772M(75%)->72M(7%)
[35.804s][info][gc,start    ] GC(174) Garbage Collection (Allocation Rate)
[35.804s][info][gc,task     ] GC(174) Using 5 workers
[35.804s][info][gc,phases   ] GC(174) Pause Mark Start 0.011ms
[35.819s][info][gc,phases   ] GC(174) Concurrent Mark 15.359ms
[35.819s][info][gc,phases   ] GC(174) Pause Mark End 0.014ms
[35.819s][info][gc,phases   ] GC(174) Concurrent Mark Free 0.001ms
[35.820s][info][gc,phases   ] GC(174) Concurrent Process Non-Strong References 1.102ms
[35.821s][info][gc,phases   ] GC(174) Concurrent Reset Relocation Set 0.002ms
[35.825s][info][gc,phases   ] GC(174) Concurrent Select Relocation Set 4.530ms
[35.825s][info][gc,phases   ] GC(174) Pause Relocate Start 0.006ms
[35.830s][info][gc,phases   ] GC(174) Concurrent Relocate 4.259ms
[35.830s][info][gc,load     ] GC(174) Load: 0.00/0.00/0.00
[35.830s][info][gc,mmu      ] GC(174) MMU: 2ms/98.9%, 5ms/99.4%, 10ms/99.7%, 20ms/99.7%, 50ms/99.9%, 100ms/99.9%
[35.830s][info][gc,marking  ] GC(174) Mark: 4 stripe(s), 2 proactive flush(es), 1 terminate flush(es), 0 completion(s), 0 continuation(s) 
[35.830s][info][gc,marking  ] GC(174) Mark Stack Usage: 32M
[35.830s][info][gc,nmethod  ] GC(174) NMethods: 1368 registered, 54 unregistered
[35.830s][info][gc,metaspace] GC(174) Metaspace: 8M used, 8M committed, 1088M reserved
[35.830s][info][gc,ref      ] GC(174) Soft: 174 encountered, 0 discovered, 0 enqueued
[35.830s][info][gc,ref      ] GC(174) Weak: 570 encountered, 175 discovered, 0 enqueued
[35.830s][info][gc,ref      ] GC(174) Final: 0 encountered, 0 discovered, 0 enqueued
[35.830s][info][gc,ref      ] GC(174) Phantom: 21 encountered, 19 discovered, 0 enqueued
[35.830s][info][gc,reloc    ] GC(174) Small Pages: 131 / 262M, Empty: 238M, Relocated: 3M, In-Place: 0
[35.830s][info][gc,reloc    ] GC(174) Medium Pages: 1 / 32M, Empty: 0M, Relocated: 0M, In-Place: 0
[35.830s][info][gc,reloc    ] GC(174) Large Pages: 0 / 0M, Empty: 0M, Relocated: 0M, In-Place: 0
[35.830s][info][gc,reloc    ] GC(174) Forwarding Usage: 1M
[35.830s][info][gc,heap     ] GC(174) Min Capacity: 8M(1%)
[35.830s][info][gc,heap     ] GC(174) Max Capacity: 1024M(100%)
[35.830s][info][gc,heap     ] GC(174) Soft Max Capacity: 1024M(100%)
[35.830s][info][gc,heap     ] GC(174)                Mark Start          Mark End        Relocate Start      Relocate End           High               Low         
[35.830s][info][gc,heap     ] GC(174)  Capacity:     1024M (100%)       1024M (100%)       1024M (100%)       1024M (100%)       1024M (100%)       1024M (100%)   
[35.830s][info][gc,heap     ] GC(174)      Free:      730M (71%)         688M (67%)         912M (89%)         906M (88%)         914M (89%)         686M (67%)    
[35.830s][info][gc,heap     ] GC(174)      Used:      294M (29%)         336M (33%)         112M (11%)         118M (12%)         338M (33%)         110M (11%)    
[35.830s][info][gc,heap     ] GC(174)      Live:         -                10M (1%)           10M (1%)           10M (1%)             -                  -          
[35.830s][info][gc,heap     ] GC(174) Allocated:         -                42M (4%)           56M (5%)           67M (7%)             -                  -          
[35.830s][info][gc,heap     ] GC(174)   Garbage:         -               283M (28%)          45M (4%)           39M (4%)             -                  -          
[35.830s][info][gc,heap     ] GC(174) Reclaimed:         -                  -               238M (23%)         243M (24%)            -                  -          
[35.830s][info][gc          ] GC(174) Garbage Collection (Allocation Rate) 294M(29%)->118M(12%)
[35.997s][info][gc,start    ] GC(175) Garbage Collection (Allocation Rate)
[35.997s][info][gc,task     ] GC(175) Using 5 workers
[35.997s][info][gc,phases   ] GC(175) Pause Mark Start 0.013ms
[36.028s][info][gc,phases   ] GC(175) Concurrent Mark 30.918ms
[36.028s][info][gc,phases   ] GC(175) Pause Mark End 0.014ms
[36.028s][info][gc,phases   ] GC(175) Concurrent Mark Free 0.001ms
[36.029s][info][gc,phases   ] GC(175) Concurrent Process Non-Strong References 1.133ms
[36.029s][info][gc,phases   ] GC(175) Concurrent Reset Relocation Set 0.002ms
[36.033s][info][gc,phases   ] GC(175) Concurrent Select Relocation Set 3.618ms
[36.033s][info][gc,phases   ] GC(175) Pause Relocate Start 0.006ms
[36.037s][info][gc,phases   ] GC(175) Concurrent Relocate 3.862ms
[36.037s][info][gc,load     ] GC(175) Load: 0.00/0.00/0.00
[36.037s][info][gc,mmu      ] GC(175) MMU: 2ms/98.9%, 5ms/99.4%, 10ms/99.7%, 20ms/99.7%, 50ms/99.9%, 100ms/99.9%
[36.037s][info][gc,marking  ] GC(175) Mark: 4 stripe(s), 3 proactive flush(es), 1 terminate flush(es), 0 completion(s), 0 continuation(s) 
[36.037s][info][gc,marking  ] GC(175) Mark Stack Usage: 32M
[36.037s][info][gc,nmethod  ] GC(175) NMethods: 1368 registered, 54 unregistered
[36.037s][info][gc,metaspace] GC(175) Metaspace: 8M used, 8M committed, 1088M reserved
[36.037s][info][gc,ref      ] GC(175) Soft: 174 encountered, 0 discovered, 0 enqueued
[36.037s][info][gc,ref      ] GC(175) Weak: 570 encountered, 5 discovered, 0 enqueued
[36.037s][info][gc,ref      ] GC(175) Final: 0 encountered, 0 discovered, 0 enqueued
[36.037s][info][gc,ref      ] GC(175) Phantom: 21 encountered, 19 discovered, 0 enqueued
[36.037s][info][gc,reloc    ] GC(175) Small Pages: 257 / 514M, Empty: 476M, Relocated: 3M, In-Place: 0
[36.037s][info][gc,reloc    ] GC(175) Medium Pages: 2 / 64M, Empty: 0M, Relocated: 0M, In-Place: 0
[36.037s][info][gc,reloc    ] GC(175) Large Pages: 0 / 0M, Empty: 0M, Relocated: 0M, In-Place: 0
[36.037s][info][gc,reloc    ] GC(175) Forwarding Usage: 1M
[36.038s][info][gc,heap     ] GC(175) Min Capacity: 8M(1%)
[36.038s][info][gc,heap     ] GC(175) Max Capacity: 1024M(100%)
[36.038s][info][gc,heap     ] GC(175) Soft Max Capacity: 1024M(100%)
[36.038s][info][gc,heap     ] GC(175)                Mark Start          Mark End        Relocate Start      Relocate End           High               Low         
[36.038s][info][gc,heap     ] GC(175)  Capacity:     1024M (100%)       1024M (100%)       1024M (100%)       1024M (100%)       1024M (100%)       1024M (100%)   
[36.038s][info][gc,heap     ] GC(175)      Free:      446M (44%)         364M (36%)         828M (81%)         868M (85%)         872M (85%)         362M (35%)    
[36.038s][info][gc,heap     ] GC(175)      Used:      578M (56%)         660M (64%)         196M (19%)         156M (15%)         662M (65%)         152M (15%)    
[36.038s][info][gc,heap     ] GC(175)      Live:         -                11M (1%)           11M (1%)           11M (1%)             -                  -          
[36.038s][info][gc,heap     ] GC(175) Allocated:         -                82M (8%)           94M (9%)          103M (10%)            -                  -          
[36.038s][info][gc,heap     ] GC(175)   Garbage:         -               566M (55%)          90M (9%)           40M (4%)             -                  -          
[36.038s][info][gc,heap     ] GC(175) Reclaimed:         -                  -               476M (46%)         525M (51%)            -                  -          
[36.038s][info][gc          ] GC(175) Garbage Collection (Allocation Rate) 578M(56%)->156M(15%)
[36.090s][info][gc,start    ] GC(176) Garbage Collection (Allocation Rate)
[36.090s][info][gc,task     ] GC(176) Using 5 workers
[36.091s][info][gc,phases   ] GC(176) Pause Mark Start 0.013ms
[36.106s][info][gc,phases   ] GC(176) Concurrent Mark 15.345ms
[36.106s][info][gc,phases   ] GC(176) Pause Mark End 0.013ms
[36.106s][info][gc,phases   ] GC(176) Concurrent Mark Free 0.001ms
[36.107s][info][gc,phases   ] GC(176) Concurrent Process Non-Strong References 1.006ms
[36.107s][info][gc,phases   ] GC(176) Concurrent Reset Relocation Set 0.003ms
[36.113s][info][gc,phases   ] GC(176) Concurrent Select Relocation Set 5.764ms
[36.113s][info][gc,phases   ] GC(176) Pause Relocate Start 0.004ms
[36.118s][info][gc,phases   ] GC(176) Concurrent Relocate 4.983ms
[36.118s][info][gc,load     ] GC(176) Load: 0.00/0.00/0.00
[36.118s][info][gc,mmu      ] GC(176) MMU: 2ms/98.9%, 5ms/99.4%, 10ms/99.7%, 20ms/99.7%, 50ms/99.9%, 100ms/99.9%
[36.118s][info][gc,marking  ] GC(176) Mark: 4 stripe(s), 2 proactive flush(es), 1 terminate flush(es), 0 completion(s), 0 continuation(s) 
[36.118s][info][gc,marking  ] GC(176) Mark Stack Usage: 32M
[36.118s][info][gc,nmethod  ] GC(176) NMethods: 1368 registered, 54 unregistered
[36.118s][info][gc,metaspace] GC(176) Metaspace: 8M used, 8M committed, 1088M reserved
[36.118s][info][gc,ref      ] GC(176) Soft: 174 encountered, 0 discovered, 0 enqueued
[36.118s][info][gc,ref      ] GC(176) Weak: 570 encountered, 7 discovered, 0 enqueued
[36.118s][info][gc,ref      ] GC(176) Final: 0 encountered, 0 discovered, 0 enqueued
[36.118s][info][gc,ref      ] GC(176) Phantom: 21 encountered, 19 discovered, 0 enqueued
[36.119s][info][gc,reloc    ] GC(176) Small Pages: 134 / 268M, Empty: 234M, Relocated: 5M, In-Place: 0
[36.119s][info][gc,reloc    ] GC(176) Medium Pages: 1 / 32M, Empty: 0M, Relocated: 0M, In-Place: 0
[36.119s][info][gc,reloc    ] GC(176) Large Pages: 0 / 0M, Empty: 0M, Relocated: 0M, In-Place: 0
[36.119s][info][gc,reloc    ] GC(176) Forwarding Usage: 2M
[36.119s][info][gc,heap     ] GC(176) Min Capacity: 8M(1%)
[36.119s][info][gc,heap     ] GC(176) Max Capacity: 1024M(100%)
[36.119s][info][gc,heap     ] GC(176) Soft Max Capacity: 1024M(100%)
[36.119s][info][gc,heap     ] GC(176)                Mark Start          Mark End        Relocate Start      Relocate End           High               Low         
[36.119s][info][gc,heap     ] GC(176)  Capacity:     1024M (100%)       1024M (100%)       1024M (100%)       1024M (100%)       1024M (100%)       1024M (100%)   
[36.119s][info][gc,heap     ] GC(176)      Free:      724M (71%)         684M (67%)         900M (88%)         904M (88%)         908M (89%)         680M (66%)    
[36.119s][info][gc,heap     ] GC(176)      Used:      300M (29%)         340M (33%)         124M (12%)         120M (12%)         344M (34%)         116M (11%)    
[36.119s][info][gc,heap     ] GC(176)      Live:         -                12M (1%)           12M (1%)           12M (1%)             -                  -          
[36.119s][info][gc,heap     ] GC(176) Allocated:         -                40M (4%)           58M (6%)           69M (7%)             -                  -          
[36.119s][info][gc,heap     ] GC(176)   Garbage:         -               287M (28%)          53M (5%)           37M (4%)             -                  -          
[36.119s][info][gc,heap     ] GC(176) Reclaimed:         -                  -               234M (23%)         249M (24%)            -                  -          
[36.119s][info][gc          ] GC(176) Garbage Collection (Allocation Rate) 300M(29%)->120M(12%)
[36.189s][info][gc,start    ] GC(177) Garbage Collection (Allocation Rate)
[36.214s][info][gc,task     ] GC(177) Using 5 workers
[36.214s][info][gc,phases   ] GC(177) Pause Mark Start 0.015ms
[36.231s][info][gc,phases   ] GC(177) Concurrent Mark 17.073ms
[36.231s][info][gc,phases   ] GC(177) Pause Mark End 0.013ms
[36.231s][info][gc,phases   ] GC(177) Concurrent Mark Free 0.001ms
[36.233s][info][gc,phases   ] GC(177) Concurrent Process Non-Strong References 1.112ms
[36.233s][info][gc,phases   ] GC(177) Concurrent Reset Relocation Set 0.002ms
[36.237s][info][gc,phases   ] GC(177) Concurrent Select Relocation Set 3.931ms
[36.237s][info][gc,phases   ] GC(177) Pause Relocate Start 0.006ms
[36.239s][info][gc,phases   ] GC(177) Concurrent Relocate 2.399ms
[36.239s][info][gc,load     ] GC(177) Load: 0.00/0.00/0.00
[36.239s][info][gc,mmu      ] GC(177) MMU: 2ms/98.9%, 5ms/99.4%, 10ms/99.7%, 20ms/99.7%, 50ms/99.9%, 100ms/99.9%
[36.239s][info][gc,marking  ] GC(177) Mark: 4 stripe(s), 2 proactive flush(es), 1 terminate flush(es), 0 completion(s), 0 continuation(s) 
[36.239s][info][gc,marking  ] GC(177) Mark Stack Usage: 32M
[36.239s][info][gc,nmethod  ] GC(177) NMethods: 1368 registered, 54 unregistered
[36.239s][info][gc,metaspace] GC(177) Metaspace: 8M used, 8M committed, 1088M reserved
[36.239s][info][gc,ref      ] GC(177) Soft: 174 encountered, 0 discovered, 0 enqueued
[36.239s][info][gc,ref      ] GC(177) Weak: 570 encountered, 377 discovered, 0 enqueued
[36.239s][info][gc,ref      ] GC(177) Final: 0 encountered, 0 discovered, 0 enqueued
[36.239s][info][gc,ref      ] GC(177) Phantom: 21 encountered, 14 discovered, 0 enqueued
[36.240s][info][gc,reloc    ] GC(177) Small Pages: 159 / 318M, Empty: 284M, Relocated: 2M, In-Place: 0
[36.240s][info][gc,reloc    ] GC(177) Medium Pages: 1 / 32M, Empty: 0M, Relocated: 0M, In-Place: 0
[36.240s][info][gc,reloc    ] GC(177) Large Pages: 0 / 0M, Empty: 0M, Relocated: 0M, In-Place: 0
[36.240s][info][gc,reloc    ] GC(177) Forwarding Usage: 1M
[36.240s][info][gc,heap     ] GC(177) Min Capacity: 8M(1%)
[36.240s][info][gc,heap     ] GC(177) Max Capacity: 1024M(100%)
[36.240s][info][gc,heap     ] GC(177) Soft Max Capacity: 1024M(100%)
[36.240s][info][gc,heap     ] GC(177)                Mark Start          Mark End        Relocate Start      Relocate End           High               Low         
[36.240s][info][gc,heap     ] GC(177)  Capacity:     1024M (100%)       1024M (100%)       1024M (100%)       1024M (100%)       1024M (100%)       1024M (100%)   
[36.240s][info][gc,heap     ] GC(177)      Free:      674M (66%)         630M (62%)         900M (88%)         906M (88%)         906M (88%)         626M (61%)    
[36.240s][info][gc,heap     ] GC(177)      Used:      350M (34%)         394M (38%)         124M (12%)         118M (12%)         398M (39%)         118M (12%)    
[36.240s][info][gc,heap     ] GC(177)      Live:         -                12M (1%)           12M (1%)           12M (1%)             -                  -          
[36.240s][info][gc,heap     ] GC(177) Allocated:         -                44M (4%)           58M (6%)           63M (6%)             -                  -          
[36.240s][info][gc,heap     ] GC(177)   Garbage:         -               337M (33%)          53M (5%)           41M (4%)             -                  -          
[36.240s][info][gc,heap     ] GC(177) Reclaimed:         -                  -               284M (28%)         295M (29%)            -                  -          
[36.240s][info][gc          ] GC(177) Garbage Collection (Allocation Rate) 350M(34%)->118M(12%)
[36.297s][info][gc,start    ] GC(178) Garbage Collection (Allocation Rate)
[36.297s][info][gc,task     ] GC(178) Using 5 workers
[36.297s][info][gc,phases   ] GC(178) Pause Mark Start 0.011ms
[36.328s][info][gc,phases   ] GC(178) Concurrent Mark 31.001ms
[36.328s][info][gc,phases   ] GC(178) Pause Mark End 0.017ms
[36.328s][info][gc,phases   ] GC(178) Concurrent Mark Free 0.001ms
[36.329s][info][gc,phases   ] GC(178) Concurrent Process Non-Strong References 1.145ms
[36.330s][info][gc,phases   ] GC(178) Concurrent Reset Relocation Set 0.003ms
[36.335s][info][gc,phases   ] GC(178) Concurrent Select Relocation Set 5.358ms
[36.335s][info][gc,phases   ] GC(178) Pause Relocate Start 0.007ms
[36.338s][info][gc,phases   ] GC(178) Concurrent Relocate 3.272ms
[36.338s][info][gc,load     ] GC(178) Load: 0.00/0.00/0.00
[36.338s][info][gc,mmu      ] GC(178) MMU: 2ms/98.9%, 5ms/99.4%, 10ms/99.7%, 20ms/99.7%, 50ms/99.9%, 100ms/99.9%
[36.338s][info][gc,marking  ] GC(178) Mark: 4 stripe(s), 2 proactive flush(es), 1 terminate flush(es), 0 completion(s), 0 continuation(s) 
[36.339s][info][gc,marking  ] GC(178) Mark Stack Usage: 32M
[36.339s][info][gc,nmethod  ] GC(178) NMethods: 1368 registered, 54 unregistered
[36.339s][info][gc,metaspace] GC(178) Metaspace: 8M used, 8M committed, 1088M reserved
[36.339s][info][gc,ref      ] GC(178) Soft: 174 encountered, 0 discovered, 0 enqueued
[36.339s][info][gc,ref      ] GC(178) Weak: 570 encountered, 18 discovered, 0 enqueued
[36.339s][info][gc,ref      ] GC(178) Final: 0 encountered, 0 discovered, 0 enqueued
[36.339s][info][gc,ref      ] GC(178) Phantom: 21 encountered, 14 discovered, 0 enqueued
[36.339s][info][gc,reloc    ] GC(178) Small Pages: 121 / 242M, Empty: 210M, Relocated: 3M, In-Place: 0
[36.339s][info][gc,reloc    ] GC(178) Medium Pages: 1 / 32M, Empty: 0M, Relocated: 0M, In-Place: 0
[36.339s][info][gc,reloc    ] GC(178) Large Pages: 0 / 0M, Empty: 0M, Relocated: 0M, In-Place: 0
[36.339s][info][gc,reloc    ] GC(178) Forwarding Usage: 1M
[36.339s][info][gc,heap     ] GC(178) Min Capacity: 8M(1%)
[36.339s][info][gc,heap     ] GC(178) Max Capacity: 1024M(100%)
[36.339s][info][gc,heap     ] GC(178) Soft Max Capacity: 1024M(100%)
[36.339s][info][gc,heap     ] GC(178)                Mark Start          Mark End        Relocate Start      Relocate End           High               Low         
[36.339s][info][gc,heap     ] GC(178)  Capacity:     1024M (100%)       1024M (100%)       1024M (100%)       1024M (100%)       1024M (100%)       1024M (100%)   
[36.339s][info][gc,heap     ] GC(178)      Free:      750M (73%)         666M (65%)         858M (84%)         860M (84%)         864M (84%)         664M (65%)    
[36.339s][info][gc,heap     ] GC(178)      Used:      274M (27%)         358M (35%)         166M (16%)         164M (16%)         360M (35%)         160M (16%)    
[36.339s][info][gc,heap     ] GC(178)      Live:         -                13M (1%)           13M (1%)           13M (1%)             -                  -          
[36.339s][info][gc,heap     ] GC(178) Allocated:         -                84M (8%)          102M (10%)         109M (11%)            -                  -          
[36.339s][info][gc,heap     ] GC(178)   Garbage:         -               260M (25%)          50M (5%)           40M (4%)             -                  -          
[36.339s][info][gc,heap     ] GC(178) Reclaimed:         -                  -               210M (21%)         219M (21%)            -                  -          
[36.339s][info][gc          ] GC(178) Garbage Collection (Allocation Rate) 274M(27%)->164M(16%)
[36.391s][info][gc,start    ] GC(179) Garbage Collection (Allocation Rate)
[36.391s][info][gc,task     ] GC(179) Using 5 workers
[36.391s][info][gc,phases   ] GC(179) Pause Mark Start 0.016ms
[36.422s][info][gc,phases   ] GC(179) Concurrent Mark 30.944ms
[36.422s][info][gc,phases   ] GC(179) Pause Mark End 0.016ms
[36.422s][info][gc,phases   ] GC(179) Concurrent Mark Free 0.001ms
[36.423s][info][gc,phases   ] GC(179) Concurrent Process Non-Strong References 1.089ms
[36.423s][info][gc,phases   ] GC(179) Concurrent Reset Relocation Set 0.002ms
[36.430s][info][gc,phases   ] GC(179) Concurrent Select Relocation Set 6.365ms
[36.430s][info][gc,phases   ] GC(179) Pause Relocate Start 0.007ms
[36.435s][info][gc,phases   ] GC(179) Concurrent Relocate 5.152ms
[36.435s][info][gc,load     ] GC(179) Load: 0.00/0.00/0.00
[36.435s][info][gc,mmu      ] GC(179) MMU: 2ms/98.9%, 5ms/99.4%, 10ms/99.7%, 20ms/99.7%, 50ms/99.9%, 100ms/99.9%
[36.435s][info][gc,marking  ] GC(179) Mark: 4 stripe(s), 2 proactive flush(es), 1 terminate flush(es), 0 completion(s), 0 continuation(s) 
[36.435s][info][gc,marking  ] GC(179) Mark Stack Usage: 32M
[36.435s][info][gc,nmethod  ] GC(179) NMethods: 1368 registered, 54 unregistered
[36.435s][info][gc,metaspace] GC(179) Metaspace: 8M used, 8M committed, 1088M reserved
[36.435s][info][gc,ref      ] GC(179) Soft: 174 encountered, 0 discovered, 0 enqueued
[36.435s][info][gc,ref      ] GC(179) Weak: 570 encountered, 1 discovered, 0 enqueued
[36.435s][info][gc,ref      ] GC(179) Final: 0 encountered, 0 discovered, 0 enqueued
[36.435s][info][gc,ref      ] GC(179) Phantom: 21 encountered, 14 discovered, 0 enqueued
[36.435s][info][gc,reloc    ] GC(179) Small Pages: 109 / 218M, Empty: 194M, Relocated: 5M, In-Place: 0
[36.435s][info][gc,reloc    ] GC(179) Medium Pages: 2 / 64M, Empty: 0M, Relocated: 1M, In-Place: 0
[36.435s][info][gc,reloc    ] GC(179) Large Pages: 0 / 0M, Empty: 0M, Relocated: 0M, In-Place: 0
[36.435s][info][gc,reloc    ] GC(179) Forwarding Usage: 2M
[36.435s][info][gc,heap     ] GC(179) Min Capacity: 8M(1%)
[36.435s][info][gc,heap     ] GC(179) Max Capacity: 1024M(100%)
[36.435s][info][gc,heap     ] GC(179) Soft Max Capacity: 1024M(100%)
[36.435s][info][gc,heap     ] GC(179)                Mark Start          Mark End        Relocate Start      Relocate End           High               Low         
[36.435s][info][gc,heap     ] GC(179)  Capacity:     1024M (100%)       1024M (100%)       1024M (100%)       1024M (100%)       1024M (100%)       1024M (100%)   
[36.436s][info][gc,heap     ] GC(179)      Free:      742M (72%)         636M (62%)         810M (79%)         832M (81%)         838M (82%)         632M (62%)    
[36.436s][info][gc,heap     ] GC(179)      Used:      282M (28%)         388M (38%)         214M (21%)         192M (19%)         392M (38%)         186M (18%)    
[36.436s][info][gc,heap     ] GC(179)      Live:         -                15M (1%)           15M (1%)           15M (1%)             -                  -          
[36.436s][info][gc,heap     ] GC(179) Allocated:         -               106M (10%)         126M (12%)         139M (14%)            -                  -          
[36.436s][info][gc,heap     ] GC(179)   Garbage:         -               266M (26%)          72M (7%)           37M (4%)             -                  -          
[36.436s][info][gc,heap     ] GC(179) Reclaimed:         -                  -               194M (19%)         229M (22%)            -                  -          
[36.436s][info][gc          ] GC(179) Garbage Collection (Allocation Rate) 282M(28%)->192M(19%)
[36.504s][info][gc,start    ] GC(180) Garbage Collection (Allocation Rate)
[36.504s][info][gc,task     ] GC(180) Using 5 workers
[36.504s][info][gc,phases   ] GC(180) Pause Mark Start 0.011ms
[36.535s][info][gc,phases   ] GC(180) Concurrent Mark 30.999ms
[36.535s][info][gc,phases   ] GC(180) Pause Mark End 0.015ms
[36.535s][info][gc,phases   ] GC(180) Concurrent Mark Free 0.001ms
[36.536s][info][gc,phases   ] GC(180) Concurrent Process Non-Strong References 1.092ms
[36.536s][info][gc,phases   ] GC(180) Concurrent Reset Relocation Set 0.002ms
[36.540s][info][gc,phases   ] GC(180) Concurrent Select Relocation Set 3.805ms
[36.540s][info][gc,phases   ] GC(180) Pause Relocate Start 0.008ms
[36.543s][info][gc,phases   ] GC(180) Concurrent Relocate 3.052ms
[36.543s][info][gc,load     ] GC(180) Load: 0.00/0.00/0.00
[36.543s][info][gc,mmu      ] GC(180) MMU: 2ms/98.9%, 5ms/99.4%, 10ms/99.7%, 20ms/99.7%, 50ms/99.9%, 100ms/99.9%
[36.543s][info][gc,marking  ] GC(180) Mark: 4 stripe(s), 2 proactive flush(es), 1 terminate flush(es), 0 completion(s), 0 continuation(s) 
[36.543s][info][gc,marking  ] GC(180) Mark Stack Usage: 32M
[36.543s][info][gc,nmethod  ] GC(180) NMethods: 1368 registered, 54 unregistered
[36.543s][info][gc,metaspace] GC(180) Metaspace: 8M used, 8M committed, 1088M reserved
[36.544s][info][gc,ref      ] GC(180) Soft: 174 encountered, 0 discovered, 0 enqueued
[36.544s][info][gc,ref      ] GC(180) Weak: 570 encountered, 92 discovered, 0 enqueued
[36.544s][info][gc,ref      ] GC(180) Final: 0 encountered, 0 discovered, 0 enqueued
[36.544s][info][gc,ref      ] GC(180) Phantom: 21 encountered, 19 discovered, 0 enqueued
[36.544s][info][gc,reloc    ] GC(180) Small Pages: 155 / 310M, Empty: 278M, Relocated: 3M, In-Place: 0
[36.544s][info][gc,reloc    ] GC(180) Medium Pages: 2 / 64M, Empty: 0M, Relocated: 1M, In-Place: 0
[36.544s][info][gc,reloc    ] GC(180) Large Pages: 0 / 0M, Empty: 0M, Relocated: 0M, In-Place: 0
[36.544s][info][gc,reloc    ] GC(180) Forwarding Usage: 1M
[36.544s][info][gc,heap     ] GC(180) Min Capacity: 8M(1%)
[36.544s][info][gc,heap     ] GC(180) Max Capacity: 1024M(100%)
[36.544s][info][gc,heap     ] GC(180) Soft Max Capacity: 1024M(100%)
[36.544s][info][gc,heap     ] GC(180)                Mark Start          Mark End        Relocate Start      Relocate End           High               Low         
[36.544s][info][gc,heap     ] GC(180)  Capacity:     1024M (100%)       1024M (100%)       1024M (100%)       1024M (100%)       1024M (100%)       1024M (100%)   
[36.544s][info][gc,heap     ] GC(180)      Free:      650M (63%)         566M (55%)         830M (81%)         866M (85%)         866M (85%)         562M (55%)    
[36.544s][info][gc,heap     ] GC(180)      Used:      374M (37%)         458M (45%)         194M (19%)         158M (15%)         462M (45%)         158M (15%)    
[36.544s][info][gc,heap     ] GC(180)      Live:         -                15M (1%)           15M (1%)           15M (1%)             -                  -          
[36.544s][info][gc,heap     ] GC(180) Allocated:         -                84M (8%)           98M (10%)         101M (10%)            -                  -          
[36.544s][info][gc,heap     ] GC(180)   Garbage:         -               358M (35%)          80M (8%)           40M (4%)             -                  -          
[36.544s][info][gc,heap     ] GC(180) Reclaimed:         -                  -               278M (27%)         317M (31%)            -                  -          
[36.544s][info][gc          ] GC(180) Garbage Collection (Allocation Rate) 374M(37%)->158M(15%)
[36.691s][info][gc,start    ] GC(181) Garbage Collection (Allocation Rate)
[36.691s][info][gc,task     ] GC(181) Using 3 workers
[36.691s][info][gc,phases   ] GC(181) Pause Mark Start 0.011ms
[36.722s][info][gc,phases   ] GC(181) Concurrent Mark 30.931ms
[36.722s][info][gc,phases   ] GC(181) Pause Mark End 0.013ms
[36.722s][info][gc,phases   ] GC(181) Concurrent Mark Free 0.001ms
[36.724s][info][gc,phases   ] GC(181) Concurrent Process Non-Strong References 1.246ms
[36.724s][info][gc,phases   ] GC(181) Concurrent Reset Relocation Set 0.002ms
[36.731s][info][gc,phases   ] GC(181) Concurrent Select Relocation Set 6.948ms
[36.731s][info][gc,phases   ] GC(181) Pause Relocate Start 0.005ms
[36.739s][info][gc,phases   ] GC(181) Concurrent Relocate 8.443ms
[36.739s][info][gc,load     ] GC(181) Load: 0.00/0.00/0.00
[36.739s][info][gc,mmu      ] GC(181) MMU: 2ms/98.9%, 5ms/99.4%, 10ms/99.7%, 20ms/99.7%, 50ms/99.9%, 100ms/99.9%
[36.739s][info][gc,marking  ] GC(181) Mark: 2 stripe(s), 2 proactive flush(es), 1 terminate flush(es), 0 completion(s), 0 continuation(s) 
[36.739s][info][gc,marking  ] GC(181) Mark Stack Usage: 32M
[36.740s][info][gc,nmethod  ] GC(181) NMethods: 1368 registered, 54 unregistered
[36.740s][info][gc,metaspace] GC(181) Metaspace: 8M used, 8M committed, 1088M reserved
[36.740s][info][gc,ref      ] GC(181) Soft: 174 encountered, 0 discovered, 0 enqueued
[36.740s][info][gc,ref      ] GC(181) Weak: 570 encountered, 7 discovered, 0 enqueued
[36.740s][info][gc,ref      ] GC(181) Final: 0 encountered, 0 discovered, 0 enqueued
[36.740s][info][gc,ref      ] GC(181) Phantom: 21 encountered, 10 discovered, 0 enqueued
[36.740s][info][gc,reloc    ] GC(181) Small Pages: 253 / 506M, Empty: 466M, Relocated: 8M, In-Place: 0
[36.740s][info][gc,reloc    ] GC(181) Medium Pages: 2 / 64M, Empty: 0M, Relocated: 1M, In-Place: 0
[36.740s][info][gc,reloc    ] GC(181) Large Pages: 0 / 0M, Empty: 0M, Relocated: 0M, In-Place: 0
[36.740s][info][gc,reloc    ] GC(181) Forwarding Usage: 3M
[36.740s][info][gc,heap     ] GC(181) Min Capacity: 8M(1%)
[36.740s][info][gc,heap     ] GC(181) Max Capacity: 1024M(100%)
[36.740s][info][gc,heap     ] GC(181) Soft Max Capacity: 1024M(100%)
[36.740s][info][gc,heap     ] GC(181)                Mark Start          Mark End        Relocate Start      Relocate End           High               Low         
[36.740s][info][gc,heap     ] GC(181)  Capacity:     1024M (100%)       1024M (100%)       1024M (100%)       1024M (100%)       1024M (100%)       1024M (100%)   
[36.740s][info][gc,heap     ] GC(181)      Free:      454M (44%)         372M (36%)         816M (80%)         846M (83%)         858M (84%)         368M (36%)    
[36.740s][info][gc,heap     ] GC(181)      Used:      570M (56%)         652M (64%)         208M (20%)         178M (17%)         656M (64%)         166M (16%)    
[36.740s][info][gc,heap     ] GC(181)      Live:         -                16M (2%)           16M (2%)           16M (2%)             -                  -          
[36.740s][info][gc,heap     ] GC(181) Allocated:         -                82M (8%)          104M (10%)         125M (12%)            -                  -          
[36.740s][info][gc,heap     ] GC(181)   Garbage:         -               553M (54%)          87M (9%)           35M (3%)             -                  -          
[36.740s][info][gc,heap     ] GC(181) Reclaimed:         -                  -               466M (46%)         517M (51%)            -                  -          
[36.740s][info][gc          ] GC(181) Garbage Collection (Allocation Rate) 570M(56%)->178M(17%)
[36.890s][info][gc,start    ] GC(182) Garbage Collection (Allocation Rate)
[36.890s][info][gc,task     ] GC(182) Using 2 workers
[36.890s][info][gc,phases   ] GC(182) Pause Mark Start 0.015ms
[36.952s][info][gc,phases   ] GC(182) Concurrent Mark 62.150ms
[36.952s][info][gc,phases   ] GC(182) Pause Mark End 0.020ms
[36.952s][info][gc,phases   ] GC(182) Concurrent Mark Free 0.001ms
[36.955s][info][gc,phases   ] GC(182) Concurrent Process Non-Strong References 2.389ms
[36.955s][info][gc,phases   ] GC(182) Concurrent Reset Relocation Set 0.003ms
[36.959s][info][gc,phases   ] GC(182) Concurrent Select Relocation Set 4.218ms
[36.959s][info][gc,phases   ] GC(182) Pause Relocate Start 0.007ms
[36.964s][info][gc,phases   ] GC(182) Concurrent Relocate 4.420ms
[36.964s][info][gc,load     ] GC(182) Load: 0.00/0.00/0.00
[36.964s][info][gc,mmu      ] GC(182) MMU: 2ms/98.9%, 5ms/99.4%, 10ms/99.7%, 20ms/99.7%, 50ms/99.9%, 100ms/99.9%
[36.964s][info][gc,marking  ] GC(182) Mark: 2 stripe(s), 4 proactive flush(es), 1 terminate flush(es), 0 completion(s), 0 continuation(s) 
[36.964s][info][gc,marking  ] GC(182) Mark Stack Usage: 32M
[36.964s][info][gc,nmethod  ] GC(182) NMethods: 1368 registered, 54 unregistered
[36.964s][info][gc,metaspace] GC(182) Metaspace: 8M used, 8M committed, 1088M reserved
[36.964s][info][gc,ref      ] GC(182) Soft: 174 encountered, 0 discovered, 0 enqueued
[36.964s][info][gc,ref      ] GC(182) Weak: 570 encountered, 159 discovered, 0 enqueued
[36.964s][info][gc,ref      ] GC(182) Final: 0 encountered, 0 discovered, 0 enqueued
[36.964s][info][gc,ref      ] GC(182) Phantom: 21 encountered, 18 discovered, 0 enqueued
[36.964s][info][gc,reloc    ] GC(182) Small Pages: 263 / 526M, Empty: 490M, Relocated: 2M, In-Place: 0
[36.964s][info][gc,reloc    ] GC(182) Medium Pages: 1 / 32M, Empty: 0M, Relocated: 0M, In-Place: 0
[36.964s][info][gc,reloc    ] GC(182) Large Pages: 0 / 0M, Empty: 0M, Relocated: 0M, In-Place: 0
[36.964s][info][gc,reloc    ] GC(182) Forwarding Usage: 1M
[36.964s][info][gc,heap     ] GC(182) Min Capacity: 8M(1%)
[36.964s][info][gc,heap     ] GC(182) Max Capacity: 1024M(100%)
[36.964s][info][gc,heap     ] GC(182) Soft Max Capacity: 1024M(100%)
[36.964s][info][gc,heap     ] GC(182)                Mark Start          Mark End        Relocate Start      Relocate End           High               Low         
[36.964s][info][gc,heap     ] GC(182)  Capacity:     1024M (100%)       1024M (100%)       1024M (100%)       1024M (100%)       1024M (100%)       1024M (100%)   
[36.964s][info][gc,heap     ] GC(182)      Free:      466M (46%)         298M (29%)         772M (75%)         776M (76%)         780M (76%)         294M (29%)    
[36.964s][info][gc,heap     ] GC(182)      Used:      558M (54%)         726M (71%)         252M (25%)         248M (24%)         730M (71%)         244M (24%)    
[36.964s][info][gc,heap     ] GC(182)      Live:         -                17M (2%)           17M (2%)           17M (2%)             -                  -          
[36.964s][info][gc,heap     ] GC(182) Allocated:         -               168M (16%)         184M (18%)         195M (19%)            -                  -          
[36.964s][info][gc,heap     ] GC(182)   Garbage:         -               540M (53%)          50M (5%)           34M (3%)             -                  -          
[36.964s][info][gc,heap     ] GC(182) Reclaimed:         -                  -               490M (48%)         505M (49%)            -                  -          
[36.964s][info][gc          ] GC(182) Garbage Collection (Allocation Rate) 558M(54%)->248M(24%)
[37.090s][info][gc,start    ] GC(183) Garbage Collection (Allocation Rate)
[37.090s][info][gc,task     ] GC(183) Using 2 workers
[37.090s][info][gc,phases   ] GC(183) Pause Mark Start 0.015ms
[37.144s][info][gc,phases   ] GC(183) Concurrent Mark 53.947ms
[37.144s][info][gc,phases   ] GC(183) Pause Mark End 0.020ms
[37.144s][info][gc,phases   ] GC(183) Concurrent Mark Free 0.001ms
[37.147s][info][gc,phases   ] GC(183) Concurrent Process Non-Strong References 2.509ms
[37.147s][info][gc,phases   ] GC(183) Concurrent Reset Relocation Set 0.003ms
[37.153s][info][gc,phases   ] GC(183) Concurrent Select Relocation Set 6.444ms
[37.153s][info][gc,phases   ] GC(183) Pause Relocate Start 0.008ms
[37.160s][info][gc,phases   ] GC(183) Concurrent Relocate 6.899ms
[37.160s][info][gc,load     ] GC(183) Load: 0.00/0.00/0.00
[37.160s][info][gc,mmu      ] GC(183) MMU: 2ms/98.9%, 5ms/99.4%, 10ms/99.7%, 20ms/99.7%, 50ms/99.9%, 100ms/99.9%
[37.160s][info][gc,marking  ] GC(183) Mark: 2 stripe(s), 2 proactive flush(es), 1 terminate flush(es), 0 completion(s), 0 continuation(s) 
[37.160s][info][gc,marking  ] GC(183) Mark Stack Usage: 32M
[37.160s][info][gc,nmethod  ] GC(183) NMethods: 1368 registered, 54 unregistered
[37.160s][info][gc,metaspace] GC(183) Metaspace: 8M used, 8M committed, 1088M reserved
[37.161s][info][gc,ref      ] GC(183) Soft: 174 encountered, 0 discovered, 0 enqueued
[37.161s][info][gc,ref      ] GC(183) Weak: 570 encountered, 386 discovered, 0 enqueued
[37.161s][info][gc,ref      ] GC(183) Final: 0 encountered, 0 discovered, 0 enqueued
[37.161s][info][gc,ref      ] GC(183) Phantom: 21 encountered, 10 discovered, 0 enqueued
[37.161s][info][gc,reloc    ] GC(183) Small Pages: 232 / 464M, Empty: 430M, Relocated: 4M, In-Place: 0
[37.161s][info][gc,reloc    ] GC(183) Medium Pages: 2 / 64M, Empty: 0M, Relocated: 2M, In-Place: 0
[37.161s][info][gc,reloc    ] GC(183) Large Pages: 0 / 0M, Empty: 0M, Relocated: 0M, In-Place: 0
[37.161s][info][gc,reloc    ] GC(183) Forwarding Usage: 2M
[37.161s][info][gc,heap     ] GC(183) Min Capacity: 8M(1%)
[37.161s][info][gc,heap     ] GC(183) Max Capacity: 1024M(100%)
[37.161s][info][gc,heap     ] GC(183) Soft Max Capacity: 1024M(100%)
[37.161s][info][gc,heap     ] GC(183)                Mark Start          Mark End        Relocate Start      Relocate End           High               Low         
[37.161s][info][gc,heap     ] GC(183)  Capacity:     1024M (100%)       1024M (100%)       1024M (100%)       1024M (100%)       1024M (100%)       1024M (100%)   
[37.161s][info][gc,heap     ] GC(183)      Free:      496M (48%)         398M (39%)         804M (79%)         822M (80%)         834M (81%)         390M (38%)    
[37.161s][info][gc,heap     ] GC(183)      Used:      528M (52%)         626M (61%)         220M (21%)         202M (20%)         634M (62%)         190M (19%)    
[37.161s][info][gc,heap     ] GC(183)      Live:         -                23M (2%)           23M (2%)           23M (2%)             -                  -          
[37.161s][info][gc,heap     ] GC(183) Allocated:         -                98M (10%)         122M (12%)         141M (14%)            -                  -          
[37.161s][info][gc,heap     ] GC(183)   Garbage:         -               504M (49%)          74M (7%)           36M (4%)             -                  -          
[37.161s][info][gc,heap     ] GC(183) Reclaimed:         -                  -               430M (42%)         467M (46%)            -                  -          
[37.161s][info][gc          ] GC(183) Garbage Collection (Allocation Rate) 528M(52%)->202M(20%)
[37.290s][info][gc,start    ] GC(184) Garbage Collection (Allocation Rate)
[37.290s][info][gc,task     ] GC(184) Using 2 workers
[37.290s][info][gc,phases   ] GC(184) Pause Mark Start 0.013ms
[37.329s][info][gc,phases   ] GC(184) Concurrent Mark 39.686ms
[37.330s][info][gc,phases   ] GC(184) Pause Mark End 0.015ms
[37.330s][info][gc,phases   ] GC(184) Concurrent Mark Free 0.001ms
[37.332s][info][gc,phases   ] GC(184) Concurrent Process Non-Strong References 2.629ms
[37.332s][info][gc,phases   ] GC(184) Concurrent Reset Relocation Set 0.002ms
[37.336s][info][gc,phases   ] GC(184) Concurrent Select Relocation Set 3.821ms
[37.336s][info][gc,phases   ] GC(184) Pause Relocate Start 0.010ms
[37.339s][info][gc,phases   ] GC(184) Concurrent Relocate 2.193ms
[37.339s][info][gc,load     ] GC(184) Load: 0.00/0.00/0.00
[37.339s][info][gc,mmu      ] GC(184) MMU: 2ms/98.9%, 5ms/99.4%, 10ms/99.7%, 20ms/99.7%, 50ms/99.9%, 100ms/99.9%
[37.339s][info][gc,marking  ] GC(184) Mark: 2 stripe(s), 2 proactive flush(es), 1 terminate flush(es), 0 completion(s), 0 continuation(s) 
[37.339s][info][gc,marking  ] GC(184) Mark Stack Usage: 32M
[37.339s][info][gc,nmethod  ] GC(184) NMethods: 1368 registered, 54 unregistered
[37.339s][info][gc,metaspace] GC(184) Metaspace: 8M used, 8M committed, 1088M reserved
[37.339s][info][gc,ref      ] GC(184) Soft: 174 encountered, 0 discovered, 0 enqueued
[37.339s][info][gc,ref      ] GC(184) Weak: 570 encountered, 287 discovered, 0 enqueued
[37.339s][info][gc,ref      ] GC(184) Final: 0 encountered, 0 discovered, 0 enqueued
[37.339s][info][gc,ref      ] GC(184) Phantom: 21 encountered, 19 discovered, 0 enqueued
[37.339s][info][gc,reloc    ] GC(184) Small Pages: 240 / 480M, Empty: 430M, Relocated: 3M, In-Place: 0
[37.339s][info][gc,reloc    ] GC(184) Medium Pages: 2 / 64M, Empty: 0M, Relocated: 1M, In-Place: 0
[37.339s][info][gc,reloc    ] GC(184) Large Pages: 0 / 0M, Empty: 0M, Relocated: 0M, In-Place: 0
[37.339s][info][gc,reloc    ] GC(184) Forwarding Usage: 1M
[37.339s][info][gc,heap     ] GC(184) Min Capacity: 8M(1%)
[37.339s][info][gc,heap     ] GC(184) Max Capacity: 1024M(100%)
[37.339s][info][gc,heap     ] GC(184) Soft Max Capacity: 1024M(100%)
[37.339s][info][gc,heap     ] GC(184)                Mark Start          Mark End        Relocate Start      Relocate End           High               Low         
[37.339s][info][gc,heap     ] GC(184)  Capacity:     1024M (100%)       1024M (100%)       1024M (100%)       1024M (100%)       1024M (100%)       1024M (100%)   
[37.339s][info][gc,heap     ] GC(184)      Free:      480M (47%)         374M (37%)         786M (77%)         838M (82%)         838M (82%)         366M (36%)    
[37.339s][info][gc,heap     ] GC(184)      Used:      544M (53%)         650M (63%)         238M (23%)         186M (18%)         658M (64%)         186M (18%)    
[37.339s][info][gc,heap     ] GC(184)      Live:         -                20M (2%)           20M (2%)           20M (2%)             -                  -          
[37.339s][info][gc,heap     ] GC(184) Allocated:         -               106M (10%)         124M (12%)         129M (13%)            -                  -          
[37.339s][info][gc,heap     ] GC(184)   Garbage:         -               523M (51%)          93M (9%)           35M (3%)             -                  -          
[37.339s][info][gc,heap     ] GC(184) Reclaimed:         -                  -               430M (42%)         487M (48%)            -                  -          
[37.340s][info][gc          ] GC(184) Garbage Collection (Allocation Rate) 544M(53%)->186M(18%)
[37.490s][info][gc,start    ] GC(185) Garbage Collection (Allocation Rate)
[37.490s][info][gc,task     ] GC(185) Using 2 workers
[37.490s][info][gc,phases   ] GC(185) Pause Mark Start 0.016ms
[37.537s][info][gc,phases   ] GC(185) Concurrent Mark 46.436ms
[37.537s][info][gc,phases   ] GC(185) Pause Mark End 0.017ms
[37.537s][info][gc,phases   ] GC(185) Concurrent Mark Free 0.001ms
[37.540s][info][gc,phases   ] GC(185) Concurrent Process Non-Strong References 2.513ms
[37.540s][info][gc,phases   ] GC(185) Concurrent Reset Relocation Set 0.004ms
[37.543s][info][gc,phases   ] GC(185) Concurrent Select Relocation Set 3.639ms
[37.544s][info][gc,phases   ] GC(185) Pause Relocate Start 0.010ms
[37.548s][info][gc,phases   ] GC(185) Concurrent Relocate 4.097ms
[37.548s][info][gc,load     ] GC(185) Load: 0.00/0.00/0.00
[37.548s][info][gc,mmu      ] GC(185) MMU: 2ms/98.9%, 5ms/99.4%, 10ms/99.7%, 20ms/99.7%, 50ms/99.9%, 100ms/99.9%
[37.548s][info][gc,marking  ] GC(185) Mark: 2 stripe(s), 3 proactive flush(es), 1 terminate flush(es), 0 completion(s), 0 continuation(s) 
[37.548s][info][gc,marking  ] GC(185) Mark Stack Usage: 32M
[37.548s][info][gc,nmethod  ] GC(185) NMethods: 1368 registered, 54 unregistered
[37.548s][info][gc,metaspace] GC(185) Metaspace: 8M used, 8M committed, 1088M reserved
[37.548s][info][gc,ref      ] GC(185) Soft: 174 encountered, 0 discovered, 0 enqueued
[37.548s][info][gc,ref      ] GC(185) Weak: 570 encountered, 119 discovered, 0 enqueued
[37.548s][info][gc,ref      ] GC(185) Final: 0 encountered, 0 discovered, 0 enqueued
[37.548s][info][gc,ref      ] GC(185) Phantom: 21 encountered, 10 discovered, 0 enqueued
[37.548s][info][gc,reloc    ] GC(185) Small Pages: 269 / 538M, Empty: 490M, Relocated: 3M, In-Place: 0
[37.548s][info][gc,reloc    ] GC(185) Medium Pages: 2 / 64M, Empty: 0M, Relocated: 1M, In-Place: 0
[37.548s][info][gc,reloc    ] GC(185) Large Pages: 0 / 0M, Empty: 0M, Relocated: 0M, In-Place: 0
[37.548s][info][gc,reloc    ] GC(185) Forwarding Usage: 1M
[37.548s][info][gc,heap     ] GC(185) Min Capacity: 8M(1%)
[37.548s][info][gc,heap     ] GC(185) Max Capacity: 1024M(100%)
[37.548s][info][gc,heap     ] GC(185) Soft Max Capacity: 1024M(100%)
[37.548s][info][gc,heap     ] GC(185)                Mark Start          Mark End        Relocate Start      Relocate End           High               Low         
[37.548s][info][gc,heap     ] GC(185)  Capacity:     1024M (100%)       1024M (100%)       1024M (100%)       1024M (100%)       1024M (100%)       1024M (100%)   
[37.548s][info][gc,heap     ] GC(185)      Free:      422M (41%)         298M (29%)         772M (75%)         816M (80%)         818M (80%)         292M (29%)    
[37.548s][info][gc,heap     ] GC(185)      Used:      602M (59%)         726M (71%)         252M (25%)         208M (20%)         732M (71%)         206M (20%)    
[37.548s][info][gc,heap     ] GC(185)      Live:         -                22M (2%)           22M (2%)           22M (2%)             -                  -          
[37.549s][info][gc,heap     ] GC(185) Allocated:         -               124M (12%)         140M (14%)         147M (14%)            -                  -          
[37.549s][info][gc,heap     ] GC(185)   Garbage:         -               579M (57%)          89M (9%)           37M (4%)             -                  -          
[37.549s][info][gc,heap     ] GC(185) Reclaimed:         -                  -               490M (48%)         541M (53%)            -                  -          
[37.549s][info][gc          ] GC(185) Garbage Collection (Allocation Rate) 602M(59%)->208M(20%)
[37.689s][info][gc,start    ] GC(186) Garbage Collection (Allocation Rate)
[37.689s][info][gc,task     ] GC(186) Using 2 workers
[37.690s][info][gc,phases   ] GC(186) Pause Mark Start 0.017ms
[37.736s][info][gc,phases   ] GC(186) Concurrent Mark 46.449ms
[37.736s][info][gc,phases   ] GC(186) Pause Mark End 0.016ms
[37.736s][info][gc,phases   ] GC(186) Concurrent Mark Free 0.001ms
[37.739s][info][gc,phases   ] GC(186) Concurrent Process Non-Strong References 2.286ms
[37.739s][info][gc,phases   ] GC(186) Concurrent Reset Relocation Set 0.004ms
[37.745s][info][gc,phases   ] GC(186) Concurrent Select Relocation Set 5.793ms
[37.745s][info][gc,phases   ] GC(186) Pause Relocate Start 0.008ms
[37.748s][info][gc,phases   ] GC(186) Concurrent Relocate 3.651ms
[37.748s][info][gc,load     ] GC(186) Load: 0.00/0.00/0.00
[37.748s][info][gc,mmu      ] GC(186) MMU: 2ms/98.9%, 5ms/99.4%, 10ms/99.7%, 20ms/99.7%, 50ms/99.9%, 100ms/99.9%
[37.748s][info][gc,marking  ] GC(186) Mark: 2 stripe(s), 2 proactive flush(es), 1 terminate flush(es), 0 completion(s), 0 continuation(s) 
[37.748s][info][gc,marking  ] GC(186) Mark Stack Usage: 32M
[37.749s][info][gc,nmethod  ] GC(186) NMethods: 1368 registered, 54 unregistered
[37.749s][info][gc,metaspace] GC(186) Metaspace: 8M used, 8M committed, 1088M reserved
[37.749s][info][gc,ref      ] GC(186) Soft: 174 encountered, 0 discovered, 0 enqueued
[37.749s][info][gc,ref      ] GC(186) Weak: 570 encountered, 11 discovered, 0 enqueued
[37.749s][info][gc,ref      ] GC(186) Final: 0 encountered, 0 discovered, 0 enqueued
[37.749s][info][gc,ref      ] GC(186) Phantom: 21 encountered, 18 discovered, 0 enqueued
[37.749s][info][gc,reloc    ] GC(186) Small Pages: 250 / 500M, Empty: 450M, Relocated: 3M, In-Place: 0
[37.749s][info][gc,reloc    ] GC(186) Medium Pages: 1 / 32M, Empty: 0M, Relocated: 0M, In-Place: 0
[37.749s][info][gc,reloc    ] GC(186) Large Pages: 0 / 0M, Empty: 0M, Relocated: 0M, In-Place: 0
[37.749s][info][gc,reloc    ] GC(186) Forwarding Usage: 1M
[37.749s][info][gc,heap     ] GC(186) Min Capacity: 8M(1%)
[37.749s][info][gc,heap     ] GC(186) Max Capacity: 1024M(100%)
[37.749s][info][gc,heap     ] GC(186) Soft Max Capacity: 1024M(100%)
[37.749s][info][gc,heap     ] GC(186)                Mark Start          Mark End        Relocate Start      Relocate End           High               Low         
[37.749s][info][gc,heap     ] GC(186)  Capacity:     1024M (100%)       1024M (100%)       1024M (100%)       1024M (100%)       1024M (100%)       1024M (100%)   
[37.749s][info][gc,heap     ] GC(186)      Free:      492M (48%)         406M (40%)         834M (81%)         846M (83%)         850M (83%)         400M (39%)    
[37.749s][info][gc,heap     ] GC(186)      Used:      532M (52%)         618M (60%)         190M (19%)         178M (17%)         624M (61%)         174M (17%)    
[37.749s][info][gc,heap     ] GC(186)      Live:         -                23M (2%)           23M (2%)           23M (2%)             -                  -          
[37.749s][info][gc,heap     ] GC(186) Allocated:         -                86M (8%)          108M (11%)         115M (11%)            -                  -          
[37.749s][info][gc,heap     ] GC(186)   Garbage:         -               508M (50%)          58M (6%)           38M (4%)             -                  -          
[37.749s][info][gc,heap     ] GC(186) Reclaimed:         -                  -               450M (44%)         469M (46%)            -                  -          
[37.749s][info][gc          ] GC(186) Garbage Collection (Allocation Rate) 532M(52%)->178M(17%)
[37.889s][info][gc,start    ] GC(187) Garbage Collection (Allocation Rate)
[37.889s][info][gc,task     ] GC(187) Using 2 workers
[37.890s][info][gc,phases   ] GC(187) Pause Mark Start 0.018ms
[37.934s][info][gc,phases   ] GC(187) Concurrent Mark 44.538ms
[37.934s][info][gc,phases   ] GC(187) Pause Mark End 0.016ms
[37.934s][info][gc,phases   ] GC(187) Concurrent Mark Free 0.001ms
[37.936s][info][gc,phases   ] GC(187) Concurrent Process Non-Strong References 1.816ms
[37.936s][info][gc,phases   ] GC(187) Concurrent Reset Relocation Set 0.004ms
[37.943s][info][gc,phases   ] GC(187) Concurrent Select Relocation Set 6.974ms
[37.943s][info][gc,phases   ] GC(187) Pause Relocate Start 0.010ms
[37.949s][info][gc,phases   ] GC(187) Concurrent Relocate 5.881ms
[37.949s][info][gc,load     ] GC(187) Load: 0.00/0.00/0.00
[37.950s][info][gc,mmu      ] GC(187) MMU: 2ms/98.9%, 5ms/99.4%, 10ms/99.7%, 20ms/99.7%, 50ms/99.9%, 100ms/99.9%
[37.950s][info][gc,marking  ] GC(187) Mark: 2 stripe(s), 2 proactive flush(es), 1 terminate flush(es), 0 completion(s), 0 continuation(s) 
[37.950s][info][gc,marking  ] GC(187) Mark Stack Usage: 32M
[37.950s][info][gc,nmethod  ] GC(187) NMethods: 1368 registered, 54 unregistered
[37.950s][info][gc,metaspace] GC(187) Metaspace: 8M used, 8M committed, 1088M reserved
[37.950s][info][gc,ref      ] GC(187) Soft: 174 encountered, 0 discovered, 0 enqueued
[37.950s][info][gc,ref      ] GC(187) Weak: 570 encountered, 8 discovered, 0 enqueued
[37.950s][info][gc,ref      ] GC(187) Final: 0 encountered, 0 discovered, 0 enqueued
[37.950s][info][gc,ref      ] GC(187) Phantom: 21 encountered, 9 discovered, 0 enqueued
[37.950s][info][gc,reloc    ] GC(187) Small Pages: 230 / 460M, Empty: 416M, Relocated: 6M, In-Place: 0
[37.950s][info][gc,reloc    ] GC(187) Medium Pages: 2 / 64M, Empty: 0M, Relocated: 2M, In-Place: 0
[37.950s][info][gc,reloc    ] GC(187) Large Pages: 0 / 0M, Empty: 0M, Relocated: 0M, In-Place: 0
[37.950s][info][gc,reloc    ] GC(187) Forwarding Usage: 2M
[37.950s][info][gc,heap     ] GC(187) Min Capacity: 8M(1%)
[37.950s][info][gc,heap     ] GC(187) Max Capacity: 1024M(100%)
[37.950s][info][gc,heap     ] GC(187) Soft Max Capacity: 1024M(100%)
[37.950s][info][gc,heap     ] GC(187)                Mark Start          Mark End        Relocate Start      Relocate End           High               Low         
[37.950s][info][gc,heap     ] GC(187)  Capacity:     1024M (100%)       1024M (100%)       1024M (100%)       1024M (100%)       1024M (100%)       1024M (100%)   
[37.950s][info][gc,heap     ] GC(187)      Free:      500M (49%)         380M (37%)         782M (76%)         816M (80%)         822M (80%)         376M (37%)    
[37.950s][info][gc,heap     ] GC(187)      Used:      524M (51%)         644M (63%)         242M (24%)         208M (20%)         648M (63%)         202M (20%)    
[37.950s][info][gc,heap     ] GC(187)      Live:         -                24M (2%)           24M (2%)           24M (2%)             -                  -          
[37.950s][info][gc,heap     ] GC(187) Allocated:         -               120M (12%)         134M (13%)         147M (14%)            -                  -          
[37.950s][info][gc,heap     ] GC(187)   Garbage:         -               499M (49%)          83M (8%)           35M (3%)             -                  -          
[37.950s][info][gc,heap     ] GC(187) Reclaimed:         -                  -               416M (41%)         463M (45%)            -                  -          
[37.950s][info][gc          ] GC(187) Garbage Collection (Allocation Rate) 524M(51%)->208M(20%)
[38.089s][info][gc,start    ] GC(188) Garbage Collection (Allocation Rate)
[38.089s][info][gc,task     ] GC(188) Using 2 workers
[38.089s][info][gc,phases   ] GC(188) Pause Mark Start 0.014ms
[38.145s][info][gc,phases   ] GC(188) Concurrent Mark 55.527ms
[38.145s][info][gc,phases   ] GC(188) Pause Mark End 0.013ms
[38.145s][info][gc,phases   ] GC(188) Concurrent Mark Free 0.001ms
[38.148s][info][gc,phases   ] GC(188) Concurrent Process Non-Strong References 2.609ms
[38.148s][info][gc,phases   ] GC(188) Concurrent Reset Relocation Set 0.003ms
[38.152s][info][gc,phases   ] GC(188) Concurrent Select Relocation Set 3.986ms
[38.152s][info][gc,phases   ] GC(188) Pause Relocate Start 0.002ms
[38.157s][info][gc,phases   ] GC(188) Concurrent Relocate 4.928ms
[38.157s][info][gc,load     ] GC(188) Load: 0.00/0.00/0.00
[38.157s][info][gc,mmu      ] GC(188) MMU: 2ms/98.9%, 5ms/99.4%, 10ms/99.7%, 20ms/99.7%, 50ms/99.9%, 100ms/99.9%
[38.157s][info][gc,marking  ] GC(188) Mark: 2 stripe(s), 3 proactive flush(es), 1 terminate flush(es), 0 completion(s), 0 continuation(s) 
[38.157s][info][gc,marking  ] GC(188) Mark Stack Usage: 32M
[38.157s][info][gc,nmethod  ] GC(188) NMethods: 1368 registered, 54 unregistered
[38.157s][info][gc,metaspace] GC(188) Metaspace: 8M used, 8M committed, 1088M reserved
[38.157s][info][gc,ref      ] GC(188) Soft: 174 encountered, 0 discovered, 0 enqueued
[38.157s][info][gc,ref      ] GC(188) Weak: 570 encountered, 303 discovered, 0 enqueued
[38.157s][info][gc,ref      ] GC(188) Final: 0 encountered, 0 discovered, 0 enqueued
[38.157s][info][gc,ref      ] GC(188) Phantom: 21 encountered, 19 discovered, 0 enqueued
[38.157s][info][gc,reloc    ] GC(188) Small Pages: 269 / 538M, Empty: 494M, Relocated: 4M, In-Place: 0
[38.157s][info][gc,reloc    ] GC(188) Medium Pages: 1 / 32M, Empty: 0M, Relocated: 0M, In-Place: 0
[38.157s][info][gc,reloc    ] GC(188) Large Pages: 0 / 0M, Empty: 0M, Relocated: 0M, In-Place: 0
[38.157s][info][gc,reloc    ] GC(188) Forwarding Usage: 2M
[38.157s][info][gc,heap     ] GC(188) Min Capacity: 8M(1%)
[38.157s][info][gc,heap     ] GC(188) Max Capacity: 1024M(100%)
[38.157s][info][gc,heap     ] GC(188) Soft Max Capacity: 1024M(100%)
[38.157s][info][gc,heap     ] GC(188)                Mark Start          Mark End        Relocate Start      Relocate End           High               Low         
[38.157s][info][gc,heap     ] GC(188)  Capacity:     1024M (100%)       1024M (100%)       1024M (100%)       1024M (100%)       1024M (100%)       1024M (100%)   
[38.157s][info][gc,heap     ] GC(188)      Free:      454M (44%)         288M (28%)         766M (75%)         772M (75%)         774M (76%)         284M (28%)    
[38.157s][info][gc,heap     ] GC(188)      Used:      570M (56%)         736M (72%)         258M (25%)         252M (25%)         740M (72%)         250M (24%)    
[38.157s][info][gc,heap     ] GC(188)      Live:         -                27M (3%)           27M (3%)           27M (3%)             -                  -          
[38.157s][info][gc,heap     ] GC(188) Allocated:         -               166M (16%)         182M (18%)         189M (19%)            -                  -          
[38.157s][info][gc,heap     ] GC(188)   Garbage:         -               542M (53%)          48M (5%)           34M (3%)             -                  -          
[38.157s][info][gc,heap     ] GC(188) Reclaimed:         -                  -               494M (48%)         507M (50%)            -                  -          
[38.157s][info][gc          ] GC(188) Garbage Collection (Allocation Rate) 570M(56%)->252M(25%)
[38.290s][info][gc,start    ] GC(189) Garbage Collection (Allocation Rate)
[38.290s][info][gc,task     ] GC(189) Using 2 workers
[38.290s][info][gc,phases   ] GC(189) Pause Mark Start 0.017ms
[38.340s][info][gc,phases   ] GC(189) Concurrent Mark 49.542ms
[38.340s][info][gc,phases   ] GC(189) Pause Mark End 0.016ms
[38.340s][info][gc,phases   ] GC(189) Concurrent Mark Free 0.001ms
[38.342s][info][gc,phases   ] GC(189) Concurrent Process Non-Strong References 2.478ms
[38.342s][info][gc,phases   ] GC(189) Concurrent Reset Relocation Set 0.002ms
[38.349s][info][gc,phases   ] GC(189) Concurrent Select Relocation Set 7.056ms
[38.350s][info][gc,phases   ] GC(189) Pause Relocate Start 0.008ms
[38.354s][info][gc,phases   ] GC(189) Concurrent Relocate 4.740ms
[38.354s][info][gc,load     ] GC(189) Load: 0.00/0.00/0.00
[38.354s][info][gc,mmu      ] GC(189) MMU: 2ms/98.9%, 5ms/99.4%, 10ms/99.7%, 20ms/99.7%, 50ms/99.9%, 100ms/99.9%
[38.355s][info][gc,marking  ] GC(189) Mark: 2 stripe(s), 2 proactive flush(es), 1 terminate flush(es), 0 completion(s), 0 continuation(s) 
[38.355s][info][gc,marking  ] GC(189) Mark Stack Usage: 32M
[38.355s][info][gc,nmethod  ] GC(189) NMethods: 1368 registered, 54 unregistered
[38.355s][info][gc,metaspace] GC(189) Metaspace: 8M used, 8M committed, 1088M reserved
[38.355s][info][gc,ref      ] GC(189) Soft: 174 encountered, 0 discovered, 0 enqueued
[38.355s][info][gc,ref      ] GC(189) Weak: 570 encountered, 160 discovered, 0 enqueued
[38.355s][info][gc,ref      ] GC(189) Final: 0 encountered, 0 discovered, 0 enqueued
[38.355s][info][gc,ref      ] GC(189) Phantom: 21 encountered, 9 discovered, 0 enqueued
[38.355s][info][gc,reloc    ] GC(189) Small Pages: 257 / 514M, Empty: 462M, Relocated: 5M, In-Place: 0
[38.355s][info][gc,reloc    ] GC(189) Medium Pages: 2 / 64M, Empty: 0M, Relocated: 2M, In-Place: 0
[38.355s][info][gc,reloc    ] GC(189) Large Pages: 0 / 0M, Empty: 0M, Relocated: 0M, In-Place: 0
[38.355s][info][gc,reloc    ] GC(189) Forwarding Usage: 2M
[38.355s][info][gc,heap     ] GC(189) Min Capacity: 8M(1%)
[38.355s][info][gc,heap     ] GC(189) Max Capacity: 1024M(100%)
[38.355s][info][gc,heap     ] GC(189) Soft Max Capacity: 1024M(100%)
[38.355s][info][gc,heap     ] GC(189)                Mark Start          Mark End        Relocate Start      Relocate End           High               Low         
[38.355s][info][gc,heap     ] GC(189)  Capacity:     1024M (100%)       1024M (100%)       1024M (100%)       1024M (100%)       1024M (100%)       1024M (100%)   
[38.355s][info][gc,heap     ] GC(189)      Free:      446M (44%)         376M (37%)         812M (79%)         852M (83%)         858M (84%)         370M (36%)    
[38.355s][info][gc,heap     ] GC(189)      Used:      578M (56%)         648M (63%)         212M (21%)         172M (17%)         654M (64%)         166M (16%)    
[38.355s][info][gc,heap     ] GC(189)      Live:         -                27M (3%)           27M (3%)           27M (3%)             -                  -          
[38.355s][info][gc,heap     ] GC(189) Allocated:         -                70M (7%)           96M (9%)          107M (11%)            -                  -          
[38.355s][info][gc,heap     ] GC(189)   Garbage:         -               550M (54%)          88M (9%)           36M (4%)             -                  -          
[38.355s][info][gc,heap     ] GC(189) Reclaimed:         -                  -               462M (45%)         513M (50%)            -                  -          
[38.355s][info][gc          ] GC(189) Garbage Collection (Allocation Rate) 578M(56%)->172M(17%)
[38.489s][info][gc,start    ] GC(190) Garbage Collection (Allocation Rate)
[38.489s][info][gc,task     ] GC(190) Using 2 workers
[38.489s][info][gc,phases   ] GC(190) Pause Mark Start 0.013ms
[38.543s][info][gc,phases   ] GC(190) Concurrent Mark 53.412ms
[38.543s][info][gc,phases   ] GC(190) Pause Mark End 0.017ms
[38.543s][info][gc,phases   ] GC(190) Concurrent Mark Free 0.001ms
[38.545s][info][gc,phases   ] GC(190) Concurrent Process Non-Strong References 2.499ms
[38.545s][info][gc,phases   ] GC(190) Concurrent Reset Relocation Set 0.003ms
[38.549s][info][gc,phases   ] GC(190) Concurrent Select Relocation Set 3.797ms
[38.549s][info][gc,phases   ] GC(190) Pause Relocate Start 0.006ms
[38.553s][info][gc,phases   ] GC(190) Concurrent Relocate 4.090ms
[38.554s][info][gc,load     ] GC(190) Load: 0.00/0.00/0.00
[38.554s][info][gc,mmu      ] GC(190) MMU: 2ms/98.9%, 5ms/99.4%, 10ms/99.7%, 20ms/99.7%, 50ms/99.9%, 100ms/99.9%
[38.554s][info][gc,marking  ] GC(190) Mark: 2 stripe(s), 2 proactive flush(es), 1 terminate flush(es), 0 completion(s), 0 continuation(s) 
[38.554s][info][gc,marking  ] GC(190) Mark Stack Usage: 32M
[38.554s][info][gc,nmethod  ] GC(190) NMethods: 1368 registered, 54 unregistered
[38.554s][info][gc,metaspace] GC(190) Metaspace: 8M used, 8M committed, 1088M reserved
[38.554s][info][gc,ref      ] GC(190) Soft: 174 encountered, 0 discovered, 0 enqueued
[38.554s][info][gc,ref      ] GC(190) Weak: 570 encountered, 395 discovered, 0 enqueued
[38.554s][info][gc,ref      ] GC(190) Final: 0 encountered, 0 discovered, 0 enqueued
[38.554s][info][gc,ref      ] GC(190) Phantom: 21 encountered, 19 discovered, 0 enqueued
[38.554s][info][gc,reloc    ] GC(190) Small Pages: 249 / 498M, Empty: 448M, Relocated: 4M, In-Place: 0
[38.554s][info][gc,reloc    ] GC(190) Medium Pages: 1 / 32M, Empty: 0M, Relocated: 0M, In-Place: 0
[38.554s][info][gc,reloc    ] GC(190) Large Pages: 0 / 0M, Empty: 0M, Relocated: 0M, In-Place: 0
[38.554s][info][gc,reloc    ] GC(190) Forwarding Usage: 2M
[38.554s][info][gc,heap     ] GC(190) Min Capacity: 8M(1%)
[38.554s][info][gc,heap     ] GC(190) Max Capacity: 1024M(100%)
[38.554s][info][gc,heap     ] GC(190) Soft Max Capacity: 1024M(100%)
[38.554s][info][gc,heap     ] GC(190)                Mark Start          Mark End        Relocate Start      Relocate End           High               Low         
[38.554s][info][gc,heap     ] GC(190)  Capacity:     1024M (100%)       1024M (100%)       1024M (100%)       1024M (100%)       1024M (100%)       1024M (100%)   
[38.554s][info][gc,heap     ] GC(190)      Free:      494M (48%)         348M (34%)         794M (78%)         808M (79%)         810M (79%)         348M (34%)    
[38.554s][info][gc,heap     ] GC(190)      Used:      530M (52%)         676M (66%)         230M (22%)         216M (21%)         676M (66%)         214M (21%)    
[38.554s][info][gc,heap     ] GC(190)      Live:         -                28M (3%)           28M (3%)           28M (3%)             -                  -          
[38.554s][info][gc,heap     ] GC(190) Allocated:         -               146M (14%)         148M (14%)         149M (15%)            -                  -          
[38.554s][info][gc,heap     ] GC(190)   Garbage:         -               501M (49%)          53M (5%)           37M (4%)             -                  -          
[38.554s][info][gc,heap     ] GC(190) Reclaimed:         -                  -               448M (44%)         463M (45%)            -                  -          
[38.554s][info][gc          ] GC(190) Garbage Collection (Allocation Rate) 530M(52%)->216M(21%)
[38.802s][info][gc,start    ] GC(191) Garbage Collection (Allocation Rate)
[38.802s][info][gc,task     ] GC(191) Using 1 workers
[38.802s][info][gc,phases   ] GC(191) Pause Mark Start 0.017ms
[38.882s][info][gc,phases   ] GC(191) Concurrent Mark 79.353ms
[38.882s][info][gc,phases   ] GC(191) Pause Mark End 0.013ms
[38.882s][info][gc,phases   ] GC(191) Concurrent Mark Free 0.001ms
[38.887s][info][gc,phases   ] GC(191) Concurrent Process Non-Strong References 4.674ms
[38.887s][info][gc,phases   ] GC(191) Concurrent Reset Relocation Set 0.004ms
[38.891s][info][gc,phases   ] GC(191) Concurrent Select Relocation Set 3.950ms
[38.891s][info][gc,phases   ] GC(191) Pause Relocate Start 0.004ms
[38.903s][info][gc,phases   ] GC(191) Concurrent Relocate 11.822ms
[38.903s][info][gc,load     ] GC(191) Load: 0.00/0.00/0.00
[38.903s][info][gc,mmu      ] GC(191) MMU: 2ms/98.9%, 5ms/99.4%, 10ms/99.7%, 20ms/99.7%, 50ms/99.9%, 100ms/99.9%
[38.903s][info][gc,marking  ] GC(191) Mark: 1 stripe(s), 2 proactive flush(es), 1 terminate flush(es), 0 completion(s), 0 continuation(s) 
[38.903s][info][gc,marking  ] GC(191) Mark Stack Usage: 32M
[38.903s][info][gc,nmethod  ] GC(191) NMethods: 1368 registered, 54 unregistered
[38.903s][info][gc,metaspace] GC(191) Metaspace: 8M used, 8M committed, 1088M reserved
[38.903s][info][gc,ref      ] GC(191) Soft: 174 encountered, 0 discovered, 0 enqueued
[38.903s][info][gc,ref      ] GC(191) Weak: 570 encountered, 424 discovered, 0 enqueued
[38.903s][info][gc,ref      ] GC(191) Final: 0 encountered, 0 discovered, 0 enqueued
[38.903s][info][gc,ref      ] GC(191) Phantom: 21 encountered, 17 discovered, 0 enqueued
[38.903s][info][gc,reloc    ] GC(191) Small Pages: 105 / 210M, Empty: 162M, Relocated: 4M, In-Place: 0
[38.903s][info][gc,reloc    ] GC(191) Medium Pages: 2 / 64M, Empty: 32M, Relocated: 0M, In-Place: 0
[38.903s][info][gc,reloc    ] GC(191) Large Pages: 0 / 0M, Empty: 0M, Relocated: 0M, In-Place: 0
[38.903s][info][gc,reloc    ] GC(191) Forwarding Usage: 1M
[38.903s][info][gc,heap     ] GC(191) Min Capacity: 8M(1%)
[38.903s][info][gc,heap     ] GC(191) Max Capacity: 1024M(100%)
[38.903s][info][gc,heap     ] GC(191) Soft Max Capacity: 1024M(100%)
[38.903s][info][gc,heap     ] GC(191)                Mark Start          Mark End        Relocate Start      Relocate End           High               Low         
[38.903s][info][gc,heap     ] GC(191)  Capacity:     1024M (100%)       1024M (100%)       1024M (100%)       1024M (100%)       1024M (100%)       1024M (100%)   
[38.903s][info][gc,heap     ] GC(191)      Free:      750M (73%)         718M (70%)         912M (89%)         924M (90%)         924M (90%)         718M (70%)    
[38.903s][info][gc,heap     ] GC(191)      Used:      274M (27%)         306M (30%)         112M (11%)         100M (10%)         306M (30%)         100M (10%)    
[38.903s][info][gc,heap     ] GC(191)      Live:         -                30M (3%)           30M (3%)           30M (3%)             -                  -          
[38.903s][info][gc,heap     ] GC(191) Allocated:         -                32M (3%)           32M (3%)           33M (3%)             -                  -          
[38.903s][info][gc,heap     ] GC(191)   Garbage:         -               243M (24%)          49M (5%)           35M (4%)             -                  -          
[38.903s][info][gc,heap     ] GC(191) Reclaimed:         -                  -               194M (19%)         207M (20%)            -                  -          
[38.904s][info][gc          ] GC(191) Garbage Collection (Allocation Rate) 274M(27%)->100M(10%)
[38.997s][info][gc,start    ] GC(192) Garbage Collection (Allocation Rate)
[38.997s][info][gc,task     ] GC(192) Using 5 workers
[38.997s][info][gc,phases   ] GC(192) Pause Mark Start 0.011ms
[39.044s][info][gc,phases   ] GC(192) Concurrent Mark 46.555ms
[39.044s][info][gc,phases   ] GC(192) Pause Mark End 0.014ms
[39.044s][info][gc,phases   ] GC(192) Concurrent Mark Free 0.001ms
[39.045s][info][gc,phases   ] GC(192) Concurrent Process Non-Strong References 1.090ms
[39.045s][info][gc,phases   ] GC(192) Concurrent Reset Relocation Set 0.002ms
[39.049s][info][gc,phases   ] GC(192) Concurrent Select Relocation Set 3.478ms
[39.049s][info][gc,phases   ] GC(192) Pause Relocate Start 0.006ms
[39.053s][info][gc,phases   ] GC(192) Concurrent Relocate 4.367ms
[39.053s][info][gc,load     ] GC(192) Load: 0.00/0.00/0.00
[39.053s][info][gc,mmu      ] GC(192) MMU: 2ms/98.9%, 5ms/99.4%, 10ms/99.7%, 20ms/99.7%, 50ms/99.9%, 100ms/99.9%
[39.053s][info][gc,marking  ] GC(192) Mark: 4 stripe(s), 2 proactive flush(es), 1 terminate flush(es), 0 completion(s), 0 continuation(s) 
[39.053s][info][gc,marking  ] GC(192) Mark Stack Usage: 32M
[39.053s][info][gc,nmethod  ] GC(192) NMethods: 1369 registered, 54 unregistered
[39.053s][info][gc,metaspace] GC(192) Metaspace: 8M used, 8M committed, 1088M reserved
[39.053s][info][gc,ref      ] GC(192) Soft: 174 encountered, 0 discovered, 0 enqueued
[39.053s][info][gc,ref      ] GC(192) Weak: 570 encountered, 65 discovered, 0 enqueued
[39.053s][info][gc,ref      ] GC(192) Final: 0 encountered, 0 discovered, 0 enqueued
[39.053s][info][gc,ref      ] GC(192) Phantom: 21 encountered, 12 discovered, 0 enqueued
[39.053s][info][gc,reloc    ] GC(192) Small Pages: 38 / 76M, Empty: 38M, Relocated: 5M, In-Place: 0
[39.053s][info][gc,reloc    ] GC(192) Medium Pages: 2 / 64M, Empty: 0M, Relocated: 3M, In-Place: 0
[39.053s][info][gc,reloc    ] GC(192) Large Pages: 0 / 0M, Empty: 0M, Relocated: 0M, In-Place: 0
[39.053s][info][gc,reloc    ] GC(192) Forwarding Usage: 1M
[39.054s][info][gc,heap     ] GC(192) Min Capacity: 8M(1%)
[39.054s][info][gc,heap     ] GC(192) Max Capacity: 1024M(100%)
[39.054s][info][gc,heap     ] GC(192) Soft Max Capacity: 1024M(100%)
[39.054s][info][gc,heap     ] GC(192)                Mark Start          Mark End        Relocate Start      Relocate End           High               Low         
[39.054s][info][gc,heap     ] GC(192)  Capacity:     1024M (100%)       1024M (100%)       1024M (100%)       1024M (100%)       1024M (100%)       1024M (100%)   
[39.054s][info][gc,heap     ] GC(192)      Free:      884M (86%)         874M (85%)         912M (89%)         946M (92%)         946M (92%)         874M (85%)    
[39.054s][info][gc,heap     ] GC(192)      Used:      140M (14%)         150M (15%)         112M (11%)          78M (8%)          150M (15%)          78M (8%)     
[39.054s][info][gc,heap     ] GC(192)      Live:         -                30M (3%)           30M (3%)           30M (3%)             -                  -          
[39.054s][info][gc,heap     ] GC(192) Allocated:         -                10M (1%)           10M (1%)           10M (1%)             -                  -          
[39.054s][info][gc,heap     ] GC(192)   Garbage:         -               109M (11%)          71M (7%)           37M (4%)             -                  -          
[39.054s][info][gc,heap     ] GC(192) Reclaimed:         -                  -                38M (4%)           72M (7%)             -                  -          
[39.054s][info][gc          ] GC(192) Garbage Collection (Allocation Rate) 140M(14%)->78M(8%)
[39.054s][info][gc,start    ] GC(193) Garbage Collection (System.gc())
[39.054s][info][gc,task     ] GC(193) Using 10 workers
[39.054s][info][gc,phases   ] GC(193) Pause Mark Start 0.008ms
[39.059s][info][gc,phases   ] GC(193) Concurrent Mark 5.143ms
[39.059s][info][gc,phases   ] GC(193) Pause Mark End 0.015ms
[39.059s][info][gc,phases   ] GC(193) Concurrent Mark Free 0.001ms
[39.060s][info][gc,phases   ] GC(193) Concurrent Process Non-Strong References 0.587ms
[39.060s][info][gc,phases   ] GC(193) Concurrent Reset Relocation Set 0.002ms
[39.064s][info][gc,phases   ] GC(193) Concurrent Select Relocation Set 3.734ms
[39.064s][info][gc,phases   ] GC(193) Pause Relocate Start 0.005ms
[39.065s][info][gc,phases   ] GC(193) Concurrent Relocate 0.768ms
[39.065s][info][gc,load     ] GC(193) Load: 0.00/0.00/0.00
[39.065s][info][gc,mmu      ] GC(193) MMU: 2ms/98.9%, 5ms/99.4%, 10ms/99.7%, 20ms/99.7%, 50ms/99.9%, 100ms/99.9%
[39.065s][info][gc,marking  ] GC(193) Mark: 8 stripe(s), 1 proactive flush(es), 1 terminate flush(es), 0 completion(s), 0 continuation(s) 
[39.065s][info][gc,marking  ] GC(193) Mark Stack Usage: 32M
[39.065s][info][gc,nmethod  ] GC(193) NMethods: 1369 registered, 54 unregistered
[39.065s][info][gc,metaspace] GC(193) Metaspace: 8M used, 8M committed, 1088M reserved
[39.065s][info][gc,ref      ] GC(193) Soft: 174 encountered, 0 discovered, 0 enqueued
[39.065s][info][gc,ref      ] GC(193) Weak: 570 encountered, 21 discovered, 0 enqueued
[39.065s][info][gc,ref      ] GC(193) Final: 0 encountered, 0 discovered, 0 enqueued
[39.065s][info][gc,ref      ] GC(193) Phantom: 21 encountered, 16 discovered, 0 enqueued
[39.065s][info][gc,reloc    ] GC(193) Small Pages: 23 / 46M, Empty: 32M, Relocated: 1M, In-Place: 0
[39.065s][info][gc,reloc    ] GC(193) Medium Pages: 1 / 32M, Empty: 32M, Relocated: 0M, In-Place: 0
[39.065s][info][gc,reloc    ] GC(193) Large Pages: 0 / 0M, Empty: 0M, Relocated: 0M, In-Place: 0
[39.065s][info][gc,reloc    ] GC(193) Forwarding Usage: 0M
[39.065s][info][gc,heap     ] GC(193) Min Capacity: 8M(1%)
[39.065s][info][gc,heap     ] GC(193) Max Capacity: 1024M(100%)
[39.065s][info][gc,heap     ] GC(193) Soft Max Capacity: 1024M(100%)
[39.065s][info][gc,heap     ] GC(193)                Mark Start          Mark End        Relocate Start      Relocate End           High               Low         
[39.065s][info][gc,heap     ] GC(193)  Capacity:     1024M (100%)       1024M (100%)       1024M (100%)       1024M (100%)       1024M (100%)       1024M (100%)   
[39.065s][info][gc,heap     ] GC(193)      Free:      946M (92%)         946M (92%)        1010M (99%)        1010M (99%)        1010M (99%)         946M (92%)    
[39.065s][info][gc,heap     ] GC(193)      Used:       78M (8%)           78M (8%)           14M (1%)           14M (1%)           78M (8%)           14M (1%)     
[39.065s][info][gc,heap     ] GC(193)      Live:         -                 4M (0%)            4M (0%)            4M (0%)             -                  -          
[39.065s][info][gc,heap     ] GC(193) Allocated:         -                 0M (0%)            0M (0%)            0M (0%)             -                  -          
[39.065s][info][gc,heap     ] GC(193)   Garbage:         -                73M (7%)            9M (1%)            9M (1%)             -                  -          
[39.066s][info][gc,heap     ] GC(193) Reclaimed:         -                  -                64M (6%)           64M (6%)             -                  -          
[39.066s][info][gc          ] GC(193) Garbage Collection (System.gc()) 78M(8%)->14M(1%)
[39.290s][info][gc,start    ] GC(194) Garbage Collection (Allocation Rate)
[39.290s][info][gc,task     ] GC(194) Using 10 workers
[39.290s][info][gc,phases   ] GC(194) Pause Mark Start 0.017ms
[39.296s][info][gc,phases   ] GC(194) Concurrent Mark 6.627ms
[39.297s][info][gc,phases   ] GC(194) Pause Mark End 0.016ms
[39.297s][info][gc,phases   ] GC(194) Concurrent Mark Free 0.001ms
[39.297s][info][gc,phases   ] GC(194) Concurrent Process Non-Strong References 0.700ms
[39.297s][info][gc,phases   ] GC(194) Concurrent Reset Relocation Set 0.002ms
[39.301s][info][gc,phases   ] GC(194) Concurrent Select Relocation Set 3.991ms
[39.302s][info][gc,phases   ] GC(194) Pause Relocate Start 0.006ms
[39.303s][info][gc,phases   ] GC(194) Concurrent Relocate 1.542ms
[39.303s][info][gc,load     ] GC(194) Load: 0.00/0.00/0.00
[39.303s][info][gc,mmu      ] GC(194) MMU: 2ms/98.9%, 5ms/99.4%, 10ms/99.7%, 20ms/99.7%, 50ms/99.9%, 100ms/99.9%
[39.303s][info][gc,marking  ] GC(194) Mark: 8 stripe(s), 2 proactive flush(es), 1 terminate flush(es), 0 completion(s), 0 continuation(s) 
[39.303s][info][gc,marking  ] GC(194) Mark Stack Usage: 32M
[39.303s][info][gc,nmethod  ] GC(194) NMethods: 1370 registered, 54 unregistered
[39.303s][info][gc,metaspace] GC(194) Metaspace: 8M used, 8M committed, 1088M reserved
[39.303s][info][gc,ref      ] GC(194) Soft: 174 encountered, 0 discovered, 0 enqueued
[39.303s][info][gc,ref      ] GC(194) Weak: 570 encountered, 5 discovered, 0 enqueued
[39.303s][info][gc,ref      ] GC(194) Final: 0 encountered, 0 discovered, 0 enqueued
[39.304s][info][gc,ref      ] GC(194) Phantom: 21 encountered, 19 discovered, 0 enqueued
[39.304s][info][gc,reloc    ] GC(194) Small Pages: 287 / 574M, Empty: 540M, Relocated: 2M, In-Place: 0
[39.304s][info][gc,reloc    ] GC(194) Medium Pages: 0 / 0M, Empty: 0M, Relocated: 0M, In-Place: 0
[39.304s][info][gc,reloc    ] GC(194) Large Pages: 0 / 0M, Empty: 0M, Relocated: 0M, In-Place: 0
[39.304s][info][gc,reloc    ] GC(194) Forwarding Usage: 0M
[39.304s][info][gc,heap     ] GC(194) Min Capacity: 8M(1%)
[39.304s][info][gc,heap     ] GC(194) Max Capacity: 1024M(100%)
[39.304s][info][gc,heap     ] GC(194) Soft Max Capacity: 1024M(100%)
[39.304s][info][gc,heap     ] GC(194)                Mark Start          Mark End        Relocate Start      Relocate End           High               Low         
[39.304s][info][gc,heap     ] GC(194)  Capacity:     1024M (100%)       1024M (100%)       1024M (100%)       1024M (100%)       1024M (100%)       1024M (100%)   
[39.304s][info][gc,heap     ] GC(194)      Free:      450M (44%)         434M (42%)         960M (94%)         966M (94%)         966M (94%)         432M (42%)    
[39.304s][info][gc,heap     ] GC(194)      Used:      574M (56%)         590M (58%)          64M (6%)           58M (6%)          592M (58%)          58M (6%)     
[39.304s][info][gc,heap     ] GC(194)      Live:         -                 6M (1%)            6M (1%)            6M (1%)             -                  -          
[39.304s][info][gc,heap     ] GC(194) Allocated:         -                16M (2%)           30M (3%)           33M (3%)             -                  -          
[39.304s][info][gc,heap     ] GC(194)   Garbage:         -               567M (55%)          27M (3%)           17M (2%)             -                  -          
[39.304s][info][gc,heap     ] GC(194) Reclaimed:         -                  -               540M (53%)         549M (54%)            -                  -          
[39.304s][info][gc          ] GC(194) Garbage Collection (Allocation Rate) 574M(56%)->58M(6%)
[39.494s][info][gc,start    ] GC(195) Garbage Collection (Allocation Rate)
[39.494s][info][gc,task     ] GC(195) Using 10 workers
[39.494s][info][gc,phases   ] GC(195) Pause Mark Start 0.015ms
[39.509s][info][gc,phases   ] GC(195) Concurrent Mark 15.281ms
[39.510s][info][gc,phases   ] GC(195) Pause Mark End 0.014ms
[39.510s][info][gc,phases   ] GC(195) Concurrent Mark Free 0.001ms
[39.510s][info][gc,phases   ] GC(195) Concurrent Process Non-Strong References 0.699ms
[39.510s][info][gc,phases   ] GC(195) Concurrent Reset Relocation Set 0.003ms
[39.515s][info][gc,phases   ] GC(195) Concurrent Select Relocation Set 4.747ms
[39.515s][info][gc,phases   ] GC(195) Pause Relocate Start 0.007ms
[39.517s][info][gc,phases   ] GC(195) Concurrent Relocate 1.499ms
[39.517s][info][gc,load     ] GC(195) Load: 0.00/0.00/0.00
[39.517s][info][gc,mmu      ] GC(195) MMU: 2ms/98.9%, 5ms/99.4%, 10ms/99.7%, 20ms/99.7%, 50ms/99.9%, 100ms/99.9%
[39.517s][info][gc,marking  ] GC(195) Mark: 8 stripe(s), 2 proactive flush(es), 1 terminate flush(es), 0 completion(s), 0 continuation(s) 
[39.517s][info][gc,marking  ] GC(195) Mark Stack Usage: 32M
[39.517s][info][gc,nmethod  ] GC(195) NMethods: 1370 registered, 54 unregistered
[39.517s][info][gc,metaspace] GC(195) Metaspace: 8M used, 8M committed, 1088M reserved
[39.517s][info][gc,ref      ] GC(195) Soft: 174 encountered, 0 discovered, 0 enqueued
[39.517s][info][gc,ref      ] GC(195) Weak: 570 encountered, 5 discovered, 0 enqueued
[39.517s][info][gc,ref      ] GC(195) Final: 0 encountered, 0 discovered, 0 enqueued
[39.517s][info][gc,ref      ] GC(195) Phantom: 21 encountered, 21 discovered, 0 enqueued
[39.517s][info][gc,reloc    ] GC(195) Small Pages: 268 / 536M, Empty: 494M, Relocated: 2M, In-Place: 0
[39.517s][info][gc,reloc    ] GC(195) Medium Pages: 1 / 32M, Empty: 0M, Relocated: 0M, In-Place: 0
[39.517s][info][gc,reloc    ] GC(195) Large Pages: 0 / 0M, Empty: 0M, Relocated: 0M, In-Place: 0
[39.517s][info][gc,reloc    ] GC(195) Forwarding Usage: 1M
[39.517s][info][gc,heap     ] GC(195) Min Capacity: 8M(1%)
[39.517s][info][gc,heap     ] GC(195) Max Capacity: 1024M(100%)
[39.517s][info][gc,heap     ] GC(195) Soft Max Capacity: 1024M(100%)
[39.517s][info][gc,heap     ] GC(195)                Mark Start          Mark End        Relocate Start      Relocate End           High               Low         
[39.517s][info][gc,heap     ] GC(195)  Capacity:     1024M (100%)       1024M (100%)       1024M (100%)       1024M (100%)       1024M (100%)       1024M (100%)   
[39.517s][info][gc,heap     ] GC(195)      Free:      456M (45%)         414M (40%)         894M (87%)         906M (88%)         906M (88%)         412M (40%)    
[39.517s][info][gc,heap     ] GC(195)      Used:      568M (55%)         610M (60%)         130M (13%)         118M (12%)         612M (60%)         118M (12%)    
[39.518s][info][gc,heap     ] GC(195)      Live:         -                 7M (1%)            7M (1%)            7M (1%)             -                  -          
[39.518s][info][gc,heap     ] GC(195) Allocated:         -                42M (4%)           56M (5%)           59M (6%)             -                  -          
[39.518s][info][gc,heap     ] GC(195)   Garbage:         -               560M (55%)          66M (6%)           50M (5%)             -                  -          
[39.518s][info][gc,heap     ] GC(195) Reclaimed:         -                  -               494M (48%)         509M (50%)            -                  -          
[39.518s][info][gc          ] GC(195) Garbage Collection (Allocation Rate) 568M(55%)->118M(12%)
[39.688s][info][gc,start    ] GC(196) Garbage Collection (Allocation Rate)
[39.688s][info][gc,task     ] GC(196) Using 3 workers
[39.688s][info][gc,phases   ] GC(196) Pause Mark Start 0.018ms
[39.719s][info][gc,phases   ] GC(196) Concurrent Mark 30.352ms
[39.719s][info][gc,phases   ] GC(196) Pause Mark End 0.018ms
[39.719s][info][gc,phases   ] GC(196) Concurrent Mark Free 0.001ms
[39.721s][info][gc,phases   ] GC(196) Concurrent Process Non-Strong References 1.768ms
[39.721s][info][gc,phases   ] GC(196) Concurrent Reset Relocation Set 0.005ms
[39.727s][info][gc,phases   ] GC(196) Concurrent Select Relocation Set 5.934ms
[39.727s][info][gc,phases   ] GC(196) Pause Relocate Start 0.007ms
[39.732s][info][gc,phases   ] GC(196) Concurrent Relocate 5.428ms
[39.733s][info][gc,load     ] GC(196) Load: 0.00/0.00/0.00
[39.733s][info][gc,mmu      ] GC(196) MMU: 2ms/98.9%, 5ms/99.4%, 10ms/99.7%, 20ms/99.7%, 50ms/99.9%, 100ms/99.9%
[39.733s][info][gc,marking  ] GC(196) Mark: 2 stripe(s), 2 proactive flush(es), 1 terminate flush(es), 0 completion(s), 0 continuation(s) 
[39.733s][info][gc,marking  ] GC(196) Mark Stack Usage: 32M
[39.733s][info][gc,nmethod  ] GC(196) NMethods: 1370 registered, 54 unregistered
[39.733s][info][gc,metaspace] GC(196) Metaspace: 8M used, 8M committed, 1088M reserved
[39.733s][info][gc,ref      ] GC(196) Soft: 174 encountered, 0 discovered, 0 enqueued
[39.733s][info][gc,ref      ] GC(196) Weak: 570 encountered, 7 discovered, 0 enqueued
[39.733s][info][gc,ref      ] GC(196) Final: 0 encountered, 0 discovered, 0 enqueued
[39.733s][info][gc,ref      ] GC(196) Phantom: 21 encountered, 15 discovered, 0 enqueued
[39.733s][info][gc,reloc    ] GC(196) Small Pages: 256 / 512M, Empty: 466M, Relocated: 5M, In-Place: 0
[39.733s][info][gc,reloc    ] GC(196) Medium Pages: 1 / 32M, Empty: 0M, Relocated: 0M, In-Place: 0
[39.733s][info][gc,reloc    ] GC(196) Large Pages: 0 / 0M, Empty: 0M, Relocated: 0M, In-Place: 0
[39.733s][info][gc,reloc    ] GC(196) Forwarding Usage: 2M
[39.733s][info][gc,heap     ] GC(196) Min Capacity: 8M(1%)
[39.733s][info][gc,heap     ] GC(196) Max Capacity: 1024M(100%)
[39.733s][info][gc,heap     ] GC(196) Soft Max Capacity: 1024M(100%)
[39.733s][info][gc,heap     ] GC(196)                Mark Start          Mark End        Relocate Start      Relocate End           High               Low         
[39.733s][info][gc,heap     ] GC(196)  Capacity:     1024M (100%)       1024M (100%)       1024M (100%)       1024M (100%)       1024M (100%)       1024M (100%)   
[39.733s][info][gc,heap     ] GC(196)      Free:      480M (47%)         404M (39%)         860M (84%)         882M (86%)         884M (86%)         400M (39%)    
[39.733s][info][gc,heap     ] GC(196)      Used:      544M (53%)         620M (61%)         164M (16%)         142M (14%)         624M (61%)         140M (14%)    
[39.733s][info][gc,heap     ] GC(196)      Live:         -                 8M (1%)            8M (1%)            8M (1%)             -                  -          
[39.733s][info][gc,heap     ] GC(196) Allocated:         -                76M (7%)           86M (8%)           99M (10%)            -                  -          
[39.733s][info][gc,heap     ] GC(196)   Garbage:         -               535M (52%)          69M (7%)           33M (3%)             -                  -          
[39.733s][info][gc,heap     ] GC(196) Reclaimed:         -                  -               466M (46%)         501M (49%)            -                  -          
[39.733s][info][gc          ] GC(196) Garbage Collection (Allocation Rate) 544M(53%)->142M(14%)
[39.891s][info][gc,start    ] GC(197) Garbage Collection (Allocation Rate)
[39.891s][info][gc,task     ] GC(197) Using 5 workers
[39.891s][info][gc,phases   ] GC(197) Pause Mark Start 0.013ms
[39.906s][info][gc,phases   ] GC(197) Concurrent Mark 15.272ms
[39.906s][info][gc,phases   ] GC(197) Pause Mark End 0.015ms
[39.906s][info][gc,phases   ] GC(197) Concurrent Mark Free 0.001ms
[39.908s][info][gc,phases   ] GC(197) Concurrent Process Non-Strong References 1.061ms
[39.908s][info][gc,phases   ] GC(197) Concurrent Reset Relocation Set 0.004ms
[39.914s][info][gc,phases   ] GC(197) Concurrent Select Relocation Set 6.786ms
[39.914s][info][gc,phases   ] GC(197) Pause Relocate Start 0.005ms
[39.919s][info][gc,phases   ] GC(197) Concurrent Relocate 4.749ms
[39.919s][info][gc,load     ] GC(197) Load: 0.00/0.00/0.00
[39.919s][info][gc,mmu      ] GC(197) MMU: 2ms/98.9%, 5ms/99.4%, 10ms/99.7%, 20ms/99.7%, 50ms/99.9%, 100ms/99.9%
[39.919s][info][gc,marking  ] GC(197) Mark: 4 stripe(s), 2 proactive flush(es), 1 terminate flush(es), 0 completion(s), 0 continuation(s) 
[39.919s][info][gc,marking  ] GC(197) Mark Stack Usage: 32M
[39.919s][info][gc,nmethod  ] GC(197) NMethods: 1370 registered, 54 unregistered
[39.919s][info][gc,metaspace] GC(197) Metaspace: 8M used, 8M committed, 1088M reserved
[39.920s][info][gc,ref      ] GC(197) Soft: 174 encountered, 0 discovered, 0 enqueued
[39.920s][info][gc,ref      ] GC(197) Weak: 570 encountered, 3 discovered, 0 enqueued
[39.920s][info][gc,ref      ] GC(197) Final: 0 encountered, 0 discovered, 0 enqueued
[39.920s][info][gc,ref      ] GC(197) Phantom: 21 encountered, 19 discovered, 0 enqueued
[39.920s][info][gc,reloc    ] GC(197) Small Pages: 235 / 470M, Empty: 436M, Relocated: 5M, In-Place: 0
[39.920s][info][gc,reloc    ] GC(197) Medium Pages: 2 / 64M, Empty: 32M, Relocated: 0M, In-Place: 0
[39.920s][info][gc,reloc    ] GC(197) Large Pages: 0 / 0M, Empty: 0M, Relocated: 0M, In-Place: 0
[39.920s][info][gc,reloc    ] GC(197) Forwarding Usage: 2M
[39.920s][info][gc,heap     ] GC(197) Min Capacity: 8M(1%)
[39.920s][info][gc,heap     ] GC(197) Max Capacity: 1024M(100%)
[39.920s][info][gc,heap     ] GC(197) Soft Max Capacity: 1024M(100%)
[39.920s][info][gc,heap     ] GC(197)                Mark Start          Mark End        Relocate Start      Relocate End           High               Low         
[39.920s][info][gc,heap     ] GC(197)  Capacity:     1024M (100%)       1024M (100%)       1024M (100%)       1024M (100%)       1024M (100%)       1024M (100%)   
[39.920s][info][gc,heap     ] GC(197)      Free:      490M (48%)         450M (44%)         896M (88%)         902M (88%)         908M (89%)         448M (44%)    
[39.920s][info][gc,heap     ] GC(197)      Used:      534M (52%)         574M (56%)         128M (13%)         122M (12%)         576M (56%)         116M (11%)    
[39.920s][info][gc,heap     ] GC(197)      Live:         -                10M (1%)           10M (1%)           10M (1%)             -                  -          
[39.920s][info][gc,heap     ] GC(197) Allocated:         -                40M (4%)           62M (6%)           73M (7%)             -                  -          
[39.920s][info][gc,heap     ] GC(197)   Garbage:         -               523M (51%)          55M (5%)           37M (4%)             -                  -          
[39.920s][info][gc,heap     ] GC(197) Reclaimed:         -                  -               468M (46%)         485M (47%)            -                  -          
[39.920s][info][gc          ] GC(197) Garbage Collection (Allocation Rate) 534M(52%)->122M(12%)
[40.095s][info][gc,start    ] GC(198) Garbage Collection (Allocation Rate)
[40.095s][info][gc,stats    ] === Garbage Collection Statistics =======================================================================================================================
[40.095s][info][gc,task     ] GC(198) Using 5 workers
[40.095s][info][gc,stats    ]                                                              Last 10s              Last 10m              Last 10h                Total
[40.095s][info][gc,stats    ]                                                              Avg / Max             Avg / Max             Avg / Max             Avg / Max
[40.095s][info][gc,stats    ]   Collector: Garbage Collection Cycle                     48.056 / 100.742      45.905 / 129.954      45.905 / 129.954      45.905 / 129.954     ms
[40.095s][info][gc,phases   ] GC(198) Pause Mark Start 0.017ms
[40.095s][info][gc,stats    ]  Contention: Mark Segment Reset Contention                     2 / 9                 3 / 17                3 / 17                3 / 17          ops/s
[40.095s][info][gc,stats    ]  Contention: Mark SeqNum Reset Contention                      0 / 2                 0 / 6                 0 / 6                 0 / 6           ops/s
[40.095s][info][gc,stats    ]    Critical: Allocation Stall                                  0 / 0                 0 / 0                 0 / 0                 0 / 0           ops/s
[40.095s][info][gc,stats    ]    Critical: Allocation Stall                              0.000 / 0.000         0.000 / 0.000         0.000 / 0.000         0.000 / 0.000       ms
[40.095s][info][gc,stats    ]    Critical: GC Locker Stall                                   0 / 0                 0 / 0                 0 / 0                 0 / 0           ops/s
[40.095s][info][gc,stats    ]    Critical: GC Locker Stall                               0.000 / 0.000         0.000 / 0.000         0.000 / 0.000         0.000 / 0.000       ms
[40.095s][info][gc,stats    ]    Critical: Relocation Stall                                  0 / 0                 0 / 0                 0 / 0                 0 / 0           ops/s
[40.095s][info][gc,stats    ]    Critical: Relocation Stall                              0.000 / 0.000         0.000 / 0.000         0.000 / 0.000         0.000 / 0.000       ms
[40.095s][info][gc,stats    ]      Memory: Allocation Rate                                2178 / 2604           2111 / 2604           2111 / 2604           2111 / 2604        MB/s
[40.095s][info][gc,stats    ]      Memory: Defragment                                        0 / 0                 0 / 0                 0 / 0                 0 / 0           ops/s
[40.095s][info][gc,stats    ]      Memory: Out Of Memory                                     0 / 0                 0 / 0                 0 / 0                 0 / 0           ops/s
[40.096s][info][gc,stats    ]      Memory: Page Cache Flush                                  0 / 0                 0 / 0                 0 / 0                 0 / 0           MB/s
[40.096s][info][gc,stats    ]      Memory: Page Cache Hit L1                              1072 / 1285           1032 / 1292           1032 / 1292           1032 / 1292        ops/s
[40.096s][info][gc,stats    ]      Memory: Page Cache Hit L2                                 0 / 0                 0 / 0                 0 / 0                 0 / 0           ops/s
[40.096s][info][gc,stats    ]      Memory: Page Cache Hit L3                                 0 / 0                10 / 212              10 / 212              10 / 212         ops/s
[40.096s][info][gc,stats    ]      Memory: Page Cache Miss                                   0 / 0                 0 / 1                 0 / 1                 0 / 1           ops/s
[40.096s][info][gc,stats    ]      Memory: Uncommit                                          0 / 0                 0 / 0                 0 / 0                 0 / 0           MB/s
[40.096s][info][gc,stats    ]      Memory: Undo Object Allocation Failed                     0 / 0                 0 / 1                 0 / 1                 0 / 1           ops/s
[40.096s][info][gc,stats    ]      Memory: Undo Object Allocation Succeeded                  0 / 2                 1 / 12                1 / 12                1 / 12          ops/s
[40.096s][info][gc,stats    ]      Memory: Undo Page Allocation                              0 / 0                 0 / 0                 0 / 0                 0 / 0           ops/s
[40.096s][info][gc,stats    ]       Phase: Concurrent Mark                              35.909 / 79.353       33.810 / 112.431      33.810 / 112.431      33.810 / 112.431     ms
[40.096s][info][gc,stats    ]       Phase: Concurrent Mark Continue                      0.000 / 0.000         0.000 / 0.000         0.000 / 0.000         0.000 / 0.000       ms
[40.096s][info][gc,stats    ]       Phase: Concurrent Mark Free                          0.001 / 0.002         0.001 / 0.002         0.001 / 0.002         0.001 / 0.002       ms
[40.096s][info][gc,stats    ]       Phase: Concurrent Process Non-Strong References      1.669 / 4.674         1.662 / 4.792         1.662 / 4.792         1.662 / 4.792       ms
[40.096s][info][gc,stats    ]       Phase: Concurrent Relocate                           3.979 / 11.822        4.040 / 15.043        4.040 / 15.043        4.040 / 15.043      ms
[40.096s][info][gc,stats    ]       Phase: Concurrent Reset Relocation Set               0.003 / 0.005         0.003 / 0.006         0.003 / 0.006         0.003 / 0.006       ms
[40.096s][info][gc,stats    ]       Phase: Concurrent Select Relocation Set              4.627 / 7.056         4.915 / 15.335        4.915 / 15.335        4.915 / 15.335      ms
[40.096s][info][gc,stats    ]       Phase: Pause Mark End                                0.015 / 0.020         0.015 / 0.021         0.015 / 0.021         0.015 / 0.021       ms
[40.096s][info][gc,stats    ]       Phase: Pause Mark Start                              0.014 / 0.018         0.014 / 0.019         0.014 / 0.019         0.014 / 0.019       ms
[40.096s][info][gc,stats    ]       Phase: Pause Relocate Start                          0.006 / 0.010         0.007 / 0.011         0.007 / 0.011         0.007 / 0.011       ms
[40.096s][info][gc,stats    ]    Subphase: Concurrent Classes Purge                      0.004 / 0.015         0.010 / 0.404         0.010 / 0.404         0.010 / 0.404       ms
[40.096s][info][gc,stats    ]    Subphase: Concurrent Classes Unlink                     1.298 / 3.821         1.272 / 3.866         1.272 / 3.866         1.272 / 3.866       ms
[40.096s][info][gc,stats    ]    Subphase: Concurrent Mark                              22.515 / 77.949       20.806 / 111.025      20.806 / 111.025      20.806 / 111.025     ms
[40.096s][info][gc,stats    ]    Subphase: Concurrent Mark Try Flush                     0.031 / 0.091         0.033 / 0.091         0.033 / 0.091         0.033 / 0.091       ms
[40.096s][info][gc,stats    ]    Subphase: Concurrent Mark Try Terminate                 4.448 / 16.650        3.454 / 16.675        3.454 / 16.675        3.454 / 16.675      ms
[40.096s][info][gc,stats    ]    Subphase: Concurrent References Enqueue                 0.000 / 0.001         0.000 / 0.004         0.000 / 0.004         0.000 / 0.004       ms
[40.096s][info][gc,stats    ]    Subphase: Concurrent References Process                 0.048 / 0.102         0.045 / 0.105         0.045 / 0.105         0.045 / 0.105       ms
[40.096s][info][gc,stats    ]    Subphase: Concurrent Roots ClassLoaderDataGraph         0.091 / 0.329         0.097 / 0.602         0.097 / 0.602         0.097 / 0.602       ms
[40.096s][info][gc,stats    ]    Subphase: Concurrent Roots CodeCache                    0.000 / 0.000         0.000 / 0.000         0.000 / 0.000         0.000 / 0.000       ms
[40.096s][info][gc,stats    ]    Subphase: Concurrent Roots JavaThreads                  0.320 / 1.041         0.306 / 1.310         0.306 / 1.310         0.306 / 1.310       ms
[40.097s][info][gc,stats    ]    Subphase: Concurrent Roots OopStorageSet                0.014 / 0.044         0.018 / 0.213         0.018 / 0.213         0.018 / 0.213       ms
[40.097s][info][gc,stats    ]    Subphase: Concurrent Weak Roots OopStorageSet           0.178 / 0.682         0.182 / 0.852         0.182 / 0.852         0.182 / 0.852       ms
[40.097s][info][gc,stats    ]    Subphase: Pause Mark Try Complete                       0.000 / 0.000         0.000 / 0.000         0.000 / 0.000         0.000 / 0.000       ms
[40.097s][info][gc,stats    ]      System: Java Threads                                     11 / 11               13 / 24               13 / 24               13 / 24          threads
[40.097s][info][gc,stats    ] =========================================================================================================================================================
[40.126s][info][gc,phases   ] GC(198) Concurrent Mark 30.885ms
[40.126s][info][gc,phases   ] GC(198) Pause Mark End 0.013ms
[40.126s][info][gc,phases   ] GC(198) Concurrent Mark Free 0.001ms
[40.127s][info][gc,phases   ] GC(198) Concurrent Process Non-Strong References 1.157ms
[40.127s][info][gc,phases   ] GC(198) Concurrent Reset Relocation Set 0.003ms
[40.131s][info][gc,phases   ] GC(198) Concurrent Select Relocation Set 3.837ms
[40.131s][info][gc,phases   ] GC(198) Pause Relocate Start 0.009ms
[40.135s][info][gc,phases   ] GC(198) Concurrent Relocate 3.606ms
[40.135s][info][gc,load     ] GC(198) Load: 0.00/0.00/0.00
[40.135s][info][gc,mmu      ] GC(198) MMU: 2ms/98.9%, 5ms/99.4%, 10ms/99.7%, 20ms/99.7%, 50ms/99.9%, 100ms/99.9%
[40.135s][info][gc,marking  ] GC(198) Mark: 4 stripe(s), 2 proactive flush(es), 1 terminate flush(es), 0 completion(s), 0 continuation(s) 
[40.135s][info][gc,marking  ] GC(198) Mark Stack Usage: 32M
[40.135s][info][gc,nmethod  ] GC(198) NMethods: 1370 registered, 54 unregistered
[40.135s][info][gc,metaspace] GC(198) Metaspace: 8M used, 8M committed, 1088M reserved
[40.135s][info][gc,ref      ] GC(198) Soft: 174 encountered, 0 discovered, 0 enqueued
[40.135s][info][gc,ref      ] GC(198) Weak: 570 encountered, 3 discovered, 0 enqueued
[40.135s][info][gc,ref      ] GC(198) Final: 0 encountered, 0 discovered, 0 enqueued
[40.135s][info][gc,ref      ] GC(198) Phantom: 21 encountered, 19 discovered, 0 enqueued
[40.135s][info][gc,reloc    ] GC(198) Small Pages: 269 / 538M, Empty: 506M, Relocated: 3M, In-Place: 0
[40.135s][info][gc,reloc    ] GC(198) Medium Pages: 2 / 64M, Empty: 0M, Relocated: 0M, In-Place: 0
[40.136s][info][gc,reloc    ] GC(198) Large Pages: 0 / 0M, Empty: 0M, Relocated: 0M, In-Place: 0
[40.136s][info][gc,reloc    ] GC(198) Forwarding Usage: 1M
[40.136s][info][gc,heap     ] GC(198) Min Capacity: 8M(1%)
[40.136s][info][gc,heap     ] GC(198) Max Capacity: 1024M(100%)
[40.136s][info][gc,heap     ] GC(198) Soft Max Capacity: 1024M(100%)
[40.136s][info][gc,heap     ] GC(198)                Mark Start          Mark End        Relocate Start      Relocate End           High               Low         
[40.136s][info][gc,heap     ] GC(198)  Capacity:     1024M (100%)       1024M (100%)       1024M (100%)       1024M (100%)       1024M (100%)       1024M (100%)   
[40.136s][info][gc,heap     ] GC(198)      Free:      422M (41%)         340M (33%)         834M (81%)         870M (85%)         874M (85%)         338M (33%)    
[40.136s][info][gc,heap     ] GC(198)      Used:      602M (59%)         684M (67%)         190M (19%)         154M (15%)         686M (67%)         150M (15%)    
[40.136s][info][gc,heap     ] GC(198)      Live:         -                11M (1%)           11M (1%)           11M (1%)             -                  -          
[40.136s][info][gc,heap     ] GC(198) Allocated:         -                82M (8%)           94M (9%)          101M (10%)            -                  -          
[40.136s][info][gc,heap     ] GC(198)   Garbage:         -               590M (58%)          84M (8%)           40M (4%)             -                  -          
[40.136s][info][gc,heap     ] GC(198) Reclaimed:         -                  -               506M (49%)         549M (54%)            -                  -          
[40.136s][info][gc          ] GC(198) Garbage Collection (Allocation Rate) 602M(59%)->154M(15%)
[40.190s][info][gc,start    ] GC(199) Garbage Collection (Allocation Rate)
[40.190s][info][gc,task     ] GC(199) Using 5 workers
[40.190s][info][gc,phases   ] GC(199) Pause Mark Start 0.012ms
[40.209s][info][gc,phases   ] GC(199) Concurrent Mark 18.749ms
[40.209s][info][gc,phases   ] GC(199) Pause Mark End 0.012ms
[40.209s][info][gc,phases   ] GC(199) Concurrent Mark Free 0.001ms
[40.210s][info][gc,phases   ] GC(199) Concurrent Process Non-Strong References 1.058ms
[40.210s][info][gc,phases   ] GC(199) Concurrent Reset Relocation Set 0.002ms
[40.216s][info][gc,phases   ] GC(199) Concurrent Select Relocation Set 5.954ms
[40.216s][info][gc,phases   ] GC(199) Pause Relocate Start 0.005ms
[40.221s][info][gc,phases   ] GC(199) Concurrent Relocate 4.626ms
[40.221s][info][gc,load     ] GC(199) Load: 0.00/0.00/0.00
[40.221s][info][gc,mmu      ] GC(199) MMU: 2ms/98.9%, 5ms/99.4%, 10ms/99.7%, 20ms/99.7%, 50ms/99.9%, 100ms/99.9%
[40.221s][info][gc,marking  ] GC(199) Mark: 4 stripe(s), 2 proactive flush(es), 1 terminate flush(es), 0 completion(s), 0 continuation(s) 
[40.221s][info][gc,marking  ] GC(199) Mark Stack Usage: 32M
[40.221s][info][gc,nmethod  ] GC(199) NMethods: 1370 registered, 54 unregistered
[40.221s][info][gc,metaspace] GC(199) Metaspace: 8M used, 8M committed, 1088M reserved
[40.221s][info][gc,ref      ] GC(199) Soft: 174 encountered, 0 discovered, 0 enqueued
[40.221s][info][gc,ref      ] GC(199) Weak: 570 encountered, 6 discovered, 0 enqueued
[40.221s][info][gc,ref      ] GC(199) Final: 0 encountered, 0 discovered, 0 enqueued
[40.221s][info][gc,ref      ] GC(199) Phantom: 21 encountered, 13 discovered, 0 enqueued
[40.221s][info][gc,reloc    ] GC(199) Small Pages: 135 / 270M, Empty: 232M, Relocated: 5M, In-Place: 0
[40.221s][info][gc,reloc    ] GC(199) Medium Pages: 1 / 32M, Empty: 0M, Relocated: 0M, In-Place: 0
[40.221s][info][gc,reloc    ] GC(199) Large Pages: 0 / 0M, Empty: 0M, Relocated: 0M, In-Place: 0
[40.221s][info][gc,reloc    ] GC(199) Forwarding Usage: 2M
[40.221s][info][gc,heap     ] GC(199) Min Capacity: 8M(1%)
[40.221s][info][gc,heap     ] GC(199) Max Capacity: 1024M(100%)
[40.221s][info][gc,heap     ] GC(199) Soft Max Capacity: 1024M(100%)
[40.221s][info][gc,heap     ] GC(199)                Mark Start          Mark End        Relocate Start      Relocate End           High               Low         
[40.221s][info][gc,heap     ] GC(199)  Capacity:     1024M (100%)       1024M (100%)       1024M (100%)       1024M (100%)       1024M (100%)       1024M (100%)   
[40.221s][info][gc,heap     ] GC(199)      Free:      722M (71%)         672M (66%)         886M (87%)         894M (87%)         898M (88%)         670M (65%)    
[40.221s][info][gc,heap     ] GC(199)      Used:      302M (29%)         352M (34%)         138M (13%)         130M (13%)         354M (35%)         126M (12%)    
[40.222s][info][gc,heap     ] GC(199)      Live:         -                12M (1%)           12M (1%)           12M (1%)             -                  -          
[40.222s][info][gc,heap     ] GC(199) Allocated:         -                50M (5%)           68M (7%)           79M (8%)             -                  -          
[40.222s][info][gc,heap     ] GC(199)   Garbage:         -               289M (28%)          57M (6%)           37M (4%)             -                  -          
[40.222s][info][gc,heap     ] GC(199) Reclaimed:         -                  -               232M (23%)         251M (25%)            -                  -          
[40.222s][info][gc          ] GC(199) Garbage Collection (Allocation Rate) 302M(29%)->130M(13%)
[40.295s][info][gc,start    ] GC(200) Garbage Collection (Allocation Rate)
[40.295s][info][gc,task     ] GC(200) Using 5 workers
[40.295s][info][gc,phases   ] GC(200) Pause Mark Start 0.012ms
[40.327s][info][gc,phases   ] GC(200) Concurrent Mark 30.986ms
[40.327s][info][gc,phases   ] GC(200) Pause Mark End 0.011ms
[40.352s][info][gc,phases   ] GC(200) Concurrent Mark Free 0.001ms
[40.380s][info][gc,phases   ] GC(200) Concurrent Process Non-Strong References 1.157ms
[40.380s][info][gc,phases   ] GC(200) Concurrent Reset Relocation Set 0.003ms
[40.384s][info][gc,phases   ] GC(200) Concurrent Select Relocation Set 3.766ms
[40.384s][info][gc,phases   ] GC(200) Pause Relocate Start 0.009ms
[40.388s][info][gc,phases   ] GC(200) Concurrent Relocate 3.841ms
[40.388s][info][gc,load     ] GC(200) Load: 0.00/0.00/0.00
[40.388s][info][gc,mmu      ] GC(200) MMU: 2ms/98.9%, 5ms/99.4%, 10ms/99.7%, 20ms/99.7%, 50ms/99.9%, 100ms/99.9%
[40.388s][info][gc,marking  ] GC(200) Mark: 4 stripe(s), 2 proactive flush(es), 1 terminate flush(es), 0 completion(s), 0 continuation(s) 
[40.388s][info][gc,marking  ] GC(200) Mark Stack Usage: 32M
[40.388s][info][gc,nmethod  ] GC(200) NMethods: 1370 registered, 54 unregistered
[40.388s][info][gc,metaspace] GC(200) Metaspace: 8M used, 8M committed, 1088M reserved
[40.388s][info][gc,ref      ] GC(200) Soft: 174 encountered, 0 discovered, 0 enqueued
[40.388s][info][gc,ref      ] GC(200) Weak: 570 encountered, 3 discovered, 0 enqueued
[40.388s][info][gc,ref      ] GC(200) Final: 0 encountered, 0 discovered, 0 enqueued
[40.388s][info][gc,ref      ] GC(200) Phantom: 21 encountered, 19 discovered, 0 enqueued
[40.388s][info][gc,reloc    ] GC(200) Small Pages: 137 / 274M, Empty: 240M, Relocated: 3M, In-Place: 0
[40.388s][info][gc,reloc    ] GC(200) Medium Pages: 1 / 32M, Empty: 0M, Relocated: 0M, In-Place: 0
[40.388s][info][gc,reloc    ] GC(200) Large Pages: 0 / 0M, Empty: 0M, Relocated: 0M, In-Place: 0
[40.388s][info][gc,reloc    ] GC(200) Forwarding Usage: 1M
[40.388s][info][gc,heap     ] GC(200) Min Capacity: 8M(1%)
[40.388s][info][gc,heap     ] GC(200) Max Capacity: 1024M(100%)
[40.388s][info][gc,heap     ] GC(200) Soft Max Capacity: 1024M(100%)
[40.388s][info][gc,heap     ] GC(200)                Mark Start          Mark End        Relocate Start      Relocate End           High               Low         
[40.388s][info][gc,heap     ] GC(200)  Capacity:     1024M (100%)       1024M (100%)       1024M (100%)       1024M (100%)       1024M (100%)       1024M (100%)   
[40.388s][info][gc,heap     ] GC(200)      Free:      718M (70%)         636M (62%)         824M (80%)         826M (81%)         830M (81%)         594M (58%)    
[40.388s][info][gc,heap     ] GC(200)      Used:      306M (30%)         388M (38%)         200M (20%)         198M (19%)         430M (42%)         194M (19%)    
[40.388s][info][gc,heap     ] GC(200)      Live:         -                13M (1%)           13M (1%)           13M (1%)             -                  -          
[40.388s][info][gc,heap     ] GC(200) Allocated:         -                82M (8%)          134M (13%)         143M (14%)            -                  -          
[40.388s][info][gc,heap     ] GC(200)   Garbage:         -               292M (29%)          52M (5%)           40M (4%)             -                  -          
[40.389s][info][gc,heap     ] GC(200) Reclaimed:         -                  -               240M (23%)         251M (25%)            -                  -          
[40.389s][info][gc          ] GC(200) Garbage Collection (Allocation Rate) 306M(30%)->198M(19%)
[40.389s][info][gc,start    ] GC(201) Garbage Collection (Allocation Rate)
[40.389s][info][gc,task     ] GC(201) Using 9 workers
[40.389s][info][gc,phases   ] GC(201) Pause Mark Start 0.011ms
[40.420s][info][gc,phases   ] GC(201) Concurrent Mark 31.026ms
[40.420s][info][gc,phases   ] GC(201) Pause Mark End 0.015ms
[40.420s][info][gc,phases   ] GC(201) Concurrent Mark Free 0.001ms
[40.421s][info][gc,phases   ] GC(201) Concurrent Process Non-Strong References 0.686ms
[40.421s][info][gc,phases   ] GC(201) Concurrent Reset Relocation Set 0.002ms
[40.425s][info][gc,phases   ] GC(201) Concurrent Select Relocation Set 3.534ms
[40.425s][info][gc,phases   ] GC(201) Pause Relocate Start 0.006ms
[40.429s][info][gc,phases   ] GC(201) Concurrent Relocate 3.785ms
[40.429s][info][gc,load     ] GC(201) Load: 0.00/0.00/0.00
[40.429s][info][gc,mmu      ] GC(201) MMU: 2ms/98.9%, 5ms/99.4%, 10ms/99.7%, 20ms/99.7%, 50ms/99.9%, 100ms/99.9%
[40.429s][info][gc,marking  ] GC(201) Mark: 8 stripe(s), 2 proactive flush(es), 1 terminate flush(es), 0 completion(s), 0 continuation(s) 
[40.429s][info][gc,marking  ] GC(201) Mark Stack Usage: 32M
[40.429s][info][gc,nmethod  ] GC(201) NMethods: 1370 registered, 54 unregistered
[40.429s][info][gc,metaspace] GC(201) Metaspace: 8M used, 8M committed, 1088M reserved
[40.429s][info][gc,ref      ] GC(201) Soft: 174 encountered, 0 discovered, 0 enqueued
[40.429s][info][gc,ref      ] GC(201) Weak: 570 encountered, 6 discovered, 0 enqueued
[40.429s][info][gc,ref      ] GC(201) Final: 0 encountered, 0 discovered, 0 enqueued
[40.429s][info][gc,ref      ] GC(201) Phantom: 21 encountered, 10 discovered, 0 enqueued
[40.429s][info][gc,reloc    ] GC(201) Small Pages: 85 / 170M, Empty: 138M, Relocated: 3M, In-Place: 0
[40.429s][info][gc,reloc    ] GC(201) Medium Pages: 1 / 32M, Empty: 0M, Relocated: 0M, In-Place: 0
[40.429s][info][gc,reloc    ] GC(201) Large Pages: 0 / 0M, Empty: 0M, Relocated: 0M, In-Place: 0
[40.429s][info][gc,reloc    ] GC(201) Forwarding Usage: 1M
[40.429s][info][gc,heap     ] GC(201) Min Capacity: 8M(1%)
[40.429s][info][gc,heap     ] GC(201) Max Capacity: 1024M(100%)
[40.429s][info][gc,heap     ] GC(201) Soft Max Capacity: 1024M(100%)
[40.429s][info][gc,heap     ] GC(201)                Mark Start          Mark End        Relocate Start      Relocate End           High               Low         
[40.429s][info][gc,heap     ] GC(201)  Capacity:     1024M (100%)       1024M (100%)       1024M (100%)       1024M (100%)       1024M (100%)       1024M (100%)   
[40.429s][info][gc,heap     ] GC(201)      Free:      822M (80%)         740M (72%)         866M (85%)         860M (84%)         866M (85%)         738M (72%)    
[40.429s][info][gc,heap     ] GC(201)      Used:      202M (20%)         284M (28%)         158M (15%)         164M (16%)         286M (28%)         158M (15%)    
[40.429s][info][gc,heap     ] GC(201)      Live:         -                13M (1%)           13M (1%)           13M (1%)             -                  -          
[40.429s][info][gc,heap     ] GC(201) Allocated:         -                82M (8%)           94M (9%)          101M (10%)            -                  -          
[40.429s][info][gc,heap     ] GC(201)   Garbage:         -               188M (18%)          50M (5%)           48M (5%)             -                  -          
[40.430s][info][gc,heap     ] GC(201) Reclaimed:         -                  -               138M (13%)         139M (14%)            -                  -          
[40.430s][info][gc          ] GC(201) Garbage Collection (Allocation Rate) 202M(20%)->164M(16%)
[40.498s][info][gc,start    ] GC(202) Garbage Collection (Allocation Rate)
[40.498s][info][gc,task     ] GC(202) Using 10 workers
[40.499s][info][gc,phases   ] GC(202) Pause Mark Start 0.015ms
[40.545s][info][gc,phases   ] GC(202) Concurrent Mark 46.577ms
[40.545s][info][gc,phases   ] GC(202) Pause Mark End 0.020ms
[40.546s][info][gc,phases   ] GC(202) Concurrent Mark Free 0.001ms
[40.546s][info][gc,phases   ] GC(202) Concurrent Process Non-Strong References 0.718ms
[40.546s][info][gc,phases   ] GC(202) Concurrent Reset Relocation Set 0.002ms
[40.552s][info][gc,phases   ] GC(202) Concurrent Select Relocation Set 5.864ms
[40.552s][info][gc,phases   ] GC(202) Pause Relocate Start 0.006ms
[40.556s][info][gc,phases   ] GC(202) Concurrent Relocate 3.860ms
[40.556s][info][gc,load     ] GC(202) Load: 0.00/0.00/0.00
[40.556s][info][gc,mmu      ] GC(202) MMU: 2ms/98.9%, 5ms/99.4%, 10ms/99.7%, 20ms/99.7%, 50ms/99.9%, 100ms/99.9%
[40.556s][info][gc,marking  ] GC(202) Mark: 8 stripe(s), 3 proactive flush(es), 1 terminate flush(es), 0 completion(s), 0 continuation(s) 
[40.556s][info][gc,marking  ] GC(202) Mark Stack Usage: 32M
[40.556s][info][gc,nmethod  ] GC(202) NMethods: 1370 registered, 54 unregistered
[40.556s][info][gc,metaspace] GC(202) Metaspace: 8M used, 8M committed, 1088M reserved
[40.556s][info][gc,ref      ] GC(202) Soft: 174 encountered, 0 discovered, 0 enqueued
[40.556s][info][gc,ref      ] GC(202) Weak: 570 encountered, 5 discovered, 0 enqueued
[40.556s][info][gc,ref      ] GC(202) Final: 0 encountered, 0 discovered, 0 enqueued
[40.557s][info][gc,ref      ] GC(202) Phantom: 21 encountered, 17 discovered, 0 enqueued
[40.557s][info][gc,reloc    ] GC(202) Small Pages: 135 / 270M, Empty: 242M, Relocated: 4M, In-Place: 0
[40.557s][info][gc,reloc    ] GC(202) Medium Pages: 2 / 64M, Empty: 0M, Relocated: 1M, In-Place: 0
[40.557s][info][gc,reloc    ] GC(202) Large Pages: 0 / 0M, Empty: 0M, Relocated: 0M, In-Place: 0
[40.557s][info][gc,reloc    ] GC(202) Forwarding Usage: 2M
[40.557s][info][gc,heap     ] GC(202) Min Capacity: 8M(1%)
[40.557s][info][gc,heap     ] GC(202) Max Capacity: 1024M(100%)
[40.557s][info][gc,heap     ] GC(202) Soft Max Capacity: 1024M(100%)
[40.557s][info][gc,heap     ] GC(202)                Mark Start          Mark End        Relocate Start      Relocate End           High               Low         
[40.557s][info][gc,heap     ] GC(202)  Capacity:     1024M (100%)       1024M (100%)       1024M (100%)       1024M (100%)       1024M (100%)       1024M (100%)   
[40.557s][info][gc,heap     ] GC(202)      Free:      690M (67%)         556M (54%)         780M (76%)         804M (79%)         806M (79%)         554M (54%)    
[40.557s][info][gc,heap     ] GC(202)      Used:      334M (33%)         468M (46%)         244M (24%)         220M (21%)         470M (46%)         218M (21%)    
[40.557s][info][gc,heap     ] GC(202)      Live:         -                17M (2%)           17M (2%)           17M (2%)             -                  -          
[40.557s][info][gc,heap     ] GC(202) Allocated:         -               134M (13%)         152M (15%)         161M (16%)            -                  -          
[40.557s][info][gc,heap     ] GC(202)   Garbage:         -               316M (31%)          74M (7%)           40M (4%)             -                  -          
[40.557s][info][gc,heap     ] GC(202) Reclaimed:         -                  -               242M (24%)         275M (27%)            -                  -          
[40.557s][info][gc          ] GC(202) Garbage Collection (Allocation Rate) 334M(33%)->220M(21%)
[40.592s][info][gc,start    ] GC(203) Garbage Collection (Allocation Rate)
[40.592s][info][gc,task     ] GC(203) Using 10 workers
[40.592s][info][gc,phases   ] GC(203) Pause Mark Start 0.010ms
[40.608s][info][gc,phases   ] GC(203) Concurrent Mark 15.473ms
[40.608s][info][gc,phases   ] GC(203) Pause Mark End 0.016ms
[40.608s][info][gc,phases   ] GC(203) Concurrent Mark Free 0.001ms
[40.609s][info][gc,phases   ] GC(203) Concurrent Process Non-Strong References 0.680ms
[40.609s][info][gc,phases   ] GC(203) Concurrent Reset Relocation Set 0.002ms
[40.613s][info][gc,phases   ] GC(203) Concurrent Select Relocation Set 3.922ms
[40.613s][info][gc,phases   ] GC(203) Pause Relocate Start 0.007ms
[40.616s][info][gc,phases   ] GC(203) Concurrent Relocate 2.888ms
[40.616s][info][gc,load     ] GC(203) Load: 0.00/0.00/0.00
[40.616s][info][gc,mmu      ] GC(203) MMU: 2ms/98.9%, 5ms/99.4%, 10ms/99.7%, 20ms/99.7%, 50ms/99.9%, 100ms/99.9%
[40.616s][info][gc,marking  ] GC(203) Mark: 8 stripe(s), 2 proactive flush(es), 1 terminate flush(es), 0 completion(s), 0 continuation(s) 
[40.616s][info][gc,marking  ] GC(203) Mark Stack Usage: 32M
[40.616s][info][gc,nmethod  ] GC(203) NMethods: 1370 registered, 54 unregistered
[40.616s][info][gc,metaspace] GC(203) Metaspace: 8M used, 8M committed, 1088M reserved
[40.616s][info][gc,ref      ] GC(203) Soft: 174 encountered, 0 discovered, 0 enqueued
[40.616s][info][gc,ref      ] GC(203) Weak: 570 encountered, 7 discovered, 0 enqueued
[40.616s][info][gc,ref      ] GC(203) Final: 0 encountered, 0 discovered, 0 enqueued
[40.616s][info][gc,ref      ] GC(203) Phantom: 21 encountered, 19 discovered, 0 enqueued
[40.616s][info][gc,reloc    ] GC(203) Small Pages: 125 / 250M, Empty: 206M, Relocated: 3M, In-Place: 0
[40.616s][info][gc,reloc    ] GC(203) Medium Pages: 2 / 64M, Empty: 0M, Relocated: 1M, In-Place: 0
[40.616s][info][gc,reloc    ] GC(203) Large Pages: 0 / 0M, Empty: 0M, Relocated: 0M, In-Place: 0
[40.616s][info][gc,reloc    ] GC(203) Forwarding Usage: 1M
[40.616s][info][gc,heap     ] GC(203) Min Capacity: 8M(1%)
[40.616s][info][gc,heap     ] GC(203) Max Capacity: 1024M(100%)
[40.616s][info][gc,heap     ] GC(203) Soft Max Capacity: 1024M(100%)
[40.616s][info][gc,heap     ] GC(203)                Mark Start          Mark End        Relocate Start      Relocate End           High               Low         
[40.616s][info][gc,heap     ] GC(203)  Capacity:     1024M (100%)       1024M (100%)       1024M (100%)       1024M (100%)       1024M (100%)       1024M (100%)   
[40.616s][info][gc,heap     ] GC(203)      Free:      710M (69%)         670M (65%)         868M (85%)         902M (88%)         904M (88%)         670M (65%)    
[40.617s][info][gc,heap     ] GC(203)      Used:      314M (31%)         354M (35%)         156M (15%)         122M (12%)         354M (35%)         120M (12%)    
[40.617s][info][gc,heap     ] GC(203)      Live:         -                14M (1%)           14M (1%)           14M (1%)             -                  -          
[40.617s][info][gc,heap     ] GC(203) Allocated:         -                40M (4%)           48M (5%)           55M (5%)             -                  -          
[40.617s][info][gc,heap     ] GC(203)   Garbage:         -               299M (29%)          93M (9%)           51M (5%)             -                  -          
[40.617s][info][gc,heap     ] GC(203) Reclaimed:         -                  -               206M (20%)         247M (24%)            -                  -          
[40.617s][info][gc          ] GC(203) Garbage Collection (Allocation Rate) 314M(31%)->122M(12%)
[40.696s][info][gc,start    ] GC(204) Garbage Collection (Allocation Rate)
[40.696s][info][gc,task     ] GC(204) Using 10 workers
[40.696s][info][gc,phases   ] GC(204) Pause Mark Start 0.013ms
[40.727s][info][gc,phases   ] GC(204) Concurrent Mark 30.989ms
[40.727s][info][gc,phases   ] GC(204) Pause Mark End 0.016ms
[40.727s][info][gc,phases   ] GC(204) Concurrent Mark Free 0.001ms
[40.728s][info][gc,phases   ] GC(204) Concurrent Process Non-Strong References 0.703ms
[40.728s][info][gc,phases   ] GC(204) Concurrent Reset Relocation Set 0.003ms
[40.734s][info][gc,phases   ] GC(204) Concurrent Select Relocation Set 6.239ms
[40.734s][info][gc,phases   ] GC(204) Pause Relocate Start 0.007ms
[40.738s][info][gc,phases   ] GC(204) Concurrent Relocate 3.963ms
[40.738s][info][gc,load     ] GC(204) Load: 0.00/0.00/0.00
[40.738s][info][gc,mmu      ] GC(204) MMU: 2ms/98.9%, 5ms/99.4%, 10ms/99.7%, 20ms/99.7%, 50ms/99.9%, 100ms/99.9%
[40.738s][info][gc,marking  ] GC(204) Mark: 8 stripe(s), 2 proactive flush(es), 1 terminate flush(es), 0 completion(s), 0 continuation(s) 
[40.738s][info][gc,marking  ] GC(204) Mark Stack Usage: 32M
[40.738s][info][gc,nmethod  ] GC(204) NMethods: 1370 registered, 54 unregistered
[40.738s][info][gc,metaspace] GC(204) Metaspace: 8M used, 8M committed, 1088M reserved
[40.738s][info][gc,ref      ] GC(204) Soft: 174 encountered, 0 discovered, 0 enqueued
[40.738s][info][gc,ref      ] GC(204) Weak: 570 encountered, 4 discovered, 0 enqueued
[40.739s][info][gc,ref      ] GC(204) Final: 0 encountered, 0 discovered, 0 enqueued
[40.739s][info][gc,ref      ] GC(204) Phantom: 21 encountered, 16 discovered, 0 enqueued
[40.739s][info][gc,reloc    ] GC(204) Small Pages: 152 / 304M, Empty: 256M, Relocated: 6M, In-Place: 0
[40.739s][info][gc,reloc    ] GC(204) Medium Pages: 1 / 32M, Empty: 0M, Relocated: 0M, In-Place: 0
[40.739s][info][gc,reloc    ] GC(204) Large Pages: 0 / 0M, Empty: 0M, Relocated: 0M, In-Place: 0
[40.739s][info][gc,reloc    ] GC(204) Forwarding Usage: 2M
[40.739s][info][gc,heap     ] GC(204) Min Capacity: 8M(1%)
[40.739s][info][gc,heap     ] GC(204) Max Capacity: 1024M(100%)
[40.739s][info][gc,heap     ] GC(204) Soft Max Capacity: 1024M(100%)
[40.739s][info][gc,heap     ] GC(204)                Mark Start          Mark End        Relocate Start      Relocate End           High               Low         
[40.739s][info][gc,heap     ] GC(204)  Capacity:     1024M (100%)       1024M (100%)       1024M (100%)       1024M (100%)       1024M (100%)       1024M (100%)   
[40.739s][info][gc,heap     ] GC(204)      Free:      688M (67%)         606M (59%)         844M (82%)         852M (83%)         860M (84%)         604M (59%)    
[40.739s][info][gc,heap     ] GC(204)      Used:      336M (33%)         418M (41%)         180M (18%)         172M (17%)         420M (41%)         164M (16%)    
[40.739s][info][gc,heap     ] GC(204)      Live:         -                15M (2%)           15M (2%)           15M (2%)             -                  -          
[40.739s][info][gc,heap     ] GC(204) Allocated:         -                82M (8%)          100M (10%)         109M (11%)            -                  -          
[40.739s][info][gc,heap     ] GC(204)   Garbage:         -               320M (31%)          64M (6%)           46M (5%)             -                  -          
[40.739s][info][gc,heap     ] GC(204) Reclaimed:         -                  -               256M (25%)         273M (27%)            -                  -          
[40.739s][info][gc          ] GC(204) Garbage Collection (Allocation Rate) 336M(33%)->172M(17%)
[40.898s][info][gc,start    ] GC(205) Garbage Collection (Allocation Rate)
[40.899s][info][gc,task     ] GC(205) Using 6 workers
[40.899s][info][gc,phases   ] GC(205) Pause Mark Start 0.013ms
[40.930s][info][gc,phases   ] GC(205) Concurrent Mark 30.919ms
[40.930s][info][gc,phases   ] GC(205) Pause Mark End 0.014ms
[40.930s][info][gc,phases   ] GC(205) Concurrent Mark Free 0.001ms
[40.931s][info][gc,phases   ] GC(205) Concurrent Process Non-Strong References 0.878ms
[40.931s][info][gc,phases   ] GC(205) Concurrent Reset Relocation Set 0.003ms
[40.939s][info][gc,phases   ] GC(205) Concurrent Select Relocation Set 7.733ms
[40.939s][info][gc,phases   ] GC(205) Pause Relocate Start 0.007ms
[40.943s][info][gc,phases   ] GC(205) Concurrent Relocate 4.715ms
[40.944s][info][gc,load     ] GC(205) Load: 0.00/0.00/0.00
[40.944s][info][gc,mmu      ] GC(205) MMU: 2ms/98.9%, 5ms/99.4%, 10ms/99.7%, 20ms/99.7%, 50ms/99.9%, 100ms/99.9%
[40.944s][info][gc,marking  ] GC(205) Mark: 4 stripe(s), 2 proactive flush(es), 1 terminate flush(es), 0 completion(s), 0 continuation(s) 
[40.944s][info][gc,marking  ] GC(205) Mark Stack Usage: 32M
[40.944s][info][gc,nmethod  ] GC(205) NMethods: 1370 registered, 54 unregistered
[40.944s][info][gc,metaspace] GC(205) Metaspace: 8M used, 8M committed, 1088M reserved
[40.944s][info][gc,ref      ] GC(205) Soft: 174 encountered, 0 discovered, 0 enqueued
[40.944s][info][gc,ref      ] GC(205) Weak: 570 encountered, 96 discovered, 0 enqueued
[40.944s][info][gc,ref      ] GC(205) Final: 0 encountered, 0 discovered, 0 enqueued
[40.944s][info][gc,ref      ] GC(205) Phantom: 21 encountered, 18 discovered, 0 enqueued
[40.944s][info][gc,reloc    ] GC(205) Small Pages: 274 / 548M, Empty: 494M, Relocated: 6M, In-Place: 0
[40.944s][info][gc,reloc    ] GC(205) Medium Pages: 2 / 64M, Empty: 0M, Relocated: 1M, In-Place: 0
[40.944s][info][gc,reloc    ] GC(205) Large Pages: 0 / 0M, Empty: 0M, Relocated: 0M, In-Place: 0
[40.944s][info][gc,reloc    ] GC(205) Forwarding Usage: 3M
[40.944s][info][gc,heap     ] GC(205) Min Capacity: 8M(1%)
[40.944s][info][gc,heap     ] GC(205) Max Capacity: 1024M(100%)
[40.944s][info][gc,heap     ] GC(205) Soft Max Capacity: 1024M(100%)
[40.944s][info][gc,heap     ] GC(205)                Mark Start          Mark End        Relocate Start      Relocate End           High               Low         
[40.944s][info][gc,heap     ] GC(205)  Capacity:     1024M (100%)       1024M (100%)       1024M (100%)       1024M (100%)       1024M (100%)       1024M (100%)   
[40.944s][info][gc,heap     ] GC(205)      Free:      412M (40%)         330M (32%)         802M (78%)         850M (83%)         852M (83%)         328M (32%)    
[40.944s][info][gc,heap     ] GC(205)      Used:      612M (60%)         694M (68%)         222M (22%)         174M (17%)         696M (68%)         172M (17%)    
[40.944s][info][gc,heap     ] GC(205)      Live:         -                17M (2%)           17M (2%)           17M (2%)             -                  -          
[40.944s][info][gc,heap     ] GC(205) Allocated:         -                82M (8%)          104M (10%)         117M (12%)            -                  -          
[40.944s][info][gc,heap     ] GC(205)   Garbage:         -               594M (58%)         100M (10%)          38M (4%)             -                  -          
[40.944s][info][gc,heap     ] GC(205) Reclaimed:         -                  -               494M (48%)         555M (54%)            -                  -          
[40.944s][info][gc          ] GC(205) Garbage Collection (Allocation Rate) 612M(60%)->174M(17%)
[41.096s][info][gc,start    ] GC(206) Garbage Collection (Allocation Rate)
[41.097s][info][gc,task     ] GC(206) Using 4 workers
[41.097s][info][gc,phases   ] GC(206) Pause Mark Start 0.014ms
[41.128s][info][gc,phases   ] GC(206) Concurrent Mark 30.919ms
[41.128s][info][gc,phases   ] GC(206) Pause Mark End 0.011ms
[41.128s][info][gc,phases   ] GC(206) Concurrent Mark Free 0.001ms
[41.129s][info][gc,phases   ] GC(206) Concurrent Process Non-Strong References 1.070ms
[41.129s][info][gc,phases   ] GC(206) Concurrent Reset Relocation Set 0.004ms
[41.133s][info][gc,phases   ] GC(206) Concurrent Select Relocation Set 3.895ms
[41.133s][info][gc,phases   ] GC(206) Pause Relocate Start 0.009ms
[41.137s][info][gc,phases   ] GC(206) Concurrent Relocate 3.479ms
[41.137s][info][gc,load     ] GC(206) Load: 0.00/0.00/0.00
[41.137s][info][gc,mmu      ] GC(206) MMU: 2ms/98.9%, 5ms/99.4%, 10ms/99.7%, 20ms/99.7%, 50ms/99.9%, 100ms/99.9%
[41.137s][info][gc,marking  ] GC(206) Mark: 4 stripe(s), 2 proactive flush(es), 1 terminate flush(es), 0 completion(s), 0 continuation(s) 
[41.137s][info][gc,marking  ] GC(206) Mark Stack Usage: 32M
[41.137s][info][gc,nmethod  ] GC(206) NMethods: 1370 registered, 54 unregistered
[41.137s][info][gc,metaspace] GC(206) Metaspace: 8M used, 8M committed, 1088M reserved
[41.137s][info][gc,ref      ] GC(206) Soft: 174 encountered, 0 discovered, 0 enqueued
[41.137s][info][gc,ref      ] GC(206) Weak: 570 encountered, 305 discovered, 0 enqueued
[41.137s][info][gc,ref      ] GC(206) Final: 0 encountered, 0 discovered, 0 enqueued
[41.137s][info][gc,ref      ] GC(206) Phantom: 21 encountered, 12 discovered, 0 enqueued
[41.137s][info][gc,reloc    ] GC(206) Small Pages: 263 / 526M, Empty: 480M, Relocated: 4M, In-Place: 0
[41.137s][info][gc,reloc    ] GC(206) Medium Pages: 1 / 32M, Empty: 0M, Relocated: 0M, In-Place: 0
[41.137s][info][gc,reloc    ] GC(206) Large Pages: 0 / 0M, Empty: 0M, Relocated: 0M, In-Place: 0
[41.137s][info][gc,reloc    ] GC(206) Forwarding Usage: 2M
[41.137s][info][gc,heap     ] GC(206) Min Capacity: 8M(1%)
[41.137s][info][gc,heap     ] GC(206) Max Capacity: 1024M(100%)
[41.137s][info][gc,heap     ] GC(206) Soft Max Capacity: 1024M(100%)
[41.137s][info][gc,heap     ] GC(206)                Mark Start          Mark End        Relocate Start      Relocate End           High               Low         
[41.137s][info][gc,heap     ] GC(206)  Capacity:     1024M (100%)       1024M (100%)       1024M (100%)       1024M (100%)       1024M (100%)       1024M (100%)   
[41.137s][info][gc,heap     ] GC(206)      Free:      466M (46%)         384M (38%)         850M (83%)         862M (84%)         864M (84%)         380M (37%)    
[41.137s][info][gc,heap     ] GC(206)      Used:      558M (54%)         640M (63%)         174M (17%)         162M (16%)         644M (63%)         160M (16%)    
[41.137s][info][gc,heap     ] GC(206)      Live:         -                18M (2%)           18M (2%)           18M (2%)             -                  -          
[41.137s][info][gc,heap     ] GC(206) Allocated:         -                82M (8%)           96M (9%)          105M (10%)            -                  -          
[41.137s][info][gc,heap     ] GC(206)   Garbage:         -               539M (53%)          59M (6%)           37M (4%)             -                  -          
[41.137s][info][gc,heap     ] GC(206) Reclaimed:         -                  -               480M (47%)         501M (49%)            -                  -          
[41.137s][info][gc          ] GC(206) Garbage Collection (Allocation Rate) 558M(54%)->162M(16%)
[41.296s][info][gc,start    ] GC(207) Garbage Collection (Allocation Rate)
[41.296s][info][gc,task     ] GC(207) Using 3 workers
[41.296s][info][gc,phases   ] GC(207) Pause Mark Start 0.013ms
[41.327s][info][gc,phases   ] GC(207) Concurrent Mark 30.831ms
[41.328s][info][gc,phases   ] GC(207) Pause Mark End 0.011ms
[41.328s][info][gc,phases   ] GC(207) Concurrent Mark Free 0.001ms
[41.329s][info][gc,phases   ] GC(207) Concurrent Process Non-Strong References 1.358ms
[41.329s][info][gc,phases   ] GC(207) Concurrent Reset Relocation Set 0.003ms
[41.333s][info][gc,phases   ] GC(207) Concurrent Select Relocation Set 3.904ms
[41.333s][info][gc,phases   ] GC(207) Pause Relocate Start 0.005ms
[41.336s][info][gc,phases   ] GC(207) Concurrent Relocate 3.052ms
[41.336s][info][gc,load     ] GC(207) Load: 0.00/0.00/0.00
[41.336s][info][gc,mmu      ] GC(207) MMU: 2ms/98.9%, 5ms/99.4%, 10ms/99.7%, 20ms/99.7%, 50ms/99.9%, 100ms/99.9%
[41.336s][info][gc,marking  ] GC(207) Mark: 2 stripe(s), 2 proactive flush(es), 1 terminate flush(es), 0 completion(s), 0 continuation(s) 
[41.336s][info][gc,marking  ] GC(207) Mark Stack Usage: 32M
[41.336s][info][gc,nmethod  ] GC(207) NMethods: 1370 registered, 54 unregistered
[41.336s][info][gc,metaspace] GC(207) Metaspace: 8M used, 8M committed, 1088M reserved
[41.336s][info][gc,ref      ] GC(207) Soft: 174 encountered, 0 discovered, 0 enqueued
[41.336s][info][gc,ref      ] GC(207) Weak: 570 encountered, 285 discovered, 0 enqueued
[41.336s][info][gc,ref      ] GC(207) Final: 0 encountered, 0 discovered, 0 enqueued
[41.336s][info][gc,ref      ] GC(207) Phantom: 21 encountered, 19 discovered, 0 enqueued
[41.336s][info][gc,reloc    ] GC(207) Small Pages: 206 / 412M, Empty: 370M, Relocated: 2M, In-Place: 0
[41.337s][info][gc,reloc    ] GC(207) Medium Pages: 2 / 64M, Empty: 0M, Relocated: 1M, In-Place: 0
[41.337s][info][gc,reloc    ] GC(207) Large Pages: 0 / 0M, Empty: 0M, Relocated: 0M, In-Place: 0
[41.337s][info][gc,reloc    ] GC(207) Forwarding Usage: 1M
[41.337s][info][gc,heap     ] GC(207) Min Capacity: 8M(1%)
[41.337s][info][gc,heap     ] GC(207) Max Capacity: 1024M(100%)
[41.337s][info][gc,heap     ] GC(207) Soft Max Capacity: 1024M(100%)
[41.337s][info][gc,heap     ] GC(207)                Mark Start          Mark End        Relocate Start      Relocate End           High               Low         
[41.337s][info][gc,heap     ] GC(207)  Capacity:     1024M (100%)       1024M (100%)       1024M (100%)       1024M (100%)       1024M (100%)       1024M (100%)   
[41.337s][info][gc,heap     ] GC(207)      Free:      548M (54%)         466M (46%)         822M (80%)         862M (84%)         864M (84%)         462M (45%)    
[41.337s][info][gc,heap     ] GC(207)      Used:      476M (46%)         558M (54%)         202M (20%)         162M (16%)         562M (55%)         160M (16%)    
[41.337s][info][gc,heap     ] GC(207)      Live:         -                19M (2%)           19M (2%)           19M (2%)             -                  -          
[41.337s][info][gc,heap     ] GC(207) Allocated:         -                82M (8%)           96M (9%)          103M (10%)            -                  -          
[41.337s][info][gc,heap     ] GC(207)   Garbage:         -               456M (45%)          86M (8%)           38M (4%)             -                  -          
[41.337s][info][gc,heap     ] GC(207) Reclaimed:         -                  -               370M (36%)         417M (41%)            -                  -          
[41.337s][info][gc          ] GC(207) Garbage Collection (Allocation Rate) 476M(46%)->162M(16%)
[41.499s][info][gc,start    ] GC(208) Garbage Collection (Allocation Rate)
[41.499s][info][gc,task     ] GC(208) Using 3 workers
[41.499s][info][gc,phases   ] GC(208) Pause Mark Start 0.015ms
[41.546s][info][gc,phases   ] GC(208) Concurrent Mark 46.543ms
[41.546s][info][gc,phases   ] GC(208) Pause Mark End 0.014ms
[41.546s][info][gc,phases   ] GC(208) Concurrent Mark Free 0.001ms
[41.548s][info][gc,phases   ] GC(208) Concurrent Process Non-Strong References 1.366ms
[41.548s][info][gc,phases   ] GC(208) Concurrent Reset Relocation Set 0.002ms
[41.554s][info][gc,phases   ] GC(208) Concurrent Select Relocation Set 6.259ms
[41.554s][info][gc,phases   ] GC(208) Pause Relocate Start 0.005ms
[41.561s][info][gc,phases   ] GC(208) Concurrent Relocate 7.236ms
[41.561s][info][gc,load     ] GC(208) Load: 0.00/0.00/0.00
[41.562s][info][gc,mmu      ] GC(208) MMU: 2ms/98.9%, 5ms/99.4%, 10ms/99.7%, 20ms/99.7%, 50ms/99.9%, 100ms/99.9%
[41.562s][info][gc,marking  ] GC(208) Mark: 2 stripe(s), 2 proactive flush(es), 1 terminate flush(es), 0 completion(s), 0 continuation(s) 
[41.562s][info][gc,marking  ] GC(208) Mark Stack Usage: 32M
[41.562s][info][gc,nmethod  ] GC(208) NMethods: 1370 registered, 54 unregistered
[41.562s][info][gc,metaspace] GC(208) Metaspace: 8M used, 8M committed, 1088M reserved
[41.562s][info][gc,ref      ] GC(208) Soft: 174 encountered, 0 discovered, 0 enqueued
[41.562s][info][gc,ref      ] GC(208) Weak: 570 encountered, 284 discovered, 0 enqueued
[41.562s][info][gc,ref      ] GC(208) Final: 0 encountered, 0 discovered, 0 enqueued
[41.562s][info][gc,ref      ] GC(208) Phantom: 21 encountered, 19 discovered, 0 enqueued
[41.562s][info][gc,reloc    ] GC(208) Small Pages: 273 / 546M, Empty: 506M, Relocated: 6M, In-Place: 0
[41.562s][info][gc,reloc    ] GC(208) Medium Pages: 2 / 64M, Empty: 0M, Relocated: 1M, In-Place: 0
[41.562s][info][gc,reloc    ] GC(208) Large Pages: 0 / 0M, Empty: 0M, Relocated: 0M, In-Place: 0
[41.562s][info][gc,reloc    ] GC(208) Forwarding Usage: 2M
[41.562s][info][gc,heap     ] GC(208) Min Capacity: 8M(1%)
[41.562s][info][gc,heap     ] GC(208) Max Capacity: 1024M(100%)
[41.562s][info][gc,heap     ] GC(208) Soft Max Capacity: 1024M(100%)
[41.562s][info][gc,heap     ] GC(208)                Mark Start          Mark End        Relocate Start      Relocate End           High               Low         
[41.562s][info][gc,heap     ] GC(208)  Capacity:     1024M (100%)       1024M (100%)       1024M (100%)       1024M (100%)       1024M (100%)       1024M (100%)   
[41.562s][info][gc,heap     ] GC(208)      Free:      414M (40%)         288M (28%)         774M (76%)         800M (78%)         812M (79%)         286M (28%)    
[41.562s][info][gc,heap     ] GC(208)      Used:      610M (60%)         736M (72%)         250M (24%)         224M (22%)         738M (72%)         212M (21%)    
[41.562s][info][gc,heap     ] GC(208)      Live:         -                21M (2%)           21M (2%)           21M (2%)             -                  -          
[41.562s][info][gc,heap     ] GC(208) Allocated:         -               126M (12%)         146M (14%)         165M (16%)            -                  -          
[41.562s][info][gc,heap     ] GC(208)   Garbage:         -               588M (57%)          82M (8%)           36M (4%)             -                  -          
[41.562s][info][gc,heap     ] GC(208) Reclaimed:         -                  -               506M (49%)         551M (54%)            -                  -          
[41.562s][info][gc          ] GC(208) Garbage Collection (Allocation Rate) 610M(60%)->224M(22%)
[41.689s][info][gc,start    ] GC(209) Garbage Collection (Allocation Rate)
[41.690s][info][gc,task     ] GC(209) Using 3 workers
[41.690s][info][gc,phases   ] GC(209) Pause Mark Start 0.014ms
[41.730s][info][gc,phases   ] GC(209) Concurrent Mark 40.565ms
[41.731s][info][gc,phases   ] GC(209) Pause Mark End 0.014ms
[41.731s][info][gc,phases   ] GC(209) Concurrent Mark Free 0.001ms
[41.733s][info][gc,phases   ] GC(209) Concurrent Process Non-Strong References 1.309ms
[41.733s][info][gc,phases   ] GC(209) Concurrent Reset Relocation Set 0.002ms
[41.736s][info][gc,phases   ] GC(209) Concurrent Select Relocation Set 3.649ms
[41.736s][info][gc,phases   ] GC(209) Pause Relocate Start 0.005ms
[41.743s][info][gc,phases   ] GC(209) Concurrent Relocate 6.356ms
[41.743s][info][gc,load     ] GC(209) Load: 0.00/0.00/0.00
[41.743s][info][gc,mmu      ] GC(209) MMU: 2ms/98.9%, 5ms/99.4%, 10ms/99.7%, 20ms/99.7%, 50ms/99.9%, 100ms/99.9%
[41.743s][info][gc,marking  ] GC(209) Mark: 2 stripe(s), 2 proactive flush(es), 1 terminate flush(es), 0 completion(s), 0 continuation(s) 
[41.743s][info][gc,marking  ] GC(209) Mark Stack Usage: 32M
[41.743s][info][gc,nmethod  ] GC(209) NMethods: 1370 registered, 54 unregistered
[41.743s][info][gc,metaspace] GC(209) Metaspace: 8M used, 8M committed, 1088M reserved
[41.743s][info][gc,ref      ] GC(209) Soft: 174 encountered, 0 discovered, 0 enqueued
[41.743s][info][gc,ref      ] GC(209) Weak: 570 encountered, 419 discovered, 0 enqueued
[41.743s][info][gc,ref      ] GC(209) Final: 0 encountered, 0 discovered, 0 enqueued
[41.743s][info][gc,ref      ] GC(209) Phantom: 21 encountered, 10 discovered, 0 enqueued
[41.743s][info][gc,reloc    ] GC(209) Small Pages: 248 / 496M, Empty: 452M, Relocated: 6M, In-Place: 0
[41.743s][info][gc,reloc    ] GC(209) Medium Pages: 1 / 32M, Empty: 0M, Relocated: 0M, In-Place: 0
[41.743s][info][gc,reloc    ] GC(209) Large Pages: 0 / 0M, Empty: 0M, Relocated: 0M, In-Place: 0
[41.743s][info][gc,reloc    ] GC(209) Forwarding Usage: 2M
[41.743s][info][gc,heap     ] GC(209) Min Capacity: 8M(1%)
[41.743s][info][gc,heap     ] GC(209) Max Capacity: 1024M(100%)
[41.743s][info][gc,heap     ] GC(209) Soft Max Capacity: 1024M(100%)
[41.743s][info][gc,heap     ] GC(209)                Mark Start          Mark End        Relocate Start      Relocate End           High               Low         
[41.743s][info][gc,heap     ] GC(209)  Capacity:     1024M (100%)       1024M (100%)       1024M (100%)       1024M (100%)       1024M (100%)       1024M (100%)   
[41.744s][info][gc,heap     ] GC(209)      Free:      496M (48%)         444M (43%)         882M (86%)         882M (86%)         892M (87%)         440M (43%)    
[41.744s][info][gc,heap     ] GC(209)      Used:      528M (52%)         580M (57%)         142M (14%)         142M (14%)         584M (57%)         132M (13%)    
[41.744s][info][gc,heap     ] GC(209)      Live:         -                22M (2%)           22M (2%)           22M (2%)             -                  -          
[41.744s][info][gc,heap     ] GC(209) Allocated:         -                52M (5%)           66M (6%)           81M (8%)             -                  -          
[41.744s][info][gc,heap     ] GC(209)   Garbage:         -               505M (49%)          53M (5%)           37M (4%)             -                  -          
[41.744s][info][gc,heap     ] GC(209) Reclaimed:         -                  -               452M (44%)         467M (46%)            -                  -          
[41.744s][info][gc          ] GC(209) Garbage Collection (Allocation Rate) 528M(52%)->142M(14%)
[41.897s][info][gc,start    ] GC(210) Garbage Collection (Allocation Rate)
[41.897s][info][gc,task     ] GC(210) Using 2 workers
[41.897s][info][gc,phases   ] GC(210) Pause Mark Start 0.014ms
[41.960s][info][gc,phases   ] GC(210) Concurrent Mark 62.150ms
[41.960s][info][gc,phases   ] GC(210) Pause Mark End 0.015ms
[41.960s][info][gc,phases   ] GC(210) Concurrent Mark Free 0.001ms
[41.962s][info][gc,phases   ] GC(210) Concurrent Process Non-Strong References 2.482ms
[41.962s][info][gc,phases   ] GC(210) Concurrent Reset Relocation Set 0.003ms
[41.966s][info][gc,phases   ] GC(210) Concurrent Select Relocation Set 3.999ms
[41.967s][info][gc,phases   ] GC(210) Pause Relocate Start 0.008ms
[41.970s][info][gc,phases   ] GC(210) Concurrent Relocate 3.615ms
[41.970s][info][gc,load     ] GC(210) Load: 0.00/0.00/0.00
[41.970s][info][gc,mmu      ] GC(210) MMU: 2ms/98.9%, 5ms/99.4%, 10ms/99.7%, 20ms/99.7%, 50ms/99.9%, 100ms/99.9%
[41.970s][info][gc,marking  ] GC(210) Mark: 2 stripe(s), 2 proactive flush(es), 1 terminate flush(es), 0 completion(s), 0 continuation(s) 
[41.970s][info][gc,marking  ] GC(210) Mark Stack Usage: 32M
[41.970s][info][gc,nmethod  ] GC(210) NMethods: 1370 registered, 54 unregistered
[41.970s][info][gc,metaspace] GC(210) Metaspace: 8M used, 8M committed, 1088M reserved
[41.970s][info][gc,ref      ] GC(210) Soft: 174 encountered, 0 discovered, 0 enqueued
[41.970s][info][gc,ref      ] GC(210) Weak: 570 encountered, 139 discovered, 0 enqueued
[41.971s][info][gc,ref      ] GC(210) Final: 0 encountered, 0 discovered, 0 enqueued
[41.971s][info][gc,ref      ] GC(210) Phantom: 21 encountered, 10 discovered, 0 enqueued
[41.971s][info][gc,reloc    ] GC(210) Small Pages: 262 / 524M, Empty: 476M, Relocated: 3M, In-Place: 0
[41.971s][info][gc,reloc    ] GC(210) Medium Pages: 1 / 32M, Empty: 0M, Relocated: 0M, In-Place: 0
[41.971s][info][gc,reloc    ] GC(210) Large Pages: 0 / 0M, Empty: 0M, Relocated: 0M, In-Place: 0
[41.971s][info][gc,reloc    ] GC(210) Forwarding Usage: 1M
[41.971s][info][gc,heap     ] GC(210) Min Capacity: 8M(1%)
[41.971s][info][gc,heap     ] GC(210) Max Capacity: 1024M(100%)
[41.971s][info][gc,heap     ] GC(210) Soft Max Capacity: 1024M(100%)
[41.971s][info][gc,heap     ] GC(210)                Mark Start          Mark End        Relocate Start      Relocate End           High               Low         
[41.971s][info][gc,heap     ] GC(210)  Capacity:     1024M (100%)       1024M (100%)       1024M (100%)       1024M (100%)       1024M (100%)       1024M (100%)   
[41.971s][info][gc,heap     ] GC(210)      Free:      468M (46%)         324M (32%)         782M (76%)         794M (78%)         798M (78%)         318M (31%)    
[41.971s][info][gc,heap     ] GC(210)      Used:      556M (54%)         700M (68%)         242M (24%)         230M (22%)         706M (69%)         226M (22%)    
[41.971s][info][gc,heap     ] GC(210)      Live:         -                23M (2%)           23M (2%)           23M (2%)             -                  -          
[41.971s][info][gc,heap     ] GC(210) Allocated:         -               144M (14%)         162M (16%)         169M (17%)            -                  -          
[41.971s][info][gc,heap     ] GC(210)   Garbage:         -               532M (52%)          56M (5%)           36M (4%)             -                  -          
[41.971s][info][gc,heap     ] GC(210) Reclaimed:         -                  -               476M (46%)         495M (48%)            -                  -          
[41.971s][info][gc          ] GC(210) Garbage Collection (Allocation Rate) 556M(54%)->230M(22%)
[42.089s][info][gc,start    ] GC(211) Garbage Collection (Allocation Rate)
[42.089s][info][gc,task     ] GC(211) Using 2 workers
[42.090s][info][gc,phases   ] GC(211) Pause Mark Start 0.013ms
[42.139s][info][gc,phases   ] GC(211) Concurrent Mark 49.694ms
[42.140s][info][gc,phases   ] GC(211) Pause Mark End 0.014ms
[42.140s][info][gc,phases   ] GC(211) Concurrent Mark Free 0.001ms
[42.142s][info][gc,phases   ] GC(211) Concurrent Process Non-Strong References 2.289ms
[42.142s][info][gc,phases   ] GC(211) Concurrent Reset Relocation Set 0.002ms
[42.148s][info][gc,phases   ] GC(211) Concurrent Select Relocation Set 6.223ms
[42.148s][info][gc,phases   ] GC(211) Pause Relocate Start 0.005ms
[42.153s][info][gc,phases   ] GC(211) Concurrent Relocate 4.613ms
[42.153s][info][gc,load     ] GC(211) Load: 0.00/0.00/0.00
[42.153s][info][gc,mmu      ] GC(211) MMU: 2ms/98.9%, 5ms/99.4%, 10ms/99.7%, 20ms/99.7%, 50ms/99.9%, 100ms/99.9%
[42.153s][info][gc,marking  ] GC(211) Mark: 2 stripe(s), 2 proactive flush(es), 1 terminate flush(es), 0 completion(s), 0 continuation(s) 
[42.153s][info][gc,marking  ] GC(211) Mark Stack Usage: 32M
[42.153s][info][gc,nmethod  ] GC(211) NMethods: 1370 registered, 54 unregistered
[42.153s][info][gc,metaspace] GC(211) Metaspace: 8M used, 8M committed, 1088M reserved
[42.153s][info][gc,ref      ] GC(211) Soft: 174 encountered, 0 discovered, 0 enqueued
[42.153s][info][gc,ref      ] GC(211) Weak: 570 encountered, 379 discovered, 0 enqueued
[42.153s][info][gc,ref      ] GC(211) Final: 0 encountered, 0 discovered, 0 enqueued
[42.153s][info][gc,ref      ] GC(211) Phantom: 21 encountered, 10 discovered, 0 enqueued
[42.153s][info][gc,reloc    ] GC(211) Small Pages: 242 / 484M, Empty: 434M, Relocated: 5M, In-Place: 0
[42.153s][info][gc,reloc    ] GC(211) Medium Pages: 2 / 64M, Empty: 0M, Relocated: 2M, In-Place: 0
[42.153s][info][gc,reloc    ] GC(211) Large Pages: 0 / 0M, Empty: 0M, Relocated: 0M, In-Place: 0
[42.153s][info][gc,reloc    ] GC(211) Forwarding Usage: 2M
[42.153s][info][gc,heap     ] GC(211) Min Capacity: 8M(1%)
[42.153s][info][gc,heap     ] GC(211) Max Capacity: 1024M(100%)
[42.154s][info][gc,heap     ] GC(211) Soft Max Capacity: 1024M(100%)
[42.154s][info][gc,heap     ] GC(211)                Mark Start          Mark End        Relocate Start      Relocate End           High               Low         
[42.154s][info][gc,heap     ] GC(211)  Capacity:     1024M (100%)       1024M (100%)       1024M (100%)       1024M (100%)       1024M (100%)       1024M (100%)   
[42.154s][info][gc,heap     ] GC(211)      Free:      476M (46%)         342M (33%)         752M (73%)         792M (77%)         798M (78%)         336M (33%)    
[42.154s][info][gc,heap     ] GC(211)      Used:      548M (54%)         682M (67%)         272M (27%)         232M (23%)         688M (67%)         226M (22%)    
[42.154s][info][gc,heap     ] GC(211)      Live:         -                25M (2%)           25M (2%)           25M (2%)             -                  -          
[42.154s][info][gc,heap     ] GC(211) Allocated:         -               134M (13%)         158M (15%)         169M (17%)            -                  -          
[42.154s][info][gc,heap     ] GC(211)   Garbage:         -               522M (51%)          88M (9%)           36M (4%)             -                  -          
[42.154s][info][gc,heap     ] GC(211) Reclaimed:         -                  -               434M (42%)         485M (47%)            -                  -          
[42.154s][info][gc          ] GC(211) Garbage Collection (Allocation Rate) 548M(54%)->232M(23%)
[42.296s][info][gc,start    ] GC(212) Garbage Collection (Allocation Rate)
[42.296s][info][gc,task     ] GC(212) Using 2 workers
[42.296s][info][gc,phases   ] GC(212) Pause Mark Start 0.014ms
[42.358s][info][gc,phases   ] GC(212) Concurrent Mark 62.118ms
[42.358s][info][gc,phases   ] GC(212) Pause Mark End 0.016ms
[42.358s][info][gc,phases   ] GC(212) Concurrent Mark Free 0.001ms
[42.361s][info][gc,phases   ] GC(212) Concurrent Process Non-Strong References 2.547ms
[42.361s][info][gc,phases   ] GC(212) Concurrent Reset Relocation Set 0.003ms
[42.365s][info][gc,phases   ] GC(212) Concurrent Select Relocation Set 3.874ms
[42.365s][info][gc,phases   ] GC(212) Pause Relocate Start 0.005ms
[42.368s][info][gc,phases   ] GC(212) Concurrent Relocate 2.685ms
[42.368s][info][gc,load     ] GC(212) Load: 0.00/0.00/0.00
[42.368s][info][gc,mmu      ] GC(212) MMU: 2ms/98.9%, 5ms/99.4%, 10ms/99.7%, 20ms/99.7%, 50ms/99.9%, 100ms/99.9%
[42.368s][info][gc,marking  ] GC(212) Mark: 2 stripe(s), 2 proactive flush(es), 1 terminate flush(es), 0 completion(s), 0 continuation(s) 
[42.368s][info][gc,marking  ] GC(212) Mark Stack Usage: 32M
[42.368s][info][gc,nmethod  ] GC(212) NMethods: 1370 registered, 54 unregistered
[42.368s][info][gc,metaspace] GC(212) Metaspace: 8M used, 8M committed, 1088M reserved
[42.368s][info][gc,ref      ] GC(212) Soft: 174 encountered, 0 discovered, 0 enqueued
[42.368s][info][gc,ref      ] GC(212) Weak: 570 encountered, 424 discovered, 0 enqueued
[42.368s][info][gc,ref      ] GC(212) Final: 0 encountered, 0 discovered, 0 enqueued
[42.368s][info][gc,ref      ] GC(212) Phantom: 21 encountered, 17 discovered, 0 enqueued
[42.368s][info][gc,reloc    ] GC(212) Small Pages: 280 / 560M, Empty: 518M, Relocated: 3M, In-Place: 0
[42.368s][info][gc,reloc    ] GC(212) Medium Pages: 2 / 64M, Empty: 0M, Relocated: 2M, In-Place: 0
[42.368s][info][gc,reloc    ] GC(212) Large Pages: 0 / 0M, Empty: 0M, Relocated: 0M, In-Place: 0
[42.368s][info][gc,reloc    ] GC(212) Forwarding Usage: 1M
[42.368s][info][gc,heap     ] GC(212) Min Capacity: 8M(1%)
[42.368s][info][gc,heap     ] GC(212) Max Capacity: 1024M(100%)
[42.368s][info][gc,heap     ] GC(212) Soft Max Capacity: 1024M(100%)
[42.368s][info][gc,heap     ] GC(212)                Mark Start          Mark End        Relocate Start      Relocate End           High               Low         
[42.368s][info][gc,heap     ] GC(212)  Capacity:     1024M (100%)       1024M (100%)       1024M (100%)       1024M (100%)       1024M (100%)       1024M (100%)   
[42.368s][info][gc,heap     ] GC(212)      Free:      400M (39%)         250M (24%)         754M (74%)         794M (78%)         794M (78%)         244M (24%)    
[42.368s][info][gc,heap     ] GC(212)      Used:      624M (61%)         774M (76%)         270M (26%)         230M (22%)         780M (76%)         230M (22%)    
[42.368s][info][gc,heap     ] GC(212)      Live:         -                26M (3%)           26M (3%)           26M (3%)             -                  -          
[42.368s][info][gc,heap     ] GC(212) Allocated:         -               150M (15%)         164M (16%)         167M (16%)            -                  -          
[42.368s][info][gc,heap     ] GC(212)   Garbage:         -               597M (58%)          79M (8%)           35M (3%)             -                  -          
[42.368s][info][gc,heap     ] GC(212) Reclaimed:         -                  -               518M (51%)         561M (55%)            -                  -          
[42.369s][info][gc          ] GC(212) Garbage Collection (Allocation Rate) 624M(61%)->230M(22%)
[42.499s][info][gc,start    ] GC(213) Garbage Collection (Allocation Rate)
[42.499s][info][gc,task     ] GC(213) Using 2 workers
[42.499s][info][gc,phases   ] GC(213) Pause Mark Start 0.013ms
[42.561s][info][gc,phases   ] GC(213) Concurrent Mark 62.130ms
[42.561s][info][gc,phases   ] GC(213) Pause Mark End 0.013ms
[42.561s][info][gc,phases   ] GC(213) Concurrent Mark Free 0.001ms
[42.564s][info][gc,phases   ] GC(213) Concurrent Process Non-Strong References 2.371ms
[42.564s][info][gc,phases   ] GC(213) Concurrent Reset Relocation Set 0.002ms
[42.567s][info][gc,phases   ] GC(213) Concurrent Select Relocation Set 3.655ms
[42.567s][info][gc,phases   ] GC(213) Pause Relocate Start 0.003ms
[42.571s][info][gc,phases   ] GC(213) Concurrent Relocate 3.847ms
[42.571s][info][gc,load     ] GC(213) Load: 0.00/0.00/0.00
[42.571s][info][gc,mmu      ] GC(213) MMU: 2ms/98.9%, 5ms/99.4%, 10ms/99.7%, 20ms/99.7%, 50ms/99.9%, 100ms/99.9%
[42.571s][info][gc,marking  ] GC(213) Mark: 2 stripe(s), 2 proactive flush(es), 1 terminate flush(es), 0 completion(s), 0 continuation(s) 
[42.572s][info][gc,marking  ] GC(213) Mark Stack Usage: 32M
[42.572s][info][gc,nmethod  ] GC(213) NMethods: 1370 registered, 54 unregistered
[42.572s][info][gc,metaspace] GC(213) Metaspace: 8M used, 8M committed, 1088M reserved
[42.572s][info][gc,ref      ] GC(213) Soft: 174 encountered, 0 discovered, 0 enqueued
[42.572s][info][gc,ref      ] GC(213) Weak: 570 encountered, 424 discovered, 0 enqueued
[42.572s][info][gc,ref      ] GC(213) Final: 0 encountered, 0 discovered, 0 enqueued
[42.572s][info][gc,ref      ] GC(213) Phantom: 21 encountered, 17 discovered, 0 enqueued
[42.572s][info][gc,reloc    ] GC(213) Small Pages: 262 / 524M, Empty: 472M, Relocated: 2M, In-Place: 0
[42.572s][info][gc,reloc    ] GC(213) Medium Pages: 1 / 32M, Empty: 0M, Relocated: 0M, In-Place: 0
[42.572s][info][gc,reloc    ] GC(213) Large Pages: 0 / 0M, Empty: 0M, Relocated: 0M, In-Place: 0
[42.572s][info][gc,reloc    ] GC(213) Forwarding Usage: 1M
[42.572s][info][gc,heap     ] GC(213) Min Capacity: 8M(1%)
[42.572s][info][gc,heap     ] GC(213) Max Capacity: 1024M(100%)
[42.572s][info][gc,heap     ] GC(213) Soft Max Capacity: 1024M(100%)
[42.572s][info][gc,heap     ] GC(213)                Mark Start          Mark End        Relocate Start      Relocate End           High               Low         
[42.572s][info][gc,heap     ] GC(213)  Capacity:     1024M (100%)       1024M (100%)       1024M (100%)       1024M (100%)       1024M (100%)       1024M (100%)   
[42.572s][info][gc,heap     ] GC(213)      Free:      468M (46%)         304M (30%)         760M (74%)         768M (75%)         772M (75%)         298M (29%)    
[42.572s][info][gc,heap     ] GC(213)      Used:      556M (54%)         720M (70%)         264M (26%)         256M (25%)         726M (71%)         252M (25%)    
[42.572s][info][gc,heap     ] GC(213)      Live:         -                28M (3%)           28M (3%)           28M (3%)             -                  -          
[42.572s][info][gc,heap     ] GC(213) Allocated:         -               164M (16%)         180M (18%)         189M (19%)            -                  -          
[42.572s][info][gc,heap     ] GC(213)   Garbage:         -               527M (52%)          55M (5%)           37M (4%)             -                  -          
[42.572s][info][gc,heap     ] GC(213) Reclaimed:         -                  -               472M (46%)         489M (48%)            -                  -          
[42.572s][info][gc          ] GC(213) Garbage Collection (Allocation Rate) 556M(54%)->256M(25%)
[42.804s][info][gc,start    ] GC(214) Garbage Collection (Allocation Rate)
[42.804s][info][gc,task     ] GC(214) Using 2 workers
[42.804s][info][gc,phases   ] GC(214) Pause Mark Start 0.014ms
[42.859s][info][gc,phases   ] GC(214) Concurrent Mark 54.844ms
[42.859s][info][gc,phases   ] GC(214) Pause Mark End 0.013ms
[42.859s][info][gc,phases   ] GC(214) Concurrent Mark Free 0.001ms
[42.862s][info][gc,phases   ] GC(214) Concurrent Process Non-Strong References 2.527ms
[42.862s][info][gc,phases   ] GC(214) Concurrent Reset Relocation Set 0.003ms
[42.868s][info][gc,phases   ] GC(214) Concurrent Select Relocation Set 6.243ms
[42.868s][info][gc,phases   ] GC(214) Pause Relocate Start 0.003ms
[42.875s][info][gc,phases   ] GC(214) Concurrent Relocate 6.377ms
[42.875s][info][gc,load     ] GC(214) Load: 0.00/0.00/0.00
[42.875s][info][gc,mmu      ] GC(214) MMU: 2ms/98.9%, 5ms/99.4%, 10ms/99.7%, 20ms/99.7%, 50ms/99.9%, 100ms/99.9%
[42.875s][info][gc,marking  ] GC(214) Mark: 2 stripe(s), 2 proactive flush(es), 1 terminate flush(es), 0 completion(s), 0 continuation(s) 
[42.875s][info][gc,marking  ] GC(214) Mark Stack Usage: 32M
[42.875s][info][gc,nmethod  ] GC(214) NMethods: 1370 registered, 54 unregistered
[42.875s][info][gc,metaspace] GC(214) Metaspace: 8M used, 8M committed, 1088M reserved
[42.875s][info][gc,ref      ] GC(214) Soft: 174 encountered, 0 discovered, 0 enqueued
[42.875s][info][gc,ref      ] GC(214) Weak: 570 encountered, 427 discovered, 0 enqueued
[42.875s][info][gc,ref      ] GC(214) Final: 0 encountered, 0 discovered, 0 enqueued
[42.875s][info][gc,ref      ] GC(214) Phantom: 21 encountered, 16 discovered, 0 enqueued
[42.875s][info][gc,reloc    ] GC(214) Small Pages: 195 / 390M, Empty: 348M, Relocated: 5M, In-Place: 0
[42.875s][info][gc,reloc    ] GC(214) Medium Pages: 2 / 64M, Empty: 32M, Relocated: 0M, In-Place: 0
[42.875s][info][gc,reloc    ] GC(214) Large Pages: 0 / 0M, Empty: 0M, Relocated: 0M, In-Place: 0
[42.875s][info][gc,reloc    ] GC(214) Forwarding Usage: 2M
[42.875s][info][gc,heap     ] GC(214) Min Capacity: 8M(1%)
[42.875s][info][gc,heap     ] GC(214) Max Capacity: 1024M(100%)
[42.875s][info][gc,heap     ] GC(214) Soft Max Capacity: 1024M(100%)
[42.875s][info][gc,heap     ] GC(214)                Mark Start          Mark End        Relocate Start      Relocate End           High               Low         
[42.875s][info][gc,heap     ] GC(214)  Capacity:     1024M (100%)       1024M (100%)       1024M (100%)       1024M (100%)       1024M (100%)       1024M (100%)   
[42.875s][info][gc,heap     ] GC(214)      Free:      570M (56%)         532M (52%)         912M (89%)         924M (90%)         924M (90%)         532M (52%)    
[42.876s][info][gc,heap     ] GC(214)      Used:      454M (44%)         492M (48%)         112M (11%)         100M (10%)         492M (48%)         100M (10%)    
[42.876s][info][gc,heap     ] GC(214)      Live:         -                30M (3%)           30M (3%)           30M (3%)             -                  -          
[42.876s][info][gc,heap     ] GC(214) Allocated:         -                38M (4%)           38M (4%)           37M (4%)             -                  -          
[42.876s][info][gc,heap     ] GC(214)   Garbage:         -               423M (41%)          43M (4%)           31M (3%)             -                  -          
[42.876s][info][gc,heap     ] GC(214) Reclaimed:         -                  -               380M (37%)         391M (38%)            -                  -          
[42.876s][info][gc          ] GC(214) Garbage Collection (Allocation Rate) 454M(44%)->100M(10%)
[43.080s][info][gc,start    ] GC(215) Garbage Collection (System.gc())
[43.080s][info][gc,task     ] GC(215) Using 10 workers
[43.081s][info][gc,phases   ] GC(215) Pause Mark Start 0.012ms
[43.099s][info][gc,phases   ] GC(215) Concurrent Mark 18.843ms
[43.100s][info][gc,phases   ] GC(215) Pause Mark End 0.013ms
[43.100s][info][gc,phases   ] GC(215) Concurrent Mark Free 0.001ms
[43.100s][info][gc,phases   ] GC(215) Concurrent Process Non-Strong References 0.678ms
[43.100s][info][gc,phases   ] GC(215) Concurrent Reset Relocation Set 0.002ms
[43.104s][info][gc,phases   ] GC(215) Concurrent Select Relocation Set 3.844ms
[43.104s][info][gc,phases   ] GC(215) Pause Relocate Start 0.009ms
[43.106s][info][gc,phases   ] GC(215) Concurrent Relocate 1.225ms
[43.106s][info][gc,load     ] GC(215) Load: 0.00/0.00/0.00
[43.106s][info][gc,mmu      ] GC(215) MMU: 2ms/98.9%, 5ms/99.4%, 10ms/99.7%, 20ms/99.7%, 50ms/99.9%, 100ms/99.9%
[43.106s][info][gc,marking  ] GC(215) Mark: 8 stripe(s), 1 proactive flush(es), 1 terminate flush(es), 0 completion(s), 0 continuation(s) 
[43.106s][info][gc,marking  ] GC(215) Mark Stack Usage: 32M
[43.106s][info][gc,nmethod  ] GC(215) NMethods: 1370 registered, 54 unregistered
[43.106s][info][gc,metaspace] GC(215) Metaspace: 8M used, 8M committed, 1088M reserved
[43.106s][info][gc,ref      ] GC(215) Soft: 174 encountered, 0 discovered, 0 enqueued
[43.106s][info][gc,ref      ] GC(215) Weak: 570 encountered, 2 discovered, 0 enqueued
[43.106s][info][gc,ref      ] GC(215) Final: 0 encountered, 0 discovered, 0 enqueued
[43.106s][info][gc,ref      ] GC(215) Phantom: 21 encountered, 19 discovered, 0 enqueued
[43.106s][info][gc,reloc    ] GC(215) Small Pages: 43 / 86M, Empty: 74M, Relocated: 1M, In-Place: 0
[43.106s][info][gc,reloc    ] GC(215) Medium Pages: 2 / 64M, Empty: 64M, Relocated: 0M, In-Place: 0
[43.106s][info][gc,reloc    ] GC(215) Large Pages: 0 / 0M, Empty: 0M, Relocated: 0M, In-Place: 0
[43.106s][info][gc,reloc    ] GC(215) Forwarding Usage: 0M
[43.106s][info][gc,heap     ] GC(215) Min Capacity: 8M(1%)
[43.106s][info][gc,heap     ] GC(215) Max Capacity: 1024M(100%)
[43.106s][info][gc,heap     ] GC(215) Soft Max Capacity: 1024M(100%)
[43.106s][info][gc,heap     ] GC(215)                Mark Start          Mark End        Relocate Start      Relocate End           High               Low         
[43.106s][info][gc,heap     ] GC(215)  Capacity:     1024M (100%)       1024M (100%)       1024M (100%)       1024M (100%)       1024M (100%)       1024M (100%)   
[43.106s][info][gc,heap     ] GC(215)      Free:      874M (85%)         874M (85%)        1012M (99%)        1012M (99%)        1012M (99%)         874M (85%)    
[43.106s][info][gc,heap     ] GC(215)      Used:      150M (15%)         150M (15%)          12M (1%)           12M (1%)          150M (15%)          12M (1%)     
[43.106s][info][gc,heap     ] GC(215)      Live:         -                 4M (0%)            4M (0%)            4M (0%)             -                  -          
[43.106s][info][gc,heap     ] GC(215) Allocated:         -                 0M (0%)            0M (0%)            0M (0%)             -                  -          
[43.106s][info][gc,heap     ] GC(215)   Garbage:         -               145M (14%)           7M (1%)            7M (1%)             -                  -          
[43.106s][info][gc,heap     ] GC(215) Reclaimed:         -                  -               138M (13%)         138M (13%)            -                  -          
[43.106s][info][gc          ] GC(215) Garbage Collection (System.gc()) 150M(15%)->12M(1%)
[43.289s][info][gc,start    ] GC(216) Garbage Collection (Allocation Rate)
[43.289s][info][gc,task     ] GC(216) Using 10 workers
[43.289s][info][gc,phases   ] GC(216) Pause Mark Start 0.015ms
[43.295s][info][gc,phases   ] GC(216) Concurrent Mark 5.634ms
[43.295s][info][gc,phases   ] GC(216) Pause Mark End 0.015ms
[43.295s][info][gc,phases   ] GC(216) Concurrent Mark Free 0.001ms
[43.296s][info][gc,phases   ] GC(216) Concurrent Process Non-Strong References 0.699ms
[43.296s][info][gc,phases   ] GC(216) Concurrent Reset Relocation Set 0.003ms
[43.300s][info][gc,phases   ] GC(216) Concurrent Select Relocation Set 4.071ms
[43.300s][info][gc,phases   ] GC(216) Pause Relocate Start 0.006ms
[43.301s][info][gc,phases   ] GC(216) Concurrent Relocate 1.294ms
[43.301s][info][gc,load     ] GC(216) Load: 0.00/0.00/0.00
[43.301s][info][gc,mmu      ] GC(216) MMU: 2ms/98.9%, 5ms/99.4%, 10ms/99.7%, 20ms/99.7%, 50ms/99.9%, 100ms/99.9%
[43.302s][info][gc,marking  ] GC(216) Mark: 8 stripe(s), 2 proactive flush(es), 1 terminate flush(es), 0 completion(s), 0 continuation(s) 
[43.302s][info][gc,marking  ] GC(216) Mark Stack Usage: 32M
[43.302s][info][gc,nmethod  ] GC(216) NMethods: 1373 registered, 54 unregistered
[43.302s][info][gc,metaspace] GC(216) Metaspace: 8M used, 8M committed, 1088M reserved
[43.302s][info][gc,ref      ] GC(216) Soft: 174 encountered, 0 discovered, 0 enqueued
[43.302s][info][gc,ref      ] GC(216) Weak: 570 encountered, 72 discovered, 0 enqueued
[43.302s][info][gc,ref      ] GC(216) Final: 0 encountered, 0 discovered, 0 enqueued
[43.302s][info][gc,ref      ] GC(216) Phantom: 21 encountered, 15 discovered, 0 enqueued
[43.302s][info][gc,reloc    ] GC(216) Small Pages: 236 / 472M, Empty: 442M, Relocated: 2M, In-Place: 0
[43.302s][info][gc,reloc    ] GC(216) Medium Pages: 0 / 0M, Empty: 0M, Relocated: 0M, In-Place: 0
[43.302s][info][gc,reloc    ] GC(216) Large Pages: 0 / 0M, Empty: 0M, Relocated: 0M, In-Place: 0
[43.302s][info][gc,reloc    ] GC(216) Forwarding Usage: 0M
[43.302s][info][gc,heap     ] GC(216) Min Capacity: 8M(1%)
[43.302s][info][gc,heap     ] GC(216) Max Capacity: 1024M(100%)
[43.302s][info][gc,heap     ] GC(216) Soft Max Capacity: 1024M(100%)
[43.302s][info][gc,heap     ] GC(216)                Mark Start          Mark End        Relocate Start      Relocate End           High               Low         
[43.302s][info][gc,heap     ] GC(216)  Capacity:     1024M (100%)       1024M (100%)       1024M (100%)       1024M (100%)       1024M (100%)       1024M (100%)   
[43.302s][info][gc,heap     ] GC(216)      Free:      552M (54%)         536M (52%)         966M (94%)         968M (95%)         968M (95%)         534M (52%)    
[43.302s][info][gc,heap     ] GC(216)      Used:      472M (46%)         488M (48%)          58M (6%)           56M (5%)          490M (48%)          56M (5%)     
[43.302s][info][gc,heap     ] GC(216)      Live:         -                 5M (1%)            5M (1%)            5M (1%)             -                  -          
[43.302s][info][gc,heap     ] GC(216) Allocated:         -                16M (2%)           28M (3%)           31M (3%)             -                  -          
[43.302s][info][gc,heap     ] GC(216)   Garbage:         -               466M (46%)          24M (2%)           18M (2%)             -                  -          
[43.302s][info][gc,heap     ] GC(216) Reclaimed:         -                  -               442M (43%)         447M (44%)            -                  -          
[43.302s][info][gc          ] GC(216) Garbage Collection (Allocation Rate) 472M(46%)->56M(5%)
[43.498s][info][gc,start    ] GC(217) Garbage Collection (Allocation Rate)
[43.499s][info][gc,task     ] GC(217) Using 10 workers
[43.499s][info][gc,phases   ] GC(217) Pause Mark Start 0.014ms
[43.514s][info][gc,phases   ] GC(217) Concurrent Mark 15.382ms
[43.514s][info][gc,phases   ] GC(217) Pause Mark End 0.013ms
[43.514s][info][gc,phases   ] GC(217) Concurrent Mark Free 0.001ms
[43.515s][info][gc,phases   ] GC(217) Concurrent Process Non-Strong References 0.688ms
[43.515s][info][gc,phases   ] GC(217) Concurrent Reset Relocation Set 0.002ms
[43.520s][info][gc,phases   ] GC(217) Concurrent Select Relocation Set 4.662ms
[43.520s][info][gc,phases   ] GC(217) Pause Relocate Start 0.006ms
[43.522s][info][gc,phases   ] GC(217) Concurrent Relocate 1.812ms
[43.522s][info][gc,load     ] GC(217) Load: 0.00/0.00/0.00
[43.522s][info][gc,mmu      ] GC(217) MMU: 2ms/98.9%, 5ms/99.4%, 10ms/99.7%, 20ms/99.7%, 50ms/99.9%, 100ms/99.9%
[43.522s][info][gc,marking  ] GC(217) Mark: 8 stripe(s), 2 proactive flush(es), 1 terminate flush(es), 0 completion(s), 0 continuation(s) 
[43.522s][info][gc,marking  ] GC(217) Mark Stack Usage: 32M
[43.522s][info][gc,nmethod  ] GC(217) NMethods: 1373 registered, 54 unregistered
[43.522s][info][gc,metaspace] GC(217) Metaspace: 8M used, 8M committed, 1088M reserved
[43.522s][info][gc,ref      ] GC(217) Soft: 174 encountered, 0 discovered, 0 enqueued
[43.522s][info][gc,ref      ] GC(217) Weak: 570 encountered, 5 discovered, 0 enqueued
[43.522s][info][gc,ref      ] GC(217) Final: 0 encountered, 0 discovered, 0 enqueued
[43.522s][info][gc,ref      ] GC(217) Phantom: 21 encountered, 14 discovered, 0 enqueued
[43.522s][info][gc,reloc    ] GC(217) Small Pages: 281 / 562M, Empty: 534M, Relocated: 2M, In-Place: 0
[43.522s][info][gc,reloc    ] GC(217) Medium Pages: 1 / 32M, Empty: 0M, Relocated: 0M, In-Place: 0
[43.522s][info][gc,reloc    ] GC(217) Large Pages: 0 / 0M, Empty: 0M, Relocated: 0M, In-Place: 0
[43.522s][info][gc,reloc    ] GC(217) Forwarding Usage: 1M
[43.522s][info][gc,heap     ] GC(217) Min Capacity: 8M(1%)
[43.522s][info][gc,heap     ] GC(217) Max Capacity: 1024M(100%)
[43.522s][info][gc,heap     ] GC(217) Soft Max Capacity: 1024M(100%)
[43.522s][info][gc,heap     ] GC(217)                Mark Start          Mark End        Relocate Start      Relocate End           High               Low         
[43.522s][info][gc,heap     ] GC(217)  Capacity:     1024M (100%)       1024M (100%)       1024M (100%)       1024M (100%)       1024M (100%)       1024M (100%)   
[43.522s][info][gc,heap     ] GC(217)      Free:      430M (42%)         390M (38%)         910M (89%)         908M (89%)         912M (89%)         386M (38%)    
[43.522s][info][gc,heap     ] GC(217)      Used:      594M (58%)         634M (62%)         114M (11%)         116M (11%)         638M (62%)         112M (11%)    
[43.522s][info][gc,heap     ] GC(217)      Live:         -                 7M (1%)            7M (1%)            7M (1%)             -                  -          
[43.522s][info][gc,heap     ] GC(217) Allocated:         -                40M (4%)           54M (5%)           57M (6%)             -                  -          
[43.522s][info][gc,heap     ] GC(217)   Garbage:         -               586M (57%)          52M (5%)           50M (5%)             -                  -          
[43.522s][info][gc,heap     ] GC(217) Reclaimed:         -                  -               534M (52%)         535M (52%)            -                  -          
[43.523s][info][gc          ] GC(217) Garbage Collection (Allocation Rate) 594M(58%)->116M(11%)
[43.789s][info][gc,start    ] GC(218) Garbage Collection (Allocation Rate)
[43.789s][info][gc,task     ] GC(218) Using 4 workers
[43.789s][info][gc,phases   ] GC(218) Pause Mark Start 0.014ms
[43.805s][info][gc,phases   ] GC(218) Concurrent Mark 15.724ms
[43.805s][info][gc,phases   ] GC(218) Pause Mark End 0.010ms
[43.805s][info][gc,phases   ] GC(218) Concurrent Mark Free 0.001ms
[43.806s][info][gc,phases   ] GC(218) Concurrent Process Non-Strong References 1.241ms
[43.806s][info][gc,phases   ] GC(218) Concurrent Reset Relocation Set 0.002ms
[43.811s][info][gc,phases   ] GC(218) Concurrent Select Relocation Set 4.643ms
[43.811s][info][gc,phases   ] GC(218) Pause Relocate Start 0.005ms
[43.815s][info][gc,phases   ] GC(218) Concurrent Relocate 3.808ms
[43.815s][info][gc,load     ] GC(218) Load: 0.00/0.00/0.00
[43.815s][info][gc,mmu      ] GC(218) MMU: 2ms/98.9%, 5ms/99.4%, 10ms/99.7%, 20ms/99.7%, 50ms/99.9%, 100ms/99.9%
[43.815s][info][gc,marking  ] GC(218) Mark: 4 stripe(s), 4 proactive flush(es), 1 terminate flush(es), 0 completion(s), 0 continuation(s) 
[43.815s][info][gc,marking  ] GC(218) Mark Stack Usage: 32M
[43.815s][info][gc,nmethod  ] GC(218) NMethods: 1373 registered, 54 unregistered
[43.815s][info][gc,metaspace] GC(218) Metaspace: 8M used, 8M committed, 1088M reserved
[43.815s][info][gc,ref      ] GC(218) Soft: 174 encountered, 0 discovered, 0 enqueued
[43.815s][info][gc,ref      ] GC(218) Weak: 570 encountered, 9 discovered, 0 enqueued
[43.815s][info][gc,ref      ] GC(218) Final: 0 encountered, 0 discovered, 0 enqueued
[43.815s][info][gc,ref      ] GC(218) Phantom: 21 encountered, 14 discovered, 0 enqueued
[43.815s][info][gc,reloc    ] GC(218) Small Pages: 366 / 732M, Empty: 684M, Relocated: 4M, In-Place: 0
[43.815s][info][gc,reloc    ] GC(218) Medium Pages: 1 / 32M, Empty: 0M, Relocated: 0M, In-Place: 0
[43.815s][info][gc,reloc    ] GC(218) Large Pages: 0 / 0M, Empty: 0M, Relocated: 0M, In-Place: 0
[43.815s][info][gc,reloc    ] GC(218) Forwarding Usage: 2M
[43.815s][info][gc,heap     ] GC(218) Min Capacity: 8M(1%)
[43.815s][info][gc,heap     ] GC(218) Max Capacity: 1024M(100%)
[43.815s][info][gc,heap     ] GC(218) Soft Max Capacity: 1024M(100%)
[43.816s][info][gc,heap     ] GC(218)                Mark Start          Mark End        Relocate Start      Relocate End           High               Low         
[43.816s][info][gc,heap     ] GC(218)  Capacity:     1024M (100%)       1024M (100%)       1024M (100%)       1024M (100%)       1024M (100%)       1024M (100%)   
[43.816s][info][gc,heap     ] GC(218)      Free:      260M (25%)         254M (25%)         904M (88%)         938M (92%)         938M (92%)         254M (25%)    
[43.816s][info][gc,heap     ] GC(218)      Used:      764M (75%)         770M (75%)         120M (12%)          86M (8%)          770M (75%)          86M (8%)     
[43.816s][info][gc,heap     ] GC(218)      Live:         -                 9M (1%)            9M (1%)            9M (1%)             -                  -          
[43.816s][info][gc,heap     ] GC(218) Allocated:         -                 6M (1%)           40M (4%)           39M (4%)             -                  -          
[43.816s][info][gc,heap     ] GC(218)   Garbage:         -               754M (74%)          70M (7%)           37M (4%)             -                  -          
[43.816s][info][gc,heap     ] GC(218) Reclaimed:         -                  -               684M (67%)         717M (70%)            -                  -          
[43.816s][info][gc          ] GC(218) Garbage Collection (Allocation Rate) 764M(75%)->86M(8%)
[43.994s][info][gc,start    ] GC(219) Garbage Collection (Allocation Rate)
[43.994s][info][gc,task     ] GC(219) Using 5 workers
[43.994s][info][gc,phases   ] GC(219) Pause Mark Start 0.013ms
[44.009s][info][gc,phases   ] GC(219) Concurrent Mark 15.268ms
[44.010s][info][gc,phases   ] GC(219) Pause Mark End 0.013ms
[44.010s][info][gc,phases   ] GC(219) Concurrent Mark Free 0.001ms
[44.011s][info][gc,phases   ] GC(219) Concurrent Process Non-Strong References 1.023ms
[44.011s][info][gc,phases   ] GC(219) Concurrent Reset Relocation Set 0.003ms
[44.013s][info][gc,phases   ] GC(219) Concurrent Select Relocation Set 2.576ms
[44.013s][info][gc,phases   ] GC(219) Pause Relocate Start 0.005ms
[44.018s][info][gc,phases   ] GC(219) Concurrent Relocate 4.646ms
[44.018s][info][gc,load     ] GC(219) Load: 0.00/0.00/0.00
[44.018s][info][gc,mmu      ] GC(219) MMU: 2ms/98.9%, 5ms/99.4%, 10ms/99.7%, 20ms/99.7%, 50ms/99.9%, 100ms/99.9%
[44.018s][info][gc,marking  ] GC(219) Mark: 4 stripe(s), 2 proactive flush(es), 1 terminate flush(es), 0 completion(s), 0 continuation(s) 
[44.018s][info][gc,marking  ] GC(219) Mark Stack Usage: 32M
[44.018s][info][gc,nmethod  ] GC(219) NMethods: 1373 registered, 54 unregistered
[44.018s][info][gc,metaspace] GC(219) Metaspace: 8M used, 8M committed, 1088M reserved
[44.018s][info][gc,ref      ] GC(219) Soft: 174 encountered, 0 discovered, 0 enqueued
[44.018s][info][gc,ref      ] GC(219) Weak: 570 encountered, 105 discovered, 0 enqueued
[44.018s][info][gc,ref      ] GC(219) Final: 0 encountered, 0 discovered, 0 enqueued
[44.018s][info][gc,ref      ] GC(219) Phantom: 21 encountered, 15 discovered, 0 enqueued
[44.018s][info][gc,reloc    ] GC(219) Small Pages: 211 / 422M, Empty: 394M, Relocated: 5M, In-Place: 0
[44.018s][info][gc,reloc    ] GC(219) Medium Pages: 2 / 64M, Empty: 32M, Relocated: 0M, In-Place: 0
[44.018s][info][gc,reloc    ] GC(219) Large Pages: 0 / 0M, Empty: 0M, Relocated: 0M, In-Place: 0
[44.018s][info][gc,reloc    ] GC(219) Forwarding Usage: 1M
[44.018s][info][gc,heap     ] GC(219) Min Capacity: 8M(1%)
[44.018s][info][gc,heap     ] GC(219) Max Capacity: 1024M(100%)
[44.018s][info][gc,heap     ] GC(219) Soft Max Capacity: 1024M(100%)
[44.018s][info][gc,heap     ] GC(219)                Mark Start          Mark End        Relocate Start      Relocate End           High               Low         
[44.018s][info][gc,heap     ] GC(219)  Capacity:     1024M (100%)       1024M (100%)       1024M (100%)       1024M (100%)       1024M (100%)       1024M (100%)   
[44.018s][info][gc,heap     ] GC(219)      Free:      538M (53%)         518M (51%)         940M (92%)         942M (92%)         946M (92%)         518M (51%)    
[44.019s][info][gc,heap     ] GC(219)      Used:      486M (47%)         506M (49%)          84M (8%)           82M (8%)          506M (49%)          78M (8%)     
[44.019s][info][gc,heap     ] GC(219)      Live:         -                10M (1%)           10M (1%)           10M (1%)             -                  -          
[44.019s][info][gc,heap     ] GC(219) Allocated:         -                20M (2%)           24M (2%)           33M (3%)             -                  -          
[44.019s][info][gc,heap     ] GC(219)   Garbage:         -               475M (46%)          49M (5%)           37M (4%)             -                  -          
[44.019s][info][gc,heap     ] GC(219) Reclaimed:         -                  -               426M (42%)         437M (43%)            -                  -          
[44.019s][info][gc          ] GC(219) Garbage Collection (Allocation Rate) 486M(47%)->82M(8%)
[44.197s][info][gc,start    ] GC(220) Garbage Collection (Allocation Rate)
[44.197s][info][gc,task     ] GC(220) Using 5 workers
[44.197s][info][gc,phases   ] GC(220) Pause Mark Start 0.017ms
[44.228s][info][gc,phases   ] GC(220) Concurrent Mark 30.877ms
[44.228s][info][gc,phases   ] GC(220) Pause Mark End 0.017ms
[44.228s][info][gc,phases   ] GC(220) Concurrent Mark Free 0.001ms
[44.230s][info][gc,phases   ] GC(220) Concurrent Process Non-Strong References 1.150ms
[44.230s][info][gc,phases   ] GC(220) Concurrent Reset Relocation Set 0.002ms
[44.234s][info][gc,phases   ] GC(220) Concurrent Select Relocation Set 3.815ms
[44.234s][info][gc,phases   ] GC(220) Pause Relocate Start 0.008ms
[44.238s][info][gc,phases   ] GC(220) Concurrent Relocate 3.873ms
[44.238s][info][gc,load     ] GC(220) Load: 0.00/0.00/0.00
[44.238s][info][gc,mmu      ] GC(220) MMU: 2ms/98.9%, 5ms/99.4%, 10ms/99.7%, 20ms/99.7%, 50ms/99.9%, 100ms/99.9%
[44.238s][info][gc,marking  ] GC(220) Mark: 4 stripe(s), 2 proactive flush(es), 1 terminate flush(es), 0 completion(s), 0 continuation(s) 
[44.238s][info][gc,marking  ] GC(220) Mark Stack Usage: 32M
[44.238s][info][gc,nmethod  ] GC(220) NMethods: 1373 registered, 54 unregistered
[44.238s][info][gc,metaspace] GC(220) Metaspace: 8M used, 8M committed, 1088M reserved
[44.238s][info][gc,ref      ] GC(220) Soft: 174 encountered, 0 discovered, 0 enqueued
[44.238s][info][gc,ref      ] GC(220) Weak: 570 encountered, 88 discovered, 0 enqueued
[44.238s][info][gc,ref      ] GC(220) Final: 0 encountered, 0 discovered, 0 enqueued
[44.238s][info][gc,ref      ] GC(220) Phantom: 21 encountered, 19 discovered, 0 enqueued
[44.238s][info][gc,reloc    ] GC(220) Small Pages: 252 / 504M, Empty: 468M, Relocated: 3M, In-Place: 0
[44.238s][info][gc,reloc    ] GC(220) Medium Pages: 2 / 64M, Empty: 0M, Relocated: 0M, In-Place: 0
[44.238s][info][gc,reloc    ] GC(220) Large Pages: 0 / 0M, Empty: 0M, Relocated: 0M, In-Place: 0
[44.238s][info][gc,reloc    ] GC(220) Forwarding Usage: 1M
[44.238s][info][gc,heap     ] GC(220) Min Capacity: 8M(1%)
[44.238s][info][gc,heap     ] GC(220) Max Capacity: 1024M(100%)
[44.238s][info][gc,heap     ] GC(220) Soft Max Capacity: 1024M(100%)
[44.238s][info][gc,heap     ] GC(220)                Mark Start          Mark End        Relocate Start      Relocate End           High               Low         
[44.238s][info][gc,heap     ] GC(220)  Capacity:     1024M (100%)       1024M (100%)       1024M (100%)       1024M (100%)       1024M (100%)       1024M (100%)   
[44.238s][info][gc,heap     ] GC(220)      Free:      456M (45%)         376M (37%)         830M (81%)         868M (85%)         872M (85%)         372M (36%)    
[44.238s][info][gc,heap     ] GC(220)      Used:      568M (55%)         648M (63%)         194M (19%)         156M (15%)         652M (64%)         152M (15%)    
[44.238s][info][gc,heap     ] GC(220)      Live:         -                11M (1%)           11M (1%)           11M (1%)             -                  -          
[44.238s][info][gc,heap     ] GC(220) Allocated:         -                80M (8%)           94M (9%)          103M (10%)            -                  -          
[44.238s][info][gc,heap     ] GC(220)   Garbage:         -               556M (54%)          88M (9%)           40M (4%)             -                  -          
[44.238s][info][gc,heap     ] GC(220) Reclaimed:         -                  -               468M (46%)         515M (50%)            -                  -          
[44.238s][info][gc          ] GC(220) Garbage Collection (Allocation Rate) 568M(55%)->156M(15%)
[44.302s][info][gc,start    ] GC(221) Garbage Collection (Allocation Rate)
[44.302s][info][gc,task     ] GC(221) Using 5 workers
[44.302s][info][gc,phases   ] GC(221) Pause Mark Start 0.013ms
[44.319s][info][gc,phases   ] GC(221) Concurrent Mark 16.603ms
[44.319s][info][gc,phases   ] GC(221) Pause Mark End 0.011ms
[44.319s][info][gc,phases   ] GC(221) Concurrent Mark Free 0.001ms
[44.320s][info][gc,phases   ] GC(221) Concurrent Process Non-Strong References 0.989ms
[44.320s][info][gc,phases   ] GC(221) Concurrent Reset Relocation Set 0.003ms
[44.326s][info][gc,phases   ] GC(221) Concurrent Select Relocation Set 5.963ms
[44.326s][info][gc,phases   ] GC(221) Pause Relocate Start 0.003ms
[44.331s][info][gc,phases   ] GC(221) Concurrent Relocate 4.615ms
[44.331s][info][gc,load     ] GC(221) Load: 0.00/0.00/0.00
[44.331s][info][gc,mmu      ] GC(221) MMU: 2ms/98.9%, 5ms/99.4%, 10ms/99.7%, 20ms/99.7%, 50ms/99.9%, 100ms/99.9%
[44.331s][info][gc,marking  ] GC(221) Mark: 4 stripe(s), 2 proactive flush(es), 1 terminate flush(es), 0 completion(s), 0 continuation(s) 
[44.331s][info][gc,marking  ] GC(221) Mark Stack Usage: 32M
[44.331s][info][gc,nmethod  ] GC(221) NMethods: 1373 registered, 54 unregistered
[44.331s][info][gc,metaspace] GC(221) Metaspace: 8M used, 8M committed, 1088M reserved
[44.331s][info][gc,ref      ] GC(221) Soft: 174 encountered, 0 discovered, 0 enqueued
[44.331s][info][gc,ref      ] GC(221) Weak: 570 encountered, 156 discovered, 0 enqueued
[44.331s][info][gc,ref      ] GC(221) Final: 0 encountered, 0 discovered, 0 enqueued
[44.331s][info][gc,ref      ] GC(221) Phantom: 21 encountered, 19 discovered, 0 enqueued
[44.331s][info][gc,reloc    ] GC(221) Small Pages: 147 / 294M, Empty: 260M, Relocated: 5M, In-Place: 0
[44.331s][info][gc,reloc    ] GC(221) Medium Pages: 1 / 32M, Empty: 0M, Relocated: 0M, In-Place: 0
[44.331s][info][gc,reloc    ] GC(221) Large Pages: 0 / 0M, Empty: 0M, Relocated: 0M, In-Place: 0
[44.331s][info][gc,reloc    ] GC(221) Forwarding Usage: 1M
[44.331s][info][gc,heap     ] GC(221) Min Capacity: 8M(1%)
[44.331s][info][gc,heap     ] GC(221) Max Capacity: 1024M(100%)
[44.331s][info][gc,heap     ] GC(221) Soft Max Capacity: 1024M(100%)
[44.331s][info][gc,heap     ] GC(221)                Mark Start          Mark End        Relocate Start      Relocate End           High               Low         
[44.331s][info][gc,heap     ] GC(221)  Capacity:     1024M (100%)       1024M (100%)       1024M (100%)       1024M (100%)       1024M (100%)       1024M (100%)   
[44.331s][info][gc,heap     ] GC(221)      Free:      698M (68%)         670M (65%)         916M (89%)         920M (90%)         926M (90%)         670M (65%)    
[44.331s][info][gc,heap     ] GC(221)      Used:      326M (32%)         354M (35%)         108M (11%)         104M (10%)         354M (35%)          98M (10%)    
[44.331s][info][gc,heap     ] GC(221)      Live:         -                12M (1%)           12M (1%)           12M (1%)             -                  -          
[44.331s][info][gc,heap     ] GC(221) Allocated:         -                28M (3%)           42M (4%)           53M (5%)             -                  -          
[44.331s][info][gc,heap     ] GC(221)   Garbage:         -               313M (31%)          53M (5%)           37M (4%)             -                  -          
[44.331s][info][gc,heap     ] GC(221) Reclaimed:         -                  -               260M (25%)         275M (27%)            -                  -          
[44.331s][info][gc          ] GC(221) Garbage Collection (Allocation Rate) 326M(32%)->104M(10%)
[44.398s][info][gc,start    ] GC(222) Garbage Collection (Allocation Rate)
[44.398s][info][gc,task     ] GC(222) Using 5 workers
[44.398s][info][gc,phases   ] GC(222) Pause Mark Start 0.013ms
[44.429s][info][gc,phases   ] GC(222) Concurrent Mark 30.927ms
[44.429s][info][gc,phases   ] GC(222) Pause Mark End 0.013ms
[44.460s][info][gc,phases   ] GC(222) Concurrent Mark Free 0.001ms
[44.461s][info][gc,phases   ] GC(222) Concurrent Process Non-Strong References 1.183ms
[44.461s][info][gc,phases   ] GC(222) Concurrent Reset Relocation Set 0.002ms
[44.465s][info][gc,phases   ] GC(222) Concurrent Select Relocation Set 3.801ms
[44.465s][info][gc,phases   ] GC(222) Pause Relocate Start 0.006ms
[44.468s][info][gc,phases   ] GC(222) Concurrent Relocate 2.965ms
[44.468s][info][gc,load     ] GC(222) Load: 0.00/0.00/0.00
[44.468s][info][gc,mmu      ] GC(222) MMU: 2ms/98.9%, 5ms/99.4%, 10ms/99.7%, 20ms/99.7%, 50ms/99.9%, 100ms/99.9%
[44.468s][info][gc,marking  ] GC(222) Mark: 4 stripe(s), 3 proactive flush(es), 1 terminate flush(es), 0 completion(s), 0 continuation(s) 
[44.468s][info][gc,marking  ] GC(222) Mark Stack Usage: 32M
[44.468s][info][gc,nmethod  ] GC(222) NMethods: 1373 registered, 54 unregistered
[44.468s][info][gc,metaspace] GC(222) Metaspace: 8M used, 8M committed, 1088M reserved
[44.468s][info][gc,ref      ] GC(222) Soft: 174 encountered, 0 discovered, 0 enqueued
[44.468s][info][gc,ref      ] GC(222) Weak: 570 encountered, 94 discovered, 0 enqueued
[44.468s][info][gc,ref      ] GC(222) Final: 0 encountered, 0 discovered, 0 enqueued
[44.469s][info][gc,ref      ] GC(222) Phantom: 21 encountered, 16 discovered, 0 enqueued
[44.469s][info][gc,reloc    ] GC(222) Small Pages: 107 / 214M, Empty: 180M, Relocated: 2M, In-Place: 0
[44.469s][info][gc,reloc    ] GC(222) Medium Pages: 1 / 32M, Empty: 0M, Relocated: 0M, In-Place: 0
[44.469s][info][gc,reloc    ] GC(222) Large Pages: 0 / 0M, Empty: 0M, Relocated: 0M, In-Place: 0
[44.469s][info][gc,reloc    ] GC(222) Forwarding Usage: 1M
[44.469s][info][gc,heap     ] GC(222) Min Capacity: 8M(1%)
[44.469s][info][gc,heap     ] GC(222) Max Capacity: 1024M(100%)
[44.469s][info][gc,heap     ] GC(222) Soft Max Capacity: 1024M(100%)
[44.469s][info][gc,heap     ] GC(222)                Mark Start          Mark End        Relocate Start      Relocate End           High               Low         
[44.469s][info][gc,heap     ] GC(222)  Capacity:     1024M (100%)       1024M (100%)       1024M (100%)       1024M (100%)       1024M (100%)       1024M (100%)   
[44.469s][info][gc,heap     ] GC(222)      Free:      778M (76%)         726M (71%)         900M (88%)         908M (89%)         908M (89%)         724M (71%)    
[44.469s][info][gc,heap     ] GC(222)      Used:      246M (24%)         298M (29%)         124M (12%)         116M (11%)         300M (29%)         116M (11%)    
[44.469s][info][gc,heap     ] GC(222)      Live:         -                13M (1%)           13M (1%)           13M (1%)             -                  -          
[44.469s][info][gc,heap     ] GC(222) Allocated:         -                52M (5%)           58M (6%)           61M (6%)             -                  -          
[44.469s][info][gc,heap     ] GC(222)   Garbage:         -               232M (23%)          52M (5%)           40M (4%)             -                  -          
[44.469s][info][gc,heap     ] GC(222) Reclaimed:         -                  -               180M (18%)         191M (19%)            -                  -          
[44.469s][info][gc          ] GC(222) Garbage Collection (Allocation Rate) 246M(24%)->116M(11%)
[44.491s][info][gc,start    ] GC(223) Garbage Collection (Allocation Rate)
[44.491s][info][gc,task     ] GC(223) Using 5 workers
[44.491s][info][gc,phases   ] GC(223) Pause Mark Start 0.009ms
[44.522s][info][gc,phases   ] GC(223) Concurrent Mark 31.042ms
[44.523s][info][gc,phases   ] GC(223) Pause Mark End 0.016ms
[44.523s][info][gc,phases   ] GC(223) Concurrent Mark Free 0.001ms
[44.524s][info][gc,phases   ] GC(223) Concurrent Process Non-Strong References 1.092ms
[44.524s][info][gc,phases   ] GC(223) Concurrent Reset Relocation Set 0.002ms
[44.529s][info][gc,phases   ] GC(223) Concurrent Select Relocation Set 5.595ms
[44.530s][info][gc,phases   ] GC(223) Pause Relocate Start 0.007ms
[44.533s][info][gc,phases   ] GC(223) Concurrent Relocate 3.452ms
[44.533s][info][gc,load     ] GC(223) Load: 0.00/0.00/0.00
[44.533s][info][gc,mmu      ] GC(223) MMU: 2ms/98.9%, 5ms/99.4%, 10ms/99.7%, 20ms/99.7%, 50ms/99.9%, 100ms/99.9%
[44.533s][info][gc,marking  ] GC(223) Mark: 4 stripe(s), 2 proactive flush(es), 1 terminate flush(es), 0 completion(s), 0 continuation(s) 
[44.533s][info][gc,marking  ] GC(223) Mark Stack Usage: 32M
[44.533s][info][gc,nmethod  ] GC(223) NMethods: 1373 registered, 54 unregistered
[44.533s][info][gc,metaspace] GC(223) Metaspace: 8M used, 8M committed, 1088M reserved
[44.533s][info][gc,ref      ] GC(223) Soft: 174 encountered, 0 discovered, 0 enqueued
[44.533s][info][gc,ref      ] GC(223) Weak: 570 encountered, 156 discovered, 0 enqueued
[44.533s][info][gc,ref      ] GC(223) Final: 0 encountered, 0 discovered, 0 enqueued
[44.533s][info][gc,ref      ] GC(223) Phantom: 21 encountered, 15 discovered, 0 enqueued
[44.533s][info][gc,reloc    ] GC(223) Small Pages: 58 / 116M, Empty: 90M, Relocated: 3M, In-Place: 0
[44.533s][info][gc,reloc    ] GC(223) Medium Pages: 1 / 32M, Empty: 0M, Relocated: 0M, In-Place: 0
[44.534s][info][gc,reloc    ] GC(223) Large Pages: 0 / 0M, Empty: 0M, Relocated: 0M, In-Place: 0
[44.534s][info][gc,reloc    ] GC(223) Forwarding Usage: 1M
[44.534s][info][gc,heap     ] GC(223) Min Capacity: 8M(1%)
[44.534s][info][gc,heap     ] GC(223) Max Capacity: 1024M(100%)
[44.534s][info][gc,heap     ] GC(223) Soft Max Capacity: 1024M(100%)
[44.534s][info][gc,heap     ] GC(223)                Mark Start          Mark End        Relocate Start      Relocate End           High               Low         
[44.534s][info][gc,heap     ] GC(223)  Capacity:     1024M (100%)       1024M (100%)       1024M (100%)       1024M (100%)       1024M (100%)       1024M (100%)   
[44.534s][info][gc,heap     ] GC(223)      Free:      876M (86%)         794M (78%)         866M (85%)         862M (84%)         876M (86%)         782M (76%)    
[44.534s][info][gc,heap     ] GC(223)      Used:      148M (14%)         230M (22%)         158M (15%)         162M (16%)         242M (24%)         148M (14%)    
[44.534s][info][gc,heap     ] GC(223)      Live:         -                13M (1%)           13M (1%)           13M (1%)             -                  -          
[44.534s][info][gc,heap     ] GC(223) Allocated:         -                82M (8%)          100M (10%)         107M (11%)            -                  -          
[44.534s][info][gc,heap     ] GC(223)   Garbage:         -               134M (13%)          44M (4%)           40M (4%)             -                  -          
[44.534s][info][gc,heap     ] GC(223) Reclaimed:         -                  -                90M (9%)           93M (9%)             -                  -          
[44.534s][info][gc          ] GC(223) Garbage Collection (Allocation Rate) 148M(14%)->162M(16%)
[44.601s][info][gc,start    ] GC(224) Garbage Collection (Allocation Rate)
[44.601s][info][gc,task     ] GC(224) Using 5 workers
[44.601s][info][gc,phases   ] GC(224) Pause Mark Start 0.012ms
[44.632s][info][gc,phases   ] GC(224) Concurrent Mark 31.006ms
[44.632s][info][gc,phases   ] GC(224) Pause Mark End 0.019ms
[44.632s][info][gc,phases   ] GC(224) Concurrent Mark Free 0.001ms
[44.633s][info][gc,phases   ] GC(224) Concurrent Process Non-Strong References 1.146ms
[44.633s][info][gc,phases   ] GC(224) Concurrent Reset Relocation Set 0.001ms
[44.639s][info][gc,phases   ] GC(224) Concurrent Select Relocation Set 5.649ms
[44.639s][info][gc,phases   ] GC(224) Pause Relocate Start 0.008ms
[44.644s][info][gc,phases   ] GC(224) Concurrent Relocate 4.559ms
[44.644s][info][gc,load     ] GC(224) Load: 0.00/0.00/0.00
[44.644s][info][gc,mmu      ] GC(224) MMU: 2ms/98.9%, 5ms/99.4%, 10ms/99.7%, 20ms/99.7%, 50ms/99.9%, 100ms/99.9%
[44.644s][info][gc,marking  ] GC(224) Mark: 4 stripe(s), 2 proactive flush(es), 1 terminate flush(es), 0 completion(s), 0 continuation(s) 
[44.644s][info][gc,marking  ] GC(224) Mark Stack Usage: 32M
[44.644s][info][gc,nmethod  ] GC(224) NMethods: 1373 registered, 54 unregistered
[44.644s][info][gc,metaspace] GC(224) Metaspace: 8M used, 8M committed, 1088M reserved
[44.644s][info][gc,ref      ] GC(224) Soft: 174 encountered, 0 discovered, 0 enqueued
[44.644s][info][gc,ref      ] GC(224) Weak: 570 encountered, 168 discovered, 0 enqueued
[44.644s][info][gc,ref      ] GC(224) Final: 0 encountered, 0 discovered, 0 enqueued
[44.644s][info][gc,ref      ] GC(224) Phantom: 21 encountered, 18 discovered, 0 enqueued
[44.644s][info][gc,reloc    ] GC(224) Small Pages: 144 / 288M, Empty: 262M, Relocated: 5M, In-Place: 0
[44.644s][info][gc,reloc    ] GC(224) Medium Pages: 2 / 64M, Empty: 0M, Relocated: 1M, In-Place: 0
[44.644s][info][gc,reloc    ] GC(224) Large Pages: 0 / 0M, Empty: 0M, Relocated: 0M, In-Place: 0
[44.644s][info][gc,reloc    ] GC(224) Forwarding Usage: 2M
[44.644s][info][gc,heap     ] GC(224) Min Capacity: 8M(1%)
[44.644s][info][gc,heap     ] GC(224) Max Capacity: 1024M(100%)
[44.644s][info][gc,heap     ] GC(224) Soft Max Capacity: 1024M(100%)
[44.644s][info][gc,heap     ] GC(224)                Mark Start          Mark End        Relocate Start      Relocate End           High               Low         
[44.644s][info][gc,heap     ] GC(224)  Capacity:     1024M (100%)       1024M (100%)       1024M (100%)       1024M (100%)       1024M (100%)       1024M (100%)   
[44.644s][info][gc,heap     ] GC(224)      Free:      672M (66%)         616M (60%)         864M (84%)         894M (87%)         894M (87%)         612M (60%)    
[44.644s][info][gc,heap     ] GC(224)      Used:      352M (34%)         408M (40%)         160M (16%)         130M (13%)         412M (40%)         130M (13%)    
[44.644s][info][gc,heap     ] GC(224)      Live:         -                14M (1%)           14M (1%)           14M (1%)             -                  -          
[44.644s][info][gc,heap     ] GC(224) Allocated:         -                56M (5%)           70M (7%)           77M (8%)             -                  -          
[44.644s][info][gc,heap     ] GC(224)   Garbage:         -               337M (33%)          75M (7%)           37M (4%)             -                  -          
[44.644s][info][gc,heap     ] GC(224) Reclaimed:         -                  -               262M (26%)         299M (29%)            -                  -          
[44.644s][info][gc          ] GC(224) Garbage Collection (Allocation Rate) 352M(34%)->130M(13%)
[44.804s][info][gc,start    ] GC(225) Garbage Collection (Allocation Rate)
[44.804s][info][gc,task     ] GC(225) Using 3 workers
[44.804s][info][gc,phases   ] GC(225) Pause Mark Start 0.014ms
[44.835s][info][gc,phases   ] GC(225) Concurrent Mark 30.888ms
[44.835s][info][gc,phases   ] GC(225) Pause Mark End 0.011ms
[44.835s][info][gc,phases   ] GC(225) Concurrent Mark Free 0.001ms
[44.836s][info][gc,phases   ] GC(225) Concurrent Process Non-Strong References 1.344ms
[44.837s][info][gc,phases   ] GC(225) Concurrent Reset Relocation Set 0.002ms
[44.840s][info][gc,phases   ] GC(225) Concurrent Select Relocation Set 3.788ms
[44.840s][info][gc,phases   ] GC(225) Pause Relocate Start 0.003ms
[44.846s][info][gc,phases   ] GC(225) Concurrent Relocate 5.747ms
[44.846s][info][gc,load     ] GC(225) Load: 0.00/0.00/0.00
[44.846s][info][gc,mmu      ] GC(225) MMU: 2ms/98.9%, 5ms/99.4%, 10ms/99.7%, 20ms/99.7%, 50ms/99.9%, 100ms/99.9%
[44.846s][info][gc,marking  ] GC(225) Mark: 2 stripe(s), 2 proactive flush(es), 1 terminate flush(es), 0 completion(s), 0 continuation(s) 
[44.846s][info][gc,marking  ] GC(225) Mark Stack Usage: 32M
[44.846s][info][gc,nmethod  ] GC(225) NMethods: 1373 registered, 54 unregistered
[44.846s][info][gc,metaspace] GC(225) Metaspace: 8M used, 8M committed, 1088M reserved
[44.846s][info][gc,ref      ] GC(225) Soft: 174 encountered, 0 discovered, 0 enqueued
[44.846s][info][gc,ref      ] GC(225) Weak: 570 encountered, 262 discovered, 0 enqueued
[44.846s][info][gc,ref      ] GC(225) Final: 0 encountered, 0 discovered, 0 enqueued
[44.847s][info][gc,ref      ] GC(225) Phantom: 21 encountered, 19 discovered, 0 enqueued
[44.847s][info][gc,reloc    ] GC(225) Small Pages: 245 / 490M, Empty: 442M, Relocated: 4M, In-Place: 0
[44.847s][info][gc,reloc    ] GC(225) Medium Pages: 2 / 64M, Empty: 0M, Relocated: 1M, In-Place: 0
[44.847s][info][gc,reloc    ] GC(225) Large Pages: 0 / 0M, Empty: 0M, Relocated: 0M, In-Place: 0
[44.847s][info][gc,reloc    ] GC(225) Forwarding Usage: 2M
[44.847s][info][gc,heap     ] GC(225) Min Capacity: 8M(1%)
[44.847s][info][gc,heap     ] GC(225) Max Capacity: 1024M(100%)
[44.847s][info][gc,heap     ] GC(225) Soft Max Capacity: 1024M(100%)
[44.847s][info][gc,heap     ] GC(225)                Mark Start          Mark End        Relocate Start      Relocate End           High               Low         
[44.847s][info][gc,heap     ] GC(225)  Capacity:     1024M (100%)       1024M (100%)       1024M (100%)       1024M (100%)       1024M (100%)       1024M (100%)   
[44.847s][info][gc,heap     ] GC(225)      Free:      470M (46%)         388M (38%)         816M (80%)         860M (84%)         866M (85%)         384M (38%)    
[44.847s][info][gc,heap     ] GC(225)      Used:      554M (54%)         636M (62%)         208M (20%)         164M (16%)         640M (63%)         158M (15%)    
[44.847s][info][gc,heap     ] GC(225)      Live:         -                15M (2%)           15M (2%)           15M (2%)             -                  -          
[44.847s][info][gc,heap     ] GC(225) Allocated:         -                82M (8%)           96M (9%)          111M (11%)            -                  -          
[44.847s][info][gc,heap     ] GC(225)   Garbage:         -               538M (53%)          96M (9%)           36M (4%)             -                  -          
[44.847s][info][gc,heap     ] GC(225) Reclaimed:         -                  -               442M (43%)         501M (49%)            -                  -          
[44.847s][info][gc          ] GC(225) Garbage Collection (Allocation Rate) 554M(54%)->164M(16%)
[44.992s][info][gc,start    ] GC(226) Garbage Collection (Allocation Rate)
[44.992s][info][gc,task     ] GC(226) Using 3 workers
[44.992s][info][gc,phases   ] GC(226) Pause Mark Start 0.013ms
[45.023s][info][gc,phases   ] GC(226) Concurrent Mark 30.886ms
[45.023s][info][gc,phases   ] GC(226) Pause Mark End 0.013ms
[45.023s][info][gc,phases   ] GC(226) Concurrent Mark Free 0.001ms
[45.024s][info][gc,phases   ] GC(226) Concurrent Process Non-Strong References 1.246ms
[45.024s][info][gc,phases   ] GC(226) Concurrent Reset Relocation Set 0.003ms
[45.028s][info][gc,phases   ] GC(226) Concurrent Select Relocation Set 3.892ms
[45.028s][info][gc,phases   ] GC(226) Pause Relocate Start 0.007ms
[45.031s][info][gc,phases   ] GC(226) Concurrent Relocate 3.032ms
[45.032s][info][gc,load     ] GC(226) Load: 0.00/0.00/0.00
[45.032s][info][gc,mmu      ] GC(226) MMU: 2ms/98.9%, 5ms/99.4%, 10ms/99.7%, 20ms/99.7%, 50ms/99.9%, 100ms/99.9%
[45.032s][info][gc,marking  ] GC(226) Mark: 2 stripe(s), 3 proactive flush(es), 1 terminate flush(es), 0 completion(s), 0 continuation(s) 
[45.032s][info][gc,marking  ] GC(226) Mark Stack Usage: 32M
[45.032s][info][gc,nmethod  ] GC(226) NMethods: 1373 registered, 54 unregistered
[45.032s][info][gc,metaspace] GC(226) Metaspace: 8M used, 8M committed, 1088M reserved
[45.032s][info][gc,ref      ] GC(226) Soft: 174 encountered, 0 discovered, 0 enqueued
[45.032s][info][gc,ref      ] GC(226) Weak: 570 encountered, 4 discovered, 0 enqueued
[45.032s][info][gc,ref      ] GC(226) Final: 0 encountered, 0 discovered, 0 enqueued
[45.032s][info][gc,ref      ] GC(226) Phantom: 21 encountered, 17 discovered, 0 enqueued
[45.032s][info][gc,reloc    ] GC(226) Small Pages: 250 / 500M, Empty: 454M, Relocated: 3M, In-Place: 0
[45.032s][info][gc,reloc    ] GC(226) Medium Pages: 2 / 64M, Empty: 0M, Relocated: 1M, In-Place: 0
[45.032s][info][gc,reloc    ] GC(226) Large Pages: 0 / 0M, Empty: 0M, Relocated: 0M, In-Place: 0
[45.032s][info][gc,reloc    ] GC(226) Forwarding Usage: 1M
[45.032s][info][gc,heap     ] GC(226) Min Capacity: 8M(1%)
[45.032s][info][gc,heap     ] GC(226) Max Capacity: 1024M(100%)
[45.032s][info][gc,heap     ] GC(226) Soft Max Capacity: 1024M(100%)
[45.032s][info][gc,heap     ] GC(226)                Mark Start          Mark End        Relocate Start      Relocate End           High               Low         
[45.032s][info][gc,heap     ] GC(226)  Capacity:     1024M (100%)       1024M (100%)       1024M (100%)       1024M (100%)       1024M (100%)       1024M (100%)   
[45.032s][info][gc,heap     ] GC(226)      Free:      460M (45%)         378M (37%)         818M (80%)         866M (85%)         868M (85%)         374M (37%)    
[45.032s][info][gc,heap     ] GC(226)      Used:      564M (55%)         646M (63%)         206M (20%)         158M (15%)         650M (63%)         156M (15%)    
[45.032s][info][gc,heap     ] GC(226)      Live:         -                17M (2%)           17M (2%)           17M (2%)             -                  -          
[45.032s][info][gc,heap     ] GC(226) Allocated:         -                82M (8%)           96M (9%)          103M (10%)            -                  -          
[45.032s][info][gc,heap     ] GC(226)   Garbage:         -               546M (53%)          92M (9%)           36M (4%)             -                  -          
[45.032s][info][gc,heap     ] GC(226) Reclaimed:         -                  -               454M (44%)         509M (50%)            -                  -          
[45.032s][info][gc          ] GC(226) Garbage Collection (Allocation Rate) 564M(55%)->158M(15%)
[45.195s][info][gc,start    ] GC(227) Garbage Collection (Allocation Rate)
[45.195s][info][gc,task     ] GC(227) Using 2 workers
[45.195s][info][gc,phases   ] GC(227) Pause Mark Start 0.016ms
[45.242s][info][gc,phases   ] GC(227) Concurrent Mark 46.539ms
[45.242s][info][gc,phases   ] GC(227) Pause Mark End 0.019ms
[45.242s][info][gc,phases   ] GC(227) Concurrent Mark Free 0.001ms
[45.244s][info][gc,phases   ] GC(227) Concurrent Process Non-Strong References 2.547ms
[45.244s][info][gc,phases   ] GC(227) Concurrent Reset Relocation Set 0.003ms
[45.250s][info][gc,phases   ] GC(227) Concurrent Select Relocation Set 5.511ms
[45.250s][info][gc,phases   ] GC(227) Pause Relocate Start 0.009ms
[45.255s][info][gc,phases   ] GC(227) Concurrent Relocate 4.759ms
[45.255s][info][gc,load     ] GC(227) Load: 0.00/0.00/0.00
[45.255s][info][gc,mmu      ] GC(227) MMU: 2ms/98.9%, 5ms/99.4%, 10ms/99.7%, 20ms/99.7%, 50ms/99.9%, 100ms/99.9%
[45.255s][info][gc,marking  ] GC(227) Mark: 2 stripe(s), 2 proactive flush(es), 1 terminate flush(es), 0 completion(s), 0 continuation(s) 
[45.255s][info][gc,marking  ] GC(227) Mark Stack Usage: 32M
[45.255s][info][gc,nmethod  ] GC(227) NMethods: 1373 registered, 54 unregistered
[45.255s][info][gc,metaspace] GC(227) Metaspace: 8M used, 8M committed, 1088M reserved
[45.255s][info][gc,ref      ] GC(227) Soft: 174 encountered, 0 discovered, 0 enqueued
[45.255s][info][gc,ref      ] GC(227) Weak: 570 encountered, 6 discovered, 0 enqueued
[45.255s][info][gc,ref      ] GC(227) Final: 0 encountered, 0 discovered, 0 enqueued
[45.255s][info][gc,ref      ] GC(227) Phantom: 21 encountered, 17 discovered, 0 enqueued
[45.255s][info][gc,reloc    ] GC(227) Small Pages: 268 / 536M, Empty: 500M, Relocated: 3M, In-Place: 0
[45.255s][info][gc,reloc    ] GC(227) Medium Pages: 1 / 32M, Empty: 0M, Relocated: 0M, In-Place: 0
[45.255s][info][gc,reloc    ] GC(227) Large Pages: 0 / 0M, Empty: 0M, Relocated: 0M, In-Place: 0
[45.255s][info][gc,reloc    ] GC(227) Forwarding Usage: 1M
[45.255s][info][gc,heap     ] GC(227) Min Capacity: 8M(1%)
[45.255s][info][gc,heap     ] GC(227) Max Capacity: 1024M(100%)
[45.255s][info][gc,heap     ] GC(227) Soft Max Capacity: 1024M(100%)
[45.255s][info][gc,heap     ] GC(227)                Mark Start          Mark End        Relocate Start      Relocate End           High               Low         
[45.255s][info][gc,heap     ] GC(227)  Capacity:     1024M (100%)       1024M (100%)       1024M (100%)       1024M (100%)       1024M (100%)       1024M (100%)   
[45.256s][info][gc,heap     ] GC(227)      Free:      456M (45%)         332M (32%)         810M (79%)         810M (79%)         816M (80%)         324M (32%)    
[45.256s][info][gc,heap     ] GC(227)      Used:      568M (55%)         692M (68%)         214M (21%)         214M (21%)         700M (68%)         208M (20%)    
[45.256s][info][gc,heap     ] GC(227)      Live:         -                18M (2%)           18M (2%)           18M (2%)             -                  -          
[45.256s][info][gc,heap     ] GC(227) Allocated:         -               124M (12%)         146M (14%)         159M (16%)            -                  -          
[45.256s][info][gc,heap     ] GC(227)   Garbage:         -               549M (54%)          49M (5%)           35M (3%)             -                  -          
[45.256s][info][gc,heap     ] GC(227) Reclaimed:         -                  -               500M (49%)         513M (50%)            -                  -          
[45.256s][info][gc          ] GC(227) Garbage Collection (Allocation Rate) 568M(55%)->214M(21%)
[45.503s][info][gc,start    ] GC(228) Garbage Collection (Allocation Rate)
[45.503s][info][gc,task     ] GC(228) Using 2 workers
[45.503s][info][gc,phases   ] GC(228) Pause Mark Start 0.017ms
[45.550s][info][gc,phases   ] GC(228) Concurrent Mark 46.452ms
[45.550s][info][gc,phases   ] GC(228) Pause Mark End 0.013ms
[45.550s][info][gc,phases   ] GC(228) Concurrent Mark Free 0.001ms
[45.553s][info][gc,phases   ] GC(228) Concurrent Process Non-Strong References 2.548ms
[45.553s][info][gc,phases   ] GC(228) Concurrent Reset Relocation Set 0.002ms
[45.559s][info][gc,phases   ] GC(228) Concurrent Select Relocation Set 5.929ms
[45.559s][info][gc,phases   ] GC(228) Pause Relocate Start 0.004ms
[45.562s][info][gc,phases   ] GC(228) Concurrent Relocate 3.649ms
[45.562s][info][gc,load     ] GC(228) Load: 0.00/0.00/0.00
[45.562s][info][gc,mmu      ] GC(228) MMU: 2ms/98.9%, 5ms/99.4%, 10ms/99.7%, 20ms/99.7%, 50ms/99.9%, 100ms/99.9%
[45.562s][info][gc,marking  ] GC(228) Mark: 2 stripe(s), 2 proactive flush(es), 1 terminate flush(es), 0 completion(s), 0 continuation(s) 
[45.562s][info][gc,marking  ] GC(228) Mark Stack Usage: 32M
[45.563s][info][gc,nmethod  ] GC(228) NMethods: 1373 registered, 54 unregistered
[45.563s][info][gc,metaspace] GC(228) Metaspace: 8M used, 8M committed, 1088M reserved
[45.563s][info][gc,ref      ] GC(228) Soft: 174 encountered, 0 discovered, 0 enqueued
[45.563s][info][gc,ref      ] GC(228) Weak: 570 encountered, 287 discovered, 0 enqueued
[45.563s][info][gc,ref      ] GC(228) Final: 0 encountered, 0 discovered, 0 enqueued
[45.563s][info][gc,ref      ] GC(228) Phantom: 21 encountered, 10 discovered, 0 enqueued
[45.563s][info][gc,reloc    ] GC(228) Small Pages: 336 / 672M, Empty: 622M, Relocated: 3M, In-Place: 0
[45.563s][info][gc,reloc    ] GC(228) Medium Pages: 2 / 64M, Empty: 0M, Relocated: 1M, In-Place: 0
[45.563s][info][gc,reloc    ] GC(228) Large Pages: 0 / 0M, Empty: 0M, Relocated: 0M, In-Place: 0
[45.563s][info][gc,reloc    ] GC(228) Forwarding Usage: 1M
[45.563s][info][gc,heap     ] GC(228) Min Capacity: 8M(1%)
[45.563s][info][gc,heap     ] GC(228) Max Capacity: 1024M(100%)
[45.563s][info][gc,heap     ] GC(228) Soft Max Capacity: 1024M(100%)
[45.563s][info][gc,heap     ] GC(228)                Mark Start          Mark End        Relocate Start      Relocate End           High               Low         
[45.563s][info][gc,heap     ] GC(228)  Capacity:     1024M (100%)       1024M (100%)       1024M (100%)       1024M (100%)       1024M (100%)       1024M (100%)   
[45.563s][info][gc,heap     ] GC(228)      Free:      288M (28%)         208M (20%)         806M (79%)         854M (83%)         858M (84%)         200M (20%)    
[45.563s][info][gc,heap     ] GC(228)      Used:      736M (72%)         816M (80%)         218M (21%)         170M (17%)         824M (80%)         166M (16%)    
[45.563s][info][gc,heap     ] GC(228)      Live:         -                20M (2%)           20M (2%)           20M (2%)             -                  -          
[45.563s][info][gc,heap     ] GC(228) Allocated:         -                80M (8%)          104M (10%)         111M (11%)            -                  -          
[45.563s][info][gc,heap     ] GC(228)   Garbage:         -               715M (70%)          93M (9%)           37M (4%)             -                  -          
[45.563s][info][gc,heap     ] GC(228) Reclaimed:         -                  -               622M (61%)         677M (66%)            -                  -          
[45.563s][info][gc          ] GC(228) Garbage Collection (Allocation Rate) 736M(72%)->170M(17%)
[45.690s][info][gc,start    ] GC(229) Garbage Collection (Allocation Rate)
[45.691s][info][gc,task     ] GC(229) Using 2 workers
[45.691s][info][gc,phases   ] GC(229) Pause Mark Start 0.014ms
[45.737s][info][gc,phases   ] GC(229) Concurrent Mark 46.535ms
[45.737s][info][gc,phases   ] GC(229) Pause Mark End 0.012ms
[45.737s][info][gc,phases   ] GC(229) Concurrent Mark Free 0.001ms
[45.740s][info][gc,phases   ] GC(229) Concurrent Process Non-Strong References 2.501ms
[45.740s][info][gc,phases   ] GC(229) Concurrent Reset Relocation Set 0.004ms
[45.747s][info][gc,phases   ] GC(229) Concurrent Select Relocation Set 6.625ms
[45.747s][info][gc,phases   ] GC(229) Pause Relocate Start 0.004ms
[45.754s][info][gc,phases   ] GC(229) Concurrent Relocate 6.752ms
[45.754s][info][gc,load     ] GC(229) Load: 0.00/0.00/0.00
[45.754s][info][gc,mmu      ] GC(229) MMU: 2ms/98.9%, 5ms/99.4%, 10ms/99.7%, 20ms/99.7%, 50ms/99.9%, 100ms/99.9%
[45.754s][info][gc,marking  ] GC(229) Mark: 2 stripe(s), 2 proactive flush(es), 1 terminate flush(es), 0 completion(s), 0 continuation(s) 
[45.754s][info][gc,marking  ] GC(229) Mark Stack Usage: 32M
[45.754s][info][gc,nmethod  ] GC(229) NMethods: 1373 registered, 54 unregistered
[45.754s][info][gc,metaspace] GC(229) Metaspace: 8M used, 8M committed, 1088M reserved
[45.754s][info][gc,ref      ] GC(229) Soft: 174 encountered, 0 discovered, 0 enqueued
[45.754s][info][gc,ref      ] GC(229) Weak: 570 encountered, 3 discovered, 0 enqueued
[45.754s][info][gc,ref      ] GC(229) Final: 0 encountered, 0 discovered, 0 enqueued
[45.754s][info][gc,ref      ] GC(229) Phantom: 21 encountered, 17 discovered, 0 enqueued
[45.754s][info][gc,reloc    ] GC(229) Small Pages: 231 / 462M, Empty: 416M, Relocated: 6M, In-Place: 0
[45.754s][info][gc,reloc    ] GC(229) Medium Pages: 2 / 64M, Empty: 0M, Relocated: 1M, In-Place: 0
[45.754s][info][gc,reloc    ] GC(229) Large Pages: 0 / 0M, Empty: 0M, Relocated: 0M, In-Place: 0
[45.754s][info][gc,reloc    ] GC(229) Forwarding Usage: 2M
[45.754s][info][gc,heap     ] GC(229) Min Capacity: 8M(1%)
[45.754s][info][gc,heap     ] GC(229) Max Capacity: 1024M(100%)
[45.754s][info][gc,heap     ] GC(229) Soft Max Capacity: 1024M(100%)
[45.754s][info][gc,heap     ] GC(229)                Mark Start          Mark End        Relocate Start      Relocate End           High               Low         
[45.754s][info][gc,heap     ] GC(229)  Capacity:     1024M (100%)       1024M (100%)       1024M (100%)       1024M (100%)       1024M (100%)       1024M (100%)   
[45.754s][info][gc,heap     ] GC(229)      Free:      498M (49%)         372M (36%)         764M (75%)         798M (78%)         810M (79%)         366M (36%)    
[45.754s][info][gc,heap     ] GC(229)      Used:      526M (51%)         652M (64%)         260M (25%)         226M (22%)         658M (64%)         214M (21%)    
[45.754s][info][gc,heap     ] GC(229)      Live:         -                21M (2%)           21M (2%)           21M (2%)             -                  -          
[45.754s][info][gc,heap     ] GC(229) Allocated:         -               126M (12%)         150M (15%)         167M (16%)            -                  -          
[45.754s][info][gc,heap     ] GC(229)   Garbage:         -               504M (49%)          88M (9%)           36M (4%)             -                  -          
[45.754s][info][gc,heap     ] GC(229) Reclaimed:         -                  -               416M (41%)         467M (46%)            -                  -          
[45.754s][info][gc          ] GC(229) Garbage Collection (Allocation Rate) 526M(51%)->226M(22%)
[45.894s][info][gc,start    ] GC(230) Garbage Collection (Allocation Rate)
[45.894s][info][gc,task     ] GC(230) Using 2 workers
[45.894s][info][gc,phases   ] GC(230) Pause Mark Start 0.012ms
[45.958s][info][gc,phases   ] GC(230) Concurrent Mark 64.302ms
[45.958s][info][gc,phases   ] GC(230) Pause Mark End 0.014ms
[45.958s][info][gc,phases   ] GC(230) Concurrent Mark Free 0.001ms
[45.961s][info][gc,phases   ] GC(230) Concurrent Process Non-Strong References 2.389ms
[45.961s][info][gc,phases   ] GC(230) Concurrent Reset Relocation Set 0.004ms
[45.964s][info][gc,phases   ] GC(230) Concurrent Select Relocation Set 3.259ms
[45.964s][info][gc,phases   ] GC(230) Pause Relocate Start 0.005ms
[45.966s][info][gc,phases   ] GC(230) Concurrent Relocate 2.100ms
[45.966s][info][gc,load     ] GC(230) Load: 0.00/0.00/0.00
[45.966s][info][gc,mmu      ] GC(230) MMU: 2ms/98.9%, 5ms/99.4%, 10ms/99.7%, 20ms/99.7%, 50ms/99.9%, 100ms/99.9%
[45.966s][info][gc,marking  ] GC(230) Mark: 2 stripe(s), 2 proactive flush(es), 1 terminate flush(es), 0 completion(s), 0 continuation(s) 
[45.966s][info][gc,marking  ] GC(230) Mark Stack Usage: 32M
[45.966s][info][gc,nmethod  ] GC(230) NMethods: 1373 registered, 54 unregistered
[45.966s][info][gc,metaspace] GC(230) Metaspace: 8M used, 8M committed, 1088M reserved
[45.966s][info][gc,ref      ] GC(230) Soft: 174 encountered, 0 discovered, 0 enqueued
[45.966s][info][gc,ref      ] GC(230) Weak: 570 encountered, 5 discovered, 0 enqueued
[45.966s][info][gc,ref      ] GC(230) Final: 0 encountered, 0 discovered, 0 enqueued
[45.966s][info][gc,ref      ] GC(230) Phantom: 21 encountered, 17 discovered, 0 enqueued
[45.966s][info][gc,reloc    ] GC(230) Small Pages: 274 / 548M, Empty: 506M, Relocated: 1M, In-Place: 0
[45.966s][info][gc,reloc    ] GC(230) Medium Pages: 1 / 32M, Empty: 0M, Relocated: 0M, In-Place: 0
[45.967s][info][gc,reloc    ] GC(230) Large Pages: 0 / 0M, Empty: 0M, Relocated: 0M, In-Place: 0
[45.967s][info][gc,reloc    ] GC(230) Forwarding Usage: 0M
[45.967s][info][gc,heap     ] GC(230) Min Capacity: 8M(1%)
[45.967s][info][gc,heap     ] GC(230) Max Capacity: 1024M(100%)
[45.967s][info][gc,heap     ] GC(230) Soft Max Capacity: 1024M(100%)
[45.967s][info][gc,heap     ] GC(230)                Mark Start          Mark End        Relocate Start      Relocate End           High               Low         
[45.967s][info][gc,heap     ] GC(230)  Capacity:     1024M (100%)       1024M (100%)       1024M (100%)       1024M (100%)       1024M (100%)       1024M (100%)   
[45.967s][info][gc,heap     ] GC(230)      Free:      444M (43%)         302M (29%)         794M (78%)         806M (79%)         806M (79%)         296M (29%)    
[45.967s][info][gc,heap     ] GC(230)      Used:      580M (57%)         722M (71%)         230M (22%)         218M (21%)         728M (71%)         218M (21%)    
[45.967s][info][gc,heap     ] GC(230)      Live:         -                22M (2%)           22M (2%)           22M (2%)             -                  -          
[45.967s][info][gc,heap     ] GC(230) Allocated:         -               142M (14%)         156M (15%)         157M (15%)            -                  -          
[45.967s][info][gc,heap     ] GC(230)   Garbage:         -               557M (54%)          51M (5%)           37M (4%)             -                  -          
[45.967s][info][gc,heap     ] GC(230) Reclaimed:         -                  -               506M (49%)         519M (51%)            -                  -          
[45.967s][info][gc          ] GC(230) Garbage Collection (Allocation Rate) 580M(57%)->218M(21%)
[46.104s][info][gc,start    ] GC(231) Garbage Collection (Allocation Rate)
[46.104s][info][gc,task     ] GC(231) Using 2 workers
[46.104s][info][gc,phases   ] GC(231) Pause Mark Start 0.012ms
[46.151s][info][gc,phases   ] GC(231) Concurrent Mark 46.496ms
[46.151s][info][gc,phases   ] GC(231) Pause Mark End 0.014ms
[46.151s][info][gc,phases   ] GC(231) Concurrent Mark Free 0.001ms
[46.153s][info][gc,phases   ] GC(231) Concurrent Process Non-Strong References 2.386ms
[46.153s][info][gc,phases   ] GC(231) Concurrent Reset Relocation Set 0.002ms
[46.159s][info][gc,phases   ] GC(231) Concurrent Select Relocation Set 5.595ms
[46.159s][info][gc,phases   ] GC(231) Pause Relocate Start 0.005ms
[46.165s][info][gc,phases   ] GC(231) Concurrent Relocate 6.330ms
[46.165s][info][gc,load     ] GC(231) Load: 0.00/0.00/0.00
[46.165s][info][gc,mmu      ] GC(231) MMU: 2ms/98.9%, 5ms/99.4%, 10ms/99.7%, 20ms/99.7%, 50ms/99.9%, 100ms/99.9%
[46.165s][info][gc,marking  ] GC(231) Mark: 2 stripe(s), 2 proactive flush(es), 1 terminate flush(es), 0 completion(s), 0 continuation(s) 
[46.166s][info][gc,marking  ] GC(231) Mark Stack Usage: 32M
[46.166s][info][gc,nmethod  ] GC(231) NMethods: 1373 registered, 54 unregistered
[46.166s][info][gc,metaspace] GC(231) Metaspace: 8M used, 8M committed, 1088M reserved
[46.166s][info][gc,ref      ] GC(231) Soft: 174 encountered, 0 discovered, 0 enqueued
[46.166s][info][gc,ref      ] GC(231) Weak: 570 encountered, 5 discovered, 0 enqueued
[46.166s][info][gc,ref      ] GC(231) Final: 0 encountered, 0 discovered, 0 enqueued
[46.166s][info][gc,ref      ] GC(231) Phantom: 21 encountered, 10 discovered, 0 enqueued
[46.166s][info][gc,reloc    ] GC(231) Small Pages: 246 / 492M, Empty: 448M, Relocated: 5M, In-Place: 0
[46.166s][info][gc,reloc    ] GC(231) Medium Pages: 2 / 64M, Empty: 0M, Relocated: 2M, In-Place: 0
[46.166s][info][gc,reloc    ] GC(231) Large Pages: 0 / 0M, Empty: 0M, Relocated: 0M, In-Place: 0
[46.166s][info][gc,reloc    ] GC(231) Forwarding Usage: 2M
[46.166s][info][gc,heap     ] GC(231) Min Capacity: 8M(1%)
[46.166s][info][gc,heap     ] GC(231) Max Capacity: 1024M(100%)
[46.166s][info][gc,heap     ] GC(231) Soft Max Capacity: 1024M(100%)
[46.166s][info][gc,heap     ] GC(231)                Mark Start          Mark End        Relocate Start      Relocate End           High               Low         
[46.166s][info][gc,heap     ] GC(231)  Capacity:     1024M (100%)       1024M (100%)       1024M (100%)       1024M (100%)       1024M (100%)       1024M (100%)   
[46.166s][info][gc,heap     ] GC(231)      Free:      468M (46%)         342M (33%)         768M (75%)         798M (78%)         808M (79%)         336M (33%)    
[46.166s][info][gc,heap     ] GC(231)      Used:      556M (54%)         682M (67%)         256M (25%)         226M (22%)         688M (67%)         216M (21%)    
[46.166s][info][gc,heap     ] GC(231)      Live:         -                24M (2%)           24M (2%)           24M (2%)             -                  -          
[46.166s][info][gc,heap     ] GC(231) Allocated:         -               126M (12%)         148M (14%)         163M (16%)            -                  -          
[46.166s][info][gc,heap     ] GC(231)   Garbage:         -               531M (52%)          83M (8%)           37M (4%)             -                  -          
[46.166s][info][gc,heap     ] GC(231) Reclaimed:         -                  -               448M (44%)         493M (48%)            -                  -          
[46.166s][info][gc          ] GC(231) Garbage Collection (Allocation Rate) 556M(54%)->226M(22%)
[46.291s][info][gc,start    ] GC(232) Garbage Collection (Allocation Rate)
[46.291s][info][gc,task     ] GC(232) Using 2 workers
[46.291s][info][gc,phases   ] GC(232) Pause Mark Start 0.015ms
[46.341s][info][gc,phases   ] GC(232) Concurrent Mark 49.754ms
[46.341s][info][gc,phases   ] GC(232) Pause Mark End 0.016ms
[46.342s][info][gc,phases   ] GC(232) Concurrent Mark Free 0.001ms
[46.344s][info][gc,phases   ] GC(232) Concurrent Process Non-Strong References 2.501ms
[46.344s][info][gc,phases   ] GC(232) Concurrent Reset Relocation Set 0.003ms
[46.348s][info][gc,phases   ] GC(232) Concurrent Select Relocation Set 4.034ms
[46.348s][info][gc,phases   ] GC(232) Pause Relocate Start 0.010ms
[46.350s][info][gc,phases   ] GC(232) Concurrent Relocate 1.998ms
[46.350s][info][gc,load     ] GC(232) Load: 0.00/0.00/0.00
[46.350s][info][gc,mmu      ] GC(232) MMU: 2ms/98.9%, 5ms/99.4%, 10ms/99.7%, 20ms/99.7%, 50ms/99.9%, 100ms/99.9%
[46.351s][info][gc,marking  ] GC(232) Mark: 2 stripe(s), 2 proactive flush(es), 1 terminate flush(es), 0 completion(s), 0 continuation(s) 
[46.351s][info][gc,marking  ] GC(232) Mark Stack Usage: 32M
[46.351s][info][gc,nmethod  ] GC(232) NMethods: 1373 registered, 54 unregistered
[46.351s][info][gc,metaspace] GC(232) Metaspace: 8M used, 8M committed, 1088M reserved
[46.351s][info][gc,ref      ] GC(232) Soft: 174 encountered, 0 discovered, 0 enqueued
[46.351s][info][gc,ref      ] GC(232) Weak: 570 encountered, 7 discovered, 0 enqueued
[46.351s][info][gc,ref      ] GC(232) Final: 0 encountered, 0 discovered, 0 enqueued
[46.351s][info][gc,ref      ] GC(232) Phantom: 21 encountered, 17 discovered, 0 enqueued
[46.351s][info][gc,reloc    ] GC(232) Small Pages: 263 / 526M, Empty: 468M, Relocated: 2M, In-Place: 0
[46.351s][info][gc,reloc    ] GC(232) Medium Pages: 1 / 32M, Empty: 0M, Relocated: 0M, In-Place: 0
[46.351s][info][gc,reloc    ] GC(232) Large Pages: 0 / 0M, Empty: 0M, Relocated: 0M, In-Place: 0
[46.351s][info][gc,reloc    ] GC(232) Forwarding Usage: 1M
[46.351s][info][gc,heap     ] GC(232) Min Capacity: 8M(1%)
[46.351s][info][gc,heap     ] GC(232) Max Capacity: 1024M(100%)
[46.351s][info][gc,heap     ] GC(232) Soft Max Capacity: 1024M(100%)
[46.351s][info][gc,heap     ] GC(232)                Mark Start          Mark End        Relocate Start      Relocate End           High               Low         
[46.351s][info][gc,heap     ] GC(232)  Capacity:     1024M (100%)       1024M (100%)       1024M (100%)       1024M (100%)       1024M (100%)       1024M (100%)   
[46.351s][info][gc,heap     ] GC(232)      Free:      466M (46%)         324M (32%)         774M (76%)         796M (78%)         796M (78%)         316M (31%)    
[46.351s][info][gc,heap     ] GC(232)      Used:      558M (54%)         700M (68%)         250M (24%)         228M (22%)         708M (69%)         228M (22%)    
[46.351s][info][gc,heap     ] GC(232)      Live:         -                25M (3%)           25M (3%)           25M (3%)             -                  -          
[46.351s][info][gc,heap     ] GC(232) Allocated:         -               142M (14%)         160M (16%)         165M (16%)            -                  -          
[46.351s][info][gc,heap     ] GC(232)   Garbage:         -               532M (52%)          64M (6%)           36M (4%)             -                  -          
[46.351s][info][gc,heap     ] GC(232) Reclaimed:         -                  -               468M (46%)         495M (48%)            -                  -          
[46.351s][info][gc          ] GC(232) Garbage Collection (Allocation Rate) 558M(54%)->228M(22%)
[46.499s][info][gc,start    ] GC(233) Garbage Collection (Allocation Rate)
[46.499s][info][gc,task     ] GC(233) Using 2 workers
[46.499s][info][gc,phases   ] GC(233) Pause Mark Start 0.015ms
[46.561s][info][gc,phases   ] GC(233) Concurrent Mark 62.147ms
[46.561s][info][gc,phases   ] GC(233) Pause Mark End 0.017ms
[46.561s][info][gc,phases   ] GC(233) Concurrent Mark Free 0.001ms
[46.564s][info][gc,phases   ] GC(233) Concurrent Process Non-Strong References 2.468ms
[46.564s][info][gc,phases   ] GC(233) Concurrent Reset Relocation Set 0.003ms
[46.570s][info][gc,phases   ] GC(233) Concurrent Select Relocation Set 6.552ms
[46.571s][info][gc,phases   ] GC(233) Pause Relocate Start 0.005ms
[46.579s][info][gc,phases   ] GC(233) Concurrent Relocate 7.861ms
[46.579s][info][gc,load     ] GC(233) Load: 0.00/0.00/0.00
[46.579s][info][gc,mmu      ] GC(233) MMU: 2ms/98.9%, 5ms/99.4%, 10ms/99.7%, 20ms/99.7%, 50ms/99.9%, 100ms/99.9%
[46.579s][info][gc,marking  ] GC(233) Mark: 2 stripe(s), 2 proactive flush(es), 1 terminate flush(es), 0 completion(s), 0 continuation(s) 
[46.579s][info][gc,marking  ] GC(233) Mark Stack Usage: 32M
[46.579s][info][gc,nmethod  ] GC(233) NMethods: 1373 registered, 54 unregistered
[46.579s][info][gc,metaspace] GC(233) Metaspace: 8M used, 8M committed, 1088M reserved
[46.579s][info][gc,ref      ] GC(233) Soft: 174 encountered, 0 discovered, 0 enqueued
[46.579s][info][gc,ref      ] GC(233) Weak: 570 encountered, 5 discovered, 0 enqueued
[46.579s][info][gc,ref      ] GC(233) Final: 0 encountered, 0 discovered, 0 enqueued
[46.579s][info][gc,ref      ] GC(233) Phantom: 21 encountered, 17 discovered, 0 enqueued
[46.579s][info][gc,reloc    ] GC(233) Small Pages: 280 / 560M, Empty: 508M, Relocated: 6M, In-Place: 0
[46.579s][info][gc,reloc    ] GC(233) Medium Pages: 2 / 64M, Empty: 0M, Relocated: 2M, In-Place: 0
[46.579s][info][gc,reloc    ] GC(233) Large Pages: 0 / 0M, Empty: 0M, Relocated: 0M, In-Place: 0
[46.579s][info][gc,reloc    ] GC(233) Forwarding Usage: 2M
[46.579s][info][gc,heap     ] GC(233) Min Capacity: 8M(1%)
[46.579s][info][gc,heap     ] GC(233) Max Capacity: 1024M(100%)
[46.579s][info][gc,heap     ] GC(233) Soft Max Capacity: 1024M(100%)
[46.579s][info][gc,heap     ] GC(233)                Mark Start          Mark End        Relocate Start      Relocate End           High               Low         
[46.579s][info][gc,heap     ] GC(233)  Capacity:     1024M (100%)       1024M (100%)       1024M (100%)       1024M (100%)       1024M (100%)       1024M (100%)   
[46.579s][info][gc,heap     ] GC(233)      Free:      400M (39%)         254M (25%)         738M (72%)         772M (75%)         782M (76%)         246M (24%)    
[46.579s][info][gc,heap     ] GC(233)      Used:      624M (61%)         770M (75%)         286M (28%)         252M (25%)         778M (76%)         242M (24%)    
[46.579s][info][gc,heap     ] GC(233)      Live:         -                27M (3%)           27M (3%)           27M (3%)             -                  -          
[46.579s][info][gc,heap     ] GC(233) Allocated:         -               146M (14%)         170M (17%)         189M (19%)            -                  -          
[46.579s][info][gc,heap     ] GC(233)   Garbage:         -               596M (58%)          88M (9%)           34M (3%)             -                  -          
[46.579s][info][gc,heap     ] GC(233) Reclaimed:         -                  -               508M (50%)         561M (55%)            -                  -          
[46.579s][info][gc          ] GC(233) Garbage Collection (Allocation Rate) 624M(61%)->252M(25%)
[46.689s][info][gc,start    ] GC(234) Garbage Collection (Allocation Rate)
[46.689s][info][gc,task     ] GC(234) Using 2 workers
[46.689s][info][gc,phases   ] GC(234) Pause Mark Start 0.012ms
[46.752s][info][gc,phases   ] GC(234) Concurrent Mark 62.149ms
[46.752s][info][gc,phases   ] GC(234) Pause Mark End 0.015ms
[46.752s][info][gc,phases   ] GC(234) Concurrent Mark Free 0.001ms
[46.754s][info][gc,phases   ] GC(234) Concurrent Process Non-Strong References 2.469ms
[46.754s][info][gc,phases   ] GC(234) Concurrent Reset Relocation Set 0.004ms
[46.758s][info][gc,phases   ] GC(234) Concurrent Select Relocation Set 3.991ms
[46.759s][info][gc,phases   ] GC(234) Pause Relocate Start 0.005ms
[46.761s][info][gc,phases   ] GC(234) Concurrent Relocate 2.846ms
[46.762s][info][gc,load     ] GC(234) Load: 0.00/0.00/0.00
[46.762s][info][gc,mmu      ] GC(234) MMU: 2ms/98.9%, 5ms/99.4%, 10ms/99.7%, 20ms/99.7%, 50ms/99.9%, 100ms/99.9%
[46.762s][info][gc,marking  ] GC(234) Mark: 2 stripe(s), 2 proactive flush(es), 1 terminate flush(es), 0 completion(s), 0 continuation(s) 
[46.762s][info][gc,marking  ] GC(234) Mark Stack Usage: 32M
[46.762s][info][gc,nmethod  ] GC(234) NMethods: 1373 registered, 54 unregistered
[46.762s][info][gc,metaspace] GC(234) Metaspace: 8M used, 8M committed, 1088M reserved
[46.762s][info][gc,ref      ] GC(234) Soft: 174 encountered, 0 discovered, 0 enqueued
[46.762s][info][gc,ref      ] GC(234) Weak: 570 encountered, 129 discovered, 0 enqueued
[46.762s][info][gc,ref      ] GC(234) Final: 0 encountered, 0 discovered, 0 enqueued
[46.762s][info][gc,ref      ] GC(234) Phantom: 21 encountered, 19 discovered, 0 enqueued
[46.762s][info][gc,reloc    ] GC(234) Small Pages: 258 / 516M, Empty: 464M, Relocated: 3M, In-Place: 0
[46.762s][info][gc,reloc    ] GC(234) Medium Pages: 1 / 32M, Empty: 0M, Relocated: 0M, In-Place: 0
[46.762s][info][gc,reloc    ] GC(234) Large Pages: 0 / 0M, Empty: 0M, Relocated: 0M, In-Place: 0
[46.762s][info][gc,reloc    ] GC(234) Forwarding Usage: 1M
[46.762s][info][gc,heap     ] GC(234) Min Capacity: 8M(1%)
[46.762s][info][gc,heap     ] GC(234) Max Capacity: 1024M(100%)
[46.762s][info][gc,heap     ] GC(234) Soft Max Capacity: 1024M(100%)
[46.762s][info][gc,heap     ] GC(234)                Mark Start          Mark End        Relocate Start      Relocate End           High               Low         
[46.762s][info][gc,heap     ] GC(234)  Capacity:     1024M (100%)       1024M (100%)       1024M (100%)       1024M (100%)       1024M (100%)       1024M (100%)   
[46.762s][info][gc,heap     ] GC(234)      Free:      476M (46%)         318M (31%)         780M (76%)         796M (78%)         796M (78%)         316M (31%)    
[46.762s][info][gc,heap     ] GC(234)      Used:      548M (54%)         706M (69%)         244M (24%)         228M (22%)         708M (69%)         228M (22%)    
[46.762s][info][gc,heap     ] GC(234)      Live:         -                28M (3%)           28M (3%)           28M (3%)             -                  -          
[46.762s][info][gc,heap     ] GC(234) Allocated:         -               158M (15%)         160M (16%)         161M (16%)            -                  -          
[46.762s][info][gc,heap     ] GC(234)   Garbage:         -               519M (51%)          55M (5%)           37M (4%)             -                  -          
[46.762s][info][gc,heap     ] GC(234) Reclaimed:         -                  -               464M (45%)         481M (47%)            -                  -          
[46.762s][info][gc          ] GC(234) Garbage Collection (Allocation Rate) 548M(54%)->228M(22%)
[47.094s][info][gc,start    ] GC(235) Garbage Collection (Allocation Rate)
[47.094s][info][gc,task     ] GC(235) Using 1 workers
[47.094s][info][gc,phases   ] GC(235) Pause Mark Start 0.014ms
[47.173s][info][gc,phases   ] GC(235) Concurrent Mark 78.255ms
[47.173s][info][gc,phases   ] GC(235) Pause Mark End 0.019ms
[47.173s][info][gc,phases   ] GC(235) Concurrent Mark Free 0.001ms
[47.178s][info][gc,phases   ] GC(235) Concurrent Process Non-Strong References 4.715ms
[47.178s][info][gc,phases   ] GC(235) Concurrent Reset Relocation Set 0.002ms
[47.182s][info][gc,phases   ] GC(235) Concurrent Select Relocation Set 3.752ms
[47.182s][info][gc,phases   ] GC(235) Pause Relocate Start 0.005ms
[47.189s][info][gc,phases   ] GC(235) Concurrent Relocate 7.286ms
[47.189s][info][gc,load     ] GC(235) Load: 0.00/0.00/0.00
[47.189s][info][gc,mmu      ] GC(235) MMU: 2ms/98.9%, 5ms/99.4%, 10ms/99.7%, 20ms/99.7%, 50ms/99.9%, 100ms/99.9%
[47.189s][info][gc,marking  ] GC(235) Mark: 1 stripe(s), 2 proactive flush(es), 1 terminate flush(es), 0 completion(s), 0 continuation(s) 
[47.189s][info][gc,marking  ] GC(235) Mark Stack Usage: 32M
[47.189s][info][gc,nmethod  ] GC(235) NMethods: 1373 registered, 54 unregistered
[47.189s][info][gc,metaspace] GC(235) Metaspace: 8M used, 8M committed, 1088M reserved
[47.189s][info][gc,ref      ] GC(235) Soft: 174 encountered, 0 discovered, 0 enqueued
[47.189s][info][gc,ref      ] GC(235) Weak: 570 encountered, 424 discovered, 0 enqueued
[47.189s][info][gc,ref      ] GC(235) Final: 0 encountered, 0 discovered, 0 enqueued
[47.189s][info][gc,ref      ] GC(235) Phantom: 21 encountered, 17 discovered, 0 enqueued
[47.189s][info][gc,reloc    ] GC(235) Small Pages: 111 / 222M, Empty: 176M, Relocated: 3M, In-Place: 0
[47.189s][info][gc,reloc    ] GC(235) Medium Pages: 2 / 64M, Empty: 32M, Relocated: 0M, In-Place: 0
[47.189s][info][gc,reloc    ] GC(235) Large Pages: 0 / 0M, Empty: 0M, Relocated: 0M, In-Place: 0
[47.189s][info][gc,reloc    ] GC(235) Forwarding Usage: 1M
[47.189s][info][gc,heap     ] GC(235) Min Capacity: 8M(1%)
[47.189s][info][gc,heap     ] GC(235) Max Capacity: 1024M(100%)
[47.189s][info][gc,heap     ] GC(235) Soft Max Capacity: 1024M(100%)
[47.190s][info][gc,heap     ] GC(235)                Mark Start          Mark End        Relocate Start      Relocate End           High               Low         
[47.190s][info][gc,heap     ] GC(235)  Capacity:     1024M (100%)       1024M (100%)       1024M (100%)       1024M (100%)       1024M (100%)       1024M (100%)   
[47.190s][info][gc,heap     ] GC(235)      Free:      738M (72%)         696M (68%)         898M (88%)         906M (88%)         906M (88%)         692M (68%)    
[47.190s][info][gc,heap     ] GC(235)      Used:      286M (28%)         328M (32%)         126M (12%)         118M (12%)         332M (32%)         118M (12%)    
[47.190s][info][gc,heap     ] GC(235)      Live:         -                30M (3%)           30M (3%)           30M (3%)             -                  -          
[47.190s][info][gc,heap     ] GC(235) Allocated:         -                42M (4%)           48M (5%)           51M (5%)             -                  -          
[47.190s][info][gc,heap     ] GC(235)   Garbage:         -               255M (25%)          47M (5%)           35M (3%)             -                  -          
[47.190s][info][gc,heap     ] GC(235) Reclaimed:         -                  -               208M (20%)         219M (21%)            -                  -          
[47.190s][info][gc          ] GC(235) Garbage Collection (Allocation Rate) 286M(28%)->118M(12%)
[47.202s][info][gc,start    ] GC(236) Garbage Collection (Allocation Rate)
[47.202s][info][gc,task     ] GC(236) Using 1 workers
[47.202s][info][gc,phases   ] GC(236) Pause Mark Start 0.014ms
[47.292s][info][gc,phases   ] GC(236) Concurrent Mark 89.502ms
[47.292s][info][gc,phases   ] GC(236) Pause Mark End 0.015ms
[47.292s][info][gc,phases   ] GC(236) Concurrent Mark Free 0.001ms
[47.297s][info][gc,phases   ] GC(236) Concurrent Process Non-Strong References 4.836ms
[47.297s][info][gc,phases   ] GC(236) Concurrent Reset Relocation Set 0.002ms
[47.301s][info][gc,phases   ] GC(236) Concurrent Select Relocation Set 3.641ms
[47.301s][info][gc,phases   ] GC(236) Pause Relocate Start 0.009ms
[47.305s][info][gc,phases   ] GC(236) Concurrent Relocate 3.621ms
[47.305s][info][gc,load     ] GC(236) Load: 0.00/0.00/0.00
[47.305s][info][gc,mmu      ] GC(236) MMU: 2ms/98.9%, 5ms/99.4%, 10ms/99.7%, 20ms/99.7%, 50ms/99.9%, 100ms/99.9%
[47.305s][info][gc,marking  ] GC(236) Mark: 1 stripe(s), 2 proactive flush(es), 1 terminate flush(es), 0 completion(s), 0 continuation(s) 
[47.305s][info][gc,marking  ] GC(236) Mark Stack Usage: 32M
[47.305s][info][gc,nmethod  ] GC(236) NMethods: 1377 registered, 54 unregistered
[47.305s][info][gc,metaspace] GC(236) Metaspace: 8M used, 8M committed, 1088M reserved
[47.305s][info][gc,ref      ] GC(236) Soft: 174 encountered, 0 discovered, 0 enqueued
[47.305s][info][gc,ref      ] GC(236) Weak: 570 encountered, 424 discovered, 0 enqueued
[47.305s][info][gc,ref      ] GC(236) Final: 0 encountered, 0 discovered, 0 enqueued
[47.305s][info][gc,ref      ] GC(236) Phantom: 21 encountered, 17 discovered, 0 enqueued
[47.305s][info][gc,reloc    ] GC(236) Small Pages: 31 / 62M, Empty: 18M, Relocated: 1M, In-Place: 0
[47.305s][info][gc,reloc    ] GC(236) Medium Pages: 2 / 64M, Empty: 0M, Relocated: 3M, In-Place: 0
[47.305s][info][gc,reloc    ] GC(236) Large Pages: 0 / 0M, Empty: 0M, Relocated: 0M, In-Place: 0
[47.305s][info][gc,reloc    ] GC(236) Forwarding Usage: 0M
[47.305s][info][gc,heap     ] GC(236) Min Capacity: 8M(1%)
[47.305s][info][gc,heap     ] GC(236) Max Capacity: 1024M(100%)
[47.305s][info][gc,heap     ] GC(236) Soft Max Capacity: 1024M(100%)
[47.305s][info][gc,heap     ] GC(236)                Mark Start          Mark End        Relocate Start      Relocate End           High               Low         
[47.305s][info][gc,heap     ] GC(236)  Capacity:     1024M (100%)       1024M (100%)       1024M (100%)       1024M (100%)       1024M (100%)       1024M (100%)   
[47.305s][info][gc,heap     ] GC(236)      Free:      898M (88%)         874M (85%)         892M (87%)         934M (91%)         934M (91%)         860M (84%)    
[47.305s][info][gc,heap     ] GC(236)      Used:      126M (12%)         150M (15%)         132M (13%)          90M (9%)          164M (16%)          90M (9%)     
[47.305s][info][gc,heap     ] GC(236)      Live:         -                30M (3%)           30M (3%)           30M (3%)             -                  -          
[47.305s][info][gc,heap     ] GC(236) Allocated:         -                24M (2%)           24M (2%)           24M (2%)             -                  -          
[47.305s][info][gc,heap     ] GC(236)   Garbage:         -                95M (9%)           77M (8%)           35M (3%)             -                  -          
[47.305s][info][gc,heap     ] GC(236) Reclaimed:         -                  -                18M (2%)           60M (6%)             -                  -          
[47.305s][info][gc          ] GC(236) Garbage Collection (Allocation Rate) 126M(12%)->90M(9%)
[47.305s][info][gc,start    ] GC(237) Garbage Collection (System.gc())
[47.305s][info][gc,task     ] GC(237) Using 10 workers
[47.306s][info][gc,phases   ] GC(237) Pause Mark Start 0.009ms
[47.322s][info][gc,phases   ] GC(237) Concurrent Mark 16.058ms
[47.322s][info][gc,phases   ] GC(237) Pause Mark End 0.015ms
[47.322s][info][gc,phases   ] GC(237) Concurrent Mark Free 0.001ms
[47.323s][info][gc,phases   ] GC(237) Concurrent Process Non-Strong References 0.668ms
[47.323s][info][gc,phases   ] GC(237) Concurrent Reset Relocation Set 0.002ms
[47.326s][info][gc,phases   ] GC(237) Concurrent Select Relocation Set 3.479ms
[47.326s][info][gc,phases   ] GC(237) Pause Relocate Start 0.007ms
[47.328s][info][gc,phases   ] GC(237) Concurrent Relocate 1.230ms
[47.328s][info][gc,load     ] GC(237) Load: 0.00/0.00/0.00
[47.328s][info][gc,mmu      ] GC(237) MMU: 2ms/98.9%, 5ms/99.4%, 10ms/99.7%, 20ms/99.7%, 50ms/99.9%, 100ms/99.9%
[47.328s][info][gc,marking  ] GC(237) Mark: 8 stripe(s), 1 proactive flush(es), 1 terminate flush(es), 0 completion(s), 0 continuation(s) 
[47.328s][info][gc,marking  ] GC(237) Mark Stack Usage: 32M
[47.328s][info][gc,nmethod  ] GC(237) NMethods: 1376 registered, 55 unregistered
[47.328s][info][gc,metaspace] GC(237) Metaspace: 8M used, 8M committed, 1088M reserved
[47.328s][info][gc,ref      ] GC(237) Soft: 174 encountered, 0 discovered, 0 enqueued
[47.328s][info][gc,ref      ] GC(237) Weak: 570 encountered, 52 discovered, 0 enqueued
[47.328s][info][gc,ref      ] GC(237) Final: 0 encountered, 0 discovered, 0 enqueued
[47.328s][info][gc,ref      ] GC(237) Phantom: 21 encountered, 16 discovered, 0 enqueued
[47.328s][info][gc,reloc    ] GC(237) Small Pages: 29 / 58M, Empty: 46M, Relocated: 1M, In-Place: 0
[47.328s][info][gc,reloc    ] GC(237) Medium Pages: 1 / 32M, Empty: 32M, Relocated: 0M, In-Place: 0
[47.328s][info][gc,reloc    ] GC(237) Large Pages: 0 / 0M, Empty: 0M, Relocated: 0M, In-Place: 0
[47.328s][info][gc,reloc    ] GC(237) Forwarding Usage: 0M
[47.328s][info][gc,heap     ] GC(237) Min Capacity: 8M(1%)
[47.328s][info][gc,heap     ] GC(237) Max Capacity: 1024M(100%)
[47.328s][info][gc,heap     ] GC(237) Soft Max Capacity: 1024M(100%)
[47.328s][info][gc,heap     ] GC(237)                Mark Start          Mark End        Relocate Start      Relocate End           High               Low         
[47.328s][info][gc,heap     ] GC(237)  Capacity:     1024M (100%)       1024M (100%)       1024M (100%)       1024M (100%)       1024M (100%)       1024M (100%)   
[47.328s][info][gc,heap     ] GC(237)      Free:      934M (91%)         934M (91%)        1012M (99%)        1012M (99%)        1012M (99%)         934M (91%)    
[47.328s][info][gc,heap     ] GC(237)      Used:       90M (9%)           90M (9%)           12M (1%)           12M (1%)           90M (9%)           12M (1%)     
[47.328s][info][gc,heap     ] GC(237)      Live:         -                 4M (0%)            4M (0%)            4M (0%)             -                  -          
[47.328s][info][gc,heap     ] GC(237) Allocated:         -                 0M (0%)            0M (0%)            0M (0%)             -                  -          
[47.328s][info][gc,heap     ] GC(237)   Garbage:         -                85M (8%)            7M (1%)            7M (1%)             -                  -          
[47.328s][info][gc,heap     ] GC(237) Reclaimed:         -                  -                78M (8%)           78M (8%)             -                  -          
[47.328s][info][gc          ] GC(237) Garbage Collection (System.gc()) 90M(9%)->12M(1%)
[47.496s][info][gc,start    ] GC(238) Garbage Collection (Allocation Rate)
[47.496s][info][gc,task     ] GC(238) Using 10 workers
[47.497s][info][gc,phases   ] GC(238) Pause Mark Start 0.016ms
[47.512s][info][gc,phases   ] GC(238) Concurrent Mark 15.309ms
[47.512s][info][gc,phases   ] GC(238) Pause Mark End 0.014ms
[47.512s][info][gc,phases   ] GC(238) Concurrent Mark Free 0.001ms
[47.513s][info][gc,phases   ] GC(238) Concurrent Process Non-Strong References 0.702ms
[47.513s][info][gc,phases   ] GC(238) Concurrent Reset Relocation Set 0.001ms
[47.517s][info][gc,phases   ] GC(238) Concurrent Select Relocation Set 4.351ms
[47.517s][info][gc,phases   ] GC(238) Pause Relocate Start 0.006ms
[47.519s][info][gc,phases   ] GC(238) Concurrent Relocate 1.500ms
[47.519s][info][gc,load     ] GC(238) Load: 0.00/0.00/0.00
[47.519s][info][gc,mmu      ] GC(238) MMU: 2ms/98.9%, 5ms/99.4%, 10ms/99.7%, 20ms/99.7%, 50ms/99.9%, 100ms/99.9%
[47.519s][info][gc,marking  ] GC(238) Mark: 8 stripe(s), 2 proactive flush(es), 1 terminate flush(es), 0 completion(s), 0 continuation(s) 
[47.519s][info][gc,marking  ] GC(238) Mark Stack Usage: 32M
[47.519s][info][gc,nmethod  ] GC(238) NMethods: 1376 registered, 55 unregistered
[47.519s][info][gc,metaspace] GC(238) Metaspace: 8M used, 8M committed, 1088M reserved
[47.519s][info][gc,ref      ] GC(238) Soft: 174 encountered, 0 discovered, 0 enqueued
[47.519s][info][gc,ref      ] GC(238) Weak: 570 encountered, 51 discovered, 0 enqueued
[47.519s][info][gc,ref      ] GC(238) Final: 0 encountered, 0 discovered, 0 enqueued
[47.519s][info][gc,ref      ] GC(238) Phantom: 21 encountered, 14 discovered, 0 enqueued
[47.519s][info][gc,reloc    ] GC(238) Small Pages: 213 / 426M, Empty: 398M, Relocated: 1M, In-Place: 0
[47.519s][info][gc,reloc    ] GC(238) Medium Pages: 0 / 0M, Empty: 0M, Relocated: 0M, In-Place: 0
[47.519s][info][gc,reloc    ] GC(238) Large Pages: 0 / 0M, Empty: 0M, Relocated: 0M, In-Place: 0
[47.519s][info][gc,reloc    ] GC(238) Forwarding Usage: 0M
[47.519s][info][gc,heap     ] GC(238) Min Capacity: 8M(1%)
[47.519s][info][gc,heap     ] GC(238) Max Capacity: 1024M(100%)
[47.519s][info][gc,heap     ] GC(238) Soft Max Capacity: 1024M(100%)
[47.519s][info][gc,heap     ] GC(238)                Mark Start          Mark End        Relocate Start      Relocate End           High               Low         
[47.520s][info][gc,heap     ] GC(238)  Capacity:     1024M (100%)       1024M (100%)       1024M (100%)       1024M (100%)       1024M (100%)       1024M (100%)   
[47.520s][info][gc,heap     ] GC(238)      Free:      598M (58%)         558M (54%)         942M (92%)         940M (92%)         944M (92%)         556M (54%)    
[47.520s][info][gc,heap     ] GC(238)      Used:      426M (42%)         466M (46%)          82M (8%)           84M (8%)          468M (46%)          80M (8%)     
[47.520s][info][gc,heap     ] GC(238)      Live:         -                 5M (1%)            5M (1%)            5M (1%)             -                  -          
[47.520s][info][gc,heap     ] GC(238) Allocated:         -                40M (4%)           54M (5%)           57M (6%)             -                  -          
[47.520s][info][gc,heap     ] GC(238)   Garbage:         -               420M (41%)          22M (2%)           20M (2%)             -                  -          
[47.520s][info][gc,heap     ] GC(238) Reclaimed:         -                  -               398M (39%)         399M (39%)            -                  -          
[47.520s][info][gc          ] GC(238) Garbage Collection (Allocation Rate) 426M(42%)->84M(8%)
[47.693s][info][gc,start    ] GC(239) Garbage Collection (Allocation Rate)
[47.693s][info][gc,task     ] GC(239) Using 10 workers
[47.693s][info][gc,phases   ] GC(239) Pause Mark Start 0.012ms
[47.708s][info][gc,phases   ] GC(239) Concurrent Mark 15.246ms
[47.709s][info][gc,phases   ] GC(239) Pause Mark End 0.018ms
[47.709s][info][gc,phases   ] GC(239) Concurrent Mark Free 0.001ms
[47.709s][info][gc,phases   ] GC(239) Concurrent Process Non-Strong References 0.685ms
[47.709s][info][gc,phases   ] GC(239) Concurrent Reset Relocation Set 0.002ms
[47.714s][info][gc,phases   ] GC(239) Concurrent Select Relocation Set 4.791ms
[47.714s][info][gc,phases   ] GC(239) Pause Relocate Start 0.008ms
[47.717s][info][gc,phases   ] GC(239) Concurrent Relocate 2.315ms
[47.717s][info][gc,load     ] GC(239) Load: 0.00/0.00/0.00
[47.717s][info][gc,mmu      ] GC(239) MMU: 2ms/98.9%, 5ms/99.4%, 10ms/99.7%, 20ms/99.7%, 50ms/99.9%, 100ms/99.9%
[47.717s][info][gc,marking  ] GC(239) Mark: 8 stripe(s), 3 proactive flush(es), 1 terminate flush(es), 0 completion(s), 0 continuation(s) 
[47.717s][info][gc,marking  ] GC(239) Mark Stack Usage: 32M
[47.717s][info][gc,nmethod  ] GC(239) NMethods: 1376 registered, 55 unregistered
[47.717s][info][gc,metaspace] GC(239) Metaspace: 8M used, 8M committed, 1088M reserved
[47.717s][info][gc,ref      ] GC(239) Soft: 174 encountered, 0 discovered, 0 enqueued
[47.717s][info][gc,ref      ] GC(239) Weak: 570 encountered, 0 discovered, 0 enqueued
[47.717s][info][gc,ref      ] GC(239) Final: 0 encountered, 0 discovered, 0 enqueued
[47.717s][info][gc,ref      ] GC(239) Phantom: 21 encountered, 19 discovered, 0 enqueued
[47.717s][info][gc,reloc    ] GC(239) Small Pages: 265 / 530M, Empty: 494M, Relocated: 3M, In-Place: 0
[47.717s][info][gc,reloc    ] GC(239) Medium Pages: 1 / 32M, Empty: 0M, Relocated: 0M, In-Place: 0
[47.717s][info][gc,reloc    ] GC(239) Large Pages: 0 / 0M, Empty: 0M, Relocated: 0M, In-Place: 0
[47.717s][info][gc,reloc    ] GC(239) Forwarding Usage: 1M
[47.717s][info][gc,heap     ] GC(239) Min Capacity: 8M(1%)
[47.717s][info][gc,heap     ] GC(239) Max Capacity: 1024M(100%)
[47.717s][info][gc,heap     ] GC(239) Soft Max Capacity: 1024M(100%)
[47.717s][info][gc,heap     ] GC(239)                Mark Start          Mark End        Relocate Start      Relocate End           High               Low         
[47.717s][info][gc,heap     ] GC(239)  Capacity:     1024M (100%)       1024M (100%)       1024M (100%)       1024M (100%)       1024M (100%)       1024M (100%)   
[47.717s][info][gc,heap     ] GC(239)      Free:      462M (45%)         424M (41%)         902M (88%)         908M (89%)         908M (89%)         422M (41%)    
[47.717s][info][gc,heap     ] GC(239)      Used:      562M (55%)         600M (59%)         122M (12%)         116M (11%)         602M (59%)         116M (11%)    
[47.717s][info][gc,heap     ] GC(239)      Live:         -                 7M (1%)            7M (1%)            7M (1%)             -                  -          
[47.718s][info][gc,heap     ] GC(239) Allocated:         -                38M (4%)           54M (5%)           59M (6%)             -                  -          
[47.718s][info][gc,heap     ] GC(239)   Garbage:         -               554M (54%)          60M (6%)           48M (5%)             -                  -          
[47.718s][info][gc,heap     ] GC(239) Reclaimed:         -                  -               494M (48%)         505M (49%)            -                  -          
[47.718s][info][gc          ] GC(239) Garbage Collection (Allocation Rate) 562M(55%)->116M(11%)
[47.989s][info][gc,start    ] GC(240) Garbage Collection (Allocation Rate)
[47.989s][info][gc,task     ] GC(240) Using 4 workers
[47.989s][info][gc,phases   ] GC(240) Pause Mark Start 0.017ms
[48.003s][info][gc,phases   ] GC(240) Concurrent Mark 14.601ms
[48.004s][info][gc,phases   ] GC(240) Pause Mark End 0.014ms
[48.004s][info][gc,phases   ] GC(240) Concurrent Mark Free 0.001ms
[48.005s][info][gc,phases   ] GC(240) Concurrent Process Non-Strong References 1.365ms
[48.005s][info][gc,phases   ] GC(240) Concurrent Reset Relocation Set 0.002ms
[48.010s][info][gc,phases   ] GC(240) Concurrent Select Relocation Set 4.638ms
[48.010s][info][gc,phases   ] GC(240) Pause Relocate Start 0.005ms
[48.014s][info][gc,phases   ] GC(240) Concurrent Relocate 3.836ms
[48.014s][info][gc,load     ] GC(240) Load: 0.00/0.00/0.00
[48.014s][info][gc,mmu      ] GC(240) MMU: 2ms/98.9%, 5ms/99.4%, 10ms/99.7%, 20ms/99.7%, 50ms/99.9%, 100ms/99.9%
[48.014s][info][gc,marking  ] GC(240) Mark: 4 stripe(s), 2 proactive flush(es), 1 terminate flush(es), 0 completion(s), 0 continuation(s) 
[48.014s][info][gc,marking  ] GC(240) Mark Stack Usage: 32M
[48.014s][info][gc,nmethod  ] GC(240) NMethods: 1376 registered, 55 unregistered
[48.014s][info][gc,metaspace] GC(240) Metaspace: 8M used, 8M committed, 1088M reserved
[48.014s][info][gc,ref      ] GC(240) Soft: 174 encountered, 0 discovered, 0 enqueued
[48.014s][info][gc,ref      ] GC(240) Weak: 570 encountered, 68 discovered, 0 enqueued
[48.014s][info][gc,ref      ] GC(240) Final: 0 encountered, 0 discovered, 0 enqueued
[48.014s][info][gc,ref      ] GC(240) Phantom: 21 encountered, 6 discovered, 0 enqueued
[48.014s][info][gc,reloc    ] GC(240) Small Pages: 373 / 746M, Empty: 710M, Relocated: 4M, In-Place: 0
[48.014s][info][gc,reloc    ] GC(240) Medium Pages: 1 / 32M, Empty: 0M, Relocated: 0M, In-Place: 0
[48.014s][info][gc,reloc    ] GC(240) Large Pages: 0 / 0M, Empty: 0M, Relocated: 0M, In-Place: 0
[48.014s][info][gc,reloc    ] GC(240) Forwarding Usage: 1M
[48.014s][info][gc,heap     ] GC(240) Min Capacity: 8M(1%)
[48.014s][info][gc,heap     ] GC(240) Max Capacity: 1024M(100%)
[48.014s][info][gc,heap     ] GC(240) Soft Max Capacity: 1024M(100%)
[48.014s][info][gc,heap     ] GC(240)                Mark Start          Mark End        Relocate Start      Relocate End           High               Low         
[48.014s][info][gc,heap     ] GC(240)  Capacity:     1024M (100%)       1024M (100%)       1024M (100%)       1024M (100%)       1024M (100%)       1024M (100%)   
[48.014s][info][gc,heap     ] GC(240)      Free:      246M (24%)         232M (23%)         932M (91%)         948M (93%)         948M (93%)         230M (22%)    
[48.014s][info][gc,heap     ] GC(240)      Used:      778M (76%)         792M (77%)          92M (9%)           76M (7%)          794M (78%)          76M (7%)     
[48.014s][info][gc,heap     ] GC(240)      Live:         -                 8M (1%)            8M (1%)            8M (1%)             -                  -          
[48.014s][info][gc,heap     ] GC(240) Allocated:         -                14M (1%)           24M (2%)           29M (3%)             -                  -          
[48.014s][info][gc,heap     ] GC(240)   Garbage:         -               769M (75%)          59M (6%)           37M (4%)             -                  -          
[48.014s][info][gc,heap     ] GC(240) Reclaimed:         -                  -               710M (69%)         731M (71%)            -                  -          
[48.014s][info][gc          ] GC(240) Garbage Collection (Allocation Rate) 778M(76%)->76M(7%)
[48.089s][info][gc,start    ] GC(241) Garbage Collection (Allocation Rate)
[48.089s][info][gc,task     ] GC(241) Using 5 workers
[48.089s][info][gc,phases   ] GC(241) Pause Mark Start 0.016ms
[48.104s][info][gc,phases   ] GC(241) Concurrent Mark 15.315ms
[48.104s][info][gc,phases   ] GC(241) Pause Mark End 0.012ms
[48.104s][info][gc,phases   ] GC(241) Concurrent Mark Free 0.001ms
[48.106s][info][gc,phases   ] GC(241) Concurrent Process Non-Strong References 1.134ms
[48.106s][info][gc,phases   ] GC(241) Concurrent Reset Relocation Set 0.003ms
[48.110s][info][gc,phases   ] GC(241) Concurrent Select Relocation Set 3.884ms
[48.110s][info][gc,phases   ] GC(241) Pause Relocate Start 0.009ms
[48.111s][info][gc,phases   ] GC(241) Concurrent Relocate 1.378ms
[48.111s][info][gc,load     ] GC(241) Load: 0.00/0.00/0.00
[48.111s][info][gc,mmu      ] GC(241) MMU: 2ms/98.9%, 5ms/99.4%, 10ms/99.7%, 20ms/99.7%, 50ms/99.9%, 100ms/99.9%
[48.111s][info][gc,marking  ] GC(241) Mark: 4 stripe(s), 2 proactive flush(es), 1 terminate flush(es), 0 completion(s), 0 continuation(s) 
[48.111s][info][gc,marking  ] GC(241) Mark Stack Usage: 32M
[48.111s][info][gc,nmethod  ] GC(241) NMethods: 1376 registered, 55 unregistered
[48.111s][info][gc,metaspace] GC(241) Metaspace: 8M used, 8M committed, 1088M reserved
[48.111s][info][gc,ref      ] GC(241) Soft: 174 encountered, 0 discovered, 0 enqueued
[48.111s][info][gc,ref      ] GC(241) Weak: 570 encountered, 121 discovered, 0 enqueued
[48.111s][info][gc,ref      ] GC(241) Final: 0 encountered, 0 discovered, 0 enqueued
[48.111s][info][gc,ref      ] GC(241) Phantom: 21 encountered, 13 discovered, 0 enqueued
[48.112s][info][gc,reloc    ] GC(241) Small Pages: 88 / 176M, Empty: 150M, Relocated: 1M, In-Place: 0
[48.112s][info][gc,reloc    ] GC(241) Medium Pages: 2 / 64M, Empty: 32M, Relocated: 0M, In-Place: 0
[48.112s][info][gc,reloc    ] GC(241) Large Pages: 0 / 0M, Empty: 0M, Relocated: 0M, In-Place: 0
[48.112s][info][gc,reloc    ] GC(241) Forwarding Usage: 0M
[48.112s][info][gc,heap     ] GC(241) Min Capacity: 8M(1%)
[48.112s][info][gc,heap     ] GC(241) Max Capacity: 1024M(100%)
[48.112s][info][gc,heap     ] GC(241) Soft Max Capacity: 1024M(100%)
[48.112s][info][gc,heap     ] GC(241)                Mark Start          Mark End        Relocate Start      Relocate End           High               Low         
[48.112s][info][gc,heap     ] GC(241)  Capacity:     1024M (100%)       1024M (100%)       1024M (100%)       1024M (100%)       1024M (100%)       1024M (100%)   
[48.112s][info][gc,heap     ] GC(241)      Free:      784M (77%)         742M (72%)         912M (89%)         914M (89%)         914M (89%)         738M (72%)    
[48.112s][info][gc,heap     ] GC(241)      Used:      240M (23%)         282M (28%)         112M (11%)         110M (11%)         286M (28%)         110M (11%)    
[48.112s][info][gc,heap     ] GC(241)      Live:         -                 9M (1%)            9M (1%)            9M (1%)             -                  -          
[48.112s][info][gc,heap     ] GC(241) Allocated:         -                42M (4%)           54M (5%)           57M (6%)             -                  -          
[48.112s][info][gc,heap     ] GC(241)   Garbage:         -               230M (22%)          48M (5%)           42M (4%)             -                  -          
[48.112s][info][gc,heap     ] GC(241) Reclaimed:         -                  -               182M (18%)         187M (18%)            -                  -          
[48.112s][info][gc          ] GC(241) Garbage Collection (Allocation Rate) 240M(23%)->110M(11%)
[48.304s][info][gc,start    ] GC(242) Garbage Collection (Allocation Rate)
[48.304s][info][gc,task     ] GC(242) Using 5 workers
[48.304s][info][gc,phases   ] GC(242) Pause Mark Start 0.016ms
[48.319s][info][gc,phases   ] GC(242) Concurrent Mark 15.269ms
[48.319s][info][gc,phases   ] GC(242) Pause Mark End 0.014ms
[48.319s][info][gc,phases   ] GC(242) Concurrent Mark Free 0.001ms
[48.321s][info][gc,phases   ] GC(242) Concurrent Process Non-Strong References 1.028ms
[48.321s][info][gc,phases   ] GC(242) Concurrent Reset Relocation Set 0.001ms
[48.325s][info][gc,phases   ] GC(242) Concurrent Select Relocation Set 4.734ms
[48.325s][info][gc,phases   ] GC(242) Pause Relocate Start 0.004ms
[48.327s][info][gc,phases   ] GC(242) Concurrent Relocate 1.682ms
[48.327s][info][gc,load     ] GC(242) Load: 0.00/0.00/0.00
[48.327s][info][gc,mmu      ] GC(242) MMU: 2ms/98.9%, 5ms/99.4%, 10ms/99.7%, 20ms/99.7%, 50ms/99.9%, 100ms/99.9%
[48.327s][info][gc,marking  ] GC(242) Mark: 4 stripe(s), 3 proactive flush(es), 1 terminate flush(es), 0 completion(s), 0 continuation(s) 
[48.327s][info][gc,marking  ] GC(242) Mark Stack Usage: 32M
[48.327s][info][gc,nmethod  ] GC(242) NMethods: 1376 registered, 55 unregistered
[48.327s][info][gc,metaspace] GC(242) Metaspace: 8M used, 8M committed, 1088M reserved
[48.327s][info][gc,ref      ] GC(242) Soft: 174 encountered, 0 discovered, 0 enqueued
[48.327s][info][gc,ref      ] GC(242) Weak: 570 encountered, 134 discovered, 0 enqueued
[48.327s][info][gc,ref      ] GC(242) Final: 0 encountered, 0 discovered, 0 enqueued
[48.327s][info][gc,ref      ] GC(242) Phantom: 21 encountered, 17 discovered, 0 enqueued
[48.328s][info][gc,reloc    ] GC(242) Small Pages: 293 / 586M, Empty: 542M, Relocated: 3M, In-Place: 0
[48.328s][info][gc,reloc    ] GC(242) Medium Pages: 1 / 32M, Empty: 0M, Relocated: 0M, In-Place: 0
[48.328s][info][gc,reloc    ] GC(242) Large Pages: 0 / 0M, Empty: 0M, Relocated: 0M, In-Place: 0
[48.328s][info][gc,reloc    ] GC(242) Forwarding Usage: 1M
[48.328s][info][gc,heap     ] GC(242) Min Capacity: 8M(1%)
[48.328s][info][gc,heap     ] GC(242) Max Capacity: 1024M(100%)
[48.328s][info][gc,heap     ] GC(242) Soft Max Capacity: 1024M(100%)
[48.328s][info][gc,heap     ] GC(242)                Mark Start          Mark End        Relocate Start      Relocate End           High               Low         
[48.328s][info][gc,heap     ] GC(242)  Capacity:     1024M (100%)       1024M (100%)       1024M (100%)       1024M (100%)       1024M (100%)       1024M (100%)   
[48.328s][info][gc,heap     ] GC(242)      Free:      406M (40%)         356M (35%)         882M (86%)         902M (88%)         902M (88%)         352M (34%)    
[48.328s][info][gc,heap     ] GC(242)      Used:      618M (60%)         668M (65%)         142M (14%)         122M (12%)         672M (66%)         122M (12%)    
[48.328s][info][gc,heap     ] GC(242)      Live:         -                11M (1%)           11M (1%)           11M (1%)             -                  -          
[48.328s][info][gc,heap     ] GC(242) Allocated:         -                50M (5%)           66M (6%)           69M (7%)             -                  -          
[48.328s][info][gc,heap     ] GC(242)   Garbage:         -               606M (59%)          64M (6%)           40M (4%)             -                  -          
[48.328s][info][gc,heap     ] GC(242) Reclaimed:         -                  -               542M (53%)         565M (55%)            -                  -          
[48.328s][info][gc          ] GC(242) Garbage Collection (Allocation Rate) 618M(60%)->122M(12%)
[48.397s][info][gc,start    ] GC(243) Garbage Collection (Allocation Rate)
[48.397s][info][gc,task     ] GC(243) Using 5 workers
[48.398s][info][gc,phases   ] GC(243) Pause Mark Start 0.015ms
[48.413s][info][gc,phases   ] GC(243) Concurrent Mark 15.348ms
[48.413s][info][gc,phases   ] GC(243) Pause Mark End 0.015ms
[48.413s][info][gc,phases   ] GC(243) Concurrent Mark Free 0.001ms
[48.414s][info][gc,phases   ] GC(243) Concurrent Process Non-Strong References 1.109ms
[48.414s][info][gc,phases   ] GC(243) Concurrent Reset Relocation Set 0.003ms
[48.420s][info][gc,phases   ] GC(243) Concurrent Select Relocation Set 5.915ms
[48.420s][info][gc,phases   ] GC(243) Pause Relocate Start 0.005ms
[48.425s][info][gc,phases   ] GC(243) Concurrent Relocate 4.413ms
[48.425s][info][gc,load     ] GC(243) Load: 0.00/0.00/0.00
[48.425s][info][gc,mmu      ] GC(243) MMU: 2ms/98.9%, 5ms/99.4%, 10ms/99.7%, 20ms/99.7%, 50ms/99.9%, 100ms/99.9%
[48.425s][info][gc,marking  ] GC(243) Mark: 4 stripe(s), 2 proactive flush(es), 1 terminate flush(es), 0 completion(s), 0 continuation(s) 
[48.425s][info][gc,marking  ] GC(243) Mark Stack Usage: 32M
[48.425s][info][gc,nmethod  ] GC(243) NMethods: 1376 registered, 55 unregistered
[48.425s][info][gc,metaspace] GC(243) Metaspace: 8M used, 8M committed, 1088M reserved
[48.425s][info][gc,ref      ] GC(243) Soft: 174 encountered, 0 discovered, 0 enqueued
[48.425s][info][gc,ref      ] GC(243) Weak: 570 encountered, 7 discovered, 0 enqueued
[48.425s][info][gc,ref      ] GC(243) Final: 0 encountered, 0 discovered, 0 enqueued
[48.425s][info][gc,ref      ] GC(243) Phantom: 21 encountered, 16 discovered, 0 enqueued
[48.425s][info][gc,reloc    ] GC(243) Small Pages: 124 / 248M, Empty: 216M, Relocated: 4M, In-Place: 0
[48.425s][info][gc,reloc    ] GC(243) Medium Pages: 2 / 64M, Empty: 0M, Relocated: 0M, In-Place: 0
[48.425s][info][gc,reloc    ] GC(243) Large Pages: 0 / 0M, Empty: 0M, Relocated: 0M, In-Place: 0
[48.425s][info][gc,reloc    ] GC(243) Forwarding Usage: 2M
[48.426s][info][gc,heap     ] GC(243) Min Capacity: 8M(1%)
[48.426s][info][gc,heap     ] GC(243) Max Capacity: 1024M(100%)
[48.426s][info][gc,heap     ] GC(243) Soft Max Capacity: 1024M(100%)
[48.426s][info][gc,heap     ] GC(243)                Mark Start          Mark End        Relocate Start      Relocate End           High               Low         
[48.426s][info][gc,heap     ] GC(243)  Capacity:     1024M (100%)       1024M (100%)       1024M (100%)       1024M (100%)       1024M (100%)       1024M (100%)   
[48.426s][info][gc,heap     ] GC(243)      Free:      712M (70%)         672M (66%)         870M (85%)         904M (88%)         906M (88%)         670M (65%)    
[48.426s][info][gc,heap     ] GC(243)      Used:      312M (30%)         352M (34%)         154M (15%)         120M (12%)         354M (35%)         118M (12%)    
[48.426s][info][gc,heap     ] GC(243)      Live:         -                11M (1%)           11M (1%)           11M (1%)             -                  -          
[48.426s][info][gc,heap     ] GC(243) Allocated:         -                40M (4%)           58M (6%)           69M (7%)             -                  -          
[48.426s][info][gc,heap     ] GC(243)   Garbage:         -               300M (29%)          84M (8%)           38M (4%)             -                  -          
[48.426s][info][gc,heap     ] GC(243) Reclaimed:         -                  -               216M (21%)         261M (26%)            -                  -          
[48.426s][info][gc          ] GC(243) Garbage Collection (Allocation Rate) 312M(30%)->120M(12%)
[48.492s][info][gc,start    ] GC(244) Garbage Collection (Allocation Rate)
[48.492s][info][gc,task     ] GC(244) Using 5 workers
[48.492s][info][gc,phases   ] GC(244) Pause Mark Start 0.013ms
[48.523s][info][gc,phases   ] GC(244) Concurrent Mark 30.954ms
[48.523s][info][gc,phases   ] GC(244) Pause Mark End 0.014ms
[48.523s][info][gc,phases   ] GC(244) Concurrent Mark Free 0.001ms
[48.524s][info][gc,phases   ] GC(244) Concurrent Process Non-Strong References 1.123ms
[48.524s][info][gc,phases   ] GC(244) Concurrent Reset Relocation Set 0.003ms
[48.528s][info][gc,phases   ] GC(244) Concurrent Select Relocation Set 3.868ms
[48.528s][info][gc,phases   ] GC(244) Pause Relocate Start 0.009ms
[48.530s][info][gc,phases   ] GC(244) Concurrent Relocate 1.833ms
[48.530s][info][gc,load     ] GC(244) Load: 0.00/0.00/0.00
[48.530s][info][gc,mmu      ] GC(244) MMU: 2ms/98.9%, 5ms/99.4%, 10ms/99.7%, 20ms/99.7%, 50ms/99.9%, 100ms/99.9%
[48.530s][info][gc,marking  ] GC(244) Mark: 4 stripe(s), 2 proactive flush(es), 1 terminate flush(es), 0 completion(s), 0 continuation(s) 
[48.530s][info][gc,marking  ] GC(244) Mark Stack Usage: 32M
[48.530s][info][gc,nmethod  ] GC(244) NMethods: 1376 registered, 55 unregistered
[48.530s][info][gc,metaspace] GC(244) Metaspace: 8M used, 8M committed, 1088M reserved
[48.530s][info][gc,ref      ] GC(244) Soft: 174 encountered, 0 discovered, 0 enqueued
[48.530s][info][gc,ref      ] GC(244) Weak: 570 encountered, 91 discovered, 0 enqueued
[48.530s][info][gc,ref      ] GC(244) Final: 0 encountered, 0 discovered, 0 enqueued
[48.530s][info][gc,ref      ] GC(244) Phantom: 21 encountered, 19 discovered, 0 enqueued
[48.531s][info][gc,reloc    ] GC(244) Small Pages: 134 / 268M, Empty: 228M, Relocated: 2M, In-Place: 0
[48.531s][info][gc,reloc    ] GC(244) Medium Pages: 1 / 32M, Empty: 0M, Relocated: 0M, In-Place: 0
[48.531s][info][gc,reloc    ] GC(244) Large Pages: 0 / 0M, Empty: 0M, Relocated: 0M, In-Place: 0
[48.531s][info][gc,reloc    ] GC(244) Forwarding Usage: 1M
[48.531s][info][gc,heap     ] GC(244) Min Capacity: 8M(1%)
[48.531s][info][gc,heap     ] GC(244) Max Capacity: 1024M(100%)
[48.531s][info][gc,heap     ] GC(244) Soft Max Capacity: 1024M(100%)
[48.531s][info][gc,heap     ] GC(244)                Mark Start          Mark End        Relocate Start      Relocate End           High               Low         
[48.531s][info][gc,heap     ] GC(244)  Capacity:     1024M (100%)       1024M (100%)       1024M (100%)       1024M (100%)       1024M (100%)       1024M (100%)   
[48.531s][info][gc,heap     ] GC(244)      Free:      724M (71%)         660M (64%)         874M (85%)         886M (87%)         886M (87%)         656M (64%)    
[48.531s][info][gc,heap     ] GC(244)      Used:      300M (29%)         364M (36%)         150M (15%)         138M (13%)         368M (36%)         138M (13%)    
[48.531s][info][gc,heap     ] GC(244)      Live:         -                12M (1%)           12M (1%)           12M (1%)             -                  -          
[48.531s][info][gc,heap     ] GC(244) Allocated:         -                64M (6%)           78M (8%)           83M (8%)             -                  -          
[48.531s][info][gc,heap     ] GC(244)   Garbage:         -               287M (28%)          59M (6%)           41M (4%)             -                  -          
[48.531s][info][gc,heap     ] GC(244) Reclaimed:         -                  -               228M (22%)         245M (24%)            -                  -          
[48.531s][info][gc          ] GC(244) Garbage Collection (Allocation Rate) 300M(29%)->138M(13%)
[48.601s][info][gc,start    ] GC(245) Garbage Collection (Allocation Rate)
[48.602s][info][gc,task     ] GC(245) Using 5 workers
[48.602s][info][gc,phases   ] GC(245) Pause Mark Start 0.012ms
[48.632s][info][gc,phases   ] GC(245) Concurrent Mark 29.877ms
[48.632s][info][gc,phases   ] GC(245) Pause Mark End 0.017ms
[48.632s][info][gc,phases   ] GC(245) Concurrent Mark Free 0.001ms
[48.634s][info][gc,phases   ] GC(245) Concurrent Process Non-Strong References 1.131ms
[48.634s][info][gc,phases   ] GC(245) Concurrent Reset Relocation Set 0.003ms
[48.639s][info][gc,phases   ] GC(245) Concurrent Select Relocation Set 5.683ms
[48.639s][info][gc,phases   ] GC(245) Pause Relocate Start 0.009ms
[48.644s][info][gc,phases   ] GC(245) Concurrent Relocate 4.039ms
[48.644s][info][gc,load     ] GC(245) Load: 0.00/0.00/0.00
[48.644s][info][gc,mmu      ] GC(245) MMU: 2ms/98.9%, 5ms/99.4%, 10ms/99.7%, 20ms/99.7%, 50ms/99.9%, 100ms/99.9%
[48.644s][info][gc,marking  ] GC(245) Mark: 4 stripe(s), 2 proactive flush(es), 1 terminate flush(es), 0 completion(s), 0 continuation(s) 
[48.644s][info][gc,marking  ] GC(245) Mark Stack Usage: 32M
[48.644s][info][gc,nmethod  ] GC(245) NMethods: 1376 registered, 55 unregistered
[48.644s][info][gc,metaspace] GC(245) Metaspace: 8M used, 8M committed, 1088M reserved
[48.644s][info][gc,ref      ] GC(245) Soft: 174 encountered, 0 discovered, 0 enqueued
[48.644s][info][gc,ref      ] GC(245) Weak: 570 encountered, 96 discovered, 0 enqueued
[48.644s][info][gc,ref      ] GC(245) Final: 0 encountered, 0 discovered, 0 enqueued
[48.644s][info][gc,ref      ] GC(245) Phantom: 21 encountered, 13 discovered, 0 enqueued
[48.644s][info][gc,reloc    ] GC(245) Small Pages: 149 / 298M, Empty: 264M, Relocated: 4M, In-Place: 0
[48.644s][info][gc,reloc    ] GC(245) Medium Pages: 1 / 32M, Empty: 0M, Relocated: 0M, In-Place: 0
[48.644s][info][gc,reloc    ] GC(245) Large Pages: 0 / 0M, Empty: 0M, Relocated: 0M, In-Place: 0
[48.644s][info][gc,reloc    ] GC(245) Forwarding Usage: 2M
[48.644s][info][gc,heap     ] GC(245) Min Capacity: 8M(1%)
[48.644s][info][gc,heap     ] GC(245) Max Capacity: 1024M(100%)
[48.644s][info][gc,heap     ] GC(245) Soft Max Capacity: 1024M(100%)
[48.644s][info][gc,heap     ] GC(245)                Mark Start          Mark End        Relocate Start      Relocate End           High               Low         
[48.644s][info][gc,heap     ] GC(245)  Capacity:     1024M (100%)       1024M (100%)       1024M (100%)       1024M (100%)       1024M (100%)       1024M (100%)   
[48.644s][info][gc,heap     ] GC(245)      Free:      694M (68%)         614M (60%)         866M (85%)         870M (85%)         872M (85%)         610M (60%)    
[48.644s][info][gc,heap     ] GC(245)      Used:      330M (32%)         410M (40%)         158M (15%)         154M (15%)         414M (40%)         152M (15%)    
[48.644s][info][gc,heap     ] GC(245)      Live:         -                13M (1%)           13M (1%)           13M (1%)             -                  -          
[48.644s][info][gc,heap     ] GC(245) Allocated:         -                80M (8%)           92M (9%)          101M (10%)            -                  -          
[48.644s][info][gc,heap     ] GC(245)   Garbage:         -               316M (31%)          52M (5%)           38M (4%)             -                  -          
[48.644s][info][gc,heap     ] GC(245) Reclaimed:         -                  -               264M (26%)         277M (27%)            -                  -          
[48.644s][info][gc          ] GC(245) Garbage Collection (Allocation Rate) 330M(32%)->154M(15%)
[48.695s][info][gc,start    ] GC(246) Garbage Collection (Allocation Rate)
[48.695s][info][gc,task     ] GC(246) Using 5 workers
[48.695s][info][gc,phases   ] GC(246) Pause Mark Start 0.012ms
[48.726s][info][gc,phases   ] GC(246) Concurrent Mark 30.968ms
[48.726s][info][gc,phases   ] GC(246) Pause Mark End 0.014ms
[48.726s][info][gc,phases   ] GC(246) Concurrent Mark Free 0.001ms
[48.727s][info][gc,phases   ] GC(246) Concurrent Process Non-Strong References 1.088ms
[48.727s][info][gc,phases   ] GC(246) Concurrent Reset Relocation Set 0.002ms
[48.734s][info][gc,phases   ] GC(246) Concurrent Select Relocation Set 6.819ms
[48.734s][info][gc,phases   ] GC(246) Pause Relocate Start 0.008ms
[48.740s][info][gc,phases   ] GC(246) Concurrent Relocate 5.248ms
[48.740s][info][gc,load     ] GC(246) Load: 0.00/0.00/0.00
[48.740s][info][gc,mmu      ] GC(246) MMU: 2ms/98.9%, 5ms/99.4%, 10ms/99.7%, 20ms/99.7%, 50ms/99.9%, 100ms/99.9%
[48.740s][info][gc,marking  ] GC(246) Mark: 4 stripe(s), 2 proactive flush(es), 1 terminate flush(es), 0 completion(s), 0 continuation(s) 
[48.740s][info][gc,marking  ] GC(246) Mark Stack Usage: 32M
[48.740s][info][gc,nmethod  ] GC(246) NMethods: 1376 registered, 55 unregistered
[48.740s][info][gc,metaspace] GC(246) Metaspace: 8M used, 8M committed, 1088M reserved
[48.740s][info][gc,ref      ] GC(246) Soft: 174 encountered, 0 discovered, 0 enqueued
[48.740s][info][gc,ref      ] GC(246) Weak: 570 encountered, 51 discovered, 0 enqueued
[48.740s][info][gc,ref      ] GC(246) Final: 0 encountered, 0 discovered, 0 enqueued
[48.740s][info][gc,ref      ] GC(246) Phantom: 21 encountered, 19 discovered, 0 enqueued
[48.740s][info][gc,reloc    ] GC(246) Small Pages: 129 / 258M, Empty: 222M, Relocated: 6M, In-Place: 0
[48.740s][info][gc,reloc    ] GC(246) Medium Pages: 1 / 32M, Empty: 0M, Relocated: 0M, In-Place: 0
[48.740s][info][gc,reloc    ] GC(246) Large Pages: 0 / 0M, Empty: 0M, Relocated: 0M, In-Place: 0
[48.740s][info][gc,reloc    ] GC(246) Forwarding Usage: 2M
[48.740s][info][gc,heap     ] GC(246) Min Capacity: 8M(1%)
[48.740s][info][gc,heap     ] GC(246) Max Capacity: 1024M(100%)
[48.740s][info][gc,heap     ] GC(246) Soft Max Capacity: 1024M(100%)
[48.740s][info][gc,heap     ] GC(246)                Mark Start          Mark End        Relocate Start      Relocate End           High               Low         
[48.740s][info][gc,heap     ] GC(246)  Capacity:     1024M (100%)       1024M (100%)       1024M (100%)       1024M (100%)       1024M (100%)       1024M (100%)   
[48.740s][info][gc,heap     ] GC(246)      Free:      734M (72%)         664M (65%)         848M (83%)         864M (84%)         864M (84%)         662M (65%)    
[48.740s][info][gc,heap     ] GC(246)      Used:      290M (28%)         360M (35%)         176M (17%)         160M (16%)         362M (35%)         160M (16%)    
[48.740s][info][gc,heap     ] GC(246)      Live:         -                13M (1%)           13M (1%)           13M (1%)             -                  -          
[48.740s][info][gc,heap     ] GC(246) Allocated:         -                70M (7%)          108M (11%)         109M (11%)            -                  -          
[48.740s][info][gc,heap     ] GC(246)   Garbage:         -               276M (27%)          54M (5%)           36M (4%)             -                  -          
[48.740s][info][gc,heap     ] GC(246) Reclaimed:         -                  -               222M (22%)         239M (23%)            -                  -          
[48.740s][info][gc          ] GC(246) Garbage Collection (Allocation Rate) 290M(28%)->160M(16%)
[48.789s][info][gc,start    ] GC(247) Garbage Collection (Allocation Rate)
[48.790s][info][gc,task     ] GC(247) Using 5 workers
[48.790s][info][gc,phases   ] GC(247) Pause Mark Start 0.015ms
[48.808s][info][gc,phases   ] GC(247) Concurrent Mark 18.647ms
[48.809s][info][gc,phases   ] GC(247) Pause Mark End 0.014ms
[48.809s][info][gc,phases   ] GC(247) Concurrent Mark Free 0.001ms
[48.810s][info][gc,phases   ] GC(247) Concurrent Process Non-Strong References 1.129ms
[48.810s][info][gc,phases   ] GC(247) Concurrent Reset Relocation Set 0.003ms
[48.814s][info][gc,phases   ] GC(247) Concurrent Select Relocation Set 4.120ms
[48.814s][info][gc,phases   ] GC(247) Pause Relocate Start 0.007ms
[48.816s][info][gc,phases   ] GC(247) Concurrent Relocate 1.496ms
[48.816s][info][gc,load     ] GC(247) Load: 0.00/0.00/0.00
[48.816s][info][gc,mmu      ] GC(247) MMU: 2ms/98.9%, 5ms/99.4%, 10ms/99.7%, 20ms/99.7%, 50ms/99.9%, 100ms/99.9%
[48.816s][info][gc,marking  ] GC(247) Mark: 4 stripe(s), 2 proactive flush(es), 1 terminate flush(es), 0 completion(s), 0 continuation(s) 
[48.816s][info][gc,marking  ] GC(247) Mark Stack Usage: 32M
[48.816s][info][gc,nmethod  ] GC(247) NMethods: 1376 registered, 55 unregistered
[48.816s][info][gc,metaspace] GC(247) Metaspace: 8M used, 8M committed, 1088M reserved
[48.816s][info][gc,ref      ] GC(247) Soft: 174 encountered, 0 discovered, 0 enqueued
[48.816s][info][gc,ref      ] GC(247) Weak: 570 encountered, 23 discovered, 0 enqueued
[48.816s][info][gc,ref      ] GC(247) Final: 0 encountered, 0 discovered, 0 enqueued
[48.816s][info][gc,ref      ] GC(247) Phantom: 21 encountered, 19 discovered, 0 enqueued
[48.816s][info][gc,reloc    ] GC(247) Small Pages: 102 / 204M, Empty: 172M, Relocated: 1M, In-Place: 0
[48.816s][info][gc,reloc    ] GC(247) Medium Pages: 2 / 64M, Empty: 0M, Relocated: 1M, In-Place: 0
[48.816s][info][gc,reloc    ] GC(247) Large Pages: 0 / 0M, Empty: 0M, Relocated: 0M, In-Place: 0
[48.816s][info][gc,reloc    ] GC(247) Forwarding Usage: 0M
[48.816s][info][gc,heap     ] GC(247) Min Capacity: 8M(1%)
[48.816s][info][gc,heap     ] GC(247) Max Capacity: 1024M(100%)
[48.816s][info][gc,heap     ] GC(247) Soft Max Capacity: 1024M(100%)
[48.816s][info][gc,heap     ] GC(247)                Mark Start          Mark End        Relocate Start      Relocate End           High               Low         
[48.816s][info][gc,heap     ] GC(247)  Capacity:     1024M (100%)       1024M (100%)       1024M (100%)       1024M (100%)       1024M (100%)       1024M (100%)   
[48.816s][info][gc,heap     ] GC(247)      Free:      756M (74%)         708M (69%)         866M (85%)         902M (88%)         902M (88%)         706M (69%)    
[48.816s][info][gc,heap     ] GC(247)      Used:      268M (26%)         316M (31%)         158M (15%)         122M (12%)         318M (31%)         122M (12%)    
[48.816s][info][gc,heap     ] GC(247)      Live:         -                14M (1%)           14M (1%)           14M (1%)             -                  -          
[48.816s][info][gc,heap     ] GC(247) Allocated:         -                48M (5%)           62M (6%)           65M (6%)             -                  -          
[48.816s][info][gc,heap     ] GC(247)   Garbage:         -               253M (25%)          81M (8%)           41M (4%)             -                  -          
[48.816s][info][gc,heap     ] GC(247) Reclaimed:         -                  -               172M (17%)         211M (21%)            -                  -          
[48.816s][info][gc          ] GC(247) Garbage Collection (Allocation Rate) 268M(26%)->122M(12%)
[48.903s][info][gc,start    ] GC(248) Garbage Collection (Allocation Rate)
[48.903s][info][gc,task     ] GC(248) Using 5 workers
[48.903s][info][gc,phases   ] GC(248) Pause Mark Start 0.013ms
[48.934s][info][gc,phases   ] GC(248) Concurrent Mark 30.955ms
[48.934s][info][gc,phases   ] GC(248) Pause Mark End 0.014ms
[48.934s][info][gc,phases   ] GC(248) Concurrent Mark Free 0.001ms
[48.935s][info][gc,phases   ] GC(248) Concurrent Process Non-Strong References 1.056ms
[48.935s][info][gc,phases   ] GC(248) Concurrent Reset Relocation Set 0.002ms
[48.940s][info][gc,phases   ] GC(248) Concurrent Select Relocation Set 5.293ms
[48.941s][info][gc,phases   ] GC(248) Pause Relocate Start 0.005ms
[48.945s][info][gc,phases   ] GC(248) Concurrent Relocate 4.649ms
[48.945s][info][gc,load     ] GC(248) Load: 0.00/0.00/0.00
[48.945s][info][gc,mmu      ] GC(248) MMU: 2ms/98.9%, 5ms/99.4%, 10ms/99.7%, 20ms/99.7%, 50ms/99.9%, 100ms/99.9%
[48.945s][info][gc,marking  ] GC(248) Mark: 4 stripe(s), 2 proactive flush(es), 1 terminate flush(es), 0 completion(s), 0 continuation(s) 
[48.945s][info][gc,marking  ] GC(248) Mark Stack Usage: 32M
[48.945s][info][gc,nmethod  ] GC(248) NMethods: 1376 registered, 55 unregistered
[48.946s][info][gc,metaspace] GC(248) Metaspace: 8M used, 8M committed, 1088M reserved
[48.946s][info][gc,ref      ] GC(248) Soft: 174 encountered, 0 discovered, 0 enqueued
[48.946s][info][gc,ref      ] GC(248) Weak: 570 encountered, 3 discovered, 0 enqueued
[48.946s][info][gc,ref      ] GC(248) Final: 0 encountered, 0 discovered, 0 enqueued
[48.946s][info][gc,ref      ] GC(248) Phantom: 21 encountered, 14 discovered, 0 enqueued
[48.946s][info][gc,reloc    ] GC(248) Small Pages: 159 / 318M, Empty: 280M, Relocated: 4M, In-Place: 0
[48.946s][info][gc,reloc    ] GC(248) Medium Pages: 1 / 32M, Empty: 0M, Relocated: 0M, In-Place: 0
[48.946s][info][gc,reloc    ] GC(248) Large Pages: 0 / 0M, Empty: 0M, Relocated: 0M, In-Place: 0
[48.946s][info][gc,reloc    ] GC(248) Forwarding Usage: 1M
[48.946s][info][gc,heap     ] GC(248) Min Capacity: 8M(1%)
[48.946s][info][gc,heap     ] GC(248) Max Capacity: 1024M(100%)
[48.946s][info][gc,heap     ] GC(248) Soft Max Capacity: 1024M(100%)
[48.946s][info][gc,heap     ] GC(248)                Mark Start          Mark End        Relocate Start      Relocate End           High               Low         
[48.946s][info][gc,heap     ] GC(248)  Capacity:     1024M (100%)       1024M (100%)       1024M (100%)       1024M (100%)       1024M (100%)       1024M (100%)   
[48.946s][info][gc,heap     ] GC(248)      Free:      674M (66%)         592M (58%)         854M (83%)         858M (84%)         862M (84%)         588M (57%)    
[48.946s][info][gc,heap     ] GC(248)      Used:      350M (34%)         432M (42%)         170M (17%)         166M (16%)         436M (43%)         162M (16%)    
[48.946s][info][gc,heap     ] GC(248)      Live:         -                15M (2%)           15M (2%)           15M (2%)             -                  -          
[48.946s][info][gc,heap     ] GC(248) Allocated:         -                82M (8%)          100M (10%)         111M (11%)            -                  -          
[48.946s][info][gc,heap     ] GC(248)   Garbage:         -               334M (33%)          54M (5%)           38M (4%)             -                  -          
[48.946s][info][gc,heap     ] GC(248) Reclaimed:         -                  -               280M (27%)         295M (29%)            -                  -          
[48.946s][info][gc          ] GC(248) Garbage Collection (Allocation Rate) 350M(34%)->166M(16%)
[49.092s][info][gc,start    ] GC(249) Garbage Collection (Allocation Rate)
[49.092s][info][gc,task     ] GC(249) Using 3 workers
[49.092s][info][gc,phases   ] GC(249) Pause Mark Start 0.016ms
[49.123s][info][gc,phases   ] GC(249) Concurrent Mark 30.874ms
[49.124s][info][gc,phases   ] GC(249) Pause Mark End 0.015ms
[49.124s][info][gc,phases   ] GC(249) Concurrent Mark Free 0.001ms
[49.125s][info][gc,phases   ] GC(249) Concurrent Process Non-Strong References 1.334ms
[49.125s][info][gc,phases   ] GC(249) Concurrent Reset Relocation Set 0.002ms
[49.128s][info][gc,phases   ] GC(249) Concurrent Select Relocation Set 3.374ms
[49.129s][info][gc,phases   ] GC(249) Pause Relocate Start 0.005ms
[49.133s][info][gc,phases   ] GC(249) Concurrent Relocate 4.047ms
[49.133s][info][gc,load     ] GC(249) Load: 0.00/0.00/0.00
[49.133s][info][gc,mmu      ] GC(249) MMU: 2ms/98.9%, 5ms/99.4%, 10ms/99.7%, 20ms/99.7%, 50ms/99.9%, 100ms/99.9%
[49.133s][info][gc,marking  ] GC(249) Mark: 2 stripe(s), 2 proactive flush(es), 1 terminate flush(es), 0 completion(s), 0 continuation(s) 
[49.133s][info][gc,marking  ] GC(249) Mark Stack Usage: 32M
[49.133s][info][gc,nmethod  ] GC(249) NMethods: 1376 registered, 55 unregistered
[49.133s][info][gc,metaspace] GC(249) Metaspace: 8M used, 8M committed, 1088M reserved
[49.133s][info][gc,ref      ] GC(249) Soft: 174 encountered, 0 discovered, 0 enqueued
[49.133s][info][gc,ref      ] GC(249) Weak: 570 encountered, 269 discovered, 0 enqueued
[49.133s][info][gc,ref      ] GC(249) Final: 0 encountered, 0 discovered, 0 enqueued
[49.133s][info][gc,ref      ] GC(249) Phantom: 21 encountered, 19 discovered, 0 enqueued
[49.133s][info][gc,reloc    ] GC(249) Small Pages: 232 / 464M, Empty: 430M, Relocated: 3M, In-Place: 0
[49.133s][info][gc,reloc    ] GC(249) Medium Pages: 2 / 64M, Empty: 0M, Relocated: 1M, In-Place: 0
[49.133s][info][gc,reloc    ] GC(249) Large Pages: 0 / 0M, Empty: 0M, Relocated: 0M, In-Place: 0
[49.133s][info][gc,reloc    ] GC(249) Forwarding Usage: 1M
[49.133s][info][gc,heap     ] GC(249) Min Capacity: 8M(1%)
[49.133s][info][gc,heap     ] GC(249) Max Capacity: 1024M(100%)
[49.133s][info][gc,heap     ] GC(249) Soft Max Capacity: 1024M(100%)
[49.133s][info][gc,heap     ] GC(249)                Mark Start          Mark End        Relocate Start      Relocate End           High               Low         
[49.133s][info][gc,heap     ] GC(249)  Capacity:     1024M (100%)       1024M (100%)       1024M (100%)       1024M (100%)       1024M (100%)       1024M (100%)   
[49.133s][info][gc,heap     ] GC(249)      Free:      496M (48%)         454M (44%)         874M (85%)         908M (89%)         912M (89%)         450M (44%)    
[49.133s][info][gc,heap     ] GC(249)      Used:      528M (52%)         570M (56%)         150M (15%)         116M (11%)         574M (56%)         112M (11%)    
[49.133s][info][gc,heap     ] GC(249)      Live:         -                16M (2%)           16M (2%)           16M (2%)             -                  -          
[49.133s][info][gc,heap     ] GC(249) Allocated:         -                42M (4%)           52M (5%)           61M (6%)             -                  -          
[49.133s][info][gc,heap     ] GC(249)   Garbage:         -               511M (50%)          81M (8%)           37M (4%)             -                  -          
[49.133s][info][gc,heap     ] GC(249) Reclaimed:         -                  -               430M (42%)         473M (46%)            -                  -          
[49.134s][info][gc          ] GC(249) Garbage Collection (Allocation Rate) 528M(52%)->116M(11%)
[49.299s][info][gc,start    ] GC(250) Garbage Collection (Allocation Rate)
[49.299s][info][gc,task     ] GC(250) Using 2 workers
[49.299s][info][gc,phases   ] GC(250) Pause Mark Start 0.017ms
[49.346s][info][gc,phases   ] GC(250) Concurrent Mark 46.427ms
[49.346s][info][gc,phases   ] GC(250) Pause Mark End 0.014ms
[49.346s][info][gc,phases   ] GC(250) Concurrent Mark Free 0.001ms
[49.348s][info][gc,phases   ] GC(250) Concurrent Process Non-Strong References 2.376ms
[49.348s][info][gc,phases   ] GC(250) Concurrent Reset Relocation Set 0.002ms
[49.354s][info][gc,phases   ] GC(250) Concurrent Select Relocation Set 5.475ms
[49.354s][info][gc,phases   ] GC(250) Pause Relocate Start 0.004ms
[49.359s][info][gc,phases   ] GC(250) Concurrent Relocate 5.004ms
[49.359s][info][gc,load     ] GC(250) Load: 0.00/0.00/0.00
[49.359s][info][gc,mmu      ] GC(250) MMU: 2ms/98.9%, 5ms/99.4%, 10ms/99.7%, 20ms/99.7%, 50ms/99.9%, 100ms/99.9%
[49.359s][info][gc,marking  ] GC(250) Mark: 2 stripe(s), 2 proactive flush(es), 1 terminate flush(es), 0 completion(s), 0 continuation(s) 
[49.359s][info][gc,marking  ] GC(250) Mark Stack Usage: 32M
[49.359s][info][gc,nmethod  ] GC(250) NMethods: 1376 registered, 55 unregistered
[49.359s][info][gc,metaspace] GC(250) Metaspace: 8M used, 8M committed, 1088M reserved
[49.359s][info][gc,ref      ] GC(250) Soft: 174 encountered, 0 discovered, 0 enqueued
[49.359s][info][gc,ref      ] GC(250) Weak: 570 encountered, 5 discovered, 0 enqueued
[49.359s][info][gc,ref      ] GC(250) Final: 0 encountered, 0 discovered, 0 enqueued
[49.359s][info][gc,ref      ] GC(250) Phantom: 21 encountered, 19 discovered, 0 enqueued
[49.359s][info][gc,reloc    ] GC(250) Small Pages: 252 / 504M, Empty: 468M, Relocated: 3M, In-Place: 0
[49.359s][info][gc,reloc    ] GC(250) Medium Pages: 1 / 32M, Empty: 0M, Relocated: 0M, In-Place: 0
[49.359s][info][gc,reloc    ] GC(250) Large Pages: 0 / 0M, Empty: 0M, Relocated: 0M, In-Place: 0
[49.360s][info][gc,reloc    ] GC(250) Forwarding Usage: 1M
[49.360s][info][gc,heap     ] GC(250) Min Capacity: 8M(1%)
[49.360s][info][gc,heap     ] GC(250) Max Capacity: 1024M(100%)
[49.360s][info][gc,heap     ] GC(250) Soft Max Capacity: 1024M(100%)
[49.360s][info][gc,heap     ] GC(250)                Mark Start          Mark End        Relocate Start      Relocate End           High               Low         
[49.360s][info][gc,heap     ] GC(250)  Capacity:     1024M (100%)       1024M (100%)       1024M (100%)       1024M (100%)       1024M (100%)       1024M (100%)   
[49.360s][info][gc,heap     ] GC(250)      Free:      488M (48%)         364M (36%)         810M (79%)         810M (79%)         816M (80%)         358M (35%)    
[49.360s][info][gc,heap     ] GC(250)      Used:      536M (52%)         660M (64%)         214M (21%)         214M (21%)         666M (65%)         208M (20%)    
[49.360s][info][gc,heap     ] GC(250)      Live:         -                17M (2%)           17M (2%)           17M (2%)             -                  -          
[49.360s][info][gc,heap     ] GC(250) Allocated:         -               124M (12%)         146M (14%)         157M (15%)            -                  -          
[49.360s][info][gc,heap     ] GC(250)   Garbage:         -               518M (51%)          50M (5%)           38M (4%)             -                  -          
[49.360s][info][gc,heap     ] GC(250) Reclaimed:         -                  -               468M (46%)         479M (47%)            -                  -          
[49.360s][info][gc          ] GC(250) Garbage Collection (Allocation Rate) 536M(52%)->214M(21%)
[49.502s][info][gc,start    ] GC(251) Garbage Collection (Allocation Rate)
[49.502s][info][gc,task     ] GC(251) Using 2 workers
[49.502s][info][gc,phases   ] GC(251) Pause Mark Start 0.014ms
[49.549s][info][gc,phases   ] GC(251) Concurrent Mark 46.545ms
[49.549s][info][gc,phases   ] GC(251) Pause Mark End 0.019ms
[49.549s][info][gc,phases   ] GC(251) Concurrent Mark Free 0.001ms
[49.551s][info][gc,phases   ] GC(251) Concurrent Process Non-Strong References 1.979ms
[49.551s][info][gc,phases   ] GC(251) Concurrent Reset Relocation Set 0.004ms
[49.557s][info][gc,phases   ] GC(251) Concurrent Select Relocation Set 5.701ms
[49.557s][info][gc,phases   ] GC(251) Pause Relocate Start 0.009ms
[49.561s][info][gc,phases   ] GC(251) Concurrent Relocate 3.407ms
[49.561s][info][gc,load     ] GC(251) Load: 0.00/0.00/0.00
[49.561s][info][gc,mmu      ] GC(251) MMU: 2ms/98.9%, 5ms/99.4%, 10ms/99.7%, 20ms/99.7%, 50ms/99.9%, 100ms/99.9%
[49.561s][info][gc,marking  ] GC(251) Mark: 2 stripe(s), 2 proactive flush(es), 1 terminate flush(es), 0 completion(s), 0 continuation(s) 
[49.561s][info][gc,marking  ] GC(251) Mark Stack Usage: 32M
[49.561s][info][gc,nmethod  ] GC(251) NMethods: 1376 registered, 55 unregistered
[49.561s][info][gc,metaspace] GC(251) Metaspace: 8M used, 8M committed, 1088M reserved
[49.561s][info][gc,ref      ] GC(251) Soft: 174 encountered, 0 discovered, 0 enqueued
[49.561s][info][gc,ref      ] GC(251) Weak: 570 encountered, 130 discovered, 0 enqueued
[49.561s][info][gc,ref      ] GC(251) Final: 0 encountered, 0 discovered, 0 enqueued
[49.561s][info][gc,ref      ] GC(251) Phantom: 21 encountered, 17 discovered, 0 enqueued
[49.561s][info][gc,reloc    ] GC(251) Small Pages: 215 / 430M, Empty: 398M, Relocated: 3M, In-Place: 0
[49.561s][info][gc,reloc    ] GC(251) Medium Pages: 2 / 64M, Empty: 0M, Relocated: 3M, In-Place: 0
[49.561s][info][gc,reloc    ] GC(251) Large Pages: 0 / 0M, Empty: 0M, Relocated: 0M, In-Place: 0
[49.561s][info][gc,reloc    ] GC(251) Forwarding Usage: 1M
[49.561s][info][gc,heap     ] GC(251) Min Capacity: 8M(1%)
[49.561s][info][gc,heap     ] GC(251) Max Capacity: 1024M(100%)
[49.561s][info][gc,heap     ] GC(251) Soft Max Capacity: 1024M(100%)
[49.561s][info][gc,heap     ] GC(251)                Mark Start          Mark End        Relocate Start      Relocate End           High               Low         
[49.561s][info][gc,heap     ] GC(251)  Capacity:     1024M (100%)       1024M (100%)       1024M (100%)       1024M (100%)       1024M (100%)       1024M (100%)   
[49.561s][info][gc,heap     ] GC(251)      Free:      530M (52%)         410M (40%)         790M (77%)         820M (80%)         824M (80%)         406M (40%)    
[49.561s][info][gc,heap     ] GC(251)      Used:      494M (48%)         614M (60%)         234M (23%)         204M (20%)         618M (60%)         200M (20%)    
[49.561s][info][gc,heap     ] GC(251)      Live:         -                22M (2%)           22M (2%)           22M (2%)             -                  -          
[49.561s][info][gc,heap     ] GC(251) Allocated:         -               120M (12%)         138M (13%)         147M (14%)            -                  -          
[49.561s][info][gc,heap     ] GC(251)   Garbage:         -               471M (46%)          73M (7%)           33M (3%)             -                  -          
[49.561s][info][gc,heap     ] GC(251) Reclaimed:         -                  -               398M (39%)         437M (43%)            -                  -          
[49.561s][info][gc          ] GC(251) Garbage Collection (Allocation Rate) 494M(48%)->204M(20%)
[49.694s][info][gc,start    ] GC(252) Garbage Collection (Allocation Rate)
[49.694s][info][gc,task     ] GC(252) Using 2 workers
[49.694s][info][gc,phases   ] GC(252) Pause Mark Start 0.014ms
[49.737s][info][gc,phases   ] GC(252) Concurrent Mark 43.292ms
[49.737s][info][gc,phases   ] GC(252) Pause Mark End 0.011ms
[49.737s][info][gc,phases   ] GC(252) Concurrent Mark Free 0.001ms
[49.740s][info][gc,phases   ] GC(252) Concurrent Process Non-Strong References 2.533ms
[49.740s][info][gc,phases   ] GC(252) Concurrent Reset Relocation Set 0.002ms
[49.744s][info][gc,phases   ] GC(252) Concurrent Select Relocation Set 3.798ms
[49.744s][info][gc,phases   ] GC(252) Pause Relocate Start 0.003ms
[49.748s][info][gc,phases   ] GC(252) Concurrent Relocate 4.021ms
[49.748s][info][gc,load     ] GC(252) Load: 0.00/0.00/0.00
[49.748s][info][gc,mmu      ] GC(252) MMU: 2ms/98.9%, 5ms/99.4%, 10ms/99.7%, 20ms/99.7%, 50ms/99.9%, 100ms/99.9%
[49.748s][info][gc,marking  ] GC(252) Mark: 2 stripe(s), 2 proactive flush(es), 1 terminate flush(es), 0 completion(s), 0 continuation(s) 
[49.748s][info][gc,marking  ] GC(252) Mark Stack Usage: 32M
[49.748s][info][gc,nmethod  ] GC(252) NMethods: 1376 registered, 55 unregistered
[49.748s][info][gc,metaspace] GC(252) Metaspace: 8M used, 8M committed, 1088M reserved
[49.748s][info][gc,ref      ] GC(252) Soft: 174 encountered, 0 discovered, 0 enqueued
[49.748s][info][gc,ref      ] GC(252) Weak: 570 encountered, 36 discovered, 0 enqueued
[49.748s][info][gc,ref      ] GC(252) Final: 0 encountered, 0 discovered, 0 enqueued
[49.748s][info][gc,ref      ] GC(252) Phantom: 21 encountered, 10 discovered, 0 enqueued
[49.748s][info][gc,reloc    ] GC(252) Small Pages: 246 / 492M, Empty: 444M, Relocated: 3M, In-Place: 0
[49.748s][info][gc,reloc    ] GC(252) Medium Pages: 1 / 32M, Empty: 0M, Relocated: 0M, In-Place: 0
[49.748s][info][gc,reloc    ] GC(252) Large Pages: 0 / 0M, Empty: 0M, Relocated: 0M, In-Place: 0
[49.748s][info][gc,reloc    ] GC(252) Forwarding Usage: 1M
[49.748s][info][gc,heap     ] GC(252) Min Capacity: 8M(1%)
[49.748s][info][gc,heap     ] GC(252) Max Capacity: 1024M(100%)
[49.749s][info][gc,heap     ] GC(252) Soft Max Capacity: 1024M(100%)
[49.749s][info][gc,heap     ] GC(252)                Mark Start          Mark End        Relocate Start      Relocate End           High               Low         
[49.749s][info][gc,heap     ] GC(252)  Capacity:     1024M (100%)       1024M (100%)       1024M (100%)       1024M (100%)       1024M (100%)       1024M (100%)   
[49.749s][info][gc,heap     ] GC(252)      Free:      500M (49%)         424M (41%)         850M (83%)         864M (84%)         868M (85%)         416M (41%)    
[49.749s][info][gc,heap     ] GC(252)      Used:      524M (51%)         600M (59%)         174M (17%)         160M (16%)         608M (59%)         156M (15%)    
[49.749s][info][gc,heap     ] GC(252)      Live:         -                20M (2%)           20M (2%)           20M (2%)             -                  -          
[49.749s][info][gc,heap     ] GC(252) Allocated:         -                76M (7%)           94M (9%)          103M (10%)            -                  -          
[49.749s][info][gc,heap     ] GC(252)   Garbage:         -               503M (49%)          59M (6%)           35M (3%)             -                  -          
[49.749s][info][gc,heap     ] GC(252) Reclaimed:         -                  -               444M (43%)         467M (46%)            -                  -          
[49.749s][info][gc          ] GC(252) Garbage Collection (Allocation Rate) 524M(51%)->160M(16%)
[49.889s][info][gc,start    ] GC(253) Garbage Collection (Allocation Rate)
[49.889s][info][gc,task     ] GC(253) Using 2 workers
[49.889s][info][gc,phases   ] GC(253) Pause Mark Start 0.015ms
[49.938s][info][gc,phases   ] GC(253) Concurrent Mark 48.542ms
[49.938s][info][gc,phases   ] GC(253) Pause Mark End 0.018ms
[49.938s][info][gc,phases   ] GC(253) Concurrent Mark Free 0.001ms
[49.941s][info][gc,phases   ] GC(253) Concurrent Process Non-Strong References 2.471ms
[49.941s][info][gc,phases   ] GC(253) Concurrent Reset Relocation Set 0.003ms
[49.947s][info][gc,phases   ] GC(253) Concurrent Select Relocation Set 6.534ms
[49.948s][info][gc,phases   ] GC(253) Pause Relocate Start 0.008ms
[49.954s][info][gc,phases   ] GC(253) Concurrent Relocate 6.540ms
[49.954s][info][gc,load     ] GC(253) Load: 0.00/0.00/0.00
[49.954s][info][gc,mmu      ] GC(253) MMU: 2ms/98.9%, 5ms/99.4%, 10ms/99.7%, 20ms/99.7%, 50ms/99.9%, 100ms/99.9%
[49.954s][info][gc,marking  ] GC(253) Mark: 2 stripe(s), 2 proactive flush(es), 1 terminate flush(es), 0 completion(s), 0 continuation(s) 
[49.954s][info][gc,marking  ] GC(253) Mark Stack Usage: 32M
[49.954s][info][gc,nmethod  ] GC(253) NMethods: 1376 registered, 55 unregistered
[49.954s][info][gc,metaspace] GC(253) Metaspace: 8M used, 8M committed, 1088M reserved
[49.954s][info][gc,ref      ] GC(253) Soft: 174 encountered, 0 discovered, 0 enqueued
[49.954s][info][gc,ref      ] GC(253) Weak: 570 encountered, 129 discovered, 0 enqueued
[49.954s][info][gc,ref      ] GC(253) Final: 0 encountered, 0 discovered, 0 enqueued
[49.954s][info][gc,ref      ] GC(253) Phantom: 21 encountered, 17 discovered, 0 enqueued
[49.955s][info][gc,reloc    ] GC(253) Small Pages: 237 / 474M, Empty: 440M, Relocated: 6M, In-Place: 0
[49.955s][info][gc,reloc    ] GC(253) Medium Pages: 2 / 64M, Empty: 0M, Relocated: 1M, In-Place: 0
[49.955s][info][gc,reloc    ] GC(253) Large Pages: 0 / 0M, Empty: 0M, Relocated: 0M, In-Place: 0
[49.955s][info][gc,reloc    ] GC(253) Forwarding Usage: 3M
[49.955s][info][gc,heap     ] GC(253) Min Capacity: 8M(1%)
[49.955s][info][gc,heap     ] GC(253) Max Capacity: 1024M(100%)
[49.955s][info][gc,heap     ] GC(253) Soft Max Capacity: 1024M(100%)
[49.955s][info][gc,heap     ] GC(253)                Mark Start          Mark End        Relocate Start      Relocate End           High               Low         
[49.955s][info][gc,heap     ] GC(253)  Capacity:     1024M (100%)       1024M (100%)       1024M (100%)       1024M (100%)       1024M (100%)       1024M (100%)   
[49.955s][info][gc,heap     ] GC(253)      Free:      486M (47%)         358M (35%)         774M (76%)         800M (78%)         806M (79%)         352M (34%)    
[49.955s][info][gc,heap     ] GC(253)      Used:      538M (53%)         666M (65%)         250M (24%)         224M (22%)         672M (66%)         218M (21%)    
[49.955s][info][gc,heap     ] GC(253)      Live:         -                21M (2%)           21M (2%)           21M (2%)             -                  -          
[49.955s][info][gc,heap     ] GC(253) Allocated:         -               128M (13%)         152M (15%)         167M (16%)            -                  -          
[49.955s][info][gc,heap     ] GC(253)   Garbage:         -               516M (50%)          76M (7%)           34M (3%)             -                  -          
[49.955s][info][gc,heap     ] GC(253) Reclaimed:         -                  -               440M (43%)         481M (47%)            -                  -          
[49.955s][info][gc          ] GC(253) Garbage Collection (Allocation Rate) 538M(53%)->224M(22%)
[50.104s][info][gc,start    ] GC(254) Garbage Collection (Allocation Rate)
[50.104s][info][gc,stats    ] === Garbage Collection Statistics =======================================================================================================================
[50.104s][info][gc,task     ] GC(254) Using 2 workers
[50.104s][info][gc,stats    ]                                                              Last 10s              Last 10m              Last 10h                Total
[50.104s][info][gc,stats    ]                                                              Avg / Max             Avg / Max             Avg / Max             Avg / Max
[50.104s][info][gc,stats    ]   Collector: Garbage Collection Cycle                     48.368 / 102.369      46.448 / 129.954      46.448 / 129.954      46.448 / 129.954     ms
[50.104s][info][gc,phases   ] GC(254) Pause Mark Start 0.013ms
[50.104s][info][gc,stats    ]  Contention: Mark Segment Reset Contention                     2 / 7                 3 / 17                3 / 17                3 / 17          ops/s
[50.104s][info][gc,stats    ]  Contention: Mark SeqNum Reset Contention                      0 / 1                 0 / 6                 0 / 6                 0 / 6           ops/s
[50.104s][info][gc,stats    ]    Critical: Allocation Stall                                  0 / 0                 0 / 0                 0 / 0                 0 / 0           ops/s
[50.104s][info][gc,stats    ]    Critical: Allocation Stall                              0.000 / 0.000         0.000 / 0.000         0.000 / 0.000         0.000 / 0.000       ms
[50.104s][info][gc,stats    ]    Critical: GC Locker Stall                                   0 / 0                 0 / 0                 0 / 0                 0 / 0           ops/s
[50.104s][info][gc,stats    ]    Critical: GC Locker Stall                               0.000 / 0.000         0.000 / 0.000         0.000 / 0.000         0.000 / 0.000       ms
[50.104s][info][gc,stats    ]    Critical: Relocation Stall                                  0 / 0                 0 / 0                 0 / 0                 0 / 0           ops/s
[50.104s][info][gc,stats    ]    Critical: Relocation Stall                              0.000 / 0.000         0.000 / 0.000         0.000 / 0.000         0.000 / 0.000       ms
[50.104s][info][gc,stats    ]      Memory: Allocation Rate                                2240 / 2576           2137 / 2604           2137 / 2604           2137 / 2604        MB/s
[50.104s][info][gc,stats    ]      Memory: Defragment                                        0 / 0                 0 / 0                 0 / 0                 0 / 0           ops/s
[50.104s][info][gc,stats    ]      Memory: Out Of Memory                                     0 / 0                 0 / 0                 0 / 0                 0 / 0           ops/s
[50.105s][info][gc,stats    ]      Memory: Page Cache Flush                                  0 / 0                 0 / 0                 0 / 0                 0 / 0           MB/s
[50.105s][info][gc,stats    ]      Memory: Page Cache Hit L1                              1106 / 1284           1047 / 1292           1047 / 1292           1047 / 1292        ops/s
[50.105s][info][gc,stats    ]      Memory: Page Cache Hit L2                                 0 / 0                 0 / 0                 0 / 0                 0 / 0           ops/s
[50.105s][info][gc,stats    ]      Memory: Page Cache Hit L3                                 0 / 0                 8 / 212               8 / 212               8 / 212         ops/s
[50.105s][info][gc,stats    ]      Memory: Page Cache Miss                                   0 / 0                 0 / 1                 0 / 1                 0 / 1           ops/s
[50.105s][info][gc,stats    ]      Memory: Uncommit                                          0 / 0                 0 / 0                 0 / 0                 0 / 0           MB/s
[50.105s][info][gc,stats    ]      Memory: Undo Object Allocation Failed                     0 / 0                 0 / 1                 0 / 1                 0 / 1           ops/s
[50.105s][info][gc,stats    ]      Memory: Undo Object Allocation Succeeded                  1 / 5                 1 / 12                1 / 12                1 / 12          ops/s
[50.105s][info][gc,stats    ]      Memory: Undo Page Allocation                              0 / 0                 0 / 0                 0 / 0                 0 / 0           ops/s
[50.105s][info][gc,stats    ]       Phase: Concurrent Mark                              35.801 / 89.502       34.249 / 112.431      34.249 / 112.431      34.249 / 112.431     ms
[50.105s][info][gc,stats    ]       Phase: Concurrent Mark Continue                      0.000 / 0.000         0.000 / 0.000         0.000 / 0.000         0.000 / 0.000       ms
[50.105s][info][gc,stats    ]       Phase: Concurrent Mark Free                          0.001 / 0.001         0.001 / 0.002         0.001 / 0.002         0.001 / 0.002       ms
[50.105s][info][gc,stats    ]       Phase: Concurrent Process Non-Strong References      1.591 / 4.836         1.647 / 4.836         1.647 / 4.836         1.647 / 4.836       ms
[50.105s][info][gc,stats    ]       Phase: Concurrent Relocate                           3.882 / 7.861         4.005 / 15.043        4.005 / 15.043        4.005 / 15.043      ms
[50.105s][info][gc,stats    ]       Phase: Concurrent Reset Relocation Set               0.002 / 0.004         0.003 / 0.006         0.003 / 0.006         0.003 / 0.006       ms
[50.105s][info][gc,stats    ]       Phase: Concurrent Select Relocation Set              4.753 / 7.733         4.880 / 15.335        4.880 / 15.335        4.880 / 15.335      ms
[50.105s][info][gc,stats    ]       Phase: Pause Mark End                                0.014 / 0.020         0.015 / 0.021         0.015 / 0.021         0.015 / 0.021       ms
[50.105s][info][gc,stats    ]       Phase: Pause Mark Start                              0.014 / 0.017         0.014 / 0.019         0.014 / 0.019         0.014 / 0.019       ms
[50.105s][info][gc,stats    ]       Phase: Pause Relocate Start                          0.006 / 0.010         0.007 / 0.011         0.007 / 0.011         0.007 / 0.011       ms
[50.105s][info][gc,stats    ]    Subphase: Concurrent Classes Purge                      0.004 / 0.016         0.009 / 0.404         0.009 / 0.404         0.009 / 0.404       ms
[50.105s][info][gc,stats    ]    Subphase: Concurrent Classes Unlink                     1.238 / 3.862         1.264 / 3.866         1.264 / 3.866         1.264 / 3.866       ms
[50.105s][info][gc,stats    ]    Subphase: Concurrent Mark                              25.643 / 88.070       21.833 / 111.025      21.833 / 111.025      21.833 / 111.025     ms
[50.105s][info][gc,stats    ]    Subphase: Concurrent Mark Try Flush                     0.030 / 0.074         0.032 / 0.091         0.032 / 0.091         0.032 / 0.091       ms
[50.105s][info][gc,stats    ]    Subphase: Concurrent Mark Try Terminate                 6.618 / 16.570        4.052 / 16.675        4.052 / 16.675        4.052 / 16.675      ms
[50.105s][info][gc,stats    ]    Subphase: Concurrent References Enqueue                 0.000 / 0.001         0.000 / 0.004         0.000 / 0.004         0.000 / 0.004       ms
[50.105s][info][gc,stats    ]    Subphase: Concurrent References Process                 0.040 / 0.103         0.044 / 0.105         0.044 / 0.105         0.044 / 0.105       ms
[50.105s][info][gc,stats    ]    Subphase: Concurrent Roots ClassLoaderDataGraph         0.090 / 0.375         0.096 / 0.602         0.096 / 0.602         0.096 / 0.602       ms
[50.105s][info][gc,stats    ]    Subphase: Concurrent Roots CodeCache                    0.000 / 0.000         0.000 / 0.000         0.000 / 0.000         0.000 / 0.000       ms
[50.106s][info][gc,stats    ]    Subphase: Concurrent Roots JavaThreads                  0.313 / 1.063         0.307 / 1.310         0.307 / 1.310         0.307 / 1.310       ms
[50.106s][info][gc,stats    ]    Subphase: Concurrent Roots OopStorageSet                0.015 / 0.036         0.017 / 0.213         0.017 / 0.213         0.017 / 0.213       ms
[50.106s][info][gc,stats    ]    Subphase: Concurrent Weak Roots OopStorageSet           0.173 / 0.850         0.180 / 0.852         0.180 / 0.852         0.180 / 0.852       ms
[50.106s][info][gc,stats    ]    Subphase: Pause Mark Try Complete                       0.000 / 0.000         0.000 / 0.000         0.000 / 0.000         0.000 / 0.000       ms
[50.106s][info][gc,stats    ]      System: Java Threads                                     11 / 11               12 / 24               12 / 24               12 / 24          threads
[50.106s][info][gc,stats    ] =========================================================================================================================================================
[50.151s][info][gc,phases   ] GC(254) Concurrent Mark 46.424ms
[50.151s][info][gc,phases   ] GC(254) Pause Mark End 0.019ms
[50.151s][info][gc,phases   ] GC(254) Concurrent Mark Free 0.001ms
[50.153s][info][gc,phases   ] GC(254) Concurrent Process Non-Strong References 2.463ms
[50.153s][info][gc,phases   ] GC(254) Concurrent Reset Relocation Set 0.002ms
[50.158s][info][gc,phases   ] GC(254) Concurrent Select Relocation Set 4.105ms
[50.158s][info][gc,phases   ] GC(254) Pause Relocate Start 0.009ms
[50.160s][info][gc,phases   ] GC(254) Concurrent Relocate 2.433ms
[50.160s][info][gc,load     ] GC(254) Load: 0.00/0.00/0.00
[50.160s][info][gc,mmu      ] GC(254) MMU: 2ms/98.9%, 5ms/99.4%, 10ms/99.7%, 20ms/99.7%, 50ms/99.9%, 100ms/99.9%
[50.160s][info][gc,marking  ] GC(254) Mark: 2 stripe(s), 2 proactive flush(es), 1 terminate flush(es), 0 completion(s), 0 continuation(s) 
[50.160s][info][gc,marking  ] GC(254) Mark Stack Usage: 32M
[50.160s][info][gc,nmethod  ] GC(254) NMethods: 1376 registered, 55 unregistered
[50.160s][info][gc,metaspace] GC(254) Metaspace: 8M used, 8M committed, 1088M reserved
[50.160s][info][gc,ref      ] GC(254) Soft: 174 encountered, 0 discovered, 0 enqueued
[50.160s][info][gc,ref      ] GC(254) Weak: 570 encountered, 5 discovered, 0 enqueued
[50.160s][info][gc,ref      ] GC(254) Final: 0 encountered, 0 discovered, 0 enqueued
[50.160s][info][gc,ref      ] GC(254) Phantom: 21 encountered, 10 discovered, 0 enqueued
[50.161s][info][gc,reloc    ] GC(254) Small Pages: 274 / 548M, Empty: 498M, Relocated: 3M, In-Place: 0
[50.161s][info][gc,reloc    ] GC(254) Medium Pages: 1 / 32M, Empty: 0M, Relocated: 0M, In-Place: 0
[50.161s][info][gc,reloc    ] GC(254) Large Pages: 0 / 0M, Empty: 0M, Relocated: 0M, In-Place: 0
[50.161s][info][gc,reloc    ] GC(254) Forwarding Usage: 1M
[50.161s][info][gc,heap     ] GC(254) Min Capacity: 8M(1%)
[50.161s][info][gc,heap     ] GC(254) Max Capacity: 1024M(100%)
[50.161s][info][gc,heap     ] GC(254) Soft Max Capacity: 1024M(100%)
[50.161s][info][gc,heap     ] GC(254)                Mark Start          Mark End        Relocate Start      Relocate End           High               Low         
[50.161s][info][gc,heap     ] GC(254)  Capacity:     1024M (100%)       1024M (100%)       1024M (100%)       1024M (100%)       1024M (100%)       1024M (100%)   
[50.161s][info][gc,heap     ] GC(254)      Free:      444M (43%)         332M (32%)         812M (79%)         832M (81%)         832M (81%)         324M (32%)    
[50.161s][info][gc,heap     ] GC(254)      Used:      580M (57%)         692M (68%)         212M (21%)         192M (19%)         700M (68%)         192M (19%)    
[50.161s][info][gc,heap     ] GC(254)      Live:         -                23M (2%)           23M (2%)           23M (2%)             -                  -          
[50.161s][info][gc,heap     ] GC(254) Allocated:         -               112M (11%)         130M (13%)         133M (13%)            -                  -          
[50.161s][info][gc,heap     ] GC(254)   Garbage:         -               556M (54%)          58M (6%)           34M (3%)             -                  -          
[50.161s][info][gc,heap     ] GC(254) Reclaimed:         -                  -               498M (49%)         521M (51%)            -                  -          
[50.161s][info][gc          ] GC(254) Garbage Collection (Allocation Rate) 580M(57%)->192M(19%)
[50.389s][info][gc,start    ] GC(255) Garbage Collection (Allocation Rate)
[50.389s][info][gc,task     ] GC(255) Using 2 workers
[50.389s][info][gc,phases   ] GC(255) Pause Mark Start 0.017ms
[50.447s][info][gc,phases   ] GC(255) Concurrent Mark 57.274ms
[50.447s][info][gc,phases   ] GC(255) Pause Mark End 0.012ms
[50.447s][info][gc,phases   ] GC(255) Concurrent Mark Free 0.001ms
[50.449s][info][gc,phases   ] GC(255) Concurrent Process Non-Strong References 2.486ms
[50.449s][info][gc,phases   ] GC(255) Concurrent Reset Relocation Set 0.003ms
[50.456s][info][gc,phases   ] GC(255) Concurrent Select Relocation Set 6.422ms
[50.456s][info][gc,phases   ] GC(255) Pause Relocate Start 0.004ms
[50.466s][info][gc,phases   ] GC(255) Concurrent Relocate 10.306ms
[50.466s][info][gc,load     ] GC(255) Load: 0.00/0.00/0.00
[50.466s][info][gc,mmu      ] GC(255) MMU: 2ms/98.9%, 5ms/99.4%, 10ms/99.7%, 20ms/99.7%, 50ms/99.9%, 100ms/99.9%
[50.466s][info][gc,marking  ] GC(255) Mark: 2 stripe(s), 2 proactive flush(es), 1 terminate flush(es), 0 completion(s), 0 continuation(s) 
[50.466s][info][gc,marking  ] GC(255) Mark Stack Usage: 32M
[50.467s][info][gc,nmethod  ] GC(255) NMethods: 1376 registered, 55 unregistered
[50.467s][info][gc,metaspace] GC(255) Metaspace: 8M used, 8M committed, 1088M reserved
[50.467s][info][gc,ref      ] GC(255) Soft: 174 encountered, 0 discovered, 0 enqueued
[50.467s][info][gc,ref      ] GC(255) Weak: 570 encountered, 5 discovered, 0 enqueued
[50.467s][info][gc,ref      ] GC(255) Final: 0 encountered, 0 discovered, 0 enqueued
[50.467s][info][gc,ref      ] GC(255) Phantom: 21 encountered, 10 discovered, 0 enqueued
[50.467s][info][gc,reloc    ] GC(255) Small Pages: 341 / 682M, Empty: 628M, Relocated: 6M, In-Place: 0
[50.467s][info][gc,reloc    ] GC(255) Medium Pages: 2 / 64M, Empty: 0M, Relocated: 2M, In-Place: 0
[50.467s][info][gc,reloc    ] GC(255) Large Pages: 0 / 0M, Empty: 0M, Relocated: 0M, In-Place: 0
[50.467s][info][gc,reloc    ] GC(255) Forwarding Usage: 3M
[50.467s][info][gc,heap     ] GC(255) Min Capacity: 8M(1%)
[50.467s][info][gc,heap     ] GC(255) Max Capacity: 1024M(100%)
[50.467s][info][gc,heap     ] GC(255) Soft Max Capacity: 1024M(100%)
[50.467s][info][gc,heap     ] GC(255)                Mark Start          Mark End        Relocate Start      Relocate End           High               Low         
[50.467s][info][gc,heap     ] GC(255)  Capacity:     1024M (100%)       1024M (100%)       1024M (100%)       1024M (100%)       1024M (100%)       1024M (100%)   
[50.467s][info][gc,heap     ] GC(255)      Free:      278M (27%)         168M (16%)         772M (75%)         804M (79%)         820M (80%)         162M (16%)    
[50.467s][info][gc,heap     ] GC(255)      Used:      746M (73%)         856M (84%)         252M (25%)         220M (21%)         862M (84%)         204M (20%)    
[50.467s][info][gc,heap     ] GC(255)      Live:         -                25M (2%)           25M (2%)           25M (2%)             -                  -          
[50.467s][info][gc,heap     ] GC(255) Allocated:         -               110M (11%)         134M (13%)         159M (16%)            -                  -          
[50.467s][info][gc,heap     ] GC(255)   Garbage:         -               720M (70%)          92M (9%)           34M (3%)             -                  -          
[50.467s][info][gc,heap     ] GC(255) Reclaimed:         -                  -               628M (61%)         685M (67%)            -                  -          
[50.467s][info][gc          ] GC(255) Garbage Collection (Allocation Rate) 746M(73%)->220M(21%)
[50.601s][info][gc,start    ] GC(256) Garbage Collection (Allocation Rate)
[50.601s][info][gc,task     ] GC(256) Using 2 workers
[50.601s][info][gc,phases   ] GC(256) Pause Mark Start 0.015ms
[50.668s][info][gc,phases   ] GC(256) Concurrent Mark 67.277ms
[50.669s][info][gc,phases   ] GC(256) Pause Mark End 0.019ms
[50.669s][info][gc,phases   ] GC(256) Concurrent Mark Free 0.001ms
[50.671s][info][gc,phases   ] GC(256) Concurrent Process Non-Strong References 2.018ms
[50.671s][info][gc,phases   ] GC(256) Concurrent Reset Relocation Set 0.004ms
[50.675s][info][gc,phases   ] GC(256) Concurrent Select Relocation Set 4.077ms
[50.675s][info][gc,phases   ] GC(256) Pause Relocate Start 0.007ms
[50.678s][info][gc,phases   ] GC(256) Concurrent Relocate 2.578ms
[50.678s][info][gc,load     ] GC(256) Load: 0.00/0.00/0.00
[50.678s][info][gc,mmu      ] GC(256) MMU: 2ms/98.9%, 5ms/99.4%, 10ms/99.7%, 20ms/99.7%, 50ms/99.9%, 100ms/99.9%
[50.678s][info][gc,marking  ] GC(256) Mark: 2 stripe(s), 2 proactive flush(es), 1 terminate flush(es), 0 completion(s), 0 continuation(s) 
[50.678s][info][gc,marking  ] GC(256) Mark Stack Usage: 32M
[50.678s][info][gc,nmethod  ] GC(256) NMethods: 1376 registered, 55 unregistered
[50.678s][info][gc,metaspace] GC(256) Metaspace: 8M used, 8M committed, 1088M reserved
[50.678s][info][gc,ref      ] GC(256) Soft: 174 encountered, 0 discovered, 0 enqueued
[50.678s][info][gc,ref      ] GC(256) Weak: 570 encountered, 92 discovered, 0 enqueued
[50.678s][info][gc,ref      ] GC(256) Final: 0 encountered, 0 discovered, 0 enqueued
[50.678s][info][gc,ref      ] GC(256) Phantom: 21 encountered, 10 discovered, 0 enqueued
[50.678s][info][gc,reloc    ] GC(256) Small Pages: 265 / 530M, Empty: 480M, Relocated: 2M, In-Place: 0
[50.678s][info][gc,reloc    ] GC(256) Medium Pages: 2 / 64M, Empty: 0M, Relocated: 2M, In-Place: 0
[50.678s][info][gc,reloc    ] GC(256) Large Pages: 0 / 0M, Empty: 0M, Relocated: 0M, In-Place: 0
[50.678s][info][gc,reloc    ] GC(256) Forwarding Usage: 1M
[50.678s][info][gc,heap     ] GC(256) Min Capacity: 8M(1%)
[50.678s][info][gc,heap     ] GC(256) Max Capacity: 1024M(100%)
[50.678s][info][gc,heap     ] GC(256) Soft Max Capacity: 1024M(100%)
[50.678s][info][gc,heap     ] GC(256)                Mark Start          Mark End        Relocate Start      Relocate End           High               Low         
[50.678s][info][gc,heap     ] GC(256)  Capacity:     1024M (100%)       1024M (100%)       1024M (100%)       1024M (100%)       1024M (100%)       1024M (100%)   
[50.678s][info][gc,heap     ] GC(256)      Free:      430M (42%)         252M (25%)         716M (70%)         762M (74%)         762M (74%)         248M (24%)    
[50.678s][info][gc,heap     ] GC(256)      Used:      594M (58%)         772M (75%)         308M (30%)         262M (26%)         776M (76%)         262M (26%)    
[50.678s][info][gc,heap     ] GC(256)      Live:         -                26M (3%)           26M (3%)           26M (3%)             -                  -          
[50.678s][info][gc,heap     ] GC(256) Allocated:         -               178M (17%)         194M (19%)         199M (20%)            -                  -          
[50.678s][info][gc,heap     ] GC(256)   Garbage:         -               567M (55%)          87M (9%)           35M (3%)             -                  -          
[50.678s][info][gc,heap     ] GC(256) Reclaimed:         -                  -               480M (47%)         531M (52%)            -                  -          
[50.678s][info][gc          ] GC(256) Garbage Collection (Allocation Rate) 594M(58%)->262M(26%)
[50.793s][info][gc,start    ] GC(257) Garbage Collection (Allocation Rate)
[50.793s][info][gc,task     ] GC(257) Using 2 workers
[50.794s][info][gc,phases   ] GC(257) Pause Mark Start 0.013ms
[50.856s][info][gc,phases   ] GC(257) Concurrent Mark 62.152ms
[50.856s][info][gc,phases   ] GC(257) Pause Mark End 0.011ms
[50.856s][info][gc,phases   ] GC(257) Concurrent Mark Free 0.001ms
[50.859s][info][gc,phases   ] GC(257) Concurrent Process Non-Strong References 2.531ms
[50.859s][info][gc,phases   ] GC(257) Concurrent Reset Relocation Set 0.003ms
[50.864s][info][gc,phases   ] GC(257) Concurrent Select Relocation Set 5.864ms
[50.865s][info][gc,phases   ] GC(257) Pause Relocate Start 0.003ms
[50.869s][info][gc,phases   ] GC(257) Concurrent Relocate 4.483ms
[50.869s][info][gc,load     ] GC(257) Load: 0.00/0.00/0.00
[50.869s][info][gc,mmu      ] GC(257) MMU: 2ms/98.9%, 5ms/99.4%, 10ms/99.7%, 20ms/99.7%, 50ms/99.9%, 100ms/99.9%
[50.869s][info][gc,marking  ] GC(257) Mark: 2 stripe(s), 2 proactive flush(es), 1 terminate flush(es), 0 completion(s), 0 continuation(s) 
[50.869s][info][gc,marking  ] GC(257) Mark Stack Usage: 32M
[50.869s][info][gc,nmethod  ] GC(257) NMethods: 1376 registered, 55 unregistered
[50.869s][info][gc,metaspace] GC(257) Metaspace: 8M used, 8M committed, 1088M reserved
[50.869s][info][gc,ref      ] GC(257) Soft: 174 encountered, 0 discovered, 0 enqueued
[50.869s][info][gc,ref      ] GC(257) Weak: 570 encountered, 8 discovered, 0 enqueued
[50.869s][info][gc,ref      ] GC(257) Final: 0 encountered, 0 discovered, 0 enqueued
[50.869s][info][gc,ref      ] GC(257) Phantom: 21 encountered, 19 discovered, 0 enqueued
[50.869s][info][gc,reloc    ] GC(257) Small Pages: 260 / 520M, Empty: 474M, Relocated: 3M, In-Place: 0
[50.869s][info][gc,reloc    ] GC(257) Medium Pages: 1 / 32M, Empty: 0M, Relocated: 0M, In-Place: 0
[50.870s][info][gc,reloc    ] GC(257) Large Pages: 0 / 0M, Empty: 0M, Relocated: 0M, In-Place: 0
[50.870s][info][gc,reloc    ] GC(257) Forwarding Usage: 1M
[50.870s][info][gc,heap     ] GC(257) Min Capacity: 8M(1%)
[50.870s][info][gc,heap     ] GC(257) Max Capacity: 1024M(100%)
[50.870s][info][gc,heap     ] GC(257) Soft Max Capacity: 1024M(100%)
[50.870s][info][gc,heap     ] GC(257)                Mark Start          Mark End        Relocate Start      Relocate End           High               Low         
[50.870s][info][gc,heap     ] GC(257)  Capacity:     1024M (100%)       1024M (100%)       1024M (100%)       1024M (100%)       1024M (100%)       1024M (100%)   
[50.870s][info][gc,heap     ] GC(257)      Free:      472M (46%)         304M (30%)         754M (74%)         758M (74%)         762M (74%)         296M (29%)    
[50.870s][info][gc,heap     ] GC(257)      Used:      552M (54%)         720M (70%)         270M (26%)         266M (26%)         728M (71%)         262M (26%)    
[50.870s][info][gc,heap     ] GC(257)      Live:         -                28M (3%)           28M (3%)           28M (3%)             -                  -          
[50.870s][info][gc,heap     ] GC(257) Allocated:         -               168M (16%)         192M (19%)         201M (20%)            -                  -          
[50.870s][info][gc,heap     ] GC(257)   Garbage:         -               523M (51%)          49M (5%)           35M (4%)             -                  -          
[50.870s][info][gc,heap     ] GC(257) Reclaimed:         -                  -               474M (46%)         487M (48%)            -                  -          
[50.870s][info][gc          ] GC(257) Garbage Collection (Allocation Rate) 552M(54%)->266M(26%)
[51.103s][info][gc,start    ] GC(258) Garbage Collection (Allocation Rate)
[51.104s][info][gc,task     ] GC(258) Using 2 workers
[51.104s][info][gc,phases   ] GC(258) Pause Mark Start 0.011ms
[51.175s][info][gc,phases   ] GC(258) Concurrent Mark 71.095ms
[51.175s][info][gc,phases   ] GC(258) Pause Mark End 0.012ms
[51.175s][info][gc,phases   ] GC(258) Concurrent Mark Free 0.001ms
[51.178s][info][gc,phases   ] GC(258) Concurrent Process Non-Strong References 2.471ms
[51.178s][info][gc,phases   ] GC(258) Concurrent Reset Relocation Set 0.002ms
[51.181s][info][gc,phases   ] GC(258) Concurrent Select Relocation Set 3.763ms
[51.181s][info][gc,phases   ] GC(258) Pause Relocate Start 0.008ms
[51.185s][info][gc,phases   ] GC(258) Concurrent Relocate 3.659ms
[51.185s][info][gc,load     ] GC(258) Load: 0.00/0.00/0.00
[51.185s][info][gc,mmu      ] GC(258) MMU: 2ms/98.9%, 5ms/99.4%, 10ms/99.7%, 20ms/99.7%, 50ms/99.9%, 100ms/99.9%
[51.185s][info][gc,marking  ] GC(258) Mark: 2 stripe(s), 2 proactive flush(es), 1 terminate flush(es), 0 completion(s), 0 continuation(s) 
[51.185s][info][gc,marking  ] GC(258) Mark Stack Usage: 32M
[51.185s][info][gc,nmethod  ] GC(258) NMethods: 1376 registered, 55 unregistered
[51.185s][info][gc,metaspace] GC(258) Metaspace: 8M used, 8M committed, 1088M reserved
[51.185s][info][gc,ref      ] GC(258) Soft: 174 encountered, 0 discovered, 0 enqueued
[51.185s][info][gc,ref      ] GC(258) Weak: 570 encountered, 5 discovered, 0 enqueued
[51.186s][info][gc,ref      ] GC(258) Final: 0 encountered, 0 discovered, 0 enqueued
[51.186s][info][gc,ref      ] GC(258) Phantom: 21 encountered, 17 discovered, 0 enqueued
[51.186s][info][gc,reloc    ] GC(258) Small Pages: 215 / 430M, Empty: 372M, Relocated: 3M, In-Place: 0
[51.186s][info][gc,reloc    ] GC(258) Medium Pages: 2 / 64M, Empty: 0M, Relocated: 4M, In-Place: 0
[51.186s][info][gc,reloc    ] GC(258) Large Pages: 0 / 0M, Empty: 0M, Relocated: 0M, In-Place: 0
[51.186s][info][gc,reloc    ] GC(258) Forwarding Usage: 1M
[51.186s][info][gc,heap     ] GC(258) Min Capacity: 8M(1%)
[51.186s][info][gc,heap     ] GC(258) Max Capacity: 1024M(100%)
[51.186s][info][gc,heap     ] GC(258) Soft Max Capacity: 1024M(100%)
[51.186s][info][gc,heap     ] GC(258)                Mark Start          Mark End        Relocate Start      Relocate End           High               Low         
[51.186s][info][gc,heap     ] GC(258)  Capacity:     1024M (100%)       1024M (100%)       1024M (100%)       1024M (100%)       1024M (100%)       1024M (100%)   
[51.186s][info][gc,heap     ] GC(258)      Free:      530M (52%)         490M (48%)         862M (84%)         900M (88%)         900M (88%)         490M (48%)    
[51.186s][info][gc,heap     ] GC(258)      Used:      494M (48%)         534M (52%)         162M (16%)         124M (12%)         534M (52%)         124M (12%)    
[51.186s][info][gc,heap     ] GC(258)      Live:         -                47M (5%)           47M (5%)           47M (5%)             -                  -          
[51.186s][info][gc,heap     ] GC(258) Allocated:         -                40M (4%)           40M (4%)           39M (4%)             -                  -          
[51.186s][info][gc,heap     ] GC(258)   Garbage:         -               446M (44%)          74M (7%)           36M (4%)             -                  -          
[51.186s][info][gc,heap     ] GC(258) Reclaimed:         -                  -               372M (36%)         409M (40%)            -                  -          
[51.186s][info][gc          ] GC(258) Garbage Collection (Allocation Rate) 494M(48%)->124M(12%)
[51.387s][info][gc,start    ] GC(259) Garbage Collection (System.gc())
[51.387s][info][gc,task     ] GC(259) Using 10 workers
[51.387s][info][gc,phases   ] GC(259) Pause Mark Start 0.014ms
[51.404s][info][gc,phases   ] GC(259) Concurrent Mark 16.243ms
[51.404s][info][gc,phases   ] GC(259) Pause Mark End 0.018ms
[51.404s][info][gc,phases   ] GC(259) Concurrent Mark Free 0.001ms
[51.404s][info][gc,phases   ] GC(259) Concurrent Process Non-Strong References 0.625ms
[51.405s][info][gc,phases   ] GC(259) Concurrent Reset Relocation Set 0.002ms
[51.408s][info][gc,phases   ] GC(259) Concurrent Select Relocation Set 3.598ms
[51.408s][info][gc,phases   ] GC(259) Pause Relocate Start 0.008ms
[51.410s][info][gc,phases   ] GC(259) Concurrent Relocate 1.202ms
[51.410s][info][gc,load     ] GC(259) Load: 0.00/0.00/0.00
[51.410s][info][gc,mmu      ] GC(259) MMU: 2ms/98.9%, 5ms/99.4%, 10ms/99.7%, 20ms/99.7%, 50ms/99.9%, 100ms/99.9%
[51.410s][info][gc,marking  ] GC(259) Mark: 8 stripe(s), 1 proactive flush(es), 1 terminate flush(es), 0 completion(s), 0 continuation(s) 
[51.410s][info][gc,marking  ] GC(259) Mark Stack Usage: 32M
[51.410s][info][gc,nmethod  ] GC(259) NMethods: 1376 registered, 55 unregistered
[51.410s][info][gc,metaspace] GC(259) Metaspace: 8M used, 8M committed, 1088M reserved
[51.410s][info][gc,ref      ] GC(259) Soft: 174 encountered, 0 discovered, 0 enqueued
[51.410s][info][gc,ref      ] GC(259) Weak: 570 encountered, 5 discovered, 0 enqueued
[51.410s][info][gc,ref      ] GC(259) Final: 0 encountered, 0 discovered, 0 enqueued
[51.410s][info][gc,ref      ] GC(259) Phantom: 21 encountered, 21 discovered, 0 enqueued
[51.410s][info][gc,reloc    ] GC(259) Small Pages: 55 / 110M, Empty: 98M, Relocated: 1M, In-Place: 0
[51.410s][info][gc,reloc    ] GC(259) Medium Pages: 2 / 64M, Empty: 64M, Relocated: 0M, In-Place: 0
[51.410s][info][gc,reloc    ] GC(259) Large Pages: 0 / 0M, Empty: 0M, Relocated: 0M, In-Place: 0
[51.410s][info][gc,reloc    ] GC(259) Forwarding Usage: 0M
[51.410s][info][gc,heap     ] GC(259) Min Capacity: 8M(1%)
[51.410s][info][gc,heap     ] GC(259) Max Capacity: 1024M(100%)
[51.410s][info][gc,heap     ] GC(259) Soft Max Capacity: 1024M(100%)
[51.410s][info][gc,heap     ] GC(259)                Mark Start          Mark End        Relocate Start      Relocate End           High               Low         
[51.410s][info][gc,heap     ] GC(259)  Capacity:     1024M (100%)       1024M (100%)       1024M (100%)       1024M (100%)       1024M (100%)       1024M (100%)   
[51.410s][info][gc,heap     ] GC(259)      Free:      850M (83%)         850M (83%)        1012M (99%)        1012M (99%)        1012M (99%)         850M (83%)    
[51.410s][info][gc,heap     ] GC(259)      Used:      174M (17%)         174M (17%)          12M (1%)           12M (1%)          174M (17%)          12M (1%)     
[51.410s][info][gc,heap     ] GC(259)      Live:         -                 4M (0%)            4M (0%)            4M (0%)             -                  -          
[51.410s][info][gc,heap     ] GC(259) Allocated:         -                 0M (0%)            0M (0%)            0M (0%)             -                  -          
[51.410s][info][gc,heap     ] GC(259)   Garbage:         -               169M (17%)           7M (1%)            7M (1%)             -                  -          
[51.410s][info][gc,heap     ] GC(259) Reclaimed:         -                  -               162M (16%)         162M (16%)            -                  -          
[51.410s][info][gc          ] GC(259) Garbage Collection (System.gc()) 174M(17%)->12M(1%)
[51.591s][info][gc,start    ] GC(260) Garbage Collection (Allocation Rate)
[51.591s][info][gc,task     ] GC(260) Using 10 workers
[51.591s][info][gc,phases   ] GC(260) Pause Mark Start 0.016ms
[51.607s][info][gc,phases   ] GC(260) Concurrent Mark 15.477ms
[51.607s][info][gc,phases   ] GC(260) Pause Mark End 0.018ms
[51.607s][info][gc,phases   ] GC(260) Concurrent Mark Free 0.001ms
[51.608s][info][gc,phases   ] GC(260) Concurrent Process Non-Strong References 0.721ms
[51.608s][info][gc,phases   ] GC(260) Concurrent Reset Relocation Set 0.001ms
[51.612s][info][gc,phases   ] GC(260) Concurrent Select Relocation Set 4.391ms
[51.612s][info][gc,phases   ] GC(260) Pause Relocate Start 0.006ms
[51.614s][info][gc,phases   ] GC(260) Concurrent Relocate 1.451ms
[51.614s][info][gc,load     ] GC(260) Load: 0.00/0.00/0.00
[51.614s][info][gc,mmu      ] GC(260) MMU: 2ms/98.9%, 5ms/99.4%, 10ms/99.7%, 20ms/99.7%, 50ms/99.9%, 100ms/99.9%
[51.614s][info][gc,marking  ] GC(260) Mark: 8 stripe(s), 2 proactive flush(es), 1 terminate flush(es), 0 completion(s), 0 continuation(s) 
[51.614s][info][gc,marking  ] GC(260) Mark Stack Usage: 32M
[51.614s][info][gc,nmethod  ] GC(260) NMethods: 1377 registered, 55 unregistered
[51.614s][info][gc,metaspace] GC(260) Metaspace: 8M used, 8M committed, 1088M reserved
[51.614s][info][gc,ref      ] GC(260) Soft: 174 encountered, 0 discovered, 0 enqueued
[51.614s][info][gc,ref      ] GC(260) Weak: 570 encountered, 3 discovered, 0 enqueued
[51.614s][info][gc,ref      ] GC(260) Final: 0 encountered, 0 discovered, 0 enqueued
[51.614s][info][gc,ref      ] GC(260) Phantom: 21 encountered, 19 discovered, 0 enqueued
[51.614s][info][gc,reloc    ] GC(260) Small Pages: 240 / 480M, Empty: 454M, Relocated: 2M, In-Place: 0
[51.614s][info][gc,reloc    ] GC(260) Medium Pages: 0 / 0M, Empty: 0M, Relocated: 0M, In-Place: 0
[51.614s][info][gc,reloc    ] GC(260) Large Pages: 0 / 0M, Empty: 0M, Relocated: 0M, In-Place: 0
[51.614s][info][gc,reloc    ] GC(260) Forwarding Usage: 0M
[51.614s][info][gc,heap     ] GC(260) Min Capacity: 8M(1%)
[51.614s][info][gc,heap     ] GC(260) Max Capacity: 1024M(100%)
[51.614s][info][gc,heap     ] GC(260) Soft Max Capacity: 1024M(100%)
[51.614s][info][gc,heap     ] GC(260)                Mark Start          Mark End        Relocate Start      Relocate End           High               Low         
[51.614s][info][gc,heap     ] GC(260)  Capacity:     1024M (100%)       1024M (100%)       1024M (100%)       1024M (100%)       1024M (100%)       1024M (100%)   
[51.614s][info][gc,heap     ] GC(260)      Free:      544M (53%)         502M (49%)         944M (92%)         942M (92%)         944M (92%)         500M (49%)    
[51.615s][info][gc,heap     ] GC(260)      Used:      480M (47%)         522M (51%)          80M (8%)           82M (8%)          524M (51%)          80M (8%)     
[51.615s][info][gc,heap     ] GC(260)      Live:         -                 5M (1%)            5M (1%)            5M (1%)             -                  -          
[51.615s][info][gc,heap     ] GC(260) Allocated:         -                42M (4%)           54M (5%)           57M (6%)             -                  -          
[51.615s][info][gc,heap     ] GC(260)   Garbage:         -               474M (46%)          20M (2%)           18M (2%)             -                  -          
[51.615s][info][gc,heap     ] GC(260) Reclaimed:         -                  -               454M (44%)         455M (45%)            -                  -          
[51.615s][info][gc          ] GC(260) Garbage Collection (Allocation Rate) 480M(47%)->82M(8%)
[51.796s][info][gc,start    ] GC(261) Garbage Collection (Allocation Rate)
[51.796s][info][gc,task     ] GC(261) Using 10 workers
[51.796s][info][gc,phases   ] GC(261) Pause Mark Start 0.018ms
[51.811s][info][gc,phases   ] GC(261) Concurrent Mark 15.237ms
[51.811s][info][gc,phases   ] GC(261) Pause Mark End 0.017ms
[51.811s][info][gc,phases   ] GC(261) Concurrent Mark Free 0.001ms
[51.812s][info][gc,phases   ] GC(261) Concurrent Process Non-Strong References 0.701ms
[51.812s][info][gc,phases   ] GC(261) Concurrent Reset Relocation Set 0.002ms
[51.817s][info][gc,phases   ] GC(261) Concurrent Select Relocation Set 4.680ms
[51.817s][info][gc,phases   ] GC(261) Pause Relocate Start 0.006ms
[51.819s][info][gc,phases   ] GC(261) Concurrent Relocate 1.865ms
[51.819s][info][gc,load     ] GC(261) Load: 0.00/0.00/0.00
[51.819s][info][gc,mmu      ] GC(261) MMU: 2ms/98.9%, 5ms/99.4%, 10ms/99.7%, 20ms/99.7%, 50ms/99.9%, 100ms/99.9%
[51.819s][info][gc,marking  ] GC(261) Mark: 8 stripe(s), 2 proactive flush(es), 1 terminate flush(es), 0 completion(s), 0 continuation(s) 
[51.819s][info][gc,marking  ] GC(261) Mark Stack Usage: 32M
[51.819s][info][gc,nmethod  ] GC(261) NMethods: 1377 registered, 55 unregistered
[51.819s][info][gc,metaspace] GC(261) Metaspace: 8M used, 8M committed, 1088M reserved
[51.819s][info][gc,ref      ] GC(261) Soft: 174 encountered, 0 discovered, 0 enqueued
[51.819s][info][gc,ref      ] GC(261) Weak: 570 encountered, 2 discovered, 0 enqueued
[51.819s][info][gc,ref      ] GC(261) Final: 0 encountered, 0 discovered, 0 enqueued
[51.819s][info][gc,ref      ] GC(261) Phantom: 21 encountered, 18 discovered, 0 enqueued
[51.819s][info][gc,reloc    ] GC(261) Small Pages: 274 / 548M, Empty: 512M, Relocated: 2M, In-Place: 0
[51.819s][info][gc,reloc    ] GC(261) Medium Pages: 1 / 32M, Empty: 0M, Relocated: 0M, In-Place: 0
[51.819s][info][gc,reloc    ] GC(261) Large Pages: 0 / 0M, Empty: 0M, Relocated: 0M, In-Place: 0
[51.819s][info][gc,reloc    ] GC(261) Forwarding Usage: 1M
[51.819s][info][gc,heap     ] GC(261) Min Capacity: 8M(1%)
[51.820s][info][gc,heap     ] GC(261) Max Capacity: 1024M(100%)
[51.820s][info][gc,heap     ] GC(261) Soft Max Capacity: 1024M(100%)
[51.820s][info][gc,heap     ] GC(261)                Mark Start          Mark End        Relocate Start      Relocate End           High               Low         
[51.820s][info][gc,heap     ] GC(261)  Capacity:     1024M (100%)       1024M (100%)       1024M (100%)       1024M (100%)       1024M (100%)       1024M (100%)   
[51.820s][info][gc,heap     ] GC(261)      Free:      444M (43%)         404M (39%)         902M (88%)         910M (89%)         914M (89%)         402M (39%)    
[51.820s][info][gc,heap     ] GC(261)      Used:      580M (57%)         620M (61%)         122M (12%)         114M (11%)         622M (61%)         110M (11%)    
[51.820s][info][gc,heap     ] GC(261)      Live:         -                 7M (1%)            7M (1%)            7M (1%)             -                  -          
[51.820s][info][gc,heap     ] GC(261) Allocated:         -                40M (4%)           54M (5%)           55M (5%)             -                  -          
[51.820s][info][gc,heap     ] GC(261)   Garbage:         -               572M (56%)          60M (6%)           50M (5%)             -                  -          
[51.820s][info][gc,heap     ] GC(261) Reclaimed:         -                  -               512M (50%)         521M (51%)            -                  -          
[51.820s][info][gc          ] GC(261) Garbage Collection (Allocation Rate) 580M(57%)->114M(11%)
[52.000s][info][gc,start    ] GC(262) Garbage Collection (Allocation Rate)
[52.001s][info][gc,task     ] GC(262) Using 2 workers
[52.001s][info][gc,phases   ] GC(262) Pause Mark Start 0.012ms
[52.032s][info][gc,phases   ] GC(262) Concurrent Mark 30.967ms
[52.032s][info][gc,phases   ] GC(262) Pause Mark End 0.015ms
[52.032s][info][gc,phases   ] GC(262) Concurrent Mark Free 0.001ms
[52.035s][info][gc,phases   ] GC(262) Concurrent Process Non-Strong References 2.618ms
[52.035s][info][gc,phases   ] GC(262) Concurrent Reset Relocation Set 0.003ms
[52.041s][info][gc,phases   ] GC(262) Concurrent Select Relocation Set 5.909ms
[52.041s][info][gc,phases   ] GC(262) Pause Relocate Start 0.006ms
[52.047s][info][gc,phases   ] GC(262) Concurrent Relocate 6.681ms
[52.047s][info][gc,load     ] GC(262) Load: 0.00/0.00/0.00
[52.047s][info][gc,mmu      ] GC(262) MMU: 2ms/98.9%, 5ms/99.4%, 10ms/99.7%, 20ms/99.7%, 50ms/99.9%, 100ms/99.9%
[52.048s][info][gc,marking  ] GC(262) Mark: 2 stripe(s), 2 proactive flush(es), 1 terminate flush(es), 0 completion(s), 0 continuation(s) 
[52.048s][info][gc,marking  ] GC(262) Mark Stack Usage: 32M
[52.048s][info][gc,nmethod  ] GC(262) NMethods: 1377 registered, 55 unregistered
[52.048s][info][gc,metaspace] GC(262) Metaspace: 8M used, 8M committed, 1088M reserved
[52.048s][info][gc,ref      ] GC(262) Soft: 174 encountered, 0 discovered, 0 enqueued
[52.048s][info][gc,ref      ] GC(262) Weak: 570 encountered, 421 discovered, 0 enqueued
[52.048s][info][gc,ref      ] GC(262) Final: 0 encountered, 0 discovered, 0 enqueued
[52.048s][info][gc,ref      ] GC(262) Phantom: 21 encountered, 17 discovered, 0 enqueued
[52.048s][info][gc,reloc    ] GC(262) Small Pages: 274 / 548M, Empty: 510M, Relocated: 5M, In-Place: 0
[52.048s][info][gc,reloc    ] GC(262) Medium Pages: 1 / 32M, Empty: 0M, Relocated: 0M, In-Place: 0
[52.048s][info][gc,reloc    ] GC(262) Large Pages: 0 / 0M, Empty: 0M, Relocated: 0M, In-Place: 0
[52.048s][info][gc,reloc    ] GC(262) Forwarding Usage: 2M
[52.048s][info][gc,heap     ] GC(262) Min Capacity: 8M(1%)
[52.048s][info][gc,heap     ] GC(262) Max Capacity: 1024M(100%)
[52.048s][info][gc,heap     ] GC(262) Soft Max Capacity: 1024M(100%)
[52.048s][info][gc,heap     ] GC(262)                Mark Start          Mark End        Relocate Start      Relocate End           High               Low         
[52.048s][info][gc,heap     ] GC(262)  Capacity:     1024M (100%)       1024M (100%)       1024M (100%)       1024M (100%)       1024M (100%)       1024M (100%)   
[52.048s][info][gc,heap     ] GC(262)      Free:      444M (43%)         362M (35%)         848M (83%)         856M (84%)         866M (85%)         354M (35%)    
[52.048s][info][gc,heap     ] GC(262)      Used:      580M (57%)         662M (65%)         176M (17%)         168M (16%)         670M (65%)         158M (15%)    
[52.048s][info][gc,heap     ] GC(262)      Live:         -                 8M (1%)            8M (1%)            8M (1%)             -                  -          
[52.048s][info][gc,heap     ] GC(262) Allocated:         -                82M (8%)          106M (10%)         123M (12%)            -                  -          
[52.048s][info][gc,heap     ] GC(262)   Garbage:         -               571M (56%)          61M (6%)           35M (3%)             -                  -          
[52.048s][info][gc,heap     ] GC(262) Reclaimed:         -                  -               510M (50%)         535M (52%)            -                  -          
[52.048s][info][gc          ] GC(262) Garbage Collection (Allocation Rate) 580M(57%)->168M(16%)
[52.197s][info][gc,start    ] GC(263) Garbage Collection (Allocation Rate)
[52.197s][info][gc,task     ] GC(263) Using 2 workers
[52.197s][info][gc,phases   ] GC(263) Pause Mark Start 0.017ms
[52.228s][info][gc,phases   ] GC(263) Concurrent Mark 30.903ms
[52.228s][info][gc,phases   ] GC(263) Pause Mark End 0.015ms
[52.228s][info][gc,phases   ] GC(263) Concurrent Mark Free 0.001ms
[52.231s][info][gc,phases   ] GC(263) Concurrent Process Non-Strong References 2.534ms
[52.231s][info][gc,phases   ] GC(263) Concurrent Reset Relocation Set 0.004ms
[52.235s][info][gc,phases   ] GC(263) Concurrent Select Relocation Set 3.817ms
[52.235s][info][gc,phases   ] GC(263) Pause Relocate Start 0.005ms
[52.239s][info][gc,phases   ] GC(263) Concurrent Relocate 4.530ms
[52.239s][info][gc,load     ] GC(263) Load: 0.00/0.00/0.00
[52.239s][info][gc,mmu      ] GC(263) MMU: 2ms/98.9%, 5ms/99.4%, 10ms/99.7%, 20ms/99.7%, 50ms/99.9%, 100ms/99.9%
[52.239s][info][gc,marking  ] GC(263) Mark: 2 stripe(s), 2 proactive flush(es), 1 terminate flush(es), 0 completion(s), 0 continuation(s) 
[52.239s][info][gc,marking  ] GC(263) Mark Stack Usage: 32M
[52.240s][info][gc,nmethod  ] GC(263) NMethods: 1377 registered, 55 unregistered
[52.240s][info][gc,metaspace] GC(263) Metaspace: 8M used, 8M committed, 1088M reserved
[52.240s][info][gc,ref      ] GC(263) Soft: 174 encountered, 0 discovered, 0 enqueued
[52.240s][info][gc,ref      ] GC(263) Weak: 570 encountered, 5 discovered, 0 enqueued
[52.240s][info][gc,ref      ] GC(263) Final: 0 encountered, 0 discovered, 0 enqueued
[52.240s][info][gc,ref      ] GC(263) Phantom: 21 encountered, 17 discovered, 0 enqueued
[52.240s][info][gc,reloc    ] GC(263) Small Pages: 237 / 474M, Empty: 436M, Relocated: 3M, In-Place: 0
[52.240s][info][gc,reloc    ] GC(263) Medium Pages: 2 / 64M, Empty: 32M, Relocated: 0M, In-Place: 0
[52.240s][info][gc,reloc    ] GC(263) Large Pages: 0 / 0M, Empty: 0M, Relocated: 0M, In-Place: 0
[52.240s][info][gc,reloc    ] GC(263) Forwarding Usage: 1M
[52.240s][info][gc,heap     ] GC(263) Min Capacity: 8M(1%)
[52.240s][info][gc,heap     ] GC(263) Max Capacity: 1024M(100%)
[52.240s][info][gc,heap     ] GC(263) Soft Max Capacity: 1024M(100%)
[52.240s][info][gc,heap     ] GC(263)                Mark Start          Mark End        Relocate Start      Relocate End           High               Low         
[52.240s][info][gc,heap     ] GC(263)  Capacity:     1024M (100%)       1024M (100%)       1024M (100%)       1024M (100%)       1024M (100%)       1024M (100%)   
[52.240s][info][gc,heap     ] GC(263)      Free:      486M (47%)         404M (39%)         854M (83%)         866M (85%)         872M (85%)         396M (39%)    
[52.240s][info][gc,heap     ] GC(263)      Used:      538M (53%)         620M (61%)         170M (17%)         158M (15%)         628M (61%)         152M (15%)    
[52.240s][info][gc,heap     ] GC(263)      Live:         -                10M (1%)           10M (1%)           10M (1%)             -                  -          
[52.240s][info][gc,heap     ] GC(263) Allocated:         -                82M (8%)          100M (10%)         111M (11%)            -                  -          
[52.240s][info][gc,heap     ] GC(263)   Garbage:         -               527M (52%)          59M (6%)           35M (4%)             -                  -          
[52.240s][info][gc,heap     ] GC(263) Reclaimed:         -                  -               468M (46%)         491M (48%)            -                  -          
[52.240s][info][gc          ] GC(263) Garbage Collection (Allocation Rate) 538M(53%)->158M(15%)
[52.291s][info][gc,start    ] GC(264) Garbage Collection (Allocation Rate)
[52.291s][info][gc,task     ] GC(264) Using 5 workers
[52.291s][info][gc,phases   ] GC(264) Pause Mark Start 0.014ms
[52.306s][info][gc,phases   ] GC(264) Concurrent Mark 15.337ms
[52.306s][info][gc,phases   ] GC(264) Pause Mark End 0.012ms
[52.306s][info][gc,phases   ] GC(264) Concurrent Mark Free 0.001ms
[52.307s][info][gc,phases   ] GC(264) Concurrent Process Non-Strong References 1.090ms
[52.307s][info][gc,phases   ] GC(264) Concurrent Reset Relocation Set 0.002ms
[52.314s][info][gc,phases   ] GC(264) Concurrent Select Relocation Set 6.439ms
[52.314s][info][gc,phases   ] GC(264) Pause Relocate Start 0.007ms
[52.319s][info][gc,phases   ] GC(264) Concurrent Relocate 4.937ms
[52.319s][info][gc,load     ] GC(264) Load: 0.00/0.00/0.00
[52.319s][info][gc,mmu      ] GC(264) MMU: 2ms/98.9%, 5ms/99.4%, 10ms/99.7%, 20ms/99.7%, 50ms/99.9%, 100ms/99.9%
[52.319s][info][gc,marking  ] GC(264) Mark: 4 stripe(s), 3 proactive flush(es), 1 terminate flush(es), 0 completion(s), 0 continuation(s) 
[52.319s][info][gc,marking  ] GC(264) Mark Stack Usage: 32M
[52.319s][info][gc,nmethod  ] GC(264) NMethods: 1377 registered, 55 unregistered
[52.319s][info][gc,metaspace] GC(264) Metaspace: 8M used, 8M committed, 1088M reserved
[52.319s][info][gc,ref      ] GC(264) Soft: 174 encountered, 0 discovered, 0 enqueued
[52.319s][info][gc,ref      ] GC(264) Weak: 570 encountered, 9 discovered, 0 enqueued
[52.319s][info][gc,ref      ] GC(264) Final: 0 encountered, 0 discovered, 0 enqueued
[52.319s][info][gc,ref      ] GC(264) Phantom: 21 encountered, 11 discovered, 0 enqueued
[52.319s][info][gc,reloc    ] GC(264) Small Pages: 132 / 264M, Empty: 226M, Relocated: 5M, In-Place: 0
[52.319s][info][gc,reloc    ] GC(264) Medium Pages: 1 / 32M, Empty: 0M, Relocated: 0M, In-Place: 0
[52.320s][info][gc,reloc    ] GC(264) Large Pages: 0 / 0M, Empty: 0M, Relocated: 0M, In-Place: 0
[52.320s][info][gc,reloc    ] GC(264) Forwarding Usage: 2M
[52.320s][info][gc,heap     ] GC(264) Min Capacity: 8M(1%)
[52.320s][info][gc,heap     ] GC(264) Max Capacity: 1024M(100%)
[52.320s][info][gc,heap     ] GC(264) Soft Max Capacity: 1024M(100%)
[52.320s][info][gc,heap     ] GC(264)                Mark Start          Mark End        Relocate Start      Relocate End           High               Low         
[52.320s][info][gc,heap     ] GC(264)  Capacity:     1024M (100%)       1024M (100%)       1024M (100%)       1024M (100%)       1024M (100%)       1024M (100%)   
[52.320s][info][gc,heap     ] GC(264)      Free:      728M (71%)         690M (67%)         894M (87%)         904M (88%)         910M (89%)         686M (67%)    
[52.320s][info][gc,heap     ] GC(264)      Used:      296M (29%)         334M (33%)         130M (13%)         120M (12%)         338M (33%)         114M (11%)    
[52.320s][info][gc,heap     ] GC(264)      Live:         -                10M (1%)           10M (1%)           10M (1%)             -                  -          
[52.320s][info][gc,heap     ] GC(264) Allocated:         -                38M (4%)           60M (6%)           71M (7%)             -                  -          
[52.320s][info][gc,heap     ] GC(264)   Garbage:         -               285M (28%)          59M (6%)           37M (4%)             -                  -          
[52.320s][info][gc,heap     ] GC(264) Reclaimed:         -                  -               226M (22%)         247M (24%)            -                  -          
[52.320s][info][gc          ] GC(264) Garbage Collection (Allocation Rate) 296M(29%)->120M(12%)
[52.488s][info][gc,start    ] GC(265) Garbage Collection (Allocation Rate)
[52.489s][info][gc,task     ] GC(265) Using 5 workers
[52.489s][info][gc,phases   ] GC(265) Pause Mark Start 0.016ms
[52.513s][info][gc,phases   ] GC(265) Concurrent Mark 24.343ms
[52.513s][info][gc,phases   ] GC(265) Pause Mark End 0.016ms
[52.513s][info][gc,phases   ] GC(265) Concurrent Mark Free 0.001ms
[52.515s][info][gc,phases   ] GC(265) Concurrent Process Non-Strong References 1.077ms
[52.515s][info][gc,phases   ] GC(265) Concurrent Reset Relocation Set 0.004ms
[52.518s][info][gc,phases   ] GC(265) Concurrent Select Relocation Set 3.821ms
[52.519s][info][gc,phases   ] GC(265) Pause Relocate Start 0.008ms
[52.522s][info][gc,phases   ] GC(265) Concurrent Relocate 3.695ms
[52.522s][info][gc,load     ] GC(265) Load: 0.00/0.00/0.00
[52.522s][info][gc,mmu      ] GC(265) MMU: 2ms/98.9%, 5ms/99.4%, 10ms/99.7%, 20ms/99.7%, 50ms/99.9%, 100ms/99.9%
[52.522s][info][gc,marking  ] GC(265) Mark: 4 stripe(s), 2 proactive flush(es), 1 terminate flush(es), 0 completion(s), 0 continuation(s) 
[52.522s][info][gc,marking  ] GC(265) Mark Stack Usage: 32M
[52.522s][info][gc,nmethod  ] GC(265) NMethods: 1377 registered, 55 unregistered
[52.522s][info][gc,metaspace] GC(265) Metaspace: 8M used, 8M committed, 1088M reserved
[52.522s][info][gc,ref      ] GC(265) Soft: 174 encountered, 0 discovered, 0 enqueued
[52.523s][info][gc,ref      ] GC(265) Weak: 570 encountered, 17 discovered, 0 enqueued
[52.523s][info][gc,ref      ] GC(265) Final: 0 encountered, 0 discovered, 0 enqueued
[52.523s][info][gc,ref      ] GC(265) Phantom: 21 encountered, 12 discovered, 0 enqueued
[52.523s][info][gc,reloc    ] GC(265) Small Pages: 257 / 514M, Empty: 478M, Relocated: 3M, In-Place: 0
[52.523s][info][gc,reloc    ] GC(265) Medium Pages: 2 / 64M, Empty: 0M, Relocated: 0M, In-Place: 0
[52.523s][info][gc,reloc    ] GC(265) Large Pages: 0 / 0M, Empty: 0M, Relocated: 0M, In-Place: 0
[52.523s][info][gc,reloc    ] GC(265) Forwarding Usage: 1M
[52.523s][info][gc,heap     ] GC(265) Min Capacity: 8M(1%)
[52.523s][info][gc,heap     ] GC(265) Max Capacity: 1024M(100%)
[52.523s][info][gc,heap     ] GC(265) Soft Max Capacity: 1024M(100%)
[52.523s][info][gc,heap     ] GC(265)                Mark Start          Mark End        Relocate Start      Relocate End           High               Low         
[52.523s][info][gc,heap     ] GC(265)  Capacity:     1024M (100%)       1024M (100%)       1024M (100%)       1024M (100%)       1024M (100%)       1024M (100%)   
[52.523s][info][gc,heap     ] GC(265)      Free:      446M (44%)         384M (38%)         848M (83%)         886M (87%)         888M (87%)         380M (37%)    
[52.523s][info][gc,heap     ] GC(265)      Used:      578M (56%)         640M (63%)         176M (17%)         138M (13%)         644M (63%)         136M (13%)    
[52.523s][info][gc,heap     ] GC(265)      Live:         -                12M (1%)           12M (1%)           12M (1%)             -                  -          
[52.523s][info][gc,heap     ] GC(265) Allocated:         -                62M (6%)           76M (7%)           85M (8%)             -                  -          
[52.523s][info][gc,heap     ] GC(265)   Garbage:         -               565M (55%)          87M (9%)           39M (4%)             -                  -          
[52.523s][info][gc,heap     ] GC(265) Reclaimed:         -                  -               478M (47%)         525M (51%)            -                  -          
[52.523s][info][gc          ] GC(265) Garbage Collection (Allocation Rate) 578M(56%)->138M(13%)
[52.591s][info][gc,start    ] GC(266) Garbage Collection (Allocation Rate)
[52.591s][info][gc,task     ] GC(266) Using 5 workers
[52.591s][info][gc,phases   ] GC(266) Pause Mark Start 0.015ms
[52.623s][info][gc,phases   ] GC(266) Concurrent Mark 31.006ms
[52.623s][info][gc,phases   ] GC(266) Pause Mark End 0.014ms
[52.623s][info][gc,phases   ] GC(266) Concurrent Mark Free 0.001ms
[52.624s][info][gc,phases   ] GC(266) Concurrent Process Non-Strong References 1.115ms
[52.624s][info][gc,phases   ] GC(266) Concurrent Reset Relocation Set 0.003ms
[52.628s][info][gc,phases   ] GC(266) Concurrent Select Relocation Set 3.799ms
[52.628s][info][gc,phases   ] GC(266) Pause Relocate Start 0.006ms
[52.630s][info][gc,phases   ] GC(266) Concurrent Relocate 2.278ms
[52.630s][info][gc,load     ] GC(266) Load: 0.00/0.00/0.00
[52.630s][info][gc,mmu      ] GC(266) MMU: 2ms/98.9%, 5ms/99.4%, 10ms/99.7%, 20ms/99.7%, 50ms/99.9%, 100ms/99.9%
[52.630s][info][gc,marking  ] GC(266) Mark: 4 stripe(s), 2 proactive flush(es), 1 terminate flush(es), 0 completion(s), 0 continuation(s) 
[52.630s][info][gc,marking  ] GC(266) Mark Stack Usage: 32M
[52.630s][info][gc,nmethod  ] GC(266) NMethods: 1377 registered, 55 unregistered
[52.630s][info][gc,metaspace] GC(266) Metaspace: 8M used, 8M committed, 1088M reserved
[52.630s][info][gc,ref      ] GC(266) Soft: 174 encountered, 0 discovered, 0 enqueued
[52.630s][info][gc,ref      ] GC(266) Weak: 570 encountered, 3 discovered, 0 enqueued
[52.631s][info][gc,ref      ] GC(266) Final: 0 encountered, 0 discovered, 0 enqueued
[52.631s][info][gc,ref      ] GC(266) Phantom: 21 encountered, 10 discovered, 0 enqueued
[52.631s][info][gc,reloc    ] GC(266) Small Pages: 135 / 270M, Empty: 238M, Relocated: 1M, In-Place: 0
[52.631s][info][gc,reloc    ] GC(266) Medium Pages: 1 / 32M, Empty: 0M, Relocated: 0M, In-Place: 0
[52.631s][info][gc,reloc    ] GC(266) Large Pages: 0 / 0M, Empty: 0M, Relocated: 0M, In-Place: 0
[52.631s][info][gc,reloc    ] GC(266) Forwarding Usage: 0M
[52.631s][info][gc,heap     ] GC(266) Min Capacity: 8M(1%)
[52.631s][info][gc,heap     ] GC(266) Max Capacity: 1024M(100%)
[52.631s][info][gc,heap     ] GC(266) Soft Max Capacity: 1024M(100%)
[52.631s][info][gc,heap     ] GC(266)                Mark Start          Mark End        Relocate Start      Relocate End           High               Low         
[52.631s][info][gc,heap     ] GC(266)  Capacity:     1024M (100%)       1024M (100%)       1024M (100%)       1024M (100%)       1024M (100%)       1024M (100%)   
[52.631s][info][gc,heap     ] GC(266)      Free:      722M (71%)         640M (63%)         866M (85%)         868M (85%)         870M (85%)         638M (62%)    
[52.631s][info][gc,heap     ] GC(266)      Used:      302M (29%)         384M (38%)         158M (15%)         156M (15%)         386M (38%)         154M (15%)    
[52.631s][info][gc,heap     ] GC(266)      Live:         -                12M (1%)           12M (1%)           12M (1%)             -                  -          
[52.631s][info][gc,heap     ] GC(266) Allocated:         -                82M (8%)           94M (9%)           99M (10%)            -                  -          
[52.631s][info][gc,heap     ] GC(266)   Garbage:         -               289M (28%)          51M (5%)           43M (4%)             -                  -          
[52.631s][info][gc,heap     ] GC(266) Reclaimed:         -                  -               238M (23%)         245M (24%)            -                  -          
[52.631s][info][gc          ] GC(266) Garbage Collection (Allocation Rate) 302M(29%)->156M(15%)
[52.701s][info][gc,start    ] GC(267) Garbage Collection (Allocation Rate)
[52.701s][info][gc,task     ] GC(267) Using 5 workers
[52.701s][info][gc,phases   ] GC(267) Pause Mark Start 0.011ms
[52.732s][info][gc,phases   ] GC(267) Concurrent Mark 30.952ms
[52.732s][info][gc,phases   ] GC(267) Pause Mark End 0.013ms
[52.732s][info][gc,phases   ] GC(267) Concurrent Mark Free 0.001ms
[52.733s][info][gc,phases   ] GC(267) Concurrent Process Non-Strong References 1.084ms
[52.733s][info][gc,phases   ] GC(267) Concurrent Reset Relocation Set 0.002ms
[52.738s][info][gc,phases   ] GC(267) Concurrent Select Relocation Set 4.970ms
[52.738s][info][gc,phases   ] GC(267) Pause Relocate Start 0.004ms
[52.742s][info][gc,phases   ] GC(267) Concurrent Relocate 3.604ms
[52.742s][info][gc,load     ] GC(267) Load: 0.00/0.00/0.00
[52.742s][info][gc,mmu      ] GC(267) MMU: 2ms/98.9%, 5ms/99.4%, 10ms/99.7%, 20ms/99.7%, 50ms/99.9%, 100ms/99.9%
[52.742s][info][gc,marking  ] GC(267) Mark: 4 stripe(s), 2 proactive flush(es), 1 terminate flush(es), 0 completion(s), 0 continuation(s) 
[52.742s][info][gc,marking  ] GC(267) Mark Stack Usage: 32M
[52.742s][info][gc,nmethod  ] GC(267) NMethods: 1377 registered, 55 unregistered
[52.742s][info][gc,metaspace] GC(267) Metaspace: 8M used, 8M committed, 1088M reserved
[52.742s][info][gc,ref      ] GC(267) Soft: 174 encountered, 0 discovered, 0 enqueued
[52.742s][info][gc,ref      ] GC(267) Weak: 570 encountered, 2 discovered, 0 enqueued
[52.742s][info][gc,ref      ] GC(267) Final: 0 encountered, 0 discovered, 0 enqueued
[52.742s][info][gc,ref      ] GC(267) Phantom: 21 encountered, 19 discovered, 0 enqueued
[52.742s][info][gc,reloc    ] GC(267) Small Pages: 157 / 314M, Empty: 276M, Relocated: 3M, In-Place: 0
[52.742s][info][gc,reloc    ] GC(267) Medium Pages: 1 / 32M, Empty: 0M, Relocated: 0M, In-Place: 0
[52.742s][info][gc,reloc    ] GC(267) Large Pages: 0 / 0M, Empty: 0M, Relocated: 0M, In-Place: 0
[52.742s][info][gc,reloc    ] GC(267) Forwarding Usage: 1M
[52.742s][info][gc,heap     ] GC(267) Min Capacity: 8M(1%)
[52.742s][info][gc,heap     ] GC(267) Max Capacity: 1024M(100%)
[52.742s][info][gc,heap     ] GC(267) Soft Max Capacity: 1024M(100%)
[52.743s][info][gc,heap     ] GC(267)                Mark Start          Mark End        Relocate Start      Relocate End           High               Low         
[52.743s][info][gc,heap     ] GC(267)  Capacity:     1024M (100%)       1024M (100%)       1024M (100%)       1024M (100%)       1024M (100%)       1024M (100%)   
[52.743s][info][gc,heap     ] GC(267)      Free:      678M (66%)         594M (58%)         854M (83%)         860M (84%)         864M (84%)         592M (58%)    
[52.743s][info][gc,heap     ] GC(267)      Used:      346M (34%)         430M (42%)         170M (17%)         164M (16%)         432M (42%)         160M (16%)    
[52.743s][info][gc,heap     ] GC(267)      Live:         -                13M (1%)           13M (1%)           13M (1%)             -                  -          
[52.743s][info][gc,heap     ] GC(267) Allocated:         -                84M (8%)          100M (10%)         109M (11%)            -                  -          
[52.743s][info][gc,heap     ] GC(267)   Garbage:         -               332M (32%)          56M (6%)           40M (4%)             -                  -          
[52.743s][info][gc,heap     ] GC(267) Reclaimed:         -                  -               276M (27%)         291M (29%)            -                  -          
[52.743s][info][gc          ] GC(267) Garbage Collection (Allocation Rate) 346M(34%)->164M(16%)
[52.794s][info][gc,start    ] GC(268) Garbage Collection (Allocation Rate)
[52.814s][info][gc,task     ] GC(268) Using 5 workers
[52.815s][info][gc,phases   ] GC(268) Pause Mark Start 0.015ms
[52.841s][info][gc,phases   ] GC(268) Concurrent Mark 26.565ms
[52.841s][info][gc,phases   ] GC(268) Pause Mark End 0.013ms
[52.841s][info][gc,phases   ] GC(268) Concurrent Mark Free 0.001ms
[52.842s][info][gc,phases   ] GC(268) Concurrent Process Non-Strong References 1.067ms
[52.843s][info][gc,phases   ] GC(268) Concurrent Reset Relocation Set 0.003ms
[52.846s][info][gc,phases   ] GC(268) Concurrent Select Relocation Set 3.769ms
[52.846s][info][gc,phases   ] GC(268) Pause Relocate Start 0.008ms
[52.849s][info][gc,phases   ] GC(268) Concurrent Relocate 2.117ms
[52.849s][info][gc,load     ] GC(268) Load: 0.00/0.00/0.00
[52.849s][info][gc,mmu      ] GC(268) MMU: 2ms/98.9%, 5ms/99.4%, 10ms/99.7%, 20ms/99.7%, 50ms/99.9%, 100ms/99.9%
[52.849s][info][gc,marking  ] GC(268) Mark: 4 stripe(s), 2 proactive flush(es), 1 terminate flush(es), 0 completion(s), 0 continuation(s) 
[52.849s][info][gc,marking  ] GC(268) Mark Stack Usage: 32M
[52.849s][info][gc,nmethod  ] GC(268) NMethods: 1377 registered, 55 unregistered
[52.849s][info][gc,metaspace] GC(268) Metaspace: 8M used, 8M committed, 1088M reserved
[52.849s][info][gc,ref      ] GC(268) Soft: 174 encountered, 0 discovered, 0 enqueued
[52.849s][info][gc,ref      ] GC(268) Weak: 570 encountered, 1 discovered, 0 enqueued
[52.849s][info][gc,ref      ] GC(268) Final: 0 encountered, 0 discovered, 0 enqueued
[52.849s][info][gc,ref      ] GC(268) Phantom: 21 encountered, 19 discovered, 0 enqueued
[52.849s][info][gc,reloc    ] GC(268) Small Pages: 132 / 264M, Empty: 226M, Relocated: 1M, In-Place: 0
[52.849s][info][gc,reloc    ] GC(268) Medium Pages: 2 / 64M, Empty: 0M, Relocated: 1M, In-Place: 0
[52.849s][info][gc,reloc    ] GC(268) Large Pages: 0 / 0M, Empty: 0M, Relocated: 0M, In-Place: 0
[52.849s][info][gc,reloc    ] GC(268) Forwarding Usage: 0M
[52.849s][info][gc,heap     ] GC(268) Min Capacity: 8M(1%)
[52.849s][info][gc,heap     ] GC(268) Max Capacity: 1024M(100%)
[52.849s][info][gc,heap     ] GC(268) Soft Max Capacity: 1024M(100%)
[52.849s][info][gc,heap     ] GC(268)                Mark Start          Mark End        Relocate Start      Relocate End           High               Low         
[52.849s][info][gc,heap     ] GC(268)  Capacity:     1024M (100%)       1024M (100%)       1024M (100%)       1024M (100%)       1024M (100%)       1024M (100%)   
[52.849s][info][gc,heap     ] GC(268)      Free:      696M (68%)         628M (61%)         840M (82%)         878M (86%)         880M (86%)         624M (61%)    
[52.849s][info][gc,heap     ] GC(268)      Used:      328M (32%)         396M (39%)         184M (18%)         146M (14%)         400M (39%)         144M (14%)    
[52.849s][info][gc,heap     ] GC(268)      Live:         -                14M (1%)           14M (1%)           14M (1%)             -                  -          
[52.849s][info][gc,heap     ] GC(268) Allocated:         -                68M (7%)           82M (8%)           87M (9%)             -                  -          
[52.849s][info][gc,heap     ] GC(268)   Garbage:         -               313M (31%)          87M (9%)           43M (4%)             -                  -          
[52.849s][info][gc,heap     ] GC(268) Reclaimed:         -                  -               226M (22%)         269M (26%)            -                  -          
[52.849s][info][gc          ] GC(268) Garbage Collection (Allocation Rate) 328M(32%)->146M(14%)
[52.989s][info][gc,start    ] GC(269) Garbage Collection (Allocation Rate)
[52.989s][info][gc,task     ] GC(269) Using 3 workers
[52.989s][info][gc,phases   ] GC(269) Pause Mark Start 0.013ms
[53.016s][info][gc,phases   ] GC(269) Concurrent Mark 26.675ms
[53.016s][info][gc,phases   ] GC(269) Pause Mark End 0.012ms
[53.016s][info][gc,phases   ] GC(269) Concurrent Mark Free 0.001ms
[53.018s][info][gc,phases   ] GC(269) Concurrent Process Non-Strong References 1.429ms
[53.018s][info][gc,phases   ] GC(269) Concurrent Reset Relocation Set 0.003ms
[53.022s][info][gc,phases   ] GC(269) Concurrent Select Relocation Set 4.014ms
[53.022s][info][gc,phases   ] GC(269) Pause Relocate Start 0.008ms
[53.024s][info][gc,phases   ] GC(269) Concurrent Relocate 1.946ms
[53.024s][info][gc,load     ] GC(269) Load: 0.00/0.00/0.00
[53.024s][info][gc,mmu      ] GC(269) MMU: 2ms/98.9%, 5ms/99.4%, 10ms/99.7%, 20ms/99.7%, 50ms/99.9%, 100ms/99.9%
[53.024s][info][gc,marking  ] GC(269) Mark: 2 stripe(s), 3 proactive flush(es), 1 terminate flush(es), 0 completion(s), 0 continuation(s) 
[53.024s][info][gc,marking  ] GC(269) Mark Stack Usage: 32M
[53.024s][info][gc,nmethod  ] GC(269) NMethods: 1377 registered, 55 unregistered
[53.024s][info][gc,metaspace] GC(269) Metaspace: 8M used, 8M committed, 1088M reserved
[53.024s][info][gc,ref      ] GC(269) Soft: 174 encountered, 0 discovered, 0 enqueued
[53.024s][info][gc,ref      ] GC(269) Weak: 570 encountered, 419 discovered, 0 enqueued
[53.024s][info][gc,ref      ] GC(269) Final: 0 encountered, 0 discovered, 0 enqueued
[53.024s][info][gc,ref      ] GC(269) Phantom: 21 encountered, 17 discovered, 0 enqueued
[53.024s][info][gc,reloc    ] GC(269) Small Pages: 245 / 490M, Empty: 450M, Relocated: 1M, In-Place: 0
[53.024s][info][gc,reloc    ] GC(269) Medium Pages: 1 / 32M, Empty: 0M, Relocated: 0M, In-Place: 0
[53.024s][info][gc,reloc    ] GC(269) Large Pages: 0 / 0M, Empty: 0M, Relocated: 0M, In-Place: 0
[53.024s][info][gc,reloc    ] GC(269) Forwarding Usage: 0M
[53.024s][info][gc,heap     ] GC(269) Min Capacity: 8M(1%)
[53.024s][info][gc,heap     ] GC(269) Max Capacity: 1024M(100%)
[53.024s][info][gc,heap     ] GC(269) Soft Max Capacity: 1024M(100%)
[53.024s][info][gc,heap     ] GC(269)                Mark Start          Mark End        Relocate Start      Relocate End           High               Low         
[53.024s][info][gc,heap     ] GC(269)  Capacity:     1024M (100%)       1024M (100%)       1024M (100%)       1024M (100%)       1024M (100%)       1024M (100%)   
[53.025s][info][gc,heap     ] GC(269)      Free:      502M (49%)         430M (42%)         864M (84%)         876M (86%)         876M (86%)         426M (42%)    
[53.025s][info][gc,heap     ] GC(269)      Used:      522M (51%)         594M (58%)         160M (16%)         148M (14%)         598M (58%)         148M (14%)    
[53.025s][info][gc,heap     ] GC(269)      Live:         -                15M (2%)           15M (2%)           15M (2%)             -                  -          
[53.025s][info][gc,heap     ] GC(269) Allocated:         -                72M (7%)           88M (9%)           91M (9%)             -                  -          
[53.025s][info][gc,heap     ] GC(269)   Garbage:         -               506M (49%)          56M (5%)           40M (4%)             -                  -          
[53.025s][info][gc,heap     ] GC(269) Reclaimed:         -                  -               450M (44%)         465M (46%)            -                  -          
[53.025s][info][gc          ] GC(269) Garbage Collection (Allocation Rate) 522M(51%)->148M(14%)
[53.204s][info][gc,start    ] GC(270) Garbage Collection (Allocation Rate)
[53.204s][info][gc,task     ] GC(270) Using 3 workers
[53.204s][info][gc,phases   ] GC(270) Pause Mark Start 0.014ms
[53.235s][info][gc,phases   ] GC(270) Concurrent Mark 30.887ms
[53.236s][info][gc,phases   ] GC(270) Pause Mark End 0.011ms
[53.236s][info][gc,phases   ] GC(270) Concurrent Mark Free 0.001ms
[53.237s][info][gc,phases   ] GC(270) Concurrent Process Non-Strong References 1.325ms
[53.237s][info][gc,phases   ] GC(270) Concurrent Reset Relocation Set 0.002ms
[53.242s][info][gc,phases   ] GC(270) Concurrent Select Relocation Set 5.138ms
[53.242s][info][gc,phases   ] GC(270) Pause Relocate Start 0.006ms
[53.250s][info][gc,phases   ] GC(270) Concurrent Relocate 7.204ms
[53.250s][info][gc,load     ] GC(270) Load: 0.00/0.00/0.00
[53.250s][info][gc,mmu      ] GC(270) MMU: 2ms/98.9%, 5ms/99.4%, 10ms/99.7%, 20ms/99.7%, 50ms/99.9%, 100ms/99.9%
[53.250s][info][gc,marking  ] GC(270) Mark: 2 stripe(s), 2 proactive flush(es), 1 terminate flush(es), 0 completion(s), 0 continuation(s) 
[53.250s][info][gc,marking  ] GC(270) Mark Stack Usage: 32M
[53.250s][info][gc,nmethod  ] GC(270) NMethods: 1377 registered, 55 unregistered
[53.250s][info][gc,metaspace] GC(270) Metaspace: 8M used, 8M committed, 1088M reserved
[53.250s][info][gc,ref      ] GC(270) Soft: 174 encountered, 0 discovered, 0 enqueued
[53.250s][info][gc,ref      ] GC(270) Weak: 570 encountered, 419 discovered, 0 enqueued
[53.250s][info][gc,ref      ] GC(270) Final: 0 encountered, 0 discovered, 0 enqueued
[53.250s][info][gc,ref      ] GC(270) Phantom: 21 encountered, 10 discovered, 0 enqueued
[53.250s][info][gc,reloc    ] GC(270) Small Pages: 288 / 576M, Empty: 532M, Relocated: 6M, In-Place: 0
[53.250s][info][gc,reloc    ] GC(270) Medium Pages: 2 / 64M, Empty: 0M, Relocated: 1M, In-Place: 0
[53.250s][info][gc,reloc    ] GC(270) Large Pages: 0 / 0M, Empty: 0M, Relocated: 0M, In-Place: 0
[53.250s][info][gc,reloc    ] GC(270) Forwarding Usage: 2M
[53.250s][info][gc,heap     ] GC(270) Min Capacity: 8M(1%)
[53.250s][info][gc,heap     ] GC(270) Max Capacity: 1024M(100%)
[53.250s][info][gc,heap     ] GC(270) Soft Max Capacity: 1024M(100%)
[53.250s][info][gc,heap     ] GC(270)                Mark Start          Mark End        Relocate Start      Relocate End           High               Low         
[53.250s][info][gc,heap     ] GC(270)  Capacity:     1024M (100%)       1024M (100%)       1024M (100%)       1024M (100%)       1024M (100%)       1024M (100%)   
[53.250s][info][gc,heap     ] GC(270)      Free:      384M (38%)         302M (29%)         820M (80%)         872M (85%)         872M (85%)         298M (29%)    
[53.250s][info][gc,heap     ] GC(270)      Used:      640M (63%)         722M (71%)         204M (20%)         152M (15%)         726M (71%)         152M (15%)    
[53.250s][info][gc,heap     ] GC(270)      Live:         -                17M (2%)           17M (2%)           17M (2%)             -                  -          
[53.250s][info][gc,heap     ] GC(270) Allocated:         -                82M (8%)           96M (9%)           99M (10%)            -                  -          
[53.250s][info][gc,heap     ] GC(270)   Garbage:         -               622M (61%)          90M (9%)           34M (3%)             -                  -          
[53.250s][info][gc,heap     ] GC(270) Reclaimed:         -                  -               532M (52%)         587M (57%)            -                  -          
[53.250s][info][gc          ] GC(270) Garbage Collection (Allocation Rate) 640M(63%)->152M(15%)
[53.392s][info][gc,start    ] GC(271) Garbage Collection (Allocation Rate)
[53.392s][info][gc,task     ] GC(271) Using 2 workers
[53.392s][info][gc,phases   ] GC(271) Pause Mark Start 0.013ms
[53.439s][info][gc,phases   ] GC(271) Concurrent Mark 46.529ms
[53.439s][info][gc,phases   ] GC(271) Pause Mark End 0.013ms
[53.439s][info][gc,phases   ] GC(271) Concurrent Mark Free 0.001ms
[53.441s][info][gc,phases   ] GC(271) Concurrent Process Non-Strong References 2.502ms
[53.441s][info][gc,phases   ] GC(271) Concurrent Reset Relocation Set 0.004ms
[53.445s][info][gc,phases   ] GC(271) Concurrent Select Relocation Set 3.940ms
[53.445s][info][gc,phases   ] GC(271) Pause Relocate Start 0.002ms
[53.449s][info][gc,phases   ] GC(271) Concurrent Relocate 3.531ms
[53.449s][info][gc,load     ] GC(271) Load: 0.00/0.00/0.00
[53.449s][info][gc,mmu      ] GC(271) MMU: 2ms/98.9%, 5ms/99.4%, 10ms/99.7%, 20ms/99.7%, 50ms/99.9%, 100ms/99.9%
[53.449s][info][gc,marking  ] GC(271) Mark: 2 stripe(s), 3 proactive flush(es), 1 terminate flush(es), 0 completion(s), 0 continuation(s) 
[53.449s][info][gc,marking  ] GC(271) Mark Stack Usage: 32M
[53.449s][info][gc,nmethod  ] GC(271) NMethods: 1377 registered, 55 unregistered
[53.449s][info][gc,metaspace] GC(271) Metaspace: 8M used, 8M committed, 1088M reserved
[53.449s][info][gc,ref      ] GC(271) Soft: 174 encountered, 0 discovered, 0 enqueued
[53.449s][info][gc,ref      ] GC(271) Weak: 570 encountered, 83 discovered, 0 enqueued
[53.449s][info][gc,ref      ] GC(271) Final: 0 encountered, 0 discovered, 0 enqueued
[53.449s][info][gc,ref      ] GC(271) Phantom: 21 encountered, 10 discovered, 0 enqueued
[53.449s][info][gc,reloc    ] GC(271) Small Pages: 248 / 496M, Empty: 452M, Relocated: 3M, In-Place: 0
[53.449s][info][gc,reloc    ] GC(271) Medium Pages: 1 / 32M, Empty: 0M, Relocated: 0M, In-Place: 0
[53.449s][info][gc,reloc    ] GC(271) Large Pages: 0 / 0M, Empty: 0M, Relocated: 0M, In-Place: 0
[53.449s][info][gc,reloc    ] GC(271) Forwarding Usage: 1M
[53.449s][info][gc,heap     ] GC(271) Min Capacity: 8M(1%)
[53.449s][info][gc,heap     ] GC(271) Max Capacity: 1024M(100%)
[53.449s][info][gc,heap     ] GC(271) Soft Max Capacity: 1024M(100%)
[53.449s][info][gc,heap     ] GC(271)                Mark Start          Mark End        Relocate Start      Relocate End           High               Low         
[53.449s][info][gc,heap     ] GC(271)  Capacity:     1024M (100%)       1024M (100%)       1024M (100%)       1024M (100%)       1024M (100%)       1024M (100%)   
[53.450s][info][gc,heap     ] GC(271)      Free:      496M (48%)         372M (36%)         806M (79%)         824M (80%)         824M (80%)         364M (36%)    
[53.450s][info][gc,heap     ] GC(271)      Used:      528M (52%)         652M (64%)         218M (21%)         200M (20%)         660M (64%)         200M (20%)    
[53.450s][info][gc,heap     ] GC(271)      Live:         -                18M (2%)           18M (2%)           18M (2%)             -                  -          
[53.450s][info][gc,heap     ] GC(271) Allocated:         -               124M (12%)         142M (14%)         145M (14%)            -                  -          
[53.450s][info][gc,heap     ] GC(271)   Garbage:         -               509M (50%)          57M (6%)           35M (3%)             -                  -          
[53.450s][info][gc,heap     ] GC(271) Reclaimed:         -                  -               452M (44%)         473M (46%)            -                  -          
[53.450s][info][gc          ] GC(271) Garbage Collection (Allocation Rate) 528M(52%)->200M(20%)
[53.699s][info][gc,start    ] GC(272) Garbage Collection (Allocation Rate)
[53.699s][info][gc,task     ] GC(272) Using 2 workers
[53.699s][info][gc,phases   ] GC(272) Pause Mark Start 0.017ms
[53.745s][info][gc,phases   ] GC(272) Concurrent Mark 46.456ms
[53.745s][info][gc,phases   ] GC(272) Pause Mark End 0.015ms
[53.746s][info][gc,phases   ] GC(272) Concurrent Mark Free 0.001ms
[53.748s][info][gc,phases   ] GC(272) Concurrent Process Non-Strong References 2.454ms
[53.748s][info][gc,phases   ] GC(272) Concurrent Reset Relocation Set 0.003ms
[53.754s][info][gc,phases   ] GC(272) Concurrent Select Relocation Set 6.079ms
[53.754s][info][gc,phases   ] GC(272) Pause Relocate Start 0.007ms
[53.760s][info][gc,phases   ] GC(272) Concurrent Relocate 5.996ms
[53.760s][info][gc,load     ] GC(272) Load: 0.00/0.00/0.00
[53.760s][info][gc,mmu      ] GC(272) MMU: 2ms/98.9%, 5ms/99.4%, 10ms/99.7%, 20ms/99.7%, 50ms/99.9%, 100ms/99.9%
[53.760s][info][gc,marking  ] GC(272) Mark: 2 stripe(s), 2 proactive flush(es), 1 terminate flush(es), 0 completion(s), 0 continuation(s) 
[53.761s][info][gc,marking  ] GC(272) Mark Stack Usage: 32M
[53.761s][info][gc,nmethod  ] GC(272) NMethods: 1377 registered, 55 unregistered
[53.761s][info][gc,metaspace] GC(272) Metaspace: 8M used, 8M committed, 1088M reserved
[53.761s][info][gc,ref      ] GC(272) Soft: 174 encountered, 0 discovered, 0 enqueued
[53.761s][info][gc,ref      ] GC(272) Weak: 570 encountered, 5 discovered, 0 enqueued
[53.761s][info][gc,ref      ] GC(272) Final: 0 encountered, 0 discovered, 0 enqueued
[53.761s][info][gc,ref      ] GC(272) Phantom: 21 encountered, 19 discovered, 0 enqueued
[53.761s][info][gc,reloc    ] GC(272) Small Pages: 336 / 672M, Empty: 622M, Relocated: 5M, In-Place: 0
[53.761s][info][gc,reloc    ] GC(272) Medium Pages: 2 / 64M, Empty: 0M, Relocated: 1M, In-Place: 0
[53.761s][info][gc,reloc    ] GC(272) Large Pages: 0 / 0M, Empty: 0M, Relocated: 0M, In-Place: 0
[53.761s][info][gc,reloc    ] GC(272) Forwarding Usage: 2M
[53.761s][info][gc,heap     ] GC(272) Min Capacity: 8M(1%)
[53.761s][info][gc,heap     ] GC(272) Max Capacity: 1024M(100%)
[53.761s][info][gc,heap     ] GC(272) Soft Max Capacity: 1024M(100%)
[53.761s][info][gc,heap     ] GC(272)                Mark Start          Mark End        Relocate Start      Relocate End           High               Low         
[53.761s][info][gc,heap     ] GC(272)  Capacity:     1024M (100%)       1024M (100%)       1024M (100%)       1024M (100%)       1024M (100%)       1024M (100%)   
[53.761s][info][gc,heap     ] GC(272)      Free:      288M (28%)         204M (20%)         804M (79%)         844M (82%)         852M (83%)         198M (19%)    
[53.761s][info][gc,heap     ] GC(272)      Used:      736M (72%)         820M (80%)         220M (21%)         180M (18%)         826M (81%)         172M (17%)    
[53.761s][info][gc,heap     ] GC(272)      Live:         -                20M (2%)           20M (2%)           20M (2%)             -                  -          
[53.761s][info][gc,heap     ] GC(272) Allocated:         -                84M (8%)          106M (10%)         121M (12%)            -                  -          
[53.761s][info][gc,heap     ] GC(272)   Garbage:         -               715M (70%)          93M (9%)           37M (4%)             -                  -          
[53.761s][info][gc,heap     ] GC(272) Reclaimed:         -                  -               622M (61%)         677M (66%)            -                  -          
[53.761s][info][gc          ] GC(272) Garbage Collection (Allocation Rate) 736M(72%)->180M(18%)
[53.902s][info][gc,start    ] GC(273) Garbage Collection (Allocation Rate)
[53.902s][info][gc,task     ] GC(273) Using 2 workers
[53.902s][info][gc,phases   ] GC(273) Pause Mark Start 0.014ms
[53.948s][info][gc,phases   ] GC(273) Concurrent Mark 46.525ms
[53.949s][info][gc,phases   ] GC(273) Pause Mark End 0.015ms
[53.949s][info][gc,phases   ] GC(273) Concurrent Mark Free 0.001ms
[53.951s][info][gc,phases   ] GC(273) Concurrent Process Non-Strong References 2.557ms
[53.951s][info][gc,phases   ] GC(273) Concurrent Reset Relocation Set 0.004ms
[53.955s][info][gc,phases   ] GC(273) Concurrent Select Relocation Set 3.727ms
[53.955s][info][gc,phases   ] GC(273) Pause Relocate Start 0.004ms
[53.958s][info][gc,phases   ] GC(273) Concurrent Relocate 3.081ms
[53.958s][info][gc,load     ] GC(273) Load: 0.00/0.00/0.00
[53.958s][info][gc,mmu      ] GC(273) MMU: 2ms/98.9%, 5ms/99.4%, 10ms/99.7%, 20ms/99.7%, 50ms/99.9%, 100ms/99.9%
[53.958s][info][gc,marking  ] GC(273) Mark: 2 stripe(s), 2 proactive flush(es), 1 terminate flush(es), 0 completion(s), 0 continuation(s) 
[53.958s][info][gc,marking  ] GC(273) Mark Stack Usage: 32M
[53.958s][info][gc,nmethod  ] GC(273) NMethods: 1377 registered, 55 unregistered
[53.958s][info][gc,metaspace] GC(273) Metaspace: 8M used, 8M committed, 1088M reserved
[53.958s][info][gc,ref      ] GC(273) Soft: 174 encountered, 0 discovered, 0 enqueued
[53.958s][info][gc,ref      ] GC(273) Weak: 570 encountered, 424 discovered, 0 enqueued
[53.959s][info][gc,ref      ] GC(273) Final: 0 encountered, 0 discovered, 0 enqueued
[53.959s][info][gc,ref      ] GC(273) Phantom: 21 encountered, 17 discovered, 0 enqueued
[53.959s][info][gc,reloc    ] GC(273) Small Pages: 253 / 506M, Empty: 462M, Relocated: 3M, In-Place: 0
[53.959s][info][gc,reloc    ] GC(273) Medium Pages: 2 / 64M, Empty: 0M, Relocated: 1M, In-Place: 0
[53.959s][info][gc,reloc    ] GC(273) Large Pages: 0 / 0M, Empty: 0M, Relocated: 0M, In-Place: 0
[53.959s][info][gc,reloc    ] GC(273) Forwarding Usage: 1M
[53.959s][info][gc,heap     ] GC(273) Min Capacity: 8M(1%)
[53.959s][info][gc,heap     ] GC(273) Max Capacity: 1024M(100%)
[53.959s][info][gc,heap     ] GC(273) Soft Max Capacity: 1024M(100%)
[53.959s][info][gc,heap     ] GC(273)                Mark Start          Mark End        Relocate Start      Relocate End           High               Low         
[53.959s][info][gc,heap     ] GC(273)  Capacity:     1024M (100%)       1024M (100%)       1024M (100%)       1024M (100%)       1024M (100%)       1024M (100%)   
[53.959s][info][gc,heap     ] GC(273)      Free:      454M (44%)         332M (32%)         776M (76%)         818M (80%)         818M (80%)         324M (32%)    
[53.959s][info][gc,heap     ] GC(273)      Used:      570M (56%)         692M (68%)         248M (24%)         206M (20%)         700M (68%)         206M (20%)    
[53.959s][info][gc,heap     ] GC(273)      Live:         -                22M (2%)           22M (2%)           22M (2%)             -                  -          
[53.959s][info][gc,heap     ] GC(273) Allocated:         -               122M (12%)         140M (14%)         147M (14%)            -                  -          
[53.959s][info][gc,heap     ] GC(273)   Garbage:         -               547M (54%)          85M (8%)           35M (4%)             -                  -          
[53.959s][info][gc,heap     ] GC(273) Reclaimed:         -                  -               462M (45%)         511M (50%)            -                  -          
[53.959s][info][gc          ] GC(273) Garbage Collection (Allocation Rate) 570M(56%)->206M(20%)
[54.097s][info][gc,start    ] GC(274) Garbage Collection (Allocation Rate)
[54.097s][info][gc,task     ] GC(274) Using 2 workers
[54.097s][info][gc,phases   ] GC(274) Pause Mark Start 0.015ms
[54.143s][info][gc,phases   ] GC(274) Concurrent Mark 46.458ms
[54.144s][info][gc,phases   ] GC(274) Pause Mark End 0.010ms
[54.144s][info][gc,phases   ] GC(274) Concurrent Mark Free 0.001ms
[54.146s][info][gc,phases   ] GC(274) Concurrent Process Non-Strong References 2.504ms
[54.146s][info][gc,phases   ] GC(274) Concurrent Reset Relocation Set 0.003ms
[54.150s][info][gc,phases   ] GC(274) Concurrent Select Relocation Set 3.803ms
[54.150s][info][gc,phases   ] GC(274) Pause Relocate Start 0.003ms
[54.154s][info][gc,phases   ] GC(274) Concurrent Relocate 4.357ms
[54.155s][info][gc,load     ] GC(274) Load: 0.00/0.00/0.00
[54.155s][info][gc,mmu      ] GC(274) MMU: 2ms/98.9%, 5ms/99.4%, 10ms/99.7%, 20ms/99.7%, 50ms/99.9%, 100ms/99.9%
[54.155s][info][gc,marking  ] GC(274) Mark: 2 stripe(s), 2 proactive flush(es), 1 terminate flush(es), 0 completion(s), 0 continuation(s) 
[54.155s][info][gc,marking  ] GC(274) Mark Stack Usage: 32M
[54.155s][info][gc,nmethod  ] GC(274) NMethods: 1377 registered, 55 unregistered
[54.155s][info][gc,metaspace] GC(274) Metaspace: 8M used, 8M committed, 1088M reserved
[54.155s][info][gc,ref      ] GC(274) Soft: 174 encountered, 0 discovered, 0 enqueued
[54.155s][info][gc,ref      ] GC(274) Weak: 570 encountered, 427 discovered, 0 enqueued
[54.155s][info][gc,ref      ] GC(274) Final: 0 encountered, 0 discovered, 0 enqueued
[54.155s][info][gc,ref      ] GC(274) Phantom: 21 encountered, 17 discovered, 0 enqueued
[54.155s][info][gc,reloc    ] GC(274) Small Pages: 262 / 524M, Empty: 476M, Relocated: 2M, In-Place: 0
[54.155s][info][gc,reloc    ] GC(274) Medium Pages: 1 / 32M, Empty: 0M, Relocated: 0M, In-Place: 0
[54.155s][info][gc,reloc    ] GC(274) Large Pages: 0 / 0M, Empty: 0M, Relocated: 0M, In-Place: 0
[54.155s][info][gc,reloc    ] GC(274) Forwarding Usage: 1M
[54.155s][info][gc,heap     ] GC(274) Min Capacity: 8M(1%)
[54.155s][info][gc,heap     ] GC(274) Max Capacity: 1024M(100%)
[54.155s][info][gc,heap     ] GC(274) Soft Max Capacity: 1024M(100%)
[54.155s][info][gc,heap     ] GC(274)                Mark Start          Mark End        Relocate Start      Relocate End           High               Low         
[54.155s][info][gc,heap     ] GC(274)  Capacity:     1024M (100%)       1024M (100%)       1024M (100%)       1024M (100%)       1024M (100%)       1024M (100%)   
[54.155s][info][gc,heap     ] GC(274)      Free:      468M (46%)         380M (37%)         840M (82%)         854M (83%)         856M (84%)         374M (37%)    
[54.155s][info][gc,heap     ] GC(274)      Used:      556M (54%)         644M (63%)         184M (18%)         170M (17%)         650M (63%)         168M (16%)    
[54.155s][info][gc,heap     ] GC(274)      Live:         -                23M (2%)           23M (2%)           23M (2%)             -                  -          
[54.155s][info][gc,heap     ] GC(274) Allocated:         -                88M (9%)          104M (10%)         109M (11%)            -                  -          
[54.155s][info][gc,heap     ] GC(274)   Garbage:         -               532M (52%)          56M (6%)           36M (4%)             -                  -          
[54.155s][info][gc,heap     ] GC(274) Reclaimed:         -                  -               476M (46%)         495M (48%)            -                  -          
[54.155s][info][gc          ] GC(274) Garbage Collection (Allocation Rate) 556M(54%)->170M(17%)
[54.393s][info][gc,start    ] GC(275) Garbage Collection (Allocation Rate)
[54.393s][info][gc,task     ] GC(275) Using 2 workers
[54.394s][info][gc,phases   ] GC(275) Pause Mark Start 0.015ms
[54.440s][info][gc,phases   ] GC(275) Concurrent Mark 46.532ms
[54.440s][info][gc,phases   ] GC(275) Pause Mark End 0.015ms
[54.440s][info][gc,phases   ] GC(275) Concurrent Mark Free 0.001ms
[54.443s][info][gc,phases   ] GC(275) Concurrent Process Non-Strong References 2.559ms
[54.443s][info][gc,phases   ] GC(275) Concurrent Reset Relocation Set 0.002ms
[54.449s][info][gc,phases   ] GC(275) Concurrent Select Relocation Set 6.168ms
[54.449s][info][gc,phases   ] GC(275) Pause Relocate Start 0.005ms
[54.454s][info][gc,phases   ] GC(275) Concurrent Relocate 4.698ms
[54.454s][info][gc,load     ] GC(275) Load: 0.00/0.00/0.00
[54.454s][info][gc,mmu      ] GC(275) MMU: 2ms/98.9%, 5ms/99.4%, 10ms/99.7%, 20ms/99.7%, 50ms/99.9%, 100ms/99.9%
[54.454s][info][gc,marking  ] GC(275) Mark: 2 stripe(s), 2 proactive flush(es), 1 terminate flush(es), 0 completion(s), 0 continuation(s) 
[54.454s][info][gc,marking  ] GC(275) Mark Stack Usage: 32M
[54.454s][info][gc,nmethod  ] GC(275) NMethods: 1377 registered, 55 unregistered
[54.454s][info][gc,metaspace] GC(275) Metaspace: 8M used, 8M committed, 1088M reserved
[54.454s][info][gc,ref      ] GC(275) Soft: 174 encountered, 0 discovered, 0 enqueued
[54.454s][info][gc,ref      ] GC(275) Weak: 570 encountered, 424 discovered, 0 enqueued
[54.454s][info][gc,ref      ] GC(275) Final: 0 encountered, 0 discovered, 0 enqueued
[54.454s][info][gc,ref      ] GC(275) Phantom: 21 encountered, 10 discovered, 0 enqueued
[54.454s][info][gc,reloc    ] GC(275) Small Pages: 342 / 684M, Empty: 634M, Relocated: 4M, In-Place: 0
[54.454s][info][gc,reloc    ] GC(275) Medium Pages: 2 / 64M, Empty: 0M, Relocated: 2M, In-Place: 0
[54.455s][info][gc,reloc    ] GC(275) Large Pages: 0 / 0M, Empty: 0M, Relocated: 0M, In-Place: 0
[54.455s][info][gc,reloc    ] GC(275) Forwarding Usage: 2M
[54.455s][info][gc,heap     ] GC(275) Min Capacity: 8M(1%)
[54.455s][info][gc,heap     ] GC(275) Max Capacity: 1024M(100%)
[54.455s][info][gc,heap     ] GC(275) Soft Max Capacity: 1024M(100%)
[54.455s][info][gc,heap     ] GC(275)                Mark Start          Mark End        Relocate Start      Relocate End           High               Low         
[54.455s][info][gc,heap     ] GC(275)  Capacity:     1024M (100%)       1024M (100%)       1024M (100%)       1024M (100%)       1024M (100%)       1024M (100%)   
[54.455s][info][gc,heap     ] GC(275)      Free:      276M (27%)         154M (15%)         762M (74%)         802M (78%)         808M (79%)         146M (14%)    
[54.455s][info][gc,heap     ] GC(275)      Used:      748M (73%)         870M (85%)         262M (26%)         222M (22%)         878M (86%)         216M (21%)    
[54.455s][info][gc,heap     ] GC(275)      Live:         -                25M (2%)           25M (2%)           25M (2%)             -                  -          
[54.455s][info][gc,heap     ] GC(275) Allocated:         -               122M (12%)         148M (14%)         159M (16%)            -                  -          
[54.455s][info][gc,heap     ] GC(275)   Garbage:         -               722M (71%)          88M (9%)           36M (4%)             -                  -          
[54.455s][info][gc,heap     ] GC(275) Reclaimed:         -                  -               634M (62%)         685M (67%)            -                  -          
[54.455s][info][gc          ] GC(275) Garbage Collection (Allocation Rate) 748M(73%)->222M(22%)
[54.598s][info][gc,start    ] GC(276) Garbage Collection (Allocation Rate)
[54.598s][info][gc,task     ] GC(276) Using 2 workers
[54.598s][info][gc,phases   ] GC(276) Pause Mark Start 0.016ms
[54.645s][info][gc,phases   ] GC(276) Concurrent Mark 46.508ms
[54.645s][info][gc,phases   ] GC(276) Pause Mark End 0.013ms
[54.645s][info][gc,phases   ] GC(276) Concurrent Mark Free 0.001ms
[54.647s][info][gc,phases   ] GC(276) Concurrent Process Non-Strong References 2.533ms
[54.648s][info][gc,phases   ] GC(276) Concurrent Reset Relocation Set 0.003ms
[54.651s][info][gc,phases   ] GC(276) Concurrent Select Relocation Set 3.724ms
[54.651s][info][gc,phases   ] GC(276) Pause Relocate Start 0.002ms
[54.656s][info][gc,phases   ] GC(276) Concurrent Relocate 4.174ms
[54.656s][info][gc,load     ] GC(276) Load: 0.00/0.00/0.00
[54.656s][info][gc,mmu      ] GC(276) MMU: 2ms/98.9%, 5ms/99.4%, 10ms/99.7%, 20ms/99.7%, 50ms/99.9%, 100ms/99.9%
[54.656s][info][gc,marking  ] GC(276) Mark: 2 stripe(s), 2 proactive flush(es), 1 terminate flush(es), 0 completion(s), 0 continuation(s) 
[54.656s][info][gc,marking  ] GC(276) Mark Stack Usage: 32M
[54.656s][info][gc,nmethod  ] GC(276) NMethods: 1377 registered, 55 unregistered
[54.656s][info][gc,metaspace] GC(276) Metaspace: 8M used, 8M committed, 1088M reserved
[54.656s][info][gc,ref      ] GC(276) Soft: 174 encountered, 0 discovered, 0 enqueued
[54.656s][info][gc,ref      ] GC(276) Weak: 570 encountered, 424 discovered, 0 enqueued
[54.656s][info][gc,ref      ] GC(276) Final: 0 encountered, 0 discovered, 0 enqueued
[54.656s][info][gc,ref      ] GC(276) Phantom: 21 encountered, 17 discovered, 0 enqueued
[54.656s][info][gc,reloc    ] GC(276) Small Pages: 276 / 552M, Empty: 506M, Relocated: 3M, In-Place: 0
[54.656s][info][gc,reloc    ] GC(276) Medium Pages: 2 / 64M, Empty: 0M, Relocated: 2M, In-Place: 0
[54.656s][info][gc,reloc    ] GC(276) Large Pages: 0 / 0M, Empty: 0M, Relocated: 0M, In-Place: 0
[54.656s][info][gc,reloc    ] GC(276) Forwarding Usage: 1M
[54.656s][info][gc,heap     ] GC(276) Min Capacity: 8M(1%)
[54.656s][info][gc,heap     ] GC(276) Max Capacity: 1024M(100%)
[54.656s][info][gc,heap     ] GC(276) Soft Max Capacity: 1024M(100%)
[54.656s][info][gc,heap     ] GC(276)                Mark Start          Mark End        Relocate Start      Relocate End           High               Low         
[54.656s][info][gc,heap     ] GC(276)  Capacity:     1024M (100%)       1024M (100%)       1024M (100%)       1024M (100%)       1024M (100%)       1024M (100%)   
[54.656s][info][gc,heap     ] GC(276)      Free:      408M (40%)         282M (28%)         770M (75%)         806M (79%)         810M (79%)         276M (27%)    
[54.656s][info][gc,heap     ] GC(276)      Used:      616M (60%)         742M (72%)         254M (25%)         218M (21%)         748M (73%)         214M (21%)    
[54.656s][info][gc,heap     ] GC(276)      Live:         -                26M (3%)           26M (3%)           26M (3%)             -                  -          
[54.656s][info][gc,heap     ] GC(276) Allocated:         -               126M (12%)         144M (14%)         153M (15%)            -                  -          
[54.656s][info][gc,heap     ] GC(276)   Garbage:         -               589M (58%)          83M (8%)           37M (4%)             -                  -          
[54.656s][info][gc,heap     ] GC(276) Reclaimed:         -                  -               506M (49%)         551M (54%)            -                  -          
[54.656s][info][gc          ] GC(276) Garbage Collection (Allocation Rate) 616M(60%)->218M(21%)
[54.801s][info][gc,start    ] GC(277) Garbage Collection (Allocation Rate)
[54.801s][info][gc,task     ] GC(277) Using 2 workers
[54.801s][info][gc,phases   ] GC(277) Pause Mark Start 0.014ms
[54.863s][info][gc,phases   ] GC(277) Concurrent Mark 62.176ms
[54.864s][info][gc,phases   ] GC(277) Pause Mark End 0.014ms
[54.864s][info][gc,phases   ] GC(277) Concurrent Mark Free 0.001ms
[54.866s][info][gc,phases   ] GC(277) Concurrent Process Non-Strong References 2.496ms
[54.866s][info][gc,phases   ] GC(277) Concurrent Reset Relocation Set 0.003ms
[54.872s][info][gc,phases   ] GC(277) Concurrent Select Relocation Set 5.655ms
[54.873s][info][gc,phases   ] GC(277) Pause Relocate Start 0.010ms
[54.876s][info][gc,phases   ] GC(277) Concurrent Relocate 3.670ms
[54.876s][info][gc,load     ] GC(277) Load: 0.00/0.00/0.00
[54.876s][info][gc,mmu      ] GC(277) MMU: 2ms/98.9%, 5ms/99.4%, 10ms/99.7%, 20ms/99.7%, 50ms/99.9%, 100ms/99.9%
[54.876s][info][gc,marking  ] GC(277) Mark: 2 stripe(s), 2 proactive flush(es), 1 terminate flush(es), 0 completion(s), 0 continuation(s) 
[54.876s][info][gc,marking  ] GC(277) Mark Stack Usage: 32M
[54.876s][info][gc,nmethod  ] GC(277) NMethods: 1377 registered, 55 unregistered
[54.876s][info][gc,metaspace] GC(277) Metaspace: 8M used, 8M committed, 1088M reserved
[54.877s][info][gc,ref      ] GC(277) Soft: 174 encountered, 0 discovered, 0 enqueued
[54.877s][info][gc,ref      ] GC(277) Weak: 570 encountered, 423 discovered, 0 enqueued
[54.877s][info][gc,ref      ] GC(277) Final: 0 encountered, 0 discovered, 0 enqueued
[54.877s][info][gc,ref      ] GC(277) Phantom: 21 encountered, 19 discovered, 0 enqueued
[54.877s][info][gc,reloc    ] GC(277) Small Pages: 278 / 556M, Empty: 510M, Relocated: 3M, In-Place: 0
[54.877s][info][gc,reloc    ] GC(277) Medium Pages: 1 / 32M, Empty: 0M, Relocated: 0M, In-Place: 0
[54.877s][info][gc,reloc    ] GC(277) Large Pages: 0 / 0M, Empty: 0M, Relocated: 0M, In-Place: 0
[54.877s][info][gc,reloc    ] GC(277) Forwarding Usage: 1M
[54.877s][info][gc,heap     ] GC(277) Min Capacity: 8M(1%)
[54.877s][info][gc,heap     ] GC(277) Max Capacity: 1024M(100%)
[54.877s][info][gc,heap     ] GC(277) Soft Max Capacity: 1024M(100%)
[54.877s][info][gc,heap     ] GC(277)                Mark Start          Mark End        Relocate Start      Relocate End           High               Low         
[54.877s][info][gc,heap     ] GC(277)  Capacity:     1024M (100%)       1024M (100%)       1024M (100%)       1024M (100%)       1024M (100%)       1024M (100%)   
[54.877s][info][gc,heap     ] GC(277)      Free:      436M (43%)         270M (26%)         756M (74%)         758M (74%)         762M (74%)         260M (25%)    
[54.877s][info][gc,heap     ] GC(277)      Used:      588M (57%)         754M (74%)         268M (26%)         266M (26%)         764M (75%)         262M (26%)    
[54.877s][info][gc,heap     ] GC(277)      Live:         -                28M (3%)           28M (3%)           28M (3%)             -                  -          
[54.877s][info][gc,heap     ] GC(277) Allocated:         -               166M (16%)         190M (19%)         199M (20%)            -                  -          
[54.877s][info][gc,heap     ] GC(277)   Garbage:         -               559M (55%)          49M (5%)           37M (4%)             -                  -          
[54.877s][info][gc,heap     ] GC(277) Reclaimed:         -                  -               510M (50%)         521M (51%)            -                  -          
[54.877s][info][gc          ] GC(277) Garbage Collection (Allocation Rate) 588M(57%)->266M(26%)
[55.090s][info][gc,start    ] GC(278) Garbage Collection (Allocation Rate)
[55.090s][info][gc,task     ] GC(278) Using 2 workers
[55.090s][info][gc,phases   ] GC(278) Pause Mark Start 0.013ms
[55.177s][info][gc,phases   ] GC(278) Concurrent Mark 86.969ms
[55.177s][info][gc,phases   ] GC(278) Pause Mark End 0.020ms
[55.177s][info][gc,phases   ] GC(278) Concurrent Mark Free 0.001ms
[55.180s][info][gc,phases   ] GC(278) Concurrent Process Non-Strong References 2.394ms
[55.180s][info][gc,phases   ] GC(278) Concurrent Reset Relocation Set 0.002ms
[55.186s][info][gc,phases   ] GC(278) Concurrent Select Relocation Set 6.102ms
[55.186s][info][gc,phases   ] GC(278) Pause Relocate Start 0.006ms
[55.192s][info][gc,phases   ] GC(278) Concurrent Relocate 6.231ms
[55.192s][info][gc,load     ] GC(278) Load: 0.00/0.00/0.00
[55.193s][info][gc,mmu      ] GC(278) MMU: 2ms/98.9%, 5ms/99.4%, 10ms/99.7%, 20ms/99.7%, 50ms/99.9%, 100ms/99.9%
[55.193s][info][gc,marking  ] GC(278) Mark: 2 stripe(s), 2 proactive flush(es), 1 terminate flush(es), 0 completion(s), 0 continuation(s) 
[55.193s][info][gc,marking  ] GC(278) Mark Stack Usage: 32M
[55.193s][info][gc,nmethod  ] GC(278) NMethods: 1379 registered, 55 unregistered
[55.193s][info][gc,metaspace] GC(278) Metaspace: 8M used, 8M committed, 1088M reserved
[55.193s][info][gc,ref      ] GC(278) Soft: 174 encountered, 0 discovered, 0 enqueued
[55.193s][info][gc,ref      ] GC(278) Weak: 570 encountered, 427 discovered, 0 enqueued
[55.193s][info][gc,ref      ] GC(278) Final: 0 encountered, 0 discovered, 0 enqueued
[55.193s][info][gc,ref      ] GC(278) Phantom: 21 encountered, 16 discovered, 0 enqueued
[55.193s][info][gc,reloc    ] GC(278) Small Pages: 181 / 362M, Empty: 298M, Relocated: 5M, In-Place: 0
[55.193s][info][gc,reloc    ] GC(278) Medium Pages: 2 / 64M, Empty: 0M, Relocated: 4M, In-Place: 0
[55.193s][info][gc,reloc    ] GC(278) Large Pages: 0 / 0M, Empty: 0M, Relocated: 0M, In-Place: 0
[55.193s][info][gc,reloc    ] GC(278) Forwarding Usage: 1M
[55.193s][info][gc,heap     ] GC(278) Min Capacity: 8M(1%)
[55.193s][info][gc,heap     ] GC(278) Max Capacity: 1024M(100%)
[55.193s][info][gc,heap     ] GC(278) Soft Max Capacity: 1024M(100%)
[55.193s][info][gc,heap     ] GC(278)                Mark Start          Mark End        Relocate Start      Relocate End           High               Low         
[55.193s][info][gc,heap     ] GC(278)  Capacity:     1024M (100%)       1024M (100%)       1024M (100%)       1024M (100%)       1024M (100%)       1024M (100%)   
[55.193s][info][gc,heap     ] GC(278)      Free:      598M (58%)         560M (55%)         858M (84%)         900M (88%)         900M (88%)         560M (55%)    
[55.193s][info][gc,heap     ] GC(278)      Used:      426M (42%)         464M (45%)         166M (16%)         124M (12%)         464M (45%)         124M (12%)    
[55.193s][info][gc,heap     ] GC(278)      Live:         -                49M (5%)           49M (5%)           49M (5%)             -                  -          
[55.193s][info][gc,heap     ] GC(278) Allocated:         -                38M (4%)           38M (4%)           37M (4%)             -                  -          
[55.193s][info][gc,heap     ] GC(278)   Garbage:         -               376M (37%)          78M (8%)           36M (4%)             -                  -          
[55.193s][info][gc,heap     ] GC(278) Reclaimed:         -                  -               298M (29%)         339M (33%)            -                  -          
[55.193s][info][gc          ] GC(278) Garbage Collection (Allocation Rate) 426M(42%)->124M(12%)
[55.302s][info][gc,start    ] GC(279) Garbage Collection (Allocation Rate)
[55.302s][info][gc,task     ] GC(279) Using 2 workers
[55.302s][info][gc,phases   ] GC(279) Pause Mark Start 0.014ms
[55.352s][info][gc,phases   ] GC(279) Concurrent Mark 49.983ms
[55.353s][info][gc,phases   ] GC(279) Pause Mark End 0.013ms
[55.353s][info][gc,phases   ] GC(279) Concurrent Mark Free 0.001ms
[55.355s][info][gc,phases   ] GC(279) Concurrent Process Non-Strong References 1.916ms
[55.355s][info][gc,phases   ] GC(279) Concurrent Reset Relocation Set 0.002ms
[55.361s][info][gc,phases   ] GC(279) Concurrent Select Relocation Set 6.504ms
[55.361s][info][gc,phases   ] GC(279) Pause Relocate Start 0.005ms
[55.368s][info][gc,phases   ] GC(279) Concurrent Relocate 6.621ms
[55.368s][info][gc,load     ] GC(279) Load: 0.00/0.00/0.00
[55.368s][info][gc,mmu      ] GC(279) MMU: 2ms/98.9%, 5ms/99.4%, 10ms/99.7%, 20ms/99.7%, 50ms/99.9%, 100ms/99.9%
[55.368s][info][gc,marking  ] GC(279) Mark: 2 stripe(s), 2 proactive flush(es), 1 terminate flush(es), 0 completion(s), 0 continuation(s) 
[55.368s][info][gc,marking  ] GC(279) Mark Stack Usage: 32M
[55.368s][info][gc,nmethod  ] GC(279) NMethods: 1379 registered, 1 unregistered
[55.368s][info][gc,metaspace] GC(279) Metaspace: 8M used, 8M committed, 1088M reserved
[55.368s][info][gc,ref      ] GC(279) Soft: 174 encountered, 0 discovered, 0 enqueued
[55.368s][info][gc,ref      ] GC(279) Weak: 570 encountered, 16 discovered, 0 enqueued
[55.368s][info][gc,ref      ] GC(279) Final: 0 encountered, 0 discovered, 0 enqueued
[55.368s][info][gc,ref      ] GC(279) Phantom: 21 encountered, 17 discovered, 0 enqueued
[55.368s][info][gc,reloc    ] GC(279) Small Pages: 33 / 66M, Empty: 26M, Relocated: 4M, In-Place: 0
[55.368s][info][gc,reloc    ] GC(279) Medium Pages: 2 / 64M, Empty: 32M, Relocated: 0M, In-Place: 0
[55.368s][info][gc,reloc    ] GC(279) Large Pages: 0 / 0M, Empty: 0M, Relocated: 0M, In-Place: 0
[55.368s][info][gc,reloc    ] GC(279) Forwarding Usage: 2M
[55.368s][info][gc,heap     ] GC(279) Min Capacity: 8M(1%)
[55.368s][info][gc,heap     ] GC(279) Max Capacity: 1024M(100%)
[55.368s][info][gc,heap     ] GC(279) Soft Max Capacity: 1024M(100%)
[55.368s][info][gc,heap     ] GC(279)                Mark Start          Mark End        Relocate Start      Relocate End           High               Low         
[55.369s][info][gc,heap     ] GC(279)  Capacity:     1024M (100%)       1024M (100%)       1024M (100%)       1024M (100%)       1024M (100%)       1024M (100%)   
[55.369s][info][gc,heap     ] GC(279)      Free:      894M (87%)         858M (84%)         910M (89%)         910M (89%)         914M (89%)         856M (84%)    
[55.369s][info][gc,heap     ] GC(279)      Used:      130M (13%)         166M (16%)         114M (11%)         114M (11%)         168M (16%)         110M (11%)    
[55.369s][info][gc,heap     ] GC(279)      Live:         -                30M (3%)           30M (3%)           30M (3%)             -                  -          
[55.369s][info][gc,heap     ] GC(279) Allocated:         -                36M (4%)           42M (4%)           45M (4%)             -                  -          
[55.369s][info][gc,heap     ] GC(279)   Garbage:         -                99M (10%)          41M (4%)           37M (4%)             -                  -          
[55.369s][info][gc,heap     ] GC(279) Reclaimed:         -                  -                58M (6%)           61M (6%)             -                  -          
[55.369s][info][gc          ] GC(279) Garbage Collection (Allocation Rate) 130M(13%)->114M(11%)
[55.372s][info][gc,start    ] GC(280) Garbage Collection (System.gc())
[55.372s][info][gc,task     ] GC(280) Using 10 workers
[55.372s][info][gc,phases   ] GC(280) Pause Mark Start 0.007ms
[55.377s][info][gc,phases   ] GC(280) Concurrent Mark 5.608ms
[55.377s][info][gc,phases   ] GC(280) Pause Mark End 0.014ms
[55.378s][info][gc,phases   ] GC(280) Concurrent Mark Free 0.001ms
[55.383s][info][gc,phases   ] GC(280) Concurrent Process Non-Strong References 5.719ms
[55.383s][info][gc,phases   ] GC(280) Concurrent Reset Relocation Set 0.001ms
[55.387s][info][gc,phases   ] GC(280) Concurrent Select Relocation Set 3.742ms
[55.387s][info][gc,phases   ] GC(280) Pause Relocate Start 0.006ms
[55.388s][info][gc,phases   ] GC(280) Concurrent Relocate 1.059ms
[55.388s][info][gc,load     ] GC(280) Load: 0.00/0.00/0.00
[55.388s][info][gc,mmu      ] GC(280) MMU: 2ms/98.9%, 5ms/99.4%, 10ms/99.7%, 20ms/99.7%, 50ms/99.9%, 100ms/99.9%
[55.388s][info][gc,marking  ] GC(280) Mark: 8 stripe(s), 3 proactive flush(es), 1 terminate flush(es), 0 completion(s), 0 continuation(s) 
[55.389s][info][gc,marking  ] GC(280) Mark Stack Usage: 32M
[55.389s][info][gc,nmethod  ] GC(280) NMethods: 331 registered, 1058 unregistered
[55.389s][info][gc,metaspace] GC(280) Metaspace: 8M used, 8M committed, 1088M reserved
[55.389s][info][gc,ref      ] GC(280) Soft: 174 encountered, 0 discovered, 0 enqueued
[55.389s][info][gc,ref      ] GC(280) Weak: 570 encountered, 25 discovered, 0 enqueued
[55.389s][info][gc,ref      ] GC(280) Final: 0 encountered, 0 discovered, 0 enqueued
[55.389s][info][gc,ref      ] GC(280) Phantom: 21 encountered, 14 discovered, 0 enqueued
[55.389s][info][gc,reloc    ] GC(280) Small Pages: 41 / 82M, Empty: 70M, Relocated: 1M, In-Place: 0
[55.389s][info][gc,reloc    ] GC(280) Medium Pages: 1 / 32M, Empty: 32M, Relocated: 0M, In-Place: 0
[55.389s][info][gc,reloc    ] GC(280) Large Pages: 0 / 0M, Empty: 0M, Relocated: 0M, In-Place: 0
[55.389s][info][gc,reloc    ] GC(280) Forwarding Usage: 0M
[55.389s][info][gc,heap     ] GC(280) Min Capacity: 8M(1%)
[55.389s][info][gc,heap     ] GC(280) Max Capacity: 1024M(100%)
[55.389s][info][gc,heap     ] GC(280) Soft Max Capacity: 1024M(100%)
[55.389s][info][gc,heap     ] GC(280)                Mark Start          Mark End        Relocate Start      Relocate End           High               Low         
[55.389s][info][gc,heap     ] GC(280)  Capacity:     1024M (100%)       1024M (100%)       1024M (100%)       1024M (100%)       1024M (100%)       1024M (100%)   
[55.389s][info][gc,heap     ] GC(280)      Free:      910M (89%)         910M (89%)        1012M (99%)        1012M (99%)        1012M (99%)         910M (89%)    
[55.389s][info][gc,heap     ] GC(280)      Used:      114M (11%)         114M (11%)          12M (1%)           12M (1%)          114M (11%)          12M (1%)     
[55.389s][info][gc,heap     ] GC(280)      Live:         -                 4M (0%)            4M (0%)            4M (0%)             -                  -          
[55.389s][info][gc,heap     ] GC(280) Allocated:         -                 0M (0%)            0M (0%)            0M (0%)             -                  -          
[55.389s][info][gc,heap     ] GC(280)   Garbage:         -               109M (11%)           7M (1%)            7M (1%)             -                  -          
[55.389s][info][gc,heap     ] GC(280) Reclaimed:         -                  -               102M (10%)         102M (10%)            -                  -          
[55.389s][info][gc          ] GC(280) Garbage Collection (System.gc()) 114M(11%)->12M(1%)
[55.599s][info][gc,start    ] GC(281) Garbage Collection (Allocation Rate)
[55.599s][info][gc,task     ] GC(281) Using 10 workers
[55.599s][info][gc,phases   ] GC(281) Pause Mark Start 0.016ms
[55.615s][info][gc,phases   ] GC(281) Concurrent Mark 15.323ms
[55.615s][info][gc,phases   ] GC(281) Pause Mark End 0.015ms
[55.615s][info][gc,phases   ] GC(281) Concurrent Mark Free 0.001ms
[55.615s][info][gc,phases   ] GC(281) Concurrent Process Non-Strong References 0.361ms
[55.615s][info][gc,phases   ] GC(281) Concurrent Reset Relocation Set 0.001ms
[55.619s][info][gc,phases   ] GC(281) Concurrent Select Relocation Set 3.878ms
[55.637s][info][gc,phases   ] GC(281) Pause Relocate Start 0.006ms
[55.638s][info][gc,phases   ] GC(281) Concurrent Relocate 1.404ms
[55.638s][info][gc,load     ] GC(281) Load: 0.00/0.00/0.00
[55.638s][info][gc,mmu      ] GC(281) MMU: 2ms/98.9%, 5ms/99.4%, 10ms/99.7%, 20ms/99.7%, 50ms/99.9%, 100ms/99.9%
[55.638s][info][gc,marking  ] GC(281) Mark: 8 stripe(s), 2 proactive flush(es), 1 terminate flush(es), 0 completion(s), 0 continuation(s) 
[55.638s][info][gc,marking  ] GC(281) Mark Stack Usage: 32M
[55.638s][info][gc,nmethod  ] GC(281) NMethods: 333 registered, 0 unregistered
[55.638s][info][gc,metaspace] GC(281) Metaspace: 8M used, 8M committed, 1088M reserved
[55.639s][info][gc,ref      ] GC(281) Soft: 174 encountered, 0 discovered, 0 enqueued
[55.639s][info][gc,ref      ] GC(281) Weak: 570 encountered, 21 discovered, 0 enqueued
[55.639s][info][gc,ref      ] GC(281) Final: 0 encountered, 0 discovered, 0 enqueued
[55.639s][info][gc,ref      ] GC(281) Phantom: 21 encountered, 21 discovered, 0 enqueued
[55.639s][info][gc,reloc    ] GC(281) Small Pages: 279 / 558M, Empty: 530M, Relocated: 2M, In-Place: 0
[55.639s][info][gc,reloc    ] GC(281) Medium Pages: 0 / 0M, Empty: 0M, Relocated: 0M, In-Place: 0
[55.639s][info][gc,reloc    ] GC(281) Large Pages: 0 / 0M, Empty: 0M, Relocated: 0M, In-Place: 0
[55.639s][info][gc,reloc    ] GC(281) Forwarding Usage: 0M
[55.639s][info][gc,heap     ] GC(281) Min Capacity: 8M(1%)
[55.639s][info][gc,heap     ] GC(281) Max Capacity: 1024M(100%)
[55.639s][info][gc,heap     ] GC(281) Soft Max Capacity: 1024M(100%)
[55.639s][info][gc,heap     ] GC(281)                Mark Start          Mark End        Relocate Start      Relocate End           High               Low         
[55.639s][info][gc,heap     ] GC(281)  Capacity:     1024M (100%)       1024M (100%)       1024M (100%)       1024M (100%)       1024M (100%)       1024M (100%)   
[55.639s][info][gc,heap     ] GC(281)      Free:      466M (46%)         426M (42%)         896M (88%)         896M (88%)         944M (92%)         424M (41%)    
[55.639s][info][gc,heap     ] GC(281)      Used:      558M (54%)         598M (58%)         128M (13%)         128M (13%)         600M (59%)          80M (8%)     
[55.639s][info][gc,heap     ] GC(281)      Live:         -                 5M (1%)            5M (1%)            5M (1%)             -                  -          
[55.639s][info][gc,heap     ] GC(281) Allocated:         -                40M (4%)          100M (10%)         103M (10%)            -                  -          
[55.639s][info][gc,heap     ] GC(281)   Garbage:         -               552M (54%)          22M (2%)           18M (2%)             -                  -          
[55.639s][info][gc,heap     ] GC(281) Reclaimed:         -                  -               530M (52%)         533M (52%)            -                  -          
[55.639s][info][gc          ] GC(281) Garbage Collection (Allocation Rate) 558M(54%)->128M(13%)
[55.802s][info][gc,start    ] GC(282) Garbage Collection (Allocation Rate)
[55.802s][info][gc,task     ] GC(282) Using 10 workers
[55.802s][info][gc,phases   ] GC(282) Pause Mark Start 0.014ms
[55.818s][info][gc,phases   ] GC(282) Concurrent Mark 15.320ms
[55.818s][info][gc,phases   ] GC(282) Pause Mark End 0.017ms
[55.818s][info][gc,phases   ] GC(282) Concurrent Mark Free 0.001ms
[55.818s][info][gc,phases   ] GC(282) Concurrent Process Non-Strong References 0.356ms
[55.818s][info][gc,phases   ] GC(282) Concurrent Reset Relocation Set 0.002ms
[55.823s][info][gc,phases   ] GC(282) Concurrent Select Relocation Set 4.676ms
[55.823s][info][gc,phases   ] GC(282) Pause Relocate Start 0.007ms
[55.825s][info][gc,phases   ] GC(282) Concurrent Relocate 1.693ms
[55.825s][info][gc,load     ] GC(282) Load: 0.00/0.00/0.00
[55.825s][info][gc,mmu      ] GC(282) MMU: 2ms/98.9%, 5ms/99.4%, 10ms/99.7%, 20ms/99.7%, 50ms/99.9%, 100ms/99.9%
[55.825s][info][gc,marking  ] GC(282) Mark: 8 stripe(s), 2 proactive flush(es), 1 terminate flush(es), 0 completion(s), 0 continuation(s) 
[55.825s][info][gc,marking  ] GC(282) Mark Stack Usage: 32M
[55.825s][info][gc,nmethod  ] GC(282) NMethods: 333 registered, 0 unregistered
[55.825s][info][gc,metaspace] GC(282) Metaspace: 8M used, 8M committed, 1088M reserved
[55.825s][info][gc,ref      ] GC(282) Soft: 174 encountered, 0 discovered, 0 enqueued
[55.825s][info][gc,ref      ] GC(282) Weak: 570 encountered, 2 discovered, 0 enqueued
[55.825s][info][gc,ref      ] GC(282) Final: 0 encountered, 0 discovered, 0 enqueued
[55.825s][info][gc,ref      ] GC(282) Phantom: 21 encountered, 19 discovered, 0 enqueued
[55.825s][info][gc,reloc    ] GC(282) Small Pages: 238 / 476M, Empty: 446M, Relocated: 2M, In-Place: 0
[55.825s][info][gc,reloc    ] GC(282) Medium Pages: 1 / 32M, Empty: 0M, Relocated: 0M, In-Place: 0
[55.825s][info][gc,reloc    ] GC(282) Large Pages: 0 / 0M, Empty: 0M, Relocated: 0M, In-Place: 0
[55.825s][info][gc,reloc    ] GC(282) Forwarding Usage: 1M
[55.826s][info][gc,heap     ] GC(282) Min Capacity: 8M(1%)
[55.826s][info][gc,heap     ] GC(282) Max Capacity: 1024M(100%)
[55.826s][info][gc,heap     ] GC(282) Soft Max Capacity: 1024M(100%)
[55.826s][info][gc,heap     ] GC(282)                Mark Start          Mark End        Relocate Start      Relocate End           High               Low         
[55.826s][info][gc,heap     ] GC(282)  Capacity:     1024M (100%)       1024M (100%)       1024M (100%)       1024M (100%)       1024M (100%)       1024M (100%)   
[55.826s][info][gc,heap     ] GC(282)      Free:      516M (50%)         474M (46%)         908M (89%)         906M (88%)         912M (89%)         472M (46%)    
[55.826s][info][gc,heap     ] GC(282)      Used:      508M (50%)         550M (54%)         116M (11%)         118M (12%)         552M (54%)         112M (11%)    
[55.826s][info][gc,heap     ] GC(282)      Live:         -                 7M (1%)            7M (1%)            7M (1%)             -                  -          
[55.826s][info][gc,heap     ] GC(282) Allocated:         -                42M (4%)           54M (5%)           59M (6%)             -                  -          
[55.826s][info][gc,heap     ] GC(282)   Garbage:         -               500M (49%)          54M (5%)           50M (5%)             -                  -          
[55.826s][info][gc,heap     ] GC(282) Reclaimed:         -                  -               446M (44%)         449M (44%)            -                  -          
[55.826s][info][gc          ] GC(282) Garbage Collection (Allocation Rate) 508M(50%)->118M(12%)
[55.990s][info][gc,start    ] GC(283) Garbage Collection (Allocation Rate)
[55.990s][info][gc,task     ] GC(283) Using 3 workers
[55.990s][info][gc,phases   ] GC(283) Pause Mark Start 0.013ms
[56.008s][info][gc,phases   ] GC(283) Concurrent Mark 17.633ms
[56.008s][info][gc,phases   ] GC(283) Pause Mark End 0.011ms
[56.008s][info][gc,phases   ] GC(283) Concurrent Mark Free 0.001ms
[56.008s][info][gc,phases   ] GC(283) Concurrent Process Non-Strong References 0.629ms
[56.009s][info][gc,phases   ] GC(283) Concurrent Reset Relocation Set 0.002ms
[56.013s][info][gc,phases   ] GC(283) Concurrent Select Relocation Set 4.208ms
[56.013s][info][gc,phases   ] GC(283) Pause Relocate Start 0.006ms
[56.018s][info][gc,phases   ] GC(283) Concurrent Relocate 4.849ms
[56.018s][info][gc,load     ] GC(283) Load: 0.00/0.00/0.00
[56.018s][info][gc,mmu      ] GC(283) MMU: 2ms/98.9%, 5ms/99.4%, 10ms/99.7%, 20ms/99.7%, 50ms/99.9%, 100ms/99.9%
[56.018s][info][gc,marking  ] GC(283) Mark: 2 stripe(s), 3 proactive flush(es), 1 terminate flush(es), 0 completion(s), 0 continuation(s) 
[56.018s][info][gc,marking  ] GC(283) Mark Stack Usage: 32M
[56.018s][info][gc,nmethod  ] GC(283) NMethods: 333 registered, 0 unregistered
[56.018s][info][gc,metaspace] GC(283) Metaspace: 8M used, 8M committed, 1088M reserved
[56.018s][info][gc,ref      ] GC(283) Soft: 174 encountered, 0 discovered, 0 enqueued
[56.018s][info][gc,ref      ] GC(283) Weak: 570 encountered, 148 discovered, 0 enqueued
[56.018s][info][gc,ref      ] GC(283) Final: 0 encountered, 0 discovered, 0 enqueued
[56.018s][info][gc,ref      ] GC(283) Phantom: 21 encountered, 19 discovered, 0 enqueued
[56.018s][info][gc,reloc    ] GC(283) Small Pages: 233 / 466M, Empty: 432M, Relocated: 4M, In-Place: 0
[56.018s][info][gc,reloc    ] GC(283) Medium Pages: 1 / 32M, Empty: 0M, Relocated: 0M, In-Place: 0
[56.018s][info][gc,reloc    ] GC(283) Large Pages: 0 / 0M, Empty: 0M, Relocated: 0M, In-Place: 0
[56.018s][info][gc,reloc    ] GC(283) Forwarding Usage: 2M
[56.018s][info][gc,heap     ] GC(283) Min Capacity: 8M(1%)
[56.018s][info][gc,heap     ] GC(283) Max Capacity: 1024M(100%)
[56.018s][info][gc,heap     ] GC(283) Soft Max Capacity: 1024M(100%)
[56.018s][info][gc,heap     ] GC(283)                Mark Start          Mark End        Relocate Start      Relocate End           High               Low         
[56.018s][info][gc,heap     ] GC(283)  Capacity:     1024M (100%)       1024M (100%)       1024M (100%)       1024M (100%)       1024M (100%)       1024M (100%)   
[56.018s][info][gc,heap     ] GC(283)      Free:      526M (51%)         508M (50%)         932M (91%)         948M (93%)         948M (93%)         508M (50%)    
[56.018s][info][gc,heap     ] GC(283)      Used:      498M (49%)         516M (50%)          92M (9%)           76M (7%)          516M (50%)          76M (7%)     
[56.018s][info][gc,heap     ] GC(283)      Live:         -                 8M (1%)            8M (1%)            8M (1%)             -                  -          
[56.018s][info][gc,heap     ] GC(283) Allocated:         -                18M (2%)           26M (3%)           33M (3%)             -                  -          
[56.018s][info][gc,heap     ] GC(283)   Garbage:         -               489M (48%)          57M (6%)           33M (3%)             -                  -          
[56.018s][info][gc,heap     ] GC(283) Reclaimed:         -                  -               432M (42%)         455M (45%)            -                  -          
[56.018s][info][gc          ] GC(283) Garbage Collection (Allocation Rate) 498M(49%)->76M(7%)
[56.197s][info][gc,start    ] GC(284) Garbage Collection (Allocation Rate)
[56.197s][info][gc,task     ] GC(284) Using 2 workers
[56.197s][info][gc,phases   ] GC(284) Pause Mark Start 0.013ms
[56.228s][info][gc,phases   ] GC(284) Concurrent Mark 30.898ms
[56.229s][info][gc,phases   ] GC(284) Pause Mark End 0.014ms
[56.229s][info][gc,phases   ] GC(284) Concurrent Mark Free 0.001ms
[56.230s][info][gc,phases   ] GC(284) Concurrent Process Non-Strong References 0.963ms
[56.230s][info][gc,phases   ] GC(284) Concurrent Reset Relocation Set 0.003ms
[56.234s][info][gc,phases   ] GC(284) Concurrent Select Relocation Set 3.882ms
[56.234s][info][gc,phases   ] GC(284) Pause Relocate Start 0.008ms
[56.238s][info][gc,phases   ] GC(284) Concurrent Relocate 4.111ms
[56.238s][info][gc,load     ] GC(284) Load: 0.00/0.00/0.00
[56.238s][info][gc,mmu      ] GC(284) MMU: 2ms/98.9%, 5ms/99.4%, 10ms/99.7%, 20ms/99.7%, 50ms/99.9%, 100ms/99.9%
[56.238s][info][gc,marking  ] GC(284) Mark: 2 stripe(s), 2 proactive flush(es), 1 terminate flush(es), 0 completion(s), 0 continuation(s) 
[56.238s][info][gc,marking  ] GC(284) Mark Stack Usage: 32M
[56.238s][info][gc,nmethod  ] GC(284) NMethods: 333 registered, 0 unregistered
[56.238s][info][gc,metaspace] GC(284) Metaspace: 8M used, 8M committed, 1088M reserved
[56.238s][info][gc,ref      ] GC(284) Soft: 174 encountered, 0 discovered, 0 enqueued
[56.238s][info][gc,ref      ] GC(284) Weak: 570 encountered, 426 discovered, 0 enqueued
[56.238s][info][gc,ref      ] GC(284) Final: 0 encountered, 0 discovered, 0 enqueued
[56.238s][info][gc,ref      ] GC(284) Phantom: 21 encountered, 17 discovered, 0 enqueued
[56.238s][info][gc,reloc    ] GC(284) Small Pages: 230 / 460M, Empty: 430M, Relocated: 3M, In-Place: 0
[56.238s][info][gc,reloc    ] GC(284) Medium Pages: 2 / 64M, Empty: 32M, Relocated: 0M, In-Place: 0
[56.238s][info][gc,reloc    ] GC(284) Large Pages: 0 / 0M, Empty: 0M, Relocated: 0M, In-Place: 0
[56.238s][info][gc,reloc    ] GC(284) Forwarding Usage: 1M
[56.238s][info][gc,heap     ] GC(284) Min Capacity: 8M(1%)
[56.238s][info][gc,heap     ] GC(284) Max Capacity: 1024M(100%)
[56.238s][info][gc,heap     ] GC(284) Soft Max Capacity: 1024M(100%)
[56.238s][info][gc,heap     ] GC(284)                Mark Start          Mark End        Relocate Start      Relocate End           High               Low         
[56.238s][info][gc,heap     ] GC(284)  Capacity:     1024M (100%)       1024M (100%)       1024M (100%)       1024M (100%)       1024M (100%)       1024M (100%)   
[56.238s][info][gc,heap     ] GC(284)      Free:      500M (49%)         416M (41%)         866M (85%)         872M (85%)         876M (86%)         412M (40%)    
[56.239s][info][gc,heap     ] GC(284)      Used:      524M (51%)         608M (59%)         158M (15%)         152M (15%)         612M (60%)         148M (14%)    
[56.239s][info][gc,heap     ] GC(284)      Live:         -                 9M (1%)            9M (1%)            9M (1%)             -                  -          
[56.239s][info][gc,heap     ] GC(284) Allocated:         -                84M (8%)           96M (9%)          107M (11%)            -                  -          
[56.239s][info][gc,heap     ] GC(284)   Garbage:         -               514M (50%)          52M (5%)           34M (3%)             -                  -          
[56.239s][info][gc,heap     ] GC(284) Reclaimed:         -                  -               462M (45%)         479M (47%)            -                  -          
[56.239s][info][gc          ] GC(284) Garbage Collection (Allocation Rate) 524M(51%)->152M(15%)
[56.291s][info][gc,start    ] GC(285) Garbage Collection (Allocation Rate)
[56.291s][info][gc,task     ] GC(285) Using 5 workers
[56.291s][info][gc,phases   ] GC(285) Pause Mark Start 0.013ms
[56.322s][info][gc,phases   ] GC(285) Concurrent Mark 30.970ms
[56.322s][info][gc,phases   ] GC(285) Pause Mark End 0.013ms
[56.322s][info][gc,phases   ] GC(285) Concurrent Mark Free 0.001ms
[56.323s][info][gc,phases   ] GC(285) Concurrent Process Non-Strong References 0.480ms
[56.323s][info][gc,phases   ] GC(285) Concurrent Reset Relocation Set 0.002ms
[56.329s][info][gc,phases   ] GC(285) Concurrent Select Relocation Set 6.223ms
[56.329s][info][gc,phases   ] GC(285) Pause Relocate Start 0.006ms
[56.334s][info][gc,phases   ] GC(285) Concurrent Relocate 4.495ms
[56.334s][info][gc,load     ] GC(285) Load: 0.00/0.00/0.00
[56.334s][info][gc,mmu      ] GC(285) MMU: 2ms/98.9%, 5ms/99.4%, 10ms/99.7%, 20ms/99.7%, 50ms/99.9%, 100ms/99.9%
[56.334s][info][gc,marking  ] GC(285) Mark: 4 stripe(s), 2 proactive flush(es), 1 terminate flush(es), 0 completion(s), 0 continuation(s) 
[56.334s][info][gc,marking  ] GC(285) Mark Stack Usage: 32M
[56.334s][info][gc,nmethod  ] GC(285) NMethods: 333 registered, 0 unregistered
[56.334s][info][gc,metaspace] GC(285) Metaspace: 8M used, 8M committed, 1088M reserved
[56.334s][info][gc,ref      ] GC(285) Soft: 174 encountered, 0 discovered, 0 enqueued
[56.334s][info][gc,ref      ] GC(285) Weak: 570 encountered, 70 discovered, 0 enqueued
[56.334s][info][gc,ref      ] GC(285) Final: 0 encountered, 0 discovered, 0 enqueued
[56.334s][info][gc,ref      ] GC(285) Phantom: 21 encountered, 16 discovered, 0 enqueued
[56.334s][info][gc,reloc    ] GC(285) Small Pages: 131 / 262M, Empty: 238M, Relocated: 5M, In-Place: 0
[56.334s][info][gc,reloc    ] GC(285) Medium Pages: 1 / 32M, Empty: 0M, Relocated: 0M, In-Place: 0
[56.334s][info][gc,reloc    ] GC(285) Large Pages: 0 / 0M, Empty: 0M, Relocated: 0M, In-Place: 0
[56.334s][info][gc,reloc    ] GC(285) Forwarding Usage: 2M
[56.334s][info][gc,heap     ] GC(285) Min Capacity: 8M(1%)
[56.334s][info][gc,heap     ] GC(285) Max Capacity: 1024M(100%)
[56.334s][info][gc,heap     ] GC(285) Soft Max Capacity: 1024M(100%)
[56.334s][info][gc,heap     ] GC(285)                Mark Start          Mark End        Relocate Start      Relocate End           High               Low         
[56.334s][info][gc,heap     ] GC(285)  Capacity:     1024M (100%)       1024M (100%)       1024M (100%)       1024M (100%)       1024M (100%)       1024M (100%)   
[56.335s][info][gc,heap     ] GC(285)      Free:      730M (71%)         648M (63%)         868M (85%)         866M (85%)         874M (85%)         646M (63%)    
[56.335s][info][gc,heap     ] GC(285)      Used:      294M (29%)         376M (37%)         156M (15%)         158M (15%)         378M (37%)         150M (15%)    
[56.335s][info][gc,heap     ] GC(285)      Live:         -                10M (1%)           10M (1%)           10M (1%)             -                  -          
[56.335s][info][gc,heap     ] GC(285) Allocated:         -                82M (8%)          100M (10%)         109M (11%)            -                  -          
[56.335s][info][gc,heap     ] GC(285)   Garbage:         -               283M (28%)          45M (4%)           37M (4%)             -                  -          
[56.335s][info][gc,heap     ] GC(285) Reclaimed:         -                  -               238M (23%)         245M (24%)            -                  -          
[56.335s][info][gc          ] GC(285) Garbage Collection (Allocation Rate) 294M(29%)->158M(15%)
[56.389s][info][gc,start    ] GC(286) Garbage Collection (Allocation Rate)
[56.389s][info][gc,task     ] GC(286) Using 5 workers
[56.389s][info][gc,phases   ] GC(286) Pause Mark Start 0.013ms
[56.406s][info][gc,phases   ] GC(286) Concurrent Mark 16.708ms
[56.406s][info][gc,phases   ] GC(286) Pause Mark End 0.017ms
[56.406s][info][gc,phases   ] GC(286) Concurrent Mark Free 0.001ms
[56.407s][info][gc,phases   ] GC(286) Concurrent Process Non-Strong References 0.495ms
[56.407s][info][gc,phases   ] GC(286) Concurrent Reset Relocation Set 0.002ms
[56.411s][info][gc,phases   ] GC(286) Concurrent Select Relocation Set 4.239ms
[56.411s][info][gc,phases   ] GC(286) Pause Relocate Start 0.006ms
[56.414s][info][gc,phases   ] GC(286) Concurrent Relocate 2.544ms
[56.414s][info][gc,load     ] GC(286) Load: 0.00/0.00/0.00
[56.414s][info][gc,mmu      ] GC(286) MMU: 2ms/98.9%, 5ms/99.4%, 10ms/99.7%, 20ms/99.7%, 50ms/99.9%, 100ms/99.9%
[56.414s][info][gc,marking  ] GC(286) Mark: 4 stripe(s), 2 proactive flush(es), 1 terminate flush(es), 0 completion(s), 0 continuation(s) 
[56.414s][info][gc,marking  ] GC(286) Mark Stack Usage: 32M
[56.414s][info][gc,nmethod  ] GC(286) NMethods: 333 registered, 0 unregistered
[56.414s][info][gc,metaspace] GC(286) Metaspace: 8M used, 8M committed, 1088M reserved
[56.414s][info][gc,ref      ] GC(286) Soft: 174 encountered, 0 discovered, 0 enqueued
[56.414s][info][gc,ref      ] GC(286) Weak: 570 encountered, 89 discovered, 0 enqueued
[56.414s][info][gc,ref      ] GC(286) Final: 0 encountered, 0 discovered, 0 enqueued
[56.414s][info][gc,ref      ] GC(286) Phantom: 21 encountered, 19 discovered, 0 enqueued
[56.414s][info][gc,reloc    ] GC(286) Small Pages: 127 / 254M, Empty: 234M, Relocated: 1M, In-Place: 0
[56.414s][info][gc,reloc    ] GC(286) Medium Pages: 2 / 64M, Empty: 0M, Relocated: 0M, In-Place: 0
[56.414s][info][gc,reloc    ] GC(286) Large Pages: 0 / 0M, Empty: 0M, Relocated: 0M, In-Place: 0
[56.414s][info][gc,reloc    ] GC(286) Forwarding Usage: 0M
[56.414s][info][gc,heap     ] GC(286) Min Capacity: 8M(1%)
[56.414s][info][gc,heap     ] GC(286) Max Capacity: 1024M(100%)
[56.414s][info][gc,heap     ] GC(286) Soft Max Capacity: 1024M(100%)
[56.414s][info][gc,heap     ] GC(286)                Mark Start          Mark End        Relocate Start      Relocate End           High               Low         
[56.414s][info][gc,heap     ] GC(286)  Capacity:     1024M (100%)       1024M (100%)       1024M (100%)       1024M (100%)       1024M (100%)       1024M (100%)   
[56.415s][info][gc,heap     ] GC(286)      Free:      706M (69%)         662M (65%)         882M (86%)         910M (89%)         912M (89%)         660M (64%)    
[56.415s][info][gc,heap     ] GC(286)      Used:      318M (31%)         362M (35%)         142M (14%)         114M (11%)         364M (36%)         112M (11%)    
[56.415s][info][gc,heap     ] GC(286)      Live:         -                11M (1%)           11M (1%)           11M (1%)             -                  -          
[56.415s][info][gc,heap     ] GC(286) Allocated:         -                44M (4%)           58M (6%)           63M (6%)             -                  -          
[56.415s][info][gc,heap     ] GC(286)   Garbage:         -               306M (30%)          72M (7%)           38M (4%)             -                  -          
[56.415s][info][gc,heap     ] GC(286) Reclaimed:         -                  -               234M (23%)         267M (26%)            -                  -          
[56.415s][info][gc          ] GC(286) Garbage Collection (Allocation Rate) 318M(31%)->114M(11%)
[56.489s][info][gc,start    ] GC(287) Garbage Collection (Allocation Rate)
[56.489s][info][gc,task     ] GC(287) Using 5 workers
[56.489s][info][gc,phases   ] GC(287) Pause Mark Start 0.014ms
[56.520s][info][gc,phases   ] GC(287) Concurrent Mark 30.921ms
[56.520s][info][gc,phases   ] GC(287) Pause Mark End 0.017ms
[56.520s][info][gc,phases   ] GC(287) Concurrent Mark Free 0.001ms
[56.521s][info][gc,phases   ] GC(287) Concurrent Process Non-Strong References 0.443ms
[56.521s][info][gc,phases   ] GC(287) Concurrent Reset Relocation Set 0.001ms
[56.525s][info][gc,phases   ] GC(287) Concurrent Select Relocation Set 4.676ms
[56.525s][info][gc,phases   ] GC(287) Pause Relocate Start 0.005ms
[56.529s][info][gc,phases   ] GC(287) Concurrent Relocate 3.333ms
[56.529s][info][gc,load     ] GC(287) Load: 0.00/0.00/0.00
[56.529s][info][gc,mmu      ] GC(287) MMU: 2ms/98.9%, 5ms/99.4%, 10ms/99.7%, 20ms/99.7%, 50ms/99.9%, 100ms/99.9%
[56.529s][info][gc,marking  ] GC(287) Mark: 4 stripe(s), 4 proactive flush(es), 1 terminate flush(es), 0 completion(s), 0 continuation(s) 
[56.529s][info][gc,marking  ] GC(287) Mark Stack Usage: 32M
[56.529s][info][gc,nmethod  ] GC(287) NMethods: 333 registered, 0 unregistered
[56.529s][info][gc,metaspace] GC(287) Metaspace: 8M used, 8M committed, 1088M reserved
[56.529s][info][gc,ref      ] GC(287) Soft: 174 encountered, 0 discovered, 0 enqueued
[56.529s][info][gc,ref      ] GC(287) Weak: 570 encountered, 88 discovered, 0 enqueued
[56.529s][info][gc,ref      ] GC(287) Final: 0 encountered, 0 discovered, 0 enqueued
[56.529s][info][gc,ref      ] GC(287) Phantom: 21 encountered, 19 discovered, 0 enqueued
[56.529s][info][gc,reloc    ] GC(287) Small Pages: 122 / 244M, Empty: 212M, Relocated: 3M, In-Place: 0
[56.529s][info][gc,reloc    ] GC(287) Medium Pages: 1 / 32M, Empty: 0M, Relocated: 0M, In-Place: 0
[56.529s][info][gc,reloc    ] GC(287) Large Pages: 0 / 0M, Empty: 0M, Relocated: 0M, In-Place: 0
[56.529s][info][gc,reloc    ] GC(287) Forwarding Usage: 1M
[56.529s][info][gc,heap     ] GC(287) Min Capacity: 8M(1%)
[56.529s][info][gc,heap     ] GC(287) Max Capacity: 1024M(100%)
[56.529s][info][gc,heap     ] GC(287) Soft Max Capacity: 1024M(100%)
[56.529s][info][gc,heap     ] GC(287)                Mark Start          Mark End        Relocate Start      Relocate End           High               Low         
[56.529s][info][gc,heap     ] GC(287)  Capacity:     1024M (100%)       1024M (100%)       1024M (100%)       1024M (100%)       1024M (100%)       1024M (100%)   
[56.529s][info][gc,heap     ] GC(287)      Free:      748M (73%)         706M (69%)         904M (88%)         908M (89%)         910M (89%)         704M (69%)    
[56.530s][info][gc,heap     ] GC(287)      Used:      276M (27%)         318M (31%)         120M (12%)         116M (11%)         320M (31%)         114M (11%)    
[56.530s][info][gc,heap     ] GC(287)      Live:         -                11M (1%)           11M (1%)           11M (1%)             -                  -          
[56.530s][info][gc,heap     ] GC(287) Allocated:         -                42M (4%)           56M (5%)           63M (6%)             -                  -          
[56.530s][info][gc,heap     ] GC(287)   Garbage:         -               264M (26%)          52M (5%)           40M (4%)             -                  -          
[56.530s][info][gc,heap     ] GC(287) Reclaimed:         -                  -               212M (21%)         223M (22%)            -                  -          
[56.530s][info][gc          ] GC(287) Garbage Collection (Allocation Rate) 276M(27%)->116M(11%)
[56.598s][info][gc,start    ] GC(288) Garbage Collection (Allocation Rate)
[56.598s][info][gc,task     ] GC(288) Using 5 workers
[56.598s][info][gc,phases   ] GC(288) Pause Mark Start 0.010ms
[56.629s][info][gc,phases   ] GC(288) Concurrent Mark 31.026ms
[56.629s][info][gc,phases   ] GC(288) Pause Mark End 0.013ms
[56.630s][info][gc,phases   ] GC(288) Concurrent Mark Free 0.001ms
[56.630s][info][gc,phases   ] GC(288) Concurrent Process Non-Strong References 0.525ms
[56.630s][info][gc,phases   ] GC(288) Concurrent Reset Relocation Set 0.002ms
[56.637s][info][gc,phases   ] GC(288) Concurrent Select Relocation Set 6.716ms
[56.637s][info][gc,phases   ] GC(288) Pause Relocate Start 0.005ms
[56.642s][info][gc,phases   ] GC(288) Concurrent Relocate 4.946ms
[56.642s][info][gc,load     ] GC(288) Load: 0.00/0.00/0.00
[56.642s][info][gc,mmu      ] GC(288) MMU: 2ms/98.9%, 5ms/99.4%, 10ms/99.7%, 20ms/99.7%, 50ms/99.9%, 100ms/99.9%
[56.642s][info][gc,marking  ] GC(288) Mark: 4 stripe(s), 3 proactive flush(es), 1 terminate flush(es), 0 completion(s), 0 continuation(s) 
[56.642s][info][gc,marking  ] GC(288) Mark Stack Usage: 32M
[56.642s][info][gc,nmethod  ] GC(288) NMethods: 333 registered, 0 unregistered
[56.642s][info][gc,metaspace] GC(288) Metaspace: 8M used, 8M committed, 1088M reserved
[56.642s][info][gc,ref      ] GC(288) Soft: 174 encountered, 0 discovered, 0 enqueued
[56.642s][info][gc,ref      ] GC(288) Weak: 570 encountered, 280 discovered, 0 enqueued
[56.642s][info][gc,ref      ] GC(288) Final: 0 encountered, 0 discovered, 0 enqueued
[56.642s][info][gc,ref      ] GC(288) Phantom: 21 encountered, 19 discovered, 0 enqueued
[56.642s][info][gc,reloc    ] GC(288) Small Pages: 135 / 270M, Empty: 238M, Relocated: 6M, In-Place: 0
[56.642s][info][gc,reloc    ] GC(288) Medium Pages: 1 / 32M, Empty: 0M, Relocated: 0M, In-Place: 0
[56.642s][info][gc,reloc    ] GC(288) Large Pages: 0 / 0M, Empty: 0M, Relocated: 0M, In-Place: 0
[56.642s][info][gc,reloc    ] GC(288) Forwarding Usage: 3M
[56.642s][info][gc,heap     ] GC(288) Min Capacity: 8M(1%)
[56.642s][info][gc,heap     ] GC(288) Max Capacity: 1024M(100%)
[56.642s][info][gc,heap     ] GC(288) Soft Max Capacity: 1024M(100%)
[56.643s][info][gc,heap     ] GC(288)                Mark Start          Mark End        Relocate Start      Relocate End           High               Low         
[56.643s][info][gc,heap     ] GC(288)  Capacity:     1024M (100%)       1024M (100%)       1024M (100%)       1024M (100%)       1024M (100%)       1024M (100%)   
[56.643s][info][gc,heap     ] GC(288)      Free:      722M (71%)         658M (64%)         874M (85%)         878M (86%)         884M (86%)         656M (64%)    
[56.643s][info][gc,heap     ] GC(288)      Used:      302M (29%)         366M (36%)         150M (15%)         146M (14%)         368M (36%)         140M (14%)    
[56.643s][info][gc,heap     ] GC(288)      Live:         -                12M (1%)           12M (1%)           12M (1%)             -                  -          
[56.643s][info][gc,heap     ] GC(288) Allocated:         -                64M (6%)           86M (8%)           97M (10%)            -                  -          
[56.643s][info][gc,heap     ] GC(288)   Garbage:         -               289M (28%)          51M (5%)           35M (3%)             -                  -          
[56.643s][info][gc,heap     ] GC(288) Reclaimed:         -                  -               238M (23%)         253M (25%)            -                  -          
[56.643s][info][gc          ] GC(288) Garbage Collection (Allocation Rate) 302M(29%)->146M(14%)
[56.692s][info][gc,start    ] GC(289) Garbage Collection (Allocation Rate)
[56.692s][info][gc,task     ] GC(289) Using 5 workers
[56.692s][info][gc,phases   ] GC(289) Pause Mark Start 0.014ms
[56.723s][info][gc,phases   ] GC(289) Concurrent Mark 30.943ms
[56.723s][info][gc,phases   ] GC(289) Pause Mark End 0.015ms
[56.723s][info][gc,phases   ] GC(289) Concurrent Mark Free 0.001ms
[56.724s][info][gc,phases   ] GC(289) Concurrent Process Non-Strong References 0.476ms
[56.724s][info][gc,phases   ] GC(289) Concurrent Reset Relocation Set 0.003ms
[56.728s][info][gc,phases   ] GC(289) Concurrent Select Relocation Set 3.957ms
[56.728s][info][gc,phases   ] GC(289) Pause Relocate Start 0.005ms
[56.731s][info][gc,phases   ] GC(289) Concurrent Relocate 3.042ms
[56.731s][info][gc,load     ] GC(289) Load: 0.00/0.00/0.00
[56.731s][info][gc,mmu      ] GC(289) MMU: 2ms/98.9%, 5ms/99.4%, 10ms/99.7%, 20ms/99.7%, 50ms/99.9%, 100ms/99.9%
[56.731s][info][gc,marking  ] GC(289) Mark: 4 stripe(s), 2 proactive flush(es), 1 terminate flush(es), 0 completion(s), 0 continuation(s) 
[56.731s][info][gc,marking  ] GC(289) Mark Stack Usage: 32M
[56.731s][info][gc,nmethod  ] GC(289) NMethods: 333 registered, 0 unregistered
[56.731s][info][gc,metaspace] GC(289) Metaspace: 8M used, 8M committed, 1088M reserved
[56.731s][info][gc,ref      ] GC(289) Soft: 174 encountered, 0 discovered, 0 enqueued
[56.731s][info][gc,ref      ] GC(289) Weak: 570 encountered, 10 discovered, 0 enqueued
[56.731s][info][gc,ref      ] GC(289) Final: 0 encountered, 0 discovered, 0 enqueued
[56.731s][info][gc,ref      ] GC(289) Phantom: 21 encountered, 19 discovered, 0 enqueued
[56.731s][info][gc,reloc    ] GC(289) Small Pages: 124 / 248M, Empty: 214M, Relocated: 3M, In-Place: 0
[56.731s][info][gc,reloc    ] GC(289) Medium Pages: 1 / 32M, Empty: 0M, Relocated: 0M, In-Place: 0
[56.731s][info][gc,reloc    ] GC(289) Large Pages: 0 / 0M, Empty: 0M, Relocated: 0M, In-Place: 0
[56.731s][info][gc,reloc    ] GC(289) Forwarding Usage: 1M
[56.731s][info][gc,heap     ] GC(289) Min Capacity: 8M(1%)
[56.732s][info][gc,heap     ] GC(289) Max Capacity: 1024M(100%)
[56.732s][info][gc,heap     ] GC(289) Soft Max Capacity: 1024M(100%)
[56.732s][info][gc,heap     ] GC(289)                Mark Start          Mark End        Relocate Start      Relocate End           High               Low         
[56.732s][info][gc,heap     ] GC(289)  Capacity:     1024M (100%)       1024M (100%)       1024M (100%)       1024M (100%)       1024M (100%)       1024M (100%)   
[56.732s][info][gc,heap     ] GC(289)      Free:      744M (73%)         662M (65%)         864M (84%)         868M (85%)         870M (85%)         662M (65%)    
[56.732s][info][gc,heap     ] GC(289)      Used:      280M (27%)         362M (35%)         160M (16%)         156M (15%)         362M (35%)         154M (15%)    
[56.732s][info][gc,heap     ] GC(289)      Live:         -                13M (1%)           13M (1%)           13M (1%)             -                  -          
[56.732s][info][gc,heap     ] GC(289) Allocated:         -                82M (8%)           94M (9%)          101M (10%)            -                  -          
[56.732s][info][gc,heap     ] GC(289)   Garbage:         -               266M (26%)          52M (5%)           40M (4%)             -                  -          
[56.732s][info][gc,heap     ] GC(289) Reclaimed:         -                  -               214M (21%)         225M (22%)            -                  -          
[56.732s][info][gc          ] GC(289) Garbage Collection (Allocation Rate) 280M(27%)->156M(15%)
[56.801s][info][gc,start    ] GC(290) Garbage Collection (Allocation Rate)
[56.801s][info][gc,task     ] GC(290) Using 5 workers
[56.801s][info][gc,phases   ] GC(290) Pause Mark Start 0.013ms
[56.832s][info][gc,phases   ] GC(290) Concurrent Mark 31.015ms
[56.833s][info][gc,phases   ] GC(290) Pause Mark End 0.017ms
[56.833s][info][gc,phases   ] GC(290) Concurrent Mark Free 0.001ms
[56.833s][info][gc,phases   ] GC(290) Concurrent Process Non-Strong References 0.445ms
[56.833s][info][gc,phases   ] GC(290) Concurrent Reset Relocation Set 0.003ms
[56.840s][info][gc,phases   ] GC(290) Concurrent Select Relocation Set 6.429ms
[56.840s][info][gc,phases   ] GC(290) Pause Relocate Start 0.005ms
[56.845s][info][gc,phases   ] GC(290) Concurrent Relocate 4.865ms
[56.845s][info][gc,load     ] GC(290) Load: 0.00/0.00/0.00
[56.845s][info][gc,mmu      ] GC(290) MMU: 2ms/98.9%, 5ms/99.4%, 10ms/99.7%, 20ms/99.7%, 50ms/99.9%, 100ms/99.9%
[56.845s][info][gc,marking  ] GC(290) Mark: 4 stripe(s), 2 proactive flush(es), 1 terminate flush(es), 0 completion(s), 0 continuation(s) 
[56.845s][info][gc,marking  ] GC(290) Mark Stack Usage: 32M
[56.845s][info][gc,nmethod  ] GC(290) NMethods: 333 registered, 0 unregistered
[56.845s][info][gc,metaspace] GC(290) Metaspace: 8M used, 8M committed, 1088M reserved
[56.845s][info][gc,ref      ] GC(290) Soft: 174 encountered, 0 discovered, 0 enqueued
[56.845s][info][gc,ref      ] GC(290) Weak: 570 encountered, 34 discovered, 0 enqueued
[56.845s][info][gc,ref      ] GC(290) Final: 0 encountered, 0 discovered, 0 enqueued
[56.845s][info][gc,ref      ] GC(290) Phantom: 21 encountered, 17 discovered, 0 enqueued
[56.845s][info][gc,reloc    ] GC(290) Small Pages: 156 / 312M, Empty: 278M, Relocated: 6M, In-Place: 0
[56.845s][info][gc,reloc    ] GC(290) Medium Pages: 1 / 32M, Empty: 0M, Relocated: 0M, In-Place: 0
[56.845s][info][gc,reloc    ] GC(290) Large Pages: 0 / 0M, Empty: 0M, Relocated: 0M, In-Place: 0
[56.845s][info][gc,reloc    ] GC(290) Forwarding Usage: 2M
[56.845s][info][gc,heap     ] GC(290) Min Capacity: 8M(1%)
[56.845s][info][gc,heap     ] GC(290) Max Capacity: 1024M(100%)
[56.845s][info][gc,heap     ] GC(290) Soft Max Capacity: 1024M(100%)
[56.845s][info][gc,heap     ] GC(290)                Mark Start          Mark End        Relocate Start      Relocate End           High               Low         
[56.845s][info][gc,heap     ] GC(290)  Capacity:     1024M (100%)       1024M (100%)       1024M (100%)       1024M (100%)       1024M (100%)       1024M (100%)   
[56.845s][info][gc,heap     ] GC(290)      Free:      680M (66%)         588M (57%)         862M (84%)         876M (86%)         876M (86%)         586M (57%)    
[56.845s][info][gc,heap     ] GC(290)      Used:      344M (34%)         436M (43%)         162M (16%)         148M (14%)         438M (43%)         148M (14%)    
[56.845s][info][gc,heap     ] GC(290)      Live:         -                13M (1%)           13M (1%)           13M (1%)             -                  -          
[56.845s][info][gc,heap     ] GC(290) Allocated:         -                92M (9%)           96M (9%)           97M (10%)            -                  -          
[56.845s][info][gc,heap     ] GC(290)   Garbage:         -               330M (32%)          52M (5%)           36M (4%)             -                  -          
[56.845s][info][gc,heap     ] GC(290) Reclaimed:         -                  -               278M (27%)         293M (29%)            -                  -          
[56.845s][info][gc          ] GC(290) Garbage Collection (Allocation Rate) 344M(34%)->148M(14%)
[56.989s][info][gc,start    ] GC(291) Garbage Collection (Allocation Rate)
[56.989s][info][gc,task     ] GC(291) Using 3 workers
[56.989s][info][gc,phases   ] GC(291) Pause Mark Start 0.014ms
[57.020s][info][gc,phases   ] GC(291) Concurrent Mark 30.920ms
[57.020s][info][gc,phases   ] GC(291) Pause Mark End 0.012ms
[57.021s][info][gc,phases   ] GC(291) Concurrent Mark Free 0.001ms
[57.021s][info][gc,phases   ] GC(291) Concurrent Process Non-Strong References 0.632ms
[57.021s][info][gc,phases   ] GC(291) Concurrent Reset Relocation Set 0.005ms
[57.025s][info][gc,phases   ] GC(291) Concurrent Select Relocation Set 3.966ms
[57.025s][info][gc,phases   ] GC(291) Pause Relocate Start 0.003ms
[57.031s][info][gc,phases   ] GC(291) Concurrent Relocate 5.656ms
[57.031s][info][gc,load     ] GC(291) Load: 0.00/0.00/0.00
[57.031s][info][gc,mmu      ] GC(291) MMU: 2ms/98.9%, 5ms/99.4%, 10ms/99.7%, 20ms/99.7%, 50ms/99.9%, 100ms/99.9%
[57.031s][info][gc,marking  ] GC(291) Mark: 2 stripe(s), 2 proactive flush(es), 1 terminate flush(es), 0 completion(s), 0 continuation(s) 
[57.031s][info][gc,marking  ] GC(291) Mark Stack Usage: 32M
[57.031s][info][gc,nmethod  ] GC(291) NMethods: 333 registered, 0 unregistered
[57.031s][info][gc,metaspace] GC(291) Metaspace: 8M used, 8M committed, 1088M reserved
[57.031s][info][gc,ref      ] GC(291) Soft: 174 encountered, 0 discovered, 0 enqueued
[57.031s][info][gc,ref      ] GC(291) Weak: 570 encountered, 3 discovered, 0 enqueued
[57.031s][info][gc,ref      ] GC(291) Final: 0 encountered, 0 discovered, 0 enqueued
[57.031s][info][gc,ref      ] GC(291) Phantom: 21 encountered, 19 discovered, 0 enqueued
[57.031s][info][gc,reloc    ] GC(291) Small Pages: 231 / 462M, Empty: 420M, Relocated: 5M, In-Place: 0
[57.031s][info][gc,reloc    ] GC(291) Medium Pages: 2 / 64M, Empty: 0M, Relocated: 1M, In-Place: 0
[57.031s][info][gc,reloc    ] GC(291) Large Pages: 0 / 0M, Empty: 0M, Relocated: 0M, In-Place: 0
[57.031s][info][gc,reloc    ] GC(291) Forwarding Usage: 1M
[57.031s][info][gc,heap     ] GC(291) Min Capacity: 8M(1%)
[57.031s][info][gc,heap     ] GC(291) Max Capacity: 1024M(100%)
[57.032s][info][gc,heap     ] GC(291) Soft Max Capacity: 1024M(100%)
[57.032s][info][gc,heap     ] GC(291)                Mark Start          Mark End        Relocate Start      Relocate End           High               Low         
[57.032s][info][gc,heap     ] GC(291)  Capacity:     1024M (100%)       1024M (100%)       1024M (100%)       1024M (100%)       1024M (100%)       1024M (100%)   
[57.032s][info][gc,heap     ] GC(291)      Free:      498M (49%)         414M (40%)         822M (80%)         862M (84%)         868M (85%)         412M (40%)    
[57.032s][info][gc,heap     ] GC(291)      Used:      526M (51%)         610M (60%)         202M (20%)         162M (16%)         612M (60%)         156M (15%)    
[57.032s][info][gc,heap     ] GC(291)      Live:         -                15M (2%)           15M (2%)           15M (2%)             -                  -          
[57.032s][info][gc,heap     ] GC(291) Allocated:         -                84M (8%)           96M (9%)          109M (11%)            -                  -          
[57.032s][info][gc,heap     ] GC(291)   Garbage:         -               510M (50%)          90M (9%)           36M (4%)             -                  -          
[57.032s][info][gc,heap     ] GC(291) Reclaimed:         -                  -               420M (41%)         473M (46%)            -                  -          
[57.032s][info][gc          ] GC(291) Garbage Collection (Allocation Rate) 526M(51%)->162M(16%)
[57.192s][info][gc,start    ] GC(292) Garbage Collection (Allocation Rate)
[57.192s][info][gc,task     ] GC(292) Using 3 workers
[57.192s][info][gc,phases   ] GC(292) Pause Mark Start 0.012ms
[57.223s][info][gc,phases   ] GC(292) Concurrent Mark 30.922ms
[57.224s][info][gc,phases   ] GC(292) Pause Mark End 0.011ms
[57.224s][info][gc,phases   ] GC(292) Concurrent Mark Free 0.001ms
[57.224s][info][gc,phases   ] GC(292) Concurrent Process Non-Strong References 0.647ms
[57.224s][info][gc,phases   ] GC(292) Concurrent Reset Relocation Set 0.003ms
[57.228s][info][gc,phases   ] GC(292) Concurrent Select Relocation Set 3.789ms
[57.228s][info][gc,phases   ] GC(292) Pause Relocate Start 0.002ms
[57.232s][info][gc,phases   ] GC(292) Concurrent Relocate 4.237ms
[57.233s][info][gc,load     ] GC(292) Load: 0.00/0.00/0.00
[57.233s][info][gc,mmu      ] GC(292) MMU: 2ms/98.9%, 5ms/99.4%, 10ms/99.7%, 20ms/99.7%, 50ms/99.9%, 100ms/99.9%
[57.233s][info][gc,marking  ] GC(292) Mark: 2 stripe(s), 2 proactive flush(es), 1 terminate flush(es), 0 completion(s), 0 continuation(s) 
[57.233s][info][gc,marking  ] GC(292) Mark Stack Usage: 32M
[57.233s][info][gc,nmethod  ] GC(292) NMethods: 333 registered, 0 unregistered
[57.233s][info][gc,metaspace] GC(292) Metaspace: 8M used, 8M committed, 1088M reserved
[57.233s][info][gc,ref      ] GC(292) Soft: 174 encountered, 0 discovered, 0 enqueued
[57.233s][info][gc,ref      ] GC(292) Weak: 570 encountered, 372 discovered, 0 enqueued
[57.233s][info][gc,ref      ] GC(292) Final: 0 encountered, 0 discovered, 0 enqueued
[57.233s][info][gc,ref      ] GC(292) Phantom: 21 encountered, 10 discovered, 0 enqueued
[57.233s][info][gc,reloc    ] GC(292) Small Pages: 272 / 544M, Empty: 500M, Relocated: 3M, In-Place: 0
[57.233s][info][gc,reloc    ] GC(292) Medium Pages: 2 / 64M, Empty: 0M, Relocated: 1M, In-Place: 0
[57.233s][info][gc,reloc    ] GC(292) Large Pages: 0 / 0M, Empty: 0M, Relocated: 0M, In-Place: 0
[57.233s][info][gc,reloc    ] GC(292) Forwarding Usage: 1M
[57.233s][info][gc,heap     ] GC(292) Min Capacity: 8M(1%)
[57.233s][info][gc,heap     ] GC(292) Max Capacity: 1024M(100%)
[57.233s][info][gc,heap     ] GC(292) Soft Max Capacity: 1024M(100%)
[57.233s][info][gc,heap     ] GC(292)                Mark Start          Mark End        Relocate Start      Relocate End           High               Low         
[57.233s][info][gc,heap     ] GC(292)  Capacity:     1024M (100%)       1024M (100%)       1024M (100%)       1024M (100%)       1024M (100%)       1024M (100%)   
[57.233s][info][gc,heap     ] GC(292)      Free:      416M (41%)         332M (32%)         820M (80%)         862M (84%)         868M (85%)         330M (32%)    
[57.233s][info][gc,heap     ] GC(292)      Used:      608M (59%)         692M (68%)         204M (20%)         162M (16%)         694M (68%)         156M (15%)    
[57.233s][info][gc,heap     ] GC(292)      Live:         -                16M (2%)           16M (2%)           16M (2%)             -                  -          
[57.233s][info][gc,heap     ] GC(292) Allocated:         -                84M (8%)           96M (9%)          107M (11%)            -                  -          
[57.233s][info][gc,heap     ] GC(292)   Garbage:         -               591M (58%)          91M (9%)           37M (4%)             -                  -          
[57.233s][info][gc,heap     ] GC(292) Reclaimed:         -                  -               500M (49%)         553M (54%)            -                  -          
[57.233s][info][gc          ] GC(292) Garbage Collection (Allocation Rate) 608M(59%)->162M(16%)
[57.395s][info][gc,start    ] GC(293) Garbage Collection (Allocation Rate)
[57.395s][info][gc,task     ] GC(293) Using 2 workers
[57.395s][info][gc,phases   ] GC(293) Pause Mark Start 0.013ms
[57.442s][info][gc,phases   ] GC(293) Concurrent Mark 46.634ms
[57.442s][info][gc,phases   ] GC(293) Pause Mark End 0.016ms
[57.442s][info][gc,phases   ] GC(293) Concurrent Mark Free 0.002ms
[57.443s][info][gc,phases   ] GC(293) Concurrent Process Non-Strong References 0.994ms
[57.444s][info][gc,phases   ] GC(293) Concurrent Reset Relocation Set 0.004ms
[57.449s][info][gc,phases   ] GC(293) Concurrent Select Relocation Set 5.449ms
[57.449s][info][gc,phases   ] GC(293) Pause Relocate Start 0.005ms
[57.452s][info][gc,phases   ] GC(293) Concurrent Relocate 2.713ms
[57.452s][info][gc,load     ] GC(293) Load: 0.00/0.00/0.00
[57.452s][info][gc,mmu      ] GC(293) MMU: 2ms/98.9%, 5ms/99.4%, 10ms/99.7%, 20ms/99.7%, 50ms/99.9%, 100ms/99.9%
[57.452s][info][gc,marking  ] GC(293) Mark: 2 stripe(s), 2 proactive flush(es), 1 terminate flush(es), 0 completion(s), 0 continuation(s) 
[57.452s][info][gc,marking  ] GC(293) Mark Stack Usage: 32M
[57.452s][info][gc,nmethod  ] GC(293) NMethods: 333 registered, 0 unregistered
[57.452s][info][gc,metaspace] GC(293) Metaspace: 8M used, 8M committed, 1088M reserved
[57.452s][info][gc,ref      ] GC(293) Soft: 174 encountered, 0 discovered, 0 enqueued
[57.452s][info][gc,ref      ] GC(293) Weak: 570 encountered, 282 discovered, 0 enqueued
[57.452s][info][gc,ref      ] GC(293) Final: 0 encountered, 0 discovered, 0 enqueued
[57.452s][info][gc,ref      ] GC(293) Phantom: 21 encountered, 19 discovered, 0 enqueued
[57.452s][info][gc,reloc    ] GC(293) Small Pages: 272 / 544M, Empty: 506M, Relocated: 3M, In-Place: 0
[57.452s][info][gc,reloc    ] GC(293) Medium Pages: 1 / 32M, Empty: 0M, Relocated: 0M, In-Place: 0
[57.452s][info][gc,reloc    ] GC(293) Large Pages: 0 / 0M, Empty: 0M, Relocated: 0M, In-Place: 0
[57.452s][info][gc,reloc    ] GC(293) Forwarding Usage: 1M
[57.452s][info][gc,heap     ] GC(293) Min Capacity: 8M(1%)
[57.452s][info][gc,heap     ] GC(293) Max Capacity: 1024M(100%)
[57.452s][info][gc,heap     ] GC(293) Soft Max Capacity: 1024M(100%)
[57.452s][info][gc,heap     ] GC(293)                Mark Start          Mark End        Relocate Start      Relocate End           High               Low         
[57.452s][info][gc,heap     ] GC(293)  Capacity:     1024M (100%)       1024M (100%)       1024M (100%)       1024M (100%)       1024M (100%)       1024M (100%)   
[57.452s][info][gc,heap     ] GC(293)      Free:      448M (44%)         322M (31%)         810M (79%)         820M (80%)         822M (80%)         320M (31%)    
[57.453s][info][gc,heap     ] GC(293)      Used:      576M (56%)         702M (69%)         214M (21%)         204M (20%)         704M (69%)         202M (20%)    
[57.453s][info][gc,heap     ] GC(293)      Live:         -                18M (2%)           18M (2%)           18M (2%)             -                  -          
[57.453s][info][gc,heap     ] GC(293) Allocated:         -               126M (12%)         144M (14%)         149M (15%)            -                  -          
[57.453s][info][gc,heap     ] GC(293)   Garbage:         -               557M (54%)          51M (5%)           35M (3%)             -                  -          
[57.453s][info][gc,heap     ] GC(293) Reclaimed:         -                  -               506M (49%)         521M (51%)            -                  -          
[57.453s][info][gc          ] GC(293) Garbage Collection (Allocation Rate) 576M(56%)->204M(20%)
[57.600s][info][gc,start    ] GC(294) Garbage Collection (Allocation Rate)
[57.600s][info][gc,task     ] GC(294) Using 2 workers
[57.600s][info][gc,phases   ] GC(294) Pause Mark Start 0.011ms
[57.647s][info][gc,phases   ] GC(294) Concurrent Mark 46.473ms
[57.647s][info][gc,phases   ] GC(294) Pause Mark End 0.014ms
[57.647s][info][gc,phases   ] GC(294) Concurrent Mark Free 0.001ms
[57.648s][info][gc,phases   ] GC(294) Concurrent Process Non-Strong References 1.055ms
[57.648s][info][gc,phases   ] GC(294) Concurrent Reset Relocation Set 0.002ms
[57.652s][info][gc,phases   ] GC(294) Concurrent Select Relocation Set 3.806ms
[57.652s][info][gc,phases   ] GC(294) Pause Relocate Start 0.003ms
[57.655s][info][gc,phases   ] GC(294) Concurrent Relocate 2.593ms
[57.655s][info][gc,load     ] GC(294) Load: 0.00/0.00/0.00
[57.655s][info][gc,mmu      ] GC(294) MMU: 2ms/98.9%, 5ms/99.4%, 10ms/99.7%, 20ms/99.7%, 50ms/99.9%, 100ms/99.9%
[57.655s][info][gc,marking  ] GC(294) Mark: 2 stripe(s), 2 proactive flush(es), 1 terminate flush(es), 0 completion(s), 0 continuation(s) 
[57.655s][info][gc,marking  ] GC(294) Mark Stack Usage: 32M
[57.655s][info][gc,nmethod  ] GC(294) NMethods: 333 registered, 0 unregistered
[57.655s][info][gc,metaspace] GC(294) Metaspace: 8M used, 8M committed, 1088M reserved
[57.655s][info][gc,ref      ] GC(294) Soft: 174 encountered, 0 discovered, 0 enqueued
[57.655s][info][gc,ref      ] GC(294) Weak: 570 encountered, 426 discovered, 0 enqueued
[57.655s][info][gc,ref      ] GC(294) Final: 0 encountered, 0 discovered, 0 enqueued
[57.655s][info][gc,ref      ] GC(294) Phantom: 21 encountered, 17 discovered, 0 enqueued
[57.655s][info][gc,reloc    ] GC(294) Small Pages: 216 / 432M, Empty: 396M, Relocated: 1M, In-Place: 0
[57.655s][info][gc,reloc    ] GC(294) Medium Pages: 2 / 64M, Empty: 0M, Relocated: 1M, In-Place: 0
[57.655s][info][gc,reloc    ] GC(294) Large Pages: 0 / 0M, Empty: 0M, Relocated: 0M, In-Place: 0
[57.655s][info][gc,reloc    ] GC(294) Forwarding Usage: 0M
[57.655s][info][gc,heap     ] GC(294) Min Capacity: 8M(1%)
[57.655s][info][gc,heap     ] GC(294) Max Capacity: 1024M(100%)
[57.655s][info][gc,heap     ] GC(294) Soft Max Capacity: 1024M(100%)
[57.655s][info][gc,heap     ] GC(294)                Mark Start          Mark End        Relocate Start      Relocate End           High               Low         
[57.655s][info][gc,heap     ] GC(294)  Capacity:     1024M (100%)       1024M (100%)       1024M (100%)       1024M (100%)       1024M (100%)       1024M (100%)   
[57.655s][info][gc,heap     ] GC(294)      Free:      528M (52%)         402M (39%)         784M (77%)         820M (80%)         822M (80%)         398M (39%)    
[57.655s][info][gc,heap     ] GC(294)      Used:      496M (48%)         622M (61%)         240M (23%)         204M (20%)         626M (61%)         202M (20%)    
[57.655s][info][gc,heap     ] GC(294)      Live:         -                19M (2%)           19M (2%)           19M (2%)             -                  -          
[57.655s][info][gc,heap     ] GC(294) Allocated:         -               126M (12%)         140M (14%)         145M (14%)            -                  -          
[57.655s][info][gc,heap     ] GC(294)   Garbage:         -               476M (47%)          80M (8%)           38M (4%)             -                  -          
[57.655s][info][gc,heap     ] GC(294) Reclaimed:         -                  -               396M (39%)         437M (43%)            -                  -          
[57.655s][info][gc          ] GC(294) Garbage Collection (Allocation Rate) 496M(48%)->204M(20%)
[57.803s][info][gc,start    ] GC(295) Garbage Collection (Allocation Rate)
[57.803s][info][gc,task     ] GC(295) Using 2 workers
[57.803s][info][gc,phases   ] GC(295) Pause Mark Start 0.016ms
[57.850s][info][gc,phases   ] GC(295) Concurrent Mark 46.538ms
[57.850s][info][gc,phases   ] GC(295) Pause Mark End 0.019ms
[57.850s][info][gc,phases   ] GC(295) Concurrent Mark Free 0.001ms
[57.851s][info][gc,phases   ] GC(295) Concurrent Process Non-Strong References 0.740ms
[57.851s][info][gc,phases   ] GC(295) Concurrent Reset Relocation Set 0.003ms
[57.856s][info][gc,phases   ] GC(295) Concurrent Select Relocation Set 4.779ms
[57.856s][info][gc,phases   ] GC(295) Pause Relocate Start 0.006ms
[57.858s][info][gc,phases   ] GC(295) Concurrent Relocate 2.307ms
[57.858s][info][gc,load     ] GC(295) Load: 0.00/0.00/0.00
[57.858s][info][gc,mmu      ] GC(295) MMU: 2ms/98.9%, 5ms/99.4%, 10ms/99.7%, 20ms/99.7%, 50ms/99.9%, 100ms/99.9%
[57.858s][info][gc,marking  ] GC(295) Mark: 2 stripe(s), 2 proactive flush(es), 1 terminate flush(es), 0 completion(s), 0 continuation(s) 
[57.858s][info][gc,marking  ] GC(295) Mark Stack Usage: 32M
[57.858s][info][gc,nmethod  ] GC(295) NMethods: 333 registered, 0 unregistered
[57.858s][info][gc,metaspace] GC(295) Metaspace: 8M used, 8M committed, 1088M reserved
[57.858s][info][gc,ref      ] GC(295) Soft: 174 encountered, 0 discovered, 0 enqueued
[57.858s][info][gc,ref      ] GC(295) Weak: 570 encountered, 131 discovered, 0 enqueued
[57.858s][info][gc,ref      ] GC(295) Final: 0 encountered, 0 discovered, 0 enqueued
[57.858s][info][gc,ref      ] GC(295) Phantom: 21 encountered, 19 discovered, 0 enqueued
[57.858s][info][gc,reloc    ] GC(295) Small Pages: 282 / 564M, Empty: 514M, Relocated: 3M, In-Place: 0
[57.859s][info][gc,reloc    ] GC(295) Medium Pages: 1 / 32M, Empty: 0M, Relocated: 0M, In-Place: 0
[57.859s][info][gc,reloc    ] GC(295) Large Pages: 0 / 0M, Empty: 0M, Relocated: 0M, In-Place: 0
[57.859s][info][gc,reloc    ] GC(295) Forwarding Usage: 1M
[57.859s][info][gc,heap     ] GC(295) Min Capacity: 8M(1%)
[57.859s][info][gc,heap     ] GC(295) Max Capacity: 1024M(100%)
[57.859s][info][gc,heap     ] GC(295) Soft Max Capacity: 1024M(100%)
[57.859s][info][gc,heap     ] GC(295)                Mark Start          Mark End        Relocate Start      Relocate End           High               Low         
[57.859s][info][gc,heap     ] GC(295)  Capacity:     1024M (100%)       1024M (100%)       1024M (100%)       1024M (100%)       1024M (100%)       1024M (100%)   
[57.859s][info][gc,heap     ] GC(295)      Free:      428M (42%)         292M (29%)         790M (77%)         810M (79%)         810M (79%)         290M (28%)    
[57.859s][info][gc,heap     ] GC(295)      Used:      596M (58%)         732M (71%)         234M (23%)         214M (21%)         734M (72%)         214M (21%)    
[57.859s][info][gc,heap     ] GC(295)      Live:         -                21M (2%)           21M (2%)           21M (2%)             -                  -          
[57.859s][info][gc,heap     ] GC(295) Allocated:         -               136M (13%)         152M (15%)         155M (15%)            -                  -          
[57.859s][info][gc,heap     ] GC(295)   Garbage:         -               574M (56%)          60M (6%)           36M (4%)             -                  -          
[57.859s][info][gc,heap     ] GC(295) Reclaimed:         -                  -               514M (50%)         537M (53%)            -                  -          
[57.859s][info][gc          ] GC(295) Garbage Collection (Allocation Rate) 596M(58%)->214M(21%)
[58.092s][info][gc,start    ] GC(296) Garbage Collection (Allocation Rate)
[58.092s][info][gc,task     ] GC(296) Using 2 workers
[58.092s][info][gc,phases   ] GC(296) Pause Mark Start 0.014ms
[58.138s][info][gc,phases   ] GC(296) Concurrent Mark 46.498ms
[58.139s][info][gc,phases   ] GC(296) Pause Mark End 0.014ms
[58.139s][info][gc,phases   ] GC(296) Concurrent Mark Free 0.001ms
[58.139s][info][gc,phases   ] GC(296) Concurrent Process Non-Strong References 0.863ms
[58.140s][info][gc,phases   ] GC(296) Concurrent Reset Relocation Set 0.003ms
[58.145s][info][gc,phases   ] GC(296) Concurrent Select Relocation Set 5.301ms
[58.145s][info][gc,phases   ] GC(296) Pause Relocate Start 0.006ms
[58.150s][info][gc,phases   ] GC(296) Concurrent Relocate 4.763ms
[58.150s][info][gc,load     ] GC(296) Load: 0.00/0.00/0.00
[58.150s][info][gc,mmu      ] GC(296) MMU: 2ms/98.9%, 5ms/99.4%, 10ms/99.7%, 20ms/99.7%, 50ms/99.9%, 100ms/99.9%
[58.150s][info][gc,marking  ] GC(296) Mark: 2 stripe(s), 2 proactive flush(es), 1 terminate flush(es), 0 completion(s), 0 continuation(s) 
[58.150s][info][gc,marking  ] GC(296) Mark Stack Usage: 32M
[58.150s][info][gc,nmethod  ] GC(296) NMethods: 333 registered, 0 unregistered
[58.150s][info][gc,metaspace] GC(296) Metaspace: 8M used, 8M committed, 1088M reserved
[58.150s][info][gc,ref      ] GC(296) Soft: 174 encountered, 0 discovered, 0 enqueued
[58.150s][info][gc,ref      ] GC(296) Weak: 570 encountered, 282 discovered, 0 enqueued
[58.150s][info][gc,ref      ] GC(296) Final: 0 encountered, 0 discovered, 0 enqueued
[58.150s][info][gc,ref      ] GC(296) Phantom: 21 encountered, 19 discovered, 0 enqueued
[58.150s][info][gc,reloc    ] GC(296) Small Pages: 360 / 720M, Empty: 674M, Relocated: 3M, In-Place: 0
[58.150s][info][gc,reloc    ] GC(296) Medium Pages: 2 / 64M, Empty: 0M, Relocated: 1M, In-Place: 0
[58.150s][info][gc,reloc    ] GC(296) Large Pages: 0 / 0M, Empty: 0M, Relocated: 0M, In-Place: 0
[58.150s][info][gc,reloc    ] GC(296) Forwarding Usage: 1M
[58.150s][info][gc,heap     ] GC(296) Min Capacity: 8M(1%)
[58.150s][info][gc,heap     ] GC(296) Max Capacity: 1024M(100%)
[58.150s][info][gc,heap     ] GC(296) Soft Max Capacity: 1024M(100%)
[58.150s][info][gc,heap     ] GC(296)                Mark Start          Mark End        Relocate Start      Relocate End           High               Low         
[58.150s][info][gc,heap     ] GC(296)  Capacity:     1024M (100%)       1024M (100%)       1024M (100%)       1024M (100%)       1024M (100%)       1024M (100%)   
[58.150s][info][gc,heap     ] GC(296)      Free:      240M (23%)         154M (15%)         810M (79%)         850M (83%)         852M (83%)         150M (15%)    
[58.150s][info][gc,heap     ] GC(296)      Used:      784M (77%)         870M (85%)         214M (21%)         174M (17%)         874M (85%)         172M (17%)    
[58.150s][info][gc,heap     ] GC(296)      Live:         -                22M (2%)           22M (2%)           22M (2%)             -                  -          
[58.150s][info][gc,heap     ] GC(296) Allocated:         -                86M (8%)          104M (10%)         113M (11%)            -                  -          
[58.151s][info][gc,heap     ] GC(296)   Garbage:         -               761M (74%)          87M (9%)           37M (4%)             -                  -          
[58.151s][info][gc,heap     ] GC(296) Reclaimed:         -                  -               674M (66%)         723M (71%)            -                  -          
[58.151s][info][gc          ] GC(296) Garbage Collection (Allocation Rate) 784M(77%)->174M(17%)
[58.295s][info][gc,start    ] GC(297) Garbage Collection (Allocation Rate)
[58.295s][info][gc,task     ] GC(297) Using 2 workers
[58.295s][info][gc,phases   ] GC(297) Pause Mark Start 0.016ms
[58.339s][info][gc,phases   ] GC(297) Concurrent Mark 43.719ms
[58.339s][info][gc,phases   ] GC(297) Pause Mark End 0.014ms
[58.339s][info][gc,phases   ] GC(297) Concurrent Mark Free 0.001ms
[58.340s][info][gc,phases   ] GC(297) Concurrent Process Non-Strong References 0.896ms
[58.340s][info][gc,phases   ] GC(297) Concurrent Reset Relocation Set 0.002ms
[58.344s][info][gc,phases   ] GC(297) Concurrent Select Relocation Set 3.788ms
[58.344s][info][gc,phases   ] GC(297) Pause Relocate Start 0.006ms
[58.346s][info][gc,phases   ] GC(297) Concurrent Relocate 2.488ms
[58.346s][info][gc,load     ] GC(297) Load: 0.00/0.00/0.00
[58.346s][info][gc,mmu      ] GC(297) MMU: 2ms/98.9%, 5ms/99.4%, 10ms/99.7%, 20ms/99.7%, 50ms/99.9%, 100ms/99.9%
[58.346s][info][gc,marking  ] GC(297) Mark: 2 stripe(s), 2 proactive flush(es), 1 terminate flush(es), 0 completion(s), 0 continuation(s) 
[58.346s][info][gc,marking  ] GC(297) Mark Stack Usage: 32M
[58.346s][info][gc,nmethod  ] GC(297) NMethods: 333 registered, 0 unregistered
[58.347s][info][gc,metaspace] GC(297) Metaspace: 8M used, 8M committed, 1088M reserved
[58.347s][info][gc,ref      ] GC(297) Soft: 174 encountered, 0 discovered, 0 enqueued
[58.347s][info][gc,ref      ] GC(297) Weak: 570 encountered, 366 discovered, 0 enqueued
[58.347s][info][gc,ref      ] GC(297) Final: 0 encountered, 0 discovered, 0 enqueued
[58.347s][info][gc,ref      ] GC(297) Phantom: 21 encountered, 17 discovered, 0 enqueued
[58.347s][info][gc,reloc    ] GC(297) Small Pages: 236 / 472M, Empty: 426M, Relocated: 3M, In-Place: 0
[58.347s][info][gc,reloc    ] GC(297) Medium Pages: 2 / 64M, Empty: 0M, Relocated: 2M, In-Place: 0
[58.347s][info][gc,reloc    ] GC(297) Large Pages: 0 / 0M, Empty: 0M, Relocated: 0M, In-Place: 0
[58.347s][info][gc,reloc    ] GC(297) Forwarding Usage: 1M
[58.347s][info][gc,heap     ] GC(297) Min Capacity: 8M(1%)
[58.347s][info][gc,heap     ] GC(297) Max Capacity: 1024M(100%)
[58.347s][info][gc,heap     ] GC(297) Soft Max Capacity: 1024M(100%)
[58.347s][info][gc,heap     ] GC(297)                Mark Start          Mark End        Relocate Start      Relocate End           High               Low         
[58.347s][info][gc,heap     ] GC(297)  Capacity:     1024M (100%)       1024M (100%)       1024M (100%)       1024M (100%)       1024M (100%)       1024M (100%)   
[58.347s][info][gc,heap     ] GC(297)      Free:      488M (48%)         372M (36%)         786M (77%)         828M (81%)         828M (81%)         370M (36%)    
[58.347s][info][gc,heap     ] GC(297)      Used:      536M (52%)         652M (64%)         238M (23%)         196M (19%)         654M (64%)         196M (19%)    
[58.347s][info][gc,heap     ] GC(297)      Live:         -                24M (2%)           24M (2%)           24M (2%)             -                  -          
[58.347s][info][gc,heap     ] GC(297) Allocated:         -               116M (11%)         128M (13%)         133M (13%)            -                  -          
[58.347s][info][gc,heap     ] GC(297)   Garbage:         -               511M (50%)          85M (8%)           37M (4%)             -                  -          
[58.347s][info][gc,heap     ] GC(297) Reclaimed:         -                  -               426M (42%)         473M (46%)            -                  -          
[58.347s][info][gc          ] GC(297) Garbage Collection (Allocation Rate) 536M(52%)->196M(19%)
[58.494s][info][gc,start    ] GC(298) Garbage Collection (Allocation Rate)
[58.494s][info][gc,task     ] GC(298) Using 2 workers
[58.495s][info][gc,phases   ] GC(298) Pause Mark Start 0.015ms
[58.557s][info][gc,phases   ] GC(298) Concurrent Mark 62.136ms
[58.557s][info][gc,phases   ] GC(298) Pause Mark End 0.018ms
[58.557s][info][gc,phases   ] GC(298) Concurrent Mark Free 0.001ms
[58.558s][info][gc,phases   ] GC(298) Concurrent Process Non-Strong References 1.044ms
[58.558s][info][gc,phases   ] GC(298) Concurrent Reset Relocation Set 0.003ms
[58.563s][info][gc,phases   ] GC(298) Concurrent Select Relocation Set 5.157ms
[58.563s][info][gc,phases   ] GC(298) Pause Relocate Start 0.006ms
[58.566s][info][gc,phases   ] GC(298) Concurrent Relocate 2.605ms
[58.566s][info][gc,load     ] GC(298) Load: 0.00/0.00/0.00
[58.566s][info][gc,mmu      ] GC(298) MMU: 2ms/98.9%, 5ms/99.4%, 10ms/99.7%, 20ms/99.7%, 50ms/99.9%, 100ms/99.9%
[58.566s][info][gc,marking  ] GC(298) Mark: 2 stripe(s), 5 proactive flush(es), 1 terminate flush(es), 0 completion(s), 0 continuation(s) 
[58.566s][info][gc,marking  ] GC(298) Mark Stack Usage: 32M
[58.566s][info][gc,nmethod  ] GC(298) NMethods: 333 registered, 0 unregistered
[58.566s][info][gc,metaspace] GC(298) Metaspace: 8M used, 8M committed, 1088M reserved
[58.566s][info][gc,ref      ] GC(298) Soft: 174 encountered, 0 discovered, 0 enqueued
[58.566s][info][gc,ref      ] GC(298) Weak: 570 encountered, 424 discovered, 0 enqueued
[58.566s][info][gc,ref      ] GC(298) Final: 0 encountered, 0 discovered, 0 enqueued
[58.566s][info][gc,ref      ] GC(298) Phantom: 21 encountered, 17 discovered, 0 enqueued
[58.566s][info][gc,reloc    ] GC(298) Small Pages: 281 / 562M, Empty: 508M, Relocated: 2M, In-Place: 0
[58.567s][info][gc,reloc    ] GC(298) Medium Pages: 1 / 32M, Empty: 0M, Relocated: 0M, In-Place: 0
[58.567s][info][gc,reloc    ] GC(298) Large Pages: 0 / 0M, Empty: 0M, Relocated: 0M, In-Place: 0
[58.567s][info][gc,reloc    ] GC(298) Forwarding Usage: 1M
[58.567s][info][gc,heap     ] GC(298) Min Capacity: 8M(1%)
[58.567s][info][gc,heap     ] GC(298) Max Capacity: 1024M(100%)
[58.567s][info][gc,heap     ] GC(298) Soft Max Capacity: 1024M(100%)
[58.567s][info][gc,heap     ] GC(298)                Mark Start          Mark End        Relocate Start      Relocate End           High               Low         
[58.567s][info][gc,heap     ] GC(298)  Capacity:     1024M (100%)       1024M (100%)       1024M (100%)       1024M (100%)       1024M (100%)       1024M (100%)   
[58.567s][info][gc,heap     ] GC(298)      Free:      430M (42%)         252M (25%)         742M (72%)         756M (74%)         758M (74%)         248M (24%)    
[58.567s][info][gc,heap     ] GC(298)      Used:      594M (58%)         772M (75%)         282M (28%)         268M (26%)         776M (76%)         266M (26%)    
[58.567s][info][gc,heap     ] GC(298)      Live:         -                25M (3%)           25M (3%)           25M (3%)             -                  -          
[58.567s][info][gc,heap     ] GC(298) Allocated:         -               178M (17%)         196M (19%)         201M (20%)            -                  -          
[58.567s][info][gc,heap     ] GC(298)   Garbage:         -               568M (55%)          60M (6%)           40M (4%)             -                  -          
[58.567s][info][gc,heap     ] GC(298) Reclaimed:         -                  -               508M (50%)         527M (52%)            -                  -          
[58.567s][info][gc          ] GC(298) Garbage Collection (Allocation Rate) 594M(58%)->268M(26%)
[58.696s][info][gc,start    ] GC(299) Garbage Collection (Allocation Rate)
[58.696s][info][gc,task     ] GC(299) Using 2 workers
[58.696s][info][gc,phases   ] GC(299) Pause Mark Start 0.013ms
[58.743s][info][gc,phases   ] GC(299) Concurrent Mark 46.477ms
[58.743s][info][gc,phases   ] GC(299) Pause Mark End 0.011ms
[58.743s][info][gc,phases   ] GC(299) Concurrent Mark Free 0.001ms
[58.744s][info][gc,phases   ] GC(299) Concurrent Process Non-Strong References 0.991ms
[58.744s][info][gc,phases   ] GC(299) Concurrent Reset Relocation Set 0.002ms
[58.748s][info][gc,phases   ] GC(299) Concurrent Select Relocation Set 3.695ms
[58.748s][info][gc,phases   ] GC(299) Pause Relocate Start 0.002ms
[58.749s][info][gc,phases   ] GC(299) Concurrent Relocate 1.445ms
[58.749s][info][gc,load     ] GC(299) Load: 0.00/0.00/0.00
[58.750s][info][gc,mmu      ] GC(299) MMU: 2ms/98.9%, 5ms/99.4%, 10ms/99.7%, 20ms/99.7%, 50ms/99.9%, 100ms/99.9%
[58.750s][info][gc,marking  ] GC(299) Mark: 2 stripe(s), 2 proactive flush(es), 1 terminate flush(es), 0 completion(s), 0 continuation(s) 
[58.750s][info][gc,marking  ] GC(299) Mark Stack Usage: 32M
[58.750s][info][gc,nmethod  ] GC(299) NMethods: 333 registered, 0 unregistered
[58.750s][info][gc,metaspace] GC(299) Metaspace: 8M used, 8M committed, 1088M reserved
[58.750s][info][gc,ref      ] GC(299) Soft: 174 encountered, 0 discovered, 0 enqueued
[58.750s][info][gc,ref      ] GC(299) Weak: 570 encountered, 380 discovered, 0 enqueued
[58.750s][info][gc,ref      ] GC(299) Final: 0 encountered, 0 discovered, 0 enqueued
[58.750s][info][gc,ref      ] GC(299) Phantom: 21 encountered, 10 discovered, 0 enqueued
[58.750s][info][gc,reloc    ] GC(299) Small Pages: 255 / 510M, Empty: 458M, Relocated: 1M, In-Place: 0
[58.750s][info][gc,reloc    ] GC(299) Medium Pages: 2 / 64M, Empty: 0M, Relocated: 2M, In-Place: 0
[58.750s][info][gc,reloc    ] GC(299) Large Pages: 0 / 0M, Empty: 0M, Relocated: 0M, In-Place: 0
[58.750s][info][gc,reloc    ] GC(299) Forwarding Usage: 0M
[58.750s][info][gc,heap     ] GC(299) Min Capacity: 8M(1%)
[58.750s][info][gc,heap     ] GC(299) Max Capacity: 1024M(100%)
[58.750s][info][gc,heap     ] GC(299) Soft Max Capacity: 1024M(100%)
[58.750s][info][gc,heap     ] GC(299)                Mark Start          Mark End        Relocate Start      Relocate End           High               Low         
[58.750s][info][gc,heap     ] GC(299)  Capacity:     1024M (100%)       1024M (100%)       1024M (100%)       1024M (100%)       1024M (100%)       1024M (100%)   
[58.750s][info][gc,heap     ] GC(299)      Free:      450M (44%)         362M (35%)         806M (79%)         850M (83%)         850M (83%)         358M (35%)    
[58.750s][info][gc,heap     ] GC(299)      Used:      574M (56%)         662M (65%)         218M (21%)         174M (17%)         666M (65%)         174M (17%)    
[58.750s][info][gc,heap     ] GC(299)      Live:         -                27M (3%)           27M (3%)           27M (3%)             -                  -          
[58.750s][info][gc,heap     ] GC(299) Allocated:         -                88M (9%)          102M (10%)         105M (10%)            -                  -          
[58.750s][info][gc,heap     ] GC(299)   Garbage:         -               546M (53%)          88M (9%)           40M (4%)             -                  -          
[58.750s][info][gc,heap     ] GC(299) Reclaimed:         -                  -               458M (45%)         505M (49%)            -                  -          
[58.750s][info][gc          ] GC(299) Garbage Collection (Allocation Rate) 574M(56%)->174M(17%)
[58.899s][info][gc,start    ] GC(300) Garbage Collection (Allocation Rate)
[58.899s][info][gc,task     ] GC(300) Using 2 workers
[58.899s][info][gc,phases   ] GC(300) Pause Mark Start 0.013ms
[58.962s][info][gc,phases   ] GC(300) Concurrent Mark 62.188ms
[58.962s][info][gc,phases   ] GC(300) Pause Mark End 0.013ms
[58.962s][info][gc,phases   ] GC(300) Concurrent Mark Free 0.001ms
[58.963s][info][gc,phases   ] GC(300) Concurrent Process Non-Strong References 0.748ms
[58.963s][info][gc,phases   ] GC(300) Concurrent Reset Relocation Set 0.002ms
[58.968s][info][gc,phases   ] GC(300) Concurrent Select Relocation Set 5.646ms
[58.968s][info][gc,phases   ] GC(300) Pause Relocate Start 0.004ms
[58.973s][info][gc,phases   ] GC(300) Concurrent Relocate 4.853ms
[58.973s][info][gc,load     ] GC(300) Load: 0.00/0.00/0.00
[58.973s][info][gc,mmu      ] GC(300) MMU: 2ms/98.9%, 5ms/99.4%, 10ms/99.7%, 20ms/99.7%, 50ms/99.9%, 100ms/99.9%
[58.974s][info][gc,marking  ] GC(300) Mark: 2 stripe(s), 2 proactive flush(es), 1 terminate flush(es), 0 completion(s), 0 continuation(s) 
[58.974s][info][gc,marking  ] GC(300) Mark Stack Usage: 32M
[58.974s][info][gc,nmethod  ] GC(300) NMethods: 333 registered, 0 unregistered
[58.974s][info][gc,metaspace] GC(300) Metaspace: 8M used, 8M committed, 1088M reserved
[58.974s][info][gc,ref      ] GC(300) Soft: 174 encountered, 0 discovered, 0 enqueued
[58.974s][info][gc,ref      ] GC(300) Weak: 570 encountered, 272 discovered, 0 enqueued
[58.974s][info][gc,ref      ] GC(300) Final: 0 encountered, 0 discovered, 0 enqueued
[58.974s][info][gc,ref      ] GC(300) Phantom: 21 encountered, 19 discovered, 0 enqueued
[58.974s][info][gc,reloc    ] GC(300) Small Pages: 243 / 486M, Empty: 430M, Relocated: 4M, In-Place: 0
[58.974s][info][gc,reloc    ] GC(300) Medium Pages: 1 / 32M, Empty: 0M, Relocated: 0M, In-Place: 0
[58.974s][info][gc,reloc    ] GC(300) Large Pages: 0 / 0M, Empty: 0M, Relocated: 0M, In-Place: 0
[58.974s][info][gc,reloc    ] GC(300) Forwarding Usage: 2M
[58.974s][info][gc,heap     ] GC(300) Min Capacity: 8M(1%)
[58.974s][info][gc,heap     ] GC(300) Max Capacity: 1024M(100%)
[58.974s][info][gc,heap     ] GC(300) Soft Max Capacity: 1024M(100%)
[58.974s][info][gc,heap     ] GC(300)                Mark Start          Mark End        Relocate Start      Relocate End           High               Low         
[58.974s][info][gc,heap     ] GC(300)  Capacity:     1024M (100%)       1024M (100%)       1024M (100%)       1024M (100%)       1024M (100%)       1024M (100%)   
[58.974s][info][gc,heap     ] GC(300)      Free:      506M (49%)         364M (36%)         776M (76%)         784M (77%)         792M (77%)         362M (35%)    
[58.974s][info][gc,heap     ] GC(300)      Used:      518M (51%)         660M (64%)         248M (24%)         240M (23%)         662M (65%)         232M (23%)    
[58.974s][info][gc,heap     ] GC(300)      Live:         -                28M (3%)           28M (3%)           28M (3%)             -                  -          
[58.974s][info][gc,heap     ] GC(300) Allocated:         -               142M (14%)         160M (16%)         171M (17%)            -                  -          
[58.974s][info][gc,heap     ] GC(300)   Garbage:         -               489M (48%)          59M (6%)           39M (4%)             -                  -          
[58.974s][info][gc,heap     ] GC(300) Reclaimed:         -                  -               430M (42%)         449M (44%)            -                  -          
[58.974s][info][gc          ] GC(300) Garbage Collection (Allocation Rate) 518M(51%)->240M(23%)
[59.289s][info][gc,start    ] GC(301) Garbage Collection (Allocation Rate)
[59.289s][info][gc,task     ] GC(301) Using 2 workers
[59.289s][info][gc,phases   ] GC(301) Pause Mark Start 0.015ms
[59.336s][info][gc,phases   ] GC(301) Concurrent Mark 46.486ms
[59.336s][info][gc,phases   ] GC(301) Pause Mark End 0.015ms
[59.336s][info][gc,phases   ] GC(301) Concurrent Mark Free 0.001ms
[59.337s][info][gc,phases   ] GC(301) Concurrent Process Non-Strong References 0.848ms
[59.337s][info][gc,phases   ] GC(301) Concurrent Reset Relocation Set 0.003ms
[59.341s][info][gc,phases   ] GC(301) Concurrent Select Relocation Set 3.867ms
[59.341s][info][gc,phases   ] GC(301) Pause Relocate Start 0.004ms
[59.344s][info][gc,phases   ] GC(301) Concurrent Relocate 3.153ms
[59.345s][info][gc,load     ] GC(301) Load: 0.00/0.00/0.00
[59.345s][info][gc,mmu      ] GC(301) MMU: 2ms/98.9%, 5ms/99.4%, 10ms/99.7%, 20ms/99.7%, 50ms/99.9%, 100ms/99.9%
[59.345s][info][gc,marking  ] GC(301) Mark: 2 stripe(s), 2 proactive flush(es), 1 terminate flush(es), 0 completion(s), 0 continuation(s) 
[59.345s][info][gc,marking  ] GC(301) Mark Stack Usage: 32M
[59.345s][info][gc,nmethod  ] GC(301) NMethods: 333 registered, 1 unregistered
[59.345s][info][gc,metaspace] GC(301) Metaspace: 8M used, 8M committed, 1088M reserved
[59.345s][info][gc,ref      ] GC(301) Soft: 174 encountered, 0 discovered, 0 enqueued
[59.345s][info][gc,ref      ] GC(301) Weak: 570 encountered, 303 discovered, 0 enqueued
[59.345s][info][gc,ref      ] GC(301) Final: 0 encountered, 0 discovered, 0 enqueued
[59.345s][info][gc,ref      ] GC(301) Phantom: 21 encountered, 19 discovered, 0 enqueued
[59.345s][info][gc,reloc    ] GC(301) Small Pages: 148 / 296M, Empty: 254M, Relocated: 3M, In-Place: 0
[59.345s][info][gc,reloc    ] GC(301) Medium Pages: 2 / 64M, Empty: 32M, Relocated: 0M, In-Place: 0
[59.345s][info][gc,reloc    ] GC(301) Large Pages: 0 / 0M, Empty: 0M, Relocated: 0M, In-Place: 0
[59.345s][info][gc,reloc    ] GC(301) Forwarding Usage: 1M
[59.345s][info][gc,heap     ] GC(301) Min Capacity: 8M(1%)
[59.345s][info][gc,heap     ] GC(301) Max Capacity: 1024M(100%)
[59.345s][info][gc,heap     ] GC(301) Soft Max Capacity: 1024M(100%)
[59.345s][info][gc,heap     ] GC(301)                Mark Start          Mark End        Relocate Start      Relocate End           High               Low         
[59.345s][info][gc,heap     ] GC(301)  Capacity:     1024M (100%)       1024M (100%)       1024M (100%)       1024M (100%)       1024M (100%)       1024M (100%)   
[59.345s][info][gc,heap     ] GC(301)      Free:      664M (65%)         664M (65%)         950M (93%)         954M (93%)         954M (93%)         664M (65%)    
[59.345s][info][gc,heap     ] GC(301)      Used:      360M (35%)         360M (35%)          74M (7%)           70M (7%)          360M (35%)          70M (7%)     
[59.345s][info][gc,heap     ] GC(301)      Live:         -                30M (3%)           30M (3%)           30M (3%)             -                  -          
[59.345s][info][gc,heap     ] GC(301) Allocated:         -                 0M (0%)            0M (0%)            1M (0%)             -                  -          
[59.345s][info][gc,heap     ] GC(301)   Garbage:         -               329M (32%)          43M (4%)           37M (4%)             -                  -          
[59.345s][info][gc,heap     ] GC(301) Reclaimed:         -                  -               286M (28%)         291M (29%)            -                  -          
[59.345s][info][gc          ] GC(301) Garbage Collection (Allocation Rate) 360M(35%)->70M(7%)
[59.450s][info][gc,start    ] GC(302) Garbage Collection (System.gc())
[59.450s][info][gc,task     ] GC(302) Using 10 workers
[59.451s][info][gc,phases   ] GC(302) Pause Mark Start 0.014ms
[59.461s][info][gc,phases   ] GC(302) Concurrent Mark 10.439ms
[59.461s][info][gc,phases   ] GC(302) Pause Mark End 0.013ms
[59.461s][info][gc,phases   ] GC(302) Concurrent Mark Free 0.001ms
[59.462s][info][gc,phases   ] GC(302) Concurrent Process Non-Strong References 0.360ms
[59.462s][info][gc,phases   ] GC(302) Concurrent Reset Relocation Set 0.002ms
[59.465s][info][gc,phases   ] GC(302) Concurrent Select Relocation Set 3.607ms
[59.465s][info][gc,phases   ] GC(302) Pause Relocate Start 0.005ms
[59.467s][info][gc,phases   ] GC(302) Concurrent Relocate 1.977ms
[59.468s][info][gc,load     ] GC(302) Load: 0.00/0.00/0.00
[59.468s][info][gc,mmu      ] GC(302) MMU: 2ms/98.9%, 5ms/99.4%, 10ms/99.7%, 20ms/99.7%, 50ms/99.9%, 100ms/99.9%
[59.468s][info][gc,marking  ] GC(302) Mark: 8 stripe(s), 1 proactive flush(es), 1 terminate flush(es), 0 completion(s), 0 continuation(s) 
[59.468s][info][gc,marking  ] GC(302) Mark Stack Usage: 32M
[59.468s][info][gc,nmethod  ] GC(302) NMethods: 333 registered, 1 unregistered
[59.468s][info][gc,metaspace] GC(302) Metaspace: 8M used, 8M committed, 1088M reserved
[59.468s][info][gc,ref      ] GC(302) Soft: 174 encountered, 0 discovered, 0 enqueued
[59.468s][info][gc,ref      ] GC(302) Weak: 570 encountered, 23 discovered, 0 enqueued
[59.468s][info][gc,ref      ] GC(302) Final: 0 encountered, 0 discovered, 0 enqueued
[59.468s][info][gc,ref      ] GC(302) Phantom: 21 encountered, 19 discovered, 0 enqueued
[59.468s][info][gc,reloc    ] GC(302) Small Pages: 44 / 88M, Empty: 78M, Relocated: 1M, In-Place: 0
[59.468s][info][gc,reloc    ] GC(302) Medium Pages: 2 / 64M, Empty: 64M, Relocated: 0M, In-Place: 0
[59.468s][info][gc,reloc    ] GC(302) Large Pages: 0 / 0M, Empty: 0M, Relocated: 0M, In-Place: 0
[59.468s][info][gc,reloc    ] GC(302) Forwarding Usage: 0M
[59.468s][info][gc,heap     ] GC(302) Min Capacity: 8M(1%)
[59.468s][info][gc,heap     ] GC(302) Max Capacity: 1024M(100%)
[59.468s][info][gc,heap     ] GC(302) Soft Max Capacity: 1024M(100%)
[59.468s][info][gc,heap     ] GC(302)                Mark Start          Mark End        Relocate Start      Relocate End           High               Low         
[59.468s][info][gc,heap     ] GC(302)  Capacity:     1024M (100%)       1024M (100%)       1024M (100%)       1024M (100%)       1024M (100%)       1024M (100%)   
[59.468s][info][gc,heap     ] GC(302)      Free:      872M (85%)         872M (85%)        1014M (99%)        1014M (99%)        1014M (99%)         872M (85%)    
[59.468s][info][gc,heap     ] GC(302)      Used:      152M (15%)         152M (15%)          10M (1%)           10M (1%)          152M (15%)          10M (1%)     
[59.468s][info][gc,heap     ] GC(302)      Live:         -                 4M (0%)            4M (0%)            4M (0%)             -                  -          
[59.468s][info][gc,heap     ] GC(302) Allocated:         -                 0M (0%)            0M (0%)            0M (0%)             -                  -          
[59.468s][info][gc,heap     ] GC(302)   Garbage:         -               147M (14%)           5M (1%)            5M (1%)             -                  -          
[59.468s][info][gc,heap     ] GC(302) Reclaimed:         -                  -               142M (14%)         142M (14%)            -                  -          
[59.468s][info][gc          ] GC(302) Garbage Collection (System.gc()) 152M(15%)->10M(1%)
[59.695s][info][gc,start    ] GC(303) Garbage Collection (Allocation Rate)
[59.696s][info][gc,task     ] GC(303) Using 10 workers
[59.696s][info][gc,phases   ] GC(303) Pause Mark Start 0.013ms
[59.706s][info][gc,phases   ] GC(303) Concurrent Mark 10.106ms
[59.706s][info][gc,phases   ] GC(303) Pause Mark End 0.017ms
[59.706s][info][gc,phases   ] GC(303) Concurrent Mark Free 0.001ms
[59.707s][info][gc,phases   ] GC(303) Concurrent Process Non-Strong References 0.368ms
[59.707s][info][gc,phases   ] GC(303) Concurrent Reset Relocation Set 0.001ms
[59.711s][info][gc,phases   ] GC(303) Concurrent Select Relocation Set 3.931ms
[59.711s][info][gc,phases   ] GC(303) Pause Relocate Start 0.005ms
[59.712s][info][gc,phases   ] GC(303) Concurrent Relocate 0.926ms
[59.712s][info][gc,load     ] GC(303) Load: 0.00/0.00/0.00
[59.712s][info][gc,mmu      ] GC(303) MMU: 2ms/98.9%, 5ms/99.4%, 10ms/99.7%, 20ms/99.7%, 50ms/99.9%, 100ms/99.9%
[59.712s][info][gc,marking  ] GC(303) Mark: 8 stripe(s), 2 proactive flush(es), 1 terminate flush(es), 0 completion(s), 0 continuation(s) 
[59.712s][info][gc,marking  ] GC(303) Mark Stack Usage: 32M
[59.712s][info][gc,nmethod  ] GC(303) NMethods: 334 registered, 1 unregistered
[59.712s][info][gc,metaspace] GC(303) Metaspace: 8M used, 8M committed, 1088M reserved
[59.712s][info][gc,ref      ] GC(303) Soft: 174 encountered, 0 discovered, 0 enqueued
[59.712s][info][gc,ref      ] GC(303) Weak: 570 encountered, 3 discovered, 0 enqueued
[59.712s][info][gc,ref      ] GC(303) Final: 0 encountered, 0 discovered, 0 enqueued
[59.712s][info][gc,ref      ] GC(303) Phantom: 21 encountered, 19 discovered, 0 enqueued
[59.712s][info][gc,reloc    ] GC(303) Small Pages: 287 / 574M, Empty: 546M, Relocated: 1M, In-Place: 0
[59.712s][info][gc,reloc    ] GC(303) Medium Pages: 0 / 0M, Empty: 0M, Relocated: 0M, In-Place: 0
[59.712s][info][gc,reloc    ] GC(303) Large Pages: 0 / 0M, Empty: 0M, Relocated: 0M, In-Place: 0
[59.712s][info][gc,reloc    ] GC(303) Forwarding Usage: 0M
[59.712s][info][gc,heap     ] GC(303) Min Capacity: 8M(1%)
[59.712s][info][gc,heap     ] GC(303) Max Capacity: 1024M(100%)
[59.712s][info][gc,heap     ] GC(303) Soft Max Capacity: 1024M(100%)
[59.712s][info][gc,heap     ] GC(303)                Mark Start          Mark End        Relocate Start      Relocate End           High               Low         
[59.712s][info][gc,heap     ] GC(303)  Capacity:     1024M (100%)       1024M (100%)       1024M (100%)       1024M (100%)       1024M (100%)       1024M (100%)   
[59.712s][info][gc,heap     ] GC(303)      Free:      450M (44%)         424M (41%)         958M (94%)         958M (94%)         960M (94%)         422M (41%)    
[59.712s][info][gc,heap     ] GC(303)      Used:      574M (56%)         600M (59%)          66M (6%)           66M (6%)          602M (59%)          64M (6%)     
[59.712s][info][gc,heap     ] GC(303)      Live:         -                 6M (1%)            6M (1%)            6M (1%)             -                  -          
[59.712s][info][gc,heap     ] GC(303) Allocated:         -                26M (3%)           38M (4%)           39M (4%)             -                  -          
[59.712s][info][gc,heap     ] GC(303)   Garbage:         -               567M (55%)          21M (2%)           19M (2%)             -                  -          
[59.712s][info][gc,heap     ] GC(303) Reclaimed:         -                  -               546M (53%)         547M (54%)            -                  -          
[59.712s][info][gc          ] GC(303) Garbage Collection (Allocation Rate) 574M(56%)->66M(6%)
[59.904s][info][gc,start    ] GC(304) Garbage Collection (Allocation Rate)
[59.904s][info][gc,task     ] GC(304) Using 10 workers
[59.904s][info][gc,phases   ] GC(304) Pause Mark Start 0.015ms
[59.919s][info][gc,phases   ] GC(304) Concurrent Mark 15.268ms
[59.919s][info][gc,phases   ] GC(304) Pause Mark End 0.015ms
[59.919s][info][gc,phases   ] GC(304) Concurrent Mark Free 0.001ms
[59.920s][info][gc,phases   ] GC(304) Concurrent Process Non-Strong References 0.325ms
[59.920s][info][gc,phases   ] GC(304) Concurrent Reset Relocation Set 0.003ms
[59.924s][info][gc,phases   ] GC(304) Concurrent Select Relocation Set 4.701ms
[59.925s][info][gc,phases   ] GC(304) Pause Relocate Start 0.005ms
[59.927s][info][gc,phases   ] GC(304) Concurrent Relocate 2.882ms
[59.928s][info][gc,load     ] GC(304) Load: 0.00/0.00/0.00
[59.928s][info][gc,mmu      ] GC(304) MMU: 2ms/98.9%, 5ms/99.4%, 10ms/99.7%, 20ms/99.7%, 50ms/99.9%, 100ms/99.9%
[59.928s][info][gc,marking  ] GC(304) Mark: 8 stripe(s), 2 proactive flush(es), 1 terminate flush(es), 0 completion(s), 0 continuation(s) 
[59.928s][info][gc,marking  ] GC(304) Mark Stack Usage: 32M
[59.928s][info][gc,nmethod  ] GC(304) NMethods: 334 registered, 1 unregistered
[59.928s][info][gc,metaspace] GC(304) Metaspace: 8M used, 8M committed, 1088M reserved
[59.928s][info][gc,ref      ] GC(304) Soft: 174 encountered, 0 discovered, 0 enqueued
[59.928s][info][gc,ref      ] GC(304) Weak: 570 encountered, 5 discovered, 0 enqueued
[59.928s][info][gc,ref      ] GC(304) Final: 0 encountered, 0 discovered, 0 enqueued
[59.928s][info][gc,ref      ] GC(304) Phantom: 21 encountered, 19 discovered, 0 enqueued
[59.928s][info][gc,reloc    ] GC(304) Small Pages: 279 / 558M, Empty: 524M, Relocated: 3M, In-Place: 0
[59.928s][info][gc,reloc    ] GC(304) Medium Pages: 1 / 32M, Empty: 0M, Relocated: 0M, In-Place: 0
[59.928s][info][gc,reloc    ] GC(304) Large Pages: 0 / 0M, Empty: 0M, Relocated: 0M, In-Place: 0
[59.928s][info][gc,reloc    ] GC(304) Forwarding Usage: 1M
[59.928s][info][gc,heap     ] GC(304) Min Capacity: 8M(1%)
[59.928s][info][gc,heap     ] GC(304) Max Capacity: 1024M(100%)
[59.928s][info][gc,heap     ] GC(304) Soft Max Capacity: 1024M(100%)
[59.928s][info][gc,heap     ] GC(304)                Mark Start          Mark End        Relocate Start      Relocate End           High               Low         
[59.928s][info][gc,heap     ] GC(304)  Capacity:     1024M (100%)       1024M (100%)       1024M (100%)       1024M (100%)       1024M (100%)       1024M (100%)   
[59.928s][info][gc,heap     ] GC(304)      Free:      434M (42%)         394M (38%)         904M (88%)         904M (88%)         908M (89%)         392M (38%)    
[59.928s][info][gc,heap     ] GC(304)      Used:      590M (58%)         630M (62%)         120M (12%)         120M (12%)         632M (62%)         116M (11%)    
[59.928s][info][gc,heap     ] GC(304)      Live:         -                 7M (1%)            7M (1%)            7M (1%)             -                  -          
[59.928s][info][gc,heap     ] GC(304) Allocated:         -                40M (4%)           54M (5%)           61M (6%)             -                  -          
[59.928s][info][gc,heap     ] GC(304)   Garbage:         -               582M (57%)          58M (6%)           50M (5%)             -                  -          
[59.928s][info][gc,heap     ] GC(304) Reclaimed:         -                  -               524M (51%)         531M (52%)            -                  -          
[59.928s][info][gc          ] GC(304) Garbage Collection (Allocation Rate) 590M(58%)->120M(12%)
[60.090s][info][gc,start    ] GC(305) Garbage Collection (Allocation Rate)
[60.090s][info][gc,stats    ] === Garbage Collection Statistics =======================================================================================================================
[60.090s][info][gc,task     ] GC(305) Using 3 workers
[60.090s][info][gc,stats    ]                                                              Last 10s              Last 10m              Last 10h                Total
[60.090s][info][gc,stats    ]                                                              Avg / Max             Avg / Max             Avg / Max             Avg / Max
[60.090s][info][gc,stats    ]   Collector: Garbage Collection Cycle                     48.110 / 102.613      46.726 / 129.954      46.726 / 129.954      46.726 / 129.954     ms
[60.090s][info][gc,phases   ] GC(305) Pause Mark Start 0.015ms
[60.090s][info][gc,stats    ]  Contention: Mark Segment Reset Contention                     1 / 5                 3 / 17                3 / 17                3 / 17          ops/s
[60.090s][info][gc,stats    ]  Contention: Mark SeqNum Reset Contention                      0 / 2                 0 / 6                 0 / 6                 0 / 6           ops/s
[60.090s][info][gc,stats    ]    Critical: Allocation Stall                                  0 / 0                 0 / 0                 0 / 0                 0 / 0           ops/s
[60.090s][info][gc,stats    ]    Critical: Allocation Stall                              0.000 / 0.000         0.000 / 0.000         0.000 / 0.000         0.000 / 0.000       ms
[60.090s][info][gc,stats    ]    Critical: GC Locker Stall                                   0 / 0                 0 / 0                 0 / 0                 0 / 0           ops/s
[60.090s][info][gc,stats    ]    Critical: GC Locker Stall                               0.000 / 0.000         0.000 / 0.000         0.000 / 0.000         0.000 / 0.000       ms
[60.090s][info][gc,stats    ]    Critical: Relocation Stall                                  0 / 0                 0 / 0                 0 / 0                 0 / 0           ops/s
[60.090s][info][gc,stats    ]    Critical: Relocation Stall                              0.000 / 0.000         0.000 / 0.000         0.000 / 0.000         0.000 / 0.000       ms
[60.090s][info][gc,stats    ]      Memory: Allocation Rate                                2197 / 2596           2147 / 2604           2147 / 2604           2147 / 2604        MB/s
[60.090s][info][gc,stats    ]      Memory: Defragment                                        0 / 0                 0 / 0                 0 / 0                 0 / 0           ops/s
[60.090s][info][gc,stats    ]      Memory: Out Of Memory                                     0 / 0                 0 / 0                 0 / 0                 0 / 0           ops/s
[60.090s][info][gc,stats    ]      Memory: Page Cache Flush                                  0 / 0                 0 / 0                 0 / 0                 0 / 0           MB/s
[60.090s][info][gc,stats    ]      Memory: Page Cache Hit L1                              1080 / 1286           1052 / 1292           1052 / 1292           1052 / 1292        ops/s
[60.090s][info][gc,stats    ]      Memory: Page Cache Hit L2                                 0 / 0                 0 / 0                 0 / 0                 0 / 0           ops/s
[60.090s][info][gc,stats    ]      Memory: Page Cache Hit L3                                 0 / 0                 7 / 212               7 / 212               7 / 212         ops/s
[60.091s][info][gc,stats    ]      Memory: Page Cache Miss                                   0 / 0                 0 / 1                 0 / 1                 0 / 1           ops/s
[60.091s][info][gc,stats    ]      Memory: Uncommit                                          0 / 0                 0 / 0                 0 / 0                 0 / 0           MB/s
[60.091s][info][gc,stats    ]      Memory: Undo Object Allocation Failed                     0 / 0                 0 / 1                 0 / 1                 0 / 1           ops/s
[60.091s][info][gc,stats    ]      Memory: Undo Object Allocation Succeeded                  1 / 4                 1 / 12                1 / 12                1 / 12          ops/s
[60.091s][info][gc,stats    ]      Memory: Undo Page Allocation                              0 / 0                 0 / 0                 0 / 0                 0 / 0           ops/s
[60.091s][info][gc,stats    ]       Phase: Concurrent Mark                              36.826 / 86.969       34.680 / 112.431      34.680 / 112.431      34.680 / 112.431     ms
[60.091s][info][gc,stats    ]       Phase: Concurrent Mark Continue                      0.000 / 0.000         0.000 / 0.000         0.000 / 0.000         0.000 / 0.000       ms
[60.091s][info][gc,stats    ]       Phase: Concurrent Mark Free                          0.001 / 0.002         0.001 / 0.002         0.001 / 0.002         0.001 / 0.002       ms
[60.091s][info][gc,stats    ]       Phase: Concurrent Process Non-Strong References      1.386 / 5.719         1.603 / 5.719         1.603 / 5.719         1.603 / 5.719       ms
[60.091s][info][gc,stats    ]       Phase: Concurrent Relocate                           3.652 / 10.306        3.946 / 15.043        3.946 / 15.043        3.946 / 15.043      ms
[60.091s][info][gc,stats    ]       Phase: Concurrent Reset Relocation Set               0.003 / 0.005         0.003 / 0.006         0.003 / 0.006         0.003 / 0.006       ms
[60.091s][info][gc,stats    ]       Phase: Concurrent Select Relocation Set              4.674 / 6.716         4.845 / 15.335        4.845 / 15.335        4.845 / 15.335      ms
[60.091s][info][gc,stats    ]       Phase: Pause Mark End                                0.015 / 0.020         0.015 / 0.021         0.015 / 0.021         0.015 / 0.021       ms
[60.091s][info][gc,stats    ]       Phase: Pause Mark Start                              0.014 / 0.018         0.014 / 0.019         0.014 / 0.019         0.014 / 0.019       ms
[60.091s][info][gc,stats    ]       Phase: Pause Relocate Start                          0.005 / 0.010         0.006 / 0.011         0.006 / 0.011         0.006 / 0.011       ms
[60.091s][info][gc,stats    ]    Subphase: Concurrent Classes Purge                      0.090 / 4.375         0.023 / 4.375         0.023 / 4.375         0.023 / 4.375       ms
[60.091s][info][gc,stats    ]    Subphase: Concurrent Classes Unlink                     0.905 / 2.047         1.204 / 3.866         1.204 / 3.866         1.204 / 3.866       ms
[60.091s][info][gc,stats    ]    Subphase: Concurrent Mark                              24.151 / 86.147       22.180 / 111.025      22.180 / 111.025      22.180 / 111.025     ms
[60.091s][info][gc,stats    ]    Subphase: Concurrent Mark Try Flush                     0.031 / 0.113         0.032 / 0.113         0.032 / 0.113         0.032 / 0.113       ms
[60.091s][info][gc,stats    ]    Subphase: Concurrent Mark Try Terminate                 5.277 / 16.679        4.212 / 16.679        4.212 / 16.679        4.212 / 16.679      ms
[60.091s][info][gc,stats    ]    Subphase: Concurrent References Enqueue                 0.000 / 0.001         0.000 / 0.004         0.000 / 0.004         0.000 / 0.004       ms
[60.091s][info][gc,stats    ]    Subphase: Concurrent References Process                 0.046 / 0.097         0.044 / 0.105         0.044 / 0.105         0.044 / 0.105       ms
[60.091s][info][gc,stats    ]    Subphase: Concurrent Roots ClassLoaderDataGraph         0.088 / 0.322         0.095 / 0.602         0.095 / 0.602         0.095 / 0.602       ms
[60.091s][info][gc,stats    ]    Subphase: Concurrent Roots CodeCache                    0.000 / 0.000         0.000 / 0.000         0.000 / 0.000         0.000 / 0.000       ms
[60.091s][info][gc,stats    ]    Subphase: Concurrent Roots JavaThreads                  0.330 / 0.816         0.311 / 1.310         0.311 / 1.310         0.311 / 1.310       ms
[60.091s][info][gc,stats    ]    Subphase: Concurrent Roots OopStorageSet                0.015 / 0.032         0.017 / 0.213         0.017 / 0.213         0.017 / 0.213       ms
[60.091s][info][gc,stats    ]    Subphase: Concurrent Weak Roots OopStorageSet           0.195 / 0.506         0.183 / 0.852         0.183 / 0.852         0.183 / 0.852       ms
[60.091s][info][gc,stats    ]    Subphase: Pause Mark Try Complete                       0.000 / 0.000         0.000 / 0.000         0.000 / 0.000         0.000 / 0.000       ms
[60.092s][info][gc,stats    ]      System: Java Threads                                     11 / 12               12 / 24               12 / 24               12 / 24          threads
[60.092s][info][gc,stats    ] =========================================================================================================================================================
[60.121s][info][gc,phases   ] GC(305) Concurrent Mark 30.820ms
[60.121s][info][gc,phases   ] GC(305) Pause Mark End 0.011ms
[60.121s][info][gc,phases   ] GC(305) Concurrent Mark Free 0.001ms
[60.122s][info][gc,phases   ] GC(305) Concurrent Process Non-Strong References 0.575ms
[60.122s][info][gc,phases   ] GC(305) Concurrent Reset Relocation Set 0.002ms
[60.127s][info][gc,phases   ] GC(305) Concurrent Select Relocation Set 5.758ms
[60.128s][info][gc,phases   ] GC(305) Pause Relocate Start 0.005ms
[60.133s][info][gc,phases   ] GC(305) Concurrent Relocate 5.721ms
[60.133s][info][gc,load     ] GC(305) Load: 0.00/0.00/0.00
[60.133s][info][gc,mmu      ] GC(305) MMU: 2ms/98.9%, 5ms/99.4%, 10ms/99.7%, 20ms/99.7%, 50ms/99.9%, 100ms/99.9%
[60.133s][info][gc,marking  ] GC(305) Mark: 2 stripe(s), 2 proactive flush(es), 1 terminate flush(es), 0 completion(s), 0 continuation(s) 
[60.134s][info][gc,marking  ] GC(305) Mark Stack Usage: 32M
[60.134s][info][gc,nmethod  ] GC(305) NMethods: 334 registered, 1 unregistered
[60.134s][info][gc,metaspace] GC(305) Metaspace: 8M used, 8M committed, 1088M reserved
[60.134s][info][gc,ref      ] GC(305) Soft: 174 encountered, 0 discovered, 0 enqueued
[60.134s][info][gc,ref      ] GC(305) Weak: 570 encountered, 6 discovered, 0 enqueued
[60.134s][info][gc,ref      ] GC(305) Final: 0 encountered, 0 discovered, 0 enqueued
[60.134s][info][gc,ref      ] GC(305) Phantom: 21 encountered, 18 discovered, 0 enqueued
[60.134s][info][gc,reloc    ] GC(305) Small Pages: 250 / 500M, Empty: 464M, Relocated: 5M, In-Place: 0
[60.134s][info][gc,reloc    ] GC(305) Medium Pages: 1 / 32M, Empty: 0M, Relocated: 0M, In-Place: 0
[60.134s][info][gc,reloc    ] GC(305) Large Pages: 0 / 0M, Empty: 0M, Relocated: 0M, In-Place: 0
[60.134s][info][gc,reloc    ] GC(305) Forwarding Usage: 1M
[60.134s][info][gc,heap     ] GC(305) Min Capacity: 8M(1%)
[60.134s][info][gc,heap     ] GC(305) Max Capacity: 1024M(100%)
[60.134s][info][gc,heap     ] GC(305) Soft Max Capacity: 1024M(100%)
[60.134s][info][gc,heap     ] GC(305)                Mark Start          Mark End        Relocate Start      Relocate End           High               Low         
[60.134s][info][gc,heap     ] GC(305)  Capacity:     1024M (100%)       1024M (100%)       1024M (100%)       1024M (100%)       1024M (100%)       1024M (100%)   
[60.134s][info][gc,heap     ] GC(305)      Free:      492M (48%)         410M (40%)         856M (84%)         866M (85%)         872M (85%)         408M (40%)    
[60.134s][info][gc,heap     ] GC(305)      Used:      532M (52%)         614M (60%)         168M (16%)         158M (15%)         616M (60%)         152M (15%)    
[60.134s][info][gc,heap     ] GC(305)      Live:         -                 8M (1%)            8M (1%)            8M (1%)             -                  -          
[60.134s][info][gc,heap     ] GC(305) Allocated:         -                82M (8%)          100M (10%)         113M (11%)            -                  -          
[60.134s][info][gc,heap     ] GC(305)   Garbage:         -               523M (51%)          59M (6%)           35M (3%)             -                  -          
[60.134s][info][gc,heap     ] GC(305) Reclaimed:         -                  -               464M (45%)         487M (48%)            -                  -          
[60.134s][info][gc          ] GC(305) Garbage Collection (Allocation Rate) 532M(52%)->158M(15%)
[60.303s][info][gc,start    ] GC(306) Garbage Collection (Allocation Rate)
[60.303s][info][gc,task     ] GC(306) Using 5 workers
[60.303s][info][gc,phases   ] GC(306) Pause Mark Start 0.015ms
[60.319s][info][gc,phases   ] GC(306) Concurrent Mark 15.281ms
[60.319s][info][gc,phases   ] GC(306) Pause Mark End 0.017ms
[60.319s][info][gc,phases   ] GC(306) Concurrent Mark Free 0.001ms
[60.319s][info][gc,phases   ] GC(306) Concurrent Process Non-Strong References 0.458ms
[60.319s][info][gc,phases   ] GC(306) Concurrent Reset Relocation Set 0.002ms
[60.322s][info][gc,phases   ] GC(306) Concurrent Select Relocation Set 2.475ms
[60.322s][info][gc,phases   ] GC(306) Pause Relocate Start 0.008ms
[60.326s][info][gc,phases   ] GC(306) Concurrent Relocate 4.104ms
[60.326s][info][gc,load     ] GC(306) Load: 0.00/0.00/0.00
[60.326s][info][gc,mmu      ] GC(306) MMU: 2ms/98.9%, 5ms/99.4%, 10ms/99.7%, 20ms/99.7%, 50ms/99.9%, 100ms/99.9%
[60.326s][info][gc,marking  ] GC(306) Mark: 4 stripe(s), 2 proactive flush(es), 1 terminate flush(es), 0 completion(s), 0 continuation(s) 
[60.326s][info][gc,marking  ] GC(306) Mark Stack Usage: 32M
[60.326s][info][gc,nmethod  ] GC(306) NMethods: 334 registered, 1 unregistered
[60.326s][info][gc,metaspace] GC(306) Metaspace: 8M used, 8M committed, 1088M reserved
[60.326s][info][gc,ref      ] GC(306) Soft: 174 encountered, 0 discovered, 0 enqueued
[60.326s][info][gc,ref      ] GC(306) Weak: 570 encountered, 26 discovered, 0 enqueued
[60.326s][info][gc,ref      ] GC(306) Final: 0 encountered, 0 discovered, 0 enqueued
[60.326s][info][gc,ref      ] GC(306) Phantom: 21 encountered, 16 discovered, 0 enqueued
[60.326s][info][gc,reloc    ] GC(306) Small Pages: 240 / 480M, Empty: 448M, Relocated: 5M, In-Place: 0
[60.326s][info][gc,reloc    ] GC(306) Medium Pages: 2 / 64M, Empty: 32M, Relocated: 0M, In-Place: 0
[60.326s][info][gc,reloc    ] GC(306) Large Pages: 0 / 0M, Empty: 0M, Relocated: 0M, In-Place: 0
[60.326s][info][gc,reloc    ] GC(306) Forwarding Usage: 1M
[60.326s][info][gc,heap     ] GC(306) Min Capacity: 8M(1%)
[60.326s][info][gc,heap     ] GC(306) Max Capacity: 1024M(100%)
[60.326s][info][gc,heap     ] GC(306) Soft Max Capacity: 1024M(100%)
[60.326s][info][gc,heap     ] GC(306)                Mark Start          Mark End        Relocate Start      Relocate End           High               Low         
[60.326s][info][gc,heap     ] GC(306)  Capacity:     1024M (100%)       1024M (100%)       1024M (100%)       1024M (100%)       1024M (100%)       1024M (100%)   
[60.326s][info][gc,heap     ] GC(306)      Free:      480M (47%)         464M (45%)         940M (92%)         948M (93%)         948M (93%)         462M (45%)    
[60.326s][info][gc,heap     ] GC(306)      Used:      544M (53%)         560M (55%)          84M (8%)           76M (7%)          562M (55%)          76M (7%)     
[60.326s][info][gc,heap     ] GC(306)      Live:         -                10M (1%)           10M (1%)           10M (1%)             -                  -          
[60.326s][info][gc,heap     ] GC(306) Allocated:         -                16M (2%)           20M (2%)           27M (3%)             -                  -          
[60.326s][info][gc,heap     ] GC(306)   Garbage:         -               533M (52%)          53M (5%)           37M (4%)             -                  -          
[60.326s][info][gc,heap     ] GC(306) Reclaimed:         -                  -               480M (47%)         495M (48%)            -                  -          
[60.326s][info][gc          ] GC(306) Garbage Collection (Allocation Rate) 544M(53%)->76M(7%)
[60.489s][info][gc,start    ] GC(307) Garbage Collection (Allocation Rate)
[60.489s][info][gc,task     ] GC(307) Using 5 workers
[60.490s][info][gc,phases   ] GC(307) Pause Mark Start 0.014ms
[60.521s][info][gc,phases   ] GC(307) Concurrent Mark 30.927ms
[60.521s][info][gc,phases   ] GC(307) Pause Mark End 0.018ms
[60.521s][info][gc,phases   ] GC(307) Concurrent Mark Free 0.001ms
[60.521s][info][gc,phases   ] GC(307) Concurrent Process Non-Strong References 0.498ms
[60.521s][info][gc,phases   ] GC(307) Concurrent Reset Relocation Set 0.003ms
[60.527s][info][gc,phases   ] GC(307) Concurrent Select Relocation Set 6.061ms
[60.528s][info][gc,phases   ] GC(307) Pause Relocate Start 0.010ms
[60.532s][info][gc,phases   ] GC(307) Concurrent Relocate 4.293ms
[60.532s][info][gc,load     ] GC(307) Load: 0.00/0.00/0.00
[60.532s][info][gc,mmu      ] GC(307) MMU: 2ms/98.9%, 5ms/99.4%, 10ms/99.7%, 20ms/99.7%, 50ms/99.9%, 100ms/99.9%
[60.532s][info][gc,marking  ] GC(307) Mark: 4 stripe(s), 3 proactive flush(es), 1 terminate flush(es), 0 completion(s), 0 continuation(s) 
[60.532s][info][gc,marking  ] GC(307) Mark Stack Usage: 32M
[60.532s][info][gc,nmethod  ] GC(307) NMethods: 334 registered, 1 unregistered
[60.532s][info][gc,metaspace] GC(307) Metaspace: 8M used, 8M committed, 1088M reserved
[60.532s][info][gc,ref      ] GC(307) Soft: 174 encountered, 0 discovered, 0 enqueued
[60.532s][info][gc,ref      ] GC(307) Weak: 570 encountered, 57 discovered, 0 enqueued
[60.532s][info][gc,ref      ] GC(307) Final: 0 encountered, 0 discovered, 0 enqueued
[60.532s][info][gc,ref      ] GC(307) Phantom: 21 encountered, 13 discovered, 0 enqueued
[60.532s][info][gc,reloc    ] GC(307) Small Pages: 227 / 454M, Empty: 420M, Relocated: 4M, In-Place: 0
[60.532s][info][gc,reloc    ] GC(307) Medium Pages: 2 / 64M, Empty: 0M, Relocated: 0M, In-Place: 0
[60.532s][info][gc,reloc    ] GC(307) Large Pages: 0 / 0M, Empty: 0M, Relocated: 0M, In-Place: 0
[60.532s][info][gc,reloc    ] GC(307) Forwarding Usage: 2M
[60.532s][info][gc,heap     ] GC(307) Min Capacity: 8M(1%)
[60.532s][info][gc,heap     ] GC(307) Max Capacity: 1024M(100%)
[60.532s][info][gc,heap     ] GC(307) Soft Max Capacity: 1024M(100%)
[60.532s][info][gc,heap     ] GC(307)                Mark Start          Mark End        Relocate Start      Relocate End           High               Low         
[60.533s][info][gc,heap     ] GC(307)  Capacity:     1024M (100%)       1024M (100%)       1024M (100%)       1024M (100%)       1024M (100%)       1024M (100%)   
[60.533s][info][gc,heap     ] GC(307)      Free:      506M (49%)         422M (41%)         824M (80%)         862M (84%)         864M (84%)         422M (41%)    
[60.533s][info][gc,heap     ] GC(307)      Used:      518M (51%)         602M (59%)         200M (20%)         162M (16%)         602M (59%)         160M (16%)    
[60.533s][info][gc,heap     ] GC(307)      Live:         -                11M (1%)           11M (1%)           11M (1%)             -                  -          
[60.533s][info][gc,heap     ] GC(307) Allocated:         -                84M (8%)          102M (10%)         111M (11%)            -                  -          
[60.533s][info][gc,heap     ] GC(307)   Garbage:         -               506M (49%)          86M (8%)           38M (4%)             -                  -          
[60.533s][info][gc,heap     ] GC(307) Reclaimed:         -                  -               420M (41%)         467M (46%)            -                  -          
[60.533s][info][gc          ] GC(307) Garbage Collection (Allocation Rate) 518M(51%)->162M(16%)
[60.593s][info][gc,start    ] GC(308) Garbage Collection (Allocation Rate)
[60.593s][info][gc,task     ] GC(308) Using 5 workers
[60.593s][info][gc,phases   ] GC(308) Pause Mark Start 0.011ms
[60.624s][info][gc,phases   ] GC(308) Concurrent Mark 30.956ms
[60.624s][info][gc,phases   ] GC(308) Pause Mark End 0.017ms
[60.624s][info][gc,phases   ] GC(308) Concurrent Mark Free 0.001ms
[60.625s][info][gc,phases   ] GC(308) Concurrent Process Non-Strong References 0.482ms
[60.625s][info][gc,phases   ] GC(308) Concurrent Reset Relocation Set 0.002ms
[60.632s][info][gc,phases   ] GC(308) Concurrent Select Relocation Set 6.911ms
[60.632s][info][gc,phases   ] GC(308) Pause Relocate Start 0.006ms
[60.637s][info][gc,phases   ] GC(308) Concurrent Relocate 5.336ms
[60.637s][info][gc,load     ] GC(308) Load: 0.00/0.00/0.00
[60.637s][info][gc,mmu      ] GC(308) MMU: 2ms/98.9%, 5ms/99.4%, 10ms/99.7%, 20ms/99.7%, 50ms/99.9%, 100ms/99.9%
[60.637s][info][gc,marking  ] GC(308) Mark: 4 stripe(s), 2 proactive flush(es), 1 terminate flush(es), 0 completion(s), 0 continuation(s) 
[60.637s][info][gc,marking  ] GC(308) Mark Stack Usage: 32M
[60.637s][info][gc,nmethod  ] GC(308) NMethods: 334 registered, 1 unregistered
[60.637s][info][gc,metaspace] GC(308) Metaspace: 8M used, 8M committed, 1088M reserved
[60.637s][info][gc,ref      ] GC(308) Soft: 174 encountered, 0 discovered, 0 enqueued
[60.637s][info][gc,ref      ] GC(308) Weak: 570 encountered, 6 discovered, 0 enqueued
[60.637s][info][gc,ref      ] GC(308) Final: 0 encountered, 0 discovered, 0 enqueued
[60.637s][info][gc,ref      ] GC(308) Phantom: 21 encountered, 16 discovered, 0 enqueued
[60.637s][info][gc,reloc    ] GC(308) Small Pages: 146 / 292M, Empty: 252M, Relocated: 6M, In-Place: 0
[60.637s][info][gc,reloc    ] GC(308) Medium Pages: 1 / 32M, Empty: 0M, Relocated: 0M, In-Place: 0
[60.638s][info][gc,reloc    ] GC(308) Large Pages: 0 / 0M, Empty: 0M, Relocated: 0M, In-Place: 0
[60.638s][info][gc,reloc    ] GC(308) Forwarding Usage: 2M
[60.638s][info][gc,heap     ] GC(308) Min Capacity: 8M(1%)
[60.638s][info][gc,heap     ] GC(308) Max Capacity: 1024M(100%)
[60.638s][info][gc,heap     ] GC(308) Soft Max Capacity: 1024M(100%)
[60.638s][info][gc,heap     ] GC(308)                Mark Start          Mark End        Relocate Start      Relocate End           High               Low         
[60.638s][info][gc,heap     ] GC(308)  Capacity:     1024M (100%)       1024M (100%)       1024M (100%)       1024M (100%)       1024M (100%)       1024M (100%)   
[60.638s][info][gc,heap     ] GC(308)      Free:      700M (68%)         616M (60%)         848M (83%)         858M (84%)         860M (84%)         616M (60%)    
[60.638s][info][gc,heap     ] GC(308)      Used:      324M (32%)         408M (40%)         176M (17%)         166M (16%)         408M (40%)         164M (16%)    
[60.638s][info][gc,heap     ] GC(308)      Live:         -                12M (1%)           12M (1%)           12M (1%)             -                  -          
[60.638s][info][gc,heap     ] GC(308) Allocated:         -                84M (8%)          104M (10%)         117M (12%)            -                  -          
[60.638s][info][gc,heap     ] GC(308)   Garbage:         -               311M (30%)          59M (6%)           35M (3%)             -                  -          
[60.638s][info][gc,heap     ] GC(308) Reclaimed:         -                  -               252M (25%)         275M (27%)            -                  -          
[60.638s][info][gc          ] GC(308) Garbage Collection (Allocation Rate) 324M(32%)->166M(16%)
[60.702s][info][gc,start    ] GC(309) Garbage Collection (Allocation Rate)
[60.702s][info][gc,task     ] GC(309) Using 5 workers
[60.702s][info][gc,phases   ] GC(309) Pause Mark Start 0.012ms
[60.733s][info][gc,phases   ] GC(309) Concurrent Mark 30.972ms
[60.733s][info][gc,phases   ] GC(309) Pause Mark End 0.015ms
[60.733s][info][gc,phases   ] GC(309) Concurrent Mark Free 0.001ms
[60.734s][info][gc,phases   ] GC(309) Concurrent Process Non-Strong References 0.477ms
[60.734s][info][gc,phases   ] GC(309) Concurrent Reset Relocation Set 0.004ms
[60.738s][info][gc,phases   ] GC(309) Concurrent Select Relocation Set 3.768ms
[60.738s][info][gc,phases   ] GC(309) Pause Relocate Start 0.010ms
[60.741s][info][gc,phases   ] GC(309) Concurrent Relocate 2.703ms
[60.741s][info][gc,load     ] GC(309) Load: 0.00/0.00/0.00
[60.741s][info][gc,mmu      ] GC(309) MMU: 2ms/98.9%, 5ms/99.4%, 10ms/99.7%, 20ms/99.7%, 50ms/99.9%, 100ms/99.9%
[60.741s][info][gc,marking  ] GC(309) Mark: 4 stripe(s), 2 proactive flush(es), 1 terminate flush(es), 0 completion(s), 0 continuation(s) 
[60.741s][info][gc,marking  ] GC(309) Mark Stack Usage: 32M
[60.741s][info][gc,nmethod  ] GC(309) NMethods: 334 registered, 1 unregistered
[60.741s][info][gc,metaspace] GC(309) Metaspace: 8M used, 8M committed, 1088M reserved
[60.741s][info][gc,ref      ] GC(309) Soft: 174 encountered, 0 discovered, 0 enqueued
[60.741s][info][gc,ref      ] GC(309) Weak: 570 encountered, 5 discovered, 0 enqueued
[60.741s][info][gc,ref      ] GC(309) Final: 0 encountered, 0 discovered, 0 enqueued
[60.741s][info][gc,ref      ] GC(309) Phantom: 21 encountered, 18 discovered, 0 enqueued
[60.741s][info][gc,reloc    ] GC(309) Small Pages: 143 / 286M, Empty: 252M, Relocated: 3M, In-Place: 0
[60.741s][info][gc,reloc    ] GC(309) Medium Pages: 1 / 32M, Empty: 0M, Relocated: 0M, In-Place: 0
[60.741s][info][gc,reloc    ] GC(309) Large Pages: 0 / 0M, Empty: 0M, Relocated: 0M, In-Place: 0
[60.741s][info][gc,reloc    ] GC(309) Forwarding Usage: 1M
[60.741s][info][gc,heap     ] GC(309) Min Capacity: 8M(1%)
[60.741s][info][gc,heap     ] GC(309) Max Capacity: 1024M(100%)
[60.741s][info][gc,heap     ] GC(309) Soft Max Capacity: 1024M(100%)
[60.741s][info][gc,heap     ] GC(309)                Mark Start          Mark End        Relocate Start      Relocate End           High               Low         
[60.741s][info][gc,heap     ] GC(309)  Capacity:     1024M (100%)       1024M (100%)       1024M (100%)       1024M (100%)       1024M (100%)       1024M (100%)   
[60.741s][info][gc,heap     ] GC(309)      Free:      706M (69%)         624M (61%)         866M (85%)         870M (85%)         870M (85%)         624M (61%)    
[60.741s][info][gc,heap     ] GC(309)      Used:      318M (31%)         400M (39%)         158M (15%)         154M (15%)         400M (39%)         154M (15%)    
[60.741s][info][gc,heap     ] GC(309)      Live:         -                12M (1%)           12M (1%)           12M (1%)             -                  -          
[60.741s][info][gc,heap     ] GC(309) Allocated:         -                82M (8%)           92M (9%)           99M (10%)            -                  -          
[60.741s][info][gc,heap     ] GC(309)   Garbage:         -               305M (30%)          53M (5%)           41M (4%)             -                  -          
[60.741s][info][gc,heap     ] GC(309) Reclaimed:         -                  -               252M (25%)         263M (26%)            -                  -          
[60.742s][info][gc          ] GC(309) Garbage Collection (Allocation Rate) 318M(31%)->154M(15%)
[60.801s][info][gc,start    ] GC(310) Garbage Collection (Allocation Rate)
[60.801s][info][gc,task     ] GC(310) Using 5 workers
[60.801s][info][gc,phases   ] GC(310) Pause Mark Start 0.011ms
[60.832s][info][gc,phases   ] GC(310) Concurrent Mark 30.985ms
[60.832s][info][gc,phases   ] GC(310) Pause Mark End 0.018ms
[60.832s][info][gc,phases   ] GC(310) Concurrent Mark Free 0.001ms
[60.833s][info][gc,phases   ] GC(310) Concurrent Process Non-Strong References 0.459ms
[60.833s][info][gc,phases   ] GC(310) Concurrent Reset Relocation Set 0.003ms
[60.839s][info][gc,phases   ] GC(310) Concurrent Select Relocation Set 5.927ms
[60.839s][info][gc,phases   ] GC(310) Pause Relocate Start 0.008ms
[60.842s][info][gc,phases   ] GC(310) Concurrent Relocate 3.376ms
[60.842s][info][gc,load     ] GC(310) Load: 0.00/0.00/0.00
[60.842s][info][gc,mmu      ] GC(310) MMU: 2ms/98.9%, 5ms/99.4%, 10ms/99.7%, 20ms/99.7%, 50ms/99.9%, 100ms/99.9%
[60.842s][info][gc,marking  ] GC(310) Mark: 4 stripe(s), 3 proactive flush(es), 1 terminate flush(es), 0 completion(s), 0 continuation(s) 
[60.842s][info][gc,marking  ] GC(310) Mark Stack Usage: 32M
[60.842s][info][gc,nmethod  ] GC(310) NMethods: 334 registered, 1 unregistered
[60.842s][info][gc,metaspace] GC(310) Metaspace: 8M used, 8M committed, 1088M reserved
[60.842s][info][gc,ref      ] GC(310) Soft: 174 encountered, 0 discovered, 0 enqueued
[60.842s][info][gc,ref      ] GC(310) Weak: 570 encountered, 8 discovered, 0 enqueued
[60.842s][info][gc,ref      ] GC(310) Final: 0 encountered, 0 discovered, 0 enqueued
[60.842s][info][gc,ref      ] GC(310) Phantom: 21 encountered, 14 discovered, 0 enqueued
[60.842s][info][gc,reloc    ] GC(310) Small Pages: 140 / 280M, Empty: 244M, Relocated: 4M, In-Place: 0
[60.843s][info][gc,reloc    ] GC(310) Medium Pages: 1 / 32M, Empty: 0M, Relocated: 0M, In-Place: 0
[60.843s][info][gc,reloc    ] GC(310) Large Pages: 0 / 0M, Empty: 0M, Relocated: 0M, In-Place: 0
[60.843s][info][gc,reloc    ] GC(310) Forwarding Usage: 2M
[60.843s][info][gc,heap     ] GC(310) Min Capacity: 8M(1%)
[60.843s][info][gc,heap     ] GC(310) Max Capacity: 1024M(100%)
[60.843s][info][gc,heap     ] GC(310) Soft Max Capacity: 1024M(100%)
[60.843s][info][gc,heap     ] GC(310)                Mark Start          Mark End        Relocate Start      Relocate End           High               Low         
[60.843s][info][gc,heap     ] GC(310)  Capacity:     1024M (100%)       1024M (100%)       1024M (100%)       1024M (100%)       1024M (100%)       1024M (100%)   
[60.843s][info][gc,heap     ] GC(310)      Free:      712M (70%)         630M (62%)         856M (84%)         864M (84%)         864M (84%)         628M (61%)    
[60.843s][info][gc,heap     ] GC(310)      Used:      312M (30%)         394M (38%)         168M (16%)         160M (16%)         396M (39%)         160M (16%)    
[60.843s][info][gc,heap     ] GC(310)      Live:         -                13M (1%)           13M (1%)           13M (1%)             -                  -          
[60.843s][info][gc,heap     ] GC(310) Allocated:         -                82M (8%)          100M (10%)         107M (11%)            -                  -          
[60.843s][info][gc,heap     ] GC(310)   Garbage:         -               298M (29%)          54M (5%)           38M (4%)             -                  -          
[60.843s][info][gc,heap     ] GC(310) Reclaimed:         -                  -               244M (24%)         259M (25%)            -                  -          
[60.843s][info][gc          ] GC(310) Garbage Collection (Allocation Rate) 312M(30%)->160M(16%)
[60.894s][info][gc,start    ] GC(311) Garbage Collection (Allocation Rate)
[60.894s][info][gc,task     ] GC(311) Using 5 workers
[60.895s][info][gc,phases   ] GC(311) Pause Mark Start 0.015ms
[60.926s][info][gc,phases   ] GC(311) Concurrent Mark 30.894ms
[60.926s][info][gc,phases   ] GC(311) Pause Mark End 0.016ms
[60.926s][info][gc,phases   ] GC(311) Concurrent Mark Free 0.001ms
[60.926s][info][gc,phases   ] GC(311) Concurrent Process Non-Strong References 0.480ms
[60.926s][info][gc,phases   ] GC(311) Concurrent Reset Relocation Set 0.003ms
[60.930s][info][gc,phases   ] GC(311) Concurrent Select Relocation Set 3.566ms
[60.930s][info][gc,phases   ] GC(311) Pause Relocate Start 0.004ms
[60.933s][info][gc,phases   ] GC(311) Concurrent Relocate 2.781ms
[60.933s][info][gc,load     ] GC(311) Load: 0.00/0.00/0.00
[60.933s][info][gc,mmu      ] GC(311) MMU: 2ms/98.9%, 5ms/99.4%, 10ms/99.7%, 20ms/99.7%, 50ms/99.9%, 100ms/99.9%
[60.933s][info][gc,marking  ] GC(311) Mark: 4 stripe(s), 2 proactive flush(es), 1 terminate flush(es), 0 completion(s), 0 continuation(s) 
[60.933s][info][gc,marking  ] GC(311) Mark Stack Usage: 32M
[60.933s][info][gc,nmethod  ] GC(311) NMethods: 334 registered, 1 unregistered
[60.933s][info][gc,metaspace] GC(311) Metaspace: 8M used, 8M committed, 1088M reserved
[60.933s][info][gc,ref      ] GC(311) Soft: 174 encountered, 0 discovered, 0 enqueued
[60.933s][info][gc,ref      ] GC(311) Weak: 570 encountered, 8 discovered, 0 enqueued
[60.933s][info][gc,ref      ] GC(311) Final: 0 encountered, 0 discovered, 0 enqueued
[60.933s][info][gc,ref      ] GC(311) Phantom: 21 encountered, 10 discovered, 0 enqueued
[60.933s][info][gc,reloc    ] GC(311) Small Pages: 103 / 206M, Empty: 178M, Relocated: 3M, In-Place: 0
[60.933s][info][gc,reloc    ] GC(311) Medium Pages: 2 / 64M, Empty: 0M, Relocated: 1M, In-Place: 0
[60.933s][info][gc,reloc    ] GC(311) Large Pages: 0 / 0M, Empty: 0M, Relocated: 0M, In-Place: 0
[60.933s][info][gc,reloc    ] GC(311) Forwarding Usage: 1M
[60.933s][info][gc,heap     ] GC(311) Min Capacity: 8M(1%)
[60.933s][info][gc,heap     ] GC(311) Max Capacity: 1024M(100%)
[60.933s][info][gc,heap     ] GC(311) Soft Max Capacity: 1024M(100%)
[60.933s][info][gc,heap     ] GC(311)                Mark Start          Mark End        Relocate Start      Relocate End           High               Low         
[60.933s][info][gc,heap     ] GC(311)  Capacity:     1024M (100%)       1024M (100%)       1024M (100%)       1024M (100%)       1024M (100%)       1024M (100%)   
[60.933s][info][gc,heap     ] GC(311)      Free:      754M (74%)         694M (68%)         862M (84%)         894M (87%)         894M (87%)         692M (68%)    
[60.933s][info][gc,heap     ] GC(311)      Used:      270M (26%)         330M (32%)         162M (16%)         130M (13%)         332M (32%)         130M (13%)    
[60.933s][info][gc,heap     ] GC(311)      Live:         -                14M (1%)           14M (1%)           14M (1%)             -                  -          
[60.933s][info][gc,heap     ] GC(311) Allocated:         -                60M (6%)           70M (7%)           73M (7%)             -                  -          
[60.933s][info][gc,heap     ] GC(311)   Garbage:         -               255M (25%)          77M (8%)           41M (4%)             -                  -          
[60.933s][info][gc,heap     ] GC(311) Reclaimed:         -                  -               178M (17%)         213M (21%)            -                  -          
[60.933s][info][gc          ] GC(311) Garbage Collection (Allocation Rate) 270M(26%)->130M(13%)
[61.092s][info][gc,start    ] GC(312) Garbage Collection (Allocation Rate)
[61.092s][info][gc,task     ] GC(312) Using 3 workers
[61.092s][info][gc,phases   ] GC(312) Pause Mark Start 0.013ms
[61.123s][info][gc,phases   ] GC(312) Concurrent Mark 30.908ms
[61.123s][info][gc,phases   ] GC(312) Pause Mark End 0.011ms
[61.123s][info][gc,phases   ] GC(312) Concurrent Mark Free 0.001ms
[61.124s][info][gc,phases   ] GC(312) Concurrent Process Non-Strong References 0.542ms
[61.124s][info][gc,phases   ] GC(312) Concurrent Reset Relocation Set 0.002ms
[61.130s][info][gc,phases   ] GC(312) Concurrent Select Relocation Set 6.291ms
[61.130s][info][gc,phases   ] GC(312) Pause Relocate Start 0.004ms
[61.138s][info][gc,phases   ] GC(312) Concurrent Relocate 7.585ms
[61.138s][info][gc,load     ] GC(312) Load: 0.00/0.00/0.00
[61.138s][info][gc,mmu      ] GC(312) MMU: 2ms/98.9%, 5ms/99.4%, 10ms/99.7%, 20ms/99.7%, 50ms/99.9%, 100ms/99.9%
[61.138s][info][gc,marking  ] GC(312) Mark: 2 stripe(s), 2 proactive flush(es), 1 terminate flush(es), 0 completion(s), 0 continuation(s) 
[61.138s][info][gc,marking  ] GC(312) Mark Stack Usage: 32M
[61.138s][info][gc,nmethod  ] GC(312) NMethods: 334 registered, 1 unregistered
[61.138s][info][gc,metaspace] GC(312) Metaspace: 8M used, 8M committed, 1088M reserved
[61.138s][info][gc,ref      ] GC(312) Soft: 174 encountered, 0 discovered, 0 enqueued
[61.138s][info][gc,ref      ] GC(312) Weak: 570 encountered, 3 discovered, 0 enqueued
[61.138s][info][gc,ref      ] GC(312) Final: 0 encountered, 0 discovered, 0 enqueued
[61.138s][info][gc,ref      ] GC(312) Phantom: 21 encountered, 19 discovered, 0 enqueued
[61.138s][info][gc,reloc    ] GC(312) Small Pages: 255 / 510M, Empty: 466M, Relocated: 8M, In-Place: 0
[61.138s][info][gc,reloc    ] GC(312) Medium Pages: 1 / 32M, Empty: 0M, Relocated: 0M, In-Place: 0
[61.138s][info][gc,reloc    ] GC(312) Large Pages: 0 / 0M, Empty: 0M, Relocated: 0M, In-Place: 0
[61.138s][info][gc,reloc    ] GC(312) Forwarding Usage: 3M
[61.138s][info][gc,heap     ] GC(312) Min Capacity: 8M(1%)
[61.138s][info][gc,heap     ] GC(312) Max Capacity: 1024M(100%)
[61.138s][info][gc,heap     ] GC(312) Soft Max Capacity: 1024M(100%)
[61.138s][info][gc,heap     ] GC(312)                Mark Start          Mark End        Relocate Start      Relocate End           High               Low         
[61.138s][info][gc,heap     ] GC(312)  Capacity:     1024M (100%)       1024M (100%)       1024M (100%)       1024M (100%)       1024M (100%)       1024M (100%)   
[61.139s][info][gc,heap     ] GC(312)      Free:      482M (47%)         400M (39%)         848M (83%)         852M (83%)         862M (84%)         398M (39%)    
[61.139s][info][gc,heap     ] GC(312)      Used:      542M (53%)         624M (61%)         176M (17%)         172M (17%)         626M (61%)         162M (16%)    
[61.139s][info][gc,heap     ] GC(312)      Live:         -                15M (2%)           15M (2%)           15M (2%)             -                  -          
[61.139s][info][gc,heap     ] GC(312) Allocated:         -                82M (8%)          100M (10%)         119M (12%)            -                  -          
[61.139s][info][gc,heap     ] GC(312)   Garbage:         -               526M (51%)          60M (6%)           36M (4%)             -                  -          
[61.139s][info][gc,heap     ] GC(312) Reclaimed:         -                  -               466M (46%)         489M (48%)            -                  -          
[61.139s][info][gc          ] GC(312) Garbage Collection (Allocation Rate) 542M(53%)->172M(17%)
[61.291s][info][gc,start    ] GC(313) Garbage Collection (Allocation Rate)
[61.291s][info][gc,task     ] GC(313) Using 2 workers
[61.291s][info][gc,phases   ] GC(313) Pause Mark Start 0.017ms
[61.338s][info][gc,phases   ] GC(313) Concurrent Mark 46.507ms
[61.338s][info][gc,phases   ] GC(313) Pause Mark End 0.014ms
[61.338s][info][gc,phases   ] GC(313) Concurrent Mark Free 0.001ms
[61.339s][info][gc,phases   ] GC(313) Concurrent Process Non-Strong References 0.856ms
[61.339s][info][gc,phases   ] GC(313) Concurrent Reset Relocation Set 0.003ms
[61.343s][info][gc,phases   ] GC(313) Concurrent Select Relocation Set 4.056ms
[61.343s][info][gc,phases   ] GC(313) Pause Relocate Start 0.004ms
[61.347s][info][gc,phases   ] GC(313) Concurrent Relocate 3.974ms
[61.347s][info][gc,load     ] GC(313) Load: 0.00/0.00/0.00
[61.347s][info][gc,mmu      ] GC(313) MMU: 2ms/98.9%, 5ms/99.4%, 10ms/99.7%, 20ms/99.7%, 50ms/99.9%, 100ms/99.9%
[61.347s][info][gc,marking  ] GC(313) Mark: 2 stripe(s), 2 proactive flush(es), 1 terminate flush(es), 0 completion(s), 0 continuation(s) 
[61.347s][info][gc,marking  ] GC(313) Mark Stack Usage: 32M
[61.347s][info][gc,nmethod  ] GC(313) NMethods: 334 registered, 1 unregistered
[61.347s][info][gc,metaspace] GC(313) Metaspace: 8M used, 8M committed, 1088M reserved
[61.347s][info][gc,ref      ] GC(313) Soft: 174 encountered, 0 discovered, 0 enqueued
[61.347s][info][gc,ref      ] GC(313) Weak: 570 encountered, 424 discovered, 0 enqueued
[61.347s][info][gc,ref      ] GC(313) Final: 0 encountered, 0 discovered, 0 enqueued
[61.347s][info][gc,ref      ] GC(313) Phantom: 21 encountered, 17 discovered, 0 enqueued
[61.347s][info][gc,reloc    ] GC(313) Small Pages: 262 / 524M, Empty: 484M, Relocated: 3M, In-Place: 0
[61.347s][info][gc,reloc    ] GC(313) Medium Pages: 2 / 64M, Empty: 0M, Relocated: 1M, In-Place: 0
[61.347s][info][gc,reloc    ] GC(313) Large Pages: 0 / 0M, Empty: 0M, Relocated: 0M, In-Place: 0
[61.348s][info][gc,reloc    ] GC(313) Forwarding Usage: 1M
[61.348s][info][gc,heap     ] GC(313) Min Capacity: 8M(1%)
[61.348s][info][gc,heap     ] GC(313) Max Capacity: 1024M(100%)
[61.348s][info][gc,heap     ] GC(313) Soft Max Capacity: 1024M(100%)
[61.348s][info][gc,heap     ] GC(313)                Mark Start          Mark End        Relocate Start      Relocate End           High               Low         
[61.348s][info][gc,heap     ] GC(313)  Capacity:     1024M (100%)       1024M (100%)       1024M (100%)       1024M (100%)       1024M (100%)       1024M (100%)   
[61.348s][info][gc,heap     ] GC(313)      Free:      436M (43%)         312M (30%)         782M (76%)         822M (80%)         824M (80%)         308M (30%)    
[61.348s][info][gc,heap     ] GC(313)      Used:      588M (57%)         712M (70%)         242M (24%)         202M (20%)         716M (70%)         200M (20%)    
[61.348s][info][gc,heap     ] GC(313)      Live:         -                17M (2%)           17M (2%)           17M (2%)             -                  -          
[61.348s][info][gc,heap     ] GC(313) Allocated:         -               124M (12%)         138M (13%)         147M (14%)            -                  -          
[61.348s][info][gc,heap     ] GC(313)   Garbage:         -               570M (56%)          86M (8%)           36M (4%)             -                  -          
[61.348s][info][gc,heap     ] GC(313) Reclaimed:         -                  -               484M (47%)         533M (52%)            -                  -          
[61.348s][info][gc          ] GC(313) Garbage Collection (Allocation Rate) 588M(57%)->202M(20%)
[61.497s][info][gc,start    ] GC(314) Garbage Collection (Allocation Rate)
[61.497s][info][gc,task     ] GC(314) Using 2 workers
[61.497s][info][gc,phases   ] GC(314) Pause Mark Start 0.015ms
[61.544s][info][gc,phases   ] GC(314) Concurrent Mark 46.527ms
[61.544s][info][gc,phases   ] GC(314) Pause Mark End 0.013ms
[61.544s][info][gc,phases   ] GC(314) Concurrent Mark Free 0.001ms
[61.545s][info][gc,phases   ] GC(314) Concurrent Process Non-Strong References 0.778ms
[61.545s][info][gc,phases   ] GC(314) Concurrent Reset Relocation Set 0.003ms
[61.548s][info][gc,phases   ] GC(314) Concurrent Select Relocation Set 3.766ms
[61.548s][info][gc,phases   ] GC(314) Pause Relocate Start 0.003ms
[61.553s][info][gc,phases   ] GC(314) Concurrent Relocate 4.730ms
[61.553s][info][gc,load     ] GC(314) Load: 0.00/0.00/0.00
[61.553s][info][gc,mmu      ] GC(314) MMU: 2ms/98.9%, 5ms/99.4%, 10ms/99.7%, 20ms/99.7%, 50ms/99.9%, 100ms/99.9%
[61.553s][info][gc,marking  ] GC(314) Mark: 2 stripe(s), 2 proactive flush(es), 1 terminate flush(es), 0 completion(s), 0 continuation(s) 
[61.553s][info][gc,marking  ] GC(314) Mark Stack Usage: 32M
[61.553s][info][gc,nmethod  ] GC(314) NMethods: 334 registered, 1 unregistered
[61.553s][info][gc,metaspace] GC(314) Metaspace: 8M used, 8M committed, 1088M reserved
[61.553s][info][gc,ref      ] GC(314) Soft: 174 encountered, 0 discovered, 0 enqueued
[61.553s][info][gc,ref      ] GC(314) Weak: 570 encountered, 426 discovered, 0 enqueued
[61.553s][info][gc,ref      ] GC(314) Final: 0 encountered, 0 discovered, 0 enqueued
[61.554s][info][gc,ref      ] GC(314) Phantom: 21 encountered, 9 discovered, 0 enqueued
[61.554s][info][gc,reloc    ] GC(314) Small Pages: 253 / 506M, Empty: 464M, Relocated: 3M, In-Place: 0
[61.554s][info][gc,reloc    ] GC(314) Medium Pages: 1 / 32M, Empty: 0M, Relocated: 0M, In-Place: 0
[61.554s][info][gc,reloc    ] GC(314) Large Pages: 0 / 0M, Empty: 0M, Relocated: 0M, In-Place: 0
[61.554s][info][gc,reloc    ] GC(314) Forwarding Usage: 1M
[61.554s][info][gc,heap     ] GC(314) Min Capacity: 8M(1%)
[61.554s][info][gc,heap     ] GC(314) Max Capacity: 1024M(100%)
[61.554s][info][gc,heap     ] GC(314) Soft Max Capacity: 1024M(100%)
[61.554s][info][gc,heap     ] GC(314)                Mark Start          Mark End        Relocate Start      Relocate End           High               Low         
[61.554s][info][gc,heap     ] GC(314)  Capacity:     1024M (100%)       1024M (100%)       1024M (100%)       1024M (100%)       1024M (100%)       1024M (100%)   
[61.554s][info][gc,heap     ] GC(314)      Free:      486M (47%)         404M (39%)         856M (84%)         864M (84%)         868M (85%)         402M (39%)    
[61.554s][info][gc,heap     ] GC(314)      Used:      538M (53%)         620M (61%)         168M (16%)         160M (16%)         622M (61%)         156M (15%)    
[61.554s][info][gc,heap     ] GC(314)      Live:         -                18M (2%)           18M (2%)           18M (2%)             -                  -          
[61.554s][info][gc,heap     ] GC(314) Allocated:         -                82M (8%)           94M (9%)          105M (10%)            -                  -          
[61.554s][info][gc,heap     ] GC(314)   Garbage:         -               519M (51%)          55M (5%)           35M (3%)             -                  -          
[61.554s][info][gc,heap     ] GC(314) Reclaimed:         -                  -               464M (45%)         483M (47%)            -                  -          
[61.554s][info][gc          ] GC(314) Garbage Collection (Allocation Rate) 538M(53%)->160M(16%)
[61.804s][info][gc,start    ] GC(315) Garbage Collection (Allocation Rate)
[61.804s][info][gc,task     ] GC(315) Using 2 workers
[61.804s][info][gc,phases   ] GC(315) Pause Mark Start 0.015ms
[61.842s][info][gc,phases   ] GC(315) Concurrent Mark 37.152ms
[61.842s][info][gc,phases   ] GC(315) Pause Mark End 0.019ms
[61.842s][info][gc,phases   ] GC(315) Concurrent Mark Free 0.001ms
[61.843s][info][gc,phases   ] GC(315) Concurrent Process Non-Strong References 0.897ms
[61.843s][info][gc,phases   ] GC(315) Concurrent Reset Relocation Set 0.003ms
[61.849s][info][gc,phases   ] GC(315) Concurrent Select Relocation Set 6.270ms
[61.849s][info][gc,phases   ] GC(315) Pause Relocate Start 0.009ms
[61.853s][info][gc,phases   ] GC(315) Concurrent Relocate 3.907ms
[61.853s][info][gc,load     ] GC(315) Load: 0.00/0.00/0.00
[61.853s][info][gc,mmu      ] GC(315) MMU: 2ms/98.9%, 5ms/99.4%, 10ms/99.7%, 20ms/99.7%, 50ms/99.9%, 100ms/99.9%
[61.853s][info][gc,marking  ] GC(315) Mark: 2 stripe(s), 2 proactive flush(es), 1 terminate flush(es), 0 completion(s), 0 continuation(s) 
[61.853s][info][gc,marking  ] GC(315) Mark Stack Usage: 32M
[61.853s][info][gc,nmethod  ] GC(315) NMethods: 336 registered, 1 unregistered
[61.854s][info][gc,metaspace] GC(315) Metaspace: 8M used, 8M committed, 1088M reserved
[61.854s][info][gc,ref      ] GC(315) Soft: 174 encountered, 0 discovered, 0 enqueued
[61.854s][info][gc,ref      ] GC(315) Weak: 570 encountered, 426 discovered, 0 enqueued
[61.854s][info][gc,ref      ] GC(315) Final: 0 encountered, 0 discovered, 0 enqueued
[61.854s][info][gc,ref      ] GC(315) Phantom: 21 encountered, 10 discovered, 0 enqueued
[61.854s][info][gc,reloc    ] GC(315) Small Pages: 315 / 630M, Empty: 576M, Relocated: 4M, In-Place: 0
[61.854s][info][gc,reloc    ] GC(315) Medium Pages: 2 / 64M, Empty: 0M, Relocated: 1M, In-Place: 0
[61.854s][info][gc,reloc    ] GC(315) Large Pages: 0 / 0M, Empty: 0M, Relocated: 0M, In-Place: 0
[61.854s][info][gc,reloc    ] GC(315) Forwarding Usage: 2M
[61.854s][info][gc,heap     ] GC(315) Min Capacity: 8M(1%)
[61.854s][info][gc,heap     ] GC(315) Max Capacity: 1024M(100%)
[61.854s][info][gc,heap     ] GC(315) Soft Max Capacity: 1024M(100%)
[61.854s][info][gc,heap     ] GC(315)                Mark Start          Mark End        Relocate Start      Relocate End           High               Low         
[61.854s][info][gc,heap     ] GC(315)  Capacity:     1024M (100%)       1024M (100%)       1024M (100%)       1024M (100%)       1024M (100%)       1024M (100%)   
[61.854s][info][gc,heap     ] GC(315)      Free:      330M (32%)         268M (26%)         824M (80%)         876M (86%)         878M (86%)         266M (26%)    
[61.854s][info][gc,heap     ] GC(315)      Used:      694M (68%)         756M (74%)         200M (20%)         148M (14%)         758M (74%)         146M (14%)    
[61.854s][info][gc,heap     ] GC(315)      Live:         -                20M (2%)           20M (2%)           20M (2%)             -                  -          
[61.854s][info][gc,heap     ] GC(315) Allocated:         -                62M (6%)           82M (8%)           91M (9%)             -                  -          
[61.854s][info][gc,heap     ] GC(315)   Garbage:         -               673M (66%)          97M (10%)          35M (3%)             -                  -          
[61.854s][info][gc,heap     ] GC(315) Reclaimed:         -                  -               576M (56%)         637M (62%)            -                  -          
[61.854s][info][gc          ] GC(315) Garbage Collection (Allocation Rate) 694M(68%)->148M(14%)
[61.990s][info][gc,start    ] GC(316) Garbage Collection (Allocation Rate)
[61.990s][info][gc,task     ] GC(316) Using 2 workers
[61.990s][info][gc,phases   ] GC(316) Pause Mark Start 0.016ms
[62.037s][info][gc,phases   ] GC(316) Concurrent Mark 46.468ms
[62.037s][info][gc,phases   ] GC(316) Pause Mark End 0.013ms
[62.037s][info][gc,phases   ] GC(316) Concurrent Mark Free 0.001ms
[62.038s][info][gc,phases   ] GC(316) Concurrent Process Non-Strong References 0.979ms
[62.038s][info][gc,phases   ] GC(316) Concurrent Reset Relocation Set 0.004ms
[62.042s][info][gc,phases   ] GC(316) Concurrent Select Relocation Set 4.040ms
[62.042s][info][gc,phases   ] GC(316) Pause Relocate Start 0.005ms
[62.043s][info][gc,phases   ] GC(316) Concurrent Relocate 1.357ms
[62.043s][info][gc,load     ] GC(316) Load: 0.00/0.00/0.00
[62.044s][info][gc,mmu      ] GC(316) MMU: 2ms/98.9%, 5ms/99.4%, 10ms/99.7%, 20ms/99.7%, 50ms/99.9%, 100ms/99.9%
[62.044s][info][gc,marking  ] GC(316) Mark: 2 stripe(s), 2 proactive flush(es), 1 terminate flush(es), 0 completion(s), 0 continuation(s) 
[62.044s][info][gc,marking  ] GC(316) Mark Stack Usage: 32M
[62.044s][info][gc,nmethod  ] GC(316) NMethods: 336 registered, 1 unregistered
[62.044s][info][gc,metaspace] GC(316) Metaspace: 8M used, 8M committed, 1088M reserved
[62.044s][info][gc,ref      ] GC(316) Soft: 174 encountered, 0 discovered, 0 enqueued
[62.044s][info][gc,ref      ] GC(316) Weak: 570 encountered, 296 discovered, 0 enqueued
[62.044s][info][gc,ref      ] GC(316) Final: 0 encountered, 0 discovered, 0 enqueued
[62.044s][info][gc,ref      ] GC(316) Phantom: 21 encountered, 19 discovered, 0 enqueued
[62.044s][info][gc,reloc    ] GC(316) Small Pages: 230 / 460M, Empty: 424M, Relocated: 1M, In-Place: 0
[62.044s][info][gc,reloc    ] GC(316) Medium Pages: 2 / 64M, Empty: 0M, Relocated: 1M, In-Place: 0
[62.044s][info][gc,reloc    ] GC(316) Large Pages: 0 / 0M, Empty: 0M, Relocated: 0M, In-Place: 0
[62.044s][info][gc,reloc    ] GC(316) Forwarding Usage: 0M
[62.044s][info][gc,heap     ] GC(316) Min Capacity: 8M(1%)
[62.044s][info][gc,heap     ] GC(316) Max Capacity: 1024M(100%)
[62.044s][info][gc,heap     ] GC(316) Soft Max Capacity: 1024M(100%)
[62.044s][info][gc,heap     ] GC(316)                Mark Start          Mark End        Relocate Start      Relocate End           High               Low         
[62.044s][info][gc,heap     ] GC(316)  Capacity:     1024M (100%)       1024M (100%)       1024M (100%)       1024M (100%)       1024M (100%)       1024M (100%)   
[62.044s][info][gc,heap     ] GC(316)      Free:      500M (49%)         376M (37%)         786M (77%)         824M (80%)         824M (80%)         374M (37%)    
[62.044s][info][gc,heap     ] GC(316)      Used:      524M (51%)         648M (63%)         238M (23%)         200M (20%)         650M (63%)         200M (20%)    
[62.044s][info][gc,heap     ] GC(316)      Live:         -                21M (2%)           21M (2%)           21M (2%)             -                  -          
[62.044s][info][gc,heap     ] GC(316) Allocated:         -               124M (12%)         138M (13%)         139M (14%)            -                  -          
[62.044s][info][gc,heap     ] GC(316)   Garbage:         -               502M (49%)          78M (8%)           38M (4%)             -                  -          
[62.044s][info][gc,heap     ] GC(316) Reclaimed:         -                  -               424M (41%)         463M (45%)            -                  -          
[62.044s][info][gc          ] GC(316) Garbage Collection (Allocation Rate) 524M(51%)->200M(20%)
[62.193s][info][gc,start    ] GC(317) Garbage Collection (Allocation Rate)
[62.193s][info][gc,task     ] GC(317) Using 2 workers
[62.193s][info][gc,phases   ] GC(317) Pause Mark Start 0.016ms
[62.240s][info][gc,phases   ] GC(317) Concurrent Mark 46.559ms
[62.240s][info][gc,phases   ] GC(317) Pause Mark End 0.017ms
[62.240s][info][gc,phases   ] GC(317) Concurrent Mark Free 0.001ms
[62.241s][info][gc,phases   ] GC(317) Concurrent Process Non-Strong References 0.981ms
[62.241s][info][gc,phases   ] GC(317) Concurrent Reset Relocation Set 0.002ms
[62.247s][info][gc,phases   ] GC(317) Concurrent Select Relocation Set 5.996ms
[62.247s][info][gc,phases   ] GC(317) Pause Relocate Start 0.005ms
[62.253s][info][gc,phases   ] GC(317) Concurrent Relocate 5.752ms
[62.253s][info][gc,load     ] GC(317) Load: 0.00/0.00/0.00
[62.253s][info][gc,mmu      ] GC(317) MMU: 2ms/98.9%, 5ms/99.4%, 10ms/99.7%, 20ms/99.7%, 50ms/99.9%, 100ms/99.9%
[62.253s][info][gc,marking  ] GC(317) Mark: 2 stripe(s), 2 proactive flush(es), 1 terminate flush(es), 0 completion(s), 0 continuation(s) 
[62.253s][info][gc,marking  ] GC(317) Mark Stack Usage: 32M
[62.253s][info][gc,nmethod  ] GC(317) NMethods: 336 registered, 1 unregistered
[62.253s][info][gc,metaspace] GC(317) Metaspace: 8M used, 8M committed, 1088M reserved
[62.253s][info][gc,ref      ] GC(317) Soft: 174 encountered, 0 discovered, 0 enqueued
[62.253s][info][gc,ref      ] GC(317) Weak: 570 encountered, 424 discovered, 0 enqueued
[62.253s][info][gc,ref      ] GC(317) Final: 0 encountered, 0 discovered, 0 enqueued
[62.253s][info][gc,ref      ] GC(317) Phantom: 21 encountered, 16 discovered, 0 enqueued
[62.253s][info][gc,reloc    ] GC(317) Small Pages: 275 / 550M, Empty: 506M, Relocated: 6M, In-Place: 0
[62.253s][info][gc,reloc    ] GC(317) Medium Pages: 1 / 32M, Empty: 0M, Relocated: 0M, In-Place: 0
[62.253s][info][gc,reloc    ] GC(317) Large Pages: 0 / 0M, Empty: 0M, Relocated: 0M, In-Place: 0
[62.253s][info][gc,reloc    ] GC(317) Forwarding Usage: 2M
[62.253s][info][gc,heap     ] GC(317) Min Capacity: 8M(1%)
[62.253s][info][gc,heap     ] GC(317) Max Capacity: 1024M(100%)
[62.253s][info][gc,heap     ] GC(317) Soft Max Capacity: 1024M(100%)
[62.253s][info][gc,heap     ] GC(317)                Mark Start          Mark End        Relocate Start      Relocate End           High               Low         
[62.253s][info][gc,heap     ] GC(317)  Capacity:     1024M (100%)       1024M (100%)       1024M (100%)       1024M (100%)       1024M (100%)       1024M (100%)   
[62.254s][info][gc,heap     ] GC(317)      Free:      442M (43%)         318M (31%)         806M (79%)         808M (79%)         816M (80%)         316M (31%)    
[62.254s][info][gc,heap     ] GC(317)      Used:      582M (57%)         706M (69%)         218M (21%)         216M (21%)         708M (69%)         208M (20%)    
[62.254s][info][gc,heap     ] GC(317)      Live:         -                22M (2%)           22M (2%)           22M (2%)             -                  -          
[62.254s][info][gc,heap     ] GC(317) Allocated:         -               124M (12%)         142M (14%)         157M (15%)            -                  -          
[62.254s][info][gc,heap     ] GC(317)   Garbage:         -               559M (55%)          53M (5%)           35M (3%)             -                  -          
[62.254s][info][gc,heap     ] GC(317) Reclaimed:         -                  -               506M (49%)         523M (51%)            -                  -          
[62.254s][info][gc          ] GC(317) Garbage Collection (Allocation Rate) 582M(57%)->216M(21%)
[62.388s][info][gc,start    ] GC(318) Garbage Collection (Allocation Rate)
[62.388s][info][gc,task     ] GC(318) Using 2 workers
[62.389s][info][gc,phases   ] GC(318) Pause Mark Start 0.014ms
[62.437s][info][gc,phases   ] GC(318) Concurrent Mark 48.447ms
[62.437s][info][gc,phases   ] GC(318) Pause Mark End 0.014ms
[62.437s][info][gc,phases   ] GC(318) Concurrent Mark Free 0.001ms
[62.438s][info][gc,phases   ] GC(318) Concurrent Process Non-Strong References 0.822ms
[62.438s][info][gc,phases   ] GC(318) Concurrent Reset Relocation Set 0.003ms
[62.442s][info][gc,phases   ] GC(318) Concurrent Select Relocation Set 4.075ms
[62.442s][info][gc,phases   ] GC(318) Pause Relocate Start 0.004ms
[62.446s][info][gc,phases   ] GC(318) Concurrent Relocate 4.002ms
[62.447s][info][gc,load     ] GC(318) Load: 0.00/0.00/0.00
[62.447s][info][gc,mmu      ] GC(318) MMU: 2ms/98.9%, 5ms/99.4%, 10ms/99.7%, 20ms/99.7%, 50ms/99.9%, 100ms/99.9%
[62.447s][info][gc,marking  ] GC(318) Mark: 2 stripe(s), 2 proactive flush(es), 1 terminate flush(es), 0 completion(s), 0 continuation(s) 
[62.447s][info][gc,marking  ] GC(318) Mark Stack Usage: 32M
[62.447s][info][gc,nmethod  ] GC(318) NMethods: 336 registered, 1 unregistered
[62.447s][info][gc,metaspace] GC(318) Metaspace: 8M used, 8M committed, 1088M reserved
[62.447s][info][gc,ref      ] GC(318) Soft: 174 encountered, 0 discovered, 0 enqueued
[62.447s][info][gc,ref      ] GC(318) Weak: 570 encountered, 419 discovered, 0 enqueued
[62.447s][info][gc,ref      ] GC(318) Final: 0 encountered, 0 discovered, 0 enqueued
[62.447s][info][gc,ref      ] GC(318) Phantom: 21 encountered, 10 discovered, 0 enqueued
[62.447s][info][gc,reloc    ] GC(318) Small Pages: 241 / 482M, Empty: 432M, Relocated: 4M, In-Place: 0
[62.447s][info][gc,reloc    ] GC(318) Medium Pages: 2 / 64M, Empty: 0M, Relocated: 2M, In-Place: 0
[62.447s][info][gc,reloc    ] GC(318) Large Pages: 0 / 0M, Empty: 0M, Relocated: 0M, In-Place: 0
[62.447s][info][gc,reloc    ] GC(318) Forwarding Usage: 1M
[62.447s][info][gc,heap     ] GC(318) Min Capacity: 8M(1%)
[62.447s][info][gc,heap     ] GC(318) Max Capacity: 1024M(100%)
[62.447s][info][gc,heap     ] GC(318) Soft Max Capacity: 1024M(100%)
[62.447s][info][gc,heap     ] GC(318)                Mark Start          Mark End        Relocate Start      Relocate End           High               Low         
[62.447s][info][gc,heap     ] GC(318)  Capacity:     1024M (100%)       1024M (100%)       1024M (100%)       1024M (100%)       1024M (100%)       1024M (100%)   
[62.447s][info][gc,heap     ] GC(318)      Free:      478M (47%)         348M (34%)         766M (75%)         810M (79%)         816M (80%)         346M (34%)    
[62.447s][info][gc,heap     ] GC(318)      Used:      546M (53%)         676M (66%)         258M (25%)         214M (21%)         678M (66%)         208M (20%)    
[62.447s][info][gc,heap     ] GC(318)      Live:         -                24M (2%)           24M (2%)           24M (2%)             -                  -          
[62.447s][info][gc,heap     ] GC(318) Allocated:         -               130M (13%)         144M (14%)         153M (15%)            -                  -          
[62.447s][info][gc,heap     ] GC(318)   Garbage:         -               521M (51%)          89M (9%)           35M (3%)             -                  -          
[62.447s][info][gc,heap     ] GC(318) Reclaimed:         -                  -               432M (42%)         485M (47%)            -                  -          
[62.447s][info][gc          ] GC(318) Garbage Collection (Allocation Rate) 546M(53%)->214M(21%)
[62.600s][info][gc,start    ] GC(319) Garbage Collection (Allocation Rate)
[62.601s][info][gc,task     ] GC(319) Using 2 workers
[62.601s][info][gc,phases   ] GC(319) Pause Mark Start 0.011ms
[62.663s][info][gc,phases   ] GC(319) Concurrent Mark 62.129ms
[62.663s][info][gc,phases   ] GC(319) Pause Mark End 0.011ms
[62.663s][info][gc,phases   ] GC(319) Concurrent Mark Free 0.001ms
[62.664s][info][gc,phases   ] GC(319) Concurrent Process Non-Strong References 0.823ms
[62.664s][info][gc,phases   ] GC(319) Concurrent Reset Relocation Set 0.003ms
[62.671s][info][gc,phases   ] GC(319) Concurrent Select Relocation Set 6.953ms
[62.671s][info][gc,phases   ] GC(319) Pause Relocate Start 0.005ms
[62.680s][info][gc,phases   ] GC(319) Concurrent Relocate 8.776ms
[62.680s][info][gc,load     ] GC(319) Load: 0.00/0.00/0.00
[62.680s][info][gc,mmu      ] GC(319) MMU: 2ms/98.9%, 5ms/99.4%, 10ms/99.7%, 20ms/99.7%, 50ms/99.9%, 100ms/99.9%
[62.680s][info][gc,marking  ] GC(319) Mark: 2 stripe(s), 2 proactive flush(es), 1 terminate flush(es), 0 completion(s), 0 continuation(s) 
[62.680s][info][gc,marking  ] GC(319) Mark Stack Usage: 32M
[62.680s][info][gc,nmethod  ] GC(319) NMethods: 336 registered, 1 unregistered
[62.680s][info][gc,metaspace] GC(319) Metaspace: 8M used, 8M committed, 1088M reserved
[62.680s][info][gc,ref      ] GC(319) Soft: 174 encountered, 0 discovered, 0 enqueued
[62.680s][info][gc,ref      ] GC(319) Weak: 570 encountered, 384 discovered, 0 enqueued
[62.680s][info][gc,ref      ] GC(319) Final: 0 encountered, 0 discovered, 0 enqueued
[62.680s][info][gc,ref      ] GC(319) Phantom: 21 encountered, 10 discovered, 0 enqueued
[62.680s][info][gc,reloc    ] GC(319) Small Pages: 297 / 594M, Empty: 542M, Relocated: 6M, In-Place: 0
[62.680s][info][gc,reloc    ] GC(319) Medium Pages: 1 / 32M, Empty: 0M, Relocated: 0M, In-Place: 0
[62.680s][info][gc,reloc    ] GC(319) Large Pages: 0 / 0M, Empty: 0M, Relocated: 0M, In-Place: 0
[62.680s][info][gc,reloc    ] GC(319) Forwarding Usage: 2M
[62.680s][info][gc,heap     ] GC(319) Min Capacity: 8M(1%)
[62.680s][info][gc,heap     ] GC(319) Max Capacity: 1024M(100%)
[62.680s][info][gc,heap     ] GC(319) Soft Max Capacity: 1024M(100%)
[62.680s][info][gc,heap     ] GC(319)                Mark Start          Mark End        Relocate Start      Relocate End           High               Low         
[62.680s][info][gc,heap     ] GC(319)  Capacity:     1024M (100%)       1024M (100%)       1024M (100%)       1024M (100%)       1024M (100%)       1024M (100%)   
[62.681s][info][gc,heap     ] GC(319)      Free:      398M (39%)         246M (24%)         770M (75%)         780M (76%)         788M (77%)         244M (24%)    
[62.681s][info][gc,heap     ] GC(319)      Used:      626M (61%)         778M (76%)         254M (25%)         244M (24%)         780M (76%)         236M (23%)    
[62.681s][info][gc,heap     ] GC(319)      Live:         -                26M (3%)           26M (3%)           26M (3%)             -                  -          
[62.681s][info][gc,heap     ] GC(319) Allocated:         -               152M (15%)         170M (17%)         183M (18%)            -                  -          
[62.681s][info][gc,heap     ] GC(319)   Garbage:         -               599M (59%)          57M (6%)           33M (3%)             -                  -          
[62.681s][info][gc,heap     ] GC(319) Reclaimed:         -                  -               542M (53%)         565M (55%)            -                  -          
[62.681s][info][gc          ] GC(319) Garbage Collection (Allocation Rate) 626M(61%)->244M(24%)
[62.790s][info][gc,start    ] GC(320) Garbage Collection (Allocation Rate)
[62.790s][info][gc,task     ] GC(320) Using 2 workers
[62.790s][info][gc,phases   ] GC(320) Pause Mark Start 0.012ms
[62.843s][info][gc,phases   ] GC(320) Concurrent Mark 52.614ms
[62.843s][info][gc,phases   ] GC(320) Pause Mark End 0.015ms
[62.843s][info][gc,phases   ] GC(320) Concurrent Mark Free 0.001ms
[62.844s][info][gc,phases   ] GC(320) Concurrent Process Non-Strong References 0.919ms
[62.844s][info][gc,phases   ] GC(320) Concurrent Reset Relocation Set 0.003ms
[62.848s][info][gc,phases   ] GC(320) Concurrent Select Relocation Set 3.940ms
[62.848s][info][gc,phases   ] GC(320) Pause Relocate Start 0.011ms
[62.853s][info][gc,phases   ] GC(320) Concurrent Relocate 4.250ms
[62.853s][info][gc,load     ] GC(320) Load: 0.00/0.00/0.00
[62.853s][info][gc,mmu      ] GC(320) MMU: 2ms/98.9%, 5ms/99.4%, 10ms/99.7%, 20ms/99.7%, 50ms/99.9%, 100ms/99.9%
[62.853s][info][gc,marking  ] GC(320) Mark: 2 stripe(s), 2 proactive flush(es), 1 terminate flush(es), 0 completion(s), 0 continuation(s) 
[62.853s][info][gc,marking  ] GC(320) Mark Stack Usage: 32M
[62.853s][info][gc,nmethod  ] GC(320) NMethods: 336 registered, 1 unregistered
[62.853s][info][gc,metaspace] GC(320) Metaspace: 8M used, 8M committed, 1088M reserved
[62.853s][info][gc,ref      ] GC(320) Soft: 174 encountered, 0 discovered, 0 enqueued
[62.853s][info][gc,ref      ] GC(320) Weak: 570 encountered, 421 discovered, 0 enqueued
[62.853s][info][gc,ref      ] GC(320) Final: 0 encountered, 0 discovered, 0 enqueued
[62.853s][info][gc,ref      ] GC(320) Phantom: 21 encountered, 10 discovered, 0 enqueued
[62.853s][info][gc,reloc    ] GC(320) Small Pages: 238 / 476M, Empty: 424M, Relocated: 4M, In-Place: 0
[62.853s][info][gc,reloc    ] GC(320) Medium Pages: 2 / 64M, Empty: 0M, Relocated: 2M, In-Place: 0
[62.853s][info][gc,reloc    ] GC(320) Large Pages: 0 / 0M, Empty: 0M, Relocated: 0M, In-Place: 0
[62.853s][info][gc,reloc    ] GC(320) Forwarding Usage: 2M
[62.853s][info][gc,heap     ] GC(320) Min Capacity: 8M(1%)
[62.853s][info][gc,heap     ] GC(320) Max Capacity: 1024M(100%)
[62.853s][info][gc,heap     ] GC(320) Soft Max Capacity: 1024M(100%)
[62.853s][info][gc,heap     ] GC(320)                Mark Start          Mark End        Relocate Start      Relocate End           High               Low         
[62.853s][info][gc,heap     ] GC(320)  Capacity:     1024M (100%)       1024M (100%)       1024M (100%)       1024M (100%)       1024M (100%)       1024M (100%)   
[62.853s][info][gc,heap     ] GC(320)      Free:      484M (47%)         364M (36%)         776M (76%)         818M (80%)         822M (80%)         362M (35%)    
[62.853s][info][gc,heap     ] GC(320)      Used:      540M (53%)         660M (64%)         248M (24%)         206M (20%)         662M (65%)         202M (20%)    
[62.853s][info][gc,heap     ] GC(320)      Live:         -                27M (3%)           27M (3%)           27M (3%)             -                  -          
[62.853s][info][gc,heap     ] GC(320) Allocated:         -               120M (12%)         132M (13%)         143M (14%)            -                  -          
[62.853s][info][gc,heap     ] GC(320)   Garbage:         -               512M (50%)          88M (9%)           34M (3%)             -                  -          
[62.853s][info][gc,heap     ] GC(320) Reclaimed:         -                  -               424M (41%)         477M (47%)            -                  -          
[62.853s][info][gc          ] GC(320) Garbage Collection (Allocation Rate) 540M(53%)->206M(20%)
[63.001s][info][gc,start    ] GC(321) Garbage Collection (Allocation Rate)
[63.001s][info][gc,task     ] GC(321) Using 2 workers
[63.001s][info][gc,phases   ] GC(321) Pause Mark Start 0.014ms
[63.053s][info][gc,phases   ] GC(321) Concurrent Mark 51.270ms
[63.053s][info][gc,phases   ] GC(321) Pause Mark End 0.016ms
[63.053s][info][gc,phases   ] GC(321) Concurrent Mark Free 0.001ms
[63.054s][info][gc,phases   ] GC(321) Concurrent Process Non-Strong References 0.910ms
[63.054s][info][gc,phases   ] GC(321) Concurrent Reset Relocation Set 0.005ms
[63.058s][info][gc,phases   ] GC(321) Concurrent Select Relocation Set 3.846ms
[63.058s][info][gc,phases   ] GC(321) Pause Relocate Start 0.005ms
[63.060s][info][gc,phases   ] GC(321) Concurrent Relocate 2.366ms
[63.061s][info][gc,load     ] GC(321) Load: 0.00/0.00/0.00
[63.061s][info][gc,mmu      ] GC(321) MMU: 2ms/98.9%, 5ms/99.4%, 10ms/99.7%, 20ms/99.7%, 50ms/99.9%, 100ms/99.9%
[63.061s][info][gc,marking  ] GC(321) Mark: 2 stripe(s), 2 proactive flush(es), 2 terminate flush(es), 0 completion(s), 0 continuation(s) 
[63.061s][info][gc,marking  ] GC(321) Mark Stack Usage: 32M
[63.061s][info][gc,nmethod  ] GC(321) NMethods: 336 registered, 1 unregistered
[63.061s][info][gc,metaspace] GC(321) Metaspace: 8M used, 8M committed, 1088M reserved
[63.061s][info][gc,ref      ] GC(321) Soft: 174 encountered, 0 discovered, 0 enqueued
[63.061s][info][gc,ref      ] GC(321) Weak: 570 encountered, 421 discovered, 0 enqueued
[63.061s][info][gc,ref      ] GC(321) Final: 0 encountered, 0 discovered, 0 enqueued
[63.061s][info][gc,ref      ] GC(321) Phantom: 21 encountered, 10 discovered, 0 enqueued
[63.061s][info][gc,reloc    ] GC(321) Small Pages: 286 / 572M, Empty: 522M, Relocated: 3M, In-Place: 0
[63.061s][info][gc,reloc    ] GC(321) Medium Pages: 1 / 32M, Empty: 0M, Relocated: 0M, In-Place: 0
[63.061s][info][gc,reloc    ] GC(321) Large Pages: 0 / 0M, Empty: 0M, Relocated: 0M, In-Place: 0
[63.061s][info][gc,reloc    ] GC(321) Forwarding Usage: 1M
[63.061s][info][gc,heap     ] GC(321) Min Capacity: 8M(1%)
[63.061s][info][gc,heap     ] GC(321) Max Capacity: 1024M(100%)
[63.061s][info][gc,heap     ] GC(321) Soft Max Capacity: 1024M(100%)
[63.061s][info][gc,heap     ] GC(321)                Mark Start          Mark End        Relocate Start      Relocate End           High               Low         
[63.061s][info][gc,heap     ] GC(321)  Capacity:     1024M (100%)       1024M (100%)       1024M (100%)       1024M (100%)       1024M (100%)       1024M (100%)   
[63.061s][info][gc,heap     ] GC(321)      Free:      420M (41%)         302M (29%)         822M (80%)         840M (82%)         840M (82%)         302M (29%)    
[63.061s][info][gc,heap     ] GC(321)      Used:      604M (59%)         722M (71%)         202M (20%)         184M (18%)         722M (71%)         184M (18%)    
[63.061s][info][gc,heap     ] GC(321)      Live:         -                28M (3%)           28M (3%)           28M (3%)             -                  -          
[63.061s][info][gc,heap     ] GC(321) Allocated:         -               118M (12%)         120M (12%)         119M (12%)            -                  -          
[63.061s][info][gc,heap     ] GC(321)   Garbage:         -               575M (56%)          53M (5%)           35M (3%)             -                  -          
[63.061s][info][gc,heap     ] GC(321) Reclaimed:         -                  -               522M (51%)         539M (53%)            -                  -          
[63.061s][info][gc          ] GC(321) Garbage Collection (Allocation Rate) 604M(59%)->184M(18%)
[63.304s][info][gc,start    ] GC(322) Garbage Collection (Allocation Rate)
[63.304s][info][gc,task     ] GC(322) Using 1 workers
[63.304s][info][gc,phases   ] GC(322) Pause Mark Start 0.017ms
[63.385s][info][gc,phases   ] GC(322) Concurrent Mark 80.860ms
[63.386s][info][gc,phases   ] GC(322) Pause Mark End 0.017ms
[63.386s][info][gc,phases   ] GC(322) Concurrent Mark Free 0.001ms
[63.387s][info][gc,phases   ] GC(322) Concurrent Process Non-Strong References 1.569ms
[63.387s][info][gc,phases   ] GC(322) Concurrent Reset Relocation Set 0.004ms
[63.393s][info][gc,phases   ] GC(322) Concurrent Select Relocation Set 6.140ms
[63.394s][info][gc,phases   ] GC(322) Pause Relocate Start 0.005ms
[63.405s][info][gc,phases   ] GC(322) Concurrent Relocate 11.513ms
[63.405s][info][gc,load     ] GC(322) Load: 0.00/0.00/0.00
[63.405s][info][gc,mmu      ] GC(322) MMU: 2ms/98.9%, 5ms/99.4%, 10ms/99.7%, 20ms/99.7%, 50ms/99.9%, 100ms/99.9%
[63.405s][info][gc,marking  ] GC(322) Mark: 1 stripe(s), 2 proactive flush(es), 1 terminate flush(es), 0 completion(s), 0 continuation(s) 
[63.405s][info][gc,marking  ] GC(322) Mark Stack Usage: 32M
[63.405s][info][gc,nmethod  ] GC(322) NMethods: 336 registered, 1 unregistered
[63.405s][info][gc,metaspace] GC(322) Metaspace: 8M used, 8M committed, 1088M reserved
[63.405s][info][gc,ref      ] GC(322) Soft: 174 encountered, 0 discovered, 0 enqueued
[63.405s][info][gc,ref      ] GC(322) Weak: 570 encountered, 424 discovered, 0 enqueued
[63.405s][info][gc,ref      ] GC(322) Final: 0 encountered, 0 discovered, 0 enqueued
[63.405s][info][gc,ref      ] GC(322) Phantom: 21 encountered, 17 discovered, 0 enqueued
[63.405s][info][gc,reloc    ] GC(322) Small Pages: 89 / 178M, Empty: 134M, Relocated: 4M, In-Place: 0
[63.406s][info][gc,reloc    ] GC(322) Medium Pages: 2 / 64M, Empty: 32M, Relocated: 0M, In-Place: 0
[63.406s][info][gc,reloc    ] GC(322) Large Pages: 0 / 0M, Empty: 0M, Relocated: 0M, In-Place: 0
[63.406s][info][gc,reloc    ] GC(322) Forwarding Usage: 1M
[63.406s][info][gc,heap     ] GC(322) Min Capacity: 8M(1%)
[63.406s][info][gc,heap     ] GC(322) Max Capacity: 1024M(100%)
[63.406s][info][gc,heap     ] GC(322) Soft Max Capacity: 1024M(100%)
[63.406s][info][gc,heap     ] GC(322)                Mark Start          Mark End        Relocate Start      Relocate End           High               Low         
[63.406s][info][gc,heap     ] GC(322)  Capacity:     1024M (100%)       1024M (100%)       1024M (100%)       1024M (100%)       1024M (100%)       1024M (100%)   
[63.406s][info][gc,heap     ] GC(322)      Free:      782M (76%)         750M (73%)         916M (89%)         924M (90%)         924M (90%)         750M (73%)    
[63.406s][info][gc,heap     ] GC(322)      Used:      242M (24%)         274M (27%)         108M (11%)         100M (10%)         274M (27%)         100M (10%)    
[63.406s][info][gc,heap     ] GC(322)      Live:         -                30M (3%)           30M (3%)           30M (3%)             -                  -          
[63.406s][info][gc,heap     ] GC(322) Allocated:         -                32M (3%)           32M (3%)           33M (3%)             -                  -          
[63.406s][info][gc,heap     ] GC(322)   Garbage:         -               211M (21%)          45M (4%)           35M (4%)             -                  -          
[63.406s][info][gc,heap     ] GC(322) Reclaimed:         -                  -               166M (16%)         175M (17%)            -                  -          
[63.406s][info][gc          ] GC(322) Garbage Collection (Allocation Rate) 242M(24%)->100M(10%)
[63.489s][info][gc,start    ] GC(323) Garbage Collection (Allocation Rate)
[63.490s][info][gc,task     ] GC(323) Using 5 workers
[63.490s][info][gc,phases   ] GC(323) Pause Mark Start 0.014ms
[63.524s][info][gc,phases   ] GC(323) Concurrent Mark 34.337ms
[63.524s][info][gc,phases   ] GC(323) Pause Mark End 0.013ms
[63.524s][info][gc,phases   ] GC(323) Concurrent Mark Free 0.001ms
[63.525s][info][gc,phases   ] GC(323) Concurrent Process Non-Strong References 0.405ms
[63.525s][info][gc,phases   ] GC(323) Concurrent Reset Relocation Set 0.001ms
[63.528s][info][gc,phases   ] GC(323) Concurrent Select Relocation Set 3.423ms
[63.528s][info][gc,phases   ] GC(323) Pause Relocate Start 0.008ms
[63.533s][info][gc,phases   ] GC(323) Concurrent Relocate 4.322ms
[63.533s][info][gc,load     ] GC(323) Load: 0.00/0.00/0.00
[63.533s][info][gc,mmu      ] GC(323) MMU: 2ms/98.9%, 5ms/99.4%, 10ms/99.7%, 20ms/99.7%, 50ms/99.9%, 100ms/99.9%
[63.533s][info][gc,marking  ] GC(323) Mark: 4 stripe(s), 4 proactive flush(es), 1 terminate flush(es), 0 completion(s), 0 continuation(s) 
[63.533s][info][gc,marking  ] GC(323) Mark Stack Usage: 32M
[63.533s][info][gc,nmethod  ] GC(323) NMethods: 344 registered, 3 unregistered
[63.533s][info][gc,metaspace] GC(323) Metaspace: 8M used, 8M committed, 1088M reserved
[63.533s][info][gc,ref      ] GC(323) Soft: 174 encountered, 0 discovered, 0 enqueued
[63.533s][info][gc,ref      ] GC(323) Weak: 570 encountered, 3 discovered, 0 enqueued
[63.533s][info][gc,ref      ] GC(323) Final: 0 encountered, 0 discovered, 0 enqueued
[63.533s][info][gc,ref      ] GC(323) Phantom: 21 encountered, 20 discovered, 0 enqueued
[63.533s][info][gc,reloc    ] GC(323) Small Pages: 34 / 68M, Empty: 32M, Relocated: 5M, In-Place: 0
[63.533s][info][gc,reloc    ] GC(323) Medium Pages: 2 / 64M, Empty: 0M, Relocated: 3M, In-Place: 0
[63.533s][info][gc,reloc    ] GC(323) Large Pages: 0 / 0M, Empty: 0M, Relocated: 0M, In-Place: 0
[63.533s][info][gc,reloc    ] GC(323) Forwarding Usage: 1M
[63.533s][info][gc,heap     ] GC(323) Min Capacity: 8M(1%)
[63.533s][info][gc,heap     ] GC(323) Max Capacity: 1024M(100%)
[63.533s][info][gc,heap     ] GC(323) Soft Max Capacity: 1024M(100%)
[63.533s][info][gc,heap     ] GC(323)                Mark Start          Mark End        Relocate Start      Relocate End           High               Low         
[63.533s][info][gc,heap     ] GC(323)  Capacity:     1024M (100%)       1024M (100%)       1024M (100%)       1024M (100%)       1024M (100%)       1024M (100%)   
[63.533s][info][gc,heap     ] GC(323)      Free:      892M (87%)         874M (85%)         906M (88%)         938M (92%)         938M (92%)         868M (85%)    
[63.533s][info][gc,heap     ] GC(323)      Used:      132M (13%)         150M (15%)         118M (12%)          86M (8%)          156M (15%)          86M (8%)     
[63.533s][info][gc,heap     ] GC(323)      Live:         -                30M (3%)           30M (3%)           30M (3%)             -                  -          
[63.533s][info][gc,heap     ] GC(323) Allocated:         -                18M (2%)           18M (2%)           18M (2%)             -                  -          
[63.533s][info][gc,heap     ] GC(323)   Garbage:         -               101M (10%)          69M (7%)           37M (4%)             -                  -          
[63.533s][info][gc,heap     ] GC(323) Reclaimed:         -                  -                32M (3%)           64M (6%)             -                  -          
[63.534s][info][gc          ] GC(323) Garbage Collection (Allocation Rate) 132M(13%)->86M(8%)
[63.534s][info][gc,start    ] GC(324) Garbage Collection (System.gc())
[63.534s][info][gc,task     ] GC(324) Using 10 workers
[63.534s][info][gc,phases   ] GC(324) Pause Mark Start 0.009ms
[63.540s][info][gc,phases   ] GC(324) Concurrent Mark 6.000ms
[63.540s][info][gc,phases   ] GC(324) Pause Mark End 0.011ms
[63.540s][info][gc,phases   ] GC(324) Concurrent Mark Free 0.001ms
[63.540s][info][gc,phases   ] GC(324) Concurrent Process Non-Strong References 0.286ms
[63.540s][info][gc,phases   ] GC(324) Concurrent Reset Relocation Set 0.001ms
[63.544s][info][gc,phases   ] GC(324) Concurrent Select Relocation Set 3.724ms
[63.544s][info][gc,phases   ] GC(324) Pause Relocate Start 0.006ms
[63.545s][info][gc,phases   ] GC(324) Concurrent Relocate 1.347ms
[63.546s][info][gc,load     ] GC(324) Load: 0.00/0.00/0.00
[63.546s][info][gc,mmu      ] GC(324) MMU: 2ms/98.9%, 5ms/99.4%, 10ms/99.7%, 20ms/99.7%, 50ms/99.9%, 100ms/99.9%
[63.546s][info][gc,marking  ] GC(324) Mark: 8 stripe(s), 2 proactive flush(es), 1 terminate flush(es), 0 completion(s), 0 continuation(s) 
[63.546s][info][gc,marking  ] GC(324) Mark Stack Usage: 32M
[63.546s][info][gc,nmethod  ] GC(324) NMethods: 344 registered, 3 unregistered
[63.546s][info][gc,metaspace] GC(324) Metaspace: 8M used, 8M committed, 1088M reserved
[63.546s][info][gc,ref      ] GC(324) Soft: 174 encountered, 0 discovered, 0 enqueued
[63.546s][info][gc,ref      ] GC(324) Weak: 570 encountered, 21 discovered, 0 enqueued
[63.546s][info][gc,ref      ] GC(324) Final: 0 encountered, 0 discovered, 0 enqueued
[63.546s][info][gc,ref      ] GC(324) Phantom: 21 encountered, 16 discovered, 0 enqueued
[63.546s][info][gc,reloc    ] GC(324) Small Pages: 27 / 54M, Empty: 40M, Relocated: 1M, In-Place: 0
[63.546s][info][gc,reloc    ] GC(324) Medium Pages: 1 / 32M, Empty: 32M, Relocated: 0M, In-Place: 0
[63.546s][info][gc,reloc    ] GC(324) Large Pages: 0 / 0M, Empty: 0M, Relocated: 0M, In-Place: 0
[63.546s][info][gc,reloc    ] GC(324) Forwarding Usage: 0M
[63.546s][info][gc,heap     ] GC(324) Min Capacity: 8M(1%)
[63.546s][info][gc,heap     ] GC(324) Max Capacity: 1024M(100%)
[63.546s][info][gc,heap     ] GC(324) Soft Max Capacity: 1024M(100%)
[63.546s][info][gc,heap     ] GC(324)                Mark Start          Mark End        Relocate Start      Relocate End           High               Low         
[63.546s][info][gc,heap     ] GC(324)  Capacity:     1024M (100%)       1024M (100%)       1024M (100%)       1024M (100%)       1024M (100%)       1024M (100%)   
[63.546s][info][gc,heap     ] GC(324)      Free:      938M (92%)         938M (92%)        1010M (99%)        1010M (99%)        1010M (99%)         938M (92%)    
[63.546s][info][gc,heap     ] GC(324)      Used:       86M (8%)           86M (8%)           14M (1%)           14M (1%)           86M (8%)           14M (1%)     
[63.546s][info][gc,heap     ] GC(324)      Live:         -                 4M (0%)            4M (0%)            4M (0%)             -                  -          
[63.546s][info][gc,heap     ] GC(324) Allocated:         -                 0M (0%)            0M (0%)            0M (0%)             -                  -          
[63.546s][info][gc,heap     ] GC(324)   Garbage:         -                81M (8%)            9M (1%)            9M (1%)             -                  -          
[63.546s][info][gc,heap     ] GC(324) Reclaimed:         -                  -                72M (7%)           72M (7%)             -                  -          
[63.546s][info][gc          ] GC(324) Garbage Collection (System.gc()) 86M(8%)->14M(1%)
[63.801s][info][gc,start    ] GC(325) Garbage Collection (Allocation Rate)
[63.801s][info][gc,task     ] GC(325) Using 10 workers
[63.801s][info][gc,phases   ] GC(325) Pause Mark Start 0.016ms
[63.807s][info][gc,phases   ] GC(325) Concurrent Mark 6.475ms
[63.807s][info][gc,phases   ] GC(325) Pause Mark End 0.018ms
[63.808s][info][gc,phases   ] GC(325) Concurrent Mark Free 0.001ms
[63.808s][info][gc,phases   ] GC(325) Concurrent Process Non-Strong References 0.377ms
[63.808s][info][gc,phases   ] GC(325) Concurrent Reset Relocation Set 0.002ms
[63.813s][info][gc,phases   ] GC(325) Concurrent Select Relocation Set 4.569ms
[63.813s][info][gc,phases   ] GC(325) Pause Relocate Start 0.008ms
[63.814s][info][gc,phases   ] GC(325) Concurrent Relocate 1.444ms
[63.814s][info][gc,load     ] GC(325) Load: 0.00/0.00/0.00
[63.814s][info][gc,mmu      ] GC(325) MMU: 2ms/98.9%, 5ms/99.4%, 10ms/99.7%, 20ms/99.7%, 50ms/99.9%, 100ms/99.9%
[63.814s][info][gc,marking  ] GC(325) Mark: 8 stripe(s), 3 proactive flush(es), 1 terminate flush(es), 0 completion(s), 0 continuation(s) 
[63.814s][info][gc,marking  ] GC(325) Mark Stack Usage: 32M
[63.814s][info][gc,nmethod  ] GC(325) NMethods: 345 registered, 3 unregistered
[63.814s][info][gc,metaspace] GC(325) Metaspace: 8M used, 8M committed, 1088M reserved
[63.814s][info][gc,ref      ] GC(325) Soft: 174 encountered, 0 discovered, 0 enqueued
[63.814s][info][gc,ref      ] GC(325) Weak: 570 encountered, 43 discovered, 0 enqueued
[63.815s][info][gc,ref      ] GC(325) Final: 0 encountered, 0 discovered, 0 enqueued
[63.815s][info][gc,ref      ] GC(325) Phantom: 21 encountered, 21 discovered, 0 enqueued
[63.815s][info][gc,reloc    ] GC(325) Small Pages: 329 / 658M, Empty: 620M, Relocated: 2M, In-Place: 0
[63.815s][info][gc,reloc    ] GC(325) Medium Pages: 0 / 0M, Empty: 0M, Relocated: 0M, In-Place: 0
[63.815s][info][gc,reloc    ] GC(325) Large Pages: 0 / 0M, Empty: 0M, Relocated: 0M, In-Place: 0
[63.815s][info][gc,reloc    ] GC(325) Forwarding Usage: 1M
[63.815s][info][gc,heap     ] GC(325) Min Capacity: 8M(1%)
[63.815s][info][gc,heap     ] GC(325) Max Capacity: 1024M(100%)
[63.815s][info][gc,heap     ] GC(325) Soft Max Capacity: 1024M(100%)
[63.815s][info][gc,heap     ] GC(325)                Mark Start          Mark End        Relocate Start      Relocate End           High               Low         
[63.815s][info][gc,heap     ] GC(325)  Capacity:     1024M (100%)       1024M (100%)       1024M (100%)       1024M (100%)       1024M (100%)       1024M (100%)   
[63.815s][info][gc,heap     ] GC(325)      Free:      366M (36%)         358M (35%)         974M (95%)         986M (96%)         986M (96%)         356M (35%)    
[63.815s][info][gc,heap     ] GC(325)      Used:      658M (64%)         666M (65%)          50M (5%)           38M (4%)          668M (65%)          38M (4%)     
[63.815s][info][gc,heap     ] GC(325)      Live:         -                 6M (1%)            6M (1%)            6M (1%)             -                  -          
[63.815s][info][gc,heap     ] GC(325) Allocated:         -                 8M (1%)           12M (1%)           13M (1%)             -                  -          
[63.815s][info][gc,heap     ] GC(325)   Garbage:         -               651M (64%)          31M (3%)           17M (2%)             -                  -          
[63.815s][info][gc,heap     ] GC(325) Reclaimed:         -                  -               620M (61%)         633M (62%)            -                  -          
[63.815s][info][gc          ] GC(325) Garbage Collection (Allocation Rate) 658M(64%)->38M(4%)
[63.990s][info][gc,start    ] GC(326) Garbage Collection (Allocation Rate)
[63.990s][info][gc,task     ] GC(326) Using 10 workers
[63.990s][info][gc,phases   ] GC(326) Pause Mark Start 0.017ms
[63.998s][info][gc,phases   ] GC(326) Concurrent Mark 7.599ms
[63.998s][info][gc,phases   ] GC(326) Pause Mark End 0.015ms
[63.998s][info][gc,phases   ] GC(326) Concurrent Mark Free 0.001ms
[63.998s][info][gc,phases   ] GC(326) Concurrent Process Non-Strong References 0.365ms
[63.998s][info][gc,phases   ] GC(326) Concurrent Reset Relocation Set 0.003ms
[64.004s][info][gc,phases   ] GC(326) Concurrent Select Relocation Set 5.353ms
[64.004s][info][gc,phases   ] GC(326) Pause Relocate Start 0.007ms
[64.006s][info][gc,phases   ] GC(326) Concurrent Relocate 2.001ms
[64.006s][info][gc,load     ] GC(326) Load: 0.00/0.00/0.00
[64.006s][info][gc,mmu      ] GC(326) MMU: 2ms/98.9%, 5ms/99.4%, 10ms/99.7%, 20ms/99.7%, 50ms/99.9%, 100ms/99.9%
[64.006s][info][gc,marking  ] GC(326) Mark: 8 stripe(s), 2 proactive flush(es), 1 terminate flush(es), 0 completion(s), 0 continuation(s) 
[64.006s][info][gc,marking  ] GC(326) Mark Stack Usage: 32M
[64.006s][info][gc,nmethod  ] GC(326) NMethods: 345 registered, 3 unregistered
[64.006s][info][gc,metaspace] GC(326) Metaspace: 8M used, 8M committed, 1088M reserved
[64.006s][info][gc,ref      ] GC(326) Soft: 174 encountered, 0 discovered, 0 enqueued
[64.006s][info][gc,ref      ] GC(326) Weak: 570 encountered, 5 discovered, 0 enqueued
[64.006s][info][gc,ref      ] GC(326) Final: 0 encountered, 0 discovered, 0 enqueued
[64.006s][info][gc,ref      ] GC(326) Phantom: 21 encountered, 19 discovered, 0 enqueued
[64.006s][info][gc,reloc    ] GC(326) Small Pages: 253 / 506M, Empty: 472M, Relocated: 3M, In-Place: 0
[64.006s][info][gc,reloc    ] GC(326) Medium Pages: 1 / 32M, Empty: 0M, Relocated: 0M, In-Place: 0
[64.006s][info][gc,reloc    ] GC(326) Large Pages: 0 / 0M, Empty: 0M, Relocated: 0M, In-Place: 0
[64.007s][info][gc,reloc    ] GC(326) Forwarding Usage: 1M
[64.007s][info][gc,heap     ] GC(326) Min Capacity: 8M(1%)
[64.007s][info][gc,heap     ] GC(326) Max Capacity: 1024M(100%)
[64.007s][info][gc,heap     ] GC(326) Soft Max Capacity: 1024M(100%)
[64.007s][info][gc,heap     ] GC(326)                Mark Start          Mark End        Relocate Start      Relocate End           High               Low         
[64.007s][info][gc,heap     ] GC(326)  Capacity:     1024M (100%)       1024M (100%)       1024M (100%)       1024M (100%)       1024M (100%)       1024M (100%)   
[64.007s][info][gc,heap     ] GC(326)      Free:      486M (47%)         464M (45%)         922M (90%)         924M (90%)         926M (90%)         464M (45%)    
[64.007s][info][gc,heap     ] GC(326)      Used:      538M (53%)         560M (55%)         102M (10%)         100M (10%)         560M (55%)          98M (10%)    
[64.007s][info][gc,heap     ] GC(326)      Live:         -                 7M (1%)            7M (1%)            7M (1%)             -                  -          
[64.007s][info][gc,heap     ] GC(326) Allocated:         -                22M (2%)           36M (4%)           41M (4%)             -                  -          
[64.007s][info][gc,heap     ] GC(326)   Garbage:         -               530M (52%)          58M (6%)           50M (5%)             -                  -          
[64.007s][info][gc,heap     ] GC(326) Reclaimed:         -                  -               472M (46%)         479M (47%)            -                  -          
[64.007s][info][gc          ] GC(326) Garbage Collection (Allocation Rate) 538M(53%)->100M(10%)
[64.201s][info][gc,start    ] GC(327) Garbage Collection (Allocation Rate)
[64.201s][info][gc,task     ] GC(327) Using 2 workers
[64.202s][info][gc,phases   ] GC(327) Pause Mark Start 0.014ms
[64.232s][info][gc,phases   ] GC(327) Concurrent Mark 30.872ms
[64.233s][info][gc,phases   ] GC(327) Pause Mark End 0.016ms
[64.233s][info][gc,phases   ] GC(327) Concurrent Mark Free 0.001ms
[64.234s][info][gc,phases   ] GC(327) Concurrent Process Non-Strong References 0.910ms
[64.234s][info][gc,phases   ] GC(327) Concurrent Reset Relocation Set 0.002ms
[64.238s][info][gc,phases   ] GC(327) Concurrent Select Relocation Set 4.643ms
[64.238s][info][gc,phases   ] GC(327) Pause Relocate Start 0.006ms
[64.244s][info][gc,phases   ] GC(327) Concurrent Relocate 5.186ms
[64.244s][info][gc,load     ] GC(327) Load: 0.00/0.00/0.00
[64.244s][info][gc,mmu      ] GC(327) MMU: 2ms/98.9%, 5ms/99.4%, 10ms/99.7%, 20ms/99.7%, 50ms/99.9%, 100ms/99.9%
[64.244s][info][gc,marking  ] GC(327) Mark: 2 stripe(s), 3 proactive flush(es), 1 terminate flush(es), 0 completion(s), 0 continuation(s) 
[64.244s][info][gc,marking  ] GC(327) Mark Stack Usage: 32M
[64.244s][info][gc,nmethod  ] GC(327) NMethods: 345 registered, 3 unregistered
[64.244s][info][gc,metaspace] GC(327) Metaspace: 8M used, 8M committed, 1088M reserved
[64.244s][info][gc,ref      ] GC(327) Soft: 174 encountered, 0 discovered, 0 enqueued
[64.244s][info][gc,ref      ] GC(327) Weak: 570 encountered, 429 discovered, 0 enqueued
[64.244s][info][gc,ref      ] GC(327) Final: 0 encountered, 0 discovered, 0 enqueued
[64.244s][info][gc,ref      ] GC(327) Phantom: 21 encountered, 17 discovered, 0 enqueued
[64.244s][info][gc,reloc    ] GC(327) Small Pages: 283 / 566M, Empty: 528M, Relocated: 4M, In-Place: 0
[64.244s][info][gc,reloc    ] GC(327) Medium Pages: 1 / 32M, Empty: 0M, Relocated: 0M, In-Place: 0
[64.244s][info][gc,reloc    ] GC(327) Large Pages: 0 / 0M, Empty: 0M, Relocated: 0M, In-Place: 0
[64.244s][info][gc,reloc    ] GC(327) Forwarding Usage: 2M
[64.244s][info][gc,heap     ] GC(327) Min Capacity: 8M(1%)
[64.244s][info][gc,heap     ] GC(327) Max Capacity: 1024M(100%)
[64.244s][info][gc,heap     ] GC(327) Soft Max Capacity: 1024M(100%)
[64.244s][info][gc,heap     ] GC(327)                Mark Start          Mark End        Relocate Start      Relocate End           High               Low         
[64.244s][info][gc,heap     ] GC(327)  Capacity:     1024M (100%)       1024M (100%)       1024M (100%)       1024M (100%)       1024M (100%)       1024M (100%)   
[64.244s][info][gc,heap     ] GC(327)      Free:      426M (42%)         380M (37%)         874M (85%)         898M (88%)         898M (88%)         380M (37%)    
[64.244s][info][gc,heap     ] GC(327)      Used:      598M (58%)         644M (63%)         150M (15%)         126M (12%)         644M (63%)         126M (12%)    
[64.244s][info][gc,heap     ] GC(327)      Live:         -                 9M (1%)            9M (1%)            9M (1%)             -                  -          
[64.244s][info][gc,heap     ] GC(327) Allocated:         -                46M (4%)           80M (8%)           81M (8%)             -                  -          
[64.244s][info][gc,heap     ] GC(327)   Garbage:         -               588M (58%)          60M (6%)           35M (3%)             -                  -          
[64.244s][info][gc,heap     ] GC(327) Reclaimed:         -                  -               528M (52%)         553M (54%)            -                  -          
[64.244s][info][gc          ] GC(327) Garbage Collection (Allocation Rate) 598M(58%)->126M(12%)
[64.404s][info][gc,start    ] GC(328) Garbage Collection (Allocation Rate)
[64.404s][info][gc,task     ] GC(328) Using 5 workers
[64.405s][info][gc,phases   ] GC(328) Pause Mark Start 0.014ms
[64.420s][info][gc,phases   ] GC(328) Concurrent Mark 15.298ms
[64.420s][info][gc,phases   ] GC(328) Pause Mark End 0.012ms
[64.420s][info][gc,phases   ] GC(328) Concurrent Mark Free 0.001ms
[64.421s][info][gc,phases   ] GC(328) Concurrent Process Non-Strong References 0.436ms
[64.421s][info][gc,phases   ] GC(328) Concurrent Reset Relocation Set 0.003ms
[64.427s][info][gc,phases   ] GC(328) Concurrent Select Relocation Set 6.631ms
[64.427s][info][gc,phases   ] GC(328) Pause Relocate Start 0.009ms
[64.432s][info][gc,phases   ] GC(328) Concurrent Relocate 4.889ms
[64.432s][info][gc,load     ] GC(328) Load: 0.00/0.00/0.00
[64.433s][info][gc,mmu      ] GC(328) MMU: 2ms/98.9%, 5ms/99.4%, 10ms/99.7%, 20ms/99.7%, 50ms/99.9%, 100ms/99.9%
[64.433s][info][gc,marking  ] GC(328) Mark: 4 stripe(s), 2 proactive flush(es), 1 terminate flush(es), 0 completion(s), 0 continuation(s) 
[64.433s][info][gc,marking  ] GC(328) Mark Stack Usage: 32M
[64.433s][info][gc,nmethod  ] GC(328) NMethods: 345 registered, 3 unregistered
[64.433s][info][gc,metaspace] GC(328) Metaspace: 8M used, 8M committed, 1088M reserved
[64.433s][info][gc,ref      ] GC(328) Soft: 174 encountered, 0 discovered, 0 enqueued
[64.433s][info][gc,ref      ] GC(328) Weak: 570 encountered, 3 discovered, 0 enqueued
[64.433s][info][gc,ref      ] GC(328) Final: 0 encountered, 0 discovered, 0 enqueued
[64.433s][info][gc,ref      ] GC(328) Phantom: 21 encountered, 13 discovered, 0 enqueued
[64.433s][info][gc,reloc    ] GC(328) Small Pages: 228 / 456M, Empty: 430M, Relocated: 6M, In-Place: 0
[64.433s][info][gc,reloc    ] GC(328) Medium Pages: 2 / 64M, Empty: 32M, Relocated: 0M, In-Place: 0
[64.433s][info][gc,reloc    ] GC(328) Large Pages: 0 / 0M, Empty: 0M, Relocated: 0M, In-Place: 0
[64.433s][info][gc,reloc    ] GC(328) Forwarding Usage: 2M
[64.433s][info][gc,heap     ] GC(328) Min Capacity: 8M(1%)
[64.433s][info][gc,heap     ] GC(328) Max Capacity: 1024M(100%)
[64.433s][info][gc,heap     ] GC(328) Soft Max Capacity: 1024M(100%)
[64.433s][info][gc,heap     ] GC(328)                Mark Start          Mark End        Relocate Start      Relocate End           High               Low         
[64.433s][info][gc,heap     ] GC(328)  Capacity:     1024M (100%)       1024M (100%)       1024M (100%)       1024M (100%)       1024M (100%)       1024M (100%)   
[64.433s][info][gc,heap     ] GC(328)      Free:      504M (49%)         462M (45%)         904M (88%)         902M (88%)         914M (89%)         460M (45%)    
[64.433s][info][gc,heap     ] GC(328)      Used:      520M (51%)         562M (55%)         120M (12%)         122M (12%)         564M (55%)         110M (11%)    
[64.433s][info][gc,heap     ] GC(328)      Live:         -                10M (1%)           10M (1%)           10M (1%)             -                  -          
[64.433s][info][gc,heap     ] GC(328) Allocated:         -                42M (4%)           62M (6%)           75M (7%)             -                  -          
[64.433s][info][gc,heap     ] GC(328)   Garbage:         -               509M (50%)          47M (5%)           35M (3%)             -                  -          
[64.433s][info][gc,heap     ] GC(328) Reclaimed:         -                  -               462M (45%)         473M (46%)            -                  -          
[64.433s][info][gc          ] GC(328) Garbage Collection (Allocation Rate) 520M(51%)->122M(12%)
[64.598s][info][gc,start    ] GC(329) Garbage Collection (Allocation Rate)
[64.598s][info][gc,task     ] GC(329) Using 5 workers
[64.598s][info][gc,phases   ] GC(329) Pause Mark Start 0.015ms
[64.629s][info][gc,phases   ] GC(329) Concurrent Mark 30.915ms
[64.629s][info][gc,phases   ] GC(329) Pause Mark End 0.013ms
[64.629s][info][gc,phases   ] GC(329) Concurrent Mark Free 0.001ms
[64.630s][info][gc,phases   ] GC(329) Concurrent Process Non-Strong References 0.488ms
[64.630s][info][gc,phases   ] GC(329) Concurrent Reset Relocation Set 0.002ms
[64.634s][info][gc,phases   ] GC(329) Concurrent Select Relocation Set 3.710ms
[64.634s][info][gc,phases   ] GC(329) Pause Relocate Start 0.005ms
[64.637s][info][gc,phases   ] GC(329) Concurrent Relocate 3.504ms
[64.637s][info][gc,load     ] GC(329) Load: 0.00/0.00/0.00
[64.637s][info][gc,mmu      ] GC(329) MMU: 2ms/98.9%, 5ms/99.4%, 10ms/99.7%, 20ms/99.7%, 50ms/99.9%, 100ms/99.9%
[64.637s][info][gc,marking  ] GC(329) Mark: 4 stripe(s), 2 proactive flush(es), 1 terminate flush(es), 0 completion(s), 0 continuation(s) 
[64.637s][info][gc,marking  ] GC(329) Mark Stack Usage: 32M
[64.637s][info][gc,nmethod  ] GC(329) NMethods: 345 registered, 3 unregistered
[64.638s][info][gc,metaspace] GC(329) Metaspace: 8M used, 8M committed, 1088M reserved
[64.638s][info][gc,ref      ] GC(329) Soft: 174 encountered, 0 discovered, 0 enqueued
[64.638s][info][gc,ref      ] GC(329) Weak: 570 encountered, 6 discovered, 0 enqueued
[64.638s][info][gc,ref      ] GC(329) Final: 0 encountered, 0 discovered, 0 enqueued
[64.638s][info][gc,ref      ] GC(329) Phantom: 21 encountered, 11 discovered, 0 enqueued
[64.638s][info][gc,reloc    ] GC(329) Small Pages: 255 / 510M, Empty: 474M, Relocated: 4M, In-Place: 0
[64.638s][info][gc,reloc    ] GC(329) Medium Pages: 2 / 64M, Empty: 0M, Relocated: 0M, In-Place: 0
[64.638s][info][gc,reloc    ] GC(329) Large Pages: 0 / 0M, Empty: 0M, Relocated: 0M, In-Place: 0
[64.638s][info][gc,reloc    ] GC(329) Forwarding Usage: 2M
[64.638s][info][gc,heap     ] GC(329) Min Capacity: 8M(1%)
[64.638s][info][gc,heap     ] GC(329) Max Capacity: 1024M(100%)
[64.638s][info][gc,heap     ] GC(329) Soft Max Capacity: 1024M(100%)
[64.638s][info][gc,heap     ] GC(329)                Mark Start          Mark End        Relocate Start      Relocate End           High               Low         
[64.638s][info][gc,heap     ] GC(329)  Capacity:     1024M (100%)       1024M (100%)       1024M (100%)       1024M (100%)       1024M (100%)       1024M (100%)   
[64.638s][info][gc,heap     ] GC(329)      Free:      450M (44%)         368M (36%)         830M (81%)         872M (85%)         872M (85%)         368M (36%)    
[64.638s][info][gc,heap     ] GC(329)      Used:      574M (56%)         656M (64%)         194M (19%)         152M (15%)         656M (64%)         152M (15%)    
[64.638s][info][gc,heap     ] GC(329)      Live:         -                11M (1%)           11M (1%)           11M (1%)             -                  -          
[64.638s][info][gc,heap     ] GC(329) Allocated:         -                82M (8%)           94M (9%)          101M (10%)            -                  -          
[64.638s][info][gc,heap     ] GC(329)   Garbage:         -               562M (55%)          88M (9%)           38M (4%)             -                  -          
[64.638s][info][gc,heap     ] GC(329) Reclaimed:         -                  -               474M (46%)         523M (51%)            -                  -          
[64.638s][info][gc          ] GC(329) Garbage Collection (Allocation Rate) 574M(56%)->152M(15%)
[64.689s][info][gc,start    ] GC(330) Garbage Collection (Allocation Rate)
[64.689s][info][gc,task     ] GC(330) Using 5 workers
[64.689s][info][gc,phases   ] GC(330) Pause Mark Start 0.014ms
[64.717s][info][gc,phases   ] GC(330) Concurrent Mark 27.415ms
[64.717s][info][gc,phases   ] GC(330) Pause Mark End 0.013ms
[64.717s][info][gc,phases   ] GC(330) Concurrent Mark Free 0.001ms
[64.717s][info][gc,phases   ] GC(330) Concurrent Process Non-Strong References 0.467ms
[64.717s][info][gc,phases   ] GC(330) Concurrent Reset Relocation Set 0.002ms
[64.724s][info][gc,phases   ] GC(330) Concurrent Select Relocation Set 6.994ms
[64.725s][info][gc,phases   ] GC(330) Pause Relocate Start 0.005ms
[64.729s][info][gc,phases   ] GC(330) Concurrent Relocate 4.319ms
[64.729s][info][gc,load     ] GC(330) Load: 0.00/0.00/0.00
[64.729s][info][gc,mmu      ] GC(330) MMU: 2ms/98.9%, 5ms/99.4%, 10ms/99.7%, 20ms/99.7%, 50ms/99.9%, 100ms/99.9%
[64.729s][info][gc,marking  ] GC(330) Mark: 4 stripe(s), 2 proactive flush(es), 1 terminate flush(es), 0 completion(s), 0 continuation(s) 
[64.729s][info][gc,marking  ] GC(330) Mark Stack Usage: 32M
[64.729s][info][gc,nmethod  ] GC(330) NMethods: 345 registered, 3 unregistered
[64.729s][info][gc,metaspace] GC(330) Metaspace: 8M used, 8M committed, 1088M reserved
[64.729s][info][gc,ref      ] GC(330) Soft: 174 encountered, 0 discovered, 0 enqueued
[64.729s][info][gc,ref      ] GC(330) Weak: 570 encountered, 9 discovered, 0 enqueued
[64.729s][info][gc,ref      ] GC(330) Final: 0 encountered, 0 discovered, 0 enqueued
[64.729s][info][gc,ref      ] GC(330) Phantom: 21 encountered, 15 discovered, 0 enqueued
[64.729s][info][gc,reloc    ] GC(330) Small Pages: 128 / 256M, Empty: 220M, Relocated: 6M, In-Place: 0
[64.729s][info][gc,reloc    ] GC(330) Medium Pages: 1 / 32M, Empty: 0M, Relocated: 0M, In-Place: 0
[64.729s][info][gc,reloc    ] GC(330) Large Pages: 0 / 0M, Empty: 0M, Relocated: 0M, In-Place: 0
[64.729s][info][gc,reloc    ] GC(330) Forwarding Usage: 2M
[64.729s][info][gc,heap     ] GC(330) Min Capacity: 8M(1%)
[64.729s][info][gc,heap     ] GC(330) Max Capacity: 1024M(100%)
[64.729s][info][gc,heap     ] GC(330) Soft Max Capacity: 1024M(100%)
[64.730s][info][gc,heap     ] GC(330)                Mark Start          Mark End        Relocate Start      Relocate End           High               Low         
[64.730s][info][gc,heap     ] GC(330)  Capacity:     1024M (100%)       1024M (100%)       1024M (100%)       1024M (100%)       1024M (100%)       1024M (100%)   
[64.730s][info][gc,heap     ] GC(330)      Free:      736M (72%)         678M (66%)         882M (86%)         890M (87%)         892M (87%)         676M (66%)    
[64.730s][info][gc,heap     ] GC(330)      Used:      288M (28%)         346M (34%)         142M (14%)         134M (13%)         348M (34%)         132M (13%)    
[64.730s][info][gc,heap     ] GC(330)      Live:         -                12M (1%)           12M (1%)           12M (1%)             -                  -          
[64.730s][info][gc,heap     ] GC(330) Allocated:         -                58M (6%)           74M (7%)           85M (8%)             -                  -          
[64.730s][info][gc,heap     ] GC(330)   Garbage:         -               275M (27%)          55M (5%)           35M (3%)             -                  -          
[64.730s][info][gc,heap     ] GC(330) Reclaimed:         -                  -               220M (21%)         239M (23%)            -                  -          
[64.730s][info][gc          ] GC(330) Garbage Collection (Allocation Rate) 288M(28%)->134M(13%)
[64.795s][info][gc,start    ] GC(331) Garbage Collection (Allocation Rate)
[64.795s][info][gc,task     ] GC(331) Using 5 workers
[64.795s][info][gc,phases   ] GC(331) Pause Mark Start 0.011ms
[64.826s][info][gc,phases   ] GC(331) Concurrent Mark 30.963ms
[64.826s][info][gc,phases   ] GC(331) Pause Mark End 0.019ms
[64.826s][info][gc,phases   ] GC(331) Concurrent Mark Free 0.001ms
[64.827s][info][gc,phases   ] GC(331) Concurrent Process Non-Strong References 0.466ms
[64.827s][info][gc,phases   ] GC(331) Concurrent Reset Relocation Set 0.003ms
[64.831s][info][gc,phases   ] GC(331) Concurrent Select Relocation Set 3.722ms
[64.831s][info][gc,phases   ] GC(331) Pause Relocate Start 0.006ms
[64.834s][info][gc,phases   ] GC(331) Concurrent Relocate 3.576ms
[64.834s][info][gc,load     ] GC(331) Load: 0.00/0.00/0.00
[64.834s][info][gc,mmu      ] GC(331) MMU: 2ms/98.9%, 5ms/99.4%, 10ms/99.7%, 20ms/99.7%, 50ms/99.9%, 100ms/99.9%
[64.834s][info][gc,marking  ] GC(331) Mark: 4 stripe(s), 2 proactive flush(es), 1 terminate flush(es), 0 completion(s), 0 continuation(s) 
[64.835s][info][gc,marking  ] GC(331) Mark Stack Usage: 32M
[64.835s][info][gc,nmethod  ] GC(331) NMethods: 345 registered, 3 unregistered
[64.835s][info][gc,metaspace] GC(331) Metaspace: 8M used, 8M committed, 1088M reserved
[64.835s][info][gc,ref      ] GC(331) Soft: 174 encountered, 0 discovered, 0 enqueued
[64.835s][info][gc,ref      ] GC(331) Weak: 570 encountered, 7 discovered, 0 enqueued
[64.835s][info][gc,ref      ] GC(331) Final: 0 encountered, 0 discovered, 0 enqueued
[64.835s][info][gc,ref      ] GC(331) Phantom: 21 encountered, 18 discovered, 0 enqueued
[64.835s][info][gc,reloc    ] GC(331) Small Pages: 139 / 278M, Empty: 240M, Relocated: 4M, In-Place: 0
[64.835s][info][gc,reloc    ] GC(331) Medium Pages: 1 / 32M, Empty: 0M, Relocated: 0M, In-Place: 0
[64.835s][info][gc,reloc    ] GC(331) Large Pages: 0 / 0M, Empty: 0M, Relocated: 0M, In-Place: 0
[64.835s][info][gc,reloc    ] GC(331) Forwarding Usage: 2M
[64.835s][info][gc,heap     ] GC(331) Min Capacity: 8M(1%)
[64.835s][info][gc,heap     ] GC(331) Max Capacity: 1024M(100%)
[64.835s][info][gc,heap     ] GC(331) Soft Max Capacity: 1024M(100%)
[64.835s][info][gc,heap     ] GC(331)                Mark Start          Mark End        Relocate Start      Relocate End           High               Low         
[64.835s][info][gc,heap     ] GC(331)  Capacity:     1024M (100%)       1024M (100%)       1024M (100%)       1024M (100%)       1024M (100%)       1024M (100%)   
[64.835s][info][gc,heap     ] GC(331)      Free:      714M (70%)         632M (62%)         860M (84%)         868M (85%)         868M (85%)         630M (62%)    
[64.835s][info][gc,heap     ] GC(331)      Used:      310M (30%)         392M (38%)         164M (16%)         156M (15%)         394M (38%)         156M (15%)    
[64.835s][info][gc,heap     ] GC(331)      Live:         -                13M (1%)           13M (1%)           13M (1%)             -                  -          
[64.835s][info][gc,heap     ] GC(331) Allocated:         -                82M (8%)           94M (9%)          103M (10%)            -                  -          
[64.835s][info][gc,heap     ] GC(331)   Garbage:         -               296M (29%)          56M (6%)           38M (4%)             -                  -          
[64.835s][info][gc,heap     ] GC(331) Reclaimed:         -                  -               240M (23%)         257M (25%)            -                  -          
[64.835s][info][gc          ] GC(331) Garbage Collection (Allocation Rate) 310M(30%)->156M(15%)
[64.897s][info][gc,start    ] GC(332) Garbage Collection (Allocation Rate)
[64.897s][info][gc,task     ] GC(332) Using 5 workers
[64.897s][info][gc,phases   ] GC(332) Pause Mark Start 0.012ms
[64.928s][info][gc,phases   ] GC(332) Concurrent Mark 30.985ms
[64.928s][info][gc,phases   ] GC(332) Pause Mark End 0.016ms
[64.928s][info][gc,phases   ] GC(332) Concurrent Mark Free 0.001ms
[64.929s][info][gc,phases   ] GC(332) Concurrent Process Non-Strong References 0.480ms
[64.929s][info][gc,phases   ] GC(332) Concurrent Reset Relocation Set 0.003ms
[64.935s][info][gc,phases   ] GC(332) Concurrent Select Relocation Set 6.796ms
[64.936s][info][gc,phases   ] GC(332) Pause Relocate Start 0.007ms
[64.939s][info][gc,phases   ] GC(332) Concurrent Relocate 3.354ms
[64.939s][info][gc,load     ] GC(332) Load: 0.00/0.00/0.00
[64.939s][info][gc,mmu      ] GC(332) MMU: 2ms/98.9%, 5ms/99.4%, 10ms/99.7%, 20ms/99.7%, 50ms/99.9%, 100ms/99.9%
[64.939s][info][gc,marking  ] GC(332) Mark: 4 stripe(s), 2 proactive flush(es), 1 terminate flush(es), 0 completion(s), 0 continuation(s) 
[64.939s][info][gc,marking  ] GC(332) Mark Stack Usage: 32M
[64.939s][info][gc,nmethod  ] GC(332) NMethods: 345 registered, 3 unregistered
[64.939s][info][gc,metaspace] GC(332) Metaspace: 8M used, 8M committed, 1088M reserved
[64.939s][info][gc,ref      ] GC(332) Soft: 174 encountered, 0 discovered, 0 enqueued
[64.939s][info][gc,ref      ] GC(332) Weak: 570 encountered, 1 discovered, 0 enqueued
[64.939s][info][gc,ref      ] GC(332) Final: 0 encountered, 0 discovered, 0 enqueued
[64.939s][info][gc,ref      ] GC(332) Phantom: 21 encountered, 19 discovered, 0 enqueued
[64.939s][info][gc,reloc    ] GC(332) Small Pages: 144 / 288M, Empty: 252M, Relocated: 5M, In-Place: 0
[64.939s][info][gc,reloc    ] GC(332) Medium Pages: 1 / 32M, Empty: 0M, Relocated: 0M, In-Place: 0
[64.939s][info][gc,reloc    ] GC(332) Large Pages: 0 / 0M, Empty: 0M, Relocated: 0M, In-Place: 0
[64.939s][info][gc,reloc    ] GC(332) Forwarding Usage: 2M
[64.939s][info][gc,heap     ] GC(332) Min Capacity: 8M(1%)
[64.939s][info][gc,heap     ] GC(332) Max Capacity: 1024M(100%)
[64.939s][info][gc,heap     ] GC(332) Soft Max Capacity: 1024M(100%)
[64.940s][info][gc,heap     ] GC(332)                Mark Start          Mark End        Relocate Start      Relocate End           High               Low         
[64.940s][info][gc,heap     ] GC(332)  Capacity:     1024M (100%)       1024M (100%)       1024M (100%)       1024M (100%)       1024M (100%)       1024M (100%)   
[64.940s][info][gc,heap     ] GC(332)      Free:      704M (69%)         612M (60%)         862M (84%)         876M (86%)         876M (86%)         612M (60%)    
[64.940s][info][gc,heap     ] GC(332)      Used:      320M (31%)         412M (40%)         162M (16%)         148M (14%)         412M (40%)         148M (14%)    
[64.940s][info][gc,heap     ] GC(332)      Live:         -                13M (1%)           13M (1%)           13M (1%)             -                  -          
[64.940s][info][gc,heap     ] GC(332) Allocated:         -                92M (9%)           94M (9%)           95M (9%)             -                  -          
[64.940s][info][gc,heap     ] GC(332)   Garbage:         -               306M (30%)          54M (5%)           38M (4%)             -                  -          
[64.940s][info][gc,heap     ] GC(332) Reclaimed:         -                  -               252M (25%)         267M (26%)            -                  -          
[64.940s][info][gc          ] GC(332) Garbage Collection (Allocation Rate) 320M(31%)->148M(14%)
[64.990s][info][gc,start    ] GC(333) Garbage Collection (Allocation Rate)
[64.990s][info][gc,task     ] GC(333) Using 5 workers
[64.991s][info][gc,phases   ] GC(333) Pause Mark Start 0.011ms
[65.022s][info][gc,phases   ] GC(333) Concurrent Mark 30.982ms
[65.022s][info][gc,phases   ] GC(333) Pause Mark End 0.012ms
[65.022s][info][gc,phases   ] GC(333) Concurrent Mark Free 0.001ms
[65.022s][info][gc,phases   ] GC(333) Concurrent Process Non-Strong References 0.511ms
[65.022s][info][gc,phases   ] GC(333) Concurrent Reset Relocation Set 0.002ms
[65.026s][info][gc,phases   ] GC(333) Concurrent Select Relocation Set 3.596ms
[65.026s][info][gc,phases   ] GC(333) Pause Relocate Start 0.005ms
[65.030s][info][gc,phases   ] GC(333) Concurrent Relocate 3.685ms
[65.030s][info][gc,load     ] GC(333) Load: 0.00/0.00/0.00
[65.030s][info][gc,mmu      ] GC(333) MMU: 2ms/98.9%, 5ms/99.4%, 10ms/99.7%, 20ms/99.7%, 50ms/99.9%, 100ms/99.9%
[65.030s][info][gc,marking  ] GC(333) Mark: 4 stripe(s), 2 proactive flush(es), 1 terminate flush(es), 0 completion(s), 0 continuation(s) 
[65.030s][info][gc,marking  ] GC(333) Mark Stack Usage: 32M
[65.030s][info][gc,nmethod  ] GC(333) NMethods: 345 registered, 3 unregistered
[65.030s][info][gc,metaspace] GC(333) Metaspace: 8M used, 8M committed, 1088M reserved
[65.030s][info][gc,ref      ] GC(333) Soft: 174 encountered, 0 discovered, 0 enqueued
[65.030s][info][gc,ref      ] GC(333) Weak: 570 encountered, 85 discovered, 0 enqueued
[65.030s][info][gc,ref      ] GC(333) Final: 0 encountered, 0 discovered, 0 enqueued
[65.030s][info][gc,ref      ] GC(333) Phantom: 21 encountered, 19 discovered, 0 enqueued
[65.030s][info][gc,reloc    ] GC(333) Small Pages: 106 / 212M, Empty: 172M, Relocated: 4M, In-Place: 0
[65.030s][info][gc,reloc    ] GC(333) Medium Pages: 2 / 64M, Empty: 0M, Relocated: 1M, In-Place: 0
[65.030s][info][gc,reloc    ] GC(333) Large Pages: 0 / 0M, Empty: 0M, Relocated: 0M, In-Place: 0
[65.030s][info][gc,reloc    ] GC(333) Forwarding Usage: 2M
[65.030s][info][gc,heap     ] GC(333) Min Capacity: 8M(1%)
[65.030s][info][gc,heap     ] GC(333) Max Capacity: 1024M(100%)
[65.030s][info][gc,heap     ] GC(333) Soft Max Capacity: 1024M(100%)
[65.030s][info][gc,heap     ] GC(333)                Mark Start          Mark End        Relocate Start      Relocate End           High               Low         
[65.030s][info][gc,heap     ] GC(333)  Capacity:     1024M (100%)       1024M (100%)       1024M (100%)       1024M (100%)       1024M (100%)       1024M (100%)   
[65.030s][info][gc,heap     ] GC(333)      Free:      748M (73%)         668M (65%)         828M (81%)         868M (85%)         868M (85%)         666M (65%)    
[65.031s][info][gc,heap     ] GC(333)      Used:      276M (27%)         356M (35%)         196M (19%)         156M (15%)         358M (35%)         156M (15%)    
[65.031s][info][gc,heap     ] GC(333)      Live:         -                14M (1%)           14M (1%)           14M (1%)             -                  -          
[65.031s][info][gc,heap     ] GC(333) Allocated:         -                80M (8%)           92M (9%)          101M (10%)            -                  -          
[65.031s][info][gc,heap     ] GC(333)   Garbage:         -               261M (26%)          89M (9%)           39M (4%)             -                  -          
[65.031s][info][gc,heap     ] GC(333) Reclaimed:         -                  -               172M (17%)         221M (22%)            -                  -          
[65.031s][info][gc          ] GC(333) Garbage Collection (Allocation Rate) 276M(27%)->156M(15%)
[65.197s][info][gc,start    ] GC(334) Garbage Collection (Allocation Rate)
[65.197s][info][gc,task     ] GC(334) Using 3 workers
[65.197s][info][gc,phases   ] GC(334) Pause Mark Start 0.015ms
[65.228s][info][gc,phases   ] GC(334) Concurrent Mark 30.910ms
[65.228s][info][gc,phases   ] GC(334) Pause Mark End 0.013ms
[65.228s][info][gc,phases   ] GC(334) Concurrent Mark Free 0.001ms
[65.229s][info][gc,phases   ] GC(334) Concurrent Process Non-Strong References 0.546ms
[65.229s][info][gc,phases   ] GC(334) Concurrent Reset Relocation Set 0.004ms
[65.235s][info][gc,phases   ] GC(334) Concurrent Select Relocation Set 6.535ms
[65.236s][info][gc,phases   ] GC(334) Pause Relocate Start 0.009ms
[65.240s][info][gc,phases   ] GC(334) Concurrent Relocate 4.082ms
[65.240s][info][gc,load     ] GC(334) Load: 0.00/0.00/0.00
[65.240s][info][gc,mmu      ] GC(334) MMU: 2ms/98.9%, 5ms/99.4%, 10ms/99.7%, 20ms/99.7%, 50ms/99.9%, 100ms/99.9%
[65.240s][info][gc,marking  ] GC(334) Mark: 2 stripe(s), 2 proactive flush(es), 1 terminate flush(es), 0 completion(s), 0 continuation(s) 
[65.240s][info][gc,marking  ] GC(334) Mark Stack Usage: 32M
[65.240s][info][gc,nmethod  ] GC(334) NMethods: 345 registered, 3 unregistered
[65.240s][info][gc,metaspace] GC(334) Metaspace: 8M used, 8M committed, 1088M reserved
[65.240s][info][gc,ref      ] GC(334) Soft: 174 encountered, 0 discovered, 0 enqueued
[65.240s][info][gc,ref      ] GC(334) Weak: 570 encountered, 412 discovered, 0 enqueued
[65.240s][info][gc,ref      ] GC(334) Final: 0 encountered, 0 discovered, 0 enqueued
[65.240s][info][gc,ref      ] GC(334) Phantom: 21 encountered, 10 discovered, 0 enqueued
[65.240s][info][gc,reloc    ] GC(334) Small Pages: 263 / 526M, Empty: 480M, Relocated: 4M, In-Place: 0
[65.240s][info][gc,reloc    ] GC(334) Medium Pages: 1 / 32M, Empty: 0M, Relocated: 0M, In-Place: 0
[65.240s][info][gc,reloc    ] GC(334) Large Pages: 0 / 0M, Empty: 0M, Relocated: 0M, In-Place: 0
[65.240s][info][gc,reloc    ] GC(334) Forwarding Usage: 2M
[65.240s][info][gc,heap     ] GC(334) Min Capacity: 8M(1%)
[65.240s][info][gc,heap     ] GC(334) Max Capacity: 1024M(100%)
[65.240s][info][gc,heap     ] GC(334) Soft Max Capacity: 1024M(100%)
[65.240s][info][gc,heap     ] GC(334)                Mark Start          Mark End        Relocate Start      Relocate End           High               Low         
[65.240s][info][gc,heap     ] GC(334)  Capacity:     1024M (100%)       1024M (100%)       1024M (100%)       1024M (100%)       1024M (100%)       1024M (100%)   
[65.240s][info][gc,heap     ] GC(334)      Free:      466M (46%)         440M (43%)         872M (85%)         886M (87%)         888M (87%)         408M (40%)    
[65.240s][info][gc,heap     ] GC(334)      Used:      558M (54%)         584M (57%)         152M (15%)         138M (13%)         616M (60%)         136M (13%)    
[65.240s][info][gc,heap     ] GC(334)      Live:         -                16M (2%)           16M (2%)           16M (2%)             -                  -          
[65.240s][info][gc,heap     ] GC(334) Allocated:         -                26M (3%)           74M (7%)           83M (8%)             -                  -          
[65.240s][info][gc,heap     ] GC(334)   Garbage:         -               541M (53%)          61M (6%)           37M (4%)             -                  -          
[65.240s][info][gc,heap     ] GC(334) Reclaimed:         -                  -               480M (47%)         503M (49%)            -                  -          
[65.241s][info][gc          ] GC(334) Garbage Collection (Allocation Rate) 558M(54%)->138M(13%)
[65.400s][info][gc,start    ] GC(335) Garbage Collection (Allocation Rate)
[65.400s][info][gc,task     ] GC(335) Using 2 workers
[65.400s][info][gc,phases   ] GC(335) Pause Mark Start 0.016ms
[65.435s][info][gc,phases   ] GC(335) Concurrent Mark 35.218ms
[65.436s][info][gc,phases   ] GC(335) Pause Mark End 0.013ms
[65.436s][info][gc,phases   ] GC(335) Concurrent Mark Free 0.001ms
[65.437s][info][gc,phases   ] GC(335) Concurrent Process Non-Strong References 0.866ms
[65.437s][info][gc,phases   ] GC(335) Concurrent Reset Relocation Set 0.004ms
[65.445s][info][gc,phases   ] GC(335) Concurrent Select Relocation Set 7.952ms
[65.445s][info][gc,phases   ] GC(335) Pause Relocate Start 0.004ms
[65.455s][info][gc,phases   ] GC(335) Concurrent Relocate 9.928ms
[65.455s][info][gc,load     ] GC(335) Load: 0.00/0.00/0.00
[65.455s][info][gc,mmu      ] GC(335) MMU: 2ms/98.9%, 5ms/99.4%, 10ms/99.7%, 20ms/99.7%, 50ms/99.9%, 100ms/99.9%
[65.455s][info][gc,marking  ] GC(335) Mark: 2 stripe(s), 2 proactive flush(es), 1 terminate flush(es), 0 completion(s), 0 continuation(s) 
[65.455s][info][gc,marking  ] GC(335) Mark Stack Usage: 32M
[65.455s][info][gc,nmethod  ] GC(335) NMethods: 345 registered, 3 unregistered
[65.455s][info][gc,metaspace] GC(335) Metaspace: 8M used, 8M committed, 1088M reserved
[65.455s][info][gc,ref      ] GC(335) Soft: 174 encountered, 0 discovered, 0 enqueued
[65.455s][info][gc,ref      ] GC(335) Weak: 570 encountered, 149 discovered, 0 enqueued
[65.455s][info][gc,ref      ] GC(335) Final: 0 encountered, 0 discovered, 0 enqueued
[65.455s][info][gc,ref      ] GC(335) Phantom: 21 encountered, 16 discovered, 0 enqueued
[65.455s][info][gc,reloc    ] GC(335) Small Pages: 253 / 506M, Empty: 464M, Relocated: 8M, In-Place: 0
[65.455s][info][gc,reloc    ] GC(335) Medium Pages: 2 / 64M, Empty: 0M, Relocated: 1M, In-Place: 0
[65.455s][info][gc,reloc    ] GC(335) Large Pages: 0 / 0M, Empty: 0M, Relocated: 0M, In-Place: 0
[65.455s][info][gc,reloc    ] GC(335) Forwarding Usage: 3M
[65.455s][info][gc,heap     ] GC(335) Min Capacity: 8M(1%)
[65.455s][info][gc,heap     ] GC(335) Max Capacity: 1024M(100%)
[65.455s][info][gc,heap     ] GC(335) Soft Max Capacity: 1024M(100%)
[65.455s][info][gc,heap     ] GC(335)                Mark Start          Mark End        Relocate Start      Relocate End           High               Low         
[65.455s][info][gc,heap     ] GC(335)  Capacity:     1024M (100%)       1024M (100%)       1024M (100%)       1024M (100%)       1024M (100%)       1024M (100%)   
[65.455s][info][gc,heap     ] GC(335)      Free:      454M (44%)         380M (37%)         820M (80%)         846M (83%)         862M (84%)         376M (37%)    
[65.455s][info][gc,heap     ] GC(335)      Used:      570M (56%)         644M (63%)         204M (20%)         178M (17%)         648M (63%)         162M (16%)    
[65.455s][info][gc,heap     ] GC(335)      Live:         -                17M (2%)           17M (2%)           17M (2%)             -                  -          
[65.455s][info][gc,heap     ] GC(335) Allocated:         -                74M (7%)           98M (10%)         125M (12%)            -                  -          
[65.455s][info][gc,heap     ] GC(335)   Garbage:         -               552M (54%)          88M (9%)           34M (3%)             -                  -          
[65.455s][info][gc,heap     ] GC(335) Reclaimed:         -                  -               464M (45%)         517M (51%)            -                  -          
[65.456s][info][gc          ] GC(335) Garbage Collection (Allocation Rate) 570M(56%)->178M(17%)
[65.591s][info][gc,start    ] GC(336) Garbage Collection (Allocation Rate)
[65.600s][info][gc,task     ] GC(336) Using 2 workers
[65.601s][info][gc,phases   ] GC(336) Pause Mark Start 0.014ms
[65.651s][info][gc,phases   ] GC(336) Concurrent Mark 50.506ms
[65.651s][info][gc,phases   ] GC(336) Pause Mark End 0.015ms
[65.651s][info][gc,phases   ] GC(336) Concurrent Mark Free 0.001ms
[65.653s][info][gc,phases   ] GC(336) Concurrent Process Non-Strong References 1.110ms
[65.653s][info][gc,phases   ] GC(336) Concurrent Reset Relocation Set 0.004ms
[65.657s][info][gc,phases   ] GC(336) Concurrent Select Relocation Set 4.105ms
[65.657s][info][gc,phases   ] GC(336) Pause Relocate Start 0.008ms
[65.661s][info][gc,phases   ] GC(336) Concurrent Relocate 4.637ms
[65.662s][info][gc,load     ] GC(336) Load: 0.00/0.00/0.00
[65.662s][info][gc,mmu      ] GC(336) MMU: 2ms/98.9%, 5ms/99.4%, 10ms/99.7%, 20ms/99.7%, 50ms/99.9%, 100ms/99.9%
[65.662s][info][gc,marking  ] GC(336) Mark: 2 stripe(s), 2 proactive flush(es), 1 terminate flush(es), 0 completion(s), 0 continuation(s) 
[65.662s][info][gc,marking  ] GC(336) Mark Stack Usage: 32M
[65.662s][info][gc,nmethod  ] GC(336) NMethods: 345 registered, 3 unregistered
[65.662s][info][gc,metaspace] GC(336) Metaspace: 8M used, 8M committed, 1088M reserved
[65.662s][info][gc,ref      ] GC(336) Soft: 174 encountered, 0 discovered, 0 enqueued
[65.662s][info][gc,ref      ] GC(336) Weak: 570 encountered, 426 discovered, 0 enqueued
[65.662s][info][gc,ref      ] GC(336) Final: 0 encountered, 0 discovered, 0 enqueued
[65.662s][info][gc,ref      ] GC(336) Phantom: 21 encountered, 19 discovered, 0 enqueued
[65.662s][info][gc,reloc    ] GC(336) Small Pages: 268 / 536M, Empty: 492M, Relocated: 4M, In-Place: 0
[65.662s][info][gc,reloc    ] GC(336) Medium Pages: 1 / 32M, Empty: 0M, Relocated: 0M, In-Place: 0
[65.662s][info][gc,reloc    ] GC(336) Large Pages: 0 / 0M, Empty: 0M, Relocated: 0M, In-Place: 0
[65.662s][info][gc,reloc    ] GC(336) Forwarding Usage: 1M
[65.662s][info][gc,heap     ] GC(336) Min Capacity: 8M(1%)
[65.662s][info][gc,heap     ] GC(336) Max Capacity: 1024M(100%)
[65.662s][info][gc,heap     ] GC(336) Soft Max Capacity: 1024M(100%)
[65.662s][info][gc,heap     ] GC(336)                Mark Start          Mark End        Relocate Start      Relocate End           High               Low         
[65.662s][info][gc,heap     ] GC(336)  Capacity:     1024M (100%)       1024M (100%)       1024M (100%)       1024M (100%)       1024M (100%)       1024M (100%)   
[65.662s][info][gc,heap     ] GC(336)      Free:      456M (45%)         338M (33%)         828M (81%)         850M (83%)         850M (83%)         338M (33%)    
[65.662s][info][gc,heap     ] GC(336)      Used:      568M (55%)         686M (67%)         196M (19%)         174M (17%)         686M (67%)         174M (17%)    
[65.662s][info][gc,heap     ] GC(336)      Live:         -                18M (2%)           18M (2%)           18M (2%)             -                  -          
[65.662s][info][gc,heap     ] GC(336) Allocated:         -               118M (12%)         120M (12%)         119M (12%)            -                  -          
[65.662s][info][gc,heap     ] GC(336)   Garbage:         -               549M (54%)          57M (6%)           35M (3%)             -                  -          
[65.662s][info][gc,heap     ] GC(336) Reclaimed:         -                  -               492M (48%)         513M (50%)            -                  -          
[65.662s][info][gc          ] GC(336) Garbage Collection (Allocation Rate) 568M(55%)->174M(17%)
[65.901s][info][gc,start    ] GC(337) Garbage Collection (Allocation Rate)
[65.901s][info][gc,task     ] GC(337) Using 2 workers
[65.901s][info][gc,phases   ] GC(337) Pause Mark Start 0.015ms
[65.948s][info][gc,phases   ] GC(337) Concurrent Mark 46.529ms
[65.948s][info][gc,phases   ] GC(337) Pause Mark End 0.015ms
[65.948s][info][gc,phases   ] GC(337) Concurrent Mark Free 0.001ms
[65.949s][info][gc,phases   ] GC(337) Concurrent Process Non-Strong References 1.067ms
[65.949s][info][gc,phases   ] GC(337) Concurrent Reset Relocation Set 0.003ms
[65.957s][info][gc,phases   ] GC(337) Concurrent Select Relocation Set 7.504ms
[65.957s][info][gc,phases   ] GC(337) Pause Relocate Start 0.005ms
[65.964s][info][gc,phases   ] GC(337) Concurrent Relocate 7.425ms
[65.965s][info][gc,load     ] GC(337) Load: 0.00/0.00/0.00
[65.965s][info][gc,mmu      ] GC(337) MMU: 2ms/98.9%, 5ms/99.4%, 10ms/99.7%, 20ms/99.7%, 50ms/99.9%, 100ms/99.9%
[65.965s][info][gc,marking  ] GC(337) Mark: 2 stripe(s), 2 proactive flush(es), 1 terminate flush(es), 0 completion(s), 0 continuation(s) 
[65.965s][info][gc,marking  ] GC(337) Mark Stack Usage: 32M
[65.965s][info][gc,nmethod  ] GC(337) NMethods: 345 registered, 3 unregistered
[65.965s][info][gc,metaspace] GC(337) Metaspace: 8M used, 8M committed, 1088M reserved
[65.965s][info][gc,ref      ] GC(337) Soft: 174 encountered, 0 discovered, 0 enqueued
[65.965s][info][gc,ref      ] GC(337) Weak: 570 encountered, 424 discovered, 0 enqueued
[65.965s][info][gc,ref      ] GC(337) Final: 0 encountered, 0 discovered, 0 enqueued
[65.965s][info][gc,ref      ] GC(337) Phantom: 21 encountered, 17 discovered, 0 enqueued
[65.965s][info][gc,reloc    ] GC(337) Small Pages: 306 / 612M, Empty: 562M, Relocated: 8M, In-Place: 0
[65.965s][info][gc,reloc    ] GC(337) Medium Pages: 2 / 64M, Empty: 0M, Relocated: 1M, In-Place: 0
[65.965s][info][gc,reloc    ] GC(337) Large Pages: 0 / 0M, Empty: 0M, Relocated: 0M, In-Place: 0
[65.965s][info][gc,reloc    ] GC(337) Forwarding Usage: 3M
[65.965s][info][gc,heap     ] GC(337) Min Capacity: 8M(1%)
[65.965s][info][gc,heap     ] GC(337) Max Capacity: 1024M(100%)
[65.965s][info][gc,heap     ] GC(337) Soft Max Capacity: 1024M(100%)
[65.965s][info][gc,heap     ] GC(337)                Mark Start          Mark End        Relocate Start      Relocate End           High               Low         
[65.965s][info][gc,heap     ] GC(337)  Capacity:     1024M (100%)       1024M (100%)       1024M (100%)       1024M (100%)       1024M (100%)       1024M (100%)   
[65.965s][info][gc,heap     ] GC(337)      Free:      348M (34%)         226M (22%)         766M (75%)         810M (79%)         814M (79%)         224M (22%)    
[65.965s][info][gc,heap     ] GC(337)      Used:      676M (66%)         798M (78%)         258M (25%)         214M (21%)         800M (78%)         210M (21%)    
[65.965s][info][gc,heap     ] GC(337)      Live:         -                20M (2%)           20M (2%)           20M (2%)             -                  -          
[65.965s][info][gc,heap     ] GC(337) Allocated:         -               122M (12%)         144M (14%)         157M (15%)            -                  -          
[65.965s][info][gc,heap     ] GC(337)   Garbage:         -               655M (64%)          93M (9%)           35M (3%)             -                  -          
[65.965s][info][gc,heap     ] GC(337) Reclaimed:         -                  -               562M (55%)         619M (61%)            -                  -          
[65.965s][info][gc          ] GC(337) Garbage Collection (Allocation Rate) 676M(66%)->214M(21%)
[66.104s][info][gc,start    ] GC(338) Garbage Collection (Allocation Rate)
[66.104s][info][gc,task     ] GC(338) Using 2 workers
[66.104s][info][gc,phases   ] GC(338) Pause Mark Start 0.013ms
[66.151s][info][gc,phases   ] GC(338) Concurrent Mark 46.507ms
[66.151s][info][gc,phases   ] GC(338) Pause Mark End 0.018ms
[66.151s][info][gc,phases   ] GC(338) Concurrent Mark Free 0.001ms
[66.152s][info][gc,phases   ] GC(338) Concurrent Process Non-Strong References 1.042ms
[66.152s][info][gc,phases   ] GC(338) Concurrent Reset Relocation Set 0.004ms
[66.157s][info][gc,phases   ] GC(338) Concurrent Select Relocation Set 4.215ms
[66.157s][info][gc,phases   ] GC(338) Pause Relocate Start 0.008ms
[66.158s][info][gc,phases   ] GC(338) Concurrent Relocate 1.387ms
[66.158s][info][gc,load     ] GC(338) Load: 0.00/0.00/0.00
[66.158s][info][gc,mmu      ] GC(338) MMU: 2ms/98.9%, 5ms/99.4%, 10ms/99.7%, 20ms/99.7%, 50ms/99.9%, 100ms/99.9%
[66.158s][info][gc,marking  ] GC(338) Mark: 2 stripe(s), 2 proactive flush(es), 1 terminate flush(es), 0 completion(s), 0 continuation(s) 
[66.158s][info][gc,marking  ] GC(338) Mark Stack Usage: 32M
[66.158s][info][gc,nmethod  ] GC(338) NMethods: 345 registered, 3 unregistered
[66.158s][info][gc,metaspace] GC(338) Metaspace: 8M used, 8M committed, 1088M reserved
[66.158s][info][gc,ref      ] GC(338) Soft: 174 encountered, 0 discovered, 0 enqueued
[66.158s][info][gc,ref      ] GC(338) Weak: 570 encountered, 422 discovered, 0 enqueued
[66.159s][info][gc,ref      ] GC(338) Final: 0 encountered, 0 discovered, 0 enqueued
[66.159s][info][gc,ref      ] GC(338) Phantom: 21 encountered, 10 discovered, 0 enqueued
[66.159s][info][gc,reloc    ] GC(338) Small Pages: 270 / 540M, Empty: 488M, Relocated: 1M, In-Place: 0
[66.159s][info][gc,reloc    ] GC(338) Medium Pages: 2 / 64M, Empty: 0M, Relocated: 1M, In-Place: 0
[66.159s][info][gc,reloc    ] GC(338) Large Pages: 0 / 0M, Empty: 0M, Relocated: 0M, In-Place: 0
[66.159s][info][gc,reloc    ] GC(338) Forwarding Usage: 0M
[66.159s][info][gc,heap     ] GC(338) Min Capacity: 8M(1%)
[66.159s][info][gc,heap     ] GC(338) Max Capacity: 1024M(100%)
[66.159s][info][gc,heap     ] GC(338) Soft Max Capacity: 1024M(100%)
[66.159s][info][gc,heap     ] GC(338)                Mark Start          Mark End        Relocate Start      Relocate End           High               Low         
[66.159s][info][gc,heap     ] GC(338)  Capacity:     1024M (100%)       1024M (100%)       1024M (100%)       1024M (100%)       1024M (100%)       1024M (100%)   
[66.159s][info][gc,heap     ] GC(338)      Free:      420M (41%)         300M (29%)         772M (75%)         826M (81%)         826M (81%)         296M (29%)    
[66.159s][info][gc,heap     ] GC(338)      Used:      604M (59%)         724M (71%)         252M (25%)         198M (19%)         728M (71%)         198M (19%)    
[66.159s][info][gc,heap     ] GC(338)      Live:         -                22M (2%)           22M (2%)           22M (2%)             -                  -          
[66.159s][info][gc,heap     ] GC(338) Allocated:         -               120M (12%)         136M (13%)         137M (13%)            -                  -          
[66.159s][info][gc,heap     ] GC(338)   Garbage:         -               581M (57%)          93M (9%)           37M (4%)             -                  -          
[66.159s][info][gc,heap     ] GC(338) Reclaimed:         -                  -               488M (48%)         543M (53%)            -                  -          
[66.159s][info][gc          ] GC(338) Garbage Collection (Allocation Rate) 604M(59%)->198M(19%)
[66.292s][info][gc,start    ] GC(339) Garbage Collection (Allocation Rate)
[66.292s][info][gc,task     ] GC(339) Using 2 workers
[66.292s][info][gc,phases   ] GC(339) Pause Mark Start 0.016ms
[66.339s][info][gc,phases   ] GC(339) Concurrent Mark 46.543ms
[66.339s][info][gc,phases   ] GC(339) Pause Mark End 0.013ms
[66.339s][info][gc,phases   ] GC(339) Concurrent Mark Free 0.001ms
[66.340s][info][gc,phases   ] GC(339) Concurrent Process Non-Strong References 0.737ms
[66.340s][info][gc,phases   ] GC(339) Concurrent Reset Relocation Set 0.003ms
[66.346s][info][gc,phases   ] GC(339) Concurrent Select Relocation Set 6.210ms
[66.346s][info][gc,phases   ] GC(339) Pause Relocate Start 0.005ms
[66.353s][info][gc,phases   ] GC(339) Concurrent Relocate 6.928ms
[66.353s][info][gc,load     ] GC(339) Load: 0.00/0.00/0.00
[66.353s][info][gc,mmu      ] GC(339) MMU: 2ms/98.9%, 5ms/99.4%, 10ms/99.7%, 20ms/99.7%, 50ms/99.9%, 100ms/99.9%
[66.354s][info][gc,marking  ] GC(339) Mark: 2 stripe(s), 2 proactive flush(es), 1 terminate flush(es), 0 completion(s), 0 continuation(s) 
[66.354s][info][gc,marking  ] GC(339) Mark Stack Usage: 32M
[66.354s][info][gc,nmethod  ] GC(339) NMethods: 345 registered, 3 unregistered
[66.354s][info][gc,metaspace] GC(339) Metaspace: 8M used, 8M committed, 1088M reserved
[66.354s][info][gc,ref      ] GC(339) Soft: 174 encountered, 0 discovered, 0 enqueued
[66.354s][info][gc,ref      ] GC(339) Weak: 570 encountered, 423 discovered, 0 enqueued
[66.354s][info][gc,ref      ] GC(339) Final: 0 encountered, 0 discovered, 0 enqueued
[66.354s][info][gc,ref      ] GC(339) Phantom: 21 encountered, 19 discovered, 0 enqueued
[66.354s][info][gc,reloc    ] GC(339) Small Pages: 252 / 504M, Empty: 450M, Relocated: 6M, In-Place: 0
[66.354s][info][gc,reloc    ] GC(339) Medium Pages: 1 / 32M, Empty: 0M, Relocated: 0M, In-Place: 0
[66.354s][info][gc,reloc    ] GC(339) Large Pages: 0 / 0M, Empty: 0M, Relocated: 0M, In-Place: 0
[66.354s][info][gc,reloc    ] GC(339) Forwarding Usage: 2M
[66.354s][info][gc,heap     ] GC(339) Min Capacity: 8M(1%)
[66.354s][info][gc,heap     ] GC(339) Max Capacity: 1024M(100%)
[66.354s][info][gc,heap     ] GC(339) Soft Max Capacity: 1024M(100%)
[66.354s][info][gc,heap     ] GC(339)                Mark Start          Mark End        Relocate Start      Relocate End           High               Low         
[66.354s][info][gc,heap     ] GC(339)  Capacity:     1024M (100%)       1024M (100%)       1024M (100%)       1024M (100%)       1024M (100%)       1024M (100%)   
[66.354s][info][gc,heap     ] GC(339)      Free:      488M (48%)         364M (36%)         794M (78%)         802M (78%)         814M (79%)         362M (35%)    
[66.354s][info][gc,heap     ] GC(339)      Used:      536M (52%)         660M (64%)         230M (22%)         222M (22%)         662M (65%)         210M (21%)    
[66.354s][info][gc,heap     ] GC(339)      Live:         -                23M (2%)           23M (2%)           23M (2%)             -                  -          
[66.354s][info][gc,heap     ] GC(339) Allocated:         -               124M (12%)         144M (14%)         161M (16%)            -                  -          
[66.354s][info][gc,heap     ] GC(339)   Garbage:         -               512M (50%)          62M (6%)           36M (4%)             -                  -          
[66.354s][info][gc,heap     ] GC(339) Reclaimed:         -                  -               450M (44%)         475M (46%)            -                  -          
[66.354s][info][gc          ] GC(339) Garbage Collection (Allocation Rate) 536M(52%)->222M(22%)
[66.495s][info][gc,start    ] GC(340) Garbage Collection (Allocation Rate)
[66.495s][info][gc,task     ] GC(340) Using 2 workers
[66.496s][info][gc,phases   ] GC(340) Pause Mark Start 0.014ms
[66.542s][info][gc,phases   ] GC(340) Concurrent Mark 46.478ms
[66.542s][info][gc,phases   ] GC(340) Pause Mark End 0.010ms
[66.542s][info][gc,phases   ] GC(340) Concurrent Mark Free 0.001ms
[66.543s][info][gc,phases   ] GC(340) Concurrent Process Non-Strong References 0.921ms
[66.543s][info][gc,phases   ] GC(340) Concurrent Reset Relocation Set 0.005ms
[66.547s][info][gc,phases   ] GC(340) Concurrent Select Relocation Set 3.821ms
[66.547s][info][gc,phases   ] GC(340) Pause Relocate Start 0.003ms
[66.554s][info][gc,phases   ] GC(340) Concurrent Relocate 7.175ms
[66.554s][info][gc,load     ] GC(340) Load: 0.00/0.00/0.00
[66.555s][info][gc,mmu      ] GC(340) MMU: 2ms/98.9%, 5ms/99.4%, 10ms/99.7%, 20ms/99.7%, 50ms/99.9%, 100ms/99.9%
[66.555s][info][gc,marking  ] GC(340) Mark: 2 stripe(s), 2 proactive flush(es), 1 terminate flush(es), 0 completion(s), 0 continuation(s) 
[66.555s][info][gc,marking  ] GC(340) Mark Stack Usage: 32M
[66.555s][info][gc,nmethod  ] GC(340) NMethods: 345 registered, 3 unregistered
[66.555s][info][gc,metaspace] GC(340) Metaspace: 8M used, 8M committed, 1088M reserved
[66.555s][info][gc,ref      ] GC(340) Soft: 174 encountered, 0 discovered, 0 enqueued
[66.555s][info][gc,ref      ] GC(340) Weak: 570 encountered, 417 discovered, 0 enqueued
[66.555s][info][gc,ref      ] GC(340) Final: 0 encountered, 0 discovered, 0 enqueued
[66.555s][info][gc,ref      ] GC(340) Phantom: 21 encountered, 10 discovered, 0 enqueued
[66.555s][info][gc,reloc    ] GC(340) Small Pages: 254 / 508M, Empty: 450M, Relocated: 6M, In-Place: 0
[66.555s][info][gc,reloc    ] GC(340) Medium Pages: 2 / 64M, Empty: 0M, Relocated: 2M, In-Place: 0
[66.555s][info][gc,reloc    ] GC(340) Large Pages: 0 / 0M, Empty: 0M, Relocated: 0M, In-Place: 0
[66.555s][info][gc,reloc    ] GC(340) Forwarding Usage: 2M
[66.555s][info][gc,heap     ] GC(340) Min Capacity: 8M(1%)
[66.555s][info][gc,heap     ] GC(340) Max Capacity: 1024M(100%)
[66.555s][info][gc,heap     ] GC(340) Soft Max Capacity: 1024M(100%)
[66.555s][info][gc,heap     ] GC(340)                Mark Start          Mark End        Relocate Start      Relocate End           High               Low         
[66.555s][info][gc,heap     ] GC(340)  Capacity:     1024M (100%)       1024M (100%)       1024M (100%)       1024M (100%)       1024M (100%)       1024M (100%)   
[66.555s][info][gc,heap     ] GC(340)      Free:      452M (44%)         330M (32%)         766M (75%)         810M (79%)         820M (80%)         326M (32%)    
[66.555s][info][gc,heap     ] GC(340)      Used:      572M (56%)         694M (68%)         258M (25%)         214M (21%)         698M (68%)         204M (20%)    
[66.555s][info][gc,heap     ] GC(340)      Live:         -                24M (2%)           24M (2%)           24M (2%)             -                  -          
[66.555s][info][gc,heap     ] GC(340) Allocated:         -               122M (12%)         136M (13%)         153M (15%)            -                  -          
[66.555s][info][gc,heap     ] GC(340)   Garbage:         -               547M (53%)          97M (9%)           35M (3%)             -                  -          
[66.555s][info][gc,heap     ] GC(340) Reclaimed:         -                  -               450M (44%)         511M (50%)            -                  -          
[66.555s][info][gc          ] GC(340) Garbage Collection (Allocation Rate) 572M(56%)->214M(21%)
[66.689s][info][gc,start    ] GC(341) Garbage Collection (Allocation Rate)
[66.689s][info][gc,task     ] GC(341) Using 2 workers
[66.689s][info][gc,phases   ] GC(341) Pause Mark Start 0.012ms
[66.756s][info][gc,phases   ] GC(341) Concurrent Mark 67.166ms
[66.756s][info][gc,phases   ] GC(341) Pause Mark End 0.016ms
[66.757s][info][gc,phases   ] GC(341) Concurrent Mark Free 0.001ms
[66.758s][info][gc,phases   ] GC(341) Concurrent Process Non-Strong References 0.991ms
[66.758s][info][gc,phases   ] GC(341) Concurrent Reset Relocation Set 0.004ms
[66.762s][info][gc,phases   ] GC(341) Concurrent Select Relocation Set 4.284ms
[66.762s][info][gc,phases   ] GC(341) Pause Relocate Start 0.006ms
[66.764s][info][gc,phases   ] GC(341) Concurrent Relocate 1.567ms
[66.764s][info][gc,load     ] GC(341) Load: 0.00/0.00/0.00
[66.764s][info][gc,mmu      ] GC(341) MMU: 2ms/98.9%, 5ms/99.4%, 10ms/99.7%, 20ms/99.7%, 50ms/99.9%, 100ms/99.9%
[66.764s][info][gc,marking  ] GC(341) Mark: 2 stripe(s), 2 proactive flush(es), 1 terminate flush(es), 0 completion(s), 0 continuation(s) 
[66.764s][info][gc,marking  ] GC(341) Mark Stack Usage: 32M
[66.764s][info][gc,nmethod  ] GC(341) NMethods: 345 registered, 3 unregistered
[66.764s][info][gc,metaspace] GC(341) Metaspace: 8M used, 8M committed, 1088M reserved
[66.764s][info][gc,ref      ] GC(341) Soft: 174 encountered, 0 discovered, 0 enqueued
[66.764s][info][gc,ref      ] GC(341) Weak: 570 encountered, 424 discovered, 0 enqueued
[66.764s][info][gc,ref      ] GC(341) Final: 0 encountered, 0 discovered, 0 enqueued
[66.764s][info][gc,ref      ] GC(341) Phantom: 21 encountered, 17 discovered, 0 enqueued
[66.764s][info][gc,reloc    ] GC(341) Small Pages: 257 / 514M, Empty: 466M, Relocated: 1M, In-Place: 0
[66.764s][info][gc,reloc    ] GC(341) Medium Pages: 2 / 64M, Empty: 0M, Relocated: 2M, In-Place: 0
[66.764s][info][gc,reloc    ] GC(341) Large Pages: 0 / 0M, Empty: 0M, Relocated: 0M, In-Place: 0
[66.764s][info][gc,reloc    ] GC(341) Forwarding Usage: 0M
[66.764s][info][gc,heap     ] GC(341) Min Capacity: 8M(1%)
[66.764s][info][gc,heap     ] GC(341) Max Capacity: 1024M(100%)
[66.764s][info][gc,heap     ] GC(341) Soft Max Capacity: 1024M(100%)
[66.764s][info][gc,heap     ] GC(341)                Mark Start          Mark End        Relocate Start      Relocate End           High               Low         
[66.764s][info][gc,heap     ] GC(341)  Capacity:     1024M (100%)       1024M (100%)       1024M (100%)       1024M (100%)       1024M (100%)       1024M (100%)   
[66.764s][info][gc,heap     ] GC(341)      Free:      446M (44%)         268M (26%)         722M (71%)         766M (75%)         766M (75%)         266M (26%)    
[66.764s][info][gc,heap     ] GC(341)      Used:      578M (56%)         756M (74%)         302M (29%)         258M (25%)         758M (74%)         258M (25%)    
[66.764s][info][gc,heap     ] GC(341)      Live:         -                26M (3%)           26M (3%)           26M (3%)             -                  -          
[66.764s][info][gc,heap     ] GC(341) Allocated:         -               178M (17%)         190M (19%)         193M (19%)            -                  -          
[66.764s][info][gc,heap     ] GC(341)   Garbage:         -               551M (54%)          85M (8%)           37M (4%)             -                  -          
[66.764s][info][gc,heap     ] GC(341) Reclaimed:         -                  -               466M (46%)         513M (50%)            -                  -          
[66.765s][info][gc          ] GC(341) Garbage Collection (Allocation Rate) 578M(56%)->258M(25%)
[66.890s][info][gc,start    ] GC(342) Garbage Collection (Allocation Rate)
[66.890s][info][gc,task     ] GC(342) Using 2 workers
[66.890s][info][gc,phases   ] GC(342) Pause Mark Start 0.015ms
[66.938s][info][gc,phases   ] GC(342) Concurrent Mark 47.589ms
[66.938s][info][gc,phases   ] GC(342) Pause Mark End 0.017ms
[66.938s][info][gc,phases   ] GC(342) Concurrent Mark Free 0.001ms
[66.939s][info][gc,phases   ] GC(342) Concurrent Process Non-Strong References 1.005ms
[66.939s][info][gc,phases   ] GC(342) Concurrent Reset Relocation Set 0.003ms
[66.945s][info][gc,phases   ] GC(342) Concurrent Select Relocation Set 5.971ms
[66.945s][info][gc,phases   ] GC(342) Pause Relocate Start 0.006ms
[66.949s][info][gc,phases   ] GC(342) Concurrent Relocate 4.039ms
[66.949s][info][gc,load     ] GC(342) Load: 0.00/0.00/0.00
[66.949s][info][gc,mmu      ] GC(342) MMU: 2ms/98.9%, 5ms/99.4%, 10ms/99.7%, 20ms/99.7%, 50ms/99.9%, 100ms/99.9%
[66.949s][info][gc,marking  ] GC(342) Mark: 2 stripe(s), 2 proactive flush(es), 1 terminate flush(es), 0 completion(s), 0 continuation(s) 
[66.949s][info][gc,marking  ] GC(342) Mark Stack Usage: 32M
[66.949s][info][gc,nmethod  ] GC(342) NMethods: 345 registered, 3 unregistered
[66.949s][info][gc,metaspace] GC(342) Metaspace: 8M used, 8M committed, 1088M reserved
[66.949s][info][gc,ref      ] GC(342) Soft: 174 encountered, 0 discovered, 0 enqueued
[66.949s][info][gc,ref      ] GC(342) Weak: 570 encountered, 418 discovered, 0 enqueued
[66.949s][info][gc,ref      ] GC(342) Final: 0 encountered, 0 discovered, 0 enqueued
[66.949s][info][gc,ref      ] GC(342) Phantom: 21 encountered, 10 discovered, 0 enqueued
[66.949s][info][gc,reloc    ] GC(342) Small Pages: 271 / 542M, Empty: 494M, Relocated: 5M, In-Place: 0
[66.950s][info][gc,reloc    ] GC(342) Medium Pages: 1 / 32M, Empty: 0M, Relocated: 0M, In-Place: 0
[66.950s][info][gc,reloc    ] GC(342) Large Pages: 0 / 0M, Empty: 0M, Relocated: 0M, In-Place: 0
[66.950s][info][gc,reloc    ] GC(342) Forwarding Usage: 2M
[66.950s][info][gc,heap     ] GC(342) Min Capacity: 8M(1%)
[66.950s][info][gc,heap     ] GC(342) Max Capacity: 1024M(100%)
[66.950s][info][gc,heap     ] GC(342) Soft Max Capacity: 1024M(100%)
[66.950s][info][gc,heap     ] GC(342)                Mark Start          Mark End        Relocate Start      Relocate End           High               Low         
[66.950s][info][gc,heap     ] GC(342)  Capacity:     1024M (100%)       1024M (100%)       1024M (100%)       1024M (100%)       1024M (100%)       1024M (100%)   
[66.950s][info][gc,heap     ] GC(342)      Free:      450M (44%)         324M (32%)         798M (78%)         806M (79%)         810M (79%)         320M (31%)    
[66.950s][info][gc,heap     ] GC(342)      Used:      574M (56%)         700M (68%)         226M (22%)         218M (21%)         704M (69%)         214M (21%)    
[66.950s][info][gc,heap     ] GC(342)      Live:         -                27M (3%)           27M (3%)           27M (3%)             -                  -          
[66.950s][info][gc,heap     ] GC(342) Allocated:         -               126M (12%)         146M (14%)         153M (15%)            -                  -          
[66.950s][info][gc,heap     ] GC(342)   Garbage:         -               546M (53%)          52M (5%)           36M (4%)             -                  -          
[66.950s][info][gc,heap     ] GC(342) Reclaimed:         -                  -               494M (48%)         509M (50%)            -                  -          
[66.950s][info][gc          ] GC(342) Garbage Collection (Allocation Rate) 574M(56%)->218M(21%)
[67.100s][info][gc,start    ] GC(343) Garbage Collection (Allocation Rate)
[67.100s][info][gc,task     ] GC(343) Using 2 workers
[67.100s][info][gc,phases   ] GC(343) Pause Mark Start 0.014ms
[67.162s][info][gc,phases   ] GC(343) Concurrent Mark 62.071ms
[67.163s][info][gc,phases   ] GC(343) Pause Mark End 0.014ms
[67.163s][info][gc,phases   ] GC(343) Concurrent Mark Free 0.001ms
[67.164s][info][gc,phases   ] GC(343) Concurrent Process Non-Strong References 1.038ms
[67.164s][info][gc,phases   ] GC(343) Concurrent Reset Relocation Set 0.002ms
[67.168s][info][gc,phases   ] GC(343) Concurrent Select Relocation Set 3.838ms
[67.168s][info][gc,phases   ] GC(343) Pause Relocate Start 0.005ms
[67.173s][info][gc,phases   ] GC(343) Concurrent Relocate 5.084ms
[67.173s][info][gc,load     ] GC(343) Load: 0.00/0.00/0.00
[67.173s][info][gc,mmu      ] GC(343) MMU: 2ms/98.9%, 5ms/99.4%, 10ms/99.7%, 20ms/99.7%, 50ms/99.9%, 100ms/99.9%
[67.173s][info][gc,marking  ] GC(343) Mark: 2 stripe(s), 2 proactive flush(es), 1 terminate flush(es), 0 completion(s), 0 continuation(s) 
[67.173s][info][gc,marking  ] GC(343) Mark Stack Usage: 32M
[67.173s][info][gc,nmethod  ] GC(343) NMethods: 345 registered, 3 unregistered
[67.173s][info][gc,metaspace] GC(343) Metaspace: 8M used, 8M committed, 1088M reserved
[67.173s][info][gc,ref      ] GC(343) Soft: 174 encountered, 0 discovered, 0 enqueued
[67.173s][info][gc,ref      ] GC(343) Weak: 570 encountered, 419 discovered, 0 enqueued
[67.173s][info][gc,ref      ] GC(343) Final: 0 encountered, 0 discovered, 0 enqueued
[67.173s][info][gc,ref      ] GC(343) Phantom: 21 encountered, 17 discovered, 0 enqueued
[67.173s][info][gc,reloc    ] GC(343) Small Pages: 254 / 508M, Empty: 466M, Relocated: 5M, In-Place: 0
[67.173s][info][gc,reloc    ] GC(343) Medium Pages: 2 / 64M, Empty: 0M, Relocated: 2M, In-Place: 0
[67.173s][info][gc,reloc    ] GC(343) Large Pages: 0 / 0M, Empty: 0M, Relocated: 0M, In-Place: 0
[67.173s][info][gc,reloc    ] GC(343) Forwarding Usage: 2M
[67.173s][info][gc,heap     ] GC(343) Min Capacity: 8M(1%)
[67.173s][info][gc,heap     ] GC(343) Max Capacity: 1024M(100%)
[67.173s][info][gc,heap     ] GC(343) Soft Max Capacity: 1024M(100%)
[67.173s][info][gc,heap     ] GC(343)                Mark Start          Mark End        Relocate Start      Relocate End           High               Low         
[67.173s][info][gc,heap     ] GC(343)  Capacity:     1024M (100%)       1024M (100%)       1024M (100%)       1024M (100%)       1024M (100%)       1024M (100%)   
[67.173s][info][gc,heap     ] GC(343)      Free:      452M (44%)         400M (39%)         864M (84%)         900M (88%)         902M (88%)         400M (39%)    
[67.174s][info][gc,heap     ] GC(343)      Used:      572M (56%)         624M (61%)         160M (16%)         124M (12%)         624M (61%)         122M (12%)    
[67.174s][info][gc,heap     ] GC(343)      Live:         -                31M (3%)           31M (3%)           31M (3%)             -                  -          
[67.174s][info][gc,heap     ] GC(343) Allocated:         -                52M (5%)           54M (5%)           55M (5%)             -                  -          
[67.174s][info][gc,heap     ] GC(343)   Garbage:         -               540M (53%)          74M (7%)           36M (4%)             -                  -          
[67.174s][info][gc,heap     ] GC(343) Reclaimed:         -                  -               466M (46%)         503M (49%)            -                  -          
[67.174s][info][gc          ] GC(343) Garbage Collection (Allocation Rate) 572M(56%)->124M(12%)
[67.501s][info][gc,start    ] GC(344) Garbage Collection (Allocation Rate)
[67.501s][info][gc,task     ] GC(344) Using 1 workers
[67.501s][info][gc,phases   ] GC(344) Pause Mark Start 0.015ms
[67.575s][info][gc          ] GC(344) Garbage Collection (Allocation Rate) Aborted
[67.575s][info][gc,heap,exit] Heap
[67.575s][info][gc,heap,exit]  ZHeap           used 210M, capacity 1024M, max capacity 1024M
[67.575s][info][gc,heap,exit]  Metaspace       used 8700K, committed 8960K, reserved 1114112K
[67.575s][info][gc,heap,exit]   class space    used 1160K, committed 1280K, reserved 1048576K
