[0.015s][info][gc,init] Initializing The Z Garbage Collector
[0.016s][info][gc,init] Version: 20+36-2344 (release)
[0.016s][info][gc,init] NUMA Support: Disabled
[0.016s][info][gc,init] CPUs: 48 total, 48 available
[0.016s][info][gc,init] Memory: 391843M
[0.016s][info][gc,init] Large Page Support: Disabled
[0.016s][info][gc,init] GC Workers: 5 (dynamic)
[0.017s][info][gc,init] Address Space Type: Contiguous/Unrestricted/Complete
[0.017s][info][gc,init] Address Space Size: 8192M x 3 = 24576M
[0.017s][info][gc,init] Min Capacity: 8M
[0.017s][info][gc,init] Initial Capacity: 512M
[0.028s][info][gc,init] Max Capacity: 512M
[0.028s][info][gc,init] Medium Page Size: 16M
[0.028s][info][gc,init] Pre-touch: Disabled
[0.028s][info][gc,init] Uncommit: Enabled
[0.028s][info][gc,init] Uncommit Delay: 300s
[0.059s][info][gc,init] Runtime Workers: 5
[0.059s][info][gc     ] Using The Z Garbage Collector
[0.061s][info][gc,metaspace] CDS archive(s) mapped at: [0x0000000800000000-0x0000000800c60000-0x0000000800c60000), size 12976128, SharedBaseAddress: 0x0000000800000000, ArchiveRelocationMode: 0.
[0.061s][info][gc,metaspace] Compressed class space mapped at: 0x0000000801000000-0x0000000841000000, reserved size: 1073741824
[0.061s][info][gc,metaspace] Narrow klass base: 0x0000000800000000, Narrow klass shift: 0, Narrow klass range: 0x100000000
[0.956s][info][gc,start    ] GC(0) Garbage Collection (System.gc())
[0.956s][info][gc,task     ] GC(0) Using 5 workers
[0.956s][info][gc,phases   ] GC(0) Pause Mark Start 0.016ms
[0.966s][info][gc,phases   ] GC(0) Concurrent Mark 10.134ms
[0.967s][info][gc,phases   ] GC(0) Pause Mark End 0.020ms
[0.967s][info][gc,phases   ] GC(0) Concurrent Mark Free 0.001ms
[0.968s][info][gc,phases   ] GC(0) Concurrent Process Non-Strong References 1.356ms
[0.968s][info][gc,phases   ] GC(0) Concurrent Reset Relocation Set 0.001ms
[0.983s][info][gc,phases   ] GC(0) Concurrent Select Relocation Set 14.790ms
[0.983s][info][gc,phases   ] GC(0) Pause Relocate Start 0.009ms
[0.987s][info][gc,phases   ] GC(0) Concurrent Relocate 3.833ms
[0.987s][info][gc,load     ] GC(0) Load: 0.00/0.00/0.00
[0.987s][info][gc,mmu      ] GC(0) MMU: 2ms/99.0%, 5ms/99.6%, 10ms/99.8%, 20ms/99.8%, 50ms/99.9%, 100ms/100.0%
[0.987s][info][gc,marking  ] GC(0) Mark: 4 stripe(s), 2 proactive flush(es), 1 terminate flush(es), 0 completion(s), 0 continuation(s) 
[0.987s][info][gc,marking  ] GC(0) Mark Stack Usage: 32M
[0.987s][info][gc,nmethod  ] GC(0) NMethods: 1072 registered, 104 unregistered
[0.987s][info][gc,metaspace] GC(0) Metaspace: 8M used, 8M committed, 1088M reserved
[0.987s][info][gc,ref      ] GC(0) Soft: 164 encountered, 0 discovered, 0 enqueued
[0.987s][info][gc,ref      ] GC(0) Weak: 762 encountered, 478 discovered, 261 enqueued
[0.987s][info][gc,ref      ] GC(0) Final: 0 encountered, 0 discovered, 0 enqueued
[0.987s][info][gc,ref      ] GC(0) Phantom: 214 encountered, 205 discovered, 193 enqueued
[0.987s][info][gc,reloc    ] GC(0) Small Pages: 13 / 26M, Empty: 0M, Relocated: 3M, In-Place: 0
[0.987s][info][gc,reloc    ] GC(0) Medium Pages: 0 / 0M, Empty: 0M, Relocated: 0M, In-Place: 0
[0.987s][info][gc,reloc    ] GC(0) Large Pages: 0 / 0M, Empty: 0M, Relocated: 0M, In-Place: 0
[0.987s][info][gc,reloc    ] GC(0) Forwarding Usage: 1M
[0.987s][info][gc,heap     ] GC(0) Min Capacity: 8M(2%)
[0.987s][info][gc,heap     ] GC(0) Max Capacity: 512M(100%)
[0.987s][info][gc,heap     ] GC(0) Soft Max Capacity: 512M(100%)
[0.987s][info][gc,heap     ] GC(0)                Mark Start          Mark End        Relocate Start      Relocate End           High               Low         
[0.987s][info][gc,heap     ] GC(0)  Capacity:      512M (100%)        512M (100%)        512M (100%)        512M (100%)        512M (100%)        512M (100%)   
[0.987s][info][gc,heap     ] GC(0)      Free:      486M (95%)         486M (95%)         484M (95%)         498M (97%)         498M (97%)         474M (93%)    
[0.987s][info][gc,heap     ] GC(0)      Used:       26M (5%)           26M (5%)           28M (5%)           14M (3%)           38M (7%)           14M (3%)     
[0.988s][info][gc,heap     ] GC(0)      Live:         -                 4M (1%)            4M (1%)            4M (1%)             -                  -          
[0.988s][info][gc,heap     ] GC(0) Allocated:         -                 0M (0%)            2M (0%)            2M (0%)             -                  -          
[0.988s][info][gc,heap     ] GC(0)   Garbage:         -                21M (4%)           21M (4%)            7M (2%)             -                  -          
[0.988s][info][gc,heap     ] GC(0) Reclaimed:         -                  -                 0M (0%)           14M (3%)             -                  -          
[0.988s][info][gc          ] GC(0) Garbage Collection (System.gc()) 26M(5%)->14M(3%)
[1.180s][info][gc,start    ] GC(1) Garbage Collection (Warmup)
[1.180s][info][gc,task     ] GC(1) Using 5 workers
[1.180s][info][gc,phases   ] GC(1) Pause Mark Start 0.014ms
[1.190s][info][gc,phases   ] GC(1) Concurrent Mark 9.549ms
[1.190s][info][gc,phases   ] GC(1) Pause Mark End 0.009ms
[1.190s][info][gc,phases   ] GC(1) Concurrent Mark Free 0.001ms
[1.191s][info][gc,phases   ] GC(1) Concurrent Process Non-Strong References 1.410ms
[1.191s][info][gc,phases   ] GC(1) Concurrent Reset Relocation Set 0.002ms
[1.197s][info][gc,phases   ] GC(1) Concurrent Select Relocation Set 5.964ms
[1.197s][info][gc,phases   ] GC(1) Pause Relocate Start 0.005ms
[1.201s][info][gc,phases   ] GC(1) Concurrent Relocate 3.197ms
[1.201s][info][gc,load     ] GC(1) Load: 0.00/0.00/0.00
[1.201s][info][gc,mmu      ] GC(1) MMU: 2ms/99.0%, 5ms/99.6%, 10ms/99.8%, 20ms/99.8%, 50ms/99.9%, 100ms/100.0%
[1.201s][info][gc,marking  ] GC(1) Mark: 4 stripe(s), 2 proactive flush(es), 1 terminate flush(es), 0 completion(s), 0 continuation(s) 
[1.201s][info][gc,marking  ] GC(1) Mark Stack Usage: 32M
[1.201s][info][gc,nmethod  ] GC(1) NMethods: 1264 registered, 112 unregistered
[1.201s][info][gc,metaspace] GC(1) Metaspace: 8M used, 8M committed, 1088M reserved
[1.201s][info][gc,ref      ] GC(1) Soft: 169 encountered, 0 discovered, 0 enqueued
[1.201s][info][gc,ref      ] GC(1) Weak: 557 encountered, 96 discovered, 21 enqueued
[1.201s][info][gc,ref      ] GC(1) Final: 0 encountered, 0 discovered, 0 enqueued
[1.201s][info][gc,ref      ] GC(1) Phantom: 37 encountered, 34 discovered, 16 enqueued
[1.201s][info][gc,reloc    ] GC(1) Small Pages: 78 / 156M, Empty: 126M, Relocated: 4M, In-Place: 0
[1.201s][info][gc,reloc    ] GC(1) Medium Pages: 0 / 0M, Empty: 0M, Relocated: 0M, In-Place: 0
[1.201s][info][gc,reloc    ] GC(1) Large Pages: 0 / 0M, Empty: 0M, Relocated: 0M, In-Place: 0
[1.201s][info][gc,reloc    ] GC(1) Forwarding Usage: 1M
[1.201s][info][gc,heap     ] GC(1) Min Capacity: 8M(2%)
[1.201s][info][gc,heap     ] GC(1) Max Capacity: 512M(100%)
[1.201s][info][gc,heap     ] GC(1) Soft Max Capacity: 512M(100%)
[1.201s][info][gc,heap     ] GC(1)                Mark Start          Mark End        Relocate Start      Relocate End           High               Low         
[1.201s][info][gc,heap     ] GC(1)  Capacity:      512M (100%)        512M (100%)        512M (100%)        512M (100%)        512M (100%)        512M (100%)   
[1.201s][info][gc,heap     ] GC(1)      Free:      356M (70%)         344M (67%)         466M (91%)         482M (94%)         482M (94%)         342M (67%)    
[1.201s][info][gc,heap     ] GC(1)      Used:      156M (30%)         168M (33%)          46M (9%)           30M (6%)          170M (33%)          30M (6%)     
[1.201s][info][gc,heap     ] GC(1)      Live:         -                 4M (1%)            4M (1%)            4M (1%)             -                  -          
[1.201s][info][gc,heap     ] GC(1) Allocated:         -                12M (2%)           16M (3%)           19M (4%)             -                  -          
[1.202s][info][gc,heap     ] GC(1)   Garbage:         -               151M (30%)          25M (5%)            5M (1%)             -                  -          
[1.202s][info][gc,heap     ] GC(1) Reclaimed:         -                  -               126M (25%)         145M (29%)            -                  -          
[1.202s][info][gc          ] GC(1) Garbage Collection (Warmup) 156M(30%)->30M(6%)
[1.280s][info][gc,start    ] GC(2) Garbage Collection (Warmup)
[1.280s][info][gc,task     ] GC(2) Using 5 workers
[1.281s][info][gc,phases   ] GC(2) Pause Mark Start 0.016ms
[1.292s][info][gc,phases   ] GC(2) Concurrent Mark 11.611ms
[1.292s][info][gc,phases   ] GC(2) Pause Mark End 0.016ms
[1.292s][info][gc,phases   ] GC(2) Concurrent Mark Free 0.001ms
[1.294s][info][gc,phases   ] GC(2) Concurrent Process Non-Strong References 1.282ms
[1.294s][info][gc,phases   ] GC(2) Concurrent Reset Relocation Set 0.002ms
[1.298s][info][gc,phases   ] GC(2) Concurrent Select Relocation Set 3.920ms
[1.298s][info][gc,phases   ] GC(2) Pause Relocate Start 0.008ms
[1.300s][info][gc,phases   ] GC(2) Concurrent Relocate 2.088ms
[1.300s][info][gc,load     ] GC(2) Load: 0.00/0.00/0.00
[1.300s][info][gc,mmu      ] GC(2) MMU: 2ms/99.0%, 5ms/99.6%, 10ms/99.8%, 20ms/99.8%, 50ms/99.9%, 100ms/100.0%
[1.300s][info][gc,marking  ] GC(2) Mark: 4 stripe(s), 2 proactive flush(es), 1 terminate flush(es), 0 completion(s), 0 continuation(s) 
[1.300s][info][gc,marking  ] GC(2) Mark Stack Usage: 32M
[1.300s][info][gc,nmethod  ] GC(2) NMethods: 1264 registered, 117 unregistered
[1.300s][info][gc,metaspace] GC(2) Metaspace: 8M used, 8M committed, 1088M reserved
[1.300s][info][gc,ref      ] GC(2) Soft: 169 encountered, 0 discovered, 0 enqueued
[1.300s][info][gc,ref      ] GC(2) Weak: 536 encountered, 8 discovered, 0 enqueued
[1.300s][info][gc,ref      ] GC(2) Final: 0 encountered, 0 discovered, 0 enqueued
[1.300s][info][gc,ref      ] GC(2) Phantom: 21 encountered, 17 discovered, 0 enqueued
[1.300s][info][gc,reloc    ] GC(2) Small Pages: 101 / 202M, Empty: 174M, Relocated: 1M, In-Place: 0
[1.300s][info][gc,reloc    ] GC(2) Medium Pages: 0 / 0M, Empty: 0M, Relocated: 0M, In-Place: 0
[1.300s][info][gc,reloc    ] GC(2) Large Pages: 0 / 0M, Empty: 0M, Relocated: 0M, In-Place: 0
[1.301s][info][gc,reloc    ] GC(2) Forwarding Usage: 0M
[1.301s][info][gc,heap     ] GC(2) Min Capacity: 8M(2%)
[1.301s][info][gc,heap     ] GC(2) Max Capacity: 512M(100%)
[1.301s][info][gc,heap     ] GC(2) Soft Max Capacity: 512M(100%)
[1.301s][info][gc,heap     ] GC(2)                Mark Start          Mark End        Relocate Start      Relocate End           High               Low         
[1.301s][info][gc,heap     ] GC(2)  Capacity:      512M (100%)        512M (100%)        512M (100%)        512M (100%)        512M (100%)        512M (100%)   
[1.301s][info][gc,heap     ] GC(2)      Free:      310M (61%)         296M (58%)         464M (91%)         470M (92%)         472M (92%)         294M (57%)    
[1.301s][info][gc,heap     ] GC(2)      Used:      202M (39%)         216M (42%)          48M (9%)           42M (8%)          218M (43%)          40M (8%)     
[1.301s][info][gc,heap     ] GC(2)      Live:         -                 5M (1%)            5M (1%)            5M (1%)             -                  -          
[1.301s][info][gc,heap     ] GC(2) Allocated:         -                14M (3%)           20M (4%)           25M (5%)             -                  -          
[1.301s][info][gc,heap     ] GC(2)   Garbage:         -               196M (38%)          22M (4%)           10M (2%)             -                  -          
[1.301s][info][gc,heap     ] GC(2) Reclaimed:         -                  -               174M (34%)         185M (36%)            -                  -          
[1.301s][info][gc          ] GC(2) Garbage Collection (Warmup) 202M(39%)->42M(8%)
[1.380s][info][gc,start    ] GC(3) Garbage Collection (Warmup)
[1.380s][info][gc,task     ] GC(3) Using 5 workers
[1.380s][info][gc,phases   ] GC(3) Pause Mark Start 0.012ms
[1.389s][info][gc,phases   ] GC(3) Concurrent Mark 9.706ms
[1.390s][info][gc,phases   ] GC(3) Pause Mark End 0.013ms
[1.390s][info][gc,phases   ] GC(3) Concurrent Mark Free 0.001ms
[1.391s][info][gc,phases   ] GC(3) Concurrent Process Non-Strong References 1.052ms
[1.391s][info][gc,phases   ] GC(3) Concurrent Reset Relocation Set 0.003ms
[1.396s][info][gc,phases   ] GC(3) Concurrent Select Relocation Set 5.097ms
[1.396s][info][gc,phases   ] GC(3) Pause Relocate Start 0.006ms
[1.400s][info][gc,phases   ] GC(3) Concurrent Relocate 4.130ms
[1.400s][info][gc,load     ] GC(3) Load: 0.00/0.00/0.00
[1.400s][info][gc,mmu      ] GC(3) MMU: 2ms/99.0%, 5ms/99.6%, 10ms/99.7%, 20ms/99.8%, 50ms/99.9%, 100ms/99.9%
[1.400s][info][gc,marking  ] GC(3) Mark: 4 stripe(s), 2 proactive flush(es), 1 terminate flush(es), 0 completion(s), 0 continuation(s) 
[1.400s][info][gc,marking  ] GC(3) Mark Stack Usage: 32M
[1.400s][info][gc,nmethod  ] GC(3) NMethods: 1264 registered, 117 unregistered
[1.400s][info][gc,metaspace] GC(3) Metaspace: 8M used, 8M committed, 1088M reserved
[1.400s][info][gc,ref      ] GC(3) Soft: 169 encountered, 0 discovered, 0 enqueued
[1.400s][info][gc,ref      ] GC(3) Weak: 536 encountered, 5 discovered, 0 enqueued
[1.401s][info][gc,ref      ] GC(3) Final: 0 encountered, 0 discovered, 0 enqueued
[1.401s][info][gc,ref      ] GC(3) Phantom: 21 encountered, 13 discovered, 0 enqueued
[1.401s][info][gc,reloc    ] GC(3) Small Pages: 112 / 224M, Empty: 190M, Relocated: 3M, In-Place: 0
[1.401s][info][gc,reloc    ] GC(3) Medium Pages: 0 / 0M, Empty: 0M, Relocated: 0M, In-Place: 0
[1.401s][info][gc,reloc    ] GC(3) Large Pages: 0 / 0M, Empty: 0M, Relocated: 0M, In-Place: 0
[1.401s][info][gc,reloc    ] GC(3) Forwarding Usage: 1M
[1.401s][info][gc,heap     ] GC(3) Min Capacity: 8M(2%)
[1.401s][info][gc,heap     ] GC(3) Max Capacity: 512M(100%)
[1.401s][info][gc,heap     ] GC(3) Soft Max Capacity: 512M(100%)
[1.401s][info][gc,heap     ] GC(3)                Mark Start          Mark End        Relocate Start      Relocate End           High               Low         
[1.401s][info][gc,heap     ] GC(3)  Capacity:      512M (100%)        512M (100%)        512M (100%)        512M (100%)        512M (100%)        512M (100%)   
[1.401s][info][gc,heap     ] GC(3)      Free:      288M (56%)         278M (54%)         460M (90%)         470M (92%)         474M (93%)         276M (54%)    
[1.401s][info][gc,heap     ] GC(3)      Used:      224M (44%)         234M (46%)          52M (10%)          42M (8%)          236M (46%)          38M (7%)     
[1.401s][info][gc,heap     ] GC(3)      Live:         -                 5M (1%)            5M (1%)            5M (1%)             -                  -          
[1.401s][info][gc,heap     ] GC(3) Allocated:         -                10M (2%)           18M (4%)           27M (5%)             -                  -          
[1.401s][info][gc,heap     ] GC(3)   Garbage:         -               218M (43%)          28M (5%)            8M (2%)             -                  -          
[1.401s][info][gc,heap     ] GC(3) Reclaimed:         -                  -               190M (37%)         209M (41%)            -                  -          
[1.401s][info][gc          ] GC(3) Garbage Collection (Warmup) 224M(44%)->42M(8%)
[1.480s][info][gc,start    ] GC(4) Garbage Collection (Allocation Rate)
[1.480s][info][gc,task     ] GC(4) Using 5 workers
[1.480s][info][gc,phases   ] GC(4) Pause Mark Start 0.014ms
[1.491s][info][gc,phases   ] GC(4) Concurrent Mark 10.642ms
[1.491s][info][gc,phases   ] GC(4) Pause Mark End 0.014ms
[1.491s][info][gc,phases   ] GC(4) Concurrent Mark Free 0.001ms
[1.493s][info][gc,phases   ] GC(4) Concurrent Process Non-Strong References 1.190ms
[1.493s][info][gc,phases   ] GC(4) Concurrent Reset Relocation Set 0.003ms
[1.499s][info][gc,phases   ] GC(4) Concurrent Select Relocation Set 6.203ms
[1.499s][info][gc,phases   ] GC(4) Pause Relocate Start 0.007ms
[1.503s][info][gc,phases   ] GC(4) Concurrent Relocate 4.228ms
[1.503s][info][gc,load     ] GC(4) Load: 0.00/0.00/0.00
[1.503s][info][gc,mmu      ] GC(4) MMU: 2ms/99.0%, 5ms/99.6%, 10ms/99.7%, 20ms/99.8%, 50ms/99.9%, 100ms/99.9%
[1.503s][info][gc,marking  ] GC(4) Mark: 4 stripe(s), 2 proactive flush(es), 1 terminate flush(es), 0 completion(s), 0 continuation(s) 
[1.504s][info][gc,marking  ] GC(4) Mark Stack Usage: 32M
[1.504s][info][gc,nmethod  ] GC(4) NMethods: 1262 registered, 119 unregistered
[1.504s][info][gc,metaspace] GC(4) Metaspace: 8M used, 8M committed, 1088M reserved
[1.504s][info][gc,ref      ] GC(4) Soft: 169 encountered, 0 discovered, 0 enqueued
[1.504s][info][gc,ref      ] GC(4) Weak: 536 encountered, 65 discovered, 0 enqueued
[1.504s][info][gc,ref      ] GC(4) Final: 0 encountered, 0 discovered, 0 enqueued
[1.504s][info][gc,ref      ] GC(4) Phantom: 21 encountered, 17 discovered, 0 enqueued
[1.504s][info][gc,reloc    ] GC(4) Small Pages: 118 / 236M, Empty: 204M, Relocated: 5M, In-Place: 0
[1.504s][info][gc,reloc    ] GC(4) Medium Pages: 1 / 16M, Empty: 0M, Relocated: 0M, In-Place: 0
[1.504s][info][gc,reloc    ] GC(4) Large Pages: 0 / 0M, Empty: 0M, Relocated: 0M, In-Place: 0
[1.504s][info][gc,reloc    ] GC(4) Forwarding Usage: 2M
[1.504s][info][gc,heap     ] GC(4) Min Capacity: 8M(2%)
[1.504s][info][gc,heap     ] GC(4) Max Capacity: 512M(100%)
[1.504s][info][gc,heap     ] GC(4) Soft Max Capacity: 512M(100%)
[1.504s][info][gc,heap     ] GC(4)                Mark Start          Mark End        Relocate Start      Relocate End           High               Low         
[1.504s][info][gc,heap     ] GC(4)  Capacity:      512M (100%)        512M (100%)        512M (100%)        512M (100%)        512M (100%)        512M (100%)   
[1.504s][info][gc,heap     ] GC(4)      Free:      260M (51%)         246M (48%)         438M (86%)         452M (88%)         452M (88%)         244M (48%)    
[1.504s][info][gc,heap     ] GC(4)      Used:      252M (49%)         266M (52%)          74M (14%)          60M (12%)         268M (52%)          60M (12%)    
[1.504s][info][gc,heap     ] GC(4)      Live:         -                 6M (1%)            6M (1%)            6M (1%)             -                  -          
[1.504s][info][gc,heap     ] GC(4) Allocated:         -                14M (3%)           26M (5%)           31M (6%)             -                  -          
[1.504s][info][gc,heap     ] GC(4)   Garbage:         -               245M (48%)          41M (8%)           21M (4%)             -                  -          
[1.504s][info][gc,heap     ] GC(4) Reclaimed:         -                  -               204M (40%)         223M (44%)            -                  -          
[1.504s][info][gc          ] GC(4) Garbage Collection (Allocation Rate) 252M(49%)->60M(12%)
[1.580s][info][gc,start    ] GC(5) Garbage Collection (Allocation Rate)
[1.580s][info][gc,task     ] GC(5) Using 5 workers
[1.580s][info][gc,phases   ] GC(5) Pause Mark Start 0.014ms
[1.593s][info][gc,phases   ] GC(5) Concurrent Mark 12.674ms
[1.593s][info][gc,phases   ] GC(5) Pause Mark End 0.014ms
[1.593s][info][gc,phases   ] GC(5) Concurrent Mark Free 0.001ms
[1.594s][info][gc,phases   ] GC(5) Concurrent Process Non-Strong References 1.113ms
[1.594s][info][gc,phases   ] GC(5) Concurrent Reset Relocation Set 0.003ms
[1.598s][info][gc,phases   ] GC(5) Concurrent Select Relocation Set 3.843ms
[1.598s][info][gc,phases   ] GC(5) Pause Relocate Start 0.006ms
[1.602s][info][gc,phases   ] GC(5) Concurrent Relocate 3.302ms
[1.602s][info][gc,load     ] GC(5) Load: 0.00/0.00/0.00
[1.602s][info][gc,mmu      ] GC(5) MMU: 2ms/99.0%, 5ms/99.6%, 10ms/99.7%, 20ms/99.8%, 50ms/99.9%, 100ms/99.9%
[1.602s][info][gc,marking  ] GC(5) Mark: 4 stripe(s), 2 proactive flush(es), 1 terminate flush(es), 0 completion(s), 0 continuation(s) 
[1.602s][info][gc,marking  ] GC(5) Mark Stack Usage: 32M
[1.602s][info][gc,nmethod  ] GC(5) NMethods: 1262 registered, 119 unregistered
[1.602s][info][gc,metaspace] GC(5) Metaspace: 8M used, 8M committed, 1088M reserved
[1.602s][info][gc,ref      ] GC(5) Soft: 169 encountered, 0 discovered, 0 enqueued
[1.602s][info][gc,ref      ] GC(5) Weak: 536 encountered, 184 discovered, 0 enqueued
[1.602s][info][gc,ref      ] GC(5) Final: 0 encountered, 0 discovered, 0 enqueued
[1.602s][info][gc,ref      ] GC(5) Phantom: 21 encountered, 10 discovered, 0 enqueued
[1.602s][info][gc,reloc    ] GC(5) Small Pages: 125 / 250M, Empty: 218M, Relocated: 3M, In-Place: 0
[1.602s][info][gc,reloc    ] GC(5) Medium Pages: 1 / 16M, Empty: 0M, Relocated: 0M, In-Place: 0
[1.602s][info][gc,reloc    ] GC(5) Large Pages: 0 / 0M, Empty: 0M, Relocated: 0M, In-Place: 0
[1.602s][info][gc,reloc    ] GC(5) Forwarding Usage: 1M
[1.602s][info][gc,heap     ] GC(5) Min Capacity: 8M(2%)
[1.602s][info][gc,heap     ] GC(5) Max Capacity: 512M(100%)
[1.602s][info][gc,heap     ] GC(5) Soft Max Capacity: 512M(100%)
[1.602s][info][gc,heap     ] GC(5)                Mark Start          Mark End        Relocate Start      Relocate End           High               Low         
[1.602s][info][gc,heap     ] GC(5)  Capacity:      512M (100%)        512M (100%)        512M (100%)        512M (100%)        512M (100%)        512M (100%)   
[1.602s][info][gc,heap     ] GC(5)      Free:      246M (48%)         230M (45%)         440M (86%)         448M (88%)         448M (88%)         228M (45%)    
[1.602s][info][gc,heap     ] GC(5)      Used:      266M (52%)         282M (55%)          72M (14%)          64M (13%)         284M (55%)          64M (13%)    
[1.602s][info][gc,heap     ] GC(5)      Live:         -                 7M (1%)            7M (1%)            7M (1%)             -                  -          
[1.602s][info][gc,heap     ] GC(5) Allocated:         -                16M (3%)           24M (5%)           31M (6%)             -                  -          
[1.603s][info][gc,heap     ] GC(5)   Garbage:         -               258M (51%)          40M (8%)           24M (5%)             -                  -          
[1.603s][info][gc,heap     ] GC(5) Reclaimed:         -                  -               218M (43%)         233M (46%)            -                  -          
[1.603s][info][gc          ] GC(5) Garbage Collection (Allocation Rate) 266M(52%)->64M(13%)
[1.680s][info][gc,start    ] GC(6) Garbage Collection (Allocation Rate)
[1.680s][info][gc,task     ] GC(6) Using 5 workers
[1.680s][info][gc,phases   ] GC(6) Pause Mark Start 0.014ms
[1.693s][info][gc,phases   ] GC(6) Concurrent Mark 12.689ms
[1.693s][info][gc,phases   ] GC(6) Pause Mark End 0.013ms
[1.693s][info][gc,phases   ] GC(6) Concurrent Mark Free 0.001ms
[1.694s][info][gc,phases   ] GC(6) Concurrent Process Non-Strong References 1.033ms
[1.694s][info][gc,phases   ] GC(6) Concurrent Reset Relocation Set 0.002ms
[1.700s][info][gc,phases   ] GC(6) Concurrent Select Relocation Set 6.030ms
[1.700s][info][gc,phases   ] GC(6) Pause Relocate Start 0.007ms
[1.705s][info][gc,phases   ] GC(6) Concurrent Relocate 4.850ms
[1.705s][info][gc,load     ] GC(6) Load: 0.00/0.00/0.00
[1.705s][info][gc,mmu      ] GC(6) MMU: 2ms/99.0%, 5ms/99.6%, 10ms/99.7%, 20ms/99.8%, 50ms/99.9%, 100ms/99.9%
[1.705s][info][gc,marking  ] GC(6) Mark: 4 stripe(s), 2 proactive flush(es), 1 terminate flush(es), 0 completion(s), 0 continuation(s) 
[1.705s][info][gc,marking  ] GC(6) Mark Stack Usage: 32M
[1.705s][info][gc,nmethod  ] GC(6) NMethods: 1262 registered, 119 unregistered
[1.705s][info][gc,metaspace] GC(6) Metaspace: 8M used, 8M committed, 1088M reserved
[1.705s][info][gc,ref      ] GC(6) Soft: 169 encountered, 0 discovered, 0 enqueued
[1.705s][info][gc,ref      ] GC(6) Weak: 536 encountered, 125 discovered, 0 enqueued
[1.705s][info][gc,ref      ] GC(6) Final: 0 encountered, 0 discovered, 0 enqueued
[1.705s][info][gc,ref      ] GC(6) Phantom: 21 encountered, 13 discovered, 0 enqueued
[1.705s][info][gc,reloc    ] GC(6) Small Pages: 116 / 232M, Empty: 202M, Relocated: 4M, In-Place: 0
[1.705s][info][gc,reloc    ] GC(6) Medium Pages: 1 / 16M, Empty: 0M, Relocated: 0M, In-Place: 0
[1.705s][info][gc,reloc    ] GC(6) Large Pages: 0 / 0M, Empty: 0M, Relocated: 0M, In-Place: 0
[1.705s][info][gc,reloc    ] GC(6) Forwarding Usage: 2M
[1.705s][info][gc,heap     ] GC(6) Min Capacity: 8M(2%)
[1.705s][info][gc,heap     ] GC(6) Max Capacity: 512M(100%)
[1.705s][info][gc,heap     ] GC(6) Soft Max Capacity: 512M(100%)
[1.706s][info][gc,heap     ] GC(6)                Mark Start          Mark End        Relocate Start      Relocate End           High               Low         
[1.706s][info][gc,heap     ] GC(6)  Capacity:      512M (100%)        512M (100%)        512M (100%)        512M (100%)        512M (100%)        512M (100%)   
[1.706s][info][gc,heap     ] GC(6)      Free:      264M (52%)         248M (48%)         438M (86%)         448M (88%)         448M (88%)         246M (48%)    
[1.706s][info][gc,heap     ] GC(6)      Used:      248M (48%)         264M (52%)          74M (14%)          64M (13%)         266M (52%)          64M (13%)    
[1.706s][info][gc,heap     ] GC(6)      Live:         -                 7M (2%)            7M (2%)            7M (2%)             -                  -          
[1.706s][info][gc,heap     ] GC(6) Allocated:         -                16M (3%)           28M (5%)           33M (7%)             -                  -          
[1.706s][info][gc,heap     ] GC(6)   Garbage:         -               240M (47%)          38M (7%)           22M (4%)             -                  -          
[1.706s][info][gc,heap     ] GC(6) Reclaimed:         -                  -               202M (39%)         217M (43%)            -                  -          
[1.706s][info][gc          ] GC(6) Garbage Collection (Allocation Rate) 248M(48%)->64M(13%)
[1.789s][info][gc,start    ] GC(7) Garbage Collection (Allocation Rate)
[1.789s][info][gc,task     ] GC(7) Using 5 workers
[1.789s][info][gc,phases   ] GC(7) Pause Mark Start 0.013ms
[1.820s][info][gc,phases   ] GC(7) Concurrent Mark 31.015ms
[1.821s][info][gc,phases   ] GC(7) Pause Mark End 0.014ms
[1.821s][info][gc,phases   ] GC(7) Concurrent Mark Free 0.001ms
[1.822s][info][gc,phases   ] GC(7) Concurrent Process Non-Strong References 1.169ms
[1.822s][info][gc,phases   ] GC(7) Concurrent Reset Relocation Set 0.003ms
[1.829s][info][gc,phases   ] GC(7) Concurrent Select Relocation Set 7.227ms
[1.829s][info][gc,phases   ] GC(7) Pause Relocate Start 0.006ms
[1.835s][info][gc,phases   ] GC(7) Concurrent Relocate 5.401ms
[1.835s][info][gc,load     ] GC(7) Load: 0.00/0.00/0.00
[1.835s][info][gc,mmu      ] GC(7) MMU: 2ms/99.0%, 5ms/99.6%, 10ms/99.7%, 20ms/99.8%, 50ms/99.9%, 100ms/99.9%
[1.835s][info][gc,marking  ] GC(7) Mark: 4 stripe(s), 2 proactive flush(es), 1 terminate flush(es), 0 completion(s), 0 continuation(s) 
[1.835s][info][gc,marking  ] GC(7) Mark Stack Usage: 32M
[1.835s][info][gc,nmethod  ] GC(7) NMethods: 1262 registered, 119 unregistered
[1.835s][info][gc,metaspace] GC(7) Metaspace: 8M used, 8M committed, 1088M reserved
[1.835s][info][gc,ref      ] GC(7) Soft: 169 encountered, 0 discovered, 0 enqueued
[1.835s][info][gc,ref      ] GC(7) Weak: 536 encountered, 55 discovered, 0 enqueued
[1.835s][info][gc,ref      ] GC(7) Final: 0 encountered, 0 discovered, 0 enqueued
[1.835s][info][gc,ref      ] GC(7) Phantom: 21 encountered, 17 discovered, 0 enqueued
[1.835s][info][gc,reloc    ] GC(7) Small Pages: 136 / 272M, Empty: 244M, Relocated: 6M, In-Place: 0
[1.835s][info][gc,reloc    ] GC(7) Medium Pages: 1 / 16M, Empty: 0M, Relocated: 0M, In-Place: 0
[1.835s][info][gc,reloc    ] GC(7) Large Pages: 0 / 0M, Empty: 0M, Relocated: 0M, In-Place: 0
[1.835s][info][gc,reloc    ] GC(7) Forwarding Usage: 2M
[1.835s][info][gc,heap     ] GC(7) Min Capacity: 8M(2%)
[1.835s][info][gc,heap     ] GC(7) Max Capacity: 512M(100%)
[1.835s][info][gc,heap     ] GC(7) Soft Max Capacity: 512M(100%)
[1.835s][info][gc,heap     ] GC(7)                Mark Start          Mark End        Relocate Start      Relocate End           High               Low         
[1.835s][info][gc,heap     ] GC(7)  Capacity:      512M (100%)        512M (100%)        512M (100%)        512M (100%)        512M (100%)        512M (100%)   
[1.835s][info][gc,heap     ] GC(7)      Free:      224M (44%)         182M (36%)         412M (80%)         416M (81%)         418M (82%)         180M (35%)    
[1.835s][info][gc,heap     ] GC(7)      Used:      288M (56%)         330M (64%)         100M (20%)          96M (19%)         332M (65%)          94M (18%)    
[1.835s][info][gc,heap     ] GC(7)      Live:         -                 8M (2%)            8M (2%)            8M (2%)             -                  -          
[1.835s][info][gc,heap     ] GC(7) Allocated:         -                42M (8%)           56M (11%)          67M (13%)            -                  -          
[1.835s][info][gc,heap     ] GC(7)   Garbage:         -               279M (55%)          35M (7%)           19M (4%)             -                  -          
[1.835s][info][gc,heap     ] GC(7) Reclaimed:         -                  -               244M (48%)         259M (51%)            -                  -          
[1.835s][info][gc          ] GC(7) Garbage Collection (Allocation Rate) 288M(56%)->96M(19%)
[1.883s][info][gc,start    ] GC(8) Garbage Collection (Allocation Rate)
[1.883s][info][gc,task     ] GC(8) Using 5 workers
[1.883s][info][gc,phases   ] GC(8) Pause Mark Start 0.010ms
[1.899s][info][gc,phases   ] GC(8) Concurrent Mark 15.367ms
[1.899s][info][gc,phases   ] GC(8) Pause Mark End 0.012ms
[1.899s][info][gc,phases   ] GC(8) Concurrent Mark Free 0.001ms
[1.900s][info][gc,phases   ] GC(8) Concurrent Process Non-Strong References 1.207ms
[1.900s][info][gc,phases   ] GC(8) Concurrent Reset Relocation Set 0.003ms
[1.904s][info][gc,phases   ] GC(8) Concurrent Select Relocation Set 4.002ms
[1.904s][info][gc,phases   ] GC(8) Pause Relocate Start 0.005ms
[1.907s][info][gc,phases   ] GC(8) Concurrent Relocate 2.822ms
[1.907s][info][gc,load     ] GC(8) Load: 0.00/0.00/0.00
[1.907s][info][gc,mmu      ] GC(8) MMU: 2ms/99.0%, 5ms/99.6%, 10ms/99.7%, 20ms/99.8%, 50ms/99.9%, 100ms/99.9%
[1.907s][info][gc,marking  ] GC(8) Mark: 4 stripe(s), 2 proactive flush(es), 1 terminate flush(es), 0 completion(s), 0 continuation(s) 
[1.907s][info][gc,marking  ] GC(8) Mark Stack Usage: 32M
[1.907s][info][gc,nmethod  ] GC(8) NMethods: 1262 registered, 119 unregistered
[1.907s][info][gc,metaspace] GC(8) Metaspace: 8M used, 8M committed, 1088M reserved
[1.907s][info][gc,ref      ] GC(8) Soft: 169 encountered, 0 discovered, 0 enqueued
[1.907s][info][gc,ref      ] GC(8) Weak: 536 encountered, 163 discovered, 0 enqueued
[1.907s][info][gc,ref      ] GC(8) Final: 0 encountered, 0 discovered, 0 enqueued
[1.907s][info][gc,ref      ] GC(8) Phantom: 21 encountered, 15 discovered, 0 enqueued
[1.907s][info][gc,reloc    ] GC(8) Small Pages: 106 / 212M, Empty: 182M, Relocated: 1M, In-Place: 0
[1.907s][info][gc,reloc    ] GC(8) Medium Pages: 1 / 16M, Empty: 0M, Relocated: 0M, In-Place: 0
[1.907s][info][gc,reloc    ] GC(8) Large Pages: 0 / 0M, Empty: 0M, Relocated: 0M, In-Place: 0
[1.907s][info][gc,reloc    ] GC(8) Forwarding Usage: 0M
[1.907s][info][gc,heap     ] GC(8) Min Capacity: 8M(2%)
[1.907s][info][gc,heap     ] GC(8) Max Capacity: 512M(100%)
[1.908s][info][gc,heap     ] GC(8) Soft Max Capacity: 512M(100%)
[1.908s][info][gc,heap     ] GC(8)                Mark Start          Mark End        Relocate Start      Relocate End           High               Low         
[1.908s][info][gc,heap     ] GC(8)  Capacity:      512M (100%)        512M (100%)        512M (100%)        512M (100%)        512M (100%)        512M (100%)   
[1.908s][info][gc,heap     ] GC(8)      Free:      284M (55%)         260M (51%)         434M (85%)         436M (85%)         440M (86%)         258M (50%)    
[1.908s][info][gc,heap     ] GC(8)      Used:      228M (45%)         252M (49%)          78M (15%)          76M (15%)         254M (50%)          72M (14%)    
[1.908s][info][gc,heap     ] GC(8)      Live:         -                 8M (2%)            8M (2%)            8M (2%)             -                  -          
[1.908s][info][gc,heap     ] GC(8) Allocated:         -                24M (5%)           32M (6%)           39M (8%)             -                  -          
[1.908s][info][gc,heap     ] GC(8)   Garbage:         -               219M (43%)          37M (7%)           27M (5%)             -                  -          
[1.908s][info][gc,heap     ] GC(8) Reclaimed:         -                  -               182M (36%)         191M (37%)            -                  -          
[1.908s][info][gc          ] GC(8) Garbage Collection (Allocation Rate) 228M(45%)->76M(15%)
[1.983s][info][gc,start    ] GC(9) Garbage Collection (Allocation Rate)
[1.983s][info][gc,task     ] GC(9) Using 5 workers
[1.983s][info][gc,phases   ] GC(9) Pause Mark Start 0.012ms
[1.999s][info][gc,phases   ] GC(9) Concurrent Mark 15.412ms
[1.999s][info][gc,phases   ] GC(9) Pause Mark End 0.013ms
[1.999s][info][gc,phases   ] GC(9) Concurrent Mark Free 0.001ms
[2.000s][info][gc,phases   ] GC(9) Concurrent Process Non-Strong References 1.039ms
[2.000s][info][gc,phases   ] GC(9) Concurrent Reset Relocation Set 0.002ms
[2.005s][info][gc,phases   ] GC(9) Concurrent Select Relocation Set 5.235ms
[2.006s][info][gc,phases   ] GC(9) Pause Relocate Start 0.006ms
[2.009s][info][gc,phases   ] GC(9) Concurrent Relocate 3.418ms
[2.009s][info][gc,load     ] GC(9) Load: 0.00/0.00/0.00
[2.009s][info][gc,mmu      ] GC(9) MMU: 2ms/99.0%, 5ms/99.6%, 10ms/99.7%, 20ms/99.8%, 50ms/99.9%, 100ms/99.9%
[2.009s][info][gc,marking  ] GC(9) Mark: 4 stripe(s), 2 proactive flush(es), 1 terminate flush(es), 0 completion(s), 0 continuation(s) 
[2.009s][info][gc,marking  ] GC(9) Mark Stack Usage: 32M
[2.009s][info][gc,nmethod  ] GC(9) NMethods: 1261 registered, 120 unregistered
[2.009s][info][gc,metaspace] GC(9) Metaspace: 8M used, 8M committed, 1088M reserved
[2.009s][info][gc,ref      ] GC(9) Soft: 169 encountered, 0 discovered, 0 enqueued
[2.009s][info][gc,ref      ] GC(9) Weak: 536 encountered, 142 discovered, 0 enqueued
[2.009s][info][gc,ref      ] GC(9) Final: 0 encountered, 0 discovered, 0 enqueued
[2.009s][info][gc,ref      ] GC(9) Phantom: 21 encountered, 19 discovered, 0 enqueued
[2.009s][info][gc,reloc    ] GC(9) Small Pages: 92 / 184M, Empty: 152M, Relocated: 4M, In-Place: 0
[2.009s][info][gc,reloc    ] GC(9) Medium Pages: 2 / 32M, Empty: 16M, Relocated: 0M, In-Place: 0
[2.009s][info][gc,reloc    ] GC(9) Large Pages: 0 / 0M, Empty: 0M, Relocated: 0M, In-Place: 0
[2.009s][info][gc,reloc    ] GC(9) Forwarding Usage: 1M
[2.009s][info][gc,heap     ] GC(9) Min Capacity: 8M(2%)
[2.009s][info][gc,heap     ] GC(9) Max Capacity: 512M(100%)
[2.010s][info][gc,heap     ] GC(9) Soft Max Capacity: 512M(100%)
[2.010s][info][gc,heap     ] GC(9)                Mark Start          Mark End        Relocate Start      Relocate End           High               Low         
[2.010s][info][gc,heap     ] GC(9)  Capacity:      512M (100%)        512M (100%)        512M (100%)        512M (100%)        512M (100%)        512M (100%)   
[2.010s][info][gc,heap     ] GC(9)      Free:      296M (58%)         264M (52%)         416M (81%)         424M (83%)         424M (83%)         262M (51%)    
[2.010s][info][gc,heap     ] GC(9)      Used:      216M (42%)         248M (48%)          96M (19%)          88M (17%)         250M (49%)          88M (17%)    
[2.010s][info][gc,heap     ] GC(9)      Live:         -                 9M (2%)            9M (2%)            9M (2%)             -                  -          
[2.010s][info][gc,heap     ] GC(9) Allocated:         -                32M (6%)           48M (9%)           55M (11%)            -                  -          
[2.010s][info][gc,heap     ] GC(9)   Garbage:         -               206M (40%)          38M (7%)           22M (4%)             -                  -          
[2.010s][info][gc,heap     ] GC(9) Reclaimed:         -                  -               168M (33%)         183M (36%)            -                  -          
[2.010s][info][gc          ] GC(9) Garbage Collection (Allocation Rate) 216M(42%)->88M(17%)
[2.093s][info][gc,start    ] GC(10) Garbage Collection (Allocation Rate)
[2.093s][info][gc,task     ] GC(10) Using 5 workers
[2.093s][info][gc,phases   ] GC(10) Pause Mark Start 0.010ms
[2.124s][info][gc,phases   ] GC(10) Concurrent Mark 31.063ms
[2.124s][info][gc,phases   ] GC(10) Pause Mark End 0.013ms
[2.124s][info][gc,phases   ] GC(10) Concurrent Mark Free 0.001ms
[2.125s][info][gc,phases   ] GC(10) Concurrent Process Non-Strong References 1.179ms
[2.125s][info][gc,phases   ] GC(10) Concurrent Reset Relocation Set 0.002ms
[2.133s][info][gc,phases   ] GC(10) Concurrent Select Relocation Set 7.141ms
[2.133s][info][gc,phases   ] GC(10) Pause Relocate Start 0.008ms
[2.138s][info][gc,phases   ] GC(10) Concurrent Relocate 5.187ms
[2.138s][info][gc,load     ] GC(10) Load: 0.00/0.00/0.00
[2.138s][info][gc,mmu      ] GC(10) MMU: 2ms/99.0%, 5ms/99.6%, 10ms/99.7%, 20ms/99.8%, 50ms/99.9%, 100ms/99.9%
[2.138s][info][gc,marking  ] GC(10) Mark: 4 stripe(s), 3 proactive flush(es), 1 terminate flush(es), 0 completion(s), 0 continuation(s) 
[2.138s][info][gc,marking  ] GC(10) Mark Stack Usage: 32M
[2.138s][info][gc,nmethod  ] GC(10) NMethods: 1261 registered, 120 unregistered
[2.138s][info][gc,metaspace] GC(10) Metaspace: 8M used, 8M committed, 1088M reserved
[2.138s][info][gc,ref      ] GC(10) Soft: 169 encountered, 0 discovered, 0 enqueued
[2.138s][info][gc,ref      ] GC(10) Weak: 536 encountered, 54 discovered, 0 enqueued
[2.138s][info][gc,ref      ] GC(10) Final: 0 encountered, 0 discovered, 0 enqueued
[2.138s][info][gc,ref      ] GC(10) Phantom: 21 encountered, 13 discovered, 0 enqueued
[2.138s][info][gc,reloc    ] GC(10) Small Pages: 149 / 298M, Empty: 268M, Relocated: 6M, In-Place: 0
[2.138s][info][gc,reloc    ] GC(10) Medium Pages: 1 / 16M, Empty: 0M, Relocated: 0M, In-Place: 0
[2.138s][info][gc,reloc    ] GC(10) Large Pages: 0 / 0M, Empty: 0M, Relocated: 0M, In-Place: 0
[2.138s][info][gc,reloc    ] GC(10) Forwarding Usage: 2M
[2.138s][info][gc,heap     ] GC(10) Min Capacity: 8M(2%)
[2.138s][info][gc,heap     ] GC(10) Max Capacity: 512M(100%)
[2.138s][info][gc,heap     ] GC(10) Soft Max Capacity: 512M(100%)
[2.138s][info][gc,heap     ] GC(10)                Mark Start          Mark End        Relocate Start      Relocate End           High               Low         
[2.138s][info][gc,heap     ] GC(10)  Capacity:      512M (100%)        512M (100%)        512M (100%)        512M (100%)        512M (100%)        512M (100%)   
[2.139s][info][gc,heap     ] GC(10)      Free:      198M (39%)         154M (30%)         410M (80%)         414M (81%)         416M (81%)         152M (30%)    
[2.139s][info][gc,heap     ] GC(10)      Used:      314M (61%)         358M (70%)         102M (20%)          98M (19%)         360M (70%)          96M (19%)    
[2.139s][info][gc,heap     ] GC(10)      Live:         -                10M (2%)           10M (2%)           10M (2%)             -                  -          
[2.139s][info][gc,heap     ] GC(10) Allocated:         -                44M (9%)           56M (11%)          67M (13%)            -                  -          
[2.139s][info][gc,heap     ] GC(10)   Garbage:         -               303M (59%)          35M (7%)           19M (4%)             -                  -          
[2.139s][info][gc,heap     ] GC(10) Reclaimed:         -                  -               268M (52%)         283M (55%)            -                  -          
[2.139s][info][gc          ] GC(10) Garbage Collection (Allocation Rate) 314M(61%)->98M(19%)
[2.180s][info][gc,start    ] GC(11) Garbage Collection (Allocation Rate)
[2.180s][info][gc,task     ] GC(11) Using 5 workers
[2.180s][info][gc,phases   ] GC(11) Pause Mark Start 0.013ms
[2.196s][info][gc,phases   ] GC(11) Concurrent Mark 15.685ms
[2.196s][info][gc,phases   ] GC(11) Pause Mark End 0.011ms
[2.196s][info][gc,phases   ] GC(11) Concurrent Mark Free 0.001ms
[2.197s][info][gc,phases   ] GC(11) Concurrent Process Non-Strong References 0.911ms
[2.197s][info][gc,phases   ] GC(11) Concurrent Reset Relocation Set 0.002ms
[2.201s][info][gc,phases   ] GC(11) Concurrent Select Relocation Set 4.054ms
[2.201s][info][gc,phases   ] GC(11) Pause Relocate Start 0.005ms
[2.204s][info][gc,phases   ] GC(11) Concurrent Relocate 2.998ms
[2.205s][info][gc,load     ] GC(11) Load: 0.00/0.00/0.00
[2.205s][info][gc,mmu      ] GC(11) MMU: 2ms/99.0%, 5ms/99.6%, 10ms/99.7%, 20ms/99.8%, 50ms/99.9%, 100ms/99.9%
[2.205s][info][gc,marking  ] GC(11) Mark: 4 stripe(s), 2 proactive flush(es), 1 terminate flush(es), 0 completion(s), 0 continuation(s) 
[2.205s][info][gc,marking  ] GC(11) Mark Stack Usage: 32M
[2.205s][info][gc,nmethod  ] GC(11) NMethods: 1261 registered, 120 unregistered
[2.205s][info][gc,metaspace] GC(11) Metaspace: 8M used, 8M committed, 1088M reserved
[2.205s][info][gc,ref      ] GC(11) Soft: 169 encountered, 0 discovered, 0 enqueued
[2.205s][info][gc,ref      ] GC(11) Weak: 536 encountered, 241 discovered, 0 enqueued
[2.205s][info][gc,ref      ] GC(11) Final: 0 encountered, 0 discovered, 0 enqueued
[2.205s][info][gc,ref      ] GC(11) Phantom: 21 encountered, 19 discovered, 0 enqueued
[2.205s][info][gc,reloc    ] GC(11) Small Pages: 99 / 198M, Empty: 168M, Relocated: 1M, In-Place: 0
[2.205s][info][gc,reloc    ] GC(11) Medium Pages: 1 / 16M, Empty: 0M, Relocated: 0M, In-Place: 0
[2.205s][info][gc,reloc    ] GC(11) Large Pages: 0 / 0M, Empty: 0M, Relocated: 0M, In-Place: 0
[2.205s][info][gc,reloc    ] GC(11) Forwarding Usage: 0M
[2.205s][info][gc,heap     ] GC(11) Min Capacity: 8M(2%)
[2.205s][info][gc,heap     ] GC(11) Max Capacity: 512M(100%)
[2.205s][info][gc,heap     ] GC(11) Soft Max Capacity: 512M(100%)
[2.205s][info][gc,heap     ] GC(11)                Mark Start          Mark End        Relocate Start      Relocate End           High               Low         
[2.205s][info][gc,heap     ] GC(11)  Capacity:      512M (100%)        512M (100%)        512M (100%)        512M (100%)        512M (100%)        512M (100%)   
[2.205s][info][gc,heap     ] GC(11)      Free:      298M (58%)         260M (51%)         414M (81%)         416M (81%)         420M (82%)         258M (50%)    
[2.205s][info][gc,heap     ] GC(11)      Used:      214M (42%)         252M (49%)          98M (19%)          96M (19%)         254M (50%)          92M (18%)    
[2.205s][info][gc,heap     ] GC(11)      Live:         -                10M (2%)           10M (2%)           10M (2%)             -                  -          
[2.205s][info][gc,heap     ] GC(11) Allocated:         -                38M (7%)           52M (10%)          57M (11%)            -                  -          
[2.205s][info][gc,heap     ] GC(11)   Garbage:         -               203M (40%)          35M (7%)           27M (5%)             -                  -          
[2.205s][info][gc,heap     ] GC(11) Reclaimed:         -                  -               168M (33%)         175M (34%)            -                  -          
[2.205s][info][gc          ] GC(11) Garbage Collection (Allocation Rate) 214M(42%)->96M(19%)
[2.280s][info][gc,start    ] GC(12) Garbage Collection (Allocation Rate)
[2.280s][info][gc,task     ] GC(12) Using 5 workers
[2.280s][info][gc,phases   ] GC(12) Pause Mark Start 0.013ms
[2.296s][info][gc,phases   ] GC(12) Concurrent Mark 15.618ms
[2.296s][info][gc,phases   ] GC(12) Pause Mark End 0.012ms
[2.296s][info][gc,phases   ] GC(12) Concurrent Mark Free 0.001ms
[2.297s][info][gc,phases   ] GC(12) Concurrent Process Non-Strong References 0.830ms
[2.297s][info][gc,phases   ] GC(12) Concurrent Reset Relocation Set 0.002ms
[2.303s][info][gc,phases   ] GC(12) Concurrent Select Relocation Set 5.441ms
[2.303s][info][gc,phases   ] GC(12) Pause Relocate Start 0.006ms
[2.306s][info][gc,phases   ] GC(12) Concurrent Relocate 3.152ms
[2.306s][info][gc,load     ] GC(12) Load: 0.00/0.00/0.00
[2.306s][info][gc,mmu      ] GC(12) MMU: 2ms/99.0%, 5ms/99.6%, 10ms/99.7%, 20ms/99.8%, 50ms/99.9%, 100ms/99.9%
[2.306s][info][gc,marking  ] GC(12) Mark: 4 stripe(s), 2 proactive flush(es), 1 terminate flush(es), 0 completion(s), 0 continuation(s) 
[2.306s][info][gc,marking  ] GC(12) Mark Stack Usage: 32M
[2.306s][info][gc,nmethod  ] GC(12) NMethods: 1261 registered, 120 unregistered
[2.306s][info][gc,metaspace] GC(12) Metaspace: 8M used, 8M committed, 1088M reserved
[2.306s][info][gc,ref      ] GC(12) Soft: 169 encountered, 0 discovered, 0 enqueued
[2.306s][info][gc,ref      ] GC(12) Weak: 536 encountered, 131 discovered, 0 enqueued
[2.306s][info][gc,ref      ] GC(12) Final: 0 encountered, 0 discovered, 0 enqueued
[2.306s][info][gc,ref      ] GC(12) Phantom: 21 encountered, 12 discovered, 0 enqueued
[2.306s][info][gc,reloc    ] GC(12) Small Pages: 120 / 240M, Empty: 214M, Relocated: 4M, In-Place: 0
[2.306s][info][gc,reloc    ] GC(12) Medium Pages: 2 / 32M, Empty: 0M, Relocated: 0M, In-Place: 0
[2.306s][info][gc,reloc    ] GC(12) Large Pages: 0 / 0M, Empty: 0M, Relocated: 0M, In-Place: 0
[2.306s][info][gc,reloc    ] GC(12) Forwarding Usage: 2M
[2.306s][info][gc,heap     ] GC(12) Min Capacity: 8M(2%)
[2.306s][info][gc,heap     ] GC(12) Max Capacity: 512M(100%)
[2.306s][info][gc,heap     ] GC(12) Soft Max Capacity: 512M(100%)
[2.307s][info][gc,heap     ] GC(12)                Mark Start          Mark End        Relocate Start      Relocate End           High               Low         
[2.307s][info][gc,heap     ] GC(12)  Capacity:      512M (100%)        512M (100%)        512M (100%)        512M (100%)        512M (100%)        512M (100%)   
[2.307s][info][gc,heap     ] GC(12)      Free:      240M (47%)         226M (44%)         432M (84%)         452M (88%)         452M (88%)         226M (44%)    
[2.307s][info][gc,heap     ] GC(12)      Used:      272M (53%)         286M (56%)          80M (16%)          60M (12%)         286M (56%)          60M (12%)    
[2.307s][info][gc,heap     ] GC(12)      Live:         -                11M (2%)           11M (2%)           11M (2%)             -                  -          
[2.307s][info][gc,heap     ] GC(12) Allocated:         -                14M (3%)           22M (4%)           25M (5%)             -                  -          
[2.307s][info][gc,heap     ] GC(12)   Garbage:         -               260M (51%)          46M (9%)           22M (4%)             -                  -          
[2.307s][info][gc,heap     ] GC(12) Reclaimed:         -                  -               214M (42%)         237M (46%)            -                  -          
[2.307s][info][gc          ] GC(12) Garbage Collection (Allocation Rate) 272M(53%)->60M(12%)
[2.391s][info][gc,start    ] GC(13) Garbage Collection (Allocation Rate)
[2.391s][info][gc,task     ] GC(13) Using 5 workers
[2.391s][info][gc,phases   ] GC(13) Pause Mark Start 0.014ms
[2.422s][info][gc,phases   ] GC(13) Concurrent Mark 30.953ms
[2.422s][info][gc,phases   ] GC(13) Pause Mark End 0.012ms
[2.422s][info][gc,phases   ] GC(13) Concurrent Mark Free 0.001ms
[2.423s][info][gc,phases   ] GC(13) Concurrent Process Non-Strong References 1.074ms
[2.423s][info][gc,phases   ] GC(13) Concurrent Reset Relocation Set 0.002ms
[2.431s][info][gc,phases   ] GC(13) Concurrent Select Relocation Set 7.420ms
[2.431s][info][gc,phases   ] GC(13) Pause Relocate Start 0.007ms
[2.436s][info][gc,phases   ] GC(13) Concurrent Relocate 4.442ms
[2.436s][info][gc,load     ] GC(13) Load: 0.00/0.00/0.00
[2.436s][info][gc,mmu      ] GC(13) MMU: 2ms/99.0%, 5ms/99.6%, 10ms/99.7%, 20ms/99.8%, 50ms/99.9%, 100ms/99.9%
[2.436s][info][gc,marking  ] GC(13) Mark: 4 stripe(s), 2 proactive flush(es), 1 terminate flush(es), 0 completion(s), 0 continuation(s) 
[2.436s][info][gc,marking  ] GC(13) Mark Stack Usage: 32M
[2.436s][info][gc,nmethod  ] GC(13) NMethods: 1261 registered, 120 unregistered
[2.436s][info][gc,metaspace] GC(13) Metaspace: 8M used, 8M committed, 1088M reserved
[2.436s][info][gc,ref      ] GC(13) Soft: 169 encountered, 0 discovered, 0 enqueued
[2.436s][info][gc,ref      ] GC(13) Weak: 536 encountered, 143 discovered, 0 enqueued
[2.436s][info][gc,ref      ] GC(13) Final: 0 encountered, 0 discovered, 0 enqueued
[2.436s][info][gc,ref      ] GC(13) Phantom: 21 encountered, 18 discovered, 0 enqueued
[2.436s][info][gc,reloc    ] GC(13) Small Pages: 131 / 262M, Empty: 220M, Relocated: 6M, In-Place: 0
[2.436s][info][gc,reloc    ] GC(13) Medium Pages: 1 / 16M, Empty: 0M, Relocated: 0M, In-Place: 0
[2.436s][info][gc,reloc    ] GC(13) Large Pages: 0 / 0M, Empty: 0M, Relocated: 0M, In-Place: 0
[2.436s][info][gc,reloc    ] GC(13) Forwarding Usage: 2M
[2.436s][info][gc,heap     ] GC(13) Min Capacity: 8M(2%)
[2.436s][info][gc,heap     ] GC(13) Max Capacity: 512M(100%)
[2.436s][info][gc,heap     ] GC(13) Soft Max Capacity: 512M(100%)
[2.436s][info][gc,heap     ] GC(13)                Mark Start          Mark End        Relocate Start      Relocate End           High               Low         
[2.436s][info][gc,heap     ] GC(13)  Capacity:      512M (100%)        512M (100%)        512M (100%)        512M (100%)        512M (100%)        512M (100%)   
[2.436s][info][gc,heap     ] GC(13)      Free:      234M (46%)         188M (37%)         392M (77%)         408M (80%)         408M (80%)         188M (37%)    
[2.436s][info][gc,heap     ] GC(13)      Used:      278M (54%)         324M (63%)         120M (23%)         104M (20%)         324M (63%)         104M (20%)    
[2.436s][info][gc,heap     ] GC(13)      Live:         -                12M (2%)           12M (2%)           12M (2%)             -                  -          
[2.436s][info][gc,heap     ] GC(13) Allocated:         -                46M (9%)           62M (12%)          71M (14%)            -                  -          
[2.436s][info][gc,heap     ] GC(13)   Garbage:         -               265M (52%)          45M (9%)           19M (4%)             -                  -          
[2.436s][info][gc,heap     ] GC(13) Reclaimed:         -                  -               220M (43%)         245M (48%)            -                  -          
[2.436s][info][gc          ] GC(13) Garbage Collection (Allocation Rate) 278M(54%)->104M(20%)
[2.480s][info][gc,start    ] GC(14) Garbage Collection (Allocation Rate)
[2.480s][info][gc,task     ] GC(14) Using 5 workers
[2.481s][info][gc,phases   ] GC(14) Pause Mark Start 0.015ms
[2.522s][info][gc,phases   ] GC(14) Concurrent Mark 41.064ms
[2.522s][info][gc,phases   ] GC(14) Pause Mark End 0.018ms
[2.522s][info][gc,phases   ] GC(14) Concurrent Mark Free 0.001ms
[2.523s][info][gc,phases   ] GC(14) Concurrent Process Non-Strong References 1.263ms
[2.523s][info][gc,phases   ] GC(14) Concurrent Reset Relocation Set 0.003ms
[2.527s][info][gc,phases   ] GC(14) Concurrent Select Relocation Set 3.850ms
[2.527s][info][gc,phases   ] GC(14) Pause Relocate Start 0.007ms
[2.530s][info][gc,phases   ] GC(14) Concurrent Relocate 2.909ms
[2.530s][info][gc,load     ] GC(14) Load: 0.00/0.00/0.00
[2.530s][info][gc,mmu      ] GC(14) MMU: 2ms/99.0%, 5ms/99.6%, 10ms/99.7%, 20ms/99.8%, 50ms/99.9%, 100ms/99.9%
[2.530s][info][gc,marking  ] GC(14) Mark: 4 stripe(s), 3 proactive flush(es), 1 terminate flush(es), 0 completion(s), 0 continuation(s) 
[2.530s][info][gc,marking  ] GC(14) Mark Stack Usage: 32M
[2.530s][info][gc,nmethod  ] GC(14) NMethods: 1261 registered, 120 unregistered
[2.530s][info][gc,metaspace] GC(14) Metaspace: 8M used, 8M committed, 1088M reserved
[2.531s][info][gc,ref      ] GC(14) Soft: 169 encountered, 0 discovered, 0 enqueued
[2.531s][info][gc,ref      ] GC(14) Weak: 536 encountered, 3 discovered, 0 enqueued
[2.531s][info][gc,ref      ] GC(14) Final: 0 encountered, 0 discovered, 0 enqueued
[2.531s][info][gc,ref      ] GC(14) Phantom: 21 encountered, 18 discovered, 0 enqueued
[2.531s][info][gc,reloc    ] GC(14) Small Pages: 96 / 192M, Empty: 166M, Relocated: 3M, In-Place: 0
[2.531s][info][gc,reloc    ] GC(14) Medium Pages: 1 / 16M, Empty: 0M, Relocated: 0M, In-Place: 0
[2.531s][info][gc,reloc    ] GC(14) Large Pages: 0 / 0M, Empty: 0M, Relocated: 0M, In-Place: 0
[2.531s][info][gc,reloc    ] GC(14) Forwarding Usage: 1M
[2.531s][info][gc,heap     ] GC(14) Min Capacity: 8M(2%)
[2.531s][info][gc,heap     ] GC(14) Max Capacity: 512M(100%)
[2.531s][info][gc,heap     ] GC(14) Soft Max Capacity: 512M(100%)
[2.531s][info][gc,heap     ] GC(14)                Mark Start          Mark End        Relocate Start      Relocate End           High               Low         
[2.531s][info][gc,heap     ] GC(14)  Capacity:      512M (100%)        512M (100%)        512M (100%)        512M (100%)        512M (100%)        512M (100%)   
[2.531s][info][gc,heap     ] GC(14)      Free:      304M (59%)         232M (45%)         388M (76%)         384M (75%)         388M (76%)         230M (45%)    
[2.531s][info][gc,heap     ] GC(14)      Used:      208M (41%)         280M (55%)         124M (24%)         128M (25%)         282M (55%)         124M (24%)    
[2.531s][info][gc,heap     ] GC(14)      Live:         -                12M (2%)           12M (2%)           12M (2%)             -                  -          
[2.531s][info][gc,heap     ] GC(14) Allocated:         -                72M (14%)          82M (16%)          89M (18%)            -                  -          
[2.531s][info][gc,heap     ] GC(14)   Garbage:         -               195M (38%)          29M (6%)           25M (5%)             -                  -          
[2.531s][info][gc,heap     ] GC(14) Reclaimed:         -                  -               166M (32%)         169M (33%)            -                  -          
[2.531s][info][gc          ] GC(14) Garbage Collection (Allocation Rate) 208M(41%)->128M(25%)
[2.584s][info][gc,start    ] GC(15) Garbage Collection (Allocation Rate)
[2.584s][info][gc,task     ] GC(15) Using 5 workers
[2.585s][info][gc,phases   ] GC(15) Pause Mark Start 0.012ms
[2.616s][info][gc,phases   ] GC(15) Concurrent Mark 31.007ms
[2.616s][info][gc,phases   ] GC(15) Pause Mark End 0.016ms
[2.616s][info][gc,phases   ] GC(15) Concurrent Mark Free 0.001ms
[2.617s][info][gc,phases   ] GC(15) Concurrent Process Non-Strong References 0.960ms
[2.617s][info][gc,phases   ] GC(15) Concurrent Reset Relocation Set 0.001ms
[2.623s][info][gc,phases   ] GC(15) Concurrent Select Relocation Set 6.364ms
[2.623s][info][gc,phases   ] GC(15) Pause Relocate Start 0.006ms
[2.627s][info][gc,phases   ] GC(15) Concurrent Relocate 3.550ms
[2.627s][info][gc,load     ] GC(15) Load: 0.00/0.00/0.00
[2.627s][info][gc,mmu      ] GC(15) MMU: 2ms/99.0%, 5ms/99.6%, 10ms/99.7%, 20ms/99.8%, 50ms/99.9%, 100ms/99.9%
[2.627s][info][gc,marking  ] GC(15) Mark: 4 stripe(s), 2 proactive flush(es), 1 terminate flush(es), 0 completion(s), 0 continuation(s) 
[2.627s][info][gc,marking  ] GC(15) Mark Stack Usage: 32M
[2.627s][info][gc,nmethod  ] GC(15) NMethods: 1261 registered, 120 unregistered
[2.627s][info][gc,metaspace] GC(15) Metaspace: 8M used, 8M committed, 1088M reserved
[2.627s][info][gc,ref      ] GC(15) Soft: 169 encountered, 0 discovered, 0 enqueued
[2.627s][info][gc,ref      ] GC(15) Weak: 536 encountered, 197 discovered, 0 enqueued
[2.627s][info][gc,ref      ] GC(15) Final: 0 encountered, 0 discovered, 0 enqueued
[2.627s][info][gc,ref      ] GC(15) Phantom: 21 encountered, 18 discovered, 0 enqueued
[2.627s][info][gc,reloc    ] GC(15) Small Pages: 130 / 260M, Empty: 230M, Relocated: 5M, In-Place: 0
[2.627s][info][gc,reloc    ] GC(15) Medium Pages: 1 / 16M, Empty: 0M, Relocated: 0M, In-Place: 0
[2.627s][info][gc,reloc    ] GC(15) Large Pages: 0 / 0M, Empty: 0M, Relocated: 0M, In-Place: 0
[2.627s][info][gc,reloc    ] GC(15) Forwarding Usage: 2M
[2.627s][info][gc,heap     ] GC(15) Min Capacity: 8M(2%)
[2.627s][info][gc,heap     ] GC(15) Max Capacity: 512M(100%)
[2.627s][info][gc,heap     ] GC(15) Soft Max Capacity: 512M(100%)
[2.627s][info][gc,heap     ] GC(15)                Mark Start          Mark End        Relocate Start      Relocate End           High               Low         
[2.627s][info][gc,heap     ] GC(15)  Capacity:      512M (100%)        512M (100%)        512M (100%)        512M (100%)        512M (100%)        512M (100%)   
[2.628s][info][gc,heap     ] GC(15)      Free:      236M (46%)         202M (39%)         426M (83%)         432M (84%)         432M (84%)         202M (39%)    
[2.628s][info][gc,heap     ] GC(15)      Used:      276M (54%)         310M (61%)          86M (17%)          80M (16%)         310M (61%)          80M (16%)    
[2.628s][info][gc,heap     ] GC(15)      Live:         -                13M (3%)           13M (3%)           13M (3%)             -                  -          
[2.628s][info][gc,heap     ] GC(15) Allocated:         -                34M (7%)           40M (8%)           43M (9%)             -                  -          
[2.628s][info][gc,heap     ] GC(15)   Garbage:         -               262M (51%)          32M (6%)           22M (4%)             -                  -          
[2.628s][info][gc,heap     ] GC(15) Reclaimed:         -                  -               230M (45%)         239M (47%)            -                  -          
[2.628s][info][gc          ] GC(15) Garbage Collection (Allocation Rate) 276M(54%)->80M(16%)
[2.694s][info][gc,start    ] GC(16) Garbage Collection (Allocation Rate)
[2.694s][info][gc,task     ] GC(16) Using 5 workers
[2.694s][info][gc,phases   ] GC(16) Pause Mark Start 0.010ms
[2.725s][info][gc,phases   ] GC(16) Concurrent Mark 30.986ms
[2.725s][info][gc,phases   ] GC(16) Pause Mark End 0.016ms
[2.725s][info][gc,phases   ] GC(16) Concurrent Mark Free 0.002ms
[2.726s][info][gc,phases   ] GC(16) Concurrent Process Non-Strong References 1.109ms
[2.726s][info][gc,phases   ] GC(16) Concurrent Reset Relocation Set 0.002ms
[2.733s][info][gc,phases   ] GC(16) Concurrent Select Relocation Set 7.118ms
[2.734s][info][gc,phases   ] GC(16) Pause Relocate Start 0.007ms
[2.738s][info][gc,phases   ] GC(16) Concurrent Relocate 4.605ms
[2.738s][info][gc,load     ] GC(16) Load: 0.00/0.00/0.00
[2.738s][info][gc,mmu      ] GC(16) MMU: 2ms/99.0%, 5ms/99.6%, 10ms/99.7%, 20ms/99.8%, 50ms/99.9%, 100ms/99.9%
[2.738s][info][gc,marking  ] GC(16) Mark: 4 stripe(s), 2 proactive flush(es), 1 terminate flush(es), 0 completion(s), 0 continuation(s) 
[2.738s][info][gc,marking  ] GC(16) Mark Stack Usage: 32M
[2.738s][info][gc,nmethod  ] GC(16) NMethods: 1261 registered, 120 unregistered
[2.738s][info][gc,metaspace] GC(16) Metaspace: 8M used, 8M committed, 1088M reserved
[2.739s][info][gc,ref      ] GC(16) Soft: 169 encountered, 0 discovered, 0 enqueued
[2.739s][info][gc,ref      ] GC(16) Weak: 536 encountered, 3 discovered, 0 enqueued
[2.739s][info][gc,ref      ] GC(16) Final: 0 encountered, 0 discovered, 0 enqueued
[2.739s][info][gc,ref      ] GC(16) Phantom: 21 encountered, 18 discovered, 0 enqueued
[2.739s][info][gc,reloc    ] GC(16) Small Pages: 116 / 232M, Empty: 198M, Relocated: 6M, In-Place: 0
[2.739s][info][gc,reloc    ] GC(16) Medium Pages: 1 / 16M, Empty: 0M, Relocated: 0M, In-Place: 0
[2.739s][info][gc,reloc    ] GC(16) Large Pages: 0 / 0M, Empty: 0M, Relocated: 0M, In-Place: 0
[2.739s][info][gc,reloc    ] GC(16) Forwarding Usage: 2M
[2.739s][info][gc,heap     ] GC(16) Min Capacity: 8M(2%)
[2.739s][info][gc,heap     ] GC(16) Max Capacity: 512M(100%)
[2.739s][info][gc,heap     ] GC(16) Soft Max Capacity: 512M(100%)
[2.739s][info][gc,heap     ] GC(16)                Mark Start          Mark End        Relocate Start      Relocate End           High               Low         
[2.739s][info][gc,heap     ] GC(16)  Capacity:      512M (100%)        512M (100%)        512M (100%)        512M (100%)        512M (100%)        512M (100%)   
[2.739s][info][gc,heap     ] GC(16)      Free:      264M (52%)         194M (38%)         388M (76%)         402M (79%)         402M (79%)         192M (38%)    
[2.739s][info][gc,heap     ] GC(16)      Used:      248M (48%)         318M (62%)         124M (24%)         110M (21%)         320M (63%)         110M (21%)    
[2.739s][info][gc,heap     ] GC(16)      Live:         -                13M (3%)           13M (3%)           13M (3%)             -                  -          
[2.739s][info][gc,heap     ] GC(16) Allocated:         -                70M (14%)          74M (14%)          75M (15%)            -                  -          
[2.739s][info][gc,heap     ] GC(16)   Garbage:         -               234M (46%)          36M (7%)           20M (4%)             -                  -          
[2.739s][info][gc,heap     ] GC(16) Reclaimed:         -                  -               198M (39%)         213M (42%)            -                  -          
[2.739s][info][gc          ] GC(16) Garbage Collection (Allocation Rate) 248M(48%)->110M(21%)
[2.787s][info][gc,start    ] GC(17) Garbage Collection (Allocation Rate)
[2.787s][info][gc,task     ] GC(17) Using 5 workers
[2.788s][info][gc,phases   ] GC(17) Pause Mark Start 0.010ms
[2.819s][info][gc,phases   ] GC(17) Concurrent Mark 31.016ms
[2.819s][info][gc,phases   ] GC(17) Pause Mark End 0.014ms
[2.819s][info][gc,phases   ] GC(17) Concurrent Mark Free 0.001ms
[2.820s][info][gc,phases   ] GC(17) Concurrent Process Non-Strong References 1.054ms
[2.820s][info][gc,phases   ] GC(17) Concurrent Reset Relocation Set 0.003ms
[2.824s][info][gc,phases   ] GC(17) Concurrent Select Relocation Set 3.688ms
[2.824s][info][gc,phases   ] GC(17) Pause Relocate Start 0.005ms
[2.827s][info][gc,phases   ] GC(17) Concurrent Relocate 3.443ms
[2.827s][info][gc,load     ] GC(17) Load: 0.00/0.00/0.00
[2.827s][info][gc,mmu      ] GC(17) MMU: 2ms/99.0%, 5ms/99.6%, 10ms/99.7%, 20ms/99.8%, 50ms/99.9%, 100ms/99.9%
[2.827s][info][gc,marking  ] GC(17) Mark: 4 stripe(s), 2 proactive flush(es), 1 terminate flush(es), 0 completion(s), 0 continuation(s) 
[2.827s][info][gc,marking  ] GC(17) Mark Stack Usage: 32M
[2.827s][info][gc,nmethod  ] GC(17) NMethods: 1261 registered, 120 unregistered
[2.827s][info][gc,metaspace] GC(17) Metaspace: 8M used, 8M committed, 1088M reserved
[2.827s][info][gc,ref      ] GC(17) Soft: 169 encountered, 0 discovered, 0 enqueued
[2.828s][info][gc,ref      ] GC(17) Weak: 536 encountered, 217 discovered, 0 enqueued
[2.828s][info][gc,ref      ] GC(17) Final: 0 encountered, 0 discovered, 0 enqueued
[2.828s][info][gc,ref      ] GC(17) Phantom: 21 encountered, 19 discovered, 0 enqueued
[2.828s][info][gc,reloc    ] GC(17) Small Pages: 105 / 210M, Empty: 182M, Relocated: 4M, In-Place: 0
[2.828s][info][gc,reloc    ] GC(17) Medium Pages: 2 / 32M, Empty: 0M, Relocated: 1M, In-Place: 0
[2.828s][info][gc,reloc    ] GC(17) Large Pages: 0 / 0M, Empty: 0M, Relocated: 0M, In-Place: 0
[2.828s][info][gc,reloc    ] GC(17) Forwarding Usage: 2M
[2.828s][info][gc,heap     ] GC(17) Min Capacity: 8M(2%)
[2.828s][info][gc,heap     ] GC(17) Max Capacity: 512M(100%)
[2.828s][info][gc,heap     ] GC(17) Soft Max Capacity: 512M(100%)
[2.828s][info][gc,heap     ] GC(17)                Mark Start          Mark End        Relocate Start      Relocate End           High               Low         
[2.828s][info][gc,heap     ] GC(17)  Capacity:      512M (100%)        512M (100%)        512M (100%)        512M (100%)        512M (100%)        512M (100%)   
[2.828s][info][gc,heap     ] GC(17)      Free:      270M (53%)         204M (40%)         376M (73%)         390M (76%)         390M (76%)         202M (39%)    
[2.828s][info][gc,heap     ] GC(17)      Used:      242M (47%)         308M (60%)         136M (27%)         122M (24%)         310M (61%)         122M (24%)    
[2.828s][info][gc,heap     ] GC(17)      Live:         -                14M (3%)           14M (3%)           14M (3%)             -                  -          
[2.828s][info][gc,heap     ] GC(17) Allocated:         -                66M (13%)          76M (15%)          83M (16%)            -                  -          
[2.828s][info][gc,heap     ] GC(17)   Garbage:         -               227M (44%)          45M (9%)           23M (5%)             -                  -          
[2.828s][info][gc,heap     ] GC(17) Reclaimed:         -                  -               182M (36%)         203M (40%)            -                  -          
[2.828s][info][gc          ] GC(17) Garbage Collection (Allocation Rate) 242M(47%)->122M(24%)
[2.881s][info][gc,start    ] GC(18) Garbage Collection (Allocation Rate)
[2.881s][info][gc,task     ] GC(18) Using 5 workers
[2.881s][info][gc,phases   ] GC(18) Pause Mark Start 0.010ms
[2.912s][info][gc,phases   ] GC(18) Concurrent Mark 31.053ms
[2.913s][info][gc,phases   ] GC(18) Pause Mark End 0.012ms
[2.913s][info][gc,phases   ] GC(18) Concurrent Mark Free 0.001ms
[2.914s][info][gc,phases   ] GC(18) Concurrent Process Non-Strong References 1.077ms
[2.914s][info][gc,phases   ] GC(18) Concurrent Reset Relocation Set 0.002ms
[2.921s][info][gc,phases   ] GC(18) Concurrent Select Relocation Set 7.006ms
[2.921s][info][gc,phases   ] GC(18) Pause Relocate Start 0.005ms
[2.927s][info][gc,phases   ] GC(18) Concurrent Relocate 5.800ms
[2.927s][info][gc,load     ] GC(18) Load: 0.00/0.00/0.00
[2.927s][info][gc,mmu      ] GC(18) MMU: 2ms/99.0%, 5ms/99.6%, 10ms/99.7%, 20ms/99.8%, 50ms/99.9%, 100ms/99.9%
[2.927s][info][gc,marking  ] GC(18) Mark: 4 stripe(s), 2 proactive flush(es), 1 terminate flush(es), 0 completion(s), 0 continuation(s) 
[2.927s][info][gc,marking  ] GC(18) Mark Stack Usage: 32M
[2.927s][info][gc,nmethod  ] GC(18) NMethods: 1261 registered, 120 unregistered
[2.927s][info][gc,metaspace] GC(18) Metaspace: 8M used, 8M committed, 1088M reserved
[2.927s][info][gc,ref      ] GC(18) Soft: 169 encountered, 0 discovered, 0 enqueued
[2.927s][info][gc,ref      ] GC(18) Weak: 536 encountered, 260 discovered, 0 enqueued
[2.927s][info][gc,ref      ] GC(18) Final: 0 encountered, 0 discovered, 0 enqueued
[2.927s][info][gc,ref      ] GC(18) Phantom: 21 encountered, 12 discovered, 0 enqueued
[2.927s][info][gc,reloc    ] GC(18) Small Pages: 128 / 256M, Empty: 220M, Relocated: 6M, In-Place: 0
[2.927s][info][gc,reloc    ] GC(18) Medium Pages: 1 / 16M, Empty: 0M, Relocated: 0M, In-Place: 0
[2.927s][info][gc,reloc    ] GC(18) Large Pages: 0 / 0M, Empty: 0M, Relocated: 0M, In-Place: 0
[2.927s][info][gc,reloc    ] GC(18) Forwarding Usage: 2M
[2.927s][info][gc,heap     ] GC(18) Min Capacity: 8M(2%)
[2.927s][info][gc,heap     ] GC(18) Max Capacity: 512M(100%)
[2.927s][info][gc,heap     ] GC(18) Soft Max Capacity: 512M(100%)
[2.927s][info][gc,heap     ] GC(18)                Mark Start          Mark End        Relocate Start      Relocate End           High               Low         
[2.927s][info][gc,heap     ] GC(18)  Capacity:      512M (100%)        512M (100%)        512M (100%)        512M (100%)        512M (100%)        512M (100%)   
[2.927s][info][gc,heap     ] GC(18)      Free:      240M (47%)         170M (33%)         372M (73%)         370M (72%)         382M (75%)         168M (33%)    
[2.927s][info][gc,heap     ] GC(18)      Used:      272M (53%)         342M (67%)         140M (27%)         142M (28%)         344M (67%)         130M (25%)    
[2.927s][info][gc,heap     ] GC(18)      Live:         -                15M (3%)           15M (3%)           15M (3%)             -                  -          
[2.927s][info][gc,heap     ] GC(18) Allocated:         -                70M (14%)          88M (17%)         103M (20%)            -                  -          
[2.928s][info][gc,heap     ] GC(18)   Garbage:         -               256M (50%)          36M (7%)           22M (4%)             -                  -          
[2.928s][info][gc,heap     ] GC(18) Reclaimed:         -                  -               220M (43%)         233M (46%)            -                  -          
[2.928s][info][gc          ] GC(18) Garbage Collection (Allocation Rate) 272M(53%)->142M(28%)
[2.990s][info][gc,start    ] GC(19) Garbage Collection (Allocation Rate)
[2.991s][info][gc,task     ] GC(19) Using 5 workers
[2.991s][info][gc,phases   ] GC(19) Pause Mark Start 0.010ms
[3.022s][info][gc,phases   ] GC(19) Concurrent Mark 31.036ms
[3.022s][info][gc,phases   ] GC(19) Pause Mark End 0.013ms
[3.022s][info][gc,phases   ] GC(19) Concurrent Mark Free 0.001ms
[3.023s][info][gc,phases   ] GC(19) Concurrent Process Non-Strong References 0.973ms
[3.023s][info][gc,phases   ] GC(19) Concurrent Reset Relocation Set 0.003ms
[3.027s][info][gc,phases   ] GC(19) Concurrent Select Relocation Set 3.573ms
[3.027s][info][gc,phases   ] GC(19) Pause Relocate Start 0.006ms
[3.031s][info][gc,phases   ] GC(19) Concurrent Relocate 4.716ms
[3.031s][info][gc,load     ] GC(19) Load: 0.00/0.00/0.00
[3.031s][info][gc,mmu      ] GC(19) MMU: 2ms/99.0%, 5ms/99.6%, 10ms/99.7%, 20ms/99.8%, 50ms/99.9%, 100ms/99.9%
[3.032s][info][gc,marking  ] GC(19) Mark: 4 stripe(s), 2 proactive flush(es), 1 terminate flush(es), 0 completion(s), 0 continuation(s) 
[3.032s][info][gc,marking  ] GC(19) Mark Stack Usage: 32M
[3.032s][info][gc,nmethod  ] GC(19) NMethods: 1261 registered, 120 unregistered
[3.032s][info][gc,metaspace] GC(19) Metaspace: 8M used, 8M committed, 1088M reserved
[3.032s][info][gc,ref      ] GC(19) Soft: 169 encountered, 0 discovered, 0 enqueued
[3.032s][info][gc,ref      ] GC(19) Weak: 536 encountered, 259 discovered, 0 enqueued
[3.032s][info][gc,ref      ] GC(19) Final: 0 encountered, 0 discovered, 0 enqueued
[3.032s][info][gc,ref      ] GC(19) Phantom: 21 encountered, 16 discovered, 0 enqueued
[3.032s][info][gc,reloc    ] GC(19) Small Pages: 151 / 302M, Empty: 260M, Relocated: 6M, In-Place: 0
[3.032s][info][gc,reloc    ] GC(19) Medium Pages: 1 / 16M, Empty: 0M, Relocated: 0M, In-Place: 0
[3.032s][info][gc,reloc    ] GC(19) Large Pages: 0 / 0M, Empty: 0M, Relocated: 0M, In-Place: 0
[3.032s][info][gc,reloc    ] GC(19) Forwarding Usage: 2M
[3.032s][info][gc,heap     ] GC(19) Min Capacity: 8M(2%)
[3.032s][info][gc,heap     ] GC(19) Max Capacity: 512M(100%)
[3.032s][info][gc,heap     ] GC(19) Soft Max Capacity: 512M(100%)
[3.032s][info][gc,heap     ] GC(19)                Mark Start          Mark End        Relocate Start      Relocate End           High               Low         
[3.032s][info][gc,heap     ] GC(19)  Capacity:      512M (100%)        512M (100%)        512M (100%)        512M (100%)        512M (100%)        512M (100%)   
[3.032s][info][gc,heap     ] GC(19)      Free:      194M (38%)         134M (26%)         384M (75%)         394M (77%)         396M (77%)         132M (26%)    
[3.032s][info][gc,heap     ] GC(19)      Used:      318M (62%)         378M (74%)         128M (25%)         118M (23%)         380M (74%)         116M (23%)    
[3.032s][info][gc,heap     ] GC(19)      Live:         -                16M (3%)           16M (3%)           16M (3%)             -                  -          
[3.032s][info][gc,heap     ] GC(19) Allocated:         -                60M (12%)          70M (14%)          81M (16%)            -                  -          
[3.032s][info][gc,heap     ] GC(19)   Garbage:         -               301M (59%)          41M (8%)           19M (4%)             -                  -          
[3.032s][info][gc,heap     ] GC(19) Reclaimed:         -                  -               260M (51%)         281M (55%)            -                  -          
[3.032s][info][gc          ] GC(19) Garbage Collection (Allocation Rate) 318M(62%)->118M(23%)
[3.084s][info][gc,start    ] GC(20) Garbage Collection (Allocation Rate)
[3.084s][info][gc,task     ] GC(20) Using 5 workers
[3.084s][info][gc,phases   ] GC(20) Pause Mark Start 0.010ms
[3.115s][info][gc,phases   ] GC(20) Concurrent Mark 30.971ms
[3.116s][info][gc,phases   ] GC(20) Pause Mark End 0.011ms
[3.116s][info][gc,phases   ] GC(20) Concurrent Mark Free 0.001ms
[3.116s][info][gc,phases   ] GC(20) Concurrent Process Non-Strong References 0.810ms
[3.116s][info][gc,phases   ] GC(20) Concurrent Reset Relocation Set 0.003ms
[3.124s][info][gc,phases   ] GC(20) Concurrent Select Relocation Set 7.906ms
[3.124s][info][gc,phases   ] GC(20) Pause Relocate Start 0.005ms
[3.130s][info][gc,phases   ] GC(20) Concurrent Relocate 5.832ms
[3.130s][info][gc,load     ] GC(20) Load: 0.00/0.00/0.00
[3.130s][info][gc,mmu      ] GC(20) MMU: 2ms/99.0%, 5ms/99.6%, 10ms/99.7%, 20ms/99.8%, 50ms/99.9%, 100ms/99.9%
[3.130s][info][gc,marking  ] GC(20) Mark: 4 stripe(s), 2 proactive flush(es), 1 terminate flush(es), 0 completion(s), 0 continuation(s) 
[3.131s][info][gc,marking  ] GC(20) Mark Stack Usage: 32M
[3.131s][info][gc,nmethod  ] GC(20) NMethods: 1261 registered, 120 unregistered
[3.131s][info][gc,metaspace] GC(20) Metaspace: 8M used, 8M committed, 1088M reserved
[3.131s][info][gc,ref      ] GC(20) Soft: 169 encountered, 0 discovered, 0 enqueued
[3.131s][info][gc,ref      ] GC(20) Weak: 536 encountered, 15 discovered, 0 enqueued
[3.131s][info][gc,ref      ] GC(20) Final: 0 encountered, 0 discovered, 0 enqueued
[3.131s][info][gc,ref      ] GC(20) Phantom: 21 encountered, 15 discovered, 0 enqueued
[3.131s][info][gc,reloc    ] GC(20) Small Pages: 117 / 234M, Empty: 194M, Relocated: 8M, In-Place: 0
[3.131s][info][gc,reloc    ] GC(20) Medium Pages: 2 / 32M, Empty: 0M, Relocated: 1M, In-Place: 0
[3.131s][info][gc,reloc    ] GC(20) Large Pages: 0 / 0M, Empty: 0M, Relocated: 0M, In-Place: 0
[3.131s][info][gc,reloc    ] GC(20) Forwarding Usage: 3M
[3.131s][info][gc,heap     ] GC(20) Min Capacity: 8M(2%)
[3.131s][info][gc,heap     ] GC(20) Max Capacity: 512M(100%)
[3.131s][info][gc,heap     ] GC(20) Soft Max Capacity: 512M(100%)
[3.131s][info][gc,heap     ] GC(20)                Mark Start          Mark End        Relocate Start      Relocate End           High               Low         
[3.131s][info][gc,heap     ] GC(20)  Capacity:      512M (100%)        512M (100%)        512M (100%)        512M (100%)        512M (100%)        512M (100%)   
[3.131s][info][gc,heap     ] GC(20)      Free:      246M (48%)         166M (32%)         342M (67%)         360M (70%)         366M (71%)         164M (32%)    
[3.131s][info][gc,heap     ] GC(20)      Used:      266M (52%)         346M (68%)         170M (33%)         152M (30%)         348M (68%)         146M (29%)    
[3.131s][info][gc,heap     ] GC(20)      Live:         -                16M (3%)           16M (3%)           16M (3%)             -                  -          
[3.131s][info][gc,heap     ] GC(20) Allocated:         -                80M (16%)          98M (19%)         113M (22%)            -                  -          
[3.131s][info][gc,heap     ] GC(20)   Garbage:         -               249M (49%)          55M (11%)          21M (4%)             -                  -          
[3.131s][info][gc,heap     ] GC(20) Reclaimed:         -                  -               194M (38%)         227M (45%)            -                  -          
[3.131s][info][gc          ] GC(20) Garbage Collection (Allocation Rate) 266M(52%)->152M(30%)
[3.186s][info][gc,start    ] GC(21) Garbage Collection (Allocation Rate)
[3.186s][info][gc,task     ] GC(21) Using 5 workers
[3.186s][info][gc,phases   ] GC(21) Pause Mark Start 0.014ms
[3.217s][info][gc,phases   ] GC(21) Concurrent Mark 30.997ms
[3.217s][info][gc,phases   ] GC(21) Pause Mark End 0.011ms
[3.217s][info][gc,phases   ] GC(21) Concurrent Mark Free 0.001ms
[3.218s][info][gc,phases   ] GC(21) Concurrent Process Non-Strong References 0.870ms
[3.218s][info][gc,phases   ] GC(21) Concurrent Reset Relocation Set 0.003ms
[3.222s][info][gc,phases   ] GC(21) Concurrent Select Relocation Set 3.925ms
[3.222s][info][gc,phases   ] GC(21) Pause Relocate Start 0.005ms
[3.226s][info][gc,phases   ] GC(21) Concurrent Relocate 3.900ms
[3.226s][info][gc,load     ] GC(21) Load: 0.00/0.00/0.00
[3.226s][info][gc,mmu      ] GC(21) MMU: 2ms/99.0%, 5ms/99.6%, 10ms/99.7%, 20ms/99.8%, 50ms/99.9%, 100ms/99.9%
[3.226s][info][gc,marking  ] GC(21) Mark: 4 stripe(s), 2 proactive flush(es), 1 terminate flush(es), 0 completion(s), 0 continuation(s) 
[3.226s][info][gc,marking  ] GC(21) Mark Stack Usage: 32M
[3.226s][info][gc,nmethod  ] GC(21) NMethods: 1261 registered, 120 unregistered
[3.226s][info][gc,metaspace] GC(21) Metaspace: 8M used, 8M committed, 1088M reserved
[3.226s][info][gc,ref      ] GC(21) Soft: 169 encountered, 0 discovered, 0 enqueued
[3.226s][info][gc,ref      ] GC(21) Weak: 536 encountered, 189 discovered, 0 enqueued
[3.226s][info][gc,ref      ] GC(21) Final: 0 encountered, 0 discovered, 0 enqueued
[3.226s][info][gc,ref      ] GC(21) Phantom: 21 encountered, 18 discovered, 0 enqueued
[3.226s][info][gc,reloc    ] GC(21) Small Pages: 144 / 288M, Empty: 244M, Relocated: 5M, In-Place: 0
[3.226s][info][gc,reloc    ] GC(21) Medium Pages: 1 / 16M, Empty: 0M, Relocated: 0M, In-Place: 0
[3.226s][info][gc,reloc    ] GC(21) Large Pages: 0 / 0M, Empty: 0M, Relocated: 0M, In-Place: 0
[3.226s][info][gc,reloc    ] GC(21) Forwarding Usage: 2M
[3.226s][info][gc,heap     ] GC(21) Min Capacity: 8M(2%)
[3.226s][info][gc,heap     ] GC(21) Max Capacity: 512M(100%)
[3.227s][info][gc,heap     ] GC(21) Soft Max Capacity: 512M(100%)
[3.227s][info][gc,heap     ] GC(21)                Mark Start          Mark End        Relocate Start      Relocate End           High               Low         
[3.227s][info][gc,heap     ] GC(21)  Capacity:      512M (100%)        512M (100%)        512M (100%)        512M (100%)        512M (100%)        512M (100%)   
[3.227s][info][gc,heap     ] GC(21)      Free:      208M (41%)         152M (30%)         392M (77%)         408M (80%)         408M (80%)         150M (29%)    
[3.227s][info][gc,heap     ] GC(21)      Used:      304M (59%)         360M (70%)         120M (23%)         104M (20%)         362M (71%)         104M (20%)    
[3.227s][info][gc,heap     ] GC(21)      Live:         -                17M (3%)           17M (3%)           17M (3%)             -                  -          
[3.227s][info][gc,heap     ] GC(21) Allocated:         -                56M (11%)          60M (12%)          65M (13%)            -                  -          
[3.227s][info][gc,heap     ] GC(21)   Garbage:         -               286M (56%)          42M (8%)           20M (4%)             -                  -          
[3.227s][info][gc,heap     ] GC(21) Reclaimed:         -                  -               244M (48%)         265M (52%)            -                  -          
[3.227s][info][gc          ] GC(21) Garbage Collection (Allocation Rate) 304M(59%)->104M(20%)
[3.280s][info][gc,start    ] GC(22) Garbage Collection (Allocation Rate)
[3.280s][info][gc,task     ] GC(22) Using 5 workers
[3.280s][info][gc,phases   ] GC(22) Pause Mark Start 0.015ms
[3.304s][info][gc,phases   ] GC(22) Concurrent Mark 23.361ms
[3.304s][info][gc,phases   ] GC(22) Pause Mark End 0.014ms
[3.304s][info][gc,phases   ] GC(22) Concurrent Mark Free 0.001ms
[3.305s][info][gc,phases   ] GC(22) Concurrent Process Non-Strong References 0.822ms
[3.305s][info][gc,phases   ] GC(22) Concurrent Reset Relocation Set 0.003ms
[3.308s][info][gc,phases   ] GC(22) Concurrent Select Relocation Set 2.594ms
[3.308s][info][gc,phases   ] GC(22) Pause Relocate Start 0.005ms
[3.310s][info][gc,phases   ] GC(22) Concurrent Relocate 1.949ms
[3.310s][info][gc,load     ] GC(22) Load: 0.00/0.00/0.00
[3.310s][info][gc,mmu      ] GC(22) MMU: 2ms/99.0%, 5ms/99.6%, 10ms/99.7%, 20ms/99.8%, 50ms/99.9%, 100ms/99.9%
[3.310s][info][gc,marking  ] GC(22) Mark: 4 stripe(s), 2 proactive flush(es), 1 terminate flush(es), 0 completion(s), 0 continuation(s) 
[3.310s][info][gc,marking  ] GC(22) Mark Stack Usage: 32M
[3.310s][info][gc,nmethod  ] GC(22) NMethods: 1261 registered, 120 unregistered
[3.310s][info][gc,metaspace] GC(22) Metaspace: 8M used, 8M committed, 1088M reserved
[3.310s][info][gc,ref      ] GC(22) Soft: 169 encountered, 0 discovered, 0 enqueued
[3.310s][info][gc,ref      ] GC(22) Weak: 536 encountered, 160 discovered, 0 enqueued
[3.310s][info][gc,ref      ] GC(22) Final: 0 encountered, 0 discovered, 0 enqueued
[3.310s][info][gc,ref      ] GC(22) Phantom: 21 encountered, 18 discovered, 0 enqueued
[3.310s][info][gc,reloc    ] GC(22) Small Pages: 119 / 238M, Empty: 200M, Relocated: 2M, In-Place: 0
[3.310s][info][gc,reloc    ] GC(22) Medium Pages: 1 / 16M, Empty: 0M, Relocated: 0M, In-Place: 0
[3.310s][info][gc,reloc    ] GC(22) Large Pages: 0 / 0M, Empty: 0M, Relocated: 0M, In-Place: 0
[3.310s][info][gc,reloc    ] GC(22) Forwarding Usage: 1M
[3.310s][info][gc,heap     ] GC(22) Min Capacity: 8M(2%)
[3.310s][info][gc,heap     ] GC(22) Max Capacity: 512M(100%)
[3.310s][info][gc,heap     ] GC(22) Soft Max Capacity: 512M(100%)
[3.310s][info][gc,heap     ] GC(22)                Mark Start          Mark End        Relocate Start      Relocate End           High               Low         
[3.310s][info][gc,heap     ] GC(22)  Capacity:      512M (100%)        512M (100%)        512M (100%)        512M (100%)        512M (100%)        512M (100%)   
[3.310s][info][gc,heap     ] GC(22)      Free:      258M (50%)         230M (45%)         424M (83%)         436M (85%)         436M (85%)         230M (45%)    
[3.310s][info][gc,heap     ] GC(22)      Used:      254M (50%)         282M (55%)          88M (17%)          76M (15%)         282M (55%)          76M (15%)    
[3.310s][info][gc,heap     ] GC(22)      Live:         -                17M (4%)           17M (4%)           17M (4%)             -                  -          
[3.310s][info][gc,heap     ] GC(22) Allocated:         -                28M (5%)           34M (7%)           33M (7%)             -                  -          
[3.310s][info][gc,heap     ] GC(22)   Garbage:         -               236M (46%)          36M (7%)           24M (5%)             -                  -          
[3.310s][info][gc,heap     ] GC(22) Reclaimed:         -                  -               200M (39%)         211M (41%)            -                  -          
[3.310s][info][gc          ] GC(22) Garbage Collection (Allocation Rate) 254M(50%)->76M(15%)
[3.379s][info][gc,start    ] GC(23) Garbage Collection (Allocation Rate)
[3.379s][info][gc,task     ] GC(23) Using 5 workers
[3.379s][info][gc,phases   ] GC(23) Pause Mark Start 0.013ms
[3.409s][info][gc,phases   ] GC(23) Concurrent Mark 29.422ms
[3.409s][info][gc,phases   ] GC(23) Pause Mark End 0.027ms
[3.409s][info][gc,phases   ] GC(23) Concurrent Mark Free 0.001ms
[3.410s][info][gc,phases   ] GC(23) Concurrent Process Non-Strong References 0.983ms
[3.410s][info][gc,phases   ] GC(23) Concurrent Reset Relocation Set 0.003ms
[3.417s][info][gc,phases   ] GC(23) Concurrent Select Relocation Set 6.282ms
[3.417s][info][gc,phases   ] GC(23) Pause Relocate Start 0.006ms
[3.420s][info][gc,phases   ] GC(23) Concurrent Relocate 2.931ms
[3.420s][info][gc,load     ] GC(23) Load: 0.00/0.00/0.00
[3.420s][info][gc,mmu      ] GC(23) MMU: 2ms/98.6%, 5ms/99.5%, 10ms/99.7%, 20ms/99.8%, 50ms/99.9%, 100ms/99.9%
[3.420s][info][gc,marking  ] GC(23) Mark: 4 stripe(s), 2 proactive flush(es), 1 terminate flush(es), 0 completion(s), 0 continuation(s) 
[3.420s][info][gc,marking  ] GC(23) Mark Stack Usage: 32M
[3.420s][info][gc,nmethod  ] GC(23) NMethods: 1261 registered, 120 unregistered
[3.420s][info][gc,metaspace] GC(23) Metaspace: 8M used, 8M committed, 1088M reserved
[3.420s][info][gc,ref      ] GC(23) Soft: 169 encountered, 0 discovered, 0 enqueued
[3.420s][info][gc,ref      ] GC(23) Weak: 536 encountered, 140 discovered, 0 enqueued
[3.420s][info][gc,ref      ] GC(23) Final: 0 encountered, 0 discovered, 0 enqueued
[3.420s][info][gc,ref      ] GC(23) Phantom: 21 encountered, 15 discovered, 0 enqueued
[3.420s][info][gc,reloc    ] GC(23) Small Pages: 114 / 228M, Empty: 188M, Relocated: 4M, In-Place: 0
[3.420s][info][gc,reloc    ] GC(23) Medium Pages: 1 / 16M, Empty: 0M, Relocated: 0M, In-Place: 0
[3.420s][info][gc,reloc    ] GC(23) Large Pages: 0 / 0M, Empty: 0M, Relocated: 0M, In-Place: 0
[3.420s][info][gc,reloc    ] GC(23) Forwarding Usage: 2M
[3.420s][info][gc,heap     ] GC(23) Min Capacity: 8M(2%)
[3.420s][info][gc,heap     ] GC(23) Max Capacity: 512M(100%)
[3.420s][info][gc,heap     ] GC(23) Soft Max Capacity: 512M(100%)
[3.420s][info][gc,heap     ] GC(23)                Mark Start          Mark End        Relocate Start      Relocate End           High               Low         
[3.420s][info][gc,heap     ] GC(23)  Capacity:      512M (100%)        512M (100%)        512M (100%)        512M (100%)        512M (100%)        512M (100%)   
[3.420s][info][gc,heap     ] GC(23)      Free:      268M (52%)         190M (37%)         358M (70%)         366M (71%)         366M (71%)         186M (36%)    
[3.420s][info][gc,heap     ] GC(23)      Used:      244M (48%)         322M (63%)         154M (30%)         146M (29%)         326M (64%)         146M (29%)    
[3.420s][info][gc,heap     ] GC(23)      Live:         -                18M (4%)           18M (4%)           18M (4%)             -                  -          
[3.420s][info][gc,heap     ] GC(23) Allocated:         -                78M (15%)          98M (19%)         105M (21%)            -                  -          
[3.420s][info][gc,heap     ] GC(23)   Garbage:         -               225M (44%)          37M (7%)           21M (4%)             -                  -          
[3.420s][info][gc,heap     ] GC(23) Reclaimed:         -                  -               188M (37%)         203M (40%)            -                  -          
[3.420s][info][gc          ] GC(23) Garbage Collection (Allocation Rate) 244M(48%)->146M(29%)
[3.491s][info][gc,start    ] GC(24) Garbage Collection (Allocation Rate)
[3.492s][info][gc,task     ] GC(24) Using 5 workers
[3.492s][info][gc,phases   ] GC(24) Pause Mark Start 0.014ms
[3.538s][info][gc,phases   ] GC(24) Concurrent Mark 46.531ms
[3.538s][info][gc,phases   ] GC(24) Pause Mark End 0.015ms
[3.539s][info][gc,phases   ] GC(24) Concurrent Mark Free 0.002ms
[3.539s][info][gc,phases   ] GC(24) Concurrent Process Non-Strong References 0.888ms
[3.540s][info][gc,phases   ] GC(24) Concurrent Reset Relocation Set 0.003ms
[3.547s][info][gc,phases   ] GC(24) Concurrent Select Relocation Set 7.062ms
[3.547s][info][gc,phases   ] GC(24) Pause Relocate Start 0.006ms
[3.551s][info][gc,phases   ] GC(24) Concurrent Relocate 4.681ms
[3.552s][info][gc,load     ] GC(24) Load: 0.00/0.00/0.00
[3.552s][info][gc,mmu      ] GC(24) MMU: 2ms/98.6%, 5ms/99.5%, 10ms/99.7%, 20ms/99.8%, 50ms/99.9%, 100ms/99.9%
[3.552s][info][gc,marking  ] GC(24) Mark: 4 stripe(s), 4 proactive flush(es), 1 terminate flush(es), 0 completion(s), 0 continuation(s) 
[3.552s][info][gc,marking  ] GC(24) Mark Stack Usage: 32M
[3.552s][info][gc,nmethod  ] GC(24) NMethods: 1266 registered, 123 unregistered
[3.552s][info][gc,metaspace] GC(24) Metaspace: 8M used, 8M committed, 1088M reserved
[3.552s][info][gc,ref      ] GC(24) Soft: 169 encountered, 0 discovered, 0 enqueued
[3.552s][info][gc,ref      ] GC(24) Weak: 536 encountered, 81 discovered, 0 enqueued
[3.552s][info][gc,ref      ] GC(24) Final: 0 encountered, 0 discovered, 0 enqueued
[3.552s][info][gc,ref      ] GC(24) Phantom: 21 encountered, 11 discovered, 0 enqueued
[3.552s][info][gc,reloc    ] GC(24) Small Pages: 105 / 210M, Empty: 172M, Relocated: 6M, In-Place: 0
[3.552s][info][gc,reloc    ] GC(24) Medium Pages: 2 / 32M, Empty: 0M, Relocated: 3M, In-Place: 0
[3.552s][info][gc,reloc    ] GC(24) Large Pages: 0 / 0M, Empty: 0M, Relocated: 0M, In-Place: 0
[3.552s][info][gc,reloc    ] GC(24) Forwarding Usage: 2M
[3.552s][info][gc,heap     ] GC(24) Min Capacity: 8M(2%)
[3.552s][info][gc,heap     ] GC(24) Max Capacity: 512M(100%)
[3.552s][info][gc,heap     ] GC(24) Soft Max Capacity: 512M(100%)
[3.552s][info][gc,heap     ] GC(24)                Mark Start          Mark End        Relocate Start      Relocate End           High               Low         
[3.552s][info][gc,heap     ] GC(24)  Capacity:      512M (100%)        512M (100%)        512M (100%)        512M (100%)        512M (100%)        512M (100%)   
[3.552s][info][gc,heap     ] GC(24)      Free:      270M (53%)         188M (37%)         340M (66%)         352M (69%)         354M (69%)         184M (36%)    
[3.552s][info][gc,heap     ] GC(24)      Used:      242M (47%)         324M (63%)         172M (34%)         160M (31%)         328M (64%)         158M (31%)    
[3.552s][info][gc,heap     ] GC(24)      Live:         -                27M (5%)           27M (5%)           27M (5%)             -                  -          
[3.552s][info][gc,heap     ] GC(24) Allocated:         -                82M (16%)         102M (20%)         113M (22%)            -                  -          
[3.552s][info][gc,heap     ] GC(24)   Garbage:         -               214M (42%)          42M (8%)           18M (4%)             -                  -          
[3.552s][info][gc,heap     ] GC(24) Reclaimed:         -                  -               172M (34%)         195M (38%)            -                  -          
[3.552s][info][gc          ] GC(24) Garbage Collection (Allocation Rate) 242M(47%)->160M(31%)
[3.585s][info][gc,start    ] GC(25) Garbage Collection (Allocation Rate)
[3.585s][info][gc,task     ] GC(25) Using 5 workers
[3.585s][info][gc,phases   ] GC(25) Pause Mark Start 0.014ms
[3.616s][info][gc,phases   ] GC(25) Concurrent Mark 30.864ms
[3.617s][info][gc,phases   ] GC(25) Pause Mark End 0.009ms
[3.617s][info][gc,phases   ] GC(25) Concurrent Mark Free 0.001ms
[3.617s][info][gc,phases   ] GC(25) Concurrent Process Non-Strong References 0.763ms
[3.617s][info][gc,phases   ] GC(25) Concurrent Reset Relocation Set 0.003ms
[3.621s][info][gc,phases   ] GC(25) Concurrent Select Relocation Set 3.767ms
[3.621s][info][gc,phases   ] GC(25) Pause Relocate Start 0.006ms
[3.624s][info][gc,phases   ] GC(25) Concurrent Relocate 2.757ms
[3.624s][info][gc,load     ] GC(25) Load: 0.00/0.00/0.00
[3.624s][info][gc,mmu      ] GC(25) MMU: 2ms/98.6%, 5ms/99.5%, 10ms/99.7%, 20ms/99.8%, 50ms/99.9%, 100ms/99.9%
[3.624s][info][gc,marking  ] GC(25) Mark: 4 stripe(s), 2 proactive flush(es), 1 terminate flush(es), 0 completion(s), 0 continuation(s) 
[3.624s][info][gc,marking  ] GC(25) Mark Stack Usage: 32M
[3.624s][info][gc,nmethod  ] GC(25) NMethods: 1263 registered, 126 unregistered
[3.624s][info][gc,metaspace] GC(25) Metaspace: 8M used, 8M committed, 1088M reserved
[3.624s][info][gc,ref      ] GC(25) Soft: 169 encountered, 0 discovered, 0 enqueued
[3.624s][info][gc,ref      ] GC(25) Weak: 536 encountered, 100 discovered, 0 enqueued
[3.624s][info][gc,ref      ] GC(25) Final: 0 encountered, 0 discovered, 0 enqueued
[3.624s][info][gc,ref      ] GC(25) Phantom: 21 encountered, 12 discovered, 0 enqueued
[3.624s][info][gc,reloc    ] GC(25) Small Pages: 111 / 222M, Empty: 180M, Relocated: 4M, In-Place: 0
[3.625s][info][gc,reloc    ] GC(25) Medium Pages: 2 / 32M, Empty: 0M, Relocated: 1M, In-Place: 0
[3.625s][info][gc,reloc    ] GC(25) Large Pages: 0 / 0M, Empty: 0M, Relocated: 0M, In-Place: 0
[3.625s][info][gc,reloc    ] GC(25) Forwarding Usage: 1M
[3.625s][info][gc,heap     ] GC(25) Min Capacity: 8M(2%)
[3.625s][info][gc,heap     ] GC(25) Max Capacity: 512M(100%)
[3.625s][info][gc,heap     ] GC(25) Soft Max Capacity: 512M(100%)
[3.625s][info][gc,heap     ] GC(25)                Mark Start          Mark End        Relocate Start      Relocate End           High               Low         
[3.625s][info][gc,heap     ] GC(25)  Capacity:      512M (100%)        512M (100%)        512M (100%)        512M (100%)        512M (100%)        512M (100%)   
[3.625s][info][gc,heap     ] GC(25)      Free:      258M (50%)         176M (34%)         342M (67%)         366M (71%)         366M (71%)         172M (34%)    
[3.625s][info][gc,heap     ] GC(25)      Used:      254M (50%)         336M (66%)         170M (33%)         146M (29%)         340M (66%)         146M (29%)    
[3.625s][info][gc,heap     ] GC(25)      Live:         -                19M (4%)           19M (4%)           19M (4%)             -                  -          
[3.625s][info][gc,heap     ] GC(25) Allocated:         -                82M (16%)          96M (19%)         101M (20%)            -                  -          
[3.625s][info][gc,heap     ] GC(25)   Garbage:         -               234M (46%)          54M (11%)          24M (5%)             -                  -          
[3.625s][info][gc,heap     ] GC(25) Reclaimed:         -                  -               180M (35%)         209M (41%)            -                  -          
[3.625s][info][gc          ] GC(25) Garbage Collection (Allocation Rate) 254M(50%)->146M(29%)
[3.695s][info][gc,start    ] GC(26) Garbage Collection (Allocation Rate)
[3.695s][info][gc,task     ] GC(26) Using 5 workers
[3.695s][info][gc,phases   ] GC(26) Pause Mark Start 0.011ms
[3.726s][info][gc,phases   ] GC(26) Concurrent Mark 30.978ms
[3.726s][info][gc,phases   ] GC(26) Pause Mark End 0.011ms
[3.726s][info][gc,phases   ] GC(26) Concurrent Mark Free 0.001ms
[3.727s][info][gc,phases   ] GC(26) Concurrent Process Non-Strong References 0.823ms
[3.727s][info][gc,phases   ] GC(26) Concurrent Reset Relocation Set 0.003ms
[3.734s][info][gc,phases   ] GC(26) Concurrent Select Relocation Set 6.734ms
[3.734s][info][gc,phases   ] GC(26) Pause Relocate Start 0.006ms
[3.738s][info][gc,phases   ] GC(26) Concurrent Relocate 4.004ms
[3.738s][info][gc,load     ] GC(26) Load: 0.00/0.00/0.00
[3.738s][info][gc,mmu      ] GC(26) MMU: 2ms/98.6%, 5ms/99.5%, 10ms/99.7%, 20ms/99.8%, 50ms/99.9%, 100ms/99.9%
[3.738s][info][gc,marking  ] GC(26) Mark: 4 stripe(s), 2 proactive flush(es), 1 terminate flush(es), 0 completion(s), 0 continuation(s) 
[3.738s][info][gc,marking  ] GC(26) Mark Stack Usage: 32M
[3.738s][info][gc,nmethod  ] GC(26) NMethods: 1263 registered, 126 unregistered
[3.738s][info][gc,metaspace] GC(26) Metaspace: 8M used, 8M committed, 1088M reserved
[3.738s][info][gc,ref      ] GC(26) Soft: 169 encountered, 0 discovered, 0 enqueued
[3.738s][info][gc,ref      ] GC(26) Weak: 536 encountered, 130 discovered, 0 enqueued
[3.738s][info][gc,ref      ] GC(26) Final: 0 encountered, 0 discovered, 0 enqueued
[3.738s][info][gc,ref      ] GC(26) Phantom: 21 encountered, 18 discovered, 0 enqueued
[3.738s][info][gc,reloc    ] GC(26) Small Pages: 165 / 330M, Empty: 280M, Relocated: 6M, In-Place: 0
[3.738s][info][gc,reloc    ] GC(26) Medium Pages: 1 / 16M, Empty: 0M, Relocated: 0M, In-Place: 0
[3.738s][info][gc,reloc    ] GC(26) Large Pages: 0 / 0M, Empty: 0M, Relocated: 0M, In-Place: 0
[3.738s][info][gc,reloc    ] GC(26) Forwarding Usage: 2M
[3.738s][info][gc,heap     ] GC(26) Min Capacity: 8M(2%)
[3.738s][info][gc,heap     ] GC(26) Max Capacity: 512M(100%)
[3.738s][info][gc,heap     ] GC(26) Soft Max Capacity: 512M(100%)
[3.738s][info][gc,heap     ] GC(26)                Mark Start          Mark End        Relocate Start      Relocate End           High               Low         
[3.738s][info][gc,heap     ] GC(26)  Capacity:      512M (100%)        512M (100%)        512M (100%)        512M (100%)        512M (100%)        512M (100%)   
[3.738s][info][gc,heap     ] GC(26)      Free:      166M (32%)         116M (23%)         380M (74%)         392M (77%)         392M (77%)         114M (22%)    
[3.738s][info][gc,heap     ] GC(26)      Used:      346M (68%)         396M (77%)         132M (26%)         120M (23%)         398M (78%)         120M (23%)    
[3.738s][info][gc,heap     ] GC(26)      Live:         -                20M (4%)           20M (4%)           20M (4%)             -                  -          
[3.738s][info][gc,heap     ] GC(26) Allocated:         -                50M (10%)          66M (13%)          77M (15%)            -                  -          
[3.739s][info][gc,heap     ] GC(26)   Garbage:         -               325M (64%)          45M (9%)           21M (4%)             -                  -          
[3.739s][info][gc,heap     ] GC(26) Reclaimed:         -                  -               280M (55%)         303M (59%)            -                  -          
[3.739s][info][gc          ] GC(26) Garbage Collection (Allocation Rate) 346M(68%)->120M(23%)
[3.786s][info][gc,start    ] GC(27) Garbage Collection (Allocation Rate)
[3.786s][info][gc,task     ] GC(27) Using 5 workers
[3.787s][info][gc,phases   ] GC(27) Pause Mark Start 0.011ms
[3.818s][info][gc,phases   ] GC(27) Concurrent Mark 30.937ms
[3.818s][info][gc,phases   ] GC(27) Pause Mark End 0.011ms
[3.818s][info][gc,phases   ] GC(27) Concurrent Mark Free 0.001ms
[3.819s][info][gc,phases   ] GC(27) Concurrent Process Non-Strong References 0.779ms
[3.819s][info][gc,phases   ] GC(27) Concurrent Reset Relocation Set 0.003ms
[3.826s][info][gc,phases   ] GC(27) Concurrent Select Relocation Set 7.303ms
[3.826s][info][gc,phases   ] GC(27) Pause Relocate Start 0.005ms
[3.830s][info][gc,phases   ] GC(27) Concurrent Relocate 4.208ms
[3.830s][info][gc,load     ] GC(27) Load: 0.00/0.00/0.00
[3.830s][info][gc,mmu      ] GC(27) MMU: 2ms/98.6%, 5ms/99.5%, 10ms/99.7%, 20ms/99.8%, 50ms/99.9%, 100ms/99.9%
[3.830s][info][gc,marking  ] GC(27) Mark: 4 stripe(s), 2 proactive flush(es), 1 terminate flush(es), 0 completion(s), 0 continuation(s) 
[3.830s][info][gc,marking  ] GC(27) Mark Stack Usage: 32M
[3.830s][info][gc,nmethod  ] GC(27) NMethods: 1263 registered, 126 unregistered
[3.830s][info][gc,metaspace] GC(27) Metaspace: 8M used, 8M committed, 1088M reserved
[3.831s][info][gc,ref      ] GC(27) Soft: 169 encountered, 0 discovered, 0 enqueued
[3.831s][info][gc,ref      ] GC(27) Weak: 536 encountered, 212 discovered, 0 enqueued
[3.831s][info][gc,ref      ] GC(27) Final: 0 encountered, 0 discovered, 0 enqueued
[3.831s][info][gc,ref      ] GC(27) Phantom: 21 encountered, 14 discovered, 0 enqueued
[3.831s][info][gc,reloc    ] GC(27) Small Pages: 108 / 216M, Empty: 174M, Relocated: 6M, In-Place: 0
[3.831s][info][gc,reloc    ] GC(27) Medium Pages: 2 / 32M, Empty: 0M, Relocated: 1M, In-Place: 0
[3.831s][info][gc,reloc    ] GC(27) Large Pages: 0 / 0M, Empty: 0M, Relocated: 0M, In-Place: 0
[3.831s][info][gc,reloc    ] GC(27) Forwarding Usage: 2M
[3.831s][info][gc,heap     ] GC(27) Min Capacity: 8M(2%)
[3.831s][info][gc,heap     ] GC(27) Max Capacity: 512M(100%)
[3.831s][info][gc,heap     ] GC(27) Soft Max Capacity: 512M(100%)
[3.831s][info][gc,heap     ] GC(27)                Mark Start          Mark End        Relocate Start      Relocate End           High               Low         
[3.831s][info][gc,heap     ] GC(27)  Capacity:      512M (100%)        512M (100%)        512M (100%)        512M (100%)        512M (100%)        512M (100%)   
[3.831s][info][gc,heap     ] GC(27)      Free:      264M (52%)         180M (35%)         336M (66%)         356M (70%)         356M (70%)         178M (35%)    
[3.831s][info][gc,heap     ] GC(27)      Used:      248M (48%)         332M (65%)         176M (34%)         156M (30%)         334M (65%)         156M (30%)    
[3.831s][info][gc,heap     ] GC(27)      Live:         -                21M (4%)           21M (4%)           21M (4%)             -                  -          
[3.831s][info][gc,heap     ] GC(27) Allocated:         -                84M (16%)         102M (20%)         111M (22%)            -                  -          
[3.831s][info][gc,heap     ] GC(27)   Garbage:         -               226M (44%)          52M (10%)          22M (4%)             -                  -          
[3.831s][info][gc,heap     ] GC(27) Reclaimed:         -                  -               174M (34%)         203M (40%)            -                  -          
[3.831s][info][gc          ] GC(27) Garbage Collection (Allocation Rate) 248M(48%)->156M(30%)
[3.880s][info][gc,start    ] GC(28) Garbage Collection (Allocation Rate)
[3.880s][info][gc,task     ] GC(28) Using 5 workers
[3.880s][info][gc,phases   ] GC(28) Pause Mark Start 0.010ms
[3.905s][info][gc,phases   ] GC(28) Concurrent Mark 24.731ms
[3.905s][info][gc,phases   ] GC(28) Pause Mark End 0.011ms
[3.905s][info][gc,phases   ] GC(28) Concurrent Mark Free 0.001ms
[3.906s][info][gc,phases   ] GC(28) Concurrent Process Non-Strong References 0.747ms
[3.906s][info][gc,phases   ] GC(28) Concurrent Reset Relocation Set 0.003ms
[3.909s][info][gc,phases   ] GC(28) Concurrent Select Relocation Set 3.641ms
[3.910s][info][gc,phases   ] GC(28) Pause Relocate Start 0.004ms
[3.914s][info][gc,phases   ] GC(28) Concurrent Relocate 4.242ms
[3.914s][info][gc,load     ] GC(28) Load: 0.00/0.00/0.00
[3.914s][info][gc,mmu      ] GC(28) MMU: 2ms/98.6%, 5ms/99.5%, 10ms/99.7%, 20ms/99.8%, 50ms/99.9%, 100ms/99.9%
[3.914s][info][gc,marking  ] GC(28) Mark: 4 stripe(s), 2 proactive flush(es), 1 terminate flush(es), 0 completion(s), 0 continuation(s) 
[3.914s][info][gc,marking  ] GC(28) Mark Stack Usage: 32M
[3.914s][info][gc,nmethod  ] GC(28) NMethods: 1263 registered, 126 unregistered
[3.914s][info][gc,metaspace] GC(28) Metaspace: 8M used, 8M committed, 1088M reserved
[3.914s][info][gc,ref      ] GC(28) Soft: 169 encountered, 0 discovered, 0 enqueued
[3.914s][info][gc,ref      ] GC(28) Weak: 536 encountered, 76 discovered, 0 enqueued
[3.914s][info][gc,ref      ] GC(28) Final: 0 encountered, 0 discovered, 0 enqueued
[3.914s][info][gc,ref      ] GC(28) Phantom: 21 encountered, 18 discovered, 0 enqueued
[3.914s][info][gc,reloc    ] GC(28) Small Pages: 129 / 258M, Empty: 212M, Relocated: 6M, In-Place: 0
[3.914s][info][gc,reloc    ] GC(28) Medium Pages: 1 / 16M, Empty: 0M, Relocated: 0M, In-Place: 0
[3.914s][info][gc,reloc    ] GC(28) Large Pages: 0 / 0M, Empty: 0M, Relocated: 0M, In-Place: 0
[3.914s][info][gc,reloc    ] GC(28) Forwarding Usage: 2M
[3.914s][info][gc,heap     ] GC(28) Min Capacity: 8M(2%)
[3.914s][info][gc,heap     ] GC(28) Max Capacity: 512M(100%)
[3.914s][info][gc,heap     ] GC(28) Soft Max Capacity: 512M(100%)
[3.914s][info][gc,heap     ] GC(28)                Mark Start          Mark End        Relocate Start      Relocate End           High               Low         
[3.914s][info][gc,heap     ] GC(28)  Capacity:      512M (100%)        512M (100%)        512M (100%)        512M (100%)        512M (100%)        512M (100%)   
[3.914s][info][gc,heap     ] GC(28)      Free:      238M (46%)         172M (34%)         376M (73%)         388M (76%)         388M (76%)         170M (33%)    
[3.914s][info][gc,heap     ] GC(28)      Used:      274M (54%)         340M (66%)         136M (27%)         124M (24%)         342M (67%)         124M (24%)    
[3.914s][info][gc,heap     ] GC(28)      Live:         -                21M (4%)           21M (4%)           21M (4%)             -                  -          
[3.915s][info][gc,heap     ] GC(28) Allocated:         -                66M (13%)          74M (14%)          81M (16%)            -                  -          
[3.915s][info][gc,heap     ] GC(28)   Garbage:         -               252M (49%)          40M (8%)           20M (4%)             -                  -          
[3.915s][info][gc,heap     ] GC(28) Reclaimed:         -                  -               212M (41%)         231M (45%)            -                  -          
[3.915s][info][gc          ] GC(28) Garbage Collection (Allocation Rate) 274M(54%)->124M(24%)
[3.981s][info][gc,start    ] GC(29) Garbage Collection (Allocation Rate)
[3.981s][info][gc,task     ] GC(29) Using 5 workers
[3.981s][info][gc,phases   ] GC(29) Pause Mark Start 0.012ms
[4.005s][info][gc,phases   ] GC(29) Concurrent Mark 23.702ms
[4.005s][info][gc,phases   ] GC(29) Pause Mark End 0.011ms
[4.005s][info][gc,phases   ] GC(29) Concurrent Mark Free 0.001ms
[4.005s][info][gc,phases   ] GC(29) Concurrent Process Non-Strong References 0.681ms
[4.005s][info][gc,phases   ] GC(29) Concurrent Reset Relocation Set 0.004ms
[4.009s][info][gc,phases   ] GC(29) Concurrent Select Relocation Set 3.938ms
[4.010s][info][gc,phases   ] GC(29) Pause Relocate Start 0.005ms
[4.011s][info][gc,phases   ] GC(29) Concurrent Relocate 1.465ms
[4.011s][info][gc,load     ] GC(29) Load: 0.00/0.00/0.00
[4.011s][info][gc,mmu      ] GC(29) MMU: 2ms/98.6%, 5ms/99.5%, 10ms/99.7%, 20ms/99.8%, 50ms/99.9%, 100ms/99.9%
[4.011s][info][gc,marking  ] GC(29) Mark: 4 stripe(s), 3 proactive flush(es), 1 terminate flush(es), 0 completion(s), 0 continuation(s) 
[4.011s][info][gc,marking  ] GC(29) Mark Stack Usage: 32M
[4.011s][info][gc,nmethod  ] GC(29) NMethods: 1263 registered, 126 unregistered
[4.011s][info][gc,metaspace] GC(29) Metaspace: 8M used, 8M committed, 1088M reserved
[4.011s][info][gc,ref      ] GC(29) Soft: 169 encountered, 0 discovered, 0 enqueued
[4.011s][info][gc,ref      ] GC(29) Weak: 536 encountered, 100 discovered, 0 enqueued
[4.011s][info][gc,ref      ] GC(29) Final: 0 encountered, 0 discovered, 0 enqueued
[4.011s][info][gc,ref      ] GC(29) Phantom: 21 encountered, 19 discovered, 0 enqueued
[4.011s][info][gc,reloc    ] GC(29) Small Pages: 126 / 252M, Empty: 214M, Relocated: 3M, In-Place: 0
[4.011s][info][gc,reloc    ] GC(29) Medium Pages: 1 / 16M, Empty: 0M, Relocated: 0M, In-Place: 0
[4.011s][info][gc,reloc    ] GC(29) Large Pages: 0 / 0M, Empty: 0M, Relocated: 0M, In-Place: 0
[4.012s][info][gc,reloc    ] GC(29) Forwarding Usage: 1M
[4.012s][info][gc,heap     ] GC(29) Min Capacity: 8M(2%)
[4.012s][info][gc,heap     ] GC(29) Max Capacity: 512M(100%)
[4.012s][info][gc,heap     ] GC(29) Soft Max Capacity: 512M(100%)
[4.012s][info][gc,heap     ] GC(29)                Mark Start          Mark End        Relocate Start      Relocate End           High               Low         
[4.012s][info][gc,heap     ] GC(29)  Capacity:      512M (100%)        512M (100%)        512M (100%)        512M (100%)        512M (100%)        512M (100%)   
[4.012s][info][gc,heap     ] GC(29)      Free:      244M (48%)         204M (40%)         410M (80%)         416M (81%)         416M (81%)         202M (39%)    
[4.012s][info][gc,heap     ] GC(29)      Used:      268M (52%)         308M (60%)         102M (20%)          96M (19%)         310M (61%)          96M (19%)    
[4.012s][info][gc,heap     ] GC(29)      Live:         -                22M (4%)           22M (4%)           22M (4%)             -                  -          
[4.012s][info][gc,heap     ] GC(29) Allocated:         -                40M (8%)           48M (9%)           47M (9%)             -                  -          
[4.012s][info][gc,heap     ] GC(29)   Garbage:         -               245M (48%)          31M (6%)           25M (5%)             -                  -          
[4.012s][info][gc,heap     ] GC(29) Reclaimed:         -                  -               214M (42%)         219M (43%)            -                  -          
[4.012s][info][gc          ] GC(29) Garbage Collection (Allocation Rate) 268M(52%)->96M(19%)
[4.080s][info][gc,start    ] GC(30) Garbage Collection (Allocation Rate)
[4.080s][info][gc,task     ] GC(30) Using 5 workers
[4.081s][info][gc,phases   ] GC(30) Pause Mark Start 0.013ms
[4.104s][info][gc,phases   ] GC(30) Concurrent Mark 23.619ms
[4.104s][info][gc,phases   ] GC(30) Pause Mark End 0.009ms
[4.104s][info][gc,phases   ] GC(30) Concurrent Mark Free 0.001ms
[4.105s][info][gc,phases   ] GC(30) Concurrent Process Non-Strong References 0.702ms
[4.105s][info][gc,phases   ] GC(30) Concurrent Reset Relocation Set 0.002ms
[4.111s][info][gc,phases   ] GC(30) Concurrent Select Relocation Set 5.456ms
[4.111s][info][gc,phases   ] GC(30) Pause Relocate Start 0.003ms
[4.113s][info][gc,phases   ] GC(30) Concurrent Relocate 2.051ms
[4.113s][info][gc,load     ] GC(30) Load: 0.00/0.00/0.00
[4.113s][info][gc,mmu      ] GC(30) MMU: 2ms/98.6%, 5ms/99.5%, 10ms/99.7%, 20ms/99.8%, 50ms/99.9%, 100ms/99.9%
[4.113s][info][gc,marking  ] GC(30) Mark: 4 stripe(s), 2 proactive flush(es), 1 terminate flush(es), 0 completion(s), 0 continuation(s) 
[4.113s][info][gc,marking  ] GC(30) Mark Stack Usage: 32M
[4.113s][info][gc,nmethod  ] GC(30) NMethods: 1263 registered, 126 unregistered
[4.113s][info][gc,metaspace] GC(30) Metaspace: 8M used, 8M committed, 1088M reserved
[4.113s][info][gc,ref      ] GC(30) Soft: 169 encountered, 0 discovered, 0 enqueued
[4.113s][info][gc,ref      ] GC(30) Weak: 536 encountered, 134 discovered, 0 enqueued
[4.113s][info][gc,ref      ] GC(30) Final: 0 encountered, 0 discovered, 0 enqueued
[4.113s][info][gc,ref      ] GC(30) Phantom: 21 encountered, 13 discovered, 0 enqueued
[4.113s][info][gc,reloc    ] GC(30) Small Pages: 128 / 256M, Empty: 210M, Relocated: 5M, In-Place: 0
[4.113s][info][gc,reloc    ] GC(30) Medium Pages: 1 / 16M, Empty: 0M, Relocated: 0M, In-Place: 0
[4.113s][info][gc,reloc    ] GC(30) Large Pages: 0 / 0M, Empty: 0M, Relocated: 0M, In-Place: 0
[4.113s][info][gc,reloc    ] GC(30) Forwarding Usage: 2M
[4.113s][info][gc,heap     ] GC(30) Min Capacity: 8M(2%)
[4.113s][info][gc,heap     ] GC(30) Max Capacity: 512M(100%)
[4.113s][info][gc,heap     ] GC(30) Soft Max Capacity: 512M(100%)
[4.113s][info][gc,heap     ] GC(30)                Mark Start          Mark End        Relocate Start      Relocate End           High               Low         
[4.113s][info][gc,heap     ] GC(30)  Capacity:      512M (100%)        512M (100%)        512M (100%)        512M (100%)        512M (100%)        512M (100%)   
[4.113s][info][gc,heap     ] GC(30)      Free:      240M (47%)         176M (34%)         374M (73%)         384M (75%)         384M (75%)         176M (34%)    
[4.113s][info][gc,heap     ] GC(30)      Used:      272M (53%)         336M (66%)         138M (27%)         128M (25%)         336M (66%)         128M (25%)    
[4.113s][info][gc,heap     ] GC(30)      Live:         -                23M (4%)           23M (4%)           23M (4%)             -                  -          
[4.114s][info][gc,heap     ] GC(30) Allocated:         -                64M (13%)          76M (15%)          81M (16%)            -                  -          
[4.114s][info][gc,heap     ] GC(30)   Garbage:         -               248M (49%)          38M (8%)           22M (4%)             -                  -          
[4.114s][info][gc,heap     ] GC(30) Reclaimed:         -                  -               210M (41%)         225M (44%)            -                  -          
[4.114s][info][gc          ] GC(30) Garbage Collection (Allocation Rate) 272M(53%)->128M(25%)
[4.185s][info][gc,start    ] GC(31) Garbage Collection (Allocation Rate)
[4.185s][info][gc,task     ] GC(31) Using 5 workers
[4.185s][info][gc,phases   ] GC(31) Pause Mark Start 0.010ms
[4.216s][info][gc,phases   ] GC(31) Concurrent Mark 31.045ms
[4.216s][info][gc,phases   ] GC(31) Pause Mark End 0.010ms
[4.216s][info][gc,phases   ] GC(31) Concurrent Mark Free 0.001ms
[4.217s][info][gc,phases   ] GC(31) Concurrent Process Non-Strong References 0.781ms
[4.217s][info][gc,phases   ] GC(31) Concurrent Reset Relocation Set 0.003ms
[4.221s][info][gc,phases   ] GC(31) Concurrent Select Relocation Set 3.774ms
[4.221s][info][gc,phases   ] GC(31) Pause Relocate Start 0.005ms
[4.223s][info][gc,phases   ] GC(31) Concurrent Relocate 2.382ms
[4.223s][info][gc,load     ] GC(31) Load: 0.00/0.00/0.00
[4.223s][info][gc,mmu      ] GC(31) MMU: 2ms/98.6%, 5ms/99.5%, 10ms/99.7%, 20ms/99.8%, 50ms/99.9%, 100ms/99.9%
[4.223s][info][gc,marking  ] GC(31) Mark: 4 stripe(s), 2 proactive flush(es), 1 terminate flush(es), 0 completion(s), 0 continuation(s) 
[4.223s][info][gc,marking  ] GC(31) Mark Stack Usage: 32M
[4.223s][info][gc,nmethod  ] GC(31) NMethods: 1263 registered, 126 unregistered
[4.223s][info][gc,metaspace] GC(31) Metaspace: 8M used, 8M committed, 1088M reserved
[4.223s][info][gc,ref      ] GC(31) Soft: 169 encountered, 0 discovered, 0 enqueued
[4.223s][info][gc,ref      ] GC(31) Weak: 536 encountered, 152 discovered, 0 enqueued
[4.223s][info][gc,ref      ] GC(31) Final: 0 encountered, 0 discovered, 0 enqueued
[4.223s][info][gc,ref      ] GC(31) Phantom: 21 encountered, 19 discovered, 0 enqueued
[4.224s][info][gc,reloc    ] GC(31) Small Pages: 155 / 310M, Empty: 266M, Relocated: 3M, In-Place: 0
[4.224s][info][gc,reloc    ] GC(31) Medium Pages: 1 / 16M, Empty: 0M, Relocated: 0M, In-Place: 0
[4.224s][info][gc,reloc    ] GC(31) Large Pages: 0 / 0M, Empty: 0M, Relocated: 0M, In-Place: 0
[4.224s][info][gc,reloc    ] GC(31) Forwarding Usage: 1M
[4.224s][info][gc,heap     ] GC(31) Min Capacity: 8M(2%)
[4.224s][info][gc,heap     ] GC(31) Max Capacity: 512M(100%)
[4.224s][info][gc,heap     ] GC(31) Soft Max Capacity: 512M(100%)
[4.224s][info][gc,heap     ] GC(31)                Mark Start          Mark End        Relocate Start      Relocate End           High               Low         
[4.224s][info][gc,heap     ] GC(31)  Capacity:      512M (100%)        512M (100%)        512M (100%)        512M (100%)        512M (100%)        512M (100%)   
[4.224s][info][gc,heap     ] GC(31)      Free:      186M (36%)         112M (22%)         374M (73%)         368M (72%)         374M (73%)         112M (22%)    
[4.224s][info][gc,heap     ] GC(31)      Used:      326M (64%)         400M (78%)         138M (27%)         144M (28%)         400M (78%)         138M (27%)    
[4.224s][info][gc,heap     ] GC(31)      Live:         -                23M (5%)           23M (5%)           23M (5%)             -                  -          
[4.224s][info][gc,heap     ] GC(31) Allocated:         -                74M (14%)          78M (15%)          93M (18%)            -                  -          
[4.224s][info][gc,heap     ] GC(31)   Garbage:         -               302M (59%)          36M (7%)           26M (5%)             -                  -          
[4.224s][info][gc,heap     ] GC(31) Reclaimed:         -                  -               266M (52%)         275M (54%)            -                  -          
[4.224s][info][gc          ] GC(31) Garbage Collection (Allocation Rate) 326M(64%)->144M(28%)
[4.294s][info][gc,start    ] GC(32) Garbage Collection (Allocation Rate)
[4.294s][info][gc,task     ] GC(32) Using 5 workers
[4.294s][info][gc,phases   ] GC(32) Pause Mark Start 0.011ms
[4.341s][info][gc,phases   ] GC(32) Concurrent Mark 46.653ms
[4.341s][info][gc,phases   ] GC(32) Pause Mark End 0.014ms
[4.341s][info][gc,phases   ] GC(32) Concurrent Mark Free 0.001ms
[4.342s][info][gc,phases   ] GC(32) Concurrent Process Non-Strong References 1.012ms
[4.342s][info][gc,phases   ] GC(32) Concurrent Reset Relocation Set 0.003ms
[4.349s][info][gc,phases   ] GC(32) Concurrent Select Relocation Set 6.374ms
[4.349s][info][gc,phases   ] GC(32) Pause Relocate Start 0.006ms
[4.354s][info][gc,phases   ] GC(32) Concurrent Relocate 5.485ms
[4.354s][info][gc,load     ] GC(32) Load: 0.00/0.00/0.00
[4.354s][info][gc,mmu      ] GC(32) MMU: 2ms/98.6%, 5ms/99.5%, 10ms/99.7%, 20ms/99.8%, 50ms/99.9%, 100ms/99.9%
[4.354s][info][gc,marking  ] GC(32) Mark: 4 stripe(s), 4 proactive flush(es), 1 terminate flush(es), 0 completion(s), 0 continuation(s) 
[4.354s][info][gc,marking  ] GC(32) Mark Stack Usage: 32M
[4.354s][info][gc,nmethod  ] GC(32) NMethods: 1263 registered, 126 unregistered
[4.354s][info][gc,metaspace] GC(32) Metaspace: 8M used, 8M committed, 1088M reserved
[4.354s][info][gc,ref      ] GC(32) Soft: 169 encountered, 0 discovered, 0 enqueued
[4.354s][info][gc,ref      ] GC(32) Weak: 536 encountered, 64 discovered, 0 enqueued
[4.354s][info][gc,ref      ] GC(32) Final: 0 encountered, 0 discovered, 0 enqueued
[4.355s][info][gc,ref      ] GC(32) Phantom: 21 encountered, 18 discovered, 0 enqueued
[4.355s][info][gc,reloc    ] GC(32) Small Pages: 139 / 278M, Empty: 232M, Relocated: 6M, In-Place: 0
[4.355s][info][gc,reloc    ] GC(32) Medium Pages: 2 / 32M, Empty: 0M, Relocated: 2M, In-Place: 0
[4.355s][info][gc,reloc    ] GC(32) Large Pages: 0 / 0M, Empty: 0M, Relocated: 0M, In-Place: 0
[4.355s][info][gc,reloc    ] GC(32) Forwarding Usage: 2M
[4.355s][info][gc,heap     ] GC(32) Min Capacity: 8M(2%)
[4.355s][info][gc,heap     ] GC(32) Max Capacity: 512M(100%)
[4.355s][info][gc,heap     ] GC(32) Soft Max Capacity: 512M(100%)
[4.355s][info][gc,heap     ] GC(32)                Mark Start          Mark End        Relocate Start      Relocate End           High               Low         
[4.355s][info][gc,heap     ] GC(32)  Capacity:      512M (100%)        512M (100%)        512M (100%)        512M (100%)        512M (100%)        512M (100%)   
[4.355s][info][gc,heap     ] GC(32)      Free:      202M (39%)          84M (16%)         302M (59%)         316M (62%)         320M (63%)          82M (16%)    
[4.355s][info][gc,heap     ] GC(32)      Used:      310M (61%)         428M (84%)         210M (41%)         196M (38%)         430M (84%)         192M (38%)    
[4.355s][info][gc,heap     ] GC(32)      Live:         -                24M (5%)           24M (5%)           24M (5%)             -                  -          
[4.355s][info][gc,heap     ] GC(32) Allocated:         -               118M (23%)         132M (26%)         147M (29%)            -                  -          
[4.355s][info][gc,heap     ] GC(32)   Garbage:         -               285M (56%)          53M (10%)          23M (5%)             -                  -          
[4.355s][info][gc,heap     ] GC(32) Reclaimed:         -                  -               232M (45%)         261M (51%)            -                  -          
[4.355s][info][gc          ] GC(32) Garbage Collection (Allocation Rate) 310M(61%)->196M(38%)
[4.388s][info][gc,start    ] GC(33) Garbage Collection (Allocation Rate)
[4.388s][info][gc,task     ] GC(33) Using 5 workers
[4.388s][info][gc,phases   ] GC(33) Pause Mark Start 0.013ms
[4.435s][info][gc,phases   ] GC(33) Concurrent Mark 46.662ms
[4.435s][info][gc,phases   ] GC(33) Pause Mark End 0.016ms
[4.435s][info][gc,phases   ] GC(33) Concurrent Mark Free 0.002ms
[4.436s][info][gc,phases   ] GC(33) Concurrent Process Non-Strong References 1.121ms
[4.436s][info][gc,phases   ] GC(33) Concurrent Reset Relocation Set 0.003ms
[4.440s][info][gc,phases   ] GC(33) Concurrent Select Relocation Set 3.699ms
[4.440s][info][gc,phases   ] GC(33) Pause Relocate Start 0.007ms
[4.446s][info][gc,phases   ] GC(33) Concurrent Relocate 5.902ms
[4.446s][info][gc,load     ] GC(33) Load: 0.00/0.00/0.00
[4.446s][info][gc,mmu      ] GC(33) MMU: 2ms/98.6%, 5ms/99.5%, 10ms/99.7%, 20ms/99.8%, 50ms/99.9%, 100ms/99.9%
[4.446s][info][gc,marking  ] GC(33) Mark: 4 stripe(s), 3 proactive flush(es), 1 terminate flush(es), 0 completion(s), 0 continuation(s) 
[4.446s][info][gc,marking  ] GC(33) Mark Stack Usage: 32M
[4.446s][info][gc,nmethod  ] GC(33) NMethods: 1263 registered, 126 unregistered
[4.446s][info][gc,metaspace] GC(33) Metaspace: 8M used, 8M committed, 1088M reserved
[4.446s][info][gc,ref      ] GC(33) Soft: 169 encountered, 0 discovered, 0 enqueued
[4.446s][info][gc,ref      ] GC(33) Weak: 536 encountered, 278 discovered, 0 enqueued
[4.446s][info][gc,ref      ] GC(33) Final: 0 encountered, 0 discovered, 0 enqueued
[4.446s][info][gc,ref      ] GC(33) Phantom: 21 encountered, 19 discovered, 0 enqueued
[4.446s][info][gc,reloc    ] GC(33) Small Pages: 136 / 272M, Empty: 228M, Relocated: 6M, In-Place: 0
[4.446s][info][gc,reloc    ] GC(33) Medium Pages: 1 / 16M, Empty: 0M, Relocated: 0M, In-Place: 0
[4.446s][info][gc,reloc    ] GC(33) Large Pages: 0 / 0M, Empty: 0M, Relocated: 0M, In-Place: 0
[4.446s][info][gc,reloc    ] GC(33) Forwarding Usage: 2M
[4.446s][info][gc,heap     ] GC(33) Min Capacity: 8M(2%)
[4.446s][info][gc,heap     ] GC(33) Max Capacity: 512M(100%)
[4.446s][info][gc,heap     ] GC(33) Soft Max Capacity: 512M(100%)
[4.446s][info][gc,heap     ] GC(33)                Mark Start          Mark End        Relocate Start      Relocate End           High               Low         
[4.446s][info][gc,heap     ] GC(33)  Capacity:      512M (100%)        512M (100%)        512M (100%)        512M (100%)        512M (100%)        512M (100%)   
[4.446s][info][gc,heap     ] GC(33)      Free:      224M (44%)         108M (21%)         324M (63%)         324M (63%)         328M (64%)         104M (20%)    
[4.446s][info][gc,heap     ] GC(33)      Used:      288M (56%)         404M (79%)         188M (37%)         188M (37%)         408M (80%)         184M (36%)    
[4.446s][info][gc,heap     ] GC(33)      Live:         -                25M (5%)           25M (5%)           25M (5%)             -                  -          
[4.446s][info][gc,heap     ] GC(33) Allocated:         -               116M (23%)         128M (25%)         141M (28%)            -                  -          
[4.447s][info][gc,heap     ] GC(33)   Garbage:         -               262M (51%)          34M (7%)           20M (4%)             -                  -          
[4.447s][info][gc,heap     ] GC(33) Reclaimed:         -                  -               228M (45%)         241M (47%)            -                  -          
[4.447s][info][gc          ] GC(33) Garbage Collection (Allocation Rate) 288M(56%)->188M(37%)
[4.481s][info][gc,start    ] GC(34) Garbage Collection (Allocation Rate)
[4.481s][info][gc,task     ] GC(34) Using 5 workers
[4.482s][info][gc,phases   ] GC(34) Pause Mark Start 0.010ms
[4.513s][info][gc,phases   ] GC(34) Concurrent Mark 31.007ms
[4.513s][info][gc,phases   ] GC(34) Pause Mark End 0.013ms
[4.513s][info][gc,phases   ] GC(34) Concurrent Mark Free 0.001ms
[4.513s][info][gc,phases   ] GC(34) Concurrent Process Non-Strong References 0.653ms
[4.514s][info][gc,phases   ] GC(34) Concurrent Reset Relocation Set 0.002ms
[4.518s][info][gc,phases   ] GC(34) Concurrent Select Relocation Set 4.065ms
[4.518s][info][gc,phases   ] GC(34) Pause Relocate Start 0.004ms
[4.519s][info][gc,phases   ] GC(34) Concurrent Relocate 1.344ms
[4.519s][info][gc,load     ] GC(34) Load: 0.00/0.00/0.00
[4.519s][info][gc,mmu      ] GC(34) MMU: 2ms/98.6%, 5ms/99.5%, 10ms/99.7%, 20ms/99.8%, 50ms/99.9%, 100ms/99.9%
[4.519s][info][gc,marking  ] GC(34) Mark: 4 stripe(s), 2 proactive flush(es), 1 terminate flush(es), 0 completion(s), 0 continuation(s) 
[4.519s][info][gc,marking  ] GC(34) Mark Stack Usage: 32M
[4.519s][info][gc,nmethod  ] GC(34) NMethods: 1263 registered, 126 unregistered
[4.519s][info][gc,metaspace] GC(34) Metaspace: 8M used, 8M committed, 1088M reserved
[4.519s][info][gc,ref      ] GC(34) Soft: 169 encountered, 0 discovered, 0 enqueued
[4.519s][info][gc,ref      ] GC(34) Weak: 536 encountered, 133 discovered, 0 enqueued
[4.519s][info][gc,ref      ] GC(34) Final: 0 encountered, 0 discovered, 0 enqueued
[4.519s][info][gc,ref      ] GC(34) Phantom: 21 encountered, 18 discovered, 0 enqueued
[4.519s][info][gc,reloc    ] GC(34) Small Pages: 134 / 268M, Empty: 220M, Relocated: 1M, In-Place: 0
[4.519s][info][gc,reloc    ] GC(34) Medium Pages: 1 / 16M, Empty: 0M, Relocated: 0M, In-Place: 0
[4.519s][info][gc,reloc    ] GC(34) Large Pages: 0 / 0M, Empty: 0M, Relocated: 0M, In-Place: 0
[4.520s][info][gc,reloc    ] GC(34) Forwarding Usage: 0M
[4.520s][info][gc,heap     ] GC(34) Min Capacity: 8M(2%)
[4.520s][info][gc,heap     ] GC(34) Max Capacity: 512M(100%)
[4.520s][info][gc,heap     ] GC(34) Soft Max Capacity: 512M(100%)
[4.520s][info][gc,heap     ] GC(34)                Mark Start          Mark End        Relocate Start      Relocate End           High               Low         
[4.520s][info][gc,heap     ] GC(34)  Capacity:      512M (100%)        512M (100%)        512M (100%)        512M (100%)        512M (100%)        512M (100%)   
[4.520s][info][gc,heap     ] GC(34)      Free:      228M (45%)         150M (29%)         358M (70%)         364M (71%)         364M (71%)         148M (29%)    
[4.520s][info][gc,heap     ] GC(34)      Used:      284M (55%)         362M (71%)         154M (30%)         148M (29%)         364M (71%)         148M (29%)    
[4.520s][info][gc,heap     ] GC(34)      Live:         -                25M (5%)           25M (5%)           25M (5%)             -                  -          
[4.520s][info][gc,heap     ] GC(34) Allocated:         -                78M (15%)          90M (18%)          93M (18%)            -                  -          
[4.520s][info][gc,heap     ] GC(34)   Garbage:         -               258M (50%)          38M (7%)           28M (5%)             -                  -          
[4.520s][info][gc,heap     ] GC(34) Reclaimed:         -                  -               220M (43%)         229M (45%)            -                  -          
[4.520s][info][gc          ] GC(34) Garbage Collection (Allocation Rate) 284M(55%)->148M(29%)
[4.591s][info][gc,start    ] GC(35) Garbage Collection (Allocation Rate)
[4.591s][info][gc,task     ] GC(35) Using 5 workers
[4.591s][info][gc,phases   ] GC(35) Pause Mark Start 0.010ms
[4.622s][info][gc,phases   ] GC(35) Concurrent Mark 31.015ms
[4.622s][info][gc,phases   ] GC(35) Pause Mark End 0.010ms
[4.622s][info][gc,phases   ] GC(35) Concurrent Mark Free 0.001ms
[4.623s][info][gc,phases   ] GC(35) Concurrent Process Non-Strong References 0.634ms
[4.623s][info][gc,phases   ] GC(35) Concurrent Reset Relocation Set 0.002ms
[4.628s][info][gc,phases   ] GC(35) Concurrent Select Relocation Set 5.045ms
[4.628s][info][gc,phases   ] GC(35) Pause Relocate Start 0.004ms
[4.631s][info][gc,phases   ] GC(35) Concurrent Relocate 3.028ms
[4.631s][info][gc,load     ] GC(35) Load: 0.00/0.00/0.00
[4.631s][info][gc,mmu      ] GC(35) MMU: 2ms/98.6%, 5ms/99.5%, 10ms/99.7%, 20ms/99.8%, 50ms/99.9%, 100ms/99.9%
[4.631s][info][gc,marking  ] GC(35) Mark: 4 stripe(s), 2 proactive flush(es), 1 terminate flush(es), 0 completion(s), 0 continuation(s) 
[4.631s][info][gc,marking  ] GC(35) Mark Stack Usage: 32M
[4.631s][info][gc,nmethod  ] GC(35) NMethods: 1263 registered, 126 unregistered
[4.631s][info][gc,metaspace] GC(35) Metaspace: 8M used, 8M committed, 1088M reserved
[4.631s][info][gc,ref      ] GC(35) Soft: 169 encountered, 0 discovered, 0 enqueued
[4.631s][info][gc,ref      ] GC(35) Weak: 536 encountered, 140 discovered, 0 enqueued
[4.631s][info][gc,ref      ] GC(35) Final: 0 encountered, 0 discovered, 0 enqueued
[4.631s][info][gc,ref      ] GC(35) Phantom: 21 encountered, 17 discovered, 0 enqueued
[4.631s][info][gc,reloc    ] GC(35) Small Pages: 157 / 314M, Empty: 256M, Relocated: 5M, In-Place: 0
[4.631s][info][gc,reloc    ] GC(35) Medium Pages: 2 / 32M, Empty: 0M, Relocated: 2M, In-Place: 0
[4.631s][info][gc,reloc    ] GC(35) Large Pages: 0 / 0M, Empty: 0M, Relocated: 0M, In-Place: 0
[4.631s][info][gc,reloc    ] GC(35) Forwarding Usage: 2M
[4.631s][info][gc,heap     ] GC(35) Min Capacity: 8M(2%)
[4.631s][info][gc,heap     ] GC(35) Max Capacity: 512M(100%)
[4.632s][info][gc,heap     ] GC(35) Soft Max Capacity: 512M(100%)
[4.632s][info][gc,heap     ] GC(35)                Mark Start          Mark End        Relocate Start      Relocate End           High               Low         
[4.632s][info][gc,heap     ] GC(35)  Capacity:      512M (100%)        512M (100%)        512M (100%)        512M (100%)        512M (100%)        512M (100%)   
[4.632s][info][gc,heap     ] GC(35)      Free:      166M (32%)          86M (17%)         330M (64%)         362M (71%)         362M (71%)          84M (16%)    
[4.632s][info][gc,heap     ] GC(35)      Used:      346M (68%)         426M (83%)         182M (36%)         150M (29%)         428M (84%)         150M (29%)    
[4.632s][info][gc,heap     ] GC(35)      Live:         -                26M (5%)           26M (5%)           26M (5%)             -                  -          
[4.632s][info][gc,heap     ] GC(35) Allocated:         -                80M (16%)          92M (18%)          99M (20%)            -                  -          
[4.632s][info][gc,heap     ] GC(35)   Garbage:         -               319M (62%)          63M (12%)          23M (5%)             -                  -          
[4.632s][info][gc,heap     ] GC(35) Reclaimed:         -                  -               256M (50%)         295M (58%)            -                  -          
[4.632s][info][gc          ] GC(35) Garbage Collection (Allocation Rate) 346M(68%)->150M(29%)
[4.684s][info][gc,start    ] GC(36) Garbage Collection (Allocation Rate)
[4.684s][info][gc,task     ] GC(36) Using 5 workers
[4.685s][info][gc,phases   ] GC(36) Pause Mark Start 0.009ms
[4.716s][info][gc,phases   ] GC(36) Concurrent Mark 31.037ms
[4.716s][info][gc,phases   ] GC(36) Pause Mark End 0.011ms
[4.716s][info][gc,phases   ] GC(36) Concurrent Mark Free 0.002ms
[4.717s][info][gc,phases   ] GC(36) Concurrent Process Non-Strong References 0.746ms
[4.717s][info][gc,phases   ] GC(36) Concurrent Reset Relocation Set 0.004ms
[4.721s][info][gc,phases   ] GC(36) Concurrent Select Relocation Set 3.833ms
[4.721s][info][gc,phases   ] GC(36) Pause Relocate Start 0.005ms
[4.724s][info][gc,phases   ] GC(36) Concurrent Relocate 3.156ms
[4.724s][info][gc,load     ] GC(36) Load: 0.00/0.00/0.00
[4.724s][info][gc,mmu      ] GC(36) MMU: 2ms/98.6%, 5ms/99.5%, 10ms/99.7%, 20ms/99.8%, 50ms/99.9%, 100ms/99.9%
[4.724s][info][gc,marking  ] GC(36) Mark: 4 stripe(s), 2 proactive flush(es), 1 terminate flush(es), 0 completion(s), 0 continuation(s) 
[4.724s][info][gc,marking  ] GC(36) Mark Stack Usage: 32M
[4.724s][info][gc,nmethod  ] GC(36) NMethods: 1263 registered, 126 unregistered
[4.724s][info][gc,metaspace] GC(36) Metaspace: 8M used, 8M committed, 1088M reserved
[4.724s][info][gc,ref      ] GC(36) Soft: 169 encountered, 0 discovered, 0 enqueued
[4.724s][info][gc,ref      ] GC(36) Weak: 536 encountered, 152 discovered, 0 enqueued
[4.724s][info][gc,ref      ] GC(36) Final: 0 encountered, 0 discovered, 0 enqueued
[4.724s][info][gc,ref      ] GC(36) Phantom: 21 encountered, 19 discovered, 0 enqueued
[4.724s][info][gc,reloc    ] GC(36) Small Pages: 140 / 280M, Empty: 230M, Relocated: 3M, In-Place: 0
[4.724s][info][gc,reloc    ] GC(36) Medium Pages: 1 / 16M, Empty: 0M, Relocated: 0M, In-Place: 0
[4.724s][info][gc,reloc    ] GC(36) Large Pages: 0 / 0M, Empty: 0M, Relocated: 0M, In-Place: 0
[4.724s][info][gc,reloc    ] GC(36) Forwarding Usage: 1M
[4.724s][info][gc,heap     ] GC(36) Min Capacity: 8M(2%)
[4.724s][info][gc,heap     ] GC(36) Max Capacity: 512M(100%)
[4.724s][info][gc,heap     ] GC(36) Soft Max Capacity: 512M(100%)
[4.724s][info][gc,heap     ] GC(36)                Mark Start          Mark End        Relocate Start      Relocate End           High               Low         
[4.725s][info][gc,heap     ] GC(36)  Capacity:      512M (100%)        512M (100%)        512M (100%)        512M (100%)        512M (100%)        512M (100%)   
[4.725s][info][gc,heap     ] GC(36)      Free:      216M (42%)         148M (29%)         366M (71%)         370M (72%)         372M (73%)         146M (29%)    
[4.725s][info][gc,heap     ] GC(36)      Used:      296M (58%)         364M (71%)         146M (29%)         142M (28%)         366M (71%)         140M (27%)    
[4.725s][info][gc,heap     ] GC(36)      Live:         -                27M (5%)           27M (5%)           27M (5%)             -                  -          
[4.725s][info][gc,heap     ] GC(36) Allocated:         -                68M (13%)          80M (16%)          87M (17%)            -                  -          
[4.725s][info][gc,heap     ] GC(36)   Garbage:         -               268M (52%)          38M (8%)           26M (5%)             -                  -          
[4.725s][info][gc,heap     ] GC(36) Reclaimed:         -                  -               230M (45%)         241M (47%)            -                  -          
[4.725s][info][gc          ] GC(36) Garbage Collection (Allocation Rate) 296M(58%)->142M(28%)
[4.794s][info][gc,start    ] GC(37) Garbage Collection (Allocation Rate)
[4.794s][info][gc,task     ] GC(37) Using 5 workers
[4.794s][info][gc,phases   ] GC(37) Pause Mark Start 0.012ms
[4.825s][info][gc,phases   ] GC(37) Concurrent Mark 30.995ms
[4.825s][info][gc,phases   ] GC(37) Pause Mark End 0.011ms
[4.825s][info][gc,phases   ] GC(37) Concurrent Mark Free 0.001ms
[4.826s][info][gc,phases   ] GC(37) Concurrent Process Non-Strong References 0.773ms
[4.826s][info][gc,phases   ] GC(37) Concurrent Reset Relocation Set 0.002ms
[4.832s][info][gc,phases   ] GC(37) Concurrent Select Relocation Set 6.203ms
[4.832s][info][gc,phases   ] GC(37) Pause Relocate Start 0.004ms
[4.836s][info][gc,phases   ] GC(37) Concurrent Relocate 4.085ms
[4.836s][info][gc,load     ] GC(37) Load: 0.00/0.00/0.00
[4.837s][info][gc,mmu      ] GC(37) MMU: 2ms/98.6%, 5ms/99.5%, 10ms/99.7%, 20ms/99.8%, 50ms/99.9%, 100ms/99.9%
[4.837s][info][gc,marking  ] GC(37) Mark: 4 stripe(s), 3 proactive flush(es), 1 terminate flush(es), 0 completion(s), 0 continuation(s) 
[4.837s][info][gc,marking  ] GC(37) Mark Stack Usage: 32M
[4.837s][info][gc,nmethod  ] GC(37) NMethods: 1263 registered, 126 unregistered
[4.837s][info][gc,metaspace] GC(37) Metaspace: 8M used, 8M committed, 1088M reserved
[4.837s][info][gc,ref      ] GC(37) Soft: 169 encountered, 0 discovered, 0 enqueued
[4.837s][info][gc,ref      ] GC(37) Weak: 536 encountered, 27 discovered, 0 enqueued
[4.837s][info][gc,ref      ] GC(37) Final: 0 encountered, 0 discovered, 0 enqueued
[4.837s][info][gc,ref      ] GC(37) Phantom: 21 encountered, 18 discovered, 0 enqueued
[4.837s][info][gc,reloc    ] GC(37) Small Pages: 160 / 320M, Empty: 266M, Relocated: 6M, In-Place: 0
[4.837s][info][gc,reloc    ] GC(37) Medium Pages: 1 / 16M, Empty: 0M, Relocated: 0M, In-Place: 0
[4.837s][info][gc,reloc    ] GC(37) Large Pages: 0 / 0M, Empty: 0M, Relocated: 0M, In-Place: 0
[4.837s][info][gc,reloc    ] GC(37) Forwarding Usage: 2M
[4.837s][info][gc,heap     ] GC(37) Min Capacity: 8M(2%)
[4.837s][info][gc,heap     ] GC(37) Max Capacity: 512M(100%)
[4.837s][info][gc,heap     ] GC(37) Soft Max Capacity: 512M(100%)
[4.837s][info][gc,heap     ] GC(37)                Mark Start          Mark End        Relocate Start      Relocate End           High               Low         
[4.837s][info][gc,heap     ] GC(37)  Capacity:      512M (100%)        512M (100%)        512M (100%)        512M (100%)        512M (100%)        512M (100%)   
[4.837s][info][gc,heap     ] GC(37)      Free:      176M (34%)          94M (18%)         348M (68%)         358M (70%)         360M (70%)          94M (18%)    
[4.837s][info][gc,heap     ] GC(37)      Used:      336M (66%)         418M (82%)         164M (32%)         154M (30%)         418M (82%)         152M (30%)    
[4.837s][info][gc,heap     ] GC(37)      Live:         -                28M (5%)           28M (5%)           28M (5%)             -                  -          
[4.837s][info][gc,heap     ] GC(37) Allocated:         -                82M (16%)          94M (18%)         103M (20%)            -                  -          
[4.837s][info][gc,heap     ] GC(37)   Garbage:         -               307M (60%)          41M (8%)           21M (4%)             -                  -          
[4.837s][info][gc,heap     ] GC(37) Reclaimed:         -                  -               266M (52%)         285M (56%)            -                  -          
[4.837s][info][gc          ] GC(37) Garbage Collection (Allocation Rate) 336M(66%)->154M(30%)
[4.888s][info][gc,start    ] GC(38) Garbage Collection (Allocation Rate)
[4.888s][info][gc,task     ] GC(38) Using 5 workers
[4.888s][info][gc,phases   ] GC(38) Pause Mark Start 0.009ms
[4.919s][info][gc,phases   ] GC(38) Concurrent Mark 30.972ms
[4.919s][info][gc,phases   ] GC(38) Pause Mark End 0.012ms
[4.919s][info][gc,phases   ] GC(38) Concurrent Mark Free 0.001ms
[4.920s][info][gc,phases   ] GC(38) Concurrent Process Non-Strong References 0.656ms
[4.920s][info][gc,phases   ] GC(38) Concurrent Reset Relocation Set 0.004ms
[4.924s][info][gc,phases   ] GC(38) Concurrent Select Relocation Set 3.974ms
[4.924s][info][gc,phases   ] GC(38) Pause Relocate Start 0.004ms
[4.927s][info][gc,phases   ] GC(38) Concurrent Relocate 2.988ms
[4.927s][info][gc,load     ] GC(38) Load: 0.00/0.00/0.00
[4.927s][info][gc,mmu      ] GC(38) MMU: 2ms/98.6%, 5ms/99.5%, 10ms/99.7%, 20ms/99.8%, 50ms/99.9%, 100ms/99.9%
[4.927s][info][gc,marking  ] GC(38) Mark: 4 stripe(s), 2 proactive flush(es), 1 terminate flush(es), 0 completion(s), 0 continuation(s) 
[4.927s][info][gc,marking  ] GC(38) Mark Stack Usage: 32M
[4.927s][info][gc,nmethod  ] GC(38) NMethods: 1263 registered, 126 unregistered
[4.927s][info][gc,metaspace] GC(38) Metaspace: 8M used, 8M committed, 1088M reserved
[4.927s][info][gc,ref      ] GC(38) Soft: 169 encountered, 0 discovered, 0 enqueued
[4.927s][info][gc,ref      ] GC(38) Weak: 536 encountered, 146 discovered, 0 enqueued
[4.927s][info][gc,ref      ] GC(38) Final: 0 encountered, 0 discovered, 0 enqueued
[4.927s][info][gc,ref      ] GC(38) Phantom: 21 encountered, 18 discovered, 0 enqueued
[4.927s][info][gc,reloc    ] GC(38) Small Pages: 140 / 280M, Empty: 228M, Relocated: 3M, In-Place: 0
[4.927s][info][gc,reloc    ] GC(38) Medium Pages: 1 / 16M, Empty: 0M, Relocated: 0M, In-Place: 0
[4.927s][info][gc,reloc    ] GC(38) Large Pages: 0 / 0M, Empty: 0M, Relocated: 0M, In-Place: 0
[4.927s][info][gc,reloc    ] GC(38) Forwarding Usage: 1M
[4.927s][info][gc,heap     ] GC(38) Min Capacity: 8M(2%)
[4.927s][info][gc,heap     ] GC(38) Max Capacity: 512M(100%)
[4.927s][info][gc,heap     ] GC(38) Soft Max Capacity: 512M(100%)
[4.927s][info][gc,heap     ] GC(38)                Mark Start          Mark End        Relocate Start      Relocate End           High               Low         
[4.927s][info][gc,heap     ] GC(38)  Capacity:      512M (100%)        512M (100%)        512M (100%)        512M (100%)        512M (100%)        512M (100%)   
[4.927s][info][gc,heap     ] GC(38)      Free:      216M (42%)         164M (32%)         390M (76%)         400M (78%)         400M (78%)         164M (32%)    
[4.927s][info][gc,heap     ] GC(38)      Used:      296M (58%)         348M (68%)         122M (24%)         112M (22%)         348M (68%)         112M (22%)    
[4.927s][info][gc,heap     ] GC(38)      Live:         -                28M (6%)           28M (6%)           28M (6%)             -                  -          
[4.927s][info][gc,heap     ] GC(38) Allocated:         -                52M (10%)          54M (11%)          55M (11%)            -                  -          
[4.927s][info][gc,heap     ] GC(38)   Garbage:         -               267M (52%)          39M (8%)           27M (5%)             -                  -          
[4.928s][info][gc,heap     ] GC(38) Reclaimed:         -                  -               228M (45%)         239M (47%)            -                  -          
[4.928s][info][gc          ] GC(38) Garbage Collection (Allocation Rate) 296M(58%)->112M(22%)
[4.989s][info][gc,start    ] GC(39) Garbage Collection (Allocation Rate)
[4.989s][info][gc,task     ] GC(39) Using 5 workers
[4.989s][info][gc,phases   ] GC(39) Pause Mark Start 0.011ms
[5.020s][info][gc,phases   ] GC(39) Concurrent Mark 30.915ms
[5.020s][info][gc,phases   ] GC(39) Pause Mark End 0.014ms
[5.020s][info][gc,phases   ] GC(39) Concurrent Mark Free 0.001ms
[5.021s][info][gc,phases   ] GC(39) Concurrent Process Non-Strong References 0.658ms
[5.021s][info][gc,phases   ] GC(39) Concurrent Reset Relocation Set 0.002ms
[5.027s][info][gc,phases   ] GC(39) Concurrent Select Relocation Set 5.607ms
[5.027s][info][gc,phases   ] GC(39) Pause Relocate Start 0.005ms
[5.031s][info][gc,phases   ] GC(39) Concurrent Relocate 4.061ms
[5.031s][info][gc,load     ] GC(39) Load: 0.00/0.00/0.00
[5.031s][info][gc,mmu      ] GC(39) MMU: 2ms/98.6%, 5ms/99.5%, 10ms/99.7%, 20ms/99.8%, 50ms/99.9%, 100ms/99.9%
[5.031s][info][gc,marking  ] GC(39) Mark: 4 stripe(s), 2 proactive flush(es), 1 terminate flush(es), 0 completion(s), 0 continuation(s) 
[5.031s][info][gc,marking  ] GC(39) Mark Stack Usage: 32M
[5.031s][info][gc,nmethod  ] GC(39) NMethods: 1263 registered, 126 unregistered
[5.031s][info][gc,metaspace] GC(39) Metaspace: 8M used, 8M committed, 1088M reserved
[5.031s][info][gc,ref      ] GC(39) Soft: 169 encountered, 0 discovered, 0 enqueued
[5.031s][info][gc,ref      ] GC(39) Weak: 536 encountered, 151 discovered, 0 enqueued
[5.031s][info][gc,ref      ] GC(39) Final: 0 encountered, 0 discovered, 0 enqueued
[5.031s][info][gc,ref      ] GC(39) Phantom: 21 encountered, 19 discovered, 0 enqueued
[5.031s][info][gc,reloc    ] GC(39) Small Pages: 48 / 96M, Empty: 48M, Relocated: 6M, In-Place: 0
[5.031s][info][gc,reloc    ] GC(39) Medium Pages: 2 / 32M, Empty: 0M, Relocated: 1M, In-Place: 0
[5.031s][info][gc,reloc    ] GC(39) Large Pages: 1 / 4M, Empty: 0M, Relocated: 0M, In-Place: 0
[5.031s][info][gc,reloc    ] GC(39) Forwarding Usage: 2M
[5.031s][info][gc,heap     ] GC(39) Min Capacity: 8M(2%)
[5.031s][info][gc,heap     ] GC(39) Max Capacity: 512M(100%)
[5.031s][info][gc,heap     ] GC(39) Soft Max Capacity: 512M(100%)
[5.031s][info][gc,heap     ] GC(39)                Mark Start          Mark End        Relocate Start      Relocate End           High               Low         
[5.031s][info][gc,heap     ] GC(39)  Capacity:      512M (100%)        512M (100%)        512M (100%)        512M (100%)        512M (100%)        512M (100%)   
[5.031s][info][gc,heap     ] GC(39)      Free:      380M (74%)         368M (72%)         416M (81%)         434M (85%)         436M (85%)         368M (72%)    
[5.031s][info][gc,heap     ] GC(39)      Used:      132M (26%)         144M (28%)          96M (19%)          78M (15%)         144M (28%)          76M (15%)    
[5.032s][info][gc,heap     ] GC(39)      Live:         -                39M (8%)           39M (8%)           39M (8%)             -                  -          
[5.032s][info][gc,heap     ] GC(39) Allocated:         -                12M (2%)           12M (2%)           13M (3%)             -                  -          
[5.032s][info][gc,heap     ] GC(39)   Garbage:         -                92M (18%)          44M (9%)           24M (5%)             -                  -          
[5.032s][info][gc,heap     ] GC(39) Reclaimed:         -                  -                48M (9%)           67M (13%)            -                  -          
[5.032s][info][gc          ] GC(39) Garbage Collection (Allocation Rate) 132M(26%)->78M(15%)
[5.083s][info][gc,start    ] GC(40) Garbage Collection (Allocation Rate)
[5.083s][info][gc,task     ] GC(40) Using 5 workers
[5.083s][info][gc,phases   ] GC(40) Pause Mark Start 0.011ms
[5.129s][info][gc,phases   ] GC(40) Concurrent Mark 46.486ms
[5.130s][info][gc,phases   ] GC(40) Pause Mark End 0.012ms
[5.130s][info][gc,phases   ] GC(40) Concurrent Mark Free 0.001ms
[5.130s][info][gc,phases   ] GC(40) Concurrent Process Non-Strong References 0.814ms
[5.130s][info][gc,phases   ] GC(40) Concurrent Reset Relocation Set 0.003ms
[5.138s][info][gc,phases   ] GC(40) Concurrent Select Relocation Set 7.834ms
[5.138s][info][gc,phases   ] GC(40) Pause Relocate Start 0.006ms
[5.144s][info][gc,phases   ] GC(40) Concurrent Relocate 5.146ms
[5.144s][info][gc,load     ] GC(40) Load: 0.00/0.00/0.00
[5.144s][info][gc,mmu      ] GC(40) MMU: 2ms/98.6%, 5ms/99.5%, 10ms/99.7%, 20ms/99.8%, 50ms/99.9%, 100ms/99.9%
[5.144s][info][gc,marking  ] GC(40) Mark: 4 stripe(s), 2 proactive flush(es), 1 terminate flush(es), 0 completion(s), 0 continuation(s) 
[5.144s][info][gc,marking  ] GC(40) Mark Stack Usage: 32M
[5.144s][info][gc,nmethod  ] GC(40) NMethods: 1263 registered, 126 unregistered
[5.144s][info][gc,metaspace] GC(40) Metaspace: 8M used, 8M committed, 1088M reserved
[5.144s][info][gc,ref      ] GC(40) Soft: 169 encountered, 0 discovered, 0 enqueued
[5.144s][info][gc,ref      ] GC(40) Weak: 536 encountered, 250 discovered, 0 enqueued
[5.144s][info][gc,ref      ] GC(40) Final: 0 encountered, 0 discovered, 0 enqueued
[5.144s][info][gc,ref      ] GC(40) Phantom: 21 encountered, 13 discovered, 0 enqueued
[5.144s][info][gc,reloc    ] GC(40) Small Pages: 34 / 68M, Empty: 16M, Relocated: 8M, In-Place: 0
[5.144s][info][gc,reloc    ] GC(40) Medium Pages: 2 / 32M, Empty: 0M, Relocated: 1M, In-Place: 0
[5.144s][info][gc,reloc    ] GC(40) Large Pages: 3 / 12M, Empty: 8M, Relocated: 0M, In-Place: 0
[5.144s][info][gc,reloc    ] GC(40) Forwarding Usage: 3M
[5.144s][info][gc,heap     ] GC(40) Min Capacity: 8M(2%)
[5.144s][info][gc,heap     ] GC(40) Max Capacity: 512M(100%)
[5.144s][info][gc,heap     ] GC(40) Soft Max Capacity: 512M(100%)
[5.144s][info][gc,heap     ] GC(40)                Mark Start          Mark End        Relocate Start      Relocate End           High               Low         
[5.144s][info][gc,heap     ] GC(40)  Capacity:      512M (100%)        512M (100%)        512M (100%)        512M (100%)        512M (100%)        512M (100%)   
[5.144s][info][gc,heap     ] GC(40)      Free:      400M (78%)         366M (71%)         384M (75%)         408M (80%)         408M (80%)         362M (71%)    
[5.144s][info][gc,heap     ] GC(40)      Used:      112M (22%)         146M (29%)         128M (25%)         104M (20%)         150M (29%)         104M (20%)    
[5.144s][info][gc,heap     ] GC(40)      Live:         -                38M (7%)           38M (7%)           38M (7%)             -                  -          
[5.144s][info][gc,heap     ] GC(40) Allocated:         -                34M (7%)           40M (8%)           39M (8%)             -                  -          
[5.144s][info][gc,heap     ] GC(40)   Garbage:         -                73M (14%)          49M (10%)          25M (5%)             -                  -          
[5.144s][info][gc,heap     ] GC(40) Reclaimed:         -                  -                24M (5%)           47M (9%)             -                  -          
[5.144s][info][gc          ] GC(40) Garbage Collection (Allocation Rate) 112M(22%)->104M(20%)
[5.192s][info][gc,start    ] GC(41) Garbage Collection (Allocation Rate)
[5.192s][info][gc,task     ] GC(41) Using 5 workers
[5.192s][info][gc,phases   ] GC(41) Pause Mark Start 0.012ms
[5.223s][info][gc,phases   ] GC(41) Concurrent Mark 30.959ms
[5.223s][info][gc,phases   ] GC(41) Pause Mark End 0.011ms
[5.223s][info][gc,phases   ] GC(41) Concurrent Mark Free 0.001ms
[5.224s][info][gc,phases   ] GC(41) Concurrent Process Non-Strong References 1.018ms
[5.224s][info][gc,phases   ] GC(41) Concurrent Reset Relocation Set 0.002ms
[5.228s][info][gc,phases   ] GC(41) Concurrent Select Relocation Set 3.963ms
[5.228s][info][gc,phases   ] GC(41) Pause Relocate Start 0.006ms
[5.232s][info][gc,phases   ] GC(41) Concurrent Relocate 3.100ms
[5.232s][info][gc,load     ] GC(41) Load: 0.00/0.00/0.00
[5.232s][info][gc,mmu      ] GC(41) MMU: 2ms/98.6%, 5ms/99.5%, 10ms/99.7%, 20ms/99.8%, 50ms/99.9%, 100ms/99.9%
[5.232s][info][gc,marking  ] GC(41) Mark: 4 stripe(s), 2 proactive flush(es), 1 terminate flush(es), 0 completion(s), 0 continuation(s) 
[5.232s][info][gc,marking  ] GC(41) Mark Stack Usage: 32M
[5.232s][info][gc,nmethod  ] GC(41) NMethods: 1289 registered, 136 unregistered
[5.232s][info][gc,metaspace] GC(41) Metaspace: 8M used, 8M committed, 1088M reserved
[5.232s][info][gc,ref      ] GC(41) Soft: 170 encountered, 0 discovered, 0 enqueued
[5.232s][info][gc,ref      ] GC(41) Weak: 543 encountered, 158 discovered, 4 enqueued
[5.232s][info][gc,ref      ] GC(41) Final: 0 encountered, 0 discovered, 0 enqueued
[5.232s][info][gc,ref      ] GC(41) Phantom: 23 encountered, 20 discovered, 2 enqueued
[5.232s][info][gc,reloc    ] GC(41) Small Pages: 31 / 62M, Empty: 22M, Relocated: 6M, In-Place: 0
[5.232s][info][gc,reloc    ] GC(41) Medium Pages: 2 / 32M, Empty: 16M, Relocated: 0M, In-Place: 0
[5.232s][info][gc,reloc    ] GC(41) Large Pages: 3 / 12M, Empty: 8M, Relocated: 0M, In-Place: 0
[5.232s][info][gc,reloc    ] GC(41) Forwarding Usage: 2M
[5.232s][info][gc,heap     ] GC(41) Min Capacity: 8M(2%)
[5.232s][info][gc,heap     ] GC(41) Max Capacity: 512M(100%)
[5.232s][info][gc,heap     ] GC(41) Soft Max Capacity: 512M(100%)
[5.232s][info][gc,heap     ] GC(41)                Mark Start          Mark End        Relocate Start      Relocate End           High               Low         
[5.232s][info][gc,heap     ] GC(41)  Capacity:      512M (100%)        512M (100%)        512M (100%)        512M (100%)        512M (100%)        512M (100%)   
[5.232s][info][gc,heap     ] GC(41)      Free:      406M (79%)         404M (79%)         450M (88%)         436M (85%)         450M (88%)         404M (79%)    
[5.232s][info][gc,heap     ] GC(41)      Used:      106M (21%)         108M (21%)          62M (12%)          76M (15%)         108M (21%)          62M (12%)    
[5.232s][info][gc,heap     ] GC(41)      Live:         -                32M (6%)           32M (6%)           32M (6%)             -                  -          
[5.232s][info][gc,heap     ] GC(41) Allocated:         -                 2M (0%)            2M (0%)           17M (3%)             -                  -          
[5.232s][info][gc,heap     ] GC(41)   Garbage:         -                73M (14%)          27M (5%)           25M (5%)             -                  -          
[5.232s][info][gc,heap     ] GC(41) Reclaimed:         -                  -                46M (9%)           47M (9%)             -                  -          
[5.232s][info][gc          ] GC(41) Garbage Collection (Allocation Rate) 106M(21%)->76M(15%)
[5.286s][info][gc,start    ] GC(42) Garbage Collection (Allocation Rate)
[5.286s][info][gc,task     ] GC(42) Using 5 workers
[5.286s][info][gc,phases   ] GC(42) Pause Mark Start 0.016ms
[5.316s][info][gc,phases   ] GC(42) Concurrent Mark 29.623ms
[5.316s][info][gc,phases   ] GC(42) Pause Mark End 0.011ms
[5.316s][info][gc,phases   ] GC(42) Concurrent Mark Free 0.001ms
[5.317s][info][gc,phases   ] GC(42) Concurrent Process Non-Strong References 0.845ms
[5.317s][info][gc,phases   ] GC(42) Concurrent Reset Relocation Set 0.001ms
[5.321s][info][gc,phases   ] GC(42) Concurrent Select Relocation Set 4.557ms
[5.321s][info][gc,phases   ] GC(42) Pause Relocate Start 0.005ms
[5.323s][info][gc,phases   ] GC(42) Concurrent Relocate 1.963ms
[5.323s][info][gc,load     ] GC(42) Load: 0.00/0.00/0.00
[5.323s][info][gc,mmu      ] GC(42) MMU: 2ms/98.6%, 5ms/99.5%, 10ms/99.7%, 20ms/99.8%, 50ms/99.9%, 100ms/99.9%
[5.323s][info][gc,marking  ] GC(42) Mark: 4 stripe(s), 2 proactive flush(es), 1 terminate flush(es), 0 completion(s), 0 continuation(s) 
[5.324s][info][gc,marking  ] GC(42) Mark Stack Usage: 32M
[5.324s][info][gc,nmethod  ] GC(42) NMethods: 1290 registered, 142 unregistered
[5.324s][info][gc,metaspace] GC(42) Metaspace: 8M used, 8M committed, 1088M reserved
[5.324s][info][gc,ref      ] GC(42) Soft: 170 encountered, 0 discovered, 0 enqueued
[5.324s][info][gc,ref      ] GC(42) Weak: 539 encountered, 57 discovered, 0 enqueued
[5.324s][info][gc,ref      ] GC(42) Final: 0 encountered, 0 discovered, 0 enqueued
[5.324s][info][gc,ref      ] GC(42) Phantom: 21 encountered, 14 discovered, 0 enqueued
[5.324s][info][gc,reloc    ] GC(42) Small Pages: 20 / 40M, Empty: 0M, Relocated: 1M, In-Place: 0
[5.324s][info][gc,reloc    ] GC(42) Medium Pages: 2 / 32M, Empty: 0M, Relocated: 1M, In-Place: 0
[5.324s][info][gc,reloc    ] GC(42) Large Pages: 1 / 4M, Empty: 0M, Relocated: 0M, In-Place: 0
[5.324s][info][gc,reloc    ] GC(42) Forwarding Usage: 0M
[5.324s][info][gc,heap     ] GC(42) Min Capacity: 8M(2%)
[5.324s][info][gc,heap     ] GC(42) Max Capacity: 512M(100%)
[5.324s][info][gc,heap     ] GC(42) Soft Max Capacity: 512M(100%)
[5.324s][info][gc,heap     ] GC(42)                Mark Start          Mark End        Relocate Start      Relocate End           High               Low         
[5.324s][info][gc,heap     ] GC(42)  Capacity:      512M (100%)        512M (100%)        512M (100%)        512M (100%)        512M (100%)        512M (100%)   
[5.324s][info][gc,heap     ] GC(42)      Free:      436M (85%)         436M (85%)         436M (85%)         436M (85%)         436M (85%)         398M (78%)    
[5.324s][info][gc,heap     ] GC(42)      Used:       76M (15%)          76M (15%)          76M (15%)          76M (15%)         114M (22%)          76M (15%)    
[5.324s][info][gc,heap     ] GC(42)      Live:         -                32M (6%)           32M (6%)           32M (6%)             -                  -          
[5.324s][info][gc,heap     ] GC(42) Allocated:         -                 0M (0%)            0M (0%)           16M (3%)             -                  -          
[5.324s][info][gc,heap     ] GC(42)   Garbage:         -                43M (8%)           43M (8%)           26M (5%)             -                  -          
[5.324s][info][gc,heap     ] GC(42) Reclaimed:         -                  -                 0M (0%)           16M (3%)             -                  -          
[5.324s][info][gc          ] GC(42) Garbage Collection (Allocation Rate) 76M(15%)->76M(15%)
[5.381s][info][gc,start    ] GC(43) Garbage Collection (Allocation Rate)
[5.381s][info][gc,task     ] GC(43) Using 5 workers
[5.381s][info][gc,phases   ] GC(43) Pause Mark Start 0.013ms
[5.411s][info][gc,phases   ] GC(43) Concurrent Mark 30.614ms
[5.412s][info][gc,phases   ] GC(43) Pause Mark End 0.013ms
[5.412s][info][gc,phases   ] GC(43) Concurrent Mark Free 0.001ms
[5.413s][info][gc,phases   ] GC(43) Concurrent Process Non-Strong References 0.810ms
[5.413s][info][gc,phases   ] GC(43) Concurrent Reset Relocation Set 0.002ms
[5.417s][info][gc,phases   ] GC(43) Concurrent Select Relocation Set 4.514ms
[5.417s][info][gc,phases   ] GC(43) Pause Relocate Start 0.007ms
[5.419s][info][gc,phases   ] GC(43) Concurrent Relocate 1.829ms
[5.419s][info][gc,load     ] GC(43) Load: 0.00/0.00/0.00
[5.419s][info][gc,mmu      ] GC(43) MMU: 2ms/98.6%, 5ms/99.5%, 10ms/99.7%, 20ms/99.8%, 50ms/99.9%, 100ms/99.9%
[5.419s][info][gc,marking  ] GC(43) Mark: 4 stripe(s), 2 proactive flush(es), 1 terminate flush(es), 0 completion(s), 0 continuation(s) 
[5.419s][info][gc,marking  ] GC(43) Mark Stack Usage: 32M
[5.419s][info][gc,nmethod  ] GC(43) NMethods: 1292 registered, 7 unregistered
[5.419s][info][gc,metaspace] GC(43) Metaspace: 8M used, 8M committed, 1088M reserved
[5.419s][info][gc,ref      ] GC(43) Soft: 170 encountered, 0 discovered, 0 enqueued
[5.419s][info][gc,ref      ] GC(43) Weak: 539 encountered, 3 discovered, 0 enqueued
[5.419s][info][gc,ref      ] GC(43) Final: 0 encountered, 0 discovered, 0 enqueued
[5.419s][info][gc,ref      ] GC(43) Phantom: 21 encountered, 14 discovered, 0 enqueued
[5.419s][info][gc,reloc    ] GC(43) Small Pages: 20 / 40M, Empty: 0M, Relocated: 1M, In-Place: 0
[5.420s][info][gc,reloc    ] GC(43) Medium Pages: 2 / 32M, Empty: 16M, Relocated: 0M, In-Place: 0
[5.420s][info][gc,reloc    ] GC(43) Large Pages: 1 / 4M, Empty: 0M, Relocated: 0M, In-Place: 0
[5.420s][info][gc,reloc    ] GC(43) Forwarding Usage: 0M
[5.420s][info][gc,heap     ] GC(43) Min Capacity: 8M(2%)
[5.420s][info][gc,heap     ] GC(43) Max Capacity: 512M(100%)
[5.420s][info][gc,heap     ] GC(43) Soft Max Capacity: 512M(100%)
[5.420s][info][gc,heap     ] GC(43)                Mark Start          Mark End        Relocate Start      Relocate End           High               Low         
[5.420s][info][gc,heap     ] GC(43)  Capacity:      512M (100%)        512M (100%)        512M (100%)        512M (100%)        512M (100%)        512M (100%)   
[5.420s][info][gc,heap     ] GC(43)      Free:      436M (85%)         418M (82%)         434M (85%)         434M (85%)         436M (85%)         418M (82%)    
[5.420s][info][gc,heap     ] GC(43)      Used:       76M (15%)          94M (18%)          78M (15%)          78M (15%)          94M (18%)          76M (15%)    
[5.420s][info][gc,heap     ] GC(43)      Live:         -                32M (6%)           32M (6%)           32M (6%)             -                  -          
[5.420s][info][gc,heap     ] GC(43) Allocated:         -                18M (4%)           18M (4%)           17M (4%)             -                  -          
[5.420s][info][gc,heap     ] GC(43)   Garbage:         -                43M (8%)           27M (5%)           27M (5%)             -                  -          
[5.420s][info][gc,heap     ] GC(43) Reclaimed:         -                  -                16M (3%)           15M (3%)             -                  -          
[5.420s][info][gc          ] GC(43) Garbage Collection (Allocation Rate) 76M(15%)->78M(15%)
[5.480s][info][gc,start    ] GC(44) Garbage Collection (Allocation Rate)
[5.480s][info][gc,task     ] GC(44) Using 5 workers
[5.480s][info][gc,phases   ] GC(44) Pause Mark Start 0.010ms
[5.507s][info][gc,phases   ] GC(44) Concurrent Mark 26.757ms
[5.507s][info][gc,phases   ] GC(44) Pause Mark End 0.010ms
[5.507s][info][gc,phases   ] GC(44) Concurrent Mark Free 0.001ms
[5.508s][info][gc,phases   ] GC(44) Concurrent Process Non-Strong References 0.876ms
[5.508s][info][gc,phases   ] GC(44) Concurrent Reset Relocation Set 0.001ms
[5.511s][info][gc,phases   ] GC(44) Concurrent Select Relocation Set 3.050ms
[5.511s][info][gc,phases   ] GC(44) Pause Relocate Start 0.004ms
[5.513s][info][gc,phases   ] GC(44) Concurrent Relocate 1.508ms
[5.513s][info][gc,load     ] GC(44) Load: 0.00/0.00/0.00
[5.513s][info][gc,mmu      ] GC(44) MMU: 2ms/98.6%, 5ms/99.5%, 10ms/99.7%, 20ms/99.8%, 50ms/99.9%, 100ms/99.9%
[5.513s][info][gc,marking  ] GC(44) Mark: 4 stripe(s), 2 proactive flush(es), 1 terminate flush(es), 0 completion(s), 0 continuation(s) 
[5.513s][info][gc,marking  ] GC(44) Mark Stack Usage: 32M
[5.513s][info][gc,nmethod  ] GC(44) NMethods: 1341 registered, 34 unregistered
[5.513s][info][gc,metaspace] GC(44) Metaspace: 8M used, 8M committed, 1088M reserved
[5.513s][info][gc,ref      ] GC(44) Soft: 173 encountered, 0 discovered, 0 enqueued
[5.513s][info][gc,ref      ] GC(44) Weak: 575 encountered, 236 discovered, 13 enqueued
[5.513s][info][gc,ref      ] GC(44) Final: 0 encountered, 0 discovered, 0 enqueued
[5.513s][info][gc,ref      ] GC(44) Phantom: 28 encountered, 26 discovered, 7 enqueued
[5.513s][info][gc,reloc    ] GC(44) Small Pages: 26 / 52M, Empty: 8M, Relocated: 1M, In-Place: 0
[5.513s][info][gc,reloc    ] GC(44) Medium Pages: 2 / 32M, Empty: 16M, Relocated: 0M, In-Place: 0
[5.513s][info][gc,reloc    ] GC(44) Large Pages: 1 / 4M, Empty: 0M, Relocated: 0M, In-Place: 0
[5.513s][info][gc,reloc    ] GC(44) Forwarding Usage: 0M
[5.513s][info][gc,heap     ] GC(44) Min Capacity: 8M(2%)
[5.513s][info][gc,heap     ] GC(44) Max Capacity: 512M(100%)
[5.513s][info][gc,heap     ] GC(44) Soft Max Capacity: 512M(100%)
[5.513s][info][gc,heap     ] GC(44)                Mark Start          Mark End        Relocate Start      Relocate End           High               Low         
[5.514s][info][gc,heap     ] GC(44)  Capacity:      512M (100%)        512M (100%)        512M (100%)        512M (100%)        512M (100%)        512M (100%)   
[5.514s][info][gc,heap     ] GC(44)      Free:      424M (83%)         414M (81%)         434M (85%)         436M (85%)         436M (85%)         410M (80%)    
[5.514s][info][gc,heap     ] GC(44)      Used:       88M (17%)          98M (19%)          78M (15%)          76M (15%)         102M (20%)          76M (15%)    
[5.514s][info][gc,heap     ] GC(44)      Live:         -                32M (6%)           32M (6%)           32M (6%)             -                  -          
[5.514s][info][gc,heap     ] GC(44) Allocated:         -                10M (2%)           14M (3%)           13M (3%)             -                  -          
[5.514s][info][gc,heap     ] GC(44)   Garbage:         -                55M (11%)          31M (6%)           29M (6%)             -                  -          
[5.514s][info][gc,heap     ] GC(44) Reclaimed:         -                  -                24M (5%)           25M (5%)             -                  -          
[5.514s][info][gc          ] GC(44) Garbage Collection (Allocation Rate) 88M(17%)->76M(15%)
[5.557s][info][gc,start    ] GC(45) Garbage Collection (System.gc())
[5.557s][info][gc,task     ] GC(45) Using 5 workers
[5.557s][info][gc,phases   ] GC(45) Pause Mark Start 0.010ms
[5.563s][info][gc,phases   ] GC(45) Concurrent Mark 5.996ms
[5.563s][info][gc,phases   ] GC(45) Pause Mark End 0.013ms
[5.563s][info][gc,phases   ] GC(45) Concurrent Mark Free 0.001ms
[5.564s][info][gc,phases   ] GC(45) Concurrent Process Non-Strong References 1.075ms
[5.565s][info][gc,phases   ] GC(45) Concurrent Reset Relocation Set 0.001ms
[5.568s][info][gc,phases   ] GC(45) Concurrent Select Relocation Set 3.510ms
[5.568s][info][gc,phases   ] GC(45) Pause Relocate Start 0.007ms
[5.570s][info][gc,phases   ] GC(45) Concurrent Relocate 1.946ms
[5.570s][info][gc,load     ] GC(45) Load: 0.00/0.00/0.00
[5.570s][info][gc,mmu      ] GC(45) MMU: 2ms/98.6%, 5ms/99.5%, 10ms/99.7%, 20ms/99.8%, 50ms/99.9%, 100ms/99.9%
[5.570s][info][gc,marking  ] GC(45) Mark: 4 stripe(s), 1 proactive flush(es), 1 terminate flush(es), 0 completion(s), 0 continuation(s) 
[5.570s][info][gc,marking  ] GC(45) Mark Stack Usage: 32M
[5.570s][info][gc,nmethod  ] GC(45) NMethods: 1340 registered, 36 unregistered
[5.570s][info][gc,metaspace] GC(45) Metaspace: 8M used, 8M committed, 1088M reserved
[5.570s][info][gc,ref      ] GC(45) Soft: 174 encountered, 0 discovered, 0 enqueued
[5.570s][info][gc,ref      ] GC(45) Weak: 572 encountered, 24 discovered, 2 enqueued
[5.570s][info][gc,ref      ] GC(45) Final: 0 encountered, 0 discovered, 0 enqueued
[5.570s][info][gc,ref      ] GC(45) Phantom: 22 encountered, 14 discovered, 1 enqueued
[5.571s][info][gc,reloc    ] GC(45) Small Pages: 42 / 84M, Empty: 58M, Relocated: 1M, In-Place: 0
[5.571s][info][gc,reloc    ] GC(45) Medium Pages: 1 / 16M, Empty: 16M, Relocated: 0M, In-Place: 0
[5.571s][info][gc,reloc    ] GC(45) Large Pages: 1 / 4M, Empty: 4M, Relocated: 0M, In-Place: 0
[5.571s][info][gc,reloc    ] GC(45) Forwarding Usage: 0M
[5.571s][info][gc,heap     ] GC(45) Min Capacity: 8M(2%)
[5.571s][info][gc,heap     ] GC(45) Max Capacity: 512M(100%)
[5.571s][info][gc,heap     ] GC(45) Soft Max Capacity: 512M(100%)
[5.571s][info][gc,heap     ] GC(45)                Mark Start          Mark End        Relocate Start      Relocate End           High               Low         
[5.571s][info][gc,heap     ] GC(45)  Capacity:      512M (100%)        512M (100%)        512M (100%)        512M (100%)        512M (100%)        512M (100%)   
[5.571s][info][gc,heap     ] GC(45)      Free:      408M (80%)         408M (80%)         484M (95%)         496M (97%)         496M (97%)         406M (79%)    
[5.571s][info][gc,heap     ] GC(45)      Used:      104M (20%)         104M (20%)          28M (5%)           16M (3%)          106M (21%)          16M (3%)     
[5.571s][info][gc,heap     ] GC(45)      Live:         -                 4M (1%)            4M (1%)            4M (1%)             -                  -          
[5.571s][info][gc,heap     ] GC(45) Allocated:         -                 0M (0%)            2M (0%)            2M (0%)             -                  -          
[5.571s][info][gc,heap     ] GC(45)   Garbage:         -                99M (19%)          21M (4%)            9M (2%)             -                  -          
[5.571s][info][gc,heap     ] GC(45) Reclaimed:         -                  -                78M (15%)          90M (18%)            -                  -          
[5.571s][info][gc          ] GC(45) Garbage Collection (System.gc()) 104M(20%)->16M(3%)
[5.580s][info][gc,start    ] GC(46) Garbage Collection (Allocation Rate)
[5.580s][info][gc,task     ] GC(46) Using 5 workers
[5.580s][info][gc,phases   ] GC(46) Pause Mark Start 0.008ms
[5.587s][info][gc,phases   ] GC(46) Concurrent Mark 6.793ms
[5.587s][info][gc,phases   ] GC(46) Pause Mark End 0.011ms
[5.587s][info][gc,phases   ] GC(46) Concurrent Mark Free 0.001ms
[5.588s][info][gc,phases   ] GC(46) Concurrent Process Non-Strong References 1.122ms
[5.589s][info][gc,phases   ] GC(46) Concurrent Reset Relocation Set 0.001ms
[5.593s][info][gc,phases   ] GC(46) Concurrent Select Relocation Set 4.726ms
[5.593s][info][gc,phases   ] GC(46) Pause Relocate Start 0.005ms
[5.596s][info][gc,phases   ] GC(46) Concurrent Relocate 2.768ms
[5.596s][info][gc,load     ] GC(46) Load: 0.00/0.00/0.00
[5.596s][info][gc,mmu      ] GC(46) MMU: 2ms/98.6%, 5ms/99.5%, 10ms/99.7%, 20ms/99.8%, 50ms/99.9%, 100ms/99.9%
[5.596s][info][gc,marking  ] GC(46) Mark: 4 stripe(s), 3 proactive flush(es), 1 terminate flush(es), 0 completion(s), 0 continuation(s) 
[5.596s][info][gc,marking  ] GC(46) Mark Stack Usage: 32M
[5.596s][info][gc,nmethod  ] GC(46) NMethods: 1340 registered, 38 unregistered
[5.596s][info][gc,metaspace] GC(46) Metaspace: 8M used, 8M committed, 1088M reserved
[5.597s][info][gc,ref      ] GC(46) Soft: 174 encountered, 0 discovered, 0 enqueued
[5.597s][info][gc,ref      ] GC(46) Weak: 570 encountered, 232 discovered, 0 enqueued
[5.597s][info][gc,ref      ] GC(46) Final: 0 encountered, 0 discovered, 0 enqueued
[5.597s][info][gc,ref      ] GC(46) Phantom: 21 encountered, 19 discovered, 0 enqueued
[5.597s][info][gc,reloc    ] GC(46) Small Pages: 17 / 34M, Empty: 10M, Relocated: 2M, In-Place: 0
[5.597s][info][gc,reloc    ] GC(46) Medium Pages: 0 / 0M, Empty: 0M, Relocated: 0M, In-Place: 0
[5.597s][info][gc,reloc    ] GC(46) Large Pages: 0 / 0M, Empty: 0M, Relocated: 0M, In-Place: 0
[5.597s][info][gc,reloc    ] GC(46) Forwarding Usage: 1M
[5.597s][info][gc,heap     ] GC(46) Min Capacity: 8M(2%)
[5.597s][info][gc,heap     ] GC(46) Max Capacity: 512M(100%)
[5.597s][info][gc,heap     ] GC(46) Soft Max Capacity: 512M(100%)
[5.597s][info][gc,heap     ] GC(46)                Mark Start          Mark End        Relocate Start      Relocate End           High               Low         
[5.597s][info][gc,heap     ] GC(46)  Capacity:      512M (100%)        512M (100%)        512M (100%)        512M (100%)        512M (100%)        512M (100%)   
[5.597s][info][gc,heap     ] GC(46)      Free:      478M (93%)         462M (90%)         458M (89%)         462M (90%)         478M (93%)         446M (87%)    
[5.597s][info][gc,heap     ] GC(46)      Used:       34M (7%)           50M (10%)          54M (11%)          50M (10%)          66M (13%)          34M (7%)     
[5.597s][info][gc,heap     ] GC(46)      Live:         -                 4M (1%)            4M (1%)            4M (1%)             -                  -          
[5.597s][info][gc,heap     ] GC(46) Allocated:         -                16M (3%)           30M (6%)           37M (7%)             -                  -          
[5.597s][info][gc,heap     ] GC(46)   Garbage:         -                29M (6%)           19M (4%)            7M (1%)             -                  -          
[5.597s][info][gc,heap     ] GC(46) Reclaimed:         -                  -                10M (2%)           21M (4%)             -                  -          
[5.597s][info][gc          ] GC(46) Garbage Collection (Allocation Rate) 34M(7%)->50M(10%)
[5.680s][info][gc,start    ] GC(47) Garbage Collection (Allocation Rate)
[5.680s][info][gc,task     ] GC(47) Using 5 workers
[5.680s][info][gc,phases   ] GC(47) Pause Mark Start 0.014ms
[5.690s][info][gc,phases   ] GC(47) Concurrent Mark 9.696ms
[5.690s][info][gc,phases   ] GC(47) Pause Mark End 0.013ms
[5.690s][info][gc,phases   ] GC(47) Concurrent Mark Free 0.001ms
[5.691s][info][gc,phases   ] GC(47) Concurrent Process Non-Strong References 1.232ms
[5.691s][info][gc,phases   ] GC(47) Concurrent Reset Relocation Set 0.002ms
[5.695s][info][gc,phases   ] GC(47) Concurrent Select Relocation Set 3.843ms
[5.695s][info][gc,phases   ] GC(47) Pause Relocate Start 0.006ms
[5.698s][info][gc,phases   ] GC(47) Concurrent Relocate 2.023ms
[5.698s][info][gc,load     ] GC(47) Load: 0.00/0.00/0.00
[5.698s][info][gc,mmu      ] GC(47) MMU: 2ms/98.6%, 5ms/99.5%, 10ms/99.7%, 20ms/99.8%, 50ms/99.9%, 100ms/99.9%
[5.698s][info][gc,marking  ] GC(47) Mark: 4 stripe(s), 3 proactive flush(es), 1 terminate flush(es), 0 completion(s), 0 continuation(s) 
[5.698s][info][gc,marking  ] GC(47) Mark Stack Usage: 32M
[5.698s][info][gc,nmethod  ] GC(47) NMethods: 1341 registered, 38 unregistered
[5.698s][info][gc,metaspace] GC(47) Metaspace: 8M used, 8M committed, 1088M reserved
[5.698s][info][gc,ref      ] GC(47) Soft: 174 encountered, 0 discovered, 0 enqueued
[5.698s][info][gc,ref      ] GC(47) Weak: 570 encountered, 108 discovered, 0 enqueued
[5.698s][info][gc,ref      ] GC(47) Final: 0 encountered, 0 discovered, 0 enqueued
[5.698s][info][gc,ref      ] GC(47) Phantom: 21 encountered, 18 discovered, 0 enqueued
[5.698s][info][gc,reloc    ] GC(47) Small Pages: 139 / 278M, Empty: 252M, Relocated: 1M, In-Place: 0
[5.698s][info][gc,reloc    ] GC(47) Medium Pages: 0 / 0M, Empty: 0M, Relocated: 0M, In-Place: 0
[5.698s][info][gc,reloc    ] GC(47) Large Pages: 0 / 0M, Empty: 0M, Relocated: 0M, In-Place: 0
[5.698s][info][gc,reloc    ] GC(47) Forwarding Usage: 0M
[5.698s][info][gc,heap     ] GC(47) Min Capacity: 8M(2%)
[5.698s][info][gc,heap     ] GC(47) Max Capacity: 512M(100%)
[5.698s][info][gc,heap     ] GC(47) Soft Max Capacity: 512M(100%)
[5.698s][info][gc,heap     ] GC(47)                Mark Start          Mark End        Relocate Start      Relocate End           High               Low         
[5.698s][info][gc,heap     ] GC(47)  Capacity:      512M (100%)        512M (100%)        512M (100%)        512M (100%)        512M (100%)        512M (100%)   
[5.698s][info][gc,heap     ] GC(47)      Free:      234M (46%)         206M (40%)         444M (87%)         448M (88%)         450M (88%)         204M (40%)    
[5.698s][info][gc,heap     ] GC(47)      Used:      278M (54%)         306M (60%)          68M (13%)          64M (13%)         308M (60%)          62M (12%)    
[5.698s][info][gc,heap     ] GC(47)      Live:         -                 5M (1%)            5M (1%)            5M (1%)             -                  -          
[5.698s][info][gc,heap     ] GC(47) Allocated:         -                28M (5%)           42M (8%)           47M (9%)             -                  -          
[5.698s][info][gc,heap     ] GC(47)   Garbage:         -               272M (53%)          20M (4%)           10M (2%)             -                  -          
[5.698s][info][gc,heap     ] GC(47) Reclaimed:         -                  -               252M (49%)         261M (51%)            -                  -          
[5.698s][info][gc          ] GC(47) Garbage Collection (Allocation Rate) 278M(54%)->64M(13%)
[5.781s][info][gc,start    ] GC(48) Garbage Collection (Allocation Rate)
[5.781s][info][gc,task     ] GC(48) Using 5 workers
[5.781s][info][gc,phases   ] GC(48) Pause Mark Start 0.011ms
[5.789s][info][gc,phases   ] GC(48) Concurrent Mark 7.726ms
[5.789s][info][gc,phases   ] GC(48) Pause Mark End 0.012ms
[5.789s][info][gc,phases   ] GC(48) Concurrent Mark Free 0.001ms
[5.790s][info][gc,phases   ] GC(48) Concurrent Process Non-Strong References 0.977ms
[5.790s][info][gc,phases   ] GC(48) Concurrent Reset Relocation Set 0.002ms
[5.795s][info][gc,phases   ] GC(48) Concurrent Select Relocation Set 4.806ms
[5.795s][info][gc,phases   ] GC(48) Pause Relocate Start 0.006ms
[5.797s][info][gc,phases   ] GC(48) Concurrent Relocate 2.175ms
[5.797s][info][gc,load     ] GC(48) Load: 0.00/0.00/0.00
[5.797s][info][gc,mmu      ] GC(48) MMU: 2ms/98.6%, 5ms/99.5%, 10ms/99.7%, 20ms/99.8%, 50ms/99.9%, 100ms/99.9%
[5.797s][info][gc,marking  ] GC(48) Mark: 4 stripe(s), 2 proactive flush(es), 1 terminate flush(es), 0 completion(s), 0 continuation(s) 
[5.797s][info][gc,marking  ] GC(48) Mark Stack Usage: 32M
[5.797s][info][gc,nmethod  ] GC(48) NMethods: 1341 registered, 38 unregistered
[5.797s][info][gc,metaspace] GC(48) Metaspace: 8M used, 8M committed, 1088M reserved
[5.797s][info][gc,ref      ] GC(48) Soft: 174 encountered, 0 discovered, 0 enqueued
[5.797s][info][gc,ref      ] GC(48) Weak: 570 encountered, 79 discovered, 0 enqueued
[5.798s][info][gc,ref      ] GC(48) Final: 0 encountered, 0 discovered, 0 enqueued
[5.798s][info][gc,ref      ] GC(48) Phantom: 21 encountered, 19 discovered, 0 enqueued
[5.798s][info][gc,reloc    ] GC(48) Small Pages: 145 / 290M, Empty: 258M, Relocated: 3M, In-Place: 0
[5.798s][info][gc,reloc    ] GC(48) Medium Pages: 0 / 0M, Empty: 0M, Relocated: 0M, In-Place: 0
[5.798s][info][gc,reloc    ] GC(48) Large Pages: 0 / 0M, Empty: 0M, Relocated: 0M, In-Place: 0
[5.798s][info][gc,reloc    ] GC(48) Forwarding Usage: 1M
[5.798s][info][gc,heap     ] GC(48) Min Capacity: 8M(2%)
[5.798s][info][gc,heap     ] GC(48) Max Capacity: 512M(100%)
[5.798s][info][gc,heap     ] GC(48) Soft Max Capacity: 512M(100%)
[5.798s][info][gc,heap     ] GC(48)                Mark Start          Mark End        Relocate Start      Relocate End           High               Low         
[5.798s][info][gc,heap     ] GC(48)  Capacity:      512M (100%)        512M (100%)        512M (100%)        512M (100%)        512M (100%)        512M (100%)   
[5.798s][info][gc,heap     ] GC(48)      Free:      222M (43%)         206M (40%)         446M (87%)         460M (90%)         460M (90%)         202M (39%)    
[5.798s][info][gc,heap     ] GC(48)      Used:      290M (57%)         306M (60%)          66M (13%)          52M (10%)         310M (61%)          52M (10%)    
[5.798s][info][gc,heap     ] GC(48)      Live:         -                 5M (1%)            5M (1%)            5M (1%)             -                  -          
[5.798s][info][gc,heap     ] GC(48) Allocated:         -                16M (3%)           34M (7%)           37M (7%)             -                  -          
[5.798s][info][gc,heap     ] GC(48)   Garbage:         -               284M (55%)          26M (5%)            8M (2%)             -                  -          
[5.798s][info][gc,heap     ] GC(48) Reclaimed:         -                  -               258M (50%)         275M (54%)            -                  -          
[5.798s][info][gc          ] GC(48) Garbage Collection (Allocation Rate) 290M(57%)->52M(10%)
[5.881s][info][gc,start    ] GC(49) Garbage Collection (Allocation Rate)
[5.881s][info][gc,task     ] GC(49) Using 5 workers
[5.881s][info][gc,phases   ] GC(49) Pause Mark Start 0.012ms
[5.894s][info][gc,phases   ] GC(49) Concurrent Mark 12.731ms
[5.894s][info][gc,phases   ] GC(49) Pause Mark End 0.014ms
[5.894s][info][gc,phases   ] GC(49) Concurrent Mark Free 0.001ms
[5.895s][info][gc,phases   ] GC(49) Concurrent Process Non-Strong References 1.077ms
[5.895s][info][gc,phases   ] GC(49) Concurrent Reset Relocation Set 0.003ms
[5.901s][info][gc,phases   ] GC(49) Concurrent Select Relocation Set 5.817ms
[5.901s][info][gc,phases   ] GC(49) Pause Relocate Start 0.006ms
[5.905s][info][gc,phases   ] GC(49) Concurrent Relocate 3.920ms
[5.905s][info][gc,load     ] GC(49) Load: 0.00/0.00/0.00
[5.905s][info][gc,mmu      ] GC(49) MMU: 2ms/98.6%, 5ms/99.5%, 10ms/99.7%, 20ms/99.8%, 50ms/99.9%, 100ms/99.9%
[5.905s][info][gc,marking  ] GC(49) Mark: 4 stripe(s), 5 proactive flush(es), 1 terminate flush(es), 0 completion(s), 0 continuation(s) 
[5.905s][info][gc,marking  ] GC(49) Mark Stack Usage: 32M
[5.905s][info][gc,nmethod  ] GC(49) NMethods: 1341 registered, 38 unregistered
[5.905s][info][gc,metaspace] GC(49) Metaspace: 8M used, 8M committed, 1088M reserved
[5.905s][info][gc,ref      ] GC(49) Soft: 174 encountered, 0 discovered, 0 enqueued
[5.905s][info][gc,ref      ] GC(49) Weak: 570 encountered, 107 discovered, 0 enqueued
[5.905s][info][gc,ref      ] GC(49) Final: 0 encountered, 0 discovered, 0 enqueued
[5.905s][info][gc,ref      ] GC(49) Phantom: 21 encountered, 16 discovered, 0 enqueued
[5.905s][info][gc,reloc    ] GC(49) Small Pages: 129 / 258M, Empty: 232M, Relocated: 4M, In-Place: 0
[5.905s][info][gc,reloc    ] GC(49) Medium Pages: 1 / 16M, Empty: 0M, Relocated: 0M, In-Place: 0
[5.905s][info][gc,reloc    ] GC(49) Large Pages: 0 / 0M, Empty: 0M, Relocated: 0M, In-Place: 0
[5.905s][info][gc,reloc    ] GC(49) Forwarding Usage: 1M
[5.905s][info][gc,heap     ] GC(49) Min Capacity: 8M(2%)
[5.905s][info][gc,heap     ] GC(49) Max Capacity: 512M(100%)
[5.905s][info][gc,heap     ] GC(49) Soft Max Capacity: 512M(100%)
[5.905s][info][gc,heap     ] GC(49)                Mark Start          Mark End        Relocate Start      Relocate End           High               Low         
[5.905s][info][gc,heap     ] GC(49)  Capacity:      512M (100%)        512M (100%)        512M (100%)        512M (100%)        512M (100%)        512M (100%)   
[5.906s][info][gc,heap     ] GC(49)      Free:      238M (46%)         204M (40%)         416M (81%)         420M (82%)         422M (82%)         200M (39%)    
[5.906s][info][gc,heap     ] GC(49)      Used:      274M (54%)         308M (60%)          96M (19%)          92M (18%)         312M (61%)          90M (18%)    
[5.906s][info][gc,heap     ] GC(49)      Live:         -                 6M (1%)            6M (1%)            6M (1%)             -                  -          
[5.906s][info][gc,heap     ] GC(49) Allocated:         -                34M (7%)           54M (11%)          63M (12%)            -                  -          
[5.906s][info][gc,heap     ] GC(49)   Garbage:         -               267M (52%)          35M (7%)           21M (4%)             -                  -          
[5.906s][info][gc,heap     ] GC(49) Reclaimed:         -                  -               232M (45%)         245M (48%)            -                  -          
[5.906s][info][gc          ] GC(49) Garbage Collection (Allocation Rate) 274M(54%)->92M(18%)
[5.981s][info][gc,start    ] GC(50) Garbage Collection (Allocation Rate)
[5.981s][info][gc,task     ] GC(50) Using 5 workers
[5.981s][info][gc,phases   ] GC(50) Pause Mark Start 0.013ms
[5.993s][info][gc,phases   ] GC(50) Concurrent Mark 12.685ms
[5.994s][info][gc,phases   ] GC(50) Pause Mark End 0.014ms
[5.994s][info][gc,phases   ] GC(50) Concurrent Mark Free 0.001ms
[5.995s][info][gc,phases   ] GC(50) Concurrent Process Non-Strong References 0.937ms
[5.995s][info][gc,phases   ] GC(50) Concurrent Reset Relocation Set 0.003ms
[5.999s][info][gc,phases   ] GC(50) Concurrent Select Relocation Set 3.903ms
[5.999s][info][gc,phases   ] GC(50) Pause Relocate Start 0.007ms
[6.001s][info][gc,phases   ] GC(50) Concurrent Relocate 2.106ms
[6.001s][info][gc,load     ] GC(50) Load: 0.00/0.00/0.00
[6.001s][info][gc,mmu      ] GC(50) MMU: 2ms/98.6%, 5ms/99.5%, 10ms/99.7%, 20ms/99.8%, 50ms/99.9%, 100ms/99.9%
[6.001s][info][gc,marking  ] GC(50) Mark: 4 stripe(s), 7 proactive flush(es), 1 terminate flush(es), 0 completion(s), 0 continuation(s) 
[6.001s][info][gc,marking  ] GC(50) Mark Stack Usage: 32M
[6.001s][info][gc,nmethod  ] GC(50) NMethods: 1341 registered, 38 unregistered
[6.001s][info][gc,metaspace] GC(50) Metaspace: 8M used, 8M committed, 1088M reserved
[6.001s][info][gc,ref      ] GC(50) Soft: 174 encountered, 0 discovered, 0 enqueued
[6.001s][info][gc,ref      ] GC(50) Weak: 570 encountered, 290 discovered, 0 enqueued
[6.001s][info][gc,ref      ] GC(50) Final: 0 encountered, 0 discovered, 0 enqueued
[6.001s][info][gc,ref      ] GC(50) Phantom: 21 encountered, 14 discovered, 0 enqueued
[6.001s][info][gc,reloc    ] GC(50) Small Pages: 140 / 280M, Empty: 254M, Relocated: 3M, In-Place: 0
[6.001s][info][gc,reloc    ] GC(50) Medium Pages: 1 / 16M, Empty: 0M, Relocated: 0M, In-Place: 0
[6.001s][info][gc,reloc    ] GC(50) Large Pages: 0 / 0M, Empty: 0M, Relocated: 0M, In-Place: 0
[6.001s][info][gc,reloc    ] GC(50) Forwarding Usage: 1M
[6.001s][info][gc,heap     ] GC(50) Min Capacity: 8M(2%)
[6.001s][info][gc,heap     ] GC(50) Max Capacity: 512M(100%)
[6.001s][info][gc,heap     ] GC(50) Soft Max Capacity: 512M(100%)
[6.001s][info][gc,heap     ] GC(50)                Mark Start          Mark End        Relocate Start      Relocate End           High               Low         
[6.001s][info][gc,heap     ] GC(50)  Capacity:      512M (100%)        512M (100%)        512M (100%)        512M (100%)        512M (100%)        512M (100%)   
[6.001s][info][gc,heap     ] GC(50)      Free:      216M (42%)         184M (36%)         426M (83%)         430M (84%)         430M (84%)         182M (36%)    
[6.002s][info][gc,heap     ] GC(50)      Used:      296M (58%)         328M (64%)          86M (17%)          82M (16%)         330M (64%)          82M (16%)    
[6.002s][info][gc,heap     ] GC(50)      Live:         -                 7M (1%)            7M (1%)            7M (1%)             -                  -          
[6.002s][info][gc,heap     ] GC(50) Allocated:         -                32M (6%)           44M (9%)           49M (10%)            -                  -          
[6.002s][info][gc,heap     ] GC(50)   Garbage:         -               288M (56%)          34M (7%)           24M (5%)             -                  -          
[6.002s][info][gc,heap     ] GC(50) Reclaimed:         -                  -               254M (50%)         263M (52%)            -                  -          
[6.002s][info][gc          ] GC(50) Garbage Collection (Allocation Rate) 296M(58%)->82M(16%)
[6.080s][info][gc,start    ] GC(51) Garbage Collection (Allocation Rate)
[6.080s][info][gc,task     ] GC(51) Using 5 workers
[6.081s][info][gc,phases   ] GC(51) Pause Mark Start 0.009ms
[6.089s][info][gc,phases   ] GC(51) Concurrent Mark 8.744ms
[6.089s][info][gc,phases   ] GC(51) Pause Mark End 0.009ms
[6.089s][info][gc,phases   ] GC(51) Concurrent Mark Free 0.001ms
[6.090s][info][gc,phases   ] GC(51) Concurrent Process Non-Strong References 0.899ms
[6.090s][info][gc,phases   ] GC(51) Concurrent Reset Relocation Set 0.002ms
[6.096s][info][gc,phases   ] GC(51) Concurrent Select Relocation Set 5.582ms
[6.096s][info][gc,phases   ] GC(51) Pause Relocate Start 0.003ms
[6.099s][info][gc,phases   ] GC(51) Concurrent Relocate 2.368ms
[6.099s][info][gc,load     ] GC(51) Load: 0.00/0.00/0.00
[6.099s][info][gc,mmu      ] GC(51) MMU: 2ms/98.6%, 5ms/99.5%, 10ms/99.7%, 20ms/99.8%, 50ms/99.9%, 100ms/99.9%
[6.099s][info][gc,marking  ] GC(51) Mark: 4 stripe(s), 2 proactive flush(es), 1 terminate flush(es), 0 completion(s), 0 continuation(s) 
[6.099s][info][gc,marking  ] GC(51) Mark Stack Usage: 32M
[6.099s][info][gc,nmethod  ] GC(51) NMethods: 1341 registered, 38 unregistered
[6.099s][info][gc,metaspace] GC(51) Metaspace: 8M used, 8M committed, 1088M reserved
[6.099s][info][gc,ref      ] GC(51) Soft: 174 encountered, 0 discovered, 0 enqueued
[6.099s][info][gc,ref      ] GC(51) Weak: 570 encountered, 249 discovered, 0 enqueued
[6.099s][info][gc,ref      ] GC(51) Final: 0 encountered, 0 discovered, 0 enqueued
[6.099s][info][gc,ref      ] GC(51) Phantom: 21 encountered, 19 discovered, 0 enqueued
[6.099s][info][gc,reloc    ] GC(51) Small Pages: 131 / 262M, Empty: 226M, Relocated: 4M, In-Place: 0
[6.099s][info][gc,reloc    ] GC(51) Medium Pages: 1 / 16M, Empty: 0M, Relocated: 0M, In-Place: 0
[6.099s][info][gc,reloc    ] GC(51) Large Pages: 0 / 0M, Empty: 0M, Relocated: 0M, In-Place: 0
[6.099s][info][gc,reloc    ] GC(51) Forwarding Usage: 2M
[6.099s][info][gc,heap     ] GC(51) Min Capacity: 8M(2%)
[6.099s][info][gc,heap     ] GC(51) Max Capacity: 512M(100%)
[6.099s][info][gc,heap     ] GC(51) Soft Max Capacity: 512M(100%)
[6.099s][info][gc,heap     ] GC(51)                Mark Start          Mark End        Relocate Start      Relocate End           High               Low         
[6.099s][info][gc,heap     ] GC(51)  Capacity:      512M (100%)        512M (100%)        512M (100%)        512M (100%)        512M (100%)        512M (100%)   
[6.099s][info][gc,heap     ] GC(51)      Free:      234M (46%)         212M (41%)         420M (82%)         436M (85%)         436M (85%)         208M (41%)    
[6.099s][info][gc,heap     ] GC(51)      Used:      278M (54%)         300M (59%)          92M (18%)          76M (15%)         304M (59%)          76M (15%)    
[6.099s][info][gc,heap     ] GC(51)      Live:         -                 8M (2%)            8M (2%)            8M (2%)             -                  -          
[6.099s][info][gc,heap     ] GC(51) Allocated:         -                22M (4%)           40M (8%)           45M (9%)             -                  -          
[6.099s][info][gc,heap     ] GC(51)   Garbage:         -               269M (53%)          43M (9%)           21M (4%)             -                  -          
[6.099s][info][gc,heap     ] GC(51) Reclaimed:         -                  -               226M (44%)         247M (48%)            -                  -          
[6.099s][info][gc          ] GC(51) Garbage Collection (Allocation Rate) 278M(54%)->76M(15%)
[6.180s][info][gc,start    ] GC(52) Garbage Collection (Allocation Rate)
[6.180s][info][gc,task     ] GC(52) Using 5 workers
[6.180s][info][gc,phases   ] GC(52) Pause Mark Start 0.012ms
[6.195s][info][gc,phases   ] GC(52) Concurrent Mark 14.705ms
[6.195s][info][gc,phases   ] GC(52) Pause Mark End 0.012ms
[6.195s][info][gc,phases   ] GC(52) Concurrent Mark Free 0.001ms
[6.196s][info][gc,phases   ] GC(52) Concurrent Process Non-Strong References 1.011ms
[6.196s][info][gc,phases   ] GC(52) Concurrent Reset Relocation Set 0.003ms
[6.200s][info][gc,phases   ] GC(52) Concurrent Select Relocation Set 3.983ms
[6.201s][info][gc,phases   ] GC(52) Pause Relocate Start 0.005ms
[6.203s][info][gc,phases   ] GC(52) Concurrent Relocate 2.024ms
[6.203s][info][gc,load     ] GC(52) Load: 0.00/0.00/0.00
[6.203s][info][gc,mmu      ] GC(52) MMU: 2ms/98.6%, 5ms/99.5%, 10ms/99.7%, 20ms/99.8%, 50ms/99.9%, 100ms/99.9%
[6.203s][info][gc,marking  ] GC(52) Mark: 4 stripe(s), 2 proactive flush(es), 1 terminate flush(es), 0 completion(s), 0 continuation(s) 
[6.203s][info][gc,marking  ] GC(52) Mark Stack Usage: 32M
[6.203s][info][gc,nmethod  ] GC(52) NMethods: 1341 registered, 38 unregistered
[6.203s][info][gc,metaspace] GC(52) Metaspace: 8M used, 8M committed, 1088M reserved
[6.203s][info][gc,ref      ] GC(52) Soft: 174 encountered, 0 discovered, 0 enqueued
[6.203s][info][gc,ref      ] GC(52) Weak: 570 encountered, 154 discovered, 0 enqueued
[6.203s][info][gc,ref      ] GC(52) Final: 0 encountered, 0 discovered, 0 enqueued
[6.203s][info][gc,ref      ] GC(52) Phantom: 21 encountered, 19 discovered, 0 enqueued
[6.203s][info][gc,reloc    ] GC(52) Small Pages: 140 / 280M, Empty: 254M, Relocated: 3M, In-Place: 0
[6.203s][info][gc,reloc    ] GC(52) Medium Pages: 1 / 16M, Empty: 0M, Relocated: 0M, In-Place: 0
[6.203s][info][gc,reloc    ] GC(52) Large Pages: 0 / 0M, Empty: 0M, Relocated: 0M, In-Place: 0
[6.203s][info][gc,reloc    ] GC(52) Forwarding Usage: 1M
[6.203s][info][gc,heap     ] GC(52) Min Capacity: 8M(2%)
[6.203s][info][gc,heap     ] GC(52) Max Capacity: 512M(100%)
[6.203s][info][gc,heap     ] GC(52) Soft Max Capacity: 512M(100%)
[6.203s][info][gc,heap     ] GC(52)                Mark Start          Mark End        Relocate Start      Relocate End           High               Low         
[6.203s][info][gc,heap     ] GC(52)  Capacity:      512M (100%)        512M (100%)        512M (100%)        512M (100%)        512M (100%)        512M (100%)   
[6.203s][info][gc,heap     ] GC(52)      Free:      216M (42%)         190M (37%)         430M (84%)         432M (84%)         432M (84%)         188M (37%)    
[6.203s][info][gc,heap     ] GC(52)      Used:      296M (58%)         322M (63%)          82M (16%)          80M (16%)         324M (63%)          80M (16%)    
[6.203s][info][gc,heap     ] GC(52)      Live:         -                 8M (2%)            8M (2%)            8M (2%)             -                  -          
[6.203s][info][gc,heap     ] GC(52) Allocated:         -                26M (5%)           40M (8%)           45M (9%)             -                  -          
[6.203s][info][gc,heap     ] GC(52)   Garbage:         -               287M (56%)          33M (6%)           25M (5%)             -                  -          
[6.203s][info][gc,heap     ] GC(52) Reclaimed:         -                  -               254M (50%)         261M (51%)            -                  -          
[6.203s][info][gc          ] GC(52) Garbage Collection (Allocation Rate) 296M(58%)->80M(16%)
[6.280s][info][gc,start    ] GC(53) Garbage Collection (Allocation Rate)
[6.280s][info][gc,task     ] GC(53) Using 5 workers
[6.280s][info][gc,phases   ] GC(53) Pause Mark Start 0.014ms
[6.291s][info][gc,phases   ] GC(53) Concurrent Mark 10.713ms
[6.291s][info][gc,phases   ] GC(53) Pause Mark End 0.015ms
[6.291s][info][gc,phases   ] GC(53) Concurrent Mark Free 0.001ms
[6.292s][info][gc,phases   ] GC(53) Concurrent Process Non-Strong References 0.991ms
[6.292s][info][gc,phases   ] GC(53) Concurrent Reset Relocation Set 0.002ms
[6.296s][info][gc,phases   ] GC(53) Concurrent Select Relocation Set 3.786ms
[6.296s][info][gc,phases   ] GC(53) Pause Relocate Start 0.005ms
[6.299s][info][gc,phases   ] GC(53) Concurrent Relocate 2.651ms
[6.299s][info][gc,load     ] GC(53) Load: 0.00/0.00/0.00
[6.299s][info][gc,mmu      ] GC(53) MMU: 2ms/98.6%, 5ms/99.5%, 10ms/99.7%, 20ms/99.8%, 50ms/99.9%, 100ms/99.9%
[6.299s][info][gc,marking  ] GC(53) Mark: 4 stripe(s), 2 proactive flush(es), 1 terminate flush(es), 0 completion(s), 0 continuation(s) 
[6.299s][info][gc,marking  ] GC(53) Mark Stack Usage: 32M
[6.299s][info][gc,nmethod  ] GC(53) NMethods: 1340 registered, 39 unregistered
[6.299s][info][gc,metaspace] GC(53) Metaspace: 8M used, 8M committed, 1088M reserved
[6.299s][info][gc,ref      ] GC(53) Soft: 174 encountered, 0 discovered, 0 enqueued
[6.299s][info][gc,ref      ] GC(53) Weak: 570 encountered, 170 discovered, 0 enqueued
[6.299s][info][gc,ref      ] GC(53) Final: 0 encountered, 0 discovered, 0 enqueued
[6.299s][info][gc,ref      ] GC(53) Phantom: 21 encountered, 19 discovered, 0 enqueued
[6.299s][info][gc,reloc    ] GC(53) Small Pages: 108 / 216M, Empty: 184M, Relocated: 3M, In-Place: 0
[6.299s][info][gc,reloc    ] GC(53) Medium Pages: 2 / 32M, Empty: 16M, Relocated: 0M, In-Place: 0
[6.299s][info][gc,reloc    ] GC(53) Large Pages: 0 / 0M, Empty: 0M, Relocated: 0M, In-Place: 0
[6.299s][info][gc,reloc    ] GC(53) Forwarding Usage: 1M
[6.299s][info][gc,heap     ] GC(53) Min Capacity: 8M(2%)
[6.299s][info][gc,heap     ] GC(53) Max Capacity: 512M(100%)
[6.299s][info][gc,heap     ] GC(53) Soft Max Capacity: 512M(100%)
[6.299s][info][gc,heap     ] GC(53)                Mark Start          Mark End        Relocate Start      Relocate End           High               Low         
[6.299s][info][gc,heap     ] GC(53)  Capacity:      512M (100%)        512M (100%)        512M (100%)        512M (100%)        512M (100%)        512M (100%)   
[6.300s][info][gc,heap     ] GC(53)      Free:      264M (52%)         236M (46%)         422M (82%)         430M (84%)         430M (84%)         234M (46%)    
[6.300s][info][gc,heap     ] GC(53)      Used:      248M (48%)         276M (54%)          90M (18%)          82M (16%)         278M (54%)          82M (16%)    
[6.300s][info][gc,heap     ] GC(53)      Live:         -                 9M (2%)            9M (2%)            9M (2%)             -                  -          
[6.300s][info][gc,heap     ] GC(53) Allocated:         -                28M (5%)           42M (8%)           47M (9%)             -                  -          
[6.300s][info][gc,heap     ] GC(53)   Garbage:         -               238M (47%)          38M (8%)           24M (5%)             -                  -          
[6.300s][info][gc,heap     ] GC(53) Reclaimed:         -                  -               200M (39%)         213M (42%)            -                  -          
[6.300s][info][gc          ] GC(53) Garbage Collection (Allocation Rate) 248M(48%)->82M(16%)
[6.380s][info][gc,start    ] GC(54) Garbage Collection (Allocation Rate)
[6.380s][info][gc,task     ] GC(54) Using 5 workers
[6.380s][info][gc,phases   ] GC(54) Pause Mark Start 0.012ms
[6.398s][info][gc,phases   ] GC(54) Concurrent Mark 17.722ms
[6.398s][info][gc,phases   ] GC(54) Pause Mark End 0.010ms
[6.398s][info][gc,phases   ] GC(54) Concurrent Mark Free 0.001ms
[6.399s][info][gc,phases   ] GC(54) Concurrent Process Non-Strong References 1.004ms
[6.399s][info][gc,phases   ] GC(54) Concurrent Reset Relocation Set 0.002ms
[6.405s][info][gc,phases   ] GC(54) Concurrent Select Relocation Set 6.177ms
[6.405s][info][gc,phases   ] GC(54) Pause Relocate Start 0.005ms
[6.410s][info][gc,phases   ] GC(54) Concurrent Relocate 5.032ms
[6.411s][info][gc,load     ] GC(54) Load: 0.00/0.00/0.00
[6.411s][info][gc,mmu      ] GC(54) MMU: 2ms/98.6%, 5ms/99.5%, 10ms/99.7%, 20ms/99.8%, 50ms/99.9%, 100ms/99.9%
[6.411s][info][gc,marking  ] GC(54) Mark: 4 stripe(s), 4 proactive flush(es), 1 terminate flush(es), 0 completion(s), 0 continuation(s) 
[6.411s][info][gc,marking  ] GC(54) Mark Stack Usage: 32M
[6.411s][info][gc,nmethod  ] GC(54) NMethods: 1340 registered, 39 unregistered
[6.411s][info][gc,metaspace] GC(54) Metaspace: 8M used, 8M committed, 1088M reserved
[6.411s][info][gc,ref      ] GC(54) Soft: 174 encountered, 0 discovered, 0 enqueued
[6.411s][info][gc,ref      ] GC(54) Weak: 570 encountered, 152 discovered, 0 enqueued
[6.411s][info][gc,ref      ] GC(54) Final: 0 encountered, 0 discovered, 0 enqueued
[6.411s][info][gc,ref      ] GC(54) Phantom: 21 encountered, 17 discovered, 0 enqueued
[6.411s][info][gc,reloc    ] GC(54) Small Pages: 143 / 286M, Empty: 250M, Relocated: 6M, In-Place: 0
[6.411s][info][gc,reloc    ] GC(54) Medium Pages: 1 / 16M, Empty: 0M, Relocated: 0M, In-Place: 0
[6.411s][info][gc,reloc    ] GC(54) Large Pages: 0 / 0M, Empty: 0M, Relocated: 0M, In-Place: 0
[6.411s][info][gc,reloc    ] GC(54) Forwarding Usage: 2M
[6.411s][info][gc,heap     ] GC(54) Min Capacity: 8M(2%)
[6.411s][info][gc,heap     ] GC(54) Max Capacity: 512M(100%)
[6.411s][info][gc,heap     ] GC(54) Soft Max Capacity: 512M(100%)
[6.411s][info][gc,heap     ] GC(54)                Mark Start          Mark End        Relocate Start      Relocate End           High               Low         
[6.411s][info][gc,heap     ] GC(54)  Capacity:      512M (100%)        512M (100%)        512M (100%)        512M (100%)        512M (100%)        512M (100%)   
[6.411s][info][gc,heap     ] GC(54)      Free:      210M (41%)         166M (32%)         400M (78%)         412M (80%)         412M (80%)         162M (32%)    
[6.411s][info][gc,heap     ] GC(54)      Used:      302M (59%)         346M (68%)         112M (22%)         100M (20%)         350M (68%)         100M (20%)    
[6.411s][info][gc,heap     ] GC(54)      Live:         -                10M (2%)           10M (2%)           10M (2%)             -                  -          
[6.411s][info][gc,heap     ] GC(54) Allocated:         -                44M (9%)           60M (12%)          69M (14%)            -                  -          
[6.411s][info][gc,heap     ] GC(54)   Garbage:         -               291M (57%)          41M (8%)           19M (4%)             -                  -          
[6.411s][info][gc,heap     ] GC(54) Reclaimed:         -                  -               250M (49%)         271M (53%)            -                  -          
[6.411s][info][gc          ] GC(54) Garbage Collection (Allocation Rate) 302M(59%)->100M(20%)
[6.481s][info][gc,start    ] GC(55) Garbage Collection (Allocation Rate)
[6.481s][info][gc,task     ] GC(55) Using 5 workers
[6.481s][info][gc,phases   ] GC(55) Pause Mark Start 0.010ms
[6.495s][info][gc,phases   ] GC(55) Concurrent Mark 13.749ms
[6.495s][info][gc,phases   ] GC(55) Pause Mark End 0.009ms
[6.495s][info][gc,phases   ] GC(55) Concurrent Mark Free 0.001ms
[6.496s][info][gc,phases   ] GC(55) Concurrent Process Non-Strong References 0.893ms
[6.496s][info][gc,phases   ] GC(55) Concurrent Reset Relocation Set 0.003ms
[6.500s][info][gc,phases   ] GC(55) Concurrent Select Relocation Set 4.135ms
[6.500s][info][gc,phases   ] GC(55) Pause Relocate Start 0.004ms
[6.501s][info][gc,phases   ] GC(55) Concurrent Relocate 0.892ms
[6.501s][info][gc,load     ] GC(55) Load: 0.00/0.00/0.00
[6.501s][info][gc,mmu      ] GC(55) MMU: 2ms/98.6%, 5ms/99.5%, 10ms/99.7%, 20ms/99.8%, 50ms/99.9%, 100ms/99.9%
[6.501s][info][gc,marking  ] GC(55) Mark: 4 stripe(s), 2 proactive flush(es), 1 terminate flush(es), 0 completion(s), 0 continuation(s) 
[6.501s][info][gc,marking  ] GC(55) Mark Stack Usage: 32M
[6.501s][info][gc,nmethod  ] GC(55) NMethods: 1340 registered, 39 unregistered
[6.501s][info][gc,metaspace] GC(55) Metaspace: 8M used, 8M committed, 1088M reserved
[6.501s][info][gc,ref      ] GC(55) Soft: 174 encountered, 0 discovered, 0 enqueued
[6.501s][info][gc,ref      ] GC(55) Weak: 570 encountered, 89 discovered, 0 enqueued
[6.501s][info][gc,ref      ] GC(55) Final: 0 encountered, 0 discovered, 0 enqueued
[6.501s][info][gc,ref      ] GC(55) Phantom: 21 encountered, 17 discovered, 0 enqueued
[6.501s][info][gc,reloc    ] GC(55) Small Pages: 119 / 238M, Empty: 214M, Relocated: 1M, In-Place: 0
[6.501s][info][gc,reloc    ] GC(55) Medium Pages: 1 / 16M, Empty: 0M, Relocated: 0M, In-Place: 0
[6.501s][info][gc,reloc    ] GC(55) Large Pages: 0 / 0M, Empty: 0M, Relocated: 0M, In-Place: 0
[6.501s][info][gc,reloc    ] GC(55) Forwarding Usage: 0M
[6.501s][info][gc,heap     ] GC(55) Min Capacity: 8M(2%)
[6.501s][info][gc,heap     ] GC(55) Max Capacity: 512M(100%)
[6.502s][info][gc,heap     ] GC(55) Soft Max Capacity: 512M(100%)
[6.502s][info][gc,heap     ] GC(55)                Mark Start          Mark End        Relocate Start      Relocate End           High               Low         
[6.502s][info][gc,heap     ] GC(55)  Capacity:      512M (100%)        512M (100%)        512M (100%)        512M (100%)        512M (100%)        512M (100%)   
[6.502s][info][gc,heap     ] GC(55)      Free:      258M (50%)         242M (47%)         448M (88%)         450M (88%)         450M (88%)         240M (47%)    
[6.502s][info][gc,heap     ] GC(55)      Used:      254M (50%)         270M (53%)          64M (13%)          62M (12%)         272M (53%)          62M (12%)    
[6.502s][info][gc,heap     ] GC(55)      Live:         -                10M (2%)           10M (2%)           10M (2%)             -                  -          
[6.502s][info][gc,heap     ] GC(55) Allocated:         -                16M (3%)           24M (5%)           23M (5%)             -                  -          
[6.502s][info][gc,heap     ] GC(55)   Garbage:         -               243M (47%)          29M (6%)           27M (5%)             -                  -          
[6.502s][info][gc,heap     ] GC(55) Reclaimed:         -                  -               214M (42%)         215M (42%)            -                  -          
[6.502s][info][gc          ] GC(55) Garbage Collection (Allocation Rate) 254M(50%)->62M(12%)
[6.581s][info][gc,start    ] GC(56) Garbage Collection (Allocation Rate)
[6.581s][info][gc,task     ] GC(56) Using 5 workers
[6.581s][info][gc,phases   ] GC(56) Pause Mark Start 0.013ms
[6.597s][info][gc,phases   ] GC(56) Concurrent Mark 15.696ms
[6.597s][info][gc,phases   ] GC(56) Pause Mark End 0.011ms
[6.597s][info][gc,phases   ] GC(56) Concurrent Mark Free 0.001ms
[6.598s][info][gc,phases   ] GC(56) Concurrent Process Non-Strong References 0.931ms
[6.598s][info][gc,phases   ] GC(56) Concurrent Reset Relocation Set 0.001ms
[6.603s][info][gc,phases   ] GC(56) Concurrent Select Relocation Set 5.053ms
[6.603s][info][gc,phases   ] GC(56) Pause Relocate Start 0.005ms
[6.606s][info][gc,phases   ] GC(56) Concurrent Relocate 2.771ms
[6.606s][info][gc,load     ] GC(56) Load: 0.00/0.00/0.00
[6.606s][info][gc,mmu      ] GC(56) MMU: 2ms/98.6%, 5ms/99.5%, 10ms/99.7%, 20ms/99.8%, 50ms/99.9%, 100ms/99.9%
[6.606s][info][gc,marking  ] GC(56) Mark: 4 stripe(s), 3 proactive flush(es), 1 terminate flush(es), 0 completion(s), 0 continuation(s) 
[6.606s][info][gc,marking  ] GC(56) Mark Stack Usage: 32M
[6.606s][info][gc,nmethod  ] GC(56) NMethods: 1340 registered, 39 unregistered
[6.606s][info][gc,metaspace] GC(56) Metaspace: 8M used, 8M committed, 1088M reserved
[6.606s][info][gc,ref      ] GC(56) Soft: 174 encountered, 0 discovered, 0 enqueued
[6.606s][info][gc,ref      ] GC(56) Weak: 570 encountered, 224 discovered, 0 enqueued
[6.606s][info][gc,ref      ] GC(56) Final: 0 encountered, 0 discovered, 0 enqueued
[6.606s][info][gc,ref      ] GC(56) Phantom: 21 encountered, 19 discovered, 0 enqueued
[6.606s][info][gc,reloc    ] GC(56) Small Pages: 119 / 238M, Empty: 208M, Relocated: 3M, In-Place: 0
[6.606s][info][gc,reloc    ] GC(56) Medium Pages: 2 / 32M, Empty: 0M, Relocated: 0M, In-Place: 0
[6.606s][info][gc,reloc    ] GC(56) Large Pages: 0 / 0M, Empty: 0M, Relocated: 0M, In-Place: 0
[6.606s][info][gc,reloc    ] GC(56) Forwarding Usage: 1M
[6.606s][info][gc,heap     ] GC(56) Min Capacity: 8M(2%)
[6.606s][info][gc,heap     ] GC(56) Max Capacity: 512M(100%)
[6.606s][info][gc,heap     ] GC(56) Soft Max Capacity: 512M(100%)
[6.606s][info][gc,heap     ] GC(56)                Mark Start          Mark End        Relocate Start      Relocate End           High               Low         
[6.606s][info][gc,heap     ] GC(56)  Capacity:      512M (100%)        512M (100%)        512M (100%)        512M (100%)        512M (100%)        512M (100%)   
[6.606s][info][gc,heap     ] GC(56)      Free:      242M (47%)         202M (39%)         396M (77%)         414M (81%)         414M (81%)         198M (39%)    
[6.606s][info][gc,heap     ] GC(56)      Used:      270M (53%)         310M (61%)         116M (23%)          98M (19%)         314M (61%)          98M (19%)    
[6.606s][info][gc,heap     ] GC(56)      Live:         -                11M (2%)           11M (2%)           11M (2%)             -                  -          
[6.606s][info][gc,heap     ] GC(56) Allocated:         -                40M (8%)           54M (11%)          61M (12%)            -                  -          
[6.606s][info][gc,heap     ] GC(56)   Garbage:         -               258M (50%)          50M (10%)          24M (5%)             -                  -          
[6.607s][info][gc,heap     ] GC(56) Reclaimed:         -                  -               208M (41%)         233M (46%)            -                  -          
[6.607s][info][gc          ] GC(56) Garbage Collection (Allocation Rate) 270M(53%)->98M(19%)
[6.684s][info][gc,start    ] GC(57) Garbage Collection (Allocation Rate)
[6.684s][info][gc,task     ] GC(57) Using 5 workers
[6.685s][info][gc,phases   ] GC(57) Pause Mark Start 0.010ms
[6.700s][info][gc,phases   ] GC(57) Concurrent Mark 15.309ms
[6.700s][info][gc,phases   ] GC(57) Pause Mark End 0.011ms
[6.700s][info][gc,phases   ] GC(57) Concurrent Mark Free 0.001ms
[6.701s][info][gc,phases   ] GC(57) Concurrent Process Non-Strong References 1.035ms
[6.701s][info][gc,phases   ] GC(57) Concurrent Reset Relocation Set 0.003ms
[6.707s][info][gc,phases   ] GC(57) Concurrent Select Relocation Set 5.793ms
[6.707s][info][gc,phases   ] GC(57) Pause Relocate Start 0.007ms
[6.712s][info][gc,phases   ] GC(57) Concurrent Relocate 4.490ms
[6.712s][info][gc,load     ] GC(57) Load: 0.00/0.00/0.00
[6.712s][info][gc,mmu      ] GC(57) MMU: 2ms/98.6%, 5ms/99.5%, 10ms/99.7%, 20ms/99.8%, 50ms/99.9%, 100ms/99.9%
[6.712s][info][gc,marking  ] GC(57) Mark: 4 stripe(s), 2 proactive flush(es), 1 terminate flush(es), 0 completion(s), 0 continuation(s) 
[6.712s][info][gc,marking  ] GC(57) Mark Stack Usage: 32M
[6.712s][info][gc,nmethod  ] GC(57) NMethods: 1340 registered, 39 unregistered
[6.712s][info][gc,metaspace] GC(57) Metaspace: 8M used, 8M committed, 1088M reserved
[6.712s][info][gc,ref      ] GC(57) Soft: 174 encountered, 0 discovered, 0 enqueued
[6.712s][info][gc,ref      ] GC(57) Weak: 570 encountered, 315 discovered, 0 enqueued
[6.712s][info][gc,ref      ] GC(57) Final: 0 encountered, 0 discovered, 0 enqueued
[6.712s][info][gc,ref      ] GC(57) Phantom: 21 encountered, 19 discovered, 0 enqueued
[6.712s][info][gc,reloc    ] GC(57) Small Pages: 149 / 298M, Empty: 260M, Relocated: 5M, In-Place: 0
[6.712s][info][gc,reloc    ] GC(57) Medium Pages: 1 / 16M, Empty: 0M, Relocated: 0M, In-Place: 0
[6.712s][info][gc,reloc    ] GC(57) Large Pages: 0 / 0M, Empty: 0M, Relocated: 0M, In-Place: 0
[6.712s][info][gc,reloc    ] GC(57) Forwarding Usage: 1M
[6.712s][info][gc,heap     ] GC(57) Min Capacity: 8M(2%)
[6.712s][info][gc,heap     ] GC(57) Max Capacity: 512M(100%)
[6.712s][info][gc,heap     ] GC(57) Soft Max Capacity: 512M(100%)
[6.712s][info][gc,heap     ] GC(57)                Mark Start          Mark End        Relocate Start      Relocate End           High               Low         
[6.712s][info][gc,heap     ] GC(57)  Capacity:      512M (100%)        512M (100%)        512M (100%)        512M (100%)        512M (100%)        512M (100%)   
[6.712s][info][gc,heap     ] GC(57)      Free:      198M (39%)         160M (31%)         400M (78%)         408M (80%)         412M (80%)         156M (30%)    
[6.712s][info][gc,heap     ] GC(57)      Used:      314M (61%)         352M (69%)         112M (22%)         104M (20%)         356M (70%)         100M (20%)    
[6.712s][info][gc,heap     ] GC(57)      Live:         -                12M (2%)           12M (2%)           12M (2%)             -                  -          
[6.712s][info][gc,heap     ] GC(57) Allocated:         -                38M (7%)           58M (11%)          69M (14%)            -                  -          
[6.713s][info][gc,heap     ] GC(57)   Garbage:         -               301M (59%)          41M (8%)           21M (4%)             -                  -          
[6.713s][info][gc,heap     ] GC(57) Reclaimed:         -                  -               260M (51%)         279M (55%)            -                  -          
[6.713s][info][gc          ] GC(57) Garbage Collection (Allocation Rate) 314M(61%)->104M(20%)
[6.792s][info][gc,start    ] GC(58) Garbage Collection (Allocation Rate)
[6.792s][info][gc,task     ] GC(58) Using 5 workers
[6.792s][info][gc,phases   ] GC(58) Pause Mark Start 0.011ms
[6.823s][info][gc,phases   ] GC(58) Concurrent Mark 31.002ms
[6.823s][info][gc,phases   ] GC(58) Pause Mark End 0.014ms
[6.823s][info][gc,phases   ] GC(58) Concurrent Mark Free 0.001ms
[6.824s][info][gc,phases   ] GC(58) Concurrent Process Non-Strong References 1.132ms
[6.824s][info][gc,phases   ] GC(58) Concurrent Reset Relocation Set 0.003ms
[6.831s][info][gc,phases   ] GC(58) Concurrent Select Relocation Set 6.614ms
[6.831s][info][gc,phases   ] GC(58) Pause Relocate Start 0.007ms
[6.834s][info][gc,phases   ] GC(58) Concurrent Relocate 2.814ms
[6.834s][info][gc,load     ] GC(58) Load: 0.00/0.00/0.00
[6.834s][info][gc,mmu      ] GC(58) MMU: 2ms/98.6%, 5ms/99.5%, 10ms/99.7%, 20ms/99.8%, 50ms/99.9%, 100ms/99.9%
[6.834s][info][gc,marking  ] GC(58) Mark: 4 stripe(s), 2 proactive flush(es), 1 terminate flush(es), 0 completion(s), 0 continuation(s) 
[6.834s][info][gc,marking  ] GC(58) Mark Stack Usage: 32M
[6.834s][info][gc,nmethod  ] GC(58) NMethods: 1340 registered, 39 unregistered
[6.834s][info][gc,metaspace] GC(58) Metaspace: 8M used, 8M committed, 1088M reserved
[6.834s][info][gc,ref      ] GC(58) Soft: 174 encountered, 0 discovered, 0 enqueued
[6.834s][info][gc,ref      ] GC(58) Weak: 570 encountered, 133 discovered, 0 enqueued
[6.834s][info][gc,ref      ] GC(58) Final: 0 encountered, 0 discovered, 0 enqueued
[6.834s][info][gc,ref      ] GC(58) Phantom: 21 encountered, 12 discovered, 0 enqueued
[6.834s][info][gc,reloc    ] GC(58) Small Pages: 143 / 286M, Empty: 248M, Relocated: 4M, In-Place: 0
[6.834s][info][gc,reloc    ] GC(58) Medium Pages: 1 / 16M, Empty: 0M, Relocated: 0M, In-Place: 0
[6.834s][info][gc,reloc    ] GC(58) Large Pages: 0 / 0M, Empty: 0M, Relocated: 0M, In-Place: 0
[6.834s][info][gc,reloc    ] GC(58) Forwarding Usage: 2M
[6.834s][info][gc,heap     ] GC(58) Min Capacity: 8M(2%)
[6.834s][info][gc,heap     ] GC(58) Max Capacity: 512M(100%)
[6.834s][info][gc,heap     ] GC(58) Soft Max Capacity: 512M(100%)
[6.834s][info][gc,heap     ] GC(58)                Mark Start          Mark End        Relocate Start      Relocate End           High               Low         
[6.835s][info][gc,heap     ] GC(58)  Capacity:      512M (100%)        512M (100%)        512M (100%)        512M (100%)        512M (100%)        512M (100%)   
[6.835s][info][gc,heap     ] GC(58)      Free:      210M (41%)         126M (25%)         352M (69%)         362M (71%)         362M (71%)         122M (24%)    
[6.835s][info][gc,heap     ] GC(58)      Used:      302M (59%)         386M (75%)         160M (31%)         150M (29%)         390M (76%)         150M (29%)    
[6.835s][info][gc,heap     ] GC(58)      Live:         -                13M (3%)           13M (3%)           13M (3%)             -                  -          
[6.835s][info][gc,heap     ] GC(58) Allocated:         -                84M (16%)         106M (21%)         113M (22%)            -                  -          
[6.835s][info][gc,heap     ] GC(58)   Garbage:         -               288M (56%)          40M (8%)           23M (4%)             -                  -          
[6.835s][info][gc,heap     ] GC(58) Reclaimed:         -                  -               248M (48%)         265M (52%)            -                  -          
[6.835s][info][gc          ] GC(58) Garbage Collection (Allocation Rate) 302M(59%)->150M(29%)
[6.885s][info][gc,start    ] GC(59) Garbage Collection (Allocation Rate)
[6.885s][info][gc,task     ] GC(59) Using 5 workers
[6.886s][info][gc,phases   ] GC(59) Pause Mark Start 0.011ms
[6.917s][info][gc,phases   ] GC(59) Concurrent Mark 31.008ms
[6.917s][info][gc,phases   ] GC(59) Pause Mark End 0.016ms
[6.917s][info][gc,phases   ] GC(59) Concurrent Mark Free 0.001ms
[6.918s][info][gc,phases   ] GC(59) Concurrent Process Non-Strong References 1.249ms
[6.918s][info][gc,phases   ] GC(59) Concurrent Reset Relocation Set 0.003ms
[6.925s][info][gc,phases   ] GC(59) Concurrent Select Relocation Set 6.909ms
[6.925s][info][gc,phases   ] GC(59) Pause Relocate Start 0.008ms
[6.930s][info][gc,phases   ] GC(59) Concurrent Relocate 4.375ms
[6.930s][info][gc,load     ] GC(59) Load: 0.00/0.00/0.00
[6.930s][info][gc,mmu      ] GC(59) MMU: 2ms/98.6%, 5ms/99.5%, 10ms/99.7%, 20ms/99.8%, 50ms/99.9%, 100ms/99.9%
[6.930s][info][gc,marking  ] GC(59) Mark: 4 stripe(s), 2 proactive flush(es), 1 terminate flush(es), 0 completion(s), 0 continuation(s) 
[6.930s][info][gc,marking  ] GC(59) Mark Stack Usage: 32M
[6.930s][info][gc,nmethod  ] GC(59) NMethods: 1340 registered, 39 unregistered
[6.930s][info][gc,metaspace] GC(59) Metaspace: 8M used, 8M committed, 1088M reserved
[6.930s][info][gc,ref      ] GC(59) Soft: 174 encountered, 0 discovered, 0 enqueued
[6.930s][info][gc,ref      ] GC(59) Weak: 570 encountered, 221 discovered, 0 enqueued
[6.930s][info][gc,ref      ] GC(59) Final: 0 encountered, 0 discovered, 0 enqueued
[6.930s][info][gc,ref      ] GC(59) Phantom: 21 encountered, 19 discovered, 0 enqueued
[6.930s][info][gc,reloc    ] GC(59) Small Pages: 138 / 276M, Empty: 236M, Relocated: 6M, In-Place: 0
[6.930s][info][gc,reloc    ] GC(59) Medium Pages: 1 / 16M, Empty: 0M, Relocated: 0M, In-Place: 0
[6.930s][info][gc,reloc    ] GC(59) Large Pages: 0 / 0M, Empty: 0M, Relocated: 0M, In-Place: 0
[6.930s][info][gc,reloc    ] GC(59) Forwarding Usage: 2M
[6.930s][info][gc,heap     ] GC(59) Min Capacity: 8M(2%)
[6.930s][info][gc,heap     ] GC(59) Max Capacity: 512M(100%)
[6.930s][info][gc,heap     ] GC(59) Soft Max Capacity: 512M(100%)
[6.930s][info][gc,heap     ] GC(59)                Mark Start          Mark End        Relocate Start      Relocate End           High               Low         
[6.930s][info][gc,heap     ] GC(59)  Capacity:      512M (100%)        512M (100%)        512M (100%)        512M (100%)        512M (100%)        512M (100%)   
[6.930s][info][gc,heap     ] GC(59)      Free:      220M (43%)         136M (27%)         350M (68%)         360M (70%)         360M (70%)         132M (26%)    
[6.930s][info][gc,heap     ] GC(59)      Used:      292M (57%)         376M (73%)         162M (32%)         152M (30%)         380M (74%)         152M (30%)    
[6.930s][info][gc,heap     ] GC(59)      Live:         -                13M (3%)           13M (3%)           13M (3%)             -                  -          
[6.930s][info][gc,heap     ] GC(59) Allocated:         -                84M (16%)         106M (21%)         117M (23%)            -                  -          
[6.930s][info][gc,heap     ] GC(59)   Garbage:         -               278M (54%)          42M (8%)           20M (4%)             -                  -          
[6.930s][info][gc,heap     ] GC(59) Reclaimed:         -                  -               236M (46%)         257M (50%)            -                  -          
[6.930s][info][gc          ] GC(59) Garbage Collection (Allocation Rate) 292M(57%)->152M(30%)
[6.995s][info][gc,start    ] GC(60) Garbage Collection (Allocation Rate)
[6.995s][info][gc,task     ] GC(60) Using 5 workers
[6.995s][info][gc,phases   ] GC(60) Pause Mark Start 0.014ms
[7.026s][info][gc,phases   ] GC(60) Concurrent Mark 30.894ms
[7.026s][info][gc,phases   ] GC(60) Pause Mark End 0.013ms
[7.026s][info][gc,phases   ] GC(60) Concurrent Mark Free 0.001ms
[7.027s][info][gc,phases   ] GC(60) Concurrent Process Non-Strong References 1.139ms
[7.027s][info][gc,phases   ] GC(60) Concurrent Reset Relocation Set 0.004ms
[7.035s][info][gc,phases   ] GC(60) Concurrent Select Relocation Set 8.050ms
[7.036s][info][gc,phases   ] GC(60) Pause Relocate Start 0.007ms
[7.042s][info][gc,phases   ] GC(60) Concurrent Relocate 6.172ms
[7.042s][info][gc,load     ] GC(60) Load: 0.00/0.00/0.00
[7.042s][info][gc,mmu      ] GC(60) MMU: 2ms/98.6%, 5ms/99.5%, 10ms/99.7%, 20ms/99.8%, 50ms/99.9%, 100ms/99.9%
[7.042s][info][gc,marking  ] GC(60) Mark: 4 stripe(s), 2 proactive flush(es), 1 terminate flush(es), 0 completion(s), 0 continuation(s) 
[7.042s][info][gc,marking  ] GC(60) Mark Stack Usage: 32M
[7.042s][info][gc,nmethod  ] GC(60) NMethods: 1340 registered, 39 unregistered
[7.042s][info][gc,metaspace] GC(60) Metaspace: 8M used, 8M committed, 1088M reserved
[7.042s][info][gc,ref      ] GC(60) Soft: 174 encountered, 0 discovered, 0 enqueued
[7.042s][info][gc,ref      ] GC(60) Weak: 570 encountered, 129 discovered, 0 enqueued
[7.042s][info][gc,ref      ] GC(60) Final: 0 encountered, 0 discovered, 0 enqueued
[7.042s][info][gc,ref      ] GC(60) Phantom: 21 encountered, 17 discovered, 0 enqueued
[7.042s][info][gc,reloc    ] GC(60) Small Pages: 128 / 256M, Empty: 224M, Relocated: 8M, In-Place: 0
[7.042s][info][gc,reloc    ] GC(60) Medium Pages: 2 / 32M, Empty: 0M, Relocated: 1M, In-Place: 0
[7.042s][info][gc,reloc    ] GC(60) Large Pages: 0 / 0M, Empty: 0M, Relocated: 0M, In-Place: 0
[7.042s][info][gc,reloc    ] GC(60) Forwarding Usage: 3M
[7.042s][info][gc,heap     ] GC(60) Min Capacity: 8M(2%)
[7.042s][info][gc,heap     ] GC(60) Max Capacity: 512M(100%)
[7.042s][info][gc,heap     ] GC(60) Soft Max Capacity: 512M(100%)
[7.042s][info][gc,heap     ] GC(60)                Mark Start          Mark End        Relocate Start      Relocate End           High               Low         
[7.042s][info][gc,heap     ] GC(60)  Capacity:      512M (100%)        512M (100%)        512M (100%)        512M (100%)        512M (100%)        512M (100%)   
[7.042s][info][gc,heap     ] GC(60)      Free:      224M (44%)         142M (28%)         340M (66%)         352M (69%)         358M (70%)         140M (27%)    
[7.042s][info][gc,heap     ] GC(60)      Used:      288M (56%)         370M (72%)         172M (34%)         160M (31%)         372M (73%)         154M (30%)    
[7.042s][info][gc,heap     ] GC(60)      Live:         -                14M (3%)           14M (3%)           14M (3%)             -                  -          
[7.042s][info][gc,heap     ] GC(60) Allocated:         -                82M (16%)         108M (21%)         123M (24%)            -                  -          
[7.042s][info][gc,heap     ] GC(60)   Garbage:         -               273M (53%)          49M (10%)          21M (4%)             -                  -          
[7.043s][info][gc,heap     ] GC(60) Reclaimed:         -                  -               224M (44%)         251M (49%)            -                  -          
[7.043s][info][gc          ] GC(60) Garbage Collection (Allocation Rate) 288M(56%)->160M(31%)
[7.088s][info][gc,start    ] GC(61) Garbage Collection (Allocation Rate)
[7.089s][info][gc,task     ] GC(61) Using 5 workers
[7.089s][info][gc,phases   ] GC(61) Pause Mark Start 0.013ms
[7.120s][info][gc,phases   ] GC(61) Concurrent Mark 30.997ms
[7.120s][info][gc,phases   ] GC(61) Pause Mark End 0.012ms
[7.120s][info][gc,phases   ] GC(61) Concurrent Mark Free 0.001ms
[7.121s][info][gc,phases   ] GC(61) Concurrent Process Non-Strong References 1.145ms
[7.121s][info][gc,phases   ] GC(61) Concurrent Reset Relocation Set 0.004ms
[7.125s][info][gc,phases   ] GC(61) Concurrent Select Relocation Set 3.898ms
[7.125s][info][gc,phases   ] GC(61) Pause Relocate Start 0.005ms
[7.130s][info][gc,phases   ] GC(61) Concurrent Relocate 4.354ms
[7.130s][info][gc,load     ] GC(61) Load: 0.00/0.00/0.00
[7.130s][info][gc,mmu      ] GC(61) MMU: 2ms/98.6%, 5ms/99.5%, 10ms/99.7%, 20ms/99.8%, 50ms/99.9%, 100ms/99.9%
[7.130s][info][gc,marking  ] GC(61) Mark: 4 stripe(s), 3 proactive flush(es), 1 terminate flush(es), 0 completion(s), 0 continuation(s) 
[7.130s][info][gc,marking  ] GC(61) Mark Stack Usage: 32M
[7.130s][info][gc,nmethod  ] GC(61) NMethods: 1340 registered, 39 unregistered
[7.130s][info][gc,metaspace] GC(61) Metaspace: 8M used, 8M committed, 1088M reserved
[7.130s][info][gc,ref      ] GC(61) Soft: 174 encountered, 0 discovered, 0 enqueued
[7.130s][info][gc,ref      ] GC(61) Weak: 570 encountered, 263 discovered, 0 enqueued
[7.130s][info][gc,ref      ] GC(61) Final: 0 encountered, 0 discovered, 0 enqueued
[7.130s][info][gc,ref      ] GC(61) Phantom: 21 encountered, 19 discovered, 0 enqueued
[7.130s][info][gc,reloc    ] GC(61) Small Pages: 136 / 272M, Empty: 232M, Relocated: 5M, In-Place: 0
[7.130s][info][gc,reloc    ] GC(61) Medium Pages: 1 / 16M, Empty: 0M, Relocated: 0M, In-Place: 0
[7.130s][info][gc,reloc    ] GC(61) Large Pages: 0 / 0M, Empty: 0M, Relocated: 0M, In-Place: 0
[7.130s][info][gc,reloc    ] GC(61) Forwarding Usage: 2M
[7.130s][info][gc,heap     ] GC(61) Min Capacity: 8M(2%)
[7.130s][info][gc,heap     ] GC(61) Max Capacity: 512M(100%)
[7.130s][info][gc,heap     ] GC(61) Soft Max Capacity: 512M(100%)
[7.130s][info][gc,heap     ] GC(61)                Mark Start          Mark End        Relocate Start      Relocate End           High               Low         
[7.130s][info][gc,heap     ] GC(61)  Capacity:      512M (100%)        512M (100%)        512M (100%)        512M (100%)        512M (100%)        512M (100%)   
[7.130s][info][gc,heap     ] GC(61)      Free:      224M (44%)         140M (27%)         358M (70%)         366M (71%)         368M (72%)         136M (27%)    
[7.130s][info][gc,heap     ] GC(61)      Used:      288M (56%)         372M (73%)         154M (30%)         146M (29%)         376M (73%)         144M (28%)    
[7.130s][info][gc,heap     ] GC(61)      Live:         -                15M (3%)           15M (3%)           15M (3%)             -                  -          
[7.130s][info][gc,heap     ] GC(61) Allocated:         -                84M (16%)          98M (19%)         109M (21%)            -                  -          
[7.130s][info][gc,heap     ] GC(61)   Garbage:         -               272M (53%)          40M (8%)           20M (4%)             -                  -          
[7.130s][info][gc,heap     ] GC(61) Reclaimed:         -                  -               232M (45%)         251M (49%)            -                  -          
[7.130s][info][gc          ] GC(61) Garbage Collection (Allocation Rate) 288M(56%)->146M(29%)
[7.182s][info][gc,start    ] GC(62) Garbage Collection (Allocation Rate)
[7.182s][info][gc,task     ] GC(62) Using 5 workers
[7.182s][info][gc,phases   ] GC(62) Pause Mark Start 0.011ms
[7.213s][info][gc,phases   ] GC(62) Concurrent Mark 31.043ms
[7.214s][info][gc,phases   ] GC(62) Pause Mark End 0.015ms
[7.214s][info][gc,phases   ] GC(62) Concurrent Mark Free 0.001ms
[7.215s][info][gc,phases   ] GC(62) Concurrent Process Non-Strong References 1.014ms
[7.215s][info][gc,phases   ] GC(62) Concurrent Reset Relocation Set 0.003ms
[7.219s][info][gc,phases   ] GC(62) Concurrent Select Relocation Set 4.194ms
[7.219s][info][gc,phases   ] GC(62) Pause Relocate Start 0.007ms
[7.220s][info][gc,phases   ] GC(62) Concurrent Relocate 1.028ms
[7.220s][info][gc,load     ] GC(62) Load: 0.00/0.00/0.00
[7.220s][info][gc,mmu      ] GC(62) MMU: 2ms/98.6%, 5ms/99.5%, 10ms/99.7%, 20ms/99.8%, 50ms/99.9%, 100ms/99.9%
[7.220s][info][gc,marking  ] GC(62) Mark: 4 stripe(s), 2 proactive flush(es), 1 terminate flush(es), 0 completion(s), 0 continuation(s) 
[7.220s][info][gc,marking  ] GC(62) Mark Stack Usage: 32M
[7.220s][info][gc,nmethod  ] GC(62) NMethods: 1340 registered, 39 unregistered
[7.220s][info][gc,metaspace] GC(62) Metaspace: 8M used, 8M committed, 1088M reserved
[7.220s][info][gc,ref      ] GC(62) Soft: 174 encountered, 0 discovered, 0 enqueued
[7.220s][info][gc,ref      ] GC(62) Weak: 570 encountered, 281 discovered, 0 enqueued
[7.220s][info][gc,ref      ] GC(62) Final: 0 encountered, 0 discovered, 0 enqueued
[7.220s][info][gc,ref      ] GC(62) Phantom: 21 encountered, 17 discovered, 0 enqueued
[7.221s][info][gc,reloc    ] GC(62) Small Pages: 137 / 274M, Empty: 238M, Relocated: 1M, In-Place: 0
[7.221s][info][gc,reloc    ] GC(62) Medium Pages: 1 / 16M, Empty: 0M, Relocated: 0M, In-Place: 0
[7.221s][info][gc,reloc    ] GC(62) Large Pages: 0 / 0M, Empty: 0M, Relocated: 0M, In-Place: 0
[7.221s][info][gc,reloc    ] GC(62) Forwarding Usage: 0M
[7.221s][info][gc,heap     ] GC(62) Min Capacity: 8M(2%)
[7.221s][info][gc,heap     ] GC(62) Max Capacity: 512M(100%)
[7.221s][info][gc,heap     ] GC(62) Soft Max Capacity: 512M(100%)
[7.221s][info][gc,heap     ] GC(62)                Mark Start          Mark End        Relocate Start      Relocate End           High               Low         
[7.221s][info][gc,heap     ] GC(62)  Capacity:      512M (100%)        512M (100%)        512M (100%)        512M (100%)        512M (100%)        512M (100%)   
[7.221s][info][gc,heap     ] GC(62)      Free:      222M (43%)         154M (30%)         362M (71%)         370M (72%)         370M (72%)         136M (27%)    
[7.221s][info][gc,heap     ] GC(62)      Used:      290M (57%)         358M (70%)         150M (29%)         142M (28%)         376M (73%)         142M (28%)    
[7.221s][info][gc,heap     ] GC(62)      Live:         -                15M (3%)           15M (3%)           15M (3%)             -                  -          
[7.221s][info][gc,heap     ] GC(62) Allocated:         -                68M (13%)          98M (19%)          99M (20%)            -                  -          
[7.221s][info][gc,heap     ] GC(62)   Garbage:         -               274M (54%)          36M (7%)           26M (5%)             -                  -          
[7.221s][info][gc,heap     ] GC(62) Reclaimed:         -                  -               238M (46%)         247M (48%)            -                  -          
[7.221s][info][gc          ] GC(62) Garbage Collection (Allocation Rate) 290M(57%)->142M(28%)
[7.292s][info][gc,start    ] GC(63) Garbage Collection (Allocation Rate)
[7.292s][info][gc,task     ] GC(63) Using 5 workers
[7.292s][info][gc,phases   ] GC(63) Pause Mark Start 0.010ms
[7.322s][info][gc,phases   ] GC(63) Concurrent Mark 29.843ms
[7.322s][info][gc,phases   ] GC(63) Pause Mark End 0.015ms
[7.322s][info][gc,phases   ] GC(63) Concurrent Mark Free 0.001ms
[7.323s][info][gc,phases   ] GC(63) Concurrent Process Non-Strong References 0.966ms
[7.323s][info][gc,phases   ] GC(63) Concurrent Reset Relocation Set 0.002ms
[7.328s][info][gc,phases   ] GC(63) Concurrent Select Relocation Set 5.194ms
[7.328s][info][gc,phases   ] GC(63) Pause Relocate Start 0.005ms
[7.332s][info][gc,phases   ] GC(63) Concurrent Relocate 3.575ms
[7.332s][info][gc,load     ] GC(63) Load: 0.00/0.00/0.00
[7.332s][info][gc,mmu      ] GC(63) MMU: 2ms/98.6%, 5ms/99.5%, 10ms/99.7%, 20ms/99.8%, 50ms/99.9%, 100ms/99.9%
[7.332s][info][gc,marking  ] GC(63) Mark: 4 stripe(s), 2 proactive flush(es), 1 terminate flush(es), 0 completion(s), 0 continuation(s) 
[7.332s][info][gc,marking  ] GC(63) Mark Stack Usage: 32M
[7.332s][info][gc,nmethod  ] GC(63) NMethods: 1340 registered, 39 unregistered
[7.332s][info][gc,metaspace] GC(63) Metaspace: 8M used, 8M committed, 1088M reserved
[7.332s][info][gc,ref      ] GC(63) Soft: 174 encountered, 0 discovered, 0 enqueued
[7.332s][info][gc,ref      ] GC(63) Weak: 570 encountered, 226 discovered, 0 enqueued
[7.332s][info][gc,ref      ] GC(63) Final: 0 encountered, 0 discovered, 0 enqueued
[7.332s][info][gc,ref      ] GC(63) Phantom: 21 encountered, 13 discovered, 0 enqueued
[7.332s][info][gc,reloc    ] GC(63) Small Pages: 154 / 308M, Empty: 276M, Relocated: 3M, In-Place: 0
[7.332s][info][gc,reloc    ] GC(63) Medium Pages: 2 / 32M, Empty: 0M, Relocated: 1M, In-Place: 0
[7.332s][info][gc,reloc    ] GC(63) Large Pages: 0 / 0M, Empty: 0M, Relocated: 0M, In-Place: 0
[7.332s][info][gc,reloc    ] GC(63) Forwarding Usage: 1M
[7.332s][info][gc,heap     ] GC(63) Min Capacity: 8M(2%)
[7.332s][info][gc,heap     ] GC(63) Max Capacity: 512M(100%)
[7.332s][info][gc,heap     ] GC(63) Soft Max Capacity: 512M(100%)
[7.332s][info][gc,heap     ] GC(63)                Mark Start          Mark End        Relocate Start      Relocate End           High               Low         
[7.332s][info][gc,heap     ] GC(63)  Capacity:      512M (100%)        512M (100%)        512M (100%)        512M (100%)        512M (100%)        512M (100%)   
[7.332s][info][gc,heap     ] GC(63)      Free:      172M (34%)          90M (18%)         348M (68%)         364M (71%)         366M (71%)          86M (17%)    
[7.332s][info][gc,heap     ] GC(63)      Used:      340M (66%)         422M (82%)         164M (32%)         148M (29%)         426M (83%)         146M (29%)    
[7.332s][info][gc,heap     ] GC(63)      Live:         -                16M (3%)           16M (3%)           16M (3%)             -                  -          
[7.332s][info][gc,heap     ] GC(63) Allocated:         -                82M (16%)         100M (20%)         107M (21%)            -                  -          
[7.332s][info][gc,heap     ] GC(63)   Garbage:         -               323M (63%)          47M (9%)           23M (5%)             -                  -          
[7.333s][info][gc,heap     ] GC(63) Reclaimed:         -                  -               276M (54%)         299M (59%)            -                  -          
[7.333s][info][gc          ] GC(63) Garbage Collection (Allocation Rate) 340M(66%)->148M(29%)
[7.380s][info][gc,start    ] GC(64) Garbage Collection (Allocation Rate)
[7.381s][info][gc,task     ] GC(64) Using 5 workers
[7.381s][info][gc,phases   ] GC(64) Pause Mark Start 0.013ms
[7.404s][info][gc,phases   ] GC(64) Concurrent Mark 23.668ms
[7.405s][info][gc,phases   ] GC(64) Pause Mark End 0.018ms
[7.405s][info][gc,phases   ] GC(64) Concurrent Mark Free 0.001ms
[7.406s][info][gc,phases   ] GC(64) Concurrent Process Non-Strong References 1.016ms
[7.406s][info][gc,phases   ] GC(64) Concurrent Reset Relocation Set 0.002ms
[7.409s][info][gc,phases   ] GC(64) Concurrent Select Relocation Set 3.200ms
[7.409s][info][gc,phases   ] GC(64) Pause Relocate Start 0.007ms
[7.413s][info][gc,phases   ] GC(64) Concurrent Relocate 3.427ms
[7.413s][info][gc,load     ] GC(64) Load: 0.00/0.00/0.00
[7.413s][info][gc,mmu      ] GC(64) MMU: 2ms/98.6%, 5ms/99.5%, 10ms/99.7%, 20ms/99.8%, 50ms/99.9%, 100ms/99.9%
[7.413s][info][gc,marking  ] GC(64) Mark: 4 stripe(s), 3 proactive flush(es), 1 terminate flush(es), 0 completion(s), 0 continuation(s) 
[7.413s][info][gc,marking  ] GC(64) Mark Stack Usage: 32M
[7.413s][info][gc,nmethod  ] GC(64) NMethods: 1340 registered, 39 unregistered
[7.413s][info][gc,metaspace] GC(64) Metaspace: 8M used, 8M committed, 1088M reserved
[7.413s][info][gc,ref      ] GC(64) Soft: 174 encountered, 0 discovered, 0 enqueued
[7.413s][info][gc,ref      ] GC(64) Weak: 570 encountered, 245 discovered, 0 enqueued
[7.413s][info][gc,ref      ] GC(64) Final: 0 encountered, 0 discovered, 0 enqueued
[7.413s][info][gc,ref      ] GC(64) Phantom: 21 encountered, 19 discovered, 0 enqueued
[7.413s][info][gc,reloc    ] GC(64) Small Pages: 132 / 264M, Empty: 226M, Relocated: 2M, In-Place: 0
[7.413s][info][gc,reloc    ] GC(64) Medium Pages: 1 / 16M, Empty: 0M, Relocated: 0M, In-Place: 0
[7.413s][info][gc,reloc    ] GC(64) Large Pages: 0 / 0M, Empty: 0M, Relocated: 0M, In-Place: 0
[7.413s][info][gc,reloc    ] GC(64) Forwarding Usage: 1M
[7.413s][info][gc,heap     ] GC(64) Min Capacity: 8M(2%)
[7.413s][info][gc,heap     ] GC(64) Max Capacity: 512M(100%)
[7.413s][info][gc,heap     ] GC(64) Soft Max Capacity: 512M(100%)
[7.413s][info][gc,heap     ] GC(64)                Mark Start          Mark End        Relocate Start      Relocate End           High               Low         
[7.413s][info][gc,heap     ] GC(64)  Capacity:      512M (100%)        512M (100%)        512M (100%)        512M (100%)        512M (100%)        512M (100%)   
[7.413s][info][gc,heap     ] GC(64)      Free:      232M (45%)         176M (34%)         390M (76%)         400M (78%)         400M (78%)         172M (34%)    
[7.413s][info][gc,heap     ] GC(64)      Used:      280M (55%)         336M (66%)         122M (24%)         112M (22%)         340M (66%)         112M (22%)    
[7.413s][info][gc,heap     ] GC(64)      Live:         -                17M (3%)           17M (3%)           17M (3%)             -                  -          
[7.413s][info][gc,heap     ] GC(64) Allocated:         -                56M (11%)          68M (13%)          69M (14%)            -                  -          
[7.413s][info][gc,heap     ] GC(64)   Garbage:         -               262M (51%)          36M (7%)           24M (5%)             -                  -          
[7.413s][info][gc,heap     ] GC(64) Reclaimed:         -                  -               226M (44%)         237M (46%)            -                  -          
[7.413s][info][gc          ] GC(64) Garbage Collection (Allocation Rate) 280M(55%)->112M(22%)
[7.480s][info][gc,start    ] GC(65) Garbage Collection (Allocation Rate)
[7.480s][info][gc,task     ] GC(65) Using 5 workers
[7.480s][info][gc,phases   ] GC(65) Pause Mark Start 0.012ms
[7.500s][info][gc,phases   ] GC(65) Concurrent Mark 19.706ms
[7.500s][info][gc,phases   ] GC(65) Pause Mark End 0.013ms
[7.500s][info][gc,phases   ] GC(65) Concurrent Mark Free 0.001ms
[7.501s][info][gc,phases   ] GC(65) Concurrent Process Non-Strong References 0.854ms
[7.501s][info][gc,phases   ] GC(65) Concurrent Reset Relocation Set 0.003ms
[7.507s][info][gc,phases   ] GC(65) Concurrent Select Relocation Set 5.486ms
[7.507s][info][gc,phases   ] GC(65) Pause Relocate Start 0.006ms
[7.511s][info][gc,phases   ] GC(65) Concurrent Relocate 3.730ms
[7.511s][info][gc,load     ] GC(65) Load: 0.00/0.00/0.00
[7.511s][info][gc,mmu      ] GC(65) MMU: 2ms/98.6%, 5ms/99.5%, 10ms/99.7%, 20ms/99.8%, 50ms/99.9%, 100ms/99.9%
[7.511s][info][gc,marking  ] GC(65) Mark: 4 stripe(s), 2 proactive flush(es), 1 terminate flush(es), 0 completion(s), 0 continuation(s) 
[7.511s][info][gc,marking  ] GC(65) Mark Stack Usage: 32M
[7.511s][info][gc,nmethod  ] GC(65) NMethods: 1340 registered, 39 unregistered
[7.511s][info][gc,metaspace] GC(65) Metaspace: 8M used, 8M committed, 1088M reserved
[7.511s][info][gc,ref      ] GC(65) Soft: 174 encountered, 0 discovered, 0 enqueued
[7.511s][info][gc,ref      ] GC(65) Weak: 570 encountered, 309 discovered, 0 enqueued
[7.511s][info][gc,ref      ] GC(65) Final: 0 encountered, 0 discovered, 0 enqueued
[7.511s][info][gc,ref      ] GC(65) Phantom: 21 encountered, 14 discovered, 0 enqueued
[7.511s][info][gc,reloc    ] GC(65) Small Pages: 132 / 264M, Empty: 228M, Relocated: 3M, In-Place: 0
[7.511s][info][gc,reloc    ] GC(65) Medium Pages: 1 / 16M, Empty: 0M, Relocated: 0M, In-Place: 0
[7.511s][info][gc,reloc    ] GC(65) Large Pages: 0 / 0M, Empty: 0M, Relocated: 0M, In-Place: 0
[7.511s][info][gc,reloc    ] GC(65) Forwarding Usage: 1M
[7.511s][info][gc,heap     ] GC(65) Min Capacity: 8M(2%)
[7.511s][info][gc,heap     ] GC(65) Max Capacity: 512M(100%)
[7.511s][info][gc,heap     ] GC(65) Soft Max Capacity: 512M(100%)
[7.511s][info][gc,heap     ] GC(65)                Mark Start          Mark End        Relocate Start      Relocate End           High               Low         
[7.511s][info][gc,heap     ] GC(65)  Capacity:      512M (100%)        512M (100%)        512M (100%)        512M (100%)        512M (100%)        512M (100%)   
[7.511s][info][gc,heap     ] GC(65)      Free:      232M (45%)         180M (35%)         390M (76%)         390M (76%)         396M (77%)         178M (35%)    
[7.511s][info][gc,heap     ] GC(65)      Used:      280M (55%)         332M (65%)         122M (24%)         122M (24%)         334M (65%)         116M (23%)    
[7.511s][info][gc,heap     ] GC(65)      Live:         -                18M (4%)           18M (4%)           18M (4%)             -                  -          
[7.512s][info][gc,heap     ] GC(65) Allocated:         -                52M (10%)          70M (14%)          79M (16%)            -                  -          
[7.512s][info][gc,heap     ] GC(65)   Garbage:         -               261M (51%)          33M (7%)           23M (5%)             -                  -          
[7.512s][info][gc,heap     ] GC(65) Reclaimed:         -                  -               228M (45%)         237M (46%)            -                  -          
[7.512s][info][gc          ] GC(65) Garbage Collection (Allocation Rate) 280M(55%)->122M(24%)
[7.580s][info][gc,start    ] GC(66) Garbage Collection (Allocation Rate)
[7.580s][info][gc,task     ] GC(66) Using 5 workers
[7.580s][info][gc,phases   ] GC(66) Pause Mark Start 0.009ms
[7.600s][info][gc,phases   ] GC(66) Concurrent Mark 19.661ms
[7.600s][info][gc,phases   ] GC(66) Pause Mark End 0.009ms
[7.600s][info][gc,phases   ] GC(66) Concurrent Mark Free 0.001ms
[7.601s][info][gc,phases   ] GC(66) Concurrent Process Non-Strong References 0.744ms
[7.601s][info][gc,phases   ] GC(66) Concurrent Reset Relocation Set 0.003ms
[7.607s][info][gc,phases   ] GC(66) Concurrent Select Relocation Set 5.841ms
[7.607s][info][gc,phases   ] GC(66) Pause Relocate Start 0.004ms
[7.610s][info][gc,phases   ] GC(66) Concurrent Relocate 3.377ms
[7.611s][info][gc,load     ] GC(66) Load: 0.00/0.00/0.00
[7.611s][info][gc,mmu      ] GC(66) MMU: 2ms/98.6%, 5ms/99.5%, 10ms/99.7%, 20ms/99.8%, 50ms/99.9%, 100ms/99.9%
[7.611s][info][gc,marking  ] GC(66) Mark: 4 stripe(s), 2 proactive flush(es), 1 terminate flush(es), 0 completion(s), 0 continuation(s) 
[7.611s][info][gc,marking  ] GC(66) Mark Stack Usage: 32M
[7.611s][info][gc,nmethod  ] GC(66) NMethods: 1340 registered, 39 unregistered
[7.611s][info][gc,metaspace] GC(66) Metaspace: 8M used, 8M committed, 1088M reserved
[7.611s][info][gc,ref      ] GC(66) Soft: 174 encountered, 0 discovered, 0 enqueued
[7.611s][info][gc,ref      ] GC(66) Weak: 570 encountered, 293 discovered, 0 enqueued
[7.611s][info][gc,ref      ] GC(66) Final: 0 encountered, 0 discovered, 0 enqueued
[7.611s][info][gc,ref      ] GC(66) Phantom: 21 encountered, 12 discovered, 0 enqueued
[7.611s][info][gc,reloc    ] GC(66) Small Pages: 128 / 256M, Empty: 224M, Relocated: 5M, In-Place: 0
[7.611s][info][gc,reloc    ] GC(66) Medium Pages: 1 / 16M, Empty: 0M, Relocated: 0M, In-Place: 0
[7.611s][info][gc,reloc    ] GC(66) Large Pages: 0 / 0M, Empty: 0M, Relocated: 0M, In-Place: 0
[7.611s][info][gc,reloc    ] GC(66) Forwarding Usage: 2M
[7.611s][info][gc,heap     ] GC(66) Min Capacity: 8M(2%)
[7.611s][info][gc,heap     ] GC(66) Max Capacity: 512M(100%)
[7.611s][info][gc,heap     ] GC(66) Soft Max Capacity: 512M(100%)
[7.611s][info][gc,heap     ] GC(66)                Mark Start          Mark End        Relocate Start      Relocate End           High               Low         
[7.611s][info][gc,heap     ] GC(66)  Capacity:      512M (100%)        512M (100%)        512M (100%)        512M (100%)        512M (100%)        512M (100%)   
[7.611s][info][gc,heap     ] GC(66)      Free:      240M (47%)         218M (43%)         430M (84%)         432M (84%)         434M (85%)         216M (42%)    
[7.611s][info][gc,heap     ] GC(66)      Used:      272M (53%)         294M (57%)          82M (16%)          80M (16%)         296M (58%)          78M (15%)    
[7.611s][info][gc,heap     ] GC(66)      Live:         -                18M (4%)           18M (4%)           18M (4%)             -                  -          
[7.611s][info][gc,heap     ] GC(66) Allocated:         -                22M (4%)           34M (7%)           39M (8%)             -                  -          
[7.611s][info][gc,heap     ] GC(66)   Garbage:         -               253M (49%)          29M (6%)           21M (4%)             -                  -          
[7.611s][info][gc,heap     ] GC(66) Reclaimed:         -                  -               224M (44%)         231M (45%)            -                  -          
[7.611s][info][gc          ] GC(66) Garbage Collection (Allocation Rate) 272M(53%)->80M(16%)
[7.680s][info][gc,start    ] GC(67) Garbage Collection (Allocation Rate)
[7.680s][info][gc,task     ] GC(67) Using 5 workers
[7.680s][info][gc,phases   ] GC(67) Pause Mark Start 0.015ms
[7.703s][info][gc,phases   ] GC(67) Concurrent Mark 22.613ms
[7.703s][info][gc,phases   ] GC(67) Pause Mark End 0.012ms
[7.703s][info][gc,phases   ] GC(67) Concurrent Mark Free 0.001ms
[7.704s][info][gc,phases   ] GC(67) Concurrent Process Non-Strong References 0.788ms
[7.704s][info][gc,phases   ] GC(67) Concurrent Reset Relocation Set 0.002ms
[7.708s][info][gc,phases   ] GC(67) Concurrent Select Relocation Set 3.786ms
[7.708s][info][gc,phases   ] GC(67) Pause Relocate Start 0.005ms
[7.711s][info][gc,phases   ] GC(67) Concurrent Relocate 2.848ms
[7.711s][info][gc,load     ] GC(67) Load: 0.00/0.00/0.00
[7.711s][info][gc,mmu      ] GC(67) MMU: 2ms/98.6%, 5ms/99.5%, 10ms/99.7%, 20ms/99.8%, 50ms/99.9%, 100ms/99.9%
[7.711s][info][gc,marking  ] GC(67) Mark: 4 stripe(s), 2 proactive flush(es), 1 terminate flush(es), 0 completion(s), 0 continuation(s) 
[7.711s][info][gc,marking  ] GC(67) Mark Stack Usage: 32M
[7.711s][info][gc,nmethod  ] GC(67) NMethods: 1340 registered, 39 unregistered
[7.711s][info][gc,metaspace] GC(67) Metaspace: 8M used, 8M committed, 1088M reserved
[7.711s][info][gc,ref      ] GC(67) Soft: 174 encountered, 0 discovered, 0 enqueued
[7.711s][info][gc,ref      ] GC(67) Weak: 570 encountered, 342 discovered, 0 enqueued
[7.711s][info][gc,ref      ] GC(67) Final: 0 encountered, 0 discovered, 0 enqueued
[7.711s][info][gc,ref      ] GC(67) Phantom: 21 encountered, 9 discovered, 0 enqueued
[7.711s][info][gc,reloc    ] GC(67) Small Pages: 84 / 168M, Empty: 136M, Relocated: 2M, In-Place: 0
[7.711s][info][gc,reloc    ] GC(67) Medium Pages: 2 / 32M, Empty: 0M, Relocated: 1M, In-Place: 0
[7.711s][info][gc,reloc    ] GC(67) Large Pages: 0 / 0M, Empty: 0M, Relocated: 0M, In-Place: 0
[7.711s][info][gc,reloc    ] GC(67) Forwarding Usage: 1M
[7.711s][info][gc,heap     ] GC(67) Min Capacity: 8M(2%)
[7.711s][info][gc,heap     ] GC(67) Max Capacity: 512M(100%)
[7.711s][info][gc,heap     ] GC(67) Soft Max Capacity: 512M(100%)
[7.711s][info][gc,heap     ] GC(67)                Mark Start          Mark End        Relocate Start      Relocate End           High               Low         
[7.711s][info][gc,heap     ] GC(67)  Capacity:      512M (100%)        512M (100%)        512M (100%)        512M (100%)        512M (100%)        512M (100%)   
[7.711s][info][gc,heap     ] GC(67)      Free:      312M (61%)         288M (56%)         422M (82%)         444M (87%)         444M (87%)         288M (56%)    
[7.712s][info][gc,heap     ] GC(67)      Used:      200M (39%)         224M (44%)          90M (18%)          68M (13%)         224M (44%)          68M (13%)    
[7.712s][info][gc,heap     ] GC(67)      Live:         -                21M (4%)           21M (4%)           21M (4%)             -                  -          
[7.712s][info][gc,heap     ] GC(67) Allocated:         -                24M (5%)           26M (5%)           25M (5%)             -                  -          
[7.712s][info][gc,heap     ] GC(67)   Garbage:         -               178M (35%)          42M (8%)           20M (4%)             -                  -          
[7.712s][info][gc,heap     ] GC(67) Reclaimed:         -                  -               136M (27%)         157M (31%)            -                  -          
[7.712s][info][gc          ] GC(67) Garbage Collection (Allocation Rate) 200M(39%)->68M(13%)
[7.781s][info][gc,start    ] GC(68) Garbage Collection (Allocation Rate)
[7.781s][info][gc,task     ] GC(68) Using 5 workers
[7.781s][info][gc,phases   ] GC(68) Pause Mark Start 0.013ms
[7.804s][info][gc,phases   ] GC(68) Concurrent Mark 22.722ms
[7.804s][info][gc,phases   ] GC(68) Pause Mark End 0.015ms
[7.804s][info][gc,phases   ] GC(68) Concurrent Mark Free 0.001ms
[7.805s][info][gc,phases   ] GC(68) Concurrent Process Non-Strong References 0.804ms
[7.805s][info][gc,phases   ] GC(68) Concurrent Reset Relocation Set 0.002ms
[7.811s][info][gc,phases   ] GC(68) Concurrent Select Relocation Set 5.985ms
[7.811s][info][gc,phases   ] GC(68) Pause Relocate Start 0.006ms
[7.814s][info][gc,phases   ] GC(68) Concurrent Relocate 3.054ms
[7.814s][info][gc,load     ] GC(68) Load: 0.00/0.00/0.00
[7.814s][info][gc,mmu      ] GC(68) MMU: 2ms/98.6%, 5ms/99.5%, 10ms/99.7%, 20ms/99.8%, 50ms/99.9%, 100ms/99.9%
[7.814s][info][gc,marking  ] GC(68) Mark: 4 stripe(s), 3 proactive flush(es), 1 terminate flush(es), 0 completion(s), 0 continuation(s) 
[7.814s][info][gc,marking  ] GC(68) Mark Stack Usage: 32M
[7.814s][info][gc,nmethod  ] GC(68) NMethods: 1340 registered, 39 unregistered
[7.814s][info][gc,metaspace] GC(68) Metaspace: 8M used, 8M committed, 1088M reserved
[7.814s][info][gc,ref      ] GC(68) Soft: 174 encountered, 0 discovered, 0 enqueued
[7.814s][info][gc,ref      ] GC(68) Weak: 570 encountered, 250 discovered, 0 enqueued
[7.814s][info][gc,ref      ] GC(68) Final: 0 encountered, 0 discovered, 0 enqueued
[7.814s][info][gc,ref      ] GC(68) Phantom: 21 encountered, 15 discovered, 0 enqueued
[7.814s][info][gc,reloc    ] GC(68) Small Pages: 112 / 224M, Empty: 182M, Relocated: 5M, In-Place: 0
[7.814s][info][gc,reloc    ] GC(68) Medium Pages: 2 / 32M, Empty: 0M, Relocated: 1M, In-Place: 0
[7.814s][info][gc,reloc    ] GC(68) Large Pages: 0 / 0M, Empty: 0M, Relocated: 0M, In-Place: 0
[7.815s][info][gc,reloc    ] GC(68) Forwarding Usage: 1M
[7.815s][info][gc,heap     ] GC(68) Min Capacity: 8M(2%)
[7.815s][info][gc,heap     ] GC(68) Max Capacity: 512M(100%)
[7.815s][info][gc,heap     ] GC(68) Soft Max Capacity: 512M(100%)
[7.815s][info][gc,heap     ] GC(68)                Mark Start          Mark End        Relocate Start      Relocate End           High               Low         
[7.815s][info][gc,heap     ] GC(68)  Capacity:      512M (100%)        512M (100%)        512M (100%)        512M (100%)        512M (100%)        512M (100%)   
[7.815s][info][gc,heap     ] GC(68)      Free:      256M (50%)         194M (38%)         358M (70%)         380M (74%)         380M (74%)         190M (37%)    
[7.815s][info][gc,heap     ] GC(68)      Used:      256M (50%)         318M (62%)         154M (30%)         132M (26%)         322M (63%)         132M (26%)    
[7.815s][info][gc,heap     ] GC(68)      Live:         -                19M (4%)           19M (4%)           19M (4%)             -                  -          
[7.815s][info][gc,heap     ] GC(68) Allocated:         -                62M (12%)          80M (16%)          87M (17%)            -                  -          
[7.815s][info][gc,heap     ] GC(68)   Garbage:         -               236M (46%)          54M (11%)          24M (5%)             -                  -          
[7.815s][info][gc,heap     ] GC(68) Reclaimed:         -                  -               182M (36%)         211M (41%)            -                  -          
[7.815s][info][gc          ] GC(68) Garbage Collection (Allocation Rate) 256M(50%)->132M(26%)
[7.881s][info][gc,start    ] GC(69) Garbage Collection (Allocation Rate)
[7.881s][info][gc,task     ] GC(69) Using 5 workers
[7.881s][info][gc,phases   ] GC(69) Pause Mark Start 0.009ms
[7.908s][info][gc,phases   ] GC(69) Concurrent Mark 26.734ms
[7.908s][info][gc,phases   ] GC(69) Pause Mark End 0.011ms
[7.908s][info][gc,phases   ] GC(69) Concurrent Mark Free 0.001ms
[7.909s][info][gc,phases   ] GC(69) Concurrent Process Non-Strong References 0.859ms
[7.909s][info][gc,phases   ] GC(69) Concurrent Reset Relocation Set 0.002ms
[7.916s][info][gc,phases   ] GC(69) Concurrent Select Relocation Set 7.129ms
[7.916s][info][gc,phases   ] GC(69) Pause Relocate Start 0.007ms
[7.920s][info][gc,phases   ] GC(69) Concurrent Relocate 3.932ms
[7.920s][info][gc,load     ] GC(69) Load: 0.00/0.00/0.00
[7.920s][info][gc,mmu      ] GC(69) MMU: 2ms/98.6%, 5ms/99.5%, 10ms/99.7%, 20ms/99.8%, 50ms/99.9%, 100ms/99.9%
[7.920s][info][gc,marking  ] GC(69) Mark: 4 stripe(s), 6 proactive flush(es), 1 terminate flush(es), 0 completion(s), 0 continuation(s) 
[7.920s][info][gc,marking  ] GC(69) Mark Stack Usage: 32M
[7.920s][info][gc,nmethod  ] GC(69) NMethods: 1340 registered, 39 unregistered
[7.920s][info][gc,metaspace] GC(69) Metaspace: 8M used, 8M committed, 1088M reserved
[7.920s][info][gc,ref      ] GC(69) Soft: 174 encountered, 0 discovered, 0 enqueued
[7.920s][info][gc,ref      ] GC(69) Weak: 570 encountered, 175 discovered, 0 enqueued
[7.920s][info][gc,ref      ] GC(69) Final: 0 encountered, 0 discovered, 0 enqueued
[7.920s][info][gc,ref      ] GC(69) Phantom: 21 encountered, 17 discovered, 0 enqueued
[7.920s][info][gc,reloc    ] GC(69) Small Pages: 149 / 298M, Empty: 250M, Relocated: 6M, In-Place: 0
[7.920s][info][gc,reloc    ] GC(69) Medium Pages: 1 / 16M, Empty: 0M, Relocated: 0M, In-Place: 0
[7.920s][info][gc,reloc    ] GC(69) Large Pages: 0 / 0M, Empty: 0M, Relocated: 0M, In-Place: 0
[7.920s][info][gc,reloc    ] GC(69) Forwarding Usage: 3M
[7.920s][info][gc,heap     ] GC(69) Min Capacity: 8M(2%)
[7.920s][info][gc,heap     ] GC(69) Max Capacity: 512M(100%)
[7.920s][info][gc,heap     ] GC(69) Soft Max Capacity: 512M(100%)
[7.920s][info][gc,heap     ] GC(69)                Mark Start          Mark End        Relocate Start      Relocate End           High               Low         
[7.921s][info][gc,heap     ] GC(69)  Capacity:      512M (100%)        512M (100%)        512M (100%)        512M (100%)        512M (100%)        512M (100%)   
[7.921s][info][gc,heap     ] GC(69)      Free:      198M (39%)         128M (25%)         358M (70%)         368M (72%)         370M (72%)         126M (25%)    
[7.921s][info][gc,heap     ] GC(69)      Used:      314M (61%)         384M (75%)         154M (30%)         144M (28%)         386M (75%)         142M (28%)    
[7.921s][info][gc,heap     ] GC(69)      Live:         -                20M (4%)           20M (4%)           20M (4%)             -                  -          
[7.921s][info][gc,heap     ] GC(69) Allocated:         -                70M (14%)          90M (18%)          99M (20%)            -                  -          
[7.921s][info][gc,heap     ] GC(69)   Garbage:         -               293M (57%)          43M (8%)           23M (5%)             -                  -          
[7.921s][info][gc,heap     ] GC(69) Reclaimed:         -                  -               250M (49%)         269M (53%)            -                  -          
[7.921s][info][gc          ] GC(69) Garbage Collection (Allocation Rate) 314M(61%)->144M(28%)
[7.981s][info][gc,start    ] GC(70) Garbage Collection (Allocation Rate)
[7.981s][info][gc,task     ] GC(70) Using 5 workers
[7.981s][info][gc,phases   ] GC(70) Pause Mark Start 0.012ms
[8.014s][info][gc,phases   ] GC(70) Concurrent Mark 33.536ms
[8.014s][info][gc,phases   ] GC(70) Pause Mark End 0.012ms
[8.014s][info][gc,phases   ] GC(70) Concurrent Mark Free 0.001ms
[8.015s][info][gc,phases   ] GC(70) Concurrent Process Non-Strong References 0.809ms
[8.015s][info][gc,phases   ] GC(70) Concurrent Reset Relocation Set 0.003ms
[8.019s][info][gc,phases   ] GC(70) Concurrent Select Relocation Set 3.991ms
[8.019s][info][gc,phases   ] GC(70) Pause Relocate Start 0.006ms
[8.022s][info][gc,phases   ] GC(70) Concurrent Relocate 2.138ms
[8.022s][info][gc,load     ] GC(70) Load: 0.00/0.00/0.00
[8.022s][info][gc,mmu      ] GC(70) MMU: 2ms/98.6%, 5ms/99.5%, 10ms/99.7%, 20ms/99.8%, 50ms/99.9%, 100ms/99.9%
[8.022s][info][gc,marking  ] GC(70) Mark: 4 stripe(s), 2 proactive flush(es), 1 terminate flush(es), 0 completion(s), 0 continuation(s) 
[8.022s][info][gc,marking  ] GC(70) Mark Stack Usage: 32M
[8.022s][info][gc,nmethod  ] GC(70) NMethods: 1340 registered, 39 unregistered
[8.022s][info][gc,metaspace] GC(70) Metaspace: 8M used, 8M committed, 1088M reserved
[8.022s][info][gc,ref      ] GC(70) Soft: 174 encountered, 0 discovered, 0 enqueued
[8.022s][info][gc,ref      ] GC(70) Weak: 570 encountered, 170 discovered, 0 enqueued
[8.022s][info][gc,ref      ] GC(70) Final: 0 encountered, 0 discovered, 0 enqueued
[8.022s][info][gc,ref      ] GC(70) Phantom: 21 encountered, 18 discovered, 0 enqueued
[8.022s][info][gc,reloc    ] GC(70) Small Pages: 137 / 274M, Empty: 230M, Relocated: 3M, In-Place: 0
[8.022s][info][gc,reloc    ] GC(70) Medium Pages: 2 / 32M, Empty: 0M, Relocated: 1M, In-Place: 0
[8.022s][info][gc,reloc    ] GC(70) Large Pages: 0 / 0M, Empty: 0M, Relocated: 0M, In-Place: 0
[8.022s][info][gc,reloc    ] GC(70) Forwarding Usage: 1M
[8.022s][info][gc,heap     ] GC(70) Min Capacity: 8M(2%)
[8.022s][info][gc,heap     ] GC(70) Max Capacity: 512M(100%)
[8.022s][info][gc,heap     ] GC(70) Soft Max Capacity: 512M(100%)
[8.022s][info][gc,heap     ] GC(70)                Mark Start          Mark End        Relocate Start      Relocate End           High               Low         
[8.022s][info][gc,heap     ] GC(70)  Capacity:      512M (100%)        512M (100%)        512M (100%)        512M (100%)        512M (100%)        512M (100%)   
[8.022s][info][gc,heap     ] GC(70)      Free:      206M (40%)         118M (23%)         334M (65%)         356M (70%)         356M (70%)         114M (22%)    
[8.022s][info][gc,heap     ] GC(70)      Used:      306M (60%)         394M (77%)         178M (35%)         156M (30%)         398M (78%)         156M (30%)    
[8.022s][info][gc,heap     ] GC(70)      Live:         -                21M (4%)           21M (4%)           21M (4%)             -                  -          
[8.022s][info][gc,heap     ] GC(70) Allocated:         -                88M (17%)         102M (20%)         107M (21%)            -                  -          
[8.022s][info][gc,heap     ] GC(70)   Garbage:         -               284M (56%)          54M (11%)          26M (5%)             -                  -          
[8.022s][info][gc,heap     ] GC(70) Reclaimed:         -                  -               230M (45%)         257M (50%)            -                  -          
[8.022s][info][gc          ] GC(70) Garbage Collection (Allocation Rate) 306M(60%)->156M(30%)
[8.092s][info][gc,start    ] GC(71) Garbage Collection (Allocation Rate)
[8.093s][info][gc,task     ] GC(71) Using 5 workers
[8.093s][info][gc,phases   ] GC(71) Pause Mark Start 0.010ms
[8.124s][info][gc,phases   ] GC(71) Concurrent Mark 30.970ms
[8.124s][info][gc,phases   ] GC(71) Pause Mark End 0.013ms
[8.124s][info][gc,phases   ] GC(71) Concurrent Mark Free 0.001ms
[8.125s][info][gc,phases   ] GC(71) Concurrent Process Non-Strong References 0.917ms
[8.125s][info][gc,phases   ] GC(71) Concurrent Reset Relocation Set 0.002ms
[8.131s][info][gc,phases   ] GC(71) Concurrent Select Relocation Set 6.313ms
[8.131s][info][gc,phases   ] GC(71) Pause Relocate Start 0.005ms
[8.134s][info][gc,phases   ] GC(71) Concurrent Relocate 3.088ms
[8.134s][info][gc,load     ] GC(71) Load: 0.00/0.00/0.00
[8.134s][info][gc,mmu      ] GC(71) MMU: 2ms/98.6%, 5ms/99.5%, 10ms/99.7%, 20ms/99.8%, 50ms/99.9%, 100ms/99.9%
[8.135s][info][gc,marking  ] GC(71) Mark: 4 stripe(s), 2 proactive flush(es), 1 terminate flush(es), 0 completion(s), 0 continuation(s) 
[8.135s][info][gc,marking  ] GC(71) Mark Stack Usage: 32M
[8.135s][info][gc,nmethod  ] GC(71) NMethods: 1340 registered, 39 unregistered
[8.135s][info][gc,metaspace] GC(71) Metaspace: 8M used, 8M committed, 1088M reserved
[8.135s][info][gc,ref      ] GC(71) Soft: 174 encountered, 0 discovered, 0 enqueued
[8.135s][info][gc,ref      ] GC(71) Weak: 570 encountered, 187 discovered, 0 enqueued
[8.135s][info][gc,ref      ] GC(71) Final: 0 encountered, 0 discovered, 0 enqueued
[8.135s][info][gc,ref      ] GC(71) Phantom: 21 encountered, 18 discovered, 0 enqueued
[8.135s][info][gc,reloc    ] GC(71) Small Pages: 168 / 336M, Empty: 288M, Relocated: 5M, In-Place: 0
[8.135s][info][gc,reloc    ] GC(71) Medium Pages: 1 / 16M, Empty: 0M, Relocated: 0M, In-Place: 0
[8.135s][info][gc,reloc    ] GC(71) Large Pages: 0 / 0M, Empty: 0M, Relocated: 0M, In-Place: 0
[8.135s][info][gc,reloc    ] GC(71) Forwarding Usage: 2M
[8.135s][info][gc,heap     ] GC(71) Min Capacity: 8M(2%)
[8.135s][info][gc,heap     ] GC(71) Max Capacity: 512M(100%)
[8.135s][info][gc,heap     ] GC(71) Soft Max Capacity: 512M(100%)
[8.135s][info][gc,heap     ] GC(71)                Mark Start          Mark End        Relocate Start      Relocate End           High               Low         
[8.135s][info][gc,heap     ] GC(71)  Capacity:      512M (100%)        512M (100%)        512M (100%)        512M (100%)        512M (100%)        512M (100%)   
[8.135s][info][gc,heap     ] GC(71)      Free:      160M (31%)          84M (16%)         358M (70%)         368M (72%)         368M (72%)          82M (16%)    
[8.135s][info][gc,heap     ] GC(71)      Used:      352M (69%)         428M (84%)         154M (30%)         144M (28%)         430M (84%)         144M (28%)    
[8.135s][info][gc,heap     ] GC(71)      Live:         -                22M (4%)           22M (4%)           22M (4%)             -                  -          
[8.135s][info][gc,heap     ] GC(71) Allocated:         -                76M (15%)          90M (18%)          97M (19%)            -                  -          
[8.135s][info][gc,heap     ] GC(71)   Garbage:         -               329M (64%)          41M (8%)           23M (5%)             -                  -          
[8.135s][info][gc,heap     ] GC(71) Reclaimed:         -                  -               288M (56%)         305M (60%)            -                  -          
[8.135s][info][gc          ] GC(71) Garbage Collection (Allocation Rate) 352M(69%)->144M(28%)
[8.186s][info][gc,start    ] GC(72) Garbage Collection (Allocation Rate)
[8.186s][info][gc,task     ] GC(72) Using 5 workers
[8.186s][info][gc,phases   ] GC(72) Pause Mark Start 0.011ms
[8.233s][info][gc,phases   ] GC(72) Concurrent Mark 46.645ms
[8.233s][info][gc,phases   ] GC(72) Pause Mark End 0.016ms
[8.233s][info][gc,phases   ] GC(72) Concurrent Mark Free 0.001ms
[8.234s][info][gc,phases   ] GC(72) Concurrent Process Non-Strong References 1.064ms
[8.234s][info][gc,phases   ] GC(72) Concurrent Reset Relocation Set 0.003ms
[8.242s][info][gc,phases   ] GC(72) Concurrent Select Relocation Set 7.642ms
[8.242s][info][gc,phases   ] GC(72) Pause Relocate Start 0.006ms
[8.247s][info][gc,phases   ] GC(72) Concurrent Relocate 5.138ms
[8.247s][info][gc,load     ] GC(72) Load: 0.00/0.00/0.00
[8.247s][info][gc,mmu      ] GC(72) MMU: 2ms/98.6%, 5ms/99.5%, 10ms/99.7%, 20ms/99.8%, 50ms/99.9%, 100ms/99.9%
[8.248s][info][gc,marking  ] GC(72) Mark: 4 stripe(s), 3 proactive flush(es), 1 terminate flush(es), 0 completion(s), 0 continuation(s) 
[8.248s][info][gc,marking  ] GC(72) Mark Stack Usage: 32M
[8.248s][info][gc,nmethod  ] GC(72) NMethods: 1340 registered, 39 unregistered
[8.248s][info][gc,metaspace] GC(72) Metaspace: 8M used, 8M committed, 1088M reserved
[8.248s][info][gc,ref      ] GC(72) Soft: 174 encountered, 0 discovered, 0 enqueued
[8.248s][info][gc,ref      ] GC(72) Weak: 570 encountered, 139 discovered, 0 enqueued
[8.248s][info][gc,ref      ] GC(72) Final: 0 encountered, 0 discovered, 0 enqueued
[8.248s][info][gc,ref      ] GC(72) Phantom: 21 encountered, 18 discovered, 0 enqueued
[8.248s][info][gc,reloc    ] GC(72) Small Pages: 125 / 250M, Empty: 208M, Relocated: 6M, In-Place: 0
[8.248s][info][gc,reloc    ] GC(72) Medium Pages: 1 / 16M, Empty: 0M, Relocated: 0M, In-Place: 0
[8.248s][info][gc,reloc    ] GC(72) Large Pages: 0 / 0M, Empty: 0M, Relocated: 0M, In-Place: 0
[8.248s][info][gc,reloc    ] GC(72) Forwarding Usage: 3M
[8.248s][info][gc,heap     ] GC(72) Min Capacity: 8M(2%)
[8.248s][info][gc,heap     ] GC(72) Max Capacity: 512M(100%)
[8.248s][info][gc,heap     ] GC(72) Soft Max Capacity: 512M(100%)
[8.248s][info][gc,heap     ] GC(72)                Mark Start          Mark End        Relocate Start      Relocate End           High               Low         
[8.248s][info][gc,heap     ] GC(72)  Capacity:      512M (100%)        512M (100%)        512M (100%)        512M (100%)        512M (100%)        512M (100%)   
[8.248s][info][gc,heap     ] GC(72)      Free:      246M (48%)         118M (23%)         306M (60%)         304M (59%)         314M (61%)         114M (22%)    
[8.248s][info][gc,heap     ] GC(72)      Used:      266M (52%)         394M (77%)         206M (40%)         208M (41%)         398M (78%)         198M (39%)    
[8.248s][info][gc,heap     ] GC(72)      Live:         -                22M (4%)           22M (4%)           22M (4%)             -                  -          
[8.248s][info][gc,heap     ] GC(72) Allocated:         -               128M (25%)         148M (29%)         161M (32%)            -                  -          
[8.248s][info][gc,heap     ] GC(72)   Garbage:         -               243M (48%)          35M (7%)           23M (5%)             -                  -          
[8.248s][info][gc,heap     ] GC(72) Reclaimed:         -                  -               208M (41%)         219M (43%)            -                  -          
[8.248s][info][gc          ] GC(72) Garbage Collection (Allocation Rate) 266M(52%)->208M(41%)
[8.280s][info][gc,start    ] GC(73) Garbage Collection (Allocation Rate)
[8.280s][info][gc,task     ] GC(73) Using 5 workers
[8.280s][info][gc,phases   ] GC(73) Pause Mark Start 0.010ms
[8.311s][info][gc,phases   ] GC(73) Concurrent Mark 31.039ms
[8.311s][info][gc,phases   ] GC(73) Pause Mark End 0.010ms
[8.311s][info][gc,phases   ] GC(73) Concurrent Mark Free 0.001ms
[8.312s][info][gc,phases   ] GC(73) Concurrent Process Non-Strong References 0.803ms
[8.312s][info][gc,phases   ] GC(73) Concurrent Reset Relocation Set 0.002ms
[8.316s][info][gc,phases   ] GC(73) Concurrent Select Relocation Set 4.100ms
[8.316s][info][gc,phases   ] GC(73) Pause Relocate Start 0.004ms
[8.318s][info][gc,phases   ] GC(73) Concurrent Relocate 1.762ms
[8.318s][info][gc,load     ] GC(73) Load: 0.00/0.00/0.00
[8.318s][info][gc,mmu      ] GC(73) MMU: 2ms/98.6%, 5ms/99.5%, 10ms/99.7%, 20ms/99.8%, 50ms/99.9%, 100ms/99.9%
[8.318s][info][gc,marking  ] GC(73) Mark: 4 stripe(s), 2 proactive flush(es), 1 terminate flush(es), 0 completion(s), 0 continuation(s) 
[8.319s][info][gc,marking  ] GC(73) Mark Stack Usage: 32M
[8.319s][info][gc,nmethod  ] GC(73) NMethods: 1340 registered, 39 unregistered
[8.319s][info][gc,metaspace] GC(73) Metaspace: 8M used, 8M committed, 1088M reserved
[8.319s][info][gc,ref      ] GC(73) Soft: 174 encountered, 0 discovered, 0 enqueued
[8.319s][info][gc,ref      ] GC(73) Weak: 570 encountered, 413 discovered, 0 enqueued
[8.319s][info][gc,ref      ] GC(73) Final: 0 encountered, 0 discovered, 0 enqueued
[8.319s][info][gc,ref      ] GC(73) Phantom: 21 encountered, 19 discovered, 0 enqueued
[8.319s][info][gc,reloc    ] GC(73) Small Pages: 140 / 280M, Empty: 232M, Relocated: 1M, In-Place: 0
[8.319s][info][gc,reloc    ] GC(73) Medium Pages: 1 / 16M, Empty: 0M, Relocated: 0M, In-Place: 0
[8.319s][info][gc,reloc    ] GC(73) Large Pages: 0 / 0M, Empty: 0M, Relocated: 0M, In-Place: 0
[8.319s][info][gc,reloc    ] GC(73) Forwarding Usage: 1M
[8.319s][info][gc,heap     ] GC(73) Min Capacity: 8M(2%)
[8.319s][info][gc,heap     ] GC(73) Max Capacity: 512M(100%)
[8.319s][info][gc,heap     ] GC(73) Soft Max Capacity: 512M(100%)
[8.319s][info][gc,heap     ] GC(73)                Mark Start          Mark End        Relocate Start      Relocate End           High               Low         
[8.319s][info][gc,heap     ] GC(73)  Capacity:      512M (100%)        512M (100%)        512M (100%)        512M (100%)        512M (100%)        512M (100%)   
[8.319s][info][gc,heap     ] GC(73)      Free:      216M (42%)         132M (26%)         350M (68%)         360M (70%)         360M (70%)         130M (25%)    
[8.319s][info][gc,heap     ] GC(73)      Used:      296M (58%)         380M (74%)         162M (32%)         152M (30%)         382M (75%)         152M (30%)    
[8.319s][info][gc,heap     ] GC(73)      Live:         -                23M (5%)           23M (5%)           23M (5%)             -                  -          
[8.319s][info][gc,heap     ] GC(73) Allocated:         -                84M (16%)          98M (19%)          99M (20%)            -                  -          
[8.319s][info][gc,heap     ] GC(73)   Garbage:         -               272M (53%)          40M (8%)           28M (6%)             -                  -          
[8.319s][info][gc,heap     ] GC(73) Reclaimed:         -                  -               232M (45%)         243M (48%)            -                  -          
[8.319s][info][gc          ] GC(73) Garbage Collection (Allocation Rate) 296M(58%)->152M(30%)
[8.389s][info][gc,start    ] GC(74) Garbage Collection (Allocation Rate)
[8.389s][info][gc,task     ] GC(74) Using 5 workers
[8.389s][info][gc,phases   ] GC(74) Pause Mark Start 0.016ms
[8.420s][info][gc,phases   ] GC(74) Concurrent Mark 30.924ms
[8.421s][info][gc,phases   ] GC(74) Pause Mark End 0.012ms
[8.421s][info][gc,phases   ] GC(74) Concurrent Mark Free 0.001ms
[8.421s][info][gc,phases   ] GC(74) Concurrent Process Non-Strong References 0.758ms
[8.421s][info][gc,phases   ] GC(74) Concurrent Reset Relocation Set 0.003ms
[8.427s][info][gc,phases   ] GC(74) Concurrent Select Relocation Set 5.465ms
[8.427s][info][gc,phases   ] GC(74) Pause Relocate Start 0.008ms
[8.430s][info][gc,phases   ] GC(74) Concurrent Relocate 3.007ms
[8.430s][info][gc,load     ] GC(74) Load: 0.00/0.00/0.00
[8.430s][info][gc,mmu      ] GC(74) MMU: 2ms/98.6%, 5ms/99.5%, 10ms/99.7%, 20ms/99.8%, 50ms/99.9%, 100ms/99.9%
[8.430s][info][gc,marking  ] GC(74) Mark: 4 stripe(s), 2 proactive flush(es), 1 terminate flush(es), 0 completion(s), 0 continuation(s) 
[8.430s][info][gc,marking  ] GC(74) Mark Stack Usage: 32M
[8.430s][info][gc,nmethod  ] GC(74) NMethods: 1340 registered, 39 unregistered
[8.430s][info][gc,metaspace] GC(74) Metaspace: 8M used, 8M committed, 1088M reserved
[8.430s][info][gc,ref      ] GC(74) Soft: 174 encountered, 0 discovered, 0 enqueued
[8.430s][info][gc,ref      ] GC(74) Weak: 570 encountered, 346 discovered, 0 enqueued
[8.430s][info][gc,ref      ] GC(74) Final: 0 encountered, 0 discovered, 0 enqueued
[8.430s][info][gc,ref      ] GC(74) Phantom: 21 encountered, 11 discovered, 0 enqueued
[8.430s][info][gc,reloc    ] GC(74) Small Pages: 140 / 280M, Empty: 242M, Relocated: 3M, In-Place: 0
[8.430s][info][gc,reloc    ] GC(74) Medium Pages: 2 / 32M, Empty: 0M, Relocated: 2M, In-Place: 0
[8.431s][info][gc,reloc    ] GC(74) Large Pages: 0 / 0M, Empty: 0M, Relocated: 0M, In-Place: 0
[8.431s][info][gc,reloc    ] GC(74) Forwarding Usage: 1M
[8.431s][info][gc,heap     ] GC(74) Min Capacity: 8M(2%)
[8.431s][info][gc,heap     ] GC(74) Max Capacity: 512M(100%)
[8.431s][info][gc,heap     ] GC(74) Soft Max Capacity: 512M(100%)
[8.431s][info][gc,heap     ] GC(74)                Mark Start          Mark End        Relocate Start      Relocate End           High               Low         
[8.431s][info][gc,heap     ] GC(74)  Capacity:      512M (100%)        512M (100%)        512M (100%)        512M (100%)        512M (100%)        512M (100%)   
[8.431s][info][gc,heap     ] GC(74)      Free:      200M (39%)         116M (23%)         340M (66%)         356M (70%)         356M (70%)         112M (22%)    
[8.431s][info][gc,heap     ] GC(74)      Used:      312M (61%)         396M (77%)         172M (34%)         156M (30%)         400M (78%)         156M (30%)    
[8.431s][info][gc,heap     ] GC(74)      Live:         -                25M (5%)           25M (5%)           25M (5%)             -                  -          
[8.431s][info][gc,heap     ] GC(74) Allocated:         -                84M (16%)         102M (20%)         107M (21%)            -                  -          
[8.431s][info][gc,heap     ] GC(74)   Garbage:         -               286M (56%)          44M (9%)           22M (4%)             -                  -          
[8.431s][info][gc,heap     ] GC(74) Reclaimed:         -                  -               242M (47%)         263M (52%)            -                  -          
[8.431s][info][gc          ] GC(74) Garbage Collection (Allocation Rate) 312M(61%)->156M(30%)
[8.483s][info][gc,start    ] GC(75) Garbage Collection (Allocation Rate)
[8.483s][info][gc,task     ] GC(75) Using 5 workers
[8.483s][info][gc,phases   ] GC(75) Pause Mark Start 0.012ms
[8.514s][info][gc,phases   ] GC(75) Concurrent Mark 31.014ms
[8.514s][info][gc,phases   ] GC(75) Pause Mark End 0.015ms
[8.514s][info][gc,phases   ] GC(75) Concurrent Mark Free 0.001ms
[8.515s][info][gc,phases   ] GC(75) Concurrent Process Non-Strong References 0.878ms
[8.515s][info][gc,phases   ] GC(75) Concurrent Reset Relocation Set 0.002ms
[8.522s][info][gc,phases   ] GC(75) Concurrent Select Relocation Set 6.200ms
[8.522s][info][gc,phases   ] GC(75) Pause Relocate Start 0.005ms
[8.525s][info][gc,phases   ] GC(75) Concurrent Relocate 3.164ms
[8.525s][info][gc,load     ] GC(75) Load: 0.00/0.00/0.00
[8.525s][info][gc,mmu      ] GC(75) MMU: 2ms/98.6%, 5ms/99.5%, 10ms/99.7%, 20ms/99.8%, 50ms/99.9%, 100ms/99.9%
[8.525s][info][gc,marking  ] GC(75) Mark: 4 stripe(s), 2 proactive flush(es), 1 terminate flush(es), 0 completion(s), 0 continuation(s) 
[8.525s][info][gc,marking  ] GC(75) Mark Stack Usage: 32M
[8.525s][info][gc,nmethod  ] GC(75) NMethods: 1340 registered, 39 unregistered
[8.525s][info][gc,metaspace] GC(75) Metaspace: 8M used, 8M committed, 1088M reserved
[8.525s][info][gc,ref      ] GC(75) Soft: 174 encountered, 0 discovered, 0 enqueued
[8.525s][info][gc,ref      ] GC(75) Weak: 570 encountered, 239 discovered, 0 enqueued
[8.525s][info][gc,ref      ] GC(75) Final: 0 encountered, 0 discovered, 0 enqueued
[8.525s][info][gc,ref      ] GC(75) Phantom: 21 encountered, 19 discovered, 0 enqueued
[8.525s][info][gc,reloc    ] GC(75) Small Pages: 143 / 286M, Empty: 232M, Relocated: 6M, In-Place: 0
[8.525s][info][gc,reloc    ] GC(75) Medium Pages: 1 / 16M, Empty: 0M, Relocated: 0M, In-Place: 0
[8.525s][info][gc,reloc    ] GC(75) Large Pages: 0 / 0M, Empty: 0M, Relocated: 0M, In-Place: 0
[8.525s][info][gc,reloc    ] GC(75) Forwarding Usage: 3M
[8.525s][info][gc,heap     ] GC(75) Min Capacity: 8M(2%)
[8.525s][info][gc,heap     ] GC(75) Max Capacity: 512M(100%)
[8.525s][info][gc,heap     ] GC(75) Soft Max Capacity: 512M(100%)
[8.525s][info][gc,heap     ] GC(75)                Mark Start          Mark End        Relocate Start      Relocate End           High               Low         
[8.525s][info][gc,heap     ] GC(75)  Capacity:      512M (100%)        512M (100%)        512M (100%)        512M (100%)        512M (100%)        512M (100%)   
[8.525s][info][gc,heap     ] GC(75)      Free:      210M (41%)         126M (25%)         338M (66%)         354M (69%)         354M (69%)         124M (24%)    
[8.526s][info][gc,heap     ] GC(75)      Used:      302M (59%)         386M (75%)         174M (34%)         158M (31%)         388M (76%)         158M (31%)    
[8.526s][info][gc,heap     ] GC(75)      Live:         -                24M (5%)           24M (5%)           24M (5%)             -                  -          
[8.526s][info][gc,heap     ] GC(75) Allocated:         -                84M (16%)         104M (20%)         111M (22%)            -                  -          
[8.526s][info][gc,heap     ] GC(75)   Garbage:         -               277M (54%)          45M (9%)           21M (4%)             -                  -          
[8.526s][info][gc,heap     ] GC(75) Reclaimed:         -                  -               232M (45%)         255M (50%)            -                  -          
[8.526s][info][gc          ] GC(75) Garbage Collection (Allocation Rate) 302M(59%)->158M(31%)
[8.594s][info][gc,start    ] GC(76) Garbage Collection (Allocation Rate)
[8.594s][info][gc,task     ] GC(76) Using 5 workers
[8.594s][info][gc,phases   ] GC(76) Pause Mark Start 0.011ms
[8.626s][info][gc,phases   ] GC(76) Concurrent Mark 31.013ms
[8.626s][info][gc,phases   ] GC(76) Pause Mark End 0.013ms
[8.626s][info][gc,phases   ] GC(76) Concurrent Mark Free 0.001ms
[8.627s][info][gc,phases   ] GC(76) Concurrent Process Non-Strong References 0.898ms
[8.627s][info][gc,phases   ] GC(76) Concurrent Reset Relocation Set 0.003ms
[8.631s][info][gc,phases   ] GC(76) Concurrent Select Relocation Set 3.969ms
[8.631s][info][gc,phases   ] GC(76) Pause Relocate Start 0.005ms
[8.633s][info][gc,phases   ] GC(76) Concurrent Relocate 2.517ms
[8.633s][info][gc,load     ] GC(76) Load: 0.00/0.00/0.00
[8.633s][info][gc,mmu      ] GC(76) MMU: 2ms/98.6%, 5ms/99.5%, 10ms/99.7%, 20ms/99.8%, 50ms/99.9%, 100ms/99.9%
[8.634s][info][gc,marking  ] GC(76) Mark: 4 stripe(s), 2 proactive flush(es), 1 terminate flush(es), 0 completion(s), 0 continuation(s) 
[8.634s][info][gc,marking  ] GC(76) Mark Stack Usage: 32M
[8.634s][info][gc,nmethod  ] GC(76) NMethods: 1340 registered, 39 unregistered
[8.634s][info][gc,metaspace] GC(76) Metaspace: 8M used, 8M committed, 1088M reserved
[8.634s][info][gc,ref      ] GC(76) Soft: 174 encountered, 0 discovered, 0 enqueued
[8.634s][info][gc,ref      ] GC(76) Weak: 570 encountered, 111 discovered, 0 enqueued
[8.634s][info][gc,ref      ] GC(76) Final: 0 encountered, 0 discovered, 0 enqueued
[8.634s][info][gc,ref      ] GC(76) Phantom: 21 encountered, 15 discovered, 0 enqueued
[8.634s][info][gc,reloc    ] GC(76) Small Pages: 146 / 292M, Empty: 242M, Relocated: 3M, In-Place: 0
[8.634s][info][gc,reloc    ] GC(76) Medium Pages: 1 / 16M, Empty: 0M, Relocated: 0M, In-Place: 0
[8.634s][info][gc,reloc    ] GC(76) Large Pages: 0 / 0M, Empty: 0M, Relocated: 0M, In-Place: 0
[8.634s][info][gc,reloc    ] GC(76) Forwarding Usage: 1M
[8.634s][info][gc,heap     ] GC(76) Min Capacity: 8M(2%)
[8.634s][info][gc,heap     ] GC(76) Max Capacity: 512M(100%)
[8.634s][info][gc,heap     ] GC(76) Soft Max Capacity: 512M(100%)
[8.634s][info][gc,heap     ] GC(76)                Mark Start          Mark End        Relocate Start      Relocate End           High               Low         
[8.634s][info][gc,heap     ] GC(76)  Capacity:      512M (100%)        512M (100%)        512M (100%)        512M (100%)        512M (100%)        512M (100%)   
[8.634s][info][gc,heap     ] GC(76)      Free:      204M (40%)         154M (30%)         382M (75%)         390M (76%)         390M (76%)         152M (30%)    
[8.634s][info][gc,heap     ] GC(76)      Used:      308M (60%)         358M (70%)         130M (25%)         122M (24%)         360M (70%)         122M (24%)    
[8.634s][info][gc,heap     ] GC(76)      Live:         -                25M (5%)           25M (5%)           25M (5%)             -                  -          
[8.634s][info][gc,heap     ] GC(76) Allocated:         -                50M (10%)          64M (13%)          69M (14%)            -                  -          
[8.634s][info][gc,heap     ] GC(76)   Garbage:         -               282M (55%)          40M (8%)           26M (5%)             -                  -          
[8.634s][info][gc,heap     ] GC(76) Reclaimed:         -                  -               242M (47%)         255M (50%)            -                  -          
[8.634s][info][gc          ] GC(76) Garbage Collection (Allocation Rate) 308M(60%)->122M(24%)
[8.688s][info][gc,start    ] GC(77) Garbage Collection (Allocation Rate)
[8.688s][info][gc,task     ] GC(77) Using 5 workers
[8.688s][info][gc,phases   ] GC(77) Pause Mark Start 0.011ms
[8.719s][info][gc,phases   ] GC(77) Concurrent Mark 31.003ms
[8.719s][info][gc,phases   ] GC(77) Pause Mark End 0.013ms
[8.719s][info][gc,phases   ] GC(77) Concurrent Mark Free 0.001ms
[8.720s][info][gc,phases   ] GC(77) Concurrent Process Non-Strong References 0.773ms
[8.720s][info][gc,phases   ] GC(77) Concurrent Reset Relocation Set 0.003ms
[8.726s][info][gc,phases   ] GC(77) Concurrent Select Relocation Set 6.054ms
[8.727s][info][gc,phases   ] GC(77) Pause Relocate Start 0.005ms
[8.729s][info][gc,phases   ] GC(77) Concurrent Relocate 2.648ms
[8.729s][info][gc,load     ] GC(77) Load: 0.00/0.00/0.00
[8.729s][info][gc,mmu      ] GC(77) MMU: 2ms/98.6%, 5ms/99.5%, 10ms/99.7%, 20ms/99.8%, 50ms/99.9%, 100ms/99.9%
[8.729s][info][gc,marking  ] GC(77) Mark: 4 stripe(s), 2 proactive flush(es), 1 terminate flush(es), 0 completion(s), 0 continuation(s) 
[8.729s][info][gc,marking  ] GC(77) Mark Stack Usage: 32M
[8.729s][info][gc,nmethod  ] GC(77) NMethods: 1340 registered, 39 unregistered
[8.729s][info][gc,metaspace] GC(77) Metaspace: 8M used, 8M committed, 1088M reserved
[8.729s][info][gc,ref      ] GC(77) Soft: 174 encountered, 0 discovered, 0 enqueued
[8.729s][info][gc,ref      ] GC(77) Weak: 570 encountered, 138 discovered, 0 enqueued
[8.730s][info][gc,ref      ] GC(77) Final: 0 encountered, 0 discovered, 0 enqueued
[8.730s][info][gc,ref      ] GC(77) Phantom: 21 encountered, 19 discovered, 0 enqueued
[8.730s][info][gc,reloc    ] GC(77) Small Pages: 118 / 236M, Empty: 192M, Relocated: 4M, In-Place: 0
[8.730s][info][gc,reloc    ] GC(77) Medium Pages: 2 / 32M, Empty: 0M, Relocated: 2M, In-Place: 0
[8.730s][info][gc,reloc    ] GC(77) Large Pages: 0 / 0M, Empty: 0M, Relocated: 0M, In-Place: 0
[8.730s][info][gc,reloc    ] GC(77) Forwarding Usage: 2M
[8.730s][info][gc,heap     ] GC(77) Min Capacity: 8M(2%)
[8.730s][info][gc,heap     ] GC(77) Max Capacity: 512M(100%)
[8.730s][info][gc,heap     ] GC(77) Soft Max Capacity: 512M(100%)
[8.730s][info][gc,heap     ] GC(77)                Mark Start          Mark End        Relocate Start      Relocate End           High               Low         
[8.730s][info][gc,heap     ] GC(77)  Capacity:      512M (100%)        512M (100%)        512M (100%)        512M (100%)        512M (100%)        512M (100%)   
[8.730s][info][gc,heap     ] GC(77)      Free:      244M (48%)         162M (32%)         336M (66%)         354M (69%)         354M (69%)         160M (31%)    
[8.730s][info][gc,heap     ] GC(77)      Used:      268M (52%)         350M (68%)         176M (34%)         158M (31%)         352M (69%)         158M (31%)    
[8.730s][info][gc,heap     ] GC(77)      Live:         -                26M (5%)           26M (5%)           26M (5%)             -                  -          
[8.730s][info][gc,heap     ] GC(77) Allocated:         -                82M (16%)         100M (20%)         107M (21%)            -                  -          
[8.730s][info][gc,heap     ] GC(77)   Garbage:         -               241M (47%)          49M (10%)          23M (5%)             -                  -          
[8.730s][info][gc,heap     ] GC(77) Reclaimed:         -                  -               192M (38%)         217M (43%)            -                  -          
[8.730s][info][gc          ] GC(77) Garbage Collection (Allocation Rate) 268M(52%)->158M(31%)
[8.782s][info][gc,start    ] GC(78) Garbage Collection (Allocation Rate)
[8.782s][info][gc,task     ] GC(78) Using 5 workers
[8.782s][info][gc,phases   ] GC(78) Pause Mark Start 0.010ms
[8.813s][info][gc,phases   ] GC(78) Concurrent Mark 31.015ms
[8.813s][info][gc,phases   ] GC(78) Pause Mark End 0.013ms
[8.813s][info][gc,phases   ] GC(78) Concurrent Mark Free 0.001ms
[8.814s][info][gc,phases   ] GC(78) Concurrent Process Non-Strong References 0.661ms
[8.814s][info][gc,phases   ] GC(78) Concurrent Reset Relocation Set 0.002ms
[8.821s][info][gc,phases   ] GC(78) Concurrent Select Relocation Set 6.614ms
[8.821s][info][gc,phases   ] GC(78) Pause Relocate Start 0.005ms
[8.824s][info][gc,phases   ] GC(78) Concurrent Relocate 3.724ms
[8.824s][info][gc,load     ] GC(78) Load: 0.00/0.00/0.00
[8.824s][info][gc,mmu      ] GC(78) MMU: 2ms/98.6%, 5ms/99.5%, 10ms/99.7%, 20ms/99.8%, 50ms/99.9%, 100ms/99.9%
[8.825s][info][gc,marking  ] GC(78) Mark: 4 stripe(s), 2 proactive flush(es), 1 terminate flush(es), 0 completion(s), 0 continuation(s) 
[8.825s][info][gc,marking  ] GC(78) Mark Stack Usage: 32M
[8.825s][info][gc,nmethod  ] GC(78) NMethods: 1340 registered, 39 unregistered
[8.825s][info][gc,metaspace] GC(78) Metaspace: 8M used, 8M committed, 1088M reserved
[8.825s][info][gc,ref      ] GC(78) Soft: 174 encountered, 0 discovered, 0 enqueued
[8.825s][info][gc,ref      ] GC(78) Weak: 570 encountered, 107 discovered, 0 enqueued
[8.825s][info][gc,ref      ] GC(78) Final: 0 encountered, 0 discovered, 0 enqueued
[8.825s][info][gc,ref      ] GC(78) Phantom: 21 encountered, 19 discovered, 0 enqueued
[8.825s][info][gc,reloc    ] GC(78) Small Pages: 143 / 286M, Empty: 232M, Relocated: 6M, In-Place: 0
[8.825s][info][gc,reloc    ] GC(78) Medium Pages: 1 / 16M, Empty: 0M, Relocated: 0M, In-Place: 0
[8.825s][info][gc,reloc    ] GC(78) Large Pages: 0 / 0M, Empty: 0M, Relocated: 0M, In-Place: 0
[8.825s][info][gc,reloc    ] GC(78) Forwarding Usage: 2M
[8.825s][info][gc,heap     ] GC(78) Min Capacity: 8M(2%)
[8.825s][info][gc,heap     ] GC(78) Max Capacity: 512M(100%)
[8.825s][info][gc,heap     ] GC(78) Soft Max Capacity: 512M(100%)
[8.825s][info][gc,heap     ] GC(78)                Mark Start          Mark End        Relocate Start      Relocate End           High               Low         
[8.825s][info][gc,heap     ] GC(78)  Capacity:      512M (100%)        512M (100%)        512M (100%)        512M (100%)        512M (100%)        512M (100%)   
[8.825s][info][gc,heap     ] GC(78)      Free:      210M (41%)         126M (25%)         340M (66%)         350M (68%)         352M (69%)         126M (25%)    
[8.825s][info][gc,heap     ] GC(78)      Used:      302M (59%)         386M (75%)         172M (34%)         162M (32%)         386M (75%)         160M (31%)    
[8.825s][info][gc,heap     ] GC(78)      Live:         -                26M (5%)           26M (5%)           26M (5%)             -                  -          
[8.825s][info][gc,heap     ] GC(78) Allocated:         -                84M (16%)         102M (20%)         111M (22%)            -                  -          
[8.825s][info][gc,heap     ] GC(78)   Garbage:         -               275M (54%)          43M (8%)           23M (4%)             -                  -          
[8.825s][info][gc,heap     ] GC(78) Reclaimed:         -                  -               232M (45%)         251M (49%)            -                  -          
[8.825s][info][gc          ] GC(78) Garbage Collection (Allocation Rate) 302M(59%)->162M(32%)
[8.891s][info][gc,start    ] GC(79) Garbage Collection (Allocation Rate)
[8.891s][info][gc,task     ] GC(79) Using 5 workers
[8.891s][info][gc,phases   ] GC(79) Pause Mark Start 0.009ms
[8.922s][info][gc,phases   ] GC(79) Concurrent Mark 30.998ms
[8.922s][info][gc,phases   ] GC(79) Pause Mark End 0.010ms
[8.923s][info][gc,phases   ] GC(79) Concurrent Mark Free 0.001ms
[8.923s][info][gc,phases   ] GC(79) Concurrent Process Non-Strong References 0.677ms
[8.923s][info][gc,phases   ] GC(79) Concurrent Reset Relocation Set 0.004ms
[8.927s][info][gc,phases   ] GC(79) Concurrent Select Relocation Set 4.072ms
[8.927s][info][gc,phases   ] GC(79) Pause Relocate Start 0.004ms
[8.930s][info][gc,phases   ] GC(79) Concurrent Relocate 2.896ms
[8.930s][info][gc,load     ] GC(79) Load: 0.00/0.00/0.00
[8.930s][info][gc,mmu      ] GC(79) MMU: 2ms/98.6%, 5ms/99.5%, 10ms/99.7%, 20ms/99.8%, 50ms/99.9%, 100ms/99.9%
[8.930s][info][gc,marking  ] GC(79) Mark: 4 stripe(s), 2 proactive flush(es), 1 terminate flush(es), 0 completion(s), 0 continuation(s) 
[8.931s][info][gc,marking  ] GC(79) Mark Stack Usage: 32M
[8.931s][info][gc,nmethod  ] GC(79) NMethods: 1340 registered, 39 unregistered
[8.931s][info][gc,metaspace] GC(79) Metaspace: 8M used, 8M committed, 1088M reserved
[8.931s][info][gc,ref      ] GC(79) Soft: 174 encountered, 0 discovered, 0 enqueued
[8.931s][info][gc,ref      ] GC(79) Weak: 570 encountered, 195 discovered, 0 enqueued
[8.931s][info][gc,ref      ] GC(79) Final: 0 encountered, 0 discovered, 0 enqueued
[8.931s][info][gc,ref      ] GC(79) Phantom: 21 encountered, 19 discovered, 0 enqueued
[8.931s][info][gc,reloc    ] GC(79) Small Pages: 155 / 310M, Empty: 260M, Relocated: 3M, In-Place: 0
[8.931s][info][gc,reloc    ] GC(79) Medium Pages: 1 / 16M, Empty: 0M, Relocated: 0M, In-Place: 0
[8.931s][info][gc,reloc    ] GC(79) Large Pages: 0 / 0M, Empty: 0M, Relocated: 0M, In-Place: 0
[8.931s][info][gc,reloc    ] GC(79) Forwarding Usage: 1M
[8.931s][info][gc,heap     ] GC(79) Min Capacity: 8M(2%)
[8.931s][info][gc,heap     ] GC(79) Max Capacity: 512M(100%)
[8.931s][info][gc,heap     ] GC(79) Soft Max Capacity: 512M(100%)
[8.931s][info][gc,heap     ] GC(79)                Mark Start          Mark End        Relocate Start      Relocate End           High               Low         
[8.931s][info][gc,heap     ] GC(79)  Capacity:      512M (100%)        512M (100%)        512M (100%)        512M (100%)        512M (100%)        512M (100%)   
[8.931s][info][gc,heap     ] GC(79)      Free:      186M (36%)         102M (20%)         348M (68%)         352M (69%)         356M (70%)         100M (20%)    
[8.931s][info][gc,heap     ] GC(79)      Used:      326M (64%)         410M (80%)         164M (32%)         160M (31%)         412M (80%)         156M (30%)    
[8.931s][info][gc,heap     ] GC(79)      Live:         -                27M (5%)           27M (5%)           27M (5%)             -                  -          
[8.931s][info][gc,heap     ] GC(79) Allocated:         -                84M (16%)          98M (19%)         105M (21%)            -                  -          
[8.931s][info][gc,heap     ] GC(79)   Garbage:         -               298M (58%)          38M (7%)           26M (5%)             -                  -          
[8.931s][info][gc,heap     ] GC(79) Reclaimed:         -                  -               260M (51%)         271M (53%)            -                  -          
[8.931s][info][gc          ] GC(79) Garbage Collection (Allocation Rate) 326M(64%)->160M(31%)
[8.985s][info][gc,start    ] GC(80) Garbage Collection (Allocation Rate)
[8.985s][info][gc,task     ] GC(80) Using 5 workers
[8.985s][info][gc,phases   ] GC(80) Pause Mark Start 0.009ms
[9.016s][info][gc,phases   ] GC(80) Concurrent Mark 30.883ms
[9.016s][info][gc,phases   ] GC(80) Pause Mark End 0.010ms
[9.016s][info][gc,phases   ] GC(80) Concurrent Mark Free 0.001ms
[9.017s][info][gc,phases   ] GC(80) Concurrent Process Non-Strong References 0.668ms
[9.017s][info][gc,phases   ] GC(80) Concurrent Reset Relocation Set 0.002ms
[9.023s][info][gc,phases   ] GC(80) Concurrent Select Relocation Set 5.935ms
[9.023s][info][gc,phases   ] GC(80) Pause Relocate Start 0.004ms
[9.026s][info][gc,phases   ] GC(80) Concurrent Relocate 2.811ms
[9.026s][info][gc,load     ] GC(80) Load: 0.00/0.00/0.00
[9.026s][info][gc,mmu      ] GC(80) MMU: 2ms/98.6%, 5ms/99.5%, 10ms/99.7%, 20ms/99.8%, 50ms/99.9%, 100ms/99.9%
[9.026s][info][gc,marking  ] GC(80) Mark: 4 stripe(s), 2 proactive flush(es), 1 terminate flush(es), 0 completion(s), 0 continuation(s) 
[9.026s][info][gc,marking  ] GC(80) Mark Stack Usage: 32M
[9.026s][info][gc,nmethod  ] GC(80) NMethods: 1340 registered, 39 unregistered
[9.026s][info][gc,metaspace] GC(80) Metaspace: 8M used, 8M committed, 1088M reserved
[9.026s][info][gc,ref      ] GC(80) Soft: 174 encountered, 0 discovered, 0 enqueued
[9.026s][info][gc,ref      ] GC(80) Weak: 570 encountered, 112 discovered, 0 enqueued
[9.026s][info][gc,ref      ] GC(80) Final: 0 encountered, 0 discovered, 0 enqueued
[9.026s][info][gc,ref      ] GC(80) Phantom: 21 encountered, 17 discovered, 0 enqueued
[9.026s][info][gc,reloc    ] GC(80) Small Pages: 147 / 294M, Empty: 240M, Relocated: 5M, In-Place: 0
[9.026s][info][gc,reloc    ] GC(80) Medium Pages: 1 / 16M, Empty: 0M, Relocated: 0M, In-Place: 0
[9.026s][info][gc,reloc    ] GC(80) Large Pages: 0 / 0M, Empty: 0M, Relocated: 0M, In-Place: 0
[9.026s][info][gc,reloc    ] GC(80) Forwarding Usage: 2M
[9.026s][info][gc,heap     ] GC(80) Min Capacity: 8M(2%)
[9.026s][info][gc,heap     ] GC(80) Max Capacity: 512M(100%)
[9.026s][info][gc,heap     ] GC(80) Soft Max Capacity: 512M(100%)
[9.026s][info][gc,heap     ] GC(80)                Mark Start          Mark End        Relocate Start      Relocate End           High               Low         
[9.026s][info][gc,heap     ] GC(80)  Capacity:      512M (100%)        512M (100%)        512M (100%)        512M (100%)        512M (100%)        512M (100%)   
[9.026s][info][gc,heap     ] GC(80)      Free:      202M (39%)         118M (23%)         340M (66%)         350M (68%)         352M (69%)         116M (23%)    
[9.026s][info][gc,heap     ] GC(80)      Used:      310M (61%)         394M (77%)         172M (34%)         162M (32%)         396M (77%)         160M (31%)    
[9.027s][info][gc,heap     ] GC(80)      Live:         -                28M (6%)           28M (6%)           28M (6%)             -                  -          
[9.027s][info][gc,heap     ] GC(80) Allocated:         -                84M (16%)         102M (20%)         109M (21%)            -                  -          
[9.027s][info][gc,heap     ] GC(80)   Garbage:         -               281M (55%)          41M (8%)           23M (5%)             -                  -          
[9.027s][info][gc,heap     ] GC(80) Reclaimed:         -                  -               240M (47%)         257M (50%)            -                  -          
[9.027s][info][gc          ] GC(80) Garbage Collection (Allocation Rate) 310M(61%)->162M(32%)
[9.094s][info][gc,start    ] GC(81) Garbage Collection (Allocation Rate)
[9.094s][info][gc,task     ] GC(81) Using 5 workers
[9.094s][info][gc,phases   ] GC(81) Pause Mark Start 0.011ms
[9.125s][info][gc,phases   ] GC(81) Concurrent Mark 30.951ms
[9.126s][info][gc,phases   ] GC(81) Pause Mark End 0.011ms
[9.126s][info][gc,phases   ] GC(81) Concurrent Mark Free 0.001ms
[9.126s][info][gc,phases   ] GC(81) Concurrent Process Non-Strong References 0.694ms
[9.126s][info][gc,phases   ] GC(81) Concurrent Reset Relocation Set 0.004ms
[9.133s][info][gc,phases   ] GC(81) Concurrent Select Relocation Set 6.873ms
[9.133s][info][gc,phases   ] GC(81) Pause Relocate Start 0.004ms
[9.137s][info][gc,phases   ] GC(81) Concurrent Relocate 3.698ms
[9.137s][info][gc,load     ] GC(81) Load: 0.00/0.00/0.00
[9.137s][info][gc,mmu      ] GC(81) MMU: 2ms/98.6%, 5ms/99.5%, 10ms/99.7%, 20ms/99.8%, 50ms/99.9%, 100ms/99.9%
[9.137s][info][gc,marking  ] GC(81) Mark: 4 stripe(s), 2 proactive flush(es), 1 terminate flush(es), 0 completion(s), 0 continuation(s) 
[9.137s][info][gc,marking  ] GC(81) Mark Stack Usage: 32M
[9.137s][info][gc,nmethod  ] GC(81) NMethods: 1340 registered, 39 unregistered
[9.137s][info][gc,metaspace] GC(81) Metaspace: 8M used, 8M committed, 1088M reserved
[9.137s][info][gc,ref      ] GC(81) Soft: 174 encountered, 0 discovered, 0 enqueued
[9.137s][info][gc,ref      ] GC(81) Weak: 570 encountered, 237 discovered, 0 enqueued
[9.137s][info][gc,ref      ] GC(81) Final: 0 encountered, 0 discovered, 0 enqueued
[9.137s][info][gc,ref      ] GC(81) Phantom: 21 encountered, 11 discovered, 0 enqueued
[9.137s][info][gc,reloc    ] GC(81) Small Pages: 131 / 262M, Empty: 220M, Relocated: 6M, In-Place: 0
[9.137s][info][gc,reloc    ] GC(81) Medium Pages: 2 / 32M, Empty: 0M, Relocated: 2M, In-Place: 0
[9.137s][info][gc,reloc    ] GC(81) Large Pages: 0 / 0M, Empty: 0M, Relocated: 0M, In-Place: 0
[9.138s][info][gc,reloc    ] GC(81) Forwarding Usage: 3M
[9.138s][info][gc,heap     ] GC(81) Min Capacity: 8M(2%)
[9.138s][info][gc,heap     ] GC(81) Max Capacity: 512M(100%)
[9.138s][info][gc,heap     ] GC(81) Soft Max Capacity: 512M(100%)
[9.138s][info][gc,heap     ] GC(81)                Mark Start          Mark End        Relocate Start      Relocate End           High               Low         
[9.138s][info][gc,heap     ] GC(81)  Capacity:      512M (100%)        512M (100%)        512M (100%)        512M (100%)        512M (100%)        512M (100%)   
[9.138s][info][gc,heap     ] GC(81)      Free:      218M (43%)         190M (37%)         406M (79%)         424M (83%)         424M (83%)         188M (37%)    
[9.138s][info][gc,heap     ] GC(81)      Used:      294M (57%)         322M (63%)         106M (21%)          88M (17%)         324M (63%)          88M (17%)    
[9.138s][info][gc,heap     ] GC(81)      Live:         -                31M (6%)           31M (6%)           31M (6%)             -                  -          
[9.138s][info][gc,heap     ] GC(81) Allocated:         -                28M (5%)           32M (6%)           31M (6%)             -                  -          
[9.138s][info][gc,heap     ] GC(81)   Garbage:         -               262M (51%)          42M (8%)           24M (5%)             -                  -          
[9.138s][info][gc,heap     ] GC(81) Reclaimed:         -                  -               220M (43%)         237M (46%)            -                  -          
[9.138s][info][gc          ] GC(81) Garbage Collection (Allocation Rate) 294M(57%)->88M(17%)
[9.179s][info][gc,start    ] GC(82) Garbage Collection (Allocation Rate)
[9.179s][info][gc,task     ] GC(82) Using 5 workers
[9.180s][info][gc,phases   ] GC(82) Pause Mark Start 0.011ms
[9.226s][info][gc,phases   ] GC(82) Concurrent Mark 46.544ms
[9.226s][info][gc,phases   ] GC(82) Pause Mark End 0.011ms
[9.226s][info][gc,phases   ] GC(82) Concurrent Mark Free 0.001ms
[9.227s][info][gc,phases   ] GC(82) Concurrent Process Non-Strong References 0.706ms
[9.227s][info][gc,phases   ] GC(82) Concurrent Reset Relocation Set 0.002ms
[9.231s][info][gc,phases   ] GC(82) Concurrent Select Relocation Set 3.798ms
[9.231s][info][gc,phases   ] GC(82) Pause Relocate Start 0.005ms
[9.234s][info][gc,phases   ] GC(82) Concurrent Relocate 3.024ms
[9.234s][info][gc,load     ] GC(82) Load: 0.00/0.00/0.00
[9.234s][info][gc,mmu      ] GC(82) MMU: 2ms/98.6%, 5ms/99.5%, 10ms/99.7%, 20ms/99.8%, 50ms/99.9%, 100ms/99.9%
[9.234s][info][gc,marking  ] GC(82) Mark: 4 stripe(s), 2 proactive flush(es), 1 terminate flush(es), 0 completion(s), 0 continuation(s) 
[9.234s][info][gc,marking  ] GC(82) Mark Stack Usage: 32M
[9.234s][info][gc,nmethod  ] GC(82) NMethods: 1340 registered, 39 unregistered
[9.234s][info][gc,metaspace] GC(82) Metaspace: 8M used, 8M committed, 1088M reserved
[9.234s][info][gc,ref      ] GC(82) Soft: 174 encountered, 0 discovered, 0 enqueued
[9.234s][info][gc,ref      ] GC(82) Weak: 570 encountered, 290 discovered, 0 enqueued
[9.234s][info][gc,ref      ] GC(82) Final: 0 encountered, 0 discovered, 0 enqueued
[9.234s][info][gc,ref      ] GC(82) Phantom: 21 encountered, 12 discovered, 0 enqueued
[9.234s][info][gc,reloc    ] GC(82) Small Pages: 32 / 64M, Empty: 10M, Relocated: 5M, In-Place: 0
[9.234s][info][gc,reloc    ] GC(82) Medium Pages: 2 / 32M, Empty: 16M, Relocated: 0M, In-Place: 0
[9.234s][info][gc,reloc    ] GC(82) Large Pages: 2 / 8M, Empty: 0M, Relocated: 0M, In-Place: 0
[9.235s][info][gc,reloc    ] GC(82) Forwarding Usage: 2M
[9.235s][info][gc,heap     ] GC(82) Min Capacity: 8M(2%)
[9.235s][info][gc,heap     ] GC(82) Max Capacity: 512M(100%)
[9.235s][info][gc,heap     ] GC(82) Soft Max Capacity: 512M(100%)
[9.235s][info][gc,heap     ] GC(82)                Mark Start          Mark End        Relocate Start      Relocate End           High               Low         
[9.235s][info][gc,heap     ] GC(82)  Capacity:      512M (100%)        512M (100%)        512M (100%)        512M (100%)        512M (100%)        512M (100%)   
[9.235s][info][gc,heap     ] GC(82)      Free:      408M (80%)         374M (73%)         398M (78%)         400M (78%)         408M (80%)         372M (73%)    
[9.235s][info][gc,heap     ] GC(82)      Used:      104M (20%)         138M (27%)         114M (22%)         112M (22%)         140M (27%)         104M (20%)    
[9.235s][info][gc,heap     ] GC(82)      Live:         -                49M (10%)          49M (10%)          49M (10%)            -                  -          
[9.235s][info][gc,heap     ] GC(82) Allocated:         -                34M (7%)           36M (7%)           35M (7%)             -                  -          
[9.235s][info][gc,heap     ] GC(82)   Garbage:         -                54M (11%)          28M (6%)           26M (5%)             -                  -          
[9.235s][info][gc,heap     ] GC(82) Reclaimed:         -                  -                26M (5%)           27M (5%)             -                  -          
[9.235s][info][gc          ] GC(82) Garbage Collection (Allocation Rate) 104M(20%)->112M(22%)
[9.289s][info][gc,start    ] GC(83) Garbage Collection (Allocation Rate)
[9.289s][info][gc,task     ] GC(83) Using 5 workers
[9.289s][info][gc,phases   ] GC(83) Pause Mark Start 0.011ms
[9.336s][info][gc,phases   ] GC(83) Concurrent Mark 46.585ms
[9.336s][info][gc,phases   ] GC(83) Pause Mark End 0.012ms
[9.336s][info][gc,phases   ] GC(83) Concurrent Mark Free 0.001ms
[9.337s][info][gc,phases   ] GC(83) Concurrent Process Non-Strong References 0.866ms
[9.337s][info][gc,phases   ] GC(83) Concurrent Reset Relocation Set 0.001ms
[9.340s][info][gc,phases   ] GC(83) Concurrent Select Relocation Set 3.792ms
[9.341s][info][gc,phases   ] GC(83) Pause Relocate Start 0.004ms
[9.343s][info][gc,phases   ] GC(83) Concurrent Relocate 2.603ms
[9.343s][info][gc,load     ] GC(83) Load: 0.00/0.00/0.00
[9.343s][info][gc,mmu      ] GC(83) MMU: 2ms/98.6%, 5ms/99.5%, 10ms/99.7%, 20ms/99.8%, 50ms/99.9%, 100ms/99.9%
[9.343s][info][gc,marking  ] GC(83) Mark: 4 stripe(s), 2 proactive flush(es), 1 terminate flush(es), 0 completion(s), 0 continuation(s) 
[9.343s][info][gc,marking  ] GC(83) Mark Stack Usage: 32M
[9.343s][info][gc,nmethod  ] GC(83) NMethods: 1341 registered, 39 unregistered
[9.343s][info][gc,metaspace] GC(83) Metaspace: 8M used, 8M committed, 1088M reserved
[9.343s][info][gc,ref      ] GC(83) Soft: 174 encountered, 0 discovered, 0 enqueued
[9.343s][info][gc,ref      ] GC(83) Weak: 570 encountered, 170 discovered, 0 enqueued
[9.344s][info][gc,ref      ] GC(83) Final: 0 encountered, 0 discovered, 0 enqueued
[9.344s][info][gc,ref      ] GC(83) Phantom: 21 encountered, 17 discovered, 0 enqueued
[9.344s][info][gc,reloc    ] GC(83) Small Pages: 42 / 84M, Empty: 44M, Relocated: 3M, In-Place: 0
[9.344s][info][gc,reloc    ] GC(83) Medium Pages: 2 / 32M, Empty: 32M, Relocated: 0M, In-Place: 0
[9.344s][info][gc,reloc    ] GC(83) Large Pages: 5 / 20M, Empty: 12M, Relocated: 0M, In-Place: 0
[9.344s][info][gc,reloc    ] GC(83) Forwarding Usage: 1M
[9.344s][info][gc,heap     ] GC(83) Min Capacity: 8M(2%)
[9.344s][info][gc,heap     ] GC(83) Max Capacity: 512M(100%)
[9.344s][info][gc,heap     ] GC(83) Soft Max Capacity: 512M(100%)
[9.344s][info][gc,heap     ] GC(83)                Mark Start          Mark End        Relocate Start      Relocate End           High               Low         
[9.344s][info][gc,heap     ] GC(83)  Capacity:      512M (100%)        512M (100%)        512M (100%)        512M (100%)        512M (100%)        512M (100%)   
[9.344s][info][gc,heap     ] GC(83)      Free:      376M (73%)         356M (70%)         444M (87%)         446M (87%)         446M (87%)         356M (70%)    
[9.344s][info][gc,heap     ] GC(83)      Used:      136M (27%)         156M (30%)          68M (13%)          66M (13%)         156M (30%)          66M (13%)    
[9.344s][info][gc,heap     ] GC(83)      Live:         -                37M (7%)           37M (7%)           37M (7%)             -                  -          
[9.344s][info][gc,heap     ] GC(83) Allocated:         -                20M (4%)           20M (4%)           19M (4%)             -                  -          
[9.344s][info][gc,heap     ] GC(83)   Garbage:         -                98M (19%)          10M (2%)            8M (2%)             -                  -          
[9.344s][info][gc,heap     ] GC(83) Reclaimed:         -                  -                88M (17%)          89M (18%)            -                  -          
[9.344s][info][gc          ] GC(83) Garbage Collection (Allocation Rate) 136M(27%)->66M(13%)
[9.382s][info][gc,start    ] GC(84) Garbage Collection (Allocation Rate)
[9.382s][info][gc,task     ] GC(84) Using 5 workers
[9.383s][info][gc,phases   ] GC(84) Pause Mark Start 0.010ms
[9.429s][info][gc,phases   ] GC(84) Concurrent Mark 46.607ms
[9.429s][info][gc,phases   ] GC(84) Pause Mark End 0.016ms
[9.430s][info][gc,phases   ] GC(84) Concurrent Mark Free 0.001ms
[9.431s][info][gc,phases   ] GC(84) Concurrent Process Non-Strong References 1.118ms
[9.431s][info][gc,phases   ] GC(84) Concurrent Reset Relocation Set 0.001ms
[9.434s][info][gc,phases   ] GC(84) Concurrent Select Relocation Set 3.567ms
[9.434s][info][gc,phases   ] GC(84) Pause Relocate Start 0.009ms
[9.436s][info][gc,phases   ] GC(84) Concurrent Relocate 1.973ms
[9.437s][info][gc,load     ] GC(84) Load: 0.00/0.00/0.00
[9.437s][info][gc,mmu      ] GC(84) MMU: 2ms/98.6%, 5ms/99.5%, 10ms/99.7%, 20ms/99.8%, 50ms/99.9%, 100ms/99.9%
[9.437s][info][gc,marking  ] GC(84) Mark: 4 stripe(s), 2 proactive flush(es), 1 terminate flush(es), 0 completion(s), 0 continuation(s) 
[9.437s][info][gc,marking  ] GC(84) Mark Stack Usage: 32M
[9.437s][info][gc,nmethod  ] GC(84) NMethods: 1339 registered, 41 unregistered
[9.437s][info][gc,metaspace] GC(84) Metaspace: 8M used, 8M committed, 1088M reserved
[9.437s][info][gc,ref      ] GC(84) Soft: 174 encountered, 0 discovered, 0 enqueued
[9.437s][info][gc,ref      ] GC(84) Weak: 570 encountered, 11 discovered, 0 enqueued
[9.437s][info][gc,ref      ] GC(84) Final: 0 encountered, 0 discovered, 0 enqueued
[9.437s][info][gc,ref      ] GC(84) Phantom: 21 encountered, 14 discovered, 0 enqueued
[9.437s][info][gc,reloc    ] GC(84) Small Pages: 21 / 42M, Empty: 0M, Relocated: 3M, In-Place: 0
[9.437s][info][gc,reloc    ] GC(84) Medium Pages: 1 / 16M, Empty: 0M, Relocated: 0M, In-Place: 0
[9.437s][info][gc,reloc    ] GC(84) Large Pages: 2 / 8M, Empty: 4M, Relocated: 0M, In-Place: 0
[9.437s][info][gc,reloc    ] GC(84) Forwarding Usage: 1M
[9.437s][info][gc,heap     ] GC(84) Min Capacity: 8M(2%)
[9.437s][info][gc,heap     ] GC(84) Max Capacity: 512M(100%)
[9.437s][info][gc,heap     ] GC(84) Soft Max Capacity: 512M(100%)
[9.437s][info][gc,heap     ] GC(84)                Mark Start          Mark End        Relocate Start      Relocate End           High               Low         
[9.437s][info][gc,heap     ] GC(84)  Capacity:      512M (100%)        512M (100%)        512M (100%)        512M (100%)        512M (100%)        512M (100%)   
[9.437s][info][gc,heap     ] GC(84)      Free:      446M (87%)         446M (87%)         450M (88%)         450M (88%)         450M (88%)         438M (86%)    
[9.437s][info][gc,heap     ] GC(84)      Used:       66M (13%)          66M (13%)          62M (12%)          62M (12%)          74M (14%)          62M (12%)    
[9.437s][info][gc,heap     ] GC(84)      Live:         -                32M (6%)           32M (6%)           32M (6%)             -                  -          
[9.437s][info][gc,heap     ] GC(84) Allocated:         -                 0M (0%)            0M (0%)            1M (0%)             -                  -          
[9.437s][info][gc,heap     ] GC(84)   Garbage:         -                33M (6%)           29M (6%)           27M (5%)             -                  -          
[9.437s][info][gc,heap     ] GC(84) Reclaimed:         -                  -                 4M (1%)            5M (1%)             -                  -          
[9.437s][info][gc          ] GC(84) Garbage Collection (Allocation Rate) 66M(13%)->62M(12%)
[9.492s][info][gc,start    ] GC(85) Garbage Collection (Allocation Rate)
[9.492s][info][gc,task     ] GC(85) Using 5 workers
[9.492s][info][gc,phases   ] GC(85) Pause Mark Start 0.013ms
[9.523s][info][gc,phases   ] GC(85) Concurrent Mark 30.990ms
[9.523s][info][gc,phases   ] GC(85) Pause Mark End 0.010ms
[9.523s][info][gc,phases   ] GC(85) Concurrent Mark Free 0.001ms
[9.524s][info][gc,phases   ] GC(85) Concurrent Process Non-Strong References 0.764ms
[9.524s][info][gc,phases   ] GC(85) Concurrent Reset Relocation Set 0.001ms
[9.529s][info][gc,phases   ] GC(85) Concurrent Select Relocation Set 5.231ms
[9.529s][info][gc,phases   ] GC(85) Pause Relocate Start 0.003ms
[9.531s][info][gc,phases   ] GC(85) Concurrent Relocate 2.006ms
[9.531s][info][gc,load     ] GC(85) Load: 0.00/0.00/0.00
[9.531s][info][gc,mmu      ] GC(85) MMU: 2ms/98.6%, 5ms/99.5%, 10ms/99.7%, 20ms/99.8%, 50ms/99.9%, 100ms/99.9%
[9.531s][info][gc,marking  ] GC(85) Mark: 4 stripe(s), 2 proactive flush(es), 1 terminate flush(es), 0 completion(s), 0 continuation(s) 
[9.531s][info][gc,marking  ] GC(85) Mark Stack Usage: 32M
[9.532s][info][gc,nmethod  ] GC(85) NMethods: 1340 registered, 42 unregistered
[9.532s][info][gc,metaspace] GC(85) Metaspace: 8M used, 8M committed, 1088M reserved
[9.532s][info][gc,ref      ] GC(85) Soft: 174 encountered, 0 discovered, 0 enqueued
[9.532s][info][gc,ref      ] GC(85) Weak: 570 encountered, 248 discovered, 0 enqueued
[9.532s][info][gc,ref      ] GC(85) Final: 0 encountered, 0 discovered, 0 enqueued
[9.532s][info][gc,ref      ] GC(85) Phantom: 21 encountered, 19 discovered, 0 enqueued
[9.532s][info][gc,reloc    ] GC(85) Small Pages: 23 / 46M, Empty: 2M, Relocated: 3M, In-Place: 0
[9.532s][info][gc,reloc    ] GC(85) Medium Pages: 2 / 32M, Empty: 16M, Relocated: 0M, In-Place: 0
[9.532s][info][gc,reloc    ] GC(85) Large Pages: 1 / 4M, Empty: 0M, Relocated: 0M, In-Place: 0
[9.532s][info][gc,reloc    ] GC(85) Forwarding Usage: 1M
[9.532s][info][gc,heap     ] GC(85) Min Capacity: 8M(2%)
[9.532s][info][gc,heap     ] GC(85) Max Capacity: 512M(100%)
[9.532s][info][gc,heap     ] GC(85) Soft Max Capacity: 512M(100%)
[9.532s][info][gc,heap     ] GC(85)                Mark Start          Mark End        Relocate Start      Relocate End           High               Low         
[9.532s][info][gc,heap     ] GC(85)  Capacity:      512M (100%)        512M (100%)        512M (100%)        512M (100%)        512M (100%)        512M (100%)   
[9.532s][info][gc,heap     ] GC(85)      Free:      430M (84%)         408M (80%)         420M (82%)         424M (83%)         430M (84%)         404M (79%)    
[9.532s][info][gc,heap     ] GC(85)      Used:       82M (16%)         104M (20%)          92M (18%)          88M (17%)         108M (21%)          82M (16%)    
[9.532s][info][gc,heap     ] GC(85)      Live:         -                32M (6%)           32M (6%)           32M (6%)             -                  -          
[9.532s][info][gc,heap     ] GC(85) Allocated:         -                22M (4%)           28M (5%)           27M (5%)             -                  -          
[9.532s][info][gc,heap     ] GC(85)   Garbage:         -                49M (10%)          31M (6%)           27M (5%)             -                  -          
[9.532s][info][gc,heap     ] GC(85) Reclaimed:         -                  -                18M (4%)           21M (4%)             -                  -          
[9.532s][info][gc          ] GC(85) Garbage Collection (Allocation Rate) 82M(16%)->88M(17%)
[9.558s][info][gc,start    ] GC(86) Garbage Collection (System.gc())
[9.558s][info][gc,task     ] GC(86) Using 5 workers
[9.558s][info][gc,phases   ] GC(86) Pause Mark Start 0.013ms
[9.570s][info][gc,phases   ] GC(86) Concurrent Mark 11.634ms
[9.570s][info][gc,phases   ] GC(86) Pause Mark End 0.014ms
[9.570s][info][gc,phases   ] GC(86) Concurrent Mark Free 0.001ms
[9.571s][info][gc,phases   ] GC(86) Concurrent Process Non-Strong References 1.173ms
[9.571s][info][gc,phases   ] GC(86) Concurrent Reset Relocation Set 0.001ms
[9.575s][info][gc,phases   ] GC(86) Concurrent Select Relocation Set 3.582ms
[9.575s][info][gc,phases   ] GC(86) Pause Relocate Start 0.007ms
[9.577s][info][gc,phases   ] GC(86) Concurrent Relocate 1.927ms
[9.577s][info][gc,load     ] GC(86) Load: 0.00/0.00/0.00
[9.577s][info][gc,mmu      ] GC(86) MMU: 2ms/98.6%, 5ms/99.5%, 10ms/99.7%, 20ms/99.8%, 50ms/99.9%, 100ms/99.9%
[9.577s][info][gc,marking  ] GC(86) Mark: 4 stripe(s), 2 proactive flush(es), 1 terminate flush(es), 0 completion(s), 0 continuation(s) 
[9.577s][info][gc,marking  ] GC(86) Mark Stack Usage: 32M
[9.577s][info][gc,nmethod  ] GC(86) NMethods: 1342 registered, 43 unregistered
[9.577s][info][gc,metaspace] GC(86) Metaspace: 8M used, 8M committed, 1088M reserved
[9.577s][info][gc,ref      ] GC(86) Soft: 174 encountered, 0 discovered, 0 enqueued
[9.577s][info][gc,ref      ] GC(86) Weak: 570 encountered, 59 discovered, 0 enqueued
[9.577s][info][gc,ref      ] GC(86) Final: 0 encountered, 0 discovered, 0 enqueued
[9.577s][info][gc,ref      ] GC(86) Phantom: 21 encountered, 18 discovered, 0 enqueued
[9.577s][info][gc,reloc    ] GC(86) Small Pages: 43 / 86M, Empty: 72M, Relocated: 1M, In-Place: 0
[9.577s][info][gc,reloc    ] GC(86) Medium Pages: 1 / 16M, Empty: 16M, Relocated: 0M, In-Place: 0
[9.577s][info][gc,reloc    ] GC(86) Large Pages: 1 / 4M, Empty: 4M, Relocated: 0M, In-Place: 0
[9.577s][info][gc,reloc    ] GC(86) Forwarding Usage: 0M
[9.577s][info][gc,heap     ] GC(86) Min Capacity: 8M(2%)
[9.577s][info][gc,heap     ] GC(86) Max Capacity: 512M(100%)
[9.577s][info][gc,heap     ] GC(86) Soft Max Capacity: 512M(100%)
[9.577s][info][gc,heap     ] GC(86)                Mark Start          Mark End        Relocate Start      Relocate End           High               Low         
[9.578s][info][gc,heap     ] GC(86)  Capacity:      512M (100%)        512M (100%)        512M (100%)        512M (100%)        512M (100%)        512M (100%)   
[9.578s][info][gc,heap     ] GC(86)      Free:      406M (79%)         406M (79%)         498M (97%)         498M (97%)         498M (97%)         406M (79%)    
[9.578s][info][gc,heap     ] GC(86)      Used:      106M (21%)         106M (21%)          14M (3%)           14M (3%)          106M (21%)          14M (3%)     
[9.578s][info][gc,heap     ] GC(86)      Live:         -                 4M (1%)            4M (1%)            4M (1%)             -                  -          
[9.578s][info][gc,heap     ] GC(86) Allocated:         -                 0M (0%)            0M (0%)            0M (0%)             -                  -          
[9.578s][info][gc,heap     ] GC(86)   Garbage:         -               101M (20%)           9M (2%)            9M (2%)             -                  -          
[9.578s][info][gc,heap     ] GC(86) Reclaimed:         -                  -                92M (18%)          92M (18%)            -                  -          
[9.578s][info][gc          ] GC(86) Garbage Collection (System.gc()) 106M(21%)->14M(3%)
[9.586s][info][gc,start    ] GC(87) Garbage Collection (Allocation Rate)
[9.586s][info][gc,task     ] GC(87) Using 5 workers
[9.586s][info][gc,phases   ] GC(87) Pause Mark Start 0.009ms
[9.601s][info][gc,phases   ] GC(87) Concurrent Mark 15.338ms
[9.601s][info][gc,phases   ] GC(87) Pause Mark End 0.011ms
[9.601s][info][gc,phases   ] GC(87) Concurrent Mark Free 0.001ms
[9.602s][info][gc,phases   ] GC(87) Concurrent Process Non-Strong References 1.140ms
[9.602s][info][gc,phases   ] GC(87) Concurrent Reset Relocation Set 0.001ms
[9.607s][info][gc,phases   ] GC(87) Concurrent Select Relocation Set 4.703ms
[9.607s][info][gc,phases   ] GC(87) Pause Relocate Start 0.005ms
[9.610s][info][gc,phases   ] GC(87) Concurrent Relocate 2.720ms
[9.610s][info][gc,load     ] GC(87) Load: 0.00/0.00/0.00
[9.610s][info][gc,mmu      ] GC(87) MMU: 2ms/98.6%, 5ms/99.5%, 10ms/99.7%, 20ms/99.8%, 50ms/99.9%, 100ms/99.9%
[9.610s][info][gc,marking  ] GC(87) Mark: 4 stripe(s), 2 proactive flush(es), 1 terminate flush(es), 0 completion(s), 0 continuation(s) 
[9.610s][info][gc,marking  ] GC(87) Mark Stack Usage: 32M
[9.610s][info][gc,nmethod  ] GC(87) NMethods: 1344 registered, 44 unregistered
[9.610s][info][gc,metaspace] GC(87) Metaspace: 8M used, 8M committed, 1088M reserved
[9.610s][info][gc,ref      ] GC(87) Soft: 174 encountered, 0 discovered, 0 enqueued
[9.610s][info][gc,ref      ] GC(87) Weak: 570 encountered, 356 discovered, 0 enqueued
[9.610s][info][gc,ref      ] GC(87) Final: 0 encountered, 0 discovered, 0 enqueued
[9.610s][info][gc,ref      ] GC(87) Phantom: 21 encountered, 18 discovered, 0 enqueued
[9.610s][info][gc,reloc    ] GC(87) Small Pages: 14 / 28M, Empty: 8M, Relocated: 2M, In-Place: 0
[9.610s][info][gc,reloc    ] GC(87) Medium Pages: 0 / 0M, Empty: 0M, Relocated: 0M, In-Place: 0
[9.611s][info][gc,reloc    ] GC(87) Large Pages: 0 / 0M, Empty: 0M, Relocated: 0M, In-Place: 0
[9.611s][info][gc,reloc    ] GC(87) Forwarding Usage: 1M
[9.611s][info][gc,heap     ] GC(87) Min Capacity: 8M(2%)
[9.611s][info][gc,heap     ] GC(87) Max Capacity: 512M(100%)
[9.611s][info][gc,heap     ] GC(87) Soft Max Capacity: 512M(100%)
[9.611s][info][gc,heap     ] GC(87)                Mark Start          Mark End        Relocate Start      Relocate End           High               Low         
[9.611s][info][gc,heap     ] GC(87)  Capacity:      512M (100%)        512M (100%)        512M (100%)        512M (100%)        512M (100%)        512M (100%)   
[9.611s][info][gc,heap     ] GC(87)      Free:      484M (95%)         450M (88%)         442M (86%)         442M (86%)         484M (95%)         434M (85%)    
[9.611s][info][gc,heap     ] GC(87)      Used:       28M (5%)           62M (12%)          70M (14%)          70M (14%)          78M (15%)          28M (5%)     
[9.611s][info][gc,heap     ] GC(87)      Live:         -                 4M (1%)            4M (1%)            4M (1%)             -                  -          
[9.611s][info][gc,heap     ] GC(87) Allocated:         -                34M (7%)           50M (10%)          57M (11%)            -                  -          
[9.611s][info][gc,heap     ] GC(87)   Garbage:         -                23M (5%)           15M (3%)            7M (1%)             -                  -          
[9.611s][info][gc,heap     ] GC(87) Reclaimed:         -                  -                 8M (2%)           15M (3%)             -                  -          
[9.611s][info][gc          ] GC(87) Garbage Collection (Allocation Rate) 28M(5%)->70M(14%)
[9.695s][info][gc,start    ] GC(88) Garbage Collection (Allocation Rate)
[9.695s][info][gc,task     ] GC(88) Using 5 workers
[9.695s][info][gc,phases   ] GC(88) Pause Mark Start 0.009ms
[9.710s][info][gc,phases   ] GC(88) Concurrent Mark 15.408ms
[9.711s][info][gc,phases   ] GC(88) Pause Mark End 0.014ms
[9.711s][info][gc,phases   ] GC(88) Concurrent Mark Free 0.001ms
[9.712s][info][gc,phases   ] GC(88) Concurrent Process Non-Strong References 1.242ms
[9.712s][info][gc,phases   ] GC(88) Concurrent Reset Relocation Set 0.002ms
[9.716s][info][gc,phases   ] GC(88) Concurrent Select Relocation Set 3.665ms
[9.716s][info][gc,phases   ] GC(88) Pause Relocate Start 0.005ms
[9.718s][info][gc,phases   ] GC(88) Concurrent Relocate 1.931ms
[9.718s][info][gc,load     ] GC(88) Load: 0.00/0.00/0.00
[9.718s][info][gc,mmu      ] GC(88) MMU: 2ms/98.6%, 5ms/99.5%, 10ms/99.7%, 20ms/99.8%, 50ms/99.9%, 100ms/99.9%
[9.718s][info][gc,marking  ] GC(88) Mark: 4 stripe(s), 2 proactive flush(es), 1 terminate flush(es), 0 completion(s), 0 continuation(s) 
[9.718s][info][gc,marking  ] GC(88) Mark Stack Usage: 32M
[9.718s][info][gc,nmethod  ] GC(88) NMethods: 1343 registered, 45 unregistered
[9.718s][info][gc,metaspace] GC(88) Metaspace: 8M used, 8M committed, 1088M reserved
[9.718s][info][gc,ref      ] GC(88) Soft: 174 encountered, 0 discovered, 0 enqueued
[9.718s][info][gc,ref      ] GC(88) Weak: 570 encountered, 331 discovered, 0 enqueued
[9.718s][info][gc,ref      ] GC(88) Final: 0 encountered, 0 discovered, 0 enqueued
[9.718s][info][gc,ref      ] GC(88) Phantom: 21 encountered, 19 discovered, 0 enqueued
[9.718s][info][gc,reloc    ] GC(88) Small Pages: 151 / 302M, Empty: 274M, Relocated: 1M, In-Place: 0
[9.718s][info][gc,reloc    ] GC(88) Medium Pages: 0 / 0M, Empty: 0M, Relocated: 0M, In-Place: 0
[9.718s][info][gc,reloc    ] GC(88) Large Pages: 0 / 0M, Empty: 0M, Relocated: 0M, In-Place: 0
[9.718s][info][gc,reloc    ] GC(88) Forwarding Usage: 0M
[9.718s][info][gc,heap     ] GC(88) Min Capacity: 8M(2%)
[9.718s][info][gc,heap     ] GC(88) Max Capacity: 512M(100%)
[9.718s][info][gc,heap     ] GC(88) Soft Max Capacity: 512M(100%)
[9.718s][info][gc,heap     ] GC(88)                Mark Start          Mark End        Relocate Start      Relocate End           High               Low         
[9.718s][info][gc,heap     ] GC(88)  Capacity:      512M (100%)        512M (100%)        512M (100%)        512M (100%)        512M (100%)        512M (100%)   
[9.718s][info][gc,heap     ] GC(88)      Free:      210M (41%)         168M (33%)         426M (83%)         434M (85%)         434M (85%)         164M (32%)    
[9.718s][info][gc,heap     ] GC(88)      Used:      302M (59%)         344M (67%)          86M (17%)          78M (15%)         348M (68%)          78M (15%)    
[9.718s][info][gc,heap     ] GC(88)      Live:         -                 5M (1%)            5M (1%)            5M (1%)             -                  -          
[9.718s][info][gc,heap     ] GC(88) Allocated:         -                42M (8%)           58M (11%)          61M (12%)            -                  -          
[9.718s][info][gc,heap     ] GC(88)   Garbage:         -               296M (58%)          22M (4%)           10M (2%)             -                  -          
[9.719s][info][gc,heap     ] GC(88) Reclaimed:         -                  -               274M (54%)         285M (56%)            -                  -          
[9.719s][info][gc          ] GC(88) Garbage Collection (Allocation Rate) 302M(59%)->78M(15%)
[9.780s][info][gc,start    ] GC(89) Garbage Collection (Allocation Rate)
[9.780s][info][gc,task     ] GC(89) Using 5 workers
[9.780s][info][gc,phases   ] GC(89) Pause Mark Start 0.009ms
[9.796s][info][gc,phases   ] GC(89) Concurrent Mark 15.444ms
[9.796s][info][gc,phases   ] GC(89) Pause Mark End 0.013ms
[9.796s][info][gc,phases   ] GC(89) Concurrent Mark Free 0.001ms
[9.797s][info][gc,phases   ] GC(89) Concurrent Process Non-Strong References 1.085ms
[9.797s][info][gc,phases   ] GC(89) Concurrent Reset Relocation Set 0.002ms
[9.802s][info][gc,phases   ] GC(89) Concurrent Select Relocation Set 4.657ms
[9.802s][info][gc,phases   ] GC(89) Pause Relocate Start 0.005ms
[9.804s][info][gc,phases   ] GC(89) Concurrent Relocate 2.738ms
[9.805s][info][gc,load     ] GC(89) Load: 0.00/0.00/0.00
[9.805s][info][gc,mmu      ] GC(89) MMU: 2ms/98.6%, 5ms/99.5%, 10ms/99.7%, 20ms/99.8%, 50ms/99.9%, 100ms/99.9%
[9.805s][info][gc,marking  ] GC(89) Mark: 4 stripe(s), 2 proactive flush(es), 1 terminate flush(es), 0 completion(s), 0 continuation(s) 
[9.805s][info][gc,marking  ] GC(89) Mark Stack Usage: 32M
[9.805s][info][gc,nmethod  ] GC(89) NMethods: 1343 registered, 45 unregistered
[9.805s][info][gc,metaspace] GC(89) Metaspace: 8M used, 8M committed, 1088M reserved
[9.805s][info][gc,ref      ] GC(89) Soft: 174 encountered, 0 discovered, 0 enqueued
[9.805s][info][gc,ref      ] GC(89) Weak: 570 encountered, 191 discovered, 0 enqueued
[9.805s][info][gc,ref      ] GC(89) Final: 0 encountered, 0 discovered, 0 enqueued
[9.805s][info][gc,ref      ] GC(89) Phantom: 21 encountered, 18 discovered, 0 enqueued
[9.805s][info][gc,reloc    ] GC(89) Small Pages: 123 / 246M, Empty: 218M, Relocated: 3M, In-Place: 0
[9.805s][info][gc,reloc    ] GC(89) Medium Pages: 0 / 0M, Empty: 0M, Relocated: 0M, In-Place: 0
[9.805s][info][gc,reloc    ] GC(89) Large Pages: 0 / 0M, Empty: 0M, Relocated: 0M, In-Place: 0
[9.805s][info][gc,reloc    ] GC(89) Forwarding Usage: 1M
[9.805s][info][gc,heap     ] GC(89) Min Capacity: 8M(2%)
[9.805s][info][gc,heap     ] GC(89) Max Capacity: 512M(100%)
[9.805s][info][gc,heap     ] GC(89) Soft Max Capacity: 512M(100%)
[9.805s][info][gc,heap     ] GC(89)                Mark Start          Mark End        Relocate Start      Relocate End           High               Low         
[9.805s][info][gc,heap     ] GC(89)  Capacity:      512M (100%)        512M (100%)        512M (100%)        512M (100%)        512M (100%)        512M (100%)   
[9.805s][info][gc,heap     ] GC(89)      Free:      266M (52%)         222M (43%)         424M (83%)         430M (84%)         432M (84%)         220M (43%)    
[9.805s][info][gc,heap     ] GC(89)      Used:      246M (48%)         290M (57%)          88M (17%)          82M (16%)         292M (57%)          80M (16%)    
[9.805s][info][gc,heap     ] GC(89)      Live:         -                 5M (1%)            5M (1%)            5M (1%)             -                  -          
[9.805s][info][gc,heap     ] GC(89) Allocated:         -                44M (9%)           60M (12%)          67M (13%)            -                  -          
[9.805s][info][gc,heap     ] GC(89)   Garbage:         -               240M (47%)          22M (4%)            8M (2%)             -                  -          
[9.805s][info][gc,heap     ] GC(89) Reclaimed:         -                  -               218M (43%)         231M (45%)            -                  -          
[9.805s][info][gc          ] GC(89) Garbage Collection (Allocation Rate) 246M(48%)->82M(16%)
[9.889s][info][gc,start    ] GC(90) Garbage Collection (Allocation Rate)
[9.889s][info][gc,task     ] GC(90) Using 5 workers
[9.890s][info][gc,phases   ] GC(90) Pause Mark Start 0.012ms
[9.905s][info][gc,phases   ] GC(90) Concurrent Mark 15.293ms
[9.905s][info][gc,phases   ] GC(90) Pause Mark End 0.013ms
[9.905s][info][gc,phases   ] GC(90) Concurrent Mark Free 0.001ms
[9.906s][info][gc,phases   ] GC(90) Concurrent Process Non-Strong References 1.168ms
[9.906s][info][gc,phases   ] GC(90) Concurrent Reset Relocation Set 0.003ms
[9.912s][info][gc,phases   ] GC(90) Concurrent Select Relocation Set 5.574ms
[9.912s][info][gc,phases   ] GC(90) Pause Relocate Start 0.006ms
[9.916s][info][gc,phases   ] GC(90) Concurrent Relocate 3.513ms
[9.916s][info][gc,load     ] GC(90) Load: 0.00/0.00/0.00
[9.916s][info][gc,mmu      ] GC(90) MMU: 2ms/98.6%, 5ms/99.5%, 10ms/99.7%, 20ms/99.8%, 50ms/99.9%, 100ms/99.9%
[9.916s][info][gc,marking  ] GC(90) Mark: 4 stripe(s), 2 proactive flush(es), 1 terminate flush(es), 0 completion(s), 0 continuation(s) 
[9.916s][info][gc,marking  ] GC(90) Mark Stack Usage: 32M
[9.916s][info][gc,nmethod  ] GC(90) NMethods: 1343 registered, 45 unregistered
[9.916s][info][gc,metaspace] GC(90) Metaspace: 8M used, 8M committed, 1088M reserved
[9.916s][info][gc,ref      ] GC(90) Soft: 174 encountered, 0 discovered, 0 enqueued
[9.916s][info][gc,ref      ] GC(90) Weak: 570 encountered, 226 discovered, 0 enqueued
[9.916s][info][gc,ref      ] GC(90) Final: 0 encountered, 0 discovered, 0 enqueued
[9.916s][info][gc,ref      ] GC(90) Phantom: 21 encountered, 16 discovered, 0 enqueued
[9.916s][info][gc,reloc    ] GC(90) Small Pages: 145 / 290M, Empty: 264M, Relocated: 4M, In-Place: 0
[9.916s][info][gc,reloc    ] GC(90) Medium Pages: 1 / 16M, Empty: 0M, Relocated: 0M, In-Place: 0
[9.916s][info][gc,reloc    ] GC(90) Large Pages: 0 / 0M, Empty: 0M, Relocated: 0M, In-Place: 0
[9.916s][info][gc,reloc    ] GC(90) Forwarding Usage: 2M
[9.916s][info][gc,heap     ] GC(90) Min Capacity: 8M(2%)
[9.916s][info][gc,heap     ] GC(90) Max Capacity: 512M(100%)
[9.916s][info][gc,heap     ] GC(90) Soft Max Capacity: 512M(100%)
[9.916s][info][gc,heap     ] GC(90)                Mark Start          Mark End        Relocate Start      Relocate End           High               Low         
[9.916s][info][gc,heap     ] GC(90)  Capacity:      512M (100%)        512M (100%)        512M (100%)        512M (100%)        512M (100%)        512M (100%)   
[9.916s][info][gc,heap     ] GC(90)      Free:      206M (40%)         166M (32%)         410M (80%)         416M (81%)         418M (82%)         162M (32%)    
[9.916s][info][gc,heap     ] GC(90)      Used:      306M (60%)         346M (68%)         102M (20%)          96M (19%)         350M (68%)          94M (18%)    
[9.916s][info][gc,heap     ] GC(90)      Live:         -                 6M (1%)            6M (1%)            6M (1%)             -                  -          
[9.916s][info][gc,heap     ] GC(90) Allocated:         -                40M (8%)           60M (12%)          67M (13%)            -                  -          
[9.916s][info][gc,heap     ] GC(90)   Garbage:         -               299M (58%)          35M (7%)           21M (4%)             -                  -          
[9.916s][info][gc,heap     ] GC(90) Reclaimed:         -                  -               264M (52%)         277M (54%)            -                  -          
[9.916s][info][gc          ] GC(90) Garbage Collection (Allocation Rate) 306M(60%)->96M(19%)
[9.983s][info][gc,start    ] GC(91) Garbage Collection (Allocation Rate)
[9.983s][info][gc,task     ] GC(91) Using 5 workers
[9.983s][info][gc,phases   ] GC(91) Pause Mark Start 0.012ms
[9.999s][info][gc,phases   ] GC(91) Concurrent Mark 15.328ms
[9.999s][info][gc,phases   ] GC(91) Pause Mark End 0.012ms
[9.999s][info][gc,phases   ] GC(91) Concurrent Mark Free 0.001ms
[10.000s][info][gc,phases   ] GC(91) Concurrent Process Non-Strong References 1.218ms
[10.000s][info][gc,phases   ] GC(91) Concurrent Reset Relocation Set 0.002ms
[10.004s][info][gc,phases   ] GC(91) Concurrent Select Relocation Set 3.777ms
[10.004s][info][gc,phases   ] GC(91) Pause Relocate Start 0.005ms
[10.006s][info][gc,phases   ] GC(91) Concurrent Relocate 2.122ms
[10.006s][info][gc,load     ] GC(91) Load: 0.00/0.00/0.00
[10.006s][info][gc,mmu      ] GC(91) MMU: 2ms/98.6%, 5ms/99.5%, 10ms/99.7%, 20ms/99.8%, 50ms/99.9%, 100ms/99.9%
[10.006s][info][gc,marking  ] GC(91) Mark: 4 stripe(s), 2 proactive flush(es), 1 terminate flush(es), 0 completion(s), 0 continuation(s) 
[10.006s][info][gc,marking  ] GC(91) Mark Stack Usage: 32M
[10.006s][info][gc,nmethod  ] GC(91) NMethods: 1343 registered, 45 unregistered
[10.006s][info][gc,metaspace] GC(91) Metaspace: 8M used, 8M committed, 1088M reserved
[10.006s][info][gc,ref      ] GC(91) Soft: 174 encountered, 0 discovered, 0 enqueued
[10.007s][info][gc,ref      ] GC(91) Weak: 570 encountered, 84 discovered, 0 enqueued
[10.007s][info][gc,ref      ] GC(91) Final: 0 encountered, 0 discovered, 0 enqueued
[10.007s][info][gc,ref      ] GC(91) Phantom: 21 encountered, 12 discovered, 0 enqueued
[10.007s][info][gc,reloc    ] GC(91) Small Pages: 132 / 264M, Empty: 240M, Relocated: 2M, In-Place: 0
[10.007s][info][gc,reloc    ] GC(91) Medium Pages: 1 / 16M, Empty: 0M, Relocated: 0M, In-Place: 0
[10.007s][info][gc,reloc    ] GC(91) Large Pages: 0 / 0M, Empty: 0M, Relocated: 0M, In-Place: 0
[10.007s][info][gc,reloc    ] GC(91) Forwarding Usage: 1M
[10.007s][info][gc,heap     ] GC(91) Min Capacity: 8M(2%)
[10.007s][info][gc,heap     ] GC(91) Max Capacity: 512M(100%)
[10.007s][info][gc,heap     ] GC(91) Soft Max Capacity: 512M(100%)
[10.007s][info][gc,heap     ] GC(91)                Mark Start          Mark End        Relocate Start      Relocate End           High               Low         
[10.007s][info][gc,heap     ] GC(91)  Capacity:      512M (100%)        512M (100%)        512M (100%)        512M (100%)        512M (100%)        512M (100%)   
[10.007s][info][gc,heap     ] GC(91)      Free:      232M (45%)         190M (37%)         416M (81%)         420M (82%)         420M (82%)         188M (37%)    
[10.007s][info][gc,heap     ] GC(91)      Used:      280M (55%)         322M (63%)          96M (19%)          92M (18%)         324M (63%)          92M (18%)    
[10.007s][info][gc,heap     ] GC(91)      Live:         -                 7M (1%)            7M (1%)            7M (1%)             -                  -          
[10.007s][info][gc,heap     ] GC(91) Allocated:         -                42M (8%)           56M (11%)          59M (12%)            -                  -          
[10.007s][info][gc,heap     ] GC(91)   Garbage:         -               272M (53%)          32M (6%)           24M (5%)             -                  -          
[10.007s][info][gc,heap     ] GC(91) Reclaimed:         -                  -               240M (47%)         247M (48%)            -                  -          
[10.007s][info][gc          ] GC(91) Garbage Collection (Allocation Rate) 280M(55%)->92M(18%)
[10.092s][info][gc,stats    ] === Garbage Collection Statistics =======================================================================================================================
[10.092s][info][gc,start    ] GC(92) Garbage Collection (Allocation Rate)
[10.093s][info][gc,stats    ]                                                              Last 10s              Last 10m              Last 10h                Total
[10.093s][info][gc,task     ] GC(92) Using 5 workers
[10.093s][info][gc,stats    ]                                                              Avg / Max             Avg / Max             Avg / Max             Avg / Max
[10.093s][info][gc,stats    ]   Collector: Garbage Collection Cycle                     35.738 / 61.285       35.738 / 61.285       35.738 / 61.285       35.738 / 61.285      ms
[10.093s][info][gc,phases   ] GC(92) Pause Mark Start 0.012ms
[10.093s][info][gc,stats    ]  Contention: Mark Segment Reset Contention                    14 / 23               14 / 23               14 / 23               14 / 23          ops/s
[10.093s][info][gc,stats    ]  Contention: Mark SeqNum Reset Contention                      3 / 7                 3 / 7                 3 / 7                 3 / 7           ops/s
[10.093s][info][gc,stats    ]    Critical: Allocation Stall                                  0 / 0                 0 / 0                 0 / 0                 0 / 0           ops/s
[10.093s][info][gc,stats    ]    Critical: Allocation Stall                              0.000 / 0.000         0.000 / 0.000         0.000 / 0.000         0.000 / 0.000       ms
[10.093s][info][gc,stats    ]    Critical: GC Locker Stall                                   0 / 0                 0 / 0                 0 / 0                 0 / 0           ops/s
[10.093s][info][gc,stats    ]    Critical: GC Locker Stall                               0.000 / 0.000         0.000 / 0.000         0.000 / 0.000         0.000 / 0.000       ms
[10.093s][info][gc,stats    ]    Critical: Relocation Stall                                  0 / 0                 0 / 0                 0 / 0                 0 / 0           ops/s
[10.093s][info][gc,stats    ]    Critical: Relocation Stall                              0.000 / 0.000         0.000 / 0.000         0.000 / 0.000         0.000 / 0.000       ms
[10.093s][info][gc,stats    ]      Memory: Allocation Rate                                1941 / 2512           1941 / 2512           1941 / 2512           1941 / 2512        MB/s
[10.093s][info][gc,stats    ]      Memory: Defragment                                        0 / 0                 0 / 0                 0 / 0                 0 / 0           ops/s
[10.093s][info][gc,stats    ]      Memory: Out Of Memory                                     0 / 0                 0 / 0                 0 / 0                 0 / 0           ops/s
[10.093s][info][gc,stats    ]      Memory: Page Cache Flush                                  0 / 0                 0 / 0                 0 / 0                 0 / 0           MB/s
[10.093s][info][gc,stats    ]      Memory: Page Cache Hit L1                               974 / 1289            974 / 1289            974 / 1289            974 / 1289        ops/s
[10.093s][info][gc,stats    ]      Memory: Page Cache Hit L2                                 0 / 0                 0 / 0                 0 / 0                 0 / 0           ops/s
[10.093s][info][gc,stats    ]      Memory: Page Cache Hit L3                                21 / 138              21 / 138              21 / 138              21 / 138         ops/s
[10.093s][info][gc,stats    ]      Memory: Page Cache Miss                                   0 / 1                 0 / 1                 0 / 1                 0 / 1           ops/s
[10.093s][info][gc,stats    ]      Memory: Uncommit                                          0 / 0                 0 / 0                 0 / 0                 0 / 0           MB/s
[10.093s][info][gc,stats    ]      Memory: Undo Object Allocation Failed                     0 / 0                 0 / 0                 0 / 0                 0 / 0           ops/s
[10.093s][info][gc,stats    ]      Memory: Undo Object Allocation Succeeded                  1 / 4                 1 / 4                 1 / 4                 1 / 4           ops/s
[10.093s][info][gc,stats    ]      Memory: Undo Page Allocation                              0 / 0                 0 / 0                 0 / 0                 0 / 0           ops/s
[10.093s][info][gc,stats    ]       Phase: Concurrent Mark                              25.548 / 46.662       25.548 / 46.662       25.548 / 46.662       25.548 / 46.662      ms
[10.093s][info][gc,stats    ]       Phase: Concurrent Mark Continue                      0.000 / 0.000         0.000 / 0.000         0.000 / 0.000         0.000 / 0.000       ms
[10.093s][info][gc,stats    ]       Phase: Concurrent Mark Free                          0.001 / 0.002         0.001 / 0.002         0.001 / 0.002         0.001 / 0.002       ms
[10.094s][info][gc,stats    ]       Phase: Concurrent Process Non-Strong References      0.951 / 1.410         0.951 / 1.410         0.951 / 1.410         0.951 / 1.410       ms
[10.094s][info][gc,stats    ]       Phase: Concurrent Relocate                           3.272 / 6.172         3.272 / 6.172         3.272 / 6.172         3.272 / 6.172       ms
[10.094s][info][gc,stats    ]       Phase: Concurrent Reset Relocation Set               0.002 / 0.004         0.002 / 0.004         0.002 / 0.004         0.002 / 0.004       ms
[10.094s][info][gc,stats    ]       Phase: Concurrent Select Relocation Set              5.218 / 14.790        5.218 / 14.790        5.218 / 14.790        5.218 / 14.790      ms
[10.094s][info][gc,stats    ]       Phase: Pause Mark End                                0.013 / 0.027         0.013 / 0.027         0.013 / 0.027         0.013 / 0.027       ms
[10.094s][info][gc,stats    ]       Phase: Pause Mark Start                              0.012 / 0.016         0.012 / 0.016         0.012 / 0.016         0.012 / 0.016       ms
[10.094s][info][gc,stats    ]       Phase: Pause Relocate Start                          0.005 / 0.009         0.005 / 0.009         0.005 / 0.009         0.005 / 0.009       ms
[10.094s][info][gc,stats    ]    Subphase: Concurrent Classes Purge                      0.019 / 0.415         0.019 / 0.415         0.019 / 0.415         0.019 / 0.415       ms
[10.094s][info][gc,stats    ]    Subphase: Concurrent Classes Unlink                     0.655 / 0.844         0.655 / 0.844         0.655 / 0.844         0.655 / 0.844       ms
[10.094s][info][gc,stats    ]    Subphase: Concurrent Mark                              23.311 / 45.803       23.311 / 45.803       23.311 / 45.803       23.311 / 45.803      ms
[10.094s][info][gc,stats    ]    Subphase: Concurrent Mark Try Flush                     0.034 / 0.086         0.034 / 0.086         0.034 / 0.086         0.034 / 0.086       ms
[10.094s][info][gc,stats    ]    Subphase: Concurrent Mark Try Terminate                 4.271 / 16.664        4.271 / 16.664        4.271 / 16.664        4.271 / 16.664      ms
[10.094s][info][gc,stats    ]    Subphase: Concurrent References Enqueue                 0.000 / 0.004         0.000 / 0.004         0.000 / 0.004         0.000 / 0.004       ms
[10.094s][info][gc,stats    ]    Subphase: Concurrent References Process                 0.035 / 0.063         0.035 / 0.063         0.035 / 0.063         0.035 / 0.063       ms
[10.094s][info][gc,stats    ]    Subphase: Concurrent Roots ClassLoaderDataGraph         0.123 / 0.572         0.123 / 0.572         0.123 / 0.572         0.123 / 0.572       ms
[10.094s][info][gc,stats    ]    Subphase: Concurrent Roots CodeCache                    0.000 / 0.000         0.000 / 0.000         0.000 / 0.000         0.000 / 0.000       ms
[10.094s][info][gc,stats    ]    Subphase: Concurrent Roots JavaThreads                  0.330 / 1.270         0.330 / 1.270         0.330 / 1.270         0.330 / 1.270       ms
[10.094s][info][gc,stats    ]    Subphase: Concurrent Roots OopStorageSet                0.019 / 0.134         0.019 / 0.134         0.019 / 0.134         0.019 / 0.134       ms
[10.094s][info][gc,stats    ]    Subphase: Concurrent Weak Roots OopStorageSet           0.177 / 0.337         0.177 / 0.337         0.177 / 0.337         0.177 / 0.337       ms
[10.094s][info][gc,stats    ]    Subphase: Pause Mark Try Complete                       0.000 / 0.000         0.000 / 0.000         0.000 / 0.000         0.000 / 0.000       ms
[10.094s][info][gc,stats    ]      System: Java Threads                                     17 / 23               17 / 23               17 / 23               17 / 23          threads
[10.094s][info][gc,stats    ] =========================================================================================================================================================
[10.108s][info][gc,phases   ] GC(92) Concurrent Mark 15.219ms
[10.108s][info][gc,phases   ] GC(92) Pause Mark End 0.012ms
[10.108s][info][gc,phases   ] GC(92) Concurrent Mark Free 0.001ms
[10.109s][info][gc,phases   ] GC(92) Concurrent Process Non-Strong References 0.982ms
[10.109s][info][gc,phases   ] GC(92) Concurrent Reset Relocation Set 0.002ms
[10.115s][info][gc,phases   ] GC(92) Concurrent Select Relocation Set 5.984ms
[10.115s][info][gc,phases   ] GC(92) Pause Relocate Start 0.006ms
[10.119s][info][gc,phases   ] GC(92) Concurrent Relocate 3.870ms
[10.119s][info][gc,load     ] GC(92) Load: 0.00/0.00/0.00
[10.119s][info][gc,mmu      ] GC(92) MMU: 2ms/98.6%, 5ms/99.5%, 10ms/99.7%, 20ms/99.8%, 50ms/99.9%, 100ms/99.9%
[10.119s][info][gc,marking  ] GC(92) Mark: 4 stripe(s), 2 proactive flush(es), 1 terminate flush(es), 0 completion(s), 0 continuation(s) 
[10.119s][info][gc,marking  ] GC(92) Mark Stack Usage: 32M
[10.119s][info][gc,nmethod  ] GC(92) NMethods: 1343 registered, 45 unregistered
[10.119s][info][gc,metaspace] GC(92) Metaspace: 8M used, 8M committed, 1088M reserved
[10.120s][info][gc,ref      ] GC(92) Soft: 174 encountered, 0 discovered, 0 enqueued
[10.120s][info][gc,ref      ] GC(92) Weak: 570 encountered, 301 discovered, 0 enqueued
[10.120s][info][gc,ref      ] GC(92) Final: 0 encountered, 0 discovered, 0 enqueued
[10.120s][info][gc,ref      ] GC(92) Phantom: 21 encountered, 18 discovered, 0 enqueued
[10.120s][info][gc,reloc    ] GC(92) Small Pages: 146 / 292M, Empty: 264M, Relocated: 5M, In-Place: 0
[10.120s][info][gc,reloc    ] GC(92) Medium Pages: 1 / 16M, Empty: 0M, Relocated: 0M, In-Place: 0
[10.120s][info][gc,reloc    ] GC(92) Large Pages: 0 / 0M, Empty: 0M, Relocated: 0M, In-Place: 0
[10.120s][info][gc,reloc    ] GC(92) Forwarding Usage: 2M
[10.120s][info][gc,heap     ] GC(92) Min Capacity: 8M(2%)
[10.120s][info][gc,heap     ] GC(92) Max Capacity: 512M(100%)
[10.120s][info][gc,heap     ] GC(92) Soft Max Capacity: 512M(100%)
[10.120s][info][gc,heap     ] GC(92)                Mark Start          Mark End        Relocate Start      Relocate End           High               Low         
[10.120s][info][gc,heap     ] GC(92)  Capacity:      512M (100%)        512M (100%)        512M (100%)        512M (100%)        512M (100%)        512M (100%)   
[10.120s][info][gc,heap     ] GC(92)      Free:      204M (40%)         164M (32%)         408M (80%)         410M (80%)         416M (81%)         160M (31%)    
[10.120s][info][gc,heap     ] GC(92)      Used:      308M (60%)         348M (68%)         104M (20%)         102M (20%)         352M (69%)          96M (19%)    
[10.120s][info][gc,heap     ] GC(92)      Live:         -                 8M (2%)            8M (2%)            8M (2%)             -                  -          
[10.120s][info][gc,heap     ] GC(92) Allocated:         -                40M (8%)           60M (12%)          71M (14%)            -                  -          
[10.120s][info][gc,heap     ] GC(92)   Garbage:         -               299M (59%)          35M (7%)           21M (4%)             -                  -          
[10.120s][info][gc,heap     ] GC(92) Reclaimed:         -                  -               264M (52%)         277M (54%)            -                  -          
[10.120s][info][gc          ] GC(92) Garbage Collection (Allocation Rate) 308M(60%)->102M(20%)
[10.186s][info][gc,start    ] GC(93) Garbage Collection (Allocation Rate)
[10.186s][info][gc,task     ] GC(93) Using 5 workers
[10.186s][info][gc,phases   ] GC(93) Pause Mark Start 0.012ms
[10.217s][info][gc,phases   ] GC(93) Concurrent Mark 30.951ms
[10.218s][info][gc,phases   ] GC(93) Pause Mark End 0.012ms
[10.218s][info][gc,phases   ] GC(93) Concurrent Mark Free 0.001ms
[10.219s][info][gc,phases   ] GC(93) Concurrent Process Non-Strong References 1.216ms
[10.219s][info][gc,phases   ] GC(93) Concurrent Reset Relocation Set 0.002ms
[10.223s][info][gc,phases   ] GC(93) Concurrent Select Relocation Set 3.933ms
[10.223s][info][gc,phases   ] GC(93) Pause Relocate Start 0.005ms
[10.225s][info][gc,phases   ] GC(93) Concurrent Relocate 2.038ms
[10.225s][info][gc,load     ] GC(93) Load: 0.00/0.00/0.00
[10.225s][info][gc,mmu      ] GC(93) MMU: 2ms/98.6%, 5ms/99.5%, 10ms/99.7%, 20ms/99.8%, 50ms/99.9%, 100ms/99.9%
[10.225s][info][gc,marking  ] GC(93) Mark: 4 stripe(s), 3 proactive flush(es), 1 terminate flush(es), 0 completion(s), 0 continuation(s) 
[10.225s][info][gc,marking  ] GC(93) Mark Stack Usage: 32M
[10.225s][info][gc,nmethod  ] GC(93) NMethods: 1343 registered, 45 unregistered
[10.225s][info][gc,metaspace] GC(93) Metaspace: 8M used, 8M committed, 1088M reserved
[10.225s][info][gc,ref      ] GC(93) Soft: 174 encountered, 0 discovered, 0 enqueued
[10.225s][info][gc,ref      ] GC(93) Weak: 570 encountered, 342 discovered, 0 enqueued
[10.225s][info][gc,ref      ] GC(93) Final: 0 encountered, 0 discovered, 0 enqueued
[10.225s][info][gc,ref      ] GC(93) Phantom: 21 encountered, 18 discovered, 0 enqueued
[10.225s][info][gc,reloc    ] GC(93) Small Pages: 132 / 264M, Empty: 240M, Relocated: 2M, In-Place: 0
[10.225s][info][gc,reloc    ] GC(93) Medium Pages: 1 / 16M, Empty: 0M, Relocated: 0M, In-Place: 0
[10.225s][info][gc,reloc    ] GC(93) Large Pages: 0 / 0M, Empty: 0M, Relocated: 0M, In-Place: 0
[10.225s][info][gc,reloc    ] GC(93) Forwarding Usage: 1M
[10.225s][info][gc,heap     ] GC(93) Min Capacity: 8M(2%)
[10.226s][info][gc,heap     ] GC(93) Max Capacity: 512M(100%)
[10.226s][info][gc,heap     ] GC(93) Soft Max Capacity: 512M(100%)
[10.226s][info][gc,heap     ] GC(93)                Mark Start          Mark End        Relocate Start      Relocate End           High               Low         
[10.226s][info][gc,heap     ] GC(93)  Capacity:      512M (100%)        512M (100%)        512M (100%)        512M (100%)        512M (100%)        512M (100%)   
[10.226s][info][gc,heap     ] GC(93)      Free:      232M (45%)         146M (29%)         372M (73%)         374M (73%)         374M (73%)         142M (28%)    
[10.226s][info][gc,heap     ] GC(93)      Used:      280M (55%)         366M (71%)         140M (27%)         138M (27%)         370M (72%)         138M (27%)    
[10.226s][info][gc,heap     ] GC(93)      Live:         -                 8M (2%)            8M (2%)            8M (2%)             -                  -          
[10.226s][info][gc,heap     ] GC(93) Allocated:         -                86M (17%)         100M (20%)         103M (20%)            -                  -          
[10.226s][info][gc,heap     ] GC(93)   Garbage:         -               271M (53%)          31M (6%)           25M (5%)             -                  -          
[10.226s][info][gc,heap     ] GC(93) Reclaimed:         -                  -               240M (47%)         245M (48%)            -                  -          
[10.226s][info][gc          ] GC(93) Garbage Collection (Allocation Rate) 280M(55%)->138M(27%)
[10.280s][info][gc,start    ] GC(94) Garbage Collection (Allocation Rate)
[10.280s][info][gc,task     ] GC(94) Using 5 workers
[10.280s][info][gc,phases   ] GC(94) Pause Mark Start 0.011ms
[10.311s][info][gc,phases   ] GC(94) Concurrent Mark 30.980ms
[10.311s][info][gc,phases   ] GC(94) Pause Mark End 0.013ms
[10.311s][info][gc,phases   ] GC(94) Concurrent Mark Free 0.001ms
[10.312s][info][gc,phases   ] GC(94) Concurrent Process Non-Strong References 1.141ms
[10.313s][info][gc,phases   ] GC(94) Concurrent Reset Relocation Set 0.002ms
[10.318s][info][gc,phases   ] GC(94) Concurrent Select Relocation Set 5.418ms
[10.318s][info][gc,phases   ] GC(94) Pause Relocate Start 0.006ms
[10.321s][info][gc,phases   ] GC(94) Concurrent Relocate 2.839ms
[10.321s][info][gc,load     ] GC(94) Load: 0.00/0.00/0.00
[10.321s][info][gc,mmu      ] GC(94) MMU: 2ms/98.6%, 5ms/99.5%, 10ms/99.7%, 20ms/99.8%, 50ms/99.9%, 100ms/99.9%
[10.321s][info][gc,marking  ] GC(94) Mark: 4 stripe(s), 2 proactive flush(es), 1 terminate flush(es), 0 completion(s), 0 continuation(s) 
[10.321s][info][gc,marking  ] GC(94) Mark Stack Usage: 32M
[10.321s][info][gc,nmethod  ] GC(94) NMethods: 1343 registered, 45 unregistered
[10.321s][info][gc,metaspace] GC(94) Metaspace: 8M used, 8M committed, 1088M reserved
[10.321s][info][gc,ref      ] GC(94) Soft: 174 encountered, 0 discovered, 0 enqueued
[10.321s][info][gc,ref      ] GC(94) Weak: 570 encountered, 310 discovered, 0 enqueued
[10.321s][info][gc,ref      ] GC(94) Final: 0 encountered, 0 discovered, 0 enqueued
[10.321s][info][gc,ref      ] GC(94) Phantom: 21 encountered, 19 discovered, 0 enqueued
[10.321s][info][gc,reloc    ] GC(94) Small Pages: 107 / 214M, Empty: 182M, Relocated: 3M, In-Place: 0
[10.321s][info][gc,reloc    ] GC(94) Medium Pages: 2 / 32M, Empty: 16M, Relocated: 0M, In-Place: 0
[10.321s][info][gc,reloc    ] GC(94) Large Pages: 0 / 0M, Empty: 0M, Relocated: 0M, In-Place: 0
[10.321s][info][gc,reloc    ] GC(94) Forwarding Usage: 1M
[10.321s][info][gc,heap     ] GC(94) Min Capacity: 8M(2%)
[10.321s][info][gc,heap     ] GC(94) Max Capacity: 512M(100%)
[10.321s][info][gc,heap     ] GC(94) Soft Max Capacity: 512M(100%)
[10.321s][info][gc,heap     ] GC(94)                Mark Start          Mark End        Relocate Start      Relocate End           High               Low         
[10.322s][info][gc,heap     ] GC(94)  Capacity:      512M (100%)        512M (100%)        512M (100%)        512M (100%)        512M (100%)        512M (100%)   
[10.322s][info][gc,heap     ] GC(94)      Free:      266M (52%)         182M (36%)         362M (71%)         368M (72%)         368M (72%)         178M (35%)    
[10.322s][info][gc,heap     ] GC(94)      Used:      246M (48%)         330M (64%)         150M (29%)         144M (28%)         334M (65%)         144M (28%)    
[10.322s][info][gc,heap     ] GC(94)      Live:         -                 9M (2%)            9M (2%)            9M (2%)             -                  -          
[10.322s][info][gc,heap     ] GC(94) Allocated:         -                84M (16%)         102M (20%)         109M (21%)            -                  -          
[10.322s][info][gc,heap     ] GC(94)   Garbage:         -               236M (46%)          38M (8%)           24M (5%)             -                  -          
[10.322s][info][gc,heap     ] GC(94) Reclaimed:         -                  -               198M (39%)         211M (41%)            -                  -          
[10.322s][info][gc          ] GC(94) Garbage Collection (Allocation Rate) 246M(48%)->144M(28%)
[10.381s][info][gc,start    ] GC(95) Garbage Collection (Allocation Rate)
[10.381s][info][gc,task     ] GC(95) Using 5 workers
[10.381s][info][gc,phases   ] GC(95) Pause Mark Start 0.010ms
[10.396s][info][gc,phases   ] GC(95) Concurrent Mark 15.421ms
[10.396s][info][gc,phases   ] GC(95) Pause Mark End 0.011ms
[10.396s][info][gc,phases   ] GC(95) Concurrent Mark Free 0.001ms
[10.397s][info][gc,phases   ] GC(95) Concurrent Process Non-Strong References 0.909ms
[10.397s][info][gc,phases   ] GC(95) Concurrent Reset Relocation Set 0.002ms
[10.403s][info][gc,phases   ] GC(95) Concurrent Select Relocation Set 5.860ms
[10.403s][info][gc,phases   ] GC(95) Pause Relocate Start 0.005ms
[10.408s][info][gc,phases   ] GC(95) Concurrent Relocate 4.807ms
[10.408s][info][gc,load     ] GC(95) Load: 0.00/0.00/0.00
[10.408s][info][gc,mmu      ] GC(95) MMU: 2ms/98.6%, 5ms/99.5%, 10ms/99.7%, 20ms/99.8%, 50ms/99.9%, 100ms/99.9%
[10.408s][info][gc,marking  ] GC(95) Mark: 4 stripe(s), 2 proactive flush(es), 1 terminate flush(es), 0 completion(s), 0 continuation(s) 
[10.408s][info][gc,marking  ] GC(95) Mark Stack Usage: 32M
[10.408s][info][gc,nmethod  ] GC(95) NMethods: 1343 registered, 45 unregistered
[10.408s][info][gc,metaspace] GC(95) Metaspace: 8M used, 8M committed, 1088M reserved
[10.408s][info][gc,ref      ] GC(95) Soft: 174 encountered, 0 discovered, 0 enqueued
[10.408s][info][gc,ref      ] GC(95) Weak: 570 encountered, 275 discovered, 0 enqueued
[10.408s][info][gc,ref      ] GC(95) Final: 0 encountered, 0 discovered, 0 enqueued
[10.409s][info][gc,ref      ] GC(95) Phantom: 21 encountered, 14 discovered, 0 enqueued
[10.409s][info][gc,reloc    ] GC(95) Small Pages: 145 / 290M, Empty: 252M, Relocated: 6M, In-Place: 0
[10.409s][info][gc,reloc    ] GC(95) Medium Pages: 1 / 16M, Empty: 0M, Relocated: 0M, In-Place: 0
[10.409s][info][gc,reloc    ] GC(95) Large Pages: 0 / 0M, Empty: 0M, Relocated: 0M, In-Place: 0
[10.409s][info][gc,reloc    ] GC(95) Forwarding Usage: 2M
[10.409s][info][gc,heap     ] GC(95) Min Capacity: 8M(2%)
[10.409s][info][gc,heap     ] GC(95) Max Capacity: 512M(100%)
[10.409s][info][gc,heap     ] GC(95) Soft Max Capacity: 512M(100%)
[10.409s][info][gc,heap     ] GC(95)                Mark Start          Mark End        Relocate Start      Relocate End           High               Low         
[10.409s][info][gc,heap     ] GC(95)  Capacity:      512M (100%)        512M (100%)        512M (100%)        512M (100%)        512M (100%)        512M (100%)   
[10.409s][info][gc,heap     ] GC(95)      Free:      206M (40%)         162M (32%)         398M (78%)         408M (80%)         412M (80%)         160M (31%)    
[10.409s][info][gc,heap     ] GC(95)      Used:      306M (60%)         350M (68%)         114M (22%)         104M (20%)         352M (69%)         100M (20%)    
[10.409s][info][gc,heap     ] GC(95)      Live:         -                10M (2%)           10M (2%)           10M (2%)             -                  -          
[10.409s][info][gc,heap     ] GC(95) Allocated:         -                44M (9%)           60M (12%)          73M (14%)            -                  -          
[10.409s][info][gc,heap     ] GC(95)   Garbage:         -               295M (58%)          43M (9%)           19M (4%)             -                  -          
[10.409s][info][gc,heap     ] GC(95) Reclaimed:         -                  -               252M (49%)         275M (54%)            -                  -          
[10.409s][info][gc          ] GC(95) Garbage Collection (Allocation Rate) 306M(60%)->104M(20%)
[10.490s][info][gc,start    ] GC(96) Garbage Collection (Allocation Rate)
[10.490s][info][gc,task     ] GC(96) Using 5 workers
[10.490s][info][gc,phases   ] GC(96) Pause Mark Start 0.011ms
[10.506s][info][gc,phases   ] GC(96) Concurrent Mark 15.345ms
[10.506s][info][gc,phases   ] GC(96) Pause Mark End 0.010ms
[10.506s][info][gc,phases   ] GC(96) Concurrent Mark Free 0.001ms
[10.507s][info][gc,phases   ] GC(96) Concurrent Process Non-Strong References 0.919ms
[10.507s][info][gc,phases   ] GC(96) Concurrent Reset Relocation Set 0.003ms
[10.511s][info][gc,phases   ] GC(96) Concurrent Select Relocation Set 3.928ms
[10.511s][info][gc,phases   ] GC(96) Pause Relocate Start 0.004ms
[10.513s][info][gc,phases   ] GC(96) Concurrent Relocate 1.954ms
[10.513s][info][gc,load     ] GC(96) Load: 0.00/0.00/0.00
[10.513s][info][gc,mmu      ] GC(96) MMU: 2ms/98.6%, 5ms/99.5%, 10ms/99.7%, 20ms/99.8%, 50ms/99.9%, 100ms/99.9%
[10.513s][info][gc,marking  ] GC(96) Mark: 4 stripe(s), 2 proactive flush(es), 1 terminate flush(es), 0 completion(s), 0 continuation(s) 
[10.513s][info][gc,marking  ] GC(96) Mark Stack Usage: 32M
[10.513s][info][gc,nmethod  ] GC(96) NMethods: 1343 registered, 45 unregistered
[10.513s][info][gc,metaspace] GC(96) Metaspace: 8M used, 8M committed, 1088M reserved
[10.513s][info][gc,ref      ] GC(96) Soft: 174 encountered, 0 discovered, 0 enqueued
[10.513s][info][gc,ref      ] GC(96) Weak: 570 encountered, 184 discovered, 0 enqueued
[10.513s][info][gc,ref      ] GC(96) Final: 0 encountered, 0 discovered, 0 enqueued
[10.513s][info][gc,ref      ] GC(96) Phantom: 21 encountered, 16 discovered, 0 enqueued
[10.513s][info][gc,reloc    ] GC(96) Small Pages: 134 / 268M, Empty: 238M, Relocated: 2M, In-Place: 0
[10.513s][info][gc,reloc    ] GC(96) Medium Pages: 1 / 16M, Empty: 0M, Relocated: 0M, In-Place: 0
[10.513s][info][gc,reloc    ] GC(96) Large Pages: 0 / 0M, Empty: 0M, Relocated: 0M, In-Place: 0
[10.513s][info][gc,reloc    ] GC(96) Forwarding Usage: 0M
[10.513s][info][gc,heap     ] GC(96) Min Capacity: 8M(2%)
[10.513s][info][gc,heap     ] GC(96) Max Capacity: 512M(100%)
[10.513s][info][gc,heap     ] GC(96) Soft Max Capacity: 512M(100%)
[10.513s][info][gc,heap     ] GC(96)                Mark Start          Mark End        Relocate Start      Relocate End           High               Low         
[10.513s][info][gc,heap     ] GC(96)  Capacity:      512M (100%)        512M (100%)        512M (100%)        512M (100%)        512M (100%)        512M (100%)   
[10.513s][info][gc,heap     ] GC(96)      Free:      228M (45%)         212M (41%)         442M (86%)         448M (88%)         448M (88%)         210M (41%)    
[10.513s][info][gc,heap     ] GC(96)      Used:      284M (55%)         300M (59%)          70M (14%)          64M (13%)         302M (59%)          64M (13%)    
[10.513s][info][gc,heap     ] GC(96)      Live:         -                11M (2%)           11M (2%)           11M (2%)             -                  -          
[10.513s][info][gc,heap     ] GC(96) Allocated:         -                16M (3%)           24M (5%)           27M (5%)             -                  -          
[10.513s][info][gc,heap     ] GC(96)   Garbage:         -               272M (53%)          34M (7%)           24M (5%)             -                  -          
[10.513s][info][gc,heap     ] GC(96) Reclaimed:         -                  -               238M (46%)         247M (48%)            -                  -          
[10.514s][info][gc          ] GC(96) Garbage Collection (Allocation Rate) 284M(55%)->64M(13%)
[10.584s][info][gc,start    ] GC(97) Garbage Collection (Allocation Rate)
[10.584s][info][gc,task     ] GC(97) Using 5 workers
[10.584s][info][gc,phases   ] GC(97) Pause Mark Start 0.010ms
[10.599s][info][gc,phases   ] GC(97) Concurrent Mark 15.324ms
[10.599s][info][gc,phases   ] GC(97) Pause Mark End 0.011ms
[10.599s][info][gc,phases   ] GC(97) Concurrent Mark Free 0.001ms
[10.600s][info][gc,phases   ] GC(97) Concurrent Process Non-Strong References 0.945ms
[10.600s][info][gc,phases   ] GC(97) Concurrent Reset Relocation Set 0.002ms
[10.606s][info][gc,phases   ] GC(97) Concurrent Select Relocation Set 5.196ms
[10.606s][info][gc,phases   ] GC(97) Pause Relocate Start 0.005ms
[10.609s][info][gc,phases   ] GC(97) Concurrent Relocate 3.452ms
[10.609s][info][gc,load     ] GC(97) Load: 0.00/0.00/0.00
[10.609s][info][gc,mmu      ] GC(97) MMU: 2ms/98.6%, 5ms/99.5%, 10ms/99.7%, 20ms/99.8%, 50ms/99.9%, 100ms/99.9%
[10.609s][info][gc,marking  ] GC(97) Mark: 4 stripe(s), 2 proactive flush(es), 1 terminate flush(es), 0 completion(s), 0 continuation(s) 
[10.609s][info][gc,marking  ] GC(97) Mark Stack Usage: 32M
[10.609s][info][gc,nmethod  ] GC(97) NMethods: 1343 registered, 45 unregistered
[10.609s][info][gc,metaspace] GC(97) Metaspace: 8M used, 8M committed, 1088M reserved
[10.609s][info][gc,ref      ] GC(97) Soft: 174 encountered, 0 discovered, 0 enqueued
[10.610s][info][gc,ref      ] GC(97) Weak: 570 encountered, 194 discovered, 0 enqueued
[10.610s][info][gc,ref      ] GC(97) Final: 0 encountered, 0 discovered, 0 enqueued
[10.610s][info][gc,ref      ] GC(97) Phantom: 21 encountered, 13 discovered, 0 enqueued
[10.610s][info][gc,reloc    ] GC(97) Small Pages: 107 / 214M, Empty: 180M, Relocated: 3M, In-Place: 0
[10.610s][info][gc,reloc    ] GC(97) Medium Pages: 2 / 32M, Empty: 0M, Relocated: 0M, In-Place: 0
[10.610s][info][gc,reloc    ] GC(97) Large Pages: 0 / 0M, Empty: 0M, Relocated: 0M, In-Place: 0
[10.610s][info][gc,reloc    ] GC(97) Forwarding Usage: 1M
[10.610s][info][gc,heap     ] GC(97) Min Capacity: 8M(2%)
[10.610s][info][gc,heap     ] GC(97) Max Capacity: 512M(100%)
[10.610s][info][gc,heap     ] GC(97) Soft Max Capacity: 512M(100%)
[10.610s][info][gc,heap     ] GC(97)                Mark Start          Mark End        Relocate Start      Relocate End           High               Low         
[10.610s][info][gc,heap     ] GC(97)  Capacity:      512M (100%)        512M (100%)        512M (100%)        512M (100%)        512M (100%)        512M (100%)   
[10.610s][info][gc,heap     ] GC(97)      Free:      266M (52%)         228M (45%)         390M (76%)         412M (80%)         414M (81%)         224M (44%)    
[10.610s][info][gc,heap     ] GC(97)      Used:      246M (48%)         284M (55%)         122M (24%)         100M (20%)         288M (56%)          98M (19%)    
[10.610s][info][gc,heap     ] GC(97)      Live:         -                11M (2%)           11M (2%)           11M (2%)             -                  -          
[10.610s][info][gc,heap     ] GC(97) Allocated:         -                38M (7%)           56M (11%)          63M (12%)            -                  -          
[10.610s][info][gc,heap     ] GC(97)   Garbage:         -               234M (46%)          54M (11%)          24M (5%)             -                  -          
[10.610s][info][gc,heap     ] GC(97) Reclaimed:         -                  -               180M (35%)         209M (41%)            -                  -          
[10.610s][info][gc          ] GC(97) Garbage Collection (Allocation Rate) 246M(48%)->100M(20%)
[10.693s][info][gc,start    ] GC(98) Garbage Collection (Allocation Rate)
[10.693s][info][gc,task     ] GC(98) Using 5 workers
[10.693s][info][gc,phases   ] GC(98) Pause Mark Start 0.011ms
[10.709s][info][gc,phases   ] GC(98) Concurrent Mark 15.358ms
[10.709s][info][gc,phases   ] GC(98) Pause Mark End 0.010ms
[10.709s][info][gc,phases   ] GC(98) Concurrent Mark Free 0.001ms
[10.710s][info][gc,phases   ] GC(98) Concurrent Process Non-Strong References 0.855ms
[10.710s][info][gc,phases   ] GC(98) Concurrent Reset Relocation Set 0.003ms
[10.716s][info][gc,phases   ] GC(98) Concurrent Select Relocation Set 6.387ms
[10.716s][info][gc,phases   ] GC(98) Pause Relocate Start 0.005ms
[10.721s][info][gc,phases   ] GC(98) Concurrent Relocate 4.854ms
[10.721s][info][gc,load     ] GC(98) Load: 0.00/0.00/0.00
[10.721s][info][gc,mmu      ] GC(98) MMU: 2ms/98.6%, 5ms/99.5%, 10ms/99.7%, 20ms/99.8%, 50ms/99.9%, 100ms/99.9%
[10.721s][info][gc,marking  ] GC(98) Mark: 4 stripe(s), 2 proactive flush(es), 1 terminate flush(es), 0 completion(s), 0 continuation(s) 
[10.721s][info][gc,marking  ] GC(98) Mark Stack Usage: 32M
[10.721s][info][gc,nmethod  ] GC(98) NMethods: 1343 registered, 45 unregistered
[10.721s][info][gc,metaspace] GC(98) Metaspace: 8M used, 8M committed, 1088M reserved
[10.721s][info][gc,ref      ] GC(98) Soft: 174 encountered, 0 discovered, 0 enqueued
[10.721s][info][gc,ref      ] GC(98) Weak: 570 encountered, 186 discovered, 0 enqueued
[10.721s][info][gc,ref      ] GC(98) Final: 0 encountered, 0 discovered, 0 enqueued
[10.721s][info][gc,ref      ] GC(98) Phantom: 21 encountered, 15 discovered, 0 enqueued
[10.721s][info][gc,reloc    ] GC(98) Small Pages: 153 / 306M, Empty: 272M, Relocated: 6M, In-Place: 0
[10.721s][info][gc,reloc    ] GC(98) Medium Pages: 1 / 16M, Empty: 0M, Relocated: 0M, In-Place: 0
[10.722s][info][gc,reloc    ] GC(98) Large Pages: 0 / 0M, Empty: 0M, Relocated: 0M, In-Place: 0
[10.722s][info][gc,reloc    ] GC(98) Forwarding Usage: 3M
[10.722s][info][gc,heap     ] GC(98) Min Capacity: 8M(2%)
[10.722s][info][gc,heap     ] GC(98) Max Capacity: 512M(100%)
[10.722s][info][gc,heap     ] GC(98) Soft Max Capacity: 512M(100%)
[10.722s][info][gc,heap     ] GC(98)                Mark Start          Mark End        Relocate Start      Relocate End           High               Low         
[10.722s][info][gc,heap     ] GC(98)  Capacity:      512M (100%)        512M (100%)        512M (100%)        512M (100%)        512M (100%)        512M (100%)   
[10.722s][info][gc,heap     ] GC(98)      Free:      190M (37%)         150M (29%)         402M (79%)         408M (80%)         410M (80%)         148M (29%)    
[10.722s][info][gc,heap     ] GC(98)      Used:      322M (63%)         362M (71%)         110M (21%)         104M (20%)         364M (71%)         102M (20%)    
[10.722s][info][gc,heap     ] GC(98)      Live:         -                12M (2%)           12M (2%)           12M (2%)             -                  -          
[10.722s][info][gc,heap     ] GC(98) Allocated:         -                40M (8%)           60M (12%)          71M (14%)            -                  -          
[10.722s][info][gc,heap     ] GC(98)   Garbage:         -               309M (60%)          37M (7%)           19M (4%)             -                  -          
[10.722s][info][gc,heap     ] GC(98) Reclaimed:         -                  -               272M (53%)         289M (57%)            -                  -          
[10.722s][info][gc          ] GC(98) Garbage Collection (Allocation Rate) 322M(63%)->104M(20%)
[10.787s][info][gc,start    ] GC(99) Garbage Collection (Allocation Rate)
[10.787s][info][gc,task     ] GC(99) Using 5 workers
[10.787s][info][gc,phases   ] GC(99) Pause Mark Start 0.010ms
[10.818s][info][gc,phases   ] GC(99) Concurrent Mark 31.010ms
[10.818s][info][gc,phases   ] GC(99) Pause Mark End 0.014ms
[10.818s][info][gc,phases   ] GC(99) Concurrent Mark Free 0.001ms
[10.819s][info][gc,phases   ] GC(99) Concurrent Process Non-Strong References 1.254ms
[10.819s][info][gc,phases   ] GC(99) Concurrent Reset Relocation Set 0.003ms
[10.823s][info][gc,phases   ] GC(99) Concurrent Select Relocation Set 3.808ms
[10.823s][info][gc,phases   ] GC(99) Pause Relocate Start 0.006ms
[10.826s][info][gc,phases   ] GC(99) Concurrent Relocate 2.894ms
[10.826s][info][gc,load     ] GC(99) Load: 0.00/0.00/0.00
[10.826s][info][gc,mmu      ] GC(99) MMU: 2ms/98.6%, 5ms/99.5%, 10ms/99.7%, 20ms/99.8%, 50ms/99.9%, 100ms/99.9%
[10.826s][info][gc,marking  ] GC(99) Mark: 4 stripe(s), 2 proactive flush(es), 1 terminate flush(es), 0 completion(s), 0 continuation(s) 
[10.827s][info][gc,marking  ] GC(99) Mark Stack Usage: 32M
[10.827s][info][gc,nmethod  ] GC(99) NMethods: 1343 registered, 45 unregistered
[10.827s][info][gc,metaspace] GC(99) Metaspace: 8M used, 8M committed, 1088M reserved
[10.827s][info][gc,ref      ] GC(99) Soft: 174 encountered, 0 discovered, 0 enqueued
[10.827s][info][gc,ref      ] GC(99) Weak: 570 encountered, 155 discovered, 0 enqueued
[10.827s][info][gc,ref      ] GC(99) Final: 0 encountered, 0 discovered, 0 enqueued
[10.827s][info][gc,ref      ] GC(99) Phantom: 21 encountered, 14 discovered, 0 enqueued
[10.827s][info][gc,reloc    ] GC(99) Small Pages: 121 / 242M, Empty: 212M, Relocated: 4M, In-Place: 0
[10.827s][info][gc,reloc    ] GC(99) Medium Pages: 1 / 16M, Empty: 0M, Relocated: 0M, In-Place: 0
[10.827s][info][gc,reloc    ] GC(99) Large Pages: 0 / 0M, Empty: 0M, Relocated: 0M, In-Place: 0
[10.827s][info][gc,reloc    ] GC(99) Forwarding Usage: 2M
[10.827s][info][gc,heap     ] GC(99) Min Capacity: 8M(2%)
[10.827s][info][gc,heap     ] GC(99) Max Capacity: 512M(100%)
[10.827s][info][gc,heap     ] GC(99) Soft Max Capacity: 512M(100%)
[10.827s][info][gc,heap     ] GC(99)                Mark Start          Mark End        Relocate Start      Relocate End           High               Low         
[10.827s][info][gc,heap     ] GC(99)  Capacity:      512M (100%)        512M (100%)        512M (100%)        512M (100%)        512M (100%)        512M (100%)   
[10.827s][info][gc,heap     ] GC(99)      Free:      254M (50%)         172M (34%)         368M (72%)         372M (73%)         372M (73%)         168M (33%)    
[10.827s][info][gc,heap     ] GC(99)      Used:      258M (50%)         340M (66%)         144M (28%)         140M (27%)         344M (67%)         140M (27%)    
[10.827s][info][gc,heap     ] GC(99)      Live:         -                12M (3%)           12M (3%)           12M (3%)             -                  -          
[10.827s][info][gc,heap     ] GC(99) Allocated:         -                82M (16%)          98M (19%)         103M (20%)            -                  -          
[10.827s][info][gc,heap     ] GC(99)   Garbage:         -               245M (48%)          33M (6%)           23M (5%)             -                  -          
[10.827s][info][gc,heap     ] GC(99) Reclaimed:         -                  -               212M (41%)         221M (43%)            -                  -          
[10.827s][info][gc          ] GC(99) Garbage Collection (Allocation Rate) 258M(50%)->140M(27%)
[10.880s][info][gc,start    ] GC(100) Garbage Collection (Allocation Rate)
[10.881s][info][gc,task     ] GC(100) Using 5 workers
[10.881s][info][gc,phases   ] GC(100) Pause Mark Start 0.011ms
[10.912s][info][gc,phases   ] GC(100) Concurrent Mark 30.972ms
[10.912s][info][gc,phases   ] GC(100) Pause Mark End 0.013ms
[10.912s][info][gc,phases   ] GC(100) Concurrent Mark Free 0.001ms
[10.913s][info][gc,phases   ] GC(100) Concurrent Process Non-Strong References 1.120ms
[10.913s][info][gc,phases   ] GC(100) Concurrent Reset Relocation Set 0.001ms
[10.920s][info][gc,phases   ] GC(100) Concurrent Select Relocation Set 7.009ms
[10.920s][info][gc,phases   ] GC(100) Pause Relocate Start 0.005ms
[10.925s][info][gc,phases   ] GC(100) Concurrent Relocate 4.407ms
[10.925s][info][gc,load     ] GC(100) Load: 0.00/0.00/0.00
[10.925s][info][gc,mmu      ] GC(100) MMU: 2ms/98.6%, 5ms/99.5%, 10ms/99.7%, 20ms/99.8%, 50ms/99.9%, 100ms/99.9%
[10.925s][info][gc,marking  ] GC(100) Mark: 4 stripe(s), 2 proactive flush(es), 1 terminate flush(es), 0 completion(s), 0 continuation(s) 
[10.925s][info][gc,marking  ] GC(100) Mark Stack Usage: 32M
[10.925s][info][gc,nmethod  ] GC(100) NMethods: 1343 registered, 45 unregistered
[10.925s][info][gc,metaspace] GC(100) Metaspace: 8M used, 8M committed, 1088M reserved
[10.925s][info][gc,ref      ] GC(100) Soft: 174 encountered, 0 discovered, 0 enqueued
[10.925s][info][gc,ref      ] GC(100) Weak: 570 encountered, 210 discovered, 0 enqueued
[10.925s][info][gc,ref      ] GC(100) Final: 0 encountered, 0 discovered, 0 enqueued
[10.925s][info][gc,ref      ] GC(100) Phantom: 21 encountered, 13 discovered, 0 enqueued
[10.925s][info][gc,reloc    ] GC(100) Small Pages: 134 / 268M, Empty: 232M, Relocated: 6M, In-Place: 0
[10.925s][info][gc,reloc    ] GC(100) Medium Pages: 1 / 16M, Empty: 0M, Relocated: 0M, In-Place: 0
[10.925s][info][gc,reloc    ] GC(100) Large Pages: 0 / 0M, Empty: 0M, Relocated: 0M, In-Place: 0
[10.925s][info][gc,reloc    ] GC(100) Forwarding Usage: 2M
[10.925s][info][gc,heap     ] GC(100) Min Capacity: 8M(2%)
[10.925s][info][gc,heap     ] GC(100) Max Capacity: 512M(100%)
[10.925s][info][gc,heap     ] GC(100) Soft Max Capacity: 512M(100%)
[10.925s][info][gc,heap     ] GC(100)                Mark Start          Mark End        Relocate Start      Relocate End           High               Low         
[10.925s][info][gc,heap     ] GC(100)  Capacity:      512M (100%)        512M (100%)        512M (100%)        512M (100%)        512M (100%)        512M (100%)   
[10.925s][info][gc,heap     ] GC(100)      Free:      228M (45%)         148M (29%)         358M (70%)         364M (71%)         368M (72%)         144M (28%)    
[10.925s][info][gc,heap     ] GC(100)      Used:      284M (55%)         364M (71%)         154M (30%)         148M (29%)         368M (72%)         144M (28%)    
[10.925s][info][gc,heap     ] GC(100)      Live:         -                13M (3%)           13M (3%)           13M (3%)             -                  -          
[10.925s][info][gc,heap     ] GC(100) Allocated:         -                80M (16%)         102M (20%)         113M (22%)            -                  -          
[10.925s][info][gc,heap     ] GC(100)   Garbage:         -               270M (53%)          38M (7%)           20M (4%)             -                  -          
[10.925s][info][gc,heap     ] GC(100) Reclaimed:         -                  -               232M (45%)         249M (49%)            -                  -          
[10.925s][info][gc          ] GC(100) Garbage Collection (Allocation Rate) 284M(55%)->148M(29%)
[10.981s][info][gc,start    ] GC(101) Garbage Collection (Allocation Rate)
[10.981s][info][gc,task     ] GC(101) Using 5 workers
[10.981s][info][gc,phases   ] GC(101) Pause Mark Start 0.012ms
[11.012s][info][gc,phases   ] GC(101) Concurrent Mark 30.919ms
[11.012s][info][gc,phases   ] GC(101) Pause Mark End 0.015ms
[11.012s][info][gc,phases   ] GC(101) Concurrent Mark Free 0.001ms
[11.014s][info][gc,phases   ] GC(101) Concurrent Process Non-Strong References 1.148ms
[11.014s][info][gc,phases   ] GC(101) Concurrent Reset Relocation Set 0.003ms
[11.018s][info][gc,phases   ] GC(101) Concurrent Select Relocation Set 3.923ms
[11.018s][info][gc,phases   ] GC(101) Pause Relocate Start 0.006ms
[11.020s][info][gc,phases   ] GC(101) Concurrent Relocate 2.453ms
[11.020s][info][gc,load     ] GC(101) Load: 0.00/0.00/0.00
[11.020s][info][gc,mmu      ] GC(101) MMU: 2ms/98.6%, 5ms/99.5%, 10ms/99.7%, 20ms/99.8%, 50ms/99.9%, 100ms/99.9%
[11.020s][info][gc,marking  ] GC(101) Mark: 4 stripe(s), 2 proactive flush(es), 1 terminate flush(es), 0 completion(s), 0 continuation(s) 
[11.020s][info][gc,marking  ] GC(101) Mark Stack Usage: 32M
[11.020s][info][gc,nmethod  ] GC(101) NMethods: 1343 registered, 45 unregistered
[11.020s][info][gc,metaspace] GC(101) Metaspace: 8M used, 8M committed, 1088M reserved
[11.020s][info][gc,ref      ] GC(101) Soft: 174 encountered, 0 discovered, 0 enqueued
[11.021s][info][gc,ref      ] GC(101) Weak: 570 encountered, 88 discovered, 0 enqueued
[11.021s][info][gc,ref      ] GC(101) Final: 0 encountered, 0 discovered, 0 enqueued
[11.021s][info][gc,ref      ] GC(101) Phantom: 21 encountered, 10 discovered, 0 enqueued
[11.021s][info][gc,reloc    ] GC(101) Small Pages: 111 / 222M, Empty: 186M, Relocated: 3M, In-Place: 0
[11.021s][info][gc,reloc    ] GC(101) Medium Pages: 2 / 32M, Empty: 0M, Relocated: 1M, In-Place: 0
[11.021s][info][gc,reloc    ] GC(101) Large Pages: 0 / 0M, Empty: 0M, Relocated: 0M, In-Place: 0
[11.021s][info][gc,reloc    ] GC(101) Forwarding Usage: 1M
[11.021s][info][gc,heap     ] GC(101) Min Capacity: 8M(2%)
[11.021s][info][gc,heap     ] GC(101) Max Capacity: 512M(100%)
[11.021s][info][gc,heap     ] GC(101) Soft Max Capacity: 512M(100%)
[11.021s][info][gc,heap     ] GC(101)                Mark Start          Mark End        Relocate Start      Relocate End           High               Low         
[11.021s][info][gc,heap     ] GC(101)  Capacity:      512M (100%)        512M (100%)        512M (100%)        512M (100%)        512M (100%)        512M (100%)   
[11.021s][info][gc,heap     ] GC(101)      Free:      258M (50%)         176M (34%)         348M (68%)         372M (73%)         372M (73%)         172M (34%)    
[11.021s][info][gc,heap     ] GC(101)      Used:      254M (50%)         336M (66%)         164M (32%)         140M (27%)         340M (66%)         140M (27%)    
[11.021s][info][gc,heap     ] GC(101)      Live:         -                14M (3%)           14M (3%)           14M (3%)             -                  -          
[11.021s][info][gc,heap     ] GC(101) Allocated:         -                82M (16%)          96M (19%)         101M (20%)            -                  -          
[11.021s][info][gc,heap     ] GC(101)   Garbage:         -               239M (47%)          53M (10%)          23M (5%)             -                  -          
[11.021s][info][gc,heap     ] GC(101) Reclaimed:         -                  -               186M (36%)         215M (42%)            -                  -          
[11.021s][info][gc          ] GC(101) Garbage Collection (Allocation Rate) 254M(50%)->140M(27%)
[11.090s][info][gc,start    ] GC(102) Garbage Collection (Allocation Rate)
[11.090s][info][gc,task     ] GC(102) Using 5 workers
[11.091s][info][gc,phases   ] GC(102) Pause Mark Start 0.010ms
[11.122s][info][gc,phases   ] GC(102) Concurrent Mark 31.036ms
[11.122s][info][gc,phases   ] GC(102) Pause Mark End 0.015ms
[11.122s][info][gc,phases   ] GC(102) Concurrent Mark Free 0.001ms
[11.123s][info][gc,phases   ] GC(102) Concurrent Process Non-Strong References 1.043ms
[11.123s][info][gc,phases   ] GC(102) Concurrent Reset Relocation Set 0.002ms
[11.129s][info][gc,phases   ] GC(102) Concurrent Select Relocation Set 6.294ms
[11.129s][info][gc,phases   ] GC(102) Pause Relocate Start 0.006ms
[11.136s][info][gc,phases   ] GC(102) Concurrent Relocate 6.106ms
[11.136s][info][gc,load     ] GC(102) Load: 0.00/0.00/0.00
[11.136s][info][gc,mmu      ] GC(102) MMU: 2ms/98.6%, 5ms/99.5%, 10ms/99.7%, 20ms/99.8%, 50ms/99.9%, 100ms/99.9%
[11.136s][info][gc,marking  ] GC(102) Mark: 4 stripe(s), 2 proactive flush(es), 1 terminate flush(es), 0 completion(s), 0 continuation(s) 
[11.136s][info][gc,marking  ] GC(102) Mark Stack Usage: 32M
[11.136s][info][gc,nmethod  ] GC(102) NMethods: 1343 registered, 45 unregistered
[11.136s][info][gc,metaspace] GC(102) Metaspace: 8M used, 8M committed, 1088M reserved
[11.136s][info][gc,ref      ] GC(102) Soft: 174 encountered, 0 discovered, 0 enqueued
[11.136s][info][gc,ref      ] GC(102) Weak: 570 encountered, 280 discovered, 0 enqueued
[11.136s][info][gc,ref      ] GC(102) Final: 0 encountered, 0 discovered, 0 enqueued
[11.136s][info][gc,ref      ] GC(102) Phantom: 21 encountered, 11 discovered, 0 enqueued
[11.136s][info][gc,reloc    ] GC(102) Small Pages: 154 / 308M, Empty: 268M, Relocated: 6M, In-Place: 0
[11.136s][info][gc,reloc    ] GC(102) Medium Pages: 1 / 16M, Empty: 0M, Relocated: 0M, In-Place: 0
[11.136s][info][gc,reloc    ] GC(102) Large Pages: 0 / 0M, Empty: 0M, Relocated: 0M, In-Place: 0
[11.136s][info][gc,reloc    ] GC(102) Forwarding Usage: 2M
[11.136s][info][gc,heap     ] GC(102) Min Capacity: 8M(2%)
[11.136s][info][gc,heap     ] GC(102) Max Capacity: 512M(100%)
[11.136s][info][gc,heap     ] GC(102) Soft Max Capacity: 512M(100%)
[11.136s][info][gc,heap     ] GC(102)                Mark Start          Mark End        Relocate Start      Relocate End           High               Low         
[11.136s][info][gc,heap     ] GC(102)  Capacity:      512M (100%)        512M (100%)        512M (100%)        512M (100%)        512M (100%)        512M (100%)   
[11.136s][info][gc,heap     ] GC(102)      Free:      188M (37%)         108M (21%)         356M (70%)         358M (70%)         366M (71%)         106M (21%)    
[11.136s][info][gc,heap     ] GC(102)      Used:      324M (63%)         404M (79%)         156M (30%)         154M (30%)         406M (79%)         146M (29%)    
[11.136s][info][gc,heap     ] GC(102)      Live:         -                15M (3%)           15M (3%)           15M (3%)             -                  -          
[11.136s][info][gc,heap     ] GC(102) Allocated:         -                80M (16%)         100M (20%)         115M (23%)            -                  -          
[11.136s][info][gc,heap     ] GC(102)   Garbage:         -               308M (60%)          40M (8%)           22M (4%)             -                  -          
[11.136s][info][gc,heap     ] GC(102) Reclaimed:         -                  -               268M (52%)         285M (56%)            -                  -          
[11.136s][info][gc          ] GC(102) Garbage Collection (Allocation Rate) 324M(63%)->154M(30%)
[11.184s][info][gc,start    ] GC(103) Garbage Collection (Allocation Rate)
[11.184s][info][gc,task     ] GC(103) Using 5 workers
[11.184s][info][gc,phases   ] GC(103) Pause Mark Start 0.010ms
[11.215s][info][gc,phases   ] GC(103) Concurrent Mark 30.995ms
[11.216s][info][gc,phases   ] GC(103) Pause Mark End 0.014ms
[11.216s][info][gc,phases   ] GC(103) Concurrent Mark Free 0.001ms
[11.217s][info][gc,phases   ] GC(103) Concurrent Process Non-Strong References 0.993ms
[11.217s][info][gc,phases   ] GC(103) Concurrent Reset Relocation Set 0.004ms
[11.224s][info][gc,phases   ] GC(103) Concurrent Select Relocation Set 7.681ms
[11.224s][info][gc,phases   ] GC(103) Pause Relocate Start 0.007ms
[11.229s][info][gc,phases   ] GC(103) Concurrent Relocate 4.629ms
[11.229s][info][gc,load     ] GC(103) Load: 0.00/0.00/0.00
[11.229s][info][gc,mmu      ] GC(103) MMU: 2ms/98.6%, 5ms/99.5%, 10ms/99.7%, 20ms/99.8%, 50ms/99.9%, 100ms/99.9%
[11.229s][info][gc,marking  ] GC(103) Mark: 4 stripe(s), 3 proactive flush(es), 1 terminate flush(es), 0 completion(s), 0 continuation(s) 
[11.229s][info][gc,marking  ] GC(103) Mark Stack Usage: 32M
[11.229s][info][gc,nmethod  ] GC(103) NMethods: 1343 registered, 45 unregistered
[11.229s][info][gc,metaspace] GC(103) Metaspace: 8M used, 8M committed, 1088M reserved
[11.229s][info][gc,ref      ] GC(103) Soft: 174 encountered, 0 discovered, 0 enqueued
[11.229s][info][gc,ref      ] GC(103) Weak: 570 encountered, 83 discovered, 0 enqueued
[11.229s][info][gc,ref      ] GC(103) Final: 0 encountered, 0 discovered, 0 enqueued
[11.229s][info][gc,ref      ] GC(103) Phantom: 21 encountered, 12 discovered, 0 enqueued
[11.230s][info][gc,reloc    ] GC(103) Small Pages: 132 / 264M, Empty: 230M, Relocated: 6M, In-Place: 0
[11.230s][info][gc,reloc    ] GC(103) Medium Pages: 1 / 16M, Empty: 0M, Relocated: 0M, In-Place: 0
[11.230s][info][gc,reloc    ] GC(103) Large Pages: 0 / 0M, Empty: 0M, Relocated: 0M, In-Place: 0
[11.230s][info][gc,reloc    ] GC(103) Forwarding Usage: 2M
[11.230s][info][gc,heap     ] GC(103) Min Capacity: 8M(2%)
[11.230s][info][gc,heap     ] GC(103) Max Capacity: 512M(100%)
[11.230s][info][gc,heap     ] GC(103) Soft Max Capacity: 512M(100%)
[11.230s][info][gc,heap     ] GC(103)                Mark Start          Mark End        Relocate Start      Relocate End           High               Low         
[11.230s][info][gc,heap     ] GC(103)  Capacity:      512M (100%)        512M (100%)        512M (100%)        512M (100%)        512M (100%)        512M (100%)   
[11.230s][info][gc,heap     ] GC(103)      Free:      232M (45%)         148M (29%)         360M (70%)         372M (73%)         372M (73%)         144M (28%)    
[11.230s][info][gc,heap     ] GC(103)      Used:      280M (55%)         364M (71%)         152M (30%)         140M (27%)         368M (72%)         140M (27%)    
[11.230s][info][gc,heap     ] GC(103)      Live:         -                15M (3%)           15M (3%)           15M (3%)             -                  -          
[11.230s][info][gc,heap     ] GC(103) Allocated:         -                84M (16%)         102M (20%)         103M (20%)            -                  -          
[11.230s][info][gc,heap     ] GC(103)   Garbage:         -               264M (52%)          34M (7%)           20M (4%)             -                  -          
[11.230s][info][gc,heap     ] GC(103) Reclaimed:         -                  -               230M (45%)         243M (48%)            -                  -          
[11.230s][info][gc          ] GC(103) Garbage Collection (Allocation Rate) 280M(55%)->140M(27%)
[11.294s][info][gc,start    ] GC(104) Garbage Collection (Allocation Rate)
[11.294s][info][gc,task     ] GC(104) Using 5 workers
[11.294s][info][gc,phases   ] GC(104) Pause Mark Start 0.013ms
[11.325s][info][gc,phases   ] GC(104) Concurrent Mark 30.946ms
[11.325s][info][gc,phases   ] GC(104) Pause Mark End 0.013ms
[11.325s][info][gc,phases   ] GC(104) Concurrent Mark Free 0.001ms
[11.326s][info][gc,phases   ] GC(104) Concurrent Process Non-Strong References 1.028ms
[11.326s][info][gc,phases   ] GC(104) Concurrent Reset Relocation Set 0.002ms
[11.330s][info][gc,phases   ] GC(104) Concurrent Select Relocation Set 3.996ms
[11.330s][info][gc,phases   ] GC(104) Pause Relocate Start 0.006ms
[11.333s][info][gc,phases   ] GC(104) Concurrent Relocate 2.972ms
[11.333s][info][gc,load     ] GC(104) Load: 0.00/0.00/0.00
[11.333s][info][gc,mmu      ] GC(104) MMU: 2ms/98.6%, 5ms/99.5%, 10ms/99.7%, 20ms/99.8%, 50ms/99.9%, 100ms/99.9%
[11.333s][info][gc,marking  ] GC(104) Mark: 4 stripe(s), 2 proactive flush(es), 1 terminate flush(es), 0 completion(s), 0 continuation(s) 
[11.333s][info][gc,marking  ] GC(104) Mark Stack Usage: 32M
[11.333s][info][gc,nmethod  ] GC(104) NMethods: 1343 registered, 45 unregistered
[11.333s][info][gc,metaspace] GC(104) Metaspace: 8M used, 8M committed, 1088M reserved
[11.333s][info][gc,ref      ] GC(104) Soft: 174 encountered, 0 discovered, 0 enqueued
[11.333s][info][gc,ref      ] GC(104) Weak: 570 encountered, 380 discovered, 0 enqueued
[11.333s][info][gc,ref      ] GC(104) Final: 0 encountered, 0 discovered, 0 enqueued
[11.334s][info][gc,ref      ] GC(104) Phantom: 21 encountered, 19 discovered, 0 enqueued
[11.334s][info][gc,reloc    ] GC(104) Small Pages: 145 / 290M, Empty: 252M, Relocated: 3M, In-Place: 0
[11.334s][info][gc,reloc    ] GC(104) Medium Pages: 2 / 32M, Empty: 0M, Relocated: 1M, In-Place: 0
[11.334s][info][gc,reloc    ] GC(104) Large Pages: 0 / 0M, Empty: 0M, Relocated: 0M, In-Place: 0
[11.334s][info][gc,reloc    ] GC(104) Forwarding Usage: 1M
[11.334s][info][gc,heap     ] GC(104) Min Capacity: 8M(2%)
[11.334s][info][gc,heap     ] GC(104) Max Capacity: 512M(100%)
[11.334s][info][gc,heap     ] GC(104) Soft Max Capacity: 512M(100%)
[11.334s][info][gc,heap     ] GC(104)                Mark Start          Mark End        Relocate Start      Relocate End           High               Low         
[11.334s][info][gc,heap     ] GC(104)  Capacity:      512M (100%)        512M (100%)        512M (100%)        512M (100%)        512M (100%)        512M (100%)   
[11.334s][info][gc,heap     ] GC(104)      Free:      190M (37%)         106M (21%)         346M (68%)         368M (72%)         368M (72%)         104M (20%)    
[11.334s][info][gc,heap     ] GC(104)      Used:      322M (63%)         406M (79%)         166M (32%)         144M (28%)         408M (80%)         144M (28%)    
[11.334s][info][gc,heap     ] GC(104)      Live:         -                16M (3%)           16M (3%)           16M (3%)             -                  -          
[11.334s][info][gc,heap     ] GC(104) Allocated:         -                84M (16%)          96M (19%)         101M (20%)            -                  -          
[11.334s][info][gc,heap     ] GC(104)   Garbage:         -               305M (60%)          53M (10%)          25M (5%)             -                  -          
[11.334s][info][gc,heap     ] GC(104) Reclaimed:         -                  -               252M (49%)         279M (55%)            -                  -          
[11.334s][info][gc          ] GC(104) Garbage Collection (Allocation Rate) 322M(63%)->144M(28%)
[11.387s][info][gc,start    ] GC(105) Garbage Collection (Allocation Rate)
[11.387s][info][gc,task     ] GC(105) Using 5 workers
[11.387s][info][gc,phases   ] GC(105) Pause Mark Start 0.010ms
[11.418s][info][gc,phases   ] GC(105) Concurrent Mark 31.021ms
[11.419s][info][gc,phases   ] GC(105) Pause Mark End 0.011ms
[11.419s][info][gc,phases   ] GC(105) Concurrent Mark Free 0.001ms
[11.420s][info][gc,phases   ] GC(105) Concurrent Process Non-Strong References 1.005ms
[11.420s][info][gc,phases   ] GC(105) Concurrent Reset Relocation Set 0.003ms
[11.426s][info][gc,phases   ] GC(105) Concurrent Select Relocation Set 6.610ms
[11.427s][info][gc,phases   ] GC(105) Pause Relocate Start 0.006ms
[11.431s][info][gc,phases   ] GC(105) Concurrent Relocate 4.405ms
[11.431s][info][gc,load     ] GC(105) Load: 0.00/0.00/0.00
[11.431s][info][gc,mmu      ] GC(105) MMU: 2ms/98.6%, 5ms/99.5%, 10ms/99.7%, 20ms/99.8%, 50ms/99.9%, 100ms/99.9%
[11.431s][info][gc,marking  ] GC(105) Mark: 4 stripe(s), 2 proactive flush(es), 1 terminate flush(es), 0 completion(s), 0 continuation(s) 
[11.431s][info][gc,marking  ] GC(105) Mark Stack Usage: 32M
[11.431s][info][gc,nmethod  ] GC(105) NMethods: 1343 registered, 45 unregistered
[11.431s][info][gc,metaspace] GC(105) Metaspace: 8M used, 8M committed, 1088M reserved
[11.431s][info][gc,ref      ] GC(105) Soft: 174 encountered, 0 discovered, 0 enqueued
[11.431s][info][gc,ref      ] GC(105) Weak: 570 encountered, 221 discovered, 0 enqueued
[11.431s][info][gc,ref      ] GC(105) Final: 0 encountered, 0 discovered, 0 enqueued
[11.431s][info][gc,ref      ] GC(105) Phantom: 21 encountered, 15 discovered, 0 enqueued
[11.431s][info][gc,reloc    ] GC(105) Small Pages: 139 / 278M, Empty: 236M, Relocated: 6M, In-Place: 0
[11.431s][info][gc,reloc    ] GC(105) Medium Pages: 1 / 16M, Empty: 0M, Relocated: 0M, In-Place: 0
[11.431s][info][gc,reloc    ] GC(105) Large Pages: 0 / 0M, Empty: 0M, Relocated: 0M, In-Place: 0
[11.431s][info][gc,reloc    ] GC(105) Forwarding Usage: 2M
[11.431s][info][gc,heap     ] GC(105) Min Capacity: 8M(2%)
[11.431s][info][gc,heap     ] GC(105) Max Capacity: 512M(100%)
[11.431s][info][gc,heap     ] GC(105) Soft Max Capacity: 512M(100%)
[11.432s][info][gc,heap     ] GC(105)                Mark Start          Mark End        Relocate Start      Relocate End           High               Low         
[11.432s][info][gc,heap     ] GC(105)  Capacity:      512M (100%)        512M (100%)        512M (100%)        512M (100%)        512M (100%)        512M (100%)   
[11.432s][info][gc,heap     ] GC(105)      Free:      218M (43%)         132M (26%)         348M (68%)         366M (71%)         366M (71%)         128M (25%)    
[11.432s][info][gc,heap     ] GC(105)      Used:      294M (57%)         380M (74%)         164M (32%)         146M (29%)         384M (75%)         146M (29%)    
[11.432s][info][gc,heap     ] GC(105)      Live:         -                17M (3%)           17M (3%)           17M (3%)             -                  -          
[11.432s][info][gc,heap     ] GC(105) Allocated:         -                86M (17%)         106M (21%)         107M (21%)            -                  -          
[11.432s][info][gc,heap     ] GC(105)   Garbage:         -               276M (54%)          40M (8%)           20M (4%)             -                  -          
[11.432s][info][gc,heap     ] GC(105) Reclaimed:         -                  -               236M (46%)         255M (50%)            -                  -          
[11.432s][info][gc          ] GC(105) Garbage Collection (Allocation Rate) 294M(57%)->146M(29%)
[11.481s][info][gc,start    ] GC(106) Garbage Collection (Allocation Rate)
[11.481s][info][gc,task     ] GC(106) Using 5 workers
[11.481s][info][gc,phases   ] GC(106) Pause Mark Start 0.013ms
[11.528s][info][gc,phases   ] GC(106) Concurrent Mark 46.581ms
[11.528s][info][gc,phases   ] GC(106) Pause Mark End 0.016ms
[11.528s][info][gc,phases   ] GC(106) Concurrent Mark Free 0.001ms
[11.529s][info][gc,phases   ] GC(106) Concurrent Process Non-Strong References 1.165ms
[11.529s][info][gc,phases   ] GC(106) Concurrent Reset Relocation Set 0.004ms
[11.533s][info][gc,phases   ] GC(106) Concurrent Select Relocation Set 3.902ms
[11.533s][info][gc,phases   ] GC(106) Pause Relocate Start 0.006ms
[11.536s][info][gc,phases   ] GC(106) Concurrent Relocate 2.789ms
[11.536s][info][gc,load     ] GC(106) Load: 0.00/0.00/0.00
[11.536s][info][gc,mmu      ] GC(106) MMU: 2ms/98.6%, 5ms/99.5%, 10ms/99.7%, 20ms/99.8%, 50ms/99.9%, 100ms/99.9%
[11.536s][info][gc,marking  ] GC(106) Mark: 4 stripe(s), 3 proactive flush(es), 1 terminate flush(es), 0 completion(s), 0 continuation(s) 
[11.536s][info][gc,marking  ] GC(106) Mark Stack Usage: 32M
[11.536s][info][gc,nmethod  ] GC(106) NMethods: 1343 registered, 45 unregistered
[11.536s][info][gc,metaspace] GC(106) Metaspace: 8M used, 8M committed, 1088M reserved
[11.536s][info][gc,ref      ] GC(106) Soft: 174 encountered, 0 discovered, 0 enqueued
[11.536s][info][gc,ref      ] GC(106) Weak: 570 encountered, 116 discovered, 0 enqueued
[11.537s][info][gc,ref      ] GC(106) Final: 0 encountered, 0 discovered, 0 enqueued
[11.537s][info][gc,ref      ] GC(106) Phantom: 21 encountered, 15 discovered, 0 enqueued
[11.537s][info][gc,reloc    ] GC(106) Small Pages: 128 / 256M, Empty: 214M, Relocated: 3M, In-Place: 0
[11.537s][info][gc,reloc    ] GC(106) Medium Pages: 1 / 16M, Empty: 0M, Relocated: 0M, In-Place: 0
[11.537s][info][gc,reloc    ] GC(106) Large Pages: 0 / 0M, Empty: 0M, Relocated: 0M, In-Place: 0
[11.537s][info][gc,reloc    ] GC(106) Forwarding Usage: 1M
[11.537s][info][gc,heap     ] GC(106) Min Capacity: 8M(2%)
[11.537s][info][gc,heap     ] GC(106) Max Capacity: 512M(100%)
[11.537s][info][gc,heap     ] GC(106) Soft Max Capacity: 512M(100%)
[11.537s][info][gc,heap     ] GC(106)                Mark Start          Mark End        Relocate Start      Relocate End           High               Low         
[11.537s][info][gc,heap     ] GC(106)  Capacity:      512M (100%)        512M (100%)        512M (100%)        512M (100%)        512M (100%)        512M (100%)   
[11.537s][info][gc,heap     ] GC(106)      Free:      240M (47%)         112M (22%)         314M (61%)         320M (63%)         322M (63%)         110M (21%)    
[11.537s][info][gc,heap     ] GC(106)      Used:      272M (53%)         400M (78%)         198M (39%)         192M (38%)         402M (79%)         190M (37%)    
[11.537s][info][gc,heap     ] GC(106)      Live:         -                17M (3%)           17M (3%)           17M (3%)             -                  -          
[11.537s][info][gc,heap     ] GC(106) Allocated:         -               128M (25%)         140M (27%)         147M (29%)            -                  -          
[11.537s][info][gc,heap     ] GC(106)   Garbage:         -               254M (50%)          40M (8%)           26M (5%)             -                  -          
[11.537s][info][gc,heap     ] GC(106) Reclaimed:         -                  -               214M (42%)         227M (45%)            -                  -          
[11.537s][info][gc          ] GC(106) Garbage Collection (Allocation Rate) 272M(53%)->192M(38%)
[11.582s][info][gc,start    ] GC(107) Garbage Collection (Allocation Rate)
[11.582s][info][gc,task     ] GC(107) Using 5 workers
[11.582s][info][gc,phases   ] GC(107) Pause Mark Start 0.010ms
[11.613s][info][gc,phases   ] GC(107) Concurrent Mark 31.045ms
[11.613s][info][gc,phases   ] GC(107) Pause Mark End 0.010ms
[11.613s][info][gc,phases   ] GC(107) Concurrent Mark Free 0.001ms
[11.614s][info][gc,phases   ] GC(107) Concurrent Process Non-Strong References 0.894ms
[11.614s][info][gc,phases   ] GC(107) Concurrent Reset Relocation Set 0.002ms
[11.621s][info][gc,phases   ] GC(107) Concurrent Select Relocation Set 6.361ms
[11.621s][info][gc,phases   ] GC(107) Pause Relocate Start 0.006ms
[11.625s][info][gc,phases   ] GC(107) Concurrent Relocate 4.228ms
[11.625s][info][gc,load     ] GC(107) Load: 0.00/0.00/0.00
[11.625s][info][gc,mmu      ] GC(107) MMU: 2ms/98.6%, 5ms/99.5%, 10ms/99.7%, 20ms/99.8%, 50ms/99.9%, 100ms/99.9%
[11.625s][info][gc,marking  ] GC(107) Mark: 4 stripe(s), 2 proactive flush(es), 1 terminate flush(es), 0 completion(s), 0 continuation(s) 
[11.625s][info][gc,marking  ] GC(107) Mark Stack Usage: 32M
[11.625s][info][gc,nmethod  ] GC(107) NMethods: 1343 registered, 45 unregistered
[11.625s][info][gc,metaspace] GC(107) Metaspace: 8M used, 8M committed, 1088M reserved
[11.625s][info][gc,ref      ] GC(107) Soft: 174 encountered, 0 discovered, 0 enqueued
[11.625s][info][gc,ref      ] GC(107) Weak: 570 encountered, 325 discovered, 0 enqueued
[11.625s][info][gc,ref      ] GC(107) Final: 0 encountered, 0 discovered, 0 enqueued
[11.625s][info][gc,ref      ] GC(107) Phantom: 21 encountered, 18 discovered, 0 enqueued
[11.625s][info][gc,reloc    ] GC(107) Small Pages: 149 / 298M, Empty: 266M, Relocated: 5M, In-Place: 0
[11.625s][info][gc,reloc    ] GC(107) Medium Pages: 1 / 16M, Empty: 0M, Relocated: 0M, In-Place: 0
[11.625s][info][gc,reloc    ] GC(107) Large Pages: 0 / 0M, Empty: 0M, Relocated: 0M, In-Place: 0
[11.625s][info][gc,reloc    ] GC(107) Forwarding Usage: 2M
[11.626s][info][gc,heap     ] GC(107) Min Capacity: 8M(2%)
[11.626s][info][gc,heap     ] GC(107) Max Capacity: 512M(100%)
[11.626s][info][gc,heap     ] GC(107) Soft Max Capacity: 512M(100%)
[11.626s][info][gc,heap     ] GC(107)                Mark Start          Mark End        Relocate Start      Relocate End           High               Low         
[11.626s][info][gc,heap     ] GC(107)  Capacity:      512M (100%)        512M (100%)        512M (100%)        512M (100%)        512M (100%)        512M (100%)   
[11.626s][info][gc,heap     ] GC(107)      Free:      198M (39%)         114M (22%)         360M (70%)         354M (69%)         368M (72%)         112M (22%)    
[11.626s][info][gc,heap     ] GC(107)      Used:      314M (61%)         398M (78%)         152M (30%)         158M (31%)         400M (78%)         144M (28%)    
[11.626s][info][gc,heap     ] GC(107)      Live:         -                18M (4%)           18M (4%)           18M (4%)             -                  -          
[11.626s][info][gc,heap     ] GC(107) Allocated:         -                84M (16%)         104M (20%)         115M (23%)            -                  -          
[11.626s][info][gc,heap     ] GC(107)   Garbage:         -               295M (58%)          29M (6%)           23M (5%)             -                  -          
[11.626s][info][gc,heap     ] GC(107) Reclaimed:         -                  -               266M (52%)         271M (53%)            -                  -          
[11.626s][info][gc          ] GC(107) Garbage Collection (Allocation Rate) 314M(61%)->158M(31%)
[11.691s][info][gc,start    ] GC(108) Garbage Collection (Allocation Rate)
[11.691s][info][gc,task     ] GC(108) Using 5 workers
[11.691s][info][gc,phases   ] GC(108) Pause Mark Start 0.013ms
[11.738s][info][gc,phases   ] GC(108) Concurrent Mark 46.592ms
[11.738s][info][gc,phases   ] GC(108) Pause Mark End 0.018ms
[11.738s][info][gc,phases   ] GC(108) Concurrent Mark Free 0.001ms
[11.739s][info][gc,phases   ] GC(108) Concurrent Process Non-Strong References 1.036ms
[11.739s][info][gc,phases   ] GC(108) Concurrent Reset Relocation Set 0.003ms
[11.743s][info][gc,phases   ] GC(108) Concurrent Select Relocation Set 3.910ms
[11.743s][info][gc,phases   ] GC(108) Pause Relocate Start 0.006ms
[11.746s][info][gc,phases   ] GC(108) Concurrent Relocate 2.078ms
[11.746s][info][gc,load     ] GC(108) Load: 0.00/0.00/0.00
[11.746s][info][gc,mmu      ] GC(108) MMU: 2ms/98.6%, 5ms/99.5%, 10ms/99.7%, 20ms/99.8%, 50ms/99.9%, 100ms/99.9%
[11.746s][info][gc,marking  ] GC(108) Mark: 4 stripe(s), 2 proactive flush(es), 1 terminate flush(es), 0 completion(s), 0 continuation(s) 
[11.746s][info][gc,marking  ] GC(108) Mark Stack Usage: 32M
[11.746s][info][gc,nmethod  ] GC(108) NMethods: 1343 registered, 45 unregistered
[11.746s][info][gc,metaspace] GC(108) Metaspace: 8M used, 8M committed, 1088M reserved
[11.746s][info][gc,ref      ] GC(108) Soft: 174 encountered, 0 discovered, 0 enqueued
[11.746s][info][gc,ref      ] GC(108) Weak: 570 encountered, 218 discovered, 0 enqueued
[11.746s][info][gc,ref      ] GC(108) Final: 0 encountered, 0 discovered, 0 enqueued
[11.746s][info][gc,ref      ] GC(108) Phantom: 21 encountered, 11 discovered, 0 enqueued
[11.746s][info][gc,reloc    ] GC(108) Small Pages: 92 / 184M, Empty: 148M, Relocated: 3M, In-Place: 0
[11.746s][info][gc,reloc    ] GC(108) Medium Pages: 2 / 32M, Empty: 0M, Relocated: 1M, In-Place: 0
[11.746s][info][gc,reloc    ] GC(108) Large Pages: 0 / 0M, Empty: 0M, Relocated: 0M, In-Place: 0
[11.746s][info][gc,reloc    ] GC(108) Forwarding Usage: 1M
[11.746s][info][gc,heap     ] GC(108) Min Capacity: 8M(2%)
[11.746s][info][gc,heap     ] GC(108) Max Capacity: 512M(100%)
[11.746s][info][gc,heap     ] GC(108) Soft Max Capacity: 512M(100%)
[11.746s][info][gc,heap     ] GC(108)                Mark Start          Mark End        Relocate Start      Relocate End           High               Low         
[11.746s][info][gc,heap     ] GC(108)  Capacity:      512M (100%)        512M (100%)        512M (100%)        512M (100%)        512M (100%)        512M (100%)   
[11.746s][info][gc,heap     ] GC(108)      Free:      296M (58%)         170M (33%)         302M (59%)         322M (63%)         322M (63%)         166M (32%)    
[11.746s][info][gc,heap     ] GC(108)      Used:      216M (42%)         342M (67%)         210M (41%)         190M (37%)         346M (68%)         190M (37%)    
[11.746s][info][gc,heap     ] GC(108)      Live:         -                19M (4%)           19M (4%)           19M (4%)             -                  -          
[11.746s][info][gc,heap     ] GC(108) Allocated:         -               126M (25%)         142M (28%)         145M (29%)            -                  -          
[11.746s][info][gc,heap     ] GC(108)   Garbage:         -               196M (38%)          48M (10%)          24M (5%)             -                  -          
[11.746s][info][gc,heap     ] GC(108) Reclaimed:         -                  -               148M (29%)         171M (34%)            -                  -          
[11.746s][info][gc          ] GC(108) Garbage Collection (Allocation Rate) 216M(42%)->190M(37%)
[11.785s][info][gc,start    ] GC(109) Garbage Collection (Allocation Rate)
[11.785s][info][gc,task     ] GC(109) Using 5 workers
[11.785s][info][gc,phases   ] GC(109) Pause Mark Start 0.009ms
[11.816s][info][gc,phases   ] GC(109) Concurrent Mark 30.953ms
[11.816s][info][gc,phases   ] GC(109) Pause Mark End 0.009ms
[11.816s][info][gc,phases   ] GC(109) Concurrent Mark Free 0.001ms
[11.817s][info][gc,phases   ] GC(109) Concurrent Process Non-Strong References 0.843ms
[11.817s][info][gc,phases   ] GC(109) Concurrent Reset Relocation Set 0.002ms
[11.823s][info][gc,phases   ] GC(109) Concurrent Select Relocation Set 5.501ms
[11.823s][info][gc,phases   ] GC(109) Pause Relocate Start 0.004ms
[11.827s][info][gc,phases   ] GC(109) Concurrent Relocate 3.871ms
[11.827s][info][gc,load     ] GC(109) Load: 0.00/0.00/0.00
[11.827s][info][gc,mmu      ] GC(109) MMU: 2ms/98.6%, 5ms/99.5%, 10ms/99.7%, 20ms/99.8%, 50ms/99.9%, 100ms/99.9%
[11.827s][info][gc,marking  ] GC(109) Mark: 4 stripe(s), 2 proactive flush(es), 1 terminate flush(es), 0 completion(s), 0 continuation(s) 
[11.827s][info][gc,marking  ] GC(109) Mark Stack Usage: 32M
[11.827s][info][gc,nmethod  ] GC(109) NMethods: 1343 registered, 45 unregistered
[11.827s][info][gc,metaspace] GC(109) Metaspace: 8M used, 8M committed, 1088M reserved
[11.827s][info][gc,ref      ] GC(109) Soft: 174 encountered, 0 discovered, 0 enqueued
[11.827s][info][gc,ref      ] GC(109) Weak: 570 encountered, 55 discovered, 0 enqueued
[11.827s][info][gc,ref      ] GC(109) Final: 0 encountered, 0 discovered, 0 enqueued
[11.827s][info][gc,ref      ] GC(109) Phantom: 21 encountered, 12 discovered, 0 enqueued
[11.827s][info][gc,reloc    ] GC(109) Small Pages: 141 / 282M, Empty: 232M, Relocated: 5M, In-Place: 0
[11.827s][info][gc,reloc    ] GC(109) Medium Pages: 1 / 16M, Empty: 0M, Relocated: 0M, In-Place: 0
[11.827s][info][gc,reloc    ] GC(109) Large Pages: 0 / 0M, Empty: 0M, Relocated: 0M, In-Place: 0
[11.827s][info][gc,reloc    ] GC(109) Forwarding Usage: 1M
[11.827s][info][gc,heap     ] GC(109) Min Capacity: 8M(2%)
[11.827s][info][gc,heap     ] GC(109) Max Capacity: 512M(100%)
[11.827s][info][gc,heap     ] GC(109) Soft Max Capacity: 512M(100%)
[11.827s][info][gc,heap     ] GC(109)                Mark Start          Mark End        Relocate Start      Relocate End           High               Low         
[11.827s][info][gc,heap     ] GC(109)  Capacity:      512M (100%)        512M (100%)        512M (100%)        512M (100%)        512M (100%)        512M (100%)   
[11.827s][info][gc,heap     ] GC(109)      Free:      214M (42%)         132M (26%)         346M (68%)         358M (70%)         360M (70%)         130M (25%)    
[11.827s][info][gc,heap     ] GC(109)      Used:      298M (58%)         380M (74%)         166M (32%)         154M (30%)         382M (75%)         152M (30%)    
[11.827s][info][gc,heap     ] GC(109)      Live:         -                20M (4%)           20M (4%)           20M (4%)             -                  -          
[11.827s][info][gc,heap     ] GC(109) Allocated:         -                82M (16%)         100M (20%)         109M (21%)            -                  -          
[11.827s][info][gc,heap     ] GC(109)   Garbage:         -               277M (54%)          45M (9%)           23M (5%)             -                  -          
[11.828s][info][gc,heap     ] GC(109) Reclaimed:         -                  -               232M (45%)         253M (50%)            -                  -          
[11.828s][info][gc          ] GC(109) Garbage Collection (Allocation Rate) 298M(58%)->154M(30%)
[11.894s][info][gc,start    ] GC(110) Garbage Collection (Allocation Rate)
[11.894s][info][gc,task     ] GC(110) Using 5 workers
[11.894s][info][gc,phases   ] GC(110) Pause Mark Start 0.010ms
[11.925s][info][gc,phases   ] GC(110) Concurrent Mark 31.048ms
[11.926s][info][gc,phases   ] GC(110) Pause Mark End 0.012ms
[11.926s][info][gc,phases   ] GC(110) Concurrent Mark Free 0.001ms
[11.927s][info][gc,phases   ] GC(110) Concurrent Process Non-Strong References 0.884ms
[11.927s][info][gc,phases   ] GC(110) Concurrent Reset Relocation Set 0.003ms
[11.930s][info][gc,phases   ] GC(110) Concurrent Select Relocation Set 3.762ms
[11.930s][info][gc,phases   ] GC(110) Pause Relocate Start 0.004ms
[11.933s][info][gc,phases   ] GC(110) Concurrent Relocate 2.192ms
[11.933s][info][gc,load     ] GC(110) Load: 0.00/0.00/0.00
[11.933s][info][gc,mmu      ] GC(110) MMU: 2ms/98.6%, 5ms/99.5%, 10ms/99.7%, 20ms/99.8%, 50ms/99.9%, 100ms/99.9%
[11.933s][info][gc,marking  ] GC(110) Mark: 4 stripe(s), 2 proactive flush(es), 1 terminate flush(es), 0 completion(s), 0 continuation(s) 
[11.933s][info][gc,marking  ] GC(110) Mark Stack Usage: 32M
[11.933s][info][gc,nmethod  ] GC(110) NMethods: 1343 registered, 45 unregistered
[11.933s][info][gc,metaspace] GC(110) Metaspace: 8M used, 8M committed, 1088M reserved
[11.933s][info][gc,ref      ] GC(110) Soft: 174 encountered, 0 discovered, 0 enqueued
[11.933s][info][gc,ref      ] GC(110) Weak: 570 encountered, 284 discovered, 0 enqueued
[11.933s][info][gc,ref      ] GC(110) Final: 0 encountered, 0 discovered, 0 enqueued
[11.933s][info][gc,ref      ] GC(110) Phantom: 21 encountered, 19 discovered, 0 enqueued
[11.933s][info][gc,reloc    ] GC(110) Small Pages: 161 / 322M, Empty: 278M, Relocated: 3M, In-Place: 0
[11.933s][info][gc,reloc    ] GC(110) Medium Pages: 1 / 16M, Empty: 0M, Relocated: 0M, In-Place: 0
[11.933s][info][gc,reloc    ] GC(110) Large Pages: 0 / 0M, Empty: 0M, Relocated: 0M, In-Place: 0
[11.933s][info][gc,reloc    ] GC(110) Forwarding Usage: 1M
[11.933s][info][gc,heap     ] GC(110) Min Capacity: 8M(2%)
[11.933s][info][gc,heap     ] GC(110) Max Capacity: 512M(100%)
[11.933s][info][gc,heap     ] GC(110) Soft Max Capacity: 512M(100%)
[11.933s][info][gc,heap     ] GC(110)                Mark Start          Mark End        Relocate Start      Relocate End           High               Low         
[11.933s][info][gc,heap     ] GC(110)  Capacity:      512M (100%)        512M (100%)        512M (100%)        512M (100%)        512M (100%)        512M (100%)   
[11.933s][info][gc,heap     ] GC(110)      Free:      174M (34%)          90M (18%)         354M (69%)         362M (71%)         362M (71%)          86M (17%)    
[11.933s][info][gc,heap     ] GC(110)      Used:      338M (66%)         422M (82%)         158M (31%)         150M (29%)         426M (83%)         150M (29%)    
[11.933s][info][gc,heap     ] GC(110)      Live:         -                20M (4%)           20M (4%)           20M (4%)             -                  -          
[11.933s][info][gc,heap     ] GC(110) Allocated:         -                84M (16%)          98M (19%)         101M (20%)            -                  -          
[11.933s][info][gc,heap     ] GC(110)   Garbage:         -               317M (62%)          39M (8%)           27M (5%)             -                  -          
[11.933s][info][gc,heap     ] GC(110) Reclaimed:         -                  -               278M (54%)         289M (57%)            -                  -          
[11.933s][info][gc          ] GC(110) Garbage Collection (Allocation Rate) 338M(66%)->150M(29%)
[11.988s][info][gc,start    ] GC(111) Garbage Collection (Allocation Rate)
[11.988s][info][gc,task     ] GC(111) Using 5 workers
[11.988s][info][gc,phases   ] GC(111) Pause Mark Start 0.011ms
[12.019s][info][gc,phases   ] GC(111) Concurrent Mark 30.995ms
[12.019s][info][gc,phases   ] GC(111) Pause Mark End 0.010ms
[12.019s][info][gc,phases   ] GC(111) Concurrent Mark Free 0.001ms
[12.020s][info][gc,phases   ] GC(111) Concurrent Process Non-Strong References 0.721ms
[12.020s][info][gc,phases   ] GC(111) Concurrent Reset Relocation Set 0.002ms
[12.026s][info][gc,phases   ] GC(111) Concurrent Select Relocation Set 5.441ms
[12.026s][info][gc,phases   ] GC(111) Pause Relocate Start 0.005ms
[12.029s][info][gc,phases   ] GC(111) Concurrent Relocate 3.557ms
[12.029s][info][gc,load     ] GC(111) Load: 0.00/0.00/0.00
[12.029s][info][gc,mmu      ] GC(111) MMU: 2ms/98.6%, 5ms/99.5%, 10ms/99.7%, 20ms/99.8%, 50ms/99.9%, 100ms/99.9%
[12.029s][info][gc,marking  ] GC(111) Mark: 4 stripe(s), 2 proactive flush(es), 1 terminate flush(es), 0 completion(s), 0 continuation(s) 
[12.029s][info][gc,marking  ] GC(111) Mark Stack Usage: 32M
[12.029s][info][gc,nmethod  ] GC(111) NMethods: 1343 registered, 45 unregistered
[12.030s][info][gc,metaspace] GC(111) Metaspace: 8M used, 8M committed, 1088M reserved
[12.030s][info][gc,ref      ] GC(111) Soft: 174 encountered, 0 discovered, 0 enqueued
[12.030s][info][gc,ref      ] GC(111) Weak: 570 encountered, 286 discovered, 0 enqueued
[12.030s][info][gc,ref      ] GC(111) Final: 0 encountered, 0 discovered, 0 enqueued
[12.030s][info][gc,ref      ] GC(111) Phantom: 21 encountered, 19 discovered, 0 enqueued
[12.030s][info][gc,reloc    ] GC(111) Small Pages: 132 / 264M, Empty: 218M, Relocated: 4M, In-Place: 0
[12.030s][info][gc,reloc    ] GC(111) Medium Pages: 2 / 32M, Empty: 0M, Relocated: 1M, In-Place: 0
[12.030s][info][gc,reloc    ] GC(111) Large Pages: 0 / 0M, Empty: 0M, Relocated: 0M, In-Place: 0
[12.030s][info][gc,reloc    ] GC(111) Forwarding Usage: 1M
[12.030s][info][gc,heap     ] GC(111) Min Capacity: 8M(2%)
[12.030s][info][gc,heap     ] GC(111) Max Capacity: 512M(100%)
[12.030s][info][gc,heap     ] GC(111) Soft Max Capacity: 512M(100%)
[12.030s][info][gc,heap     ] GC(111)                Mark Start          Mark End        Relocate Start      Relocate End           High               Low         
[12.030s][info][gc,heap     ] GC(111)  Capacity:      512M (100%)        512M (100%)        512M (100%)        512M (100%)        512M (100%)        512M (100%)   
[12.030s][info][gc,heap     ] GC(111)      Free:      216M (42%)         134M (26%)         334M (65%)         356M (70%)         360M (70%)         132M (26%)    
[12.030s][info][gc,heap     ] GC(111)      Used:      296M (58%)         378M (74%)         178M (35%)         156M (30%)         380M (74%)         152M (30%)    
[12.030s][info][gc,heap     ] GC(111)      Live:         -                21M (4%)           21M (4%)           21M (4%)             -                  -          
[12.030s][info][gc,heap     ] GC(111) Allocated:         -                82M (16%)         100M (20%)         109M (21%)            -                  -          
[12.030s][info][gc,heap     ] GC(111)   Garbage:         -               274M (54%)          56M (11%)          24M (5%)             -                  -          
[12.030s][info][gc,heap     ] GC(111) Reclaimed:         -                  -               218M (43%)         249M (49%)            -                  -          
[12.030s][info][gc          ] GC(111) Garbage Collection (Allocation Rate) 296M(58%)->156M(30%)
[12.082s][info][gc,start    ] GC(112) Garbage Collection (Allocation Rate)
[12.082s][info][gc,task     ] GC(112) Using 5 workers
[12.082s][info][gc,phases   ] GC(112) Pause Mark Start 0.009ms
[12.113s][info][gc,phases   ] GC(112) Concurrent Mark 31.046ms
[12.113s][info][gc,phases   ] GC(112) Pause Mark End 0.010ms
[12.113s][info][gc,phases   ] GC(112) Concurrent Mark Free 0.001ms
[12.114s][info][gc,phases   ] GC(112) Concurrent Process Non-Strong References 0.998ms
[12.114s][info][gc,phases   ] GC(112) Concurrent Reset Relocation Set 0.003ms
[12.118s][info][gc,phases   ] GC(112) Concurrent Select Relocation Set 3.722ms
[12.118s][info][gc,phases   ] GC(112) Pause Relocate Start 0.005ms
[12.120s][info][gc,phases   ] GC(112) Concurrent Relocate 1.791ms
[12.120s][info][gc,load     ] GC(112) Load: 0.00/0.00/0.00
[12.120s][info][gc,mmu      ] GC(112) MMU: 2ms/98.6%, 5ms/99.5%, 10ms/99.7%, 20ms/99.8%, 50ms/99.9%, 100ms/99.9%
[12.120s][info][gc,marking  ] GC(112) Mark: 4 stripe(s), 2 proactive flush(es), 1 terminate flush(es), 0 completion(s), 0 continuation(s) 
[12.120s][info][gc,marking  ] GC(112) Mark Stack Usage: 32M
[12.120s][info][gc,nmethod  ] GC(112) NMethods: 1343 registered, 45 unregistered
[12.120s][info][gc,metaspace] GC(112) Metaspace: 8M used, 8M committed, 1088M reserved
[12.120s][info][gc,ref      ] GC(112) Soft: 174 encountered, 0 discovered, 0 enqueued
[12.120s][info][gc,ref      ] GC(112) Weak: 570 encountered, 42 discovered, 0 enqueued
[12.120s][info][gc,ref      ] GC(112) Final: 0 encountered, 0 discovered, 0 enqueued
[12.120s][info][gc,ref      ] GC(112) Phantom: 21 encountered, 17 discovered, 0 enqueued
[12.120s][info][gc,reloc    ] GC(112) Small Pages: 141 / 282M, Empty: 232M, Relocated: 3M, In-Place: 0
[12.120s][info][gc,reloc    ] GC(112) Medium Pages: 1 / 16M, Empty: 0M, Relocated: 0M, In-Place: 0
[12.120s][info][gc,reloc    ] GC(112) Large Pages: 0 / 0M, Empty: 0M, Relocated: 0M, In-Place: 0
[12.120s][info][gc,reloc    ] GC(112) Forwarding Usage: 1M
[12.120s][info][gc,heap     ] GC(112) Min Capacity: 8M(2%)
[12.120s][info][gc,heap     ] GC(112) Max Capacity: 512M(100%)
[12.120s][info][gc,heap     ] GC(112) Soft Max Capacity: 512M(100%)
[12.120s][info][gc,heap     ] GC(112)                Mark Start          Mark End        Relocate Start      Relocate End           High               Low         
[12.120s][info][gc,heap     ] GC(112)  Capacity:      512M (100%)        512M (100%)        512M (100%)        512M (100%)        512M (100%)        512M (100%)   
[12.120s][info][gc,heap     ] GC(112)      Free:      214M (42%)         132M (26%)         350M (68%)         362M (71%)         362M (71%)         128M (25%)    
[12.120s][info][gc,heap     ] GC(112)      Used:      298M (58%)         380M (74%)         162M (32%)         150M (29%)         384M (75%)         150M (29%)    
[12.120s][info][gc,heap     ] GC(112)      Live:         -                22M (4%)           22M (4%)           22M (4%)             -                  -          
[12.121s][info][gc,heap     ] GC(112) Allocated:         -                82M (16%)          96M (19%)          99M (20%)            -                  -          
[12.121s][info][gc,heap     ] GC(112)   Garbage:         -               275M (54%)          43M (9%)           27M (5%)             -                  -          
[12.121s][info][gc,heap     ] GC(112) Reclaimed:         -                  -               232M (45%)         247M (48%)            -                  -          
[12.121s][info][gc          ] GC(112) Garbage Collection (Allocation Rate) 298M(58%)->150M(29%)
[12.182s][info][gc,start    ] GC(113) Garbage Collection (Allocation Rate)
[12.182s][info][gc,task     ] GC(113) Using 5 workers
[12.183s][info][gc,phases   ] GC(113) Pause Mark Start 0.011ms
[12.214s][info][gc,phases   ] GC(113) Concurrent Mark 30.992ms
[12.214s][info][gc,phases   ] GC(113) Pause Mark End 0.013ms
[12.214s][info][gc,phases   ] GC(113) Concurrent Mark Free 0.001ms
[12.215s][info][gc,phases   ] GC(113) Concurrent Process Non-Strong References 0.816ms
[12.215s][info][gc,phases   ] GC(113) Concurrent Reset Relocation Set 0.002ms
[12.220s][info][gc,phases   ] GC(113) Concurrent Select Relocation Set 5.643ms
[12.220s][info][gc,phases   ] GC(113) Pause Relocate Start 0.005ms
[12.223s][info][gc,phases   ] GC(113) Concurrent Relocate 2.813ms
[12.223s][info][gc,load     ] GC(113) Load: 0.00/0.00/0.00
[12.223s][info][gc,mmu      ] GC(113) MMU: 2ms/98.6%, 5ms/99.5%, 10ms/99.7%, 20ms/99.8%, 50ms/99.9%, 100ms/99.9%
[12.223s][info][gc,marking  ] GC(113) Mark: 4 stripe(s), 2 proactive flush(es), 1 terminate flush(es), 0 completion(s), 0 continuation(s) 
[12.223s][info][gc,marking  ] GC(113) Mark Stack Usage: 32M
[12.224s][info][gc,nmethod  ] GC(113) NMethods: 1343 registered, 45 unregistered
[12.224s][info][gc,metaspace] GC(113) Metaspace: 8M used, 8M committed, 1088M reserved
[12.224s][info][gc,ref      ] GC(113) Soft: 174 encountered, 0 discovered, 0 enqueued
[12.224s][info][gc,ref      ] GC(113) Weak: 570 encountered, 121 discovered, 0 enqueued
[12.224s][info][gc,ref      ] GC(113) Final: 0 encountered, 0 discovered, 0 enqueued
[12.224s][info][gc,ref      ] GC(113) Phantom: 21 encountered, 10 discovered, 0 enqueued
[12.224s][info][gc,reloc    ] GC(113) Small Pages: 142 / 284M, Empty: 236M, Relocated: 4M, In-Place: 0
[12.224s][info][gc,reloc    ] GC(113) Medium Pages: 1 / 16M, Empty: 0M, Relocated: 0M, In-Place: 0
[12.224s][info][gc,reloc    ] GC(113) Large Pages: 0 / 0M, Empty: 0M, Relocated: 0M, In-Place: 0
[12.224s][info][gc,reloc    ] GC(113) Forwarding Usage: 1M
[12.224s][info][gc,heap     ] GC(113) Min Capacity: 8M(2%)
[12.224s][info][gc,heap     ] GC(113) Max Capacity: 512M(100%)
[12.224s][info][gc,heap     ] GC(113) Soft Max Capacity: 512M(100%)
[12.224s][info][gc,heap     ] GC(113)                Mark Start          Mark End        Relocate Start      Relocate End           High               Low         
[12.224s][info][gc,heap     ] GC(113)  Capacity:      512M (100%)        512M (100%)        512M (100%)        512M (100%)        512M (100%)        512M (100%)   
[12.224s][info][gc,heap     ] GC(113)      Free:      212M (41%)         128M (25%)         344M (67%)         354M (69%)         354M (69%)         124M (24%)    
[12.224s][info][gc,heap     ] GC(113)      Used:      300M (59%)         384M (75%)         168M (33%)         158M (31%)         388M (76%)         158M (31%)    
[12.224s][info][gc,heap     ] GC(113)      Live:         -                22M (4%)           22M (4%)           22M (4%)             -                  -          
[12.224s][info][gc,heap     ] GC(113) Allocated:         -                84M (16%)         104M (20%)         109M (21%)            -                  -          
[12.224s][info][gc,heap     ] GC(113)   Garbage:         -               277M (54%)          41M (8%)           25M (5%)             -                  -          
[12.224s][info][gc,heap     ] GC(113) Reclaimed:         -                  -               236M (46%)         251M (49%)            -                  -          
[12.224s][info][gc          ] GC(113) Garbage Collection (Allocation Rate) 300M(59%)->158M(31%)
[12.292s][info][gc,start    ] GC(114) Garbage Collection (Allocation Rate)
[12.292s][info][gc,task     ] GC(114) Using 5 workers
[12.292s][info][gc,phases   ] GC(114) Pause Mark Start 0.013ms
[12.339s][info][gc,phases   ] GC(114) Concurrent Mark 46.616ms
[12.339s][info][gc,phases   ] GC(114) Pause Mark End 0.016ms
[12.339s][info][gc,phases   ] GC(114) Concurrent Mark Free 0.001ms
[12.340s][info][gc,phases   ] GC(114) Concurrent Process Non-Strong References 0.942ms
[12.340s][info][gc,phases   ] GC(114) Concurrent Reset Relocation Set 0.002ms
[12.346s][info][gc,phases   ] GC(114) Concurrent Select Relocation Set 6.320ms
[12.346s][info][gc,phases   ] GC(114) Pause Relocate Start 0.007ms
[12.352s][info][gc,phases   ] GC(114) Concurrent Relocate 5.189ms
[12.352s][info][gc,load     ] GC(114) Load: 0.00/0.00/0.00
[12.352s][info][gc,mmu      ] GC(114) MMU: 2ms/98.6%, 5ms/99.5%, 10ms/99.7%, 20ms/99.8%, 50ms/99.9%, 100ms/99.9%
[12.352s][info][gc,marking  ] GC(114) Mark: 4 stripe(s), 2 proactive flush(es), 1 terminate flush(es), 0 completion(s), 0 continuation(s) 
[12.352s][info][gc,marking  ] GC(114) Mark Stack Usage: 32M
[12.352s][info][gc,nmethod  ] GC(114) NMethods: 1343 registered, 45 unregistered
[12.352s][info][gc,metaspace] GC(114) Metaspace: 8M used, 8M committed, 1088M reserved
[12.352s][info][gc,ref      ] GC(114) Soft: 174 encountered, 0 discovered, 0 enqueued
[12.352s][info][gc,ref      ] GC(114) Weak: 570 encountered, 116 discovered, 0 enqueued
[12.352s][info][gc,ref      ] GC(114) Final: 0 encountered, 0 discovered, 0 enqueued
[12.352s][info][gc,ref      ] GC(114) Phantom: 21 encountered, 16 discovered, 0 enqueued
[12.352s][info][gc,reloc    ] GC(114) Small Pages: 165 / 330M, Empty: 284M, Relocated: 6M, In-Place: 0
[12.352s][info][gc,reloc    ] GC(114) Medium Pages: 1 / 16M, Empty: 0M, Relocated: 0M, In-Place: 0
[12.352s][info][gc,reloc    ] GC(114) Large Pages: 0 / 0M, Empty: 0M, Relocated: 0M, In-Place: 0
[12.352s][info][gc,reloc    ] GC(114) Forwarding Usage: 2M
[12.352s][info][gc,heap     ] GC(114) Min Capacity: 8M(2%)
[12.352s][info][gc,heap     ] GC(114) Max Capacity: 512M(100%)
[12.352s][info][gc,heap     ] GC(114) Soft Max Capacity: 512M(100%)
[12.352s][info][gc,heap     ] GC(114)                Mark Start          Mark End        Relocate Start      Relocate End           High               Low         
[12.352s][info][gc,heap     ] GC(114)  Capacity:      512M (100%)        512M (100%)        512M (100%)        512M (100%)        512M (100%)        512M (100%)   
[12.352s][info][gc,heap     ] GC(114)      Free:      166M (32%)          56M (11%)         324M (63%)         336M (66%)         336M (66%)          54M (11%)    
[12.352s][info][gc,heap     ] GC(114)      Used:      346M (68%)         456M (89%)         188M (37%)         176M (34%)         458M (89%)         176M (34%)    
[12.352s][info][gc,heap     ] GC(114)      Live:         -                23M (5%)           23M (5%)           23M (5%)             -                  -          
[12.352s][info][gc,heap     ] GC(114) Allocated:         -               110M (21%)         126M (25%)         127M (25%)            -                  -          
[12.352s][info][gc,heap     ] GC(114)   Garbage:         -               322M (63%)          38M (7%)           24M (5%)             -                  -          
[12.352s][info][gc,heap     ] GC(114) Reclaimed:         -                  -               284M (55%)         297M (58%)            -                  -          
[12.352s][info][gc          ] GC(114) Garbage Collection (Allocation Rate) 346M(68%)->176M(34%)
[12.386s][info][gc,start    ] GC(115) Garbage Collection (Allocation Rate)
[12.386s][info][gc,task     ] GC(115) Using 5 workers
[12.386s][info][gc,phases   ] GC(115) Pause Mark Start 0.013ms
[12.417s][info][gc,phases   ] GC(115) Concurrent Mark 30.924ms
[12.417s][info][gc,phases   ] GC(115) Pause Mark End 0.011ms
[12.417s][info][gc,phases   ] GC(115) Concurrent Mark Free 0.001ms
[12.418s][info][gc,phases   ] GC(115) Concurrent Process Non-Strong References 0.833ms
[12.418s][info][gc,phases   ] GC(115) Concurrent Reset Relocation Set 0.003ms
[12.422s][info][gc,phases   ] GC(115) Concurrent Select Relocation Set 3.888ms
[12.422s][info][gc,phases   ] GC(115) Pause Relocate Start 0.004ms
[12.426s][info][gc,phases   ] GC(115) Concurrent Relocate 3.695ms
[12.426s][info][gc,load     ] GC(115) Load: 0.00/0.00/0.00
[12.426s][info][gc,mmu      ] GC(115) MMU: 2ms/98.6%, 5ms/99.5%, 10ms/99.7%, 20ms/99.8%, 50ms/99.9%, 100ms/99.9%
[12.426s][info][gc,marking  ] GC(115) Mark: 4 stripe(s), 2 proactive flush(es), 1 terminate flush(es), 0 completion(s), 0 continuation(s) 
[12.426s][info][gc,marking  ] GC(115) Mark Stack Usage: 32M
[12.426s][info][gc,nmethod  ] GC(115) NMethods: 1343 registered, 45 unregistered
[12.426s][info][gc,metaspace] GC(115) Metaspace: 8M used, 8M committed, 1088M reserved
[12.426s][info][gc,ref      ] GC(115) Soft: 174 encountered, 0 discovered, 0 enqueued
[12.426s][info][gc,ref      ] GC(115) Weak: 570 encountered, 99 discovered, 0 enqueued
[12.426s][info][gc,ref      ] GC(115) Final: 0 encountered, 0 discovered, 0 enqueued
[12.426s][info][gc,ref      ] GC(115) Phantom: 21 encountered, 19 discovered, 0 enqueued
[12.426s][info][gc,reloc    ] GC(115) Small Pages: 102 / 204M, Empty: 154M, Relocated: 3M, In-Place: 0
[12.426s][info][gc,reloc    ] GC(115) Medium Pages: 2 / 32M, Empty: 0M, Relocated: 2M, In-Place: 0
[12.426s][info][gc,reloc    ] GC(115) Large Pages: 0 / 0M, Empty: 0M, Relocated: 0M, In-Place: 0
[12.426s][info][gc,reloc    ] GC(115) Forwarding Usage: 1M
[12.426s][info][gc,heap     ] GC(115) Min Capacity: 8M(2%)
[12.426s][info][gc,heap     ] GC(115) Max Capacity: 512M(100%)
[12.426s][info][gc,heap     ] GC(115) Soft Max Capacity: 512M(100%)
[12.426s][info][gc,heap     ] GC(115)                Mark Start          Mark End        Relocate Start      Relocate End           High               Low         
[12.426s][info][gc,heap     ] GC(115)  Capacity:      512M (100%)        512M (100%)        512M (100%)        512M (100%)        512M (100%)        512M (100%)   
[12.426s][info][gc,heap     ] GC(115)      Free:      276M (54%)         190M (37%)         334M (65%)         360M (70%)         360M (70%)         188M (37%)    
[12.426s][info][gc,heap     ] GC(115)      Used:      236M (46%)         322M (63%)         178M (35%)         152M (30%)         324M (63%)         152M (30%)    
[12.426s][info][gc,heap     ] GC(115)      Live:         -                24M (5%)           24M (5%)           24M (5%)             -                  -          
[12.426s][info][gc,heap     ] GC(115) Allocated:         -                86M (17%)          96M (19%)         101M (20%)            -                  -          
[12.426s][info][gc,heap     ] GC(115)   Garbage:         -               211M (41%)          57M (11%)          25M (5%)             -                  -          
[12.426s][info][gc,heap     ] GC(115) Reclaimed:         -                  -               154M (30%)         185M (36%)            -                  -          
[12.426s][info][gc          ] GC(115) Garbage Collection (Allocation Rate) 236M(46%)->152M(30%)
[12.495s][info][gc,start    ] GC(116) Garbage Collection (Allocation Rate)
[12.495s][info][gc,task     ] GC(116) Using 5 workers
[12.495s][info][gc,phases   ] GC(116) Pause Mark Start 0.012ms
[12.526s][info][gc,phases   ] GC(116) Concurrent Mark 30.978ms
[12.526s][info][gc,phases   ] GC(116) Pause Mark End 0.013ms
[12.526s][info][gc,phases   ] GC(116) Concurrent Mark Free 0.001ms
[12.527s][info][gc,phases   ] GC(116) Concurrent Process Non-Strong References 0.963ms
[12.527s][info][gc,phases   ] GC(116) Concurrent Reset Relocation Set 0.003ms
[12.533s][info][gc,phases   ] GC(116) Concurrent Select Relocation Set 5.667ms
[12.533s][info][gc,phases   ] GC(116) Pause Relocate Start 0.007ms
[12.537s][info][gc,phases   ] GC(116) Concurrent Relocate 3.451ms
[12.537s][info][gc,load     ] GC(116) Load: 0.00/0.00/0.00
[12.537s][info][gc,mmu      ] GC(116) MMU: 2ms/98.6%, 5ms/99.5%, 10ms/99.7%, 20ms/99.8%, 50ms/99.9%, 100ms/99.9%
[12.537s][info][gc,marking  ] GC(116) Mark: 4 stripe(s), 2 proactive flush(es), 1 terminate flush(es), 0 completion(s), 0 continuation(s) 
[12.537s][info][gc,marking  ] GC(116) Mark Stack Usage: 32M
[12.537s][info][gc,nmethod  ] GC(116) NMethods: 1343 registered, 45 unregistered
[12.537s][info][gc,metaspace] GC(116) Metaspace: 8M used, 8M committed, 1088M reserved
[12.537s][info][gc,ref      ] GC(116) Soft: 174 encountered, 0 discovered, 0 enqueued
[12.537s][info][gc,ref      ] GC(116) Weak: 570 encountered, 254 discovered, 0 enqueued
[12.537s][info][gc,ref      ] GC(116) Final: 0 encountered, 0 discovered, 0 enqueued
[12.537s][info][gc,ref      ] GC(116) Phantom: 21 encountered, 13 discovered, 0 enqueued
[12.537s][info][gc,reloc    ] GC(116) Small Pages: 128 / 256M, Empty: 204M, Relocated: 4M, In-Place: 0
[12.537s][info][gc,reloc    ] GC(116) Medium Pages: 1 / 16M, Empty: 0M, Relocated: 0M, In-Place: 0
[12.537s][info][gc,reloc    ] GC(116) Large Pages: 0 / 0M, Empty: 0M, Relocated: 0M, In-Place: 0
[12.537s][info][gc,reloc    ] GC(116) Forwarding Usage: 1M
[12.537s][info][gc,heap     ] GC(116) Min Capacity: 8M(2%)
[12.537s][info][gc,heap     ] GC(116) Max Capacity: 512M(100%)
[12.537s][info][gc,heap     ] GC(116) Soft Max Capacity: 512M(100%)
[12.537s][info][gc,heap     ] GC(116)                Mark Start          Mark End        Relocate Start      Relocate End           High               Low         
[12.537s][info][gc,heap     ] GC(116)  Capacity:      512M (100%)        512M (100%)        512M (100%)        512M (100%)        512M (100%)        512M (100%)   
[12.537s][info][gc,heap     ] GC(116)      Free:      240M (47%)         198M (39%)         388M (76%)         398M (78%)         398M (78%)         196M (38%)    
[12.537s][info][gc,heap     ] GC(116)      Used:      272M (53%)         314M (61%)         124M (24%)         114M (22%)         316M (62%)         114M (22%)    
[12.537s][info][gc,heap     ] GC(116)      Live:         -                24M (5%)           24M (5%)           24M (5%)             -                  -          
[12.537s][info][gc,heap     ] GC(116) Allocated:         -                42M (8%)           56M (11%)          63M (12%)            -                  -          
[12.537s][info][gc,heap     ] GC(116)   Garbage:         -               247M (48%)          43M (8%)           25M (5%)             -                  -          
[12.537s][info][gc,heap     ] GC(116) Reclaimed:         -                  -               204M (40%)         221M (43%)            -                  -          
[12.537s][info][gc          ] GC(116) Garbage Collection (Allocation Rate) 272M(53%)->114M(22%)
[12.589s][info][gc,start    ] GC(117) Garbage Collection (Allocation Rate)
[12.589s][info][gc,task     ] GC(117) Using 5 workers
[12.589s][info][gc,phases   ] GC(117) Pause Mark Start 0.010ms
[12.620s][info][gc,phases   ] GC(117) Concurrent Mark 30.963ms
[12.620s][info][gc,phases   ] GC(117) Pause Mark End 0.011ms
[12.620s][info][gc,phases   ] GC(117) Concurrent Mark Free 0.001ms
[12.621s][info][gc,phases   ] GC(117) Concurrent Process Non-Strong References 0.750ms
[12.621s][info][gc,phases   ] GC(117) Concurrent Reset Relocation Set 0.003ms
[12.627s][info][gc,phases   ] GC(117) Concurrent Select Relocation Set 6.646ms
[12.628s][info][gc,phases   ] GC(117) Pause Relocate Start 0.004ms
[12.632s][info][gc,phases   ] GC(117) Concurrent Relocate 4.499ms
[12.632s][info][gc,load     ] GC(117) Load: 0.00/0.00/0.00
[12.632s][info][gc,mmu      ] GC(117) MMU: 2ms/98.6%, 5ms/99.5%, 10ms/99.7%, 20ms/99.8%, 50ms/99.9%, 100ms/99.9%
[12.632s][info][gc,marking  ] GC(117) Mark: 4 stripe(s), 2 proactive flush(es), 1 terminate flush(es), 0 completion(s), 0 continuation(s) 
[12.632s][info][gc,marking  ] GC(117) Mark Stack Usage: 32M
[12.632s][info][gc,nmethod  ] GC(117) NMethods: 1343 registered, 45 unregistered
[12.632s][info][gc,metaspace] GC(117) Metaspace: 8M used, 8M committed, 1088M reserved
[12.632s][info][gc,ref      ] GC(117) Soft: 174 encountered, 0 discovered, 0 enqueued
[12.632s][info][gc,ref      ] GC(117) Weak: 570 encountered, 206 discovered, 0 enqueued
[12.632s][info][gc,ref      ] GC(117) Final: 0 encountered, 0 discovered, 0 enqueued
[12.632s][info][gc,ref      ] GC(117) Phantom: 21 encountered, 19 discovered, 0 enqueued
[12.632s][info][gc,reloc    ] GC(117) Small Pages: 118 / 236M, Empty: 180M, Relocated: 6M, In-Place: 0
[12.632s][info][gc,reloc    ] GC(117) Medium Pages: 1 / 16M, Empty: 0M, Relocated: 0M, In-Place: 0
[12.633s][info][gc,reloc    ] GC(117) Large Pages: 0 / 0M, Empty: 0M, Relocated: 0M, In-Place: 0
[12.633s][info][gc,reloc    ] GC(117) Forwarding Usage: 2M
[12.633s][info][gc,heap     ] GC(117) Min Capacity: 8M(2%)
[12.633s][info][gc,heap     ] GC(117) Max Capacity: 512M(100%)
[12.633s][info][gc,heap     ] GC(117) Soft Max Capacity: 512M(100%)
[12.633s][info][gc,heap     ] GC(117)                Mark Start          Mark End        Relocate Start      Relocate End           High               Low         
[12.633s][info][gc,heap     ] GC(117)  Capacity:      512M (100%)        512M (100%)        512M (100%)        512M (100%)        512M (100%)        512M (100%)   
[12.633s][info][gc,heap     ] GC(117)      Free:      260M (51%)         178M (35%)         342M (67%)         354M (69%)         358M (70%)         176M (34%)    
[12.633s][info][gc,heap     ] GC(117)      Used:      252M (49%)         334M (65%)         170M (33%)         158M (31%)         336M (66%)         154M (30%)    
[12.633s][info][gc,heap     ] GC(117)      Live:         -                25M (5%)           25M (5%)           25M (5%)             -                  -          
[12.633s][info][gc,heap     ] GC(117) Allocated:         -                82M (16%)          98M (19%)         109M (21%)            -                  -          
[12.633s][info][gc,heap     ] GC(117)   Garbage:         -               226M (44%)          46M (9%)           22M (4%)             -                  -          
[12.633s][info][gc,heap     ] GC(117) Reclaimed:         -                  -               180M (35%)         203M (40%)            -                  -          
[12.633s][info][gc          ] GC(117) Garbage Collection (Allocation Rate) 252M(49%)->158M(31%)
[12.682s][info][gc,start    ] GC(118) Garbage Collection (Allocation Rate)
[12.682s][info][gc,task     ] GC(118) Using 5 workers
[12.682s][info][gc,phases   ] GC(118) Pause Mark Start 0.011ms
[12.714s][info][gc,phases   ] GC(118) Concurrent Mark 31.030ms
[12.714s][info][gc,phases   ] GC(118) Pause Mark End 0.010ms
[12.714s][info][gc,phases   ] GC(118) Concurrent Mark Free 0.001ms
[12.715s][info][gc,phases   ] GC(118) Concurrent Process Non-Strong References 0.870ms
[12.715s][info][gc,phases   ] GC(118) Concurrent Reset Relocation Set 0.003ms
[12.719s][info][gc,phases   ] GC(118) Concurrent Select Relocation Set 3.870ms
[12.719s][info][gc,phases   ] GC(118) Pause Relocate Start 0.004ms
[12.721s][info][gc,phases   ] GC(118) Concurrent Relocate 2.159ms
[12.721s][info][gc,load     ] GC(118) Load: 0.00/0.00/0.00
[12.721s][info][gc,mmu      ] GC(118) MMU: 2ms/98.6%, 5ms/99.5%, 10ms/99.7%, 20ms/99.8%, 50ms/99.9%, 100ms/99.9%
[12.721s][info][gc,marking  ] GC(118) Mark: 4 stripe(s), 3 proactive flush(es), 1 terminate flush(es), 0 completion(s), 0 continuation(s) 
[12.721s][info][gc,marking  ] GC(118) Mark Stack Usage: 32M
[12.721s][info][gc,nmethod  ] GC(118) NMethods: 1343 registered, 45 unregistered
[12.721s][info][gc,metaspace] GC(118) Metaspace: 8M used, 8M committed, 1088M reserved
[12.721s][info][gc,ref      ] GC(118) Soft: 174 encountered, 0 discovered, 0 enqueued
[12.721s][info][gc,ref      ] GC(118) Weak: 570 encountered, 54 discovered, 0 enqueued
[12.721s][info][gc,ref      ] GC(118) Final: 0 encountered, 0 discovered, 0 enqueued
[12.721s][info][gc,ref      ] GC(118) Phantom: 21 encountered, 15 discovered, 0 enqueued
[12.721s][info][gc,reloc    ] GC(118) Small Pages: 129 / 258M, Empty: 210M, Relocated: 3M, In-Place: 0
[12.721s][info][gc,reloc    ] GC(118) Medium Pages: 2 / 32M, Empty: 0M, Relocated: 2M, In-Place: 0
[12.721s][info][gc,reloc    ] GC(118) Large Pages: 0 / 0M, Empty: 0M, Relocated: 0M, In-Place: 0
[12.721s][info][gc,reloc    ] GC(118) Forwarding Usage: 1M
[12.721s][info][gc,heap     ] GC(118) Min Capacity: 8M(2%)
[12.721s][info][gc,heap     ] GC(118) Max Capacity: 512M(100%)
[12.721s][info][gc,heap     ] GC(118) Soft Max Capacity: 512M(100%)
[12.721s][info][gc,heap     ] GC(118)                Mark Start          Mark End        Relocate Start      Relocate End           High               Low         
[12.721s][info][gc,heap     ] GC(118)  Capacity:      512M (100%)        512M (100%)        512M (100%)        512M (100%)        512M (100%)        512M (100%)   
[12.721s][info][gc,heap     ] GC(118)      Free:      222M (43%)         138M (27%)         334M (65%)         356M (70%)         356M (70%)         136M (27%)    
[12.722s][info][gc,heap     ] GC(118)      Used:      290M (57%)         374M (73%)         178M (35%)         156M (30%)         376M (73%)         156M (30%)    
[12.722s][info][gc,heap     ] GC(118)      Live:         -                26M (5%)           26M (5%)           26M (5%)             -                  -          
[12.722s][info][gc,heap     ] GC(118) Allocated:         -                84M (16%)          98M (19%)         103M (20%)            -                  -          
[12.722s][info][gc,heap     ] GC(118)   Garbage:         -               263M (52%)          53M (11%)          25M (5%)             -                  -          
[12.722s][info][gc,heap     ] GC(118) Reclaimed:         -                  -               210M (41%)         237M (46%)            -                  -          
[12.722s][info][gc          ] GC(118) Garbage Collection (Allocation Rate) 290M(57%)->156M(30%)
[12.783s][info][gc,start    ] GC(119) Garbage Collection (Allocation Rate)
[12.783s][info][gc,task     ] GC(119) Using 5 workers
[12.783s][info][gc,phases   ] GC(119) Pause Mark Start 0.010ms
[12.814s][info][gc,phases   ] GC(119) Concurrent Mark 31.042ms
[12.814s][info][gc,phases   ] GC(119) Pause Mark End 0.013ms
[12.814s][info][gc,phases   ] GC(119) Concurrent Mark Free 0.001ms
[12.815s][info][gc,phases   ] GC(119) Concurrent Process Non-Strong References 0.816ms
[12.815s][info][gc,phases   ] GC(119) Concurrent Reset Relocation Set 0.002ms
[12.821s][info][gc,phases   ] GC(119) Concurrent Select Relocation Set 6.008ms
[12.821s][info][gc,phases   ] GC(119) Pause Relocate Start 0.004ms
[12.825s][info][gc,phases   ] GC(119) Concurrent Relocate 3.446ms
[12.825s][info][gc,load     ] GC(119) Load: 0.00/0.00/0.00
[12.825s][info][gc,mmu      ] GC(119) MMU: 2ms/98.6%, 5ms/99.5%, 10ms/99.7%, 20ms/99.8%, 50ms/99.9%, 100ms/99.9%
[12.825s][info][gc,marking  ] GC(119) Mark: 4 stripe(s), 3 proactive flush(es), 1 terminate flush(es), 0 completion(s), 0 continuation(s) 
[12.825s][info][gc,marking  ] GC(119) Mark Stack Usage: 32M
[12.825s][info][gc,nmethod  ] GC(119) NMethods: 1343 registered, 45 unregistered
[12.825s][info][gc,metaspace] GC(119) Metaspace: 8M used, 8M committed, 1088M reserved
[12.825s][info][gc,ref      ] GC(119) Soft: 174 encountered, 0 discovered, 0 enqueued
[12.825s][info][gc,ref      ] GC(119) Weak: 570 encountered, 200 discovered, 0 enqueued
[12.825s][info][gc,ref      ] GC(119) Final: 0 encountered, 0 discovered, 0 enqueued
[12.825s][info][gc,ref      ] GC(119) Phantom: 21 encountered, 14 discovered, 0 enqueued
[12.825s][info][gc,reloc    ] GC(119) Small Pages: 153 / 306M, Empty: 254M, Relocated: 4M, In-Place: 0
[12.825s][info][gc,reloc    ] GC(119) Medium Pages: 1 / 16M, Empty: 0M, Relocated: 0M, In-Place: 0
[12.825s][info][gc,reloc    ] GC(119) Large Pages: 0 / 0M, Empty: 0M, Relocated: 0M, In-Place: 0
[12.825s][info][gc,reloc    ] GC(119) Forwarding Usage: 2M
[12.825s][info][gc,heap     ] GC(119) Min Capacity: 8M(2%)
[12.825s][info][gc,heap     ] GC(119) Max Capacity: 512M(100%)
[12.825s][info][gc,heap     ] GC(119) Soft Max Capacity: 512M(100%)
[12.825s][info][gc,heap     ] GC(119)                Mark Start          Mark End        Relocate Start      Relocate End           High               Low         
[12.825s][info][gc,heap     ] GC(119)  Capacity:      512M (100%)        512M (100%)        512M (100%)        512M (100%)        512M (100%)        512M (100%)   
[12.825s][info][gc,heap     ] GC(119)      Free:      190M (37%)         106M (21%)         346M (68%)         352M (69%)         354M (69%)         104M (20%)    
[12.826s][info][gc,heap     ] GC(119)      Used:      322M (63%)         406M (79%)         166M (32%)         160M (31%)         408M (80%)         158M (31%)    
[12.826s][info][gc,heap     ] GC(119)      Live:         -                26M (5%)           26M (5%)           26M (5%)             -                  -          
[12.826s][info][gc,heap     ] GC(119) Allocated:         -                84M (16%)          98M (19%)         107M (21%)            -                  -          
[12.826s][info][gc,heap     ] GC(119)   Garbage:         -               295M (58%)          41M (8%)           25M (5%)             -                  -          
[12.826s][info][gc,heap     ] GC(119) Reclaimed:         -                  -               254M (50%)         269M (53%)            -                  -          
[12.826s][info][gc          ] GC(119) Garbage Collection (Allocation Rate) 322M(63%)->160M(31%)
[12.892s][info][gc,start    ] GC(120) Garbage Collection (Allocation Rate)
[12.892s][info][gc,task     ] GC(120) Using 5 workers
[12.893s][info][gc,phases   ] GC(120) Pause Mark Start 0.010ms
[12.924s][info][gc,phases   ] GC(120) Concurrent Mark 30.976ms
[12.924s][info][gc,phases   ] GC(120) Pause Mark End 0.010ms
[12.924s][info][gc,phases   ] GC(120) Concurrent Mark Free 0.001ms
[12.924s][info][gc,phases   ] GC(120) Concurrent Process Non-Strong References 0.759ms
[12.925s][info][gc,phases   ] GC(120) Concurrent Reset Relocation Set 0.003ms
[12.931s][info][gc,phases   ] GC(120) Concurrent Select Relocation Set 6.891ms
[12.932s][info][gc,phases   ] GC(120) Pause Relocate Start 0.006ms
[12.936s][info][gc,phases   ] GC(120) Concurrent Relocate 4.093ms
[12.936s][info][gc,load     ] GC(120) Load: 0.00/0.00/0.00
[12.936s][info][gc,mmu      ] GC(120) MMU: 2ms/98.6%, 5ms/99.5%, 10ms/99.7%, 20ms/99.8%, 50ms/99.9%, 100ms/99.9%
[12.936s][info][gc,marking  ] GC(120) Mark: 4 stripe(s), 2 proactive flush(es), 1 terminate flush(es), 0 completion(s), 0 continuation(s) 
[12.936s][info][gc,marking  ] GC(120) Mark Stack Usage: 32M
[12.936s][info][gc,nmethod  ] GC(120) NMethods: 1343 registered, 45 unregistered
[12.936s][info][gc,metaspace] GC(120) Metaspace: 8M used, 8M committed, 1088M reserved
[12.936s][info][gc,ref      ] GC(120) Soft: 174 encountered, 0 discovered, 0 enqueued
[12.936s][info][gc,ref      ] GC(120) Weak: 570 encountered, 5 discovered, 0 enqueued
[12.936s][info][gc,ref      ] GC(120) Final: 0 encountered, 0 discovered, 0 enqueued
[12.936s][info][gc,ref      ] GC(120) Phantom: 21 encountered, 18 discovered, 0 enqueued
[12.936s][info][gc,reloc    ] GC(120) Small Pages: 154 / 308M, Empty: 258M, Relocated: 8M, In-Place: 0
[12.936s][info][gc,reloc    ] GC(120) Medium Pages: 1 / 16M, Empty: 0M, Relocated: 0M, In-Place: 0
[12.936s][info][gc,reloc    ] GC(120) Large Pages: 0 / 0M, Empty: 0M, Relocated: 0M, In-Place: 0
[12.936s][info][gc,reloc    ] GC(120) Forwarding Usage: 3M
[12.936s][info][gc,heap     ] GC(120) Min Capacity: 8M(2%)
[12.936s][info][gc,heap     ] GC(120) Max Capacity: 512M(100%)
[12.936s][info][gc,heap     ] GC(120) Soft Max Capacity: 512M(100%)
[12.936s][info][gc,heap     ] GC(120)                Mark Start          Mark End        Relocate Start      Relocate End           High               Low         
[12.936s][info][gc,heap     ] GC(120)  Capacity:      512M (100%)        512M (100%)        512M (100%)        512M (100%)        512M (100%)        512M (100%)   
[12.936s][info][gc,heap     ] GC(120)      Free:      188M (37%)         102M (20%)         340M (66%)         344M (67%)         356M (70%)         100M (20%)    
[12.936s][info][gc,heap     ] GC(120)      Used:      324M (63%)         410M (80%)         172M (34%)         168M (33%)         412M (80%)         156M (30%)    
[12.936s][info][gc,heap     ] GC(120)      Live:         -                27M (5%)           27M (5%)           27M (5%)             -                  -          
[12.936s][info][gc,heap     ] GC(120) Allocated:         -                86M (17%)         106M (21%)         115M (23%)            -                  -          
[12.936s][info][gc,heap     ] GC(120)   Garbage:         -               296M (58%)          38M (8%)           24M (5%)             -                  -          
[12.936s][info][gc,heap     ] GC(120) Reclaimed:         -                  -               258M (50%)         271M (53%)            -                  -          
[12.936s][info][gc          ] GC(120) Garbage Collection (Allocation Rate) 324M(63%)->168M(33%)
[12.986s][info][gc,start    ] GC(121) Garbage Collection (Allocation Rate)
[12.986s][info][gc,task     ] GC(121) Using 5 workers
[12.986s][info][gc,phases   ] GC(121) Pause Mark Start 0.011ms
[13.017s][info][gc,phases   ] GC(121) Concurrent Mark 30.968ms
[13.017s][info][gc,phases   ] GC(121) Pause Mark End 0.012ms
[13.017s][info][gc,phases   ] GC(121) Concurrent Mark Free 0.001ms
[13.018s][info][gc,phases   ] GC(121) Concurrent Process Non-Strong References 0.753ms
[13.018s][info][gc,phases   ] GC(121) Concurrent Reset Relocation Set 0.003ms
[13.022s][info][gc,phases   ] GC(121) Concurrent Select Relocation Set 3.940ms
[13.022s][info][gc,phases   ] GC(121) Pause Relocate Start 0.003ms
[13.026s][info][gc,phases   ] GC(121) Concurrent Relocate 3.993ms
[13.026s][info][gc,load     ] GC(121) Load: 0.00/0.00/0.00
[13.026s][info][gc,mmu      ] GC(121) MMU: 2ms/98.6%, 5ms/99.5%, 10ms/99.7%, 20ms/99.8%, 50ms/99.9%, 100ms/99.9%
[13.026s][info][gc,marking  ] GC(121) Mark: 4 stripe(s), 2 proactive flush(es), 1 terminate flush(es), 0 completion(s), 0 continuation(s) 
[13.026s][info][gc,marking  ] GC(121) Mark Stack Usage: 32M
[13.027s][info][gc,nmethod  ] GC(121) NMethods: 1343 registered, 45 unregistered
[13.027s][info][gc,metaspace] GC(121) Metaspace: 8M used, 8M committed, 1088M reserved
[13.027s][info][gc,ref      ] GC(121) Soft: 174 encountered, 0 discovered, 0 enqueued
[13.027s][info][gc,ref      ] GC(121) Weak: 570 encountered, 286 discovered, 0 enqueued
[13.027s][info][gc,ref      ] GC(121) Final: 0 encountered, 0 discovered, 0 enqueued
[13.027s][info][gc,ref      ] GC(121) Phantom: 21 encountered, 18 discovered, 0 enqueued
[13.027s][info][gc,reloc    ] GC(121) Small Pages: 145 / 290M, Empty: 242M, Relocated: 5M, In-Place: 0
[13.027s][info][gc,reloc    ] GC(121) Medium Pages: 1 / 16M, Empty: 0M, Relocated: 0M, In-Place: 0
[13.027s][info][gc,reloc    ] GC(121) Large Pages: 0 / 0M, Empty: 0M, Relocated: 0M, In-Place: 0
[13.027s][info][gc,reloc    ] GC(121) Forwarding Usage: 2M
[13.027s][info][gc,heap     ] GC(121) Min Capacity: 8M(2%)
[13.027s][info][gc,heap     ] GC(121) Max Capacity: 512M(100%)
[13.027s][info][gc,heap     ] GC(121) Soft Max Capacity: 512M(100%)
[13.027s][info][gc,heap     ] GC(121)                Mark Start          Mark End        Relocate Start      Relocate End           High               Low         
[13.027s][info][gc,heap     ] GC(121)  Capacity:      512M (100%)        512M (100%)        512M (100%)        512M (100%)        512M (100%)        512M (100%)   
[13.027s][info][gc,heap     ] GC(121)      Free:      206M (40%)         122M (24%)         350M (68%)         356M (70%)         358M (70%)         120M (23%)    
[13.027s][info][gc,heap     ] GC(121)      Used:      306M (60%)         390M (76%)         162M (32%)         156M (30%)         392M (77%)         154M (30%)    
[13.027s][info][gc,heap     ] GC(121)      Live:         -                28M (6%)           28M (6%)           28M (6%)             -                  -          
[13.027s][info][gc,heap     ] GC(121) Allocated:         -                84M (16%)          98M (19%)         103M (20%)            -                  -          
[13.027s][info][gc,heap     ] GC(121)   Garbage:         -               277M (54%)          35M (7%)           23M (5%)             -                  -          
[13.027s][info][gc,heap     ] GC(121) Reclaimed:         -                  -               242M (47%)         253M (50%)            -                  -          
[13.027s][info][gc          ] GC(121) Garbage Collection (Allocation Rate) 306M(60%)->156M(30%)
[13.080s][info][gc,start    ] GC(122) Garbage Collection (Allocation Rate)
[13.080s][info][gc,task     ] GC(122) Using 5 workers
[13.080s][info][gc,phases   ] GC(122) Pause Mark Start 0.010ms
[13.127s][info][gc,phases   ] GC(122) Concurrent Mark 46.656ms
[13.127s][info][gc,phases   ] GC(122) Pause Mark End 0.015ms
[13.127s][info][gc,phases   ] GC(122) Concurrent Mark Free 0.002ms
[13.128s][info][gc,phases   ] GC(122) Concurrent Process Non-Strong References 0.936ms
[13.128s][info][gc,phases   ] GC(122) Concurrent Reset Relocation Set 0.002ms
[13.132s][info][gc,phases   ] GC(122) Concurrent Select Relocation Set 3.708ms
[13.132s][info][gc,phases   ] GC(122) Pause Relocate Start 0.007ms
[13.136s][info][gc,phases   ] GC(122) Concurrent Relocate 3.790ms
[13.136s][info][gc,load     ] GC(122) Load: 0.00/0.00/0.00
[13.136s][info][gc,mmu      ] GC(122) MMU: 2ms/98.6%, 5ms/99.5%, 10ms/99.7%, 20ms/99.8%, 50ms/99.9%, 100ms/99.9%
[13.136s][info][gc,marking  ] GC(122) Mark: 4 stripe(s), 2 proactive flush(es), 1 terminate flush(es), 0 completion(s), 0 continuation(s) 
[13.136s][info][gc,marking  ] GC(122) Mark Stack Usage: 32M
[13.136s][info][gc,nmethod  ] GC(122) NMethods: 1343 registered, 45 unregistered
[13.136s][info][gc,metaspace] GC(122) Metaspace: 8M used, 8M committed, 1088M reserved
[13.136s][info][gc,ref      ] GC(122) Soft: 174 encountered, 0 discovered, 0 enqueued
[13.136s][info][gc,ref      ] GC(122) Weak: 570 encountered, 228 discovered, 0 enqueued
[13.136s][info][gc,ref      ] GC(122) Final: 0 encountered, 0 discovered, 0 enqueued
[13.136s][info][gc,ref      ] GC(122) Phantom: 21 encountered, 14 discovered, 0 enqueued
[13.136s][info][gc,reloc    ] GC(122) Small Pages: 135 / 270M, Empty: 230M, Relocated: 3M, In-Place: 0
[13.136s][info][gc,reloc    ] GC(122) Medium Pages: 1 / 16M, Empty: 0M, Relocated: 0M, In-Place: 0
[13.136s][info][gc,reloc    ] GC(122) Large Pages: 0 / 0M, Empty: 0M, Relocated: 0M, In-Place: 0
[13.136s][info][gc,reloc    ] GC(122) Forwarding Usage: 1M
[13.136s][info][gc,heap     ] GC(122) Min Capacity: 8M(2%)
[13.136s][info][gc,heap     ] GC(122) Max Capacity: 512M(100%)
[13.136s][info][gc,heap     ] GC(122) Soft Max Capacity: 512M(100%)
[13.136s][info][gc,heap     ] GC(122)                Mark Start          Mark End        Relocate Start      Relocate End           High               Low         
[13.136s][info][gc,heap     ] GC(122)  Capacity:      512M (100%)        512M (100%)        512M (100%)        512M (100%)        512M (100%)        512M (100%)   
[13.136s][info][gc,heap     ] GC(122)      Free:      226M (44%)         188M (37%)         416M (81%)         416M (81%)         416M (81%)         188M (37%)    
[13.136s][info][gc,heap     ] GC(122)      Used:      286M (56%)         324M (63%)          96M (19%)          96M (19%)         324M (63%)          96M (19%)    
[13.136s][info][gc,heap     ] GC(122)      Live:         -                29M (6%)           29M (6%)           29M (6%)             -                  -          
[13.136s][info][gc,heap     ] GC(122) Allocated:         -                38M (7%)           40M (8%)           39M (8%)             -                  -          
[13.136s][info][gc,heap     ] GC(122)   Garbage:         -               256M (50%)          26M (5%)           26M (5%)             -                  -          
[13.136s][info][gc,heap     ] GC(122) Reclaimed:         -                  -               230M (45%)         229M (45%)            -                  -          
[13.136s][info][gc          ] GC(122) Garbage Collection (Allocation Rate) 286M(56%)->96M(19%)
[13.189s][info][gc,start    ] GC(123) Garbage Collection (Allocation Rate)
[13.189s][info][gc,task     ] GC(123) Using 5 workers
[13.189s][info][gc,phases   ] GC(123) Pause Mark Start 0.011ms
[13.236s][info][gc,phases   ] GC(123) Concurrent Mark 46.527ms
[13.236s][info][gc,phases   ] GC(123) Pause Mark End 0.010ms
[13.236s][info][gc,phases   ] GC(123) Concurrent Mark Free 0.001ms
[13.237s][info][gc,phases   ] GC(123) Concurrent Process Non-Strong References 0.641ms
[13.237s][info][gc,phases   ] GC(123) Concurrent Reset Relocation Set 0.001ms
[13.241s][info][gc,phases   ] GC(123) Concurrent Select Relocation Set 3.693ms
[13.241s][info][gc,phases   ] GC(123) Pause Relocate Start 0.004ms
[13.242s][info][gc,phases   ] GC(123) Concurrent Relocate 1.647ms
[13.242s][info][gc,load     ] GC(123) Load: 0.00/0.00/0.00
[13.242s][info][gc,mmu      ] GC(123) MMU: 2ms/98.6%, 5ms/99.5%, 10ms/99.7%, 20ms/99.8%, 50ms/99.9%, 100ms/99.9%
[13.242s][info][gc,marking  ] GC(123) Mark: 4 stripe(s), 2 proactive flush(es), 1 terminate flush(es), 0 completion(s), 0 continuation(s) 
[13.242s][info][gc,marking  ] GC(123) Mark Stack Usage: 32M
[13.242s][info][gc,nmethod  ] GC(123) NMethods: 1343 registered, 45 unregistered
[13.243s][info][gc,metaspace] GC(123) Metaspace: 8M used, 8M committed, 1088M reserved
[13.243s][info][gc,ref      ] GC(123) Soft: 174 encountered, 0 discovered, 0 enqueued
[13.243s][info][gc,ref      ] GC(123) Weak: 570 encountered, 402 discovered, 0 enqueued
[13.243s][info][gc,ref      ] GC(123) Final: 0 encountered, 0 discovered, 0 enqueued
[13.243s][info][gc,ref      ] GC(123) Phantom: 21 encountered, 18 discovered, 0 enqueued
[13.243s][info][gc,reloc    ] GC(123) Small Pages: 39 / 78M, Empty: 14M, Relocated: 3M, In-Place: 0
[13.243s][info][gc,reloc    ] GC(123) Medium Pages: 2 / 32M, Empty: 16M, Relocated: 0M, In-Place: 0
[13.243s][info][gc,reloc    ] GC(123) Large Pages: 2 / 8M, Empty: 0M, Relocated: 0M, In-Place: 0
[13.243s][info][gc,reloc    ] GC(123) Forwarding Usage: 1M
[13.243s][info][gc,heap     ] GC(123) Min Capacity: 8M(2%)
[13.243s][info][gc,heap     ] GC(123) Max Capacity: 512M(100%)
[13.243s][info][gc,heap     ] GC(123) Soft Max Capacity: 512M(100%)
[13.243s][info][gc,heap     ] GC(123)                Mark Start          Mark End        Relocate Start      Relocate End           High               Low         
[13.243s][info][gc,heap     ] GC(123)  Capacity:      512M (100%)        512M (100%)        512M (100%)        512M (100%)        512M (100%)        512M (100%)   
[13.243s][info][gc,heap     ] GC(123)      Free:      394M (77%)         362M (71%)         390M (76%)         396M (77%)         396M (77%)         360M (70%)    
[13.243s][info][gc,heap     ] GC(123)      Used:      118M (23%)         150M (29%)         122M (24%)         116M (23%)         152M (30%)         116M (23%)    
[13.243s][info][gc,heap     ] GC(123)      Live:         -                52M (10%)          52M (10%)          52M (10%)            -                  -          
[13.243s][info][gc,heap     ] GC(123) Allocated:         -                32M (6%)           34M (7%)           33M (7%)             -                  -          
[13.243s][info][gc,heap     ] GC(123)   Garbage:         -                65M (13%)          35M (7%)           29M (6%)             -                  -          
[13.243s][info][gc,heap     ] GC(123) Reclaimed:         -                  -                30M (6%)           35M (7%)             -                  -          
[13.243s][info][gc          ] GC(123) Garbage Collection (Allocation Rate) 118M(23%)->116M(23%)
[13.283s][info][gc,start    ] GC(124) Garbage Collection (Allocation Rate)
[13.283s][info][gc,task     ] GC(124) Using 5 workers
[13.283s][info][gc,phases   ] GC(124) Pause Mark Start 0.012ms
[13.314s][info][gc,phases   ] GC(124) Concurrent Mark 31.004ms
[13.314s][info][gc,phases   ] GC(124) Pause Mark End 0.011ms
[13.314s][info][gc,phases   ] GC(124) Concurrent Mark Free 0.001ms
[13.315s][info][gc,phases   ] GC(124) Concurrent Process Non-Strong References 0.934ms
[13.315s][info][gc,phases   ] GC(124) Concurrent Reset Relocation Set 0.002ms
[13.321s][info][gc,phases   ] GC(124) Concurrent Select Relocation Set 5.328ms
[13.321s][info][gc,phases   ] GC(124) Pause Relocate Start 0.007ms
[13.323s][info][gc,phases   ] GC(124) Concurrent Relocate 1.700ms
[13.323s][info][gc,load     ] GC(124) Load: 0.00/0.00/0.00
[13.323s][info][gc,mmu      ] GC(124) MMU: 2ms/98.6%, 5ms/99.5%, 10ms/99.7%, 20ms/99.8%, 50ms/99.9%, 100ms/99.9%
[13.323s][info][gc,marking  ] GC(124) Mark: 4 stripe(s), 2 proactive flush(es), 1 terminate flush(es), 0 completion(s), 0 continuation(s) 
[13.323s][info][gc,marking  ] GC(124) Mark Stack Usage: 32M
[13.323s][info][gc,nmethod  ] GC(124) NMethods: 1343 registered, 45 unregistered
[13.323s][info][gc,metaspace] GC(124) Metaspace: 8M used, 8M committed, 1088M reserved
[13.323s][info][gc,ref      ] GC(124) Soft: 174 encountered, 0 discovered, 0 enqueued
[13.323s][info][gc,ref      ] GC(124) Weak: 570 encountered, 393 discovered, 0 enqueued
[13.323s][info][gc,ref      ] GC(124) Final: 0 encountered, 0 discovered, 0 enqueued
[13.323s][info][gc,ref      ] GC(124) Phantom: 21 encountered, 16 discovered, 0 enqueued
[13.323s][info][gc,reloc    ] GC(124) Small Pages: 42 / 84M, Empty: 42M, Relocated: 3M, In-Place: 0
[13.323s][info][gc,reloc    ] GC(124) Medium Pages: 2 / 32M, Empty: 16M, Relocated: 0M, In-Place: 0
[13.323s][info][gc,reloc    ] GC(124) Large Pages: 4 / 16M, Empty: 12M, Relocated: 0M, In-Place: 0
[13.323s][info][gc,reloc    ] GC(124) Forwarding Usage: 1M
[13.323s][info][gc,heap     ] GC(124) Min Capacity: 8M(2%)
[13.323s][info][gc,heap     ] GC(124) Max Capacity: 512M(100%)
[13.323s][info][gc,heap     ] GC(124) Soft Max Capacity: 512M(100%)
[13.323s][info][gc,heap     ] GC(124)                Mark Start          Mark End        Relocate Start      Relocate End           High               Low         
[13.323s][info][gc,heap     ] GC(124)  Capacity:      512M (100%)        512M (100%)        512M (100%)        512M (100%)        512M (100%)        512M (100%)   
[13.323s][info][gc,heap     ] GC(124)      Free:      380M (74%)         354M (69%)         424M (83%)         430M (84%)         430M (84%)         354M (69%)    
[13.323s][info][gc,heap     ] GC(124)      Used:      132M (26%)         158M (31%)          88M (17%)          82M (16%)         158M (31%)          82M (16%)    
[13.323s][info][gc,heap     ] GC(124)      Live:         -                31M (6%)           31M (6%)           31M (6%)             -                  -          
[13.323s][info][gc,heap     ] GC(124) Allocated:         -                26M (5%)           26M (5%)           25M (5%)             -                  -          
[13.323s][info][gc,heap     ] GC(124)   Garbage:         -               100M (20%)          30M (6%)           24M (5%)             -                  -          
[13.323s][info][gc,heap     ] GC(124) Reclaimed:         -                  -                70M (14%)          75M (15%)            -                  -          
[13.323s][info][gc          ] GC(124) Garbage Collection (Allocation Rate) 132M(26%)->82M(16%)
[13.384s][info][gc,start    ] GC(125) Garbage Collection (Allocation Rate)
[13.384s][info][gc,task     ] GC(125) Using 5 workers
[13.384s][info][gc,phases   ] GC(125) Pause Mark Start 0.011ms
[13.415s][info][gc,phases   ] GC(125) Concurrent Mark 30.971ms
[13.415s][info][gc,phases   ] GC(125) Pause Mark End 0.011ms
[13.415s][info][gc,phases   ] GC(125) Concurrent Mark Free 0.001ms
[13.416s][info][gc,phases   ] GC(125) Concurrent Process Non-Strong References 0.773ms
[13.416s][info][gc,phases   ] GC(125) Concurrent Reset Relocation Set 0.001ms
[13.422s][info][gc,phases   ] GC(125) Concurrent Select Relocation Set 5.768ms
[13.422s][info][gc,phases   ] GC(125) Pause Relocate Start 0.004ms
[13.425s][info][gc,phases   ] GC(125) Concurrent Relocate 3.287ms
[13.425s][info][gc,load     ] GC(125) Load: 0.00/0.00/0.00
[13.425s][info][gc,mmu      ] GC(125) MMU: 2ms/98.6%, 5ms/99.5%, 10ms/99.7%, 20ms/99.8%, 50ms/99.9%, 100ms/99.9%
[13.425s][info][gc,marking  ] GC(125) Mark: 4 stripe(s), 2 proactive flush(es), 1 terminate flush(es), 0 completion(s), 0 continuation(s) 
[13.425s][info][gc,marking  ] GC(125) Mark Stack Usage: 32M
[13.425s][info][gc,nmethod  ] GC(125) NMethods: 1343 registered, 45 unregistered
[13.425s][info][gc,metaspace] GC(125) Metaspace: 8M used, 8M committed, 1088M reserved
[13.425s][info][gc,ref      ] GC(125) Soft: 174 encountered, 0 discovered, 0 enqueued
[13.425s][info][gc,ref      ] GC(125) Weak: 570 encountered, 185 discovered, 0 enqueued
[13.425s][info][gc,ref      ] GC(125) Final: 0 encountered, 0 discovered, 0 enqueued
[13.425s][info][gc,ref      ] GC(125) Phantom: 21 encountered, 14 discovered, 0 enqueued
[13.425s][info][gc,reloc    ] GC(125) Small Pages: 21 / 42M, Empty: 0M, Relocated: 6M, In-Place: 0
[13.425s][info][gc,reloc    ] GC(125) Medium Pages: 2 / 32M, Empty: 16M, Relocated: 0M, In-Place: 0
[13.426s][info][gc,reloc    ] GC(125) Large Pages: 2 / 8M, Empty: 4M, Relocated: 0M, In-Place: 0
[13.426s][info][gc,reloc    ] GC(125) Forwarding Usage: 2M
[13.426s][info][gc,heap     ] GC(125) Min Capacity: 8M(2%)
[13.426s][info][gc,heap     ] GC(125) Max Capacity: 512M(100%)
[13.426s][info][gc,heap     ] GC(125) Soft Max Capacity: 512M(100%)
[13.426s][info][gc,heap     ] GC(125)                Mark Start          Mark End        Relocate Start      Relocate End           High               Low         
[13.426s][info][gc,heap     ] GC(125)  Capacity:      512M (100%)        512M (100%)        512M (100%)        512M (100%)        512M (100%)        512M (100%)   
[13.426s][info][gc,heap     ] GC(125)      Free:      430M (84%)         414M (81%)         434M (85%)         436M (85%)         436M (85%)         414M (81%)    
[13.426s][info][gc,heap     ] GC(125)      Used:       82M (16%)          98M (19%)          78M (15%)          76M (15%)          98M (19%)          76M (15%)    
[13.426s][info][gc,heap     ] GC(125)      Live:         -                32M (6%)           32M (6%)           32M (6%)             -                  -          
[13.426s][info][gc,heap     ] GC(125) Allocated:         -                16M (3%)           16M (3%)           17M (3%)             -                  -          
[13.426s][info][gc,heap     ] GC(125)   Garbage:         -                49M (10%)          29M (6%)           25M (5%)             -                  -          
[13.426s][info][gc,heap     ] GC(125) Reclaimed:         -                  -                20M (4%)           23M (5%)             -                  -          
[13.426s][info][gc          ] GC(125) Garbage Collection (Allocation Rate) 82M(16%)->76M(15%)
[13.493s][info][gc,start    ] GC(126) Garbage Collection (Allocation Rate)
[13.493s][info][gc,task     ] GC(126) Using 5 workers
[13.493s][info][gc,phases   ] GC(126) Pause Mark Start 0.013ms
[13.540s][info][gc,phases   ] GC(126) Concurrent Mark 46.591ms
[13.540s][info][gc,phases   ] GC(126) Pause Mark End 0.013ms
[13.540s][info][gc,phases   ] GC(126) Concurrent Mark Free 0.002ms
[13.541s][info][gc,phases   ] GC(126) Concurrent Process Non-Strong References 1.105ms
[13.541s][info][gc,phases   ] GC(126) Concurrent Reset Relocation Set 0.002ms
[13.545s][info][gc,phases   ] GC(126) Concurrent Select Relocation Set 3.886ms
[13.545s][info][gc,phases   ] GC(126) Pause Relocate Start 0.005ms
[13.549s][info][gc,phases   ] GC(126) Concurrent Relocate 3.876ms
[13.549s][info][gc,load     ] GC(126) Load: 0.00/0.00/0.00
[13.549s][info][gc,mmu      ] GC(126) MMU: 2ms/98.6%, 5ms/99.5%, 10ms/99.7%, 20ms/99.8%, 50ms/99.9%, 100ms/99.9%
[13.549s][info][gc,marking  ] GC(126) Mark: 4 stripe(s), 3 proactive flush(es), 1 terminate flush(es), 0 completion(s), 0 continuation(s) 
[13.549s][info][gc,marking  ] GC(126) Mark Stack Usage: 32M
[13.549s][info][gc,nmethod  ] GC(126) NMethods: 1343 registered, 45 unregistered
[13.549s][info][gc,metaspace] GC(126) Metaspace: 8M used, 8M committed, 1088M reserved
[13.549s][info][gc,ref      ] GC(126) Soft: 174 encountered, 0 discovered, 0 enqueued
[13.549s][info][gc,ref      ] GC(126) Weak: 570 encountered, 352 discovered, 0 enqueued
[13.549s][info][gc,ref      ] GC(126) Final: 0 encountered, 0 discovered, 0 enqueued
[13.549s][info][gc,ref      ] GC(126) Phantom: 21 encountered, 12 discovered, 0 enqueued
[13.549s][info][gc,reloc    ] GC(126) Small Pages: 20 / 40M, Empty: 0M, Relocated: 3M, In-Place: 0
[13.549s][info][gc,reloc    ] GC(126) Medium Pages: 2 / 32M, Empty: 0M, Relocated: 2M, In-Place: 0
[13.550s][info][gc,reloc    ] GC(126) Large Pages: 1 / 4M, Empty: 0M, Relocated: 0M, In-Place: 0
[13.550s][info][gc,reloc    ] GC(126) Forwarding Usage: 1M
[13.550s][info][gc,heap     ] GC(126) Min Capacity: 8M(2%)
[13.550s][info][gc,heap     ] GC(126) Max Capacity: 512M(100%)
[13.550s][info][gc,heap     ] GC(126) Soft Max Capacity: 512M(100%)
[13.550s][info][gc,heap     ] GC(126)                Mark Start          Mark End        Relocate Start      Relocate End           High               Low         
[13.550s][info][gc,heap     ] GC(126)  Capacity:      512M (100%)        512M (100%)        512M (100%)        512M (100%)        512M (100%)        512M (100%)   
[13.550s][info][gc,heap     ] GC(126)      Free:      436M (85%)         392M (77%)         388M (76%)         406M (79%)         436M (85%)         366M (71%)    
[13.550s][info][gc,heap     ] GC(126)      Used:       76M (15%)         120M (23%)         124M (24%)         106M (21%)         146M (29%)          76M (15%)    
[13.550s][info][gc,heap     ] GC(126)      Live:         -                33M (6%)           33M (6%)           33M (6%)             -                  -          
[13.550s][info][gc,heap     ] GC(126) Allocated:         -                44M (9%)           48M (9%)           49M (10%)            -                  -          
[13.550s][info][gc,heap     ] GC(126)   Garbage:         -                42M (8%)           42M (8%)           22M (4%)             -                  -          
[13.550s][info][gc,heap     ] GC(126) Reclaimed:         -                  -                 0M (0%)           19M (4%)             -                  -          
[13.550s][info][gc          ] GC(126) Garbage Collection (Allocation Rate) 76M(15%)->106M(21%)
[13.575s][info][gc,start    ] GC(127) Garbage Collection (System.gc())
[13.575s][info][gc,task     ] GC(127) Using 5 workers
[13.575s][info][gc,phases   ] GC(127) Pause Mark Start 0.009ms
[13.587s][info][gc,phases   ] GC(127) Concurrent Mark 11.770ms
[13.587s][info][gc,phases   ] GC(127) Pause Mark End 0.011ms
[13.587s][info][gc,phases   ] GC(127) Concurrent Mark Free 0.001ms
[13.588s][info][gc,phases   ] GC(127) Concurrent Process Non-Strong References 1.182ms
[13.588s][info][gc,phases   ] GC(127) Concurrent Reset Relocation Set 0.002ms
[13.592s][info][gc,phases   ] GC(127) Concurrent Select Relocation Set 3.653ms
[13.592s][info][gc,phases   ] GC(127) Pause Relocate Start 0.006ms
[13.594s][info][gc,phases   ] GC(127) Concurrent Relocate 1.925ms
[13.594s][info][gc,load     ] GC(127) Load: 0.00/0.00/0.00
[13.594s][info][gc,mmu      ] GC(127) MMU: 2ms/98.6%, 5ms/99.5%, 10ms/99.7%, 20ms/99.8%, 50ms/99.9%, 100ms/99.9%
[13.594s][info][gc,marking  ] GC(127) Mark: 4 stripe(s), 1 proactive flush(es), 1 terminate flush(es), 0 completion(s), 0 continuation(s) 
[13.594s][info][gc,marking  ] GC(127) Mark Stack Usage: 32M
[13.594s][info][gc,nmethod  ] GC(127) NMethods: 1343 registered, 45 unregistered
[13.594s][info][gc,metaspace] GC(127) Metaspace: 8M used, 8M committed, 1088M reserved
[13.594s][info][gc,ref      ] GC(127) Soft: 174 encountered, 0 discovered, 0 enqueued
[13.594s][info][gc,ref      ] GC(127) Weak: 570 encountered, 231 discovered, 0 enqueued
[13.594s][info][gc,ref      ] GC(127) Final: 0 encountered, 0 discovered, 0 enqueued
[13.594s][info][gc,ref      ] GC(127) Phantom: 21 encountered, 16 discovered, 0 enqueued
[13.594s][info][gc,reloc    ] GC(127) Small Pages: 43 / 86M, Empty: 70M, Relocated: 1M, In-Place: 0
[13.594s][info][gc,reloc    ] GC(127) Medium Pages: 2 / 32M, Empty: 32M, Relocated: 0M, In-Place: 0
[13.594s][info][gc,reloc    ] GC(127) Large Pages: 1 / 4M, Empty: 4M, Relocated: 0M, In-Place: 0
[13.594s][info][gc,reloc    ] GC(127) Forwarding Usage: 0M
[13.594s][info][gc,heap     ] GC(127) Min Capacity: 8M(2%)
[13.594s][info][gc,heap     ] GC(127) Max Capacity: 512M(100%)
[13.594s][info][gc,heap     ] GC(127) Soft Max Capacity: 512M(100%)
[13.594s][info][gc,heap     ] GC(127)                Mark Start          Mark End        Relocate Start      Relocate End           High               Low         
[13.594s][info][gc,heap     ] GC(127)  Capacity:      512M (100%)        512M (100%)        512M (100%)        512M (100%)        512M (100%)        512M (100%)   
[13.594s][info][gc,heap     ] GC(127)      Free:      390M (76%)         390M (76%)         496M (97%)         498M (97%)         498M (97%)         390M (76%)    
[13.594s][info][gc,heap     ] GC(127)      Used:      122M (24%)         122M (24%)          16M (3%)           14M (3%)          122M (24%)          14M (3%)     
[13.594s][info][gc,heap     ] GC(127)      Live:         -                 4M (1%)            4M (1%)            4M (1%)             -                  -          
[13.594s][info][gc,heap     ] GC(127) Allocated:         -                 0M (0%)            0M (0%)            0M (0%)             -                  -          
[13.595s][info][gc,heap     ] GC(127)   Garbage:         -               117M (23%)          11M (2%)            9M (2%)             -                  -          
[13.595s][info][gc,heap     ] GC(127) Reclaimed:         -                  -               106M (21%)         108M (21%)            -                  -          
[13.595s][info][gc          ] GC(127) Garbage Collection (System.gc()) 122M(24%)->14M(3%)
[13.680s][info][gc,start    ] GC(128) Garbage Collection (Allocation Rate)
[13.680s][info][gc,task     ] GC(128) Using 5 workers
[13.681s][info][gc,phases   ] GC(128) Pause Mark Start 0.011ms
[13.696s][info][gc,phases   ] GC(128) Concurrent Mark 15.356ms
[13.696s][info][gc,phases   ] GC(128) Pause Mark End 0.013ms
[13.696s][info][gc,phases   ] GC(128) Concurrent Mark Free 0.001ms
[13.697s][info][gc,phases   ] GC(128) Concurrent Process Non-Strong References 1.172ms
[13.697s][info][gc,phases   ] GC(128) Concurrent Reset Relocation Set 0.001ms
[13.702s][info][gc,phases   ] GC(128) Concurrent Select Relocation Set 4.844ms
[13.702s][info][gc,phases   ] GC(128) Pause Relocate Start 0.006ms
[13.705s][info][gc,phases   ] GC(128) Concurrent Relocate 2.653ms
[13.705s][info][gc,load     ] GC(128) Load: 0.00/0.00/0.00
[13.705s][info][gc,mmu      ] GC(128) MMU: 2ms/98.6%, 5ms/99.5%, 10ms/99.7%, 20ms/99.8%, 50ms/99.9%, 100ms/99.9%
[13.705s][info][gc,marking  ] GC(128) Mark: 4 stripe(s), 3 proactive flush(es), 1 terminate flush(es), 0 completion(s), 0 continuation(s) 
[13.705s][info][gc,marking  ] GC(128) Mark Stack Usage: 32M
[13.705s][info][gc,nmethod  ] GC(128) NMethods: 1346 registered, 46 unregistered
[13.705s][info][gc,metaspace] GC(128) Metaspace: 8M used, 8M committed, 1088M reserved
[13.705s][info][gc,ref      ] GC(128) Soft: 174 encountered, 0 discovered, 0 enqueued
[13.705s][info][gc,ref      ] GC(128) Weak: 570 encountered, 239 discovered, 0 enqueued
[13.705s][info][gc,ref      ] GC(128) Final: 0 encountered, 0 discovered, 0 enqueued
[13.705s][info][gc,ref      ] GC(128) Phantom: 21 encountered, 19 discovered, 0 enqueued
[13.705s][info][gc,reloc    ] GC(128) Small Pages: 116 / 232M, Empty: 204M, Relocated: 3M, In-Place: 0
[13.705s][info][gc,reloc    ] GC(128) Medium Pages: 0 / 0M, Empty: 0M, Relocated: 0M, In-Place: 0
[13.705s][info][gc,reloc    ] GC(128) Large Pages: 0 / 0M, Empty: 0M, Relocated: 0M, In-Place: 0
[13.706s][info][gc,reloc    ] GC(128) Forwarding Usage: 1M
[13.706s][info][gc,heap     ] GC(128) Min Capacity: 8M(2%)
[13.706s][info][gc,heap     ] GC(128) Max Capacity: 512M(100%)
[13.706s][info][gc,heap     ] GC(128) Soft Max Capacity: 512M(100%)
[13.706s][info][gc,heap     ] GC(128)                Mark Start          Mark End        Relocate Start      Relocate End           High               Low         
[13.706s][info][gc,heap     ] GC(128)  Capacity:      512M (100%)        512M (100%)        512M (100%)        512M (100%)        512M (100%)        512M (100%)   
[13.706s][info][gc,heap     ] GC(128)      Free:      280M (55%)         238M (46%)         428M (84%)         436M (85%)         436M (85%)         236M (46%)    
[13.706s][info][gc,heap     ] GC(128)      Used:      232M (45%)         274M (54%)          84M (16%)          76M (15%)         276M (54%)          76M (15%)    
[13.706s][info][gc,heap     ] GC(128)      Live:         -                 5M (1%)            5M (1%)            5M (1%)             -                  -          
[13.706s][info][gc,heap     ] GC(128) Allocated:         -                42M (8%)           56M (11%)          63M (12%)            -                  -          
[13.706s][info][gc,heap     ] GC(128)   Garbage:         -               226M (44%)          22M (4%)            6M (1%)             -                  -          
[13.706s][info][gc,heap     ] GC(128) Reclaimed:         -                  -               204M (40%)         219M (43%)            -                  -          
[13.706s][info][gc          ] GC(128) Garbage Collection (Allocation Rate) 232M(45%)->76M(15%)
[13.790s][info][gc,start    ] GC(129) Garbage Collection (Allocation Rate)
[13.790s][info][gc,task     ] GC(129) Using 5 workers
[13.790s][info][gc,phases   ] GC(129) Pause Mark Start 0.009ms
[13.805s][info][gc,phases   ] GC(129) Concurrent Mark 15.319ms
[13.805s][info][gc,phases   ] GC(129) Pause Mark End 0.011ms
[13.805s][info][gc,phases   ] GC(129) Concurrent Mark Free 0.001ms
[13.807s][info][gc,phases   ] GC(129) Concurrent Process Non-Strong References 1.222ms
[13.807s][info][gc,phases   ] GC(129) Concurrent Reset Relocation Set 0.002ms
[13.810s][info][gc,phases   ] GC(129) Concurrent Select Relocation Set 3.614ms
[13.810s][info][gc,phases   ] GC(129) Pause Relocate Start 0.005ms
[13.813s][info][gc,phases   ] GC(129) Concurrent Relocate 2.290ms
[13.813s][info][gc,load     ] GC(129) Load: 0.00/0.00/0.00
[13.813s][info][gc,mmu      ] GC(129) MMU: 2ms/98.6%, 5ms/99.5%, 10ms/99.7%, 20ms/99.8%, 50ms/99.9%, 100ms/99.9%
[13.813s][info][gc,marking  ] GC(129) Mark: 4 stripe(s), 2 proactive flush(es), 1 terminate flush(es), 0 completion(s), 0 continuation(s) 
[13.813s][info][gc,marking  ] GC(129) Mark Stack Usage: 32M
[13.813s][info][gc,nmethod  ] GC(129) NMethods: 1346 registered, 46 unregistered
[13.813s][info][gc,metaspace] GC(129) Metaspace: 8M used, 8M committed, 1088M reserved
[13.813s][info][gc,ref      ] GC(129) Soft: 174 encountered, 0 discovered, 0 enqueued
[13.813s][info][gc,ref      ] GC(129) Weak: 570 encountered, 280 discovered, 0 enqueued
[13.813s][info][gc,ref      ] GC(129) Final: 0 encountered, 0 discovered, 0 enqueued
[13.813s][info][gc,ref      ] GC(129) Phantom: 21 encountered, 15 discovered, 0 enqueued
[13.813s][info][gc,reloc    ] GC(129) Small Pages: 153 / 306M, Empty: 276M, Relocated: 3M, In-Place: 0
[13.813s][info][gc,reloc    ] GC(129) Medium Pages: 0 / 0M, Empty: 0M, Relocated: 0M, In-Place: 0
[13.813s][info][gc,reloc    ] GC(129) Large Pages: 0 / 0M, Empty: 0M, Relocated: 0M, In-Place: 0
[13.813s][info][gc,reloc    ] GC(129) Forwarding Usage: 1M
[13.813s][info][gc,heap     ] GC(129) Min Capacity: 8M(2%)
[13.813s][info][gc,heap     ] GC(129) Max Capacity: 512M(100%)
[13.813s][info][gc,heap     ] GC(129) Soft Max Capacity: 512M(100%)
[13.813s][info][gc,heap     ] GC(129)                Mark Start          Mark End        Relocate Start      Relocate End           High               Low         
[13.813s][info][gc,heap     ] GC(129)  Capacity:      512M (100%)        512M (100%)        512M (100%)        512M (100%)        512M (100%)        512M (100%)   
[13.813s][info][gc,heap     ] GC(129)      Free:      206M (40%)         166M (32%)         428M (84%)         438M (86%)         438M (86%)         162M (32%)    
[13.813s][info][gc,heap     ] GC(129)      Used:      306M (60%)         346M (68%)          84M (16%)          74M (14%)         350M (68%)          74M (14%)    
[13.813s][info][gc,heap     ] GC(129)      Live:         -                 5M (1%)            5M (1%)            5M (1%)             -                  -          
[13.814s][info][gc,heap     ] GC(129) Allocated:         -                40M (8%)           54M (11%)          59M (12%)            -                  -          
[13.814s][info][gc,heap     ] GC(129)   Garbage:         -               300M (59%)          24M (5%)            8M (2%)             -                  -          
[13.814s][info][gc,heap     ] GC(129) Reclaimed:         -                  -               276M (54%)         291M (57%)            -                  -          
[13.814s][info][gc          ] GC(129) Garbage Collection (Allocation Rate) 306M(60%)->74M(14%)
[13.883s][info][gc,start    ] GC(130) Garbage Collection (Allocation Rate)
[13.883s][info][gc,task     ] GC(130) Using 5 workers
[13.884s][info][gc,phases   ] GC(130) Pause Mark Start 0.010ms
[13.899s][info][gc,phases   ] GC(130) Concurrent Mark 15.359ms
[13.899s][info][gc,phases   ] GC(130) Pause Mark End 0.012ms
[13.899s][info][gc,phases   ] GC(130) Concurrent Mark Free 0.001ms
[13.900s][info][gc,phases   ] GC(130) Concurrent Process Non-Strong References 1.157ms
[13.900s][info][gc,phases   ] GC(130) Concurrent Reset Relocation Set 0.003ms
[13.906s][info][gc,phases   ] GC(130) Concurrent Select Relocation Set 5.882ms
[13.906s][info][gc,phases   ] GC(130) Pause Relocate Start 0.006ms
[13.910s][info][gc,phases   ] GC(130) Concurrent Relocate 3.272ms
[13.910s][info][gc,load     ] GC(130) Load: 0.00/0.00/0.00
[13.910s][info][gc,mmu      ] GC(130) MMU: 2ms/98.6%, 5ms/99.5%, 10ms/99.7%, 20ms/99.8%, 50ms/99.9%, 100ms/99.9%
[13.910s][info][gc,marking  ] GC(130) Mark: 4 stripe(s), 3 proactive flush(es), 1 terminate flush(es), 0 completion(s), 0 continuation(s) 
[13.910s][info][gc,marking  ] GC(130) Mark Stack Usage: 32M
[13.910s][info][gc,nmethod  ] GC(130) NMethods: 1346 registered, 46 unregistered
[13.910s][info][gc,metaspace] GC(130) Metaspace: 8M used, 8M committed, 1088M reserved
[13.910s][info][gc,ref      ] GC(130) Soft: 174 encountered, 0 discovered, 0 enqueued
[13.910s][info][gc,ref      ] GC(130) Weak: 570 encountered, 88 discovered, 0 enqueued
[13.910s][info][gc,ref      ] GC(130) Final: 0 encountered, 0 discovered, 0 enqueued
[13.910s][info][gc,ref      ] GC(130) Phantom: 21 encountered, 18 discovered, 0 enqueued
[13.910s][info][gc,reloc    ] GC(130) Small Pages: 123 / 246M, Empty: 220M, Relocated: 4M, In-Place: 0
[13.910s][info][gc,reloc    ] GC(130) Medium Pages: 1 / 16M, Empty: 0M, Relocated: 0M, In-Place: 0
[13.910s][info][gc,reloc    ] GC(130) Large Pages: 0 / 0M, Empty: 0M, Relocated: 0M, In-Place: 0
[13.910s][info][gc,reloc    ] GC(130) Forwarding Usage: 2M
[13.910s][info][gc,heap     ] GC(130) Min Capacity: 8M(2%)
[13.910s][info][gc,heap     ] GC(130) Max Capacity: 512M(100%)
[13.910s][info][gc,heap     ] GC(130) Soft Max Capacity: 512M(100%)
[13.910s][info][gc,heap     ] GC(130)                Mark Start          Mark End        Relocate Start      Relocate End           High               Low         
[13.910s][info][gc,heap     ] GC(130)  Capacity:      512M (100%)        512M (100%)        512M (100%)        512M (100%)        512M (100%)        512M (100%)   
[13.910s][info][gc,heap     ] GC(130)      Free:      250M (49%)         206M (40%)         410M (80%)         416M (81%)         416M (81%)         204M (40%)    
[13.910s][info][gc,heap     ] GC(130)      Used:      262M (51%)         306M (60%)         102M (20%)          96M (19%)         308M (60%)          96M (19%)    
[13.910s][info][gc,heap     ] GC(130)      Live:         -                 6M (1%)            6M (1%)            6M (1%)             -                  -          
[13.910s][info][gc,heap     ] GC(130) Allocated:         -                44M (9%)           60M (12%)          67M (13%)            -                  -          
[13.910s][info][gc,heap     ] GC(130)   Garbage:         -               255M (50%)          35M (7%)           21M (4%)             -                  -          
[13.910s][info][gc,heap     ] GC(130) Reclaimed:         -                  -               220M (43%)         233M (46%)            -                  -          
[13.911s][info][gc          ] GC(130) Garbage Collection (Allocation Rate) 262M(51%)->96M(19%)
[13.984s][info][gc,start    ] GC(131) Garbage Collection (Allocation Rate)
[13.984s][info][gc,task     ] GC(131) Using 5 workers
[13.984s][info][gc,phases   ] GC(131) Pause Mark Start 0.010ms
[14.000s][info][gc,phases   ] GC(131) Concurrent Mark 15.446ms
[14.000s][info][gc,phases   ] GC(131) Pause Mark End 0.013ms
[14.000s][info][gc,phases   ] GC(131) Concurrent Mark Free 0.001ms
[14.001s][info][gc,phases   ] GC(131) Concurrent Process Non-Strong References 1.222ms
[14.001s][info][gc,phases   ] GC(131) Concurrent Reset Relocation Set 0.002ms
[14.005s][info][gc,phases   ] GC(131) Concurrent Select Relocation Set 3.750ms
[14.005s][info][gc,phases   ] GC(131) Pause Relocate Start 0.005ms
[14.007s][info][gc,phases   ] GC(131) Concurrent Relocate 2.344ms
[14.007s][info][gc,load     ] GC(131) Load: 0.00/0.00/0.00
[14.008s][info][gc,mmu      ] GC(131) MMU: 2ms/98.6%, 5ms/99.5%, 10ms/99.7%, 20ms/99.8%, 50ms/99.9%, 100ms/99.9%
[14.008s][info][gc,marking  ] GC(131) Mark: 4 stripe(s), 2 proactive flush(es), 1 terminate flush(es), 0 completion(s), 0 continuation(s) 
[14.008s][info][gc,marking  ] GC(131) Mark Stack Usage: 32M
[14.008s][info][gc,nmethod  ] GC(131) NMethods: 1346 registered, 46 unregistered
[14.008s][info][gc,metaspace] GC(131) Metaspace: 8M used, 8M committed, 1088M reserved
[14.008s][info][gc,ref      ] GC(131) Soft: 174 encountered, 0 discovered, 0 enqueued
[14.008s][info][gc,ref      ] GC(131) Weak: 570 encountered, 184 discovered, 0 enqueued
[14.008s][info][gc,ref      ] GC(131) Final: 0 encountered, 0 discovered, 0 enqueued
[14.008s][info][gc,ref      ] GC(131) Phantom: 21 encountered, 18 discovered, 0 enqueued
[14.008s][info][gc,reloc    ] GC(131) Small Pages: 141 / 282M, Empty: 256M, Relocated: 3M, In-Place: 0
[14.008s][info][gc,reloc    ] GC(131) Medium Pages: 1 / 16M, Empty: 0M, Relocated: 0M, In-Place: 0
[14.008s][info][gc,reloc    ] GC(131) Large Pages: 0 / 0M, Empty: 0M, Relocated: 0M, In-Place: 0
[14.008s][info][gc,reloc    ] GC(131) Forwarding Usage: 1M
[14.008s][info][gc,heap     ] GC(131) Min Capacity: 8M(2%)
[14.008s][info][gc,heap     ] GC(131) Max Capacity: 512M(100%)
[14.008s][info][gc,heap     ] GC(131) Soft Max Capacity: 512M(100%)
[14.008s][info][gc,heap     ] GC(131)                Mark Start          Mark End        Relocate Start      Relocate End           High               Low         
[14.008s][info][gc,heap     ] GC(131)  Capacity:      512M (100%)        512M (100%)        512M (100%)        512M (100%)        512M (100%)        512M (100%)   
[14.008s][info][gc,heap     ] GC(131)      Free:      214M (42%)         174M (34%)         418M (82%)         422M (82%)         426M (83%)         170M (33%)    
[14.008s][info][gc,heap     ] GC(131)      Used:      298M (58%)         338M (66%)          94M (18%)          90M (18%)         342M (67%)          86M (17%)    
[14.008s][info][gc,heap     ] GC(131)      Live:         -                 7M (1%)            7M (1%)            7M (1%)             -                  -          
[14.008s][info][gc,heap     ] GC(131) Allocated:         -                40M (8%)           52M (10%)          57M (11%)            -                  -          
[14.008s][info][gc,heap     ] GC(131)   Garbage:         -               290M (57%)          34M (7%)           24M (5%)             -                  -          
[14.008s][info][gc,heap     ] GC(131) Reclaimed:         -                  -               256M (50%)         265M (52%)            -                  -          
[14.008s][info][gc          ] GC(131) Garbage Collection (Allocation Rate) 298M(58%)->90M(18%)
[14.093s][info][gc,start    ] GC(132) Garbage Collection (Allocation Rate)
[14.093s][info][gc,task     ] GC(132) Using 5 workers
[14.094s][info][gc,phases   ] GC(132) Pause Mark Start 0.010ms
[14.109s][info][gc,phases   ] GC(132) Concurrent Mark 15.377ms
[14.109s][info][gc,phases   ] GC(132) Pause Mark End 0.015ms
[14.109s][info][gc,phases   ] GC(132) Concurrent Mark Free 0.001ms
[14.110s][info][gc,phases   ] GC(132) Concurrent Process Non-Strong References 1.140ms
[14.110s][info][gc,phases   ] GC(132) Concurrent Reset Relocation Set 0.002ms
[14.117s][info][gc,phases   ] GC(132) Concurrent Select Relocation Set 6.172ms
[14.117s][info][gc,phases   ] GC(132) Pause Relocate Start 0.006ms
[14.121s][info][gc,phases   ] GC(132) Concurrent Relocate 3.797ms
[14.121s][info][gc,load     ] GC(132) Load: 0.00/0.00/0.00
[14.121s][info][gc,mmu      ] GC(132) MMU: 2ms/98.6%, 5ms/99.5%, 10ms/99.7%, 20ms/99.8%, 50ms/99.9%, 100ms/99.9%
[14.121s][info][gc,marking  ] GC(132) Mark: 4 stripe(s), 2 proactive flush(es), 1 terminate flush(es), 0 completion(s), 0 continuation(s) 
[14.121s][info][gc,marking  ] GC(132) Mark Stack Usage: 32M
[14.121s][info][gc,nmethod  ] GC(132) NMethods: 1346 registered, 46 unregistered
[14.121s][info][gc,metaspace] GC(132) Metaspace: 8M used, 8M committed, 1088M reserved
[14.121s][info][gc,ref      ] GC(132) Soft: 174 encountered, 0 discovered, 0 enqueued
[14.121s][info][gc,ref      ] GC(132) Weak: 570 encountered, 324 discovered, 0 enqueued
[14.121s][info][gc,ref      ] GC(132) Final: 0 encountered, 0 discovered, 0 enqueued
[14.121s][info][gc,ref      ] GC(132) Phantom: 21 encountered, 19 discovered, 0 enqueued
[14.121s][info][gc,reloc    ] GC(132) Small Pages: 144 / 288M, Empty: 258M, Relocated: 4M, In-Place: 0
[14.121s][info][gc,reloc    ] GC(132) Medium Pages: 1 / 16M, Empty: 0M, Relocated: 0M, In-Place: 0
[14.121s][info][gc,reloc    ] GC(132) Large Pages: 0 / 0M, Empty: 0M, Relocated: 0M, In-Place: 0
[14.121s][info][gc,reloc    ] GC(132) Forwarding Usage: 1M
[14.121s][info][gc,heap     ] GC(132) Min Capacity: 8M(2%)
[14.121s][info][gc,heap     ] GC(132) Max Capacity: 512M(100%)
[14.121s][info][gc,heap     ] GC(132) Soft Max Capacity: 512M(100%)
[14.121s][info][gc,heap     ] GC(132)                Mark Start          Mark End        Relocate Start      Relocate End           High               Low         
[14.121s][info][gc,heap     ] GC(132)  Capacity:      512M (100%)        512M (100%)        512M (100%)        512M (100%)        512M (100%)        512M (100%)   
[14.121s][info][gc,heap     ] GC(132)      Free:      208M (41%)         168M (33%)         406M (79%)         412M (80%)         420M (82%)         164M (32%)    
[14.121s][info][gc,heap     ] GC(132)      Used:      304M (59%)         344M (67%)         106M (21%)         100M (20%)         348M (68%)          92M (18%)    
[14.121s][info][gc,heap     ] GC(132)      Live:         -                 7M (2%)            7M (2%)            7M (2%)             -                  -          
[14.121s][info][gc,heap     ] GC(132) Allocated:         -                40M (8%)           60M (12%)          69M (14%)            -                  -          
[14.121s][info][gc,heap     ] GC(132)   Garbage:         -               296M (58%)          38M (7%)           22M (4%)             -                  -          
[14.121s][info][gc,heap     ] GC(132) Reclaimed:         -                  -               258M (50%)         273M (54%)            -                  -          
[14.121s][info][gc          ] GC(132) Garbage Collection (Allocation Rate) 304M(59%)->100M(20%)
[14.187s][info][gc,start    ] GC(133) Garbage Collection (Allocation Rate)
[14.187s][info][gc,task     ] GC(133) Using 5 workers
[14.187s][info][gc,phases   ] GC(133) Pause Mark Start 0.009ms
[14.203s][info][gc,phases   ] GC(133) Concurrent Mark 15.383ms
[14.203s][info][gc,phases   ] GC(133) Pause Mark End 0.012ms
[14.203s][info][gc,phases   ] GC(133) Concurrent Mark Free 0.001ms
[14.204s][info][gc,phases   ] GC(133) Concurrent Process Non-Strong References 1.067ms
[14.204s][info][gc,phases   ] GC(133) Concurrent Reset Relocation Set 0.002ms
[14.211s][info][gc,phases   ] GC(133) Concurrent Select Relocation Set 6.485ms
[14.211s][info][gc,phases   ] GC(133) Pause Relocate Start 0.005ms
[14.216s][info][gc,phases   ] GC(133) Concurrent Relocate 5.586ms
[14.216s][info][gc,load     ] GC(133) Load: 0.00/0.00/0.00
[14.216s][info][gc,mmu      ] GC(133) MMU: 2ms/98.6%, 5ms/99.5%, 10ms/99.7%, 20ms/99.8%, 50ms/99.9%, 100ms/99.9%
[14.217s][info][gc,marking  ] GC(133) Mark: 4 stripe(s), 2 proactive flush(es), 1 terminate flush(es), 0 completion(s), 0 continuation(s) 
[14.217s][info][gc,marking  ] GC(133) Mark Stack Usage: 32M
[14.217s][info][gc,nmethod  ] GC(133) NMethods: 1346 registered, 46 unregistered
[14.217s][info][gc,metaspace] GC(133) Metaspace: 8M used, 8M committed, 1088M reserved
[14.217s][info][gc,ref      ] GC(133) Soft: 174 encountered, 0 discovered, 0 enqueued
[14.217s][info][gc,ref      ] GC(133) Weak: 570 encountered, 77 discovered, 0 enqueued
[14.217s][info][gc,ref      ] GC(133) Final: 0 encountered, 0 discovered, 0 enqueued
[14.217s][info][gc,ref      ] GC(133) Phantom: 21 encountered, 17 discovered, 0 enqueued
[14.217s][info][gc,reloc    ] GC(133) Small Pages: 133 / 266M, Empty: 230M, Relocated: 6M, In-Place: 0
[14.217s][info][gc,reloc    ] GC(133) Medium Pages: 1 / 16M, Empty: 0M, Relocated: 0M, In-Place: 0
[14.217s][info][gc,reloc    ] GC(133) Large Pages: 0 / 0M, Empty: 0M, Relocated: 0M, In-Place: 0
[14.217s][info][gc,reloc    ] GC(133) Forwarding Usage: 2M
[14.217s][info][gc,heap     ] GC(133) Min Capacity: 8M(2%)
[14.217s][info][gc,heap     ] GC(133) Max Capacity: 512M(100%)
[14.217s][info][gc,heap     ] GC(133) Soft Max Capacity: 512M(100%)
[14.217s][info][gc,heap     ] GC(133)                Mark Start          Mark End        Relocate Start      Relocate End           High               Low         
[14.217s][info][gc,heap     ] GC(133)  Capacity:      512M (100%)        512M (100%)        512M (100%)        512M (100%)        512M (100%)        512M (100%)   
[14.217s][info][gc,heap     ] GC(133)      Free:      230M (45%)         188M (37%)         398M (78%)         404M (79%)         410M (80%)         186M (36%)    
[14.217s][info][gc,heap     ] GC(133)      Used:      282M (55%)         324M (63%)         114M (22%)         108M (21%)         326M (64%)         102M (20%)    
[14.217s][info][gc,heap     ] GC(133)      Live:         -                 8M (2%)            8M (2%)            8M (2%)             -                  -          
[14.217s][info][gc,heap     ] GC(133) Allocated:         -                42M (8%)           62M (12%)          77M (15%)            -                  -          
[14.217s][info][gc,heap     ] GC(133)   Garbage:         -               273M (53%)          43M (8%)           21M (4%)             -                  -          
[14.217s][info][gc,heap     ] GC(133) Reclaimed:         -                  -               230M (45%)         251M (49%)            -                  -          
[14.217s][info][gc          ] GC(133) Garbage Collection (Allocation Rate) 282M(55%)->108M(21%)
[14.281s][info][gc,start    ] GC(134) Garbage Collection (Allocation Rate)
[14.281s][info][gc,task     ] GC(134) Using 5 workers
[14.281s][info][gc,phases   ] GC(134) Pause Mark Start 0.013ms
[14.296s][info][gc,phases   ] GC(134) Concurrent Mark 15.389ms
[14.297s][info][gc,phases   ] GC(134) Pause Mark End 0.011ms
[14.297s][info][gc,phases   ] GC(134) Concurrent Mark Free 0.001ms
[14.298s][info][gc,phases   ] GC(134) Concurrent Process Non-Strong References 1.095ms
[14.298s][info][gc,phases   ] GC(134) Concurrent Reset Relocation Set 0.004ms
[14.302s][info][gc,phases   ] GC(134) Concurrent Select Relocation Set 3.863ms
[14.302s][info][gc,phases   ] GC(134) Pause Relocate Start 0.006ms
[14.304s][info][gc,phases   ] GC(134) Concurrent Relocate 2.220ms
[14.304s][info][gc,load     ] GC(134) Load: 0.00/0.00/0.00
[14.304s][info][gc,mmu      ] GC(134) MMU: 2ms/98.6%, 5ms/99.5%, 10ms/99.7%, 20ms/99.8%, 50ms/99.9%, 100ms/99.9%
[14.304s][info][gc,marking  ] GC(134) Mark: 4 stripe(s), 2 proactive flush(es), 1 terminate flush(es), 0 completion(s), 0 continuation(s) 
[14.304s][info][gc,marking  ] GC(134) Mark Stack Usage: 32M
[14.304s][info][gc,nmethod  ] GC(134) NMethods: 1346 registered, 46 unregistered
[14.304s][info][gc,metaspace] GC(134) Metaspace: 8M used, 8M committed, 1088M reserved
[14.304s][info][gc,ref      ] GC(134) Soft: 174 encountered, 0 discovered, 0 enqueued
[14.304s][info][gc,ref      ] GC(134) Weak: 570 encountered, 311 discovered, 0 enqueued
[14.304s][info][gc,ref      ] GC(134) Final: 0 encountered, 0 discovered, 0 enqueued
[14.304s][info][gc,ref      ] GC(134) Phantom: 21 encountered, 11 discovered, 0 enqueued
[14.304s][info][gc,reloc    ] GC(134) Small Pages: 102 / 204M, Empty: 180M, Relocated: 3M, In-Place: 0
[14.304s][info][gc,reloc    ] GC(134) Medium Pages: 2 / 32M, Empty: 16M, Relocated: 0M, In-Place: 0
[14.305s][info][gc,reloc    ] GC(134) Large Pages: 0 / 0M, Empty: 0M, Relocated: 0M, In-Place: 0
[14.305s][info][gc,reloc    ] GC(134) Forwarding Usage: 1M
[14.305s][info][gc,heap     ] GC(134) Min Capacity: 8M(2%)
[14.305s][info][gc,heap     ] GC(134) Max Capacity: 512M(100%)
[14.305s][info][gc,heap     ] GC(134) Soft Max Capacity: 512M(100%)
[14.305s][info][gc,heap     ] GC(134)                Mark Start          Mark End        Relocate Start      Relocate End           High               Low         
[14.305s][info][gc,heap     ] GC(134)  Capacity:      512M (100%)        512M (100%)        512M (100%)        512M (100%)        512M (100%)        512M (100%)   
[14.305s][info][gc,heap     ] GC(134)      Free:      276M (54%)         234M (46%)         416M (81%)         418M (82%)         418M (82%)         232M (45%)    
[14.305s][info][gc,heap     ] GC(134)      Used:      236M (46%)         278M (54%)          96M (19%)          94M (18%)         280M (55%)          94M (18%)    
[14.305s][info][gc,heap     ] GC(134)      Live:         -                 9M (2%)            9M (2%)            9M (2%)             -                  -          
[14.305s][info][gc,heap     ] GC(134) Allocated:         -                42M (8%)           56M (11%)          59M (12%)            -                  -          
[14.305s][info][gc,heap     ] GC(134)   Garbage:         -               226M (44%)          30M (6%)           24M (5%)             -                  -          
[14.305s][info][gc,heap     ] GC(134) Reclaimed:         -                  -               196M (38%)         201M (39%)            -                  -          
[14.305s][info][gc          ] GC(134) Garbage Collection (Allocation Rate) 236M(46%)->94M(18%)
[14.390s][info][gc,start    ] GC(135) Garbage Collection (Allocation Rate)
[14.390s][info][gc,task     ] GC(135) Using 5 workers
[14.390s][info][gc,phases   ] GC(135) Pause Mark Start 0.013ms
[14.406s][info][gc,phases   ] GC(135) Concurrent Mark 15.330ms
[14.406s][info][gc,phases   ] GC(135) Pause Mark End 0.011ms
[14.406s][info][gc,phases   ] GC(135) Concurrent Mark Free 0.001ms
[14.407s][info][gc,phases   ] GC(135) Concurrent Process Non-Strong References 0.895ms
[14.407s][info][gc,phases   ] GC(135) Concurrent Reset Relocation Set 0.001ms
[14.413s][info][gc,phases   ] GC(135) Concurrent Select Relocation Set 6.012ms
[14.413s][info][gc,phases   ] GC(135) Pause Relocate Start 0.006ms
[14.417s][info][gc,phases   ] GC(135) Concurrent Relocate 4.335ms
[14.418s][info][gc,load     ] GC(135) Load: 0.00/0.00/0.00
[14.418s][info][gc,mmu      ] GC(135) MMU: 2ms/98.6%, 5ms/99.5%, 10ms/99.7%, 20ms/99.8%, 50ms/99.9%, 100ms/99.9%
[14.418s][info][gc,marking  ] GC(135) Mark: 4 stripe(s), 2 proactive flush(es), 1 terminate flush(es), 0 completion(s), 0 continuation(s) 
[14.418s][info][gc,marking  ] GC(135) Mark Stack Usage: 32M
[14.418s][info][gc,nmethod  ] GC(135) NMethods: 1346 registered, 46 unregistered
[14.418s][info][gc,metaspace] GC(135) Metaspace: 8M used, 8M committed, 1088M reserved
[14.418s][info][gc,ref      ] GC(135) Soft: 174 encountered, 0 discovered, 0 enqueued
[14.418s][info][gc,ref      ] GC(135) Weak: 570 encountered, 52 discovered, 0 enqueued
[14.418s][info][gc,ref      ] GC(135) Final: 0 encountered, 0 discovered, 0 enqueued
[14.418s][info][gc,ref      ] GC(135) Phantom: 21 encountered, 15 discovered, 0 enqueued
[14.418s][info][gc,reloc    ] GC(135) Small Pages: 157 / 314M, Empty: 282M, Relocated: 6M, In-Place: 0
[14.418s][info][gc,reloc    ] GC(135) Medium Pages: 1 / 16M, Empty: 0M, Relocated: 0M, In-Place: 0
[14.418s][info][gc,reloc    ] GC(135) Large Pages: 0 / 0M, Empty: 0M, Relocated: 0M, In-Place: 0
[14.418s][info][gc,reloc    ] GC(135) Forwarding Usage: 2M
[14.418s][info][gc,heap     ] GC(135) Min Capacity: 8M(2%)
[14.418s][info][gc,heap     ] GC(135) Max Capacity: 512M(100%)
[14.418s][info][gc,heap     ] GC(135) Soft Max Capacity: 512M(100%)
[14.418s][info][gc,heap     ] GC(135)                Mark Start          Mark End        Relocate Start      Relocate End           High               Low         
[14.418s][info][gc,heap     ] GC(135)  Capacity:      512M (100%)        512M (100%)        512M (100%)        512M (100%)        512M (100%)        512M (100%)   
[14.418s][info][gc,heap     ] GC(135)      Free:      182M (36%)         142M (28%)         404M (79%)         412M (80%)         412M (80%)         138M (27%)    
[14.418s][info][gc,heap     ] GC(135)      Used:      330M (64%)         370M (72%)         108M (21%)         100M (20%)         374M (73%)         100M (20%)    
[14.418s][info][gc,heap     ] GC(135)      Live:         -                10M (2%)           10M (2%)           10M (2%)             -                  -          
[14.418s][info][gc,heap     ] GC(135) Allocated:         -                40M (8%)           60M (12%)          69M (14%)            -                  -          
[14.418s][info][gc,heap     ] GC(135)   Garbage:         -               319M (62%)          37M (7%)           19M (4%)             -                  -          
[14.418s][info][gc,heap     ] GC(135) Reclaimed:         -                  -               282M (55%)         299M (59%)            -                  -          
[14.418s][info][gc          ] GC(135) Garbage Collection (Allocation Rate) 330M(64%)->100M(20%)
[14.484s][info][gc,start    ] GC(136) Garbage Collection (Allocation Rate)
[14.484s][info][gc,task     ] GC(136) Using 5 workers
[14.484s][info][gc,phases   ] GC(136) Pause Mark Start 0.010ms
[14.515s][info][gc,phases   ] GC(136) Concurrent Mark 31.019ms
[14.515s][info][gc,phases   ] GC(136) Pause Mark End 0.015ms
[14.515s][info][gc,phases   ] GC(136) Concurrent Mark Free 0.001ms
[14.517s][info][gc,phases   ] GC(136) Concurrent Process Non-Strong References 1.247ms
[14.517s][info][gc,phases   ] GC(136) Concurrent Reset Relocation Set 0.003ms
[14.521s][info][gc,phases   ] GC(136) Concurrent Select Relocation Set 4.014ms
[14.521s][info][gc,phases   ] GC(136) Pause Relocate Start 0.006ms
[14.523s][info][gc,phases   ] GC(136) Concurrent Relocate 2.018ms
[14.523s][info][gc,load     ] GC(136) Load: 0.00/0.00/0.00
[14.523s][info][gc,mmu      ] GC(136) MMU: 2ms/98.6%, 5ms/99.5%, 10ms/99.7%, 20ms/99.8%, 50ms/99.9%, 100ms/99.9%
[14.523s][info][gc,marking  ] GC(136) Mark: 4 stripe(s), 3 proactive flush(es), 1 terminate flush(es), 0 completion(s), 0 continuation(s) 
[14.523s][info][gc,marking  ] GC(136) Mark Stack Usage: 32M
[14.523s][info][gc,nmethod  ] GC(136) NMethods: 1346 registered, 46 unregistered
[14.523s][info][gc,metaspace] GC(136) Metaspace: 8M used, 8M committed, 1088M reserved
[14.523s][info][gc,ref      ] GC(136) Soft: 174 encountered, 0 discovered, 0 enqueued
[14.523s][info][gc,ref      ] GC(136) Weak: 570 encountered, 57 discovered, 0 enqueued
[14.523s][info][gc,ref      ] GC(136) Final: 0 encountered, 0 discovered, 0 enqueued
[14.523s][info][gc,ref      ] GC(136) Phantom: 21 encountered, 10 discovered, 0 enqueued
[14.523s][info][gc,reloc    ] GC(136) Small Pages: 132 / 264M, Empty: 238M, Relocated: 1M, In-Place: 0
[14.523s][info][gc,reloc    ] GC(136) Medium Pages: 1 / 16M, Empty: 0M, Relocated: 0M, In-Place: 0
[14.523s][info][gc,reloc    ] GC(136) Large Pages: 0 / 0M, Empty: 0M, Relocated: 0M, In-Place: 0
[14.523s][info][gc,reloc    ] GC(136) Forwarding Usage: 0M
[14.523s][info][gc,heap     ] GC(136) Min Capacity: 8M(2%)
[14.523s][info][gc,heap     ] GC(136) Max Capacity: 512M(100%)
[14.523s][info][gc,heap     ] GC(136) Soft Max Capacity: 512M(100%)
[14.523s][info][gc,heap     ] GC(136)                Mark Start          Mark End        Relocate Start      Relocate End           High               Low         
[14.524s][info][gc,heap     ] GC(136)  Capacity:      512M (100%)        512M (100%)        512M (100%)        512M (100%)        512M (100%)        512M (100%)   
[14.524s][info][gc,heap     ] GC(136)      Free:      232M (45%)         148M (29%)         372M (73%)         376M (73%)         376M (73%)         144M (28%)    
[14.524s][info][gc,heap     ] GC(136)      Used:      280M (55%)         364M (71%)         140M (27%)         136M (27%)         368M (72%)         136M (27%)    
[14.524s][info][gc,heap     ] GC(136)      Live:         -                10M (2%)           10M (2%)           10M (2%)             -                  -          
[14.524s][info][gc,heap     ] GC(136) Allocated:         -                84M (16%)          98M (19%)          97M (19%)            -                  -          
[14.524s][info][gc,heap     ] GC(136)   Garbage:         -               269M (53%)          31M (6%)           27M (5%)             -                  -          
[14.524s][info][gc,heap     ] GC(136) Reclaimed:         -                  -               238M (46%)         241M (47%)            -                  -          
[14.524s][info][gc          ] GC(136) Garbage Collection (Allocation Rate) 280M(55%)->136M(27%)
[14.585s][info][gc,start    ] GC(137) Garbage Collection (Allocation Rate)
[14.585s][info][gc,task     ] GC(137) Using 5 workers
[14.585s][info][gc,phases   ] GC(137) Pause Mark Start 0.013ms
[14.616s][info][gc,phases   ] GC(137) Concurrent Mark 30.961ms
[14.616s][info][gc,phases   ] GC(137) Pause Mark End 0.015ms
[14.616s][info][gc,phases   ] GC(137) Concurrent Mark Free 0.001ms
[14.617s][info][gc,phases   ] GC(137) Concurrent Process Non-Strong References 1.132ms
[14.617s][info][gc,phases   ] GC(137) Concurrent Reset Relocation Set 0.002ms
[14.622s][info][gc,phases   ] GC(137) Concurrent Select Relocation Set 5.014ms
[14.622s][info][gc,phases   ] GC(137) Pause Relocate Start 0.006ms
[14.625s][info][gc,phases   ] GC(137) Concurrent Relocate 2.529ms
[14.625s][info][gc,load     ] GC(137) Load: 0.00/0.00/0.00
[14.625s][info][gc,mmu      ] GC(137) MMU: 2ms/98.6%, 5ms/99.5%, 10ms/99.7%, 20ms/99.8%, 50ms/99.9%, 100ms/99.9%
[14.625s][info][gc,marking  ] GC(137) Mark: 4 stripe(s), 2 proactive flush(es), 1 terminate flush(es), 0 completion(s), 0 continuation(s) 
[14.625s][info][gc,marking  ] GC(137) Mark Stack Usage: 32M
[14.625s][info][gc,nmethod  ] GC(137) NMethods: 1346 registered, 46 unregistered
[14.625s][info][gc,metaspace] GC(137) Metaspace: 8M used, 8M committed, 1088M reserved
[14.625s][info][gc,ref      ] GC(137) Soft: 174 encountered, 0 discovered, 0 enqueued
[14.625s][info][gc,ref      ] GC(137) Weak: 570 encountered, 212 discovered, 0 enqueued
[14.625s][info][gc,ref      ] GC(137) Final: 0 encountered, 0 discovered, 0 enqueued
[14.625s][info][gc,ref      ] GC(137) Phantom: 21 encountered, 13 discovered, 0 enqueued
[14.625s][info][gc,reloc    ] GC(137) Small Pages: 136 / 272M, Empty: 242M, Relocated: 3M, In-Place: 0
[14.625s][info][gc,reloc    ] GC(137) Medium Pages: 2 / 32M, Empty: 0M, Relocated: 0M, In-Place: 0
[14.625s][info][gc,reloc    ] GC(137) Large Pages: 0 / 0M, Empty: 0M, Relocated: 0M, In-Place: 0
[14.626s][info][gc,reloc    ] GC(137) Forwarding Usage: 1M
[14.626s][info][gc,heap     ] GC(137) Min Capacity: 8M(2%)
[14.626s][info][gc,heap     ] GC(137) Max Capacity: 512M(100%)
[14.626s][info][gc,heap     ] GC(137) Soft Max Capacity: 512M(100%)
[14.626s][info][gc,heap     ] GC(137)                Mark Start          Mark End        Relocate Start      Relocate End           High               Low         
[14.626s][info][gc,heap     ] GC(137)  Capacity:      512M (100%)        512M (100%)        512M (100%)        512M (100%)        512M (100%)        512M (100%)   
[14.626s][info][gc,heap     ] GC(137)      Free:      208M (41%)         122M (24%)         346M (68%)         366M (71%)         366M (71%)         118M (23%)    
[14.626s][info][gc,heap     ] GC(137)      Used:      304M (59%)         390M (76%)         166M (32%)         146M (29%)         394M (77%)         146M (29%)    
[14.626s][info][gc,heap     ] GC(137)      Live:         -                11M (2%)           11M (2%)           11M (2%)             -                  -          
[14.626s][info][gc,heap     ] GC(137) Allocated:         -                86M (17%)         104M (20%)         109M (21%)            -                  -          
[14.626s][info][gc,heap     ] GC(137)   Garbage:         -               292M (57%)          50M (10%)          24M (5%)             -                  -          
[14.626s][info][gc,heap     ] GC(137) Reclaimed:         -                  -               242M (47%)         267M (52%)            -                  -          
[14.626s][info][gc          ] GC(137) Garbage Collection (Allocation Rate) 304M(59%)->146M(29%)
[14.694s][info][gc,start    ] GC(138) Garbage Collection (Allocation Rate)
[14.694s][info][gc,task     ] GC(138) Using 5 workers
[14.694s][info][gc,phases   ] GC(138) Pause Mark Start 0.010ms
[14.725s][info][gc,phases   ] GC(138) Concurrent Mark 31.009ms
[14.725s][info][gc,phases   ] GC(138) Pause Mark End 0.012ms
[14.725s][info][gc,phases   ] GC(138) Concurrent Mark Free 0.001ms
[14.727s][info][gc,phases   ] GC(138) Concurrent Process Non-Strong References 1.214ms
[14.727s][info][gc,phases   ] GC(138) Concurrent Reset Relocation Set 0.002ms
[14.733s][info][gc,phases   ] GC(138) Concurrent Select Relocation Set 6.216ms
[14.733s][info][gc,phases   ] GC(138) Pause Relocate Start 0.005ms
[14.738s][info][gc,phases   ] GC(138) Concurrent Relocate 4.986ms
[14.738s][info][gc,load     ] GC(138) Load: 0.00/0.00/0.00
[14.738s][info][gc,mmu      ] GC(138) MMU: 2ms/98.6%, 5ms/99.5%, 10ms/99.7%, 20ms/99.8%, 50ms/99.9%, 100ms/99.9%
[14.738s][info][gc,marking  ] GC(138) Mark: 4 stripe(s), 3 proactive flush(es), 1 terminate flush(es), 0 completion(s), 0 continuation(s) 
[14.738s][info][gc,marking  ] GC(138) Mark Stack Usage: 32M
[14.738s][info][gc,nmethod  ] GC(138) NMethods: 1346 registered, 46 unregistered
[14.738s][info][gc,metaspace] GC(138) Metaspace: 8M used, 8M committed, 1088M reserved
[14.738s][info][gc,ref      ] GC(138) Soft: 174 encountered, 0 discovered, 0 enqueued
[14.738s][info][gc,ref      ] GC(138) Weak: 570 encountered, 24 discovered, 0 enqueued
[14.738s][info][gc,ref      ] GC(138) Final: 0 encountered, 0 discovered, 0 enqueued
[14.739s][info][gc,ref      ] GC(138) Phantom: 21 encountered, 7 discovered, 0 enqueued
[14.739s][info][gc,reloc    ] GC(138) Small Pages: 158 / 316M, Empty: 280M, Relocated: 6M, In-Place: 0
[14.739s][info][gc,reloc    ] GC(138) Medium Pages: 1 / 16M, Empty: 0M, Relocated: 0M, In-Place: 0
[14.739s][info][gc,reloc    ] GC(138) Large Pages: 0 / 0M, Empty: 0M, Relocated: 0M, In-Place: 0
[14.739s][info][gc,reloc    ] GC(138) Forwarding Usage: 2M
[14.739s][info][gc,heap     ] GC(138) Min Capacity: 8M(2%)
[14.739s][info][gc,heap     ] GC(138) Max Capacity: 512M(100%)
[14.739s][info][gc,heap     ] GC(138) Soft Max Capacity: 512M(100%)
[14.739s][info][gc,heap     ] GC(138)                Mark Start          Mark End        Relocate Start      Relocate End           High               Low         
[14.739s][info][gc,heap     ] GC(138)  Capacity:      512M (100%)        512M (100%)        512M (100%)        512M (100%)        512M (100%)        512M (100%)   
[14.739s][info][gc,heap     ] GC(138)      Free:      180M (35%)         100M (20%)         372M (73%)         378M (74%)         380M (74%)          98M (19%)    
[14.739s][info][gc,heap     ] GC(138)      Used:      332M (65%)         412M (80%)         140M (27%)         134M (26%)         414M (81%)         132M (26%)    
[14.739s][info][gc,heap     ] GC(138)      Live:         -                12M (2%)           12M (2%)           12M (2%)             -                  -          
[14.739s][info][gc,heap     ] GC(138) Allocated:         -                80M (16%)          88M (17%)         101M (20%)            -                  -          
[14.739s][info][gc,heap     ] GC(138)   Garbage:         -               319M (62%)          39M (8%)           19M (4%)             -                  -          
[14.739s][info][gc,heap     ] GC(138) Reclaimed:         -                  -               280M (55%)         299M (59%)            -                  -          
[14.739s][info][gc          ] GC(138) Garbage Collection (Allocation Rate) 332M(65%)->134M(26%)
[14.788s][info][gc,start    ] GC(139) Garbage Collection (Allocation Rate)
[14.788s][info][gc,task     ] GC(139) Using 5 workers
[14.788s][info][gc,phases   ] GC(139) Pause Mark Start 0.010ms
[14.819s][info][gc,phases   ] GC(139) Concurrent Mark 31.031ms
[14.819s][info][gc,phases   ] GC(139) Pause Mark End 0.014ms
[14.819s][info][gc,phases   ] GC(139) Concurrent Mark Free 0.001ms
[14.820s][info][gc,phases   ] GC(139) Concurrent Process Non-Strong References 1.231ms
[14.821s][info][gc,phases   ] GC(139) Concurrent Reset Relocation Set 0.003ms
[14.824s][info][gc,phases   ] GC(139) Concurrent Select Relocation Set 3.828ms
[14.824s][info][gc,phases   ] GC(139) Pause Relocate Start 0.006ms
[14.829s][info][gc,phases   ] GC(139) Concurrent Relocate 3.974ms
[14.829s][info][gc,load     ] GC(139) Load: 0.00/0.00/0.00
[14.829s][info][gc,mmu      ] GC(139) MMU: 2ms/98.6%, 5ms/99.5%, 10ms/99.7%, 20ms/99.8%, 50ms/99.9%, 100ms/99.9%
[14.829s][info][gc,marking  ] GC(139) Mark: 4 stripe(s), 3 proactive flush(es), 1 terminate flush(es), 0 completion(s), 0 continuation(s) 
[14.829s][info][gc,marking  ] GC(139) Mark Stack Usage: 32M
[14.829s][info][gc,nmethod  ] GC(139) NMethods: 1346 registered, 46 unregistered
[14.829s][info][gc,metaspace] GC(139) Metaspace: 8M used, 8M committed, 1088M reserved
[14.829s][info][gc,ref      ] GC(139) Soft: 174 encountered, 0 discovered, 0 enqueued
[14.829s][info][gc,ref      ] GC(139) Weak: 570 encountered, 34 discovered, 0 enqueued
[14.829s][info][gc,ref      ] GC(139) Final: 0 encountered, 0 discovered, 0 enqueued
[14.829s][info][gc,ref      ] GC(139) Phantom: 21 encountered, 14 discovered, 0 enqueued
[14.829s][info][gc,reloc    ] GC(139) Small Pages: 127 / 254M, Empty: 222M, Relocated: 4M, In-Place: 0
[14.829s][info][gc,reloc    ] GC(139) Medium Pages: 1 / 16M, Empty: 0M, Relocated: 0M, In-Place: 0
[14.829s][info][gc,reloc    ] GC(139) Large Pages: 0 / 0M, Empty: 0M, Relocated: 0M, In-Place: 0
[14.829s][info][gc,reloc    ] GC(139) Forwarding Usage: 2M
[14.829s][info][gc,heap     ] GC(139) Min Capacity: 8M(2%)
[14.829s][info][gc,heap     ] GC(139) Max Capacity: 512M(100%)
[14.829s][info][gc,heap     ] GC(139) Soft Max Capacity: 512M(100%)
[14.829s][info][gc,heap     ] GC(139)                Mark Start          Mark End        Relocate Start      Relocate End           High               Low         
[14.829s][info][gc,heap     ] GC(139)  Capacity:      512M (100%)        512M (100%)        512M (100%)        512M (100%)        512M (100%)        512M (100%)   
[14.829s][info][gc,heap     ] GC(139)      Free:      242M (47%)         158M (31%)         366M (71%)         368M (72%)         368M (72%)         154M (30%)    
[14.829s][info][gc,heap     ] GC(139)      Used:      270M (53%)         354M (69%)         146M (29%)         144M (28%)         358M (70%)         144M (28%)    
[14.829s][info][gc,heap     ] GC(139)      Live:         -                13M (3%)           13M (3%)           13M (3%)             -                  -          
[14.829s][info][gc,heap     ] GC(139) Allocated:         -                84M (16%)          98M (19%)         107M (21%)            -                  -          
[14.829s][info][gc,heap     ] GC(139)   Garbage:         -               256M (50%)          34M (7%)           22M (4%)             -                  -          
[14.829s][info][gc,heap     ] GC(139) Reclaimed:         -                  -               222M (43%)         233M (46%)            -                  -          
[14.829s][info][gc          ] GC(139) Garbage Collection (Allocation Rate) 270M(53%)->144M(28%)
[14.881s][info][gc,start    ] GC(140) Garbage Collection (Allocation Rate)
[14.882s][info][gc,task     ] GC(140) Using 5 workers
[14.882s][info][gc,phases   ] GC(140) Pause Mark Start 0.009ms
[14.913s][info][gc,phases   ] GC(140) Concurrent Mark 31.064ms
[14.913s][info][gc,phases   ] GC(140) Pause Mark End 0.010ms
[14.913s][info][gc,phases   ] GC(140) Concurrent Mark Free 0.001ms
[14.914s][info][gc,phases   ] GC(140) Concurrent Process Non-Strong References 0.958ms
[14.914s][info][gc,phases   ] GC(140) Concurrent Reset Relocation Set 0.002ms
[14.921s][info][gc,phases   ] GC(140) Concurrent Select Relocation Set 6.600ms
[14.921s][info][gc,phases   ] GC(140) Pause Relocate Start 0.005ms
[14.924s][info][gc,phases   ] GC(140) Concurrent Relocate 3.493ms
[14.924s][info][gc,load     ] GC(140) Load: 0.00/0.00/0.00
[14.924s][info][gc,mmu      ] GC(140) MMU: 2ms/98.6%, 5ms/99.5%, 10ms/99.7%, 20ms/99.8%, 50ms/99.9%, 100ms/99.9%
[14.924s][info][gc,marking  ] GC(140) Mark: 4 stripe(s), 3 proactive flush(es), 1 terminate flush(es), 0 completion(s), 0 continuation(s) 
[14.924s][info][gc,marking  ] GC(140) Mark Stack Usage: 32M
[14.924s][info][gc,nmethod  ] GC(140) NMethods: 1346 registered, 46 unregistered
[14.924s][info][gc,metaspace] GC(140) Metaspace: 8M used, 8M committed, 1088M reserved
[14.924s][info][gc,ref      ] GC(140) Soft: 174 encountered, 0 discovered, 0 enqueued
[14.924s][info][gc,ref      ] GC(140) Weak: 570 encountered, 44 discovered, 0 enqueued
[14.924s][info][gc,ref      ] GC(140) Final: 0 encountered, 0 discovered, 0 enqueued
[14.924s][info][gc,ref      ] GC(140) Phantom: 21 encountered, 12 discovered, 0 enqueued
[14.925s][info][gc,reloc    ] GC(140) Small Pages: 136 / 272M, Empty: 238M, Relocated: 5M, In-Place: 0
[14.925s][info][gc,reloc    ] GC(140) Medium Pages: 1 / 16M, Empty: 0M, Relocated: 0M, In-Place: 0
[14.925s][info][gc,reloc    ] GC(140) Large Pages: 0 / 0M, Empty: 0M, Relocated: 0M, In-Place: 0
[14.925s][info][gc,reloc    ] GC(140) Forwarding Usage: 2M
[14.925s][info][gc,heap     ] GC(140) Min Capacity: 8M(2%)
[14.925s][info][gc,heap     ] GC(140) Max Capacity: 512M(100%)
[14.925s][info][gc,heap     ] GC(140) Soft Max Capacity: 512M(100%)
[14.925s][info][gc,heap     ] GC(140)                Mark Start          Mark End        Relocate Start      Relocate End           High               Low         
[14.925s][info][gc,heap     ] GC(140)  Capacity:      512M (100%)        512M (100%)        512M (100%)        512M (100%)        512M (100%)        512M (100%)   
[14.925s][info][gc,heap     ] GC(140)      Free:      224M (44%)         138M (27%)         354M (69%)         360M (70%)         364M (71%)         134M (26%)    
[14.925s][info][gc,heap     ] GC(140)      Used:      288M (56%)         374M (73%)         158M (31%)         152M (30%)         378M (74%)         148M (29%)    
[14.925s][info][gc,heap     ] GC(140)      Live:         -                13M (3%)           13M (3%)           13M (3%)             -                  -          
[14.925s][info][gc,heap     ] GC(140) Allocated:         -                86M (17%)         108M (21%)         115M (23%)            -                  -          
[14.925s][info][gc,heap     ] GC(140)   Garbage:         -               274M (54%)          36M (7%)           22M (4%)             -                  -          
[14.925s][info][gc,heap     ] GC(140) Reclaimed:         -                  -               238M (46%)         251M (49%)            -                  -          
[14.925s][info][gc          ] GC(140) Garbage Collection (Allocation Rate) 288M(56%)->152M(30%)
[14.991s][info][gc,start    ] GC(141) Garbage Collection (Allocation Rate)
[14.991s][info][gc,task     ] GC(141) Using 5 workers
[14.991s][info][gc,phases   ] GC(141) Pause Mark Start 0.014ms
[15.022s][info][gc,phases   ] GC(141) Concurrent Mark 30.938ms
[15.022s][info][gc,phases   ] GC(141) Pause Mark End 0.014ms
[15.022s][info][gc,phases   ] GC(141) Concurrent Mark Free 0.001ms
[15.023s][info][gc,phases   ] GC(141) Concurrent Process Non-Strong References 1.125ms
[15.024s][info][gc,phases   ] GC(141) Concurrent Reset Relocation Set 0.003ms
[15.027s][info][gc,phases   ] GC(141) Concurrent Select Relocation Set 3.799ms
[15.027s][info][gc,phases   ] GC(141) Pause Relocate Start 0.006ms
[15.030s][info][gc,phases   ] GC(141) Concurrent Relocate 2.556ms
[15.030s][info][gc,load     ] GC(141) Load: 0.00/0.00/0.00
[15.030s][info][gc,mmu      ] GC(141) MMU: 2ms/98.6%, 5ms/99.5%, 10ms/99.7%, 20ms/99.8%, 50ms/99.9%, 100ms/99.9%
[15.030s][info][gc,marking  ] GC(141) Mark: 4 stripe(s), 2 proactive flush(es), 1 terminate flush(es), 0 completion(s), 0 continuation(s) 
[15.030s][info][gc,marking  ] GC(141) Mark Stack Usage: 32M
[15.030s][info][gc,nmethod  ] GC(141) NMethods: 1346 registered, 46 unregistered
[15.030s][info][gc,metaspace] GC(141) Metaspace: 8M used, 8M committed, 1088M reserved
[15.030s][info][gc,ref      ] GC(141) Soft: 174 encountered, 0 discovered, 0 enqueued
[15.030s][info][gc,ref      ] GC(141) Weak: 570 encountered, 4 discovered, 0 enqueued
[15.030s][info][gc,ref      ] GC(141) Final: 0 encountered, 0 discovered, 0 enqueued
[15.030s][info][gc,ref      ] GC(141) Phantom: 21 encountered, 13 discovered, 0 enqueued
[15.030s][info][gc,reloc    ] GC(141) Small Pages: 131 / 262M, Empty: 224M, Relocated: 3M, In-Place: 0
[15.030s][info][gc,reloc    ] GC(141) Medium Pages: 2 / 32M, Empty: 0M, Relocated: 1M, In-Place: 0
[15.030s][info][gc,reloc    ] GC(141) Large Pages: 0 / 0M, Empty: 0M, Relocated: 0M, In-Place: 0
[15.030s][info][gc,reloc    ] GC(141) Forwarding Usage: 1M
[15.031s][info][gc,heap     ] GC(141) Min Capacity: 8M(2%)
[15.031s][info][gc,heap     ] GC(141) Max Capacity: 512M(100%)
[15.031s][info][gc,heap     ] GC(141) Soft Max Capacity: 512M(100%)
[15.031s][info][gc,heap     ] GC(141)                Mark Start          Mark End        Relocate Start      Relocate End           High               Low         
[15.031s][info][gc,heap     ] GC(141)  Capacity:      512M (100%)        512M (100%)        512M (100%)        512M (100%)        512M (100%)        512M (100%)   
[15.031s][info][gc,heap     ] GC(141)      Free:      218M (43%)         134M (26%)         344M (67%)         370M (72%)         370M (72%)         132M (26%)    
[15.031s][info][gc,heap     ] GC(141)      Used:      294M (57%)         378M (74%)         168M (33%)         142M (28%)         380M (74%)         142M (28%)    
[15.031s][info][gc,heap     ] GC(141)      Live:         -                14M (3%)           14M (3%)           14M (3%)             -                  -          
[15.031s][info][gc,heap     ] GC(141) Allocated:         -                84M (16%)          98M (19%)         101M (20%)            -                  -          
[15.031s][info][gc,heap     ] GC(141)   Garbage:         -               279M (55%)          55M (11%)          25M (5%)             -                  -          
[15.031s][info][gc,heap     ] GC(141) Reclaimed:         -                  -               224M (44%)         253M (50%)            -                  -          
[15.031s][info][gc          ] GC(141) Garbage Collection (Allocation Rate) 294M(57%)->142M(28%)
[15.085s][info][gc,start    ] GC(142) Garbage Collection (Allocation Rate)
[15.085s][info][gc,task     ] GC(142) Using 5 workers
[15.085s][info][gc,phases   ] GC(142) Pause Mark Start 0.009ms
[15.116s][info][gc,phases   ] GC(142) Concurrent Mark 31.008ms
[15.116s][info][gc,phases   ] GC(142) Pause Mark End 0.015ms
[15.116s][info][gc,phases   ] GC(142) Concurrent Mark Free 0.001ms
[15.117s][info][gc,phases   ] GC(142) Concurrent Process Non-Strong References 1.159ms
[15.117s][info][gc,phases   ] GC(142) Concurrent Reset Relocation Set 0.002ms
[15.124s][info][gc,phases   ] GC(142) Concurrent Select Relocation Set 6.521ms
[15.124s][info][gc,phases   ] GC(142) Pause Relocate Start 0.006ms
[15.129s][info][gc,phases   ] GC(142) Concurrent Relocate 4.522ms
[15.129s][info][gc,load     ] GC(142) Load: 0.00/0.00/0.00
[15.129s][info][gc,mmu      ] GC(142) MMU: 2ms/98.6%, 5ms/99.5%, 10ms/99.7%, 20ms/99.8%, 50ms/99.9%, 100ms/99.9%
[15.129s][info][gc,marking  ] GC(142) Mark: 4 stripe(s), 2 proactive flush(es), 1 terminate flush(es), 0 completion(s), 0 continuation(s) 
[15.129s][info][gc,marking  ] GC(142) Mark Stack Usage: 32M
[15.129s][info][gc,nmethod  ] GC(142) NMethods: 1346 registered, 46 unregistered
[15.129s][info][gc,metaspace] GC(142) Metaspace: 8M used, 8M committed, 1088M reserved
[15.129s][info][gc,ref      ] GC(142) Soft: 174 encountered, 0 discovered, 0 enqueued
[15.129s][info][gc,ref      ] GC(142) Weak: 570 encountered, 5 discovered, 0 enqueued
[15.129s][info][gc,ref      ] GC(142) Final: 0 encountered, 0 discovered, 0 enqueued
[15.129s][info][gc,ref      ] GC(142) Phantom: 21 encountered, 14 discovered, 0 enqueued
[15.129s][info][gc,reloc    ] GC(142) Small Pages: 139 / 278M, Empty: 234M, Relocated: 6M, In-Place: 0
[15.129s][info][gc,reloc    ] GC(142) Medium Pages: 1 / 16M, Empty: 0M, Relocated: 0M, In-Place: 0
[15.129s][info][gc,reloc    ] GC(142) Large Pages: 0 / 0M, Empty: 0M, Relocated: 0M, In-Place: 0
[15.129s][info][gc,reloc    ] GC(142) Forwarding Usage: 2M
[15.129s][info][gc,heap     ] GC(142) Min Capacity: 8M(2%)
[15.129s][info][gc,heap     ] GC(142) Max Capacity: 512M(100%)
[15.129s][info][gc,heap     ] GC(142) Soft Max Capacity: 512M(100%)
[15.129s][info][gc,heap     ] GC(142)                Mark Start          Mark End        Relocate Start      Relocate End           High               Low         
[15.129s][info][gc,heap     ] GC(142)  Capacity:      512M (100%)        512M (100%)        512M (100%)        512M (100%)        512M (100%)        512M (100%)   
[15.129s][info][gc,heap     ] GC(142)      Free:      218M (43%)         134M (26%)         346M (68%)         358M (70%)         360M (70%)         130M (25%)    
[15.129s][info][gc,heap     ] GC(142)      Used:      294M (57%)         378M (74%)         166M (32%)         154M (30%)         382M (75%)         152M (30%)    
[15.129s][info][gc,heap     ] GC(142)      Live:         -                15M (3%)           15M (3%)           15M (3%)             -                  -          
[15.129s][info][gc,heap     ] GC(142) Allocated:         -                84M (16%)         106M (21%)         117M (23%)            -                  -          
[15.129s][info][gc,heap     ] GC(142)   Garbage:         -               278M (54%)          44M (9%)           20M (4%)             -                  -          
[15.129s][info][gc,heap     ] GC(142) Reclaimed:         -                  -               234M (46%)         257M (50%)            -                  -          
[15.129s][info][gc          ] GC(142) Garbage Collection (Allocation Rate) 294M(57%)->154M(30%)
[15.185s][info][gc,start    ] GC(143) Garbage Collection (Allocation Rate)
[15.185s][info][gc,task     ] GC(143) Using 5 workers
[15.186s][info][gc,phases   ] GC(143) Pause Mark Start 0.009ms
[15.217s][info][gc,phases   ] GC(143) Concurrent Mark 31.031ms
[15.217s][info][gc,phases   ] GC(143) Pause Mark End 0.015ms
[15.217s][info][gc,phases   ] GC(143) Concurrent Mark Free 0.001ms
[15.218s][info][gc,phases   ] GC(143) Concurrent Process Non-Strong References 1.116ms
[15.218s][info][gc,phases   ] GC(143) Concurrent Reset Relocation Set 0.004ms
[15.222s][info][gc,phases   ] GC(143) Concurrent Select Relocation Set 4.140ms
[15.222s][info][gc,phases   ] GC(143) Pause Relocate Start 0.005ms
[15.225s][info][gc,phases   ] GC(143) Concurrent Relocate 2.424ms
[15.225s][info][gc,load     ] GC(143) Load: 0.00/0.00/0.00
[15.225s][info][gc,mmu      ] GC(143) MMU: 2ms/98.6%, 5ms/99.5%, 10ms/99.7%, 20ms/99.8%, 50ms/99.9%, 100ms/99.9%
[15.225s][info][gc,marking  ] GC(143) Mark: 4 stripe(s), 2 proactive flush(es), 1 terminate flush(es), 0 completion(s), 0 continuation(s) 
[15.225s][info][gc,marking  ] GC(143) Mark Stack Usage: 32M
[15.225s][info][gc,nmethod  ] GC(143) NMethods: 1346 registered, 46 unregistered
[15.225s][info][gc,metaspace] GC(143) Metaspace: 8M used, 8M committed, 1088M reserved
[15.225s][info][gc,ref      ] GC(143) Soft: 174 encountered, 0 discovered, 0 enqueued
[15.225s][info][gc,ref      ] GC(143) Weak: 570 encountered, 206 discovered, 0 enqueued
[15.225s][info][gc,ref      ] GC(143) Final: 0 encountered, 0 discovered, 0 enqueued
[15.225s][info][gc,ref      ] GC(143) Phantom: 21 encountered, 17 discovered, 0 enqueued
[15.225s][info][gc,reloc    ] GC(143) Small Pages: 147 / 294M, Empty: 256M, Relocated: 2M, In-Place: 0
[15.225s][info][gc,reloc    ] GC(143) Medium Pages: 1 / 16M, Empty: 0M, Relocated: 0M, In-Place: 0
[15.225s][info][gc,reloc    ] GC(143) Large Pages: 0 / 0M, Empty: 0M, Relocated: 0M, In-Place: 0
[15.225s][info][gc,reloc    ] GC(143) Forwarding Usage: 1M
[15.225s][info][gc,heap     ] GC(143) Min Capacity: 8M(2%)
[15.225s][info][gc,heap     ] GC(143) Max Capacity: 512M(100%)
[15.225s][info][gc,heap     ] GC(143) Soft Max Capacity: 512M(100%)
[15.226s][info][gc,heap     ] GC(143)                Mark Start          Mark End        Relocate Start      Relocate End           High               Low         
[15.226s][info][gc,heap     ] GC(143)  Capacity:      512M (100%)        512M (100%)        512M (100%)        512M (100%)        512M (100%)        512M (100%)   
[15.226s][info][gc,heap     ] GC(143)      Free:      202M (39%)         122M (24%)         362M (71%)         368M (72%)         374M (73%)         118M (23%)    
[15.226s][info][gc,heap     ] GC(143)      Used:      310M (61%)         390M (76%)         150M (29%)         144M (28%)         394M (77%)         138M (27%)    
[15.226s][info][gc,heap     ] GC(143)      Live:         -                16M (3%)           16M (3%)           16M (3%)             -                  -          
[15.226s][info][gc,heap     ] GC(143) Allocated:         -                80M (16%)          96M (19%)         101M (20%)            -                  -          
[15.226s][info][gc,heap     ] GC(143)   Garbage:         -               293M (57%)          37M (7%)           25M (5%)             -                  -          
[15.226s][info][gc,heap     ] GC(143) Reclaimed:         -                  -               256M (50%)         267M (52%)            -                  -          
[15.226s][info][gc          ] GC(143) Garbage Collection (Allocation Rate) 310M(61%)->144M(28%)
[15.295s][info][gc,start    ] GC(144) Garbage Collection (Allocation Rate)
[15.295s][info][gc,task     ] GC(144) Using 5 workers
[15.295s][info][gc,phases   ] GC(144) Pause Mark Start 0.012ms
[15.326s][info][gc,phases   ] GC(144) Concurrent Mark 30.963ms
[15.326s][info][gc,phases   ] GC(144) Pause Mark End 0.013ms
[15.326s][info][gc,phases   ] GC(144) Concurrent Mark Free 0.001ms
[15.327s][info][gc,phases   ] GC(144) Concurrent Process Non-Strong References 1.128ms
[15.327s][info][gc,phases   ] GC(144) Concurrent Reset Relocation Set 0.002ms
[15.333s][info][gc,phases   ] GC(144) Concurrent Select Relocation Set 5.787ms
[15.333s][info][gc,phases   ] GC(144) Pause Relocate Start 0.006ms
[15.337s][info][gc,phases   ] GC(144) Concurrent Relocate 3.284ms
[15.337s][info][gc,load     ] GC(144) Load: 0.00/0.00/0.00
[15.337s][info][gc,mmu      ] GC(144) MMU: 2ms/98.6%, 5ms/99.5%, 10ms/99.7%, 20ms/99.8%, 50ms/99.9%, 100ms/99.9%
[15.337s][info][gc,marking  ] GC(144) Mark: 4 stripe(s), 3 proactive flush(es), 1 terminate flush(es), 0 completion(s), 0 continuation(s) 
[15.337s][info][gc,marking  ] GC(144) Mark Stack Usage: 32M
[15.337s][info][gc,nmethod  ] GC(144) NMethods: 1346 registered, 46 unregistered
[15.337s][info][gc,metaspace] GC(144) Metaspace: 8M used, 8M committed, 1088M reserved
[15.337s][info][gc,ref      ] GC(144) Soft: 174 encountered, 0 discovered, 0 enqueued
[15.337s][info][gc,ref      ] GC(144) Weak: 570 encountered, 186 discovered, 0 enqueued
[15.337s][info][gc,ref      ] GC(144) Final: 0 encountered, 0 discovered, 0 enqueued
[15.337s][info][gc,ref      ] GC(144) Phantom: 21 encountered, 16 discovered, 0 enqueued
[15.337s][info][gc,reloc    ] GC(144) Small Pages: 152 / 304M, Empty: 262M, Relocated: 4M, In-Place: 0
[15.337s][info][gc,reloc    ] GC(144) Medium Pages: 2 / 32M, Empty: 0M, Relocated: 1M, In-Place: 0
[15.337s][info][gc,reloc    ] GC(144) Large Pages: 0 / 0M, Empty: 0M, Relocated: 0M, In-Place: 0
[15.337s][info][gc,reloc    ] GC(144) Forwarding Usage: 2M
[15.337s][info][gc,heap     ] GC(144) Min Capacity: 8M(2%)
[15.337s][info][gc,heap     ] GC(144) Max Capacity: 512M(100%)
[15.337s][info][gc,heap     ] GC(144) Soft Max Capacity: 512M(100%)
[15.337s][info][gc,heap     ] GC(144)                Mark Start          Mark End        Relocate Start      Relocate End           High               Low         
[15.337s][info][gc,heap     ] GC(144)  Capacity:      512M (100%)        512M (100%)        512M (100%)        512M (100%)        512M (100%)        512M (100%)   
[15.337s][info][gc,heap     ] GC(144)      Free:      176M (34%)          94M (18%)         336M (66%)         362M (71%)         362M (71%)          92M (18%)    
[15.337s][info][gc,heap     ] GC(144)      Used:      336M (66%)         418M (82%)         176M (34%)         150M (29%)         420M (82%)         150M (29%)    
[15.337s][info][gc,heap     ] GC(144)      Live:         -                16M (3%)           16M (3%)           16M (3%)             -                  -          
[15.337s][info][gc,heap     ] GC(144) Allocated:         -                82M (16%)         102M (20%)         109M (21%)            -                  -          
[15.337s][info][gc,heap     ] GC(144)   Garbage:         -               319M (62%)          57M (11%)          23M (5%)             -                  -          
[15.337s][info][gc,heap     ] GC(144) Reclaimed:         -                  -               262M (51%)         295M (58%)            -                  -          
[15.338s][info][gc          ] GC(144) Garbage Collection (Allocation Rate) 336M(66%)->150M(29%)
[15.389s][info][gc,start    ] GC(145) Garbage Collection (Allocation Rate)
[15.389s][info][gc,task     ] GC(145) Using 5 workers
[15.389s][info][gc,phases   ] GC(145) Pause Mark Start 0.010ms
[15.420s][info][gc,phases   ] GC(145) Concurrent Mark 30.892ms
[15.420s][info][gc,phases   ] GC(145) Pause Mark End 0.013ms
[15.420s][info][gc,phases   ] GC(145) Concurrent Mark Free 0.001ms
[15.421s][info][gc,phases   ] GC(145) Concurrent Process Non-Strong References 1.142ms
[15.421s][info][gc,phases   ] GC(145) Concurrent Reset Relocation Set 0.003ms
[15.425s][info][gc,phases   ] GC(145) Concurrent Select Relocation Set 3.810ms
[15.425s][info][gc,phases   ] GC(145) Pause Relocate Start 0.005ms
[15.427s][info][gc,phases   ] GC(145) Concurrent Relocate 2.243ms
[15.427s][info][gc,load     ] GC(145) Load: 0.00/0.00/0.00
[15.428s][info][gc,mmu      ] GC(145) MMU: 2ms/98.6%, 5ms/99.5%, 10ms/99.7%, 20ms/99.8%, 50ms/99.9%, 100ms/99.9%
[15.428s][info][gc,marking  ] GC(145) Mark: 4 stripe(s), 2 proactive flush(es), 1 terminate flush(es), 0 completion(s), 0 continuation(s) 
[15.428s][info][gc,marking  ] GC(145) Mark Stack Usage: 32M
[15.428s][info][gc,nmethod  ] GC(145) NMethods: 1346 registered, 46 unregistered
[15.428s][info][gc,metaspace] GC(145) Metaspace: 8M used, 8M committed, 1088M reserved
[15.428s][info][gc,ref      ] GC(145) Soft: 174 encountered, 0 discovered, 0 enqueued
[15.428s][info][gc,ref      ] GC(145) Weak: 570 encountered, 7 discovered, 0 enqueued
[15.428s][info][gc,ref      ] GC(145) Final: 0 encountered, 0 discovered, 0 enqueued
[15.428s][info][gc,ref      ] GC(145) Phantom: 21 encountered, 13 discovered, 0 enqueued
[15.428s][info][gc,reloc    ] GC(145) Small Pages: 137 / 274M, Empty: 234M, Relocated: 3M, In-Place: 0
[15.428s][info][gc,reloc    ] GC(145) Medium Pages: 1 / 16M, Empty: 0M, Relocated: 0M, In-Place: 0
[15.428s][info][gc,reloc    ] GC(145) Large Pages: 0 / 0M, Empty: 0M, Relocated: 0M, In-Place: 0
[15.428s][info][gc,reloc    ] GC(145) Forwarding Usage: 1M
[15.428s][info][gc,heap     ] GC(145) Min Capacity: 8M(2%)
[15.428s][info][gc,heap     ] GC(145) Max Capacity: 512M(100%)
[15.428s][info][gc,heap     ] GC(145) Soft Max Capacity: 512M(100%)
[15.428s][info][gc,heap     ] GC(145)                Mark Start          Mark End        Relocate Start      Relocate End           High               Low         
[15.428s][info][gc,heap     ] GC(145)  Capacity:      512M (100%)        512M (100%)        512M (100%)        512M (100%)        512M (100%)        512M (100%)   
[15.428s][info][gc,heap     ] GC(145)      Free:      222M (43%)         162M (32%)         382M (75%)         388M (76%)         388M (76%)         158M (31%)    
[15.428s][info][gc,heap     ] GC(145)      Used:      290M (57%)         350M (68%)         130M (25%)         124M (24%)         354M (69%)         124M (24%)    
[15.428s][info][gc,heap     ] GC(145)      Live:         -                17M (3%)           17M (3%)           17M (3%)             -                  -          
[15.428s][info][gc,heap     ] GC(145) Allocated:         -                60M (12%)          74M (14%)          79M (16%)            -                  -          
[15.428s][info][gc,heap     ] GC(145)   Garbage:         -               272M (53%)          38M (7%)           26M (5%)             -                  -          
[15.428s][info][gc,heap     ] GC(145) Reclaimed:         -                  -               234M (46%)         245M (48%)            -                  -          
[15.428s][info][gc          ] GC(145) Garbage Collection (Allocation Rate) 290M(57%)->124M(24%)
[15.482s][info][gc,start    ] GC(146) Garbage Collection (Allocation Rate)
[15.482s][info][gc,task     ] GC(146) Using 5 workers
[15.482s][info][gc,phases   ] GC(146) Pause Mark Start 0.010ms
[15.513s][info][gc,phases   ] GC(146) Concurrent Mark 31.010ms
[15.514s][info][gc,phases   ] GC(146) Pause Mark End 0.012ms
[15.514s][info][gc,phases   ] GC(146) Concurrent Mark Free 0.001ms
[15.515s][info][gc,phases   ] GC(146) Concurrent Process Non-Strong References 0.887ms
[15.515s][info][gc,phases   ] GC(146) Concurrent Reset Relocation Set 0.002ms
[15.521s][info][gc,phases   ] GC(146) Concurrent Select Relocation Set 6.063ms
[15.521s][info][gc,phases   ] GC(146) Pause Relocate Start 0.005ms
[15.524s][info][gc,phases   ] GC(146) Concurrent Relocate 3.535ms
[15.524s][info][gc,load     ] GC(146) Load: 0.00/0.00/0.00
[15.524s][info][gc,mmu      ] GC(146) MMU: 2ms/98.6%, 5ms/99.5%, 10ms/99.7%, 20ms/99.8%, 50ms/99.9%, 100ms/99.9%
[15.525s][info][gc,marking  ] GC(146) Mark: 4 stripe(s), 2 proactive flush(es), 1 terminate flush(es), 0 completion(s), 0 continuation(s) 
[15.525s][info][gc,marking  ] GC(146) Mark Stack Usage: 32M
[15.525s][info][gc,nmethod  ] GC(146) NMethods: 1346 registered, 46 unregistered
[15.525s][info][gc,metaspace] GC(146) Metaspace: 8M used, 8M committed, 1088M reserved
[15.525s][info][gc,ref      ] GC(146) Soft: 174 encountered, 0 discovered, 0 enqueued
[15.525s][info][gc,ref      ] GC(146) Weak: 570 encountered, 8 discovered, 0 enqueued
[15.525s][info][gc,ref      ] GC(146) Final: 0 encountered, 0 discovered, 0 enqueued
[15.525s][info][gc,ref      ] GC(146) Phantom: 21 encountered, 15 discovered, 0 enqueued
[15.525s][info][gc,reloc    ] GC(146) Small Pages: 129 / 258M, Empty: 220M, Relocated: 5M, In-Place: 0
[15.525s][info][gc,reloc    ] GC(146) Medium Pages: 1 / 16M, Empty: 0M, Relocated: 0M, In-Place: 0
[15.525s][info][gc,reloc    ] GC(146) Large Pages: 0 / 0M, Empty: 0M, Relocated: 0M, In-Place: 0
[15.525s][info][gc,reloc    ] GC(146) Forwarding Usage: 2M
[15.525s][info][gc,heap     ] GC(146) Min Capacity: 8M(2%)
[15.525s][info][gc,heap     ] GC(146) Max Capacity: 512M(100%)
[15.525s][info][gc,heap     ] GC(146) Soft Max Capacity: 512M(100%)
[15.525s][info][gc,heap     ] GC(146)                Mark Start          Mark End        Relocate Start      Relocate End           High               Low         
[15.525s][info][gc,heap     ] GC(146)  Capacity:      512M (100%)        512M (100%)        512M (100%)        512M (100%)        512M (100%)        512M (100%)   
[15.525s][info][gc,heap     ] GC(146)      Free:      238M (46%)         154M (30%)         354M (69%)         356M (70%)         362M (71%)         150M (29%)    
[15.525s][info][gc,heap     ] GC(146)      Used:      274M (54%)         358M (70%)         158M (31%)         156M (30%)         362M (71%)         150M (29%)    
[15.525s][info][gc,heap     ] GC(146)      Live:         -                18M (4%)           18M (4%)           18M (4%)             -                  -          
[15.525s][info][gc,heap     ] GC(146) Allocated:         -                84M (16%)         104M (20%)         113M (22%)            -                  -          
[15.525s][info][gc,heap     ] GC(146)   Garbage:         -               255M (50%)          35M (7%)           23M (5%)             -                  -          
[15.525s][info][gc,heap     ] GC(146) Reclaimed:         -                  -               220M (43%)         231M (45%)            -                  -          
[15.525s][info][gc          ] GC(146) Garbage Collection (Allocation Rate) 274M(54%)->156M(30%)
[15.592s][info][gc,start    ] GC(147) Garbage Collection (Allocation Rate)
[15.592s][info][gc,task     ] GC(147) Using 5 workers
[15.592s][info][gc,phases   ] GC(147) Pause Mark Start 0.009ms
[15.623s][info][gc,phases   ] GC(147) Concurrent Mark 30.979ms
[15.623s][info][gc,phases   ] GC(147) Pause Mark End 0.015ms
[15.623s][info][gc,phases   ] GC(147) Concurrent Mark Free 0.001ms
[15.624s][info][gc,phases   ] GC(147) Concurrent Process Non-Strong References 0.947ms
[15.624s][info][gc,phases   ] GC(147) Concurrent Reset Relocation Set 0.002ms
[15.631s][info][gc,phases   ] GC(147) Concurrent Select Relocation Set 7.279ms
[15.631s][info][gc,phases   ] GC(147) Pause Relocate Start 0.008ms
[15.636s][info][gc,phases   ] GC(147) Concurrent Relocate 4.308ms
[15.636s][info][gc,load     ] GC(147) Load: 0.00/0.00/0.00
[15.636s][info][gc,mmu      ] GC(147) MMU: 2ms/98.6%, 5ms/99.5%, 10ms/99.7%, 20ms/99.8%, 50ms/99.9%, 100ms/99.9%
[15.636s][info][gc,marking  ] GC(147) Mark: 4 stripe(s), 2 proactive flush(es), 2 terminate flush(es), 0 completion(s), 0 continuation(s) 
[15.636s][info][gc,marking  ] GC(147) Mark Stack Usage: 32M
[15.636s][info][gc,nmethod  ] GC(147) NMethods: 1346 registered, 46 unregistered
[15.636s][info][gc,metaspace] GC(147) Metaspace: 8M used, 8M committed, 1088M reserved
[15.636s][info][gc,ref      ] GC(147) Soft: 174 encountered, 0 discovered, 0 enqueued
[15.636s][info][gc,ref      ] GC(147) Weak: 570 encountered, 5 discovered, 0 enqueued
[15.636s][info][gc,ref      ] GC(147) Final: 0 encountered, 0 discovered, 0 enqueued
[15.636s][info][gc,ref      ] GC(147) Phantom: 21 encountered, 13 discovered, 0 enqueued
[15.636s][info][gc,reloc    ] GC(147) Small Pages: 161 / 322M, Empty: 276M, Relocated: 6M, In-Place: 0
[15.636s][info][gc,reloc    ] GC(147) Medium Pages: 1 / 16M, Empty: 0M, Relocated: 0M, In-Place: 0
[15.636s][info][gc,reloc    ] GC(147) Large Pages: 0 / 0M, Empty: 0M, Relocated: 0M, In-Place: 0
[15.636s][info][gc,reloc    ] GC(147) Forwarding Usage: 2M
[15.636s][info][gc,heap     ] GC(147) Min Capacity: 8M(2%)
[15.636s][info][gc,heap     ] GC(147) Max Capacity: 512M(100%)
[15.636s][info][gc,heap     ] GC(147) Soft Max Capacity: 512M(100%)
[15.636s][info][gc,heap     ] GC(147)                Mark Start          Mark End        Relocate Start      Relocate End           High               Low         
[15.636s][info][gc,heap     ] GC(147)  Capacity:      512M (100%)        512M (100%)        512M (100%)        512M (100%)        512M (100%)        512M (100%)   
[15.636s][info][gc,heap     ] GC(147)      Free:      174M (34%)         128M (25%)         400M (78%)         422M (82%)         422M (82%)         128M (25%)    
[15.637s][info][gc,heap     ] GC(147)      Used:      338M (66%)         384M (75%)         112M (22%)          90M (18%)         384M (75%)          90M (18%)    
[15.637s][info][gc,heap     ] GC(147)      Live:         -                18M (4%)           18M (4%)           18M (4%)             -                  -          
[15.637s][info][gc,heap     ] GC(147) Allocated:         -                46M (9%)           50M (10%)          49M (10%)            -                  -          
[15.637s][info][gc,heap     ] GC(147)   Garbage:         -               319M (62%)          43M (8%)           21M (4%)             -                  -          
[15.637s][info][gc,heap     ] GC(147) Reclaimed:         -                  -               276M (54%)         297M (58%)            -                  -          
[15.637s][info][gc          ] GC(147) Garbage Collection (Allocation Rate) 338M(66%)->90M(18%)
[15.685s][info][gc,start    ] GC(148) Garbage Collection (Allocation Rate)
[15.685s][info][gc,task     ] GC(148) Using 5 workers
[15.686s][info][gc,phases   ] GC(148) Pause Mark Start 0.011ms
[15.717s][info][gc,phases   ] GC(148) Concurrent Mark 30.979ms
[15.717s][info][gc,phases   ] GC(148) Pause Mark End 0.013ms
[15.717s][info][gc,phases   ] GC(148) Concurrent Mark Free 0.001ms
[15.718s][info][gc,phases   ] GC(148) Concurrent Process Non-Strong References 0.869ms
[15.718s][info][gc,phases   ] GC(148) Concurrent Reset Relocation Set 0.004ms
[15.722s][info][gc,phases   ] GC(148) Concurrent Select Relocation Set 3.903ms
[15.722s][info][gc,phases   ] GC(148) Pause Relocate Start 0.008ms
[15.724s][info][gc,phases   ] GC(148) Concurrent Relocate 2.557ms
[15.724s][info][gc,load     ] GC(148) Load: 0.00/0.00/0.00
[15.724s][info][gc,mmu      ] GC(148) MMU: 2ms/98.6%, 5ms/99.5%, 10ms/99.7%, 20ms/99.8%, 50ms/99.9%, 100ms/99.9%
[15.724s][info][gc,marking  ] GC(148) Mark: 4 stripe(s), 2 proactive flush(es), 1 terminate flush(es), 0 completion(s), 0 continuation(s) 
[15.725s][info][gc,marking  ] GC(148) Mark Stack Usage: 32M
[15.725s][info][gc,nmethod  ] GC(148) NMethods: 1346 registered, 46 unregistered
[15.725s][info][gc,metaspace] GC(148) Metaspace: 8M used, 8M committed, 1088M reserved
[15.725s][info][gc,ref      ] GC(148) Soft: 174 encountered, 0 discovered, 0 enqueued
[15.725s][info][gc,ref      ] GC(148) Weak: 570 encountered, 64 discovered, 0 enqueued
[15.725s][info][gc,ref      ] GC(148) Final: 0 encountered, 0 discovered, 0 enqueued
[15.725s][info][gc,ref      ] GC(148) Phantom: 21 encountered, 15 discovered, 0 enqueued
[15.725s][info][gc,reloc    ] GC(148) Small Pages: 68 / 136M, Empty: 96M, Relocated: 3M, In-Place: 0
[15.725s][info][gc,reloc    ] GC(148) Medium Pages: 2 / 32M, Empty: 0M, Relocated: 1M, In-Place: 0
[15.725s][info][gc,reloc    ] GC(148) Large Pages: 0 / 0M, Empty: 0M, Relocated: 0M, In-Place: 0
[15.725s][info][gc,reloc    ] GC(148) Forwarding Usage: 1M
[15.725s][info][gc,heap     ] GC(148) Min Capacity: 8M(2%)
[15.725s][info][gc,heap     ] GC(148) Max Capacity: 512M(100%)
[15.725s][info][gc,heap     ] GC(148) Soft Max Capacity: 512M(100%)
[15.725s][info][gc,heap     ] GC(148)                Mark Start          Mark End        Relocate Start      Relocate End           High               Low         
[15.725s][info][gc,heap     ] GC(148)  Capacity:      512M (100%)        512M (100%)        512M (100%)        512M (100%)        512M (100%)        512M (100%)   
[15.725s][info][gc,heap     ] GC(148)      Free:      344M (67%)         260M (51%)         342M (67%)         362M (71%)         362M (71%)         248M (48%)    
[15.725s][info][gc,heap     ] GC(148)      Used:      168M (33%)         252M (49%)         170M (33%)         150M (29%)         264M (52%)         150M (29%)    
[15.725s][info][gc,heap     ] GC(148)      Live:         -                19M (4%)           19M (4%)           19M (4%)             -                  -          
[15.725s][info][gc,heap     ] GC(148) Allocated:         -                84M (16%)          98M (19%)         103M (20%)            -                  -          
[15.725s][info][gc,heap     ] GC(148)   Garbage:         -               148M (29%)          52M (10%)          26M (5%)             -                  -          
[15.725s][info][gc,heap     ] GC(148) Reclaimed:         -                  -                96M (19%)         121M (24%)            -                  -          
[15.725s][info][gc          ] GC(148) Garbage Collection (Allocation Rate) 168M(33%)->150M(29%)
[15.786s][info][gc,start    ] GC(149) Garbage Collection (Allocation Rate)
[15.786s][info][gc,task     ] GC(149) Using 5 workers
[15.786s][info][gc,phases   ] GC(149) Pause Mark Start 0.011ms
[15.817s][info][gc,phases   ] GC(149) Concurrent Mark 31.004ms
[15.817s][info][gc,phases   ] GC(149) Pause Mark End 0.010ms
[15.817s][info][gc,phases   ] GC(149) Concurrent Mark Free 0.001ms
[15.818s][info][gc,phases   ] GC(149) Concurrent Process Non-Strong References 0.795ms
[15.818s][info][gc,phases   ] GC(149) Concurrent Reset Relocation Set 0.003ms
[15.825s][info][gc,phases   ] GC(149) Concurrent Select Relocation Set 6.462ms
[15.825s][info][gc,phases   ] GC(149) Pause Relocate Start 0.006ms
[15.830s][info][gc,phases   ] GC(149) Concurrent Relocate 4.937ms
[15.830s][info][gc,load     ] GC(149) Load: 0.00/0.00/0.00
[15.830s][info][gc,mmu      ] GC(149) MMU: 2ms/98.6%, 5ms/99.5%, 10ms/99.7%, 20ms/99.8%, 50ms/99.9%, 100ms/99.9%
[15.830s][info][gc,marking  ] GC(149) Mark: 4 stripe(s), 2 proactive flush(es), 1 terminate flush(es), 0 completion(s), 0 continuation(s) 
[15.830s][info][gc,marking  ] GC(149) Mark Stack Usage: 32M
[15.830s][info][gc,nmethod  ] GC(149) NMethods: 1346 registered, 46 unregistered
[15.830s][info][gc,metaspace] GC(149) Metaspace: 8M used, 8M committed, 1088M reserved
[15.830s][info][gc,ref      ] GC(149) Soft: 174 encountered, 0 discovered, 0 enqueued
[15.830s][info][gc,ref      ] GC(149) Weak: 570 encountered, 165 discovered, 0 enqueued
[15.830s][info][gc,ref      ] GC(149) Final: 0 encountered, 0 discovered, 0 enqueued
[15.830s][info][gc,ref      ] GC(149) Phantom: 21 encountered, 17 discovered, 0 enqueued
[15.830s][info][gc,reloc    ] GC(149) Small Pages: 151 / 302M, Empty: 260M, Relocated: 6M, In-Place: 0
[15.830s][info][gc,reloc    ] GC(149) Medium Pages: 1 / 16M, Empty: 0M, Relocated: 0M, In-Place: 0
[15.830s][info][gc,reloc    ] GC(149) Large Pages: 0 / 0M, Empty: 0M, Relocated: 0M, In-Place: 0
[15.830s][info][gc,reloc    ] GC(149) Forwarding Usage: 3M
[15.830s][info][gc,heap     ] GC(149) Min Capacity: 8M(2%)
[15.830s][info][gc,heap     ] GC(149) Max Capacity: 512M(100%)
[15.830s][info][gc,heap     ] GC(149) Soft Max Capacity: 512M(100%)
[15.830s][info][gc,heap     ] GC(149)                Mark Start          Mark End        Relocate Start      Relocate End           High               Low         
[15.830s][info][gc,heap     ] GC(149)  Capacity:      512M (100%)        512M (100%)        512M (100%)        512M (100%)        512M (100%)        512M (100%)   
[15.830s][info][gc,heap     ] GC(149)      Free:      194M (38%)         110M (21%)         350M (68%)         352M (69%)         362M (71%)         106M (21%)    
[15.830s][info][gc,heap     ] GC(149)      Used:      318M (62%)         402M (79%)         162M (32%)         160M (31%)         406M (79%)         150M (29%)    
[15.830s][info][gc,heap     ] GC(149)      Live:         -                20M (4%)           20M (4%)           20M (4%)             -                  -          
[15.831s][info][gc,heap     ] GC(149) Allocated:         -                84M (16%)         104M (20%)         117M (23%)            -                  -          
[15.831s][info][gc,heap     ] GC(149)   Garbage:         -               297M (58%)          37M (7%)           21M (4%)             -                  -          
[15.831s][info][gc,heap     ] GC(149) Reclaimed:         -                  -               260M (51%)         275M (54%)            -                  -          
[15.831s][info][gc          ] GC(149) Garbage Collection (Allocation Rate) 318M(62%)->160M(31%)
[15.895s][info][gc,start    ] GC(150) Garbage Collection (Allocation Rate)
[15.895s][info][gc,task     ] GC(150) Using 5 workers
[15.895s][info][gc,phases   ] GC(150) Pause Mark Start 0.012ms
[15.927s][info][gc,phases   ] GC(150) Concurrent Mark 31.008ms
[15.927s][info][gc,phases   ] GC(150) Pause Mark End 0.011ms
[15.927s][info][gc,phases   ] GC(150) Concurrent Mark Free 0.001ms
[15.928s][info][gc,phases   ] GC(150) Concurrent Process Non-Strong References 0.812ms
[15.928s][info][gc,phases   ] GC(150) Concurrent Reset Relocation Set 0.003ms
[15.932s][info][gc,phases   ] GC(150) Concurrent Select Relocation Set 4.089ms
[15.932s][info][gc,phases   ] GC(150) Pause Relocate Start 0.005ms
[15.934s][info][gc,phases   ] GC(150) Concurrent Relocate 2.055ms
[15.934s][info][gc,load     ] GC(150) Load: 0.00/0.00/0.00
[15.934s][info][gc,mmu      ] GC(150) MMU: 2ms/98.6%, 5ms/99.5%, 10ms/99.7%, 20ms/99.8%, 50ms/99.9%, 100ms/99.9%
[15.934s][info][gc,marking  ] GC(150) Mark: 4 stripe(s), 2 proactive flush(es), 1 terminate flush(es), 0 completion(s), 0 continuation(s) 
[15.934s][info][gc,marking  ] GC(150) Mark Stack Usage: 32M
[15.934s][info][gc,nmethod  ] GC(150) NMethods: 1346 registered, 46 unregistered
[15.934s][info][gc,metaspace] GC(150) Metaspace: 8M used, 8M committed, 1088M reserved
[15.934s][info][gc,ref      ] GC(150) Soft: 174 encountered, 0 discovered, 0 enqueued
[15.934s][info][gc,ref      ] GC(150) Weak: 570 encountered, 154 discovered, 0 enqueued
[15.934s][info][gc,ref      ] GC(150) Final: 0 encountered, 0 discovered, 0 enqueued
[15.934s][info][gc,ref      ] GC(150) Phantom: 21 encountered, 16 discovered, 0 enqueued
[15.934s][info][gc,reloc    ] GC(150) Small Pages: 161 / 322M, Empty: 276M, Relocated: 2M, In-Place: 0
[15.934s][info][gc,reloc    ] GC(150) Medium Pages: 1 / 16M, Empty: 0M, Relocated: 0M, In-Place: 0
[15.934s][info][gc,reloc    ] GC(150) Large Pages: 0 / 0M, Empty: 0M, Relocated: 0M, In-Place: 0
[15.934s][info][gc,reloc    ] GC(150) Forwarding Usage: 1M
[15.934s][info][gc,heap     ] GC(150) Min Capacity: 8M(2%)
[15.934s][info][gc,heap     ] GC(150) Max Capacity: 512M(100%)
[15.934s][info][gc,heap     ] GC(150) Soft Max Capacity: 512M(100%)
[15.934s][info][gc,heap     ] GC(150)                Mark Start          Mark End        Relocate Start      Relocate End           High               Low         
[15.934s][info][gc,heap     ] GC(150)  Capacity:      512M (100%)        512M (100%)        512M (100%)        512M (100%)        512M (100%)        512M (100%)   
[15.935s][info][gc,heap     ] GC(150)      Free:      174M (34%)          94M (18%)         356M (70%)         364M (71%)         364M (71%)          90M (18%)    
[15.935s][info][gc,heap     ] GC(150)      Used:      338M (66%)         418M (82%)         156M (30%)         148M (29%)         422M (82%)         148M (29%)    
[15.935s][info][gc,heap     ] GC(150)      Live:         -                21M (4%)           21M (4%)           21M (4%)             -                  -          
[15.935s][info][gc,heap     ] GC(150) Allocated:         -                80M (16%)          94M (18%)          99M (20%)            -                  -          
[15.935s][info][gc,heap     ] GC(150)   Garbage:         -               316M (62%)          40M (8%)           26M (5%)             -                  -          
[15.935s][info][gc,heap     ] GC(150) Reclaimed:         -                  -               276M (54%)         289M (57%)            -                  -          
[15.935s][info][gc          ] GC(150) Garbage Collection (Allocation Rate) 338M(66%)->148M(29%)
[15.989s][info][gc,start    ] GC(151) Garbage Collection (Allocation Rate)
[15.989s][info][gc,task     ] GC(151) Using 5 workers
[15.989s][info][gc,phases   ] GC(151) Pause Mark Start 0.009ms
[16.020s][info][gc,phases   ] GC(151) Concurrent Mark 30.997ms
[16.020s][info][gc,phases   ] GC(151) Pause Mark End 0.010ms
[16.020s][info][gc,phases   ] GC(151) Concurrent Mark Free 0.001ms
[16.021s][info][gc,phases   ] GC(151) Concurrent Process Non-Strong References 0.920ms
[16.021s][info][gc,phases   ] GC(151) Concurrent Reset Relocation Set 0.002ms
[16.027s][info][gc,phases   ] GC(151) Concurrent Select Relocation Set 5.555ms
[16.027s][info][gc,phases   ] GC(151) Pause Relocate Start 0.005ms
[16.030s][info][gc,phases   ] GC(151) Concurrent Relocate 3.144ms
[16.030s][info][gc,load     ] GC(151) Load: 0.00/0.00/0.00
[16.030s][info][gc,mmu      ] GC(151) MMU: 2ms/98.6%, 5ms/99.5%, 10ms/99.7%, 20ms/99.8%, 50ms/99.9%, 100ms/99.9%
[16.030s][info][gc,marking  ] GC(151) Mark: 4 stripe(s), 2 proactive flush(es), 1 terminate flush(es), 0 completion(s), 0 continuation(s) 
[16.030s][info][gc,marking  ] GC(151) Mark Stack Usage: 32M
[16.030s][info][gc,nmethod  ] GC(151) NMethods: 1346 registered, 46 unregistered
[16.031s][info][gc,metaspace] GC(151) Metaspace: 8M used, 8M committed, 1088M reserved
[16.031s][info][gc,ref      ] GC(151) Soft: 174 encountered, 0 discovered, 0 enqueued
[16.031s][info][gc,ref      ] GC(151) Weak: 570 encountered, 166 discovered, 0 enqueued
[16.031s][info][gc,ref      ] GC(151) Final: 0 encountered, 0 discovered, 0 enqueued
[16.031s][info][gc,ref      ] GC(151) Phantom: 21 encountered, 16 discovered, 0 enqueued
[16.031s][info][gc,reloc    ] GC(151) Small Pages: 133 / 266M, Empty: 222M, Relocated: 4M, In-Place: 0
[16.031s][info][gc,reloc    ] GC(151) Medium Pages: 2 / 32M, Empty: 0M, Relocated: 1M, In-Place: 0
[16.031s][info][gc,reloc    ] GC(151) Large Pages: 0 / 0M, Empty: 0M, Relocated: 0M, In-Place: 0
[16.031s][info][gc,reloc    ] GC(151) Forwarding Usage: 2M
[16.031s][info][gc,heap     ] GC(151) Min Capacity: 8M(2%)
[16.031s][info][gc,heap     ] GC(151) Max Capacity: 512M(100%)
[16.031s][info][gc,heap     ] GC(151) Soft Max Capacity: 512M(100%)
[16.031s][info][gc,heap     ] GC(151)                Mark Start          Mark End        Relocate Start      Relocate End           High               Low         
[16.031s][info][gc,heap     ] GC(151)  Capacity:      512M (100%)        512M (100%)        512M (100%)        512M (100%)        512M (100%)        512M (100%)   
[16.031s][info][gc,heap     ] GC(151)      Free:      214M (42%)         132M (26%)         336M (66%)         356M (70%)         358M (70%)         128M (25%)    
[16.031s][info][gc,heap     ] GC(151)      Used:      298M (58%)         380M (74%)         176M (34%)         156M (30%)         384M (75%)         154M (30%)    
[16.031s][info][gc,heap     ] GC(151)      Live:         -                21M (4%)           21M (4%)           21M (4%)             -                  -          
[16.031s][info][gc,heap     ] GC(151) Allocated:         -                82M (16%)         100M (20%)         109M (21%)            -                  -          
[16.031s][info][gc,heap     ] GC(151)   Garbage:         -               276M (54%)          54M (11%)          24M (5%)             -                  -          
[16.031s][info][gc,heap     ] GC(151) Reclaimed:         -                  -               222M (43%)         251M (49%)            -                  -          
[16.031s][info][gc          ] GC(151) Garbage Collection (Allocation Rate) 298M(58%)->156M(30%)
[16.083s][info][gc,start    ] GC(152) Garbage Collection (Allocation Rate)
[16.083s][info][gc,task     ] GC(152) Using 5 workers
[16.083s][info][gc,phases   ] GC(152) Pause Mark Start 0.010ms
[16.114s][info][gc,phases   ] GC(152) Concurrent Mark 31.027ms
[16.114s][info][gc,phases   ] GC(152) Pause Mark End 0.013ms
[16.114s][info][gc,phases   ] GC(152) Concurrent Mark Free 0.001ms
[16.115s][info][gc,phases   ] GC(152) Concurrent Process Non-Strong References 0.901ms
[16.115s][info][gc,phases   ] GC(152) Concurrent Reset Relocation Set 0.002ms
[16.122s][info][gc,phases   ] GC(152) Concurrent Select Relocation Set 7.033ms
[16.122s][info][gc,phases   ] GC(152) Pause Relocate Start 0.007ms
[16.128s][info][gc,phases   ] GC(152) Concurrent Relocate 5.352ms
[16.128s][info][gc,load     ] GC(152) Load: 0.00/0.00/0.00
[16.128s][info][gc,mmu      ] GC(152) MMU: 2ms/98.6%, 5ms/99.5%, 10ms/99.7%, 20ms/99.8%, 50ms/99.9%, 100ms/99.9%
[16.128s][info][gc,marking  ] GC(152) Mark: 4 stripe(s), 2 proactive flush(es), 1 terminate flush(es), 0 completion(s), 0 continuation(s) 
[16.128s][info][gc,marking  ] GC(152) Mark Stack Usage: 32M
[16.128s][info][gc,nmethod  ] GC(152) NMethods: 1346 registered, 46 unregistered
[16.128s][info][gc,metaspace] GC(152) Metaspace: 8M used, 8M committed, 1088M reserved
[16.128s][info][gc,ref      ] GC(152) Soft: 174 encountered, 0 discovered, 0 enqueued
[16.128s][info][gc,ref      ] GC(152) Weak: 570 encountered, 20 discovered, 0 enqueued
[16.128s][info][gc,ref      ] GC(152) Final: 0 encountered, 0 discovered, 0 enqueued
[16.128s][info][gc,ref      ] GC(152) Phantom: 21 encountered, 19 discovered, 0 enqueued
[16.128s][info][gc,reloc    ] GC(152) Small Pages: 141 / 282M, Empty: 234M, Relocated: 6M, In-Place: 0
[16.128s][info][gc,reloc    ] GC(152) Medium Pages: 1 / 16M, Empty: 0M, Relocated: 0M, In-Place: 0
[16.128s][info][gc,reloc    ] GC(152) Large Pages: 0 / 0M, Empty: 0M, Relocated: 0M, In-Place: 0
[16.128s][info][gc,reloc    ] GC(152) Forwarding Usage: 2M
[16.128s][info][gc,heap     ] GC(152) Min Capacity: 8M(2%)
[16.128s][info][gc,heap     ] GC(152) Max Capacity: 512M(100%)
[16.128s][info][gc,heap     ] GC(152) Soft Max Capacity: 512M(100%)
[16.128s][info][gc,heap     ] GC(152)                Mark Start          Mark End        Relocate Start      Relocate End           High               Low         
[16.128s][info][gc,heap     ] GC(152)  Capacity:      512M (100%)        512M (100%)        512M (100%)        512M (100%)        512M (100%)        512M (100%)   
[16.128s][info][gc,heap     ] GC(152)      Free:      214M (42%)         150M (29%)         362M (71%)         368M (72%)         372M (73%)         148M (29%)    
[16.128s][info][gc,heap     ] GC(152)      Used:      298M (58%)         362M (71%)         150M (29%)         144M (28%)         364M (71%)         140M (27%)    
[16.128s][info][gc,heap     ] GC(152)      Live:         -                22M (4%)           22M (4%)           22M (4%)             -                  -          
[16.128s][info][gc,heap     ] GC(152) Allocated:         -                64M (13%)          86M (17%)          99M (20%)            -                  -          
[16.128s][info][gc,heap     ] GC(152)   Garbage:         -               275M (54%)          41M (8%)           21M (4%)             -                  -          
[16.129s][info][gc,heap     ] GC(152) Reclaimed:         -                  -               234M (46%)         253M (50%)            -                  -          
[16.129s][info][gc          ] GC(152) Garbage Collection (Allocation Rate) 298M(58%)->144M(28%)
[16.192s][info][gc,start    ] GC(153) Garbage Collection (Allocation Rate)
[16.192s][info][gc,task     ] GC(153) Using 5 workers
[16.192s][info][gc,phases   ] GC(153) Pause Mark Start 0.010ms
[16.239s][info][gc,phases   ] GC(153) Concurrent Mark 46.655ms
[16.239s][info][gc,phases   ] GC(153) Pause Mark End 0.013ms
[16.239s][info][gc,phases   ] GC(153) Concurrent Mark Free 0.001ms
[16.240s][info][gc,phases   ] GC(153) Concurrent Process Non-Strong References 1.052ms
[16.240s][info][gc,phases   ] GC(153) Concurrent Reset Relocation Set 0.004ms
[16.248s][info][gc,phases   ] GC(153) Concurrent Select Relocation Set 7.987ms
[16.248s][info][gc,phases   ] GC(153) Pause Relocate Start 0.007ms
[16.253s][info][gc,phases   ] GC(153) Concurrent Relocate 4.741ms
[16.253s][info][gc,load     ] GC(153) Load: 0.00/0.00/0.00
[16.253s][info][gc,mmu      ] GC(153) MMU: 2ms/98.6%, 5ms/99.5%, 10ms/99.7%, 20ms/99.8%, 50ms/99.9%, 100ms/99.9%
[16.253s][info][gc,marking  ] GC(153) Mark: 4 stripe(s), 3 proactive flush(es), 1 terminate flush(es), 0 completion(s), 0 continuation(s) 
[16.253s][info][gc,marking  ] GC(153) Mark Stack Usage: 32M
[16.253s][info][gc,nmethod  ] GC(153) NMethods: 1346 registered, 46 unregistered
[16.253s][info][gc,metaspace] GC(153) Metaspace: 8M used, 8M committed, 1088M reserved
[16.253s][info][gc,ref      ] GC(153) Soft: 174 encountered, 0 discovered, 0 enqueued
[16.254s][info][gc,ref      ] GC(153) Weak: 570 encountered, 161 discovered, 0 enqueued
[16.254s][info][gc,ref      ] GC(153) Final: 0 encountered, 0 discovered, 0 enqueued
[16.254s][info][gc,ref      ] GC(153) Phantom: 21 encountered, 15 discovered, 0 enqueued
[16.254s][info][gc,reloc    ] GC(153) Small Pages: 153 / 306M, Empty: 264M, Relocated: 6M, In-Place: 0
[16.254s][info][gc,reloc    ] GC(153) Medium Pages: 1 / 16M, Empty: 0M, Relocated: 0M, In-Place: 0
[16.254s][info][gc,reloc    ] GC(153) Large Pages: 0 / 0M, Empty: 0M, Relocated: 0M, In-Place: 0
[16.254s][info][gc,reloc    ] GC(153) Forwarding Usage: 3M
[16.254s][info][gc,heap     ] GC(153) Min Capacity: 8M(2%)
[16.254s][info][gc,heap     ] GC(153) Max Capacity: 512M(100%)
[16.254s][info][gc,heap     ] GC(153) Soft Max Capacity: 512M(100%)
[16.254s][info][gc,heap     ] GC(153)                Mark Start          Mark End        Relocate Start      Relocate End           High               Low         
[16.254s][info][gc,heap     ] GC(153)  Capacity:      512M (100%)        512M (100%)        512M (100%)        512M (100%)        512M (100%)        512M (100%)   
[16.254s][info][gc,heap     ] GC(153)      Free:      190M (37%)          64M (13%)         304M (59%)         304M (59%)         318M (62%)          62M (12%)    
[16.254s][info][gc,heap     ] GC(153)      Used:      322M (63%)         448M (88%)         208M (41%)         208M (41%)         450M (88%)         194M (38%)    
[16.254s][info][gc,heap     ] GC(153)      Live:         -                23M (5%)           23M (5%)           23M (5%)             -                  -          
[16.254s][info][gc,heap     ] GC(153) Allocated:         -               126M (25%)         150M (29%)         161M (32%)            -                  -          
[16.254s][info][gc,heap     ] GC(153)   Garbage:         -               298M (58%)          34M (7%)           22M (4%)             -                  -          
[16.254s][info][gc,heap     ] GC(153) Reclaimed:         -                  -               264M (52%)         275M (54%)            -                  -          
[16.254s][info][gc          ] GC(153) Garbage Collection (Allocation Rate) 322M(63%)->208M(41%)
[16.286s][info][gc,start    ] GC(154) Garbage Collection (Allocation Rate)
[16.286s][info][gc,task     ] GC(154) Using 5 workers
[16.286s][info][gc,phases   ] GC(154) Pause Mark Start 0.010ms
[16.333s][info][gc,phases   ] GC(154) Concurrent Mark 46.656ms
[16.333s][info][gc,phases   ] GC(154) Pause Mark End 0.017ms
[16.333s][info][gc,phases   ] GC(154) Concurrent Mark Free 0.001ms
[16.334s][info][gc,phases   ] GC(154) Concurrent Process Non-Strong References 1.256ms
[16.334s][info][gc,phases   ] GC(154) Concurrent Reset Relocation Set 0.004ms
[16.338s][info][gc,phases   ] GC(154) Concurrent Select Relocation Set 4.004ms
[16.338s][info][gc,phases   ] GC(154) Pause Relocate Start 0.008ms
[16.341s][info][gc,phases   ] GC(154) Concurrent Relocate 2.572ms
[16.341s][info][gc,load     ] GC(154) Load: 0.00/0.00/0.00
[16.341s][info][gc,mmu      ] GC(154) MMU: 2ms/98.6%, 5ms/99.5%, 10ms/99.7%, 20ms/99.8%, 50ms/99.9%, 100ms/99.9%
[16.341s][info][gc,marking  ] GC(154) Mark: 4 stripe(s), 3 proactive flush(es), 1 terminate flush(es), 0 completion(s), 0 continuation(s) 
[16.341s][info][gc,marking  ] GC(154) Mark Stack Usage: 32M
[16.341s][info][gc,nmethod  ] GC(154) NMethods: 1346 registered, 46 unregistered
[16.341s][info][gc,metaspace] GC(154) Metaspace: 8M used, 8M committed, 1088M reserved
[16.341s][info][gc,ref      ] GC(154) Soft: 174 encountered, 0 discovered, 0 enqueued
[16.341s][info][gc,ref      ] GC(154) Weak: 570 encountered, 278 discovered, 0 enqueued
[16.341s][info][gc,ref      ] GC(154) Final: 0 encountered, 0 discovered, 0 enqueued
[16.341s][info][gc,ref      ] GC(154) Phantom: 21 encountered, 13 discovered, 0 enqueued
[16.341s][info][gc,reloc    ] GC(154) Small Pages: 140 / 280M, Empty: 234M, Relocated: 3M, In-Place: 0
[16.341s][info][gc,reloc    ] GC(154) Medium Pages: 1 / 16M, Empty: 0M, Relocated: 0M, In-Place: 0
[16.341s][info][gc,reloc    ] GC(154) Large Pages: 0 / 0M, Empty: 0M, Relocated: 0M, In-Place: 0
[16.341s][info][gc,reloc    ] GC(154) Forwarding Usage: 1M
[16.341s][info][gc,heap     ] GC(154) Min Capacity: 8M(2%)
[16.342s][info][gc,heap     ] GC(154) Max Capacity: 512M(100%)
[16.342s][info][gc,heap     ] GC(154) Soft Max Capacity: 512M(100%)
[16.342s][info][gc,heap     ] GC(154)                Mark Start          Mark End        Relocate Start      Relocate End           High               Low         
[16.342s][info][gc,heap     ] GC(154)  Capacity:      512M (100%)        512M (100%)        512M (100%)        512M (100%)        512M (100%)        512M (100%)   
[16.342s][info][gc,heap     ] GC(154)      Free:      216M (42%)         120M (23%)         340M (66%)         346M (68%)         346M (68%)         116M (23%)    
[16.342s][info][gc,heap     ] GC(154)      Used:      296M (58%)         392M (77%)         172M (34%)         166M (32%)         396M (77%)         166M (32%)    
[16.342s][info][gc,heap     ] GC(154)      Live:         -                23M (5%)           23M (5%)           23M (5%)             -                  -          
[16.342s][info][gc,heap     ] GC(154) Allocated:         -                96M (19%)         110M (21%)         115M (23%)            -                  -          
[16.342s][info][gc,heap     ] GC(154)   Garbage:         -               272M (53%)          38M (7%)           26M (5%)             -                  -          
[16.342s][info][gc,heap     ] GC(154) Reclaimed:         -                  -               234M (46%)         245M (48%)            -                  -          
[16.342s][info][gc          ] GC(154) Garbage Collection (Allocation Rate) 296M(58%)->166M(32%)
[16.387s][info][gc,start    ] GC(155) Garbage Collection (Allocation Rate)
[16.387s][info][gc,task     ] GC(155) Using 5 workers
[16.387s][info][gc,phases   ] GC(155) Pause Mark Start 0.010ms
[16.418s][info][gc,phases   ] GC(155) Concurrent Mark 31.008ms
[16.418s][info][gc,phases   ] GC(155) Pause Mark End 0.009ms
[16.418s][info][gc,phases   ] GC(155) Concurrent Mark Free 0.001ms
[16.419s][info][gc,phases   ] GC(155) Concurrent Process Non-Strong References 0.666ms
[16.419s][info][gc,phases   ] GC(155) Concurrent Reset Relocation Set 0.002ms
[16.424s][info][gc,phases   ] GC(155) Concurrent Select Relocation Set 5.588ms
[16.424s][info][gc,phases   ] GC(155) Pause Relocate Start 0.005ms
[16.427s][info][gc,phases   ] GC(155) Concurrent Relocate 2.379ms
[16.427s][info][gc,load     ] GC(155) Load: 0.00/0.00/0.00
[16.427s][info][gc,mmu      ] GC(155) MMU: 2ms/98.6%, 5ms/99.5%, 10ms/99.7%, 20ms/99.8%, 50ms/99.9%, 100ms/99.9%
[16.427s][info][gc,marking  ] GC(155) Mark: 4 stripe(s), 2 proactive flush(es), 1 terminate flush(es), 0 completion(s), 0 continuation(s) 
[16.427s][info][gc,marking  ] GC(155) Mark Stack Usage: 32M
[16.427s][info][gc,nmethod  ] GC(155) NMethods: 1346 registered, 46 unregistered
[16.427s][info][gc,metaspace] GC(155) Metaspace: 8M used, 8M committed, 1088M reserved
[16.427s][info][gc,ref      ] GC(155) Soft: 174 encountered, 0 discovered, 0 enqueued
[16.427s][info][gc,ref      ] GC(155) Weak: 570 encountered, 17 discovered, 0 enqueued
[16.427s][info][gc,ref      ] GC(155) Final: 0 encountered, 0 discovered, 0 enqueued
[16.427s][info][gc,ref      ] GC(155) Phantom: 21 encountered, 13 discovered, 0 enqueued
[16.427s][info][gc,reloc    ] GC(155) Small Pages: 129 / 258M, Empty: 206M, Relocated: 3M, In-Place: 0
[16.427s][info][gc,reloc    ] GC(155) Medium Pages: 2 / 32M, Empty: 0M, Relocated: 2M, In-Place: 0
[16.427s][info][gc,reloc    ] GC(155) Large Pages: 0 / 0M, Empty: 0M, Relocated: 0M, In-Place: 0
[16.427s][info][gc,reloc    ] GC(155) Forwarding Usage: 1M
[16.427s][info][gc,heap     ] GC(155) Min Capacity: 8M(2%)
[16.427s][info][gc,heap     ] GC(155) Max Capacity: 512M(100%)
[16.427s][info][gc,heap     ] GC(155) Soft Max Capacity: 512M(100%)
[16.427s][info][gc,heap     ] GC(155)                Mark Start          Mark End        Relocate Start      Relocate End           High               Low         
[16.427s][info][gc,heap     ] GC(155)  Capacity:      512M (100%)        512M (100%)        512M (100%)        512M (100%)        512M (100%)        512M (100%)   
[16.427s][info][gc,heap     ] GC(155)      Free:      222M (43%)         136M (27%)         324M (63%)         352M (69%)         352M (69%)         134M (26%)    
[16.427s][info][gc,heap     ] GC(155)      Used:      290M (57%)         376M (73%)         188M (37%)         160M (31%)         378M (74%)         160M (31%)    
[16.427s][info][gc,heap     ] GC(155)      Live:         -                24M (5%)           24M (5%)           24M (5%)             -                  -          
[16.427s][info][gc,heap     ] GC(155) Allocated:         -                86M (17%)         104M (20%)         107M (21%)            -                  -          
[16.427s][info][gc,heap     ] GC(155)   Garbage:         -               265M (52%)          59M (12%)          27M (5%)             -                  -          
[16.428s][info][gc,heap     ] GC(155) Reclaimed:         -                  -               206M (40%)         237M (46%)            -                  -          
[16.428s][info][gc          ] GC(155) Garbage Collection (Allocation Rate) 290M(57%)->160M(31%)
[16.480s][info][gc,start    ] GC(156) Garbage Collection (Allocation Rate)
[16.480s][info][gc,task     ] GC(156) Using 5 workers
[16.480s][info][gc,phases   ] GC(156) Pause Mark Start 0.011ms
[16.511s][info][gc,phases   ] GC(156) Concurrent Mark 30.917ms
[16.512s][info][gc,phases   ] GC(156) Pause Mark End 0.011ms
[16.512s][info][gc,phases   ] GC(156) Concurrent Mark Free 0.001ms
[16.513s][info][gc,phases   ] GC(156) Concurrent Process Non-Strong References 0.914ms
[16.513s][info][gc,phases   ] GC(156) Concurrent Reset Relocation Set 0.003ms
[16.519s][info][gc,phases   ] GC(156) Concurrent Select Relocation Set 6.268ms
[16.519s][info][gc,phases   ] GC(156) Pause Relocate Start 0.004ms
[16.523s][info][gc,phases   ] GC(156) Concurrent Relocate 3.667ms
[16.523s][info][gc,load     ] GC(156) Load: 0.00/0.00/0.00
[16.523s][info][gc,mmu      ] GC(156) MMU: 2ms/98.6%, 5ms/99.5%, 10ms/99.7%, 20ms/99.8%, 50ms/99.9%, 100ms/99.9%
[16.523s][info][gc,marking  ] GC(156) Mark: 4 stripe(s), 2 proactive flush(es), 1 terminate flush(es), 0 completion(s), 0 continuation(s) 
[16.523s][info][gc,marking  ] GC(156) Mark Stack Usage: 32M
[16.523s][info][gc,nmethod  ] GC(156) NMethods: 1346 registered, 46 unregistered
[16.523s][info][gc,metaspace] GC(156) Metaspace: 8M used, 8M committed, 1088M reserved
[16.523s][info][gc,ref      ] GC(156) Soft: 174 encountered, 0 discovered, 0 enqueued
[16.523s][info][gc,ref      ] GC(156) Weak: 570 encountered, 350 discovered, 0 enqueued
[16.523s][info][gc,ref      ] GC(156) Final: 0 encountered, 0 discovered, 0 enqueued
[16.523s][info][gc,ref      ] GC(156) Phantom: 21 encountered, 14 discovered, 0 enqueued
[16.523s][info][gc,reloc    ] GC(156) Small Pages: 145 / 290M, Empty: 242M, Relocated: 5M, In-Place: 0
[16.523s][info][gc,reloc    ] GC(156) Medium Pages: 1 / 16M, Empty: 0M, Relocated: 0M, In-Place: 0
[16.523s][info][gc,reloc    ] GC(156) Large Pages: 0 / 0M, Empty: 0M, Relocated: 0M, In-Place: 0
[16.523s][info][gc,reloc    ] GC(156) Forwarding Usage: 2M
[16.523s][info][gc,heap     ] GC(156) Min Capacity: 8M(2%)
[16.523s][info][gc,heap     ] GC(156) Max Capacity: 512M(100%)
[16.523s][info][gc,heap     ] GC(156) Soft Max Capacity: 512M(100%)
[16.523s][info][gc,heap     ] GC(156)                Mark Start          Mark End        Relocate Start      Relocate End           High               Low         
[16.523s][info][gc,heap     ] GC(156)  Capacity:      512M (100%)        512M (100%)        512M (100%)        512M (100%)        512M (100%)        512M (100%)   
[16.523s][info][gc,heap     ] GC(156)      Free:      206M (40%)         122M (24%)         344M (67%)         350M (68%)         352M (69%)         120M (23%)    
[16.523s][info][gc,heap     ] GC(156)      Used:      306M (60%)         390M (76%)         168M (33%)         162M (32%)         392M (77%)         160M (31%)    
[16.523s][info][gc,heap     ] GC(156)      Live:         -                25M (5%)           25M (5%)           25M (5%)             -                  -          
[16.523s][info][gc,heap     ] GC(156) Allocated:         -                84M (16%)         104M (20%)         111M (22%)            -                  -          
[16.523s][info][gc,heap     ] GC(156)   Garbage:         -               280M (55%)          38M (8%)           24M (5%)             -                  -          
[16.523s][info][gc,heap     ] GC(156) Reclaimed:         -                  -               242M (47%)         255M (50%)            -                  -          
[16.524s][info][gc          ] GC(156) Garbage Collection (Allocation Rate) 306M(60%)->162M(32%)
[16.590s][info][gc,start    ] GC(157) Garbage Collection (Allocation Rate)
[16.590s][info][gc,task     ] GC(157) Using 5 workers
[16.590s][info][gc,phases   ] GC(157) Pause Mark Start 0.011ms
[16.621s][info][gc,phases   ] GC(157) Concurrent Mark 31.002ms
[16.621s][info][gc,phases   ] GC(157) Pause Mark End 0.009ms
[16.621s][info][gc,phases   ] GC(157) Concurrent Mark Free 0.001ms
[16.622s][info][gc,phases   ] GC(157) Concurrent Process Non-Strong References 0.722ms
[16.622s][info][gc,phases   ] GC(157) Concurrent Reset Relocation Set 0.002ms
[16.629s][info][gc,phases   ] GC(157) Concurrent Select Relocation Set 7.191ms
[16.629s][info][gc,phases   ] GC(157) Pause Relocate Start 0.005ms
[16.634s][info][gc,phases   ] GC(157) Concurrent Relocate 5.042ms
[16.634s][info][gc,load     ] GC(157) Load: 0.00/0.00/0.00
[16.634s][info][gc,mmu      ] GC(157) MMU: 2ms/98.6%, 5ms/99.5%, 10ms/99.7%, 20ms/99.8%, 50ms/99.9%, 100ms/99.9%
[16.634s][info][gc,marking  ] GC(157) Mark: 4 stripe(s), 2 proactive flush(es), 1 terminate flush(es), 0 completion(s), 0 continuation(s) 
[16.634s][info][gc,marking  ] GC(157) Mark Stack Usage: 32M
[16.634s][info][gc,nmethod  ] GC(157) NMethods: 1346 registered, 46 unregistered
[16.634s][info][gc,metaspace] GC(157) Metaspace: 8M used, 8M committed, 1088M reserved
[16.634s][info][gc,ref      ] GC(157) Soft: 174 encountered, 0 discovered, 0 enqueued
[16.634s][info][gc,ref      ] GC(157) Weak: 570 encountered, 287 discovered, 0 enqueued
[16.634s][info][gc,ref      ] GC(157) Final: 0 encountered, 0 discovered, 0 enqueued
[16.634s][info][gc,ref      ] GC(157) Phantom: 21 encountered, 16 discovered, 0 enqueued
[16.635s][info][gc,reloc    ] GC(157) Small Pages: 154 / 308M, Empty: 258M, Relocated: 6M, In-Place: 0
[16.635s][info][gc,reloc    ] GC(157) Medium Pages: 2 / 32M, Empty: 0M, Relocated: 2M, In-Place: 0
[16.635s][info][gc,reloc    ] GC(157) Large Pages: 0 / 0M, Empty: 0M, Relocated: 0M, In-Place: 0
[16.635s][info][gc,reloc    ] GC(157) Forwarding Usage: 2M
[16.635s][info][gc,heap     ] GC(157) Min Capacity: 8M(2%)
[16.635s][info][gc,heap     ] GC(157) Max Capacity: 512M(100%)
[16.635s][info][gc,heap     ] GC(157) Soft Max Capacity: 512M(100%)
[16.635s][info][gc,heap     ] GC(157)                Mark Start          Mark End        Relocate Start      Relocate End           High               Low         
[16.635s][info][gc,heap     ] GC(157)  Capacity:      512M (100%)        512M (100%)        512M (100%)        512M (100%)        512M (100%)        512M (100%)   
[16.635s][info][gc,heap     ] GC(157)      Free:      172M (34%)          86M (17%)         324M (63%)         344M (67%)         348M (68%)          84M (16%)    
[16.635s][info][gc,heap     ] GC(157)      Used:      340M (66%)         426M (83%)         188M (37%)         168M (33%)         428M (84%)         164M (32%)    
[16.635s][info][gc,heap     ] GC(157)      Live:         -                26M (5%)           26M (5%)           26M (5%)             -                  -          
[16.635s][info][gc,heap     ] GC(157) Allocated:         -                86M (17%)         106M (21%)         119M (23%)            -                  -          
[16.635s][info][gc,heap     ] GC(157)   Garbage:         -               313M (61%)          55M (11%)          21M (4%)             -                  -          
[16.635s][info][gc,heap     ] GC(157) Reclaimed:         -                  -               258M (50%)         291M (57%)            -                  -          
[16.635s][info][gc          ] GC(157) Garbage Collection (Allocation Rate) 340M(66%)->168M(33%)
[16.683s][info][gc,start    ] GC(158) Garbage Collection (Allocation Rate)
[16.683s][info][gc,task     ] GC(158) Using 5 workers
[16.683s][info][gc,phases   ] GC(158) Pause Mark Start 0.009ms
[16.730s][info][gc,phases   ] GC(158) Concurrent Mark 46.690ms
[16.730s][info][gc,phases   ] GC(158) Pause Mark End 0.013ms
[16.730s][info][gc,phases   ] GC(158) Concurrent Mark Free 0.001ms
[16.731s][info][gc,phases   ] GC(158) Concurrent Process Non-Strong References 0.948ms
[16.731s][info][gc,phases   ] GC(158) Concurrent Reset Relocation Set 0.003ms
[16.736s][info][gc,phases   ] GC(158) Concurrent Select Relocation Set 4.081ms
[16.736s][info][gc,phases   ] GC(158) Pause Relocate Start 0.006ms
[16.738s][info][gc,phases   ] GC(158) Concurrent Relocate 1.932ms
[16.738s][info][gc,load     ] GC(158) Load: 0.00/0.00/0.00
[16.738s][info][gc,mmu      ] GC(158) MMU: 2ms/98.6%, 5ms/99.5%, 10ms/99.7%, 20ms/99.8%, 50ms/99.9%, 100ms/99.9%
[16.738s][info][gc,marking  ] GC(158) Mark: 4 stripe(s), 2 proactive flush(es), 1 terminate flush(es), 0 completion(s), 0 continuation(s) 
[16.738s][info][gc,marking  ] GC(158) Mark Stack Usage: 32M
[16.738s][info][gc,nmethod  ] GC(158) NMethods: 1346 registered, 46 unregistered
[16.738s][info][gc,metaspace] GC(158) Metaspace: 8M used, 8M committed, 1088M reserved
[16.738s][info][gc,ref      ] GC(158) Soft: 174 encountered, 0 discovered, 0 enqueued
[16.738s][info][gc,ref      ] GC(158) Weak: 570 encountered, 3 discovered, 0 enqueued
[16.738s][info][gc,ref      ] GC(158) Final: 0 encountered, 0 discovered, 0 enqueued
[16.738s][info][gc,ref      ] GC(158) Phantom: 21 encountered, 20 discovered, 0 enqueued
[16.738s][info][gc,reloc    ] GC(158) Small Pages: 143 / 286M, Empty: 244M, Relocated: 1M, In-Place: 0
[16.738s][info][gc,reloc    ] GC(158) Medium Pages: 1 / 16M, Empty: 0M, Relocated: 0M, In-Place: 0
[16.738s][info][gc,reloc    ] GC(158) Large Pages: 0 / 0M, Empty: 0M, Relocated: 0M, In-Place: 0
[16.738s][info][gc,reloc    ] GC(158) Forwarding Usage: 0M
[16.738s][info][gc,heap     ] GC(158) Min Capacity: 8M(2%)
[16.738s][info][gc,heap     ] GC(158) Max Capacity: 512M(100%)
[16.738s][info][gc,heap     ] GC(158) Soft Max Capacity: 512M(100%)
[16.738s][info][gc,heap     ] GC(158)                Mark Start          Mark End        Relocate Start      Relocate End           High               Low         
[16.738s][info][gc,heap     ] GC(158)  Capacity:      512M (100%)        512M (100%)        512M (100%)        512M (100%)        512M (100%)        512M (100%)   
[16.738s][info][gc,heap     ] GC(158)      Free:      210M (41%)          84M (16%)         314M (61%)         312M (61%)         316M (62%)          82M (16%)    
[16.738s][info][gc,heap     ] GC(158)      Used:      302M (59%)         428M (84%)         198M (39%)         200M (39%)         430M (84%)         196M (38%)    
[16.738s][info][gc,heap     ] GC(158)      Live:         -                26M (5%)           26M (5%)           26M (5%)             -                  -          
[16.738s][info][gc,heap     ] GC(158) Allocated:         -               126M (25%)         140M (27%)         143M (28%)            -                  -          
[16.738s][info][gc,heap     ] GC(158)   Garbage:         -               275M (54%)          31M (6%)           29M (6%)             -                  -          
[16.738s][info][gc,heap     ] GC(158) Reclaimed:         -                  -               244M (48%)         245M (48%)            -                  -          
[16.738s][info][gc          ] GC(158) Garbage Collection (Allocation Rate) 302M(59%)->200M(39%)
[16.793s][info][gc,start    ] GC(159) Garbage Collection (Allocation Rate)
[16.816s][info][gc,task     ] GC(159) Using 5 workers
[16.816s][info][gc,phases   ] GC(159) Pause Mark Start 0.012ms
[16.855s][info][gc,phases   ] GC(159) Concurrent Mark 39.342ms
[16.855s][info][gc,phases   ] GC(159) Pause Mark End 0.010ms
[16.855s][info][gc,phases   ] GC(159) Concurrent Mark Free 0.001ms
[16.856s][info][gc,phases   ] GC(159) Concurrent Process Non-Strong References 0.729ms
[16.856s][info][gc,phases   ] GC(159) Concurrent Reset Relocation Set 0.002ms
[16.861s][info][gc,phases   ] GC(159) Concurrent Select Relocation Set 5.136ms
[16.861s][info][gc,phases   ] GC(159) Pause Relocate Start 0.005ms
[16.864s][info][gc,phases   ] GC(159) Concurrent Relocate 2.830ms
[16.864s][info][gc,load     ] GC(159) Load: 0.00/0.00/0.00
[16.864s][info][gc,mmu      ] GC(159) MMU: 2ms/98.6%, 5ms/99.5%, 10ms/99.7%, 20ms/99.8%, 50ms/99.9%, 100ms/99.9%
[16.864s][info][gc,marking  ] GC(159) Mark: 4 stripe(s), 2 proactive flush(es), 1 terminate flush(es), 0 completion(s), 0 continuation(s) 
[16.864s][info][gc,marking  ] GC(159) Mark Stack Usage: 32M
[16.864s][info][gc,nmethod  ] GC(159) NMethods: 1346 registered, 46 unregistered
[16.864s][info][gc,metaspace] GC(159) Metaspace: 8M used, 8M committed, 1088M reserved
[16.865s][info][gc,ref      ] GC(159) Soft: 174 encountered, 0 discovered, 0 enqueued
[16.865s][info][gc,ref      ] GC(159) Weak: 570 encountered, 3 discovered, 0 enqueued
[16.865s][info][gc,ref      ] GC(159) Final: 0 encountered, 0 discovered, 0 enqueued
[16.865s][info][gc,ref      ] GC(159) Phantom: 21 encountered, 17 discovered, 0 enqueued
[16.865s][info][gc,reloc    ] GC(159) Small Pages: 189 / 378M, Empty: 332M, Relocated: 4M, In-Place: 0
[16.865s][info][gc,reloc    ] GC(159) Medium Pages: 1 / 16M, Empty: 0M, Relocated: 0M, In-Place: 0
[16.865s][info][gc,reloc    ] GC(159) Large Pages: 0 / 0M, Empty: 0M, Relocated: 0M, In-Place: 0
[16.865s][info][gc,reloc    ] GC(159) Forwarding Usage: 2M
[16.865s][info][gc,heap     ] GC(159) Min Capacity: 8M(2%)
[16.865s][info][gc,heap     ] GC(159) Max Capacity: 512M(100%)
[16.865s][info][gc,heap     ] GC(159) Soft Max Capacity: 512M(100%)
[16.865s][info][gc,heap     ] GC(159)                Mark Start          Mark End        Relocate Start      Relocate End           High               Low         
[16.865s][info][gc,heap     ] GC(159)  Capacity:      512M (100%)        512M (100%)        512M (100%)        512M (100%)        512M (100%)        512M (100%)   
[16.865s][info][gc,heap     ] GC(159)      Free:      118M (23%)          30M (6%)          346M (68%)         348M (68%)         352M (69%)          28M (5%)     
[16.865s][info][gc,heap     ] GC(159)      Used:      394M (77%)         482M (94%)         166M (32%)         164M (32%)         484M (95%)         160M (31%)    
[16.865s][info][gc,heap     ] GC(159)      Live:         -                27M (5%)           27M (5%)           27M (5%)             -                  -          
[16.865s][info][gc,heap     ] GC(159) Allocated:         -                88M (17%)         104M (20%)         111M (22%)            -                  -          
[16.865s][info][gc,heap     ] GC(159)   Garbage:         -               366M (72%)          34M (7%)           24M (5%)             -                  -          
[16.865s][info][gc,heap     ] GC(159) Reclaimed:         -                  -               332M (65%)         341M (67%)            -                  -          
[16.865s][info][gc          ] GC(159) Garbage Collection (Allocation Rate) 394M(77%)->164M(32%)
[16.886s][info][gc,start    ] GC(160) Garbage Collection (Allocation Rate)
[16.886s][info][gc,task     ] GC(160) Using 5 workers
[16.887s][info][gc,phases   ] GC(160) Pause Mark Start 0.011ms
[16.918s][info][gc,phases   ] GC(160) Concurrent Mark 30.962ms
[16.918s][info][gc,phases   ] GC(160) Pause Mark End 0.009ms
[16.918s][info][gc,phases   ] GC(160) Concurrent Mark Free 0.001ms
[16.919s][info][gc,phases   ] GC(160) Concurrent Process Non-Strong References 0.741ms
[16.919s][info][gc,phases   ] GC(160) Concurrent Reset Relocation Set 0.002ms
[16.926s][info][gc,phases   ] GC(160) Concurrent Select Relocation Set 7.274ms
[16.926s][info][gc,phases   ] GC(160) Pause Relocate Start 0.005ms
[16.929s][info][gc,phases   ] GC(160) Concurrent Relocate 3.357ms
[16.929s][info][gc,load     ] GC(160) Load: 0.00/0.00/0.00
[16.929s][info][gc,mmu      ] GC(160) MMU: 2ms/98.6%, 5ms/99.5%, 10ms/99.7%, 20ms/99.8%, 50ms/99.9%, 100ms/99.9%
[16.929s][info][gc,marking  ] GC(160) Mark: 4 stripe(s), 2 proactive flush(es), 1 terminate flush(es), 0 completion(s), 0 continuation(s) 
[16.930s][info][gc,marking  ] GC(160) Mark Stack Usage: 32M
[16.930s][info][gc,nmethod  ] GC(160) NMethods: 1346 registered, 46 unregistered
[16.930s][info][gc,metaspace] GC(160) Metaspace: 8M used, 8M committed, 1088M reserved
[16.930s][info][gc,ref      ] GC(160) Soft: 174 encountered, 0 discovered, 0 enqueued
[16.930s][info][gc,ref      ] GC(160) Weak: 570 encountered, 376 discovered, 0 enqueued
[16.930s][info][gc,ref      ] GC(160) Final: 0 encountered, 0 discovered, 0 enqueued
[16.930s][info][gc,ref      ] GC(160) Phantom: 21 encountered, 18 discovered, 0 enqueued
[16.930s][info][gc,reloc    ] GC(160) Small Pages: 104 / 208M, Empty: 160M, Relocated: 6M, In-Place: 0
[16.930s][info][gc,reloc    ] GC(160) Medium Pages: 1 / 16M, Empty: 0M, Relocated: 0M, In-Place: 0
[16.930s][info][gc,reloc    ] GC(160) Large Pages: 0 / 0M, Empty: 0M, Relocated: 0M, In-Place: 0
[16.930s][info][gc,reloc    ] GC(160) Forwarding Usage: 3M
[16.930s][info][gc,heap     ] GC(160) Min Capacity: 8M(2%)
[16.930s][info][gc,heap     ] GC(160) Max Capacity: 512M(100%)
[16.930s][info][gc,heap     ] GC(160) Soft Max Capacity: 512M(100%)
[16.930s][info][gc,heap     ] GC(160)                Mark Start          Mark End        Relocate Start      Relocate End           High               Low         
[16.930s][info][gc,heap     ] GC(160)  Capacity:      512M (100%)        512M (100%)        512M (100%)        512M (100%)        512M (100%)        512M (100%)   
[16.930s][info][gc,heap     ] GC(160)      Free:      288M (56%)         204M (40%)         346M (68%)         350M (68%)         352M (69%)         202M (39%)    
[16.930s][info][gc,heap     ] GC(160)      Used:      224M (44%)         308M (60%)         166M (32%)         162M (32%)         310M (61%)         160M (31%)    
[16.930s][info][gc,heap     ] GC(160)      Live:         -                28M (5%)           28M (5%)           28M (5%)             -                  -          
[16.930s][info][gc,heap     ] GC(160) Allocated:         -                84M (16%)         102M (20%)         109M (21%)            -                  -          
[16.930s][info][gc,heap     ] GC(160)   Garbage:         -               195M (38%)          35M (7%)           23M (5%)             -                  -          
[16.930s][info][gc,heap     ] GC(160) Reclaimed:         -                  -               160M (31%)         171M (34%)            -                  -          
[16.930s][info][gc          ] GC(160) Garbage Collection (Allocation Rate) 224M(44%)->162M(32%)
[16.987s][info][gc,start    ] GC(161) Garbage Collection (Allocation Rate)
[16.987s][info][gc,task     ] GC(161) Using 5 workers
[16.987s][info][gc,phases   ] GC(161) Pause Mark Start 0.010ms
[17.034s][info][gc,phases   ] GC(161) Concurrent Mark 46.592ms
[17.034s][info][gc,phases   ] GC(161) Pause Mark End 0.013ms
[17.034s][info][gc,phases   ] GC(161) Concurrent Mark Free 0.001ms
[17.035s][info][gc,phases   ] GC(161) Concurrent Process Non-Strong References 1.052ms
[17.035s][info][gc,phases   ] GC(161) Concurrent Reset Relocation Set 0.003ms
[17.039s][info][gc,phases   ] GC(161) Concurrent Select Relocation Set 3.652ms
[17.039s][info][gc,phases   ] GC(161) Pause Relocate Start 0.005ms
[17.044s][info][gc,phases   ] GC(161) Concurrent Relocate 4.855ms
[17.044s][info][gc,load     ] GC(161) Load: 0.00/0.00/0.00
[17.044s][info][gc,mmu      ] GC(161) MMU: 2ms/98.6%, 5ms/99.5%, 10ms/99.7%, 20ms/99.8%, 50ms/99.9%, 100ms/99.9%
[17.044s][info][gc,marking  ] GC(161) Mark: 4 stripe(s), 3 proactive flush(es), 1 terminate flush(es), 0 completion(s), 0 continuation(s) 
[17.044s][info][gc,marking  ] GC(161) Mark Stack Usage: 32M
[17.044s][info][gc,nmethod  ] GC(161) NMethods: 1346 registered, 46 unregistered
[17.044s][info][gc,metaspace] GC(161) Metaspace: 8M used, 8M committed, 1088M reserved
[17.044s][info][gc,ref      ] GC(161) Soft: 174 encountered, 0 discovered, 0 enqueued
[17.044s][info][gc,ref      ] GC(161) Weak: 570 encountered, 71 discovered, 0 enqueued
[17.044s][info][gc,ref      ] GC(161) Final: 0 encountered, 0 discovered, 0 enqueued
[17.044s][info][gc,ref      ] GC(161) Phantom: 21 encountered, 12 discovered, 0 enqueued
[17.044s][info][gc,reloc    ] GC(161) Small Pages: 145 / 290M, Empty: 234M, Relocated: 6M, In-Place: 0
[17.044s][info][gc,reloc    ] GC(161) Medium Pages: 1 / 16M, Empty: 0M, Relocated: 0M, In-Place: 0
[17.044s][info][gc,reloc    ] GC(161) Large Pages: 0 / 0M, Empty: 0M, Relocated: 0M, In-Place: 0
[17.044s][info][gc,reloc    ] GC(161) Forwarding Usage: 2M
[17.044s][info][gc,heap     ] GC(161) Min Capacity: 8M(2%)
[17.045s][info][gc,heap     ] GC(161) Max Capacity: 512M(100%)
[17.045s][info][gc,heap     ] GC(161) Soft Max Capacity: 512M(100%)
[17.045s][info][gc,heap     ] GC(161)                Mark Start          Mark End        Relocate Start      Relocate End           High               Low         
[17.045s][info][gc,heap     ] GC(161)  Capacity:      512M (100%)        512M (100%)        512M (100%)        512M (100%)        512M (100%)        512M (100%)   
[17.045s][info][gc,heap     ] GC(161)      Free:      206M (40%)         162M (32%)         394M (77%)         414M (81%)         414M (81%)         162M (32%)    
[17.045s][info][gc,heap     ] GC(161)      Used:      306M (60%)         350M (68%)         118M (23%)          98M (19%)         350M (68%)          98M (19%)    
[17.045s][info][gc,heap     ] GC(161)      Live:         -                28M (6%)           28M (6%)           28M (6%)             -                  -          
[17.045s][info][gc,heap     ] GC(161) Allocated:         -                44M (9%)           46M (9%)           47M (9%)             -                  -          
[17.045s][info][gc,heap     ] GC(161)   Garbage:         -               277M (54%)          43M (8%)           21M (4%)             -                  -          
[17.045s][info][gc,heap     ] GC(161) Reclaimed:         -                  -               234M (46%)         255M (50%)            -                  -          
[17.045s][info][gc          ] GC(161) Garbage Collection (Allocation Rate) 306M(60%)->98M(19%)
[17.081s][info][gc,start    ] GC(162) Garbage Collection (Allocation Rate)
[17.081s][info][gc,task     ] GC(162) Using 5 workers
[17.081s][info][gc,phases   ] GC(162) Pause Mark Start 0.011ms
[17.128s][info][gc,phases   ] GC(162) Concurrent Mark 46.511ms
[17.128s][info][gc,phases   ] GC(162) Pause Mark End 0.011ms
[17.128s][info][gc,phases   ] GC(162) Concurrent Mark Free 0.002ms
[17.129s][info][gc,phases   ] GC(162) Concurrent Process Non-Strong References 0.738ms
[17.129s][info][gc,phases   ] GC(162) Concurrent Reset Relocation Set 0.004ms
[17.133s][info][gc,phases   ] GC(162) Concurrent Select Relocation Set 4.365ms
[17.133s][info][gc,phases   ] GC(162) Pause Relocate Start 0.005ms
[17.137s][info][gc,phases   ] GC(162) Concurrent Relocate 3.484ms
[17.137s][info][gc,load     ] GC(162) Load: 0.00/0.00/0.00
[17.137s][info][gc,mmu      ] GC(162) MMU: 2ms/98.6%, 5ms/99.5%, 10ms/99.7%, 20ms/99.8%, 50ms/99.9%, 100ms/99.9%
[17.137s][info][gc,marking  ] GC(162) Mark: 4 stripe(s), 3 proactive flush(es), 1 terminate flush(es), 0 completion(s), 0 continuation(s) 
[17.137s][info][gc,marking  ] GC(162) Mark Stack Usage: 32M
[17.137s][info][gc,nmethod  ] GC(162) NMethods: 1346 registered, 46 unregistered
[17.137s][info][gc,metaspace] GC(162) Metaspace: 8M used, 8M committed, 1088M reserved
[17.137s][info][gc,ref      ] GC(162) Soft: 174 encountered, 0 discovered, 0 enqueued
[17.137s][info][gc,ref      ] GC(162) Weak: 570 encountered, 228 discovered, 0 enqueued
[17.137s][info][gc,ref      ] GC(162) Final: 0 encountered, 0 discovered, 0 enqueued
[17.137s][info][gc,ref      ] GC(162) Phantom: 21 encountered, 13 discovered, 0 enqueued
[17.137s][info][gc,reloc    ] GC(162) Small Pages: 38 / 76M, Empty: 28M, Relocated: 3M, In-Place: 0
[17.137s][info][gc,reloc    ] GC(162) Medium Pages: 2 / 32M, Empty: 0M, Relocated: 1M, In-Place: 0
[17.137s][info][gc,reloc    ] GC(162) Large Pages: 1 / 4M, Empty: 0M, Relocated: 0M, In-Place: 0
[17.137s][info][gc,reloc    ] GC(162) Forwarding Usage: 1M
[17.137s][info][gc,heap     ] GC(162) Min Capacity: 8M(2%)
[17.137s][info][gc,heap     ] GC(162) Max Capacity: 512M(100%)
[17.137s][info][gc,heap     ] GC(162) Soft Max Capacity: 512M(100%)
[17.137s][info][gc,heap     ] GC(162)                Mark Start          Mark End        Relocate Start      Relocate End           High               Low         
[17.137s][info][gc,heap     ] GC(162)  Capacity:      512M (100%)        512M (100%)        512M (100%)        512M (100%)        512M (100%)        512M (100%)   
[17.137s][info][gc,heap     ] GC(162)      Free:      400M (78%)         366M (71%)         390M (76%)         408M (80%)         408M (80%)         362M (71%)    
[17.137s][info][gc,heap     ] GC(162)      Used:      112M (22%)         146M (29%)         122M (24%)         104M (20%)         150M (29%)         104M (20%)    
[17.137s][info][gc,heap     ] GC(162)      Live:         -                41M (8%)           41M (8%)           41M (8%)             -                  -          
[17.137s][info][gc,heap     ] GC(162) Allocated:         -                34M (7%)           38M (7%)           38M (7%)             -                  -          
[17.137s][info][gc,heap     ] GC(162)   Garbage:         -                70M (14%)          42M (8%)           24M (5%)             -                  -          
[17.138s][info][gc,heap     ] GC(162) Reclaimed:         -                  -                28M (5%)           46M (9%)             -                  -          
[17.138s][info][gc          ] GC(162) Garbage Collection (Allocation Rate) 112M(22%)->104M(20%)
[17.190s][info][gc,start    ] GC(163) Garbage Collection (Allocation Rate)
[17.190s][info][gc,task     ] GC(163) Using 5 workers
[17.190s][info][gc,phases   ] GC(163) Pause Mark Start 0.012ms
[17.237s][info][gc,phases   ] GC(163) Concurrent Mark 46.598ms
[17.237s][info][gc,phases   ] GC(163) Pause Mark End 0.011ms
[17.237s][info][gc,phases   ] GC(163) Concurrent Mark Free 0.001ms
[17.238s][info][gc,phases   ] GC(163) Concurrent Process Non-Strong References 0.835ms
[17.238s][info][gc,phases   ] GC(163) Concurrent Reset Relocation Set 0.002ms
[17.244s][info][gc,phases   ] GC(163) Concurrent Select Relocation Set 6.060ms
[17.244s][info][gc,phases   ] GC(163) Pause Relocate Start 0.007ms
[17.248s][info][gc,phases   ] GC(163) Concurrent Relocate 4.149ms
[17.249s][info][gc,load     ] GC(163) Load: 0.00/0.00/0.00
[17.249s][info][gc,mmu      ] GC(163) MMU: 2ms/98.6%, 5ms/99.5%, 10ms/99.7%, 20ms/99.8%, 50ms/99.9%, 100ms/99.9%
[17.249s][info][gc,marking  ] GC(163) Mark: 4 stripe(s), 2 proactive flush(es), 1 terminate flush(es), 0 completion(s), 0 continuation(s) 
[17.249s][info][gc,marking  ] GC(163) Mark Stack Usage: 32M
[17.249s][info][gc,nmethod  ] GC(163) NMethods: 1346 registered, 46 unregistered
[17.249s][info][gc,metaspace] GC(163) Metaspace: 8M used, 8M committed, 1088M reserved
[17.249s][info][gc,ref      ] GC(163) Soft: 174 encountered, 0 discovered, 0 enqueued
[17.249s][info][gc,ref      ] GC(163) Weak: 570 encountered, 240 discovered, 0 enqueued
[17.249s][info][gc,ref      ] GC(163) Final: 0 encountered, 0 discovered, 0 enqueued
[17.249s][info][gc,ref      ] GC(163) Phantom: 21 encountered, 18 discovered, 0 enqueued
[17.249s][info][gc,reloc    ] GC(163) Small Pages: 38 / 76M, Empty: 22M, Relocated: 6M, In-Place: 0
[17.249s][info][gc,reloc    ] GC(163) Medium Pages: 2 / 32M, Empty: 16M, Relocated: 0M, In-Place: 0
[17.249s][info][gc,reloc    ] GC(163) Large Pages: 4 / 16M, Empty: 8M, Relocated: 0M, In-Place: 0
[17.249s][info][gc,reloc    ] GC(163) Forwarding Usage: 3M
[17.249s][info][gc,heap     ] GC(163) Min Capacity: 8M(2%)
[17.249s][info][gc,heap     ] GC(163) Max Capacity: 512M(100%)
[17.249s][info][gc,heap     ] GC(163) Soft Max Capacity: 512M(100%)
[17.249s][info][gc,heap     ] GC(163)                Mark Start          Mark End        Relocate Start      Relocate End           High               Low         
[17.249s][info][gc,heap     ] GC(163)  Capacity:      512M (100%)        512M (100%)        512M (100%)        512M (100%)        512M (100%)        512M (100%)   
[17.249s][info][gc,heap     ] GC(163)      Free:      388M (76%)         358M (70%)         404M (79%)         406M (79%)         406M (79%)         358M (70%)    
[17.249s][info][gc,heap     ] GC(163)      Used:      124M (24%)         154M (30%)         108M (21%)         106M (21%)         154M (30%)         106M (21%)    
[17.249s][info][gc,heap     ] GC(163)      Live:         -                49M (10%)          49M (10%)          49M (10%)            -                  -          
[17.249s][info][gc,heap     ] GC(163) Allocated:         -                30M (6%)           30M (6%)           29M (6%)             -                  -          
[17.249s][info][gc,heap     ] GC(163)   Garbage:         -                74M (15%)          28M (6%)           26M (5%)             -                  -          
[17.249s][info][gc,heap     ] GC(163) Reclaimed:         -                  -                46M (9%)           47M (9%)             -                  -          
[17.249s][info][gc          ] GC(163) Garbage Collection (Allocation Rate) 124M(24%)->106M(21%)
[17.284s][info][gc,start    ] GC(164) Garbage Collection (Allocation Rate)
[17.284s][info][gc,task     ] GC(164) Using 5 workers
[17.284s][info][gc,phases   ] GC(164) Pause Mark Start 0.010ms
[17.315s][info][gc,phases   ] GC(164) Concurrent Mark 30.970ms
[17.315s][info][gc,phases   ] GC(164) Pause Mark End 0.012ms
[17.315s][info][gc,phases   ] GC(164) Concurrent Mark Free 0.001ms
[17.316s][info][gc,phases   ] GC(164) Concurrent Process Non-Strong References 0.843ms
[17.316s][info][gc,phases   ] GC(164) Concurrent Reset Relocation Set 0.002ms
[17.320s][info][gc,phases   ] GC(164) Concurrent Select Relocation Set 3.902ms
[17.320s][info][gc,phases   ] GC(164) Pause Relocate Start 0.005ms
[17.323s][info][gc,phases   ] GC(164) Concurrent Relocate 2.994ms
[17.323s][info][gc,load     ] GC(164) Load: 0.00/0.00/0.00
[17.323s][info][gc,mmu      ] GC(164) MMU: 2ms/98.6%, 5ms/99.5%, 10ms/99.7%, 20ms/99.8%, 50ms/99.9%, 100ms/99.9%
[17.323s][info][gc,marking  ] GC(164) Mark: 4 stripe(s), 3 proactive flush(es), 1 terminate flush(es), 0 completion(s), 0 continuation(s) 
[17.323s][info][gc,marking  ] GC(164) Mark Stack Usage: 32M
[17.323s][info][gc,nmethod  ] GC(164) NMethods: 1346 registered, 46 unregistered
[17.323s][info][gc,metaspace] GC(164) Metaspace: 8M used, 8M committed, 1088M reserved
[17.323s][info][gc,ref      ] GC(164) Soft: 174 encountered, 0 discovered, 0 enqueued
[17.323s][info][gc,ref      ] GC(164) Weak: 570 encountered, 221 discovered, 0 enqueued
[17.323s][info][gc,ref      ] GC(164) Final: 0 encountered, 0 discovered, 0 enqueued
[17.324s][info][gc,ref      ] GC(164) Phantom: 21 encountered, 18 discovered, 0 enqueued
[17.324s][info][gc,reloc    ] GC(164) Small Pages: 31 / 62M, Empty: 24M, Relocated: 2M, In-Place: 0
[17.324s][info][gc,reloc    ] GC(164) Medium Pages: 2 / 32M, Empty: 16M, Relocated: 0M, In-Place: 0
[17.324s][info][gc,reloc    ] GC(164) Large Pages: 3 / 12M, Empty: 8M, Relocated: 0M, In-Place: 0
[17.324s][info][gc,reloc    ] GC(164) Forwarding Usage: 1M
[17.324s][info][gc,heap     ] GC(164) Min Capacity: 8M(2%)
[17.324s][info][gc,heap     ] GC(164) Max Capacity: 512M(100%)
[17.324s][info][gc,heap     ] GC(164) Soft Max Capacity: 512M(100%)
[17.324s][info][gc,heap     ] GC(164)                Mark Start          Mark End        Relocate Start      Relocate End           High               Low         
[17.324s][info][gc,heap     ] GC(164)  Capacity:      512M (100%)        512M (100%)        512M (100%)        512M (100%)        512M (100%)        512M (100%)   
[17.324s][info][gc,heap     ] GC(164)      Free:      406M (79%)         390M (76%)         438M (86%)         436M (85%)         438M (86%)         390M (76%)    
[17.324s][info][gc,heap     ] GC(164)      Used:      106M (21%)         122M (24%)          74M (14%)          76M (15%)         122M (24%)          74M (14%)    
[17.324s][info][gc,heap     ] GC(164)      Live:         -                32M (6%)           32M (6%)           32M (6%)             -                  -          
[17.324s][info][gc,heap     ] GC(164) Allocated:         -                16M (3%)           16M (3%)           17M (4%)             -                  -          
[17.324s][info][gc,heap     ] GC(164)   Garbage:         -                73M (14%)          25M (5%)           25M (5%)             -                  -          
[17.324s][info][gc,heap     ] GC(164) Reclaimed:         -                  -                48M (9%)           47M (9%)             -                  -          
[17.324s][info][gc          ] GC(164) Garbage Collection (Allocation Rate) 106M(21%)->76M(15%)
[17.393s][info][gc,start    ] GC(165) Garbage Collection (Allocation Rate)
[17.393s][info][gc,task     ] GC(165) Using 5 workers
[17.393s][info][gc,phases   ] GC(165) Pause Mark Start 0.013ms
[17.424s][info][gc,phases   ] GC(165) Concurrent Mark 30.913ms
[17.425s][info][gc,phases   ] GC(165) Pause Mark End 0.014ms
[17.425s][info][gc,phases   ] GC(165) Concurrent Mark Free 0.001ms
[17.425s][info][gc,phases   ] GC(165) Concurrent Process Non-Strong References 0.656ms
[17.425s][info][gc,phases   ] GC(165) Concurrent Reset Relocation Set 0.002ms
[17.431s][info][gc,phases   ] GC(165) Concurrent Select Relocation Set 5.466ms
[17.431s][info][gc,phases   ] GC(165) Pause Relocate Start 0.005ms
[17.435s][info][gc,phases   ] GC(165) Concurrent Relocate 3.724ms
[17.435s][info][gc,load     ] GC(165) Load: 0.00/0.00/0.00
[17.435s][info][gc,mmu      ] GC(165) MMU: 2ms/98.6%, 5ms/99.5%, 10ms/99.7%, 20ms/99.8%, 50ms/99.9%, 100ms/99.9%
[17.435s][info][gc,marking  ] GC(165) Mark: 4 stripe(s), 2 proactive flush(es), 1 terminate flush(es), 0 completion(s), 0 continuation(s) 
[17.435s][info][gc,marking  ] GC(165) Mark Stack Usage: 32M
[17.435s][info][gc,nmethod  ] GC(165) NMethods: 1346 registered, 46 unregistered
[17.435s][info][gc,metaspace] GC(165) Metaspace: 8M used, 8M committed, 1088M reserved
[17.435s][info][gc,ref      ] GC(165) Soft: 174 encountered, 0 discovered, 0 enqueued
[17.435s][info][gc,ref      ] GC(165) Weak: 570 encountered, 304 discovered, 0 enqueued
[17.435s][info][gc,ref      ] GC(165) Final: 0 encountered, 0 discovered, 0 enqueued
[17.435s][info][gc,ref      ] GC(165) Phantom: 21 encountered, 14 discovered, 0 enqueued
[17.435s][info][gc,reloc    ] GC(165) Small Pages: 20 / 40M, Empty: 0M, Relocated: 2M, In-Place: 0
[17.435s][info][gc,reloc    ] GC(165) Medium Pages: 2 / 32M, Empty: 0M, Relocated: 1M, In-Place: 0
[17.435s][info][gc,reloc    ] GC(165) Large Pages: 1 / 4M, Empty: 0M, Relocated: 0M, In-Place: 0
[17.435s][info][gc,reloc    ] GC(165) Forwarding Usage: 1M
[17.435s][info][gc,heap     ] GC(165) Min Capacity: 8M(2%)
[17.435s][info][gc,heap     ] GC(165) Max Capacity: 512M(100%)
[17.435s][info][gc,heap     ] GC(165) Soft Max Capacity: 512M(100%)
[17.435s][info][gc,heap     ] GC(165)                Mark Start          Mark End        Relocate Start      Relocate End           High               Low         
[17.435s][info][gc,heap     ] GC(165)  Capacity:      512M (100%)        512M (100%)        512M (100%)        512M (100%)        512M (100%)        512M (100%)   
[17.435s][info][gc,heap     ] GC(165)      Free:      436M (85%)         412M (80%)         408M (80%)         426M (83%)         436M (85%)         386M (75%)    
[17.435s][info][gc,heap     ] GC(165)      Used:       76M (15%)         100M (20%)         104M (20%)          86M (17%)         126M (25%)          76M (15%)    
[17.435s][info][gc,heap     ] GC(165)      Live:         -                32M (6%)           32M (6%)           32M (6%)             -                  -          
[17.435s][info][gc,heap     ] GC(165) Allocated:         -                24M (5%)           28M (5%)           29M (6%)             -                  -          
[17.435s][info][gc,heap     ] GC(165)   Garbage:         -                43M (8%)           43M (8%)           23M (5%)             -                  -          
[17.435s][info][gc,heap     ] GC(165) Reclaimed:         -                  -                 0M (0%)           19M (4%)             -                  -          
[17.435s][info][gc          ] GC(165) Garbage Collection (Allocation Rate) 76M(15%)->86M(17%)
[17.487s][info][gc,start    ] GC(166) Garbage Collection (Allocation Rate)
[17.487s][info][gc,task     ] GC(166) Using 5 workers
[17.487s][info][gc,phases   ] GC(166) Pause Mark Start 0.011ms
[17.534s][info][gc,phases   ] GC(166) Concurrent Mark 46.681ms
[17.534s][info][gc,phases   ] GC(166) Pause Mark End 0.016ms
[17.534s][info][gc,phases   ] GC(166) Concurrent Mark Free 0.001ms
[17.535s][info][gc,phases   ] GC(166) Concurrent Process Non-Strong References 1.079ms
[17.535s][info][gc,phases   ] GC(166) Concurrent Reset Relocation Set 0.002ms
[17.539s][info][gc,phases   ] GC(166) Concurrent Select Relocation Set 3.691ms
[17.539s][info][gc,phases   ] GC(166) Pause Relocate Start 0.009ms
[17.541s][info][gc,phases   ] GC(166) Concurrent Relocate 2.282ms
[17.541s][info][gc,load     ] GC(166) Load: 0.00/0.00/0.00
[17.541s][info][gc,mmu      ] GC(166) MMU: 2ms/98.6%, 5ms/99.5%, 10ms/99.7%, 20ms/99.8%, 50ms/99.9%, 100ms/99.9%
[17.542s][info][gc,marking  ] GC(166) Mark: 4 stripe(s), 3 proactive flush(es), 1 terminate flush(es), 0 completion(s), 0 continuation(s) 
[17.542s][info][gc,marking  ] GC(166) Mark Stack Usage: 32M
[17.542s][info][gc,nmethod  ] GC(166) NMethods: 1348 registered, 46 unregistered
[17.542s][info][gc,metaspace] GC(166) Metaspace: 8M used, 8M committed, 1088M reserved
[17.542s][info][gc,ref      ] GC(166) Soft: 174 encountered, 0 discovered, 0 enqueued
[17.542s][info][gc,ref      ] GC(166) Weak: 570 encountered, 343 discovered, 0 enqueued
[17.542s][info][gc,ref      ] GC(166) Final: 0 encountered, 0 discovered, 0 enqueued
[17.542s][info][gc,ref      ] GC(166) Phantom: 21 encountered, 14 discovered, 0 enqueued
[17.542s][info][gc,reloc    ] GC(166) Small Pages: 43 / 86M, Empty: 44M, Relocated: 1M, In-Place: 0
[17.542s][info][gc,reloc    ] GC(166) Medium Pages: 2 / 32M, Empty: 16M, Relocated: 0M, In-Place: 0
[17.542s][info][gc,reloc    ] GC(166) Large Pages: 1 / 4M, Empty: 0M, Relocated: 0M, In-Place: 0
[17.542s][info][gc,reloc    ] GC(166) Forwarding Usage: 0M
[17.542s][info][gc,heap     ] GC(166) Min Capacity: 8M(2%)
[17.542s][info][gc,heap     ] GC(166) Max Capacity: 512M(100%)
[17.542s][info][gc,heap     ] GC(166) Soft Max Capacity: 512M(100%)
[17.542s][info][gc,heap     ] GC(166)                Mark Start          Mark End        Relocate Start      Relocate End           High               Low         
[17.542s][info][gc,heap     ] GC(166)  Capacity:      512M (100%)        512M (100%)        512M (100%)        512M (100%)        512M (100%)        512M (100%)   
[17.542s][info][gc,heap     ] GC(166)      Free:      390M (76%)         386M (75%)         446M (87%)         446M (87%)         446M (87%)         386M (75%)    
[17.542s][info][gc,heap     ] GC(166)      Used:      122M (24%)         126M (25%)          66M (13%)          66M (13%)         126M (25%)          66M (13%)    
[17.542s][info][gc,heap     ] GC(166)      Live:         -                32M (6%)           32M (6%)           32M (6%)             -                  -          
[17.542s][info][gc,heap     ] GC(166) Allocated:         -                 4M (1%)            4M (1%)            4M (1%)             -                  -          
[17.542s][info][gc,heap     ] GC(166)   Garbage:         -                89M (17%)          29M (6%)           29M (6%)             -                  -          
[17.542s][info][gc,heap     ] GC(166) Reclaimed:         -                  -                60M (12%)          60M (12%)            -                  -          
[17.542s][info][gc          ] GC(166) Garbage Collection (Allocation Rate) 122M(24%)->66M(13%)
[17.542s][info][gc,start    ] GC(167) Garbage Collection (System.gc())
[17.542s][info][gc,task     ] GC(167) Using 5 workers
[17.542s][info][gc,phases   ] GC(167) Pause Mark Start 0.008ms
[17.549s][info][gc,phases   ] GC(167) Concurrent Mark 6.956ms
[17.549s][info][gc,phases   ] GC(167) Pause Mark End 0.008ms
[17.550s][info][gc,phases   ] GC(167) Concurrent Mark Free 0.001ms
[17.550s][info][gc,phases   ] GC(167) Concurrent Process Non-Strong References 0.901ms
[17.550s][info][gc,phases   ] GC(167) Concurrent Reset Relocation Set 0.001ms
[17.553s][info][gc,phases   ] GC(167) Concurrent Select Relocation Set 2.754ms
[17.553s][info][gc,phases   ] GC(167) Pause Relocate Start 0.003ms
[17.556s][info][gc,phases   ] GC(167) Concurrent Relocate 2.268ms
[17.556s][info][gc,load     ] GC(167) Load: 0.00/0.00/0.00
[17.556s][info][gc,mmu      ] GC(167) MMU: 2ms/98.6%, 5ms/99.5%, 10ms/99.7%, 20ms/99.8%, 50ms/99.9%, 100ms/99.9%
[17.556s][info][gc,marking  ] GC(167) Mark: 4 stripe(s), 1 proactive flush(es), 1 terminate flush(es), 0 completion(s), 0 continuation(s) 
[17.556s][info][gc,marking  ] GC(167) Mark Stack Usage: 32M
[17.556s][info][gc,nmethod  ] GC(167) NMethods: 1348 registered, 46 unregistered
[17.556s][info][gc,metaspace] GC(167) Metaspace: 8M used, 8M committed, 1088M reserved
[17.556s][info][gc,ref      ] GC(167) Soft: 174 encountered, 0 discovered, 0 enqueued
[17.556s][info][gc,ref      ] GC(167) Weak: 570 encountered, 88 discovered, 0 enqueued
[17.556s][info][gc,ref      ] GC(167) Final: 0 encountered, 0 discovered, 0 enqueued
[17.556s][info][gc,ref      ] GC(167) Phantom: 21 encountered, 18 discovered, 0 enqueued
[17.556s][info][gc,reloc    ] GC(167) Small Pages: 23 / 46M, Empty: 34M, Relocated: 1M, In-Place: 0
[17.556s][info][gc,reloc    ] GC(167) Medium Pages: 1 / 16M, Empty: 16M, Relocated: 0M, In-Place: 0
[17.556s][info][gc,reloc    ] GC(167) Large Pages: 1 / 4M, Empty: 4M, Relocated: 0M, In-Place: 0
[17.556s][info][gc,reloc    ] GC(167) Forwarding Usage: 0M
[17.556s][info][gc,heap     ] GC(167) Min Capacity: 8M(2%)
[17.556s][info][gc,heap     ] GC(167) Max Capacity: 512M(100%)
[17.556s][info][gc,heap     ] GC(167) Soft Max Capacity: 512M(100%)
[17.556s][info][gc,heap     ] GC(167)                Mark Start          Mark End        Relocate Start      Relocate End           High               Low         
[17.556s][info][gc,heap     ] GC(167)  Capacity:      512M (100%)        512M (100%)        512M (100%)        512M (100%)        512M (100%)        512M (100%)   
[17.556s][info][gc,heap     ] GC(167)      Free:      446M (87%)         446M (87%)         500M (98%)         500M (98%)         500M (98%)         446M (87%)    
[17.556s][info][gc,heap     ] GC(167)      Used:       66M (13%)          66M (13%)          12M (2%)           12M (2%)           66M (13%)          12M (2%)     
[17.556s][info][gc,heap     ] GC(167)      Live:         -                 4M (1%)            4M (1%)            4M (1%)             -                  -          
[17.556s][info][gc,heap     ] GC(167) Allocated:         -                 0M (0%)            0M (0%)            0M (0%)             -                  -          
[17.556s][info][gc,heap     ] GC(167)   Garbage:         -                61M (12%)           7M (1%)            7M (1%)             -                  -          
[17.556s][info][gc,heap     ] GC(167) Reclaimed:         -                  -                54M (11%)          54M (11%)            -                  -          
[17.556s][info][gc          ] GC(167) Garbage Collection (System.gc()) 66M(13%)->12M(2%)
[17.588s][info][gc,start    ] GC(168) Garbage Collection (Allocation Rate)
[17.588s][info][gc,task     ] GC(168) Using 5 workers
[17.588s][info][gc,phases   ] GC(168) Pause Mark Start 0.009ms
[17.603s][info][gc,phases   ] GC(168) Concurrent Mark 15.359ms
[17.603s][info][gc,phases   ] GC(168) Pause Mark End 0.012ms
[17.603s][info][gc,phases   ] GC(168) Concurrent Mark Free 0.001ms
[17.605s][info][gc,phases   ] GC(168) Concurrent Process Non-Strong References 1.158ms
[17.605s][info][gc,phases   ] GC(168) Concurrent Reset Relocation Set 0.001ms
[17.610s][info][gc,phases   ] GC(168) Concurrent Select Relocation Set 5.086ms
[17.610s][info][gc,phases   ] GC(168) Pause Relocate Start 0.006ms
[17.612s][info][gc,phases   ] GC(168) Concurrent Relocate 2.468ms
[17.612s][info][gc,load     ] GC(168) Load: 0.00/0.00/0.00
[17.612s][info][gc,mmu      ] GC(168) MMU: 2ms/98.6%, 5ms/99.5%, 10ms/99.7%, 20ms/99.8%, 50ms/99.9%, 100ms/99.9%
[17.612s][info][gc,marking  ] GC(168) Mark: 4 stripe(s), 2 proactive flush(es), 1 terminate flush(es), 0 completion(s), 0 continuation(s) 
[17.613s][info][gc,marking  ] GC(168) Mark Stack Usage: 32M
[17.613s][info][gc,nmethod  ] GC(168) NMethods: 1351 registered, 46 unregistered
[17.613s][info][gc,metaspace] GC(168) Metaspace: 8M used, 8M committed, 1088M reserved
[17.613s][info][gc,ref      ] GC(168) Soft: 174 encountered, 0 discovered, 0 enqueued
[17.613s][info][gc,ref      ] GC(168) Weak: 570 encountered, 185 discovered, 0 enqueued
[17.613s][info][gc,ref      ] GC(168) Final: 0 encountered, 0 discovered, 0 enqueued
[17.613s][info][gc,ref      ] GC(168) Phantom: 21 encountered, 18 discovered, 0 enqueued
[17.613s][info][gc,reloc    ] GC(168) Small Pages: 32 / 64M, Empty: 40M, Relocated: 3M, In-Place: 0
[17.613s][info][gc,reloc    ] GC(168) Medium Pages: 0 / 0M, Empty: 0M, Relocated: 0M, In-Place: 0
[17.613s][info][gc,reloc    ] GC(168) Large Pages: 0 / 0M, Empty: 0M, Relocated: 0M, In-Place: 0
[17.613s][info][gc,reloc    ] GC(168) Forwarding Usage: 1M
[17.613s][info][gc,heap     ] GC(168) Min Capacity: 8M(2%)
[17.613s][info][gc,heap     ] GC(168) Max Capacity: 512M(100%)
[17.613s][info][gc,heap     ] GC(168) Soft Max Capacity: 512M(100%)
[17.613s][info][gc,heap     ] GC(168)                Mark Start          Mark End        Relocate Start      Relocate End           High               Low         
[17.613s][info][gc,heap     ] GC(168)  Capacity:      512M (100%)        512M (100%)        512M (100%)        512M (100%)        512M (100%)        512M (100%)   
[17.613s][info][gc,heap     ] GC(168)      Free:      448M (88%)         408M (80%)         430M (84%)         436M (85%)         448M (88%)         394M (77%)    
[17.613s][info][gc,heap     ] GC(168)      Used:       64M (13%)         104M (20%)          82M (16%)          76M (15%)         118M (23%)          64M (13%)    
[17.613s][info][gc,heap     ] GC(168)      Live:         -                 4M (1%)            4M (1%)            4M (1%)             -                  -          
[17.613s][info][gc,heap     ] GC(168) Allocated:         -                40M (8%)           58M (11%)          63M (12%)            -                  -          
[17.613s][info][gc,heap     ] GC(168)   Garbage:         -                59M (12%)          19M (4%)            7M (1%)             -                  -          
[17.613s][info][gc,heap     ] GC(168) Reclaimed:         -                  -                40M (8%)           51M (10%)            -                  -          
[17.613s][info][gc          ] GC(168) Garbage Collection (Allocation Rate) 64M(13%)->76M(15%)
[17.681s][info][gc,start    ] GC(169) Garbage Collection (Allocation Rate)
[17.681s][info][gc,task     ] GC(169) Using 5 workers
[17.681s][info][gc,phases   ] GC(169) Pause Mark Start 0.012ms
[17.697s][info][gc,phases   ] GC(169) Concurrent Mark 15.440ms
[17.697s][info][gc,phases   ] GC(169) Pause Mark End 0.012ms
[17.697s][info][gc,phases   ] GC(169) Concurrent Mark Free 0.001ms
[17.698s][info][gc,phases   ] GC(169) Concurrent Process Non-Strong References 1.211ms
[17.698s][info][gc,phases   ] GC(169) Concurrent Reset Relocation Set 0.002ms
[17.702s][info][gc,phases   ] GC(169) Concurrent Select Relocation Set 3.700ms
[17.702s][info][gc,phases   ] GC(169) Pause Relocate Start 0.006ms
[17.704s][info][gc,phases   ] GC(169) Concurrent Relocate 1.984ms
[17.704s][info][gc,load     ] GC(169) Load: 0.00/0.00/0.00
[17.704s][info][gc,mmu      ] GC(169) MMU: 2ms/98.6%, 5ms/99.5%, 10ms/99.7%, 20ms/99.8%, 50ms/99.9%, 100ms/99.9%
[17.704s][info][gc,marking  ] GC(169) Mark: 4 stripe(s), 2 proactive flush(es), 1 terminate flush(es), 0 completion(s), 0 continuation(s) 
[17.704s][info][gc,marking  ] GC(169) Mark Stack Usage: 32M
[17.704s][info][gc,nmethod  ] GC(169) NMethods: 1351 registered, 46 unregistered
[17.704s][info][gc,metaspace] GC(169) Metaspace: 8M used, 8M committed, 1088M reserved
[17.704s][info][gc,ref      ] GC(169) Soft: 174 encountered, 0 discovered, 0 enqueued
[17.705s][info][gc,ref      ] GC(169) Weak: 570 encountered, 3 discovered, 0 enqueued
[17.705s][info][gc,ref      ] GC(169) Final: 0 encountered, 0 discovered, 0 enqueued
[17.705s][info][gc,ref      ] GC(169) Phantom: 21 encountered, 16 discovered, 0 enqueued
[17.705s][info][gc,reloc    ] GC(169) Small Pages: 132 / 264M, Empty: 244M, Relocated: 1M, In-Place: 0
[17.705s][info][gc,reloc    ] GC(169) Medium Pages: 0 / 0M, Empty: 0M, Relocated: 0M, In-Place: 0
[17.705s][info][gc,reloc    ] GC(169) Large Pages: 0 / 0M, Empty: 0M, Relocated: 0M, In-Place: 0
[17.705s][info][gc,reloc    ] GC(169) Forwarding Usage: 0M
[17.705s][info][gc,heap     ] GC(169) Min Capacity: 8M(2%)
[17.705s][info][gc,heap     ] GC(169) Max Capacity: 512M(100%)
[17.705s][info][gc,heap     ] GC(169) Soft Max Capacity: 512M(100%)
[17.705s][info][gc,heap     ] GC(169)                Mark Start          Mark End        Relocate Start      Relocate End           High               Low         
[17.705s][info][gc,heap     ] GC(169)  Capacity:      512M (100%)        512M (100%)        512M (100%)        512M (100%)        512M (100%)        512M (100%)   
[17.705s][info][gc,heap     ] GC(169)      Free:      248M (48%)         208M (41%)         436M (85%)         436M (85%)         438M (86%)         204M (40%)    
[17.705s][info][gc,heap     ] GC(169)      Used:      264M (52%)         304M (59%)          76M (15%)          76M (15%)         308M (60%)          74M (14%)    
[17.705s][info][gc,heap     ] GC(169)      Live:         -                 5M (1%)            5M (1%)            5M (1%)             -                  -          
[17.705s][info][gc,heap     ] GC(169) Allocated:         -                40M (8%)           56M (11%)          59M (12%)            -                  -          
[17.705s][info][gc,heap     ] GC(169)   Garbage:         -               258M (51%)          14M (3%)           10M (2%)             -                  -          
[17.705s][info][gc,heap     ] GC(169) Reclaimed:         -                  -               244M (48%)         247M (48%)            -                  -          
[17.705s][info][gc          ] GC(169) Garbage Collection (Allocation Rate) 264M(52%)->76M(15%)
[17.780s][info][gc,start    ] GC(170) Garbage Collection (Allocation Rate)
[17.780s][info][gc,task     ] GC(170) Using 5 workers
[17.780s][info][gc,phases   ] GC(170) Pause Mark Start 0.010ms
[17.789s][info][gc,phases   ] GC(170) Concurrent Mark 8.729ms
[17.789s][info][gc,phases   ] GC(170) Pause Mark End 0.013ms
[17.789s][info][gc,phases   ] GC(170) Concurrent Mark Free 0.001ms
[17.790s][info][gc,phases   ] GC(170) Concurrent Process Non-Strong References 1.089ms
[17.790s][info][gc,phases   ] GC(170) Concurrent Reset Relocation Set 0.002ms
[17.795s][info][gc,phases   ] GC(170) Concurrent Select Relocation Set 5.046ms
[17.795s][info][gc,phases   ] GC(170) Pause Relocate Start 0.006ms
[17.798s][info][gc,phases   ] GC(170) Concurrent Relocate 2.936ms
[17.798s][info][gc,load     ] GC(170) Load: 0.00/0.00/0.00
[17.798s][info][gc,mmu      ] GC(170) MMU: 2ms/98.6%, 5ms/99.5%, 10ms/99.7%, 20ms/99.8%, 50ms/99.9%, 100ms/99.9%
[17.799s][info][gc,marking  ] GC(170) Mark: 4 stripe(s), 2 proactive flush(es), 1 terminate flush(es), 0 completion(s), 0 continuation(s) 
[17.799s][info][gc,marking  ] GC(170) Mark Stack Usage: 32M
[17.799s][info][gc,nmethod  ] GC(170) NMethods: 1351 registered, 46 unregistered
[17.799s][info][gc,metaspace] GC(170) Metaspace: 8M used, 8M committed, 1088M reserved
[17.799s][info][gc,ref      ] GC(170) Soft: 174 encountered, 0 discovered, 0 enqueued
[17.799s][info][gc,ref      ] GC(170) Weak: 570 encountered, 15 discovered, 0 enqueued
[17.799s][info][gc,ref      ] GC(170) Final: 0 encountered, 0 discovered, 0 enqueued
[17.799s][info][gc,ref      ] GC(170) Phantom: 21 encountered, 11 discovered, 0 enqueued
[17.799s][info][gc,reloc    ] GC(170) Small Pages: 140 / 280M, Empty: 254M, Relocated: 3M, In-Place: 0
[17.799s][info][gc,reloc    ] GC(170) Medium Pages: 0 / 0M, Empty: 0M, Relocated: 0M, In-Place: 0
[17.799s][info][gc,reloc    ] GC(170) Large Pages: 0 / 0M, Empty: 0M, Relocated: 0M, In-Place: 0
[17.799s][info][gc,reloc    ] GC(170) Forwarding Usage: 1M
[17.799s][info][gc,heap     ] GC(170) Min Capacity: 8M(2%)
[17.799s][info][gc,heap     ] GC(170) Max Capacity: 512M(100%)
[17.799s][info][gc,heap     ] GC(170) Soft Max Capacity: 512M(100%)
[17.799s][info][gc,heap     ] GC(170)                Mark Start          Mark End        Relocate Start      Relocate End           High               Low         
[17.799s][info][gc,heap     ] GC(170)  Capacity:      512M (100%)        512M (100%)        512M (100%)        512M (100%)        512M (100%)        512M (100%)   
[17.799s][info][gc,heap     ] GC(170)      Free:      232M (45%)         210M (41%)         450M (88%)         454M (89%)         456M (89%)         206M (40%)    
[17.799s][info][gc,heap     ] GC(170)      Used:      280M (55%)         302M (59%)          62M (12%)          58M (11%)         306M (60%)          56M (11%)    
[17.799s][info][gc,heap     ] GC(170)      Live:         -                 5M (1%)            5M (1%)            5M (1%)             -                  -          
[17.799s][info][gc,heap     ] GC(170) Allocated:         -                22M (4%)           36M (7%)           43M (9%)             -                  -          
[17.799s][info][gc,heap     ] GC(170)   Garbage:         -               274M (54%)          20M (4%)            8M (2%)             -                  -          
[17.799s][info][gc,heap     ] GC(170) Reclaimed:         -                  -               254M (50%)         265M (52%)            -                  -          
[17.799s][info][gc          ] GC(170) Garbage Collection (Allocation Rate) 280M(55%)->58M(11%)
[17.881s][info][gc,start    ] GC(171) Garbage Collection (Allocation Rate)
[17.881s][info][gc,task     ] GC(171) Using 5 workers
[17.881s][info][gc,phases   ] GC(171) Pause Mark Start 0.014ms
[17.890s][info][gc,phases   ] GC(171) Concurrent Mark 8.645ms
[17.890s][info][gc,phases   ] GC(171) Pause Mark End 0.012ms
[17.890s][info][gc,phases   ] GC(171) Concurrent Mark Free 0.001ms
[17.891s][info][gc,phases   ] GC(171) Concurrent Process Non-Strong References 1.041ms
[17.891s][info][gc,phases   ] GC(171) Concurrent Reset Relocation Set 0.002ms
[17.897s][info][gc,phases   ] GC(171) Concurrent Select Relocation Set 6.059ms
[17.897s][info][gc,phases   ] GC(171) Pause Relocate Start 0.006ms
[17.901s][info][gc,phases   ] GC(171) Concurrent Relocate 3.943ms
[17.901s][info][gc,load     ] GC(171) Load: 0.00/0.00/0.00
[17.901s][info][gc,mmu      ] GC(171) MMU: 2ms/98.6%, 5ms/99.5%, 10ms/99.7%, 20ms/99.8%, 50ms/99.9%, 100ms/99.9%
[17.901s][info][gc,marking  ] GC(171) Mark: 4 stripe(s), 2 proactive flush(es), 1 terminate flush(es), 0 completion(s), 0 continuation(s) 
[17.901s][info][gc,marking  ] GC(171) Mark Stack Usage: 32M
[17.901s][info][gc,nmethod  ] GC(171) NMethods: 1351 registered, 46 unregistered
[17.901s][info][gc,metaspace] GC(171) Metaspace: 8M used, 8M committed, 1088M reserved
[17.901s][info][gc,ref      ] GC(171) Soft: 174 encountered, 0 discovered, 0 enqueued
[17.901s][info][gc,ref      ] GC(171) Weak: 570 encountered, 2 discovered, 0 enqueued
[17.901s][info][gc,ref      ] GC(171) Final: 0 encountered, 0 discovered, 0 enqueued
[17.902s][info][gc,ref      ] GC(171) Phantom: 21 encountered, 15 discovered, 0 enqueued
[17.902s][info][gc,reloc    ] GC(171) Small Pages: 130 / 260M, Empty: 228M, Relocated: 4M, In-Place: 0
[17.902s][info][gc,reloc    ] GC(171) Medium Pages: 1 / 16M, Empty: 0M, Relocated: 0M, In-Place: 0
[17.902s][info][gc,reloc    ] GC(171) Large Pages: 0 / 0M, Empty: 0M, Relocated: 0M, In-Place: 0
[17.902s][info][gc,reloc    ] GC(171) Forwarding Usage: 2M
[17.902s][info][gc,heap     ] GC(171) Min Capacity: 8M(2%)
[17.902s][info][gc,heap     ] GC(171) Max Capacity: 512M(100%)
[17.902s][info][gc,heap     ] GC(171) Soft Max Capacity: 512M(100%)
[17.902s][info][gc,heap     ] GC(171)                Mark Start          Mark End        Relocate Start      Relocate End           High               Low         
[17.902s][info][gc,heap     ] GC(171)  Capacity:      512M (100%)        512M (100%)        512M (100%)        512M (100%)        512M (100%)        512M (100%)   
[17.902s][info][gc,heap     ] GC(171)      Free:      236M (46%)         214M (42%)         422M (82%)         432M (84%)         432M (84%)         210M (41%)    
[17.902s][info][gc,heap     ] GC(171)      Used:      276M (54%)         298M (58%)          90M (18%)          80M (16%)         302M (59%)          80M (16%)    
[17.902s][info][gc,heap     ] GC(171)      Live:         -                 6M (1%)            6M (1%)            6M (1%)             -                  -          
[17.902s][info][gc,heap     ] GC(171) Allocated:         -                22M (4%)           42M (8%)           51M (10%)            -                  -          
[17.902s][info][gc,heap     ] GC(171)   Garbage:         -               269M (53%)          41M (8%)           21M (4%)             -                  -          
[17.902s][info][gc,heap     ] GC(171) Reclaimed:         -                  -               228M (45%)         247M (48%)            -                  -          
[17.902s][info][gc          ] GC(171) Garbage Collection (Allocation Rate) 276M(54%)->80M(16%)
[17.981s][info][gc,start    ] GC(172) Garbage Collection (Allocation Rate)
[17.981s][info][gc,task     ] GC(172) Using 5 workers
[17.981s][info][gc,phases   ] GC(172) Pause Mark Start 0.010ms
[17.995s][info][gc,phases   ] GC(172) Concurrent Mark 13.774ms
[17.995s][info][gc,phases   ] GC(172) Pause Mark End 0.013ms
[17.995s][info][gc,phases   ] GC(172) Concurrent Mark Free 0.001ms
[17.996s][info][gc,phases   ] GC(172) Concurrent Process Non-Strong References 1.220ms
[17.996s][info][gc,phases   ] GC(172) Concurrent Reset Relocation Set 0.003ms
[18.000s][info][gc,phases   ] GC(172) Concurrent Select Relocation Set 3.926ms
[18.000s][info][gc,phases   ] GC(172) Pause Relocate Start 0.006ms
[18.003s][info][gc,phases   ] GC(172) Concurrent Relocate 2.983ms
[18.003s][info][gc,load     ] GC(172) Load: 0.00/0.00/0.00
[18.003s][info][gc,mmu      ] GC(172) MMU: 2ms/98.6%, 5ms/99.5%, 10ms/99.7%, 20ms/99.8%, 50ms/99.9%, 100ms/99.9%
[18.003s][info][gc,marking  ] GC(172) Mark: 4 stripe(s), 4 proactive flush(es), 1 terminate flush(es), 0 completion(s), 0 continuation(s) 
[18.003s][info][gc,marking  ] GC(172) Mark Stack Usage: 32M
[18.003s][info][gc,nmethod  ] GC(172) NMethods: 1351 registered, 46 unregistered
[18.003s][info][gc,metaspace] GC(172) Metaspace: 8M used, 8M committed, 1088M reserved
[18.003s][info][gc,ref      ] GC(172) Soft: 174 encountered, 0 discovered, 0 enqueued
[18.003s][info][gc,ref      ] GC(172) Weak: 570 encountered, 261 discovered, 0 enqueued
[18.003s][info][gc,ref      ] GC(172) Final: 0 encountered, 0 discovered, 0 enqueued
[18.003s][info][gc,ref      ] GC(172) Phantom: 21 encountered, 18 discovered, 0 enqueued
[18.003s][info][gc,reloc    ] GC(172) Small Pages: 139 / 278M, Empty: 254M, Relocated: 3M, In-Place: 0
[18.004s][info][gc,reloc    ] GC(172) Medium Pages: 1 / 16M, Empty: 0M, Relocated: 0M, In-Place: 0
[18.004s][info][gc,reloc    ] GC(172) Large Pages: 0 / 0M, Empty: 0M, Relocated: 0M, In-Place: 0
[18.004s][info][gc,reloc    ] GC(172) Forwarding Usage: 1M
[18.004s][info][gc,heap     ] GC(172) Min Capacity: 8M(2%)
[18.004s][info][gc,heap     ] GC(172) Max Capacity: 512M(100%)
[18.004s][info][gc,heap     ] GC(172) Soft Max Capacity: 512M(100%)
[18.004s][info][gc,heap     ] GC(172)                Mark Start          Mark End        Relocate Start      Relocate End           High               Low         
[18.004s][info][gc,heap     ] GC(172)  Capacity:      512M (100%)        512M (100%)        512M (100%)        512M (100%)        512M (100%)        512M (100%)   
[18.004s][info][gc,heap     ] GC(172)      Free:      218M (43%)         180M (35%)         422M (82%)         422M (82%)         424M (83%)         176M (34%)    
[18.004s][info][gc,heap     ] GC(172)      Used:      294M (57%)         332M (65%)          90M (18%)          90M (18%)         336M (66%)          88M (17%)    
[18.004s][info][gc,heap     ] GC(172)      Live:         -                 7M (1%)            7M (1%)            7M (1%)             -                  -          
[18.004s][info][gc,heap     ] GC(172) Allocated:         -                38M (7%)           50M (10%)          57M (11%)            -                  -          
[18.004s][info][gc,heap     ] GC(172)   Garbage:         -               286M (56%)          32M (6%)           24M (5%)             -                  -          
[18.004s][info][gc,heap     ] GC(172) Reclaimed:         -                  -               254M (50%)         261M (51%)            -                  -          
[18.004s][info][gc          ] GC(172) Garbage Collection (Allocation Rate) 294M(57%)->90M(18%)
[18.080s][info][gc,start    ] GC(173) Garbage Collection (Allocation Rate)
[18.080s][info][gc,task     ] GC(173) Using 5 workers
[18.081s][info][gc,phases   ] GC(173) Pause Mark Start 0.014ms
[18.091s][info][gc,phases   ] GC(173) Concurrent Mark 10.691ms
[18.091s][info][gc,phases   ] GC(173) Pause Mark End 0.014ms
[18.092s][info][gc,phases   ] GC(173) Concurrent Mark Free 0.001ms
[18.093s][info][gc,phases   ] GC(173) Concurrent Process Non-Strong References 1.054ms
[18.093s][info][gc,phases   ] GC(173) Concurrent Reset Relocation Set 0.002ms
[18.099s][info][gc,phases   ] GC(173) Concurrent Select Relocation Set 5.876ms
[18.099s][info][gc,phases   ] GC(173) Pause Relocate Start 0.006ms
[18.103s][info][gc,phases   ] GC(173) Concurrent Relocate 4.337ms
[18.103s][info][gc,load     ] GC(173) Load: 0.00/0.00/0.00
[18.103s][info][gc,mmu      ] GC(173) MMU: 2ms/98.6%, 5ms/99.5%, 10ms/99.7%, 20ms/99.8%, 50ms/99.9%, 100ms/99.9%
[18.103s][info][gc,marking  ] GC(173) Mark: 4 stripe(s), 3 proactive flush(es), 1 terminate flush(es), 0 completion(s), 0 continuation(s) 
[18.103s][info][gc,marking  ] GC(173) Mark Stack Usage: 32M
[18.103s][info][gc,nmethod  ] GC(173) NMethods: 1351 registered, 46 unregistered
[18.103s][info][gc,metaspace] GC(173) Metaspace: 8M used, 8M committed, 1088M reserved
[18.103s][info][gc,ref      ] GC(173) Soft: 174 encountered, 0 discovered, 0 enqueued
[18.103s][info][gc,ref      ] GC(173) Weak: 570 encountered, 15 discovered, 0 enqueued
[18.103s][info][gc,ref      ] GC(173) Final: 0 encountered, 0 discovered, 0 enqueued
[18.103s][info][gc,ref      ] GC(173) Phantom: 21 encountered, 19 discovered, 0 enqueued
[18.103s][info][gc,reloc    ] GC(173) Small Pages: 131 / 262M, Empty: 234M, Relocated: 5M, In-Place: 0
[18.103s][info][gc,reloc    ] GC(173) Medium Pages: 1 / 16M, Empty: 0M, Relocated: 0M, In-Place: 0
[18.104s][info][gc,reloc    ] GC(173) Large Pages: 0 / 0M, Empty: 0M, Relocated: 0M, In-Place: 0
[18.104s][info][gc,reloc    ] GC(173) Forwarding Usage: 2M
[18.104s][info][gc,heap     ] GC(173) Min Capacity: 8M(2%)
[18.104s][info][gc,heap     ] GC(173) Max Capacity: 512M(100%)
[18.104s][info][gc,heap     ] GC(173) Soft Max Capacity: 512M(100%)
[18.104s][info][gc,heap     ] GC(173)                Mark Start          Mark End        Relocate Start      Relocate End           High               Low         
[18.104s][info][gc,heap     ] GC(173)  Capacity:      512M (100%)        512M (100%)        512M (100%)        512M (100%)        512M (100%)        512M (100%)   
[18.104s][info][gc,heap     ] GC(173)      Free:      234M (46%)         204M (40%)         418M (82%)         420M (82%)         424M (83%)         200M (39%)    
[18.104s][info][gc,heap     ] GC(173)      Used:      278M (54%)         308M (60%)          94M (18%)          92M (18%)         312M (61%)          88M (17%)    
[18.104s][info][gc,heap     ] GC(173)      Live:         -                 8M (2%)            8M (2%)            8M (2%)             -                  -          
[18.104s][info][gc,heap     ] GC(173) Allocated:         -                30M (6%)           50M (10%)          61M (12%)            -                  -          
[18.104s][info][gc,heap     ] GC(173)   Garbage:         -               269M (53%)          35M (7%)           21M (4%)             -                  -          
[18.104s][info][gc,heap     ] GC(173) Reclaimed:         -                  -               234M (46%)         247M (48%)            -                  -          
[18.104s][info][gc          ] GC(173) Garbage Collection (Allocation Rate) 278M(54%)->92M(18%)
[18.180s][info][gc,start    ] GC(174) Garbage Collection (Allocation Rate)
[18.180s][info][gc,task     ] GC(174) Using 5 workers
[18.180s][info][gc,phases   ] GC(174) Pause Mark Start 0.013ms
[18.195s][info][gc,phases   ] GC(174) Concurrent Mark 14.686ms
[18.195s][info][gc,phases   ] GC(174) Pause Mark End 0.014ms
[18.195s][info][gc,phases   ] GC(174) Concurrent Mark Free 0.001ms
[18.197s][info][gc,phases   ] GC(174) Concurrent Process Non-Strong References 1.232ms
[18.197s][info][gc,phases   ] GC(174) Concurrent Reset Relocation Set 0.002ms
[18.201s][info][gc,phases   ] GC(174) Concurrent Select Relocation Set 3.929ms
[18.201s][info][gc,phases   ] GC(174) Pause Relocate Start 0.006ms
[18.203s][info][gc,phases   ] GC(174) Concurrent Relocate 2.410ms
[18.262s][info][gc,load     ] GC(174) Load: 0.00/0.00/0.00
[18.275s][info][gc,mmu      ] GC(174) MMU: 2ms/98.6%, 5ms/99.5%, 10ms/99.7%, 20ms/99.8%, 50ms/99.9%, 100ms/99.9%
[18.275s][info][gc,marking  ] GC(174) Mark: 4 stripe(s), 3 proactive flush(es), 1 terminate flush(es), 0 completion(s), 0 continuation(s) 
[18.275s][info][gc,marking  ] GC(174) Mark Stack Usage: 32M
[18.275s][info][gc,nmethod  ] GC(174) NMethods: 1351 registered, 46 unregistered
[18.275s][info][gc,metaspace] GC(174) Metaspace: 8M used, 8M committed, 1088M reserved
[18.275s][info][gc,ref      ] GC(174) Soft: 174 encountered, 0 discovered, 0 enqueued
[18.275s][info][gc,ref      ] GC(174) Weak: 570 encountered, 87 discovered, 0 enqueued
[18.275s][info][gc,ref      ] GC(174) Final: 0 encountered, 0 discovered, 0 enqueued
[18.275s][info][gc,ref      ] GC(174) Phantom: 21 encountered, 19 discovered, 0 enqueued
[18.275s][info][gc,reloc    ] GC(174) Small Pages: 141 / 282M, Empty: 258M, Relocated: 3M, In-Place: 0
[18.275s][info][gc,reloc    ] GC(174) Medium Pages: 1 / 16M, Empty: 0M, Relocated: 0M, In-Place: 0
[18.275s][info][gc,reloc    ] GC(174) Large Pages: 0 / 0M, Empty: 0M, Relocated: 0M, In-Place: 0
[18.275s][info][gc,reloc    ] GC(174) Forwarding Usage: 1M
[18.275s][info][gc,heap     ] GC(174) Min Capacity: 8M(2%)
[18.276s][info][gc,heap     ] GC(174) Max Capacity: 512M(100%)
[18.276s][info][gc,heap     ] GC(174) Soft Max Capacity: 512M(100%)
[18.276s][info][gc,heap     ] GC(174)                Mark Start          Mark End        Relocate Start      Relocate End           High               Low         
[18.276s][info][gc,heap     ] GC(174)  Capacity:      512M (100%)        512M (100%)        512M (100%)        512M (100%)        512M (100%)        512M (100%)   
[18.276s][info][gc,heap     ] GC(174)      Free:      214M (42%)         176M (34%)         418M (82%)         418M (82%)         428M (84%)         172M (34%)    
[18.276s][info][gc,heap     ] GC(174)      Used:      298M (58%)         336M (66%)          94M (18%)          94M (18%)         340M (66%)          84M (16%)    
[18.276s][info][gc,heap     ] GC(174)      Live:         -                 8M (2%)            8M (2%)            8M (2%)             -                  -          
[18.276s][info][gc,heap     ] GC(174) Allocated:         -                38M (7%)           54M (11%)          59M (12%)            -                  -          
[18.276s][info][gc,heap     ] GC(174)   Garbage:         -               289M (56%)          31M (6%)           25M (5%)             -                  -          
[18.276s][info][gc,heap     ] GC(174) Reclaimed:         -                  -               258M (50%)         263M (52%)            -                  -          
[18.276s][info][gc          ] GC(174) Garbage Collection (Allocation Rate) 298M(58%)->94M(18%)
[18.280s][info][gc,start    ] GC(175) Garbage Collection (Allocation Rate)
[18.280s][info][gc,task     ] GC(175) Using 5 workers
[18.280s][info][gc,phases   ] GC(175) Pause Mark Start 0.011ms
[18.291s][info][gc,phases   ] GC(175) Concurrent Mark 10.702ms
[18.291s][info][gc,phases   ] GC(175) Pause Mark End 0.012ms
[18.291s][info][gc,phases   ] GC(175) Concurrent Mark Free 0.001ms
[18.292s][info][gc,phases   ] GC(175) Concurrent Process Non-Strong References 0.898ms
[18.292s][info][gc,phases   ] GC(175) Concurrent Reset Relocation Set 0.002ms
[18.298s][info][gc,phases   ] GC(175) Concurrent Select Relocation Set 5.497ms
[18.298s][info][gc,phases   ] GC(175) Pause Relocate Start 0.005ms
[18.300s][info][gc,phases   ] GC(175) Concurrent Relocate 2.205ms
[18.300s][info][gc,load     ] GC(175) Load: 0.00/0.00/0.00
[18.300s][info][gc,mmu      ] GC(175) MMU: 2ms/98.6%, 5ms/99.5%, 10ms/99.7%, 20ms/99.8%, 50ms/99.9%, 100ms/99.9%
[18.300s][info][gc,marking  ] GC(175) Mark: 4 stripe(s), 3 proactive flush(es), 1 terminate flush(es), 0 completion(s), 0 continuation(s) 
[18.300s][info][gc,marking  ] GC(175) Mark Stack Usage: 32M
[18.300s][info][gc,nmethod  ] GC(175) NMethods: 1351 registered, 46 unregistered
[18.300s][info][gc,metaspace] GC(175) Metaspace: 8M used, 8M committed, 1088M reserved
[18.300s][info][gc,ref      ] GC(175) Soft: 174 encountered, 0 discovered, 0 enqueued
[18.300s][info][gc,ref      ] GC(175) Weak: 570 encountered, 52 discovered, 0 enqueued
[18.300s][info][gc,ref      ] GC(175) Final: 0 encountered, 0 discovered, 0 enqueued
[18.300s][info][gc,ref      ] GC(175) Phantom: 21 encountered, 18 discovered, 0 enqueued
[18.300s][info][gc,reloc    ] GC(175) Small Pages: 115 / 230M, Empty: 200M, Relocated: 3M, In-Place: 0
[18.300s][info][gc,reloc    ] GC(175) Medium Pages: 2 / 32M, Empty: 16M, Relocated: 0M, In-Place: 0
[18.300s][info][gc,reloc    ] GC(175) Large Pages: 0 / 0M, Empty: 0M, Relocated: 0M, In-Place: 0
[18.301s][info][gc,reloc    ] GC(175) Forwarding Usage: 1M
[18.301s][info][gc,heap     ] GC(175) Min Capacity: 8M(2%)
[18.301s][info][gc,heap     ] GC(175) Max Capacity: 512M(100%)
[18.301s][info][gc,heap     ] GC(175) Soft Max Capacity: 512M(100%)
[18.301s][info][gc,heap     ] GC(175)                Mark Start          Mark End        Relocate Start      Relocate End           High               Low         
[18.301s][info][gc,heap     ] GC(175)  Capacity:      512M (100%)        512M (100%)        512M (100%)        512M (100%)        512M (100%)        512M (100%)   
[18.301s][info][gc,heap     ] GC(175)      Free:      250M (49%)         222M (43%)         420M (82%)         428M (84%)         428M (84%)         220M (43%)    
[18.301s][info][gc,heap     ] GC(175)      Used:      262M (51%)         290M (57%)          92M (18%)          84M (16%)         292M (57%)          84M (16%)    
[18.301s][info][gc,heap     ] GC(175)      Live:         -                 9M (2%)            9M (2%)            9M (2%)             -                  -          
[18.301s][info][gc,heap     ] GC(175) Allocated:         -                28M (5%)           46M (9%)           49M (10%)            -                  -          
[18.301s][info][gc,heap     ] GC(175)   Garbage:         -               252M (49%)          36M (7%)           24M (5%)             -                  -          
[18.301s][info][gc,heap     ] GC(175) Reclaimed:         -                  -               216M (42%)         227M (45%)            -                  -          
[18.301s][info][gc          ] GC(175) Garbage Collection (Allocation Rate) 262M(51%)->84M(16%)
[18.380s][info][gc,start    ] GC(176) Garbage Collection (Allocation Rate)
[18.380s][info][gc,task     ] GC(176) Using 5 workers
[18.380s][info][gc,phases   ] GC(176) Pause Mark Start 0.013ms
[18.394s][info][gc,phases   ] GC(176) Concurrent Mark 13.698ms
[18.394s][info][gc,phases   ] GC(176) Pause Mark End 0.011ms
[18.394s][info][gc,phases   ] GC(176) Concurrent Mark Free 0.001ms
[18.395s][info][gc,phases   ] GC(176) Concurrent Process Non-Strong References 0.988ms
[18.395s][info][gc,phases   ] GC(176) Concurrent Reset Relocation Set 0.002ms
[18.402s][info][gc,phases   ] GC(176) Concurrent Select Relocation Set 6.833ms
[18.402s][info][gc,phases   ] GC(176) Pause Relocate Start 0.007ms
[18.408s][info][gc,phases   ] GC(176) Concurrent Relocate 5.318ms
[18.408s][info][gc,load     ] GC(176) Load: 0.00/0.00/0.00
[18.408s][info][gc,mmu      ] GC(176) MMU: 2ms/98.6%, 5ms/99.5%, 10ms/99.7%, 20ms/99.8%, 50ms/99.9%, 100ms/99.9%
[18.408s][info][gc,marking  ] GC(176) Mark: 4 stripe(s), 2 proactive flush(es), 1 terminate flush(es), 0 completion(s), 0 continuation(s) 
[18.408s][info][gc,marking  ] GC(176) Mark Stack Usage: 32M
[18.408s][info][gc,nmethod  ] GC(176) NMethods: 1351 registered, 46 unregistered
[18.408s][info][gc,metaspace] GC(176) Metaspace: 8M used, 8M committed, 1088M reserved
[18.408s][info][gc,ref      ] GC(176) Soft: 174 encountered, 0 discovered, 0 enqueued
[18.408s][info][gc,ref      ] GC(176) Weak: 570 encountered, 62 discovered, 0 enqueued
[18.408s][info][gc,ref      ] GC(176) Final: 0 encountered, 0 discovered, 0 enqueued
[18.408s][info][gc,ref      ] GC(176) Phantom: 21 encountered, 11 discovered, 0 enqueued
[18.408s][info][gc,reloc    ] GC(176) Small Pages: 143 / 286M, Empty: 248M, Relocated: 6M, In-Place: 0
[18.408s][info][gc,reloc    ] GC(176) Medium Pages: 1 / 16M, Empty: 0M, Relocated: 0M, In-Place: 0
[18.408s][info][gc,reloc    ] GC(176) Large Pages: 0 / 0M, Empty: 0M, Relocated: 0M, In-Place: 0
[18.408s][info][gc,reloc    ] GC(176) Forwarding Usage: 2M
[18.408s][info][gc,heap     ] GC(176) Min Capacity: 8M(2%)
[18.408s][info][gc,heap     ] GC(176) Max Capacity: 512M(100%)
[18.408s][info][gc,heap     ] GC(176) Soft Max Capacity: 512M(100%)
[18.408s][info][gc,heap     ] GC(176)                Mark Start          Mark End        Relocate Start      Relocate End           High               Low         
[18.408s][info][gc,heap     ] GC(176)  Capacity:      512M (100%)        512M (100%)        512M (100%)        512M (100%)        512M (100%)        512M (100%)   
[18.408s][info][gc,heap     ] GC(176)      Free:      210M (41%)         172M (34%)         400M (78%)         410M (80%)         414M (81%)         170M (33%)    
[18.408s][info][gc,heap     ] GC(176)      Used:      302M (59%)         340M (66%)         112M (22%)         102M (20%)         342M (67%)          98M (19%)    
[18.408s][info][gc,heap     ] GC(176)      Live:         -                10M (2%)           10M (2%)           10M (2%)             -                  -          
[18.408s][info][gc,heap     ] GC(176) Allocated:         -                38M (7%)           58M (11%)          71M (14%)            -                  -          
[18.408s][info][gc,heap     ] GC(176)   Garbage:         -               291M (57%)          43M (9%)           19M (4%)             -                  -          
[18.408s][info][gc,heap     ] GC(176) Reclaimed:         -                  -               248M (48%)         271M (53%)            -                  -          
[18.408s][info][gc          ] GC(176) Garbage Collection (Allocation Rate) 302M(59%)->102M(20%)
[18.481s][info][gc,start    ] GC(177) Garbage Collection (Allocation Rate)
[18.481s][info][gc,task     ] GC(177) Using 5 workers
[18.481s][info][gc,phases   ] GC(177) Pause Mark Start 0.009ms
[18.495s][info][gc,phases   ] GC(177) Concurrent Mark 13.749ms
[18.495s][info][gc,phases   ] GC(177) Pause Mark End 0.008ms
[18.495s][info][gc,phases   ] GC(177) Concurrent Mark Free 0.001ms
[18.496s][info][gc,phases   ] GC(177) Concurrent Process Non-Strong References 0.883ms
[18.496s][info][gc,phases   ] GC(177) Concurrent Reset Relocation Set 0.003ms
[18.500s][info][gc,phases   ] GC(177) Concurrent Select Relocation Set 4.056ms
[18.500s][info][gc,phases   ] GC(177) Pause Relocate Start 0.005ms
[18.503s][info][gc,phases   ] GC(177) Concurrent Relocate 2.899ms
[18.503s][info][gc,load     ] GC(177) Load: 0.00/0.00/0.00
[18.503s][info][gc,mmu      ] GC(177) MMU: 2ms/98.6%, 5ms/99.5%, 10ms/99.7%, 20ms/99.8%, 50ms/99.9%, 100ms/99.9%
[18.503s][info][gc,marking  ] GC(177) Mark: 4 stripe(s), 4 proactive flush(es), 1 terminate flush(es), 0 completion(s), 0 continuation(s) 
[18.503s][info][gc,marking  ] GC(177) Mark Stack Usage: 32M
[18.503s][info][gc,nmethod  ] GC(177) NMethods: 1351 registered, 46 unregistered
[18.503s][info][gc,metaspace] GC(177) Metaspace: 8M used, 8M committed, 1088M reserved
[18.503s][info][gc,ref      ] GC(177) Soft: 174 encountered, 0 discovered, 0 enqueued
[18.503s][info][gc,ref      ] GC(177) Weak: 570 encountered, 102 discovered, 0 enqueued
[18.503s][info][gc,ref      ] GC(177) Final: 0 encountered, 0 discovered, 0 enqueued
[18.503s][info][gc,ref      ] GC(177) Phantom: 21 encountered, 9 discovered, 0 enqueued
[18.503s][info][gc,reloc    ] GC(177) Small Pages: 121 / 242M, Empty: 214M, Relocated: 2M, In-Place: 0
[18.503s][info][gc,reloc    ] GC(177) Medium Pages: 1 / 16M, Empty: 0M, Relocated: 0M, In-Place: 0
[18.503s][info][gc,reloc    ] GC(177) Large Pages: 0 / 0M, Empty: 0M, Relocated: 0M, In-Place: 0
[18.503s][info][gc,reloc    ] GC(177) Forwarding Usage: 1M
[18.503s][info][gc,heap     ] GC(177) Min Capacity: 8M(2%)
[18.503s][info][gc,heap     ] GC(177) Max Capacity: 512M(100%)
[18.503s][info][gc,heap     ] GC(177) Soft Max Capacity: 512M(100%)
[18.503s][info][gc,heap     ] GC(177)                Mark Start          Mark End        Relocate Start      Relocate End           High               Low         
[18.503s][info][gc,heap     ] GC(177)  Capacity:      512M (100%)        512M (100%)        512M (100%)        512M (100%)        512M (100%)        512M (100%)   
[18.504s][info][gc,heap     ] GC(177)      Free:      254M (50%)         238M (46%)         444M (87%)         448M (88%)         448M (88%)         236M (46%)    
[18.504s][info][gc,heap     ] GC(177)      Used:      258M (50%)         274M (54%)          68M (13%)          64M (13%)         276M (54%)          64M (13%)    
[18.504s][info][gc,heap     ] GC(177)      Live:         -                11M (2%)           11M (2%)           11M (2%)             -                  -          
[18.504s][info][gc,heap     ] GC(177) Allocated:         -                16M (3%)           24M (5%)           27M (5%)             -                  -          
[18.504s][info][gc,heap     ] GC(177)   Garbage:         -               246M (48%)          32M (6%)           24M (5%)             -                  -          
[18.504s][info][gc,heap     ] GC(177) Reclaimed:         -                  -               214M (42%)         221M (43%)            -                  -          
[18.504s][info][gc          ] GC(177) Garbage Collection (Allocation Rate) 258M(50%)->64M(13%)
[18.581s][info][gc,start    ] GC(178) Garbage Collection (Allocation Rate)
[18.581s][info][gc,task     ] GC(178) Using 5 workers
[18.581s][info][gc,phases   ] GC(178) Pause Mark Start 0.010ms
[18.596s][info][gc,phases   ] GC(178) Concurrent Mark 14.719ms
[18.596s][info][gc,phases   ] GC(178) Pause Mark End 0.011ms
[18.596s][info][gc,phases   ] GC(178) Concurrent Mark Free 0.001ms
[18.597s][info][gc,phases   ] GC(178) Concurrent Process Non-Strong References 0.926ms
[18.597s][info][gc,phases   ] GC(178) Concurrent Reset Relocation Set 0.002ms
[18.602s][info][gc,phases   ] GC(178) Concurrent Select Relocation Set 5.660ms
[18.603s][info][gc,phases   ] GC(178) Pause Relocate Start 0.006ms
[18.606s][info][gc,phases   ] GC(178) Concurrent Relocate 3.809ms
[18.606s][info][gc,load     ] GC(178) Load: 0.00/0.00/0.00
[18.607s][info][gc,mmu      ] GC(178) MMU: 2ms/98.6%, 5ms/99.5%, 10ms/99.7%, 20ms/99.8%, 50ms/99.9%, 100ms/99.9%
[18.607s][info][gc,marking  ] GC(178) Mark: 4 stripe(s), 2 proactive flush(es), 1 terminate flush(es), 0 completion(s), 0 continuation(s) 
[18.607s][info][gc,marking  ] GC(178) Mark Stack Usage: 32M
[18.607s][info][gc,nmethod  ] GC(178) NMethods: 1351 registered, 46 unregistered
[18.607s][info][gc,metaspace] GC(178) Metaspace: 8M used, 8M committed, 1088M reserved
[18.607s][info][gc,ref      ] GC(178) Soft: 174 encountered, 0 discovered, 0 enqueued
[18.607s][info][gc,ref      ] GC(178) Weak: 570 encountered, 4 discovered, 0 enqueued
[18.607s][info][gc,ref      ] GC(178) Final: 0 encountered, 0 discovered, 0 enqueued
[18.607s][info][gc,ref      ] GC(178) Phantom: 21 encountered, 19 discovered, 0 enqueued
[18.607s][info][gc,reloc    ] GC(178) Small Pages: 117 / 234M, Empty: 202M, Relocated: 4M, In-Place: 0
[18.607s][info][gc,reloc    ] GC(178) Medium Pages: 2 / 32M, Empty: 0M, Relocated: 0M, In-Place: 0
[18.607s][info][gc,reloc    ] GC(178) Large Pages: 0 / 0M, Empty: 0M, Relocated: 0M, In-Place: 0
[18.607s][info][gc,reloc    ] GC(178) Forwarding Usage: 2M
[18.607s][info][gc,heap     ] GC(178) Min Capacity: 8M(2%)
[18.607s][info][gc,heap     ] GC(178) Max Capacity: 512M(100%)
[18.607s][info][gc,heap     ] GC(178) Soft Max Capacity: 512M(100%)
[18.607s][info][gc,heap     ] GC(178)                Mark Start          Mark End        Relocate Start      Relocate End           High               Low         
[18.607s][info][gc,heap     ] GC(178)  Capacity:      512M (100%)        512M (100%)        512M (100%)        512M (100%)        512M (100%)        512M (100%)   
[18.607s][info][gc,heap     ] GC(178)      Free:      246M (48%)         206M (40%)         390M (76%)         410M (80%)         410M (80%)         204M (40%)    
[18.607s][info][gc,heap     ] GC(178)      Used:      266M (52%)         306M (60%)         122M (24%)         102M (20%)         308M (60%)         102M (20%)    
[18.607s][info][gc,heap     ] GC(178)      Live:         -                11M (2%)           11M (2%)           11M (2%)             -                  -          
[18.607s][info][gc,heap     ] GC(178) Allocated:         -                40M (8%)           58M (11%)          67M (13%)            -                  -          
[18.607s][info][gc,heap     ] GC(178)   Garbage:         -               254M (50%)          52M (10%)          22M (4%)             -                  -          
[18.607s][info][gc,heap     ] GC(178) Reclaimed:         -                  -               202M (39%)         231M (45%)            -                  -          
[18.607s][info][gc          ] GC(178) Garbage Collection (Allocation Rate) 266M(52%)->102M(20%)
[18.680s][info][gc,start    ] GC(179) Garbage Collection (Allocation Rate)
[18.680s][info][gc,task     ] GC(179) Using 5 workers
[18.681s][info][gc,phases   ] GC(179) Pause Mark Start 0.010ms
[18.697s][info][gc,phases   ] GC(179) Concurrent Mark 16.734ms
[18.697s][info][gc,phases   ] GC(179) Pause Mark End 0.011ms
[18.698s][info][gc,phases   ] GC(179) Concurrent Mark Free 0.001ms
[18.698s][info][gc,phases   ] GC(179) Concurrent Process Non-Strong References 0.896ms
[18.699s][info][gc,phases   ] GC(179) Concurrent Reset Relocation Set 0.003ms
[18.705s][info][gc,phases   ] GC(179) Concurrent Select Relocation Set 6.760ms
[18.705s][info][gc,phases   ] GC(179) Pause Relocate Start 0.005ms
[18.709s][info][gc,phases   ] GC(179) Concurrent Relocate 3.648ms
[18.709s][info][gc,load     ] GC(179) Load: 0.00/0.00/0.00
[18.709s][info][gc,mmu      ] GC(179) MMU: 2ms/98.6%, 5ms/99.5%, 10ms/99.7%, 20ms/99.8%, 50ms/99.9%, 100ms/99.9%
[18.709s][info][gc,marking  ] GC(179) Mark: 4 stripe(s), 2 proactive flush(es), 1 terminate flush(es), 0 completion(s), 0 continuation(s) 
[18.709s][info][gc,marking  ] GC(179) Mark Stack Usage: 32M
[18.709s][info][gc,nmethod  ] GC(179) NMethods: 1351 registered, 46 unregistered
[18.709s][info][gc,metaspace] GC(179) Metaspace: 8M used, 8M committed, 1088M reserved
[18.709s][info][gc,ref      ] GC(179) Soft: 174 encountered, 0 discovered, 0 enqueued
[18.710s][info][gc,ref      ] GC(179) Weak: 570 encountered, 367 discovered, 0 enqueued
[18.710s][info][gc,ref      ] GC(179) Final: 0 encountered, 0 discovered, 0 enqueued
[18.710s][info][gc,ref      ] GC(179) Phantom: 21 encountered, 15 discovered, 0 enqueued
[18.710s][info][gc,reloc    ] GC(179) Small Pages: 142 / 284M, Empty: 254M, Relocated: 6M, In-Place: 0
[18.710s][info][gc,reloc    ] GC(179) Medium Pages: 1 / 16M, Empty: 0M, Relocated: 0M, In-Place: 0
[18.710s][info][gc,reloc    ] GC(179) Large Pages: 0 / 0M, Empty: 0M, Relocated: 0M, In-Place: 0
[18.710s][info][gc,reloc    ] GC(179) Forwarding Usage: 2M
[18.710s][info][gc,heap     ] GC(179) Min Capacity: 8M(2%)
[18.710s][info][gc,heap     ] GC(179) Max Capacity: 512M(100%)
[18.710s][info][gc,heap     ] GC(179) Soft Max Capacity: 512M(100%)
[18.710s][info][gc,heap     ] GC(179)                Mark Start          Mark End        Relocate Start      Relocate End           High               Low         
[18.710s][info][gc,heap     ] GC(179)  Capacity:      512M (100%)        512M (100%)        512M (100%)        512M (100%)        512M (100%)        512M (100%)   
[18.710s][info][gc,heap     ] GC(179)      Free:      212M (41%)         166M (32%)         398M (78%)         402M (79%)         408M (80%)         162M (32%)    
[18.710s][info][gc,heap     ] GC(179)      Used:      300M (59%)         346M (68%)         114M (22%)         110M (21%)         350M (68%)         104M (20%)    
[18.710s][info][gc,heap     ] GC(179)      Live:         -                12M (2%)           12M (2%)           12M (2%)             -                  -          
[18.710s][info][gc,heap     ] GC(179) Allocated:         -                46M (9%)           68M (13%)          77M (15%)            -                  -          
[18.710s][info][gc,heap     ] GC(179)   Garbage:         -               287M (56%)          33M (7%)           19M (4%)             -                  -          
[18.710s][info][gc,heap     ] GC(179) Reclaimed:         -                  -               254M (50%)         267M (52%)            -                  -          
[18.710s][info][gc          ] GC(179) Garbage Collection (Allocation Rate) 300M(59%)->110M(21%)
[18.780s][info][gc,start    ] GC(180) Garbage Collection (Allocation Rate)
[18.780s][info][gc,task     ] GC(180) Using 5 workers
[18.780s][info][gc,phases   ] GC(180) Pause Mark Start 0.013ms
[18.797s][info][gc,phases   ] GC(180) Concurrent Mark 16.697ms
[18.797s][info][gc,phases   ] GC(180) Pause Mark End 0.010ms
[18.797s][info][gc,phases   ] GC(180) Concurrent Mark Free 0.001ms
[18.798s][info][gc,phases   ] GC(180) Concurrent Process Non-Strong References 0.919ms
[18.798s][info][gc,phases   ] GC(180) Concurrent Reset Relocation Set 0.003ms
[18.802s][info][gc,phases   ] GC(180) Concurrent Select Relocation Set 3.802ms
[18.802s][info][gc,phases   ] GC(180) Pause Relocate Start 0.005ms
[18.805s][info][gc,phases   ] GC(180) Concurrent Relocate 2.855ms
[18.805s][info][gc,load     ] GC(180) Load: 0.00/0.00/0.00
[18.805s][info][gc,mmu      ] GC(180) MMU: 2ms/98.6%, 5ms/99.5%, 10ms/99.7%, 20ms/99.8%, 50ms/99.9%, 100ms/99.9%
[18.805s][info][gc,marking  ] GC(180) Mark: 4 stripe(s), 2 proactive flush(es), 1 terminate flush(es), 0 completion(s), 0 continuation(s) 
[18.805s][info][gc,marking  ] GC(180) Mark Stack Usage: 32M
[18.805s][info][gc,nmethod  ] GC(180) NMethods: 1351 registered, 46 unregistered
[18.805s][info][gc,metaspace] GC(180) Metaspace: 8M used, 8M committed, 1088M reserved
[18.805s][info][gc,ref      ] GC(180) Soft: 174 encountered, 0 discovered, 0 enqueued
[18.805s][info][gc,ref      ] GC(180) Weak: 570 encountered, 63 discovered, 0 enqueued
[18.806s][info][gc,ref      ] GC(180) Final: 0 encountered, 0 discovered, 0 enqueued
[18.806s][info][gc,ref      ] GC(180) Phantom: 21 encountered, 8 discovered, 0 enqueued
[18.806s][info][gc,reloc    ] GC(180) Small Pages: 132 / 264M, Empty: 228M, Relocated: 4M, In-Place: 0
[18.806s][info][gc,reloc    ] GC(180) Medium Pages: 1 / 16M, Empty: 0M, Relocated: 0M, In-Place: 0
[18.806s][info][gc,reloc    ] GC(180) Large Pages: 0 / 0M, Empty: 0M, Relocated: 0M, In-Place: 0
[18.806s][info][gc,reloc    ] GC(180) Forwarding Usage: 2M
[18.806s][info][gc,heap     ] GC(180) Min Capacity: 8M(2%)
[18.806s][info][gc,heap     ] GC(180) Max Capacity: 512M(100%)
[18.806s][info][gc,heap     ] GC(180) Soft Max Capacity: 512M(100%)
[18.806s][info][gc,heap     ] GC(180)                Mark Start          Mark End        Relocate Start      Relocate End           High               Low         
[18.806s][info][gc,heap     ] GC(180)  Capacity:      512M (100%)        512M (100%)        512M (100%)        512M (100%)        512M (100%)        512M (100%)   
[18.806s][info][gc,heap     ] GC(180)      Free:      232M (45%)         190M (37%)         404M (79%)         414M (81%)         414M (81%)         186M (36%)    
[18.806s][info][gc,heap     ] GC(180)      Used:      280M (55%)         322M (63%)         108M (21%)          98M (19%)         326M (64%)          98M (19%)    
[18.806s][info][gc,heap     ] GC(180)      Live:         -                12M (3%)           12M (3%)           12M (3%)             -                  -          
[18.806s][info][gc,heap     ] GC(180) Allocated:         -                42M (8%)           56M (11%)          61M (12%)            -                  -          
[18.806s][info][gc,heap     ] GC(180)   Garbage:         -               267M (52%)          39M (8%)           23M (4%)             -                  -          
[18.806s][info][gc,heap     ] GC(180) Reclaimed:         -                  -               228M (45%)         243M (48%)            -                  -          
[18.806s][info][gc          ] GC(180) Garbage Collection (Allocation Rate) 280M(55%)->98M(19%)
[18.889s][info][gc,start    ] GC(181) Garbage Collection (Allocation Rate)
[18.889s][info][gc,task     ] GC(181) Using 5 workers
[18.889s][info][gc,phases   ] GC(181) Pause Mark Start 0.013ms
[18.920s][info][gc,phases   ] GC(181) Concurrent Mark 30.987ms
[18.920s][info][gc,phases   ] GC(181) Pause Mark End 0.014ms
[18.920s][info][gc,phases   ] GC(181) Concurrent Mark Free 0.001ms
[18.922s][info][gc,phases   ] GC(181) Concurrent Process Non-Strong References 1.070ms
[18.922s][info][gc,phases   ] GC(181) Concurrent Reset Relocation Set 0.002ms
[18.928s][info][gc,phases   ] GC(181) Concurrent Select Relocation Set 6.678ms
[18.928s][info][gc,phases   ] GC(181) Pause Relocate Start 0.007ms
[18.933s][info][gc,phases   ] GC(181) Concurrent Relocate 4.100ms
[18.933s][info][gc,load     ] GC(181) Load: 0.00/0.00/0.00
[18.933s][info][gc,mmu      ] GC(181) MMU: 2ms/98.6%, 5ms/99.5%, 10ms/99.7%, 20ms/99.8%, 50ms/99.9%, 100ms/99.9%
[18.933s][info][gc,marking  ] GC(181) Mark: 4 stripe(s), 3 proactive flush(es), 1 terminate flush(es), 0 completion(s), 0 continuation(s) 
[18.933s][info][gc,marking  ] GC(181) Mark Stack Usage: 32M
[18.933s][info][gc,nmethod  ] GC(181) NMethods: 1351 registered, 46 unregistered
[18.933s][info][gc,metaspace] GC(181) Metaspace: 8M used, 8M committed, 1088M reserved
[18.933s][info][gc,ref      ] GC(181) Soft: 174 encountered, 0 discovered, 0 enqueued
[18.933s][info][gc,ref      ] GC(181) Weak: 570 encountered, 194 discovered, 0 enqueued
[18.933s][info][gc,ref      ] GC(181) Final: 0 encountered, 0 discovered, 0 enqueued
[18.933s][info][gc,ref      ] GC(181) Phantom: 21 encountered, 18 discovered, 0 enqueued
[18.933s][info][gc,reloc    ] GC(181) Small Pages: 137 / 274M, Empty: 232M, Relocated: 6M, In-Place: 0
[18.933s][info][gc,reloc    ] GC(181) Medium Pages: 1 / 16M, Empty: 0M, Relocated: 0M, In-Place: 0
[18.933s][info][gc,reloc    ] GC(181) Large Pages: 0 / 0M, Empty: 0M, Relocated: 0M, In-Place: 0
[18.933s][info][gc,reloc    ] GC(181) Forwarding Usage: 2M
[18.933s][info][gc,heap     ] GC(181) Min Capacity: 8M(2%)
[18.933s][info][gc,heap     ] GC(181) Max Capacity: 512M(100%)
[18.933s][info][gc,heap     ] GC(181) Soft Max Capacity: 512M(100%)
[18.933s][info][gc,heap     ] GC(181)                Mark Start          Mark End        Relocate Start      Relocate End           High               Low         
[18.933s][info][gc,heap     ] GC(181)  Capacity:      512M (100%)        512M (100%)        512M (100%)        512M (100%)        512M (100%)        512M (100%)   
[18.933s][info][gc,heap     ] GC(181)      Free:      222M (43%)         174M (34%)         386M (75%)         398M (78%)         398M (78%)         172M (34%)    
[18.933s][info][gc,heap     ] GC(181)      Used:      290M (57%)         338M (66%)         126M (25%)         114M (22%)         340M (66%)         114M (22%)    
[18.933s][info][gc,heap     ] GC(181)      Live:         -                13M (3%)           13M (3%)           13M (3%)             -                  -          
[18.933s][info][gc,heap     ] GC(181) Allocated:         -                48M (9%)           68M (13%)          79M (16%)            -                  -          
[18.933s][info][gc,heap     ] GC(181)   Garbage:         -               276M (54%)          44M (9%)           20M (4%)             -                  -          
[18.933s][info][gc,heap     ] GC(181) Reclaimed:         -                  -               232M (45%)         255M (50%)            -                  -          
[18.933s][info][gc          ] GC(181) Garbage Collection (Allocation Rate) 290M(57%)->114M(22%)
[18.983s][info][gc,start    ] GC(182) Garbage Collection (Allocation Rate)
[18.983s][info][gc,task     ] GC(182) Using 5 workers
[18.983s][info][gc,phases   ] GC(182) Pause Mark Start 0.014ms
[19.014s][info][gc,phases   ] GC(182) Concurrent Mark 30.949ms
[19.014s][info][gc,phases   ] GC(182) Pause Mark End 0.013ms
[19.014s][info][gc,phases   ] GC(182) Concurrent Mark Free 0.001ms
[19.015s][info][gc,phases   ] GC(182) Concurrent Process Non-Strong References 1.211ms
[19.015s][info][gc,phases   ] GC(182) Concurrent Reset Relocation Set 0.004ms
[19.019s][info][gc,phases   ] GC(182) Concurrent Select Relocation Set 3.773ms
[19.019s][info][gc,phases   ] GC(182) Pause Relocate Start 0.007ms
[19.022s][info][gc,phases   ] GC(182) Concurrent Relocate 3.093ms
[19.023s][info][gc,load     ] GC(182) Load: 0.00/0.00/0.00
[19.023s][info][gc,mmu      ] GC(182) MMU: 2ms/98.6%, 5ms/99.5%, 10ms/99.7%, 20ms/99.8%, 50ms/99.9%, 100ms/99.9%
[19.023s][info][gc,marking  ] GC(182) Mark: 4 stripe(s), 2 proactive flush(es), 1 terminate flush(es), 0 completion(s), 0 continuation(s) 
[19.023s][info][gc,marking  ] GC(182) Mark Stack Usage: 32M
[19.023s][info][gc,nmethod  ] GC(182) NMethods: 1351 registered, 46 unregistered
[19.023s][info][gc,metaspace] GC(182) Metaspace: 8M used, 8M committed, 1088M reserved
[19.023s][info][gc,ref      ] GC(182) Soft: 174 encountered, 0 discovered, 0 enqueued
[19.023s][info][gc,ref      ] GC(182) Weak: 570 encountered, 6 discovered, 0 enqueued
[19.023s][info][gc,ref      ] GC(182) Final: 0 encountered, 0 discovered, 0 enqueued
[19.023s][info][gc,ref      ] GC(182) Phantom: 21 encountered, 14 discovered, 0 enqueued
[19.023s][info][gc,reloc    ] GC(182) Small Pages: 88 / 176M, Empty: 152M, Relocated: 5M, In-Place: 0
[19.023s][info][gc,reloc    ] GC(182) Medium Pages: 2 / 32M, Empty: 0M, Relocated: 1M, In-Place: 0
[19.023s][info][gc,reloc    ] GC(182) Large Pages: 0 / 0M, Empty: 0M, Relocated: 0M, In-Place: 0
[19.023s][info][gc,reloc    ] GC(182) Forwarding Usage: 2M
[19.023s][info][gc,heap     ] GC(182) Min Capacity: 8M(2%)
[19.023s][info][gc,heap     ] GC(182) Max Capacity: 512M(100%)
[19.023s][info][gc,heap     ] GC(182) Soft Max Capacity: 512M(100%)
[19.023s][info][gc,heap     ] GC(182)                Mark Start          Mark End        Relocate Start      Relocate End           High               Low         
[19.023s][info][gc,heap     ] GC(182)  Capacity:      512M (100%)        512M (100%)        512M (100%)        512M (100%)        512M (100%)        512M (100%)   
[19.023s][info][gc,heap     ] GC(182)      Free:      304M (59%)         212M (41%)         350M (68%)         362M (71%)         362M (71%)         208M (41%)    
[19.023s][info][gc,heap     ] GC(182)      Used:      208M (41%)         300M (59%)         162M (32%)         150M (29%)         304M (59%)         150M (29%)    
[19.023s][info][gc,heap     ] GC(182)      Live:         -                15M (3%)           15M (3%)           15M (3%)             -                  -          
[19.023s][info][gc,heap     ] GC(182) Allocated:         -                92M (18%)         106M (21%)         113M (22%)            -                  -          
[19.023s][info][gc,heap     ] GC(182)   Garbage:         -               192M (38%)          40M (8%)           20M (4%)             -                  -          
[19.023s][info][gc,heap     ] GC(182) Reclaimed:         -                  -               152M (30%)         171M (34%)            -                  -          
[19.023s][info][gc          ] GC(182) Garbage Collection (Allocation Rate) 208M(41%)->150M(29%)
[19.092s][info][gc,start    ] GC(183) Garbage Collection (Allocation Rate)
[19.092s][info][gc,task     ] GC(183) Using 5 workers
[19.092s][info][gc,phases   ] GC(183) Pause Mark Start 0.010ms
[19.123s][info][gc,phases   ] GC(183) Concurrent Mark 30.998ms
[19.123s][info][gc,phases   ] GC(183) Pause Mark End 0.014ms
[19.123s][info][gc,phases   ] GC(183) Concurrent Mark Free 0.001ms
[19.125s][info][gc,phases   ] GC(183) Concurrent Process Non-Strong References 1.045ms
[19.125s][info][gc,phases   ] GC(183) Concurrent Reset Relocation Set 0.002ms
[19.132s][info][gc,phases   ] GC(183) Concurrent Select Relocation Set 6.920ms
[19.132s][info][gc,phases   ] GC(183) Pause Relocate Start 0.008ms
[19.135s][info][gc,phases   ] GC(183) Concurrent Relocate 3.309ms
[19.135s][info][gc,load     ] GC(183) Load: 0.00/0.00/0.00
[19.135s][info][gc,mmu      ] GC(183) MMU: 2ms/98.6%, 5ms/99.5%, 10ms/99.7%, 20ms/99.8%, 50ms/99.9%, 100ms/99.9%
[19.135s][info][gc,marking  ] GC(183) Mark: 4 stripe(s), 3 proactive flush(es), 1 terminate flush(es), 0 completion(s), 0 continuation(s) 
[19.135s][info][gc,marking  ] GC(183) Mark Stack Usage: 32M
[19.135s][info][gc,nmethod  ] GC(183) NMethods: 1351 registered, 46 unregistered
[19.135s][info][gc,metaspace] GC(183) Metaspace: 8M used, 8M committed, 1088M reserved
[19.135s][info][gc,ref      ] GC(183) Soft: 174 encountered, 0 discovered, 0 enqueued
[19.135s][info][gc,ref      ] GC(183) Weak: 570 encountered, 173 discovered, 0 enqueued
[19.135s][info][gc,ref      ] GC(183) Final: 0 encountered, 0 discovered, 0 enqueued
[19.135s][info][gc,ref      ] GC(183) Phantom: 21 encountered, 13 discovered, 0 enqueued
[19.135s][info][gc,reloc    ] GC(183) Small Pages: 153 / 306M, Empty: 268M, Relocated: 5M, In-Place: 0
[19.135s][info][gc,reloc    ] GC(183) Medium Pages: 2 / 32M, Empty: 0M, Relocated: 1M, In-Place: 0
[19.135s][info][gc,reloc    ] GC(183) Large Pages: 0 / 0M, Empty: 0M, Relocated: 0M, In-Place: 0
[19.135s][info][gc,reloc    ] GC(183) Forwarding Usage: 2M
[19.135s][info][gc,heap     ] GC(183) Min Capacity: 8M(2%)
[19.135s][info][gc,heap     ] GC(183) Max Capacity: 512M(100%)
[19.136s][info][gc,heap     ] GC(183) Soft Max Capacity: 512M(100%)
[19.136s][info][gc,heap     ] GC(183)                Mark Start          Mark End        Relocate Start      Relocate End           High               Low         
[19.136s][info][gc,heap     ] GC(183)  Capacity:      512M (100%)        512M (100%)        512M (100%)        512M (100%)        512M (100%)        512M (100%)   
[19.136s][info][gc,heap     ] GC(183)      Free:      174M (34%)          88M (17%)         336M (66%)         358M (70%)         360M (70%)          86M (17%)    
[19.136s][info][gc,heap     ] GC(183)      Used:      338M (66%)         424M (83%)         176M (34%)         154M (30%)         426M (83%)         152M (30%)    
[19.136s][info][gc,heap     ] GC(183)      Live:         -                15M (3%)           15M (3%)           15M (3%)             -                  -          
[19.136s][info][gc,heap     ] GC(183) Allocated:         -                86M (17%)         106M (21%)         115M (23%)            -                  -          
[19.136s][info][gc,heap     ] GC(183)   Garbage:         -               322M (63%)          54M (11%)          22M (4%)             -                  -          
[19.136s][info][gc,heap     ] GC(183) Reclaimed:         -                  -               268M (52%)         299M (59%)            -                  -          
[19.136s][info][gc          ] GC(183) Garbage Collection (Allocation Rate) 338M(66%)->154M(30%)
[19.186s][info][gc,start    ] GC(184) Garbage Collection (Allocation Rate)
[19.186s][info][gc,task     ] GC(184) Using 5 workers
[19.186s][info][gc,phases   ] GC(184) Pause Mark Start 0.012ms
[19.217s][info][gc,phases   ] GC(184) Concurrent Mark 31.035ms
[19.217s][info][gc,phases   ] GC(184) Pause Mark End 0.013ms
[19.217s][info][gc,phases   ] GC(184) Concurrent Mark Free 0.001ms
[19.218s][info][gc,phases   ] GC(184) Concurrent Process Non-Strong References 1.139ms
[19.218s][info][gc,phases   ] GC(184) Concurrent Reset Relocation Set 0.003ms
[19.222s][info][gc,phases   ] GC(184) Concurrent Select Relocation Set 3.884ms
[19.222s][info][gc,phases   ] GC(184) Pause Relocate Start 0.006ms
[19.225s][info][gc,phases   ] GC(184) Concurrent Relocate 2.495ms
[19.225s][info][gc,load     ] GC(184) Load: 0.00/0.00/0.00
[19.225s][info][gc,mmu      ] GC(184) MMU: 2ms/98.6%, 5ms/99.5%, 10ms/99.7%, 20ms/99.8%, 50ms/99.9%, 100ms/99.9%
[19.225s][info][gc,marking  ] GC(184) Mark: 4 stripe(s), 2 proactive flush(es), 1 terminate flush(es), 0 completion(s), 0 continuation(s) 
[19.225s][info][gc,marking  ] GC(184) Mark Stack Usage: 32M
[19.225s][info][gc,nmethod  ] GC(184) NMethods: 1351 registered, 46 unregistered
[19.225s][info][gc,metaspace] GC(184) Metaspace: 8M used, 8M committed, 1088M reserved
[19.225s][info][gc,ref      ] GC(184) Soft: 174 encountered, 0 discovered, 0 enqueued
[19.225s][info][gc,ref      ] GC(184) Weak: 570 encountered, 138 discovered, 0 enqueued
[19.225s][info][gc,ref      ] GC(184) Final: 0 encountered, 0 discovered, 0 enqueued
[19.225s][info][gc,ref      ] GC(184) Phantom: 21 encountered, 18 discovered, 0 enqueued
[19.225s][info][gc,reloc    ] GC(184) Small Pages: 138 / 276M, Empty: 242M, Relocated: 3M, In-Place: 0
[19.225s][info][gc,reloc    ] GC(184) Medium Pages: 1 / 16M, Empty: 0M, Relocated: 0M, In-Place: 0
[19.225s][info][gc,reloc    ] GC(184) Large Pages: 0 / 0M, Empty: 0M, Relocated: 0M, In-Place: 0
[19.225s][info][gc,reloc    ] GC(184) Forwarding Usage: 1M
[19.225s][info][gc,heap     ] GC(184) Min Capacity: 8M(2%)
[19.225s][info][gc,heap     ] GC(184) Max Capacity: 512M(100%)
[19.225s][info][gc,heap     ] GC(184) Soft Max Capacity: 512M(100%)
[19.225s][info][gc,heap     ] GC(184)                Mark Start          Mark End        Relocate Start      Relocate End           High               Low         
[19.226s][info][gc,heap     ] GC(184)  Capacity:      512M (100%)        512M (100%)        512M (100%)        512M (100%)        512M (100%)        512M (100%)   
[19.226s][info][gc,heap     ] GC(184)      Free:      220M (43%)         136M (27%)         368M (72%)         370M (72%)         370M (72%)         134M (26%)    
[19.226s][info][gc,heap     ] GC(184)      Used:      292M (57%)         376M (73%)         144M (28%)         142M (28%)         378M (74%)         142M (28%)    
[19.226s][info][gc,heap     ] GC(184)      Live:         -                15M (3%)           15M (3%)           15M (3%)             -                  -          
[19.226s][info][gc,heap     ] GC(184) Allocated:         -                84M (16%)          94M (18%)          99M (20%)            -                  -          
[19.226s][info][gc,heap     ] GC(184)   Garbage:         -               276M (54%)          34M (7%)           26M (5%)             -                  -          
[19.226s][info][gc,heap     ] GC(184) Reclaimed:         -                  -               242M (47%)         249M (49%)            -                  -          
[19.226s][info][gc          ] GC(184) Garbage Collection (Allocation Rate) 292M(57%)->142M(28%)
[19.295s][info][gc,start    ] GC(185) Garbage Collection (Allocation Rate)
[19.295s][info][gc,task     ] GC(185) Using 5 workers
[19.295s][info][gc,phases   ] GC(185) Pause Mark Start 0.011ms
[19.326s][info][gc,phases   ] GC(185) Concurrent Mark 30.959ms
[19.326s][info][gc,phases   ] GC(185) Pause Mark End 0.013ms
[19.327s][info][gc,phases   ] GC(185) Concurrent Mark Free 0.001ms
[19.328s][info][gc,phases   ] GC(185) Concurrent Process Non-Strong References 0.982ms
[19.328s][info][gc,phases   ] GC(185) Concurrent Reset Relocation Set 0.002ms
[19.334s][info][gc,phases   ] GC(185) Concurrent Select Relocation Set 6.303ms
[19.334s][info][gc,phases   ] GC(185) Pause Relocate Start 0.006ms
[19.339s][info][gc,phases   ] GC(185) Concurrent Relocate 4.706ms
[19.339s][info][gc,load     ] GC(185) Load: 0.00/0.00/0.00
[19.339s][info][gc,mmu      ] GC(185) MMU: 2ms/98.6%, 5ms/99.5%, 10ms/99.7%, 20ms/99.8%, 50ms/99.9%, 100ms/99.9%
[19.339s][info][gc,marking  ] GC(185) Mark: 4 stripe(s), 2 proactive flush(es), 1 terminate flush(es), 0 completion(s), 0 continuation(s) 
[19.339s][info][gc,marking  ] GC(185) Mark Stack Usage: 32M
[19.339s][info][gc,nmethod  ] GC(185) NMethods: 1351 registered, 46 unregistered
[19.339s][info][gc,metaspace] GC(185) Metaspace: 8M used, 8M committed, 1088M reserved
[19.339s][info][gc,ref      ] GC(185) Soft: 174 encountered, 0 discovered, 0 enqueued
[19.339s][info][gc,ref      ] GC(185) Weak: 570 encountered, 207 discovered, 0 enqueued
[19.339s][info][gc,ref      ] GC(185) Final: 0 encountered, 0 discovered, 0 enqueued
[19.339s][info][gc,ref      ] GC(185) Phantom: 21 encountered, 18 discovered, 0 enqueued
[19.339s][info][gc,reloc    ] GC(185) Small Pages: 148 / 296M, Empty: 258M, Relocated: 6M, In-Place: 0
[19.339s][info][gc,reloc    ] GC(185) Medium Pages: 2 / 32M, Empty: 0M, Relocated: 1M, In-Place: 0
[19.339s][info][gc,reloc    ] GC(185) Large Pages: 0 / 0M, Empty: 0M, Relocated: 0M, In-Place: 0
[19.339s][info][gc,reloc    ] GC(185) Forwarding Usage: 3M
[19.339s][info][gc,heap     ] GC(185) Min Capacity: 8M(2%)
[19.339s][info][gc,heap     ] GC(185) Max Capacity: 512M(100%)
[19.339s][info][gc,heap     ] GC(185) Soft Max Capacity: 512M(100%)
[19.339s][info][gc,heap     ] GC(185)                Mark Start          Mark End        Relocate Start      Relocate End           High               Low         
[19.339s][info][gc,heap     ] GC(185)  Capacity:      512M (100%)        512M (100%)        512M (100%)        512M (100%)        512M (100%)        512M (100%)   
[19.339s][info][gc,heap     ] GC(185)      Free:      184M (36%)         100M (20%)         338M (66%)         360M (70%)         362M (71%)          98M (19%)    
[19.339s][info][gc,heap     ] GC(185)      Used:      328M (64%)         412M (80%)         174M (34%)         152M (30%)         414M (81%)         150M (29%)    
[19.339s][info][gc,heap     ] GC(185)      Live:         -                16M (3%)           16M (3%)           16M (3%)             -                  -          
[19.339s][info][gc,heap     ] GC(185) Allocated:         -                84M (16%)         104M (20%)         113M (22%)            -                  -          
[19.340s][info][gc,heap     ] GC(185)   Garbage:         -               311M (61%)          53M (10%)          21M (4%)             -                  -          
[19.340s][info][gc,heap     ] GC(185) Reclaimed:         -                  -               258M (50%)         289M (57%)            -                  -          
[19.340s][info][gc          ] GC(185) Garbage Collection (Allocation Rate) 328M(64%)->152M(30%)
[19.390s][info][gc,start    ] GC(186) Garbage Collection (Allocation Rate)
[19.390s][info][gc,task     ] GC(186) Using 5 workers
[19.390s][info][gc,phases   ] GC(186) Pause Mark Start 0.012ms
[19.421s][info][gc,phases   ] GC(186) Concurrent Mark 31.000ms
[19.422s][info][gc,phases   ] GC(186) Pause Mark End 0.012ms
[19.422s][info][gc,phases   ] GC(186) Concurrent Mark Free 0.001ms
[19.423s][info][gc,phases   ] GC(186) Concurrent Process Non-Strong References 1.022ms
[19.423s][info][gc,phases   ] GC(186) Concurrent Reset Relocation Set 0.002ms
[19.427s][info][gc,phases   ] GC(186) Concurrent Select Relocation Set 3.928ms
[19.427s][info][gc,phases   ] GC(186) Pause Relocate Start 0.006ms
[19.431s][info][gc,phases   ] GC(186) Concurrent Relocate 3.796ms
[19.431s][info][gc,load     ] GC(186) Load: 0.00/0.00/0.00
[19.431s][info][gc,mmu      ] GC(186) MMU: 2ms/98.6%, 5ms/99.5%, 10ms/99.7%, 20ms/99.8%, 50ms/99.9%, 100ms/99.9%
[19.431s][info][gc,marking  ] GC(186) Mark: 4 stripe(s), 2 proactive flush(es), 1 terminate flush(es), 0 completion(s), 0 continuation(s) 
[19.431s][info][gc,marking  ] GC(186) Mark Stack Usage: 32M
[19.431s][info][gc,nmethod  ] GC(186) NMethods: 1351 registered, 46 unregistered
[19.431s][info][gc,metaspace] GC(186) Metaspace: 8M used, 8M committed, 1088M reserved
[19.431s][info][gc,ref      ] GC(186) Soft: 174 encountered, 0 discovered, 0 enqueued
[19.431s][info][gc,ref      ] GC(186) Weak: 570 encountered, 168 discovered, 0 enqueued
[19.431s][info][gc,ref      ] GC(186) Final: 0 encountered, 0 discovered, 0 enqueued
[19.431s][info][gc,ref      ] GC(186) Phantom: 21 encountered, 12 discovered, 0 enqueued
[19.431s][info][gc,reloc    ] GC(186) Small Pages: 139 / 278M, Empty: 240M, Relocated: 5M, In-Place: 0
[19.431s][info][gc,reloc    ] GC(186) Medium Pages: 1 / 16M, Empty: 0M, Relocated: 0M, In-Place: 0
[19.431s][info][gc,reloc    ] GC(186) Large Pages: 0 / 0M, Empty: 0M, Relocated: 0M, In-Place: 0
[19.431s][info][gc,reloc    ] GC(186) Forwarding Usage: 2M
[19.431s][info][gc,heap     ] GC(186) Min Capacity: 8M(2%)
[19.431s][info][gc,heap     ] GC(186) Max Capacity: 512M(100%)
[19.431s][info][gc,heap     ] GC(186) Soft Max Capacity: 512M(100%)
[19.431s][info][gc,heap     ] GC(186)                Mark Start          Mark End        Relocate Start      Relocate End           High               Low         
[19.431s][info][gc,heap     ] GC(186)  Capacity:      512M (100%)        512M (100%)        512M (100%)        512M (100%)        512M (100%)        512M (100%)   
[19.431s][info][gc,heap     ] GC(186)      Free:      218M (43%)         134M (26%)         360M (70%)         364M (71%)         364M (71%)         130M (25%)    
[19.431s][info][gc,heap     ] GC(186)      Used:      294M (57%)         378M (74%)         152M (30%)         148M (29%)         382M (75%)         148M (29%)    
[19.431s][info][gc,heap     ] GC(186)      Live:         -                17M (3%)           17M (3%)           17M (3%)             -                  -          
[19.431s][info][gc,heap     ] GC(186) Allocated:         -                84M (16%)          98M (19%)         107M (21%)            -                  -          
[19.431s][info][gc,heap     ] GC(186)   Garbage:         -               276M (54%)          36M (7%)           22M (4%)             -                  -          
[19.431s][info][gc,heap     ] GC(186) Reclaimed:         -                  -               240M (47%)         253M (50%)            -                  -          
[19.431s][info][gc          ] GC(186) Garbage Collection (Allocation Rate) 294M(57%)->148M(29%)
[19.484s][info][gc,start    ] GC(187) Garbage Collection (Allocation Rate)
[19.484s][info][gc,task     ] GC(187) Using 5 workers
[19.484s][info][gc,phases   ] GC(187) Pause Mark Start 0.011ms
[19.515s][info][gc,phases   ] GC(187) Concurrent Mark 30.933ms
[19.515s][info][gc,phases   ] GC(187) Pause Mark End 0.011ms
[19.515s][info][gc,phases   ] GC(187) Concurrent Mark Free 0.001ms
[19.516s][info][gc,phases   ] GC(187) Concurrent Process Non-Strong References 0.832ms
[19.516s][info][gc,phases   ] GC(187) Concurrent Reset Relocation Set 0.004ms
[19.520s][info][gc,phases   ] GC(187) Concurrent Select Relocation Set 3.660ms
[19.520s][info][gc,phases   ] GC(187) Pause Relocate Start 0.005ms
[19.523s][info][gc,phases   ] GC(187) Concurrent Relocate 2.740ms
[19.523s][info][gc,load     ] GC(187) Load: 0.00/0.00/0.00
[19.523s][info][gc,mmu      ] GC(187) MMU: 2ms/98.6%, 5ms/99.5%, 10ms/99.7%, 20ms/99.8%, 50ms/99.9%, 100ms/99.9%
[19.523s][info][gc,marking  ] GC(187) Mark: 4 stripe(s), 2 proactive flush(es), 1 terminate flush(es), 0 completion(s), 0 continuation(s) 
[19.523s][info][gc,marking  ] GC(187) Mark Stack Usage: 32M
[19.523s][info][gc,nmethod  ] GC(187) NMethods: 1351 registered, 46 unregistered
[19.523s][info][gc,metaspace] GC(187) Metaspace: 8M used, 8M committed, 1088M reserved
[19.523s][info][gc,ref      ] GC(187) Soft: 174 encountered, 0 discovered, 0 enqueued
[19.523s][info][gc,ref      ] GC(187) Weak: 570 encountered, 235 discovered, 0 enqueued
[19.523s][info][gc,ref      ] GC(187) Final: 0 encountered, 0 discovered, 0 enqueued
[19.523s][info][gc,ref      ] GC(187) Phantom: 21 encountered, 15 discovered, 0 enqueued
[19.523s][info][gc,reloc    ] GC(187) Small Pages: 128 / 256M, Empty: 218M, Relocated: 3M, In-Place: 0
[19.523s][info][gc,reloc    ] GC(187) Medium Pages: 1 / 16M, Empty: 0M, Relocated: 0M, In-Place: 0
[19.523s][info][gc,reloc    ] GC(187) Large Pages: 0 / 0M, Empty: 0M, Relocated: 0M, In-Place: 0
[19.523s][info][gc,reloc    ] GC(187) Forwarding Usage: 1M
[19.523s][info][gc,heap     ] GC(187) Min Capacity: 8M(2%)
[19.523s][info][gc,heap     ] GC(187) Max Capacity: 512M(100%)
[19.523s][info][gc,heap     ] GC(187) Soft Max Capacity: 512M(100%)
[19.523s][info][gc,heap     ] GC(187)                Mark Start          Mark End        Relocate Start      Relocate End           High               Low         
[19.523s][info][gc,heap     ] GC(187)  Capacity:      512M (100%)        512M (100%)        512M (100%)        512M (100%)        512M (100%)        512M (100%)   
[19.524s][info][gc,heap     ] GC(187)      Free:      240M (47%)         158M (31%)         362M (71%)         366M (71%)         366M (71%)         154M (30%)    
[19.524s][info][gc,heap     ] GC(187)      Used:      272M (53%)         354M (69%)         150M (29%)         146M (29%)         358M (70%)         146M (29%)    
[19.524s][info][gc,heap     ] GC(187)      Live:         -                17M (3%)           17M (3%)           17M (3%)             -                  -          
[19.524s][info][gc,heap     ] GC(187) Allocated:         -                82M (16%)          96M (19%)         101M (20%)            -                  -          
[19.524s][info][gc,heap     ] GC(187)   Garbage:         -               254M (50%)          36M (7%)           26M (5%)             -                  -          
[19.524s][info][gc,heap     ] GC(187) Reclaimed:         -                  -               218M (43%)         227M (45%)            -                  -          
[19.524s][info][gc          ] GC(187) Garbage Collection (Allocation Rate) 272M(53%)->146M(29%)
[19.593s][info][gc,start    ] GC(188) Garbage Collection (Allocation Rate)
[19.633s][info][gc,task     ] GC(188) Using 5 workers
[19.633s][info][gc,phases   ] GC(188) Pause Mark Start 0.013ms
[19.656s][info][gc,phases   ] GC(188) Concurrent Mark 22.366ms
[19.656s][info][gc,phases   ] GC(188) Pause Mark End 0.013ms
[19.656s][info][gc,phases   ] GC(188) Concurrent Mark Free 0.001ms
[19.657s][info][gc,phases   ] GC(188) Concurrent Process Non-Strong References 0.936ms
[19.657s][info][gc,phases   ] GC(188) Concurrent Reset Relocation Set 0.002ms
[19.664s][info][gc,phases   ] GC(188) Concurrent Select Relocation Set 6.864ms
[19.664s][info][gc,phases   ] GC(188) Pause Relocate Start 0.007ms
[19.669s][info][gc,phases   ] GC(188) Concurrent Relocate 4.738ms
[19.669s][info][gc,load     ] GC(188) Load: 0.00/0.00/0.00
[19.669s][info][gc,mmu      ] GC(188) MMU: 2ms/98.6%, 5ms/99.5%, 10ms/99.7%, 20ms/99.8%, 50ms/99.9%, 100ms/99.9%
[19.669s][info][gc,marking  ] GC(188) Mark: 4 stripe(s), 2 proactive flush(es), 1 terminate flush(es), 0 completion(s), 0 continuation(s) 
[19.669s][info][gc,marking  ] GC(188) Mark Stack Usage: 32M
[19.669s][info][gc,nmethod  ] GC(188) NMethods: 1351 registered, 46 unregistered
[19.669s][info][gc,metaspace] GC(188) Metaspace: 8M used, 8M committed, 1088M reserved
[19.669s][info][gc,ref      ] GC(188) Soft: 174 encountered, 0 discovered, 0 enqueued
[19.669s][info][gc,ref      ] GC(188) Weak: 570 encountered, 337 discovered, 0 enqueued
[19.669s][info][gc,ref      ] GC(188) Final: 0 encountered, 0 discovered, 0 enqueued
[19.669s][info][gc,ref      ] GC(188) Phantom: 21 encountered, 18 discovered, 0 enqueued
[19.669s][info][gc,reloc    ] GC(188) Small Pages: 215 / 430M, Empty: 382M, Relocated: 8M, In-Place: 0
[19.669s][info][gc,reloc    ] GC(188) Medium Pages: 1 / 16M, Empty: 0M, Relocated: 0M, In-Place: 0
[19.669s][info][gc,reloc    ] GC(188) Large Pages: 0 / 0M, Empty: 0M, Relocated: 0M, In-Place: 0
[19.669s][info][gc,reloc    ] GC(188) Forwarding Usage: 3M
[19.669s][info][gc,heap     ] GC(188) Min Capacity: 8M(2%)
[19.669s][info][gc,heap     ] GC(188) Max Capacity: 512M(100%)
[19.669s][info][gc,heap     ] GC(188) Soft Max Capacity: 512M(100%)
[19.669s][info][gc,heap     ] GC(188)                Mark Start          Mark End        Relocate Start      Relocate End           High               Low         
[19.669s][info][gc,heap     ] GC(188)  Capacity:      512M (100%)        512M (100%)        512M (100%)        512M (100%)        512M (100%)        512M (100%)   
[19.669s][info][gc,heap     ] GC(188)      Free:       66M (13%)          32M (6%)          412M (80%)         434M (85%)         434M (85%)          30M (6%)     
[19.670s][info][gc,heap     ] GC(188)      Used:      446M (87%)         480M (94%)         100M (20%)          78M (15%)         482M (94%)          78M (15%)    
[19.670s][info][gc,heap     ] GC(188)      Live:         -                18M (4%)           18M (4%)           18M (4%)             -                  -          
[19.670s][info][gc,heap     ] GC(188) Allocated:         -                34M (7%)           36M (7%)           37M (7%)             -                  -          
[19.670s][info][gc,heap     ] GC(188)   Garbage:         -               427M (83%)          45M (9%)           21M (4%)             -                  -          
[19.670s][info][gc,heap     ] GC(188) Reclaimed:         -                  -               382M (75%)         405M (79%)            -                  -          
[19.670s][info][gc          ] GC(188) Garbage Collection (Allocation Rate) 446M(87%)->78M(15%)
[19.687s][info][gc,start    ] GC(189) Garbage Collection (Allocation Rate)
[19.687s][info][gc,task     ] GC(189) Using 5 workers
[19.687s][info][gc,phases   ] GC(189) Pause Mark Start 0.012ms
[19.718s][info][gc,phases   ] GC(189) Concurrent Mark 30.990ms
[19.718s][info][gc,phases   ] GC(189) Pause Mark End 0.014ms
[19.718s][info][gc,phases   ] GC(189) Concurrent Mark Free 0.001ms
[19.719s][info][gc,phases   ] GC(189) Concurrent Process Non-Strong References 0.980ms
[19.720s][info][gc,phases   ] GC(189) Concurrent Reset Relocation Set 0.004ms
[19.723s][info][gc,phases   ] GC(189) Concurrent Select Relocation Set 3.867ms
[19.724s][info][gc,phases   ] GC(189) Pause Relocate Start 0.009ms
[19.728s][info][gc,phases   ] GC(189) Concurrent Relocate 4.529ms
[19.728s][info][gc,load     ] GC(189) Load: 0.00/0.00/0.00
[19.728s][info][gc,mmu      ] GC(189) MMU: 2ms/98.6%, 5ms/99.5%, 10ms/99.7%, 20ms/99.8%, 50ms/99.9%, 100ms/99.9%
[19.728s][info][gc,marking  ] GC(189) Mark: 4 stripe(s), 3 proactive flush(es), 1 terminate flush(es), 0 completion(s), 0 continuation(s) 
[19.728s][info][gc,marking  ] GC(189) Mark Stack Usage: 32M
[19.728s][info][gc,nmethod  ] GC(189) NMethods: 1351 registered, 46 unregistered
[19.728s][info][gc,metaspace] GC(189) Metaspace: 8M used, 8M committed, 1088M reserved
[19.728s][info][gc,ref      ] GC(189) Soft: 174 encountered, 0 discovered, 0 enqueued
[19.728s][info][gc,ref      ] GC(189) Weak: 570 encountered, 9 discovered, 0 enqueued
[19.728s][info][gc,ref      ] GC(189) Final: 0 encountered, 0 discovered, 0 enqueued
[19.728s][info][gc,ref      ] GC(189) Phantom: 21 encountered, 13 discovered, 0 enqueued
[19.728s][info][gc,reloc    ] GC(189) Small Pages: 26 / 52M, Empty: 14M, Relocated: 4M, In-Place: 0
[19.728s][info][gc,reloc    ] GC(189) Medium Pages: 2 / 32M, Empty: 0M, Relocated: 3M, In-Place: 0
[19.729s][info][gc,reloc    ] GC(189) Large Pages: 0 / 0M, Empty: 0M, Relocated: 0M, In-Place: 0
[19.729s][info][gc,reloc    ] GC(189) Forwarding Usage: 2M
[19.729s][info][gc,heap     ] GC(189) Min Capacity: 8M(2%)
[19.729s][info][gc,heap     ] GC(189) Max Capacity: 512M(100%)
[19.729s][info][gc,heap     ] GC(189) Soft Max Capacity: 512M(100%)
[19.729s][info][gc,heap     ] GC(189)                Mark Start          Mark End        Relocate Start      Relocate End           High               Low         
[19.729s][info][gc,heap     ] GC(189)  Capacity:      512M (100%)        512M (100%)        512M (100%)        512M (100%)        512M (100%)        512M (100%)   
[19.729s][info][gc,heap     ] GC(189)      Free:      428M (84%)         386M (75%)         386M (75%)         396M (77%)         428M (84%)         364M (71%)    
[19.729s][info][gc,heap     ] GC(189)      Used:       84M (16%)         126M (25%)         126M (25%)         116M (23%)         148M (29%)          84M (16%)    
[19.729s][info][gc,heap     ] GC(189)      Live:         -                27M (5%)           27M (5%)           27M (5%)             -                  -          
[19.729s][info][gc,heap     ] GC(189) Allocated:         -                42M (8%)           56M (11%)          67M (13%)            -                  -          
[19.729s][info][gc,heap     ] GC(189)   Garbage:         -                56M (11%)          42M (8%)           20M (4%)             -                  -          
[19.729s][info][gc,heap     ] GC(189) Reclaimed:         -                  -                14M (3%)           35M (7%)             -                  -          
[19.729s][info][gc          ] GC(189) Garbage Collection (Allocation Rate) 84M(16%)->116M(23%)
[19.781s][info][gc,start    ] GC(190) Garbage Collection (Allocation Rate)
[19.781s][info][gc,task     ] GC(190) Using 5 workers
[19.781s][info][gc,phases   ] GC(190) Pause Mark Start 0.011ms
[19.812s][info][gc,phases   ] GC(190) Concurrent Mark 30.993ms
[19.812s][info][gc,phases   ] GC(190) Pause Mark End 0.014ms
[19.812s][info][gc,phases   ] GC(190) Concurrent Mark Free 0.001ms
[19.813s][info][gc,phases   ] GC(190) Concurrent Process Non-Strong References 1.002ms
[19.813s][info][gc,phases   ] GC(190) Concurrent Reset Relocation Set 0.002ms
[19.817s][info][gc,phases   ] GC(190) Concurrent Select Relocation Set 3.619ms
[19.817s][info][gc,phases   ] GC(190) Pause Relocate Start 0.005ms
[19.820s][info][gc,phases   ] GC(190) Concurrent Relocate 2.811ms
[19.820s][info][gc,load     ] GC(190) Load: 0.00/0.00/0.00
[19.820s][info][gc,mmu      ] GC(190) MMU: 2ms/98.6%, 5ms/99.5%, 10ms/99.7%, 20ms/99.8%, 50ms/99.9%, 100ms/99.9%
[19.820s][info][gc,marking  ] GC(190) Mark: 4 stripe(s), 2 proactive flush(es), 1 terminate flush(es), 0 completion(s), 0 continuation(s) 
[19.820s][info][gc,marking  ] GC(190) Mark Stack Usage: 32M
[19.820s][info][gc,nmethod  ] GC(190) NMethods: 1351 registered, 46 unregistered
[19.820s][info][gc,metaspace] GC(190) Metaspace: 8M used, 8M committed, 1088M reserved
[19.820s][info][gc,ref      ] GC(190) Soft: 174 encountered, 0 discovered, 0 enqueued
[19.820s][info][gc,ref      ] GC(190) Weak: 570 encountered, 31 discovered, 0 enqueued
[19.820s][info][gc,ref      ] GC(190) Final: 0 encountered, 0 discovered, 0 enqueued
[19.820s][info][gc,ref      ] GC(190) Phantom: 21 encountered, 14 discovered, 0 enqueued
[19.820s][info][gc,reloc    ] GC(190) Small Pages: 112 / 224M, Empty: 182M, Relocated: 5M, In-Place: 0
[19.820s][info][gc,reloc    ] GC(190) Medium Pages: 2 / 32M, Empty: 0M, Relocated: 1M, In-Place: 0
[19.820s][info][gc,reloc    ] GC(190) Large Pages: 0 / 0M, Empty: 0M, Relocated: 0M, In-Place: 0
[19.820s][info][gc,reloc    ] GC(190) Forwarding Usage: 2M
[19.820s][info][gc,heap     ] GC(190) Min Capacity: 8M(2%)
[19.820s][info][gc,heap     ] GC(190) Max Capacity: 512M(100%)
[19.820s][info][gc,heap     ] GC(190) Soft Max Capacity: 512M(100%)
[19.820s][info][gc,heap     ] GC(190)                Mark Start          Mark End        Relocate Start      Relocate End           High               Low         
[19.820s][info][gc,heap     ] GC(190)  Capacity:      512M (100%)        512M (100%)        512M (100%)        512M (100%)        512M (100%)        512M (100%)   
[19.821s][info][gc,heap     ] GC(190)      Free:      256M (50%)         174M (34%)         342M (67%)         366M (71%)         366M (71%)         170M (33%)    
[19.821s][info][gc,heap     ] GC(190)      Used:      256M (50%)         338M (66%)         170M (33%)         146M (29%)         342M (67%)         146M (29%)    
[19.821s][info][gc,heap     ] GC(190)      Live:         -                19M (4%)           19M (4%)           19M (4%)             -                  -          
[19.821s][info][gc,heap     ] GC(190) Allocated:         -                82M (16%)          96M (19%)         101M (20%)            -                  -          
[19.821s][info][gc,heap     ] GC(190)   Garbage:         -               236M (46%)          54M (11%)          24M (5%)             -                  -          
[19.821s][info][gc,heap     ] GC(190) Reclaimed:         -                  -               182M (36%)         211M (41%)            -                  -          
[19.821s][info][gc          ] GC(190) Garbage Collection (Allocation Rate) 256M(50%)->146M(29%)
[19.880s][info][gc,start    ] GC(191) Garbage Collection (Allocation Rate)
[19.880s][info][gc,task     ] GC(191) Using 5 workers
[19.880s][info][gc,phases   ] GC(191) Pause Mark Start 0.011ms
[19.905s][info][gc,phases   ] GC(191) Concurrent Mark 24.718ms
[19.905s][info][gc,phases   ] GC(191) Pause Mark End 0.013ms
[19.905s][info][gc,phases   ] GC(191) Concurrent Mark Free 0.001ms
[19.906s][info][gc,phases   ] GC(191) Concurrent Process Non-Strong References 0.979ms
[19.906s][info][gc,phases   ] GC(191) Concurrent Reset Relocation Set 0.003ms
[19.913s][info][gc,phases   ] GC(191) Concurrent Select Relocation Set 7.393ms
[19.914s][info][gc,phases   ] GC(191) Pause Relocate Start 0.007ms
[19.917s][info][gc,phases   ] GC(191) Concurrent Relocate 3.355ms
[19.917s][info][gc,load     ] GC(191) Load: 0.00/0.00/0.00
[19.917s][info][gc,mmu      ] GC(191) MMU: 2ms/98.6%, 5ms/99.5%, 10ms/99.7%, 20ms/99.8%, 50ms/99.9%, 100ms/99.9%
[19.917s][info][gc,marking  ] GC(191) Mark: 4 stripe(s), 2 proactive flush(es), 1 terminate flush(es), 0 completion(s), 0 continuation(s) 
[19.917s][info][gc,marking  ] GC(191) Mark Stack Usage: 32M
[19.917s][info][gc,nmethod  ] GC(191) NMethods: 1351 registered, 46 unregistered
[19.917s][info][gc,metaspace] GC(191) Metaspace: 8M used, 8M committed, 1088M reserved
[19.917s][info][gc,ref      ] GC(191) Soft: 174 encountered, 0 discovered, 0 enqueued
[19.917s][info][gc,ref      ] GC(191) Weak: 570 encountered, 130 discovered, 0 enqueued
[19.917s][info][gc,ref      ] GC(191) Final: 0 encountered, 0 discovered, 0 enqueued
[19.917s][info][gc,ref      ] GC(191) Phantom: 21 encountered, 18 discovered, 0 enqueued
[19.917s][info][gc,reloc    ] GC(191) Small Pages: 147 / 294M, Empty: 248M, Relocated: 6M, In-Place: 0
[19.917s][info][gc,reloc    ] GC(191) Medium Pages: 1 / 16M, Empty: 0M, Relocated: 0M, In-Place: 0
[19.917s][info][gc,reloc    ] GC(191) Large Pages: 0 / 0M, Empty: 0M, Relocated: 0M, In-Place: 0
[19.917s][info][gc,reloc    ] GC(191) Forwarding Usage: 3M
[19.917s][info][gc,heap     ] GC(191) Min Capacity: 8M(2%)
[19.917s][info][gc,heap     ] GC(191) Max Capacity: 512M(100%)
[19.917s][info][gc,heap     ] GC(191) Soft Max Capacity: 512M(100%)
[19.917s][info][gc,heap     ] GC(191)                Mark Start          Mark End        Relocate Start      Relocate End           High               Low         
[19.918s][info][gc,heap     ] GC(191)  Capacity:      512M (100%)        512M (100%)        512M (100%)        512M (100%)        512M (100%)        512M (100%)   
[19.918s][info][gc,heap     ] GC(191)      Free:      202M (39%)         140M (27%)         374M (73%)         384M (75%)         386M (75%)         138M (27%)    
[19.918s][info][gc,heap     ] GC(191)      Used:      310M (61%)         372M (73%)         138M (27%)         128M (25%)         374M (73%)         126M (25%)    
[19.918s][info][gc,heap     ] GC(191)      Live:         -                20M (4%)           20M (4%)           20M (4%)             -                  -          
[19.918s][info][gc,heap     ] GC(191) Allocated:         -                62M (12%)          76M (15%)          83M (16%)            -                  -          
[19.918s][info][gc,heap     ] GC(191)   Garbage:         -               289M (57%)          41M (8%)           23M (5%)             -                  -          
[19.918s][info][gc,heap     ] GC(191) Reclaimed:         -                  -               248M (48%)         265M (52%)            -                  -          
[19.918s][info][gc          ] GC(191) Garbage Collection (Allocation Rate) 310M(61%)->128M(25%)
[19.981s][info][gc,start    ] GC(192) Garbage Collection (Allocation Rate)
[19.981s][info][gc,task     ] GC(192) Using 5 workers
[19.981s][info][gc,phases   ] GC(192) Pause Mark Start 0.009ms
[20.008s][info][gc,phases   ] GC(192) Concurrent Mark 26.740ms
[20.008s][info][gc,phases   ] GC(192) Pause Mark End 0.013ms
[20.008s][info][gc,phases   ] GC(192) Concurrent Mark Free 0.001ms
[20.009s][info][gc,phases   ] GC(192) Concurrent Process Non-Strong References 0.916ms
[20.009s][info][gc,phases   ] GC(192) Concurrent Reset Relocation Set 0.004ms
[20.013s][info][gc,phases   ] GC(192) Concurrent Select Relocation Set 3.748ms
[20.013s][info][gc,phases   ] GC(192) Pause Relocate Start 0.006ms
[20.017s][info][gc,phases   ] GC(192) Concurrent Relocate 4.656ms
[20.017s][info][gc,load     ] GC(192) Load: 0.00/0.00/0.00
[20.017s][info][gc,mmu      ] GC(192) MMU: 2ms/98.6%, 5ms/99.5%, 10ms/99.7%, 20ms/99.8%, 50ms/99.9%, 100ms/99.9%
[20.017s][info][gc,marking  ] GC(192) Mark: 4 stripe(s), 2 proactive flush(es), 1 terminate flush(es), 0 completion(s), 0 continuation(s) 
[20.018s][info][gc,marking  ] GC(192) Mark Stack Usage: 32M
[20.018s][info][gc,nmethod  ] GC(192) NMethods: 1351 registered, 46 unregistered
[20.018s][info][gc,metaspace] GC(192) Metaspace: 8M used, 8M committed, 1088M reserved
[20.018s][info][gc,ref      ] GC(192) Soft: 174 encountered, 0 discovered, 0 enqueued
[20.018s][info][gc,ref      ] GC(192) Weak: 570 encountered, 131 discovered, 0 enqueued
[20.018s][info][gc,ref      ] GC(192) Final: 0 encountered, 0 discovered, 0 enqueued
[20.018s][info][gc,ref      ] GC(192) Phantom: 21 encountered, 18 discovered, 0 enqueued
[20.018s][info][gc,reloc    ] GC(192) Small Pages: 129 / 258M, Empty: 214M, Relocated: 6M, In-Place: 0
[20.018s][info][gc,reloc    ] GC(192) Medium Pages: 2 / 32M, Empty: 0M, Relocated: 1M, In-Place: 0
[20.018s][info][gc,reloc    ] GC(192) Large Pages: 0 / 0M, Empty: 0M, Relocated: 0M, In-Place: 0
[20.018s][info][gc,reloc    ] GC(192) Forwarding Usage: 3M
[20.018s][info][gc,heap     ] GC(192) Min Capacity: 8M(2%)
[20.018s][info][gc,heap     ] GC(192) Max Capacity: 512M(100%)
[20.018s][info][gc,heap     ] GC(192) Soft Max Capacity: 512M(100%)
[20.018s][info][gc,heap     ] GC(192)                Mark Start          Mark End        Relocate Start      Relocate End           High               Low         
[20.018s][info][gc,heap     ] GC(192)  Capacity:      512M (100%)        512M (100%)        512M (100%)        512M (100%)        512M (100%)        512M (100%)   
[20.018s][info][gc,heap     ] GC(192)      Free:      222M (43%)         148M (29%)         350M (68%)         370M (72%)         376M (73%)         146M (29%)    
[20.018s][info][gc,heap     ] GC(192)      Used:      290M (57%)         364M (71%)         162M (32%)         142M (28%)         366M (71%)         136M (27%)    
[20.018s][info][gc,heap     ] GC(192)      Live:         -                21M (4%)           21M (4%)           21M (4%)             -                  -          
[20.018s][info][gc,heap     ] GC(192) Allocated:         -                74M (14%)          86M (17%)          97M (19%)            -                  -          
[20.018s][info][gc,heap     ] GC(192)   Garbage:         -               268M (52%)          54M (11%)          22M (4%)             -                  -          
[20.018s][info][gc,heap     ] GC(192) Reclaimed:         -                  -               214M (42%)         245M (48%)            -                  -          
[20.018s][info][gc          ] GC(192) Garbage Collection (Allocation Rate) 290M(57%)->142M(28%)
[20.080s][info][gc,stats    ] === Garbage Collection Statistics =======================================================================================================================
[20.080s][info][gc,stats    ]                                                              Last 10s              Last 10m              Last 10h                Total
[20.080s][info][gc,stats    ]                                                              Avg / Max             Avg / Max             Avg / Max             Avg / Max
[20.080s][info][gc,stats    ]   Collector: Garbage Collection Cycle                     39.622 / 81.709       37.771 / 81.709       37.771 / 81.709       37.771 / 81.709      ms
[20.080s][info][gc,stats    ]  Contention: Mark Segment Reset Contention                    14 / 20               14 / 23               14 / 23               14 / 23          ops/s
[20.080s][info][gc,stats    ]  Contention: Mark SeqNum Reset Contention                      3 / 9                 3 / 9                 3 / 9                 3 / 9           ops/s
[20.080s][info][gc,stats    ]    Critical: Allocation Stall                                  0 / 0                 0 / 0                 0 / 0                 0 / 0           ops/s
[20.080s][info][gc,stats    ]    Critical: Allocation Stall                              0.000 / 0.000         0.000 / 0.000         0.000 / 0.000         0.000 / 0.000       ms
[20.080s][info][gc,stats    ]    Critical: GC Locker Stall                                   0 / 0                 0 / 0                 0 / 0                 0 / 0           ops/s
[20.080s][info][gc,stats    ]    Critical: GC Locker Stall                               0.000 / 0.000         0.000 / 0.000         0.000 / 0.000         0.000 / 0.000       ms
[20.080s][info][gc,stats    ]    Critical: Relocation Stall                                  0 / 0                 0 / 0                 0 / 0                 0 / 0           ops/s
[20.080s][info][gc,stats    ]    Critical: Relocation Stall                              0.000 / 0.000         0.000 / 0.000         0.000 / 0.000         0.000 / 0.000       ms
[20.080s][info][gc,stats    ]      Memory: Allocation Rate                                2287 / 2568           2114 / 2568           2114 / 2568           2114 / 2568        MB/s
[20.080s][info][gc,stats    ]      Memory: Defragment                                        1 / 8                 0 / 8                 0 / 8                 0 / 8           ops/s
[20.080s][info][gc,stats    ]      Memory: Out Of Memory                                     0 / 0                 0 / 0                 0 / 0                 0 / 0           ops/s
[20.080s][info][gc,stats    ]      Memory: Page Cache Flush                                 10 / 52                5 / 52                5 / 52                5 / 52          MB/s
[20.080s][info][gc,stats    ]      Memory: Page Cache Hit L1                              1166 / 1315           1070 / 1315           1070 / 1315           1070 / 1315        ops/s
[20.080s][info][gc,stats    ]      Memory: Page Cache Hit L2                                 0 / 0                 0 / 0                 0 / 0                 0 / 0           ops/s
[20.080s][info][gc,stats    ]      Memory: Page Cache Hit L3                                 3 / 11               12 / 138              12 / 138              12 / 138         ops/s
[20.080s][info][gc,stats    ]      Memory: Page Cache Miss                                   0 / 4                 0 / 4                 0 / 4                 0 / 4           ops/s
[20.080s][info][gc,stats    ]      Memory: Uncommit                                          0 / 0                 0 / 0                 0 / 0                 0 / 0           MB/s
[20.080s][info][gc,stats    ]      Memory: Undo Object Allocation Failed                     0 / 0                 0 / 0                 0 / 0                 0 / 0           ops/s
[20.080s][info][gc,stats    ]      Memory: Undo Object Allocation Succeeded                  1 / 4                 1 / 4                 1 / 4                 1 / 4           ops/s
[20.080s][info][gc,stats    ]      Memory: Undo Page Allocation                              0 / 0                 0 / 0                 0 / 0                 0 / 0           ops/s
[20.080s][info][gc,stats    ]       Phase: Concurrent Mark                              28.182 / 46.690       26.927 / 46.690       26.927 / 46.690       26.927 / 46.690      ms
[20.080s][info][gc,stats    ]       Phase: Concurrent Mark Continue                      0.000 / 0.000         0.000 / 0.000         0.000 / 0.000         0.000 / 0.000       ms
[20.080s][info][gc,stats    ]       Phase: Concurrent Mark Free                          0.001 / 0.002         0.001 / 0.002         0.001 / 0.002         0.001 / 0.002       ms
[20.081s][info][gc,start    ] GC(193) Garbage Collection (Allocation Rate)
[20.081s][info][gc,stats    ]       Phase: Concurrent Process Non-Strong References      0.985 / 1.256         0.969 / 1.410         0.969 / 1.410         0.969 / 1.410       ms
[20.081s][info][gc,task     ] GC(193) Using 5 workers
[20.081s][info][gc,stats    ]       Phase: Concurrent Relocate                           3.392 / 6.106         3.335 / 6.172         3.335 / 6.172         3.335 / 6.172       ms
[20.081s][info][gc,stats    ]       Phase: Concurrent Reset Relocation Set               0.002 / 0.004         0.002 / 0.004         0.002 / 0.004         0.002 / 0.004       ms
[20.081s][info][gc,phases   ] GC(193) Pause Mark Start 0.011ms
[20.081s][info][gc,stats    ]       Phase: Concurrent Select Relocation Set              5.134 / 7.987         5.174 / 14.790        5.174 / 14.790        5.174 / 14.790      ms
[20.081s][info][gc,stats    ]       Phase: Pause Mark End                                0.012 / 0.018         0.013 / 0.027         0.013 / 0.027         0.013 / 0.027       ms
[20.081s][info][gc,stats    ]       Phase: Pause Mark Start                              0.011 / 0.014         0.011 / 0.016         0.011 / 0.016         0.011 / 0.016       ms
[20.081s][info][gc,stats    ]       Phase: Pause Relocate Start                          0.006 / 0.009         0.006 / 0.009         0.006 / 0.009         0.006 / 0.009       ms
[20.081s][info][gc,stats    ]    Subphase: Concurrent Classes Purge                      0.004 / 0.018         0.011 / 0.415         0.011 / 0.415         0.011 / 0.415       ms
[20.081s][info][gc,stats    ]    Subphase: Concurrent Classes Unlink                     0.682 / 0.868         0.669 / 0.868         0.669 / 0.868         0.669 / 0.868       ms
[20.081s][info][gc,stats    ]    Subphase: Concurrent Mark                              25.659 / 45.890       24.540 / 45.890       24.540 / 45.890       24.540 / 45.890      ms
[20.081s][info][gc,stats    ]    Subphase: Concurrent Mark Try Flush                     0.031 / 0.229         0.033 / 0.229         0.033 / 0.229         0.033 / 0.229       ms
[20.081s][info][gc,stats    ]    Subphase: Concurrent Mark Try Terminate                 5.652 / 16.655        5.005 / 16.664        5.005 / 16.664        5.005 / 16.664      ms
[20.081s][info][gc,stats    ]    Subphase: Concurrent References Enqueue                 0.000 / 0.001         0.000 / 0.004         0.000 / 0.004         0.000 / 0.004       ms
[20.081s][info][gc,stats    ]    Subphase: Concurrent References Process                 0.035 / 0.071         0.035 / 0.071         0.035 / 0.071         0.035 / 0.071       ms
[20.081s][info][gc,stats    ]    Subphase: Concurrent Roots ClassLoaderDataGraph         0.117 / 0.525         0.119 / 0.572         0.119 / 0.572         0.119 / 0.572       ms
[20.081s][info][gc,stats    ]    Subphase: Concurrent Roots CodeCache                    0.000 / 0.000         0.000 / 0.000         0.000 / 0.000         0.000 / 0.000       ms
[20.081s][info][gc,stats    ]    Subphase: Concurrent Roots JavaThreads                  0.304 / 0.839         0.317 / 1.270         0.317 / 1.270         0.317 / 1.270       ms
[20.081s][info][gc,stats    ]    Subphase: Concurrent Roots OopStorageSet                0.015 / 0.059         0.017 / 0.134         0.017 / 0.134         0.017 / 0.134       ms
[20.081s][info][gc,stats    ]    Subphase: Concurrent Weak Roots OopStorageSet           0.198 / 0.350         0.188 / 0.350         0.188 / 0.350         0.188 / 0.350       ms
[20.081s][info][gc,stats    ]    Subphase: Pause Mark Try Complete                       0.000 / 0.000         0.000 / 0.000         0.000 / 0.000         0.000 / 0.000       ms
[20.081s][info][gc,stats    ]      System: Java Threads                                     12 / 13               14 / 23               14 / 23               14 / 23          threads
[20.081s][info][gc,stats    ] =========================================================================================================================================================
[20.107s][info][gc,phases   ] GC(193) Concurrent Mark 26.696ms
[20.108s][info][gc,phases   ] GC(193) Pause Mark End 0.012ms
[20.108s][info][gc,phases   ] GC(193) Concurrent Mark Free 0.001ms
[20.108s][info][gc,phases   ] GC(193) Concurrent Process Non-Strong References 0.856ms
[20.109s][info][gc,phases   ] GC(193) Concurrent Reset Relocation Set 0.003ms
[20.112s][info][gc,phases   ] GC(193) Concurrent Select Relocation Set 3.761ms
[20.112s][info][gc,phases   ] GC(193) Pause Relocate Start 0.004ms
[20.115s][info][gc,phases   ] GC(193) Concurrent Relocate 2.968ms
[20.115s][info][gc,load     ] GC(193) Load: 0.00/0.00/0.00
[20.116s][info][gc,mmu      ] GC(193) MMU: 2ms/98.6%, 5ms/99.5%, 10ms/99.7%, 20ms/99.8%, 50ms/99.9%, 100ms/99.9%
[20.116s][info][gc,marking  ] GC(193) Mark: 4 stripe(s), 2 proactive flush(es), 1 terminate flush(es), 0 completion(s), 0 continuation(s) 
[20.116s][info][gc,marking  ] GC(193) Mark Stack Usage: 32M
[20.116s][info][gc,nmethod  ] GC(193) NMethods: 1351 registered, 46 unregistered
[20.116s][info][gc,metaspace] GC(193) Metaspace: 8M used, 8M committed, 1088M reserved
[20.116s][info][gc,ref      ] GC(193) Soft: 174 encountered, 0 discovered, 0 enqueued
[20.116s][info][gc,ref      ] GC(193) Weak: 570 encountered, 7 discovered, 0 enqueued
[20.116s][info][gc,ref      ] GC(193) Final: 0 encountered, 0 discovered, 0 enqueued
[20.116s][info][gc,ref      ] GC(193) Phantom: 21 encountered, 16 discovered, 0 enqueued
[20.116s][info][gc,reloc    ] GC(193) Small Pages: 148 / 296M, Empty: 254M, Relocated: 6M, In-Place: 0
[20.116s][info][gc,reloc    ] GC(193) Medium Pages: 1 / 16M, Empty: 0M, Relocated: 0M, In-Place: 0
[20.116s][info][gc,reloc    ] GC(193) Large Pages: 0 / 0M, Empty: 0M, Relocated: 0M, In-Place: 0
[20.116s][info][gc,reloc    ] GC(193) Forwarding Usage: 2M
[20.116s][info][gc,heap     ] GC(193) Min Capacity: 8M(2%)
[20.116s][info][gc,heap     ] GC(193) Max Capacity: 512M(100%)
[20.116s][info][gc,heap     ] GC(193) Soft Max Capacity: 512M(100%)
[20.116s][info][gc,heap     ] GC(193)                Mark Start          Mark End        Relocate Start      Relocate End           High               Low         
[20.116s][info][gc,heap     ] GC(193)  Capacity:      512M (100%)        512M (100%)        512M (100%)        512M (100%)        512M (100%)        512M (100%)   
[20.116s][info][gc,heap     ] GC(193)      Free:      200M (39%)         128M (25%)         370M (72%)         378M (74%)         378M (74%)         126M (25%)    
[20.116s][info][gc,heap     ] GC(193)      Used:      312M (61%)         384M (75%)         142M (28%)         134M (26%)         386M (75%)         134M (26%)    
[20.116s][info][gc,heap     ] GC(193)      Live:         -                22M (4%)           22M (4%)           22M (4%)             -                  -          
[20.116s][info][gc,heap     ] GC(193) Allocated:         -                72M (14%)          84M (16%)          91M (18%)            -                  -          
[20.116s][info][gc,heap     ] GC(193)   Garbage:         -               289M (57%)          35M (7%)           19M (4%)             -                  -          
[20.116s][info][gc,heap     ] GC(193) Reclaimed:         -                  -               254M (50%)         269M (53%)            -                  -          
[20.116s][info][gc          ] GC(193) Garbage Collection (Allocation Rate) 312M(61%)->134M(26%)
[20.180s][info][gc,start    ] GC(194) Garbage Collection (Allocation Rate)
[20.180s][info][gc,task     ] GC(194) Using 5 workers
[20.181s][info][gc,phases   ] GC(194) Pause Mark Start 0.013ms
[20.210s][info][gc,phases   ] GC(194) Concurrent Mark 29.700ms
[20.210s][info][gc,phases   ] GC(194) Pause Mark End 0.014ms
[20.210s][info][gc,phases   ] GC(194) Concurrent Mark Free 0.001ms
[20.211s][info][gc,phases   ] GC(194) Concurrent Process Non-Strong References 0.868ms
[20.211s][info][gc,phases   ] GC(194) Concurrent Reset Relocation Set 0.002ms
[20.216s][info][gc,phases   ] GC(194) Concurrent Select Relocation Set 4.099ms
[20.216s][info][gc,phases   ] GC(194) Pause Relocate Start 0.005ms
[20.217s][info][gc,phases   ] GC(194) Concurrent Relocate 1.792ms
[20.218s][info][gc,load     ] GC(194) Load: 0.00/0.00/0.00
[20.218s][info][gc,mmu      ] GC(194) MMU: 2ms/98.6%, 5ms/99.5%, 10ms/99.7%, 20ms/99.8%, 50ms/99.9%, 100ms/99.9%
[20.218s][info][gc,marking  ] GC(194) Mark: 4 stripe(s), 4 proactive flush(es), 1 terminate flush(es), 0 completion(s), 0 continuation(s) 
[20.218s][info][gc,marking  ] GC(194) Mark Stack Usage: 32M
[20.218s][info][gc,nmethod  ] GC(194) NMethods: 1351 registered, 46 unregistered
[20.218s][info][gc,metaspace] GC(194) Metaspace: 8M used, 8M committed, 1088M reserved
[20.218s][info][gc,ref      ] GC(194) Soft: 174 encountered, 0 discovered, 0 enqueued
[20.218s][info][gc,ref      ] GC(194) Weak: 570 encountered, 270 discovered, 0 enqueued
[20.218s][info][gc,ref      ] GC(194) Final: 0 encountered, 0 discovered, 0 enqueued
[20.218s][info][gc,ref      ] GC(194) Phantom: 21 encountered, 9 discovered, 0 enqueued
[20.218s][info][gc,reloc    ] GC(194) Small Pages: 135 / 270M, Empty: 234M, Relocated: 3M, In-Place: 0
[20.218s][info][gc,reloc    ] GC(194) Medium Pages: 1 / 16M, Empty: 0M, Relocated: 0M, In-Place: 0
[20.218s][info][gc,reloc    ] GC(194) Large Pages: 0 / 0M, Empty: 0M, Relocated: 0M, In-Place: 0
[20.218s][info][gc,reloc    ] GC(194) Forwarding Usage: 1M
[20.218s][info][gc,heap     ] GC(194) Min Capacity: 8M(2%)
[20.218s][info][gc,heap     ] GC(194) Max Capacity: 512M(100%)
[20.218s][info][gc,heap     ] GC(194) Soft Max Capacity: 512M(100%)
[20.218s][info][gc,heap     ] GC(194)                Mark Start          Mark End        Relocate Start      Relocate End           High               Low         
[20.218s][info][gc,heap     ] GC(194)  Capacity:      512M (100%)        512M (100%)        512M (100%)        512M (100%)        512M (100%)        512M (100%)   
[20.218s][info][gc,heap     ] GC(194)      Free:      226M (44%)         146M (29%)         366M (71%)         366M (71%)         368M (72%)         144M (28%)    
[20.218s][info][gc,heap     ] GC(194)      Used:      286M (56%)         366M (71%)         146M (29%)         146M (29%)         368M (72%)         144M (28%)    
[20.218s][info][gc,heap     ] GC(194)      Live:         -                22M (4%)           22M (4%)           22M (4%)             -                  -          
[20.218s][info][gc,heap     ] GC(194) Allocated:         -                80M (16%)          94M (18%)          97M (19%)            -                  -          
[20.218s][info][gc,heap     ] GC(194)   Garbage:         -               263M (51%)          29M (6%)           25M (5%)             -                  -          
[20.218s][info][gc,heap     ] GC(194) Reclaimed:         -                  -               234M (46%)         237M (46%)            -                  -          
[20.218s][info][gc          ] GC(194) Garbage Collection (Allocation Rate) 286M(56%)->146M(29%)
[20.280s][info][gc,start    ] GC(195) Garbage Collection (Allocation Rate)
[20.280s][info][gc,task     ] GC(195) Using 5 workers
[20.280s][info][gc,phases   ] GC(195) Pause Mark Start 0.010ms
[20.303s][info][gc,phases   ] GC(195) Concurrent Mark 22.734ms
[20.303s][info][gc,phases   ] GC(195) Pause Mark End 0.010ms
[20.303s][info][gc,phases   ] GC(195) Concurrent Mark Free 0.001ms
[20.304s][info][gc,phases   ] GC(195) Concurrent Process Non-Strong References 0.723ms
[20.304s][info][gc,phases   ] GC(195) Concurrent Reset Relocation Set 0.002ms
[20.310s][info][gc,phases   ] GC(195) Concurrent Select Relocation Set 6.025ms
[20.310s][info][gc,phases   ] GC(195) Pause Relocate Start 0.004ms
[20.314s][info][gc,phases   ] GC(195) Concurrent Relocate 3.347ms
[20.314s][info][gc,load     ] GC(195) Load: 0.00/0.00/0.00
[20.314s][info][gc,mmu      ] GC(195) MMU: 2ms/98.6%, 5ms/99.5%, 10ms/99.7%, 20ms/99.8%, 50ms/99.9%, 100ms/99.9%
[20.314s][info][gc,marking  ] GC(195) Mark: 4 stripe(s), 2 proactive flush(es), 1 terminate flush(es), 0 completion(s), 0 continuation(s) 
[20.314s][info][gc,marking  ] GC(195) Mark Stack Usage: 32M
[20.314s][info][gc,nmethod  ] GC(195) NMethods: 1351 registered, 46 unregistered
[20.314s][info][gc,metaspace] GC(195) Metaspace: 8M used, 8M committed, 1088M reserved
[20.314s][info][gc,ref      ] GC(195) Soft: 174 encountered, 0 discovered, 0 enqueued
[20.314s][info][gc,ref      ] GC(195) Weak: 570 encountered, 119 discovered, 0 enqueued
[20.314s][info][gc,ref      ] GC(195) Final: 0 encountered, 0 discovered, 0 enqueued
[20.314s][info][gc,ref      ] GC(195) Phantom: 21 encountered, 18 discovered, 0 enqueued
[20.314s][info][gc,reloc    ] GC(195) Small Pages: 149 / 298M, Empty: 254M, Relocated: 5M, In-Place: 0
[20.314s][info][gc,reloc    ] GC(195) Medium Pages: 1 / 16M, Empty: 0M, Relocated: 0M, In-Place: 0
[20.314s][info][gc,reloc    ] GC(195) Large Pages: 0 / 0M, Empty: 0M, Relocated: 0M, In-Place: 0
[20.314s][info][gc,reloc    ] GC(195) Forwarding Usage: 2M
[20.314s][info][gc,heap     ] GC(195) Min Capacity: 8M(2%)
[20.314s][info][gc,heap     ] GC(195) Max Capacity: 512M(100%)
[20.314s][info][gc,heap     ] GC(195) Soft Max Capacity: 512M(100%)
[20.314s][info][gc,heap     ] GC(195)                Mark Start          Mark End        Relocate Start      Relocate End           High               Low         
[20.314s][info][gc,heap     ] GC(195)  Capacity:      512M (100%)        512M (100%)        512M (100%)        512M (100%)        512M (100%)        512M (100%)   
[20.314s][info][gc,heap     ] GC(195)      Free:      198M (39%)         138M (27%)         372M (73%)         378M (74%)         380M (74%)         134M (26%)    
[20.314s][info][gc,heap     ] GC(195)      Used:      314M (61%)         374M (73%)         140M (27%)         134M (26%)         378M (74%)         132M (26%)    
[20.314s][info][gc,heap     ] GC(195)      Live:         -                23M (5%)           23M (5%)           23M (5%)             -                  -          
[20.314s][info][gc,heap     ] GC(195) Allocated:         -                60M (12%)          80M (16%)          87M (17%)            -                  -          
[20.314s][info][gc,heap     ] GC(195)   Garbage:         -               290M (57%)          36M (7%)           22M (4%)             -                  -          
[20.314s][info][gc,heap     ] GC(195) Reclaimed:         -                  -               254M (50%)         267M (52%)            -                  -          
[20.314s][info][gc          ] GC(195) Garbage Collection (Allocation Rate) 314M(61%)->134M(26%)
[20.380s][info][gc,start    ] GC(196) Garbage Collection (Allocation Rate)
[20.380s][info][gc,task     ] GC(196) Using 5 workers
[20.380s][info][gc,phases   ] GC(196) Pause Mark Start 0.013ms
[20.405s][info][gc,phases   ] GC(196) Concurrent Mark 24.702ms
[20.405s][info][gc,phases   ] GC(196) Pause Mark End 0.014ms
[20.405s][info][gc,phases   ] GC(196) Concurrent Mark Free 0.001ms
[20.406s][info][gc,phases   ] GC(196) Concurrent Process Non-Strong References 0.824ms
[20.406s][info][gc,phases   ] GC(196) Concurrent Reset Relocation Set 0.003ms
[20.410s][info][gc,phases   ] GC(196) Concurrent Select Relocation Set 3.847ms
[20.410s][info][gc,phases   ] GC(196) Pause Relocate Start 0.007ms
[20.412s][info][gc,phases   ] GC(196) Concurrent Relocate 1.993ms
[20.412s][info][gc,load     ] GC(196) Load: 0.00/0.00/0.00
[20.412s][info][gc,mmu      ] GC(196) MMU: 2ms/98.6%, 5ms/99.5%, 10ms/99.7%, 20ms/99.8%, 50ms/99.9%, 100ms/99.9%
[20.412s][info][gc,marking  ] GC(196) Mark: 4 stripe(s), 2 proactive flush(es), 1 terminate flush(es), 0 completion(s), 0 continuation(s) 
[20.412s][info][gc,marking  ] GC(196) Mark Stack Usage: 32M
[20.412s][info][gc,nmethod  ] GC(196) NMethods: 1351 registered, 46 unregistered
[20.412s][info][gc,metaspace] GC(196) Metaspace: 8M used, 8M committed, 1088M reserved
[20.412s][info][gc,ref      ] GC(196) Soft: 174 encountered, 0 discovered, 0 enqueued
[20.412s][info][gc,ref      ] GC(196) Weak: 570 encountered, 124 discovered, 0 enqueued
[20.412s][info][gc,ref      ] GC(196) Final: 0 encountered, 0 discovered, 0 enqueued
[20.412s][info][gc,ref      ] GC(196) Phantom: 21 encountered, 19 discovered, 0 enqueued
[20.412s][info][gc,reloc    ] GC(196) Small Pages: 141 / 282M, Empty: 244M, Relocated: 3M, In-Place: 0
[20.412s][info][gc,reloc    ] GC(196) Medium Pages: 1 / 16M, Empty: 0M, Relocated: 0M, In-Place: 0
[20.413s][info][gc,reloc    ] GC(196) Large Pages: 0 / 0M, Empty: 0M, Relocated: 0M, In-Place: 0
[20.413s][info][gc,reloc    ] GC(196) Forwarding Usage: 1M
[20.413s][info][gc,heap     ] GC(196) Min Capacity: 8M(2%)
[20.413s][info][gc,heap     ] GC(196) Max Capacity: 512M(100%)
[20.413s][info][gc,heap     ] GC(196) Soft Max Capacity: 512M(100%)
[20.413s][info][gc,heap     ] GC(196)                Mark Start          Mark End        Relocate Start      Relocate End           High               Low         
[20.413s][info][gc,heap     ] GC(196)  Capacity:      512M (100%)        512M (100%)        512M (100%)        512M (100%)        512M (100%)        512M (100%)   
[20.413s][info][gc,heap     ] GC(196)      Free:      214M (42%)         180M (35%)         412M (80%)         412M (80%)         412M (80%)         178M (35%)    
[20.413s][info][gc,heap     ] GC(196)      Used:      298M (58%)         332M (65%)         100M (20%)         100M (20%)         334M (65%)         100M (20%)    
[20.413s][info][gc,heap     ] GC(196)      Live:         -                24M (5%)           24M (5%)           24M (5%)             -                  -          
[20.413s][info][gc,heap     ] GC(196) Allocated:         -                34M (7%)           46M (9%)           49M (10%)            -                  -          
[20.413s][info][gc,heap     ] GC(196)   Garbage:         -               273M (54%)          29M (6%)           25M (5%)             -                  -          
[20.413s][info][gc,heap     ] GC(196) Reclaimed:         -                  -               244M (48%)         247M (48%)            -                  -          
[20.413s][info][gc          ] GC(196) Garbage Collection (Allocation Rate) 298M(58%)->100M(20%)
[20.481s][info][gc,start    ] GC(197) Garbage Collection (Allocation Rate)
[20.481s][info][gc,task     ] GC(197) Using 5 workers
[20.481s][info][gc,phases   ] GC(197) Pause Mark Start 0.013ms
[20.505s][info][gc,phases   ] GC(197) Concurrent Mark 23.685ms
[20.505s][info][gc,phases   ] GC(197) Pause Mark End 0.010ms
[20.505s][info][gc,phases   ] GC(197) Concurrent Mark Free 0.001ms
[20.506s][info][gc,phases   ] GC(197) Concurrent Process Non-Strong References 0.711ms
[20.506s][info][gc,phases   ] GC(197) Concurrent Reset Relocation Set 0.001ms
[20.512s][info][gc,phases   ] GC(197) Concurrent Select Relocation Set 6.281ms
[20.512s][info][gc,phases   ] GC(197) Pause Relocate Start 0.005ms
[20.515s][info][gc,phases   ] GC(197) Concurrent Relocate 3.301ms
[20.516s][info][gc,load     ] GC(197) Load: 0.00/0.00/0.00
[20.516s][info][gc,mmu      ] GC(197) MMU: 2ms/98.6%, 5ms/99.5%, 10ms/99.7%, 20ms/99.8%, 50ms/99.9%, 100ms/99.9%
[20.516s][info][gc,marking  ] GC(197) Mark: 4 stripe(s), 2 proactive flush(es), 1 terminate flush(es), 0 completion(s), 0 continuation(s) 
[20.516s][info][gc,marking  ] GC(197) Mark Stack Usage: 32M
[20.516s][info][gc,nmethod  ] GC(197) NMethods: 1351 registered, 46 unregistered
[20.516s][info][gc,metaspace] GC(197) Metaspace: 8M used, 8M committed, 1088M reserved
[20.516s][info][gc,ref      ] GC(197) Soft: 174 encountered, 0 discovered, 0 enqueued
[20.516s][info][gc,ref      ] GC(197) Weak: 570 encountered, 119 discovered, 0 enqueued
[20.516s][info][gc,ref      ] GC(197) Final: 0 encountered, 0 discovered, 0 enqueued
[20.516s][info][gc,ref      ] GC(197) Phantom: 21 encountered, 18 discovered, 0 enqueued
[20.516s][info][gc,reloc    ] GC(197) Small Pages: 127 / 254M, Empty: 202M, Relocated: 5M, In-Place: 0
[20.516s][info][gc,reloc    ] GC(197) Medium Pages: 2 / 32M, Empty: 0M, Relocated: 2M, In-Place: 0
[20.516s][info][gc,reloc    ] GC(197) Large Pages: 0 / 0M, Empty: 0M, Relocated: 0M, In-Place: 0
[20.516s][info][gc,reloc    ] GC(197) Forwarding Usage: 2M
[20.516s][info][gc,heap     ] GC(197) Min Capacity: 8M(2%)
[20.516s][info][gc,heap     ] GC(197) Max Capacity: 512M(100%)
[20.516s][info][gc,heap     ] GC(197) Soft Max Capacity: 512M(100%)
[20.516s][info][gc,heap     ] GC(197)                Mark Start          Mark End        Relocate Start      Relocate End           High               Low         
[20.516s][info][gc,heap     ] GC(197)  Capacity:      512M (100%)        512M (100%)        512M (100%)        512M (100%)        512M (100%)        512M (100%)   
[20.516s][info][gc,heap     ] GC(197)      Free:      226M (44%)         162M (32%)         346M (68%)         374M (73%)         374M (73%)         160M (31%)    
[20.516s][info][gc,heap     ] GC(197)      Used:      286M (56%)         350M (68%)         166M (32%)         138M (27%)         352M (69%)         138M (27%)    
[20.516s][info][gc,heap     ] GC(197)      Live:         -                24M (5%)           24M (5%)           24M (5%)             -                  -          
[20.516s][info][gc,heap     ] GC(197) Allocated:         -                64M (13%)          82M (16%)          89M (18%)            -                  -          
[20.516s][info][gc,heap     ] GC(197)   Garbage:         -               261M (51%)          59M (12%)          23M (5%)             -                  -          
[20.516s][info][gc,heap     ] GC(197) Reclaimed:         -                  -               202M (39%)         237M (46%)            -                  -          
[20.516s][info][gc          ] GC(197) Garbage Collection (Allocation Rate) 286M(56%)->138M(27%)
[20.581s][info][gc,start    ] GC(198) Garbage Collection (Allocation Rate)
[20.581s][info][gc,task     ] GC(198) Using 5 workers
[20.581s][info][gc,phases   ] GC(198) Pause Mark Start 0.010ms
[20.605s][info][gc,phases   ] GC(198) Concurrent Mark 23.682ms
[20.605s][info][gc,phases   ] GC(198) Pause Mark End 0.010ms
[20.605s][info][gc,phases   ] GC(198) Concurrent Mark Free 0.001ms
[20.606s][info][gc,phases   ] GC(198) Concurrent Process Non-Strong References 0.685ms
[20.606s][info][gc,phases   ] GC(198) Concurrent Reset Relocation Set 0.003ms
[20.609s][info][gc,phases   ] GC(198) Concurrent Select Relocation Set 3.872ms
[20.610s][info][gc,phases   ] GC(198) Pause Relocate Start 0.004ms
[20.612s][info][gc,phases   ] GC(198) Concurrent Relocate 2.107ms
[20.612s][info][gc,load     ] GC(198) Load: 0.00/0.00/0.00
[20.612s][info][gc,mmu      ] GC(198) MMU: 2ms/98.6%, 5ms/99.5%, 10ms/99.7%, 20ms/99.8%, 50ms/99.9%, 100ms/99.9%
[20.612s][info][gc,marking  ] GC(198) Mark: 4 stripe(s), 2 proactive flush(es), 1 terminate flush(es), 0 completion(s), 0 continuation(s) 
[20.612s][info][gc,marking  ] GC(198) Mark Stack Usage: 32M
[20.612s][info][gc,nmethod  ] GC(198) NMethods: 1351 registered, 46 unregistered
[20.612s][info][gc,metaspace] GC(198) Metaspace: 8M used, 8M committed, 1088M reserved
[20.612s][info][gc,ref      ] GC(198) Soft: 174 encountered, 0 discovered, 0 enqueued
[20.612s][info][gc,ref      ] GC(198) Weak: 570 encountered, 159 discovered, 0 enqueued
[20.612s][info][gc,ref      ] GC(198) Final: 0 encountered, 0 discovered, 0 enqueued
[20.612s][info][gc,ref      ] GC(198) Phantom: 21 encountered, 16 discovered, 0 enqueued
[20.612s][info][gc,reloc    ] GC(198) Small Pages: 149 / 298M, Empty: 248M, Relocated: 3M, In-Place: 0
[20.612s][info][gc,reloc    ] GC(198) Medium Pages: 1 / 16M, Empty: 0M, Relocated: 0M, In-Place: 0
[20.612s][info][gc,reloc    ] GC(198) Large Pages: 0 / 0M, Empty: 0M, Relocated: 0M, In-Place: 0
[20.612s][info][gc,reloc    ] GC(198) Forwarding Usage: 1M
[20.612s][info][gc,heap     ] GC(198) Min Capacity: 8M(2%)
[20.612s][info][gc,heap     ] GC(198) Max Capacity: 512M(100%)
[20.612s][info][gc,heap     ] GC(198) Soft Max Capacity: 512M(100%)
[20.612s][info][gc,heap     ] GC(198)                Mark Start          Mark End        Relocate Start      Relocate End           High               Low         
[20.612s][info][gc,heap     ] GC(198)  Capacity:      512M (100%)        512M (100%)        512M (100%)        512M (100%)        512M (100%)        512M (100%)   
[20.612s][info][gc,heap     ] GC(198)      Free:      198M (39%)         136M (27%)         370M (72%)         380M (74%)         380M (74%)         134M (26%)    
[20.612s][info][gc,heap     ] GC(198)      Used:      314M (61%)         376M (73%)         142M (28%)         132M (26%)         378M (74%)         132M (26%)    
[20.612s][info][gc,heap     ] GC(198)      Live:         -                25M (5%)           25M (5%)           25M (5%)             -                  -          
[20.612s][info][gc,heap     ] GC(198) Allocated:         -                62M (12%)          76M (15%)          79M (16%)            -                  -          
[20.612s][info][gc,heap     ] GC(198)   Garbage:         -               288M (56%)          40M (8%)           26M (5%)             -                  -          
[20.612s][info][gc,heap     ] GC(198) Reclaimed:         -                  -               248M (48%)         261M (51%)            -                  -          
[20.613s][info][gc          ] GC(198) Garbage Collection (Allocation Rate) 314M(61%)->132M(26%)
[20.681s][info][gc,start    ] GC(199) Garbage Collection (Allocation Rate)
[20.681s][info][gc,task     ] GC(199) Using 5 workers
[20.681s][info][gc,phases   ] GC(199) Pause Mark Start 0.011ms
[20.712s][info][gc,phases   ] GC(199) Concurrent Mark 31.673ms
[20.713s][info][gc,phases   ] GC(199) Pause Mark End 0.013ms
[20.713s][info][gc,phases   ] GC(199) Concurrent Mark Free 0.001ms
[20.714s][info][gc,phases   ] GC(199) Concurrent Process Non-Strong References 0.856ms
[20.714s][info][gc,phases   ] GC(199) Concurrent Reset Relocation Set 0.003ms
[20.719s][info][gc,phases   ] GC(199) Concurrent Select Relocation Set 5.692ms
[20.719s][info][gc,phases   ] GC(199) Pause Relocate Start 0.004ms
[20.722s][info][gc,phases   ] GC(199) Concurrent Relocate 2.626ms
[20.722s][info][gc,load     ] GC(199) Load: 0.00/0.00/0.00
[20.722s][info][gc,mmu      ] GC(199) MMU: 2ms/98.6%, 5ms/99.5%, 10ms/99.7%, 20ms/99.8%, 50ms/99.9%, 100ms/99.9%
[20.722s][info][gc,marking  ] GC(199) Mark: 4 stripe(s), 2 proactive flush(es), 1 terminate flush(es), 0 completion(s), 0 continuation(s) 
[20.722s][info][gc,marking  ] GC(199) Mark Stack Usage: 32M
[20.722s][info][gc,nmethod  ] GC(199) NMethods: 1351 registered, 46 unregistered
[20.722s][info][gc,metaspace] GC(199) Metaspace: 8M used, 8M committed, 1088M reserved
[20.722s][info][gc,ref      ] GC(199) Soft: 174 encountered, 0 discovered, 0 enqueued
[20.722s][info][gc,ref      ] GC(199) Weak: 570 encountered, 129 discovered, 0 enqueued
[20.722s][info][gc,ref      ] GC(199) Final: 0 encountered, 0 discovered, 0 enqueued
[20.722s][info][gc,ref      ] GC(199) Phantom: 21 encountered, 15 discovered, 0 enqueued
[20.722s][info][gc,reloc    ] GC(199) Small Pages: 141 / 282M, Empty: 230M, Relocated: 4M, In-Place: 0
[20.722s][info][gc,reloc    ] GC(199) Medium Pages: 2 / 32M, Empty: 0M, Relocated: 2M, In-Place: 0
[20.723s][info][gc,reloc    ] GC(199) Large Pages: 0 / 0M, Empty: 0M, Relocated: 0M, In-Place: 0
[20.723s][info][gc,reloc    ] GC(199) Forwarding Usage: 2M
[20.723s][info][gc,heap     ] GC(199) Min Capacity: 8M(2%)
[20.723s][info][gc,heap     ] GC(199) Max Capacity: 512M(100%)
[20.723s][info][gc,heap     ] GC(199) Soft Max Capacity: 512M(100%)
[20.723s][info][gc,heap     ] GC(199)                Mark Start          Mark End        Relocate Start      Relocate End           High               Low         
[20.723s][info][gc,heap     ] GC(199)  Capacity:      512M (100%)        512M (100%)        512M (100%)        512M (100%)        512M (100%)        512M (100%)   
[20.723s][info][gc,heap     ] GC(199)      Free:      198M (39%)         114M (22%)         326M (64%)         354M (69%)         354M (69%)         112M (22%)    
[20.723s][info][gc,heap     ] GC(199)      Used:      314M (61%)         398M (78%)         186M (36%)         158M (31%)         400M (78%)         158M (31%)    
[20.723s][info][gc,heap     ] GC(199)      Live:         -                26M (5%)           26M (5%)           26M (5%)             -                  -          
[20.723s][info][gc,heap     ] GC(199) Allocated:         -                84M (16%)         102M (20%)         107M (21%)            -                  -          
[20.723s][info][gc,heap     ] GC(199)   Garbage:         -               287M (56%)          57M (11%)          23M (5%)             -                  -          
[20.723s][info][gc,heap     ] GC(199) Reclaimed:         -                  -               230M (45%)         263M (52%)            -                  -          
[20.723s][info][gc          ] GC(199) Garbage Collection (Allocation Rate) 314M(61%)->158M(31%)
[20.791s][info][gc,start    ] GC(200) Garbage Collection (Allocation Rate)
[20.791s][info][gc,task     ] GC(200) Using 5 workers
[20.791s][info][gc,phases   ] GC(200) Pause Mark Start 0.011ms
[20.822s][info][gc,phases   ] GC(200) Concurrent Mark 30.998ms
[20.822s][info][gc,phases   ] GC(200) Pause Mark End 0.010ms
[20.822s][info][gc,phases   ] GC(200) Concurrent Mark Free 0.001ms
[20.823s][info][gc,phases   ] GC(200) Concurrent Process Non-Strong References 0.702ms
[20.823s][info][gc,phases   ] GC(200) Concurrent Reset Relocation Set 0.003ms
[20.826s][info][gc,phases   ] GC(200) Concurrent Select Relocation Set 3.766ms
[20.827s][info][gc,phases   ] GC(200) Pause Relocate Start 0.003ms
[20.829s][info][gc,phases   ] GC(200) Concurrent Relocate 2.049ms
[20.829s][info][gc,load     ] GC(200) Load: 0.00/0.00/0.00
[20.829s][info][gc,mmu      ] GC(200) MMU: 2ms/98.6%, 5ms/99.5%, 10ms/99.7%, 20ms/99.8%, 50ms/99.9%, 100ms/99.9%
[20.829s][info][gc,marking  ] GC(200) Mark: 4 stripe(s), 2 proactive flush(es), 1 terminate flush(es), 0 completion(s), 0 continuation(s) 
[20.829s][info][gc,marking  ] GC(200) Mark Stack Usage: 32M
[20.829s][info][gc,nmethod  ] GC(200) NMethods: 1351 registered, 46 unregistered
[20.829s][info][gc,metaspace] GC(200) Metaspace: 8M used, 8M committed, 1088M reserved
[20.829s][info][gc,ref      ] GC(200) Soft: 174 encountered, 0 discovered, 0 enqueued
[20.829s][info][gc,ref      ] GC(200) Weak: 570 encountered, 128 discovered, 0 enqueued
[20.829s][info][gc,ref      ] GC(200) Final: 0 encountered, 0 discovered, 0 enqueued
[20.829s][info][gc,ref      ] GC(200) Phantom: 21 encountered, 17 discovered, 0 enqueued
[20.829s][info][gc,reloc    ] GC(200) Small Pages: 165 / 330M, Empty: 276M, Relocated: 3M, In-Place: 0
[20.829s][info][gc,reloc    ] GC(200) Medium Pages: 1 / 16M, Empty: 0M, Relocated: 0M, In-Place: 0
[20.829s][info][gc,reloc    ] GC(200) Large Pages: 0 / 0M, Empty: 0M, Relocated: 0M, In-Place: 0
[20.829s][info][gc,reloc    ] GC(200) Forwarding Usage: 1M
[20.829s][info][gc,heap     ] GC(200) Min Capacity: 8M(2%)
[20.829s][info][gc,heap     ] GC(200) Max Capacity: 512M(100%)
[20.829s][info][gc,heap     ] GC(200) Soft Max Capacity: 512M(100%)
[20.829s][info][gc,heap     ] GC(200)                Mark Start          Mark End        Relocate Start      Relocate End           High               Low         
[20.829s][info][gc,heap     ] GC(200)  Capacity:      512M (100%)        512M (100%)        512M (100%)        512M (100%)        512M (100%)        512M (100%)   
[20.829s][info][gc,heap     ] GC(200)      Free:      166M (32%)          86M (17%)         348M (68%)         360M (70%)         360M (70%)          82M (16%)    
[20.829s][info][gc,heap     ] GC(200)      Used:      346M (68%)         426M (83%)         164M (32%)         152M (30%)         430M (84%)         152M (30%)    
[20.829s][info][gc,heap     ] GC(200)      Live:         -                27M (5%)           27M (5%)           27M (5%)             -                  -          
[20.829s][info][gc,heap     ] GC(200) Allocated:         -                80M (16%)          94M (18%)          97M (19%)            -                  -          
[20.829s][info][gc,heap     ] GC(200)   Garbage:         -               318M (62%)          42M (8%)           26M (5%)             -                  -          
[20.829s][info][gc,heap     ] GC(200) Reclaimed:         -                  -               276M (54%)         291M (57%)            -                  -          
[20.829s][info][gc          ] GC(200) Garbage Collection (Allocation Rate) 346M(68%)->152M(30%)
[20.884s][info][gc,start    ] GC(201) Garbage Collection (Allocation Rate)
[20.884s][info][gc,task     ] GC(201) Using 5 workers
[20.884s][info][gc,phases   ] GC(201) Pause Mark Start 0.012ms
[20.915s][info][gc,phases   ] GC(201) Concurrent Mark 31.003ms
[20.916s][info][gc,phases   ] GC(201) Pause Mark End 0.010ms
[20.916s][info][gc,phases   ] GC(201) Concurrent Mark Free 0.001ms
[20.916s][info][gc,phases   ] GC(201) Concurrent Process Non-Strong References 0.655ms
[20.916s][info][gc,phases   ] GC(201) Concurrent Reset Relocation Set 0.003ms
[20.922s][info][gc,phases   ] GC(201) Concurrent Select Relocation Set 5.757ms
[20.922s][info][gc,phases   ] GC(201) Pause Relocate Start 0.004ms
[20.925s][info][gc,phases   ] GC(201) Concurrent Relocate 2.700ms
[20.925s][info][gc,load     ] GC(201) Load: 0.00/0.00/0.00
[20.925s][info][gc,mmu      ] GC(201) MMU: 2ms/98.6%, 5ms/99.5%, 10ms/99.7%, 20ms/99.8%, 50ms/99.9%, 100ms/99.9%
[20.925s][info][gc,marking  ] GC(201) Mark: 4 stripe(s), 2 proactive flush(es), 1 terminate flush(es), 0 completion(s), 0 continuation(s) 
[20.925s][info][gc,marking  ] GC(201) Mark Stack Usage: 32M
[20.925s][info][gc,nmethod  ] GC(201) NMethods: 1351 registered, 46 unregistered
[20.925s][info][gc,metaspace] GC(201) Metaspace: 8M used, 8M committed, 1088M reserved
[20.925s][info][gc,ref      ] GC(201) Soft: 174 encountered, 0 discovered, 0 enqueued
[20.925s][info][gc,ref      ] GC(201) Weak: 570 encountered, 83 discovered, 0 enqueued
[20.925s][info][gc,ref      ] GC(201) Final: 0 encountered, 0 discovered, 0 enqueued
[20.925s][info][gc,ref      ] GC(201) Phantom: 21 encountered, 18 discovered, 0 enqueued
[20.925s][info][gc,reloc    ] GC(201) Small Pages: 133 / 266M, Empty: 216M, Relocated: 4M, In-Place: 0
[20.925s][info][gc,reloc    ] GC(201) Medium Pages: 1 / 16M, Empty: 0M, Relocated: 0M, In-Place: 0
[20.925s][info][gc,reloc    ] GC(201) Large Pages: 0 / 0M, Empty: 0M, Relocated: 0M, In-Place: 0
[20.925s][info][gc,reloc    ] GC(201) Forwarding Usage: 2M
[20.925s][info][gc,heap     ] GC(201) Min Capacity: 8M(2%)
[20.925s][info][gc,heap     ] GC(201) Max Capacity: 512M(100%)
[20.926s][info][gc,heap     ] GC(201) Soft Max Capacity: 512M(100%)
[20.926s][info][gc,heap     ] GC(201)                Mark Start          Mark End        Relocate Start      Relocate End           High               Low         
[20.926s][info][gc,heap     ] GC(201)  Capacity:      512M (100%)        512M (100%)        512M (100%)        512M (100%)        512M (100%)        512M (100%)   
[20.926s][info][gc,heap     ] GC(201)      Free:      230M (45%)         146M (29%)         344M (67%)         350M (68%)         350M (68%)         144M (28%)    
[20.926s][info][gc,heap     ] GC(201)      Used:      282M (55%)         366M (71%)         168M (33%)         162M (32%)         368M (72%)         162M (32%)    
[20.926s][info][gc,heap     ] GC(201)      Live:         -                27M (5%)           27M (5%)           27M (5%)             -                  -          
[20.926s][info][gc,heap     ] GC(201) Allocated:         -                84M (16%)         102M (20%)         109M (21%)            -                  -          
[20.926s][info][gc,heap     ] GC(201)   Garbage:         -               254M (50%)          38M (7%)           24M (5%)             -                  -          
[20.926s][info][gc,heap     ] GC(201) Reclaimed:         -                  -               216M (42%)         229M (45%)            -                  -          
[20.926s][info][gc          ] GC(201) Garbage Collection (Allocation Rate) 282M(55%)->162M(32%)
[20.994s][info][gc,start    ] GC(202) Garbage Collection (Allocation Rate)
[20.994s][info][gc,task     ] GC(202) Using 5 workers
[20.994s][info][gc,phases   ] GC(202) Pause Mark Start 0.010ms
[21.040s][info][gc,phases   ] GC(202) Concurrent Mark 46.446ms
[21.041s][info][gc,phases   ] GC(202) Pause Mark End 0.015ms
[21.041s][info][gc,phases   ] GC(202) Concurrent Mark Free 0.001ms
[21.042s][info][gc,phases   ] GC(202) Concurrent Process Non-Strong References 0.923ms
[21.068s][info][gc,phases   ] GC(202) Concurrent Reset Relocation Set 0.002ms
[21.075s][info][gc,phases   ] GC(202) Concurrent Select Relocation Set 7.223ms
[21.075s][info][gc,phases   ] GC(202) Pause Relocate Start 0.008ms
[21.081s][info][gc,phases   ] GC(202) Concurrent Relocate 5.492ms
[21.081s][info][gc,load     ] GC(202) Load: 0.00/0.00/0.00
[21.081s][info][gc,mmu      ] GC(202) MMU: 2ms/98.6%, 5ms/99.5%, 10ms/99.7%, 20ms/99.8%, 50ms/99.9%, 100ms/99.9%
[21.081s][info][gc,marking  ] GC(202) Mark: 4 stripe(s), 2 proactive flush(es), 1 terminate flush(es), 0 completion(s), 0 continuation(s) 
[21.081s][info][gc,marking  ] GC(202) Mark Stack Usage: 32M
[21.081s][info][gc,nmethod  ] GC(202) NMethods: 1351 registered, 46 unregistered
[21.081s][info][gc,metaspace] GC(202) Metaspace: 8M used, 8M committed, 1088M reserved
[21.081s][info][gc,ref      ] GC(202) Soft: 174 encountered, 0 discovered, 0 enqueued
[21.081s][info][gc,ref      ] GC(202) Weak: 570 encountered, 117 discovered, 0 enqueued
[21.081s][info][gc,ref      ] GC(202) Final: 0 encountered, 0 discovered, 0 enqueued
[21.081s][info][gc,ref      ] GC(202) Phantom: 21 encountered, 19 discovered, 0 enqueued
[21.081s][info][gc,reloc    ] GC(202) Small Pages: 167 / 334M, Empty: 280M, Relocated: 6M, In-Place: 0
[21.081s][info][gc,reloc    ] GC(202) Medium Pages: 1 / 16M, Empty: 0M, Relocated: 0M, In-Place: 0
[21.081s][info][gc,reloc    ] GC(202) Large Pages: 0 / 0M, Empty: 0M, Relocated: 0M, In-Place: 0
[21.081s][info][gc,reloc    ] GC(202) Forwarding Usage: 2M
[21.081s][info][gc,heap     ] GC(202) Min Capacity: 8M(2%)
[21.081s][info][gc,heap     ] GC(202) Max Capacity: 512M(100%)
[21.081s][info][gc,heap     ] GC(202) Soft Max Capacity: 512M(100%)
[21.081s][info][gc,heap     ] GC(202)                Mark Start          Mark End        Relocate Start      Relocate End           High               Low         
[21.081s][info][gc,heap     ] GC(202)  Capacity:      512M (100%)        512M (100%)        512M (100%)        512M (100%)        512M (100%)        512M (100%)   
[21.081s][info][gc,heap     ] GC(202)      Free:      162M (32%)          40M (8%)          278M (54%)         276M (54%)         292M (57%)           4M (1%)     
[21.081s][info][gc,heap     ] GC(202)      Used:      350M (68%)         472M (92%)         234M (46%)         236M (46%)         508M (99%)         220M (43%)    
[21.081s][info][gc,heap     ] GC(202)      Live:         -                28M (6%)           28M (6%)           28M (6%)             -                  -          
[21.081s][info][gc,heap     ] GC(202) Allocated:         -               122M (24%)         164M (32%)         184M (36%)            -                  -          
[21.081s][info][gc,heap     ] GC(202)   Garbage:         -               321M (63%)          41M (8%)           23M (5%)             -                  -          
[21.081s][info][gc,heap     ] GC(202) Reclaimed:         -                  -               280M (55%)         298M (58%)            -                  -          
[21.081s][info][gc          ] GC(202) Garbage Collection (Allocation Rate) 350M(68%)->236M(46%)
[21.087s][info][gc,start    ] GC(203) Garbage Collection (Allocation Rate)
[21.087s][info][gc,task     ] GC(203) Using 5 workers
[21.088s][info][gc,phases   ] GC(203) Pause Mark Start 0.009ms
[21.119s][info][gc,phases   ] GC(203) Concurrent Mark 30.968ms
[21.119s][info][gc,phases   ] GC(203) Pause Mark End 0.012ms
[21.119s][info][gc,phases   ] GC(203) Concurrent Mark Free 0.001ms
[21.120s][info][gc,phases   ] GC(203) Concurrent Process Non-Strong References 0.713ms
[21.120s][info][gc,phases   ] GC(203) Concurrent Reset Relocation Set 0.004ms
[21.127s][info][gc,phases   ] GC(203) Concurrent Select Relocation Set 7.573ms
[21.127s][info][gc,phases   ] GC(203) Pause Relocate Start 0.007ms
[21.134s][info][gc,phases   ] GC(203) Concurrent Relocate 6.396ms
[21.134s][info][gc,load     ] GC(203) Load: 0.00/0.00/0.00
[21.134s][info][gc,mmu      ] GC(203) MMU: 2ms/98.6%, 5ms/99.5%, 10ms/99.7%, 20ms/99.8%, 50ms/99.9%, 100ms/99.9%
[21.134s][info][gc,marking  ] GC(203) Mark: 4 stripe(s), 2 proactive flush(es), 1 terminate flush(es), 0 completion(s), 0 continuation(s) 
[21.134s][info][gc,marking  ] GC(203) Mark Stack Usage: 32M
[21.134s][info][gc,nmethod  ] GC(203) NMethods: 1351 registered, 46 unregistered
[21.134s][info][gc,metaspace] GC(203) Metaspace: 8M used, 8M committed, 1088M reserved
[21.134s][info][gc,ref      ] GC(203) Soft: 174 encountered, 0 discovered, 0 enqueued
[21.134s][info][gc,ref      ] GC(203) Weak: 570 encountered, 87 discovered, 0 enqueued
[21.134s][info][gc,ref      ] GC(203) Final: 0 encountered, 0 discovered, 0 enqueued
[21.134s][info][gc,ref      ] GC(203) Phantom: 21 encountered, 14 discovered, 0 enqueued
[21.134s][info][gc,reloc    ] GC(203) Small Pages: 103 / 206M, Empty: 164M, Relocated: 6M, In-Place: 0
[21.134s][info][gc,reloc    ] GC(203) Medium Pages: 2 / 32M, Empty: 0M, Relocated: 2M, In-Place: 0
[21.134s][info][gc,reloc    ] GC(203) Large Pages: 0 / 0M, Empty: 0M, Relocated: 0M, In-Place: 0
[21.134s][info][gc,reloc    ] GC(203) Forwarding Usage: 3M
[21.134s][info][gc,heap     ] GC(203) Min Capacity: 8M(2%)
[21.134s][info][gc,heap     ] GC(203) Max Capacity: 512M(100%)
[21.134s][info][gc,heap     ] GC(203) Soft Max Capacity: 512M(100%)
[21.134s][info][gc,heap     ] GC(203)                Mark Start          Mark End        Relocate Start      Relocate End           High               Low         
[21.134s][info][gc,heap     ] GC(203)  Capacity:      512M (100%)        512M (100%)        512M (100%)        512M (100%)        512M (100%)        512M (100%)   
[21.134s][info][gc,heap     ] GC(203)      Free:      274M (54%)         248M (48%)         408M (80%)         430M (84%)         430M (84%)         246M (48%)    
[21.134s][info][gc,heap     ] GC(203)      Used:      238M (46%)         264M (52%)         104M (20%)          82M (16%)         266M (52%)          82M (16%)    
[21.134s][info][gc,heap     ] GC(203)      Live:         -                30M (6%)           30M (6%)           30M (6%)             -                  -          
[21.134s][info][gc,heap     ] GC(203) Allocated:         -                26M (5%)           30M (6%)           29M (6%)             -                  -          
[21.135s][info][gc,heap     ] GC(203)   Garbage:         -               207M (40%)          43M (8%)           21M (4%)             -                  -          
[21.135s][info][gc,heap     ] GC(203) Reclaimed:         -                  -               164M (32%)         185M (36%)            -                  -          
[21.135s][info][gc          ] GC(203) Garbage Collection (Allocation Rate) 238M(46%)->82M(16%)
[21.194s][info][gc,start    ] GC(204) Garbage Collection (Allocation Rate)
[21.194s][info][gc,task     ] GC(204) Using 5 workers
[21.194s][info][gc,phases   ] GC(204) Pause Mark Start 0.013ms
[21.241s][info][gc,phases   ] GC(204) Concurrent Mark 46.518ms
[21.241s][info][gc,phases   ] GC(204) Pause Mark End 0.012ms
[21.241s][info][gc,phases   ] GC(204) Concurrent Mark Free 0.001ms
[21.242s][info][gc,phases   ] GC(204) Concurrent Process Non-Strong References 0.713ms
[21.242s][info][gc,phases   ] GC(204) Concurrent Reset Relocation Set 0.003ms
[21.246s][info][gc,phases   ] GC(204) Concurrent Select Relocation Set 4.025ms
[21.246s][info][gc,phases   ] GC(204) Pause Relocate Start 0.006ms
[21.248s][info][gc,phases   ] GC(204) Concurrent Relocate 2.177ms
[21.248s][info][gc,load     ] GC(204) Load: 0.00/0.00/0.00
[21.249s][info][gc,mmu      ] GC(204) MMU: 2ms/98.6%, 5ms/99.5%, 10ms/99.7%, 20ms/99.8%, 50ms/99.9%, 100ms/99.9%
[21.249s][info][gc,marking  ] GC(204) Mark: 4 stripe(s), 2 proactive flush(es), 1 terminate flush(es), 0 completion(s), 0 continuation(s) 
[21.249s][info][gc,marking  ] GC(204) Mark Stack Usage: 32M
[21.249s][info][gc,nmethod  ] GC(204) NMethods: 1351 registered, 46 unregistered
[21.249s][info][gc,metaspace] GC(204) Metaspace: 8M used, 8M committed, 1088M reserved
[21.249s][info][gc,ref      ] GC(204) Soft: 174 encountered, 0 discovered, 0 enqueued
[21.249s][info][gc,ref      ] GC(204) Weak: 570 encountered, 184 discovered, 0 enqueued
[21.249s][info][gc,ref      ] GC(204) Final: 0 encountered, 0 discovered, 0 enqueued
[21.249s][info][gc,ref      ] GC(204) Phantom: 21 encountered, 15 discovered, 0 enqueued
[21.249s][info][gc,reloc    ] GC(204) Small Pages: 34 / 68M, Empty: 10M, Relocated: 3M, In-Place: 0
[21.249s][info][gc,reloc    ] GC(204) Medium Pages: 2 / 32M, Empty: 16M, Relocated: 0M, In-Place: 0
[21.249s][info][gc,reloc    ] GC(204) Large Pages: 2 / 8M, Empty: 0M, Relocated: 0M, In-Place: 0
[21.249s][info][gc,reloc    ] GC(204) Forwarding Usage: 1M
[21.249s][info][gc,heap     ] GC(204) Min Capacity: 8M(2%)
[21.249s][info][gc,heap     ] GC(204) Max Capacity: 512M(100%)
[21.249s][info][gc,heap     ] GC(204) Soft Max Capacity: 512M(100%)
[21.249s][info][gc,heap     ] GC(204)                Mark Start          Mark End        Relocate Start      Relocate End           High               Low         
[21.249s][info][gc,heap     ] GC(204)  Capacity:      512M (100%)        512M (100%)        512M (100%)        512M (100%)        512M (100%)        512M (100%)   
[21.249s][info][gc,heap     ] GC(204)      Free:      404M (79%)         370M (72%)         396M (77%)         398M (78%)         404M (79%)         370M (72%)    
[21.249s][info][gc,heap     ] GC(204)      Used:      108M (21%)         142M (28%)         116M (23%)         114M (22%)         142M (28%)         108M (21%)    
[21.249s][info][gc,heap     ] GC(204)      Live:         -                49M (10%)          49M (10%)          49M (10%)            -                  -          
[21.249s][info][gc,heap     ] GC(204) Allocated:         -                34M (7%)           34M (7%)           35M (7%)             -                  -          
[21.249s][info][gc,heap     ] GC(204)   Garbage:         -                58M (11%)          32M (6%)           28M (6%)             -                  -          
[21.249s][info][gc,heap     ] GC(204) Reclaimed:         -                  -                26M (5%)           29M (6%)             -                  -          
[21.249s][info][gc          ] GC(204) Garbage Collection (Allocation Rate) 108M(21%)->114M(22%)
[21.288s][info][gc,start    ] GC(205) Garbage Collection (Allocation Rate)
[21.288s][info][gc,task     ] GC(205) Using 5 workers
[21.288s][info][gc,phases   ] GC(205) Pause Mark Start 0.012ms
[21.335s][info][gc,phases   ] GC(205) Concurrent Mark 46.637ms
[21.335s][info][gc,phases   ] GC(205) Pause Mark End 0.012ms
[21.335s][info][gc,phases   ] GC(205) Concurrent Mark Free 0.001ms
[21.336s][info][gc,phases   ] GC(205) Concurrent Process Non-Strong References 0.733ms
[21.336s][info][gc,phases   ] GC(205) Concurrent Reset Relocation Set 0.002ms
[21.339s][info][gc,phases   ] GC(205) Concurrent Select Relocation Set 3.569ms
[21.340s][info][gc,phases   ] GC(205) Pause Relocate Start 0.005ms
[21.341s][info][gc,phases   ] GC(205) Concurrent Relocate 1.887ms
[21.342s][info][gc,load     ] GC(205) Load: 0.00/0.00/0.00
[21.342s][info][gc,mmu      ] GC(205) MMU: 2ms/98.6%, 5ms/99.5%, 10ms/99.7%, 20ms/99.8%, 50ms/99.9%, 100ms/99.9%
[21.342s][info][gc,marking  ] GC(205) Mark: 4 stripe(s), 2 proactive flush(es), 1 terminate flush(es), 0 completion(s), 0 continuation(s) 
[21.342s][info][gc,marking  ] GC(205) Mark Stack Usage: 32M
[21.342s][info][gc,nmethod  ] GC(205) NMethods: 1351 registered, 46 unregistered
[21.342s][info][gc,metaspace] GC(205) Metaspace: 8M used, 8M committed, 1088M reserved
[21.342s][info][gc,ref      ] GC(205) Soft: 174 encountered, 0 discovered, 0 enqueued
[21.342s][info][gc,ref      ] GC(205) Weak: 570 encountered, 282 discovered, 0 enqueued
[21.342s][info][gc,ref      ] GC(205) Final: 0 encountered, 0 discovered, 0 enqueued
[21.342s][info][gc,ref      ] GC(205) Phantom: 21 encountered, 9 discovered, 0 enqueued
[21.342s][info][gc,reloc    ] GC(205) Small Pages: 40 / 80M, Empty: 14M, Relocated: 3M, In-Place: 0
[21.342s][info][gc,reloc    ] GC(205) Medium Pages: 2 / 32M, Empty: 16M, Relocated: 0M, In-Place: 0
[21.342s][info][gc,reloc    ] GC(205) Large Pages: 4 / 16M, Empty: 8M, Relocated: 0M, In-Place: 0
[21.342s][info][gc,reloc    ] GC(205) Forwarding Usage: 1M
[21.342s][info][gc,heap     ] GC(205) Min Capacity: 8M(2%)
[21.342s][info][gc,heap     ] GC(205) Max Capacity: 512M(100%)
[21.342s][info][gc,heap     ] GC(205) Soft Max Capacity: 512M(100%)
[21.342s][info][gc,heap     ] GC(205)                Mark Start          Mark End        Relocate Start      Relocate End           High               Low         
[21.342s][info][gc,heap     ] GC(205)  Capacity:      512M (100%)        512M (100%)        512M (100%)        512M (100%)        512M (100%)        512M (100%)   
[21.342s][info][gc,heap     ] GC(205)      Free:      384M (75%)         356M (70%)         394M (77%)         404M (79%)         404M (79%)         356M (70%)    
[21.342s][info][gc,heap     ] GC(205)      Used:      128M (25%)         156M (30%)         118M (23%)         108M (21%)         156M (30%)         108M (21%)    
[21.342s][info][gc,heap     ] GC(205)      Live:         -                51M (10%)          51M (10%)          51M (10%)            -                  -          
[21.342s][info][gc,heap     ] GC(205) Allocated:         -                28M (5%)           28M (5%)           27M (5%)             -                  -          
[21.342s][info][gc,heap     ] GC(205)   Garbage:         -                76M (15%)          38M (8%)           29M (6%)             -                  -          
[21.342s][info][gc,heap     ] GC(205) Reclaimed:         -                  -                38M (7%)           47M (9%)             -                  -          
[21.342s][info][gc          ] GC(205) Garbage Collection (Allocation Rate) 128M(25%)->108M(21%)
[21.382s][info][gc,start    ] GC(206) Garbage Collection (Allocation Rate)
[21.382s][info][gc,task     ] GC(206) Using 5 workers
[21.382s][info][gc,phases   ] GC(206) Pause Mark Start 0.010ms
[21.413s][info][gc,phases   ] GC(206) Concurrent Mark 31.045ms
[21.413s][info][gc,phases   ] GC(206) Pause Mark End 0.013ms
[21.413s][info][gc,phases   ] GC(206) Concurrent Mark Free 0.001ms
[21.414s][info][gc,phases   ] GC(206) Concurrent Process Non-Strong References 0.883ms
[21.414s][info][gc,phases   ] GC(206) Concurrent Reset Relocation Set 0.002ms
[21.420s][info][gc,phases   ] GC(206) Concurrent Select Relocation Set 5.609ms
[21.420s][info][gc,phases   ] GC(206) Pause Relocate Start 0.004ms
[21.422s][info][gc,phases   ] GC(206) Concurrent Relocate 2.369ms
[21.422s][info][gc,load     ] GC(206) Load: 0.00/0.00/0.00
[21.422s][info][gc,mmu      ] GC(206) MMU: 2ms/98.6%, 5ms/99.5%, 10ms/99.7%, 20ms/99.8%, 50ms/99.9%, 100ms/99.9%
[21.422s][info][gc,marking  ] GC(206) Mark: 4 stripe(s), 2 proactive flush(es), 1 terminate flush(es), 0 completion(s), 0 continuation(s) 
[21.422s][info][gc,marking  ] GC(206) Mark Stack Usage: 32M
[21.422s][info][gc,nmethod  ] GC(206) NMethods: 1351 registered, 46 unregistered
[21.422s][info][gc,metaspace] GC(206) Metaspace: 8M used, 8M committed, 1088M reserved
[21.422s][info][gc,ref      ] GC(206) Soft: 174 encountered, 0 discovered, 0 enqueued
[21.422s][info][gc,ref      ] GC(206) Weak: 570 encountered, 29 discovered, 0 enqueued
[21.423s][info][gc,ref      ] GC(206) Final: 0 encountered, 0 discovered, 0 enqueued
[21.423s][info][gc,ref      ] GC(206) Phantom: 21 encountered, 10 discovered, 0 enqueued
[21.423s][info][gc,reloc    ] GC(206) Small Pages: 32 / 64M, Empty: 22M, Relocated: 4M, In-Place: 0
[21.423s][info][gc,reloc    ] GC(206) Medium Pages: 2 / 32M, Empty: 16M, Relocated: 0M, In-Place: 0
[21.423s][info][gc,reloc    ] GC(206) Large Pages: 3 / 12M, Empty: 8M, Relocated: 0M, In-Place: 0
[21.423s][info][gc,reloc    ] GC(206) Forwarding Usage: 1M
[21.423s][info][gc,heap     ] GC(206) Min Capacity: 8M(2%)
[21.423s][info][gc,heap     ] GC(206) Max Capacity: 512M(100%)
[21.423s][info][gc,heap     ] GC(206) Soft Max Capacity: 512M(100%)
[21.423s][info][gc,heap     ] GC(206)                Mark Start          Mark End        Relocate Start      Relocate End           High               Low         
[21.423s][info][gc,heap     ] GC(206)  Capacity:      512M (100%)        512M (100%)        512M (100%)        512M (100%)        512M (100%)        512M (100%)   
[21.423s][info][gc,heap     ] GC(206)      Free:      404M (79%)         388M (76%)         434M (85%)         436M (85%)         436M (85%)         388M (76%)    
[21.423s][info][gc,heap     ] GC(206)      Used:      108M (21%)         124M (24%)          78M (15%)          76M (15%)         124M (24%)          76M (15%)    
[21.423s][info][gc,heap     ] GC(206)      Live:         -                32M (6%)           32M (6%)           32M (6%)             -                  -          
[21.423s][info][gc,heap     ] GC(206) Allocated:         -                16M (3%)           16M (3%)           17M (4%)             -                  -          
[21.423s][info][gc,heap     ] GC(206)   Garbage:         -                75M (15%)          29M (6%)           25M (5%)             -                  -          
[21.423s][info][gc,heap     ] GC(206) Reclaimed:         -                  -                46M (9%)           49M (10%)            -                  -          
[21.423s][info][gc          ] GC(206) Garbage Collection (Allocation Rate) 108M(21%)->76M(15%)
[21.491s][info][gc,start    ] GC(207) Garbage Collection (Allocation Rate)
[21.491s][info][gc,task     ] GC(207) Using 5 workers
[21.491s][info][gc,phases   ] GC(207) Pause Mark Start 0.016ms
[21.522s][info][gc,phases   ] GC(207) Concurrent Mark 30.917ms
[21.522s][info][gc,phases   ] GC(207) Pause Mark End 0.014ms
[21.522s][info][gc,phases   ] GC(207) Concurrent Mark Free 0.001ms
[21.523s][info][gc,phases   ] GC(207) Concurrent Process Non-Strong References 0.734ms
[21.523s][info][gc,phases   ] GC(207) Concurrent Reset Relocation Set 0.002ms
[21.527s][info][gc,phases   ] GC(207) Concurrent Select Relocation Set 3.704ms
[21.527s][info][gc,phases   ] GC(207) Pause Relocate Start 0.006ms
[21.530s][info][gc,phases   ] GC(207) Concurrent Relocate 2.628ms
[21.530s][info][gc,load     ] GC(207) Load: 0.00/0.00/0.00
[21.530s][info][gc,mmu      ] GC(207) MMU: 2ms/98.6%, 5ms/99.5%, 10ms/99.7%, 20ms/99.8%, 50ms/99.9%, 100ms/99.9%
[21.530s][info][gc,marking  ] GC(207) Mark: 4 stripe(s), 2 proactive flush(es), 1 terminate flush(es), 0 completion(s), 0 continuation(s) 
[21.530s][info][gc,marking  ] GC(207) Mark Stack Usage: 32M
[21.530s][info][gc,nmethod  ] GC(207) NMethods: 1351 registered, 46 unregistered
[21.530s][info][gc,metaspace] GC(207) Metaspace: 8M used, 8M committed, 1088M reserved
[21.530s][info][gc,ref      ] GC(207) Soft: 174 encountered, 0 discovered, 0 enqueued
[21.530s][info][gc,ref      ] GC(207) Weak: 570 encountered, 113 discovered, 0 enqueued
[21.530s][info][gc,ref      ] GC(207) Final: 0 encountered, 0 discovered, 0 enqueued
[21.530s][info][gc,ref      ] GC(207) Phantom: 21 encountered, 18 discovered, 0 enqueued
[21.530s][info][gc,reloc    ] GC(207) Small Pages: 20 / 40M, Empty: 0M, Relocated: 3M, In-Place: 0
[21.530s][info][gc,reloc    ] GC(207) Medium Pages: 2 / 32M, Empty: 0M, Relocated: 1M, In-Place: 0
[21.530s][info][gc,reloc    ] GC(207) Large Pages: 1 / 4M, Empty: 0M, Relocated: 0M, In-Place: 0
[21.530s][info][gc,reloc    ] GC(207) Forwarding Usage: 1M
[21.530s][info][gc,heap     ] GC(207) Min Capacity: 8M(2%)
[21.530s][info][gc,heap     ] GC(207) Max Capacity: 512M(100%)
[21.530s][info][gc,heap     ] GC(207) Soft Max Capacity: 512M(100%)
[21.530s][info][gc,heap     ] GC(207)                Mark Start          Mark End        Relocate Start      Relocate End           High               Low         
[21.530s][info][gc,heap     ] GC(207)  Capacity:      512M (100%)        512M (100%)        512M (100%)        512M (100%)        512M (100%)        512M (100%)   
[21.530s][info][gc,heap     ] GC(207)      Free:      436M (85%)         418M (82%)         414M (81%)         432M (84%)         436M (85%)         392M (77%)    
[21.530s][info][gc,heap     ] GC(207)      Used:       76M (15%)          94M (18%)          98M (19%)          80M (16%)         120M (23%)          76M (15%)    
[21.531s][info][gc,heap     ] GC(207)      Live:         -                32M (6%)           32M (6%)           32M (6%)             -                  -          
[21.531s][info][gc,heap     ] GC(207) Allocated:         -                18M (4%)           22M (4%)           23M (5%)             -                  -          
[21.531s][info][gc,heap     ] GC(207)   Garbage:         -                43M (8%)           43M (8%)           23M (5%)             -                  -          
[21.531s][info][gc,heap     ] GC(207) Reclaimed:         -                  -                 0M (0%)           19M (4%)             -                  -          
[21.531s][info][gc          ] GC(207) Garbage Collection (Allocation Rate) 76M(15%)->80M(16%)
[21.585s][info][gc,start    ] GC(208) Garbage Collection (Allocation Rate)
[21.585s][info][gc,task     ] GC(208) Using 5 workers
[21.585s][info][gc,phases   ] GC(208) Pause Mark Start 0.013ms
[21.616s][info][gc,phases   ] GC(208) Concurrent Mark 31.001ms
[21.616s][info][gc,phases   ] GC(208) Pause Mark End 0.013ms
[21.616s][info][gc,phases   ] GC(208) Concurrent Mark Free 0.001ms
[21.617s][info][gc,phases   ] GC(208) Concurrent Process Non-Strong References 0.750ms
[21.617s][info][gc,phases   ] GC(208) Concurrent Reset Relocation Set 0.002ms
[21.621s][info][gc,phases   ] GC(208) Concurrent Select Relocation Set 3.593ms
[21.621s][info][gc,phases   ] GC(208) Pause Relocate Start 0.004ms
[21.623s][info][gc,phases   ] GC(208) Concurrent Relocate 1.931ms
[21.623s][info][gc,load     ] GC(208) Load: 0.00/0.00/0.00
[21.623s][info][gc,mmu      ] GC(208) MMU: 2ms/98.6%, 5ms/99.5%, 10ms/99.7%, 20ms/99.8%, 50ms/99.9%, 100ms/99.9%
[21.623s][info][gc,marking  ] GC(208) Mark: 4 stripe(s), 2 proactive flush(es), 1 terminate flush(es), 0 completion(s), 0 continuation(s) 
[21.623s][info][gc,marking  ] GC(208) Mark Stack Usage: 32M
[21.623s][info][gc,nmethod  ] GC(208) NMethods: 1351 registered, 47 unregistered
[21.623s][info][gc,metaspace] GC(208) Metaspace: 8M used, 8M committed, 1088M reserved
[21.623s][info][gc,ref      ] GC(208) Soft: 174 encountered, 0 discovered, 0 enqueued
[21.623s][info][gc,ref      ] GC(208) Weak: 570 encountered, 88 discovered, 0 enqueued
[21.623s][info][gc,ref      ] GC(208) Final: 0 encountered, 0 discovered, 0 enqueued
[21.623s][info][gc,ref      ] GC(208) Phantom: 21 encountered, 20 discovered, 0 enqueued
[21.623s][info][gc,reloc    ] GC(208) Small Pages: 40 / 80M, Empty: 40M, Relocated: 1M, In-Place: 0
[21.623s][info][gc,reloc    ] GC(208) Medium Pages: 2 / 32M, Empty: 16M, Relocated: 0M, In-Place: 0
[21.623s][info][gc,reloc    ] GC(208) Large Pages: 1 / 4M, Empty: 0M, Relocated: 0M, In-Place: 0
[21.623s][info][gc,reloc    ] GC(208) Forwarding Usage: 0M
[21.623s][info][gc,heap     ] GC(208) Min Capacity: 8M(2%)
[21.623s][info][gc,heap     ] GC(208) Max Capacity: 512M(100%)
[21.623s][info][gc,heap     ] GC(208) Soft Max Capacity: 512M(100%)
[21.623s][info][gc,heap     ] GC(208)                Mark Start          Mark End        Relocate Start      Relocate End           High               Low         
[21.623s][info][gc,heap     ] GC(208)  Capacity:      512M (100%)        512M (100%)        512M (100%)        512M (100%)        512M (100%)        512M (100%)   
[21.623s][info][gc,heap     ] GC(208)      Free:      396M (77%)         388M (76%)         444M (87%)         444M (87%)         444M (87%)         388M (76%)    
[21.623s][info][gc,heap     ] GC(208)      Used:      116M (23%)         124M (24%)          68M (13%)          68M (13%)         124M (24%)          68M (13%)    
[21.623s][info][gc,heap     ] GC(208)      Live:         -                32M (6%)           32M (6%)           32M (6%)             -                  -          
[21.623s][info][gc,heap     ] GC(208) Allocated:         -                 8M (2%)            8M (2%)            8M (2%)             -                  -          
[21.623s][info][gc,heap     ] GC(208)   Garbage:         -                83M (16%)          27M (5%)           27M (5%)             -                  -          
[21.623s][info][gc,heap     ] GC(208) Reclaimed:         -                  -                56M (11%)          56M (11%)            -                  -          
[21.623s][info][gc          ] GC(208) Garbage Collection (Allocation Rate) 116M(23%)->68M(13%)
[21.624s][info][gc,start    ] GC(209) Garbage Collection (System.gc())
[21.624s][info][gc,task     ] GC(209) Using 5 workers
[21.624s][info][gc,phases   ] GC(209) Pause Mark Start 0.005ms
[21.632s][info][gc,phases   ] GC(209) Concurrent Mark 7.971ms
[21.632s][info][gc,phases   ] GC(209) Pause Mark End 0.009ms
[21.632s][info][gc,phases   ] GC(209) Concurrent Mark Free 0.001ms
[21.633s][info][gc,phases   ] GC(209) Concurrent Process Non-Strong References 0.761ms
[21.633s][info][gc,phases   ] GC(209) Concurrent Reset Relocation Set 0.001ms
[21.637s][info][gc,phases   ] GC(209) Concurrent Select Relocation Set 4.613ms
[21.637s][info][gc,phases   ] GC(209) Pause Relocate Start 0.005ms
[21.639s][info][gc,phases   ] GC(209) Concurrent Relocate 2.107ms
[21.639s][info][gc,load     ] GC(209) Load: 0.00/0.00/0.00
[21.640s][info][gc,mmu      ] GC(209) MMU: 2ms/98.6%, 5ms/99.5%, 10ms/99.7%, 20ms/99.8%, 50ms/99.9%, 100ms/99.9%
[21.640s][info][gc,marking  ] GC(209) Mark: 4 stripe(s), 2 proactive flush(es), 1 terminate flush(es), 0 completion(s), 0 continuation(s) 
[21.640s][info][gc,marking  ] GC(209) Mark Stack Usage: 32M
[21.640s][info][gc,nmethod  ] GC(209) NMethods: 1351 registered, 47 unregistered
[21.640s][info][gc,metaspace] GC(209) Metaspace: 8M used, 8M committed, 1088M reserved
[21.640s][info][gc,ref      ] GC(209) Soft: 174 encountered, 0 discovered, 0 enqueued
[21.640s][info][gc,ref      ] GC(209) Weak: 570 encountered, 5 discovered, 0 enqueued
[21.640s][info][gc,ref      ] GC(209) Final: 0 encountered, 0 discovered, 0 enqueued
[21.640s][info][gc,ref      ] GC(209) Phantom: 21 encountered, 18 discovered, 0 enqueued
[21.640s][info][gc,reloc    ] GC(209) Small Pages: 24 / 48M, Empty: 28M, Relocated: 2M, In-Place: 0
[21.640s][info][gc,reloc    ] GC(209) Medium Pages: 1 / 16M, Empty: 16M, Relocated: 0M, In-Place: 0
[21.640s][info][gc,reloc    ] GC(209) Large Pages: 1 / 4M, Empty: 4M, Relocated: 0M, In-Place: 0
[21.640s][info][gc,reloc    ] GC(209) Forwarding Usage: 1M
[21.640s][info][gc,heap     ] GC(209) Min Capacity: 8M(2%)
[21.640s][info][gc,heap     ] GC(209) Max Capacity: 512M(100%)
[21.640s][info][gc,heap     ] GC(209) Soft Max Capacity: 512M(100%)
[21.640s][info][gc,heap     ] GC(209)                Mark Start          Mark End        Relocate Start      Relocate End           High               Low         
[21.640s][info][gc,heap     ] GC(209)  Capacity:      512M (100%)        512M (100%)        512M (100%)        512M (100%)        512M (100%)        512M (100%)   
[21.640s][info][gc,heap     ] GC(209)      Free:      444M (87%)         444M (87%)         492M (96%)         500M (98%)         500M (98%)         444M (87%)    
[21.640s][info][gc,heap     ] GC(209)      Used:       68M (13%)          68M (13%)          20M (4%)           12M (2%)           68M (13%)          12M (2%)     
[21.640s][info][gc,heap     ] GC(209)      Live:         -                 4M (1%)            4M (1%)            4M (1%)             -                  -          
[21.640s][info][gc,heap     ] GC(209) Allocated:         -                 0M (0%)            0M (0%)            0M (0%)             -                  -          
[21.640s][info][gc,heap     ] GC(209)   Garbage:         -                63M (12%)          15M (3%)            7M (1%)             -                  -          
[21.640s][info][gc,heap     ] GC(209) Reclaimed:         -                  -                48M (9%)           56M (11%)            -                  -          
[21.640s][info][gc          ] GC(209) Garbage Collection (System.gc()) 68M(13%)->12M(2%)
[21.694s][info][gc,start    ] GC(210) Garbage Collection (Allocation Rate)
[21.694s][info][gc,task     ] GC(210) Using 5 workers
[21.694s][info][gc,phases   ] GC(210) Pause Mark Start 0.013ms
[21.710s][info][gc,phases   ] GC(210) Concurrent Mark 15.296ms
[21.710s][info][gc,phases   ] GC(210) Pause Mark End 0.015ms
[21.710s][info][gc,phases   ] GC(210) Concurrent Mark Free 0.001ms
[21.711s][info][gc,phases   ] GC(210) Concurrent Process Non-Strong References 1.242ms
[21.711s][info][gc,phases   ] GC(210) Concurrent Reset Relocation Set 0.002ms
[21.716s][info][gc,phases   ] GC(210) Concurrent Select Relocation Set 5.139ms
[21.717s][info][gc,phases   ] GC(210) Pause Relocate Start 0.006ms
[21.719s][info][gc,phases   ] GC(210) Concurrent Relocate 2.468ms
[21.719s][info][gc,load     ] GC(210) Load: 0.00/0.00/0.00
[21.719s][info][gc,mmu      ] GC(210) MMU: 2ms/98.6%, 5ms/99.5%, 10ms/99.7%, 20ms/99.8%, 50ms/99.9%, 100ms/99.9%
[21.719s][info][gc,marking  ] GC(210) Mark: 4 stripe(s), 2 proactive flush(es), 1 terminate flush(es), 0 completion(s), 0 continuation(s) 
[21.719s][info][gc,marking  ] GC(210) Mark Stack Usage: 32M
[21.719s][info][gc,nmethod  ] GC(210) NMethods: 1353 registered, 47 unregistered
[21.719s][info][gc,metaspace] GC(210) Metaspace: 8M used, 8M committed, 1088M reserved
[21.719s][info][gc,ref      ] GC(210) Soft: 174 encountered, 0 discovered, 0 enqueued
[21.719s][info][gc,ref      ] GC(210) Weak: 570 encountered, 5 discovered, 0 enqueued
[21.719s][info][gc,ref      ] GC(210) Final: 0 encountered, 0 discovered, 0 enqueued
[21.719s][info][gc,ref      ] GC(210) Phantom: 21 encountered, 12 discovered, 0 enqueued
[21.719s][info][gc,reloc    ] GC(210) Small Pages: 58 / 116M, Empty: 96M, Relocated: 3M, In-Place: 0
[21.719s][info][gc,reloc    ] GC(210) Medium Pages: 0 / 0M, Empty: 0M, Relocated: 0M, In-Place: 0
[21.719s][info][gc,reloc    ] GC(210) Large Pages: 0 / 0M, Empty: 0M, Relocated: 0M, In-Place: 0
[21.720s][info][gc,reloc    ] GC(210) Forwarding Usage: 1M
[21.720s][info][gc,heap     ] GC(210) Min Capacity: 8M(2%)
[21.720s][info][gc,heap     ] GC(210) Max Capacity: 512M(100%)
[21.720s][info][gc,heap     ] GC(210) Soft Max Capacity: 512M(100%)
[21.720s][info][gc,heap     ] GC(210)                Mark Start          Mark End        Relocate Start      Relocate End           High               Low         
[21.720s][info][gc,heap     ] GC(210)  Capacity:      512M (100%)        512M (100%)        512M (100%)        512M (100%)        512M (100%)        512M (100%)   
[21.720s][info][gc,heap     ] GC(210)      Free:      396M (77%)         354M (69%)         432M (84%)         434M (85%)         438M (86%)         342M (67%)    
[21.720s][info][gc,heap     ] GC(210)      Used:      116M (23%)         158M (31%)          80M (16%)          78M (15%)         170M (33%)          74M (14%)    
[21.720s][info][gc,heap     ] GC(210)      Live:         -                 4M (1%)            4M (1%)            4M (1%)             -                  -          
[21.720s][info][gc,heap     ] GC(210) Allocated:         -                42M (8%)           60M (12%)          65M (13%)            -                  -          
[21.720s][info][gc,heap     ] GC(210)   Garbage:         -               111M (22%)          15M (3%)            7M (1%)             -                  -          
[21.720s][info][gc,heap     ] GC(210) Reclaimed:         -                  -                96M (19%)         103M (20%)            -                  -          
[21.720s][info][gc          ] GC(210) Garbage Collection (Allocation Rate) 116M(23%)->78M(15%)
[21.788s][info][gc,start    ] GC(211) Garbage Collection (Allocation Rate)
[21.788s][info][gc,task     ] GC(211) Using 5 workers
[21.788s][info][gc,phases   ] GC(211) Pause Mark Start 0.009ms
[21.803s][info][gc,phases   ] GC(211) Concurrent Mark 15.469ms
[21.804s][info][gc,phases   ] GC(211) Pause Mark End 0.012ms
[21.804s][info][gc,phases   ] GC(211) Concurrent Mark Free 0.001ms
[21.805s][info][gc,phases   ] GC(211) Concurrent Process Non-Strong References 1.204ms
[21.805s][info][gc,phases   ] GC(211) Concurrent Reset Relocation Set 0.002ms
[21.809s][info][gc,phases   ] GC(211) Concurrent Select Relocation Set 3.663ms
[21.809s][info][gc,phases   ] GC(211) Pause Relocate Start 0.005ms
[21.811s][info][gc,phases   ] GC(211) Concurrent Relocate 2.177ms
[21.811s][info][gc,load     ] GC(211) Load: 0.00/0.00/0.00
[21.811s][info][gc,mmu      ] GC(211) MMU: 2ms/98.6%, 5ms/99.5%, 10ms/99.7%, 20ms/99.8%, 50ms/99.9%, 100ms/99.9%
[21.811s][info][gc,marking  ] GC(211) Mark: 4 stripe(s), 2 proactive flush(es), 1 terminate flush(es), 0 completion(s), 0 continuation(s) 
[21.811s][info][gc,marking  ] GC(211) Mark Stack Usage: 32M
[21.811s][info][gc,nmethod  ] GC(211) NMethods: 1353 registered, 47 unregistered
[21.811s][info][gc,metaspace] GC(211) Metaspace: 8M used, 8M committed, 1088M reserved
[21.811s][info][gc,ref      ] GC(211) Soft: 174 encountered, 0 discovered, 0 enqueued
[21.811s][info][gc,ref      ] GC(211) Weak: 570 encountered, 5 discovered, 0 enqueued
[21.811s][info][gc,ref      ] GC(211) Final: 0 encountered, 0 discovered, 0 enqueued
[21.811s][info][gc,ref      ] GC(211) Phantom: 21 encountered, 15 discovered, 0 enqueued
[21.811s][info][gc,reloc    ] GC(211) Small Pages: 127 / 254M, Empty: 228M, Relocated: 2M, In-Place: 0
[21.811s][info][gc,reloc    ] GC(211) Medium Pages: 0 / 0M, Empty: 0M, Relocated: 0M, In-Place: 0
[21.811s][info][gc,reloc    ] GC(211) Large Pages: 0 / 0M, Empty: 0M, Relocated: 0M, In-Place: 0
[21.811s][info][gc,reloc    ] GC(211) Forwarding Usage: 1M
[21.811s][info][gc,heap     ] GC(211) Min Capacity: 8M(2%)
[21.811s][info][gc,heap     ] GC(211) Max Capacity: 512M(100%)
[21.811s][info][gc,heap     ] GC(211) Soft Max Capacity: 512M(100%)
[21.811s][info][gc,heap     ] GC(211)                Mark Start          Mark End        Relocate Start      Relocate End           High               Low         
[21.811s][info][gc,heap     ] GC(211)  Capacity:      512M (100%)        512M (100%)        512M (100%)        512M (100%)        512M (100%)        512M (100%)   
[21.812s][info][gc,heap     ] GC(211)      Free:      258M (50%)         214M (42%)         430M (84%)         436M (85%)         436M (85%)         212M (41%)    
[21.812s][info][gc,heap     ] GC(211)      Used:      254M (50%)         298M (58%)          82M (16%)          76M (15%)         300M (59%)          76M (15%)    
[21.812s][info][gc,heap     ] GC(211)      Live:         -                 5M (1%)            5M (1%)            5M (1%)             -                  -          
[21.812s][info][gc,heap     ] GC(211) Allocated:         -                44M (9%)           56M (11%)          61M (12%)            -                  -          
[21.812s][info][gc,heap     ] GC(211)   Garbage:         -               248M (49%)          20M (4%)            8M (2%)             -                  -          
[21.812s][info][gc,heap     ] GC(211) Reclaimed:         -                  -               228M (45%)         239M (47%)            -                  -          
[21.812s][info][gc          ] GC(211) Garbage Collection (Allocation Rate) 254M(50%)->76M(15%)
[21.882s][info][gc,start    ] GC(212) Garbage Collection (Allocation Rate)
[21.882s][info][gc,task     ] GC(212) Using 5 workers
[21.882s][info][gc,phases   ] GC(212) Pause Mark Start 0.012ms
[21.897s][info][gc,phases   ] GC(212) Concurrent Mark 15.381ms
[21.897s][info][gc,phases   ] GC(212) Pause Mark End 0.013ms
[21.897s][info][gc,phases   ] GC(212) Concurrent Mark Free 0.001ms
[21.899s][info][gc,phases   ] GC(212) Concurrent Process Non-Strong References 1.149ms
[21.899s][info][gc,phases   ] GC(212) Concurrent Reset Relocation Set 0.002ms
[21.904s][info][gc,phases   ] GC(212) Concurrent Select Relocation Set 5.456ms
[21.904s][info][gc,phases   ] GC(212) Pause Relocate Start 0.006ms
[21.907s][info][gc,phases   ] GC(212) Concurrent Relocate 3.143ms
[21.907s][info][gc,load     ] GC(212) Load: 0.00/0.00/0.00
[21.907s][info][gc,mmu      ] GC(212) MMU: 2ms/98.6%, 5ms/99.5%, 10ms/99.7%, 20ms/99.8%, 50ms/99.9%, 100ms/99.9%
[21.907s][info][gc,marking  ] GC(212) Mark: 4 stripe(s), 2 proactive flush(es), 1 terminate flush(es), 0 completion(s), 0 continuation(s) 
[21.908s][info][gc,marking  ] GC(212) Mark Stack Usage: 32M
[21.908s][info][gc,nmethod  ] GC(212) NMethods: 1353 registered, 47 unregistered
[21.908s][info][gc,metaspace] GC(212) Metaspace: 8M used, 8M committed, 1088M reserved
[21.908s][info][gc,ref      ] GC(212) Soft: 174 encountered, 0 discovered, 0 enqueued
[21.908s][info][gc,ref      ] GC(212) Weak: 570 encountered, 160 discovered, 0 enqueued
[21.908s][info][gc,ref      ] GC(212) Final: 0 encountered, 0 discovered, 0 enqueued
[21.908s][info][gc,ref      ] GC(212) Phantom: 21 encountered, 13 discovered, 0 enqueued
[21.908s][info][gc,reloc    ] GC(212) Small Pages: 128 / 256M, Empty: 220M, Relocated: 4M, In-Place: 0
[21.908s][info][gc,reloc    ] GC(212) Medium Pages: 0 / 0M, Empty: 0M, Relocated: 0M, In-Place: 0
[21.908s][info][gc,reloc    ] GC(212) Large Pages: 0 / 0M, Empty: 0M, Relocated: 0M, In-Place: 0
[21.908s][info][gc,reloc    ] GC(212) Forwarding Usage: 1M
[21.908s][info][gc,heap     ] GC(212) Min Capacity: 8M(2%)
[21.908s][info][gc,heap     ] GC(212) Max Capacity: 512M(100%)
[21.908s][info][gc,heap     ] GC(212) Soft Max Capacity: 512M(100%)
[21.908s][info][gc,heap     ] GC(212)                Mark Start          Mark End        Relocate Start      Relocate End           High               Low         
[21.908s][info][gc,heap     ] GC(212)  Capacity:      512M (100%)        512M (100%)        512M (100%)        512M (100%)        512M (100%)        512M (100%)   
[21.908s][info][gc,heap     ] GC(212)      Free:      256M (50%)         216M (42%)         416M (81%)         436M (85%)         436M (85%)         212M (41%)    
[21.908s][info][gc,heap     ] GC(212)      Used:      256M (50%)         296M (58%)          96M (19%)          76M (15%)         300M (59%)          76M (15%)    
[21.908s][info][gc,heap     ] GC(212)      Live:         -                 6M (1%)            6M (1%)            6M (1%)             -                  -          
[21.908s][info][gc,heap     ] GC(212) Allocated:         -                40M (8%)           60M (12%)          63M (12%)            -                  -          
[21.908s][info][gc,heap     ] GC(212)   Garbage:         -               249M (49%)          29M (6%)            5M (1%)             -                  -          
[21.908s][info][gc,heap     ] GC(212) Reclaimed:         -                  -               220M (43%)         243M (48%)            -                  -          
[21.908s][info][gc          ] GC(212) Garbage Collection (Allocation Rate) 256M(50%)->76M(15%)
[21.991s][info][gc,start    ] GC(213) Garbage Collection (Allocation Rate)
[21.991s][info][gc,task     ] GC(213) Using 5 workers
[21.991s][info][gc,phases   ] GC(213) Pause Mark Start 0.013ms
[22.007s][info][gc,phases   ] GC(213) Concurrent Mark 15.319ms
[22.007s][info][gc,phases   ] GC(213) Pause Mark End 0.014ms
[22.007s][info][gc,phases   ] GC(213) Concurrent Mark Free 0.001ms
[22.008s][info][gc,phases   ] GC(213) Concurrent Process Non-Strong References 1.238ms
[22.008s][info][gc,phases   ] GC(213) Concurrent Reset Relocation Set 0.003ms
[22.014s][info][gc,phases   ] GC(213) Concurrent Select Relocation Set 6.350ms
[22.015s][info][gc,phases   ] GC(213) Pause Relocate Start 0.006ms
[22.018s][info][gc,phases   ] GC(213) Concurrent Relocate 3.780ms
[22.018s][info][gc,load     ] GC(213) Load: 0.00/0.00/0.00
[22.018s][info][gc,mmu      ] GC(213) MMU: 2ms/98.6%, 5ms/99.5%, 10ms/99.7%, 20ms/99.8%, 50ms/99.9%, 100ms/99.9%
[22.018s][info][gc,marking  ] GC(213) Mark: 4 stripe(s), 2 proactive flush(es), 1 terminate flush(es), 0 completion(s), 0 continuation(s) 
[22.018s][info][gc,marking  ] GC(213) Mark Stack Usage: 32M
[22.019s][info][gc,nmethod  ] GC(213) NMethods: 1353 registered, 47 unregistered
[22.019s][info][gc,metaspace] GC(213) Metaspace: 8M used, 8M committed, 1088M reserved
[22.019s][info][gc,ref      ] GC(213) Soft: 174 encountered, 0 discovered, 0 enqueued
[22.019s][info][gc,ref      ] GC(213) Weak: 570 encountered, 44 discovered, 0 enqueued
[22.019s][info][gc,ref      ] GC(213) Final: 0 encountered, 0 discovered, 0 enqueued
[22.019s][info][gc,ref      ] GC(213) Phantom: 21 encountered, 20 discovered, 0 enqueued
[22.019s][info][gc,reloc    ] GC(213) Small Pages: 143 / 286M, Empty: 256M, Relocated: 5M, In-Place: 0
[22.019s][info][gc,reloc    ] GC(213) Medium Pages: 1 / 16M, Empty: 0M, Relocated: 0M, In-Place: 0
[22.019s][info][gc,reloc    ] GC(213) Large Pages: 0 / 0M, Empty: 0M, Relocated: 0M, In-Place: 0
[22.019s][info][gc,reloc    ] GC(213) Forwarding Usage: 2M
[22.019s][info][gc,heap     ] GC(213) Min Capacity: 8M(2%)
[22.019s][info][gc,heap     ] GC(213) Max Capacity: 512M(100%)
[22.019s][info][gc,heap     ] GC(213) Soft Max Capacity: 512M(100%)
[22.019s][info][gc,heap     ] GC(213)                Mark Start          Mark End        Relocate Start      Relocate End           High               Low         
[22.019s][info][gc,heap     ] GC(213)  Capacity:      512M (100%)        512M (100%)        512M (100%)        512M (100%)        512M (100%)        512M (100%)   
[22.019s][info][gc,heap     ] GC(213)      Free:      210M (41%)         174M (34%)         408M (80%)         418M (82%)         426M (83%)         170M (33%)    
[22.019s][info][gc,heap     ] GC(213)      Used:      302M (59%)         338M (66%)         104M (20%)          94M (18%)         342M (67%)          86M (17%)    
[22.019s][info][gc,heap     ] GC(213)      Live:         -                 6M (1%)            6M (1%)            6M (1%)             -                  -          
[22.019s][info][gc,heap     ] GC(213) Allocated:         -                36M (7%)           58M (11%)          65M (13%)            -                  -          
[22.019s][info][gc,heap     ] GC(213)   Garbage:         -               295M (58%)          39M (8%)           21M (4%)             -                  -          
[22.019s][info][gc,heap     ] GC(213) Reclaimed:         -                  -               256M (50%)         273M (54%)            -                  -          
[22.019s][info][gc          ] GC(213) Garbage Collection (Allocation Rate) 302M(59%)->94M(18%)
[22.085s][info][gc,start    ] GC(214) Garbage Collection (Allocation Rate)
[22.085s][info][gc,task     ] GC(214) Using 5 workers
[22.085s][info][gc,phases   ] GC(214) Pause Mark Start 0.011ms
[22.100s][info][gc,phases   ] GC(214) Concurrent Mark 15.343ms
[22.100s][info][gc,phases   ] GC(214) Pause Mark End 0.010ms
[22.100s][info][gc,phases   ] GC(214) Concurrent Mark Free 0.001ms
[22.102s][info][gc,phases   ] GC(214) Concurrent Process Non-Strong References 1.085ms
[22.102s][info][gc,phases   ] GC(214) Concurrent Reset Relocation Set 0.003ms
[22.106s][info][gc,phases   ] GC(214) Concurrent Select Relocation Set 3.898ms
[22.106s][info][gc,phases   ] GC(214) Pause Relocate Start 0.005ms
[22.108s][info][gc,phases   ] GC(214) Concurrent Relocate 2.476ms
[22.108s][info][gc,load     ] GC(214) Load: 0.00/0.00/0.00
[22.108s][info][gc,mmu      ] GC(214) MMU: 2ms/98.6%, 5ms/99.5%, 10ms/99.7%, 20ms/99.8%, 50ms/99.9%, 100ms/99.9%
[22.108s][info][gc,marking  ] GC(214) Mark: 4 stripe(s), 2 proactive flush(es), 1 terminate flush(es), 0 completion(s), 0 continuation(s) 
[22.108s][info][gc,marking  ] GC(214) Mark Stack Usage: 32M
[22.108s][info][gc,nmethod  ] GC(214) NMethods: 1353 registered, 47 unregistered
[22.108s][info][gc,metaspace] GC(214) Metaspace: 8M used, 8M committed, 1088M reserved
[22.108s][info][gc,ref      ] GC(214) Soft: 174 encountered, 0 discovered, 0 enqueued
[22.108s][info][gc,ref      ] GC(214) Weak: 570 encountered, 191 discovered, 0 enqueued
[22.108s][info][gc,ref      ] GC(214) Final: 0 encountered, 0 discovered, 0 enqueued
[22.108s][info][gc,ref      ] GC(214) Phantom: 21 encountered, 16 discovered, 0 enqueued
[22.108s][info][gc,reloc    ] GC(214) Small Pages: 130 / 260M, Empty: 234M, Relocated: 3M, In-Place: 0
[22.108s][info][gc,reloc    ] GC(214) Medium Pages: 1 / 16M, Empty: 0M, Relocated: 0M, In-Place: 0
[22.109s][info][gc,reloc    ] GC(214) Large Pages: 0 / 0M, Empty: 0M, Relocated: 0M, In-Place: 0
[22.109s][info][gc,reloc    ] GC(214) Forwarding Usage: 1M
[22.109s][info][gc,heap     ] GC(214) Min Capacity: 8M(2%)
[22.109s][info][gc,heap     ] GC(214) Max Capacity: 512M(100%)
[22.109s][info][gc,heap     ] GC(214) Soft Max Capacity: 512M(100%)
[22.109s][info][gc,heap     ] GC(214)                Mark Start          Mark End        Relocate Start      Relocate End           High               Low         
[22.109s][info][gc,heap     ] GC(214)  Capacity:      512M (100%)        512M (100%)        512M (100%)        512M (100%)        512M (100%)        512M (100%)   
[22.109s][info][gc,heap     ] GC(214)      Free:      236M (46%)         194M (38%)         414M (81%)         416M (81%)         418M (82%)         190M (37%)    
[22.109s][info][gc,heap     ] GC(214)      Used:      276M (54%)         318M (62%)          98M (19%)          96M (19%)         322M (63%)          94M (18%)    
[22.109s][info][gc,heap     ] GC(214)      Live:         -                 7M (1%)            7M (1%)            7M (1%)             -                  -          
[22.109s][info][gc,heap     ] GC(214) Allocated:         -                42M (8%)           56M (11%)          63M (12%)            -                  -          
[22.109s][info][gc,heap     ] GC(214)   Garbage:         -               268M (52%)          34M (7%)           24M (5%)             -                  -          
[22.109s][info][gc,heap     ] GC(214) Reclaimed:         -                  -               234M (46%)         243M (48%)            -                  -          
[22.109s][info][gc          ] GC(214) Garbage Collection (Allocation Rate) 276M(54%)->96M(19%)
[22.194s][info][gc,start    ] GC(215) Garbage Collection (Allocation Rate)
[22.194s][info][gc,task     ] GC(215) Using 5 workers
[22.194s][info][gc,phases   ] GC(215) Pause Mark Start 0.011ms
[22.225s][info][gc,phases   ] GC(215) Concurrent Mark 30.952ms
[22.225s][info][gc,phases   ] GC(215) Pause Mark End 0.014ms
[22.225s][info][gc,phases   ] GC(215) Concurrent Mark Free 0.001ms
[22.227s][info][gc,phases   ] GC(215) Concurrent Process Non-Strong References 1.143ms
[22.227s][info][gc,phases   ] GC(215) Concurrent Reset Relocation Set 0.002ms
[22.233s][info][gc,phases   ] GC(215) Concurrent Select Relocation Set 6.228ms
[22.233s][info][gc,phases   ] GC(215) Pause Relocate Start 0.006ms
[22.237s][info][gc,phases   ] GC(215) Concurrent Relocate 3.763ms
[22.237s][info][gc,load     ] GC(215) Load: 0.00/0.00/0.00
[22.237s][info][gc,mmu      ] GC(215) MMU: 2ms/98.6%, 5ms/99.5%, 10ms/99.7%, 20ms/99.8%, 50ms/99.9%, 100ms/99.9%
[22.237s][info][gc,marking  ] GC(215) Mark: 4 stripe(s), 2 proactive flush(es), 1 terminate flush(es), 0 completion(s), 0 continuation(s) 
[22.237s][info][gc,marking  ] GC(215) Mark Stack Usage: 32M
[22.237s][info][gc,nmethod  ] GC(215) NMethods: 1353 registered, 47 unregistered
[22.237s][info][gc,metaspace] GC(215) Metaspace: 8M used, 8M committed, 1088M reserved
[22.237s][info][gc,ref      ] GC(215) Soft: 174 encountered, 0 discovered, 0 enqueued
[22.237s][info][gc,ref      ] GC(215) Weak: 570 encountered, 164 discovered, 0 enqueued
[22.237s][info][gc,ref      ] GC(215) Final: 0 encountered, 0 discovered, 0 enqueued
[22.237s][info][gc,ref      ] GC(215) Phantom: 21 encountered, 16 discovered, 0 enqueued
[22.237s][info][gc,reloc    ] GC(215) Small Pages: 147 / 294M, Empty: 258M, Relocated: 5M, In-Place: 0
[22.237s][info][gc,reloc    ] GC(215) Medium Pages: 1 / 16M, Empty: 0M, Relocated: 0M, In-Place: 0
[22.237s][info][gc,reloc    ] GC(215) Large Pages: 0 / 0M, Empty: 0M, Relocated: 0M, In-Place: 0
[22.237s][info][gc,reloc    ] GC(215) Forwarding Usage: 2M
[22.237s][info][gc,heap     ] GC(215) Min Capacity: 8M(2%)
[22.237s][info][gc,heap     ] GC(215) Max Capacity: 512M(100%)
[22.237s][info][gc,heap     ] GC(215) Soft Max Capacity: 512M(100%)
[22.237s][info][gc,heap     ] GC(215)                Mark Start          Mark End        Relocate Start      Relocate End           High               Low         
[22.237s][info][gc,heap     ] GC(215)  Capacity:      512M (100%)        512M (100%)        512M (100%)        512M (100%)        512M (100%)        512M (100%)   
[22.237s][info][gc,heap     ] GC(215)      Free:      202M (39%)         132M (26%)         368M (72%)         380M (74%)         384M (75%)         128M (25%)    
[22.237s][info][gc,heap     ] GC(215)      Used:      310M (61%)         380M (74%)         144M (28%)         132M (26%)         384M (75%)         128M (25%)    
[22.237s][info][gc,heap     ] GC(215)      Live:         -                 8M (2%)            8M (2%)            8M (2%)             -                  -          
[22.237s][info][gc,heap     ] GC(215) Allocated:         -                70M (14%)          92M (18%)         101M (20%)            -                  -          
[22.238s][info][gc,heap     ] GC(215)   Garbage:         -               301M (59%)          43M (9%)           21M (4%)             -                  -          
[22.238s][info][gc,heap     ] GC(215) Reclaimed:         -                  -               258M (50%)         279M (55%)            -                  -          
[22.238s][info][gc          ] GC(215) Garbage Collection (Allocation Rate) 310M(61%)->132M(26%)
[22.288s][info][gc,start    ] GC(216) Garbage Collection (Allocation Rate)
[22.288s][info][gc,task     ] GC(216) Using 5 workers
[22.288s][info][gc,phases   ] GC(216) Pause Mark Start 0.010ms
[22.319s][info][gc,phases   ] GC(216) Concurrent Mark 30.984ms
[22.319s][info][gc,phases   ] GC(216) Pause Mark End 0.009ms
[22.319s][info][gc,phases   ] GC(216) Concurrent Mark Free 0.001ms
[22.320s][info][gc,phases   ] GC(216) Concurrent Process Non-Strong References 1.123ms
[22.320s][info][gc,phases   ] GC(216) Concurrent Reset Relocation Set 0.003ms
[22.324s][info][gc,phases   ] GC(216) Concurrent Select Relocation Set 3.788ms
[22.324s][info][gc,phases   ] GC(216) Pause Relocate Start 0.006ms
[22.327s][info][gc,phases   ] GC(216) Concurrent Relocate 2.648ms
[22.327s][info][gc,load     ] GC(216) Load: 0.00/0.00/0.00
[22.327s][info][gc,mmu      ] GC(216) MMU: 2ms/98.6%, 5ms/99.5%, 10ms/99.7%, 20ms/99.8%, 50ms/99.9%, 100ms/99.9%
[22.327s][info][gc,marking  ] GC(216) Mark: 4 stripe(s), 3 proactive flush(es), 1 terminate flush(es), 0 completion(s), 0 continuation(s) 
[22.327s][info][gc,marking  ] GC(216) Mark Stack Usage: 32M
[22.327s][info][gc,nmethod  ] GC(216) NMethods: 1353 registered, 47 unregistered
[22.327s][info][gc,metaspace] GC(216) Metaspace: 8M used, 8M committed, 1088M reserved
[22.327s][info][gc,ref      ] GC(216) Soft: 174 encountered, 0 discovered, 0 enqueued
[22.327s][info][gc,ref      ] GC(216) Weak: 570 encountered, 64 discovered, 0 enqueued
[22.327s][info][gc,ref      ] GC(216) Final: 0 encountered, 0 discovered, 0 enqueued
[22.327s][info][gc,ref      ] GC(216) Phantom: 21 encountered, 18 discovered, 0 enqueued
[22.327s][info][gc,reloc    ] GC(216) Small Pages: 127 / 254M, Empty: 218M, Relocated: 3M, In-Place: 0
[22.327s][info][gc,reloc    ] GC(216) Medium Pages: 1 / 16M, Empty: 0M, Relocated: 0M, In-Place: 0
[22.327s][info][gc,reloc    ] GC(216) Large Pages: 0 / 0M, Empty: 0M, Relocated: 0M, In-Place: 0
[22.327s][info][gc,reloc    ] GC(216) Forwarding Usage: 1M
[22.327s][info][gc,heap     ] GC(216) Min Capacity: 8M(2%)
[22.327s][info][gc,heap     ] GC(216) Max Capacity: 512M(100%)
[22.327s][info][gc,heap     ] GC(216) Soft Max Capacity: 512M(100%)
[22.327s][info][gc,heap     ] GC(216)                Mark Start          Mark End        Relocate Start      Relocate End           High               Low         
[22.327s][info][gc,heap     ] GC(216)  Capacity:      512M (100%)        512M (100%)        512M (100%)        512M (100%)        512M (100%)        512M (100%)   
[22.327s][info][gc,heap     ] GC(216)      Free:      242M (47%)         160M (31%)         374M (73%)         390M (76%)         390M (76%)         160M (31%)    
[22.328s][info][gc,heap     ] GC(216)      Used:      270M (53%)         352M (69%)         138M (27%)         122M (24%)         352M (69%)         122M (24%)    
[22.328s][info][gc,heap     ] GC(216)      Live:         -                 8M (2%)            8M (2%)            8M (2%)             -                  -          
[22.328s][info][gc,heap     ] GC(216) Allocated:         -                82M (16%)          86M (17%)          87M (17%)            -                  -          
[22.328s][info][gc,heap     ] GC(216)   Garbage:         -               261M (51%)          43M (8%)           25M (5%)             -                  -          
[22.328s][info][gc,heap     ] GC(216) Reclaimed:         -                  -               218M (43%)         235M (46%)            -                  -          
[22.328s][info][gc          ] GC(216) Garbage Collection (Allocation Rate) 270M(53%)->122M(24%)
[22.381s][info][gc,start    ] GC(217) Garbage Collection (Allocation Rate)
[22.381s][info][gc,task     ] GC(217) Using 5 workers
[22.382s][info][gc,phases   ] GC(217) Pause Mark Start 0.012ms
[22.413s][info][gc,phases   ] GC(217) Concurrent Mark 31.009ms
[22.413s][info][gc,phases   ] GC(217) Pause Mark End 0.012ms
[22.413s][info][gc,phases   ] GC(217) Concurrent Mark Free 0.001ms
[22.414s][info][gc,phases   ] GC(217) Concurrent Process Non-Strong References 1.094ms
[22.414s][info][gc,phases   ] GC(217) Concurrent Reset Relocation Set 0.002ms
[22.421s][info][gc,phases   ] GC(217) Concurrent Select Relocation Set 6.588ms
[22.421s][info][gc,phases   ] GC(217) Pause Relocate Start 0.007ms
[22.425s][info][gc,phases   ] GC(217) Concurrent Relocate 4.519ms
[22.425s][info][gc,load     ] GC(217) Load: 0.00/0.00/0.00
[22.425s][info][gc,mmu      ] GC(217) MMU: 2ms/98.6%, 5ms/99.5%, 10ms/99.7%, 20ms/99.8%, 50ms/99.9%, 100ms/99.9%
[22.425s][info][gc,marking  ] GC(217) Mark: 4 stripe(s), 4 proactive flush(es), 1 terminate flush(es), 0 completion(s), 0 continuation(s) 
[22.425s][info][gc,marking  ] GC(217) Mark Stack Usage: 32M
[22.425s][info][gc,nmethod  ] GC(217) NMethods: 1353 registered, 47 unregistered
[22.426s][info][gc,metaspace] GC(217) Metaspace: 8M used, 8M committed, 1088M reserved
[22.426s][info][gc,ref      ] GC(217) Soft: 174 encountered, 0 discovered, 0 enqueued
[22.426s][info][gc,ref      ] GC(217) Weak: 570 encountered, 118 discovered, 0 enqueued
[22.426s][info][gc,ref      ] GC(217) Final: 0 encountered, 0 discovered, 0 enqueued
[22.426s][info][gc,ref      ] GC(217) Phantom: 21 encountered, 18 discovered, 0 enqueued
[22.426s][info][gc,reloc    ] GC(217) Small Pages: 110 / 220M, Empty: 188M, Relocated: 4M, In-Place: 0
[22.426s][info][gc,reloc    ] GC(217) Medium Pages: 2 / 32M, Empty: 16M, Relocated: 0M, In-Place: 0
[22.426s][info][gc,reloc    ] GC(217) Large Pages: 0 / 0M, Empty: 0M, Relocated: 0M, In-Place: 0
[22.426s][info][gc,reloc    ] GC(217) Forwarding Usage: 2M
[22.426s][info][gc,heap     ] GC(217) Min Capacity: 8M(2%)
[22.426s][info][gc,heap     ] GC(217) Max Capacity: 512M(100%)
[22.426s][info][gc,heap     ] GC(217) Soft Max Capacity: 512M(100%)
[22.426s][info][gc,heap     ] GC(217)                Mark Start          Mark End        Relocate Start      Relocate End           High               Low         
[22.426s][info][gc,heap     ] GC(217)  Capacity:      512M (100%)        512M (100%)        512M (100%)        512M (100%)        512M (100%)        512M (100%)   
[22.426s][info][gc,heap     ] GC(217)      Free:      260M (51%)         174M (34%)         358M (70%)         362M (71%)         366M (71%)         172M (34%)    
[22.426s][info][gc,heap     ] GC(217)      Used:      252M (49%)         338M (66%)         154M (30%)         150M (29%)         340M (66%)         146M (29%)    
[22.426s][info][gc,heap     ] GC(217)      Live:         -                 9M (2%)            9M (2%)            9M (2%)             -                  -          
[22.426s][info][gc,heap     ] GC(217) Allocated:         -                86M (17%)         106M (21%)         117M (23%)            -                  -          
[22.426s][info][gc,heap     ] GC(217)   Garbage:         -               242M (47%)          38M (7%)           22M (4%)             -                  -          
[22.426s][info][gc,heap     ] GC(217) Reclaimed:         -                  -               204M (40%)         219M (43%)            -                  -          
[22.426s][info][gc          ] GC(217) Garbage Collection (Allocation Rate) 252M(49%)->150M(29%)
[22.491s][info][gc,start    ] GC(218) Garbage Collection (Allocation Rate)
[22.491s][info][gc,task     ] GC(218) Using 5 workers
[22.491s][info][gc,phases   ] GC(218) Pause Mark Start 0.010ms
[22.506s][info][gc,phases   ] GC(218) Concurrent Mark 15.373ms
[22.506s][info][gc,phases   ] GC(218) Pause Mark End 0.013ms
[22.507s][info][gc,phases   ] GC(218) Concurrent Mark Free 0.001ms
[22.508s][info][gc,phases   ] GC(218) Concurrent Process Non-Strong References 0.930ms
[22.508s][info][gc,phases   ] GC(218) Concurrent Reset Relocation Set 0.002ms
[22.515s][info][gc,phases   ] GC(218) Concurrent Select Relocation Set 7.320ms
[22.515s][info][gc,phases   ] GC(218) Pause Relocate Start 0.006ms
[22.520s][info][gc,phases   ] GC(218) Concurrent Relocate 5.159ms
[22.520s][info][gc,load     ] GC(218) Load: 0.00/0.00/0.00
[22.520s][info][gc,mmu      ] GC(218) MMU: 2ms/98.6%, 5ms/99.5%, 10ms/99.7%, 20ms/99.8%, 50ms/99.9%, 100ms/99.9%
[22.520s][info][gc,marking  ] GC(218) Mark: 4 stripe(s), 2 proactive flush(es), 1 terminate flush(es), 0 completion(s), 0 continuation(s) 
[22.520s][info][gc,marking  ] GC(218) Mark Stack Usage: 32M
[22.520s][info][gc,nmethod  ] GC(218) NMethods: 1353 registered, 47 unregistered
[22.520s][info][gc,metaspace] GC(218) Metaspace: 8M used, 8M committed, 1088M reserved
[22.520s][info][gc,ref      ] GC(218) Soft: 174 encountered, 0 discovered, 0 enqueued
[22.520s][info][gc,ref      ] GC(218) Weak: 570 encountered, 48 discovered, 0 enqueued
[22.520s][info][gc,ref      ] GC(218) Final: 0 encountered, 0 discovered, 0 enqueued
[22.521s][info][gc,ref      ] GC(218) Phantom: 21 encountered, 17 discovered, 0 enqueued
[22.521s][info][gc,reloc    ] GC(218) Small Pages: 139 / 278M, Empty: 246M, Relocated: 6M, In-Place: 0
[22.521s][info][gc,reloc    ] GC(218) Medium Pages: 1 / 16M, Empty: 0M, Relocated: 0M, In-Place: 0
[22.521s][info][gc,reloc    ] GC(218) Large Pages: 0 / 0M, Empty: 0M, Relocated: 0M, In-Place: 0
[22.521s][info][gc,reloc    ] GC(218) Forwarding Usage: 3M
[22.521s][info][gc,heap     ] GC(218) Min Capacity: 8M(2%)
[22.521s][info][gc,heap     ] GC(218) Max Capacity: 512M(100%)
[22.521s][info][gc,heap     ] GC(218) Soft Max Capacity: 512M(100%)
[22.521s][info][gc,heap     ] GC(218)                Mark Start          Mark End        Relocate Start      Relocate End           High               Low         
[22.521s][info][gc,heap     ] GC(218)  Capacity:      512M (100%)        512M (100%)        512M (100%)        512M (100%)        512M (100%)        512M (100%)   
[22.521s][info][gc,heap     ] GC(218)      Free:      218M (43%)         196M (38%)         428M (84%)         434M (85%)         436M (85%)         196M (38%)    
[22.521s][info][gc,heap     ] GC(218)      Used:      294M (57%)         316M (62%)          84M (16%)          78M (15%)         316M (62%)          76M (15%)    
[22.521s][info][gc,heap     ] GC(218)      Live:         -                10M (2%)           10M (2%)           10M (2%)             -                  -          
[22.521s][info][gc,heap     ] GC(218) Allocated:         -                22M (4%)           36M (7%)           47M (9%)             -                  -          
[22.521s][info][gc,heap     ] GC(218)   Garbage:         -               283M (55%)          37M (7%)           19M (4%)             -                  -          
[22.521s][info][gc,heap     ] GC(218) Reclaimed:         -                  -               246M (48%)         263M (52%)            -                  -          
[22.521s][info][gc          ] GC(218) Garbage Collection (Allocation Rate) 294M(57%)->78M(15%)
[22.585s][info][gc,start    ] GC(219) Garbage Collection (Allocation Rate)
[22.585s][info][gc,task     ] GC(219) Using 5 workers
[22.585s][info][gc,phases   ] GC(219) Pause Mark Start 0.013ms
[22.616s][info][gc,phases   ] GC(219) Concurrent Mark 30.966ms
[22.616s][info][gc,phases   ] GC(219) Pause Mark End 0.014ms
[22.616s][info][gc,phases   ] GC(219) Concurrent Mark Free 0.001ms
[22.617s][info][gc,phases   ] GC(219) Concurrent Process Non-Strong References 1.165ms
[22.617s][info][gc,phases   ] GC(219) Concurrent Reset Relocation Set 0.003ms
[22.621s][info][gc,phases   ] GC(219) Concurrent Select Relocation Set 4.081ms
[22.621s][info][gc,phases   ] GC(219) Pause Relocate Start 0.007ms
[22.624s][info][gc,phases   ] GC(219) Concurrent Relocate 2.495ms
[22.624s][info][gc,load     ] GC(219) Load: 0.00/0.00/0.00
[22.624s][info][gc,mmu      ] GC(219) MMU: 2ms/98.6%, 5ms/99.5%, 10ms/99.7%, 20ms/99.8%, 50ms/99.9%, 100ms/99.9%
[22.624s][info][gc,marking  ] GC(219) Mark: 4 stripe(s), 2 proactive flush(es), 1 terminate flush(es), 0 completion(s), 0 continuation(s) 
[22.624s][info][gc,marking  ] GC(219) Mark Stack Usage: 32M
[22.624s][info][gc,nmethod  ] GC(219) NMethods: 1353 registered, 47 unregistered
[22.624s][info][gc,metaspace] GC(219) Metaspace: 8M used, 8M committed, 1088M reserved
[22.624s][info][gc,ref      ] GC(219) Soft: 174 encountered, 0 discovered, 0 enqueued
[22.624s][info][gc,ref      ] GC(219) Weak: 570 encountered, 60 discovered, 0 enqueued
[22.624s][info][gc,ref      ] GC(219) Final: 0 encountered, 0 discovered, 0 enqueued
[22.624s][info][gc,ref      ] GC(219) Phantom: 21 encountered, 17 discovered, 0 enqueued
[22.624s][info][gc,reloc    ] GC(219) Small Pages: 119 / 238M, Empty: 204M, Relocated: 2M, In-Place: 0
[22.624s][info][gc,reloc    ] GC(219) Medium Pages: 1 / 16M, Empty: 0M, Relocated: 0M, In-Place: 0
[22.624s][info][gc,reloc    ] GC(219) Large Pages: 0 / 0M, Empty: 0M, Relocated: 0M, In-Place: 0
[22.624s][info][gc,reloc    ] GC(219) Forwarding Usage: 1M
[22.624s][info][gc,heap     ] GC(219) Min Capacity: 8M(2%)
[22.624s][info][gc,heap     ] GC(219) Max Capacity: 512M(100%)
[22.624s][info][gc,heap     ] GC(219) Soft Max Capacity: 512M(100%)
[22.625s][info][gc,heap     ] GC(219)                Mark Start          Mark End        Relocate Start      Relocate End           High               Low         
[22.625s][info][gc,heap     ] GC(219)  Capacity:      512M (100%)        512M (100%)        512M (100%)        512M (100%)        512M (100%)        512M (100%)   
[22.625s][info][gc,heap     ] GC(219)      Free:      258M (50%)         176M (34%)         368M (72%)         376M (73%)         376M (73%)         174M (34%)    
[22.625s][info][gc,heap     ] GC(219)      Used:      254M (50%)         336M (66%)         144M (28%)         136M (27%)         338M (66%)         136M (27%)    
[22.625s][info][gc,heap     ] GC(219)      Live:         -                11M (2%)           11M (2%)           11M (2%)             -                  -          
[22.625s][info][gc,heap     ] GC(219) Allocated:         -                82M (16%)          94M (18%)          99M (20%)            -                  -          
[22.625s][info][gc,heap     ] GC(219)   Garbage:         -               242M (47%)          38M (8%)           24M (5%)             -                  -          
[22.625s][info][gc,heap     ] GC(219) Reclaimed:         -                  -               204M (40%)         217M (43%)            -                  -          
[22.625s][info][gc          ] GC(219) Garbage Collection (Allocation Rate) 254M(50%)->136M(27%)
[22.694s][info][gc,start    ] GC(220) Garbage Collection (Allocation Rate)
[22.694s][info][gc,task     ] GC(220) Using 5 workers
[22.694s][info][gc,phases   ] GC(220) Pause Mark Start 0.010ms
[22.709s][info][gc,phases   ] GC(220) Concurrent Mark 15.368ms
[22.710s][info][gc,phases   ] GC(220) Pause Mark End 0.012ms
[22.710s][info][gc,phases   ] GC(220) Concurrent Mark Free 0.001ms
[22.711s][info][gc,phases   ] GC(220) Concurrent Process Non-Strong References 1.192ms
[22.711s][info][gc,phases   ] GC(220) Concurrent Reset Relocation Set 0.003ms
[22.717s][info][gc,phases   ] GC(220) Concurrent Select Relocation Set 5.779ms
[22.717s][info][gc,phases   ] GC(220) Pause Relocate Start 0.007ms
[22.721s][info][gc,phases   ] GC(220) Concurrent Relocate 3.763ms
[22.721s][info][gc,load     ] GC(220) Load: 0.00/0.00/0.00
[22.721s][info][gc,mmu      ] GC(220) MMU: 2ms/98.6%, 5ms/99.5%, 10ms/99.7%, 20ms/99.8%, 50ms/99.9%, 100ms/99.9%
[22.721s][info][gc,marking  ] GC(220) Mark: 4 stripe(s), 2 proactive flush(es), 1 terminate flush(es), 0 completion(s), 0 continuation(s) 
[22.721s][info][gc,marking  ] GC(220) Mark Stack Usage: 32M
[22.721s][info][gc,nmethod  ] GC(220) NMethods: 1353 registered, 47 unregistered
[22.721s][info][gc,metaspace] GC(220) Metaspace: 8M used, 8M committed, 1088M reserved
[22.721s][info][gc,ref      ] GC(220) Soft: 174 encountered, 0 discovered, 0 enqueued
[22.721s][info][gc,ref      ] GC(220) Weak: 570 encountered, 152 discovered, 0 enqueued
[22.721s][info][gc,ref      ] GC(220) Final: 0 encountered, 0 discovered, 0 enqueued
[22.721s][info][gc,ref      ] GC(220) Phantom: 21 encountered, 18 discovered, 0 enqueued
[22.721s][info][gc,reloc    ] GC(220) Small Pages: 148 / 296M, Empty: 266M, Relocated: 4M, In-Place: 0
[22.721s][info][gc,reloc    ] GC(220) Medium Pages: 2 / 32M, Empty: 0M, Relocated: 0M, In-Place: 0
[22.721s][info][gc,reloc    ] GC(220) Large Pages: 0 / 0M, Empty: 0M, Relocated: 0M, In-Place: 0
[22.721s][info][gc,reloc    ] GC(220) Forwarding Usage: 1M
[22.721s][info][gc,heap     ] GC(220) Min Capacity: 8M(2%)
[22.721s][info][gc,heap     ] GC(220) Max Capacity: 512M(100%)
[22.721s][info][gc,heap     ] GC(220) Soft Max Capacity: 512M(100%)
[22.721s][info][gc,heap     ] GC(220)                Mark Start          Mark End        Relocate Start      Relocate End           High               Low         
[22.721s][info][gc,heap     ] GC(220)  Capacity:      512M (100%)        512M (100%)        512M (100%)        512M (100%)        512M (100%)        512M (100%)   
[22.721s][info][gc,heap     ] GC(220)      Free:      184M (36%)         142M (28%)         392M (77%)         410M (80%)         412M (80%)         140M (27%)    
[22.721s][info][gc,heap     ] GC(220)      Used:      328M (64%)         370M (72%)         120M (23%)         102M (20%)         372M (73%)         100M (20%)    
[22.721s][info][gc,heap     ] GC(220)      Live:         -                11M (2%)           11M (2%)           11M (2%)             -                  -          
[22.721s][info][gc,heap     ] GC(220) Allocated:         -                42M (8%)           58M (11%)          67M (13%)            -                  -          
[22.721s][info][gc,heap     ] GC(220)   Garbage:         -               316M (62%)          50M (10%)          22M (4%)             -                  -          
[22.721s][info][gc,heap     ] GC(220) Reclaimed:         -                  -               266M (52%)         293M (57%)            -                  -          
[22.721s][info][gc          ] GC(220) Garbage Collection (Allocation Rate) 328M(64%)->102M(20%)
[22.780s][info][gc,start    ] GC(221) Garbage Collection (Allocation Rate)
[22.780s][info][gc,task     ] GC(221) Using 5 workers
[22.780s][info][gc,phases   ] GC(221) Pause Mark Start 0.012ms
[22.794s][info][gc,phases   ] GC(221) Concurrent Mark 13.681ms
[22.794s][info][gc,phases   ] GC(221) Pause Mark End 0.011ms
[22.794s][info][gc,phases   ] GC(221) Concurrent Mark Free 0.001ms
[22.795s][info][gc,phases   ] GC(221) Concurrent Process Non-Strong References 0.770ms
[22.795s][info][gc,phases   ] GC(221) Concurrent Reset Relocation Set 0.002ms
[22.802s][info][gc,phases   ] GC(221) Concurrent Select Relocation Set 6.638ms
[22.802s][info][gc,phases   ] GC(221) Pause Relocate Start 0.005ms
[22.806s][info][gc,phases   ] GC(221) Concurrent Relocate 3.820ms
[22.806s][info][gc,load     ] GC(221) Load: 0.00/0.00/0.00
[22.806s][info][gc,mmu      ] GC(221) MMU: 2ms/98.6%, 5ms/99.5%, 10ms/99.7%, 20ms/99.8%, 50ms/99.9%, 100ms/99.9%
[22.806s][info][gc,marking  ] GC(221) Mark: 4 stripe(s), 2 proactive flush(es), 1 terminate flush(es), 0 completion(s), 0 continuation(s) 
[22.806s][info][gc,marking  ] GC(221) Mark Stack Usage: 32M
[22.806s][info][gc,nmethod  ] GC(221) NMethods: 1353 registered, 47 unregistered
[22.806s][info][gc,metaspace] GC(221) Metaspace: 8M used, 8M committed, 1088M reserved
[22.806s][info][gc,ref      ] GC(221) Soft: 174 encountered, 0 discovered, 0 enqueued
[22.806s][info][gc,ref      ] GC(221) Weak: 570 encountered, 61 discovered, 0 enqueued
[22.806s][info][gc,ref      ] GC(221) Final: 0 encountered, 0 discovered, 0 enqueued
[22.806s][info][gc,ref      ] GC(221) Phantom: 21 encountered, 12 discovered, 0 enqueued
[22.806s][info][gc,reloc    ] GC(221) Small Pages: 109 / 218M, Empty: 182M, Relocated: 6M, In-Place: 0
[22.806s][info][gc,reloc    ] GC(221) Medium Pages: 1 / 16M, Empty: 0M, Relocated: 0M, In-Place: 0
[22.806s][info][gc,reloc    ] GC(221) Large Pages: 0 / 0M, Empty: 0M, Relocated: 0M, In-Place: 0
[22.806s][info][gc,reloc    ] GC(221) Forwarding Usage: 2M
[22.806s][info][gc,heap     ] GC(221) Min Capacity: 8M(2%)
[22.806s][info][gc,heap     ] GC(221) Max Capacity: 512M(100%)
[22.806s][info][gc,heap     ] GC(221) Soft Max Capacity: 512M(100%)
[22.806s][info][gc,heap     ] GC(221)                Mark Start          Mark End        Relocate Start      Relocate End           High               Low         
[22.806s][info][gc,heap     ] GC(221)  Capacity:      512M (100%)        512M (100%)        512M (100%)        512M (100%)        512M (100%)        512M (100%)   
[22.806s][info][gc,heap     ] GC(221)      Free:      278M (54%)         254M (50%)         418M (82%)         426M (83%)         428M (84%)         252M (49%)    
[22.807s][info][gc,heap     ] GC(221)      Used:      234M (46%)         258M (50%)          94M (18%)          86M (17%)         260M (51%)          84M (16%)    
[22.807s][info][gc,heap     ] GC(221)      Live:         -                12M (2%)           12M (2%)           12M (2%)             -                  -          
[22.807s][info][gc,heap     ] GC(221) Allocated:         -                24M (5%)           42M (8%)           51M (10%)            -                  -          
[22.807s][info][gc,heap     ] GC(221)   Garbage:         -               221M (43%)          39M (8%)           21M (4%)             -                  -          
[22.807s][info][gc,heap     ] GC(221) Reclaimed:         -                  -               182M (36%)         199M (39%)            -                  -          
[22.807s][info][gc          ] GC(221) Garbage Collection (Allocation Rate) 234M(46%)->86M(17%)
[22.880s][info][gc,start    ] GC(222) Garbage Collection (Allocation Rate)
[22.880s][info][gc,task     ] GC(222) Using 5 workers
[22.880s][info][gc,phases   ] GC(222) Pause Mark Start 0.011ms
[22.899s][info][gc,phases   ] GC(222) Concurrent Mark 18.510ms
[22.899s][info][gc,phases   ] GC(222) Pause Mark End 0.015ms
[22.899s][info][gc,phases   ] GC(222) Concurrent Mark Free 0.001ms
[22.900s][info][gc,phases   ] GC(222) Concurrent Process Non-Strong References 1.013ms
[22.900s][info][gc,phases   ] GC(222) Concurrent Reset Relocation Set 0.003ms
[22.903s][info][gc,phases   ] GC(222) Concurrent Select Relocation Set 2.664ms
[22.903s][info][gc,phases   ] GC(222) Pause Relocate Start 0.005ms
[22.905s][info][gc,phases   ] GC(222) Concurrent Relocate 2.200ms
[22.905s][info][gc,load     ] GC(222) Load: 0.00/0.00/0.00
[22.905s][info][gc,mmu      ] GC(222) MMU: 2ms/98.6%, 5ms/99.5%, 10ms/99.7%, 20ms/99.8%, 50ms/99.9%, 100ms/99.9%
[22.905s][info][gc,marking  ] GC(222) Mark: 4 stripe(s), 2 proactive flush(es), 1 terminate flush(es), 0 completion(s), 0 continuation(s) 
[22.905s][info][gc,marking  ] GC(222) Mark Stack Usage: 32M
[22.905s][info][gc,nmethod  ] GC(222) NMethods: 1353 registered, 47 unregistered
[22.905s][info][gc,metaspace] GC(222) Metaspace: 8M used, 8M committed, 1088M reserved
[22.905s][info][gc,ref      ] GC(222) Soft: 174 encountered, 0 discovered, 0 enqueued
[22.905s][info][gc,ref      ] GC(222) Weak: 570 encountered, 169 discovered, 0 enqueued
[22.905s][info][gc,ref      ] GC(222) Final: 0 encountered, 0 discovered, 0 enqueued
[22.905s][info][gc,ref      ] GC(222) Phantom: 21 encountered, 18 discovered, 0 enqueued
[22.905s][info][gc,reloc    ] GC(222) Small Pages: 125 / 250M, Empty: 214M, Relocated: 3M, In-Place: 0
[22.905s][info][gc,reloc    ] GC(222) Medium Pages: 1 / 16M, Empty: 0M, Relocated: 0M, In-Place: 0
[22.906s][info][gc,reloc    ] GC(222) Large Pages: 0 / 0M, Empty: 0M, Relocated: 0M, In-Place: 0
[22.906s][info][gc,reloc    ] GC(222) Forwarding Usage: 1M
[22.906s][info][gc,heap     ] GC(222) Min Capacity: 8M(2%)
[22.906s][info][gc,heap     ] GC(222) Max Capacity: 512M(100%)
[22.906s][info][gc,heap     ] GC(222) Soft Max Capacity: 512M(100%)
[22.906s][info][gc,heap     ] GC(222)                Mark Start          Mark End        Relocate Start      Relocate End           High               Low         
[22.906s][info][gc,heap     ] GC(222)  Capacity:      512M (100%)        512M (100%)        512M (100%)        512M (100%)        512M (100%)        512M (100%)   
[22.906s][info][gc,heap     ] GC(222)      Free:      246M (48%)         198M (39%)         402M (79%)         410M (80%)         410M (80%)         194M (38%)    
[22.906s][info][gc,heap     ] GC(222)      Used:      266M (52%)         314M (61%)         110M (21%)         102M (20%)         318M (62%)         102M (20%)    
[22.906s][info][gc,heap     ] GC(222)      Live:         -                12M (3%)           12M (3%)           12M (3%)             -                  -          
[22.906s][info][gc,heap     ] GC(222) Allocated:         -                48M (9%)           58M (11%)          63M (12%)            -                  -          
[22.906s][info][gc,heap     ] GC(222)   Garbage:         -               253M (49%)          39M (8%)           25M (5%)             -                  -          
[22.906s][info][gc,heap     ] GC(222) Reclaimed:         -                  -               214M (42%)         227M (45%)            -                  -          
[22.906s][info][gc          ] GC(222) Garbage Collection (Allocation Rate) 266M(52%)->102M(20%)
[22.980s][info][gc,start    ] GC(223) Garbage Collection (Allocation Rate)
[22.980s][info][gc,task     ] GC(223) Using 5 workers
[22.980s][info][gc,phases   ] GC(223) Pause Mark Start 0.010ms
[23.000s][info][gc,phases   ] GC(223) Concurrent Mark 19.747ms
[23.000s][info][gc,phases   ] GC(223) Pause Mark End 0.012ms
[23.000s][info][gc,phases   ] GC(223) Concurrent Mark Free 0.001ms
[23.001s][info][gc,phases   ] GC(223) Concurrent Process Non-Strong References 0.829ms
[23.001s][info][gc,phases   ] GC(223) Concurrent Reset Relocation Set 0.002ms
[23.007s][info][gc,phases   ] GC(223) Concurrent Select Relocation Set 5.756ms
[23.007s][info][gc,phases   ] GC(223) Pause Relocate Start 0.005ms
[23.010s][info][gc,phases   ] GC(223) Concurrent Relocate 2.916ms
[23.010s][info][gc,load     ] GC(223) Load: 0.00/0.00/0.00
[23.010s][info][gc,mmu      ] GC(223) MMU: 2ms/98.6%, 5ms/99.5%, 10ms/99.7%, 20ms/99.8%, 50ms/99.9%, 100ms/99.9%
[23.010s][info][gc,marking  ] GC(223) Mark: 4 stripe(s), 2 proactive flush(es), 1 terminate flush(es), 0 completion(s), 0 continuation(s) 
[23.010s][info][gc,marking  ] GC(223) Mark Stack Usage: 32M
[23.010s][info][gc,nmethod  ] GC(223) NMethods: 1353 registered, 47 unregistered
[23.010s][info][gc,metaspace] GC(223) Metaspace: 8M used, 8M committed, 1088M reserved
[23.010s][info][gc,ref      ] GC(223) Soft: 174 encountered, 0 discovered, 0 enqueued
[23.010s][info][gc,ref      ] GC(223) Weak: 570 encountered, 5 discovered, 0 enqueued
[23.010s][info][gc,ref      ] GC(223) Final: 0 encountered, 0 discovered, 0 enqueued
[23.010s][info][gc,ref      ] GC(223) Phantom: 21 encountered, 16 discovered, 0 enqueued
[23.010s][info][gc,reloc    ] GC(223) Small Pages: 145 / 290M, Empty: 248M, Relocated: 5M, In-Place: 0
[23.010s][info][gc,reloc    ] GC(223) Medium Pages: 1 / 16M, Empty: 0M, Relocated: 0M, In-Place: 0
[23.010s][info][gc,reloc    ] GC(223) Large Pages: 0 / 0M, Empty: 0M, Relocated: 0M, In-Place: 0
[23.010s][info][gc,reloc    ] GC(223) Forwarding Usage: 2M
[23.010s][info][gc,heap     ] GC(223) Min Capacity: 8M(2%)
[23.010s][info][gc,heap     ] GC(223) Max Capacity: 512M(100%)
[23.010s][info][gc,heap     ] GC(223) Soft Max Capacity: 512M(100%)
[23.010s][info][gc,heap     ] GC(223)                Mark Start          Mark End        Relocate Start      Relocate End           High               Low         
[23.010s][info][gc,heap     ] GC(223)  Capacity:      512M (100%)        512M (100%)        512M (100%)        512M (100%)        512M (100%)        512M (100%)   
[23.010s][info][gc,heap     ] GC(223)      Free:      206M (40%)         156M (30%)         386M (75%)         400M (78%)         402M (79%)         154M (30%)    
[23.011s][info][gc,heap     ] GC(223)      Used:      306M (60%)         356M (70%)         126M (25%)         112M (22%)         358M (70%)         110M (21%)    
[23.011s][info][gc,heap     ] GC(223)      Live:         -                13M (3%)           13M (3%)           13M (3%)             -                  -          
[23.011s][info][gc,heap     ] GC(223) Allocated:         -                50M (10%)          68M (13%)          75M (15%)            -                  -          
[23.011s][info][gc,heap     ] GC(223)   Garbage:         -               292M (57%)          44M (9%)           22M (4%)             -                  -          
[23.011s][info][gc,heap     ] GC(223) Reclaimed:         -                  -               248M (48%)         269M (53%)            -                  -          
[23.011s][info][gc          ] GC(223) Garbage Collection (Allocation Rate) 306M(60%)->112M(22%)
[23.081s][info][gc,start    ] GC(224) Garbage Collection (Allocation Rate)
[23.081s][info][gc,task     ] GC(224) Using 5 workers
[23.081s][info][gc,phases   ] GC(224) Pause Mark Start 0.011ms
[23.099s][info][gc,phases   ] GC(224) Concurrent Mark 17.684ms
[23.099s][info][gc,phases   ] GC(224) Pause Mark End 0.010ms
[23.099s][info][gc,phases   ] GC(224) Concurrent Mark Free 0.001ms
[23.100s][info][gc,phases   ] GC(224) Concurrent Process Non-Strong References 0.943ms
[23.100s][info][gc,phases   ] GC(224) Concurrent Reset Relocation Set 0.003ms
[23.104s][info][gc,phases   ] GC(224) Concurrent Select Relocation Set 3.884ms
[23.104s][info][gc,phases   ] GC(224) Pause Relocate Start 0.004ms
[23.106s][info][gc,phases   ] GC(224) Concurrent Relocate 2.475ms
[23.106s][info][gc,load     ] GC(224) Load: 0.00/0.00/0.00
[23.107s][info][gc,mmu      ] GC(224) MMU: 2ms/98.6%, 5ms/99.5%, 10ms/99.7%, 20ms/99.8%, 50ms/99.9%, 100ms/99.9%
[23.107s][info][gc,marking  ] GC(224) Mark: 4 stripe(s), 2 proactive flush(es), 1 terminate flush(es), 0 completion(s), 0 continuation(s) 
[23.107s][info][gc,marking  ] GC(224) Mark Stack Usage: 32M
[23.107s][info][gc,nmethod  ] GC(224) NMethods: 1353 registered, 47 unregistered
[23.107s][info][gc,metaspace] GC(224) Metaspace: 8M used, 8M committed, 1088M reserved
[23.107s][info][gc,ref      ] GC(224) Soft: 174 encountered, 0 discovered, 0 enqueued
[23.107s][info][gc,ref      ] GC(224) Weak: 570 encountered, 24 discovered, 0 enqueued
[23.107s][info][gc,ref      ] GC(224) Final: 0 encountered, 0 discovered, 0 enqueued
[23.107s][info][gc,ref      ] GC(224) Phantom: 21 encountered, 12 discovered, 0 enqueued
[23.107s][info][gc,reloc    ] GC(224) Small Pages: 114 / 228M, Empty: 194M, Relocated: 3M, In-Place: 0
[23.107s][info][gc,reloc    ] GC(224) Medium Pages: 2 / 32M, Empty: 0M, Relocated: 1M, In-Place: 0
[23.107s][info][gc,reloc    ] GC(224) Large Pages: 0 / 0M, Empty: 0M, Relocated: 0M, In-Place: 0
[23.107s][info][gc,reloc    ] GC(224) Forwarding Usage: 1M
[23.107s][info][gc,heap     ] GC(224) Min Capacity: 8M(2%)
[23.107s][info][gc,heap     ] GC(224) Max Capacity: 512M(100%)
[23.107s][info][gc,heap     ] GC(224) Soft Max Capacity: 512M(100%)
[23.107s][info][gc,heap     ] GC(224)                Mark Start          Mark End        Relocate Start      Relocate End           High               Low         
[23.107s][info][gc,heap     ] GC(224)  Capacity:      512M (100%)        512M (100%)        512M (100%)        512M (100%)        512M (100%)        512M (100%)   
[23.107s][info][gc,heap     ] GC(224)      Free:      252M (49%)         204M (40%)         384M (75%)         404M (79%)         404M (79%)         200M (39%)    
[23.107s][info][gc,heap     ] GC(224)      Used:      260M (51%)         308M (60%)         128M (25%)         108M (21%)         312M (61%)         108M (21%)    
[23.107s][info][gc,heap     ] GC(224)      Live:         -                14M (3%)           14M (3%)           14M (3%)             -                  -          
[23.107s][info][gc,heap     ] GC(224) Allocated:         -                48M (9%)           62M (12%)          67M (13%)            -                  -          
[23.107s][info][gc,heap     ] GC(224)   Garbage:         -               245M (48%)          51M (10%)          25M (5%)             -                  -          
[23.107s][info][gc,heap     ] GC(224) Reclaimed:         -                  -               194M (38%)         219M (43%)            -                  -          
[23.107s][info][gc          ] GC(224) Garbage Collection (Allocation Rate) 260M(51%)->108M(21%)
[23.181s][info][gc,start    ] GC(225) Garbage Collection (Allocation Rate)
[23.181s][info][gc,task     ] GC(225) Using 5 workers
[23.181s][info][gc,phases   ] GC(225) Pause Mark Start 0.011ms
[23.199s][info][gc,phases   ] GC(225) Concurrent Mark 17.708ms
[23.199s][info][gc,phases   ] GC(225) Pause Mark End 0.011ms
[23.199s][info][gc,phases   ] GC(225) Concurrent Mark Free 0.001ms
[23.200s][info][gc,phases   ] GC(225) Concurrent Process Non-Strong References 0.930ms
[23.200s][info][gc,phases   ] GC(225) Concurrent Reset Relocation Set 0.002ms
[23.206s][info][gc,phases   ] GC(225) Concurrent Select Relocation Set 6.300ms
[23.206s][info][gc,phases   ] GC(225) Pause Relocate Start 0.005ms
[23.210s][info][gc,phases   ] GC(225) Concurrent Relocate 3.730ms
[23.210s][info][gc,load     ] GC(225) Load: 0.00/0.00/0.00
[23.210s][info][gc,mmu      ] GC(225) MMU: 2ms/98.6%, 5ms/99.5%, 10ms/99.7%, 20ms/99.8%, 50ms/99.9%, 100ms/99.9%
[23.210s][info][gc,marking  ] GC(225) Mark: 4 stripe(s), 2 proactive flush(es), 1 terminate flush(es), 0 completion(s), 0 continuation(s) 
[23.210s][info][gc,marking  ] GC(225) Mark Stack Usage: 32M
[23.210s][info][gc,nmethod  ] GC(225) NMethods: 1353 registered, 47 unregistered
[23.210s][info][gc,metaspace] GC(225) Metaspace: 8M used, 8M committed, 1088M reserved
[23.210s][info][gc,ref      ] GC(225) Soft: 174 encountered, 0 discovered, 0 enqueued
[23.210s][info][gc,ref      ] GC(225) Weak: 570 encountered, 232 discovered, 0 enqueued
[23.210s][info][gc,ref      ] GC(225) Final: 0 encountered, 0 discovered, 0 enqueued
[23.210s][info][gc,ref      ] GC(225) Phantom: 21 encountered, 17 discovered, 0 enqueued
[23.210s][info][gc,reloc    ] GC(225) Small Pages: 146 / 292M, Empty: 254M, Relocated: 6M, In-Place: 0
[23.210s][info][gc,reloc    ] GC(225) Medium Pages: 1 / 16M, Empty: 0M, Relocated: 0M, In-Place: 0
[23.210s][info][gc,reloc    ] GC(225) Large Pages: 0 / 0M, Empty: 0M, Relocated: 0M, In-Place: 0
[23.210s][info][gc,reloc    ] GC(225) Forwarding Usage: 2M
[23.210s][info][gc,heap     ] GC(225) Min Capacity: 8M(2%)
[23.210s][info][gc,heap     ] GC(225) Max Capacity: 512M(100%)
[23.210s][info][gc,heap     ] GC(225) Soft Max Capacity: 512M(100%)
[23.210s][info][gc,heap     ] GC(225)                Mark Start          Mark End        Relocate Start      Relocate End           High               Low         
[23.210s][info][gc,heap     ] GC(225)  Capacity:      512M (100%)        512M (100%)        512M (100%)        512M (100%)        512M (100%)        512M (100%)   
[23.211s][info][gc,heap     ] GC(225)      Free:      204M (40%)         156M (30%)         390M (76%)         400M (78%)         400M (78%)         152M (30%)    
[23.211s][info][gc,heap     ] GC(225)      Used:      308M (60%)         356M (70%)         122M (24%)         112M (22%)         360M (70%)         112M (22%)    
[23.211s][info][gc,heap     ] GC(225)      Live:         -                15M (3%)           15M (3%)           15M (3%)             -                  -          
[23.211s][info][gc,heap     ] GC(225) Allocated:         -                48M (9%)           68M (13%)          75M (15%)            -                  -          
[23.211s][info][gc,heap     ] GC(225)   Garbage:         -               292M (57%)          38M (8%)           20M (4%)             -                  -          
[23.211s][info][gc,heap     ] GC(225) Reclaimed:         -                  -               254M (50%)         271M (53%)            -                  -          
[23.211s][info][gc          ] GC(225) Garbage Collection (Allocation Rate) 308M(60%)->112M(22%)
[23.288s][info][gc,start    ] GC(226) Garbage Collection (Allocation Rate)
[23.288s][info][gc,task     ] GC(226) Using 5 workers
[23.288s][info][gc,phases   ] GC(226) Pause Mark Start 0.011ms
[23.319s][info][gc,phases   ] GC(226) Concurrent Mark 31.035ms
[23.319s][info][gc,phases   ] GC(226) Pause Mark End 0.013ms
[23.319s][info][gc,phases   ] GC(226) Concurrent Mark Free 0.001ms
[23.321s][info][gc,phases   ] GC(226) Concurrent Process Non-Strong References 1.158ms
[23.321s][info][gc,phases   ] GC(226) Concurrent Reset Relocation Set 0.003ms
[23.324s][info][gc,phases   ] GC(226) Concurrent Select Relocation Set 3.652ms
[23.324s][info][gc,phases   ] GC(226) Pause Relocate Start 0.005ms
[23.329s][info][gc,phases   ] GC(226) Concurrent Relocate 4.727ms
[23.329s][info][gc,load     ] GC(226) Load: 0.00/0.00/0.00
[23.329s][info][gc,mmu      ] GC(226) MMU: 2ms/98.6%, 5ms/99.5%, 10ms/99.7%, 20ms/99.8%, 50ms/99.9%, 100ms/99.9%
[23.329s][info][gc,marking  ] GC(226) Mark: 4 stripe(s), 2 proactive flush(es), 1 terminate flush(es), 0 completion(s), 0 continuation(s) 
[23.329s][info][gc,marking  ] GC(226) Mark Stack Usage: 32M
[23.329s][info][gc,nmethod  ] GC(226) NMethods: 1353 registered, 47 unregistered
[23.329s][info][gc,metaspace] GC(226) Metaspace: 8M used, 8M committed, 1088M reserved
[23.329s][info][gc,ref      ] GC(226) Soft: 174 encountered, 0 discovered, 0 enqueued
[23.329s][info][gc,ref      ] GC(226) Weak: 570 encountered, 39 discovered, 0 enqueued
[23.329s][info][gc,ref      ] GC(226) Final: 0 encountered, 0 discovered, 0 enqueued
[23.329s][info][gc,ref      ] GC(226) Phantom: 21 encountered, 15 discovered, 0 enqueued
[23.330s][info][gc,reloc    ] GC(226) Small Pages: 155 / 310M, Empty: 274M, Relocated: 6M, In-Place: 0
[23.330s][info][gc,reloc    ] GC(226) Medium Pages: 1 / 16M, Empty: 0M, Relocated: 0M, In-Place: 0
[23.330s][info][gc,reloc    ] GC(226) Large Pages: 0 / 0M, Empty: 0M, Relocated: 0M, In-Place: 0
[23.330s][info][gc,reloc    ] GC(226) Forwarding Usage: 2M
[23.330s][info][gc,heap     ] GC(226) Min Capacity: 8M(2%)
[23.330s][info][gc,heap     ] GC(226) Max Capacity: 512M(100%)
[23.330s][info][gc,heap     ] GC(226) Soft Max Capacity: 512M(100%)
[23.330s][info][gc,heap     ] GC(226)                Mark Start          Mark End        Relocate Start      Relocate End           High               Low         
[23.330s][info][gc,heap     ] GC(226)  Capacity:      512M (100%)        512M (100%)        512M (100%)        512M (100%)        512M (100%)        512M (100%)   
[23.330s][info][gc,heap     ] GC(226)      Free:      186M (36%)         106M (21%)         366M (71%)         368M (72%)         370M (72%)         102M (20%)    
[23.330s][info][gc,heap     ] GC(226)      Used:      326M (64%)         406M (79%)         146M (29%)         144M (28%)         410M (80%)         142M (28%)    
[23.330s][info][gc,heap     ] GC(226)      Live:         -                16M (3%)           16M (3%)           16M (3%)             -                  -          
[23.330s][info][gc,heap     ] GC(226) Allocated:         -                80M (16%)          94M (18%)         107M (21%)            -                  -          
[23.330s][info][gc,heap     ] GC(226)   Garbage:         -               309M (61%)          35M (7%)           19M (4%)             -                  -          
[23.330s][info][gc,heap     ] GC(226) Reclaimed:         -                  -               274M (54%)         289M (57%)            -                  -          
[23.330s][info][gc          ] GC(226) Garbage Collection (Allocation Rate) 326M(64%)->144M(28%)
[23.382s][info][gc,start    ] GC(227) Garbage Collection (Allocation Rate)
[23.382s][info][gc,task     ] GC(227) Using 5 workers
[23.382s][info][gc,phases   ] GC(227) Pause Mark Start 0.009ms
[23.413s][info][gc,phases   ] GC(227) Concurrent Mark 30.997ms
[23.413s][info][gc,phases   ] GC(227) Pause Mark End 0.015ms
[23.413s][info][gc,phases   ] GC(227) Concurrent Mark Free 0.001ms
[23.414s][info][gc,phases   ] GC(227) Concurrent Process Non-Strong References 1.235ms
[23.414s][info][gc,phases   ] GC(227) Concurrent Reset Relocation Set 0.003ms
[23.418s][info][gc,phases   ] GC(227) Concurrent Select Relocation Set 3.741ms
[23.418s][info][gc,phases   ] GC(227) Pause Relocate Start 0.006ms
[23.422s][info][gc,phases   ] GC(227) Concurrent Relocate 4.122ms
[23.423s][info][gc,load     ] GC(227) Load: 0.00/0.00/0.00
[23.423s][info][gc,mmu      ] GC(227) MMU: 2ms/98.6%, 5ms/99.5%, 10ms/99.7%, 20ms/99.8%, 50ms/99.9%, 100ms/99.9%
[23.423s][info][gc,marking  ] GC(227) Mark: 4 stripe(s), 3 proactive flush(es), 1 terminate flush(es), 0 completion(s), 0 continuation(s) 
[23.423s][info][gc,marking  ] GC(227) Mark Stack Usage: 32M
[23.423s][info][gc,nmethod  ] GC(227) NMethods: 1353 registered, 47 unregistered
[23.423s][info][gc,metaspace] GC(227) Metaspace: 8M used, 8M committed, 1088M reserved
[23.423s][info][gc,ref      ] GC(227) Soft: 174 encountered, 0 discovered, 0 enqueued
[23.423s][info][gc,ref      ] GC(227) Weak: 570 encountered, 12 discovered, 0 enqueued
[23.423s][info][gc,ref      ] GC(227) Final: 0 encountered, 0 discovered, 0 enqueued
[23.423s][info][gc,ref      ] GC(227) Phantom: 21 encountered, 12 discovered, 0 enqueued
[23.423s][info][gc,reloc    ] GC(227) Small Pages: 128 / 256M, Empty: 218M, Relocated: 4M, In-Place: 0
[23.423s][info][gc,reloc    ] GC(227) Medium Pages: 2 / 32M, Empty: 0M, Relocated: 1M, In-Place: 0
[23.423s][info][gc,reloc    ] GC(227) Large Pages: 0 / 0M, Empty: 0M, Relocated: 0M, In-Place: 0
[23.423s][info][gc,reloc    ] GC(227) Forwarding Usage: 2M
[23.423s][info][gc,heap     ] GC(227) Min Capacity: 8M(2%)
[23.423s][info][gc,heap     ] GC(227) Max Capacity: 512M(100%)
[23.423s][info][gc,heap     ] GC(227) Soft Max Capacity: 512M(100%)
[23.423s][info][gc,heap     ] GC(227)                Mark Start          Mark End        Relocate Start      Relocate End           High               Low         
[23.423s][info][gc,heap     ] GC(227)  Capacity:      512M (100%)        512M (100%)        512M (100%)        512M (100%)        512M (100%)        512M (100%)   
[23.423s][info][gc,heap     ] GC(227)      Free:      224M (44%)         142M (28%)         346M (68%)         364M (71%)         366M (71%)         138M (27%)    
[23.423s][info][gc,heap     ] GC(227)      Used:      288M (56%)         370M (72%)         166M (32%)         148M (29%)         374M (73%)         146M (29%)    
[23.423s][info][gc,heap     ] GC(227)      Live:         -                16M (3%)           16M (3%)           16M (3%)             -                  -          
[23.423s][info][gc,heap     ] GC(227) Allocated:         -                82M (16%)          96M (19%)         107M (21%)            -                  -          
[23.423s][info][gc,heap     ] GC(227)   Garbage:         -               271M (53%)          53M (10%)          23M (5%)             -                  -          
[23.423s][info][gc,heap     ] GC(227) Reclaimed:         -                  -               218M (43%)         247M (48%)            -                  -          
[23.423s][info][gc          ] GC(227) Garbage Collection (Allocation Rate) 288M(56%)->148M(29%)
[23.491s][info][gc,start    ] GC(228) Garbage Collection (Allocation Rate)
[23.491s][info][gc,task     ] GC(228) Using 5 workers
[23.491s][info][gc,phases   ] GC(228) Pause Mark Start 0.009ms
[23.522s][info][gc,phases   ] GC(228) Concurrent Mark 31.000ms
[23.522s][info][gc,phases   ] GC(228) Pause Mark End 0.014ms
[23.522s][info][gc,phases   ] GC(228) Concurrent Mark Free 0.001ms
[23.523s][info][gc,phases   ] GC(228) Concurrent Process Non-Strong References 1.016ms
[23.523s][info][gc,phases   ] GC(228) Concurrent Reset Relocation Set 0.002ms
[23.530s][info][gc,phases   ] GC(228) Concurrent Select Relocation Set 6.008ms
[23.530s][info][gc,phases   ] GC(228) Pause Relocate Start 0.006ms
[23.534s][info][gc,phases   ] GC(228) Concurrent Relocate 4.573ms
[23.534s][info][gc,load     ] GC(228) Load: 0.00/0.00/0.00
[23.534s][info][gc,mmu      ] GC(228) MMU: 2ms/98.6%, 5ms/99.5%, 10ms/99.7%, 20ms/99.8%, 50ms/99.9%, 100ms/99.9%
[23.534s][info][gc,marking  ] GC(228) Mark: 4 stripe(s), 2 proactive flush(es), 1 terminate flush(es), 0 completion(s), 0 continuation(s) 
[23.534s][info][gc,marking  ] GC(228) Mark Stack Usage: 32M
[23.534s][info][gc,nmethod  ] GC(228) NMethods: 1353 registered, 47 unregistered
[23.534s][info][gc,metaspace] GC(228) Metaspace: 8M used, 8M committed, 1088M reserved
[23.534s][info][gc,ref      ] GC(228) Soft: 174 encountered, 0 discovered, 0 enqueued
[23.534s][info][gc,ref      ] GC(228) Weak: 570 encountered, 40 discovered, 0 enqueued
[23.535s][info][gc,ref      ] GC(228) Final: 0 encountered, 0 discovered, 0 enqueued
[23.535s][info][gc,ref      ] GC(228) Phantom: 21 encountered, 17 discovered, 0 enqueued
[23.535s][info][gc,reloc    ] GC(228) Small Pages: 159 / 318M, Empty: 280M, Relocated: 6M, In-Place: 0
[23.535s][info][gc,reloc    ] GC(228) Medium Pages: 1 / 16M, Empty: 0M, Relocated: 0M, In-Place: 0
[23.535s][info][gc,reloc    ] GC(228) Large Pages: 0 / 0M, Empty: 0M, Relocated: 0M, In-Place: 0
[23.535s][info][gc,reloc    ] GC(228) Forwarding Usage: 2M
[23.535s][info][gc,heap     ] GC(228) Min Capacity: 8M(2%)
[23.535s][info][gc,heap     ] GC(228) Max Capacity: 512M(100%)
[23.535s][info][gc,heap     ] GC(228) Soft Max Capacity: 512M(100%)
[23.535s][info][gc,heap     ] GC(228)                Mark Start          Mark End        Relocate Start      Relocate End           High               Low         
[23.535s][info][gc,heap     ] GC(228)  Capacity:      512M (100%)        512M (100%)        512M (100%)        512M (100%)        512M (100%)        512M (100%)   
[23.535s][info][gc,heap     ] GC(228)      Free:      178M (35%)         112M (22%)         372M (73%)         376M (73%)         382M (75%)         110M (21%)    
[23.535s][info][gc,heap     ] GC(228)      Used:      334M (65%)         400M (78%)         140M (27%)         136M (27%)         402M (79%)         130M (25%)    
[23.535s][info][gc,heap     ] GC(228)      Live:         -                17M (3%)           17M (3%)           17M (3%)             -                  -          
[23.535s][info][gc,heap     ] GC(228) Allocated:         -                66M (13%)          86M (17%)          97M (19%)            -                  -          
[23.535s][info][gc,heap     ] GC(228)   Garbage:         -               316M (62%)          36M (7%)           20M (4%)             -                  -          
[23.535s][info][gc,heap     ] GC(228) Reclaimed:         -                  -               280M (55%)         295M (58%)            -                  -          
[23.535s][info][gc          ] GC(228) Garbage Collection (Allocation Rate) 334M(65%)->136M(27%)
[23.585s][info][gc,start    ] GC(229) Garbage Collection (Allocation Rate)
[23.585s][info][gc,task     ] GC(229) Using 5 workers
[23.585s][info][gc,phases   ] GC(229) Pause Mark Start 0.010ms
[23.607s][info][gc,phases   ] GC(229) Concurrent Mark 22.298ms
[23.607s][info][gc,phases   ] GC(229) Pause Mark End 0.010ms
[23.607s][info][gc,phases   ] GC(229) Concurrent Mark Free 0.001ms
[23.608s][info][gc,phases   ] GC(229) Concurrent Process Non-Strong References 0.802ms
[23.608s][info][gc,phases   ] GC(229) Concurrent Reset Relocation Set 0.002ms
[23.616s][info][gc,phases   ] GC(229) Concurrent Select Relocation Set 7.782ms
[23.616s][info][gc,phases   ] GC(229) Pause Relocate Start 0.007ms
[23.622s][info][gc,phases   ] GC(229) Concurrent Relocate 6.029ms
[23.622s][info][gc,load     ] GC(229) Load: 0.00/0.00/0.00
[23.622s][info][gc,mmu      ] GC(229) MMU: 2ms/98.6%, 5ms/99.5%, 10ms/99.7%, 20ms/99.8%, 50ms/99.9%, 100ms/99.9%
[23.623s][info][gc,marking  ] GC(229) Mark: 4 stripe(s), 2 proactive flush(es), 1 terminate flush(es), 0 completion(s), 0 continuation(s) 
[23.623s][info][gc,marking  ] GC(229) Mark Stack Usage: 32M
[23.623s][info][gc,nmethod  ] GC(229) NMethods: 1353 registered, 47 unregistered
[23.623s][info][gc,metaspace] GC(229) Metaspace: 8M used, 8M committed, 1088M reserved
[23.623s][info][gc,ref      ] GC(229) Soft: 174 encountered, 0 discovered, 0 enqueued
[23.623s][info][gc,ref      ] GC(229) Weak: 570 encountered, 166 discovered, 0 enqueued
[23.623s][info][gc,ref      ] GC(229) Final: 0 encountered, 0 discovered, 0 enqueued
[23.623s][info][gc,ref      ] GC(229) Phantom: 21 encountered, 17 discovered, 0 enqueued
[23.623s][info][gc,reloc    ] GC(229) Small Pages: 129 / 258M, Empty: 216M, Relocated: 8M, In-Place: 0
[23.623s][info][gc,reloc    ] GC(229) Medium Pages: 1 / 16M, Empty: 0M, Relocated: 0M, In-Place: 0
[23.623s][info][gc,reloc    ] GC(229) Large Pages: 0 / 0M, Empty: 0M, Relocated: 0M, In-Place: 0
[23.623s][info][gc,reloc    ] GC(229) Forwarding Usage: 3M
[23.623s][info][gc,heap     ] GC(229) Min Capacity: 8M(2%)
[23.623s][info][gc,heap     ] GC(229) Max Capacity: 512M(100%)
[23.623s][info][gc,heap     ] GC(229) Soft Max Capacity: 512M(100%)
[23.623s][info][gc,heap     ] GC(229)                Mark Start          Mark End        Relocate Start      Relocate End           High               Low         
[23.623s][info][gc,heap     ] GC(229)  Capacity:      512M (100%)        512M (100%)        512M (100%)        512M (100%)        512M (100%)        512M (100%)   
[23.623s][info][gc,heap     ] GC(229)      Free:      238M (46%)         176M (34%)         370M (72%)         372M (73%)         382M (75%)         174M (34%)    
[23.623s][info][gc,heap     ] GC(229)      Used:      274M (54%)         336M (66%)         142M (28%)         140M (27%)         338M (66%)         130M (25%)    
[23.623s][info][gc,heap     ] GC(229)      Live:         -                18M (4%)           18M (4%)           18M (4%)             -                  -          
[23.623s][info][gc,heap     ] GC(229) Allocated:         -                62M (12%)          84M (16%)          99M (20%)            -                  -          
[23.623s][info][gc,heap     ] GC(229)   Garbage:         -               255M (50%)          39M (8%)           21M (4%)             -                  -          
[23.623s][info][gc,heap     ] GC(229) Reclaimed:         -                  -               216M (42%)         233M (46%)            -                  -          
[23.623s][info][gc          ] GC(229) Garbage Collection (Allocation Rate) 274M(54%)->140M(27%)
[23.680s][info][gc,start    ] GC(230) Garbage Collection (Allocation Rate)
[23.680s][info][gc,task     ] GC(230) Using 5 workers
[23.680s][info][gc,phases   ] GC(230) Pause Mark Start 0.012ms
[23.705s][info][gc,phases   ] GC(230) Concurrent Mark 24.702ms
[23.705s][info][gc,phases   ] GC(230) Pause Mark End 0.012ms
[23.705s][info][gc,phases   ] GC(230) Concurrent Mark Free 0.001ms
[23.706s][info][gc,phases   ] GC(230) Concurrent Process Non-Strong References 0.996ms
[23.706s][info][gc,phases   ] GC(230) Concurrent Reset Relocation Set 0.004ms
[23.711s][info][gc,phases   ] GC(230) Concurrent Select Relocation Set 4.307ms
[23.711s][info][gc,phases   ] GC(230) Pause Relocate Start 0.005ms
[23.712s][info][gc,phases   ] GC(230) Concurrent Relocate 1.137ms
[23.712s][info][gc,load     ] GC(230) Load: 0.00/0.00/0.00
[23.712s][info][gc,mmu      ] GC(230) MMU: 2ms/98.6%, 5ms/99.5%, 10ms/99.7%, 20ms/99.8%, 50ms/99.9%, 100ms/99.9%
[23.712s][info][gc,marking  ] GC(230) Mark: 4 stripe(s), 2 proactive flush(es), 1 terminate flush(es), 0 completion(s), 0 continuation(s) 
[23.712s][info][gc,marking  ] GC(230) Mark Stack Usage: 32M
[23.712s][info][gc,nmethod  ] GC(230) NMethods: 1353 registered, 47 unregistered
[23.712s][info][gc,metaspace] GC(230) Metaspace: 8M used, 8M committed, 1088M reserved
[23.712s][info][gc,ref      ] GC(230) Soft: 174 encountered, 0 discovered, 0 enqueued
[23.712s][info][gc,ref      ] GC(230) Weak: 570 encountered, 24 discovered, 0 enqueued
[23.712s][info][gc,ref      ] GC(230) Final: 0 encountered, 0 discovered, 0 enqueued
[23.712s][info][gc,ref      ] GC(230) Phantom: 21 encountered, 15 discovered, 0 enqueued
[23.712s][info][gc,reloc    ] GC(230) Small Pages: 140 / 280M, Empty: 242M, Relocated: 1M, In-Place: 0
[23.712s][info][gc,reloc    ] GC(230) Medium Pages: 1 / 16M, Empty: 0M, Relocated: 0M, In-Place: 0
[23.712s][info][gc,reloc    ] GC(230) Large Pages: 0 / 0M, Empty: 0M, Relocated: 0M, In-Place: 0
[23.712s][info][gc,reloc    ] GC(230) Forwarding Usage: 0M
[23.712s][info][gc,heap     ] GC(230) Min Capacity: 8M(2%)
[23.713s][info][gc,heap     ] GC(230) Max Capacity: 512M(100%)
[23.713s][info][gc,heap     ] GC(230) Soft Max Capacity: 512M(100%)
[23.713s][info][gc,heap     ] GC(230)                Mark Start          Mark End        Relocate Start      Relocate End           High               Low         
[23.713s][info][gc,heap     ] GC(230)  Capacity:      512M (100%)        512M (100%)        512M (100%)        512M (100%)        512M (100%)        512M (100%)   
[23.713s][info][gc,heap     ] GC(230)      Free:      216M (42%)         148M (29%)         382M (75%)         390M (76%)         390M (76%)         144M (28%)    
[23.713s][info][gc,heap     ] GC(230)      Used:      296M (58%)         364M (71%)         130M (25%)         122M (24%)         368M (72%)         122M (24%)    
[23.713s][info][gc,heap     ] GC(230)      Live:         -                18M (4%)           18M (4%)           18M (4%)             -                  -          
[23.713s][info][gc,heap     ] GC(230) Allocated:         -                68M (13%)          76M (15%)          75M (15%)            -                  -          
[23.713s][info][gc,heap     ] GC(230)   Garbage:         -               277M (54%)          35M (7%)           27M (5%)             -                  -          
[23.713s][info][gc,heap     ] GC(230) Reclaimed:         -                  -               242M (47%)         249M (49%)            -                  -          
[23.713s][info][gc          ] GC(230) Garbage Collection (Allocation Rate) 296M(58%)->122M(24%)
[23.780s][info][gc,start    ] GC(231) Garbage Collection (Allocation Rate)
[23.780s][info][gc,task     ] GC(231) Using 5 workers
[23.780s][info][gc,phases   ] GC(231) Pause Mark Start 0.012ms
[23.800s][info][gc,phases   ] GC(231) Concurrent Mark 19.636ms
[23.800s][info][gc,phases   ] GC(231) Pause Mark End 0.012ms
[23.800s][info][gc,phases   ] GC(231) Concurrent Mark Free 0.001ms
[23.801s][info][gc,phases   ] GC(231) Concurrent Process Non-Strong References 0.795ms
[23.801s][info][gc,phases   ] GC(231) Concurrent Reset Relocation Set 0.002ms
[23.806s][info][gc,phases   ] GC(231) Concurrent Select Relocation Set 4.858ms
[23.806s][info][gc,phases   ] GC(231) Pause Relocate Start 0.005ms
[23.809s][info][gc,phases   ] GC(231) Concurrent Relocate 2.500ms
[23.809s][info][gc,load     ] GC(231) Load: 0.00/0.00/0.00
[23.809s][info][gc,mmu      ] GC(231) MMU: 2ms/98.6%, 5ms/99.5%, 10ms/99.7%, 20ms/99.8%, 50ms/99.9%, 100ms/99.9%
[23.809s][info][gc,marking  ] GC(231) Mark: 4 stripe(s), 2 proactive flush(es), 1 terminate flush(es), 0 completion(s), 0 continuation(s) 
[23.809s][info][gc,marking  ] GC(231) Mark Stack Usage: 32M
[23.809s][info][gc,nmethod  ] GC(231) NMethods: 1353 registered, 47 unregistered
[23.809s][info][gc,metaspace] GC(231) Metaspace: 8M used, 8M committed, 1088M reserved
[23.809s][info][gc,ref      ] GC(231) Soft: 174 encountered, 0 discovered, 0 enqueued
[23.809s][info][gc,ref      ] GC(231) Weak: 570 encountered, 5 discovered, 0 enqueued
[23.809s][info][gc,ref      ] GC(231) Final: 0 encountered, 0 discovered, 0 enqueued
[23.809s][info][gc,ref      ] GC(231) Phantom: 21 encountered, 15 discovered, 0 enqueued
[23.809s][info][gc,reloc    ] GC(231) Small Pages: 71 / 142M, Empty: 102M, Relocated: 3M, In-Place: 0
[23.809s][info][gc,reloc    ] GC(231) Medium Pages: 2 / 32M, Empty: 0M, Relocated: 1M, In-Place: 0
[23.809s][info][gc,reloc    ] GC(231) Large Pages: 0 / 0M, Empty: 0M, Relocated: 0M, In-Place: 0
[23.809s][info][gc,reloc    ] GC(231) Forwarding Usage: 1M
[23.809s][info][gc,heap     ] GC(231) Min Capacity: 8M(2%)
[23.809s][info][gc,heap     ] GC(231) Max Capacity: 512M(100%)
[23.809s][info][gc,heap     ] GC(231) Soft Max Capacity: 512M(100%)
[23.809s][info][gc,heap     ] GC(231)                Mark Start          Mark End        Relocate Start      Relocate End           High               Low         
[23.809s][info][gc,heap     ] GC(231)  Capacity:      512M (100%)        512M (100%)        512M (100%)        512M (100%)        512M (100%)        512M (100%)   
[23.809s][info][gc,heap     ] GC(231)      Free:      338M (66%)         304M (59%)         392M (77%)         414M (81%)         416M (81%)         294M (57%)    
[23.809s][info][gc,heap     ] GC(231)      Used:      174M (34%)         208M (41%)         120M (23%)          98M (19%)         218M (43%)          96M (19%)    
[23.809s][info][gc,heap     ] GC(231)      Live:         -                19M (4%)           19M (4%)           19M (4%)             -                  -          
[23.809s][info][gc,heap     ] GC(231) Allocated:         -                34M (7%)           48M (9%)           53M (11%)            -                  -          
[23.809s][info][gc,heap     ] GC(231)   Garbage:         -               154M (30%)          52M (10%)          24M (5%)             -                  -          
[23.809s][info][gc,heap     ] GC(231) Reclaimed:         -                  -               102M (20%)         129M (25%)            -                  -          
[23.809s][info][gc          ] GC(231) Garbage Collection (Allocation Rate) 174M(34%)->98M(19%)
[23.880s][info][gc,start    ] GC(232) Garbage Collection (Allocation Rate)
[23.887s][info][gc,task     ] GC(232) Using 5 workers
[23.887s][info][gc,phases   ] GC(232) Pause Mark Start 0.013ms
[23.910s][info][gc,phases   ] GC(232) Concurrent Mark 22.952ms
[23.910s][info][gc,phases   ] GC(232) Pause Mark End 0.011ms
[23.910s][info][gc,phases   ] GC(232) Concurrent Mark Free 0.001ms
[23.911s][info][gc,phases   ] GC(232) Concurrent Process Non-Strong References 0.813ms
[23.911s][info][gc,phases   ] GC(232) Concurrent Reset Relocation Set 0.002ms
[23.917s][info][gc,phases   ] GC(232) Concurrent Select Relocation Set 6.048ms
[23.917s][info][gc,phases   ] GC(232) Pause Relocate Start 0.004ms
[23.922s][info][gc,phases   ] GC(232) Concurrent Relocate 4.959ms
[23.922s][info][gc,load     ] GC(232) Load: 0.00/0.00/0.00
[23.922s][info][gc,mmu      ] GC(232) MMU: 2ms/98.6%, 5ms/99.5%, 10ms/99.7%, 20ms/99.8%, 50ms/99.9%, 100ms/99.9%
[23.922s][info][gc,marking  ] GC(232) Mark: 4 stripe(s), 2 proactive flush(es), 1 terminate flush(es), 0 completion(s), 0 continuation(s) 
[23.922s][info][gc,marking  ] GC(232) Mark Stack Usage: 32M
[23.922s][info][gc,nmethod  ] GC(232) NMethods: 1353 registered, 47 unregistered
[23.922s][info][gc,metaspace] GC(232) Metaspace: 8M used, 8M committed, 1088M reserved
[23.922s][info][gc,ref      ] GC(232) Soft: 174 encountered, 0 discovered, 0 enqueued
[23.922s][info][gc,ref      ] GC(232) Weak: 570 encountered, 42 discovered, 0 enqueued
[23.922s][info][gc,ref      ] GC(232) Final: 0 encountered, 0 discovered, 0 enqueued
[23.922s][info][gc,ref      ] GC(232) Phantom: 21 encountered, 13 discovered, 0 enqueued
[23.922s][info][gc,reloc    ] GC(232) Small Pages: 146 / 292M, Empty: 252M, Relocated: 6M, In-Place: 0
[23.922s][info][gc,reloc    ] GC(232) Medium Pages: 1 / 16M, Empty: 0M, Relocated: 0M, In-Place: 0
[23.922s][info][gc,reloc    ] GC(232) Large Pages: 0 / 0M, Empty: 0M, Relocated: 0M, In-Place: 0
[23.923s][info][gc,reloc    ] GC(232) Forwarding Usage: 3M
[23.923s][info][gc,heap     ] GC(232) Min Capacity: 8M(2%)
[23.923s][info][gc,heap     ] GC(232) Max Capacity: 512M(100%)
[23.923s][info][gc,heap     ] GC(232) Soft Max Capacity: 512M(100%)
[23.923s][info][gc,heap     ] GC(232)                Mark Start          Mark End        Relocate Start      Relocate End           High               Low         
[23.923s][info][gc,heap     ] GC(232)  Capacity:      512M (100%)        512M (100%)        512M (100%)        512M (100%)        512M (100%)        512M (100%)   
[23.923s][info][gc,heap     ] GC(232)      Free:      204M (40%)         142M (28%)         374M (73%)         374M (73%)         380M (74%)         138M (27%)    
[23.923s][info][gc,heap     ] GC(232)      Used:      308M (60%)         370M (72%)         138M (27%)         138M (27%)         374M (73%)         132M (26%)    
[23.923s][info][gc,heap     ] GC(232)      Live:         -                20M (4%)           20M (4%)           20M (4%)             -                  -          
[23.923s][info][gc,heap     ] GC(232) Allocated:         -                62M (12%)          82M (16%)          95M (19%)            -                  -          
[23.923s][info][gc,heap     ] GC(232)   Garbage:         -               287M (56%)          35M (7%)           21M (4%)             -                  -          
[23.923s][info][gc,heap     ] GC(232) Reclaimed:         -                  -               252M (49%)         265M (52%)            -                  -          
[23.923s][info][gc          ] GC(232) Garbage Collection (Allocation Rate) 308M(60%)->138M(27%)
[23.981s][info][gc,start    ] GC(233) Garbage Collection (Allocation Rate)
[23.981s][info][gc,task     ] GC(233) Using 5 workers
[23.981s][info][gc,phases   ] GC(233) Pause Mark Start 0.010ms
[24.007s][info][gc,phases   ] GC(233) Concurrent Mark 25.715ms
[24.007s][info][gc,phases   ] GC(233) Pause Mark End 0.011ms
[24.007s][info][gc,phases   ] GC(233) Concurrent Mark Free 0.001ms
[24.008s][info][gc,phases   ] GC(233) Concurrent Process Non-Strong References 0.929ms
[24.008s][info][gc,phases   ] GC(233) Concurrent Reset Relocation Set 0.002ms
[24.012s][info][gc,phases   ] GC(233) Concurrent Select Relocation Set 3.817ms
[24.012s][info][gc,phases   ] GC(233) Pause Relocate Start 0.004ms
[24.016s][info][gc,phases   ] GC(233) Concurrent Relocate 4.112ms
[24.016s][info][gc,load     ] GC(233) Load: 0.00/0.00/0.00
[24.016s][info][gc,mmu      ] GC(233) MMU: 2ms/98.6%, 5ms/99.5%, 10ms/99.7%, 20ms/99.8%, 50ms/99.9%, 100ms/99.9%
[24.016s][info][gc,marking  ] GC(233) Mark: 4 stripe(s), 2 proactive flush(es), 1 terminate flush(es), 0 completion(s), 0 continuation(s) 
[24.016s][info][gc,marking  ] GC(233) Mark Stack Usage: 32M
[24.016s][info][gc,nmethod  ] GC(233) NMethods: 1353 registered, 47 unregistered
[24.016s][info][gc,metaspace] GC(233) Metaspace: 8M used, 8M committed, 1088M reserved
[24.016s][info][gc,ref      ] GC(233) Soft: 174 encountered, 0 discovered, 0 enqueued
[24.016s][info][gc,ref      ] GC(233) Weak: 570 encountered, 170 discovered, 0 enqueued
[24.016s][info][gc,ref      ] GC(233) Final: 0 encountered, 0 discovered, 0 enqueued
[24.016s][info][gc,ref      ] GC(233) Phantom: 21 encountered, 14 discovered, 0 enqueued
[24.016s][info][gc,reloc    ] GC(233) Small Pages: 139 / 278M, Empty: 242M, Relocated: 6M, In-Place: 0
[24.016s][info][gc,reloc    ] GC(233) Medium Pages: 1 / 16M, Empty: 0M, Relocated: 0M, In-Place: 0
[24.016s][info][gc,reloc    ] GC(233) Large Pages: 0 / 0M, Empty: 0M, Relocated: 0M, In-Place: 0
[24.016s][info][gc,reloc    ] GC(233) Forwarding Usage: 2M
[24.016s][info][gc,heap     ] GC(233) Min Capacity: 8M(2%)
[24.016s][info][gc,heap     ] GC(233) Max Capacity: 512M(100%)
[24.016s][info][gc,heap     ] GC(233) Soft Max Capacity: 512M(100%)
[24.016s][info][gc,heap     ] GC(233)                Mark Start          Mark End        Relocate Start      Relocate End           High               Low         
[24.016s][info][gc,heap     ] GC(233)  Capacity:      512M (100%)        512M (100%)        512M (100%)        512M (100%)        512M (100%)        512M (100%)   
[24.017s][info][gc,heap     ] GC(233)      Free:      218M (43%)         148M (29%)         378M (74%)         376M (73%)         378M (74%)         146M (29%)    
[24.017s][info][gc,heap     ] GC(233)      Used:      294M (57%)         364M (71%)         134M (26%)         136M (27%)         366M (71%)         134M (26%)    
[24.017s][info][gc,heap     ] GC(233)      Live:         -                20M (4%)           20M (4%)           20M (4%)             -                  -          
[24.017s][info][gc,heap     ] GC(233) Allocated:         -                70M (14%)          82M (16%)          93M (18%)            -                  -          
[24.017s][info][gc,heap     ] GC(233)   Garbage:         -               273M (53%)          31M (6%)           21M (4%)             -                  -          
[24.017s][info][gc,heap     ] GC(233) Reclaimed:         -                  -               242M (47%)         251M (49%)            -                  -          
[24.017s][info][gc          ] GC(233) Garbage Collection (Allocation Rate) 294M(57%)->136M(27%)
[24.081s][info][gc,start    ] GC(234) Garbage Collection (Allocation Rate)
[24.081s][info][gc,task     ] GC(234) Using 5 workers
[24.081s][info][gc,phases   ] GC(234) Pause Mark Start 0.010ms
[24.108s][info][gc,phases   ] GC(234) Concurrent Mark 26.722ms
[24.108s][info][gc,phases   ] GC(234) Pause Mark End 0.010ms
[24.108s][info][gc,phases   ] GC(234) Concurrent Mark Free 0.001ms
[24.109s][info][gc,phases   ] GC(234) Concurrent Process Non-Strong References 0.897ms
[24.109s][info][gc,phases   ] GC(234) Concurrent Reset Relocation Set 0.002ms
[24.116s][info][gc,phases   ] GC(234) Concurrent Select Relocation Set 7.227ms
[24.116s][info][gc,phases   ] GC(234) Pause Relocate Start 0.005ms
[24.120s][info][gc,phases   ] GC(234) Concurrent Relocate 3.499ms
[24.120s][info][gc,load     ] GC(234) Load: 0.00/0.00/0.00
[24.120s][info][gc,mmu      ] GC(234) MMU: 2ms/98.6%, 5ms/99.5%, 10ms/99.7%, 20ms/99.8%, 50ms/99.9%, 100ms/99.9%
[24.120s][info][gc,marking  ] GC(234) Mark: 4 stripe(s), 4 proactive flush(es), 1 terminate flush(es), 0 completion(s), 0 continuation(s) 
[24.120s][info][gc,marking  ] GC(234) Mark Stack Usage: 32M
[24.120s][info][gc,nmethod  ] GC(234) NMethods: 1353 registered, 47 unregistered
[24.120s][info][gc,metaspace] GC(234) Metaspace: 8M used, 8M committed, 1088M reserved
[24.120s][info][gc,ref      ] GC(234) Soft: 174 encountered, 0 discovered, 0 enqueued
[24.120s][info][gc,ref      ] GC(234) Weak: 570 encountered, 23 discovered, 0 enqueued
[24.120s][info][gc,ref      ] GC(234) Final: 0 encountered, 0 discovered, 0 enqueued
[24.120s][info][gc,ref      ] GC(234) Phantom: 21 encountered, 12 discovered, 0 enqueued
[24.120s][info][gc,reloc    ] GC(234) Small Pages: 138 / 276M, Empty: 230M, Relocated: 4M, In-Place: 0
[24.120s][info][gc,reloc    ] GC(234) Medium Pages: 2 / 32M, Empty: 0M, Relocated: 1M, In-Place: 0
[24.120s][info][gc,reloc    ] GC(234) Large Pages: 0 / 0M, Empty: 0M, Relocated: 0M, In-Place: 0
[24.120s][info][gc,reloc    ] GC(234) Forwarding Usage: 2M
[24.120s][info][gc,heap     ] GC(234) Min Capacity: 8M(2%)
[24.120s][info][gc,heap     ] GC(234) Max Capacity: 512M(100%)
[24.120s][info][gc,heap     ] GC(234) Soft Max Capacity: 512M(100%)
[24.120s][info][gc,heap     ] GC(234)                Mark Start          Mark End        Relocate Start      Relocate End           High               Low         
[24.120s][info][gc,heap     ] GC(234)  Capacity:      512M (100%)        512M (100%)        512M (100%)        512M (100%)        512M (100%)        512M (100%)   
[24.120s][info][gc,heap     ] GC(234)      Free:      204M (40%)         134M (26%)         342M (67%)         364M (71%)         366M (71%)         132M (26%)    
[24.120s][info][gc,heap     ] GC(234)      Used:      308M (60%)         378M (74%)         170M (33%)         148M (29%)         380M (74%)         146M (29%)    
[24.120s][info][gc,heap     ] GC(234)      Live:         -                21M (4%)           21M (4%)           21M (4%)             -                  -          
[24.120s][info][gc,heap     ] GC(234) Allocated:         -                70M (14%)          92M (18%)         101M (20%)            -                  -          
[24.120s][info][gc,heap     ] GC(234)   Garbage:         -               286M (56%)          56M (11%)          24M (5%)             -                  -          
[24.120s][info][gc,heap     ] GC(234) Reclaimed:         -                  -               230M (45%)         261M (51%)            -                  -          
[24.120s][info][gc          ] GC(234) Garbage Collection (Allocation Rate) 308M(60%)->148M(29%)
[24.180s][info][gc,start    ] GC(235) Garbage Collection (Allocation Rate)
[24.180s][info][gc,task     ] GC(235) Using 5 workers
[24.181s][info][gc,phases   ] GC(235) Pause Mark Start 0.013ms
[24.206s][info][gc,phases   ] GC(235) Concurrent Mark 25.708ms
[24.206s][info][gc,phases   ] GC(235) Pause Mark End 0.012ms
[24.207s][info][gc,phases   ] GC(235) Concurrent Mark Free 0.001ms
[24.207s][info][gc,phases   ] GC(235) Concurrent Process Non-Strong References 0.874ms
[24.207s][info][gc,phases   ] GC(235) Concurrent Reset Relocation Set 0.003ms
[24.215s][info][gc,phases   ] GC(235) Concurrent Select Relocation Set 7.266ms
[24.215s][info][gc,phases   ] GC(235) Pause Relocate Start 0.004ms
[24.219s][info][gc,phases   ] GC(235) Concurrent Relocate 4.139ms
[24.219s][info][gc,load     ] GC(235) Load: 0.00/0.00/0.00
[24.219s][info][gc,mmu      ] GC(235) MMU: 2ms/98.6%, 5ms/99.5%, 10ms/99.7%, 20ms/99.8%, 50ms/99.9%, 100ms/99.9%
[24.219s][info][gc,marking  ] GC(235) Mark: 4 stripe(s), 2 proactive flush(es), 1 terminate flush(es), 0 completion(s), 0 continuation(s) 
[24.219s][info][gc,marking  ] GC(235) Mark Stack Usage: 32M
[24.219s][info][gc,nmethod  ] GC(235) NMethods: 1353 registered, 47 unregistered
[24.219s][info][gc,metaspace] GC(235) Metaspace: 8M used, 8M committed, 1088M reserved
[24.219s][info][gc,ref      ] GC(235) Soft: 174 encountered, 0 discovered, 0 enqueued
[24.219s][info][gc,ref      ] GC(235) Weak: 570 encountered, 7 discovered, 0 enqueued
[24.219s][info][gc,ref      ] GC(235) Final: 0 encountered, 0 discovered, 0 enqueued
[24.219s][info][gc,ref      ] GC(235) Phantom: 21 encountered, 15 discovered, 0 enqueued
[24.219s][info][gc,reloc    ] GC(235) Small Pages: 148 / 296M, Empty: 242M, Relocated: 6M, In-Place: 0
[24.219s][info][gc,reloc    ] GC(235) Medium Pages: 1 / 16M, Empty: 0M, Relocated: 0M, In-Place: 0
[24.219s][info][gc,reloc    ] GC(235) Large Pages: 0 / 0M, Empty: 0M, Relocated: 0M, In-Place: 0
[24.219s][info][gc,reloc    ] GC(235) Forwarding Usage: 3M
[24.220s][info][gc,heap     ] GC(235) Min Capacity: 8M(2%)
[24.220s][info][gc,heap     ] GC(235) Max Capacity: 512M(100%)
[24.220s][info][gc,heap     ] GC(235) Soft Max Capacity: 512M(100%)
[24.220s][info][gc,heap     ] GC(235)                Mark Start          Mark End        Relocate Start      Relocate End           High               Low         
[24.220s][info][gc,heap     ] GC(235)  Capacity:      512M (100%)        512M (100%)        512M (100%)        512M (100%)        512M (100%)        512M (100%)   
[24.220s][info][gc,heap     ] GC(235)      Free:      200M (39%)         134M (26%)         354M (69%)         370M (72%)         370M (72%)         132M (26%)    
[24.220s][info][gc,heap     ] GC(235)      Used:      312M (61%)         378M (74%)         158M (31%)         142M (28%)         380M (74%)         142M (28%)    
[24.220s][info][gc,heap     ] GC(235)      Live:         -                22M (4%)           22M (4%)           22M (4%)             -                  -          
[24.220s][info][gc,heap     ] GC(235) Allocated:         -                66M (13%)          88M (17%)          97M (19%)            -                  -          
[24.220s][info][gc,heap     ] GC(235)   Garbage:         -               289M (57%)          47M (9%)           21M (4%)             -                  -          
[24.220s][info][gc,heap     ] GC(235) Reclaimed:         -                  -               242M (47%)         267M (52%)            -                  -          
[24.220s][info][gc          ] GC(235) Garbage Collection (Allocation Rate) 312M(61%)->142M(28%)
[24.280s][info][gc,start    ] GC(236) Garbage Collection (Allocation Rate)
[24.280s][info][gc,task     ] GC(236) Using 5 workers
[24.280s][info][gc,phases   ] GC(236) Pause Mark Start 0.011ms
[24.307s][info][gc,phases   ] GC(236) Concurrent Mark 26.694ms
[24.307s][info][gc,phases   ] GC(236) Pause Mark End 0.012ms
[24.307s][info][gc,phases   ] GC(236) Concurrent Mark Free 0.001ms
[24.308s][info][gc,phases   ] GC(236) Concurrent Process Non-Strong References 0.850ms
[24.308s][info][gc,phases   ] GC(236) Concurrent Reset Relocation Set 0.003ms
[24.312s][info][gc,phases   ] GC(236) Concurrent Select Relocation Set 3.974ms
[24.312s][info][gc,phases   ] GC(236) Pause Relocate Start 0.004ms
[24.315s][info][gc,phases   ] GC(236) Concurrent Relocate 2.519ms
[24.315s][info][gc,load     ] GC(236) Load: 0.00/0.00/0.00
[24.315s][info][gc,mmu      ] GC(236) MMU: 2ms/98.6%, 5ms/99.5%, 10ms/99.7%, 20ms/99.8%, 50ms/99.9%, 100ms/99.9%
[24.315s][info][gc,marking  ] GC(236) Mark: 4 stripe(s), 2 proactive flush(es), 1 terminate flush(es), 0 completion(s), 0 continuation(s) 
[24.315s][info][gc,marking  ] GC(236) Mark Stack Usage: 32M
[24.315s][info][gc,nmethod  ] GC(236) NMethods: 1353 registered, 47 unregistered
[24.315s][info][gc,metaspace] GC(236) Metaspace: 8M used, 8M committed, 1088M reserved
[24.315s][info][gc,ref      ] GC(236) Soft: 174 encountered, 0 discovered, 0 enqueued
[24.315s][info][gc,ref      ] GC(236) Weak: 570 encountered, 128 discovered, 0 enqueued
[24.315s][info][gc,ref      ] GC(236) Final: 0 encountered, 0 discovered, 0 enqueued
[24.315s][info][gc,ref      ] GC(236) Phantom: 21 encountered, 16 discovered, 0 enqueued
[24.315s][info][gc,reloc    ] GC(236) Small Pages: 136 / 272M, Empty: 224M, Relocated: 4M, In-Place: 0
[24.315s][info][gc,reloc    ] GC(236) Medium Pages: 1 / 16M, Empty: 0M, Relocated: 0M, In-Place: 0
[24.315s][info][gc,reloc    ] GC(236) Large Pages: 0 / 0M, Empty: 0M, Relocated: 0M, In-Place: 0
[24.315s][info][gc,reloc    ] GC(236) Forwarding Usage: 2M
[24.315s][info][gc,heap     ] GC(236) Min Capacity: 8M(2%)
[24.315s][info][gc,heap     ] GC(236) Max Capacity: 512M(100%)
[24.315s][info][gc,heap     ] GC(236) Soft Max Capacity: 512M(100%)
[24.316s][info][gc,heap     ] GC(236)                Mark Start          Mark End        Relocate Start      Relocate End           High               Low         
[24.316s][info][gc,heap     ] GC(236)  Capacity:      512M (100%)        512M (100%)        512M (100%)        512M (100%)        512M (100%)        512M (100%)   
[24.316s][info][gc,heap     ] GC(236)      Free:      224M (44%)         154M (30%)         364M (71%)         374M (73%)         374M (73%)         152M (30%)    
[24.316s][info][gc,heap     ] GC(236)      Used:      288M (56%)         358M (70%)         148M (29%)         138M (27%)         360M (70%)         138M (27%)    
[24.316s][info][gc,heap     ] GC(236)      Live:         -                22M (4%)           22M (4%)           22M (4%)             -                  -          
[24.316s][info][gc,heap     ] GC(236) Allocated:         -                70M (14%)          84M (16%)          89M (18%)            -                  -          
[24.316s][info][gc,heap     ] GC(236)   Garbage:         -               265M (52%)          41M (8%)           25M (5%)             -                  -          
[24.316s][info][gc,heap     ] GC(236) Reclaimed:         -                  -               224M (44%)         239M (47%)            -                  -          
[24.316s][info][gc          ] GC(236) Garbage Collection (Allocation Rate) 288M(56%)->138M(27%)
[24.380s][info][gc,start    ] GC(237) Garbage Collection (Allocation Rate)
[24.380s][info][gc,task     ] GC(237) Using 5 workers
[24.380s][info][gc,phases   ] GC(237) Pause Mark Start 0.014ms
[24.407s][info][gc,phases   ] GC(237) Concurrent Mark 26.698ms
[24.407s][info][gc,phases   ] GC(237) Pause Mark End 0.015ms
[24.407s][info][gc,phases   ] GC(237) Concurrent Mark Free 0.001ms
[24.408s][info][gc,phases   ] GC(237) Concurrent Process Non-Strong References 0.921ms
[24.408s][info][gc,phases   ] GC(237) Concurrent Reset Relocation Set 0.002ms
[24.411s][info][gc,phases   ] GC(237) Concurrent Select Relocation Set 2.903ms
[24.411s][info][gc,phases   ] GC(237) Pause Relocate Start 0.007ms
[24.414s][info][gc,phases   ] GC(237) Concurrent Relocate 2.500ms
[24.414s][info][gc,load     ] GC(237) Load: 0.00/0.00/0.00
[24.414s][info][gc,mmu      ] GC(237) MMU: 2ms/98.6%, 5ms/99.5%, 10ms/99.7%, 20ms/99.8%, 50ms/99.9%, 100ms/99.9%
[24.414s][info][gc,marking  ] GC(237) Mark: 4 stripe(s), 2 proactive flush(es), 1 terminate flush(es), 0 completion(s), 0 continuation(s) 
[24.414s][info][gc,marking  ] GC(237) Mark Stack Usage: 32M
[24.414s][info][gc,nmethod  ] GC(237) NMethods: 1353 registered, 47 unregistered
[24.414s][info][gc,metaspace] GC(237) Metaspace: 8M used, 8M committed, 1088M reserved
[24.414s][info][gc,ref      ] GC(237) Soft: 174 encountered, 0 discovered, 0 enqueued
[24.414s][info][gc,ref      ] GC(237) Weak: 570 encountered, 7 discovered, 0 enqueued
[24.414s][info][gc,ref      ] GC(237) Final: 0 encountered, 0 discovered, 0 enqueued
[24.414s][info][gc,ref      ] GC(237) Phantom: 21 encountered, 13 discovered, 0 enqueued
[24.414s][info][gc,reloc    ] GC(237) Small Pages: 149 / 298M, Empty: 254M, Relocated: 5M, In-Place: 0
[24.414s][info][gc,reloc    ] GC(237) Medium Pages: 1 / 16M, Empty: 0M, Relocated: 0M, In-Place: 0
[24.414s][info][gc,reloc    ] GC(237) Large Pages: 0 / 0M, Empty: 0M, Relocated: 0M, In-Place: 0
[24.414s][info][gc,reloc    ] GC(237) Forwarding Usage: 2M
[24.414s][info][gc,heap     ] GC(237) Min Capacity: 8M(2%)
[24.414s][info][gc,heap     ] GC(237) Max Capacity: 512M(100%)
[24.414s][info][gc,heap     ] GC(237) Soft Max Capacity: 512M(100%)
[24.414s][info][gc,heap     ] GC(237)                Mark Start          Mark End        Relocate Start      Relocate End           High               Low         
[24.414s][info][gc,heap     ] GC(237)  Capacity:      512M (100%)        512M (100%)        512M (100%)        512M (100%)        512M (100%)        512M (100%)   
[24.414s][info][gc,heap     ] GC(237)      Free:      198M (39%)         126M (25%)         372M (73%)         376M (73%)         376M (73%)         124M (24%)    
[24.414s][info][gc,heap     ] GC(237)      Used:      314M (61%)         386M (75%)         140M (27%)         136M (27%)         388M (76%)         136M (27%)    
[24.414s][info][gc,heap     ] GC(237)      Live:         -                23M (5%)           23M (5%)           23M (5%)             -                  -          
[24.414s][info][gc,heap     ] GC(237) Allocated:         -                72M (14%)          80M (16%)          87M (17%)            -                  -          
[24.414s][info][gc,heap     ] GC(237)   Garbage:         -               290M (57%)          36M (7%)           24M (5%)             -                  -          
[24.414s][info][gc,heap     ] GC(237) Reclaimed:         -                  -               254M (50%)         265M (52%)            -                  -          
[24.414s][info][gc          ] GC(237) Garbage Collection (Allocation Rate) 314M(61%)->136M(27%)
[24.480s][info][gc,start    ] GC(238) Garbage Collection (Allocation Rate)
[24.480s][info][gc,task     ] GC(238) Using 5 workers
[24.480s][info][gc,phases   ] GC(238) Pause Mark Start 0.015ms
[24.503s][info][gc,phases   ] GC(238) Concurrent Mark 22.664ms
[24.503s][info][gc,phases   ] GC(238) Pause Mark End 0.010ms
[24.503s][info][gc,phases   ] GC(238) Concurrent Mark Free 0.001ms
[24.504s][info][gc,phases   ] GC(238) Concurrent Process Non-Strong References 0.806ms
[24.504s][info][gc,phases   ] GC(238) Concurrent Reset Relocation Set 0.002ms
[24.508s][info][gc,phases   ] GC(238) Concurrent Select Relocation Set 3.822ms
[24.508s][info][gc,phases   ] GC(238) Pause Relocate Start 0.005ms
[24.509s][info][gc,phases   ] GC(238) Concurrent Relocate 1.493ms
[24.510s][info][gc,load     ] GC(238) Load: 0.00/0.00/0.00
[24.510s][info][gc,mmu      ] GC(238) MMU: 2ms/98.6%, 5ms/99.5%, 10ms/99.7%, 20ms/99.8%, 50ms/99.9%, 100ms/99.9%
[24.510s][info][gc,marking  ] GC(238) Mark: 4 stripe(s), 2 proactive flush(es), 1 terminate flush(es), 0 completion(s), 0 continuation(s) 
[24.510s][info][gc,marking  ] GC(238) Mark Stack Usage: 32M
[24.510s][info][gc,nmethod  ] GC(238) NMethods: 1353 registered, 47 unregistered
[24.510s][info][gc,metaspace] GC(238) Metaspace: 8M used, 8M committed, 1088M reserved
[24.510s][info][gc,ref      ] GC(238) Soft: 174 encountered, 0 discovered, 0 enqueued
[24.510s][info][gc,ref      ] GC(238) Weak: 570 encountered, 10 discovered, 0 enqueued
[24.510s][info][gc,ref      ] GC(238) Final: 0 encountered, 0 discovered, 0 enqueued
[24.510s][info][gc,ref      ] GC(238) Phantom: 21 encountered, 10 discovered, 0 enqueued
[24.510s][info][gc,reloc    ] GC(238) Small Pages: 104 / 208M, Empty: 164M, Relocated: 3M, In-Place: 0
[24.510s][info][gc,reloc    ] GC(238) Medium Pages: 2 / 32M, Empty: 0M, Relocated: 2M, In-Place: 0
[24.510s][info][gc,reloc    ] GC(238) Large Pages: 0 / 0M, Empty: 0M, Relocated: 0M, In-Place: 0
[24.510s][info][gc,reloc    ] GC(238) Forwarding Usage: 1M
[24.510s][info][gc,heap     ] GC(238) Min Capacity: 8M(2%)
[24.510s][info][gc,heap     ] GC(238) Max Capacity: 512M(100%)
[24.510s][info][gc,heap     ] GC(238) Soft Max Capacity: 512M(100%)
[24.510s][info][gc,heap     ] GC(238)                Mark Start          Mark End        Relocate Start      Relocate End           High               Low         
[24.510s][info][gc,heap     ] GC(238)  Capacity:      512M (100%)        512M (100%)        512M (100%)        512M (100%)        512M (100%)        512M (100%)   
[24.510s][info][gc,heap     ] GC(238)      Free:      272M (53%)         246M (48%)         404M (79%)         428M (84%)         430M (84%)         244M (48%)    
[24.510s][info][gc,heap     ] GC(238)      Used:      240M (47%)         266M (52%)         108M (21%)          84M (16%)         268M (52%)          82M (16%)    
[24.510s][info][gc,heap     ] GC(238)      Live:         -                24M (5%)           24M (5%)           24M (5%)             -                  -          
[24.510s][info][gc,heap     ] GC(238) Allocated:         -                26M (5%)           32M (6%)           33M (7%)             -                  -          
[24.510s][info][gc,heap     ] GC(238)   Garbage:         -               215M (42%)          51M (10%)          25M (5%)             -                  -          
[24.510s][info][gc,heap     ] GC(238) Reclaimed:         -                  -               164M (32%)         189M (37%)            -                  -          
[24.510s][info][gc          ] GC(238) Garbage Collection (Allocation Rate) 240M(47%)->84M(16%)
[24.594s][info][gc,start    ] GC(239) Garbage Collection (Allocation Rate)
[24.595s][info][gc,task     ] GC(239) Using 5 workers
[24.595s][info][gc,phases   ] GC(239) Pause Mark Start 0.011ms
[24.641s][info][gc,phases   ] GC(239) Concurrent Mark 46.546ms
[24.641s][info][gc,phases   ] GC(239) Pause Mark End 0.013ms
[24.641s][info][gc,phases   ] GC(239) Concurrent Mark Free 0.001ms
[24.643s][info][gc,phases   ] GC(239) Concurrent Process Non-Strong References 1.144ms
[24.643s][info][gc,phases   ] GC(239) Concurrent Reset Relocation Set 0.003ms
[24.649s][info][gc,phases   ] GC(239) Concurrent Select Relocation Set 6.226ms
[24.649s][info][gc,phases   ] GC(239) Pause Relocate Start 0.006ms
[24.652s][info][gc,phases   ] GC(239) Concurrent Relocate 3.165ms
[24.652s][info][gc,load     ] GC(239) Load: 0.00/0.00/0.00
[24.652s][info][gc,mmu      ] GC(239) MMU: 2ms/98.6%, 5ms/99.5%, 10ms/99.7%, 20ms/99.8%, 50ms/99.9%, 100ms/99.9%
[24.652s][info][gc,marking  ] GC(239) Mark: 4 stripe(s), 3 proactive flush(es), 1 terminate flush(es), 0 completion(s), 0 continuation(s) 
[24.652s][info][gc,marking  ] GC(239) Mark Stack Usage: 32M
[24.652s][info][gc,nmethod  ] GC(239) NMethods: 1353 registered, 47 unregistered
[24.652s][info][gc,metaspace] GC(239) Metaspace: 8M used, 8M committed, 1088M reserved
[24.653s][info][gc,ref      ] GC(239) Soft: 174 encountered, 0 discovered, 0 enqueued
[24.653s][info][gc,ref      ] GC(239) Weak: 570 encountered, 196 discovered, 0 enqueued
[24.653s][info][gc,ref      ] GC(239) Final: 0 encountered, 0 discovered, 0 enqueued
[24.653s][info][gc,ref      ] GC(239) Phantom: 21 encountered, 14 discovered, 0 enqueued
[24.653s][info][gc,reloc    ] GC(239) Small Pages: 132 / 264M, Empty: 216M, Relocated: 5M, In-Place: 0
[24.653s][info][gc,reloc    ] GC(239) Medium Pages: 1 / 16M, Empty: 0M, Relocated: 0M, In-Place: 0
[24.653s][info][gc,reloc    ] GC(239) Large Pages: 0 / 0M, Empty: 0M, Relocated: 0M, In-Place: 0
[24.653s][info][gc,reloc    ] GC(239) Forwarding Usage: 2M
[24.653s][info][gc,heap     ] GC(239) Min Capacity: 8M(2%)
[24.653s][info][gc,heap     ] GC(239) Max Capacity: 512M(100%)
[24.653s][info][gc,heap     ] GC(239) Soft Max Capacity: 512M(100%)
[24.653s][info][gc,heap     ] GC(239)                Mark Start          Mark End        Relocate Start      Relocate End           High               Low         
[24.653s][info][gc,heap     ] GC(239)  Capacity:      512M (100%)        512M (100%)        512M (100%)        512M (100%)        512M (100%)        512M (100%)   
[24.653s][info][gc,heap     ] GC(239)      Free:      232M (45%)         106M (21%)         302M (59%)         308M (60%)         310M (61%)         104M (20%)    
[24.653s][info][gc,heap     ] GC(239)      Used:      280M (55%)         406M (79%)         210M (41%)         204M (40%)         408M (80%)         202M (39%)    
[24.653s][info][gc,heap     ] GC(239)      Live:         -                24M (5%)           24M (5%)           24M (5%)             -                  -          
[24.653s][info][gc,heap     ] GC(239) Allocated:         -               126M (25%)         146M (29%)         153M (30%)            -                  -          
[24.653s][info][gc,heap     ] GC(239)   Garbage:         -               255M (50%)          39M (8%)           25M (5%)             -                  -          
[24.653s][info][gc,heap     ] GC(239) Reclaimed:         -                  -               216M (42%)         229M (45%)            -                  -          
[24.653s][info][gc          ] GC(239) Garbage Collection (Allocation Rate) 280M(55%)->204M(40%)
[24.688s][info][gc,start    ] GC(240) Garbage Collection (Allocation Rate)
[24.688s][info][gc,task     ] GC(240) Using 5 workers
[24.688s][info][gc,phases   ] GC(240) Pause Mark Start 0.009ms
[24.719s][info][gc,phases   ] GC(240) Concurrent Mark 31.040ms
[24.719s][info][gc,phases   ] GC(240) Pause Mark End 0.010ms
[24.720s][info][gc,phases   ] GC(240) Concurrent Mark Free 0.001ms
[24.720s][info][gc,phases   ] GC(240) Concurrent Process Non-Strong References 0.731ms
[24.720s][info][gc,phases   ] GC(240) Concurrent Reset Relocation Set 0.002ms
[24.727s][info][gc,phases   ] GC(240) Concurrent Select Relocation Set 7.007ms
[24.727s][info][gc,phases   ] GC(240) Pause Relocate Start 0.004ms
[24.732s][info][gc,phases   ] GC(240) Concurrent Relocate 4.131ms
[24.732s][info][gc,load     ] GC(240) Load: 0.00/0.00/0.00
[24.732s][info][gc,mmu      ] GC(240) MMU: 2ms/98.6%, 5ms/99.5%, 10ms/99.7%, 20ms/99.8%, 50ms/99.9%, 100ms/99.9%
[24.732s][info][gc,marking  ] GC(240) Mark: 4 stripe(s), 2 proactive flush(es), 1 terminate flush(es), 0 completion(s), 0 continuation(s) 
[24.732s][info][gc,marking  ] GC(240) Mark Stack Usage: 32M
[24.732s][info][gc,nmethod  ] GC(240) NMethods: 1353 registered, 47 unregistered
[24.732s][info][gc,metaspace] GC(240) Metaspace: 8M used, 8M committed, 1088M reserved
[24.732s][info][gc,ref      ] GC(240) Soft: 174 encountered, 0 discovered, 0 enqueued
[24.732s][info][gc,ref      ] GC(240) Weak: 570 encountered, 82 discovered, 0 enqueued
[24.732s][info][gc,ref      ] GC(240) Final: 0 encountered, 0 discovered, 0 enqueued
[24.732s][info][gc,ref      ] GC(240) Phantom: 21 encountered, 15 discovered, 0 enqueued
[24.732s][info][gc,reloc    ] GC(240) Small Pages: 143 / 286M, Empty: 232M, Relocated: 6M, In-Place: 0
[24.732s][info][gc,reloc    ] GC(240) Medium Pages: 1 / 16M, Empty: 0M, Relocated: 0M, In-Place: 0
[24.732s][info][gc,reloc    ] GC(240) Large Pages: 0 / 0M, Empty: 0M, Relocated: 0M, In-Place: 0
[24.732s][info][gc,reloc    ] GC(240) Forwarding Usage: 3M
[24.732s][info][gc,heap     ] GC(240) Min Capacity: 8M(2%)
[24.732s][info][gc,heap     ] GC(240) Max Capacity: 512M(100%)
[24.732s][info][gc,heap     ] GC(240) Soft Max Capacity: 512M(100%)
[24.732s][info][gc,heap     ] GC(240)                Mark Start          Mark End        Relocate Start      Relocate End           High               Low         
[24.732s][info][gc,heap     ] GC(240)  Capacity:      512M (100%)        512M (100%)        512M (100%)        512M (100%)        512M (100%)        512M (100%)   
[24.732s][info][gc,heap     ] GC(240)      Free:      210M (41%)         128M (25%)         338M (66%)         350M (68%)         350M (68%)         126M (25%)    
[24.732s][info][gc,heap     ] GC(240)      Used:      302M (59%)         384M (75%)         174M (34%)         162M (32%)         386M (75%)         162M (32%)    
[24.732s][info][gc,heap     ] GC(240)      Live:         -                25M (5%)           25M (5%)           25M (5%)             -                  -          
[24.732s][info][gc,heap     ] GC(240) Allocated:         -                82M (16%)         104M (20%)         113M (22%)            -                  -          
[24.732s][info][gc,heap     ] GC(240)   Garbage:         -               276M (54%)          44M (9%)           22M (4%)             -                  -          
[24.732s][info][gc,heap     ] GC(240) Reclaimed:         -                  -               232M (45%)         253M (50%)            -                  -          
[24.732s][info][gc          ] GC(240) Garbage Collection (Allocation Rate) 302M(59%)->162M(32%)
[24.782s][info][gc,start    ] GC(241) Garbage Collection (Allocation Rate)
[24.782s][info][gc,task     ] GC(241) Using 5 workers
[24.782s][info][gc,phases   ] GC(241) Pause Mark Start 0.009ms
[24.813s][info][gc,phases   ] GC(241) Concurrent Mark 30.980ms
[24.813s][info][gc,phases   ] GC(241) Pause Mark End 0.012ms
[24.813s][info][gc,phases   ] GC(241) Concurrent Mark Free 0.001ms
[24.814s][info][gc,phases   ] GC(241) Concurrent Process Non-Strong References 0.850ms
[24.814s][info][gc,phases   ] GC(241) Concurrent Reset Relocation Set 0.003ms
[24.818s][info][gc,phases   ] GC(241) Concurrent Select Relocation Set 3.994ms
[24.818s][info][gc,phases   ] GC(241) Pause Relocate Start 0.004ms
[24.820s][info][gc,phases   ] GC(241) Concurrent Relocate 1.991ms
[24.820s][info][gc,load     ] GC(241) Load: 0.00/0.00/0.00
[24.820s][info][gc,mmu      ] GC(241) MMU: 2ms/98.6%, 5ms/99.5%, 10ms/99.7%, 20ms/99.8%, 50ms/99.9%, 100ms/99.9%
[24.820s][info][gc,marking  ] GC(241) Mark: 4 stripe(s), 2 proactive flush(es), 1 terminate flush(es), 0 completion(s), 0 continuation(s) 
[24.820s][info][gc,marking  ] GC(241) Mark Stack Usage: 32M
[24.821s][info][gc,nmethod  ] GC(241) NMethods: 1353 registered, 47 unregistered
[24.821s][info][gc,metaspace] GC(241) Metaspace: 8M used, 8M committed, 1088M reserved
[24.821s][info][gc,ref      ] GC(241) Soft: 174 encountered, 0 discovered, 0 enqueued
[24.821s][info][gc,ref      ] GC(241) Weak: 570 encountered, 109 discovered, 0 enqueued
[24.821s][info][gc,ref      ] GC(241) Final: 0 encountered, 0 discovered, 0 enqueued
[24.821s][info][gc,ref      ] GC(241) Phantom: 21 encountered, 19 discovered, 0 enqueued
[24.821s][info][gc,reloc    ] GC(241) Small Pages: 131 / 262M, Empty: 214M, Relocated: 3M, In-Place: 0
[24.821s][info][gc,reloc    ] GC(241) Medium Pages: 2 / 32M, Empty: 0M, Relocated: 2M, In-Place: 0
[24.821s][info][gc,reloc    ] GC(241) Large Pages: 0 / 0M, Empty: 0M, Relocated: 0M, In-Place: 0
[24.821s][info][gc,reloc    ] GC(241) Forwarding Usage: 1M
[24.821s][info][gc,heap     ] GC(241) Min Capacity: 8M(2%)
[24.821s][info][gc,heap     ] GC(241) Max Capacity: 512M(100%)
[24.821s][info][gc,heap     ] GC(241) Soft Max Capacity: 512M(100%)
[24.821s][info][gc,heap     ] GC(241)                Mark Start          Mark End        Relocate Start      Relocate End           High               Low         
[24.821s][info][gc,heap     ] GC(241)  Capacity:      512M (100%)        512M (100%)        512M (100%)        512M (100%)        512M (100%)        512M (100%)   
[24.821s][info][gc,heap     ] GC(241)      Free:      218M (43%)         134M (26%)         334M (65%)         356M (70%)         356M (70%)         132M (26%)    
[24.821s][info][gc,heap     ] GC(241)      Used:      294M (57%)         378M (74%)         178M (35%)         156M (30%)         380M (74%)         156M (30%)    
[24.821s][info][gc,heap     ] GC(241)      Live:         -                26M (5%)           26M (5%)           26M (5%)             -                  -          
[24.821s][info][gc,heap     ] GC(241) Allocated:         -                84M (16%)          98M (19%)         103M (20%)            -                  -          
[24.821s][info][gc,heap     ] GC(241)   Garbage:         -               267M (52%)          53M (10%)          25M (5%)             -                  -          
[24.821s][info][gc,heap     ] GC(241) Reclaimed:         -                  -               214M (42%)         241M (47%)            -                  -          
[24.821s][info][gc          ] GC(241) Garbage Collection (Allocation Rate) 294M(57%)->156M(30%)
[24.881s][info][gc,start    ] GC(242) Garbage Collection (Allocation Rate)
[24.881s][info][gc,task     ] GC(242) Using 5 workers
[24.881s][info][gc,phases   ] GC(242) Pause Mark Start 0.014ms
[24.906s][info][gc,phases   ] GC(242) Concurrent Mark 25.635ms
[24.907s][info][gc,phases   ] GC(242) Pause Mark End 0.012ms
[24.907s][info][gc,phases   ] GC(242) Concurrent Mark Free 0.001ms
[24.907s][info][gc,phases   ] GC(242) Concurrent Process Non-Strong References 0.724ms
[24.907s][info][gc,phases   ] GC(242) Concurrent Reset Relocation Set 0.002ms
[24.913s][info][gc,phases   ] GC(242) Concurrent Select Relocation Set 5.849ms
[24.913s][info][gc,phases   ] GC(242) Pause Relocate Start 0.005ms
[24.916s][info][gc,phases   ] GC(242) Concurrent Relocate 2.774ms
[24.916s][info][gc,load     ] GC(242) Load: 0.00/0.00/0.00
[24.916s][info][gc,mmu      ] GC(242) MMU: 2ms/98.6%, 5ms/99.5%, 10ms/99.7%, 20ms/99.8%, 50ms/99.9%, 100ms/99.9%
[24.916s][info][gc,marking  ] GC(242) Mark: 4 stripe(s), 2 proactive flush(es), 1 terminate flush(es), 0 completion(s), 0 continuation(s) 
[24.916s][info][gc,marking  ] GC(242) Mark Stack Usage: 32M
[24.917s][info][gc,nmethod  ] GC(242) NMethods: 1353 registered, 47 unregistered
[24.917s][info][gc,metaspace] GC(242) Metaspace: 8M used, 8M committed, 1088M reserved
[24.917s][info][gc,ref      ] GC(242) Soft: 174 encountered, 0 discovered, 0 enqueued
[24.917s][info][gc,ref      ] GC(242) Weak: 570 encountered, 2 discovered, 0 enqueued
[24.917s][info][gc,ref      ] GC(242) Final: 0 encountered, 0 discovered, 0 enqueued
[24.917s][info][gc,ref      ] GC(242) Phantom: 21 encountered, 17 discovered, 0 enqueued
[24.917s][info][gc,reloc    ] GC(242) Small Pages: 152 / 304M, Empty: 250M, Relocated: 5M, In-Place: 0
[24.917s][info][gc,reloc    ] GC(242) Medium Pages: 1 / 16M, Empty: 0M, Relocated: 0M, In-Place: 0
[24.917s][info][gc,reloc    ] GC(242) Large Pages: 0 / 0M, Empty: 0M, Relocated: 0M, In-Place: 0
[24.917s][info][gc,reloc    ] GC(242) Forwarding Usage: 2M
[24.917s][info][gc,heap     ] GC(242) Min Capacity: 8M(2%)
[24.917s][info][gc,heap     ] GC(242) Max Capacity: 512M(100%)
[24.917s][info][gc,heap     ] GC(242) Soft Max Capacity: 512M(100%)
[24.917s][info][gc,heap     ] GC(242)                Mark Start          Mark End        Relocate Start      Relocate End           High               Low         
[24.917s][info][gc,heap     ] GC(242)  Capacity:      512M (100%)        512M (100%)        512M (100%)        512M (100%)        512M (100%)        512M (100%)   
[24.917s][info][gc,heap     ] GC(242)      Free:      192M (38%)         126M (25%)         356M (70%)         368M (72%)         368M (72%)         124M (24%)    
[24.917s][info][gc,heap     ] GC(242)      Used:      320M (63%)         386M (75%)         156M (30%)         144M (28%)         388M (76%)         144M (28%)    
[24.917s][info][gc,heap     ] GC(242)      Live:         -                27M (5%)           27M (5%)           27M (5%)             -                  -          
[24.917s][info][gc,heap     ] GC(242) Allocated:         -                66M (13%)          86M (17%)          91M (18%)            -                  -          
[24.917s][info][gc,heap     ] GC(242)   Garbage:         -               292M (57%)          42M (8%)           24M (5%)             -                  -          
[24.917s][info][gc,heap     ] GC(242) Reclaimed:         -                  -               250M (49%)         267M (52%)            -                  -          
[24.917s][info][gc          ] GC(242) Garbage Collection (Allocation Rate) 320M(63%)->144M(28%)
[24.980s][info][gc,start    ] GC(243) Garbage Collection (Allocation Rate)
[24.980s][info][gc,task     ] GC(243) Using 5 workers
[24.981s][info][gc,phases   ] GC(243) Pause Mark Start 0.014ms
[25.007s][info][gc,phases   ] GC(243) Concurrent Mark 26.721ms
[25.007s][info][gc,phases   ] GC(243) Pause Mark End 0.013ms
[25.008s][info][gc,phases   ] GC(243) Concurrent Mark Free 0.001ms
[25.008s][info][gc,phases   ] GC(243) Concurrent Process Non-Strong References 0.741ms
[25.008s][info][gc,phases   ] GC(243) Concurrent Reset Relocation Set 0.003ms
[25.012s][info][gc,phases   ] GC(243) Concurrent Select Relocation Set 3.885ms
[25.012s][info][gc,phases   ] GC(243) Pause Relocate Start 0.005ms
[25.014s][info][gc,phases   ] GC(243) Concurrent Relocate 1.873ms
[25.014s][info][gc,load     ] GC(243) Load: 0.00/0.00/0.00
[25.014s][info][gc,mmu      ] GC(243) MMU: 2ms/98.6%, 5ms/99.5%, 10ms/99.7%, 20ms/99.8%, 50ms/99.9%, 100ms/99.9%
[25.014s][info][gc,marking  ] GC(243) Mark: 4 stripe(s), 2 proactive flush(es), 1 terminate flush(es), 0 completion(s), 0 continuation(s) 
[25.014s][info][gc,marking  ] GC(243) Mark Stack Usage: 32M
[25.014s][info][gc,nmethod  ] GC(243) NMethods: 1353 registered, 47 unregistered
[25.014s][info][gc,metaspace] GC(243) Metaspace: 8M used, 8M committed, 1088M reserved
[25.015s][info][gc,ref      ] GC(243) Soft: 174 encountered, 0 discovered, 0 enqueued
[25.015s][info][gc,ref      ] GC(243) Weak: 570 encountered, 228 discovered, 0 enqueued
[25.015s][info][gc,ref      ] GC(243) Final: 0 encountered, 0 discovered, 0 enqueued
[25.015s][info][gc,ref      ] GC(243) Phantom: 21 encountered, 17 discovered, 0 enqueued
[25.015s][info][gc,reloc    ] GC(243) Small Pages: 140 / 280M, Empty: 226M, Relocated: 3M, In-Place: 0
[25.015s][info][gc,reloc    ] GC(243) Medium Pages: 1 / 16M, Empty: 0M, Relocated: 0M, In-Place: 0
[25.015s][info][gc,reloc    ] GC(243) Large Pages: 0 / 0M, Empty: 0M, Relocated: 0M, In-Place: 0
[25.015s][info][gc,reloc    ] GC(243) Forwarding Usage: 1M
[25.015s][info][gc,heap     ] GC(243) Min Capacity: 8M(2%)
[25.015s][info][gc,heap     ] GC(243) Max Capacity: 512M(100%)
[25.015s][info][gc,heap     ] GC(243) Soft Max Capacity: 512M(100%)
[25.015s][info][gc,heap     ] GC(243)                Mark Start          Mark End        Relocate Start      Relocate End           High               Low         
[25.015s][info][gc,heap     ] GC(243)  Capacity:      512M (100%)        512M (100%)        512M (100%)        512M (100%)        512M (100%)        512M (100%)   
[25.015s][info][gc,heap     ] GC(243)      Free:      216M (42%)         142M (28%)         356M (70%)         366M (71%)         366M (71%)         140M (27%)    
[25.015s][info][gc,heap     ] GC(243)      Used:      296M (58%)         370M (72%)         156M (30%)         146M (29%)         372M (73%)         146M (29%)    
[25.015s][info][gc,heap     ] GC(243)      Live:         -                27M (5%)           27M (5%)           27M (5%)             -                  -          
[25.015s][info][gc,heap     ] GC(243) Allocated:         -                74M (14%)          86M (17%)          89M (18%)            -                  -          
[25.015s][info][gc,heap     ] GC(243)   Garbage:         -               268M (52%)          42M (8%)           28M (6%)             -                  -          
[25.015s][info][gc,heap     ] GC(243) Reclaimed:         -                  -               226M (44%)         239M (47%)            -                  -          
[25.015s][info][gc          ] GC(243) Garbage Collection (Allocation Rate) 296M(58%)->146M(29%)
[25.080s][info][gc,start    ] GC(244) Garbage Collection (Allocation Rate)
[25.080s][info][gc,task     ] GC(244) Using 5 workers
[25.080s][info][gc,phases   ] GC(244) Pause Mark Start 0.012ms
[25.107s][info][gc,phases   ] GC(244) Concurrent Mark 26.678ms
[25.107s][info][gc,phases   ] GC(244) Pause Mark End 0.010ms
[25.107s][info][gc,phases   ] GC(244) Concurrent Mark Free 0.001ms
[25.108s][info][gc,phases   ] GC(244) Concurrent Process Non-Strong References 0.748ms
[25.108s][info][gc,phases   ] GC(244) Concurrent Reset Relocation Set 0.003ms
[25.114s][info][gc,phases   ] GC(244) Concurrent Select Relocation Set 5.885ms
[25.114s][info][gc,phases   ] GC(244) Pause Relocate Start 0.004ms
[25.119s][info][gc,phases   ] GC(244) Concurrent Relocate 4.474ms
[25.119s][info][gc,load     ] GC(244) Load: 0.00/0.00/0.00
[25.119s][info][gc,mmu      ] GC(244) MMU: 2ms/98.6%, 5ms/99.5%, 10ms/99.7%, 20ms/99.8%, 50ms/99.9%, 100ms/99.9%
[25.119s][info][gc,marking  ] GC(244) Mark: 4 stripe(s), 3 proactive flush(es), 1 terminate flush(es), 0 completion(s), 0 continuation(s) 
[25.119s][info][gc,marking  ] GC(244) Mark Stack Usage: 32M
[25.119s][info][gc,nmethod  ] GC(244) NMethods: 1353 registered, 47 unregistered
[25.119s][info][gc,metaspace] GC(244) Metaspace: 8M used, 8M committed, 1088M reserved
[25.119s][info][gc,ref      ] GC(244) Soft: 174 encountered, 0 discovered, 0 enqueued
[25.119s][info][gc,ref      ] GC(244) Weak: 570 encountered, 91 discovered, 0 enqueued
[25.119s][info][gc,ref      ] GC(244) Final: 0 encountered, 0 discovered, 0 enqueued
[25.119s][info][gc,ref      ] GC(244) Phantom: 21 encountered, 15 discovered, 0 enqueued
[25.119s][info][gc,reloc    ] GC(244) Small Pages: 154 / 308M, Empty: 262M, Relocated: 6M, In-Place: 0
[25.119s][info][gc,reloc    ] GC(244) Medium Pages: 1 / 16M, Empty: 0M, Relocated: 0M, In-Place: 0
[25.119s][info][gc,reloc    ] GC(244) Large Pages: 0 / 0M, Empty: 0M, Relocated: 0M, In-Place: 0
[25.119s][info][gc,reloc    ] GC(244) Forwarding Usage: 2M
[25.119s][info][gc,heap     ] GC(244) Min Capacity: 8M(2%)
[25.119s][info][gc,heap     ] GC(244) Max Capacity: 512M(100%)
[25.119s][info][gc,heap     ] GC(244) Soft Max Capacity: 512M(100%)
[25.119s][info][gc,heap     ] GC(244)                Mark Start          Mark End        Relocate Start      Relocate End           High               Low         
[25.119s][info][gc,heap     ] GC(244)  Capacity:      512M (100%)        512M (100%)        512M (100%)        512M (100%)        512M (100%)        512M (100%)   
[25.119s][info][gc,heap     ] GC(244)      Free:      188M (37%)         116M (23%)         362M (71%)         360M (70%)         370M (72%)         114M (22%)    
[25.119s][info][gc,heap     ] GC(244)      Used:      324M (63%)         396M (77%)         150M (29%)         152M (30%)         398M (78%)         142M (28%)    
[25.119s][info][gc,heap     ] GC(244)      Live:         -                28M (6%)           28M (6%)           28M (6%)             -                  -          
[25.119s][info][gc,heap     ] GC(244) Allocated:         -                72M (14%)          88M (17%)          99M (20%)            -                  -          
[25.119s][info][gc,heap     ] GC(244)   Garbage:         -               295M (58%)          33M (7%)           23M (5%)             -                  -          
[25.120s][info][gc,heap     ] GC(244) Reclaimed:         -                  -               262M (51%)         271M (53%)            -                  -          
[25.120s][info][gc          ] GC(244) Garbage Collection (Allocation Rate) 324M(63%)->152M(30%)
[25.180s][info][gc,start    ] GC(245) Garbage Collection (Allocation Rate)
[25.180s][info][gc,task     ] GC(245) Using 5 workers
[25.180s][info][gc,phases   ] GC(245) Pause Mark Start 0.013ms
[25.212s][info][gc,phases   ] GC(245) Concurrent Mark 31.663ms
[25.212s][info][gc,phases   ] GC(245) Pause Mark End 0.011ms
[25.212s][info][gc,phases   ] GC(245) Concurrent Mark Free 0.001ms
[25.213s][info][gc,phases   ] GC(245) Concurrent Process Non-Strong References 0.803ms
[25.213s][info][gc,phases   ] GC(245) Concurrent Reset Relocation Set 0.003ms
[25.221s][info][gc,phases   ] GC(245) Concurrent Select Relocation Set 7.631ms
[25.221s][info][gc,phases   ] GC(245) Pause Relocate Start 0.008ms
[25.225s][info][gc,phases   ] GC(245) Concurrent Relocate 4.061ms
[25.225s][info][gc,load     ] GC(245) Load: 0.00/0.00/0.00
[25.225s][info][gc,mmu      ] GC(245) MMU: 2ms/98.6%, 5ms/99.5%, 10ms/99.7%, 20ms/99.8%, 50ms/99.9%, 100ms/99.9%
[25.225s][info][gc,marking  ] GC(245) Mark: 4 stripe(s), 3 proactive flush(es), 1 terminate flush(es), 0 completion(s), 0 continuation(s) 
[25.225s][info][gc,marking  ] GC(245) Mark Stack Usage: 32M
[25.225s][info][gc,nmethod  ] GC(245) NMethods: 1353 registered, 47 unregistered
[25.225s][info][gc,metaspace] GC(245) Metaspace: 8M used, 8M committed, 1088M reserved
[25.225s][info][gc,ref      ] GC(245) Soft: 174 encountered, 0 discovered, 0 enqueued
[25.225s][info][gc,ref      ] GC(245) Weak: 570 encountered, 120 discovered, 0 enqueued
[25.225s][info][gc,ref      ] GC(245) Final: 0 encountered, 0 discovered, 0 enqueued
[25.225s][info][gc,ref      ] GC(245) Phantom: 21 encountered, 13 discovered, 0 enqueued
[25.225s][info][gc,reloc    ] GC(245) Small Pages: 127 / 254M, Empty: 210M, Relocated: 6M, In-Place: 0
[25.225s][info][gc,reloc    ] GC(245) Medium Pages: 2 / 32M, Empty: 0M, Relocated: 3M, In-Place: 0
[25.225s][info][gc,reloc    ] GC(245) Large Pages: 0 / 0M, Empty: 0M, Relocated: 0M, In-Place: 0
[25.225s][info][gc,reloc    ] GC(245) Forwarding Usage: 2M
[25.226s][info][gc,heap     ] GC(245) Min Capacity: 8M(2%)
[25.226s][info][gc,heap     ] GC(245) Max Capacity: 512M(100%)
[25.226s][info][gc,heap     ] GC(245) Soft Max Capacity: 512M(100%)
[25.226s][info][gc,heap     ] GC(245)                Mark Start          Mark End        Relocate Start      Relocate End           High               Low         
[25.226s][info][gc,heap     ] GC(245)  Capacity:      512M (100%)        512M (100%)        512M (100%)        512M (100%)        512M (100%)        512M (100%)   
[25.226s][info][gc,heap     ] GC(245)      Free:      226M (44%)         198M (39%)         402M (79%)         420M (82%)         420M (82%)         198M (39%)    
[25.226s][info][gc,heap     ] GC(245)      Used:      286M (56%)         314M (61%)         110M (21%)          92M (18%)         314M (61%)          92M (18%)    
[25.226s][info][gc,heap     ] GC(245)      Live:         -                33M (6%)           33M (6%)           33M (6%)             -                  -          
[25.226s][info][gc,heap     ] GC(245) Allocated:         -                28M (5%)           34M (7%)           32M (6%)             -                  -          
[25.226s][info][gc,heap     ] GC(245)   Garbage:         -               252M (49%)          42M (8%)           25M (5%)             -                  -          
[25.226s][info][gc,heap     ] GC(245) Reclaimed:         -                  -               210M (41%)         226M (44%)            -                  -          
[25.226s][info][gc          ] GC(245) Garbage Collection (Allocation Rate) 286M(56%)->92M(18%)
[25.280s][info][gc,start    ] GC(246) Garbage Collection (Allocation Rate)
[25.280s][info][gc,task     ] GC(246) Using 5 workers
[25.280s][info][gc,phases   ] GC(246) Pause Mark Start 0.012ms
[25.318s][info][gc,phases   ] GC(246) Concurrent Mark 37.687ms
[25.318s][info][gc,phases   ] GC(246) Pause Mark End 0.012ms
[25.318s][info][gc,phases   ] GC(246) Concurrent Mark Free 0.001ms
[25.319s][info][gc,phases   ] GC(246) Concurrent Process Non-Strong References 0.721ms
[25.319s][info][gc,phases   ] GC(246) Concurrent Reset Relocation Set 0.002ms
[25.323s][info][gc,phases   ] GC(246) Concurrent Select Relocation Set 3.871ms
[25.323s][info][gc,phases   ] GC(246) Pause Relocate Start 0.005ms
[25.326s][info][gc,phases   ] GC(246) Concurrent Relocate 2.673ms
[25.326s][info][gc,load     ] GC(246) Load: 0.00/0.00/0.00
[25.326s][info][gc,mmu      ] GC(246) MMU: 2ms/98.6%, 5ms/99.5%, 10ms/99.7%, 20ms/99.8%, 50ms/99.9%, 100ms/99.9%
[25.326s][info][gc,marking  ] GC(246) Mark: 4 stripe(s), 2 proactive flush(es), 1 terminate flush(es), 0 completion(s), 0 continuation(s) 
[25.326s][info][gc,marking  ] GC(246) Mark Stack Usage: 32M
[25.326s][info][gc,nmethod  ] GC(246) NMethods: 1353 registered, 47 unregistered
[25.326s][info][gc,metaspace] GC(246) Metaspace: 8M used, 8M committed, 1088M reserved
[25.326s][info][gc,ref      ] GC(246) Soft: 174 encountered, 0 discovered, 0 enqueued
[25.326s][info][gc,ref      ] GC(246) Weak: 570 encountered, 343 discovered, 0 enqueued
[25.326s][info][gc,ref      ] GC(246) Final: 0 encountered, 0 discovered, 0 enqueued
[25.326s][info][gc,ref      ] GC(246) Phantom: 21 encountered, 14 discovered, 0 enqueued
[25.326s][info][gc,reloc    ] GC(246) Small Pages: 36 / 72M, Empty: 14M, Relocated: 3M, In-Place: 0
[25.326s][info][gc,reloc    ] GC(246) Medium Pages: 2 / 32M, Empty: 16M, Relocated: 0M, In-Place: 0
[25.326s][info][gc,reloc    ] GC(246) Large Pages: 2 / 8M, Empty: 0M, Relocated: 0M, In-Place: 0
[25.326s][info][gc,reloc    ] GC(246) Forwarding Usage: 2M
[25.326s][info][gc,heap     ] GC(246) Min Capacity: 8M(2%)
[25.326s][info][gc,heap     ] GC(246) Max Capacity: 512M(100%)
[25.326s][info][gc,heap     ] GC(246) Soft Max Capacity: 512M(100%)
[25.326s][info][gc,heap     ] GC(246)                Mark Start          Mark End        Relocate Start      Relocate End           High               Low         
[25.326s][info][gc,heap     ] GC(246)  Capacity:      512M (100%)        512M (100%)        512M (100%)        512M (100%)        512M (100%)        512M (100%)   
[25.326s][info][gc,heap     ] GC(246)      Free:      400M (78%)         368M (72%)         396M (77%)         398M (78%)         400M (78%)         366M (71%)    
[25.326s][info][gc,heap     ] GC(246)      Used:      112M (22%)         144M (28%)         116M (23%)         114M (22%)         146M (29%)         112M (22%)    
[25.326s][info][gc,heap     ] GC(246)      Live:         -                50M (10%)          50M (10%)          50M (10%)            -                  -          
[25.326s][info][gc,heap     ] GC(246) Allocated:         -                32M (6%)           34M (7%)           33M (7%)             -                  -          
[25.326s][info][gc,heap     ] GC(246)   Garbage:         -                61M (12%)          31M (6%)           29M (6%)             -                  -          
[25.326s][info][gc,heap     ] GC(246) Reclaimed:         -                  -                30M (6%)           31M (6%)             -                  -          
[25.326s][info][gc          ] GC(246) Garbage Collection (Allocation Rate) 112M(22%)->114M(22%)
[25.381s][info][gc,start    ] GC(247) Garbage Collection (Allocation Rate)
[25.381s][info][gc,task     ] GC(247) Using 5 workers
[25.381s][info][gc,phases   ] GC(247) Pause Mark Start 0.016ms
[25.409s][info][gc,phases   ] GC(247) Concurrent Mark 27.579ms
[25.409s][info][gc,phases   ] GC(247) Pause Mark End 0.012ms
[25.409s][info][gc,phases   ] GC(247) Concurrent Mark Free 0.001ms
[25.410s][info][gc,phases   ] GC(247) Concurrent Process Non-Strong References 0.692ms
[25.410s][info][gc,phases   ] GC(247) Concurrent Reset Relocation Set 0.001ms
[25.414s][info][gc,phases   ] GC(247) Concurrent Select Relocation Set 4.020ms
[25.414s][info][gc,phases   ] GC(247) Pause Relocate Start 0.004ms
[25.415s][info][gc,phases   ] GC(247) Concurrent Relocate 1.130ms
[25.415s][info][gc,load     ] GC(247) Load: 0.00/0.00/0.00
[25.415s][info][gc,mmu      ] GC(247) MMU: 2ms/98.6%, 5ms/99.5%, 10ms/99.7%, 20ms/99.8%, 50ms/99.9%, 100ms/99.9%
[25.415s][info][gc,marking  ] GC(247) Mark: 4 stripe(s), 2 proactive flush(es), 1 terminate flush(es), 0 completion(s), 0 continuation(s) 
[25.415s][info][gc,marking  ] GC(247) Mark Stack Usage: 32M
[25.415s][info][gc,nmethod  ] GC(247) NMethods: 1353 registered, 47 unregistered
[25.415s][info][gc,metaspace] GC(247) Metaspace: 8M used, 8M committed, 1088M reserved
[25.415s][info][gc,ref      ] GC(247) Soft: 174 encountered, 0 discovered, 0 enqueued
[25.415s][info][gc,ref      ] GC(247) Weak: 570 encountered, 85 discovered, 0 enqueued
[25.415s][info][gc,ref      ] GC(247) Final: 0 encountered, 0 discovered, 0 enqueued
[25.415s][info][gc,ref      ] GC(247) Phantom: 21 encountered, 14 discovered, 0 enqueued
[25.415s][info][gc,reloc    ] GC(247) Small Pages: 43 / 86M, Empty: 42M, Relocated: 1M, In-Place: 0
[25.415s][info][gc,reloc    ] GC(247) Medium Pages: 2 / 32M, Empty: 16M, Relocated: 0M, In-Place: 0
[25.415s][info][gc,reloc    ] GC(247) Large Pages: 4 / 16M, Empty: 12M, Relocated: 0M, In-Place: 0
[25.415s][info][gc,reloc    ] GC(247) Forwarding Usage: 0M
[25.415s][info][gc,heap     ] GC(247) Min Capacity: 8M(2%)
[25.415s][info][gc,heap     ] GC(247) Max Capacity: 512M(100%)
[25.415s][info][gc,heap     ] GC(247) Soft Max Capacity: 512M(100%)
[25.415s][info][gc,heap     ] GC(247)                Mark Start          Mark End        Relocate Start      Relocate End           High               Low         
[25.416s][info][gc,heap     ] GC(247)  Capacity:      512M (100%)        512M (100%)        512M (100%)        512M (100%)        512M (100%)        512M (100%)   
[25.416s][info][gc,heap     ] GC(247)      Free:      378M (74%)         354M (69%)         424M (83%)         428M (84%)         428M (84%)         354M (69%)    
[25.416s][info][gc,heap     ] GC(247)      Used:      134M (26%)         158M (31%)          88M (17%)          84M (16%)         158M (31%)          84M (16%)    
[25.416s][info][gc,heap     ] GC(247)      Live:         -                34M (7%)           34M (7%)           34M (7%)             -                  -          
[25.416s][info][gc,heap     ] GC(247) Allocated:         -                24M (5%)           24M (5%)           23M (5%)             -                  -          
[25.416s][info][gc,heap     ] GC(247)   Garbage:         -                99M (20%)          29M (6%)           25M (5%)             -                  -          
[25.416s][info][gc,heap     ] GC(247) Reclaimed:         -                  -                70M (14%)          73M (14%)            -                  -          
[25.416s][info][gc          ] GC(247) Garbage Collection (Allocation Rate) 134M(26%)->84M(16%)
[25.481s][info][gc,start    ] GC(248) Garbage Collection (Allocation Rate)
[25.481s][info][gc,task     ] GC(248) Using 5 workers
[25.481s][info][gc,phases   ] GC(248) Pause Mark Start 0.013ms
[25.508s][info][gc,phases   ] GC(248) Concurrent Mark 26.663ms
[25.508s][info][gc,phases   ] GC(248) Pause Mark End 0.010ms
[25.508s][info][gc,phases   ] GC(248) Concurrent Mark Free 0.001ms
[25.508s][info][gc,phases   ] GC(248) Concurrent Process Non-Strong References 0.700ms
[25.509s][info][gc,phases   ] GC(248) Concurrent Reset Relocation Set 0.002ms
[25.514s][info][gc,phases   ] GC(248) Concurrent Select Relocation Set 5.268ms
[25.514s][info][gc,phases   ] GC(248) Pause Relocate Start 0.006ms
[25.517s][info][gc,phases   ] GC(248) Concurrent Relocate 2.599ms
[25.517s][info][gc,load     ] GC(248) Load: 0.00/0.00/0.00
[25.517s][info][gc,mmu      ] GC(248) MMU: 2ms/98.6%, 5ms/99.5%, 10ms/99.7%, 20ms/99.8%, 50ms/99.9%, 100ms/99.9%
[25.517s][info][gc,marking  ] GC(248) Mark: 4 stripe(s), 2 proactive flush(es), 1 terminate flush(es), 0 completion(s), 0 continuation(s) 
[25.517s][info][gc,marking  ] GC(248) Mark Stack Usage: 32M
[25.517s][info][gc,nmethod  ] GC(248) NMethods: 1353 registered, 47 unregistered
[25.517s][info][gc,metaspace] GC(248) Metaspace: 8M used, 8M committed, 1088M reserved
[25.517s][info][gc,ref      ] GC(248) Soft: 174 encountered, 0 discovered, 0 enqueued
[25.517s][info][gc,ref      ] GC(248) Weak: 570 encountered, 27 discovered, 0 enqueued
[25.517s][info][gc,ref      ] GC(248) Final: 0 encountered, 0 discovered, 0 enqueued
[25.517s][info][gc,ref      ] GC(248) Phantom: 21 encountered, 18 discovered, 0 enqueued
[25.517s][info][gc,reloc    ] GC(248) Small Pages: 22 / 44M, Empty: 0M, Relocated: 5M, In-Place: 0
[25.517s][info][gc,reloc    ] GC(248) Medium Pages: 2 / 32M, Empty: 16M, Relocated: 0M, In-Place: 0
[25.517s][info][gc,reloc    ] GC(248) Large Pages: 2 / 8M, Empty: 4M, Relocated: 0M, In-Place: 0
[25.517s][info][gc,reloc    ] GC(248) Forwarding Usage: 2M
[25.517s][info][gc,heap     ] GC(248) Min Capacity: 8M(2%)
[25.517s][info][gc,heap     ] GC(248) Max Capacity: 512M(100%)
[25.517s][info][gc,heap     ] GC(248) Soft Max Capacity: 512M(100%)
[25.517s][info][gc,heap     ] GC(248)                Mark Start          Mark End        Relocate Start      Relocate End           High               Low         
[25.517s][info][gc,heap     ] GC(248)  Capacity:      512M (100%)        512M (100%)        512M (100%)        512M (100%)        512M (100%)        512M (100%)   
[25.517s][info][gc,heap     ] GC(248)      Free:      428M (84%)         412M (80%)         432M (84%)         436M (85%)         436M (85%)         412M (80%)    
[25.517s][info][gc,heap     ] GC(248)      Used:       84M (16%)         100M (20%)          80M (16%)          76M (15%)         100M (20%)          76M (15%)    
[25.517s][info][gc,heap     ] GC(248)      Live:         -                32M (6%)           32M (6%)           32M (6%)             -                  -          
[25.517s][info][gc,heap     ] GC(248) Allocated:         -                16M (3%)           16M (3%)           17M (4%)             -                  -          
[25.517s][info][gc,heap     ] GC(248)   Garbage:         -                51M (10%)          31M (6%)           25M (5%)             -                  -          
[25.517s][info][gc,heap     ] GC(248) Reclaimed:         -                  -                20M (4%)           25M (5%)             -                  -          
[25.517s][info][gc          ] GC(248) Garbage Collection (Allocation Rate) 84M(16%)->76M(15%)
[25.580s][info][gc,start    ] GC(249) Garbage Collection (Allocation Rate)
[25.581s][info][gc,task     ] GC(249) Using 5 workers
[25.581s][info][gc,phases   ] GC(249) Pause Mark Start 0.011ms
[25.611s][info][gc,phases   ] GC(249) Concurrent Mark 30.556ms
[25.612s][info][gc,phases   ] GC(249) Pause Mark End 0.010ms
[25.612s][info][gc,phases   ] GC(249) Concurrent Mark Free 0.001ms
[25.612s][info][gc,phases   ] GC(249) Concurrent Process Non-Strong References 0.749ms
[25.612s][info][gc,phases   ] GC(249) Concurrent Reset Relocation Set 0.002ms
[25.616s][info][gc,phases   ] GC(249) Concurrent Select Relocation Set 3.761ms
[25.616s][info][gc,phases   ] GC(249) Pause Relocate Start 0.004ms
[25.620s][info][gc,phases   ] GC(249) Concurrent Relocate 3.816ms
[25.620s][info][gc,load     ] GC(249) Load: 0.00/0.00/0.00
[25.620s][info][gc,mmu      ] GC(249) MMU: 2ms/98.6%, 5ms/99.5%, 10ms/99.7%, 20ms/99.8%, 50ms/99.9%, 100ms/99.9%
[25.620s][info][gc,marking  ] GC(249) Mark: 4 stripe(s), 2 proactive flush(es), 1 terminate flush(es), 0 completion(s), 0 continuation(s) 
[25.620s][info][gc,marking  ] GC(249) Mark Stack Usage: 32M
[25.620s][info][gc,nmethod  ] GC(249) NMethods: 1353 registered, 47 unregistered
[25.620s][info][gc,metaspace] GC(249) Metaspace: 8M used, 8M committed, 1088M reserved
[25.620s][info][gc,ref      ] GC(249) Soft: 174 encountered, 0 discovered, 0 enqueued
[25.620s][info][gc,ref      ] GC(249) Weak: 570 encountered, 248 discovered, 0 enqueued
[25.620s][info][gc,ref      ] GC(249) Final: 0 encountered, 0 discovered, 0 enqueued
[25.620s][info][gc,ref      ] GC(249) Phantom: 21 encountered, 12 discovered, 0 enqueued
[25.620s][info][gc,reloc    ] GC(249) Small Pages: 20 / 40M, Empty: 0M, Relocated: 3M, In-Place: 0
[25.621s][info][gc,reloc    ] GC(249) Medium Pages: 2 / 32M, Empty: 0M, Relocated: 1M, In-Place: 0
[25.621s][info][gc,reloc    ] GC(249) Large Pages: 1 / 4M, Empty: 0M, Relocated: 0M, In-Place: 0
[25.621s][info][gc,reloc    ] GC(249) Forwarding Usage: 1M
[25.621s][info][gc,heap     ] GC(249) Min Capacity: 8M(2%)
[25.621s][info][gc,heap     ] GC(249) Max Capacity: 512M(100%)
[25.621s][info][gc,heap     ] GC(249) Soft Max Capacity: 512M(100%)
[25.621s][info][gc,heap     ] GC(249)                Mark Start          Mark End        Relocate Start      Relocate End           High               Low         
[25.621s][info][gc,heap     ] GC(249)  Capacity:      512M (100%)        512M (100%)        512M (100%)        512M (100%)        512M (100%)        512M (100%)   
[25.621s][info][gc,heap     ] GC(249)      Free:      436M (85%)         416M (81%)         412M (80%)         430M (84%)         436M (85%)         390M (76%)    
[25.621s][info][gc,heap     ] GC(249)      Used:       76M (15%)          96M (19%)         100M (20%)          82M (16%)         122M (24%)          76M (15%)    
[25.621s][info][gc,heap     ] GC(249)      Live:         -                32M (6%)           32M (6%)           32M (6%)             -                  -          
[25.621s][info][gc,heap     ] GC(249) Allocated:         -                20M (4%)           24M (5%)           25M (5%)             -                  -          
[25.621s][info][gc,heap     ] GC(249)   Garbage:         -                43M (8%)           43M (8%)           23M (5%)             -                  -          
[25.621s][info][gc,heap     ] GC(249) Reclaimed:         -                  -                 0M (0%)           19M (4%)             -                  -          
[25.621s][info][gc          ] GC(249) Garbage Collection (Allocation Rate) 76M(15%)->82M(16%)
[25.680s][info][gc,start    ] GC(250) Garbage Collection (Allocation Rate)
[25.680s][info][gc,task     ] GC(250) Using 5 workers
[25.680s][info][gc,phases   ] GC(250) Pause Mark Start 0.013ms
[25.687s][info][gc,phases   ] GC(250) Concurrent Mark 6.768ms
[25.687s][info][gc,phases   ] GC(250) Pause Mark End 0.013ms
[25.687s][info][gc,phases   ] GC(250) Concurrent Mark Free 0.001ms
[25.689s][info][gc,phases   ] GC(250) Concurrent Process Non-Strong References 1.151ms
[25.689s][info][gc,phases   ] GC(250) Concurrent Reset Relocation Set 0.002ms
[25.693s][info][gc,phases   ] GC(250) Concurrent Select Relocation Set 3.806ms
[25.693s][info][gc,phases   ] GC(250) Pause Relocate Start 0.007ms
[25.695s][info][gc,phases   ] GC(250) Concurrent Relocate 2.262ms
[25.695s][info][gc,load     ] GC(250) Load: 0.00/0.00/0.00
[25.695s][info][gc,mmu      ] GC(250) MMU: 2ms/98.6%, 5ms/99.5%, 10ms/99.7%, 20ms/99.8%, 50ms/99.9%, 100ms/99.9%
[25.695s][info][gc,marking  ] GC(250) Mark: 4 stripe(s), 3 proactive flush(es), 1 terminate flush(es), 0 completion(s), 0 continuation(s) 
[25.695s][info][gc,marking  ] GC(250) Mark Stack Usage: 32M
[25.695s][info][gc,nmethod  ] GC(250) NMethods: 1353 registered, 47 unregistered
[25.695s][info][gc,metaspace] GC(250) Metaspace: 8M used, 8M committed, 1088M reserved
[25.695s][info][gc,ref      ] GC(250) Soft: 174 encountered, 0 discovered, 0 enqueued
[25.695s][info][gc,ref      ] GC(250) Weak: 570 encountered, 169 discovered, 0 enqueued
[25.695s][info][gc,ref      ] GC(250) Final: 0 encountered, 0 discovered, 0 enqueued
[25.695s][info][gc,ref      ] GC(250) Phantom: 21 encountered, 16 discovered, 0 enqueued
[25.695s][info][gc,reloc    ] GC(250) Small Pages: 44 / 88M, Empty: 72M, Relocated: 1M, In-Place: 0
[25.695s][info][gc,reloc    ] GC(250) Medium Pages: 2 / 32M, Empty: 32M, Relocated: 0M, In-Place: 0
[25.695s][info][gc,reloc    ] GC(250) Large Pages: 1 / 4M, Empty: 4M, Relocated: 0M, In-Place: 0
[25.695s][info][gc,reloc    ] GC(250) Forwarding Usage: 0M
[25.695s][info][gc,heap     ] GC(250) Min Capacity: 8M(2%)
[25.695s][info][gc,heap     ] GC(250) Max Capacity: 512M(100%)
[25.696s][info][gc,heap     ] GC(250) Soft Max Capacity: 512M(100%)
[25.696s][info][gc,heap     ] GC(250)                Mark Start          Mark End        Relocate Start      Relocate End           High               Low         
[25.696s][info][gc,heap     ] GC(250)  Capacity:      512M (100%)        512M (100%)        512M (100%)        512M (100%)        512M (100%)        512M (100%)   
[25.696s][info][gc,heap     ] GC(250)      Free:      388M (76%)         386M (75%)         494M (96%)         496M (97%)         496M (97%)         386M (75%)    
[25.696s][info][gc,heap     ] GC(250)      Used:      124M (24%)         126M (25%)          18M (4%)           16M (3%)          126M (25%)          16M (3%)     
[25.696s][info][gc,heap     ] GC(250)      Live:         -                 4M (1%)            4M (1%)            4M (1%)             -                  -          
[25.696s][info][gc,heap     ] GC(250) Allocated:         -                 2M (0%)            2M (0%)            2M (0%)             -                  -          
[25.696s][info][gc,heap     ] GC(250)   Garbage:         -               119M (23%)          11M (2%)            9M (2%)             -                  -          
[25.696s][info][gc,heap     ] GC(250) Reclaimed:         -                  -               108M (21%)         110M (21%)            -                  -          
[25.696s][info][gc          ] GC(250) Garbage Collection (Allocation Rate) 124M(24%)->16M(3%)
[25.696s][info][gc,start    ] GC(251) Garbage Collection (System.gc())
[25.696s][info][gc,task     ] GC(251) Using 5 workers
[25.696s][info][gc,phases   ] GC(251) Pause Mark Start 0.008ms
[25.702s][info][gc,phases   ] GC(251) Concurrent Mark 6.230ms
[25.702s][info][gc,phases   ] GC(251) Pause Mark End 0.010ms
[25.702s][info][gc,phases   ] GC(251) Concurrent Mark Free 0.001ms
[25.703s][info][gc,phases   ] GC(251) Concurrent Process Non-Strong References 1.057ms
[25.704s][info][gc,phases   ] GC(251) Concurrent Reset Relocation Set 0.001ms
[25.707s][info][gc,phases   ] GC(251) Concurrent Select Relocation Set 3.498ms
[25.707s][info][gc,phases   ] GC(251) Pause Relocate Start 0.005ms
[25.709s][info][gc,phases   ] GC(251) Concurrent Relocate 2.275ms
[25.710s][info][gc,load     ] GC(251) Load: 0.00/0.00/0.00
[25.710s][info][gc,mmu      ] GC(251) MMU: 2ms/98.6%, 5ms/99.5%, 10ms/99.7%, 20ms/99.8%, 50ms/99.9%, 100ms/99.9%
[25.710s][info][gc,marking  ] GC(251) Mark: 4 stripe(s), 1 proactive flush(es), 1 terminate flush(es), 0 completion(s), 0 continuation(s) 
[25.710s][info][gc,marking  ] GC(251) Mark Stack Usage: 32M
[25.710s][info][gc,nmethod  ] GC(251) NMethods: 1353 registered, 47 unregistered
[25.710s][info][gc,metaspace] GC(251) Metaspace: 8M used, 8M committed, 1088M reserved
[25.710s][info][gc,ref      ] GC(251) Soft: 174 encountered, 0 discovered, 0 enqueued
[25.710s][info][gc,ref      ] GC(251) Weak: 570 encountered, 26 discovered, 0 enqueued
[25.710s][info][gc,ref      ] GC(251) Final: 0 encountered, 0 discovered, 0 enqueued
[25.710s][info][gc,ref      ] GC(251) Phantom: 21 encountered, 14 discovered, 0 enqueued
[25.710s][info][gc,reloc    ] GC(251) Small Pages: 8 / 16M, Empty: 2M, Relocated: 1M, In-Place: 0
[25.710s][info][gc,reloc    ] GC(251) Medium Pages: 0 / 0M, Empty: 0M, Relocated: 0M, In-Place: 0
[25.710s][info][gc,reloc    ] GC(251) Large Pages: 0 / 0M, Empty: 0M, Relocated: 0M, In-Place: 0
[25.710s][info][gc,reloc    ] GC(251) Forwarding Usage: 0M
[25.710s][info][gc,heap     ] GC(251) Min Capacity: 8M(2%)
[25.710s][info][gc,heap     ] GC(251) Max Capacity: 512M(100%)
[25.710s][info][gc,heap     ] GC(251) Soft Max Capacity: 512M(100%)
[25.710s][info][gc,heap     ] GC(251)                Mark Start          Mark End        Relocate Start      Relocate End           High               Low         
[25.710s][info][gc,heap     ] GC(251)  Capacity:      512M (100%)        512M (100%)        512M (100%)        512M (100%)        512M (100%)        512M (100%)   
[25.710s][info][gc,heap     ] GC(251)      Free:      496M (97%)         496M (97%)         498M (97%)         498M (97%)         498M (97%)         488M (95%)    
[25.710s][info][gc,heap     ] GC(251)      Used:       16M (3%)           16M (3%)           14M (3%)           14M (3%)           24M (5%)           14M (3%)     
[25.710s][info][gc,heap     ] GC(251)      Live:         -                 4M (1%)            4M (1%)            4M (1%)             -                  -          
[25.710s][info][gc,heap     ] GC(251) Allocated:         -                 0M (0%)            0M (0%)            0M (0%)             -                  -          
[25.710s][info][gc,heap     ] GC(251)   Garbage:         -                11M (2%)            9M (2%)            9M (2%)             -                  -          
[25.710s][info][gc,heap     ] GC(251) Reclaimed:         -                  -                 2M (0%)            2M (0%)             -                  -          
[25.710s][info][gc          ] GC(251) Garbage Collection (System.gc()) 16M(3%)->14M(3%)
[25.780s][info][gc,start    ] GC(252) Garbage Collection (Allocation Rate)
[25.780s][info][gc,task     ] GC(252) Using 5 workers
[25.780s][info][gc,phases   ] GC(252) Pause Mark Start 0.013ms
[25.787s][info][gc,phases   ] GC(252) Concurrent Mark 6.670ms
[25.787s][info][gc,phases   ] GC(252) Pause Mark End 0.013ms
[25.787s][info][gc,phases   ] GC(252) Concurrent Mark Free 0.001ms
[25.788s][info][gc,phases   ] GC(252) Concurrent Process Non-Strong References 1.131ms
[25.789s][info][gc,phases   ] GC(252) Concurrent Reset Relocation Set 0.001ms
[25.793s][info][gc,phases   ] GC(252) Concurrent Select Relocation Set 4.629ms
[25.793s][info][gc,phases   ] GC(252) Pause Relocate Start 0.006ms
[25.796s][info][gc,phases   ] GC(252) Concurrent Relocate 2.498ms
[25.796s][info][gc,load     ] GC(252) Load: 0.00/0.00/0.00
[25.796s][info][gc,mmu      ] GC(252) MMU: 2ms/98.6%, 5ms/99.5%, 10ms/99.7%, 20ms/99.8%, 50ms/99.9%, 100ms/99.9%
[25.796s][info][gc,marking  ] GC(252) Mark: 4 stripe(s), 3 proactive flush(es), 1 terminate flush(es), 0 completion(s), 0 continuation(s) 
[25.796s][info][gc,marking  ] GC(252) Mark Stack Usage: 32M
[25.796s][info][gc,nmethod  ] GC(252) NMethods: 1353 registered, 47 unregistered
[25.796s][info][gc,metaspace] GC(252) Metaspace: 8M used, 8M committed, 1088M reserved
[25.796s][info][gc,ref      ] GC(252) Soft: 174 encountered, 0 discovered, 0 enqueued
[25.796s][info][gc,ref      ] GC(252) Weak: 570 encountered, 17 discovered, 0 enqueued
[25.796s][info][gc,ref      ] GC(252) Final: 0 encountered, 0 discovered, 0 enqueued
[25.796s][info][gc,ref      ] GC(252) Phantom: 21 encountered, 11 discovered, 0 enqueued
[25.796s][info][gc,reloc    ] GC(252) Small Pages: 86 / 172M, Empty: 150M, Relocated: 1M, In-Place: 0
[25.796s][info][gc,reloc    ] GC(252) Medium Pages: 0 / 0M, Empty: 0M, Relocated: 0M, In-Place: 0
[25.796s][info][gc,reloc    ] GC(252) Large Pages: 0 / 0M, Empty: 0M, Relocated: 0M, In-Place: 0
[25.796s][info][gc,reloc    ] GC(252) Forwarding Usage: 0M
[25.796s][info][gc,heap     ] GC(252) Min Capacity: 8M(2%)
[25.796s][info][gc,heap     ] GC(252) Max Capacity: 512M(100%)
[25.796s][info][gc,heap     ] GC(252) Soft Max Capacity: 512M(100%)
[25.796s][info][gc,heap     ] GC(252)                Mark Start          Mark End        Relocate Start      Relocate End           High               Low         
[25.796s][info][gc,heap     ] GC(252)  Capacity:      512M (100%)        512M (100%)        512M (100%)        512M (100%)        512M (100%)        512M (100%)   
[25.796s][info][gc,heap     ] GC(252)      Free:      340M (66%)         320M (63%)         454M (89%)         456M (89%)         458M (89%)         316M (62%)    
[25.797s][info][gc,heap     ] GC(252)      Used:      172M (34%)         192M (38%)          58M (11%)          56M (11%)         196M (38%)          54M (11%)    
[25.797s][info][gc,heap     ] GC(252)      Live:         -                 4M (1%)            4M (1%)            4M (1%)             -                  -          
[25.797s][info][gc,heap     ] GC(252) Allocated:         -                20M (4%)           36M (7%)           41M (8%)             -                  -          
[25.797s][info][gc,heap     ] GC(252)   Garbage:         -               167M (33%)          17M (3%)            9M (2%)             -                  -          
[25.797s][info][gc,heap     ] GC(252) Reclaimed:         -                  -               150M (29%)         157M (31%)            -                  -          
[25.797s][info][gc          ] GC(252) Garbage Collection (Allocation Rate) 172M(34%)->56M(11%)
[25.883s][info][gc,start    ] GC(253) Garbage Collection (Allocation Rate)
[25.883s][info][gc,task     ] GC(253) Using 5 workers
[25.883s][info][gc,phases   ] GC(253) Pause Mark Start 0.012ms
[25.898s][info][gc,phases   ] GC(253) Concurrent Mark 15.336ms
[25.899s][info][gc,phases   ] GC(253) Pause Mark End 0.013ms
[25.899s][info][gc,phases   ] GC(253) Concurrent Mark Free 0.001ms
[25.900s][info][gc,phases   ] GC(253) Concurrent Process Non-Strong References 1.125ms
[25.900s][info][gc,phases   ] GC(253) Concurrent Reset Relocation Set 0.002ms
[25.903s][info][gc,phases   ] GC(253) Concurrent Select Relocation Set 3.560ms
[25.903s][info][gc,phases   ] GC(253) Pause Relocate Start 0.006ms
[25.905s][info][gc,phases   ] GC(253) Concurrent Relocate 1.036ms
[25.905s][info][gc,load     ] GC(253) Load: 0.00/0.00/0.00
[25.905s][info][gc,mmu      ] GC(253) MMU: 2ms/98.6%, 5ms/99.5%, 10ms/99.7%, 20ms/99.8%, 50ms/99.9%, 100ms/99.9%
[25.905s][info][gc,marking  ] GC(253) Mark: 4 stripe(s), 2 proactive flush(es), 1 terminate flush(es), 0 completion(s), 0 continuation(s) 
[25.905s][info][gc,marking  ] GC(253) Mark Stack Usage: 32M
[25.905s][info][gc,nmethod  ] GC(253) NMethods: 1353 registered, 47 unregistered
[25.905s][info][gc,metaspace] GC(253) Metaspace: 8M used, 8M committed, 1088M reserved
[25.905s][info][gc,ref      ] GC(253) Soft: 174 encountered, 0 discovered, 0 enqueued
[25.905s][info][gc,ref      ] GC(253) Weak: 570 encountered, 26 discovered, 0 enqueued
[25.905s][info][gc,ref      ] GC(253) Final: 0 encountered, 0 discovered, 0 enqueued
[25.905s][info][gc,ref      ] GC(253) Phantom: 21 encountered, 12 discovered, 0 enqueued
[25.905s][info][gc,reloc    ] GC(253) Small Pages: 146 / 292M, Empty: 264M, Relocated: 1M, In-Place: 0
[25.905s][info][gc,reloc    ] GC(253) Medium Pages: 0 / 0M, Empty: 0M, Relocated: 0M, In-Place: 0
[25.905s][info][gc,reloc    ] GC(253) Large Pages: 0 / 0M, Empty: 0M, Relocated: 0M, In-Place: 0
[25.905s][info][gc,reloc    ] GC(253) Forwarding Usage: 0M
[25.905s][info][gc,heap     ] GC(253) Min Capacity: 8M(2%)
[25.905s][info][gc,heap     ] GC(253) Max Capacity: 512M(100%)
[25.905s][info][gc,heap     ] GC(253) Soft Max Capacity: 512M(100%)
[25.905s][info][gc,heap     ] GC(253)                Mark Start          Mark End        Relocate Start      Relocate End           High               Low         
[25.905s][info][gc,heap     ] GC(253)  Capacity:      512M (100%)        512M (100%)        512M (100%)        512M (100%)        512M (100%)        512M (100%)   
[25.905s][info][gc,heap     ] GC(253)      Free:      220M (43%)         178M (35%)         428M (84%)         438M (86%)         438M (86%)         174M (34%)    
[25.905s][info][gc,heap     ] GC(253)      Used:      292M (57%)         334M (65%)          84M (16%)          74M (14%)         338M (66%)          74M (14%)    
[25.905s][info][gc,heap     ] GC(253)      Live:         -                 5M (1%)            5M (1%)            5M (1%)             -                  -          
[25.905s][info][gc,heap     ] GC(253) Allocated:         -                42M (8%)           56M (11%)          57M (11%)            -                  -          
[25.905s][info][gc,heap     ] GC(253)   Garbage:         -               286M (56%)          22M (4%)           10M (2%)             -                  -          
[25.905s][info][gc,heap     ] GC(253) Reclaimed:         -                  -               264M (52%)         275M (54%)            -                  -          
[25.905s][info][gc          ] GC(253) Garbage Collection (Allocation Rate) 292M(57%)->74M(14%)
[25.992s][info][gc,start    ] GC(254) Garbage Collection (Allocation Rate)
[25.992s][info][gc,task     ] GC(254) Using 5 workers
[25.992s][info][gc,phases   ] GC(254) Pause Mark Start 0.010ms
[26.008s][info][gc,phases   ] GC(254) Concurrent Mark 15.325ms
[26.008s][info][gc,phases   ] GC(254) Pause Mark End 0.015ms
[26.008s][info][gc,phases   ] GC(254) Concurrent Mark Free 0.001ms
[26.009s][info][gc,phases   ] GC(254) Concurrent Process Non-Strong References 1.076ms
[26.009s][info][gc,phases   ] GC(254) Concurrent Reset Relocation Set 0.003ms
[26.014s][info][gc,phases   ] GC(254) Concurrent Select Relocation Set 4.713ms
[26.014s][info][gc,phases   ] GC(254) Pause Relocate Start 0.007ms
[26.017s][info][gc,phases   ] GC(254) Concurrent Relocate 3.228ms
[26.017s][info][gc,load     ] GC(254) Load: 0.00/0.00/0.00
[26.017s][info][gc,mmu      ] GC(254) MMU: 2ms/98.6%, 5ms/99.5%, 10ms/99.7%, 20ms/99.8%, 50ms/99.9%, 100ms/99.9%
[26.017s][info][gc,marking  ] GC(254) Mark: 4 stripe(s), 2 proactive flush(es), 1 terminate flush(es), 0 completion(s), 0 continuation(s) 
[26.017s][info][gc,marking  ] GC(254) Mark Stack Usage: 32M
[26.017s][info][gc,nmethod  ] GC(254) NMethods: 1353 registered, 47 unregistered
[26.017s][info][gc,metaspace] GC(254) Metaspace: 8M used, 8M committed, 1088M reserved
[26.017s][info][gc,ref      ] GC(254) Soft: 174 encountered, 0 discovered, 0 enqueued
[26.018s][info][gc,ref      ] GC(254) Weak: 570 encountered, 157 discovered, 0 enqueued
[26.018s][info][gc,ref      ] GC(254) Final: 0 encountered, 0 discovered, 0 enqueued
[26.018s][info][gc,ref      ] GC(254) Phantom: 21 encountered, 18 discovered, 0 enqueued
[26.018s][info][gc,reloc    ] GC(254) Small Pages: 146 / 292M, Empty: 264M, Relocated: 3M, In-Place: 0
[26.018s][info][gc,reloc    ] GC(254) Medium Pages: 1 / 16M, Empty: 0M, Relocated: 0M, In-Place: 0
[26.018s][info][gc,reloc    ] GC(254) Large Pages: 0 / 0M, Empty: 0M, Relocated: 0M, In-Place: 0
[26.018s][info][gc,reloc    ] GC(254) Forwarding Usage: 1M
[26.018s][info][gc,heap     ] GC(254) Min Capacity: 8M(2%)
[26.018s][info][gc,heap     ] GC(254) Max Capacity: 512M(100%)
[26.018s][info][gc,heap     ] GC(254) Soft Max Capacity: 512M(100%)
[26.018s][info][gc,heap     ] GC(254)                Mark Start          Mark End        Relocate Start      Relocate End           High               Low         
[26.018s][info][gc,heap     ] GC(254)  Capacity:      512M (100%)        512M (100%)        512M (100%)        512M (100%)        512M (100%)        512M (100%)   
[26.018s][info][gc,heap     ] GC(254)      Free:      204M (40%)         162M (32%)         408M (80%)         414M (81%)         416M (81%)         158M (31%)    
[26.018s][info][gc,heap     ] GC(254)      Used:      308M (60%)         350M (68%)         104M (20%)          98M (19%)         354M (69%)          96M (19%)    
[26.018s][info][gc,heap     ] GC(254)      Live:         -                 6M (1%)            6M (1%)            6M (1%)             -                  -          
[26.018s][info][gc,heap     ] GC(254) Allocated:         -                42M (8%)           60M (12%)          67M (13%)            -                  -          
[26.018s][info][gc,heap     ] GC(254)   Garbage:         -               301M (59%)          37M (7%)           23M (5%)             -                  -          
[26.018s][info][gc,heap     ] GC(254) Reclaimed:         -                  -               264M (52%)         277M (54%)            -                  -          
[26.018s][info][gc          ] GC(254) Garbage Collection (Allocation Rate) 308M(60%)->98M(19%)
[26.086s][info][gc,start    ] GC(255) Garbage Collection (Allocation Rate)
[26.086s][info][gc,task     ] GC(255) Using 5 workers
[26.086s][info][gc,phases   ] GC(255) Pause Mark Start 0.011ms
[26.101s][info][gc,phases   ] GC(255) Concurrent Mark 15.418ms
[26.102s][info][gc,phases   ] GC(255) Pause Mark End 0.015ms
[26.102s][info][gc,phases   ] GC(255) Concurrent Mark Free 0.001ms
[26.103s][info][gc,phases   ] GC(255) Concurrent Process Non-Strong References 1.166ms
[26.103s][info][gc,phases   ] GC(255) Concurrent Reset Relocation Set 0.002ms
[26.107s][info][gc,phases   ] GC(255) Concurrent Select Relocation Set 3.765ms
[26.107s][info][gc,phases   ] GC(255) Pause Relocate Start 0.007ms
[26.108s][info][gc,phases   ] GC(255) Concurrent Relocate 0.998ms
[26.108s][info][gc,load     ] GC(255) Load: 0.00/0.00/0.00
[26.108s][info][gc,mmu      ] GC(255) MMU: 2ms/98.6%, 5ms/99.5%, 10ms/99.7%, 20ms/99.8%, 50ms/99.9%, 100ms/99.9%
[26.108s][info][gc,marking  ] GC(255) Mark: 4 stripe(s), 2 proactive flush(es), 1 terminate flush(es), 0 completion(s), 0 continuation(s) 
[26.108s][info][gc,marking  ] GC(255) Mark Stack Usage: 32M
[26.108s][info][gc,nmethod  ] GC(255) NMethods: 1353 registered, 47 unregistered
[26.108s][info][gc,metaspace] GC(255) Metaspace: 8M used, 8M committed, 1088M reserved
[26.108s][info][gc,ref      ] GC(255) Soft: 174 encountered, 0 discovered, 0 enqueued
[26.108s][info][gc,ref      ] GC(255) Weak: 570 encountered, 281 discovered, 0 enqueued
[26.108s][info][gc,ref      ] GC(255) Final: 0 encountered, 0 discovered, 0 enqueued
[26.108s][info][gc,ref      ] GC(255) Phantom: 21 encountered, 14 discovered, 0 enqueued
[26.108s][info][gc,reloc    ] GC(255) Small Pages: 134 / 268M, Empty: 236M, Relocated: 1M, In-Place: 0
[26.108s][info][gc,reloc    ] GC(255) Medium Pages: 1 / 16M, Empty: 0M, Relocated: 0M, In-Place: 0
[26.108s][info][gc,reloc    ] GC(255) Large Pages: 0 / 0M, Empty: 0M, Relocated: 0M, In-Place: 0
[26.108s][info][gc,reloc    ] GC(255) Forwarding Usage: 0M
[26.108s][info][gc,heap     ] GC(255) Min Capacity: 8M(2%)
[26.108s][info][gc,heap     ] GC(255) Max Capacity: 512M(100%)
[26.108s][info][gc,heap     ] GC(255) Soft Max Capacity: 512M(100%)
[26.108s][info][gc,heap     ] GC(255)                Mark Start          Mark End        Relocate Start      Relocate End           High               Low         
[26.108s][info][gc,heap     ] GC(255)  Capacity:      512M (100%)        512M (100%)        512M (100%)        512M (100%)        512M (100%)        512M (100%)   
[26.109s][info][gc,heap     ] GC(255)      Free:      228M (45%)         186M (36%)         406M (79%)         420M (82%)         420M (82%)         182M (36%)    
[26.109s][info][gc,heap     ] GC(255)      Used:      284M (55%)         326M (64%)         106M (21%)          92M (18%)         330M (64%)          92M (18%)    
[26.109s][info][gc,heap     ] GC(255)      Live:         -                 7M (1%)            7M (1%)            7M (1%)             -                  -          
[26.109s][info][gc,heap     ] GC(255) Allocated:         -                42M (8%)           58M (11%)          57M (11%)            -                  -          
[26.109s][info][gc,heap     ] GC(255)   Garbage:         -               276M (54%)          40M (8%)           26M (5%)             -                  -          
[26.109s][info][gc,heap     ] GC(255) Reclaimed:         -                  -               236M (46%)         249M (49%)            -                  -          
[26.109s][info][gc          ] GC(255) Garbage Collection (Allocation Rate) 284M(55%)->92M(18%)
[26.195s][info][gc,start    ] GC(256) Garbage Collection (Allocation Rate)
[26.195s][info][gc,task     ] GC(256) Using 5 workers
[26.195s][info][gc,phases   ] GC(256) Pause Mark Start 0.010ms
[26.211s][info][gc,phases   ] GC(256) Concurrent Mark 15.349ms
[26.211s][info][gc,phases   ] GC(256) Pause Mark End 0.012ms
[26.211s][info][gc,phases   ] GC(256) Concurrent Mark Free 0.001ms
[26.212s][info][gc,phases   ] GC(256) Concurrent Process Non-Strong References 1.067ms
[26.212s][info][gc,phases   ] GC(256) Concurrent Reset Relocation Set 0.002ms
[26.217s][info][gc,phases   ] GC(256) Concurrent Select Relocation Set 5.134ms
[26.217s][info][gc,phases   ] GC(256) Pause Relocate Start 0.006ms
[26.220s][info][gc,phases   ] GC(256) Concurrent Relocate 2.455ms
[26.220s][info][gc,load     ] GC(256) Load: 0.00/0.00/0.00
[26.220s][info][gc,mmu      ] GC(256) MMU: 2ms/98.6%, 5ms/99.5%, 10ms/99.7%, 20ms/99.8%, 50ms/99.9%, 100ms/99.9%
[26.220s][info][gc,marking  ] GC(256) Mark: 4 stripe(s), 2 proactive flush(es), 1 terminate flush(es), 0 completion(s), 0 continuation(s) 
[26.220s][info][gc,marking  ] GC(256) Mark Stack Usage: 32M
[26.220s][info][gc,nmethod  ] GC(256) NMethods: 1353 registered, 47 unregistered
[26.220s][info][gc,metaspace] GC(256) Metaspace: 8M used, 8M committed, 1088M reserved
[26.220s][info][gc,ref      ] GC(256) Soft: 174 encountered, 0 discovered, 0 enqueued
[26.220s][info][gc,ref      ] GC(256) Weak: 570 encountered, 136 discovered, 0 enqueued
[26.220s][info][gc,ref      ] GC(256) Final: 0 encountered, 0 discovered, 0 enqueued
[26.220s][info][gc,ref      ] GC(256) Phantom: 21 encountered, 19 discovered, 0 enqueued
[26.220s][info][gc,reloc    ] GC(256) Small Pages: 147 / 294M, Empty: 266M, Relocated: 3M, In-Place: 0
[26.220s][info][gc,reloc    ] GC(256) Medium Pages: 1 / 16M, Empty: 0M, Relocated: 0M, In-Place: 0
[26.220s][info][gc,reloc    ] GC(256) Large Pages: 0 / 0M, Empty: 0M, Relocated: 0M, In-Place: 0
[26.220s][info][gc,reloc    ] GC(256) Forwarding Usage: 1M
[26.220s][info][gc,heap     ] GC(256) Min Capacity: 8M(2%)
[26.220s][info][gc,heap     ] GC(256) Max Capacity: 512M(100%)
[26.220s][info][gc,heap     ] GC(256) Soft Max Capacity: 512M(100%)
[26.220s][info][gc,heap     ] GC(256)                Mark Start          Mark End        Relocate Start      Relocate End           High               Low         
[26.220s][info][gc,heap     ] GC(256)  Capacity:      512M (100%)        512M (100%)        512M (100%)        512M (100%)        512M (100%)        512M (100%)   
[26.221s][info][gc,heap     ] GC(256)      Free:      202M (39%)         158M (31%)         408M (80%)         412M (80%)         414M (81%)         156M (30%)    
[26.221s][info][gc,heap     ] GC(256)      Used:      310M (61%)         354M (69%)         104M (20%)         100M (20%)         356M (70%)          98M (19%)    
[26.221s][info][gc,heap     ] GC(256)      Live:         -                 7M (2%)            7M (2%)            7M (2%)             -                  -          
[26.221s][info][gc,heap     ] GC(256) Allocated:         -                44M (9%)           60M (12%)          67M (13%)            -                  -          
[26.221s][info][gc,heap     ] GC(256)   Garbage:         -               302M (59%)          36M (7%)           24M (5%)             -                  -          
[26.221s][info][gc,heap     ] GC(256) Reclaimed:         -                  -               266M (52%)         277M (54%)            -                  -          
[26.221s][info][gc          ] GC(256) Garbage Collection (Allocation Rate) 310M(61%)->100M(20%)
[26.289s][info][gc,start    ] GC(257) Garbage Collection (Allocation Rate)
[26.289s][info][gc,task     ] GC(257) Using 5 workers
[26.289s][info][gc,phases   ] GC(257) Pause Mark Start 0.009ms
[26.320s][info][gc,phases   ] GC(257) Concurrent Mark 31.060ms
[26.320s][info][gc,phases   ] GC(257) Pause Mark End 0.013ms
[26.320s][info][gc,phases   ] GC(257) Concurrent Mark Free 0.001ms
[26.322s][info][gc,phases   ] GC(257) Concurrent Process Non-Strong References 1.104ms
[26.322s][info][gc,phases   ] GC(257) Concurrent Reset Relocation Set 0.002ms
[26.328s][info][gc,phases   ] GC(257) Concurrent Select Relocation Set 5.944ms
[26.328s][info][gc,phases   ] GC(257) Pause Relocate Start 0.007ms
[26.331s][info][gc,phases   ] GC(257) Concurrent Relocate 3.672ms
[26.331s][info][gc,load     ] GC(257) Load: 0.00/0.00/0.00
[26.331s][info][gc,mmu      ] GC(257) MMU: 2ms/98.6%, 5ms/99.5%, 10ms/99.7%, 20ms/99.8%, 50ms/99.9%, 100ms/99.9%
[26.332s][info][gc,marking  ] GC(257) Mark: 4 stripe(s), 2 proactive flush(es), 1 terminate flush(es), 0 completion(s), 0 continuation(s) 
[26.332s][info][gc,marking  ] GC(257) Mark Stack Usage: 32M
[26.332s][info][gc,nmethod  ] GC(257) NMethods: 1353 registered, 47 unregistered
[26.332s][info][gc,metaspace] GC(257) Metaspace: 8M used, 8M committed, 1088M reserved
[26.332s][info][gc,ref      ] GC(257) Soft: 174 encountered, 0 discovered, 0 enqueued
[26.332s][info][gc,ref      ] GC(257) Weak: 570 encountered, 75 discovered, 0 enqueued
[26.332s][info][gc,ref      ] GC(257) Final: 0 encountered, 0 discovered, 0 enqueued
[26.332s][info][gc,ref      ] GC(257) Phantom: 21 encountered, 16 discovered, 0 enqueued
[26.332s][info][gc,reloc    ] GC(257) Small Pages: 136 / 272M, Empty: 236M, Relocated: 5M, In-Place: 0
[26.332s][info][gc,reloc    ] GC(257) Medium Pages: 1 / 16M, Empty: 0M, Relocated: 0M, In-Place: 0
[26.332s][info][gc,reloc    ] GC(257) Large Pages: 0 / 0M, Empty: 0M, Relocated: 0M, In-Place: 0
[26.332s][info][gc,reloc    ] GC(257) Forwarding Usage: 2M
[26.332s][info][gc,heap     ] GC(257) Min Capacity: 8M(2%)
[26.332s][info][gc,heap     ] GC(257) Max Capacity: 512M(100%)
[26.332s][info][gc,heap     ] GC(257) Soft Max Capacity: 512M(100%)
[26.332s][info][gc,heap     ] GC(257)                Mark Start          Mark End        Relocate Start      Relocate End           High               Low         
[26.332s][info][gc,heap     ] GC(257)  Capacity:      512M (100%)        512M (100%)        512M (100%)        512M (100%)        512M (100%)        512M (100%)   
[26.332s][info][gc,heap     ] GC(257)      Free:      224M (44%)         140M (27%)         356M (70%)         368M (72%)         368M (72%)         136M (27%)    
[26.332s][info][gc,heap     ] GC(257)      Used:      288M (56%)         372M (73%)         156M (30%)         144M (28%)         376M (73%)         144M (28%)    
[26.332s][info][gc,heap     ] GC(257)      Live:         -                 8M (2%)            8M (2%)            8M (2%)             -                  -          
[26.332s][info][gc,heap     ] GC(257) Allocated:         -                84M (16%)         104M (20%)         113M (22%)            -                  -          
[26.332s][info][gc,heap     ] GC(257)   Garbage:         -               279M (55%)          43M (8%)           21M (4%)             -                  -          
[26.332s][info][gc,heap     ] GC(257) Reclaimed:         -                  -               236M (46%)         257M (50%)            -                  -          
[26.332s][info][gc          ] GC(257) Garbage Collection (Allocation Rate) 288M(56%)->144M(28%)
[26.383s][info][gc,start    ] GC(258) Garbage Collection (Allocation Rate)
[26.383s][info][gc,task     ] GC(258) Using 5 workers
[26.383s][info][gc,phases   ] GC(258) Pause Mark Start 0.012ms
[26.398s][info][gc,phases   ] GC(258) Concurrent Mark 15.274ms
[26.398s][info][gc,phases   ] GC(258) Pause Mark End 0.015ms
[26.398s][info][gc,phases   ] GC(258) Concurrent Mark Free 0.001ms
[26.400s][info][gc,phases   ] GC(258) Concurrent Process Non-Strong References 1.006ms
[26.400s][info][gc,phases   ] GC(258) Concurrent Reset Relocation Set 0.003ms
[26.403s][info][gc,phases   ] GC(258) Concurrent Select Relocation Set 3.721ms
[26.403s][info][gc,phases   ] GC(258) Pause Relocate Start 0.007ms
[26.406s][info][gc,phases   ] GC(258) Concurrent Relocate 2.915ms
[26.406s][info][gc,load     ] GC(258) Load: 0.00/0.00/0.00
[26.406s][info][gc,mmu      ] GC(258) MMU: 2ms/98.6%, 5ms/99.5%, 10ms/99.7%, 20ms/99.8%, 50ms/99.9%, 100ms/99.9%
[26.407s][info][gc,marking  ] GC(258) Mark: 4 stripe(s), 2 proactive flush(es), 1 terminate flush(es), 0 completion(s), 0 continuation(s) 
[26.407s][info][gc,marking  ] GC(258) Mark Stack Usage: 32M
[26.407s][info][gc,nmethod  ] GC(258) NMethods: 1353 registered, 47 unregistered
[26.407s][info][gc,metaspace] GC(258) Metaspace: 8M used, 8M committed, 1088M reserved
[26.407s][info][gc,ref      ] GC(258) Soft: 174 encountered, 0 discovered, 0 enqueued
[26.407s][info][gc,ref      ] GC(258) Weak: 570 encountered, 27 discovered, 0 enqueued
[26.407s][info][gc,ref      ] GC(258) Final: 0 encountered, 0 discovered, 0 enqueued
[26.407s][info][gc,ref      ] GC(258) Phantom: 21 encountered, 18 discovered, 0 enqueued
[26.407s][info][gc,reloc    ] GC(258) Small Pages: 115 / 230M, Empty: 210M, Relocated: 3M, In-Place: 0
[26.407s][info][gc,reloc    ] GC(258) Medium Pages: 1 / 16M, Empty: 0M, Relocated: 0M, In-Place: 0
[26.407s][info][gc,reloc    ] GC(258) Large Pages: 0 / 0M, Empty: 0M, Relocated: 0M, In-Place: 0
[26.407s][info][gc,reloc    ] GC(258) Forwarding Usage: 1M
[26.407s][info][gc,heap     ] GC(258) Min Capacity: 8M(2%)
[26.407s][info][gc,heap     ] GC(258) Max Capacity: 512M(100%)
[26.407s][info][gc,heap     ] GC(258) Soft Max Capacity: 512M(100%)
[26.407s][info][gc,heap     ] GC(258)                Mark Start          Mark End        Relocate Start      Relocate End           High               Low         
[26.407s][info][gc,heap     ] GC(258)  Capacity:      512M (100%)        512M (100%)        512M (100%)        512M (100%)        512M (100%)        512M (100%)   
[26.407s][info][gc,heap     ] GC(258)      Free:      266M (52%)         244M (48%)         452M (88%)         454M (89%)         454M (89%)         244M (48%)    
[26.407s][info][gc,heap     ] GC(258)      Used:      246M (48%)         268M (52%)          60M (12%)          58M (11%)         268M (52%)          58M (11%)    
[26.407s][info][gc,heap     ] GC(258)      Live:         -                 9M (2%)            9M (2%)            9M (2%)             -                  -          
[26.407s][info][gc,heap     ] GC(258) Allocated:         -                22M (4%)           24M (5%)           23M (5%)             -                  -          
[26.407s][info][gc,heap     ] GC(258)   Garbage:         -               236M (46%)          26M (5%)           24M (5%)             -                  -          
[26.407s][info][gc,heap     ] GC(258) Reclaimed:         -                  -               210M (41%)         211M (41%)            -                  -          
[26.407s][info][gc          ] GC(258) Garbage Collection (Allocation Rate) 246M(48%)->58M(11%)
[26.492s][info][gc,start    ] GC(259) Garbage Collection (Allocation Rate)
[26.492s][info][gc,task     ] GC(259) Using 5 workers
[26.492s][info][gc,phases   ] GC(259) Pause Mark Start 0.015ms
[26.523s][info][gc,phases   ] GC(259) Concurrent Mark 30.943ms
[26.523s][info][gc,phases   ] GC(259) Pause Mark End 0.015ms
[26.523s][info][gc,phases   ] GC(259) Concurrent Mark Free 0.001ms
[26.525s][info][gc,phases   ] GC(259) Concurrent Process Non-Strong References 1.151ms
[26.525s][info][gc,phases   ] GC(259) Concurrent Reset Relocation Set 0.002ms
[26.530s][info][gc,phases   ] GC(259) Concurrent Select Relocation Set 5.606ms
[26.530s][info][gc,phases   ] GC(259) Pause Relocate Start 0.006ms
[26.534s][info][gc,phases   ] GC(259) Concurrent Relocate 3.461ms
[26.534s][info][gc,load     ] GC(259) Load: 0.00/0.00/0.00
[26.534s][info][gc,mmu      ] GC(259) MMU: 2ms/98.6%, 5ms/99.5%, 10ms/99.7%, 20ms/99.8%, 50ms/99.9%, 100ms/99.9%
[26.534s][info][gc,marking  ] GC(259) Mark: 4 stripe(s), 3 proactive flush(es), 1 terminate flush(es), 0 completion(s), 0 continuation(s) 
[26.534s][info][gc,marking  ] GC(259) Mark Stack Usage: 32M
[26.534s][info][gc,nmethod  ] GC(259) NMethods: 1353 registered, 47 unregistered
[26.534s][info][gc,metaspace] GC(259) Metaspace: 8M used, 8M committed, 1088M reserved
[26.534s][info][gc,ref      ] GC(259) Soft: 174 encountered, 0 discovered, 0 enqueued
[26.534s][info][gc,ref      ] GC(259) Weak: 570 encountered, 55 discovered, 0 enqueued
[26.534s][info][gc,ref      ] GC(259) Final: 0 encountered, 0 discovered, 0 enqueued
[26.534s][info][gc,ref      ] GC(259) Phantom: 21 encountered, 14 discovered, 0 enqueued
[26.534s][info][gc,reloc    ] GC(259) Small Pages: 117 / 234M, Empty: 196M, Relocated: 3M, In-Place: 0
[26.534s][info][gc,reloc    ] GC(259) Medium Pages: 2 / 32M, Empty: 16M, Relocated: 0M, In-Place: 0
[26.534s][info][gc,reloc    ] GC(259) Large Pages: 0 / 0M, Empty: 0M, Relocated: 0M, In-Place: 0
[26.534s][info][gc,reloc    ] GC(259) Forwarding Usage: 1M
[26.534s][info][gc,heap     ] GC(259) Min Capacity: 8M(2%)
[26.534s][info][gc,heap     ] GC(259) Max Capacity: 512M(100%)
[26.534s][info][gc,heap     ] GC(259) Soft Max Capacity: 512M(100%)
[26.535s][info][gc,heap     ] GC(259)                Mark Start          Mark End        Relocate Start      Relocate End           High               Low         
[26.535s][info][gc,heap     ] GC(259)  Capacity:      512M (100%)        512M (100%)        512M (100%)        512M (100%)        512M (100%)        512M (100%)   
[26.535s][info][gc,heap     ] GC(259)      Free:      246M (48%)         172M (34%)         366M (71%)         376M (73%)         380M (74%)         170M (33%)    
[26.535s][info][gc,heap     ] GC(259)      Used:      266M (52%)         340M (66%)         146M (29%)         136M (27%)         342M (67%)         132M (26%)    
[26.535s][info][gc,heap     ] GC(259)      Live:         -                10M (2%)           10M (2%)           10M (2%)             -                  -          
[26.535s][info][gc,heap     ] GC(259) Allocated:         -                74M (14%)          92M (18%)         101M (20%)            -                  -          
[26.535s][info][gc,heap     ] GC(259)   Garbage:         -               255M (50%)          43M (9%)           24M (5%)             -                  -          
[26.535s][info][gc,heap     ] GC(259) Reclaimed:         -                  -               212M (41%)         231M (45%)            -                  -          
[26.535s][info][gc          ] GC(259) Garbage Collection (Allocation Rate) 266M(52%)->136M(27%)
[26.586s][info][gc,start    ] GC(260) Garbage Collection (Allocation Rate)
[26.586s][info][gc,task     ] GC(260) Using 5 workers
[26.586s][info][gc,phases   ] GC(260) Pause Mark Start 0.010ms
[26.617s][info][gc,phases   ] GC(260) Concurrent Mark 31.026ms
[26.617s][info][gc,phases   ] GC(260) Pause Mark End 0.015ms
[26.617s][info][gc,phases   ] GC(260) Concurrent Mark Free 0.001ms
[26.618s][info][gc,phases   ] GC(260) Concurrent Process Non-Strong References 1.031ms
[26.618s][info][gc,phases   ] GC(260) Concurrent Reset Relocation Set 0.002ms
[26.622s][info][gc,phases   ] GC(260) Concurrent Select Relocation Set 3.779ms
[26.622s][info][gc,phases   ] GC(260) Pause Relocate Start 0.006ms
[26.623s][info][gc,phases   ] GC(260) Concurrent Relocate 1.172ms
[26.623s][info][gc,load     ] GC(260) Load: 0.00/0.00/0.00
[26.623s][info][gc,mmu      ] GC(260) MMU: 2ms/98.6%, 5ms/99.5%, 10ms/99.7%, 20ms/99.8%, 50ms/99.9%, 100ms/99.9%
[26.624s][info][gc,marking  ] GC(260) Mark: 4 stripe(s), 4 proactive flush(es), 1 terminate flush(es), 0 completion(s), 0 continuation(s) 
[26.624s][info][gc,marking  ] GC(260) Mark Stack Usage: 32M
[26.624s][info][gc,nmethod  ] GC(260) NMethods: 1353 registered, 47 unregistered
[26.624s][info][gc,metaspace] GC(260) Metaspace: 8M used, 8M committed, 1088M reserved
[26.624s][info][gc,ref      ] GC(260) Soft: 174 encountered, 0 discovered, 0 enqueued
[26.624s][info][gc,ref      ] GC(260) Weak: 570 encountered, 136 discovered, 0 enqueued
[26.624s][info][gc,ref      ] GC(260) Final: 0 encountered, 0 discovered, 0 enqueued
[26.624s][info][gc,ref      ] GC(260) Phantom: 21 encountered, 18 discovered, 0 enqueued
[26.624s][info][gc,reloc    ] GC(260) Small Pages: 130 / 260M, Empty: 230M, Relocated: 1M, In-Place: 0
[26.624s][info][gc,reloc    ] GC(260) Medium Pages: 1 / 16M, Empty: 0M, Relocated: 0M, In-Place: 0
[26.624s][info][gc,reloc    ] GC(260) Large Pages: 0 / 0M, Empty: 0M, Relocated: 0M, In-Place: 0
[26.624s][info][gc,reloc    ] GC(260) Forwarding Usage: 0M
[26.624s][info][gc,heap     ] GC(260) Min Capacity: 8M(2%)
[26.624s][info][gc,heap     ] GC(260) Max Capacity: 512M(100%)
[26.624s][info][gc,heap     ] GC(260) Soft Max Capacity: 512M(100%)
[26.624s][info][gc,heap     ] GC(260)                Mark Start          Mark End        Relocate Start      Relocate End           High               Low         
[26.624s][info][gc,heap     ] GC(260)  Capacity:      512M (100%)        512M (100%)        512M (100%)        512M (100%)        512M (100%)        512M (100%)   
[26.624s][info][gc,heap     ] GC(260)      Free:      236M (46%)         154M (30%)         370M (72%)         376M (73%)         376M (73%)         150M (29%)    
[26.624s][info][gc,heap     ] GC(260)      Used:      276M (54%)         358M (70%)         142M (28%)         136M (27%)         362M (71%)         136M (27%)    
[26.624s][info][gc,heap     ] GC(260)      Live:         -                10M (2%)           10M (2%)           10M (2%)             -                  -          
[26.624s][info][gc,heap     ] GC(260) Allocated:         -                82M (16%)          96M (19%)          97M (19%)            -                  -          
[26.624s][info][gc,heap     ] GC(260)   Garbage:         -               265M (52%)          35M (7%)           27M (5%)             -                  -          
[26.624s][info][gc,heap     ] GC(260) Reclaimed:         -                  -               230M (45%)         237M (46%)            -                  -          
[26.624s][info][gc          ] GC(260) Garbage Collection (Allocation Rate) 276M(54%)->136M(27%)
[26.690s][info][gc,start    ] GC(261) Garbage Collection (Allocation Rate)
[26.690s][info][gc,task     ] GC(261) Using 5 workers
[26.690s][info][gc,phases   ] GC(261) Pause Mark Start 0.011ms
[26.708s][info][gc,phases   ] GC(261) Concurrent Mark 17.669ms
[26.708s][info][gc,phases   ] GC(261) Pause Mark End 0.013ms
[26.708s][info][gc,phases   ] GC(261) Concurrent Mark Free 0.001ms
[26.709s][info][gc,phases   ] GC(261) Concurrent Process Non-Strong References 1.026ms
[26.709s][info][gc,phases   ] GC(261) Concurrent Reset Relocation Set 0.002ms
[26.715s][info][gc,phases   ] GC(261) Concurrent Select Relocation Set 5.319ms
[26.715s][info][gc,phases   ] GC(261) Pause Relocate Start 0.007ms
[26.718s][info][gc,phases   ] GC(261) Concurrent Relocate 3.205ms
[26.718s][info][gc,load     ] GC(261) Load: 0.00/0.00/0.00
[26.718s][info][gc,mmu      ] GC(261) MMU: 2ms/98.6%, 5ms/99.5%, 10ms/99.7%, 20ms/99.8%, 50ms/99.9%, 100ms/99.9%
[26.718s][info][gc,marking  ] GC(261) Mark: 4 stripe(s), 4 proactive flush(es), 1 terminate flush(es), 0 completion(s), 0 continuation(s) 
[26.718s][info][gc,marking  ] GC(261) Mark Stack Usage: 32M
[26.718s][info][gc,nmethod  ] GC(261) NMethods: 1353 registered, 47 unregistered
[26.718s][info][gc,metaspace] GC(261) Metaspace: 8M used, 8M committed, 1088M reserved
[26.718s][info][gc,ref      ] GC(261) Soft: 174 encountered, 0 discovered, 0 enqueued
[26.718s][info][gc,ref      ] GC(261) Weak: 570 encountered, 123 discovered, 0 enqueued
[26.718s][info][gc,ref      ] GC(261) Final: 0 encountered, 0 discovered, 0 enqueued
[26.718s][info][gc,ref      ] GC(261) Phantom: 21 encountered, 18 discovered, 0 enqueued
[26.718s][info][gc,reloc    ] GC(261) Small Pages: 141 / 282M, Empty: 242M, Relocated: 3M, In-Place: 0
[26.718s][info][gc,reloc    ] GC(261) Medium Pages: 2 / 32M, Empty: 0M, Relocated: 0M, In-Place: 0
[26.718s][info][gc,reloc    ] GC(261) Large Pages: 0 / 0M, Empty: 0M, Relocated: 0M, In-Place: 0
[26.718s][info][gc,reloc    ] GC(261) Forwarding Usage: 1M
[26.718s][info][gc,heap     ] GC(261) Min Capacity: 8M(2%)
[26.718s][info][gc,heap     ] GC(261) Max Capacity: 512M(100%)
[26.718s][info][gc,heap     ] GC(261) Soft Max Capacity: 512M(100%)
[26.718s][info][gc,heap     ] GC(261)                Mark Start          Mark End        Relocate Start      Relocate End           High               Low         
[26.718s][info][gc,heap     ] GC(261)  Capacity:      512M (100%)        512M (100%)        512M (100%)        512M (100%)        512M (100%)        512M (100%)   
[26.719s][info][gc,heap     ] GC(261)      Free:      198M (39%)         150M (29%)         374M (73%)         402M (79%)         402M (79%)         146M (29%)    
[26.719s][info][gc,heap     ] GC(261)      Used:      314M (61%)         362M (71%)         138M (27%)         110M (21%)         366M (71%)         110M (21%)    
[26.719s][info][gc,heap     ] GC(261)      Live:         -                11M (2%)           11M (2%)           11M (2%)             -                  -          
[26.719s][info][gc,heap     ] GC(261) Allocated:         -                48M (9%)           66M (13%)          73M (14%)            -                  -          
[26.719s][info][gc,heap     ] GC(261)   Garbage:         -               302M (59%)          60M (12%)          24M (5%)             -                  -          
[26.719s][info][gc,heap     ] GC(261) Reclaimed:         -                  -               242M (47%)         277M (54%)            -                  -          
[26.719s][info][gc          ] GC(261) Garbage Collection (Allocation Rate) 314M(61%)->110M(21%)
[26.781s][info][gc,start    ] GC(262) Garbage Collection (Allocation Rate)
[26.781s][info][gc,task     ] GC(262) Using 5 workers
[26.781s][info][gc,phases   ] GC(262) Pause Mark Start 0.010ms
[26.797s][info][gc,phases   ] GC(262) Concurrent Mark 15.736ms
[26.797s][info][gc,phases   ] GC(262) Pause Mark End 0.014ms
[26.797s][info][gc,phases   ] GC(262) Concurrent Mark Free 0.001ms
[26.798s][info][gc,phases   ] GC(262) Concurrent Process Non-Strong References 0.983ms
[26.798s][info][gc,phases   ] GC(262) Concurrent Reset Relocation Set 0.003ms
[26.804s][info][gc,phases   ] GC(262) Concurrent Select Relocation Set 6.227ms
[26.804s][info][gc,phases   ] GC(262) Pause Relocate Start 0.006ms
[26.808s][info][gc,phases   ] GC(262) Concurrent Relocate 3.296ms
[26.808s][info][gc,load     ] GC(262) Load: 0.00/0.00/0.00
[26.808s][info][gc,mmu      ] GC(262) MMU: 2ms/98.6%, 5ms/99.5%, 10ms/99.7%, 20ms/99.8%, 50ms/99.9%, 100ms/99.9%
[26.808s][info][gc,marking  ] GC(262) Mark: 4 stripe(s), 2 proactive flush(es), 1 terminate flush(es), 0 completion(s), 0 continuation(s) 
[26.808s][info][gc,marking  ] GC(262) Mark Stack Usage: 32M
[26.808s][info][gc,nmethod  ] GC(262) NMethods: 1353 registered, 47 unregistered
[26.808s][info][gc,metaspace] GC(262) Metaspace: 8M used, 8M committed, 1088M reserved
[26.808s][info][gc,ref      ] GC(262) Soft: 174 encountered, 0 discovered, 0 enqueued
[26.808s][info][gc,ref      ] GC(262) Weak: 570 encountered, 158 discovered, 0 enqueued
[26.808s][info][gc,ref      ] GC(262) Final: 0 encountered, 0 discovered, 0 enqueued
[26.808s][info][gc,ref      ] GC(262) Phantom: 21 encountered, 18 discovered, 0 enqueued
[26.808s][info][gc,reloc    ] GC(262) Small Pages: 132 / 264M, Empty: 232M, Relocated: 5M, In-Place: 0
[26.808s][info][gc,reloc    ] GC(262) Medium Pages: 1 / 16M, Empty: 0M, Relocated: 0M, In-Place: 0
[26.808s][info][gc,reloc    ] GC(262) Large Pages: 0 / 0M, Empty: 0M, Relocated: 0M, In-Place: 0
[26.808s][info][gc,reloc    ] GC(262) Forwarding Usage: 2M
[26.808s][info][gc,heap     ] GC(262) Min Capacity: 8M(2%)
[26.808s][info][gc,heap     ] GC(262) Max Capacity: 512M(100%)
[26.808s][info][gc,heap     ] GC(262) Soft Max Capacity: 512M(100%)
[26.808s][info][gc,heap     ] GC(262)                Mark Start          Mark End        Relocate Start      Relocate End           High               Low         
[26.808s][info][gc,heap     ] GC(262)  Capacity:      512M (100%)        512M (100%)        512M (100%)        512M (100%)        512M (100%)        512M (100%)   
[26.808s][info][gc,heap     ] GC(262)      Free:      232M (45%)         188M (37%)         400M (78%)         406M (79%)         408M (80%)         186M (36%)    
[26.808s][info][gc,heap     ] GC(262)      Used:      280M (55%)         324M (63%)         112M (22%)         106M (21%)         326M (64%)         104M (20%)    
[26.808s][info][gc,heap     ] GC(262)      Live:         -                12M (2%)           12M (2%)           12M (2%)             -                  -          
[26.808s][info][gc,heap     ] GC(262) Allocated:         -                44M (9%)           64M (13%)          71M (14%)            -                  -          
[26.808s][info][gc,heap     ] GC(262)   Garbage:         -               267M (52%)          35M (7%)           21M (4%)             -                  -          
[26.809s][info][gc,heap     ] GC(262) Reclaimed:         -                  -               232M (45%)         245M (48%)            -                  -          
[26.809s][info][gc          ] GC(262) Garbage Collection (Allocation Rate) 280M(55%)->106M(21%)
[26.881s][info][gc,start    ] GC(263) Garbage Collection (Allocation Rate)
[26.881s][info][gc,task     ] GC(263) Using 5 workers
[26.881s][info][gc,phases   ] GC(263) Pause Mark Start 0.012ms
[26.897s][info][gc,phases   ] GC(263) Concurrent Mark 15.661ms
[26.897s][info][gc,phases   ] GC(263) Pause Mark End 0.012ms
[26.897s][info][gc,phases   ] GC(263) Concurrent Mark Free 0.001ms
[26.898s][info][gc,phases   ] GC(263) Concurrent Process Non-Strong References 0.873ms
[26.898s][info][gc,phases   ] GC(263) Concurrent Reset Relocation Set 0.002ms
[26.901s][info][gc,phases   ] GC(263) Concurrent Select Relocation Set 3.827ms
[26.902s][info][gc,phases   ] GC(263) Pause Relocate Start 0.004ms
[26.904s][info][gc,phases   ] GC(263) Concurrent Relocate 2.413ms
[26.904s][info][gc,load     ] GC(263) Load: 0.00/0.00/0.00
[26.904s][info][gc,mmu      ] GC(263) MMU: 2ms/98.6%, 5ms/99.5%, 10ms/99.7%, 20ms/99.8%, 50ms/99.9%, 100ms/99.9%
[26.904s][info][gc,marking  ] GC(263) Mark: 4 stripe(s), 2 proactive flush(es), 1 terminate flush(es), 0 completion(s), 0 continuation(s) 
[26.904s][info][gc,marking  ] GC(263) Mark Stack Usage: 32M
[26.904s][info][gc,nmethod  ] GC(263) NMethods: 1353 registered, 47 unregistered
[26.904s][info][gc,metaspace] GC(263) Metaspace: 8M used, 8M committed, 1088M reserved
[26.904s][info][gc,ref      ] GC(263) Soft: 174 encountered, 0 discovered, 0 enqueued
[26.904s][info][gc,ref      ] GC(263) Weak: 570 encountered, 161 discovered, 0 enqueued
[26.904s][info][gc,ref      ] GC(263) Final: 0 encountered, 0 discovered, 0 enqueued
[26.904s][info][gc,ref      ] GC(263) Phantom: 21 encountered, 8 discovered, 0 enqueued
[26.904s][info][gc,reloc    ] GC(263) Small Pages: 133 / 266M, Empty: 234M, Relocated: 3M, In-Place: 0
[26.904s][info][gc,reloc    ] GC(263) Medium Pages: 1 / 16M, Empty: 0M, Relocated: 0M, In-Place: 0
[26.904s][info][gc,reloc    ] GC(263) Large Pages: 0 / 0M, Empty: 0M, Relocated: 0M, In-Place: 0
[26.904s][info][gc,reloc    ] GC(263) Forwarding Usage: 1M
[26.905s][info][gc,heap     ] GC(263) Min Capacity: 8M(2%)
[26.905s][info][gc,heap     ] GC(263) Max Capacity: 512M(100%)
[26.905s][info][gc,heap     ] GC(263) Soft Max Capacity: 512M(100%)
[26.905s][info][gc,heap     ] GC(263)                Mark Start          Mark End        Relocate Start      Relocate End           High               Low         
[26.905s][info][gc,heap     ] GC(263)  Capacity:      512M (100%)        512M (100%)        512M (100%)        512M (100%)        512M (100%)        512M (100%)   
[26.905s][info][gc,heap     ] GC(263)      Free:      230M (45%)         188M (37%)         410M (80%)         412M (80%)         412M (80%)         186M (36%)    
[26.905s][info][gc,heap     ] GC(263)      Used:      282M (55%)         324M (63%)         102M (20%)         100M (20%)         326M (64%)         100M (20%)    
[26.905s][info][gc,heap     ] GC(263)      Live:         -                12M (2%)           12M (2%)           12M (2%)             -                  -          
[26.905s][info][gc,heap     ] GC(263) Allocated:         -                42M (8%)           54M (11%)          61M (12%)            -                  -          
[26.905s][info][gc,heap     ] GC(263)   Garbage:         -               269M (53%)          35M (7%)           25M (5%)             -                  -          
[26.905s][info][gc,heap     ] GC(263) Reclaimed:         -                  -               234M (46%)         243M (48%)            -                  -          
[26.905s][info][gc          ] GC(263) Garbage Collection (Allocation Rate) 282M(55%)->100M(20%)
[26.985s][info][gc,start    ] GC(264) Garbage Collection (Allocation Rate)
[26.985s][info][gc,task     ] GC(264) Using 5 workers
[26.985s][info][gc,phases   ] GC(264) Pause Mark Start 0.011ms
[27.016s][info][gc,phases   ] GC(264) Concurrent Mark 30.983ms
[27.016s][info][gc,phases   ] GC(264) Pause Mark End 0.013ms
[27.016s][info][gc,phases   ] GC(264) Concurrent Mark Free 0.001ms
[27.017s][info][gc,phases   ] GC(264) Concurrent Process Non-Strong References 1.080ms
[27.017s][info][gc,phases   ] GC(264) Concurrent Reset Relocation Set 0.002ms
[27.024s][info][gc,phases   ] GC(264) Concurrent Select Relocation Set 6.360ms
[27.024s][info][gc,phases   ] GC(264) Pause Relocate Start 0.006ms
[27.028s][info][gc,phases   ] GC(264) Concurrent Relocate 4.185ms
[27.028s][info][gc,load     ] GC(264) Load: 0.00/0.00/0.00
[27.028s][info][gc,mmu      ] GC(264) MMU: 2ms/98.6%, 5ms/99.5%, 10ms/99.7%, 20ms/99.8%, 50ms/99.9%, 100ms/99.9%
[27.028s][info][gc,marking  ] GC(264) Mark: 4 stripe(s), 2 proactive flush(es), 1 terminate flush(es), 0 completion(s), 0 continuation(s) 
[27.028s][info][gc,marking  ] GC(264) Mark Stack Usage: 32M
[27.028s][info][gc,nmethod  ] GC(264) NMethods: 1353 registered, 47 unregistered
[27.028s][info][gc,metaspace] GC(264) Metaspace: 8M used, 8M committed, 1088M reserved
[27.028s][info][gc,ref      ] GC(264) Soft: 174 encountered, 0 discovered, 0 enqueued
[27.028s][info][gc,ref      ] GC(264) Weak: 570 encountered, 34 discovered, 0 enqueued
[27.028s][info][gc,ref      ] GC(264) Final: 0 encountered, 0 discovered, 0 enqueued
[27.028s][info][gc,ref      ] GC(264) Phantom: 21 encountered, 19 discovered, 0 enqueued
[27.028s][info][gc,reloc    ] GC(264) Small Pages: 151 / 302M, Empty: 268M, Relocated: 6M, In-Place: 0
[27.028s][info][gc,reloc    ] GC(264) Medium Pages: 1 / 16M, Empty: 0M, Relocated: 0M, In-Place: 0
[27.028s][info][gc,reloc    ] GC(264) Large Pages: 0 / 0M, Empty: 0M, Relocated: 0M, In-Place: 0
[27.028s][info][gc,reloc    ] GC(264) Forwarding Usage: 2M
[27.029s][info][gc,heap     ] GC(264) Min Capacity: 8M(2%)
[27.029s][info][gc,heap     ] GC(264) Max Capacity: 512M(100%)
[27.029s][info][gc,heap     ] GC(264) Soft Max Capacity: 512M(100%)
[27.029s][info][gc,heap     ] GC(264)                Mark Start          Mark End        Relocate Start      Relocate End           High               Low         
[27.029s][info][gc,heap     ] GC(264)  Capacity:      512M (100%)        512M (100%)        512M (100%)        512M (100%)        512M (100%)        512M (100%)   
[27.029s][info][gc,heap     ] GC(264)      Free:      194M (38%)         110M (21%)         358M (70%)         364M (71%)         366M (71%)         106M (21%)    
[27.029s][info][gc,heap     ] GC(264)      Used:      318M (62%)         402M (79%)         154M (30%)         148M (29%)         406M (79%)         146M (29%)    
[27.029s][info][gc,heap     ] GC(264)      Live:         -                13M (3%)           13M (3%)           13M (3%)             -                  -          
[27.029s][info][gc,heap     ] GC(264) Allocated:         -                84M (16%)         104M (20%)         113M (22%)            -                  -          
[27.029s][info][gc,heap     ] GC(264)   Garbage:         -               304M (59%)          36M (7%)           20M (4%)             -                  -          
[27.029s][info][gc,heap     ] GC(264) Reclaimed:         -                  -               268M (52%)         283M (55%)            -                  -          
[27.029s][info][gc          ] GC(264) Garbage Collection (Allocation Rate) 318M(62%)->148M(29%)
[27.094s][info][gc,start    ] GC(265) Garbage Collection (Allocation Rate)
[27.094s][info][gc,task     ] GC(265) Using 5 workers
[27.094s][info][gc,phases   ] GC(265) Pause Mark Start 0.011ms
[27.125s][info][gc,phases   ] GC(265) Concurrent Mark 31.036ms
[27.125s][info][gc,phases   ] GC(265) Pause Mark End 0.014ms
[27.126s][info][gc,phases   ] GC(265) Concurrent Mark Free 0.001ms
[27.127s][info][gc,phases   ] GC(265) Concurrent Process Non-Strong References 1.194ms
[27.127s][info][gc,phases   ] GC(265) Concurrent Reset Relocation Set 0.003ms
[27.131s][info][gc,phases   ] GC(265) Concurrent Select Relocation Set 4.103ms
[27.131s][info][gc,phases   ] GC(265) Pause Relocate Start 0.006ms
[27.134s][info][gc,phases   ] GC(265) Concurrent Relocate 2.709ms
[27.134s][info][gc,load     ] GC(265) Load: 0.00/0.00/0.00
[27.134s][info][gc,mmu      ] GC(265) MMU: 2ms/98.6%, 5ms/99.5%, 10ms/99.7%, 20ms/99.8%, 50ms/99.9%, 100ms/99.9%
[27.134s][info][gc,marking  ] GC(265) Mark: 4 stripe(s), 2 proactive flush(es), 1 terminate flush(es), 0 completion(s), 0 continuation(s) 
[27.134s][info][gc,marking  ] GC(265) Mark Stack Usage: 32M
[27.134s][info][gc,nmethod  ] GC(265) NMethods: 1353 registered, 47 unregistered
[27.134s][info][gc,metaspace] GC(265) Metaspace: 8M used, 8M committed, 1088M reserved
[27.134s][info][gc,ref      ] GC(265) Soft: 174 encountered, 0 discovered, 0 enqueued
[27.134s][info][gc,ref      ] GC(265) Weak: 570 encountered, 171 discovered, 0 enqueued
[27.134s][info][gc,ref      ] GC(265) Final: 0 encountered, 0 discovered, 0 enqueued
[27.134s][info][gc,ref      ] GC(265) Phantom: 21 encountered, 15 discovered, 0 enqueued
[27.134s][info][gc,reloc    ] GC(265) Small Pages: 128 / 256M, Empty: 232M, Relocated: 1M, In-Place: 0
[27.134s][info][gc,reloc    ] GC(265) Medium Pages: 2 / 32M, Empty: 0M, Relocated: 1M, In-Place: 0
[27.134s][info][gc,reloc    ] GC(265) Large Pages: 0 / 0M, Empty: 0M, Relocated: 0M, In-Place: 0
[27.134s][info][gc,reloc    ] GC(265) Forwarding Usage: 0M
[27.134s][info][gc,heap     ] GC(265) Min Capacity: 8M(2%)
[27.134s][info][gc,heap     ] GC(265) Max Capacity: 512M(100%)
[27.134s][info][gc,heap     ] GC(265) Soft Max Capacity: 512M(100%)
[27.134s][info][gc,heap     ] GC(265)                Mark Start          Mark End        Relocate Start      Relocate End           High               Low         
[27.134s][info][gc,heap     ] GC(265)  Capacity:      512M (100%)        512M (100%)        512M (100%)        512M (100%)        512M (100%)        512M (100%)   
[27.134s][info][gc,heap     ] GC(265)      Free:      224M (44%)         134M (26%)         350M (68%)         362M (71%)         366M (71%)         130M (25%)    
[27.134s][info][gc,heap     ] GC(265)      Used:      288M (56%)         378M (74%)         162M (32%)         150M (29%)         382M (75%)         146M (29%)    
[27.135s][info][gc,heap     ] GC(265)      Live:         -                14M (3%)           14M (3%)           14M (3%)             -                  -          
[27.135s][info][gc,heap     ] GC(265) Allocated:         -                90M (18%)         106M (21%)         111M (22%)            -                  -          
[27.135s][info][gc,heap     ] GC(265)   Garbage:         -               273M (53%)          41M (8%)           23M (5%)             -                  -          
[27.135s][info][gc,heap     ] GC(265) Reclaimed:         -                  -               232M (45%)         249M (49%)            -                  -          
[27.135s][info][gc          ] GC(265) Garbage Collection (Allocation Rate) 288M(56%)->150M(29%)
[27.188s][info][gc,start    ] GC(266) Garbage Collection (Allocation Rate)
[27.188s][info][gc,task     ] GC(266) Using 5 workers
[27.188s][info][gc,phases   ] GC(266) Pause Mark Start 0.011ms
[27.219s][info][gc,phases   ] GC(266) Concurrent Mark 30.996ms
[27.219s][info][gc,phases   ] GC(266) Pause Mark End 0.015ms
[27.219s][info][gc,phases   ] GC(266) Concurrent Mark Free 0.001ms
[27.220s][info][gc,phases   ] GC(266) Concurrent Process Non-Strong References 0.913ms
[27.220s][info][gc,phases   ] GC(266) Concurrent Reset Relocation Set 0.001ms
[27.225s][info][gc,phases   ] GC(266) Concurrent Select Relocation Set 5.094ms
[27.225s][info][gc,phases   ] GC(266) Pause Relocate Start 0.008ms
[27.229s][info][gc,phases   ] GC(266) Concurrent Relocate 3.572ms
[27.229s][info][gc,load     ] GC(266) Load: 0.00/0.00/0.00
[27.229s][info][gc,mmu      ] GC(266) MMU: 2ms/98.6%, 5ms/99.5%, 10ms/99.7%, 20ms/99.8%, 50ms/99.9%, 100ms/99.9%
[27.229s][info][gc,marking  ] GC(266) Mark: 4 stripe(s), 5 proactive flush(es), 1 terminate flush(es), 0 completion(s), 0 continuation(s) 
[27.229s][info][gc,marking  ] GC(266) Mark Stack Usage: 32M
[27.229s][info][gc,nmethod  ] GC(266) NMethods: 1353 registered, 47 unregistered
[27.229s][info][gc,metaspace] GC(266) Metaspace: 8M used, 8M committed, 1088M reserved
[27.229s][info][gc,ref      ] GC(266) Soft: 174 encountered, 0 discovered, 0 enqueued
[27.229s][info][gc,ref      ] GC(266) Weak: 570 encountered, 164 discovered, 0 enqueued
[27.229s][info][gc,ref      ] GC(266) Final: 0 encountered, 0 discovered, 0 enqueued
[27.229s][info][gc,ref      ] GC(266) Phantom: 21 encountered, 13 discovered, 0 enqueued
[27.229s][info][gc,reloc    ] GC(266) Small Pages: 132 / 264M, Empty: 226M, Relocated: 4M, In-Place: 0
[27.229s][info][gc,reloc    ] GC(266) Medium Pages: 2 / 32M, Empty: 0M, Relocated: 1M, In-Place: 0
[27.229s][info][gc,reloc    ] GC(266) Large Pages: 0 / 0M, Empty: 0M, Relocated: 0M, In-Place: 0
[27.230s][info][gc,reloc    ] GC(266) Forwarding Usage: 2M
[27.230s][info][gc,heap     ] GC(266) Min Capacity: 8M(2%)
[27.230s][info][gc,heap     ] GC(266) Max Capacity: 512M(100%)
[27.230s][info][gc,heap     ] GC(266) Soft Max Capacity: 512M(100%)
[27.230s][info][gc,heap     ] GC(266)                Mark Start          Mark End        Relocate Start      Relocate End           High               Low         
[27.230s][info][gc,heap     ] GC(266)  Capacity:      512M (100%)        512M (100%)        512M (100%)        512M (100%)        512M (100%)        512M (100%)   
[27.230s][info][gc,heap     ] GC(266)      Free:      216M (42%)         132M (26%)         342M (67%)         364M (71%)         364M (71%)         130M (25%)    
[27.230s][info][gc,heap     ] GC(266)      Used:      296M (58%)         380M (74%)         170M (33%)         148M (29%)         382M (75%)         148M (29%)    
[27.230s][info][gc,heap     ] GC(266)      Live:         -                15M (3%)           15M (3%)           15M (3%)             -                  -          
[27.230s][info][gc,heap     ] GC(266) Allocated:         -                84M (16%)         100M (20%)         109M (21%)            -                  -          
[27.230s][info][gc,heap     ] GC(266)   Garbage:         -               280M (55%)          54M (11%)          22M (4%)             -                  -          
[27.230s][info][gc,heap     ] GC(266) Reclaimed:         -                  -               226M (44%)         257M (50%)            -                  -          
[27.230s][info][gc          ] GC(266) Garbage Collection (Allocation Rate) 296M(58%)->148M(29%)
[27.282s][info][gc,start    ] GC(267) Garbage Collection (Allocation Rate)
[27.282s][info][gc,task     ] GC(267) Using 5 workers
[27.282s][info][gc,phases   ] GC(267) Pause Mark Start 0.010ms
[27.301s][info][gc,phases   ] GC(267) Concurrent Mark 19.374ms
[27.301s][info][gc,phases   ] GC(267) Pause Mark End 0.012ms
[27.301s][info][gc,phases   ] GC(267) Concurrent Mark Free 0.001ms
[27.302s][info][gc,phases   ] GC(267) Concurrent Process Non-Strong References 0.795ms
[27.302s][info][gc,phases   ] GC(267) Concurrent Reset Relocation Set 0.003ms
[27.306s][info][gc,phases   ] GC(267) Concurrent Select Relocation Set 3.821ms
[27.306s][info][gc,phases   ] GC(267) Pause Relocate Start 0.004ms
[27.308s][info][gc,phases   ] GC(267) Concurrent Relocate 1.808ms
[27.308s][info][gc,load     ] GC(267) Load: 0.00/0.00/0.00
[27.308s][info][gc,mmu      ] GC(267) MMU: 2ms/98.6%, 5ms/99.5%, 10ms/99.7%, 20ms/99.8%, 50ms/99.9%, 100ms/99.9%
[27.308s][info][gc,marking  ] GC(267) Mark: 4 stripe(s), 2 proactive flush(es), 1 terminate flush(es), 0 completion(s), 0 continuation(s) 
[27.308s][info][gc,marking  ] GC(267) Mark Stack Usage: 32M
[27.308s][info][gc,nmethod  ] GC(267) NMethods: 1353 registered, 47 unregistered
[27.308s][info][gc,metaspace] GC(267) Metaspace: 8M used, 8M committed, 1088M reserved
[27.308s][info][gc,ref      ] GC(267) Soft: 174 encountered, 0 discovered, 0 enqueued
[27.308s][info][gc,ref      ] GC(267) Weak: 570 encountered, 123 discovered, 0 enqueued
[27.308s][info][gc,ref      ] GC(267) Final: 0 encountered, 0 discovered, 0 enqueued
[27.308s][info][gc,ref      ] GC(267) Phantom: 21 encountered, 17 discovered, 0 enqueued
[27.308s][info][gc,reloc    ] GC(267) Small Pages: 137 / 274M, Empty: 232M, Relocated: 3M, In-Place: 0
[27.308s][info][gc,reloc    ] GC(267) Medium Pages: 1 / 16M, Empty: 0M, Relocated: 0M, In-Place: 0
[27.308s][info][gc,reloc    ] GC(267) Large Pages: 0 / 0M, Empty: 0M, Relocated: 0M, In-Place: 0
[27.308s][info][gc,reloc    ] GC(267) Forwarding Usage: 1M
[27.309s][info][gc,heap     ] GC(267) Min Capacity: 8M(2%)
[27.309s][info][gc,heap     ] GC(267) Max Capacity: 512M(100%)
[27.309s][info][gc,heap     ] GC(267) Soft Max Capacity: 512M(100%)
[27.309s][info][gc,heap     ] GC(267)                Mark Start          Mark End        Relocate Start      Relocate End           High               Low         
[27.309s][info][gc,heap     ] GC(267)  Capacity:      512M (100%)        512M (100%)        512M (100%)        512M (100%)        512M (100%)        512M (100%)   
[27.309s][info][gc,heap     ] GC(267)      Free:      222M (43%)         170M (33%)         388M (76%)         400M (78%)         400M (78%)         168M (33%)    
[27.309s][info][gc,heap     ] GC(267)      Used:      290M (57%)         342M (67%)         124M (24%)         112M (22%)         344M (67%)         112M (22%)    
[27.309s][info][gc,heap     ] GC(267)      Live:         -                15M (3%)           15M (3%)           15M (3%)             -                  -          
[27.309s][info][gc,heap     ] GC(267) Allocated:         -                52M (10%)          66M (13%)          69M (14%)            -                  -          
[27.309s][info][gc,heap     ] GC(267)   Garbage:         -               274M (54%)          42M (8%)           26M (5%)             -                  -          
[27.309s][info][gc,heap     ] GC(267) Reclaimed:         -                  -               232M (45%)         247M (48%)            -                  -          
[27.309s][info][gc          ] GC(267) Garbage Collection (Allocation Rate) 290M(57%)->112M(22%)
[27.386s][info][gc,start    ] GC(268) Garbage Collection (Allocation Rate)
[27.386s][info][gc,task     ] GC(268) Using 5 workers
[27.386s][info][gc,phases   ] GC(268) Pause Mark Start 0.013ms
[27.417s][info][gc,phases   ] GC(268) Concurrent Mark 30.940ms
[27.417s][info][gc,phases   ] GC(268) Pause Mark End 0.014ms
[27.417s][info][gc,phases   ] GC(268) Concurrent Mark Free 0.001ms
[27.418s][info][gc,phases   ] GC(268) Concurrent Process Non-Strong References 0.981ms
[27.418s][info][gc,phases   ] GC(268) Concurrent Reset Relocation Set 0.003ms
[27.424s][info][gc,phases   ] GC(268) Concurrent Select Relocation Set 6.056ms
[27.424s][info][gc,phases   ] GC(268) Pause Relocate Start 0.006ms
[27.428s][info][gc,phases   ] GC(268) Concurrent Relocate 3.606ms
[27.428s][info][gc,load     ] GC(268) Load: 0.00/0.00/0.00
[27.428s][info][gc,mmu      ] GC(268) MMU: 2ms/98.6%, 5ms/99.5%, 10ms/99.7%, 20ms/99.8%, 50ms/99.9%, 100ms/99.9%
[27.428s][info][gc,marking  ] GC(268) Mark: 4 stripe(s), 2 proactive flush(es), 1 terminate flush(es), 0 completion(s), 0 continuation(s) 
[27.428s][info][gc,marking  ] GC(268) Mark Stack Usage: 32M
[27.428s][info][gc,nmethod  ] GC(268) NMethods: 1353 registered, 47 unregistered
[27.428s][info][gc,metaspace] GC(268) Metaspace: 8M used, 8M committed, 1088M reserved
[27.428s][info][gc,ref      ] GC(268) Soft: 174 encountered, 0 discovered, 0 enqueued
[27.428s][info][gc,ref      ] GC(268) Weak: 570 encountered, 163 discovered, 0 enqueued
[27.428s][info][gc,ref      ] GC(268) Final: 0 encountered, 0 discovered, 0 enqueued
[27.428s][info][gc,ref      ] GC(268) Phantom: 21 encountered, 12 discovered, 0 enqueued
[27.428s][info][gc,reloc    ] GC(268) Small Pages: 124 / 248M, Empty: 210M, Relocated: 4M, In-Place: 0
[27.428s][info][gc,reloc    ] GC(268) Medium Pages: 2 / 32M, Empty: 0M, Relocated: 1M, In-Place: 0
[27.428s][info][gc,reloc    ] GC(268) Large Pages: 0 / 0M, Empty: 0M, Relocated: 0M, In-Place: 0
[27.428s][info][gc,reloc    ] GC(268) Forwarding Usage: 2M
[27.428s][info][gc,heap     ] GC(268) Min Capacity: 8M(2%)
[27.428s][info][gc,heap     ] GC(268) Max Capacity: 512M(100%)
[27.428s][info][gc,heap     ] GC(268) Soft Max Capacity: 512M(100%)
[27.428s][info][gc,heap     ] GC(268)                Mark Start          Mark End        Relocate Start      Relocate End           High               Low         
[27.428s][info][gc,heap     ] GC(268)  Capacity:      512M (100%)        512M (100%)        512M (100%)        512M (100%)        512M (100%)        512M (100%)   
[27.429s][info][gc,heap     ] GC(268)      Free:      232M (45%)         182M (36%)         372M (73%)         394M (77%)         394M (77%)         180M (35%)    
[27.429s][info][gc,heap     ] GC(268)      Used:      280M (55%)         330M (64%)         140M (27%)         118M (23%)         332M (65%)         118M (23%)    
[27.429s][info][gc,heap     ] GC(268)      Live:         -                16M (3%)           16M (3%)           16M (3%)             -                  -          
[27.429s][info][gc,heap     ] GC(268) Allocated:         -                50M (10%)          70M (14%)          77M (15%)            -                  -          
[27.429s][info][gc,heap     ] GC(268)   Garbage:         -               263M (51%)          53M (10%)          23M (5%)             -                  -          
[27.429s][info][gc,heap     ] GC(268) Reclaimed:         -                  -               210M (41%)         239M (47%)            -                  -          
[27.429s][info][gc          ] GC(268) Garbage Collection (Allocation Rate) 280M(55%)->118M(23%)
[27.480s][info][gc,start    ] GC(269) Garbage Collection (Allocation Rate)
[27.480s][info][gc,task     ] GC(269) Using 5 workers
[27.480s][info][gc,phases   ] GC(269) Pause Mark Start 0.011ms
[27.501s][info][gc,phases   ] GC(269) Concurrent Mark 20.684ms
[27.501s][info][gc,phases   ] GC(269) Pause Mark End 0.011ms
[27.501s][info][gc,phases   ] GC(269) Concurrent Mark Free 0.001ms
[27.502s][info][gc,phases   ] GC(269) Concurrent Process Non-Strong References 0.819ms
[27.502s][info][gc,phases   ] GC(269) Concurrent Reset Relocation Set 0.002ms
[27.509s][info][gc,phases   ] GC(269) Concurrent Select Relocation Set 7.210ms
[27.510s][info][gc,phases   ] GC(269) Pause Relocate Start 0.005ms
[27.514s][info][gc,phases   ] GC(269) Concurrent Relocate 4.215ms
[27.514s][info][gc,load     ] GC(269) Load: 0.00/0.00/0.00
[27.514s][info][gc,mmu      ] GC(269) MMU: 2ms/98.6%, 5ms/99.5%, 10ms/99.7%, 20ms/99.8%, 50ms/99.9%, 100ms/99.9%
[27.514s][info][gc,marking  ] GC(269) Mark: 4 stripe(s), 2 proactive flush(es), 1 terminate flush(es), 0 completion(s), 0 continuation(s) 
[27.514s][info][gc,marking  ] GC(269) Mark Stack Usage: 32M
[27.514s][info][gc,nmethod  ] GC(269) NMethods: 1353 registered, 47 unregistered
[27.514s][info][gc,metaspace] GC(269) Metaspace: 8M used, 8M committed, 1088M reserved
[27.514s][info][gc,ref      ] GC(269) Soft: 174 encountered, 0 discovered, 0 enqueued
[27.514s][info][gc,ref      ] GC(269) Weak: 570 encountered, 186 discovered, 0 enqueued
[27.514s][info][gc,ref      ] GC(269) Final: 0 encountered, 0 discovered, 0 enqueued
[27.514s][info][gc,ref      ] GC(269) Phantom: 21 encountered, 19 discovered, 0 enqueued
[27.514s][info][gc,reloc    ] GC(269) Small Pages: 119 / 238M, Empty: 202M, Relocated: 6M, In-Place: 0
[27.514s][info][gc,reloc    ] GC(269) Medium Pages: 1 / 16M, Empty: 0M, Relocated: 0M, In-Place: 0
[27.514s][info][gc,reloc    ] GC(269) Large Pages: 0 / 0M, Empty: 0M, Relocated: 0M, In-Place: 0
[27.514s][info][gc,reloc    ] GC(269) Forwarding Usage: 3M
[27.514s][info][gc,heap     ] GC(269) Min Capacity: 8M(2%)
[27.514s][info][gc,heap     ] GC(269) Max Capacity: 512M(100%)
[27.514s][info][gc,heap     ] GC(269) Soft Max Capacity: 512M(100%)
[27.514s][info][gc,heap     ] GC(269)                Mark Start          Mark End        Relocate Start      Relocate End           High               Low         
[27.514s][info][gc,heap     ] GC(269)  Capacity:      512M (100%)        512M (100%)        512M (100%)        512M (100%)        512M (100%)        512M (100%)   
[27.514s][info][gc,heap     ] GC(269)      Free:      258M (50%)         202M (39%)         384M (75%)         386M (75%)         394M (77%)         200M (39%)    
[27.514s][info][gc,heap     ] GC(269)      Used:      254M (50%)         310M (61%)         128M (25%)         126M (25%)         312M (61%)         118M (23%)    
[27.514s][info][gc,heap     ] GC(269)      Live:         -                16M (3%)           16M (3%)           16M (3%)             -                  -          
[27.515s][info][gc,heap     ] GC(269) Allocated:         -                56M (11%)          76M (15%)          87M (17%)            -                  -          
[27.515s][info][gc,heap     ] GC(269)   Garbage:         -               237M (46%)          35M (7%)           21M (4%)             -                  -          
[27.515s][info][gc,heap     ] GC(269) Reclaimed:         -                  -               202M (39%)         215M (42%)            -                  -          
[27.515s][info][gc          ] GC(269) Garbage Collection (Allocation Rate) 254M(50%)->126M(25%)
[27.580s][info][gc,start    ] GC(270) Garbage Collection (Allocation Rate)
[27.580s][info][gc,task     ] GC(270) Using 5 workers
[27.580s][info][gc,phases   ] GC(270) Pause Mark Start 0.014ms
[27.602s][info][gc,phases   ] GC(270) Concurrent Mark 21.705ms
[27.602s][info][gc,phases   ] GC(270) Pause Mark End 0.018ms
[27.602s][info][gc,phases   ] GC(270) Concurrent Mark Free 0.001ms
[27.603s][info][gc,phases   ] GC(270) Concurrent Process Non-Strong References 0.859ms
[27.603s][info][gc,phases   ] GC(270) Concurrent Reset Relocation Set 0.002ms
[27.606s][info][gc,phases   ] GC(270) Concurrent Select Relocation Set 2.524ms
[27.606s][info][gc,phases   ] GC(270) Pause Relocate Start 0.007ms
[27.609s][info][gc,phases   ] GC(270) Concurrent Relocate 3.383ms
[27.609s][info][gc,load     ] GC(270) Load: 0.00/0.00/0.00
[27.609s][info][gc,mmu      ] GC(270) MMU: 2ms/98.6%, 5ms/99.5%, 10ms/99.7%, 20ms/99.8%, 50ms/99.9%, 100ms/99.9%
[27.609s][info][gc,marking  ] GC(270) Mark: 4 stripe(s), 2 proactive flush(es), 1 terminate flush(es), 0 completion(s), 0 continuation(s) 
[27.609s][info][gc,marking  ] GC(270) Mark Stack Usage: 32M
[27.609s][info][gc,nmethod  ] GC(270) NMethods: 1353 registered, 47 unregistered
[27.609s][info][gc,metaspace] GC(270) Metaspace: 8M used, 8M committed, 1088M reserved
[27.609s][info][gc,ref      ] GC(270) Soft: 174 encountered, 0 discovered, 0 enqueued
[27.609s][info][gc,ref      ] GC(270) Weak: 570 encountered, 246 discovered, 0 enqueued
[27.609s][info][gc,ref      ] GC(270) Final: 0 encountered, 0 discovered, 0 enqueued
[27.609s][info][gc,ref      ] GC(270) Phantom: 21 encountered, 12 discovered, 0 enqueued
[27.609s][info][gc,reloc    ] GC(270) Small Pages: 137 / 274M, Empty: 244M, Relocated: 5M, In-Place: 0
[27.609s][info][gc,reloc    ] GC(270) Medium Pages: 1 / 16M, Empty: 0M, Relocated: 0M, In-Place: 0
[27.609s][info][gc,reloc    ] GC(270) Large Pages: 0 / 0M, Empty: 0M, Relocated: 0M, In-Place: 0
[27.609s][info][gc,reloc    ] GC(270) Forwarding Usage: 2M
[27.609s][info][gc,heap     ] GC(270) Min Capacity: 8M(2%)
[27.609s][info][gc,heap     ] GC(270) Max Capacity: 512M(100%)
[27.609s][info][gc,heap     ] GC(270) Soft Max Capacity: 512M(100%)
[27.609s][info][gc,heap     ] GC(270)                Mark Start          Mark End        Relocate Start      Relocate End           High               Low         
[27.609s][info][gc,heap     ] GC(270)  Capacity:      512M (100%)        512M (100%)        512M (100%)        512M (100%)        512M (100%)        512M (100%)   
[27.609s][info][gc,heap     ] GC(270)      Free:      222M (43%)         172M (34%)         408M (80%)         402M (79%)         408M (80%)         170M (33%)    
[27.609s][info][gc,heap     ] GC(270)      Used:      290M (57%)         340M (66%)         104M (20%)         110M (21%)         342M (67%)         104M (20%)    
[27.609s][info][gc,heap     ] GC(270)      Live:         -                18M (4%)           18M (4%)           18M (4%)             -                  -          
[27.609s][info][gc,heap     ] GC(270) Allocated:         -                50M (10%)          58M (11%)          67M (13%)            -                  -          
[27.609s][info][gc,heap     ] GC(270)   Garbage:         -               271M (53%)          27M (5%)           23M (5%)             -                  -          
[27.609s][info][gc,heap     ] GC(270) Reclaimed:         -                  -               244M (48%)         247M (48%)            -                  -          
[27.609s][info][gc          ] GC(270) Garbage Collection (Allocation Rate) 290M(57%)->110M(21%)
[27.681s][info][gc,start    ] GC(271) Garbage Collection (Allocation Rate)
[27.681s][info][gc,task     ] GC(271) Using 5 workers
[27.681s][info][gc,phases   ] GC(271) Pause Mark Start 0.011ms
[27.704s][info][gc,phases   ] GC(271) Concurrent Mark 22.713ms
[27.704s][info][gc,phases   ] GC(271) Pause Mark End 0.012ms
[27.704s][info][gc,phases   ] GC(271) Concurrent Mark Free 0.001ms
[27.705s][info][gc,phases   ] GC(271) Concurrent Process Non-Strong References 0.811ms
[27.705s][info][gc,phases   ] GC(271) Concurrent Reset Relocation Set 0.002ms
[27.708s][info][gc,phases   ] GC(271) Concurrent Select Relocation Set 3.631ms
[27.709s][info][gc,phases   ] GC(271) Pause Relocate Start 0.004ms
[27.711s][info][gc,phases   ] GC(271) Concurrent Relocate 2.847ms
[27.712s][info][gc,load     ] GC(271) Load: 0.00/0.00/0.00
[27.712s][info][gc,mmu      ] GC(271) MMU: 2ms/98.6%, 5ms/99.5%, 10ms/99.7%, 20ms/99.8%, 50ms/99.9%, 100ms/99.9%
[27.712s][info][gc,marking  ] GC(271) Mark: 4 stripe(s), 3 proactive flush(es), 1 terminate flush(es), 0 completion(s), 0 continuation(s) 
[27.712s][info][gc,marking  ] GC(271) Mark Stack Usage: 32M
[27.712s][info][gc,nmethod  ] GC(271) NMethods: 1353 registered, 47 unregistered
[27.712s][info][gc,metaspace] GC(271) Metaspace: 8M used, 8M committed, 1088M reserved
[27.712s][info][gc,ref      ] GC(271) Soft: 174 encountered, 0 discovered, 0 enqueued
[27.712s][info][gc,ref      ] GC(271) Weak: 570 encountered, 149 discovered, 0 enqueued
[27.712s][info][gc,ref      ] GC(271) Final: 0 encountered, 0 discovered, 0 enqueued
[27.712s][info][gc,ref      ] GC(271) Phantom: 21 encountered, 14 discovered, 0 enqueued
[27.712s][info][gc,reloc    ] GC(271) Small Pages: 144 / 288M, Empty: 244M, Relocated: 4M, In-Place: 0
[27.712s][info][gc,reloc    ] GC(271) Medium Pages: 1 / 16M, Empty: 0M, Relocated: 0M, In-Place: 0
[27.712s][info][gc,reloc    ] GC(271) Large Pages: 0 / 0M, Empty: 0M, Relocated: 0M, In-Place: 0
[27.712s][info][gc,reloc    ] GC(271) Forwarding Usage: 2M
[27.712s][info][gc,heap     ] GC(271) Min Capacity: 8M(2%)
[27.712s][info][gc,heap     ] GC(271) Max Capacity: 512M(100%)
[27.712s][info][gc,heap     ] GC(271) Soft Max Capacity: 512M(100%)
[27.712s][info][gc,heap     ] GC(271)                Mark Start          Mark End        Relocate Start      Relocate End           High               Low         
[27.712s][info][gc,heap     ] GC(271)  Capacity:      512M (100%)        512M (100%)        512M (100%)        512M (100%)        512M (100%)        512M (100%)   
[27.712s][info][gc,heap     ] GC(271)      Free:      208M (41%)         148M (29%)         378M (74%)         390M (76%)         390M (76%)         144M (28%)    
[27.712s][info][gc,heap     ] GC(271)      Used:      304M (59%)         364M (71%)         134M (26%)         122M (24%)         368M (72%)         122M (24%)    
[27.712s][info][gc,heap     ] GC(271)      Live:         -                18M (4%)           18M (4%)           18M (4%)             -                  -          
[27.712s][info][gc,heap     ] GC(271) Allocated:         -                60M (12%)          74M (14%)          79M (16%)            -                  -          
[27.712s][info][gc,heap     ] GC(271)   Garbage:         -               285M (56%)          41M (8%)           23M (5%)             -                  -          
[27.712s][info][gc,heap     ] GC(271) Reclaimed:         -                  -               244M (48%)         261M (51%)            -                  -          
[27.712s][info][gc          ] GC(271) Garbage Collection (Allocation Rate) 304M(59%)->122M(24%)
[27.781s][info][gc,start    ] GC(272) Garbage Collection (Allocation Rate)
[27.781s][info][gc,task     ] GC(272) Using 5 workers
[27.781s][info][gc,phases   ] GC(272) Pause Mark Start 0.010ms
[27.804s][info][gc,phases   ] GC(272) Concurrent Mark 22.741ms
[27.804s][info][gc,phases   ] GC(272) Pause Mark End 0.014ms
[27.804s][info][gc,phases   ] GC(272) Concurrent Mark Free 0.001ms
[27.805s][info][gc,phases   ] GC(272) Concurrent Process Non-Strong References 0.895ms
[27.805s][info][gc,phases   ] GC(272) Concurrent Reset Relocation Set 0.003ms
[27.813s][info][gc,phases   ] GC(272) Concurrent Select Relocation Set 7.756ms
[27.813s][info][gc,phases   ] GC(272) Pause Relocate Start 0.007ms
[27.818s][info][gc,phases   ] GC(272) Concurrent Relocate 5.422ms
[27.818s][info][gc,load     ] GC(272) Load: 0.00/0.00/0.00
[27.818s][info][gc,mmu      ] GC(272) MMU: 2ms/98.6%, 5ms/99.5%, 10ms/99.7%, 20ms/99.8%, 50ms/99.9%, 100ms/99.9%
[27.818s][info][gc,marking  ] GC(272) Mark: 4 stripe(s), 2 proactive flush(es), 1 terminate flush(es), 0 completion(s), 0 continuation(s) 
[27.818s][info][gc,marking  ] GC(272) Mark Stack Usage: 32M
[27.818s][info][gc,nmethod  ] GC(272) NMethods: 1353 registered, 47 unregistered
[27.818s][info][gc,metaspace] GC(272) Metaspace: 8M used, 8M committed, 1088M reserved
[27.818s][info][gc,ref      ] GC(272) Soft: 174 encountered, 0 discovered, 0 enqueued
[27.818s][info][gc,ref      ] GC(272) Weak: 570 encountered, 121 discovered, 0 enqueued
[27.819s][info][gc,ref      ] GC(272) Final: 0 encountered, 0 discovered, 0 enqueued
[27.819s][info][gc,ref      ] GC(272) Phantom: 21 encountered, 18 discovered, 0 enqueued
[27.819s][info][gc,reloc    ] GC(272) Small Pages: 144 / 288M, Empty: 254M, Relocated: 8M, In-Place: 0
[27.819s][info][gc,reloc    ] GC(272) Medium Pages: 1 / 16M, Empty: 0M, Relocated: 0M, In-Place: 0
[27.819s][info][gc,reloc    ] GC(272) Large Pages: 0 / 0M, Empty: 0M, Relocated: 0M, In-Place: 0
[27.819s][info][gc,reloc    ] GC(272) Forwarding Usage: 4M
[27.819s][info][gc,heap     ] GC(272) Min Capacity: 8M(2%)
[27.819s][info][gc,heap     ] GC(272) Max Capacity: 512M(100%)
[27.819s][info][gc,heap     ] GC(272) Soft Max Capacity: 512M(100%)
[27.819s][info][gc,heap     ] GC(272)                Mark Start          Mark End        Relocate Start      Relocate End           High               Low         
[27.819s][info][gc,heap     ] GC(272)  Capacity:      512M (100%)        512M (100%)        512M (100%)        512M (100%)        512M (100%)        512M (100%)   
[27.819s][info][gc,heap     ] GC(272)      Free:      208M (41%)         180M (35%)         430M (84%)         436M (85%)         436M (85%)         178M (35%)    
[27.819s][info][gc,heap     ] GC(272)      Used:      304M (59%)         332M (65%)          82M (16%)          76M (15%)         334M (65%)          76M (15%)    
[27.819s][info][gc,heap     ] GC(272)      Live:         -                19M (4%)           19M (4%)           19M (4%)             -                  -          
[27.819s][info][gc,heap     ] GC(272) Allocated:         -                28M (5%)           32M (6%)           33M (7%)             -                  -          
[27.819s][info][gc,heap     ] GC(272)   Garbage:         -               284M (56%)          30M (6%)           22M (4%)             -                  -          
[27.819s][info][gc,heap     ] GC(272) Reclaimed:         -                  -               254M (50%)         261M (51%)            -                  -          
[27.819s][info][gc          ] GC(272) Garbage Collection (Allocation Rate) 304M(59%)->76M(15%)
[27.881s][info][gc,start    ] GC(273) Garbage Collection (Allocation Rate)
[27.881s][info][gc,task     ] GC(273) Using 5 workers
[27.881s][info][gc,phases   ] GC(273) Pause Mark Start 0.011ms
[27.902s][info][gc,phases   ] GC(273) Concurrent Mark 21.674ms
[27.903s][info][gc,phases   ] GC(273) Pause Mark End 0.013ms
[27.903s][info][gc,phases   ] GC(273) Concurrent Mark Free 0.001ms
[27.904s][info][gc,phases   ] GC(273) Concurrent Process Non-Strong References 0.861ms
[27.904s][info][gc,phases   ] GC(273) Concurrent Reset Relocation Set 0.002ms
[27.908s][info][gc,phases   ] GC(273) Concurrent Select Relocation Set 4.236ms
[27.908s][info][gc,phases   ] GC(273) Pause Relocate Start 0.004ms
[27.911s][info][gc,phases   ] GC(273) Concurrent Relocate 3.363ms
[27.911s][info][gc,load     ] GC(273) Load: 0.00/0.00/0.00
[27.911s][info][gc,mmu      ] GC(273) MMU: 2ms/98.6%, 5ms/99.5%, 10ms/99.7%, 20ms/99.8%, 50ms/99.9%, 100ms/99.9%
[27.911s][info][gc,marking  ] GC(273) Mark: 4 stripe(s), 2 proactive flush(es), 1 terminate flush(es), 0 completion(s), 0 continuation(s) 
[27.911s][info][gc,marking  ] GC(273) Mark Stack Usage: 32M
[27.912s][info][gc,nmethod  ] GC(273) NMethods: 1353 registered, 47 unregistered
[27.912s][info][gc,metaspace] GC(273) Metaspace: 8M used, 8M committed, 1088M reserved
[27.912s][info][gc,ref      ] GC(273) Soft: 174 encountered, 0 discovered, 0 enqueued
[27.912s][info][gc,ref      ] GC(273) Weak: 570 encountered, 10 discovered, 0 enqueued
[27.912s][info][gc,ref      ] GC(273) Final: 0 encountered, 0 discovered, 0 enqueued
[27.912s][info][gc,ref      ] GC(273) Phantom: 21 encountered, 15 discovered, 0 enqueued
[27.912s][info][gc,reloc    ] GC(273) Small Pages: 77 / 154M, Empty: 110M, Relocated: 3M, In-Place: 0
[27.912s][info][gc,reloc    ] GC(273) Medium Pages: 2 / 32M, Empty: 0M, Relocated: 1M, In-Place: 0
[27.912s][info][gc,reloc    ] GC(273) Large Pages: 0 / 0M, Empty: 0M, Relocated: 0M, In-Place: 0
[27.912s][info][gc,reloc    ] GC(273) Forwarding Usage: 1M
[27.912s][info][gc,heap     ] GC(273) Min Capacity: 8M(2%)
[27.912s][info][gc,heap     ] GC(273) Max Capacity: 512M(100%)
[27.912s][info][gc,heap     ] GC(273) Soft Max Capacity: 512M(100%)
[27.912s][info][gc,heap     ] GC(273)                Mark Start          Mark End        Relocate Start      Relocate End           High               Low         
[27.912s][info][gc,heap     ] GC(273)  Capacity:      512M (100%)        512M (100%)        512M (100%)        512M (100%)        512M (100%)        512M (100%)   
[27.912s][info][gc,heap     ] GC(273)      Free:      326M (64%)         270M (53%)         366M (71%)         386M (75%)         390M (76%)         258M (50%)    
[27.912s][info][gc,heap     ] GC(273)      Used:      186M (36%)         242M (47%)         146M (29%)         126M (25%)         254M (50%)         122M (24%)    
[27.912s][info][gc,heap     ] GC(273)      Live:         -                19M (4%)           19M (4%)           19M (4%)             -                  -          
[27.912s][info][gc,heap     ] GC(273) Allocated:         -                56M (11%)          70M (14%)          79M (16%)            -                  -          
[27.912s][info][gc,heap     ] GC(273)   Garbage:         -               166M (33%)          56M (11%)          26M (5%)             -                  -          
[27.912s][info][gc,heap     ] GC(273) Reclaimed:         -                  -               110M (21%)         139M (27%)            -                  -          
[27.912s][info][gc          ] GC(273) Garbage Collection (Allocation Rate) 186M(36%)->126M(25%)
[27.980s][info][gc,start    ] GC(274) Garbage Collection (Allocation Rate)
[27.980s][info][gc,task     ] GC(274) Using 5 workers
[27.980s][info][gc,phases   ] GC(274) Pause Mark Start 0.010ms
[28.003s][info][gc,phases   ] GC(274) Concurrent Mark 22.746ms
[28.019s][info][gc,phases   ] GC(274) Pause Mark End 0.013ms
[28.019s][info][gc,phases   ] GC(274) Concurrent Mark Free 0.001ms
[28.020s][info][gc,phases   ] GC(274) Concurrent Process Non-Strong References 1.090ms
[28.020s][info][gc,phases   ] GC(274) Concurrent Reset Relocation Set 0.002ms
[28.026s][info][gc,phases   ] GC(274) Concurrent Select Relocation Set 5.854ms
[28.026s][info][gc,phases   ] GC(274) Pause Relocate Start 0.005ms
[28.030s][info][gc,phases   ] GC(274) Concurrent Relocate 3.776ms
[28.030s][info][gc,load     ] GC(274) Load: 0.00/0.00/0.00
[28.030s][info][gc,mmu      ] GC(274) MMU: 2ms/98.6%, 5ms/99.5%, 10ms/99.7%, 20ms/99.8%, 50ms/99.9%, 100ms/99.9%
[28.030s][info][gc,marking  ] GC(274) Mark: 4 stripe(s), 2 proactive flush(es), 1 terminate flush(es), 0 completion(s), 0 continuation(s) 
[28.030s][info][gc,marking  ] GC(274) Mark Stack Usage: 32M
[28.030s][info][gc,nmethod  ] GC(274) NMethods: 1353 registered, 47 unregistered
[28.030s][info][gc,metaspace] GC(274) Metaspace: 8M used, 8M committed, 1088M reserved
[28.030s][info][gc,ref      ] GC(274) Soft: 174 encountered, 0 discovered, 0 enqueued
[28.030s][info][gc,ref      ] GC(274) Weak: 570 encountered, 49 discovered, 0 enqueued
[28.030s][info][gc,ref      ] GC(274) Final: 0 encountered, 0 discovered, 0 enqueued
[28.030s][info][gc,ref      ] GC(274) Phantom: 21 encountered, 14 discovered, 0 enqueued
[28.030s][info][gc,reloc    ] GC(274) Small Pages: 148 / 296M, Empty: 250M, Relocated: 5M, In-Place: 0
[28.030s][info][gc,reloc    ] GC(274) Medium Pages: 1 / 16M, Empty: 0M, Relocated: 0M, In-Place: 0
[28.030s][info][gc,reloc    ] GC(274) Large Pages: 0 / 0M, Empty: 0M, Relocated: 0M, In-Place: 0
[28.030s][info][gc,reloc    ] GC(274) Forwarding Usage: 2M
[28.030s][info][gc,heap     ] GC(274) Min Capacity: 8M(2%)
[28.030s][info][gc,heap     ] GC(274) Max Capacity: 512M(100%)
[28.030s][info][gc,heap     ] GC(274) Soft Max Capacity: 512M(100%)
[28.030s][info][gc,heap     ] GC(274)                Mark Start          Mark End        Relocate Start      Relocate End           High               Low         
[28.030s][info][gc,heap     ] GC(274)  Capacity:      512M (100%)        512M (100%)        512M (100%)        512M (100%)        512M (100%)        512M (100%)   
[28.030s][info][gc,heap     ] GC(274)      Free:      200M (39%)          98M (19%)         328M (64%)         336M (66%)         338M (66%)          94M (18%)    
[28.030s][info][gc,heap     ] GC(274)      Used:      312M (61%)         414M (81%)         184M (36%)         176M (34%)         418M (82%)         174M (34%)    
[28.030s][info][gc,heap     ] GC(274)      Live:         -                20M (4%)           20M (4%)           20M (4%)             -                  -          
[28.030s][info][gc,heap     ] GC(274) Allocated:         -               102M (20%)         122M (24%)         131M (26%)            -                  -          
[28.030s][info][gc,heap     ] GC(274)   Garbage:         -               291M (57%)          41M (8%)           23M (5%)             -                  -          
[28.031s][info][gc,heap     ] GC(274) Reclaimed:         -                  -               250M (49%)         267M (52%)            -                  -          
[28.031s][info][gc          ] GC(274) Garbage Collection (Allocation Rate) 312M(61%)->176M(34%)
[28.080s][info][gc,start    ] GC(275) Garbage Collection (Allocation Rate)
[28.080s][info][gc,task     ] GC(275) Using 5 workers
[28.080s][info][gc,phases   ] GC(275) Pause Mark Start 0.010ms
[28.106s][info][gc,phases   ] GC(275) Concurrent Mark 25.736ms
[28.106s][info][gc,phases   ] GC(275) Pause Mark End 0.013ms
[28.106s][info][gc,phases   ] GC(275) Concurrent Mark Free 0.002ms
[28.107s][info][gc,phases   ] GC(275) Concurrent Process Non-Strong References 0.869ms
[28.107s][info][gc,phases   ] GC(275) Concurrent Reset Relocation Set 0.002ms
[28.111s][info][gc,phases   ] GC(275) Concurrent Select Relocation Set 3.856ms
[28.111s][info][gc,phases   ] GC(275) Pause Relocate Start 0.004ms
[28.114s][info][gc,phases   ] GC(275) Concurrent Relocate 2.264ms
[28.114s][info][gc,load     ] GC(275) Load: 0.00/0.00/0.00
[28.114s][info][gc,mmu      ] GC(275) MMU: 2ms/98.6%, 5ms/99.5%, 10ms/99.7%, 20ms/99.8%, 50ms/99.9%, 100ms/99.9%
[28.114s][info][gc,marking  ] GC(275) Mark: 4 stripe(s), 3 proactive flush(es), 1 terminate flush(es), 0 completion(s), 0 continuation(s) 
[28.114s][info][gc,marking  ] GC(275) Mark Stack Usage: 32M
[28.114s][info][gc,nmethod  ] GC(275) NMethods: 1353 registered, 47 unregistered
[28.114s][info][gc,metaspace] GC(275) Metaspace: 8M used, 8M committed, 1088M reserved
[28.114s][info][gc,ref      ] GC(275) Soft: 174 encountered, 0 discovered, 0 enqueued
[28.114s][info][gc,ref      ] GC(275) Weak: 570 encountered, 77 discovered, 0 enqueued
[28.114s][info][gc,ref      ] GC(275) Final: 0 encountered, 0 discovered, 0 enqueued
[28.114s][info][gc,ref      ] GC(275) Phantom: 21 encountered, 18 discovered, 0 enqueued
[28.114s][info][gc,reloc    ] GC(275) Small Pages: 148 / 296M, Empty: 250M, Relocated: 3M, In-Place: 0
[28.114s][info][gc,reloc    ] GC(275) Medium Pages: 1 / 16M, Empty: 0M, Relocated: 0M, In-Place: 0
[28.114s][info][gc,reloc    ] GC(275) Large Pages: 0 / 0M, Empty: 0M, Relocated: 0M, In-Place: 0
[28.114s][info][gc,reloc    ] GC(275) Forwarding Usage: 1M
[28.114s][info][gc,heap     ] GC(275) Min Capacity: 8M(2%)
[28.114s][info][gc,heap     ] GC(275) Max Capacity: 512M(100%)
[28.114s][info][gc,heap     ] GC(275) Soft Max Capacity: 512M(100%)
[28.114s][info][gc,heap     ] GC(275)                Mark Start          Mark End        Relocate Start      Relocate End           High               Low         
[28.114s][info][gc,heap     ] GC(275)  Capacity:      512M (100%)        512M (100%)        512M (100%)        512M (100%)        512M (100%)        512M (100%)   
[28.114s][info][gc,heap     ] GC(275)      Free:      200M (39%)         136M (27%)         372M (73%)         380M (74%)         382M (75%)         132M (26%)    
[28.114s][info][gc,heap     ] GC(275)      Used:      312M (61%)         376M (73%)         140M (27%)         132M (26%)         380M (74%)         130M (25%)    
[28.114s][info][gc,heap     ] GC(275)      Live:         -                21M (4%)           21M (4%)           21M (4%)             -                  -          
[28.114s][info][gc,heap     ] GC(275) Allocated:         -                64M (13%)          78M (15%)          83M (16%)            -                  -          
[28.114s][info][gc,heap     ] GC(275)   Garbage:         -               290M (57%)          40M (8%)           26M (5%)             -                  -          
[28.114s][info][gc,heap     ] GC(275) Reclaimed:         -                  -               250M (49%)         263M (52%)            -                  -          
[28.114s][info][gc          ] GC(275) Garbage Collection (Allocation Rate) 312M(61%)->132M(26%)
[28.180s][info][gc,start    ] GC(276) Garbage Collection (Allocation Rate)
[28.180s][info][gc,task     ] GC(276) Using 5 workers
[28.180s][info][gc,phases   ] GC(276) Pause Mark Start 0.012ms
[28.205s][info][gc,phases   ] GC(276) Concurrent Mark 24.651ms
[28.205s][info][gc,phases   ] GC(276) Pause Mark End 0.012ms
[28.205s][info][gc,phases   ] GC(276) Concurrent Mark Free 0.001ms
[28.206s][info][gc,phases   ] GC(276) Concurrent Process Non-Strong References 0.828ms
[28.206s][info][gc,phases   ] GC(276) Concurrent Reset Relocation Set 0.003ms
[28.212s][info][gc,phases   ] GC(276) Concurrent Select Relocation Set 5.448ms
[28.212s][info][gc,phases   ] GC(276) Pause Relocate Start 0.005ms
[28.216s][info][gc,phases   ] GC(276) Concurrent Relocate 4.309ms
[28.216s][info][gc,load     ] GC(276) Load: 0.00/0.00/0.00
[28.216s][info][gc,mmu      ] GC(276) MMU: 2ms/98.6%, 5ms/99.5%, 10ms/99.7%, 20ms/99.8%, 50ms/99.9%, 100ms/99.9%
[28.216s][info][gc,marking  ] GC(276) Mark: 4 stripe(s), 2 proactive flush(es), 1 terminate flush(es), 0 completion(s), 0 continuation(s) 
[28.216s][info][gc,marking  ] GC(276) Mark Stack Usage: 32M
[28.216s][info][gc,nmethod  ] GC(276) NMethods: 1353 registered, 47 unregistered
[28.216s][info][gc,metaspace] GC(276) Metaspace: 8M used, 8M committed, 1088M reserved
[28.216s][info][gc,ref      ] GC(276) Soft: 174 encountered, 0 discovered, 0 enqueued
[28.216s][info][gc,ref      ] GC(276) Weak: 570 encountered, 126 discovered, 0 enqueued
[28.216s][info][gc,ref      ] GC(276) Final: 0 encountered, 0 discovered, 0 enqueued
[28.216s][info][gc,ref      ] GC(276) Phantom: 21 encountered, 18 discovered, 0 enqueued
[28.216s][info][gc,reloc    ] GC(276) Small Pages: 140 / 280M, Empty: 234M, Relocated: 4M, In-Place: 0
[28.216s][info][gc,reloc    ] GC(276) Medium Pages: 2 / 32M, Empty: 0M, Relocated: 1M, In-Place: 0
[28.216s][info][gc,reloc    ] GC(276) Large Pages: 0 / 0M, Empty: 0M, Relocated: 0M, In-Place: 0
[28.216s][info][gc,reloc    ] GC(276) Forwarding Usage: 2M
[28.216s][info][gc,heap     ] GC(276) Min Capacity: 8M(2%)
[28.216s][info][gc,heap     ] GC(276) Max Capacity: 512M(100%)
[28.216s][info][gc,heap     ] GC(276) Soft Max Capacity: 512M(100%)
[28.217s][info][gc,heap     ] GC(276)                Mark Start          Mark End        Relocate Start      Relocate End           High               Low         
[28.217s][info][gc,heap     ] GC(276)  Capacity:      512M (100%)        512M (100%)        512M (100%)        512M (100%)        512M (100%)        512M (100%)   
[28.217s][info][gc,heap     ] GC(276)      Free:      200M (39%)         134M (26%)         350M (68%)         372M (73%)         374M (73%)         132M (26%)    
[28.217s][info][gc,heap     ] GC(276)      Used:      312M (61%)         378M (74%)         162M (32%)         140M (27%)         380M (74%)         138M (27%)    
[28.217s][info][gc,heap     ] GC(276)      Live:         -                21M (4%)           21M (4%)           21M (4%)             -                  -          
[28.217s][info][gc,heap     ] GC(276) Allocated:         -                66M (13%)          84M (16%)          93M (18%)            -                  -          
[28.217s][info][gc,heap     ] GC(276)   Garbage:         -               290M (57%)          56M (11%)          24M (5%)             -                  -          
[28.217s][info][gc,heap     ] GC(276) Reclaimed:         -                  -               234M (46%)         265M (52%)            -                  -          
[28.217s][info][gc          ] GC(276) Garbage Collection (Allocation Rate) 312M(61%)->140M(27%)
[28.280s][info][gc,start    ] GC(277) Garbage Collection (Allocation Rate)
[28.280s][info][gc,task     ] GC(277) Using 5 workers
[28.280s][info][gc,phases   ] GC(277) Pause Mark Start 0.010ms
[28.306s][info][gc,phases   ] GC(277) Concurrent Mark 25.727ms
[28.306s][info][gc,phases   ] GC(277) Pause Mark End 0.011ms
[28.306s][info][gc,phases   ] GC(277) Concurrent Mark Free 0.001ms
[28.307s][info][gc,phases   ] GC(277) Concurrent Process Non-Strong References 0.783ms
[28.307s][info][gc,phases   ] GC(277) Concurrent Reset Relocation Set 0.003ms
[28.311s][info][gc,phases   ] GC(277) Concurrent Select Relocation Set 3.869ms
[28.311s][info][gc,phases   ] GC(277) Pause Relocate Start 0.005ms
[28.313s][info][gc,phases   ] GC(277) Concurrent Relocate 2.429ms
[28.313s][info][gc,load     ] GC(277) Load: 0.00/0.00/0.00
[28.313s][info][gc,mmu      ] GC(277) MMU: 2ms/98.6%, 5ms/99.5%, 10ms/99.7%, 20ms/99.8%, 50ms/99.9%, 100ms/99.9%
[28.313s][info][gc,marking  ] GC(277) Mark: 4 stripe(s), 2 proactive flush(es), 1 terminate flush(es), 0 completion(s), 0 continuation(s) 
[28.314s][info][gc,marking  ] GC(277) Mark Stack Usage: 32M
[28.314s][info][gc,nmethod  ] GC(277) NMethods: 1353 registered, 47 unregistered
[28.314s][info][gc,metaspace] GC(277) Metaspace: 8M used, 8M committed, 1088M reserved
[28.314s][info][gc,ref      ] GC(277) Soft: 174 encountered, 0 discovered, 0 enqueued
[28.314s][info][gc,ref      ] GC(277) Weak: 570 encountered, 3 discovered, 0 enqueued
[28.314s][info][gc,ref      ] GC(277) Final: 0 encountered, 0 discovered, 0 enqueued
[28.314s][info][gc,ref      ] GC(277) Phantom: 21 encountered, 17 discovered, 0 enqueued
[28.314s][info][gc,reloc    ] GC(277) Small Pages: 149 / 298M, Empty: 248M, Relocated: 2M, In-Place: 0
[28.314s][info][gc,reloc    ] GC(277) Medium Pages: 1 / 16M, Empty: 0M, Relocated: 0M, In-Place: 0
[28.314s][info][gc,reloc    ] GC(277) Large Pages: 0 / 0M, Empty: 0M, Relocated: 0M, In-Place: 0
[28.314s][info][gc,reloc    ] GC(277) Forwarding Usage: 1M
[28.314s][info][gc,heap     ] GC(277) Min Capacity: 8M(2%)
[28.314s][info][gc,heap     ] GC(277) Max Capacity: 512M(100%)
[28.314s][info][gc,heap     ] GC(277) Soft Max Capacity: 512M(100%)
[28.314s][info][gc,heap     ] GC(277)                Mark Start          Mark End        Relocate Start      Relocate End           High               Low         
[28.314s][info][gc,heap     ] GC(277)  Capacity:      512M (100%)        512M (100%)        512M (100%)        512M (100%)        512M (100%)        512M (100%)   
[28.314s][info][gc,heap     ] GC(277)      Free:      198M (39%)         148M (29%)         382M (75%)         392M (77%)         394M (77%)         146M (29%)    
[28.314s][info][gc,heap     ] GC(277)      Used:      314M (61%)         364M (71%)         130M (25%)         120M (23%)         366M (71%)         118M (23%)    
[28.314s][info][gc,heap     ] GC(277)      Live:         -                22M (4%)           22M (4%)           22M (4%)             -                  -          
[28.314s][info][gc,heap     ] GC(277) Allocated:         -                50M (10%)          64M (13%)          69M (14%)            -                  -          
[28.314s][info][gc,heap     ] GC(277)   Garbage:         -               291M (57%)          43M (8%)           27M (5%)             -                  -          
[28.314s][info][gc,heap     ] GC(277) Reclaimed:         -                  -               248M (48%)         263M (52%)            -                  -          
[28.314s][info][gc          ] GC(277) Garbage Collection (Allocation Rate) 314M(61%)->120M(23%)
[28.381s][info][gc,start    ] GC(278) Garbage Collection (Allocation Rate)
[28.381s][info][gc,task     ] GC(278) Using 5 workers
[28.381s][info][gc,phases   ] GC(278) Pause Mark Start 0.011ms
[28.405s][info][gc,phases   ] GC(278) Concurrent Mark 23.688ms
[28.405s][info][gc,phases   ] GC(278) Pause Mark End 0.012ms
[28.405s][info][gc,phases   ] GC(278) Concurrent Mark Free 0.001ms
[28.406s][info][gc,phases   ] GC(278) Concurrent Process Non-Strong References 0.767ms
[28.406s][info][gc,phases   ] GC(278) Concurrent Reset Relocation Set 0.002ms
[28.411s][info][gc,phases   ] GC(278) Concurrent Select Relocation Set 5.349ms
[28.411s][info][gc,phases   ] GC(278) Pause Relocate Start 0.007ms
[28.414s][info][gc,phases   ] GC(278) Concurrent Relocate 3.279ms
[28.415s][info][gc,load     ] GC(278) Load: 0.00/0.00/0.00
[28.415s][info][gc,mmu      ] GC(278) MMU: 2ms/98.6%, 5ms/99.5%, 10ms/99.7%, 20ms/99.8%, 50ms/99.9%, 100ms/99.9%
[28.415s][info][gc,marking  ] GC(278) Mark: 4 stripe(s), 2 proactive flush(es), 1 terminate flush(es), 0 completion(s), 0 continuation(s) 
[28.415s][info][gc,marking  ] GC(278) Mark Stack Usage: 32M
[28.415s][info][gc,nmethod  ] GC(278) NMethods: 1353 registered, 47 unregistered
[28.415s][info][gc,metaspace] GC(278) Metaspace: 8M used, 8M committed, 1088M reserved
[28.415s][info][gc,ref      ] GC(278) Soft: 174 encountered, 0 discovered, 0 enqueued
[28.415s][info][gc,ref      ] GC(278) Weak: 570 encountered, 70 discovered, 0 enqueued
[28.415s][info][gc,ref      ] GC(278) Final: 0 encountered, 0 discovered, 0 enqueued
[28.415s][info][gc,ref      ] GC(278) Phantom: 21 encountered, 18 discovered, 0 enqueued
[28.415s][info][gc,reloc    ] GC(278) Small Pages: 143 / 286M, Empty: 240M, Relocated: 3M, In-Place: 0
[28.415s][info][gc,reloc    ] GC(278) Medium Pages: 1 / 16M, Empty: 0M, Relocated: 0M, In-Place: 0
[28.415s][info][gc,reloc    ] GC(278) Large Pages: 0 / 0M, Empty: 0M, Relocated: 0M, In-Place: 0
[28.415s][info][gc,reloc    ] GC(278) Forwarding Usage: 1M
[28.415s][info][gc,heap     ] GC(278) Min Capacity: 8M(2%)
[28.415s][info][gc,heap     ] GC(278) Max Capacity: 512M(100%)
[28.415s][info][gc,heap     ] GC(278) Soft Max Capacity: 512M(100%)
[28.415s][info][gc,heap     ] GC(278)                Mark Start          Mark End        Relocate Start      Relocate End           High               Low         
[28.415s][info][gc,heap     ] GC(278)  Capacity:      512M (100%)        512M (100%)        512M (100%)        512M (100%)        512M (100%)        512M (100%)   
[28.415s][info][gc,heap     ] GC(278)      Free:      210M (41%)         146M (29%)         370M (72%)         372M (73%)         376M (73%)         144M (28%)    
[28.415s][info][gc,heap     ] GC(278)      Used:      302M (59%)         366M (71%)         142M (28%)         140M (27%)         368M (72%)         136M (27%)    
[28.415s][info][gc,heap     ] GC(278)      Live:         -                23M (5%)           23M (5%)           23M (5%)             -                  -          
[28.415s][info][gc,heap     ] GC(278) Allocated:         -                64M (13%)          80M (16%)          89M (18%)            -                  -          
[28.415s][info][gc,heap     ] GC(278)   Garbage:         -               278M (54%)          38M (8%)           26M (5%)             -                  -          
[28.415s][info][gc,heap     ] GC(278) Reclaimed:         -                  -               240M (47%)         251M (49%)            -                  -          
[28.415s][info][gc          ] GC(278) Garbage Collection (Allocation Rate) 302M(59%)->140M(27%)
[28.481s][info][gc,start    ] GC(279) Garbage Collection (Allocation Rate)
[28.481s][info][gc,task     ] GC(279) Using 5 workers
[28.481s][info][gc,phases   ] GC(279) Pause Mark Start 0.008ms
[28.506s][info][gc,phases   ] GC(279) Concurrent Mark 24.785ms
[28.506s][info][gc,phases   ] GC(279) Pause Mark End 0.012ms
[28.506s][info][gc,phases   ] GC(279) Concurrent Mark Free 0.001ms
[28.506s][info][gc,phases   ] GC(279) Concurrent Process Non-Strong References 0.735ms
[28.506s][info][gc,phases   ] GC(279) Concurrent Reset Relocation Set 0.003ms
[28.513s][info][gc,phases   ] GC(279) Concurrent Select Relocation Set 5.990ms
[28.513s][info][gc,phases   ] GC(279) Pause Relocate Start 0.006ms
[28.516s][info][gc,phases   ] GC(279) Concurrent Relocate 3.439ms
[28.516s][info][gc,load     ] GC(279) Load: 0.00/0.00/0.00
[28.516s][info][gc,mmu      ] GC(279) MMU: 2ms/98.6%, 5ms/99.5%, 10ms/99.7%, 20ms/99.8%, 50ms/99.9%, 100ms/99.9%
[28.516s][info][gc,marking  ] GC(279) Mark: 4 stripe(s), 3 proactive flush(es), 1 terminate flush(es), 0 completion(s), 0 continuation(s) 
[28.516s][info][gc,marking  ] GC(279) Mark Stack Usage: 32M
[28.516s][info][gc,nmethod  ] GC(279) NMethods: 1353 registered, 47 unregistered
[28.516s][info][gc,metaspace] GC(279) Metaspace: 8M used, 8M committed, 1088M reserved
[28.516s][info][gc,ref      ] GC(279) Soft: 174 encountered, 0 discovered, 0 enqueued
[28.516s][info][gc,ref      ] GC(279) Weak: 570 encountered, 3 discovered, 0 enqueued
[28.516s][info][gc,ref      ] GC(279) Final: 0 encountered, 0 discovered, 0 enqueued
[28.516s][info][gc,ref      ] GC(279) Phantom: 21 encountered, 17 discovered, 0 enqueued
[28.517s][info][gc,reloc    ] GC(279) Small Pages: 150 / 300M, Empty: 248M, Relocated: 6M, In-Place: 0
[28.517s][info][gc,reloc    ] GC(279) Medium Pages: 1 / 16M, Empty: 0M, Relocated: 0M, In-Place: 0
[28.517s][info][gc,reloc    ] GC(279) Large Pages: 0 / 0M, Empty: 0M, Relocated: 0M, In-Place: 0
[28.517s][info][gc,reloc    ] GC(279) Forwarding Usage: 2M
[28.517s][info][gc,heap     ] GC(279) Min Capacity: 8M(2%)
[28.517s][info][gc,heap     ] GC(279) Max Capacity: 512M(100%)
[28.517s][info][gc,heap     ] GC(279) Soft Max Capacity: 512M(100%)
[28.517s][info][gc,heap     ] GC(279)                Mark Start          Mark End        Relocate Start      Relocate End           High               Low         
[28.517s][info][gc,heap     ] GC(279)  Capacity:      512M (100%)        512M (100%)        512M (100%)        512M (100%)        512M (100%)        512M (100%)   
[28.517s][info][gc,heap     ] GC(279)      Free:      196M (38%)         136M (27%)         380M (74%)         402M (79%)         402M (79%)         136M (27%)    
[28.517s][info][gc,heap     ] GC(279)      Used:      316M (62%)         376M (73%)         132M (26%)         110M (21%)         376M (73%)         110M (21%)    
[28.517s][info][gc,heap     ] GC(279)      Live:         -                23M (5%)           23M (5%)           23M (5%)             -                  -          
[28.517s][info][gc,heap     ] GC(279) Allocated:         -                60M (12%)          64M (13%)          63M (12%)            -                  -          
[28.517s][info][gc,heap     ] GC(279)   Garbage:         -               292M (57%)          44M (9%)           22M (4%)             -                  -          
[28.517s][info][gc,heap     ] GC(279) Reclaimed:         -                  -               248M (48%)         269M (53%)            -                  -          
[28.517s][info][gc          ] GC(279) Garbage Collection (Allocation Rate) 316M(62%)->110M(21%)
[28.580s][info][gc,start    ] GC(280) Garbage Collection (Allocation Rate)
[28.580s][info][gc,task     ] GC(280) Using 5 workers
[28.581s][info][gc,phases   ] GC(280) Pause Mark Start 0.016ms
[28.606s][info][gc,phases   ] GC(280) Concurrent Mark 25.646ms
[28.606s][info][gc,phases   ] GC(280) Pause Mark End 0.011ms
[28.606s][info][gc,phases   ] GC(280) Concurrent Mark Free 0.001ms
[28.607s][info][gc,phases   ] GC(280) Concurrent Process Non-Strong References 0.803ms
[28.607s][info][gc,phases   ] GC(280) Concurrent Reset Relocation Set 0.003ms
[28.611s][info][gc,phases   ] GC(280) Concurrent Select Relocation Set 3.818ms
[28.611s][info][gc,phases   ] GC(280) Pause Relocate Start 0.005ms
[28.615s][info][gc,phases   ] GC(280) Concurrent Relocate 3.752ms
[28.615s][info][gc,load     ] GC(280) Load: 0.00/0.00/0.00
[28.615s][info][gc,mmu      ] GC(280) MMU: 2ms/98.6%, 5ms/99.5%, 10ms/99.7%, 20ms/99.8%, 50ms/99.9%, 100ms/99.9%
[28.615s][info][gc,marking  ] GC(280) Mark: 4 stripe(s), 2 proactive flush(es), 1 terminate flush(es), 0 completion(s), 0 continuation(s) 
[28.615s][info][gc,marking  ] GC(280) Mark Stack Usage: 32M
[28.615s][info][gc,nmethod  ] GC(280) NMethods: 1353 registered, 47 unregistered
[28.615s][info][gc,metaspace] GC(280) Metaspace: 8M used, 8M committed, 1088M reserved
[28.615s][info][gc,ref      ] GC(280) Soft: 174 encountered, 0 discovered, 0 enqueued
[28.615s][info][gc,ref      ] GC(280) Weak: 570 encountered, 111 discovered, 0 enqueued
[28.615s][info][gc,ref      ] GC(280) Final: 0 encountered, 0 discovered, 0 enqueued
[28.615s][info][gc,ref      ] GC(280) Phantom: 21 encountered, 14 discovered, 0 enqueued
[28.615s][info][gc,reloc    ] GC(280) Small Pages: 118 / 236M, Empty: 186M, Relocated: 4M, In-Place: 0
[28.615s][info][gc,reloc    ] GC(280) Medium Pages: 2 / 32M, Empty: 0M, Relocated: 2M, In-Place: 0
[28.616s][info][gc,reloc    ] GC(280) Large Pages: 0 / 0M, Empty: 0M, Relocated: 0M, In-Place: 0
[28.616s][info][gc,reloc    ] GC(280) Forwarding Usage: 2M
[28.616s][info][gc,heap     ] GC(280) Min Capacity: 8M(2%)
[28.616s][info][gc,heap     ] GC(280) Max Capacity: 512M(100%)
[28.616s][info][gc,heap     ] GC(280) Soft Max Capacity: 512M(100%)
[28.616s][info][gc,heap     ] GC(280)                Mark Start          Mark End        Relocate Start      Relocate End           High               Low         
[28.616s][info][gc,heap     ] GC(280)  Capacity:      512M (100%)        512M (100%)        512M (100%)        512M (100%)        512M (100%)        512M (100%)   
[28.616s][info][gc,heap     ] GC(280)      Free:      244M (48%)         176M (34%)         350M (68%)         372M (73%)         372M (73%)         174M (34%)    
[28.616s][info][gc,heap     ] GC(280)      Used:      268M (52%)         336M (66%)         162M (32%)         140M (27%)         338M (66%)         140M (27%)    
[28.616s][info][gc,heap     ] GC(280)      Live:         -                24M (5%)           24M (5%)           24M (5%)             -                  -          
[28.616s][info][gc,heap     ] GC(280) Allocated:         -                68M (13%)          80M (16%)          89M (18%)            -                  -          
[28.616s][info][gc,heap     ] GC(280)   Garbage:         -               243M (48%)          57M (11%)          25M (5%)             -                  -          
[28.616s][info][gc,heap     ] GC(280) Reclaimed:         -                  -               186M (36%)         217M (43%)            -                  -          
[28.616s][info][gc          ] GC(280) Garbage Collection (Allocation Rate) 268M(52%)->140M(27%)
[28.680s][info][gc,start    ] GC(281) Garbage Collection (Allocation Rate)
[28.680s][info][gc,task     ] GC(281) Using 5 workers
[28.680s][info][gc,phases   ] GC(281) Pause Mark Start 0.010ms
[28.707s][info][gc,phases   ] GC(281) Concurrent Mark 26.721ms
[28.707s][info][gc,phases   ] GC(281) Pause Mark End 0.011ms
[28.707s][info][gc,phases   ] GC(281) Concurrent Mark Free 0.001ms
[28.708s][info][gc,phases   ] GC(281) Concurrent Process Non-Strong References 0.697ms
[28.708s][info][gc,phases   ] GC(281) Concurrent Reset Relocation Set 0.002ms
[28.715s][info][gc,phases   ] GC(281) Concurrent Select Relocation Set 6.528ms
[28.715s][info][gc,phases   ] GC(281) Pause Relocate Start 0.004ms
[28.719s][info][gc,phases   ] GC(281) Concurrent Relocate 3.896ms
[28.719s][info][gc,load     ] GC(281) Load: 0.00/0.00/0.00
[28.719s][info][gc,mmu      ] GC(281) MMU: 2ms/98.6%, 5ms/99.5%, 10ms/99.7%, 20ms/99.8%, 50ms/99.9%, 100ms/99.9%
[28.719s][info][gc,marking  ] GC(281) Mark: 4 stripe(s), 2 proactive flush(es), 1 terminate flush(es), 0 completion(s), 0 continuation(s) 
[28.719s][info][gc,marking  ] GC(281) Mark Stack Usage: 32M
[28.719s][info][gc,nmethod  ] GC(281) NMethods: 1353 registered, 47 unregistered
[28.719s][info][gc,metaspace] GC(281) Metaspace: 8M used, 8M committed, 1088M reserved
[28.719s][info][gc,ref      ] GC(281) Soft: 174 encountered, 0 discovered, 0 enqueued
[28.719s][info][gc,ref      ] GC(281) Weak: 570 encountered, 116 discovered, 0 enqueued
[28.719s][info][gc,ref      ] GC(281) Final: 0 encountered, 0 discovered, 0 enqueued
[28.719s][info][gc,ref      ] GC(281) Phantom: 21 encountered, 9 discovered, 0 enqueued
[28.719s][info][gc,reloc    ] GC(281) Small Pages: 150 / 300M, Empty: 254M, Relocated: 6M, In-Place: 0
[28.719s][info][gc,reloc    ] GC(281) Medium Pages: 1 / 16M, Empty: 0M, Relocated: 0M, In-Place: 0
[28.719s][info][gc,reloc    ] GC(281) Large Pages: 0 / 0M, Empty: 0M, Relocated: 0M, In-Place: 0
[28.719s][info][gc,reloc    ] GC(281) Forwarding Usage: 2M
[28.719s][info][gc,heap     ] GC(281) Min Capacity: 8M(2%)
[28.719s][info][gc,heap     ] GC(281) Max Capacity: 512M(100%)
[28.719s][info][gc,heap     ] GC(281) Soft Max Capacity: 512M(100%)
[28.719s][info][gc,heap     ] GC(281)                Mark Start          Mark End        Relocate Start      Relocate End           High               Low         
[28.719s][info][gc,heap     ] GC(281)  Capacity:      512M (100%)        512M (100%)        512M (100%)        512M (100%)        512M (100%)        512M (100%)   
[28.719s][info][gc,heap     ] GC(281)      Free:      196M (38%)         122M (24%)         356M (70%)         364M (71%)         364M (71%)         120M (23%)    
[28.719s][info][gc,heap     ] GC(281)      Used:      316M (62%)         390M (76%)         156M (30%)         148M (29%)         392M (77%)         148M (29%)    
[28.719s][info][gc,heap     ] GC(281)      Live:         -                25M (5%)           25M (5%)           25M (5%)             -                  -          
[28.719s][info][gc,heap     ] GC(281) Allocated:         -                74M (14%)          94M (18%)          99M (20%)            -                  -          
[28.719s][info][gc,heap     ] GC(281)   Garbage:         -               290M (57%)          36M (7%)           22M (4%)             -                  -          
[28.719s][info][gc,heap     ] GC(281) Reclaimed:         -                  -               254M (50%)         267M (52%)            -                  -          
[28.720s][info][gc          ] GC(281) Garbage Collection (Allocation Rate) 316M(62%)->148M(29%)
[28.780s][info][gc,start    ] GC(282) Garbage Collection (Allocation Rate)
[28.780s][info][gc,task     ] GC(282) Using 5 workers
[28.780s][info][gc,phases   ] GC(282) Pause Mark Start 0.016ms
[28.808s][info][gc,phases   ] GC(282) Concurrent Mark 27.644ms
[28.808s][info][gc,phases   ] GC(282) Pause Mark End 0.016ms
[28.808s][info][gc,phases   ] GC(282) Concurrent Mark Free 0.001ms
[28.809s][info][gc,phases   ] GC(282) Concurrent Process Non-Strong References 0.795ms
[28.809s][info][gc,phases   ] GC(282) Concurrent Reset Relocation Set 0.001ms
[28.813s][info][gc,phases   ] GC(282) Concurrent Select Relocation Set 4.352ms
[28.814s][info][gc,phases   ] GC(282) Pause Relocate Start 0.007ms
[28.817s][info][gc,phases   ] GC(282) Concurrent Relocate 3.028ms
[28.817s][info][gc,load     ] GC(282) Load: 0.00/0.00/0.00
[28.817s][info][gc,mmu      ] GC(282) MMU: 2ms/98.6%, 5ms/99.5%, 10ms/99.7%, 20ms/99.8%, 50ms/99.9%, 100ms/99.9%
[28.817s][info][gc,marking  ] GC(282) Mark: 4 stripe(s), 2 proactive flush(es), 1 terminate flush(es), 0 completion(s), 0 continuation(s) 
[28.817s][info][gc,marking  ] GC(282) Mark Stack Usage: 32M
[28.817s][info][gc,nmethod  ] GC(282) NMethods: 1353 registered, 47 unregistered
[28.817s][info][gc,metaspace] GC(282) Metaspace: 8M used, 8M committed, 1088M reserved
[28.817s][info][gc,ref      ] GC(282) Soft: 174 encountered, 0 discovered, 0 enqueued
[28.817s][info][gc,ref      ] GC(282) Weak: 570 encountered, 187 discovered, 0 enqueued
[28.817s][info][gc,ref      ] GC(282) Final: 0 encountered, 0 discovered, 0 enqueued
[28.817s][info][gc,ref      ] GC(282) Phantom: 21 encountered, 19 discovered, 0 enqueued
[28.817s][info][gc,reloc    ] GC(282) Small Pages: 140 / 280M, Empty: 238M, Relocated: 6M, In-Place: 0
[28.817s][info][gc,reloc    ] GC(282) Medium Pages: 2 / 32M, Empty: 0M, Relocated: 2M, In-Place: 0
[28.817s][info][gc,reloc    ] GC(282) Large Pages: 0 / 0M, Empty: 0M, Relocated: 0M, In-Place: 0
[28.817s][info][gc,reloc    ] GC(282) Forwarding Usage: 2M
[28.817s][info][gc,heap     ] GC(282) Min Capacity: 8M(2%)
[28.817s][info][gc,heap     ] GC(282) Max Capacity: 512M(100%)
[28.817s][info][gc,heap     ] GC(282) Soft Max Capacity: 512M(100%)
[28.817s][info][gc,heap     ] GC(282)                Mark Start          Mark End        Relocate Start      Relocate End           High               Low         
[28.817s][info][gc,heap     ] GC(282)  Capacity:      512M (100%)        512M (100%)        512M (100%)        512M (100%)        512M (100%)        512M (100%)   
[28.817s][info][gc,heap     ] GC(282)      Free:      200M (39%)         126M (25%)         350M (68%)         368M (72%)         368M (72%)         124M (24%)    
[28.817s][info][gc,heap     ] GC(282)      Used:      312M (61%)         386M (75%)         162M (32%)         144M (28%)         388M (76%)         144M (28%)    
[28.817s][info][gc,heap     ] GC(282)      Live:         -                26M (5%)           26M (5%)           26M (5%)             -                  -          
[28.817s][info][gc,heap     ] GC(282) Allocated:         -                74M (14%)          88M (17%)          95M (19%)            -                  -          
[28.817s][info][gc,heap     ] GC(282)   Garbage:         -               285M (56%)          47M (9%)           21M (4%)             -                  -          
[28.817s][info][gc,heap     ] GC(282) Reclaimed:         -                  -               238M (46%)         263M (52%)            -                  -          
[28.817s][info][gc          ] GC(282) Garbage Collection (Allocation Rate) 312M(61%)->144M(28%)
[28.880s][info][gc,start    ] GC(283) Garbage Collection (Allocation Rate)
[28.880s][info][gc,task     ] GC(283) Using 5 workers
[28.880s][info][gc,phases   ] GC(283) Pause Mark Start 0.013ms
[28.908s][info][gc,phases   ] GC(283) Concurrent Mark 27.674ms
[28.908s][info][gc,phases   ] GC(283) Pause Mark End 0.014ms
[28.908s][info][gc,phases   ] GC(283) Concurrent Mark Free 0.001ms
[28.909s][info][gc,phases   ] GC(283) Concurrent Process Non-Strong References 0.651ms
[28.909s][info][gc,phases   ] GC(283) Concurrent Reset Relocation Set 0.002ms
[28.912s][info][gc,phases   ] GC(283) Concurrent Select Relocation Set 3.159ms
[28.912s][info][gc,phases   ] GC(283) Pause Relocate Start 0.004ms
[28.914s][info][gc,phases   ] GC(283) Concurrent Relocate 1.813ms
[28.914s][info][gc,load     ] GC(283) Load: 0.00/0.00/0.00
[28.914s][info][gc,mmu      ] GC(283) MMU: 2ms/98.6%, 5ms/99.5%, 10ms/99.7%, 20ms/99.8%, 50ms/99.9%, 100ms/99.9%
[28.914s][info][gc,marking  ] GC(283) Mark: 4 stripe(s), 2 proactive flush(es), 1 terminate flush(es), 0 completion(s), 0 continuation(s) 
[28.914s][info][gc,marking  ] GC(283) Mark Stack Usage: 32M
[28.914s][info][gc,nmethod  ] GC(283) NMethods: 1353 registered, 47 unregistered
[28.914s][info][gc,metaspace] GC(283) Metaspace: 8M used, 8M committed, 1088M reserved
[28.914s][info][gc,ref      ] GC(283) Soft: 174 encountered, 0 discovered, 0 enqueued
[28.914s][info][gc,ref      ] GC(283) Weak: 570 encountered, 244 discovered, 0 enqueued
[28.914s][info][gc,ref      ] GC(283) Final: 0 encountered, 0 discovered, 0 enqueued
[28.914s][info][gc,ref      ] GC(283) Phantom: 21 encountered, 16 discovered, 0 enqueued
[28.914s][info][gc,reloc    ] GC(283) Small Pages: 149 / 298M, Empty: 256M, Relocated: 3M, In-Place: 0
[28.914s][info][gc,reloc    ] GC(283) Medium Pages: 1 / 16M, Empty: 0M, Relocated: 0M, In-Place: 0
[28.914s][info][gc,reloc    ] GC(283) Large Pages: 0 / 0M, Empty: 0M, Relocated: 0M, In-Place: 0
[28.914s][info][gc,reloc    ] GC(283) Forwarding Usage: 1M
[28.914s][info][gc,heap     ] GC(283) Min Capacity: 8M(2%)
[28.914s][info][gc,heap     ] GC(283) Max Capacity: 512M(100%)
[28.914s][info][gc,heap     ] GC(283) Soft Max Capacity: 512M(100%)
[28.914s][info][gc,heap     ] GC(283)                Mark Start          Mark End        Relocate Start      Relocate End           High               Low         
[28.914s][info][gc,heap     ] GC(283)  Capacity:      512M (100%)        512M (100%)        512M (100%)        512M (100%)        512M (100%)        512M (100%)   
[28.914s][info][gc,heap     ] GC(283)      Free:      198M (39%)         126M (25%)         370M (72%)         370M (72%)         380M (74%)         124M (24%)    
[28.914s][info][gc,heap     ] GC(283)      Used:      314M (61%)         386M (75%)         142M (28%)         142M (28%)         388M (76%)         132M (26%)    
[28.914s][info][gc,heap     ] GC(283)      Live:         -                26M (5%)           26M (5%)           26M (5%)             -                  -          
[28.914s][info][gc,heap     ] GC(283) Allocated:         -                72M (14%)          84M (16%)          87M (17%)            -                  -          
[28.914s][info][gc,heap     ] GC(283)   Garbage:         -               287M (56%)          31M (6%)           27M (5%)             -                  -          
[28.914s][info][gc,heap     ] GC(283) Reclaimed:         -                  -               256M (50%)         259M (51%)            -                  -          
[28.914s][info][gc          ] GC(283) Garbage Collection (Allocation Rate) 314M(61%)->142M(28%)
[28.981s][info][gc,start    ] GC(284) Garbage Collection (Allocation Rate)
[28.981s][info][gc,task     ] GC(284) Using 5 workers
[28.981s][info][gc,phases   ] GC(284) Pause Mark Start 0.013ms
[29.017s][info][gc,phases   ] GC(284) Concurrent Mark 35.550ms
[29.017s][info][gc,phases   ] GC(284) Pause Mark End 0.013ms
[29.017s][info][gc,phases   ] GC(284) Concurrent Mark Free 0.002ms
[29.018s][info][gc,phases   ] GC(284) Concurrent Process Non-Strong References 0.749ms
[29.018s][info][gc,phases   ] GC(284) Concurrent Reset Relocation Set 0.001ms
[29.021s][info][gc,phases   ] GC(284) Concurrent Select Relocation Set 3.698ms
[29.021s][info][gc,phases   ] GC(284) Pause Relocate Start 0.004ms
[29.022s][info][gc,phases   ] GC(284) Concurrent Relocate 0.954ms
[29.022s][info][gc,load     ] GC(284) Load: 0.00/0.00/0.00
[29.022s][info][gc,mmu      ] GC(284) MMU: 2ms/98.6%, 5ms/99.5%, 10ms/99.7%, 20ms/99.8%, 50ms/99.9%, 100ms/99.9%
[29.022s][info][gc,marking  ] GC(284) Mark: 4 stripe(s), 2 proactive flush(es), 1 terminate flush(es), 0 completion(s), 0 continuation(s) 
[29.023s][info][gc,marking  ] GC(284) Mark Stack Usage: 32M
[29.023s][info][gc,nmethod  ] GC(284) NMethods: 1353 registered, 47 unregistered
[29.023s][info][gc,metaspace] GC(284) Metaspace: 8M used, 8M committed, 1088M reserved
[29.023s][info][gc,ref      ] GC(284) Soft: 174 encountered, 0 discovered, 0 enqueued
[29.023s][info][gc,ref      ] GC(284) Weak: 570 encountered, 155 discovered, 0 enqueued
[29.023s][info][gc,ref      ] GC(284) Final: 0 encountered, 0 discovered, 0 enqueued
[29.023s][info][gc,ref      ] GC(284) Phantom: 21 encountered, 8 discovered, 0 enqueued
[29.023s][info][gc,reloc    ] GC(284) Small Pages: 139 / 278M, Empty: 224M, Relocated: 1M, In-Place: 0
[29.023s][info][gc,reloc    ] GC(284) Medium Pages: 1 / 16M, Empty: 0M, Relocated: 0M, In-Place: 0
[29.023s][info][gc,reloc    ] GC(284) Large Pages: 0 / 0M, Empty: 0M, Relocated: 0M, In-Place: 0
[29.023s][info][gc,reloc    ] GC(284) Forwarding Usage: 0M
[29.023s][info][gc,heap     ] GC(284) Min Capacity: 8M(2%)
[29.023s][info][gc,heap     ] GC(284) Max Capacity: 512M(100%)
[29.023s][info][gc,heap     ] GC(284) Soft Max Capacity: 512M(100%)
[29.023s][info][gc,heap     ] GC(284)                Mark Start          Mark End        Relocate Start      Relocate End           High               Low         
[29.023s][info][gc,heap     ] GC(284)  Capacity:      512M (100%)        512M (100%)        512M (100%)        512M (100%)        512M (100%)        512M (100%)   
[29.023s][info][gc,heap     ] GC(284)      Free:      218M (43%)         172M (34%)         384M (75%)         394M (77%)         394M (77%)         170M (33%)    
[29.023s][info][gc,heap     ] GC(284)      Used:      294M (57%)         340M (66%)         128M (25%)         118M (23%)         342M (67%)         118M (23%)    
[29.023s][info][gc,heap     ] GC(284)      Live:         -                27M (5%)           27M (5%)           27M (5%)             -                  -          
[29.023s][info][gc,heap     ] GC(284) Allocated:         -                46M (9%)           58M (11%)          59M (12%)            -                  -          
[29.023s][info][gc,heap     ] GC(284)   Garbage:         -               266M (52%)          42M (8%)           30M (6%)             -                  -          
[29.023s][info][gc,heap     ] GC(284) Reclaimed:         -                  -               224M (44%)         235M (46%)            -                  -          
[29.023s][info][gc          ] GC(284) Garbage Collection (Allocation Rate) 294M(57%)->118M(23%)
[29.095s][info][gc,start    ] GC(285) Garbage Collection (Allocation Rate)
[29.095s][info][gc,task     ] GC(285) Using 5 workers
[29.095s][info][gc,phases   ] GC(285) Pause Mark Start 0.011ms
[29.126s][info][gc,phases   ] GC(285) Concurrent Mark 30.622ms
[29.126s][info][gc,phases   ] GC(285) Pause Mark End 0.010ms
[29.126s][info][gc,phases   ] GC(285) Concurrent Mark Free 0.001ms
[29.127s][info][gc,phases   ] GC(285) Concurrent Process Non-Strong References 0.685ms
[29.127s][info][gc,phases   ] GC(285) Concurrent Reset Relocation Set 0.003ms
[29.132s][info][gc,phases   ] GC(285) Concurrent Select Relocation Set 4.818ms
[29.132s][info][gc,phases   ] GC(285) Pause Relocate Start 0.005ms
[29.134s][info][gc,phases   ] GC(285) Concurrent Relocate 2.255ms
[29.134s][info][gc,load     ] GC(285) Load: 0.00/0.00/0.00
[29.134s][info][gc,mmu      ] GC(285) MMU: 2ms/98.6%, 5ms/99.5%, 10ms/99.7%, 20ms/99.8%, 50ms/99.9%, 100ms/99.9%
[29.134s][info][gc,marking  ] GC(285) Mark: 4 stripe(s), 2 proactive flush(es), 1 terminate flush(es), 0 completion(s), 0 continuation(s) 
[29.134s][info][gc,marking  ] GC(285) Mark Stack Usage: 32M
[29.134s][info][gc,nmethod  ] GC(285) NMethods: 1353 registered, 47 unregistered
[29.134s][info][gc,metaspace] GC(285) Metaspace: 8M used, 8M committed, 1088M reserved
[29.134s][info][gc,ref      ] GC(285) Soft: 174 encountered, 0 discovered, 0 enqueued
[29.134s][info][gc,ref      ] GC(285) Weak: 570 encountered, 211 discovered, 0 enqueued
[29.134s][info][gc,ref      ] GC(285) Final: 0 encountered, 0 discovered, 0 enqueued
[29.134s][info][gc,ref      ] GC(285) Phantom: 21 encountered, 11 discovered, 0 enqueued
[29.134s][info][gc,reloc    ] GC(285) Small Pages: 151 / 302M, Empty: 246M, Relocated: 3M, In-Place: 0
[29.134s][info][gc,reloc    ] GC(285) Medium Pages: 1 / 16M, Empty: 0M, Relocated: 0M, In-Place: 0
[29.134s][info][gc,reloc    ] GC(285) Large Pages: 0 / 0M, Empty: 0M, Relocated: 0M, In-Place: 0
[29.134s][info][gc,reloc    ] GC(285) Forwarding Usage: 1M
[29.135s][info][gc,heap     ] GC(285) Min Capacity: 8M(2%)
[29.135s][info][gc,heap     ] GC(285) Max Capacity: 512M(100%)
[29.135s][info][gc,heap     ] GC(285) Soft Max Capacity: 512M(100%)
[29.135s][info][gc,heap     ] GC(285)                Mark Start          Mark End        Relocate Start      Relocate End           High               Low         
[29.135s][info][gc,heap     ] GC(285)  Capacity:      512M (100%)        512M (100%)        512M (100%)        512M (100%)        512M (100%)        512M (100%)   
[29.135s][info][gc,heap     ] GC(285)      Free:      194M (38%)         114M (22%)         344M (67%)         354M (69%)         354M (69%)         112M (22%)    
[29.135s][info][gc,heap     ] GC(285)      Used:      318M (62%)         398M (78%)         168M (33%)         158M (31%)         400M (78%)         158M (31%)    
[29.135s][info][gc,heap     ] GC(285)      Live:         -                28M (6%)           28M (6%)           28M (6%)             -                  -          
[29.135s][info][gc,heap     ] GC(285) Allocated:         -                80M (16%)          96M (19%)         101M (20%)            -                  -          
[29.135s][info][gc,heap     ] GC(285)   Garbage:         -               289M (57%)          43M (9%)           27M (5%)             -                  -          
[29.135s][info][gc,heap     ] GC(285) Reclaimed:         -                  -               246M (48%)         261M (51%)            -                  -          
[29.135s][info][gc          ] GC(285) Garbage Collection (Allocation Rate) 318M(62%)->158M(31%)
[29.188s][info][gc,start    ] GC(286) Garbage Collection (Allocation Rate)
[29.188s][info][gc,task     ] GC(286) Using 5 workers
[29.189s][info][gc,phases   ] GC(286) Pause Mark Start 0.013ms
[29.220s][info][gc,phases   ] GC(286) Concurrent Mark 30.994ms
[29.220s][info][gc,phases   ] GC(286) Pause Mark End 0.013ms
[29.220s][info][gc,phases   ] GC(286) Concurrent Mark Free 0.001ms
[29.221s][info][gc,phases   ] GC(286) Concurrent Process Non-Strong References 0.658ms
[29.221s][info][gc,phases   ] GC(286) Concurrent Reset Relocation Set 0.003ms
[29.227s][info][gc,phases   ] GC(286) Concurrent Select Relocation Set 6.115ms
[29.227s][info][gc,phases   ] GC(286) Pause Relocate Start 0.006ms
[29.230s][info][gc,phases   ] GC(286) Concurrent Relocate 2.768ms
[29.230s][info][gc,load     ] GC(286) Load: 0.00/0.00/0.00
[29.230s][info][gc,mmu      ] GC(286) MMU: 2ms/98.6%, 5ms/99.5%, 10ms/99.7%, 20ms/99.8%, 50ms/99.9%, 100ms/99.9%
[29.230s][info][gc,marking  ] GC(286) Mark: 4 stripe(s), 2 proactive flush(es), 1 terminate flush(es), 0 completion(s), 0 continuation(s) 
[29.230s][info][gc,marking  ] GC(286) Mark Stack Usage: 32M
[29.230s][info][gc,nmethod  ] GC(286) NMethods: 1353 registered, 47 unregistered
[29.230s][info][gc,metaspace] GC(286) Metaspace: 8M used, 8M committed, 1088M reserved
[29.230s][info][gc,ref      ] GC(286) Soft: 174 encountered, 0 discovered, 0 enqueued
[29.230s][info][gc,ref      ] GC(286) Weak: 570 encountered, 117 discovered, 0 enqueued
[29.230s][info][gc,ref      ] GC(286) Final: 0 encountered, 0 discovered, 0 enqueued
[29.230s][info][gc,ref      ] GC(286) Phantom: 21 encountered, 13 discovered, 0 enqueued
[29.230s][info][gc,reloc    ] GC(286) Small Pages: 144 / 288M, Empty: 232M, Relocated: 5M, In-Place: 0
[29.230s][info][gc,reloc    ] GC(286) Medium Pages: 1 / 16M, Empty: 0M, Relocated: 0M, In-Place: 0
[29.230s][info][gc,reloc    ] GC(286) Large Pages: 0 / 0M, Empty: 0M, Relocated: 0M, In-Place: 0
[29.230s][info][gc,reloc    ] GC(286) Forwarding Usage: 2M
[29.230s][info][gc,heap     ] GC(286) Min Capacity: 8M(2%)
[29.230s][info][gc,heap     ] GC(286) Max Capacity: 512M(100%)
[29.230s][info][gc,heap     ] GC(286) Soft Max Capacity: 512M(100%)
[29.230s][info][gc,heap     ] GC(286)                Mark Start          Mark End        Relocate Start      Relocate End           High               Low         
[29.230s][info][gc,heap     ] GC(286)  Capacity:      512M (100%)        512M (100%)        512M (100%)        512M (100%)        512M (100%)        512M (100%)   
[29.230s][info][gc,heap     ] GC(286)      Free:      208M (41%)         156M (30%)         384M (75%)         402M (79%)         402M (79%)         156M (30%)    
[29.230s][info][gc,heap     ] GC(286)      Used:      304M (59%)         356M (70%)         128M (25%)         110M (21%)         356M (70%)         110M (21%)    
[29.230s][info][gc,heap     ] GC(286)      Live:         -                28M (6%)           28M (6%)           28M (6%)             -                  -          
[29.230s][info][gc,heap     ] GC(286) Allocated:         -                52M (10%)          56M (11%)          55M (11%)            -                  -          
[29.230s][info][gc,heap     ] GC(286)   Garbage:         -               275M (54%)          43M (8%)           25M (5%)             -                  -          
[29.230s][info][gc,heap     ] GC(286) Reclaimed:         -                  -               232M (45%)         249M (49%)            -                  -          
[29.230s][info][gc          ] GC(286) Garbage Collection (Allocation Rate) 304M(59%)->110M(21%)
[29.282s][info][gc,start    ] GC(287) Garbage Collection (Allocation Rate)
[29.282s][info][gc,task     ] GC(287) Using 5 workers
[29.282s][info][gc,phases   ] GC(287) Pause Mark Start 0.012ms
[29.329s][info][gc,phases   ] GC(287) Concurrent Mark 46.628ms
[29.329s][info][gc,phases   ] GC(287) Pause Mark End 0.015ms
[29.329s][info][gc,phases   ] GC(287) Concurrent Mark Free 0.001ms
[29.330s][info][gc,phases   ] GC(287) Concurrent Process Non-Strong References 0.714ms
[29.330s][info][gc,phases   ] GC(287) Concurrent Reset Relocation Set 0.003ms
[29.334s][info][gc,phases   ] GC(287) Concurrent Select Relocation Set 3.636ms
[29.334s][info][gc,phases   ] GC(287) Pause Relocate Start 0.007ms
[29.338s][info][gc,phases   ] GC(287) Concurrent Relocate 4.174ms
[29.338s][info][gc,load     ] GC(287) Load: 0.00/0.00/0.00
[29.338s][info][gc,mmu      ] GC(287) MMU: 2ms/98.6%, 5ms/99.5%, 10ms/99.7%, 20ms/99.8%, 50ms/99.9%, 100ms/99.9%
[29.338s][info][gc,marking  ] GC(287) Mark: 4 stripe(s), 3 proactive flush(es), 1 terminate flush(es), 0 completion(s), 0 continuation(s) 
[29.338s][info][gc,marking  ] GC(287) Mark Stack Usage: 32M
[29.338s][info][gc,nmethod  ] GC(287) NMethods: 1353 registered, 47 unregistered
[29.338s][info][gc,metaspace] GC(287) Metaspace: 8M used, 8M committed, 1088M reserved
[29.338s][info][gc,ref      ] GC(287) Soft: 174 encountered, 0 discovered, 0 enqueued
[29.338s][info][gc,ref      ] GC(287) Weak: 570 encountered, 100 discovered, 0 enqueued
[29.338s][info][gc,ref      ] GC(287) Final: 0 encountered, 0 discovered, 0 enqueued
[29.338s][info][gc,ref      ] GC(287) Phantom: 21 encountered, 10 discovered, 0 enqueued
[29.338s][info][gc,reloc    ] GC(287) Small Pages: 48 / 96M, Empty: 46M, Relocated: 5M, In-Place: 0
[29.338s][info][gc,reloc    ] GC(287) Medium Pages: 2 / 32M, Empty: 0M, Relocated: 1M, In-Place: 0
[29.338s][info][gc,reloc    ] GC(287) Large Pages: 1 / 4M, Empty: 0M, Relocated: 0M, In-Place: 0
[29.338s][info][gc,reloc    ] GC(287) Forwarding Usage: 2M
[29.338s][info][gc,heap     ] GC(287) Min Capacity: 8M(2%)
[29.338s][info][gc,heap     ] GC(287) Max Capacity: 512M(100%)
[29.339s][info][gc,heap     ] GC(287) Soft Max Capacity: 512M(100%)
[29.339s][info][gc,heap     ] GC(287)                Mark Start          Mark End        Relocate Start      Relocate End           High               Low         
[29.339s][info][gc,heap     ] GC(287)  Capacity:      512M (100%)        512M (100%)        512M (100%)        512M (100%)        512M (100%)        512M (100%)   
[29.339s][info][gc,heap     ] GC(287)      Free:      380M (74%)         346M (68%)         386M (75%)         408M (80%)         408M (80%)         340M (66%)    
[29.339s][info][gc,heap     ] GC(287)      Used:      132M (26%)         166M (32%)         126M (25%)         104M (20%)         172M (34%)         104M (20%)    
[29.339s][info][gc,heap     ] GC(287)      Live:         -                39M (8%)           39M (8%)           39M (8%)             -                  -          
[29.339s][info][gc,heap     ] GC(287) Allocated:         -                34M (7%)           40M (8%)           39M (8%)             -                  -          
[29.339s][info][gc,heap     ] GC(287)   Garbage:         -                92M (18%)          46M (9%)           24M (5%)             -                  -          
[29.339s][info][gc,heap     ] GC(287) Reclaimed:         -                  -                46M (9%)           67M (13%)            -                  -          
[29.339s][info][gc          ] GC(287) Garbage Collection (Allocation Rate) 132M(26%)->104M(20%)
[29.392s][info][gc,start    ] GC(288) Garbage Collection (Allocation Rate)
[29.392s][info][gc,task     ] GC(288) Using 5 workers
[29.392s][info][gc,phases   ] GC(288) Pause Mark Start 0.012ms
[29.438s][info][gc,phases   ] GC(288) Concurrent Mark 46.495ms
[29.438s][info][gc,phases   ] GC(288) Pause Mark End 0.013ms
[29.438s][info][gc,phases   ] GC(288) Concurrent Mark Free 0.001ms
[29.439s][info][gc,phases   ] GC(288) Concurrent Process Non-Strong References 0.775ms
[29.439s][info][gc,phases   ] GC(288) Concurrent Reset Relocation Set 0.002ms
[29.443s][info][gc,phases   ] GC(288) Concurrent Select Relocation Set 3.851ms
[29.443s][info][gc,phases   ] GC(288) Pause Relocate Start 0.005ms
[29.446s][info][gc,phases   ] GC(288) Concurrent Relocate 3.100ms
[29.447s][info][gc,load     ] GC(288) Load: 0.00/0.00/0.00
[29.447s][info][gc,mmu      ] GC(288) MMU: 2ms/98.6%, 5ms/99.5%, 10ms/99.7%, 20ms/99.8%, 50ms/99.9%, 100ms/99.9%
[29.447s][info][gc,marking  ] GC(288) Mark: 4 stripe(s), 2 proactive flush(es), 1 terminate flush(es), 0 completion(s), 0 continuation(s) 
[29.447s][info][gc,marking  ] GC(288) Mark Stack Usage: 32M
[29.447s][info][gc,nmethod  ] GC(288) NMethods: 1353 registered, 47 unregistered
[29.447s][info][gc,metaspace] GC(288) Metaspace: 8M used, 8M committed, 1088M reserved
[29.447s][info][gc,ref      ] GC(288) Soft: 174 encountered, 0 discovered, 0 enqueued
[29.447s][info][gc,ref      ] GC(288) Weak: 570 encountered, 197 discovered, 0 enqueued
[29.447s][info][gc,ref      ] GC(288) Final: 0 encountered, 0 discovered, 0 enqueued
[29.447s][info][gc,ref      ] GC(288) Phantom: 21 encountered, 19 discovered, 0 enqueued
[29.447s][info][gc,reloc    ] GC(288) Small Pages: 38 / 76M, Empty: 18M, Relocated: 1M, In-Place: 0
[29.447s][info][gc,reloc    ] GC(288) Medium Pages: 2 / 32M, Empty: 16M, Relocated: 0M, In-Place: 0
[29.447s][info][gc,reloc    ] GC(288) Large Pages: 4 / 16M, Empty: 8M, Relocated: 0M, In-Place: 0
[29.447s][info][gc,reloc    ] GC(288) Forwarding Usage: 0M
[29.447s][info][gc,heap     ] GC(288) Min Capacity: 8M(2%)
[29.447s][info][gc,heap     ] GC(288) Max Capacity: 512M(100%)
[29.447s][info][gc,heap     ] GC(288) Soft Max Capacity: 512M(100%)
[29.447s][info][gc,heap     ] GC(288)                Mark Start          Mark End        Relocate Start      Relocate End           High               Low         
[29.447s][info][gc,heap     ] GC(288)  Capacity:      512M (100%)        512M (100%)        512M (100%)        512M (100%)        512M (100%)        512M (100%)   
[29.447s][info][gc,heap     ] GC(288)      Free:      388M (76%)         360M (70%)         402M (79%)         402M (79%)         402M (79%)         360M (70%)    
[29.447s][info][gc,heap     ] GC(288)      Used:      124M (24%)         152M (30%)         110M (21%)         110M (21%)         152M (30%)         110M (21%)    
[29.447s][info][gc,heap     ] GC(288)      Live:         -                51M (10%)          51M (10%)          51M (10%)            -                  -          
[29.447s][info][gc,heap     ] GC(288) Allocated:         -                28M (5%)           28M (5%)           28M (5%)             -                  -          
[29.447s][info][gc,heap     ] GC(288)   Garbage:         -                72M (14%)          30M (6%)           30M (6%)             -                  -          
[29.447s][info][gc,heap     ] GC(288) Reclaimed:         -                  -                42M (8%)           42M (8%)             -                  -          
[29.447s][info][gc          ] GC(288) Garbage Collection (Allocation Rate) 124M(24%)->110M(21%)
[29.485s][info][gc,start    ] GC(289) Garbage Collection (Allocation Rate)
[29.485s][info][gc,task     ] GC(289) Using 5 workers
[29.485s][info][gc,phases   ] GC(289) Pause Mark Start 0.012ms
[29.526s][info][gc,phases   ] GC(289) Concurrent Mark 40.412ms
[29.526s][info][gc,phases   ] GC(289) Pause Mark End 0.015ms
[29.526s][info][gc,phases   ] GC(289) Concurrent Mark Free 0.001ms
[29.527s][info][gc,phases   ] GC(289) Concurrent Process Non-Strong References 0.876ms
[29.527s][info][gc,phases   ] GC(289) Concurrent Reset Relocation Set 0.001ms
[29.532s][info][gc,phases   ] GC(289) Concurrent Select Relocation Set 4.675ms
[29.532s][info][gc,phases   ] GC(289) Pause Relocate Start 0.006ms
[29.535s][info][gc,phases   ] GC(289) Concurrent Relocate 2.903ms
[29.535s][info][gc,load     ] GC(289) Load: 0.00/0.00/0.00
[29.535s][info][gc,mmu      ] GC(289) MMU: 2ms/98.6%, 5ms/99.5%, 10ms/99.7%, 20ms/99.8%, 50ms/99.9%, 100ms/99.9%
[29.535s][info][gc,marking  ] GC(289) Mark: 4 stripe(s), 2 proactive flush(es), 1 terminate flush(es), 0 completion(s), 0 continuation(s) 
[29.535s][info][gc,marking  ] GC(289) Mark Stack Usage: 32M
[29.535s][info][gc,nmethod  ] GC(289) NMethods: 1353 registered, 47 unregistered
[29.535s][info][gc,metaspace] GC(289) Metaspace: 8M used, 8M committed, 1088M reserved
[29.535s][info][gc,ref      ] GC(289) Soft: 174 encountered, 0 discovered, 0 enqueued
[29.535s][info][gc,ref      ] GC(289) Weak: 570 encountered, 219 discovered, 0 enqueued
[29.535s][info][gc,ref      ] GC(289) Final: 0 encountered, 0 discovered, 0 enqueued
[29.535s][info][gc,ref      ] GC(289) Phantom: 21 encountered, 13 discovered, 0 enqueued
[29.535s][info][gc,reloc    ] GC(289) Small Pages: 33 / 66M, Empty: 22M, Relocated: 1M, In-Place: 0
[29.535s][info][gc,reloc    ] GC(289) Medium Pages: 2 / 32M, Empty: 16M, Relocated: 0M, In-Place: 0
[29.535s][info][gc,reloc    ] GC(289) Large Pages: 3 / 12M, Empty: 8M, Relocated: 0M, In-Place: 0
[29.535s][info][gc,reloc    ] GC(289) Forwarding Usage: 0M
[29.535s][info][gc,heap     ] GC(289) Min Capacity: 8M(2%)
[29.535s][info][gc,heap     ] GC(289) Max Capacity: 512M(100%)
[29.535s][info][gc,heap     ] GC(289) Soft Max Capacity: 512M(100%)
[29.535s][info][gc,heap     ] GC(289)                Mark Start          Mark End        Relocate Start      Relocate End           High               Low         
[29.535s][info][gc,heap     ] GC(289)  Capacity:      512M (100%)        512M (100%)        512M (100%)        512M (100%)        512M (100%)        512M (100%)   
[29.535s][info][gc,heap     ] GC(289)      Free:      402M (79%)         386M (75%)         432M (84%)         430M (84%)         432M (84%)         386M (75%)    
[29.536s][info][gc,heap     ] GC(289)      Used:      110M (21%)         126M (25%)          80M (16%)          82M (16%)         126M (25%)          80M (16%)    
[29.536s][info][gc,heap     ] GC(289)      Live:         -                32M (6%)           32M (6%)           32M (6%)             -                  -          
[29.536s][info][gc,heap     ] GC(289) Allocated:         -                16M (3%)           16M (3%)           17M (4%)             -                  -          
[29.536s][info][gc,heap     ] GC(289)   Garbage:         -                77M (15%)          31M (6%)           31M (6%)             -                  -          
[29.536s][info][gc,heap     ] GC(289) Reclaimed:         -                  -                46M (9%)           45M (9%)             -                  -          
[29.536s][info][gc          ] GC(289) Garbage Collection (Allocation Rate) 110M(21%)->82M(16%)
[29.580s][info][gc,start    ] GC(290) Garbage Collection (Allocation Rate)
[29.580s][info][gc,task     ] GC(290) Using 5 workers
[29.580s][info][gc,phases   ] GC(290) Pause Mark Start 0.013ms
[29.609s][info][gc,phases   ] GC(290) Concurrent Mark 28.683ms
[29.609s][info][gc,phases   ] GC(290) Pause Mark End 0.013ms
[29.609s][info][gc,phases   ] GC(290) Concurrent Mark Free 0.001ms
[29.610s][info][gc,phases   ] GC(290) Concurrent Process Non-Strong References 0.657ms
[29.610s][info][gc,phases   ] GC(290) Concurrent Reset Relocation Set 0.001ms
[29.613s][info][gc,phases   ] GC(290) Concurrent Select Relocation Set 3.553ms
[29.613s][info][gc,phases   ] GC(290) Pause Relocate Start 0.005ms
[29.616s][info][gc,phases   ] GC(290) Concurrent Relocate 2.888ms
[29.616s][info][gc,load     ] GC(290) Load: 0.00/0.00/0.00
[29.616s][info][gc,mmu      ] GC(290) MMU: 2ms/98.6%, 5ms/99.5%, 10ms/99.7%, 20ms/99.8%, 50ms/99.9%, 100ms/99.9%
[29.616s][info][gc,marking  ] GC(290) Mark: 4 stripe(s), 2 proactive flush(es), 1 terminate flush(es), 0 completion(s), 0 continuation(s) 
[29.616s][info][gc,marking  ] GC(290) Mark Stack Usage: 32M
[29.616s][info][gc,nmethod  ] GC(290) NMethods: 1353 registered, 47 unregistered
[29.616s][info][gc,metaspace] GC(290) Metaspace: 8M used, 8M committed, 1088M reserved
[29.616s][info][gc,ref      ] GC(290) Soft: 174 encountered, 0 discovered, 0 enqueued
[29.617s][info][gc,ref      ] GC(290) Weak: 570 encountered, 287 discovered, 0 enqueued
[29.617s][info][gc,ref      ] GC(290) Final: 0 encountered, 0 discovered, 0 enqueued
[29.617s][info][gc,ref      ] GC(290) Phantom: 21 encountered, 11 discovered, 0 enqueued
[29.617s][info][gc,reloc    ] GC(290) Small Pages: 23 / 46M, Empty: 0M, Relocated: 1M, In-Place: 0
[29.617s][info][gc,reloc    ] GC(290) Medium Pages: 2 / 32M, Empty: 0M, Relocated: 1M, In-Place: 0
[29.617s][info][gc,reloc    ] GC(290) Large Pages: 1 / 4M, Empty: 0M, Relocated: 0M, In-Place: 0
[29.617s][info][gc,reloc    ] GC(290) Forwarding Usage: 0M
[29.617s][info][gc,heap     ] GC(290) Min Capacity: 8M(2%)
[29.617s][info][gc,heap     ] GC(290) Max Capacity: 512M(100%)
[29.617s][info][gc,heap     ] GC(290) Soft Max Capacity: 512M(100%)
[29.617s][info][gc,heap     ] GC(290)                Mark Start          Mark End        Relocate Start      Relocate End           High               Low         
[29.617s][info][gc,heap     ] GC(290)  Capacity:      512M (100%)        512M (100%)        512M (100%)        512M (100%)        512M (100%)        512M (100%)   
[29.617s][info][gc,heap     ] GC(290)      Free:      430M (84%)         412M (80%)         412M (80%)         434M (85%)         434M (85%)         392M (77%)    
[29.617s][info][gc,heap     ] GC(290)      Used:       82M (16%)         100M (20%)         100M (20%)          78M (15%)         120M (23%)          78M (15%)    
[29.617s][info][gc,heap     ] GC(290)      Live:         -                32M (6%)           32M (6%)           32M (6%)             -                  -          
[29.617s][info][gc,heap     ] GC(290) Allocated:         -                18M (4%)           18M (4%)           16M (3%)             -                  -          
[29.617s][info][gc,heap     ] GC(290)   Garbage:         -                49M (10%)          49M (10%)          28M (6%)             -                  -          
[29.617s][info][gc,heap     ] GC(290) Reclaimed:         -                  -                 0M (0%)           20M (4%)             -                  -          
[29.617s][info][gc          ] GC(290) Garbage Collection (Allocation Rate) 82M(16%)->78M(15%)
[29.681s][info][gc,start    ] GC(291) Garbage Collection (Allocation Rate)
[29.681s][info][gc,task     ] GC(291) Using 5 workers
[29.681s][info][gc,phases   ] GC(291) Pause Mark Start 0.012ms
[29.713s][info][gc,phases   ] GC(291) Concurrent Mark 31.725ms
[29.713s][info][gc,phases   ] GC(291) Pause Mark End 0.017ms
[29.713s][info][gc,phases   ] GC(291) Concurrent Mark Free 0.000ms
[29.713s][info][gc,phases   ] GC(291) Concurrent Process Non-Strong References 0.679ms
[29.713s][info][gc,phases   ] GC(291) Concurrent Reset Relocation Set 0.003ms
[29.716s][info][gc,phases   ] GC(291) Concurrent Select Relocation Set 2.310ms
[29.716s][info][gc,phases   ] GC(291) Pause Relocate Start 0.006ms
[29.718s][info][gc,phases   ] GC(291) Concurrent Relocate 1.692ms
[29.718s][info][gc,load     ] GC(291) Load: 0.00/0.00/0.00
[29.718s][info][gc,mmu      ] GC(291) MMU: 2ms/98.6%, 5ms/99.5%, 10ms/99.7%, 20ms/99.8%, 50ms/99.9%, 100ms/99.9%
[29.718s][info][gc,marking  ] GC(291) Mark: 4 stripe(s), 2 proactive flush(es), 1 terminate flush(es), 0 completion(s), 0 continuation(s) 
[29.718s][info][gc,marking  ] GC(291) Mark Stack Usage: 32M
[29.718s][info][gc,nmethod  ] GC(291) NMethods: 1359 registered, 47 unregistered
[29.718s][info][gc,metaspace] GC(291) Metaspace: 8M used, 8M committed, 1088M reserved
[29.718s][info][gc,ref      ] GC(291) Soft: 174 encountered, 0 discovered, 0 enqueued
[29.718s][info][gc,ref      ] GC(291) Weak: 570 encountered, 58 discovered, 0 enqueued
[29.718s][info][gc,ref      ] GC(291) Final: 0 encountered, 0 discovered, 0 enqueued
[29.718s][info][gc,ref      ] GC(291) Phantom: 21 encountered, 13 discovered, 0 enqueued
[29.718s][info][gc,reloc    ] GC(291) Small Pages: 42 / 84M, Empty: 42M, Relocated: 1M, In-Place: 0
[29.718s][info][gc,reloc    ] GC(291) Medium Pages: 2 / 32M, Empty: 16M, Relocated: 0M, In-Place: 0
[29.718s][info][gc,reloc    ] GC(291) Large Pages: 1 / 4M, Empty: 0M, Relocated: 0M, In-Place: 0
[29.718s][info][gc,reloc    ] GC(291) Forwarding Usage: 0M
[29.718s][info][gc,heap     ] GC(291) Min Capacity: 8M(2%)
[29.718s][info][gc,heap     ] GC(291) Max Capacity: 512M(100%)
[29.718s][info][gc,heap     ] GC(291) Soft Max Capacity: 512M(100%)
[29.718s][info][gc,heap     ] GC(291)                Mark Start          Mark End        Relocate Start      Relocate End           High               Low         
[29.718s][info][gc,heap     ] GC(291)  Capacity:      512M (100%)        512M (100%)        512M (100%)        512M (100%)        512M (100%)        512M (100%)   
[29.718s][info][gc,heap     ] GC(291)      Free:      392M (77%)         384M (75%)         442M (86%)         442M (86%)         442M (86%)         384M (75%)    
[29.718s][info][gc,heap     ] GC(291)      Used:      120M (23%)         128M (25%)          70M (14%)          70M (14%)         128M (25%)          70M (14%)    
[29.718s][info][gc,heap     ] GC(291)      Live:         -                32M (6%)           32M (6%)           32M (6%)             -                  -          
[29.718s][info][gc,heap     ] GC(291) Allocated:         -                 8M (2%)            8M (2%)            8M (2%)             -                  -          
[29.718s][info][gc,heap     ] GC(291)   Garbage:         -                87M (17%)          29M (6%)           29M (6%)             -                  -          
[29.718s][info][gc,heap     ] GC(291) Reclaimed:         -                  -                58M (11%)          58M (11%)            -                  -          
[29.718s][info][gc          ] GC(291) Garbage Collection (Allocation Rate) 120M(23%)->70M(14%)
[29.718s][info][gc,start    ] GC(292) Garbage Collection (System.gc())
[29.718s][info][gc,task     ] GC(292) Using 5 workers
[29.718s][info][gc,phases   ] GC(292) Pause Mark Start 0.008ms
[29.723s][info][gc,phases   ] GC(292) Concurrent Mark 4.490ms
[29.723s][info][gc,phases   ] GC(292) Pause Mark End 0.009ms
[29.723s][info][gc,phases   ] GC(292) Concurrent Mark Free 0.001ms
[29.724s][info][gc,phases   ] GC(292) Concurrent Process Non-Strong References 0.753ms
[29.724s][info][gc,phases   ] GC(292) Concurrent Reset Relocation Set 0.001ms
[29.727s][info][gc,phases   ] GC(292) Concurrent Select Relocation Set 3.478ms
[29.727s][info][gc,phases   ] GC(292) Pause Relocate Start 0.005ms
[29.729s][info][gc,phases   ] GC(292) Concurrent Relocate 2.238ms
[29.729s][info][gc,load     ] GC(292) Load: 0.00/0.00/0.00
[29.729s][info][gc,mmu      ] GC(292) MMU: 2ms/98.6%, 5ms/99.5%, 10ms/99.6%, 20ms/99.8%, 50ms/99.9%, 100ms/99.9%
[29.729s][info][gc,marking  ] GC(292) Mark: 4 stripe(s), 1 proactive flush(es), 1 terminate flush(es), 0 completion(s), 0 continuation(s) 
[29.729s][info][gc,marking  ] GC(292) Mark Stack Usage: 32M
[29.730s][info][gc,nmethod  ] GC(292) NMethods: 1358 registered, 48 unregistered
[29.730s][info][gc,metaspace] GC(292) Metaspace: 8M used, 8M committed, 1088M reserved
[29.730s][info][gc,ref      ] GC(292) Soft: 174 encountered, 0 discovered, 0 enqueued
[29.730s][info][gc,ref      ] GC(292) Weak: 570 encountered, 359 discovered, 0 enqueued
[29.730s][info][gc,ref      ] GC(292) Final: 0 encountered, 0 discovered, 0 enqueued
[29.730s][info][gc,ref      ] GC(292) Phantom: 21 encountered, 18 discovered, 0 enqueued
[29.730s][info][gc,reloc    ] GC(292) Small Pages: 25 / 50M, Empty: 36M, Relocated: 1M, In-Place: 0
[29.730s][info][gc,reloc    ] GC(292) Medium Pages: 1 / 16M, Empty: 16M, Relocated: 0M, In-Place: 0
[29.730s][info][gc,reloc    ] GC(292) Large Pages: 1 / 4M, Empty: 4M, Relocated: 0M, In-Place: 0
[29.730s][info][gc,reloc    ] GC(292) Forwarding Usage: 0M
[29.730s][info][gc,heap     ] GC(292) Min Capacity: 8M(2%)
[29.730s][info][gc,heap     ] GC(292) Max Capacity: 512M(100%)
[29.730s][info][gc,heap     ] GC(292) Soft Max Capacity: 512M(100%)
[29.730s][info][gc,heap     ] GC(292)                Mark Start          Mark End        Relocate Start      Relocate End           High               Low         
[29.730s][info][gc,heap     ] GC(292)  Capacity:      512M (100%)        512M (100%)        512M (100%)        512M (100%)        512M (100%)        512M (100%)   
[29.730s][info][gc,heap     ] GC(292)      Free:      442M (86%)         442M (86%)         498M (97%)         498M (97%)         498M (97%)         442M (86%)    
[29.730s][info][gc,heap     ] GC(292)      Used:       70M (14%)          70M (14%)          14M (3%)           14M (3%)           70M (14%)          14M (3%)     
[29.730s][info][gc,heap     ] GC(292)      Live:         -                 4M (1%)            4M (1%)            4M (1%)             -                  -          
[29.730s][info][gc,heap     ] GC(292) Allocated:         -                 0M (0%)            0M (0%)            0M (0%)             -                  -          
[29.730s][info][gc,heap     ] GC(292)   Garbage:         -                65M (13%)           9M (2%)            9M (2%)             -                  -          
[29.730s][info][gc,heap     ] GC(292) Reclaimed:         -                  -                56M (11%)          56M (11%)            -                  -          
[29.730s][info][gc          ] GC(292) Garbage Collection (System.gc()) 70M(14%)->14M(3%)
[29.780s][info][gc,start    ] GC(293) Garbage Collection (Allocation Rate)
[29.780s][info][gc,task     ] GC(293) Using 5 workers
[29.780s][info][gc,phases   ] GC(293) Pause Mark Start 0.010ms
[29.787s][info][gc,phases   ] GC(293) Concurrent Mark 6.746ms
[29.787s][info][gc,phases   ] GC(293) Pause Mark End 0.013ms
[29.787s][info][gc,phases   ] GC(293) Concurrent Mark Free 0.001ms
[29.788s][info][gc,phases   ] GC(293) Concurrent Process Non-Strong References 1.126ms
[29.788s][info][gc,phases   ] GC(293) Concurrent Reset Relocation Set 0.001ms
[29.792s][info][gc,phases   ] GC(293) Concurrent Select Relocation Set 3.639ms
[29.792s][info][gc,phases   ] GC(293) Pause Relocate Start 0.005ms
[29.794s][info][gc,phases   ] GC(293) Concurrent Relocate 2.371ms
[29.794s][info][gc,load     ] GC(293) Load: 0.00/0.00/0.00
[29.795s][info][gc,mmu      ] GC(293) MMU: 2ms/98.6%, 5ms/99.5%, 10ms/99.6%, 20ms/99.8%, 50ms/99.9%, 100ms/99.9%
[29.795s][info][gc,marking  ] GC(293) Mark: 4 stripe(s), 2 proactive flush(es), 1 terminate flush(es), 0 completion(s), 0 continuation(s) 
[29.795s][info][gc,marking  ] GC(293) Mark Stack Usage: 32M
[29.795s][info][gc,nmethod  ] GC(293) NMethods: 1364 registered, 48 unregistered
[29.795s][info][gc,metaspace] GC(293) Metaspace: 8M used, 8M committed, 1088M reserved
[29.795s][info][gc,ref      ] GC(293) Soft: 174 encountered, 0 discovered, 0 enqueued
[29.795s][info][gc,ref      ] GC(293) Weak: 570 encountered, 78 discovered, 0 enqueued
[29.795s][info][gc,ref      ] GC(293) Final: 0 encountered, 0 discovered, 0 enqueued
[29.795s][info][gc,ref      ] GC(293) Phantom: 21 encountered, 19 discovered, 0 enqueued
[29.795s][info][gc,reloc    ] GC(293) Small Pages: 55 / 110M, Empty: 86M, Relocated: 1M, In-Place: 0
[29.795s][info][gc,reloc    ] GC(293) Medium Pages: 0 / 0M, Empty: 0M, Relocated: 0M, In-Place: 0
[29.795s][info][gc,reloc    ] GC(293) Large Pages: 0 / 0M, Empty: 0M, Relocated: 0M, In-Place: 0
[29.795s][info][gc,reloc    ] GC(293) Forwarding Usage: 0M
[29.795s][info][gc,heap     ] GC(293) Min Capacity: 8M(2%)
[29.795s][info][gc,heap     ] GC(293) Max Capacity: 512M(100%)
[29.795s][info][gc,heap     ] GC(293) Soft Max Capacity: 512M(100%)
[29.795s][info][gc,heap     ] GC(293)                Mark Start          Mark End        Relocate Start      Relocate End           High               Low         
[29.795s][info][gc,heap     ] GC(293)  Capacity:      512M (100%)        512M (100%)        512M (100%)        512M (100%)        512M (100%)        512M (100%)   
[29.795s][info][gc,heap     ] GC(293)      Free:      402M (79%)         386M (75%)         458M (89%)         462M (90%)         464M (91%)         372M (73%)    
[29.795s][info][gc,heap     ] GC(293)      Used:      110M (21%)         126M (25%)          54M (11%)          50M (10%)         140M (27%)          48M (9%)     
[29.795s][info][gc,heap     ] GC(293)      Live:         -                 4M (1%)            4M (1%)            4M (1%)             -                  -          
[29.795s][info][gc,heap     ] GC(293) Allocated:         -                16M (3%)           30M (6%)           35M (7%)             -                  -          
[29.795s][info][gc,heap     ] GC(293)   Garbage:         -               105M (21%)          19M (4%)            9M (2%)             -                  -          
[29.795s][info][gc,heap     ] GC(293) Reclaimed:         -                  -                86M (17%)          95M (19%)            -                  -          
[29.795s][info][gc          ] GC(293) Garbage Collection (Allocation Rate) 110M(21%)->50M(10%)
[29.881s][info][gc,start    ] GC(294) Garbage Collection (Allocation Rate)
[29.881s][info][gc,task     ] GC(294) Using 5 workers
[29.881s][info][gc,phases   ] GC(294) Pause Mark Start 0.012ms
[29.893s][info][gc,phases   ] GC(294) Concurrent Mark 12.034ms
[29.893s][info][gc,phases   ] GC(294) Pause Mark End 0.013ms
[29.893s][info][gc,phases   ] GC(294) Concurrent Mark Free 0.001ms
[29.894s][info][gc,phases   ] GC(294) Concurrent Process Non-Strong References 1.144ms
[29.894s][info][gc,phases   ] GC(294) Concurrent Reset Relocation Set 0.002ms
[29.898s][info][gc,phases   ] GC(294) Concurrent Select Relocation Set 3.590ms
[29.898s][info][gc,phases   ] GC(294) Pause Relocate Start 0.007ms
[29.899s][info][gc,phases   ] GC(294) Concurrent Relocate 1.085ms
[29.899s][info][gc,load     ] GC(294) Load: 0.00/0.00/0.00
[29.899s][info][gc,mmu      ] GC(294) MMU: 2ms/98.6%, 5ms/99.5%, 10ms/99.6%, 20ms/99.8%, 50ms/99.9%, 100ms/99.9%
[29.899s][info][gc,marking  ] GC(294) Mark: 4 stripe(s), 2 proactive flush(es), 1 terminate flush(es), 0 completion(s), 0 continuation(s) 
[29.899s][info][gc,marking  ] GC(294) Mark Stack Usage: 32M
[29.899s][info][gc,nmethod  ] GC(294) NMethods: 1364 registered, 48 unregistered
[29.899s][info][gc,metaspace] GC(294) Metaspace: 8M used, 8M committed, 1088M reserved
[29.899s][info][gc,ref      ] GC(294) Soft: 174 encountered, 0 discovered, 0 enqueued
[29.900s][info][gc,ref      ] GC(294) Weak: 570 encountered, 88 discovered, 0 enqueued
[29.900s][info][gc,ref      ] GC(294) Final: 0 encountered, 0 discovered, 0 enqueued
[29.900s][info][gc,ref      ] GC(294) Phantom: 21 encountered, 19 discovered, 0 enqueued
[29.900s][info][gc,reloc    ] GC(294) Small Pages: 142 / 284M, Empty: 262M, Relocated: 1M, In-Place: 0
[29.900s][info][gc,reloc    ] GC(294) Medium Pages: 0 / 0M, Empty: 0M, Relocated: 0M, In-Place: 0
[29.900s][info][gc,reloc    ] GC(294) Large Pages: 0 / 0M, Empty: 0M, Relocated: 0M, In-Place: 0
[29.900s][info][gc,reloc    ] GC(294) Forwarding Usage: 0M
[29.900s][info][gc,heap     ] GC(294) Min Capacity: 8M(2%)
[29.900s][info][gc,heap     ] GC(294) Max Capacity: 512M(100%)
[29.900s][info][gc,heap     ] GC(294) Soft Max Capacity: 512M(100%)
[29.900s][info][gc,heap     ] GC(294)                Mark Start          Mark End        Relocate Start      Relocate End           High               Low         
[29.900s][info][gc,heap     ] GC(294)  Capacity:      512M (100%)        512M (100%)        512M (100%)        512M (100%)        512M (100%)        512M (100%)   
[29.900s][info][gc,heap     ] GC(294)      Free:      228M (45%)         198M (39%)         446M (87%)         450M (88%)         450M (88%)         194M (38%)    
[29.900s][info][gc,heap     ] GC(294)      Used:      284M (55%)         314M (61%)          66M (13%)          62M (12%)         318M (62%)          62M (12%)    
[29.900s][info][gc,heap     ] GC(294)      Live:         -                 5M (1%)            5M (1%)            5M (1%)             -                  -          
[29.900s][info][gc,heap     ] GC(294) Allocated:         -                30M (6%)           44M (9%)           45M (9%)             -                  -          
[29.900s][info][gc,heap     ] GC(294)   Garbage:         -               278M (54%)          16M (3%)           10M (2%)             -                  -          
[29.900s][info][gc,heap     ] GC(294) Reclaimed:         -                  -               262M (51%)         267M (52%)            -                  -          
[29.900s][info][gc          ] GC(294) Garbage Collection (Allocation Rate) 284M(55%)->62M(12%)
[29.980s][info][gc,start    ] GC(295) Garbage Collection (Allocation Rate)
[29.980s][info][gc,task     ] GC(295) Using 5 workers
[29.980s][info][gc,phases   ] GC(295) Pause Mark Start 0.013ms
[29.989s][info][gc,phases   ] GC(295) Concurrent Mark 8.728ms
[29.989s][info][gc,phases   ] GC(295) Pause Mark End 0.014ms
[29.989s][info][gc,phases   ] GC(295) Concurrent Mark Free 0.001ms
[29.990s][info][gc,phases   ] GC(295) Concurrent Process Non-Strong References 1.173ms
[29.990s][info][gc,phases   ] GC(295) Concurrent Reset Relocation Set 0.001ms
[29.995s][info][gc,phases   ] GC(295) Concurrent Select Relocation Set 4.618ms
[29.995s][info][gc,phases   ] GC(295) Pause Relocate Start 0.007ms
[29.998s][info][gc,phases   ] GC(295) Concurrent Relocate 2.732ms
[29.998s][info][gc,load     ] GC(295) Load: 0.00/0.00/0.00
[29.998s][info][gc,mmu      ] GC(295) MMU: 2ms/98.6%, 5ms/99.5%, 10ms/99.6%, 20ms/99.8%, 50ms/99.9%, 100ms/99.9%
[29.998s][info][gc,marking  ] GC(295) Mark: 4 stripe(s), 2 proactive flush(es), 1 terminate flush(es), 0 completion(s), 0 continuation(s) 
[29.998s][info][gc,marking  ] GC(295) Mark Stack Usage: 32M
[29.998s][info][gc,nmethod  ] GC(295) NMethods: 1364 registered, 48 unregistered
[29.998s][info][gc,metaspace] GC(295) Metaspace: 8M used, 8M committed, 1088M reserved
[29.998s][info][gc,ref      ] GC(295) Soft: 174 encountered, 0 discovered, 0 enqueued
[29.998s][info][gc,ref      ] GC(295) Weak: 570 encountered, 4 discovered, 0 enqueued
[29.998s][info][gc,ref      ] GC(295) Final: 0 encountered, 0 discovered, 0 enqueued
[29.998s][info][gc,ref      ] GC(295) Phantom: 21 encountered, 18 discovered, 0 enqueued
[29.998s][info][gc,reloc    ] GC(295) Small Pages: 140 / 280M, Empty: 250M, Relocated: 2M, In-Place: 0
[29.998s][info][gc,reloc    ] GC(295) Medium Pages: 0 / 0M, Empty: 0M, Relocated: 0M, In-Place: 0
[29.998s][info][gc,reloc    ] GC(295) Large Pages: 0 / 0M, Empty: 0M, Relocated: 0M, In-Place: 0
[29.998s][info][gc,reloc    ] GC(295) Forwarding Usage: 1M
[29.998s][info][gc,heap     ] GC(295) Min Capacity: 8M(2%)
[29.998s][info][gc,heap     ] GC(295) Max Capacity: 512M(100%)
[29.998s][info][gc,heap     ] GC(295) Soft Max Capacity: 512M(100%)
[29.998s][info][gc,heap     ] GC(295)                Mark Start          Mark End        Relocate Start      Relocate End           High               Low         
[29.998s][info][gc,heap     ] GC(295)  Capacity:      512M (100%)        512M (100%)        512M (100%)        512M (100%)        512M (100%)        512M (100%)   
[29.998s][info][gc,heap     ] GC(295)      Free:      232M (45%)         208M (41%)         454M (89%)         468M (91%)         468M (91%)         208M (41%)    
[29.998s][info][gc,heap     ] GC(295)      Used:      280M (55%)         304M (59%)          58M (11%)          44M (9%)          304M (59%)          44M (9%)     
[29.998s][info][gc,heap     ] GC(295)      Live:         -                 6M (1%)            6M (1%)            6M (1%)             -                  -          
[29.998s][info][gc,heap     ] GC(295) Allocated:         -                24M (5%)           28M (5%)           29M (6%)             -                  -          
[29.998s][info][gc,heap     ] GC(295)   Garbage:         -               273M (53%)          23M (5%)            7M (2%)             -                  -          
[29.998s][info][gc,heap     ] GC(295) Reclaimed:         -                  -               250M (49%)         265M (52%)            -                  -          
[29.999s][info][gc          ] GC(295) Garbage Collection (Allocation Rate) 280M(55%)->44M(9%)
[30.080s][info][gc,stats    ] === Garbage Collection Statistics =======================================================================================================================
[30.080s][info][gc,start    ] GC(296) Garbage Collection (Allocation Rate)
[30.081s][info][gc,stats    ]                                                              Last 10s              Last 10m              Last 10h                Total
[30.081s][info][gc,task     ] GC(296) Using 5 workers
[30.081s][info][gc,stats    ]                                                              Avg / Max             Avg / Max             Avg / Max             Avg / Max
[30.081s][info][gc,stats    ]   Collector: Garbage Collection Cycle                     35.041 / 86.860       36.821 / 86.860       36.821 / 86.860       36.821 / 86.860      ms
[30.081s][info][gc,phases   ] GC(296) Pause Mark Start 0.013ms
[30.081s][info][gc,stats    ]  Contention: Mark Segment Reset Contention                    15 / 19               14 / 23               14 / 23               14 / 23          ops/s
[30.081s][info][gc,stats    ]  Contention: Mark SeqNum Reset Contention                      4 / 7                 3 / 9                 3 / 9                 3 / 9           ops/s
[30.081s][info][gc,stats    ]    Critical: Allocation Stall                                  0 / 0                 0 / 0                 0 / 0                 0 / 0           ops/s
[30.081s][info][gc,stats    ]    Critical: Allocation Stall                              0.000 / 0.000         0.000 / 0.000         0.000 / 0.000         0.000 / 0.000       ms
[30.081s][info][gc,stats    ]    Critical: GC Locker Stall                                   0 / 0                 0 / 0                 0 / 0                 0 / 0           ops/s
[30.081s][info][gc,stats    ]    Critical: GC Locker Stall                               0.000 / 0.000         0.000 / 0.000         0.000 / 0.000         0.000 / 0.000       ms
[30.081s][info][gc,stats    ]    Critical: Relocation Stall                                  0 / 0                 0 / 0                 0 / 0                 0 / 0           ops/s
[30.081s][info][gc,stats    ]    Critical: Relocation Stall                              0.000 / 0.000         0.000 / 0.000         0.000 / 0.000         0.000 / 0.000       ms
[30.081s][info][gc,stats    ]      Memory: Allocation Rate                                2164 / 2570           2130 / 2570           2130 / 2570           2130 / 2570        MB/s
[30.081s][info][gc,stats    ]      Memory: Defragment                                        1 / 14                0 / 14                0 / 14                0 / 14          ops/s
[30.081s][info][gc,stats    ]      Memory: Out Of Memory                                     0 / 0                 0 / 0                 0 / 0                 0 / 0           ops/s
[30.081s][info][gc,stats    ]      Memory: Page Cache Flush                                 14 / 52                8 / 52                8 / 52                8 / 52          MB/s
[30.081s][info][gc,stats    ]      Memory: Page Cache Hit L1                              1102 / 1317           1081 / 1317           1081 / 1317           1081 / 1317        ops/s
[30.081s][info][gc,stats    ]      Memory: Page Cache Hit L2                                 0 / 0                 0 / 0                 0 / 0                 0 / 0           ops/s
[30.081s][info][gc,stats    ]      Memory: Page Cache Hit L3                                 3 / 20                9 / 138               9 / 138               9 / 138         ops/s
[30.081s][info][gc,stats    ]      Memory: Page Cache Miss                                   0 / 4                 0 / 4                 0 / 4                 0 / 4           ops/s
[30.081s][info][gc,stats    ]      Memory: Uncommit                                          0 / 0                 0 / 0                 0 / 0                 0 / 0           MB/s
[30.081s][info][gc,stats    ]      Memory: Undo Object Allocation Failed                     0 / 0                 0 / 0                 0 / 0                 0 / 0           ops/s
[30.081s][info][gc,stats    ]      Memory: Undo Object Allocation Succeeded                  1 / 4                 1 / 4                 1 / 4                 1 / 4           ops/s
[30.081s][info][gc,stats    ]      Memory: Undo Page Allocation                              0 / 0                 0 / 0                 0 / 0                 0 / 0           ops/s
[30.081s][info][gc,stats    ]       Phase: Concurrent Mark                              25.079 / 46.637       26.284 / 46.690       26.284 / 46.690       26.284 / 46.690      ms
[30.082s][info][gc,stats    ]       Phase: Concurrent Mark Continue                      0.000 / 0.000         0.000 / 0.000         0.000 / 0.000         0.000 / 0.000       ms
[30.082s][info][gc,stats    ]       Phase: Concurrent Mark Free                          0.001 / 0.002         0.001 / 0.002         0.001 / 0.002         0.001 / 0.002       ms
[30.082s][info][gc,stats    ]       Phase: Concurrent Process Non-Strong References      0.903 / 1.242         0.946 / 1.410         0.946 / 1.410         0.946 / 1.410       ms
[30.082s][info][gc,stats    ]       Phase: Concurrent Relocate                           3.005 / 6.396         3.220 / 6.396         3.220 / 6.396         3.220 / 6.396       ms
[30.082s][info][gc,stats    ]       Phase: Concurrent Reset Relocation Set               0.002 / 0.004         0.002 / 0.004         0.002 / 0.004         0.002 / 0.004       ms
[30.082s][info][gc,stats    ]       Phase: Concurrent Select Relocation Set              4.853 / 7.782         5.062 / 14.790        5.062 / 14.790        5.062 / 14.790      ms
[30.082s][info][gc,stats    ]       Phase: Pause Mark End                                0.012 / 0.018         0.013 / 0.027         0.013 / 0.027         0.013 / 0.027       ms
[30.082s][info][gc,stats    ]       Phase: Pause Mark Start                              0.011 / 0.016         0.011 / 0.016         0.011 / 0.016         0.011 / 0.016       ms
[30.082s][info][gc,stats    ]       Phase: Pause Relocate Start                          0.005 / 0.008         0.005 / 0.009         0.005 / 0.009         0.005 / 0.009       ms
[30.082s][info][gc,stats    ]    Subphase: Concurrent Classes Purge                      0.004 / 0.018         0.009 / 0.415         0.009 / 0.415         0.009 / 0.415       ms
[30.082s][info][gc,stats    ]    Subphase: Concurrent Classes Unlink                     0.654 / 0.931         0.664 / 0.931         0.664 / 0.931         0.664 / 0.931       ms
[30.082s][info][gc,stats    ]    Subphase: Concurrent Mark                              23.155 / 46.110       24.058 / 46.110       24.058 / 46.110       24.058 / 46.110      ms
[30.082s][info][gc,stats    ]    Subphase: Concurrent Mark Try Flush                     0.030 / 0.121         0.032 / 0.229         0.032 / 0.229         0.032 / 0.229       ms
[30.082s][info][gc,stats    ]    Subphase: Concurrent Mark Try Terminate                 3.347 / 16.244        4.422 / 16.664        4.422 / 16.664        4.422 / 16.664      ms
[30.082s][info][gc,stats    ]    Subphase: Concurrent References Enqueue                 0.000 / 0.001         0.000 / 0.004         0.000 / 0.004         0.000 / 0.004       ms
[30.082s][info][gc,stats    ]    Subphase: Concurrent References Process                 0.029 / 0.044         0.033 / 0.071         0.033 / 0.071         0.033 / 0.071       ms
[30.082s][info][gc,stats    ]    Subphase: Concurrent Roots ClassLoaderDataGraph         0.102 / 0.541         0.113 / 0.572         0.113 / 0.572         0.113 / 0.572       ms
[30.082s][info][gc,stats    ]    Subphase: Concurrent Roots CodeCache                    0.000 / 0.000         0.000 / 0.000         0.000 / 0.000         0.000 / 0.000       ms
[30.082s][info][gc,stats    ]    Subphase: Concurrent Roots JavaThreads                  0.293 / 0.905         0.308 / 1.270         0.308 / 1.270         0.308 / 1.270       ms
[30.082s][info][gc,stats    ]    Subphase: Concurrent Roots OopStorageSet                0.013 / 0.038         0.015 / 0.134         0.015 / 0.134         0.015 / 0.134       ms
[30.082s][info][gc,stats    ]    Subphase: Concurrent Weak Roots OopStorageSet           0.156 / 0.309         0.177 / 0.350         0.177 / 0.350         0.177 / 0.350       ms
[30.082s][info][gc,stats    ]    Subphase: Pause Mark Try Complete                       0.000 / 0.000         0.000 / 0.000         0.000 / 0.000         0.000 / 0.000       ms
[30.082s][info][gc,stats    ]      System: Java Threads                                     11 / 11               13 / 23               13 / 23               13 / 23          threads
[30.082s][info][gc,stats    ] =========================================================================================================================================================
[30.090s][info][gc,phases   ] GC(296) Concurrent Mark 9.582ms
[30.091s][info][gc,phases   ] GC(296) Pause Mark End 0.014ms
[30.091s][info][gc,phases   ] GC(296) Concurrent Mark Free 0.001ms
[30.092s][info][gc,phases   ] GC(296) Concurrent Process Non-Strong References 1.164ms
[30.092s][info][gc,phases   ] GC(296) Concurrent Reset Relocation Set 0.002ms
[30.098s][info][gc,phases   ] GC(296) Concurrent Select Relocation Set 5.725ms
[30.098s][info][gc,phases   ] GC(296) Pause Relocate Start 0.006ms
[30.101s][info][gc,phases   ] GC(296) Concurrent Relocate 3.048ms
[30.101s][info][gc,load     ] GC(296) Load: 0.00/0.00/0.00
[30.101s][info][gc,mmu      ] GC(296) MMU: 2ms/98.6%, 5ms/99.5%, 10ms/99.6%, 20ms/99.8%, 50ms/99.9%, 100ms/99.9%
[30.101s][info][gc,marking  ] GC(296) Mark: 4 stripe(s), 2 proactive flush(es), 1 terminate flush(es), 0 completion(s), 0 continuation(s) 
[30.101s][info][gc,marking  ] GC(296) Mark Stack Usage: 32M
[30.101s][info][gc,nmethod  ] GC(296) NMethods: 1364 registered, 48 unregistered
[30.101s][info][gc,metaspace] GC(296) Metaspace: 8M used, 8M committed, 1088M reserved
[30.101s][info][gc,ref      ] GC(296) Soft: 174 encountered, 0 discovered, 0 enqueued
[30.101s][info][gc,ref      ] GC(296) Weak: 570 encountered, 31 discovered, 0 enqueued
[30.101s][info][gc,ref      ] GC(296) Final: 0 encountered, 0 discovered, 0 enqueued
[30.101s][info][gc,ref      ] GC(296) Phantom: 21 encountered, 18 discovered, 0 enqueued
[30.101s][info][gc,reloc    ] GC(296) Small Pages: 134 / 268M, Empty: 238M, Relocated: 3M, In-Place: 0
[30.101s][info][gc,reloc    ] GC(296) Medium Pages: 1 / 16M, Empty: 0M, Relocated: 0M, In-Place: 0
[30.101s][info][gc,reloc    ] GC(296) Large Pages: 0 / 0M, Empty: 0M, Relocated: 0M, In-Place: 0
[30.101s][info][gc,reloc    ] GC(296) Forwarding Usage: 1M
[30.101s][info][gc,heap     ] GC(296) Min Capacity: 8M(2%)
[30.101s][info][gc,heap     ] GC(296) Max Capacity: 512M(100%)
[30.101s][info][gc,heap     ] GC(296) Soft Max Capacity: 512M(100%)
[30.101s][info][gc,heap     ] GC(296)                Mark Start          Mark End        Relocate Start      Relocate End           High               Low         
[30.101s][info][gc,heap     ] GC(296)  Capacity:      512M (100%)        512M (100%)        512M (100%)        512M (100%)        512M (100%)        512M (100%)   
[30.101s][info][gc,heap     ] GC(296)      Free:      228M (45%)         204M (40%)         424M (83%)         432M (84%)         432M (84%)         200M (39%)    
[30.101s][info][gc,heap     ] GC(296)      Used:      284M (55%)         308M (60%)          88M (17%)          80M (16%)         312M (61%)          80M (16%)    
[30.101s][info][gc,heap     ] GC(296)      Live:         -                 6M (1%)            6M (1%)            6M (1%)             -                  -          
[30.102s][info][gc,heap     ] GC(296) Allocated:         -                24M (5%)           42M (8%)           49M (10%)            -                  -          
[30.102s][info][gc,heap     ] GC(296)   Garbage:         -               277M (54%)          39M (8%)           23M (5%)             -                  -          
[30.102s][info][gc,heap     ] GC(296) Reclaimed:         -                  -               238M (46%)         253M (50%)            -                  -          
[30.102s][info][gc          ] GC(296) Garbage Collection (Allocation Rate) 284M(55%)->80M(16%)
[30.180s][info][gc,start    ] GC(297) Garbage Collection (Allocation Rate)
[30.180s][info][gc,task     ] GC(297) Using 5 workers
[30.181s][info][gc,phases   ] GC(297) Pause Mark Start 0.013ms
[30.192s][info][gc,phases   ] GC(297) Concurrent Mark 11.687ms
[30.192s][info][gc,phases   ] GC(297) Pause Mark End 0.014ms
[30.192s][info][gc,phases   ] GC(297) Concurrent Mark Free 0.001ms
[30.194s][info][gc,phases   ] GC(297) Concurrent Process Non-Strong References 1.160ms
[30.194s][info][gc,phases   ] GC(297) Concurrent Reset Relocation Set 0.002ms
[30.197s][info][gc,phases   ] GC(297) Concurrent Select Relocation Set 3.701ms
[30.198s][info][gc,phases   ] GC(297) Pause Relocate Start 0.006ms
[30.201s][info][gc,phases   ] GC(297) Concurrent Relocate 3.188ms
[30.201s][info][gc,load     ] GC(297) Load: 0.00/0.00/0.00
[30.201s][info][gc,mmu      ] GC(297) MMU: 2ms/98.6%, 5ms/99.5%, 10ms/99.6%, 20ms/99.8%, 50ms/99.9%, 100ms/99.9%
[30.201s][info][gc,marking  ] GC(297) Mark: 4 stripe(s), 3 proactive flush(es), 1 terminate flush(es), 0 completion(s), 0 continuation(s) 
[30.201s][info][gc,marking  ] GC(297) Mark Stack Usage: 32M
[30.201s][info][gc,nmethod  ] GC(297) NMethods: 1364 registered, 48 unregistered
[30.201s][info][gc,metaspace] GC(297) Metaspace: 8M used, 8M committed, 1088M reserved
[30.201s][info][gc,ref      ] GC(297) Soft: 174 encountered, 0 discovered, 0 enqueued
[30.201s][info][gc,ref      ] GC(297) Weak: 570 encountered, 165 discovered, 0 enqueued
[30.201s][info][gc,ref      ] GC(297) Final: 0 encountered, 0 discovered, 0 enqueued
[30.201s][info][gc,ref      ] GC(297) Phantom: 21 encountered, 18 discovered, 0 enqueued
[30.201s][info][gc,reloc    ] GC(297) Small Pages: 140 / 280M, Empty: 244M, Relocated: 3M, In-Place: 0
[30.201s][info][gc,reloc    ] GC(297) Medium Pages: 1 / 16M, Empty: 0M, Relocated: 0M, In-Place: 0
[30.201s][info][gc,reloc    ] GC(297) Large Pages: 0 / 0M, Empty: 0M, Relocated: 0M, In-Place: 0
[30.201s][info][gc,reloc    ] GC(297) Forwarding Usage: 1M
[30.201s][info][gc,heap     ] GC(297) Min Capacity: 8M(2%)
[30.201s][info][gc,heap     ] GC(297) Max Capacity: 512M(100%)
[30.201s][info][gc,heap     ] GC(297) Soft Max Capacity: 512M(100%)
[30.201s][info][gc,heap     ] GC(297)                Mark Start          Mark End        Relocate Start      Relocate End           High               Low         
[30.201s][info][gc,heap     ] GC(297)  Capacity:      512M (100%)        512M (100%)        512M (100%)        512M (100%)        512M (100%)        512M (100%)   
[30.201s][info][gc,heap     ] GC(297)      Free:      216M (42%)         184M (36%)         426M (83%)         442M (86%)         442M (86%)         184M (36%)    
[30.201s][info][gc,heap     ] GC(297)      Used:      296M (58%)         328M (64%)          86M (17%)          70M (14%)         328M (64%)          70M (14%)    
[30.201s][info][gc,heap     ] GC(297)      Live:         -                 7M (2%)            7M (2%)            7M (2%)             -                  -          
[30.202s][info][gc,heap     ] GC(297) Allocated:         -                32M (6%)           34M (7%)           37M (7%)             -                  -          
[30.202s][info][gc,heap     ] GC(297)   Garbage:         -               288M (56%)          44M (9%)           24M (5%)             -                  -          
[30.202s][info][gc,heap     ] GC(297) Reclaimed:         -                  -               244M (48%)         263M (52%)            -                  -          
[30.202s][info][gc          ] GC(297) Garbage Collection (Allocation Rate) 296M(58%)->70M(14%)
[30.280s][info][gc,start    ] GC(298) Garbage Collection (Allocation Rate)
[30.280s][info][gc,task     ] GC(298) Using 5 workers
[30.280s][info][gc,phases   ] GC(298) Pause Mark Start 0.013ms
[30.293s][info][gc,phases   ] GC(298) Concurrent Mark 12.738ms
[30.293s][info][gc,phases   ] GC(298) Pause Mark End 0.013ms
[30.293s][info][gc,phases   ] GC(298) Concurrent Mark Free 0.001ms
[30.294s][info][gc,phases   ] GC(298) Concurrent Process Non-Strong References 1.077ms
[30.294s][info][gc,phases   ] GC(298) Concurrent Reset Relocation Set 0.003ms
[30.301s][info][gc,phases   ] GC(298) Concurrent Select Relocation Set 6.181ms
[30.301s][info][gc,phases   ] GC(298) Pause Relocate Start 0.007ms
[30.305s][info][gc,phases   ] GC(298) Concurrent Relocate 3.710ms
[30.305s][info][gc,load     ] GC(298) Load: 0.00/0.00/0.00
[30.305s][info][gc,mmu      ] GC(298) MMU: 2ms/98.6%, 5ms/99.5%, 10ms/99.6%, 20ms/99.8%, 50ms/99.9%, 100ms/99.9%
[30.305s][info][gc,marking  ] GC(298) Mark: 4 stripe(s), 2 proactive flush(es), 1 terminate flush(es), 0 completion(s), 0 continuation(s) 
[30.305s][info][gc,marking  ] GC(298) Mark Stack Usage: 32M
[30.305s][info][gc,nmethod  ] GC(298) NMethods: 1364 registered, 48 unregistered
[30.305s][info][gc,metaspace] GC(298) Metaspace: 8M used, 8M committed, 1088M reserved
[30.305s][info][gc,ref      ] GC(298) Soft: 174 encountered, 0 discovered, 0 enqueued
[30.305s][info][gc,ref      ] GC(298) Weak: 570 encountered, 159 discovered, 0 enqueued
[30.305s][info][gc,ref      ] GC(298) Final: 0 encountered, 0 discovered, 0 enqueued
[30.305s][info][gc,ref      ] GC(298) Phantom: 21 encountered, 18 discovered, 0 enqueued
[30.305s][info][gc,reloc    ] GC(298) Small Pages: 133 / 266M, Empty: 238M, Relocated: 4M, In-Place: 0
[30.305s][info][gc,reloc    ] GC(298) Medium Pages: 1 / 16M, Empty: 0M, Relocated: 0M, In-Place: 0
[30.305s][info][gc,reloc    ] GC(298) Large Pages: 0 / 0M, Empty: 0M, Relocated: 0M, In-Place: 0
[30.305s][info][gc,reloc    ] GC(298) Forwarding Usage: 2M
[30.305s][info][gc,heap     ] GC(298) Min Capacity: 8M(2%)
[30.305s][info][gc,heap     ] GC(298) Max Capacity: 512M(100%)
[30.305s][info][gc,heap     ] GC(298) Soft Max Capacity: 512M(100%)
[30.305s][info][gc,heap     ] GC(298)                Mark Start          Mark End        Relocate Start      Relocate End           High               Low         
[30.305s][info][gc,heap     ] GC(298)  Capacity:      512M (100%)        512M (100%)        512M (100%)        512M (100%)        512M (100%)        512M (100%)   
[30.305s][info][gc,heap     ] GC(298)      Free:      230M (45%)         194M (38%)         414M (81%)         418M (82%)         420M (82%)         192M (38%)    
[30.305s][info][gc,heap     ] GC(298)      Used:      282M (55%)         318M (62%)          98M (19%)          94M (18%)         320M (63%)          92M (18%)    
[30.305s][info][gc,heap     ] GC(298)      Live:         -                 8M (2%)            8M (2%)            8M (2%)             -                  -          
[30.305s][info][gc,heap     ] GC(298) Allocated:         -                36M (7%)           54M (11%)          63M (12%)            -                  -          
[30.305s][info][gc,heap     ] GC(298)   Garbage:         -               273M (53%)          35M (7%)           21M (4%)             -                  -          
[30.305s][info][gc,heap     ] GC(298) Reclaimed:         -                  -               238M (46%)         251M (49%)            -                  -          
[30.305s][info][gc          ] GC(298) Garbage Collection (Allocation Rate) 282M(55%)->94M(18%)
[30.383s][info][gc,start    ] GC(299) Garbage Collection (Allocation Rate)
[30.383s][info][gc,task     ] GC(299) Using 5 workers
[30.383s][info][gc,phases   ] GC(299) Pause Mark Start 0.013ms
[30.414s][info][gc,phases   ] GC(299) Concurrent Mark 30.991ms
[30.414s][info][gc,phases   ] GC(299) Pause Mark End 0.015ms
[30.414s][info][gc,phases   ] GC(299) Concurrent Mark Free 0.001ms
[30.416s][info][gc,phases   ] GC(299) Concurrent Process Non-Strong References 1.181ms
[30.416s][info][gc,phases   ] GC(299) Concurrent Reset Relocation Set 0.003ms
[30.419s][info][gc,phases   ] GC(299) Concurrent Select Relocation Set 3.815ms
[30.420s][info][gc,phases   ] GC(299) Pause Relocate Start 0.008ms
[30.422s][info][gc,phases   ] GC(299) Concurrent Relocate 2.889ms
[30.423s][info][gc,load     ] GC(299) Load: 0.00/0.00/0.00
[30.423s][info][gc,mmu      ] GC(299) MMU: 2ms/98.6%, 5ms/99.5%, 10ms/99.6%, 20ms/99.8%, 50ms/99.9%, 100ms/99.9%
[30.423s][info][gc,marking  ] GC(299) Mark: 4 stripe(s), 2 proactive flush(es), 1 terminate flush(es), 0 completion(s), 0 continuation(s) 
[30.423s][info][gc,marking  ] GC(299) Mark Stack Usage: 32M
[30.423s][info][gc,nmethod  ] GC(299) NMethods: 1364 registered, 48 unregistered
[30.423s][info][gc,metaspace] GC(299) Metaspace: 8M used, 8M committed, 1088M reserved
[30.423s][info][gc,ref      ] GC(299) Soft: 174 encountered, 0 discovered, 0 enqueued
[30.423s][info][gc,ref      ] GC(299) Weak: 570 encountered, 305 discovered, 0 enqueued
[30.423s][info][gc,ref      ] GC(299) Final: 0 encountered, 0 discovered, 0 enqueued
[30.423s][info][gc,ref      ] GC(299) Phantom: 21 encountered, 19 discovered, 0 enqueued
[30.423s][info][gc,reloc    ] GC(299) Small Pages: 146 / 292M, Empty: 258M, Relocated: 2M, In-Place: 0
[30.423s][info][gc,reloc    ] GC(299) Medium Pages: 1 / 16M, Empty: 0M, Relocated: 0M, In-Place: 0
[30.423s][info][gc,reloc    ] GC(299) Large Pages: 0 / 0M, Empty: 0M, Relocated: 0M, In-Place: 0
[30.423s][info][gc,reloc    ] GC(299) Forwarding Usage: 1M
[30.423s][info][gc,heap     ] GC(299) Min Capacity: 8M(2%)
[30.423s][info][gc,heap     ] GC(299) Max Capacity: 512M(100%)
[30.423s][info][gc,heap     ] GC(299) Soft Max Capacity: 512M(100%)
[30.423s][info][gc,heap     ] GC(299)                Mark Start          Mark End        Relocate Start      Relocate End           High               Low         
[30.423s][info][gc,heap     ] GC(299)  Capacity:      512M (100%)        512M (100%)        512M (100%)        512M (100%)        512M (100%)        512M (100%)   
[30.423s][info][gc,heap     ] GC(299)      Free:      204M (40%)         144M (28%)         398M (78%)         406M (79%)         408M (80%)         144M (28%)    
[30.423s][info][gc,heap     ] GC(299)      Used:      308M (60%)         368M (72%)         114M (22%)         106M (21%)         368M (72%)         104M (20%)    
[30.423s][info][gc,heap     ] GC(299)      Live:         -                 9M (2%)            9M (2%)            9M (2%)             -                  -          
[30.423s][info][gc,heap     ] GC(299) Allocated:         -                60M (12%)          64M (13%)          71M (14%)            -                  -          
[30.423s][info][gc,heap     ] GC(299)   Garbage:         -               298M (58%)          40M (8%)           24M (5%)             -                  -          
[30.423s][info][gc,heap     ] GC(299) Reclaimed:         -                  -               258M (50%)         273M (54%)            -                  -          
[30.423s][info][gc          ] GC(299) Garbage Collection (Allocation Rate) 308M(60%)->106M(21%)
[30.492s][info][gc,start    ] GC(300) Garbage Collection (Allocation Rate)
[30.492s][info][gc,task     ] GC(300) Using 5 workers
[30.492s][info][gc,phases   ] GC(300) Pause Mark Start 0.013ms
[30.508s][info][gc,phases   ] GC(300) Concurrent Mark 15.337ms
[30.508s][info][gc,phases   ] GC(300) Pause Mark End 0.013ms
[30.508s][info][gc,phases   ] GC(300) Concurrent Mark Free 0.001ms
[30.509s][info][gc,phases   ] GC(300) Concurrent Process Non-Strong References 1.082ms
[30.509s][info][gc,phases   ] GC(300) Concurrent Reset Relocation Set 0.004ms
[30.513s][info][gc,phases   ] GC(300) Concurrent Select Relocation Set 3.532ms
[30.513s][info][gc,phases   ] GC(300) Pause Relocate Start 0.006ms
[30.516s][info][gc,phases   ] GC(300) Concurrent Relocate 3.560ms
[30.516s][info][gc,load     ] GC(300) Load: 0.00/0.00/0.00
[30.517s][info][gc,mmu      ] GC(300) MMU: 2ms/98.6%, 5ms/99.5%, 10ms/99.6%, 20ms/99.8%, 50ms/99.9%, 100ms/99.9%
[30.517s][info][gc,marking  ] GC(300) Mark: 4 stripe(s), 2 proactive flush(es), 1 terminate flush(es), 0 completion(s), 0 continuation(s) 
[30.517s][info][gc,marking  ] GC(300) Mark Stack Usage: 32M
[30.517s][info][gc,nmethod  ] GC(300) NMethods: 1364 registered, 48 unregistered
[30.517s][info][gc,metaspace] GC(300) Metaspace: 8M used, 8M committed, 1088M reserved
[30.517s][info][gc,ref      ] GC(300) Soft: 174 encountered, 0 discovered, 0 enqueued
[30.517s][info][gc,ref      ] GC(300) Weak: 570 encountered, 202 discovered, 0 enqueued
[30.517s][info][gc,ref      ] GC(300) Final: 0 encountered, 0 discovered, 0 enqueued
[30.517s][info][gc,ref      ] GC(300) Phantom: 21 encountered, 18 discovered, 0 enqueued
[30.517s][info][gc,reloc    ] GC(300) Small Pages: 133 / 266M, Empty: 230M, Relocated: 3M, In-Place: 0
[30.517s][info][gc,reloc    ] GC(300) Medium Pages: 2 / 32M, Empty: 16M, Relocated: 0M, In-Place: 0
[30.517s][info][gc,reloc    ] GC(300) Large Pages: 0 / 0M, Empty: 0M, Relocated: 0M, In-Place: 0
[30.517s][info][gc,reloc    ] GC(300) Forwarding Usage: 1M
[30.517s][info][gc,heap     ] GC(300) Min Capacity: 8M(2%)
[30.517s][info][gc,heap     ] GC(300) Max Capacity: 512M(100%)
[30.517s][info][gc,heap     ] GC(300) Soft Max Capacity: 512M(100%)
[30.517s][info][gc,heap     ] GC(300)                Mark Start          Mark End        Relocate Start      Relocate End           High               Low         
[30.517s][info][gc,heap     ] GC(300)  Capacity:      512M (100%)        512M (100%)        512M (100%)        512M (100%)        512M (100%)        512M (100%)   
[30.517s][info][gc,heap     ] GC(300)      Free:      214M (42%)         174M (34%)         406M (79%)         416M (81%)         418M (82%)         170M (33%)    
[30.517s][info][gc,heap     ] GC(300)      Used:      298M (58%)         338M (66%)         106M (21%)          96M (19%)         342M (67%)          94M (18%)    
[30.517s][info][gc,heap     ] GC(300)      Live:         -                 9M (2%)            9M (2%)            9M (2%)             -                  -          
[30.517s][info][gc,heap     ] GC(300) Allocated:         -                40M (8%)           54M (11%)          61M (12%)            -                  -          
[30.517s][info][gc,heap     ] GC(300)   Garbage:         -               288M (56%)          42M (8%)           24M (5%)             -                  -          
[30.517s][info][gc,heap     ] GC(300) Reclaimed:         -                  -               246M (48%)         263M (52%)            -                  -          
[30.517s][info][gc          ] GC(300) Garbage Collection (Allocation Rate) 298M(58%)->96M(19%)
[30.586s][info][gc,start    ] GC(301) Garbage Collection (Allocation Rate)
[30.586s][info][gc,task     ] GC(301) Using 5 workers
[30.586s][info][gc,phases   ] GC(301) Pause Mark Start 0.011ms
[30.601s][info][gc,phases   ] GC(301) Concurrent Mark 15.325ms
[30.602s][info][gc,phases   ] GC(301) Pause Mark End 0.013ms
[30.602s][info][gc,phases   ] GC(301) Concurrent Mark Free 0.001ms
[30.603s][info][gc,phases   ] GC(301) Concurrent Process Non-Strong References 0.969ms
[30.603s][info][gc,phases   ] GC(301) Concurrent Reset Relocation Set 0.003ms
[30.609s][info][gc,phases   ] GC(301) Concurrent Select Relocation Set 5.841ms
[30.609s][info][gc,phases   ] GC(301) Pause Relocate Start 0.006ms
[30.613s][info][gc,phases   ] GC(301) Concurrent Relocate 4.139ms
[30.613s][info][gc,load     ] GC(301) Load: 0.00/0.00/0.00
[30.613s][info][gc,mmu      ] GC(301) MMU: 2ms/98.6%, 5ms/99.5%, 10ms/99.6%, 20ms/99.8%, 50ms/99.9%, 100ms/99.9%
[30.613s][info][gc,marking  ] GC(301) Mark: 4 stripe(s), 2 proactive flush(es), 1 terminate flush(es), 0 completion(s), 0 continuation(s) 
[30.613s][info][gc,marking  ] GC(301) Mark Stack Usage: 32M
[30.613s][info][gc,nmethod  ] GC(301) NMethods: 1364 registered, 48 unregistered
[30.613s][info][gc,metaspace] GC(301) Metaspace: 8M used, 8M committed, 1088M reserved
[30.613s][info][gc,ref      ] GC(301) Soft: 174 encountered, 0 discovered, 0 enqueued
[30.613s][info][gc,ref      ] GC(301) Weak: 570 encountered, 23 discovered, 0 enqueued
[30.613s][info][gc,ref      ] GC(301) Final: 0 encountered, 0 discovered, 0 enqueued
[30.613s][info][gc,ref      ] GC(301) Phantom: 21 encountered, 18 discovered, 0 enqueued
[30.613s][info][gc,reloc    ] GC(301) Small Pages: 106 / 212M, Empty: 186M, Relocated: 5M, In-Place: 0
[30.613s][info][gc,reloc    ] GC(301) Medium Pages: 1 / 16M, Empty: 0M, Relocated: 0M, In-Place: 0
[30.613s][info][gc,reloc    ] GC(301) Large Pages: 0 / 0M, Empty: 0M, Relocated: 0M, In-Place: 0
[30.613s][info][gc,reloc    ] GC(301) Forwarding Usage: 2M
[30.613s][info][gc,heap     ] GC(301) Min Capacity: 8M(2%)
[30.613s][info][gc,heap     ] GC(301) Max Capacity: 512M(100%)
[30.613s][info][gc,heap     ] GC(301) Soft Max Capacity: 512M(100%)
[30.613s][info][gc,heap     ] GC(301)                Mark Start          Mark End        Relocate Start      Relocate End           High               Low         
[30.613s][info][gc,heap     ] GC(301)  Capacity:      512M (100%)        512M (100%)        512M (100%)        512M (100%)        512M (100%)        512M (100%)   
[30.614s][info][gc,heap     ] GC(301)      Free:      284M (55%)         266M (52%)         440M (86%)         442M (86%)         444M (87%)         264M (52%)    
[30.614s][info][gc,heap     ] GC(301)      Used:      228M (45%)         246M (48%)          72M (14%)          70M (14%)         248M (48%)          68M (13%)    
[30.614s][info][gc,heap     ] GC(301)      Live:         -                10M (2%)           10M (2%)           10M (2%)             -                  -          
[30.614s][info][gc,heap     ] GC(301) Allocated:         -                18M (4%)           30M (6%)           37M (7%)             -                  -          
[30.614s][info][gc,heap     ] GC(301)   Garbage:         -               217M (42%)          31M (6%)           21M (4%)             -                  -          
[30.614s][info][gc,heap     ] GC(301) Reclaimed:         -                  -               186M (36%)         195M (38%)            -                  -          
[30.614s][info][gc          ] GC(301) Garbage Collection (Allocation Rate) 228M(45%)->70M(14%)
[30.695s][info][gc,start    ] GC(302) Garbage Collection (Allocation Rate)
[30.695s][info][gc,task     ] GC(302) Using 5 workers
[30.695s][info][gc,phases   ] GC(302) Pause Mark Start 0.013ms
[30.711s][info][gc,phases   ] GC(302) Concurrent Mark 15.378ms
[30.711s][info][gc,phases   ] GC(302) Pause Mark End 0.013ms
[30.711s][info][gc,phases   ] GC(302) Concurrent Mark Free 0.001ms
[30.712s][info][gc,phases   ] GC(302) Concurrent Process Non-Strong References 0.990ms
[30.712s][info][gc,phases   ] GC(302) Concurrent Reset Relocation Set 0.002ms
[30.716s][info][gc,phases   ] GC(302) Concurrent Select Relocation Set 3.847ms
[30.716s][info][gc,phases   ] GC(302) Pause Relocate Start 0.005ms
[30.717s][info][gc,phases   ] GC(302) Concurrent Relocate 1.197ms
[30.717s][info][gc,load     ] GC(302) Load: 0.00/0.00/0.00
[30.717s][info][gc,mmu      ] GC(302) MMU: 2ms/98.6%, 5ms/99.5%, 10ms/99.6%, 20ms/99.8%, 50ms/99.9%, 100ms/99.9%
[30.717s][info][gc,marking  ] GC(302) Mark: 4 stripe(s), 2 proactive flush(es), 1 terminate flush(es), 0 completion(s), 0 continuation(s) 
[30.718s][info][gc,marking  ] GC(302) Mark Stack Usage: 32M
[30.718s][info][gc,nmethod  ] GC(302) NMethods: 1364 registered, 48 unregistered
[30.718s][info][gc,metaspace] GC(302) Metaspace: 8M used, 8M committed, 1088M reserved
[30.718s][info][gc,ref      ] GC(302) Soft: 174 encountered, 0 discovered, 0 enqueued
[30.718s][info][gc,ref      ] GC(302) Weak: 570 encountered, 121 discovered, 0 enqueued
[30.718s][info][gc,ref      ] GC(302) Final: 0 encountered, 0 discovered, 0 enqueued
[30.718s][info][gc,ref      ] GC(302) Phantom: 21 encountered, 18 discovered, 0 enqueued
[30.718s][info][gc,reloc    ] GC(302) Small Pages: 135 / 270M, Empty: 248M, Relocated: 1M, In-Place: 0
[30.718s][info][gc,reloc    ] GC(302) Medium Pages: 1 / 16M, Empty: 0M, Relocated: 0M, In-Place: 0
[30.718s][info][gc,reloc    ] GC(302) Large Pages: 0 / 0M, Empty: 0M, Relocated: 0M, In-Place: 0
[30.718s][info][gc,reloc    ] GC(302) Forwarding Usage: 0M
[30.718s][info][gc,heap     ] GC(302) Min Capacity: 8M(2%)
[30.718s][info][gc,heap     ] GC(302) Max Capacity: 512M(100%)
[30.718s][info][gc,heap     ] GC(302) Soft Max Capacity: 512M(100%)
[30.718s][info][gc,heap     ] GC(302)                Mark Start          Mark End        Relocate Start      Relocate End           High               Low         
[30.718s][info][gc,heap     ] GC(302)  Capacity:      512M (100%)        512M (100%)        512M (100%)        512M (100%)        512M (100%)        512M (100%)   
[30.718s][info][gc,heap     ] GC(302)      Free:      226M (44%)         188M (37%)         422M (82%)         420M (82%)         424M (83%)         186M (36%)    
[30.718s][info][gc,heap     ] GC(302)      Used:      286M (56%)         324M (63%)          90M (18%)          92M (18%)         326M (64%)          88M (17%)    
[30.718s][info][gc,heap     ] GC(302)      Live:         -                11M (2%)           11M (2%)           11M (2%)             -                  -          
[30.718s][info][gc,heap     ] GC(302) Allocated:         -                38M (7%)           52M (10%)          53M (11%)            -                  -          
[30.718s][info][gc,heap     ] GC(302)   Garbage:         -               274M (54%)          26M (5%)           26M (5%)             -                  -          
[30.718s][info][gc,heap     ] GC(302) Reclaimed:         -                  -               248M (48%)         247M (48%)            -                  -          
[30.718s][info][gc          ] GC(302) Garbage Collection (Allocation Rate) 286M(56%)->92M(18%)
[30.789s][info][gc,start    ] GC(303) Garbage Collection (Allocation Rate)
[30.789s][info][gc,task     ] GC(303) Using 5 workers
[30.789s][info][gc,phases   ] GC(303) Pause Mark Start 0.010ms
[30.820s][info][gc,phases   ] GC(303) Concurrent Mark 31.024ms
[30.820s][info][gc,phases   ] GC(303) Pause Mark End 0.012ms
[30.820s][info][gc,phases   ] GC(303) Concurrent Mark Free 0.001ms
[30.821s][info][gc,phases   ] GC(303) Concurrent Process Non-Strong References 0.991ms
[30.821s][info][gc,phases   ] GC(303) Concurrent Reset Relocation Set 0.002ms
[30.826s][info][gc,phases   ] GC(303) Concurrent Select Relocation Set 4.973ms
[30.827s][info][gc,phases   ] GC(303) Pause Relocate Start 0.006ms
[30.830s][info][gc,phases   ] GC(303) Concurrent Relocate 3.471ms
[30.830s][info][gc,load     ] GC(303) Load: 0.00/0.00/0.00
[30.830s][info][gc,mmu      ] GC(303) MMU: 2ms/98.6%, 5ms/99.5%, 10ms/99.6%, 20ms/99.8%, 50ms/99.9%, 100ms/99.9%
[30.830s][info][gc,marking  ] GC(303) Mark: 4 stripe(s), 4 proactive flush(es), 1 terminate flush(es), 0 completion(s), 0 continuation(s) 
[30.830s][info][gc,marking  ] GC(303) Mark Stack Usage: 32M
[30.830s][info][gc,nmethod  ] GC(303) NMethods: 1364 registered, 48 unregistered
[30.830s][info][gc,metaspace] GC(303) Metaspace: 8M used, 8M committed, 1088M reserved
[30.830s][info][gc,ref      ] GC(303) Soft: 174 encountered, 0 discovered, 0 enqueued
[30.830s][info][gc,ref      ] GC(303) Weak: 570 encountered, 73 discovered, 0 enqueued
[30.830s][info][gc,ref      ] GC(303) Final: 0 encountered, 0 discovered, 0 enqueued
[30.830s][info][gc,ref      ] GC(303) Phantom: 21 encountered, 9 discovered, 0 enqueued
[30.830s][info][gc,reloc    ] GC(303) Small Pages: 128 / 256M, Empty: 216M, Relocated: 3M, In-Place: 0
[30.830s][info][gc,reloc    ] GC(303) Medium Pages: 2 / 32M, Empty: 0M, Relocated: 0M, In-Place: 0
[30.830s][info][gc,reloc    ] GC(303) Large Pages: 0 / 0M, Empty: 0M, Relocated: 0M, In-Place: 0
[30.831s][info][gc,reloc    ] GC(303) Forwarding Usage: 1M
[30.831s][info][gc,heap     ] GC(303) Min Capacity: 8M(2%)
[30.831s][info][gc,heap     ] GC(303) Max Capacity: 512M(100%)
[30.831s][info][gc,heap     ] GC(303) Soft Max Capacity: 512M(100%)
[30.831s][info][gc,heap     ] GC(303)                Mark Start          Mark End        Relocate Start      Relocate End           High               Low         
[30.831s][info][gc,heap     ] GC(303)  Capacity:      512M (100%)        512M (100%)        512M (100%)        512M (100%)        512M (100%)        512M (100%)   
[30.831s][info][gc,heap     ] GC(303)      Free:      224M (44%)         142M (28%)         342M (67%)         368M (72%)         372M (73%)         138M (27%)    
[30.831s][info][gc,heap     ] GC(303)      Used:      288M (56%)         370M (72%)         170M (33%)         144M (28%)         374M (73%)         140M (27%)    
[30.831s][info][gc,heap     ] GC(303)      Live:         -                11M (2%)           11M (2%)           11M (2%)             -                  -          
[30.831s][info][gc,heap     ] GC(303) Allocated:         -                82M (16%)          98M (19%)         107M (21%)            -                  -          
[30.831s][info][gc,heap     ] GC(303)   Garbage:         -               276M (54%)          60M (12%)          24M (5%)             -                  -          
[30.831s][info][gc,heap     ] GC(303) Reclaimed:         -                  -               216M (42%)         251M (49%)            -                  -          
[30.831s][info][gc          ] GC(303) Garbage Collection (Allocation Rate) 288M(56%)->144M(28%)
[30.883s][info][gc,start    ] GC(304) Garbage Collection (Allocation Rate)
[30.883s][info][gc,task     ] GC(304) Using 5 workers
[30.883s][info][gc,phases   ] GC(304) Pause Mark Start 0.010ms
[30.898s][info][gc,phases   ] GC(304) Concurrent Mark 15.378ms
[30.898s][info][gc,phases   ] GC(304) Pause Mark End 0.011ms
[30.898s][info][gc,phases   ] GC(304) Concurrent Mark Free 0.001ms
[30.900s][info][gc,phases   ] GC(304) Concurrent Process Non-Strong References 1.077ms
[30.900s][info][gc,phases   ] GC(304) Concurrent Reset Relocation Set 0.002ms
[30.903s][info][gc,phases   ] GC(304) Concurrent Select Relocation Set 3.610ms
[30.903s][info][gc,phases   ] GC(304) Pause Relocate Start 0.005ms
[30.907s][info][gc,phases   ] GC(304) Concurrent Relocate 3.344ms
[30.907s][info][gc,load     ] GC(304) Load: 0.00/0.00/0.00
[30.907s][info][gc,mmu      ] GC(304) MMU: 2ms/98.6%, 5ms/99.5%, 10ms/99.6%, 20ms/99.8%, 50ms/99.9%, 100ms/99.9%
[30.907s][info][gc,marking  ] GC(304) Mark: 4 stripe(s), 2 proactive flush(es), 1 terminate flush(es), 0 completion(s), 0 continuation(s) 
[30.907s][info][gc,marking  ] GC(304) Mark Stack Usage: 32M
[30.907s][info][gc,nmethod  ] GC(304) NMethods: 1364 registered, 48 unregistered
[30.907s][info][gc,metaspace] GC(304) Metaspace: 8M used, 8M committed, 1088M reserved
[30.907s][info][gc,ref      ] GC(304) Soft: 174 encountered, 0 discovered, 0 enqueued
[30.907s][info][gc,ref      ] GC(304) Weak: 570 encountered, 162 discovered, 0 enqueued
[30.907s][info][gc,ref      ] GC(304) Final: 0 encountered, 0 discovered, 0 enqueued
[30.907s][info][gc,ref      ] GC(304) Phantom: 21 encountered, 18 discovered, 0 enqueued
[30.907s][info][gc,reloc    ] GC(304) Small Pages: 135 / 270M, Empty: 234M, Relocated: 2M, In-Place: 0
[30.907s][info][gc,reloc    ] GC(304) Medium Pages: 1 / 16M, Empty: 0M, Relocated: 0M, In-Place: 0
[30.907s][info][gc,reloc    ] GC(304) Large Pages: 0 / 0M, Empty: 0M, Relocated: 0M, In-Place: 0
[30.907s][info][gc,reloc    ] GC(304) Forwarding Usage: 1M
[30.907s][info][gc,heap     ] GC(304) Min Capacity: 8M(2%)
[30.907s][info][gc,heap     ] GC(304) Max Capacity: 512M(100%)
[30.907s][info][gc,heap     ] GC(304) Soft Max Capacity: 512M(100%)
[30.907s][info][gc,heap     ] GC(304)                Mark Start          Mark End        Relocate Start      Relocate End           High               Low         
[30.907s][info][gc,heap     ] GC(304)  Capacity:      512M (100%)        512M (100%)        512M (100%)        512M (100%)        512M (100%)        512M (100%)   
[30.907s][info][gc,heap     ] GC(304)      Free:      226M (44%)         184M (36%)         414M (81%)         424M (83%)         424M (83%)         182M (36%)    
[30.907s][info][gc,heap     ] GC(304)      Used:      286M (56%)         328M (64%)          98M (19%)          88M (17%)         330M (64%)          88M (17%)    
[30.907s][info][gc,heap     ] GC(304)      Live:         -                12M (2%)           12M (2%)           12M (2%)             -                  -          
[30.907s][info][gc,heap     ] GC(304) Allocated:         -                42M (8%)           46M (9%)           49M (10%)            -                  -          
[30.907s][info][gc,heap     ] GC(304)   Garbage:         -               273M (53%)          39M (8%)           25M (5%)             -                  -          
[30.908s][info][gc,heap     ] GC(304) Reclaimed:         -                  -               234M (46%)         247M (48%)            -                  -          
[30.908s][info][gc          ] GC(304) Garbage Collection (Allocation Rate) 286M(56%)->88M(17%)
[30.992s][info][gc,start    ] GC(305) Garbage Collection (Allocation Rate)
[30.992s][info][gc,task     ] GC(305) Using 5 workers
[30.992s][info][gc,phases   ] GC(305) Pause Mark Start 0.016ms
[31.023s][info][gc,phases   ] GC(305) Concurrent Mark 30.924ms
[31.023s][info][gc,phases   ] GC(305) Pause Mark End 0.016ms
[31.024s][info][gc,phases   ] GC(305) Concurrent Mark Free 0.001ms
[31.025s][info][gc,phases   ] GC(305) Concurrent Process Non-Strong References 1.020ms
[31.025s][info][gc,phases   ] GC(305) Concurrent Reset Relocation Set 0.003ms
[31.031s][info][gc,phases   ] GC(305) Concurrent Select Relocation Set 5.990ms
[31.031s][info][gc,phases   ] GC(305) Pause Relocate Start 0.007ms
[31.034s][info][gc,phases   ] GC(305) Concurrent Relocate 3.377ms
[31.034s][info][gc,load     ] GC(305) Load: 0.00/0.00/0.00
[31.034s][info][gc,mmu      ] GC(305) MMU: 2ms/98.6%, 5ms/99.5%, 10ms/99.6%, 20ms/99.8%, 50ms/99.9%, 100ms/99.9%
[31.034s][info][gc,marking  ] GC(305) Mark: 4 stripe(s), 3 proactive flush(es), 1 terminate flush(es), 0 completion(s), 0 continuation(s) 
[31.034s][info][gc,marking  ] GC(305) Mark Stack Usage: 32M
[31.034s][info][gc,nmethod  ] GC(305) NMethods: 1364 registered, 48 unregistered
[31.034s][info][gc,metaspace] GC(305) Metaspace: 8M used, 8M committed, 1088M reserved
[31.034s][info][gc,ref      ] GC(305) Soft: 174 encountered, 0 discovered, 0 enqueued
[31.034s][info][gc,ref      ] GC(305) Weak: 570 encountered, 163 discovered, 0 enqueued
[31.034s][info][gc,ref      ] GC(305) Final: 0 encountered, 0 discovered, 0 enqueued
[31.035s][info][gc,ref      ] GC(305) Phantom: 21 encountered, 18 discovered, 0 enqueued
[31.035s][info][gc,reloc    ] GC(305) Small Pages: 148 / 296M, Empty: 258M, Relocated: 4M, In-Place: 0
[31.035s][info][gc,reloc    ] GC(305) Medium Pages: 1 / 16M, Empty: 0M, Relocated: 0M, In-Place: 0
[31.035s][info][gc,reloc    ] GC(305) Large Pages: 0 / 0M, Empty: 0M, Relocated: 0M, In-Place: 0
[31.035s][info][gc,reloc    ] GC(305) Forwarding Usage: 2M
[31.035s][info][gc,heap     ] GC(305) Min Capacity: 8M(2%)
[31.035s][info][gc,heap     ] GC(305) Max Capacity: 512M(100%)
[31.035s][info][gc,heap     ] GC(305) Soft Max Capacity: 512M(100%)
[31.035s][info][gc,heap     ] GC(305)                Mark Start          Mark End        Relocate Start      Relocate End           High               Low         
[31.035s][info][gc,heap     ] GC(305)  Capacity:      512M (100%)        512M (100%)        512M (100%)        512M (100%)        512M (100%)        512M (100%)   
[31.035s][info][gc,heap     ] GC(305)      Free:      200M (39%)         116M (23%)         354M (69%)         362M (71%)         368M (72%)         112M (22%)    
[31.035s][info][gc,heap     ] GC(305)      Used:      312M (61%)         396M (77%)         158M (31%)         150M (29%)         400M (78%)         144M (28%)    
[31.035s][info][gc,heap     ] GC(305)      Live:         -                13M (3%)           13M (3%)           13M (3%)             -                  -          
[31.035s][info][gc,heap     ] GC(305) Allocated:         -                84M (16%)         104M (20%)         113M (22%)            -                  -          
[31.035s][info][gc,heap     ] GC(305)   Garbage:         -               298M (58%)          40M (8%)           22M (4%)             -                  -          
[31.035s][info][gc,heap     ] GC(305) Reclaimed:         -                  -               258M (50%)         275M (54%)            -                  -          
[31.035s][info][gc          ] GC(305) Garbage Collection (Allocation Rate) 312M(61%)->150M(29%)
[31.086s][info][gc,start    ] GC(306) Garbage Collection (Allocation Rate)
[31.086s][info][gc,task     ] GC(306) Using 5 workers
[31.086s][info][gc,phases   ] GC(306) Pause Mark Start 0.014ms
[31.117s][info][gc,phases   ] GC(306) Concurrent Mark 30.989ms
[31.117s][info][gc,phases   ] GC(306) Pause Mark End 0.014ms
[31.117s][info][gc,phases   ] GC(306) Concurrent Mark Free 0.001ms
[31.118s][info][gc,phases   ] GC(306) Concurrent Process Non-Strong References 1.042ms
[31.118s][info][gc,phases   ] GC(306) Concurrent Reset Relocation Set 0.003ms
[31.122s][info][gc,phases   ] GC(306) Concurrent Select Relocation Set 3.559ms
[31.122s][info][gc,phases   ] GC(306) Pause Relocate Start 0.008ms
[31.127s][info][gc,phases   ] GC(306) Concurrent Relocate 4.602ms
[31.127s][info][gc,load     ] GC(306) Load: 0.00/0.00/0.00
[31.127s][info][gc,mmu      ] GC(306) MMU: 2ms/98.6%, 5ms/99.5%, 10ms/99.6%, 20ms/99.8%, 50ms/99.9%, 100ms/99.9%
[31.127s][info][gc,marking  ] GC(306) Mark: 4 stripe(s), 2 proactive flush(es), 1 terminate flush(es), 0 completion(s), 0 continuation(s) 
[31.127s][info][gc,marking  ] GC(306) Mark Stack Usage: 32M
[31.127s][info][gc,nmethod  ] GC(306) NMethods: 1364 registered, 48 unregistered
[31.127s][info][gc,metaspace] GC(306) Metaspace: 8M used, 8M committed, 1088M reserved
[31.127s][info][gc,ref      ] GC(306) Soft: 174 encountered, 0 discovered, 0 enqueued
[31.127s][info][gc,ref      ] GC(306) Weak: 570 encountered, 23 discovered, 0 enqueued
[31.127s][info][gc,ref      ] GC(306) Final: 0 encountered, 0 discovered, 0 enqueued
[31.127s][info][gc,ref      ] GC(306) Phantom: 21 encountered, 18 discovered, 0 enqueued
[31.127s][info][gc,reloc    ] GC(306) Small Pages: 136 / 272M, Empty: 240M, Relocated: 5M, In-Place: 0
[31.127s][info][gc,reloc    ] GC(306) Medium Pages: 1 / 16M, Empty: 0M, Relocated: 0M, In-Place: 0
[31.127s][info][gc,reloc    ] GC(306) Large Pages: 0 / 0M, Empty: 0M, Relocated: 0M, In-Place: 0
[31.127s][info][gc,reloc    ] GC(306) Forwarding Usage: 2M
[31.127s][info][gc,heap     ] GC(306) Min Capacity: 8M(2%)
[31.127s][info][gc,heap     ] GC(306) Max Capacity: 512M(100%)
[31.127s][info][gc,heap     ] GC(306) Soft Max Capacity: 512M(100%)
[31.127s][info][gc,heap     ] GC(306)                Mark Start          Mark End        Relocate Start      Relocate End           High               Low         
[31.127s][info][gc,heap     ] GC(306)  Capacity:      512M (100%)        512M (100%)        512M (100%)        512M (100%)        512M (100%)        512M (100%)   
[31.127s][info][gc,heap     ] GC(306)      Free:      224M (44%)         152M (30%)         390M (76%)         402M (79%)         402M (79%)         152M (30%)    
[31.127s][info][gc,heap     ] GC(306)      Used:      288M (56%)         360M (70%)         122M (24%)         110M (21%)         360M (70%)         110M (21%)    
[31.127s][info][gc,heap     ] GC(306)      Live:         -                13M (3%)           13M (3%)           13M (3%)             -                  -          
[31.127s][info][gc,heap     ] GC(306) Allocated:         -                72M (14%)          74M (14%)          73M (14%)            -                  -          
[31.127s][info][gc,heap     ] GC(306)   Garbage:         -               274M (54%)          34M (7%)           22M (4%)             -                  -          
[31.127s][info][gc,heap     ] GC(306) Reclaimed:         -                  -               240M (47%)         251M (49%)            -                  -          
[31.127s][info][gc          ] GC(306) Garbage Collection (Allocation Rate) 288M(56%)->110M(21%)
[31.195s][info][gc,start    ] GC(307) Garbage Collection (Allocation Rate)
[31.195s][info][gc,task     ] GC(307) Using 5 workers
[31.195s][info][gc,phases   ] GC(307) Pause Mark Start 0.011ms
[31.223s][info][gc,phases   ] GC(307) Concurrent Mark 27.712ms
[31.223s][info][gc,phases   ] GC(307) Pause Mark End 0.014ms
[31.223s][info][gc,phases   ] GC(307) Concurrent Mark Free 0.001ms
[31.224s][info][gc,phases   ] GC(307) Concurrent Process Non-Strong References 1.039ms
[31.224s][info][gc,phases   ] GC(307) Concurrent Reset Relocation Set 0.002ms
[31.231s][info][gc,phases   ] GC(307) Concurrent Select Relocation Set 6.764ms
[31.231s][info][gc,phases   ] GC(307) Pause Relocate Start 0.008ms
[31.235s][info][gc,phases   ] GC(307) Concurrent Relocate 3.395ms
[31.235s][info][gc,load     ] GC(307) Load: 0.00/0.00/0.00
[31.235s][info][gc,mmu      ] GC(307) MMU: 2ms/98.6%, 5ms/99.5%, 10ms/99.6%, 20ms/99.8%, 50ms/99.9%, 100ms/99.9%
[31.235s][info][gc,marking  ] GC(307) Mark: 4 stripe(s), 2 proactive flush(es), 1 terminate flush(es), 0 completion(s), 0 continuation(s) 
[31.235s][info][gc,marking  ] GC(307) Mark Stack Usage: 32M
[31.235s][info][gc,nmethod  ] GC(307) NMethods: 1364 registered, 48 unregistered
[31.235s][info][gc,metaspace] GC(307) Metaspace: 8M used, 8M committed, 1088M reserved
[31.235s][info][gc,ref      ] GC(307) Soft: 174 encountered, 0 discovered, 0 enqueued
[31.235s][info][gc,ref      ] GC(307) Weak: 570 encountered, 38 discovered, 0 enqueued
[31.235s][info][gc,ref      ] GC(307) Final: 0 encountered, 0 discovered, 0 enqueued
[31.235s][info][gc,ref      ] GC(307) Phantom: 21 encountered, 18 discovered, 0 enqueued
[31.235s][info][gc,reloc    ] GC(307) Small Pages: 129 / 258M, Empty: 224M, Relocated: 4M, In-Place: 0
[31.235s][info][gc,reloc    ] GC(307) Medium Pages: 2 / 32M, Empty: 0M, Relocated: 1M, In-Place: 0
[31.235s][info][gc,reloc    ] GC(307) Large Pages: 0 / 0M, Empty: 0M, Relocated: 0M, In-Place: 0
[31.235s][info][gc,reloc    ] GC(307) Forwarding Usage: 2M
[31.235s][info][gc,heap     ] GC(307) Min Capacity: 8M(2%)
[31.235s][info][gc,heap     ] GC(307) Max Capacity: 512M(100%)
[31.235s][info][gc,heap     ] GC(307) Soft Max Capacity: 512M(100%)
[31.235s][info][gc,heap     ] GC(307)                Mark Start          Mark End        Relocate Start      Relocate End           High               Low         
[31.235s][info][gc,heap     ] GC(307)  Capacity:      512M (100%)        512M (100%)        512M (100%)        512M (100%)        512M (100%)        512M (100%)   
[31.235s][info][gc,heap     ] GC(307)      Free:      222M (43%)         146M (29%)         350M (68%)         368M (72%)         368M (72%)         142M (28%)    
[31.236s][info][gc,heap     ] GC(307)      Used:      290M (57%)         366M (71%)         162M (32%)         144M (28%)         370M (72%)         144M (28%)    
[31.236s][info][gc,heap     ] GC(307)      Live:         -                14M (3%)           14M (3%)           14M (3%)             -                  -          
[31.236s][info][gc,heap     ] GC(307) Allocated:         -                76M (15%)          96M (19%)         105M (21%)            -                  -          
[31.236s][info][gc,heap     ] GC(307)   Garbage:         -               275M (54%)          51M (10%)          23M (5%)             -                  -          
[31.236s][info][gc,heap     ] GC(307) Reclaimed:         -                  -               224M (44%)         251M (49%)            -                  -          
[31.236s][info][gc          ] GC(307) Garbage Collection (Allocation Rate) 290M(57%)->144M(28%)
[31.280s][info][gc,start    ] GC(308) Garbage Collection (Allocation Rate)
[31.280s][info][gc,task     ] GC(308) Using 5 workers
[31.280s][info][gc,phases   ] GC(308) Pause Mark Start 0.013ms
[31.300s][info][gc,phases   ] GC(308) Concurrent Mark 19.694ms
[31.300s][info][gc,phases   ] GC(308) Pause Mark End 0.012ms
[31.300s][info][gc,phases   ] GC(308) Concurrent Mark Free 0.001ms
[31.301s][info][gc,phases   ] GC(308) Concurrent Process Non-Strong References 0.891ms
[31.301s][info][gc,phases   ] GC(308) Concurrent Reset Relocation Set 0.003ms
[31.308s][info][gc,phases   ] GC(308) Concurrent Select Relocation Set 7.123ms
[31.308s][info][gc,phases   ] GC(308) Pause Relocate Start 0.007ms
[31.312s][info][gc,phases   ] GC(308) Concurrent Relocate 3.745ms
[31.312s][info][gc,load     ] GC(308) Load: 0.00/0.00/0.00
[31.312s][info][gc,mmu      ] GC(308) MMU: 2ms/98.6%, 5ms/99.5%, 10ms/99.6%, 20ms/99.8%, 50ms/99.9%, 100ms/99.9%
[31.312s][info][gc,marking  ] GC(308) Mark: 4 stripe(s), 2 proactive flush(es), 1 terminate flush(es), 0 completion(s), 0 continuation(s) 
[31.312s][info][gc,marking  ] GC(308) Mark Stack Usage: 32M
[31.312s][info][gc,nmethod  ] GC(308) NMethods: 1364 registered, 48 unregistered
[31.312s][info][gc,metaspace] GC(308) Metaspace: 8M used, 8M committed, 1088M reserved
[31.312s][info][gc,ref      ] GC(308) Soft: 174 encountered, 0 discovered, 0 enqueued
[31.312s][info][gc,ref      ] GC(308) Weak: 570 encountered, 160 discovered, 0 enqueued
[31.312s][info][gc,ref      ] GC(308) Final: 0 encountered, 0 discovered, 0 enqueued
[31.312s][info][gc,ref      ] GC(308) Phantom: 21 encountered, 17 discovered, 0 enqueued
[31.312s][info][gc,reloc    ] GC(308) Small Pages: 125 / 250M, Empty: 214M, Relocated: 6M, In-Place: 0
[31.313s][info][gc,reloc    ] GC(308) Medium Pages: 1 / 16M, Empty: 0M, Relocated: 0M, In-Place: 0
[31.313s][info][gc,reloc    ] GC(308) Large Pages: 0 / 0M, Empty: 0M, Relocated: 0M, In-Place: 0
[31.313s][info][gc,reloc    ] GC(308) Forwarding Usage: 2M
[31.313s][info][gc,heap     ] GC(308) Min Capacity: 8M(2%)
[31.313s][info][gc,heap     ] GC(308) Max Capacity: 512M(100%)
[31.313s][info][gc,heap     ] GC(308) Soft Max Capacity: 512M(100%)
[31.313s][info][gc,heap     ] GC(308)                Mark Start          Mark End        Relocate Start      Relocate End           High               Low         
[31.313s][info][gc,heap     ] GC(308)  Capacity:      512M (100%)        512M (100%)        512M (100%)        512M (100%)        512M (100%)        512M (100%)   
[31.313s][info][gc,heap     ] GC(308)      Free:      246M (48%)         192M (38%)         384M (75%)         390M (76%)         394M (77%)         188M (37%)    
[31.313s][info][gc,heap     ] GC(308)      Used:      266M (52%)         320M (63%)         128M (25%)         122M (24%)         324M (63%)         118M (23%)    
[31.313s][info][gc,heap     ] GC(308)      Live:         -                15M (3%)           15M (3%)           15M (3%)             -                  -          
[31.313s][info][gc,heap     ] GC(308) Allocated:         -                54M (11%)          76M (15%)          85M (17%)            -                  -          
[31.313s][info][gc,heap     ] GC(308)   Garbage:         -               250M (49%)          36M (7%)           20M (4%)             -                  -          
[31.313s][info][gc,heap     ] GC(308) Reclaimed:         -                  -               214M (42%)         229M (45%)            -                  -          
[31.313s][info][gc          ] GC(308) Garbage Collection (Allocation Rate) 266M(52%)->122M(24%)
[31.381s][info][gc,start    ] GC(309) Garbage Collection (Allocation Rate)
[31.381s][info][gc,task     ] GC(309) Using 5 workers
[31.381s][info][gc,phases   ] GC(309) Pause Mark Start 0.014ms
[31.402s][info][gc,phases   ] GC(309) Concurrent Mark 20.650ms
[31.402s][info][gc,phases   ] GC(309) Pause Mark End 0.013ms
[31.402s][info][gc,phases   ] GC(309) Concurrent Mark Free 0.001ms
[31.403s][info][gc,phases   ] GC(309) Concurrent Process Non-Strong References 1.103ms
[31.403s][info][gc,phases   ] GC(309) Concurrent Reset Relocation Set 0.003ms
[31.407s][info][gc,phases   ] GC(309) Concurrent Select Relocation Set 4.056ms
[31.407s][info][gc,phases   ] GC(309) Pause Relocate Start 0.006ms
[31.410s][info][gc,phases   ] GC(309) Concurrent Relocate 2.847ms
[31.410s][info][gc,load     ] GC(309) Load: 0.00/0.00/0.00
[31.410s][info][gc,mmu      ] GC(309) MMU: 2ms/98.6%, 5ms/99.5%, 10ms/99.6%, 20ms/99.8%, 50ms/99.9%, 100ms/99.9%
[31.410s][info][gc,marking  ] GC(309) Mark: 4 stripe(s), 2 proactive flush(es), 1 terminate flush(es), 0 completion(s), 0 continuation(s) 
[31.410s][info][gc,marking  ] GC(309) Mark Stack Usage: 32M
[31.410s][info][gc,nmethod  ] GC(309) NMethods: 1364 registered, 48 unregistered
[31.410s][info][gc,metaspace] GC(309) Metaspace: 8M used, 8M committed, 1088M reserved
[31.410s][info][gc,ref      ] GC(309) Soft: 174 encountered, 0 discovered, 0 enqueued
[31.411s][info][gc,ref      ] GC(309) Weak: 570 encountered, 141 discovered, 0 enqueued
[31.411s][info][gc,ref      ] GC(309) Final: 0 encountered, 0 discovered, 0 enqueued
[31.411s][info][gc,ref      ] GC(309) Phantom: 21 encountered, 11 discovered, 0 enqueued
[31.411s][info][gc,reloc    ] GC(309) Small Pages: 136 / 272M, Empty: 244M, Relocated: 3M, In-Place: 0
[31.411s][info][gc,reloc    ] GC(309) Medium Pages: 1 / 16M, Empty: 0M, Relocated: 0M, In-Place: 0
[31.411s][info][gc,reloc    ] GC(309) Large Pages: 0 / 0M, Empty: 0M, Relocated: 0M, In-Place: 0
[31.411s][info][gc,reloc    ] GC(309) Forwarding Usage: 1M
[31.411s][info][gc,heap     ] GC(309) Min Capacity: 8M(2%)
[31.411s][info][gc,heap     ] GC(309) Max Capacity: 512M(100%)
[31.411s][info][gc,heap     ] GC(309) Soft Max Capacity: 512M(100%)
[31.411s][info][gc,heap     ] GC(309)                Mark Start          Mark End        Relocate Start      Relocate End           High               Low         
[31.411s][info][gc,heap     ] GC(309)  Capacity:      512M (100%)        512M (100%)        512M (100%)        512M (100%)        512M (100%)        512M (100%)   
[31.411s][info][gc,heap     ] GC(309)      Free:      224M (44%)         156M (30%)         386M (75%)         378M (74%)         388M (76%)         154M (30%)    
[31.411s][info][gc,heap     ] GC(309)      Used:      288M (56%)         356M (70%)         126M (25%)         134M (26%)         358M (70%)         124M (24%)    
[31.411s][info][gc,heap     ] GC(309)      Live:         -                17M (3%)           17M (3%)           17M (3%)             -                  -          
[31.411s][info][gc,heap     ] GC(309) Allocated:         -                68M (13%)          82M (16%)          89M (18%)            -                  -          
[31.411s][info][gc,heap     ] GC(309)   Garbage:         -               270M (53%)          26M (5%)           26M (5%)             -                  -          
[31.411s][info][gc,heap     ] GC(309) Reclaimed:         -                  -               244M (48%)         243M (48%)            -                  -          
[31.411s][info][gc          ] GC(309) Garbage Collection (Allocation Rate) 288M(56%)->134M(26%)
[31.481s][info][gc,start    ] GC(310) Garbage Collection (Allocation Rate)
[31.481s][info][gc,task     ] GC(310) Using 5 workers
[31.481s][info][gc,phases   ] GC(310) Pause Mark Start 0.014ms
[31.501s][info][gc,phases   ] GC(310) Concurrent Mark 19.663ms
[31.501s][info][gc,phases   ] GC(310) Pause Mark End 0.013ms
[31.501s][info][gc,phases   ] GC(310) Concurrent Mark Free 0.001ms
[31.502s][info][gc,phases   ] GC(310) Concurrent Process Non-Strong References 0.956ms
[31.502s][info][gc,phases   ] GC(310) Concurrent Reset Relocation Set 0.001ms
[31.507s][info][gc,phases   ] GC(310) Concurrent Select Relocation Set 4.831ms
[31.507s][info][gc,phases   ] GC(310) Pause Relocate Start 0.005ms
[31.511s][info][gc,phases   ] GC(310) Concurrent Relocate 3.948ms
[31.511s][info][gc,load     ] GC(310) Load: 0.00/0.00/0.00
[31.511s][info][gc,mmu      ] GC(310) MMU: 2ms/98.6%, 5ms/99.5%, 10ms/99.6%, 20ms/99.8%, 50ms/99.9%, 100ms/99.9%
[31.511s][info][gc,marking  ] GC(310) Mark: 4 stripe(s), 2 proactive flush(es), 1 terminate flush(es), 0 completion(s), 0 continuation(s) 
[31.511s][info][gc,marking  ] GC(310) Mark Stack Usage: 32M
[31.511s][info][gc,nmethod  ] GC(310) NMethods: 1364 registered, 48 unregistered
[31.511s][info][gc,metaspace] GC(310) Metaspace: 8M used, 8M committed, 1088M reserved
[31.511s][info][gc,ref      ] GC(310) Soft: 174 encountered, 0 discovered, 0 enqueued
[31.511s][info][gc,ref      ] GC(310) Weak: 570 encountered, 119 discovered, 0 enqueued
[31.511s][info][gc,ref      ] GC(310) Final: 0 encountered, 0 discovered, 0 enqueued
[31.511s][info][gc,ref      ] GC(310) Phantom: 21 encountered, 16 discovered, 0 enqueued
[31.511s][info][gc,reloc    ] GC(310) Small Pages: 145 / 290M, Empty: 256M, Relocated: 5M, In-Place: 0
[31.511s][info][gc,reloc    ] GC(310) Medium Pages: 2 / 32M, Empty: 0M, Relocated: 1M, In-Place: 0
[31.511s][info][gc,reloc    ] GC(310) Large Pages: 0 / 0M, Empty: 0M, Relocated: 0M, In-Place: 0
[31.511s][info][gc,reloc    ] GC(310) Forwarding Usage: 2M
[31.511s][info][gc,heap     ] GC(310) Min Capacity: 8M(2%)
[31.511s][info][gc,heap     ] GC(310) Max Capacity: 512M(100%)
[31.511s][info][gc,heap     ] GC(310) Soft Max Capacity: 512M(100%)
[31.511s][info][gc,heap     ] GC(310)                Mark Start          Mark End        Relocate Start      Relocate End           High               Low         
[31.511s][info][gc,heap     ] GC(310)  Capacity:      512M (100%)        512M (100%)        512M (100%)        512M (100%)        512M (100%)        512M (100%)   
[31.511s][info][gc,heap     ] GC(310)      Free:      190M (37%)         138M (27%)         376M (73%)         394M (77%)         394M (77%)         134M (26%)    
[31.511s][info][gc,heap     ] GC(310)      Used:      322M (63%)         374M (73%)         136M (27%)         118M (23%)         378M (74%)         118M (23%)    
[31.511s][info][gc,heap     ] GC(310)      Live:         -                16M (3%)           16M (3%)           16M (3%)             -                  -          
[31.511s][info][gc,heap     ] GC(310) Allocated:         -                52M (10%)          70M (14%)          77M (15%)            -                  -          
[31.511s][info][gc,heap     ] GC(310)   Garbage:         -               305M (60%)          49M (10%)          23M (5%)             -                  -          
[31.511s][info][gc,heap     ] GC(310) Reclaimed:         -                  -               256M (50%)         281M (55%)            -                  -          
[31.511s][info][gc          ] GC(310) Garbage Collection (Allocation Rate) 322M(63%)->118M(23%)
[31.580s][info][gc,start    ] GC(311) Garbage Collection (Allocation Rate)
[31.581s][info][gc,task     ] GC(311) Using 5 workers
[31.581s][info][gc,phases   ] GC(311) Pause Mark Start 0.013ms
[31.602s][info][gc,phases   ] GC(311) Concurrent Mark 21.617ms
[31.603s][info][gc,phases   ] GC(311) Pause Mark End 0.012ms
[31.603s][info][gc,phases   ] GC(311) Concurrent Mark Free 0.001ms
[31.604s][info][gc,phases   ] GC(311) Concurrent Process Non-Strong References 0.948ms
[31.604s][info][gc,phases   ] GC(311) Concurrent Reset Relocation Set 0.002ms
[31.607s][info][gc,phases   ] GC(311) Concurrent Select Relocation Set 3.002ms
[31.607s][info][gc,phases   ] GC(311) Pause Relocate Start 0.006ms
[31.609s][info][gc,phases   ] GC(311) Concurrent Relocate 2.342ms
[31.609s][info][gc,load     ] GC(311) Load: 0.00/0.00/0.00
[31.609s][info][gc,mmu      ] GC(311) MMU: 2ms/98.6%, 5ms/99.5%, 10ms/99.6%, 20ms/99.8%, 50ms/99.9%, 100ms/99.9%
[31.609s][info][gc,marking  ] GC(311) Mark: 4 stripe(s), 2 proactive flush(es), 1 terminate flush(es), 0 completion(s), 0 continuation(s) 
[31.609s][info][gc,marking  ] GC(311) Mark Stack Usage: 32M
[31.609s][info][gc,nmethod  ] GC(311) NMethods: 1364 registered, 48 unregistered
[31.609s][info][gc,metaspace] GC(311) Metaspace: 8M used, 8M committed, 1088M reserved
[31.609s][info][gc,ref      ] GC(311) Soft: 174 encountered, 0 discovered, 0 enqueued
[31.609s][info][gc,ref      ] GC(311) Weak: 570 encountered, 15 discovered, 0 enqueued
[31.609s][info][gc,ref      ] GC(311) Final: 0 encountered, 0 discovered, 0 enqueued
[31.609s][info][gc,ref      ] GC(311) Phantom: 21 encountered, 18 discovered, 0 enqueued
[31.609s][info][gc,reloc    ] GC(311) Small Pages: 142 / 284M, Empty: 254M, Relocated: 4M, In-Place: 0
[31.609s][info][gc,reloc    ] GC(311) Medium Pages: 1 / 16M, Empty: 0M, Relocated: 0M, In-Place: 0
[31.609s][info][gc,reloc    ] GC(311) Large Pages: 0 / 0M, Empty: 0M, Relocated: 0M, In-Place: 0
[31.609s][info][gc,reloc    ] GC(311) Forwarding Usage: 2M
[31.609s][info][gc,heap     ] GC(311) Min Capacity: 8M(2%)
[31.609s][info][gc,heap     ] GC(311) Max Capacity: 512M(100%)
[31.609s][info][gc,heap     ] GC(311) Soft Max Capacity: 512M(100%)
[31.609s][info][gc,heap     ] GC(311)                Mark Start          Mark End        Relocate Start      Relocate End           High               Low         
[31.609s][info][gc,heap     ] GC(311)  Capacity:      512M (100%)        512M (100%)        512M (100%)        512M (100%)        512M (100%)        512M (100%)   
[31.609s][info][gc,heap     ] GC(311)      Free:      212M (41%)         170M (33%)         414M (81%)         412M (80%)         414M (81%)         168M (33%)    
[31.610s][info][gc,heap     ] GC(311)      Used:      300M (59%)         342M (67%)          98M (19%)         100M (20%)         344M (67%)          98M (19%)    
[31.610s][info][gc,heap     ] GC(311)      Live:         -                18M (4%)           18M (4%)           18M (4%)             -                  -          
[31.610s][info][gc,heap     ] GC(311) Allocated:         -                42M (8%)           52M (10%)          57M (11%)            -                  -          
[31.610s][info][gc,heap     ] GC(311)   Garbage:         -               281M (55%)          27M (5%)           23M (5%)             -                  -          
[31.610s][info][gc,heap     ] GC(311) Reclaimed:         -                  -               254M (50%)         257M (50%)            -                  -          
[31.610s][info][gc          ] GC(311) Garbage Collection (Allocation Rate) 300M(59%)->100M(20%)
[31.680s][info][gc,start    ] GC(312) Garbage Collection (Allocation Rate)
[31.680s][info][gc,task     ] GC(312) Using 5 workers
[31.681s][info][gc,phases   ] GC(312) Pause Mark Start 0.015ms
[31.704s][info][gc,phases   ] GC(312) Concurrent Mark 23.603ms
[31.704s][info][gc,phases   ] GC(312) Pause Mark End 0.013ms
[31.704s][info][gc,phases   ] GC(312) Concurrent Mark Free 0.001ms
[31.705s][info][gc,phases   ] GC(312) Concurrent Process Non-Strong References 0.907ms
[31.705s][info][gc,phases   ] GC(312) Concurrent Reset Relocation Set 0.002ms
[31.713s][info][gc,phases   ] GC(312) Concurrent Select Relocation Set 7.080ms
[31.713s][info][gc,phases   ] GC(312) Pause Relocate Start 0.005ms
[31.715s][info][gc,phases   ] GC(312) Concurrent Relocate 2.626ms
[31.715s][info][gc,load     ] GC(312) Load: 0.00/0.00/0.00
[31.715s][info][gc,mmu      ] GC(312) MMU: 2ms/98.6%, 5ms/99.5%, 10ms/99.6%, 20ms/99.8%, 50ms/99.9%, 100ms/99.9%
[31.715s][info][gc,marking  ] GC(312) Mark: 4 stripe(s), 4 proactive flush(es), 1 terminate flush(es), 0 completion(s), 0 continuation(s) 
[31.715s][info][gc,marking  ] GC(312) Mark Stack Usage: 32M
[31.715s][info][gc,nmethod  ] GC(312) NMethods: 1364 registered, 48 unregistered
[31.715s][info][gc,metaspace] GC(312) Metaspace: 8M used, 8M committed, 1088M reserved
[31.716s][info][gc,ref      ] GC(312) Soft: 174 encountered, 0 discovered, 0 enqueued
[31.716s][info][gc,ref      ] GC(312) Weak: 570 encountered, 3 discovered, 0 enqueued
[31.716s][info][gc,ref      ] GC(312) Final: 0 encountered, 0 discovered, 0 enqueued
[31.716s][info][gc,ref      ] GC(312) Phantom: 21 encountered, 18 discovered, 0 enqueued
[31.716s][info][gc,reloc    ] GC(312) Small Pages: 138 / 276M, Empty: 232M, Relocated: 5M, In-Place: 0
[31.716s][info][gc,reloc    ] GC(312) Medium Pages: 1 / 16M, Empty: 0M, Relocated: 0M, In-Place: 0
[31.716s][info][gc,reloc    ] GC(312) Large Pages: 0 / 0M, Empty: 0M, Relocated: 0M, In-Place: 0
[31.716s][info][gc,reloc    ] GC(312) Forwarding Usage: 2M
[31.716s][info][gc,heap     ] GC(312) Min Capacity: 8M(2%)
[31.716s][info][gc,heap     ] GC(312) Max Capacity: 512M(100%)
[31.716s][info][gc,heap     ] GC(312) Soft Max Capacity: 512M(100%)
[31.716s][info][gc,heap     ] GC(312)                Mark Start          Mark End        Relocate Start      Relocate End           High               Low         
[31.716s][info][gc,heap     ] GC(312)  Capacity:      512M (100%)        512M (100%)        512M (100%)        512M (100%)        512M (100%)        512M (100%)   
[31.716s][info][gc,heap     ] GC(312)      Free:      220M (43%)         158M (31%)         368M (72%)         380M (74%)         380M (74%)         156M (30%)    
[31.716s][info][gc,heap     ] GC(312)      Used:      292M (57%)         354M (69%)         144M (28%)         132M (26%)         356M (70%)         132M (26%)    
[31.716s][info][gc,heap     ] GC(312)      Live:         -                18M (4%)           18M (4%)           18M (4%)             -                  -          
[31.716s][info][gc,heap     ] GC(312) Allocated:         -                62M (12%)          84M (16%)          89M (18%)            -                  -          
[31.716s][info][gc,heap     ] GC(312)   Garbage:         -               273M (53%)          41M (8%)           23M (5%)             -                  -          
[31.716s][info][gc,heap     ] GC(312) Reclaimed:         -                  -               232M (45%)         249M (49%)            -                  -          
[31.716s][info][gc          ] GC(312) Garbage Collection (Allocation Rate) 292M(57%)->132M(26%)
[31.780s][info][gc,start    ] GC(313) Garbage Collection (Allocation Rate)
[31.780s][info][gc,task     ] GC(313) Using 5 workers
[31.780s][info][gc,phases   ] GC(313) Pause Mark Start 0.014ms
[31.811s][info][gc,phases   ] GC(313) Concurrent Mark 30.487ms
[31.811s][info][gc,phases   ] GC(313) Pause Mark End 0.015ms
[31.811s][info][gc,phases   ] GC(313) Concurrent Mark Free 0.001ms
[31.812s][info][gc,phases   ] GC(313) Concurrent Process Non-Strong References 1.003ms
[31.812s][info][gc,phases   ] GC(313) Concurrent Reset Relocation Set 0.003ms
[31.816s][info][gc,phases   ] GC(313) Concurrent Select Relocation Set 3.770ms
[31.816s][info][gc,phases   ] GC(313) Pause Relocate Start 0.008ms
[31.819s][info][gc,phases   ] GC(313) Concurrent Relocate 2.634ms
[31.819s][info][gc,load     ] GC(313) Load: 0.00/0.00/0.00
[31.819s][info][gc,mmu      ] GC(313) MMU: 2ms/98.6%, 5ms/99.5%, 10ms/99.6%, 20ms/99.8%, 50ms/99.9%, 100ms/99.9%
[31.819s][info][gc,marking  ] GC(313) Mark: 4 stripe(s), 2 proactive flush(es), 1 terminate flush(es), 0 completion(s), 0 continuation(s) 
[31.819s][info][gc,marking  ] GC(313) Mark Stack Usage: 32M
[31.819s][info][gc,nmethod  ] GC(313) NMethods: 1364 registered, 48 unregistered
[31.819s][info][gc,metaspace] GC(313) Metaspace: 8M used, 8M committed, 1088M reserved
[31.819s][info][gc,ref      ] GC(313) Soft: 174 encountered, 0 discovered, 0 enqueued
[31.819s][info][gc,ref      ] GC(313) Weak: 570 encountered, 164 discovered, 0 enqueued
[31.819s][info][gc,ref      ] GC(313) Final: 0 encountered, 0 discovered, 0 enqueued
[31.819s][info][gc,ref      ] GC(313) Phantom: 21 encountered, 13 discovered, 0 enqueued
[31.819s][info][gc,reloc    ] GC(313) Small Pages: 146 / 292M, Empty: 244M, Relocated: 3M, In-Place: 0
[31.819s][info][gc,reloc    ] GC(313) Medium Pages: 1 / 16M, Empty: 0M, Relocated: 0M, In-Place: 0
[31.819s][info][gc,reloc    ] GC(313) Large Pages: 0 / 0M, Empty: 0M, Relocated: 0M, In-Place: 0
[31.819s][info][gc,reloc    ] GC(313) Forwarding Usage: 1M
[31.819s][info][gc,heap     ] GC(313) Min Capacity: 8M(2%)
[31.819s][info][gc,heap     ] GC(313) Max Capacity: 512M(100%)
[31.819s][info][gc,heap     ] GC(313) Soft Max Capacity: 512M(100%)
[31.819s][info][gc,heap     ] GC(313)                Mark Start          Mark End        Relocate Start      Relocate End           High               Low         
[31.819s][info][gc,heap     ] GC(313)  Capacity:      512M (100%)        512M (100%)        512M (100%)        512M (100%)        512M (100%)        512M (100%)   
[31.819s][info][gc,heap     ] GC(313)      Free:      204M (40%)         162M (32%)         404M (79%)         422M (82%)         422M (82%)         162M (32%)    
[31.819s][info][gc,heap     ] GC(313)      Used:      308M (60%)         350M (68%)         108M (21%)          90M (18%)         350M (68%)          90M (18%)    
[31.819s][info][gc,heap     ] GC(313)      Live:         -                18M (4%)           18M (4%)           18M (4%)             -                  -          
[31.819s][info][gc,heap     ] GC(313) Allocated:         -                42M (8%)           44M (9%)           43M (9%)             -                  -          
[31.819s][info][gc,heap     ] GC(313)   Garbage:         -               289M (56%)          45M (9%)           27M (5%)             -                  -          
[31.819s][info][gc,heap     ] GC(313) Reclaimed:         -                  -               244M (48%)         261M (51%)            -                  -          
[31.820s][info][gc          ] GC(313) Garbage Collection (Allocation Rate) 308M(60%)->90M(18%)
[31.889s][info][gc,start    ] GC(314) Garbage Collection (Allocation Rate)
[31.889s][info][gc,task     ] GC(314) Using 5 workers
[31.889s][info][gc,phases   ] GC(314) Pause Mark Start 0.015ms
[31.916s][info][gc,phases   ] GC(314) Concurrent Mark 26.975ms
[31.916s][info][gc,phases   ] GC(314) Pause Mark End 0.013ms
[31.916s][info][gc,phases   ] GC(314) Concurrent Mark Free 0.001ms
[31.917s][info][gc,phases   ] GC(314) Concurrent Process Non-Strong References 0.831ms
[31.917s][info][gc,phases   ] GC(314) Concurrent Reset Relocation Set 0.003ms
[31.921s][info][gc,phases   ] GC(314) Concurrent Select Relocation Set 3.720ms
[31.921s][info][gc,phases   ] GC(314) Pause Relocate Start 0.007ms
[31.924s][info][gc,phases   ] GC(314) Concurrent Relocate 3.106ms
[31.924s][info][gc,load     ] GC(314) Load: 0.00/0.00/0.00
[31.924s][info][gc,mmu      ] GC(314) MMU: 2ms/98.6%, 5ms/99.5%, 10ms/99.6%, 20ms/99.8%, 50ms/99.9%, 100ms/99.9%
[31.924s][info][gc,marking  ] GC(314) Mark: 4 stripe(s), 2 proactive flush(es), 1 terminate flush(es), 0 completion(s), 0 continuation(s) 
[31.924s][info][gc,marking  ] GC(314) Mark Stack Usage: 32M
[31.924s][info][gc,nmethod  ] GC(314) NMethods: 1364 registered, 48 unregistered
[31.925s][info][gc,metaspace] GC(314) Metaspace: 8M used, 8M committed, 1088M reserved
[31.925s][info][gc,ref      ] GC(314) Soft: 174 encountered, 0 discovered, 0 enqueued
[31.925s][info][gc,ref      ] GC(314) Weak: 570 encountered, 223 discovered, 0 enqueued
[31.925s][info][gc,ref      ] GC(314) Final: 0 encountered, 0 discovered, 0 enqueued
[31.925s][info][gc,ref      ] GC(314) Phantom: 21 encountered, 18 discovered, 0 enqueued
[31.925s][info][gc,reloc    ] GC(314) Small Pages: 95 / 190M, Empty: 144M, Relocated: 3M, In-Place: 0
[31.925s][info][gc,reloc    ] GC(314) Medium Pages: 2 / 32M, Empty: 0M, Relocated: 1M, In-Place: 0
[31.925s][info][gc,reloc    ] GC(314) Large Pages: 0 / 0M, Empty: 0M, Relocated: 0M, In-Place: 0
[31.925s][info][gc,reloc    ] GC(314) Forwarding Usage: 1M
[31.925s][info][gc,heap     ] GC(314) Min Capacity: 8M(2%)
[31.925s][info][gc,heap     ] GC(314) Max Capacity: 512M(100%)
[31.925s][info][gc,heap     ] GC(314) Soft Max Capacity: 512M(100%)
[31.925s][info][gc,heap     ] GC(314)                Mark Start          Mark End        Relocate Start      Relocate End           High               Low         
[31.925s][info][gc,heap     ] GC(314)  Capacity:      512M (100%)        512M (100%)        512M (100%)        512M (100%)        512M (100%)        512M (100%)   
[31.925s][info][gc,heap     ] GC(314)      Free:      290M (57%)         220M (43%)         350M (68%)         376M (73%)         378M (74%)         216M (42%)    
[31.925s][info][gc,heap     ] GC(314)      Used:      222M (43%)         292M (57%)         162M (32%)         136M (27%)         296M (58%)         134M (26%)    
[31.925s][info][gc,heap     ] GC(314)      Live:         -                19M (4%)           19M (4%)           19M (4%)             -                  -          
[31.925s][info][gc,heap     ] GC(314) Allocated:         -                70M (14%)          84M (16%)          89M (18%)            -                  -          
[31.925s][info][gc,heap     ] GC(314)   Garbage:         -               202M (40%)          58M (11%)          26M (5%)             -                  -          
[31.925s][info][gc,heap     ] GC(314) Reclaimed:         -                  -               144M (28%)         175M (34%)            -                  -          
[31.925s][info][gc          ] GC(314) Garbage Collection (Allocation Rate) 222M(43%)->136M(27%)
[31.981s][info][gc,start    ] GC(315) Garbage Collection (Allocation Rate)
[31.981s][info][gc,task     ] GC(315) Using 5 workers
[31.981s][info][gc,phases   ] GC(315) Pause Mark Start 0.014ms
[32.005s][info][gc,phases   ] GC(315) Concurrent Mark 23.658ms
[32.005s][info][gc,phases   ] GC(315) Pause Mark End 0.013ms
[32.005s][info][gc,phases   ] GC(315) Concurrent Mark Free 0.001ms
[32.006s][info][gc,phases   ] GC(315) Concurrent Process Non-Strong References 0.879ms
[32.006s][info][gc,phases   ] GC(315) Concurrent Reset Relocation Set 0.003ms
[32.012s][info][gc,phases   ] GC(315) Concurrent Select Relocation Set 5.879ms
[32.012s][info][gc,phases   ] GC(315) Pause Relocate Start 0.006ms
[32.015s][info][gc,phases   ] GC(315) Concurrent Relocate 2.935ms
[32.015s][info][gc,load     ] GC(315) Load: 0.00/0.00/0.00
[32.015s][info][gc,mmu      ] GC(315) MMU: 2ms/98.6%, 5ms/99.5%, 10ms/99.6%, 20ms/99.8%, 50ms/99.9%, 100ms/99.9%
[32.015s][info][gc,marking  ] GC(315) Mark: 4 stripe(s), 2 proactive flush(es), 1 terminate flush(es), 0 completion(s), 0 continuation(s) 
[32.015s][info][gc,marking  ] GC(315) Mark Stack Usage: 32M
[32.015s][info][gc,nmethod  ] GC(315) NMethods: 1364 registered, 48 unregistered
[32.015s][info][gc,metaspace] GC(315) Metaspace: 8M used, 8M committed, 1088M reserved
[32.015s][info][gc,ref      ] GC(315) Soft: 174 encountered, 0 discovered, 0 enqueued
[32.015s][info][gc,ref      ] GC(315) Weak: 570 encountered, 50 discovered, 0 enqueued
[32.015s][info][gc,ref      ] GC(315) Final: 0 encountered, 0 discovered, 0 enqueued
[32.015s][info][gc,ref      ] GC(315) Phantom: 21 encountered, 14 discovered, 0 enqueued
[32.015s][info][gc,reloc    ] GC(315) Small Pages: 137 / 274M, Empty: 230M, Relocated: 4M, In-Place: 0
[32.015s][info][gc,reloc    ] GC(315) Medium Pages: 1 / 16M, Empty: 0M, Relocated: 0M, In-Place: 0
[32.015s][info][gc,reloc    ] GC(315) Large Pages: 0 / 0M, Empty: 0M, Relocated: 0M, In-Place: 0
[32.015s][info][gc,reloc    ] GC(315) Forwarding Usage: 2M
[32.015s][info][gc,heap     ] GC(315) Min Capacity: 8M(2%)
[32.015s][info][gc,heap     ] GC(315) Max Capacity: 512M(100%)
[32.015s][info][gc,heap     ] GC(315) Soft Max Capacity: 512M(100%)
[32.015s][info][gc,heap     ] GC(315)                Mark Start          Mark End        Relocate Start      Relocate End           High               Low         
[32.015s][info][gc,heap     ] GC(315)  Capacity:      512M (100%)        512M (100%)        512M (100%)        512M (100%)        512M (100%)        512M (100%)   
[32.015s][info][gc,heap     ] GC(315)      Free:      222M (43%)         160M (31%)         372M (73%)         380M (74%)         380M (74%)         158M (31%)    
[32.015s][info][gc,heap     ] GC(315)      Used:      290M (57%)         352M (69%)         140M (27%)         132M (26%)         354M (69%)         132M (26%)    
[32.015s][info][gc,heap     ] GC(315)      Live:         -                20M (4%)           20M (4%)           20M (4%)             -                  -          
[32.016s][info][gc,heap     ] GC(315) Allocated:         -                62M (12%)          80M (16%)          87M (17%)            -                  -          
[32.016s][info][gc,heap     ] GC(315)   Garbage:         -               269M (53%)          39M (8%)           23M (5%)             -                  -          
[32.016s][info][gc,heap     ] GC(315) Reclaimed:         -                  -               230M (45%)         245M (48%)            -                  -          
[32.016s][info][gc          ] GC(315) Garbage Collection (Allocation Rate) 290M(57%)->132M(26%)
[32.080s][info][gc,start    ] GC(316) Garbage Collection (Allocation Rate)
[32.081s][info][gc,task     ] GC(316) Using 5 workers
[32.081s][info][gc,phases   ] GC(316) Pause Mark Start 0.013ms
[32.105s][info][gc,phases   ] GC(316) Concurrent Mark 24.691ms
[32.106s][info][gc,phases   ] GC(316) Pause Mark End 0.013ms
[32.106s][info][gc,phases   ] GC(316) Concurrent Mark Free 0.001ms
[32.107s][info][gc,phases   ] GC(316) Concurrent Process Non-Strong References 0.920ms
[32.107s][info][gc,phases   ] GC(316) Concurrent Reset Relocation Set 0.002ms
[32.113s][info][gc,phases   ] GC(316) Concurrent Select Relocation Set 6.639ms
[32.113s][info][gc,phases   ] GC(316) Pause Relocate Start 0.005ms
[32.116s][info][gc,phases   ] GC(316) Concurrent Relocate 3.025ms
[32.117s][info][gc,load     ] GC(316) Load: 0.00/0.00/0.00
[32.117s][info][gc,mmu      ] GC(316) MMU: 2ms/98.6%, 5ms/99.5%, 10ms/99.6%, 20ms/99.8%, 50ms/99.9%, 100ms/99.9%
[32.117s][info][gc,marking  ] GC(316) Mark: 4 stripe(s), 2 proactive flush(es), 1 terminate flush(es), 0 completion(s), 0 continuation(s) 
[32.117s][info][gc,marking  ] GC(316) Mark Stack Usage: 32M
[32.117s][info][gc,nmethod  ] GC(316) NMethods: 1364 registered, 48 unregistered
[32.117s][info][gc,metaspace] GC(316) Metaspace: 8M used, 8M committed, 1088M reserved
[32.117s][info][gc,ref      ] GC(316) Soft: 174 encountered, 0 discovered, 0 enqueued
[32.117s][info][gc,ref      ] GC(316) Weak: 570 encountered, 287 discovered, 0 enqueued
[32.117s][info][gc,ref      ] GC(316) Final: 0 encountered, 0 discovered, 0 enqueued
[32.117s][info][gc,ref      ] GC(316) Phantom: 21 encountered, 18 discovered, 0 enqueued
[32.117s][info][gc,reloc    ] GC(316) Small Pages: 147 / 294M, Empty: 250M, Relocated: 6M, In-Place: 0
[32.117s][info][gc,reloc    ] GC(316) Medium Pages: 1 / 16M, Empty: 0M, Relocated: 0M, In-Place: 0
[32.117s][info][gc,reloc    ] GC(316) Large Pages: 0 / 0M, Empty: 0M, Relocated: 0M, In-Place: 0
[32.117s][info][gc,reloc    ] GC(316) Forwarding Usage: 2M
[32.117s][info][gc,heap     ] GC(316) Min Capacity: 8M(2%)
[32.117s][info][gc,heap     ] GC(316) Max Capacity: 512M(100%)
[32.117s][info][gc,heap     ] GC(316) Soft Max Capacity: 512M(100%)
[32.117s][info][gc,heap     ] GC(316)                Mark Start          Mark End        Relocate Start      Relocate End           High               Low         
[32.117s][info][gc,heap     ] GC(316)  Capacity:      512M (100%)        512M (100%)        512M (100%)        512M (100%)        512M (100%)        512M (100%)   
[32.117s][info][gc,heap     ] GC(316)      Free:      202M (39%)         140M (27%)         368M (72%)         378M (74%)         378M (74%)         136M (27%)    
[32.117s][info][gc,heap     ] GC(316)      Used:      310M (61%)         372M (73%)         144M (28%)         134M (26%)         376M (73%)         134M (26%)    
[32.117s][info][gc,heap     ] GC(316)      Live:         -                21M (4%)           21M (4%)           21M (4%)             -                  -          
[32.117s][info][gc,heap     ] GC(316) Allocated:         -                62M (12%)          84M (16%)          91M (18%)            -                  -          
[32.117s][info][gc,heap     ] GC(316)   Garbage:         -               288M (56%)          38M (8%)           20M (4%)             -                  -          
[32.117s][info][gc,heap     ] GC(316) Reclaimed:         -                  -               250M (49%)         267M (52%)            -                  -          
[32.117s][info][gc          ] GC(316) Garbage Collection (Allocation Rate) 310M(61%)->134M(26%)
[32.180s][info][gc,start    ] GC(317) Garbage Collection (Allocation Rate)
[32.180s][info][gc,task     ] GC(317) Using 5 workers
[32.180s][info][gc,phases   ] GC(317) Pause Mark Start 0.012ms
[32.211s][info][gc,phases   ] GC(317) Concurrent Mark 31.572ms
[32.211s][info][gc,phases   ] GC(317) Pause Mark End 0.011ms
[32.212s][info][gc,phases   ] GC(317) Concurrent Mark Free 0.001ms
[32.212s][info][gc,phases   ] GC(317) Concurrent Process Non-Strong References 0.822ms
[32.212s][info][gc,phases   ] GC(317) Concurrent Reset Relocation Set 0.003ms
[32.216s][info][gc,phases   ] GC(317) Concurrent Select Relocation Set 3.922ms
[32.216s][info][gc,phases   ] GC(317) Pause Relocate Start 0.005ms
[32.219s][info][gc,phases   ] GC(317) Concurrent Relocate 2.491ms
[32.219s][info][gc,load     ] GC(317) Load: 0.00/0.00/0.00
[32.219s][info][gc,mmu      ] GC(317) MMU: 2ms/98.6%, 5ms/99.5%, 10ms/99.6%, 20ms/99.8%, 50ms/99.9%, 100ms/99.9%
[32.219s][info][gc,marking  ] GC(317) Mark: 4 stripe(s), 4 proactive flush(es), 1 terminate flush(es), 0 completion(s), 0 continuation(s) 
[32.219s][info][gc,marking  ] GC(317) Mark Stack Usage: 32M
[32.219s][info][gc,nmethod  ] GC(317) NMethods: 1364 registered, 48 unregistered
[32.219s][info][gc,metaspace] GC(317) Metaspace: 8M used, 8M committed, 1088M reserved
[32.219s][info][gc,ref      ] GC(317) Soft: 174 encountered, 0 discovered, 0 enqueued
[32.219s][info][gc,ref      ] GC(317) Weak: 570 encountered, 241 discovered, 0 enqueued
[32.219s][info][gc,ref      ] GC(317) Final: 0 encountered, 0 discovered, 0 enqueued
[32.219s][info][gc,ref      ] GC(317) Phantom: 21 encountered, 18 discovered, 0 enqueued
[32.219s][info][gc,reloc    ] GC(317) Small Pages: 136 / 272M, Empty: 228M, Relocated: 3M, In-Place: 0
[32.219s][info][gc,reloc    ] GC(317) Medium Pages: 2 / 32M, Empty: 0M, Relocated: 1M, In-Place: 0
[32.219s][info][gc,reloc    ] GC(317) Large Pages: 0 / 0M, Empty: 0M, Relocated: 0M, In-Place: 0
[32.219s][info][gc,reloc    ] GC(317) Forwarding Usage: 1M
[32.219s][info][gc,heap     ] GC(317) Min Capacity: 8M(2%)
[32.219s][info][gc,heap     ] GC(317) Max Capacity: 512M(100%)
[32.220s][info][gc,heap     ] GC(317) Soft Max Capacity: 512M(100%)
[32.220s][info][gc,heap     ] GC(317)                Mark Start          Mark End        Relocate Start      Relocate End           High               Low         
[32.220s][info][gc,heap     ] GC(317)  Capacity:      512M (100%)        512M (100%)        512M (100%)        512M (100%)        512M (100%)        512M (100%)   
[32.220s][info][gc,heap     ] GC(317)      Free:      208M (41%)         124M (24%)         338M (66%)         362M (71%)         364M (71%)         122M (24%)    
[32.220s][info][gc,heap     ] GC(317)      Used:      304M (59%)         388M (76%)         174M (34%)         150M (29%)         390M (76%)         148M (29%)    
[32.220s][info][gc,heap     ] GC(317)      Live:         -                21M (4%)           21M (4%)           21M (4%)             -                  -          
[32.220s][info][gc,heap     ] GC(317) Allocated:         -                84M (16%)          98M (19%)         103M (20%)            -                  -          
[32.220s][info][gc,heap     ] GC(317)   Garbage:         -               282M (55%)          54M (11%)          24M (5%)             -                  -          
[32.220s][info][gc,heap     ] GC(317) Reclaimed:         -                  -               228M (45%)         257M (50%)            -                  -          
[32.220s][info][gc          ] GC(317) Garbage Collection (Allocation Rate) 304M(59%)->150M(29%)
[32.289s][info][gc,start    ] GC(318) Garbage Collection (Allocation Rate)
[32.290s][info][gc,task     ] GC(318) Using 5 workers
[32.290s][info][gc,phases   ] GC(318) Pause Mark Start 0.010ms
[32.321s][info][gc,phases   ] GC(318) Concurrent Mark 30.988ms
[32.321s][info][gc,phases   ] GC(318) Pause Mark End 0.014ms
[32.321s][info][gc,phases   ] GC(318) Concurrent Mark Free 0.001ms
[32.322s][info][gc,phases   ] GC(318) Concurrent Process Non-Strong References 0.932ms
[32.322s][info][gc,phases   ] GC(318) Concurrent Reset Relocation Set 0.003ms
[32.326s][info][gc,phases   ] GC(318) Concurrent Select Relocation Set 3.685ms
[32.326s][info][gc,phases   ] GC(318) Pause Relocate Start 0.005ms
[32.327s][info][gc,phases   ] GC(318) Concurrent Relocate 0.922ms
[32.327s][info][gc,load     ] GC(318) Load: 0.00/0.00/0.00
[32.327s][info][gc,mmu      ] GC(318) MMU: 2ms/98.6%, 5ms/99.5%, 10ms/99.6%, 20ms/99.8%, 50ms/99.9%, 100ms/99.9%
[32.327s][info][gc,marking  ] GC(318) Mark: 4 stripe(s), 2 proactive flush(es), 1 terminate flush(es), 0 completion(s), 0 continuation(s) 
[32.327s][info][gc,marking  ] GC(318) Mark Stack Usage: 32M
[32.327s][info][gc,nmethod  ] GC(318) NMethods: 1364 registered, 48 unregistered
[32.327s][info][gc,metaspace] GC(318) Metaspace: 8M used, 8M committed, 1088M reserved
[32.327s][info][gc,ref      ] GC(318) Soft: 174 encountered, 0 discovered, 0 enqueued
[32.327s][info][gc,ref      ] GC(318) Weak: 570 encountered, 27 discovered, 0 enqueued
[32.327s][info][gc,ref      ] GC(318) Final: 0 encountered, 0 discovered, 0 enqueued
[32.327s][info][gc,ref      ] GC(318) Phantom: 21 encountered, 18 discovered, 0 enqueued
[32.327s][info][gc,reloc    ] GC(318) Small Pages: 163 / 326M, Empty: 274M, Relocated: 1M, In-Place: 0
[32.327s][info][gc,reloc    ] GC(318) Medium Pages: 1 / 16M, Empty: 0M, Relocated: 0M, In-Place: 0
[32.327s][info][gc,reloc    ] GC(318) Large Pages: 0 / 0M, Empty: 0M, Relocated: 0M, In-Place: 0
[32.327s][info][gc,reloc    ] GC(318) Forwarding Usage: 0M
[32.327s][info][gc,heap     ] GC(318) Min Capacity: 8M(2%)
[32.327s][info][gc,heap     ] GC(318) Max Capacity: 512M(100%)
[32.327s][info][gc,heap     ] GC(318) Soft Max Capacity: 512M(100%)
[32.327s][info][gc,heap     ] GC(318)                Mark Start          Mark End        Relocate Start      Relocate End           High               Low         
[32.327s][info][gc,heap     ] GC(318)  Capacity:      512M (100%)        512M (100%)        512M (100%)        512M (100%)        512M (100%)        512M (100%)   
[32.327s][info][gc,heap     ] GC(318)      Free:      170M (33%)         104M (20%)         364M (71%)         378M (74%)         378M (74%)         100M (20%)    
[32.327s][info][gc,heap     ] GC(318)      Used:      342M (67%)         408M (80%)         148M (29%)         134M (26%)         412M (80%)         134M (26%)    
[32.328s][info][gc,heap     ] GC(318)      Live:         -                22M (4%)           22M (4%)           22M (4%)             -                  -          
[32.328s][info][gc,heap     ] GC(318) Allocated:         -                66M (13%)          80M (16%)          81M (16%)            -                  -          
[32.328s][info][gc,heap     ] GC(318)   Garbage:         -               319M (62%)          45M (9%)           29M (6%)             -                  -          
[32.328s][info][gc,heap     ] GC(318) Reclaimed:         -                  -               274M (54%)         289M (57%)            -                  -          
[32.328s][info][gc          ] GC(318) Garbage Collection (Allocation Rate) 342M(67%)->134M(26%)
[32.383s][info][gc,start    ] GC(319) Garbage Collection (Allocation Rate)
[32.383s][info][gc,task     ] GC(319) Using 5 workers
[32.383s][info][gc,phases   ] GC(319) Pause Mark Start 0.011ms
[32.430s][info][gc,phases   ] GC(319) Concurrent Mark 46.683ms
[32.430s][info][gc,phases   ] GC(319) Pause Mark End 0.014ms
[32.430s][info][gc,phases   ] GC(319) Concurrent Mark Free 0.001ms
[32.431s][info][gc,phases   ] GC(319) Concurrent Process Non-Strong References 0.990ms
[32.431s][info][gc,phases   ] GC(319) Concurrent Reset Relocation Set 0.002ms
[32.436s][info][gc,phases   ] GC(319) Concurrent Select Relocation Set 4.895ms
[32.436s][info][gc,phases   ] GC(319) Pause Relocate Start 0.006ms
[32.440s][info][gc,phases   ] GC(319) Concurrent Relocate 3.088ms
[32.440s][info][gc,load     ] GC(319) Load: 0.00/0.00/0.00
[32.440s][info][gc,mmu      ] GC(319) MMU: 2ms/98.6%, 5ms/99.5%, 10ms/99.6%, 20ms/99.8%, 50ms/99.9%, 100ms/99.9%
[32.440s][info][gc,marking  ] GC(319) Mark: 4 stripe(s), 2 proactive flush(es), 1 terminate flush(es), 0 completion(s), 0 continuation(s) 
[32.440s][info][gc,marking  ] GC(319) Mark Stack Usage: 32M
[32.440s][info][gc,nmethod  ] GC(319) NMethods: 1364 registered, 48 unregistered
[32.440s][info][gc,metaspace] GC(319) Metaspace: 8M used, 8M committed, 1088M reserved
[32.440s][info][gc,ref      ] GC(319) Soft: 174 encountered, 0 discovered, 0 enqueued
[32.440s][info][gc,ref      ] GC(319) Weak: 570 encountered, 13 discovered, 0 enqueued
[32.440s][info][gc,ref      ] GC(319) Final: 0 encountered, 0 discovered, 0 enqueued
[32.440s][info][gc,ref      ] GC(319) Phantom: 21 encountered, 19 discovered, 0 enqueued
[32.440s][info][gc,reloc    ] GC(319) Small Pages: 136 / 272M, Empty: 222M, Relocated: 3M, In-Place: 0
[32.440s][info][gc,reloc    ] GC(319) Medium Pages: 1 / 16M, Empty: 0M, Relocated: 0M, In-Place: 0
[32.440s][info][gc,reloc    ] GC(319) Large Pages: 0 / 0M, Empty: 0M, Relocated: 0M, In-Place: 0
[32.440s][info][gc,reloc    ] GC(319) Forwarding Usage: 1M
[32.440s][info][gc,heap     ] GC(319) Min Capacity: 8M(2%)
[32.440s][info][gc,heap     ] GC(319) Max Capacity: 512M(100%)
[32.440s][info][gc,heap     ] GC(319) Soft Max Capacity: 512M(100%)
[32.440s][info][gc,heap     ] GC(319)                Mark Start          Mark End        Relocate Start      Relocate End           High               Low         
[32.440s][info][gc,heap     ] GC(319)  Capacity:      512M (100%)        512M (100%)        512M (100%)        512M (100%)        512M (100%)        512M (100%)   
[32.440s][info][gc,heap     ] GC(319)      Free:      224M (44%)          98M (19%)         304M (59%)         312M (61%)         314M (61%)          96M (19%)    
[32.440s][info][gc,heap     ] GC(319)      Used:      288M (56%)         414M (81%)         208M (41%)         200M (39%)         416M (81%)         198M (39%)    
[32.440s][info][gc,heap     ] GC(319)      Live:         -                23M (5%)           23M (5%)           23M (5%)             -                  -          
[32.440s][info][gc,heap     ] GC(319) Allocated:         -               126M (25%)         142M (28%)         149M (29%)            -                  -          
[32.440s][info][gc,heap     ] GC(319)   Garbage:         -               264M (52%)          42M (8%)           26M (5%)             -                  -          
[32.440s][info][gc,heap     ] GC(319) Reclaimed:         -                  -               222M (43%)         237M (46%)            -                  -          
[32.440s][info][gc          ] GC(319) Garbage Collection (Allocation Rate) 288M(56%)->200M(39%)
[32.493s][info][gc,start    ] GC(320) Garbage Collection (Allocation Rate)
[32.493s][info][gc,task     ] GC(320) Using 5 workers
[32.493s][info][gc,phases   ] GC(320) Pause Mark Start 0.009ms
[32.539s][info][gc,phases   ] GC(320) Concurrent Mark 46.681ms
[32.540s][info][gc,phases   ] GC(320) Pause Mark End 0.016ms
[32.540s][info][gc,phases   ] GC(320) Concurrent Mark Free 0.001ms
[32.541s][info][gc,phases   ] GC(320) Concurrent Process Non-Strong References 1.157ms
[32.541s][info][gc,phases   ] GC(320) Concurrent Reset Relocation Set 0.002ms
[32.547s][info][gc,phases   ] GC(320) Concurrent Select Relocation Set 6.248ms
[32.547s][info][gc,phases   ] GC(320) Pause Relocate Start 0.007ms
[32.552s][info][gc,phases   ] GC(320) Concurrent Relocate 4.599ms
[32.552s][info][gc,load     ] GC(320) Load: 0.00/0.00/0.00
[32.552s][info][gc,mmu      ] GC(320) MMU: 2ms/98.6%, 5ms/99.5%, 10ms/99.6%, 20ms/99.8%, 50ms/99.9%, 100ms/99.9%
[32.552s][info][gc,marking  ] GC(320) Mark: 4 stripe(s), 3 proactive flush(es), 1 terminate flush(es), 0 completion(s), 0 continuation(s) 
[32.552s][info][gc,marking  ] GC(320) Mark Stack Usage: 32M
[32.552s][info][gc,nmethod  ] GC(320) NMethods: 1364 registered, 48 unregistered
[32.552s][info][gc,metaspace] GC(320) Metaspace: 8M used, 8M committed, 1088M reserved
[32.552s][info][gc,ref      ] GC(320) Soft: 174 encountered, 0 discovered, 0 enqueued
[32.552s][info][gc,ref      ] GC(320) Weak: 570 encountered, 7 discovered, 0 enqueued
[32.552s][info][gc,ref      ] GC(320) Final: 0 encountered, 0 discovered, 0 enqueued
[32.552s][info][gc,ref      ] GC(320) Phantom: 21 encountered, 18 discovered, 0 enqueued
[32.552s][info][gc,reloc    ] GC(320) Small Pages: 164 / 328M, Empty: 272M, Relocated: 6M, In-Place: 0
[32.552s][info][gc,reloc    ] GC(320) Medium Pages: 1 / 16M, Empty: 0M, Relocated: 0M, In-Place: 0
[32.552s][info][gc,reloc    ] GC(320) Large Pages: 0 / 0M, Empty: 0M, Relocated: 0M, In-Place: 0
[32.552s][info][gc,reloc    ] GC(320) Forwarding Usage: 2M
[32.552s][info][gc,heap     ] GC(320) Min Capacity: 8M(2%)
[32.552s][info][gc,heap     ] GC(320) Max Capacity: 512M(100%)
[32.552s][info][gc,heap     ] GC(320) Soft Max Capacity: 512M(100%)
[32.552s][info][gc,heap     ] GC(320)                Mark Start          Mark End        Relocate Start      Relocate End           High               Low         
[32.553s][info][gc,heap     ] GC(320)  Capacity:      512M (100%)        512M (100%)        512M (100%)        512M (100%)        512M (100%)        512M (100%)   
[32.553s][info][gc,heap     ] GC(320)      Free:      168M (33%)         118M (23%)         380M (74%)         400M (78%)         400M (78%)         116M (23%)    
[32.553s][info][gc,heap     ] GC(320)      Used:      344M (67%)         394M (77%)         132M (26%)         112M (22%)         396M (77%)         112M (22%)    
[32.553s][info][gc,heap     ] GC(320)      Live:         -                24M (5%)           24M (5%)           24M (5%)             -                  -          
[32.553s][info][gc,heap     ] GC(320) Allocated:         -                50M (10%)          60M (12%)          65M (13%)            -                  -          
[32.553s][info][gc,heap     ] GC(320)   Garbage:         -               319M (62%)          47M (9%)           22M (4%)             -                  -          
[32.553s][info][gc,heap     ] GC(320) Reclaimed:         -                  -               272M (53%)         297M (58%)            -                  -          
[32.553s][info][gc          ] GC(320) Garbage Collection (Allocation Rate) 344M(67%)->112M(22%)
[32.580s][info][gc,start    ] GC(321) Garbage Collection (Allocation Rate)
[32.580s][info][gc,task     ] GC(321) Using 5 workers
[32.580s][info][gc,phases   ] GC(321) Pause Mark Start 0.010ms
[32.606s][info][gc,phases   ] GC(321) Concurrent Mark 25.751ms
[32.606s][info][gc,phases   ] GC(321) Pause Mark End 0.012ms
[32.606s][info][gc,phases   ] GC(321) Concurrent Mark Free 0.002ms
[32.607s][info][gc,phases   ] GC(321) Concurrent Process Non-Strong References 0.791ms
[32.607s][info][gc,phases   ] GC(321) Concurrent Reset Relocation Set 0.006ms
[32.611s][info][gc,phases   ] GC(321) Concurrent Select Relocation Set 3.923ms
[32.611s][info][gc,phases   ] GC(321) Pause Relocate Start 0.007ms
[32.614s][info][gc,phases   ] GC(321) Concurrent Relocate 2.892ms
[32.614s][info][gc,load     ] GC(321) Load: 0.00/0.00/0.00
[32.614s][info][gc,mmu      ] GC(321) MMU: 2ms/98.6%, 5ms/99.5%, 10ms/99.6%, 20ms/99.8%, 50ms/99.9%, 100ms/99.9%
[32.614s][info][gc,marking  ] GC(321) Mark: 4 stripe(s), 2 proactive flush(es), 1 terminate flush(es), 0 completion(s), 0 continuation(s) 
[32.614s][info][gc,marking  ] GC(321) Mark Stack Usage: 32M
[32.614s][info][gc,nmethod  ] GC(321) NMethods: 1364 registered, 48 unregistered
[32.614s][info][gc,metaspace] GC(321) Metaspace: 8M used, 8M committed, 1088M reserved
[32.614s][info][gc,ref      ] GC(321) Soft: 174 encountered, 0 discovered, 0 enqueued
[32.614s][info][gc,ref      ] GC(321) Weak: 570 encountered, 48 discovered, 0 enqueued
[32.614s][info][gc,ref      ] GC(321) Final: 0 encountered, 0 discovered, 0 enqueued
[32.614s][info][gc,ref      ] GC(321) Phantom: 21 encountered, 18 discovered, 0 enqueued
[32.614s][info][gc,reloc    ] GC(321) Small Pages: 75 / 150M, Empty: 104M, Relocated: 2M, In-Place: 0
[32.614s][info][gc,reloc    ] GC(321) Medium Pages: 2 / 32M, Empty: 0M, Relocated: 2M, In-Place: 0
[32.614s][info][gc,reloc    ] GC(321) Large Pages: 0 / 0M, Empty: 0M, Relocated: 0M, In-Place: 0
[32.614s][info][gc,reloc    ] GC(321) Forwarding Usage: 1M
[32.614s][info][gc,heap     ] GC(321) Min Capacity: 8M(2%)
[32.614s][info][gc,heap     ] GC(321) Max Capacity: 512M(100%)
[32.614s][info][gc,heap     ] GC(321) Soft Max Capacity: 512M(100%)
[32.614s][info][gc,heap     ] GC(321)                Mark Start          Mark End        Relocate Start      Relocate End           High               Low         
[32.614s][info][gc,heap     ] GC(321)  Capacity:      512M (100%)        512M (100%)        512M (100%)        512M (100%)        512M (100%)        512M (100%)   
[32.614s][info][gc,heap     ] GC(321)      Free:      330M (64%)         260M (51%)         352M (69%)         372M (73%)         374M (73%)         248M (48%)    
[32.614s][info][gc,heap     ] GC(321)      Used:      182M (36%)         252M (49%)         160M (31%)         140M (27%)         264M (52%)         138M (27%)    
[32.615s][info][gc,heap     ] GC(321)      Live:         -                24M (5%)           24M (5%)           24M (5%)             -                  -          
[32.615s][info][gc,heap     ] GC(321) Allocated:         -                70M (14%)          82M (16%)          89M (18%)            -                  -          
[32.615s][info][gc,heap     ] GC(321)   Garbage:         -               157M (31%)          53M (10%)          25M (5%)             -                  -          
[32.615s][info][gc,heap     ] GC(321) Reclaimed:         -                  -               104M (20%)         131M (26%)            -                  -          
[32.615s][info][gc          ] GC(321) Garbage Collection (Allocation Rate) 182M(36%)->140M(27%)
[32.681s][info][gc,start    ] GC(322) Garbage Collection (Allocation Rate)
[32.681s][info][gc,task     ] GC(322) Using 5 workers
[32.681s][info][gc,phases   ] GC(322) Pause Mark Start 0.014ms
[32.705s][info][gc,phases   ] GC(322) Concurrent Mark 23.630ms
[32.705s][info][gc,phases   ] GC(322) Pause Mark End 0.010ms
[32.705s][info][gc,phases   ] GC(322) Concurrent Mark Free 0.001ms
[32.706s][info][gc,phases   ] GC(322) Concurrent Process Non-Strong References 0.720ms
[32.706s][info][gc,phases   ] GC(322) Concurrent Reset Relocation Set 0.003ms
[32.711s][info][gc,phases   ] GC(322) Concurrent Select Relocation Set 5.769ms
[32.712s][info][gc,phases   ] GC(322) Pause Relocate Start 0.005ms
[32.714s][info][gc,phases   ] GC(322) Concurrent Relocate 2.855ms
[32.714s][info][gc,load     ] GC(322) Load: 0.00/0.00/0.00
[32.715s][info][gc,mmu      ] GC(322) MMU: 2ms/98.6%, 5ms/99.5%, 10ms/99.6%, 20ms/99.8%, 50ms/99.9%, 100ms/99.9%
[32.715s][info][gc,marking  ] GC(322) Mark: 4 stripe(s), 2 proactive flush(es), 1 terminate flush(es), 0 completion(s), 0 continuation(s) 
[32.715s][info][gc,marking  ] GC(322) Mark Stack Usage: 32M
[32.715s][info][gc,nmethod  ] GC(322) NMethods: 1364 registered, 48 unregistered
[32.715s][info][gc,metaspace] GC(322) Metaspace: 8M used, 8M committed, 1088M reserved
[32.715s][info][gc,ref      ] GC(322) Soft: 174 encountered, 0 discovered, 0 enqueued
[32.715s][info][gc,ref      ] GC(322) Weak: 570 encountered, 115 discovered, 0 enqueued
[32.715s][info][gc,ref      ] GC(322) Final: 0 encountered, 0 discovered, 0 enqueued
[32.715s][info][gc,ref      ] GC(322) Phantom: 21 encountered, 15 discovered, 0 enqueued
[32.715s][info][gc,reloc    ] GC(322) Small Pages: 117 / 234M, Empty: 184M, Relocated: 4M, In-Place: 0
[32.715s][info][gc,reloc    ] GC(322) Medium Pages: 1 / 16M, Empty: 0M, Relocated: 0M, In-Place: 0
[32.715s][info][gc,reloc    ] GC(322) Large Pages: 0 / 0M, Empty: 0M, Relocated: 0M, In-Place: 0
[32.715s][info][gc,reloc    ] GC(322) Forwarding Usage: 2M
[32.715s][info][gc,heap     ] GC(322) Min Capacity: 8M(2%)
[32.715s][info][gc,heap     ] GC(322) Max Capacity: 512M(100%)
[32.715s][info][gc,heap     ] GC(322) Soft Max Capacity: 512M(100%)
[32.715s][info][gc,heap     ] GC(322)                Mark Start          Mark End        Relocate Start      Relocate End           High               Low         
[32.715s][info][gc,heap     ] GC(322)  Capacity:      512M (100%)        512M (100%)        512M (100%)        512M (100%)        512M (100%)        512M (100%)   
[32.715s][info][gc,heap     ] GC(322)      Free:      262M (51%)         230M (45%)         400M (78%)         408M (80%)         408M (80%)         228M (45%)    
[32.715s][info][gc,heap     ] GC(322)      Used:      250M (49%)         282M (55%)         112M (22%)         104M (20%)         284M (55%)         104M (20%)    
[32.715s][info][gc,heap     ] GC(322)      Live:         -                25M (5%)           25M (5%)           25M (5%)             -                  -          
[32.715s][info][gc,heap     ] GC(322) Allocated:         -                32M (6%)           46M (9%)           53M (11%)            -                  -          
[32.715s][info][gc,heap     ] GC(322)   Garbage:         -               224M (44%)          40M (8%)           24M (5%)             -                  -          
[32.715s][info][gc,heap     ] GC(322) Reclaimed:         -                  -               184M (36%)         199M (39%)            -                  -          
[32.715s][info][gc          ] GC(322) Garbage Collection (Allocation Rate) 250M(49%)->104M(20%)
[32.787s][info][gc,start    ] GC(323) Garbage Collection (Allocation Rate)
[32.788s][info][gc,task     ] GC(323) Using 5 workers
[32.788s][info][gc,phases   ] GC(323) Pause Mark Start 0.011ms
[32.821s][info][gc,phases   ] GC(323) Concurrent Mark 33.252ms
[32.821s][info][gc,phases   ] GC(323) Pause Mark End 0.011ms
[32.821s][info][gc,phases   ] GC(323) Concurrent Mark Free 0.001ms
[32.822s][info][gc,phases   ] GC(323) Concurrent Process Non-Strong References 0.833ms
[32.822s][info][gc,phases   ] GC(323) Concurrent Reset Relocation Set 0.002ms
[32.826s][info][gc,phases   ] GC(323) Concurrent Select Relocation Set 3.882ms
[32.826s][info][gc,phases   ] GC(323) Pause Relocate Start 0.005ms
[32.827s][info][gc,phases   ] GC(323) Concurrent Relocate 0.915ms
[32.827s][info][gc,load     ] GC(323) Load: 0.00/0.00/0.00
[32.827s][info][gc,mmu      ] GC(323) MMU: 2ms/98.6%, 5ms/99.5%, 10ms/99.6%, 20ms/99.8%, 50ms/99.9%, 100ms/99.9%
[32.827s][info][gc,marking  ] GC(323) Mark: 4 stripe(s), 2 proactive flush(es), 1 terminate flush(es), 0 completion(s), 0 continuation(s) 
[32.827s][info][gc,marking  ] GC(323) Mark Stack Usage: 32M
[32.827s][info][gc,nmethod  ] GC(323) NMethods: 1364 registered, 48 unregistered
[32.827s][info][gc,metaspace] GC(323) Metaspace: 8M used, 8M committed, 1088M reserved
[32.827s][info][gc,ref      ] GC(323) Soft: 174 encountered, 0 discovered, 0 enqueued
[32.827s][info][gc,ref      ] GC(323) Weak: 570 encountered, 228 discovered, 0 enqueued
[32.827s][info][gc,ref      ] GC(323) Final: 0 encountered, 0 discovered, 0 enqueued
[32.827s][info][gc,ref      ] GC(323) Phantom: 21 encountered, 19 discovered, 0 enqueued
[32.827s][info][gc,reloc    ] GC(323) Small Pages: 142 / 284M, Empty: 238M, Relocated: 1M, In-Place: 0
[32.827s][info][gc,reloc    ] GC(323) Medium Pages: 1 / 16M, Empty: 0M, Relocated: 0M, In-Place: 0
[32.827s][info][gc,reloc    ] GC(323) Large Pages: 0 / 0M, Empty: 0M, Relocated: 0M, In-Place: 0
[32.827s][info][gc,reloc    ] GC(323) Forwarding Usage: 0M
[32.827s][info][gc,heap     ] GC(323) Min Capacity: 8M(2%)
[32.827s][info][gc,heap     ] GC(323) Max Capacity: 512M(100%)
[32.827s][info][gc,heap     ] GC(323) Soft Max Capacity: 512M(100%)
[32.827s][info][gc,heap     ] GC(323)                Mark Start          Mark End        Relocate Start      Relocate End           High               Low         
[32.828s][info][gc,heap     ] GC(323)  Capacity:      512M (100%)        512M (100%)        512M (100%)        512M (100%)        512M (100%)        512M (100%)   
[32.828s][info][gc,heap     ] GC(323)      Free:      212M (41%)         122M (24%)         348M (68%)         354M (69%)         354M (69%)         120M (23%)    
[32.828s][info][gc,heap     ] GC(323)      Used:      300M (59%)         390M (76%)         164M (32%)         158M (31%)         392M (77%)         158M (31%)    
[32.828s][info][gc,heap     ] GC(323)      Live:         -                25M (5%)           25M (5%)           25M (5%)             -                  -          
[32.828s][info][gc,heap     ] GC(323) Allocated:         -                90M (18%)         102M (20%)         101M (20%)            -                  -          
[32.828s][info][gc,heap     ] GC(323)   Garbage:         -               274M (54%)          36M (7%)           30M (6%)             -                  -          
[32.828s][info][gc,heap     ] GC(323) Reclaimed:         -                  -               238M (46%)         243M (48%)            -                  -          
[32.828s][info][gc          ] GC(323) Garbage Collection (Allocation Rate) 300M(59%)->158M(31%)
[32.880s][info][gc,start    ] GC(324) Garbage Collection (Allocation Rate)
[32.880s][info][gc,task     ] GC(324) Using 5 workers
[32.880s][info][gc,phases   ] GC(324) Pause Mark Start 0.011ms
[32.905s][info][gc,phases   ] GC(324) Concurrent Mark 24.747ms
[32.905s][info][gc,phases   ] GC(324) Pause Mark End 0.010ms
[32.905s][info][gc,phases   ] GC(324) Concurrent Mark Free 0.001ms
[32.906s][info][gc,phases   ] GC(324) Concurrent Process Non-Strong References 0.627ms
[32.906s][info][gc,phases   ] GC(324) Concurrent Reset Relocation Set 0.002ms
[32.911s][info][gc,phases   ] GC(324) Concurrent Select Relocation Set 5.467ms
[32.911s][info][gc,phases   ] GC(324) Pause Relocate Start 0.005ms
[32.917s][info][gc,phases   ] GC(324) Concurrent Relocate 5.481ms
[32.917s][info][gc,load     ] GC(324) Load: 0.00/0.00/0.00
[32.917s][info][gc,mmu      ] GC(324) MMU: 2ms/98.6%, 5ms/99.5%, 10ms/99.6%, 20ms/99.8%, 50ms/99.9%, 100ms/99.9%
[32.917s][info][gc,marking  ] GC(324) Mark: 4 stripe(s), 2 proactive flush(es), 1 terminate flush(es), 0 completion(s), 0 continuation(s) 
[32.917s][info][gc,marking  ] GC(324) Mark Stack Usage: 32M
[32.917s][info][gc,nmethod  ] GC(324) NMethods: 1364 registered, 48 unregistered
[32.917s][info][gc,metaspace] GC(324) Metaspace: 8M used, 8M committed, 1088M reserved
[32.917s][info][gc,ref      ] GC(324) Soft: 174 encountered, 0 discovered, 0 enqueued
[32.917s][info][gc,ref      ] GC(324) Weak: 570 encountered, 35 discovered, 0 enqueued
[32.917s][info][gc,ref      ] GC(324) Final: 0 encountered, 0 discovered, 0 enqueued
[32.917s][info][gc,ref      ] GC(324) Phantom: 21 encountered, 19 discovered, 0 enqueued
[32.917s][info][gc,reloc    ] GC(324) Small Pages: 134 / 268M, Empty: 216M, Relocated: 8M, In-Place: 0
[32.917s][info][gc,reloc    ] GC(324) Medium Pages: 2 / 32M, Empty: 0M, Relocated: 2M, In-Place: 0
[32.917s][info][gc,reloc    ] GC(324) Large Pages: 0 / 0M, Empty: 0M, Relocated: 0M, In-Place: 0
[32.917s][info][gc,reloc    ] GC(324) Forwarding Usage: 3M
[32.917s][info][gc,heap     ] GC(324) Min Capacity: 8M(2%)
[32.917s][info][gc,heap     ] GC(324) Max Capacity: 512M(100%)
[32.917s][info][gc,heap     ] GC(324) Soft Max Capacity: 512M(100%)
[32.917s][info][gc,heap     ] GC(324)                Mark Start          Mark End        Relocate Start      Relocate End           High               Low         
[32.917s][info][gc,heap     ] GC(324)  Capacity:      512M (100%)        512M (100%)        512M (100%)        512M (100%)        512M (100%)        512M (100%)   
[32.917s][info][gc,heap     ] GC(324)      Free:      212M (41%)         146M (29%)         344M (67%)         366M (71%)         372M (73%)         144M (28%)    
[32.917s][info][gc,heap     ] GC(324)      Used:      300M (59%)         366M (71%)         168M (33%)         146M (29%)         368M (72%)         140M (27%)    
[32.917s][info][gc,heap     ] GC(324)      Live:         -                26M (5%)           26M (5%)           26M (5%)             -                  -          
[32.917s][info][gc,heap     ] GC(324) Allocated:         -                66M (13%)          84M (16%)          97M (19%)            -                  -          
[32.917s][info][gc,heap     ] GC(324)   Garbage:         -               273M (53%)          57M (11%)          21M (4%)             -                  -          
[32.917s][info][gc,heap     ] GC(324) Reclaimed:         -                  -               216M (42%)         251M (49%)            -                  -          
[32.917s][info][gc          ] GC(324) Garbage Collection (Allocation Rate) 300M(59%)->146M(29%)
[32.981s][info][gc,start    ] GC(325) Garbage Collection (Allocation Rate)
[32.981s][info][gc,task     ] GC(325) Using 5 workers
[32.981s][info][gc,phases   ] GC(325) Pause Mark Start 0.012ms
[33.007s][info][gc,phases   ] GC(325) Concurrent Mark 25.696ms
[33.007s][info][gc,phases   ] GC(325) Pause Mark End 0.010ms
[33.007s][info][gc,phases   ] GC(325) Concurrent Mark Free 0.001ms
[33.007s][info][gc,phases   ] GC(325) Concurrent Process Non-Strong References 0.661ms
[33.007s][info][gc,phases   ] GC(325) Concurrent Reset Relocation Set 0.002ms
[33.010s][info][gc,phases   ] GC(325) Concurrent Select Relocation Set 3.004ms
[33.011s][info][gc,phases   ] GC(325) Pause Relocate Start 0.003ms
[33.011s][info][gc,phases   ] GC(325) Concurrent Relocate 0.615ms
[33.011s][info][gc,load     ] GC(325) Load: 0.00/0.00/0.00
[33.011s][info][gc,mmu      ] GC(325) MMU: 2ms/98.6%, 5ms/99.5%, 10ms/99.6%, 20ms/99.8%, 50ms/99.9%, 100ms/99.9%
[33.011s][info][gc,marking  ] GC(325) Mark: 4 stripe(s), 2 proactive flush(es), 1 terminate flush(es), 0 completion(s), 0 continuation(s) 
[33.011s][info][gc,marking  ] GC(325) Mark Stack Usage: 32M
[33.011s][info][gc,nmethod  ] GC(325) NMethods: 1364 registered, 48 unregistered
[33.011s][info][gc,metaspace] GC(325) Metaspace: 8M used, 8M committed, 1088M reserved
[33.011s][info][gc,ref      ] GC(325) Soft: 174 encountered, 0 discovered, 0 enqueued
[33.011s][info][gc,ref      ] GC(325) Weak: 570 encountered, 55 discovered, 0 enqueued
[33.011s][info][gc,ref      ] GC(325) Final: 0 encountered, 0 discovered, 0 enqueued
[33.011s][info][gc,ref      ] GC(325) Phantom: 21 encountered, 16 discovered, 0 enqueued
[33.011s][info][gc,reloc    ] GC(325) Small Pages: 139 / 278M, Empty: 228M, Relocated: 1M, In-Place: 0
[33.011s][info][gc,reloc    ] GC(325) Medium Pages: 1 / 16M, Empty: 0M, Relocated: 0M, In-Place: 0
[33.011s][info][gc,reloc    ] GC(325) Large Pages: 0 / 0M, Empty: 0M, Relocated: 0M, In-Place: 0
[33.011s][info][gc,reloc    ] GC(325) Forwarding Usage: 0M
[33.011s][info][gc,heap     ] GC(325) Min Capacity: 8M(2%)
[33.011s][info][gc,heap     ] GC(325) Max Capacity: 512M(100%)
[33.011s][info][gc,heap     ] GC(325) Soft Max Capacity: 512M(100%)
[33.011s][info][gc,heap     ] GC(325)                Mark Start          Mark End        Relocate Start      Relocate End           High               Low         
[33.011s][info][gc,heap     ] GC(325)  Capacity:      512M (100%)        512M (100%)        512M (100%)        512M (100%)        512M (100%)        512M (100%)   
[33.011s][info][gc,heap     ] GC(325)      Free:      218M (43%)         172M (34%)         390M (76%)         400M (78%)         400M (78%)         170M (33%)    
[33.011s][info][gc,heap     ] GC(325)      Used:      294M (57%)         340M (66%)         122M (24%)         112M (22%)         342M (67%)         112M (22%)    
[33.011s][info][gc,heap     ] GC(325)      Live:         -                27M (5%)           27M (5%)           27M (5%)             -                  -          
[33.011s][info][gc,heap     ] GC(325) Allocated:         -                46M (9%)           56M (11%)          55M (11%)            -                  -          
[33.012s][info][gc,heap     ] GC(325)   Garbage:         -               266M (52%)          38M (8%)           28M (6%)             -                  -          
[33.012s][info][gc,heap     ] GC(325) Reclaimed:         -                  -               228M (45%)         237M (46%)            -                  -          
[33.012s][info][gc          ] GC(325) Garbage Collection (Allocation Rate) 294M(57%)->112M(22%)
[33.086s][info][gc,start    ] GC(326) Garbage Collection (Allocation Rate)
[33.086s][info][gc,task     ] GC(326) Using 5 workers
[33.086s][info][gc,phases   ] GC(326) Pause Mark Start 0.011ms
[33.117s][info][gc,phases   ] GC(326) Concurrent Mark 30.295ms
[33.117s][info][gc,phases   ] GC(326) Pause Mark End 0.011ms
[33.117s][info][gc,phases   ] GC(326) Concurrent Mark Free 0.001ms
[33.118s][info][gc,phases   ] GC(326) Concurrent Process Non-Strong References 0.660ms
[33.118s][info][gc,phases   ] GC(326) Concurrent Reset Relocation Set 0.002ms
[33.123s][info][gc,phases   ] GC(326) Concurrent Select Relocation Set 5.115ms
[33.123s][info][gc,phases   ] GC(326) Pause Relocate Start 0.004ms
[33.125s][info][gc,phases   ] GC(326) Concurrent Relocate 1.995ms
[33.125s][info][gc,load     ] GC(326) Load: 0.00/0.00/0.00
[33.125s][info][gc,mmu      ] GC(326) MMU: 2ms/98.6%, 5ms/99.5%, 10ms/99.6%, 20ms/99.8%, 50ms/99.9%, 100ms/99.9%
[33.125s][info][gc,marking  ] GC(326) Mark: 4 stripe(s), 3 proactive flush(es), 1 terminate flush(es), 0 completion(s), 0 continuation(s) 
[33.125s][info][gc,marking  ] GC(326) Mark Stack Usage: 32M
[33.125s][info][gc,nmethod  ] GC(326) NMethods: 1364 registered, 48 unregistered
[33.125s][info][gc,metaspace] GC(326) Metaspace: 8M used, 8M committed, 1088M reserved
[33.125s][info][gc,ref      ] GC(326) Soft: 174 encountered, 0 discovered, 0 enqueued
[33.125s][info][gc,ref      ] GC(326) Weak: 570 encountered, 25 discovered, 0 enqueued
[33.125s][info][gc,ref      ] GC(326) Final: 0 encountered, 0 discovered, 0 enqueued
[33.125s][info][gc,ref      ] GC(326) Phantom: 21 encountered, 19 discovered, 0 enqueued
[33.125s][info][gc,reloc    ] GC(326) Small Pages: 139 / 278M, Empty: 222M, Relocated: 3M, In-Place: 0
[33.125s][info][gc,reloc    ] GC(326) Medium Pages: 1 / 16M, Empty: 0M, Relocated: 0M, In-Place: 0
[33.125s][info][gc,reloc    ] GC(326) Large Pages: 0 / 0M, Empty: 0M, Relocated: 0M, In-Place: 0
[33.125s][info][gc,reloc    ] GC(326) Forwarding Usage: 1M
[33.125s][info][gc,heap     ] GC(326) Min Capacity: 8M(2%)
[33.126s][info][gc,heap     ] GC(326) Max Capacity: 512M(100%)
[33.126s][info][gc,heap     ] GC(326) Soft Max Capacity: 512M(100%)
[33.126s][info][gc,heap     ] GC(326)                Mark Start          Mark End        Relocate Start      Relocate End           High               Low         
[33.126s][info][gc,heap     ] GC(326)  Capacity:      512M (100%)        512M (100%)        512M (100%)        512M (100%)        512M (100%)        512M (100%)   
[33.126s][info][gc,heap     ] GC(326)      Free:      218M (43%)         136M (27%)         342M (67%)         354M (69%)         354M (69%)         134M (26%)    
[33.126s][info][gc,heap     ] GC(326)      Used:      294M (57%)         376M (73%)         170M (33%)         158M (31%)         378M (74%)         158M (31%)    
[33.126s][info][gc,heap     ] GC(326)      Live:         -                27M (5%)           27M (5%)           27M (5%)             -                  -          
[33.126s][info][gc,heap     ] GC(326) Allocated:         -                82M (16%)          98M (19%)         103M (20%)            -                  -          
[33.126s][info][gc,heap     ] GC(326)   Garbage:         -               266M (52%)          44M (9%)           26M (5%)             -                  -          
[33.126s][info][gc,heap     ] GC(326) Reclaimed:         -                  -               222M (43%)         239M (47%)            -                  -          
[33.126s][info][gc          ] GC(326) Garbage Collection (Allocation Rate) 294M(57%)->158M(31%)
[33.183s][info][gc,start    ] GC(327) Garbage Collection (Allocation Rate)
[33.183s][info][gc,task     ] GC(327) Using 5 workers
[33.183s][info][gc,phases   ] GC(327) Pause Mark Start 0.011ms
[33.214s][info][gc,phases   ] GC(327) Concurrent Mark 30.986ms
[33.214s][info][gc,phases   ] GC(327) Pause Mark End 0.011ms
[33.214s][info][gc,phases   ] GC(327) Concurrent Mark Free 0.001ms
[33.215s][info][gc,phases   ] GC(327) Concurrent Process Non-Strong References 0.696ms
[33.215s][info][gc,phases   ] GC(327) Concurrent Reset Relocation Set 0.003ms
[33.221s][info][gc,phases   ] GC(327) Concurrent Select Relocation Set 6.280ms
[33.221s][info][gc,phases   ] GC(327) Pause Relocate Start 0.005ms
[33.225s][info][gc,phases   ] GC(327) Concurrent Relocate 3.377ms
[33.225s][info][gc,load     ] GC(327) Load: 0.00/0.00/0.00
[33.225s][info][gc,mmu      ] GC(327) MMU: 2ms/98.6%, 5ms/99.5%, 10ms/99.6%, 20ms/99.8%, 50ms/99.9%, 100ms/99.9%
[33.225s][info][gc,marking  ] GC(327) Mark: 4 stripe(s), 2 proactive flush(es), 1 terminate flush(es), 0 completion(s), 0 continuation(s) 
[33.225s][info][gc,marking  ] GC(327) Mark Stack Usage: 32M
[33.225s][info][gc,nmethod  ] GC(327) NMethods: 1364 registered, 48 unregistered
[33.225s][info][gc,metaspace] GC(327) Metaspace: 8M used, 8M committed, 1088M reserved
[33.225s][info][gc,ref      ] GC(327) Soft: 174 encountered, 0 discovered, 0 enqueued
[33.225s][info][gc,ref      ] GC(327) Weak: 570 encountered, 105 discovered, 0 enqueued
[33.225s][info][gc,ref      ] GC(327) Final: 0 encountered, 0 discovered, 0 enqueued
[33.225s][info][gc,ref      ] GC(327) Phantom: 21 encountered, 19 discovered, 0 enqueued
[33.225s][info][gc,reloc    ] GC(327) Small Pages: 149 / 298M, Empty: 242M, Relocated: 6M, In-Place: 0
[33.225s][info][gc,reloc    ] GC(327) Medium Pages: 1 / 16M, Empty: 0M, Relocated: 0M, In-Place: 0
[33.225s][info][gc,reloc    ] GC(327) Large Pages: 0 / 0M, Empty: 0M, Relocated: 0M, In-Place: 0
[33.225s][info][gc,reloc    ] GC(327) Forwarding Usage: 2M
[33.225s][info][gc,heap     ] GC(327) Min Capacity: 8M(2%)
[33.225s][info][gc,heap     ] GC(327) Max Capacity: 512M(100%)
[33.225s][info][gc,heap     ] GC(327) Soft Max Capacity: 512M(100%)
[33.225s][info][gc,heap     ] GC(327)                Mark Start          Mark End        Relocate Start      Relocate End           High               Low         
[33.225s][info][gc,heap     ] GC(327)  Capacity:      512M (100%)        512M (100%)        512M (100%)        512M (100%)        512M (100%)        512M (100%)   
[33.225s][info][gc,heap     ] GC(327)      Free:      198M (39%)         114M (22%)         336M (66%)         348M (68%)         350M (68%)         112M (22%)    
[33.225s][info][gc,heap     ] GC(327)      Used:      314M (61%)         398M (78%)         176M (34%)         164M (32%)         400M (78%)         162M (32%)    
[33.225s][info][gc,heap     ] GC(327)      Live:         -                28M (6%)           28M (6%)           28M (6%)             -                  -          
[33.225s][info][gc,heap     ] GC(327) Allocated:         -                84M (16%)         104M (20%)         111M (22%)            -                  -          
[33.226s][info][gc,heap     ] GC(327)   Garbage:         -               285M (56%)          43M (9%)           23M (5%)             -                  -          
[33.226s][info][gc,heap     ] GC(327) Reclaimed:         -                  -               242M (47%)         261M (51%)            -                  -          
[33.226s][info][gc          ] GC(327) Garbage Collection (Allocation Rate) 314M(61%)->164M(32%)
[33.280s][info][gc,start    ] GC(328) Garbage Collection (Allocation Rate)
[33.280s][info][gc,task     ] GC(328) Using 5 workers
[33.280s][info][gc,phases   ] GC(328) Pause Mark Start 0.013ms
[33.313s][info][gc,phases   ] GC(328) Concurrent Mark 32.646ms
[33.313s][info][gc,phases   ] GC(328) Pause Mark End 0.015ms
[33.313s][info][gc,phases   ] GC(328) Concurrent Mark Free 0.001ms
[33.314s][info][gc,phases   ] GC(328) Concurrent Process Non-Strong References 0.804ms
[33.314s][info][gc,phases   ] GC(328) Concurrent Reset Relocation Set 0.004ms
[33.322s][info][gc,phases   ] GC(328) Concurrent Select Relocation Set 7.715ms
[33.322s][info][gc,phases   ] GC(328) Pause Relocate Start 0.007ms
[33.326s][info][gc,phases   ] GC(328) Concurrent Relocate 3.906ms
[33.326s][info][gc,load     ] GC(328) Load: 0.00/0.00/0.00
[33.326s][info][gc,mmu      ] GC(328) MMU: 2ms/98.6%, 5ms/99.5%, 10ms/99.6%, 20ms/99.8%, 50ms/99.9%, 100ms/99.9%
[33.326s][info][gc,marking  ] GC(328) Mark: 4 stripe(s), 4 proactive flush(es), 1 terminate flush(es), 0 completion(s), 0 continuation(s) 
[33.326s][info][gc,marking  ] GC(328) Mark Stack Usage: 32M
[33.326s][info][gc,nmethod  ] GC(328) NMethods: 1364 registered, 48 unregistered
[33.326s][info][gc,metaspace] GC(328) Metaspace: 8M used, 8M committed, 1088M reserved
[33.326s][info][gc,ref      ] GC(328) Soft: 174 encountered, 0 discovered, 0 enqueued
[33.326s][info][gc,ref      ] GC(328) Weak: 570 encountered, 26 discovered, 0 enqueued
[33.326s][info][gc,ref      ] GC(328) Final: 0 encountered, 0 discovered, 0 enqueued
[33.326s][info][gc,ref      ] GC(328) Phantom: 21 encountered, 15 discovered, 0 enqueued
[33.326s][info][gc,reloc    ] GC(328) Small Pages: 116 / 232M, Empty: 186M, Relocated: 6M, In-Place: 0
[33.326s][info][gc,reloc    ] GC(328) Medium Pages: 2 / 32M, Empty: 0M, Relocated: 2M, In-Place: 0
[33.326s][info][gc,reloc    ] GC(328) Large Pages: 0 / 0M, Empty: 0M, Relocated: 0M, In-Place: 0
[33.326s][info][gc,reloc    ] GC(328) Forwarding Usage: 2M
[33.326s][info][gc,heap     ] GC(328) Min Capacity: 8M(2%)
[33.327s][info][gc,heap     ] GC(328) Max Capacity: 512M(100%)
[33.327s][info][gc,heap     ] GC(328) Soft Max Capacity: 512M(100%)
[33.327s][info][gc,heap     ] GC(328)                Mark Start          Mark End        Relocate Start      Relocate End           High               Low         
[33.327s][info][gc,heap     ] GC(328)  Capacity:      512M (100%)        512M (100%)        512M (100%)        512M (100%)        512M (100%)        512M (100%)   
[33.327s][info][gc,heap     ] GC(328)      Free:      248M (48%)         216M (42%)         398M (78%)         424M (83%)         424M (83%)         216M (42%)    
[33.327s][info][gc,heap     ] GC(328)      Used:      264M (52%)         296M (58%)         114M (22%)          88M (17%)         296M (58%)          88M (17%)    
[33.327s][info][gc,heap     ] GC(328)      Live:         -                29M (6%)           29M (6%)           29M (6%)             -                  -          
[33.327s][info][gc,heap     ] GC(328) Allocated:         -                32M (6%)           36M (7%)           35M (7%)             -                  -          
[33.327s][info][gc,heap     ] GC(328)   Garbage:         -               234M (46%)          48M (9%)           22M (4%)             -                  -          
[33.327s][info][gc,heap     ] GC(328) Reclaimed:         -                  -               186M (36%)         211M (41%)            -                  -          
[33.327s][info][gc          ] GC(328) Garbage Collection (Allocation Rate) 264M(52%)->88M(17%)
[33.380s][info][gc,start    ] GC(329) Garbage Collection (Allocation Rate)
[33.380s][info][gc,task     ] GC(329) Using 5 workers
[33.380s][info][gc,phases   ] GC(329) Pause Mark Start 0.013ms
[33.410s][info][gc,phases   ] GC(329) Concurrent Mark 29.630ms
[33.410s][info][gc,phases   ] GC(329) Pause Mark End 0.013ms
[33.410s][info][gc,phases   ] GC(329) Concurrent Mark Free 0.001ms
[33.411s][info][gc,phases   ] GC(329) Concurrent Process Non-Strong References 0.738ms
[33.411s][info][gc,phases   ] GC(329) Concurrent Reset Relocation Set 0.003ms
[33.415s][info][gc,phases   ] GC(329) Concurrent Select Relocation Set 3.935ms
[33.415s][info][gc,phases   ] GC(329) Pause Relocate Start 0.006ms
[33.417s][info][gc,phases   ] GC(329) Concurrent Relocate 2.415ms
[33.418s][info][gc,load     ] GC(329) Load: 0.00/0.00/0.00
[33.418s][info][gc,mmu      ] GC(329) MMU: 2ms/98.6%, 5ms/99.5%, 10ms/99.6%, 20ms/99.8%, 50ms/99.9%, 100ms/99.9%
[33.418s][info][gc,marking  ] GC(329) Mark: 4 stripe(s), 2 proactive flush(es), 1 terminate flush(es), 0 completion(s), 0 continuation(s) 
[33.418s][info][gc,marking  ] GC(329) Mark Stack Usage: 32M
[33.418s][info][gc,nmethod  ] GC(329) NMethods: 1364 registered, 48 unregistered
[33.418s][info][gc,metaspace] GC(329) Metaspace: 8M used, 8M committed, 1088M reserved
[33.418s][info][gc,ref      ] GC(329) Soft: 174 encountered, 0 discovered, 0 enqueued
[33.418s][info][gc,ref      ] GC(329) Weak: 570 encountered, 147 discovered, 0 enqueued
[33.418s][info][gc,ref      ] GC(329) Final: 0 encountered, 0 discovered, 0 enqueued
[33.418s][info][gc,ref      ] GC(329) Phantom: 21 encountered, 13 discovered, 0 enqueued
[33.418s][info][gc,reloc    ] GC(329) Small Pages: 34 / 68M, Empty: 26M, Relocated: 5M, In-Place: 0
[33.418s][info][gc,reloc    ] GC(329) Medium Pages: 2 / 32M, Empty: 0M, Relocated: 0M, In-Place: 0
[33.418s][info][gc,reloc    ] GC(329) Large Pages: 2 / 8M, Empty: 4M, Relocated: 0M, In-Place: 0
[33.418s][info][gc,reloc    ] GC(329) Forwarding Usage: 2M
[33.418s][info][gc,heap     ] GC(329) Min Capacity: 8M(2%)
[33.418s][info][gc,heap     ] GC(329) Max Capacity: 512M(100%)
[33.418s][info][gc,heap     ] GC(329) Soft Max Capacity: 512M(100%)
[33.418s][info][gc,heap     ] GC(329)                Mark Start          Mark End        Relocate Start      Relocate End           High               Low         
[33.418s][info][gc,heap     ] GC(329)  Capacity:      512M (100%)        512M (100%)        512M (100%)        512M (100%)        512M (100%)        512M (100%)   
[33.418s][info][gc,heap     ] GC(329)      Free:      404M (79%)         376M (73%)         404M (79%)         428M (84%)         428M (84%)         374M (73%)    
[33.418s][info][gc,heap     ] GC(329)      Used:      108M (21%)         136M (27%)         108M (21%)          84M (16%)         138M (27%)          84M (16%)    
[33.418s][info][gc,heap     ] GC(329)      Live:         -                32M (6%)           32M (6%)           32M (6%)             -                  -          
[33.418s][info][gc,heap     ] GC(329) Allocated:         -                28M (5%)           30M (6%)           29M (6%)             -                  -          
[33.418s][info][gc,heap     ] GC(329)   Garbage:         -                75M (15%)          45M (9%)           21M (4%)             -                  -          
[33.418s][info][gc,heap     ] GC(329) Reclaimed:         -                  -                30M (6%)           53M (11%)            -                  -          
[33.418s][info][gc          ] GC(329) Garbage Collection (Allocation Rate) 108M(21%)->84M(16%)
[33.481s][info][gc,start    ] GC(330) Garbage Collection (Allocation Rate)
[33.482s][info][gc,task     ] GC(330) Using 5 workers
[33.482s][info][gc,phases   ] GC(330) Pause Mark Start 0.014ms
[33.513s][info][gc,phases   ] GC(330) Concurrent Mark 30.650ms
[33.513s][info][gc,phases   ] GC(330) Pause Mark End 0.011ms
[33.513s][info][gc,phases   ] GC(330) Concurrent Mark Free 0.001ms
[33.514s][info][gc,phases   ] GC(330) Concurrent Process Non-Strong References 0.731ms
[33.514s][info][gc,phases   ] GC(330) Concurrent Reset Relocation Set 0.002ms
[33.518s][info][gc,phases   ] GC(330) Concurrent Select Relocation Set 3.852ms
[33.518s][info][gc,phases   ] GC(330) Pause Relocate Start 0.005ms
[33.520s][info][gc,phases   ] GC(330) Concurrent Relocate 2.697ms
[33.521s][info][gc,load     ] GC(330) Load: 0.00/0.00/0.00
[33.521s][info][gc,mmu      ] GC(330) MMU: 2ms/98.6%, 5ms/99.5%, 10ms/99.6%, 20ms/99.8%, 50ms/99.9%, 100ms/99.9%
[33.521s][info][gc,marking  ] GC(330) Mark: 4 stripe(s), 2 proactive flush(es), 1 terminate flush(es), 0 completion(s), 0 continuation(s) 
[33.521s][info][gc,marking  ] GC(330) Mark Stack Usage: 32M
[33.521s][info][gc,nmethod  ] GC(330) NMethods: 1365 registered, 48 unregistered
[33.521s][info][gc,metaspace] GC(330) Metaspace: 8M used, 8M committed, 1088M reserved
[33.521s][info][gc,ref      ] GC(330) Soft: 174 encountered, 0 discovered, 0 enqueued
[33.521s][info][gc,ref      ] GC(330) Weak: 570 encountered, 175 discovered, 0 enqueued
[33.521s][info][gc,ref      ] GC(330) Final: 0 encountered, 0 discovered, 0 enqueued
[33.521s][info][gc,ref      ] GC(330) Phantom: 21 encountered, 12 discovered, 0 enqueued
[33.521s][info][gc,reloc    ] GC(330) Small Pages: 31 / 62M, Empty: 20M, Relocated: 3M, In-Place: 0
[33.521s][info][gc,reloc    ] GC(330) Medium Pages: 2 / 32M, Empty: 32M, Relocated: 0M, In-Place: 0
[33.521s][info][gc,reloc    ] GC(330) Large Pages: 4 / 16M, Empty: 8M, Relocated: 0M, In-Place: 0
[33.521s][info][gc,reloc    ] GC(330) Forwarding Usage: 1M
[33.521s][info][gc,heap     ] GC(330) Min Capacity: 8M(2%)
[33.521s][info][gc,heap     ] GC(330) Max Capacity: 512M(100%)
[33.521s][info][gc,heap     ] GC(330) Soft Max Capacity: 512M(100%)
[33.521s][info][gc,heap     ] GC(330)                Mark Start          Mark End        Relocate Start      Relocate End           High               Low         
[33.521s][info][gc,heap     ] GC(330)  Capacity:      512M (100%)        512M (100%)        512M (100%)        512M (100%)        512M (100%)        512M (100%)   
[33.521s][info][gc,heap     ] GC(330)      Free:      402M (79%)         384M (75%)         444M (87%)         446M (87%)         446M (87%)         384M (75%)    
[33.521s][info][gc,heap     ] GC(330)      Used:      110M (21%)         128M (25%)          68M (13%)          66M (13%)         128M (25%)          66M (13%)    
[33.521s][info][gc,heap     ] GC(330)      Live:         -                39M (8%)           39M (8%)           39M (8%)             -                  -          
[33.521s][info][gc,heap     ] GC(330) Allocated:         -                18M (4%)           18M (4%)           17M (4%)             -                  -          
[33.521s][info][gc,heap     ] GC(330)   Garbage:         -                70M (14%)          10M (2%)            8M (2%)             -                  -          
[33.521s][info][gc,heap     ] GC(330) Reclaimed:         -                  -                60M (12%)          61M (12%)            -                  -          
[33.521s][info][gc          ] GC(330) Garbage Collection (Allocation Rate) 110M(21%)->66M(13%)
[33.581s][info][gc,start    ] GC(331) Garbage Collection (Allocation Rate)
[33.581s][info][gc,task     ] GC(331) Using 5 workers
[33.581s][info][gc,phases   ] GC(331) Pause Mark Start 0.012ms
[33.611s][info][gc,phases   ] GC(331) Concurrent Mark 29.622ms
[33.611s][info][gc,phases   ] GC(331) Pause Mark End 0.012ms
[33.611s][info][gc,phases   ] GC(331) Concurrent Mark Free 0.001ms
[33.612s][info][gc,phases   ] GC(331) Concurrent Process Non-Strong References 0.715ms
[33.612s][info][gc,phases   ] GC(331) Concurrent Reset Relocation Set 0.001ms
[33.618s][info][gc,phases   ] GC(331) Concurrent Select Relocation Set 6.054ms
[33.618s][info][gc,phases   ] GC(331) Pause Relocate Start 0.007ms
[33.620s][info][gc,phases   ] GC(331) Concurrent Relocate 2.042ms
[33.620s][info][gc,load     ] GC(331) Load: 0.00/0.00/0.00
[33.620s][info][gc,mmu      ] GC(331) MMU: 2ms/98.6%, 5ms/99.5%, 10ms/99.6%, 20ms/99.8%, 50ms/99.9%, 100ms/99.9%
[33.620s][info][gc,marking  ] GC(331) Mark: 4 stripe(s), 2 proactive flush(es), 1 terminate flush(es), 0 completion(s), 0 continuation(s) 
[33.620s][info][gc,marking  ] GC(331) Mark Stack Usage: 32M
[33.620s][info][gc,nmethod  ] GC(331) NMethods: 1367 registered, 48 unregistered
[33.620s][info][gc,metaspace] GC(331) Metaspace: 8M used, 8M committed, 1088M reserved
[33.620s][info][gc,ref      ] GC(331) Soft: 174 encountered, 0 discovered, 0 enqueued
[33.620s][info][gc,ref      ] GC(331) Weak: 570 encountered, 55 discovered, 0 enqueued
[33.620s][info][gc,ref      ] GC(331) Final: 0 encountered, 0 discovered, 0 enqueued
[33.620s][info][gc,ref      ] GC(331) Phantom: 21 encountered, 18 discovered, 0 enqueued
[33.620s][info][gc,reloc    ] GC(331) Small Pages: 21 / 42M, Empty: 0M, Relocated: 5M, In-Place: 0
[33.620s][info][gc,reloc    ] GC(331) Medium Pages: 1 / 16M, Empty: 0M, Relocated: 0M, In-Place: 0
[33.620s][info][gc,reloc    ] GC(331) Large Pages: 2 / 8M, Empty: 4M, Relocated: 0M, In-Place: 0
[33.620s][info][gc,reloc    ] GC(331) Forwarding Usage: 2M
[33.620s][info][gc,heap     ] GC(331) Min Capacity: 8M(2%)
[33.620s][info][gc,heap     ] GC(331) Max Capacity: 512M(100%)
[33.620s][info][gc,heap     ] GC(331) Soft Max Capacity: 512M(100%)
[33.620s][info][gc,heap     ] GC(331)                Mark Start          Mark End        Relocate Start      Relocate End           High               Low         
[33.620s][info][gc,heap     ] GC(331)  Capacity:      512M (100%)        512M (100%)        512M (100%)        512M (100%)        512M (100%)        512M (100%)   
[33.621s][info][gc,heap     ] GC(331)      Free:      446M (87%)         446M (87%)         450M (88%)         452M (88%)         452M (88%)         440M (86%)    
[33.621s][info][gc,heap     ] GC(331)      Used:       66M (13%)          66M (13%)          62M (12%)          60M (12%)          72M (14%)          60M (12%)    
[33.621s][info][gc,heap     ] GC(331)      Live:         -                32M (6%)           32M (6%)           32M (6%)             -                  -          
[33.621s][info][gc,heap     ] GC(331) Allocated:         -                 0M (0%)            0M (0%)            1M (0%)             -                  -          
[33.621s][info][gc,heap     ] GC(331)   Garbage:         -                33M (6%)           29M (6%)           25M (5%)             -                  -          
[33.621s][info][gc,heap     ] GC(331) Reclaimed:         -                  -                 4M (1%)            7M (2%)             -                  -          
[33.621s][info][gc          ] GC(331) Garbage Collection (Allocation Rate) 66M(13%)->60M(12%)
[33.681s][info][gc,start    ] GC(332) Garbage Collection (Allocation Rate)
[33.681s][info][gc,task     ] GC(332) Using 5 workers
[33.681s][info][gc,phases   ] GC(332) Pause Mark Start 0.014ms
[33.715s][info][gc,phases   ] GC(332) Concurrent Mark 34.564ms
[33.716s][info][gc,phases   ] GC(332) Pause Mark End 0.013ms
[33.716s][info][gc,phases   ] GC(332) Concurrent Mark Free 0.001ms
[33.716s][info][gc,phases   ] GC(332) Concurrent Process Non-Strong References 0.797ms
[33.716s][info][gc,phases   ] GC(332) Concurrent Reset Relocation Set 0.002ms
[33.724s][info][gc,phases   ] GC(332) Concurrent Select Relocation Set 7.189ms
[33.724s][info][gc,phases   ] GC(332) Pause Relocate Start 0.006ms
[33.728s][info][gc,phases   ] GC(332) Concurrent Relocate 4.562ms
[33.728s][info][gc,load     ] GC(332) Load: 0.00/0.00/0.00
[33.729s][info][gc,mmu      ] GC(332) MMU: 2ms/98.6%, 5ms/99.5%, 10ms/99.6%, 20ms/99.8%, 50ms/99.9%, 100ms/99.9%
[33.729s][info][gc,marking  ] GC(332) Mark: 4 stripe(s), 6 proactive flush(es), 1 terminate flush(es), 0 completion(s), 0 continuation(s) 
[33.729s][info][gc,marking  ] GC(332) Mark Stack Usage: 32M
[33.729s][info][gc,nmethod  ] GC(332) NMethods: 1367 registered, 48 unregistered
[33.729s][info][gc,metaspace] GC(332) Metaspace: 8M used, 8M committed, 1088M reserved
[33.729s][info][gc,ref      ] GC(332) Soft: 174 encountered, 0 discovered, 0 enqueued
[33.729s][info][gc,ref      ] GC(332) Weak: 570 encountered, 107 discovered, 0 enqueued
[33.729s][info][gc,ref      ] GC(332) Final: 0 encountered, 0 discovered, 0 enqueued
[33.729s][info][gc,ref      ] GC(332) Phantom: 21 encountered, 13 discovered, 0 enqueued
[33.729s][info][gc,reloc    ] GC(332) Small Pages: 20 / 40M, Empty: 0M, Relocated: 5M, In-Place: 0
[33.729s][info][gc,reloc    ] GC(332) Medium Pages: 2 / 32M, Empty: 0M, Relocated: 1M, In-Place: 0
[33.729s][info][gc,reloc    ] GC(332) Large Pages: 1 / 4M, Empty: 0M, Relocated: 0M, In-Place: 0
[33.729s][info][gc,reloc    ] GC(332) Forwarding Usage: 2M
[33.729s][info][gc,heap     ] GC(332) Min Capacity: 8M(2%)
[33.729s][info][gc,heap     ] GC(332) Max Capacity: 512M(100%)
[33.729s][info][gc,heap     ] GC(332) Soft Max Capacity: 512M(100%)
[33.729s][info][gc,heap     ] GC(332)                Mark Start          Mark End        Relocate Start      Relocate End           High               Low         
[33.729s][info][gc,heap     ] GC(332)  Capacity:      512M (100%)        512M (100%)        512M (100%)        512M (100%)        512M (100%)        512M (100%)   
[33.729s][info][gc,heap     ] GC(332)      Free:      436M (85%)         412M (80%)         406M (79%)         420M (82%)         436M (85%)         384M (75%)    
[33.729s][info][gc,heap     ] GC(332)      Used:       76M (15%)         100M (20%)         106M (21%)          92M (18%)         128M (25%)          76M (15%)    
[33.729s][info][gc,heap     ] GC(332)      Live:         -                32M (6%)           32M (6%)           32M (6%)             -                  -          
[33.729s][info][gc,heap     ] GC(332) Allocated:         -                24M (5%)           30M (6%)           33M (7%)             -                  -          
[33.729s][info][gc,heap     ] GC(332)   Garbage:         -                43M (8%)           43M (8%)           25M (5%)             -                  -          
[33.729s][info][gc,heap     ] GC(332) Reclaimed:         -                  -                 0M (0%)           17M (3%)             -                  -          
[33.729s][info][gc          ] GC(332) Garbage Collection (Allocation Rate) 76M(15%)->92M(18%)
[33.780s][info][gc,start    ] GC(333) Garbage Collection (Allocation Rate)
[33.780s][info][gc,task     ] GC(333) Using 5 workers
[33.781s][info][gc,phases   ] GC(333) Pause Mark Start 0.012ms
[33.811s][info][gc,phases   ] GC(333) Concurrent Mark 30.707ms
[33.811s][info][gc,phases   ] GC(333) Pause Mark End 0.011ms
[33.811s][info][gc,phases   ] GC(333) Concurrent Mark Free 0.001ms
[33.812s][info][gc,phases   ] GC(333) Concurrent Process Non-Strong References 0.790ms
[33.812s][info][gc,phases   ] GC(333) Concurrent Reset Relocation Set 0.003ms
[33.816s][info][gc,phases   ] GC(333) Concurrent Select Relocation Set 3.769ms
[33.816s][info][gc,phases   ] GC(333) Pause Relocate Start 0.004ms
[33.819s][info][gc,phases   ] GC(333) Concurrent Relocate 2.819ms
[33.819s][info][gc,load     ] GC(333) Load: 0.00/0.00/0.00
[33.819s][info][gc,mmu      ] GC(333) MMU: 2ms/98.6%, 5ms/99.5%, 10ms/99.6%, 20ms/99.8%, 50ms/99.9%, 100ms/99.9%
[33.819s][info][gc,marking  ] GC(333) Mark: 4 stripe(s), 2 proactive flush(es), 1 terminate flush(es), 0 completion(s), 0 continuation(s) 
[33.819s][info][gc,marking  ] GC(333) Mark Stack Usage: 32M
[33.819s][info][gc,nmethod  ] GC(333) NMethods: 1367 registered, 48 unregistered
[33.819s][info][gc,metaspace] GC(333) Metaspace: 8M used, 8M committed, 1088M reserved
[33.819s][info][gc,ref      ] GC(333) Soft: 174 encountered, 0 discovered, 0 enqueued
[33.819s][info][gc,ref      ] GC(333) Weak: 570 encountered, 130 discovered, 0 enqueued
[33.819s][info][gc,ref      ] GC(333) Final: 0 encountered, 0 discovered, 0 enqueued
[33.819s][info][gc,ref      ] GC(333) Phantom: 21 encountered, 13 discovered, 0 enqueued
[33.819s][info][gc,reloc    ] GC(333) Small Pages: 45 / 90M, Empty: 42M, Relocated: 3M, In-Place: 0
[33.819s][info][gc,reloc    ] GC(333) Medium Pages: 2 / 32M, Empty: 16M, Relocated: 0M, In-Place: 0
[33.819s][info][gc,reloc    ] GC(333) Large Pages: 1 / 4M, Empty: 0M, Relocated: 0M, In-Place: 0
[33.819s][info][gc,reloc    ] GC(333) Forwarding Usage: 1M
[33.819s][info][gc,heap     ] GC(333) Min Capacity: 8M(2%)
[33.819s][info][gc,heap     ] GC(333) Max Capacity: 512M(100%)
[33.820s][info][gc,heap     ] GC(333) Soft Max Capacity: 512M(100%)
[33.820s][info][gc,heap     ] GC(333)                Mark Start          Mark End        Relocate Start      Relocate End           High               Low         
[33.820s][info][gc,heap     ] GC(333)  Capacity:      512M (100%)        512M (100%)        512M (100%)        512M (100%)        512M (100%)        512M (100%)   
[33.820s][info][gc,heap     ] GC(333)      Free:      386M (75%)         384M (75%)         442M (86%)         450M (88%)         450M (88%)         384M (75%)    
[33.820s][info][gc,heap     ] GC(333)      Used:      126M (25%)         128M (25%)          70M (14%)          62M (12%)         128M (25%)          62M (12%)    
[33.820s][info][gc,heap     ] GC(333)      Live:         -                32M (6%)           32M (6%)           32M (6%)             -                  -          
[33.820s][info][gc,heap     ] GC(333) Allocated:         -                 2M (0%)            2M (0%)            2M (0%)             -                  -          
[33.820s][info][gc,heap     ] GC(333)   Garbage:         -                93M (18%)          35M (7%)           27M (5%)             -                  -          
[33.820s][info][gc,heap     ] GC(333) Reclaimed:         -                  -                58M (11%)          66M (13%)            -                  -          
[33.820s][info][gc          ] GC(333) Garbage Collection (Allocation Rate) 126M(25%)->62M(12%)
[33.820s][info][gc,start    ] GC(334) Garbage Collection (System.gc())
[33.820s][info][gc,task     ] GC(334) Using 5 workers
[33.820s][info][gc,phases   ] GC(334) Pause Mark Start 0.005ms
[33.824s][info][gc,phases   ] GC(334) Concurrent Mark 4.414ms
[33.824s][info][gc,phases   ] GC(334) Pause Mark End 0.007ms
[33.824s][info][gc,phases   ] GC(334) Concurrent Mark Free 0.001ms
[33.825s][info][gc,phases   ] GC(334) Concurrent Process Non-Strong References 0.698ms
[33.825s][info][gc,phases   ] GC(334) Concurrent Reset Relocation Set 0.001ms
[33.829s][info][gc,phases   ] GC(334) Concurrent Select Relocation Set 3.506ms
[33.829s][info][gc,phases   ] GC(334) Pause Relocate Start 0.004ms
[33.831s][info][gc,phases   ] GC(334) Concurrent Relocate 1.784ms
[33.831s][info][gc,load     ] GC(334) Load: 0.00/0.00/0.00
[33.831s][info][gc,mmu      ] GC(334) MMU: 2ms/98.6%, 5ms/99.5%, 10ms/99.6%, 20ms/99.8%, 50ms/99.9%, 100ms/99.9%
[33.831s][info][gc,marking  ] GC(334) Mark: 4 stripe(s), 1 proactive flush(es), 1 terminate flush(es), 0 completion(s), 0 continuation(s) 
[33.831s][info][gc,marking  ] GC(334) Mark Stack Usage: 32M
[33.831s][info][gc,nmethod  ] GC(334) NMethods: 1367 registered, 48 unregistered
[33.831s][info][gc,metaspace] GC(334) Metaspace: 8M used, 8M committed, 1088M reserved
[33.831s][info][gc,ref      ] GC(334) Soft: 174 encountered, 0 discovered, 0 enqueued
[33.831s][info][gc,ref      ] GC(334) Weak: 570 encountered, 37 discovered, 0 enqueued
[33.831s][info][gc,ref      ] GC(334) Final: 0 encountered, 0 discovered, 0 enqueued
[33.831s][info][gc,ref      ] GC(334) Phantom: 21 encountered, 18 discovered, 0 enqueued
[33.831s][info][gc,reloc    ] GC(334) Small Pages: 21 / 42M, Empty: 24M, Relocated: 1M, In-Place: 0
[33.831s][info][gc,reloc    ] GC(334) Medium Pages: 1 / 16M, Empty: 16M, Relocated: 0M, In-Place: 0
[33.831s][info][gc,reloc    ] GC(334) Large Pages: 1 / 4M, Empty: 4M, Relocated: 0M, In-Place: 0
[33.831s][info][gc,reloc    ] GC(334) Forwarding Usage: 0M
[33.831s][info][gc,heap     ] GC(334) Min Capacity: 8M(2%)
[33.831s][info][gc,heap     ] GC(334) Max Capacity: 512M(100%)
[33.831s][info][gc,heap     ] GC(334) Soft Max Capacity: 512M(100%)
[33.831s][info][gc,heap     ] GC(334)                Mark Start          Mark End        Relocate Start      Relocate End           High               Low         
[33.831s][info][gc,heap     ] GC(334)  Capacity:      512M (100%)        512M (100%)        512M (100%)        512M (100%)        512M (100%)        512M (100%)   
[33.831s][info][gc,heap     ] GC(334)      Free:      450M (88%)         450M (88%)         494M (96%)         498M (97%)         498M (97%)         450M (88%)    
[33.831s][info][gc,heap     ] GC(334)      Used:       62M (12%)          62M (12%)          18M (4%)           14M (3%)           62M (12%)          14M (3%)     
[33.831s][info][gc,heap     ] GC(334)      Live:         -                 4M (1%)            4M (1%)            4M (1%)             -                  -          
[33.831s][info][gc,heap     ] GC(334) Allocated:         -                 0M (0%)            0M (0%)            0M (0%)             -                  -          
[33.831s][info][gc,heap     ] GC(334)   Garbage:         -                57M (11%)          13M (3%)            9M (2%)             -                  -          
[33.831s][info][gc,heap     ] GC(334) Reclaimed:         -                  -                44M (9%)           48M (9%)             -                  -          
[33.831s][info][gc          ] GC(334) Garbage Collection (System.gc()) 62M(12%)->14M(3%)
[33.880s][info][gc,start    ] GC(335) Garbage Collection (Allocation Rate)
[33.880s][info][gc,task     ] GC(335) Using 5 workers
[33.880s][info][gc,phases   ] GC(335) Pause Mark Start 0.011ms
[33.887s][info][gc,phases   ] GC(335) Concurrent Mark 6.709ms
[33.887s][info][gc,phases   ] GC(335) Pause Mark End 0.012ms
[33.887s][info][gc,phases   ] GC(335) Concurrent Mark Free 0.001ms
[33.889s][info][gc,phases   ] GC(335) Concurrent Process Non-Strong References 1.143ms
[33.889s][info][gc,phases   ] GC(335) Concurrent Reset Relocation Set 0.002ms
[33.893s][info][gc,phases   ] GC(335) Concurrent Select Relocation Set 4.640ms
[33.893s][info][gc,phases   ] GC(335) Pause Relocate Start 0.006ms
[33.896s][info][gc,phases   ] GC(335) Concurrent Relocate 2.762ms
[33.896s][info][gc,load     ] GC(335) Load: 0.00/0.00/0.00
[33.896s][info][gc,mmu      ] GC(335) MMU: 2ms/98.6%, 5ms/99.5%, 10ms/99.6%, 20ms/99.8%, 50ms/99.9%, 100ms/99.9%
[33.896s][info][gc,marking  ] GC(335) Mark: 4 stripe(s), 2 proactive flush(es), 1 terminate flush(es), 0 completion(s), 0 continuation(s) 
[33.896s][info][gc,marking  ] GC(335) Mark Stack Usage: 32M
[33.896s][info][gc,nmethod  ] GC(335) NMethods: 1371 registered, 48 unregistered
[33.896s][info][gc,metaspace] GC(335) Metaspace: 8M used, 8M committed, 1088M reserved
[33.896s][info][gc,ref      ] GC(335) Soft: 174 encountered, 0 discovered, 0 enqueued
[33.896s][info][gc,ref      ] GC(335) Weak: 570 encountered, 197 discovered, 0 enqueued
[33.896s][info][gc,ref      ] GC(335) Final: 0 encountered, 0 discovered, 0 enqueued
[33.896s][info][gc,ref      ] GC(335) Phantom: 21 encountered, 16 discovered, 0 enqueued
[33.896s][info][gc,reloc    ] GC(335) Small Pages: 53 / 106M, Empty: 80M, Relocated: 1M, In-Place: 0
[33.897s][info][gc,reloc    ] GC(335) Medium Pages: 0 / 0M, Empty: 0M, Relocated: 0M, In-Place: 0
[33.897s][info][gc,reloc    ] GC(335) Large Pages: 0 / 0M, Empty: 0M, Relocated: 0M, In-Place: 0
[33.897s][info][gc,reloc    ] GC(335) Forwarding Usage: 0M
[33.897s][info][gc,heap     ] GC(335) Min Capacity: 8M(2%)
[33.897s][info][gc,heap     ] GC(335) Max Capacity: 512M(100%)
[33.897s][info][gc,heap     ] GC(335) Soft Max Capacity: 512M(100%)
[33.897s][info][gc,heap     ] GC(335)                Mark Start          Mark End        Relocate Start      Relocate End           High               Low         
[33.897s][info][gc,heap     ] GC(335)  Capacity:      512M (100%)        512M (100%)        512M (100%)        512M (100%)        512M (100%)        512M (100%)   
[33.897s][info][gc,heap     ] GC(335)      Free:      406M (79%)         390M (76%)         452M (88%)         458M (89%)         462M (90%)         376M (73%)    
[33.897s][info][gc,heap     ] GC(335)      Used:      106M (21%)         122M (24%)          60M (12%)          54M (11%)         136M (27%)          50M (10%)    
[33.897s][info][gc,heap     ] GC(335)      Live:         -                 4M (1%)            4M (1%)            4M (1%)             -                  -          
[33.897s][info][gc,heap     ] GC(335) Allocated:         -                16M (3%)           34M (7%)           39M (8%)             -                  -          
[33.897s][info][gc,heap     ] GC(335)   Garbage:         -               101M (20%)          21M (4%)            9M (2%)             -                  -          
[33.897s][info][gc,heap     ] GC(335) Reclaimed:         -                  -                80M (16%)          91M (18%)            -                  -          
[33.897s][info][gc          ] GC(335) Garbage Collection (Allocation Rate) 106M(21%)->54M(11%)
[33.980s][info][gc,start    ] GC(336) Garbage Collection (Allocation Rate)
[33.980s][info][gc,task     ] GC(336) Using 5 workers
[33.980s][info][gc,phases   ] GC(336) Pause Mark Start 0.013ms
[33.988s][info][gc,phases   ] GC(336) Concurrent Mark 7.665ms
[33.988s][info][gc,phases   ] GC(336) Pause Mark End 0.013ms
[33.988s][info][gc,phases   ] GC(336) Concurrent Mark Free 0.001ms
[33.989s][info][gc,phases   ] GC(336) Concurrent Process Non-Strong References 1.183ms
[33.989s][info][gc,phases   ] GC(336) Concurrent Reset Relocation Set 0.002ms
[33.993s][info][gc,phases   ] GC(336) Concurrent Select Relocation Set 3.637ms
[33.993s][info][gc,phases   ] GC(336) Pause Relocate Start 0.007ms
[33.994s][info][gc,phases   ] GC(336) Concurrent Relocate 0.991ms
[33.994s][info][gc,load     ] GC(336) Load: 0.00/0.00/0.00
[33.994s][info][gc,mmu      ] GC(336) MMU: 2ms/98.6%, 5ms/99.5%, 10ms/99.6%, 20ms/99.8%, 50ms/99.9%, 100ms/99.9%
[33.994s][info][gc,marking  ] GC(336) Mark: 4 stripe(s), 2 proactive flush(es), 1 terminate flush(es), 0 completion(s), 0 continuation(s) 
[33.994s][info][gc,marking  ] GC(336) Mark Stack Usage: 32M
[33.994s][info][gc,nmethod  ] GC(336) NMethods: 1371 registered, 48 unregistered
[33.995s][info][gc,metaspace] GC(336) Metaspace: 8M used, 8M committed, 1088M reserved
[33.995s][info][gc,ref      ] GC(336) Soft: 174 encountered, 0 discovered, 0 enqueued
[33.995s][info][gc,ref      ] GC(336) Weak: 570 encountered, 145 discovered, 0 enqueued
[33.995s][info][gc,ref      ] GC(336) Final: 0 encountered, 0 discovered, 0 enqueued
[33.995s][info][gc,ref      ] GC(336) Phantom: 21 encountered, 19 discovered, 0 enqueued
[33.995s][info][gc,reloc    ] GC(336) Small Pages: 138 / 276M, Empty: 240M, Relocated: 1M, In-Place: 0
[33.995s][info][gc,reloc    ] GC(336) Medium Pages: 0 / 0M, Empty: 0M, Relocated: 0M, In-Place: 0
[33.995s][info][gc,reloc    ] GC(336) Large Pages: 0 / 0M, Empty: 0M, Relocated: 0M, In-Place: 0
[33.995s][info][gc,reloc    ] GC(336) Forwarding Usage: 0M
[33.995s][info][gc,heap     ] GC(336) Min Capacity: 8M(2%)
[33.995s][info][gc,heap     ] GC(336) Max Capacity: 512M(100%)
[33.995s][info][gc,heap     ] GC(336) Soft Max Capacity: 512M(100%)
[33.995s][info][gc,heap     ] GC(336)                Mark Start          Mark End        Relocate Start      Relocate End           High               Low         
[33.995s][info][gc,heap     ] GC(336)  Capacity:      512M (100%)        512M (100%)        512M (100%)        512M (100%)        512M (100%)        512M (100%)   
[33.995s][info][gc,heap     ] GC(336)      Free:      236M (46%)         216M (42%)         452M (88%)         470M (92%)         470M (92%)         216M (42%)    
[33.995s][info][gc,heap     ] GC(336)      Used:      276M (54%)         296M (58%)          60M (12%)          42M (8%)          296M (58%)          42M (8%)     
[33.995s][info][gc,heap     ] GC(336)      Live:         -                 5M (1%)            5M (1%)            5M (1%)             -                  -          
[33.995s][info][gc,heap     ] GC(336) Allocated:         -                20M (4%)           24M (5%)           25M (5%)             -                  -          
[33.995s][info][gc,heap     ] GC(336)   Garbage:         -               270M (53%)          30M (6%)           10M (2%)             -                  -          
[33.995s][info][gc,heap     ] GC(336) Reclaimed:         -                  -               240M (47%)         259M (51%)            -                  -          
[33.995s][info][gc          ] GC(336) Garbage Collection (Allocation Rate) 276M(54%)->42M(8%)
[34.080s][info][gc,start    ] GC(337) Garbage Collection (Allocation Rate)
[34.080s][info][gc,task     ] GC(337) Using 5 workers
[34.080s][info][gc,phases   ] GC(337) Pause Mark Start 0.012ms
[34.088s][info][gc,phases   ] GC(337) Concurrent Mark 7.717ms
[34.088s][info][gc,phases   ] GC(337) Pause Mark End 0.012ms
[34.088s][info][gc,phases   ] GC(337) Concurrent Mark Free 0.001ms
[34.089s][info][gc,phases   ] GC(337) Concurrent Process Non-Strong References 1.122ms
[34.089s][info][gc,phases   ] GC(337) Concurrent Reset Relocation Set 0.004ms
[34.094s][info][gc,phases   ] GC(337) Concurrent Select Relocation Set 4.731ms
[34.094s][info][gc,phases   ] GC(337) Pause Relocate Start 0.006ms
[34.097s][info][gc,phases   ] GC(337) Concurrent Relocate 3.211ms
[34.097s][info][gc,load     ] GC(337) Load: 0.00/0.00/0.00
[34.097s][info][gc,mmu      ] GC(337) MMU: 2ms/98.6%, 5ms/99.5%, 10ms/99.6%, 20ms/99.8%, 50ms/99.9%, 100ms/99.9%
[34.098s][info][gc,marking  ] GC(337) Mark: 4 stripe(s), 2 proactive flush(es), 1 terminate flush(es), 0 completion(s), 0 continuation(s) 
[34.098s][info][gc,marking  ] GC(337) Mark Stack Usage: 32M
[34.098s][info][gc,nmethod  ] GC(337) NMethods: 1371 registered, 48 unregistered
[34.098s][info][gc,metaspace] GC(337) Metaspace: 8M used, 8M committed, 1088M reserved
[34.098s][info][gc,ref      ] GC(337) Soft: 174 encountered, 0 discovered, 0 enqueued
[34.098s][info][gc,ref      ] GC(337) Weak: 570 encountered, 215 discovered, 0 enqueued
[34.098s][info][gc,ref      ] GC(337) Final: 0 encountered, 0 discovered, 0 enqueued
[34.098s][info][gc,ref      ] GC(337) Phantom: 21 encountered, 18 discovered, 0 enqueued
[34.098s][info][gc,reloc    ] GC(337) Small Pages: 134 / 268M, Empty: 240M, Relocated: 2M, In-Place: 0
[34.098s][info][gc,reloc    ] GC(337) Medium Pages: 0 / 0M, Empty: 0M, Relocated: 0M, In-Place: 0
[34.098s][info][gc,reloc    ] GC(337) Large Pages: 0 / 0M, Empty: 0M, Relocated: 0M, In-Place: 0
[34.098s][info][gc,reloc    ] GC(337) Forwarding Usage: 1M
[34.098s][info][gc,heap     ] GC(337) Min Capacity: 8M(2%)
[34.098s][info][gc,heap     ] GC(337) Max Capacity: 512M(100%)
[34.098s][info][gc,heap     ] GC(337) Soft Max Capacity: 512M(100%)
[34.098s][info][gc,heap     ] GC(337)                Mark Start          Mark End        Relocate Start      Relocate End           High               Low         
[34.098s][info][gc,heap     ] GC(337)  Capacity:      512M (100%)        512M (100%)        512M (100%)        512M (100%)        512M (100%)        512M (100%)   
[34.098s][info][gc,heap     ] GC(337)      Free:      244M (48%)         224M (44%)         448M (88%)         454M (89%)         458M (89%)         222M (43%)    
[34.098s][info][gc,heap     ] GC(337)      Used:      268M (52%)         288M (56%)          64M (13%)          58M (11%)         290M (57%)          54M (11%)    
[34.098s][info][gc,heap     ] GC(337)      Live:         -                 6M (1%)            6M (1%)            6M (1%)             -                  -          
[34.098s][info][gc,heap     ] GC(337) Allocated:         -                20M (4%)           36M (7%)           43M (9%)             -                  -          
[34.098s][info][gc,heap     ] GC(337)   Garbage:         -               261M (51%)          21M (4%)            7M (2%)             -                  -          
[34.098s][info][gc,heap     ] GC(337) Reclaimed:         -                  -               240M (47%)         253M (50%)            -                  -          
[34.098s][info][gc          ] GC(337) Garbage Collection (Allocation Rate) 268M(52%)->58M(11%)
[34.181s][info][gc,start    ] GC(338) Garbage Collection (Allocation Rate)
[34.181s][info][gc,task     ] GC(338) Using 5 workers
[34.181s][info][gc,phases   ] GC(338) Pause Mark Start 0.016ms
[34.190s][info][gc,phases   ] GC(338) Concurrent Mark 8.637ms
[34.190s][info][gc,phases   ] GC(338) Pause Mark End 0.013ms
[34.190s][info][gc,phases   ] GC(338) Concurrent Mark Free 0.001ms
[34.191s][info][gc,phases   ] GC(338) Concurrent Process Non-Strong References 0.995ms
[34.191s][info][gc,phases   ] GC(338) Concurrent Reset Relocation Set 0.003ms
[34.197s][info][gc,phases   ] GC(338) Concurrent Select Relocation Set 5.765ms
[34.197s][info][gc,phases   ] GC(338) Pause Relocate Start 0.006ms
[34.200s][info][gc,phases   ] GC(338) Concurrent Relocate 2.641ms
[34.200s][info][gc,load     ] GC(338) Load: 0.00/0.00/0.00
[34.200s][info][gc,mmu      ] GC(338) MMU: 2ms/98.6%, 5ms/99.5%, 10ms/99.6%, 20ms/99.8%, 50ms/99.9%, 100ms/99.9%
[34.200s][info][gc,marking  ] GC(338) Mark: 4 stripe(s), 2 proactive flush(es), 1 terminate flush(es), 0 completion(s), 0 continuation(s) 
[34.200s][info][gc,marking  ] GC(338) Mark Stack Usage: 32M
[34.200s][info][gc,nmethod  ] GC(338) NMethods: 1371 registered, 48 unregistered
[34.200s][info][gc,metaspace] GC(338) Metaspace: 8M used, 8M committed, 1088M reserved
[34.200s][info][gc,ref      ] GC(338) Soft: 174 encountered, 0 discovered, 0 enqueued
[34.200s][info][gc,ref      ] GC(338) Weak: 570 encountered, 36 discovered, 0 enqueued
[34.200s][info][gc,ref      ] GC(338) Final: 0 encountered, 0 discovered, 0 enqueued
[34.200s][info][gc,ref      ] GC(338) Phantom: 21 encountered, 18 discovered, 0 enqueued
[34.200s][info][gc,reloc    ] GC(338) Small Pages: 111 / 222M, Empty: 192M, Relocated: 3M, In-Place: 0
[34.200s][info][gc,reloc    ] GC(338) Medium Pages: 1 / 16M, Empty: 0M, Relocated: 0M, In-Place: 0
[34.200s][info][gc,reloc    ] GC(338) Large Pages: 0 / 0M, Empty: 0M, Relocated: 0M, In-Place: 0
[34.200s][info][gc,reloc    ] GC(338) Forwarding Usage: 1M
[34.200s][info][gc,heap     ] GC(338) Min Capacity: 8M(2%)
[34.200s][info][gc,heap     ] GC(338) Max Capacity: 512M(100%)
[34.200s][info][gc,heap     ] GC(338) Soft Max Capacity: 512M(100%)
[34.200s][info][gc,heap     ] GC(338)                Mark Start          Mark End        Relocate Start      Relocate End           High               Low         
[34.200s][info][gc,heap     ] GC(338)  Capacity:      512M (100%)        512M (100%)        512M (100%)        512M (100%)        512M (100%)        512M (100%)   
[34.200s][info][gc,heap     ] GC(338)      Free:      274M (54%)         264M (52%)         450M (88%)         462M (90%)         462M (90%)         264M (52%)    
[34.200s][info][gc,heap     ] GC(338)      Used:      238M (46%)         248M (48%)          62M (12%)          50M (10%)         248M (48%)          50M (10%)    
[34.200s][info][gc,heap     ] GC(338)      Live:         -                 6M (1%)            6M (1%)            6M (1%)             -                  -          
[34.200s][info][gc,heap     ] GC(338) Allocated:         -                10M (2%)           16M (3%)           20M (4%)             -                  -          
[34.200s][info][gc,heap     ] GC(338)   Garbage:         -               231M (45%)          39M (8%)           23M (5%)             -                  -          
[34.200s][info][gc,heap     ] GC(338) Reclaimed:         -                  -               192M (38%)         208M (41%)            -                  -          
[34.200s][info][gc          ] GC(338) Garbage Collection (Allocation Rate) 238M(46%)->50M(10%)
[34.281s][info][gc,start    ] GC(339) Garbage Collection (Allocation Rate)
[34.281s][info][gc,task     ] GC(339) Using 5 workers
[34.281s][info][gc,phases   ] GC(339) Pause Mark Start 0.015ms
[34.292s][info][gc,phases   ] GC(339) Concurrent Mark 10.634ms
[34.292s][info][gc,phases   ] GC(339) Pause Mark End 0.013ms
[34.292s][info][gc,phases   ] GC(339) Concurrent Mark Free 0.002ms
[34.293s][info][gc,phases   ] GC(339) Concurrent Process Non-Strong References 1.192ms
[34.293s][info][gc,phases   ] GC(339) Concurrent Reset Relocation Set 0.002ms
[34.296s][info][gc,phases   ] GC(339) Concurrent Select Relocation Set 2.900ms
[34.296s][info][gc,phases   ] GC(339) Pause Relocate Start 0.006ms
[34.299s][info][gc,phases   ] GC(339) Concurrent Relocate 2.689ms
[34.299s][info][gc,load     ] GC(339) Load: 0.00/0.00/0.00
[34.299s][info][gc,mmu      ] GC(339) MMU: 2ms/98.6%, 5ms/99.5%, 10ms/99.6%, 20ms/99.8%, 50ms/99.9%, 100ms/99.9%
[34.299s][info][gc,marking  ] GC(339) Mark: 4 stripe(s), 2 proactive flush(es), 1 terminate flush(es), 0 completion(s), 0 continuation(s) 
[34.299s][info][gc,marking  ] GC(339) Mark Stack Usage: 32M
[34.299s][info][gc,nmethod  ] GC(339) NMethods: 1371 registered, 48 unregistered
[34.299s][info][gc,metaspace] GC(339) Metaspace: 8M used, 8M committed, 1088M reserved
[34.299s][info][gc,ref      ] GC(339) Soft: 174 encountered, 0 discovered, 0 enqueued
[34.299s][info][gc,ref      ] GC(339) Weak: 570 encountered, 202 discovered, 0 enqueued
[34.299s][info][gc,ref      ] GC(339) Final: 0 encountered, 0 discovered, 0 enqueued
[34.299s][info][gc,ref      ] GC(339) Phantom: 21 encountered, 10 discovered, 0 enqueued
[34.299s][info][gc,reloc    ] GC(339) Small Pages: 119 / 238M, Empty: 206M, Relocated: 2M, In-Place: 0
[34.299s][info][gc,reloc    ] GC(339) Medium Pages: 1 / 16M, Empty: 0M, Relocated: 0M, In-Place: 0
[34.299s][info][gc,reloc    ] GC(339) Large Pages: 0 / 0M, Empty: 0M, Relocated: 0M, In-Place: 0
[34.299s][info][gc,reloc    ] GC(339) Forwarding Usage: 1M
[34.299s][info][gc,heap     ] GC(339) Min Capacity: 8M(2%)
[34.299s][info][gc,heap     ] GC(339) Max Capacity: 512M(100%)
[34.299s][info][gc,heap     ] GC(339) Soft Max Capacity: 512M(100%)
[34.299s][info][gc,heap     ] GC(339)                Mark Start          Mark End        Relocate Start      Relocate End           High               Low         
[34.299s][info][gc,heap     ] GC(339)  Capacity:      512M (100%)        512M (100%)        512M (100%)        512M (100%)        512M (100%)        512M (100%)   
[34.299s][info][gc,heap     ] GC(339)      Free:      258M (50%)         234M (46%)         428M (84%)         436M (85%)         438M (86%)         230M (45%)    
[34.299s][info][gc,heap     ] GC(339)      Used:      254M (50%)         278M (54%)          84M (16%)          76M (15%)         282M (55%)          74M (14%)    
[34.299s][info][gc,heap     ] GC(339)      Live:         -                 7M (1%)            7M (1%)            7M (1%)             -                  -          
[34.299s][info][gc,heap     ] GC(339) Allocated:         -                24M (5%)           36M (7%)           43M (9%)             -                  -          
[34.299s][info][gc,heap     ] GC(339)   Garbage:         -               246M (48%)          40M (8%)           24M (5%)             -                  -          
[34.299s][info][gc,heap     ] GC(339) Reclaimed:         -                  -               206M (40%)         221M (43%)            -                  -          
[34.299s][info][gc          ] GC(339) Garbage Collection (Allocation Rate) 254M(50%)->76M(15%)
[34.380s][info][gc,start    ] GC(340) Garbage Collection (Allocation Rate)
[34.381s][info][gc,task     ] GC(340) Using 5 workers
[34.381s][info][gc,phases   ] GC(340) Pause Mark Start 0.014ms
[34.389s][info][gc,phases   ] GC(340) Concurrent Mark 8.644ms
[34.389s][info][gc,phases   ] GC(340) Pause Mark End 0.014ms
[34.390s][info][gc,phases   ] GC(340) Concurrent Mark Free 0.001ms
[34.390s][info][gc,phases   ] GC(340) Concurrent Process Non-Strong References 0.816ms
[34.390s][info][gc,phases   ] GC(340) Concurrent Reset Relocation Set 0.002ms
[34.396s][info][gc,phases   ] GC(340) Concurrent Select Relocation Set 5.960ms
[34.397s][info][gc,phases   ] GC(340) Pause Relocate Start 0.005ms
[34.399s][info][gc,phases   ] GC(340) Concurrent Relocate 2.528ms
[34.399s][info][gc,load     ] GC(340) Load: 0.00/0.00/0.00
[34.399s][info][gc,mmu      ] GC(340) MMU: 2ms/98.6%, 5ms/99.5%, 10ms/99.6%, 20ms/99.8%, 50ms/99.9%, 100ms/99.9%
[34.399s][info][gc,marking  ] GC(340) Mark: 4 stripe(s), 2 proactive flush(es), 1 terminate flush(es), 0 completion(s), 0 continuation(s) 
[34.399s][info][gc,marking  ] GC(340) Mark Stack Usage: 32M
[34.399s][info][gc,nmethod  ] GC(340) NMethods: 1371 registered, 48 unregistered
[34.399s][info][gc,metaspace] GC(340) Metaspace: 8M used, 8M committed, 1088M reserved
[34.399s][info][gc,ref      ] GC(340) Soft: 174 encountered, 0 discovered, 0 enqueued
[34.399s][info][gc,ref      ] GC(340) Weak: 570 encountered, 188 discovered, 0 enqueued
[34.399s][info][gc,ref      ] GC(340) Final: 0 encountered, 0 discovered, 0 enqueued
[34.399s][info][gc,ref      ] GC(340) Phantom: 21 encountered, 13 discovered, 0 enqueued
[34.399s][info][gc,reloc    ] GC(340) Small Pages: 129 / 258M, Empty: 228M, Relocated: 3M, In-Place: 0
[34.400s][info][gc,reloc    ] GC(340) Medium Pages: 1 / 16M, Empty: 0M, Relocated: 0M, In-Place: 0
[34.400s][info][gc,reloc    ] GC(340) Large Pages: 0 / 0M, Empty: 0M, Relocated: 0M, In-Place: 0
[34.400s][info][gc,reloc    ] GC(340) Forwarding Usage: 1M
[34.400s][info][gc,heap     ] GC(340) Min Capacity: 8M(2%)
[34.400s][info][gc,heap     ] GC(340) Max Capacity: 512M(100%)
[34.400s][info][gc,heap     ] GC(340) Soft Max Capacity: 512M(100%)
[34.400s][info][gc,heap     ] GC(340)                Mark Start          Mark End        Relocate Start      Relocate End           High               Low         
[34.400s][info][gc,heap     ] GC(340)  Capacity:      512M (100%)        512M (100%)        512M (100%)        512M (100%)        512M (100%)        512M (100%)   
[34.400s][info][gc,heap     ] GC(340)      Free:      238M (46%)         214M (42%)         426M (83%)         432M (84%)         434M (85%)         212M (41%)    
[34.400s][info][gc,heap     ] GC(340)      Used:      274M (54%)         298M (58%)          86M (17%)          80M (16%)         300M (59%)          78M (15%)    
[34.400s][info][gc,heap     ] GC(340)      Live:         -                 7M (2%)            7M (2%)            7M (2%)             -                  -          
[34.400s][info][gc,heap     ] GC(340) Allocated:         -                24M (5%)           40M (8%)           47M (9%)             -                  -          
[34.400s][info][gc,heap     ] GC(340)   Garbage:         -               266M (52%)          38M (7%)           24M (5%)             -                  -          
[34.400s][info][gc,heap     ] GC(340) Reclaimed:         -                  -               228M (45%)         241M (47%)            -                  -          
[34.400s][info][gc          ] GC(340) Garbage Collection (Allocation Rate) 274M(54%)->80M(16%)
[34.480s][info][gc,start    ] GC(341) Garbage Collection (Allocation Rate)
[34.480s][info][gc,task     ] GC(341) Using 4 workers
[34.480s][info][gc,phases   ] GC(341) Pause Mark Start 0.010ms
[34.491s][info][gc,phases   ] GC(341) Concurrent Mark 10.690ms
[34.491s][info][gc,phases   ] GC(341) Pause Mark End 0.009ms
[34.491s][info][gc,phases   ] GC(341) Concurrent Mark Free 0.001ms
[34.492s][info][gc,phases   ] GC(341) Concurrent Process Non-Strong References 0.918ms
[34.492s][info][gc,phases   ] GC(341) Concurrent Reset Relocation Set 0.002ms
[34.499s][info][gc,phases   ] GC(341) Concurrent Select Relocation Set 6.229ms
[34.499s][info][gc,phases   ] GC(341) Pause Relocate Start 0.005ms
[34.502s][info][gc,phases   ] GC(341) Concurrent Relocate 3.653ms
[34.502s][info][gc,load     ] GC(341) Load: 0.00/0.00/0.00
[34.502s][info][gc,mmu      ] GC(341) MMU: 2ms/98.6%, 5ms/99.5%, 10ms/99.6%, 20ms/99.8%, 50ms/99.9%, 100ms/99.9%
[34.503s][info][gc,marking  ] GC(341) Mark: 4 stripe(s), 2 proactive flush(es), 1 terminate flush(es), 0 completion(s), 0 continuation(s) 
[34.503s][info][gc,marking  ] GC(341) Mark Stack Usage: 32M
[34.503s][info][gc,nmethod  ] GC(341) NMethods: 1371 registered, 48 unregistered
[34.503s][info][gc,metaspace] GC(341) Metaspace: 8M used, 8M committed, 1088M reserved
[34.503s][info][gc,ref      ] GC(341) Soft: 174 encountered, 0 discovered, 0 enqueued
[34.503s][info][gc,ref      ] GC(341) Weak: 570 encountered, 272 discovered, 0 enqueued
[34.503s][info][gc,ref      ] GC(341) Final: 0 encountered, 0 discovered, 0 enqueued
[34.503s][info][gc,ref      ] GC(341) Phantom: 21 encountered, 18 discovered, 0 enqueued
[34.503s][info][gc,reloc    ] GC(341) Small Pages: 142 / 284M, Empty: 250M, Relocated: 5M, In-Place: 0
[34.503s][info][gc,reloc    ] GC(341) Medium Pages: 1 / 16M, Empty: 0M, Relocated: 0M, In-Place: 0
[34.503s][info][gc,reloc    ] GC(341) Large Pages: 0 / 0M, Empty: 0M, Relocated: 0M, In-Place: 0
[34.503s][info][gc,reloc    ] GC(341) Forwarding Usage: 2M
[34.503s][info][gc,heap     ] GC(341) Min Capacity: 8M(2%)
[34.503s][info][gc,heap     ] GC(341) Max Capacity: 512M(100%)
[34.503s][info][gc,heap     ] GC(341) Soft Max Capacity: 512M(100%)
[34.503s][info][gc,heap     ] GC(341)                Mark Start          Mark End        Relocate Start      Relocate End           High               Low         
[34.503s][info][gc,heap     ] GC(341)  Capacity:      512M (100%)        512M (100%)        512M (100%)        512M (100%)        512M (100%)        512M (100%)   
[34.503s][info][gc,heap     ] GC(341)      Free:      212M (41%)         182M (36%)         414M (81%)         426M (83%)         426M (83%)         182M (36%)    
[34.503s][info][gc,heap     ] GC(341)      Used:      300M (59%)         330M (64%)          98M (19%)          86M (17%)         330M (64%)          86M (17%)    
[34.503s][info][gc,heap     ] GC(341)      Live:         -                 8M (2%)            8M (2%)            8M (2%)             -                  -          
[34.503s][info][gc,heap     ] GC(341) Allocated:         -                30M (6%)           48M (9%)           57M (11%)            -                  -          
[34.503s][info][gc,heap     ] GC(341)   Garbage:         -               291M (57%)          41M (8%)           19M (4%)             -                  -          
[34.503s][info][gc,heap     ] GC(341) Reclaimed:         -                  -               250M (49%)         271M (53%)            -                  -          
[34.503s][info][gc          ] GC(341) Garbage Collection (Allocation Rate) 300M(59%)->86M(17%)
[34.579s][info][gc,start    ] GC(342) Garbage Collection (Allocation Rate)
[34.580s][info][gc,task     ] GC(342) Using 4 workers
[34.580s][info][gc,phases   ] GC(342) Pause Mark Start 0.016ms
[34.593s][info][gc,phases   ] GC(342) Concurrent Mark 13.595ms
[34.594s][info][gc,phases   ] GC(342) Pause Mark End 0.015ms
[34.594s][info][gc,phases   ] GC(342) Concurrent Mark Free 0.001ms
[34.595s][info][gc,phases   ] GC(342) Concurrent Process Non-Strong References 1.117ms
[34.595s][info][gc,phases   ] GC(342) Concurrent Reset Relocation Set 0.004ms
[34.599s][info][gc,phases   ] GC(342) Concurrent Select Relocation Set 4.278ms
[34.599s][info][gc,phases   ] GC(342) Pause Relocate Start 0.006ms
[34.602s][info][gc,phases   ] GC(342) Concurrent Relocate 2.687ms
[34.602s][info][gc,load     ] GC(342) Load: 0.00/0.00/0.00
[34.602s][info][gc,mmu      ] GC(342) MMU: 2ms/98.6%, 5ms/99.5%, 10ms/99.6%, 20ms/99.8%, 50ms/99.9%, 100ms/99.9%
[34.602s][info][gc,marking  ] GC(342) Mark: 4 stripe(s), 2 proactive flush(es), 1 terminate flush(es), 0 completion(s), 0 continuation(s) 
[34.602s][info][gc,marking  ] GC(342) Mark Stack Usage: 32M
[34.602s][info][gc,nmethod  ] GC(342) NMethods: 1371 registered, 48 unregistered
[34.602s][info][gc,metaspace] GC(342) Metaspace: 8M used, 8M committed, 1088M reserved
[34.602s][info][gc,ref      ] GC(342) Soft: 174 encountered, 0 discovered, 0 enqueued
[34.602s][info][gc,ref      ] GC(342) Weak: 570 encountered, 134 discovered, 0 enqueued
[34.602s][info][gc,ref      ] GC(342) Final: 0 encountered, 0 discovered, 0 enqueued
[34.602s][info][gc,ref      ] GC(342) Phantom: 21 encountered, 14 discovered, 0 enqueued
[34.602s][info][gc,reloc    ] GC(342) Small Pages: 106 / 212M, Empty: 186M, Relocated: 1M, In-Place: 0
[34.602s][info][gc,reloc    ] GC(342) Medium Pages: 2 / 32M, Empty: 16M, Relocated: 0M, In-Place: 0
[34.602s][info][gc,reloc    ] GC(342) Large Pages: 0 / 0M, Empty: 0M, Relocated: 0M, In-Place: 0
[34.602s][info][gc,reloc    ] GC(342) Forwarding Usage: 0M
[34.602s][info][gc,heap     ] GC(342) Min Capacity: 8M(2%)
[34.602s][info][gc,heap     ] GC(342) Max Capacity: 512M(100%)
[34.603s][info][gc,heap     ] GC(342) Soft Max Capacity: 512M(100%)
[34.603s][info][gc,heap     ] GC(342)                Mark Start          Mark End        Relocate Start      Relocate End           High               Low         
[34.603s][info][gc,heap     ] GC(342)  Capacity:      512M (100%)        512M (100%)        512M (100%)        512M (100%)        512M (100%)        512M (100%)   
[34.603s][info][gc,heap     ] GC(342)      Free:      268M (52%)         232M (45%)         420M (82%)         420M (82%)         424M (83%)         228M (45%)    
[34.603s][info][gc,heap     ] GC(342)      Used:      244M (48%)         280M (55%)          92M (18%)          92M (18%)         284M (55%)          88M (17%)    
[34.603s][info][gc,heap     ] GC(342)      Live:         -                 9M (2%)            9M (2%)            9M (2%)             -                  -          
[34.603s][info][gc,heap     ] GC(342) Allocated:         -                36M (7%)           50M (10%)          57M (11%)            -                  -          
[34.603s][info][gc,heap     ] GC(342)   Garbage:         -               234M (46%)          32M (6%)           24M (5%)             -                  -          
[34.603s][info][gc,heap     ] GC(342) Reclaimed:         -                  -               202M (39%)         209M (41%)            -                  -          
[34.603s][info][gc          ] GC(342) Garbage Collection (Allocation Rate) 244M(48%)->92M(18%)
[34.680s][info][gc,start    ] GC(343) Garbage Collection (Allocation Rate)
[34.680s][info][gc,task     ] GC(343) Using 4 workers
[34.681s][info][gc,phases   ] GC(343) Pause Mark Start 0.013ms
[34.706s][info][gc,phases   ] GC(343) Concurrent Mark 25.467ms
[34.706s][info][gc,phases   ] GC(343) Pause Mark End 0.015ms
[34.706s][info][gc,phases   ] GC(343) Concurrent Mark Free 0.001ms
[34.708s][info][gc,phases   ] GC(343) Concurrent Process Non-Strong References 1.417ms
[34.708s][info][gc,phases   ] GC(343) Concurrent Reset Relocation Set 0.001ms
[34.713s][info][gc,phases   ] GC(343) Concurrent Select Relocation Set 5.336ms
[34.713s][info][gc,phases   ] GC(343) Pause Relocate Start 0.005ms
[34.718s][info][gc,phases   ] GC(343) Concurrent Relocate 4.833ms
[34.718s][info][gc,load     ] GC(343) Load: 0.00/0.00/0.00
[34.718s][info][gc,mmu      ] GC(343) MMU: 2ms/98.6%, 5ms/99.5%, 10ms/99.6%, 20ms/99.8%, 50ms/99.9%, 100ms/99.9%
[34.718s][info][gc,marking  ] GC(343) Mark: 4 stripe(s), 2 proactive flush(es), 1 terminate flush(es), 0 completion(s), 0 continuation(s) 
[34.718s][info][gc,marking  ] GC(343) Mark Stack Usage: 32M
[34.718s][info][gc,nmethod  ] GC(343) NMethods: 1371 registered, 48 unregistered
[34.718s][info][gc,metaspace] GC(343) Metaspace: 8M used, 8M committed, 1088M reserved
[34.718s][info][gc,ref      ] GC(343) Soft: 174 encountered, 0 discovered, 0 enqueued
[34.718s][info][gc,ref      ] GC(343) Weak: 570 encountered, 86 discovered, 0 enqueued
[34.718s][info][gc,ref      ] GC(343) Final: 0 encountered, 0 discovered, 0 enqueued
[34.718s][info][gc,ref      ] GC(343) Phantom: 21 encountered, 11 discovered, 0 enqueued
[34.718s][info][gc,reloc    ] GC(343) Small Pages: 143 / 286M, Empty: 254M, Relocated: 4M, In-Place: 0
[34.718s][info][gc,reloc    ] GC(343) Medium Pages: 1 / 16M, Empty: 0M, Relocated: 0M, In-Place: 0
[34.719s][info][gc,reloc    ] GC(343) Large Pages: 0 / 0M, Empty: 0M, Relocated: 0M, In-Place: 0
[34.719s][info][gc,reloc    ] GC(343) Forwarding Usage: 1M
[34.719s][info][gc,heap     ] GC(343) Min Capacity: 8M(2%)
[34.719s][info][gc,heap     ] GC(343) Max Capacity: 512M(100%)
[34.719s][info][gc,heap     ] GC(343) Soft Max Capacity: 512M(100%)
[34.719s][info][gc,heap     ] GC(343)                Mark Start          Mark End        Relocate Start      Relocate End           High               Low         
[34.719s][info][gc,heap     ] GC(343)  Capacity:      512M (100%)        512M (100%)        512M (100%)        512M (100%)        512M (100%)        512M (100%)   
[34.719s][info][gc,heap     ] GC(343)      Free:      210M (41%)         140M (27%)         374M (73%)         382M (75%)         384M (75%)         136M (27%)    
[34.719s][info][gc,heap     ] GC(343)      Used:      302M (59%)         372M (73%)         138M (27%)         130M (25%)         376M (73%)         128M (25%)    
[34.719s][info][gc,heap     ] GC(343)      Live:         -                10M (2%)           10M (2%)           10M (2%)             -                  -          
[34.719s][info][gc,heap     ] GC(343) Allocated:         -                70M (14%)          90M (18%)          99M (20%)            -                  -          
[34.719s][info][gc,heap     ] GC(343)   Garbage:         -               291M (57%)          37M (7%)           19M (4%)             -                  -          
[34.719s][info][gc,heap     ] GC(343) Reclaimed:         -                  -               254M (50%)         271M (53%)            -                  -          
[34.719s][info][gc          ] GC(343) Garbage Collection (Allocation Rate) 302M(59%)->130M(25%)
[34.780s][info][gc,start    ] GC(344) Garbage Collection (Allocation Rate)
[34.780s][info][gc,task     ] GC(344) Using 5 workers
[34.780s][info][gc,phases   ] GC(344) Pause Mark Start 0.011ms
[34.806s][info][gc,phases   ] GC(344) Concurrent Mark 25.486ms
[34.806s][info][gc,phases   ] GC(344) Pause Mark End 0.014ms
[34.806s][info][gc,phases   ] GC(344) Concurrent Mark Free 0.001ms
[34.807s][info][gc,phases   ] GC(344) Concurrent Process Non-Strong References 1.086ms
[34.807s][info][gc,phases   ] GC(344) Concurrent Reset Relocation Set 0.003ms
[34.811s][info][gc,phases   ] GC(344) Concurrent Select Relocation Set 3.994ms
[34.812s][info][gc,phases   ] GC(344) Pause Relocate Start 0.006ms
[34.813s][info][gc,phases   ] GC(344) Concurrent Relocate 1.238ms
[34.813s][info][gc,load     ] GC(344) Load: 0.00/0.00/0.00
[34.813s][info][gc,mmu      ] GC(344) MMU: 2ms/98.6%, 5ms/99.5%, 10ms/99.6%, 20ms/99.8%, 50ms/99.9%, 100ms/99.9%
[34.813s][info][gc,marking  ] GC(344) Mark: 4 stripe(s), 2 proactive flush(es), 1 terminate flush(es), 0 completion(s), 0 continuation(s) 
[34.813s][info][gc,marking  ] GC(344) Mark Stack Usage: 32M
[34.813s][info][gc,nmethod  ] GC(344) NMethods: 1371 registered, 48 unregistered
[34.813s][info][gc,metaspace] GC(344) Metaspace: 8M used, 8M committed, 1088M reserved
[34.813s][info][gc,ref      ] GC(344) Soft: 174 encountered, 0 discovered, 0 enqueued
[34.813s][info][gc,ref      ] GC(344) Weak: 570 encountered, 243 discovered, 0 enqueued
[34.813s][info][gc,ref      ] GC(344) Final: 0 encountered, 0 discovered, 0 enqueued
[34.813s][info][gc,ref      ] GC(344) Phantom: 21 encountered, 19 discovered, 0 enqueued
[34.813s][info][gc,reloc    ] GC(344) Small Pages: 142 / 284M, Empty: 254M, Relocated: 1M, In-Place: 0
[34.813s][info][gc,reloc    ] GC(344) Medium Pages: 1 / 16M, Empty: 0M, Relocated: 0M, In-Place: 0
[34.813s][info][gc,reloc    ] GC(344) Large Pages: 0 / 0M, Empty: 0M, Relocated: 0M, In-Place: 0
[34.813s][info][gc,reloc    ] GC(344) Forwarding Usage: 0M
[34.813s][info][gc,heap     ] GC(344) Min Capacity: 8M(2%)
[34.813s][info][gc,heap     ] GC(344) Max Capacity: 512M(100%)
[34.813s][info][gc,heap     ] GC(344) Soft Max Capacity: 512M(100%)
[34.813s][info][gc,heap     ] GC(344)                Mark Start          Mark End        Relocate Start      Relocate End           High               Low         
[34.813s][info][gc,heap     ] GC(344)  Capacity:      512M (100%)        512M (100%)        512M (100%)        512M (100%)        512M (100%)        512M (100%)   
[34.813s][info][gc,heap     ] GC(344)      Free:      212M (41%)         144M (28%)         384M (75%)         388M (76%)         388M (76%)         140M (27%)    
[34.813s][info][gc,heap     ] GC(344)      Used:      300M (59%)         368M (72%)         128M (25%)         124M (24%)         372M (73%)         124M (24%)    
[34.814s][info][gc,heap     ] GC(344)      Live:         -                11M (2%)           11M (2%)           11M (2%)             -                  -          
[34.814s][info][gc,heap     ] GC(344) Allocated:         -                68M (13%)          82M (16%)          85M (17%)            -                  -          
[34.814s][info][gc,heap     ] GC(344)   Garbage:         -               288M (56%)          34M (7%)           26M (5%)             -                  -          
[34.814s][info][gc,heap     ] GC(344) Reclaimed:         -                  -               254M (50%)         261M (51%)            -                  -          
[34.814s][info][gc          ] GC(344) Garbage Collection (Allocation Rate) 300M(59%)->124M(24%)
[34.884s][info][gc,start    ] GC(345) Garbage Collection (Allocation Rate)
[34.884s][info][gc,task     ] GC(345) Using 5 workers
[34.884s][info][gc,phases   ] GC(345) Pause Mark Start 0.014ms
[34.900s][info][gc,phases   ] GC(345) Concurrent Mark 15.367ms
[34.900s][info][gc,phases   ] GC(345) Pause Mark End 0.013ms
[34.900s][info][gc,phases   ] GC(345) Concurrent Mark Free 0.001ms
[34.901s][info][gc,phases   ] GC(345) Concurrent Process Non-Strong References 1.086ms
[34.901s][info][gc,phases   ] GC(345) Concurrent Reset Relocation Set 0.002ms
[34.906s][info][gc,phases   ] GC(345) Concurrent Select Relocation Set 5.136ms
[34.906s][info][gc,phases   ] GC(345) Pause Relocate Start 0.006ms
[34.909s][info][gc,phases   ] GC(345) Concurrent Relocate 2.837ms
[34.909s][info][gc,load     ] GC(345) Load: 0.00/0.00/0.00
[34.909s][info][gc,mmu      ] GC(345) MMU: 2ms/98.6%, 5ms/99.5%, 10ms/99.6%, 20ms/99.8%, 50ms/99.9%, 100ms/99.9%
[34.909s][info][gc,marking  ] GC(345) Mark: 4 stripe(s), 2 proactive flush(es), 1 terminate flush(es), 0 completion(s), 0 continuation(s) 
[34.909s][info][gc,marking  ] GC(345) Mark Stack Usage: 32M
[34.909s][info][gc,nmethod  ] GC(345) NMethods: 1371 registered, 48 unregistered
[34.909s][info][gc,metaspace] GC(345) Metaspace: 8M used, 8M committed, 1088M reserved
[34.909s][info][gc,ref      ] GC(345) Soft: 174 encountered, 0 discovered, 0 enqueued
[34.909s][info][gc,ref      ] GC(345) Weak: 570 encountered, 237 discovered, 0 enqueued
[34.910s][info][gc,ref      ] GC(345) Final: 0 encountered, 0 discovered, 0 enqueued
[34.910s][info][gc,ref      ] GC(345) Phantom: 21 encountered, 16 discovered, 0 enqueued
[34.910s][info][gc,reloc    ] GC(345) Small Pages: 140 / 280M, Empty: 248M, Relocated: 3M, In-Place: 0
[34.910s][info][gc,reloc    ] GC(345) Medium Pages: 2 / 32M, Empty: 0M, Relocated: 0M, In-Place: 0
[34.910s][info][gc,reloc    ] GC(345) Large Pages: 0 / 0M, Empty: 0M, Relocated: 0M, In-Place: 0
[34.910s][info][gc,reloc    ] GC(345) Forwarding Usage: 1M
[34.910s][info][gc,heap     ] GC(345) Min Capacity: 8M(2%)
[34.910s][info][gc,heap     ] GC(345) Max Capacity: 512M(100%)
[34.910s][info][gc,heap     ] GC(345) Soft Max Capacity: 512M(100%)
[34.910s][info][gc,heap     ] GC(345)                Mark Start          Mark End        Relocate Start      Relocate End           High               Low         
[34.910s][info][gc,heap     ] GC(345)  Capacity:      512M (100%)        512M (100%)        512M (100%)        512M (100%)        512M (100%)        512M (100%)   
[34.910s][info][gc,heap     ] GC(345)      Free:      200M (39%)         156M (30%)         388M (76%)         408M (80%)         408M (80%)         154M (30%)    
[34.910s][info][gc,heap     ] GC(345)      Used:      312M (61%)         356M (70%)         124M (24%)         104M (20%)         358M (70%)         104M (20%)    
[34.910s][info][gc,heap     ] GC(345)      Live:         -                11M (2%)           11M (2%)           11M (2%)             -                  -          
[34.910s][info][gc,heap     ] GC(345) Allocated:         -                44M (9%)           60M (12%)          67M (13%)            -                  -          
[34.910s][info][gc,heap     ] GC(345)   Garbage:         -               300M (59%)          52M (10%)          24M (5%)             -                  -          
[34.910s][info][gc,heap     ] GC(345) Reclaimed:         -                  -               248M (48%)         275M (54%)            -                  -          
[34.910s][info][gc          ] GC(345) Garbage Collection (Allocation Rate) 312M(61%)->104M(20%)
[34.993s][info][gc,start    ] GC(346) Garbage Collection (Allocation Rate)
[34.994s][info][gc,task     ] GC(346) Using 5 workers
[34.994s][info][gc,phases   ] GC(346) Pause Mark Start 0.010ms
[35.009s][info][gc,phases   ] GC(346) Concurrent Mark 15.383ms
[35.009s][info][gc,phases   ] GC(346) Pause Mark End 0.012ms
[35.009s][info][gc,phases   ] GC(346) Concurrent Mark Free 0.002ms
[35.010s][info][gc,phases   ] GC(346) Concurrent Process Non-Strong References 1.086ms
[35.010s][info][gc,phases   ] GC(346) Concurrent Reset Relocation Set 0.003ms
[35.014s][info][gc,phases   ] GC(346) Concurrent Select Relocation Set 3.688ms
[35.014s][info][gc,phases   ] GC(346) Pause Relocate Start 0.006ms
[35.017s][info][gc,phases   ] GC(346) Concurrent Relocate 2.501ms
[35.017s][info][gc,load     ] GC(346) Load: 0.00/0.00/0.00
[35.017s][info][gc,mmu      ] GC(346) MMU: 2ms/98.6%, 5ms/99.5%, 10ms/99.6%, 20ms/99.8%, 50ms/99.9%, 100ms/99.9%
[35.017s][info][gc,marking  ] GC(346) Mark: 4 stripe(s), 3 proactive flush(es), 1 terminate flush(es), 0 completion(s), 0 continuation(s) 
[35.017s][info][gc,marking  ] GC(346) Mark Stack Usage: 32M
[35.017s][info][gc,nmethod  ] GC(346) NMethods: 1371 registered, 48 unregistered
[35.017s][info][gc,metaspace] GC(346) Metaspace: 8M used, 8M committed, 1088M reserved
[35.017s][info][gc,ref      ] GC(346) Soft: 174 encountered, 0 discovered, 0 enqueued
[35.017s][info][gc,ref      ] GC(346) Weak: 570 encountered, 302 discovered, 0 enqueued
[35.017s][info][gc,ref      ] GC(346) Final: 0 encountered, 0 discovered, 0 enqueued
[35.017s][info][gc,ref      ] GC(346) Phantom: 21 encountered, 16 discovered, 0 enqueued
[35.017s][info][gc,reloc    ] GC(346) Small Pages: 159 / 318M, Empty: 280M, Relocated: 3M, In-Place: 0
[35.017s][info][gc,reloc    ] GC(346) Medium Pages: 1 / 16M, Empty: 0M, Relocated: 0M, In-Place: 0
[35.017s][info][gc,reloc    ] GC(346) Large Pages: 0 / 0M, Empty: 0M, Relocated: 0M, In-Place: 0
[35.017s][info][gc,reloc    ] GC(346) Forwarding Usage: 1M
[35.017s][info][gc,heap     ] GC(346) Min Capacity: 8M(2%)
[35.017s][info][gc,heap     ] GC(346) Max Capacity: 512M(100%)
[35.017s][info][gc,heap     ] GC(346) Soft Max Capacity: 512M(100%)
[35.017s][info][gc,heap     ] GC(346)                Mark Start          Mark End        Relocate Start      Relocate End           High               Low         
[35.017s][info][gc,heap     ] GC(346)  Capacity:      512M (100%)        512M (100%)        512M (100%)        512M (100%)        512M (100%)        512M (100%)   
[35.017s][info][gc,heap     ] GC(346)      Free:      178M (35%)         138M (27%)         404M (79%)         414M (81%)         414M (81%)         134M (26%)    
[35.017s][info][gc,heap     ] GC(346)      Used:      334M (65%)         374M (73%)         108M (21%)          98M (19%)         378M (74%)          98M (19%)    
[35.018s][info][gc,heap     ] GC(346)      Live:         -                12M (2%)           12M (2%)           12M (2%)             -                  -          
[35.018s][info][gc,heap     ] GC(346) Allocated:         -                40M (8%)           54M (11%)          59M (12%)            -                  -          
[35.018s][info][gc,heap     ] GC(346)   Garbage:         -               321M (63%)          41M (8%)           25M (5%)             -                  -          
[35.018s][info][gc,heap     ] GC(346) Reclaimed:         -                  -               280M (55%)         295M (58%)            -                  -          
[35.018s][info][gc          ] GC(346) Garbage Collection (Allocation Rate) 334M(65%)->98M(19%)
[35.087s][info][gc,start    ] GC(347) Garbage Collection (Allocation Rate)
[35.087s][info][gc,task     ] GC(347) Using 5 workers
[35.087s][info][gc,phases   ] GC(347) Pause Mark Start 0.011ms
[35.118s][info][gc,phases   ] GC(347) Concurrent Mark 30.954ms
[35.119s][info][gc,phases   ] GC(347) Pause Mark End 0.015ms
[35.119s][info][gc,phases   ] GC(347) Concurrent Mark Free 0.001ms
[35.120s][info][gc,phases   ] GC(347) Concurrent Process Non-Strong References 1.089ms
[35.120s][info][gc,phases   ] GC(347) Concurrent Reset Relocation Set 0.002ms
[35.126s][info][gc,phases   ] GC(347) Concurrent Select Relocation Set 6.139ms
[35.126s][info][gc,phases   ] GC(347) Pause Relocate Start 0.007ms
[35.130s][info][gc,phases   ] GC(347) Concurrent Relocate 3.647ms
[35.130s][info][gc,load     ] GC(347) Load: 0.00/0.00/0.00
[35.130s][info][gc,mmu      ] GC(347) MMU: 2ms/98.6%, 5ms/99.5%, 10ms/99.6%, 20ms/99.8%, 50ms/99.9%, 100ms/99.9%
[35.130s][info][gc,marking  ] GC(347) Mark: 4 stripe(s), 2 proactive flush(es), 1 terminate flush(es), 0 completion(s), 0 continuation(s) 
[35.130s][info][gc,marking  ] GC(347) Mark Stack Usage: 32M
[35.130s][info][gc,nmethod  ] GC(347) NMethods: 1371 registered, 48 unregistered
[35.130s][info][gc,metaspace] GC(347) Metaspace: 8M used, 8M committed, 1088M reserved
[35.130s][info][gc,ref      ] GC(347) Soft: 174 encountered, 0 discovered, 0 enqueued
[35.130s][info][gc,ref      ] GC(347) Weak: 570 encountered, 362 discovered, 0 enqueued
[35.130s][info][gc,ref      ] GC(347) Final: 0 encountered, 0 discovered, 0 enqueued
[35.130s][info][gc,ref      ] GC(347) Phantom: 21 encountered, 14 discovered, 0 enqueued
[35.130s][info][gc,reloc    ] GC(347) Small Pages: 126 / 252M, Empty: 220M, Relocated: 4M, In-Place: 0
[35.130s][info][gc,reloc    ] GC(347) Medium Pages: 1 / 16M, Empty: 0M, Relocated: 0M, In-Place: 0
[35.130s][info][gc,reloc    ] GC(347) Large Pages: 0 / 0M, Empty: 0M, Relocated: 0M, In-Place: 0
[35.130s][info][gc,reloc    ] GC(347) Forwarding Usage: 2M
[35.130s][info][gc,heap     ] GC(347) Min Capacity: 8M(2%)
[35.130s][info][gc,heap     ] GC(347) Max Capacity: 512M(100%)
[35.130s][info][gc,heap     ] GC(347) Soft Max Capacity: 512M(100%)
[35.130s][info][gc,heap     ] GC(347)                Mark Start          Mark End        Relocate Start      Relocate End           High               Low         
[35.130s][info][gc,heap     ] GC(347)  Capacity:      512M (100%)        512M (100%)        512M (100%)        512M (100%)        512M (100%)        512M (100%)   
[35.130s][info][gc,heap     ] GC(347)      Free:      244M (48%)         160M (31%)         362M (71%)         364M (71%)         368M (72%)         158M (31%)    
[35.130s][info][gc,heap     ] GC(347)      Used:      268M (52%)         352M (69%)         150M (29%)         148M (29%)         354M (69%)         144M (28%)    
[35.130s][info][gc,heap     ] GC(347)      Live:         -                13M (3%)           13M (3%)           13M (3%)             -                  -          
[35.131s][info][gc,heap     ] GC(347) Allocated:         -                84M (16%)         102M (20%)         111M (22%)            -                  -          
[35.131s][info][gc,heap     ] GC(347)   Garbage:         -               254M (50%)          34M (7%)           22M (4%)             -                  -          
[35.131s][info][gc,heap     ] GC(347) Reclaimed:         -                  -               220M (43%)         231M (45%)            -                  -          
[35.131s][info][gc          ] GC(347) Garbage Collection (Allocation Rate) 268M(52%)->148M(29%)
[35.181s][info][gc,start    ] GC(348) Garbage Collection (Allocation Rate)
[35.181s][info][gc,task     ] GC(348) Using 5 workers
[35.181s][info][gc,phases   ] GC(348) Pause Mark Start 0.009ms
[35.212s][info][gc,phases   ] GC(348) Concurrent Mark 31.032ms
[35.212s][info][gc,phases   ] GC(348) Pause Mark End 0.014ms
[35.212s][info][gc,phases   ] GC(348) Concurrent Mark Free 0.001ms
[35.213s][info][gc,phases   ] GC(348) Concurrent Process Non-Strong References 1.017ms
[35.213s][info][gc,phases   ] GC(348) Concurrent Reset Relocation Set 0.002ms
[35.221s][info][gc,phases   ] GC(348) Concurrent Select Relocation Set 7.355ms
[35.221s][info][gc,phases   ] GC(348) Pause Relocate Start 0.006ms
[35.226s][info][gc,phases   ] GC(348) Concurrent Relocate 4.872ms
[35.226s][info][gc,load     ] GC(348) Load: 0.00/0.00/0.00
[35.226s][info][gc,mmu      ] GC(348) MMU: 2ms/98.6%, 5ms/99.5%, 10ms/99.6%, 20ms/99.8%, 50ms/99.9%, 100ms/99.9%
[35.226s][info][gc,marking  ] GC(348) Mark: 4 stripe(s), 2 proactive flush(es), 1 terminate flush(es), 0 completion(s), 0 continuation(s) 
[35.226s][info][gc,marking  ] GC(348) Mark Stack Usage: 32M
[35.226s][info][gc,nmethod  ] GC(348) NMethods: 1371 registered, 48 unregistered
[35.226s][info][gc,metaspace] GC(348) Metaspace: 8M used, 8M committed, 1088M reserved
[35.226s][info][gc,ref      ] GC(348) Soft: 174 encountered, 0 discovered, 0 enqueued
[35.226s][info][gc,ref      ] GC(348) Weak: 570 encountered, 11 discovered, 0 enqueued
[35.226s][info][gc,ref      ] GC(348) Final: 0 encountered, 0 discovered, 0 enqueued
[35.226s][info][gc,ref      ] GC(348) Phantom: 21 encountered, 11 discovered, 0 enqueued
[35.226s][info][gc,reloc    ] GC(348) Small Pages: 136 / 272M, Empty: 236M, Relocated: 6M, In-Place: 0
[35.226s][info][gc,reloc    ] GC(348) Medium Pages: 1 / 16M, Empty: 0M, Relocated: 0M, In-Place: 0
[35.226s][info][gc,reloc    ] GC(348) Large Pages: 0 / 0M, Empty: 0M, Relocated: 0M, In-Place: 0
[35.226s][info][gc,reloc    ] GC(348) Forwarding Usage: 2M
[35.226s][info][gc,heap     ] GC(348) Min Capacity: 8M(2%)
[35.226s][info][gc,heap     ] GC(348) Max Capacity: 512M(100%)
[35.226s][info][gc,heap     ] GC(348) Soft Max Capacity: 512M(100%)
[35.226s][info][gc,heap     ] GC(348)                Mark Start          Mark End        Relocate Start      Relocate End           High               Low         
[35.226s][info][gc,heap     ] GC(348)  Capacity:      512M (100%)        512M (100%)        512M (100%)        512M (100%)        512M (100%)        512M (100%)   
[35.227s][info][gc,heap     ] GC(348)      Free:      224M (44%)         140M (27%)         354M (69%)         370M (72%)         370M (72%)         138M (27%)    
[35.227s][info][gc,heap     ] GC(348)      Used:      288M (56%)         372M (73%)         158M (31%)         142M (28%)         374M (73%)         142M (28%)    
[35.227s][info][gc,heap     ] GC(348)      Live:         -                13M (3%)           13M (3%)           13M (3%)             -                  -          
[35.227s][info][gc,heap     ] GC(348) Allocated:         -                84M (16%)         106M (21%)         107M (21%)            -                  -          
[35.227s][info][gc,heap     ] GC(348)   Garbage:         -               274M (54%)          38M (7%)           20M (4%)             -                  -          
[35.227s][info][gc,heap     ] GC(348) Reclaimed:         -                  -               236M (46%)         253M (50%)            -                  -          
[35.227s][info][gc          ] GC(348) Garbage Collection (Allocation Rate) 288M(56%)->142M(28%)
[35.290s][info][gc,start    ] GC(349) Garbage Collection (Allocation Rate)
[35.290s][info][gc,task     ] GC(349) Using 5 workers
[35.290s][info][gc,phases   ] GC(349) Pause Mark Start 0.013ms
[35.322s][info][gc,phases   ] GC(349) Concurrent Mark 30.937ms
[35.322s][info][gc,phases   ] GC(349) Pause Mark End 0.013ms
[35.322s][info][gc,phases   ] GC(349) Concurrent Mark Free 0.002ms
[35.323s][info][gc,phases   ] GC(349) Concurrent Process Non-Strong References 0.972ms
[35.323s][info][gc,phases   ] GC(349) Concurrent Reset Relocation Set 0.003ms
[35.327s][info][gc,phases   ] GC(349) Concurrent Select Relocation Set 3.955ms
[35.327s][info][gc,phases   ] GC(349) Pause Relocate Start 0.005ms
[35.331s][info][gc,phases   ] GC(349) Concurrent Relocate 3.866ms
[35.331s][info][gc,load     ] GC(349) Load: 0.00/0.00/0.00
[35.331s][info][gc,mmu      ] GC(349) MMU: 2ms/98.6%, 5ms/99.5%, 10ms/99.6%, 20ms/99.8%, 50ms/99.9%, 100ms/99.9%
[35.331s][info][gc,marking  ] GC(349) Mark: 4 stripe(s), 2 proactive flush(es), 1 terminate flush(es), 0 completion(s), 0 continuation(s) 
[35.331s][info][gc,marking  ] GC(349) Mark Stack Usage: 32M
[35.331s][info][gc,nmethod  ] GC(349) NMethods: 1371 registered, 48 unregistered
[35.331s][info][gc,metaspace] GC(349) Metaspace: 8M used, 8M committed, 1088M reserved
[35.331s][info][gc,ref      ] GC(349) Soft: 174 encountered, 0 discovered, 0 enqueued
[35.331s][info][gc,ref      ] GC(349) Weak: 570 encountered, 35 discovered, 0 enqueued
[35.331s][info][gc,ref      ] GC(349) Final: 0 encountered, 0 discovered, 0 enqueued
[35.331s][info][gc,ref      ] GC(349) Phantom: 21 encountered, 12 discovered, 0 enqueued
[35.331s][info][gc,reloc    ] GC(349) Small Pages: 126 / 252M, Empty: 216M, Relocated: 3M, In-Place: 0
[35.331s][info][gc,reloc    ] GC(349) Medium Pages: 2 / 32M, Empty: 0M, Relocated: 1M, In-Place: 0
[35.331s][info][gc,reloc    ] GC(349) Large Pages: 0 / 0M, Empty: 0M, Relocated: 0M, In-Place: 0
[35.331s][info][gc,reloc    ] GC(349) Forwarding Usage: 1M
[35.331s][info][gc,heap     ] GC(349) Min Capacity: 8M(2%)
[35.331s][info][gc,heap     ] GC(349) Max Capacity: 512M(100%)
[35.331s][info][gc,heap     ] GC(349) Soft Max Capacity: 512M(100%)
[35.331s][info][gc,heap     ] GC(349)                Mark Start          Mark End        Relocate Start      Relocate End           High               Low         
[35.331s][info][gc,heap     ] GC(349)  Capacity:      512M (100%)        512M (100%)        512M (100%)        512M (100%)        512M (100%)        512M (100%)   
[35.331s][info][gc,heap     ] GC(349)      Free:      228M (45%)         144M (28%)         346M (68%)         364M (71%)         368M (72%)         142M (28%)    
[35.331s][info][gc,heap     ] GC(349)      Used:      284M (55%)         368M (72%)         166M (32%)         148M (29%)         370M (72%)         144M (28%)    
[35.331s][info][gc,heap     ] GC(349)      Live:         -                14M (3%)           14M (3%)           14M (3%)             -                  -          
[35.331s][info][gc,heap     ] GC(349) Allocated:         -                84M (16%)          98M (19%)         107M (21%)            -                  -          
[35.332s][info][gc,heap     ] GC(349)   Garbage:         -               269M (53%)          53M (10%)          25M (5%)             -                  -          
[35.332s][info][gc,heap     ] GC(349) Reclaimed:         -                  -               216M (42%)         243M (48%)            -                  -          
[35.332s][info][gc          ] GC(349) Garbage Collection (Allocation Rate) 284M(55%)->148M(29%)
[35.379s][info][gc,start    ] GC(350) Garbage Collection (Allocation Rate)
[35.380s][info][gc,task     ] GC(350) Using 5 workers
[35.380s][info][gc,phases   ] GC(350) Pause Mark Start 0.011ms
[35.400s][info][gc,phases   ] GC(350) Concurrent Mark 20.686ms
[35.400s][info][gc,phases   ] GC(350) Pause Mark End 0.016ms
[35.401s][info][gc,phases   ] GC(350) Concurrent Mark Free 0.001ms
[35.402s][info][gc,phases   ] GC(350) Concurrent Process Non-Strong References 1.018ms
[35.402s][info][gc,phases   ] GC(350) Concurrent Reset Relocation Set 0.002ms
[35.408s][info][gc,phases   ] GC(350) Concurrent Select Relocation Set 6.208ms
[35.408s][info][gc,phases   ] GC(350) Pause Relocate Start 0.006ms
[35.412s][info][gc,phases   ] GC(350) Concurrent Relocate 4.173ms
[35.412s][info][gc,load     ] GC(350) Load: 0.00/0.00/0.00
[35.412s][info][gc,mmu      ] GC(350) MMU: 2ms/98.6%, 5ms/99.5%, 10ms/99.6%, 20ms/99.8%, 50ms/99.9%, 100ms/99.9%
[35.412s][info][gc,marking  ] GC(350) Mark: 4 stripe(s), 2 proactive flush(es), 1 terminate flush(es), 0 completion(s), 0 continuation(s) 
[35.412s][info][gc,marking  ] GC(350) Mark Stack Usage: 32M
[35.412s][info][gc,nmethod  ] GC(350) NMethods: 1371 registered, 48 unregistered
[35.412s][info][gc,metaspace] GC(350) Metaspace: 8M used, 8M committed, 1088M reserved
[35.413s][info][gc,ref      ] GC(350) Soft: 174 encountered, 0 discovered, 0 enqueued
[35.413s][info][gc,ref      ] GC(350) Weak: 570 encountered, 67 discovered, 0 enqueued
[35.413s][info][gc,ref      ] GC(350) Final: 0 encountered, 0 discovered, 0 enqueued
[35.413s][info][gc,ref      ] GC(350) Phantom: 21 encountered, 18 discovered, 0 enqueued
[35.413s][info][gc,reloc    ] GC(350) Small Pages: 126 / 252M, Empty: 212M, Relocated: 5M, In-Place: 0
[35.413s][info][gc,reloc    ] GC(350) Medium Pages: 1 / 16M, Empty: 0M, Relocated: 0M, In-Place: 0
[35.413s][info][gc,reloc    ] GC(350) Large Pages: 0 / 0M, Empty: 0M, Relocated: 0M, In-Place: 0
[35.413s][info][gc,reloc    ] GC(350) Forwarding Usage: 2M
[35.413s][info][gc,heap     ] GC(350) Min Capacity: 8M(2%)
[35.413s][info][gc,heap     ] GC(350) Max Capacity: 512M(100%)
[35.413s][info][gc,heap     ] GC(350) Soft Max Capacity: 512M(100%)
[35.413s][info][gc,heap     ] GC(350)                Mark Start          Mark End        Relocate Start      Relocate End           High               Low         
[35.413s][info][gc,heap     ] GC(350)  Capacity:      512M (100%)        512M (100%)        512M (100%)        512M (100%)        512M (100%)        512M (100%)   
[35.413s][info][gc,heap     ] GC(350)      Free:      244M (48%)         196M (38%)         386M (75%)         394M (77%)         396M (77%)         192M (38%)    
[35.413s][info][gc,heap     ] GC(350)      Used:      268M (52%)         316M (62%)         126M (25%)         118M (23%)         320M (63%)         116M (23%)    
[35.413s][info][gc,heap     ] GC(350)      Live:         -                15M (3%)           15M (3%)           15M (3%)             -                  -          
[35.413s][info][gc,heap     ] GC(350) Allocated:         -                48M (9%)           70M (14%)          79M (16%)            -                  -          
[35.413s][info][gc,heap     ] GC(350)   Garbage:         -               252M (49%)          40M (8%)           22M (4%)             -                  -          
[35.413s][info][gc,heap     ] GC(350) Reclaimed:         -                  -               212M (41%)         229M (45%)            -                  -          
[35.413s][info][gc          ] GC(350) Garbage Collection (Allocation Rate) 268M(52%)->118M(23%)
[35.480s][info][gc,start    ] GC(351) Garbage Collection (Allocation Rate)
[35.480s][info][gc,task     ] GC(351) Using 5 workers
[35.480s][info][gc,phases   ] GC(351) Pause Mark Start 0.011ms
[35.502s][info][gc,phases   ] GC(351) Concurrent Mark 21.756ms
[35.502s][info][gc,phases   ] GC(351) Pause Mark End 0.012ms
[35.502s][info][gc,phases   ] GC(351) Concurrent Mark Free 0.001ms
[35.503s][info][gc,phases   ] GC(351) Concurrent Process Non-Strong References 0.975ms
[35.503s][info][gc,phases   ] GC(351) Concurrent Reset Relocation Set 0.002ms
[35.507s][info][gc,phases   ] GC(351) Concurrent Select Relocation Set 3.850ms
[35.507s][info][gc,phases   ] GC(351) Pause Relocate Start 0.006ms
[35.511s][info][gc,phases   ] GC(351) Concurrent Relocate 3.061ms
[35.511s][info][gc,load     ] GC(351) Load: 0.00/0.00/0.00
[35.511s][info][gc,mmu      ] GC(351) MMU: 2ms/98.6%, 5ms/99.5%, 10ms/99.6%, 20ms/99.8%, 50ms/99.9%, 100ms/99.9%
[35.511s][info][gc,marking  ] GC(351) Mark: 4 stripe(s), 5 proactive flush(es), 1 terminate flush(es), 0 completion(s), 0 continuation(s) 
[35.511s][info][gc,marking  ] GC(351) Mark Stack Usage: 32M
[35.511s][info][gc,nmethod  ] GC(351) NMethods: 1371 registered, 48 unregistered
[35.511s][info][gc,metaspace] GC(351) Metaspace: 8M used, 8M committed, 1088M reserved
[35.511s][info][gc,ref      ] GC(351) Soft: 174 encountered, 0 discovered, 0 enqueued
[35.511s][info][gc,ref      ] GC(351) Weak: 570 encountered, 8 discovered, 0 enqueued
[35.511s][info][gc,ref      ] GC(351) Final: 0 encountered, 0 discovered, 0 enqueued
[35.511s][info][gc,ref      ] GC(351) Phantom: 21 encountered, 14 discovered, 0 enqueued
[35.511s][info][gc,reloc    ] GC(351) Small Pages: 143 / 286M, Empty: 250M, Relocated: 3M, In-Place: 0
[35.511s][info][gc,reloc    ] GC(351) Medium Pages: 1 / 16M, Empty: 0M, Relocated: 0M, In-Place: 0
[35.511s][info][gc,reloc    ] GC(351) Large Pages: 0 / 0M, Empty: 0M, Relocated: 0M, In-Place: 0
[35.511s][info][gc,reloc    ] GC(351) Forwarding Usage: 1M
[35.511s][info][gc,heap     ] GC(351) Min Capacity: 8M(2%)
[35.511s][info][gc,heap     ] GC(351) Max Capacity: 512M(100%)
[35.511s][info][gc,heap     ] GC(351) Soft Max Capacity: 512M(100%)
[35.511s][info][gc,heap     ] GC(351)                Mark Start          Mark End        Relocate Start      Relocate End           High               Low         
[35.511s][info][gc,heap     ] GC(351)  Capacity:      512M (100%)        512M (100%)        512M (100%)        512M (100%)        512M (100%)        512M (100%)   
[35.511s][info][gc,heap     ] GC(351)      Free:      210M (41%)         162M (32%)         390M (76%)         392M (77%)         396M (77%)         160M (31%)    
[35.511s][info][gc,heap     ] GC(351)      Used:      302M (59%)         350M (68%)         122M (24%)         120M (23%)         352M (69%)         116M (23%)    
[35.511s][info][gc,heap     ] GC(351)      Live:         -                16M (3%)           16M (3%)           16M (3%)             -                  -          
[35.511s][info][gc,heap     ] GC(351) Allocated:         -                48M (9%)           70M (14%)          77M (15%)            -                  -          
[35.511s][info][gc,heap     ] GC(351)   Garbage:         -               285M (56%)          35M (7%)           25M (5%)             -                  -          
[35.511s][info][gc,heap     ] GC(351) Reclaimed:         -                  -               250M (49%)         259M (51%)            -                  -          
[35.511s][info][gc          ] GC(351) Garbage Collection (Allocation Rate) 302M(59%)->120M(23%)
[35.580s][info][gc,start    ] GC(352) Garbage Collection (Allocation Rate)
[35.580s][info][gc,task     ] GC(352) Using 5 workers
[35.580s][info][gc,phases   ] GC(352) Pause Mark Start 0.013ms
[35.599s][info][gc,phases   ] GC(352) Concurrent Mark 18.650ms
[35.599s][info][gc,phases   ] GC(352) Pause Mark End 0.011ms
[35.599s][info][gc,phases   ] GC(352) Concurrent Mark Free 0.001ms
[35.600s][info][gc,phases   ] GC(352) Concurrent Process Non-Strong References 0.882ms
[35.600s][info][gc,phases   ] GC(352) Concurrent Reset Relocation Set 0.002ms
[35.606s][info][gc,phases   ] GC(352) Concurrent Select Relocation Set 5.924ms
[35.606s][info][gc,phases   ] GC(352) Pause Relocate Start 0.008ms
[35.609s][info][gc,phases   ] GC(352) Concurrent Relocate 2.506ms
[35.609s][info][gc,load     ] GC(352) Load: 0.00/0.00/0.00
[35.609s][info][gc,mmu      ] GC(352) MMU: 2ms/98.6%, 5ms/99.5%, 10ms/99.6%, 20ms/99.8%, 50ms/99.9%, 100ms/99.9%
[35.609s][info][gc,marking  ] GC(352) Mark: 4 stripe(s), 2 proactive flush(es), 1 terminate flush(es), 0 completion(s), 0 continuation(s) 
[35.609s][info][gc,marking  ] GC(352) Mark Stack Usage: 32M
[35.609s][info][gc,nmethod  ] GC(352) NMethods: 1371 registered, 48 unregistered
[35.609s][info][gc,metaspace] GC(352) Metaspace: 8M used, 8M committed, 1088M reserved
[35.609s][info][gc,ref      ] GC(352) Soft: 174 encountered, 0 discovered, 0 enqueued
[35.609s][info][gc,ref      ] GC(352) Weak: 570 encountered, 335 discovered, 0 enqueued
[35.609s][info][gc,ref      ] GC(352) Final: 0 encountered, 0 discovered, 0 enqueued
[35.609s][info][gc,ref      ] GC(352) Phantom: 21 encountered, 18 discovered, 0 enqueued
[35.609s][info][gc,reloc    ] GC(352) Small Pages: 122 / 244M, Empty: 208M, Relocated: 3M, In-Place: 0
[35.609s][info][gc,reloc    ] GC(352) Medium Pages: 2 / 32M, Empty: 0M, Relocated: 1M, In-Place: 0
[35.609s][info][gc,reloc    ] GC(352) Large Pages: 0 / 0M, Empty: 0M, Relocated: 0M, In-Place: 0
[35.609s][info][gc,reloc    ] GC(352) Forwarding Usage: 1M
[35.609s][info][gc,heap     ] GC(352) Min Capacity: 8M(2%)
[35.609s][info][gc,heap     ] GC(352) Max Capacity: 512M(100%)
[35.609s][info][gc,heap     ] GC(352) Soft Max Capacity: 512M(100%)
[35.609s][info][gc,heap     ] GC(352)                Mark Start          Mark End        Relocate Start      Relocate End           High               Low         
[35.609s][info][gc,heap     ] GC(352)  Capacity:      512M (100%)        512M (100%)        512M (100%)        512M (100%)        512M (100%)        512M (100%)   
[35.609s][info][gc,heap     ] GC(352)      Free:      236M (46%)         214M (42%)         410M (80%)         430M (84%)         430M (84%)         212M (41%)    
[35.609s][info][gc,heap     ] GC(352)      Used:      276M (54%)         298M (58%)         102M (20%)          82M (16%)         300M (59%)          82M (16%)    
[35.609s][info][gc,heap     ] GC(352)      Live:         -                16M (3%)           16M (3%)           16M (3%)             -                  -          
[35.609s][info][gc,heap     ] GC(352) Allocated:         -                22M (4%)           34M (7%)           39M (8%)             -                  -          
[35.609s][info][gc,heap     ] GC(352)   Garbage:         -               259M (51%)          51M (10%)          25M (5%)             -                  -          
[35.610s][info][gc,heap     ] GC(352) Reclaimed:         -                  -               208M (41%)         233M (46%)            -                  -          
[35.610s][info][gc          ] GC(352) Garbage Collection (Allocation Rate) 276M(54%)->82M(16%)
[35.680s][info][gc,start    ] GC(353) Garbage Collection (Allocation Rate)
[35.680s][info][gc,task     ] GC(353) Using 5 workers
[35.680s][info][gc,phases   ] GC(353) Pause Mark Start 0.014ms
[35.699s][info][gc,phases   ] GC(353) Concurrent Mark 18.714ms
[35.699s][info][gc,phases   ] GC(353) Pause Mark End 0.011ms
[35.699s][info][gc,phases   ] GC(353) Concurrent Mark Free 0.001ms
[35.700s][info][gc,phases   ] GC(353) Concurrent Process Non-Strong References 0.820ms
[35.700s][info][gc,phases   ] GC(353) Concurrent Reset Relocation Set 0.003ms
[35.706s][info][gc,phases   ] GC(353) Concurrent Select Relocation Set 6.512ms
[35.707s][info][gc,phases   ] GC(353) Pause Relocate Start 0.007ms
[35.711s][info][gc,phases   ] GC(353) Concurrent Relocate 4.731ms
[35.711s][info][gc,load     ] GC(353) Load: 0.00/0.00/0.00
[35.711s][info][gc,mmu      ] GC(353) MMU: 2ms/98.6%, 5ms/99.5%, 10ms/99.6%, 20ms/99.8%, 50ms/99.9%, 100ms/99.9%
[35.712s][info][gc,marking  ] GC(353) Mark: 4 stripe(s), 2 proactive flush(es), 1 terminate flush(es), 0 completion(s), 0 continuation(s) 
[35.712s][info][gc,marking  ] GC(353) Mark Stack Usage: 32M
[35.712s][info][gc,nmethod  ] GC(353) NMethods: 1371 registered, 48 unregistered
[35.712s][info][gc,metaspace] GC(353) Metaspace: 8M used, 8M committed, 1088M reserved
[35.712s][info][gc,ref      ] GC(353) Soft: 174 encountered, 0 discovered, 0 enqueued
[35.712s][info][gc,ref      ] GC(353) Weak: 570 encountered, 309 discovered, 0 enqueued
[35.712s][info][gc,ref      ] GC(353) Final: 0 encountered, 0 discovered, 0 enqueued
[35.712s][info][gc,ref      ] GC(353) Phantom: 21 encountered, 15 discovered, 0 enqueued
[35.712s][info][gc,reloc    ] GC(353) Small Pages: 126 / 252M, Empty: 218M, Relocated: 6M, In-Place: 0
[35.712s][info][gc,reloc    ] GC(353) Medium Pages: 1 / 16M, Empty: 0M, Relocated: 0M, In-Place: 0
[35.712s][info][gc,reloc    ] GC(353) Large Pages: 0 / 0M, Empty: 0M, Relocated: 0M, In-Place: 0
[35.712s][info][gc,reloc    ] GC(353) Forwarding Usage: 3M
[35.712s][info][gc,heap     ] GC(353) Min Capacity: 8M(2%)
[35.712s][info][gc,heap     ] GC(353) Max Capacity: 512M(100%)
[35.712s][info][gc,heap     ] GC(353) Soft Max Capacity: 512M(100%)
[35.712s][info][gc,heap     ] GC(353)                Mark Start          Mark End        Relocate Start      Relocate End           High               Low         
[35.712s][info][gc,heap     ] GC(353)  Capacity:      512M (100%)        512M (100%)        512M (100%)        512M (100%)        512M (100%)        512M (100%)   
[35.712s][info][gc,heap     ] GC(353)      Free:      244M (48%)         194M (38%)         392M (77%)         392M (77%)         400M (78%)         192M (38%)    
[35.712s][info][gc,heap     ] GC(353)      Used:      268M (52%)         318M (62%)         120M (23%)         120M (23%)         320M (63%)         112M (22%)    
[35.712s][info][gc,heap     ] GC(353)      Live:         -                17M (3%)           17M (3%)           17M (3%)             -                  -          
[35.712s][info][gc,heap     ] GC(353) Allocated:         -                50M (10%)          70M (14%)          81M (16%)            -                  -          
[35.712s][info][gc,heap     ] GC(353)   Garbage:         -               250M (49%)          32M (6%)           20M (4%)             -                  -          
[35.712s][info][gc,heap     ] GC(353) Reclaimed:         -                  -               218M (43%)         229M (45%)            -                  -          
[35.712s][info][gc          ] GC(353) Garbage Collection (Allocation Rate) 268M(52%)->120M(23%)
[35.781s][info][gc,start    ] GC(354) Garbage Collection (Allocation Rate)
[35.781s][info][gc,task     ] GC(354) Using 5 workers
[35.781s][info][gc,phases   ] GC(354) Pause Mark Start 0.015ms
[35.805s][info][gc,phases   ] GC(354) Concurrent Mark 23.624ms
[35.805s][info][gc,phases   ] GC(354) Pause Mark End 0.013ms
[35.805s][info][gc,phases   ] GC(354) Concurrent Mark Free 0.001ms
[35.806s][info][gc,phases   ] GC(354) Concurrent Process Non-Strong References 0.932ms
[35.806s][info][gc,phases   ] GC(354) Concurrent Reset Relocation Set 0.002ms
[35.814s][info][gc,phases   ] GC(354) Concurrent Select Relocation Set 7.614ms
[35.814s][info][gc,phases   ] GC(354) Pause Relocate Start 0.005ms
[35.818s][info][gc,phases   ] GC(354) Concurrent Relocate 4.298ms
[35.818s][info][gc,load     ] GC(354) Load: 0.00/0.00/0.00
[35.818s][info][gc,mmu      ] GC(354) MMU: 2ms/98.6%, 5ms/99.5%, 10ms/99.6%, 20ms/99.8%, 50ms/99.9%, 100ms/99.9%
[35.818s][info][gc,marking  ] GC(354) Mark: 4 stripe(s), 2 proactive flush(es), 1 terminate flush(es), 0 completion(s), 0 continuation(s) 
[35.818s][info][gc,marking  ] GC(354) Mark Stack Usage: 32M
[35.818s][info][gc,nmethod  ] GC(354) NMethods: 1371 registered, 48 unregistered
[35.818s][info][gc,metaspace] GC(354) Metaspace: 8M used, 8M committed, 1088M reserved
[35.818s][info][gc,ref      ] GC(354) Soft: 174 encountered, 0 discovered, 0 enqueued
[35.818s][info][gc,ref      ] GC(354) Weak: 570 encountered, 150 discovered, 0 enqueued
[35.818s][info][gc,ref      ] GC(354) Final: 0 encountered, 0 discovered, 0 enqueued
[35.818s][info][gc,ref      ] GC(354) Phantom: 21 encountered, 18 discovered, 0 enqueued
[35.818s][info][gc,reloc    ] GC(354) Small Pages: 136 / 272M, Empty: 232M, Relocated: 6M, In-Place: 0
[35.818s][info][gc,reloc    ] GC(354) Medium Pages: 1 / 16M, Empty: 0M, Relocated: 0M, In-Place: 0
[35.818s][info][gc,reloc    ] GC(354) Large Pages: 0 / 0M, Empty: 0M, Relocated: 0M, In-Place: 0
[35.818s][info][gc,reloc    ] GC(354) Forwarding Usage: 3M
[35.818s][info][gc,heap     ] GC(354) Min Capacity: 8M(2%)
[35.819s][info][gc,heap     ] GC(354) Max Capacity: 512M(100%)
[35.819s][info][gc,heap     ] GC(354) Soft Max Capacity: 512M(100%)
[35.819s][info][gc,heap     ] GC(354)                Mark Start          Mark End        Relocate Start      Relocate End           High               Low         
[35.819s][info][gc,heap     ] GC(354)  Capacity:      512M (100%)        512M (100%)        512M (100%)        512M (100%)        512M (100%)        512M (100%)   
[35.819s][info][gc,heap     ] GC(354)      Free:      224M (44%)         162M (32%)         370M (72%)         382M (75%)         382M (75%)         158M (31%)    
[35.819s][info][gc,heap     ] GC(354)      Used:      288M (56%)         350M (68%)         142M (28%)         130M (25%)         354M (69%)         130M (25%)    
[35.819s][info][gc,heap     ] GC(354)      Live:         -                17M (3%)           17M (3%)           17M (3%)             -                  -          
[35.819s][info][gc,heap     ] GC(354) Allocated:         -                62M (12%)          86M (17%)          91M (18%)            -                  -          
[35.819s][info][gc,heap     ] GC(354)   Garbage:         -               270M (53%)          38M (7%)           20M (4%)             -                  -          
[35.819s][info][gc,heap     ] GC(354) Reclaimed:         -                  -               232M (45%)         249M (49%)            -                  -          
[35.819s][info][gc          ] GC(354) Garbage Collection (Allocation Rate) 288M(56%)->130M(25%)
[35.881s][info][gc,start    ] GC(355) Garbage Collection (Allocation Rate)
[35.881s][info][gc,task     ] GC(355) Using 5 workers
[35.881s][info][gc,phases   ] GC(355) Pause Mark Start 0.012ms
[35.903s][info][gc,phases   ] GC(355) Concurrent Mark 21.710ms
[35.903s][info][gc,phases   ] GC(355) Pause Mark End 0.014ms
[35.903s][info][gc,phases   ] GC(355) Concurrent Mark Free 0.001ms
[35.904s][info][gc,phases   ] GC(355) Concurrent Process Non-Strong References 0.813ms
[35.904s][info][gc,phases   ] GC(355) Concurrent Reset Relocation Set 0.003ms
[35.908s][info][gc,phases   ] GC(355) Concurrent Select Relocation Set 4.006ms
[35.908s][info][gc,phases   ] GC(355) Pause Relocate Start 0.004ms
[35.910s][info][gc,phases   ] GC(355) Concurrent Relocate 2.318ms
[35.910s][info][gc,load     ] GC(355) Load: 0.00/0.00/0.00
[35.910s][info][gc,mmu      ] GC(355) MMU: 2ms/98.6%, 5ms/99.5%, 10ms/99.6%, 20ms/99.8%, 50ms/99.9%, 100ms/99.9%
[35.910s][info][gc,marking  ] GC(355) Mark: 4 stripe(s), 2 proactive flush(es), 1 terminate flush(es), 0 completion(s), 0 continuation(s) 
[35.910s][info][gc,marking  ] GC(355) Mark Stack Usage: 32M
[35.910s][info][gc,nmethod  ] GC(355) NMethods: 1371 registered, 48 unregistered
[35.910s][info][gc,metaspace] GC(355) Metaspace: 8M used, 8M committed, 1088M reserved
[35.910s][info][gc,ref      ] GC(355) Soft: 174 encountered, 0 discovered, 0 enqueued
[35.910s][info][gc,ref      ] GC(355) Weak: 570 encountered, 45 discovered, 0 enqueued
[35.910s][info][gc,ref      ] GC(355) Final: 0 encountered, 0 discovered, 0 enqueued
[35.910s][info][gc,ref      ] GC(355) Phantom: 21 encountered, 18 discovered, 0 enqueued
[35.910s][info][gc,reloc    ] GC(355) Small Pages: 126 / 252M, Empty: 218M, Relocated: 2M, In-Place: 0
[35.911s][info][gc,reloc    ] GC(355) Medium Pages: 1 / 16M, Empty: 0M, Relocated: 0M, In-Place: 0
[35.911s][info][gc,reloc    ] GC(355) Large Pages: 0 / 0M, Empty: 0M, Relocated: 0M, In-Place: 0
[35.911s][info][gc,reloc    ] GC(355) Forwarding Usage: 1M
[35.911s][info][gc,heap     ] GC(355) Min Capacity: 8M(2%)
[35.911s][info][gc,heap     ] GC(355) Max Capacity: 512M(100%)
[35.911s][info][gc,heap     ] GC(355) Soft Max Capacity: 512M(100%)
[35.911s][info][gc,heap     ] GC(355)                Mark Start          Mark End        Relocate Start      Relocate End           High               Low         
[35.911s][info][gc,heap     ] GC(355)  Capacity:      512M (100%)        512M (100%)        512M (100%)        512M (100%)        512M (100%)        512M (100%)   
[35.911s][info][gc,heap     ] GC(355)      Free:      244M (48%)         218M (43%)         428M (84%)         428M (84%)         428M (84%)         216M (42%)    
[35.911s][info][gc,heap     ] GC(355)      Used:      268M (52%)         294M (57%)          84M (16%)          84M (16%)         296M (58%)          84M (16%)    
[35.911s][info][gc,heap     ] GC(355)      Live:         -                18M (4%)           18M (4%)           18M (4%)             -                  -          
[35.911s][info][gc,heap     ] GC(355) Allocated:         -                26M (5%)           34M (7%)           39M (8%)             -                  -          
[35.911s][info][gc,heap     ] GC(355)   Garbage:         -               249M (49%)          31M (6%)           25M (5%)             -                  -          
[35.911s][info][gc,heap     ] GC(355) Reclaimed:         -                  -               218M (43%)         223M (44%)            -                  -          
[35.911s][info][gc          ] GC(355) Garbage Collection (Allocation Rate) 268M(52%)->84M(16%)
[35.980s][info][gc,start    ] GC(356) Garbage Collection (Allocation Rate)
[35.981s][info][gc,task     ] GC(356) Using 5 workers
[35.981s][info][gc,phases   ] GC(356) Pause Mark Start 0.016ms
[36.005s][info][gc,phases   ] GC(356) Concurrent Mark 24.664ms
[36.006s][info][gc,phases   ] GC(356) Pause Mark End 0.013ms
[36.006s][info][gc,phases   ] GC(356) Concurrent Mark Free 0.001ms
[36.006s][info][gc,phases   ] GC(356) Concurrent Process Non-Strong References 0.827ms
[36.006s][info][gc,phases   ] GC(356) Concurrent Reset Relocation Set 0.003ms
[36.013s][info][gc,phases   ] GC(356) Concurrent Select Relocation Set 6.043ms
[36.013s][info][gc,phases   ] GC(356) Pause Relocate Start 0.008ms
[36.016s][info][gc,phases   ] GC(356) Concurrent Relocate 3.252ms
[36.016s][info][gc,load     ] GC(356) Load: 0.00/0.00/0.00
[36.016s][info][gc,mmu      ] GC(356) MMU: 2ms/98.6%, 5ms/99.5%, 10ms/99.6%, 20ms/99.8%, 50ms/99.9%, 100ms/99.9%
[36.016s][info][gc,marking  ] GC(356) Mark: 4 stripe(s), 2 proactive flush(es), 1 terminate flush(es), 0 completion(s), 0 continuation(s) 
[36.016s][info][gc,marking  ] GC(356) Mark Stack Usage: 32M
[36.016s][info][gc,nmethod  ] GC(356) NMethods: 1371 registered, 48 unregistered
[36.016s][info][gc,metaspace] GC(356) Metaspace: 8M used, 8M committed, 1088M reserved
[36.016s][info][gc,ref      ] GC(356) Soft: 174 encountered, 0 discovered, 0 enqueued
[36.016s][info][gc,ref      ] GC(356) Weak: 570 encountered, 185 discovered, 0 enqueued
[36.016s][info][gc,ref      ] GC(356) Final: 0 encountered, 0 discovered, 0 enqueued
[36.016s][info][gc,ref      ] GC(356) Phantom: 21 encountered, 18 discovered, 0 enqueued
[36.016s][info][gc,reloc    ] GC(356) Small Pages: 107 / 214M, Empty: 182M, Relocated: 4M, In-Place: 0
[36.016s][info][gc,reloc    ] GC(356) Medium Pages: 2 / 32M, Empty: 0M, Relocated: 1M, In-Place: 0
[36.016s][info][gc,reloc    ] GC(356) Large Pages: 0 / 0M, Empty: 0M, Relocated: 0M, In-Place: 0
[36.016s][info][gc,reloc    ] GC(356) Forwarding Usage: 2M
[36.016s][info][gc,heap     ] GC(356) Min Capacity: 8M(2%)
[36.017s][info][gc,heap     ] GC(356) Max Capacity: 512M(100%)
[36.017s][info][gc,heap     ] GC(356) Soft Max Capacity: 512M(100%)
[36.017s][info][gc,heap     ] GC(356)                Mark Start          Mark End        Relocate Start      Relocate End           High               Low         
[36.017s][info][gc,heap     ] GC(356)  Capacity:      512M (100%)        512M (100%)        512M (100%)        512M (100%)        512M (100%)        512M (100%)   
[36.017s][info][gc,heap     ] GC(356)      Free:      266M (52%)         240M (47%)         420M (82%)         438M (86%)         438M (86%)         240M (47%)    
[36.017s][info][gc,heap     ] GC(356)      Used:      246M (48%)         272M (53%)          92M (18%)          74M (14%)         272M (53%)          74M (14%)    
[36.017s][info][gc,heap     ] GC(356)      Live:         -                21M (4%)           21M (4%)           21M (4%)             -                  -          
[36.017s][info][gc,heap     ] GC(356) Allocated:         -                26M (5%)           28M (5%)           29M (6%)             -                  -          
[36.017s][info][gc,heap     ] GC(356)   Garbage:         -               224M (44%)          42M (8%)           22M (4%)             -                  -          
[36.017s][info][gc,heap     ] GC(356) Reclaimed:         -                  -               182M (36%)         201M (39%)            -                  -          
[36.017s][info][gc          ] GC(356) Garbage Collection (Allocation Rate) 246M(48%)->74M(14%)
[36.080s][info][gc,start    ] GC(357) Garbage Collection (Allocation Rate)
[36.080s][info][gc,task     ] GC(357) Using 5 workers
[36.081s][info][gc,phases   ] GC(357) Pause Mark Start 0.015ms
[36.101s][info][gc,phases   ] GC(357) Concurrent Mark 20.630ms
[36.101s][info][gc,phases   ] GC(357) Pause Mark End 0.012ms
[36.101s][info][gc,phases   ] GC(357) Concurrent Mark Free 0.001ms
[36.102s][info][gc,phases   ] GC(357) Concurrent Process Non-Strong References 0.903ms
[36.102s][info][gc,phases   ] GC(357) Concurrent Reset Relocation Set 0.002ms
[36.106s][info][gc,phases   ] GC(357) Concurrent Select Relocation Set 4.031ms
[36.107s][info][gc,phases   ] GC(357) Pause Relocate Start 0.005ms
[36.109s][info][gc,phases   ] GC(357) Concurrent Relocate 2.791ms
[36.109s][info][gc,load     ] GC(357) Load: 0.00/0.00/0.00
[36.110s][info][gc,mmu      ] GC(357) MMU: 2ms/98.6%, 5ms/99.5%, 10ms/99.6%, 20ms/99.8%, 50ms/99.9%, 100ms/99.9%
[36.110s][info][gc,marking  ] GC(357) Mark: 4 stripe(s), 3 proactive flush(es), 1 terminate flush(es), 0 completion(s), 0 continuation(s) 
[36.110s][info][gc,marking  ] GC(357) Mark Stack Usage: 32M
[36.110s][info][gc,nmethod  ] GC(357) NMethods: 1371 registered, 48 unregistered
[36.110s][info][gc,metaspace] GC(357) Metaspace: 8M used, 8M committed, 1088M reserved
[36.110s][info][gc,ref      ] GC(357) Soft: 174 encountered, 0 discovered, 0 enqueued
[36.110s][info][gc,ref      ] GC(357) Weak: 570 encountered, 251 discovered, 0 enqueued
[36.110s][info][gc,ref      ] GC(357) Final: 0 encountered, 0 discovered, 0 enqueued
[36.110s][info][gc,ref      ] GC(357) Phantom: 21 encountered, 17 discovered, 0 enqueued
[36.110s][info][gc,reloc    ] GC(357) Small Pages: 69 / 138M, Empty: 92M, Relocated: 1M, In-Place: 0
[36.110s][info][gc,reloc    ] GC(357) Medium Pages: 2 / 32M, Empty: 0M, Relocated: 1M, In-Place: 0
[36.110s][info][gc,reloc    ] GC(357) Large Pages: 0 / 0M, Empty: 0M, Relocated: 0M, In-Place: 0
[36.110s][info][gc,reloc    ] GC(357) Forwarding Usage: 0M
[36.110s][info][gc,heap     ] GC(357) Min Capacity: 8M(2%)
[36.110s][info][gc,heap     ] GC(357) Max Capacity: 512M(100%)
[36.110s][info][gc,heap     ] GC(357) Soft Max Capacity: 512M(100%)
[36.110s][info][gc,heap     ] GC(357)                Mark Start          Mark End        Relocate Start      Relocate End           High               Low         
[36.110s][info][gc,heap     ] GC(357)  Capacity:      512M (100%)        512M (100%)        512M (100%)        512M (100%)        512M (100%)        512M (100%)   
[36.110s][info][gc,heap     ] GC(357)      Free:      342M (67%)         318M (62%)         402M (79%)         430M (84%)         432M (84%)         312M (61%)    
[36.110s][info][gc,heap     ] GC(357)      Used:      170M (33%)         194M (38%)         110M (21%)          82M (16%)         200M (39%)          80M (16%)    
[36.110s][info][gc,heap     ] GC(357)      Live:         -                19M (4%)           19M (4%)           19M (4%)             -                  -          
[36.110s][info][gc,heap     ] GC(357) Allocated:         -                24M (5%)           32M (6%)           35M (7%)             -                  -          
[36.110s][info][gc,heap     ] GC(357)   Garbage:         -               150M (29%)          58M (11%)          26M (5%)             -                  -          
[36.110s][info][gc,heap     ] GC(357) Reclaimed:         -                  -                92M (18%)         123M (24%)            -                  -          
[36.110s][info][gc          ] GC(357) Garbage Collection (Allocation Rate) 170M(33%)->82M(16%)
[36.180s][info][gc,start    ] GC(358) Garbage Collection (Allocation Rate)
[36.180s][info][gc,task     ] GC(358) Using 5 workers
[36.180s][info][gc,phases   ] GC(358) Pause Mark Start 0.013ms
[36.203s][info][gc,phases   ] GC(358) Concurrent Mark 22.670ms
[36.203s][info][gc,phases   ] GC(358) Pause Mark End 0.013ms
[36.203s][info][gc,phases   ] GC(358) Concurrent Mark Free 0.001ms
[36.204s][info][gc,phases   ] GC(358) Concurrent Process Non-Strong References 0.860ms
[36.204s][info][gc,phases   ] GC(358) Concurrent Reset Relocation Set 0.002ms
[36.209s][info][gc,phases   ] GC(358) Concurrent Select Relocation Set 5.160ms
[36.210s][info][gc,phases   ] GC(358) Pause Relocate Start 0.006ms
[36.213s][info][gc,phases   ] GC(358) Concurrent Relocate 3.555ms
[36.213s][info][gc,load     ] GC(358) Load: 0.00/0.00/0.00
[36.213s][info][gc,mmu      ] GC(358) MMU: 2ms/98.6%, 5ms/99.5%, 10ms/99.6%, 20ms/99.8%, 50ms/99.9%, 100ms/99.9%
[36.213s][info][gc,marking  ] GC(358) Mark: 4 stripe(s), 2 proactive flush(es), 1 terminate flush(es), 0 completion(s), 0 continuation(s) 
[36.213s][info][gc,marking  ] GC(358) Mark Stack Usage: 32M
[36.213s][info][gc,nmethod  ] GC(358) NMethods: 1371 registered, 48 unregistered
[36.213s][info][gc,metaspace] GC(358) Metaspace: 8M used, 8M committed, 1088M reserved
[36.213s][info][gc,ref      ] GC(358) Soft: 174 encountered, 0 discovered, 0 enqueued
[36.213s][info][gc,ref      ] GC(358) Weak: 570 encountered, 135 discovered, 0 enqueued
[36.213s][info][gc,ref      ] GC(358) Final: 0 encountered, 0 discovered, 0 enqueued
[36.213s][info][gc,ref      ] GC(358) Phantom: 21 encountered, 18 discovered, 0 enqueued
[36.213s][info][gc,reloc    ] GC(358) Small Pages: 126 / 252M, Empty: 210M, Relocated: 5M, In-Place: 0
[36.214s][info][gc,reloc    ] GC(358) Medium Pages: 1 / 16M, Empty: 0M, Relocated: 0M, In-Place: 0
[36.214s][info][gc,reloc    ] GC(358) Large Pages: 0 / 0M, Empty: 0M, Relocated: 0M, In-Place: 0
[36.214s][info][gc,reloc    ] GC(358) Forwarding Usage: 1M
[36.214s][info][gc,heap     ] GC(358) Min Capacity: 8M(2%)
[36.214s][info][gc,heap     ] GC(358) Max Capacity: 512M(100%)
[36.214s][info][gc,heap     ] GC(358) Soft Max Capacity: 512M(100%)
[36.214s][info][gc,heap     ] GC(358)                Mark Start          Mark End        Relocate Start      Relocate End           High               Low         
[36.214s][info][gc,heap     ] GC(358)  Capacity:      512M (100%)        512M (100%)        512M (100%)        512M (100%)        512M (100%)        512M (100%)   
[36.214s][info][gc,heap     ] GC(358)      Free:      244M (48%)         184M (36%)         378M (74%)         384M (75%)         384M (75%)         180M (35%)    
[36.214s][info][gc,heap     ] GC(358)      Used:      268M (52%)         328M (64%)         134M (26%)         128M (25%)         332M (65%)         128M (25%)    
[36.214s][info][gc,heap     ] GC(358)      Live:         -                20M (4%)           20M (4%)           20M (4%)             -                  -          
[36.214s][info][gc,heap     ] GC(358) Allocated:         -                60M (12%)          76M (15%)          83M (16%)            -                  -          
[36.214s][info][gc,heap     ] GC(358)   Garbage:         -               247M (48%)          37M (7%)           23M (5%)             -                  -          
[36.214s][info][gc,heap     ] GC(358) Reclaimed:         -                  -               210M (41%)         223M (44%)            -                  -          
[36.214s][info][gc          ] GC(358) Garbage Collection (Allocation Rate) 268M(52%)->128M(25%)
[36.280s][info][gc,start    ] GC(359) Garbage Collection (Allocation Rate)
[36.280s][info][gc,task     ] GC(359) Using 5 workers
[36.280s][info][gc,phases   ] GC(359) Pause Mark Start 0.010ms
[36.304s][info][gc,phases   ] GC(359) Concurrent Mark 23.697ms
[36.304s][info][gc,phases   ] GC(359) Pause Mark End 0.011ms
[36.304s][info][gc,phases   ] GC(359) Concurrent Mark Free 0.001ms
[36.305s][info][gc,phases   ] GC(359) Concurrent Process Non-Strong References 0.799ms
[36.305s][info][gc,phases   ] GC(359) Concurrent Reset Relocation Set 0.002ms
[36.309s][info][gc,phases   ] GC(359) Concurrent Select Relocation Set 3.972ms
[36.309s][info][gc,phases   ] GC(359) Pause Relocate Start 0.005ms
[36.310s][info][gc,phases   ] GC(359) Concurrent Relocate 0.919ms
[36.310s][info][gc,load     ] GC(359) Load: 0.00/0.00/0.00
[36.310s][info][gc,mmu      ] GC(359) MMU: 2ms/98.6%, 5ms/99.5%, 10ms/99.6%, 20ms/99.8%, 50ms/99.9%, 100ms/99.9%
[36.310s][info][gc,marking  ] GC(359) Mark: 4 stripe(s), 2 proactive flush(es), 1 terminate flush(es), 0 completion(s), 0 continuation(s) 
[36.310s][info][gc,marking  ] GC(359) Mark Stack Usage: 32M
[36.310s][info][gc,nmethod  ] GC(359) NMethods: 1371 registered, 48 unregistered
[36.310s][info][gc,metaspace] GC(359) Metaspace: 8M used, 8M committed, 1088M reserved
[36.310s][info][gc,ref      ] GC(359) Soft: 174 encountered, 0 discovered, 0 enqueued
[36.310s][info][gc,ref      ] GC(359) Weak: 570 encountered, 4 discovered, 0 enqueued
[36.310s][info][gc,ref      ] GC(359) Final: 0 encountered, 0 discovered, 0 enqueued
[36.310s][info][gc,ref      ] GC(359) Phantom: 21 encountered, 17 discovered, 0 enqueued
[36.310s][info][gc,reloc    ] GC(359) Small Pages: 147 / 294M, Empty: 254M, Relocated: 1M, In-Place: 0
[36.310s][info][gc,reloc    ] GC(359) Medium Pages: 1 / 16M, Empty: 0M, Relocated: 0M, In-Place: 0
[36.310s][info][gc,reloc    ] GC(359) Large Pages: 0 / 0M, Empty: 0M, Relocated: 0M, In-Place: 0
[36.310s][info][gc,reloc    ] GC(359) Forwarding Usage: 0M
[36.310s][info][gc,heap     ] GC(359) Min Capacity: 8M(2%)
[36.311s][info][gc,heap     ] GC(359) Max Capacity: 512M(100%)
[36.311s][info][gc,heap     ] GC(359) Soft Max Capacity: 512M(100%)
[36.311s][info][gc,heap     ] GC(359)                Mark Start          Mark End        Relocate Start      Relocate End           High               Low         
[36.311s][info][gc,heap     ] GC(359)  Capacity:      512M (100%)        512M (100%)        512M (100%)        512M (100%)        512M (100%)        512M (100%)   
[36.311s][info][gc,heap     ] GC(359)      Free:      202M (39%)         138M (27%)         384M (75%)         388M (76%)         388M (76%)         136M (27%)    
[36.311s][info][gc,heap     ] GC(359)      Used:      310M (61%)         374M (73%)         128M (25%)         124M (24%)         376M (73%)         124M (24%)    
[36.311s][info][gc,heap     ] GC(359)      Live:         -                20M (4%)           20M (4%)           20M (4%)             -                  -          
[36.311s][info][gc,heap     ] GC(359) Allocated:         -                64M (13%)          72M (14%)          73M (14%)            -                  -          
[36.311s][info][gc,heap     ] GC(359)   Garbage:         -               289M (56%)          35M (7%)           29M (6%)             -                  -          
[36.311s][info][gc,heap     ] GC(359) Reclaimed:         -                  -               254M (50%)         259M (51%)            -                  -          
[36.311s][info][gc          ] GC(359) Garbage Collection (Allocation Rate) 310M(61%)->124M(24%)
[36.381s][info][gc,start    ] GC(360) Garbage Collection (Allocation Rate)
[36.381s][info][gc,task     ] GC(360) Using 5 workers
[36.381s][info][gc,phases   ] GC(360) Pause Mark Start 0.012ms
[36.405s][info][gc,phases   ] GC(360) Concurrent Mark 23.689ms
[36.405s][info][gc,phases   ] GC(360) Pause Mark End 0.013ms
[36.405s][info][gc,phases   ] GC(360) Concurrent Mark Free 0.001ms
[36.406s][info][gc,phases   ] GC(360) Concurrent Process Non-Strong References 0.773ms
[36.406s][info][gc,phases   ] GC(360) Concurrent Reset Relocation Set 0.002ms
[36.411s][info][gc,phases   ] GC(360) Concurrent Select Relocation Set 4.952ms
[36.411s][info][gc,phases   ] GC(360) Pause Relocate Start 0.006ms
[36.414s][info][gc,phases   ] GC(360) Concurrent Relocate 2.881ms
[36.414s][info][gc,load     ] GC(360) Load: 0.00/0.00/0.00
[36.414s][info][gc,mmu      ] GC(360) MMU: 2ms/98.6%, 5ms/99.5%, 10ms/99.6%, 20ms/99.8%, 50ms/99.9%, 100ms/99.9%
[36.414s][info][gc,marking  ] GC(360) Mark: 4 stripe(s), 2 proactive flush(es), 1 terminate flush(es), 0 completion(s), 0 continuation(s) 
[36.414s][info][gc,marking  ] GC(360) Mark Stack Usage: 32M
[36.414s][info][gc,nmethod  ] GC(360) NMethods: 1371 registered, 48 unregistered
[36.414s][info][gc,metaspace] GC(360) Metaspace: 8M used, 8M committed, 1088M reserved
[36.414s][info][gc,ref      ] GC(360) Soft: 174 encountered, 0 discovered, 0 enqueued
[36.414s][info][gc,ref      ] GC(360) Weak: 570 encountered, 46 discovered, 0 enqueued
[36.414s][info][gc,ref      ] GC(360) Final: 0 encountered, 0 discovered, 0 enqueued
[36.414s][info][gc,ref      ] GC(360) Phantom: 21 encountered, 19 discovered, 0 enqueued
[36.414s][info][gc,reloc    ] GC(360) Small Pages: 141 / 282M, Empty: 234M, Relocated: 3M, In-Place: 0
[36.414s][info][gc,reloc    ] GC(360) Medium Pages: 2 / 32M, Empty: 0M, Relocated: 1M, In-Place: 0
[36.414s][info][gc,reloc    ] GC(360) Large Pages: 0 / 0M, Empty: 0M, Relocated: 0M, In-Place: 0
[36.414s][info][gc,reloc    ] GC(360) Forwarding Usage: 1M
[36.414s][info][gc,heap     ] GC(360) Min Capacity: 8M(2%)
[36.414s][info][gc,heap     ] GC(360) Max Capacity: 512M(100%)
[36.414s][info][gc,heap     ] GC(360) Soft Max Capacity: 512M(100%)
[36.414s][info][gc,heap     ] GC(360)                Mark Start          Mark End        Relocate Start      Relocate End           High               Low         
[36.414s][info][gc,heap     ] GC(360)  Capacity:      512M (100%)        512M (100%)        512M (100%)        512M (100%)        512M (100%)        512M (100%)   
[36.414s][info][gc,heap     ] GC(360)      Free:      198M (39%)         132M (26%)         352M (69%)         378M (74%)         378M (74%)         130M (25%)    
[36.414s][info][gc,heap     ] GC(360)      Used:      314M (61%)         380M (74%)         160M (31%)         134M (26%)         382M (75%)         134M (26%)    
[36.414s][info][gc,heap     ] GC(360)      Live:         -                21M (4%)           21M (4%)           21M (4%)             -                  -          
[36.415s][info][gc,heap     ] GC(360) Allocated:         -                66M (13%)          80M (16%)          87M (17%)            -                  -          
[36.415s][info][gc,heap     ] GC(360)   Garbage:         -               292M (57%)          58M (11%)          24M (5%)             -                  -          
[36.415s][info][gc,heap     ] GC(360) Reclaimed:         -                  -               234M (46%)         267M (52%)            -                  -          
[36.415s][info][gc          ] GC(360) Garbage Collection (Allocation Rate) 314M(61%)->134M(26%)
[36.481s][info][gc,start    ] GC(361) Garbage Collection (Allocation Rate)
[36.481s][info][gc,task     ] GC(361) Using 5 workers
[36.481s][info][gc,phases   ] GC(361) Pause Mark Start 0.010ms
[36.504s][info][gc,phases   ] GC(361) Concurrent Mark 22.739ms
[36.504s][info][gc,phases   ] GC(361) Pause Mark End 0.011ms
[36.504s][info][gc,phases   ] GC(361) Concurrent Mark Free 0.001ms
[36.505s][info][gc,phases   ] GC(361) Concurrent Process Non-Strong References 0.756ms
[36.505s][info][gc,phases   ] GC(361) Concurrent Reset Relocation Set 0.002ms
[36.508s][info][gc,phases   ] GC(361) Concurrent Select Relocation Set 2.996ms
[36.508s][info][gc,phases   ] GC(361) Pause Relocate Start 0.004ms
[36.509s][info][gc,phases   ] GC(361) Concurrent Relocate 0.926ms
[36.509s][info][gc,load     ] GC(361) Load: 0.00/0.00/0.00
[36.509s][info][gc,mmu      ] GC(361) MMU: 2ms/98.6%, 5ms/99.5%, 10ms/99.6%, 20ms/99.8%, 50ms/99.9%, 100ms/99.9%
[36.509s][info][gc,marking  ] GC(361) Mark: 4 stripe(s), 2 proactive flush(es), 1 terminate flush(es), 0 completion(s), 0 continuation(s) 
[36.509s][info][gc,marking  ] GC(361) Mark Stack Usage: 32M
[36.509s][info][gc,nmethod  ] GC(361) NMethods: 1371 registered, 48 unregistered
[36.509s][info][gc,metaspace] GC(361) Metaspace: 8M used, 8M committed, 1088M reserved
[36.509s][info][gc,ref      ] GC(361) Soft: 174 encountered, 0 discovered, 0 enqueued
[36.509s][info][gc,ref      ] GC(361) Weak: 570 encountered, 325 discovered, 0 enqueued
[36.509s][info][gc,ref      ] GC(361) Final: 0 encountered, 0 discovered, 0 enqueued
[36.509s][info][gc,ref      ] GC(361) Phantom: 21 encountered, 15 discovered, 0 enqueued
[36.509s][info][gc,reloc    ] GC(361) Small Pages: 135 / 270M, Empty: 226M, Relocated: 1M, In-Place: 0
[36.509s][info][gc,reloc    ] GC(361) Medium Pages: 1 / 16M, Empty: 0M, Relocated: 0M, In-Place: 0
[36.509s][info][gc,reloc    ] GC(361) Large Pages: 0 / 0M, Empty: 0M, Relocated: 0M, In-Place: 0
[36.509s][info][gc,reloc    ] GC(361) Forwarding Usage: 0M
[36.509s][info][gc,heap     ] GC(361) Min Capacity: 8M(2%)
[36.509s][info][gc,heap     ] GC(361) Max Capacity: 512M(100%)
[36.509s][info][gc,heap     ] GC(361) Soft Max Capacity: 512M(100%)
[36.509s][info][gc,heap     ] GC(361)                Mark Start          Mark End        Relocate Start      Relocate End           High               Low         
[36.509s][info][gc,heap     ] GC(361)  Capacity:      512M (100%)        512M (100%)        512M (100%)        512M (100%)        512M (100%)        512M (100%)   
[36.509s][info][gc,heap     ] GC(361)      Free:      226M (44%)         176M (34%)         392M (77%)         398M (78%)         398M (78%)         174M (34%)    
[36.509s][info][gc,heap     ] GC(361)      Used:      286M (56%)         336M (66%)         120M (23%)         114M (22%)         338M (66%)         114M (22%)    
[36.509s][info][gc,heap     ] GC(361)      Live:         -                22M (4%)           22M (4%)           22M (4%)             -                  -          
[36.509s][info][gc,heap     ] GC(361) Allocated:         -                50M (10%)          60M (12%)          61M (12%)            -                  -          
[36.509s][info][gc,heap     ] GC(361)   Garbage:         -               263M (51%)          37M (7%)           29M (6%)             -                  -          
[36.509s][info][gc,heap     ] GC(361) Reclaimed:         -                  -               226M (44%)         233M (46%)            -                  -          
[36.509s][info][gc          ] GC(361) Garbage Collection (Allocation Rate) 286M(56%)->114M(22%)
[36.583s][info][gc,start    ] GC(362) Garbage Collection (Allocation Rate)
[36.583s][info][gc,task     ] GC(362) Using 5 workers
[36.583s][info][gc,phases   ] GC(362) Pause Mark Start 0.013ms
[36.609s][info][gc,phases   ] GC(362) Concurrent Mark 25.961ms
[36.609s][info][gc,phases   ] GC(362) Pause Mark End 0.013ms
[36.609s][info][gc,phases   ] GC(362) Concurrent Mark Free 0.001ms
[36.610s][info][gc,phases   ] GC(362) Concurrent Process Non-Strong References 0.825ms
[36.610s][info][gc,phases   ] GC(362) Concurrent Reset Relocation Set 0.002ms
[36.615s][info][gc,phases   ] GC(362) Concurrent Select Relocation Set 4.805ms
[36.615s][info][gc,phases   ] GC(362) Pause Relocate Start 0.005ms
[36.617s][info][gc,phases   ] GC(362) Concurrent Relocate 2.041ms
[36.617s][info][gc,load     ] GC(362) Load: 0.00/0.00/0.00
[36.617s][info][gc,mmu      ] GC(362) MMU: 2ms/98.6%, 5ms/99.5%, 10ms/99.6%, 20ms/99.8%, 50ms/99.9%, 100ms/99.9%
[36.617s][info][gc,marking  ] GC(362) Mark: 4 stripe(s), 2 proactive flush(es), 1 terminate flush(es), 0 completion(s), 0 continuation(s) 
[36.617s][info][gc,marking  ] GC(362) Mark Stack Usage: 32M
[36.617s][info][gc,nmethod  ] GC(362) NMethods: 1371 registered, 48 unregistered
[36.617s][info][gc,metaspace] GC(362) Metaspace: 8M used, 8M committed, 1088M reserved
[36.617s][info][gc,ref      ] GC(362) Soft: 174 encountered, 0 discovered, 0 enqueued
[36.617s][info][gc,ref      ] GC(362) Weak: 570 encountered, 191 discovered, 0 enqueued
[36.617s][info][gc,ref      ] GC(362) Final: 0 encountered, 0 discovered, 0 enqueued
[36.617s][info][gc,ref      ] GC(362) Phantom: 21 encountered, 14 discovered, 0 enqueued
[36.617s][info][gc,reloc    ] GC(362) Small Pages: 140 / 280M, Empty: 228M, Relocated: 3M, In-Place: 0
[36.617s][info][gc,reloc    ] GC(362) Medium Pages: 1 / 16M, Empty: 0M, Relocated: 0M, In-Place: 0
[36.617s][info][gc,reloc    ] GC(362) Large Pages: 0 / 0M, Empty: 0M, Relocated: 0M, In-Place: 0
[36.617s][info][gc,reloc    ] GC(362) Forwarding Usage: 1M
[36.617s][info][gc,heap     ] GC(362) Min Capacity: 8M(2%)
[36.617s][info][gc,heap     ] GC(362) Max Capacity: 512M(100%)
[36.618s][info][gc,heap     ] GC(362) Soft Max Capacity: 512M(100%)
[36.618s][info][gc,heap     ] GC(362)                Mark Start          Mark End        Relocate Start      Relocate End           High               Low         
[36.618s][info][gc,heap     ] GC(362)  Capacity:      512M (100%)        512M (100%)        512M (100%)        512M (100%)        512M (100%)        512M (100%)   
[36.618s][info][gc,heap     ] GC(362)      Free:      216M (42%)         148M (29%)         360M (70%)         374M (73%)         374M (73%)         146M (29%)    
[36.618s][info][gc,heap     ] GC(362)      Used:      296M (58%)         364M (71%)         152M (30%)         138M (27%)         366M (71%)         138M (27%)    
[36.618s][info][gc,heap     ] GC(362)      Live:         -                22M (4%)           22M (4%)           22M (4%)             -                  -          
[36.618s][info][gc,heap     ] GC(362) Allocated:         -                68M (13%)          84M (16%)          87M (17%)            -                  -          
[36.618s][info][gc,heap     ] GC(362)   Garbage:         -               273M (53%)          45M (9%)           27M (5%)             -                  -          
[36.618s][info][gc,heap     ] GC(362) Reclaimed:         -                  -               228M (45%)         245M (48%)            -                  -          
[36.618s][info][gc          ] GC(362) Garbage Collection (Allocation Rate) 296M(58%)->138M(27%)
[36.680s][info][gc,start    ] GC(363) Garbage Collection (Allocation Rate)
[36.680s][info][gc,task     ] GC(363) Using 5 workers
[36.680s][info][gc,phases   ] GC(363) Pause Mark Start 0.011ms
[36.709s][info][gc,phases   ] GC(363) Concurrent Mark 28.677ms
[36.709s][info][gc,phases   ] GC(363) Pause Mark End 0.012ms
[36.709s][info][gc,phases   ] GC(363) Concurrent Mark Free 0.001ms
[36.710s][info][gc,phases   ] GC(363) Concurrent Process Non-Strong References 0.768ms
[36.710s][info][gc,phases   ] GC(363) Concurrent Reset Relocation Set 0.003ms
[36.716s][info][gc,phases   ] GC(363) Concurrent Select Relocation Set 6.143ms
[36.716s][info][gc,phases   ] GC(363) Pause Relocate Start 0.005ms
[36.720s][info][gc,phases   ] GC(363) Concurrent Relocate 4.005ms
[36.720s][info][gc,load     ] GC(363) Load: 0.00/0.00/0.00
[36.720s][info][gc,mmu      ] GC(363) MMU: 2ms/98.6%, 5ms/99.5%, 10ms/99.6%, 20ms/99.8%, 50ms/99.9%, 100ms/99.9%
[36.720s][info][gc,marking  ] GC(363) Mark: 4 stripe(s), 2 proactive flush(es), 1 terminate flush(es), 0 completion(s), 0 continuation(s) 
[36.720s][info][gc,marking  ] GC(363) Mark Stack Usage: 32M
[36.720s][info][gc,nmethod  ] GC(363) NMethods: 1371 registered, 48 unregistered
[36.720s][info][gc,metaspace] GC(363) Metaspace: 8M used, 8M committed, 1088M reserved
[36.720s][info][gc,ref      ] GC(363) Soft: 174 encountered, 0 discovered, 0 enqueued
[36.720s][info][gc,ref      ] GC(363) Weak: 570 encountered, 83 discovered, 0 enqueued
[36.720s][info][gc,ref      ] GC(363) Final: 0 encountered, 0 discovered, 0 enqueued
[36.720s][info][gc,ref      ] GC(363) Phantom: 21 encountered, 12 discovered, 0 enqueued
[36.720s][info][gc,reloc    ] GC(363) Small Pages: 147 / 294M, Empty: 238M, Relocated: 5M, In-Place: 0
[36.720s][info][gc,reloc    ] GC(363) Medium Pages: 1 / 16M, Empty: 0M, Relocated: 0M, In-Place: 0
[36.721s][info][gc,reloc    ] GC(363) Large Pages: 0 / 0M, Empty: 0M, Relocated: 0M, In-Place: 0
[36.721s][info][gc,reloc    ] GC(363) Forwarding Usage: 2M
[36.721s][info][gc,heap     ] GC(363) Min Capacity: 8M(2%)
[36.721s][info][gc,heap     ] GC(363) Max Capacity: 512M(100%)
[36.721s][info][gc,heap     ] GC(363) Soft Max Capacity: 512M(100%)
[36.721s][info][gc,heap     ] GC(363)                Mark Start          Mark End        Relocate Start      Relocate End           High               Low         
[36.721s][info][gc,heap     ] GC(363)  Capacity:      512M (100%)        512M (100%)        512M (100%)        512M (100%)        512M (100%)        512M (100%)   
[36.721s][info][gc,heap     ] GC(363)      Free:      202M (39%)         124M (24%)         344M (67%)         358M (70%)         360M (70%)         122M (24%)    
[36.721s][info][gc,heap     ] GC(363)      Used:      310M (61%)         388M (76%)         168M (33%)         154M (30%)         390M (76%)         152M (30%)    
[36.721s][info][gc,heap     ] GC(363)      Live:         -                23M (5%)           23M (5%)           23M (5%)             -                  -          
[36.721s][info][gc,heap     ] GC(363) Allocated:         -                78M (15%)          96M (19%)         105M (21%)            -                  -          
[36.721s][info][gc,heap     ] GC(363)   Garbage:         -               286M (56%)          48M (9%)           24M (5%)             -                  -          
[36.721s][info][gc,heap     ] GC(363) Reclaimed:         -                  -               238M (46%)         261M (51%)            -                  -          
[36.721s][info][gc          ] GC(363) Garbage Collection (Allocation Rate) 310M(61%)->154M(30%)
[36.781s][info][gc,start    ] GC(364) Garbage Collection (Allocation Rate)
[36.781s][info][gc,task     ] GC(364) Using 5 workers
[36.781s][info][gc,phases   ] GC(364) Pause Mark Start 0.013ms
[36.817s][info][gc,phases   ] GC(364) Concurrent Mark 36.270ms
[36.817s][info][gc,phases   ] GC(364) Pause Mark End 0.014ms
[36.817s][info][gc,phases   ] GC(364) Concurrent Mark Free 0.001ms
[36.818s][info][gc,phases   ] GC(364) Concurrent Process Non-Strong References 0.943ms
[36.818s][info][gc,phases   ] GC(364) Concurrent Reset Relocation Set 0.003ms
[36.823s][info][gc,phases   ] GC(364) Concurrent Select Relocation Set 4.081ms
[36.823s][info][gc,phases   ] GC(364) Pause Relocate Start 0.007ms
[36.825s][info][gc,phases   ] GC(364) Concurrent Relocate 2.661ms
[36.825s][info][gc,load     ] GC(364) Load: 0.00/0.00/0.00
[36.826s][info][gc,mmu      ] GC(364) MMU: 2ms/98.6%, 5ms/99.5%, 10ms/99.6%, 20ms/99.8%, 50ms/99.9%, 100ms/99.9%
[36.826s][info][gc,marking  ] GC(364) Mark: 4 stripe(s), 2 proactive flush(es), 1 terminate flush(es), 0 completion(s), 0 continuation(s) 
[36.826s][info][gc,marking  ] GC(364) Mark Stack Usage: 32M
[36.826s][info][gc,nmethod  ] GC(364) NMethods: 1371 registered, 48 unregistered
[36.826s][info][gc,metaspace] GC(364) Metaspace: 8M used, 8M committed, 1088M reserved
[36.826s][info][gc,ref      ] GC(364) Soft: 174 encountered, 0 discovered, 0 enqueued
[36.826s][info][gc,ref      ] GC(364) Weak: 570 encountered, 267 discovered, 0 enqueued
[36.826s][info][gc,ref      ] GC(364) Final: 0 encountered, 0 discovered, 0 enqueued
[36.826s][info][gc,ref      ] GC(364) Phantom: 21 encountered, 18 discovered, 0 enqueued
[36.826s][info][gc,reloc    ] GC(364) Small Pages: 123 / 246M, Empty: 202M, Relocated: 1M, In-Place: 0
[36.826s][info][gc,reloc    ] GC(364) Medium Pages: 2 / 32M, Empty: 0M, Relocated: 2M, In-Place: 0
[36.826s][info][gc,reloc    ] GC(364) Large Pages: 0 / 0M, Empty: 0M, Relocated: 0M, In-Place: 0
[36.826s][info][gc,reloc    ] GC(364) Forwarding Usage: 0M
[36.826s][info][gc,heap     ] GC(364) Min Capacity: 8M(2%)
[36.826s][info][gc,heap     ] GC(364) Max Capacity: 512M(100%)
[36.826s][info][gc,heap     ] GC(364) Soft Max Capacity: 512M(100%)
[36.826s][info][gc,heap     ] GC(364)                Mark Start          Mark End        Relocate Start      Relocate End           High               Low         
[36.826s][info][gc,heap     ] GC(364)  Capacity:      512M (100%)        512M (100%)        512M (100%)        512M (100%)        512M (100%)        512M (100%)   
[36.826s][info][gc,heap     ] GC(364)      Free:      234M (46%)         136M (27%)         324M (63%)         340M (66%)         346M (68%)         134M (26%)    
[36.826s][info][gc,heap     ] GC(364)      Used:      278M (54%)         376M (73%)         188M (37%)         172M (34%)         378M (74%)         166M (32%)    
[36.826s][info][gc,heap     ] GC(364)      Live:         -                24M (5%)           24M (5%)           24M (5%)             -                  -          
[36.826s][info][gc,heap     ] GC(364) Allocated:         -                98M (19%)         112M (22%)         119M (23%)            -                  -          
[36.826s][info][gc,heap     ] GC(364)   Garbage:         -               253M (50%)          51M (10%)          27M (5%)             -                  -          
[36.826s][info][gc,heap     ] GC(364) Reclaimed:         -                  -               202M (39%)         225M (44%)            -                  -          
[36.826s][info][gc          ] GC(364) Garbage Collection (Allocation Rate) 278M(54%)->172M(34%)
[36.880s][info][gc,start    ] GC(365) Garbage Collection (Allocation Rate)
[36.880s][info][gc,task     ] GC(365) Using 5 workers
[36.880s][info][gc,phases   ] GC(365) Pause Mark Start 0.009ms
[36.911s][info][gc,phases   ] GC(365) Concurrent Mark 31.012ms
[36.911s][info][gc,phases   ] GC(365) Pause Mark End 0.009ms
[36.911s][info][gc,phases   ] GC(365) Concurrent Mark Free 0.001ms
[36.912s][info][gc,phases   ] GC(365) Concurrent Process Non-Strong References 0.709ms
[36.912s][info][gc,phases   ] GC(365) Concurrent Reset Relocation Set 0.002ms
[36.917s][info][gc,phases   ] GC(365) Concurrent Select Relocation Set 4.885ms
[36.917s][info][gc,phases   ] GC(365) Pause Relocate Start 0.005ms
[36.920s][info][gc,phases   ] GC(365) Concurrent Relocate 3.530ms
[36.920s][info][gc,load     ] GC(365) Load: 0.00/0.00/0.00
[36.921s][info][gc,mmu      ] GC(365) MMU: 2ms/98.6%, 5ms/99.5%, 10ms/99.6%, 20ms/99.8%, 50ms/99.9%, 100ms/99.9%
[36.921s][info][gc,marking  ] GC(365) Mark: 4 stripe(s), 2 proactive flush(es), 1 terminate flush(es), 0 completion(s), 0 continuation(s) 
[36.921s][info][gc,marking  ] GC(365) Mark Stack Usage: 32M
[36.921s][info][gc,nmethod  ] GC(365) NMethods: 1371 registered, 48 unregistered
[36.921s][info][gc,metaspace] GC(365) Metaspace: 8M used, 8M committed, 1088M reserved
[36.921s][info][gc,ref      ] GC(365) Soft: 174 encountered, 0 discovered, 0 enqueued
[36.921s][info][gc,ref      ] GC(365) Weak: 570 encountered, 36 discovered, 0 enqueued
[36.921s][info][gc,ref      ] GC(365) Final: 0 encountered, 0 discovered, 0 enqueued
[36.921s][info][gc,ref      ] GC(365) Phantom: 21 encountered, 18 discovered, 0 enqueued
[36.921s][info][gc,reloc    ] GC(365) Small Pages: 151 / 302M, Empty: 254M, Relocated: 4M, In-Place: 0
[36.921s][info][gc,reloc    ] GC(365) Medium Pages: 1 / 16M, Empty: 0M, Relocated: 0M, In-Place: 0
[36.921s][info][gc,reloc    ] GC(365) Large Pages: 0 / 0M, Empty: 0M, Relocated: 0M, In-Place: 0
[36.921s][info][gc,reloc    ] GC(365) Forwarding Usage: 1M
[36.921s][info][gc,heap     ] GC(365) Min Capacity: 8M(2%)
[36.921s][info][gc,heap     ] GC(365) Max Capacity: 512M(100%)
[36.921s][info][gc,heap     ] GC(365) Soft Max Capacity: 512M(100%)
[36.921s][info][gc,heap     ] GC(365)                Mark Start          Mark End        Relocate Start      Relocate End           High               Low         
[36.921s][info][gc,heap     ] GC(365)  Capacity:      512M (100%)        512M (100%)        512M (100%)        512M (100%)        512M (100%)        512M (100%)   
[36.921s][info][gc,heap     ] GC(365)      Free:      194M (38%)         112M (22%)         350M (68%)         354M (69%)         358M (70%)         110M (21%)    
[36.921s][info][gc,heap     ] GC(365)      Used:      318M (62%)         400M (78%)         162M (32%)         158M (31%)         402M (79%)         154M (30%)    
[36.921s][info][gc,heap     ] GC(365)      Live:         -                25M (5%)           25M (5%)           25M (5%)             -                  -          
[36.921s][info][gc,heap     ] GC(365) Allocated:         -                82M (16%)          98M (19%)         107M (21%)            -                  -          
[36.921s][info][gc,heap     ] GC(365)   Garbage:         -               292M (57%)          38M (8%)           24M (5%)             -                  -          
[36.921s][info][gc,heap     ] GC(365) Reclaimed:         -                  -               254M (50%)         267M (52%)            -                  -          
[36.921s][info][gc          ] GC(365) Garbage Collection (Allocation Rate) 318M(62%)->158M(31%)
[36.989s][info][gc,start    ] GC(366) Garbage Collection (Allocation Rate)
[36.989s][info][gc,task     ] GC(366) Using 5 workers
[36.989s][info][gc,phases   ] GC(366) Pause Mark Start 0.009ms
[37.020s][info][gc,phases   ] GC(366) Concurrent Mark 31.031ms
[37.020s][info][gc,phases   ] GC(366) Pause Mark End 0.010ms
[37.020s][info][gc,phases   ] GC(366) Concurrent Mark Free 0.001ms
[37.021s][info][gc,phases   ] GC(366) Concurrent Process Non-Strong References 0.696ms
[37.021s][info][gc,phases   ] GC(366) Concurrent Reset Relocation Set 0.003ms
[37.025s][info][gc,phases   ] GC(366) Concurrent Select Relocation Set 3.764ms
[37.025s][info][gc,phases   ] GC(366) Pause Relocate Start 0.004ms
[37.027s][info][gc,phases   ] GC(366) Concurrent Relocate 2.026ms
[37.027s][info][gc,load     ] GC(366) Load: 0.00/0.00/0.00
[37.027s][info][gc,mmu      ] GC(366) MMU: 2ms/98.6%, 5ms/99.5%, 10ms/99.6%, 20ms/99.8%, 50ms/99.9%, 100ms/99.9%
[37.027s][info][gc,marking  ] GC(366) Mark: 4 stripe(s), 2 proactive flush(es), 1 terminate flush(es), 0 completion(s), 0 continuation(s) 
[37.027s][info][gc,marking  ] GC(366) Mark Stack Usage: 32M
[37.027s][info][gc,nmethod  ] GC(366) NMethods: 1371 registered, 48 unregistered
[37.027s][info][gc,metaspace] GC(366) Metaspace: 8M used, 8M committed, 1088M reserved
[37.027s][info][gc,ref      ] GC(366) Soft: 174 encountered, 0 discovered, 0 enqueued
[37.027s][info][gc,ref      ] GC(366) Weak: 570 encountered, 5 discovered, 0 enqueued
[37.027s][info][gc,ref      ] GC(366) Final: 0 encountered, 0 discovered, 0 enqueued
[37.028s][info][gc,ref      ] GC(366) Phantom: 21 encountered, 16 discovered, 0 enqueued
[37.028s][info][gc,reloc    ] GC(366) Small Pages: 163 / 326M, Empty: 274M, Relocated: 2M, In-Place: 0
[37.028s][info][gc,reloc    ] GC(366) Medium Pages: 1 / 16M, Empty: 0M, Relocated: 0M, In-Place: 0
[37.028s][info][gc,reloc    ] GC(366) Large Pages: 0 / 0M, Empty: 0M, Relocated: 0M, In-Place: 0
[37.028s][info][gc,reloc    ] GC(366) Forwarding Usage: 1M
[37.028s][info][gc,heap     ] GC(366) Min Capacity: 8M(2%)
[37.028s][info][gc,heap     ] GC(366) Max Capacity: 512M(100%)
[37.028s][info][gc,heap     ] GC(366) Soft Max Capacity: 512M(100%)
[37.028s][info][gc,heap     ] GC(366)                Mark Start          Mark End        Relocate Start      Relocate End           High               Low         
[37.028s][info][gc,heap     ] GC(366)  Capacity:      512M (100%)        512M (100%)        512M (100%)        512M (100%)        512M (100%)        512M (100%)   
[37.028s][info][gc,heap     ] GC(366)      Free:      170M (33%)          88M (17%)         350M (68%)         358M (70%)         360M (70%)          86M (17%)    
[37.028s][info][gc,heap     ] GC(366)      Used:      342M (67%)         424M (83%)         162M (32%)         154M (30%)         426M (83%)         152M (30%)    
[37.028s][info][gc,heap     ] GC(366)      Live:         -                25M (5%)           25M (5%)           25M (5%)             -                  -          
[37.028s][info][gc,heap     ] GC(366) Allocated:         -                82M (16%)          94M (18%)          99M (20%)            -                  -          
[37.028s][info][gc,heap     ] GC(366)   Garbage:         -               316M (62%)          42M (8%)           28M (5%)             -                  -          
[37.028s][info][gc,heap     ] GC(366) Reclaimed:         -                  -               274M (54%)         287M (56%)            -                  -          
[37.028s][info][gc          ] GC(366) Garbage Collection (Allocation Rate) 342M(67%)->154M(30%)
[37.083s][info][gc,start    ] GC(367) Garbage Collection (Allocation Rate)
[37.083s][info][gc,task     ] GC(367) Using 5 workers
[37.083s][info][gc,phases   ] GC(367) Pause Mark Start 0.012ms
[37.114s][info][gc,phases   ] GC(367) Concurrent Mark 30.982ms
[37.114s][info][gc,phases   ] GC(367) Pause Mark End 0.010ms
[37.114s][info][gc,phases   ] GC(367) Concurrent Mark Free 0.001ms
[37.115s][info][gc,phases   ] GC(367) Concurrent Process Non-Strong References 0.775ms
[37.115s][info][gc,phases   ] GC(367) Concurrent Reset Relocation Set 0.002ms
[37.120s][info][gc,phases   ] GC(367) Concurrent Select Relocation Set 5.230ms
[37.120s][info][gc,phases   ] GC(367) Pause Relocate Start 0.005ms
[37.123s][info][gc,phases   ] GC(367) Concurrent Relocate 2.965ms
[37.123s][info][gc,load     ] GC(367) Load: 0.00/0.00/0.00
[37.123s][info][gc,mmu      ] GC(367) MMU: 2ms/98.6%, 5ms/99.5%, 10ms/99.6%, 20ms/99.8%, 50ms/99.9%, 100ms/99.9%
[37.123s][info][gc,marking  ] GC(367) Mark: 4 stripe(s), 2 proactive flush(es), 1 terminate flush(es), 0 completion(s), 0 continuation(s) 
[37.124s][info][gc,marking  ] GC(367) Mark Stack Usage: 32M
[37.124s][info][gc,nmethod  ] GC(367) NMethods: 1371 registered, 48 unregistered
[37.124s][info][gc,metaspace] GC(367) Metaspace: 8M used, 8M committed, 1088M reserved
[37.124s][info][gc,ref      ] GC(367) Soft: 174 encountered, 0 discovered, 0 enqueued
[37.124s][info][gc,ref      ] GC(367) Weak: 570 encountered, 98 discovered, 0 enqueued
[37.124s][info][gc,ref      ] GC(367) Final: 0 encountered, 0 discovered, 0 enqueued
[37.124s][info][gc,ref      ] GC(367) Phantom: 21 encountered, 19 discovered, 0 enqueued
[37.124s][info][gc,reloc    ] GC(367) Small Pages: 137 / 274M, Empty: 222M, Relocated: 3M, In-Place: 0
[37.124s][info][gc,reloc    ] GC(367) Medium Pages: 2 / 32M, Empty: 0M, Relocated: 2M, In-Place: 0
[37.124s][info][gc,reloc    ] GC(367) Large Pages: 0 / 0M, Empty: 0M, Relocated: 0M, In-Place: 0
[37.124s][info][gc,reloc    ] GC(367) Forwarding Usage: 1M
[37.124s][info][gc,heap     ] GC(367) Min Capacity: 8M(2%)
[37.124s][info][gc,heap     ] GC(367) Max Capacity: 512M(100%)
[37.124s][info][gc,heap     ] GC(367) Soft Max Capacity: 512M(100%)
[37.124s][info][gc,heap     ] GC(367)                Mark Start          Mark End        Relocate Start      Relocate End           High               Low         
[37.124s][info][gc,heap     ] GC(367)  Capacity:      512M (100%)        512M (100%)        512M (100%)        512M (100%)        512M (100%)        512M (100%)   
[37.124s][info][gc,heap     ] GC(367)      Free:      206M (40%)         122M (24%)         328M (64%)         352M (69%)         354M (69%)         120M (23%)    
[37.124s][info][gc,heap     ] GC(367)      Used:      306M (60%)         390M (76%)         184M (36%)         160M (31%)         392M (77%)         158M (31%)    
[37.124s][info][gc,heap     ] GC(367)      Live:         -                26M (5%)           26M (5%)           26M (5%)             -                  -          
[37.124s][info][gc,heap     ] GC(367) Allocated:         -                84M (16%)         100M (20%)         107M (21%)            -                  -          
[37.124s][info][gc,heap     ] GC(367)   Garbage:         -               279M (55%)          57M (11%)          25M (5%)             -                  -          
[37.124s][info][gc,heap     ] GC(367) Reclaimed:         -                  -               222M (43%)         253M (50%)            -                  -          
[37.124s][info][gc          ] GC(367) Garbage Collection (Allocation Rate) 306M(60%)->160M(31%)
[37.185s][info][gc,start    ] GC(368) Garbage Collection (Allocation Rate)
[37.185s][info][gc,task     ] GC(368) Using 5 workers
[37.185s][info][gc,phases   ] GC(368) Pause Mark Start 0.010ms
[37.232s][info][gc,phases   ] GC(368) Concurrent Mark 46.624ms
[37.232s][info][gc,phases   ] GC(368) Pause Mark End 0.012ms
[37.232s][info][gc,phases   ] GC(368) Concurrent Mark Free 0.001ms
[37.233s][info][gc,phases   ] GC(368) Concurrent Process Non-Strong References 0.978ms
[37.233s][info][gc,phases   ] GC(368) Concurrent Reset Relocation Set 0.002ms
[37.237s][info][gc,phases   ] GC(368) Concurrent Select Relocation Set 3.866ms
[37.237s][info][gc,phases   ] GC(368) Pause Relocate Start 0.005ms
[37.238s][info][gc,phases   ] GC(368) Concurrent Relocate 1.092ms
[37.238s][info][gc,load     ] GC(368) Load: 0.00/0.00/0.00
[37.238s][info][gc,mmu      ] GC(368) MMU: 2ms/98.6%, 5ms/99.5%, 10ms/99.6%, 20ms/99.8%, 50ms/99.9%, 100ms/99.9%
[37.238s][info][gc,marking  ] GC(368) Mark: 4 stripe(s), 2 proactive flush(es), 1 terminate flush(es), 0 completion(s), 0 continuation(s) 
[37.238s][info][gc,marking  ] GC(368) Mark Stack Usage: 32M
[37.238s][info][gc,nmethod  ] GC(368) NMethods: 1371 registered, 48 unregistered
[37.238s][info][gc,metaspace] GC(368) Metaspace: 8M used, 8M committed, 1088M reserved
[37.238s][info][gc,ref      ] GC(368) Soft: 174 encountered, 0 discovered, 0 enqueued
[37.238s][info][gc,ref      ] GC(368) Weak: 570 encountered, 166 discovered, 0 enqueued
[37.238s][info][gc,ref      ] GC(368) Final: 0 encountered, 0 discovered, 0 enqueued
[37.238s][info][gc,ref      ] GC(368) Phantom: 21 encountered, 14 discovered, 0 enqueued
[37.238s][info][gc,reloc    ] GC(368) Small Pages: 155 / 310M, Empty: 260M, Relocated: 1M, In-Place: 0
[37.238s][info][gc,reloc    ] GC(368) Medium Pages: 1 / 16M, Empty: 0M, Relocated: 0M, In-Place: 0
[37.238s][info][gc,reloc    ] GC(368) Large Pages: 0 / 0M, Empty: 0M, Relocated: 0M, In-Place: 0
[37.238s][info][gc,reloc    ] GC(368) Forwarding Usage: 0M
[37.238s][info][gc,heap     ] GC(368) Min Capacity: 8M(2%)
[37.238s][info][gc,heap     ] GC(368) Max Capacity: 512M(100%)
[37.238s][info][gc,heap     ] GC(368) Soft Max Capacity: 512M(100%)
[37.238s][info][gc,heap     ] GC(368)                Mark Start          Mark End        Relocate Start      Relocate End           High               Low         
[37.238s][info][gc,heap     ] GC(368)  Capacity:      512M (100%)        512M (100%)        512M (100%)        512M (100%)        512M (100%)        512M (100%)   
[37.238s][info][gc,heap     ] GC(368)      Free:      186M (36%)          78M (15%)         324M (63%)         330M (64%)         332M (65%)          76M (15%)    
[37.239s][info][gc,heap     ] GC(368)      Used:      326M (64%)         434M (85%)         188M (37%)         182M (36%)         436M (85%)         180M (35%)    
[37.239s][info][gc,heap     ] GC(368)      Live:         -                27M (5%)           27M (5%)           27M (5%)             -                  -          
[37.239s][info][gc,heap     ] GC(368) Allocated:         -               108M (21%)         122M (24%)         123M (24%)            -                  -          
[37.239s][info][gc,heap     ] GC(368)   Garbage:         -               298M (58%)          38M (8%)           30M (6%)             -                  -          
[37.239s][info][gc,heap     ] GC(368) Reclaimed:         -                  -               260M (51%)         267M (52%)            -                  -          
[37.239s][info][gc          ] GC(368) Garbage Collection (Allocation Rate) 326M(64%)->182M(36%)
[37.280s][info][gc,start    ] GC(369) Garbage Collection (Allocation Rate)
[37.280s][info][gc,task     ] GC(369) Using 5 workers
[37.280s][info][gc,phases   ] GC(369) Pause Mark Start 0.011ms
[37.311s][info][gc,phases   ] GC(369) Concurrent Mark 30.643ms
[37.311s][info][gc,phases   ] GC(369) Pause Mark End 0.009ms
[37.311s][info][gc,phases   ] GC(369) Concurrent Mark Free 0.001ms
[37.311s][info][gc,phases   ] GC(369) Concurrent Process Non-Strong References 0.653ms
[37.312s][info][gc,phases   ] GC(369) Concurrent Reset Relocation Set 0.002ms
[37.316s][info][gc,phases   ] GC(369) Concurrent Select Relocation Set 4.833ms
[37.316s][info][gc,phases   ] GC(369) Pause Relocate Start 0.005ms
[37.319s][info][gc,phases   ] GC(369) Concurrent Relocate 2.493ms
[37.319s][info][gc,load     ] GC(369) Load: 0.00/0.00/0.00
[37.319s][info][gc,mmu      ] GC(369) MMU: 2ms/98.6%, 5ms/99.5%, 10ms/99.6%, 20ms/99.8%, 50ms/99.9%, 100ms/99.9%
[37.319s][info][gc,marking  ] GC(369) Mark: 4 stripe(s), 3 proactive flush(es), 1 terminate flush(es), 0 completion(s), 0 continuation(s) 
[37.319s][info][gc,marking  ] GC(369) Mark Stack Usage: 32M
[37.319s][info][gc,nmethod  ] GC(369) NMethods: 1371 registered, 48 unregistered
[37.319s][info][gc,metaspace] GC(369) Metaspace: 8M used, 8M committed, 1088M reserved
[37.319s][info][gc,ref      ] GC(369) Soft: 174 encountered, 0 discovered, 0 enqueued
[37.319s][info][gc,ref      ] GC(369) Weak: 570 encountered, 187 discovered, 0 enqueued
[37.319s][info][gc,ref      ] GC(369) Final: 0 encountered, 0 discovered, 0 enqueued
[37.319s][info][gc,ref      ] GC(369) Phantom: 21 encountered, 16 discovered, 0 enqueued
[37.319s][info][gc,reloc    ] GC(369) Small Pages: 140 / 280M, Empty: 222M, Relocated: 3M, In-Place: 0
[37.319s][info][gc,reloc    ] GC(369) Medium Pages: 1 / 16M, Empty: 0M, Relocated: 0M, In-Place: 0
[37.319s][info][gc,reloc    ] GC(369) Large Pages: 0 / 0M, Empty: 0M, Relocated: 0M, In-Place: 0
[37.319s][info][gc,reloc    ] GC(369) Forwarding Usage: 1M
[37.319s][info][gc,heap     ] GC(369) Min Capacity: 8M(2%)
[37.319s][info][gc,heap     ] GC(369) Max Capacity: 512M(100%)
[37.320s][info][gc,heap     ] GC(369) Soft Max Capacity: 512M(100%)
[37.320s][info][gc,heap     ] GC(369)                Mark Start          Mark End        Relocate Start      Relocate End           High               Low         
[37.320s][info][gc,heap     ] GC(369)  Capacity:      512M (100%)        512M (100%)        512M (100%)        512M (100%)        512M (100%)        512M (100%)   
[37.320s][info][gc,heap     ] GC(369)      Free:      216M (42%)         136M (27%)         342M (67%)         354M (69%)         354M (69%)         134M (26%)    
[37.320s][info][gc,heap     ] GC(369)      Used:      296M (58%)         376M (73%)         170M (33%)         158M (31%)         378M (74%)         158M (31%)    
[37.320s][info][gc,heap     ] GC(369)      Live:         -                27M (5%)           27M (5%)           27M (5%)             -                  -          
[37.320s][info][gc,heap     ] GC(369) Allocated:         -                80M (16%)          96M (19%)         101M (20%)            -                  -          
[37.320s][info][gc,heap     ] GC(369)   Garbage:         -               268M (52%)          46M (9%)           28M (5%)             -                  -          
[37.320s][info][gc,heap     ] GC(369) Reclaimed:         -                  -               222M (43%)         239M (47%)            -                  -          
[37.320s][info][gc          ] GC(369) Garbage Collection (Allocation Rate) 296M(58%)->158M(31%)
[37.381s][info][gc,start    ] GC(370) Garbage Collection (Allocation Rate)
[37.381s][info][gc,task     ] GC(370) Using 5 workers
[37.381s][info][gc,phases   ] GC(370) Pause Mark Start 0.013ms
[37.408s][info][gc,phases   ] GC(370) Concurrent Mark 27.654ms
[37.409s][info][gc,phases   ] GC(370) Pause Mark End 0.010ms
[37.409s][info][gc,phases   ] GC(370) Concurrent Mark Free 0.001ms
[37.409s][info][gc,phases   ] GC(370) Concurrent Process Non-Strong References 0.700ms
[37.409s][info][gc,phases   ] GC(370) Concurrent Reset Relocation Set 0.002ms
[37.415s][info][gc,phases   ] GC(370) Concurrent Select Relocation Set 5.819ms
[37.415s][info][gc,phases   ] GC(370) Pause Relocate Start 0.006ms
[37.418s][info][gc,phases   ] GC(370) Concurrent Relocate 2.705ms
[37.418s][info][gc,load     ] GC(370) Load: 0.00/0.00/0.00
[37.418s][info][gc,mmu      ] GC(370) MMU: 2ms/98.6%, 5ms/99.5%, 10ms/99.6%, 20ms/99.8%, 50ms/99.9%, 100ms/99.9%
[37.418s][info][gc,marking  ] GC(370) Mark: 4 stripe(s), 6 proactive flush(es), 1 terminate flush(es), 0 completion(s), 0 continuation(s) 
[37.418s][info][gc,marking  ] GC(370) Mark Stack Usage: 32M
[37.418s][info][gc,nmethod  ] GC(370) NMethods: 1371 registered, 48 unregistered
[37.418s][info][gc,metaspace] GC(370) Metaspace: 8M used, 8M committed, 1088M reserved
[37.418s][info][gc,ref      ] GC(370) Soft: 174 encountered, 0 discovered, 0 enqueued
[37.419s][info][gc,ref      ] GC(370) Weak: 570 encountered, 71 discovered, 0 enqueued
[37.419s][info][gc,ref      ] GC(370) Final: 0 encountered, 0 discovered, 0 enqueued
[37.419s][info][gc,ref      ] GC(370) Phantom: 21 encountered, 18 discovered, 0 enqueued
[37.419s][info][gc,reloc    ] GC(370) Small Pages: 135 / 270M, Empty: 216M, Relocated: 5M, In-Place: 0
[37.419s][info][gc,reloc    ] GC(370) Medium Pages: 1 / 16M, Empty: 0M, Relocated: 0M, In-Place: 0
[37.419s][info][gc,reloc    ] GC(370) Large Pages: 0 / 0M, Empty: 0M, Relocated: 0M, In-Place: 0
[37.419s][info][gc,reloc    ] GC(370) Forwarding Usage: 2M
[37.419s][info][gc,heap     ] GC(370) Min Capacity: 8M(2%)
[37.419s][info][gc,heap     ] GC(370) Max Capacity: 512M(100%)
[37.419s][info][gc,heap     ] GC(370) Soft Max Capacity: 512M(100%)
[37.419s][info][gc,heap     ] GC(370)                Mark Start          Mark End        Relocate Start      Relocate End           High               Low         
[37.419s][info][gc,heap     ] GC(370)  Capacity:      512M (100%)        512M (100%)        512M (100%)        512M (100%)        512M (100%)        512M (100%)   
[37.419s][info][gc,heap     ] GC(370)      Free:      226M (44%)         186M (36%)         384M (75%)         394M (77%)         394M (77%)         184M (36%)    
[37.419s][info][gc,heap     ] GC(370)      Used:      286M (56%)         326M (64%)         128M (25%)         118M (23%)         328M (64%)         118M (23%)    
[37.419s][info][gc,heap     ] GC(370)      Live:         -                28M (6%)           28M (6%)           28M (6%)             -                  -          
[37.419s][info][gc,heap     ] GC(370) Allocated:         -                40M (8%)           58M (11%)          63M (12%)            -                  -          
[37.419s][info][gc,heap     ] GC(370)   Garbage:         -               257M (50%)          41M (8%)           25M (5%)             -                  -          
[37.419s][info][gc,heap     ] GC(370) Reclaimed:         -                  -               216M (42%)         231M (45%)            -                  -          
[37.419s][info][gc          ] GC(370) Garbage Collection (Allocation Rate) 286M(56%)->118M(23%)
[37.480s][info][gc,start    ] GC(371) Garbage Collection (Allocation Rate)
[37.481s][info][gc,task     ] GC(371) Using 5 workers
[37.481s][info][gc,phases   ] GC(371) Pause Mark Start 0.015ms
[37.515s][info][gc,phases   ] GC(371) Concurrent Mark 34.547ms
[37.515s][info][gc,phases   ] GC(371) Pause Mark End 0.010ms
[37.516s][info][gc,phases   ] GC(371) Concurrent Mark Free 0.001ms
[37.516s][info][gc,phases   ] GC(371) Concurrent Process Non-Strong References 0.751ms
[37.516s][info][gc,phases   ] GC(371) Concurrent Reset Relocation Set 0.003ms
[37.520s][info][gc,phases   ] GC(371) Concurrent Select Relocation Set 3.743ms
[37.520s][info][gc,phases   ] GC(371) Pause Relocate Start 0.005ms
[37.523s][info][gc,phases   ] GC(371) Concurrent Relocate 2.600ms
[37.523s][info][gc,load     ] GC(371) Load: 0.00/0.00/0.00
[37.523s][info][gc,mmu      ] GC(371) MMU: 2ms/98.6%, 5ms/99.5%, 10ms/99.6%, 20ms/99.8%, 50ms/99.9%, 100ms/99.9%
[37.523s][info][gc,marking  ] GC(371) Mark: 4 stripe(s), 2 proactive flush(es), 1 terminate flush(es), 0 completion(s), 0 continuation(s) 
[37.523s][info][gc,marking  ] GC(371) Mark Stack Usage: 32M
[37.523s][info][gc,nmethod  ] GC(371) NMethods: 1371 registered, 48 unregistered
[37.523s][info][gc,metaspace] GC(371) Metaspace: 8M used, 8M committed, 1088M reserved
[37.523s][info][gc,ref      ] GC(371) Soft: 174 encountered, 0 discovered, 0 enqueued
[37.523s][info][gc,ref      ] GC(371) Weak: 570 encountered, 146 discovered, 0 enqueued
[37.523s][info][gc,ref      ] GC(371) Final: 0 encountered, 0 discovered, 0 enqueued
[37.523s][info][gc,ref      ] GC(371) Phantom: 21 encountered, 12 discovered, 0 enqueued
[37.523s][info][gc,reloc    ] GC(371) Small Pages: 84 / 168M, Empty: 120M, Relocated: 3M, In-Place: 0
[37.523s][info][gc,reloc    ] GC(371) Medium Pages: 2 / 32M, Empty: 0M, Relocated: 4M, In-Place: 0
[37.523s][info][gc,reloc    ] GC(371) Large Pages: 0 / 0M, Empty: 0M, Relocated: 0M, In-Place: 0
[37.523s][info][gc,reloc    ] GC(371) Forwarding Usage: 1M
[37.523s][info][gc,heap     ] GC(371) Min Capacity: 8M(2%)
[37.523s][info][gc,heap     ] GC(371) Max Capacity: 512M(100%)
[37.523s][info][gc,heap     ] GC(371) Soft Max Capacity: 512M(100%)
[37.523s][info][gc,heap     ] GC(371)                Mark Start          Mark End        Relocate Start      Relocate End           High               Low         
[37.523s][info][gc,heap     ] GC(371)  Capacity:      512M (100%)        512M (100%)        512M (100%)        512M (100%)        512M (100%)        512M (100%)   
[37.524s][info][gc,heap     ] GC(371)      Free:      312M (61%)         282M (55%)         400M (78%)         420M (82%)         420M (82%)         280M (55%)    
[37.524s][info][gc,heap     ] GC(371)      Used:      200M (39%)         230M (45%)         112M (22%)          92M (18%)         232M (45%)          92M (18%)    
[37.524s][info][gc,heap     ] GC(371)      Live:         -                37M (7%)           37M (7%)           37M (7%)             -                  -          
[37.524s][info][gc,heap     ] GC(371) Allocated:         -                30M (6%)           32M (6%)           31M (6%)             -                  -          
[37.524s][info][gc,heap     ] GC(371)   Garbage:         -               162M (32%)          42M (8%)           22M (4%)             -                  -          
[37.524s][info][gc,heap     ] GC(371) Reclaimed:         -                  -               120M (23%)         139M (27%)            -                  -          
[37.524s][info][gc          ] GC(371) Garbage Collection (Allocation Rate) 200M(39%)->92M(18%)
[37.580s][info][gc,start    ] GC(372) Garbage Collection (Allocation Rate)
[37.580s][info][gc,task     ] GC(372) Using 5 workers
[37.580s][info][gc,phases   ] GC(372) Pause Mark Start 0.013ms
[37.611s][info][gc,phases   ] GC(372) Concurrent Mark 30.671ms
[37.611s][info][gc,phases   ] GC(372) Pause Mark End 0.015ms
[37.611s][info][gc,phases   ] GC(372) Concurrent Mark Free 0.001ms
[37.612s][info][gc,phases   ] GC(372) Concurrent Process Non-Strong References 0.813ms
[37.612s][info][gc,phases   ] GC(372) Concurrent Reset Relocation Set 0.002ms
[37.616s][info][gc,phases   ] GC(372) Concurrent Select Relocation Set 3.826ms
[37.616s][info][gc,phases   ] GC(372) Pause Relocate Start 0.007ms
[37.618s][info][gc,phases   ] GC(372) Concurrent Relocate 2.017ms
[37.618s][info][gc,load     ] GC(372) Load: 0.00/0.00/0.00
[37.618s][info][gc,mmu      ] GC(372) MMU: 2ms/98.6%, 5ms/99.5%, 10ms/99.6%, 20ms/99.8%, 50ms/99.9%, 100ms/99.9%
[37.618s][info][gc,marking  ] GC(372) Mark: 4 stripe(s), 3 proactive flush(es), 1 terminate flush(es), 0 completion(s), 0 continuation(s) 
[37.619s][info][gc,marking  ] GC(372) Mark Stack Usage: 32M
[37.619s][info][gc,nmethod  ] GC(372) NMethods: 1371 registered, 48 unregistered
[37.619s][info][gc,metaspace] GC(372) Metaspace: 8M used, 8M committed, 1088M reserved
[37.619s][info][gc,ref      ] GC(372) Soft: 174 encountered, 0 discovered, 0 enqueued
[37.619s][info][gc,ref      ] GC(372) Weak: 570 encountered, 52 discovered, 0 enqueued
[37.619s][info][gc,ref      ] GC(372) Final: 0 encountered, 0 discovered, 0 enqueued
[37.619s][info][gc,ref      ] GC(372) Phantom: 21 encountered, 16 discovered, 0 enqueued
[37.619s][info][gc,reloc    ] GC(372) Small Pages: 35 / 70M, Empty: 32M, Relocated: 1M, In-Place: 0
[37.619s][info][gc,reloc    ] GC(372) Medium Pages: 2 / 32M, Empty: 0M, Relocated: 1M, In-Place: 0
[37.619s][info][gc,reloc    ] GC(372) Large Pages: 2 / 8M, Empty: 4M, Relocated: 0M, In-Place: 0
[37.619s][info][gc,reloc    ] GC(372) Forwarding Usage: 0M
[37.619s][info][gc,heap     ] GC(372) Min Capacity: 8M(2%)
[37.619s][info][gc,heap     ] GC(372) Max Capacity: 512M(100%)
[37.619s][info][gc,heap     ] GC(372) Soft Max Capacity: 512M(100%)
[37.619s][info][gc,heap     ] GC(372)                Mark Start          Mark End        Relocate Start      Relocate End           High               Low         
[37.619s][info][gc,heap     ] GC(372)  Capacity:      512M (100%)        512M (100%)        512M (100%)        512M (100%)        512M (100%)        512M (100%)   
[37.619s][info][gc,heap     ] GC(372)      Free:      402M (79%)         378M (74%)         412M (80%)         430M (84%)         430M (84%)         376M (73%)    
[37.619s][info][gc,heap     ] GC(372)      Used:      110M (21%)         134M (26%)         100M (20%)          82M (16%)         136M (27%)          82M (16%)    
[37.619s][info][gc,heap     ] GC(372)      Live:         -                33M (6%)           33M (6%)           33M (6%)             -                  -          
[37.619s][info][gc,heap     ] GC(372) Allocated:         -                24M (5%)           26M (5%)           25M (5%)             -                  -          
[37.619s][info][gc,heap     ] GC(372)   Garbage:         -                76M (15%)          40M (8%)           22M (4%)             -                  -          
[37.619s][info][gc,heap     ] GC(372) Reclaimed:         -                  -                36M (7%)           53M (11%)            -                  -          
[37.619s][info][gc          ] GC(372) Garbage Collection (Allocation Rate) 110M(21%)->82M(16%)
[37.680s][info][gc,start    ] GC(373) Garbage Collection (Allocation Rate)
[37.732s][info][gc,task     ] GC(373) Using 5 workers
[37.732s][info][gc,phases   ] GC(373) Pause Mark Start 0.021ms
[37.761s][info][gc,phases   ] GC(373) Concurrent Mark 28.791ms
[37.761s][info][gc,phases   ] GC(373) Pause Mark End 0.013ms
[37.761s][info][gc,phases   ] GC(373) Concurrent Mark Free 0.001ms
[37.762s][info][gc,phases   ] GC(373) Concurrent Process Non-Strong References 0.653ms
[37.762s][info][gc,phases   ] GC(373) Concurrent Reset Relocation Set 0.002ms
[37.767s][info][gc,phases   ] GC(373) Concurrent Select Relocation Set 5.166ms
[37.767s][info][gc,phases   ] GC(373) Pause Relocate Start 0.006ms
[37.770s][info][gc,phases   ] GC(373) Concurrent Relocate 2.736ms
[37.770s][info][gc,load     ] GC(373) Load: 0.00/0.00/0.00
[37.770s][info][gc,mmu      ] GC(373) MMU: 2ms/98.6%, 5ms/99.5%, 10ms/99.6%, 20ms/99.8%, 50ms/99.9%, 100ms/99.9%
[37.770s][info][gc,marking  ] GC(373) Mark: 4 stripe(s), 2 proactive flush(es), 1 terminate flush(es), 0 completion(s), 0 continuation(s) 
[37.770s][info][gc,marking  ] GC(373) Mark Stack Usage: 32M
[37.770s][info][gc,nmethod  ] GC(373) NMethods: 1371 registered, 48 unregistered
[37.770s][info][gc,metaspace] GC(373) Metaspace: 8M used, 8M committed, 1088M reserved
[37.770s][info][gc,ref      ] GC(373) Soft: 174 encountered, 0 discovered, 0 enqueued
[37.770s][info][gc,ref      ] GC(373) Weak: 570 encountered, 234 discovered, 0 enqueued
[37.770s][info][gc,ref      ] GC(373) Final: 0 encountered, 0 discovered, 0 enqueued
[37.770s][info][gc,ref      ] GC(373) Phantom: 21 encountered, 18 discovered, 0 enqueued
[37.770s][info][gc,reloc    ] GC(373) Small Pages: 32 / 64M, Empty: 20M, Relocated: 5M, In-Place: 0
[37.770s][info][gc,reloc    ] GC(373) Medium Pages: 2 / 32M, Empty: 16M, Relocated: 0M, In-Place: 0
[37.770s][info][gc,reloc    ] GC(373) Large Pages: 4 / 16M, Empty: 12M, Relocated: 0M, In-Place: 0
[37.770s][info][gc,reloc    ] GC(373) Forwarding Usage: 2M
[37.770s][info][gc,heap     ] GC(373) Min Capacity: 8M(2%)
[37.770s][info][gc,heap     ] GC(373) Max Capacity: 512M(100%)
[37.770s][info][gc,heap     ] GC(373) Soft Max Capacity: 512M(100%)
[37.770s][info][gc,heap     ] GC(373)                Mark Start          Mark End        Relocate Start      Relocate End           High               Low         
[37.770s][info][gc,heap     ] GC(373)  Capacity:      512M (100%)        512M (100%)        512M (100%)        512M (100%)        512M (100%)        512M (100%)   
[37.771s][info][gc,heap     ] GC(373)      Free:      400M (78%)         384M (75%)         432M (84%)         436M (85%)         436M (85%)         384M (75%)    
[37.771s][info][gc,heap     ] GC(373)      Used:      112M (22%)         128M (25%)          80M (16%)          76M (15%)         128M (25%)          76M (15%)    
[37.771s][info][gc,heap     ] GC(373)      Live:         -                32M (6%)           32M (6%)           32M (6%)             -                  -          
[37.771s][info][gc,heap     ] GC(373) Allocated:         -                16M (3%)           16M (3%)           17M (3%)             -                  -          
[37.771s][info][gc,heap     ] GC(373)   Garbage:         -                79M (16%)          31M (6%)           25M (5%)             -                  -          
[37.771s][info][gc,heap     ] GC(373) Reclaimed:         -                  -                48M (9%)           53M (11%)            -                  -          
[37.771s][info][gc          ] GC(373) Garbage Collection (Allocation Rate) 112M(22%)->76M(15%)
[37.780s][info][gc,start    ] GC(374) Garbage Collection (Allocation Rate)
[37.780s][info][gc,task     ] GC(374) Using 5 workers
[37.780s][info][gc,phases   ] GC(374) Pause Mark Start 0.009ms
[37.809s][info][gc,phases   ] GC(374) Concurrent Mark 28.755ms
[37.809s][info][gc,phases   ] GC(374) Pause Mark End 0.012ms
[37.809s][info][gc,phases   ] GC(374) Concurrent Mark Free 0.001ms
[37.810s][info][gc,phases   ] GC(374) Concurrent Process Non-Strong References 0.688ms
[37.810s][info][gc,phases   ] GC(374) Concurrent Reset Relocation Set 0.001ms
[37.816s][info][gc,phases   ] GC(374) Concurrent Select Relocation Set 6.530ms
[37.817s][info][gc,phases   ] GC(374) Pause Relocate Start 0.005ms
[37.820s][info][gc,phases   ] GC(374) Concurrent Relocate 3.101ms
[37.820s][info][gc,load     ] GC(374) Load: 0.00/0.00/0.00
[37.820s][info][gc,mmu      ] GC(374) MMU: 2ms/98.6%, 5ms/99.5%, 10ms/99.6%, 20ms/99.8%, 50ms/99.9%, 100ms/99.9%
[37.820s][info][gc,marking  ] GC(374) Mark: 4 stripe(s), 2 proactive flush(es), 1 terminate flush(es), 0 completion(s), 0 continuation(s) 
[37.820s][info][gc,marking  ] GC(374) Mark Stack Usage: 32M
[37.820s][info][gc,nmethod  ] GC(374) NMethods: 1371 registered, 48 unregistered
[37.820s][info][gc,metaspace] GC(374) Metaspace: 8M used, 8M committed, 1088M reserved
[37.820s][info][gc,ref      ] GC(374) Soft: 174 encountered, 0 discovered, 0 enqueued
[37.820s][info][gc,ref      ] GC(374) Weak: 570 encountered, 60 discovered, 0 enqueued
[37.820s][info][gc,ref      ] GC(374) Final: 0 encountered, 0 discovered, 0 enqueued
[37.820s][info][gc,ref      ] GC(374) Phantom: 21 encountered, 14 discovered, 0 enqueued
[37.820s][info][gc,reloc    ] GC(374) Small Pages: 20 / 40M, Empty: 0M, Relocated: 5M, In-Place: 0
[37.820s][info][gc,reloc    ] GC(374) Medium Pages: 2 / 32M, Empty: 0M, Relocated: 1M, In-Place: 0
[37.820s][info][gc,reloc    ] GC(374) Large Pages: 1 / 4M, Empty: 0M, Relocated: 0M, In-Place: 0
[37.820s][info][gc,reloc    ] GC(374) Forwarding Usage: 2M
[37.820s][info][gc,heap     ] GC(374) Min Capacity: 8M(2%)
[37.820s][info][gc,heap     ] GC(374) Max Capacity: 512M(100%)
[37.820s][info][gc,heap     ] GC(374) Soft Max Capacity: 512M(100%)
[37.820s][info][gc,heap     ] GC(374)                Mark Start          Mark End        Relocate Start      Relocate End           High               Low         
[37.820s][info][gc,heap     ] GC(374)  Capacity:      512M (100%)        512M (100%)        512M (100%)        512M (100%)        512M (100%)        512M (100%)   
[37.820s][info][gc,heap     ] GC(374)      Free:      436M (85%)         420M (82%)         420M (82%)         438M (86%)         438M (86%)         398M (78%)    
[37.820s][info][gc,heap     ] GC(374)      Used:       76M (15%)          92M (18%)          92M (18%)          74M (14%)         114M (22%)          74M (14%)    
[37.820s][info][gc,heap     ] GC(374)      Live:         -                32M (6%)           32M (6%)           32M (6%)             -                  -          
[37.820s][info][gc,heap     ] GC(374) Allocated:         -                16M (3%)           16M (3%)           16M (3%)             -                  -          
[37.820s][info][gc,heap     ] GC(374)   Garbage:         -                43M (8%)           43M (8%)           24M (5%)             -                  -          
[37.820s][info][gc,heap     ] GC(374) Reclaimed:         -                  -                 0M (0%)           18M (4%)             -                  -          
[37.820s][info][gc          ] GC(374) Garbage Collection (Allocation Rate) 76M(15%)->74M(14%)
[37.881s][info][gc,start    ] GC(375) Garbage Collection (Allocation Rate)
[37.881s][info][gc,task     ] GC(375) Using 5 workers
[37.881s][info][gc,phases   ] GC(375) Pause Mark Start 0.015ms
[37.913s][info][gc,phases   ] GC(375) Concurrent Mark 31.627ms
[37.913s][info][gc,phases   ] GC(375) Pause Mark End 0.013ms
[37.913s][info][gc,phases   ] GC(375) Concurrent Mark Free 0.001ms
[37.914s][info][gc,phases   ] GC(375) Concurrent Process Non-Strong References 0.733ms
[37.914s][info][gc,phases   ] GC(375) Concurrent Reset Relocation Set 0.002ms
[37.917s][info][gc,phases   ] GC(375) Concurrent Select Relocation Set 3.606ms
[37.917s][info][gc,phases   ] GC(375) Pause Relocate Start 0.004ms
[37.921s][info][gc,phases   ] GC(375) Concurrent Relocate 3.915ms
[37.921s][info][gc,load     ] GC(375) Load: 0.00/0.00/0.00
[37.921s][info][gc,mmu      ] GC(375) MMU: 2ms/98.6%, 5ms/99.5%, 10ms/99.6%, 20ms/99.8%, 50ms/99.9%, 100ms/99.9%
[37.921s][info][gc,marking  ] GC(375) Mark: 4 stripe(s), 2 proactive flush(es), 1 terminate flush(es), 0 completion(s), 0 continuation(s) 
[37.922s][info][gc,marking  ] GC(375) Mark Stack Usage: 32M
[37.922s][info][gc,nmethod  ] GC(375) NMethods: 1371 registered, 48 unregistered
[37.922s][info][gc,metaspace] GC(375) Metaspace: 8M used, 8M committed, 1088M reserved
[37.922s][info][gc,ref      ] GC(375) Soft: 174 encountered, 0 discovered, 0 enqueued
[37.922s][info][gc,ref      ] GC(375) Weak: 570 encountered, 40 discovered, 0 enqueued
[37.922s][info][gc,ref      ] GC(375) Final: 0 encountered, 0 discovered, 0 enqueued
[37.922s][info][gc,ref      ] GC(375) Phantom: 21 encountered, 18 discovered, 0 enqueued
[37.922s][info][gc,reloc    ] GC(375) Small Pages: 19 / 38M, Empty: 0M, Relocated: 4M, In-Place: 0
[37.922s][info][gc,reloc    ] GC(375) Medium Pages: 2 / 32M, Empty: 16M, Relocated: 0M, In-Place: 0
[37.922s][info][gc,reloc    ] GC(375) Large Pages: 1 / 4M, Empty: 0M, Relocated: 0M, In-Place: 0
[37.922s][info][gc,reloc    ] GC(375) Forwarding Usage: 2M
[37.922s][info][gc,heap     ] GC(375) Min Capacity: 8M(2%)
[37.922s][info][gc,heap     ] GC(375) Max Capacity: 512M(100%)
[37.922s][info][gc,heap     ] GC(375) Soft Max Capacity: 512M(100%)
[37.922s][info][gc,heap     ] GC(375)                Mark Start          Mark End        Relocate Start      Relocate End           High               Low         
[37.922s][info][gc,heap     ] GC(375)  Capacity:      512M (100%)        512M (100%)        512M (100%)        512M (100%)        512M (100%)        512M (100%)   
[37.922s][info][gc,heap     ] GC(375)      Free:      438M (86%)         416M (81%)         428M (84%)         426M (83%)         438M (86%)         412M (80%)    
[37.922s][info][gc,heap     ] GC(375)      Used:       74M (14%)          96M (19%)          84M (16%)          86M (17%)         100M (20%)          74M (14%)    
[37.922s][info][gc,heap     ] GC(375)      Live:         -                32M (6%)           32M (6%)           32M (6%)             -                  -          
[37.922s][info][gc,heap     ] GC(375) Allocated:         -                22M (4%)           26M (5%)           27M (5%)             -                  -          
[37.922s][info][gc,heap     ] GC(375)   Garbage:         -                41M (8%)           25M (5%)           25M (5%)             -                  -          
[37.922s][info][gc,heap     ] GC(375) Reclaimed:         -                  -                16M (3%)           15M (3%)             -                  -          
[37.922s][info][gc          ] GC(375) Garbage Collection (Allocation Rate) 74M(14%)->86M(17%)
[37.981s][info][gc,start    ] GC(376) Garbage Collection (Allocation Rate)
[37.981s][info][gc,task     ] GC(376) Using 5 workers
[37.981s][info][gc,phases   ] GC(376) Pause Mark Start 0.013ms
[38.014s][info][gc,phases   ] GC(376) Concurrent Mark 32.672ms
[38.014s][info][gc,phases   ] GC(376) Pause Mark End 0.011ms
[38.014s][info][gc,phases   ] GC(376) Concurrent Mark Free 0.001ms
[38.014s][info][gc,phases   ] GC(376) Concurrent Process Non-Strong References 0.704ms
[38.015s][info][gc,phases   ] GC(376) Concurrent Reset Relocation Set 0.002ms
[38.021s][info][gc,phases   ] GC(376) Concurrent Select Relocation Set 6.158ms
[38.021s][info][gc,phases   ] GC(376) Pause Relocate Start 0.005ms
[38.024s][info][gc,phases   ] GC(376) Concurrent Relocate 2.786ms
[38.024s][info][gc,load     ] GC(376) Load: 0.00/0.00/0.00
[38.024s][info][gc,mmu      ] GC(376) MMU: 2ms/98.6%, 5ms/99.5%, 10ms/99.6%, 20ms/99.8%, 50ms/99.9%, 100ms/99.9%
[38.024s][info][gc,marking  ] GC(376) Mark: 4 stripe(s), 2 proactive flush(es), 1 terminate flush(es), 0 completion(s), 0 continuation(s) 
[38.024s][info][gc,marking  ] GC(376) Mark Stack Usage: 32M
[38.024s][info][gc,nmethod  ] GC(376) NMethods: 1372 registered, 48 unregistered
[38.024s][info][gc,metaspace] GC(376) Metaspace: 8M used, 8M committed, 1088M reserved
[38.024s][info][gc,ref      ] GC(376) Soft: 174 encountered, 0 discovered, 0 enqueued
[38.024s][info][gc,ref      ] GC(376) Weak: 570 encountered, 100 discovered, 0 enqueued
[38.024s][info][gc,ref      ] GC(376) Final: 0 encountered, 0 discovered, 0 enqueued
[38.024s][info][gc,ref      ] GC(376) Phantom: 21 encountered, 11 discovered, 0 enqueued
[38.024s][info][gc,reloc    ] GC(376) Small Pages: 44 / 88M, Empty: 42M, Relocated: 4M, In-Place: 0
[38.024s][info][gc,reloc    ] GC(376) Medium Pages: 2 / 32M, Empty: 16M, Relocated: 0M, In-Place: 0
[38.024s][info][gc,reloc    ] GC(376) Large Pages: 1 / 4M, Empty: 0M, Relocated: 0M, In-Place: 0
[38.024s][info][gc,reloc    ] GC(376) Forwarding Usage: 2M
[38.024s][info][gc,heap     ] GC(376) Min Capacity: 8M(2%)
[38.024s][info][gc,heap     ] GC(376) Max Capacity: 512M(100%)
[38.024s][info][gc,heap     ] GC(376) Soft Max Capacity: 512M(100%)
[38.024s][info][gc,heap     ] GC(376)                Mark Start          Mark End        Relocate Start      Relocate End           High               Low         
[38.024s][info][gc,heap     ] GC(376)  Capacity:      512M (100%)        512M (100%)        512M (100%)        512M (100%)        512M (100%)        512M (100%)   
[38.024s][info][gc,heap     ] GC(376)      Free:      388M (76%)         386M (75%)         444M (87%)         452M (88%)         452M (88%)         386M (75%)    
[38.024s][info][gc,heap     ] GC(376)      Used:      124M (24%)         126M (25%)          68M (13%)          60M (12%)         126M (25%)          60M (12%)    
[38.024s][info][gc,heap     ] GC(376)      Live:         -                32M (6%)           32M (6%)           32M (6%)             -                  -          
[38.024s][info][gc,heap     ] GC(376) Allocated:         -                 2M (0%)            2M (0%)            2M (0%)             -                  -          
[38.024s][info][gc,heap     ] GC(376)   Garbage:         -                91M (18%)          33M (6%)           25M (5%)             -                  -          
[38.025s][info][gc,heap     ] GC(376) Reclaimed:         -                  -                58M (11%)          66M (13%)            -                  -          
[38.025s][info][gc          ] GC(376) Garbage Collection (Allocation Rate) 124M(24%)->60M(12%)
[38.025s][info][gc,start    ] GC(377) Garbage Collection (System.gc())
[38.025s][info][gc,task     ] GC(377) Using 5 workers
[38.025s][info][gc,phases   ] GC(377) Pause Mark Start 0.008ms
[38.028s][info][gc,phases   ] GC(377) Concurrent Mark 3.739ms
[38.029s][info][gc,phases   ] GC(377) Pause Mark End 0.009ms
[38.029s][info][gc,phases   ] GC(377) Concurrent Mark Free 0.001ms
[38.030s][info][gc,phases   ] GC(377) Concurrent Process Non-Strong References 0.790ms
[38.030s][info][gc,phases   ] GC(377) Concurrent Reset Relocation Set 0.001ms
[38.033s][info][gc,phases   ] GC(377) Concurrent Select Relocation Set 3.897ms
[38.034s][info][gc,phases   ] GC(377) Pause Relocate Start 0.005ms
[38.036s][info][gc,phases   ] GC(377) Concurrent Relocate 2.628ms
[38.036s][info][gc,load     ] GC(377) Load: 0.00/0.00/0.00
[38.036s][info][gc,mmu      ] GC(377) MMU: 2ms/98.6%, 5ms/99.5%, 10ms/99.6%, 20ms/99.8%, 50ms/99.9%, 100ms/99.9%
[38.036s][info][gc,marking  ] GC(377) Mark: 4 stripe(s), 1 proactive flush(es), 1 terminate flush(es), 0 completion(s), 0 continuation(s) 
[38.036s][info][gc,marking  ] GC(377) Mark Stack Usage: 32M
[38.036s][info][gc,nmethod  ] GC(377) NMethods: 1372 registered, 48 unregistered
[38.036s][info][gc,metaspace] GC(377) Metaspace: 8M used, 8M committed, 1088M reserved
[38.036s][info][gc,ref      ] GC(377) Soft: 174 encountered, 0 discovered, 0 enqueued
[38.037s][info][gc,ref      ] GC(377) Weak: 570 encountered, 30 discovered, 0 enqueued
[38.037s][info][gc,ref      ] GC(377) Final: 0 encountered, 0 discovered, 0 enqueued
[38.037s][info][gc,ref      ] GC(377) Phantom: 21 encountered, 18 discovered, 0 enqueued
[38.037s][info][gc,reloc    ] GC(377) Small Pages: 20 / 40M, Empty: 24M, Relocated: 1M, In-Place: 0
[38.037s][info][gc,reloc    ] GC(377) Medium Pages: 1 / 16M, Empty: 16M, Relocated: 0M, In-Place: 0
[38.037s][info][gc,reloc    ] GC(377) Large Pages: 1 / 4M, Empty: 4M, Relocated: 0M, In-Place: 0
[38.037s][info][gc,reloc    ] GC(377) Forwarding Usage: 0M
[38.037s][info][gc,heap     ] GC(377) Min Capacity: 8M(2%)
[38.037s][info][gc,heap     ] GC(377) Max Capacity: 512M(100%)
[38.037s][info][gc,heap     ] GC(377) Soft Max Capacity: 512M(100%)
[38.037s][info][gc,heap     ] GC(377)                Mark Start          Mark End        Relocate Start      Relocate End           High               Low         
[38.037s][info][gc,heap     ] GC(377)  Capacity:      512M (100%)        512M (100%)        512M (100%)        512M (100%)        512M (100%)        512M (100%)   
[38.037s][info][gc,heap     ] GC(377)      Free:      452M (88%)         452M (88%)         496M (97%)         498M (97%)         498M (97%)         452M (88%)    
[38.037s][info][gc,heap     ] GC(377)      Used:       60M (12%)          60M (12%)          16M (3%)           14M (3%)           60M (12%)          14M (3%)     
[38.037s][info][gc,heap     ] GC(377)      Live:         -                 4M (1%)            4M (1%)            4M (1%)             -                  -          
[38.037s][info][gc,heap     ] GC(377) Allocated:         -                 0M (0%)            0M (0%)            0M (0%)             -                  -          
[38.037s][info][gc,heap     ] GC(377)   Garbage:         -                55M (11%)          11M (2%)            9M (2%)             -                  -          
[38.037s][info][gc,heap     ] GC(377) Reclaimed:         -                  -                44M (9%)           46M (9%)             -                  -          
[38.037s][info][gc          ] GC(377) Garbage Collection (System.gc()) 60M(12%)->14M(3%)
[38.080s][info][gc,start    ] GC(378) Garbage Collection (Allocation Rate)
[38.081s][info][gc,task     ] GC(378) Using 5 workers
[38.081s][info][gc,phases   ] GC(378) Pause Mark Start 0.012ms
[38.086s][info][gc,phases   ] GC(378) Concurrent Mark 5.674ms
[38.087s][info][gc,phases   ] GC(378) Pause Mark End 0.013ms
[38.087s][info][gc,phases   ] GC(378) Concurrent Mark Free 0.001ms
[38.087s][info][gc,phases   ] GC(378) Concurrent Process Non-Strong References 0.861ms
[38.088s][info][gc,phases   ] GC(378) Concurrent Reset Relocation Set 0.002ms
[38.092s][info][gc,phases   ] GC(378) Concurrent Select Relocation Set 4.075ms
[38.092s][info][gc,phases   ] GC(378) Pause Relocate Start 0.005ms
[38.094s][info][gc,phases   ] GC(378) Concurrent Relocate 2.588ms
[38.094s][info][gc,load     ] GC(378) Load: 0.00/0.00/0.00
[38.095s][info][gc,mmu      ] GC(378) MMU: 2ms/98.6%, 5ms/99.5%, 10ms/99.6%, 20ms/99.8%, 50ms/99.9%, 100ms/99.9%
[38.095s][info][gc,marking  ] GC(378) Mark: 4 stripe(s), 2 proactive flush(es), 1 terminate flush(es), 0 completion(s), 0 continuation(s) 
[38.095s][info][gc,marking  ] GC(378) Mark Stack Usage: 32M
[38.095s][info][gc,nmethod  ] GC(378) NMethods: 1373 registered, 48 unregistered
[38.095s][info][gc,metaspace] GC(378) Metaspace: 8M used, 8M committed, 1088M reserved
[38.095s][info][gc,ref      ] GC(378) Soft: 174 encountered, 0 discovered, 0 enqueued
[38.095s][info][gc,ref      ] GC(378) Weak: 570 encountered, 92 discovered, 0 enqueued
[38.095s][info][gc,ref      ] GC(378) Final: 0 encountered, 0 discovered, 0 enqueued
[38.095s][info][gc,ref      ] GC(378) Phantom: 21 encountered, 18 discovered, 0 enqueued
[38.095s][info][gc,reloc    ] GC(378) Small Pages: 55 / 110M, Empty: 84M, Relocated: 1M, In-Place: 0
[38.095s][info][gc,reloc    ] GC(378) Medium Pages: 0 / 0M, Empty: 0M, Relocated: 0M, In-Place: 0
[38.095s][info][gc,reloc    ] GC(378) Large Pages: 0 / 0M, Empty: 0M, Relocated: 0M, In-Place: 0
[38.095s][info][gc,reloc    ] GC(378) Forwarding Usage: 0M
[38.095s][info][gc,heap     ] GC(378) Min Capacity: 8M(2%)
[38.095s][info][gc,heap     ] GC(378) Max Capacity: 512M(100%)
[38.095s][info][gc,heap     ] GC(378) Soft Max Capacity: 512M(100%)
[38.095s][info][gc,heap     ] GC(378)                Mark Start          Mark End        Relocate Start      Relocate End           High               Low         
[38.095s][info][gc,heap     ] GC(378)  Capacity:      512M (100%)        512M (100%)        512M (100%)        512M (100%)        512M (100%)        512M (100%)   
[38.095s][info][gc,heap     ] GC(378)      Free:      402M (79%)         396M (77%)         474M (93%)         484M (95%)         484M (95%)         392M (77%)    
[38.095s][info][gc,heap     ] GC(378)      Used:      110M (21%)         116M (23%)          38M (7%)           28M (5%)          120M (23%)          28M (5%)     
[38.095s][info][gc,heap     ] GC(378)      Live:         -                 4M (1%)            4M (1%)            4M (1%)             -                  -          
[38.095s][info][gc,heap     ] GC(378) Allocated:         -                 6M (1%)           12M (2%)           13M (3%)             -                  -          
[38.095s][info][gc,heap     ] GC(378)   Garbage:         -               105M (21%)          21M (4%)            9M (2%)             -                  -          
[38.095s][info][gc,heap     ] GC(378) Reclaimed:         -                  -                84M (16%)          95M (19%)            -                  -          
[38.095s][info][gc          ] GC(378) Garbage Collection (Allocation Rate) 110M(21%)->28M(5%)
[38.180s][info][gc,start    ] GC(379) Garbage Collection (Allocation Rate)
[38.180s][info][gc,task     ] GC(379) Using 5 workers
[38.180s][info][gc,phases   ] GC(379) Pause Mark Start 0.012ms
[38.189s][info][gc,phases   ] GC(379) Concurrent Mark 8.691ms
[38.189s][info][gc,phases   ] GC(379) Pause Mark End 0.011ms
[38.189s][info][gc,phases   ] GC(379) Concurrent Mark Free 0.001ms
[38.191s][info][gc,phases   ] GC(379) Concurrent Process Non-Strong References 1.136ms
[38.191s][info][gc,phases   ] GC(379) Concurrent Reset Relocation Set 0.003ms
[38.194s][info][gc,phases   ] GC(379) Concurrent Select Relocation Set 3.618ms
[38.194s][info][gc,phases   ] GC(379) Pause Relocate Start 0.006ms
[38.195s][info][gc,phases   ] GC(379) Concurrent Relocate 0.973ms
[38.195s][info][gc,load     ] GC(379) Load: 0.00/0.00/0.00
[38.195s][info][gc,mmu      ] GC(379) MMU: 2ms/98.6%, 5ms/99.5%, 10ms/99.6%, 20ms/99.8%, 50ms/99.9%, 100ms/99.9%
[38.196s][info][gc,marking  ] GC(379) Mark: 4 stripe(s), 2 proactive flush(es), 1 terminate flush(es), 0 completion(s), 0 continuation(s) 
[38.196s][info][gc,marking  ] GC(379) Mark Stack Usage: 32M
[38.196s][info][gc,nmethod  ] GC(379) NMethods: 1373 registered, 48 unregistered
[38.196s][info][gc,metaspace] GC(379) Metaspace: 8M used, 8M committed, 1088M reserved
[38.196s][info][gc,ref      ] GC(379) Soft: 174 encountered, 0 discovered, 0 enqueued
[38.196s][info][gc,ref      ] GC(379) Weak: 570 encountered, 137 discovered, 0 enqueued
[38.196s][info][gc,ref      ] GC(379) Final: 0 encountered, 0 discovered, 0 enqueued
[38.196s][info][gc,ref      ] GC(379) Phantom: 21 encountered, 18 discovered, 0 enqueued
[38.196s][info][gc,reloc    ] GC(379) Small Pages: 119 / 238M, Empty: 210M, Relocated: 0M, In-Place: 0
[38.196s][info][gc,reloc    ] GC(379) Medium Pages: 0 / 0M, Empty: 0M, Relocated: 0M, In-Place: 0
[38.196s][info][gc,reloc    ] GC(379) Large Pages: 0 / 0M, Empty: 0M, Relocated: 0M, In-Place: 0
[38.196s][info][gc,reloc    ] GC(379) Forwarding Usage: 0M
[38.196s][info][gc,heap     ] GC(379) Min Capacity: 8M(2%)
[38.196s][info][gc,heap     ] GC(379) Max Capacity: 512M(100%)
[38.196s][info][gc,heap     ] GC(379) Soft Max Capacity: 512M(100%)
[38.196s][info][gc,heap     ] GC(379)                Mark Start          Mark End        Relocate Start      Relocate End           High               Low         
[38.196s][info][gc,heap     ] GC(379)  Capacity:      512M (100%)        512M (100%)        512M (100%)        512M (100%)        512M (100%)        512M (100%)   
[38.196s][info][gc,heap     ] GC(379)      Free:      274M (54%)         252M (49%)         448M (88%)         458M (89%)         458M (89%)         248M (48%)    
[38.196s][info][gc,heap     ] GC(379)      Used:      238M (46%)         260M (51%)          64M (13%)          54M (11%)         264M (52%)          54M (11%)    
[38.196s][info][gc,heap     ] GC(379)      Live:         -                 5M (1%)            5M (1%)            5M (1%)             -                  -          
[38.196s][info][gc,heap     ] GC(379) Allocated:         -                22M (4%)           36M (7%)           37M (7%)             -                  -          
[38.196s][info][gc,heap     ] GC(379)   Garbage:         -               232M (45%)          22M (4%)           10M (2%)             -                  -          
[38.196s][info][gc,heap     ] GC(379) Reclaimed:         -                  -               210M (41%)         221M (43%)            -                  -          
[38.196s][info][gc          ] GC(379) Garbage Collection (Allocation Rate) 238M(46%)->54M(11%)
[38.280s][info][gc,start    ] GC(380) Garbage Collection (Allocation Rate)
[38.280s][info][gc,task     ] GC(380) Using 5 workers
[38.280s][info][gc,phases   ] GC(380) Pause Mark Start 0.013ms
[38.289s][info][gc,phases   ] GC(380) Concurrent Mark 8.696ms
[38.289s][info][gc,phases   ] GC(380) Pause Mark End 0.015ms
[38.289s][info][gc,phases   ] GC(380) Concurrent Mark Free 0.001ms
[38.290s][info][gc,phases   ] GC(380) Concurrent Process Non-Strong References 1.118ms
[38.291s][info][gc,phases   ] GC(380) Concurrent Reset Relocation Set 0.002ms
[38.295s][info][gc,phases   ] GC(380) Concurrent Select Relocation Set 4.203ms
[38.295s][info][gc,phases   ] GC(380) Pause Relocate Start 0.008ms
[38.296s][info][gc,phases   ] GC(380) Concurrent Relocate 1.124ms
[38.296s][info][gc,load     ] GC(380) Load: 0.00/0.00/0.00
[38.296s][info][gc,mmu      ] GC(380) MMU: 2ms/98.6%, 5ms/99.5%, 10ms/99.6%, 20ms/99.8%, 50ms/99.9%, 100ms/99.9%
[38.296s][info][gc,marking  ] GC(380) Mark: 4 stripe(s), 2 proactive flush(es), 1 terminate flush(es), 0 completion(s), 0 continuation(s) 
[38.296s][info][gc,marking  ] GC(380) Mark Stack Usage: 32M
[38.296s][info][gc,nmethod  ] GC(380) NMethods: 1373 registered, 48 unregistered
[38.296s][info][gc,metaspace] GC(380) Metaspace: 8M used, 8M committed, 1088M reserved
[38.296s][info][gc,ref      ] GC(380) Soft: 174 encountered, 0 discovered, 0 enqueued
[38.296s][info][gc,ref      ] GC(380) Weak: 570 encountered, 155 discovered, 0 enqueued
[38.296s][info][gc,ref      ] GC(380) Final: 0 encountered, 0 discovered, 0 enqueued
[38.296s][info][gc,ref      ] GC(380) Phantom: 21 encountered, 15 discovered, 0 enqueued
[38.296s][info][gc,reloc    ] GC(380) Small Pages: 140 / 280M, Empty: 244M, Relocated: 1M, In-Place: 0
[38.296s][info][gc,reloc    ] GC(380) Medium Pages: 0 / 0M, Empty: 0M, Relocated: 0M, In-Place: 0
[38.296s][info][gc,reloc    ] GC(380) Large Pages: 0 / 0M, Empty: 0M, Relocated: 0M, In-Place: 0
[38.297s][info][gc,reloc    ] GC(380) Forwarding Usage: 0M
[38.297s][info][gc,heap     ] GC(380) Min Capacity: 8M(2%)
[38.297s][info][gc,heap     ] GC(380) Max Capacity: 512M(100%)
[38.297s][info][gc,heap     ] GC(380) Soft Max Capacity: 512M(100%)
[38.297s][info][gc,heap     ] GC(380)                Mark Start          Mark End        Relocate Start      Relocate End           High               Low         
[38.297s][info][gc,heap     ] GC(380)  Capacity:      512M (100%)        512M (100%)        512M (100%)        512M (100%)        512M (100%)        512M (100%)   
[38.297s][info][gc,heap     ] GC(380)      Free:      232M (45%)         210M (41%)         438M (86%)         456M (89%)         456M (89%)         206M (40%)    
[38.297s][info][gc,heap     ] GC(380)      Used:      280M (55%)         302M (59%)          74M (14%)          56M (11%)         306M (60%)          56M (11%)    
[38.297s][info][gc,heap     ] GC(380)      Live:         -                 6M (1%)            6M (1%)            6M (1%)             -                  -          
[38.297s][info][gc,heap     ] GC(380) Allocated:         -                22M (4%)           38M (7%)           39M (8%)             -                  -          
[38.297s][info][gc,heap     ] GC(380)   Garbage:         -               273M (54%)          29M (6%)            9M (2%)             -                  -          
[38.297s][info][gc,heap     ] GC(380) Reclaimed:         -                  -               244M (48%)         263M (52%)            -                  -          
[38.297s][info][gc          ] GC(380) Garbage Collection (Allocation Rate) 280M(55%)->56M(11%)
[38.380s][info][gc,start    ] GC(381) Garbage Collection (Allocation Rate)
[38.380s][info][gc,task     ] GC(381) Using 5 workers
[38.380s][info][gc,phases   ] GC(381) Pause Mark Start 0.012ms
[38.386s][info][gc,phases   ] GC(381) Concurrent Mark 5.638ms
[38.386s][info][gc,phases   ] GC(381) Pause Mark End 0.009ms
[38.386s][info][gc,phases   ] GC(381) Concurrent Mark Free 0.001ms
[38.387s][info][gc,phases   ] GC(381) Concurrent Process Non-Strong References 0.900ms
[38.387s][info][gc,phases   ] GC(381) Concurrent Reset Relocation Set 0.003ms
[38.392s][info][gc,phases   ] GC(381) Concurrent Select Relocation Set 4.899ms
[38.392s][info][gc,phases   ] GC(381) Pause Relocate Start 0.004ms
[38.396s][info][gc,phases   ] GC(381) Concurrent Relocate 3.586ms
[38.396s][info][gc,load     ] GC(381) Load: 0.00/0.00/0.00
[38.396s][info][gc,mmu      ] GC(381) MMU: 2ms/98.6%, 5ms/99.5%, 10ms/99.6%, 20ms/99.8%, 50ms/99.9%, 100ms/99.9%
[38.396s][info][gc,marking  ] GC(381) Mark: 4 stripe(s), 2 proactive flush(es), 1 terminate flush(es), 0 completion(s), 0 continuation(s) 
[38.396s][info][gc,marking  ] GC(381) Mark Stack Usage: 32M
[38.396s][info][gc,nmethod  ] GC(381) NMethods: 1373 registered, 48 unregistered
[38.396s][info][gc,metaspace] GC(381) Metaspace: 8M used, 8M committed, 1088M reserved
[38.396s][info][gc,ref      ] GC(381) Soft: 174 encountered, 0 discovered, 0 enqueued
[38.396s][info][gc,ref      ] GC(381) Weak: 570 encountered, 172 discovered, 0 enqueued
[38.396s][info][gc,ref      ] GC(381) Final: 0 encountered, 0 discovered, 0 enqueued
[38.396s][info][gc,ref      ] GC(381) Phantom: 21 encountered, 13 discovered, 0 enqueued
[38.396s][info][gc,reloc    ] GC(381) Small Pages: 112 / 224M, Empty: 200M, Relocated: 3M, In-Place: 0
[38.396s][info][gc,reloc    ] GC(381) Medium Pages: 1 / 16M, Empty: 0M, Relocated: 0M, In-Place: 0
[38.396s][info][gc,reloc    ] GC(381) Large Pages: 0 / 0M, Empty: 0M, Relocated: 0M, In-Place: 0
[38.396s][info][gc,reloc    ] GC(381) Forwarding Usage: 1M
[38.396s][info][gc,heap     ] GC(381) Min Capacity: 8M(2%)
[38.396s][info][gc,heap     ] GC(381) Max Capacity: 512M(100%)
[38.396s][info][gc,heap     ] GC(381) Soft Max Capacity: 512M(100%)
[38.396s][info][gc,heap     ] GC(381)                Mark Start          Mark End        Relocate Start      Relocate End           High               Low         
[38.396s][info][gc,heap     ] GC(381)  Capacity:      512M (100%)        512M (100%)        512M (100%)        512M (100%)        512M (100%)        512M (100%)   
[38.396s][info][gc,heap     ] GC(381)      Free:      272M (53%)         266M (52%)         458M (89%)         464M (91%)         464M (91%)         264M (52%)    
[38.396s][info][gc,heap     ] GC(381)      Used:      240M (47%)         246M (48%)          54M (11%)          48M (9%)          248M (48%)          48M (9%)     
[38.396s][info][gc,heap     ] GC(381)      Live:         -                 6M (1%)            6M (1%)            6M (1%)             -                  -          
[38.396s][info][gc,heap     ] GC(381) Allocated:         -                 6M (1%)           14M (3%)           17M (4%)             -                  -          
[38.396s][info][gc,heap     ] GC(381)   Garbage:         -               233M (46%)          33M (7%)           23M (5%)             -                  -          
[38.396s][info][gc,heap     ] GC(381) Reclaimed:         -                  -               200M (39%)         209M (41%)            -                  -          
[38.397s][info][gc          ] GC(381) Garbage Collection (Allocation Rate) 240M(47%)->48M(9%)
[38.481s][info][gc,start    ] GC(382) Garbage Collection (Allocation Rate)
[38.481s][info][gc,task     ] GC(382) Using 5 workers
[38.481s][info][gc,phases   ] GC(382) Pause Mark Start 0.016ms
[38.492s][info][gc,phases   ] GC(382) Concurrent Mark 10.636ms
[38.492s][info][gc,phases   ] GC(382) Pause Mark End 0.014ms
[38.492s][info][gc,phases   ] GC(382) Concurrent Mark Free 0.001ms
[38.493s][info][gc,phases   ] GC(382) Concurrent Process Non-Strong References 1.123ms
[38.493s][info][gc,phases   ] GC(382) Concurrent Reset Relocation Set 0.002ms
[38.497s][info][gc,phases   ] GC(382) Concurrent Select Relocation Set 3.900ms
[38.497s][info][gc,phases   ] GC(382) Pause Relocate Start 0.006ms
[38.498s][info][gc,phases   ] GC(382) Concurrent Relocate 0.990ms
[38.498s][info][gc,load     ] GC(382) Load: 0.00/0.00/0.00
[38.498s][info][gc,mmu      ] GC(382) MMU: 2ms/98.6%, 5ms/99.5%, 10ms/99.6%, 20ms/99.8%, 50ms/99.9%, 100ms/99.9%
[38.498s][info][gc,marking  ] GC(382) Mark: 4 stripe(s), 2 proactive flush(es), 1 terminate flush(es), 0 completion(s), 0 continuation(s) 
[38.498s][info][gc,marking  ] GC(382) Mark Stack Usage: 32M
[38.498s][info][gc,nmethod  ] GC(382) NMethods: 1373 registered, 48 unregistered
[38.498s][info][gc,metaspace] GC(382) Metaspace: 8M used, 8M committed, 1088M reserved
[38.499s][info][gc,ref      ] GC(382) Soft: 174 encountered, 0 discovered, 0 enqueued
[38.499s][info][gc,ref      ] GC(382) Weak: 570 encountered, 141 discovered, 0 enqueued
[38.499s][info][gc,ref      ] GC(382) Final: 0 encountered, 0 discovered, 0 enqueued
[38.499s][info][gc,ref      ] GC(382) Phantom: 21 encountered, 16 discovered, 0 enqueued
[38.499s][info][gc,reloc    ] GC(382) Small Pages: 124 / 248M, Empty: 216M, Relocated: 1M, In-Place: 0
[38.499s][info][gc,reloc    ] GC(382) Medium Pages: 1 / 16M, Empty: 0M, Relocated: 0M, In-Place: 0
[38.499s][info][gc,reloc    ] GC(382) Large Pages: 0 / 0M, Empty: 0M, Relocated: 0M, In-Place: 0
[38.499s][info][gc,reloc    ] GC(382) Forwarding Usage: 0M
[38.499s][info][gc,heap     ] GC(382) Min Capacity: 8M(2%)
[38.499s][info][gc,heap     ] GC(382) Max Capacity: 512M(100%)
[38.499s][info][gc,heap     ] GC(382) Soft Max Capacity: 512M(100%)
[38.499s][info][gc,heap     ] GC(382)                Mark Start          Mark End        Relocate Start      Relocate End           High               Low         
[38.499s][info][gc,heap     ] GC(382)  Capacity:      512M (100%)        512M (100%)        512M (100%)        512M (100%)        512M (100%)        512M (100%)   
[38.499s][info][gc,heap     ] GC(382)      Free:      248M (48%)         220M (43%)         422M (82%)         434M (85%)         434M (85%)         218M (43%)    
[38.499s][info][gc,heap     ] GC(382)      Used:      264M (52%)         292M (57%)          90M (18%)          78M (15%)         294M (57%)          78M (15%)    
[38.499s][info][gc,heap     ] GC(382)      Live:         -                 7M (1%)            7M (1%)            7M (1%)             -                  -          
[38.499s][info][gc,heap     ] GC(382) Allocated:         -                28M (5%)           42M (8%)           43M (9%)             -                  -          
[38.499s][info][gc,heap     ] GC(382)   Garbage:         -               256M (50%)          40M (8%)           26M (5%)             -                  -          
[38.499s][info][gc,heap     ] GC(382) Reclaimed:         -                  -               216M (42%)         229M (45%)            -                  -          
[38.499s][info][gc          ] GC(382) Garbage Collection (Allocation Rate) 264M(52%)->78M(15%)
[38.581s][info][gc,start    ] GC(383) Garbage Collection (Allocation Rate)
[38.581s][info][gc,task     ] GC(383) Using 5 workers
[38.581s][info][gc,phases   ] GC(383) Pause Mark Start 0.015ms
[38.592s][info][gc,phases   ] GC(383) Concurrent Mark 10.623ms
[38.592s][info][gc,phases   ] GC(383) Pause Mark End 0.013ms
[38.592s][info][gc,phases   ] GC(383) Concurrent Mark Free 0.001ms
[38.593s][info][gc,phases   ] GC(383) Concurrent Process Non-Strong References 0.993ms
[38.593s][info][gc,phases   ] GC(383) Concurrent Reset Relocation Set 0.003ms
[38.598s][info][gc,phases   ] GC(383) Concurrent Select Relocation Set 4.997ms
[38.598s][info][gc,phases   ] GC(383) Pause Relocate Start 0.006ms
[38.601s][info][gc,phases   ] GC(383) Concurrent Relocate 2.522ms
[38.601s][info][gc,load     ] GC(383) Load: 0.00/0.00/0.00
[38.601s][info][gc,mmu      ] GC(383) MMU: 2ms/98.6%, 5ms/99.5%, 10ms/99.6%, 20ms/99.8%, 50ms/99.9%, 100ms/99.9%
[38.601s][info][gc,marking  ] GC(383) Mark: 4 stripe(s), 3 proactive flush(es), 1 terminate flush(es), 0 completion(s), 0 continuation(s) 
[38.601s][info][gc,marking  ] GC(383) Mark Stack Usage: 32M
[38.601s][info][gc,nmethod  ] GC(383) NMethods: 1373 registered, 48 unregistered
[38.601s][info][gc,metaspace] GC(383) Metaspace: 8M used, 8M committed, 1088M reserved
[38.601s][info][gc,ref      ] GC(383) Soft: 174 encountered, 0 discovered, 0 enqueued
[38.601s][info][gc,ref      ] GC(383) Weak: 570 encountered, 142 discovered, 0 enqueued
[38.601s][info][gc,ref      ] GC(383) Final: 0 encountered, 0 discovered, 0 enqueued
[38.601s][info][gc,ref      ] GC(383) Phantom: 21 encountered, 14 discovered, 0 enqueued
[38.601s][info][gc,reloc    ] GC(383) Small Pages: 132 / 264M, Empty: 238M, Relocated: 3M, In-Place: 0
[38.601s][info][gc,reloc    ] GC(383) Medium Pages: 1 / 16M, Empty: 0M, Relocated: 0M, In-Place: 0
[38.601s][info][gc,reloc    ] GC(383) Large Pages: 0 / 0M, Empty: 0M, Relocated: 0M, In-Place: 0
[38.601s][info][gc,reloc    ] GC(383) Forwarding Usage: 1M
[38.601s][info][gc,heap     ] GC(383) Min Capacity: 8M(2%)
[38.601s][info][gc,heap     ] GC(383) Max Capacity: 512M(100%)
[38.601s][info][gc,heap     ] GC(383) Soft Max Capacity: 512M(100%)
[38.601s][info][gc,heap     ] GC(383)                Mark Start          Mark End        Relocate Start      Relocate End           High               Low         
[38.601s][info][gc,heap     ] GC(383)  Capacity:      512M (100%)        512M (100%)        512M (100%)        512M (100%)        512M (100%)        512M (100%)   
[38.601s][info][gc,heap     ] GC(383)      Free:      232M (45%)         202M (39%)         424M (83%)         430M (84%)         430M (84%)         200M (39%)    
[38.601s][info][gc,heap     ] GC(383)      Used:      280M (55%)         310M (61%)          88M (17%)          82M (16%)         312M (61%)          82M (16%)    
[38.601s][info][gc,heap     ] GC(383)      Live:         -                 7M (2%)            7M (2%)            7M (2%)             -                  -          
[38.601s][info][gc,heap     ] GC(383) Allocated:         -                30M (6%)           46M (9%)           49M (10%)            -                  -          
[38.601s][info][gc,heap     ] GC(383)   Garbage:         -               272M (53%)          34M (7%)           24M (5%)             -                  -          
[38.601s][info][gc,heap     ] GC(383) Reclaimed:         -                  -               238M (46%)         247M (48%)            -                  -          
[38.601s][info][gc          ] GC(383) Garbage Collection (Allocation Rate) 280M(55%)->82M(16%)
[38.681s][info][gc,start    ] GC(384) Garbage Collection (Allocation Rate)
[38.681s][info][gc,task     ] GC(384) Using 5 workers
[38.681s][info][gc,phases   ] GC(384) Pause Mark Start 0.011ms
[38.691s][info][gc,phases   ] GC(384) Concurrent Mark 10.660ms
[38.692s][info][gc,phases   ] GC(384) Pause Mark End 0.009ms
[38.692s][info][gc,phases   ] GC(384) Concurrent Mark Free 0.001ms
[38.693s][info][gc,phases   ] GC(384) Concurrent Process Non-Strong References 0.898ms
[38.693s][info][gc,phases   ] GC(384) Concurrent Reset Relocation Set 0.002ms
[38.699s][info][gc,phases   ] GC(384) Concurrent Select Relocation Set 6.360ms
[38.699s][info][gc,phases   ] GC(384) Pause Relocate Start 0.003ms
[38.703s][info][gc,phases   ] GC(384) Concurrent Relocate 3.934ms
[38.703s][info][gc,load     ] GC(384) Load: 0.00/0.00/0.00
[38.703s][info][gc,mmu      ] GC(384) MMU: 2ms/98.6%, 5ms/99.5%, 10ms/99.6%, 20ms/99.8%, 50ms/99.9%, 100ms/99.9%
[38.703s][info][gc,marking  ] GC(384) Mark: 4 stripe(s), 2 proactive flush(es), 1 terminate flush(es), 0 completion(s), 0 continuation(s) 
[38.703s][info][gc,marking  ] GC(384) Mark Stack Usage: 32M
[38.703s][info][gc,nmethod  ] GC(384) NMethods: 1373 registered, 48 unregistered
[38.703s][info][gc,metaspace] GC(384) Metaspace: 8M used, 8M committed, 1088M reserved
[38.703s][info][gc,ref      ] GC(384) Soft: 174 encountered, 0 discovered, 0 enqueued
[38.703s][info][gc,ref      ] GC(384) Weak: 570 encountered, 6 discovered, 0 enqueued
[38.703s][info][gc,ref      ] GC(384) Final: 0 encountered, 0 discovered, 0 enqueued
[38.703s][info][gc,ref      ] GC(384) Phantom: 21 encountered, 18 discovered, 0 enqueued
[38.703s][info][gc,reloc    ] GC(384) Small Pages: 122 / 244M, Empty: 214M, Relocated: 5M, In-Place: 0
[38.703s][info][gc,reloc    ] GC(384) Medium Pages: 1 / 16M, Empty: 0M, Relocated: 0M, In-Place: 0
[38.703s][info][gc,reloc    ] GC(384) Large Pages: 0 / 0M, Empty: 0M, Relocated: 0M, In-Place: 0
[38.704s][info][gc,reloc    ] GC(384) Forwarding Usage: 2M
[38.704s][info][gc,heap     ] GC(384) Min Capacity: 8M(2%)
[38.704s][info][gc,heap     ] GC(384) Max Capacity: 512M(100%)
[38.704s][info][gc,heap     ] GC(384) Soft Max Capacity: 512M(100%)
[38.704s][info][gc,heap     ] GC(384)                Mark Start          Mark End        Relocate Start      Relocate End           High               Low         
[38.704s][info][gc,heap     ] GC(384)  Capacity:      512M (100%)        512M (100%)        512M (100%)        512M (100%)        512M (100%)        512M (100%)   
[38.704s][info][gc,heap     ] GC(384)      Free:      252M (49%)         240M (47%)         442M (86%)         452M (88%)         452M (88%)         238M (46%)    
[38.704s][info][gc,heap     ] GC(384)      Used:      260M (51%)         272M (53%)          70M (14%)          60M (12%)         274M (54%)          60M (12%)    
[38.704s][info][gc,heap     ] GC(384)      Live:         -                 8M (2%)            8M (2%)            8M (2%)             -                  -          
[38.704s][info][gc,heap     ] GC(384) Allocated:         -                12M (2%)           24M (5%)           29M (6%)             -                  -          
[38.704s][info][gc,heap     ] GC(384)   Garbage:         -               251M (49%)          37M (7%)           21M (4%)             -                  -          
[38.704s][info][gc,heap     ] GC(384) Reclaimed:         -                  -               214M (42%)         229M (45%)            -                  -          
[38.704s][info][gc          ] GC(384) Garbage Collection (Allocation Rate) 260M(51%)->60M(12%)
[38.781s][info][gc,start    ] GC(385) Garbage Collection (Allocation Rate)
[38.781s][info][gc,task     ] GC(385) Using 5 workers
[38.781s][info][gc,phases   ] GC(385) Pause Mark Start 0.014ms
[38.793s][info][gc,phases   ] GC(385) Concurrent Mark 11.629ms
[38.793s][info][gc,phases   ] GC(385) Pause Mark End 0.014ms
[38.793s][info][gc,phases   ] GC(385) Concurrent Mark Free 0.001ms
[38.794s][info][gc,phases   ] GC(385) Concurrent Process Non-Strong References 0.860ms
[38.794s][info][gc,phases   ] GC(385) Concurrent Reset Relocation Set 0.003ms
[38.798s][info][gc,phases   ] GC(385) Concurrent Select Relocation Set 3.862ms
[38.798s][info][gc,phases   ] GC(385) Pause Relocate Start 0.007ms
[38.801s][info][gc,phases   ] GC(385) Concurrent Relocate 2.576ms
[38.801s][info][gc,load     ] GC(385) Load: 0.00/0.00/0.00
[38.801s][info][gc,mmu      ] GC(385) MMU: 2ms/98.6%, 5ms/99.5%, 10ms/99.6%, 20ms/99.8%, 50ms/99.9%, 100ms/99.9%
[38.801s][info][gc,marking  ] GC(385) Mark: 4 stripe(s), 3 proactive flush(es), 2 terminate flush(es), 0 completion(s), 0 continuation(s) 
[38.801s][info][gc,marking  ] GC(385) Mark Stack Usage: 32M
[38.801s][info][gc,nmethod  ] GC(385) NMethods: 1373 registered, 48 unregistered
[38.801s][info][gc,metaspace] GC(385) Metaspace: 8M used, 8M committed, 1088M reserved
[38.801s][info][gc,ref      ] GC(385) Soft: 174 encountered, 0 discovered, 0 enqueued
[38.801s][info][gc,ref      ] GC(385) Weak: 570 encountered, 31 discovered, 0 enqueued
[38.801s][info][gc,ref      ] GC(385) Final: 0 encountered, 0 discovered, 0 enqueued
[38.801s][info][gc,ref      ] GC(385) Phantom: 21 encountered, 15 discovered, 0 enqueued
[38.801s][info][gc,reloc    ] GC(385) Small Pages: 115 / 230M, Empty: 212M, Relocated: 3M, In-Place: 0
[38.801s][info][gc,reloc    ] GC(385) Medium Pages: 1 / 16M, Empty: 0M, Relocated: 0M, In-Place: 0
[38.801s][info][gc,reloc    ] GC(385) Large Pages: 0 / 0M, Empty: 0M, Relocated: 0M, In-Place: 0
[38.801s][info][gc,reloc    ] GC(385) Forwarding Usage: 1M
[38.801s][info][gc,heap     ] GC(385) Min Capacity: 8M(2%)
[38.801s][info][gc,heap     ] GC(385) Max Capacity: 512M(100%)
[38.801s][info][gc,heap     ] GC(385) Soft Max Capacity: 512M(100%)
[38.801s][info][gc,heap     ] GC(385)                Mark Start          Mark End        Relocate Start      Relocate End           High               Low         
[38.801s][info][gc,heap     ] GC(385)  Capacity:      512M (100%)        512M (100%)        512M (100%)        512M (100%)        512M (100%)        512M (100%)   
[38.801s][info][gc,heap     ] GC(385)      Free:      266M (52%)         244M (48%)         454M (89%)         454M (89%)         454M (89%)         244M (48%)    
[38.801s][info][gc,heap     ] GC(385)      Used:      246M (48%)         268M (52%)          58M (11%)          58M (11%)         268M (52%)          58M (11%)    
[38.801s][info][gc,heap     ] GC(385)      Live:         -                 9M (2%)            9M (2%)            9M (2%)             -                  -          
[38.801s][info][gc,heap     ] GC(385) Allocated:         -                22M (4%)           24M (5%)           23M (5%)             -                  -          
[38.801s][info][gc,heap     ] GC(385)   Garbage:         -               236M (46%)          24M (5%)           24M (5%)             -                  -          
[38.801s][info][gc,heap     ] GC(385) Reclaimed:         -                  -               212M (41%)         211M (41%)            -                  -          
[38.801s][info][gc          ] GC(385) Garbage Collection (Allocation Rate) 246M(48%)->58M(11%)
[38.895s][info][gc,start    ] GC(386) Garbage Collection (Allocation Rate)
[38.895s][info][gc,task     ] GC(386) Using 5 workers
[38.895s][info][gc,phases   ] GC(386) Pause Mark Start 0.012ms
[38.911s][info][gc,phases   ] GC(386) Concurrent Mark 15.325ms
[38.911s][info][gc,phases   ] GC(386) Pause Mark End 0.013ms
[38.911s][info][gc,phases   ] GC(386) Concurrent Mark Free 0.001ms
[38.912s][info][gc,phases   ] GC(386) Concurrent Process Non-Strong References 1.049ms
[38.912s][info][gc,phases   ] GC(386) Concurrent Reset Relocation Set 0.002ms
[38.919s][info][gc,phases   ] GC(386) Concurrent Select Relocation Set 6.656ms
[38.919s][info][gc,phases   ] GC(386) Pause Relocate Start 0.005ms
[38.923s][info][gc,phases   ] GC(386) Concurrent Relocate 4.156ms
[38.923s][info][gc,load     ] GC(386) Load: 0.00/0.00/0.00
[38.923s][info][gc,mmu      ] GC(386) MMU: 2ms/98.6%, 5ms/99.5%, 10ms/99.6%, 20ms/99.8%, 50ms/99.9%, 100ms/99.9%
[38.923s][info][gc,marking  ] GC(386) Mark: 4 stripe(s), 2 proactive flush(es), 1 terminate flush(es), 0 completion(s), 0 continuation(s) 
[38.923s][info][gc,marking  ] GC(386) Mark Stack Usage: 32M
[38.923s][info][gc,nmethod  ] GC(386) NMethods: 1373 registered, 48 unregistered
[38.923s][info][gc,metaspace] GC(386) Metaspace: 8M used, 8M committed, 1088M reserved
[38.923s][info][gc,ref      ] GC(386) Soft: 174 encountered, 0 discovered, 0 enqueued
[38.923s][info][gc,ref      ] GC(386) Weak: 570 encountered, 71 discovered, 0 enqueued
[38.923s][info][gc,ref      ] GC(386) Final: 0 encountered, 0 discovered, 0 enqueued
[38.923s][info][gc,ref      ] GC(386) Phantom: 21 encountered, 19 discovered, 0 enqueued
[38.923s][info][gc,reloc    ] GC(386) Small Pages: 141 / 282M, Empty: 248M, Relocated: 4M, In-Place: 0
[38.923s][info][gc,reloc    ] GC(386) Medium Pages: 2 / 32M, Empty: 16M, Relocated: 0M, In-Place: 0
[38.923s][info][gc,reloc    ] GC(386) Large Pages: 0 / 0M, Empty: 0M, Relocated: 0M, In-Place: 0
[38.924s][info][gc,reloc    ] GC(386) Forwarding Usage: 2M
[38.924s][info][gc,heap     ] GC(386) Min Capacity: 8M(2%)
[38.924s][info][gc,heap     ] GC(386) Max Capacity: 512M(100%)
[38.924s][info][gc,heap     ] GC(386) Soft Max Capacity: 512M(100%)
[38.924s][info][gc,heap     ] GC(386)                Mark Start          Mark End        Relocate Start      Relocate End           High               Low         
[38.924s][info][gc,heap     ] GC(386)  Capacity:      512M (100%)        512M (100%)        512M (100%)        512M (100%)        512M (100%)        512M (100%)   
[38.924s][info][gc,heap     ] GC(386)      Free:      198M (39%)         160M (31%)         402M (79%)         408M (80%)         412M (80%)         156M (30%)    
[38.924s][info][gc,heap     ] GC(386)      Used:      314M (61%)         352M (69%)         110M (21%)         104M (20%)         356M (70%)         100M (20%)    
[38.924s][info][gc,heap     ] GC(386)      Live:         -                10M (2%)           10M (2%)           10M (2%)             -                  -          
[38.924s][info][gc,heap     ] GC(386) Allocated:         -                38M (7%)           60M (12%)          71M (14%)            -                  -          
[38.924s][info][gc,heap     ] GC(386)   Garbage:         -               303M (59%)          39M (8%)           21M (4%)             -                  -          
[38.924s][info][gc,heap     ] GC(386) Reclaimed:         -                  -               264M (52%)         281M (55%)            -                  -          
[38.924s][info][gc          ] GC(386) Garbage Collection (Allocation Rate) 314M(61%)->104M(20%)
[38.980s][info][gc,start    ] GC(387) Garbage Collection (Allocation Rate)
[38.980s][info][gc,task     ] GC(387) Using 5 workers
[38.980s][info][gc,phases   ] GC(387) Pause Mark Start 0.012ms
[38.995s][info][gc,phases   ] GC(387) Concurrent Mark 14.700ms
[38.995s][info][gc,phases   ] GC(387) Pause Mark End 0.010ms
[38.995s][info][gc,phases   ] GC(387) Concurrent Mark Free 0.001ms
[38.996s][info][gc,phases   ] GC(387) Concurrent Process Non-Strong References 0.860ms
[38.996s][info][gc,phases   ] GC(387) Concurrent Reset Relocation Set 0.002ms
[39.000s][info][gc,phases   ] GC(387) Concurrent Select Relocation Set 4.100ms
[39.000s][info][gc,phases   ] GC(387) Pause Relocate Start 0.004ms
[39.003s][info][gc,phases   ] GC(387) Concurrent Relocate 2.339ms
[39.003s][info][gc,load     ] GC(387) Load: 0.00/0.00/0.00
[39.003s][info][gc,mmu      ] GC(387) MMU: 2ms/98.6%, 5ms/99.5%, 10ms/99.6%, 20ms/99.8%, 50ms/99.9%, 100ms/99.9%
[39.003s][info][gc,marking  ] GC(387) Mark: 4 stripe(s), 2 proactive flush(es), 1 terminate flush(es), 0 completion(s), 0 continuation(s) 
[39.003s][info][gc,marking  ] GC(387) Mark Stack Usage: 32M
[39.003s][info][gc,nmethod  ] GC(387) NMethods: 1373 registered, 48 unregistered
[39.003s][info][gc,metaspace] GC(387) Metaspace: 8M used, 8M committed, 1088M reserved
[39.003s][info][gc,ref      ] GC(387) Soft: 174 encountered, 0 discovered, 0 enqueued
[39.003s][info][gc,ref      ] GC(387) Weak: 570 encountered, 28 discovered, 0 enqueued
[39.003s][info][gc,ref      ] GC(387) Final: 0 encountered, 0 discovered, 0 enqueued
[39.003s][info][gc,ref      ] GC(387) Phantom: 21 encountered, 15 discovered, 0 enqueued
[39.003s][info][gc,reloc    ] GC(387) Small Pages: 121 / 242M, Empty: 208M, Relocated: 2M, In-Place: 0
[39.003s][info][gc,reloc    ] GC(387) Medium Pages: 1 / 16M, Empty: 0M, Relocated: 0M, In-Place: 0
[39.003s][info][gc,reloc    ] GC(387) Large Pages: 0 / 0M, Empty: 0M, Relocated: 0M, In-Place: 0
[39.003s][info][gc,reloc    ] GC(387) Forwarding Usage: 1M
[39.003s][info][gc,heap     ] GC(387) Min Capacity: 8M(2%)
[39.003s][info][gc,heap     ] GC(387) Max Capacity: 512M(100%)
[39.003s][info][gc,heap     ] GC(387) Soft Max Capacity: 512M(100%)
[39.003s][info][gc,heap     ] GC(387)                Mark Start          Mark End        Relocate Start      Relocate End           High               Low         
[39.003s][info][gc,heap     ] GC(387)  Capacity:      512M (100%)        512M (100%)        512M (100%)        512M (100%)        512M (100%)        512M (100%)   
[39.003s][info][gc,heap     ] GC(387)      Free:      254M (50%)         216M (42%)         412M (80%)         420M (82%)         420M (82%)         214M (42%)    
[39.003s][info][gc,heap     ] GC(387)      Used:      258M (50%)         296M (58%)         100M (20%)          92M (18%)         298M (58%)          92M (18%)    
[39.003s][info][gc,heap     ] GC(387)      Live:         -                10M (2%)           10M (2%)           10M (2%)             -                  -          
[39.003s][info][gc,heap     ] GC(387) Allocated:         -                38M (7%)           50M (10%)          55M (11%)            -                  -          
[39.003s][info][gc,heap     ] GC(387)   Garbage:         -               247M (48%)          39M (8%)           25M (5%)             -                  -          
[39.003s][info][gc,heap     ] GC(387) Reclaimed:         -                  -               208M (41%)         221M (43%)            -                  -          
[39.003s][info][gc          ] GC(387) Garbage Collection (Allocation Rate) 258M(50%)->92M(18%)
[39.080s][info][gc,start    ] GC(388) Garbage Collection (Allocation Rate)
[39.080s][info][gc,task     ] GC(388) Using 5 workers
[39.081s][info][gc,phases   ] GC(388) Pause Mark Start 0.015ms
[39.095s][info][gc,phases   ] GC(388) Concurrent Mark 14.640ms
[39.095s][info][gc,phases   ] GC(388) Pause Mark End 0.012ms
[39.095s][info][gc,phases   ] GC(388) Concurrent Mark Free 0.001ms
[39.096s][info][gc,phases   ] GC(388) Concurrent Process Non-Strong References 0.900ms
[39.096s][info][gc,phases   ] GC(388) Concurrent Reset Relocation Set 0.002ms
[39.102s][info][gc,phases   ] GC(388) Concurrent Select Relocation Set 5.715ms
[39.102s][info][gc,phases   ] GC(388) Pause Relocate Start 0.005ms
[39.106s][info][gc,phases   ] GC(388) Concurrent Relocate 3.313ms
[39.106s][info][gc,load     ] GC(388) Load: 0.00/0.00/0.00
[39.106s][info][gc,mmu      ] GC(388) MMU: 2ms/98.6%, 5ms/99.5%, 10ms/99.6%, 20ms/99.8%, 50ms/99.9%, 100ms/99.9%
[39.106s][info][gc,marking  ] GC(388) Mark: 4 stripe(s), 2 proactive flush(es), 1 terminate flush(es), 0 completion(s), 0 continuation(s) 
[39.106s][info][gc,marking  ] GC(388) Mark Stack Usage: 32M
[39.106s][info][gc,nmethod  ] GC(388) NMethods: 1373 registered, 48 unregistered
[39.106s][info][gc,metaspace] GC(388) Metaspace: 8M used, 8M committed, 1088M reserved
[39.106s][info][gc,ref      ] GC(388) Soft: 174 encountered, 0 discovered, 0 enqueued
[39.106s][info][gc,ref      ] GC(388) Weak: 570 encountered, 72 discovered, 0 enqueued
[39.106s][info][gc,ref      ] GC(388) Final: 0 encountered, 0 discovered, 0 enqueued
[39.106s][info][gc,ref      ] GC(388) Phantom: 21 encountered, 15 discovered, 0 enqueued
[39.106s][info][gc,reloc    ] GC(388) Small Pages: 134 / 268M, Empty: 234M, Relocated: 3M, In-Place: 0
[39.106s][info][gc,reloc    ] GC(388) Medium Pages: 2 / 32M, Empty: 0M, Relocated: 0M, In-Place: 0
[39.106s][info][gc,reloc    ] GC(388) Large Pages: 0 / 0M, Empty: 0M, Relocated: 0M, In-Place: 0
[39.106s][info][gc,reloc    ] GC(388) Forwarding Usage: 1M
[39.106s][info][gc,heap     ] GC(388) Min Capacity: 8M(2%)
[39.106s][info][gc,heap     ] GC(388) Max Capacity: 512M(100%)
[39.106s][info][gc,heap     ] GC(388) Soft Max Capacity: 512M(100%)
[39.106s][info][gc,heap     ] GC(388)                Mark Start          Mark End        Relocate Start      Relocate End           High               Low         
[39.106s][info][gc,heap     ] GC(388)  Capacity:      512M (100%)        512M (100%)        512M (100%)        512M (100%)        512M (100%)        512M (100%)   
[39.106s][info][gc,heap     ] GC(388)      Free:      212M (41%)         174M (34%)         390M (76%)         414M (81%)         414M (81%)         172M (34%)    
[39.106s][info][gc,heap     ] GC(388)      Used:      300M (59%)         338M (66%)         122M (24%)          98M (19%)         340M (66%)          98M (19%)    
[39.106s][info][gc,heap     ] GC(388)      Live:         -                11M (2%)           11M (2%)           11M (2%)             -                  -          
[39.106s][info][gc,heap     ] GC(388) Allocated:         -                38M (7%)           56M (11%)          61M (12%)            -                  -          
[39.106s][info][gc,heap     ] GC(388)   Garbage:         -               288M (56%)          54M (11%)          24M (5%)             -                  -          
[39.106s][info][gc,heap     ] GC(388) Reclaimed:         -                  -               234M (46%)         263M (52%)            -                  -          
[39.107s][info][gc          ] GC(388) Garbage Collection (Allocation Rate) 300M(59%)->98M(19%)
[39.181s][info][gc,start    ] GC(389) Garbage Collection (Allocation Rate)
[39.181s][info][gc,task     ] GC(389) Using 5 workers
[39.181s][info][gc,phases   ] GC(389) Pause Mark Start 0.014ms
[39.196s][info][gc,phases   ] GC(389) Concurrent Mark 15.329ms
[39.197s][info][gc,phases   ] GC(389) Pause Mark End 0.010ms
[39.197s][info][gc,phases   ] GC(389) Concurrent Mark Free 0.001ms
[39.197s][info][gc,phases   ] GC(389) Concurrent Process Non-Strong References 0.865ms
[39.198s][info][gc,phases   ] GC(389) Concurrent Reset Relocation Set 0.002ms
[39.205s][info][gc,phases   ] GC(389) Concurrent Select Relocation Set 7.032ms
[39.205s][info][gc,phases   ] GC(389) Pause Relocate Start 0.006ms
[39.209s][info][gc,phases   ] GC(389) Concurrent Relocate 4.346ms
[39.209s][info][gc,load     ] GC(389) Load: 0.00/0.00/0.00
[39.209s][info][gc,mmu      ] GC(389) MMU: 2ms/98.6%, 5ms/99.5%, 10ms/99.6%, 20ms/99.8%, 50ms/99.9%, 100ms/99.9%
[39.209s][info][gc,marking  ] GC(389) Mark: 4 stripe(s), 2 proactive flush(es), 1 terminate flush(es), 0 completion(s), 0 continuation(s) 
[39.209s][info][gc,marking  ] GC(389) Mark Stack Usage: 32M
[39.209s][info][gc,nmethod  ] GC(389) NMethods: 1373 registered, 48 unregistered
[39.209s][info][gc,metaspace] GC(389) Metaspace: 8M used, 8M committed, 1088M reserved
[39.209s][info][gc,ref      ] GC(389) Soft: 174 encountered, 0 discovered, 0 enqueued
[39.209s][info][gc,ref      ] GC(389) Weak: 570 encountered, 50 discovered, 0 enqueued
[39.209s][info][gc,ref      ] GC(389) Final: 0 encountered, 0 discovered, 0 enqueued
[39.209s][info][gc,ref      ] GC(389) Phantom: 21 encountered, 18 discovered, 0 enqueued
[39.209s][info][gc,reloc    ] GC(389) Small Pages: 145 / 290M, Empty: 258M, Relocated: 6M, In-Place: 0
[39.209s][info][gc,reloc    ] GC(389) Medium Pages: 1 / 16M, Empty: 0M, Relocated: 0M, In-Place: 0
[39.209s][info][gc,reloc    ] GC(389) Large Pages: 0 / 0M, Empty: 0M, Relocated: 0M, In-Place: 0
[39.210s][info][gc,reloc    ] GC(389) Forwarding Usage: 3M
[39.210s][info][gc,heap     ] GC(389) Min Capacity: 8M(2%)
[39.210s][info][gc,heap     ] GC(389) Max Capacity: 512M(100%)
[39.210s][info][gc,heap     ] GC(389) Soft Max Capacity: 512M(100%)
[39.210s][info][gc,heap     ] GC(389)                Mark Start          Mark End        Relocate Start      Relocate End           High               Low         
[39.210s][info][gc,heap     ] GC(389)  Capacity:      512M (100%)        512M (100%)        512M (100%)        512M (100%)        512M (100%)        512M (100%)   
[39.210s][info][gc,heap     ] GC(389)      Free:      206M (40%)         164M (32%)         402M (79%)         406M (79%)         418M (82%)         162M (32%)    
[39.210s][info][gc,heap     ] GC(389)      Used:      306M (60%)         348M (68%)         110M (21%)         106M (21%)         350M (68%)          94M (18%)    
[39.210s][info][gc,heap     ] GC(389)      Live:         -                12M (2%)           12M (2%)           12M (2%)             -                  -          
[39.210s][info][gc,heap     ] GC(389) Allocated:         -                42M (8%)           62M (12%)          73M (14%)            -                  -          
[39.210s][info][gc,heap     ] GC(389)   Garbage:         -               293M (57%)          35M (7%)           19M (4%)             -                  -          
[39.210s][info][gc,heap     ] GC(389) Reclaimed:         -                  -               258M (50%)         273M (54%)            -                  -          
[39.210s][info][gc          ] GC(389) Garbage Collection (Allocation Rate) 306M(60%)->106M(21%)
[39.280s][info][gc,start    ] GC(390) Garbage Collection (Allocation Rate)
[39.280s][info][gc,task     ] GC(390) Using 5 workers
[39.280s][info][gc,phases   ] GC(390) Pause Mark Start 0.013ms
[39.298s][info][gc,phases   ] GC(390) Concurrent Mark 17.639ms
[39.298s][info][gc,phases   ] GC(390) Pause Mark End 0.013ms
[39.298s][info][gc,phases   ] GC(390) Concurrent Mark Free 0.001ms
[39.299s][info][gc,phases   ] GC(390) Concurrent Process Non-Strong References 0.881ms
[39.299s][info][gc,phases   ] GC(390) Concurrent Reset Relocation Set 0.003ms
[39.303s][info][gc,phases   ] GC(390) Concurrent Select Relocation Set 4.232ms
[39.303s][info][gc,phases   ] GC(390) Pause Relocate Start 0.005ms
[39.307s][info][gc,phases   ] GC(390) Concurrent Relocate 3.615ms
[39.307s][info][gc,load     ] GC(390) Load: 0.00/0.00/0.00
[39.307s][info][gc,mmu      ] GC(390) MMU: 2ms/98.6%, 5ms/99.5%, 10ms/99.6%, 20ms/99.8%, 50ms/99.9%, 100ms/99.9%
[39.307s][info][gc,marking  ] GC(390) Mark: 4 stripe(s), 2 proactive flush(es), 1 terminate flush(es), 0 completion(s), 0 continuation(s) 
[39.307s][info][gc,marking  ] GC(390) Mark Stack Usage: 32M
[39.307s][info][gc,nmethod  ] GC(390) NMethods: 1373 registered, 48 unregistered
[39.307s][info][gc,metaspace] GC(390) Metaspace: 8M used, 8M committed, 1088M reserved
[39.307s][info][gc,ref      ] GC(390) Soft: 174 encountered, 0 discovered, 0 enqueued
[39.307s][info][gc,ref      ] GC(390) Weak: 570 encountered, 29 discovered, 0 enqueued
[39.307s][info][gc,ref      ] GC(390) Final: 0 encountered, 0 discovered, 0 enqueued
[39.307s][info][gc,ref      ] GC(390) Phantom: 21 encountered, 20 discovered, 0 enqueued
[39.307s][info][gc,reloc    ] GC(390) Small Pages: 131 / 262M, Empty: 232M, Relocated: 3M, In-Place: 0
[39.307s][info][gc,reloc    ] GC(390) Medium Pages: 1 / 16M, Empty: 0M, Relocated: 0M, In-Place: 0
[39.307s][info][gc,reloc    ] GC(390) Large Pages: 0 / 0M, Empty: 0M, Relocated: 0M, In-Place: 0
[39.307s][info][gc,reloc    ] GC(390) Forwarding Usage: 1M
[39.307s][info][gc,heap     ] GC(390) Min Capacity: 8M(2%)
[39.307s][info][gc,heap     ] GC(390) Max Capacity: 512M(100%)
[39.308s][info][gc,heap     ] GC(390) Soft Max Capacity: 512M(100%)
[39.308s][info][gc,heap     ] GC(390)                Mark Start          Mark End        Relocate Start      Relocate End           High               Low         
[39.308s][info][gc,heap     ] GC(390)  Capacity:      512M (100%)        512M (100%)        512M (100%)        512M (100%)        512M (100%)        512M (100%)   
[39.308s][info][gc,heap     ] GC(390)      Free:      234M (46%)         186M (36%)         404M (79%)         402M (79%)         406M (79%)         184M (36%)    
[39.308s][info][gc,heap     ] GC(390)      Used:      278M (54%)         326M (64%)         108M (21%)         110M (21%)         328M (64%)         106M (21%)    
[39.308s][info][gc,heap     ] GC(390)      Live:         -                12M (3%)           12M (3%)           12M (3%)             -                  -          
[39.308s][info][gc,heap     ] GC(390) Allocated:         -                48M (9%)           62M (12%)          71M (14%)            -                  -          
[39.308s][info][gc,heap     ] GC(390)   Garbage:         -               265M (52%)          33M (6%)           25M (5%)             -                  -          
[39.308s][info][gc,heap     ] GC(390) Reclaimed:         -                  -               232M (45%)         239M (47%)            -                  -          
[39.308s][info][gc          ] GC(390) Garbage Collection (Allocation Rate) 278M(54%)->110M(21%)
[39.381s][info][gc,start    ] GC(391) Garbage Collection (Allocation Rate)
[39.381s][info][gc,task     ] GC(391) Using 5 workers
[39.381s][info][gc,phases   ] GC(391) Pause Mark Start 0.014ms
[39.398s][info][gc,phases   ] GC(391) Concurrent Mark 16.673ms
[39.398s][info][gc,phases   ] GC(391) Pause Mark End 0.011ms
[39.398s][info][gc,phases   ] GC(391) Concurrent Mark Free 0.001ms
[39.399s][info][gc,phases   ] GC(391) Concurrent Process Non-Strong References 0.814ms
[39.399s][info][gc,phases   ] GC(391) Concurrent Reset Relocation Set 0.002ms
[39.406s][info][gc,phases   ] GC(391) Concurrent Select Relocation Set 6.970ms
[39.406s][info][gc,phases   ] GC(391) Pause Relocate Start 0.008ms
[39.410s][info][gc,phases   ] GC(391) Concurrent Relocate 4.026ms
[39.410s][info][gc,load     ] GC(391) Load: 0.00/0.00/0.00
[39.410s][info][gc,mmu      ] GC(391) MMU: 2ms/98.6%, 5ms/99.5%, 10ms/99.6%, 20ms/99.8%, 50ms/99.9%, 100ms/99.9%
[39.410s][info][gc,marking  ] GC(391) Mark: 4 stripe(s), 2 proactive flush(es), 1 terminate flush(es), 0 completion(s), 0 continuation(s) 
[39.410s][info][gc,marking  ] GC(391) Mark Stack Usage: 32M
[39.410s][info][gc,nmethod  ] GC(391) NMethods: 1373 registered, 48 unregistered
[39.410s][info][gc,metaspace] GC(391) Metaspace: 8M used, 8M committed, 1088M reserved
[39.410s][info][gc,ref      ] GC(391) Soft: 174 encountered, 0 discovered, 0 enqueued
[39.410s][info][gc,ref      ] GC(391) Weak: 570 encountered, 31 discovered, 0 enqueued
[39.410s][info][gc,ref      ] GC(391) Final: 0 encountered, 0 discovered, 0 enqueued
[39.410s][info][gc,ref      ] GC(391) Phantom: 21 encountered, 13 discovered, 0 enqueued
[39.410s][info][gc,reloc    ] GC(391) Small Pages: 146 / 292M, Empty: 254M, Relocated: 6M, In-Place: 0
[39.410s][info][gc,reloc    ] GC(391) Medium Pages: 1 / 16M, Empty: 0M, Relocated: 0M, In-Place: 0
[39.410s][info][gc,reloc    ] GC(391) Large Pages: 0 / 0M, Empty: 0M, Relocated: 0M, In-Place: 0
[39.410s][info][gc,reloc    ] GC(391) Forwarding Usage: 3M
[39.410s][info][gc,heap     ] GC(391) Min Capacity: 8M(2%)
[39.410s][info][gc,heap     ] GC(391) Max Capacity: 512M(100%)
[39.410s][info][gc,heap     ] GC(391) Soft Max Capacity: 512M(100%)
[39.410s][info][gc,heap     ] GC(391)                Mark Start          Mark End        Relocate Start      Relocate End           High               Low         
[39.411s][info][gc,heap     ] GC(391)  Capacity:      512M (100%)        512M (100%)        512M (100%)        512M (100%)        512M (100%)        512M (100%)   
[39.411s][info][gc,heap     ] GC(391)      Free:      204M (40%)         160M (31%)         394M (77%)         402M (79%)         402M (79%)         156M (30%)    
[39.411s][info][gc,heap     ] GC(391)      Used:      308M (60%)         352M (69%)         118M (23%)         110M (21%)         356M (70%)         110M (21%)    
[39.411s][info][gc,heap     ] GC(391)      Live:         -                13M (3%)           13M (3%)           13M (3%)             -                  -          
[39.411s][info][gc,heap     ] GC(391) Allocated:         -                44M (9%)           64M (13%)          75M (15%)            -                  -          
[39.411s][info][gc,heap     ] GC(391)   Garbage:         -               294M (58%)          40M (8%)           20M (4%)             -                  -          
[39.411s][info][gc,heap     ] GC(391) Reclaimed:         -                  -               254M (50%)         273M (54%)            -                  -          
[39.411s][info][gc          ] GC(391) Garbage Collection (Allocation Rate) 308M(60%)->110M(21%)
[39.481s][info][gc,start    ] GC(392) Garbage Collection (Allocation Rate)
[39.481s][info][gc,task     ] GC(392) Using 5 workers
[39.481s][info][gc,phases   ] GC(392) Pause Mark Start 0.013ms
[39.501s][info][gc,phases   ] GC(392) Concurrent Mark 19.663ms
[39.501s][info][gc,phases   ] GC(392) Pause Mark End 0.014ms
[39.501s][info][gc,phases   ] GC(392) Concurrent Mark Free 0.001ms
[39.502s][info][gc,phases   ] GC(392) Concurrent Process Non-Strong References 0.819ms
[39.502s][info][gc,phases   ] GC(392) Concurrent Reset Relocation Set 0.003ms
[39.506s][info][gc,phases   ] GC(392) Concurrent Select Relocation Set 4.453ms
[39.506s][info][gc,phases   ] GC(392) Pause Relocate Start 0.005ms
[39.509s][info][gc,phases   ] GC(392) Concurrent Relocate 2.312ms
[39.509s][info][gc,load     ] GC(392) Load: 0.00/0.00/0.00
[39.509s][info][gc,mmu      ] GC(392) MMU: 2ms/98.6%, 5ms/99.5%, 10ms/99.6%, 20ms/99.8%, 50ms/99.9%, 100ms/99.9%
[39.509s][info][gc,marking  ] GC(392) Mark: 4 stripe(s), 2 proactive flush(es), 1 terminate flush(es), 0 completion(s), 0 continuation(s) 
[39.509s][info][gc,marking  ] GC(392) Mark Stack Usage: 32M
[39.509s][info][gc,nmethod  ] GC(392) NMethods: 1373 registered, 48 unregistered
[39.509s][info][gc,metaspace] GC(392) Metaspace: 8M used, 8M committed, 1088M reserved
[39.509s][info][gc,ref      ] GC(392) Soft: 174 encountered, 0 discovered, 0 enqueued
[39.509s][info][gc,ref      ] GC(392) Weak: 570 encountered, 141 discovered, 0 enqueued
[39.509s][info][gc,ref      ] GC(392) Final: 0 encountered, 0 discovered, 0 enqueued
[39.509s][info][gc,ref      ] GC(392) Phantom: 21 encountered, 18 discovered, 0 enqueued
[39.509s][info][gc,reloc    ] GC(392) Small Pages: 112 / 224M, Empty: 200M, Relocated: 1M, In-Place: 0
[39.509s][info][gc,reloc    ] GC(392) Medium Pages: 2 / 32M, Empty: 0M, Relocated: 1M, In-Place: 0
[39.509s][info][gc,reloc    ] GC(392) Large Pages: 0 / 0M, Empty: 0M, Relocated: 0M, In-Place: 0
[39.509s][info][gc,reloc    ] GC(392) Forwarding Usage: 0M
[39.509s][info][gc,heap     ] GC(392) Min Capacity: 8M(2%)
[39.509s][info][gc,heap     ] GC(392) Max Capacity: 512M(100%)
[39.509s][info][gc,heap     ] GC(392) Soft Max Capacity: 512M(100%)
[39.509s][info][gc,heap     ] GC(392)                Mark Start          Mark End        Relocate Start      Relocate End           High               Low         
[39.509s][info][gc,heap     ] GC(392)  Capacity:      512M (100%)        512M (100%)        512M (100%)        512M (100%)        512M (100%)        512M (100%)   
[39.509s][info][gc,heap     ] GC(392)      Free:      256M (50%)         204M (40%)         388M (76%)         400M (78%)         402M (79%)         202M (39%)    
[39.509s][info][gc,heap     ] GC(392)      Used:      256M (50%)         308M (60%)         124M (24%)         112M (22%)         310M (61%)         110M (21%)    
[39.509s][info][gc,heap     ] GC(392)      Live:         -                15M (3%)           15M (3%)           15M (3%)             -                  -          
[39.509s][info][gc,heap     ] GC(392) Allocated:         -                52M (10%)          68M (13%)          73M (14%)            -                  -          
[39.509s][info][gc,heap     ] GC(392)   Garbage:         -               240M (47%)          40M (8%)           22M (4%)             -                  -          
[39.509s][info][gc,heap     ] GC(392) Reclaimed:         -                  -               200M (39%)         217M (43%)            -                  -          
[39.509s][info][gc          ] GC(392) Garbage Collection (Allocation Rate) 256M(50%)->112M(22%)
[39.580s][info][gc,start    ] GC(393) Garbage Collection (Allocation Rate)
[39.580s][info][gc,task     ] GC(393) Using 5 workers
[39.581s][info][gc,phases   ] GC(393) Pause Mark Start 0.012ms
[39.600s][info][gc,phases   ] GC(393) Concurrent Mark 19.700ms
[39.600s][info][gc,phases   ] GC(393) Pause Mark End 0.011ms
[39.601s][info][gc,phases   ] GC(393) Concurrent Mark Free 0.001ms
[39.601s][info][gc,phases   ] GC(393) Concurrent Process Non-Strong References 0.919ms
[39.601s][info][gc,phases   ] GC(393) Concurrent Reset Relocation Set 0.002ms
[39.607s][info][gc,phases   ] GC(393) Concurrent Select Relocation Set 5.362ms
[39.607s][info][gc,phases   ] GC(393) Pause Relocate Start 0.006ms
[39.610s][info][gc,phases   ] GC(393) Concurrent Relocate 2.899ms
[39.610s][info][gc,load     ] GC(393) Load: 0.00/0.00/0.00
[39.610s][info][gc,mmu      ] GC(393) MMU: 2ms/98.6%, 5ms/99.5%, 10ms/99.6%, 20ms/99.8%, 50ms/99.9%, 100ms/99.9%
[39.610s][info][gc,marking  ] GC(393) Mark: 4 stripe(s), 4 proactive flush(es), 1 terminate flush(es), 0 completion(s), 0 continuation(s) 
[39.610s][info][gc,marking  ] GC(393) Mark Stack Usage: 32M
[39.610s][info][gc,nmethod  ] GC(393) NMethods: 1373 registered, 48 unregistered
[39.610s][info][gc,metaspace] GC(393) Metaspace: 8M used, 8M committed, 1088M reserved
[39.610s][info][gc,ref      ] GC(393) Soft: 174 encountered, 0 discovered, 0 enqueued
[39.610s][info][gc,ref      ] GC(393) Weak: 570 encountered, 161 discovered, 0 enqueued
[39.610s][info][gc,ref      ] GC(393) Final: 0 encountered, 0 discovered, 0 enqueued
[39.610s][info][gc,ref      ] GC(393) Phantom: 21 encountered, 19 discovered, 0 enqueued
[39.610s][info][gc,reloc    ] GC(393) Small Pages: 144 / 288M, Empty: 250M, Relocated: 3M, In-Place: 0
[39.610s][info][gc,reloc    ] GC(393) Medium Pages: 1 / 16M, Empty: 0M, Relocated: 0M, In-Place: 0
[39.610s][info][gc,reloc    ] GC(393) Large Pages: 0 / 0M, Empty: 0M, Relocated: 0M, In-Place: 0
[39.610s][info][gc,reloc    ] GC(393) Forwarding Usage: 1M
[39.610s][info][gc,heap     ] GC(393) Min Capacity: 8M(2%)
[39.610s][info][gc,heap     ] GC(393) Max Capacity: 512M(100%)
[39.610s][info][gc,heap     ] GC(393) Soft Max Capacity: 512M(100%)
[39.611s][info][gc,heap     ] GC(393)                Mark Start          Mark End        Relocate Start      Relocate End           High               Low         
[39.611s][info][gc,heap     ] GC(393)  Capacity:      512M (100%)        512M (100%)        512M (100%)        512M (100%)        512M (100%)        512M (100%)   
[39.611s][info][gc,heap     ] GC(393)      Free:      208M (41%)         156M (30%)         388M (76%)         396M (77%)         396M (77%)         152M (30%)    
[39.611s][info][gc,heap     ] GC(393)      Used:      304M (59%)         356M (70%)         124M (24%)         116M (23%)         360M (70%)         116M (23%)    
[39.611s][info][gc,heap     ] GC(393)      Live:         -                15M (3%)           15M (3%)           15M (3%)             -                  -          
[39.611s][info][gc,heap     ] GC(393) Allocated:         -                52M (10%)          70M (14%)          75M (15%)            -                  -          
[39.611s][info][gc,heap     ] GC(393)   Garbage:         -               288M (56%)          38M (8%)           24M (5%)             -                  -          
[39.611s][info][gc,heap     ] GC(393) Reclaimed:         -                  -               250M (49%)         263M (52%)            -                  -          
[39.611s][info][gc          ] GC(393) Garbage Collection (Allocation Rate) 304M(59%)->116M(23%)
[39.680s][info][gc,start    ] GC(394) Garbage Collection (Allocation Rate)
[39.680s][info][gc,task     ] GC(394) Using 5 workers
[39.680s][info][gc,phases   ] GC(394) Pause Mark Start 0.010ms
[39.698s][info][gc,phases   ] GC(394) Concurrent Mark 17.715ms
[39.698s][info][gc,phases   ] GC(394) Pause Mark End 0.010ms
[39.698s][info][gc,phases   ] GC(394) Concurrent Mark Free 0.001ms
[39.699s][info][gc,phases   ] GC(394) Concurrent Process Non-Strong References 0.835ms
[39.699s][info][gc,phases   ] GC(394) Concurrent Reset Relocation Set 0.002ms
[39.706s][info][gc,phases   ] GC(394) Concurrent Select Relocation Set 6.795ms
[39.706s][info][gc,phases   ] GC(394) Pause Relocate Start 0.006ms
[39.711s][info][gc,phases   ] GC(394) Concurrent Relocate 4.747ms
[39.711s][info][gc,load     ] GC(394) Load: 0.00/0.00/0.00
[39.711s][info][gc,mmu      ] GC(394) MMU: 2ms/98.6%, 5ms/99.5%, 10ms/99.6%, 20ms/99.8%, 50ms/99.9%, 100ms/99.9%
[39.711s][info][gc,marking  ] GC(394) Mark: 4 stripe(s), 2 proactive flush(es), 1 terminate flush(es), 0 completion(s), 0 continuation(s) 
[39.711s][info][gc,marking  ] GC(394) Mark Stack Usage: 32M
[39.711s][info][gc,nmethod  ] GC(394) NMethods: 1373 registered, 48 unregistered
[39.711s][info][gc,metaspace] GC(394) Metaspace: 8M used, 8M committed, 1088M reserved
[39.711s][info][gc,ref      ] GC(394) Soft: 174 encountered, 0 discovered, 0 enqueued
[39.711s][info][gc,ref      ] GC(394) Weak: 570 encountered, 5 discovered, 0 enqueued
[39.711s][info][gc,ref      ] GC(394) Final: 0 encountered, 0 discovered, 0 enqueued
[39.711s][info][gc,ref      ] GC(394) Phantom: 21 encountered, 14 discovered, 0 enqueued
[39.711s][info][gc,reloc    ] GC(394) Small Pages: 128 / 256M, Empty: 220M, Relocated: 6M, In-Place: 0
[39.711s][info][gc,reloc    ] GC(394) Medium Pages: 1 / 16M, Empty: 0M, Relocated: 0M, In-Place: 0
[39.711s][info][gc,reloc    ] GC(394) Large Pages: 0 / 0M, Empty: 0M, Relocated: 0M, In-Place: 0
[39.711s][info][gc,reloc    ] GC(394) Forwarding Usage: 3M
[39.711s][info][gc,heap     ] GC(394) Min Capacity: 8M(2%)
[39.712s][info][gc,heap     ] GC(394) Max Capacity: 512M(100%)
[39.712s][info][gc,heap     ] GC(394) Soft Max Capacity: 512M(100%)
[39.712s][info][gc,heap     ] GC(394)                Mark Start          Mark End        Relocate Start      Relocate End           High               Low         
[39.712s][info][gc,heap     ] GC(394)  Capacity:      512M (100%)        512M (100%)        512M (100%)        512M (100%)        512M (100%)        512M (100%)   
[39.712s][info][gc,heap     ] GC(394)      Free:      240M (47%)         216M (42%)         422M (82%)         426M (83%)         428M (84%)         214M (42%)    
[39.712s][info][gc,heap     ] GC(394)      Used:      272M (53%)         296M (58%)          90M (18%)          86M (17%)         298M (58%)          84M (16%)    
[39.712s][info][gc,heap     ] GC(394)      Live:         -                15M (3%)           15M (3%)           15M (3%)             -                  -          
[39.712s][info][gc,heap     ] GC(394) Allocated:         -                24M (5%)           38M (7%)           49M (10%)            -                  -          
[39.712s][info][gc,heap     ] GC(394)   Garbage:         -               256M (50%)          36M (7%)           20M (4%)             -                  -          
[39.712s][info][gc,heap     ] GC(394) Reclaimed:         -                  -               220M (43%)         235M (46%)            -                  -          
[39.712s][info][gc          ] GC(394) Garbage Collection (Allocation Rate) 272M(53%)->86M(17%)
[39.780s][info][gc,start    ] GC(395) Garbage Collection (Allocation Rate)
[39.780s][info][gc,task     ] GC(395) Using 5 workers
[39.780s][info][gc,phases   ] GC(395) Pause Mark Start 0.012ms
[39.801s][info][gc,phases   ] GC(395) Concurrent Mark 20.712ms
[39.801s][info][gc,phases   ] GC(395) Pause Mark End 0.013ms
[39.801s][info][gc,phases   ] GC(395) Concurrent Mark Free 0.001ms
[39.802s][info][gc,phases   ] GC(395) Concurrent Process Non-Strong References 0.895ms
[39.802s][info][gc,phases   ] GC(395) Concurrent Reset Relocation Set 0.003ms
[39.806s][info][gc,phases   ] GC(395) Concurrent Select Relocation Set 4.227ms
[39.807s][info][gc,phases   ] GC(395) Pause Relocate Start 0.004ms
[39.809s][info][gc,phases   ] GC(395) Concurrent Relocate 2.346ms
[39.809s][info][gc,load     ] GC(395) Load: 0.00/0.00/0.00
[39.809s][info][gc,mmu      ] GC(395) MMU: 2ms/98.6%, 5ms/99.5%, 10ms/99.6%, 20ms/99.8%, 50ms/99.9%, 100ms/99.9%
[39.809s][info][gc,marking  ] GC(395) Mark: 4 stripe(s), 2 proactive flush(es), 1 terminate flush(es), 0 completion(s), 0 continuation(s) 
[39.809s][info][gc,marking  ] GC(395) Mark Stack Usage: 32M
[39.809s][info][gc,nmethod  ] GC(395) NMethods: 1373 registered, 48 unregistered
[39.809s][info][gc,metaspace] GC(395) Metaspace: 8M used, 8M committed, 1088M reserved
[39.809s][info][gc,ref      ] GC(395) Soft: 174 encountered, 0 discovered, 0 enqueued
[39.809s][info][gc,ref      ] GC(395) Weak: 570 encountered, 137 discovered, 0 enqueued
[39.809s][info][gc,ref      ] GC(395) Final: 0 encountered, 0 discovered, 0 enqueued
[39.809s][info][gc,ref      ] GC(395) Phantom: 21 encountered, 14 discovered, 0 enqueued
[39.809s][info][gc,reloc    ] GC(395) Small Pages: 119 / 238M, Empty: 202M, Relocated: 3M, In-Place: 0
[39.809s][info][gc,reloc    ] GC(395) Medium Pages: 2 / 32M, Empty: 0M, Relocated: 1M, In-Place: 0
[39.809s][info][gc,reloc    ] GC(395) Large Pages: 0 / 0M, Empty: 0M, Relocated: 0M, In-Place: 0
[39.809s][info][gc,reloc    ] GC(395) Forwarding Usage: 1M
[39.809s][info][gc,heap     ] GC(395) Min Capacity: 8M(2%)
[39.809s][info][gc,heap     ] GC(395) Max Capacity: 512M(100%)
[39.809s][info][gc,heap     ] GC(395) Soft Max Capacity: 512M(100%)
[39.809s][info][gc,heap     ] GC(395)                Mark Start          Mark End        Relocate Start      Relocate End           High               Low         
[39.809s][info][gc,heap     ] GC(395)  Capacity:      512M (100%)        512M (100%)        512M (100%)        512M (100%)        512M (100%)        512M (100%)   
[39.810s][info][gc,heap     ] GC(395)      Free:      242M (47%)         188M (37%)         374M (73%)         398M (78%)         398M (78%)         184M (36%)    
[39.810s][info][gc,heap     ] GC(395)      Used:      270M (53%)         324M (63%)         138M (27%)         114M (22%)         328M (64%)         114M (22%)    
[39.810s][info][gc,heap     ] GC(395)      Live:         -                16M (3%)           16M (3%)           16M (3%)             -                  -          
[39.810s][info][gc,heap     ] GC(395) Allocated:         -                54M (11%)          70M (14%)          73M (14%)            -                  -          
[39.810s][info][gc,heap     ] GC(395)   Garbage:         -               253M (50%)          51M (10%)          23M (5%)             -                  -          
[39.810s][info][gc,heap     ] GC(395) Reclaimed:         -                  -               202M (39%)         229M (45%)            -                  -          
[39.810s][info][gc          ] GC(395) Garbage Collection (Allocation Rate) 270M(53%)->114M(22%)
[39.884s][info][gc,start    ] GC(396) Garbage Collection (Allocation Rate)
[39.884s][info][gc,task     ] GC(396) Using 5 workers
[39.884s][info][gc,phases   ] GC(396) Pause Mark Start 0.011ms
[39.915s][info][gc,phases   ] GC(396) Concurrent Mark 30.966ms
[39.915s][info][gc,phases   ] GC(396) Pause Mark End 0.012ms
[39.915s][info][gc,phases   ] GC(396) Concurrent Mark Free 0.001ms
[39.916s][info][gc,phases   ] GC(396) Concurrent Process Non-Strong References 0.825ms
[39.916s][info][gc,phases   ] GC(396) Concurrent Reset Relocation Set 0.003ms
[39.922s][info][gc,phases   ] GC(396) Concurrent Select Relocation Set 6.295ms
[39.922s][info][gc,phases   ] GC(396) Pause Relocate Start 0.005ms
[39.926s][info][gc,phases   ] GC(396) Concurrent Relocate 3.971ms
[39.926s][info][gc,load     ] GC(396) Load: 0.00/0.00/0.00
[39.927s][info][gc,mmu      ] GC(396) MMU: 2ms/98.6%, 5ms/99.5%, 10ms/99.6%, 20ms/99.8%, 50ms/99.9%, 100ms/99.9%
[39.927s][info][gc,marking  ] GC(396) Mark: 4 stripe(s), 2 proactive flush(es), 1 terminate flush(es), 0 completion(s), 0 continuation(s) 
[39.927s][info][gc,marking  ] GC(396) Mark Stack Usage: 32M
[39.927s][info][gc,nmethod  ] GC(396) NMethods: 1373 registered, 48 unregistered
[39.927s][info][gc,metaspace] GC(396) Metaspace: 8M used, 8M committed, 1088M reserved
[39.927s][info][gc,ref      ] GC(396) Soft: 174 encountered, 0 discovered, 0 enqueued
[39.927s][info][gc,ref      ] GC(396) Weak: 570 encountered, 205 discovered, 0 enqueued
[39.927s][info][gc,ref      ] GC(396) Final: 0 encountered, 0 discovered, 0 enqueued
[39.927s][info][gc,ref      ] GC(396) Phantom: 21 encountered, 12 discovered, 0 enqueued
[39.927s][info][gc,reloc    ] GC(396) Small Pages: 151 / 302M, Empty: 256M, Relocated: 5M, In-Place: 0
[39.927s][info][gc,reloc    ] GC(396) Medium Pages: 1 / 16M, Empty: 0M, Relocated: 0M, In-Place: 0
[39.927s][info][gc,reloc    ] GC(396) Large Pages: 0 / 0M, Empty: 0M, Relocated: 0M, In-Place: 0
[39.927s][info][gc,reloc    ] GC(396) Forwarding Usage: 2M
[39.927s][info][gc,heap     ] GC(396) Min Capacity: 8M(2%)
[39.927s][info][gc,heap     ] GC(396) Max Capacity: 512M(100%)
[39.927s][info][gc,heap     ] GC(396) Soft Max Capacity: 512M(100%)
[39.927s][info][gc,heap     ] GC(396)                Mark Start          Mark End        Relocate Start      Relocate End           High               Low         
[39.927s][info][gc,heap     ] GC(396)  Capacity:      512M (100%)        512M (100%)        512M (100%)        512M (100%)        512M (100%)        512M (100%)   
[39.927s][info][gc,heap     ] GC(396)      Free:      194M (38%)         112M (22%)         348M (68%)         360M (70%)         366M (71%)         110M (21%)    
[39.927s][info][gc,heap     ] GC(396)      Used:      318M (62%)         400M (78%)         164M (32%)         152M (30%)         402M (79%)         146M (29%)    
[39.927s][info][gc,heap     ] GC(396)      Live:         -                17M (3%)           17M (3%)           17M (3%)             -                  -          
[39.927s][info][gc,heap     ] GC(396) Allocated:         -                82M (16%)         102M (20%)         111M (22%)            -                  -          
[39.927s][info][gc,heap     ] GC(396)   Garbage:         -               300M (59%)          44M (9%)           22M (4%)             -                  -          
[39.927s][info][gc,heap     ] GC(396) Reclaimed:         -                  -               256M (50%)         277M (54%)            -                  -          
[39.927s][info][gc          ] GC(396) Garbage Collection (Allocation Rate) 318M(62%)->152M(30%)
[39.993s][info][gc,start    ] GC(397) Garbage Collection (Allocation Rate)
[39.993s][info][gc,task     ] GC(397) Using 5 workers
[39.993s][info][gc,phases   ] GC(397) Pause Mark Start 0.010ms
[40.024s][info][gc,phases   ] GC(397) Concurrent Mark 31.036ms
[40.024s][info][gc,phases   ] GC(397) Pause Mark End 0.009ms
[40.024s][info][gc,phases   ] GC(397) Concurrent Mark Free 0.001ms
[40.025s][info][gc,phases   ] GC(397) Concurrent Process Non-Strong References 0.953ms
[40.025s][info][gc,phases   ] GC(397) Concurrent Reset Relocation Set 0.003ms
[40.029s][info][gc,phases   ] GC(397) Concurrent Select Relocation Set 3.800ms
[40.029s][info][gc,phases   ] GC(397) Pause Relocate Start 0.005ms
[40.032s][info][gc,phases   ] GC(397) Concurrent Relocate 2.832ms
[40.032s][info][gc,load     ] GC(397) Load: 0.00/0.00/0.00
[40.032s][info][gc,mmu      ] GC(397) MMU: 2ms/98.6%, 5ms/99.5%, 10ms/99.6%, 20ms/99.8%, 50ms/99.9%, 100ms/99.9%
[40.032s][info][gc,marking  ] GC(397) Mark: 4 stripe(s), 4 proactive flush(es), 1 terminate flush(es), 0 completion(s), 0 continuation(s) 
[40.032s][info][gc,marking  ] GC(397) Mark Stack Usage: 32M
[40.032s][info][gc,nmethod  ] GC(397) NMethods: 1373 registered, 48 unregistered
[40.032s][info][gc,metaspace] GC(397) Metaspace: 8M used, 8M committed, 1088M reserved
[40.032s][info][gc,ref      ] GC(397) Soft: 174 encountered, 0 discovered, 0 enqueued
[40.032s][info][gc,ref      ] GC(397) Weak: 570 encountered, 57 discovered, 0 enqueued
[40.032s][info][gc,ref      ] GC(397) Final: 0 encountered, 0 discovered, 0 enqueued
[40.033s][info][gc,ref      ] GC(397) Phantom: 21 encountered, 8 discovered, 0 enqueued
[40.033s][info][gc,reloc    ] GC(397) Small Pages: 148 / 296M, Empty: 262M, Relocated: 3M, In-Place: 0
[40.033s][info][gc,reloc    ] GC(397) Medium Pages: 1 / 16M, Empty: 0M, Relocated: 0M, In-Place: 0
[40.033s][info][gc,reloc    ] GC(397) Large Pages: 0 / 0M, Empty: 0M, Relocated: 0M, In-Place: 0
[40.033s][info][gc,reloc    ] GC(397) Forwarding Usage: 1M
[40.033s][info][gc,heap     ] GC(397) Min Capacity: 8M(2%)
[40.033s][info][gc,heap     ] GC(397) Max Capacity: 512M(100%)
[40.033s][info][gc,heap     ] GC(397) Soft Max Capacity: 512M(100%)
[40.033s][info][gc,heap     ] GC(397)                Mark Start          Mark End        Relocate Start      Relocate End           High               Low         
[40.033s][info][gc,heap     ] GC(397)  Capacity:      512M (100%)        512M (100%)        512M (100%)        512M (100%)        512M (100%)        512M (100%)   
[40.033s][info][gc,heap     ] GC(397)      Free:      200M (39%)         116M (23%)         364M (71%)         364M (71%)         370M (72%)         114M (22%)    
[40.033s][info][gc,heap     ] GC(397)      Used:      312M (61%)         396M (77%)         148M (29%)         148M (29%)         398M (78%)         142M (28%)    
[40.033s][info][gc,heap     ] GC(397)      Live:         -                17M (3%)           17M (3%)           17M (3%)             -                  -          
[40.033s][info][gc,heap     ] GC(397) Allocated:         -                84M (16%)          98M (19%)         103M (20%)            -                  -          
[40.033s][info][gc,heap     ] GC(397)   Garbage:         -               294M (57%)          32M (6%)           26M (5%)             -                  -          
[40.033s][info][gc,heap     ] GC(397) Reclaimed:         -                  -               262M (51%)         267M (52%)            -                  -          
[40.033s][info][gc          ] GC(397) Garbage Collection (Allocation Rate) 312M(61%)->148M(29%)
[40.087s][info][gc,start    ] GC(398) Garbage Collection (Allocation Rate)
[40.087s][info][gc,stats    ] === Garbage Collection Statistics =======================================================================================================================
[40.087s][info][gc,task     ] GC(398) Using 5 workers
[40.087s][info][gc,stats    ]                                                              Last 10s              Last 10m              Last 10h                Total
[40.087s][info][gc,stats    ]                                                              Avg / Max             Avg / Max             Avg / Max             Avg / Max
[40.087s][info][gc,phases   ] GC(398) Pause Mark Start 0.010ms
[40.087s][info][gc,stats    ]   Collector: Garbage Collection Cycle                     32.611 / 89.895       35.742 / 89.895       35.742 / 89.895       35.742 / 89.895      ms
[40.087s][info][gc,stats    ]  Contention: Mark Segment Reset Contention                    15 / 18               15 / 23               15 / 23               15 / 23          ops/s
[40.087s][info][gc,stats    ]  Contention: Mark SeqNum Reset Contention                      2 / 6                 3 / 9                 3 / 9                 3 / 9           ops/s
[40.087s][info][gc,stats    ]    Critical: Allocation Stall                                  0 / 0                 0 / 0                 0 / 0                 0 / 0           ops/s
[40.087s][info][gc,stats    ]    Critical: Allocation Stall                              0.000 / 0.000         0.000 / 0.000         0.000 / 0.000         0.000 / 0.000       ms
[40.087s][info][gc,stats    ]    Critical: GC Locker Stall                                   0 / 0                 0 / 0                 0 / 0                 0 / 0           ops/s
[40.087s][info][gc,stats    ]    Critical: GC Locker Stall                               0.000 / 0.000         0.000 / 0.000         0.000 / 0.000         0.000 / 0.000       ms
[40.087s][info][gc,stats    ]    Critical: Relocation Stall                                  0 / 0                 0 / 0                 0 / 0                 0 / 0           ops/s
[40.087s][info][gc,stats    ]    Critical: Relocation Stall                              0.000 / 0.000         0.000 / 0.000         0.000 / 0.000         0.000 / 0.000       ms
[40.087s][info][gc,stats    ]      Memory: Allocation Rate                                2216 / 2546           2152 / 2570           2152 / 2570           2152 / 2570        MB/s
[40.087s][info][gc,stats    ]      Memory: Defragment                                        0 / 0                 0 / 14                0 / 14                0 / 14          ops/s
[40.087s][info][gc,stats    ]      Memory: Out Of Memory                                     0 / 0                 0 / 0                 0 / 0                 0 / 0           ops/s
[40.087s][info][gc,stats    ]      Memory: Page Cache Flush                                  3 / 16                7 / 52                7 / 52                7 / 52          MB/s
[40.087s][info][gc,stats    ]      Memory: Page Cache Hit L1                              1134 / 1309           1094 / 1317           1094 / 1317           1094 / 1317        ops/s
[40.087s][info][gc,stats    ]      Memory: Page Cache Hit L2                                 0 / 0                 0 / 0                 0 / 0                 0 / 0           ops/s
[40.087s][info][gc,stats    ]      Memory: Page Cache Hit L3                                 0 / 1                 6 / 138               6 / 138               6 / 138         ops/s
[40.088s][info][gc,stats    ]      Memory: Page Cache Miss                                   0 / 1                 0 / 4                 0 / 4                 0 / 4           ops/s
[40.088s][info][gc,stats    ]      Memory: Uncommit                                          0 / 0                 0 / 0                 0 / 0                 0 / 0           MB/s
[40.088s][info][gc,stats    ]      Memory: Undo Object Allocation Failed                     0 / 0                 0 / 0                 0 / 0                 0 / 0           ops/s
[40.088s][info][gc,stats    ]      Memory: Undo Object Allocation Succeeded                  2 / 3                 1 / 4                 1 / 4                 1 / 4           ops/s
[40.088s][info][gc,stats    ]      Memory: Undo Page Allocation                              0 / 0                 0 / 0                 0 / 0                 0 / 0           ops/s
[40.088s][info][gc,stats    ]       Phase: Concurrent Mark                              22.537 / 46.683       25.323 / 46.690       25.323 / 46.690       25.323 / 46.690      ms
[40.088s][info][gc,stats    ]       Phase: Concurrent Mark Continue                      0.000 / 0.000         0.000 / 0.000         0.000 / 0.000         0.000 / 0.000       ms
[40.088s][info][gc,stats    ]       Phase: Concurrent Mark Free                          0.001 / 0.002         0.001 / 0.002         0.001 / 0.002         0.001 / 0.002       ms
[40.088s][info][gc,stats    ]       Phase: Concurrent Process Non-Strong References      0.908 / 1.417         0.936 / 1.417         0.936 / 1.417         0.936 / 1.417       ms
[40.088s][info][gc,stats    ]       Phase: Concurrent Relocate                           2.936 / 5.481         3.147 / 6.396         3.147 / 6.396         3.147 / 6.396       ms
[40.088s][info][gc,stats    ]       Phase: Concurrent Reset Relocation Set               0.002 / 0.006         0.002 / 0.006         0.002 / 0.006         0.002 / 0.006       ms
[40.088s][info][gc,stats    ]       Phase: Concurrent Select Relocation Set              4.949 / 7.715         5.033 / 14.790        5.033 / 14.790        5.033 / 14.790      ms
[40.088s][info][gc,stats    ]       Phase: Pause Mark End                                0.012 / 0.016         0.012 / 0.027         0.012 / 0.027         0.012 / 0.027       ms
[40.088s][info][gc,stats    ]       Phase: Pause Mark Start                              0.012 / 0.021         0.012 / 0.021         0.012 / 0.021         0.012 / 0.021       ms
[40.088s][info][gc,stats    ]       Phase: Pause Relocate Start                          0.006 / 0.008         0.006 / 0.009         0.006 / 0.009         0.006 / 0.009       ms
[40.088s][info][gc,stats    ]    Subphase: Concurrent Classes Purge                      0.004 / 0.012         0.008 / 0.415         0.008 / 0.415         0.008 / 0.415       ms
[40.088s][info][gc,stats    ]    Subphase: Concurrent Classes Unlink                     0.670 / 1.055         0.665 / 1.055         0.665 / 1.055         0.665 / 1.055       ms
[40.088s][info][gc,stats    ]    Subphase: Concurrent Mark                              20.756 / 45.818       23.215 / 46.110       23.215 / 46.110       23.215 / 46.110      ms
[40.088s][info][gc,stats    ]    Subphase: Concurrent Mark Try Flush                     0.030 / 0.080         0.031 / 0.229         0.031 / 0.229         0.031 / 0.229       ms
[40.088s][info][gc,stats    ]    Subphase: Concurrent Mark Try Terminate                 2.578 / 16.644        3.934 / 16.664        3.934 / 16.664        3.934 / 16.664      ms
[40.088s][info][gc,stats    ]    Subphase: Concurrent References Enqueue                 0.000 / 0.001         0.000 / 0.004         0.000 / 0.004         0.000 / 0.004       ms
[40.088s][info][gc,stats    ]    Subphase: Concurrent References Process                 0.030 / 0.060         0.032 / 0.071         0.032 / 0.071         0.032 / 0.071       ms
[40.088s][info][gc,stats    ]    Subphase: Concurrent Roots ClassLoaderDataGraph         0.104 / 0.400         0.111 / 0.572         0.111 / 0.572         0.111 / 0.572       ms
[40.088s][info][gc,stats    ]    Subphase: Concurrent Roots CodeCache                    0.000 / 0.000         0.000 / 0.000         0.000 / 0.000         0.000 / 0.000       ms
[40.088s][info][gc,stats    ]    Subphase: Concurrent Roots JavaThreads                  0.296 / 0.854         0.305 / 1.270         0.305 / 1.270         0.305 / 1.270       ms
[40.088s][info][gc,stats    ]    Subphase: Concurrent Roots OopStorageSet                0.014 / 0.042         0.015 / 0.134         0.015 / 0.134         0.015 / 0.134       ms
[40.088s][info][gc,stats    ]    Subphase: Concurrent Weak Roots OopStorageSet           0.144 / 0.270         0.168 / 0.350         0.168 / 0.350         0.168 / 0.350       ms
[40.088s][info][gc,stats    ]    Subphase: Pause Mark Try Complete                       0.000 / 0.000         0.000 / 0.000         0.000 / 0.000         0.000 / 0.000       ms
[40.089s][info][gc,stats    ]      System: Java Threads                                     11 / 11               12 / 23               12 / 23               12 / 23          threads
[40.089s][info][gc,stats    ] =========================================================================================================================================================
[40.113s][info][gc,phases   ] GC(398) Concurrent Mark 25.839ms
[40.113s][info][gc,phases   ] GC(398) Pause Mark End 0.012ms
[40.113s][info][gc,phases   ] GC(398) Concurrent Mark Free 0.001ms
[40.114s][info][gc,phases   ] GC(398) Concurrent Process Non-Strong References 0.709ms
[40.114s][info][gc,phases   ] GC(398) Concurrent Reset Relocation Set 0.001ms
[40.120s][info][gc,phases   ] GC(398) Concurrent Select Relocation Set 6.576ms
[40.120s][info][gc,phases   ] GC(398) Pause Relocate Start 0.005ms
[40.124s][info][gc,phases   ] GC(398) Concurrent Relocate 2.990ms
[40.124s][info][gc,load     ] GC(398) Load: 0.00/0.00/0.00
[40.124s][info][gc,mmu      ] GC(398) MMU: 2ms/98.6%, 5ms/99.5%, 10ms/99.6%, 20ms/99.8%, 50ms/99.9%, 100ms/99.9%
[40.124s][info][gc,marking  ] GC(398) Mark: 4 stripe(s), 2 proactive flush(es), 1 terminate flush(es), 0 completion(s), 0 continuation(s) 
[40.124s][info][gc,marking  ] GC(398) Mark Stack Usage: 32M
[40.124s][info][gc,nmethod  ] GC(398) NMethods: 1373 registered, 48 unregistered
[40.124s][info][gc,metaspace] GC(398) Metaspace: 8M used, 8M committed, 1088M reserved
[40.124s][info][gc,ref      ] GC(398) Soft: 174 encountered, 0 discovered, 0 enqueued
[40.124s][info][gc,ref      ] GC(398) Weak: 570 encountered, 104 discovered, 0 enqueued
[40.124s][info][gc,ref      ] GC(398) Final: 0 encountered, 0 discovered, 0 enqueued
[40.124s][info][gc,ref      ] GC(398) Phantom: 21 encountered, 11 discovered, 0 enqueued
[40.124s][info][gc,reloc    ] GC(398) Small Pages: 141 / 282M, Empty: 230M, Relocated: 5M, In-Place: 0
[40.124s][info][gc,reloc    ] GC(398) Medium Pages: 1 / 16M, Empty: 0M, Relocated: 0M, In-Place: 0
[40.124s][info][gc,reloc    ] GC(398) Large Pages: 0 / 0M, Empty: 0M, Relocated: 0M, In-Place: 0
[40.124s][info][gc,reloc    ] GC(398) Forwarding Usage: 2M
[40.124s][info][gc,heap     ] GC(398) Min Capacity: 8M(2%)
[40.124s][info][gc,heap     ] GC(398) Max Capacity: 512M(100%)
[40.124s][info][gc,heap     ] GC(398) Soft Max Capacity: 512M(100%)
[40.124s][info][gc,heap     ] GC(398)                Mark Start          Mark End        Relocate Start      Relocate End           High               Low         
[40.124s][info][gc,heap     ] GC(398)  Capacity:      512M (100%)        512M (100%)        512M (100%)        512M (100%)        512M (100%)        512M (100%)   
[40.124s][info][gc,heap     ] GC(398)      Free:      214M (42%)         146M (29%)         356M (70%)         374M (73%)         374M (73%)         144M (28%)    
[40.124s][info][gc,heap     ] GC(398)      Used:      298M (58%)         366M (71%)         156M (30%)         138M (27%)         368M (72%)         138M (27%)    
[40.124s][info][gc,heap     ] GC(398)      Live:         -                18M (4%)           18M (4%)           18M (4%)             -                  -          
[40.124s][info][gc,heap     ] GC(398) Allocated:         -                68M (13%)          88M (17%)          95M (19%)            -                  -          
[40.124s][info][gc,heap     ] GC(398)   Garbage:         -               279M (55%)          49M (10%)          23M (5%)             -                  -          
[40.124s][info][gc,heap     ] GC(398) Reclaimed:         -                  -               230M (45%)         255M (50%)            -                  -          
[40.124s][info][gc          ] GC(398) Garbage Collection (Allocation Rate) 298M(58%)->138M(27%)
[40.180s][info][gc,start    ] GC(399) Garbage Collection (Allocation Rate)
[40.180s][info][gc,task     ] GC(399) Using 5 workers
[40.180s][info][gc,phases   ] GC(399) Pause Mark Start 0.015ms
[40.214s][info][gc,phases   ] GC(399) Concurrent Mark 34.370ms
[40.215s][info][gc,phases   ] GC(399) Pause Mark End 0.016ms
[40.215s][info][gc,phases   ] GC(399) Concurrent Mark Free 0.001ms
[40.216s][info][gc,phases   ] GC(399) Concurrent Process Non-Strong References 0.915ms
[40.216s][info][gc,phases   ] GC(399) Concurrent Reset Relocation Set 0.004ms
[40.224s][info][gc,phases   ] GC(399) Concurrent Select Relocation Set 7.902ms
[40.224s][info][gc,phases   ] GC(399) Pause Relocate Start 0.008ms
[40.229s][info][gc,phases   ] GC(399) Concurrent Relocate 5.652ms
[40.230s][info][gc,load     ] GC(399) Load: 0.00/0.00/0.00
[40.230s][info][gc,mmu      ] GC(399) MMU: 2ms/98.6%, 5ms/99.5%, 10ms/99.6%, 20ms/99.8%, 50ms/99.9%, 100ms/99.9%
[40.230s][info][gc,marking  ] GC(399) Mark: 4 stripe(s), 2 proactive flush(es), 1 terminate flush(es), 0 completion(s), 0 continuation(s) 
[40.230s][info][gc,marking  ] GC(399) Mark Stack Usage: 32M
[40.230s][info][gc,nmethod  ] GC(399) NMethods: 1373 registered, 48 unregistered
[40.230s][info][gc,metaspace] GC(399) Metaspace: 8M used, 8M committed, 1088M reserved
[40.230s][info][gc,ref      ] GC(399) Soft: 174 encountered, 0 discovered, 0 enqueued
[40.230s][info][gc,ref      ] GC(399) Weak: 570 encountered, 49 discovered, 0 enqueued
[40.230s][info][gc,ref      ] GC(399) Final: 0 encountered, 0 discovered, 0 enqueued
[40.230s][info][gc,ref      ] GC(399) Phantom: 21 encountered, 11 discovered, 0 enqueued
[40.230s][info][gc,reloc    ] GC(399) Small Pages: 113 / 226M, Empty: 190M, Relocated: 6M, In-Place: 0
[40.230s][info][gc,reloc    ] GC(399) Medium Pages: 2 / 32M, Empty: 0M, Relocated: 1M, In-Place: 0
[40.230s][info][gc,reloc    ] GC(399) Large Pages: 0 / 0M, Empty: 0M, Relocated: 0M, In-Place: 0
[40.230s][info][gc,reloc    ] GC(399) Forwarding Usage: 3M
[40.230s][info][gc,heap     ] GC(399) Min Capacity: 8M(2%)
[40.230s][info][gc,heap     ] GC(399) Max Capacity: 512M(100%)
[40.230s][info][gc,heap     ] GC(399) Soft Max Capacity: 512M(100%)
[40.230s][info][gc,heap     ] GC(399)                Mark Start          Mark End        Relocate Start      Relocate End           High               Low         
[40.230s][info][gc,heap     ] GC(399)  Capacity:      512M (100%)        512M (100%)        512M (100%)        512M (100%)        512M (100%)        512M (100%)   
[40.230s][info][gc,heap     ] GC(399)      Free:      254M (50%)         226M (44%)         412M (80%)         424M (83%)         426M (83%)         224M (44%)    
[40.230s][info][gc,heap     ] GC(399)      Used:      258M (50%)         286M (56%)         100M (20%)          88M (17%)         288M (56%)          86M (17%)    
[40.230s][info][gc,heap     ] GC(399)      Live:         -                22M (4%)           22M (4%)           22M (4%)             -                  -          
[40.230s][info][gc,heap     ] GC(399) Allocated:         -                28M (5%)           32M (6%)           43M (9%)             -                  -          
[40.230s][info][gc,heap     ] GC(399)   Garbage:         -               235M (46%)          45M (9%)           21M (4%)             -                  -          
[40.230s][info][gc,heap     ] GC(399) Reclaimed:         -                  -               190M (37%)         213M (42%)            -                  -          
[40.230s][info][gc          ] GC(399) Garbage Collection (Allocation Rate) 258M(50%)->88M(17%)
[40.293s][info][gc,start    ] GC(400) Garbage Collection (Allocation Rate)
[40.293s][info][gc,task     ] GC(400) Using 5 workers
[40.293s][info][gc,phases   ] GC(400) Pause Mark Start 0.011ms
[40.324s][info][gc,phases   ] GC(400) Concurrent Mark 30.947ms
[40.324s][info][gc,phases   ] GC(400) Pause Mark End 0.014ms
[40.418s][info][gc,phases   ] GC(400) Concurrent Mark Free 0.001ms
[40.419s][info][gc,phases   ] GC(400) Concurrent Process Non-Strong References 1.214ms
[40.419s][info][gc,phases   ] GC(400) Concurrent Reset Relocation Set 0.002ms
[40.423s][info][gc,phases   ] GC(400) Concurrent Select Relocation Set 4.190ms
[40.423s][info][gc,phases   ] GC(400) Pause Relocate Start 0.009ms
[40.426s][info][gc,phases   ] GC(400) Concurrent Relocate 3.197ms
[40.426s][info][gc,load     ] GC(400) Load: 0.00/0.00/0.00
[40.427s][info][gc,mmu      ] GC(400) MMU: 2ms/98.6%, 5ms/99.5%, 10ms/99.6%, 20ms/99.8%, 50ms/99.9%, 100ms/99.9%
[40.427s][info][gc,marking  ] GC(400) Mark: 4 stripe(s), 3 proactive flush(es), 1 terminate flush(es), 0 completion(s), 0 continuation(s) 
[40.427s][info][gc,marking  ] GC(400) Mark Stack Usage: 32M
[40.427s][info][gc,nmethod  ] GC(400) NMethods: 1373 registered, 48 unregistered
[40.427s][info][gc,metaspace] GC(400) Metaspace: 8M used, 8M committed, 1088M reserved
[40.427s][info][gc,ref      ] GC(400) Soft: 174 encountered, 0 discovered, 0 enqueued
[40.427s][info][gc,ref      ] GC(400) Weak: 570 encountered, 63 discovered, 0 enqueued
[40.427s][info][gc,ref      ] GC(400) Final: 0 encountered, 0 discovered, 0 enqueued
[40.427s][info][gc,ref      ] GC(400) Phantom: 21 encountered, 15 discovered, 0 enqueued
[40.427s][info][gc,reloc    ] GC(400) Small Pages: 115 / 230M, Empty: 190M, Relocated: 2M, In-Place: 0
[40.427s][info][gc,reloc    ] GC(400) Medium Pages: 2 / 32M, Empty: 0M, Relocated: 1M, In-Place: 0
[40.427s][info][gc,reloc    ] GC(400) Large Pages: 0 / 0M, Empty: 0M, Relocated: 0M, In-Place: 0
[40.427s][info][gc,reloc    ] GC(400) Forwarding Usage: 1M
[40.427s][info][gc,heap     ] GC(400) Min Capacity: 8M(2%)
[40.427s][info][gc,heap     ] GC(400) Max Capacity: 512M(100%)
[40.427s][info][gc,heap     ] GC(400) Soft Max Capacity: 512M(100%)
[40.427s][info][gc,heap     ] GC(400)                Mark Start          Mark End        Relocate Start      Relocate End           High               Low         
[40.427s][info][gc,heap     ] GC(400)  Capacity:      512M (100%)        512M (100%)        512M (100%)        512M (100%)        512M (100%)        512M (100%)   
[40.427s][info][gc,heap     ] GC(400)      Free:      250M (49%)         166M (32%)         350M (68%)         374M (73%)         374M (73%)         164M (32%)    
[40.427s][info][gc,heap     ] GC(400)      Used:      262M (51%)         346M (68%)         162M (32%)         138M (27%)         348M (68%)         138M (27%)    
[40.427s][info][gc,heap     ] GC(400)      Live:         -                19M (4%)           19M (4%)           19M (4%)             -                  -          
[40.427s][info][gc,heap     ] GC(400) Allocated:         -                84M (16%)          90M (18%)          93M (18%)            -                  -          
[40.427s][info][gc,heap     ] GC(400)   Garbage:         -               242M (47%)          52M (10%)          24M (5%)             -                  -          
[40.427s][info][gc,heap     ] GC(400) Reclaimed:         -                  -               190M (37%)         217M (43%)            -                  -          
[40.427s][info][gc          ] GC(400) Garbage Collection (Allocation Rate) 262M(51%)->138M(27%)
[40.480s][info][gc,start    ] GC(401) Garbage Collection (Allocation Rate)
[40.480s][info][gc,task     ] GC(401) Using 5 workers
[40.480s][info][gc,phases   ] GC(401) Pause Mark Start 0.012ms
[40.511s][info][gc,phases   ] GC(401) Concurrent Mark 31.009ms
[40.511s][info][gc,phases   ] GC(401) Pause Mark End 0.013ms
[40.511s][info][gc,phases   ] GC(401) Concurrent Mark Free 0.002ms
[40.513s][info][gc,phases   ] GC(401) Concurrent Process Non-Strong References 1.090ms
[40.513s][info][gc,phases   ] GC(401) Concurrent Reset Relocation Set 0.002ms
[40.520s][info][gc,phases   ] GC(401) Concurrent Select Relocation Set 6.868ms
[40.520s][info][gc,phases   ] GC(401) Pause Relocate Start 0.007ms
[40.524s][info][gc,phases   ] GC(401) Concurrent Relocate 4.425ms
[40.524s][info][gc,load     ] GC(401) Load: 0.00/0.00/0.00
[40.524s][info][gc,mmu      ] GC(401) MMU: 2ms/98.6%, 5ms/99.5%, 10ms/99.6%, 20ms/99.8%, 50ms/99.9%, 100ms/99.9%
[40.524s][info][gc,marking  ] GC(401) Mark: 4 stripe(s), 2 proactive flush(es), 1 terminate flush(es), 0 completion(s), 0 continuation(s) 
[40.524s][info][gc,marking  ] GC(401) Mark Stack Usage: 32M
[40.524s][info][gc,nmethod  ] GC(401) NMethods: 1373 registered, 48 unregistered
[40.524s][info][gc,metaspace] GC(401) Metaspace: 8M used, 8M committed, 1088M reserved
[40.524s][info][gc,ref      ] GC(401) Soft: 174 encountered, 0 discovered, 0 enqueued
[40.524s][info][gc,ref      ] GC(401) Weak: 570 encountered, 277 discovered, 0 enqueued
[40.525s][info][gc,ref      ] GC(401) Final: 0 encountered, 0 discovered, 0 enqueued
[40.525s][info][gc,ref      ] GC(401) Phantom: 21 encountered, 13 discovered, 0 enqueued
[40.525s][info][gc,reloc    ] GC(401) Small Pages: 122 / 244M, Empty: 204M, Relocated: 4M, In-Place: 0
[40.525s][info][gc,reloc    ] GC(401) Medium Pages: 1 / 16M, Empty: 0M, Relocated: 0M, In-Place: 0
[40.525s][info][gc,reloc    ] GC(401) Large Pages: 0 / 0M, Empty: 0M, Relocated: 0M, In-Place: 0
[40.525s][info][gc,reloc    ] GC(401) Forwarding Usage: 2M
[40.525s][info][gc,heap     ] GC(401) Min Capacity: 8M(2%)
[40.525s][info][gc,heap     ] GC(401) Max Capacity: 512M(100%)
[40.525s][info][gc,heap     ] GC(401) Soft Max Capacity: 512M(100%)
[40.525s][info][gc,heap     ] GC(401)                Mark Start          Mark End        Relocate Start      Relocate End           High               Low         
[40.525s][info][gc,heap     ] GC(401)  Capacity:      512M (100%)        512M (100%)        512M (100%)        512M (100%)        512M (100%)        512M (100%)   
[40.525s][info][gc,heap     ] GC(401)      Free:      252M (49%)         166M (32%)         348M (68%)         350M (68%)         358M (70%)         162M (32%)    
[40.525s][info][gc,heap     ] GC(401)      Used:      260M (51%)         346M (68%)         164M (32%)         162M (32%)         350M (68%)         154M (30%)    
[40.525s][info][gc,heap     ] GC(401)      Live:         -                20M (4%)           20M (4%)           20M (4%)             -                  -          
[40.525s][info][gc,heap     ] GC(401) Allocated:         -                86M (17%)         108M (21%)         117M (23%)            -                  -          
[40.525s][info][gc,heap     ] GC(401)   Garbage:         -               239M (47%)          35M (7%)           23M (5%)             -                  -          
[40.525s][info][gc,heap     ] GC(401) Reclaimed:         -                  -               204M (40%)         215M (42%)            -                  -          
[40.525s][info][gc          ] GC(401) Garbage Collection (Allocation Rate) 260M(51%)->162M(32%)
[40.583s][info][gc,start    ] GC(402) Garbage Collection (Allocation Rate)
[40.583s][info][gc,task     ] GC(402) Using 5 workers
[40.583s][info][gc,phases   ] GC(402) Pause Mark Start 0.013ms
[40.614s][info][gc,phases   ] GC(402) Concurrent Mark 30.915ms
[40.614s][info][gc,phases   ] GC(402) Pause Mark End 0.014ms
[40.614s][info][gc,phases   ] GC(402) Concurrent Mark Free 0.001ms
[40.615s][info][gc,phases   ] GC(402) Concurrent Process Non-Strong References 0.977ms
[40.615s][info][gc,phases   ] GC(402) Concurrent Reset Relocation Set 0.002ms
[40.619s][info][gc,phases   ] GC(402) Concurrent Select Relocation Set 4.223ms
[40.620s][info][gc,phases   ] GC(402) Pause Relocate Start 0.006ms
[40.621s][info][gc,phases   ] GC(402) Concurrent Relocate 0.941ms
[40.621s][info][gc,load     ] GC(402) Load: 0.00/0.00/0.00
[40.621s][info][gc,mmu      ] GC(402) MMU: 2ms/98.6%, 5ms/99.5%, 10ms/99.6%, 20ms/99.8%, 50ms/99.9%, 100ms/99.9%
[40.621s][info][gc,marking  ] GC(402) Mark: 4 stripe(s), 2 proactive flush(es), 1 terminate flush(es), 0 completion(s), 0 continuation(s) 
[40.621s][info][gc,marking  ] GC(402) Mark Stack Usage: 32M
[40.621s][info][gc,nmethod  ] GC(402) NMethods: 1373 registered, 48 unregistered
[40.621s][info][gc,metaspace] GC(402) Metaspace: 8M used, 8M committed, 1088M reserved
[40.621s][info][gc,ref      ] GC(402) Soft: 174 encountered, 0 discovered, 0 enqueued
[40.621s][info][gc,ref      ] GC(402) Weak: 570 encountered, 98 discovered, 0 enqueued
[40.621s][info][gc,ref      ] GC(402) Final: 0 encountered, 0 discovered, 0 enqueued
[40.621s][info][gc,ref      ] GC(402) Phantom: 21 encountered, 18 discovered, 0 enqueued
[40.621s][info][gc,reloc    ] GC(402) Small Pages: 137 / 274M, Empty: 224M, Relocated: 1M, In-Place: 0
[40.621s][info][gc,reloc    ] GC(402) Medium Pages: 1 / 16M, Empty: 0M, Relocated: 0M, In-Place: 0
[40.621s][info][gc,reloc    ] GC(402) Large Pages: 0 / 0M, Empty: 0M, Relocated: 0M, In-Place: 0
[40.621s][info][gc,reloc    ] GC(402) Forwarding Usage: 0M
[40.621s][info][gc,heap     ] GC(402) Min Capacity: 8M(2%)
[40.621s][info][gc,heap     ] GC(402) Max Capacity: 512M(100%)
[40.621s][info][gc,heap     ] GC(402) Soft Max Capacity: 512M(100%)
[40.621s][info][gc,heap     ] GC(402)                Mark Start          Mark End        Relocate Start      Relocate End           High               Low         
[40.621s][info][gc,heap     ] GC(402)  Capacity:      512M (100%)        512M (100%)        512M (100%)        512M (100%)        512M (100%)        512M (100%)   
[40.621s][info][gc,heap     ] GC(402)      Free:      222M (43%)         182M (36%)         392M (77%)         408M (80%)         408M (80%)         180M (35%)    
[40.621s][info][gc,heap     ] GC(402)      Used:      290M (57%)         330M (64%)         120M (23%)         104M (20%)         332M (65%)         104M (20%)    
[40.621s][info][gc,heap     ] GC(402)      Live:         -                21M (4%)           21M (4%)           21M (4%)             -                  -          
[40.621s][info][gc,heap     ] GC(402) Allocated:         -                40M (8%)           54M (11%)          53M (11%)            -                  -          
[40.621s][info][gc,heap     ] GC(402)   Garbage:         -               268M (53%)          44M (9%)           28M (6%)             -                  -          
[40.621s][info][gc,heap     ] GC(402) Reclaimed:         -                  -               224M (44%)         239M (47%)            -                  -          
[40.621s][info][gc          ] GC(402) Garbage Collection (Allocation Rate) 290M(57%)->104M(20%)
[40.692s][info][gc,start    ] GC(403) Garbage Collection (Allocation Rate)
[40.692s][info][gc,task     ] GC(403) Using 5 workers
[40.692s][info][gc,phases   ] GC(403) Pause Mark Start 0.012ms
[40.719s][info][gc,phases   ] GC(403) Concurrent Mark 26.303ms
[40.719s][info][gc,phases   ] GC(403) Pause Mark End 0.014ms
[40.719s][info][gc,phases   ] GC(403) Concurrent Mark Free 0.001ms
[40.720s][info][gc,phases   ] GC(403) Concurrent Process Non-Strong References 0.859ms
[40.720s][info][gc,phases   ] GC(403) Concurrent Reset Relocation Set 0.003ms
[40.725s][info][gc,phases   ] GC(403) Concurrent Select Relocation Set 5.384ms
[40.725s][info][gc,phases   ] GC(403) Pause Relocate Start 0.006ms
[40.728s][info][gc,phases   ] GC(403) Concurrent Relocate 2.709ms
[40.728s][info][gc,load     ] GC(403) Load: 0.00/0.00/0.00
[40.728s][info][gc,mmu      ] GC(403) MMU: 2ms/98.6%, 5ms/99.5%, 10ms/99.6%, 20ms/99.8%, 50ms/99.9%, 100ms/99.9%
[40.728s][info][gc,marking  ] GC(403) Mark: 4 stripe(s), 3 proactive flush(es), 1 terminate flush(es), 0 completion(s), 0 continuation(s) 
[40.728s][info][gc,marking  ] GC(403) Mark Stack Usage: 32M
[40.728s][info][gc,nmethod  ] GC(403) NMethods: 1373 registered, 48 unregistered
[40.728s][info][gc,metaspace] GC(403) Metaspace: 8M used, 8M committed, 1088M reserved
[40.728s][info][gc,ref      ] GC(403) Soft: 174 encountered, 0 discovered, 0 enqueued
[40.728s][info][gc,ref      ] GC(403) Weak: 570 encountered, 162 discovered, 0 enqueued
[40.728s][info][gc,ref      ] GC(403) Final: 0 encountered, 0 discovered, 0 enqueued
[40.728s][info][gc,ref      ] GC(403) Phantom: 21 encountered, 18 discovered, 0 enqueued
[40.728s][info][gc,reloc    ] GC(403) Small Pages: 135 / 270M, Empty: 220M, Relocated: 3M, In-Place: 0
[40.728s][info][gc,reloc    ] GC(403) Medium Pages: 2 / 32M, Empty: 0M, Relocated: 1M, In-Place: 0
[40.728s][info][gc,reloc    ] GC(403) Large Pages: 0 / 0M, Empty: 0M, Relocated: 0M, In-Place: 0
[40.728s][info][gc,reloc    ] GC(403) Forwarding Usage: 1M
[40.728s][info][gc,heap     ] GC(403) Min Capacity: 8M(2%)
[40.728s][info][gc,heap     ] GC(403) Max Capacity: 512M(100%)
[40.728s][info][gc,heap     ] GC(403) Soft Max Capacity: 512M(100%)
[40.729s][info][gc,heap     ] GC(403)                Mark Start          Mark End        Relocate Start      Relocate End           High               Low         
[40.729s][info][gc,heap     ] GC(403)  Capacity:      512M (100%)        512M (100%)        512M (100%)        512M (100%)        512M (100%)        512M (100%)   
[40.729s][info][gc,heap     ] GC(403)      Free:      210M (41%)         142M (28%)         344M (67%)         370M (72%)         372M (73%)         138M (27%)    
[40.729s][info][gc,heap     ] GC(403)      Used:      302M (59%)         370M (72%)         168M (33%)         142M (28%)         374M (73%)         140M (27%)    
[40.729s][info][gc,heap     ] GC(403)      Live:         -                21M (4%)           21M (4%)           21M (4%)             -                  -          
[40.729s][info][gc,heap     ] GC(403) Allocated:         -                68M (13%)          86M (17%)          93M (18%)            -                  -          
[40.729s][info][gc,heap     ] GC(403)   Garbage:         -               280M (55%)          60M (12%)          26M (5%)             -                  -          
[40.729s][info][gc,heap     ] GC(403) Reclaimed:         -                  -               220M (43%)         253M (50%)            -                  -          
[40.729s][info][gc          ] GC(403) Garbage Collection (Allocation Rate) 302M(59%)->142M(28%)
[40.780s][info][gc,start    ] GC(404) Garbage Collection (Allocation Rate)
[40.781s][info][gc,task     ] GC(404) Using 5 workers
[40.781s][info][gc,phases   ] GC(404) Pause Mark Start 0.013ms
[40.806s][info][gc,phases   ] GC(404) Concurrent Mark 25.638ms
[40.806s][info][gc,phases   ] GC(404) Pause Mark End 0.012ms
[40.807s][info][gc,phases   ] GC(404) Concurrent Mark Free 0.001ms
[40.807s][info][gc,phases   ] GC(404) Concurrent Process Non-Strong References 0.732ms
[40.807s][info][gc,phases   ] GC(404) Concurrent Reset Relocation Set 0.003ms
[40.813s][info][gc,phases   ] GC(404) Concurrent Select Relocation Set 5.578ms
[40.813s][info][gc,phases   ] GC(404) Pause Relocate Start 0.005ms
[40.817s][info][gc,phases   ] GC(404) Concurrent Relocate 4.276ms
[40.817s][info][gc,load     ] GC(404) Load: 0.00/0.00/0.00
[40.817s][info][gc,mmu      ] GC(404) MMU: 2ms/98.6%, 5ms/99.5%, 10ms/99.6%, 20ms/99.8%, 50ms/99.9%, 100ms/99.9%
[40.817s][info][gc,marking  ] GC(404) Mark: 4 stripe(s), 3 proactive flush(es), 1 terminate flush(es), 0 completion(s), 0 continuation(s) 
[40.817s][info][gc,marking  ] GC(404) Mark Stack Usage: 32M
[40.817s][info][gc,nmethod  ] GC(404) NMethods: 1373 registered, 48 unregistered
[40.818s][info][gc,metaspace] GC(404) Metaspace: 8M used, 8M committed, 1088M reserved
[40.818s][info][gc,ref      ] GC(404) Soft: 174 encountered, 0 discovered, 0 enqueued
[40.818s][info][gc,ref      ] GC(404) Weak: 570 encountered, 3 discovered, 0 enqueued
[40.818s][info][gc,ref      ] GC(404) Final: 0 encountered, 0 discovered, 0 enqueued
[40.818s][info][gc,ref      ] GC(404) Phantom: 21 encountered, 18 discovered, 0 enqueued
[40.818s][info][gc,reloc    ] GC(404) Small Pages: 134 / 268M, Empty: 216M, Relocated: 6M, In-Place: 0
[40.818s][info][gc,reloc    ] GC(404) Medium Pages: 1 / 16M, Empty: 0M, Relocated: 0M, In-Place: 0
[40.818s][info][gc,reloc    ] GC(404) Large Pages: 0 / 0M, Empty: 0M, Relocated: 0M, In-Place: 0
[40.818s][info][gc,reloc    ] GC(404) Forwarding Usage: 3M
[40.818s][info][gc,heap     ] GC(404) Min Capacity: 8M(2%)
[40.818s][info][gc,heap     ] GC(404) Max Capacity: 512M(100%)
[40.818s][info][gc,heap     ] GC(404) Soft Max Capacity: 512M(100%)
[40.818s][info][gc,heap     ] GC(404)                Mark Start          Mark End        Relocate Start      Relocate End           High               Low         
[40.818s][info][gc,heap     ] GC(404)  Capacity:      512M (100%)        512M (100%)        512M (100%)        512M (100%)        512M (100%)        512M (100%)   
[40.818s][info][gc,heap     ] GC(404)      Free:      228M (45%)         164M (32%)         376M (73%)         394M (77%)         394M (77%)         164M (32%)    
[40.818s][info][gc,heap     ] GC(404)      Used:      284M (55%)         348M (68%)         136M (27%)         118M (23%)         348M (68%)         118M (23%)    
[40.818s][info][gc,heap     ] GC(404)      Live:         -                22M (4%)           22M (4%)           22M (4%)             -                  -          
[40.818s][info][gc,heap     ] GC(404) Allocated:         -                64M (13%)          68M (13%)          73M (14%)            -                  -          
[40.818s][info][gc,heap     ] GC(404)   Garbage:         -               261M (51%)          45M (9%)           21M (4%)             -                  -          
[40.818s][info][gc,heap     ] GC(404) Reclaimed:         -                  -               216M (42%)         239M (47%)            -                  -          
[40.818s][info][gc          ] GC(404) Garbage Collection (Allocation Rate) 284M(55%)->118M(23%)
[40.880s][info][gc,start    ] GC(405) Garbage Collection (Allocation Rate)
[40.880s][info][gc,task     ] GC(405) Using 5 workers
[40.881s][info][gc,phases   ] GC(405) Pause Mark Start 0.013ms
[40.906s][info][gc,phases   ] GC(405) Concurrent Mark 25.590ms
[40.906s][info][gc,phases   ] GC(405) Pause Mark End 0.011ms
[40.906s][info][gc,phases   ] GC(405) Concurrent Mark Free 0.001ms
[40.907s][info][gc,phases   ] GC(405) Concurrent Process Non-Strong References 0.792ms
[40.907s][info][gc,phases   ] GC(405) Concurrent Reset Relocation Set 0.004ms
[40.912s][info][gc,phases   ] GC(405) Concurrent Select Relocation Set 4.332ms
[40.912s][info][gc,phases   ] GC(405) Pause Relocate Start 0.005ms
[40.914s][info][gc,phases   ] GC(405) Concurrent Relocate 2.219ms
[40.914s][info][gc,load     ] GC(405) Load: 0.00/0.00/0.00
[40.914s][info][gc,mmu      ] GC(405) MMU: 2ms/98.6%, 5ms/99.5%, 10ms/99.6%, 20ms/99.8%, 50ms/99.9%, 100ms/99.9%
[40.914s][info][gc,marking  ] GC(405) Mark: 4 stripe(s), 2 proactive flush(es), 1 terminate flush(es), 0 completion(s), 0 continuation(s) 
[40.914s][info][gc,marking  ] GC(405) Mark Stack Usage: 32M
[40.914s][info][gc,nmethod  ] GC(405) NMethods: 1373 registered, 48 unregistered
[40.914s][info][gc,metaspace] GC(405) Metaspace: 8M used, 8M committed, 1088M reserved
[40.914s][info][gc,ref      ] GC(405) Soft: 174 encountered, 0 discovered, 0 enqueued
[40.914s][info][gc,ref      ] GC(405) Weak: 570 encountered, 149 discovered, 0 enqueued
[40.914s][info][gc,ref      ] GC(405) Final: 0 encountered, 0 discovered, 0 enqueued
[40.914s][info][gc,ref      ] GC(405) Phantom: 21 encountered, 12 discovered, 0 enqueued
[40.914s][info][gc,reloc    ] GC(405) Small Pages: 131 / 262M, Empty: 218M, Relocated: 3M, In-Place: 0
[40.914s][info][gc,reloc    ] GC(405) Medium Pages: 1 / 16M, Empty: 0M, Relocated: 0M, In-Place: 0
[40.914s][info][gc,reloc    ] GC(405) Large Pages: 0 / 0M, Empty: 0M, Relocated: 0M, In-Place: 0
[40.914s][info][gc,reloc    ] GC(405) Forwarding Usage: 1M
[40.914s][info][gc,heap     ] GC(405) Min Capacity: 8M(2%)
[40.915s][info][gc,heap     ] GC(405) Max Capacity: 512M(100%)
[40.915s][info][gc,heap     ] GC(405) Soft Max Capacity: 512M(100%)
[40.915s][info][gc,heap     ] GC(405)                Mark Start          Mark End        Relocate Start      Relocate End           High               Low         
[40.915s][info][gc,heap     ] GC(405)  Capacity:      512M (100%)        512M (100%)        512M (100%)        512M (100%)        512M (100%)        512M (100%)   
[40.915s][info][gc,heap     ] GC(405)      Free:      234M (46%)         170M (33%)         374M (73%)         378M (74%)         378M (74%)         168M (33%)    
[40.915s][info][gc,heap     ] GC(405)      Used:      278M (54%)         342M (67%)         138M (27%)         134M (26%)         344M (67%)         134M (26%)    
[40.915s][info][gc,heap     ] GC(405)      Live:         -                23M (4%)           23M (4%)           23M (4%)             -                  -          
[40.915s][info][gc,heap     ] GC(405) Allocated:         -                64M (13%)          78M (15%)          83M (16%)            -                  -          
[40.915s][info][gc,heap     ] GC(405)   Garbage:         -               254M (50%)          36M (7%)           26M (5%)             -                  -          
[40.915s][info][gc,heap     ] GC(405) Reclaimed:         -                  -               218M (43%)         227M (45%)            -                  -          
[40.915s][info][gc          ] GC(405) Garbage Collection (Allocation Rate) 278M(54%)->134M(26%)
[40.980s][info][gc,start    ] GC(406) Garbage Collection (Allocation Rate)
[40.980s][info][gc,task     ] GC(406) Using 5 workers
[40.980s][info][gc,phases   ] GC(406) Pause Mark Start 0.011ms
[41.011s][info][gc,phases   ] GC(406) Concurrent Mark 30.989ms
[41.011s][info][gc,phases   ] GC(406) Pause Mark End 0.009ms
[41.011s][info][gc,phases   ] GC(406) Concurrent Mark Free 0.001ms
[41.012s][info][gc,phases   ] GC(406) Concurrent Process Non-Strong References 0.648ms
[41.012s][info][gc,phases   ] GC(406) Concurrent Reset Relocation Set 0.002ms
[41.018s][info][gc,phases   ] GC(406) Concurrent Select Relocation Set 6.045ms
[41.018s][info][gc,phases   ] GC(406) Pause Relocate Start 0.005ms
[41.021s][info][gc,phases   ] GC(406) Concurrent Relocate 2.621ms
[41.021s][info][gc,load     ] GC(406) Load: 0.00/0.00/0.00
[41.021s][info][gc,mmu      ] GC(406) MMU: 2ms/98.6%, 5ms/99.5%, 10ms/99.6%, 20ms/99.8%, 50ms/99.9%, 100ms/99.9%
[41.021s][info][gc,marking  ] GC(406) Mark: 4 stripe(s), 2 proactive flush(es), 1 terminate flush(es), 0 completion(s), 0 continuation(s) 
[41.021s][info][gc,marking  ] GC(406) Mark Stack Usage: 32M
[41.021s][info][gc,nmethod  ] GC(406) NMethods: 1373 registered, 48 unregistered
[41.021s][info][gc,metaspace] GC(406) Metaspace: 8M used, 8M committed, 1088M reserved
[41.021s][info][gc,ref      ] GC(406) Soft: 174 encountered, 0 discovered, 0 enqueued
[41.021s][info][gc,ref      ] GC(406) Weak: 570 encountered, 261 discovered, 0 enqueued
[41.021s][info][gc,ref      ] GC(406) Final: 0 encountered, 0 discovered, 0 enqueued
[41.021s][info][gc,ref      ] GC(406) Phantom: 21 encountered, 19 discovered, 0 enqueued
[41.021s][info][gc,reloc    ] GC(406) Small Pages: 148 / 296M, Empty: 248M, Relocated: 5M, In-Place: 0
[41.021s][info][gc,reloc    ] GC(406) Medium Pages: 1 / 16M, Empty: 0M, Relocated: 0M, In-Place: 0
[41.021s][info][gc,reloc    ] GC(406) Large Pages: 0 / 0M, Empty: 0M, Relocated: 0M, In-Place: 0
[41.021s][info][gc,reloc    ] GC(406) Forwarding Usage: 2M
[41.022s][info][gc,heap     ] GC(406) Min Capacity: 8M(2%)
[41.022s][info][gc,heap     ] GC(406) Max Capacity: 512M(100%)
[41.022s][info][gc,heap     ] GC(406) Soft Max Capacity: 512M(100%)
[41.022s][info][gc,heap     ] GC(406)                Mark Start          Mark End        Relocate Start      Relocate End           High               Low         
[41.022s][info][gc,heap     ] GC(406)  Capacity:      512M (100%)        512M (100%)        512M (100%)        512M (100%)        512M (100%)        512M (100%)   
[41.022s][info][gc,heap     ] GC(406)      Free:      200M (39%)         114M (22%)         352M (69%)         366M (71%)         366M (71%)         112M (22%)    
[41.022s][info][gc,heap     ] GC(406)      Used:      312M (61%)         398M (78%)         160M (31%)         146M (29%)         400M (78%)         146M (29%)    
[41.022s][info][gc,heap     ] GC(406)      Live:         -                23M (5%)           23M (5%)           23M (5%)             -                  -          
[41.022s][info][gc,heap     ] GC(406) Allocated:         -                86M (17%)          96M (19%)          97M (19%)            -                  -          
[41.022s][info][gc,heap     ] GC(406)   Garbage:         -               288M (56%)          40M (8%)           24M (5%)             -                  -          
[41.022s][info][gc,heap     ] GC(406) Reclaimed:         -                  -               248M (48%)         263M (52%)            -                  -          
[41.022s][info][gc          ] GC(406) Garbage Collection (Allocation Rate) 312M(61%)->146M(29%)
[41.089s][info][gc,start    ] GC(407) Garbage Collection (Allocation Rate)
[41.089s][info][gc,task     ] GC(407) Using 5 workers
[41.090s][info][gc,phases   ] GC(407) Pause Mark Start 0.013ms
[41.121s][info][gc,phases   ] GC(407) Concurrent Mark 30.913ms
[41.121s][info][gc,phases   ] GC(407) Pause Mark End 0.011ms
[41.121s][info][gc,phases   ] GC(407) Concurrent Mark Free 0.001ms
[41.121s][info][gc,phases   ] GC(407) Concurrent Process Non-Strong References 0.698ms
[41.122s][info][gc,phases   ] GC(407) Concurrent Reset Relocation Set 0.003ms
[41.125s][info][gc,phases   ] GC(407) Concurrent Select Relocation Set 3.865ms
[41.125s][info][gc,phases   ] GC(407) Pause Relocate Start 0.004ms
[41.128s][info][gc,phases   ] GC(407) Concurrent Relocate 2.113ms
[41.128s][info][gc,load     ] GC(407) Load: 0.00/0.00/0.00
[41.128s][info][gc,mmu      ] GC(407) MMU: 2ms/98.6%, 5ms/99.5%, 10ms/99.6%, 20ms/99.8%, 50ms/99.9%, 100ms/99.9%
[41.128s][info][gc,marking  ] GC(407) Mark: 4 stripe(s), 2 proactive flush(es), 1 terminate flush(es), 0 completion(s), 0 continuation(s) 
[41.128s][info][gc,marking  ] GC(407) Mark Stack Usage: 32M
[41.128s][info][gc,nmethod  ] GC(407) NMethods: 1373 registered, 48 unregistered
[41.128s][info][gc,metaspace] GC(407) Metaspace: 8M used, 8M committed, 1088M reserved
[41.128s][info][gc,ref      ] GC(407) Soft: 174 encountered, 0 discovered, 0 enqueued
[41.128s][info][gc,ref      ] GC(407) Weak: 570 encountered, 19 discovered, 0 enqueued
[41.128s][info][gc,ref      ] GC(407) Final: 0 encountered, 0 discovered, 0 enqueued
[41.128s][info][gc,ref      ] GC(407) Phantom: 21 encountered, 18 discovered, 0 enqueued
[41.128s][info][gc,reloc    ] GC(407) Small Pages: 136 / 272M, Empty: 230M, Relocated: 3M, In-Place: 0
[41.128s][info][gc,reloc    ] GC(407) Medium Pages: 2 / 32M, Empty: 0M, Relocated: 2M, In-Place: 0
[41.128s][info][gc,reloc    ] GC(407) Large Pages: 0 / 0M, Empty: 0M, Relocated: 0M, In-Place: 0
[41.128s][info][gc,reloc    ] GC(407) Forwarding Usage: 1M
[41.128s][info][gc,heap     ] GC(407) Min Capacity: 8M(2%)
[41.128s][info][gc,heap     ] GC(407) Max Capacity: 512M(100%)
[41.128s][info][gc,heap     ] GC(407) Soft Max Capacity: 512M(100%)
[41.128s][info][gc,heap     ] GC(407)                Mark Start          Mark End        Relocate Start      Relocate End           High               Low         
[41.128s][info][gc,heap     ] GC(407)  Capacity:      512M (100%)        512M (100%)        512M (100%)        512M (100%)        512M (100%)        512M (100%)   
[41.128s][info][gc,heap     ] GC(407)      Free:      208M (41%)         124M (24%)         342M (67%)         358M (70%)         358M (70%)         122M (24%)    
[41.128s][info][gc,heap     ] GC(407)      Used:      304M (59%)         388M (76%)         170M (33%)         154M (30%)         390M (76%)         154M (30%)    
[41.128s][info][gc,heap     ] GC(407)      Live:         -                24M (5%)           24M (5%)           24M (5%)             -                  -          
[41.128s][info][gc,heap     ] GC(407) Allocated:         -                84M (16%)          96M (19%)         101M (20%)            -                  -          
[41.128s][info][gc,heap     ] GC(407)   Garbage:         -               279M (55%)          49M (10%)          27M (5%)             -                  -          
[41.128s][info][gc,heap     ] GC(407) Reclaimed:         -                  -               230M (45%)         251M (49%)            -                  -          
[41.128s][info][gc          ] GC(407) Garbage Collection (Allocation Rate) 304M(59%)->154M(30%)
[41.182s][info][gc,start    ] GC(408) Garbage Collection (Allocation Rate)
[41.182s][info][gc,task     ] GC(408) Using 5 workers
[41.182s][info][gc,phases   ] GC(408) Pause Mark Start 0.011ms
[41.213s][info][gc,phases   ] GC(408) Concurrent Mark 30.979ms
[41.214s][info][gc,phases   ] GC(408) Pause Mark End 0.010ms
[41.214s][info][gc,phases   ] GC(408) Concurrent Mark Free 0.001ms
[41.214s][info][gc,phases   ] GC(408) Concurrent Process Non-Strong References 0.815ms
[41.214s][info][gc,phases   ] GC(408) Concurrent Reset Relocation Set 0.002ms
[41.221s][info][gc,phases   ] GC(408) Concurrent Select Relocation Set 6.238ms
[41.221s][info][gc,phases   ] GC(408) Pause Relocate Start 0.005ms
[41.224s][info][gc,phases   ] GC(408) Concurrent Relocate 2.648ms
[41.224s][info][gc,load     ] GC(408) Load: 0.00/0.00/0.00
[41.224s][info][gc,mmu      ] GC(408) MMU: 2ms/98.6%, 5ms/99.5%, 10ms/99.6%, 20ms/99.8%, 50ms/99.9%, 100ms/99.9%
[41.224s][info][gc,marking  ] GC(408) Mark: 4 stripe(s), 2 proactive flush(es), 1 terminate flush(es), 0 completion(s), 0 continuation(s) 
[41.224s][info][gc,marking  ] GC(408) Mark Stack Usage: 32M
[41.224s][info][gc,nmethod  ] GC(408) NMethods: 1373 registered, 48 unregistered
[41.224s][info][gc,metaspace] GC(408) Metaspace: 8M used, 8M committed, 1088M reserved
[41.224s][info][gc,ref      ] GC(408) Soft: 174 encountered, 0 discovered, 0 enqueued
[41.224s][info][gc,ref      ] GC(408) Weak: 570 encountered, 63 discovered, 0 enqueued
[41.224s][info][gc,ref      ] GC(408) Final: 0 encountered, 0 discovered, 0 enqueued
[41.224s][info][gc,ref      ] GC(408) Phantom: 21 encountered, 18 discovered, 0 enqueued
[41.224s][info][gc,reloc    ] GC(408) Small Pages: 144 / 288M, Empty: 230M, Relocated: 5M, In-Place: 0
[41.224s][info][gc,reloc    ] GC(408) Medium Pages: 1 / 16M, Empty: 0M, Relocated: 0M, In-Place: 0
[41.224s][info][gc,reloc    ] GC(408) Large Pages: 0 / 0M, Empty: 0M, Relocated: 0M, In-Place: 0
[41.224s][info][gc,reloc    ] GC(408) Forwarding Usage: 2M
[41.224s][info][gc,heap     ] GC(408) Min Capacity: 8M(2%)
[41.224s][info][gc,heap     ] GC(408) Max Capacity: 512M(100%)
[41.224s][info][gc,heap     ] GC(408) Soft Max Capacity: 512M(100%)
[41.224s][info][gc,heap     ] GC(408)                Mark Start          Mark End        Relocate Start      Relocate End           High               Low         
[41.224s][info][gc,heap     ] GC(408)  Capacity:      512M (100%)        512M (100%)        512M (100%)        512M (100%)        512M (100%)        512M (100%)   
[41.224s][info][gc,heap     ] GC(408)      Free:      208M (41%)         146M (29%)         360M (70%)         378M (74%)         378M (74%)         144M (28%)    
[41.224s][info][gc,heap     ] GC(408)      Used:      304M (59%)         366M (71%)         152M (30%)         134M (26%)         368M (72%)         134M (26%)    
[41.224s][info][gc,heap     ] GC(408)      Live:         -                25M (5%)           25M (5%)           25M (5%)             -                  -          
[41.224s][info][gc,heap     ] GC(408) Allocated:         -                62M (12%)          78M (15%)          83M (16%)            -                  -          
[41.224s][info][gc,heap     ] GC(408)   Garbage:         -               278M (54%)          48M (10%)          24M (5%)             -                  -          
[41.224s][info][gc,heap     ] GC(408) Reclaimed:         -                  -               230M (45%)         253M (50%)            -                  -          
[41.224s][info][gc          ] GC(408) Garbage Collection (Allocation Rate) 304M(59%)->134M(26%)
[41.292s][info][gc,start    ] GC(409) Garbage Collection (Allocation Rate)
[41.292s][info][gc,task     ] GC(409) Using 5 workers
[41.292s][info][gc,phases   ] GC(409) Pause Mark Start 0.010ms
[41.323s][info][gc,phases   ] GC(409) Concurrent Mark 31.037ms
[41.323s][info][gc,phases   ] GC(409) Pause Mark End 0.010ms
[41.323s][info][gc,phases   ] GC(409) Concurrent Mark Free 0.001ms
[41.324s][info][gc,phases   ] GC(409) Concurrent Process Non-Strong References 0.766ms
[41.324s][info][gc,phases   ] GC(409) Concurrent Reset Relocation Set 0.003ms
[41.328s][info][gc,phases   ] GC(409) Concurrent Select Relocation Set 3.887ms
[41.328s][info][gc,phases   ] GC(409) Pause Relocate Start 0.004ms
[41.330s][info][gc,phases   ] GC(409) Concurrent Relocate 2.167ms
[41.330s][info][gc,load     ] GC(409) Load: 0.00/0.00/0.00
[41.330s][info][gc,mmu      ] GC(409) MMU: 2ms/98.6%, 5ms/99.5%, 10ms/99.6%, 20ms/99.8%, 50ms/99.9%, 100ms/99.9%
[41.330s][info][gc,marking  ] GC(409) Mark: 4 stripe(s), 3 proactive flush(es), 1 terminate flush(es), 0 completion(s), 0 continuation(s) 
[41.330s][info][gc,marking  ] GC(409) Mark Stack Usage: 32M
[41.330s][info][gc,nmethod  ] GC(409) NMethods: 1373 registered, 48 unregistered
[41.330s][info][gc,metaspace] GC(409) Metaspace: 8M used, 8M committed, 1088M reserved
[41.330s][info][gc,ref      ] GC(409) Soft: 174 encountered, 0 discovered, 0 enqueued
[41.330s][info][gc,ref      ] GC(409) Weak: 570 encountered, 120 discovered, 0 enqueued
[41.330s][info][gc,ref      ] GC(409) Final: 0 encountered, 0 discovered, 0 enqueued
[41.330s][info][gc,ref      ] GC(409) Phantom: 21 encountered, 13 discovered, 0 enqueued
[41.330s][info][gc,reloc    ] GC(409) Small Pages: 151 / 302M, Empty: 242M, Relocated: 3M, In-Place: 0
[41.330s][info][gc,reloc    ] GC(409) Medium Pages: 1 / 16M, Empty: 0M, Relocated: 0M, In-Place: 0
[41.330s][info][gc,reloc    ] GC(409) Large Pages: 0 / 0M, Empty: 0M, Relocated: 0M, In-Place: 0
[41.330s][info][gc,reloc    ] GC(409) Forwarding Usage: 1M
[41.330s][info][gc,heap     ] GC(409) Min Capacity: 8M(2%)
[41.331s][info][gc,heap     ] GC(409) Max Capacity: 512M(100%)
[41.331s][info][gc,heap     ] GC(409) Soft Max Capacity: 512M(100%)
[41.331s][info][gc,heap     ] GC(409)                Mark Start          Mark End        Relocate Start      Relocate End           High               Low         
[41.331s][info][gc,heap     ] GC(409)  Capacity:      512M (100%)        512M (100%)        512M (100%)        512M (100%)        512M (100%)        512M (100%)   
[41.331s][info][gc,heap     ] GC(409)      Free:      194M (38%)         116M (23%)         344M (67%)         362M (71%)         362M (71%)         114M (22%)    
[41.331s][info][gc,heap     ] GC(409)      Used:      318M (62%)         396M (77%)         168M (33%)         150M (29%)         398M (78%)         150M (29%)    
[41.331s][info][gc,heap     ] GC(409)      Live:         -                26M (5%)           26M (5%)           26M (5%)             -                  -          
[41.331s][info][gc,heap     ] GC(409) Allocated:         -                78M (15%)          92M (18%)          95M (19%)            -                  -          
[41.331s][info][gc,heap     ] GC(409)   Garbage:         -               291M (57%)          49M (10%)          27M (5%)             -                  -          
[41.331s][info][gc,heap     ] GC(409) Reclaimed:         -                  -               242M (47%)         263M (52%)            -                  -          
[41.331s][info][gc          ] GC(409) Garbage Collection (Allocation Rate) 318M(62%)->150M(29%)
[41.385s][info][gc,start    ] GC(410) Garbage Collection (Allocation Rate)
[41.385s][info][gc,task     ] GC(410) Using 5 workers
[41.385s][info][gc,phases   ] GC(410) Pause Mark Start 0.010ms
[41.417s][info][gc,phases   ] GC(410) Concurrent Mark 31.030ms
[41.417s][info][gc,phases   ] GC(410) Pause Mark End 0.010ms
[41.417s][info][gc,phases   ] GC(410) Concurrent Mark Free 0.001ms
[41.417s][info][gc,phases   ] GC(410) Concurrent Process Non-Strong References 0.680ms
[41.417s][info][gc,phases   ] GC(410) Concurrent Reset Relocation Set 0.003ms
[41.423s][info][gc,phases   ] GC(410) Concurrent Select Relocation Set 5.926ms
[41.423s][info][gc,phases   ] GC(410) Pause Relocate Start 0.004ms
[41.427s][info][gc,phases   ] GC(410) Concurrent Relocate 3.910ms
[41.428s][info][gc,load     ] GC(410) Load: 0.00/0.00/0.00
[41.428s][info][gc,mmu      ] GC(410) MMU: 2ms/98.6%, 5ms/99.5%, 10ms/99.6%, 20ms/99.8%, 50ms/99.9%, 100ms/99.9%
[41.428s][info][gc,marking  ] GC(410) Mark: 4 stripe(s), 2 proactive flush(es), 1 terminate flush(es), 0 completion(s), 0 continuation(s) 
[41.428s][info][gc,marking  ] GC(410) Mark Stack Usage: 32M
[41.428s][info][gc,nmethod  ] GC(410) NMethods: 1373 registered, 48 unregistered
[41.428s][info][gc,metaspace] GC(410) Metaspace: 8M used, 8M committed, 1088M reserved
[41.428s][info][gc,ref      ] GC(410) Soft: 174 encountered, 0 discovered, 0 enqueued
[41.428s][info][gc,ref      ] GC(410) Weak: 570 encountered, 125 discovered, 0 enqueued
[41.428s][info][gc,ref      ] GC(410) Final: 0 encountered, 0 discovered, 0 enqueued
[41.428s][info][gc,ref      ] GC(410) Phantom: 21 encountered, 19 discovered, 0 enqueued
[41.428s][info][gc,reloc    ] GC(410) Small Pages: 135 / 270M, Empty: 216M, Relocated: 5M, In-Place: 0
[41.428s][info][gc,reloc    ] GC(410) Medium Pages: 2 / 32M, Empty: 0M, Relocated: 2M, In-Place: 0
[41.428s][info][gc,reloc    ] GC(410) Large Pages: 0 / 0M, Empty: 0M, Relocated: 0M, In-Place: 0
[41.428s][info][gc,reloc    ] GC(410) Forwarding Usage: 2M
[41.428s][info][gc,heap     ] GC(410) Min Capacity: 8M(2%)
[41.428s][info][gc,heap     ] GC(410) Max Capacity: 512M(100%)
[41.428s][info][gc,heap     ] GC(410) Soft Max Capacity: 512M(100%)
[41.428s][info][gc,heap     ] GC(410)                Mark Start          Mark End        Relocate Start      Relocate End           High               Low         
[41.428s][info][gc,heap     ] GC(410)  Capacity:      512M (100%)        512M (100%)        512M (100%)        512M (100%)        512M (100%)        512M (100%)   
[41.428s][info][gc,heap     ] GC(410)      Free:      210M (41%)         128M (25%)         326M (64%)         350M (68%)         352M (69%)         126M (25%)    
[41.428s][info][gc,heap     ] GC(410)      Used:      302M (59%)         384M (75%)         186M (36%)         162M (32%)         386M (75%)         160M (31%)    
[41.428s][info][gc,heap     ] GC(410)      Live:         -                26M (5%)           26M (5%)           26M (5%)             -                  -          
[41.428s][info][gc,heap     ] GC(410) Allocated:         -                82M (16%)         100M (20%)         111M (22%)            -                  -          
[41.428s][info][gc,heap     ] GC(410)   Garbage:         -               275M (54%)          59M (12%)          23M (5%)             -                  -          
[41.428s][info][gc,heap     ] GC(410) Reclaimed:         -                  -               216M (42%)         251M (49%)            -                  -          
[41.428s][info][gc          ] GC(410) Garbage Collection (Allocation Rate) 302M(59%)->162M(32%)
[41.480s][info][gc,start    ] GC(411) Garbage Collection (Allocation Rate)
[41.480s][info][gc,task     ] GC(411) Using 5 workers
[41.480s][info][gc,phases   ] GC(411) Pause Mark Start 0.011ms
[41.508s][info][gc,phases   ] GC(411) Concurrent Mark 27.735ms
[41.508s][info][gc,phases   ] GC(411) Pause Mark End 0.010ms
[41.508s][info][gc,phases   ] GC(411) Concurrent Mark Free 0.001ms
[41.508s][info][gc,phases   ] GC(411) Concurrent Process Non-Strong References 0.640ms
[41.508s][info][gc,phases   ] GC(411) Concurrent Reset Relocation Set 0.003ms
[41.516s][info][gc,phases   ] GC(411) Concurrent Select Relocation Set 7.595ms
[41.516s][info][gc,phases   ] GC(411) Pause Relocate Start 0.006ms
[41.520s][info][gc,phases   ] GC(411) Concurrent Relocate 3.911ms
[41.520s][info][gc,load     ] GC(411) Load: 0.00/0.00/0.00
[41.520s][info][gc,mmu      ] GC(411) MMU: 2ms/98.6%, 5ms/99.5%, 10ms/99.6%, 20ms/99.8%, 50ms/99.9%, 100ms/99.9%
[41.520s][info][gc,marking  ] GC(411) Mark: 4 stripe(s), 2 proactive flush(es), 1 terminate flush(es), 0 completion(s), 0 continuation(s) 
[41.520s][info][gc,marking  ] GC(411) Mark Stack Usage: 32M
[41.520s][info][gc,nmethod  ] GC(411) NMethods: 1373 registered, 48 unregistered
[41.520s][info][gc,metaspace] GC(411) Metaspace: 8M used, 8M committed, 1088M reserved
[41.520s][info][gc,ref      ] GC(411) Soft: 174 encountered, 0 discovered, 0 enqueued
[41.520s][info][gc,ref      ] GC(411) Weak: 570 encountered, 17 discovered, 0 enqueued
[41.520s][info][gc,ref      ] GC(411) Final: 0 encountered, 0 discovered, 0 enqueued
[41.520s][info][gc,ref      ] GC(411) Phantom: 21 encountered, 12 discovered, 0 enqueued
[41.520s][info][gc,reloc    ] GC(411) Small Pages: 143 / 286M, Empty: 238M, Relocated: 6M, In-Place: 0
[41.521s][info][gc,reloc    ] GC(411) Medium Pages: 1 / 16M, Empty: 0M, Relocated: 0M, In-Place: 0
[41.521s][info][gc,reloc    ] GC(411) Large Pages: 0 / 0M, Empty: 0M, Relocated: 0M, In-Place: 0
[41.521s][info][gc,reloc    ] GC(411) Forwarding Usage: 3M
[41.521s][info][gc,heap     ] GC(411) Min Capacity: 8M(2%)
[41.521s][info][gc,heap     ] GC(411) Max Capacity: 512M(100%)
[41.521s][info][gc,heap     ] GC(411) Soft Max Capacity: 512M(100%)
[41.521s][info][gc,heap     ] GC(411)                Mark Start          Mark End        Relocate Start      Relocate End           High               Low         
[41.521s][info][gc,heap     ] GC(411)  Capacity:      512M (100%)        512M (100%)        512M (100%)        512M (100%)        512M (100%)        512M (100%)   
[41.521s][info][gc,heap     ] GC(411)      Free:      210M (41%)         156M (30%)         370M (72%)         374M (73%)         382M (75%)         154M (30%)    
[41.521s][info][gc,heap     ] GC(411)      Used:      302M (59%)         356M (70%)         142M (28%)         138M (27%)         358M (70%)         130M (25%)    
[41.521s][info][gc,heap     ] GC(411)      Live:         -                27M (5%)           27M (5%)           27M (5%)             -                  -          
[41.521s][info][gc,heap     ] GC(411) Allocated:         -                54M (11%)          78M (15%)          87M (17%)            -                  -          
[41.521s][info][gc,heap     ] GC(411)   Garbage:         -               274M (54%)          36M (7%)           22M (4%)             -                  -          
[41.521s][info][gc,heap     ] GC(411) Reclaimed:         -                  -               238M (46%)         251M (49%)            -                  -          
[41.521s][info][gc          ] GC(411) Garbage Collection (Allocation Rate) 302M(59%)->138M(27%)
[41.580s][info][gc,start    ] GC(412) Garbage Collection (Allocation Rate)
[41.581s][info][gc,task     ] GC(412) Using 5 workers
[41.581s][info][gc,phases   ] GC(412) Pause Mark Start 0.014ms
[41.607s][info][gc,phases   ] GC(412) Concurrent Mark 26.665ms
[41.608s][info][gc,phases   ] GC(412) Pause Mark End 0.010ms
[41.608s][info][gc,phases   ] GC(412) Concurrent Mark Free 0.001ms
[41.608s][info][gc,phases   ] GC(412) Concurrent Process Non-Strong References 0.623ms
[41.608s][info][gc,phases   ] GC(412) Concurrent Reset Relocation Set 0.002ms
[41.612s][info][gc,phases   ] GC(412) Concurrent Select Relocation Set 3.946ms
[41.612s][info][gc,phases   ] GC(412) Pause Relocate Start 0.005ms
[41.616s][info][gc,phases   ] GC(412) Concurrent Relocate 3.184ms
[41.616s][info][gc,load     ] GC(412) Load: 0.00/0.00/0.00
[41.616s][info][gc,mmu      ] GC(412) MMU: 2ms/98.6%, 5ms/99.5%, 10ms/99.6%, 20ms/99.8%, 50ms/99.9%, 100ms/99.9%
[41.616s][info][gc,marking  ] GC(412) Mark: 4 stripe(s), 2 proactive flush(es), 1 terminate flush(es), 0 completion(s), 0 continuation(s) 
[41.616s][info][gc,marking  ] GC(412) Mark Stack Usage: 32M
[41.616s][info][gc,nmethod  ] GC(412) NMethods: 1373 registered, 48 unregistered
[41.616s][info][gc,metaspace] GC(412) Metaspace: 8M used, 8M committed, 1088M reserved
[41.616s][info][gc,ref      ] GC(412) Soft: 174 encountered, 0 discovered, 0 enqueued
[41.616s][info][gc,ref      ] GC(412) Weak: 570 encountered, 4 discovered, 0 enqueued
[41.616s][info][gc,ref      ] GC(412) Final: 0 encountered, 0 discovered, 0 enqueued
[41.616s][info][gc,ref      ] GC(412) Phantom: 21 encountered, 12 discovered, 0 enqueued
[41.616s][info][gc,reloc    ] GC(412) Small Pages: 124 / 248M, Empty: 198M, Relocated: 4M, In-Place: 0
[41.616s][info][gc,reloc    ] GC(412) Medium Pages: 1 / 16M, Empty: 0M, Relocated: 0M, In-Place: 0
[41.616s][info][gc,reloc    ] GC(412) Large Pages: 0 / 0M, Empty: 0M, Relocated: 0M, In-Place: 0
[41.616s][info][gc,reloc    ] GC(412) Forwarding Usage: 2M
[41.616s][info][gc,heap     ] GC(412) Min Capacity: 8M(2%)
[41.616s][info][gc,heap     ] GC(412) Max Capacity: 512M(100%)
[41.616s][info][gc,heap     ] GC(412) Soft Max Capacity: 512M(100%)
[41.616s][info][gc,heap     ] GC(412)                Mark Start          Mark End        Relocate Start      Relocate End           High               Low         
[41.616s][info][gc,heap     ] GC(412)  Capacity:      512M (100%)        512M (100%)        512M (100%)        512M (100%)        512M (100%)        512M (100%)   
[41.616s][info][gc,heap     ] GC(412)      Free:      248M (48%)         210M (41%)         398M (78%)         402M (79%)         402M (79%)         208M (41%)    
[41.616s][info][gc,heap     ] GC(412)      Used:      264M (52%)         302M (59%)         114M (22%)         110M (21%)         304M (59%)         110M (21%)    
[41.616s][info][gc,heap     ] GC(412)      Live:         -                27M (5%)           27M (5%)           27M (5%)             -                  -          
[41.616s][info][gc,heap     ] GC(412) Allocated:         -                38M (7%)           48M (9%)           55M (11%)            -                  -          
[41.616s][info][gc,heap     ] GC(412)   Garbage:         -               236M (46%)          38M (7%)           26M (5%)             -                  -          
[41.616s][info][gc,heap     ] GC(412) Reclaimed:         -                  -               198M (39%)         209M (41%)            -                  -          
[41.616s][info][gc          ] GC(412) Garbage Collection (Allocation Rate) 264M(52%)->110M(21%)
[41.680s][info][gc,start    ] GC(413) Garbage Collection (Allocation Rate)
[41.680s][info][gc,task     ] GC(413) Using 5 workers
[41.680s][info][gc,phases   ] GC(413) Pause Mark Start 0.013ms
[41.710s][info][gc,phases   ] GC(413) Concurrent Mark 29.647ms
[41.715s][info][gc,phases   ] GC(413) Pause Mark End 0.011ms
[41.715s][info][gc,phases   ] GC(413) Concurrent Mark Free 0.001ms
[41.716s][info][gc,phases   ] GC(413) Concurrent Process Non-Strong References 0.647ms
[41.716s][info][gc,phases   ] GC(413) Concurrent Reset Relocation Set 0.002ms
[41.723s][info][gc,phases   ] GC(413) Concurrent Select Relocation Set 7.764ms
[41.724s][info][gc,phases   ] GC(413) Pause Relocate Start 0.007ms
[41.728s][info][gc,phases   ] GC(413) Concurrent Relocate 4.033ms
[41.728s][info][gc,load     ] GC(413) Load: 0.00/0.00/0.00
[41.728s][info][gc,mmu      ] GC(413) MMU: 2ms/98.6%, 5ms/99.5%, 10ms/99.6%, 20ms/99.8%, 50ms/99.9%, 100ms/99.9%
[41.728s][info][gc,marking  ] GC(413) Mark: 4 stripe(s), 2 proactive flush(es), 1 terminate flush(es), 0 completion(s), 0 continuation(s) 
[41.728s][info][gc,marking  ] GC(413) Mark Stack Usage: 32M
[41.728s][info][gc,nmethod  ] GC(413) NMethods: 1373 registered, 48 unregistered
[41.728s][info][gc,metaspace] GC(413) Metaspace: 8M used, 8M committed, 1088M reserved
[41.728s][info][gc,ref      ] GC(413) Soft: 174 encountered, 0 discovered, 0 enqueued
[41.728s][info][gc,ref      ] GC(413) Weak: 570 encountered, 9 discovered, 0 enqueued
[41.728s][info][gc,ref      ] GC(413) Final: 0 encountered, 0 discovered, 0 enqueued
[41.728s][info][gc,ref      ] GC(413) Phantom: 21 encountered, 15 discovered, 0 enqueued
[41.728s][info][gc,reloc    ] GC(413) Small Pages: 134 / 268M, Empty: 216M, Relocated: 6M, In-Place: 0
[41.728s][info][gc,reloc    ] GC(413) Medium Pages: 1 / 16M, Empty: 0M, Relocated: 0M, In-Place: 0
[41.728s][info][gc,reloc    ] GC(413) Large Pages: 0 / 0M, Empty: 0M, Relocated: 0M, In-Place: 0
[41.728s][info][gc,reloc    ] GC(413) Forwarding Usage: 4M
[41.728s][info][gc,heap     ] GC(413) Min Capacity: 8M(2%)
[41.728s][info][gc,heap     ] GC(413) Max Capacity: 512M(100%)
[41.728s][info][gc,heap     ] GC(413) Soft Max Capacity: 512M(100%)
[41.728s][info][gc,heap     ] GC(413)                Mark Start          Mark End        Relocate Start      Relocate End           High               Low         
[41.728s][info][gc,heap     ] GC(413)  Capacity:      512M (100%)        512M (100%)        512M (100%)        512M (100%)        512M (100%)        512M (100%)   
[41.728s][info][gc,heap     ] GC(413)      Free:      228M (45%)         138M (27%)         330M (64%)         336M (66%)         342M (67%)         134M (26%)    
[41.728s][info][gc,heap     ] GC(413)      Used:      284M (55%)         374M (73%)         182M (36%)         176M (34%)         378M (74%)         170M (33%)    
[41.728s][info][gc,heap     ] GC(413)      Live:         -                28M (6%)           28M (6%)           28M (6%)             -                  -          
[41.728s][info][gc,heap     ] GC(413) Allocated:         -                90M (18%)         114M (22%)         123M (24%)            -                  -          
[41.728s][info][gc,heap     ] GC(413)   Garbage:         -               255M (50%)          39M (8%)           23M (5%)             -                  -          
[41.728s][info][gc,heap     ] GC(413) Reclaimed:         -                  -               216M (42%)         231M (45%)            -                  -          
[41.728s][info][gc          ] GC(413) Garbage Collection (Allocation Rate) 284M(55%)->176M(34%)
[41.780s][info][gc,start    ] GC(414) Garbage Collection (Allocation Rate)
[41.780s][info][gc,task     ] GC(414) Using 5 workers
[41.780s][info][gc,phases   ] GC(414) Pause Mark Start 0.014ms
[41.814s][info][gc,phases   ] GC(414) Concurrent Mark 33.880ms
[41.814s][info][gc,phases   ] GC(414) Pause Mark End 0.012ms
[41.814s][info][gc,phases   ] GC(414) Concurrent Mark Free 0.001ms
[41.815s][info][gc,phases   ] GC(414) Concurrent Process Non-Strong References 0.640ms
[41.815s][info][gc,phases   ] GC(414) Concurrent Reset Relocation Set 0.003ms
[41.819s][info][gc,phases   ] GC(414) Concurrent Select Relocation Set 3.723ms
[41.819s][info][gc,phases   ] GC(414) Pause Relocate Start 0.004ms
[41.823s][info][gc,phases   ] GC(414) Concurrent Relocate 4.298ms
[41.823s][info][gc,load     ] GC(414) Load: 0.00/0.00/0.00
[41.823s][info][gc,mmu      ] GC(414) MMU: 2ms/98.6%, 5ms/99.5%, 10ms/99.6%, 20ms/99.8%, 50ms/99.9%, 100ms/99.9%
[41.824s][info][gc,marking  ] GC(414) Mark: 4 stripe(s), 3 proactive flush(es), 1 terminate flush(es), 0 completion(s), 0 continuation(s) 
[41.824s][info][gc,marking  ] GC(414) Mark Stack Usage: 32M
[41.824s][info][gc,nmethod  ] GC(414) NMethods: 1373 registered, 48 unregistered
[41.824s][info][gc,metaspace] GC(414) Metaspace: 8M used, 8M committed, 1088M reserved
[41.824s][info][gc,ref      ] GC(414) Soft: 174 encountered, 0 discovered, 0 enqueued
[41.824s][info][gc,ref      ] GC(414) Weak: 570 encountered, 6 discovered, 0 enqueued
[41.824s][info][gc,ref      ] GC(414) Final: 0 encountered, 0 discovered, 0 enqueued
[41.824s][info][gc,ref      ] GC(414) Phantom: 21 encountered, 13 discovered, 0 enqueued
[41.824s][info][gc,reloc    ] GC(414) Small Pages: 94 / 188M, Empty: 136M, Relocated: 6M, In-Place: 0
[41.824s][info][gc,reloc    ] GC(414) Medium Pages: 2 / 32M, Empty: 0M, Relocated: 3M, In-Place: 0
[41.824s][info][gc,reloc    ] GC(414) Large Pages: 0 / 0M, Empty: 0M, Relocated: 0M, In-Place: 0
[41.824s][info][gc,reloc    ] GC(414) Forwarding Usage: 4M
[41.824s][info][gc,heap     ] GC(414) Min Capacity: 8M(2%)
[41.824s][info][gc,heap     ] GC(414) Max Capacity: 512M(100%)
[41.824s][info][gc,heap     ] GC(414) Soft Max Capacity: 512M(100%)
[41.824s][info][gc,heap     ] GC(414)                Mark Start          Mark End        Relocate Start      Relocate End           High               Low         
[41.824s][info][gc,heap     ] GC(414)  Capacity:      512M (100%)        512M (100%)        512M (100%)        512M (100%)        512M (100%)        512M (100%)   
[41.824s][info][gc,heap     ] GC(414)      Free:      292M (57%)         264M (52%)         398M (78%)         418M (82%)         418M (82%)         262M (51%)    
[41.824s][info][gc,heap     ] GC(414)      Used:      220M (43%)         248M (48%)         114M (22%)          94M (18%)         250M (49%)          94M (18%)    
[41.824s][info][gc,heap     ] GC(414)      Live:         -                37M (7%)           37M (7%)           37M (7%)             -                  -          
[41.824s][info][gc,heap     ] GC(414) Allocated:         -                28M (5%)           30M (6%)           31M (6%)             -                  -          
[41.824s][info][gc,heap     ] GC(414)   Garbage:         -               182M (36%)          46M (9%)           24M (5%)             -                  -          
[41.824s][info][gc,heap     ] GC(414) Reclaimed:         -                  -               136M (27%)         157M (31%)            -                  -          
[41.824s][info][gc          ] GC(414) Garbage Collection (Allocation Rate) 220M(43%)->94M(18%)
[41.880s][info][gc,start    ] GC(415) Garbage Collection (Allocation Rate)
[41.880s][info][gc,task     ] GC(415) Using 5 workers
[41.880s][info][gc,phases   ] GC(415) Pause Mark Start 0.013ms
[41.909s][info][gc,phases   ] GC(415) Concurrent Mark 28.684ms
[41.909s][info][gc,phases   ] GC(415) Pause Mark End 0.013ms
[41.909s][info][gc,phases   ] GC(415) Concurrent Mark Free 0.001ms
[41.910s][info][gc,phases   ] GC(415) Concurrent Process Non-Strong References 0.729ms
[41.910s][info][gc,phases   ] GC(415) Concurrent Reset Relocation Set 0.003ms
[41.914s][info][gc,phases   ] GC(415) Concurrent Select Relocation Set 4.397ms
[41.914s][info][gc,phases   ] GC(415) Pause Relocate Start 0.004ms
[41.916s][info][gc,phases   ] GC(415) Concurrent Relocate 1.383ms
[41.916s][info][gc,load     ] GC(415) Load: 0.00/0.00/0.00
[41.916s][info][gc,mmu      ] GC(415) MMU: 2ms/98.6%, 5ms/99.5%, 10ms/99.6%, 20ms/99.8%, 50ms/99.9%, 100ms/99.9%
[41.916s][info][gc,marking  ] GC(415) Mark: 4 stripe(s), 2 proactive flush(es), 1 terminate flush(es), 0 completion(s), 0 continuation(s) 
[41.916s][info][gc,marking  ] GC(415) Mark Stack Usage: 32M
[41.916s][info][gc,nmethod  ] GC(415) NMethods: 1373 registered, 48 unregistered
[41.916s][info][gc,metaspace] GC(415) Metaspace: 8M used, 8M committed, 1088M reserved
[41.916s][info][gc,ref      ] GC(415) Soft: 174 encountered, 0 discovered, 0 enqueued
[41.916s][info][gc,ref      ] GC(415) Weak: 570 encountered, 38 discovered, 0 enqueued
[41.916s][info][gc,ref      ] GC(415) Final: 0 encountered, 0 discovered, 0 enqueued
[41.916s][info][gc,ref      ] GC(415) Phantom: 21 encountered, 13 discovered, 0 enqueued
[41.916s][info][gc,reloc    ] GC(415) Small Pages: 35 / 70M, Empty: 32M, Relocated: 1M, In-Place: 0
[41.916s][info][gc,reloc    ] GC(415) Medium Pages: 2 / 32M, Empty: 0M, Relocated: 1M, In-Place: 0
[41.916s][info][gc,reloc    ] GC(415) Large Pages: 2 / 8M, Empty: 4M, Relocated: 0M, In-Place: 0
[41.916s][info][gc,reloc    ] GC(415) Forwarding Usage: 0M
[41.916s][info][gc,heap     ] GC(415) Min Capacity: 8M(2%)
[41.916s][info][gc,heap     ] GC(415) Max Capacity: 512M(100%)
[41.916s][info][gc,heap     ] GC(415) Soft Max Capacity: 512M(100%)
[41.916s][info][gc,heap     ] GC(415)                Mark Start          Mark End        Relocate Start      Relocate End           High               Low         
[41.916s][info][gc,heap     ] GC(415)  Capacity:      512M (100%)        512M (100%)        512M (100%)        512M (100%)        512M (100%)        512M (100%)   
[41.916s][info][gc,heap     ] GC(415)      Free:      402M (79%)         376M (73%)         410M (80%)         428M (84%)         428M (84%)         376M (73%)    
[41.916s][info][gc,heap     ] GC(415)      Used:      110M (21%)         136M (27%)         102M (20%)          84M (16%)         136M (27%)          84M (16%)    
[41.916s][info][gc,heap     ] GC(415)      Live:         -                32M (6%)           32M (6%)           32M (6%)             -                  -          
[41.916s][info][gc,heap     ] GC(415) Allocated:         -                26M (5%)           28M (5%)           27M (5%)             -                  -          
[41.916s][info][gc,heap     ] GC(415)   Garbage:         -                77M (15%)          41M (8%)           23M (4%)             -                  -          
[41.916s][info][gc,heap     ] GC(415) Reclaimed:         -                  -                36M (7%)           53M (11%)            -                  -          
[41.917s][info][gc          ] GC(415) Garbage Collection (Allocation Rate) 110M(21%)->84M(16%)
[41.993s][info][gc,start    ] GC(416) Garbage Collection (Allocation Rate)
[41.993s][info][gc,task     ] GC(416) Using 5 workers
[41.993s][info][gc,phases   ] GC(416) Pause Mark Start 0.013ms
[42.024s][info][gc,phases   ] GC(416) Concurrent Mark 30.958ms
[42.024s][info][gc,phases   ] GC(416) Pause Mark End 0.011ms
[42.024s][info][gc,phases   ] GC(416) Concurrent Mark Free 0.001ms
[42.025s][info][gc,phases   ] GC(416) Concurrent Process Non-Strong References 0.684ms
[42.025s][info][gc,phases   ] GC(416) Concurrent Reset Relocation Set 0.002ms
[42.031s][info][gc,phases   ] GC(416) Concurrent Select Relocation Set 5.372ms
[42.031s][info][gc,phases   ] GC(416) Pause Relocate Start 0.005ms
[42.034s][info][gc,phases   ] GC(416) Concurrent Relocate 3.641ms
[42.034s][info][gc,load     ] GC(416) Load: 0.00/0.00/0.00
[42.034s][info][gc,mmu      ] GC(416) MMU: 2ms/98.6%, 5ms/99.5%, 10ms/99.6%, 20ms/99.8%, 50ms/99.9%, 100ms/99.9%
[42.034s][info][gc,marking  ] GC(416) Mark: 4 stripe(s), 2 proactive flush(es), 1 terminate flush(es), 0 completion(s), 0 continuation(s) 
[42.035s][info][gc,marking  ] GC(416) Mark Stack Usage: 32M
[42.035s][info][gc,nmethod  ] GC(416) NMethods: 1373 registered, 48 unregistered
[42.035s][info][gc,metaspace] GC(416) Metaspace: 8M used, 8M committed, 1088M reserved
[42.035s][info][gc,ref      ] GC(416) Soft: 174 encountered, 0 discovered, 0 enqueued
[42.035s][info][gc,ref      ] GC(416) Weak: 570 encountered, 132 discovered, 0 enqueued
[42.035s][info][gc,ref      ] GC(416) Final: 0 encountered, 0 discovered, 0 enqueued
[42.035s][info][gc,ref      ] GC(416) Phantom: 21 encountered, 12 discovered, 0 enqueued
[42.035s][info][gc,reloc    ] GC(416) Small Pages: 32 / 64M, Empty: 22M, Relocated: 5M, In-Place: 0
[42.035s][info][gc,reloc    ] GC(416) Medium Pages: 2 / 32M, Empty: 16M, Relocated: 0M, In-Place: 0
[42.035s][info][gc,reloc    ] GC(416) Large Pages: 4 / 16M, Empty: 12M, Relocated: 0M, In-Place: 0
[42.035s][info][gc,reloc    ] GC(416) Forwarding Usage: 2M
[42.035s][info][gc,heap     ] GC(416) Min Capacity: 8M(2%)
[42.035s][info][gc,heap     ] GC(416) Max Capacity: 512M(100%)
[42.035s][info][gc,heap     ] GC(416) Soft Max Capacity: 512M(100%)
[42.035s][info][gc,heap     ] GC(416)                Mark Start          Mark End        Relocate Start      Relocate End           High               Low         
[42.035s][info][gc,heap     ] GC(416)  Capacity:      512M (100%)        512M (100%)        512M (100%)        512M (100%)        512M (100%)        512M (100%)   
[42.035s][info][gc,heap     ] GC(416)      Free:      400M (78%)         398M (78%)         448M (88%)         452M (88%)         452M (88%)         398M (78%)    
[42.035s][info][gc,heap     ] GC(416)      Used:      112M (22%)         114M (22%)          64M (13%)          60M (12%)         114M (22%)          60M (12%)    
[42.035s][info][gc,heap     ] GC(416)      Live:         -                32M (6%)           32M (6%)           32M (6%)             -                  -          
[42.035s][info][gc,heap     ] GC(416) Allocated:         -                 2M (0%)            2M (0%)            1M (0%)             -                  -          
[42.035s][info][gc,heap     ] GC(416)   Garbage:         -                79M (16%)          29M (6%)           25M (5%)             -                  -          
[42.035s][info][gc,heap     ] GC(416) Reclaimed:         -                  -                50M (10%)          53M (11%)            -                  -          
[42.035s][info][gc          ] GC(416) Garbage Collection (Allocation Rate) 112M(22%)->60M(12%)
[42.087s][info][gc,start    ] GC(417) Garbage Collection (Allocation Rate)
[42.087s][info][gc,task     ] GC(417) Using 5 workers
[42.087s][info][gc,phases   ] GC(417) Pause Mark Start 0.012ms
[42.134s][info][gc,phases   ] GC(417) Concurrent Mark 46.575ms
[42.134s][info][gc,phases   ] GC(417) Pause Mark End 0.013ms
[42.134s][info][gc,phases   ] GC(417) Concurrent Mark Free 0.001ms
[42.135s][info][gc,phases   ] GC(417) Concurrent Process Non-Strong References 0.997ms
[42.135s][info][gc,phases   ] GC(417) Concurrent Reset Relocation Set 0.001ms
[42.142s][info][gc,phases   ] GC(417) Concurrent Select Relocation Set 7.287ms
[42.142s][info][gc,phases   ] GC(417) Pause Relocate Start 0.007ms
[42.147s][info][gc,phases   ] GC(417) Concurrent Relocate 4.551ms
[42.147s][info][gc,load     ] GC(417) Load: 0.00/0.00/0.00
[42.147s][info][gc,mmu      ] GC(417) MMU: 2ms/98.6%, 5ms/99.5%, 10ms/99.6%, 20ms/99.8%, 50ms/99.9%, 100ms/99.9%
[42.147s][info][gc,marking  ] GC(417) Mark: 4 stripe(s), 4 proactive flush(es), 1 terminate flush(es), 0 completion(s), 0 continuation(s) 
[42.147s][info][gc,marking  ] GC(417) Mark Stack Usage: 32M
[42.147s][info][gc,nmethod  ] GC(417) NMethods: 1373 registered, 48 unregistered
[42.147s][info][gc,metaspace] GC(417) Metaspace: 8M used, 8M committed, 1088M reserved
[42.147s][info][gc,ref      ] GC(417) Soft: 174 encountered, 0 discovered, 0 enqueued
[42.147s][info][gc,ref      ] GC(417) Weak: 570 encountered, 317 discovered, 0 enqueued
[42.147s][info][gc,ref      ] GC(417) Final: 0 encountered, 0 discovered, 0 enqueued
[42.147s][info][gc,ref      ] GC(417) Phantom: 21 encountered, 12 discovered, 0 enqueued
[42.147s][info][gc,reloc    ] GC(417) Small Pages: 20 / 40M, Empty: 0M, Relocated: 5M, In-Place: 0
[42.147s][info][gc,reloc    ] GC(417) Medium Pages: 2 / 32M, Empty: 0M, Relocated: 1M, In-Place: 0
[42.147s][info][gc,reloc    ] GC(417) Large Pages: 1 / 4M, Empty: 0M, Relocated: 0M, In-Place: 0
[42.147s][info][gc,reloc    ] GC(417) Forwarding Usage: 2M
[42.147s][info][gc,heap     ] GC(417) Min Capacity: 8M(2%)
[42.147s][info][gc,heap     ] GC(417) Max Capacity: 512M(100%)
[42.147s][info][gc,heap     ] GC(417) Soft Max Capacity: 512M(100%)
[42.147s][info][gc,heap     ] GC(417)                Mark Start          Mark End        Relocate Start      Relocate End           High               Low         
[42.148s][info][gc,heap     ] GC(417)  Capacity:      512M (100%)        512M (100%)        512M (100%)        512M (100%)        512M (100%)        512M (100%)   
[42.148s][info][gc,heap     ] GC(417)      Free:      436M (85%)         436M (85%)         436M (85%)         452M (88%)         452M (88%)         398M (78%)    
[42.148s][info][gc,heap     ] GC(417)      Used:       76M (15%)          76M (15%)          76M (15%)          60M (12%)         114M (22%)          60M (12%)    
[42.148s][info][gc,heap     ] GC(417)      Live:         -                32M (6%)           32M (6%)           32M (6%)             -                  -          
[42.148s][info][gc,heap     ] GC(417) Allocated:         -                 0M (0%)            0M (0%)           16M (3%)             -                  -          
[42.148s][info][gc,heap     ] GC(417)   Garbage:         -                43M (8%)           43M (8%)           11M (2%)             -                  -          
[42.148s][info][gc,heap     ] GC(417) Reclaimed:         -                  -                 0M (0%)           32M (6%)             -                  -          
[42.148s][info][gc          ] GC(417) Garbage Collection (Allocation Rate) 76M(15%)->60M(12%)
[42.181s][info][gc,start    ] GC(418) Garbage Collection (Allocation Rate)
[42.181s][info][gc,task     ] GC(418) Using 5 workers
[42.181s][info][gc,phases   ] GC(418) Pause Mark Start 0.011ms
[42.227s][info][gc,phases   ] GC(418) Concurrent Mark 46.597ms
[42.227s][info][gc,phases   ] GC(418) Pause Mark End 0.011ms
[42.228s][info][gc,phases   ] GC(418) Concurrent Mark Free 0.001ms
[42.229s][info][gc,phases   ] GC(418) Concurrent Process Non-Strong References 0.966ms
[42.229s][info][gc,phases   ] GC(418) Concurrent Reset Relocation Set 0.002ms
[42.236s][info][gc,phases   ] GC(418) Concurrent Select Relocation Set 7.370ms
[42.236s][info][gc,phases   ] GC(418) Pause Relocate Start 0.004ms
[42.240s][info][gc,phases   ] GC(418) Concurrent Relocate 3.904ms
[42.240s][info][gc,load     ] GC(418) Load: 0.00/0.00/0.00
[42.240s][info][gc,mmu      ] GC(418) MMU: 2ms/98.6%, 5ms/99.5%, 10ms/99.6%, 20ms/99.8%, 50ms/99.9%, 100ms/99.9%
[42.240s][info][gc,marking  ] GC(418) Mark: 4 stripe(s), 7 proactive flush(es), 1 terminate flush(es), 0 completion(s), 0 continuation(s) 
[42.240s][info][gc,marking  ] GC(418) Mark Stack Usage: 32M
[42.240s][info][gc,nmethod  ] GC(418) NMethods: 1373 registered, 48 unregistered
[42.240s][info][gc,metaspace] GC(418) Metaspace: 8M used, 8M committed, 1088M reserved
[42.240s][info][gc,ref      ] GC(418) Soft: 174 encountered, 0 discovered, 0 enqueued
[42.240s][info][gc,ref      ] GC(418) Weak: 570 encountered, 236 discovered, 0 enqueued
[42.240s][info][gc,ref      ] GC(418) Final: 0 encountered, 0 discovered, 0 enqueued
[42.240s][info][gc,ref      ] GC(418) Phantom: 21 encountered, 10 discovered, 0 enqueued
[42.240s][info][gc,reloc    ] GC(418) Small Pages: 20 / 40M, Empty: 0M, Relocated: 5M, In-Place: 0
[42.240s][info][gc,reloc    ] GC(418) Medium Pages: 1 / 16M, Empty: 0M, Relocated: 0M, In-Place: 0
[42.240s][info][gc,reloc    ] GC(418) Large Pages: 1 / 4M, Empty: 0M, Relocated: 0M, In-Place: 0
[42.240s][info][gc,reloc    ] GC(418) Forwarding Usage: 2M
[42.240s][info][gc,heap     ] GC(418) Min Capacity: 8M(2%)
[42.240s][info][gc,heap     ] GC(418) Max Capacity: 512M(100%)
[42.240s][info][gc,heap     ] GC(418) Soft Max Capacity: 512M(100%)
[42.240s][info][gc,heap     ] GC(418)                Mark Start          Mark End        Relocate Start      Relocate End           High               Low         
[42.240s][info][gc,heap     ] GC(418)  Capacity:      512M (100%)        512M (100%)        512M (100%)        512M (100%)        512M (100%)        512M (100%)   
[42.241s][info][gc,heap     ] GC(418)      Free:      452M (88%)         410M (80%)         404M (79%)         402M (79%)         452M (88%)         392M (77%)    
[42.241s][info][gc,heap     ] GC(418)      Used:       60M (12%)         102M (20%)         108M (21%)         110M (21%)         120M (23%)          60M (12%)    
[42.241s][info][gc,heap     ] GC(418)      Live:         -                33M (6%)           33M (6%)           33M (6%)             -                  -          
[42.241s][info][gc,heap     ] GC(418) Allocated:         -                42M (8%)           48M (9%)           51M (10%)            -                  -          
[42.241s][info][gc,heap     ] GC(418)   Garbage:         -                26M (5%)           26M (5%)           24M (5%)             -                  -          
[42.241s][info][gc,heap     ] GC(418) Reclaimed:         -                  -                 0M (0%)            1M (0%)             -                  -          
[42.241s][info][gc          ] GC(418) Garbage Collection (Allocation Rate) 60M(12%)->110M(21%)
[42.264s][info][gc,start    ] GC(419) Garbage Collection (System.gc())
[42.265s][info][gc,task     ] GC(419) Using 5 workers
[42.265s][info][gc,phases   ] GC(419) Pause Mark Start 0.009ms
[42.274s][info][gc,phases   ] GC(419) Concurrent Mark 9.527ms
[42.274s][info][gc,phases   ] GC(419) Pause Mark End 0.011ms
[42.274s][info][gc,phases   ] GC(419) Concurrent Mark Free 0.001ms
[42.276s][info][gc,phases   ] GC(419) Concurrent Process Non-Strong References 1.144ms
[42.276s][info][gc,phases   ] GC(419) Concurrent Reset Relocation Set 0.001ms
[42.280s][info][gc,phases   ] GC(419) Concurrent Select Relocation Set 3.967ms
[42.280s][info][gc,phases   ] GC(419) Pause Relocate Start 0.005ms
[42.282s][info][gc,phases   ] GC(419) Concurrent Relocate 2.644ms
[42.282s][info][gc,load     ] GC(419) Load: 0.00/0.00/0.00
[42.282s][info][gc,mmu      ] GC(419) MMU: 2ms/98.6%, 5ms/99.5%, 10ms/99.6%, 20ms/99.8%, 50ms/99.9%, 100ms/99.9%
[42.282s][info][gc,marking  ] GC(419) Mark: 4 stripe(s), 1 proactive flush(es), 1 terminate flush(es), 0 completion(s), 0 continuation(s) 
[42.282s][info][gc,marking  ] GC(419) Mark Stack Usage: 32M
[42.283s][info][gc,nmethod  ] GC(419) NMethods: 1373 registered, 49 unregistered
[42.283s][info][gc,metaspace] GC(419) Metaspace: 8M used, 8M committed, 1088M reserved
[42.283s][info][gc,ref      ] GC(419) Soft: 174 encountered, 0 discovered, 0 enqueued
[42.283s][info][gc,ref      ] GC(419) Weak: 570 encountered, 152 discovered, 0 enqueued
[42.283s][info][gc,ref      ] GC(419) Final: 0 encountered, 0 discovered, 0 enqueued
[42.283s][info][gc,ref      ] GC(419) Phantom: 21 encountered, 17 discovered, 0 enqueued
[42.283s][info][gc,reloc    ] GC(419) Small Pages: 44 / 88M, Empty: 70M, Relocated: 1M, In-Place: 0
[42.283s][info][gc,reloc    ] GC(419) Medium Pages: 2 / 32M, Empty: 32M, Relocated: 0M, In-Place: 0
[42.283s][info][gc,reloc    ] GC(419) Large Pages: 1 / 4M, Empty: 4M, Relocated: 0M, In-Place: 0
[42.283s][info][gc,reloc    ] GC(419) Forwarding Usage: 0M
[42.283s][info][gc,heap     ] GC(419) Min Capacity: 8M(2%)
[42.283s][info][gc,heap     ] GC(419) Max Capacity: 512M(100%)
[42.283s][info][gc,heap     ] GC(419) Soft Max Capacity: 512M(100%)
[42.283s][info][gc,heap     ] GC(419)                Mark Start          Mark End        Relocate Start      Relocate End           High               Low         
[42.283s][info][gc,heap     ] GC(419)  Capacity:      512M (100%)        512M (100%)        512M (100%)        512M (100%)        512M (100%)        512M (100%)   
[42.283s][info][gc,heap     ] GC(419)      Free:      388M (76%)         388M (76%)         494M (96%)         498M (97%)         498M (97%)         388M (76%)    
[42.283s][info][gc,heap     ] GC(419)      Used:      124M (24%)         124M (24%)          18M (4%)           14M (3%)          124M (24%)          14M (3%)     
[42.283s][info][gc,heap     ] GC(419)      Live:         -                 4M (1%)            4M (1%)            4M (1%)             -                  -          
[42.283s][info][gc,heap     ] GC(419) Allocated:         -                 0M (0%)            0M (0%)            0M (0%)             -                  -          
[42.283s][info][gc,heap     ] GC(419)   Garbage:         -               119M (23%)          13M (3%)            9M (2%)             -                  -          
[42.283s][info][gc,heap     ] GC(419) Reclaimed:         -                  -               106M (21%)         110M (21%)            -                  -          
[42.283s][info][gc          ] GC(419) Garbage Collection (System.gc()) 124M(24%)->14M(3%)
[42.290s][info][gc,start    ] GC(420) Garbage Collection (Allocation Rate)
[42.290s][info][gc,task     ] GC(420) Using 5 workers
[42.290s][info][gc,phases   ] GC(420) Pause Mark Start 0.010ms
[42.305s][info][gc,phases   ] GC(420) Concurrent Mark 15.370ms
[42.306s][info][gc,phases   ] GC(420) Pause Mark End 0.010ms
[42.306s][info][gc,phases   ] GC(420) Concurrent Mark Free 0.001ms
[42.307s][info][gc,phases   ] GC(420) Concurrent Process Non-Strong References 1.124ms
[42.307s][info][gc,phases   ] GC(420) Concurrent Reset Relocation Set 0.001ms
[42.311s][info][gc,phases   ] GC(420) Concurrent Select Relocation Set 4.391ms
[42.311s][info][gc,phases   ] GC(420) Pause Relocate Start 0.005ms
[42.314s][info][gc,phases   ] GC(420) Concurrent Relocate 2.699ms
[42.314s][info][gc,load     ] GC(420) Load: 0.00/0.00/0.00
[42.314s][info][gc,mmu      ] GC(420) MMU: 2ms/98.6%, 5ms/99.5%, 10ms/99.6%, 20ms/99.8%, 50ms/99.9%, 100ms/99.9%
[42.314s][info][gc,marking  ] GC(420) Mark: 4 stripe(s), 2 proactive flush(es), 1 terminate flush(es), 0 completion(s), 0 continuation(s) 
[42.314s][info][gc,marking  ] GC(420) Mark Stack Usage: 32M
[42.314s][info][gc,nmethod  ] GC(420) NMethods: 1376 registered, 49 unregistered
[42.314s][info][gc,metaspace] GC(420) Metaspace: 8M used, 8M committed, 1088M reserved
[42.314s][info][gc,ref      ] GC(420) Soft: 174 encountered, 0 discovered, 0 enqueued
[42.314s][info][gc,ref      ] GC(420) Weak: 570 encountered, 104 discovered, 0 enqueued
[42.314s][info][gc,ref      ] GC(420) Final: 0 encountered, 0 discovered, 0 enqueued
[42.314s][info][gc,ref      ] GC(420) Phantom: 21 encountered, 17 discovered, 0 enqueued
[42.314s][info][gc,reloc    ] GC(420) Small Pages: 14 / 28M, Empty: 6M, Relocated: 1M, In-Place: 0
[42.314s][info][gc,reloc    ] GC(420) Medium Pages: 0 / 0M, Empty: 0M, Relocated: 0M, In-Place: 0
[42.315s][info][gc,reloc    ] GC(420) Large Pages: 0 / 0M, Empty: 0M, Relocated: 0M, In-Place: 0
[42.315s][info][gc,reloc    ] GC(420) Forwarding Usage: 0M
[42.315s][info][gc,heap     ] GC(420) Min Capacity: 8M(2%)
[42.315s][info][gc,heap     ] GC(420) Max Capacity: 512M(100%)
[42.315s][info][gc,heap     ] GC(420) Soft Max Capacity: 512M(100%)
[42.315s][info][gc,heap     ] GC(420)                Mark Start          Mark End        Relocate Start      Relocate End           High               Low         
[42.315s][info][gc,heap     ] GC(420)  Capacity:      512M (100%)        512M (100%)        512M (100%)        512M (100%)        512M (100%)        512M (100%)   
[42.315s][info][gc,heap     ] GC(420)      Free:      484M (95%)         456M (89%)         448M (88%)         450M (88%)         484M (95%)         438M (86%)    
[42.315s][info][gc,heap     ] GC(420)      Used:       28M (5%)           56M (11%)          64M (13%)          62M (12%)          74M (14%)          28M (5%)     
[42.315s][info][gc,heap     ] GC(420)      Live:         -                 4M (1%)            4M (1%)            4M (1%)             -                  -          
[42.315s][info][gc,heap     ] GC(420) Allocated:         -                28M (5%)           42M (8%)           47M (9%)             -                  -          
[42.315s][info][gc,heap     ] GC(420)   Garbage:         -                23M (5%)           17M (3%)            9M (2%)             -                  -          
[42.315s][info][gc,heap     ] GC(420) Reclaimed:         -                  -                 6M (1%)           13M (3%)             -                  -          
[42.315s][info][gc          ] GC(420) Garbage Collection (Allocation Rate) 28M(5%)->62M(12%)
[42.384s][info][gc,start    ] GC(421) Garbage Collection (Allocation Rate)
[42.384s][info][gc,task     ] GC(421) Using 5 workers
[42.384s][info][gc,phases   ] GC(421) Pause Mark Start 0.009ms
[42.399s][info][gc,phases   ] GC(421) Concurrent Mark 15.334ms
[42.399s][info][gc,phases   ] GC(421) Pause Mark End 0.011ms
[42.399s][info][gc,phases   ] GC(421) Concurrent Mark Free 0.001ms
[42.400s][info][gc,phases   ] GC(421) Concurrent Process Non-Strong References 1.120ms
[42.401s][info][gc,phases   ] GC(421) Concurrent Reset Relocation Set 0.002ms
[42.404s][info][gc,phases   ] GC(421) Concurrent Select Relocation Set 3.598ms
[42.404s][info][gc,phases   ] GC(421) Pause Relocate Start 0.005ms
[42.405s][info][gc,phases   ] GC(421) Concurrent Relocate 0.966ms
[42.405s][info][gc,load     ] GC(421) Load: 0.00/0.00/0.00
[42.405s][info][gc,mmu      ] GC(421) MMU: 2ms/98.6%, 5ms/99.5%, 10ms/99.6%, 20ms/99.8%, 50ms/99.9%, 100ms/99.9%
[42.405s][info][gc,marking  ] GC(421) Mark: 4 stripe(s), 2 proactive flush(es), 1 terminate flush(es), 0 completion(s), 0 continuation(s) 
[42.405s][info][gc,marking  ] GC(421) Mark Stack Usage: 32M
[42.405s][info][gc,nmethod  ] GC(421) NMethods: 1376 registered, 49 unregistered
[42.405s][info][gc,metaspace] GC(421) Metaspace: 8M used, 8M committed, 1088M reserved
[42.405s][info][gc,ref      ] GC(421) Soft: 174 encountered, 0 discovered, 0 enqueued
[42.406s][info][gc,ref      ] GC(421) Weak: 570 encountered, 43 discovered, 0 enqueued
[42.406s][info][gc,ref      ] GC(421) Final: 0 encountered, 0 discovered, 0 enqueued
[42.406s][info][gc,ref      ] GC(421) Phantom: 21 encountered, 14 discovered, 0 enqueued
[42.406s][info][gc,reloc    ] GC(421) Small Pages: 126 / 252M, Empty: 224M, Relocated: 0M, In-Place: 0
[42.406s][info][gc,reloc    ] GC(421) Medium Pages: 0 / 0M, Empty: 0M, Relocated: 0M, In-Place: 0
[42.406s][info][gc,reloc    ] GC(421) Large Pages: 0 / 0M, Empty: 0M, Relocated: 0M, In-Place: 0
[42.406s][info][gc,reloc    ] GC(421) Forwarding Usage: 0M
[42.406s][info][gc,heap     ] GC(421) Min Capacity: 8M(2%)
[42.406s][info][gc,heap     ] GC(421) Max Capacity: 512M(100%)
[42.406s][info][gc,heap     ] GC(421) Soft Max Capacity: 512M(100%)
[42.406s][info][gc,heap     ] GC(421)                Mark Start          Mark End        Relocate Start      Relocate End           High               Low         
[42.406s][info][gc,heap     ] GC(421)  Capacity:      512M (100%)        512M (100%)        512M (100%)        512M (100%)        512M (100%)        512M (100%)   
[42.406s][info][gc,heap     ] GC(421)      Free:      260M (51%)         220M (43%)         430M (84%)         440M (86%)         440M (86%)         216M (42%)    
[42.406s][info][gc,heap     ] GC(421)      Used:      252M (49%)         292M (57%)          82M (16%)          72M (14%)         296M (58%)          72M (14%)    
[42.406s][info][gc,heap     ] GC(421)      Live:         -                 5M (1%)            5M (1%)            5M (1%)             -                  -          
[42.406s][info][gc,heap     ] GC(421) Allocated:         -                40M (8%)           54M (11%)          55M (11%)            -                  -          
[42.406s][info][gc,heap     ] GC(421)   Garbage:         -               246M (48%)          22M (4%)           10M (2%)             -                  -          
[42.406s][info][gc,heap     ] GC(421) Reclaimed:         -                  -               224M (44%)         235M (46%)            -                  -          
[42.406s][info][gc          ] GC(421) Garbage Collection (Allocation Rate) 252M(49%)->72M(14%)
[42.493s][info][gc,start    ] GC(422) Garbage Collection (Allocation Rate)
[42.493s][info][gc,task     ] GC(422) Using 5 workers
[42.493s][info][gc,phases   ] GC(422) Pause Mark Start 0.010ms
[42.509s][info][gc,phases   ] GC(422) Concurrent Mark 15.395ms
[42.509s][info][gc,phases   ] GC(422) Pause Mark End 0.011ms
[42.509s][info][gc,phases   ] GC(422) Concurrent Mark Free 0.001ms
[42.510s][info][gc,phases   ] GC(422) Concurrent Process Non-Strong References 1.049ms
[42.510s][info][gc,phases   ] GC(422) Concurrent Reset Relocation Set 0.002ms
[42.514s][info][gc,phases   ] GC(422) Concurrent Select Relocation Set 3.765ms
[42.514s][info][gc,phases   ] GC(422) Pause Relocate Start 0.005ms
[42.515s][info][gc,phases   ] GC(422) Concurrent Relocate 1.072ms
[42.515s][info][gc,load     ] GC(422) Load: 0.00/0.00/0.00
[42.515s][info][gc,mmu      ] GC(422) MMU: 2ms/98.6%, 5ms/99.5%, 10ms/99.6%, 20ms/99.8%, 50ms/99.9%, 100ms/99.9%
[42.515s][info][gc,marking  ] GC(422) Mark: 4 stripe(s), 3 proactive flush(es), 1 terminate flush(es), 0 completion(s), 0 continuation(s) 
[42.515s][info][gc,marking  ] GC(422) Mark Stack Usage: 32M
[42.515s][info][gc,nmethod  ] GC(422) NMethods: 1376 registered, 49 unregistered
[42.515s][info][gc,metaspace] GC(422) Metaspace: 8M used, 8M committed, 1088M reserved
[42.515s][info][gc,ref      ] GC(422) Soft: 174 encountered, 0 discovered, 0 enqueued
[42.515s][info][gc,ref      ] GC(422) Weak: 570 encountered, 155 discovered, 0 enqueued
[42.515s][info][gc,ref      ] GC(422) Final: 0 encountered, 0 discovered, 0 enqueued
[42.515s][info][gc,ref      ] GC(422) Phantom: 21 encountered, 19 discovered, 0 enqueued
[42.515s][info][gc,reloc    ] GC(422) Small Pages: 155 / 310M, Empty: 278M, Relocated: 1M, In-Place: 0
[42.515s][info][gc,reloc    ] GC(422) Medium Pages: 0 / 0M, Empty: 0M, Relocated: 0M, In-Place: 0
[42.515s][info][gc,reloc    ] GC(422) Large Pages: 0 / 0M, Empty: 0M, Relocated: 0M, In-Place: 0
[42.515s][info][gc,reloc    ] GC(422) Forwarding Usage: 0M
[42.515s][info][gc,heap     ] GC(422) Min Capacity: 8M(2%)
[42.515s][info][gc,heap     ] GC(422) Max Capacity: 512M(100%)
[42.515s][info][gc,heap     ] GC(422) Soft Max Capacity: 512M(100%)
[42.515s][info][gc,heap     ] GC(422)                Mark Start          Mark End        Relocate Start      Relocate End           High               Low         
[42.515s][info][gc,heap     ] GC(422)  Capacity:      512M (100%)        512M (100%)        512M (100%)        512M (100%)        512M (100%)        512M (100%)   
[42.515s][info][gc,heap     ] GC(422)      Free:      202M (39%)         160M (31%)         426M (83%)         440M (86%)         440M (86%)         158M (31%)    
[42.516s][info][gc,heap     ] GC(422)      Used:      310M (61%)         352M (69%)          86M (17%)          72M (14%)         354M (69%)          72M (14%)    
[42.516s][info][gc,heap     ] GC(422)      Live:         -                 5M (1%)            5M (1%)            5M (1%)             -                  -          
[42.516s][info][gc,heap     ] GC(422) Allocated:         -                42M (8%)           54M (11%)          55M (11%)            -                  -          
[42.516s][info][gc,heap     ] GC(422)   Garbage:         -               304M (59%)          26M (5%)           10M (2%)             -                  -          
[42.516s][info][gc,heap     ] GC(422) Reclaimed:         -                  -               278M (54%)         293M (57%)            -                  -          
[42.516s][info][gc          ] GC(422) Garbage Collection (Allocation Rate) 310M(61%)->72M(14%)
[42.587s][info][gc,start    ] GC(423) Garbage Collection (Allocation Rate)
[42.587s][info][gc,task     ] GC(423) Using 5 workers
[42.587s][info][gc,phases   ] GC(423) Pause Mark Start 0.013ms
[42.602s][info][gc,phases   ] GC(423) Concurrent Mark 15.332ms
[42.602s][info][gc,phases   ] GC(423) Pause Mark End 0.013ms
[42.602s][info][gc,phases   ] GC(423) Concurrent Mark Free 0.001ms
[42.603s][info][gc,phases   ] GC(423) Concurrent Process Non-Strong References 0.976ms
[42.603s][info][gc,phases   ] GC(423) Concurrent Reset Relocation Set 0.002ms
[42.608s][info][gc,phases   ] GC(423) Concurrent Select Relocation Set 4.854ms
[42.608s][info][gc,phases   ] GC(423) Pause Relocate Start 0.005ms
[42.611s][info][gc,phases   ] GC(423) Concurrent Relocate 2.848ms
[42.611s][info][gc,load     ] GC(423) Load: 0.00/0.00/0.00
[42.611s][info][gc,mmu      ] GC(423) MMU: 2ms/98.6%, 5ms/99.5%, 10ms/99.6%, 20ms/99.8%, 50ms/99.9%, 100ms/99.9%
[42.611s][info][gc,marking  ] GC(423) Mark: 4 stripe(s), 2 proactive flush(es), 1 terminate flush(es), 0 completion(s), 0 continuation(s) 
[42.612s][info][gc,marking  ] GC(423) Mark Stack Usage: 32M
[42.612s][info][gc,nmethod  ] GC(423) NMethods: 1376 registered, 49 unregistered
[42.612s][info][gc,metaspace] GC(423) Metaspace: 8M used, 8M committed, 1088M reserved
[42.612s][info][gc,ref      ] GC(423) Soft: 174 encountered, 0 discovered, 0 enqueued
[42.612s][info][gc,ref      ] GC(423) Weak: 570 encountered, 145 discovered, 0 enqueued
[42.612s][info][gc,ref      ] GC(423) Final: 0 encountered, 0 discovered, 0 enqueued
[42.612s][info][gc,ref      ] GC(423) Phantom: 21 encountered, 19 discovered, 0 enqueued
[42.612s][info][gc,reloc    ] GC(423) Small Pages: 104 / 208M, Empty: 184M, Relocated: 3M, In-Place: 0
[42.612s][info][gc,reloc    ] GC(423) Medium Pages: 1 / 16M, Empty: 0M, Relocated: 0M, In-Place: 0
[42.612s][info][gc,reloc    ] GC(423) Large Pages: 0 / 0M, Empty: 0M, Relocated: 0M, In-Place: 0
[42.612s][info][gc,reloc    ] GC(423) Forwarding Usage: 1M
[42.612s][info][gc,heap     ] GC(423) Min Capacity: 8M(2%)
[42.612s][info][gc,heap     ] GC(423) Max Capacity: 512M(100%)
[42.612s][info][gc,heap     ] GC(423) Soft Max Capacity: 512M(100%)
[42.612s][info][gc,heap     ] GC(423)                Mark Start          Mark End        Relocate Start      Relocate End           High               Low         
[42.612s][info][gc,heap     ] GC(423)  Capacity:      512M (100%)        512M (100%)        512M (100%)        512M (100%)        512M (100%)        512M (100%)   
[42.612s][info][gc,heap     ] GC(423)      Free:      288M (56%)         268M (52%)         442M (86%)         446M (87%)         448M (88%)         266M (52%)    
[42.612s][info][gc,heap     ] GC(423)      Used:      224M (44%)         244M (48%)          70M (14%)          66M (13%)         246M (48%)          64M (13%)    
[42.612s][info][gc,heap     ] GC(423)      Live:         -                 6M (1%)            6M (1%)            6M (1%)             -                  -          
[42.612s][info][gc,heap     ] GC(423) Allocated:         -                20M (4%)           30M (6%)           35M (7%)             -                  -          
[42.612s][info][gc,heap     ] GC(423)   Garbage:         -               217M (42%)          33M (7%)           23M (5%)             -                  -          
[42.612s][info][gc,heap     ] GC(423) Reclaimed:         -                  -               184M (36%)         193M (38%)            -                  -          
[42.612s][info][gc          ] GC(423) Garbage Collection (Allocation Rate) 224M(44%)->66M(13%)
[42.680s][info][gc,start    ] GC(424) Garbage Collection (Allocation Rate)
[42.680s][info][gc,task     ] GC(424) Using 5 workers
[42.681s][info][gc,phases   ] GC(424) Pause Mark Start 0.013ms
[42.696s][info][gc,phases   ] GC(424) Concurrent Mark 15.353ms
[42.696s][info][gc,phases   ] GC(424) Pause Mark End 0.013ms
[42.696s][info][gc,phases   ] GC(424) Concurrent Mark Free 0.001ms
[42.697s][info][gc,phases   ] GC(424) Concurrent Process Non-Strong References 1.060ms
[42.697s][info][gc,phases   ] GC(424) Concurrent Reset Relocation Set 0.003ms
[42.701s][info][gc,phases   ] GC(424) Concurrent Select Relocation Set 3.738ms
[42.701s][info][gc,phases   ] GC(424) Pause Relocate Start 0.005ms
[42.703s][info][gc,phases   ] GC(424) Concurrent Relocate 2.267ms
[42.704s][info][gc,load     ] GC(424) Load: 0.00/0.00/0.00
[42.704s][info][gc,mmu      ] GC(424) MMU: 2ms/98.6%, 5ms/99.5%, 10ms/99.6%, 20ms/99.8%, 50ms/99.9%, 100ms/99.9%
[42.704s][info][gc,marking  ] GC(424) Mark: 4 stripe(s), 2 proactive flush(es), 1 terminate flush(es), 0 completion(s), 0 continuation(s) 
[42.704s][info][gc,marking  ] GC(424) Mark Stack Usage: 32M
[42.704s][info][gc,nmethod  ] GC(424) NMethods: 1376 registered, 49 unregistered
[42.704s][info][gc,metaspace] GC(424) Metaspace: 8M used, 8M committed, 1088M reserved
[42.704s][info][gc,ref      ] GC(424) Soft: 174 encountered, 0 discovered, 0 enqueued
[42.704s][info][gc,ref      ] GC(424) Weak: 570 encountered, 182 discovered, 0 enqueued
[42.704s][info][gc,ref      ] GC(424) Final: 0 encountered, 0 discovered, 0 enqueued
[42.704s][info][gc,ref      ] GC(424) Phantom: 21 encountered, 15 discovered, 0 enqueued
[42.704s][info][gc,reloc    ] GC(424) Small Pages: 118 / 236M, Empty: 208M, Relocated: 2M, In-Place: 0
[42.704s][info][gc,reloc    ] GC(424) Medium Pages: 1 / 16M, Empty: 0M, Relocated: 0M, In-Place: 0
[42.704s][info][gc,reloc    ] GC(424) Large Pages: 0 / 0M, Empty: 0M, Relocated: 0M, In-Place: 0
[42.704s][info][gc,reloc    ] GC(424) Forwarding Usage: 1M
[42.704s][info][gc,heap     ] GC(424) Min Capacity: 8M(2%)
[42.704s][info][gc,heap     ] GC(424) Max Capacity: 512M(100%)
[42.704s][info][gc,heap     ] GC(424) Soft Max Capacity: 512M(100%)
[42.704s][info][gc,heap     ] GC(424)                Mark Start          Mark End        Relocate Start      Relocate End           High               Low         
[42.704s][info][gc,heap     ] GC(424)  Capacity:      512M (100%)        512M (100%)        512M (100%)        512M (100%)        512M (100%)        512M (100%)   
[42.704s][info][gc,heap     ] GC(424)      Free:      260M (51%)         218M (43%)         412M (80%)         418M (82%)         418M (82%)         214M (42%)    
[42.704s][info][gc,heap     ] GC(424)      Used:      252M (49%)         294M (57%)         100M (20%)          94M (18%)         298M (58%)          94M (18%)    
[42.704s][info][gc,heap     ] GC(424)      Live:         -                 7M (1%)            7M (1%)            7M (1%)             -                  -          
[42.704s][info][gc,heap     ] GC(424) Allocated:         -                42M (8%)           56M (11%)          61M (12%)            -                  -          
[42.704s][info][gc,heap     ] GC(424)   Garbage:         -               244M (48%)          36M (7%)           24M (5%)             -                  -          
[42.704s][info][gc,heap     ] GC(424) Reclaimed:         -                  -               208M (41%)         219M (43%)            -                  -          
[42.704s][info][gc          ] GC(424) Garbage Collection (Allocation Rate) 252M(49%)->94M(18%)
[42.780s][info][gc,start    ] GC(425) Garbage Collection (Allocation Rate)
[42.780s][info][gc,task     ] GC(425) Using 5 workers
[42.780s][info][gc,phases   ] GC(425) Pause Mark Start 0.012ms
[42.791s][info][gc,phases   ] GC(425) Concurrent Mark 10.737ms
[42.791s][info][gc,phases   ] GC(425) Pause Mark End 0.014ms
[42.791s][info][gc,phases   ] GC(425) Concurrent Mark Free 0.001ms
[42.792s][info][gc,phases   ] GC(425) Concurrent Process Non-Strong References 1.081ms
[42.792s][info][gc,phases   ] GC(425) Concurrent Reset Relocation Set 0.002ms
[42.798s][info][gc,phases   ] GC(425) Concurrent Select Relocation Set 5.657ms
[42.798s][info][gc,phases   ] GC(425) Pause Relocate Start 0.006ms
[42.801s][info][gc,phases   ] GC(425) Concurrent Relocate 3.127ms
[42.801s][info][gc,load     ] GC(425) Load: 0.00/0.00/0.00
[42.801s][info][gc,mmu      ] GC(425) MMU: 2ms/98.6%, 5ms/99.5%, 10ms/99.6%, 20ms/99.8%, 50ms/99.9%, 100ms/99.9%
[42.802s][info][gc,marking  ] GC(425) Mark: 4 stripe(s), 2 proactive flush(es), 1 terminate flush(es), 0 completion(s), 0 continuation(s) 
[42.802s][info][gc,marking  ] GC(425) Mark Stack Usage: 32M
[42.802s][info][gc,nmethod  ] GC(425) NMethods: 1376 registered, 49 unregistered
[42.802s][info][gc,metaspace] GC(425) Metaspace: 8M used, 8M committed, 1088M reserved
[42.802s][info][gc,ref      ] GC(425) Soft: 174 encountered, 0 discovered, 0 enqueued
[42.802s][info][gc,ref      ] GC(425) Weak: 570 encountered, 160 discovered, 0 enqueued
[42.802s][info][gc,ref      ] GC(425) Final: 0 encountered, 0 discovered, 0 enqueued
[42.802s][info][gc,ref      ] GC(425) Phantom: 21 encountered, 12 discovered, 0 enqueued
[42.802s][info][gc,reloc    ] GC(425) Small Pages: 132 / 264M, Empty: 238M, Relocated: 3M, In-Place: 0
[42.802s][info][gc,reloc    ] GC(425) Medium Pages: 1 / 16M, Empty: 0M, Relocated: 0M, In-Place: 0
[42.802s][info][gc,reloc    ] GC(425) Large Pages: 0 / 0M, Empty: 0M, Relocated: 0M, In-Place: 0
[42.802s][info][gc,reloc    ] GC(425) Forwarding Usage: 1M
[42.802s][info][gc,heap     ] GC(425) Min Capacity: 8M(2%)
[42.802s][info][gc,heap     ] GC(425) Max Capacity: 512M(100%)
[42.802s][info][gc,heap     ] GC(425) Soft Max Capacity: 512M(100%)
[42.802s][info][gc,heap     ] GC(425)                Mark Start          Mark End        Relocate Start      Relocate End           High               Low         
[42.802s][info][gc,heap     ] GC(425)  Capacity:      512M (100%)        512M (100%)        512M (100%)        512M (100%)        512M (100%)        512M (100%)   
[42.802s][info][gc,heap     ] GC(425)      Free:      232M (45%)         204M (40%)         424M (83%)         424M (83%)         430M (84%)         200M (39%)    
[42.802s][info][gc,heap     ] GC(425)      Used:      280M (55%)         308M (60%)          88M (17%)          88M (17%)         312M (61%)          82M (16%)    
[42.802s][info][gc,heap     ] GC(425)      Live:         -                 7M (2%)            7M (2%)            7M (2%)             -                  -          
[42.802s][info][gc,heap     ] GC(425) Allocated:         -                28M (5%)           46M (9%)           55M (11%)            -                  -          
[42.802s][info][gc,heap     ] GC(425)   Garbage:         -               272M (53%)          34M (7%)           24M (5%)             -                  -          
[42.802s][info][gc,heap     ] GC(425) Reclaimed:         -                  -               238M (46%)         247M (48%)            -                  -          
[42.802s][info][gc          ] GC(425) Garbage Collection (Allocation Rate) 280M(55%)->88M(17%)
[42.880s][info][gc,start    ] GC(426) Garbage Collection (Allocation Rate)
[42.880s][info][gc,task     ] GC(426) Using 5 workers
[42.880s][info][gc,phases   ] GC(426) Pause Mark Start 0.011ms
[42.892s][info][gc,phases   ] GC(426) Concurrent Mark 11.766ms
[42.892s][info][gc,phases   ] GC(426) Pause Mark End 0.013ms
[42.892s][info][gc,phases   ] GC(426) Concurrent Mark Free 0.001ms
[42.893s][info][gc,phases   ] GC(426) Concurrent Process Non-Strong References 0.970ms
[42.893s][info][gc,phases   ] GC(426) Concurrent Reset Relocation Set 0.002ms
[42.899s][info][gc,phases   ] GC(426) Concurrent Select Relocation Set 6.278ms
[42.899s][info][gc,phases   ] GC(426) Pause Relocate Start 0.005ms
[42.903s][info][gc,phases   ] GC(426) Concurrent Relocate 3.163ms
[42.903s][info][gc,load     ] GC(426) Load: 0.00/0.00/0.00
[42.903s][info][gc,mmu      ] GC(426) MMU: 2ms/98.6%, 5ms/99.5%, 10ms/99.6%, 20ms/99.8%, 50ms/99.9%, 100ms/99.9%
[42.903s][info][gc,marking  ] GC(426) Mark: 4 stripe(s), 2 proactive flush(es), 1 terminate flush(es), 0 completion(s), 0 continuation(s) 
[42.903s][info][gc,marking  ] GC(426) Mark Stack Usage: 32M
[42.903s][info][gc,nmethod  ] GC(426) NMethods: 1376 registered, 49 unregistered
[42.903s][info][gc,metaspace] GC(426) Metaspace: 8M used, 8M committed, 1088M reserved
[42.903s][info][gc,ref      ] GC(426) Soft: 174 encountered, 0 discovered, 0 enqueued
[42.903s][info][gc,ref      ] GC(426) Weak: 570 encountered, 170 discovered, 0 enqueued
[42.903s][info][gc,ref      ] GC(426) Final: 0 encountered, 0 discovered, 0 enqueued
[42.903s][info][gc,ref      ] GC(426) Phantom: 21 encountered, 14 discovered, 0 enqueued
[42.903s][info][gc,reloc    ] GC(426) Small Pages: 141 / 282M, Empty: 252M, Relocated: 4M, In-Place: 0
[42.903s][info][gc,reloc    ] GC(426) Medium Pages: 1 / 16M, Empty: 0M, Relocated: 0M, In-Place: 0
[42.903s][info][gc,reloc    ] GC(426) Large Pages: 0 / 0M, Empty: 0M, Relocated: 0M, In-Place: 0
[42.903s][info][gc,reloc    ] GC(426) Forwarding Usage: 2M
[42.903s][info][gc,heap     ] GC(426) Min Capacity: 8M(2%)
[42.903s][info][gc,heap     ] GC(426) Max Capacity: 512M(100%)
[42.903s][info][gc,heap     ] GC(426) Soft Max Capacity: 512M(100%)
[42.903s][info][gc,heap     ] GC(426)                Mark Start          Mark End        Relocate Start      Relocate End           High               Low         
[42.903s][info][gc,heap     ] GC(426)  Capacity:      512M (100%)        512M (100%)        512M (100%)        512M (100%)        512M (100%)        512M (100%)   
[42.903s][info][gc,heap     ] GC(426)      Free:      214M (42%)         184M (36%)         414M (81%)         424M (83%)         424M (83%)         180M (35%)    
[42.903s][info][gc,heap     ] GC(426)      Used:      298M (58%)         328M (64%)          98M (19%)          88M (17%)         332M (65%)          88M (17%)    
[42.903s][info][gc,heap     ] GC(426)      Live:         -                 8M (2%)            8M (2%)            8M (2%)             -                  -          
[42.903s][info][gc,heap     ] GC(426) Allocated:         -                30M (6%)           52M (10%)          57M (11%)            -                  -          
[42.903s][info][gc,heap     ] GC(426)   Garbage:         -               289M (57%)          37M (7%)           21M (4%)             -                  -          
[42.904s][info][gc,heap     ] GC(426) Reclaimed:         -                  -               252M (49%)         267M (52%)            -                  -          
[42.904s][info][gc          ] GC(426) Garbage Collection (Allocation Rate) 298M(58%)->88M(17%)
[42.981s][info][gc,start    ] GC(427) Garbage Collection (Allocation Rate)
[42.981s][info][gc,task     ] GC(427) Using 5 workers
[42.981s][info][gc,phases   ] GC(427) Pause Mark Start 0.012ms
[42.993s][info][gc,phases   ] GC(427) Concurrent Mark 12.698ms
[42.994s][info][gc,phases   ] GC(427) Pause Mark End 0.011ms
[42.994s][info][gc,phases   ] GC(427) Concurrent Mark Free 0.001ms
[42.995s][info][gc,phases   ] GC(427) Concurrent Process Non-Strong References 0.923ms
[42.995s][info][gc,phases   ] GC(427) Concurrent Reset Relocation Set 0.002ms
[42.999s][info][gc,phases   ] GC(427) Concurrent Select Relocation Set 3.930ms
[42.999s][info][gc,phases   ] GC(427) Pause Relocate Start 0.006ms
[43.001s][info][gc,phases   ] GC(427) Concurrent Relocate 2.426ms
[43.001s][info][gc,load     ] GC(427) Load: 0.00/0.00/0.00
[43.001s][info][gc,mmu      ] GC(427) MMU: 2ms/98.6%, 5ms/99.5%, 10ms/99.6%, 20ms/99.8%, 50ms/99.9%, 100ms/99.9%
[43.001s][info][gc,marking  ] GC(427) Mark: 4 stripe(s), 4 proactive flush(es), 2 terminate flush(es), 0 completion(s), 0 continuation(s) 
[43.001s][info][gc,marking  ] GC(427) Mark Stack Usage: 32M
[43.001s][info][gc,nmethod  ] GC(427) NMethods: 1376 registered, 49 unregistered
[43.001s][info][gc,metaspace] GC(427) Metaspace: 8M used, 8M committed, 1088M reserved
[43.001s][info][gc,ref      ] GC(427) Soft: 174 encountered, 0 discovered, 0 enqueued
[43.001s][info][gc,ref      ] GC(427) Weak: 570 encountered, 131 discovered, 0 enqueued
[43.002s][info][gc,ref      ] GC(427) Final: 0 encountered, 0 discovered, 0 enqueued
[43.002s][info][gc,ref      ] GC(427) Phantom: 21 encountered, 17 discovered, 0 enqueued
[43.002s][info][gc,reloc    ] GC(427) Small Pages: 129 / 258M, Empty: 238M, Relocated: 3M, In-Place: 0
[43.002s][info][gc,reloc    ] GC(427) Medium Pages: 2 / 32M, Empty: 16M, Relocated: 0M, In-Place: 0
[43.002s][info][gc,reloc    ] GC(427) Large Pages: 0 / 0M, Empty: 0M, Relocated: 0M, In-Place: 0
[43.002s][info][gc,reloc    ] GC(427) Forwarding Usage: 1M
[43.002s][info][gc,heap     ] GC(427) Min Capacity: 8M(2%)
[43.002s][info][gc,heap     ] GC(427) Max Capacity: 512M(100%)
[43.002s][info][gc,heap     ] GC(427) Soft Max Capacity: 512M(100%)
[43.002s][info][gc,heap     ] GC(427)                Mark Start          Mark End        Relocate Start      Relocate End           High               Low         
[43.002s][info][gc,heap     ] GC(427)  Capacity:      512M (100%)        512M (100%)        512M (100%)        512M (100%)        512M (100%)        512M (100%)   
[43.002s][info][gc,heap     ] GC(427)      Free:      222M (43%)         200M (39%)         446M (87%)         442M (86%)         448M (88%)         200M (39%)    
[43.002s][info][gc,heap     ] GC(427)      Used:      290M (57%)         312M (61%)          66M (13%)          70M (14%)         312M (61%)          64M (13%)    
[43.002s][info][gc,heap     ] GC(427)      Live:         -                 9M (2%)            9M (2%)            9M (2%)             -                  -          
[43.002s][info][gc,heap     ] GC(427) Allocated:         -                22M (4%)           30M (6%)           35M (7%)             -                  -          
[43.002s][info][gc,heap     ] GC(427)   Garbage:         -               280M (55%)          26M (5%)           24M (5%)             -                  -          
[43.002s][info][gc,heap     ] GC(427) Reclaimed:         -                  -               254M (50%)         255M (50%)            -                  -          
[43.002s][info][gc          ] GC(427) Garbage Collection (Allocation Rate) 290M(57%)->70M(14%)
[43.091s][info][gc,start    ] GC(428) Garbage Collection (Allocation Rate)
[43.091s][info][gc,task     ] GC(428) Using 5 workers
[43.092s][info][gc,phases   ] GC(428) Pause Mark Start 0.011ms
[43.123s][info][gc,phases   ] GC(428) Concurrent Mark 30.992ms
[43.123s][info][gc,phases   ] GC(428) Pause Mark End 0.012ms
[43.123s][info][gc,phases   ] GC(428) Concurrent Mark Free 0.001ms
[43.124s][info][gc,phases   ] GC(428) Concurrent Process Non-Strong References 1.062ms
[43.124s][info][gc,phases   ] GC(428) Concurrent Reset Relocation Set 0.001ms
[43.128s][info][gc,phases   ] GC(428) Concurrent Select Relocation Set 3.740ms
[43.128s][info][gc,phases   ] GC(428) Pause Relocate Start 0.006ms
[43.131s][info][gc,phases   ] GC(428) Concurrent Relocate 3.589ms
[43.131s][info][gc,load     ] GC(428) Load: 0.00/0.00/0.00
[43.131s][info][gc,mmu      ] GC(428) MMU: 2ms/98.6%, 5ms/99.5%, 10ms/99.6%, 20ms/99.8%, 50ms/99.9%, 100ms/99.9%
[43.132s][info][gc,marking  ] GC(428) Mark: 4 stripe(s), 3 proactive flush(es), 1 terminate flush(es), 0 completion(s), 0 continuation(s) 
[43.132s][info][gc,marking  ] GC(428) Mark Stack Usage: 32M
[43.132s][info][gc,nmethod  ] GC(428) NMethods: 1376 registered, 49 unregistered
[43.132s][info][gc,metaspace] GC(428) Metaspace: 8M used, 8M committed, 1088M reserved
[43.132s][info][gc,ref      ] GC(428) Soft: 174 encountered, 0 discovered, 0 enqueued
[43.132s][info][gc,ref      ] GC(428) Weak: 570 encountered, 114 discovered, 0 enqueued
[43.132s][info][gc,ref      ] GC(428) Final: 0 encountered, 0 discovered, 0 enqueued
[43.132s][info][gc,ref      ] GC(428) Phantom: 21 encountered, 14 discovered, 0 enqueued
[43.132s][info][gc,reloc    ] GC(428) Small Pages: 142 / 284M, Empty: 246M, Relocated: 3M, In-Place: 0
[43.132s][info][gc,reloc    ] GC(428) Medium Pages: 2 / 32M, Empty: 16M, Relocated: 0M, In-Place: 0
[43.132s][info][gc,reloc    ] GC(428) Large Pages: 0 / 0M, Empty: 0M, Relocated: 0M, In-Place: 0
[43.132s][info][gc,reloc    ] GC(428) Forwarding Usage: 1M
[43.132s][info][gc,heap     ] GC(428) Min Capacity: 8M(2%)
[43.132s][info][gc,heap     ] GC(428) Max Capacity: 512M(100%)
[43.132s][info][gc,heap     ] GC(428) Soft Max Capacity: 512M(100%)
[43.132s][info][gc,heap     ] GC(428)                Mark Start          Mark End        Relocate Start      Relocate End           High               Low         
[43.132s][info][gc,heap     ] GC(428)  Capacity:      512M (100%)        512M (100%)        512M (100%)        512M (100%)        512M (100%)        512M (100%)   
[43.132s][info][gc,heap     ] GC(428)      Free:      196M (38%)         112M (22%)         360M (70%)         370M (72%)         374M (73%)         108M (21%)    
[43.132s][info][gc,heap     ] GC(428)      Used:      316M (62%)         400M (78%)         152M (30%)         142M (28%)         404M (79%)         138M (27%)    
[43.132s][info][gc,heap     ] GC(428)      Live:         -                10M (2%)           10M (2%)           10M (2%)             -                  -          
[43.132s][info][gc,heap     ] GC(428) Allocated:         -                84M (16%)          98M (19%)         107M (21%)            -                  -          
[43.132s][info][gc,heap     ] GC(428)   Garbage:         -               305M (60%)          43M (9%)           23M (5%)             -                  -          
[43.132s][info][gc,heap     ] GC(428) Reclaimed:         -                  -               262M (51%)         281M (55%)            -                  -          
[43.132s][info][gc          ] GC(428) Garbage Collection (Allocation Rate) 316M(62%)->142M(28%)
[43.185s][info][gc,start    ] GC(429) Garbage Collection (Allocation Rate)
[43.185s][info][gc,task     ] GC(429) Using 5 workers
[43.185s][info][gc,phases   ] GC(429) Pause Mark Start 0.009ms
[43.201s][info][gc,phases   ] GC(429) Concurrent Mark 15.372ms
[43.201s][info][gc,phases   ] GC(429) Pause Mark End 0.013ms
[43.201s][info][gc,phases   ] GC(429) Concurrent Mark Free 0.001ms
[43.202s][info][gc,phases   ] GC(429) Concurrent Process Non-Strong References 1.134ms
[43.202s][info][gc,phases   ] GC(429) Concurrent Reset Relocation Set 0.002ms
[43.206s][info][gc,phases   ] GC(429) Concurrent Select Relocation Set 3.837ms
[43.206s][info][gc,phases   ] GC(429) Pause Relocate Start 0.005ms
[43.207s][info][gc,phases   ] GC(429) Concurrent Relocate 1.055ms
[43.207s][info][gc,load     ] GC(429) Load: 0.00/0.00/0.00
[43.207s][info][gc,mmu      ] GC(429) MMU: 2ms/98.6%, 5ms/99.5%, 10ms/99.6%, 20ms/99.8%, 50ms/99.9%, 100ms/99.9%
[43.207s][info][gc,marking  ] GC(429) Mark: 4 stripe(s), 2 proactive flush(es), 1 terminate flush(es), 0 completion(s), 0 continuation(s) 
[43.207s][info][gc,marking  ] GC(429) Mark Stack Usage: 32M
[43.207s][info][gc,nmethod  ] GC(429) NMethods: 1376 registered, 49 unregistered
[43.207s][info][gc,metaspace] GC(429) Metaspace: 8M used, 8M committed, 1088M reserved
[43.207s][info][gc,ref      ] GC(429) Soft: 174 encountered, 0 discovered, 0 enqueued
[43.207s][info][gc,ref      ] GC(429) Weak: 570 encountered, 161 discovered, 0 enqueued
[43.207s][info][gc,ref      ] GC(429) Final: 0 encountered, 0 discovered, 0 enqueued
[43.207s][info][gc,ref      ] GC(429) Phantom: 21 encountered, 17 discovered, 0 enqueued
[43.207s][info][gc,reloc    ] GC(429) Small Pages: 136 / 272M, Empty: 230M, Relocated: 1M, In-Place: 0
[43.208s][info][gc,reloc    ] GC(429) Medium Pages: 1 / 16M, Empty: 0M, Relocated: 0M, In-Place: 0
[43.208s][info][gc,reloc    ] GC(429) Large Pages: 0 / 0M, Empty: 0M, Relocated: 0M, In-Place: 0
[43.208s][info][gc,reloc    ] GC(429) Forwarding Usage: 0M
[43.208s][info][gc,heap     ] GC(429) Min Capacity: 8M(2%)
[43.208s][info][gc,heap     ] GC(429) Max Capacity: 512M(100%)
[43.208s][info][gc,heap     ] GC(429) Soft Max Capacity: 512M(100%)
[43.208s][info][gc,heap     ] GC(429)                Mark Start          Mark End        Relocate Start      Relocate End           High               Low         
[43.208s][info][gc,heap     ] GC(429)  Capacity:      512M (100%)        512M (100%)        512M (100%)        512M (100%)        512M (100%)        512M (100%)   
[43.208s][info][gc,heap     ] GC(429)      Free:      224M (44%)         186M (36%)         402M (79%)         418M (82%)         418M (82%)         182M (36%)    
[43.208s][info][gc,heap     ] GC(429)      Used:      288M (56%)         326M (64%)         110M (21%)          94M (18%)         330M (64%)          94M (18%)    
[43.208s][info][gc,heap     ] GC(429)      Live:         -                10M (2%)           10M (2%)           10M (2%)             -                  -          
[43.208s][info][gc,heap     ] GC(429) Allocated:         -                38M (7%)           52M (10%)          55M (11%)            -                  -          
[43.208s][info][gc,heap     ] GC(429)   Garbage:         -               277M (54%)          47M (9%)           27M (5%)             -                  -          
[43.208s][info][gc,heap     ] GC(429) Reclaimed:         -                  -               230M (45%)         249M (49%)            -                  -          
[43.208s][info][gc          ] GC(429) Garbage Collection (Allocation Rate) 288M(56%)->94M(18%)
[43.294s][info][gc,start    ] GC(430) Garbage Collection (Allocation Rate)
[43.295s][info][gc,task     ] GC(430) Using 5 workers
[43.295s][info][gc,phases   ] GC(430) Pause Mark Start 0.011ms
[43.326s][info][gc,phases   ] GC(430) Concurrent Mark 30.993ms
[43.326s][info][gc,phases   ] GC(430) Pause Mark End 0.013ms
[43.326s][info][gc,phases   ] GC(430) Concurrent Mark Free 0.001ms
[43.327s][info][gc,phases   ] GC(430) Concurrent Process Non-Strong References 1.047ms
[43.327s][info][gc,phases   ] GC(430) Concurrent Reset Relocation Set 0.002ms
[43.332s][info][gc,phases   ] GC(430) Concurrent Select Relocation Set 5.280ms
[43.332s][info][gc,phases   ] GC(430) Pause Relocate Start 0.007ms
[43.336s][info][gc,phases   ] GC(430) Concurrent Relocate 3.400ms
[43.336s][info][gc,load     ] GC(430) Load: 0.00/0.00/0.00
[43.336s][info][gc,mmu      ] GC(430) MMU: 2ms/98.6%, 5ms/99.5%, 10ms/99.6%, 20ms/99.8%, 50ms/99.9%, 100ms/99.9%
[43.336s][info][gc,marking  ] GC(430) Mark: 4 stripe(s), 3 proactive flush(es), 1 terminate flush(es), 0 completion(s), 0 continuation(s) 
[43.336s][info][gc,marking  ] GC(430) Mark Stack Usage: 32M
[43.336s][info][gc,nmethod  ] GC(430) NMethods: 1376 registered, 49 unregistered
[43.336s][info][gc,metaspace] GC(430) Metaspace: 8M used, 8M committed, 1088M reserved
[43.336s][info][gc,ref      ] GC(430) Soft: 174 encountered, 0 discovered, 0 enqueued
[43.336s][info][gc,ref      ] GC(430) Weak: 570 encountered, 105 discovered, 0 enqueued
[43.336s][info][gc,ref      ] GC(430) Final: 0 encountered, 0 discovered, 0 enqueued
[43.336s][info][gc,ref      ] GC(430) Phantom: 21 encountered, 18 discovered, 0 enqueued
[43.336s][info][gc,reloc    ] GC(430) Small Pages: 148 / 296M, Empty: 264M, Relocated: 3M, In-Place: 0
[43.336s][info][gc,reloc    ] GC(430) Medium Pages: 2 / 32M, Empty: 0M, Relocated: 0M, In-Place: 0
[43.336s][info][gc,reloc    ] GC(430) Large Pages: 0 / 0M, Empty: 0M, Relocated: 0M, In-Place: 0
[43.336s][info][gc,reloc    ] GC(430) Forwarding Usage: 1M
[43.336s][info][gc,heap     ] GC(430) Min Capacity: 8M(2%)
[43.336s][info][gc,heap     ] GC(430) Max Capacity: 512M(100%)
[43.336s][info][gc,heap     ] GC(430) Soft Max Capacity: 512M(100%)
[43.336s][info][gc,heap     ] GC(430)                Mark Start          Mark End        Relocate Start      Relocate End           High               Low         
[43.336s][info][gc,heap     ] GC(430)  Capacity:      512M (100%)        512M (100%)        512M (100%)        512M (100%)        512M (100%)        512M (100%)   
[43.336s][info][gc,heap     ] GC(430)      Free:      184M (36%)         100M (20%)         346M (68%)         368M (72%)         370M (72%)          96M (19%)    
[43.336s][info][gc,heap     ] GC(430)      Used:      328M (64%)         412M (80%)         166M (32%)         144M (28%)         416M (81%)         142M (28%)    
[43.337s][info][gc,heap     ] GC(430)      Live:         -                11M (2%)           11M (2%)           11M (2%)             -                  -          
[43.337s][info][gc,heap     ] GC(430) Allocated:         -                84M (16%)         102M (20%)         109M (21%)            -                  -          
[43.337s][info][gc,heap     ] GC(430)   Garbage:         -               316M (62%)          52M (10%)          22M (4%)             -                  -          
[43.337s][info][gc,heap     ] GC(430) Reclaimed:         -                  -               264M (52%)         293M (57%)            -                  -          
[43.337s][info][gc          ] GC(430) Garbage Collection (Allocation Rate) 328M(64%)->144M(28%)
[43.388s][info][gc,start    ] GC(431) Garbage Collection (Allocation Rate)
[43.388s][info][gc,task     ] GC(431) Using 5 workers
[43.388s][info][gc,phases   ] GC(431) Pause Mark Start 0.010ms
[43.419s][info][gc,phases   ] GC(431) Concurrent Mark 31.017ms
[43.420s][info][gc,phases   ] GC(431) Pause Mark End 0.013ms
[43.420s][info][gc,phases   ] GC(431) Concurrent Mark Free 0.001ms
[43.421s][info][gc,phases   ] GC(431) Concurrent Process Non-Strong References 1.136ms
[43.421s][info][gc,phases   ] GC(431) Concurrent Reset Relocation Set 0.002ms
[43.427s][info][gc,phases   ] GC(431) Concurrent Select Relocation Set 6.211ms
[43.427s][info][gc,phases   ] GC(431) Pause Relocate Start 0.006ms
[43.432s][info][gc,phases   ] GC(431) Concurrent Relocate 4.872ms
[43.432s][info][gc,load     ] GC(431) Load: 0.00/0.00/0.00
[43.432s][info][gc,mmu      ] GC(431) MMU: 2ms/98.6%, 5ms/99.5%, 10ms/99.6%, 20ms/99.8%, 50ms/99.9%, 100ms/99.9%
[43.432s][info][gc,marking  ] GC(431) Mark: 4 stripe(s), 3 proactive flush(es), 1 terminate flush(es), 0 completion(s), 0 continuation(s) 
[43.432s][info][gc,marking  ] GC(431) Mark Stack Usage: 32M
[43.432s][info][gc,nmethod  ] GC(431) NMethods: 1376 registered, 49 unregistered
[43.432s][info][gc,metaspace] GC(431) Metaspace: 8M used, 8M committed, 1088M reserved
[43.432s][info][gc,ref      ] GC(431) Soft: 174 encountered, 0 discovered, 0 enqueued
[43.432s][info][gc,ref      ] GC(431) Weak: 570 encountered, 194 discovered, 0 enqueued
[43.432s][info][gc,ref      ] GC(431) Final: 0 encountered, 0 discovered, 0 enqueued
[43.432s][info][gc,ref      ] GC(431) Phantom: 21 encountered, 12 discovered, 0 enqueued
[43.432s][info][gc,reloc    ] GC(431) Small Pages: 136 / 272M, Empty: 230M, Relocated: 6M, In-Place: 0
[43.432s][info][gc,reloc    ] GC(431) Medium Pages: 1 / 16M, Empty: 0M, Relocated: 0M, In-Place: 0
[43.432s][info][gc,reloc    ] GC(431) Large Pages: 0 / 0M, Empty: 0M, Relocated: 0M, In-Place: 0
[43.432s][info][gc,reloc    ] GC(431) Forwarding Usage: 2M
[43.433s][info][gc,heap     ] GC(431) Min Capacity: 8M(2%)
[43.433s][info][gc,heap     ] GC(431) Max Capacity: 512M(100%)
[43.433s][info][gc,heap     ] GC(431) Soft Max Capacity: 512M(100%)
[43.433s][info][gc,heap     ] GC(431)                Mark Start          Mark End        Relocate Start      Relocate End           High               Low         
[43.433s][info][gc,heap     ] GC(431)  Capacity:      512M (100%)        512M (100%)        512M (100%)        512M (100%)        512M (100%)        512M (100%)   
[43.433s][info][gc,heap     ] GC(431)      Free:      224M (44%)         142M (28%)         352M (69%)         366M (71%)         366M (71%)         138M (27%)    
[43.433s][info][gc,heap     ] GC(431)      Used:      288M (56%)         370M (72%)         160M (31%)         146M (29%)         374M (73%)         146M (29%)    
[43.433s][info][gc,heap     ] GC(431)      Live:         -                12M (2%)           12M (2%)           12M (2%)             -                  -          
[43.433s][info][gc,heap     ] GC(431) Allocated:         -                82M (16%)         102M (20%)         113M (22%)            -                  -          
[43.433s][info][gc,heap     ] GC(431)   Garbage:         -               275M (54%)          45M (9%)           19M (4%)             -                  -          
[43.433s][info][gc,heap     ] GC(431) Reclaimed:         -                  -               230M (45%)         255M (50%)            -                  -          
[43.433s][info][gc          ] GC(431) Garbage Collection (Allocation Rate) 288M(56%)->146M(29%)
[43.482s][info][gc,start    ] GC(432) Garbage Collection (Allocation Rate)
[43.482s][info][gc,task     ] GC(432) Using 5 workers
[43.482s][info][gc,phases   ] GC(432) Pause Mark Start 0.012ms
[43.513s][info][gc,phases   ] GC(432) Concurrent Mark 31.033ms
[43.513s][info][gc,phases   ] GC(432) Pause Mark End 0.015ms
[43.513s][info][gc,phases   ] GC(432) Concurrent Mark Free 0.001ms
[43.514s][info][gc,phases   ] GC(432) Concurrent Process Non-Strong References 1.043ms
[43.514s][info][gc,phases   ] GC(432) Concurrent Reset Relocation Set 0.003ms
[43.518s][info][gc,phases   ] GC(432) Concurrent Select Relocation Set 3.946ms
[43.519s][info][gc,phases   ] GC(432) Pause Relocate Start 0.007ms
[43.522s][info][gc,phases   ] GC(432) Concurrent Relocate 3.067ms
[43.522s][info][gc,load     ] GC(432) Load: 0.00/0.00/0.00
[43.522s][info][gc,mmu      ] GC(432) MMU: 2ms/98.6%, 5ms/99.5%, 10ms/99.6%, 20ms/99.8%, 50ms/99.9%, 100ms/99.9%
[43.522s][info][gc,marking  ] GC(432) Mark: 4 stripe(s), 2 proactive flush(es), 1 terminate flush(es), 0 completion(s), 0 continuation(s) 
[43.522s][info][gc,marking  ] GC(432) Mark Stack Usage: 32M
[43.522s][info][gc,nmethod  ] GC(432) NMethods: 1376 registered, 49 unregistered
[43.522s][info][gc,metaspace] GC(432) Metaspace: 8M used, 8M committed, 1088M reserved
[43.522s][info][gc,ref      ] GC(432) Soft: 174 encountered, 0 discovered, 0 enqueued
[43.522s][info][gc,ref      ] GC(432) Weak: 570 encountered, 78 discovered, 0 enqueued
[43.522s][info][gc,ref      ] GC(432) Final: 0 encountered, 0 discovered, 0 enqueued
[43.522s][info][gc,ref      ] GC(432) Phantom: 21 encountered, 15 discovered, 0 enqueued
[43.522s][info][gc,reloc    ] GC(432) Small Pages: 123 / 246M, Empty: 216M, Relocated: 3M, In-Place: 0
[43.522s][info][gc,reloc    ] GC(432) Medium Pages: 1 / 16M, Empty: 0M, Relocated: 0M, In-Place: 0
[43.522s][info][gc,reloc    ] GC(432) Large Pages: 0 / 0M, Empty: 0M, Relocated: 0M, In-Place: 0
[43.522s][info][gc,reloc    ] GC(432) Forwarding Usage: 1M
[43.522s][info][gc,heap     ] GC(432) Min Capacity: 8M(2%)
[43.522s][info][gc,heap     ] GC(432) Max Capacity: 512M(100%)
[43.522s][info][gc,heap     ] GC(432) Soft Max Capacity: 512M(100%)
[43.522s][info][gc,heap     ] GC(432)                Mark Start          Mark End        Relocate Start      Relocate End           High               Low         
[43.522s][info][gc,heap     ] GC(432)  Capacity:      512M (100%)        512M (100%)        512M (100%)        512M (100%)        512M (100%)        512M (100%)   
[43.522s][info][gc,heap     ] GC(432)      Free:      250M (49%)         164M (32%)         366M (71%)         366M (71%)         368M (72%)         162M (32%)    
[43.522s][info][gc,heap     ] GC(432)      Used:      262M (51%)         348M (68%)         146M (29%)         146M (29%)         350M (68%)         144M (28%)    
[43.522s][info][gc,heap     ] GC(432)      Live:         -                12M (3%)           12M (3%)           12M (3%)             -                  -          
[43.522s][info][gc,heap     ] GC(432) Allocated:         -                86M (17%)         100M (20%)         107M (21%)            -                  -          
[43.522s][info][gc,heap     ] GC(432)   Garbage:         -               249M (49%)          33M (6%)           25M (5%)             -                  -          
[43.522s][info][gc,heap     ] GC(432) Reclaimed:         -                  -               216M (42%)         223M (44%)            -                  -          
[43.522s][info][gc          ] GC(432) Garbage Collection (Allocation Rate) 262M(51%)->146M(29%)
[43.581s][info][gc,start    ] GC(433) Garbage Collection (Allocation Rate)
[43.581s][info][gc,task     ] GC(433) Using 5 workers
[43.581s][info][gc,phases   ] GC(433) Pause Mark Start 0.012ms
[43.596s][info][gc,phases   ] GC(433) Concurrent Mark 14.739ms
[43.596s][info][gc,phases   ] GC(433) Pause Mark End 0.011ms
[43.596s][info][gc,phases   ] GC(433) Concurrent Mark Free 0.001ms
[43.597s][info][gc,phases   ] GC(433) Concurrent Process Non-Strong References 0.810ms
[43.597s][info][gc,phases   ] GC(433) Concurrent Reset Relocation Set 0.002ms
[43.603s][info][gc,phases   ] GC(433) Concurrent Select Relocation Set 6.065ms
[43.603s][info][gc,phases   ] GC(433) Pause Relocate Start 0.006ms
[43.606s][info][gc,phases   ] GC(433) Concurrent Relocate 3.157ms
[43.606s][info][gc,load     ] GC(433) Load: 0.00/0.00/0.00
[43.606s][info][gc,mmu      ] GC(433) MMU: 2ms/98.6%, 5ms/99.5%, 10ms/99.6%, 20ms/99.8%, 50ms/99.9%, 100ms/99.9%
[43.606s][info][gc,marking  ] GC(433) Mark: 4 stripe(s), 2 proactive flush(es), 1 terminate flush(es), 0 completion(s), 0 continuation(s) 
[43.606s][info][gc,marking  ] GC(433) Mark Stack Usage: 32M
[43.606s][info][gc,nmethod  ] GC(433) NMethods: 1376 registered, 49 unregistered
[43.606s][info][gc,metaspace] GC(433) Metaspace: 8M used, 8M committed, 1088M reserved
[43.606s][info][gc,ref      ] GC(433) Soft: 174 encountered, 0 discovered, 0 enqueued
[43.606s][info][gc,ref      ] GC(433) Weak: 570 encountered, 3 discovered, 0 enqueued
[43.606s][info][gc,ref      ] GC(433) Final: 0 encountered, 0 discovered, 0 enqueued
[43.606s][info][gc,ref      ] GC(433) Phantom: 21 encountered, 17 discovered, 0 enqueued
[43.607s][info][gc,reloc    ] GC(433) Small Pages: 128 / 256M, Empty: 216M, Relocated: 5M, In-Place: 0
[43.607s][info][gc,reloc    ] GC(433) Medium Pages: 1 / 16M, Empty: 0M, Relocated: 0M, In-Place: 0
[43.607s][info][gc,reloc    ] GC(433) Large Pages: 0 / 0M, Empty: 0M, Relocated: 0M, In-Place: 0
[43.607s][info][gc,reloc    ] GC(433) Forwarding Usage: 2M
[43.607s][info][gc,heap     ] GC(433) Min Capacity: 8M(2%)
[43.607s][info][gc,heap     ] GC(433) Max Capacity: 512M(100%)
[43.607s][info][gc,heap     ] GC(433) Soft Max Capacity: 512M(100%)
[43.607s][info][gc,heap     ] GC(433)                Mark Start          Mark End        Relocate Start      Relocate End           High               Low         
[43.607s][info][gc,heap     ] GC(433)  Capacity:      512M (100%)        512M (100%)        512M (100%)        512M (100%)        512M (100%)        512M (100%)   
[43.607s][info][gc,heap     ] GC(433)      Free:      240M (47%)         222M (43%)         428M (84%)         442M (86%)         442M (86%)         222M (43%)    
[43.607s][info][gc,heap     ] GC(433)      Used:      272M (53%)         290M (57%)          84M (16%)          70M (14%)         290M (57%)          70M (14%)    
[43.607s][info][gc,heap     ] GC(433)      Live:         -                13M (3%)           13M (3%)           13M (3%)             -                  -          
[43.607s][info][gc,heap     ] GC(433) Allocated:         -                18M (4%)           28M (5%)           33M (7%)             -                  -          
[43.607s][info][gc,heap     ] GC(433)   Garbage:         -               258M (50%)          42M (8%)           22M (4%)             -                  -          
[43.607s][info][gc,heap     ] GC(433) Reclaimed:         -                  -               216M (42%)         235M (46%)            -                  -          
[43.607s][info][gc          ] GC(433) Garbage Collection (Allocation Rate) 272M(53%)->70M(14%)
[43.681s][info][gc,start    ] GC(434) Garbage Collection (Allocation Rate)
[43.681s][info][gc,task     ] GC(434) Using 5 workers
[43.681s][info][gc,phases   ] GC(434) Pause Mark Start 0.011ms
[43.699s][info][gc,phases   ] GC(434) Concurrent Mark 17.669ms
[43.699s][info][gc,phases   ] GC(434) Pause Mark End 0.013ms
[43.699s][info][gc,phases   ] GC(434) Concurrent Mark Free 0.001ms
[43.700s][info][gc,phases   ] GC(434) Concurrent Process Non-Strong References 0.820ms
[43.700s][info][gc,phases   ] GC(434) Concurrent Reset Relocation Set 0.003ms
[43.704s][info][gc,phases   ] GC(434) Concurrent Select Relocation Set 3.949ms
[43.704s][info][gc,phases   ] GC(434) Pause Relocate Start 0.004ms
[43.706s][info][gc,phases   ] GC(434) Concurrent Relocate 2.198ms
[43.706s][info][gc,load     ] GC(434) Load: 0.00/0.00/0.00
[43.706s][info][gc,mmu      ] GC(434) MMU: 2ms/98.6%, 5ms/99.5%, 10ms/99.6%, 20ms/99.8%, 50ms/99.9%, 100ms/99.9%
[43.706s][info][gc,marking  ] GC(434) Mark: 4 stripe(s), 2 proactive flush(es), 1 terminate flush(es), 0 completion(s), 0 continuation(s) 
[43.706s][info][gc,marking  ] GC(434) Mark Stack Usage: 32M
[43.706s][info][gc,nmethod  ] GC(434) NMethods: 1376 registered, 49 unregistered
[43.706s][info][gc,metaspace] GC(434) Metaspace: 8M used, 8M committed, 1088M reserved
[43.706s][info][gc,ref      ] GC(434) Soft: 174 encountered, 0 discovered, 0 enqueued
[43.706s][info][gc,ref      ] GC(434) Weak: 570 encountered, 50 discovered, 0 enqueued
[43.706s][info][gc,ref      ] GC(434) Final: 0 encountered, 0 discovered, 0 enqueued
[43.706s][info][gc,ref      ] GC(434) Phantom: 21 encountered, 11 discovered, 0 enqueued
[43.706s][info][gc,reloc    ] GC(434) Small Pages: 114 / 228M, Empty: 202M, Relocated: 3M, In-Place: 0
[43.706s][info][gc,reloc    ] GC(434) Medium Pages: 2 / 32M, Empty: 0M, Relocated: 1M, In-Place: 0
[43.706s][info][gc,reloc    ] GC(434) Large Pages: 0 / 0M, Empty: 0M, Relocated: 0M, In-Place: 0
[43.706s][info][gc,reloc    ] GC(434) Forwarding Usage: 1M
[43.706s][info][gc,heap     ] GC(434) Min Capacity: 8M(2%)
[43.706s][info][gc,heap     ] GC(434) Max Capacity: 512M(100%)
[43.706s][info][gc,heap     ] GC(434) Soft Max Capacity: 512M(100%)
[43.706s][info][gc,heap     ] GC(434)                Mark Start          Mark End        Relocate Start      Relocate End           High               Low         
[43.707s][info][gc,heap     ] GC(434)  Capacity:      512M (100%)        512M (100%)        512M (100%)        512M (100%)        512M (100%)        512M (100%)   
[43.707s][info][gc,heap     ] GC(434)      Free:      252M (49%)         228M (45%)         418M (82%)         430M (84%)         430M (84%)         228M (45%)    
[43.707s][info][gc,heap     ] GC(434)      Used:      260M (51%)         284M (55%)          94M (18%)          82M (16%)         284M (55%)          82M (16%)    
[43.707s][info][gc,heap     ] GC(434)      Live:         -                14M (3%)           14M (3%)           14M (3%)             -                  -          
[43.707s][info][gc,heap     ] GC(434) Allocated:         -                24M (5%)           36M (7%)           41M (8%)             -                  -          
[43.707s][info][gc,heap     ] GC(434)   Garbage:         -               245M (48%)          43M (8%)           25M (5%)             -                  -          
[43.707s][info][gc,heap     ] GC(434) Reclaimed:         -                  -               202M (39%)         219M (43%)            -                  -          
[43.707s][info][gc          ] GC(434) Garbage Collection (Allocation Rate) 260M(51%)->82M(16%)
[43.780s][info][gc,start    ] GC(435) Garbage Collection (Allocation Rate)
[43.780s][info][gc,task     ] GC(435) Using 5 workers
[43.781s][info][gc,phases   ] GC(435) Pause Mark Start 0.012ms
[43.796s][info][gc,phases   ] GC(435) Concurrent Mark 15.710ms
[43.796s][info][gc,phases   ] GC(435) Pause Mark End 0.015ms
[43.797s][info][gc,phases   ] GC(435) Concurrent Mark Free 0.001ms
[43.797s][info][gc,phases   ] GC(435) Concurrent Process Non-Strong References 0.875ms
[43.798s][info][gc,phases   ] GC(435) Concurrent Reset Relocation Set 0.002ms
[43.804s][info][gc,phases   ] GC(435) Concurrent Select Relocation Set 6.246ms
[43.804s][info][gc,phases   ] GC(435) Pause Relocate Start 0.005ms
[43.807s][info][gc,phases   ] GC(435) Concurrent Relocate 3.134ms
[43.807s][info][gc,load     ] GC(435) Load: 0.00/0.00/0.00
[43.807s][info][gc,mmu      ] GC(435) MMU: 2ms/98.6%, 5ms/99.5%, 10ms/99.6%, 20ms/99.8%, 50ms/99.9%, 100ms/99.9%
[43.807s][info][gc,marking  ] GC(435) Mark: 4 stripe(s), 2 proactive flush(es), 1 terminate flush(es), 0 completion(s), 0 continuation(s) 
[43.807s][info][gc,marking  ] GC(435) Mark Stack Usage: 32M
[43.807s][info][gc,nmethod  ] GC(435) NMethods: 1376 registered, 49 unregistered
[43.807s][info][gc,metaspace] GC(435) Metaspace: 8M used, 8M committed, 1088M reserved
[43.807s][info][gc,ref      ] GC(435) Soft: 174 encountered, 0 discovered, 0 enqueued
[43.807s][info][gc,ref      ] GC(435) Weak: 570 encountered, 190 discovered, 0 enqueued
[43.807s][info][gc,ref      ] GC(435) Final: 0 encountered, 0 discovered, 0 enqueued
[43.807s][info][gc,ref      ] GC(435) Phantom: 21 encountered, 12 discovered, 0 enqueued
[43.807s][info][gc,reloc    ] GC(435) Small Pages: 126 / 252M, Empty: 212M, Relocated: 4M, In-Place: 0
[43.807s][info][gc,reloc    ] GC(435) Medium Pages: 2 / 32M, Empty: 0M, Relocated: 1M, In-Place: 0
[43.807s][info][gc,reloc    ] GC(435) Large Pages: 0 / 0M, Empty: 0M, Relocated: 0M, In-Place: 0
[43.808s][info][gc,reloc    ] GC(435) Forwarding Usage: 2M
[43.808s][info][gc,heap     ] GC(435) Min Capacity: 8M(2%)
[43.808s][info][gc,heap     ] GC(435) Max Capacity: 512M(100%)
[43.808s][info][gc,heap     ] GC(435) Soft Max Capacity: 512M(100%)
[43.808s][info][gc,heap     ] GC(435)                Mark Start          Mark End        Relocate Start      Relocate End           High               Low         
[43.808s][info][gc,heap     ] GC(435)  Capacity:      512M (100%)        512M (100%)        512M (100%)        512M (100%)        512M (100%)        512M (100%)   
[43.808s][info][gc,heap     ] GC(435)      Free:      228M (45%)         186M (36%)         378M (74%)         404M (79%)         404M (79%)         184M (36%)    
[43.808s][info][gc,heap     ] GC(435)      Used:      284M (55%)         326M (64%)         134M (26%)         108M (21%)         328M (64%)         108M (21%)    
[43.808s][info][gc,heap     ] GC(435)      Live:         -                14M (3%)           14M (3%)           14M (3%)             -                  -          
[43.808s][info][gc,heap     ] GC(435) Allocated:         -                42M (8%)           62M (12%)          69M (14%)            -                  -          
[43.808s][info][gc,heap     ] GC(435)   Garbage:         -               269M (53%)          57M (11%)          23M (5%)             -                  -          
[43.808s][info][gc,heap     ] GC(435) Reclaimed:         -                  -               212M (41%)         245M (48%)            -                  -          
[43.808s][info][gc          ] GC(435) Garbage Collection (Allocation Rate) 284M(55%)->108M(21%)
[43.880s][info][gc,start    ] GC(436) Garbage Collection (Allocation Rate)
[43.880s][info][gc,task     ] GC(436) Using 5 workers
[43.880s][info][gc,phases   ] GC(436) Pause Mark Start 0.010ms
[43.899s][info][gc,phases   ] GC(436) Concurrent Mark 18.755ms
[43.899s][info][gc,phases   ] GC(436) Pause Mark End 0.010ms
[43.899s][info][gc,phases   ] GC(436) Concurrent Mark Free 0.001ms
[43.900s][info][gc,phases   ] GC(436) Concurrent Process Non-Strong References 0.836ms
[43.900s][info][gc,phases   ] GC(436) Concurrent Reset Relocation Set 0.002ms
[43.907s][info][gc,phases   ] GC(436) Concurrent Select Relocation Set 7.127ms
[43.908s][info][gc,phases   ] GC(436) Pause Relocate Start 0.005ms
[43.912s][info][gc,phases   ] GC(436) Concurrent Relocate 4.807ms
[43.912s][info][gc,load     ] GC(436) Load: 0.00/0.00/0.00
[43.912s][info][gc,mmu      ] GC(436) MMU: 2ms/98.6%, 5ms/99.5%, 10ms/99.6%, 20ms/99.8%, 50ms/99.9%, 100ms/99.9%
[43.913s][info][gc,marking  ] GC(436) Mark: 4 stripe(s), 2 proactive flush(es), 1 terminate flush(es), 0 completion(s), 0 continuation(s) 
[43.913s][info][gc,marking  ] GC(436) Mark Stack Usage: 32M
[43.913s][info][gc,nmethod  ] GC(436) NMethods: 1376 registered, 49 unregistered
[43.913s][info][gc,metaspace] GC(436) Metaspace: 8M used, 8M committed, 1088M reserved
[43.913s][info][gc,ref      ] GC(436) Soft: 174 encountered, 0 discovered, 0 enqueued
[43.913s][info][gc,ref      ] GC(436) Weak: 570 encountered, 157 discovered, 0 enqueued
[43.913s][info][gc,ref      ] GC(436) Final: 0 encountered, 0 discovered, 0 enqueued
[43.913s][info][gc,ref      ] GC(436) Phantom: 21 encountered, 18 discovered, 0 enqueued
[43.913s][info][gc,reloc    ] GC(436) Small Pages: 145 / 290M, Empty: 248M, Relocated: 6M, In-Place: 0
[43.913s][info][gc,reloc    ] GC(436) Medium Pages: 1 / 16M, Empty: 0M, Relocated: 0M, In-Place: 0
[43.913s][info][gc,reloc    ] GC(436) Large Pages: 0 / 0M, Empty: 0M, Relocated: 0M, In-Place: 0
[43.913s][info][gc,reloc    ] GC(436) Forwarding Usage: 2M
[43.913s][info][gc,heap     ] GC(436) Min Capacity: 8M(2%)
[43.913s][info][gc,heap     ] GC(436) Max Capacity: 512M(100%)
[43.913s][info][gc,heap     ] GC(436) Soft Max Capacity: 512M(100%)
[43.913s][info][gc,heap     ] GC(436)                Mark Start          Mark End        Relocate Start      Relocate End           High               Low         
[43.913s][info][gc,heap     ] GC(436)  Capacity:      512M (100%)        512M (100%)        512M (100%)        512M (100%)        512M (100%)        512M (100%)   
[43.913s][info][gc,heap     ] GC(436)      Free:      206M (40%)         158M (31%)         384M (75%)         392M (77%)         396M (77%)         156M (30%)    
[43.913s][info][gc,heap     ] GC(436)      Used:      306M (60%)         354M (69%)         128M (25%)         120M (23%)         356M (70%)         116M (23%)    
[43.913s][info][gc,heap     ] GC(436)      Live:         -                15M (3%)           15M (3%)           15M (3%)             -                  -          
[43.913s][info][gc,heap     ] GC(436) Allocated:         -                48M (9%)           70M (14%)          83M (16%)            -                  -          
[43.913s][info][gc,heap     ] GC(436)   Garbage:         -               290M (57%)          42M (8%)           20M (4%)             -                  -          
[43.913s][info][gc,heap     ] GC(436) Reclaimed:         -                  -               248M (48%)         269M (53%)            -                  -          
[43.913s][info][gc          ] GC(436) Garbage Collection (Allocation Rate) 306M(60%)->120M(23%)
[43.980s][info][gc,start    ] GC(437) Garbage Collection (Allocation Rate)
[43.980s][info][gc,task     ] GC(437) Using 5 workers
[43.980s][info][gc,phases   ] GC(437) Pause Mark Start 0.012ms
[44.001s][info][gc,phases   ] GC(437) Concurrent Mark 20.679ms
[44.001s][info][gc,phases   ] GC(437) Pause Mark End 0.011ms
[44.001s][info][gc,phases   ] GC(437) Concurrent Mark Free 0.001ms
[44.002s][info][gc,phases   ] GC(437) Concurrent Process Non-Strong References 0.827ms
[44.002s][info][gc,phases   ] GC(437) Concurrent Reset Relocation Set 0.003ms
[44.006s][info][gc,phases   ] GC(437) Concurrent Select Relocation Set 4.059ms
[44.006s][info][gc,phases   ] GC(437) Pause Relocate Start 0.005ms
[44.009s][info][gc,phases   ] GC(437) Concurrent Relocate 2.199ms
[44.009s][info][gc,load     ] GC(437) Load: 0.00/0.00/0.00
[44.009s][info][gc,mmu      ] GC(437) MMU: 2ms/98.6%, 5ms/99.5%, 10ms/99.6%, 20ms/99.8%, 50ms/99.9%, 100ms/99.9%
[44.009s][info][gc,marking  ] GC(437) Mark: 4 stripe(s), 2 proactive flush(es), 1 terminate flush(es), 0 completion(s), 0 continuation(s) 
[44.009s][info][gc,marking  ] GC(437) Mark Stack Usage: 32M
[44.009s][info][gc,nmethod  ] GC(437) NMethods: 1376 registered, 49 unregistered
[44.009s][info][gc,metaspace] GC(437) Metaspace: 8M used, 8M committed, 1088M reserved
[44.009s][info][gc,ref      ] GC(437) Soft: 174 encountered, 0 discovered, 0 enqueued
[44.009s][info][gc,ref      ] GC(437) Weak: 570 encountered, 151 discovered, 0 enqueued
[44.009s][info][gc,ref      ] GC(437) Final: 0 encountered, 0 discovered, 0 enqueued
[44.009s][info][gc,ref      ] GC(437) Phantom: 21 encountered, 14 discovered, 0 enqueued
[44.009s][info][gc,reloc    ] GC(437) Small Pages: 128 / 256M, Empty: 218M, Relocated: 3M, In-Place: 0
[44.009s][info][gc,reloc    ] GC(437) Medium Pages: 2 / 32M, Empty: 0M, Relocated: 1M, In-Place: 0
[44.009s][info][gc,reloc    ] GC(437) Large Pages: 0 / 0M, Empty: 0M, Relocated: 0M, In-Place: 0
[44.009s][info][gc,reloc    ] GC(437) Forwarding Usage: 1M
[44.009s][info][gc,heap     ] GC(437) Min Capacity: 8M(2%)
[44.009s][info][gc,heap     ] GC(437) Max Capacity: 512M(100%)
[44.009s][info][gc,heap     ] GC(437) Soft Max Capacity: 512M(100%)
[44.009s][info][gc,heap     ] GC(437)                Mark Start          Mark End        Relocate Start      Relocate End           High               Low         
[44.009s][info][gc,heap     ] GC(437)  Capacity:      512M (100%)        512M (100%)        512M (100%)        512M (100%)        512M (100%)        512M (100%)   
[44.009s][info][gc,heap     ] GC(437)      Free:      224M (44%)         168M (33%)         374M (73%)         398M (78%)         398M (78%)         164M (32%)    
[44.009s][info][gc,heap     ] GC(437)      Used:      288M (56%)         344M (67%)         138M (27%)         114M (22%)         348M (68%)         114M (22%)    
[44.009s][info][gc,heap     ] GC(437)      Live:         -                16M (3%)           16M (3%)           16M (3%)             -                  -          
[44.009s][info][gc,heap     ] GC(437) Allocated:         -                56M (11%)          68M (13%)          73M (14%)            -                  -          
[44.009s][info][gc,heap     ] GC(437)   Garbage:         -               271M (53%)          53M (10%)          23M (5%)             -                  -          
[44.009s][info][gc,heap     ] GC(437) Reclaimed:         -                  -               218M (43%)         247M (48%)            -                  -          
[44.009s][info][gc          ] GC(437) Garbage Collection (Allocation Rate) 288M(56%)->114M(22%)
[44.080s][info][gc,start    ] GC(438) Garbage Collection (Allocation Rate)
[44.080s][info][gc,task     ] GC(438) Using 5 workers
[44.080s][info][gc,phases   ] GC(438) Pause Mark Start 0.010ms
[44.100s][info][gc,phases   ] GC(438) Concurrent Mark 19.730ms
[44.100s][info][gc,phases   ] GC(438) Pause Mark End 0.011ms
[44.100s][info][gc,phases   ] GC(438) Concurrent Mark Free 0.001ms
[44.101s][info][gc,phases   ] GC(438) Concurrent Process Non-Strong References 0.820ms
[44.101s][info][gc,phases   ] GC(438) Concurrent Reset Relocation Set 0.002ms
[44.107s][info][gc,phases   ] GC(438) Concurrent Select Relocation Set 6.449ms
[44.108s][info][gc,phases   ] GC(438) Pause Relocate Start 0.005ms
[44.111s][info][gc,phases   ] GC(438) Concurrent Relocate 3.024ms
[44.111s][info][gc,load     ] GC(438) Load: 0.00/0.00/0.00
[44.111s][info][gc,mmu      ] GC(438) MMU: 2ms/98.6%, 5ms/99.5%, 10ms/99.6%, 20ms/99.8%, 50ms/99.9%, 100ms/99.9%
[44.111s][info][gc,marking  ] GC(438) Mark: 4 stripe(s), 4 proactive flush(es), 1 terminate flush(es), 0 completion(s), 0 continuation(s) 
[44.111s][info][gc,marking  ] GC(438) Mark Stack Usage: 32M
[44.111s][info][gc,nmethod  ] GC(438) NMethods: 1376 registered, 49 unregistered
[44.111s][info][gc,metaspace] GC(438) Metaspace: 8M used, 8M committed, 1088M reserved
[44.111s][info][gc,ref      ] GC(438) Soft: 174 encountered, 0 discovered, 0 enqueued
[44.111s][info][gc,ref      ] GC(438) Weak: 570 encountered, 151 discovered, 0 enqueued
[44.111s][info][gc,ref      ] GC(438) Final: 0 encountered, 0 discovered, 0 enqueued
[44.111s][info][gc,ref      ] GC(438) Phantom: 21 encountered, 12 discovered, 0 enqueued
[44.111s][info][gc,reloc    ] GC(438) Small Pages: 146 / 292M, Empty: 250M, Relocated: 5M, In-Place: 0
[44.111s][info][gc,reloc    ] GC(438) Medium Pages: 1 / 16M, Empty: 0M, Relocated: 0M, In-Place: 0
[44.111s][info][gc,reloc    ] GC(438) Large Pages: 0 / 0M, Empty: 0M, Relocated: 0M, In-Place: 0
[44.111s][info][gc,reloc    ] GC(438) Forwarding Usage: 2M
[44.111s][info][gc,heap     ] GC(438) Min Capacity: 8M(2%)
[44.111s][info][gc,heap     ] GC(438) Max Capacity: 512M(100%)
[44.111s][info][gc,heap     ] GC(438) Soft Max Capacity: 512M(100%)
[44.111s][info][gc,heap     ] GC(438)                Mark Start          Mark End        Relocate Start      Relocate End           High               Low         
[44.111s][info][gc,heap     ] GC(438)  Capacity:      512M (100%)        512M (100%)        512M (100%)        512M (100%)        512M (100%)        512M (100%)   
[44.111s][info][gc,heap     ] GC(438)      Free:      204M (40%)         152M (30%)         384M (75%)         394M (77%)         394M (77%)         150M (29%)    
[44.111s][info][gc,heap     ] GC(438)      Used:      308M (60%)         360M (70%)         128M (25%)         118M (23%)         362M (71%)         118M (23%)    
[44.111s][info][gc,heap     ] GC(438)      Live:         -                17M (3%)           17M (3%)           17M (3%)             -                  -          
[44.111s][info][gc,heap     ] GC(438) Allocated:         -                52M (10%)          70M (14%)          77M (15%)            -                  -          
[44.111s][info][gc,heap     ] GC(438)   Garbage:         -               290M (57%)          40M (8%)           22M (4%)             -                  -          
[44.111s][info][gc,heap     ] GC(438) Reclaimed:         -                  -               250M (49%)         267M (52%)            -                  -          
[44.111s][info][gc          ] GC(438) Garbage Collection (Allocation Rate) 308M(60%)->118M(23%)
[44.181s][info][gc,start    ] GC(439) Garbage Collection (Allocation Rate)
[44.181s][info][gc,task     ] GC(439) Using 5 workers
[44.181s][info][gc,phases   ] GC(439) Pause Mark Start 0.010ms
[44.203s][info][gc,phases   ] GC(439) Concurrent Mark 21.745ms
[44.203s][info][gc,phases   ] GC(439) Pause Mark End 0.012ms
[44.203s][info][gc,phases   ] GC(439) Concurrent Mark Free 0.001ms
[44.204s][info][gc,phases   ] GC(439) Concurrent Process Non-Strong References 0.874ms
[44.204s][info][gc,phases   ] GC(439) Concurrent Reset Relocation Set 0.002ms
[44.211s][info][gc,phases   ] GC(439) Concurrent Select Relocation Set 7.559ms
[44.212s][info][gc,phases   ] GC(439) Pause Relocate Start 0.006ms
[44.216s][info][gc,phases   ] GC(439) Concurrent Relocate 4.747ms
[44.216s][info][gc,load     ] GC(439) Load: 0.00/0.00/0.00
[44.216s][info][gc,mmu      ] GC(439) MMU: 2ms/98.6%, 5ms/99.5%, 10ms/99.6%, 20ms/99.8%, 50ms/99.9%, 100ms/99.9%
[44.216s][info][gc,marking  ] GC(439) Mark: 4 stripe(s), 2 proactive flush(es), 1 terminate flush(es), 0 completion(s), 0 continuation(s) 
[44.217s][info][gc,marking  ] GC(439) Mark Stack Usage: 32M
[44.217s][info][gc,nmethod  ] GC(439) NMethods: 1376 registered, 49 unregistered
[44.217s][info][gc,metaspace] GC(439) Metaspace: 8M used, 8M committed, 1088M reserved
[44.217s][info][gc,ref      ] GC(439) Soft: 174 encountered, 0 discovered, 0 enqueued
[44.217s][info][gc,ref      ] GC(439) Weak: 570 encountered, 198 discovered, 0 enqueued
[44.217s][info][gc,ref      ] GC(439) Final: 0 encountered, 0 discovered, 0 enqueued
[44.217s][info][gc,ref      ] GC(439) Phantom: 21 encountered, 12 discovered, 0 enqueued
[44.217s][info][gc,reloc    ] GC(439) Small Pages: 136 / 272M, Empty: 236M, Relocated: 6M, In-Place: 0
[44.217s][info][gc,reloc    ] GC(439) Medium Pages: 1 / 16M, Empty: 0M, Relocated: 0M, In-Place: 0
[44.217s][info][gc,reloc    ] GC(439) Large Pages: 0 / 0M, Empty: 0M, Relocated: 0M, In-Place: 0
[44.217s][info][gc,reloc    ] GC(439) Forwarding Usage: 3M
[44.217s][info][gc,heap     ] GC(439) Min Capacity: 8M(2%)
[44.217s][info][gc,heap     ] GC(439) Max Capacity: 512M(100%)
[44.217s][info][gc,heap     ] GC(439) Soft Max Capacity: 512M(100%)
[44.217s][info][gc,heap     ] GC(439)                Mark Start          Mark End        Relocate Start      Relocate End           High               Low         
[44.217s][info][gc,heap     ] GC(439)  Capacity:      512M (100%)        512M (100%)        512M (100%)        512M (100%)        512M (100%)        512M (100%)   
[44.217s][info][gc,heap     ] GC(439)      Free:      224M (44%)         164M (32%)         378M (74%)         378M (74%)         388M (76%)         162M (32%)    
[44.217s][info][gc,heap     ] GC(439)      Used:      288M (56%)         348M (68%)         134M (26%)         134M (26%)         350M (68%)         124M (24%)    
[44.217s][info][gc,heap     ] GC(439)      Live:         -                17M (3%)           17M (3%)           17M (3%)             -                  -          
[44.217s][info][gc,heap     ] GC(439) Allocated:         -                60M (12%)          82M (16%)          93M (18%)            -                  -          
[44.217s][info][gc,heap     ] GC(439)   Garbage:         -               270M (53%)          34M (7%)           22M (4%)             -                  -          
[44.217s][info][gc,heap     ] GC(439) Reclaimed:         -                  -               236M (46%)         247M (48%)            -                  -          
[44.217s][info][gc          ] GC(439) Garbage Collection (Allocation Rate) 288M(56%)->134M(26%)
[44.281s][info][gc,start    ] GC(440) Garbage Collection (Allocation Rate)
[44.281s][info][gc,task     ] GC(440) Using 5 workers
[44.281s][info][gc,phases   ] GC(440) Pause Mark Start 0.009ms
[44.305s][info][gc,phases   ] GC(440) Concurrent Mark 23.713ms
[44.305s][info][gc,phases   ] GC(440) Pause Mark End 0.011ms
[44.305s][info][gc,phases   ] GC(440) Concurrent Mark Free 0.001ms
[44.306s][info][gc,phases   ] GC(440) Concurrent Process Non-Strong References 0.844ms
[44.306s][info][gc,phases   ] GC(440) Concurrent Reset Relocation Set 0.002ms
[44.310s][info][gc,phases   ] GC(440) Concurrent Select Relocation Set 4.272ms
[44.310s][info][gc,phases   ] GC(440) Pause Relocate Start 0.005ms
[44.312s][info][gc,phases   ] GC(440) Concurrent Relocate 1.807ms
[44.312s][info][gc,load     ] GC(440) Load: 0.00/0.00/0.00
[44.312s][info][gc,mmu      ] GC(440) MMU: 2ms/98.6%, 5ms/99.5%, 10ms/99.6%, 20ms/99.8%, 50ms/99.9%, 100ms/99.9%
[44.312s][info][gc,marking  ] GC(440) Mark: 4 stripe(s), 2 proactive flush(es), 1 terminate flush(es), 0 completion(s), 0 continuation(s) 
[44.312s][info][gc,marking  ] GC(440) Mark Stack Usage: 32M
[44.312s][info][gc,nmethod  ] GC(440) NMethods: 1376 registered, 49 unregistered
[44.312s][info][gc,metaspace] GC(440) Metaspace: 8M used, 8M committed, 1088M reserved
[44.312s][info][gc,ref      ] GC(440) Soft: 174 encountered, 0 discovered, 0 enqueued
[44.312s][info][gc,ref      ] GC(440) Weak: 570 encountered, 141 discovered, 0 enqueued
[44.312s][info][gc,ref      ] GC(440) Final: 0 encountered, 0 discovered, 0 enqueued
[44.312s][info][gc,ref      ] GC(440) Phantom: 21 encountered, 13 discovered, 0 enqueued
[44.312s][info][gc,reloc    ] GC(440) Small Pages: 147 / 294M, Empty: 250M, Relocated: 1M, In-Place: 0
[44.312s][info][gc,reloc    ] GC(440) Medium Pages: 1 / 16M, Empty: 0M, Relocated: 0M, In-Place: 0
[44.312s][info][gc,reloc    ] GC(440) Large Pages: 0 / 0M, Empty: 0M, Relocated: 0M, In-Place: 0
[44.312s][info][gc,reloc    ] GC(440) Forwarding Usage: 0M
[44.312s][info][gc,heap     ] GC(440) Min Capacity: 8M(2%)
[44.312s][info][gc,heap     ] GC(440) Max Capacity: 512M(100%)
[44.312s][info][gc,heap     ] GC(440) Soft Max Capacity: 512M(100%)
[44.312s][info][gc,heap     ] GC(440)                Mark Start          Mark End        Relocate Start      Relocate End           High               Low         
[44.312s][info][gc,heap     ] GC(440)  Capacity:      512M (100%)        512M (100%)        512M (100%)        512M (100%)        512M (100%)        512M (100%)   
[44.312s][info][gc,heap     ] GC(440)      Free:      202M (39%)         138M (27%)         376M (73%)         386M (75%)         388M (76%)         136M (27%)    
[44.313s][info][gc,heap     ] GC(440)      Used:      310M (61%)         374M (73%)         136M (27%)         126M (25%)         376M (73%)         124M (24%)    
[44.313s][info][gc,heap     ] GC(440)      Live:         -                18M (4%)           18M (4%)           18M (4%)             -                  -          
[44.313s][info][gc,heap     ] GC(440) Allocated:         -                64M (13%)          76M (15%)          79M (16%)            -                  -          
[44.313s][info][gc,heap     ] GC(440)   Garbage:         -               291M (57%)          41M (8%)           27M (5%)             -                  -          
[44.313s][info][gc,heap     ] GC(440) Reclaimed:         -                  -               250M (49%)         263M (52%)            -                  -          
[44.313s][info][gc          ] GC(440) Garbage Collection (Allocation Rate) 310M(61%)->126M(25%)
[44.380s][info][gc,start    ] GC(441) Garbage Collection (Allocation Rate)
[44.381s][info][gc,task     ] GC(441) Using 5 workers
[44.381s][info][gc,phases   ] GC(441) Pause Mark Start 0.012ms
[44.401s][info][gc,phases   ] GC(441) Concurrent Mark 20.450ms
[44.401s][info][gc,phases   ] GC(441) Pause Mark End 0.013ms
[44.401s][info][gc,phases   ] GC(441) Concurrent Mark Free 0.001ms
[44.402s][info][gc,phases   ] GC(441) Concurrent Process Non-Strong References 0.801ms
[44.402s][info][gc,phases   ] GC(441) Concurrent Reset Relocation Set 0.002ms
[44.406s][info][gc,phases   ] GC(441) Concurrent Select Relocation Set 3.738ms
[44.406s][info][gc,phases   ] GC(441) Pause Relocate Start 0.006ms
[44.408s][info][gc,phases   ] GC(441) Concurrent Relocate 1.989ms
[44.408s][info][gc,load     ] GC(441) Load: 0.00/0.00/0.00
[44.408s][info][gc,mmu      ] GC(441) MMU: 2ms/98.6%, 5ms/99.5%, 10ms/99.6%, 20ms/99.8%, 50ms/99.9%, 100ms/99.9%
[44.408s][info][gc,marking  ] GC(441) Mark: 4 stripe(s), 2 proactive flush(es), 1 terminate flush(es), 0 completion(s), 0 continuation(s) 
[44.408s][info][gc,marking  ] GC(441) Mark Stack Usage: 32M
[44.408s][info][gc,nmethod  ] GC(441) NMethods: 1376 registered, 49 unregistered
[44.408s][info][gc,metaspace] GC(441) Metaspace: 8M used, 8M committed, 1088M reserved
[44.408s][info][gc,ref      ] GC(441) Soft: 174 encountered, 0 discovered, 0 enqueued
[44.408s][info][gc,ref      ] GC(441) Weak: 570 encountered, 50 discovered, 0 enqueued
[44.409s][info][gc,ref      ] GC(441) Final: 0 encountered, 0 discovered, 0 enqueued
[44.409s][info][gc,ref      ] GC(441) Phantom: 21 encountered, 12 discovered, 0 enqueued
[44.409s][info][gc,reloc    ] GC(441) Small Pages: 120 / 240M, Empty: 210M, Relocated: 1M, In-Place: 0
[44.409s][info][gc,reloc    ] GC(441) Medium Pages: 2 / 32M, Empty: 0M, Relocated: 2M, In-Place: 0
[44.409s][info][gc,reloc    ] GC(441) Large Pages: 0 / 0M, Empty: 0M, Relocated: 0M, In-Place: 0
[44.409s][info][gc,reloc    ] GC(441) Forwarding Usage: 0M
[44.409s][info][gc,heap     ] GC(441) Min Capacity: 8M(2%)
[44.409s][info][gc,heap     ] GC(441) Max Capacity: 512M(100%)
[44.409s][info][gc,heap     ] GC(441) Soft Max Capacity: 512M(100%)
[44.409s][info][gc,heap     ] GC(441)                Mark Start          Mark End        Relocate Start      Relocate End           High               Low         
[44.409s][info][gc,heap     ] GC(441)  Capacity:      512M (100%)        512M (100%)        512M (100%)        512M (100%)        512M (100%)        512M (100%)   
[44.409s][info][gc,heap     ] GC(441)      Free:      240M (47%)         216M (42%)         424M (83%)         442M (86%)         442M (86%)         216M (42%)    
[44.409s][info][gc,heap     ] GC(441)      Used:      272M (53%)         296M (58%)          88M (17%)          70M (14%)         296M (58%)          70M (14%)    
[44.409s][info][gc,heap     ] GC(441)      Live:         -                20M (4%)           20M (4%)           20M (4%)             -                  -          
[44.409s][info][gc,heap     ] GC(441) Allocated:         -                24M (5%)           26M (5%)           26M (5%)             -                  -          
[44.409s][info][gc,heap     ] GC(441)   Garbage:         -               251M (49%)          41M (8%)           23M (5%)             -                  -          
[44.409s][info][gc,heap     ] GC(441) Reclaimed:         -                  -               210M (41%)         228M (45%)            -                  -          
[44.409s][info][gc          ] GC(441) Garbage Collection (Allocation Rate) 272M(53%)->70M(14%)
[44.495s][info][gc,start    ] GC(442) Garbage Collection (Allocation Rate)
[44.495s][info][gc,task     ] GC(442) Using 5 workers
[44.495s][info][gc,phases   ] GC(442) Pause Mark Start 0.014ms
[44.519s][info][gc,phases   ] GC(442) Concurrent Mark 23.447ms
[44.519s][info][gc,phases   ] GC(442) Pause Mark End 0.013ms
[44.519s][info][gc,phases   ] GC(442) Concurrent Mark Free 0.001ms
[44.520s][info][gc,phases   ] GC(442) Concurrent Process Non-Strong References 0.876ms
[44.520s][info][gc,phases   ] GC(442) Concurrent Reset Relocation Set 0.001ms
[44.525s][info][gc,phases   ] GC(442) Concurrent Select Relocation Set 5.060ms
[44.525s][info][gc,phases   ] GC(442) Pause Relocate Start 0.005ms
[44.527s][info][gc,phases   ] GC(442) Concurrent Relocate 2.106ms
[44.527s][info][gc,load     ] GC(442) Load: 0.00/0.00/0.00
[44.527s][info][gc,mmu      ] GC(442) MMU: 2ms/98.6%, 5ms/99.5%, 10ms/99.6%, 20ms/99.8%, 50ms/99.9%, 100ms/99.9%
[44.527s][info][gc,marking  ] GC(442) Mark: 4 stripe(s), 4 proactive flush(es), 1 terminate flush(es), 0 completion(s), 0 continuation(s) 
[44.527s][info][gc,marking  ] GC(442) Mark Stack Usage: 32M
[44.527s][info][gc,nmethod  ] GC(442) NMethods: 1376 registered, 49 unregistered
[44.527s][info][gc,metaspace] GC(442) Metaspace: 8M used, 8M committed, 1088M reserved
[44.527s][info][gc,ref      ] GC(442) Soft: 174 encountered, 0 discovered, 0 enqueued
[44.527s][info][gc,ref      ] GC(442) Weak: 570 encountered, 88 discovered, 0 enqueued
[44.528s][info][gc,ref      ] GC(442) Final: 0 encountered, 0 discovered, 0 enqueued
[44.528s][info][gc,ref      ] GC(442) Phantom: 21 encountered, 19 discovered, 0 enqueued
[44.528s][info][gc,reloc    ] GC(442) Small Pages: 124 / 248M, Empty: 196M, Relocated: 3M, In-Place: 0
[44.528s][info][gc,reloc    ] GC(442) Medium Pages: 2 / 32M, Empty: 0M, Relocated: 1M, In-Place: 0
[44.528s][info][gc,reloc    ] GC(442) Large Pages: 0 / 0M, Empty: 0M, Relocated: 0M, In-Place: 0
[44.528s][info][gc,reloc    ] GC(442) Forwarding Usage: 1M
[44.528s][info][gc,heap     ] GC(442) Min Capacity: 8M(2%)
[44.528s][info][gc,heap     ] GC(442) Max Capacity: 512M(100%)
[44.528s][info][gc,heap     ] GC(442) Soft Max Capacity: 512M(100%)
[44.528s][info][gc,heap     ] GC(442)                Mark Start          Mark End        Relocate Start      Relocate End           High               Low         
[44.528s][info][gc,heap     ] GC(442)  Capacity:      512M (100%)        512M (100%)        512M (100%)        512M (100%)        512M (100%)        512M (100%)   
[44.528s][info][gc,heap     ] GC(442)      Free:      232M (45%)         172M (34%)         352M (69%)         384M (75%)         384M (75%)         170M (33%)    
[44.528s][info][gc,heap     ] GC(442)      Used:      280M (55%)         340M (66%)         160M (31%)         128M (25%)         342M (67%)         128M (25%)    
[44.528s][info][gc,heap     ] GC(442)      Live:         -                19M (4%)           19M (4%)           19M (4%)             -                  -          
[44.528s][info][gc,heap     ] GC(442) Allocated:         -                60M (12%)          76M (15%)          81M (16%)            -                  -          
[44.528s][info][gc,heap     ] GC(442)   Garbage:         -               260M (51%)          64M (13%)          26M (5%)             -                  -          
[44.528s][info][gc,heap     ] GC(442) Reclaimed:         -                  -               196M (38%)         233M (46%)            -                  -          
[44.528s][info][gc          ] GC(442) Garbage Collection (Allocation Rate) 280M(55%)->128M(25%)
[44.581s][info][gc,start    ] GC(443) Garbage Collection (Allocation Rate)
[44.581s][info][gc,task     ] GC(443) Using 5 workers
[44.581s][info][gc,phases   ] GC(443) Pause Mark Start 0.013ms
[44.604s][info][gc,phases   ] GC(443) Concurrent Mark 22.692ms
[44.604s][info][gc,phases   ] GC(443) Pause Mark End 0.010ms
[44.604s][info][gc,phases   ] GC(443) Concurrent Mark Free 0.001ms
[44.605s][info][gc,phases   ] GC(443) Concurrent Process Non-Strong References 0.851ms
[44.605s][info][gc,phases   ] GC(443) Concurrent Reset Relocation Set 0.003ms
[44.611s][info][gc,phases   ] GC(443) Concurrent Select Relocation Set 6.022ms
[44.611s][info][gc,phases   ] GC(443) Pause Relocate Start 0.004ms
[44.615s][info][gc,phases   ] GC(443) Concurrent Relocate 4.675ms
[44.616s][info][gc,load     ] GC(443) Load: 0.00/0.00/0.00
[44.616s][info][gc,mmu      ] GC(443) MMU: 2ms/98.6%, 5ms/99.5%, 10ms/99.6%, 20ms/99.8%, 50ms/99.9%, 100ms/99.9%
[44.616s][info][gc,marking  ] GC(443) Mark: 4 stripe(s), 2 proactive flush(es), 1 terminate flush(es), 0 completion(s), 0 continuation(s) 
[44.616s][info][gc,marking  ] GC(443) Mark Stack Usage: 32M
[44.616s][info][gc,nmethod  ] GC(443) NMethods: 1376 registered, 49 unregistered
[44.616s][info][gc,metaspace] GC(443) Metaspace: 8M used, 8M committed, 1088M reserved
[44.616s][info][gc,ref      ] GC(443) Soft: 174 encountered, 0 discovered, 0 enqueued
[44.616s][info][gc,ref      ] GC(443) Weak: 570 encountered, 139 discovered, 0 enqueued
[44.616s][info][gc,ref      ] GC(443) Final: 0 encountered, 0 discovered, 0 enqueued
[44.616s][info][gc,ref      ] GC(443) Phantom: 21 encountered, 18 discovered, 0 enqueued
[44.616s][info][gc,reloc    ] GC(443) Small Pages: 108 / 216M, Empty: 178M, Relocated: 5M, In-Place: 0
[44.616s][info][gc,reloc    ] GC(443) Medium Pages: 1 / 16M, Empty: 0M, Relocated: 0M, In-Place: 0
[44.616s][info][gc,reloc    ] GC(443) Large Pages: 0 / 0M, Empty: 0M, Relocated: 0M, In-Place: 0
[44.616s][info][gc,reloc    ] GC(443) Forwarding Usage: 2M
[44.616s][info][gc,heap     ] GC(443) Min Capacity: 8M(2%)
[44.616s][info][gc,heap     ] GC(443) Max Capacity: 512M(100%)
[44.616s][info][gc,heap     ] GC(443) Soft Max Capacity: 512M(100%)
[44.616s][info][gc,heap     ] GC(443)                Mark Start          Mark End        Relocate Start      Relocate End           High               Low         
[44.616s][info][gc,heap     ] GC(443)  Capacity:      512M (100%)        512M (100%)        512M (100%)        512M (100%)        512M (100%)        512M (100%)   
[44.616s][info][gc,heap     ] GC(443)      Free:      280M (55%)         246M (48%)         406M (79%)         404M (79%)         412M (80%)         244M (48%)    
[44.616s][info][gc,heap     ] GC(443)      Used:      232M (45%)         266M (52%)         106M (21%)         108M (21%)         268M (52%)         100M (20%)    
[44.616s][info][gc,heap     ] GC(443)      Live:         -                20M (4%)           20M (4%)           20M (4%)             -                  -          
[44.616s][info][gc,heap     ] GC(443) Allocated:         -                34M (7%)           52M (10%)          63M (12%)            -                  -          
[44.616s][info][gc,heap     ] GC(443)   Garbage:         -               211M (41%)          33M (7%)           23M (5%)             -                  -          
[44.616s][info][gc,heap     ] GC(443) Reclaimed:         -                  -               178M (35%)         187M (37%)            -                  -          
[44.616s][info][gc          ] GC(443) Garbage Collection (Allocation Rate) 232M(45%)->108M(21%)
[44.680s][info][gc,start    ] GC(444) Garbage Collection (Allocation Rate)
[44.680s][info][gc,task     ] GC(444) Using 5 workers
[44.681s][info][gc,phases   ] GC(444) Pause Mark Start 0.010ms
[44.703s][info][gc,phases   ] GC(444) Concurrent Mark 22.735ms
[44.703s][info][gc,phases   ] GC(444) Pause Mark End 0.012ms
[44.704s][info][gc,phases   ] GC(444) Concurrent Mark Free 0.001ms
[44.704s][info][gc,phases   ] GC(444) Concurrent Process Non-Strong References 0.755ms
[44.704s][info][gc,phases   ] GC(444) Concurrent Reset Relocation Set 0.002ms
[44.712s][info][gc,phases   ] GC(444) Concurrent Select Relocation Set 7.139ms
[44.712s][info][gc,phases   ] GC(444) Pause Relocate Start 0.006ms
[44.716s][info][gc,phases   ] GC(444) Concurrent Relocate 4.012ms
[44.716s][info][gc,load     ] GC(444) Load: 0.00/0.00/0.00
[44.716s][info][gc,mmu      ] GC(444) MMU: 2ms/98.6%, 5ms/99.5%, 10ms/99.6%, 20ms/99.8%, 50ms/99.9%, 100ms/99.9%
[44.716s][info][gc,marking  ] GC(444) Mark: 4 stripe(s), 4 proactive flush(es), 1 terminate flush(es), 0 completion(s), 0 continuation(s) 
[44.716s][info][gc,marking  ] GC(444) Mark Stack Usage: 32M
[44.716s][info][gc,nmethod  ] GC(444) NMethods: 1376 registered, 49 unregistered
[44.716s][info][gc,metaspace] GC(444) Metaspace: 8M used, 8M committed, 1088M reserved
[44.716s][info][gc,ref      ] GC(444) Soft: 174 encountered, 0 discovered, 0 enqueued
[44.716s][info][gc,ref      ] GC(444) Weak: 570 encountered, 54 discovered, 0 enqueued
[44.716s][info][gc,ref      ] GC(444) Final: 0 encountered, 0 discovered, 0 enqueued
[44.716s][info][gc,ref      ] GC(444) Phantom: 21 encountered, 18 discovered, 0 enqueued
[44.716s][info][gc,reloc    ] GC(444) Small Pages: 133 / 266M, Empty: 224M, Relocated: 6M, In-Place: 0
[44.716s][info][gc,reloc    ] GC(444) Medium Pages: 1 / 16M, Empty: 0M, Relocated: 0M, In-Place: 0
[44.716s][info][gc,reloc    ] GC(444) Large Pages: 0 / 0M, Empty: 0M, Relocated: 0M, In-Place: 0
[44.716s][info][gc,reloc    ] GC(444) Forwarding Usage: 2M
[44.716s][info][gc,heap     ] GC(444) Min Capacity: 8M(2%)
[44.716s][info][gc,heap     ] GC(444) Max Capacity: 512M(100%)
[44.716s][info][gc,heap     ] GC(444) Soft Max Capacity: 512M(100%)
[44.716s][info][gc,heap     ] GC(444)                Mark Start          Mark End        Relocate Start      Relocate End           High               Low         
[44.716s][info][gc,heap     ] GC(444)  Capacity:      512M (100%)        512M (100%)        512M (100%)        512M (100%)        512M (100%)        512M (100%)   
[44.716s][info][gc,heap     ] GC(444)      Free:      230M (45%)         172M (34%)         374M (73%)         380M (74%)         384M (75%)         170M (33%)    
[44.716s][info][gc,heap     ] GC(444)      Used:      282M (55%)         340M (66%)         138M (27%)         132M (26%)         342M (67%)         128M (25%)    
[44.716s][info][gc,heap     ] GC(444)      Live:         -                21M (4%)           21M (4%)           21M (4%)             -                  -          
[44.716s][info][gc,heap     ] GC(444) Allocated:         -                58M (11%)          80M (16%)          89M (18%)            -                  -          
[44.716s][info][gc,heap     ] GC(444)   Garbage:         -               260M (51%)          36M (7%)           20M (4%)             -                  -          
[44.717s][info][gc,heap     ] GC(444) Reclaimed:         -                  -               224M (44%)         239M (47%)            -                  -          
[44.717s][info][gc          ] GC(444) Garbage Collection (Allocation Rate) 282M(55%)->132M(26%)
[44.780s][info][gc,start    ] GC(445) Garbage Collection (Allocation Rate)
[44.780s][info][gc,task     ] GC(445) Using 5 workers
[44.780s][info][gc,phases   ] GC(445) Pause Mark Start 0.011ms
[44.806s][info][gc,phases   ] GC(445) Concurrent Mark 25.732ms
[44.806s][info][gc,phases   ] GC(445) Pause Mark End 0.010ms
[44.806s][info][gc,phases   ] GC(445) Concurrent Mark Free 0.001ms
[44.807s][info][gc,phases   ] GC(445) Concurrent Process Non-Strong References 0.755ms
[44.807s][info][gc,phases   ] GC(445) Concurrent Reset Relocation Set 0.002ms
[44.811s][info][gc,phases   ] GC(445) Concurrent Select Relocation Set 3.923ms
[44.811s][info][gc,phases   ] GC(445) Pause Relocate Start 0.003ms
[44.814s][info][gc,phases   ] GC(445) Concurrent Relocate 2.550ms
[44.814s][info][gc,load     ] GC(445) Load: 0.00/0.00/0.00
[44.814s][info][gc,mmu      ] GC(445) MMU: 2ms/98.6%, 5ms/99.5%, 10ms/99.6%, 20ms/99.8%, 50ms/99.9%, 100ms/99.9%
[44.814s][info][gc,marking  ] GC(445) Mark: 4 stripe(s), 2 proactive flush(es), 1 terminate flush(es), 0 completion(s), 0 continuation(s) 
[44.814s][info][gc,marking  ] GC(445) Mark Stack Usage: 32M
[44.814s][info][gc,nmethod  ] GC(445) NMethods: 1376 registered, 49 unregistered
[44.814s][info][gc,metaspace] GC(445) Metaspace: 8M used, 8M committed, 1088M reserved
[44.814s][info][gc,ref      ] GC(445) Soft: 174 encountered, 0 discovered, 0 enqueued
[44.814s][info][gc,ref      ] GC(445) Weak: 570 encountered, 2 discovered, 0 enqueued
[44.814s][info][gc,ref      ] GC(445) Final: 0 encountered, 0 discovered, 0 enqueued
[44.814s][info][gc,ref      ] GC(445) Phantom: 21 encountered, 18 discovered, 0 enqueued
[44.814s][info][gc,reloc    ] GC(445) Small Pages: 138 / 276M, Empty: 232M, Relocated: 3M, In-Place: 0
[44.814s][info][gc,reloc    ] GC(445) Medium Pages: 2 / 32M, Empty: 0M, Relocated: 1M, In-Place: 0
[44.814s][info][gc,reloc    ] GC(445) Large Pages: 0 / 0M, Empty: 0M, Relocated: 0M, In-Place: 0
[44.814s][info][gc,reloc    ] GC(445) Forwarding Usage: 1M
[44.814s][info][gc,heap     ] GC(445) Min Capacity: 8M(2%)
[44.814s][info][gc,heap     ] GC(445) Max Capacity: 512M(100%)
[44.814s][info][gc,heap     ] GC(445) Soft Max Capacity: 512M(100%)
[44.814s][info][gc,heap     ] GC(445)                Mark Start          Mark End        Relocate Start      Relocate End           High               Low         
[44.814s][info][gc,heap     ] GC(445)  Capacity:      512M (100%)        512M (100%)        512M (100%)        512M (100%)        512M (100%)        512M (100%)   
[44.814s][info][gc,heap     ] GC(445)      Free:      204M (40%)         134M (26%)         354M (69%)         374M (73%)         374M (73%)         132M (26%)    
[44.814s][info][gc,heap     ] GC(445)      Used:      308M (60%)         378M (74%)         158M (31%)         138M (27%)         380M (74%)         138M (27%)    
[44.815s][info][gc,heap     ] GC(445)      Live:         -                21M (4%)           21M (4%)           21M (4%)             -                  -          
[44.815s][info][gc,heap     ] GC(445) Allocated:         -                70M (14%)          82M (16%)          89M (18%)            -                  -          
[44.815s][info][gc,heap     ] GC(445)   Garbage:         -               286M (56%)          54M (11%)          26M (5%)             -                  -          
[44.815s][info][gc,heap     ] GC(445) Reclaimed:         -                  -               232M (45%)         259M (51%)            -                  -          
[44.815s][info][gc          ] GC(445) Garbage Collection (Allocation Rate) 308M(60%)->138M(27%)
[44.880s][info][gc,start    ] GC(446) Garbage Collection (Allocation Rate)
[44.880s][info][gc,task     ] GC(446) Using 5 workers
[44.880s][info][gc,phases   ] GC(446) Pause Mark Start 0.010ms
[44.904s][info][gc,phases   ] GC(446) Concurrent Mark 23.752ms
[44.904s][info][gc,phases   ] GC(446) Pause Mark End 0.010ms
[44.904s][info][gc,phases   ] GC(446) Concurrent Mark Free 0.001ms
[44.905s][info][gc,phases   ] GC(446) Concurrent Process Non-Strong References 0.640ms
[44.905s][info][gc,phases   ] GC(446) Concurrent Reset Relocation Set 0.002ms
[44.912s][info][gc,phases   ] GC(446) Concurrent Select Relocation Set 6.538ms
[44.912s][info][gc,phases   ] GC(446) Pause Relocate Start 0.004ms
[44.915s][info][gc,phases   ] GC(446) Concurrent Relocate 3.142ms
[44.915s][info][gc,load     ] GC(446) Load: 0.00/0.00/0.00
[44.915s][info][gc,mmu      ] GC(446) MMU: 2ms/98.6%, 5ms/99.5%, 10ms/99.6%, 20ms/99.8%, 50ms/99.9%, 100ms/99.9%
[44.915s][info][gc,marking  ] GC(446) Mark: 4 stripe(s), 2 proactive flush(es), 1 terminate flush(es), 0 completion(s), 0 continuation(s) 
[44.915s][info][gc,marking  ] GC(446) Mark Stack Usage: 32M
[44.915s][info][gc,nmethod  ] GC(446) NMethods: 1376 registered, 49 unregistered
[44.915s][info][gc,metaspace] GC(446) Metaspace: 8M used, 8M committed, 1088M reserved
[44.915s][info][gc,ref      ] GC(446) Soft: 174 encountered, 0 discovered, 0 enqueued
[44.915s][info][gc,ref      ] GC(446) Weak: 570 encountered, 225 discovered, 0 enqueued
[44.915s][info][gc,ref      ] GC(446) Final: 0 encountered, 0 discovered, 0 enqueued
[44.915s][info][gc,ref      ] GC(446) Phantom: 21 encountered, 17 discovered, 0 enqueued
[44.915s][info][gc,reloc    ] GC(446) Small Pages: 150 / 300M, Empty: 244M, Relocated: 6M, In-Place: 0
[44.915s][info][gc,reloc    ] GC(446) Medium Pages: 1 / 16M, Empty: 0M, Relocated: 0M, In-Place: 0
[44.915s][info][gc,reloc    ] GC(446) Large Pages: 0 / 0M, Empty: 0M, Relocated: 0M, In-Place: 0
[44.915s][info][gc,reloc    ] GC(446) Forwarding Usage: 3M
[44.915s][info][gc,heap     ] GC(446) Min Capacity: 8M(2%)
[44.915s][info][gc,heap     ] GC(446) Max Capacity: 512M(100%)
[44.915s][info][gc,heap     ] GC(446) Soft Max Capacity: 512M(100%)
[44.915s][info][gc,heap     ] GC(446)                Mark Start          Mark End        Relocate Start      Relocate End           High               Low         
[44.915s][info][gc,heap     ] GC(446)  Capacity:      512M (100%)        512M (100%)        512M (100%)        512M (100%)        512M (100%)        512M (100%)   
[44.915s][info][gc,heap     ] GC(446)      Free:      196M (38%)         152M (30%)         376M (73%)         396M (77%)         396M (77%)         150M (29%)    
[44.915s][info][gc,heap     ] GC(446)      Used:      316M (62%)         360M (70%)         136M (27%)         116M (23%)         362M (71%)         116M (23%)    
[44.915s][info][gc,heap     ] GC(446)      Live:         -                22M (4%)           22M (4%)           22M (4%)             -                  -          
[44.916s][info][gc,heap     ] GC(446) Allocated:         -                44M (9%)           64M (13%)          71M (14%)            -                  -          
[44.916s][info][gc,heap     ] GC(446)   Garbage:         -               293M (57%)          49M (10%)          21M (4%)             -                  -          
[44.916s][info][gc,heap     ] GC(446) Reclaimed:         -                  -               244M (48%)         271M (53%)            -                  -          
[44.916s][info][gc          ] GC(446) Garbage Collection (Allocation Rate) 316M(62%)->116M(23%)
[44.980s][info][gc,start    ] GC(447) Garbage Collection (Allocation Rate)
[44.980s][info][gc,task     ] GC(447) Using 5 workers
[44.980s][info][gc,phases   ] GC(447) Pause Mark Start 0.011ms
[45.009s][info][gc,phases   ] GC(447) Concurrent Mark 28.686ms
[45.009s][info][gc,phases   ] GC(447) Pause Mark End 0.012ms
[45.009s][info][gc,phases   ] GC(447) Concurrent Mark Free 0.001ms
[45.010s][info][gc,phases   ] GC(447) Concurrent Process Non-Strong References 0.821ms
[45.010s][info][gc,phases   ] GC(447) Concurrent Reset Relocation Set 0.003ms
[45.014s][info][gc,phases   ] GC(447) Concurrent Select Relocation Set 4.005ms
[45.014s][info][gc,phases   ] GC(447) Pause Relocate Start 0.005ms
[45.016s][info][gc,phases   ] GC(447) Concurrent Relocate 2.156ms
[45.016s][info][gc,load     ] GC(447) Load: 0.00/0.00/0.00
[45.016s][info][gc,mmu      ] GC(447) MMU: 2ms/98.6%, 5ms/99.5%, 10ms/99.6%, 20ms/99.8%, 50ms/99.9%, 100ms/99.9%
[45.016s][info][gc,marking  ] GC(447) Mark: 4 stripe(s), 2 proactive flush(es), 1 terminate flush(es), 0 completion(s), 0 continuation(s) 
[45.016s][info][gc,marking  ] GC(447) Mark Stack Usage: 32M
[45.016s][info][gc,nmethod  ] GC(447) NMethods: 1376 registered, 49 unregistered
[45.016s][info][gc,metaspace] GC(447) Metaspace: 8M used, 8M committed, 1088M reserved
[45.017s][info][gc,ref      ] GC(447) Soft: 174 encountered, 0 discovered, 0 enqueued
[45.017s][info][gc,ref      ] GC(447) Weak: 570 encountered, 213 discovered, 0 enqueued
[45.017s][info][gc,ref      ] GC(447) Final: 0 encountered, 0 discovered, 0 enqueued
[45.017s][info][gc,ref      ] GC(447) Phantom: 21 encountered, 15 discovered, 0 enqueued
[45.017s][info][gc,reloc    ] GC(447) Small Pages: 138 / 276M, Empty: 236M, Relocated: 3M, In-Place: 0
[45.017s][info][gc,reloc    ] GC(447) Medium Pages: 1 / 16M, Empty: 0M, Relocated: 0M, In-Place: 0
[45.017s][info][gc,reloc    ] GC(447) Large Pages: 0 / 0M, Empty: 0M, Relocated: 0M, In-Place: 0
[45.017s][info][gc,reloc    ] GC(447) Forwarding Usage: 1M
[45.017s][info][gc,heap     ] GC(447) Min Capacity: 8M(2%)
[45.017s][info][gc,heap     ] GC(447) Max Capacity: 512M(100%)
[45.017s][info][gc,heap     ] GC(447) Soft Max Capacity: 512M(100%)
[45.017s][info][gc,heap     ] GC(447)                Mark Start          Mark End        Relocate Start      Relocate End           High               Low         
[45.017s][info][gc,heap     ] GC(447)  Capacity:      512M (100%)        512M (100%)        512M (100%)        512M (100%)        512M (100%)        512M (100%)   
[45.017s][info][gc,heap     ] GC(447)      Free:      220M (43%)         144M (28%)         366M (71%)         368M (72%)         368M (72%)         142M (28%)    
[45.017s][info][gc,heap     ] GC(447)      Used:      292M (57%)         368M (72%)         146M (29%)         144M (28%)         370M (72%)         144M (28%)    
[45.017s][info][gc,heap     ] GC(447)      Live:         -                23M (5%)           23M (5%)           23M (5%)             -                  -          
[45.017s][info][gc,heap     ] GC(447) Allocated:         -                76M (15%)          90M (18%)          93M (18%)            -                  -          
[45.017s][info][gc,heap     ] GC(447)   Garbage:         -               268M (53%)          32M (6%)           26M (5%)             -                  -          
[45.017s][info][gc,heap     ] GC(447) Reclaimed:         -                  -               236M (46%)         241M (47%)            -                  -          
[45.017s][info][gc          ] GC(447) Garbage Collection (Allocation Rate) 292M(57%)->144M(28%)
[45.090s][info][gc,start    ] GC(448) Garbage Collection (Allocation Rate)
[45.090s][info][gc,task     ] GC(448) Using 5 workers
[45.090s][info][gc,phases   ] GC(448) Pause Mark Start 0.013ms
[45.121s][info][gc,phases   ] GC(448) Concurrent Mark 30.921ms
[45.121s][info][gc,phases   ] GC(448) Pause Mark End 0.012ms
[45.121s][info][gc,phases   ] GC(448) Concurrent Mark Free 0.001ms
[45.122s][info][gc,phases   ] GC(448) Concurrent Process Non-Strong References 0.661ms
[45.122s][info][gc,phases   ] GC(448) Concurrent Reset Relocation Set 0.002ms
[45.129s][info][gc,phases   ] GC(448) Concurrent Select Relocation Set 6.683ms
[45.129s][info][gc,phases   ] GC(448) Pause Relocate Start 0.007ms
[45.134s][info][gc,phases   ] GC(448) Concurrent Relocate 4.845ms
[45.134s][info][gc,load     ] GC(448) Load: 0.00/0.00/0.00
[45.134s][info][gc,mmu      ] GC(448) MMU: 2ms/98.6%, 5ms/99.5%, 10ms/99.6%, 20ms/99.8%, 50ms/99.9%, 100ms/99.9%
[45.134s][info][gc,marking  ] GC(448) Mark: 4 stripe(s), 2 proactive flush(es), 1 terminate flush(es), 0 completion(s), 0 continuation(s) 
[45.134s][info][gc,marking  ] GC(448) Mark Stack Usage: 32M
[45.134s][info][gc,nmethod  ] GC(448) NMethods: 1376 registered, 49 unregistered
[45.134s][info][gc,metaspace] GC(448) Metaspace: 8M used, 8M committed, 1088M reserved
[45.134s][info][gc,ref      ] GC(448) Soft: 174 encountered, 0 discovered, 0 enqueued
[45.134s][info][gc,ref      ] GC(448) Weak: 570 encountered, 67 discovered, 0 enqueued
[45.134s][info][gc,ref      ] GC(448) Final: 0 encountered, 0 discovered, 0 enqueued
[45.134s][info][gc,ref      ] GC(448) Phantom: 21 encountered, 19 discovered, 0 enqueued
[45.134s][info][gc,reloc    ] GC(448) Small Pages: 165 / 330M, Empty: 276M, Relocated: 6M, In-Place: 0
[45.134s][info][gc,reloc    ] GC(448) Medium Pages: 1 / 16M, Empty: 0M, Relocated: 0M, In-Place: 0
[45.134s][info][gc,reloc    ] GC(448) Large Pages: 0 / 0M, Empty: 0M, Relocated: 0M, In-Place: 0
[45.134s][info][gc,reloc    ] GC(448) Forwarding Usage: 3M
[45.134s][info][gc,heap     ] GC(448) Min Capacity: 8M(2%)
[45.134s][info][gc,heap     ] GC(448) Max Capacity: 512M(100%)
[45.134s][info][gc,heap     ] GC(448) Soft Max Capacity: 512M(100%)
[45.134s][info][gc,heap     ] GC(448)                Mark Start          Mark End        Relocate Start      Relocate End           High               Low         
[45.134s][info][gc,heap     ] GC(448)  Capacity:      512M (100%)        512M (100%)        512M (100%)        512M (100%)        512M (100%)        512M (100%)   
[45.134s][info][gc,heap     ] GC(448)      Free:      166M (32%)         118M (23%)         374M (73%)         384M (75%)         388M (76%)         116M (23%)    
[45.134s][info][gc,heap     ] GC(448)      Used:      346M (68%)         394M (77%)         138M (27%)         128M (25%)         396M (77%)         124M (24%)    
[45.134s][info][gc,heap     ] GC(448)      Live:         -                23M (5%)           23M (5%)           23M (5%)             -                  -          
[45.135s][info][gc,heap     ] GC(448) Allocated:         -                48M (9%)           68M (13%)          81M (16%)            -                  -          
[45.135s][info][gc,heap     ] GC(448)   Garbage:         -               322M (63%)          46M (9%)           22M (4%)             -                  -          
[45.135s][info][gc,heap     ] GC(448) Reclaimed:         -                  -               276M (54%)         299M (59%)            -                  -          
[45.135s][info][gc          ] GC(448) Garbage Collection (Allocation Rate) 346M(68%)->128M(25%)
[45.181s][info][gc,start    ] GC(449) Garbage Collection (Allocation Rate)
[45.181s][info][gc,task     ] GC(449) Using 5 workers
[45.181s][info][gc,phases   ] GC(449) Pause Mark Start 0.012ms
[45.210s][info][gc,phases   ] GC(449) Concurrent Mark 29.659ms
[45.211s][info][gc,phases   ] GC(449) Pause Mark End 0.013ms
[45.211s][info][gc,phases   ] GC(449) Concurrent Mark Free 0.001ms
[45.212s][info][gc,phases   ] GC(449) Concurrent Process Non-Strong References 0.862ms
[45.212s][info][gc,phases   ] GC(449) Concurrent Reset Relocation Set 0.004ms
[45.216s][info][gc,phases   ] GC(449) Concurrent Select Relocation Set 4.171ms
[45.216s][info][gc,phases   ] GC(449) Pause Relocate Start 0.008ms
[45.218s][info][gc,phases   ] GC(449) Concurrent Relocate 2.344ms
[45.218s][info][gc,load     ] GC(449) Load: 0.00/0.00/0.00
[45.218s][info][gc,mmu      ] GC(449) MMU: 2ms/98.6%, 5ms/99.5%, 10ms/99.6%, 20ms/99.8%, 50ms/99.9%, 100ms/99.9%
[45.218s][info][gc,marking  ] GC(449) Mark: 4 stripe(s), 3 proactive flush(es), 1 terminate flush(es), 0 completion(s), 0 continuation(s) 
[45.218s][info][gc,marking  ] GC(449) Mark Stack Usage: 32M
[45.218s][info][gc,nmethod  ] GC(449) NMethods: 1376 registered, 49 unregistered
[45.218s][info][gc,metaspace] GC(449) Metaspace: 8M used, 8M committed, 1088M reserved
[45.219s][info][gc,ref      ] GC(449) Soft: 174 encountered, 0 discovered, 0 enqueued
[45.219s][info][gc,ref      ] GC(449) Weak: 570 encountered, 18 discovered, 0 enqueued
[45.219s][info][gc,ref      ] GC(449) Final: 0 encountered, 0 discovered, 0 enqueued
[45.219s][info][gc,ref      ] GC(449) Phantom: 21 encountered, 12 discovered, 0 enqueued
[45.219s][info][gc,reloc    ] GC(449) Small Pages: 111 / 222M, Empty: 178M, Relocated: 3M, In-Place: 0
[45.219s][info][gc,reloc    ] GC(449) Medium Pages: 2 / 32M, Empty: 0M, Relocated: 2M, In-Place: 0
[45.219s][info][gc,reloc    ] GC(449) Large Pages: 0 / 0M, Empty: 0M, Relocated: 0M, In-Place: 0
[45.219s][info][gc,reloc    ] GC(449) Forwarding Usage: 1M
[45.219s][info][gc,heap     ] GC(449) Min Capacity: 8M(2%)
[45.219s][info][gc,heap     ] GC(449) Max Capacity: 512M(100%)
[45.219s][info][gc,heap     ] GC(449) Soft Max Capacity: 512M(100%)
[45.219s][info][gc,heap     ] GC(449)                Mark Start          Mark End        Relocate Start      Relocate End           High               Low         
[45.219s][info][gc,heap     ] GC(449)  Capacity:      512M (100%)        512M (100%)        512M (100%)        512M (100%)        512M (100%)        512M (100%)   
[45.219s][info][gc,heap     ] GC(449)      Free:      258M (50%)         176M (34%)         340M (66%)         360M (70%)         360M (70%)         174M (34%)    
[45.219s][info][gc,heap     ] GC(449)      Used:      254M (50%)         336M (66%)         172M (34%)         152M (30%)         338M (66%)         152M (30%)    
[45.219s][info][gc,heap     ] GC(449)      Live:         -                24M (5%)           24M (5%)           24M (5%)             -                  -          
[45.219s][info][gc,heap     ] GC(449) Allocated:         -                82M (16%)          96M (19%)          99M (20%)            -                  -          
[45.219s][info][gc,heap     ] GC(449)   Garbage:         -               229M (45%)          51M (10%)          27M (5%)             -                  -          
[45.219s][info][gc,heap     ] GC(449) Reclaimed:         -                  -               178M (35%)         201M (39%)            -                  -          
[45.219s][info][gc          ] GC(449) Garbage Collection (Allocation Rate) 254M(50%)->152M(30%)
[45.280s][info][gc,start    ] GC(450) Garbage Collection (Allocation Rate)
[45.280s][info][gc,task     ] GC(450) Using 5 workers
[45.281s][info][gc,phases   ] GC(450) Pause Mark Start 0.013ms
[45.307s][info][gc,phases   ] GC(450) Concurrent Mark 26.638ms
[45.307s][info][gc,phases   ] GC(450) Pause Mark End 0.013ms
[45.307s][info][gc,phases   ] GC(450) Concurrent Mark Free 0.001ms
[45.308s][info][gc,phases   ] GC(450) Concurrent Process Non-Strong References 0.706ms
[45.308s][info][gc,phases   ] GC(450) Concurrent Reset Relocation Set 0.002ms
[45.315s][info][gc,phases   ] GC(450) Concurrent Select Relocation Set 6.494ms
[45.315s][info][gc,phases   ] GC(450) Pause Relocate Start 0.006ms
[45.320s][info][gc,phases   ] GC(450) Concurrent Relocate 5.067ms
[45.320s][info][gc,load     ] GC(450) Load: 0.00/0.00/0.00
[45.320s][info][gc,mmu      ] GC(450) MMU: 2ms/98.6%, 5ms/99.5%, 10ms/99.6%, 20ms/99.8%, 50ms/99.9%, 100ms/99.9%
[45.320s][info][gc,marking  ] GC(450) Mark: 4 stripe(s), 2 proactive flush(es), 1 terminate flush(es), 0 completion(s), 0 continuation(s) 
[45.320s][info][gc,marking  ] GC(450) Mark Stack Usage: 32M
[45.320s][info][gc,nmethod  ] GC(450) NMethods: 1376 registered, 49 unregistered
[45.320s][info][gc,metaspace] GC(450) Metaspace: 8M used, 8M committed, 1088M reserved
[45.320s][info][gc,ref      ] GC(450) Soft: 174 encountered, 0 discovered, 0 enqueued
[45.320s][info][gc,ref      ] GC(450) Weak: 570 encountered, 91 discovered, 0 enqueued
[45.320s][info][gc,ref      ] GC(450) Final: 0 encountered, 0 discovered, 0 enqueued
[45.320s][info][gc,ref      ] GC(450) Phantom: 21 encountered, 10 discovered, 0 enqueued
[45.320s][info][gc,reloc    ] GC(450) Small Pages: 152 / 304M, Empty: 252M, Relocated: 6M, In-Place: 0
[45.320s][info][gc,reloc    ] GC(450) Medium Pages: 1 / 16M, Empty: 0M, Relocated: 0M, In-Place: 0
[45.320s][info][gc,reloc    ] GC(450) Large Pages: 0 / 0M, Empty: 0M, Relocated: 0M, In-Place: 0
[45.320s][info][gc,reloc    ] GC(450) Forwarding Usage: 3M
[45.320s][info][gc,heap     ] GC(450) Min Capacity: 8M(2%)
[45.321s][info][gc,heap     ] GC(450) Max Capacity: 512M(100%)
[45.321s][info][gc,heap     ] GC(450) Soft Max Capacity: 512M(100%)
[45.321s][info][gc,heap     ] GC(450)                Mark Start          Mark End        Relocate Start      Relocate End           High               Low         
[45.321s][info][gc,heap     ] GC(450)  Capacity:      512M (100%)        512M (100%)        512M (100%)        512M (100%)        512M (100%)        512M (100%)   
[45.321s][info][gc,heap     ] GC(450)      Free:      192M (38%)         122M (24%)         354M (69%)         362M (71%)         366M (71%)         120M (23%)    
[45.321s][info][gc,heap     ] GC(450)      Used:      320M (63%)         390M (76%)         158M (31%)         150M (29%)         392M (77%)         146M (29%)    
[45.321s][info][gc,heap     ] GC(450)      Live:         -                25M (5%)           25M (5%)           25M (5%)             -                  -          
[45.321s][info][gc,heap     ] GC(450) Allocated:         -                70M (14%)          90M (18%)         101M (20%)            -                  -          
[45.321s][info][gc,heap     ] GC(450)   Garbage:         -               294M (58%)          42M (8%)           22M (4%)             -                  -          
[45.321s][info][gc,heap     ] GC(450) Reclaimed:         -                  -               252M (49%)         271M (53%)            -                  -          
[45.321s][info][gc          ] GC(450) Garbage Collection (Allocation Rate) 320M(63%)->150M(29%)
[45.380s][info][gc,start    ] GC(451) Garbage Collection (Allocation Rate)
[45.380s][info][gc,task     ] GC(451) Using 5 workers
[45.380s][info][gc,phases   ] GC(451) Pause Mark Start 0.015ms
[45.405s][info][gc,phases   ] GC(451) Concurrent Mark 24.624ms
[45.405s][info][gc,phases   ] GC(451) Pause Mark End 0.014ms
[45.405s][info][gc,phases   ] GC(451) Concurrent Mark Free 0.001ms
[45.406s][info][gc,phases   ] GC(451) Concurrent Process Non-Strong References 0.732ms
[45.406s][info][gc,phases   ] GC(451) Concurrent Reset Relocation Set 0.003ms
[45.410s][info][gc,phases   ] GC(451) Concurrent Select Relocation Set 4.308ms
[45.411s][info][gc,phases   ] GC(451) Pause Relocate Start 0.005ms
[45.413s][info][gc,phases   ] GC(451) Concurrent Relocate 2.087ms
[45.413s][info][gc,load     ] GC(451) Load: 0.00/0.00/0.00
[45.413s][info][gc,mmu      ] GC(451) MMU: 2ms/98.6%, 5ms/99.5%, 10ms/99.6%, 20ms/99.8%, 50ms/99.9%, 100ms/99.9%
[45.413s][info][gc,marking  ] GC(451) Mark: 4 stripe(s), 4 proactive flush(es), 1 terminate flush(es), 0 completion(s), 0 continuation(s) 
[45.413s][info][gc,marking  ] GC(451) Mark Stack Usage: 32M
[45.413s][info][gc,nmethod  ] GC(451) NMethods: 1376 registered, 49 unregistered
[45.413s][info][gc,metaspace] GC(451) Metaspace: 8M used, 8M committed, 1088M reserved
[45.413s][info][gc,ref      ] GC(451) Soft: 174 encountered, 0 discovered, 0 enqueued
[45.413s][info][gc,ref      ] GC(451) Weak: 570 encountered, 115 discovered, 0 enqueued
[45.413s][info][gc,ref      ] GC(451) Final: 0 encountered, 0 discovered, 0 enqueued
[45.413s][info][gc,ref      ] GC(451) Phantom: 21 encountered, 18 discovered, 0 enqueued
[45.413s][info][gc,reloc    ] GC(451) Small Pages: 127 / 254M, Empty: 216M, Relocated: 1M, In-Place: 0
[45.413s][info][gc,reloc    ] GC(451) Medium Pages: 1 / 16M, Empty: 0M, Relocated: 0M, In-Place: 0
[45.413s][info][gc,reloc    ] GC(451) Large Pages: 0 / 0M, Empty: 0M, Relocated: 0M, In-Place: 0
[45.413s][info][gc,reloc    ] GC(451) Forwarding Usage: 0M
[45.413s][info][gc,heap     ] GC(451) Min Capacity: 8M(2%)
[45.413s][info][gc,heap     ] GC(451) Max Capacity: 512M(100%)
[45.413s][info][gc,heap     ] GC(451) Soft Max Capacity: 512M(100%)
[45.413s][info][gc,heap     ] GC(451)                Mark Start          Mark End        Relocate Start      Relocate End           High               Low         
[45.413s][info][gc,heap     ] GC(451)  Capacity:      512M (100%)        512M (100%)        512M (100%)        512M (100%)        512M (100%)        512M (100%)   
[45.413s][info][gc,heap     ] GC(451)      Free:      242M (47%)         200M (39%)         402M (79%)         398M (78%)         404M (79%)         198M (39%)    
[45.413s][info][gc,heap     ] GC(451)      Used:      270M (53%)         312M (61%)         110M (21%)         114M (22%)         314M (61%)         108M (21%)    
[45.413s][info][gc,heap     ] GC(451)      Live:         -                25M (5%)           25M (5%)           25M (5%)             -                  -          
[45.413s][info][gc,heap     ] GC(451) Allocated:         -                42M (8%)           56M (11%)          59M (12%)            -                  -          
[45.413s][info][gc,heap     ] GC(451)   Garbage:         -               244M (48%)          28M (5%)           28M (5%)             -                  -          
[45.414s][info][gc,heap     ] GC(451) Reclaimed:         -                  -               216M (42%)         215M (42%)            -                  -          
[45.414s][info][gc          ] GC(451) Garbage Collection (Allocation Rate) 270M(53%)->114M(22%)
[45.480s][info][gc,start    ] GC(452) Garbage Collection (Allocation Rate)
[45.480s][info][gc,task     ] GC(452) Using 5 workers
[45.480s][info][gc,phases   ] GC(452) Pause Mark Start 0.014ms
[45.508s][info][gc,phases   ] GC(452) Concurrent Mark 27.742ms
[45.508s][info][gc,phases   ] GC(452) Pause Mark End 0.011ms
[45.508s][info][gc,phases   ] GC(452) Concurrent Mark Free 0.001ms
[45.509s][info][gc,phases   ] GC(452) Concurrent Process Non-Strong References 0.661ms
[45.509s][info][gc,phases   ] GC(452) Concurrent Reset Relocation Set 0.001ms
[45.514s][info][gc,phases   ] GC(452) Concurrent Select Relocation Set 5.093ms
[45.514s][info][gc,phases   ] GC(452) Pause Relocate Start 0.005ms
[45.516s][info][gc,phases   ] GC(452) Concurrent Relocate 1.826ms
[45.516s][info][gc,load     ] GC(452) Load: 0.00/0.00/0.00
[45.516s][info][gc,mmu      ] GC(452) MMU: 2ms/98.6%, 5ms/99.5%, 10ms/99.6%, 20ms/99.8%, 50ms/99.9%, 100ms/99.9%
[45.516s][info][gc,marking  ] GC(452) Mark: 4 stripe(s), 3 proactive flush(es), 1 terminate flush(es), 0 completion(s), 0 continuation(s) 
[45.516s][info][gc,marking  ] GC(452) Mark Stack Usage: 32M
[45.516s][info][gc,nmethod  ] GC(452) NMethods: 1376 registered, 49 unregistered
[45.516s][info][gc,metaspace] GC(452) Metaspace: 8M used, 8M committed, 1088M reserved
[45.516s][info][gc,ref      ] GC(452) Soft: 174 encountered, 0 discovered, 0 enqueued
[45.516s][info][gc,ref      ] GC(452) Weak: 570 encountered, 70 discovered, 0 enqueued
[45.516s][info][gc,ref      ] GC(452) Final: 0 encountered, 0 discovered, 0 enqueued
[45.516s][info][gc,ref      ] GC(452) Phantom: 21 encountered, 17 discovered, 0 enqueued
[45.516s][info][gc,reloc    ] GC(452) Small Pages: 132 / 264M, Empty: 212M, Relocated: 3M, In-Place: 0
[45.516s][info][gc,reloc    ] GC(452) Medium Pages: 2 / 32M, Empty: 0M, Relocated: 2M, In-Place: 0
[45.516s][info][gc,reloc    ] GC(452) Large Pages: 0 / 0M, Empty: 0M, Relocated: 0M, In-Place: 0
[45.516s][info][gc,reloc    ] GC(452) Forwarding Usage: 1M
[45.516s][info][gc,heap     ] GC(452) Min Capacity: 8M(2%)
[45.516s][info][gc,heap     ] GC(452) Max Capacity: 512M(100%)
[45.516s][info][gc,heap     ] GC(452) Soft Max Capacity: 512M(100%)
[45.517s][info][gc,heap     ] GC(452)                Mark Start          Mark End        Relocate Start      Relocate End           High               Low         
[45.517s][info][gc,heap     ] GC(452)  Capacity:      512M (100%)        512M (100%)        512M (100%)        512M (100%)        512M (100%)        512M (100%)   
[45.517s][info][gc,heap     ] GC(452)      Free:      216M (42%)         144M (28%)         340M (66%)         366M (71%)         366M (71%)         142M (28%)    
[45.517s][info][gc,heap     ] GC(452)      Used:      296M (58%)         368M (72%)         172M (34%)         146M (29%)         370M (72%)         146M (29%)    
[45.517s][info][gc,heap     ] GC(452)      Live:         -                26M (5%)           26M (5%)           26M (5%)             -                  -          
[45.517s][info][gc,heap     ] GC(452) Allocated:         -                72M (14%)          88M (17%)          91M (18%)            -                  -          
[45.517s][info][gc,heap     ] GC(452)   Garbage:         -               269M (53%)          57M (11%)          27M (5%)             -                  -          
[45.517s][info][gc,heap     ] GC(452) Reclaimed:         -                  -               212M (41%)         241M (47%)            -                  -          
[45.517s][info][gc          ] GC(452) Garbage Collection (Allocation Rate) 296M(58%)->146M(29%)
[45.581s][info][gc,start    ] GC(453) Garbage Collection (Allocation Rate)
[45.581s][info][gc,task     ] GC(453) Using 5 workers
[45.581s][info][gc,phases   ] GC(453) Pause Mark Start 0.011ms
[45.611s][info][gc,phases   ] GC(453) Concurrent Mark 29.680ms
[45.611s][info][gc,phases   ] GC(453) Pause Mark End 0.018ms
[45.611s][info][gc,phases   ] GC(453) Concurrent Mark Free 0.001ms
[45.612s][info][gc,phases   ] GC(453) Concurrent Process Non-Strong References 0.774ms
[45.612s][info][gc,phases   ] GC(453) Concurrent Reset Relocation Set 0.003ms
[45.618s][info][gc,phases   ] GC(453) Concurrent Select Relocation Set 6.542ms
[45.619s][info][gc,phases   ] GC(453) Pause Relocate Start 0.006ms
[45.623s][info][gc,phases   ] GC(453) Concurrent Relocate 4.236ms
[45.623s][info][gc,load     ] GC(453) Load: 0.00/0.00/0.00
[45.623s][info][gc,mmu      ] GC(453) MMU: 2ms/98.6%, 5ms/99.5%, 10ms/99.6%, 20ms/99.8%, 50ms/99.9%, 100ms/99.9%
[45.623s][info][gc,marking  ] GC(453) Mark: 4 stripe(s), 2 proactive flush(es), 1 terminate flush(es), 0 completion(s), 0 continuation(s) 
[45.623s][info][gc,marking  ] GC(453) Mark Stack Usage: 32M
[45.623s][info][gc,nmethod  ] GC(453) NMethods: 1376 registered, 49 unregistered
[45.623s][info][gc,metaspace] GC(453) Metaspace: 8M used, 8M committed, 1088M reserved
[45.623s][info][gc,ref      ] GC(453) Soft: 174 encountered, 0 discovered, 0 enqueued
[45.623s][info][gc,ref      ] GC(453) Weak: 570 encountered, 125 discovered, 0 enqueued
[45.623s][info][gc,ref      ] GC(453) Final: 0 encountered, 0 discovered, 0 enqueued
[45.623s][info][gc,ref      ] GC(453) Phantom: 21 encountered, 17 discovered, 0 enqueued
[45.623s][info][gc,reloc    ] GC(453) Small Pages: 153 / 306M, Empty: 252M, Relocated: 6M, In-Place: 0
[45.623s][info][gc,reloc    ] GC(453) Medium Pages: 1 / 16M, Empty: 0M, Relocated: 0M, In-Place: 0
[45.623s][info][gc,reloc    ] GC(453) Large Pages: 0 / 0M, Empty: 0M, Relocated: 0M, In-Place: 0
[45.623s][info][gc,reloc    ] GC(453) Forwarding Usage: 3M
[45.623s][info][gc,heap     ] GC(453) Min Capacity: 8M(2%)
[45.623s][info][gc,heap     ] GC(453) Max Capacity: 512M(100%)
[45.623s][info][gc,heap     ] GC(453) Soft Max Capacity: 512M(100%)
[45.623s][info][gc,heap     ] GC(453)                Mark Start          Mark End        Relocate Start      Relocate End           High               Low         
[45.623s][info][gc,heap     ] GC(453)  Capacity:      512M (100%)        512M (100%)        512M (100%)        512M (100%)        512M (100%)        512M (100%)   
[45.623s][info][gc,heap     ] GC(453)      Free:      190M (37%)         130M (25%)         362M (71%)         370M (72%)         372M (73%)         128M (25%)    
[45.624s][info][gc,heap     ] GC(453)      Used:      322M (63%)         382M (75%)         150M (29%)         142M (28%)         384M (75%)         140M (27%)    
[45.624s][info][gc,heap     ] GC(453)      Live:         -                27M (5%)           27M (5%)           27M (5%)             -                  -          
[45.624s][info][gc,heap     ] GC(453) Allocated:         -                60M (12%)          80M (16%)          89M (18%)            -                  -          
[45.624s][info][gc,heap     ] GC(453)   Garbage:         -               294M (58%)          42M (8%)           24M (5%)             -                  -          
[45.624s][info][gc,heap     ] GC(453) Reclaimed:         -                  -               252M (49%)         269M (53%)            -                  -          
[45.624s][info][gc          ] GC(453) Garbage Collection (Allocation Rate) 322M(63%)->142M(28%)
[45.681s][info][gc,start    ] GC(454) Garbage Collection (Allocation Rate)
[45.681s][info][gc,task     ] GC(454) Using 5 workers
[45.681s][info][gc,phases   ] GC(454) Pause Mark Start 0.013ms
[45.711s][info][gc,phases   ] GC(454) Concurrent Mark 29.655ms
[45.711s][info][gc,phases   ] GC(454) Pause Mark End 0.011ms
[45.711s][info][gc,phases   ] GC(454) Concurrent Mark Free 0.001ms
[45.711s][info][gc,phases   ] GC(454) Concurrent Process Non-Strong References 0.655ms
[45.712s][info][gc,phases   ] GC(454) Concurrent Reset Relocation Set 0.003ms
[45.716s][info][gc,phases   ] GC(454) Concurrent Select Relocation Set 4.146ms
[45.716s][info][gc,phases   ] GC(454) Pause Relocate Start 0.003ms
[45.718s][info][gc,phases   ] GC(454) Concurrent Relocate 2.496ms
[45.718s][info][gc,load     ] GC(454) Load: 0.00/0.00/0.00
[45.718s][info][gc,mmu      ] GC(454) MMU: 2ms/98.6%, 5ms/99.5%, 10ms/99.6%, 20ms/99.8%, 50ms/99.9%, 100ms/99.9%
[45.718s][info][gc,marking  ] GC(454) Mark: 4 stripe(s), 2 proactive flush(es), 1 terminate flush(es), 0 completion(s), 0 continuation(s) 
[45.718s][info][gc,marking  ] GC(454) Mark Stack Usage: 32M
[45.718s][info][gc,nmethod  ] GC(454) NMethods: 1376 registered, 49 unregistered
[45.719s][info][gc,metaspace] GC(454) Metaspace: 8M used, 8M committed, 1088M reserved
[45.719s][info][gc,ref      ] GC(454) Soft: 174 encountered, 0 discovered, 0 enqueued
[45.719s][info][gc,ref      ] GC(454) Weak: 570 encountered, 161 discovered, 0 enqueued
[45.719s][info][gc,ref      ] GC(454) Final: 0 encountered, 0 discovered, 0 enqueued
[45.719s][info][gc,ref      ] GC(454) Phantom: 21 encountered, 15 discovered, 0 enqueued
[45.719s][info][gc,reloc    ] GC(454) Small Pages: 142 / 284M, Empty: 232M, Relocated: 3M, In-Place: 0
[45.719s][info][gc,reloc    ] GC(454) Medium Pages: 1 / 16M, Empty: 0M, Relocated: 0M, In-Place: 0
[45.719s][info][gc,reloc    ] GC(454) Large Pages: 0 / 0M, Empty: 0M, Relocated: 0M, In-Place: 0
[45.719s][info][gc,reloc    ] GC(454) Forwarding Usage: 1M
[45.719s][info][gc,heap     ] GC(454) Min Capacity: 8M(2%)
[45.719s][info][gc,heap     ] GC(454) Max Capacity: 512M(100%)
[45.719s][info][gc,heap     ] GC(454) Soft Max Capacity: 512M(100%)
[45.719s][info][gc,heap     ] GC(454)                Mark Start          Mark End        Relocate Start      Relocate End           High               Low         
[45.719s][info][gc,heap     ] GC(454)  Capacity:      512M (100%)        512M (100%)        512M (100%)        512M (100%)        512M (100%)        512M (100%)   
[45.719s][info][gc,heap     ] GC(454)      Free:      212M (41%)         134M (26%)         352M (69%)         358M (70%)         360M (70%)         132M (26%)    
[45.719s][info][gc,heap     ] GC(454)      Used:      300M (59%)         378M (74%)         160M (31%)         154M (30%)         380M (74%)         152M (30%)    
[45.719s][info][gc,heap     ] GC(454)      Live:         -                28M (5%)           28M (5%)           28M (5%)             -                  -          
[45.719s][info][gc,heap     ] GC(454) Allocated:         -                78M (15%)          92M (18%)          97M (19%)            -                  -          
[45.719s][info][gc,heap     ] GC(454)   Garbage:         -               271M (53%)          39M (8%)           27M (5%)             -                  -          
[45.719s][info][gc,heap     ] GC(454) Reclaimed:         -                  -               232M (45%)         243M (48%)            -                  -          
[45.719s][info][gc          ] GC(454) Garbage Collection (Allocation Rate) 300M(59%)->154M(30%)
[45.781s][info][gc,start    ] GC(455) Garbage Collection (Allocation Rate)
[45.781s][info][gc,task     ] GC(455) Using 5 workers
[45.808s][info][gc,phases   ] GC(455) Pause Mark Start 0.015ms
[45.837s][info][gc,phases   ] GC(455) Concurrent Mark 28.932ms
[45.838s][info][gc,phases   ] GC(455) Pause Mark End 0.013ms
[45.838s][info][gc,phases   ] GC(455) Concurrent Mark Free 0.001ms
[45.838s][info][gc,phases   ] GC(455) Concurrent Process Non-Strong References 0.763ms
[45.839s][info][gc,phases   ] GC(455) Concurrent Reset Relocation Set 0.003ms
[45.845s][info][gc,phases   ] GC(455) Concurrent Select Relocation Set 6.315ms
[45.845s][info][gc,phases   ] GC(455) Pause Relocate Start 0.005ms
[45.848s][info][gc,phases   ] GC(455) Concurrent Relocate 2.794ms
[45.848s][info][gc,load     ] GC(455) Load: 0.00/0.00/0.00
[45.848s][info][gc,mmu      ] GC(455) MMU: 2ms/98.6%, 5ms/99.5%, 10ms/99.6%, 20ms/99.8%, 50ms/99.9%, 100ms/99.9%
[45.848s][info][gc,marking  ] GC(455) Mark: 4 stripe(s), 2 proactive flush(es), 1 terminate flush(es), 0 completion(s), 0 continuation(s) 
[45.848s][info][gc,marking  ] GC(455) Mark Stack Usage: 32M
[45.848s][info][gc,nmethod  ] GC(455) NMethods: 1376 registered, 49 unregistered
[45.848s][info][gc,metaspace] GC(455) Metaspace: 8M used, 8M committed, 1088M reserved
[45.848s][info][gc,ref      ] GC(455) Soft: 174 encountered, 0 discovered, 0 enqueued
[45.848s][info][gc,ref      ] GC(455) Weak: 570 encountered, 266 discovered, 0 enqueued
[45.848s][info][gc,ref      ] GC(455) Final: 0 encountered, 0 discovered, 0 enqueued
[45.848s][info][gc,ref      ] GC(455) Phantom: 21 encountered, 14 discovered, 0 enqueued
[45.848s][info][gc,reloc    ] GC(455) Small Pages: 179 / 358M, Empty: 316M, Relocated: 4M, In-Place: 0
[45.848s][info][gc,reloc    ] GC(455) Medium Pages: 2 / 32M, Empty: 0M, Relocated: 2M, In-Place: 0
[45.848s][info][gc,reloc    ] GC(455) Large Pages: 0 / 0M, Empty: 0M, Relocated: 0M, In-Place: 0
[45.848s][info][gc,reloc    ] GC(455) Forwarding Usage: 2M
[45.848s][info][gc,heap     ] GC(455) Min Capacity: 8M(2%)
[45.848s][info][gc,heap     ] GC(455) Max Capacity: 512M(100%)
[45.848s][info][gc,heap     ] GC(455) Soft Max Capacity: 512M(100%)
[45.848s][info][gc,heap     ] GC(455)                Mark Start          Mark End        Relocate Start      Relocate End           High               Low         
[45.848s][info][gc,heap     ] GC(455)  Capacity:      512M (100%)        512M (100%)        512M (100%)        512M (100%)        512M (100%)        512M (100%)   
[45.848s][info][gc,heap     ] GC(455)      Free:      122M (24%)          94M (18%)         408M (80%)         426M (83%)         426M (83%)          94M (18%)    
[45.848s][info][gc,heap     ] GC(455)      Used:      390M (76%)         418M (82%)         104M (20%)          86M (17%)         418M (82%)          86M (17%)    
[45.849s][info][gc,heap     ] GC(455)      Live:         -                29M (6%)           29M (6%)           29M (6%)             -                  -          
[45.849s][info][gc,heap     ] GC(455) Allocated:         -                28M (5%)           30M (6%)           31M (6%)             -                  -          
[45.849s][info][gc,heap     ] GC(455)   Garbage:         -               360M (70%)          44M (9%)           24M (5%)             -                  -          
[45.849s][info][gc,heap     ] GC(455) Reclaimed:         -                  -               316M (62%)         335M (66%)            -                  -          
[45.849s][info][gc          ] GC(455) Garbage Collection (Allocation Rate) 390M(76%)->86M(17%)
[45.880s][info][gc,start    ] GC(456) Garbage Collection (Allocation Rate)
[45.881s][info][gc,task     ] GC(456) Using 5 workers
[45.881s][info][gc,phases   ] GC(456) Pause Mark Start 0.011ms
[45.915s][info][gc,phases   ] GC(456) Concurrent Mark 34.025ms
[45.915s][info][gc,phases   ] GC(456) Pause Mark End 0.012ms
[45.915s][info][gc,phases   ] GC(456) Concurrent Mark Free 0.001ms
[45.916s][info][gc,phases   ] GC(456) Concurrent Process Non-Strong References 0.732ms
[45.916s][info][gc,phases   ] GC(456) Concurrent Reset Relocation Set 0.002ms
[45.919s][info][gc,phases   ] GC(456) Concurrent Select Relocation Set 3.676ms
[45.920s][info][gc,phases   ] GC(456) Pause Relocate Start 0.006ms
[45.922s][info][gc,phases   ] GC(456) Concurrent Relocate 2.708ms
[45.922s][info][gc,load     ] GC(456) Load: 0.00/0.00/0.00
[45.922s][info][gc,mmu      ] GC(456) MMU: 2ms/98.6%, 5ms/99.5%, 10ms/99.6%, 20ms/99.8%, 50ms/99.9%, 100ms/99.9%
[45.922s][info][gc,marking  ] GC(456) Mark: 4 stripe(s), 2 proactive flush(es), 1 terminate flush(es), 0 completion(s), 0 continuation(s) 
[45.922s][info][gc,marking  ] GC(456) Mark Stack Usage: 32M
[45.922s][info][gc,nmethod  ] GC(456) NMethods: 1376 registered, 49 unregistered
[45.923s][info][gc,metaspace] GC(456) Metaspace: 8M used, 8M committed, 1088M reserved
[45.923s][info][gc,ref      ] GC(456) Soft: 174 encountered, 0 discovered, 0 enqueued
[45.923s][info][gc,ref      ] GC(456) Weak: 570 encountered, 247 discovered, 0 enqueued
[45.923s][info][gc,ref      ] GC(456) Final: 0 encountered, 0 discovered, 0 enqueued
[45.923s][info][gc,ref      ] GC(456) Phantom: 21 encountered, 17 discovered, 0 enqueued
[45.923s][info][gc,reloc    ] GC(456) Small Pages: 31 / 62M, Empty: 14M, Relocated: 4M, In-Place: 0
[45.923s][info][gc,reloc    ] GC(456) Medium Pages: 2 / 32M, Empty: 0M, Relocated: 1M, In-Place: 0
[45.923s][info][gc,reloc    ] GC(456) Large Pages: 1 / 4M, Empty: 0M, Relocated: 0M, In-Place: 0
[45.923s][info][gc,reloc    ] GC(456) Forwarding Usage: 2M
[45.923s][info][gc,heap     ] GC(456) Min Capacity: 8M(2%)
[45.923s][info][gc,heap     ] GC(456) Max Capacity: 512M(100%)
[45.923s][info][gc,heap     ] GC(456) Soft Max Capacity: 512M(100%)
[45.923s][info][gc,heap     ] GC(456)                Mark Start          Mark End        Relocate Start      Relocate End           High               Low         
[45.923s][info][gc,heap     ] GC(456)  Capacity:      512M (100%)        512M (100%)        512M (100%)        512M (100%)        512M (100%)        512M (100%)   
[45.923s][info][gc,heap     ] GC(456)      Free:      414M (81%)         384M (75%)         396M (77%)         416M (81%)         416M (81%)         376M (73%)    
[45.923s][info][gc,heap     ] GC(456)      Used:       98M (19%)         128M (25%)         116M (23%)          96M (19%)         136M (27%)          96M (19%)    
[45.923s][info][gc,heap     ] GC(456)      Live:         -                37M (7%)           37M (7%)           37M (7%)             -                  -          
[45.923s][info][gc,heap     ] GC(456) Allocated:         -                30M (6%)           32M (6%)           31M (6%)             -                  -          
[45.923s][info][gc,heap     ] GC(456)   Garbage:         -                60M (12%)          46M (9%)           26M (5%)             -                  -          
[45.923s][info][gc,heap     ] GC(456) Reclaimed:         -                  -                14M (3%)           33M (7%)             -                  -          
[45.923s][info][gc          ] GC(456) Garbage Collection (Allocation Rate) 98M(19%)->96M(19%)
[45.980s][info][gc,start    ] GC(457) Garbage Collection (Allocation Rate)
[45.980s][info][gc,task     ] GC(457) Using 5 workers
[45.980s][info][gc,phases   ] GC(457) Pause Mark Start 0.015ms
[46.027s][info][gc,phases   ] GC(457) Concurrent Mark 46.533ms
[46.027s][info][gc,phases   ] GC(457) Pause Mark End 0.012ms
[46.027s][info][gc,phases   ] GC(457) Concurrent Mark Free 0.001ms
[46.028s][info][gc,phases   ] GC(457) Concurrent Process Non-Strong References 0.739ms
[46.028s][info][gc,phases   ] GC(457) Concurrent Reset Relocation Set 0.003ms
[46.031s][info][gc,phases   ] GC(457) Concurrent Select Relocation Set 3.703ms
[46.032s][info][gc,phases   ] GC(457) Pause Relocate Start 0.005ms
[46.036s][info][gc,phases   ] GC(457) Concurrent Relocate 3.939ms
[46.036s][info][gc,load     ] GC(457) Load: 0.00/0.00/0.00
[46.036s][info][gc,mmu      ] GC(457) MMU: 2ms/98.6%, 5ms/99.5%, 10ms/99.6%, 20ms/99.8%, 50ms/99.9%, 100ms/99.9%
[46.036s][info][gc,marking  ] GC(457) Mark: 4 stripe(s), 2 proactive flush(es), 1 terminate flush(es), 0 completion(s), 0 continuation(s) 
[46.036s][info][gc,marking  ] GC(457) Mark Stack Usage: 32M
[46.036s][info][gc,nmethod  ] GC(457) NMethods: 1376 registered, 49 unregistered
[46.036s][info][gc,metaspace] GC(457) Metaspace: 8M used, 8M committed, 1088M reserved
[46.036s][info][gc,ref      ] GC(457) Soft: 174 encountered, 0 discovered, 0 enqueued
[46.036s][info][gc,ref      ] GC(457) Weak: 570 encountered, 83 discovered, 0 enqueued
[46.036s][info][gc,ref      ] GC(457) Final: 0 encountered, 0 discovered, 0 enqueued
[46.036s][info][gc,ref      ] GC(457) Phantom: 21 encountered, 18 discovered, 0 enqueued
[46.036s][info][gc,reloc    ] GC(457) Small Pages: 37 / 74M, Empty: 16M, Relocated: 5M, In-Place: 0
[46.036s][info][gc,reloc    ] GC(457) Medium Pages: 2 / 32M, Empty: 0M, Relocated: 1M, In-Place: 0
[46.036s][info][gc,reloc    ] GC(457) Large Pages: 3 / 12M, Empty: 8M, Relocated: 0M, In-Place: 0
[46.036s][info][gc,reloc    ] GC(457) Forwarding Usage: 2M
[46.036s][info][gc,heap     ] GC(457) Min Capacity: 8M(2%)
[46.036s][info][gc,heap     ] GC(457) Max Capacity: 512M(100%)
[46.036s][info][gc,heap     ] GC(457) Soft Max Capacity: 512M(100%)
[46.036s][info][gc,heap     ] GC(457)                Mark Start          Mark End        Relocate Start      Relocate End           High               Low         
[46.036s][info][gc,heap     ] GC(457)  Capacity:      512M (100%)        512M (100%)        512M (100%)        512M (100%)        512M (100%)        512M (100%)   
[46.036s][info][gc,heap     ] GC(457)      Free:      394M (77%)         358M (70%)         382M (75%)         408M (80%)         408M (80%)         358M (70%)    
[46.036s][info][gc,heap     ] GC(457)      Used:      118M (23%)         154M (30%)         130M (25%)         104M (20%)         154M (30%)         104M (20%)    
[46.036s][info][gc,heap     ] GC(457)      Live:         -                42M (8%)           42M (8%)           42M (8%)             -                  -          
[46.036s][info][gc,heap     ] GC(457) Allocated:         -                36M (7%)           36M (7%)           37M (7%)             -                  -          
[46.036s][info][gc,heap     ] GC(457)   Garbage:         -                75M (15%)          51M (10%)          23M (5%)             -                  -          
[46.036s][info][gc,heap     ] GC(457) Reclaimed:         -                  -                24M (5%)           51M (10%)            -                  -          
[46.036s][info][gc          ] GC(457) Garbage Collection (Allocation Rate) 118M(23%)->104M(20%)
[46.089s][info][gc,start    ] GC(458) Garbage Collection (Allocation Rate)
[46.089s][info][gc,task     ] GC(458) Using 5 workers
[46.089s][info][gc,phases   ] GC(458) Pause Mark Start 0.013ms
[46.120s][info][gc,phases   ] GC(458) Concurrent Mark 30.913ms
[46.120s][info][gc,phases   ] GC(458) Pause Mark End 0.012ms
[46.121s][info][gc,phases   ] GC(458) Concurrent Mark Free 0.001ms
[46.121s][info][gc,phases   ] GC(458) Concurrent Process Non-Strong References 0.821ms
[46.121s][info][gc,phases   ] GC(458) Concurrent Reset Relocation Set 0.003ms
[46.128s][info][gc,phases   ] GC(458) Concurrent Select Relocation Set 6.497ms
[46.128s][info][gc,phases   ] GC(458) Pause Relocate Start 0.006ms
[46.131s][info][gc,phases   ] GC(458) Concurrent Relocate 2.703ms
[46.131s][info][gc,load     ] GC(458) Load: 0.00/0.00/0.00
[46.131s][info][gc,mmu      ] GC(458) MMU: 2ms/98.6%, 5ms/99.5%, 10ms/99.6%, 20ms/99.8%, 50ms/99.9%, 100ms/99.9%
[46.131s][info][gc,marking  ] GC(458) Mark: 4 stripe(s), 2 proactive flush(es), 1 terminate flush(es), 0 completion(s), 0 continuation(s) 
[46.131s][info][gc,marking  ] GC(458) Mark Stack Usage: 32M
[46.131s][info][gc,nmethod  ] GC(458) NMethods: 1376 registered, 49 unregistered
[46.131s][info][gc,metaspace] GC(458) Metaspace: 8M used, 8M committed, 1088M reserved
[46.131s][info][gc,ref      ] GC(458) Soft: 174 encountered, 0 discovered, 0 enqueued
[46.131s][info][gc,ref      ] GC(458) Weak: 570 encountered, 175 discovered, 0 enqueued
[46.131s][info][gc,ref      ] GC(458) Final: 0 encountered, 0 discovered, 0 enqueued
[46.131s][info][gc,ref      ] GC(458) Phantom: 21 encountered, 15 discovered, 0 enqueued
[46.131s][info][gc,reloc    ] GC(458) Small Pages: 30 / 60M, Empty: 16M, Relocated: 5M, In-Place: 0
[46.131s][info][gc,reloc    ] GC(458) Medium Pages: 2 / 32M, Empty: 16M, Relocated: 0M, In-Place: 0
[46.131s][info][gc,reloc    ] GC(458) Large Pages: 3 / 12M, Empty: 8M, Relocated: 0M, In-Place: 0
[46.131s][info][gc,reloc    ] GC(458) Forwarding Usage: 2M
[46.131s][info][gc,heap     ] GC(458) Min Capacity: 8M(2%)
[46.131s][info][gc,heap     ] GC(458) Max Capacity: 512M(100%)
[46.131s][info][gc,heap     ] GC(458) Soft Max Capacity: 512M(100%)
[46.131s][info][gc,heap     ] GC(458)                Mark Start          Mark End        Relocate Start      Relocate End           High               Low         
[46.131s][info][gc,heap     ] GC(458)  Capacity:      512M (100%)        512M (100%)        512M (100%)        512M (100%)        512M (100%)        512M (100%)   
[46.131s][info][gc,heap     ] GC(458)      Free:      408M (80%)         392M (77%)         432M (84%)         436M (85%)         436M (85%)         392M (77%)    
[46.132s][info][gc,heap     ] GC(458)      Used:      104M (20%)         120M (23%)          80M (16%)          76M (15%)         120M (23%)          76M (15%)    
[46.132s][info][gc,heap     ] GC(458)      Live:         -                32M (6%)           32M (6%)           32M (6%)             -                  -          
[46.132s][info][gc,heap     ] GC(458) Allocated:         -                16M (3%)           16M (3%)           17M (4%)             -                  -          
[46.132s][info][gc,heap     ] GC(458)   Garbage:         -                71M (14%)          31M (6%)           25M (5%)             -                  -          
[46.132s][info][gc,heap     ] GC(458) Reclaimed:         -                  -                40M (8%)           45M (9%)             -                  -          
[46.132s][info][gc          ] GC(458) Garbage Collection (Allocation Rate) 104M(20%)->76M(15%)
[46.183s][info][gc,start    ] GC(459) Garbage Collection (Allocation Rate)
[46.183s][info][gc,task     ] GC(459) Using 5 workers
[46.183s][info][gc,phases   ] GC(459) Pause Mark Start 0.013ms
[46.230s][info][gc,phases   ] GC(459) Concurrent Mark 46.580ms
[46.230s][info][gc,phases   ] GC(459) Pause Mark End 0.018ms
[46.230s][info][gc,phases   ] GC(459) Concurrent Mark Free 0.001ms
[46.231s][info][gc,phases   ] GC(459) Concurrent Process Non-Strong References 1.227ms
[46.231s][info][gc,phases   ] GC(459) Concurrent Reset Relocation Set 0.002ms
[46.235s][info][gc,phases   ] GC(459) Concurrent Select Relocation Set 3.621ms
[46.235s][info][gc,phases   ] GC(459) Pause Relocate Start 0.008ms
[46.239s][info][gc,phases   ] GC(459) Concurrent Relocate 4.049ms
[46.239s][info][gc,load     ] GC(459) Load: 0.00/0.00/0.00
[46.239s][info][gc,mmu      ] GC(459) MMU: 2ms/98.6%, 5ms/99.5%, 10ms/99.6%, 20ms/99.8%, 50ms/99.9%, 100ms/99.9%
[46.239s][info][gc,marking  ] GC(459) Mark: 4 stripe(s), 3 proactive flush(es), 1 terminate flush(es), 0 completion(s), 0 continuation(s) 
[46.239s][info][gc,marking  ] GC(459) Mark Stack Usage: 32M
[46.239s][info][gc,nmethod  ] GC(459) NMethods: 1376 registered, 49 unregistered
[46.239s][info][gc,metaspace] GC(459) Metaspace: 8M used, 8M committed, 1088M reserved
[46.239s][info][gc,ref      ] GC(459) Soft: 174 encountered, 0 discovered, 0 enqueued
[46.239s][info][gc,ref      ] GC(459) Weak: 570 encountered, 83 discovered, 0 enqueued
[46.239s][info][gc,ref      ] GC(459) Final: 0 encountered, 0 discovered, 0 enqueued
[46.239s][info][gc,ref      ] GC(459) Phantom: 21 encountered, 15 discovered, 0 enqueued
[46.239s][info][gc,reloc    ] GC(459) Small Pages: 20 / 40M, Empty: 0M, Relocated: 5M, In-Place: 0
[46.240s][info][gc,reloc    ] GC(459) Medium Pages: 2 / 32M, Empty: 0M, Relocated: 1M, In-Place: 0
[46.240s][info][gc,reloc    ] GC(459) Large Pages: 1 / 4M, Empty: 0M, Relocated: 0M, In-Place: 0
[46.240s][info][gc,reloc    ] GC(459) Forwarding Usage: 2M
[46.240s][info][gc,heap     ] GC(459) Min Capacity: 8M(2%)
[46.240s][info][gc,heap     ] GC(459) Max Capacity: 512M(100%)
[46.240s][info][gc,heap     ] GC(459) Soft Max Capacity: 512M(100%)
[46.240s][info][gc,heap     ] GC(459)                Mark Start          Mark End        Relocate Start      Relocate End           High               Low         
[46.240s][info][gc,heap     ] GC(459)  Capacity:      512M (100%)        512M (100%)        512M (100%)        512M (100%)        512M (100%)        512M (100%)   
[46.240s][info][gc,heap     ] GC(459)      Free:      436M (85%)         418M (82%)         416M (81%)         430M (84%)         436M (85%)         392M (77%)    
[46.240s][info][gc,heap     ] GC(459)      Used:       76M (15%)          94M (18%)          96M (19%)          82M (16%)         120M (23%)          76M (15%)    
[46.240s][info][gc,heap     ] GC(459)      Live:         -                32M (6%)           32M (6%)           32M (6%)             -                  -          
[46.240s][info][gc,heap     ] GC(459) Allocated:         -                18M (4%)           20M (4%)           23M (5%)             -                  -          
[46.240s][info][gc,heap     ] GC(459)   Garbage:         -                43M (8%)           43M (8%)           25M (5%)             -                  -          
[46.240s][info][gc,heap     ] GC(459) Reclaimed:         -                  -                 0M (0%)           17M (4%)             -                  -          
[46.240s][info][gc          ] GC(459) Garbage Collection (Allocation Rate) 76M(15%)->82M(16%)
[46.292s][info][gc,start    ] GC(460) Garbage Collection (Allocation Rate)
[46.292s][info][gc,task     ] GC(460) Using 5 workers
[46.292s][info][gc,phases   ] GC(460) Pause Mark Start 0.010ms
[46.323s][info][gc,phases   ] GC(460) Concurrent Mark 30.940ms
[46.324s][info][gc,phases   ] GC(460) Pause Mark End 0.009ms
[46.324s][info][gc,phases   ] GC(460) Concurrent Mark Free 0.001ms
[46.324s][info][gc,phases   ] GC(460) Concurrent Process Non-Strong References 0.690ms
[46.324s][info][gc,phases   ] GC(460) Concurrent Reset Relocation Set 0.002ms
[46.328s][info][gc,phases   ] GC(460) Concurrent Select Relocation Set 3.554ms
[46.328s][info][gc,phases   ] GC(460) Pause Relocate Start 0.004ms
[46.332s][info][gc,phases   ] GC(460) Concurrent Relocate 3.700ms
[46.332s][info][gc,load     ] GC(460) Load: 0.00/0.00/0.00
[46.332s][info][gc,mmu      ] GC(460) MMU: 2ms/98.6%, 5ms/99.5%, 10ms/99.6%, 20ms/99.8%, 50ms/99.9%, 100ms/99.9%
[46.332s][info][gc,marking  ] GC(460) Mark: 4 stripe(s), 2 proactive flush(es), 1 terminate flush(es), 0 completion(s), 0 continuation(s) 
[46.332s][info][gc,marking  ] GC(460) Mark Stack Usage: 32M
[46.332s][info][gc,nmethod  ] GC(460) NMethods: 1380 registered, 49 unregistered
[46.332s][info][gc,metaspace] GC(460) Metaspace: 8M used, 8M committed, 1088M reserved
[46.332s][info][gc,ref      ] GC(460) Soft: 174 encountered, 0 discovered, 0 enqueued
[46.332s][info][gc,ref      ] GC(460) Weak: 570 encountered, 135 discovered, 0 enqueued
[46.332s][info][gc,ref      ] GC(460) Final: 0 encountered, 0 discovered, 0 enqueued
[46.332s][info][gc,ref      ] GC(460) Phantom: 21 encountered, 9 discovered, 0 enqueued
[46.332s][info][gc,reloc    ] GC(460) Small Pages: 40 / 80M, Empty: 32M, Relocated: 5M, In-Place: 0
[46.332s][info][gc,reloc    ] GC(460) Medium Pages: 2 / 32M, Empty: 16M, Relocated: 0M, In-Place: 0
[46.332s][info][gc,reloc    ] GC(460) Large Pages: 1 / 4M, Empty: 0M, Relocated: 0M, In-Place: 0
[46.332s][info][gc,reloc    ] GC(460) Forwarding Usage: 2M
[46.332s][info][gc,heap     ] GC(460) Min Capacity: 8M(2%)
[46.332s][info][gc,heap     ] GC(460) Max Capacity: 512M(100%)
[46.332s][info][gc,heap     ] GC(460) Soft Max Capacity: 512M(100%)
[46.332s][info][gc,heap     ] GC(460)                Mark Start          Mark End        Relocate Start      Relocate End           High               Low         
[46.332s][info][gc,heap     ] GC(460)  Capacity:      512M (100%)        512M (100%)        512M (100%)        512M (100%)        512M (100%)        512M (100%)   
[46.332s][info][gc,heap     ] GC(460)      Free:      396M (77%)         386M (75%)         434M (85%)         444M (87%)         444M (87%)         386M (75%)    
[46.332s][info][gc,heap     ] GC(460)      Used:      116M (23%)         126M (25%)          78M (15%)          68M (13%)         126M (25%)          68M (13%)    
[46.333s][info][gc,heap     ] GC(460)      Live:         -                32M (6%)           32M (6%)           32M (6%)             -                  -          
[46.333s][info][gc,heap     ] GC(460) Allocated:         -                10M (2%)           10M (2%)           10M (2%)             -                  -          
[46.333s][info][gc,heap     ] GC(460)   Garbage:         -                83M (16%)          35M (7%)           25M (5%)             -                  -          
[46.333s][info][gc,heap     ] GC(460) Reclaimed:         -                  -                48M (9%)           58M (11%)            -                  -          
[46.333s][info][gc          ] GC(460) Garbage Collection (Allocation Rate) 116M(23%)->68M(13%)
[46.333s][info][gc,start    ] GC(461) Garbage Collection (System.gc())
[46.333s][info][gc,task     ] GC(461) Using 5 workers
[46.333s][info][gc,phases   ] GC(461) Pause Mark Start 0.005ms
[46.339s][info][gc,phases   ] GC(461) Concurrent Mark 6.255ms
[46.339s][info][gc,phases   ] GC(461) Pause Mark End 0.008ms
[46.339s][info][gc,phases   ] GC(461) Concurrent Mark Free 0.001ms
[46.340s][info][gc,phases   ] GC(461) Concurrent Process Non-Strong References 0.908ms
[46.340s][info][gc,phases   ] GC(461) Concurrent Reset Relocation Set 0.001ms
[46.344s][info][gc,phases   ] GC(461) Concurrent Select Relocation Set 3.923ms
[46.344s][info][gc,phases   ] GC(461) Pause Relocate Start 0.005ms
[46.347s][info][gc,phases   ] GC(461) Concurrent Relocate 2.589ms
[46.347s][info][gc,load     ] GC(461) Load: 0.00/0.00/0.00
[46.347s][info][gc,mmu      ] GC(461) MMU: 2ms/98.6%, 5ms/99.5%, 10ms/99.6%, 20ms/99.8%, 50ms/99.9%, 100ms/99.9%
[46.347s][info][gc,marking  ] GC(461) Mark: 4 stripe(s), 1 proactive flush(es), 1 terminate flush(es), 0 completion(s), 0 continuation(s) 
[46.347s][info][gc,marking  ] GC(461) Mark Stack Usage: 32M
[46.347s][info][gc,nmethod  ] GC(461) NMethods: 1379 registered, 50 unregistered
[46.347s][info][gc,metaspace] GC(461) Metaspace: 8M used, 8M committed, 1088M reserved
[46.347s][info][gc,ref      ] GC(461) Soft: 174 encountered, 0 discovered, 0 enqueued
[46.347s][info][gc,ref      ] GC(461) Weak: 570 encountered, 225 discovered, 0 enqueued
[46.347s][info][gc,ref      ] GC(461) Final: 0 encountered, 0 discovered, 0 enqueued
[46.347s][info][gc,ref      ] GC(461) Phantom: 21 encountered, 18 discovered, 0 enqueued
[46.347s][info][gc,reloc    ] GC(461) Small Pages: 24 / 48M, Empty: 30M, Relocated: 1M, In-Place: 0
[46.347s][info][gc,reloc    ] GC(461) Medium Pages: 1 / 16M, Empty: 16M, Relocated: 0M, In-Place: 0
[46.347s][info][gc,reloc    ] GC(461) Large Pages: 1 / 4M, Empty: 4M, Relocated: 0M, In-Place: 0
[46.347s][info][gc,reloc    ] GC(461) Forwarding Usage: 0M
[46.347s][info][gc,heap     ] GC(461) Min Capacity: 8M(2%)
[46.347s][info][gc,heap     ] GC(461) Max Capacity: 512M(100%)
[46.347s][info][gc,heap     ] GC(461) Soft Max Capacity: 512M(100%)
[46.347s][info][gc,heap     ] GC(461)                Mark Start          Mark End        Relocate Start      Relocate End           High               Low         
[46.347s][info][gc,heap     ] GC(461)  Capacity:      512M (100%)        512M (100%)        512M (100%)        512M (100%)        512M (100%)        512M (100%)   
[46.347s][info][gc,heap     ] GC(461)      Free:      444M (87%)         444M (87%)         494M (96%)         498M (97%)         498M (97%)         444M (87%)    
[46.347s][info][gc,heap     ] GC(461)      Used:       68M (13%)          68M (13%)          18M (4%)           14M (3%)           68M (13%)          14M (3%)     
[46.348s][info][gc,heap     ] GC(461)      Live:         -                 4M (1%)            4M (1%)            4M (1%)             -                  -          
[46.348s][info][gc,heap     ] GC(461) Allocated:         -                 0M (0%)            0M (0%)            0M (0%)             -                  -          
[46.348s][info][gc,heap     ] GC(461)   Garbage:         -                63M (12%)          13M (3%)            9M (2%)             -                  -          
[46.348s][info][gc,heap     ] GC(461) Reclaimed:         -                  -                50M (10%)          54M (11%)            -                  -          
[46.348s][info][gc          ] GC(461) Garbage Collection (System.gc()) 68M(13%)->14M(3%)
[46.386s][info][gc,start    ] GC(462) Garbage Collection (Allocation Rate)
[46.386s][info][gc,task     ] GC(462) Using 5 workers
[46.386s][info][gc,phases   ] GC(462) Pause Mark Start 0.010ms
[46.402s][info][gc,phases   ] GC(462) Concurrent Mark 15.388ms
[46.402s][info][gc,phases   ] GC(462) Pause Mark End 0.011ms
[46.402s][info][gc,phases   ] GC(462) Concurrent Mark Free 0.001ms
[46.403s][info][gc,phases   ] GC(462) Concurrent Process Non-Strong References 0.995ms
[46.403s][info][gc,phases   ] GC(462) Concurrent Reset Relocation Set 0.001ms
[46.407s][info][gc,phases   ] GC(462) Concurrent Select Relocation Set 4.125ms
[46.407s][info][gc,phases   ] GC(462) Pause Relocate Start 0.006ms
[46.410s][info][gc,phases   ] GC(462) Concurrent Relocate 2.739ms
[46.410s][info][gc,load     ] GC(462) Load: 0.00/0.00/0.00
[46.410s][info][gc,mmu      ] GC(462) MMU: 2ms/98.6%, 5ms/99.5%, 10ms/99.6%, 20ms/99.8%, 50ms/99.9%, 100ms/99.9%
[46.410s][info][gc,marking  ] GC(462) Mark: 4 stripe(s), 2 proactive flush(es), 1 terminate flush(es), 0 completion(s), 0 continuation(s) 
[46.410s][info][gc,marking  ] GC(462) Mark Stack Usage: 32M
[46.410s][info][gc,nmethod  ] GC(462) NMethods: 1379 registered, 50 unregistered
[46.410s][info][gc,metaspace] GC(462) Metaspace: 8M used, 8M committed, 1088M reserved
[46.410s][info][gc,ref      ] GC(462) Soft: 174 encountered, 0 discovered, 0 enqueued
[46.410s][info][gc,ref      ] GC(462) Weak: 570 encountered, 92 discovered, 0 enqueued
[46.410s][info][gc,ref      ] GC(462) Final: 0 encountered, 0 discovered, 0 enqueued
[46.410s][info][gc,ref      ] GC(462) Phantom: 21 encountered, 19 discovered, 0 enqueued
[46.410s][info][gc,reloc    ] GC(462) Small Pages: 40 / 80M, Empty: 52M, Relocated: 1M, In-Place: 0
[46.410s][info][gc,reloc    ] GC(462) Medium Pages: 0 / 0M, Empty: 0M, Relocated: 0M, In-Place: 0
[46.410s][info][gc,reloc    ] GC(462) Large Pages: 0 / 0M, Empty: 0M, Relocated: 0M, In-Place: 0
[46.410s][info][gc,reloc    ] GC(462) Forwarding Usage: 0M
[46.410s][info][gc,heap     ] GC(462) Min Capacity: 8M(2%)
[46.410s][info][gc,heap     ] GC(462) Max Capacity: 512M(100%)
[46.410s][info][gc,heap     ] GC(462) Soft Max Capacity: 512M(100%)
[46.411s][info][gc,heap     ] GC(462)                Mark Start          Mark End        Relocate Start      Relocate End           High               Low         
[46.411s][info][gc,heap     ] GC(462)  Capacity:      512M (100%)        512M (100%)        512M (100%)        512M (100%)        512M (100%)        512M (100%)   
[46.411s][info][gc,heap     ] GC(462)      Free:      432M (84%)         416M (81%)         460M (90%)         468M (91%)         470M (92%)         408M (80%)    
[46.411s][info][gc,heap     ] GC(462)      Used:       80M (16%)          96M (19%)          52M (10%)          44M (9%)          104M (20%)          42M (8%)     
[46.411s][info][gc,heap     ] GC(462)      Live:         -                 4M (1%)            4M (1%)            4M (1%)             -                  -          
[46.411s][info][gc,heap     ] GC(462) Allocated:         -                16M (3%)           24M (5%)           29M (6%)             -                  -          
[46.411s][info][gc,heap     ] GC(462)   Garbage:         -                75M (15%)          23M (5%)            9M (2%)             -                  -          
[46.411s][info][gc,heap     ] GC(462) Reclaimed:         -                  -                52M (10%)          65M (13%)            -                  -          
[46.411s][info][gc          ] GC(462) Garbage Collection (Allocation Rate) 80M(16%)->44M(9%)
[46.495s][info][gc,start    ] GC(463) Garbage Collection (Allocation Rate)
[46.495s][info][gc,task     ] GC(463) Using 5 workers
[46.495s][info][gc,phases   ] GC(463) Pause Mark Start 0.009ms
[46.511s][info][gc,phases   ] GC(463) Concurrent Mark 15.347ms
[46.511s][info][gc,phases   ] GC(463) Pause Mark End 0.011ms
[46.511s][info][gc,phases   ] GC(463) Concurrent Mark Free 0.001ms
[46.512s][info][gc,phases   ] GC(463) Concurrent Process Non-Strong References 1.126ms
[46.512s][info][gc,phases   ] GC(463) Concurrent Reset Relocation Set 0.003ms
[46.516s][info][gc,phases   ] GC(463) Concurrent Select Relocation Set 3.589ms
[46.516s][info][gc,phases   ] GC(463) Pause Relocate Start 0.005ms
[46.517s][info][gc,phases   ] GC(463) Concurrent Relocate 0.945ms
[46.517s][info][gc,load     ] GC(463) Load: 0.00/0.00/0.00
[46.517s][info][gc,mmu      ] GC(463) MMU: 2ms/98.6%, 5ms/99.5%, 10ms/99.6%, 20ms/99.8%, 50ms/99.9%, 100ms/99.9%
[46.517s][info][gc,marking  ] GC(463) Mark: 4 stripe(s), 2 proactive flush(es), 1 terminate flush(es), 0 completion(s), 0 continuation(s) 
[46.517s][info][gc,marking  ] GC(463) Mark Stack Usage: 32M
[46.517s][info][gc,nmethod  ] GC(463) NMethods: 1379 registered, 50 unregistered
[46.517s][info][gc,metaspace] GC(463) Metaspace: 8M used, 8M committed, 1088M reserved
[46.517s][info][gc,ref      ] GC(463) Soft: 174 encountered, 0 discovered, 0 enqueued
[46.517s][info][gc,ref      ] GC(463) Weak: 570 encountered, 212 discovered, 0 enqueued
[46.517s][info][gc,ref      ] GC(463) Final: 0 encountered, 0 discovered, 0 enqueued
[46.517s][info][gc,ref      ] GC(463) Phantom: 21 encountered, 16 discovered, 0 enqueued
[46.517s][info][gc,reloc    ] GC(463) Small Pages: 135 / 270M, Empty: 240M, Relocated: 0M, In-Place: 0
[46.517s][info][gc,reloc    ] GC(463) Medium Pages: 0 / 0M, Empty: 0M, Relocated: 0M, In-Place: 0
[46.517s][info][gc,reloc    ] GC(463) Large Pages: 0 / 0M, Empty: 0M, Relocated: 0M, In-Place: 0
[46.517s][info][gc,reloc    ] GC(463) Forwarding Usage: 0M
[46.517s][info][gc,heap     ] GC(463) Min Capacity: 8M(2%)
[46.518s][info][gc,heap     ] GC(463) Max Capacity: 512M(100%)
[46.518s][info][gc,heap     ] GC(463) Soft Max Capacity: 512M(100%)
[46.518s][info][gc,heap     ] GC(463)                Mark Start          Mark End        Relocate Start      Relocate End           High               Low         
[46.518s][info][gc,heap     ] GC(463)  Capacity:      512M (100%)        512M (100%)        512M (100%)        512M (100%)        512M (100%)        512M (100%)   
[46.518s][info][gc,heap     ] GC(463)      Free:      242M (47%)         202M (39%)         428M (84%)         440M (86%)         440M (86%)         198M (39%)    
[46.518s][info][gc,heap     ] GC(463)      Used:      270M (53%)         310M (61%)          84M (16%)          72M (14%)         314M (61%)          72M (14%)    
[46.518s][info][gc,heap     ] GC(463)      Live:         -                 5M (1%)            5M (1%)            5M (1%)             -                  -          
[46.518s][info][gc,heap     ] GC(463) Allocated:         -                40M (8%)           54M (11%)          55M (11%)            -                  -          
[46.518s][info][gc,heap     ] GC(463)   Garbage:         -               264M (52%)          24M (5%)           10M (2%)             -                  -          
[46.518s][info][gc,heap     ] GC(463) Reclaimed:         -                  -               240M (47%)         253M (50%)            -                  -          
[46.518s][info][gc          ] GC(463) Garbage Collection (Allocation Rate) 270M(53%)->72M(14%)
[46.581s][info][gc,start    ] GC(464) Garbage Collection (Allocation Rate)
[46.581s][info][gc,task     ] GC(464) Using 5 workers
[46.581s][info][gc,phases   ] GC(464) Pause Mark Start 0.009ms
[46.597s][info][gc,phases   ] GC(464) Concurrent Mark 15.403ms
[46.597s][info][gc,phases   ] GC(464) Pause Mark End 0.012ms
[46.597s][info][gc,phases   ] GC(464) Concurrent Mark Free 0.001ms
[46.598s][info][gc,phases   ] GC(464) Concurrent Process Non-Strong References 1.044ms
[46.598s][info][gc,phases   ] GC(464) Concurrent Reset Relocation Set 0.002ms
[46.602s][info][gc,phases   ] GC(464) Concurrent Select Relocation Set 3.587ms
[46.602s][info][gc,phases   ] GC(464) Pause Relocate Start 0.005ms
[46.603s][info][gc,phases   ] GC(464) Concurrent Relocate 0.896ms
[46.603s][info][gc,load     ] GC(464) Load: 0.00/0.00/0.00
[46.603s][info][gc,mmu      ] GC(464) MMU: 2ms/98.6%, 5ms/99.5%, 10ms/99.6%, 20ms/99.8%, 50ms/99.9%, 100ms/99.9%
[46.603s][info][gc,marking  ] GC(464) Mark: 4 stripe(s), 2 proactive flush(es), 1 terminate flush(es), 0 completion(s), 0 continuation(s) 
[46.603s][info][gc,marking  ] GC(464) Mark Stack Usage: 32M
[46.603s][info][gc,nmethod  ] GC(464) NMethods: 1379 registered, 50 unregistered
[46.603s][info][gc,metaspace] GC(464) Metaspace: 8M used, 8M committed, 1088M reserved
[46.603s][info][gc,ref      ] GC(464) Soft: 174 encountered, 0 discovered, 0 enqueued
[46.603s][info][gc,ref      ] GC(464) Weak: 570 encountered, 37 discovered, 0 enqueued
[46.603s][info][gc,ref      ] GC(464) Final: 0 encountered, 0 discovered, 0 enqueued
[46.603s][info][gc,ref      ] GC(464) Phantom: 21 encountered, 14 discovered, 0 enqueued
[46.603s][info][gc,reloc    ] GC(464) Small Pages: 122 / 244M, Empty: 222M, Relocated: 1M, In-Place: 0
[46.603s][info][gc,reloc    ] GC(464) Medium Pages: 0 / 0M, Empty: 0M, Relocated: 0M, In-Place: 0
[46.603s][info][gc,reloc    ] GC(464) Large Pages: 0 / 0M, Empty: 0M, Relocated: 0M, In-Place: 0
[46.603s][info][gc,reloc    ] GC(464) Forwarding Usage: 0M
[46.603s][info][gc,heap     ] GC(464) Min Capacity: 8M(2%)
[46.603s][info][gc,heap     ] GC(464) Max Capacity: 512M(100%)
[46.603s][info][gc,heap     ] GC(464) Soft Max Capacity: 512M(100%)
[46.603s][info][gc,heap     ] GC(464)                Mark Start          Mark End        Relocate Start      Relocate End           High               Low         
[46.603s][info][gc,heap     ] GC(464)  Capacity:      512M (100%)        512M (100%)        512M (100%)        512M (100%)        512M (100%)        512M (100%)   
[46.603s][info][gc,heap     ] GC(464)      Free:      268M (52%)         224M (44%)         434M (85%)         438M (86%)         438M (86%)         222M (43%)    
[46.603s][info][gc,heap     ] GC(464)      Used:      244M (48%)         288M (56%)          78M (15%)          74M (14%)         290M (57%)          74M (14%)    
[46.603s][info][gc,heap     ] GC(464)      Live:         -                 5M (1%)            5M (1%)            5M (1%)             -                  -          
[46.603s][info][gc,heap     ] GC(464) Allocated:         -                44M (9%)           56M (11%)          57M (11%)            -                  -          
[46.603s][info][gc,heap     ] GC(464)   Garbage:         -               238M (46%)          16M (3%)           10M (2%)             -                  -          
[46.603s][info][gc,heap     ] GC(464) Reclaimed:         -                  -               222M (43%)         227M (45%)            -                  -          
[46.603s][info][gc          ] GC(464) Garbage Collection (Allocation Rate) 244M(48%)->74M(14%)
[46.679s][info][gc,start    ] GC(465) Garbage Collection (Allocation Rate)
[46.679s][info][gc,task     ] GC(465) Using 5 workers
[46.680s][info][gc,phases   ] GC(465) Pause Mark Start 0.014ms
[46.688s][info][gc,phases   ] GC(465) Concurrent Mark 8.671ms
[46.688s][info][gc,phases   ] GC(465) Pause Mark End 0.016ms
[46.689s][info][gc,phases   ] GC(465) Concurrent Mark Free 0.001ms
[46.690s][info][gc,phases   ] GC(465) Concurrent Process Non-Strong References 1.111ms
[46.690s][info][gc,phases   ] GC(465) Concurrent Reset Relocation Set 0.002ms
[46.695s][info][gc,phases   ] GC(465) Concurrent Select Relocation Set 5.005ms
[46.695s][info][gc,phases   ] GC(465) Pause Relocate Start 0.008ms
[46.698s][info][gc,phases   ] GC(465) Concurrent Relocate 2.933ms
[46.698s][info][gc,load     ] GC(465) Load: 0.00/0.00/0.00
[46.698s][info][gc,mmu      ] GC(465) MMU: 2ms/98.6%, 5ms/99.5%, 10ms/99.6%, 20ms/99.8%, 50ms/99.9%, 100ms/99.9%
[46.698s][info][gc,marking  ] GC(465) Mark: 4 stripe(s), 2 proactive flush(es), 1 terminate flush(es), 0 completion(s), 0 continuation(s) 
[46.698s][info][gc,marking  ] GC(465) Mark Stack Usage: 32M
[46.698s][info][gc,nmethod  ] GC(465) NMethods: 1379 registered, 50 unregistered
[46.698s][info][gc,metaspace] GC(465) Metaspace: 8M used, 8M committed, 1088M reserved
[46.698s][info][gc,ref      ] GC(465) Soft: 174 encountered, 0 discovered, 0 enqueued
[46.698s][info][gc,ref      ] GC(465) Weak: 570 encountered, 164 discovered, 0 enqueued
[46.698s][info][gc,ref      ] GC(465) Final: 0 encountered, 0 discovered, 0 enqueued
[46.698s][info][gc,ref      ] GC(465) Phantom: 21 encountered, 18 discovered, 0 enqueued
[46.698s][info][gc,reloc    ] GC(465) Small Pages: 131 / 262M, Empty: 234M, Relocated: 3M, In-Place: 0
[46.698s][info][gc,reloc    ] GC(465) Medium Pages: 1 / 16M, Empty: 0M, Relocated: 0M, In-Place: 0
[46.698s][info][gc,reloc    ] GC(465) Large Pages: 0 / 0M, Empty: 0M, Relocated: 0M, In-Place: 0
[46.698s][info][gc,reloc    ] GC(465) Forwarding Usage: 1M
[46.698s][info][gc,heap     ] GC(465) Min Capacity: 8M(2%)
[46.698s][info][gc,heap     ] GC(465) Max Capacity: 512M(100%)
[46.698s][info][gc,heap     ] GC(465) Soft Max Capacity: 512M(100%)
[46.698s][info][gc,heap     ] GC(465)                Mark Start          Mark End        Relocate Start      Relocate End           High               Low         
[46.698s][info][gc,heap     ] GC(465)  Capacity:      512M (100%)        512M (100%)        512M (100%)        512M (100%)        512M (100%)        512M (100%)   
[46.698s][info][gc,heap     ] GC(465)      Free:      234M (46%)         210M (41%)         426M (83%)         434M (85%)         434M (85%)         206M (40%)    
[46.699s][info][gc,heap     ] GC(465)      Used:      278M (54%)         302M (59%)          86M (17%)          78M (15%)         306M (60%)          78M (15%)    
[46.699s][info][gc,heap     ] GC(465)      Live:         -                 6M (1%)            6M (1%)            6M (1%)             -                  -          
[46.699s][info][gc,heap     ] GC(465) Allocated:         -                24M (5%)           42M (8%)           47M (9%)             -                  -          
[46.699s][info][gc,heap     ] GC(465)   Garbage:         -               271M (53%)          37M (7%)           23M (5%)             -                  -          
[46.699s][info][gc,heap     ] GC(465) Reclaimed:         -                  -               234M (46%)         247M (48%)            -                  -          
[46.699s][info][gc          ] GC(465) Garbage Collection (Allocation Rate) 278M(54%)->78M(15%)
[46.780s][info][gc,start    ] GC(466) Garbage Collection (Allocation Rate)
[46.780s][info][gc,task     ] GC(466) Using 5 workers
[46.780s][info][gc,phases   ] GC(466) Pause Mark Start 0.013ms
[46.792s][info][gc,phases   ] GC(466) Concurrent Mark 11.696ms
[46.792s][info][gc,phases   ] GC(466) Pause Mark End 0.012ms
[46.792s][info][gc,phases   ] GC(466) Concurrent Mark Free 0.001ms
[46.793s][info][gc,phases   ] GC(466) Concurrent Process Non-Strong References 1.012ms
[46.793s][info][gc,phases   ] GC(466) Concurrent Reset Relocation Set 0.002ms
[46.797s][info][gc,phases   ] GC(466) Concurrent Select Relocation Set 3.787ms
[46.797s][info][gc,phases   ] GC(466) Pause Relocate Start 0.007ms
[46.799s][info][gc,phases   ] GC(466) Concurrent Relocate 1.389ms
[46.799s][info][gc,load     ] GC(466) Load: 0.00/0.00/0.00
[46.799s][info][gc,mmu      ] GC(466) MMU: 2ms/98.6%, 5ms/99.5%, 10ms/99.6%, 20ms/99.8%, 50ms/99.9%, 100ms/99.9%
[46.799s][info][gc,marking  ] GC(466) Mark: 4 stripe(s), 2 proactive flush(es), 1 terminate flush(es), 0 completion(s), 0 continuation(s) 
[46.799s][info][gc,marking  ] GC(466) Mark Stack Usage: 32M
[46.799s][info][gc,nmethod  ] GC(466) NMethods: 1379 registered, 50 unregistered
[46.799s][info][gc,metaspace] GC(466) Metaspace: 8M used, 8M committed, 1088M reserved
[46.799s][info][gc,ref      ] GC(466) Soft: 174 encountered, 0 discovered, 0 enqueued
[46.799s][info][gc,ref      ] GC(466) Weak: 570 encountered, 5 discovered, 0 enqueued
[46.799s][info][gc,ref      ] GC(466) Final: 0 encountered, 0 discovered, 0 enqueued
[46.799s][info][gc,ref      ] GC(466) Phantom: 21 encountered, 18 discovered, 0 enqueued
[46.799s][info][gc,reloc    ] GC(466) Small Pages: 143 / 286M, Empty: 258M, Relocated: 2M, In-Place: 0
[46.799s][info][gc,reloc    ] GC(466) Medium Pages: 1 / 16M, Empty: 0M, Relocated: 0M, In-Place: 0
[46.799s][info][gc,reloc    ] GC(466) Large Pages: 0 / 0M, Empty: 0M, Relocated: 0M, In-Place: 0
[46.799s][info][gc,reloc    ] GC(466) Forwarding Usage: 1M
[46.799s][info][gc,heap     ] GC(466) Min Capacity: 8M(2%)
[46.799s][info][gc,heap     ] GC(466) Max Capacity: 512M(100%)
[46.799s][info][gc,heap     ] GC(466) Soft Max Capacity: 512M(100%)
[46.799s][info][gc,heap     ] GC(466)                Mark Start          Mark End        Relocate Start      Relocate End           High               Low         
[46.799s][info][gc,heap     ] GC(466)  Capacity:      512M (100%)        512M (100%)        512M (100%)        512M (100%)        512M (100%)        512M (100%)   
[46.799s][info][gc,heap     ] GC(466)      Free:      210M (41%)         178M (35%)         422M (82%)         432M (84%)         432M (84%)         176M (34%)    
[46.799s][info][gc,heap     ] GC(466)      Used:      302M (59%)         334M (65%)          90M (18%)          80M (16%)         336M (66%)          80M (16%)    
[46.799s][info][gc,heap     ] GC(466)      Live:         -                 7M (1%)            7M (1%)            7M (1%)             -                  -          
[46.800s][info][gc,heap     ] GC(466) Allocated:         -                32M (6%)           46M (9%)           47M (9%)             -                  -          
[46.800s][info][gc,heap     ] GC(466)   Garbage:         -               294M (58%)          36M (7%)           24M (5%)             -                  -          
[46.800s][info][gc,heap     ] GC(466) Reclaimed:         -                  -               258M (50%)         269M (53%)            -                  -          
[46.800s][info][gc          ] GC(466) Garbage Collection (Allocation Rate) 302M(59%)->80M(16%)
[46.880s][info][gc,start    ] GC(467) Garbage Collection (Allocation Rate)
[46.880s][info][gc,task     ] GC(467) Using 5 workers
[46.880s][info][gc,phases   ] GC(467) Pause Mark Start 0.015ms
[46.894s][info][gc,phases   ] GC(467) Concurrent Mark 13.642ms
[46.894s][info][gc,phases   ] GC(467) Pause Mark End 0.013ms
[46.894s][info][gc,phases   ] GC(467) Concurrent Mark Free 0.001ms
[46.895s][info][gc,phases   ] GC(467) Concurrent Process Non-Strong References 1.021ms
[46.895s][info][gc,phases   ] GC(467) Concurrent Reset Relocation Set 0.002ms
[46.901s][info][gc,phases   ] GC(467) Concurrent Select Relocation Set 5.686ms
[46.901s][info][gc,phases   ] GC(467) Pause Relocate Start 0.006ms
[46.905s][info][gc,phases   ] GC(467) Concurrent Relocate 3.738ms
[46.905s][info][gc,load     ] GC(467) Load: 0.00/0.00/0.00
[46.905s][info][gc,mmu      ] GC(467) MMU: 2ms/98.6%, 5ms/99.5%, 10ms/99.6%, 20ms/99.8%, 50ms/99.9%, 100ms/99.9%
[46.905s][info][gc,marking  ] GC(467) Mark: 4 stripe(s), 5 proactive flush(es), 1 terminate flush(es), 0 completion(s), 0 continuation(s) 
[46.905s][info][gc,marking  ] GC(467) Mark Stack Usage: 32M
[46.905s][info][gc,nmethod  ] GC(467) NMethods: 1379 registered, 50 unregistered
[46.905s][info][gc,metaspace] GC(467) Metaspace: 8M used, 8M committed, 1088M reserved
[46.905s][info][gc,ref      ] GC(467) Soft: 174 encountered, 0 discovered, 0 enqueued
[46.905s][info][gc,ref      ] GC(467) Weak: 570 encountered, 6 discovered, 0 enqueued
[46.905s][info][gc,ref      ] GC(467) Final: 0 encountered, 0 discovered, 0 enqueued
[46.905s][info][gc,ref      ] GC(467) Phantom: 21 encountered, 18 discovered, 0 enqueued
[46.905s][info][gc,reloc    ] GC(467) Small Pages: 132 / 264M, Empty: 234M, Relocated: 3M, In-Place: 0
[46.905s][info][gc,reloc    ] GC(467) Medium Pages: 1 / 16M, Empty: 0M, Relocated: 0M, In-Place: 0
[46.905s][info][gc,reloc    ] GC(467) Large Pages: 0 / 0M, Empty: 0M, Relocated: 0M, In-Place: 0
[46.905s][info][gc,reloc    ] GC(467) Forwarding Usage: 1M
[46.905s][info][gc,heap     ] GC(467) Min Capacity: 8M(2%)
[46.905s][info][gc,heap     ] GC(467) Max Capacity: 512M(100%)
[46.905s][info][gc,heap     ] GC(467) Soft Max Capacity: 512M(100%)
[46.905s][info][gc,heap     ] GC(467)                Mark Start          Mark End        Relocate Start      Relocate End           High               Low         
[46.905s][info][gc,heap     ] GC(467)  Capacity:      512M (100%)        512M (100%)        512M (100%)        512M (100%)        512M (100%)        512M (100%)   
[46.906s][info][gc,heap     ] GC(467)      Free:      232M (45%)         212M (41%)         432M (84%)         436M (85%)         440M (86%)         210M (41%)    
[46.906s][info][gc,heap     ] GC(467)      Used:      280M (55%)         300M (59%)          80M (16%)          76M (15%)         302M (59%)          72M (14%)    
[46.906s][info][gc,heap     ] GC(467)      Live:         -                 8M (2%)            8M (2%)            8M (2%)             -                  -          
[46.906s][info][gc,heap     ] GC(467) Allocated:         -                20M (4%)           34M (7%)           43M (9%)             -                  -          
[46.906s][info][gc,heap     ] GC(467)   Garbage:         -               271M (53%)          37M (7%)           23M (5%)             -                  -          
[46.906s][info][gc,heap     ] GC(467) Reclaimed:         -                  -               234M (46%)         247M (48%)            -                  -          
[46.906s][info][gc          ] GC(467) Garbage Collection (Allocation Rate) 280M(55%)->76M(15%)
[46.981s][info][gc,start    ] GC(468) Garbage Collection (Allocation Rate)
[46.981s][info][gc,task     ] GC(468) Using 5 workers
[46.981s][info][gc,phases   ] GC(468) Pause Mark Start 0.012ms
[46.995s][info][gc,phases   ] GC(468) Concurrent Mark 13.706ms
[46.995s][info][gc,phases   ] GC(468) Pause Mark End 0.012ms
[46.995s][info][gc,phases   ] GC(468) Concurrent Mark Free 0.001ms
[46.996s][info][gc,phases   ] GC(468) Concurrent Process Non-Strong References 0.871ms
[46.996s][info][gc,phases   ] GC(468) Concurrent Reset Relocation Set 0.002ms
[47.002s][info][gc,phases   ] GC(468) Concurrent Select Relocation Set 6.195ms
[47.002s][info][gc,phases   ] GC(468) Pause Relocate Start 0.005ms
[47.006s][info][gc,phases   ] GC(468) Concurrent Relocate 3.654ms
[47.006s][info][gc,load     ] GC(468) Load: 0.00/0.00/0.00
[47.006s][info][gc,mmu      ] GC(468) MMU: 2ms/98.6%, 5ms/99.5%, 10ms/99.6%, 20ms/99.8%, 50ms/99.9%, 100ms/99.9%
[47.006s][info][gc,marking  ] GC(468) Mark: 4 stripe(s), 3 proactive flush(es), 1 terminate flush(es), 0 completion(s), 0 continuation(s) 
[47.006s][info][gc,marking  ] GC(468) Mark Stack Usage: 32M
[47.006s][info][gc,nmethod  ] GC(468) NMethods: 1379 registered, 50 unregistered
[47.006s][info][gc,metaspace] GC(468) Metaspace: 8M used, 8M committed, 1088M reserved
[47.006s][info][gc,ref      ] GC(468) Soft: 174 encountered, 0 discovered, 0 enqueued
[47.006s][info][gc,ref      ] GC(468) Weak: 570 encountered, 120 discovered, 0 enqueued
[47.006s][info][gc,ref      ] GC(468) Final: 0 encountered, 0 discovered, 0 enqueued
[47.006s][info][gc,ref      ] GC(468) Phantom: 21 encountered, 16 discovered, 0 enqueued
[47.006s][info][gc,reloc    ] GC(468) Small Pages: 131 / 262M, Empty: 232M, Relocated: 5M, In-Place: 0
[47.006s][info][gc,reloc    ] GC(468) Medium Pages: 1 / 16M, Empty: 0M, Relocated: 0M, In-Place: 0
[47.006s][info][gc,reloc    ] GC(468) Large Pages: 0 / 0M, Empty: 0M, Relocated: 0M, In-Place: 0
[47.006s][info][gc,reloc    ] GC(468) Forwarding Usage: 2M
[47.006s][info][gc,heap     ] GC(468) Min Capacity: 8M(2%)
[47.006s][info][gc,heap     ] GC(468) Max Capacity: 512M(100%)
[47.006s][info][gc,heap     ] GC(468) Soft Max Capacity: 512M(100%)
[47.006s][info][gc,heap     ] GC(468)                Mark Start          Mark End        Relocate Start      Relocate End           High               Low         
[47.007s][info][gc,heap     ] GC(468)  Capacity:      512M (100%)        512M (100%)        512M (100%)        512M (100%)        512M (100%)        512M (100%)   
[47.007s][info][gc,heap     ] GC(468)      Free:      234M (46%)         200M (39%)         412M (80%)         418M (82%)         420M (82%)         198M (39%)    
[47.007s][info][gc,heap     ] GC(468)      Used:      278M (54%)         312M (61%)         100M (20%)          94M (18%)         314M (61%)          92M (18%)    
[47.007s][info][gc,heap     ] GC(468)      Live:         -                 8M (2%)            8M (2%)            8M (2%)             -                  -          
[47.007s][info][gc,heap     ] GC(468) Allocated:         -                34M (7%)           54M (11%)          63M (12%)            -                  -          
[47.007s][info][gc,heap     ] GC(468)   Garbage:         -               269M (53%)          37M (7%)           21M (4%)             -                  -          
[47.007s][info][gc,heap     ] GC(468) Reclaimed:         -                  -               232M (45%)         247M (48%)            -                  -          
[47.007s][info][gc          ] GC(468) Garbage Collection (Allocation Rate) 278M(54%)->94M(18%)
[47.081s][info][gc,start    ] GC(469) Garbage Collection (Allocation Rate)
[47.081s][info][gc,task     ] GC(469) Using 5 workers
[47.081s][info][gc,phases   ] GC(469) Pause Mark Start 0.015ms
[47.092s][info][gc,phases   ] GC(469) Concurrent Mark 10.661ms
[47.092s][info][gc,phases   ] GC(469) Pause Mark End 0.015ms
[47.092s][info][gc,phases   ] GC(469) Concurrent Mark Free 0.001ms
[47.093s][info][gc,phases   ] GC(469) Concurrent Process Non-Strong References 1.025ms
[47.093s][info][gc,phases   ] GC(469) Concurrent Reset Relocation Set 0.003ms
[47.097s][info][gc,phases   ] GC(469) Concurrent Select Relocation Set 3.948ms
[47.097s][info][gc,phases   ] GC(469) Pause Relocate Start 0.005ms
[47.100s][info][gc,phases   ] GC(469) Concurrent Relocate 2.830ms
[47.100s][info][gc,load     ] GC(469) Load: 0.00/0.00/0.00
[47.100s][info][gc,mmu      ] GC(469) MMU: 2ms/98.6%, 5ms/99.5%, 10ms/99.6%, 20ms/99.8%, 50ms/99.9%, 100ms/99.9%
[47.100s][info][gc,marking  ] GC(469) Mark: 4 stripe(s), 2 proactive flush(es), 1 terminate flush(es), 0 completion(s), 0 continuation(s) 
[47.100s][info][gc,marking  ] GC(469) Mark Stack Usage: 32M
[47.100s][info][gc,nmethod  ] GC(469) NMethods: 1379 registered, 50 unregistered
[47.100s][info][gc,metaspace] GC(469) Metaspace: 8M used, 8M committed, 1088M reserved
[47.100s][info][gc,ref      ] GC(469) Soft: 174 encountered, 0 discovered, 0 enqueued
[47.100s][info][gc,ref      ] GC(469) Weak: 570 encountered, 5 discovered, 0 enqueued
[47.100s][info][gc,ref      ] GC(469) Final: 0 encountered, 0 discovered, 0 enqueued
[47.100s][info][gc,ref      ] GC(469) Phantom: 21 encountered, 18 discovered, 0 enqueued
[47.100s][info][gc,reloc    ] GC(469) Small Pages: 110 / 220M, Empty: 194M, Relocated: 3M, In-Place: 0
[47.100s][info][gc,reloc    ] GC(469) Medium Pages: 2 / 32M, Empty: 16M, Relocated: 0M, In-Place: 0
[47.100s][info][gc,reloc    ] GC(469) Large Pages: 0 / 0M, Empty: 0M, Relocated: 0M, In-Place: 0
[47.100s][info][gc,reloc    ] GC(469) Forwarding Usage: 1M
[47.100s][info][gc,heap     ] GC(469) Min Capacity: 8M(2%)
[47.100s][info][gc,heap     ] GC(469) Max Capacity: 512M(100%)
[47.100s][info][gc,heap     ] GC(469) Soft Max Capacity: 512M(100%)
[47.100s][info][gc,heap     ] GC(469)                Mark Start          Mark End        Relocate Start      Relocate End           High               Low         
[47.101s][info][gc,heap     ] GC(469)  Capacity:      512M (100%)        512M (100%)        512M (100%)        512M (100%)        512M (100%)        512M (100%)   
[47.101s][info][gc,heap     ] GC(469)      Free:      260M (51%)         232M (45%)         428M (84%)         428M (84%)         430M (84%)         228M (45%)    
[47.101s][info][gc,heap     ] GC(469)      Used:      252M (49%)         280M (55%)          84M (16%)          84M (16%)         284M (55%)          82M (16%)    
[47.101s][info][gc,heap     ] GC(469)      Live:         -                 9M (2%)            9M (2%)            9M (2%)             -                  -          
[47.101s][info][gc,heap     ] GC(469) Allocated:         -                28M (5%)           42M (8%)           49M (10%)            -                  -          
[47.101s][info][gc,heap     ] GC(469)   Garbage:         -               242M (47%)          32M (6%)           24M (5%)             -                  -          
[47.101s][info][gc,heap     ] GC(469) Reclaimed:         -                  -               210M (41%)         217M (43%)            -                  -          
[47.101s][info][gc          ] GC(469) Garbage Collection (Allocation Rate) 252M(49%)->84M(16%)
[47.181s][info][gc,start    ] GC(470) Garbage Collection (Allocation Rate)
[47.181s][info][gc,task     ] GC(470) Using 5 workers
[47.181s][info][gc,phases   ] GC(470) Pause Mark Start 0.014ms
[47.197s][info][gc,phases   ] GC(470) Concurrent Mark 16.617ms
[47.198s][info][gc,phases   ] GC(470) Pause Mark End 0.013ms
[47.198s][info][gc,phases   ] GC(470) Concurrent Mark Free 0.001ms
[47.199s][info][gc,phases   ] GC(470) Concurrent Process Non-Strong References 0.902ms
[47.199s][info][gc,phases   ] GC(470) Concurrent Reset Relocation Set 0.002ms
[47.205s][info][gc,phases   ] GC(470) Concurrent Select Relocation Set 6.137ms
[47.205s][info][gc,phases   ] GC(470) Pause Relocate Start 0.006ms
[47.208s][info][gc,phases   ] GC(470) Concurrent Relocate 2.844ms
[47.208s][info][gc,load     ] GC(470) Load: 0.00/0.00/0.00
[47.208s][info][gc,mmu      ] GC(470) MMU: 2ms/98.6%, 5ms/99.5%, 10ms/99.6%, 20ms/99.8%, 50ms/99.9%, 100ms/99.9%
[47.208s][info][gc,marking  ] GC(470) Mark: 4 stripe(s), 5 proactive flush(es), 1 terminate flush(es), 0 completion(s), 0 continuation(s) 
[47.208s][info][gc,marking  ] GC(470) Mark Stack Usage: 32M
[47.208s][info][gc,nmethod  ] GC(470) NMethods: 1379 registered, 50 unregistered
[47.208s][info][gc,metaspace] GC(470) Metaspace: 8M used, 8M committed, 1088M reserved
[47.208s][info][gc,ref      ] GC(470) Soft: 174 encountered, 0 discovered, 0 enqueued
[47.208s][info][gc,ref      ] GC(470) Weak: 570 encountered, 64 discovered, 0 enqueued
[47.208s][info][gc,ref      ] GC(470) Final: 0 encountered, 0 discovered, 0 enqueued
[47.208s][info][gc,ref      ] GC(470) Phantom: 21 encountered, 15 discovered, 0 enqueued
[47.208s][info][gc,reloc    ] GC(470) Small Pages: 122 / 244M, Empty: 218M, Relocated: 4M, In-Place: 0
[47.208s][info][gc,reloc    ] GC(470) Medium Pages: 1 / 16M, Empty: 0M, Relocated: 0M, In-Place: 0
[47.208s][info][gc,reloc    ] GC(470) Large Pages: 0 / 0M, Empty: 0M, Relocated: 0M, In-Place: 0
[47.208s][info][gc,reloc    ] GC(470) Forwarding Usage: 2M
[47.208s][info][gc,heap     ] GC(470) Min Capacity: 8M(2%)
[47.208s][info][gc,heap     ] GC(470) Max Capacity: 512M(100%)
[47.208s][info][gc,heap     ] GC(470) Soft Max Capacity: 512M(100%)
[47.208s][info][gc,heap     ] GC(470)                Mark Start          Mark End        Relocate Start      Relocate End           High               Low         
[47.208s][info][gc,heap     ] GC(470)  Capacity:      512M (100%)        512M (100%)        512M (100%)        512M (100%)        512M (100%)        512M (100%)   
[47.208s][info][gc,heap     ] GC(470)      Free:      252M (49%)         206M (40%)         412M (80%)         418M (82%)         418M (82%)         204M (40%)    
[47.209s][info][gc,heap     ] GC(470)      Used:      260M (51%)         306M (60%)         100M (20%)          94M (18%)         308M (60%)          94M (18%)    
[47.209s][info][gc,heap     ] GC(470)      Live:         -                10M (2%)           10M (2%)           10M (2%)             -                  -          
[47.209s][info][gc,heap     ] GC(470) Allocated:         -                46M (9%)           58M (11%)          61M (12%)            -                  -          
[47.209s][info][gc,heap     ] GC(470)   Garbage:         -               249M (49%)          31M (6%)           21M (4%)             -                  -          
[47.209s][info][gc,heap     ] GC(470) Reclaimed:         -                  -               218M (43%)         227M (45%)            -                  -          
[47.209s][info][gc          ] GC(470) Garbage Collection (Allocation Rate) 260M(51%)->94M(18%)
[47.280s][info][gc,start    ] GC(471) Garbage Collection (Allocation Rate)
[47.281s][info][gc,task     ] GC(471) Using 5 workers
[47.281s][info][gc,phases   ] GC(471) Pause Mark Start 0.014ms
[47.296s][info][gc,phases   ] GC(471) Concurrent Mark 15.642ms
[47.296s][info][gc,phases   ] GC(471) Pause Mark End 0.013ms
[47.297s][info][gc,phases   ] GC(471) Concurrent Mark Free 0.001ms
[47.297s][info][gc,phases   ] GC(471) Concurrent Process Non-Strong References 0.901ms
[47.297s][info][gc,phases   ] GC(471) Concurrent Reset Relocation Set 0.002ms
[47.301s][info][gc,phases   ] GC(471) Concurrent Select Relocation Set 3.550ms
[47.301s][info][gc,phases   ] GC(471) Pause Relocate Start 0.005ms
[47.303s][info][gc,phases   ] GC(471) Concurrent Relocate 2.098ms
[47.303s][info][gc,load     ] GC(471) Load: 0.00/0.00/0.00
[47.303s][info][gc,mmu      ] GC(471) MMU: 2ms/98.6%, 5ms/99.5%, 10ms/99.6%, 20ms/99.8%, 50ms/99.9%, 100ms/99.9%
[47.303s][info][gc,marking  ] GC(471) Mark: 4 stripe(s), 2 proactive flush(es), 1 terminate flush(es), 0 completion(s), 0 continuation(s) 
[47.303s][info][gc,marking  ] GC(471) Mark Stack Usage: 32M
[47.303s][info][gc,nmethod  ] GC(471) NMethods: 1379 registered, 50 unregistered
[47.303s][info][gc,metaspace] GC(471) Metaspace: 8M used, 8M committed, 1088M reserved
[47.304s][info][gc,ref      ] GC(471) Soft: 174 encountered, 0 discovered, 0 enqueued
[47.304s][info][gc,ref      ] GC(471) Weak: 570 encountered, 193 discovered, 0 enqueued
[47.304s][info][gc,ref      ] GC(471) Final: 0 encountered, 0 discovered, 0 enqueued
[47.304s][info][gc,ref      ] GC(471) Phantom: 21 encountered, 16 discovered, 0 enqueued
[47.304s][info][gc,reloc    ] GC(471) Small Pages: 133 / 266M, Empty: 232M, Relocated: 2M, In-Place: 0
[47.304s][info][gc,reloc    ] GC(471) Medium Pages: 1 / 16M, Empty: 0M, Relocated: 0M, In-Place: 0
[47.304s][info][gc,reloc    ] GC(471) Large Pages: 0 / 0M, Empty: 0M, Relocated: 0M, In-Place: 0
[47.304s][info][gc,reloc    ] GC(471) Forwarding Usage: 1M
[47.304s][info][gc,heap     ] GC(471) Min Capacity: 8M(2%)
[47.304s][info][gc,heap     ] GC(471) Max Capacity: 512M(100%)
[47.304s][info][gc,heap     ] GC(471) Soft Max Capacity: 512M(100%)
[47.304s][info][gc,heap     ] GC(471)                Mark Start          Mark End        Relocate Start      Relocate End           High               Low         
[47.304s][info][gc,heap     ] GC(471)  Capacity:      512M (100%)        512M (100%)        512M (100%)        512M (100%)        512M (100%)        512M (100%)   
[47.304s][info][gc,heap     ] GC(471)      Free:      230M (45%)         192M (38%)         410M (80%)         420M (82%)         420M (82%)         188M (37%)    
[47.304s][info][gc,heap     ] GC(471)      Used:      282M (55%)         320M (63%)         102M (20%)          92M (18%)         324M (63%)          92M (18%)    
[47.304s][info][gc,heap     ] GC(471)      Live:         -                10M (2%)           10M (2%)           10M (2%)             -                  -          
[47.304s][info][gc,heap     ] GC(471) Allocated:         -                38M (7%)           52M (10%)          55M (11%)            -                  -          
[47.304s][info][gc,heap     ] GC(471)   Garbage:         -               271M (53%)          39M (8%)           25M (5%)             -                  -          
[47.304s][info][gc,heap     ] GC(471) Reclaimed:         -                  -               232M (45%)         245M (48%)            -                  -          
[47.304s][info][gc          ] GC(471) Garbage Collection (Allocation Rate) 282M(55%)->92M(18%)
[47.380s][info][gc,start    ] GC(472) Garbage Collection (Allocation Rate)
[47.380s][info][gc,task     ] GC(472) Using 5 workers
[47.380s][info][gc,phases   ] GC(472) Pause Mark Start 0.013ms
[47.396s][info][gc,phases   ] GC(472) Concurrent Mark 15.716ms
[47.396s][info][gc,phases   ] GC(472) Pause Mark End 0.013ms
[47.396s][info][gc,phases   ] GC(472) Concurrent Mark Free 0.001ms
[47.397s][info][gc,phases   ] GC(472) Concurrent Process Non-Strong References 0.852ms
[47.397s][info][gc,phases   ] GC(472) Concurrent Reset Relocation Set 0.002ms
[47.403s][info][gc,phases   ] GC(472) Concurrent Select Relocation Set 5.639ms
[47.403s][info][gc,phases   ] GC(472) Pause Relocate Start 0.005ms
[47.405s][info][gc,phases   ] GC(472) Concurrent Relocate 2.387ms
[47.406s][info][gc,load     ] GC(472) Load: 0.00/0.00/0.00
[47.406s][info][gc,mmu      ] GC(472) MMU: 2ms/98.6%, 5ms/99.5%, 10ms/99.6%, 20ms/99.8%, 50ms/99.9%, 100ms/99.9%
[47.406s][info][gc,marking  ] GC(472) Mark: 4 stripe(s), 2 proactive flush(es), 1 terminate flush(es), 0 completion(s), 0 continuation(s) 
[47.406s][info][gc,marking  ] GC(472) Mark Stack Usage: 32M
[47.406s][info][gc,nmethod  ] GC(472) NMethods: 1379 registered, 50 unregistered
[47.406s][info][gc,metaspace] GC(472) Metaspace: 8M used, 8M committed, 1088M reserved
[47.406s][info][gc,ref      ] GC(472) Soft: 174 encountered, 0 discovered, 0 enqueued
[47.406s][info][gc,ref      ] GC(472) Weak: 570 encountered, 136 discovered, 0 enqueued
[47.406s][info][gc,ref      ] GC(472) Final: 0 encountered, 0 discovered, 0 enqueued
[47.406s][info][gc,ref      ] GC(472) Phantom: 21 encountered, 15 discovered, 0 enqueued
[47.406s][info][gc,reloc    ] GC(472) Small Pages: 132 / 264M, Empty: 226M, Relocated: 3M, In-Place: 0
[47.406s][info][gc,reloc    ] GC(472) Medium Pages: 2 / 32M, Empty: 0M, Relocated: 0M, In-Place: 0
[47.406s][info][gc,reloc    ] GC(472) Large Pages: 0 / 0M, Empty: 0M, Relocated: 0M, In-Place: 0
[47.406s][info][gc,reloc    ] GC(472) Forwarding Usage: 1M
[47.406s][info][gc,heap     ] GC(472) Min Capacity: 8M(2%)
[47.406s][info][gc,heap     ] GC(472) Max Capacity: 512M(100%)
[47.406s][info][gc,heap     ] GC(472) Soft Max Capacity: 512M(100%)
[47.406s][info][gc,heap     ] GC(472)                Mark Start          Mark End        Relocate Start      Relocate End           High               Low         
[47.406s][info][gc,heap     ] GC(472)  Capacity:      512M (100%)        512M (100%)        512M (100%)        512M (100%)        512M (100%)        512M (100%)   
[47.406s][info][gc,heap     ] GC(472)      Free:      216M (42%)         176M (34%)         384M (75%)         412M (80%)         412M (80%)         174M (34%)    
[47.406s][info][gc,heap     ] GC(472)      Used:      296M (58%)         336M (66%)         128M (25%)         100M (20%)         338M (66%)         100M (20%)    
[47.406s][info][gc,heap     ] GC(472)      Live:         -                11M (2%)           11M (2%)           11M (2%)             -                  -          
[47.406s][info][gc,heap     ] GC(472) Allocated:         -                40M (8%)           58M (11%)          63M (12%)            -                  -          
[47.406s][info][gc,heap     ] GC(472)   Garbage:         -               284M (56%)          58M (11%)          24M (5%)             -                  -          
[47.406s][info][gc,heap     ] GC(472) Reclaimed:         -                  -               226M (44%)         259M (51%)            -                  -          
[47.406s][info][gc          ] GC(472) Garbage Collection (Allocation Rate) 296M(58%)->100M(20%)
[47.480s][info][gc,start    ] GC(473) Garbage Collection (Allocation Rate)
[47.480s][info][gc,task     ] GC(473) Using 5 workers
[47.480s][info][gc,phases   ] GC(473) Pause Mark Start 0.012ms
[47.497s][info][gc,phases   ] GC(473) Concurrent Mark 16.701ms
[47.497s][info][gc,phases   ] GC(473) Pause Mark End 0.010ms
[47.497s][info][gc,phases   ] GC(473) Concurrent Mark Free 0.001ms
[47.498s][info][gc,phases   ] GC(473) Concurrent Process Non-Strong References 0.825ms
[47.498s][info][gc,phases   ] GC(473) Concurrent Reset Relocation Set 0.003ms
[47.504s][info][gc,phases   ] GC(473) Concurrent Select Relocation Set 6.217ms
[47.504s][info][gc,phases   ] GC(473) Pause Relocate Start 0.005ms
[47.507s][info][gc,phases   ] GC(473) Concurrent Relocate 3.009ms
[47.507s][info][gc,load     ] GC(473) Load: 0.00/0.00/0.00
[47.508s][info][gc,mmu      ] GC(473) MMU: 2ms/98.6%, 5ms/99.5%, 10ms/99.6%, 20ms/99.8%, 50ms/99.9%, 100ms/99.9%
[47.508s][info][gc,marking  ] GC(473) Mark: 4 stripe(s), 2 proactive flush(es), 1 terminate flush(es), 0 completion(s), 0 continuation(s) 
[47.508s][info][gc,marking  ] GC(473) Mark Stack Usage: 32M
[47.508s][info][gc,nmethod  ] GC(473) NMethods: 1379 registered, 50 unregistered
[47.508s][info][gc,metaspace] GC(473) Metaspace: 8M used, 8M committed, 1088M reserved
[47.508s][info][gc,ref      ] GC(473) Soft: 174 encountered, 0 discovered, 0 enqueued
[47.508s][info][gc,ref      ] GC(473) Weak: 570 encountered, 163 discovered, 0 enqueued
[47.508s][info][gc,ref      ] GC(473) Final: 0 encountered, 0 discovered, 0 enqueued
[47.508s][info][gc,ref      ] GC(473) Phantom: 21 encountered, 18 discovered, 0 enqueued
[47.508s][info][gc,reloc    ] GC(473) Small Pages: 143 / 286M, Empty: 252M, Relocated: 5M, In-Place: 0
[47.508s][info][gc,reloc    ] GC(473) Medium Pages: 1 / 16M, Empty: 0M, Relocated: 0M, In-Place: 0
[47.508s][info][gc,reloc    ] GC(473) Large Pages: 0 / 0M, Empty: 0M, Relocated: 0M, In-Place: 0
[47.508s][info][gc,reloc    ] GC(473) Forwarding Usage: 2M
[47.508s][info][gc,heap     ] GC(473) Min Capacity: 8M(2%)
[47.508s][info][gc,heap     ] GC(473) Max Capacity: 512M(100%)
[47.508s][info][gc,heap     ] GC(473) Soft Max Capacity: 512M(100%)
[47.508s][info][gc,heap     ] GC(473)                Mark Start          Mark End        Relocate Start      Relocate End           High               Low         
[47.508s][info][gc,heap     ] GC(473)  Capacity:      512M (100%)        512M (100%)        512M (100%)        512M (100%)        512M (100%)        512M (100%)   
[47.508s][info][gc,heap     ] GC(473)      Free:      210M (41%)         168M (33%)         400M (78%)         408M (80%)         408M (80%)         164M (32%)    
[47.508s][info][gc,heap     ] GC(473)      Used:      302M (59%)         344M (67%)         112M (22%)         104M (20%)         348M (68%)         104M (20%)    
[47.508s][info][gc,heap     ] GC(473)      Live:         -                12M (2%)           12M (2%)           12M (2%)             -                  -          
[47.508s][info][gc,heap     ] GC(473) Allocated:         -                42M (8%)           62M (12%)          69M (14%)            -                  -          
[47.508s][info][gc,heap     ] GC(473)   Garbage:         -               289M (57%)          37M (7%)           21M (4%)             -                  -          
[47.508s][info][gc,heap     ] GC(473) Reclaimed:         -                  -               252M (49%)         267M (52%)            -                  -          
[47.508s][info][gc          ] GC(473) Garbage Collection (Allocation Rate) 302M(59%)->104M(20%)
[47.580s][info][gc,start    ] GC(474) Garbage Collection (Allocation Rate)
[47.580s][info][gc,task     ] GC(474) Using 5 workers
[47.580s][info][gc,phases   ] GC(474) Pause Mark Start 0.011ms
[47.598s][info][gc,phases   ] GC(474) Concurrent Mark 17.707ms
[47.598s][info][gc,phases   ] GC(474) Pause Mark End 0.011ms
[47.598s][info][gc,phases   ] GC(474) Concurrent Mark Free 0.001ms
[47.599s][info][gc,phases   ] GC(474) Concurrent Process Non-Strong References 0.872ms
[47.599s][info][gc,phases   ] GC(474) Concurrent Reset Relocation Set 0.002ms
[47.603s][info][gc,phases   ] GC(474) Concurrent Select Relocation Set 3.768ms
[47.603s][info][gc,phases   ] GC(474) Pause Relocate Start 0.005ms
[47.606s][info][gc,phases   ] GC(474) Concurrent Relocate 2.893ms
[47.606s][info][gc,load     ] GC(474) Load: 0.00/0.00/0.00
[47.606s][info][gc,mmu      ] GC(474) MMU: 2ms/98.6%, 5ms/99.5%, 10ms/99.6%, 20ms/99.8%, 50ms/99.9%, 100ms/99.9%
[47.606s][info][gc,marking  ] GC(474) Mark: 4 stripe(s), 2 proactive flush(es), 1 terminate flush(es), 0 completion(s), 0 continuation(s) 
[47.606s][info][gc,marking  ] GC(474) Mark Stack Usage: 32M
[47.606s][info][gc,nmethod  ] GC(474) NMethods: 1379 registered, 50 unregistered
[47.606s][info][gc,metaspace] GC(474) Metaspace: 8M used, 8M committed, 1088M reserved
[47.606s][info][gc,ref      ] GC(474) Soft: 174 encountered, 0 discovered, 0 enqueued
[47.606s][info][gc,ref      ] GC(474) Weak: 570 encountered, 32 discovered, 0 enqueued
[47.606s][info][gc,ref      ] GC(474) Final: 0 encountered, 0 discovered, 0 enqueued
[47.606s][info][gc,ref      ] GC(474) Phantom: 21 encountered, 18 discovered, 0 enqueued
[47.606s][info][gc,reloc    ] GC(474) Small Pages: 132 / 264M, Empty: 230M, Relocated: 4M, In-Place: 0
[47.606s][info][gc,reloc    ] GC(474) Medium Pages: 1 / 16M, Empty: 0M, Relocated: 0M, In-Place: 0
[47.606s][info][gc,reloc    ] GC(474) Large Pages: 0 / 0M, Empty: 0M, Relocated: 0M, In-Place: 0
[47.606s][info][gc,reloc    ] GC(474) Forwarding Usage: 2M
[47.606s][info][gc,heap     ] GC(474) Min Capacity: 8M(2%)
[47.606s][info][gc,heap     ] GC(474) Max Capacity: 512M(100%)
[47.606s][info][gc,heap     ] GC(474) Soft Max Capacity: 512M(100%)
[47.606s][info][gc,heap     ] GC(474)                Mark Start          Mark End        Relocate Start      Relocate End           High               Low         
[47.606s][info][gc,heap     ] GC(474)  Capacity:      512M (100%)        512M (100%)        512M (100%)        512M (100%)        512M (100%)        512M (100%)   
[47.606s][info][gc,heap     ] GC(474)      Free:      232M (45%)         186M (36%)         404M (79%)         410M (80%)         410M (80%)         184M (36%)    
[47.606s][info][gc,heap     ] GC(474)      Used:      280M (55%)         326M (64%)         108M (21%)         102M (20%)         328M (64%)         102M (20%)    
[47.606s][info][gc,heap     ] GC(474)      Live:         -                12M (3%)           12M (3%)           12M (3%)             -                  -          
[47.607s][info][gc,heap     ] GC(474) Allocated:         -                46M (9%)           58M (11%)          65M (13%)            -                  -          
[47.607s][info][gc,heap     ] GC(474)   Garbage:         -               267M (52%)          37M (7%)           23M (5%)             -                  -          
[47.607s][info][gc,heap     ] GC(474) Reclaimed:         -                  -               230M (45%)         243M (48%)            -                  -          
[47.607s][info][gc          ] GC(474) Garbage Collection (Allocation Rate) 280M(55%)->102M(20%)
[47.681s][info][gc,start    ] GC(475) Garbage Collection (Allocation Rate)
[47.681s][info][gc,task     ] GC(475) Using 5 workers
[47.681s][info][gc,phases   ] GC(475) Pause Mark Start 0.013ms
[47.699s][info][gc,phases   ] GC(475) Concurrent Mark 17.689ms
[47.699s][info][gc,phases   ] GC(475) Pause Mark End 0.012ms
[47.699s][info][gc,phases   ] GC(475) Concurrent Mark Free 0.001ms
[47.700s][info][gc,phases   ] GC(475) Concurrent Process Non-Strong References 0.817ms
[47.700s][info][gc,phases   ] GC(475) Concurrent Reset Relocation Set 0.002ms
[47.707s][info][gc,phases   ] GC(475) Concurrent Select Relocation Set 6.792ms
[47.707s][info][gc,phases   ] GC(475) Pause Relocate Start 0.005ms
[47.710s][info][gc,phases   ] GC(475) Concurrent Relocate 3.167ms
[47.710s][info][gc,load     ] GC(475) Load: 0.00/0.00/0.00
[47.710s][info][gc,mmu      ] GC(475) MMU: 2ms/98.6%, 5ms/99.5%, 10ms/99.6%, 20ms/99.8%, 50ms/99.9%, 100ms/99.9%
[47.710s][info][gc,marking  ] GC(475) Mark: 4 stripe(s), 2 proactive flush(es), 1 terminate flush(es), 0 completion(s), 0 continuation(s) 
[47.710s][info][gc,marking  ] GC(475) Mark Stack Usage: 32M
[47.710s][info][gc,nmethod  ] GC(475) NMethods: 1379 registered, 50 unregistered
[47.710s][info][gc,metaspace] GC(475) Metaspace: 8M used, 8M committed, 1088M reserved
[47.710s][info][gc,ref      ] GC(475) Soft: 174 encountered, 0 discovered, 0 enqueued
[47.710s][info][gc,ref      ] GC(475) Weak: 570 encountered, 33 discovered, 0 enqueued
[47.710s][info][gc,ref      ] GC(475) Final: 0 encountered, 0 discovered, 0 enqueued
[47.710s][info][gc,ref      ] GC(475) Phantom: 21 encountered, 15 discovered, 0 enqueued
[47.710s][info][gc,reloc    ] GC(475) Small Pages: 145 / 290M, Empty: 254M, Relocated: 5M, In-Place: 0
[47.710s][info][gc,reloc    ] GC(475) Medium Pages: 1 / 16M, Empty: 0M, Relocated: 0M, In-Place: 0
[47.710s][info][gc,reloc    ] GC(475) Large Pages: 0 / 0M, Empty: 0M, Relocated: 0M, In-Place: 0
[47.710s][info][gc,reloc    ] GC(475) Forwarding Usage: 2M
[47.710s][info][gc,heap     ] GC(475) Min Capacity: 8M(2%)
[47.710s][info][gc,heap     ] GC(475) Max Capacity: 512M(100%)
[47.710s][info][gc,heap     ] GC(475) Soft Max Capacity: 512M(100%)
[47.710s][info][gc,heap     ] GC(475)                Mark Start          Mark End        Relocate Start      Relocate End           High               Low         
[47.710s][info][gc,heap     ] GC(475)  Capacity:      512M (100%)        512M (100%)        512M (100%)        512M (100%)        512M (100%)        512M (100%)   
[47.711s][info][gc,heap     ] GC(475)      Free:      206M (40%)         160M (31%)         394M (77%)         402M (79%)         402M (79%)         158M (31%)    
[47.711s][info][gc,heap     ] GC(475)      Used:      306M (60%)         352M (69%)         118M (23%)         110M (21%)         354M (69%)         110M (21%)    
[47.711s][info][gc,heap     ] GC(475)      Live:         -                13M (3%)           13M (3%)           13M (3%)             -                  -          
[47.711s][info][gc,heap     ] GC(475) Allocated:         -                46M (9%)           66M (13%)          73M (14%)            -                  -          
[47.711s][info][gc,heap     ] GC(475)   Garbage:         -               292M (57%)          38M (7%)           22M (4%)             -                  -          
[47.711s][info][gc,heap     ] GC(475) Reclaimed:         -                  -               254M (50%)         269M (53%)            -                  -          
[47.711s][info][gc          ] GC(475) Garbage Collection (Allocation Rate) 306M(60%)->110M(21%)
[47.789s][info][gc,start    ] GC(476) Garbage Collection (Allocation Rate)
[47.789s][info][gc,task     ] GC(476) Using 5 workers
[47.789s][info][gc,phases   ] GC(476) Pause Mark Start 0.011ms
[47.807s][info][gc,phases   ] GC(476) Concurrent Mark 17.995ms
[47.807s][info][gc,phases   ] GC(476) Pause Mark End 0.011ms
[47.807s][info][gc,phases   ] GC(476) Concurrent Mark Free 0.001ms
[47.808s][info][gc,phases   ] GC(476) Concurrent Process Non-Strong References 0.918ms
[47.808s][info][gc,phases   ] GC(476) Concurrent Reset Relocation Set 0.003ms
[47.812s][info][gc,phases   ] GC(476) Concurrent Select Relocation Set 3.956ms
[47.812s][info][gc,phases   ] GC(476) Pause Relocate Start 0.006ms
[47.814s][info][gc,phases   ] GC(476) Concurrent Relocate 2.261ms
[47.814s][info][gc,load     ] GC(476) Load: 0.00/0.00/0.00
[47.814s][info][gc,mmu      ] GC(476) MMU: 2ms/98.6%, 5ms/99.5%, 10ms/99.6%, 20ms/99.8%, 50ms/99.9%, 100ms/99.9%
[47.814s][info][gc,marking  ] GC(476) Mark: 4 stripe(s), 2 proactive flush(es), 1 terminate flush(es), 0 completion(s), 0 continuation(s) 
[47.814s][info][gc,marking  ] GC(476) Mark Stack Usage: 32M
[47.814s][info][gc,nmethod  ] GC(476) NMethods: 1379 registered, 50 unregistered
[47.815s][info][gc,metaspace] GC(476) Metaspace: 8M used, 8M committed, 1088M reserved
[47.815s][info][gc,ref      ] GC(476) Soft: 174 encountered, 0 discovered, 0 enqueued
[47.815s][info][gc,ref      ] GC(476) Weak: 570 encountered, 165 discovered, 0 enqueued
[47.815s][info][gc,ref      ] GC(476) Final: 0 encountered, 0 discovered, 0 enqueued
[47.815s][info][gc,ref      ] GC(476) Phantom: 21 encountered, 19 discovered, 0 enqueued
[47.815s][info][gc,reloc    ] GC(476) Small Pages: 126 / 252M, Empty: 222M, Relocated: 3M, In-Place: 0
[47.815s][info][gc,reloc    ] GC(476) Medium Pages: 2 / 32M, Empty: 0M, Relocated: 1M, In-Place: 0
[47.815s][info][gc,reloc    ] GC(476) Large Pages: 0 / 0M, Empty: 0M, Relocated: 0M, In-Place: 0
[47.815s][info][gc,reloc    ] GC(476) Forwarding Usage: 1M
[47.815s][info][gc,heap     ] GC(476) Min Capacity: 8M(2%)
[47.815s][info][gc,heap     ] GC(476) Max Capacity: 512M(100%)
[47.815s][info][gc,heap     ] GC(476) Soft Max Capacity: 512M(100%)
[47.815s][info][gc,heap     ] GC(476)                Mark Start          Mark End        Relocate Start      Relocate End           High               Low         
[47.815s][info][gc,heap     ] GC(476)  Capacity:      512M (100%)        512M (100%)        512M (100%)        512M (100%)        512M (100%)        512M (100%)   
[47.815s][info][gc,heap     ] GC(476)      Free:      228M (45%)         180M (35%)         388M (76%)         404M (79%)         404M (79%)         178M (35%)    
[47.815s][info][gc,heap     ] GC(476)      Used:      284M (55%)         332M (65%)         124M (24%)         108M (21%)         334M (65%)         108M (21%)    
[47.815s][info][gc,heap     ] GC(476)      Live:         -                14M (3%)           14M (3%)           14M (3%)             -                  -          
[47.815s][info][gc,heap     ] GC(476) Allocated:         -                48M (9%)           62M (12%)          67M (13%)            -                  -          
[47.815s][info][gc,heap     ] GC(476)   Garbage:         -               269M (53%)          47M (9%)           25M (5%)             -                  -          
[47.815s][info][gc,heap     ] GC(476) Reclaimed:         -                  -               222M (43%)         243M (48%)            -                  -          
[47.815s][info][gc          ] GC(476) Garbage Collection (Allocation Rate) 284M(55%)->108M(21%)
[47.880s][info][gc,start    ] GC(477) Garbage Collection (Allocation Rate)
[47.880s][info][gc,task     ] GC(477) Using 5 workers
[47.880s][info][gc,phases   ] GC(477) Pause Mark Start 0.011ms
[47.893s][info][gc,phases   ] GC(477) Concurrent Mark 12.719ms
[47.893s][info][gc,phases   ] GC(477) Pause Mark End 0.012ms
[47.893s][info][gc,phases   ] GC(477) Concurrent Mark Free 0.001ms
[47.894s][info][gc,phases   ] GC(477) Concurrent Process Non-Strong References 0.847ms
[47.894s][info][gc,phases   ] GC(477) Concurrent Reset Relocation Set 0.002ms
[47.900s][info][gc,phases   ] GC(477) Concurrent Select Relocation Set 6.349ms
[47.900s][info][gc,phases   ] GC(477) Pause Relocate Start 0.008ms
[47.905s][info][gc,phases   ] GC(477) Concurrent Relocate 4.295ms
[47.905s][info][gc,load     ] GC(477) Load: 0.00/0.00/0.00
[47.905s][info][gc,mmu      ] GC(477) MMU: 2ms/98.6%, 5ms/99.5%, 10ms/99.6%, 20ms/99.8%, 50ms/99.9%, 100ms/99.9%
[47.905s][info][gc,marking  ] GC(477) Mark: 4 stripe(s), 2 proactive flush(es), 1 terminate flush(es), 0 completion(s), 0 continuation(s) 
[47.905s][info][gc,marking  ] GC(477) Mark Stack Usage: 32M
[47.905s][info][gc,nmethod  ] GC(477) NMethods: 1379 registered, 50 unregistered
[47.905s][info][gc,metaspace] GC(477) Metaspace: 8M used, 8M committed, 1088M reserved
[47.905s][info][gc,ref      ] GC(477) Soft: 174 encountered, 0 discovered, 0 enqueued
[47.905s][info][gc,ref      ] GC(477) Weak: 570 encountered, 48 discovered, 0 enqueued
[47.905s][info][gc,ref      ] GC(477) Final: 0 encountered, 0 discovered, 0 enqueued
[47.905s][info][gc,ref      ] GC(477) Phantom: 21 encountered, 9 discovered, 0 enqueued
[47.905s][info][gc,reloc    ] GC(477) Small Pages: 116 / 232M, Empty: 200M, Relocated: 5M, In-Place: 0
[47.905s][info][gc,reloc    ] GC(477) Medium Pages: 1 / 16M, Empty: 0M, Relocated: 0M, In-Place: 0
[47.905s][info][gc,reloc    ] GC(477) Large Pages: 0 / 0M, Empty: 0M, Relocated: 0M, In-Place: 0
[47.905s][info][gc,reloc    ] GC(477) Forwarding Usage: 2M
[47.905s][info][gc,heap     ] GC(477) Min Capacity: 8M(2%)
[47.905s][info][gc,heap     ] GC(477) Max Capacity: 512M(100%)
[47.905s][info][gc,heap     ] GC(477) Soft Max Capacity: 512M(100%)
[47.905s][info][gc,heap     ] GC(477)                Mark Start          Mark End        Relocate Start      Relocate End           High               Low         
[47.905s][info][gc,heap     ] GC(477)  Capacity:      512M (100%)        512M (100%)        512M (100%)        512M (100%)        512M (100%)        512M (100%)   
[47.905s][info][gc,heap     ] GC(477)      Free:      264M (52%)         252M (49%)         442M (86%)         446M (87%)         446M (87%)         250M (49%)    
[47.905s][info][gc,heap     ] GC(477)      Used:      248M (48%)         260M (51%)          70M (14%)          66M (13%)         262M (51%)          66M (13%)    
[47.905s][info][gc,heap     ] GC(477)      Live:         -                14M (3%)           14M (3%)           14M (3%)             -                  -          
[47.905s][info][gc,heap     ] GC(477) Allocated:         -                12M (2%)           22M (4%)           27M (5%)             -                  -          
[47.905s][info][gc,heap     ] GC(477)   Garbage:         -               233M (46%)          33M (6%)           23M (4%)             -                  -          
[47.905s][info][gc,heap     ] GC(477) Reclaimed:         -                  -               200M (39%)         209M (41%)            -                  -          
[47.905s][info][gc          ] GC(477) Garbage Collection (Allocation Rate) 248M(48%)->66M(13%)
[47.981s][info][gc,start    ] GC(478) Garbage Collection (Allocation Rate)
[47.981s][info][gc,task     ] GC(478) Using 5 workers
[47.981s][info][gc,phases   ] GC(478) Pause Mark Start 0.014ms
[47.998s][info][gc,phases   ] GC(478) Concurrent Mark 17.639ms
[47.999s][info][gc,phases   ] GC(478) Pause Mark End 0.013ms
[47.999s][info][gc,phases   ] GC(478) Concurrent Mark Free 0.001ms
[48.000s][info][gc,phases   ] GC(478) Concurrent Process Non-Strong References 0.857ms
[48.000s][info][gc,phases   ] GC(478) Concurrent Reset Relocation Set 0.002ms
[48.004s][info][gc,phases   ] GC(478) Concurrent Select Relocation Set 3.947ms
[48.004s][info][gc,phases   ] GC(478) Pause Relocate Start 0.004ms
[48.005s][info][gc,phases   ] GC(478) Concurrent Relocate 1.625ms
[48.005s][info][gc,load     ] GC(478) Load: 0.00/0.00/0.00
[48.005s][info][gc,mmu      ] GC(478) MMU: 2ms/98.6%, 5ms/99.5%, 10ms/99.6%, 20ms/99.8%, 50ms/99.9%, 100ms/99.9%
[48.005s][info][gc,marking  ] GC(478) Mark: 4 stripe(s), 2 proactive flush(es), 1 terminate flush(es), 0 completion(s), 0 continuation(s) 
[48.005s][info][gc,marking  ] GC(478) Mark Stack Usage: 32M
[48.006s][info][gc,nmethod  ] GC(478) NMethods: 1379 registered, 50 unregistered
[48.006s][info][gc,metaspace] GC(478) Metaspace: 8M used, 8M committed, 1088M reserved
[48.006s][info][gc,ref      ] GC(478) Soft: 174 encountered, 0 discovered, 0 enqueued
[48.006s][info][gc,ref      ] GC(478) Weak: 570 encountered, 88 discovered, 0 enqueued
[48.006s][info][gc,ref      ] GC(478) Final: 0 encountered, 0 discovered, 0 enqueued
[48.006s][info][gc,ref      ] GC(478) Phantom: 21 encountered, 12 discovered, 0 enqueued
[48.006s][info][gc,reloc    ] GC(478) Small Pages: 125 / 250M, Empty: 206M, Relocated: 3M, In-Place: 0
[48.006s][info][gc,reloc    ] GC(478) Medium Pages: 1 / 16M, Empty: 0M, Relocated: 0M, In-Place: 0
[48.006s][info][gc,reloc    ] GC(478) Large Pages: 0 / 0M, Empty: 0M, Relocated: 0M, In-Place: 0
[48.006s][info][gc,reloc    ] GC(478) Forwarding Usage: 1M
[48.006s][info][gc,heap     ] GC(478) Min Capacity: 8M(2%)
[48.006s][info][gc,heap     ] GC(478) Max Capacity: 512M(100%)
[48.006s][info][gc,heap     ] GC(478) Soft Max Capacity: 512M(100%)
[48.006s][info][gc,heap     ] GC(478)                Mark Start          Mark End        Relocate Start      Relocate End           High               Low         
[48.006s][info][gc,heap     ] GC(478)  Capacity:      512M (100%)        512M (100%)        512M (100%)        512M (100%)        512M (100%)        512M (100%)   
[48.006s][info][gc,heap     ] GC(478)      Free:      246M (48%)         208M (41%)         400M (78%)         414M (81%)         414M (81%)         206M (40%)    
[48.006s][info][gc,heap     ] GC(478)      Used:      266M (52%)         304M (59%)         112M (22%)          98M (19%)         306M (60%)          98M (19%)    
[48.006s][info][gc,heap     ] GC(478)      Live:         -                15M (3%)           15M (3%)           15M (3%)             -                  -          
[48.006s][info][gc,heap     ] GC(478) Allocated:         -                38M (7%)           52M (10%)          55M (11%)            -                  -          
[48.006s][info][gc,heap     ] GC(478)   Garbage:         -               250M (49%)          44M (9%)           26M (5%)             -                  -          
[48.006s][info][gc,heap     ] GC(478) Reclaimed:         -                  -               206M (40%)         223M (44%)            -                  -          
[48.006s][info][gc          ] GC(478) Garbage Collection (Allocation Rate) 266M(52%)->98M(19%)
[48.080s][info][gc,start    ] GC(479) Garbage Collection (Allocation Rate)
[48.080s][info][gc,task     ] GC(479) Using 5 workers
[48.081s][info][gc,phases   ] GC(479) Pause Mark Start 0.012ms
[48.100s][info][gc,phases   ] GC(479) Concurrent Mark 19.721ms
[48.100s][info][gc,phases   ] GC(479) Pause Mark End 0.013ms
[48.100s][info][gc,phases   ] GC(479) Concurrent Mark Free 0.001ms
[48.101s][info][gc,phases   ] GC(479) Concurrent Process Non-Strong References 0.815ms
[48.101s][info][gc,phases   ] GC(479) Concurrent Reset Relocation Set 0.002ms
[48.107s][info][gc,phases   ] GC(479) Concurrent Select Relocation Set 6.053ms
[48.108s][info][gc,phases   ] GC(479) Pause Relocate Start 0.005ms
[48.111s][info][gc,phases   ] GC(479) Concurrent Relocate 3.913ms
[48.112s][info][gc,load     ] GC(479) Load: 0.00/0.00/0.00
[48.112s][info][gc,mmu      ] GC(479) MMU: 2ms/98.6%, 5ms/99.5%, 10ms/99.6%, 20ms/99.8%, 50ms/99.9%, 100ms/99.9%
[48.112s][info][gc,marking  ] GC(479) Mark: 4 stripe(s), 3 proactive flush(es), 1 terminate flush(es), 0 completion(s), 0 continuation(s) 
[48.112s][info][gc,marking  ] GC(479) Mark Stack Usage: 32M
[48.112s][info][gc,nmethod  ] GC(479) NMethods: 1379 registered, 50 unregistered
[48.112s][info][gc,metaspace] GC(479) Metaspace: 8M used, 8M committed, 1088M reserved
[48.112s][info][gc,ref      ] GC(479) Soft: 174 encountered, 0 discovered, 0 enqueued
[48.112s][info][gc,ref      ] GC(479) Weak: 570 encountered, 156 discovered, 0 enqueued
[48.112s][info][gc,ref      ] GC(479) Final: 0 encountered, 0 discovered, 0 enqueued
[48.112s][info][gc,ref      ] GC(479) Phantom: 21 encountered, 19 discovered, 0 enqueued
[48.112s][info][gc,reloc    ] GC(479) Small Pages: 132 / 264M, Empty: 228M, Relocated: 4M, In-Place: 0
[48.112s][info][gc,reloc    ] GC(479) Medium Pages: 2 / 32M, Empty: 0M, Relocated: 1M, In-Place: 0
[48.112s][info][gc,reloc    ] GC(479) Large Pages: 0 / 0M, Empty: 0M, Relocated: 0M, In-Place: 0
[48.112s][info][gc,reloc    ] GC(479) Forwarding Usage: 2M
[48.112s][info][gc,heap     ] GC(479) Min Capacity: 8M(2%)
[48.112s][info][gc,heap     ] GC(479) Max Capacity: 512M(100%)
[48.112s][info][gc,heap     ] GC(479) Soft Max Capacity: 512M(100%)
[48.112s][info][gc,heap     ] GC(479)                Mark Start          Mark End        Relocate Start      Relocate End           High               Low         
[48.112s][info][gc,heap     ] GC(479)  Capacity:      512M (100%)        512M (100%)        512M (100%)        512M (100%)        512M (100%)        512M (100%)   
[48.112s][info][gc,heap     ] GC(479)      Free:      216M (42%)         164M (32%)         374M (73%)         392M (77%)         394M (77%)         162M (32%)    
[48.112s][info][gc,heap     ] GC(479)      Used:      296M (58%)         348M (68%)         138M (27%)         120M (23%)         350M (68%)         118M (23%)    
[48.112s][info][gc,heap     ] GC(479)      Live:         -                16M (3%)           16M (3%)           16M (3%)             -                  -          
[48.112s][info][gc,heap     ] GC(479) Allocated:         -                52M (10%)          70M (14%)          79M (16%)            -                  -          
[48.112s][info][gc,heap     ] GC(479)   Garbage:         -               279M (55%)          51M (10%)          23M (5%)             -                  -          
[48.112s][info][gc,heap     ] GC(479) Reclaimed:         -                  -               228M (45%)         255M (50%)            -                  -          
[48.112s][info][gc          ] GC(479) Garbage Collection (Allocation Rate) 296M(58%)->120M(23%)
[48.180s][info][gc,start    ] GC(480) Garbage Collection (Allocation Rate)
[48.180s][info][gc,task     ] GC(480) Using 5 workers
[48.180s][info][gc,phases   ] GC(480) Pause Mark Start 0.012ms
[48.203s][info][gc,phases   ] GC(480) Concurrent Mark 22.722ms
[48.203s][info][gc,phases   ] GC(480) Pause Mark End 0.013ms
[48.203s][info][gc,phases   ] GC(480) Concurrent Mark Free 0.001ms
[48.204s][info][gc,phases   ] GC(480) Concurrent Process Non-Strong References 0.892ms
[48.204s][info][gc,phases   ] GC(480) Concurrent Reset Relocation Set 0.002ms
[48.212s][info][gc,phases   ] GC(480) Concurrent Select Relocation Set 7.373ms
[48.212s][info][gc,phases   ] GC(480) Pause Relocate Start 0.006ms
[48.217s][info][gc,phases   ] GC(480) Concurrent Relocate 5.103ms
[48.217s][info][gc,load     ] GC(480) Load: 0.00/0.00/0.00
[48.217s][info][gc,mmu      ] GC(480) MMU: 2ms/98.6%, 5ms/99.5%, 10ms/99.6%, 20ms/99.8%, 50ms/99.9%, 100ms/99.9%
[48.217s][info][gc,marking  ] GC(480) Mark: 4 stripe(s), 4 proactive flush(es), 1 terminate flush(es), 0 completion(s), 0 continuation(s) 
[48.217s][info][gc,marking  ] GC(480) Mark Stack Usage: 32M
[48.217s][info][gc,nmethod  ] GC(480) NMethods: 1379 registered, 50 unregistered
[48.217s][info][gc,metaspace] GC(480) Metaspace: 8M used, 8M committed, 1088M reserved
[48.217s][info][gc,ref      ] GC(480) Soft: 174 encountered, 0 discovered, 0 enqueued
[48.217s][info][gc,ref      ] GC(480) Weak: 570 encountered, 121 discovered, 0 enqueued
[48.217s][info][gc,ref      ] GC(480) Final: 0 encountered, 0 discovered, 0 enqueued
[48.217s][info][gc,ref      ] GC(480) Phantom: 21 encountered, 18 discovered, 0 enqueued
[48.217s][info][gc,reloc    ] GC(480) Small Pages: 146 / 292M, Empty: 248M, Relocated: 6M, In-Place: 0
[48.217s][info][gc,reloc    ] GC(480) Medium Pages: 1 / 16M, Empty: 0M, Relocated: 0M, In-Place: 0
[48.217s][info][gc,reloc    ] GC(480) Large Pages: 0 / 0M, Empty: 0M, Relocated: 0M, In-Place: 0
[48.217s][info][gc,reloc    ] GC(480) Forwarding Usage: 2M
[48.217s][info][gc,heap     ] GC(480) Min Capacity: 8M(2%)
[48.217s][info][gc,heap     ] GC(480) Max Capacity: 512M(100%)
[48.218s][info][gc,heap     ] GC(480) Soft Max Capacity: 512M(100%)
[48.218s][info][gc,heap     ] GC(480)                Mark Start          Mark End        Relocate Start      Relocate End           High               Low         
[48.218s][info][gc,heap     ] GC(480)  Capacity:      512M (100%)        512M (100%)        512M (100%)        512M (100%)        512M (100%)        512M (100%)   
[48.218s][info][gc,heap     ] GC(480)      Free:      204M (40%)         144M (28%)         370M (72%)         378M (74%)         380M (74%)         142M (28%)    
[48.218s][info][gc,heap     ] GC(480)      Used:      308M (60%)         368M (72%)         142M (28%)         134M (26%)         370M (72%)         132M (26%)    
[48.218s][info][gc,heap     ] GC(480)      Live:         -                17M (3%)           17M (3%)           17M (3%)             -                  -          
[48.218s][info][gc,heap     ] GC(480) Allocated:         -                60M (12%)          82M (16%)          95M (19%)            -                  -          
[48.218s][info][gc,heap     ] GC(480)   Garbage:         -               290M (57%)          42M (8%)           20M (4%)             -                  -          
[48.218s][info][gc,heap     ] GC(480) Reclaimed:         -                  -               248M (48%)         269M (53%)            -                  -          
[48.218s][info][gc          ] GC(480) Garbage Collection (Allocation Rate) 308M(60%)->134M(26%)
[48.280s][info][gc,start    ] GC(481) Garbage Collection (Allocation Rate)
[48.280s][info][gc,task     ] GC(481) Using 5 workers
[48.280s][info][gc,phases   ] GC(481) Pause Mark Start 0.010ms
[48.306s][info][gc,phases   ] GC(481) Concurrent Mark 25.710ms
[48.306s][info][gc,phases   ] GC(481) Pause Mark End 0.010ms
[48.306s][info][gc,phases   ] GC(481) Concurrent Mark Free 0.001ms
[48.307s][info][gc,phases   ] GC(481) Concurrent Process Non-Strong References 0.800ms
[48.307s][info][gc,phases   ] GC(481) Concurrent Reset Relocation Set 0.003ms
[48.315s][info][gc,phases   ] GC(481) Concurrent Select Relocation Set 7.648ms
[48.315s][info][gc,phases   ] GC(481) Pause Relocate Start 0.007ms
[48.320s][info][gc,phases   ] GC(481) Concurrent Relocate 4.841ms
[48.320s][info][gc,load     ] GC(481) Load: 0.00/0.00/0.00
[48.320s][info][gc,mmu      ] GC(481) MMU: 2ms/98.6%, 5ms/99.5%, 10ms/99.6%, 20ms/99.8%, 50ms/99.9%, 100ms/99.9%
[48.320s][info][gc,marking  ] GC(481) Mark: 4 stripe(s), 2 proactive flush(es), 1 terminate flush(es), 0 completion(s), 0 continuation(s) 
[48.320s][info][gc,marking  ] GC(481) Mark Stack Usage: 32M
[48.320s][info][gc,nmethod  ] GC(481) NMethods: 1379 registered, 50 unregistered
[48.320s][info][gc,metaspace] GC(481) Metaspace: 8M used, 8M committed, 1088M reserved
[48.320s][info][gc,ref      ] GC(481) Soft: 174 encountered, 0 discovered, 0 enqueued
[48.320s][info][gc,ref      ] GC(481) Weak: 570 encountered, 158 discovered, 0 enqueued
[48.320s][info][gc,ref      ] GC(481) Final: 0 encountered, 0 discovered, 0 enqueued
[48.320s][info][gc,ref      ] GC(481) Phantom: 21 encountered, 19 discovered, 0 enqueued
[48.320s][info][gc,reloc    ] GC(481) Small Pages: 134 / 268M, Empty: 234M, Relocated: 6M, In-Place: 0
[48.320s][info][gc,reloc    ] GC(481) Medium Pages: 1 / 16M, Empty: 0M, Relocated: 0M, In-Place: 0
[48.320s][info][gc,reloc    ] GC(481) Large Pages: 0 / 0M, Empty: 0M, Relocated: 0M, In-Place: 0
[48.320s][info][gc,reloc    ] GC(481) Forwarding Usage: 3M
[48.320s][info][gc,heap     ] GC(481) Min Capacity: 8M(2%)
[48.320s][info][gc,heap     ] GC(481) Max Capacity: 512M(100%)
[48.320s][info][gc,heap     ] GC(481) Soft Max Capacity: 512M(100%)
[48.320s][info][gc,heap     ] GC(481)                Mark Start          Mark End        Relocate Start      Relocate End           High               Low         
[48.320s][info][gc,heap     ] GC(481)  Capacity:      512M (100%)        512M (100%)        512M (100%)        512M (100%)        512M (100%)        512M (100%)   
[48.320s][info][gc,heap     ] GC(481)      Free:      228M (45%)         158M (31%)         370M (72%)         366M (71%)         380M (74%)         154M (30%)    
[48.320s][info][gc,heap     ] GC(481)      Used:      284M (55%)         354M (69%)         142M (28%)         146M (29%)         358M (70%)         132M (26%)    
[48.320s][info][gc,heap     ] GC(481)      Live:         -                17M (3%)           17M (3%)           17M (3%)             -                  -          
[48.320s][info][gc,heap     ] GC(481) Allocated:         -                70M (14%)          92M (18%)         105M (21%)            -                  -          
[48.320s][info][gc,heap     ] GC(481)   Garbage:         -               266M (52%)          32M (6%)           22M (4%)             -                  -          
[48.321s][info][gc,heap     ] GC(481) Reclaimed:         -                  -               234M (46%)         243M (48%)            -                  -          
[48.321s][info][gc          ] GC(481) Garbage Collection (Allocation Rate) 284M(55%)->146M(29%)
[48.380s][info][gc,start    ] GC(482) Garbage Collection (Allocation Rate)
[48.380s][info][gc,task     ] GC(482) Using 5 workers
[48.380s][info][gc,phases   ] GC(482) Pause Mark Start 0.010ms
[48.404s][info][gc,phases   ] GC(482) Concurrent Mark 23.724ms
[48.404s][info][gc,phases   ] GC(482) Pause Mark End 0.012ms
[48.404s][info][gc,phases   ] GC(482) Concurrent Mark Free 0.001ms
[48.405s][info][gc,phases   ] GC(482) Concurrent Process Non-Strong References 0.811ms
[48.405s][info][gc,phases   ] GC(482) Concurrent Reset Relocation Set 0.002ms
[48.409s][info][gc,phases   ] GC(482) Concurrent Select Relocation Set 3.898ms
[48.409s][info][gc,phases   ] GC(482) Pause Relocate Start 0.005ms
[48.412s][info][gc,phases   ] GC(482) Concurrent Relocate 3.264ms
[48.412s][info][gc,load     ] GC(482) Load: 0.00/0.00/0.00
[48.412s][info][gc,mmu      ] GC(482) MMU: 2ms/98.6%, 5ms/99.5%, 10ms/99.6%, 20ms/99.8%, 50ms/99.9%, 100ms/99.9%
[48.412s][info][gc,marking  ] GC(482) Mark: 4 stripe(s), 2 proactive flush(es), 1 terminate flush(es), 0 completion(s), 0 continuation(s) 
[48.412s][info][gc,marking  ] GC(482) Mark Stack Usage: 32M
[48.412s][info][gc,nmethod  ] GC(482) NMethods: 1379 registered, 50 unregistered
[48.412s][info][gc,metaspace] GC(482) Metaspace: 8M used, 8M committed, 1088M reserved
[48.412s][info][gc,ref      ] GC(482) Soft: 174 encountered, 0 discovered, 0 enqueued
[48.412s][info][gc,ref      ] GC(482) Weak: 570 encountered, 199 discovered, 0 enqueued
[48.412s][info][gc,ref      ] GC(482) Final: 0 encountered, 0 discovered, 0 enqueued
[48.413s][info][gc,ref      ] GC(482) Phantom: 21 encountered, 16 discovered, 0 enqueued
[48.413s][info][gc,reloc    ] GC(482) Small Pages: 147 / 294M, Empty: 254M, Relocated: 5M, In-Place: 0
[48.413s][info][gc,reloc    ] GC(482) Medium Pages: 1 / 16M, Empty: 0M, Relocated: 0M, In-Place: 0
[48.413s][info][gc,reloc    ] GC(482) Large Pages: 0 / 0M, Empty: 0M, Relocated: 0M, In-Place: 0
[48.413s][info][gc,reloc    ] GC(482) Forwarding Usage: 2M
[48.413s][info][gc,heap     ] GC(482) Min Capacity: 8M(2%)
[48.413s][info][gc,heap     ] GC(482) Max Capacity: 512M(100%)
[48.413s][info][gc,heap     ] GC(482) Soft Max Capacity: 512M(100%)
[48.413s][info][gc,heap     ] GC(482)                Mark Start          Mark End        Relocate Start      Relocate End           High               Low         
[48.413s][info][gc,heap     ] GC(482)  Capacity:      512M (100%)        512M (100%)        512M (100%)        512M (100%)        512M (100%)        512M (100%)   
[48.413s][info][gc,heap     ] GC(482)      Free:      202M (39%)         138M (27%)         382M (75%)         388M (76%)         388M (76%)         136M (27%)    
[48.413s][info][gc,heap     ] GC(482)      Used:      310M (61%)         374M (73%)         130M (25%)         124M (24%)         376M (73%)         124M (24%)    
[48.413s][info][gc,heap     ] GC(482)      Live:         -                18M (4%)           18M (4%)           18M (4%)             -                  -          
[48.413s][info][gc,heap     ] GC(482) Allocated:         -                64M (13%)          74M (14%)          83M (16%)            -                  -          
[48.413s][info][gc,heap     ] GC(482)   Garbage:         -               291M (57%)          37M (7%)           21M (4%)             -                  -          
[48.413s][info][gc,heap     ] GC(482) Reclaimed:         -                  -               254M (50%)         269M (53%)            -                  -          
[48.413s][info][gc          ] GC(482) Garbage Collection (Allocation Rate) 310M(61%)->124M(24%)
[48.481s][info][gc,start    ] GC(483) Garbage Collection (Allocation Rate)
[48.481s][info][gc,task     ] GC(483) Using 5 workers
[48.481s][info][gc,phases   ] GC(483) Pause Mark Start 0.013ms
[48.504s][info][gc,phases   ] GC(483) Concurrent Mark 22.671ms
[48.504s][info][gc,phases   ] GC(483) Pause Mark End 0.012ms
[48.504s][info][gc,phases   ] GC(483) Concurrent Mark Free 0.001ms
[48.505s][info][gc,phases   ] GC(483) Concurrent Process Non-Strong References 0.734ms
[48.505s][info][gc,phases   ] GC(483) Concurrent Reset Relocation Set 0.003ms
[48.509s][info][gc,phases   ] GC(483) Concurrent Select Relocation Set 3.840ms
[48.509s][info][gc,phases   ] GC(483) Pause Relocate Start 0.006ms
[48.511s][info][gc,phases   ] GC(483) Concurrent Relocate 2.684ms
[48.511s][info][gc,load     ] GC(483) Load: 0.00/0.00/0.00
[48.511s][info][gc,mmu      ] GC(483) MMU: 2ms/98.6%, 5ms/99.5%, 10ms/99.6%, 20ms/99.8%, 50ms/99.9%, 100ms/99.9%
[48.511s][info][gc,marking  ] GC(483) Mark: 4 stripe(s), 2 proactive flush(es), 1 terminate flush(es), 0 completion(s), 0 continuation(s) 
[48.512s][info][gc,marking  ] GC(483) Mark Stack Usage: 32M
[48.512s][info][gc,nmethod  ] GC(483) NMethods: 1379 registered, 50 unregistered
[48.512s][info][gc,metaspace] GC(483) Metaspace: 8M used, 8M committed, 1088M reserved
[48.512s][info][gc,ref      ] GC(483) Soft: 174 encountered, 0 discovered, 0 enqueued
[48.512s][info][gc,ref      ] GC(483) Weak: 570 encountered, 171 discovered, 0 enqueued
[48.512s][info][gc,ref      ] GC(483) Final: 0 encountered, 0 discovered, 0 enqueued
[48.512s][info][gc,ref      ] GC(483) Phantom: 21 encountered, 18 discovered, 0 enqueued
[48.512s][info][gc,reloc    ] GC(483) Small Pages: 117 / 234M, Empty: 204M, Relocated: 3M, In-Place: 0
[48.512s][info][gc,reloc    ] GC(483) Medium Pages: 2 / 32M, Empty: 0M, Relocated: 2M, In-Place: 0
[48.512s][info][gc,reloc    ] GC(483) Large Pages: 0 / 0M, Empty: 0M, Relocated: 0M, In-Place: 0
[48.512s][info][gc,reloc    ] GC(483) Forwarding Usage: 1M
[48.512s][info][gc,heap     ] GC(483) Min Capacity: 8M(2%)
[48.512s][info][gc,heap     ] GC(483) Max Capacity: 512M(100%)
[48.512s][info][gc,heap     ] GC(483) Soft Max Capacity: 512M(100%)
[48.512s][info][gc,heap     ] GC(483)                Mark Start          Mark End        Relocate Start      Relocate End           High               Low         
[48.512s][info][gc,heap     ] GC(483)  Capacity:      512M (100%)        512M (100%)        512M (100%)        512M (100%)        512M (100%)        512M (100%)   
[48.512s][info][gc,heap     ] GC(483)      Free:      246M (48%)         222M (43%)         424M (83%)         442M (86%)         442M (86%)         222M (43%)    
[48.512s][info][gc,heap     ] GC(483)      Used:      266M (52%)         290M (57%)          88M (17%)          70M (14%)         290M (57%)          70M (14%)    
[48.512s][info][gc,heap     ] GC(483)      Live:         -                20M (4%)           20M (4%)           20M (4%)             -                  -          
[48.512s][info][gc,heap     ] GC(483) Allocated:         -                24M (5%)           26M (5%)           26M (5%)             -                  -          
[48.512s][info][gc,heap     ] GC(483)   Garbage:         -               245M (48%)          41M (8%)           22M (4%)             -                  -          
[48.512s][info][gc,heap     ] GC(483) Reclaimed:         -                  -               204M (40%)         222M (44%)            -                  -          
[48.512s][info][gc          ] GC(483) Garbage Collection (Allocation Rate) 266M(52%)->70M(14%)
[48.581s][info][gc,start    ] GC(484) Garbage Collection (Allocation Rate)
[48.581s][info][gc,task     ] GC(484) Using 5 workers
[48.581s][info][gc,phases   ] GC(484) Pause Mark Start 0.011ms
[48.613s][info][gc,phases   ] GC(484) Concurrent Mark 32.210ms
[48.613s][info][gc,phases   ] GC(484) Pause Mark End 0.015ms
[48.613s][info][gc,phases   ] GC(484) Concurrent Mark Free 0.001ms
[48.614s][info][gc,phases   ] GC(484) Concurrent Process Non-Strong References 0.921ms
[48.614s][info][gc,phases   ] GC(484) Concurrent Reset Relocation Set 0.002ms
[48.618s][info][gc,phases   ] GC(484) Concurrent Select Relocation Set 3.698ms
[48.618s][info][gc,phases   ] GC(484) Pause Relocate Start 0.005ms
[48.620s][info][gc,phases   ] GC(484) Concurrent Relocate 2.348ms
[48.620s][info][gc,load     ] GC(484) Load: 0.00/0.00/0.00
[48.621s][info][gc,mmu      ] GC(484) MMU: 2ms/98.6%, 5ms/99.5%, 10ms/99.6%, 20ms/99.8%, 50ms/99.9%, 100ms/99.9%
[48.621s][info][gc,marking  ] GC(484) Mark: 4 stripe(s), 2 proactive flush(es), 1 terminate flush(es), 0 completion(s), 0 continuation(s) 
[48.621s][info][gc,marking  ] GC(484) Mark Stack Usage: 32M
[48.621s][info][gc,nmethod  ] GC(484) NMethods: 1379 registered, 50 unregistered
[48.621s][info][gc,metaspace] GC(484) Metaspace: 8M used, 8M committed, 1088M reserved
[48.621s][info][gc,ref      ] GC(484) Soft: 174 encountered, 0 discovered, 0 enqueued
[48.621s][info][gc,ref      ] GC(484) Weak: 570 encountered, 154 discovered, 0 enqueued
[48.621s][info][gc,ref      ] GC(484) Final: 0 encountered, 0 discovered, 0 enqueued
[48.621s][info][gc,ref      ] GC(484) Phantom: 21 encountered, 19 discovered, 0 enqueued
[48.621s][info][gc,reloc    ] GC(484) Small Pages: 85 / 170M, Empty: 134M, Relocated: 3M, In-Place: 0
[48.621s][info][gc,reloc    ] GC(484) Medium Pages: 2 / 32M, Empty: 0M, Relocated: 1M, In-Place: 0
[48.621s][info][gc,reloc    ] GC(484) Large Pages: 0 / 0M, Empty: 0M, Relocated: 0M, In-Place: 0
[48.621s][info][gc,reloc    ] GC(484) Forwarding Usage: 1M
[48.621s][info][gc,heap     ] GC(484) Min Capacity: 8M(2%)
[48.621s][info][gc,heap     ] GC(484) Max Capacity: 512M(100%)
[48.621s][info][gc,heap     ] GC(484) Soft Max Capacity: 512M(100%)
[48.621s][info][gc,heap     ] GC(484)                Mark Start          Mark End        Relocate Start      Relocate End           High               Low         
[48.621s][info][gc,heap     ] GC(484)  Capacity:      512M (100%)        512M (100%)        512M (100%)        512M (100%)        512M (100%)        512M (100%)   
[48.621s][info][gc,heap     ] GC(484)      Free:      310M (61%)         240M (47%)         362M (71%)         378M (74%)         378M (74%)         238M (46%)    
[48.621s][info][gc,heap     ] GC(484)      Used:      202M (39%)         272M (53%)         150M (29%)         134M (26%)         274M (54%)         134M (26%)    
[48.621s][info][gc,heap     ] GC(484)      Live:         -                19M (4%)           19M (4%)           19M (4%)             -                  -          
[48.621s][info][gc,heap     ] GC(484) Allocated:         -                70M (14%)          82M (16%)          87M (17%)            -                  -          
[48.621s][info][gc,heap     ] GC(484)   Garbage:         -               182M (36%)          48M (9%)           26M (5%)             -                  -          
[48.621s][info][gc,heap     ] GC(484) Reclaimed:         -                  -               134M (26%)         155M (30%)            -                  -          
[48.621s][info][gc          ] GC(484) Garbage Collection (Allocation Rate) 202M(39%)->134M(26%)
[48.691s][info][gc,start    ] GC(485) Garbage Collection (Allocation Rate)
[48.691s][info][gc,task     ] GC(485) Using 5 workers
[48.691s][info][gc,phases   ] GC(485) Pause Mark Start 0.010ms
[48.722s][info][gc,phases   ] GC(485) Concurrent Mark 31.046ms
[48.722s][info][gc,phases   ] GC(485) Pause Mark End 0.013ms
[48.723s][info][gc,phases   ] GC(485) Concurrent Mark Free 0.001ms
[48.723s][info][gc,phases   ] GC(485) Concurrent Process Non-Strong References 0.853ms
[48.723s][info][gc,phases   ] GC(485) Concurrent Reset Relocation Set 0.002ms
[48.730s][info][gc,phases   ] GC(485) Concurrent Select Relocation Set 6.228ms
[48.730s][info][gc,phases   ] GC(485) Pause Relocate Start 0.005ms
[48.734s][info][gc,phases   ] GC(485) Concurrent Relocate 4.326ms
[48.734s][info][gc,load     ] GC(485) Load: 0.00/0.00/0.00
[48.734s][info][gc,mmu      ] GC(485) MMU: 2ms/98.6%, 5ms/99.5%, 10ms/99.6%, 20ms/99.8%, 50ms/99.9%, 100ms/99.9%
[48.734s][info][gc,marking  ] GC(485) Mark: 4 stripe(s), 2 proactive flush(es), 1 terminate flush(es), 0 completion(s), 0 continuation(s) 
[48.734s][info][gc,marking  ] GC(485) Mark Stack Usage: 32M
[48.734s][info][gc,nmethod  ] GC(485) NMethods: 1379 registered, 50 unregistered
[48.734s][info][gc,metaspace] GC(485) Metaspace: 8M used, 8M committed, 1088M reserved
[48.734s][info][gc,ref      ] GC(485) Soft: 174 encountered, 0 discovered, 0 enqueued
[48.734s][info][gc,ref      ] GC(485) Weak: 570 encountered, 104 discovered, 0 enqueued
[48.734s][info][gc,ref      ] GC(485) Final: 0 encountered, 0 discovered, 0 enqueued
[48.734s][info][gc,ref      ] GC(485) Phantom: 21 encountered, 19 discovered, 0 enqueued
[48.735s][info][gc,reloc    ] GC(485) Small Pages: 156 / 312M, Empty: 268M, Relocated: 6M, In-Place: 0
[48.735s][info][gc,reloc    ] GC(485) Medium Pages: 1 / 16M, Empty: 0M, Relocated: 0M, In-Place: 0
[48.735s][info][gc,reloc    ] GC(485) Large Pages: 0 / 0M, Empty: 0M, Relocated: 0M, In-Place: 0
[48.735s][info][gc,reloc    ] GC(485) Forwarding Usage: 2M
[48.735s][info][gc,heap     ] GC(485) Min Capacity: 8M(2%)
[48.735s][info][gc,heap     ] GC(485) Max Capacity: 512M(100%)
[48.735s][info][gc,heap     ] GC(485) Soft Max Capacity: 512M(100%)
[48.735s][info][gc,heap     ] GC(485)                Mark Start          Mark End        Relocate Start      Relocate End           High               Low         
[48.735s][info][gc,heap     ] GC(485)  Capacity:      512M (100%)        512M (100%)        512M (100%)        512M (100%)        512M (100%)        512M (100%)   
[48.735s][info][gc,heap     ] GC(485)      Free:      184M (36%)         100M (20%)         348M (68%)         358M (70%)         358M (70%)          98M (19%)    
[48.735s][info][gc,heap     ] GC(485)      Used:      328M (64%)         412M (80%)         164M (32%)         154M (30%)         414M (81%)         154M (30%)    
[48.735s][info][gc,heap     ] GC(485)      Live:         -                20M (4%)           20M (4%)           20M (4%)             -                  -          
[48.735s][info][gc,heap     ] GC(485) Allocated:         -                84M (16%)         104M (20%)         111M (22%)            -                  -          
[48.735s][info][gc,heap     ] GC(485)   Garbage:         -               307M (60%)          39M (8%)           21M (4%)             -                  -          
[48.735s][info][gc,heap     ] GC(485) Reclaimed:         -                  -               268M (52%)         285M (56%)            -                  -          
[48.735s][info][gc          ] GC(485) Garbage Collection (Allocation Rate) 328M(64%)->154M(30%)
[48.785s][info][gc,start    ] GC(486) Garbage Collection (Allocation Rate)
[48.785s][info][gc,task     ] GC(486) Using 5 workers
[48.785s][info][gc,phases   ] GC(486) Pause Mark Start 0.016ms
[48.832s][info][gc,phases   ] GC(486) Concurrent Mark 46.591ms
[48.832s][info][gc,phases   ] GC(486) Pause Mark End 0.015ms
[48.832s][info][gc,phases   ] GC(486) Concurrent Mark Free 0.001ms
[48.833s][info][gc,phases   ] GC(486) Concurrent Process Non-Strong References 1.120ms
[48.833s][info][gc,phases   ] GC(486) Concurrent Reset Relocation Set 0.003ms
[48.841s][info][gc,phases   ] GC(486) Concurrent Select Relocation Set 7.574ms
[48.841s][info][gc,phases   ] GC(486) Pause Relocate Start 0.008ms
[48.847s][info][gc,phases   ] GC(486) Concurrent Relocate 5.707ms
[48.847s][info][gc,load     ] GC(486) Load: 0.00/0.00/0.00
[48.847s][info][gc,mmu      ] GC(486) MMU: 2ms/98.6%, 5ms/99.5%, 10ms/99.6%, 20ms/99.8%, 50ms/99.9%, 100ms/99.9%
[48.847s][info][gc,marking  ] GC(486) Mark: 4 stripe(s), 2 proactive flush(es), 1 terminate flush(es), 0 completion(s), 0 continuation(s) 
[48.847s][info][gc,marking  ] GC(486) Mark Stack Usage: 32M
[48.847s][info][gc,nmethod  ] GC(486) NMethods: 1379 registered, 50 unregistered
[48.847s][info][gc,metaspace] GC(486) Metaspace: 8M used, 8M committed, 1088M reserved
[48.847s][info][gc,ref      ] GC(486) Soft: 174 encountered, 0 discovered, 0 enqueued
[48.847s][info][gc,ref      ] GC(486) Weak: 570 encountered, 263 discovered, 0 enqueued
[48.847s][info][gc,ref      ] GC(486) Final: 0 encountered, 0 discovered, 0 enqueued
[48.847s][info][gc,ref      ] GC(486) Phantom: 21 encountered, 18 discovered, 0 enqueued
[48.847s][info][gc,reloc    ] GC(486) Small Pages: 134 / 268M, Empty: 236M, Relocated: 6M, In-Place: 0
[48.847s][info][gc,reloc    ] GC(486) Medium Pages: 1 / 16M, Empty: 0M, Relocated: 0M, In-Place: 0
[48.847s][info][gc,reloc    ] GC(486) Large Pages: 0 / 0M, Empty: 0M, Relocated: 0M, In-Place: 0
[48.847s][info][gc,reloc    ] GC(486) Forwarding Usage: 3M
[48.847s][info][gc,heap     ] GC(486) Min Capacity: 8M(2%)
[48.847s][info][gc,heap     ] GC(486) Max Capacity: 512M(100%)
[48.847s][info][gc,heap     ] GC(486) Soft Max Capacity: 512M(100%)
[48.847s][info][gc,heap     ] GC(486)                Mark Start          Mark End        Relocate Start      Relocate End           High               Low         
[48.847s][info][gc,heap     ] GC(486)  Capacity:      512M (100%)        512M (100%)        512M (100%)        512M (100%)        512M (100%)        512M (100%)   
[48.847s][info][gc,heap     ] GC(486)      Free:      228M (45%)          98M (19%)         312M (61%)         300M (59%)         320M (63%)          94M (18%)    
[48.847s][info][gc,heap     ] GC(486)      Used:      284M (55%)         414M (81%)         200M (39%)         212M (41%)         418M (82%)         192M (38%)    
[48.847s][info][gc,heap     ] GC(486)      Live:         -                21M (4%)           21M (4%)           21M (4%)             -                  -          
[48.847s][info][gc,heap     ] GC(486) Allocated:         -               130M (25%)         152M (30%)         167M (33%)            -                  -          
[48.847s][info][gc,heap     ] GC(486)   Garbage:         -               262M (51%)          26M (5%)           22M (4%)             -                  -          
[48.847s][info][gc,heap     ] GC(486) Reclaimed:         -                  -               236M (46%)         239M (47%)            -                  -          
[48.847s][info][gc          ] GC(486) Garbage Collection (Allocation Rate) 284M(55%)->212M(41%)
[48.894s][info][gc,start    ] GC(487) Garbage Collection (Allocation Rate)
[48.894s][info][gc,task     ] GC(487) Using 5 workers
[48.894s][info][gc,phases   ] GC(487) Pause Mark Start 0.013ms
[48.925s][info][gc,phases   ] GC(487) Concurrent Mark 30.981ms
[48.926s][info][gc,phases   ] GC(487) Pause Mark End 0.011ms
[48.926s][info][gc,phases   ] GC(487) Concurrent Mark Free 0.001ms
[48.926s][info][gc,phases   ] GC(487) Concurrent Process Non-Strong References 0.820ms
[48.926s][info][gc,phases   ] GC(487) Concurrent Reset Relocation Set 0.002ms
[48.934s][info][gc,phases   ] GC(487) Concurrent Select Relocation Set 7.566ms
[48.934s][info][gc,phases   ] GC(487) Pause Relocate Start 0.005ms
[48.939s][info][gc,phases   ] GC(487) Concurrent Relocate 4.947ms
[48.939s][info][gc,load     ] GC(487) Load: 0.00/0.00/0.00
[48.939s][info][gc,mmu      ] GC(487) MMU: 2ms/98.6%, 5ms/99.5%, 10ms/99.6%, 20ms/99.8%, 50ms/99.9%, 100ms/99.9%
[48.939s][info][gc,marking  ] GC(487) Mark: 4 stripe(s), 2 proactive flush(es), 1 terminate flush(es), 0 completion(s), 0 continuation(s) 
[48.939s][info][gc,marking  ] GC(487) Mark Stack Usage: 32M
[48.939s][info][gc,nmethod  ] GC(487) NMethods: 1379 registered, 50 unregistered
[48.939s][info][gc,metaspace] GC(487) Metaspace: 8M used, 8M committed, 1088M reserved
[48.939s][info][gc,ref      ] GC(487) Soft: 174 encountered, 0 discovered, 0 enqueued
[48.939s][info][gc,ref      ] GC(487) Weak: 570 encountered, 128 discovered, 0 enqueued
[48.939s][info][gc,ref      ] GC(487) Final: 0 encountered, 0 discovered, 0 enqueued
[48.939s][info][gc,ref      ] GC(487) Phantom: 21 encountered, 12 discovered, 0 enqueued
[48.940s][info][gc,reloc    ] GC(487) Small Pages: 155 / 310M, Empty: 270M, Relocated: 6M, In-Place: 0
[48.940s][info][gc,reloc    ] GC(487) Medium Pages: 2 / 32M, Empty: 0M, Relocated: 1M, In-Place: 0
[48.940s][info][gc,reloc    ] GC(487) Large Pages: 0 / 0M, Empty: 0M, Relocated: 0M, In-Place: 0
[48.940s][info][gc,reloc    ] GC(487) Forwarding Usage: 3M
[48.940s][info][gc,heap     ] GC(487) Min Capacity: 8M(2%)
[48.940s][info][gc,heap     ] GC(487) Max Capacity: 512M(100%)
[48.940s][info][gc,heap     ] GC(487) Soft Max Capacity: 512M(100%)
[48.940s][info][gc,heap     ] GC(487)                Mark Start          Mark End        Relocate Start      Relocate End           High               Low         
[48.940s][info][gc,heap     ] GC(487)  Capacity:      512M (100%)        512M (100%)        512M (100%)        512M (100%)        512M (100%)        512M (100%)   
[48.940s][info][gc,heap     ] GC(487)      Free:      170M (33%)          84M (16%)         330M (64%)         348M (68%)         352M (69%)          82M (16%)    
[48.940s][info][gc,heap     ] GC(487)      Used:      342M (67%)         428M (84%)         182M (36%)         164M (32%)         430M (84%)         160M (31%)    
[48.940s][info][gc,heap     ] GC(487)      Live:         -                21M (4%)           21M (4%)           21M (4%)             -                  -          
[48.940s][info][gc,heap     ] GC(487) Allocated:         -                86M (17%)         110M (21%)         119M (23%)            -                  -          
[48.940s][info][gc,heap     ] GC(487)   Garbage:         -               320M (63%)          50M (10%)          22M (4%)             -                  -          
[48.940s][info][gc,heap     ] GC(487) Reclaimed:         -                  -               270M (53%)         297M (58%)            -                  -          
[48.940s][info][gc          ] GC(487) Garbage Collection (Allocation Rate) 342M(67%)->164M(32%)
[48.980s][info][gc,start    ] GC(488) Garbage Collection (Allocation Rate)
[48.980s][info][gc,task     ] GC(488) Using 5 workers
[48.980s][info][gc,phases   ] GC(488) Pause Mark Start 0.011ms
[49.007s][info][gc,phases   ] GC(488) Concurrent Mark 26.735ms
[49.007s][info][gc,phases   ] GC(488) Pause Mark End 0.011ms
[49.007s][info][gc,phases   ] GC(488) Concurrent Mark Free 0.002ms
[49.008s][info][gc,phases   ] GC(488) Concurrent Process Non-Strong References 0.767ms
[49.008s][info][gc,phases   ] GC(488) Concurrent Reset Relocation Set 0.004ms
[49.012s][info][gc,phases   ] GC(488) Concurrent Select Relocation Set 3.783ms
[49.012s][info][gc,phases   ] GC(488) Pause Relocate Start 0.006ms
[49.016s][info][gc,phases   ] GC(488) Concurrent Relocate 3.575ms
[49.016s][info][gc,load     ] GC(488) Load: 0.00/0.00/0.00
[49.016s][info][gc,mmu      ] GC(488) MMU: 2ms/98.6%, 5ms/99.5%, 10ms/99.6%, 20ms/99.8%, 50ms/99.9%, 100ms/99.9%
[49.016s][info][gc,marking  ] GC(488) Mark: 4 stripe(s), 2 proactive flush(es), 1 terminate flush(es), 0 completion(s), 0 continuation(s) 
[49.016s][info][gc,marking  ] GC(488) Mark Stack Usage: 32M
[49.016s][info][gc,nmethod  ] GC(488) NMethods: 1379 registered, 50 unregistered
[49.016s][info][gc,metaspace] GC(488) Metaspace: 8M used, 8M committed, 1088M reserved
[49.016s][info][gc,ref      ] GC(488) Soft: 174 encountered, 0 discovered, 0 enqueued
[49.016s][info][gc,ref      ] GC(488) Weak: 570 encountered, 69 discovered, 0 enqueued
[49.016s][info][gc,ref      ] GC(488) Final: 0 encountered, 0 discovered, 0 enqueued
[49.016s][info][gc,ref      ] GC(488) Phantom: 21 encountered, 18 discovered, 0 enqueued
[49.016s][info][gc,reloc    ] GC(488) Small Pages: 130 / 260M, Empty: 214M, Relocated: 6M, In-Place: 0
[49.016s][info][gc,reloc    ] GC(488) Medium Pages: 1 / 16M, Empty: 0M, Relocated: 0M, In-Place: 0
[49.016s][info][gc,reloc    ] GC(488) Large Pages: 0 / 0M, Empty: 0M, Relocated: 0M, In-Place: 0
[49.016s][info][gc,reloc    ] GC(488) Forwarding Usage: 2M
[49.016s][info][gc,heap     ] GC(488) Min Capacity: 8M(2%)
[49.016s][info][gc,heap     ] GC(488) Max Capacity: 512M(100%)
[49.016s][info][gc,heap     ] GC(488) Soft Max Capacity: 512M(100%)
[49.016s][info][gc,heap     ] GC(488)                Mark Start          Mark End        Relocate Start      Relocate End           High               Low         
[49.016s][info][gc,heap     ] GC(488)  Capacity:      512M (100%)        512M (100%)        512M (100%)        512M (100%)        512M (100%)        512M (100%)   
[49.016s][info][gc,heap     ] GC(488)      Free:      236M (46%)         184M (36%)         386M (75%)         396M (77%)         396M (77%)         182M (36%)    
[49.016s][info][gc,heap     ] GC(488)      Used:      276M (54%)         328M (64%)         126M (25%)         116M (23%)         330M (64%)         116M (23%)    
[49.017s][info][gc,heap     ] GC(488)      Live:         -                22M (4%)           22M (4%)           22M (4%)             -                  -          
[49.017s][info][gc,heap     ] GC(488) Allocated:         -                52M (10%)          64M (13%)          73M (14%)            -                  -          
[49.017s][info][gc,heap     ] GC(488)   Garbage:         -               253M (49%)          39M (8%)           19M (4%)             -                  -          
[49.017s][info][gc,heap     ] GC(488) Reclaimed:         -                  -               214M (42%)         233M (46%)            -                  -          
[49.017s][info][gc          ] GC(488) Garbage Collection (Allocation Rate) 276M(54%)->116M(23%)
[49.080s][info][gc,start    ] GC(489) Garbage Collection (Allocation Rate)
[49.080s][info][gc,task     ] GC(489) Using 5 workers
[49.080s][info][gc,phases   ] GC(489) Pause Mark Start 0.014ms
[49.105s][info][gc,phases   ] GC(489) Concurrent Mark 24.700ms
[49.105s][info][gc,phases   ] GC(489) Pause Mark End 0.016ms
[49.105s][info][gc,phases   ] GC(489) Concurrent Mark Free 0.001ms
[49.106s][info][gc,phases   ] GC(489) Concurrent Process Non-Strong References 0.835ms
[49.106s][info][gc,phases   ] GC(489) Concurrent Reset Relocation Set 0.002ms
[49.109s][info][gc,phases   ] GC(489) Concurrent Select Relocation Set 2.731ms
[49.109s][info][gc,phases   ] GC(489) Pause Relocate Start 0.006ms
[49.111s][info][gc,phases   ] GC(489) Concurrent Relocate 1.819ms
[49.111s][info][gc,load     ] GC(489) Load: 0.00/0.00/0.00
[49.111s][info][gc,mmu      ] GC(489) MMU: 2ms/98.6%, 5ms/99.5%, 10ms/99.6%, 20ms/99.8%, 50ms/99.9%, 100ms/99.9%
[49.111s][info][gc,marking  ] GC(489) Mark: 4 stripe(s), 2 proactive flush(es), 1 terminate flush(es), 0 completion(s), 0 continuation(s) 
[49.111s][info][gc,marking  ] GC(489) Mark Stack Usage: 32M
[49.111s][info][gc,nmethod  ] GC(489) NMethods: 1379 registered, 50 unregistered
[49.111s][info][gc,metaspace] GC(489) Metaspace: 8M used, 8M committed, 1088M reserved
[49.111s][info][gc,ref      ] GC(489) Soft: 174 encountered, 0 discovered, 0 enqueued
[49.111s][info][gc,ref      ] GC(489) Weak: 570 encountered, 144 discovered, 0 enqueued
[49.111s][info][gc,ref      ] GC(489) Final: 0 encountered, 0 discovered, 0 enqueued
[49.111s][info][gc,ref      ] GC(489) Phantom: 21 encountered, 18 discovered, 0 enqueued
[49.111s][info][gc,reloc    ] GC(489) Small Pages: 134 / 268M, Empty: 218M, Relocated: 3M, In-Place: 0
[49.111s][info][gc,reloc    ] GC(489) Medium Pages: 1 / 16M, Empty: 0M, Relocated: 0M, In-Place: 0
[49.111s][info][gc,reloc    ] GC(489) Large Pages: 0 / 0M, Empty: 0M, Relocated: 0M, In-Place: 0
[49.111s][info][gc,reloc    ] GC(489) Forwarding Usage: 1M
[49.111s][info][gc,heap     ] GC(489) Min Capacity: 8M(2%)
[49.111s][info][gc,heap     ] GC(489) Max Capacity: 512M(100%)
[49.111s][info][gc,heap     ] GC(489) Soft Max Capacity: 512M(100%)
[49.111s][info][gc,heap     ] GC(489)                Mark Start          Mark End        Relocate Start      Relocate End           High               Low         
[49.111s][info][gc,heap     ] GC(489)  Capacity:      512M (100%)        512M (100%)        512M (100%)        512M (100%)        512M (100%)        512M (100%)   
[49.111s][info][gc,heap     ] GC(489)      Free:      228M (45%)         170M (33%)         380M (74%)         392M (77%)         392M (77%)         168M (33%)    
[49.111s][info][gc,heap     ] GC(489)      Used:      284M (55%)         342M (67%)         132M (26%)         120M (23%)         344M (67%)         120M (23%)    
[49.111s][info][gc,heap     ] GC(489)      Live:         -                23M (5%)           23M (5%)           23M (5%)             -                  -          
[49.111s][info][gc,heap     ] GC(489) Allocated:         -                58M (11%)          66M (13%)          71M (14%)            -                  -          
[49.111s][info][gc,heap     ] GC(489)   Garbage:         -               260M (51%)          42M (8%)           24M (5%)             -                  -          
[49.111s][info][gc,heap     ] GC(489) Reclaimed:         -                  -               218M (43%)         235M (46%)            -                  -          
[49.111s][info][gc          ] GC(489) Garbage Collection (Allocation Rate) 284M(55%)->120M(23%)
[49.180s][info][gc,start    ] GC(490) Garbage Collection (Allocation Rate)
[49.180s][info][gc,task     ] GC(490) Using 5 workers
[49.180s][info][gc,phases   ] GC(490) Pause Mark Start 0.009ms
[49.204s][info][gc,phases   ] GC(490) Concurrent Mark 23.718ms
[49.204s][info][gc,phases   ] GC(490) Pause Mark End 0.012ms
[49.204s][info][gc,phases   ] GC(490) Concurrent Mark Free 0.001ms
[49.205s][info][gc,phases   ] GC(490) Concurrent Process Non-Strong References 0.715ms
[49.205s][info][gc,phases   ] GC(490) Concurrent Reset Relocation Set 0.004ms
[49.211s][info][gc,phases   ] GC(490) Concurrent Select Relocation Set 6.475ms
[49.211s][info][gc,phases   ] GC(490) Pause Relocate Start 0.005ms
[49.214s][info][gc,phases   ] GC(490) Concurrent Relocate 2.806ms
[49.214s][info][gc,load     ] GC(490) Load: 0.00/0.00/0.00
[49.214s][info][gc,mmu      ] GC(490) MMU: 2ms/98.6%, 5ms/99.5%, 10ms/99.6%, 20ms/99.8%, 50ms/99.9%, 100ms/99.9%
[49.214s][info][gc,marking  ] GC(490) Mark: 4 stripe(s), 2 proactive flush(es), 1 terminate flush(es), 0 completion(s), 0 continuation(s) 
[49.214s][info][gc,marking  ] GC(490) Mark Stack Usage: 32M
[49.214s][info][gc,nmethod  ] GC(490) NMethods: 1379 registered, 50 unregistered
[49.214s][info][gc,metaspace] GC(490) Metaspace: 8M used, 8M committed, 1088M reserved
[49.214s][info][gc,ref      ] GC(490) Soft: 174 encountered, 0 discovered, 0 enqueued
[49.215s][info][gc,ref      ] GC(490) Weak: 570 encountered, 9 discovered, 0 enqueued
[49.215s][info][gc,ref      ] GC(490) Final: 0 encountered, 0 discovered, 0 enqueued
[49.215s][info][gc,ref      ] GC(490) Phantom: 21 encountered, 19 discovered, 0 enqueued
[49.215s][info][gc,reloc    ] GC(490) Small Pages: 145 / 290M, Empty: 242M, Relocated: 6M, In-Place: 0
[49.215s][info][gc,reloc    ] GC(490) Medium Pages: 1 / 16M, Empty: 0M, Relocated: 0M, In-Place: 0
[49.215s][info][gc,reloc    ] GC(490) Large Pages: 0 / 0M, Empty: 0M, Relocated: 0M, In-Place: 0
[49.215s][info][gc,reloc    ] GC(490) Forwarding Usage: 2M
[49.215s][info][gc,heap     ] GC(490) Min Capacity: 8M(2%)
[49.215s][info][gc,heap     ] GC(490) Max Capacity: 512M(100%)
[49.215s][info][gc,heap     ] GC(490) Soft Max Capacity: 512M(100%)
[49.215s][info][gc,heap     ] GC(490)                Mark Start          Mark End        Relocate Start      Relocate End           High               Low         
[49.215s][info][gc,heap     ] GC(490)  Capacity:      512M (100%)        512M (100%)        512M (100%)        512M (100%)        512M (100%)        512M (100%)   
[49.215s][info][gc,heap     ] GC(490)      Free:      206M (40%)         158M (31%)         382M (75%)         400M (78%)         400M (78%)         142M (28%)    
[49.215s][info][gc,heap     ] GC(490)      Used:      306M (60%)         354M (69%)         130M (25%)         112M (22%)         370M (72%)         112M (22%)    
[49.215s][info][gc,heap     ] GC(490)      Live:         -                23M (5%)           23M (5%)           23M (5%)             -                  -          
[49.215s][info][gc,heap     ] GC(490) Allocated:         -                48M (9%)           66M (13%)          67M (13%)            -                  -          
[49.215s][info][gc,heap     ] GC(490)   Garbage:         -               282M (55%)          40M (8%)           20M (4%)             -                  -          
[49.215s][info][gc,heap     ] GC(490) Reclaimed:         -                  -               242M (47%)         261M (51%)            -                  -          
[49.215s][info][gc          ] GC(490) Garbage Collection (Allocation Rate) 306M(60%)->112M(22%)
[49.281s][info][gc,start    ] GC(491) Garbage Collection (Allocation Rate)
[49.281s][info][gc,task     ] GC(491) Using 5 workers
[49.281s][info][gc,phases   ] GC(491) Pause Mark Start 0.013ms
[49.309s][info][gc,phases   ] GC(491) Concurrent Mark 27.688ms
[49.309s][info][gc,phases   ] GC(491) Pause Mark End 0.013ms
[49.309s][info][gc,phases   ] GC(491) Concurrent Mark Free 0.001ms
[49.310s][info][gc,phases   ] GC(491) Concurrent Process Non-Strong References 0.711ms
[49.310s][info][gc,phases   ] GC(491) Concurrent Reset Relocation Set 0.004ms
[49.313s][info][gc,phases   ] GC(491) Concurrent Select Relocation Set 3.810ms
[49.314s][info][gc,phases   ] GC(491) Pause Relocate Start 0.004ms
[49.316s][info][gc,phases   ] GC(491) Concurrent Relocate 2.750ms
[49.316s][info][gc,load     ] GC(491) Load: 0.00/0.00/0.00
[49.316s][info][gc,mmu      ] GC(491) MMU: 2ms/98.6%, 5ms/99.5%, 10ms/99.6%, 20ms/99.8%, 50ms/99.9%, 100ms/99.9%
[49.316s][info][gc,marking  ] GC(491) Mark: 4 stripe(s), 8 proactive flush(es), 1 terminate flush(es), 0 completion(s), 0 continuation(s) 
[49.316s][info][gc,marking  ] GC(491) Mark Stack Usage: 32M
[49.317s][info][gc,nmethod  ] GC(491) NMethods: 1379 registered, 50 unregistered
[49.317s][info][gc,metaspace] GC(491) Metaspace: 8M used, 8M committed, 1088M reserved
[49.317s][info][gc,ref      ] GC(491) Soft: 174 encountered, 0 discovered, 0 enqueued
[49.317s][info][gc,ref      ] GC(491) Weak: 570 encountered, 151 discovered, 0 enqueued
[49.317s][info][gc,ref      ] GC(491) Final: 0 encountered, 0 discovered, 0 enqueued
[49.317s][info][gc,ref      ] GC(491) Phantom: 21 encountered, 17 discovered, 0 enqueued
[49.317s][info][gc,reloc    ] GC(491) Small Pages: 120 / 240M, Empty: 202M, Relocated: 5M, In-Place: 0
[49.317s][info][gc,reloc    ] GC(491) Medium Pages: 2 / 32M, Empty: 0M, Relocated: 2M, In-Place: 0
[49.317s][info][gc,reloc    ] GC(491) Large Pages: 0 / 0M, Empty: 0M, Relocated: 0M, In-Place: 0
[49.317s][info][gc,reloc    ] GC(491) Forwarding Usage: 2M
[49.317s][info][gc,heap     ] GC(491) Min Capacity: 8M(2%)
[49.317s][info][gc,heap     ] GC(491) Max Capacity: 512M(100%)
[49.317s][info][gc,heap     ] GC(491) Soft Max Capacity: 512M(100%)
[49.317s][info][gc,heap     ] GC(491)                Mark Start          Mark End        Relocate Start      Relocate End           High               Low         
[49.317s][info][gc,heap     ] GC(491)  Capacity:      512M (100%)        512M (100%)        512M (100%)        512M (100%)        512M (100%)        512M (100%)   
[49.317s][info][gc,heap     ] GC(491)      Free:      240M (47%)         164M (32%)         352M (69%)         368M (72%)         368M (72%)         162M (32%)    
[49.317s][info][gc,heap     ] GC(491)      Used:      272M (53%)         348M (68%)         160M (31%)         144M (28%)         350M (68%)         144M (28%)    
[49.317s][info][gc,heap     ] GC(491)      Live:         -                24M (5%)           24M (5%)           24M (5%)             -                  -          
[49.317s][info][gc,heap     ] GC(491) Allocated:         -                76M (15%)          90M (18%)          95M (19%)            -                  -          
[49.317s][info][gc,heap     ] GC(491)   Garbage:         -               247M (48%)          45M (9%)           23M (5%)             -                  -          
[49.317s][info][gc,heap     ] GC(491) Reclaimed:         -                  -               202M (39%)         223M (44%)            -                  -          
[49.317s][info][gc          ] GC(491) Garbage Collection (Allocation Rate) 272M(53%)->144M(28%)
[49.381s][info][gc,start    ] GC(492) Garbage Collection (Allocation Rate)
[49.381s][info][gc,task     ] GC(492) Using 5 workers
[49.381s][info][gc,phases   ] GC(492) Pause Mark Start 0.010ms
[49.407s][info][gc,phases   ] GC(492) Concurrent Mark 26.740ms
[49.408s][info][gc,phases   ] GC(492) Pause Mark End 0.011ms
[49.408s][info][gc,phases   ] GC(492) Concurrent Mark Free 0.001ms
[49.408s][info][gc,phases   ] GC(492) Concurrent Process Non-Strong References 0.708ms
[49.408s][info][gc,phases   ] GC(492) Concurrent Reset Relocation Set 0.002ms
[49.416s][info][gc,phases   ] GC(492) Concurrent Select Relocation Set 7.301ms
[49.416s][info][gc,phases   ] GC(492) Pause Relocate Start 0.005ms
[49.419s][info][gc,phases   ] GC(492) Concurrent Relocate 3.124ms
[49.419s][info][gc,load     ] GC(492) Load: 0.00/0.00/0.00
[49.419s][info][gc,mmu      ] GC(492) MMU: 2ms/98.6%, 5ms/99.5%, 10ms/99.6%, 20ms/99.8%, 50ms/99.9%, 100ms/99.9%
[49.419s][info][gc,marking  ] GC(492) Mark: 4 stripe(s), 2 proactive flush(es), 1 terminate flush(es), 0 completion(s), 0 continuation(s) 
[49.419s][info][gc,marking  ] GC(492) Mark Stack Usage: 32M
[49.419s][info][gc,nmethod  ] GC(492) NMethods: 1379 registered, 50 unregistered
[49.419s][info][gc,metaspace] GC(492) Metaspace: 8M used, 8M committed, 1088M reserved
[49.419s][info][gc,ref      ] GC(492) Soft: 174 encountered, 0 discovered, 0 enqueued
[49.419s][info][gc,ref      ] GC(492) Weak: 570 encountered, 202 discovered, 0 enqueued
[49.419s][info][gc,ref      ] GC(492) Final: 0 encountered, 0 discovered, 0 enqueued
[49.419s][info][gc,ref      ] GC(492) Phantom: 21 encountered, 19 discovered, 0 enqueued
[49.419s][info][gc,reloc    ] GC(492) Small Pages: 150 / 300M, Empty: 250M, Relocated: 6M, In-Place: 0
[49.419s][info][gc,reloc    ] GC(492) Medium Pages: 1 / 16M, Empty: 0M, Relocated: 0M, In-Place: 0
[49.419s][info][gc,reloc    ] GC(492) Large Pages: 0 / 0M, Empty: 0M, Relocated: 0M, In-Place: 0
[49.419s][info][gc,reloc    ] GC(492) Forwarding Usage: 3M
[49.420s][info][gc,heap     ] GC(492) Min Capacity: 8M(2%)
[49.420s][info][gc,heap     ] GC(492) Max Capacity: 512M(100%)
[49.420s][info][gc,heap     ] GC(492) Soft Max Capacity: 512M(100%)
[49.420s][info][gc,heap     ] GC(492)                Mark Start          Mark End        Relocate Start      Relocate End           High               Low         
[49.420s][info][gc,heap     ] GC(492)  Capacity:      512M (100%)        512M (100%)        512M (100%)        512M (100%)        512M (100%)        512M (100%)   
[49.420s][info][gc,heap     ] GC(492)      Free:      196M (38%)         122M (24%)         350M (68%)         366M (71%)         366M (71%)         120M (23%)    
[49.420s][info][gc,heap     ] GC(492)      Used:      316M (62%)         390M (76%)         162M (32%)         146M (29%)         392M (77%)         146M (29%)    
[49.420s][info][gc,heap     ] GC(492)      Live:         -                25M (5%)           25M (5%)           25M (5%)             -                  -          
[49.420s][info][gc,heap     ] GC(492) Allocated:         -                74M (14%)          96M (19%)         100M (20%)            -                  -          
[49.420s][info][gc,heap     ] GC(492)   Garbage:         -               290M (57%)          40M (8%)           20M (4%)             -                  -          
[49.420s][info][gc,heap     ] GC(492) Reclaimed:         -                  -               250M (49%)         270M (53%)            -                  -          
[49.420s][info][gc          ] GC(492) Garbage Collection (Allocation Rate) 316M(62%)->146M(29%)
[49.480s][info][gc,start    ] GC(493) Garbage Collection (Allocation Rate)
[49.481s][info][gc,task     ] GC(493) Using 5 workers
[49.481s][info][gc,phases   ] GC(493) Pause Mark Start 0.013ms
[49.509s][info][gc,phases   ] GC(493) Concurrent Mark 28.620ms
[49.509s][info][gc,phases   ] GC(493) Pause Mark End 0.011ms
[49.509s][info][gc,phases   ] GC(493) Concurrent Mark Free 0.001ms
[49.510s][info][gc,phases   ] GC(493) Concurrent Process Non-Strong References 0.692ms
[49.510s][info][gc,phases   ] GC(493) Concurrent Reset Relocation Set 0.003ms
[49.514s][info][gc,phases   ] GC(493) Concurrent Select Relocation Set 4.084ms
[49.514s][info][gc,phases   ] GC(493) Pause Relocate Start 0.005ms
[49.518s][info][gc,phases   ] GC(493) Concurrent Relocate 3.083ms
[49.518s][info][gc,load     ] GC(493) Load: 0.00/0.00/0.00
[49.518s][info][gc,mmu      ] GC(493) MMU: 2ms/98.6%, 5ms/99.5%, 10ms/99.6%, 20ms/99.8%, 50ms/99.9%, 100ms/99.9%
[49.518s][info][gc,marking  ] GC(493) Mark: 4 stripe(s), 3 proactive flush(es), 1 terminate flush(es), 0 completion(s), 0 continuation(s) 
[49.518s][info][gc,marking  ] GC(493) Mark Stack Usage: 32M
[49.518s][info][gc,nmethod  ] GC(493) NMethods: 1379 registered, 50 unregistered
[49.518s][info][gc,metaspace] GC(493) Metaspace: 8M used, 8M committed, 1088M reserved
[49.518s][info][gc,ref      ] GC(493) Soft: 174 encountered, 0 discovered, 0 enqueued
[49.518s][info][gc,ref      ] GC(493) Weak: 570 encountered, 34 discovered, 0 enqueued
[49.518s][info][gc,ref      ] GC(493) Final: 0 encountered, 0 discovered, 0 enqueued
[49.518s][info][gc,ref      ] GC(493) Phantom: 21 encountered, 18 discovered, 0 enqueued
[49.518s][info][gc,reloc    ] GC(493) Small Pages: 139 / 278M, Empty: 234M, Relocated: 3M, In-Place: 0
[49.518s][info][gc,reloc    ] GC(493) Medium Pages: 2 / 32M, Empty: 0M, Relocated: 2M, In-Place: 0
[49.518s][info][gc,reloc    ] GC(493) Large Pages: 0 / 0M, Empty: 0M, Relocated: 0M, In-Place: 0
[49.518s][info][gc,reloc    ] GC(493) Forwarding Usage: 1M
[49.518s][info][gc,heap     ] GC(493) Min Capacity: 8M(2%)
[49.518s][info][gc,heap     ] GC(493) Max Capacity: 512M(100%)
[49.518s][info][gc,heap     ] GC(493) Soft Max Capacity: 512M(100%)
[49.518s][info][gc,heap     ] GC(493)                Mark Start          Mark End        Relocate Start      Relocate End           High               Low         
[49.518s][info][gc,heap     ] GC(493)  Capacity:      512M (100%)        512M (100%)        512M (100%)        512M (100%)        512M (100%)        512M (100%)   
[49.518s][info][gc,heap     ] GC(493)      Free:      202M (39%)         126M (25%)         346M (68%)         364M (71%)         366M (71%)         124M (24%)    
[49.518s][info][gc,heap     ] GC(493)      Used:      310M (61%)         386M (75%)         166M (32%)         148M (29%)         388M (76%)         146M (29%)    
[49.518s][info][gc,heap     ] GC(493)      Live:         -                26M (5%)           26M (5%)           26M (5%)             -                  -          
[49.518s][info][gc,heap     ] GC(493) Allocated:         -                76M (15%)          90M (18%)          97M (19%)            -                  -          
[49.518s][info][gc,heap     ] GC(493)   Garbage:         -               283M (55%)          49M (10%)          23M (5%)             -                  -          
[49.518s][info][gc,heap     ] GC(493) Reclaimed:         -                  -               234M (46%)         259M (51%)            -                  -          
[49.518s][info][gc          ] GC(493) Garbage Collection (Allocation Rate) 310M(61%)->148M(29%)
[49.580s][info][gc,start    ] GC(494) Garbage Collection (Allocation Rate)
[49.580s][info][gc,task     ] GC(494) Using 5 workers
[49.580s][info][gc,phases   ] GC(494) Pause Mark Start 0.011ms
[49.608s][info][gc,phases   ] GC(494) Concurrent Mark 27.708ms
[49.608s][info][gc,phases   ] GC(494) Pause Mark End 0.009ms
[49.608s][info][gc,phases   ] GC(494) Concurrent Mark Free 0.001ms
[49.609s][info][gc,phases   ] GC(494) Concurrent Process Non-Strong References 0.699ms
[49.609s][info][gc,phases   ] GC(494) Concurrent Reset Relocation Set 0.002ms
[49.615s][info][gc,phases   ] GC(494) Concurrent Select Relocation Set 6.283ms
[49.615s][info][gc,phases   ] GC(494) Pause Relocate Start 0.003ms
[49.618s][info][gc,phases   ] GC(494) Concurrent Relocate 2.885ms
[49.618s][info][gc,load     ] GC(494) Load: 0.00/0.00/0.00
[49.619s][info][gc,mmu      ] GC(494) MMU: 2ms/98.6%, 5ms/99.5%, 10ms/99.6%, 20ms/99.8%, 50ms/99.9%, 100ms/99.9%
[49.619s][info][gc,marking  ] GC(494) Mark: 4 stripe(s), 2 proactive flush(es), 1 terminate flush(es), 0 completion(s), 0 continuation(s) 
[49.619s][info][gc,marking  ] GC(494) Mark Stack Usage: 32M
[49.619s][info][gc,nmethod  ] GC(494) NMethods: 1379 registered, 50 unregistered
[49.619s][info][gc,metaspace] GC(494) Metaspace: 8M used, 8M committed, 1088M reserved
[49.619s][info][gc,ref      ] GC(494) Soft: 174 encountered, 0 discovered, 0 enqueued
[49.619s][info][gc,ref      ] GC(494) Weak: 570 encountered, 184 discovered, 0 enqueued
[49.619s][info][gc,ref      ] GC(494) Final: 0 encountered, 0 discovered, 0 enqueued
[49.619s][info][gc,ref      ] GC(494) Phantom: 21 encountered, 19 discovered, 0 enqueued
[49.619s][info][gc,reloc    ] GC(494) Small Pages: 150 / 300M, Empty: 252M, Relocated: 5M, In-Place: 0
[49.619s][info][gc,reloc    ] GC(494) Medium Pages: 1 / 16M, Empty: 0M, Relocated: 0M, In-Place: 0
[49.619s][info][gc,reloc    ] GC(494) Large Pages: 0 / 0M, Empty: 0M, Relocated: 0M, In-Place: 0
[49.619s][info][gc,reloc    ] GC(494) Forwarding Usage: 2M
[49.619s][info][gc,heap     ] GC(494) Min Capacity: 8M(2%)
[49.619s][info][gc,heap     ] GC(494) Max Capacity: 512M(100%)
[49.619s][info][gc,heap     ] GC(494) Soft Max Capacity: 512M(100%)
[49.619s][info][gc,heap     ] GC(494)                Mark Start          Mark End        Relocate Start      Relocate End           High               Low         
[49.619s][info][gc,heap     ] GC(494)  Capacity:      512M (100%)        512M (100%)        512M (100%)        512M (100%)        512M (100%)        512M (100%)   
[49.619s][info][gc,heap     ] GC(494)      Free:      196M (38%)         120M (23%)         352M (69%)         358M (70%)         360M (70%)         118M (23%)    
[49.619s][info][gc,heap     ] GC(494)      Used:      316M (62%)         392M (77%)         160M (31%)         154M (30%)         394M (77%)         152M (30%)    
[49.619s][info][gc,heap     ] GC(494)      Live:         -                26M (5%)           26M (5%)           26M (5%)             -                  -          
[49.619s][info][gc,heap     ] GC(494) Allocated:         -                76M (15%)          96M (19%)         103M (20%)            -                  -          
[49.619s][info][gc,heap     ] GC(494)   Garbage:         -               289M (56%)          37M (7%)           23M (5%)             -                  -          
[49.619s][info][gc,heap     ] GC(494) Reclaimed:         -                  -               252M (49%)         265M (52%)            -                  -          
[49.619s][info][gc          ] GC(494) Garbage Collection (Allocation Rate) 316M(62%)->154M(30%)
[49.680s][info][gc,start    ] GC(495) Garbage Collection (Allocation Rate)
[49.680s][info][gc,task     ] GC(495) Using 5 workers
[49.680s][info][gc,phases   ] GC(495) Pause Mark Start 0.015ms
[49.715s][info][gc,phases   ] GC(495) Concurrent Mark 34.623ms
[49.715s][info][gc,phases   ] GC(495) Pause Mark End 0.014ms
[49.715s][info][gc,phases   ] GC(495) Concurrent Mark Free 0.001ms
[49.716s][info][gc,phases   ] GC(495) Concurrent Process Non-Strong References 0.913ms
[49.716s][info][gc,phases   ] GC(495) Concurrent Reset Relocation Set 0.002ms
[49.721s][info][gc,phases   ] GC(495) Concurrent Select Relocation Set 5.344ms
[49.722s][info][gc,phases   ] GC(495) Pause Relocate Start 0.005ms
[49.726s][info][gc,phases   ] GC(495) Concurrent Relocate 4.295ms
[49.726s][info][gc,load     ] GC(495) Load: 0.00/0.00/0.00
[49.726s][info][gc,mmu      ] GC(495) MMU: 2ms/98.6%, 5ms/99.5%, 10ms/99.6%, 20ms/99.8%, 50ms/99.9%, 100ms/99.9%
[49.726s][info][gc,marking  ] GC(495) Mark: 4 stripe(s), 2 proactive flush(es), 1 terminate flush(es), 0 completion(s), 0 continuation(s) 
[49.726s][info][gc,marking  ] GC(495) Mark Stack Usage: 32M
[49.726s][info][gc,nmethod  ] GC(495) NMethods: 1379 registered, 50 unregistered
[49.726s][info][gc,metaspace] GC(495) Metaspace: 8M used, 8M committed, 1088M reserved
[49.726s][info][gc,ref      ] GC(495) Soft: 174 encountered, 0 discovered, 0 enqueued
[49.726s][info][gc,ref      ] GC(495) Weak: 570 encountered, 176 discovered, 0 enqueued
[49.726s][info][gc,ref      ] GC(495) Final: 0 encountered, 0 discovered, 0 enqueued
[49.726s][info][gc,ref      ] GC(495) Phantom: 21 encountered, 13 discovered, 0 enqueued
[49.726s][info][gc,reloc    ] GC(495) Small Pages: 141 / 282M, Empty: 244M, Relocated: 8M, In-Place: 0
[49.726s][info][gc,reloc    ] GC(495) Medium Pages: 1 / 16M, Empty: 0M, Relocated: 0M, In-Place: 0
[49.726s][info][gc,reloc    ] GC(495) Large Pages: 0 / 0M, Empty: 0M, Relocated: 0M, In-Place: 0
[49.726s][info][gc,reloc    ] GC(495) Forwarding Usage: 4M
[49.726s][info][gc,heap     ] GC(495) Min Capacity: 8M(2%)
[49.726s][info][gc,heap     ] GC(495) Max Capacity: 512M(100%)
[49.726s][info][gc,heap     ] GC(495) Soft Max Capacity: 512M(100%)
[49.726s][info][gc,heap     ] GC(495)                Mark Start          Mark End        Relocate Start      Relocate End           High               Low         
[49.726s][info][gc,heap     ] GC(495)  Capacity:      512M (100%)        512M (100%)        512M (100%)        512M (100%)        512M (100%)        512M (100%)   
[49.726s][info][gc,heap     ] GC(495)      Free:      214M (42%)         120M (23%)         348M (68%)         338M (66%)         354M (69%)         118M (23%)    
[49.726s][info][gc,heap     ] GC(495)      Used:      298M (58%)         392M (77%)         164M (32%)         174M (34%)         394M (77%)         158M (31%)    
[49.726s][info][gc,heap     ] GC(495)      Live:         -                27M (5%)           27M (5%)           27M (5%)             -                  -          
[49.726s][info][gc,heap     ] GC(495) Allocated:         -                94M (18%)         110M (21%)         121M (24%)            -                  -          
[49.726s][info][gc,heap     ] GC(495)   Garbage:         -               270M (53%)          26M (5%)           24M (5%)             -                  -          
[49.726s][info][gc,heap     ] GC(495) Reclaimed:         -                  -               244M (48%)         245M (48%)            -                  -          
[49.726s][info][gc          ] GC(495) Garbage Collection (Allocation Rate) 298M(58%)->174M(34%)
[49.780s][info][gc,start    ] GC(496) Garbage Collection (Allocation Rate)
[49.780s][info][gc,task     ] GC(496) Using 5 workers
[49.780s][info][gc,phases   ] GC(496) Pause Mark Start 0.011ms
[49.811s][info][gc,phases   ] GC(496) Concurrent Mark 30.721ms
[49.811s][info][gc,phases   ] GC(496) Pause Mark End 0.013ms
[49.811s][info][gc,phases   ] GC(496) Concurrent Mark Free 0.001ms
[49.812s][info][gc,phases   ] GC(496) Concurrent Process Non-Strong References 0.757ms
[49.812s][info][gc,phases   ] GC(496) Concurrent Reset Relocation Set 0.002ms
[49.816s][info][gc,phases   ] GC(496) Concurrent Select Relocation Set 4.485ms
[49.816s][info][gc,phases   ] GC(496) Pause Relocate Start 0.007ms
[49.819s][info][gc,phases   ] GC(496) Concurrent Relocate 2.140ms
[49.819s][info][gc,load     ] GC(496) Load: 0.00/0.00/0.00
[49.819s][info][gc,mmu      ] GC(496) MMU: 2ms/98.6%, 5ms/99.5%, 10ms/99.6%, 20ms/99.8%, 50ms/99.9%, 100ms/99.9%
[49.819s][info][gc,marking  ] GC(496) Mark: 4 stripe(s), 4 proactive flush(es), 1 terminate flush(es), 0 completion(s), 0 continuation(s) 
[49.819s][info][gc,marking  ] GC(496) Mark Stack Usage: 32M
[49.819s][info][gc,nmethod  ] GC(496) NMethods: 1379 registered, 50 unregistered
[49.819s][info][gc,metaspace] GC(496) Metaspace: 8M used, 8M committed, 1088M reserved
[49.819s][info][gc,ref      ] GC(496) Soft: 174 encountered, 0 discovered, 0 enqueued
[49.819s][info][gc,ref      ] GC(496) Weak: 570 encountered, 90 discovered, 0 enqueued
[49.819s][info][gc,ref      ] GC(496) Final: 0 encountered, 0 discovered, 0 enqueued
[49.819s][info][gc,ref      ] GC(496) Phantom: 21 encountered, 17 discovered, 0 enqueued
[49.819s][info][gc,reloc    ] GC(496) Small Pages: 148 / 296M, Empty: 234M, Relocated: 3M, In-Place: 0
[49.819s][info][gc,reloc    ] GC(496) Medium Pages: 1 / 16M, Empty: 0M, Relocated: 0M, In-Place: 0
[49.819s][info][gc,reloc    ] GC(496) Large Pages: 0 / 0M, Empty: 0M, Relocated: 0M, In-Place: 0
[49.819s][info][gc,reloc    ] GC(496) Forwarding Usage: 1M
[49.819s][info][gc,heap     ] GC(496) Min Capacity: 8M(2%)
[49.819s][info][gc,heap     ] GC(496) Max Capacity: 512M(100%)
[49.819s][info][gc,heap     ] GC(496) Soft Max Capacity: 512M(100%)
[49.819s][info][gc,heap     ] GC(496)                Mark Start          Mark End        Relocate Start      Relocate End           High               Low         
[49.820s][info][gc,heap     ] GC(496)  Capacity:      512M (100%)        512M (100%)        512M (100%)        512M (100%)        512M (100%)        512M (100%)   
[49.820s][info][gc,heap     ] GC(496)      Free:      200M (39%)         118M (23%)         338M (66%)         358M (70%)         358M (70%)         116M (23%)    
[49.820s][info][gc,heap     ] GC(496)      Used:      312M (61%)         394M (77%)         174M (34%)         154M (30%)         396M (77%)         154M (30%)    
[49.820s][info][gc,heap     ] GC(496)      Live:         -                28M (6%)           28M (6%)           28M (6%)             -                  -          
[49.820s][info][gc,heap     ] GC(496) Allocated:         -                82M (16%)          96M (19%)         101M (20%)            -                  -          
[49.820s][info][gc,heap     ] GC(496)   Garbage:         -               283M (55%)          49M (10%)          23M (5%)             -                  -          
[49.820s][info][gc,heap     ] GC(496) Reclaimed:         -                  -               234M (46%)         259M (51%)            -                  -          
[49.820s][info][gc          ] GC(496) Garbage Collection (Allocation Rate) 312M(61%)->154M(30%)
[49.881s][info][gc,start    ] GC(497) Garbage Collection (Allocation Rate)
[49.881s][info][gc,task     ] GC(497) Using 5 workers
[49.881s][info][gc,phases   ] GC(497) Pause Mark Start 0.012ms
[49.908s][info][gc,phases   ] GC(497) Concurrent Mark 26.676ms
[49.908s][info][gc,phases   ] GC(497) Pause Mark End 0.013ms
[49.908s][info][gc,phases   ] GC(497) Concurrent Mark Free 0.001ms
[49.909s][info][gc,phases   ] GC(497) Concurrent Process Non-Strong References 0.679ms
[49.909s][info][gc,phases   ] GC(497) Concurrent Reset Relocation Set 0.004ms
[49.915s][info][gc,phases   ] GC(497) Concurrent Select Relocation Set 6.258ms
[49.915s][info][gc,phases   ] GC(497) Pause Relocate Start 0.007ms
[49.917s][info][gc,phases   ] GC(497) Concurrent Relocate 2.074ms
[49.917s][info][gc,load     ] GC(497) Load: 0.00/0.00/0.00
[49.917s][info][gc,mmu      ] GC(497) MMU: 2ms/98.6%, 5ms/99.5%, 10ms/99.6%, 20ms/99.8%, 50ms/99.9%, 100ms/99.9%
[49.917s][info][gc,marking  ] GC(497) Mark: 4 stripe(s), 2 proactive flush(es), 1 terminate flush(es), 0 completion(s), 0 continuation(s) 
[49.917s][info][gc,marking  ] GC(497) Mark Stack Usage: 32M
[49.917s][info][gc,nmethod  ] GC(497) NMethods: 1379 registered, 50 unregistered
[49.917s][info][gc,metaspace] GC(497) Metaspace: 8M used, 8M committed, 1088M reserved
[49.918s][info][gc,ref      ] GC(497) Soft: 174 encountered, 0 discovered, 0 enqueued
[49.918s][info][gc,ref      ] GC(497) Weak: 570 encountered, 226 discovered, 0 enqueued
[49.918s][info][gc,ref      ] GC(497) Final: 0 encountered, 0 discovered, 0 enqueued
[49.918s][info][gc,ref      ] GC(497) Phantom: 21 encountered, 11 discovered, 0 enqueued
[49.918s][info][gc,reloc    ] GC(497) Small Pages: 150 / 300M, Empty: 254M, Relocated: 4M, In-Place: 0
[49.918s][info][gc,reloc    ] GC(497) Medium Pages: 1 / 16M, Empty: 0M, Relocated: 0M, In-Place: 0
[49.918s][info][gc,reloc    ] GC(497) Large Pages: 0 / 0M, Empty: 0M, Relocated: 0M, In-Place: 0
[49.918s][info][gc,reloc    ] GC(497) Forwarding Usage: 2M
[49.918s][info][gc,heap     ] GC(497) Min Capacity: 8M(2%)
[49.918s][info][gc,heap     ] GC(497) Max Capacity: 512M(100%)
[49.918s][info][gc,heap     ] GC(497) Soft Max Capacity: 512M(100%)
[49.918s][info][gc,heap     ] GC(497)                Mark Start          Mark End        Relocate Start      Relocate End           High               Low         
[49.918s][info][gc,heap     ] GC(497)  Capacity:      512M (100%)        512M (100%)        512M (100%)        512M (100%)        512M (100%)        512M (100%)   
[49.918s][info][gc,heap     ] GC(497)      Free:      196M (38%)         168M (33%)         418M (82%)         428M (84%)         428M (84%)         168M (33%)    
[49.918s][info][gc,heap     ] GC(497)      Used:      316M (62%)         344M (67%)          94M (18%)          84M (16%)         344M (67%)          84M (16%)    
[49.918s][info][gc,heap     ] GC(497)      Live:         -                29M (6%)           29M (6%)           29M (6%)             -                  -          
[49.918s][info][gc,heap     ] GC(497) Allocated:         -                28M (5%)           32M (6%)           31M (6%)             -                  -          
[49.918s][info][gc,heap     ] GC(497)   Garbage:         -               286M (56%)          32M (6%)           22M (4%)             -                  -          
[49.918s][info][gc,heap     ] GC(497) Reclaimed:         -                  -               254M (50%)         263M (52%)            -                  -          
[49.918s][info][gc          ] GC(497) Garbage Collection (Allocation Rate) 316M(62%)->84M(16%)
[49.981s][info][gc,start    ] GC(498) Garbage Collection (Allocation Rate)
[50.001s][info][gc,task     ] GC(498) Using 5 workers
[50.001s][info][gc,phases   ] GC(498) Pause Mark Start 0.014ms
[50.039s][info][gc,phases   ] GC(498) Concurrent Mark 38.010ms
[50.040s][info][gc,phases   ] GC(498) Pause Mark End 0.013ms
[50.040s][info][gc,phases   ] GC(498) Concurrent Mark Free 0.001ms
[50.040s][info][gc,phases   ] GC(498) Concurrent Process Non-Strong References 0.599ms
[50.040s][info][gc,phases   ] GC(498) Concurrent Reset Relocation Set 0.004ms
[50.048s][info][gc,phases   ] GC(498) Concurrent Select Relocation Set 7.251ms
[50.048s][info][gc,phases   ] GC(498) Pause Relocate Start 0.005ms
[50.050s][info][gc,phases   ] GC(498) Concurrent Relocate 2.245ms
[50.050s][info][gc,load     ] GC(498) Load: 0.00/0.00/0.00
[50.050s][info][gc,mmu      ] GC(498) MMU: 2ms/98.6%, 5ms/99.5%, 10ms/99.6%, 20ms/99.8%, 50ms/99.9%, 100ms/99.9%
[50.050s][info][gc,marking  ] GC(498) Mark: 4 stripe(s), 2 proactive flush(es), 1 terminate flush(es), 0 completion(s), 0 continuation(s) 
[50.050s][info][gc,marking  ] GC(498) Mark Stack Usage: 32M
[50.050s][info][gc,nmethod  ] GC(498) NMethods: 1379 registered, 50 unregistered
[50.050s][info][gc,metaspace] GC(498) Metaspace: 8M used, 8M committed, 1088M reserved
[50.050s][info][gc,ref      ] GC(498) Soft: 174 encountered, 0 discovered, 0 enqueued
[50.050s][info][gc,ref      ] GC(498) Weak: 570 encountered, 200 discovered, 0 enqueued
[50.050s][info][gc,ref      ] GC(498) Final: 0 encountered, 0 discovered, 0 enqueued
[50.050s][info][gc,ref      ] GC(498) Phantom: 21 encountered, 12 discovered, 0 enqueued
[50.050s][info][gc,reloc    ] GC(498) Small Pages: 39 / 78M, Empty: 18M, Relocated: 4M, In-Place: 0
[50.050s][info][gc,reloc    ] GC(498) Medium Pages: 2 / 32M, Empty: 16M, Relocated: 0M, In-Place: 0
[50.050s][info][gc,reloc    ] GC(498) Large Pages: 2 / 8M, Empty: 0M, Relocated: 0M, In-Place: 0
[50.050s][info][gc,reloc    ] GC(498) Forwarding Usage: 2M
[50.050s][info][gc,heap     ] GC(498) Min Capacity: 8M(2%)
[50.050s][info][gc,heap     ] GC(498) Max Capacity: 512M(100%)
[50.050s][info][gc,heap     ] GC(498) Soft Max Capacity: 512M(100%)
[50.051s][info][gc,heap     ] GC(498)                Mark Start          Mark End        Relocate Start      Relocate End           High               Low         
[50.051s][info][gc,heap     ] GC(498)  Capacity:      512M (100%)        512M (100%)        512M (100%)        512M (100%)        512M (100%)        512M (100%)   
[50.051s][info][gc,heap     ] GC(498)      Free:      394M (77%)         364M (71%)         394M (77%)         400M (78%)         400M (78%)         362M (71%)    
[50.051s][info][gc,heap     ] GC(498)      Used:      118M (23%)         148M (29%)         118M (23%)         112M (22%)         150M (29%)         112M (22%)    
[50.051s][info][gc,heap     ] GC(498)      Live:         -                52M (10%)          52M (10%)          52M (10%)            -                  -          
[50.051s][info][gc,heap     ] GC(498) Allocated:         -                30M (6%)           34M (7%)           33M (7%)             -                  -          
[50.051s][info][gc,heap     ] GC(498)   Garbage:         -                65M (13%)          31M (6%)           25M (5%)             -                  -          
[50.051s][info][gc,heap     ] GC(498) Reclaimed:         -                  -                34M (7%)           39M (8%)             -                  -          
[50.051s][info][gc          ] GC(498) Garbage Collection (Allocation Rate) 118M(23%)->112M(22%)
[50.079s][info][gc,stats    ] === Garbage Collection Statistics =======================================================================================================================
[50.080s][info][gc,stats    ]                                                              Last 10s              Last 10m              Last 10h                Total
[50.080s][info][gc,stats    ]                                                              Avg / Max             Avg / Max             Avg / Max             Avg / Max
[50.080s][info][gc,stats    ]   Collector: Garbage Collection Cycle                     35.909 / 133.910      35.776 / 133.910      35.776 / 133.910      35.776 / 133.910     ms
[50.080s][info][gc,stats    ]  Contention: Mark Segment Reset Contention                    16 / 21               15 / 23               15 / 23               15 / 23          ops/s
[50.080s][info][gc,stats    ]  Contention: Mark SeqNum Reset Contention                      3 / 7                 3 / 9                 3 / 9                 3 / 9           ops/s
[50.080s][info][gc,stats    ]    Critical: Allocation Stall                                  0 / 0                 0 / 0                 0 / 0                 0 / 0           ops/s
[50.080s][info][gc,stats    ]    Critical: Allocation Stall                              0.000 / 0.000         0.000 / 0.000         0.000 / 0.000         0.000 / 0.000       ms
[50.080s][info][gc,stats    ]    Critical: GC Locker Stall                                   0 / 0                 0 / 0                 0 / 0                 0 / 0           ops/s
[50.080s][info][gc,stats    ]    Critical: GC Locker Stall                               0.000 / 0.000         0.000 / 0.000         0.000 / 0.000         0.000 / 0.000       ms
[50.080s][info][gc,stats    ]    Critical: Relocation Stall                                  0 / 0                 0 / 0                 0 / 0                 0 / 0           ops/s
[50.080s][info][gc,stats    ]    Critical: Relocation Stall                              0.000 / 0.000         0.000 / 0.000         0.000 / 0.000         0.000 / 0.000       ms
[50.080s][info][gc,stats    ]      Memory: Allocation Rate                                2190 / 2518           2159 / 2570           2159 / 2570           2159 / 2570        MB/s
[50.080s][info][gc,stats    ]      Memory: Defragment                                        0 / 0                 0 / 14                0 / 14                0 / 14          ops/s
[50.080s][info][gc,stats    ]      Memory: Out Of Memory                                     0 / 0                 0 / 0                 0 / 0                 0 / 0           ops/s
[50.080s][info][gc,stats    ]      Memory: Page Cache Flush                                  3 / 16                6 / 52                6 / 52                6 / 52          MB/s
[50.080s][info][gc,stats    ]      Memory: Page Cache Hit L1                              1117 / 1283           1099 / 1317           1099 / 1317           1099 / 1317        ops/s
[50.080s][info][gc,stats    ]      Memory: Page Cache Hit L2                                 0 / 0                 0 / 0                 0 / 0                 0 / 0           ops/s
[50.080s][info][gc,stats    ]      Memory: Page Cache Hit L3                                 0 / 2                 5 / 138               5 / 138               5 / 138         ops/s
[50.080s][info][gc,stats    ]      Memory: Page Cache Miss                                   0 / 1                 0 / 4                 0 / 4                 0 / 4           ops/s
[50.080s][info][gc,stats    ]      Memory: Uncommit                                          0 / 0                 0 / 0                 0 / 0                 0 / 0           MB/s
[50.080s][info][gc,stats    ]      Memory: Undo Object Allocation Failed                     0 / 0                 0 / 0                 0 / 0                 0 / 0           ops/s
[50.080s][info][gc,stats    ]      Memory: Undo Object Allocation Succeeded                  1 / 3                 1 / 4                 1 / 4                 1 / 4           ops/s
[50.080s][info][gc,stats    ]      Memory: Undo Page Allocation                              0 / 0                 0 / 0                 0 / 0                 0 / 0           ops/s
[50.080s][info][gc,stats    ]       Phase: Concurrent Mark                              24.602 / 46.597       25.177 / 46.690       25.177 / 46.690       25.177 / 46.690      ms
[50.080s][info][gc,stats    ]       Phase: Concurrent Mark Continue                      0.000 / 0.000         0.000 / 0.000         0.000 / 0.000         0.000 / 0.000       ms
[50.080s][info][gc,start    ] GC(499) Garbage Collection (Allocation Rate)
[50.080s][info][gc,stats    ]       Phase: Concurrent Mark Free                          0.001 / 0.002         0.001 / 0.002         0.001 / 0.002         0.001 / 0.002       ms
[50.080s][info][gc,task     ] GC(499) Using 5 workers
[50.081s][info][gc,stats    ]       Phase: Concurrent Process Non-Strong References      0.858 / 1.227         0.920 / 1.417         0.920 / 1.417         0.920 / 1.417       ms
[50.081s][info][gc,stats    ]       Phase: Concurrent Relocate                           3.056 / 5.707         3.129 / 6.396         3.129 / 6.396         3.129 / 6.396       ms
[50.081s][info][gc,phases   ] GC(499) Pause Mark Start 0.011ms
[50.081s][info][gc,stats    ]       Phase: Concurrent Reset Relocation Set               0.002 / 0.004         0.002 / 0.006         0.002 / 0.006         0.002 / 0.006       ms
[50.081s][info][gc,stats    ]       Phase: Concurrent Select Relocation Set              5.213 / 7.902         5.070 / 14.790        5.070 / 14.790        5.070 / 14.790      ms
[50.081s][info][gc,stats    ]       Phase: Pause Mark End                                0.012 / 0.018         0.012 / 0.027         0.012 / 0.027         0.012 / 0.027       ms
[50.081s][info][gc,stats    ]       Phase: Pause Mark Start                              0.012 / 0.016         0.012 / 0.021         0.012 / 0.021         0.012 / 0.021       ms
[50.081s][info][gc,stats    ]       Phase: Pause Relocate Start                          0.005 / 0.009         0.005 / 0.009         0.005 / 0.009         0.005 / 0.009       ms
[50.081s][info][gc,stats    ]    Subphase: Concurrent Classes Purge                      0.005 / 0.023         0.007 / 0.415         0.007 / 0.415         0.007 / 0.415       ms
[50.081s][info][gc,stats    ]    Subphase: Concurrent Classes Unlink                     0.636 / 0.876         0.660 / 1.055         0.660 / 1.055         0.660 / 1.055       ms
[50.081s][info][gc,stats    ]    Subphase: Concurrent Mark                              22.956 / 45.836       23.163 / 46.110       23.163 / 46.110       23.163 / 46.110      ms
[50.081s][info][gc,stats    ]    Subphase: Concurrent Mark Try Flush                     0.030 / 0.087         0.031 / 0.229         0.031 / 0.229         0.031 / 0.229       ms
[50.081s][info][gc,stats    ]    Subphase: Concurrent Mark Try Terminate                 2.845 / 15.913        3.696 / 16.664        3.696 / 16.664        3.696 / 16.664      ms
[50.081s][info][gc,stats    ]    Subphase: Concurrent References Enqueue                 0.000 / 0.001         0.000 / 0.004         0.000 / 0.004         0.000 / 0.004       ms
[50.081s][info][gc,stats    ]    Subphase: Concurrent References Process                 0.029 / 0.071         0.032 / 0.071         0.032 / 0.071         0.032 / 0.071       ms
[50.081s][info][gc,stats    ]    Subphase: Concurrent Roots ClassLoaderDataGraph         0.098 / 0.398         0.108 / 0.572         0.108 / 0.572         0.108 / 0.572       ms
[50.081s][info][gc,stats    ]    Subphase: Concurrent Roots CodeCache                    0.000 / 0.000         0.000 / 0.000         0.000 / 0.000         0.000 / 0.000       ms
[50.081s][info][gc,stats    ]    Subphase: Concurrent Roots JavaThreads                  0.293 / 0.872         0.303 / 1.270         0.303 / 1.270         0.303 / 1.270       ms
[50.081s][info][gc,stats    ]    Subphase: Concurrent Roots OopStorageSet                0.013 / 0.033         0.015 / 0.134         0.015 / 0.134         0.015 / 0.134       ms
[50.081s][info][gc,stats    ]    Subphase: Concurrent Weak Roots OopStorageSet           0.129 / 0.264         0.160 / 0.350         0.160 / 0.350         0.160 / 0.350       ms
[50.081s][info][gc,stats    ]    Subphase: Pause Mark Try Complete                       0.000 / 0.000         0.000 / 0.000         0.000 / 0.000         0.000 / 0.000       ms
[50.081s][info][gc,stats    ]      System: Java Threads                                     11 / 11               12 / 23               12 / 23               12 / 23          threads
[50.081s][info][gc,stats    ] =========================================================================================================================================================
[50.119s][info][gc,phases   ] GC(499) Concurrent Mark 38.694ms
[50.119s][info][gc,phases   ] GC(499) Pause Mark End 0.011ms
[50.120s][info][gc,phases   ] GC(499) Concurrent Mark Free 0.001ms
[50.120s][info][gc,phases   ] GC(499) Concurrent Process Non-Strong References 0.654ms
[50.120s][info][gc,phases   ] GC(499) Concurrent Reset Relocation Set 0.002ms
[50.124s][info][gc,phases   ] GC(499) Concurrent Select Relocation Set 3.782ms
[50.124s][info][gc,phases   ] GC(499) Pause Relocate Start 0.005ms
[50.126s][info][gc,phases   ] GC(499) Concurrent Relocate 1.709ms
[50.126s][info][gc,load     ] GC(499) Load: 0.00/0.00/0.00
[50.126s][info][gc,mmu      ] GC(499) MMU: 2ms/98.6%, 5ms/99.5%, 10ms/99.6%, 20ms/99.8%, 50ms/99.9%, 100ms/99.9%
[50.126s][info][gc,marking  ] GC(499) Mark: 4 stripe(s), 2 proactive flush(es), 1 terminate flush(es), 0 completion(s), 0 continuation(s) 
[50.126s][info][gc,marking  ] GC(499) Mark Stack Usage: 32M
[50.126s][info][gc,nmethod  ] GC(499) NMethods: 1379 registered, 50 unregistered
[50.126s][info][gc,metaspace] GC(499) Metaspace: 8M used, 8M committed, 1088M reserved
[50.126s][info][gc,ref      ] GC(499) Soft: 174 encountered, 0 discovered, 0 enqueued
[50.126s][info][gc,ref      ] GC(499) Weak: 570 encountered, 139 discovered, 0 enqueued
[50.126s][info][gc,ref      ] GC(499) Final: 0 encountered, 0 discovered, 0 enqueued
[50.126s][info][gc,ref      ] GC(499) Phantom: 21 encountered, 18 discovered, 0 enqueued
[50.126s][info][gc,reloc    ] GC(499) Small Pages: 38 / 76M, Empty: 14M, Relocated: 4M, In-Place: 0
[50.126s][info][gc,reloc    ] GC(499) Medium Pages: 2 / 32M, Empty: 16M, Relocated: 0M, In-Place: 0
[50.126s][info][gc,reloc    ] GC(499) Large Pages: 4 / 16M, Empty: 8M, Relocated: 0M, In-Place: 0
[50.126s][info][gc,reloc    ] GC(499) Forwarding Usage: 2M
[50.126s][info][gc,heap     ] GC(499) Min Capacity: 8M(2%)
[50.126s][info][gc,heap     ] GC(499) Max Capacity: 512M(100%)
[50.126s][info][gc,heap     ] GC(499) Soft Max Capacity: 512M(100%)
[50.126s][info][gc,heap     ] GC(499)                Mark Start          Mark End        Relocate Start      Relocate End           High               Low         
[50.126s][info][gc,heap     ] GC(499)  Capacity:      512M (100%)        512M (100%)        512M (100%)        512M (100%)        512M (100%)        512M (100%)   
[50.127s][info][gc,heap     ] GC(499)      Free:      388M (76%)         360M (70%)         396M (77%)         404M (79%)         404M (79%)         358M (70%)    
[50.127s][info][gc,heap     ] GC(499)      Used:      124M (24%)         152M (30%)         116M (23%)         108M (21%)         154M (30%)         108M (21%)    
[50.127s][info][gc,heap     ] GC(499)      Live:         -                49M (10%)          49M (10%)          49M (10%)            -                  -          
[50.127s][info][gc,heap     ] GC(499) Allocated:         -                28M (5%)           30M (6%)           29M (6%)             -                  -          
[50.127s][info][gc,heap     ] GC(499)   Garbage:         -                74M (14%)          36M (7%)           28M (6%)             -                  -          
[50.127s][info][gc,heap     ] GC(499) Reclaimed:         -                  -                38M (7%)           45M (9%)             -                  -          
[50.127s][info][gc          ] GC(499) Garbage Collection (Allocation Rate) 124M(24%)->108M(21%)
[50.180s][info][gc,start    ] GC(500) Garbage Collection (Allocation Rate)
[50.180s][info][gc,task     ] GC(500) Using 5 workers
[50.180s][info][gc,phases   ] GC(500) Pause Mark Start 0.012ms
[50.211s][info][gc,phases   ] GC(500) Concurrent Mark 30.690ms
[50.211s][info][gc,phases   ] GC(500) Pause Mark End 0.014ms
[50.211s][info][gc,phases   ] GC(500) Concurrent Mark Free 0.001ms
[50.212s][info][gc,phases   ] GC(500) Concurrent Process Non-Strong References 0.835ms
[50.212s][info][gc,phases   ] GC(500) Concurrent Reset Relocation Set 0.002ms
[50.219s][info][gc,phases   ] GC(500) Concurrent Select Relocation Set 7.053ms
[50.220s][info][gc,phases   ] GC(500) Pause Relocate Start 0.006ms
[50.223s][info][gc,phases   ] GC(500) Concurrent Relocate 3.290ms
[50.223s][info][gc,load     ] GC(500) Load: 0.00/0.00/0.00
[50.223s][info][gc,mmu      ] GC(500) MMU: 2ms/98.6%, 5ms/99.5%, 10ms/99.6%, 20ms/99.8%, 50ms/99.9%, 100ms/99.9%
[50.223s][info][gc,marking  ] GC(500) Mark: 4 stripe(s), 2 proactive flush(es), 1 terminate flush(es), 0 completion(s), 0 continuation(s) 
[50.223s][info][gc,marking  ] GC(500) Mark Stack Usage: 32M
[50.223s][info][gc,nmethod  ] GC(500) NMethods: 1379 registered, 50 unregistered
[50.223s][info][gc,metaspace] GC(500) Metaspace: 8M used, 8M committed, 1088M reserved
[50.223s][info][gc,ref      ] GC(500) Soft: 174 encountered, 0 discovered, 0 enqueued
[50.223s][info][gc,ref      ] GC(500) Weak: 570 encountered, 178 discovered, 0 enqueued
[50.223s][info][gc,ref      ] GC(500) Final: 0 encountered, 0 discovered, 0 enqueued
[50.223s][info][gc,ref      ] GC(500) Phantom: 21 encountered, 13 discovered, 0 enqueued
[50.223s][info][gc,reloc    ] GC(500) Small Pages: 32 / 64M, Empty: 24M, Relocated: 6M, In-Place: 0
[50.223s][info][gc,reloc    ] GC(500) Medium Pages: 2 / 32M, Empty: 16M, Relocated: 0M, In-Place: 0
[50.223s][info][gc,reloc    ] GC(500) Large Pages: 3 / 12M, Empty: 8M, Relocated: 0M, In-Place: 0
[50.223s][info][gc,reloc    ] GC(500) Forwarding Usage: 2M
[50.223s][info][gc,heap     ] GC(500) Min Capacity: 8M(2%)
[50.223s][info][gc,heap     ] GC(500) Max Capacity: 512M(100%)
[50.223s][info][gc,heap     ] GC(500) Soft Max Capacity: 512M(100%)
[50.223s][info][gc,heap     ] GC(500)                Mark Start          Mark End        Relocate Start      Relocate End           High               Low         
[50.223s][info][gc,heap     ] GC(500)  Capacity:      512M (100%)        512M (100%)        512M (100%)        512M (100%)        512M (100%)        512M (100%)   
[50.224s][info][gc,heap     ] GC(500)      Free:      404M (79%)         388M (76%)         436M (85%)         438M (86%)         438M (86%)         388M (76%)    
[50.224s][info][gc,heap     ] GC(500)      Used:      108M (21%)         124M (24%)          76M (15%)          74M (14%)         124M (24%)          74M (14%)    
[50.224s][info][gc,heap     ] GC(500)      Live:         -                32M (6%)           32M (6%)           32M (6%)             -                  -          
[50.224s][info][gc,heap     ] GC(500) Allocated:         -                16M (3%)           16M (3%)           17M (3%)             -                  -          
[50.224s][info][gc,heap     ] GC(500)   Garbage:         -                75M (15%)          27M (5%)           23M (5%)             -                  -          
[50.224s][info][gc,heap     ] GC(500) Reclaimed:         -                  -                48M (9%)           51M (10%)            -                  -          
[50.224s][info][gc          ] GC(500) Garbage Collection (Allocation Rate) 108M(21%)->74M(14%)
[50.280s][info][gc,start    ] GC(501) Garbage Collection (Allocation Rate)
[50.280s][info][gc,task     ] GC(501) Using 5 workers
[50.280s][info][gc,phases   ] GC(501) Pause Mark Start 0.011ms
[50.310s][info][gc,phases   ] GC(501) Concurrent Mark 29.697ms
[50.310s][info][gc,phases   ] GC(501) Pause Mark End 0.010ms
[50.310s][info][gc,phases   ] GC(501) Concurrent Mark Free 0.001ms
[50.311s][info][gc,phases   ] GC(501) Concurrent Process Non-Strong References 0.689ms
[50.311s][info][gc,phases   ] GC(501) Concurrent Reset Relocation Set 0.001ms
[50.315s][info][gc,phases   ] GC(501) Concurrent Select Relocation Set 3.911ms
[50.315s][info][gc,phases   ] GC(501) Pause Relocate Start 0.007ms
[50.318s][info][gc,phases   ] GC(501) Concurrent Relocate 2.732ms
[50.318s][info][gc,load     ] GC(501) Load: 0.00/0.00/0.00
[50.318s][info][gc,mmu      ] GC(501) MMU: 2ms/98.6%, 5ms/99.5%, 10ms/99.6%, 20ms/99.8%, 50ms/99.9%, 100ms/99.9%
[50.318s][info][gc,marking  ] GC(501) Mark: 4 stripe(s), 2 proactive flush(es), 1 terminate flush(es), 0 completion(s), 0 continuation(s) 
[50.318s][info][gc,marking  ] GC(501) Mark Stack Usage: 32M
[50.318s][info][gc,nmethod  ] GC(501) NMethods: 1379 registered, 50 unregistered
[50.318s][info][gc,metaspace] GC(501) Metaspace: 8M used, 8M committed, 1088M reserved
[50.318s][info][gc,ref      ] GC(501) Soft: 174 encountered, 0 discovered, 0 enqueued
[50.318s][info][gc,ref      ] GC(501) Weak: 570 encountered, 159 discovered, 0 enqueued
[50.318s][info][gc,ref      ] GC(501) Final: 0 encountered, 0 discovered, 0 enqueued
[50.318s][info][gc,ref      ] GC(501) Phantom: 21 encountered, 8 discovered, 0 enqueued
[50.318s][info][gc,reloc    ] GC(501) Small Pages: 19 / 38M, Empty: 0M, Relocated: 2M, In-Place: 0
[50.318s][info][gc,reloc    ] GC(501) Medium Pages: 2 / 32M, Empty: 0M, Relocated: 1M, In-Place: 0
[50.318s][info][gc,reloc    ] GC(501) Large Pages: 1 / 4M, Empty: 0M, Relocated: 0M, In-Place: 0
[50.318s][info][gc,reloc    ] GC(501) Forwarding Usage: 1M
[50.318s][info][gc,heap     ] GC(501) Min Capacity: 8M(2%)
[50.318s][info][gc,heap     ] GC(501) Max Capacity: 512M(100%)
[50.318s][info][gc,heap     ] GC(501) Soft Max Capacity: 512M(100%)
[50.318s][info][gc,heap     ] GC(501)                Mark Start          Mark End        Relocate Start      Relocate End           High               Low         
[50.318s][info][gc,heap     ] GC(501)  Capacity:      512M (100%)        512M (100%)        512M (100%)        512M (100%)        512M (100%)        512M (100%)   
[50.318s][info][gc,heap     ] GC(501)      Free:      438M (86%)         422M (82%)         422M (82%)         438M (86%)         438M (86%)         398M (78%)    
[50.318s][info][gc,heap     ] GC(501)      Used:       74M (14%)          90M (18%)          90M (18%)          74M (14%)         114M (22%)          74M (14%)    
[50.318s][info][gc,heap     ] GC(501)      Live:         -                32M (6%)           32M (6%)           32M (6%)             -                  -          
[50.319s][info][gc,heap     ] GC(501) Allocated:         -                16M (3%)           16M (3%)           16M (3%)             -                  -          
[50.319s][info][gc,heap     ] GC(501)   Garbage:         -                41M (8%)           41M (8%)           24M (5%)             -                  -          
[50.319s][info][gc,heap     ] GC(501) Reclaimed:         -                  -                 0M (0%)           16M (3%)             -                  -          
[50.319s][info][gc          ] GC(501) Garbage Collection (Allocation Rate) 74M(14%)->74M(14%)
[50.380s][info][gc,start    ] GC(502) Garbage Collection (Allocation Rate)
[50.380s][info][gc,task     ] GC(502) Using 5 workers
[50.380s][info][gc,phases   ] GC(502) Pause Mark Start 0.013ms
[50.412s][info][gc,phases   ] GC(502) Concurrent Mark 31.660ms
[50.412s][info][gc,phases   ] GC(502) Pause Mark End 0.011ms
[50.412s][info][gc,phases   ] GC(502) Concurrent Mark Free 0.001ms
[50.413s][info][gc,phases   ] GC(502) Concurrent Process Non-Strong References 0.674ms
[50.413s][info][gc,phases   ] GC(502) Concurrent Reset Relocation Set 0.002ms
[50.417s][info][gc,phases   ] GC(502) Concurrent Select Relocation Set 3.713ms
[50.417s][info][gc,phases   ] GC(502) Pause Relocate Start 0.005ms
[50.418s][info][gc,phases   ] GC(502) Concurrent Relocate 1.322ms
[50.418s][info][gc,load     ] GC(502) Load: 0.00/0.00/0.00
[50.418s][info][gc,mmu      ] GC(502) MMU: 2ms/98.6%, 5ms/99.5%, 10ms/99.6%, 20ms/99.8%, 50ms/99.9%, 100ms/99.9%
[50.418s][info][gc,marking  ] GC(502) Mark: 4 stripe(s), 2 proactive flush(es), 1 terminate flush(es), 0 completion(s), 0 continuation(s) 
[50.418s][info][gc,marking  ] GC(502) Mark Stack Usage: 32M
[50.418s][info][gc,nmethod  ] GC(502) NMethods: 1379 registered, 50 unregistered
[50.418s][info][gc,metaspace] GC(502) Metaspace: 8M used, 8M committed, 1088M reserved
[50.418s][info][gc,ref      ] GC(502) Soft: 174 encountered, 0 discovered, 0 enqueued
[50.418s][info][gc,ref      ] GC(502) Weak: 570 encountered, 6 discovered, 0 enqueued
[50.418s][info][gc,ref      ] GC(502) Final: 0 encountered, 0 discovered, 0 enqueued
[50.418s][info][gc,ref      ] GC(502) Phantom: 21 encountered, 17 discovered, 0 enqueued
[50.418s][info][gc,reloc    ] GC(502) Small Pages: 37 / 74M, Empty: 34M, Relocated: 1M, In-Place: 0
[50.418s][info][gc,reloc    ] GC(502) Medium Pages: 2 / 32M, Empty: 16M, Relocated: 0M, In-Place: 0
[50.418s][info][gc,reloc    ] GC(502) Large Pages: 1 / 4M, Empty: 0M, Relocated: 0M, In-Place: 0
[50.418s][info][gc,reloc    ] GC(502) Forwarding Usage: 0M
[50.418s][info][gc,heap     ] GC(502) Min Capacity: 8M(2%)
[50.418s][info][gc,heap     ] GC(502) Max Capacity: 512M(100%)
[50.418s][info][gc,heap     ] GC(502) Soft Max Capacity: 512M(100%)
[50.418s][info][gc,heap     ] GC(502)                Mark Start          Mark End        Relocate Start      Relocate End           High               Low         
[50.419s][info][gc,heap     ] GC(502)  Capacity:      512M (100%)        512M (100%)        512M (100%)        512M (100%)        512M (100%)        512M (100%)   
[50.419s][info][gc,heap     ] GC(502)      Free:      402M (79%)         388M (76%)         438M (86%)         438M (86%)         438M (86%)         388M (76%)    
[50.419s][info][gc,heap     ] GC(502)      Used:      110M (21%)         124M (24%)          74M (14%)          74M (14%)         124M (24%)          74M (14%)    
[50.419s][info][gc,heap     ] GC(502)      Live:         -                32M (6%)           32M (6%)           32M (6%)             -                  -          
[50.419s][info][gc,heap     ] GC(502) Allocated:         -                14M (3%)           14M (3%)           14M (3%)             -                  -          
[50.419s][info][gc,heap     ] GC(502)   Garbage:         -                77M (15%)          27M (5%)           27M (5%)             -                  -          
[50.419s][info][gc,heap     ] GC(502) Reclaimed:         -                  -                50M (10%)          50M (10%)            -                  -          
[50.419s][info][gc          ] GC(502) Garbage Collection (Allocation Rate) 110M(21%)->74M(14%)
[50.419s][info][gc,start    ] GC(503) Garbage Collection (System.gc())
[50.419s][info][gc,task     ] GC(503) Using 5 workers
[50.419s][info][gc,phases   ] GC(503) Pause Mark Start 0.005ms
[50.423s][info][gc,phases   ] GC(503) Concurrent Mark 3.926ms
[50.423s][info][gc,phases   ] GC(503) Pause Mark End 0.007ms
[50.423s][info][gc,phases   ] GC(503) Concurrent Mark Free 0.001ms
[50.424s][info][gc,phases   ] GC(503) Concurrent Process Non-Strong References 0.641ms
[50.424s][info][gc,phases   ] GC(503) Concurrent Reset Relocation Set 0.001ms
[50.427s][info][gc,phases   ] GC(503) Concurrent Select Relocation Set 3.665ms
[50.427s][info][gc,phases   ] GC(503) Pause Relocate Start 0.004ms
[50.429s][info][gc,phases   ] GC(503) Concurrent Relocate 1.612ms
[50.429s][info][gc,load     ] GC(503) Load: 0.00/0.00/0.00
[50.429s][info][gc,mmu      ] GC(503) MMU: 2ms/98.6%, 5ms/99.5%, 10ms/99.6%, 20ms/99.8%, 50ms/99.9%, 100ms/99.9%
[50.429s][info][gc,marking  ] GC(503) Mark: 4 stripe(s), 1 proactive flush(es), 1 terminate flush(es), 0 completion(s), 0 continuation(s) 
[50.429s][info][gc,marking  ] GC(503) Mark Stack Usage: 32M
[50.429s][info][gc,nmethod  ] GC(503) NMethods: 1379 registered, 50 unregistered
[50.429s][info][gc,metaspace] GC(503) Metaspace: 8M used, 8M committed, 1088M reserved
[50.429s][info][gc,ref      ] GC(503) Soft: 174 encountered, 0 discovered, 0 enqueued
[50.429s][info][gc,ref      ] GC(503) Weak: 570 encountered, 21 discovered, 0 enqueued
[50.429s][info][gc,ref      ] GC(503) Final: 0 encountered, 0 discovered, 0 enqueued
[50.429s][info][gc,ref      ] GC(503) Phantom: 21 encountered, 18 discovered, 0 enqueued
[50.429s][info][gc,reloc    ] GC(503) Small Pages: 27 / 54M, Empty: 36M, Relocated: 1M, In-Place: 0
[50.429s][info][gc,reloc    ] GC(503) Medium Pages: 1 / 16M, Empty: 16M, Relocated: 0M, In-Place: 0
[50.430s][info][gc,reloc    ] GC(503) Large Pages: 1 / 4M, Empty: 4M, Relocated: 0M, In-Place: 0
[50.430s][info][gc,reloc    ] GC(503) Forwarding Usage: 0M
[50.430s][info][gc,heap     ] GC(503) Min Capacity: 8M(2%)
[50.430s][info][gc,heap     ] GC(503) Max Capacity: 512M(100%)
[50.430s][info][gc,heap     ] GC(503) Soft Max Capacity: 512M(100%)
[50.430s][info][gc,heap     ] GC(503)                Mark Start          Mark End        Relocate Start      Relocate End           High               Low         
[50.430s][info][gc,heap     ] GC(503)  Capacity:      512M (100%)        512M (100%)        512M (100%)        512M (100%)        512M (100%)        512M (100%)   
[50.430s][info][gc,heap     ] GC(503)      Free:      438M (86%)         438M (86%)         494M (96%)         498M (97%)         498M (97%)         438M (86%)    
[50.430s][info][gc,heap     ] GC(503)      Used:       74M (14%)          74M (14%)          18M (4%)           14M (3%)           74M (14%)          14M (3%)     
[50.430s][info][gc,heap     ] GC(503)      Live:         -                 4M (1%)            4M (1%)            4M (1%)             -                  -          
[50.430s][info][gc,heap     ] GC(503) Allocated:         -                 0M (0%)            0M (0%)            0M (0%)             -                  -          
[50.430s][info][gc,heap     ] GC(503)   Garbage:         -                69M (14%)          13M (3%)            9M (2%)             -                  -          
[50.430s][info][gc,heap     ] GC(503) Reclaimed:         -                  -                56M (11%)          60M (12%)            -                  -          
[50.430s][info][gc          ] GC(503) Garbage Collection (System.gc()) 74M(14%)->14M(3%)
[50.481s][info][gc,start    ] GC(504) Garbage Collection (Allocation Rate)
[50.481s][info][gc,task     ] GC(504) Using 5 workers
[50.481s][info][gc,phases   ] GC(504) Pause Mark Start 0.014ms
[50.489s][info][gc,phases   ] GC(504) Concurrent Mark 7.694ms
[50.489s][info][gc,phases   ] GC(504) Pause Mark End 0.013ms
[50.489s][info][gc,phases   ] GC(504) Concurrent Mark Free 0.001ms
[50.490s][info][gc,phases   ] GC(504) Concurrent Process Non-Strong References 1.130ms
[50.490s][info][gc,phases   ] GC(504) Concurrent Reset Relocation Set 0.001ms
[50.494s][info][gc,phases   ] GC(504) Concurrent Select Relocation Set 3.766ms
[50.494s][info][gc,phases   ] GC(504) Pause Relocate Start 0.007ms
[50.497s][info][gc,phases   ] GC(504) Concurrent Relocate 2.759ms
[50.497s][info][gc,load     ] GC(504) Load: 0.00/0.00/0.00
[50.497s][info][gc,mmu      ] GC(504) MMU: 2ms/98.6%, 5ms/99.5%, 10ms/99.6%, 20ms/99.8%, 50ms/99.9%, 100ms/99.9%
[50.497s][info][gc,marking  ] GC(504) Mark: 4 stripe(s), 2 proactive flush(es), 1 terminate flush(es), 0 completion(s), 0 continuation(s) 
[50.497s][info][gc,marking  ] GC(504) Mark Stack Usage: 32M
[50.497s][info][gc,nmethod  ] GC(504) NMethods: 1380 registered, 50 unregistered
[50.497s][info][gc,metaspace] GC(504) Metaspace: 8M used, 8M committed, 1088M reserved
[50.497s][info][gc,ref      ] GC(504) Soft: 174 encountered, 0 discovered, 0 enqueued
[50.497s][info][gc,ref      ] GC(504) Weak: 570 encountered, 5 discovered, 0 enqueued
[50.497s][info][gc,ref      ] GC(504) Final: 0 encountered, 0 discovered, 0 enqueued
[50.497s][info][gc,ref      ] GC(504) Phantom: 21 encountered, 18 discovered, 0 enqueued
[50.497s][info][gc,reloc    ] GC(504) Small Pages: 63 / 126M, Empty: 100M, Relocated: 1M, In-Place: 0
[50.497s][info][gc,reloc    ] GC(504) Medium Pages: 0 / 0M, Empty: 0M, Relocated: 0M, In-Place: 0
[50.497s][info][gc,reloc    ] GC(504) Large Pages: 0 / 0M, Empty: 0M, Relocated: 0M, In-Place: 0
[50.497s][info][gc,reloc    ] GC(504) Forwarding Usage: 0M
[50.497s][info][gc,heap     ] GC(504) Min Capacity: 8M(2%)
[50.497s][info][gc,heap     ] GC(504) Max Capacity: 512M(100%)
[50.497s][info][gc,heap     ] GC(504) Soft Max Capacity: 512M(100%)
[50.497s][info][gc,heap     ] GC(504)                Mark Start          Mark End        Relocate Start      Relocate End           High               Low         
[50.497s][info][gc,heap     ] GC(504)  Capacity:      512M (100%)        512M (100%)        512M (100%)        512M (100%)        512M (100%)        512M (100%)   
[50.497s][info][gc,heap     ] GC(504)      Free:      386M (75%)         366M (71%)         452M (88%)         458M (89%)         462M (90%)         354M (69%)    
[50.497s][info][gc,heap     ] GC(504)      Used:      126M (25%)         146M (29%)          60M (12%)          54M (11%)         158M (31%)          50M (10%)    
[50.497s][info][gc,heap     ] GC(504)      Live:         -                 4M (1%)            4M (1%)            4M (1%)             -                  -          
[50.497s][info][gc,heap     ] GC(504) Allocated:         -                20M (4%)           34M (7%)           39M (8%)             -                  -          
[50.497s][info][gc,heap     ] GC(504)   Garbage:         -               121M (24%)          21M (4%)            9M (2%)             -                  -          
[50.498s][info][gc,heap     ] GC(504) Reclaimed:         -                  -               100M (20%)         111M (22%)            -                  -          
[50.498s][info][gc          ] GC(504) Garbage Collection (Allocation Rate) 126M(25%)->54M(11%)
[50.581s][info][gc,start    ] GC(505) Garbage Collection (Allocation Rate)
[50.581s][info][gc,task     ] GC(505) Using 5 workers
[50.581s][info][gc,phases   ] GC(505) Pause Mark Start 0.013ms
[50.589s][info][gc,phases   ] GC(505) Concurrent Mark 7.657ms
[50.589s][info][gc,phases   ] GC(505) Pause Mark End 0.012ms
[50.589s][info][gc,phases   ] GC(505) Concurrent Mark Free 0.001ms
[50.590s][info][gc,phases   ] GC(505) Concurrent Process Non-Strong References 0.974ms
[50.590s][info][gc,phases   ] GC(505) Concurrent Reset Relocation Set 0.002ms
[50.594s][info][gc,phases   ] GC(505) Concurrent Select Relocation Set 3.648ms
[50.594s][info][gc,phases   ] GC(505) Pause Relocate Start 0.006ms
[50.595s][info][gc,phases   ] GC(505) Concurrent Relocate 0.966ms
[50.595s][info][gc,load     ] GC(505) Load: 0.00/0.00/0.00
[50.595s][info][gc,mmu      ] GC(505) MMU: 2ms/98.6%, 5ms/99.5%, 10ms/99.6%, 20ms/99.8%, 50ms/99.9%, 100ms/99.9%
[50.595s][info][gc,marking  ] GC(505) Mark: 4 stripe(s), 2 proactive flush(es), 1 terminate flush(es), 0 completion(s), 0 continuation(s) 
[50.595s][info][gc,marking  ] GC(505) Mark Stack Usage: 32M
[50.595s][info][gc,nmethod  ] GC(505) NMethods: 1380 registered, 50 unregistered
[50.595s][info][gc,metaspace] GC(505) Metaspace: 8M used, 8M committed, 1088M reserved
[50.595s][info][gc,ref      ] GC(505) Soft: 174 encountered, 0 discovered, 0 enqueued
[50.595s][info][gc,ref      ] GC(505) Weak: 570 encountered, 55 discovered, 0 enqueued
[50.595s][info][gc,ref      ] GC(505) Final: 0 encountered, 0 discovered, 0 enqueued
[50.595s][info][gc,ref      ] GC(505) Phantom: 21 encountered, 19 discovered, 0 enqueued
[50.595s][info][gc,reloc    ] GC(505) Small Pages: 121 / 242M, Empty: 214M, Relocated: 1M, In-Place: 0
[50.595s][info][gc,reloc    ] GC(505) Medium Pages: 0 / 0M, Empty: 0M, Relocated: 0M, In-Place: 0
[50.595s][info][gc,reloc    ] GC(505) Large Pages: 0 / 0M, Empty: 0M, Relocated: 0M, In-Place: 0
[50.595s][info][gc,reloc    ] GC(505) Forwarding Usage: 0M
[50.595s][info][gc,heap     ] GC(505) Min Capacity: 8M(2%)
[50.595s][info][gc,heap     ] GC(505) Max Capacity: 512M(100%)
[50.595s][info][gc,heap     ] GC(505) Soft Max Capacity: 512M(100%)
[50.595s][info][gc,heap     ] GC(505)                Mark Start          Mark End        Relocate Start      Relocate End           High               Low         
[50.595s][info][gc,heap     ] GC(505)  Capacity:      512M (100%)        512M (100%)        512M (100%)        512M (100%)        512M (100%)        512M (100%)   
[50.595s][info][gc,heap     ] GC(505)      Free:      270M (53%)         262M (51%)         470M (92%)         482M (94%)         482M (94%)         260M (51%)    
[50.595s][info][gc,heap     ] GC(505)      Used:      242M (47%)         250M (49%)          42M (8%)           30M (6%)          252M (49%)          30M (6%)     
[50.595s][info][gc,heap     ] GC(505)      Live:         -                 5M (1%)            5M (1%)            5M (1%)             -                  -          
[50.595s][info][gc,heap     ] GC(505) Allocated:         -                 8M (2%)           14M (3%)           13M (3%)             -                  -          
[50.595s][info][gc,heap     ] GC(505)   Garbage:         -               236M (46%)          22M (4%)           10M (2%)             -                  -          
[50.595s][info][gc,heap     ] GC(505) Reclaimed:         -                  -               214M (42%)         225M (44%)            -                  -          
[50.596s][info][gc          ] GC(505) Garbage Collection (Allocation Rate) 242M(47%)->30M(6%)
[50.681s][info][gc,start    ] GC(506) Garbage Collection (Allocation Rate)
[50.681s][info][gc,task     ] GC(506) Using 5 workers
[50.681s][info][gc,phases   ] GC(506) Pause Mark Start 0.015ms
[50.688s][info][gc,phases   ] GC(506) Concurrent Mark 7.621ms
[50.689s][info][gc,phases   ] GC(506) Pause Mark End 0.014ms
[50.689s][info][gc,phases   ] GC(506) Concurrent Mark Free 0.001ms
[50.690s][info][gc,phases   ] GC(506) Concurrent Process Non-Strong References 0.956ms
[50.690s][info][gc,phases   ] GC(506) Concurrent Reset Relocation Set 0.002ms
[50.693s][info][gc,phases   ] GC(506) Concurrent Select Relocation Set 3.621ms
[50.693s][info][gc,phases   ] GC(506) Pause Relocate Start 0.006ms
[50.694s][info][gc,phases   ] GC(506) Concurrent Relocate 0.921ms
[50.694s][info][gc,load     ] GC(506) Load: 0.00/0.00/0.00
[50.694s][info][gc,mmu      ] GC(506) MMU: 2ms/98.6%, 5ms/99.5%, 10ms/99.6%, 20ms/99.8%, 50ms/99.9%, 100ms/99.9%
[50.695s][info][gc,marking  ] GC(506) Mark: 4 stripe(s), 3 proactive flush(es), 1 terminate flush(es), 0 completion(s), 0 continuation(s) 
[50.695s][info][gc,marking  ] GC(506) Mark Stack Usage: 32M
[50.695s][info][gc,nmethod  ] GC(506) NMethods: 1380 registered, 50 unregistered
[50.695s][info][gc,metaspace] GC(506) Metaspace: 8M used, 8M committed, 1088M reserved
[50.695s][info][gc,ref      ] GC(506) Soft: 174 encountered, 0 discovered, 0 enqueued
[50.695s][info][gc,ref      ] GC(506) Weak: 570 encountered, 41 discovered, 0 enqueued
[50.695s][info][gc,ref      ] GC(506) Final: 0 encountered, 0 discovered, 0 enqueued
[50.695s][info][gc,ref      ] GC(506) Phantom: 21 encountered, 11 discovered, 0 enqueued
[50.695s][info][gc,reloc    ] GC(506) Small Pages: 109 / 218M, Empty: 190M, Relocated: 1M, In-Place: 0
[50.695s][info][gc,reloc    ] GC(506) Medium Pages: 0 / 0M, Empty: 0M, Relocated: 0M, In-Place: 0
[50.695s][info][gc,reloc    ] GC(506) Large Pages: 0 / 0M, Empty: 0M, Relocated: 0M, In-Place: 0
[50.695s][info][gc,reloc    ] GC(506) Forwarding Usage: 0M
[50.695s][info][gc,heap     ] GC(506) Min Capacity: 8M(2%)
[50.695s][info][gc,heap     ] GC(506) Max Capacity: 512M(100%)
[50.695s][info][gc,heap     ] GC(506) Soft Max Capacity: 512M(100%)
[50.695s][info][gc,heap     ] GC(506)                Mark Start          Mark End        Relocate Start      Relocate End           High               Low         
[50.695s][info][gc,heap     ] GC(506)  Capacity:      512M (100%)        512M (100%)        512M (100%)        512M (100%)        512M (100%)        512M (100%)   
[50.695s][info][gc,heap     ] GC(506)      Free:      294M (57%)         286M (56%)         470M (92%)         480M (94%)         480M (94%)         284M (55%)    
[50.695s][info][gc,heap     ] GC(506)      Used:      218M (43%)         226M (44%)          42M (8%)           32M (6%)          228M (45%)          32M (6%)     
[50.695s][info][gc,heap     ] GC(506)      Live:         -                 5M (1%)            5M (1%)            5M (1%)             -                  -          
[50.695s][info][gc,heap     ] GC(506) Allocated:         -                 8M (2%)           14M (3%)           15M (3%)             -                  -          
[50.695s][info][gc,heap     ] GC(506)   Garbage:         -               212M (41%)          22M (4%)           10M (2%)             -                  -          
[50.695s][info][gc,heap     ] GC(506) Reclaimed:         -                  -               190M (37%)         201M (39%)            -                  -          
[50.695s][info][gc          ] GC(506) Garbage Collection (Allocation Rate) 218M(43%)->32M(6%)
[50.780s][info][gc,start    ] GC(507) Garbage Collection (Allocation Rate)
[50.780s][info][gc,task     ] GC(507) Using 5 workers
[50.780s][info][gc,phases   ] GC(507) Pause Mark Start 0.013ms
[50.789s][info][gc,phases   ] GC(507) Concurrent Mark 8.717ms
[50.789s][info][gc,phases   ] GC(507) Pause Mark End 0.015ms
[50.789s][info][gc,phases   ] GC(507) Concurrent Mark Free 0.001ms
[50.791s][info][gc,phases   ] GC(507) Concurrent Process Non-Strong References 1.083ms
[50.791s][info][gc,phases   ] GC(507) Concurrent Reset Relocation Set 0.002ms
[50.796s][info][gc,phases   ] GC(507) Concurrent Select Relocation Set 4.852ms
[50.796s][info][gc,phases   ] GC(507) Pause Relocate Start 0.006ms
[50.800s][info][gc,phases   ] GC(507) Concurrent Relocate 3.818ms
[50.800s][info][gc,load     ] GC(507) Load: 0.00/0.00/0.00
[50.800s][info][gc,mmu      ] GC(507) MMU: 2ms/98.6%, 5ms/99.5%, 10ms/99.6%, 20ms/99.8%, 50ms/99.9%, 100ms/99.9%
[50.800s][info][gc,marking  ] GC(507) Mark: 4 stripe(s), 2 proactive flush(es), 1 terminate flush(es), 0 completion(s), 0 continuation(s) 
[50.800s][info][gc,marking  ] GC(507) Mark Stack Usage: 32M
[50.800s][info][gc,nmethod  ] GC(507) NMethods: 1380 registered, 50 unregistered
[50.800s][info][gc,metaspace] GC(507) Metaspace: 8M used, 8M committed, 1088M reserved
[50.800s][info][gc,ref      ] GC(507) Soft: 174 encountered, 0 discovered, 0 enqueued
[50.800s][info][gc,ref      ] GC(507) Weak: 570 encountered, 6 discovered, 0 enqueued
[50.800s][info][gc,ref      ] GC(507) Final: 0 encountered, 0 discovered, 0 enqueued
[50.800s][info][gc,ref      ] GC(507) Phantom: 21 encountered, 15 discovered, 0 enqueued
[50.800s][info][gc,reloc    ] GC(507) Small Pages: 115 / 230M, Empty: 198M, Relocated: 3M, In-Place: 0
[50.800s][info][gc,reloc    ] GC(507) Medium Pages: 1 / 16M, Empty: 0M, Relocated: 0M, In-Place: 0
[50.800s][info][gc,reloc    ] GC(507) Large Pages: 0 / 0M, Empty: 0M, Relocated: 0M, In-Place: 0
[50.800s][info][gc,reloc    ] GC(507) Forwarding Usage: 1M
[50.800s][info][gc,heap     ] GC(507) Min Capacity: 8M(2%)
[50.800s][info][gc,heap     ] GC(507) Max Capacity: 512M(100%)
[50.800s][info][gc,heap     ] GC(507) Soft Max Capacity: 512M(100%)
[50.800s][info][gc,heap     ] GC(507)                Mark Start          Mark End        Relocate Start      Relocate End           High               Low         
[50.800s][info][gc,heap     ] GC(507)  Capacity:      512M (100%)        512M (100%)        512M (100%)        512M (100%)        512M (100%)        512M (100%)   
[50.800s][info][gc,heap     ] GC(507)      Free:      266M (52%)         246M (48%)         438M (86%)         446M (87%)         450M (88%)         244M (48%)    
[50.800s][info][gc,heap     ] GC(507)      Used:      246M (48%)         266M (52%)          74M (14%)          66M (13%)         268M (52%)          62M (12%)    
[50.800s][info][gc,heap     ] GC(507)      Live:         -                 6M (1%)            6M (1%)            6M (1%)             -                  -          
[50.800s][info][gc,heap     ] GC(507) Allocated:         -                20M (4%)           26M (5%)           35M (7%)             -                  -          
[50.800s][info][gc,heap     ] GC(507)   Garbage:         -               239M (47%)          41M (8%)           23M (5%)             -                  -          
[50.800s][info][gc,heap     ] GC(507) Reclaimed:         -                  -               198M (39%)         215M (42%)            -                  -          
[50.800s][info][gc          ] GC(507) Garbage Collection (Allocation Rate) 246M(48%)->66M(13%)
[50.880s][info][gc,start    ] GC(508) Garbage Collection (Allocation Rate)
[50.880s][info][gc,task     ] GC(508) Using 5 workers
[50.880s][info][gc,phases   ] GC(508) Pause Mark Start 0.014ms
[50.893s][info][gc,phases   ] GC(508) Concurrent Mark 12.718ms
[50.893s][info][gc,phases   ] GC(508) Pause Mark End 0.012ms
[50.893s][info][gc,phases   ] GC(508) Concurrent Mark Free 0.001ms
[50.894s][info][gc,phases   ] GC(508) Concurrent Process Non-Strong References 1.126ms
[50.895s][info][gc,phases   ] GC(508) Concurrent Reset Relocation Set 0.003ms
[50.898s][info][gc,phases   ] GC(508) Concurrent Select Relocation Set 3.910ms
[50.899s][info][gc,phases   ] GC(508) Pause Relocate Start 0.007ms
[50.900s][info][gc,phases   ] GC(508) Concurrent Relocate 1.048ms
[50.900s][info][gc,load     ] GC(508) Load: 0.00/0.00/0.00
[50.900s][info][gc,mmu      ] GC(508) MMU: 2ms/98.6%, 5ms/99.5%, 10ms/99.6%, 20ms/99.8%, 50ms/99.9%, 100ms/99.9%
[50.900s][info][gc,marking  ] GC(508) Mark: 4 stripe(s), 5 proactive flush(es), 1 terminate flush(es), 0 completion(s), 0 continuation(s) 
[50.900s][info][gc,marking  ] GC(508) Mark Stack Usage: 32M
[50.900s][info][gc,nmethod  ] GC(508) NMethods: 1380 registered, 50 unregistered
[50.900s][info][gc,metaspace] GC(508) Metaspace: 8M used, 8M committed, 1088M reserved
[50.900s][info][gc,ref      ] GC(508) Soft: 174 encountered, 0 discovered, 0 enqueued
[50.900s][info][gc,ref      ] GC(508) Weak: 570 encountered, 141 discovered, 0 enqueued
[50.900s][info][gc,ref      ] GC(508) Final: 0 encountered, 0 discovered, 0 enqueued
[50.900s][info][gc,ref      ] GC(508) Phantom: 21 encountered, 18 discovered, 0 enqueued
[50.900s][info][gc,reloc    ] GC(508) Small Pages: 134 / 268M, Empty: 236M, Relocated: 1M, In-Place: 0
[50.900s][info][gc,reloc    ] GC(508) Medium Pages: 1 / 16M, Empty: 0M, Relocated: 0M, In-Place: 0
[50.900s][info][gc,reloc    ] GC(508) Large Pages: 0 / 0M, Empty: 0M, Relocated: 0M, In-Place: 0
[50.900s][info][gc,reloc    ] GC(508) Forwarding Usage: 0M
[50.900s][info][gc,heap     ] GC(508) Min Capacity: 8M(2%)
[50.900s][info][gc,heap     ] GC(508) Max Capacity: 512M(100%)
[50.900s][info][gc,heap     ] GC(508) Soft Max Capacity: 512M(100%)
[50.900s][info][gc,heap     ] GC(508)                Mark Start          Mark End        Relocate Start      Relocate End           High               Low         
[50.900s][info][gc,heap     ] GC(508)  Capacity:      512M (100%)        512M (100%)        512M (100%)        512M (100%)        512M (100%)        512M (100%)   
[50.900s][info][gc,heap     ] GC(508)      Free:      228M (45%)         192M (38%)         416M (81%)         428M (84%)         428M (84%)         190M (37%)    
[50.900s][info][gc,heap     ] GC(508)      Used:      284M (55%)         320M (63%)          96M (19%)          84M (16%)         322M (63%)          84M (16%)    
[50.900s][info][gc,heap     ] GC(508)      Live:         -                 7M (1%)            7M (1%)            7M (1%)             -                  -          
[50.900s][info][gc,heap     ] GC(508) Allocated:         -                36M (7%)           48M (9%)           49M (10%)            -                  -          
[50.900s][info][gc,heap     ] GC(508)   Garbage:         -               276M (54%)          40M (8%)           26M (5%)             -                  -          
[50.900s][info][gc,heap     ] GC(508) Reclaimed:         -                  -               236M (46%)         249M (49%)            -                  -          
[50.900s][info][gc          ] GC(508) Garbage Collection (Allocation Rate) 284M(55%)->84M(16%)
[50.980s][info][gc,start    ] GC(509) Garbage Collection (Allocation Rate)
[50.980s][info][gc,task     ] GC(509) Using 5 workers
[50.980s][info][gc,phases   ] GC(509) Pause Mark Start 0.013ms
[50.992s][info][gc,phases   ] GC(509) Concurrent Mark 11.718ms
[50.992s][info][gc,phases   ] GC(509) Pause Mark End 0.013ms
[50.992s][info][gc,phases   ] GC(509) Concurrent Mark Free 0.001ms
[50.993s][info][gc,phases   ] GC(509) Concurrent Process Non-Strong References 1.091ms
[50.993s][info][gc,phases   ] GC(509) Concurrent Reset Relocation Set 0.002ms
[50.998s][info][gc,phases   ] GC(509) Concurrent Select Relocation Set 5.101ms
[50.999s][info][gc,phases   ] GC(509) Pause Relocate Start 0.006ms
[51.002s][info][gc,phases   ] GC(509) Concurrent Relocate 3.071ms
[51.002s][info][gc,load     ] GC(509) Load: 0.00/0.00/0.00
[51.002s][info][gc,mmu      ] GC(509) MMU: 2ms/98.6%, 5ms/99.5%, 10ms/99.6%, 20ms/99.8%, 50ms/99.9%, 100ms/99.9%
[51.002s][info][gc,marking  ] GC(509) Mark: 4 stripe(s), 3 proactive flush(es), 1 terminate flush(es), 0 completion(s), 0 continuation(s) 
[51.002s][info][gc,marking  ] GC(509) Mark Stack Usage: 32M
[51.002s][info][gc,nmethod  ] GC(509) NMethods: 1380 registered, 50 unregistered
[51.002s][info][gc,metaspace] GC(509) Metaspace: 8M used, 8M committed, 1088M reserved
[51.002s][info][gc,ref      ] GC(509) Soft: 174 encountered, 0 discovered, 0 enqueued
[51.002s][info][gc,ref      ] GC(509) Weak: 570 encountered, 124 discovered, 0 enqueued
[51.002s][info][gc,ref      ] GC(509) Final: 0 encountered, 0 discovered, 0 enqueued
[51.002s][info][gc,ref      ] GC(509) Phantom: 21 encountered, 17 discovered, 0 enqueued
[51.002s][info][gc,reloc    ] GC(509) Small Pages: 133 / 266M, Empty: 236M, Relocated: 3M, In-Place: 0
[51.002s][info][gc,reloc    ] GC(509) Medium Pages: 1 / 16M, Empty: 0M, Relocated: 0M, In-Place: 0
[51.002s][info][gc,reloc    ] GC(509) Large Pages: 0 / 0M, Empty: 0M, Relocated: 0M, In-Place: 0
[51.002s][info][gc,reloc    ] GC(509) Forwarding Usage: 1M
[51.002s][info][gc,heap     ] GC(509) Min Capacity: 8M(2%)
[51.002s][info][gc,heap     ] GC(509) Max Capacity: 512M(100%)
[51.002s][info][gc,heap     ] GC(509) Soft Max Capacity: 512M(100%)
[51.002s][info][gc,heap     ] GC(509)                Mark Start          Mark End        Relocate Start      Relocate End           High               Low         
[51.002s][info][gc,heap     ] GC(509)  Capacity:      512M (100%)        512M (100%)        512M (100%)        512M (100%)        512M (100%)        512M (100%)   
[51.002s][info][gc,heap     ] GC(509)      Free:      230M (45%)         198M (39%)         416M (81%)         422M (82%)         424M (83%)         194M (38%)    
[51.002s][info][gc,heap     ] GC(509)      Used:      282M (55%)         314M (61%)          96M (19%)          90M (18%)         318M (62%)          88M (17%)    
[51.002s][info][gc,heap     ] GC(509)      Live:         -                 7M (2%)            7M (2%)            7M (2%)             -                  -          
[51.002s][info][gc,heap     ] GC(509) Allocated:         -                32M (6%)           50M (10%)          57M (11%)            -                  -          
[51.002s][info][gc,heap     ] GC(509)   Garbage:         -               274M (54%)          38M (7%)           24M (5%)             -                  -          
[51.002s][info][gc,heap     ] GC(509) Reclaimed:         -                  -               236M (46%)         249M (49%)            -                  -          
[51.002s][info][gc          ] GC(509) Garbage Collection (Allocation Rate) 282M(55%)->90M(18%)
[51.081s][info][gc,start    ] GC(510) Garbage Collection (Allocation Rate)
[51.081s][info][gc,task     ] GC(510) Using 5 workers
[51.081s][info][gc,phases   ] GC(510) Pause Mark Start 0.012ms
[51.092s][info][gc,phases   ] GC(510) Concurrent Mark 10.705ms
[51.092s][info][gc,phases   ] GC(510) Pause Mark End 0.014ms
[51.092s][info][gc,phases   ] GC(510) Concurrent Mark Free 0.001ms
[51.093s][info][gc,phases   ] GC(510) Concurrent Process Non-Strong References 1.011ms
[51.093s][info][gc,phases   ] GC(510) Concurrent Reset Relocation Set 0.003ms
[51.099s][info][gc,phases   ] GC(510) Concurrent Select Relocation Set 6.095ms
[51.099s][info][gc,phases   ] GC(510) Pause Relocate Start 0.006ms
[51.103s][info][gc,phases   ] GC(510) Concurrent Relocate 3.207ms
[51.103s][info][gc,load     ] GC(510) Load: 0.00/0.00/0.00
[51.103s][info][gc,mmu      ] GC(510) MMU: 2ms/98.6%, 5ms/99.5%, 10ms/99.6%, 20ms/99.8%, 50ms/99.9%, 100ms/99.9%
[51.103s][info][gc,marking  ] GC(510) Mark: 4 stripe(s), 2 proactive flush(es), 1 terminate flush(es), 0 completion(s), 0 continuation(s) 
[51.103s][info][gc,marking  ] GC(510) Mark Stack Usage: 32M
[51.103s][info][gc,nmethod  ] GC(510) NMethods: 1380 registered, 50 unregistered
[51.103s][info][gc,metaspace] GC(510) Metaspace: 8M used, 8M committed, 1088M reserved
[51.103s][info][gc,ref      ] GC(510) Soft: 174 encountered, 0 discovered, 0 enqueued
[51.103s][info][gc,ref      ] GC(510) Weak: 570 encountered, 5 discovered, 0 enqueued
[51.103s][info][gc,ref      ] GC(510) Final: 0 encountered, 0 discovered, 0 enqueued
[51.103s][info][gc,ref      ] GC(510) Phantom: 21 encountered, 18 discovered, 0 enqueued
[51.103s][info][gc,reloc    ] GC(510) Small Pages: 144 / 288M, Empty: 260M, Relocated: 5M, In-Place: 0
[51.103s][info][gc,reloc    ] GC(510) Medium Pages: 1 / 16M, Empty: 0M, Relocated: 0M, In-Place: 0
[51.103s][info][gc,reloc    ] GC(510) Large Pages: 0 / 0M, Empty: 0M, Relocated: 0M, In-Place: 0
[51.103s][info][gc,reloc    ] GC(510) Forwarding Usage: 2M
[51.103s][info][gc,heap     ] GC(510) Min Capacity: 8M(2%)
[51.103s][info][gc,heap     ] GC(510) Max Capacity: 512M(100%)
[51.103s][info][gc,heap     ] GC(510) Soft Max Capacity: 512M(100%)
[51.103s][info][gc,heap     ] GC(510)                Mark Start          Mark End        Relocate Start      Relocate End           High               Low         
[51.103s][info][gc,heap     ] GC(510)  Capacity:      512M (100%)        512M (100%)        512M (100%)        512M (100%)        512M (100%)        512M (100%)   
[51.103s][info][gc,heap     ] GC(510)      Free:      208M (41%)         180M (35%)         418M (82%)         428M (84%)         432M (84%)         176M (34%)    
[51.103s][info][gc,heap     ] GC(510)      Used:      304M (59%)         332M (65%)          94M (18%)          84M (16%)         336M (66%)          80M (16%)    
[51.103s][info][gc,heap     ] GC(510)      Live:         -                 8M (2%)            8M (2%)            8M (2%)             -                  -          
[51.103s][info][gc,heap     ] GC(510) Allocated:         -                28M (5%)           50M (10%)          53M (11%)            -                  -          
[51.103s][info][gc,heap     ] GC(510)   Garbage:         -               295M (58%)          35M (7%)           21M (4%)             -                  -          
[51.103s][info][gc,heap     ] GC(510) Reclaimed:         -                  -               260M (51%)         273M (54%)            -                  -          
[51.103s][info][gc          ] GC(510) Garbage Collection (Allocation Rate) 304M(59%)->84M(16%)
[51.181s][info][gc,start    ] GC(511) Garbage Collection (Allocation Rate)
[51.181s][info][gc,task     ] GC(511) Using 3 workers
[51.181s][info][gc,phases   ] GC(511) Pause Mark Start 0.013ms
[51.200s][info][gc,phases   ] GC(511) Concurrent Mark 18.697ms
[51.200s][info][gc,phases   ] GC(511) Pause Mark End 0.012ms
[51.200s][info][gc,phases   ] GC(511) Concurrent Mark Free 0.001ms
[51.201s][info][gc,phases   ] GC(511) Concurrent Process Non-Strong References 1.583ms
[51.201s][info][gc,phases   ] GC(511) Concurrent Reset Relocation Set 0.003ms
[51.206s][info][gc,phases   ] GC(511) Concurrent Select Relocation Set 4.052ms
[51.206s][info][gc,phases   ] GC(511) Pause Relocate Start 0.004ms
[51.208s][info][gc,phases   ] GC(511) Concurrent Relocate 2.431ms
[51.208s][info][gc,load     ] GC(511) Load: 0.00/0.00/0.00
[51.208s][info][gc,mmu      ] GC(511) MMU: 2ms/98.6%, 5ms/99.5%, 10ms/99.6%, 20ms/99.8%, 50ms/99.9%, 100ms/99.9%
[51.208s][info][gc,marking  ] GC(511) Mark: 2 stripe(s), 4 proactive flush(es), 1 terminate flush(es), 0 completion(s), 0 continuation(s) 
[51.208s][info][gc,marking  ] GC(511) Mark Stack Usage: 32M
[51.208s][info][gc,nmethod  ] GC(511) NMethods: 1380 registered, 50 unregistered
[51.208s][info][gc,metaspace] GC(511) Metaspace: 8M used, 8M committed, 1088M reserved
[51.208s][info][gc,ref      ] GC(511) Soft: 174 encountered, 0 discovered, 0 enqueued
[51.208s][info][gc,ref      ] GC(511) Weak: 570 encountered, 120 discovered, 0 enqueued
[51.208s][info][gc,ref      ] GC(511) Final: 0 encountered, 0 discovered, 0 enqueued
[51.208s][info][gc,ref      ] GC(511) Phantom: 21 encountered, 17 discovered, 0 enqueued
[51.208s][info][gc,reloc    ] GC(511) Small Pages: 110 / 220M, Empty: 194M, Relocated: 1M, In-Place: 0
[51.208s][info][gc,reloc    ] GC(511) Medium Pages: 2 / 32M, Empty: 16M, Relocated: 0M, In-Place: 0
[51.209s][info][gc,reloc    ] GC(511) Large Pages: 0 / 0M, Empty: 0M, Relocated: 0M, In-Place: 0
[51.209s][info][gc,reloc    ] GC(511) Forwarding Usage: 0M
[51.209s][info][gc,heap     ] GC(511) Min Capacity: 8M(2%)
[51.209s][info][gc,heap     ] GC(511) Max Capacity: 512M(100%)
[51.209s][info][gc,heap     ] GC(511) Soft Max Capacity: 512M(100%)
[51.209s][info][gc,heap     ] GC(511)                Mark Start          Mark End        Relocate Start      Relocate End           High               Low         
[51.209s][info][gc,heap     ] GC(511)  Capacity:      512M (100%)        512M (100%)        512M (100%)        512M (100%)        512M (100%)        512M (100%)   
[51.209s][info][gc,heap     ] GC(511)      Free:      260M (51%)         208M (41%)         402M (79%)         406M (79%)         410M (80%)         204M (40%)    
[51.209s][info][gc,heap     ] GC(511)      Used:      252M (49%)         304M (59%)         110M (21%)         106M (21%)         308M (60%)         102M (20%)    
[51.209s][info][gc,heap     ] GC(511)      Live:         -                 9M (2%)            9M (2%)            9M (2%)             -                  -          
[51.209s][info][gc,heap     ] GC(511) Allocated:         -                52M (10%)          68M (13%)          73M (14%)            -                  -          
[51.209s][info][gc,heap     ] GC(511)   Garbage:         -               242M (47%)          32M (6%)           22M (4%)             -                  -          
[51.209s][info][gc,heap     ] GC(511) Reclaimed:         -                  -               210M (41%)         219M (43%)            -                  -          
[51.209s][info][gc          ] GC(511) Garbage Collection (Allocation Rate) 252M(49%)->106M(21%)
[51.281s][info][gc,start    ] GC(512) Garbage Collection (Allocation Rate)
[51.281s][info][gc,task     ] GC(512) Using 3 workers
[51.281s][info][gc,phases   ] GC(512) Pause Mark Start 0.010ms
[51.307s][info][gc,phases   ] GC(512) Concurrent Mark 26.744ms
[51.308s][info][gc,phases   ] GC(512) Pause Mark End 0.012ms
[51.308s][info][gc,phases   ] GC(512) Concurrent Mark Free 0.001ms
[51.309s][info][gc,phases   ] GC(512) Concurrent Process Non-Strong References 1.605ms
[51.309s][info][gc,phases   ] GC(512) Concurrent Reset Relocation Set 0.001ms
[51.314s][info][gc,phases   ] GC(512) Concurrent Select Relocation Set 5.118ms
[51.315s][info][gc,phases   ] GC(512) Pause Relocate Start 0.005ms
[51.318s][info][gc,phases   ] GC(512) Concurrent Relocate 3.781ms
[51.318s][info][gc,load     ] GC(512) Load: 0.00/0.00/0.00
[51.318s][info][gc,mmu      ] GC(512) MMU: 2ms/98.6%, 5ms/99.5%, 10ms/99.6%, 20ms/99.8%, 50ms/99.9%, 100ms/99.9%
[51.319s][info][gc,marking  ] GC(512) Mark: 2 stripe(s), 7 proactive flush(es), 1 terminate flush(es), 0 completion(s), 0 continuation(s) 
[51.319s][info][gc,marking  ] GC(512) Mark Stack Usage: 32M
[51.319s][info][gc,nmethod  ] GC(512) NMethods: 1380 registered, 50 unregistered
[51.319s][info][gc,metaspace] GC(512) Metaspace: 8M used, 8M committed, 1088M reserved
[51.319s][info][gc,ref      ] GC(512) Soft: 174 encountered, 0 discovered, 0 enqueued
[51.319s][info][gc,ref      ] GC(512) Weak: 570 encountered, 29 discovered, 0 enqueued
[51.319s][info][gc,ref      ] GC(512) Final: 0 encountered, 0 discovered, 0 enqueued
[51.319s][info][gc,ref      ] GC(512) Phantom: 21 encountered, 11 discovered, 0 enqueued
[51.319s][info][gc,reloc    ] GC(512) Small Pages: 142 / 284M, Empty: 256M, Relocated: 3M, In-Place: 0
[51.319s][info][gc,reloc    ] GC(512) Medium Pages: 1 / 16M, Empty: 0M, Relocated: 0M, In-Place: 0
[51.319s][info][gc,reloc    ] GC(512) Large Pages: 0 / 0M, Empty: 0M, Relocated: 0M, In-Place: 0
[51.319s][info][gc,reloc    ] GC(512) Forwarding Usage: 1M
[51.319s][info][gc,heap     ] GC(512) Min Capacity: 8M(2%)
[51.319s][info][gc,heap     ] GC(512) Max Capacity: 512M(100%)
[51.319s][info][gc,heap     ] GC(512) Soft Max Capacity: 512M(100%)
[51.319s][info][gc,heap     ] GC(512)                Mark Start          Mark End        Relocate Start      Relocate End           High               Low         
[51.319s][info][gc,heap     ] GC(512)  Capacity:      512M (100%)        512M (100%)        512M (100%)        512M (100%)        512M (100%)        512M (100%)   
[51.319s][info][gc,heap     ] GC(512)      Free:      212M (41%)         138M (27%)         376M (73%)         380M (74%)         390M (76%)         134M (26%)    
[51.319s][info][gc,heap     ] GC(512)      Used:      300M (59%)         374M (73%)         136M (27%)         132M (26%)         378M (74%)         122M (24%)    
[51.319s][info][gc,heap     ] GC(512)      Live:         -                10M (2%)           10M (2%)           10M (2%)             -                  -          
[51.319s][info][gc,heap     ] GC(512) Allocated:         -                74M (14%)          92M (18%)         101M (20%)            -                  -          
[51.319s][info][gc,heap     ] GC(512)   Garbage:         -               289M (57%)          33M (7%)           19M (4%)             -                  -          
[51.319s][info][gc,heap     ] GC(512) Reclaimed:         -                  -               256M (50%)         269M (53%)            -                  -          
[51.319s][info][gc          ] GC(512) Garbage Collection (Allocation Rate) 300M(59%)->132M(26%)
[51.380s][info][gc,start    ] GC(513) Garbage Collection (Allocation Rate)
[51.380s][info][gc,task     ] GC(513) Using 4 workers
[51.380s][info][gc,phases   ] GC(513) Pause Mark Start 0.009ms
[51.398s][info][gc,phases   ] GC(513) Concurrent Mark 17.757ms
[51.398s][info][gc,phases   ] GC(513) Pause Mark End 0.009ms
[51.398s][info][gc,phases   ] GC(513) Concurrent Mark Free 0.001ms
[51.400s][info][gc,phases   ] GC(513) Concurrent Process Non-Strong References 1.159ms
[51.400s][info][gc,phases   ] GC(513) Concurrent Reset Relocation Set 0.002ms
[51.404s][info][gc,phases   ] GC(513) Concurrent Select Relocation Set 3.888ms
[51.404s][info][gc,phases   ] GC(513) Pause Relocate Start 0.005ms
[51.405s][info][gc,phases   ] GC(513) Concurrent Relocate 0.886ms
[51.405s][info][gc,load     ] GC(513) Load: 0.00/0.00/0.00
[51.405s][info][gc,mmu      ] GC(513) MMU: 2ms/98.6%, 5ms/99.5%, 10ms/99.6%, 20ms/99.8%, 50ms/99.9%, 100ms/99.9%
[51.405s][info][gc,marking  ] GC(513) Mark: 4 stripe(s), 2 proactive flush(es), 1 terminate flush(es), 0 completion(s), 0 continuation(s) 
[51.405s][info][gc,marking  ] GC(513) Mark Stack Usage: 32M
[51.405s][info][gc,nmethod  ] GC(513) NMethods: 1380 registered, 50 unregistered
[51.405s][info][gc,metaspace] GC(513) Metaspace: 8M used, 8M committed, 1088M reserved
[51.405s][info][gc,ref      ] GC(513) Soft: 174 encountered, 0 discovered, 0 enqueued
[51.405s][info][gc,ref      ] GC(513) Weak: 570 encountered, 220 discovered, 0 enqueued
[51.405s][info][gc,ref      ] GC(513) Final: 0 encountered, 0 discovered, 0 enqueued
[51.405s][info][gc,ref      ] GC(513) Phantom: 21 encountered, 18 discovered, 0 enqueued
[51.405s][info][gc,reloc    ] GC(513) Small Pages: 141 / 282M, Empty: 260M, Relocated: 1M, In-Place: 0
[51.405s][info][gc,reloc    ] GC(513) Medium Pages: 1 / 16M, Empty: 0M, Relocated: 0M, In-Place: 0
[51.405s][info][gc,reloc    ] GC(513) Large Pages: 0 / 0M, Empty: 0M, Relocated: 0M, In-Place: 0
[51.405s][info][gc,reloc    ] GC(513) Forwarding Usage: 0M
[51.405s][info][gc,heap     ] GC(513) Min Capacity: 8M(2%)
[51.405s][info][gc,heap     ] GC(513) Max Capacity: 512M(100%)
[51.405s][info][gc,heap     ] GC(513) Soft Max Capacity: 512M(100%)
[51.405s][info][gc,heap     ] GC(513)                Mark Start          Mark End        Relocate Start      Relocate End           High               Low         
[51.405s][info][gc,heap     ] GC(513)  Capacity:      512M (100%)        512M (100%)        512M (100%)        512M (100%)        512M (100%)        512M (100%)   
[51.405s][info][gc,heap     ] GC(513)      Free:      214M (42%)         164M (32%)         410M (80%)         410M (80%)         418M (82%)         162M (32%)    
[51.405s][info][gc,heap     ] GC(513)      Used:      298M (58%)         348M (68%)         102M (20%)         102M (20%)         350M (68%)          94M (18%)    
[51.405s][info][gc,heap     ] GC(513)      Live:         -                10M (2%)           10M (2%)           10M (2%)             -                  -          
[51.405s][info][gc,heap     ] GC(513) Allocated:         -                50M (10%)          64M (13%)          65M (13%)            -                  -          
[51.405s][info][gc,heap     ] GC(513)   Garbage:         -               287M (56%)          27M (5%)           25M (5%)             -                  -          
[51.405s][info][gc,heap     ] GC(513) Reclaimed:         -                  -               260M (51%)         261M (51%)            -                  -          
[51.405s][info][gc          ] GC(513) Garbage Collection (Allocation Rate) 298M(58%)->102M(20%)
[51.480s][info][gc,start    ] GC(514) Garbage Collection (Allocation Rate)
[51.480s][info][gc,task     ] GC(514) Using 4 workers
[51.480s][info][gc,phases   ] GC(514) Pause Mark Start 0.011ms
[51.498s][info][gc,phases   ] GC(514) Concurrent Mark 17.715ms
[51.498s][info][gc,phases   ] GC(514) Pause Mark End 0.013ms
[51.498s][info][gc,phases   ] GC(514) Concurrent Mark Free 0.001ms
[51.499s][info][gc,phases   ] GC(514) Concurrent Process Non-Strong References 1.084ms
[51.499s][info][gc,phases   ] GC(514) Concurrent Reset Relocation Set 0.001ms
[51.504s][info][gc,phases   ] GC(514) Concurrent Select Relocation Set 4.925ms
[51.505s][info][gc,phases   ] GC(514) Pause Relocate Start 0.006ms
[51.508s][info][gc,phases   ] GC(514) Concurrent Relocate 3.208ms
[51.508s][info][gc,load     ] GC(514) Load: 0.00/0.00/0.00
[51.508s][info][gc,mmu      ] GC(514) MMU: 2ms/98.6%, 5ms/99.5%, 10ms/99.6%, 20ms/99.8%, 50ms/99.9%, 100ms/99.9%
[51.508s][info][gc,marking  ] GC(514) Mark: 4 stripe(s), 2 proactive flush(es), 1 terminate flush(es), 0 completion(s), 0 continuation(s) 
[51.508s][info][gc,marking  ] GC(514) Mark Stack Usage: 32M
[51.508s][info][gc,nmethod  ] GC(514) NMethods: 1380 registered, 50 unregistered
[51.508s][info][gc,metaspace] GC(514) Metaspace: 8M used, 8M committed, 1088M reserved
[51.508s][info][gc,ref      ] GC(514) Soft: 174 encountered, 0 discovered, 0 enqueued
[51.508s][info][gc,ref      ] GC(514) Weak: 570 encountered, 129 discovered, 0 enqueued
[51.508s][info][gc,ref      ] GC(514) Final: 0 encountered, 0 discovered, 0 enqueued
[51.508s][info][gc,ref      ] GC(514) Phantom: 21 encountered, 19 discovered, 0 enqueued
[51.508s][info][gc,reloc    ] GC(514) Small Pages: 134 / 268M, Empty: 240M, Relocated: 3M, In-Place: 0
[51.508s][info][gc,reloc    ] GC(514) Medium Pages: 2 / 32M, Empty: 0M, Relocated: 0M, In-Place: 0
[51.508s][info][gc,reloc    ] GC(514) Large Pages: 0 / 0M, Empty: 0M, Relocated: 0M, In-Place: 0
[51.508s][info][gc,reloc    ] GC(514) Forwarding Usage: 1M
[51.508s][info][gc,heap     ] GC(514) Min Capacity: 8M(2%)
[51.508s][info][gc,heap     ] GC(514) Max Capacity: 512M(100%)
[51.508s][info][gc,heap     ] GC(514) Soft Max Capacity: 512M(100%)
[51.508s][info][gc,heap     ] GC(514)                Mark Start          Mark End        Relocate Start      Relocate End           High               Low         
[51.508s][info][gc,heap     ] GC(514)  Capacity:      512M (100%)        512M (100%)        512M (100%)        512M (100%)        512M (100%)        512M (100%)   
[51.508s][info][gc,heap     ] GC(514)      Free:      212M (41%)         164M (32%)         388M (76%)         406M (79%)         408M (80%)         162M (32%)    
[51.508s][info][gc,heap     ] GC(514)      Used:      300M (59%)         348M (68%)         124M (24%)         106M (21%)         350M (68%)         104M (20%)    
[51.508s][info][gc,heap     ] GC(514)      Live:         -                11M (2%)           11M (2%)           11M (2%)             -                  -          
[51.509s][info][gc,heap     ] GC(514) Allocated:         -                48M (9%)           64M (13%)          71M (14%)            -                  -          
[51.509s][info][gc,heap     ] GC(514)   Garbage:         -               288M (56%)          48M (9%)           22M (4%)             -                  -          
[51.509s][info][gc,heap     ] GC(514) Reclaimed:         -                  -               240M (47%)         265M (52%)            -                  -          
[51.509s][info][gc          ] GC(514) Garbage Collection (Allocation Rate) 300M(59%)->106M(21%)
[51.590s][info][gc,start    ] GC(515) Garbage Collection (Allocation Rate)
[51.590s][info][gc,task     ] GC(515) Using 5 workers
[51.590s][info][gc,phases   ] GC(515) Pause Mark Start 0.012ms
[51.621s][info][gc,phases   ] GC(515) Concurrent Mark 30.988ms
[51.621s][info][gc,phases   ] GC(515) Pause Mark End 0.011ms
[51.621s][info][gc,phases   ] GC(515) Concurrent Mark Free 0.001ms
[51.622s][info][gc,phases   ] GC(515) Concurrent Process Non-Strong References 0.980ms
[51.623s][info][gc,phases   ] GC(515) Concurrent Reset Relocation Set 0.003ms
[51.626s][info][gc,phases   ] GC(515) Concurrent Select Relocation Set 3.703ms
[51.626s][info][gc,phases   ] GC(515) Pause Relocate Start 0.004ms
[51.629s][info][gc,phases   ] GC(515) Concurrent Relocate 2.315ms
[51.629s][info][gc,load     ] GC(515) Load: 0.00/0.00/0.00
[51.629s][info][gc,mmu      ] GC(515) MMU: 2ms/98.6%, 5ms/99.5%, 10ms/99.6%, 20ms/99.8%, 50ms/99.9%, 100ms/99.9%
[51.629s][info][gc,marking  ] GC(515) Mark: 4 stripe(s), 2 proactive flush(es), 1 terminate flush(es), 0 completion(s), 0 continuation(s) 
[51.629s][info][gc,marking  ] GC(515) Mark Stack Usage: 32M
[51.629s][info][gc,nmethod  ] GC(515) NMethods: 1380 registered, 50 unregistered
[51.629s][info][gc,metaspace] GC(515) Metaspace: 8M used, 8M committed, 1088M reserved
[51.629s][info][gc,ref      ] GC(515) Soft: 174 encountered, 0 discovered, 0 enqueued
[51.629s][info][gc,ref      ] GC(515) Weak: 570 encountered, 12 discovered, 0 enqueued
[51.629s][info][gc,ref      ] GC(515) Final: 0 encountered, 0 discovered, 0 enqueued
[51.629s][info][gc,ref      ] GC(515) Phantom: 21 encountered, 19 discovered, 0 enqueued
[51.629s][info][gc,reloc    ] GC(515) Small Pages: 156 / 312M, Empty: 278M, Relocated: 2M, In-Place: 0
[51.629s][info][gc,reloc    ] GC(515) Medium Pages: 1 / 16M, Empty: 0M, Relocated: 0M, In-Place: 0
[51.629s][info][gc,reloc    ] GC(515) Large Pages: 0 / 0M, Empty: 0M, Relocated: 0M, In-Place: 0
[51.629s][info][gc,reloc    ] GC(515) Forwarding Usage: 1M
[51.629s][info][gc,heap     ] GC(515) Min Capacity: 8M(2%)
[51.629s][info][gc,heap     ] GC(515) Max Capacity: 512M(100%)
[51.629s][info][gc,heap     ] GC(515) Soft Max Capacity: 512M(100%)
[51.629s][info][gc,heap     ] GC(515)                Mark Start          Mark End        Relocate Start      Relocate End           High               Low         
[51.629s][info][gc,heap     ] GC(515)  Capacity:      512M (100%)        512M (100%)        512M (100%)        512M (100%)        512M (100%)        512M (100%)   
[51.629s][info][gc,heap     ] GC(515)      Free:      184M (36%)         136M (27%)         406M (79%)         414M (81%)         414M (81%)         134M (26%)    
[51.629s][info][gc,heap     ] GC(515)      Used:      328M (64%)         376M (73%)         106M (21%)          98M (19%)         378M (74%)          98M (19%)    
[51.629s][info][gc,heap     ] GC(515)      Live:         -                12M (2%)           12M (2%)           12M (2%)             -                  -          
[51.629s][info][gc,heap     ] GC(515) Allocated:         -                48M (9%)           56M (11%)          59M (12%)            -                  -          
[51.629s][info][gc,heap     ] GC(515)   Garbage:         -               315M (62%)          37M (7%)           25M (5%)             -                  -          
[51.629s][info][gc,heap     ] GC(515) Reclaimed:         -                  -               278M (54%)         289M (57%)            -                  -          
[51.630s][info][gc          ] GC(515) Garbage Collection (Allocation Rate) 328M(64%)->98M(19%)
[51.684s][info][gc,start    ] GC(516) Garbage Collection (Allocation Rate)
[51.684s][info][gc,task     ] GC(516) Using 5 workers
[51.684s][info][gc,phases   ] GC(516) Pause Mark Start 0.011ms
[51.699s][info][gc,phases   ] GC(516) Concurrent Mark 15.301ms
[51.699s][info][gc,phases   ] GC(516) Pause Mark End 0.011ms
[51.700s][info][gc,phases   ] GC(516) Concurrent Mark Free 0.001ms
[51.700s][info][gc,phases   ] GC(516) Concurrent Process Non-Strong References 0.803ms
[51.700s][info][gc,phases   ] GC(516) Concurrent Reset Relocation Set 0.002ms
[51.706s][info][gc,phases   ] GC(516) Concurrent Select Relocation Set 5.580ms
[51.706s][info][gc,phases   ] GC(516) Pause Relocate Start 0.004ms
[51.708s][info][gc,phases   ] GC(516) Concurrent Relocate 2.385ms
[51.709s][info][gc,load     ] GC(516) Load: 0.00/0.00/0.00
[51.709s][info][gc,mmu      ] GC(516) MMU: 2ms/98.6%, 5ms/99.5%, 10ms/99.6%, 20ms/99.8%, 50ms/99.9%, 100ms/99.9%
[51.709s][info][gc,marking  ] GC(516) Mark: 4 stripe(s), 2 proactive flush(es), 1 terminate flush(es), 0 completion(s), 0 continuation(s) 
[51.709s][info][gc,marking  ] GC(516) Mark Stack Usage: 32M
[51.709s][info][gc,nmethod  ] GC(516) NMethods: 1380 registered, 50 unregistered
[51.709s][info][gc,metaspace] GC(516) Metaspace: 8M used, 8M committed, 1088M reserved
[51.709s][info][gc,ref      ] GC(516) Soft: 174 encountered, 0 discovered, 0 enqueued
[51.709s][info][gc,ref      ] GC(516) Weak: 570 encountered, 68 discovered, 0 enqueued
[51.709s][info][gc,ref      ] GC(516) Final: 0 encountered, 0 discovered, 0 enqueued
[51.709s][info][gc,ref      ] GC(516) Phantom: 21 encountered, 19 discovered, 0 enqueued
[51.709s][info][gc,reloc    ] GC(516) Small Pages: 94 / 188M, Empty: 150M, Relocated: 2M, In-Place: 0
[51.709s][info][gc,reloc    ] GC(516) Medium Pages: 1 / 16M, Empty: 0M, Relocated: 0M, In-Place: 0
[51.709s][info][gc,reloc    ] GC(516) Large Pages: 0 / 0M, Empty: 0M, Relocated: 0M, In-Place: 0
[51.709s][info][gc,reloc    ] GC(516) Forwarding Usage: 1M
[51.709s][info][gc,heap     ] GC(516) Min Capacity: 8M(2%)
[51.709s][info][gc,heap     ] GC(516) Max Capacity: 512M(100%)
[51.709s][info][gc,heap     ] GC(516) Soft Max Capacity: 512M(100%)
[51.709s][info][gc,heap     ] GC(516)                Mark Start          Mark End        Relocate Start      Relocate End           High               Low         
[51.709s][info][gc,heap     ] GC(516)  Capacity:      512M (100%)        512M (100%)        512M (100%)        512M (100%)        512M (100%)        512M (100%)   
[51.709s][info][gc,heap     ] GC(516)      Free:      308M (60%)         268M (52%)         400M (78%)         412M (80%)         412M (80%)         266M (52%)    
[51.709s][info][gc,heap     ] GC(516)      Used:      204M (40%)         244M (48%)         112M (22%)         100M (20%)         246M (48%)         100M (20%)    
[51.709s][info][gc,heap     ] GC(516)      Live:         -                12M (3%)           12M (3%)           12M (3%)             -                  -          
[51.709s][info][gc,heap     ] GC(516) Allocated:         -                40M (8%)           58M (11%)          61M (12%)            -                  -          
[51.709s][info][gc,heap     ] GC(516)   Garbage:         -               191M (37%)          41M (8%)           25M (5%)             -                  -          
[51.709s][info][gc,heap     ] GC(516) Reclaimed:         -                  -               150M (29%)         165M (32%)            -                  -          
[51.709s][info][gc          ] GC(516) Garbage Collection (Allocation Rate) 204M(40%)->100M(20%)
[51.793s][info][gc,start    ] GC(517) Garbage Collection (Allocation Rate)
[51.793s][info][gc,task     ] GC(517) Using 5 workers
[51.793s][info][gc,phases   ] GC(517) Pause Mark Start 0.012ms
[51.824s][info][gc,phases   ] GC(517) Concurrent Mark 31.040ms
[51.824s][info][gc,phases   ] GC(517) Pause Mark End 0.013ms
[51.825s][info][gc,phases   ] GC(517) Concurrent Mark Free 0.001ms
[51.825s][info][gc,phases   ] GC(517) Concurrent Process Non-Strong References 0.949ms
[51.826s][info][gc,phases   ] GC(517) Concurrent Reset Relocation Set 0.002ms
[51.832s][info][gc,phases   ] GC(517) Concurrent Select Relocation Set 6.238ms
[51.832s][info][gc,phases   ] GC(517) Pause Relocate Start 0.007ms
[51.836s][info][gc,phases   ] GC(517) Concurrent Relocate 4.021ms
[51.836s][info][gc,load     ] GC(517) Load: 0.00/0.00/0.00
[51.836s][info][gc,mmu      ] GC(517) MMU: 2ms/98.6%, 5ms/99.5%, 10ms/99.6%, 20ms/99.8%, 50ms/99.9%, 100ms/99.9%
[51.836s][info][gc,marking  ] GC(517) Mark: 4 stripe(s), 2 proactive flush(es), 1 terminate flush(es), 0 completion(s), 0 continuation(s) 
[51.836s][info][gc,marking  ] GC(517) Mark Stack Usage: 32M
[51.836s][info][gc,nmethod  ] GC(517) NMethods: 1380 registered, 50 unregistered
[51.836s][info][gc,metaspace] GC(517) Metaspace: 8M used, 8M committed, 1088M reserved
[51.836s][info][gc,ref      ] GC(517) Soft: 174 encountered, 0 discovered, 0 enqueued
[51.836s][info][gc,ref      ] GC(517) Weak: 570 encountered, 50 discovered, 0 enqueued
[51.836s][info][gc,ref      ] GC(517) Final: 0 encountered, 0 discovered, 0 enqueued
[51.836s][info][gc,ref      ] GC(517) Phantom: 21 encountered, 19 discovered, 0 enqueued
[51.836s][info][gc,reloc    ] GC(517) Small Pages: 158 / 316M, Empty: 274M, Relocated: 5M, In-Place: 0
[51.836s][info][gc,reloc    ] GC(517) Medium Pages: 1 / 16M, Empty: 0M, Relocated: 0M, In-Place: 0
[51.836s][info][gc,reloc    ] GC(517) Large Pages: 0 / 0M, Empty: 0M, Relocated: 0M, In-Place: 0
[51.836s][info][gc,reloc    ] GC(517) Forwarding Usage: 2M
[51.836s][info][gc,heap     ] GC(517) Min Capacity: 8M(2%)
[51.836s][info][gc,heap     ] GC(517) Max Capacity: 512M(100%)
[51.837s][info][gc,heap     ] GC(517) Soft Max Capacity: 512M(100%)
[51.837s][info][gc,heap     ] GC(517)                Mark Start          Mark End        Relocate Start      Relocate End           High               Low         
[51.837s][info][gc,heap     ] GC(517)  Capacity:      512M (100%)        512M (100%)        512M (100%)        512M (100%)        512M (100%)        512M (100%)   
[51.837s][info][gc,heap     ] GC(517)      Free:      180M (35%)          98M (19%)         352M (69%)         364M (71%)         364M (71%)          96M (19%)    
[51.837s][info][gc,heap     ] GC(517)      Used:      332M (65%)         414M (81%)         160M (31%)         148M (29%)         416M (81%)         148M (29%)    
[51.837s][info][gc,heap     ] GC(517)      Live:         -                13M (3%)           13M (3%)           13M (3%)             -                  -          
[51.837s][info][gc,heap     ] GC(517) Allocated:         -                82M (16%)         102M (20%)         111M (22%)            -                  -          
[51.837s][info][gc,heap     ] GC(517)   Garbage:         -               318M (62%)          44M (9%)           22M (4%)             -                  -          
[51.837s][info][gc,heap     ] GC(517) Reclaimed:         -                  -               274M (54%)         295M (58%)            -                  -          
[51.837s][info][gc          ] GC(517) Garbage Collection (Allocation Rate) 332M(65%)->148M(29%)
[51.887s][info][gc,start    ] GC(518) Garbage Collection (Allocation Rate)
[51.887s][info][gc,task     ] GC(518) Using 5 workers
[51.887s][info][gc,phases   ] GC(518) Pause Mark Start 0.011ms
[51.918s][info][gc,phases   ] GC(518) Concurrent Mark 31.040ms
[51.918s][info][gc,phases   ] GC(518) Pause Mark End 0.013ms
[51.918s][info][gc,phases   ] GC(518) Concurrent Mark Free 0.001ms
[51.919s][info][gc,phases   ] GC(518) Concurrent Process Non-Strong References 1.076ms
[51.919s][info][gc,phases   ] GC(518) Concurrent Reset Relocation Set 0.003ms
[51.923s][info][gc,phases   ] GC(518) Concurrent Select Relocation Set 3.872ms
[51.923s][info][gc,phases   ] GC(518) Pause Relocate Start 0.006ms
[51.927s][info][gc,phases   ] GC(518) Concurrent Relocate 3.868ms
[51.927s][info][gc,load     ] GC(518) Load: 0.00/0.00/0.00
[51.927s][info][gc,mmu      ] GC(518) MMU: 2ms/98.6%, 5ms/99.5%, 10ms/99.6%, 20ms/99.8%, 50ms/99.9%, 100ms/99.9%
[51.927s][info][gc,marking  ] GC(518) Mark: 4 stripe(s), 2 proactive flush(es), 1 terminate flush(es), 0 completion(s), 0 continuation(s) 
[51.927s][info][gc,marking  ] GC(518) Mark Stack Usage: 32M
[51.928s][info][gc,nmethod  ] GC(518) NMethods: 1380 registered, 50 unregistered
[51.928s][info][gc,metaspace] GC(518) Metaspace: 8M used, 8M committed, 1088M reserved
[51.928s][info][gc,ref      ] GC(518) Soft: 174 encountered, 0 discovered, 0 enqueued
[51.928s][info][gc,ref      ] GC(518) Weak: 570 encountered, 47 discovered, 0 enqueued
[51.928s][info][gc,ref      ] GC(518) Final: 0 encountered, 0 discovered, 0 enqueued
[51.928s][info][gc,ref      ] GC(518) Phantom: 21 encountered, 17 discovered, 0 enqueued
[51.928s][info][gc,reloc    ] GC(518) Small Pages: 105 / 210M, Empty: 180M, Relocated: 3M, In-Place: 0
[51.928s][info][gc,reloc    ] GC(518) Medium Pages: 2 / 32M, Empty: 0M, Relocated: 1M, In-Place: 0
[51.928s][info][gc,reloc    ] GC(518) Large Pages: 0 / 0M, Empty: 0M, Relocated: 0M, In-Place: 0
[51.928s][info][gc,reloc    ] GC(518) Forwarding Usage: 1M
[51.928s][info][gc,heap     ] GC(518) Min Capacity: 8M(2%)
[51.928s][info][gc,heap     ] GC(518) Max Capacity: 512M(100%)
[51.928s][info][gc,heap     ] GC(518) Soft Max Capacity: 512M(100%)
[51.928s][info][gc,heap     ] GC(518)                Mark Start          Mark End        Relocate Start      Relocate End           High               Low         
[51.928s][info][gc,heap     ] GC(518)  Capacity:      512M (100%)        512M (100%)        512M (100%)        512M (100%)        512M (100%)        512M (100%)   
[51.928s][info][gc,heap     ] GC(518)      Free:      270M (53%)         186M (36%)         352M (69%)         366M (71%)         370M (72%)         184M (36%)    
[51.928s][info][gc,heap     ] GC(518)      Used:      242M (47%)         326M (64%)         160M (31%)         146M (29%)         328M (64%)         142M (28%)    
[51.928s][info][gc,heap     ] GC(518)      Live:         -                14M (3%)           14M (3%)           14M (3%)             -                  -          
[51.928s][info][gc,heap     ] GC(518) Allocated:         -                84M (16%)          98M (19%)         107M (21%)            -                  -          
[51.928s][info][gc,heap     ] GC(518)   Garbage:         -               227M (44%)          47M (9%)           23M (5%)             -                  -          
[51.928s][info][gc,heap     ] GC(518) Reclaimed:         -                  -               180M (35%)         203M (40%)            -                  -          
[51.928s][info][gc          ] GC(518) Garbage Collection (Allocation Rate) 242M(47%)->146M(29%)
[51.993s][info][gc,start    ] GC(519) Garbage Collection (Allocation Rate)
[51.993s][info][gc,task     ] GC(519) Using 5 workers
[51.993s][info][gc,phases   ] GC(519) Pause Mark Start 0.010ms
[52.024s][info][gc,phases   ] GC(519) Concurrent Mark 31.029ms
[52.024s][info][gc,phases   ] GC(519) Pause Mark End 0.009ms
[52.025s][info][gc,phases   ] GC(519) Concurrent Mark Free 0.001ms
[52.026s][info][gc,phases   ] GC(519) Concurrent Process Non-Strong References 0.968ms
[52.026s][info][gc,phases   ] GC(519) Concurrent Reset Relocation Set 0.003ms
[52.032s][info][gc,phases   ] GC(519) Concurrent Select Relocation Set 5.949ms
[52.032s][info][gc,phases   ] GC(519) Pause Relocate Start 0.004ms
[52.036s][info][gc,phases   ] GC(519) Concurrent Relocate 4.075ms
[52.036s][info][gc,load     ] GC(519) Load: 0.00/0.00/0.00
[52.036s][info][gc,mmu      ] GC(519) MMU: 2ms/98.6%, 5ms/99.5%, 10ms/99.6%, 20ms/99.8%, 50ms/99.9%, 100ms/99.9%
[52.036s][info][gc,marking  ] GC(519) Mark: 4 stripe(s), 3 proactive flush(es), 1 terminate flush(es), 0 completion(s), 0 continuation(s) 
[52.036s][info][gc,marking  ] GC(519) Mark Stack Usage: 32M
[52.036s][info][gc,nmethod  ] GC(519) NMethods: 1380 registered, 50 unregistered
[52.036s][info][gc,metaspace] GC(519) Metaspace: 8M used, 8M committed, 1088M reserved
[52.036s][info][gc,ref      ] GC(519) Soft: 174 encountered, 0 discovered, 0 enqueued
[52.036s][info][gc,ref      ] GC(519) Weak: 570 encountered, 122 discovered, 0 enqueued
[52.036s][info][gc,ref      ] GC(519) Final: 0 encountered, 0 discovered, 0 enqueued
[52.036s][info][gc,ref      ] GC(519) Phantom: 21 encountered, 11 discovered, 0 enqueued
[52.036s][info][gc,reloc    ] GC(519) Small Pages: 154 / 308M, Empty: 274M, Relocated: 5M, In-Place: 0
[52.036s][info][gc,reloc    ] GC(519) Medium Pages: 1 / 16M, Empty: 0M, Relocated: 0M, In-Place: 0
[52.036s][info][gc,reloc    ] GC(519) Large Pages: 0 / 0M, Empty: 0M, Relocated: 0M, In-Place: 0
[52.036s][info][gc,reloc    ] GC(519) Forwarding Usage: 2M
[52.036s][info][gc,heap     ] GC(519) Min Capacity: 8M(2%)
[52.036s][info][gc,heap     ] GC(519) Max Capacity: 512M(100%)
[52.036s][info][gc,heap     ] GC(519) Soft Max Capacity: 512M(100%)
[52.036s][info][gc,heap     ] GC(519)                Mark Start          Mark End        Relocate Start      Relocate End           High               Low         
[52.036s][info][gc,heap     ] GC(519)  Capacity:      512M (100%)        512M (100%)        512M (100%)        512M (100%)        512M (100%)        512M (100%)   
[52.036s][info][gc,heap     ] GC(519)      Free:      188M (37%)         104M (20%)         360M (70%)         362M (71%)         368M (72%)         102M (20%)    
[52.036s][info][gc,heap     ] GC(519)      Used:      324M (63%)         408M (80%)         152M (30%)         150M (29%)         410M (80%)         144M (28%)    
[52.036s][info][gc,heap     ] GC(519)      Live:         -                15M (3%)           15M (3%)           15M (3%)             -                  -          
[52.036s][info][gc,heap     ] GC(519) Allocated:         -                84M (16%)         102M (20%)         111M (22%)            -                  -          
[52.037s][info][gc,heap     ] GC(519)   Garbage:         -               308M (60%)          34M (7%)           22M (4%)             -                  -          
[52.037s][info][gc,heap     ] GC(519) Reclaimed:         -                  -               274M (54%)         285M (56%)            -                  -          
[52.037s][info][gc          ] GC(519) Garbage Collection (Allocation Rate) 324M(63%)->150M(29%)
[52.087s][info][gc,start    ] GC(520) Garbage Collection (Allocation Rate)
[52.087s][info][gc,task     ] GC(520) Using 5 workers
[52.087s][info][gc,phases   ] GC(520) Pause Mark Start 0.009ms
[52.118s][info][gc,phases   ] GC(520) Concurrent Mark 31.000ms
[52.118s][info][gc,phases   ] GC(520) Pause Mark End 0.011ms
[52.118s][info][gc,phases   ] GC(520) Concurrent Mark Free 0.001ms
[52.119s][info][gc,phases   ] GC(520) Concurrent Process Non-Strong References 0.896ms
[52.119s][info][gc,phases   ] GC(520) Concurrent Reset Relocation Set 0.002ms
[52.123s][info][gc,phases   ] GC(520) Concurrent Select Relocation Set 3.786ms
[52.123s][info][gc,phases   ] GC(520) Pause Relocate Start 0.005ms
[52.127s][info][gc,phases   ] GC(520) Concurrent Relocate 3.881ms
[52.127s][info][gc,load     ] GC(520) Load: 0.00/0.00/0.00
[52.127s][info][gc,mmu      ] GC(520) MMU: 2ms/98.6%, 5ms/99.5%, 10ms/99.6%, 20ms/99.8%, 50ms/99.9%, 100ms/99.9%
[52.127s][info][gc,marking  ] GC(520) Mark: 4 stripe(s), 2 proactive flush(es), 1 terminate flush(es), 0 completion(s), 0 continuation(s) 
[52.127s][info][gc,marking  ] GC(520) Mark Stack Usage: 32M
[52.127s][info][gc,nmethod  ] GC(520) NMethods: 1380 registered, 50 unregistered
[52.127s][info][gc,metaspace] GC(520) Metaspace: 8M used, 8M committed, 1088M reserved
[52.127s][info][gc,ref      ] GC(520) Soft: 174 encountered, 0 discovered, 0 enqueued
[52.127s][info][gc,ref      ] GC(520) Weak: 570 encountered, 185 discovered, 0 enqueued
[52.127s][info][gc,ref      ] GC(520) Final: 0 encountered, 0 discovered, 0 enqueued
[52.127s][info][gc,ref      ] GC(520) Phantom: 21 encountered, 18 discovered, 0 enqueued
[52.127s][info][gc,reloc    ] GC(520) Small Pages: 137 / 274M, Empty: 234M, Relocated: 2M, In-Place: 0
[52.127s][info][gc,reloc    ] GC(520) Medium Pages: 1 / 16M, Empty: 0M, Relocated: 0M, In-Place: 0
[52.127s][info][gc,reloc    ] GC(520) Large Pages: 0 / 0M, Empty: 0M, Relocated: 0M, In-Place: 0
[52.127s][info][gc,reloc    ] GC(520) Forwarding Usage: 1M
[52.127s][info][gc,heap     ] GC(520) Min Capacity: 8M(2%)
[52.127s][info][gc,heap     ] GC(520) Max Capacity: 512M(100%)
[52.128s][info][gc,heap     ] GC(520) Soft Max Capacity: 512M(100%)
[52.128s][info][gc,heap     ] GC(520)                Mark Start          Mark End        Relocate Start      Relocate End           High               Low         
[52.128s][info][gc,heap     ] GC(520)  Capacity:      512M (100%)        512M (100%)        512M (100%)        512M (100%)        512M (100%)        512M (100%)   
[52.128s][info][gc,heap     ] GC(520)      Free:      222M (43%)         136M (27%)         360M (70%)         372M (73%)         372M (73%)         132M (26%)    
[52.128s][info][gc,heap     ] GC(520)      Used:      290M (57%)         376M (73%)         152M (30%)         140M (27%)         380M (74%)         140M (27%)    
[52.128s][info][gc,heap     ] GC(520)      Live:         -                15M (3%)           15M (3%)           15M (3%)             -                  -          
[52.128s][info][gc,heap     ] GC(520) Allocated:         -                86M (17%)          96M (19%)          97M (19%)            -                  -          
[52.128s][info][gc,heap     ] GC(520)   Garbage:         -               274M (54%)          40M (8%)           26M (5%)             -                  -          
[52.128s][info][gc,heap     ] GC(520) Reclaimed:         -                  -               234M (46%)         247M (48%)            -                  -          
[52.128s][info][gc          ] GC(520) Garbage Collection (Allocation Rate) 290M(57%)->140M(27%)
[52.181s][info][gc,start    ] GC(521) Garbage Collection (Allocation Rate)
[52.181s][info][gc,task     ] GC(521) Using 5 workers
[52.181s][info][gc,phases   ] GC(521) Pause Mark Start 0.011ms
[52.201s][info][gc,phases   ] GC(521) Concurrent Mark 19.727ms
[52.201s][info][gc,phases   ] GC(521) Pause Mark End 0.011ms
[52.201s][info][gc,phases   ] GC(521) Concurrent Mark Free 0.001ms
[52.202s][info][gc,phases   ] GC(521) Concurrent Process Non-Strong References 0.823ms
[52.202s][info][gc,phases   ] GC(521) Concurrent Reset Relocation Set 0.002ms
[52.208s][info][gc,phases   ] GC(521) Concurrent Select Relocation Set 5.908ms
[52.208s][info][gc,phases   ] GC(521) Pause Relocate Start 0.004ms
[52.211s][info][gc,phases   ] GC(521) Concurrent Relocate 2.916ms
[52.211s][info][gc,load     ] GC(521) Load: 0.00/0.00/0.00
[52.211s][info][gc,mmu      ] GC(521) MMU: 2ms/98.6%, 5ms/99.5%, 10ms/99.6%, 20ms/99.8%, 50ms/99.9%, 100ms/99.9%
[52.211s][info][gc,marking  ] GC(521) Mark: 4 stripe(s), 2 proactive flush(es), 1 terminate flush(es), 0 completion(s), 0 continuation(s) 
[52.211s][info][gc,marking  ] GC(521) Mark Stack Usage: 32M
[52.211s][info][gc,nmethod  ] GC(521) NMethods: 1380 registered, 50 unregistered
[52.211s][info][gc,metaspace] GC(521) Metaspace: 8M used, 8M committed, 1088M reserved
[52.211s][info][gc,ref      ] GC(521) Soft: 174 encountered, 0 discovered, 0 enqueued
[52.211s][info][gc,ref      ] GC(521) Weak: 570 encountered, 299 discovered, 0 enqueued
[52.211s][info][gc,ref      ] GC(521) Final: 0 encountered, 0 discovered, 0 enqueued
[52.211s][info][gc,ref      ] GC(521) Phantom: 21 encountered, 16 discovered, 0 enqueued
[52.211s][info][gc,reloc    ] GC(521) Small Pages: 130 / 260M, Empty: 226M, Relocated: 4M, In-Place: 0
[52.211s][info][gc,reloc    ] GC(521) Medium Pages: 2 / 32M, Empty: 0M, Relocated: 1M, In-Place: 0
[52.211s][info][gc,reloc    ] GC(521) Large Pages: 0 / 0M, Empty: 0M, Relocated: 0M, In-Place: 0
[52.211s][info][gc,reloc    ] GC(521) Forwarding Usage: 2M
[52.211s][info][gc,heap     ] GC(521) Min Capacity: 8M(2%)
[52.211s][info][gc,heap     ] GC(521) Max Capacity: 512M(100%)
[52.211s][info][gc,heap     ] GC(521) Soft Max Capacity: 512M(100%)
[52.211s][info][gc,heap     ] GC(521)                Mark Start          Mark End        Relocate Start      Relocate End           High               Low         
[52.211s][info][gc,heap     ] GC(521)  Capacity:      512M (100%)        512M (100%)        512M (100%)        512M (100%)        512M (100%)        512M (100%)   
[52.211s][info][gc,heap     ] GC(521)      Free:      220M (43%)         166M (32%)         374M (73%)         394M (77%)         394M (77%)         164M (32%)    
[52.211s][info][gc,heap     ] GC(521)      Used:      292M (57%)         346M (68%)         138M (27%)         118M (23%)         348M (68%)         118M (23%)    
[52.211s][info][gc,heap     ] GC(521)      Live:         -                16M (3%)           16M (3%)           16M (3%)             -                  -          
[52.211s][info][gc,heap     ] GC(521) Allocated:         -                54M (11%)          72M (14%)          77M (15%)            -                  -          
[52.212s][info][gc,heap     ] GC(521)   Garbage:         -               275M (54%)          49M (10%)          23M (5%)             -                  -          
[52.212s][info][gc,heap     ] GC(521) Reclaimed:         -                  -               226M (44%)         251M (49%)            -                  -          
[52.212s][info][gc          ] GC(521) Garbage Collection (Allocation Rate) 292M(57%)->118M(23%)
[52.281s][info][gc,start    ] GC(522) Garbage Collection (Allocation Rate)
[52.281s][info][gc,task     ] GC(522) Using 5 workers
[52.281s][info][gc,phases   ] GC(522) Pause Mark Start 0.012ms
[52.303s][info][gc,phases   ] GC(522) Concurrent Mark 21.709ms
[52.303s][info][gc,phases   ] GC(522) Pause Mark End 0.012ms
[52.303s][info][gc,phases   ] GC(522) Concurrent Mark Free 0.001ms
[52.304s][info][gc,phases   ] GC(522) Concurrent Process Non-Strong References 0.794ms
[52.304s][info][gc,phases   ] GC(522) Concurrent Reset Relocation Set 0.002ms
[52.308s][info][gc,phases   ] GC(522) Concurrent Select Relocation Set 3.955ms
[52.308s][info][gc,phases   ] GC(522) Pause Relocate Start 0.004ms
[52.309s][info][gc,phases   ] GC(522) Concurrent Relocate 0.920ms
[52.309s][info][gc,load     ] GC(522) Load: 0.00/0.00/0.00
[52.309s][info][gc,mmu      ] GC(522) MMU: 2ms/98.6%, 5ms/99.5%, 10ms/99.6%, 20ms/99.8%, 50ms/99.9%, 100ms/99.9%
[52.309s][info][gc,marking  ] GC(522) Mark: 4 stripe(s), 2 proactive flush(es), 1 terminate flush(es), 0 completion(s), 0 continuation(s) 
[52.309s][info][gc,marking  ] GC(522) Mark Stack Usage: 32M
[52.309s][info][gc,nmethod  ] GC(522) NMethods: 1380 registered, 50 unregistered
[52.309s][info][gc,metaspace] GC(522) Metaspace: 8M used, 8M committed, 1088M reserved
[52.309s][info][gc,ref      ] GC(522) Soft: 174 encountered, 0 discovered, 0 enqueued
[52.309s][info][gc,ref      ] GC(522) Weak: 570 encountered, 134 discovered, 0 enqueued
[52.309s][info][gc,ref      ] GC(522) Final: 0 encountered, 0 discovered, 0 enqueued
[52.309s][info][gc,ref      ] GC(522) Phantom: 21 encountered, 19 discovered, 0 enqueued
[52.309s][info][gc,reloc    ] GC(522) Small Pages: 145 / 290M, Empty: 258M, Relocated: 1M, In-Place: 0
[52.309s][info][gc,reloc    ] GC(522) Medium Pages: 1 / 16M, Empty: 0M, Relocated: 0M, In-Place: 0
[52.309s][info][gc,reloc    ] GC(522) Large Pages: 0 / 0M, Empty: 0M, Relocated: 0M, In-Place: 0
[52.309s][info][gc,reloc    ] GC(522) Forwarding Usage: 0M
[52.309s][info][gc,heap     ] GC(522) Min Capacity: 8M(2%)
[52.309s][info][gc,heap     ] GC(522) Max Capacity: 512M(100%)
[52.309s][info][gc,heap     ] GC(522) Soft Max Capacity: 512M(100%)
[52.309s][info][gc,heap     ] GC(522)                Mark Start          Mark End        Relocate Start      Relocate End           High               Low         
[52.309s][info][gc,heap     ] GC(522)  Capacity:      512M (100%)        512M (100%)        512M (100%)        512M (100%)        512M (100%)        512M (100%)   
[52.309s][info][gc,heap     ] GC(522)      Free:      206M (40%)         148M (29%)         392M (77%)         392M (77%)         400M (78%)         144M (28%)    
[52.309s][info][gc,heap     ] GC(522)      Used:      306M (60%)         364M (71%)         120M (23%)         120M (23%)         368M (72%)         112M (22%)    
[52.309s][info][gc,heap     ] GC(522)      Live:         -                17M (3%)           17M (3%)           17M (3%)             -                  -          
[52.309s][info][gc,heap     ] GC(522) Allocated:         -                58M (11%)          72M (14%)          73M (14%)            -                  -          
[52.309s][info][gc,heap     ] GC(522)   Garbage:         -               288M (56%)          30M (6%)           28M (6%)             -                  -          
[52.309s][info][gc,heap     ] GC(522) Reclaimed:         -                  -               258M (50%)         259M (51%)            -                  -          
[52.309s][info][gc          ] GC(522) Garbage Collection (Allocation Rate) 306M(60%)->120M(23%)
[52.380s][info][gc,start    ] GC(523) Garbage Collection (Allocation Rate)
[52.381s][info][gc,task     ] GC(523) Using 5 workers
[52.381s][info][gc,phases   ] GC(523) Pause Mark Start 0.011ms
[52.400s][info][gc,phases   ] GC(523) Concurrent Mark 19.721ms
[52.401s][info][gc,phases   ] GC(523) Pause Mark End 0.010ms
[52.401s][info][gc,phases   ] GC(523) Concurrent Mark Free 0.001ms
[52.401s][info][gc,phases   ] GC(523) Concurrent Process Non-Strong References 0.744ms
[52.401s][info][gc,phases   ] GC(523) Concurrent Reset Relocation Set 0.002ms
[52.406s][info][gc,phases   ] GC(523) Concurrent Select Relocation Set 4.966ms
[52.406s][info][gc,phases   ] GC(523) Pause Relocate Start 0.004ms
[52.409s][info][gc,phases   ] GC(523) Concurrent Relocate 2.233ms
[52.409s][info][gc,load     ] GC(523) Load: 0.00/0.00/0.00
[52.409s][info][gc,mmu      ] GC(523) MMU: 2ms/98.6%, 5ms/99.5%, 10ms/99.6%, 20ms/99.8%, 50ms/99.9%, 100ms/99.9%
[52.409s][info][gc,marking  ] GC(523) Mark: 4 stripe(s), 2 proactive flush(es), 1 terminate flush(es), 0 completion(s), 0 continuation(s) 
[52.409s][info][gc,marking  ] GC(523) Mark Stack Usage: 32M
[52.409s][info][gc,nmethod  ] GC(523) NMethods: 1380 registered, 50 unregistered
[52.409s][info][gc,metaspace] GC(523) Metaspace: 8M used, 8M committed, 1088M reserved
[52.409s][info][gc,ref      ] GC(523) Soft: 174 encountered, 0 discovered, 0 enqueued
[52.409s][info][gc,ref      ] GC(523) Weak: 570 encountered, 170 discovered, 0 enqueued
[52.409s][info][gc,ref      ] GC(523) Final: 0 encountered, 0 discovered, 0 enqueued
[52.409s][info][gc,ref      ] GC(523) Phantom: 21 encountered, 19 discovered, 0 enqueued
[52.409s][info][gc,reloc    ] GC(523) Small Pages: 139 / 278M, Empty: 234M, Relocated: 3M, In-Place: 0
[52.409s][info][gc,reloc    ] GC(523) Medium Pages: 1 / 16M, Empty: 0M, Relocated: 0M, In-Place: 0
[52.409s][info][gc,reloc    ] GC(523) Large Pages: 0 / 0M, Empty: 0M, Relocated: 0M, In-Place: 0
[52.409s][info][gc,reloc    ] GC(523) Forwarding Usage: 1M
[52.409s][info][gc,heap     ] GC(523) Min Capacity: 8M(2%)
[52.409s][info][gc,heap     ] GC(523) Max Capacity: 512M(100%)
[52.409s][info][gc,heap     ] GC(523) Soft Max Capacity: 512M(100%)
[52.409s][info][gc,heap     ] GC(523)                Mark Start          Mark End        Relocate Start      Relocate End           High               Low         
[52.409s][info][gc,heap     ] GC(523)  Capacity:      512M (100%)        512M (100%)        512M (100%)        512M (100%)        512M (100%)        512M (100%)   
[52.409s][info][gc,heap     ] GC(523)      Free:      218M (43%)         198M (39%)         420M (82%)         434M (85%)         434M (85%)         196M (38%)    
[52.409s][info][gc,heap     ] GC(523)      Used:      294M (57%)         314M (61%)          92M (18%)          78M (15%)         316M (62%)          78M (15%)    
[52.409s][info][gc,heap     ] GC(523)      Live:         -                17M (3%)           17M (3%)           17M (3%)             -                  -          
[52.409s][info][gc,heap     ] GC(523) Allocated:         -                20M (4%)           32M (6%)           33M (7%)             -                  -          
[52.410s][info][gc,heap     ] GC(523)   Garbage:         -               276M (54%)          42M (8%)           26M (5%)             -                  -          
[52.410s][info][gc,heap     ] GC(523) Reclaimed:         -                  -               234M (46%)         249M (49%)            -                  -          
[52.410s][info][gc          ] GC(523) Garbage Collection (Allocation Rate) 294M(57%)->78M(15%)
[52.480s][info][gc,start    ] GC(524) Garbage Collection (Allocation Rate)
[52.480s][info][gc,task     ] GC(524) Using 5 workers
[52.481s][info][gc,phases   ] GC(524) Pause Mark Start 0.013ms
[52.501s][info][gc,phases   ] GC(524) Concurrent Mark 20.633ms
[52.501s][info][gc,phases   ] GC(524) Pause Mark End 0.013ms
[52.501s][info][gc,phases   ] GC(524) Concurrent Mark Free 0.001ms
[52.502s][info][gc,phases   ] GC(524) Concurrent Process Non-Strong References 0.707ms
[52.502s][info][gc,phases   ] GC(524) Concurrent Reset Relocation Set 0.003ms
[52.506s][info][gc,phases   ] GC(524) Concurrent Select Relocation Set 3.494ms
[52.506s][info][gc,phases   ] GC(524) Pause Relocate Start 0.004ms
[52.507s][info][gc,phases   ] GC(524) Concurrent Relocate 0.820ms
[52.507s][info][gc,load     ] GC(524) Load: 0.00/0.00/0.00
[52.507s][info][gc,mmu      ] GC(524) MMU: 2ms/98.6%, 5ms/99.5%, 10ms/99.6%, 20ms/99.8%, 50ms/99.9%, 100ms/99.9%
[52.507s][info][gc,marking  ] GC(524) Mark: 4 stripe(s), 2 proactive flush(es), 1 terminate flush(es), 0 completion(s), 0 continuation(s) 
[52.507s][info][gc,marking  ] GC(524) Mark Stack Usage: 32M
[52.507s][info][gc,nmethod  ] GC(524) NMethods: 1380 registered, 50 unregistered
[52.507s][info][gc,metaspace] GC(524) Metaspace: 8M used, 8M committed, 1088M reserved
[52.507s][info][gc,ref      ] GC(524) Soft: 174 encountered, 0 discovered, 0 enqueued
[52.507s][info][gc,ref      ] GC(524) Weak: 570 encountered, 97 discovered, 0 enqueued
[52.507s][info][gc,ref      ] GC(524) Final: 0 encountered, 0 discovered, 0 enqueued
[52.507s][info][gc,ref      ] GC(524) Phantom: 21 encountered, 19 discovered, 0 enqueued
[52.507s][info][gc,reloc    ] GC(524) Small Pages: 117 / 234M, Empty: 194M, Relocated: 1M, In-Place: 0
[52.507s][info][gc,reloc    ] GC(524) Medium Pages: 1 / 16M, Empty: 0M, Relocated: 0M, In-Place: 0
[52.507s][info][gc,reloc    ] GC(524) Large Pages: 0 / 0M, Empty: 0M, Relocated: 0M, In-Place: 0
[52.507s][info][gc,reloc    ] GC(524) Forwarding Usage: 0M
[52.507s][info][gc,heap     ] GC(524) Min Capacity: 8M(2%)
[52.507s][info][gc,heap     ] GC(524) Max Capacity: 512M(100%)
[52.507s][info][gc,heap     ] GC(524) Soft Max Capacity: 512M(100%)
[52.507s][info][gc,heap     ] GC(524)                Mark Start          Mark End        Relocate Start      Relocate End           High               Low         
[52.507s][info][gc,heap     ] GC(524)  Capacity:      512M (100%)        512M (100%)        512M (100%)        512M (100%)        512M (100%)        512M (100%)   
[52.507s][info][gc,heap     ] GC(524)      Free:      262M (51%)         214M (42%)         396M (77%)         402M (79%)         402M (79%)         210M (41%)    
[52.507s][info][gc,heap     ] GC(524)      Used:      250M (49%)         298M (58%)         116M (23%)         110M (21%)         302M (59%)         110M (21%)    
[52.507s][info][gc,heap     ] GC(524)      Live:         -                18M (4%)           18M (4%)           18M (4%)             -                  -          
[52.507s][info][gc,heap     ] GC(524) Allocated:         -                48M (9%)           60M (12%)          61M (12%)            -                  -          
[52.507s][info][gc,heap     ] GC(524)   Garbage:         -               231M (45%)          37M (7%)           29M (6%)             -                  -          
[52.507s][info][gc,heap     ] GC(524) Reclaimed:         -                  -               194M (38%)         201M (39%)            -                  -          
[52.507s][info][gc          ] GC(524) Garbage Collection (Allocation Rate) 250M(49%)->110M(21%)
[52.580s][info][gc,start    ] GC(525) Garbage Collection (Allocation Rate)
[52.580s][info][gc,task     ] GC(525) Using 5 workers
[52.580s][info][gc,phases   ] GC(525) Pause Mark Start 0.014ms
[52.601s][info][gc,phases   ] GC(525) Concurrent Mark 21.631ms
[52.602s][info][gc,phases   ] GC(525) Pause Mark End 0.014ms
[52.602s][info][gc,phases   ] GC(525) Concurrent Mark Free 0.001ms
[52.603s][info][gc,phases   ] GC(525) Concurrent Process Non-Strong References 0.908ms
[52.603s][info][gc,phases   ] GC(525) Concurrent Reset Relocation Set 0.002ms
[52.607s][info][gc,phases   ] GC(525) Concurrent Select Relocation Set 4.229ms
[52.607s][info][gc,phases   ] GC(525) Pause Relocate Start 0.008ms
[52.608s][info][gc,phases   ] GC(525) Concurrent Relocate 1.087ms
[52.608s][info][gc,load     ] GC(525) Load: 0.00/0.00/0.00
[52.608s][info][gc,mmu      ] GC(525) MMU: 2ms/98.6%, 5ms/99.5%, 10ms/99.6%, 20ms/99.8%, 50ms/99.9%, 100ms/99.9%
[52.608s][info][gc,marking  ] GC(525) Mark: 4 stripe(s), 3 proactive flush(es), 1 terminate flush(es), 0 completion(s), 0 continuation(s) 
[52.608s][info][gc,marking  ] GC(525) Mark Stack Usage: 32M
[52.608s][info][gc,nmethod  ] GC(525) NMethods: 1380 registered, 50 unregistered
[52.608s][info][gc,metaspace] GC(525) Metaspace: 8M used, 8M committed, 1088M reserved
[52.608s][info][gc,ref      ] GC(525) Soft: 174 encountered, 0 discovered, 0 enqueued
[52.608s][info][gc,ref      ] GC(525) Weak: 570 encountered, 8 discovered, 0 enqueued
[52.608s][info][gc,ref      ] GC(525) Final: 0 encountered, 0 discovered, 0 enqueued
[52.609s][info][gc,ref      ] GC(525) Phantom: 21 encountered, 11 discovered, 0 enqueued
[52.609s][info][gc,reloc    ] GC(525) Small Pages: 121 / 242M, Empty: 210M, Relocated: 1M, In-Place: 0
[52.609s][info][gc,reloc    ] GC(525) Medium Pages: 2 / 32M, Empty: 0M, Relocated: 1M, In-Place: 0
[52.609s][info][gc,reloc    ] GC(525) Large Pages: 0 / 0M, Empty: 0M, Relocated: 0M, In-Place: 0
[52.609s][info][gc,reloc    ] GC(525) Forwarding Usage: 0M
[52.609s][info][gc,heap     ] GC(525) Min Capacity: 8M(2%)
[52.609s][info][gc,heap     ] GC(525) Max Capacity: 512M(100%)
[52.609s][info][gc,heap     ] GC(525) Soft Max Capacity: 512M(100%)
[52.609s][info][gc,heap     ] GC(525)                Mark Start          Mark End        Relocate Start      Relocate End           High               Low         
[52.609s][info][gc,heap     ] GC(525)  Capacity:      512M (100%)        512M (100%)        512M (100%)        512M (100%)        512M (100%)        512M (100%)   
[52.609s][info][gc,heap     ] GC(525)      Free:      238M (46%)         214M (42%)         422M (82%)         442M (86%)         442M (86%)         214M (42%)    
[52.609s][info][gc,heap     ] GC(525)      Used:      274M (54%)         298M (58%)          90M (18%)          70M (14%)         298M (58%)          70M (14%)    
[52.609s][info][gc,heap     ] GC(525)      Live:         -                19M (4%)           19M (4%)           19M (4%)             -                  -          
[52.609s][info][gc,heap     ] GC(525) Allocated:         -                24M (5%)           26M (5%)           25M (5%)             -                  -          
[52.609s][info][gc,heap     ] GC(525)   Garbage:         -               254M (50%)          44M (9%)           24M (5%)             -                  -          
[52.609s][info][gc,heap     ] GC(525) Reclaimed:         -                  -               210M (41%)         229M (45%)            -                  -          
[52.609s][info][gc          ] GC(525) Garbage Collection (Allocation Rate) 274M(54%)->70M(14%)
[52.680s][info][gc,start    ] GC(526) Garbage Collection (Allocation Rate)
[52.680s][info][gc,task     ] GC(526) Using 5 workers
[52.681s][info][gc,phases   ] GC(526) Pause Mark Start 0.012ms
[52.710s][info][gc,phases   ] GC(526) Concurrent Mark 29.543ms
[52.710s][info][gc,phases   ] GC(526) Pause Mark End 0.013ms
[52.710s][info][gc,phases   ] GC(526) Concurrent Mark Free 0.001ms
[52.711s][info][gc,phases   ] GC(526) Concurrent Process Non-Strong References 0.748ms
[52.711s][info][gc,phases   ] GC(526) Concurrent Reset Relocation Set 0.002ms
[52.716s][info][gc,phases   ] GC(526) Concurrent Select Relocation Set 4.737ms
[52.716s][info][gc,phases   ] GC(526) Pause Relocate Start 0.005ms
[52.719s][info][gc,phases   ] GC(526) Concurrent Relocate 2.622ms
[52.719s][info][gc,load     ] GC(526) Load: 0.00/0.00/0.00
[52.719s][info][gc,mmu      ] GC(526) MMU: 2ms/98.6%, 5ms/99.5%, 10ms/99.6%, 20ms/99.8%, 50ms/99.9%, 100ms/99.9%
[52.719s][info][gc,marking  ] GC(526) Mark: 4 stripe(s), 2 proactive flush(es), 1 terminate flush(es), 0 completion(s), 0 continuation(s) 
[52.719s][info][gc,marking  ] GC(526) Mark Stack Usage: 32M
[52.719s][info][gc,nmethod  ] GC(526) NMethods: 1380 registered, 50 unregistered
[52.719s][info][gc,metaspace] GC(526) Metaspace: 8M used, 8M committed, 1088M reserved
[52.719s][info][gc,ref      ] GC(526) Soft: 174 encountered, 0 discovered, 0 enqueued
[52.719s][info][gc,ref      ] GC(526) Weak: 570 encountered, 105 discovered, 0 enqueued
[52.719s][info][gc,ref      ] GC(526) Final: 0 encountered, 0 discovered, 0 enqueued
[52.719s][info][gc,ref      ] GC(526) Phantom: 21 encountered, 16 discovered, 0 enqueued
[52.719s][info][gc,reloc    ] GC(526) Small Pages: 102 / 204M, Empty: 164M, Relocated: 3M, In-Place: 0
[52.719s][info][gc,reloc    ] GC(526) Medium Pages: 2 / 32M, Empty: 0M, Relocated: 1M, In-Place: 0
[52.719s][info][gc,reloc    ] GC(526) Large Pages: 0 / 0M, Empty: 0M, Relocated: 0M, In-Place: 0
[52.719s][info][gc,reloc    ] GC(526) Forwarding Usage: 1M
[52.719s][info][gc,heap     ] GC(526) Min Capacity: 8M(2%)
[52.719s][info][gc,heap     ] GC(526) Max Capacity: 512M(100%)
[52.719s][info][gc,heap     ] GC(526) Soft Max Capacity: 512M(100%)
[52.719s][info][gc,heap     ] GC(526)                Mark Start          Mark End        Relocate Start      Relocate End           High               Low         
[52.719s][info][gc,heap     ] GC(526)  Capacity:      512M (100%)        512M (100%)        512M (100%)        512M (100%)        512M (100%)        512M (100%)   
[52.719s][info][gc,heap     ] GC(526)      Free:      276M (54%)         196M (38%)         344M (67%)         366M (71%)         366M (71%)         194M (38%)    
[52.719s][info][gc,heap     ] GC(526)      Used:      236M (46%)         316M (62%)         168M (33%)         146M (29%)         318M (62%)         146M (29%)    
[52.719s][info][gc,heap     ] GC(526)      Live:         -                19M (4%)           19M (4%)           19M (4%)             -                  -          
[52.719s][info][gc,heap     ] GC(526) Allocated:         -                80M (16%)          96M (19%)          99M (20%)            -                  -          
[52.719s][info][gc,heap     ] GC(526)   Garbage:         -               216M (42%)          52M (10%)          26M (5%)             -                  -          
[52.720s][info][gc,heap     ] GC(526) Reclaimed:         -                  -               164M (32%)         189M (37%)            -                  -          
[52.720s][info][gc          ] GC(526) Garbage Collection (Allocation Rate) 236M(46%)->146M(29%)
[52.780s][info][gc,start    ] GC(527) Garbage Collection (Allocation Rate)
[52.780s][info][gc,task     ] GC(527) Using 5 workers
[52.780s][info][gc,phases   ] GC(527) Pause Mark Start 0.009ms
[52.802s][info][gc,phases   ] GC(527) Concurrent Mark 21.770ms
[52.802s][info][gc,phases   ] GC(527) Pause Mark End 0.011ms
[52.802s][info][gc,phases   ] GC(527) Concurrent Mark Free 0.001ms
[52.803s][info][gc,phases   ] GC(527) Concurrent Process Non-Strong References 0.811ms
[52.803s][info][gc,phases   ] GC(527) Concurrent Reset Relocation Set 0.002ms
[52.809s][info][gc,phases   ] GC(527) Concurrent Select Relocation Set 5.900ms
[52.809s][info][gc,phases   ] GC(527) Pause Relocate Start 0.004ms
[52.812s][info][gc,phases   ] GC(527) Concurrent Relocate 2.732ms
[52.812s][info][gc,load     ] GC(527) Load: 0.00/0.00/0.00
[52.812s][info][gc,mmu      ] GC(527) MMU: 2ms/98.6%, 5ms/99.5%, 10ms/99.6%, 20ms/99.8%, 50ms/99.9%, 100ms/99.9%
[52.812s][info][gc,marking  ] GC(527) Mark: 4 stripe(s), 2 proactive flush(es), 1 terminate flush(es), 0 completion(s), 0 continuation(s) 
[52.812s][info][gc,marking  ] GC(527) Mark Stack Usage: 32M
[52.812s][info][gc,nmethod  ] GC(527) NMethods: 1380 registered, 50 unregistered
[52.812s][info][gc,metaspace] GC(527) Metaspace: 8M used, 8M committed, 1088M reserved
[52.812s][info][gc,ref      ] GC(527) Soft: 174 encountered, 0 discovered, 0 enqueued
[52.812s][info][gc,ref      ] GC(527) Weak: 570 encountered, 60 discovered, 0 enqueued
[52.812s][info][gc,ref      ] GC(527) Final: 0 encountered, 0 discovered, 0 enqueued
[52.812s][info][gc,ref      ] GC(527) Phantom: 21 encountered, 18 discovered, 0 enqueued
[52.812s][info][gc,reloc    ] GC(527) Small Pages: 149 / 298M, Empty: 252M, Relocated: 6M, In-Place: 0
[52.812s][info][gc,reloc    ] GC(527) Medium Pages: 1 / 16M, Empty: 0M, Relocated: 0M, In-Place: 0
[52.812s][info][gc,reloc    ] GC(527) Large Pages: 0 / 0M, Empty: 0M, Relocated: 0M, In-Place: 0
[52.812s][info][gc,reloc    ] GC(527) Forwarding Usage: 2M
[52.813s][info][gc,heap     ] GC(527) Min Capacity: 8M(2%)
[52.813s][info][gc,heap     ] GC(527) Max Capacity: 512M(100%)
[52.813s][info][gc,heap     ] GC(527) Soft Max Capacity: 512M(100%)
[52.813s][info][gc,heap     ] GC(527)                Mark Start          Mark End        Relocate Start      Relocate End           High               Low         
[52.813s][info][gc,heap     ] GC(527)  Capacity:      512M (100%)        512M (100%)        512M (100%)        512M (100%)        512M (100%)        512M (100%)   
[52.813s][info][gc,heap     ] GC(527)      Free:      198M (39%)         140M (27%)         374M (73%)         386M (75%)         386M (75%)         138M (27%)    
[52.813s][info][gc,heap     ] GC(527)      Used:      314M (61%)         372M (73%)         138M (27%)         126M (25%)         374M (73%)         126M (25%)    
[52.813s][info][gc,heap     ] GC(527)      Live:         -                20M (4%)           20M (4%)           20M (4%)             -                  -          
[52.813s][info][gc,heap     ] GC(527) Allocated:         -                58M (11%)          76M (15%)          83M (16%)            -                  -          
[52.813s][info][gc,heap     ] GC(527)   Garbage:         -               293M (57%)          41M (8%)           21M (4%)             -                  -          
[52.813s][info][gc,heap     ] GC(527) Reclaimed:         -                  -               252M (49%)         271M (53%)            -                  -          
[52.813s][info][gc          ] GC(527) Garbage Collection (Allocation Rate) 314M(61%)->126M(25%)
[52.880s][info][gc,start    ] GC(528) Garbage Collection (Allocation Rate)
[52.880s][info][gc,task     ] GC(528) Using 5 workers
[52.880s][info][gc,phases   ] GC(528) Pause Mark Start 0.011ms
[52.905s][info][gc,phases   ] GC(528) Concurrent Mark 24.662ms
[52.905s][info][gc,phases   ] GC(528) Pause Mark End 0.012ms
[52.905s][info][gc,phases   ] GC(528) Concurrent Mark Free 0.001ms
[52.906s][info][gc,phases   ] GC(528) Concurrent Process Non-Strong References 0.705ms
[52.906s][info][gc,phases   ] GC(528) Concurrent Reset Relocation Set 0.002ms
[52.909s][info][gc,phases   ] GC(528) Concurrent Select Relocation Set 3.393ms
[52.909s][info][gc,phases   ] GC(528) Pause Relocate Start 0.005ms
[52.912s][info][gc,phases   ] GC(528) Concurrent Relocate 2.122ms
[52.912s][info][gc,load     ] GC(528) Load: 0.00/0.00/0.00
[52.912s][info][gc,mmu      ] GC(528) MMU: 2ms/98.6%, 5ms/99.5%, 10ms/99.6%, 20ms/99.8%, 50ms/99.9%, 100ms/99.9%
[52.912s][info][gc,marking  ] GC(528) Mark: 4 stripe(s), 2 proactive flush(es), 1 terminate flush(es), 0 completion(s), 0 continuation(s) 
[52.912s][info][gc,marking  ] GC(528) Mark Stack Usage: 32M
[52.912s][info][gc,nmethod  ] GC(528) NMethods: 1380 registered, 50 unregistered
[52.912s][info][gc,metaspace] GC(528) Metaspace: 8M used, 8M committed, 1088M reserved
[52.912s][info][gc,ref      ] GC(528) Soft: 174 encountered, 0 discovered, 0 enqueued
[52.912s][info][gc,ref      ] GC(528) Weak: 570 encountered, 175 discovered, 0 enqueued
[52.912s][info][gc,ref      ] GC(528) Final: 0 encountered, 0 discovered, 0 enqueued
[52.912s][info][gc,ref      ] GC(528) Phantom: 21 encountered, 19 discovered, 0 enqueued
[52.912s][info][gc,reloc    ] GC(528) Small Pages: 136 / 272M, Empty: 234M, Relocated: 2M, In-Place: 0
[52.912s][info][gc,reloc    ] GC(528) Medium Pages: 2 / 32M, Empty: 0M, Relocated: 1M, In-Place: 0
[52.912s][info][gc,reloc    ] GC(528) Large Pages: 0 / 0M, Empty: 0M, Relocated: 0M, In-Place: 0
[52.912s][info][gc,reloc    ] GC(528) Forwarding Usage: 1M
[52.912s][info][gc,heap     ] GC(528) Min Capacity: 8M(2%)
[52.912s][info][gc,heap     ] GC(528) Max Capacity: 512M(100%)
[52.912s][info][gc,heap     ] GC(528) Soft Max Capacity: 512M(100%)
[52.912s][info][gc,heap     ] GC(528)                Mark Start          Mark End        Relocate Start      Relocate End           High               Low         
[52.912s][info][gc,heap     ] GC(528)  Capacity:      512M (100%)        512M (100%)        512M (100%)        512M (100%)        512M (100%)        512M (100%)   
[52.912s][info][gc,heap     ] GC(528)      Free:      208M (41%)         152M (30%)         374M (73%)         394M (77%)         394M (77%)         150M (29%)    
[52.912s][info][gc,heap     ] GC(528)      Used:      304M (59%)         360M (70%)         138M (27%)         118M (23%)         362M (71%)         118M (23%)    
[52.912s][info][gc,heap     ] GC(528)      Live:         -                21M (4%)           21M (4%)           21M (4%)             -                  -          
[52.912s][info][gc,heap     ] GC(528) Allocated:         -                56M (11%)          68M (13%)          71M (14%)            -                  -          
[52.912s][info][gc,heap     ] GC(528)   Garbage:         -               282M (55%)          48M (10%)          24M (5%)             -                  -          
[52.912s][info][gc,heap     ] GC(528) Reclaimed:         -                  -               234M (46%)         257M (50%)            -                  -          
[52.912s][info][gc          ] GC(528) Garbage Collection (Allocation Rate) 304M(59%)->118M(23%)
[52.980s][info][gc,start    ] GC(529) Garbage Collection (Allocation Rate)
[52.980s][info][gc,task     ] GC(529) Using 5 workers
[52.980s][info][gc,phases   ] GC(529) Pause Mark Start 0.014ms
[53.007s][info][gc,phases   ] GC(529) Concurrent Mark 26.421ms
[53.007s][info][gc,phases   ] GC(529) Pause Mark End 0.009ms
[53.007s][info][gc,phases   ] GC(529) Concurrent Mark Free 0.001ms
[53.008s][info][gc,phases   ] GC(529) Concurrent Process Non-Strong References 0.660ms
[53.008s][info][gc,phases   ] GC(529) Concurrent Reset Relocation Set 0.002ms
[53.014s][info][gc,phases   ] GC(529) Concurrent Select Relocation Set 6.097ms
[53.014s][info][gc,phases   ] GC(529) Pause Relocate Start 0.004ms
[53.017s][info][gc,phases   ] GC(529) Concurrent Relocate 2.713ms
[53.017s][info][gc,load     ] GC(529) Load: 0.00/0.00/0.00
[53.017s][info][gc,mmu      ] GC(529) MMU: 2ms/98.6%, 5ms/99.5%, 10ms/99.6%, 20ms/99.8%, 50ms/99.9%, 100ms/99.9%
[53.017s][info][gc,marking  ] GC(529) Mark: 4 stripe(s), 2 proactive flush(es), 1 terminate flush(es), 0 completion(s), 0 continuation(s) 
[53.017s][info][gc,marking  ] GC(529) Mark Stack Usage: 32M
[53.017s][info][gc,nmethod  ] GC(529) NMethods: 1380 registered, 50 unregistered
[53.017s][info][gc,metaspace] GC(529) Metaspace: 8M used, 8M committed, 1088M reserved
[53.017s][info][gc,ref      ] GC(529) Soft: 174 encountered, 0 discovered, 0 enqueued
[53.017s][info][gc,ref      ] GC(529) Weak: 570 encountered, 97 discovered, 0 enqueued
[53.017s][info][gc,ref      ] GC(529) Final: 0 encountered, 0 discovered, 0 enqueued
[53.017s][info][gc,ref      ] GC(529) Phantom: 21 encountered, 19 discovered, 0 enqueued
[53.017s][info][gc,reloc    ] GC(529) Small Pages: 143 / 286M, Empty: 240M, Relocated: 4M, In-Place: 0
[53.017s][info][gc,reloc    ] GC(529) Medium Pages: 1 / 16M, Empty: 0M, Relocated: 0M, In-Place: 0
[53.017s][info][gc,reloc    ] GC(529) Large Pages: 0 / 0M, Empty: 0M, Relocated: 0M, In-Place: 0
[53.017s][info][gc,reloc    ] GC(529) Forwarding Usage: 2M
[53.017s][info][gc,heap     ] GC(529) Min Capacity: 8M(2%)
[53.017s][info][gc,heap     ] GC(529) Max Capacity: 512M(100%)
[53.017s][info][gc,heap     ] GC(529) Soft Max Capacity: 512M(100%)
[53.017s][info][gc,heap     ] GC(529)                Mark Start          Mark End        Relocate Start      Relocate End           High               Low         
[53.017s][info][gc,heap     ] GC(529)  Capacity:      512M (100%)        512M (100%)        512M (100%)        512M (100%)        512M (100%)        512M (100%)   
[53.017s][info][gc,heap     ] GC(529)      Free:      210M (41%)         140M (27%)         360M (70%)         370M (72%)         370M (72%)         138M (27%)    
[53.017s][info][gc,heap     ] GC(529)      Used:      302M (59%)         372M (73%)         152M (30%)         142M (28%)         374M (73%)         142M (28%)    
[53.017s][info][gc,heap     ] GC(529)      Live:         -                21M (4%)           21M (4%)           21M (4%)             -                  -          
[53.017s][info][gc,heap     ] GC(529) Allocated:         -                70M (14%)          90M (18%)          95M (19%)            -                  -          
[53.017s][info][gc,heap     ] GC(529)   Garbage:         -               280M (55%)          40M (8%)           24M (5%)             -                  -          
[53.017s][info][gc,heap     ] GC(529) Reclaimed:         -                  -               240M (47%)         255M (50%)            -                  -          
[53.017s][info][gc          ] GC(529) Garbage Collection (Allocation Rate) 302M(59%)->142M(28%)
[53.080s][info][gc,start    ] GC(530) Garbage Collection (Allocation Rate)
[53.081s][info][gc,task     ] GC(530) Using 5 workers
[53.081s][info][gc,phases   ] GC(530) Pause Mark Start 0.010ms
[53.107s][info][gc,phases   ] GC(530) Concurrent Mark 26.696ms
[53.108s][info][gc,phases   ] GC(530) Pause Mark End 0.010ms
[53.108s][info][gc,phases   ] GC(530) Concurrent Mark Free 0.001ms
[53.108s][info][gc,phases   ] GC(530) Concurrent Process Non-Strong References 0.718ms
[53.108s][info][gc,phases   ] GC(530) Concurrent Reset Relocation Set 0.004ms
[53.112s][info][gc,phases   ] GC(530) Concurrent Select Relocation Set 3.915ms
[53.112s][info][gc,phases   ] GC(530) Pause Relocate Start 0.004ms
[53.114s][info][gc,phases   ] GC(530) Concurrent Relocate 1.780ms
[53.114s][info][gc,load     ] GC(530) Load: 0.00/0.00/0.00
[53.114s][info][gc,mmu      ] GC(530) MMU: 2ms/98.6%, 5ms/99.5%, 10ms/99.6%, 20ms/99.8%, 50ms/99.9%, 100ms/99.9%
[53.114s][info][gc,marking  ] GC(530) Mark: 4 stripe(s), 2 proactive flush(es), 1 terminate flush(es), 0 completion(s), 0 continuation(s) 
[53.114s][info][gc,marking  ] GC(530) Mark Stack Usage: 32M
[53.114s][info][gc,nmethod  ] GC(530) NMethods: 1380 registered, 50 unregistered
[53.114s][info][gc,metaspace] GC(530) Metaspace: 8M used, 8M committed, 1088M reserved
[53.115s][info][gc,ref      ] GC(530) Soft: 174 encountered, 0 discovered, 0 enqueued
[53.115s][info][gc,ref      ] GC(530) Weak: 570 encountered, 160 discovered, 0 enqueued
[53.115s][info][gc,ref      ] GC(530) Final: 0 encountered, 0 discovered, 0 enqueued
[53.115s][info][gc,ref      ] GC(530) Phantom: 21 encountered, 18 discovered, 0 enqueued
[53.115s][info][gc,reloc    ] GC(530) Small Pages: 141 / 282M, Empty: 246M, Relocated: 3M, In-Place: 0
[53.115s][info][gc,reloc    ] GC(530) Medium Pages: 1 / 16M, Empty: 0M, Relocated: 0M, In-Place: 0
[53.115s][info][gc,reloc    ] GC(530) Large Pages: 0 / 0M, Empty: 0M, Relocated: 0M, In-Place: 0
[53.115s][info][gc,reloc    ] GC(530) Forwarding Usage: 1M
[53.115s][info][gc,heap     ] GC(530) Min Capacity: 8M(2%)
[53.115s][info][gc,heap     ] GC(530) Max Capacity: 512M(100%)
[53.115s][info][gc,heap     ] GC(530) Soft Max Capacity: 512M(100%)
[53.115s][info][gc,heap     ] GC(530)                Mark Start          Mark End        Relocate Start      Relocate End           High               Low         
[53.115s][info][gc,heap     ] GC(530)  Capacity:      512M (100%)        512M (100%)        512M (100%)        512M (100%)        512M (100%)        512M (100%)   
[53.115s][info][gc,heap     ] GC(530)      Free:      214M (42%)         148M (29%)         380M (74%)         378M (74%)         382M (75%)         146M (29%)    
[53.115s][info][gc,heap     ] GC(530)      Used:      298M (58%)         364M (71%)         132M (26%)         134M (26%)         366M (71%)         130M (25%)    
[53.115s][info][gc,heap     ] GC(530)      Live:         -                23M (5%)           23M (5%)           23M (5%)             -                  -          
[53.115s][info][gc,heap     ] GC(530) Allocated:         -                66M (13%)          80M (16%)          83M (16%)            -                  -          
[53.115s][info][gc,heap     ] GC(530)   Garbage:         -               274M (54%)          28M (6%)           26M (5%)             -                  -          
[53.115s][info][gc,heap     ] GC(530) Reclaimed:         -                  -               246M (48%)         247M (48%)            -                  -          
[53.115s][info][gc          ] GC(530) Garbage Collection (Allocation Rate) 298M(58%)->134M(26%)
[53.180s][info][gc,start    ] GC(531) Garbage Collection (Allocation Rate)
[53.182s][info][gc,task     ] GC(531) Using 5 workers
[53.182s][info][gc,phases   ] GC(531) Pause Mark Start 0.011ms
[53.208s][info][gc,phases   ] GC(531) Concurrent Mark 26.222ms
[53.208s][info][gc,phases   ] GC(531) Pause Mark End 0.011ms
[53.208s][info][gc,phases   ] GC(531) Concurrent Mark Free 0.001ms
[53.209s][info][gc,phases   ] GC(531) Concurrent Process Non-Strong References 0.687ms
[53.209s][info][gc,phases   ] GC(531) Concurrent Reset Relocation Set 0.001ms
[53.215s][info][gc,phases   ] GC(531) Concurrent Select Relocation Set 5.981ms
[53.215s][info][gc,phases   ] GC(531) Pause Relocate Start 0.005ms
[53.218s][info][gc,phases   ] GC(531) Concurrent Relocate 2.796ms
[53.218s][info][gc,load     ] GC(531) Load: 0.00/0.00/0.00
[53.218s][info][gc,mmu      ] GC(531) MMU: 2ms/98.6%, 5ms/99.5%, 10ms/99.6%, 20ms/99.8%, 50ms/99.9%, 100ms/99.9%
[53.218s][info][gc,marking  ] GC(531) Mark: 4 stripe(s), 3 proactive flush(es), 1 terminate flush(es), 0 completion(s), 0 continuation(s) 
[53.218s][info][gc,marking  ] GC(531) Mark Stack Usage: 32M
[53.218s][info][gc,nmethod  ] GC(531) NMethods: 1380 registered, 50 unregistered
[53.218s][info][gc,metaspace] GC(531) Metaspace: 8M used, 8M committed, 1088M reserved
[53.218s][info][gc,ref      ] GC(531) Soft: 174 encountered, 0 discovered, 0 enqueued
[53.218s][info][gc,ref      ] GC(531) Weak: 570 encountered, 76 discovered, 0 enqueued
[53.218s][info][gc,ref      ] GC(531) Final: 0 encountered, 0 discovered, 0 enqueued
[53.218s][info][gc,ref      ] GC(531) Phantom: 21 encountered, 18 discovered, 0 enqueued
[53.218s][info][gc,reloc    ] GC(531) Small Pages: 150 / 300M, Empty: 256M, Relocated: 4M, In-Place: 0
[53.218s][info][gc,reloc    ] GC(531) Medium Pages: 1 / 16M, Empty: 0M, Relocated: 0M, In-Place: 0
[53.218s][info][gc,reloc    ] GC(531) Large Pages: 0 / 0M, Empty: 0M, Relocated: 0M, In-Place: 0
[53.218s][info][gc,reloc    ] GC(531) Forwarding Usage: 2M
[53.219s][info][gc,heap     ] GC(531) Min Capacity: 8M(2%)
[53.219s][info][gc,heap     ] GC(531) Max Capacity: 512M(100%)
[53.219s][info][gc,heap     ] GC(531) Soft Max Capacity: 512M(100%)
[53.219s][info][gc,heap     ] GC(531)                Mark Start          Mark End        Relocate Start      Relocate End           High               Low         
[53.219s][info][gc,heap     ] GC(531)  Capacity:      512M (100%)        512M (100%)        512M (100%)        512M (100%)        512M (100%)        512M (100%)   
[53.219s][info][gc,heap     ] GC(531)      Free:      196M (38%)         124M (24%)         362M (71%)         368M (72%)         378M (74%)         122M (24%)    
[53.219s][info][gc,heap     ] GC(531)      Used:      316M (62%)         388M (76%)         150M (29%)         144M (28%)         390M (76%)         134M (26%)    
[53.219s][info][gc,heap     ] GC(531)      Live:         -                23M (5%)           23M (5%)           23M (5%)             -                  -          
[53.219s][info][gc,heap     ] GC(531) Allocated:         -                72M (14%)          90M (18%)          95M (19%)            -                  -          
[53.219s][info][gc,heap     ] GC(531)   Garbage:         -               292M (57%)          36M (7%)           24M (5%)             -                  -          
[53.219s][info][gc,heap     ] GC(531) Reclaimed:         -                  -               256M (50%)         267M (52%)            -                  -          
[53.219s][info][gc          ] GC(531) Garbage Collection (Allocation Rate) 316M(62%)->144M(28%)
[53.280s][info][gc,start    ] GC(532) Garbage Collection (Allocation Rate)
[53.280s][info][gc,task     ] GC(532) Using 5 workers
[53.280s][info][gc,phases   ] GC(532) Pause Mark Start 0.010ms
[53.308s][info][gc,phases   ] GC(532) Concurrent Mark 27.700ms
[53.308s][info][gc,phases   ] GC(532) Pause Mark End 0.014ms
[53.308s][info][gc,phases   ] GC(532) Concurrent Mark Free 0.002ms
[53.309s][info][gc,phases   ] GC(532) Concurrent Process Non-Strong References 0.764ms
[53.309s][info][gc,phases   ] GC(532) Concurrent Reset Relocation Set 0.003ms
[53.313s][info][gc,phases   ] GC(532) Concurrent Select Relocation Set 3.782ms
[53.313s][info][gc,phases   ] GC(532) Pause Relocate Start 0.005ms
[53.316s][info][gc,phases   ] GC(532) Concurrent Relocate 2.600ms
[53.316s][info][gc,load     ] GC(532) Load: 0.00/0.00/0.00
[53.316s][info][gc,mmu      ] GC(532) MMU: 2ms/98.6%, 5ms/99.5%, 10ms/99.6%, 20ms/99.8%, 50ms/99.9%, 100ms/99.9%
[53.316s][info][gc,marking  ] GC(532) Mark: 4 stripe(s), 2 proactive flush(es), 1 terminate flush(es), 0 completion(s), 0 continuation(s) 
[53.316s][info][gc,marking  ] GC(532) Mark Stack Usage: 32M
[53.316s][info][gc,nmethod  ] GC(532) NMethods: 1380 registered, 50 unregistered
[53.316s][info][gc,metaspace] GC(532) Metaspace: 8M used, 8M committed, 1088M reserved
[53.316s][info][gc,ref      ] GC(532) Soft: 174 encountered, 0 discovered, 0 enqueued
[53.316s][info][gc,ref      ] GC(532) Weak: 570 encountered, 136 discovered, 0 enqueued
[53.316s][info][gc,ref      ] GC(532) Final: 0 encountered, 0 discovered, 0 enqueued
[53.316s][info][gc,ref      ] GC(532) Phantom: 21 encountered, 15 discovered, 0 enqueued
[53.316s][info][gc,reloc    ] GC(532) Small Pages: 145 / 290M, Empty: 250M, Relocated: 4M, In-Place: 0
[53.316s][info][gc,reloc    ] GC(532) Medium Pages: 1 / 16M, Empty: 0M, Relocated: 0M, In-Place: 0
[53.316s][info][gc,reloc    ] GC(532) Large Pages: 0 / 0M, Empty: 0M, Relocated: 0M, In-Place: 0
[53.316s][info][gc,reloc    ] GC(532) Forwarding Usage: 2M
[53.316s][info][gc,heap     ] GC(532) Min Capacity: 8M(2%)
[53.316s][info][gc,heap     ] GC(532) Max Capacity: 512M(100%)
[53.316s][info][gc,heap     ] GC(532) Soft Max Capacity: 512M(100%)
[53.316s][info][gc,heap     ] GC(532)                Mark Start          Mark End        Relocate Start      Relocate End           High               Low         
[53.316s][info][gc,heap     ] GC(532)  Capacity:      512M (100%)        512M (100%)        512M (100%)        512M (100%)        512M (100%)        512M (100%)   
[53.316s][info][gc,heap     ] GC(532)      Free:      206M (40%)         168M (33%)         404M (79%)         404M (79%)         406M (79%)         164M (32%)    
[53.316s][info][gc,heap     ] GC(532)      Used:      306M (60%)         344M (67%)         108M (21%)         108M (21%)         348M (68%)         106M (21%)    
[53.316s][info][gc,heap     ] GC(532)      Live:         -                24M (5%)           24M (5%)           24M (5%)             -                  -          
[53.316s][info][gc,heap     ] GC(532) Allocated:         -                38M (7%)           52M (10%)          57M (11%)            -                  -          
[53.316s][info][gc,heap     ] GC(532)   Garbage:         -               281M (55%)          31M (6%)           25M (5%)             -                  -          
[53.316s][info][gc,heap     ] GC(532) Reclaimed:         -                  -               250M (49%)         255M (50%)            -                  -          
[53.316s][info][gc          ] GC(532) Garbage Collection (Allocation Rate) 306M(60%)->108M(21%)
[53.380s][info][gc,start    ] GC(533) Garbage Collection (Allocation Rate)
[53.380s][info][gc,task     ] GC(533) Using 5 workers
[53.380s][info][gc,phases   ] GC(533) Pause Mark Start 0.012ms
[53.405s][info][gc,phases   ] GC(533) Concurrent Mark 24.640ms
[53.405s][info][gc,phases   ] GC(533) Pause Mark End 0.011ms
[53.405s][info][gc,phases   ] GC(533) Concurrent Mark Free 0.001ms
[53.406s][info][gc,phases   ] GC(533) Concurrent Process Non-Strong References 0.752ms
[53.406s][info][gc,phases   ] GC(533) Concurrent Reset Relocation Set 0.002ms
[53.410s][info][gc,phases   ] GC(533) Concurrent Select Relocation Set 3.684ms
[53.410s][info][gc,phases   ] GC(533) Pause Relocate Start 0.004ms
[53.413s][info][gc,phases   ] GC(533) Concurrent Relocate 3.523ms
[53.413s][info][gc,load     ] GC(533) Load: 0.00/0.00/0.00
[53.413s][info][gc,mmu      ] GC(533) MMU: 2ms/98.6%, 5ms/99.5%, 10ms/99.6%, 20ms/99.8%, 50ms/99.9%, 100ms/99.9%
[53.413s][info][gc,marking  ] GC(533) Mark: 4 stripe(s), 3 proactive flush(es), 1 terminate flush(es), 0 completion(s), 0 continuation(s) 
[53.413s][info][gc,marking  ] GC(533) Mark Stack Usage: 32M
[53.413s][info][gc,nmethod  ] GC(533) NMethods: 1380 registered, 50 unregistered
[53.413s][info][gc,metaspace] GC(533) Metaspace: 8M used, 8M committed, 1088M reserved
[53.413s][info][gc,ref      ] GC(533) Soft: 174 encountered, 0 discovered, 0 enqueued
[53.413s][info][gc,ref      ] GC(533) Weak: 570 encountered, 214 discovered, 0 enqueued
[53.414s][info][gc,ref      ] GC(533) Final: 0 encountered, 0 discovered, 0 enqueued
[53.414s][info][gc,ref      ] GC(533) Phantom: 21 encountered, 18 discovered, 0 enqueued
[53.414s][info][gc,reloc    ] GC(533) Small Pages: 118 / 236M, Empty: 186M, Relocated: 4M, In-Place: 0
[53.414s][info][gc,reloc    ] GC(533) Medium Pages: 2 / 32M, Empty: 0M, Relocated: 2M, In-Place: 0
[53.414s][info][gc,reloc    ] GC(533) Large Pages: 0 / 0M, Empty: 0M, Relocated: 0M, In-Place: 0
[53.414s][info][gc,reloc    ] GC(533) Forwarding Usage: 2M
[53.414s][info][gc,heap     ] GC(533) Min Capacity: 8M(2%)
[53.414s][info][gc,heap     ] GC(533) Max Capacity: 512M(100%)
[53.414s][info][gc,heap     ] GC(533) Soft Max Capacity: 512M(100%)
[53.414s][info][gc,heap     ] GC(533)                Mark Start          Mark End        Relocate Start      Relocate End           High               Low         
[53.414s][info][gc,heap     ] GC(533)  Capacity:      512M (100%)        512M (100%)        512M (100%)        512M (100%)        512M (100%)        512M (100%)   
[53.414s][info][gc,heap     ] GC(533)      Free:      244M (48%)         214M (42%)         390M (76%)         414M (81%)         416M (81%)         212M (41%)    
[53.414s][info][gc,heap     ] GC(533)      Used:      268M (52%)         298M (58%)         122M (24%)          98M (19%)         300M (59%)          96M (19%)    
[53.414s][info][gc,heap     ] GC(533)      Live:         -                24M (5%)           24M (5%)           24M (5%)             -                  -          
[53.414s][info][gc,heap     ] GC(533) Allocated:         -                30M (6%)           40M (8%)           47M (9%)             -                  -          
[53.414s][info][gc,heap     ] GC(533)   Garbage:         -               243M (48%)          57M (11%)          25M (5%)             -                  -          
[53.414s][info][gc,heap     ] GC(533) Reclaimed:         -                  -               186M (36%)         217M (43%)            -                  -          
[53.414s][info][gc          ] GC(533) Garbage Collection (Allocation Rate) 268M(52%)->98M(19%)
[53.481s][info][gc,start    ] GC(534) Garbage Collection (Allocation Rate)
[53.481s][info][gc,task     ] GC(534) Using 5 workers
[53.481s][info][gc,phases   ] GC(534) Pause Mark Start 0.011ms
[53.509s][info][gc,phases   ] GC(534) Concurrent Mark 27.692ms
[53.509s][info][gc,phases   ] GC(534) Pause Mark End 0.012ms
[53.509s][info][gc,phases   ] GC(534) Concurrent Mark Free 0.001ms
[53.510s][info][gc,phases   ] GC(534) Concurrent Process Non-Strong References 0.680ms
[53.510s][info][gc,phases   ] GC(534) Concurrent Reset Relocation Set 0.004ms
[53.516s][info][gc,phases   ] GC(534) Concurrent Select Relocation Set 6.611ms
[53.516s][info][gc,phases   ] GC(534) Pause Relocate Start 0.004ms
[53.520s][info][gc,phases   ] GC(534) Concurrent Relocate 3.560ms
[53.520s][info][gc,load     ] GC(534) Load: 0.00/0.00/0.00
[53.520s][info][gc,mmu      ] GC(534) MMU: 2ms/98.6%, 5ms/99.5%, 10ms/99.6%, 20ms/99.8%, 50ms/99.9%, 100ms/99.9%
[53.520s][info][gc,marking  ] GC(534) Mark: 4 stripe(s), 2 proactive flush(es), 1 terminate flush(es), 0 completion(s), 0 continuation(s) 
[53.520s][info][gc,marking  ] GC(534) Mark Stack Usage: 32M
[53.520s][info][gc,nmethod  ] GC(534) NMethods: 1380 registered, 50 unregistered
[53.520s][info][gc,metaspace] GC(534) Metaspace: 8M used, 8M committed, 1088M reserved
[53.520s][info][gc,ref      ] GC(534) Soft: 174 encountered, 0 discovered, 0 enqueued
[53.520s][info][gc,ref      ] GC(534) Weak: 570 encountered, 68 discovered, 0 enqueued
[53.520s][info][gc,ref      ] GC(534) Final: 0 encountered, 0 discovered, 0 enqueued
[53.520s][info][gc,ref      ] GC(534) Phantom: 21 encountered, 18 discovered, 0 enqueued
[53.520s][info][gc,reloc    ] GC(534) Small Pages: 131 / 262M, Empty: 214M, Relocated: 5M, In-Place: 0
[53.520s][info][gc,reloc    ] GC(534) Medium Pages: 1 / 16M, Empty: 0M, Relocated: 0M, In-Place: 0
[53.520s][info][gc,reloc    ] GC(534) Large Pages: 0 / 0M, Empty: 0M, Relocated: 0M, In-Place: 0
[53.520s][info][gc,reloc    ] GC(534) Forwarding Usage: 2M
[53.520s][info][gc,heap     ] GC(534) Min Capacity: 8M(2%)
[53.520s][info][gc,heap     ] GC(534) Max Capacity: 512M(100%)
[53.520s][info][gc,heap     ] GC(534) Soft Max Capacity: 512M(100%)
[53.521s][info][gc,heap     ] GC(534)                Mark Start          Mark End        Relocate Start      Relocate End           High               Low         
[53.521s][info][gc,heap     ] GC(534)  Capacity:      512M (100%)        512M (100%)        512M (100%)        512M (100%)        512M (100%)        512M (100%)   
[53.521s][info][gc,heap     ] GC(534)      Free:      234M (46%)         158M (31%)         352M (69%)         358M (70%)         360M (70%)         156M (30%)    
[53.521s][info][gc,heap     ] GC(534)      Used:      278M (54%)         354M (69%)         160M (31%)         154M (30%)         356M (70%)         152M (30%)    
[53.521s][info][gc,heap     ] GC(534)      Live:         -                25M (5%)           25M (5%)           25M (5%)             -                  -          
[53.521s][info][gc,heap     ] GC(534) Allocated:         -                76M (15%)          96M (19%)         103M (20%)            -                  -          
[53.521s][info][gc,heap     ] GC(534)   Garbage:         -               252M (49%)          38M (8%)           24M (5%)             -                  -          
[53.521s][info][gc,heap     ] GC(534) Reclaimed:         -                  -               214M (42%)         227M (45%)            -                  -          
[53.521s][info][gc          ] GC(534) Garbage Collection (Allocation Rate) 278M(54%)->154M(30%)
[53.581s][info][gc,start    ] GC(535) Garbage Collection (Allocation Rate)
[53.581s][info][gc,task     ] GC(535) Using 5 workers
[53.581s][info][gc,phases   ] GC(535) Pause Mark Start 0.011ms
[53.613s][info][gc,phases   ] GC(535) Concurrent Mark 31.712ms
[53.613s][info][gc,phases   ] GC(535) Pause Mark End 0.014ms
[53.613s][info][gc,phases   ] GC(535) Concurrent Mark Free 0.001ms
[53.614s][info][gc,phases   ] GC(535) Concurrent Process Non-Strong References 0.978ms
[53.614s][info][gc,phases   ] GC(535) Concurrent Reset Relocation Set 0.002ms
[53.618s][info][gc,phases   ] GC(535) Concurrent Select Relocation Set 3.927ms
[53.618s][info][gc,phases   ] GC(535) Pause Relocate Start 0.005ms
[53.621s][info][gc,phases   ] GC(535) Concurrent Relocate 2.755ms
[53.621s][info][gc,load     ] GC(535) Load: 0.00/0.00/0.00
[53.621s][info][gc,mmu      ] GC(535) MMU: 2ms/98.6%, 5ms/99.5%, 10ms/99.6%, 20ms/99.8%, 50ms/99.9%, 100ms/99.9%
[53.621s][info][gc,marking  ] GC(535) Mark: 4 stripe(s), 3 proactive flush(es), 1 terminate flush(es), 0 completion(s), 0 continuation(s) 
[53.621s][info][gc,marking  ] GC(535) Mark Stack Usage: 32M
[53.621s][info][gc,nmethod  ] GC(535) NMethods: 1380 registered, 50 unregistered
[53.621s][info][gc,metaspace] GC(535) Metaspace: 8M used, 8M committed, 1088M reserved
[53.621s][info][gc,ref      ] GC(535) Soft: 174 encountered, 0 discovered, 0 enqueued
[53.621s][info][gc,ref      ] GC(535) Weak: 570 encountered, 25 discovered, 0 enqueued
[53.621s][info][gc,ref      ] GC(535) Final: 0 encountered, 0 discovered, 0 enqueued
[53.621s][info][gc,ref      ] GC(535) Phantom: 21 encountered, 18 discovered, 0 enqueued
[53.621s][info][gc,reloc    ] GC(535) Small Pages: 141 / 282M, Empty: 238M, Relocated: 3M, In-Place: 0
[53.621s][info][gc,reloc    ] GC(535) Medium Pages: 2 / 32M, Empty: 0M, Relocated: 2M, In-Place: 0
[53.621s][info][gc,reloc    ] GC(535) Large Pages: 0 / 0M, Empty: 0M, Relocated: 0M, In-Place: 0
[53.621s][info][gc,reloc    ] GC(535) Forwarding Usage: 1M
[53.621s][info][gc,heap     ] GC(535) Min Capacity: 8M(2%)
[53.621s][info][gc,heap     ] GC(535) Max Capacity: 512M(100%)
[53.621s][info][gc,heap     ] GC(535) Soft Max Capacity: 512M(100%)
[53.621s][info][gc,heap     ] GC(535)                Mark Start          Mark End        Relocate Start      Relocate End           High               Low         
[53.621s][info][gc,heap     ] GC(535)  Capacity:      512M (100%)        512M (100%)        512M (100%)        512M (100%)        512M (100%)        512M (100%)   
[53.621s][info][gc,heap     ] GC(535)      Free:      198M (39%)         112M (22%)         336M (66%)         354M (69%)         354M (69%)         110M (21%)    
[53.621s][info][gc,heap     ] GC(535)      Used:      314M (61%)         400M (78%)         176M (34%)         158M (31%)         402M (79%)         158M (31%)    
[53.621s][info][gc,heap     ] GC(535)      Live:         -                26M (5%)           26M (5%)           26M (5%)             -                  -          
[53.621s][info][gc,heap     ] GC(535) Allocated:         -                86M (17%)         100M (20%)         105M (21%)            -                  -          
[53.621s][info][gc,heap     ] GC(535)   Garbage:         -               287M (56%)          49M (10%)          25M (5%)             -                  -          
[53.621s][info][gc,heap     ] GC(535) Reclaimed:         -                  -               238M (46%)         261M (51%)            -                  -          
[53.622s][info][gc          ] GC(535) Garbage Collection (Allocation Rate) 314M(61%)->158M(31%)
[53.680s][info][gc,start    ] GC(536) Garbage Collection (Allocation Rate)
[53.681s][info][gc,task     ] GC(536) Using 5 workers
[53.681s][info][gc,phases   ] GC(536) Pause Mark Start 0.014ms
[53.707s][info][gc,phases   ] GC(536) Concurrent Mark 26.696ms
[53.708s][info][gc,phases   ] GC(536) Pause Mark End 0.011ms
[53.708s][info][gc,phases   ] GC(536) Concurrent Mark Free 0.001ms
[53.708s][info][gc,phases   ] GC(536) Concurrent Process Non-Strong References 0.741ms
[53.708s][info][gc,phases   ] GC(536) Concurrent Reset Relocation Set 0.002ms
[53.713s][info][gc,phases   ] GC(536) Concurrent Select Relocation Set 4.829ms
[53.713s][info][gc,phases   ] GC(536) Pause Relocate Start 0.004ms
[53.717s][info][gc,phases   ] GC(536) Concurrent Relocate 3.583ms
[53.717s][info][gc,load     ] GC(536) Load: 0.00/0.00/0.00
[53.717s][info][gc,mmu      ] GC(536) MMU: 2ms/98.6%, 5ms/99.5%, 10ms/99.6%, 20ms/99.8%, 50ms/99.9%, 100ms/99.9%
[53.717s][info][gc,marking  ] GC(536) Mark: 4 stripe(s), 2 proactive flush(es), 1 terminate flush(es), 0 completion(s), 0 continuation(s) 
[53.717s][info][gc,marking  ] GC(536) Mark Stack Usage: 32M
[53.717s][info][gc,nmethod  ] GC(536) NMethods: 1380 registered, 50 unregistered
[53.717s][info][gc,metaspace] GC(536) Metaspace: 8M used, 8M committed, 1088M reserved
[53.717s][info][gc,ref      ] GC(536) Soft: 174 encountered, 0 discovered, 0 enqueued
[53.717s][info][gc,ref      ] GC(536) Weak: 570 encountered, 100 discovered, 0 enqueued
[53.717s][info][gc,ref      ] GC(536) Final: 0 encountered, 0 discovered, 0 enqueued
[53.717s][info][gc,ref      ] GC(536) Phantom: 21 encountered, 15 discovered, 0 enqueued
[53.717s][info][gc,reloc    ] GC(536) Small Pages: 141 / 282M, Empty: 230M, Relocated: 5M, In-Place: 0
[53.717s][info][gc,reloc    ] GC(536) Medium Pages: 1 / 16M, Empty: 0M, Relocated: 0M, In-Place: 0
[53.717s][info][gc,reloc    ] GC(536) Large Pages: 0 / 0M, Empty: 0M, Relocated: 0M, In-Place: 0
[53.717s][info][gc,reloc    ] GC(536) Forwarding Usage: 2M
[53.717s][info][gc,heap     ] GC(536) Min Capacity: 8M(2%)
[53.717s][info][gc,heap     ] GC(536) Max Capacity: 512M(100%)
[53.717s][info][gc,heap     ] GC(536) Soft Max Capacity: 512M(100%)
[53.717s][info][gc,heap     ] GC(536)                Mark Start          Mark End        Relocate Start      Relocate End           High               Low         
[53.717s][info][gc,heap     ] GC(536)  Capacity:      512M (100%)        512M (100%)        512M (100%)        512M (100%)        512M (100%)        512M (100%)   
[53.717s][info][gc,heap     ] GC(536)      Free:      214M (42%)         182M (36%)         400M (78%)         408M (80%)         408M (80%)         180M (35%)    
[53.717s][info][gc,heap     ] GC(536)      Used:      298M (58%)         330M (64%)         112M (22%)         104M (20%)         332M (65%)         104M (20%)    
[53.717s][info][gc,heap     ] GC(536)      Live:         -                26M (5%)           26M (5%)           26M (5%)             -                  -          
[53.717s][info][gc,heap     ] GC(536) Allocated:         -                32M (6%)           44M (9%)           51M (10%)            -                  -          
[53.718s][info][gc,heap     ] GC(536)   Garbage:         -               271M (53%)          41M (8%)           25M (5%)             -                  -          
[53.718s][info][gc,heap     ] GC(536) Reclaimed:         -                  -               230M (45%)         245M (48%)            -                  -          
[53.718s][info][gc          ] GC(536) Garbage Collection (Allocation Rate) 298M(58%)->104M(20%)
[53.780s][info][gc,start    ] GC(537) Garbage Collection (Allocation Rate)
[53.780s][info][gc,task     ] GC(537) Using 5 workers
[53.780s][info][gc,phases   ] GC(537) Pause Mark Start 0.012ms
[53.811s][info][gc,phases   ] GC(537) Concurrent Mark 30.629ms
[53.811s][info][gc,phases   ] GC(537) Pause Mark End 0.012ms
[53.811s][info][gc,phases   ] GC(537) Concurrent Mark Free 0.001ms
[53.812s][info][gc,phases   ] GC(537) Concurrent Process Non-Strong References 0.706ms
[53.812s][info][gc,phases   ] GC(537) Concurrent Reset Relocation Set 0.003ms
[53.819s][info][gc,phases   ] GC(537) Concurrent Select Relocation Set 7.018ms
[53.819s][info][gc,phases   ] GC(537) Pause Relocate Start 0.007ms
[53.824s][info][gc,phases   ] GC(537) Concurrent Relocate 4.590ms
[53.824s][info][gc,load     ] GC(537) Load: 0.00/0.00/0.00
[53.824s][info][gc,mmu      ] GC(537) MMU: 2ms/98.6%, 5ms/99.5%, 10ms/99.6%, 20ms/99.8%, 50ms/99.9%, 100ms/99.9%
[53.824s][info][gc,marking  ] GC(537) Mark: 4 stripe(s), 3 proactive flush(es), 1 terminate flush(es), 0 completion(s), 0 continuation(s) 
[53.824s][info][gc,marking  ] GC(537) Mark Stack Usage: 32M
[53.824s][info][gc,nmethod  ] GC(537) NMethods: 1380 registered, 50 unregistered
[53.824s][info][gc,metaspace] GC(537) Metaspace: 8M used, 8M committed, 1088M reserved
[53.824s][info][gc,ref      ] GC(537) Soft: 174 encountered, 0 discovered, 0 enqueued
[53.824s][info][gc,ref      ] GC(537) Weak: 570 encountered, 6 discovered, 0 enqueued
[53.824s][info][gc,ref      ] GC(537) Final: 0 encountered, 0 discovered, 0 enqueued
[53.824s][info][gc,ref      ] GC(537) Phantom: 21 encountered, 18 discovered, 0 enqueued
[53.824s][info][gc,reloc    ] GC(537) Small Pages: 129 / 258M, Empty: 210M, Relocated: 6M, In-Place: 0
[53.824s][info][gc,reloc    ] GC(537) Medium Pages: 1 / 16M, Empty: 0M, Relocated: 0M, In-Place: 0
[53.824s][info][gc,reloc    ] GC(537) Large Pages: 0 / 0M, Empty: 0M, Relocated: 0M, In-Place: 0
[53.824s][info][gc,reloc    ] GC(537) Forwarding Usage: 2M
[53.824s][info][gc,heap     ] GC(537) Min Capacity: 8M(2%)
[53.825s][info][gc,heap     ] GC(537) Max Capacity: 512M(100%)
[53.825s][info][gc,heap     ] GC(537) Soft Max Capacity: 512M(100%)
[53.825s][info][gc,heap     ] GC(537)                Mark Start          Mark End        Relocate Start      Relocate End           High               Low         
[53.825s][info][gc,heap     ] GC(537)  Capacity:      512M (100%)        512M (100%)        512M (100%)        512M (100%)        512M (100%)        512M (100%)   
[53.825s][info][gc,heap     ] GC(537)      Free:      238M (46%)         178M (35%)         366M (71%)         368M (72%)         376M (73%)         174M (34%)    
[53.825s][info][gc,heap     ] GC(537)      Used:      274M (54%)         334M (65%)         146M (29%)         144M (28%)         338M (66%)         136M (27%)    
[53.825s][info][gc,heap     ] GC(537)      Live:         -                27M (5%)           27M (5%)           27M (5%)             -                  -          
[53.825s][info][gc,heap     ] GC(537) Allocated:         -                60M (12%)          82M (16%)          93M (18%)            -                  -          
[53.825s][info][gc,heap     ] GC(537)   Garbage:         -               246M (48%)          36M (7%)           22M (4%)             -                  -          
[53.825s][info][gc,heap     ] GC(537) Reclaimed:         -                  -               210M (41%)         223M (44%)            -                  -          
[53.825s][info][gc          ] GC(537) Garbage Collection (Allocation Rate) 274M(54%)->144M(28%)
[53.880s][info][gc,start    ] GC(538) Garbage Collection (Allocation Rate)
[53.880s][info][gc,task     ] GC(538) Using 5 workers
[53.880s][info][gc,phases   ] GC(538) Pause Mark Start 0.011ms
[53.910s][info][gc,phases   ] GC(538) Concurrent Mark 29.645ms
[53.910s][info][gc,phases   ] GC(538) Pause Mark End 0.011ms
[53.910s][info][gc,phases   ] GC(538) Concurrent Mark Free 0.001ms
[53.911s][info][gc,phases   ] GC(538) Concurrent Process Non-Strong References 0.662ms
[53.911s][info][gc,phases   ] GC(538) Concurrent Reset Relocation Set 0.003ms
[53.915s][info][gc,phases   ] GC(538) Concurrent Select Relocation Set 3.959ms
[53.915s][info][gc,phases   ] GC(538) Pause Relocate Start 0.003ms
[53.918s][info][gc,phases   ] GC(538) Concurrent Relocate 2.710ms
[53.918s][info][gc,load     ] GC(538) Load: 0.00/0.00/0.00
[53.918s][info][gc,mmu      ] GC(538) MMU: 2ms/98.6%, 5ms/99.5%, 10ms/99.6%, 20ms/99.8%, 50ms/99.9%, 100ms/99.9%
[53.918s][info][gc,marking  ] GC(538) Mark: 4 stripe(s), 2 proactive flush(es), 1 terminate flush(es), 0 completion(s), 0 continuation(s) 
[53.918s][info][gc,marking  ] GC(538) Mark Stack Usage: 32M
[53.918s][info][gc,nmethod  ] GC(538) NMethods: 1380 registered, 50 unregistered
[53.918s][info][gc,metaspace] GC(538) Metaspace: 8M used, 8M committed, 1088M reserved
[53.918s][info][gc,ref      ] GC(538) Soft: 174 encountered, 0 discovered, 0 enqueued
[53.918s][info][gc,ref      ] GC(538) Weak: 570 encountered, 109 discovered, 0 enqueued
[53.918s][info][gc,ref      ] GC(538) Final: 0 encountered, 0 discovered, 0 enqueued
[53.918s][info][gc,ref      ] GC(538) Phantom: 21 encountered, 18 discovered, 0 enqueued
[53.918s][info][gc,reloc    ] GC(538) Small Pages: 140 / 280M, Empty: 226M, Relocated: 3M, In-Place: 0
[53.918s][info][gc,reloc    ] GC(538) Medium Pages: 1 / 16M, Empty: 0M, Relocated: 0M, In-Place: 0
[53.918s][info][gc,reloc    ] GC(538) Large Pages: 0 / 0M, Empty: 0M, Relocated: 0M, In-Place: 0
[53.918s][info][gc,reloc    ] GC(538) Forwarding Usage: 1M
[53.918s][info][gc,heap     ] GC(538) Min Capacity: 8M(2%)
[53.918s][info][gc,heap     ] GC(538) Max Capacity: 512M(100%)
[53.918s][info][gc,heap     ] GC(538) Soft Max Capacity: 512M(100%)
[53.918s][info][gc,heap     ] GC(538)                Mark Start          Mark End        Relocate Start      Relocate End           High               Low         
[53.918s][info][gc,heap     ] GC(538)  Capacity:      512M (100%)        512M (100%)        512M (100%)        512M (100%)        512M (100%)        512M (100%)   
[53.918s][info][gc,heap     ] GC(538)      Free:      216M (42%)         136M (27%)         350M (68%)         356M (70%)         358M (70%)         134M (26%)    
[53.919s][info][gc,heap     ] GC(538)      Used:      296M (58%)         376M (73%)         162M (32%)         156M (30%)         378M (74%)         154M (30%)    
[53.919s][info][gc,heap     ] GC(538)      Live:         -                28M (5%)           28M (5%)           28M (5%)             -                  -          
[53.919s][info][gc,heap     ] GC(538) Allocated:         -                80M (16%)          92M (18%)         100M (20%)            -                  -          
[53.919s][info][gc,heap     ] GC(538)   Garbage:         -               267M (52%)          41M (8%)           27M (5%)             -                  -          
[53.919s][info][gc,heap     ] GC(538) Reclaimed:         -                  -               226M (44%)         240M (47%)            -                  -          
[53.919s][info][gc          ] GC(538) Garbage Collection (Allocation Rate) 296M(58%)->156M(30%)
[53.980s][info][gc,start    ] GC(539) Garbage Collection (Allocation Rate)
[53.980s][info][gc,task     ] GC(539) Using 5 workers
[53.980s][info][gc,phases   ] GC(539) Pause Mark Start 0.012ms
[54.010s][info][gc,phases   ] GC(539) Concurrent Mark 29.631ms
[54.010s][info][gc,phases   ] GC(539) Pause Mark End 0.012ms
[54.010s][info][gc,phases   ] GC(539) Concurrent Mark Free 0.001ms
[54.011s][info][gc,phases   ] GC(539) Concurrent Process Non-Strong References 0.670ms
[54.011s][info][gc,phases   ] GC(539) Concurrent Reset Relocation Set 0.002ms
[54.017s][info][gc,phases   ] GC(539) Concurrent Select Relocation Set 6.663ms
[54.018s][info][gc,phases   ] GC(539) Pause Relocate Start 0.006ms
[54.021s][info][gc,phases   ] GC(539) Concurrent Relocate 3.152ms
[54.021s][info][gc,load     ] GC(539) Load: 0.00/0.00/0.00
[54.021s][info][gc,mmu      ] GC(539) MMU: 2ms/98.6%, 5ms/99.5%, 10ms/99.6%, 20ms/99.8%, 50ms/99.9%, 100ms/99.9%
