[0.018s][info][gc,init] Initializing The Z Garbage Collector
[0.018s][info][gc,init] Version: 20+36-2344 (release)
[0.018s][info][gc,init] NUMA Support: Disabled
[0.018s][info][gc,init] CPUs: 48 total, 48 available
[0.018s][info][gc,init] Memory: 391843M
[0.018s][info][gc,init] Large Page Support: Disabled
[0.018s][info][gc,init] GC Workers: 12 (dynamic)
[0.020s][info][gc,init] Address Space Type: Contiguous/Unrestricted/Complete
[0.020s][info][gc,init] Address Space Size: 32768M x 3 = 98304M
[0.020s][info][gc,init] Min Capacity: 8M
[0.020s][info][gc,init] Initial Capacity: 2048M
[0.030s][info][gc,init] Max Capacity: 2048M
[0.030s][info][gc,init] Medium Page Size: 32M
[0.030s][info][gc,init] Pre-touch: Disabled
[0.030s][info][gc,init] Uncommit: Enabled
[0.030s][info][gc,init] Uncommit Delay: 300s
[0.114s][info][gc,init] Runtime Workers: 20
[0.116s][info][gc     ] Using The Z Garbage Collector
[0.117s][info][gc,metaspace] CDS archive(s) mapped at: [0x0000000800000000-0x0000000800c60000-0x0000000800c60000), size 12976128, SharedBaseAddress: 0x0000000800000000, ArchiveRelocationMode: 0.
[0.117s][info][gc,metaspace] Compressed class space mapped at: 0x0000000801000000-0x0000000841000000, reserved size: 1073741824
[0.117s][info][gc,metaspace] Narrow klass base: 0x0000000800000000, Narrow klass shift: 0, Narrow klass range: 0x100000000
[1.110s][info][gc,start    ] GC(0) Garbage Collection (System.gc())
[1.110s][info][gc,task     ] GC(0) Using 12 workers
[1.110s][info][gc,phases   ] GC(0) Pause Mark Start 0.016ms
[1.121s][info][gc,phases   ] GC(0) Concurrent Mark 11.148ms
[1.122s][info][gc,phases   ] GC(0) Pause Mark End 0.033ms
[1.122s][info][gc,phases   ] GC(0) Concurrent Mark Free 0.001ms
[1.123s][info][gc,phases   ] GC(0) Concurrent Process Non-Strong References 0.941ms
[1.123s][info][gc,phases   ] GC(0) Concurrent Reset Relocation Set 0.001ms
[1.137s][info][gc,phases   ] GC(0) Concurrent Select Relocation Set 14.777ms
[1.138s][info][gc,phases   ] GC(0) Pause Relocate Start 0.008ms
[1.142s][info][gc,phases   ] GC(0) Concurrent Relocate 4.629ms
[1.142s][info][gc,load     ] GC(0) Load: 0.00/0.00/0.00
[1.142s][info][gc,mmu      ] GC(0) MMU: 2ms/98.4%, 5ms/99.3%, 10ms/99.7%, 20ms/99.8%, 50ms/99.9%, 100ms/99.9%
[1.142s][info][gc,marking  ] GC(0) Mark: 8 stripe(s), 3 proactive flush(es), 1 terminate flush(es), 0 completion(s), 0 continuation(s) 
[1.142s][info][gc,marking  ] GC(0) Mark Stack Usage: 32M
[1.142s][info][gc,nmethod  ] GC(0) NMethods: 1076 registered, 101 unregistered
[1.142s][info][gc,metaspace] GC(0) Metaspace: 8M used, 8M committed, 1088M reserved
[1.142s][info][gc,ref      ] GC(0) Soft: 164 encountered, 0 discovered, 0 enqueued
[1.142s][info][gc,ref      ] GC(0) Weak: 762 encountered, 412 discovered, 261 enqueued
[1.143s][info][gc,ref      ] GC(0) Final: 0 encountered, 0 discovered, 0 enqueued
[1.143s][info][gc,ref      ] GC(0) Phantom: 214 encountered, 202 discovered, 193 enqueued
[1.143s][info][gc,reloc    ] GC(0) Small Pages: 13 / 26M, Empty: 0M, Relocated: 3M, In-Place: 0
[1.143s][info][gc,reloc    ] GC(0) Medium Pages: 0 / 0M, Empty: 0M, Relocated: 0M, In-Place: 0
[1.143s][info][gc,reloc    ] GC(0) Large Pages: 0 / 0M, Empty: 0M, Relocated: 0M, In-Place: 0
[1.143s][info][gc,reloc    ] GC(0) Forwarding Usage: 1M
[1.143s][info][gc,heap     ] GC(0) Min Capacity: 8M(0%)
[1.143s][info][gc,heap     ] GC(0) Max Capacity: 2048M(100%)
[1.143s][info][gc,heap     ] GC(0) Soft Max Capacity: 2048M(100%)
[1.143s][info][gc,heap     ] GC(0)                Mark Start          Mark End        Relocate Start      Relocate End           High               Low         
[1.143s][info][gc,heap     ] GC(0)  Capacity:     2048M (100%)       2048M (100%)       2048M (100%)       2048M (100%)       2048M (100%)       2048M (100%)   
[1.143s][info][gc,heap     ] GC(0)      Free:     2022M (99%)        2022M (99%)        2020M (99%)        2020M (99%)        2022M (99%)        1996M (97%)    
[1.143s][info][gc,heap     ] GC(0)      Used:       26M (1%)           26M (1%)           28M (1%)           28M (1%)           52M (3%)           26M (1%)     
[1.143s][info][gc,heap     ] GC(0)      Live:         -                 4M (0%)            4M (0%)            4M (0%)             -                  -          
[1.143s][info][gc,heap     ] GC(0) Allocated:         -                 0M (0%)            2M (0%)            2M (0%)             -                  -          
[1.143s][info][gc,heap     ] GC(0)   Garbage:         -                21M (1%)           21M (1%)           21M (1%)             -                  -          
[1.143s][info][gc,heap     ] GC(0) Reclaimed:         -                  -                 0M (0%)            0M (0%)             -                  -          
[1.143s][info][gc          ] GC(0) Garbage Collection (System.gc()) 26M(1%)->28M(1%)
[1.442s][info][gc,start    ] GC(1) Garbage Collection (Warmup)
[1.442s][info][gc,task     ] GC(1) Using 12 workers
[1.442s][info][gc,phases   ] GC(1) Pause Mark Start 0.013ms
[1.450s][info][gc,phases   ] GC(1) Concurrent Mark 7.652ms
[1.450s][info][gc,phases   ] GC(1) Pause Mark End 0.025ms
[1.450s][info][gc,phases   ] GC(1) Concurrent Mark Free 0.001ms
[1.451s][info][gc,phases   ] GC(1) Concurrent Process Non-Strong References 1.045ms
[1.451s][info][gc,phases   ] GC(1) Concurrent Reset Relocation Set 0.002ms
[1.456s][info][gc,phases   ] GC(1) Concurrent Select Relocation Set 4.989ms
[1.456s][info][gc,phases   ] GC(1) Pause Relocate Start 0.009ms
[1.459s][info][gc,phases   ] GC(1) Concurrent Relocate 2.464ms
[1.459s][info][gc,load     ] GC(1) Load: 0.00/0.00/0.00
[1.459s][info][gc,mmu      ] GC(1) MMU: 2ms/98.4%, 5ms/99.3%, 10ms/99.6%, 20ms/99.8%, 50ms/99.9%, 100ms/99.9%
[1.459s][info][gc,marking  ] GC(1) Mark: 8 stripe(s), 2 proactive flush(es), 1 terminate flush(es), 0 completion(s), 0 continuation(s) 
[1.459s][info][gc,marking  ] GC(1) Mark Stack Usage: 32M
[1.459s][info][gc,nmethod  ] GC(1) NMethods: 1266 registered, 116 unregistered
[1.459s][info][gc,metaspace] GC(1) Metaspace: 8M used, 8M committed, 1088M reserved
[1.459s][info][gc,ref      ] GC(1) Soft: 169 encountered, 0 discovered, 0 enqueued
[1.459s][info][gc,ref      ] GC(1) Weak: 557 encountered, 169 discovered, 21 enqueued
[1.459s][info][gc,ref      ] GC(1) Final: 0 encountered, 0 discovered, 0 enqueued
[1.459s][info][gc,ref      ] GC(1) Phantom: 37 encountered, 27 discovered, 16 enqueued
[1.459s][info][gc,reloc    ] GC(1) Small Pages: 149 / 298M, Empty: 246M, Relocated: 5M, In-Place: 0
[1.459s][info][gc,reloc    ] GC(1) Medium Pages: 0 / 0M, Empty: 0M, Relocated: 0M, In-Place: 0
[1.459s][info][gc,reloc    ] GC(1) Large Pages: 0 / 0M, Empty: 0M, Relocated: 0M, In-Place: 0
[1.459s][info][gc,reloc    ] GC(1) Forwarding Usage: 1M
[1.459s][info][gc,heap     ] GC(1) Min Capacity: 8M(0%)
[1.459s][info][gc,heap     ] GC(1) Max Capacity: 2048M(100%)
[1.459s][info][gc,heap     ] GC(1) Soft Max Capacity: 2048M(100%)
[1.459s][info][gc,heap     ] GC(1)                Mark Start          Mark End        Relocate Start      Relocate End           High               Low         
[1.459s][info][gc,heap     ] GC(1)  Capacity:     2048M (100%)       2048M (100%)       2048M (100%)       2048M (100%)       2048M (100%)       2048M (100%)   
[1.460s][info][gc,heap     ] GC(1)      Free:     1750M (85%)        1742M (85%)        1980M (97%)        2006M (98%)        2006M (98%)        1742M (85%)    
[1.460s][info][gc,heap     ] GC(1)      Used:      298M (15%)         306M (15%)          68M (3%)           42M (2%)          306M (15%)          42M (2%)     
[1.460s][info][gc,heap     ] GC(1)      Live:         -                 5M (0%)            5M (0%)            5M (0%)             -                  -          
[1.460s][info][gc,heap     ] GC(1) Allocated:         -                 8M (0%)           16M (1%)           17M (1%)             -                  -          
[1.460s][info][gc,heap     ] GC(1)   Garbage:         -               292M (14%)          46M (2%)           18M (1%)             -                  -          
[1.460s][info][gc,heap     ] GC(1) Reclaimed:         -                  -               246M (12%)         273M (13%)            -                  -          
[1.460s][info][gc          ] GC(1) Garbage Collection (Warmup) 298M(15%)->42M(2%)
[1.741s][info][gc,start    ] GC(2) Garbage Collection (Warmup)
[1.742s][info][gc,task     ] GC(2) Using 12 workers
[1.742s][info][gc,phases   ] GC(2) Pause Mark Start 0.017ms
[1.753s][info][gc,phases   ] GC(2) Concurrent Mark 11.590ms
[1.754s][info][gc,phases   ] GC(2) Pause Mark End 0.021ms
[1.754s][info][gc,phases   ] GC(2) Concurrent Mark Free 0.001ms
[1.754s][info][gc,phases   ] GC(2) Concurrent Process Non-Strong References 0.761ms
[1.754s][info][gc,phases   ] GC(2) Concurrent Reset Relocation Set 0.003ms
[1.761s][info][gc,phases   ] GC(2) Concurrent Select Relocation Set 6.761ms
[1.761s][info][gc,phases   ] GC(2) Pause Relocate Start 0.007ms
[1.766s][info][gc,phases   ] GC(2) Concurrent Relocate 4.691ms
[1.766s][info][gc,load     ] GC(2) Load: 0.00/0.00/0.00
[1.766s][info][gc,mmu      ] GC(2) MMU: 2ms/98.4%, 5ms/99.3%, 10ms/99.6%, 20ms/99.8%, 50ms/99.9%, 100ms/99.9%
[1.766s][info][gc,marking  ] GC(2) Mark: 8 stripe(s), 5 proactive flush(es), 1 terminate flush(es), 0 completion(s), 0 continuation(s) 
[1.766s][info][gc,marking  ] GC(2) Mark Stack Usage: 32M
[1.766s][info][gc,nmethod  ] GC(2) NMethods: 1266 registered, 120 unregistered
[1.766s][info][gc,metaspace] GC(2) Metaspace: 8M used, 8M committed, 1088M reserved
[1.766s][info][gc,ref      ] GC(2) Soft: 169 encountered, 0 discovered, 0 enqueued
[1.766s][info][gc,ref      ] GC(2) Weak: 536 encountered, 177 discovered, 0 enqueued
[1.767s][info][gc,ref      ] GC(2) Final: 0 encountered, 0 discovered, 0 enqueued
[1.767s][info][gc,ref      ] GC(2) Phantom: 21 encountered, 13 discovered, 0 enqueued
[1.767s][info][gc,reloc    ] GC(2) Small Pages: 268 / 536M, Empty: 490M, Relocated: 6M, In-Place: 0
[1.767s][info][gc,reloc    ] GC(2) Medium Pages: 1 / 32M, Empty: 0M, Relocated: 0M, In-Place: 0
[1.767s][info][gc,reloc    ] GC(2) Large Pages: 0 / 0M, Empty: 0M, Relocated: 0M, In-Place: 0
[1.767s][info][gc,reloc    ] GC(2) Forwarding Usage: 2M
[1.767s][info][gc,heap     ] GC(2) Min Capacity: 8M(0%)
[1.767s][info][gc,heap     ] GC(2) Max Capacity: 2048M(100%)
[1.767s][info][gc,heap     ] GC(2) Soft Max Capacity: 2048M(100%)
[1.767s][info][gc,heap     ] GC(2)                Mark Start          Mark End        Relocate Start      Relocate End           High               Low         
[1.767s][info][gc,heap     ] GC(2)  Capacity:     2048M (100%)       2048M (100%)       2048M (100%)       2048M (100%)       2048M (100%)       2048M (100%)   
[1.767s][info][gc,heap     ] GC(2)      Free:     1480M (72%)        1466M (72%)        1944M (95%)        1954M (95%)        1956M (96%)        1464M (71%)    
[1.767s][info][gc,heap     ] GC(2)      Used:      568M (28%)         582M (28%)         104M (5%)           94M (5%)          584M (29%)          92M (4%)     
[1.767s][info][gc,heap     ] GC(2)      Live:         -                 6M (0%)            6M (0%)            6M (0%)             -                  -          
[1.767s][info][gc,heap     ] GC(2) Allocated:         -                14M (1%)           26M (1%)           37M (2%)             -                  -          
[1.767s][info][gc,heap     ] GC(2)   Garbage:         -               561M (27%)          71M (3%)           49M (2%)             -                  -          
[1.767s][info][gc,heap     ] GC(2) Reclaimed:         -                  -               490M (24%)         511M (25%)            -                  -          
[1.767s][info][gc          ] GC(2) Garbage Collection (Warmup) 568M(28%)->94M(5%)
[2.041s][info][gc,start    ] GC(3) Garbage Collection (Warmup)
[2.041s][info][gc,task     ] GC(3) Using 12 workers
[2.041s][info][gc,phases   ] GC(3) Pause Mark Start 0.017ms
[2.052s][info][gc,phases   ] GC(3) Concurrent Mark 10.611ms
[2.052s][info][gc,phases   ] GC(3) Pause Mark End 0.020ms
[2.052s][info][gc,phases   ] GC(3) Concurrent Mark Free 0.001ms
[2.053s][info][gc,phases   ] GC(3) Concurrent Process Non-Strong References 0.617ms
[2.053s][info][gc,phases   ] GC(3) Concurrent Reset Relocation Set 0.005ms
[2.061s][info][gc,phases   ] GC(3) Concurrent Select Relocation Set 7.799ms
[2.061s][info][gc,phases   ] GC(3) Pause Relocate Start 0.006ms
[2.064s][info][gc,phases   ] GC(3) Concurrent Relocate 2.748ms
[2.064s][info][gc,load     ] GC(3) Load: 0.00/0.00/0.00
[2.064s][info][gc,mmu      ] GC(3) MMU: 2ms/98.4%, 5ms/99.3%, 10ms/99.6%, 20ms/99.8%, 50ms/99.9%, 100ms/99.9%
[2.064s][info][gc,marking  ] GC(3) Mark: 8 stripe(s), 3 proactive flush(es), 1 terminate flush(es), 0 completion(s), 0 continuation(s) 
[2.064s][info][gc,marking  ] GC(3) Mark Stack Usage: 32M
[2.064s][info][gc,nmethod  ] GC(3) NMethods: 1266 registered, 120 unregistered
[2.064s][info][gc,metaspace] GC(3) Metaspace: 8M used, 8M committed, 1088M reserved
[2.064s][info][gc,ref      ] GC(3) Soft: 169 encountered, 0 discovered, 0 enqueued
[2.064s][info][gc,ref      ] GC(3) Weak: 536 encountered, 37 discovered, 0 enqueued
[2.064s][info][gc,ref      ] GC(3) Final: 0 encountered, 0 discovered, 0 enqueued
[2.064s][info][gc,ref      ] GC(3) Phantom: 21 encountered, 10 discovered, 0 enqueued
[2.064s][info][gc,reloc    ] GC(3) Small Pages: 322 / 644M, Empty: 608M, Relocated: 6M, In-Place: 0
[2.064s][info][gc,reloc    ] GC(3) Medium Pages: 1 / 32M, Empty: 0M, Relocated: 0M, In-Place: 0
[2.064s][info][gc,reloc    ] GC(3) Large Pages: 0 / 0M, Empty: 0M, Relocated: 0M, In-Place: 0
[2.064s][info][gc,reloc    ] GC(3) Forwarding Usage: 2M
[2.064s][info][gc,heap     ] GC(3) Min Capacity: 8M(0%)
[2.064s][info][gc,heap     ] GC(3) Max Capacity: 2048M(100%)
[2.064s][info][gc,heap     ] GC(3) Soft Max Capacity: 2048M(100%)
[2.064s][info][gc,heap     ] GC(3)                Mark Start          Mark End        Relocate Start      Relocate End           High               Low         
[2.064s][info][gc,heap     ] GC(3)  Capacity:     2048M (100%)       2048M (100%)       2048M (100%)       2048M (100%)       2048M (100%)       2048M (100%)   
[2.064s][info][gc,heap     ] GC(3)      Free:     1372M (67%)        1366M (67%)        1968M (96%)        1974M (96%)        1974M (96%)        1366M (67%)    
[2.065s][info][gc,heap     ] GC(3)      Used:      676M (33%)         682M (33%)          80M (4%)           74M (4%)          682M (33%)          74M (4%)     
[2.065s][info][gc,heap     ] GC(3)      Live:         -                 8M (0%)            8M (0%)            8M (0%)             -                  -          
[2.065s][info][gc,heap     ] GC(3) Allocated:         -                 6M (0%)           12M (1%)           15M (1%)             -                  -          
[2.065s][info][gc,heap     ] GC(3)   Garbage:         -               667M (33%)          59M (3%)           49M (2%)             -                  -          
[2.065s][info][gc,heap     ] GC(3) Reclaimed:         -                  -               608M (30%)         617M (30%)            -                  -          
[2.065s][info][gc          ] GC(3) Garbage Collection (Warmup) 676M(33%)->74M(4%)
[2.842s][info][gc,start    ] GC(4) Garbage Collection (Allocation Rate)
[2.842s][info][gc,task     ] GC(4) Using 2 workers
[2.842s][info][gc,phases   ] GC(4) Pause Mark Start 0.017ms
[2.877s][info][gc,phases   ] GC(4) Concurrent Mark 35.520ms
[2.878s][info][gc,phases   ] GC(4) Pause Mark End 0.016ms
[2.878s][info][gc,phases   ] GC(4) Concurrent Mark Free 0.001ms
[2.881s][info][gc,phases   ] GC(4) Concurrent Process Non-Strong References 2.985ms
[2.881s][info][gc,phases   ] GC(4) Concurrent Reset Relocation Set 0.003ms
[2.890s][info][gc,phases   ] GC(4) Concurrent Select Relocation Set 9.293ms
[2.890s][info][gc,phases   ] GC(4) Pause Relocate Start 0.009ms
[2.899s][info][gc,phases   ] GC(4) Concurrent Relocate 9.076ms
[2.899s][info][gc,load     ] GC(4) Load: 0.00/0.00/0.00
[2.899s][info][gc,mmu      ] GC(4) MMU: 2ms/98.4%, 5ms/99.3%, 10ms/99.6%, 20ms/99.8%, 50ms/99.9%, 100ms/99.9%
[2.899s][info][gc,marking  ] GC(4) Mark: 2 stripe(s), 2 proactive flush(es), 1 terminate flush(es), 0 completion(s), 0 continuation(s) 
[2.900s][info][gc,marking  ] GC(4) Mark Stack Usage: 32M
[2.900s][info][gc,nmethod  ] GC(4) NMethods: 1262 registered, 124 unregistered
[2.900s][info][gc,metaspace] GC(4) Metaspace: 8M used, 8M committed, 1088M reserved
[2.900s][info][gc,ref      ] GC(4) Soft: 169 encountered, 0 discovered, 0 enqueued
[2.900s][info][gc,ref      ] GC(4) Weak: 536 encountered, 24 discovered, 0 enqueued
[2.900s][info][gc,ref      ] GC(4) Final: 0 encountered, 0 discovered, 0 enqueued
[2.900s][info][gc,ref      ] GC(4) Phantom: 21 encountered, 12 discovered, 0 enqueued
[2.900s][info][gc,reloc    ] GC(4) Small Pages: 661 / 1322M, Empty: 1278M, Relocated: 8M, In-Place: 0
[2.900s][info][gc,reloc    ] GC(4) Medium Pages: 2 / 64M, Empty: 32M, Relocated: 0M, In-Place: 0
[2.900s][info][gc,reloc    ] GC(4) Large Pages: 0 / 0M, Empty: 0M, Relocated: 0M, In-Place: 0
[2.900s][info][gc,reloc    ] GC(4) Forwarding Usage: 3M
[2.900s][info][gc,heap     ] GC(4) Min Capacity: 8M(0%)
[2.900s][info][gc,heap     ] GC(4) Max Capacity: 2048M(100%)
[2.900s][info][gc,heap     ] GC(4) Soft Max Capacity: 2048M(100%)
[2.900s][info][gc,heap     ] GC(4)                Mark Start          Mark End        Relocate Start      Relocate End           High               Low         
[2.900s][info][gc,heap     ] GC(4)  Capacity:     2048M (100%)       2048M (100%)       2048M (100%)       2048M (100%)       2048M (100%)       2048M (100%)   
[2.900s][info][gc,heap     ] GC(4)      Free:      662M (32%)         628M (31%)        1928M (94%)        1938M (95%)        1946M (95%)         626M (31%)    
[2.900s][info][gc,heap     ] GC(4)      Used:     1386M (68%)        1420M (69%)         120M (6%)          110M (5%)         1422M (69%)         102M (5%)     
[2.900s][info][gc,heap     ] GC(4)      Live:         -                12M (1%)           12M (1%)           12M (1%)             -                  -          
[2.900s][info][gc,heap     ] GC(4) Allocated:         -                34M (2%)           44M (2%)           63M (3%)             -                  -          
[2.900s][info][gc,heap     ] GC(4)   Garbage:         -              1373M (67%)          63M (3%)           33M (2%)             -                  -          
[2.900s][info][gc,heap     ] GC(4) Reclaimed:         -                  -              1310M (64%)        1339M (65%)            -                  -          
[2.900s][info][gc          ] GC(4) Garbage Collection (Allocation Rate) 1386M(68%)->110M(5%)
[3.348s][info][gc,start    ] GC(5) Garbage Collection (Allocation Rate)
[3.348s][info][gc,task     ] GC(5) Using 1 workers
[3.349s][info][gc,phases   ] GC(5) Pause Mark Start 0.018ms
[3.412s][info][gc,phases   ] GC(5) Concurrent Mark 63.082ms
[3.412s][info][gc,phases   ] GC(5) Pause Mark End 0.021ms
[3.412s][info][gc,phases   ] GC(5) Concurrent Mark Free 0.001ms
[3.417s][info][gc,phases   ] GC(5) Concurrent Process Non-Strong References 4.828ms
[3.417s][info][gc,phases   ] GC(5) Concurrent Reset Relocation Set 0.004ms
[3.421s][info][gc,phases   ] GC(5) Concurrent Select Relocation Set 4.301ms
[3.421s][info][gc,phases   ] GC(5) Pause Relocate Start 0.008ms
[3.437s][info][gc,phases   ] GC(5) Concurrent Relocate 15.327ms
[3.437s][info][gc,load     ] GC(5) Load: 0.00/0.00/0.00
[3.437s][info][gc,mmu      ] GC(5) MMU: 2ms/98.4%, 5ms/99.3%, 10ms/99.6%, 20ms/99.8%, 50ms/99.9%, 100ms/99.9%
[3.437s][info][gc,marking  ] GC(5) Mark: 1 stripe(s), 2 proactive flush(es), 1 terminate flush(es), 0 completion(s), 0 continuation(s) 
[3.437s][info][gc,marking  ] GC(5) Mark Stack Usage: 32M
[3.437s][info][gc,nmethod  ] GC(5) NMethods: 1262 registered, 124 unregistered
[3.437s][info][gc,metaspace] GC(5) Metaspace: 8M used, 8M committed, 1088M reserved
[3.437s][info][gc,ref      ] GC(5) Soft: 169 encountered, 0 discovered, 0 enqueued
[3.437s][info][gc,ref      ] GC(5) Weak: 536 encountered, 161 discovered, 0 enqueued
[3.437s][info][gc,ref      ] GC(5) Final: 0 encountered, 0 discovered, 0 enqueued
[3.437s][info][gc,ref      ] GC(5) Phantom: 21 encountered, 10 discovered, 0 enqueued
[3.437s][info][gc,reloc    ] GC(5) Small Pages: 598 / 1196M, Empty: 1154M, Relocated: 8M, In-Place: 0
[3.437s][info][gc,reloc    ] GC(5) Medium Pages: 2 / 64M, Empty: 0M, Relocated: 1M, In-Place: 0
[3.437s][info][gc,reloc    ] GC(5) Large Pages: 0 / 0M, Empty: 0M, Relocated: 0M, In-Place: 0
[3.437s][info][gc,reloc    ] GC(5) Forwarding Usage: 3M
[3.437s][info][gc,heap     ] GC(5) Min Capacity: 8M(0%)
[3.437s][info][gc,heap     ] GC(5) Max Capacity: 2048M(100%)
[3.437s][info][gc,heap     ] GC(5) Soft Max Capacity: 2048M(100%)
[3.437s][info][gc,heap     ] GC(5)                Mark Start          Mark End        Relocate Start      Relocate End           High               Low         
[3.438s][info][gc,heap     ] GC(5)  Capacity:     2048M (100%)       2048M (100%)       2048M (100%)       2048M (100%)       2048M (100%)       2048M (100%)   
[3.438s][info][gc,heap     ] GC(5)      Free:      788M (38%)         700M (34%)        1840M (90%)        1872M (91%)        1884M (92%)         692M (34%)    
[3.438s][info][gc,heap     ] GC(5)      Used:     1260M (62%)        1348M (66%)         208M (10%)         176M (9%)         1356M (66%)         164M (8%)     
[3.438s][info][gc,heap     ] GC(5)      Live:         -                15M (1%)           15M (1%)           15M (1%)             -                  -          
[3.438s][info][gc,heap     ] GC(5) Allocated:         -                88M (4%)          102M (5%)          125M (6%)             -                  -          
[3.438s][info][gc,heap     ] GC(5)   Garbage:         -              1244M (61%)          90M (4%)           34M (2%)             -                  -          
[3.438s][info][gc,heap     ] GC(5) Reclaimed:         -                  -              1154M (56%)        1209M (59%)            -                  -          
[3.438s][info][gc          ] GC(5) Garbage Collection (Allocation Rate) 1260M(62%)->176M(9%)
[3.842s][info][gc,start    ] GC(6) Garbage Collection (Allocation Rate)
[3.842s][info][gc,task     ] GC(6) Using 1 workers
[3.842s][info][gc,phases   ] GC(6) Pause Mark Start 0.017ms
[3.912s][info][gc,phases   ] GC(6) Concurrent Mark 70.542ms
[3.913s][info][gc,phases   ] GC(6) Pause Mark End 0.019ms
[3.913s][info][gc,phases   ] GC(6) Concurrent Mark Free 0.001ms
[3.918s][info][gc,phases   ] GC(6) Concurrent Process Non-Strong References 4.963ms
[3.918s][info][gc,phases   ] GC(6) Concurrent Reset Relocation Set 0.004ms
[3.922s][info][gc,phases   ] GC(6) Concurrent Select Relocation Set 4.189ms
[3.922s][info][gc,phases   ] GC(6) Pause Relocate Start 0.006ms
[3.937s][info][gc,phases   ] GC(6) Concurrent Relocate 14.871ms
[3.937s][info][gc,load     ] GC(6) Load: 0.00/0.00/0.00
[3.937s][info][gc,mmu      ] GC(6) MMU: 2ms/98.4%, 5ms/99.3%, 10ms/99.6%, 20ms/99.8%, 50ms/99.9%, 100ms/99.9%
[3.937s][info][gc,marking  ] GC(6) Mark: 1 stripe(s), 2 proactive flush(es), 1 terminate flush(es), 0 completion(s), 0 continuation(s) 
[3.937s][info][gc,marking  ] GC(6) Mark Stack Usage: 32M
[3.937s][info][gc,nmethod  ] GC(6) NMethods: 1262 registered, 124 unregistered
[3.937s][info][gc,metaspace] GC(6) Metaspace: 8M used, 8M committed, 1088M reserved
[3.937s][info][gc,ref      ] GC(6) Soft: 169 encountered, 0 discovered, 0 enqueued
[3.937s][info][gc,ref      ] GC(6) Weak: 536 encountered, 353 discovered, 0 enqueued
[3.937s][info][gc,ref      ] GC(6) Final: 0 encountered, 0 discovered, 0 enqueued
[3.937s][info][gc,ref      ] GC(6) Phantom: 21 encountered, 10 discovered, 0 enqueued
[3.937s][info][gc,reloc    ] GC(6) Small Pages: 572 / 1144M, Empty: 1096M, Relocated: 5M, In-Place: 0
[3.937s][info][gc,reloc    ] GC(6) Medium Pages: 2 / 64M, Empty: 0M, Relocated: 1M, In-Place: 0
[3.937s][info][gc,reloc    ] GC(6) Large Pages: 0 / 0M, Empty: 0M, Relocated: 0M, In-Place: 0
[3.937s][info][gc,reloc    ] GC(6) Forwarding Usage: 2M
[3.937s][info][gc,heap     ] GC(6) Min Capacity: 8M(0%)
[3.937s][info][gc,heap     ] GC(6) Max Capacity: 2048M(100%)
[3.938s][info][gc,heap     ] GC(6) Soft Max Capacity: 2048M(100%)
[3.938s][info][gc,heap     ] GC(6)                Mark Start          Mark End        Relocate Start      Relocate End           High               Low         
[3.938s][info][gc,heap     ] GC(6)  Capacity:     2048M (100%)       2048M (100%)       2048M (100%)       2048M (100%)       2048M (100%)       2048M (100%)   
[3.938s][info][gc,heap     ] GC(6)      Free:      840M (41%)         754M (37%)        1836M (90%)        1858M (91%)        1882M (92%)         746M (36%)    
[3.938s][info][gc,heap     ] GC(6)      Used:     1208M (59%)        1294M (63%)         212M (10%)         190M (9%)         1302M (64%)         166M (8%)     
[3.938s][info][gc,heap     ] GC(6)      Live:         -                18M (1%)           18M (1%)           18M (1%)             -                  -          
[3.938s][info][gc,heap     ] GC(6) Allocated:         -                86M (4%)          100M (5%)          137M (7%)             -                  -          
[3.938s][info][gc,heap     ] GC(6)   Garbage:         -              1189M (58%)          93M (5%)           33M (2%)             -                  -          
[3.938s][info][gc,heap     ] GC(6) Reclaimed:         -                  -              1096M (54%)        1155M (56%)            -                  -          
[3.938s][info][gc          ] GC(6) Garbage Collection (Allocation Rate) 1208M(59%)->190M(9%)
[4.442s][info][gc,start    ] GC(7) Garbage Collection (Allocation Rate)
[4.442s][info][gc,task     ] GC(7) Using 1 workers
[4.442s][info][gc,phases   ] GC(7) Pause Mark Start 0.016ms
[4.519s][info][gc,phases   ] GC(7) Concurrent Mark 77.393ms
[4.520s][info][gc,phases   ] GC(7) Pause Mark End 0.024ms
[4.520s][info][gc,phases   ] GC(7) Concurrent Mark Free 0.001ms
[4.524s][info][gc,phases   ] GC(7) Concurrent Process Non-Strong References 4.669ms
[4.524s][info][gc,phases   ] GC(7) Concurrent Reset Relocation Set 0.003ms
[4.529s][info][gc,phases   ] GC(7) Concurrent Select Relocation Set 4.930ms
[4.529s][info][gc,phases   ] GC(7) Pause Relocate Start 0.008ms
[4.547s][info][gc,phases   ] GC(7) Concurrent Relocate 17.737ms
[4.547s][info][gc,load     ] GC(7) Load: 0.00/0.00/0.00
[4.547s][info][gc,mmu      ] GC(7) MMU: 2ms/98.4%, 5ms/99.3%, 10ms/99.6%, 20ms/99.8%, 50ms/99.9%, 100ms/99.9%
[4.547s][info][gc,marking  ] GC(7) Mark: 1 stripe(s), 2 proactive flush(es), 1 terminate flush(es), 0 completion(s), 0 continuation(s) 
[4.547s][info][gc,marking  ] GC(7) Mark Stack Usage: 32M
[4.547s][info][gc,nmethod  ] GC(7) NMethods: 1264 registered, 130 unregistered
[4.547s][info][gc,metaspace] GC(7) Metaspace: 8M used, 8M committed, 1088M reserved
[4.547s][info][gc,ref      ] GC(7) Soft: 169 encountered, 0 discovered, 0 enqueued
[4.547s][info][gc,ref      ] GC(7) Weak: 536 encountered, 159 discovered, 0 enqueued
[4.547s][info][gc,ref      ] GC(7) Final: 0 encountered, 0 discovered, 0 enqueued
[4.547s][info][gc,ref      ] GC(7) Phantom: 21 encountered, 10 discovered, 0 enqueued
[4.547s][info][gc,reloc    ] GC(7) Small Pages: 636 / 1272M, Empty: 1218M, Relocated: 6M, In-Place: 0
[4.547s][info][gc,reloc    ] GC(7) Medium Pages: 2 / 64M, Empty: 0M, Relocated: 1M, In-Place: 0
[4.547s][info][gc,reloc    ] GC(7) Large Pages: 0 / 0M, Empty: 0M, Relocated: 0M, In-Place: 0
[4.547s][info][gc,reloc    ] GC(7) Forwarding Usage: 2M
[4.547s][info][gc,heap     ] GC(7) Min Capacity: 8M(0%)
[4.547s][info][gc,heap     ] GC(7) Max Capacity: 2048M(100%)
[4.547s][info][gc,heap     ] GC(7) Soft Max Capacity: 2048M(100%)
[4.548s][info][gc,heap     ] GC(7)                Mark Start          Mark End        Relocate Start      Relocate End           High               Low         
[4.548s][info][gc,heap     ] GC(7)  Capacity:     2048M (100%)       2048M (100%)       2048M (100%)       2048M (100%)       2048M (100%)       2048M (100%)   
[4.548s][info][gc,heap     ] GC(7)      Free:      712M (35%)         612M (30%)        1814M (89%)        1826M (89%)        1858M (91%)         606M (30%)    
[4.548s][info][gc,heap     ] GC(7)      Used:     1336M (65%)        1436M (70%)         234M (11%)         222M (11%)        1442M (70%)         190M (9%)     
[4.548s][info][gc,heap     ] GC(7)      Live:         -                22M (1%)           22M (1%)           22M (1%)             -                  -          
[4.548s][info][gc,heap     ] GC(7) Allocated:         -               100M (5%)          116M (6%)          163M (8%)             -                  -          
[4.548s][info][gc,heap     ] GC(7)   Garbage:         -              1313M (64%)          95M (5%)           35M (2%)             -                  -          
[4.548s][info][gc,heap     ] GC(7) Reclaimed:         -                  -              1218M (59%)        1277M (62%)            -                  -          
[4.548s][info][gc          ] GC(7) Garbage Collection (Allocation Rate) 1336M(65%)->222M(11%)
[5.041s][info][gc,start    ] GC(8) Garbage Collection (Allocation Rate)
[5.041s][info][gc,task     ] GC(8) Using 1 workers
[5.042s][info][gc,phases   ] GC(8) Pause Mark Start 0.017ms
[5.115s][info][gc,phases   ] GC(8) Concurrent Mark 73.084ms
[5.115s][info][gc,phases   ] GC(8) Pause Mark End 0.021ms
[5.115s][info][gc,phases   ] GC(8) Concurrent Mark Free 0.001ms
[5.119s][info][gc,phases   ] GC(8) Concurrent Process Non-Strong References 4.366ms
[5.120s][info][gc,phases   ] GC(8) Concurrent Reset Relocation Set 0.005ms
[5.128s][info][gc,phases   ] GC(8) Concurrent Select Relocation Set 8.285ms
[5.128s][info][gc,phases   ] GC(8) Pause Relocate Start 0.009ms
[5.148s][info][gc,phases   ] GC(8) Concurrent Relocate 19.527ms
[5.148s][info][gc,load     ] GC(8) Load: 0.00/0.00/0.00
[5.148s][info][gc,mmu      ] GC(8) MMU: 2ms/98.4%, 5ms/99.3%, 10ms/99.6%, 20ms/99.8%, 50ms/99.9%, 100ms/99.9%
[5.148s][info][gc,marking  ] GC(8) Mark: 1 stripe(s), 2 proactive flush(es), 1 terminate flush(es), 0 completion(s), 0 continuation(s) 
[5.148s][info][gc,marking  ] GC(8) Mark Stack Usage: 32M
[5.148s][info][gc,nmethod  ] GC(8) NMethods: 1264 registered, 130 unregistered
[5.148s][info][gc,metaspace] GC(8) Metaspace: 8M used, 8M committed, 1088M reserved
[5.148s][info][gc,ref      ] GC(8) Soft: 169 encountered, 0 discovered, 0 enqueued
[5.148s][info][gc,ref      ] GC(8) Weak: 536 encountered, 353 discovered, 0 enqueued
[5.148s][info][gc,ref      ] GC(8) Final: 0 encountered, 0 discovered, 0 enqueued
[5.148s][info][gc,ref      ] GC(8) Phantom: 21 encountered, 10 discovered, 0 enqueued
[5.148s][info][gc,reloc    ] GC(8) Small Pages: 690 / 1380M, Empty: 1328M, Relocated: 6M, In-Place: 0
[5.148s][info][gc,reloc    ] GC(8) Medium Pages: 2 / 64M, Empty: 0M, Relocated: 2M, In-Place: 0
[5.148s][info][gc,reloc    ] GC(8) Large Pages: 0 / 0M, Empty: 0M, Relocated: 0M, In-Place: 0
[5.148s][info][gc,reloc    ] GC(8) Forwarding Usage: 2M
[5.148s][info][gc,heap     ] GC(8) Min Capacity: 8M(0%)
[5.148s][info][gc,heap     ] GC(8) Max Capacity: 2048M(100%)
[5.148s][info][gc,heap     ] GC(8) Soft Max Capacity: 2048M(100%)
[5.148s][info][gc,heap     ] GC(8)                Mark Start          Mark End        Relocate Start      Relocate End           High               Low         
[5.148s][info][gc,heap     ] GC(8)  Capacity:     2048M (100%)       2048M (100%)       2048M (100%)       2048M (100%)       2048M (100%)       2048M (100%)   
[5.148s][info][gc,heap     ] GC(8)      Free:      604M (29%)         528M (26%)        1836M (90%)        1848M (90%)        1878M (92%)         522M (25%)    
[5.148s][info][gc,heap     ] GC(8)      Used:     1444M (71%)        1520M (74%)         212M (10%)         200M (10%)        1526M (75%)         170M (8%)     
[5.148s][info][gc,heap     ] GC(8)      Live:         -                26M (1%)           26M (1%)           26M (1%)             -                  -          
[5.148s][info][gc,heap     ] GC(8) Allocated:         -                76M (4%)           96M (5%)          137M (7%)             -                  -          
[5.148s][info][gc,heap     ] GC(8)   Garbage:         -              1417M (69%)          89M (4%)           35M (2%)             -                  -          
[5.149s][info][gc,heap     ] GC(8) Reclaimed:         -                  -              1328M (65%)        1381M (67%)            -                  -          
[5.149s][info][gc          ] GC(8) Garbage Collection (Allocation Rate) 1444M(71%)->200M(10%)
[5.942s][info][gc,start    ] GC(9) Garbage Collection (Allocation Rate)
[5.942s][info][gc,task     ] GC(9) Using 6 workers
[5.942s][info][gc,phases   ] GC(9) Pause Mark Start 0.017ms
[5.970s][info][gc,phases   ] GC(9) Concurrent Mark 27.539ms
[5.970s][info][gc,phases   ] GC(9) Pause Mark End 0.014ms
[5.970s][info][gc,phases   ] GC(9) Concurrent Mark Free 0.001ms
[5.971s][info][gc,phases   ] GC(9) Concurrent Process Non-Strong References 0.803ms
[5.971s][info][gc,phases   ] GC(9) Concurrent Reset Relocation Set 0.003ms
[5.973s][info][gc,phases   ] GC(9) Concurrent Select Relocation Set 2.547ms
[5.974s][info][gc,phases   ] GC(9) Pause Relocate Start 0.009ms
[5.978s][info][gc,phases   ] GC(9) Concurrent Relocate 3.598ms
[5.978s][info][gc,load     ] GC(9) Load: 0.00/0.00/0.00
[5.978s][info][gc,mmu      ] GC(9) MMU: 2ms/98.4%, 5ms/99.3%, 10ms/99.6%, 20ms/99.8%, 50ms/99.9%, 100ms/99.9%
[5.978s][info][gc,marking  ] GC(9) Mark: 4 stripe(s), 2 proactive flush(es), 1 terminate flush(es), 0 completion(s), 0 continuation(s) 
[5.978s][info][gc,marking  ] GC(9) Mark Stack Usage: 32M
[5.978s][info][gc,nmethod  ] GC(9) NMethods: 1315 registered, 150 unregistered
[5.978s][info][gc,metaspace] GC(9) Metaspace: 8M used, 8M committed, 1088M reserved
[5.978s][info][gc,ref      ] GC(9) Soft: 170 encountered, 0 discovered, 0 enqueued
[5.978s][info][gc,ref      ] GC(9) Weak: 543 encountered, 366 discovered, 4 enqueued
[5.978s][info][gc,ref      ] GC(9) Final: 0 encountered, 0 discovered, 0 enqueued
[5.978s][info][gc,ref      ] GC(9) Phantom: 23 encountered, 14 discovered, 2 enqueued
[5.978s][info][gc,reloc    ] GC(9) Small Pages: 540 / 1080M, Empty: 1036M, Relocated: 3M, In-Place: 0
[5.978s][info][gc,reloc    ] GC(9) Medium Pages: 2 / 64M, Empty: 32M, Relocated: 0M, In-Place: 0
[5.978s][info][gc,reloc    ] GC(9) Large Pages: 0 / 0M, Empty: 0M, Relocated: 0M, In-Place: 0
[5.978s][info][gc,reloc    ] GC(9) Forwarding Usage: 1M
[5.978s][info][gc,heap     ] GC(9) Min Capacity: 8M(0%)
[5.978s][info][gc,heap     ] GC(9) Max Capacity: 2048M(100%)
[5.978s][info][gc,heap     ] GC(9) Soft Max Capacity: 2048M(100%)
[5.978s][info][gc,heap     ] GC(9)                Mark Start          Mark End        Relocate Start      Relocate End           High               Low         
[5.978s][info][gc,heap     ] GC(9)  Capacity:     2048M (100%)       2048M (100%)       2048M (100%)       2048M (100%)       2048M (100%)       2048M (100%)   
[5.978s][info][gc,heap     ] GC(9)      Free:      904M (44%)         872M (43%)        1938M (95%)        1940M (95%)        1940M (95%)         870M (42%)    
[5.978s][info][gc,heap     ] GC(9)      Used:     1144M (56%)        1176M (57%)         110M (5%)          108M (5%)         1178M (58%)         108M (5%)     
[5.978s][info][gc,heap     ] GC(9)      Live:         -                31M (2%)           31M (2%)           31M (2%)             -                  -          
[5.978s][info][gc,heap     ] GC(9) Allocated:         -                32M (2%)           34M (2%)           33M (2%)             -                  -          
[5.978s][info][gc,heap     ] GC(9)   Garbage:         -              1112M (54%)          44M (2%)           42M (2%)             -                  -          
[5.978s][info][gc,heap     ] GC(9) Reclaimed:         -                  -              1068M (52%)        1069M (52%)            -                  -          
[5.978s][info][gc          ] GC(9) Garbage Collection (Allocation Rate) 1144M(56%)->108M(5%)
[6.143s][info][gc,start    ] GC(10) Garbage Collection (System.gc())
[6.143s][info][gc,task     ] GC(10) Using 12 workers
[6.143s][info][gc,phases   ] GC(10) Pause Mark Start 0.015ms
[6.149s][info][gc,phases   ] GC(10) Concurrent Mark 6.260ms
[6.150s][info][gc,phases   ] GC(10) Pause Mark End 0.016ms
[6.150s][info][gc,phases   ] GC(10) Concurrent Mark Free 0.001ms
[6.151s][info][gc,phases   ] GC(10) Concurrent Process Non-Strong References 0.781ms
[6.151s][info][gc,phases   ] GC(10) Concurrent Reset Relocation Set 0.001ms
[6.154s][info][gc,phases   ] GC(10) Concurrent Select Relocation Set 3.860ms
[6.155s][info][gc,phases   ] GC(10) Pause Relocate Start 0.007ms
[6.156s][info][gc,phases   ] GC(10) Concurrent Relocate 0.986ms
[6.156s][info][gc,load     ] GC(10) Load: 0.00/0.00/0.00
[6.156s][info][gc,mmu      ] GC(10) MMU: 2ms/98.4%, 5ms/99.3%, 10ms/99.6%, 20ms/99.8%, 50ms/99.9%, 100ms/99.9%
[6.156s][info][gc,marking  ] GC(10) Mark: 8 stripe(s), 2 proactive flush(es), 1 terminate flush(es), 0 completion(s), 0 continuation(s) 
[6.156s][info][gc,marking  ] GC(10) Mark Stack Usage: 32M
[6.156s][info][gc,nmethod  ] GC(10) NMethods: 1345 registered, 177 unregistered
[6.156s][info][gc,metaspace] GC(10) Metaspace: 8M used, 8M committed, 1088M reserved
[6.156s][info][gc,ref      ] GC(10) Soft: 174 encountered, 0 discovered, 0 enqueued
[6.156s][info][gc,ref      ] GC(10) Weak: 585 encountered, 135 discovered, 15 enqueued
[6.156s][info][gc,ref      ] GC(10) Final: 0 encountered, 0 discovered, 0 enqueued
[6.156s][info][gc,ref      ] GC(10) Phantom: 29 encountered, 24 discovered, 8 enqueued
[6.156s][info][gc,reloc    ] GC(10) Small Pages: 47 / 94M, Empty: 74M, Relocated: 0M, In-Place: 0
[6.156s][info][gc,reloc    ] GC(10) Medium Pages: 2 / 64M, Empty: 64M, Relocated: 0M, In-Place: 0
[6.156s][info][gc,reloc    ] GC(10) Large Pages: 0 / 0M, Empty: 0M, Relocated: 0M, In-Place: 0
[6.156s][info][gc,reloc    ] GC(10) Forwarding Usage: 0M
[6.156s][info][gc,heap     ] GC(10) Min Capacity: 8M(0%)
[6.156s][info][gc,heap     ] GC(10) Max Capacity: 2048M(100%)
[6.156s][info][gc,heap     ] GC(10) Soft Max Capacity: 2048M(100%)
[6.156s][info][gc,heap     ] GC(10)                Mark Start          Mark End        Relocate Start      Relocate End           High               Low         
[6.156s][info][gc,heap     ] GC(10)  Capacity:     2048M (100%)       2048M (100%)       2048M (100%)       2048M (100%)       2048M (100%)       2048M (100%)   
[6.156s][info][gc,heap     ] GC(10)      Free:     1890M (92%)        1890M (92%)        2026M (99%)        2026M (99%)        2026M (99%)        1888M (92%)    
[6.156s][info][gc,heap     ] GC(10)      Used:      158M (8%)          158M (8%)           22M (1%)           22M (1%)          160M (8%)           22M (1%)     
[6.156s][info][gc,heap     ] GC(10)      Live:         -                 4M (0%)            4M (0%)            4M (0%)             -                  -          
[6.156s][info][gc,heap     ] GC(10) Allocated:         -                 0M (0%)            2M (0%)            2M (0%)             -                  -          
[6.156s][info][gc,heap     ] GC(10)   Garbage:         -               153M (8%)           15M (1%)           15M (1%)             -                  -          
[6.156s][info][gc,heap     ] GC(10) Reclaimed:         -                  -               138M (7%)          138M (7%)             -                  -          
[6.156s][info][gc          ] GC(10) Garbage Collection (System.gc()) 158M(8%)->22M(1%)
[6.956s][info][gc,start    ] GC(11) Garbage Collection (Allocation Rate)
[6.956s][info][gc,task     ] GC(11) Using 12 workers
[6.956s][info][gc,phases   ] GC(11) Pause Mark Start 0.018ms
[6.971s][info][gc,phases   ] GC(11) Concurrent Mark 15.252ms
[6.971s][info][gc,phases   ] GC(11) Pause Mark End 0.022ms
[6.971s][info][gc,phases   ] GC(11) Concurrent Mark Free 0.001ms
[6.972s][info][gc,phases   ] GC(11) Concurrent Process Non-Strong References 0.612ms
[6.972s][info][gc,phases   ] GC(11) Concurrent Reset Relocation Set 0.001ms
[6.977s][info][gc,phases   ] GC(11) Concurrent Select Relocation Set 5.205ms
[6.977s][info][gc,phases   ] GC(11) Pause Relocate Start 0.009ms
[6.980s][info][gc,phases   ] GC(11) Concurrent Relocate 3.047ms
[6.981s][info][gc,load     ] GC(11) Load: 0.00/0.00/0.00
[6.981s][info][gc,mmu      ] GC(11) MMU: 2ms/98.4%, 5ms/99.3%, 10ms/99.6%, 20ms/99.8%, 50ms/99.9%, 100ms/99.9%
[6.981s][info][gc,marking  ] GC(11) Mark: 8 stripe(s), 2 proactive flush(es), 1 terminate flush(es), 0 completion(s), 0 continuation(s) 
[6.981s][info][gc,marking  ] GC(11) Mark Stack Usage: 32M
[6.981s][info][gc,nmethod  ] GC(11) NMethods: 1345 registered, 178 unregistered
[6.981s][info][gc,metaspace] GC(11) Metaspace: 8M used, 8M committed, 1088M reserved
[6.981s][info][gc,ref      ] GC(11) Soft: 174 encountered, 0 discovered, 0 enqueued
[6.981s][info][gc,ref      ] GC(11) Weak: 570 encountered, 130 discovered, 0 enqueued
[6.981s][info][gc,ref      ] GC(11) Final: 0 encountered, 0 discovered, 0 enqueued
[6.981s][info][gc,ref      ] GC(11) Phantom: 21 encountered, 15 discovered, 0 enqueued
[6.981s][info][gc,reloc    ] GC(11) Small Pages: 851 / 1702M, Empty: 1642M, Relocated: 5M, In-Place: 0
[6.981s][info][gc,reloc    ] GC(11) Medium Pages: 1 / 32M, Empty: 0M, Relocated: 0M, In-Place: 0
[6.981s][info][gc,reloc    ] GC(11) Large Pages: 0 / 0M, Empty: 0M, Relocated: 0M, In-Place: 0
[6.981s][info][gc,reloc    ] GC(11) Forwarding Usage: 2M
[6.981s][info][gc,heap     ] GC(11) Min Capacity: 8M(0%)
[6.981s][info][gc,heap     ] GC(11) Max Capacity: 2048M(100%)
[6.981s][info][gc,heap     ] GC(11) Soft Max Capacity: 2048M(100%)
[6.981s][info][gc,heap     ] GC(11)                Mark Start          Mark End        Relocate Start      Relocate End           High               Low         
[6.981s][info][gc,heap     ] GC(11)  Capacity:     2048M (100%)       2048M (100%)       2048M (100%)       2048M (100%)       2048M (100%)       2048M (100%)   
[6.981s][info][gc,heap     ] GC(11)      Free:      314M (15%)         294M (14%)        1932M (94%)        1962M (96%)        1962M (96%)         294M (14%)    
[6.981s][info][gc,heap     ] GC(11)      Used:     1734M (85%)        1754M (86%)         116M (6%)           86M (4%)         1754M (86%)          86M (4%)     
[6.981s][info][gc,heap     ] GC(11)      Live:         -                 9M (0%)            9M (0%)            9M (0%)             -                  -          
[6.981s][info][gc,heap     ] GC(11) Allocated:         -                20M (1%)           24M (1%)           25M (1%)             -                  -          
[6.981s][info][gc,heap     ] GC(11)   Garbage:         -              1724M (84%)          82M (4%)           51M (2%)             -                  -          
[6.981s][info][gc,heap     ] GC(11) Reclaimed:         -                  -              1642M (80%)        1673M (82%)            -                  -          
[6.981s][info][gc          ] GC(11) Garbage Collection (Allocation Rate) 1734M(85%)->86M(4%)
[7.541s][info][gc,start    ] GC(12) Garbage Collection (Allocation Rate)
[7.541s][info][gc,task     ] GC(12) Using 12 workers
[7.541s][info][gc,phases   ] GC(12) Pause Mark Start 0.018ms
[7.553s][info][gc,phases   ] GC(12) Concurrent Mark 11.674ms
[7.553s][info][gc,phases   ] GC(12) Pause Mark End 0.017ms
[7.553s][info][gc,phases   ] GC(12) Concurrent Mark Free 0.001ms
[7.554s][info][gc,phases   ] GC(12) Concurrent Process Non-Strong References 0.497ms
[7.554s][info][gc,phases   ] GC(12) Concurrent Reset Relocation Set 0.004ms
[7.556s][info][gc,phases   ] GC(12) Concurrent Select Relocation Set 2.554ms
[7.556s][info][gc,phases   ] GC(12) Pause Relocate Start 0.006ms
[7.559s][info][gc,phases   ] GC(12) Concurrent Relocate 2.548ms
[7.559s][info][gc,load     ] GC(12) Load: 0.00/0.00/0.00
[7.559s][info][gc,mmu      ] GC(12) MMU: 2ms/98.4%, 5ms/99.3%, 10ms/99.6%, 20ms/99.8%, 50ms/99.9%, 100ms/99.9%
[7.559s][info][gc,marking  ] GC(12) Mark: 8 stripe(s), 2 proactive flush(es), 1 terminate flush(es), 0 completion(s), 0 continuation(s) 
[7.559s][info][gc,marking  ] GC(12) Mark Stack Usage: 32M
[7.559s][info][gc,nmethod  ] GC(12) NMethods: 1345 registered, 178 unregistered
[7.559s][info][gc,metaspace] GC(12) Metaspace: 8M used, 8M committed, 1088M reserved
[7.559s][info][gc,ref      ] GC(12) Soft: 174 encountered, 0 discovered, 0 enqueued
[7.559s][info][gc,ref      ] GC(12) Weak: 570 encountered, 180 discovered, 0 enqueued
[7.559s][info][gc,ref      ] GC(12) Final: 0 encountered, 0 discovered, 0 enqueued
[7.559s][info][gc,ref      ] GC(12) Phantom: 21 encountered, 19 discovered, 0 enqueued
[7.559s][info][gc,reloc    ] GC(12) Small Pages: 722 / 1444M, Empty: 1394M, Relocated: 5M, In-Place: 0
[7.559s][info][gc,reloc    ] GC(12) Medium Pages: 2 / 64M, Empty: 32M, Relocated: 0M, In-Place: 0
[7.559s][info][gc,reloc    ] GC(12) Large Pages: 0 / 0M, Empty: 0M, Relocated: 0M, In-Place: 0
[7.559s][info][gc,reloc    ] GC(12) Forwarding Usage: 2M
[7.559s][info][gc,heap     ] GC(12) Min Capacity: 8M(0%)
[7.559s][info][gc,heap     ] GC(12) Max Capacity: 2048M(100%)
[7.559s][info][gc,heap     ] GC(12) Soft Max Capacity: 2048M(100%)
[7.559s][info][gc,heap     ] GC(12)                Mark Start          Mark End        Relocate Start      Relocate End           High               Low         
[7.559s][info][gc,heap     ] GC(12)  Capacity:     2048M (100%)       2048M (100%)       2048M (100%)       2048M (100%)       2048M (100%)       2048M (100%)   
[7.559s][info][gc,heap     ] GC(12)      Free:      540M (26%)         508M (25%)        1930M (94%)        1938M (95%)        1938M (95%)         508M (25%)    
[7.559s][info][gc,heap     ] GC(12)      Used:     1508M (74%)        1540M (75%)         118M (6%)          110M (5%)         1540M (75%)         110M (5%)     
[7.559s][info][gc,heap     ] GC(12)      Live:         -                13M (1%)           13M (1%)           13M (1%)             -                  -          
[7.559s][info][gc,heap     ] GC(12) Allocated:         -                32M (2%)           36M (2%)           43M (2%)             -                  -          
[7.559s][info][gc,heap     ] GC(12)   Garbage:         -              1494M (73%)          68M (3%)           52M (3%)             -                  -          
[7.559s][info][gc,heap     ] GC(12) Reclaimed:         -                  -              1426M (70%)        1441M (70%)            -                  -          
[7.559s][info][gc          ] GC(12) Garbage Collection (Allocation Rate) 1508M(74%)->110M(5%)
[8.155s][info][gc,start    ] GC(13) Garbage Collection (Allocation Rate)
[8.155s][info][gc,task     ] GC(13) Using 3 workers
[8.156s][info][gc,phases   ] GC(13) Pause Mark Start 0.018ms
[8.189s][info][gc,phases   ] GC(13) Concurrent Mark 33.286ms
[8.189s][info][gc,phases   ] GC(13) Pause Mark End 0.019ms
[8.189s][info][gc,phases   ] GC(13) Concurrent Mark Free 0.001ms
[8.191s][info][gc,phases   ] GC(13) Concurrent Process Non-Strong References 1.809ms
[8.191s][info][gc,phases   ] GC(13) Concurrent Reset Relocation Set 0.004ms
[8.199s][info][gc,phases   ] GC(13) Concurrent Select Relocation Set 8.033ms
[8.199s][info][gc,phases   ] GC(13) Pause Relocate Start 0.010ms
[8.208s][info][gc,phases   ] GC(13) Concurrent Relocate 8.721ms
[8.208s][info][gc,load     ] GC(13) Load: 0.00/0.00/0.00
[8.208s][info][gc,mmu      ] GC(13) MMU: 2ms/98.4%, 5ms/99.3%, 10ms/99.6%, 20ms/99.8%, 50ms/99.9%, 100ms/99.9%
[8.208s][info][gc,marking  ] GC(13) Mark: 2 stripe(s), 3 proactive flush(es), 1 terminate flush(es), 0 completion(s), 0 continuation(s) 
[8.208s][info][gc,marking  ] GC(13) Mark Stack Usage: 32M
[8.208s][info][gc,nmethod  ] GC(13) NMethods: 1345 registered, 178 unregistered
[8.208s][info][gc,metaspace] GC(13) Metaspace: 8M used, 8M committed, 1088M reserved
[8.208s][info][gc,ref      ] GC(13) Soft: 174 encountered, 0 discovered, 0 enqueued
[8.208s][info][gc,ref      ] GC(13) Weak: 570 encountered, 312 discovered, 0 enqueued
[8.208s][info][gc,ref      ] GC(13) Final: 0 encountered, 0 discovered, 0 enqueued
[8.208s][info][gc,ref      ] GC(13) Phantom: 21 encountered, 15 discovered, 0 enqueued
[8.209s][info][gc,reloc    ] GC(13) Small Pages: 743 / 1486M, Empty: 1428M, Relocated: 8M, In-Place: 0
[8.209s][info][gc,reloc    ] GC(13) Medium Pages: 2 / 64M, Empty: 0M, Relocated: 1M, In-Place: 0
[8.209s][info][gc,reloc    ] GC(13) Large Pages: 0 / 0M, Empty: 0M, Relocated: 0M, In-Place: 0
[8.209s][info][gc,reloc    ] GC(13) Forwarding Usage: 3M
[8.209s][info][gc,heap     ] GC(13) Min Capacity: 8M(0%)
[8.209s][info][gc,heap     ] GC(13) Max Capacity: 2048M(100%)
[8.209s][info][gc,heap     ] GC(13) Soft Max Capacity: 2048M(100%)
[8.209s][info][gc,heap     ] GC(13)                Mark Start          Mark End        Relocate Start      Relocate End           High               Low         
[8.209s][info][gc,heap     ] GC(13)  Capacity:     2048M (100%)       2048M (100%)       2048M (100%)       2048M (100%)       2048M (100%)       2048M (100%)   
[8.209s][info][gc,heap     ] GC(13)      Free:      498M (24%)         452M (22%)        1866M (91%)        1930M (94%)        1932M (94%)         448M (22%)    
[8.209s][info][gc,heap     ] GC(13)      Used:     1550M (76%)        1596M (78%)         182M (9%)          118M (6%)         1600M (78%)         116M (6%)     
[8.209s][info][gc,heap     ] GC(13)      Live:         -                17M (1%)           17M (1%)           17M (1%)             -                  -          
[8.209s][info][gc,heap     ] GC(13) Allocated:         -                46M (2%)           60M (3%)           65M (3%)             -                  -          
[8.209s][info][gc,heap     ] GC(13)   Garbage:         -              1532M (75%)         104M (5%)           34M (2%)             -                  -          
[8.209s][info][gc,heap     ] GC(13) Reclaimed:         -                  -              1428M (70%)        1497M (73%)            -                  -          
[8.209s][info][gc          ] GC(13) Garbage Collection (Allocation Rate) 1550M(76%)->118M(6%)
[8.841s][info][gc,start    ] GC(14) Garbage Collection (Allocation Rate)
[8.841s][info][gc,task     ] GC(14) Using 2 workers
[8.841s][info][gc,phases   ] GC(14) Pause Mark Start 0.021ms
[8.896s][info][gc,phases   ] GC(14) Concurrent Mark 54.478ms
[8.896s][info][gc,phases   ] GC(14) Pause Mark End 0.021ms
[8.896s][info][gc,phases   ] GC(14) Concurrent Mark Free 0.001ms
[8.899s][info][gc,phases   ] GC(14) Concurrent Process Non-Strong References 2.715ms
[8.899s][info][gc,phases   ] GC(14) Concurrent Reset Relocation Set 0.006ms
[8.903s][info][gc,phases   ] GC(14) Concurrent Select Relocation Set 4.365ms
[8.903s][info][gc,phases   ] GC(14) Pause Relocate Start 0.008ms
[8.911s][info][gc,phases   ] GC(14) Concurrent Relocate 7.137ms
[8.911s][info][gc,load     ] GC(14) Load: 0.00/0.00/0.00
[8.911s][info][gc,mmu      ] GC(14) MMU: 2ms/98.4%, 5ms/99.3%, 10ms/99.6%, 20ms/99.8%, 50ms/99.9%, 100ms/99.9%
[8.911s][info][gc,marking  ] GC(14) Mark: 2 stripe(s), 2 proactive flush(es), 1 terminate flush(es), 0 completion(s), 0 continuation(s) 
[8.911s][info][gc,marking  ] GC(14) Mark Stack Usage: 32M
[8.911s][info][gc,nmethod  ] GC(14) NMethods: 1345 registered, 178 unregistered
[8.911s][info][gc,metaspace] GC(14) Metaspace: 8M used, 8M committed, 1088M reserved
[8.911s][info][gc,ref      ] GC(14) Soft: 174 encountered, 0 discovered, 0 enqueued
[8.911s][info][gc,ref      ] GC(14) Weak: 570 encountered, 424 discovered, 0 enqueued
[8.911s][info][gc,ref      ] GC(14) Final: 0 encountered, 0 discovered, 0 enqueued
[8.911s][info][gc,ref      ] GC(14) Phantom: 21 encountered, 19 discovered, 0 enqueued
[8.911s][info][gc,reloc    ] GC(14) Small Pages: 772 / 1544M, Empty: 1490M, Relocated: 5M, In-Place: 0
[8.911s][info][gc,reloc    ] GC(14) Medium Pages: 2 / 64M, Empty: 0M, Relocated: 1M, In-Place: 0
[8.911s][info][gc,reloc    ] GC(14) Large Pages: 0 / 0M, Empty: 0M, Relocated: 0M, In-Place: 0
[8.911s][info][gc,reloc    ] GC(14) Forwarding Usage: 2M
[8.911s][info][gc,heap     ] GC(14) Min Capacity: 8M(0%)
[8.911s][info][gc,heap     ] GC(14) Max Capacity: 2048M(100%)
[8.911s][info][gc,heap     ] GC(14) Soft Max Capacity: 2048M(100%)
[8.911s][info][gc,heap     ] GC(14)                Mark Start          Mark End        Relocate Start      Relocate End           High               Low         
[8.911s][info][gc,heap     ] GC(14)  Capacity:     2048M (100%)       2048M (100%)       2048M (100%)       2048M (100%)       2048M (100%)       2048M (100%)   
[8.911s][info][gc,heap     ] GC(14)      Free:      440M (21%)         386M (19%)        1864M (91%)        1906M (93%)        1914M (93%)         382M (19%)    
[8.911s][info][gc,heap     ] GC(14)      Used:     1608M (79%)        1662M (81%)         184M (9%)          142M (7%)         1666M (81%)         134M (7%)     
[8.911s][info][gc,heap     ] GC(14)      Live:         -                21M (1%)           21M (1%)           21M (1%)             -                  -          
[8.911s][info][gc,heap     ] GC(14) Allocated:         -                54M (3%)           66M (3%)           83M (4%)             -                  -          
[8.911s][info][gc,heap     ] GC(14)   Garbage:         -              1586M (77%)          96M (5%)           36M (2%)             -                  -          
[8.911s][info][gc,heap     ] GC(14) Reclaimed:         -                  -              1490M (73%)        1549M (76%)            -                  -          
[8.911s][info][gc          ] GC(14) Garbage Collection (Allocation Rate) 1608M(79%)->142M(7%)
[9.441s][info][gc,start    ] GC(15) Garbage Collection (Allocation Rate)
[9.441s][info][gc,task     ] GC(15) Using 1 workers
[9.441s][info][gc,phases   ] GC(15) Pause Mark Start 0.017ms
[9.527s][info][gc,phases   ] GC(15) Concurrent Mark 85.351ms
[9.527s][info][gc,phases   ] GC(15) Pause Mark End 0.018ms
[9.527s][info][gc,phases   ] GC(15) Concurrent Mark Free 0.001ms
[9.532s][info][gc,phases   ] GC(15) Concurrent Process Non-Strong References 4.817ms
[9.532s][info][gc,phases   ] GC(15) Concurrent Reset Relocation Set 0.005ms
[9.536s][info][gc,phases   ] GC(15) Concurrent Select Relocation Set 4.209ms
[9.536s][info][gc,phases   ] GC(15) Pause Relocate Start 0.007ms
[9.548s][info][gc,phases   ] GC(15) Concurrent Relocate 11.371ms
[9.548s][info][gc,load     ] GC(15) Load: 0.00/0.00/0.00
[9.548s][info][gc,mmu      ] GC(15) MMU: 2ms/98.4%, 5ms/99.3%, 10ms/99.6%, 20ms/99.8%, 50ms/99.9%, 100ms/99.9%
[9.548s][info][gc,marking  ] GC(15) Mark: 1 stripe(s), 2 proactive flush(es), 1 terminate flush(es), 0 completion(s), 0 continuation(s) 
[9.548s][info][gc,marking  ] GC(15) Mark Stack Usage: 32M
[9.548s][info][gc,nmethod  ] GC(15) NMethods: 1345 registered, 178 unregistered
[9.548s][info][gc,metaspace] GC(15) Metaspace: 8M used, 8M committed, 1088M reserved
[9.548s][info][gc,ref      ] GC(15) Soft: 174 encountered, 0 discovered, 0 enqueued
[9.548s][info][gc,ref      ] GC(15) Weak: 570 encountered, 382 discovered, 0 enqueued
[9.548s][info][gc,ref      ] GC(15) Final: 0 encountered, 0 discovered, 0 enqueued
[9.548s][info][gc,ref      ] GC(15) Phantom: 21 encountered, 10 discovered, 0 enqueued
[9.548s][info][gc,reloc    ] GC(15) Small Pages: 698 / 1396M, Empty: 1340M, Relocated: 3M, In-Place: 0
[9.548s][info][gc,reloc    ] GC(15) Medium Pages: 2 / 64M, Empty: 0M, Relocated: 2M, In-Place: 0
[9.548s][info][gc,reloc    ] GC(15) Large Pages: 0 / 0M, Empty: 0M, Relocated: 0M, In-Place: 0
[9.548s][info][gc,reloc    ] GC(15) Forwarding Usage: 1M
[9.548s][info][gc,heap     ] GC(15) Min Capacity: 8M(0%)
[9.548s][info][gc,heap     ] GC(15) Max Capacity: 2048M(100%)
[9.548s][info][gc,heap     ] GC(15) Soft Max Capacity: 2048M(100%)
[9.548s][info][gc,heap     ] GC(15)                Mark Start          Mark End        Relocate Start      Relocate End           High               Low         
[9.548s][info][gc,heap     ] GC(15)  Capacity:     2048M (100%)       2048M (100%)       2048M (100%)       2048M (100%)       2048M (100%)       2048M (100%)   
[9.548s][info][gc,heap     ] GC(15)      Free:      588M (29%)         454M (22%)        1778M (87%)        1812M (88%)        1816M (89%)         444M (22%)    
[9.548s][info][gc,heap     ] GC(15)      Used:     1460M (71%)        1594M (78%)         270M (13%)         236M (12%)        1604M (78%)         232M (11%)    
[9.548s][info][gc,heap     ] GC(15)      Live:         -                25M (1%)           25M (1%)           25M (1%)             -                  -          
[9.548s][info][gc,heap     ] GC(15) Allocated:         -               134M (7%)          150M (7%)          171M (8%)             -                  -          
[9.548s][info][gc,heap     ] GC(15)   Garbage:         -              1434M (70%)          94M (5%)           38M (2%)             -                  -          
[9.549s][info][gc,heap     ] GC(15) Reclaimed:         -                  -              1340M (65%)        1395M (68%)            -                  -          
[9.549s][info][gc          ] GC(15) Garbage Collection (Allocation Rate) 1460M(71%)->236M(12%)
[10.141s][info][gc,start    ] GC(16) Garbage Collection (Allocation Rate)
[10.141s][info][gc,stats    ] === Garbage Collection Statistics =======================================================================================================================
[10.142s][info][gc,task     ] GC(16) Using 1 workers
[10.142s][info][gc,stats    ]                                                              Last 10s              Last 10m              Last 10h                Total
[10.142s][info][gc,stats    ]                                                              Avg / Max             Avg / Max             Avg / Max             Avg / Max
[10.142s][info][gc,stats    ]   Collector: Garbage Collection Cycle                     54.534 / 106.756      54.534 / 106.756      54.534 / 106.756      54.534 / 106.756     ms
[10.142s][info][gc,stats    ]  Contention: Mark Segment Reset Contention                     2 / 17                2 / 17                2 / 17                2 / 17          ops/s
[10.142s][info][gc,phases   ] GC(16) Pause Mark Start 0.018ms
[10.142s][info][gc,stats    ]  Contention: Mark SeqNum Reset Contention                      0 / 1                 0 / 1                 0 / 1                 0 / 1           ops/s
[10.142s][info][gc,stats    ]    Critical: Allocation Stall                                  0 / 0                 0 / 0                 0 / 0                 0 / 0           ops/s
[10.142s][info][gc,stats    ]    Critical: Allocation Stall                              0.000 / 0.000         0.000 / 0.000         0.000 / 0.000         0.000 / 0.000       ms
[10.142s][info][gc,stats    ]    Critical: GC Locker Stall                                   0 / 0                 0 / 0                 0 / 0                 0 / 0           ops/s
[10.142s][info][gc,stats    ]    Critical: GC Locker Stall                               0.000 / 0.000         0.000 / 0.000         0.000 / 0.000         0.000 / 0.000       ms
[10.142s][info][gc,stats    ]    Critical: Relocation Stall                                  0 / 0                 0 / 0                 0 / 0                 0 / 0           ops/s
[10.142s][info][gc,stats    ]    Critical: Relocation Stall                              0.000 / 0.000         0.000 / 0.000         0.000 / 0.000         0.000 / 0.000       ms
[10.142s][info][gc,stats    ]      Memory: Allocation Rate                                1782 / 2496           1782 / 2496           1782 / 2496           1782 / 2496        MB/s
[10.142s][info][gc,stats    ]      Memory: Defragment                                        0 / 0                 0 / 0                 0 / 0                 0 / 0           ops/s
[10.142s][info][gc,stats    ]      Memory: Out Of Memory                                     0 / 0                 0 / 0                 0 / 0                 0 / 0           ops/s
[10.142s][info][gc,stats    ]      Memory: Page Cache Flush                                  0 / 0                 0 / 0                 0 / 0                 0 / 0           MB/s
[10.142s][info][gc,stats    ]      Memory: Page Cache Hit L1                               796 / 1245            796 / 1245            796 / 1245            796 / 1245        ops/s
[10.142s][info][gc,stats    ]      Memory: Page Cache Hit L2                                 0 / 0                 0 / 0                 0 / 0                 0 / 0           ops/s
[10.142s][info][gc,stats    ]      Memory: Page Cache Hit L3                                86 / 355              86 / 355              86 / 355              86 / 355         ops/s
[10.142s][info][gc,stats    ]      Memory: Page Cache Miss                                   0 / 1                 0 / 1                 0 / 1                 0 / 1           ops/s
[10.142s][info][gc,stats    ]      Memory: Uncommit                                          0 / 0                 0 / 0                 0 / 0                 0 / 0           MB/s
[10.143s][info][gc,stats    ]      Memory: Undo Object Allocation Failed                     0 / 0                 0 / 0                 0 / 0                 0 / 0           ops/s
[10.143s][info][gc,stats    ]      Memory: Undo Object Allocation Succeeded                  0 / 1                 0 / 1                 0 / 1                 0 / 1           ops/s
[10.143s][info][gc,stats    ]      Memory: Undo Page Allocation                              0 / 0                 0 / 0                 0 / 0                 0 / 0           ops/s
[10.143s][info][gc,stats    ]       Phase: Concurrent Mark                              37.154 / 85.351       37.154 / 85.351       37.154 / 85.351       37.154 / 85.351      ms
[10.143s][info][gc,stats    ]       Phase: Concurrent Mark Continue                      0.000 / 0.000         0.000 / 0.000         0.000 / 0.000         0.000 / 0.000       ms
[10.143s][info][gc,stats    ]       Phase: Concurrent Mark Free                          0.001 / 0.001         0.001 / 0.001         0.001 / 0.001         0.001 / 0.001       ms
[10.143s][info][gc,stats    ]       Phase: Concurrent Process Non-Strong References      2.325 / 4.963         2.325 / 4.963         2.325 / 4.963         2.325 / 4.963       ms
[10.143s][info][gc,stats    ]       Phase: Concurrent Relocate                           8.030 / 19.527        8.030 / 19.527        8.030 / 19.527        8.030 / 19.527      ms
[10.143s][info][gc,stats    ]       Phase: Concurrent Reset Relocation Set               0.003 / 0.006         0.003 / 0.006         0.003 / 0.006         0.003 / 0.006       ms
[10.143s][info][gc,stats    ]       Phase: Concurrent Select Relocation Set              6.006 / 14.777        6.006 / 14.777        6.006 / 14.777        6.006 / 14.777      ms
[10.143s][info][gc,stats    ]       Phase: Pause Mark End                                0.020 / 0.033         0.020 / 0.033         0.020 / 0.033         0.020 / 0.033       ms
[10.143s][info][gc,stats    ]       Phase: Pause Mark Start                              0.017 / 0.021         0.017 / 0.021         0.017 / 0.021         0.017 / 0.021       ms
[10.143s][info][gc,stats    ]       Phase: Pause Relocate Start                          0.008 / 0.010         0.008 / 0.010         0.008 / 0.010         0.008 / 0.010       ms
[10.143s][info][gc,stats    ]    Subphase: Concurrent Classes Purge                      0.072 / 0.387         0.072 / 0.387         0.072 / 0.387         0.072 / 0.387       ms
[10.143s][info][gc,stats    ]    Subphase: Concurrent Classes Unlink                     1.755 / 3.943         1.755 / 3.943         1.755 / 3.943         1.755 / 3.943       ms
[10.143s][info][gc,stats    ]    Subphase: Concurrent Mark                              15.144 / 83.802       15.144 / 83.802       15.144 / 83.802       15.144 / 83.802      ms
[10.143s][info][gc,stats    ]    Subphase: Concurrent Mark Try Flush                     0.041 / 0.084         0.041 / 0.084         0.041 / 0.084         0.041 / 0.084       ms
[10.143s][info][gc,stats    ]    Subphase: Concurrent Mark Try Terminate                 1.877 / 9.524         1.877 / 9.524         1.877 / 9.524         1.877 / 9.524       ms
[10.143s][info][gc,stats    ]    Subphase: Concurrent References Enqueue                 0.001 / 0.004         0.001 / 0.004         0.001 / 0.004         0.001 / 0.004       ms
[10.143s][info][gc,stats    ]    Subphase: Concurrent References Process                 0.055 / 0.095         0.055 / 0.095         0.055 / 0.095         0.055 / 0.095       ms
[10.143s][info][gc,stats    ]    Subphase: Concurrent Roots ClassLoaderDataGraph         0.087 / 0.612         0.087 / 0.612         0.087 / 0.612         0.087 / 0.612       ms
[10.143s][info][gc,stats    ]    Subphase: Concurrent Roots CodeCache                    0.000 / 0.000         0.000 / 0.000         0.000 / 0.000         0.000 / 0.000       ms
[10.143s][info][gc,stats    ]    Subphase: Concurrent Roots JavaThreads                  0.288 / 1.382         0.288 / 1.382         0.288 / 1.382         0.288 / 1.382       ms
[10.143s][info][gc,stats    ]    Subphase: Concurrent Roots OopStorageSet                0.028 / 0.217         0.028 / 0.217         0.028 / 0.217         0.028 / 0.217       ms
[10.144s][info][gc,stats    ]    Subphase: Concurrent Weak Roots OopStorageSet           0.145 / 1.059         0.145 / 1.059         0.145 / 1.059         0.145 / 1.059       ms
[10.144s][info][gc,stats    ]    Subphase: Pause Mark Try Complete                       0.000 / 0.000         0.000 / 0.000         0.000 / 0.000         0.000 / 0.000       ms
[10.144s][info][gc,stats    ]      System: Java Threads                                     20 / 24               20 / 24               20 / 24               20 / 24          threads
[10.144s][info][gc,stats    ] =========================================================================================================================================================
[10.256s][info][gc,phases   ] GC(16) Concurrent Mark 114.416ms
[10.257s][info][gc,phases   ] GC(16) Pause Mark End 0.020ms
[10.257s][info][gc,phases   ] GC(16) Concurrent Mark Free 0.002ms
[10.262s][info][gc,phases   ] GC(16) Concurrent Process Non-Strong References 4.832ms
[10.262s][info][gc,phases   ] GC(16) Concurrent Reset Relocation Set 0.004ms
[10.266s][info][gc,phases   ] GC(16) Concurrent Select Relocation Set 3.874ms
[10.266s][info][gc,phases   ] GC(16) Pause Relocate Start 0.006ms
[10.275s][info][gc,phases   ] GC(16) Concurrent Relocate 9.650ms
[10.276s][info][gc,load     ] GC(16) Load: 0.00/0.00/0.00
[10.276s][info][gc,mmu      ] GC(16) MMU: 2ms/98.4%, 5ms/99.3%, 10ms/99.6%, 20ms/99.8%, 50ms/99.9%, 100ms/99.9%
[10.276s][info][gc,marking  ] GC(16) Mark: 1 stripe(s), 2 proactive flush(es), 1 terminate flush(es), 0 completion(s), 0 continuation(s) 
[10.276s][info][gc,marking  ] GC(16) Mark Stack Usage: 32M
[10.276s][info][gc,nmethod  ] GC(16) NMethods: 1346 registered, 178 unregistered
[10.276s][info][gc,metaspace] GC(16) Metaspace: 8M used, 8M committed, 1088M reserved
[10.276s][info][gc,ref      ] GC(16) Soft: 174 encountered, 0 discovered, 0 enqueued
[10.276s][info][gc,ref      ] GC(16) Weak: 570 encountered, 424 discovered, 0 enqueued
[10.276s][info][gc,ref      ] GC(16) Final: 0 encountered, 0 discovered, 0 enqueued
[10.276s][info][gc,ref      ] GC(16) Phantom: 21 encountered, 15 discovered, 0 enqueued
[10.276s][info][gc,reloc    ] GC(16) Small Pages: 613 / 1226M, Empty: 1174M, Relocated: 3M, In-Place: 0
[10.276s][info][gc,reloc    ] GC(16) Medium Pages: 2 / 64M, Empty: 0M, Relocated: 3M, In-Place: 0
[10.276s][info][gc,reloc    ] GC(16) Large Pages: 0 / 0M, Empty: 0M, Relocated: 0M, In-Place: 0
[10.276s][info][gc,reloc    ] GC(16) Forwarding Usage: 1M
[10.276s][info][gc,heap     ] GC(16) Min Capacity: 8M(0%)
[10.276s][info][gc,heap     ] GC(16) Max Capacity: 2048M(100%)
[10.276s][info][gc,heap     ] GC(16) Soft Max Capacity: 2048M(100%)
[10.276s][info][gc,heap     ] GC(16)                Mark Start          Mark End        Relocate Start      Relocate End           High               Low         
[10.276s][info][gc,heap     ] GC(16)  Capacity:     2048M (100%)       2048M (100%)       2048M (100%)       2048M (100%)       2048M (100%)       2048M (100%)   
[10.276s][info][gc,heap     ] GC(16)      Free:      758M (37%)         714M (35%)        1886M (92%)        1924M (94%)        1924M (94%)         712M (35%)    
[10.276s][info][gc,heap     ] GC(16)      Used:     1290M (63%)        1334M (65%)         162M (8%)          124M (6%)         1336M (65%)         124M (6%)     
[10.276s][info][gc,heap     ] GC(16)      Live:         -                41M (2%)           41M (2%)           41M (2%)             -                  -          
[10.276s][info][gc,heap     ] GC(16) Allocated:         -                44M (2%)           46M (2%)           45M (2%)             -                  -          
[10.276s][info][gc,heap     ] GC(16)   Garbage:         -              1248M (61%)          74M (4%)           36M (2%)             -                  -          
[10.276s][info][gc,heap     ] GC(16) Reclaimed:         -                  -              1174M (57%)        1211M (59%)            -                  -          
[10.276s][info][gc          ] GC(16) Garbage Collection (Allocation Rate) 1290M(63%)->124M(6%)
[10.456s][info][gc,start    ] GC(17) Garbage Collection (Allocation Rate)
[10.456s][info][gc,task     ] GC(17) Using 6 workers
[10.456s][info][gc,phases   ] GC(17) Pause Mark Start 0.016ms
[10.487s][info][gc,phases   ] GC(17) Concurrent Mark 30.415ms
[10.487s][info][gc,phases   ] GC(17) Pause Mark End 0.019ms
[10.487s][info][gc,phases   ] GC(17) Concurrent Mark Free 0.001ms
[10.488s][info][gc,phases   ] GC(17) Concurrent Process Non-Strong References 0.898ms
[10.488s][info][gc,phases   ] GC(17) Concurrent Reset Relocation Set 0.002ms
[10.494s][info][gc,phases   ] GC(17) Concurrent Select Relocation Set 5.973ms
[10.494s][info][gc,phases   ] GC(17) Pause Relocate Start 0.007ms
[10.498s][info][gc,phases   ] GC(17) Concurrent Relocate 3.402ms
[10.498s][info][gc,load     ] GC(17) Load: 0.00/0.00/0.00
[10.498s][info][gc,mmu      ] GC(17) MMU: 2ms/98.4%, 5ms/99.3%, 10ms/99.6%, 20ms/99.8%, 50ms/99.9%, 100ms/99.9%
[10.498s][info][gc,marking  ] GC(17) Mark: 4 stripe(s), 3 proactive flush(es), 1 terminate flush(es), 0 completion(s), 0 continuation(s) 
[10.498s][info][gc,marking  ] GC(17) Mark Stack Usage: 32M
[10.498s][info][gc,nmethod  ] GC(17) NMethods: 1347 registered, 181 unregistered
[10.498s][info][gc,metaspace] GC(17) Metaspace: 8M used, 8M committed, 1088M reserved
[10.498s][info][gc,ref      ] GC(17) Soft: 174 encountered, 0 discovered, 0 enqueued
[10.498s][info][gc,ref      ] GC(17) Weak: 570 encountered, 77 discovered, 0 enqueued
[10.498s][info][gc,ref      ] GC(17) Final: 0 encountered, 0 discovered, 0 enqueued
[10.498s][info][gc,ref      ] GC(17) Phantom: 21 encountered, 15 discovered, 0 enqueued
[10.498s][info][gc,reloc    ] GC(17) Small Pages: 45 / 90M, Empty: 50M, Relocated: 4M, In-Place: 0
[10.498s][info][gc,reloc    ] GC(17) Medium Pages: 2 / 64M, Empty: 32M, Relocated: 0M, In-Place: 0
[10.498s][info][gc,reloc    ] GC(17) Large Pages: 0 / 0M, Empty: 0M, Relocated: 0M, In-Place: 0
[10.498s][info][gc,reloc    ] GC(17) Forwarding Usage: 2M
[10.498s][info][gc,heap     ] GC(17) Min Capacity: 8M(0%)
[10.498s][info][gc,heap     ] GC(17) Max Capacity: 2048M(100%)
[10.498s][info][gc,heap     ] GC(17) Soft Max Capacity: 2048M(100%)
[10.498s][info][gc,heap     ] GC(17)                Mark Start          Mark End        Relocate Start      Relocate End           High               Low         
[10.498s][info][gc,heap     ] GC(17)  Capacity:     2048M (100%)       2048M (100%)       2048M (100%)       2048M (100%)       2048M (100%)       2048M (100%)   
[10.498s][info][gc,heap     ] GC(17)      Free:     1894M (92%)        1878M (92%)        1958M (96%)        1956M (96%)        1958M (96%)        1876M (92%)    
[10.498s][info][gc,heap     ] GC(17)      Used:      154M (8%)          170M (8%)           90M (4%)           92M (4%)          172M (8%)           90M (4%)     
[10.498s][info][gc,heap     ] GC(17)      Live:         -                30M (2%)           30M (2%)           30M (2%)             -                  -          
[10.498s][info][gc,heap     ] GC(17) Allocated:         -                16M (1%)           18M (1%)           19M (1%)             -                  -          
[10.498s][info][gc,heap     ] GC(17)   Garbage:         -               123M (6%)           41M (2%)           41M (2%)             -                  -          
[10.498s][info][gc,heap     ] GC(17) Reclaimed:         -                  -                82M (4%)           81M (4%)             -                  -          
[10.498s][info][gc          ] GC(17) Garbage Collection (Allocation Rate) 154M(8%)->92M(4%)
[10.499s][info][gc,start    ] GC(18) Garbage Collection (System.gc())
[10.499s][info][gc,task     ] GC(18) Using 12 workers
[10.499s][info][gc,phases   ] GC(18) Pause Mark Start 0.011ms
[10.504s][info][gc,phases   ] GC(18) Concurrent Mark 4.911ms
[10.504s][info][gc,phases   ] GC(18) Pause Mark End 0.017ms
[10.504s][info][gc,phases   ] GC(18) Concurrent Mark Free 0.001ms
[10.504s][info][gc,phases   ] GC(18) Concurrent Process Non-Strong References 0.486ms
[10.504s][info][gc,phases   ] GC(18) Concurrent Reset Relocation Set 0.001ms
[10.508s][info][gc,phases   ] GC(18) Concurrent Select Relocation Set 3.567ms
[10.508s][info][gc,phases   ] GC(18) Pause Relocate Start 0.006ms
[10.510s][info][gc,phases   ] GC(18) Concurrent Relocate 1.310ms
[10.510s][info][gc,load     ] GC(18) Load: 0.00/0.00/0.00
[10.510s][info][gc,mmu      ] GC(18) MMU: 2ms/98.4%, 5ms/99.3%, 10ms/99.6%, 20ms/99.7%, 50ms/99.9%, 100ms/99.9%
[10.510s][info][gc,marking  ] GC(18) Mark: 8 stripe(s), 2 proactive flush(es), 1 terminate flush(es), 0 completion(s), 0 continuation(s) 
[10.510s][info][gc,marking  ] GC(18) Mark Stack Usage: 32M
[10.510s][info][gc,nmethod  ] GC(18) NMethods: 1346 registered, 183 unregistered
[10.510s][info][gc,metaspace] GC(18) Metaspace: 8M used, 8M committed, 1088M reserved
[10.510s][info][gc,ref      ] GC(18) Soft: 174 encountered, 0 discovered, 0 enqueued
[10.510s][info][gc,ref      ] GC(18) Weak: 570 encountered, 15 discovered, 0 enqueued
[10.510s][info][gc,ref      ] GC(18) Final: 0 encountered, 0 discovered, 0 enqueued
[10.510s][info][gc,ref      ] GC(18) Phantom: 21 encountered, 14 discovered, 0 enqueued
[10.510s][info][gc,reloc    ] GC(18) Small Pages: 30 / 60M, Empty: 48M, Relocated: 0M, In-Place: 0
[10.510s][info][gc,reloc    ] GC(18) Medium Pages: 1 / 32M, Empty: 32M, Relocated: 0M, In-Place: 0
[10.510s][info][gc,reloc    ] GC(18) Large Pages: 0 / 0M, Empty: 0M, Relocated: 0M, In-Place: 0
[10.510s][info][gc,reloc    ] GC(18) Forwarding Usage: 0M
[10.510s][info][gc,heap     ] GC(18) Min Capacity: 8M(0%)
[10.510s][info][gc,heap     ] GC(18) Max Capacity: 2048M(100%)
[10.510s][info][gc,heap     ] GC(18) Soft Max Capacity: 2048M(100%)
[10.510s][info][gc,heap     ] GC(18)                Mark Start          Mark End        Relocate Start      Relocate End           High               Low         
[10.510s][info][gc,heap     ] GC(18)  Capacity:     2048M (100%)       2048M (100%)       2048M (100%)       2048M (100%)       2048M (100%)       2048M (100%)   
[10.510s][info][gc,heap     ] GC(18)      Free:     1956M (96%)        1956M (96%)        2036M (99%)        2036M (99%)        2036M (99%)        1956M (96%)    
[10.510s][info][gc,heap     ] GC(18)      Used:       92M (4%)           92M (4%)           12M (1%)           12M (1%)           92M (4%)           12M (1%)     
[10.510s][info][gc,heap     ] GC(18)      Live:         -                 4M (0%)            4M (0%)            4M (0%)             -                  -          
[10.510s][info][gc,heap     ] GC(18) Allocated:         -                 0M (0%)            0M (0%)            0M (0%)             -                  -          
[10.510s][info][gc,heap     ] GC(18)   Garbage:         -                87M (4%)            7M (0%)            7M (0%)             -                  -          
[10.510s][info][gc,heap     ] GC(18) Reclaimed:         -                  -                80M (4%)           80M (4%)             -                  -          
[10.510s][info][gc          ] GC(18) Garbage Collection (System.gc()) 92M(4%)->12M(1%)
[11.141s][info][gc,start    ] GC(19) Garbage Collection (Allocation Rate)
[11.141s][info][gc,task     ] GC(19) Using 2 workers
[11.141s][info][gc,phases   ] GC(19) Pause Mark Start 0.018ms
[11.159s][info][gc,phases   ] GC(19) Concurrent Mark 17.455ms
[11.159s][info][gc,phases   ] GC(19) Pause Mark End 0.021ms
[11.159s][info][gc,phases   ] GC(19) Concurrent Mark Free 0.002ms
[11.162s][info][gc,phases   ] GC(19) Concurrent Process Non-Strong References 2.564ms
[11.162s][info][gc,phases   ] GC(19) Concurrent Reset Relocation Set 0.001ms
[11.168s][info][gc,phases   ] GC(19) Concurrent Select Relocation Set 5.630ms
[11.168s][info][gc,phases   ] GC(19) Pause Relocate Start 0.009ms
[11.174s][info][gc,phases   ] GC(19) Concurrent Relocate 6.473ms
[11.174s][info][gc,load     ] GC(19) Load: 0.00/0.00/0.00
[11.174s][info][gc,mmu      ] GC(19) MMU: 2ms/98.4%, 5ms/99.3%, 10ms/99.6%, 20ms/99.7%, 50ms/99.9%, 100ms/99.9%
[11.174s][info][gc,marking  ] GC(19) Mark: 2 stripe(s), 2 proactive flush(es), 1 terminate flush(es), 0 completion(s), 0 continuation(s) 
[11.174s][info][gc,marking  ] GC(19) Mark Stack Usage: 32M
[11.174s][info][gc,nmethod  ] GC(19) NMethods: 1348 registered, 185 unregistered
[11.174s][info][gc,metaspace] GC(19) Metaspace: 8M used, 8M committed, 1088M reserved
[11.174s][info][gc,ref      ] GC(19) Soft: 174 encountered, 0 discovered, 0 enqueued
[11.175s][info][gc,ref      ] GC(19) Weak: 570 encountered, 248 discovered, 0 enqueued
[11.175s][info][gc,ref      ] GC(19) Final: 0 encountered, 0 discovered, 0 enqueued
[11.175s][info][gc,ref      ] GC(19) Phantom: 21 encountered, 10 discovered, 0 enqueued
[11.175s][info][gc,reloc    ] GC(19) Small Pages: 758 / 1516M, Empty: 1474M, Relocated: 4M, In-Place: 0
[11.175s][info][gc,reloc    ] GC(19) Medium Pages: 1 / 32M, Empty: 0M, Relocated: 0M, In-Place: 0
[11.175s][info][gc,reloc    ] GC(19) Large Pages: 0 / 0M, Empty: 0M, Relocated: 0M, In-Place: 0
[11.175s][info][gc,reloc    ] GC(19) Forwarding Usage: 2M
[11.175s][info][gc,heap     ] GC(19) Min Capacity: 8M(0%)
[11.175s][info][gc,heap     ] GC(19) Max Capacity: 2048M(100%)
[11.175s][info][gc,heap     ] GC(19) Soft Max Capacity: 2048M(100%)
[11.175s][info][gc,heap     ] GC(19)                Mark Start          Mark End        Relocate Start      Relocate End           High               Low         
[11.175s][info][gc,heap     ] GC(19)  Capacity:     2048M (100%)       2048M (100%)       2048M (100%)       2048M (100%)       2048M (100%)       2048M (100%)   
[11.175s][info][gc,heap     ] GC(19)      Free:      500M (24%)         488M (24%)        1954M (95%)        1970M (96%)        1978M (97%)         486M (24%)    
[11.175s][info][gc,heap     ] GC(19)      Used:     1548M (76%)        1560M (76%)          94M (5%)           78M (4%)         1562M (76%)          70M (3%)     
[11.175s][info][gc,heap     ] GC(19)      Live:         -                 8M (0%)            8M (0%)            8M (0%)             -                  -          
[11.175s][info][gc,heap     ] GC(19) Allocated:         -                12M (1%)           20M (1%)           33M (2%)             -                  -          
[11.175s][info][gc,heap     ] GC(19)   Garbage:         -              1539M (75%)          65M (3%)           35M (2%)             -                  -          
[11.175s][info][gc,heap     ] GC(19) Reclaimed:         -                  -              1474M (72%)        1503M (73%)            -                  -          
[11.175s][info][gc          ] GC(19) Garbage Collection (Allocation Rate) 1548M(76%)->78M(4%)
[11.342s][info][gc,start    ] GC(20) Garbage Collection (Allocation Rate)
[11.342s][info][gc,task     ] GC(20) Using 6 workers
[11.342s][info][gc,phases   ] GC(20) Pause Mark Start 0.018ms
[11.356s][info][gc,phases   ] GC(20) Concurrent Mark 13.620ms
[11.356s][info][gc,phases   ] GC(20) Pause Mark End 0.021ms
[11.356s][info][gc,phases   ] GC(20) Concurrent Mark Free 0.001ms
[11.357s][info][gc,phases   ] GC(20) Concurrent Process Non-Strong References 0.938ms
[11.357s][info][gc,phases   ] GC(20) Concurrent Reset Relocation Set 0.005ms
[11.361s][info][gc,phases   ] GC(20) Concurrent Select Relocation Set 3.992ms
[11.361s][info][gc,phases   ] GC(20) Pause Relocate Start 0.009ms
[11.363s][info][gc,phases   ] GC(20) Concurrent Relocate 1.644ms
[11.363s][info][gc,load     ] GC(20) Load: 0.00/0.00/0.00
[11.363s][info][gc,mmu      ] GC(20) MMU: 2ms/98.4%, 5ms/99.3%, 10ms/99.6%, 20ms/99.7%, 50ms/99.9%, 100ms/99.9%
[11.363s][info][gc,marking  ] GC(20) Mark: 4 stripe(s), 2 proactive flush(es), 1 terminate flush(es), 0 completion(s), 0 continuation(s) 
[11.363s][info][gc,marking  ] GC(20) Mark Stack Usage: 32M
[11.363s][info][gc,nmethod  ] GC(20) NMethods: 1348 registered, 185 unregistered
[11.363s][info][gc,metaspace] GC(20) Metaspace: 8M used, 8M committed, 1088M reserved
[11.363s][info][gc,ref      ] GC(20) Soft: 174 encountered, 0 discovered, 0 enqueued
[11.363s][info][gc,ref      ] GC(20) Weak: 570 encountered, 189 discovered, 0 enqueued
[11.363s][info][gc,ref      ] GC(20) Final: 0 encountered, 0 discovered, 0 enqueued
[11.363s][info][gc,ref      ] GC(20) Phantom: 21 encountered, 17 discovered, 0 enqueued
[11.363s][info][gc,reloc    ] GC(20) Small Pages: 210 / 420M, Empty: 386M, Relocated: 1M, In-Place: 0
[11.363s][info][gc,reloc    ] GC(20) Medium Pages: 2 / 64M, Empty: 32M, Relocated: 0M, In-Place: 0
[11.363s][info][gc,reloc    ] GC(20) Large Pages: 0 / 0M, Empty: 0M, Relocated: 0M, In-Place: 0
[11.363s][info][gc,reloc    ] GC(20) Forwarding Usage: 0M
[11.363s][info][gc,heap     ] GC(20) Min Capacity: 8M(0%)
[11.363s][info][gc,heap     ] GC(20) Max Capacity: 2048M(100%)
[11.363s][info][gc,heap     ] GC(20) Soft Max Capacity: 2048M(100%)
[11.364s][info][gc,heap     ] GC(20)                Mark Start          Mark End        Relocate Start      Relocate End           High               Low         
[11.364s][info][gc,heap     ] GC(20)  Capacity:     2048M (100%)       2048M (100%)       2048M (100%)       2048M (100%)       2048M (100%)       2048M (100%)   
[11.364s][info][gc,heap     ] GC(20)      Free:     1564M (76%)        1530M (75%)        1940M (95%)        1948M (95%)        1948M (95%)        1528M (75%)    
[11.364s][info][gc,heap     ] GC(20)      Used:      484M (24%)         518M (25%)         108M (5%)          100M (5%)          520M (25%)         100M (5%)     
[11.364s][info][gc,heap     ] GC(20)      Live:         -                 9M (0%)            9M (0%)            9M (0%)             -                  -          
[11.364s][info][gc,heap     ] GC(20) Allocated:         -                34M (2%)           42M (2%)           45M (2%)             -                  -          
[11.364s][info][gc,heap     ] GC(20)   Garbage:         -               474M (23%)          56M (3%)           44M (2%)             -                  -          
[11.364s][info][gc,heap     ] GC(20) Reclaimed:         -                  -               418M (20%)         429M (21%)            -                  -          
[11.364s][info][gc          ] GC(20) Garbage Collection (Allocation Rate) 484M(24%)->100M(5%)
[11.942s][info][gc,start    ] GC(21) Garbage Collection (Allocation Rate)
[11.942s][info][gc,task     ] GC(21) Using 6 workers
[11.942s][info][gc,phases   ] GC(21) Pause Mark Start 0.018ms
[11.958s][info][gc,phases   ] GC(21) Concurrent Mark 15.557ms
[11.958s][info][gc,phases   ] GC(21) Pause Mark End 0.018ms
[11.958s][info][gc,phases   ] GC(21) Concurrent Mark Free 0.001ms
[11.959s][info][gc,phases   ] GC(21) Concurrent Process Non-Strong References 0.797ms
[11.959s][info][gc,phases   ] GC(21) Concurrent Reset Relocation Set 0.002ms
[11.965s][info][gc,phases   ] GC(21) Concurrent Select Relocation Set 5.775ms
[11.965s][info][gc,phases   ] GC(21) Pause Relocate Start 0.005ms
[11.970s][info][gc,phases   ] GC(21) Concurrent Relocate 5.105ms
[11.970s][info][gc,load     ] GC(21) Load: 0.00/0.00/0.00
[11.970s][info][gc,mmu      ] GC(21) MMU: 2ms/98.4%, 5ms/99.3%, 10ms/99.6%, 20ms/99.7%, 50ms/99.9%, 100ms/99.9%
[11.970s][info][gc,marking  ] GC(21) Mark: 4 stripe(s), 2 proactive flush(es), 1 terminate flush(es), 0 completion(s), 0 continuation(s) 
[11.970s][info][gc,marking  ] GC(21) Mark Stack Usage: 32M
[11.970s][info][gc,nmethod  ] GC(21) NMethods: 1348 registered, 185 unregistered
[11.970s][info][gc,metaspace] GC(21) Metaspace: 8M used, 8M committed, 1088M reserved
[11.970s][info][gc,ref      ] GC(21) Soft: 174 encountered, 0 discovered, 0 enqueued
[11.970s][info][gc,ref      ] GC(21) Weak: 570 encountered, 179 discovered, 0 enqueued
[11.970s][info][gc,ref      ] GC(21) Final: 0 encountered, 0 discovered, 0 enqueued
[11.970s][info][gc,ref      ] GC(21) Phantom: 21 encountered, 19 discovered, 0 enqueued
[11.970s][info][gc,reloc    ] GC(21) Small Pages: 752 / 1504M, Empty: 1462M, Relocated: 6M, In-Place: 0
[11.970s][info][gc,reloc    ] GC(21) Medium Pages: 2 / 64M, Empty: 0M, Relocated: 0M, In-Place: 0
[11.970s][info][gc,reloc    ] GC(21) Large Pages: 0 / 0M, Empty: 0M, Relocated: 0M, In-Place: 0
[11.970s][info][gc,reloc    ] GC(21) Forwarding Usage: 3M
[11.970s][info][gc,heap     ] GC(21) Min Capacity: 8M(0%)
[11.971s][info][gc,heap     ] GC(21) Max Capacity: 2048M(100%)
[11.971s][info][gc,heap     ] GC(21) Soft Max Capacity: 2048M(100%)
[11.971s][info][gc,heap     ] GC(21)                Mark Start          Mark End        Relocate Start      Relocate End           High               Low         
[11.971s][info][gc,heap     ] GC(21)  Capacity:     2048M (100%)       2048M (100%)       2048M (100%)       2048M (100%)       2048M (100%)       2048M (100%)   
[11.971s][info][gc,heap     ] GC(21)      Free:      480M (23%)         452M (22%)        1910M (93%)        1930M (94%)        1948M (95%)         452M (22%)    
[11.971s][info][gc,heap     ] GC(21)      Used:     1568M (77%)        1596M (78%)         138M (7%)          118M (6%)         1596M (78%)         100M (5%)     
[11.971s][info][gc,heap     ] GC(21)      Live:         -                14M (1%)           14M (1%)           14M (1%)             -                  -          
[11.971s][info][gc,heap     ] GC(21) Allocated:         -                28M (1%)           32M (2%)           65M (3%)             -                  -          
[11.971s][info][gc,heap     ] GC(21)   Garbage:         -              1553M (76%)          91M (4%)           38M (2%)             -                  -          
[11.971s][info][gc,heap     ] GC(21) Reclaimed:         -                  -              1462M (71%)        1515M (74%)            -                  -          
[11.971s][info][gc          ] GC(21) Garbage Collection (Allocation Rate) 1568M(77%)->118M(6%)
[12.442s][info][gc,start    ] GC(22) Garbage Collection (Allocation Rate)
[12.442s][info][gc,task     ] GC(22) Using 1 workers
[12.442s][info][gc,phases   ] GC(22) Pause Mark Start 0.018ms
[12.501s][info][gc,phases   ] GC(22) Concurrent Mark 59.282ms
[12.501s][info][gc,phases   ] GC(22) Pause Mark End 0.014ms
[12.502s][info][gc,phases   ] GC(22) Concurrent Mark Free 0.002ms
[12.506s][info][gc,phases   ] GC(22) Concurrent Process Non-Strong References 4.794ms
[12.506s][info][gc,phases   ] GC(22) Concurrent Reset Relocation Set 0.005ms
[12.517s][info][gc,phases   ] GC(22) Concurrent Select Relocation Set 10.745ms
[12.517s][info][gc,phases   ] GC(22) Pause Relocate Start 0.006ms
[12.539s][info][gc,phases   ] GC(22) Concurrent Relocate 21.306ms
[12.539s][info][gc,load     ] GC(22) Load: 0.00/0.00/0.00
[12.539s][info][gc,mmu      ] GC(22) MMU: 2ms/98.4%, 5ms/99.3%, 10ms/99.6%, 20ms/99.7%, 50ms/99.9%, 100ms/99.9%
[12.539s][info][gc,marking  ] GC(22) Mark: 1 stripe(s), 2 proactive flush(es), 1 terminate flush(es), 0 completion(s), 0 continuation(s) 
[12.539s][info][gc,marking  ] GC(22) Mark Stack Usage: 32M
[12.539s][info][gc,nmethod  ] GC(22) NMethods: 1348 registered, 185 unregistered
[12.539s][info][gc,metaspace] GC(22) Metaspace: 8M used, 8M committed, 1088M reserved
[12.539s][info][gc,ref      ] GC(22) Soft: 174 encountered, 0 discovered, 0 enqueued
[12.539s][info][gc,ref      ] GC(22) Weak: 570 encountered, 424 discovered, 0 enqueued
[12.539s][info][gc,ref      ] GC(22) Final: 0 encountered, 0 discovered, 0 enqueued
[12.539s][info][gc,ref      ] GC(22) Phantom: 21 encountered, 15 discovered, 0 enqueued
[12.539s][info][gc,reloc    ] GC(22) Small Pages: 618 / 1236M, Empty: 1188M, Relocated: 8M, In-Place: 0
[12.539s][info][gc,reloc    ] GC(22) Medium Pages: 2 / 64M, Empty: 0M, Relocated: 1M, In-Place: 0
[12.539s][info][gc,reloc    ] GC(22) Large Pages: 0 / 0M, Empty: 0M, Relocated: 0M, In-Place: 0
[12.539s][info][gc,reloc    ] GC(22) Forwarding Usage: 4M
[12.539s][info][gc,heap     ] GC(22) Min Capacity: 8M(0%)
[12.539s][info][gc,heap     ] GC(22) Max Capacity: 2048M(100%)
[12.539s][info][gc,heap     ] GC(22) Soft Max Capacity: 2048M(100%)
[12.539s][info][gc,heap     ] GC(22)                Mark Start          Mark End        Relocate Start      Relocate End           High               Low         
[12.539s][info][gc,heap     ] GC(22)  Capacity:     2048M (100%)       2048M (100%)       2048M (100%)       2048M (100%)       2048M (100%)       2048M (100%)   
[12.539s][info][gc,heap     ] GC(22)      Free:      748M (37%)         668M (33%)        1832M (89%)        1836M (90%)        1872M (91%)         660M (32%)    
[12.539s][info][gc,heap     ] GC(22)      Used:     1300M (63%)        1380M (67%)         216M (11%)         212M (10%)        1388M (68%)         176M (9%)     
[12.540s][info][gc,heap     ] GC(22)      Live:         -                17M (1%)           17M (1%)           17M (1%)             -                  -          
[12.540s][info][gc,heap     ] GC(22) Allocated:         -                80M (4%)          104M (5%)          159M (8%)             -                  -          
[12.540s][info][gc,heap     ] GC(22)   Garbage:         -              1282M (63%)          94M (5%)           34M (2%)             -                  -          
[12.540s][info][gc,heap     ] GC(22) Reclaimed:         -                  -              1188M (58%)        1247M (61%)            -                  -          
[12.540s][info][gc          ] GC(22) Garbage Collection (Allocation Rate) 1300M(63%)->212M(10%)
[13.046s][info][gc,start    ] GC(23) Garbage Collection (Allocation Rate)
[13.046s][info][gc,task     ] GC(23) Using 1 workers
[13.046s][info][gc,phases   ] GC(23) Pause Mark Start 0.011ms
[13.118s][info][gc,phases   ] GC(23) Concurrent Mark 72.213ms
[13.118s][info][gc,phases   ] GC(23) Pause Mark End 0.018ms
[13.118s][info][gc,phases   ] GC(23) Concurrent Mark Free 0.001ms
[13.123s][info][gc,phases   ] GC(23) Concurrent Process Non-Strong References 4.835ms
[13.123s][info][gc,phases   ] GC(23) Concurrent Reset Relocation Set 0.005ms
[13.128s][info][gc,phases   ] GC(23) Concurrent Select Relocation Set 4.558ms
[13.128s][info][gc,phases   ] GC(23) Pause Relocate Start 0.009ms
[13.136s][info][gc,phases   ] GC(23) Concurrent Relocate 7.477ms
[13.136s][info][gc,load     ] GC(23) Load: 0.00/0.00/0.00
[13.136s][info][gc,mmu      ] GC(23) MMU: 2ms/98.4%, 5ms/99.3%, 10ms/99.6%, 20ms/99.7%, 50ms/99.9%, 100ms/99.9%
[13.136s][info][gc,marking  ] GC(23) Mark: 1 stripe(s), 2 proactive flush(es), 1 terminate flush(es), 0 completion(s), 0 continuation(s) 
[13.136s][info][gc,marking  ] GC(23) Mark Stack Usage: 32M
[13.136s][info][gc,nmethod  ] GC(23) NMethods: 1348 registered, 185 unregistered
[13.136s][info][gc,metaspace] GC(23) Metaspace: 8M used, 8M committed, 1088M reserved
[13.136s][info][gc,ref      ] GC(23) Soft: 174 encountered, 0 discovered, 0 enqueued
[13.136s][info][gc,ref      ] GC(23) Weak: 570 encountered, 382 discovered, 0 enqueued
[13.136s][info][gc,ref      ] GC(23) Final: 0 encountered, 0 discovered, 0 enqueued
[13.136s][info][gc,ref      ] GC(23) Phantom: 21 encountered, 10 discovered, 0 enqueued
[13.136s][info][gc,reloc    ] GC(23) Small Pages: 663 / 1326M, Empty: 1274M, Relocated: 5M, In-Place: 0
[13.136s][info][gc,reloc    ] GC(23) Medium Pages: 2 / 64M, Empty: 0M, Relocated: 1M, In-Place: 0
[13.136s][info][gc,reloc    ] GC(23) Large Pages: 0 / 0M, Empty: 0M, Relocated: 0M, In-Place: 0
[13.136s][info][gc,reloc    ] GC(23) Forwarding Usage: 2M
[13.136s][info][gc,heap     ] GC(23) Min Capacity: 8M(0%)
[13.136s][info][gc,heap     ] GC(23) Max Capacity: 2048M(100%)
[13.136s][info][gc,heap     ] GC(23) Soft Max Capacity: 2048M(100%)
[13.136s][info][gc,heap     ] GC(23)                Mark Start          Mark End        Relocate Start      Relocate End           High               Low         
[13.136s][info][gc,heap     ] GC(23)  Capacity:     2048M (100%)       2048M (100%)       2048M (100%)       2048M (100%)       2048M (100%)       2048M (100%)   
[13.136s][info][gc,heap     ] GC(23)      Free:      658M (32%)         518M (25%)        1776M (87%)        1820M (89%)        1828M (89%)         510M (25%)    
[13.136s][info][gc,heap     ] GC(23)      Used:     1390M (68%)        1530M (75%)         272M (13%)         228M (11%)        1538M (75%)         220M (11%)    
[13.136s][info][gc,heap     ] GC(23)      Live:         -                21M (1%)           21M (1%)           21M (1%)             -                  -          
[13.136s][info][gc,heap     ] GC(23) Allocated:         -               140M (7%)          156M (8%)          171M (8%)             -                  -          
[13.136s][info][gc,heap     ] GC(23)   Garbage:         -              1368M (67%)          94M (5%)           34M (2%)             -                  -          
[13.136s][info][gc,heap     ] GC(23) Reclaimed:         -                  -              1274M (62%)        1333M (65%)            -                  -          
[13.137s][info][gc          ] GC(23) Garbage Collection (Allocation Rate) 1390M(68%)->228M(11%)
[13.643s][info][gc,start    ] GC(24) Garbage Collection (Allocation Rate)
[13.643s][info][gc,task     ] GC(24) Using 1 workers
[13.643s][info][gc,phases   ] GC(24) Pause Mark Start 0.018ms
[13.729s][info][gc,phases   ] GC(24) Concurrent Mark 85.185ms
[13.729s][info][gc,phases   ] GC(24) Pause Mark End 0.021ms
[13.729s][info][gc,phases   ] GC(24) Concurrent Mark Free 0.001ms
[13.734s][info][gc,phases   ] GC(24) Concurrent Process Non-Strong References 4.765ms
[13.734s][info][gc,phases   ] GC(24) Concurrent Reset Relocation Set 0.005ms
[13.744s][info][gc,phases   ] GC(24) Concurrent Select Relocation Set 9.843ms
[13.744s][info][gc,phases   ] GC(24) Pause Relocate Start 0.006ms
[13.765s][info][gc,phases   ] GC(24) Concurrent Relocate 21.296ms
[13.765s][info][gc,load     ] GC(24) Load: 0.00/0.00/0.00
[13.765s][info][gc,mmu      ] GC(24) MMU: 2ms/98.4%, 5ms/99.3%, 10ms/99.6%, 20ms/99.7%, 50ms/99.9%, 100ms/99.9%
[13.765s][info][gc,marking  ] GC(24) Mark: 1 stripe(s), 2 proactive flush(es), 1 terminate flush(es), 0 completion(s), 0 continuation(s) 
[13.765s][info][gc,marking  ] GC(24) Mark Stack Usage: 32M
[13.765s][info][gc,nmethod  ] GC(24) NMethods: 1348 registered, 185 unregistered
[13.765s][info][gc,metaspace] GC(24) Metaspace: 8M used, 8M committed, 1088M reserved
[13.765s][info][gc,ref      ] GC(24) Soft: 174 encountered, 0 discovered, 0 enqueued
[13.765s][info][gc,ref      ] GC(24) Weak: 570 encountered, 382 discovered, 0 enqueued
[13.765s][info][gc,ref      ] GC(24) Final: 0 encountered, 0 discovered, 0 enqueued
[13.765s][info][gc,ref      ] GC(24) Phantom: 21 encountered, 10 discovered, 0 enqueued
[13.765s][info][gc,reloc    ] GC(24) Small Pages: 712 / 1424M, Empty: 1366M, Relocated: 8M, In-Place: 0
[13.765s][info][gc,reloc    ] GC(24) Medium Pages: 2 / 64M, Empty: 0M, Relocated: 2M, In-Place: 0
[13.766s][info][gc,reloc    ] GC(24) Large Pages: 0 / 0M, Empty: 0M, Relocated: 0M, In-Place: 0
[13.766s][info][gc,reloc    ] GC(24) Forwarding Usage: 3M
[13.766s][info][gc,heap     ] GC(24) Min Capacity: 8M(0%)
[13.766s][info][gc,heap     ] GC(24) Max Capacity: 2048M(100%)
[13.766s][info][gc,heap     ] GC(24) Soft Max Capacity: 2048M(100%)
[13.766s][info][gc,heap     ] GC(24)                Mark Start          Mark End        Relocate Start      Relocate End           High               Low         
[13.766s][info][gc,heap     ] GC(24)  Capacity:     2048M (100%)       2048M (100%)       2048M (100%)       2048M (100%)       2048M (100%)       2048M (100%)   
[13.766s][info][gc,heap     ] GC(24)      Free:      560M (27%)         396M (19%)        1736M (85%)        1734M (85%)        1784M (87%)         388M (19%)    
[13.766s][info][gc,heap     ] GC(24)      Used:     1488M (73%)        1652M (81%)         312M (15%)         314M (15%)        1660M (81%)         264M (13%)    
[13.766s][info][gc,heap     ] GC(24)      Live:         -                25M (1%)           25M (1%)           25M (1%)             -                  -          
[13.766s][info][gc,heap     ] GC(24) Allocated:         -               164M (8%)          190M (9%)          253M (12%)            -                  -          
[13.766s][info][gc,heap     ] GC(24)   Garbage:         -              1462M (71%)          96M (5%)           34M (2%)             -                  -          
[13.766s][info][gc,heap     ] GC(24) Reclaimed:         -                  -              1366M (67%)        1427M (70%)            -                  -          
[13.766s][info][gc          ] GC(24) Garbage Collection (Allocation Rate) 1488M(73%)->314M(15%)
[14.241s][info][gc,start    ] GC(25) Garbage Collection (Allocation Rate)
[14.241s][info][gc,task     ] GC(25) Using 1 workers
[14.241s][info][gc,phases   ] GC(25) Pause Mark Start 0.019ms
[14.353s][info][gc,phases   ] GC(25) Concurrent Mark 111.307ms
[14.353s][info][gc,phases   ] GC(25) Pause Mark End 0.021ms
[14.353s][info][gc,phases   ] GC(25) Concurrent Mark Free 0.001ms
[14.358s][info][gc,phases   ] GC(25) Concurrent Process Non-Strong References 4.826ms
[14.358s][info][gc,phases   ] GC(25) Concurrent Reset Relocation Set 0.006ms
[14.362s][info][gc,phases   ] GC(25) Concurrent Select Relocation Set 4.343ms
[14.362s][info][gc,phases   ] GC(25) Pause Relocate Start 0.009ms
[14.376s][info][gc,phases   ] GC(25) Concurrent Relocate 13.937ms
[14.377s][info][gc,load     ] GC(25) Load: 0.00/0.00/0.00
[14.377s][info][gc,mmu      ] GC(25) MMU: 2ms/98.4%, 5ms/99.3%, 10ms/99.6%, 20ms/99.7%, 50ms/99.9%, 100ms/99.9%
[14.377s][info][gc,marking  ] GC(25) Mark: 1 stripe(s), 2 proactive flush(es), 1 terminate flush(es), 0 completion(s), 0 continuation(s) 
[14.377s][info][gc,marking  ] GC(25) Mark Stack Usage: 32M
[14.377s][info][gc,nmethod  ] GC(25) NMethods: 1348 registered, 185 unregistered
[14.377s][info][gc,metaspace] GC(25) Metaspace: 8M used, 8M committed, 1088M reserved
[14.377s][info][gc,ref      ] GC(25) Soft: 174 encountered, 0 discovered, 0 enqueued
[14.377s][info][gc,ref      ] GC(25) Weak: 570 encountered, 157 discovered, 0 enqueued
[14.377s][info][gc,ref      ] GC(25) Final: 0 encountered, 0 discovered, 0 enqueued
[14.377s][info][gc,ref      ] GC(25) Phantom: 21 encountered, 10 discovered, 0 enqueued
[14.377s][info][gc,reloc    ] GC(25) Small Pages: 658 / 1316M, Empty: 1278M, Relocated: 3M, In-Place: 0
[14.377s][info][gc,reloc    ] GC(25) Medium Pages: 2 / 64M, Empty: 0M, Relocated: 4M, In-Place: 0
[14.377s][info][gc,reloc    ] GC(25) Large Pages: 0 / 0M, Empty: 0M, Relocated: 0M, In-Place: 0
[14.377s][info][gc,reloc    ] GC(25) Forwarding Usage: 1M
[14.377s][info][gc,heap     ] GC(25) Min Capacity: 8M(0%)
[14.377s][info][gc,heap     ] GC(25) Max Capacity: 2048M(100%)
[14.377s][info][gc,heap     ] GC(25) Soft Max Capacity: 2048M(100%)
[14.377s][info][gc,heap     ] GC(25)                Mark Start          Mark End        Relocate Start      Relocate End           High               Low         
[14.377s][info][gc,heap     ] GC(25)  Capacity:     2048M (100%)       2048M (100%)       2048M (100%)       2048M (100%)       2048M (100%)       2048M (100%)   
[14.377s][info][gc,heap     ] GC(25)      Free:      668M (33%)         614M (30%)        1890M (92%)        1924M (94%)        1924M (94%)         612M (30%)    
[14.377s][info][gc,heap     ] GC(25)      Used:     1380M (67%)        1434M (70%)         158M (8%)          124M (6%)         1436M (70%)         124M (6%)     
[14.377s][info][gc,heap     ] GC(25)      Live:         -                32M (2%)           32M (2%)           32M (2%)             -                  -          
[14.377s][info][gc,heap     ] GC(25) Allocated:         -                54M (3%)           56M (3%)           59M (3%)             -                  -          
[14.377s][info][gc,heap     ] GC(25)   Garbage:         -              1347M (66%)          69M (3%)           31M (2%)             -                  -          
[14.377s][info][gc,heap     ] GC(25) Reclaimed:         -                  -              1278M (62%)        1315M (64%)            -                  -          
[14.377s][info][gc          ] GC(25) Garbage Collection (Allocation Rate) 1380M(67%)->124M(6%)
[14.641s][info][gc,start    ] GC(26) Garbage Collection (Allocation Rate)
[14.641s][info][gc,task     ] GC(26) Using 6 workers
[14.642s][info][gc,phases   ] GC(26) Pause Mark Start 0.018ms
[14.666s][info][gc,phases   ] GC(26) Concurrent Mark 24.556ms
[14.666s][info][gc,phases   ] GC(26) Pause Mark End 0.018ms
[14.667s][info][gc,phases   ] GC(26) Concurrent Mark Free 0.001ms
[14.667s][info][gc,phases   ] GC(26) Concurrent Process Non-Strong References 0.829ms
[14.667s][info][gc,phases   ] GC(26) Concurrent Reset Relocation Set 0.002ms
[14.671s][info][gc,phases   ] GC(26) Concurrent Select Relocation Set 3.669ms
[14.671s][info][gc,phases   ] GC(26) Pause Relocate Start 0.004ms
[14.674s][info][gc,phases   ] GC(26) Concurrent Relocate 2.518ms
[14.674s][info][gc,load     ] GC(26) Load: 0.00/0.00/0.00
[14.674s][info][gc,mmu      ] GC(26) MMU: 2ms/98.4%, 5ms/99.3%, 10ms/99.6%, 20ms/99.7%, 50ms/99.9%, 100ms/99.9%
[14.674s][info][gc,marking  ] GC(26) Mark: 4 stripe(s), 2 proactive flush(es), 1 terminate flush(es), 0 completion(s), 0 continuation(s) 
[14.674s][info][gc,marking  ] GC(26) Mark Stack Usage: 32M
[14.674s][info][gc,nmethod  ] GC(26) NMethods: 1348 registered, 185 unregistered
[14.674s][info][gc,metaspace] GC(26) Metaspace: 8M used, 8M committed, 1088M reserved
[14.674s][info][gc,ref      ] GC(26) Soft: 174 encountered, 0 discovered, 0 enqueued
[14.674s][info][gc,ref      ] GC(26) Weak: 570 encountered, 14 discovered, 0 enqueued
[14.674s][info][gc,ref      ] GC(26) Final: 0 encountered, 0 discovered, 0 enqueued
[14.674s][info][gc,ref      ] GC(26) Phantom: 21 encountered, 18 discovered, 0 enqueued
[14.674s][info][gc,reloc    ] GC(26) Small Pages: 41 / 82M, Empty: 42M, Relocated: 2M, In-Place: 0
[14.674s][info][gc,reloc    ] GC(26) Medium Pages: 2 / 64M, Empty: 32M, Relocated: 0M, In-Place: 0
[14.674s][info][gc,reloc    ] GC(26) Large Pages: 0 / 0M, Empty: 0M, Relocated: 0M, In-Place: 0
[14.674s][info][gc,reloc    ] GC(26) Forwarding Usage: 1M
[14.674s][info][gc,heap     ] GC(26) Min Capacity: 8M(0%)
[14.674s][info][gc,heap     ] GC(26) Max Capacity: 2048M(100%)
[14.674s][info][gc,heap     ] GC(26) Soft Max Capacity: 2048M(100%)
[14.674s][info][gc,heap     ] GC(26)                Mark Start          Mark End        Relocate Start      Relocate End           High               Low         
[14.674s][info][gc,heap     ] GC(26)  Capacity:     2048M (100%)       2048M (100%)       2048M (100%)       2048M (100%)       2048M (100%)       2048M (100%)   
[14.674s][info][gc,heap     ] GC(26)      Free:     1902M (93%)        1866M (91%)        1938M (95%)        1936M (95%)        1938M (95%)        1864M (91%)    
[14.674s][info][gc,heap     ] GC(26)      Used:      146M (7%)          182M (9%)          110M (5%)          112M (5%)          184M (9%)          110M (5%)     
[14.675s][info][gc,heap     ] GC(26)      Live:         -                31M (2%)           31M (2%)           31M (2%)             -                  -          
[14.675s][info][gc,heap     ] GC(26) Allocated:         -                36M (2%)           38M (2%)           39M (2%)             -                  -          
[14.675s][info][gc,heap     ] GC(26)   Garbage:         -               114M (6%)           40M (2%)           40M (2%)             -                  -          
[14.675s][info][gc,heap     ] GC(26) Reclaimed:         -                  -                74M (4%)           73M (4%)             -                  -          
[14.675s][info][gc          ] GC(26) Garbage Collection (Allocation Rate) 146M(7%)->112M(5%)
[14.747s][info][gc,start    ] GC(27) Garbage Collection (System.gc())
[14.747s][info][gc,task     ] GC(27) Using 12 workers
[14.747s][info][gc,phases   ] GC(27) Pause Mark Start 0.014ms
[14.753s][info][gc,phases   ] GC(27) Concurrent Mark 5.791ms
[14.753s][info][gc,phases   ] GC(27) Pause Mark End 0.015ms
[14.753s][info][gc,phases   ] GC(27) Concurrent Mark Free 0.001ms
[14.754s][info][gc,phases   ] GC(27) Concurrent Process Non-Strong References 0.581ms
[14.754s][info][gc,phases   ] GC(27) Concurrent Reset Relocation Set 0.001ms
[14.758s][info][gc,phases   ] GC(27) Concurrent Select Relocation Set 3.749ms
[14.758s][info][gc,phases   ] GC(27) Pause Relocate Start 0.005ms
[14.760s][info][gc,phases   ] GC(27) Concurrent Relocate 1.992ms
[14.760s][info][gc,load     ] GC(27) Load: 0.00/0.00/0.00
[14.760s][info][gc,mmu      ] GC(27) MMU: 2ms/98.4%, 5ms/99.3%, 10ms/99.6%, 20ms/99.7%, 50ms/99.9%, 100ms/99.9%
[14.760s][info][gc,marking  ] GC(27) Mark: 8 stripe(s), 2 proactive flush(es), 1 terminate flush(es), 0 completion(s), 0 continuation(s) 
[14.760s][info][gc,marking  ] GC(27) Mark Stack Usage: 32M
[14.760s][info][gc,nmethod  ] GC(27) NMethods: 1348 registered, 186 unregistered
[14.760s][info][gc,metaspace] GC(27) Metaspace: 8M used, 8M committed, 1088M reserved
[14.760s][info][gc,ref      ] GC(27) Soft: 174 encountered, 0 discovered, 0 enqueued
[14.760s][info][gc,ref      ] GC(27) Weak: 570 encountered, 15 discovered, 0 enqueued
[14.760s][info][gc,ref      ] GC(27) Final: 0 encountered, 0 discovered, 0 enqueued
[14.760s][info][gc,ref      ] GC(27) Phantom: 21 encountered, 17 discovered, 0 enqueued
[14.760s][info][gc,reloc    ] GC(27) Small Pages: 45 / 90M, Empty: 76M, Relocated: 0M, In-Place: 0
[14.760s][info][gc,reloc    ] GC(27) Medium Pages: 2 / 64M, Empty: 64M, Relocated: 0M, In-Place: 0
[14.760s][info][gc,reloc    ] GC(27) Large Pages: 0 / 0M, Empty: 0M, Relocated: 0M, In-Place: 0
[14.760s][info][gc,reloc    ] GC(27) Forwarding Usage: 0M
[14.760s][info][gc,heap     ] GC(27) Min Capacity: 8M(0%)
[14.760s][info][gc,heap     ] GC(27) Max Capacity: 2048M(100%)
[14.760s][info][gc,heap     ] GC(27) Soft Max Capacity: 2048M(100%)
[14.761s][info][gc,heap     ] GC(27)                Mark Start          Mark End        Relocate Start      Relocate End           High               Low         
[14.761s][info][gc,heap     ] GC(27)  Capacity:     2048M (100%)       2048M (100%)       2048M (100%)       2048M (100%)       2048M (100%)       2048M (100%)   
[14.761s][info][gc,heap     ] GC(27)      Free:     1894M (92%)        1894M (92%)        2034M (99%)        2034M (99%)        2034M (99%)        1894M (92%)    
[14.761s][info][gc,heap     ] GC(27)      Used:      154M (8%)          154M (8%)           14M (1%)           14M (1%)          154M (8%)           14M (1%)     
[14.761s][info][gc,heap     ] GC(27)      Live:         -                 4M (0%)            4M (0%)            4M (0%)             -                  -          
[14.761s][info][gc,heap     ] GC(27) Allocated:         -                 0M (0%)            0M (0%)            0M (0%)             -                  -          
[14.761s][info][gc,heap     ] GC(27)   Garbage:         -               149M (7%)            9M (0%)            9M (0%)             -                  -          
[14.761s][info][gc,heap     ] GC(27) Reclaimed:         -                  -               140M (7%)          140M (7%)             -                  -          
[14.761s][info][gc          ] GC(27) Garbage Collection (System.gc()) 154M(8%)->14M(1%)
[15.451s][info][gc,start    ] GC(28) Garbage Collection (Allocation Rate)
[15.451s][info][gc,task     ] GC(28) Using 3 workers
[15.452s][info][gc,phases   ] GC(28) Pause Mark Start 0.017ms
[15.469s][info][gc,phases   ] GC(28) Concurrent Mark 17.451ms
[15.469s][info][gc,phases   ] GC(28) Pause Mark End 0.016ms
[15.469s][info][gc,phases   ] GC(28) Concurrent Mark Free 0.001ms
[15.471s][info][gc,phases   ] GC(28) Concurrent Process Non-Strong References 1.152ms
[15.471s][info][gc,phases   ] GC(28) Concurrent Reset Relocation Set 0.001ms
[15.475s][info][gc,phases   ] GC(28) Concurrent Select Relocation Set 4.862ms
[15.476s][info][gc,phases   ] GC(28) Pause Relocate Start 0.006ms
[15.478s][info][gc,phases   ] GC(28) Concurrent Relocate 2.298ms
[15.478s][info][gc,load     ] GC(28) Load: 0.00/0.00/0.00
[15.478s][info][gc,mmu      ] GC(28) MMU: 2ms/98.4%, 5ms/99.3%, 10ms/99.6%, 20ms/99.7%, 50ms/99.9%, 100ms/99.9%
[15.478s][info][gc,marking  ] GC(28) Mark: 2 stripe(s), 2 proactive flush(es), 1 terminate flush(es), 0 completion(s), 0 continuation(s) 
[15.478s][info][gc,marking  ] GC(28) Mark Stack Usage: 32M
[15.478s][info][gc,nmethod  ] GC(28) NMethods: 1350 registered, 186 unregistered
[15.478s][info][gc,metaspace] GC(28) Metaspace: 8M used, 8M committed, 1088M reserved
[15.478s][info][gc,ref      ] GC(28) Soft: 174 encountered, 0 discovered, 0 enqueued
[15.478s][info][gc,ref      ] GC(28) Weak: 570 encountered, 8 discovered, 0 enqueued
[15.478s][info][gc,ref      ] GC(28) Final: 0 encountered, 0 discovered, 0 enqueued
[15.478s][info][gc,ref      ] GC(28) Phantom: 21 encountered, 10 discovered, 0 enqueued
[15.478s][info][gc,reloc    ] GC(28) Small Pages: 851 / 1702M, Empty: 1654M, Relocated: 3M, In-Place: 0
[15.478s][info][gc,reloc    ] GC(28) Medium Pages: 1 / 32M, Empty: 0M, Relocated: 0M, In-Place: 0
[15.478s][info][gc,reloc    ] GC(28) Large Pages: 0 / 0M, Empty: 0M, Relocated: 0M, In-Place: 0
[15.478s][info][gc,reloc    ] GC(28) Forwarding Usage: 1M
[15.478s][info][gc,heap     ] GC(28) Min Capacity: 8M(0%)
[15.478s][info][gc,heap     ] GC(28) Max Capacity: 2048M(100%)
[15.478s][info][gc,heap     ] GC(28) Soft Max Capacity: 2048M(100%)
[15.478s][info][gc,heap     ] GC(28)                Mark Start          Mark End        Relocate Start      Relocate End           High               Low         
[15.478s][info][gc,heap     ] GC(28)  Capacity:     2048M (100%)       2048M (100%)       2048M (100%)       2048M (100%)       2048M (100%)       2048M (100%)   
[15.478s][info][gc,heap     ] GC(28)      Free:      314M (15%)         294M (14%)        1912M (93%)        1946M (95%)        1946M (95%)         292M (14%)    
[15.478s][info][gc,heap     ] GC(28)      Used:     1734M (85%)        1754M (86%)         136M (7%)          102M (5%)         1756M (86%)         102M (5%)     
[15.478s][info][gc,heap     ] GC(28)      Live:         -                 9M (0%)            9M (0%)            9M (0%)             -                  -          
[15.478s][info][gc,heap     ] GC(28) Allocated:         -                20M (1%)           56M (3%)           55M (3%)             -                  -          
[15.478s][info][gc,heap     ] GC(28)   Garbage:         -              1724M (84%)          70M (3%)           36M (2%)             -                  -          
[15.478s][info][gc,heap     ] GC(28) Reclaimed:         -                  -              1654M (81%)        1687M (82%)            -                  -          
[15.478s][info][gc          ] GC(28) Garbage Collection (Allocation Rate) 1734M(85%)->102M(5%)
[15.541s][info][gc,start    ] GC(29) Garbage Collection (Allocation Rate)
[15.541s][info][gc,task     ] GC(29) Using 6 workers
[15.541s][info][gc,phases   ] GC(29) Pause Mark Start 0.012ms
[15.557s][info][gc,phases   ] GC(29) Concurrent Mark 15.368ms
[15.557s][info][gc,phases   ] GC(29) Pause Mark End 0.014ms
[15.557s][info][gc,phases   ] GC(29) Concurrent Mark Free 0.001ms
[15.558s][info][gc,phases   ] GC(29) Concurrent Process Non-Strong References 0.773ms
[15.558s][info][gc,phases   ] GC(29) Concurrent Reset Relocation Set 0.004ms
[15.560s][info][gc,phases   ] GC(29) Concurrent Select Relocation Set 2.666ms
[15.560s][info][gc,phases   ] GC(29) Pause Relocate Start 0.004ms
[15.562s][info][gc,phases   ] GC(29) Concurrent Relocate 1.973ms
[15.563s][info][gc,load     ] GC(29) Load: 0.00/0.00/0.00
[15.563s][info][gc,mmu      ] GC(29) MMU: 2ms/98.4%, 5ms/99.3%, 10ms/99.6%, 20ms/99.7%, 50ms/99.9%, 100ms/99.9%
[15.563s][info][gc,marking  ] GC(29) Mark: 4 stripe(s), 2 proactive flush(es), 1 terminate flush(es), 0 completion(s), 0 continuation(s) 
[15.563s][info][gc,marking  ] GC(29) Mark Stack Usage: 32M
[15.563s][info][gc,nmethod  ] GC(29) NMethods: 1350 registered, 186 unregistered
[15.563s][info][gc,metaspace] GC(29) Metaspace: 8M used, 8M committed, 1088M reserved
[15.563s][info][gc,ref      ] GC(29) Soft: 174 encountered, 0 discovered, 0 enqueued
[15.563s][info][gc,ref      ] GC(29) Weak: 570 encountered, 130 discovered, 0 enqueued
[15.563s][info][gc,ref      ] GC(29) Final: 0 encountered, 0 discovered, 0 enqueued
[15.563s][info][gc,ref      ] GC(29) Phantom: 21 encountered, 20 discovered, 0 enqueued
[15.563s][info][gc,reloc    ] GC(29) Small Pages: 86 / 172M, Empty: 138M, Relocated: 1M, In-Place: 0
[15.563s][info][gc,reloc    ] GC(29) Medium Pages: 2 / 64M, Empty: 32M, Relocated: 0M, In-Place: 0
[15.563s][info][gc,reloc    ] GC(29) Large Pages: 0 / 0M, Empty: 0M, Relocated: 0M, In-Place: 0
[15.563s][info][gc,reloc    ] GC(29) Forwarding Usage: 0M
[15.563s][info][gc,heap     ] GC(29) Min Capacity: 8M(0%)
[15.563s][info][gc,heap     ] GC(29) Max Capacity: 2048M(100%)
[15.563s][info][gc,heap     ] GC(29) Soft Max Capacity: 2048M(100%)
[15.563s][info][gc,heap     ] GC(29)                Mark Start          Mark End        Relocate Start      Relocate End           High               Low         
[15.563s][info][gc,heap     ] GC(29)  Capacity:     2048M (100%)       2048M (100%)       2048M (100%)       2048M (100%)       2048M (100%)       2048M (100%)   
[15.563s][info][gc,heap     ] GC(29)      Free:     1812M (88%)        1790M (87%)        1954M (95%)        1962M (96%)        1964M (96%)        1788M (87%)    
[15.563s][info][gc,heap     ] GC(29)      Used:      236M (12%)         258M (13%)          94M (5%)           86M (4%)          260M (13%)          84M (4%)     
[15.563s][info][gc,heap     ] GC(29)      Live:         -                 9M (0%)            9M (0%)            9M (0%)             -                  -          
[15.563s][info][gc,heap     ] GC(29) Allocated:         -                22M (1%)           28M (1%)           31M (2%)             -                  -          
[15.563s][info][gc,heap     ] GC(29)   Garbage:         -               226M (11%)          56M (3%)           44M (2%)             -                  -          
[15.563s][info][gc,heap     ] GC(29) Reclaimed:         -                  -               170M (8%)          181M (9%)             -                  -          
[15.563s][info][gc          ] GC(29) Garbage Collection (Allocation Rate) 236M(12%)->86M(4%)
[16.044s][info][gc,start    ] GC(30) Garbage Collection (Allocation Rate)
[16.044s][info][gc,task     ] GC(30) Using 6 workers
[16.044s][info][gc,phases   ] GC(30) Pause Mark Start 0.017ms
[16.059s][info][gc,phases   ] GC(30) Concurrent Mark 15.255ms
[16.059s][info][gc,phases   ] GC(30) Pause Mark End 0.015ms
[16.060s][info][gc,phases   ] GC(30) Concurrent Mark Free 0.001ms
[16.060s][info][gc,phases   ] GC(30) Concurrent Process Non-Strong References 0.787ms
[16.060s][info][gc,phases   ] GC(30) Concurrent Reset Relocation Set 0.002ms
[16.066s][info][gc,phases   ] GC(30) Concurrent Select Relocation Set 5.242ms
[16.066s][info][gc,phases   ] GC(30) Pause Relocate Start 0.005ms
[16.069s][info][gc,phases   ] GC(30) Concurrent Relocate 2.770ms
[16.069s][info][gc,load     ] GC(30) Load: 0.00/0.00/0.00
[16.069s][info][gc,mmu      ] GC(30) MMU: 2ms/98.4%, 5ms/99.3%, 10ms/99.6%, 20ms/99.7%, 50ms/99.9%, 100ms/99.9%
[16.069s][info][gc,marking  ] GC(30) Mark: 4 stripe(s), 2 proactive flush(es), 1 terminate flush(es), 0 completion(s), 0 continuation(s) 
[16.069s][info][gc,marking  ] GC(30) Mark Stack Usage: 32M
[16.069s][info][gc,nmethod  ] GC(30) NMethods: 1350 registered, 186 unregistered
[16.069s][info][gc,metaspace] GC(30) Metaspace: 8M used, 8M committed, 1088M reserved
[16.069s][info][gc,ref      ] GC(30) Soft: 174 encountered, 0 discovered, 0 enqueued
[16.069s][info][gc,ref      ] GC(30) Weak: 570 encountered, 59 discovered, 0 enqueued
[16.069s][info][gc,ref      ] GC(30) Final: 0 encountered, 0 discovered, 0 enqueued
[16.069s][info][gc,ref      ] GC(30) Phantom: 21 encountered, 13 discovered, 0 enqueued
[16.069s][info][gc,reloc    ] GC(30) Small Pages: 625 / 1250M, Empty: 1210M, Relocated: 4M, In-Place: 0
[16.069s][info][gc,reloc    ] GC(30) Medium Pages: 2 / 64M, Empty: 0M, Relocated: 0M, In-Place: 0
[16.069s][info][gc,reloc    ] GC(30) Large Pages: 0 / 0M, Empty: 0M, Relocated: 0M, In-Place: 0
[16.069s][info][gc,reloc    ] GC(30) Forwarding Usage: 2M
[16.069s][info][gc,heap     ] GC(30) Min Capacity: 8M(0%)
[16.069s][info][gc,heap     ] GC(30) Max Capacity: 2048M(100%)
[16.069s][info][gc,heap     ] GC(30) Soft Max Capacity: 2048M(100%)
[16.069s][info][gc,heap     ] GC(30)                Mark Start          Mark End        Relocate Start      Relocate End           High               Low         
[16.069s][info][gc,heap     ] GC(30)  Capacity:     2048M (100%)       2048M (100%)       2048M (100%)       2048M (100%)       2048M (100%)       2048M (100%)   
[16.069s][info][gc,heap     ] GC(30)      Free:      734M (36%)         716M (35%)        1920M (94%)        1964M (96%)        1964M (96%)         716M (35%)    
[16.069s][info][gc,heap     ] GC(30)      Used:     1314M (64%)        1332M (65%)         128M (6%)           84M (4%)         1332M (65%)          84M (4%)     
[16.069s][info][gc,heap     ] GC(30)      Live:         -                13M (1%)           13M (1%)           13M (1%)             -                  -          
[16.069s][info][gc,heap     ] GC(30) Allocated:         -                18M (1%)           24M (1%)           30M (1%)             -                  -          
[16.069s][info][gc,heap     ] GC(30)   Garbage:         -              1300M (64%)          90M (4%)           40M (2%)             -                  -          
[16.069s][info][gc,heap     ] GC(30) Reclaimed:         -                  -              1210M (59%)        1260M (62%)            -                  -          
[16.069s][info][gc          ] GC(30) Garbage Collection (Allocation Rate) 1314M(64%)->84M(4%)
[16.556s][info][gc,start    ] GC(31) Garbage Collection (Allocation Rate)
[16.556s][info][gc,task     ] GC(31) Using 1 workers
[16.556s][info][gc,phases   ] GC(31) Pause Mark Start 0.012ms
[16.609s][info][gc,phases   ] GC(31) Concurrent Mark 52.982ms
[16.609s][info][gc,phases   ] GC(31) Pause Mark End 0.018ms
[16.609s][info][gc,phases   ] GC(31) Concurrent Mark Free 0.001ms
[16.614s][info][gc,phases   ] GC(31) Concurrent Process Non-Strong References 4.739ms
[16.614s][info][gc,phases   ] GC(31) Concurrent Reset Relocation Set 0.003ms
[16.618s][info][gc,phases   ] GC(31) Concurrent Select Relocation Set 3.951ms
[16.618s][info][gc,phases   ] GC(31) Pause Relocate Start 0.006ms
[16.628s][info][gc,phases   ] GC(31) Concurrent Relocate 9.197ms
[16.628s][info][gc,load     ] GC(31) Load: 0.00/0.00/0.00
[16.628s][info][gc,mmu      ] GC(31) MMU: 2ms/98.4%, 5ms/99.3%, 10ms/99.6%, 20ms/99.7%, 50ms/99.9%, 100ms/99.9%
[16.628s][info][gc,marking  ] GC(31) Mark: 1 stripe(s), 2 proactive flush(es), 1 terminate flush(es), 0 completion(s), 0 continuation(s) 
[16.628s][info][gc,marking  ] GC(31) Mark Stack Usage: 32M
[16.628s][info][gc,nmethod  ] GC(31) NMethods: 1350 registered, 186 unregistered
[16.628s][info][gc,metaspace] GC(31) Metaspace: 8M used, 8M committed, 1088M reserved
[16.628s][info][gc,ref      ] GC(31) Soft: 174 encountered, 0 discovered, 0 enqueued
[16.628s][info][gc,ref      ] GC(31) Weak: 570 encountered, 382 discovered, 0 enqueued
[16.628s][info][gc,ref      ] GC(31) Final: 0 encountered, 0 discovered, 0 enqueued
[16.628s][info][gc,ref      ] GC(31) Phantom: 21 encountered, 10 discovered, 0 enqueued
[16.628s][info][gc,reloc    ] GC(31) Small Pages: 601 / 1202M, Empty: 1152M, Relocated: 3M, In-Place: 0
[16.628s][info][gc,reloc    ] GC(31) Medium Pages: 2 / 64M, Empty: 0M, Relocated: 1M, In-Place: 0
[16.628s][info][gc,reloc    ] GC(31) Large Pages: 0 / 0M, Empty: 0M, Relocated: 0M, In-Place: 0
[16.628s][info][gc,reloc    ] GC(31) Forwarding Usage: 1M
[16.628s][info][gc,heap     ] GC(31) Min Capacity: 8M(0%)
[16.628s][info][gc,heap     ] GC(31) Max Capacity: 2048M(100%)
[16.628s][info][gc,heap     ] GC(31) Soft Max Capacity: 2048M(100%)
[16.628s][info][gc,heap     ] GC(31)                Mark Start          Mark End        Relocate Start      Relocate End           High               Low         
[16.628s][info][gc,heap     ] GC(31)  Capacity:     2048M (100%)       2048M (100%)       2048M (100%)       2048M (100%)       2048M (100%)       2048M (100%)   
[16.628s][info][gc,heap     ] GC(31)      Free:      782M (38%)         702M (34%)        1838M (90%)        1876M (92%)        1888M (92%)         694M (34%)    
[16.628s][info][gc,heap     ] GC(31)      Used:     1266M (62%)        1346M (66%)         210M (10%)         172M (8%)         1354M (66%)         160M (8%)     
[16.628s][info][gc,heap     ] GC(31)      Live:         -                16M (1%)           16M (1%)           16M (1%)             -                  -          
[16.628s][info][gc,heap     ] GC(31) Allocated:         -                80M (4%)           96M (5%)          119M (6%)             -                  -          
[16.628s][info][gc,heap     ] GC(31)   Garbage:         -              1249M (61%)          97M (5%)           35M (2%)             -                  -          
[16.628s][info][gc,heap     ] GC(31) Reclaimed:         -                  -              1152M (56%)        1213M (59%)            -                  -          
[16.628s][info][gc          ] GC(31) Garbage Collection (Allocation Rate) 1266M(62%)->172M(8%)
[17.150s][info][gc,start    ] GC(32) Garbage Collection (Allocation Rate)
[17.150s][info][gc,task     ] GC(32) Using 1 workers
[17.150s][info][gc,phases   ] GC(32) Pause Mark Start 0.017ms
[17.216s][info][gc,phases   ] GC(32) Concurrent Mark 65.883ms
[17.216s][info][gc,phases   ] GC(32) Pause Mark End 0.017ms
[17.216s][info][gc,phases   ] GC(32) Concurrent Mark Free 0.001ms
[17.221s][info][gc,phases   ] GC(32) Concurrent Process Non-Strong References 4.797ms
[17.221s][info][gc,phases   ] GC(32) Concurrent Reset Relocation Set 0.005ms
[17.228s][info][gc,phases   ] GC(32) Concurrent Select Relocation Set 6.947ms
[17.228s][info][gc,phases   ] GC(32) Pause Relocate Start 0.005ms
[17.241s][info][gc,phases   ] GC(32) Concurrent Relocate 13.168ms
[17.241s][info][gc,load     ] GC(32) Load: 0.00/0.00/0.00
[17.241s][info][gc,mmu      ] GC(32) MMU: 2ms/98.4%, 5ms/99.3%, 10ms/99.6%, 20ms/99.7%, 50ms/99.9%, 100ms/99.9%
[17.241s][info][gc,marking  ] GC(32) Mark: 1 stripe(s), 2 proactive flush(es), 1 terminate flush(es), 0 completion(s), 0 continuation(s) 
[17.241s][info][gc,marking  ] GC(32) Mark Stack Usage: 32M
[17.241s][info][gc,nmethod  ] GC(32) NMethods: 1350 registered, 186 unregistered
[17.241s][info][gc,metaspace] GC(32) Metaspace: 8M used, 8M committed, 1088M reserved
[17.242s][info][gc,ref      ] GC(32) Soft: 174 encountered, 0 discovered, 0 enqueued
[17.242s][info][gc,ref      ] GC(32) Weak: 570 encountered, 382 discovered, 0 enqueued
[17.242s][info][gc,ref      ] GC(32) Final: 0 encountered, 0 discovered, 0 enqueued
[17.242s][info][gc,ref      ] GC(32) Phantom: 21 encountered, 10 discovered, 0 enqueued
[17.242s][info][gc,reloc    ] GC(32) Small Pages: 680 / 1360M, Empty: 1306M, Relocated: 4M, In-Place: 0
[17.242s][info][gc,reloc    ] GC(32) Medium Pages: 2 / 64M, Empty: 0M, Relocated: 1M, In-Place: 0
[17.242s][info][gc,reloc    ] GC(32) Large Pages: 0 / 0M, Empty: 0M, Relocated: 0M, In-Place: 0
[17.242s][info][gc,reloc    ] GC(32) Forwarding Usage: 2M
[17.242s][info][gc,heap     ] GC(32) Min Capacity: 8M(0%)
[17.242s][info][gc,heap     ] GC(32) Max Capacity: 2048M(100%)
[17.242s][info][gc,heap     ] GC(32) Soft Max Capacity: 2048M(100%)
[17.242s][info][gc,heap     ] GC(32)                Mark Start          Mark End        Relocate Start      Relocate End           High               Low         
[17.242s][info][gc,heap     ] GC(32)  Capacity:     2048M (100%)       2048M (100%)       2048M (100%)       2048M (100%)       2048M (100%)       2048M (100%)   
[17.242s][info][gc,heap     ] GC(32)      Free:      624M (30%)         514M (25%)        1794M (88%)        1820M (89%)        1840M (90%)         500M (24%)    
[17.242s][info][gc,heap     ] GC(32)      Used:     1424M (70%)        1534M (75%)         254M (12%)         228M (11%)        1548M (76%)         208M (10%)    
[17.242s][info][gc,heap     ] GC(32)      Live:         -                20M (1%)           20M (1%)           20M (1%)             -                  -          
[17.242s][info][gc,heap     ] GC(32) Allocated:         -               110M (5%)          136M (7%)          171M (8%)             -                  -          
[17.242s][info][gc,heap     ] GC(32)   Garbage:         -              1403M (69%)          97M (5%)           35M (2%)             -                  -          
[17.242s][info][gc,heap     ] GC(32) Reclaimed:         -                  -              1306M (64%)        1367M (67%)            -                  -          
[17.242s][info][gc          ] GC(32) Garbage Collection (Allocation Rate) 1424M(70%)->228M(11%)
[17.751s][info][gc,start    ] GC(33) Garbage Collection (Allocation Rate)
[17.751s][info][gc,task     ] GC(33) Using 1 workers
[17.751s][info][gc,phases   ] GC(33) Pause Mark Start 0.016ms
[17.831s][info][gc,phases   ] GC(33) Concurrent Mark 79.403ms
[17.831s][info][gc,phases   ] GC(33) Pause Mark End 0.016ms
[17.831s][info][gc,phases   ] GC(33) Concurrent Mark Free 0.001ms
[17.836s][info][gc,phases   ] GC(33) Concurrent Process Non-Strong References 4.870ms
[17.836s][info][gc,phases   ] GC(33) Concurrent Reset Relocation Set 0.005ms
[17.844s][info][gc,phases   ] GC(33) Concurrent Select Relocation Set 7.824ms
[17.844s][info][gc,phases   ] GC(33) Pause Relocate Start 0.005ms
[17.858s][info][gc,phases   ] GC(33) Concurrent Relocate 13.966ms
[17.858s][info][gc,load     ] GC(33) Load: 0.00/0.00/0.00
[17.858s][info][gc,mmu      ] GC(33) MMU: 2ms/98.4%, 5ms/99.3%, 10ms/99.6%, 20ms/99.7%, 50ms/99.9%, 100ms/99.9%
[17.858s][info][gc,marking  ] GC(33) Mark: 1 stripe(s), 2 proactive flush(es), 1 terminate flush(es), 0 completion(s), 0 continuation(s) 
[17.858s][info][gc,marking  ] GC(33) Mark Stack Usage: 32M
[17.858s][info][gc,nmethod  ] GC(33) NMethods: 1350 registered, 186 unregistered
[17.858s][info][gc,metaspace] GC(33) Metaspace: 8M used, 8M committed, 1088M reserved
[17.858s][info][gc,ref      ] GC(33) Soft: 174 encountered, 0 discovered, 0 enqueued
[17.858s][info][gc,ref      ] GC(33) Weak: 570 encountered, 382 discovered, 0 enqueued
[17.858s][info][gc,ref      ] GC(33) Final: 0 encountered, 0 discovered, 0 enqueued
[17.858s][info][gc,ref      ] GC(33) Phantom: 21 encountered, 10 discovered, 0 enqueued
[17.858s][info][gc,reloc    ] GC(33) Small Pages: 724 / 1448M, Empty: 1404M, Relocated: 5M, In-Place: 0
[17.858s][info][gc,reloc    ] GC(33) Medium Pages: 2 / 64M, Empty: 0M, Relocated: 2M, In-Place: 0
[17.858s][info][gc,reloc    ] GC(33) Large Pages: 0 / 0M, Empty: 0M, Relocated: 0M, In-Place: 0
[17.858s][info][gc,reloc    ] GC(33) Forwarding Usage: 2M
[17.858s][info][gc,heap     ] GC(33) Min Capacity: 8M(0%)
[17.858s][info][gc,heap     ] GC(33) Max Capacity: 2048M(100%)
[17.858s][info][gc,heap     ] GC(33) Soft Max Capacity: 2048M(100%)
[17.858s][info][gc,heap     ] GC(33)                Mark Start          Mark End        Relocate Start      Relocate End           High               Low         
[17.858s][info][gc,heap     ] GC(33)  Capacity:     2048M (100%)       2048M (100%)       2048M (100%)       2048M (100%)       2048M (100%)       2048M (100%)   
[17.858s][info][gc,heap     ] GC(33)      Free:      536M (26%)         344M (17%)        1714M (84%)        1726M (84%)        1752M (86%)         330M (16%)    
[17.858s][info][gc,heap     ] GC(33)      Used:     1512M (74%)        1704M (83%)         334M (16%)         322M (16%)        1718M (84%)         296M (14%)    
[17.859s][info][gc,heap     ] GC(33)      Live:         -                24M (1%)           24M (1%)           24M (1%)             -                  -          
[17.859s][info][gc,heap     ] GC(33) Allocated:         -               192M (9%)          226M (11%)         261M (13%)            -                  -          
[17.859s][info][gc,heap     ] GC(33)   Garbage:         -              1487M (73%)          83M (4%)           35M (2%)             -                  -          
[17.859s][info][gc,heap     ] GC(33) Reclaimed:         -                  -              1404M (69%)        1451M (71%)            -                  -          
[17.859s][info][gc          ] GC(33) Garbage Collection (Allocation Rate) 1512M(74%)->322M(16%)
[18.243s][info][gc,start    ] GC(34) Garbage Collection (Allocation Rate)
[18.243s][info][gc,task     ] GC(34) Using 1 workers
[18.243s][info][gc,phases   ] GC(34) Pause Mark Start 0.016ms
[18.330s][info][gc,phases   ] GC(34) Concurrent Mark 87.499ms
[18.331s][info][gc,phases   ] GC(34) Pause Mark End 0.018ms
[18.331s][info][gc,phases   ] GC(34) Concurrent Mark Free 0.001ms
[18.335s][info][gc,phases   ] GC(34) Concurrent Process Non-Strong References 4.780ms
[18.336s][info][gc,phases   ] GC(34) Concurrent Reset Relocation Set 0.003ms
[18.340s][info][gc,phases   ] GC(34) Concurrent Select Relocation Set 4.008ms
[18.340s][info][gc,phases   ] GC(34) Pause Relocate Start 0.005ms
[18.349s][info][gc,phases   ] GC(34) Concurrent Relocate 9.421ms
[18.349s][info][gc,load     ] GC(34) Load: 0.00/0.00/0.00
[18.349s][info][gc,mmu      ] GC(34) MMU: 2ms/98.4%, 5ms/99.3%, 10ms/99.6%, 20ms/99.7%, 50ms/99.9%, 100ms/99.9%
[18.349s][info][gc,marking  ] GC(34) Mark: 1 stripe(s), 2 proactive flush(es), 1 terminate flush(es), 0 completion(s), 0 continuation(s) 
[18.349s][info][gc,marking  ] GC(34) Mark Stack Usage: 32M
[18.349s][info][gc,nmethod  ] GC(34) NMethods: 1350 registered, 186 unregistered
[18.349s][info][gc,metaspace] GC(34) Metaspace: 8M used, 8M committed, 1088M reserved
[18.349s][info][gc,ref      ] GC(34) Soft: 174 encountered, 0 discovered, 0 enqueued
[18.349s][info][gc,ref      ] GC(34) Weak: 570 encountered, 382 discovered, 0 enqueued
[18.349s][info][gc,ref      ] GC(34) Final: 0 encountered, 0 discovered, 0 enqueued
[18.349s][info][gc,ref      ] GC(34) Phantom: 21 encountered, 10 discovered, 0 enqueued
[18.349s][info][gc,reloc    ] GC(34) Small Pages: 635 / 1270M, Empty: 1218M, Relocated: 3M, In-Place: 0
[18.350s][info][gc,reloc    ] GC(34) Medium Pages: 2 / 64M, Empty: 0M, Relocated: 2M, In-Place: 0
[18.350s][info][gc,reloc    ] GC(34) Large Pages: 0 / 0M, Empty: 0M, Relocated: 0M, In-Place: 0
[18.350s][info][gc,reloc    ] GC(34) Forwarding Usage: 1M
[18.350s][info][gc,heap     ] GC(34) Min Capacity: 8M(0%)
[18.350s][info][gc,heap     ] GC(34) Max Capacity: 2048M(100%)
[18.350s][info][gc,heap     ] GC(34) Soft Max Capacity: 2048M(100%)
[18.350s][info][gc,heap     ] GC(34)                Mark Start          Mark End        Relocate Start      Relocate End           High               Low         
[18.350s][info][gc,heap     ] GC(34)  Capacity:     2048M (100%)       2048M (100%)       2048M (100%)       2048M (100%)       2048M (100%)       2048M (100%)   
[18.350s][info][gc,heap     ] GC(34)      Free:      714M (35%)         540M (26%)        1738M (85%)        1766M (86%)        1780M (87%)         528M (26%)    
[18.350s][info][gc,heap     ] GC(34)      Used:     1334M (65%)        1508M (74%)         310M (15%)         282M (14%)        1520M (74%)         268M (13%)    
[18.350s][info][gc,heap     ] GC(34)      Live:         -                28M (1%)           28M (1%)           28M (1%)             -                  -          
[18.350s][info][gc,heap     ] GC(34) Allocated:         -               174M (8%)          194M (9%)          217M (11%)            -                  -          
[18.350s][info][gc,heap     ] GC(34)   Garbage:         -              1305M (64%)          87M (4%)           35M (2%)             -                  -          
[18.350s][info][gc,heap     ] GC(34) Reclaimed:         -                  -              1218M (59%)        1269M (62%)            -                  -          
[18.350s][info][gc          ] GC(34) Garbage Collection (Allocation Rate) 1334M(65%)->282M(14%)
[18.841s][info][gc,start    ] GC(35) Garbage Collection (Allocation Rate)
[18.841s][info][gc,task     ] GC(35) Using 6 workers
[18.841s][info][gc,phases   ] GC(35) Pause Mark Start 0.017ms
[18.869s][info][gc,phases   ] GC(35) Concurrent Mark 27.579ms
[18.869s][info][gc,phases   ] GC(35) Pause Mark End 0.016ms
[18.869s][info][gc,phases   ] GC(35) Concurrent Mark Free 0.002ms
[18.870s][info][gc,phases   ] GC(35) Concurrent Process Non-Strong References 0.815ms
[18.870s][info][gc,phases   ] GC(35) Concurrent Reset Relocation Set 0.003ms
[18.876s][info][gc,phases   ] GC(35) Concurrent Select Relocation Set 6.035ms
[18.876s][info][gc,phases   ] GC(35) Pause Relocate Start 0.006ms
[18.879s][info][gc,phases   ] GC(35) Concurrent Relocate 2.565ms
[18.879s][info][gc,load     ] GC(35) Load: 0.00/0.00/0.00
[18.879s][info][gc,mmu      ] GC(35) MMU: 2ms/98.4%, 5ms/99.3%, 10ms/99.6%, 20ms/99.7%, 50ms/99.9%, 100ms/99.9%
[18.879s][info][gc,marking  ] GC(35) Mark: 4 stripe(s), 2 proactive flush(es), 1 terminate flush(es), 0 completion(s), 0 continuation(s) 
[18.879s][info][gc,marking  ] GC(35) Mark Stack Usage: 32M
[18.879s][info][gc,nmethod  ] GC(35) NMethods: 1350 registered, 186 unregistered
[18.879s][info][gc,metaspace] GC(35) Metaspace: 8M used, 8M committed, 1088M reserved
[18.879s][info][gc,ref      ] GC(35) Soft: 174 encountered, 0 discovered, 0 enqueued
[18.879s][info][gc,ref      ] GC(35) Weak: 570 encountered, 88 discovered, 0 enqueued
[18.879s][info][gc,ref      ] GC(35) Final: 0 encountered, 0 discovered, 0 enqueued
[18.879s][info][gc,ref      ] GC(35) Phantom: 21 encountered, 11 discovered, 0 enqueued
[18.879s][info][gc,reloc    ] GC(35) Small Pages: 229 / 458M, Empty: 414M, Relocated: 3M, In-Place: 0
[18.879s][info][gc,reloc    ] GC(35) Medium Pages: 2 / 64M, Empty: 32M, Relocated: 0M, In-Place: 0
[18.879s][info][gc,reloc    ] GC(35) Large Pages: 0 / 0M, Empty: 0M, Relocated: 0M, In-Place: 0
[18.879s][info][gc,reloc    ] GC(35) Forwarding Usage: 1M
[18.880s][info][gc,heap     ] GC(35) Min Capacity: 8M(0%)
[18.880s][info][gc,heap     ] GC(35) Max Capacity: 2048M(100%)
[18.880s][info][gc,heap     ] GC(35) Soft Max Capacity: 2048M(100%)
[18.880s][info][gc,heap     ] GC(35)                Mark Start          Mark End        Relocate Start      Relocate End           High               Low         
[18.880s][info][gc,heap     ] GC(35)  Capacity:     2048M (100%)       2048M (100%)       2048M (100%)       2048M (100%)       2048M (100%)       2048M (100%)   
[18.880s][info][gc,heap     ] GC(35)      Free:     1526M (75%)        1518M (74%)        1962M (96%)        1962M (96%)        1962M (96%)        1518M (74%)    
[18.880s][info][gc,heap     ] GC(35)      Used:      522M (25%)         530M (26%)          86M (4%)           86M (4%)          530M (26%)          86M (4%)     
[18.880s][info][gc,heap     ] GC(35)      Live:         -                30M (2%)           30M (2%)           30M (2%)             -                  -          
[18.880s][info][gc,heap     ] GC(35) Allocated:         -                 8M (0%)           10M (0%)           11M (1%)             -                  -          
[18.880s][info][gc,heap     ] GC(35)   Garbage:         -               491M (24%)          45M (2%)           43M (2%)             -                  -          
[18.880s][info][gc,heap     ] GC(35) Reclaimed:         -                  -               446M (22%)         447M (22%)            -                  -          
[18.880s][info][gc          ] GC(35) Garbage Collection (Allocation Rate) 522M(25%)->86M(4%)
[18.887s][info][gc,start    ] GC(36) Garbage Collection (System.gc())
[18.887s][info][gc,task     ] GC(36) Using 12 workers
[18.887s][info][gc,phases   ] GC(36) Pause Mark Start 0.009ms
[18.891s][info][gc,phases   ] GC(36) Concurrent Mark 4.396ms
[18.891s][info][gc,phases   ] GC(36) Pause Mark End 0.014ms
[18.891s][info][gc,phases   ] GC(36) Concurrent Mark Free 0.001ms
[18.892s][info][gc,phases   ] GC(36) Concurrent Process Non-Strong References 0.518ms
[18.892s][info][gc,phases   ] GC(36) Concurrent Reset Relocation Set 0.001ms
[18.896s][info][gc,phases   ] GC(36) Concurrent Select Relocation Set 3.792ms
[18.896s][info][gc,phases   ] GC(36) Pause Relocate Start 0.006ms
[18.897s][info][gc,phases   ] GC(36) Concurrent Relocate 0.950ms
[18.897s][info][gc,load     ] GC(36) Load: 0.00/0.00/0.00
[18.897s][info][gc,mmu      ] GC(36) MMU: 2ms/98.4%, 5ms/99.3%, 10ms/99.6%, 20ms/99.7%, 50ms/99.9%, 100ms/99.9%
[18.897s][info][gc,marking  ] GC(36) Mark: 8 stripe(s), 2 proactive flush(es), 1 terminate flush(es), 0 completion(s), 0 continuation(s) 
[18.897s][info][gc,marking  ] GC(36) Mark Stack Usage: 32M
[18.897s][info][gc,nmethod  ] GC(36) NMethods: 1352 registered, 186 unregistered
[18.897s][info][gc,metaspace] GC(36) Metaspace: 8M used, 8M committed, 1088M reserved
[18.897s][info][gc,ref      ] GC(36) Soft: 174 encountered, 0 discovered, 0 enqueued
[18.897s][info][gc,ref      ] GC(36) Weak: 570 encountered, 7 discovered, 0 enqueued
[18.897s][info][gc,ref      ] GC(36) Final: 0 encountered, 0 discovered, 0 enqueued
[18.897s][info][gc,ref      ] GC(36) Phantom: 21 encountered, 13 discovered, 0 enqueued
[18.897s][info][gc,reloc    ] GC(36) Small Pages: 29 / 58M, Empty: 44M, Relocated: 0M, In-Place: 0
[18.897s][info][gc,reloc    ] GC(36) Medium Pages: 1 / 32M, Empty: 32M, Relocated: 0M, In-Place: 0
[18.897s][info][gc,reloc    ] GC(36) Large Pages: 0 / 0M, Empty: 0M, Relocated: 0M, In-Place: 0
[18.897s][info][gc,reloc    ] GC(36) Forwarding Usage: 0M
[18.897s][info][gc,heap     ] GC(36) Min Capacity: 8M(0%)
[18.897s][info][gc,heap     ] GC(36) Max Capacity: 2048M(100%)
[18.897s][info][gc,heap     ] GC(36) Soft Max Capacity: 2048M(100%)
[18.897s][info][gc,heap     ] GC(36)                Mark Start          Mark End        Relocate Start      Relocate End           High               Low         
[18.897s][info][gc,heap     ] GC(36)  Capacity:     2048M (100%)       2048M (100%)       2048M (100%)       2048M (100%)       2048M (100%)       2048M (100%)   
[18.897s][info][gc,heap     ] GC(36)      Free:     1958M (96%)        1958M (96%)        2034M (99%)        2034M (99%)        2034M (99%)        1958M (96%)    
[18.897s][info][gc,heap     ] GC(36)      Used:       90M (4%)           90M (4%)           14M (1%)           14M (1%)           90M (4%)           14M (1%)     
[18.898s][info][gc,heap     ] GC(36)      Live:         -                 4M (0%)            4M (0%)            4M (0%)             -                  -          
[18.898s][info][gc,heap     ] GC(36) Allocated:         -                 0M (0%)            0M (0%)            0M (0%)             -                  -          
[18.898s][info][gc,heap     ] GC(36)   Garbage:         -                85M (4%)            9M (0%)            9M (0%)             -                  -          
[18.898s][info][gc,heap     ] GC(36) Reclaimed:         -                  -                76M (4%)           76M (4%)             -                  -          
[18.898s][info][gc          ] GC(36) Garbage Collection (System.gc()) 90M(4%)->14M(1%)
[19.541s][info][gc,start    ] GC(37) Garbage Collection (Allocation Rate)
[19.541s][info][gc,task     ] GC(37) Using 2 workers
[19.541s][info][gc,phases   ] GC(37) Pause Mark Start 0.017ms
[19.564s][info][gc,phases   ] GC(37) Concurrent Mark 22.648ms
[19.564s][info][gc,phases   ] GC(37) Pause Mark End 0.018ms
[19.564s][info][gc,phases   ] GC(37) Concurrent Mark Free 0.001ms
[19.566s][info][gc,phases   ] GC(37) Concurrent Process Non-Strong References 2.140ms
[19.566s][info][gc,phases   ] GC(37) Concurrent Reset Relocation Set 0.001ms
[19.571s][info][gc,phases   ] GC(37) Concurrent Select Relocation Set 4.662ms
[19.571s][info][gc,phases   ] GC(37) Pause Relocate Start 0.008ms
[19.578s][info][gc,phases   ] GC(37) Concurrent Relocate 6.920ms
[19.578s][info][gc,load     ] GC(37) Load: 0.00/0.00/0.00
[19.578s][info][gc,mmu      ] GC(37) MMU: 2ms/98.4%, 5ms/99.3%, 10ms/99.6%, 20ms/99.7%, 50ms/99.9%, 100ms/99.9%
[19.578s][info][gc,marking  ] GC(37) Mark: 2 stripe(s), 2 proactive flush(es), 1 terminate flush(es), 0 completion(s), 0 continuation(s) 
[19.578s][info][gc,marking  ] GC(37) Mark Stack Usage: 32M
[19.578s][info][gc,nmethod  ] GC(37) NMethods: 1355 registered, 186 unregistered
[19.578s][info][gc,metaspace] GC(37) Metaspace: 8M used, 8M committed, 1088M reserved
[19.578s][info][gc,ref      ] GC(37) Soft: 174 encountered, 0 discovered, 0 enqueued
[19.578s][info][gc,ref      ] GC(37) Weak: 570 encountered, 118 discovered, 0 enqueued
[19.578s][info][gc,ref      ] GC(37) Final: 0 encountered, 0 discovered, 0 enqueued
[19.578s][info][gc,ref      ] GC(37) Phantom: 21 encountered, 11 discovered, 0 enqueued
[19.578s][info][gc,reloc    ] GC(37) Small Pages: 770 / 1540M, Empty: 1498M, Relocated: 4M, In-Place: 0
[19.578s][info][gc,reloc    ] GC(37) Medium Pages: 1 / 32M, Empty: 0M, Relocated: 0M, In-Place: 0
[19.579s][info][gc,reloc    ] GC(37) Large Pages: 0 / 0M, Empty: 0M, Relocated: 0M, In-Place: 0
[19.579s][info][gc,reloc    ] GC(37) Forwarding Usage: 2M
[19.579s][info][gc,heap     ] GC(37) Min Capacity: 8M(0%)
[19.579s][info][gc,heap     ] GC(37) Max Capacity: 2048M(100%)
[19.579s][info][gc,heap     ] GC(37) Soft Max Capacity: 2048M(100%)
[19.579s][info][gc,heap     ] GC(37)                Mark Start          Mark End        Relocate Start      Relocate End           High               Low         
[19.579s][info][gc,heap     ] GC(37)  Capacity:     2048M (100%)       2048M (100%)       2048M (100%)       2048M (100%)       2048M (100%)       2048M (100%)   
[19.579s][info][gc,heap     ] GC(37)      Free:      476M (23%)         446M (22%)        1932M (94%)        1948M (95%)        1956M (96%)         442M (22%)    
[19.579s][info][gc,heap     ] GC(37)      Used:     1572M (77%)        1602M (78%)         116M (6%)          100M (5%)         1606M (78%)          92M (4%)     
[19.579s][info][gc,heap     ] GC(37)      Live:         -                 8M (0%)            8M (0%)            8M (0%)             -                  -          
[19.579s][info][gc,heap     ] GC(37) Allocated:         -                30M (1%)           42M (2%)           55M (3%)             -                  -          
[19.579s][info][gc,heap     ] GC(37)   Garbage:         -              1563M (76%)          65M (3%)           35M (2%)             -                  -          
[19.579s][info][gc,heap     ] GC(37) Reclaimed:         -                  -              1498M (73%)        1527M (75%)            -                  -          
[19.579s][info][gc          ] GC(37) Garbage Collection (Allocation Rate) 1572M(77%)->100M(5%)
[19.742s][info][gc,start    ] GC(38) Garbage Collection (Allocation Rate)
[19.742s][info][gc,task     ] GC(38) Using 6 workers
[19.742s][info][gc,phases   ] GC(38) Pause Mark Start 0.015ms
[19.756s][info][gc,phases   ] GC(38) Concurrent Mark 13.617ms
[19.756s][info][gc,phases   ] GC(38) Pause Mark End 0.017ms
[19.756s][info][gc,phases   ] GC(38) Concurrent Mark Free 0.001ms
[19.757s][info][gc,phases   ] GC(38) Concurrent Process Non-Strong References 0.962ms
[19.757s][info][gc,phases   ] GC(38) Concurrent Reset Relocation Set 0.004ms
[19.761s][info][gc,phases   ] GC(38) Concurrent Select Relocation Set 3.851ms
[19.761s][info][gc,phases   ] GC(38) Pause Relocate Start 0.006ms
[19.764s][info][gc,phases   ] GC(38) Concurrent Relocate 3.306ms
[19.764s][info][gc,load     ] GC(38) Load: 0.00/0.00/0.00
[19.764s][info][gc,mmu      ] GC(38) MMU: 2ms/98.4%, 5ms/99.3%, 10ms/99.6%, 20ms/99.7%, 50ms/99.9%, 100ms/99.9%
[19.764s][info][gc,marking  ] GC(38) Mark: 4 stripe(s), 2 proactive flush(es), 1 terminate flush(es), 0 completion(s), 0 continuation(s) 
[19.765s][info][gc,marking  ] GC(38) Mark Stack Usage: 32M
[19.765s][info][gc,nmethod  ] GC(38) NMethods: 1355 registered, 186 unregistered
[19.765s][info][gc,metaspace] GC(38) Metaspace: 8M used, 8M committed, 1088M reserved
[19.765s][info][gc,ref      ] GC(38) Soft: 174 encountered, 0 discovered, 0 enqueued
[19.765s][info][gc,ref      ] GC(38) Weak: 570 encountered, 125 discovered, 0 enqueued
[19.765s][info][gc,ref      ] GC(38) Final: 0 encountered, 0 discovered, 0 enqueued
[19.765s][info][gc,ref      ] GC(38) Phantom: 21 encountered, 17 discovered, 0 enqueued
[19.765s][info][gc,reloc    ] GC(38) Small Pages: 218 / 436M, Empty: 408M, Relocated: 3M, In-Place: 0
[19.765s][info][gc,reloc    ] GC(38) Medium Pages: 2 / 64M, Empty: 32M, Relocated: 0M, In-Place: 0
[19.765s][info][gc,reloc    ] GC(38) Large Pages: 0 / 0M, Empty: 0M, Relocated: 0M, In-Place: 0
[19.765s][info][gc,reloc    ] GC(38) Forwarding Usage: 1M
[19.765s][info][gc,heap     ] GC(38) Min Capacity: 8M(0%)
[19.765s][info][gc,heap     ] GC(38) Max Capacity: 2048M(100%)
[19.765s][info][gc,heap     ] GC(38) Soft Max Capacity: 2048M(100%)
[19.765s][info][gc,heap     ] GC(38)                Mark Start          Mark End        Relocate Start      Relocate End           High               Low         
[19.765s][info][gc,heap     ] GC(38)  Capacity:     2048M (100%)       2048M (100%)       2048M (100%)       2048M (100%)       2048M (100%)       2048M (100%)   
[19.765s][info][gc,heap     ] GC(38)      Free:     1548M (76%)        1514M (74%)        1942M (95%)        1942M (95%)        1944M (95%)        1512M (74%)    
[19.765s][info][gc,heap     ] GC(38)      Used:      500M (24%)         534M (26%)         106M (5%)          106M (5%)          536M (26%)         104M (5%)     
[19.765s][info][gc,heap     ] GC(38)      Live:         -                10M (0%)           10M (0%)           10M (0%)             -                  -          
[19.765s][info][gc,heap     ] GC(38) Allocated:         -                34M (2%)           46M (2%)           53M (3%)             -                  -          
[19.765s][info][gc,heap     ] GC(38)   Garbage:         -               489M (24%)          49M (2%)           41M (2%)             -                  -          
[19.765s][info][gc,heap     ] GC(38) Reclaimed:         -                  -               440M (21%)         447M (22%)            -                  -          
[19.765s][info][gc          ] GC(38) Garbage Collection (Allocation Rate) 500M(24%)->106M(5%)
[20.141s][info][gc,stats    ] === Garbage Collection Statistics =======================================================================================================================
[20.141s][info][gc,stats    ]                                                              Last 10s              Last 10m              Last 10h                Total
[20.141s][info][gc,stats    ]                                                              Avg / Max             Avg / Max             Avg / Max             Avg / Max
[20.141s][info][gc,stats    ]   Collector: Garbage Collection Cycle                     57.293 / 135.544      56.161 / 135.544      56.161 / 135.544      56.161 / 135.544     ms
[20.141s][info][gc,stats    ]  Contention: Mark Segment Reset Contention                     2 / 6                 2 / 17                2 / 17                2 / 17          ops/s
[20.141s][info][gc,stats    ]  Contention: Mark SeqNum Reset Contention                      0 / 1                 0 / 1                 0 / 1                 0 / 1           ops/s
[20.141s][info][gc,stats    ]    Critical: Allocation Stall                                  0 / 0                 0 / 0                 0 / 0                 0 / 0           ops/s
[20.141s][info][gc,stats    ]    Critical: Allocation Stall                              0.000 / 0.000         0.000 / 0.000         0.000 / 0.000         0.000 / 0.000       ms
[20.142s][info][gc,stats    ]    Critical: GC Locker Stall                                   0 / 0                 0 / 0                 0 / 0                 0 / 0           ops/s
[20.142s][info][gc,stats    ]    Critical: GC Locker Stall                               0.000 / 0.000         0.000 / 0.000         0.000 / 0.000         0.000 / 0.000       ms
[20.142s][info][gc,stats    ]    Critical: Relocation Stall                                  0 / 0                 0 / 0                 0 / 0                 0 / 0           ops/s
[20.142s][info][gc,stats    ]    Critical: Relocation Stall                              0.000 / 0.000         0.000 / 0.000         0.000 / 0.000         0.000 / 0.000       ms
[20.142s][info][gc,stats    ]      Memory: Allocation Rate                                2109 / 2500           1946 / 2500           1946 / 2500           1946 / 2500        MB/s
[20.142s][info][gc,stats    ]      Memory: Defragment                                        0 / 0                 0 / 0                 0 / 0                 0 / 0           ops/s
[20.142s][info][gc,stats    ]      Memory: Out Of Memory                                     0 / 0                 0 / 0                 0 / 0                 0 / 0           ops/s
[20.142s][info][gc,stats    ]      Memory: Page Cache Flush                                  0 / 0                 0 / 0                 0 / 0                 0 / 0           MB/s
[20.142s][info][gc,stats    ]      Memory: Page Cache Hit L1                              1034 / 1228            915 / 1245            915 / 1245            915 / 1245        ops/s
[20.142s][info][gc,stats    ]      Memory: Page Cache Hit L2                                 0 / 0                 0 / 0                 0 / 0                 0 / 0           ops/s
[20.142s][info][gc,stats    ]      Memory: Page Cache Hit L3                                 0 / 1                43 / 355              43 / 355              43 / 355         ops/s
[20.142s][info][gc,stats    ]      Memory: Page Cache Miss                                   0 / 0                 0 / 1                 0 / 1                 0 / 1           ops/s
[20.142s][info][gc,stats    ]      Memory: Uncommit                                          0 / 0                 0 / 0                 0 / 0                 0 / 0           MB/s
[20.142s][info][gc,stats    ]      Memory: Undo Object Allocation Failed                     0 / 0                 0 / 0                 0 / 0                 0 / 0           ops/s
[20.142s][info][gc,stats    ]      Memory: Undo Object Allocation Succeeded                  0 / 3                 0 / 3                 0 / 3                 0 / 3           ops/s
[20.142s][info][gc,stats    ]      Memory: Undo Page Allocation                              0 / 0                 0 / 0                 0 / 0                 0 / 0           ops/s
[20.142s][info][gc,stats    ]       Phase: Concurrent Mark                              41.599 / 114.416      39.776 / 114.416      39.776 / 114.416      39.776 / 114.416     ms
[20.142s][info][gc,stats    ]       Phase: Concurrent Mark Continue                      0.000 / 0.000         0.000 / 0.000         0.000 / 0.000         0.000 / 0.000       ms
[20.142s][info][gc,stats    ]       Phase: Concurrent Mark Free                          0.001 / 0.002         0.001 / 0.002         0.001 / 0.002         0.001 / 0.002       ms
[20.142s][info][gc,stats    ]       Phase: Concurrent Process Non-Strong References      2.499 / 4.870         2.428 / 4.963         2.428 / 4.963         2.428 / 4.963       ms
[20.142s][info][gc,stats    ]       Phase: Concurrent Relocate                           7.071 / 21.306        7.465 / 21.306        7.465 / 21.306        7.465 / 21.306      ms
[20.142s][info][gc,stats    ]       Phase: Concurrent Reset Relocation Set               0.003 / 0.006         0.003 / 0.006         0.003 / 0.006         0.003 / 0.006       ms
[20.142s][info][gc,stats    ]       Phase: Concurrent Select Relocation Set              5.198 / 10.745        5.530 / 14.777        5.530 / 14.777        5.530 / 14.777      ms
[20.142s][info][gc,stats    ]       Phase: Pause Mark End                                0.017 / 0.021         0.019 / 0.033         0.019 / 0.033         0.019 / 0.033       ms
[20.142s][info][gc,stats    ]       Phase: Pause Mark Start                              0.016 / 0.019         0.016 / 0.021         0.016 / 0.021         0.016 / 0.021       ms
[20.142s][info][gc,stats    ]       Phase: Pause Relocate Start                          0.006 / 0.009         0.007 / 0.010         0.007 / 0.010         0.007 / 0.010       ms
[20.142s][info][gc,stats    ]    Subphase: Concurrent Classes Purge                      0.009 / 0.069         0.035 / 0.387         0.035 / 0.387         0.035 / 0.387       ms
[20.142s][info][gc,stats    ]    Subphase: Concurrent Classes Unlink                     1.997 / 3.937         1.898 / 3.943         1.898 / 3.943         1.898 / 3.943       ms
[20.143s][info][gc,stats    ]    Subphase: Concurrent Mark                              18.591 / 113.770      16.850 / 113.770      16.850 / 113.770      16.850 / 113.770     ms
[20.143s][info][gc,stats    ]    Subphase: Concurrent Mark Try Flush                     0.032 / 0.089         0.036 / 0.089         0.036 / 0.089         0.036 / 0.089       ms
[20.143s][info][gc,stats    ]    Subphase: Concurrent Mark Try Terminate                 1.565 / 11.845        1.747 / 11.845        1.747 / 11.845        1.747 / 11.845      ms
[20.143s][info][gc,stats    ]    Subphase: Concurrent References Enqueue                 0.000 / 0.001         0.001 / 0.004         0.001 / 0.004         0.001 / 0.004       ms
[20.143s][info][gc,stats    ]    Subphase: Concurrent References Process                 0.049 / 0.098         0.052 / 0.098         0.052 / 0.098         0.052 / 0.098       ms
[20.143s][info][gc,stats    ]    Subphase: Concurrent Roots ClassLoaderDataGraph         0.100 / 0.319         0.093 / 0.612         0.093 / 0.612         0.093 / 0.612       ms
[20.143s][info][gc,stats    ]    Subphase: Concurrent Roots CodeCache                    0.000 / 0.000         0.000 / 0.000         0.000 / 0.000         0.000 / 0.000       ms
[20.143s][info][gc,stats    ]    Subphase: Concurrent Roots JavaThreads                  0.291 / 1.236         0.290 / 1.382         0.290 / 1.382         0.290 / 1.382       ms
[20.143s][info][gc,stats    ]    Subphase: Concurrent Roots OopStorageSet                0.016 / 0.065         0.022 / 0.217         0.022 / 0.217         0.022 / 0.217       ms
[20.143s][info][gc,stats    ]    Subphase: Concurrent Weak Roots OopStorageSet           0.154 / 0.800         0.150 / 1.059         0.150 / 1.059         0.150 / 1.059       ms
[20.143s][info][gc,stats    ]    Subphase: Pause Mark Try Complete                       0.000 / 0.000         0.000 / 0.000         0.000 / 0.000         0.000 / 0.000       ms
[20.143s][info][gc,stats    ]      System: Java Threads                                     14 / 19               16 / 24               16 / 24               16 / 24          threads
[20.143s][info][gc,stats    ] =========================================================================================================================================================
[20.342s][info][gc,start    ] GC(39) Garbage Collection (Allocation Rate)
[20.342s][info][gc,task     ] GC(39) Using 6 workers
[20.342s][info][gc,phases   ] GC(39) Pause Mark Start 0.013ms
[20.360s][info][gc,phases   ] GC(39) Concurrent Mark 17.625ms
[20.360s][info][gc,phases   ] GC(39) Pause Mark End 0.012ms
[20.360s][info][gc,phases   ] GC(39) Concurrent Mark Free 0.001ms
[20.361s][info][gc,phases   ] GC(39) Concurrent Process Non-Strong References 0.874ms
[20.361s][info][gc,phases   ] GC(39) Concurrent Reset Relocation Set 0.002ms
[20.368s][info][gc,phases   ] GC(39) Concurrent Select Relocation Set 6.868ms
[20.368s][info][gc,phases   ] GC(39) Pause Relocate Start 0.006ms
[20.374s][info][gc,phases   ] GC(39) Concurrent Relocate 5.770ms
[20.374s][info][gc,load     ] GC(39) Load: 0.00/0.00/0.00
[20.374s][info][gc,mmu      ] GC(39) MMU: 2ms/98.4%, 5ms/99.3%, 10ms/99.6%, 20ms/99.7%, 50ms/99.9%, 100ms/99.9%
[20.374s][info][gc,marking  ] GC(39) Mark: 4 stripe(s), 2 proactive flush(es), 1 terminate flush(es), 0 completion(s), 0 continuation(s) 
[20.374s][info][gc,marking  ] GC(39) Mark Stack Usage: 32M
[20.374s][info][gc,nmethod  ] GC(39) NMethods: 1355 registered, 186 unregistered
[20.374s][info][gc,metaspace] GC(39) Metaspace: 8M used, 8M committed, 1088M reserved
[20.374s][info][gc,ref      ] GC(39) Soft: 174 encountered, 0 discovered, 0 enqueued
[20.374s][info][gc,ref      ] GC(39) Weak: 570 encountered, 158 discovered, 0 enqueued
[20.374s][info][gc,ref      ] GC(39) Final: 0 encountered, 0 discovered, 0 enqueued
[20.374s][info][gc,ref      ] GC(39) Phantom: 21 encountered, 10 discovered, 0 enqueued
[20.374s][info][gc,reloc    ] GC(39) Small Pages: 747 / 1494M, Empty: 1462M, Relocated: 8M, In-Place: 0
[20.374s][info][gc,reloc    ] GC(39) Medium Pages: 2 / 64M, Empty: 0M, Relocated: 0M, In-Place: 0
[20.374s][info][gc,reloc    ] GC(39) Large Pages: 0 / 0M, Empty: 0M, Relocated: 0M, In-Place: 0
[20.374s][info][gc,reloc    ] GC(39) Forwarding Usage: 3M
[20.374s][info][gc,heap     ] GC(39) Min Capacity: 8M(0%)
[20.374s][info][gc,heap     ] GC(39) Max Capacity: 2048M(100%)
[20.374s][info][gc,heap     ] GC(39) Soft Max Capacity: 2048M(100%)
[20.374s][info][gc,heap     ] GC(39)                Mark Start          Mark End        Relocate Start      Relocate End           High               Low         
[20.374s][info][gc,heap     ] GC(39)  Capacity:     2048M (100%)       2048M (100%)       2048M (100%)       2048M (100%)       2048M (100%)       2048M (100%)   
[20.374s][info][gc,heap     ] GC(39)      Free:      490M (24%)         454M (22%)        1914M (93%)        1956M (96%)        1956M (96%)         454M (22%)    
[20.374s][info][gc,heap     ] GC(39)      Used:     1558M (76%)        1594M (78%)         134M (7%)           92M (4%)         1594M (78%)          92M (4%)     
[20.375s][info][gc,heap     ] GC(39)      Live:         -                14M (1%)           14M (1%)           14M (1%)             -                  -          
[20.375s][info][gc,heap     ] GC(39) Allocated:         -                36M (2%)           38M (2%)           39M (2%)             -                  -          
[20.375s][info][gc,heap     ] GC(39)   Garbage:         -              1543M (75%)          81M (4%)           37M (2%)             -                  -          
[20.375s][info][gc,heap     ] GC(39) Reclaimed:         -                  -              1462M (71%)        1505M (74%)            -                  -          
[20.375s][info][gc          ] GC(39) Garbage Collection (Allocation Rate) 1558M(76%)->92M(4%)
[20.951s][info][gc,start    ] GC(40) Garbage Collection (Allocation Rate)
[20.951s][info][gc,task     ] GC(40) Using 2 workers
[20.951s][info][gc,phases   ] GC(40) Pause Mark Start 0.017ms
[20.998s][info][gc,phases   ] GC(40) Concurrent Mark 46.487ms
[20.998s][info][gc,phases   ] GC(40) Pause Mark End 0.016ms
[20.998s][info][gc,phases   ] GC(40) Concurrent Mark Free 0.001ms
[21.000s][info][gc,phases   ] GC(40) Concurrent Process Non-Strong References 2.304ms
[21.000s][info][gc,phases   ] GC(40) Concurrent Reset Relocation Set 0.003ms
[21.005s][info][gc,phases   ] GC(40) Concurrent Select Relocation Set 4.099ms
[21.005s][info][gc,phases   ] GC(40) Pause Relocate Start 0.006ms
[21.012s][info][gc,phases   ] GC(40) Concurrent Relocate 7.239ms
[21.012s][info][gc,load     ] GC(40) Load: 0.00/0.00/0.00
[21.012s][info][gc,mmu      ] GC(40) MMU: 2ms/98.4%, 5ms/99.3%, 10ms/99.6%, 20ms/99.7%, 50ms/99.9%, 100ms/99.9%
[21.012s][info][gc,marking  ] GC(40) Mark: 2 stripe(s), 2 proactive flush(es), 1 terminate flush(es), 0 completion(s), 0 continuation(s) 
[21.012s][info][gc,marking  ] GC(40) Mark Stack Usage: 32M
[21.012s][info][gc,nmethod  ] GC(40) NMethods: 1355 registered, 186 unregistered
[21.012s][info][gc,metaspace] GC(40) Metaspace: 8M used, 8M committed, 1088M reserved
[21.012s][info][gc,ref      ] GC(40) Soft: 174 encountered, 0 discovered, 0 enqueued
[21.012s][info][gc,ref      ] GC(40) Weak: 570 encountered, 3 discovered, 0 enqueued
[21.012s][info][gc,ref      ] GC(40) Final: 0 encountered, 0 discovered, 0 enqueued
[21.012s][info][gc,ref      ] GC(40) Phantom: 21 encountered, 19 discovered, 0 enqueued
[21.012s][info][gc,reloc    ] GC(40) Small Pages: 729 / 1458M, Empty: 1400M, Relocated: 4M, In-Place: 0
[21.012s][info][gc,reloc    ] GC(40) Medium Pages: 2 / 64M, Empty: 0M, Relocated: 1M, In-Place: 0
[21.012s][info][gc,reloc    ] GC(40) Large Pages: 0 / 0M, Empty: 0M, Relocated: 0M, In-Place: 0
[21.012s][info][gc,reloc    ] GC(40) Forwarding Usage: 2M
[21.012s][info][gc,heap     ] GC(40) Min Capacity: 8M(0%)
[21.012s][info][gc,heap     ] GC(40) Max Capacity: 2048M(100%)
[21.012s][info][gc,heap     ] GC(40) Soft Max Capacity: 2048M(100%)
[21.013s][info][gc,heap     ] GC(40)                Mark Start          Mark End        Relocate Start      Relocate End           High               Low         
[21.013s][info][gc,heap     ] GC(40)  Capacity:     2048M (100%)       2048M (100%)       2048M (100%)       2048M (100%)       2048M (100%)       2048M (100%)   
[21.013s][info][gc,heap     ] GC(40)      Free:      526M (26%)         452M (22%)        1842M (90%)        1890M (92%)        1898M (93%)         448M (22%)    
[21.013s][info][gc,heap     ] GC(40)      Used:     1522M (74%)        1596M (78%)         206M (10%)         158M (8%)         1600M (78%)         150M (7%)     
[21.013s][info][gc,heap     ] GC(40)      Live:         -                18M (1%)           18M (1%)           18M (1%)             -                  -          
[21.013s][info][gc,heap     ] GC(40) Allocated:         -                74M (4%)           84M (4%)          101M (5%)             -                  -          
[21.013s][info][gc,heap     ] GC(40)   Garbage:         -              1503M (73%)         103M (5%)           37M (2%)             -                  -          
[21.013s][info][gc,heap     ] GC(40) Reclaimed:         -                  -              1400M (68%)        1465M (72%)            -                  -          
[21.013s][info][gc          ] GC(40) Garbage Collection (Allocation Rate) 1522M(74%)->158M(8%)
[21.541s][info][gc,start    ] GC(41) Garbage Collection (Allocation Rate)
[21.541s][info][gc,task     ] GC(41) Using 1 workers
[21.541s][info][gc,phases   ] GC(41) Pause Mark Start 0.015ms
[21.612s][info][gc,phases   ] GC(41) Concurrent Mark 70.113ms
[21.612s][info][gc,phases   ] GC(41) Pause Mark End 0.018ms
[21.612s][info][gc,phases   ] GC(41) Concurrent Mark Free 0.001ms
[21.615s][info][gc,phases   ] GC(41) Concurrent Process Non-Strong References 2.862ms
[21.615s][info][gc,phases   ] GC(41) Concurrent Reset Relocation Set 0.005ms
[21.619s][info][gc,phases   ] GC(41) Concurrent Select Relocation Set 4.191ms
[21.619s][info][gc,phases   ] GC(41) Pause Relocate Start 0.008ms
[21.633s][info][gc,phases   ] GC(41) Concurrent Relocate 13.815ms
[21.633s][info][gc,load     ] GC(41) Load: 0.00/0.00/0.00
[21.633s][info][gc,mmu      ] GC(41) MMU: 2ms/98.4%, 5ms/99.3%, 10ms/99.6%, 20ms/99.7%, 50ms/99.9%, 100ms/99.9%
[21.633s][info][gc,marking  ] GC(41) Mark: 1 stripe(s), 2 proactive flush(es), 1 terminate flush(es), 0 completion(s), 0 continuation(s) 
[21.633s][info][gc,marking  ] GC(41) Mark Stack Usage: 32M
[21.633s][info][gc,nmethod  ] GC(41) NMethods: 1355 registered, 186 unregistered
[21.633s][info][gc,metaspace] GC(41) Metaspace: 8M used, 8M committed, 1088M reserved
[21.633s][info][gc,ref      ] GC(41) Soft: 174 encountered, 0 discovered, 0 enqueued
[21.633s][info][gc,ref      ] GC(41) Weak: 570 encountered, 382 discovered, 0 enqueued
[21.633s][info][gc,ref      ] GC(41) Final: 0 encountered, 0 discovered, 0 enqueued
[21.633s][info][gc,ref      ] GC(41) Phantom: 21 encountered, 10 discovered, 0 enqueued
[21.633s][info][gc,reloc    ] GC(41) Small Pages: 680 / 1360M, Empty: 1300M, Relocated: 4M, In-Place: 0
[21.633s][info][gc,reloc    ] GC(41) Medium Pages: 2 / 64M, Empty: 0M, Relocated: 1M, In-Place: 0
[21.633s][info][gc,reloc    ] GC(41) Large Pages: 0 / 0M, Empty: 0M, Relocated: 0M, In-Place: 0
[21.633s][info][gc,reloc    ] GC(41) Forwarding Usage: 1M
[21.633s][info][gc,heap     ] GC(41) Min Capacity: 8M(0%)
[21.633s][info][gc,heap     ] GC(41) Max Capacity: 2048M(100%)
[21.633s][info][gc,heap     ] GC(41) Soft Max Capacity: 2048M(100%)
[21.633s][info][gc,heap     ] GC(41)                Mark Start          Mark End        Relocate Start      Relocate End           High               Low         
[21.634s][info][gc,heap     ] GC(41)  Capacity:     2048M (100%)       2048M (100%)       2048M (100%)       2048M (100%)       2048M (100%)       2048M (100%)   
[21.634s][info][gc,heap     ] GC(41)      Free:      624M (30%)         482M (24%)        1774M (87%)        1802M (88%)        1826M (89%)         478M (23%)    
[21.634s][info][gc,heap     ] GC(41)      Used:     1424M (70%)        1566M (76%)         274M (13%)         246M (12%)        1570M (77%)         222M (11%)    
[21.634s][info][gc,heap     ] GC(41)      Live:         -                22M (1%)           22M (1%)           22M (1%)             -                  -          
[21.634s][info][gc,heap     ] GC(41) Allocated:         -               142M (7%)          150M (7%)          187M (9%)             -                  -          
[21.634s][info][gc,heap     ] GC(41)   Garbage:         -              1401M (68%)         101M (5%)           35M (2%)             -                  -          
[21.634s][info][gc,heap     ] GC(41) Reclaimed:         -                  -              1300M (63%)        1365M (67%)            -                  -          
[21.634s][info][gc          ] GC(41) Garbage Collection (Allocation Rate) 1424M(70%)->246M(12%)
[22.153s][info][gc,start    ] GC(42) Garbage Collection (Allocation Rate)
[22.154s][info][gc,task     ] GC(42) Using 1 workers
[22.154s][info][gc,phases   ] GC(42) Pause Mark Start 0.010ms
[22.237s][info][gc,phases   ] GC(42) Concurrent Mark 83.072ms
[22.237s][info][gc,phases   ] GC(42) Pause Mark End 0.020ms
[22.237s][info][gc,phases   ] GC(42) Concurrent Mark Free 0.001ms
[22.240s][info][gc,phases   ] GC(42) Concurrent Process Non-Strong References 2.909ms
[22.240s][info][gc,phases   ] GC(42) Concurrent Reset Relocation Set 0.005ms
[22.245s][info][gc,phases   ] GC(42) Concurrent Select Relocation Set 5.210ms
[22.245s][info][gc,phases   ] GC(42) Pause Relocate Start 0.005ms
[22.264s][info][gc,phases   ] GC(42) Concurrent Relocate 18.767ms
[22.264s][info][gc,load     ] GC(42) Load: 0.00/0.00/0.00
[22.264s][info][gc,mmu      ] GC(42) MMU: 2ms/98.4%, 5ms/99.3%, 10ms/99.6%, 20ms/99.7%, 50ms/99.9%, 100ms/99.9%
[22.264s][info][gc,marking  ] GC(42) Mark: 1 stripe(s), 2 proactive flush(es), 1 terminate flush(es), 0 completion(s), 0 continuation(s) 
[22.264s][info][gc,marking  ] GC(42) Mark Stack Usage: 32M
[22.264s][info][gc,nmethod  ] GC(42) NMethods: 1355 registered, 186 unregistered
[22.264s][info][gc,metaspace] GC(42) Metaspace: 8M used, 8M committed, 1088M reserved
[22.264s][info][gc,ref      ] GC(42) Soft: 174 encountered, 0 discovered, 0 enqueued
[22.264s][info][gc,ref      ] GC(42) Weak: 570 encountered, 382 discovered, 0 enqueued
[22.264s][info][gc,ref      ] GC(42) Final: 0 encountered, 0 discovered, 0 enqueued
[22.264s][info][gc,ref      ] GC(42) Phantom: 21 encountered, 10 discovered, 0 enqueued
[22.264s][info][gc,reloc    ] GC(42) Small Pages: 722 / 1444M, Empty: 1394M, Relocated: 6M, In-Place: 0
[22.264s][info][gc,reloc    ] GC(42) Medium Pages: 2 / 64M, Empty: 0M, Relocated: 2M, In-Place: 0
[22.264s][info][gc,reloc    ] GC(42) Large Pages: 0 / 0M, Empty: 0M, Relocated: 0M, In-Place: 0
[22.265s][info][gc,reloc    ] GC(42) Forwarding Usage: 3M
[22.265s][info][gc,heap     ] GC(42) Min Capacity: 8M(0%)
[22.265s][info][gc,heap     ] GC(42) Max Capacity: 2048M(100%)
[22.265s][info][gc,heap     ] GC(42) Soft Max Capacity: 2048M(100%)
[22.265s][info][gc,heap     ] GC(42)                Mark Start          Mark End        Relocate Start      Relocate End           High               Low         
[22.265s][info][gc,heap     ] GC(42)  Capacity:     2048M (100%)       2048M (100%)       2048M (100%)       2048M (100%)       2048M (100%)       2048M (100%)   
[22.265s][info][gc,heap     ] GC(42)      Free:      540M (26%)         374M (18%)        1752M (86%)        1754M (86%)        1788M (87%)         366M (18%)    
[22.265s][info][gc,heap     ] GC(42)      Used:     1508M (74%)        1674M (82%)         296M (14%)         294M (14%)        1682M (82%)         260M (13%)    
[22.265s][info][gc,heap     ] GC(42)      Live:         -                26M (1%)           26M (1%)           26M (1%)             -                  -          
[22.265s][info][gc,heap     ] GC(42) Allocated:         -               166M (8%)          182M (9%)          231M (11%)            -                  -          
[22.265s][info][gc,heap     ] GC(42)   Garbage:         -              1481M (72%)          87M (4%)           35M (2%)             -                  -          
[22.265s][info][gc,heap     ] GC(42) Reclaimed:         -                  -              1394M (68%)        1445M (71%)            -                  -          
[22.265s][info][gc          ] GC(42) Garbage Collection (Allocation Rate) 1508M(74%)->294M(14%)
[22.942s][info][gc,start    ] GC(43) Garbage Collection (Allocation Rate)
[22.942s][info][gc,task     ] GC(43) Using 1 workers
[22.942s][info][gc,phases   ] GC(43) Pause Mark Start 0.018ms
[23.018s][info][gc,phases   ] GC(43) Concurrent Mark 75.145ms
[23.018s][info][gc,phases   ] GC(43) Pause Mark End 0.019ms
[23.018s][info][gc,phases   ] GC(43) Concurrent Mark Free 0.002ms
[23.023s][info][gc,phases   ] GC(43) Concurrent Process Non-Strong References 4.759ms
[23.023s][info][gc,phases   ] GC(43) Concurrent Reset Relocation Set 0.005ms
[23.027s][info][gc,phases   ] GC(43) Concurrent Select Relocation Set 4.199ms
[23.027s][info][gc,phases   ] GC(43) Pause Relocate Start 0.007ms
[23.032s][info][gc,phases   ] GC(43) Concurrent Relocate 4.391ms
[23.032s][info][gc,load     ] GC(43) Load: 0.00/0.00/0.00
[23.032s][info][gc,mmu      ] GC(43) MMU: 2ms/98.4%, 5ms/99.3%, 10ms/99.6%, 20ms/99.7%, 50ms/99.9%, 100ms/99.9%
[23.032s][info][gc,marking  ] GC(43) Mark: 1 stripe(s), 2 proactive flush(es), 1 terminate flush(es), 0 completion(s), 0 continuation(s) 
[23.032s][info][gc,marking  ] GC(43) Mark Stack Usage: 32M
[23.032s][info][gc,nmethod  ] GC(43) NMethods: 1355 registered, 186 unregistered
[23.032s][info][gc,metaspace] GC(43) Metaspace: 8M used, 8M committed, 1088M reserved
[23.032s][info][gc,ref      ] GC(43) Soft: 174 encountered, 0 discovered, 0 enqueued
[23.032s][info][gc,ref      ] GC(43) Weak: 570 encountered, 424 discovered, 0 enqueued
[23.032s][info][gc,ref      ] GC(43) Final: 0 encountered, 0 discovered, 0 enqueued
[23.032s][info][gc,ref      ] GC(43) Phantom: 21 encountered, 15 discovered, 0 enqueued
[23.032s][info][gc,reloc    ] GC(43) Small Pages: 532 / 1064M, Empty: 1020M, Relocated: 3M, In-Place: 0
[23.032s][info][gc,reloc    ] GC(43) Medium Pages: 2 / 64M, Empty: 32M, Relocated: 0M, In-Place: 0
[23.032s][info][gc,reloc    ] GC(43) Large Pages: 0 / 0M, Empty: 0M, Relocated: 0M, In-Place: 0
[23.032s][info][gc,reloc    ] GC(43) Forwarding Usage: 1M
[23.032s][info][gc,heap     ] GC(43) Min Capacity: 8M(0%)
[23.032s][info][gc,heap     ] GC(43) Max Capacity: 2048M(100%)
[23.032s][info][gc,heap     ] GC(43) Soft Max Capacity: 2048M(100%)
[23.032s][info][gc,heap     ] GC(43)                Mark Start          Mark End        Relocate Start      Relocate End           High               Low         
[23.032s][info][gc,heap     ] GC(43)  Capacity:     2048M (100%)       2048M (100%)       2048M (100%)       2048M (100%)       2048M (100%)       2048M (100%)   
[23.032s][info][gc,heap     ] GC(43)      Free:      920M (45%)         872M (43%)        1918M (94%)        1926M (94%)        1926M (94%)         868M (42%)    
[23.032s][info][gc,heap     ] GC(43)      Used:     1128M (55%)        1176M (57%)         130M (6%)          122M (6%)         1180M (58%)         122M (6%)     
[23.032s][info][gc,heap     ] GC(43)      Live:         -                30M (2%)           30M (2%)           30M (2%)             -                  -          
[23.032s][info][gc,heap     ] GC(43) Allocated:         -                48M (2%)           54M (3%)           55M (3%)             -                  -          
[23.032s][info][gc,heap     ] GC(43)   Garbage:         -              1097M (54%)          45M (2%)           35M (2%)             -                  -          
[23.032s][info][gc,heap     ] GC(43) Reclaimed:         -                  -              1052M (51%)        1061M (52%)            -                  -          
[23.032s][info][gc          ] GC(43) Garbage Collection (Allocation Rate) 1128M(55%)->122M(6%)
[23.051s][info][gc,start    ] GC(44) Garbage Collection (Allocation Rate)
[23.051s][info][gc,task     ] GC(44) Using 6 workers
[23.052s][info][gc,phases   ] GC(44) Pause Mark Start 0.011ms
[23.083s][info][gc,phases   ] GC(44) Concurrent Mark 30.933ms
[23.083s][info][gc,phases   ] GC(44) Pause Mark End 0.015ms
[23.083s][info][gc,phases   ] GC(44) Concurrent Mark Free 0.001ms
[23.084s][info][gc,phases   ] GC(44) Concurrent Process Non-Strong References 0.747ms
[23.084s][info][gc,phases   ] GC(44) Concurrent Reset Relocation Set 0.001ms
[23.087s][info][gc,phases   ] GC(44) Concurrent Select Relocation Set 3.678ms
[23.087s][info][gc,phases   ] GC(44) Pause Relocate Start 0.003ms
[23.091s][info][gc,phases   ] GC(44) Concurrent Relocate 3.299ms
[23.091s][info][gc,load     ] GC(44) Load: 0.00/0.00/0.00
[23.091s][info][gc,mmu      ] GC(44) MMU: 2ms/98.4%, 5ms/99.3%, 10ms/99.6%, 20ms/99.7%, 50ms/99.9%, 100ms/99.9%
[23.091s][info][gc,marking  ] GC(44) Mark: 4 stripe(s), 5 proactive flush(es), 1 terminate flush(es), 0 completion(s), 0 continuation(s) 
[23.091s][info][gc,marking  ] GC(44) Mark Stack Usage: 32M
[23.091s][info][gc,nmethod  ] GC(44) NMethods: 1355 registered, 187 unregistered
[23.091s][info][gc,metaspace] GC(44) Metaspace: 8M used, 8M committed, 1088M reserved
[23.091s][info][gc,ref      ] GC(44) Soft: 174 encountered, 0 discovered, 0 enqueued
[23.091s][info][gc,ref      ] GC(44) Weak: 570 encountered, 356 discovered, 0 enqueued
[23.091s][info][gc,ref      ] GC(44) Final: 0 encountered, 0 discovered, 0 enqueued
[23.091s][info][gc,ref      ] GC(44) Phantom: 21 encountered, 14 discovered, 0 enqueued
[23.091s][info][gc,reloc    ] GC(44) Small Pages: 35 / 70M, Empty: 28M, Relocated: 1M, In-Place: 0
[23.091s][info][gc,reloc    ] GC(44) Medium Pages: 2 / 64M, Empty: 0M, Relocated: 3M, In-Place: 0
[23.091s][info][gc,reloc    ] GC(44) Large Pages: 0 / 0M, Empty: 0M, Relocated: 0M, In-Place: 0
[23.091s][info][gc,reloc    ] GC(44) Forwarding Usage: 0M
[23.091s][info][gc,heap     ] GC(44) Min Capacity: 8M(0%)
[23.091s][info][gc,heap     ] GC(44) Max Capacity: 2048M(100%)
[23.091s][info][gc,heap     ] GC(44) Soft Max Capacity: 2048M(100%)
[23.091s][info][gc,heap     ] GC(44)                Mark Start          Mark End        Relocate Start      Relocate End           High               Low         
[23.091s][info][gc,heap     ] GC(44)  Capacity:     2048M (100%)       2048M (100%)       2048M (100%)       2048M (100%)       2048M (100%)       2048M (100%)   
[23.091s][info][gc,heap     ] GC(44)      Free:     1914M (93%)        1898M (93%)        1926M (94%)        1960M (96%)        1960M (96%)        1886M (92%)    
[23.091s][info][gc,heap     ] GC(44)      Used:      134M (7%)          150M (7%)          122M (6%)           88M (4%)          162M (8%)           88M (4%)     
[23.091s][info][gc,heap     ] GC(44)      Live:         -                30M (2%)           30M (2%)           30M (2%)             -                  -          
[23.091s][info][gc,heap     ] GC(44) Allocated:         -                16M (1%)           16M (1%)           16M (1%)             -                  -          
[23.091s][info][gc,heap     ] GC(44)   Garbage:         -               103M (5%)           75M (4%)           41M (2%)             -                  -          
[23.092s][info][gc,heap     ] GC(44) Reclaimed:         -                  -                28M (1%)           62M (3%)             -                  -          
[23.092s][info][gc          ] GC(44) Garbage Collection (Allocation Rate) 134M(7%)->88M(4%)
[23.092s][info][gc,start    ] GC(45) Garbage Collection (System.gc())
[23.092s][info][gc,task     ] GC(45) Using 12 workers
[23.092s][info][gc,phases   ] GC(45) Pause Mark Start 0.005ms
[23.098s][info][gc,phases   ] GC(45) Concurrent Mark 6.497ms
[23.098s][info][gc,phases   ] GC(45) Pause Mark End 0.008ms
[23.098s][info][gc,phases   ] GC(45) Concurrent Mark Free 0.001ms
[23.099s][info][gc,phases   ] GC(45) Concurrent Process Non-Strong References 0.442ms
[23.099s][info][gc,phases   ] GC(45) Concurrent Reset Relocation Set 0.001ms
[23.101s][info][gc,phases   ] GC(45) Concurrent Select Relocation Set 2.369ms
[23.101s][info][gc,phases   ] GC(45) Pause Relocate Start 0.004ms
[23.102s][info][gc,phases   ] GC(45) Concurrent Relocate 0.707ms
[23.102s][info][gc,load     ] GC(45) Load: 0.00/0.00/0.00
[23.102s][info][gc,mmu      ] GC(45) MMU: 2ms/98.4%, 5ms/99.3%, 10ms/99.6%, 20ms/99.7%, 50ms/99.9%, 100ms/99.9%
[23.102s][info][gc,marking  ] GC(45) Mark: 8 stripe(s), 1 proactive flush(es), 1 terminate flush(es), 0 completion(s), 0 continuation(s) 
[23.102s][info][gc,marking  ] GC(45) Mark Stack Usage: 32M
[23.102s][info][gc,nmethod  ] GC(45) NMethods: 1355 registered, 187 unregistered
[23.102s][info][gc,metaspace] GC(45) Metaspace: 8M used, 8M committed, 1088M reserved
[23.102s][info][gc,ref      ] GC(45) Soft: 174 encountered, 0 discovered, 0 enqueued
[23.102s][info][gc,ref      ] GC(45) Weak: 570 encountered, 114 discovered, 0 enqueued
[23.102s][info][gc,ref      ] GC(45) Final: 0 encountered, 0 discovered, 0 enqueued
[23.102s][info][gc,ref      ] GC(45) Phantom: 21 encountered, 18 discovered, 0 enqueued
[23.102s][info][gc,reloc    ] GC(45) Small Pages: 28 / 56M, Empty: 44M, Relocated: 0M, In-Place: 0
[23.102s][info][gc,reloc    ] GC(45) Medium Pages: 1 / 32M, Empty: 32M, Relocated: 0M, In-Place: 0
[23.102s][info][gc,reloc    ] GC(45) Large Pages: 0 / 0M, Empty: 0M, Relocated: 0M, In-Place: 0
[23.103s][info][gc,reloc    ] GC(45) Forwarding Usage: 0M
[23.103s][info][gc,heap     ] GC(45) Min Capacity: 8M(0%)
[23.103s][info][gc,heap     ] GC(45) Max Capacity: 2048M(100%)
[23.103s][info][gc,heap     ] GC(45) Soft Max Capacity: 2048M(100%)
[23.103s][info][gc,heap     ] GC(45)                Mark Start          Mark End        Relocate Start      Relocate End           High               Low         
[23.103s][info][gc,heap     ] GC(45)  Capacity:     2048M (100%)       2048M (100%)       2048M (100%)       2048M (100%)       2048M (100%)       2048M (100%)   
[23.103s][info][gc,heap     ] GC(45)      Free:     1960M (96%)        1960M (96%)        2036M (99%)        2036M (99%)        2036M (99%)        1960M (96%)    
[23.103s][info][gc,heap     ] GC(45)      Used:       88M (4%)           88M (4%)           12M (1%)           12M (1%)           88M (4%)           12M (1%)     
[23.103s][info][gc,heap     ] GC(45)      Live:         -                 4M (0%)            4M (0%)            4M (0%)             -                  -          
[23.103s][info][gc,heap     ] GC(45) Allocated:         -                 0M (0%)            0M (0%)            0M (0%)             -                  -          
[23.103s][info][gc,heap     ] GC(45)   Garbage:         -                83M (4%)            7M (0%)            7M (0%)             -                  -          
[23.103s][info][gc,heap     ] GC(45) Reclaimed:         -                  -                76M (4%)           76M (4%)             -                  -          
[23.103s][info][gc          ] GC(45) Garbage Collection (System.gc()) 88M(4%)->12M(1%)
[23.746s][info][gc,start    ] GC(46) Garbage Collection (Allocation Rate)
[23.746s][info][gc,task     ] GC(46) Using 2 workers
[23.747s][info][gc,phases   ] GC(46) Pause Mark Start 0.018ms
[23.778s][info][gc,phases   ] GC(46) Concurrent Mark 30.821ms
[23.778s][info][gc,phases   ] GC(46) Pause Mark End 0.019ms
[23.778s][info][gc,phases   ] GC(46) Concurrent Mark Free 0.001ms
[23.780s][info][gc,phases   ] GC(46) Concurrent Process Non-Strong References 2.498ms
[23.780s][info][gc,phases   ] GC(46) Concurrent Reset Relocation Set 0.002ms
[23.786s][info][gc,phases   ] GC(46) Concurrent Select Relocation Set 5.504ms
[23.786s][info][gc,phases   ] GC(46) Pause Relocate Start 0.008ms
[23.793s][info][gc,phases   ] GC(46) Concurrent Relocate 6.920ms
[23.793s][info][gc,load     ] GC(46) Load: 0.00/0.00/0.00
[23.793s][info][gc,mmu      ] GC(46) MMU: 2ms/98.4%, 5ms/99.3%, 10ms/99.6%, 20ms/99.7%, 50ms/99.9%, 100ms/99.9%
[23.793s][info][gc,marking  ] GC(46) Mark: 2 stripe(s), 2 proactive flush(es), 1 terminate flush(es), 0 completion(s), 0 continuation(s) 
[23.793s][info][gc,marking  ] GC(46) Mark Stack Usage: 32M
[23.793s][info][gc,nmethod  ] GC(46) NMethods: 1357 registered, 187 unregistered
[23.793s][info][gc,metaspace] GC(46) Metaspace: 8M used, 8M committed, 1088M reserved
[23.793s][info][gc,ref      ] GC(46) Soft: 174 encountered, 0 discovered, 0 enqueued
[23.793s][info][gc,ref      ] GC(46) Weak: 570 encountered, 22 discovered, 0 enqueued
[23.793s][info][gc,ref      ] GC(46) Final: 0 encountered, 0 discovered, 0 enqueued
[23.793s][info][gc,ref      ] GC(46) Phantom: 21 encountered, 19 discovered, 0 enqueued
[23.793s][info][gc,reloc    ] GC(46) Small Pages: 802 / 1604M, Empty: 1562M, Relocated: 5M, In-Place: 0
[23.793s][info][gc,reloc    ] GC(46) Medium Pages: 1 / 32M, Empty: 0M, Relocated: 0M, In-Place: 0
[23.793s][info][gc,reloc    ] GC(46) Large Pages: 0 / 0M, Empty: 0M, Relocated: 0M, In-Place: 0
[23.794s][info][gc,reloc    ] GC(46) Forwarding Usage: 2M
[23.794s][info][gc,heap     ] GC(46) Min Capacity: 8M(0%)
[23.794s][info][gc,heap     ] GC(46) Max Capacity: 2048M(100%)
[23.794s][info][gc,heap     ] GC(46) Soft Max Capacity: 2048M(100%)
[23.794s][info][gc,heap     ] GC(46)                Mark Start          Mark End        Relocate Start      Relocate End           High               Low         
[23.794s][info][gc,heap     ] GC(46)  Capacity:     2048M (100%)       2048M (100%)       2048M (100%)       2048M (100%)       2048M (100%)       2048M (100%)   
[23.794s][info][gc,heap     ] GC(46)      Free:      412M (20%)         370M (18%)        1914M (93%)        1924M (94%)        1934M (94%)         364M (18%)    
[23.794s][info][gc,heap     ] GC(46)      Used:     1636M (80%)        1678M (82%)         134M (7%)          124M (6%)         1684M (82%)         114M (6%)     
[23.794s][info][gc,heap     ] GC(46)      Live:         -                 8M (0%)            8M (0%)            8M (0%)             -                  -          
[23.794s][info][gc,heap     ] GC(46) Allocated:         -                42M (2%)           60M (3%)           79M (4%)             -                  -          
[23.794s][info][gc,heap     ] GC(46)   Garbage:         -              1627M (79%)          65M (3%)           35M (2%)             -                  -          
[23.794s][info][gc,heap     ] GC(46) Reclaimed:         -                  -              1562M (76%)        1591M (78%)            -                  -          
[23.794s][info][gc          ] GC(46) Garbage Collection (Allocation Rate) 1636M(80%)->124M(6%)
[23.941s][info][gc,start    ] GC(47) Garbage Collection (Allocation Rate)
[23.941s][info][gc,task     ] GC(47) Using 6 workers
[23.942s][info][gc,phases   ] GC(47) Pause Mark Start 0.015ms
[23.957s][info][gc,phases   ] GC(47) Concurrent Mark 15.380ms
[23.957s][info][gc,phases   ] GC(47) Pause Mark End 0.015ms
[23.957s][info][gc,phases   ] GC(47) Concurrent Mark Free 0.001ms
[23.958s][info][gc,phases   ] GC(47) Concurrent Process Non-Strong References 0.958ms
[23.958s][info][gc,phases   ] GC(47) Concurrent Reset Relocation Set 0.004ms
[23.962s][info][gc,phases   ] GC(47) Concurrent Select Relocation Set 3.675ms
[23.962s][info][gc,phases   ] GC(47) Pause Relocate Start 0.005ms
[23.965s][info][gc,phases   ] GC(47) Concurrent Relocate 2.625ms
[23.965s][info][gc,load     ] GC(47) Load: 0.00/0.00/0.00
[23.965s][info][gc,mmu      ] GC(47) MMU: 2ms/98.4%, 5ms/99.3%, 10ms/99.6%, 20ms/99.7%, 50ms/99.9%, 100ms/99.9%
[23.965s][info][gc,marking  ] GC(47) Mark: 4 stripe(s), 2 proactive flush(es), 1 terminate flush(es), 0 completion(s), 0 continuation(s) 
[23.965s][info][gc,marking  ] GC(47) Mark Stack Usage: 32M
[23.965s][info][gc,nmethod  ] GC(47) NMethods: 1357 registered, 187 unregistered
[23.965s][info][gc,metaspace] GC(47) Metaspace: 8M used, 8M committed, 1088M reserved
[23.965s][info][gc,ref      ] GC(47) Soft: 174 encountered, 0 discovered, 0 enqueued
[23.965s][info][gc,ref      ] GC(47) Weak: 570 encountered, 169 discovered, 0 enqueued
[23.965s][info][gc,ref      ] GC(47) Final: 0 encountered, 0 discovered, 0 enqueued
[23.965s][info][gc,ref      ] GC(47) Phantom: 21 encountered, 19 discovered, 0 enqueued
[23.965s][info][gc,reloc    ] GC(47) Small Pages: 190 / 380M, Empty: 348M, Relocated: 3M, In-Place: 0
[23.965s][info][gc,reloc    ] GC(47) Medium Pages: 2 / 64M, Empty: 32M, Relocated: 0M, In-Place: 0
[23.965s][info][gc,reloc    ] GC(47) Large Pages: 0 / 0M, Empty: 0M, Relocated: 0M, In-Place: 0
[23.965s][info][gc,reloc    ] GC(47) Forwarding Usage: 1M
[23.965s][info][gc,heap     ] GC(47) Min Capacity: 8M(0%)
[23.965s][info][gc,heap     ] GC(47) Max Capacity: 2048M(100%)
[23.965s][info][gc,heap     ] GC(47) Soft Max Capacity: 2048M(100%)
[23.965s][info][gc,heap     ] GC(47)                Mark Start          Mark End        Relocate Start      Relocate End           High               Low         
[23.965s][info][gc,heap     ] GC(47)  Capacity:     2048M (100%)       2048M (100%)       2048M (100%)       2048M (100%)       2048M (100%)       2048M (100%)   
[23.965s][info][gc,heap     ] GC(47)      Free:     1604M (78%)        1592M (78%)        1968M (96%)        1978M (97%)        1978M (97%)        1590M (78%)    
[23.965s][info][gc,heap     ] GC(47)      Used:      444M (22%)         456M (22%)          80M (4%)           70M (3%)          458M (22%)          70M (3%)     
[23.965s][info][gc,heap     ] GC(47)      Live:         -                10M (0%)           10M (0%)           10M (0%)             -                  -          
[23.966s][info][gc,heap     ] GC(47) Allocated:         -                12M (1%)           16M (1%)           17M (1%)             -                  -          
[23.966s][info][gc,heap     ] GC(47)   Garbage:         -               433M (21%)          53M (3%)           41M (2%)             -                  -          
[23.966s][info][gc,heap     ] GC(47) Reclaimed:         -                  -               380M (19%)         391M (19%)            -                  -          
[23.966s][info][gc          ] GC(47) Garbage Collection (Allocation Rate) 444M(22%)->70M(3%)
[24.542s][info][gc,start    ] GC(48) Garbage Collection (Allocation Rate)
[24.543s][info][gc,task     ] GC(48) Using 6 workers
[24.543s][info][gc,phases   ] GC(48) Pause Mark Start 0.017ms
[24.574s][info][gc,phases   ] GC(48) Concurrent Mark 30.856ms
[24.574s][info][gc,phases   ] GC(48) Pause Mark End 0.031ms
[24.574s][info][gc,phases   ] GC(48) Concurrent Mark Free 0.001ms
[24.575s][info][gc,phases   ] GC(48) Concurrent Process Non-Strong References 1.042ms
[24.575s][info][gc,phases   ] GC(48) Concurrent Reset Relocation Set 0.002ms
[24.581s][info][gc,phases   ] GC(48) Concurrent Select Relocation Set 5.545ms
[24.581s][info][gc,phases   ] GC(48) Pause Relocate Start 0.009ms
[24.585s][info][gc,phases   ] GC(48) Concurrent Relocate 3.899ms
[24.585s][info][gc,load     ] GC(48) Load: 0.00/0.00/0.00
[24.585s][info][gc,mmu      ] GC(48) MMU: 2ms/98.4%, 5ms/99.3%, 10ms/99.6%, 20ms/99.7%, 50ms/99.9%, 100ms/99.9%
[24.585s][info][gc,marking  ] GC(48) Mark: 4 stripe(s), 4 proactive flush(es), 1 terminate flush(es), 0 completion(s), 0 continuation(s) 
[24.585s][info][gc,marking  ] GC(48) Mark Stack Usage: 32M
[24.585s][info][gc,nmethod  ] GC(48) NMethods: 1357 registered, 187 unregistered
[24.585s][info][gc,metaspace] GC(48) Metaspace: 8M used, 8M committed, 1088M reserved
[24.585s][info][gc,ref      ] GC(48) Soft: 174 encountered, 0 discovered, 0 enqueued
[24.585s][info][gc,ref      ] GC(48) Weak: 570 encountered, 11 discovered, 0 enqueued
[24.585s][info][gc,ref      ] GC(48) Final: 0 encountered, 0 discovered, 0 enqueued
[24.585s][info][gc,ref      ] GC(48) Phantom: 21 encountered, 19 discovered, 0 enqueued
[24.585s][info][gc,reloc    ] GC(48) Small Pages: 744 / 1488M, Empty: 1450M, Relocated: 4M, In-Place: 0
[24.585s][info][gc,reloc    ] GC(48) Medium Pages: 2 / 64M, Empty: 0M, Relocated: 1M, In-Place: 0
[24.585s][info][gc,reloc    ] GC(48) Large Pages: 0 / 0M, Empty: 0M, Relocated: 0M, In-Place: 0
[24.585s][info][gc,reloc    ] GC(48) Forwarding Usage: 2M
[24.585s][info][gc,heap     ] GC(48) Min Capacity: 8M(0%)
[24.585s][info][gc,heap     ] GC(48) Max Capacity: 2048M(100%)
[24.585s][info][gc,heap     ] GC(48) Soft Max Capacity: 2048M(100%)
[24.585s][info][gc,heap     ] GC(48)                Mark Start          Mark End        Relocate Start      Relocate End           High               Low         
[24.585s][info][gc,heap     ] GC(48)  Capacity:     2048M (100%)       2048M (100%)       2048M (100%)       2048M (100%)       2048M (100%)       2048M (100%)   
[24.585s][info][gc,heap     ] GC(48)      Free:      496M (24%)         410M (20%)        1844M (90%)        1878M (92%)        1880M (92%)         406M (20%)    
[24.586s][info][gc,heap     ] GC(48)      Used:     1552M (76%)        1638M (80%)         204M (10%)         170M (8%)         1642M (80%)         168M (8%)     
[24.586s][info][gc,heap     ] GC(48)      Live:         -                16M (1%)           16M (1%)           16M (1%)             -                  -          
[24.586s][info][gc,heap     ] GC(48) Allocated:         -                86M (4%)          102M (5%)          111M (5%)             -                  -          
[24.586s][info][gc,heap     ] GC(48)   Garbage:         -              1535M (75%)          85M (4%)           41M (2%)             -                  -          
[24.586s][info][gc,heap     ] GC(48) Reclaimed:         -                  -              1450M (71%)        1493M (73%)            -                  -          
[24.586s][info][gc          ] GC(48) Garbage Collection (Allocation Rate) 1552M(76%)->170M(8%)
[25.041s][info][gc,start    ] GC(49) Garbage Collection (Allocation Rate)
[25.041s][info][gc,task     ] GC(49) Using 2 workers
[25.041s][info][gc,phases   ] GC(49) Pause Mark Start 0.016ms
[25.081s][info][gc,phases   ] GC(49) Concurrent Mark 39.555ms
[25.081s][info][gc,phases   ] GC(49) Pause Mark End 0.017ms
[25.081s][info][gc,phases   ] GC(49) Concurrent Mark Free 0.001ms
[25.084s][info][gc,phases   ] GC(49) Concurrent Process Non-Strong References 2.386ms
[25.084s][info][gc,phases   ] GC(49) Concurrent Reset Relocation Set 0.003ms
[25.092s][info][gc,phases   ] GC(49) Concurrent Select Relocation Set 8.466ms
[25.092s][info][gc,phases   ] GC(49) Pause Relocate Start 0.007ms
[25.105s][info][gc,phases   ] GC(49) Concurrent Relocate 12.538ms
[25.105s][info][gc,load     ] GC(49) Load: 0.00/0.00/0.00
[25.105s][info][gc,mmu      ] GC(49) MMU: 2ms/98.4%, 5ms/99.3%, 10ms/99.6%, 20ms/99.7%, 50ms/99.9%, 100ms/99.9%
[25.105s][info][gc,marking  ] GC(49) Mark: 2 stripe(s), 2 proactive flush(es), 1 terminate flush(es), 0 completion(s), 0 continuation(s) 
[25.105s][info][gc,marking  ] GC(49) Mark Stack Usage: 32M
[25.105s][info][gc,nmethod  ] GC(49) NMethods: 1357 registered, 187 unregistered
[25.105s][info][gc,metaspace] GC(49) Metaspace: 8M used, 8M committed, 1088M reserved
[25.105s][info][gc,ref      ] GC(49) Soft: 174 encountered, 0 discovered, 0 enqueued
[25.105s][info][gc,ref      ] GC(49) Weak: 570 encountered, 193 discovered, 0 enqueued
[25.105s][info][gc,ref      ] GC(49) Final: 0 encountered, 0 discovered, 0 enqueued
[25.105s][info][gc,ref      ] GC(49) Phantom: 21 encountered, 17 discovered, 0 enqueued
[25.105s][info][gc,reloc    ] GC(49) Small Pages: 614 / 1228M, Empty: 1182M, Relocated: 8M, In-Place: 0
[25.105s][info][gc,reloc    ] GC(49) Medium Pages: 2 / 64M, Empty: 0M, Relocated: 1M, In-Place: 0
[25.105s][info][gc,reloc    ] GC(49) Large Pages: 0 / 0M, Empty: 0M, Relocated: 0M, In-Place: 0
[25.105s][info][gc,reloc    ] GC(49) Forwarding Usage: 3M
[25.106s][info][gc,heap     ] GC(49) Min Capacity: 8M(0%)
[25.106s][info][gc,heap     ] GC(49) Max Capacity: 2048M(100%)
[25.106s][info][gc,heap     ] GC(49) Soft Max Capacity: 2048M(100%)
[25.106s][info][gc,heap     ] GC(49)                Mark Start          Mark End        Relocate Start      Relocate End           High               Low         
[25.106s][info][gc,heap     ] GC(49)  Capacity:     2048M (100%)       2048M (100%)       2048M (100%)       2048M (100%)       2048M (100%)       2048M (100%)   
[25.106s][info][gc,heap     ] GC(49)      Free:      756M (37%)         708M (35%)        1866M (91%)        1890M (92%)        1910M (93%)         704M (34%)    
[25.106s][info][gc,heap     ] GC(49)      Used:     1292M (63%)        1340M (65%)         182M (9%)          158M (8%)         1344M (66%)         138M (7%)     
[25.106s][info][gc,heap     ] GC(49)      Live:         -                17M (1%)           17M (1%)           17M (1%)             -                  -          
[25.106s][info][gc,heap     ] GC(49) Allocated:         -                48M (2%)           72M (4%)          105M (5%)             -                  -          
[25.106s][info][gc,heap     ] GC(49)   Garbage:         -              1274M (62%)          92M (5%)           34M (2%)             -                  -          
[25.106s][info][gc,heap     ] GC(49) Reclaimed:         -                  -              1182M (58%)        1239M (61%)            -                  -          
[25.106s][info][gc          ] GC(49) Garbage Collection (Allocation Rate) 1292M(63%)->158M(8%)
[25.642s][info][gc,start    ] GC(50) Garbage Collection (Allocation Rate)
[25.642s][info][gc,task     ] GC(50) Using 2 workers
[25.642s][info][gc,phases   ] GC(50) Pause Mark Start 0.018ms
[25.697s][info][gc,phases   ] GC(50) Concurrent Mark 54.826ms
[25.697s][info][gc,phases   ] GC(50) Pause Mark End 0.017ms
[25.697s][info][gc,phases   ] GC(50) Concurrent Mark Free 0.001ms
[25.700s][info][gc,phases   ] GC(50) Concurrent Process Non-Strong References 2.440ms
[25.700s][info][gc,phases   ] GC(50) Concurrent Reset Relocation Set 0.005ms
[25.704s][info][gc,phases   ] GC(50) Concurrent Select Relocation Set 4.420ms
[25.704s][info][gc,phases   ] GC(50) Pause Relocate Start 0.005ms
[25.710s][info][gc,phases   ] GC(50) Concurrent Relocate 5.420ms
[25.710s][info][gc,load     ] GC(50) Load: 0.00/0.00/0.00
[25.710s][info][gc,mmu      ] GC(50) MMU: 2ms/98.4%, 5ms/99.3%, 10ms/99.6%, 20ms/99.7%, 50ms/99.9%, 100ms/99.9%
[25.710s][info][gc,marking  ] GC(50) Mark: 2 stripe(s), 2 proactive flush(es), 1 terminate flush(es), 0 completion(s), 0 continuation(s) 
[25.710s][info][gc,marking  ] GC(50) Mark Stack Usage: 32M
[25.710s][info][gc,nmethod  ] GC(50) NMethods: 1357 registered, 187 unregistered
[25.710s][info][gc,metaspace] GC(50) Metaspace: 8M used, 8M committed, 1088M reserved
[25.710s][info][gc,ref      ] GC(50) Soft: 174 encountered, 0 discovered, 0 enqueued
[25.710s][info][gc,ref      ] GC(50) Weak: 570 encountered, 422 discovered, 0 enqueued
[25.710s][info][gc,ref      ] GC(50) Final: 0 encountered, 0 discovered, 0 enqueued
[25.710s][info][gc,ref      ] GC(50) Phantom: 21 encountered, 10 discovered, 0 enqueued
[25.710s][info][gc,reloc    ] GC(50) Small Pages: 686 / 1372M, Empty: 1328M, Relocated: 3M, In-Place: 0
[25.710s][info][gc,reloc    ] GC(50) Medium Pages: 2 / 64M, Empty: 0M, Relocated: 1M, In-Place: 0
[25.710s][info][gc,reloc    ] GC(50) Large Pages: 0 / 0M, Empty: 0M, Relocated: 0M, In-Place: 0
[25.710s][info][gc,reloc    ] GC(50) Forwarding Usage: 1M
[25.710s][info][gc,heap     ] GC(50) Min Capacity: 8M(0%)
[25.710s][info][gc,heap     ] GC(50) Max Capacity: 2048M(100%)
[25.710s][info][gc,heap     ] GC(50) Soft Max Capacity: 2048M(100%)
[25.710s][info][gc,heap     ] GC(50)                Mark Start          Mark End        Relocate Start      Relocate End           High               Low         
[25.710s][info][gc,heap     ] GC(50)  Capacity:     2048M (100%)       2048M (100%)       2048M (100%)       2048M (100%)       2048M (100%)       2048M (100%)   
[25.710s][info][gc,heap     ] GC(50)      Free:      612M (30%)         468M (23%)        1780M (87%)        1816M (89%)        1820M (89%)         460M (22%)    
[25.710s][info][gc,heap     ] GC(50)      Used:     1436M (70%)        1580M (77%)         268M (13%)         232M (11%)        1588M (78%)         228M (11%)    
[25.711s][info][gc,heap     ] GC(50)      Live:         -                21M (1%)           21M (1%)           21M (1%)             -                  -          
[25.711s][info][gc,heap     ] GC(50) Allocated:         -               144M (7%)          160M (8%)          173M (8%)             -                  -          
[25.711s][info][gc,heap     ] GC(50)   Garbage:         -              1414M (69%)          86M (4%)           36M (2%)             -                  -          
[25.711s][info][gc,heap     ] GC(50) Reclaimed:         -                  -              1328M (65%)        1377M (67%)            -                  -          
[25.711s][info][gc          ] GC(50) Garbage Collection (Allocation Rate) 1436M(70%)->232M(11%)
[26.141s][info][gc,start    ] GC(51) Garbage Collection (Allocation Rate)
[26.141s][info][gc,task     ] GC(51) Using 1 workers
[26.141s][info][gc,phases   ] GC(51) Pause Mark Start 0.018ms
[26.231s][info][gc,phases   ] GC(51) Concurrent Mark 89.631ms
[26.231s][info][gc,phases   ] GC(51) Pause Mark End 0.021ms
[26.231s][info][gc,phases   ] GC(51) Concurrent Mark Free 0.001ms
[26.236s][info][gc,phases   ] GC(51) Concurrent Process Non-Strong References 4.703ms
[26.236s][info][gc,phases   ] GC(51) Concurrent Reset Relocation Set 0.002ms
[26.240s][info][gc,phases   ] GC(51) Concurrent Select Relocation Set 4.407ms
[26.240s][info][gc,phases   ] GC(51) Pause Relocate Start 0.006ms
[26.251s][info][gc,phases   ] GC(51) Concurrent Relocate 10.141ms
[26.251s][info][gc,load     ] GC(51) Load: 0.00/0.00/0.00
[26.251s][info][gc,mmu      ] GC(51) MMU: 2ms/98.4%, 5ms/99.3%, 10ms/99.6%, 20ms/99.7%, 50ms/99.9%, 100ms/99.9%
[26.251s][info][gc,marking  ] GC(51) Mark: 1 stripe(s), 2 proactive flush(es), 1 terminate flush(es), 0 completion(s), 0 continuation(s) 
[26.251s][info][gc,marking  ] GC(51) Mark Stack Usage: 32M
[26.251s][info][gc,nmethod  ] GC(51) NMethods: 1357 registered, 187 unregistered
[26.251s][info][gc,metaspace] GC(51) Metaspace: 8M used, 8M committed, 1088M reserved
[26.251s][info][gc,ref      ] GC(51) Soft: 174 encountered, 0 discovered, 0 enqueued
[26.251s][info][gc,ref      ] GC(51) Weak: 570 encountered, 378 discovered, 0 enqueued
[26.251s][info][gc,ref      ] GC(51) Final: 0 encountered, 0 discovered, 0 enqueued
[26.251s][info][gc,ref      ] GC(51) Phantom: 21 encountered, 10 discovered, 0 enqueued
[26.251s][info][gc,reloc    ] GC(51) Small Pages: 608 / 1216M, Empty: 1164M, Relocated: 3M, In-Place: 0
[26.251s][info][gc,reloc    ] GC(51) Medium Pages: 2 / 64M, Empty: 0M, Relocated: 2M, In-Place: 0
[26.251s][info][gc,reloc    ] GC(51) Large Pages: 0 / 0M, Empty: 0M, Relocated: 0M, In-Place: 0
[26.251s][info][gc,reloc    ] GC(51) Forwarding Usage: 1M
[26.251s][info][gc,heap     ] GC(51) Min Capacity: 8M(0%)
[26.251s][info][gc,heap     ] GC(51) Max Capacity: 2048M(100%)
[26.251s][info][gc,heap     ] GC(51) Soft Max Capacity: 2048M(100%)
[26.251s][info][gc,heap     ] GC(51)                Mark Start          Mark End        Relocate Start      Relocate End           High               Low         
[26.251s][info][gc,heap     ] GC(51)  Capacity:     2048M (100%)       2048M (100%)       2048M (100%)       2048M (100%)       2048M (100%)       2048M (100%)   
[26.251s][info][gc,heap     ] GC(51)      Free:      768M (38%)         646M (32%)        1786M (87%)        1814M (89%)        1828M (89%)         632M (31%)    
[26.251s][info][gc,heap     ] GC(51)      Used:     1280M (63%)        1402M (68%)         262M (13%)         234M (11%)        1416M (69%)         220M (11%)    
[26.251s][info][gc,heap     ] GC(51)      Live:         -                25M (1%)           25M (1%)           25M (1%)             -                  -          
[26.251s][info][gc,heap     ] GC(51) Allocated:         -               122M (6%)          146M (7%)          171M (8%)             -                  -          
[26.251s][info][gc,heap     ] GC(51)   Garbage:         -              1254M (61%)          90M (4%)           36M (2%)             -                  -          
[26.251s][info][gc,heap     ] GC(51) Reclaimed:         -                  -              1164M (57%)        1217M (59%)            -                  -          
[26.251s][info][gc          ] GC(51) Garbage Collection (Allocation Rate) 1280M(63%)->234M(11%)
[26.741s][info][gc,start    ] GC(52) Garbage Collection (Allocation Rate)
[26.741s][info][gc,task     ] GC(52) Using 1 workers
[26.741s][info][gc,phases   ] GC(52) Pause Mark Start 0.017ms
[26.823s][info][gc,phases   ] GC(52) Concurrent Mark 81.352ms
[26.823s][info][gc,phases   ] GC(52) Pause Mark End 0.020ms
[26.823s][info][gc,phases   ] GC(52) Concurrent Mark Free 0.001ms
[26.828s][info][gc,phases   ] GC(52) Concurrent Process Non-Strong References 4.842ms
[26.828s][info][gc,phases   ] GC(52) Concurrent Reset Relocation Set 0.004ms
[26.832s][info][gc,phases   ] GC(52) Concurrent Select Relocation Set 4.098ms
[26.832s][info][gc,phases   ] GC(52) Pause Relocate Start 0.006ms
[26.842s][info][gc,phases   ] GC(52) Concurrent Relocate 9.616ms
[26.842s][info][gc,load     ] GC(52) Load: 0.00/0.00/0.00
[26.842s][info][gc,mmu      ] GC(52) MMU: 2ms/98.4%, 5ms/99.3%, 10ms/99.6%, 20ms/99.7%, 50ms/99.9%, 100ms/99.9%
[26.842s][info][gc,marking  ] GC(52) Mark: 1 stripe(s), 2 proactive flush(es), 1 terminate flush(es), 0 completion(s), 0 continuation(s) 
[26.842s][info][gc,marking  ] GC(52) Mark Stack Usage: 32M
[26.842s][info][gc,nmethod  ] GC(52) NMethods: 1357 registered, 187 unregistered
[26.842s][info][gc,metaspace] GC(52) Metaspace: 8M used, 8M committed, 1088M reserved
[26.842s][info][gc,ref      ] GC(52) Soft: 174 encountered, 0 discovered, 0 enqueued
[26.842s][info][gc,ref      ] GC(52) Weak: 570 encountered, 424 discovered, 0 enqueued
[26.842s][info][gc,ref      ] GC(52) Final: 0 encountered, 0 discovered, 0 enqueued
[26.842s][info][gc,ref      ] GC(52) Phantom: 21 encountered, 15 discovered, 0 enqueued
[26.842s][info][gc,reloc    ] GC(52) Small Pages: 720 / 1440M, Empty: 1394M, Relocated: 3M, In-Place: 0
[26.842s][info][gc,reloc    ] GC(52) Medium Pages: 2 / 64M, Empty: 0M, Relocated: 2M, In-Place: 0
[26.842s][info][gc,reloc    ] GC(52) Large Pages: 0 / 0M, Empty: 0M, Relocated: 0M, In-Place: 0
[26.842s][info][gc,reloc    ] GC(52) Forwarding Usage: 1M
[26.842s][info][gc,heap     ] GC(52) Min Capacity: 8M(0%)
[26.842s][info][gc,heap     ] GC(52) Max Capacity: 2048M(100%)
[26.842s][info][gc,heap     ] GC(52) Soft Max Capacity: 2048M(100%)
[26.842s][info][gc,heap     ] GC(52)                Mark Start          Mark End        Relocate Start      Relocate End           High               Low         
[26.842s][info][gc,heap     ] GC(52)  Capacity:     2048M (100%)       2048M (100%)       2048M (100%)       2048M (100%)       2048M (100%)       2048M (100%)   
[26.842s][info][gc,heap     ] GC(52)      Free:      544M (27%)         490M (24%)        1880M (92%)        1920M (94%)        1922M (94%)         488M (24%)    
[26.843s][info][gc,heap     ] GC(52)      Used:     1504M (73%)        1558M (76%)         168M (8%)          128M (6%)         1560M (76%)         126M (6%)     
[26.843s][info][gc,heap     ] GC(52)      Live:         -                29M (1%)           29M (1%)           29M (1%)             -                  -          
[26.843s][info][gc,heap     ] GC(52) Allocated:         -                54M (3%)           58M (3%)           59M (3%)             -                  -          
[26.843s][info][gc,heap     ] GC(52)   Garbage:         -              1474M (72%)          80M (4%)           38M (2%)             -                  -          
[26.843s][info][gc,heap     ] GC(52) Reclaimed:         -                  -              1394M (68%)        1435M (70%)            -                  -          
[26.843s][info][gc          ] GC(52) Garbage Collection (Allocation Rate) 1504M(73%)->128M(6%)
[27.241s][info][gc,start    ] GC(53) Garbage Collection (Allocation Rate)
[27.241s][info][gc,task     ] GC(53) Using 6 workers
[27.241s][info][gc,phases   ] GC(53) Pause Mark Start 0.018ms
[27.266s][info][gc,phases   ] GC(53) Concurrent Mark 24.583ms
[27.266s][info][gc,phases   ] GC(53) Pause Mark End 0.018ms
[27.266s][info][gc,phases   ] GC(53) Concurrent Mark Free 0.001ms
[27.267s][info][gc,phases   ] GC(53) Concurrent Process Non-Strong References 0.736ms
[27.267s][info][gc,phases   ] GC(53) Concurrent Reset Relocation Set 0.002ms
[27.273s][info][gc,phases   ] GC(53) Concurrent Select Relocation Set 5.816ms
[27.273s][info][gc,phases   ] GC(53) Pause Relocate Start 0.007ms
[27.275s][info][gc,phases   ] GC(53) Concurrent Relocate 2.046ms
[27.275s][info][gc,load     ] GC(53) Load: 0.00/0.00/0.00
[27.275s][info][gc,mmu      ] GC(53) MMU: 2ms/98.4%, 5ms/99.3%, 10ms/99.6%, 20ms/99.7%, 50ms/99.9%, 100ms/99.9%
[27.275s][info][gc,marking  ] GC(53) Mark: 4 stripe(s), 3 proactive flush(es), 1 terminate flush(es), 0 completion(s), 0 continuation(s) 
[27.275s][info][gc,marking  ] GC(53) Mark Stack Usage: 32M
[27.275s][info][gc,nmethod  ] GC(53) NMethods: 1357 registered, 187 unregistered
[27.275s][info][gc,metaspace] GC(53) Metaspace: 8M used, 8M committed, 1088M reserved
[27.275s][info][gc,ref      ] GC(53) Soft: 174 encountered, 0 discovered, 0 enqueued
[27.275s][info][gc,ref      ] GC(53) Weak: 570 encountered, 119 discovered, 0 enqueued
[27.276s][info][gc,ref      ] GC(53) Final: 0 encountered, 0 discovered, 0 enqueued
[27.276s][info][gc,ref      ] GC(53) Phantom: 21 encountered, 10 discovered, 0 enqueued
[27.276s][info][gc,reloc    ] GC(53) Small Pages: 73 / 146M, Empty: 100M, Relocated: 3M, In-Place: 0
[27.276s][info][gc,reloc    ] GC(53) Medium Pages: 2 / 64M, Empty: 32M, Relocated: 0M, In-Place: 0
[27.276s][info][gc,reloc    ] GC(53) Large Pages: 0 / 0M, Empty: 0M, Relocated: 0M, In-Place: 0
[27.276s][info][gc,reloc    ] GC(53) Forwarding Usage: 1M
[27.276s][info][gc,heap     ] GC(53) Min Capacity: 8M(0%)
[27.276s][info][gc,heap     ] GC(53) Max Capacity: 2048M(100%)
[27.276s][info][gc,heap     ] GC(53) Soft Max Capacity: 2048M(100%)
[27.276s][info][gc,heap     ] GC(53)                Mark Start          Mark End        Relocate Start      Relocate End           High               Low         
[27.276s][info][gc,heap     ] GC(53)  Capacity:     2048M (100%)       2048M (100%)       2048M (100%)       2048M (100%)       2048M (100%)       2048M (100%)   
[27.276s][info][gc,heap     ] GC(53)      Free:     1838M (90%)        1830M (89%)        1960M (96%)        1964M (96%)        1964M (96%)        1828M (89%)    
[27.276s][info][gc,heap     ] GC(53)      Used:      210M (10%)         218M (11%)          88M (4%)           84M (4%)          220M (11%)          84M (4%)     
[27.276s][info][gc,heap     ] GC(53)      Live:         -                30M (2%)           30M (2%)           30M (2%)             -                  -          
[27.276s][info][gc,heap     ] GC(53) Allocated:         -                 8M (0%)           10M (0%)            9M (0%)             -                  -          
[27.276s][info][gc,heap     ] GC(53)   Garbage:         -               179M (9%)           47M (2%)           43M (2%)             -                  -          
[27.276s][info][gc,heap     ] GC(53) Reclaimed:         -                  -               132M (6%)          135M (7%)             -                  -          
[27.276s][info][gc          ] GC(53) Garbage Collection (Allocation Rate) 210M(10%)->84M(4%)
[27.276s][info][gc,start    ] GC(54) Garbage Collection (System.gc())
[27.276s][info][gc,task     ] GC(54) Using 12 workers
[27.276s][info][gc,phases   ] GC(54) Pause Mark Start 0.010ms
[27.280s][info][gc,phases   ] GC(54) Concurrent Mark 3.722ms
[27.280s][info][gc,phases   ] GC(54) Pause Mark End 0.014ms
[27.280s][info][gc,phases   ] GC(54) Concurrent Mark Free 0.001ms
[27.281s][info][gc,phases   ] GC(54) Concurrent Process Non-Strong References 0.466ms
[27.281s][info][gc,phases   ] GC(54) Concurrent Reset Relocation Set 0.001ms
[27.285s][info][gc,phases   ] GC(54) Concurrent Select Relocation Set 3.840ms
[27.285s][info][gc,phases   ] GC(54) Pause Relocate Start 0.007ms
[27.286s][info][gc,phases   ] GC(54) Concurrent Relocate 1.319ms
[27.286s][info][gc,load     ] GC(54) Load: 0.00/0.00/0.00
[27.286s][info][gc,mmu      ] GC(54) MMU: 2ms/98.4%, 5ms/99.3%, 10ms/99.6%, 20ms/99.7%, 50ms/99.8%, 100ms/99.9%
[27.286s][info][gc,marking  ] GC(54) Mark: 8 stripe(s), 2 proactive flush(es), 1 terminate flush(es), 0 completion(s), 0 continuation(s) 
[27.286s][info][gc,marking  ] GC(54) Mark Stack Usage: 32M
[27.286s][info][gc,nmethod  ] GC(54) NMethods: 1357 registered, 188 unregistered
[27.286s][info][gc,metaspace] GC(54) Metaspace: 8M used, 8M committed, 1088M reserved
[27.286s][info][gc,ref      ] GC(54) Soft: 174 encountered, 0 discovered, 0 enqueued
[27.286s][info][gc,ref      ] GC(54) Weak: 570 encountered, 27 discovered, 0 enqueued
[27.286s][info][gc,ref      ] GC(54) Final: 0 encountered, 0 discovered, 0 enqueued
[27.286s][info][gc,ref      ] GC(54) Phantom: 21 encountered, 13 discovered, 0 enqueued
[27.287s][info][gc,reloc    ] GC(54) Small Pages: 26 / 52M, Empty: 40M, Relocated: 0M, In-Place: 0
[27.287s][info][gc,reloc    ] GC(54) Medium Pages: 1 / 32M, Empty: 32M, Relocated: 0M, In-Place: 0
[27.287s][info][gc,reloc    ] GC(54) Large Pages: 0 / 0M, Empty: 0M, Relocated: 0M, In-Place: 0
[27.287s][info][gc,reloc    ] GC(54) Forwarding Usage: 0M
[27.287s][info][gc,heap     ] GC(54) Min Capacity: 8M(0%)
[27.287s][info][gc,heap     ] GC(54) Max Capacity: 2048M(100%)
[27.287s][info][gc,heap     ] GC(54) Soft Max Capacity: 2048M(100%)
[27.287s][info][gc,heap     ] GC(54)                Mark Start          Mark End        Relocate Start      Relocate End           High               Low         
[27.287s][info][gc,heap     ] GC(54)  Capacity:     2048M (100%)       2048M (100%)       2048M (100%)       2048M (100%)       2048M (100%)       2048M (100%)   
[27.287s][info][gc,heap     ] GC(54)      Free:     1964M (96%)        1964M (96%)        2036M (99%)        2036M (99%)        2036M (99%)        1964M (96%)    
[27.287s][info][gc,heap     ] GC(54)      Used:       84M (4%)           84M (4%)           12M (1%)           12M (1%)           84M (4%)           12M (1%)     
[27.287s][info][gc,heap     ] GC(54)      Live:         -                 4M (0%)            4M (0%)            4M (0%)             -                  -          
[27.287s][info][gc,heap     ] GC(54) Allocated:         -                 0M (0%)            0M (0%)            0M (0%)             -                  -          
[27.287s][info][gc,heap     ] GC(54)   Garbage:         -                79M (4%)            7M (0%)            7M (0%)             -                  -          
[27.287s][info][gc,heap     ] GC(54) Reclaimed:         -                  -                72M (4%)           72M (4%)             -                  -          
[27.287s][info][gc          ] GC(54) Garbage Collection (System.gc()) 84M(4%)->12M(1%)
[27.941s][info][gc,start    ] GC(55) Garbage Collection (Allocation Rate)
[27.941s][info][gc,task     ] GC(55) Using 2 workers
[27.941s][info][gc,phases   ] GC(55) Pause Mark Start 0.017ms
[27.964s][info][gc,phases   ] GC(55) Concurrent Mark 22.573ms
[27.964s][info][gc,phases   ] GC(55) Pause Mark End 0.017ms
[27.964s][info][gc,phases   ] GC(55) Concurrent Mark Free 0.001ms
[27.967s][info][gc,phases   ] GC(55) Concurrent Process Non-Strong References 2.565ms
[27.967s][info][gc,phases   ] GC(55) Concurrent Reset Relocation Set 0.002ms
[27.972s][info][gc,phases   ] GC(55) Concurrent Select Relocation Set 5.488ms
[27.972s][info][gc,phases   ] GC(55) Pause Relocate Start 0.007ms
[27.980s][info][gc,phases   ] GC(55) Concurrent Relocate 7.895ms
[27.980s][info][gc,load     ] GC(55) Load: 0.00/0.00/0.00
[27.980s][info][gc,mmu      ] GC(55) MMU: 2ms/98.4%, 5ms/99.3%, 10ms/99.6%, 20ms/99.7%, 50ms/99.8%, 100ms/99.9%
[27.981s][info][gc,marking  ] GC(55) Mark: 2 stripe(s), 6 proactive flush(es), 1 terminate flush(es), 0 completion(s), 0 continuation(s) 
[27.981s][info][gc,marking  ] GC(55) Mark Stack Usage: 32M
[27.981s][info][gc,nmethod  ] GC(55) NMethods: 1357 registered, 188 unregistered
[27.981s][info][gc,metaspace] GC(55) Metaspace: 8M used, 8M committed, 1088M reserved
[27.981s][info][gc,ref      ] GC(55) Soft: 174 encountered, 0 discovered, 0 enqueued
[27.981s][info][gc,ref      ] GC(55) Weak: 570 encountered, 172 discovered, 0 enqueued
[27.981s][info][gc,ref      ] GC(55) Final: 0 encountered, 0 discovered, 0 enqueued
[27.981s][info][gc,ref      ] GC(55) Phantom: 21 encountered, 19 discovered, 0 enqueued
[27.981s][info][gc,reloc    ] GC(55) Small Pages: 836 / 1672M, Empty: 1626M, Relocated: 5M, In-Place: 0
[27.981s][info][gc,reloc    ] GC(55) Medium Pages: 1 / 32M, Empty: 0M, Relocated: 0M, In-Place: 0
[27.981s][info][gc,reloc    ] GC(55) Large Pages: 0 / 0M, Empty: 0M, Relocated: 0M, In-Place: 0
[27.981s][info][gc,reloc    ] GC(55) Forwarding Usage: 2M
[27.981s][info][gc,heap     ] GC(55) Min Capacity: 8M(0%)
[27.981s][info][gc,heap     ] GC(55) Max Capacity: 2048M(100%)
[27.981s][info][gc,heap     ] GC(55) Soft Max Capacity: 2048M(100%)
[27.981s][info][gc,heap     ] GC(55)                Mark Start          Mark End        Relocate Start      Relocate End           High               Low         
[27.981s][info][gc,heap     ] GC(55)  Capacity:     2048M (100%)       2048M (100%)       2048M (100%)       2048M (100%)       2048M (100%)       2048M (100%)   
[27.981s][info][gc,heap     ] GC(55)      Free:      344M (17%)         296M (14%)        1886M (92%)        1918M (94%)        1918M (94%)         294M (14%)    
[27.981s][info][gc,heap     ] GC(55)      Used:     1704M (83%)        1752M (86%)         162M (8%)          130M (6%)         1754M (86%)         130M (6%)     
[27.981s][info][gc,heap     ] GC(55)      Live:         -                 9M (0%)            9M (0%)            9M (0%)             -                  -          
[27.981s][info][gc,heap     ] GC(55) Allocated:         -                48M (2%)           84M (4%)           85M (4%)             -                  -          
[27.981s][info][gc,heap     ] GC(55)   Garbage:         -              1694M (83%)          68M (3%)           35M (2%)             -                  -          
[27.981s][info][gc,heap     ] GC(55) Reclaimed:         -                  -              1626M (79%)        1659M (81%)            -                  -          
[27.981s][info][gc          ] GC(55) Garbage Collection (Allocation Rate) 1704M(83%)->130M(6%)
[28.149s][info][gc,start    ] GC(56) Garbage Collection (Allocation Rate)
[28.149s][info][gc,task     ] GC(56) Using 6 workers
[28.149s][info][gc,phases   ] GC(56) Pause Mark Start 0.017ms
[28.165s][info][gc,phases   ] GC(56) Concurrent Mark 15.263ms
[28.165s][info][gc,phases   ] GC(56) Pause Mark End 0.014ms
[28.165s][info][gc,phases   ] GC(56) Concurrent Mark Free 0.001ms
[28.166s][info][gc,phases   ] GC(56) Concurrent Process Non-Strong References 0.879ms
[28.166s][info][gc,phases   ] GC(56) Concurrent Reset Relocation Set 0.004ms
[28.169s][info][gc,phases   ] GC(56) Concurrent Select Relocation Set 3.709ms
[28.170s][info][gc,phases   ] GC(56) Pause Relocate Start 0.006ms
[28.173s][info][gc,phases   ] GC(56) Concurrent Relocate 3.859ms
[28.174s][info][gc,load     ] GC(56) Load: 0.00/0.00/0.00
[28.174s][info][gc,mmu      ] GC(56) MMU: 2ms/98.4%, 5ms/99.3%, 10ms/99.6%, 20ms/99.7%, 50ms/99.8%, 100ms/99.9%
[28.174s][info][gc,marking  ] GC(56) Mark: 4 stripe(s), 2 proactive flush(es), 1 terminate flush(es), 0 completion(s), 0 continuation(s) 
[28.174s][info][gc,marking  ] GC(56) Mark Stack Usage: 32M
[28.174s][info][gc,nmethod  ] GC(56) NMethods: 1357 registered, 188 unregistered
[28.174s][info][gc,metaspace] GC(56) Metaspace: 8M used, 8M committed, 1088M reserved
[28.174s][info][gc,ref      ] GC(56) Soft: 174 encountered, 0 discovered, 0 enqueued
[28.174s][info][gc,ref      ] GC(56) Weak: 570 encountered, 106 discovered, 0 enqueued
[28.174s][info][gc,ref      ] GC(56) Final: 0 encountered, 0 discovered, 0 enqueued
[28.174s][info][gc,ref      ] GC(56) Phantom: 21 encountered, 16 discovered, 0 enqueued
[28.174s][info][gc,reloc    ] GC(56) Small Pages: 233 / 466M, Empty: 432M, Relocated: 4M, In-Place: 0
[28.174s][info][gc,reloc    ] GC(56) Medium Pages: 2 / 64M, Empty: 32M, Relocated: 0M, In-Place: 0
[28.174s][info][gc,reloc    ] GC(56) Large Pages: 0 / 0M, Empty: 0M, Relocated: 0M, In-Place: 0
[28.174s][info][gc,reloc    ] GC(56) Forwarding Usage: 2M
[28.174s][info][gc,heap     ] GC(56) Min Capacity: 8M(0%)
[28.174s][info][gc,heap     ] GC(56) Max Capacity: 2048M(100%)
[28.174s][info][gc,heap     ] GC(56) Soft Max Capacity: 2048M(100%)
[28.174s][info][gc,heap     ] GC(56)                Mark Start          Mark End        Relocate Start      Relocate End           High               Low         
[28.174s][info][gc,heap     ] GC(56)  Capacity:     2048M (100%)       2048M (100%)       2048M (100%)       2048M (100%)       2048M (100%)       2048M (100%)   
[28.174s][info][gc,heap     ] GC(56)      Free:     1518M (74%)        1488M (73%)        1944M (95%)        1950M (95%)        1952M (95%)        1486M (73%)    
[28.174s][info][gc,heap     ] GC(56)      Used:      530M (26%)         560M (27%)         104M (5%)           98M (5%)          562M (27%)          96M (5%)     
[28.174s][info][gc,heap     ] GC(56)      Live:         -                10M (1%)           10M (1%)           10M (1%)             -                  -          
[28.174s][info][gc,heap     ] GC(56) Allocated:         -                30M (1%)           38M (2%)           47M (2%)             -                  -          
[28.174s][info][gc,heap     ] GC(56)   Garbage:         -               519M (25%)          55M (3%)           39M (2%)             -                  -          
[28.174s][info][gc,heap     ] GC(56) Reclaimed:         -                  -               464M (23%)         479M (23%)            -                  -          
[28.174s][info][gc          ] GC(56) Garbage Collection (Allocation Rate) 530M(26%)->98M(5%)
[28.641s][info][gc,start    ] GC(57) Garbage Collection (Allocation Rate)
[28.641s][info][gc,task     ] GC(57) Using 6 workers
[28.642s][info][gc,phases   ] GC(57) Pause Mark Start 0.018ms
[28.659s][info][gc,phases   ] GC(57) Concurrent Mark 17.615ms
[28.660s][info][gc,phases   ] GC(57) Pause Mark End 0.018ms
[28.660s][info][gc,phases   ] GC(57) Concurrent Mark Free 0.001ms
[28.661s][info][gc,phases   ] GC(57) Concurrent Process Non-Strong References 0.954ms
[28.661s][info][gc,phases   ] GC(57) Concurrent Reset Relocation Set 0.003ms
[28.668s][info][gc,phases   ] GC(57) Concurrent Select Relocation Set 7.200ms
[28.668s][info][gc,phases   ] GC(57) Pause Relocate Start 0.005ms
[28.672s][info][gc,phases   ] GC(57) Concurrent Relocate 3.893ms
[28.672s][info][gc,load     ] GC(57) Load: 0.00/0.00/0.00
[28.672s][info][gc,mmu      ] GC(57) MMU: 2ms/98.4%, 5ms/99.3%, 10ms/99.6%, 20ms/99.7%, 50ms/99.8%, 100ms/99.9%
[28.672s][info][gc,marking  ] GC(57) Mark: 4 stripe(s), 2 proactive flush(es), 1 terminate flush(es), 0 completion(s), 0 continuation(s) 
[28.672s][info][gc,marking  ] GC(57) Mark Stack Usage: 32M
[28.672s][info][gc,nmethod  ] GC(57) NMethods: 1357 registered, 188 unregistered
[28.672s][info][gc,metaspace] GC(57) Metaspace: 8M used, 8M committed, 1088M reserved
[28.672s][info][gc,ref      ] GC(57) Soft: 174 encountered, 0 discovered, 0 enqueued
[28.672s][info][gc,ref      ] GC(57) Weak: 570 encountered, 38 discovered, 0 enqueued
[28.672s][info][gc,ref      ] GC(57) Final: 0 encountered, 0 discovered, 0 enqueued
[28.672s][info][gc,ref      ] GC(57) Phantom: 21 encountered, 15 discovered, 0 enqueued
[28.672s][info][gc,reloc    ] GC(57) Small Pages: 626 / 1252M, Empty: 1206M, Relocated: 6M, In-Place: 0
[28.672s][info][gc,reloc    ] GC(57) Medium Pages: 2 / 64M, Empty: 0M, Relocated: 0M, In-Place: 0
[28.672s][info][gc,reloc    ] GC(57) Large Pages: 0 / 0M, Empty: 0M, Relocated: 0M, In-Place: 0
[28.672s][info][gc,reloc    ] GC(57) Forwarding Usage: 3M
[28.672s][info][gc,heap     ] GC(57) Min Capacity: 8M(0%)
[28.673s][info][gc,heap     ] GC(57) Max Capacity: 2048M(100%)
[28.673s][info][gc,heap     ] GC(57) Soft Max Capacity: 2048M(100%)
[28.673s][info][gc,heap     ] GC(57)                Mark Start          Mark End        Relocate Start      Relocate End           High               Low         
[28.673s][info][gc,heap     ] GC(57)  Capacity:     2048M (100%)       2048M (100%)       2048M (100%)       2048M (100%)       2048M (100%)       2048M (100%)   
[28.673s][info][gc,heap     ] GC(57)      Free:      732M (36%)         688M (34%)        1874M (92%)        1924M (94%)        1924M (94%)         686M (33%)    
[28.673s][info][gc,heap     ] GC(57)      Used:     1316M (64%)        1360M (66%)         174M (8%)          124M (6%)         1362M (67%)         124M (6%)     
[28.673s][info][gc,heap     ] GC(57)      Live:         -                13M (1%)           13M (1%)           13M (1%)             -                  -          
[28.673s][info][gc,heap     ] GC(57) Allocated:         -                44M (2%)           64M (3%)           71M (4%)             -                  -          
[28.673s][info][gc,heap     ] GC(57)   Garbage:         -              1302M (64%)          96M (5%)           38M (2%)             -                  -          
[28.673s][info][gc,heap     ] GC(57) Reclaimed:         -                  -              1206M (59%)        1263M (62%)            -                  -          
[28.673s][info][gc          ] GC(57) Garbage Collection (Allocation Rate) 1316M(64%)->124M(6%)
[29.142s][info][gc,start    ] GC(58) Garbage Collection (Allocation Rate)
[29.142s][info][gc,task     ] GC(58) Using 1 workers
[29.142s][info][gc,phases   ] GC(58) Pause Mark Start 0.018ms
[29.200s][info][gc,phases   ] GC(58) Concurrent Mark 58.528ms
[29.201s][info][gc,phases   ] GC(58) Pause Mark End 0.013ms
[29.201s][info][gc,phases   ] GC(58) Concurrent Mark Free 0.001ms
[29.206s][info][gc,phases   ] GC(58) Concurrent Process Non-Strong References 4.805ms
[29.206s][info][gc,phases   ] GC(58) Concurrent Reset Relocation Set 0.005ms
[29.210s][info][gc,phases   ] GC(58) Concurrent Select Relocation Set 4.270ms
[29.210s][info][gc,phases   ] GC(58) Pause Relocate Start 0.003ms
[29.228s][info][gc,phases   ] GC(58) Concurrent Relocate 18.272ms
[29.228s][info][gc,load     ] GC(58) Load: 0.00/0.00/0.00
[29.228s][info][gc,mmu      ] GC(58) MMU: 2ms/98.4%, 5ms/99.3%, 10ms/99.6%, 20ms/99.7%, 50ms/99.8%, 100ms/99.9%
[29.228s][info][gc,marking  ] GC(58) Mark: 1 stripe(s), 2 proactive flush(es), 1 terminate flush(es), 0 completion(s), 0 continuation(s) 
[29.228s][info][gc,marking  ] GC(58) Mark Stack Usage: 32M
[29.228s][info][gc,nmethod  ] GC(58) NMethods: 1357 registered, 188 unregistered
[29.229s][info][gc,metaspace] GC(58) Metaspace: 8M used, 8M committed, 1088M reserved
[29.229s][info][gc,ref      ] GC(58) Soft: 174 encountered, 0 discovered, 0 enqueued
[29.229s][info][gc,ref      ] GC(58) Weak: 570 encountered, 382 discovered, 0 enqueued
[29.229s][info][gc,ref      ] GC(58) Final: 0 encountered, 0 discovered, 0 enqueued
[29.229s][info][gc,ref      ] GC(58) Phantom: 21 encountered, 10 discovered, 0 enqueued
[29.229s][info][gc,reloc    ] GC(58) Small Pages: 603 / 1206M, Empty: 1160M, Relocated: 6M, In-Place: 0
[29.229s][info][gc,reloc    ] GC(58) Medium Pages: 2 / 64M, Empty: 0M, Relocated: 1M, In-Place: 0
[29.229s][info][gc,reloc    ] GC(58) Large Pages: 0 / 0M, Empty: 0M, Relocated: 0M, In-Place: 0
[29.229s][info][gc,reloc    ] GC(58) Forwarding Usage: 3M
[29.229s][info][gc,heap     ] GC(58) Min Capacity: 8M(0%)
[29.229s][info][gc,heap     ] GC(58) Max Capacity: 2048M(100%)
[29.229s][info][gc,heap     ] GC(58) Soft Max Capacity: 2048M(100%)
[29.229s][info][gc,heap     ] GC(58)                Mark Start          Mark End        Relocate Start      Relocate End           High               Low         
[29.229s][info][gc,heap     ] GC(58)  Capacity:     2048M (100%)       2048M (100%)       2048M (100%)       2048M (100%)       2048M (100%)       2048M (100%)   
[29.229s][info][gc,heap     ] GC(58)      Free:      778M (38%)         702M (34%)        1854M (91%)        1864M (91%)        1894M (92%)         698M (34%)    
[29.229s][info][gc,heap     ] GC(58)      Used:     1270M (62%)        1346M (66%)         194M (9%)          184M (9%)         1350M (66%)         154M (8%)     
[29.229s][info][gc,heap     ] GC(58)      Live:         -                17M (1%)           17M (1%)           17M (1%)             -                  -          
[29.229s][info][gc,heap     ] GC(58) Allocated:         -                76M (4%)           84M (4%)          131M (6%)             -                  -          
[29.229s][info][gc,heap     ] GC(58)   Garbage:         -              1252M (61%)          92M (5%)           34M (2%)             -                  -          
[29.229s][info][gc,heap     ] GC(58) Reclaimed:         -                  -              1160M (57%)        1217M (59%)            -                  -          
[29.229s][info][gc          ] GC(58) Garbage Collection (Allocation Rate) 1270M(62%)->184M(9%)
[29.742s][info][gc,start    ] GC(59) Garbage Collection (Allocation Rate)
[29.742s][info][gc,task     ] GC(59) Using 1 workers
[29.742s][info][gc,phases   ] GC(59) Pause Mark Start 0.017ms
[29.810s][info][gc,phases   ] GC(59) Concurrent Mark 68.177ms
[29.810s][info][gc,phases   ] GC(59) Pause Mark End 0.019ms
[29.810s][info][gc,phases   ] GC(59) Concurrent Mark Free 0.001ms
[29.815s][info][gc,phases   ] GC(59) Concurrent Process Non-Strong References 4.864ms
[29.815s][info][gc,phases   ] GC(59) Concurrent Reset Relocation Set 0.004ms
[29.820s][info][gc,phases   ] GC(59) Concurrent Select Relocation Set 4.411ms
[29.820s][info][gc,phases   ] GC(59) Pause Relocate Start 0.006ms
[29.829s][info][gc,phases   ] GC(59) Concurrent Relocate 8.937ms
[29.829s][info][gc,load     ] GC(59) Load: 0.00/0.00/0.00
[29.829s][info][gc,mmu      ] GC(59) MMU: 2ms/98.4%, 5ms/99.3%, 10ms/99.6%, 20ms/99.7%, 50ms/99.8%, 100ms/99.9%
[29.829s][info][gc,marking  ] GC(59) Mark: 1 stripe(s), 2 proactive flush(es), 1 terminate flush(es), 0 completion(s), 0 continuation(s) 
[29.829s][info][gc,marking  ] GC(59) Mark Stack Usage: 32M
[29.829s][info][gc,nmethod  ] GC(59) NMethods: 1357 registered, 188 unregistered
[29.829s][info][gc,metaspace] GC(59) Metaspace: 8M used, 8M committed, 1088M reserved
[29.829s][info][gc,ref      ] GC(59) Soft: 174 encountered, 0 discovered, 0 enqueued
[29.829s][info][gc,ref      ] GC(59) Weak: 570 encountered, 382 discovered, 0 enqueued
[29.829s][info][gc,ref      ] GC(59) Final: 0 encountered, 0 discovered, 0 enqueued
[29.829s][info][gc,ref      ] GC(59) Phantom: 21 encountered, 10 discovered, 0 enqueued
[29.829s][info][gc,reloc    ] GC(59) Small Pages: 642 / 1284M, Empty: 1232M, Relocated: 3M, In-Place: 0
[29.829s][info][gc,reloc    ] GC(59) Medium Pages: 2 / 64M, Empty: 0M, Relocated: 1M, In-Place: 0
[29.829s][info][gc,reloc    ] GC(59) Large Pages: 0 / 0M, Empty: 0M, Relocated: 0M, In-Place: 0
[29.829s][info][gc,reloc    ] GC(59) Forwarding Usage: 1M
[29.829s][info][gc,heap     ] GC(59) Min Capacity: 8M(0%)
[29.829s][info][gc,heap     ] GC(59) Max Capacity: 2048M(100%)
[29.829s][info][gc,heap     ] GC(59) Soft Max Capacity: 2048M(100%)
[29.829s][info][gc,heap     ] GC(59)                Mark Start          Mark End        Relocate Start      Relocate End           High               Low         
[29.829s][info][gc,heap     ] GC(59)  Capacity:     2048M (100%)       2048M (100%)       2048M (100%)       2048M (100%)       2048M (100%)       2048M (100%)   
[29.830s][info][gc,heap     ] GC(59)      Free:      700M (34%)         524M (26%)        1736M (85%)        1770M (86%)        1778M (87%)         514M (25%)    
[29.830s][info][gc,heap     ] GC(59)      Used:     1348M (66%)        1524M (74%)         312M (15%)         278M (14%)        1534M (75%)         270M (13%)    
[29.830s][info][gc,heap     ] GC(59)      Live:         -                21M (1%)           21M (1%)           21M (1%)             -                  -          
[29.830s][info][gc,heap     ] GC(59) Allocated:         -               176M (9%)          196M (10%)         219M (11%)            -                  -          
[29.830s][info][gc,heap     ] GC(59)   Garbage:         -              1326M (65%)          94M (5%)           36M (2%)             -                  -          
[29.830s][info][gc,heap     ] GC(59) Reclaimed:         -                  -              1232M (60%)        1289M (63%)            -                  -          
[29.830s][info][gc          ] GC(59) Garbage Collection (Allocation Rate) 1348M(66%)->278M(14%)
[30.141s][info][gc,stats    ] === Garbage Collection Statistics =======================================================================================================================
[30.141s][info][gc,stats    ]                                                              Last 10s              Last 10m              Last 10h                Total
[30.141s][info][gc,stats    ]                                                              Avg / Max             Avg / Max             Avg / Max             Avg / Max
[30.141s][info][gc,stats    ]   Collector: Garbage Collection Cycle                     57.307 / 110.744      56.562 / 135.544      56.562 / 135.544      56.562 / 135.544     ms
[30.141s][info][gc,stats    ]  Contention: Mark Segment Reset Contention                     2 / 6                 2 / 17                2 / 17                2 / 17          ops/s
[30.141s][info][gc,stats    ]  Contention: Mark SeqNum Reset Contention                      0 / 1                 0 / 1                 0 / 1                 0 / 1           ops/s
[30.141s][info][gc,stats    ]    Critical: Allocation Stall                                  0 / 0                 0 / 0                 0 / 0                 0 / 0           ops/s
[30.141s][info][gc,stats    ]    Critical: Allocation Stall                              0.000 / 0.000         0.000 / 0.000         0.000 / 0.000         0.000 / 0.000       ms
[30.141s][info][gc,stats    ]    Critical: GC Locker Stall                                   0 / 0                 0 / 0                 0 / 0                 0 / 0           ops/s
[30.141s][info][gc,stats    ]    Critical: GC Locker Stall                               0.000 / 0.000         0.000 / 0.000         0.000 / 0.000         0.000 / 0.000       ms
[30.141s][info][gc,stats    ]    Critical: Relocation Stall                                  0 / 0                 0 / 0                 0 / 0                 0 / 0           ops/s
[30.141s][info][gc,stats    ]    Critical: Relocation Stall                              0.000 / 0.000         0.000 / 0.000         0.000 / 0.000         0.000 / 0.000       ms
[30.141s][info][gc,stats    ]      Memory: Allocation Rate                                2184 / 2488           2025 / 2500           2025 / 2500           2025 / 2500        MB/s
[30.142s][info][gc,stats    ]      Memory: Defragment                                        0 / 0                 0 / 0                 0 / 0                 0 / 0           ops/s
[30.142s][info][gc,stats    ]      Memory: Out Of Memory                                     0 / 0                 0 / 0                 0 / 0                 0 / 0           ops/s
[30.142s][info][gc,stats    ]      Memory: Page Cache Flush                                  0 / 0                 0 / 0                 0 / 0                 0 / 0           MB/s
[30.142s][info][gc,stats    ]      Memory: Page Cache Hit L1                              1073 / 1233            968 / 1245            968 / 1245            968 / 1245        ops/s
[30.142s][info][gc,stats    ]      Memory: Page Cache Hit L2                                 0 / 0                 0 / 0                 0 / 0                 0 / 0           ops/s
[30.142s][info][gc,stats    ]      Memory: Page Cache Hit L3                                 0 / 0                28 / 355              28 / 355              28 / 355         ops/s
[30.142s][info][gc,stats    ]      Memory: Page Cache Miss                                   0 / 0                 0 / 1                 0 / 1                 0 / 1           ops/s
[30.142s][info][gc,stats    ]      Memory: Uncommit                                          0 / 0                 0 / 0                 0 / 0                 0 / 0           MB/s
[30.142s][info][gc,stats    ]      Memory: Undo Object Allocation Failed                     0 / 0                 0 / 0                 0 / 0                 0 / 0           ops/s
[30.142s][info][gc,stats    ]      Memory: Undo Object Allocation Succeeded                  0 / 3                 0 / 3                 0 / 3                 0 / 3           ops/s
[30.142s][info][gc,stats    ]      Memory: Undo Page Allocation                              0 / 0                 0 / 0                 0 / 0                 0 / 0           ops/s
[30.142s][info][gc,stats    ]       Phase: Concurrent Mark                              42.036 / 89.631       40.567 / 114.416      40.567 / 114.416      40.567 / 114.416     ms
[30.142s][info][gc,stats    ]       Phase: Concurrent Mark Continue                      0.000 / 0.000         0.000 / 0.000         0.000 / 0.000         0.000 / 0.000       ms
[30.142s][info][gc,stats    ]       Phase: Concurrent Mark Free                          0.001 / 0.002         0.001 / 0.002         0.001 / 0.002         0.001 / 0.002       ms
[30.142s][info][gc,stats    ]       Phase: Concurrent Process Non-Strong References      2.335 / 4.864         2.395 / 4.963         2.395 / 4.963         2.395 / 4.963       ms
[30.142s][info][gc,stats    ]       Phase: Concurrent Relocate                           7.208 / 18.767        7.375 / 21.306        7.375 / 21.306        7.375 / 21.306      ms
[30.142s][info][gc,stats    ]       Phase: Concurrent Reset Relocation Set               0.003 / 0.005         0.003 / 0.006         0.003 / 0.006         0.003 / 0.006       ms
[30.142s][info][gc,stats    ]       Phase: Concurrent Select Relocation Set              4.832 / 8.466         5.285 / 14.777        5.285 / 14.777        5.285 / 14.777      ms
[30.142s][info][gc,stats    ]       Phase: Pause Mark End                                0.017 / 0.031         0.018 / 0.033         0.018 / 0.033         0.018 / 0.033       ms
[30.142s][info][gc,stats    ]       Phase: Pause Mark Start                              0.015 / 0.018         0.016 / 0.021         0.016 / 0.021         0.016 / 0.021       ms
[30.142s][info][gc,stats    ]       Phase: Pause Relocate Start                          0.006 / 0.009         0.006 / 0.010         0.006 / 0.010         0.006 / 0.010       ms
[30.142s][info][gc,stats    ]    Subphase: Concurrent Classes Purge                      0.005 / 0.014         0.024 / 0.387         0.024 / 0.387         0.024 / 0.387       ms
[30.142s][info][gc,stats    ]    Subphase: Concurrent Classes Unlink                     1.858 / 3.957         1.884 / 3.957         1.884 / 3.957         1.884 / 3.957       ms
[30.142s][info][gc,stats    ]    Subphase: Concurrent Mark                              21.869 / 88.963       18.312 / 113.770      18.312 / 113.770      18.312 / 113.770     ms
[30.142s][info][gc,stats    ]    Subphase: Concurrent Mark Try Flush                     0.029 / 0.084         0.033 / 0.089         0.033 / 0.089         0.033 / 0.089       ms
[30.142s][info][gc,stats    ]    Subphase: Concurrent Mark Try Terminate                 2.549 / 13.584        1.945 / 13.584        1.945 / 13.584        1.945 / 13.584      ms
[30.142s][info][gc,stats    ]    Subphase: Concurrent References Enqueue                 0.000 / 0.001         0.001 / 0.004         0.001 / 0.004         0.001 / 0.004       ms
[30.142s][info][gc,stats    ]    Subphase: Concurrent References Process                 0.057 / 0.105         0.054 / 0.105         0.054 / 0.105         0.054 / 0.105       ms
[30.143s][info][gc,stats    ]    Subphase: Concurrent Roots ClassLoaderDataGraph         0.110 / 0.296         0.097 / 0.612         0.097 / 0.612         0.097 / 0.612       ms
[30.143s][info][gc,stats    ]    Subphase: Concurrent Roots CodeCache                    0.000 / 0.000         0.000 / 0.000         0.000 / 0.000         0.000 / 0.000       ms
[30.143s][info][gc,stats    ]    Subphase: Concurrent Roots JavaThreads                  0.322 / 1.176         0.299 / 1.382         0.299 / 1.382         0.299 / 1.382       ms
[30.143s][info][gc,stats    ]    Subphase: Concurrent Roots OopStorageSet                0.015 / 0.047         0.020 / 0.217         0.020 / 0.217         0.020 / 0.217       ms
[30.143s][info][gc,stats    ]    Subphase: Concurrent Weak Roots OopStorageSet           0.163 / 0.765         0.153 / 1.059         0.153 / 1.059         0.153 / 1.059       ms
[30.143s][info][gc,stats    ]    Subphase: Pause Mark Try Complete                       0.000 / 0.000         0.000 / 0.000         0.000 / 0.000         0.000 / 0.000       ms
[30.143s][info][gc,stats    ]      System: Java Threads                                     11 / 12               14 / 24               14 / 24               14 / 24          threads
[30.143s][info][gc,stats    ] =========================================================================================================================================================
[30.342s][info][gc,start    ] GC(60) Garbage Collection (Allocation Rate)
[30.342s][info][gc,task     ] GC(60) Using 1 workers
[30.342s][info][gc,phases   ] GC(60) Pause Mark Start 0.016ms
[30.421s][info][gc,phases   ] GC(60) Concurrent Mark 79.419ms
[30.422s][info][gc,phases   ] GC(60) Pause Mark End 0.018ms
[30.422s][info][gc,phases   ] GC(60) Concurrent Mark Free 0.002ms
[30.427s][info][gc,phases   ] GC(60) Concurrent Process Non-Strong References 4.945ms
[30.427s][info][gc,phases   ] GC(60) Concurrent Reset Relocation Set 0.003ms
[30.434s][info][gc,phases   ] GC(60) Concurrent Select Relocation Set 7.124ms
[30.434s][info][gc,phases   ] GC(60) Pause Relocate Start 0.006ms
[30.449s][info][gc,phases   ] GC(60) Concurrent Relocate 15.083ms
[30.449s][info][gc,load     ] GC(60) Load: 0.00/0.00/0.00
[30.449s][info][gc,mmu      ] GC(60) MMU: 2ms/98.4%, 5ms/99.3%, 10ms/99.6%, 20ms/99.7%, 50ms/99.8%, 100ms/99.9%
[30.449s][info][gc,marking  ] GC(60) Mark: 1 stripe(s), 2 proactive flush(es), 1 terminate flush(es), 0 completion(s), 0 continuation(s) 
[30.449s][info][gc,marking  ] GC(60) Mark Stack Usage: 32M
[30.449s][info][gc,nmethod  ] GC(60) NMethods: 1357 registered, 188 unregistered
[30.449s][info][gc,metaspace] GC(60) Metaspace: 8M used, 8M committed, 1088M reserved
[30.449s][info][gc,ref      ] GC(60) Soft: 174 encountered, 0 discovered, 0 enqueued
[30.449s][info][gc,ref      ] GC(60) Weak: 570 encountered, 382 discovered, 0 enqueued
[30.449s][info][gc,ref      ] GC(60) Final: 0 encountered, 0 discovered, 0 enqueued
[30.450s][info][gc,ref      ] GC(60) Phantom: 21 encountered, 10 discovered, 0 enqueued
[30.450s][info][gc,reloc    ] GC(60) Small Pages: 722 / 1444M, Empty: 1394M, Relocated: 5M, In-Place: 0
[30.450s][info][gc,reloc    ] GC(60) Medium Pages: 2 / 64M, Empty: 0M, Relocated: 2M, In-Place: 0
[30.450s][info][gc,reloc    ] GC(60) Large Pages: 0 / 0M, Empty: 0M, Relocated: 0M, In-Place: 0
[30.450s][info][gc,reloc    ] GC(60) Forwarding Usage: 2M
[30.450s][info][gc,heap     ] GC(60) Min Capacity: 8M(0%)
[30.450s][info][gc,heap     ] GC(60) Max Capacity: 2048M(100%)
[30.450s][info][gc,heap     ] GC(60) Soft Max Capacity: 2048M(100%)
[30.450s][info][gc,heap     ] GC(60)                Mark Start          Mark End        Relocate Start      Relocate End           High               Low         
[30.450s][info][gc,heap     ] GC(60)  Capacity:     2048M (100%)       2048M (100%)       2048M (100%)       2048M (100%)       2048M (100%)       2048M (100%)   
[30.450s][info][gc,heap     ] GC(60)      Free:      540M (26%)         374M (18%)        1740M (85%)        1754M (86%)        1780M (87%)         362M (18%)    
[30.450s][info][gc,heap     ] GC(60)      Used:     1508M (74%)        1674M (82%)         308M (15%)         294M (14%)        1686M (82%)         268M (13%)    
[30.450s][info][gc,heap     ] GC(60)      Live:         -                25M (1%)           25M (1%)           25M (1%)             -                  -          
[30.450s][info][gc,heap     ] GC(60) Allocated:         -               166M (8%)          194M (9%)          231M (11%)            -                  -          
[30.450s][info][gc,heap     ] GC(60)   Garbage:         -              1482M (72%)          88M (4%)           36M (2%)             -                  -          
[30.450s][info][gc,heap     ] GC(60) Reclaimed:         -                  -              1394M (68%)        1445M (71%)            -                  -          
[30.450s][info][gc          ] GC(60) Garbage Collection (Allocation Rate) 1508M(74%)->294M(14%)
[30.942s][info][gc,start    ] GC(61) Garbage Collection (Allocation Rate)
[30.942s][info][gc,task     ] GC(61) Using 1 workers
[30.942s][info][gc,phases   ] GC(61) Pause Mark Start 0.015ms
[31.038s][info][gc,phases   ] GC(61) Concurrent Mark 96.091ms
[31.038s][info][gc,phases   ] GC(61) Pause Mark End 0.020ms
[31.038s][info][gc,phases   ] GC(61) Concurrent Mark Free 0.001ms
[31.043s][info][gc,phases   ] GC(61) Concurrent Process Non-Strong References 4.766ms
[31.043s][info][gc,phases   ] GC(61) Concurrent Reset Relocation Set 0.003ms
[31.048s][info][gc,phases   ] GC(61) Concurrent Select Relocation Set 4.160ms
[31.048s][info][gc,phases   ] GC(61) Pause Relocate Start 0.010ms
[31.053s][info][gc,phases   ] GC(61) Concurrent Relocate 5.712ms
[31.054s][info][gc,load     ] GC(61) Load: 0.00/0.00/0.00
[31.054s][info][gc,mmu      ] GC(61) MMU: 2ms/98.4%, 5ms/99.3%, 10ms/99.6%, 20ms/99.7%, 50ms/99.8%, 100ms/99.9%
[31.054s][info][gc,marking  ] GC(61) Mark: 1 stripe(s), 2 proactive flush(es), 1 terminate flush(es), 0 completion(s), 0 continuation(s) 
[31.054s][info][gc,marking  ] GC(61) Mark Stack Usage: 32M
[31.054s][info][gc,nmethod  ] GC(61) NMethods: 1357 registered, 188 unregistered
[31.054s][info][gc,metaspace] GC(61) Metaspace: 8M used, 8M committed, 1088M reserved
[31.054s][info][gc,ref      ] GC(61) Soft: 174 encountered, 0 discovered, 0 enqueued
[31.054s][info][gc,ref      ] GC(61) Weak: 570 encountered, 157 discovered, 0 enqueued
[31.054s][info][gc,ref      ] GC(61) Final: 0 encountered, 0 discovered, 0 enqueued
[31.054s][info][gc,ref      ] GC(61) Phantom: 21 encountered, 10 discovered, 0 enqueued
[31.054s][info][gc,reloc    ] GC(61) Small Pages: 706 / 1412M, Empty: 1364M, Relocated: 1M, In-Place: 0
[31.054s][info][gc,reloc    ] GC(61) Medium Pages: 2 / 64M, Empty: 0M, Relocated: 4M, In-Place: 0
[31.054s][info][gc,reloc    ] GC(61) Large Pages: 0 / 0M, Empty: 0M, Relocated: 0M, In-Place: 0
[31.054s][info][gc,reloc    ] GC(61) Forwarding Usage: 0M
[31.054s][info][gc,heap     ] GC(61) Min Capacity: 8M(0%)
[31.054s][info][gc,heap     ] GC(61) Max Capacity: 2048M(100%)
[31.054s][info][gc,heap     ] GC(61) Soft Max Capacity: 2048M(100%)
[31.054s][info][gc,heap     ] GC(61)                Mark Start          Mark End        Relocate Start      Relocate End           High               Low         
[31.054s][info][gc,heap     ] GC(61)  Capacity:     2048M (100%)       2048M (100%)       2048M (100%)       2048M (100%)       2048M (100%)       2048M (100%)   
[31.054s][info][gc,heap     ] GC(61)      Free:      572M (28%)         514M (25%)        1876M (92%)        1914M (93%)        1914M (93%)         514M (25%)    
[31.054s][info][gc,heap     ] GC(61)      Used:     1476M (72%)        1534M (75%)         172M (8%)          134M (7%)         1534M (75%)         134M (7%)     
[31.054s][info][gc,heap     ] GC(61)      Live:         -                37M (2%)           37M (2%)           37M (2%)             -                  -          
[31.054s][info][gc,heap     ] GC(61) Allocated:         -                58M (3%)           60M (3%)           59M (3%)             -                  -          
[31.054s][info][gc,heap     ] GC(61)   Garbage:         -              1438M (70%)          74M (4%)           36M (2%)             -                  -          
[31.054s][info][gc,heap     ] GC(61) Reclaimed:         -                  -              1364M (67%)        1401M (68%)            -                  -          
[31.054s][info][gc          ] GC(61) Garbage Collection (Allocation Rate) 1476M(72%)->134M(7%)
[31.408s][info][gc,start    ] GC(62) Garbage Collection (System.gc())
[31.408s][info][gc,task     ] GC(62) Using 12 workers
[31.409s][info][gc,phases   ] GC(62) Pause Mark Start 0.017ms
[31.415s][info][gc,phases   ] GC(62) Concurrent Mark 6.323ms
[31.415s][info][gc,phases   ] GC(62) Pause Mark End 0.016ms
[31.415s][info][gc,phases   ] GC(62) Concurrent Mark Free 0.001ms
[31.416s][info][gc,phases   ] GC(62) Concurrent Process Non-Strong References 0.571ms
[31.416s][info][gc,phases   ] GC(62) Concurrent Reset Relocation Set 0.002ms
[31.420s][info][gc,phases   ] GC(62) Concurrent Select Relocation Set 3.739ms
[31.420s][info][gc,phases   ] GC(62) Pause Relocate Start 0.005ms
[31.422s][info][gc,phases   ] GC(62) Concurrent Relocate 1.902ms
[31.422s][info][gc,load     ] GC(62) Load: 0.00/0.00/0.00
[31.422s][info][gc,mmu      ] GC(62) MMU: 2ms/98.4%, 5ms/99.3%, 10ms/99.6%, 20ms/99.7%, 50ms/99.8%, 100ms/99.9%
[31.422s][info][gc,marking  ] GC(62) Mark: 8 stripe(s), 2 proactive flush(es), 1 terminate flush(es), 0 completion(s), 0 continuation(s) 
[31.422s][info][gc,marking  ] GC(62) Mark Stack Usage: 32M
[31.422s][info][gc,nmethod  ] GC(62) NMethods: 1361 registered, 189 unregistered
[31.422s][info][gc,metaspace] GC(62) Metaspace: 8M used, 8M committed, 1088M reserved
[31.422s][info][gc,ref      ] GC(62) Soft: 174 encountered, 0 discovered, 0 enqueued
[31.422s][info][gc,ref      ] GC(62) Weak: 570 encountered, 8 discovered, 0 enqueued
[31.422s][info][gc,ref      ] GC(62) Final: 0 encountered, 0 discovered, 0 enqueued
[31.422s][info][gc,ref      ] GC(62) Phantom: 21 encountered, 14 discovered, 0 enqueued
[31.422s][info][gc,reloc    ] GC(62) Small Pages: 73 / 146M, Empty: 134M, Relocated: 0M, In-Place: 0
[31.422s][info][gc,reloc    ] GC(62) Medium Pages: 2 / 64M, Empty: 64M, Relocated: 0M, In-Place: 0
[31.422s][info][gc,reloc    ] GC(62) Large Pages: 0 / 0M, Empty: 0M, Relocated: 0M, In-Place: 0
[31.422s][info][gc,reloc    ] GC(62) Forwarding Usage: 0M
[31.422s][info][gc,heap     ] GC(62) Min Capacity: 8M(0%)
[31.422s][info][gc,heap     ] GC(62) Max Capacity: 2048M(100%)
[31.422s][info][gc,heap     ] GC(62) Soft Max Capacity: 2048M(100%)
[31.422s][info][gc,heap     ] GC(62)                Mark Start          Mark End        Relocate Start      Relocate End           High               Low         
[31.422s][info][gc,heap     ] GC(62)  Capacity:     2048M (100%)       2048M (100%)       2048M (100%)       2048M (100%)       2048M (100%)       2048M (100%)   
[31.422s][info][gc,heap     ] GC(62)      Free:     1838M (90%)        1838M (90%)        2036M (99%)        2036M (99%)        2036M (99%)        1838M (90%)    
[31.422s][info][gc,heap     ] GC(62)      Used:      210M (10%)         210M (10%)          12M (1%)           12M (1%)          210M (10%)          12M (1%)     
[31.422s][info][gc,heap     ] GC(62)      Live:         -                 4M (0%)            4M (0%)            4M (0%)             -                  -          
[31.422s][info][gc,heap     ] GC(62) Allocated:         -                 0M (0%)            0M (0%)            0M (0%)             -                  -          
[31.422s][info][gc,heap     ] GC(62)   Garbage:         -               205M (10%)           7M (0%)            7M (0%)             -                  -          
[31.422s][info][gc,heap     ] GC(62) Reclaimed:         -                  -               198M (10%)         198M (10%)            -                  -          
[31.422s][info][gc          ] GC(62) Garbage Collection (System.gc()) 210M(10%)->12M(1%)
[32.041s][info][gc,start    ] GC(63) Garbage Collection (Allocation Rate)
[32.041s][info][gc,task     ] GC(63) Using 1 workers
[32.041s][info][gc,phases   ] GC(63) Pause Mark Start 0.017ms
[32.073s][info][gc,phases   ] GC(63) Concurrent Mark 32.023ms
[32.073s][info][gc,phases   ] GC(63) Pause Mark End 0.018ms
[32.074s][info][gc,phases   ] GC(63) Concurrent Mark Free 0.001ms
[32.078s][info][gc,phases   ] GC(63) Concurrent Process Non-Strong References 4.875ms
[32.078s][info][gc,phases   ] GC(63) Concurrent Reset Relocation Set 0.001ms
[32.085s][info][gc,phases   ] GC(63) Concurrent Select Relocation Set 6.383ms
[32.085s][info][gc,phases   ] GC(63) Pause Relocate Start 0.006ms
[32.098s][info][gc,phases   ] GC(63) Concurrent Relocate 12.678ms
[32.098s][info][gc,load     ] GC(63) Load: 0.00/0.00/0.00
[32.098s][info][gc,mmu      ] GC(63) MMU: 2ms/98.4%, 5ms/99.3%, 10ms/99.6%, 20ms/99.7%, 50ms/99.8%, 100ms/99.9%
[32.098s][info][gc,marking  ] GC(63) Mark: 1 stripe(s), 2 proactive flush(es), 1 terminate flush(es), 0 completion(s), 0 continuation(s) 
[32.098s][info][gc,marking  ] GC(63) Mark Stack Usage: 32M
[32.098s][info][gc,nmethod  ] GC(63) NMethods: 1368 registered, 189 unregistered
[32.098s][info][gc,metaspace] GC(63) Metaspace: 8M used, 8M committed, 1088M reserved
[32.098s][info][gc,ref      ] GC(63) Soft: 174 encountered, 0 discovered, 0 enqueued
[32.098s][info][gc,ref      ] GC(63) Weak: 570 encountered, 424 discovered, 0 enqueued
[32.098s][info][gc,ref      ] GC(63) Final: 0 encountered, 0 discovered, 0 enqueued
[32.098s][info][gc,ref      ] GC(63) Phantom: 21 encountered, 15 discovered, 0 enqueued
[32.098s][info][gc,reloc    ] GC(63) Small Pages: 758 / 1516M, Empty: 1476M, Relocated: 4M, In-Place: 0
[32.098s][info][gc,reloc    ] GC(63) Medium Pages: 1 / 32M, Empty: 0M, Relocated: 0M, In-Place: 0
[32.098s][info][gc,reloc    ] GC(63) Large Pages: 0 / 0M, Empty: 0M, Relocated: 0M, In-Place: 0
[32.098s][info][gc,reloc    ] GC(63) Forwarding Usage: 2M
[32.098s][info][gc,heap     ] GC(63) Min Capacity: 8M(0%)
[32.098s][info][gc,heap     ] GC(63) Max Capacity: 2048M(100%)
[32.098s][info][gc,heap     ] GC(63) Soft Max Capacity: 2048M(100%)
[32.098s][info][gc,heap     ] GC(63)                Mark Start          Mark End        Relocate Start      Relocate End           High               Low         
[32.098s][info][gc,heap     ] GC(63)  Capacity:     2048M (100%)       2048M (100%)       2048M (100%)       2048M (100%)       2048M (100%)       2048M (100%)   
[32.098s][info][gc,heap     ] GC(63)      Free:      500M (24%)         418M (20%)        1864M (91%)        1862M (91%)        1882M (92%)         404M (20%)    
[32.098s][info][gc,heap     ] GC(63)      Used:     1548M (76%)        1630M (80%)         184M (9%)          186M (9%)         1644M (80%)         166M (8%)     
[32.098s][info][gc,heap     ] GC(63)      Live:         -                 8M (0%)            8M (0%)            8M (0%)             -                  -          
[32.099s][info][gc,heap     ] GC(63) Allocated:         -                82M (4%)          112M (5%)          143M (7%)             -                  -          
[32.099s][info][gc,heap     ] GC(63)   Garbage:         -              1539M (75%)          63M (3%)           33M (2%)             -                  -          
[32.099s][info][gc,heap     ] GC(63) Reclaimed:         -                  -              1476M (72%)        1505M (74%)            -                  -          
[32.099s][info][gc          ] GC(63) Garbage Collection (Allocation Rate) 1548M(76%)->186M(9%)
[32.242s][info][gc,start    ] GC(64) Garbage Collection (Allocation Rate)
[32.242s][info][gc,task     ] GC(64) Using 6 workers
[32.242s][info][gc,phases   ] GC(64) Pause Mark Start 0.015ms
[32.256s][info][gc,phases   ] GC(64) Concurrent Mark 13.628ms
[32.256s][info][gc,phases   ] GC(64) Pause Mark End 0.017ms
[32.256s][info][gc,phases   ] GC(64) Concurrent Mark Free 0.001ms
[32.257s][info][gc,phases   ] GC(64) Concurrent Process Non-Strong References 1.006ms
[32.257s][info][gc,phases   ] GC(64) Concurrent Reset Relocation Set 0.003ms
[32.261s][info][gc,phases   ] GC(64) Concurrent Select Relocation Set 3.921ms
[32.261s][info][gc,phases   ] GC(64) Pause Relocate Start 0.005ms
[32.265s][info][gc,phases   ] GC(64) Concurrent Relocate 3.544ms
[32.265s][info][gc,load     ] GC(64) Load: 0.00/0.00/0.00
[32.265s][info][gc,mmu      ] GC(64) MMU: 2ms/98.4%, 5ms/99.3%, 10ms/99.6%, 20ms/99.7%, 50ms/99.8%, 100ms/99.9%
[32.265s][info][gc,marking  ] GC(64) Mark: 4 stripe(s), 3 proactive flush(es), 1 terminate flush(es), 0 completion(s), 0 continuation(s) 
[32.265s][info][gc,marking  ] GC(64) Mark Stack Usage: 32M
[32.265s][info][gc,nmethod  ] GC(64) NMethods: 1368 registered, 189 unregistered
[32.265s][info][gc,metaspace] GC(64) Metaspace: 8M used, 8M committed, 1088M reserved
[32.265s][info][gc,ref      ] GC(64) Soft: 174 encountered, 0 discovered, 0 enqueued
[32.265s][info][gc,ref      ] GC(64) Weak: 570 encountered, 183 discovered, 0 enqueued
[32.265s][info][gc,ref      ] GC(64) Final: 0 encountered, 0 discovered, 0 enqueued
[32.265s][info][gc,ref      ] GC(64) Phantom: 21 encountered, 10 discovered, 0 enqueued
[32.265s][info][gc,reloc    ] GC(64) Small Pages: 236 / 472M, Empty: 432M, Relocated: 3M, In-Place: 0
[32.265s][info][gc,reloc    ] GC(64) Medium Pages: 2 / 64M, Empty: 32M, Relocated: 0M, In-Place: 0
[32.265s][info][gc,reloc    ] GC(64) Large Pages: 0 / 0M, Empty: 0M, Relocated: 0M, In-Place: 0
[32.265s][info][gc,reloc    ] GC(64) Forwarding Usage: 1M
[32.265s][info][gc,heap     ] GC(64) Min Capacity: 8M(0%)
[32.265s][info][gc,heap     ] GC(64) Max Capacity: 2048M(100%)
[32.265s][info][gc,heap     ] GC(64) Soft Max Capacity: 2048M(100%)
[32.265s][info][gc,heap     ] GC(64)                Mark Start          Mark End        Relocate Start      Relocate End           High               Low         
[32.265s][info][gc,heap     ] GC(64)  Capacity:     2048M (100%)       2048M (100%)       2048M (100%)       2048M (100%)       2048M (100%)       2048M (100%)   
[32.265s][info][gc,heap     ] GC(64)      Free:     1512M (74%)        1490M (73%)        1942M (95%)        1954M (95%)        1956M (96%)        1488M (73%)    
[32.265s][info][gc,heap     ] GC(64)      Used:      536M (26%)         558M (27%)         106M (5%)           94M (5%)          560M (27%)          92M (4%)     
[32.265s][info][gc,heap     ] GC(64)      Live:         -                10M (0%)           10M (0%)           10M (0%)             -                  -          
[32.265s][info][gc,heap     ] GC(64) Allocated:         -                22M (1%)           34M (2%)           41M (2%)             -                  -          
[32.265s][info][gc,heap     ] GC(64)   Garbage:         -               525M (26%)          61M (3%)           41M (2%)             -                  -          
[32.265s][info][gc,heap     ] GC(64) Reclaimed:         -                  -               464M (23%)         483M (24%)            -                  -          
[32.265s][info][gc          ] GC(64) Garbage Collection (Allocation Rate) 536M(26%)->94M(5%)
[32.742s][info][gc,start    ] GC(65) Garbage Collection (Allocation Rate)
[32.742s][info][gc,task     ] GC(65) Using 6 workers
[32.742s][info][gc,phases   ] GC(65) Pause Mark Start 0.018ms
[32.760s][info][gc,phases   ] GC(65) Concurrent Mark 17.589ms
[32.760s][info][gc,phases   ] GC(65) Pause Mark End 0.015ms
[32.760s][info][gc,phases   ] GC(65) Concurrent Mark Free 0.001ms
[32.761s][info][gc,phases   ] GC(65) Concurrent Process Non-Strong References 0.909ms
[32.761s][info][gc,phases   ] GC(65) Concurrent Reset Relocation Set 0.003ms
[32.767s][info][gc,phases   ] GC(65) Concurrent Select Relocation Set 6.491ms
[32.768s][info][gc,phases   ] GC(65) Pause Relocate Start 0.008ms
[32.771s][info][gc,phases   ] GC(65) Concurrent Relocate 3.622ms
[32.771s][info][gc,load     ] GC(65) Load: 0.00/0.00/0.00
[32.771s][info][gc,mmu      ] GC(65) MMU: 2ms/98.4%, 5ms/99.3%, 10ms/99.6%, 20ms/99.7%, 50ms/99.8%, 100ms/99.9%
[32.771s][info][gc,marking  ] GC(65) Mark: 4 stripe(s), 4 proactive flush(es), 1 terminate flush(es), 0 completion(s), 0 continuation(s) 
[32.772s][info][gc,marking  ] GC(65) Mark Stack Usage: 32M
[32.772s][info][gc,nmethod  ] GC(65) NMethods: 1368 registered, 189 unregistered
[32.772s][info][gc,metaspace] GC(65) Metaspace: 8M used, 8M committed, 1088M reserved
[32.772s][info][gc,ref      ] GC(65) Soft: 174 encountered, 0 discovered, 0 enqueued
[32.772s][info][gc,ref      ] GC(65) Weak: 570 encountered, 150 discovered, 0 enqueued
[32.772s][info][gc,ref      ] GC(65) Final: 0 encountered, 0 discovered, 0 enqueued
[32.772s][info][gc,ref      ] GC(65) Phantom: 21 encountered, 20 discovered, 0 enqueued
[32.772s][info][gc,reloc    ] GC(65) Small Pages: 616 / 1232M, Empty: 1190M, Relocated: 4M, In-Place: 0
[32.772s][info][gc,reloc    ] GC(65) Medium Pages: 2 / 64M, Empty: 0M, Relocated: 0M, In-Place: 0
[32.772s][info][gc,reloc    ] GC(65) Large Pages: 0 / 0M, Empty: 0M, Relocated: 0M, In-Place: 0
[32.772s][info][gc,reloc    ] GC(65) Forwarding Usage: 2M
[32.772s][info][gc,heap     ] GC(65) Min Capacity: 8M(0%)
[32.772s][info][gc,heap     ] GC(65) Max Capacity: 2048M(100%)
[32.772s][info][gc,heap     ] GC(65) Soft Max Capacity: 2048M(100%)
[32.772s][info][gc,heap     ] GC(65)                Mark Start          Mark End        Relocate Start      Relocate End           High               Low         
[32.772s][info][gc,heap     ] GC(65)  Capacity:     2048M (100%)       2048M (100%)       2048M (100%)       2048M (100%)       2048M (100%)       2048M (100%)   
[32.772s][info][gc,heap     ] GC(65)      Free:      752M (37%)         732M (36%)        1912M (93%)        1958M (96%)        1958M (96%)         732M (36%)    
[32.772s][info][gc,heap     ] GC(65)      Used:     1296M (63%)        1316M (64%)         136M (7%)           90M (4%)         1316M (64%)          90M (4%)     
[32.772s][info][gc,heap     ] GC(65)      Live:         -                13M (1%)           13M (1%)           13M (1%)             -                  -          
[32.772s][info][gc,heap     ] GC(65) Allocated:         -                20M (1%)           30M (1%)           35M (2%)             -                  -          
[32.772s][info][gc,heap     ] GC(65)   Garbage:         -              1282M (63%)          92M (5%)           40M (2%)             -                  -          
[32.772s][info][gc,heap     ] GC(65) Reclaimed:         -                  -              1190M (58%)        1241M (61%)            -                  -          
[32.772s][info][gc          ] GC(65) Garbage Collection (Allocation Rate) 1296M(63%)->90M(4%)
[33.241s][info][gc,start    ] GC(66) Garbage Collection (Allocation Rate)
[33.241s][info][gc,task     ] GC(66) Using 1 workers
[33.241s][info][gc,phases   ] GC(66) Pause Mark Start 0.018ms
[33.298s][info][gc,phases   ] GC(66) Concurrent Mark 56.507ms
[33.298s][info][gc,phases   ] GC(66) Pause Mark End 0.017ms
[33.298s][info][gc,phases   ] GC(66) Concurrent Mark Free 0.001ms
[33.303s][info][gc,phases   ] GC(66) Concurrent Process Non-Strong References 4.869ms
[33.303s][info][gc,phases   ] GC(66) Concurrent Reset Relocation Set 0.004ms
[33.311s][info][gc,phases   ] GC(66) Concurrent Select Relocation Set 7.413ms
[33.311s][info][gc,phases   ] GC(66) Pause Relocate Start 0.006ms
[33.324s][info][gc,phases   ] GC(66) Concurrent Relocate 13.431ms
[33.324s][info][gc,load     ] GC(66) Load: 0.00/0.00/0.00
[33.324s][info][gc,mmu      ] GC(66) MMU: 2ms/98.4%, 5ms/99.3%, 10ms/99.6%, 20ms/99.7%, 50ms/99.8%, 100ms/99.9%
[33.324s][info][gc,marking  ] GC(66) Mark: 1 stripe(s), 2 proactive flush(es), 1 terminate flush(es), 0 completion(s), 0 continuation(s) 
[33.324s][info][gc,marking  ] GC(66) Mark Stack Usage: 32M
[33.324s][info][gc,nmethod  ] GC(66) NMethods: 1368 registered, 189 unregistered
[33.324s][info][gc,metaspace] GC(66) Metaspace: 8M used, 8M committed, 1088M reserved
[33.324s][info][gc,ref      ] GC(66) Soft: 174 encountered, 0 discovered, 0 enqueued
[33.324s][info][gc,ref      ] GC(66) Weak: 570 encountered, 382 discovered, 0 enqueued
[33.324s][info][gc,ref      ] GC(66) Final: 0 encountered, 0 discovered, 0 enqueued
[33.325s][info][gc,ref      ] GC(66) Phantom: 21 encountered, 10 discovered, 0 enqueued
[33.325s][info][gc,reloc    ] GC(66) Small Pages: 603 / 1206M, Empty: 1156M, Relocated: 4M, In-Place: 0
[33.325s][info][gc,reloc    ] GC(66) Medium Pages: 2 / 64M, Empty: 0M, Relocated: 1M, In-Place: 0
[33.325s][info][gc,reloc    ] GC(66) Large Pages: 0 / 0M, Empty: 0M, Relocated: 0M, In-Place: 0
[33.325s][info][gc,reloc    ] GC(66) Forwarding Usage: 2M
[33.325s][info][gc,heap     ] GC(66) Min Capacity: 8M(0%)
[33.325s][info][gc,heap     ] GC(66) Max Capacity: 2048M(100%)
[33.325s][info][gc,heap     ] GC(66) Soft Max Capacity: 2048M(100%)
[33.325s][info][gc,heap     ] GC(66)                Mark Start          Mark End        Relocate Start      Relocate End           High               Low         
[33.325s][info][gc,heap     ] GC(66)  Capacity:     2048M (100%)       2048M (100%)       2048M (100%)       2048M (100%)       2048M (100%)       2048M (100%)   
[33.325s][info][gc,heap     ] GC(66)      Free:      778M (38%)         630M (31%)        1756M (86%)        1784M (87%)        1802M (88%)         620M (30%)    
[33.325s][info][gc,heap     ] GC(66)      Used:     1270M (62%)        1418M (69%)         292M (14%)         264M (13%)        1428M (70%)         246M (12%)    
[33.325s][info][gc,heap     ] GC(66)      Live:         -                16M (1%)           16M (1%)           16M (1%)             -                  -          
[33.325s][info][gc,heap     ] GC(66) Allocated:         -               148M (7%)          178M (9%)          211M (10%)            -                  -          
[33.325s][info][gc,heap     ] GC(66)   Garbage:         -              1253M (61%)          97M (5%)           35M (2%)             -                  -          
[33.325s][info][gc,heap     ] GC(66) Reclaimed:         -                  -              1156M (56%)        1217M (59%)            -                  -          
[33.325s][info][gc          ] GC(66) Garbage Collection (Allocation Rate) 1270M(62%)->264M(13%)
[33.841s][info][gc,start    ] GC(67) Garbage Collection (Allocation Rate)
[33.841s][info][gc,task     ] GC(67) Using 1 workers
[33.841s][info][gc,phases   ] GC(67) Pause Mark Start 0.017ms
[33.907s][info][gc,phases   ] GC(67) Concurrent Mark 65.510ms
[33.907s][info][gc,phases   ] GC(67) Pause Mark End 0.020ms
[33.907s][info][gc,phases   ] GC(67) Concurrent Mark Free 0.001ms
[33.912s][info][gc,phases   ] GC(67) Concurrent Process Non-Strong References 4.850ms
[33.912s][info][gc,phases   ] GC(67) Concurrent Reset Relocation Set 0.004ms
[33.921s][info][gc,phases   ] GC(67) Concurrent Select Relocation Set 8.572ms
[33.921s][info][gc,phases   ] GC(67) Pause Relocate Start 0.007ms
[33.939s][info][gc,phases   ] GC(67) Concurrent Relocate 17.656ms
[33.939s][info][gc,load     ] GC(67) Load: 0.00/0.00/0.00
[33.939s][info][gc,mmu      ] GC(67) MMU: 2ms/98.4%, 5ms/99.3%, 10ms/99.6%, 20ms/99.7%, 50ms/99.8%, 100ms/99.9%
[33.939s][info][gc,marking  ] GC(67) Mark: 1 stripe(s), 2 proactive flush(es), 1 terminate flush(es), 0 completion(s), 0 continuation(s) 
[33.939s][info][gc,marking  ] GC(67) Mark Stack Usage: 32M
[33.939s][info][gc,nmethod  ] GC(67) NMethods: 1368 registered, 189 unregistered
[33.939s][info][gc,metaspace] GC(67) Metaspace: 8M used, 8M committed, 1088M reserved
[33.939s][info][gc,ref      ] GC(67) Soft: 174 encountered, 0 discovered, 0 enqueued
[33.939s][info][gc,ref      ] GC(67) Weak: 570 encountered, 382 discovered, 0 enqueued
[33.939s][info][gc,ref      ] GC(67) Final: 0 encountered, 0 discovered, 0 enqueued
[33.939s][info][gc,ref      ] GC(67) Phantom: 21 encountered, 10 discovered, 0 enqueued
[33.939s][info][gc,reloc    ] GC(67) Small Pages: 711 / 1422M, Empty: 1368M, Relocated: 6M, In-Place: 0
[33.939s][info][gc,reloc    ] GC(67) Medium Pages: 2 / 64M, Empty: 0M, Relocated: 1M, In-Place: 0
[33.939s][info][gc,reloc    ] GC(67) Large Pages: 0 / 0M, Empty: 0M, Relocated: 0M, In-Place: 0
[33.939s][info][gc,reloc    ] GC(67) Forwarding Usage: 3M
[33.939s][info][gc,heap     ] GC(67) Min Capacity: 8M(0%)
[33.939s][info][gc,heap     ] GC(67) Max Capacity: 2048M(100%)
[33.939s][info][gc,heap     ] GC(67) Soft Max Capacity: 2048M(100%)
[33.939s][info][gc,heap     ] GC(67)                Mark Start          Mark End        Relocate Start      Relocate End           High               Low         
[33.939s][info][gc,heap     ] GC(67)  Capacity:     2048M (100%)       2048M (100%)       2048M (100%)       2048M (100%)       2048M (100%)       2048M (100%)   
[33.939s][info][gc,heap     ] GC(67)      Free:      562M (27%)         388M (19%)        1726M (84%)        1744M (85%)        1772M (87%)         376M (18%)    
[33.939s][info][gc,heap     ] GC(67)      Used:     1486M (73%)        1660M (81%)         322M (16%)         304M (15%)        1672M (82%)         276M (13%)    
[33.939s][info][gc,heap     ] GC(67)      Live:         -                21M (1%)           21M (1%)           21M (1%)             -                  -          
[33.939s][info][gc,heap     ] GC(67) Allocated:         -               174M (8%)          204M (10%)         247M (12%)            -                  -          
[33.939s][info][gc,heap     ] GC(67)   Garbage:         -              1464M (72%)          96M (5%)           34M (2%)             -                  -          
[33.939s][info][gc,heap     ] GC(67) Reclaimed:         -                  -              1368M (67%)        1429M (70%)            -                  -          
[33.940s][info][gc          ] GC(67) Garbage Collection (Allocation Rate) 1486M(73%)->304M(15%)
[34.456s][info][gc,start    ] GC(68) Garbage Collection (Allocation Rate)
[34.456s][info][gc,task     ] GC(68) Using 1 workers
[34.456s][info][gc,phases   ] GC(68) Pause Mark Start 0.016ms
[34.541s][info][gc,phases   ] GC(68) Concurrent Mark 84.432ms
[34.541s][info][gc,phases   ] GC(68) Pause Mark End 0.019ms
[34.541s][info][gc,phases   ] GC(68) Concurrent Mark Free 0.001ms
[34.543s][info][gc,phases   ] GC(68) Concurrent Process Non-Strong References 2.646ms
[34.544s][info][gc,phases   ] GC(68) Concurrent Reset Relocation Set 0.004ms
[34.547s][info][gc,phases   ] GC(68) Concurrent Select Relocation Set 3.727ms
[34.547s][info][gc,phases   ] GC(68) Pause Relocate Start 0.006ms
[34.557s][info][gc,phases   ] GC(68) Concurrent Relocate 9.825ms
[34.557s][info][gc,load     ] GC(68) Load: 0.00/0.00/0.00
[34.557s][info][gc,mmu      ] GC(68) MMU: 2ms/98.4%, 5ms/99.3%, 10ms/99.6%, 20ms/99.7%, 50ms/99.8%, 100ms/99.9%
[34.557s][info][gc,marking  ] GC(68) Mark: 1 stripe(s), 2 proactive flush(es), 1 terminate flush(es), 0 completion(s), 0 continuation(s) 
[34.557s][info][gc,marking  ] GC(68) Mark Stack Usage: 32M
[34.557s][info][gc,nmethod  ] GC(68) NMethods: 1368 registered, 189 unregistered
[34.557s][info][gc,metaspace] GC(68) Metaspace: 8M used, 8M committed, 1088M reserved
[34.558s][info][gc,ref      ] GC(68) Soft: 174 encountered, 0 discovered, 0 enqueued
[34.558s][info][gc,ref      ] GC(68) Weak: 570 encountered, 382 discovered, 0 enqueued
[34.558s][info][gc,ref      ] GC(68) Final: 0 encountered, 0 discovered, 0 enqueued
[34.558s][info][gc,ref      ] GC(68) Phantom: 21 encountered, 10 discovered, 0 enqueued
[34.558s][info][gc,reloc    ] GC(68) Small Pages: 743 / 1486M, Empty: 1432M, Relocated: 3M, In-Place: 0
[34.558s][info][gc,reloc    ] GC(68) Medium Pages: 2 / 64M, Empty: 0M, Relocated: 2M, In-Place: 0
[34.558s][info][gc,reloc    ] GC(68) Large Pages: 0 / 0M, Empty: 0M, Relocated: 0M, In-Place: 0
[34.558s][info][gc,reloc    ] GC(68) Forwarding Usage: 1M
[34.558s][info][gc,heap     ] GC(68) Min Capacity: 8M(0%)
[34.558s][info][gc,heap     ] GC(68) Max Capacity: 2048M(100%)
[34.558s][info][gc,heap     ] GC(68) Soft Max Capacity: 2048M(100%)
[34.558s][info][gc,heap     ] GC(68)                Mark Start          Mark End        Relocate Start      Relocate End           High               Low         
[34.558s][info][gc,heap     ] GC(68)  Capacity:     2048M (100%)       2048M (100%)       2048M (100%)       2048M (100%)       2048M (100%)       2048M (100%)   
[34.558s][info][gc,heap     ] GC(68)      Free:      498M (24%)         328M (16%)        1754M (86%)        1786M (87%)        1798M (88%)         326M (16%)    
[34.558s][info][gc,heap     ] GC(68)      Used:     1550M (76%)        1720M (84%)         294M (14%)         262M (13%)        1722M (84%)         250M (12%)    
[34.558s][info][gc,heap     ] GC(68)      Live:         -                25M (1%)           25M (1%)           25M (1%)             -                  -          
[34.558s][info][gc,heap     ] GC(68) Allocated:         -               170M (8%)          176M (9%)          201M (10%)            -                  -          
[34.558s][info][gc,heap     ] GC(68)   Garbage:         -              1524M (74%)          92M (5%)           34M (2%)             -                  -          
[34.558s][info][gc,heap     ] GC(68) Reclaimed:         -                  -              1432M (70%)        1489M (73%)            -                  -          
[34.558s][info][gc          ] GC(68) Garbage Collection (Allocation Rate) 1550M(76%)->262M(13%)
[35.045s][info][gc,start    ] GC(69) Garbage Collection (Allocation Rate)
[35.045s][info][gc,task     ] GC(69) Using 1 workers
[35.045s][info][gc,phases   ] GC(69) Pause Mark Start 0.017ms
[35.130s][info][gc,phases   ] GC(69) Concurrent Mark 84.456ms
[35.130s][info][gc,phases   ] GC(69) Pause Mark End 0.018ms
[35.130s][info][gc,phases   ] GC(69) Concurrent Mark Free 0.001ms
[35.135s][info][gc,phases   ] GC(69) Concurrent Process Non-Strong References 4.792ms
[35.135s][info][gc,phases   ] GC(69) Concurrent Reset Relocation Set 0.006ms
[35.139s][info][gc,phases   ] GC(69) Concurrent Select Relocation Set 4.079ms
[35.139s][info][gc,phases   ] GC(69) Pause Relocate Start 0.005ms
[35.144s][info][gc,phases   ] GC(69) Concurrent Relocate 5.121ms
[35.144s][info][gc,load     ] GC(69) Load: 0.00/0.00/0.00
[35.144s][info][gc,mmu      ] GC(69) MMU: 2ms/98.4%, 5ms/99.3%, 10ms/99.6%, 20ms/99.7%, 50ms/99.8%, 100ms/99.9%
[35.144s][info][gc,marking  ] GC(69) Mark: 1 stripe(s), 2 proactive flush(es), 1 terminate flush(es), 0 completion(s), 0 continuation(s) 
[35.144s][info][gc,marking  ] GC(69) Mark Stack Usage: 32M
[35.144s][info][gc,nmethod  ] GC(69) NMethods: 1368 registered, 189 unregistered
[35.144s][info][gc,metaspace] GC(69) Metaspace: 8M used, 8M committed, 1088M reserved
[35.144s][info][gc,ref      ] GC(69) Soft: 174 encountered, 0 discovered, 0 enqueued
[35.144s][info][gc,ref      ] GC(69) Weak: 570 encountered, 424 discovered, 0 enqueued
[35.144s][info][gc,ref      ] GC(69) Final: 0 encountered, 0 discovered, 0 enqueued
[35.144s][info][gc,ref      ] GC(69) Phantom: 21 encountered, 15 discovered, 0 enqueued
[35.145s][info][gc,reloc    ] GC(69) Small Pages: 697 / 1394M, Empty: 1354M, Relocated: 1M, In-Place: 0
[35.145s][info][gc,reloc    ] GC(69) Medium Pages: 2 / 64M, Empty: 0M, Relocated: 2M, In-Place: 0
[35.145s][info][gc,reloc    ] GC(69) Large Pages: 0 / 0M, Empty: 0M, Relocated: 0M, In-Place: 0
[35.145s][info][gc,reloc    ] GC(69) Forwarding Usage: 0M
[35.145s][info][gc,heap     ] GC(69) Min Capacity: 8M(0%)
[35.145s][info][gc,heap     ] GC(69) Max Capacity: 2048M(100%)
[35.145s][info][gc,heap     ] GC(69) Soft Max Capacity: 2048M(100%)
[35.145s][info][gc,heap     ] GC(69)                Mark Start          Mark End        Relocate Start      Relocate End           High               Low         
[35.145s][info][gc,heap     ] GC(69)  Capacity:     2048M (100%)       2048M (100%)       2048M (100%)       2048M (100%)       2048M (100%)       2048M (100%)   
[35.145s][info][gc,heap     ] GC(69)      Free:      590M (29%)         534M (26%)        1884M (92%)        1918M (94%)        1918M (94%)         532M (26%)    
[35.145s][info][gc,heap     ] GC(69)      Used:     1458M (71%)        1514M (74%)         164M (8%)          130M (6%)         1516M (74%)         130M (6%)     
[35.145s][info][gc,heap     ] GC(69)      Live:         -                31M (2%)           31M (2%)           31M (2%)             -                  -          
[35.145s][info][gc,heap     ] GC(69) Allocated:         -                56M (3%)           60M (3%)           61M (3%)             -                  -          
[35.145s][info][gc,heap     ] GC(69)   Garbage:         -              1426M (70%)          72M (4%)           36M (2%)             -                  -          
[35.145s][info][gc,heap     ] GC(69) Reclaimed:         -                  -              1354M (66%)        1389M (68%)            -                  -          
[35.145s][info][gc          ] GC(69) Garbage Collection (Allocation Rate) 1458M(71%)->130M(6%)
[35.485s][info][gc,start    ] GC(70) Garbage Collection (System.gc())
[35.485s][info][gc,task     ] GC(70) Using 12 workers
[35.485s][info][gc,phases   ] GC(70) Pause Mark Start 0.016ms
[35.498s][info][gc,phases   ] GC(70) Concurrent Mark 12.756ms
[35.498s][info][gc,phases   ] GC(70) Pause Mark End 0.014ms
[35.498s][info][gc,phases   ] GC(70) Concurrent Mark Free 0.001ms
[35.499s][info][gc,phases   ] GC(70) Concurrent Process Non-Strong References 0.527ms
[35.499s][info][gc,phases   ] GC(70) Concurrent Reset Relocation Set 0.001ms
[35.501s][info][gc,phases   ] GC(70) Concurrent Select Relocation Set 2.380ms
[35.501s][info][gc,phases   ] GC(70) Pause Relocate Start 0.005ms
[35.503s][info][gc,phases   ] GC(70) Concurrent Relocate 1.865ms
[35.503s][info][gc,load     ] GC(70) Load: 0.00/0.00/0.00
[35.503s][info][gc,mmu      ] GC(70) MMU: 2ms/98.4%, 5ms/99.3%, 10ms/99.6%, 20ms/99.7%, 50ms/99.8%, 100ms/99.9%
[35.503s][info][gc,marking  ] GC(70) Mark: 8 stripe(s), 1 proactive flush(es), 1 terminate flush(es), 0 completion(s), 0 continuation(s) 
[35.503s][info][gc,marking  ] GC(70) Mark Stack Usage: 32M
[35.503s][info][gc,nmethod  ] GC(70) NMethods: 1371 registered, 189 unregistered
[35.503s][info][gc,metaspace] GC(70) Metaspace: 8M used, 8M committed, 1088M reserved
[35.503s][info][gc,ref      ] GC(70) Soft: 174 encountered, 0 discovered, 0 enqueued
[35.503s][info][gc,ref      ] GC(70) Weak: 570 encountered, 81 discovered, 0 enqueued
[35.503s][info][gc,ref      ] GC(70) Final: 0 encountered, 0 discovered, 0 enqueued
[35.503s][info][gc,ref      ] GC(70) Phantom: 21 encountered, 18 discovered, 0 enqueued
[35.503s][info][gc,reloc    ] GC(70) Small Pages: 72 / 144M, Empty: 132M, Relocated: 0M, In-Place: 0
[35.503s][info][gc,reloc    ] GC(70) Medium Pages: 2 / 64M, Empty: 64M, Relocated: 0M, In-Place: 0
[35.503s][info][gc,reloc    ] GC(70) Large Pages: 0 / 0M, Empty: 0M, Relocated: 0M, In-Place: 0
[35.503s][info][gc,reloc    ] GC(70) Forwarding Usage: 0M
[35.503s][info][gc,heap     ] GC(70) Min Capacity: 8M(0%)
[35.503s][info][gc,heap     ] GC(70) Max Capacity: 2048M(100%)
[35.503s][info][gc,heap     ] GC(70) Soft Max Capacity: 2048M(100%)
[35.503s][info][gc,heap     ] GC(70)                Mark Start          Mark End        Relocate Start      Relocate End           High               Low         
[35.503s][info][gc,heap     ] GC(70)  Capacity:     2048M (100%)       2048M (100%)       2048M (100%)       2048M (100%)       2048M (100%)       2048M (100%)   
[35.503s][info][gc,heap     ] GC(70)      Free:     1840M (90%)        1840M (90%)        2036M (99%)        2036M (99%)        2036M (99%)        1840M (90%)    
[35.503s][info][gc,heap     ] GC(70)      Used:      208M (10%)         208M (10%)          12M (1%)           12M (1%)          208M (10%)          12M (1%)     
[35.503s][info][gc,heap     ] GC(70)      Live:         -                 4M (0%)            4M (0%)            4M (0%)             -                  -          
[35.503s][info][gc,heap     ] GC(70) Allocated:         -                 0M (0%)            0M (0%)            0M (0%)             -                  -          
[35.503s][info][gc,heap     ] GC(70)   Garbage:         -               203M (10%)           7M (0%)            7M (0%)             -                  -          
[35.503s][info][gc,heap     ] GC(70) Reclaimed:         -                  -               196M (10%)         196M (10%)            -                  -          
[35.503s][info][gc          ] GC(70) Garbage Collection (System.gc()) 208M(10%)->12M(1%)
[36.154s][info][gc,start    ] GC(71) Garbage Collection (Allocation Rate)
[36.154s][info][gc,task     ] GC(71) Using 3 workers
[36.154s][info][gc,phases   ] GC(71) Pause Mark Start 0.015ms
[36.185s][info][gc,phases   ] GC(71) Concurrent Mark 30.931ms
[36.185s][info][gc,phases   ] GC(71) Pause Mark End 0.018ms
[36.185s][info][gc,phases   ] GC(71) Concurrent Mark Free 0.001ms
[36.187s][info][gc,phases   ] GC(71) Concurrent Process Non-Strong References 1.770ms
[36.187s][info][gc,phases   ] GC(71) Concurrent Reset Relocation Set 0.001ms
[36.193s][info][gc,phases   ] GC(71) Concurrent Select Relocation Set 5.317ms
[36.193s][info][gc,phases   ] GC(71) Pause Relocate Start 0.006ms
[36.198s][info][gc,phases   ] GC(71) Concurrent Relocate 5.343ms
[36.198s][info][gc,load     ] GC(71) Load: 0.00/0.00/0.00
[36.198s][info][gc,mmu      ] GC(71) MMU: 2ms/98.4%, 5ms/99.3%, 10ms/99.6%, 20ms/99.7%, 50ms/99.8%, 100ms/99.9%
[36.198s][info][gc,marking  ] GC(71) Mark: 2 stripe(s), 2 proactive flush(es), 1 terminate flush(es), 0 completion(s), 0 continuation(s) 
[36.198s][info][gc,marking  ] GC(71) Mark Stack Usage: 32M
[36.198s][info][gc,nmethod  ] GC(71) NMethods: 1373 registered, 189 unregistered
[36.198s][info][gc,metaspace] GC(71) Metaspace: 8M used, 8M committed, 1088M reserved
[36.198s][info][gc,ref      ] GC(71) Soft: 174 encountered, 0 discovered, 0 enqueued
[36.198s][info][gc,ref      ] GC(71) Weak: 570 encountered, 199 discovered, 0 enqueued
[36.198s][info][gc,ref      ] GC(71) Final: 0 encountered, 0 discovered, 0 enqueued
[36.198s][info][gc,ref      ] GC(71) Phantom: 21 encountered, 12 discovered, 0 enqueued
[36.199s][info][gc,reloc    ] GC(71) Small Pages: 839 / 1678M, Empty: 1634M, Relocated: 5M, In-Place: 0
[36.199s][info][gc,reloc    ] GC(71) Medium Pages: 1 / 32M, Empty: 0M, Relocated: 0M, In-Place: 0
[36.199s][info][gc,reloc    ] GC(71) Large Pages: 0 / 0M, Empty: 0M, Relocated: 0M, In-Place: 0
[36.199s][info][gc,reloc    ] GC(71) Forwarding Usage: 2M
[36.199s][info][gc,heap     ] GC(71) Min Capacity: 8M(0%)
[36.199s][info][gc,heap     ] GC(71) Max Capacity: 2048M(100%)
[36.199s][info][gc,heap     ] GC(71) Soft Max Capacity: 2048M(100%)
[36.199s][info][gc,heap     ] GC(71)                Mark Start          Mark End        Relocate Start      Relocate End           High               Low         
[36.199s][info][gc,heap     ] GC(71)  Capacity:     2048M (100%)       2048M (100%)       2048M (100%)       2048M (100%)       2048M (100%)       2048M (100%)   
[36.199s][info][gc,heap     ] GC(71)      Free:      338M (17%)         258M (13%)        1890M (92%)        1920M (94%)        1920M (94%)         258M (13%)    
[36.199s][info][gc,heap     ] GC(71)      Used:     1710M (83%)        1790M (87%)         158M (8%)          128M (6%)         1790M (87%)         128M (6%)     
[36.199s][info][gc,heap     ] GC(71)      Live:         -                 8M (0%)            8M (0%)            8M (0%)             -                  -          
[36.199s][info][gc,heap     ] GC(71) Allocated:         -                80M (4%)           82M (4%)           85M (4%)             -                  -          
[36.199s][info][gc,heap     ] GC(71)   Garbage:         -              1701M (83%)          67M (3%)           33M (2%)             -                  -          
[36.199s][info][gc,heap     ] GC(71) Reclaimed:         -                  -              1634M (80%)        1667M (81%)            -                  -          
[36.199s][info][gc          ] GC(71) Garbage Collection (Allocation Rate) 1710M(83%)->128M(6%)
[36.451s][info][gc,start    ] GC(72) Garbage Collection (Allocation Rate)
[36.451s][info][gc,task     ] GC(72) Using 6 workers
[36.451s][info][gc,phases   ] GC(72) Pause Mark Start 0.014ms
[36.466s][info][gc,phases   ] GC(72) Concurrent Mark 15.290ms
[36.467s][info][gc,phases   ] GC(72) Pause Mark End 0.016ms
[36.467s][info][gc,phases   ] GC(72) Concurrent Mark Free 0.001ms
[36.468s][info][gc,phases   ] GC(72) Concurrent Process Non-Strong References 0.942ms
[36.468s][info][gc,phases   ] GC(72) Concurrent Reset Relocation Set 0.004ms
[36.470s][info][gc,phases   ] GC(72) Concurrent Select Relocation Set 2.631ms
[36.470s][info][gc,phases   ] GC(72) Pause Relocate Start 0.005ms
[36.475s][info][gc,phases   ] GC(72) Concurrent Relocate 4.158ms
[36.475s][info][gc,load     ] GC(72) Load: 0.00/0.00/0.00
[36.475s][info][gc,mmu      ] GC(72) MMU: 2ms/98.4%, 5ms/99.3%, 10ms/99.6%, 20ms/99.7%, 50ms/99.8%, 100ms/99.9%
[36.475s][info][gc,marking  ] GC(72) Mark: 4 stripe(s), 3 proactive flush(es), 1 terminate flush(es), 0 completion(s), 0 continuation(s) 
[36.475s][info][gc,marking  ] GC(72) Mark Stack Usage: 32M
[36.475s][info][gc,nmethod  ] GC(72) NMethods: 1373 registered, 189 unregistered
[36.475s][info][gc,metaspace] GC(72) Metaspace: 8M used, 8M committed, 1088M reserved
[36.475s][info][gc,ref      ] GC(72) Soft: 174 encountered, 0 discovered, 0 enqueued
[36.475s][info][gc,ref      ] GC(72) Weak: 570 encountered, 121 discovered, 0 enqueued
[36.475s][info][gc,ref      ] GC(72) Final: 0 encountered, 0 discovered, 0 enqueued
[36.475s][info][gc,ref      ] GC(72) Phantom: 21 encountered, 16 discovered, 0 enqueued
[36.475s][info][gc,reloc    ] GC(72) Small Pages: 358 / 716M, Empty: 692M, Relocated: 3M, In-Place: 0
[36.475s][info][gc,reloc    ] GC(72) Medium Pages: 2 / 64M, Empty: 32M, Relocated: 0M, In-Place: 0
[36.475s][info][gc,reloc    ] GC(72) Large Pages: 0 / 0M, Empty: 0M, Relocated: 0M, In-Place: 0
[36.475s][info][gc,reloc    ] GC(72) Forwarding Usage: 1M
[36.475s][info][gc,heap     ] GC(72) Min Capacity: 8M(0%)
[36.475s][info][gc,heap     ] GC(72) Max Capacity: 2048M(100%)
[36.475s][info][gc,heap     ] GC(72) Soft Max Capacity: 2048M(100%)
[36.475s][info][gc,heap     ] GC(72)                Mark Start          Mark End        Relocate Start      Relocate End           High               Low         
[36.475s][info][gc,heap     ] GC(72)  Capacity:     2048M (100%)       2048M (100%)       2048M (100%)       2048M (100%)       2048M (100%)       2048M (100%)   
[36.475s][info][gc,heap     ] GC(72)      Free:     1268M (62%)        1218M (59%)        1932M (94%)        1924M (94%)        1934M (94%)        1216M (59%)    
[36.475s][info][gc,heap     ] GC(72)      Used:      780M (38%)         830M (41%)         116M (6%)          124M (6%)          832M (41%)         114M (6%)     
[36.475s][info][gc,heap     ] GC(72)      Live:         -                11M (1%)           11M (1%)           11M (1%)             -                  -          
[36.475s][info][gc,heap     ] GC(72) Allocated:         -                50M (2%)           60M (3%)           69M (3%)             -                  -          
[36.475s][info][gc,heap     ] GC(72)   Garbage:         -               768M (38%)          44M (2%)           42M (2%)             -                  -          
[36.475s][info][gc,heap     ] GC(72) Reclaimed:         -                  -               724M (35%)         725M (35%)            -                  -          
[36.475s][info][gc          ] GC(72) Garbage Collection (Allocation Rate) 780M(38%)->124M(6%)
[37.041s][info][gc,start    ] GC(73) Garbage Collection (Allocation Rate)
[37.041s][info][gc,task     ] GC(73) Using 2 workers
[37.041s][info][gc,phases   ] GC(73) Pause Mark Start 0.017ms
[37.077s][info][gc,phases   ] GC(73) Concurrent Mark 35.551ms
[37.090s][info][gc,phases   ] GC(73) Pause Mark End 0.019ms
[37.090s][info][gc,phases   ] GC(73) Concurrent Mark Free 0.001ms
[37.093s][info][gc,phases   ] GC(73) Concurrent Process Non-Strong References 2.192ms
[37.093s][info][gc,phases   ] GC(73) Concurrent Reset Relocation Set 0.002ms
[37.097s][info][gc,phases   ] GC(73) Concurrent Select Relocation Set 4.013ms
[37.097s][info][gc,phases   ] GC(73) Pause Relocate Start 0.006ms
[37.102s][info][gc,phases   ] GC(73) Concurrent Relocate 4.868ms
[37.102s][info][gc,load     ] GC(73) Load: 0.00/0.00/0.00
[37.102s][info][gc,mmu      ] GC(73) MMU: 2ms/98.4%, 5ms/99.3%, 10ms/99.6%, 20ms/99.7%, 50ms/99.8%, 100ms/99.9%
[37.102s][info][gc,marking  ] GC(73) Mark: 2 stripe(s), 2 proactive flush(es), 1 terminate flush(es), 0 completion(s), 0 continuation(s) 
[37.102s][info][gc,marking  ] GC(73) Mark Stack Usage: 32M
[37.102s][info][gc,nmethod  ] GC(73) NMethods: 1373 registered, 189 unregistered
[37.102s][info][gc,metaspace] GC(73) Metaspace: 8M used, 8M committed, 1088M reserved
[37.102s][info][gc,ref      ] GC(73) Soft: 174 encountered, 0 discovered, 0 enqueued
[37.102s][info][gc,ref      ] GC(73) Weak: 570 encountered, 424 discovered, 0 enqueued
[37.102s][info][gc,ref      ] GC(73) Final: 0 encountered, 0 discovered, 0 enqueued
[37.102s][info][gc,ref      ] GC(73) Phantom: 21 encountered, 15 discovered, 0 enqueued
[37.102s][info][gc,reloc    ] GC(73) Small Pages: 695 / 1390M, Empty: 1352M, Relocated: 3M, In-Place: 0
[37.102s][info][gc,reloc    ] GC(73) Medium Pages: 2 / 64M, Empty: 0M, Relocated: 1M, In-Place: 0
[37.102s][info][gc,reloc    ] GC(73) Large Pages: 0 / 0M, Empty: 0M, Relocated: 0M, In-Place: 0
[37.102s][info][gc,reloc    ] GC(73) Forwarding Usage: 1M
[37.102s][info][gc,heap     ] GC(73) Min Capacity: 8M(0%)
[37.102s][info][gc,heap     ] GC(73) Max Capacity: 2048M(100%)
[37.102s][info][gc,heap     ] GC(73) Soft Max Capacity: 2048M(100%)
[37.102s][info][gc,heap     ] GC(73)                Mark Start          Mark End        Relocate Start      Relocate End           High               Low         
[37.102s][info][gc,heap     ] GC(73)  Capacity:     2048M (100%)       2048M (100%)       2048M (100%)       2048M (100%)       2048M (100%)       2048M (100%)   
[37.102s][info][gc,heap     ] GC(73)      Free:      594M (29%)         466M (23%)        1802M (88%)        1842M (90%)        1846M (90%)         460M (22%)    
[37.102s][info][gc,heap     ] GC(73)      Used:     1454M (71%)        1582M (77%)         246M (12%)         206M (10%)        1588M (78%)         202M (10%)    
[37.102s][info][gc,heap     ] GC(73)      Live:         -                15M (1%)           15M (1%)           15M (1%)             -                  -          
[37.102s][info][gc,heap     ] GC(73) Allocated:         -               128M (6%)          144M (7%)          155M (8%)             -                  -          
[37.103s][info][gc,heap     ] GC(73)   Garbage:         -              1438M (70%)          86M (4%)           34M (2%)             -                  -          
[37.103s][info][gc,heap     ] GC(73) Reclaimed:         -                  -              1352M (66%)        1403M (69%)            -                  -          
[37.103s][info][gc          ] GC(73) Garbage Collection (Allocation Rate) 1454M(71%)->206M(10%)
[37.541s][info][gc,start    ] GC(74) Garbage Collection (Allocation Rate)
[37.541s][info][gc,task     ] GC(74) Using 1 workers
[37.541s][info][gc,phases   ] GC(74) Pause Mark Start 0.015ms
[37.601s][info][gc,phases   ] GC(74) Concurrent Mark 59.715ms
[37.601s][info][gc,phases   ] GC(74) Pause Mark End 0.018ms
[37.601s][info][gc,phases   ] GC(74) Concurrent Mark Free 0.001ms
[37.606s][info][gc,phases   ] GC(74) Concurrent Process Non-Strong References 4.817ms
[37.606s][info][gc,phases   ] GC(74) Concurrent Reset Relocation Set 0.003ms
[37.613s][info][gc,phases   ] GC(74) Concurrent Select Relocation Set 7.217ms
[37.614s][info][gc,phases   ] GC(74) Pause Relocate Start 0.008ms
[37.623s][info][gc,phases   ] GC(74) Concurrent Relocate 8.940ms
[37.623s][info][gc,load     ] GC(74) Load: 0.00/0.00/0.00
[37.623s][info][gc,mmu      ] GC(74) MMU: 2ms/98.4%, 5ms/99.3%, 10ms/99.6%, 20ms/99.7%, 50ms/99.8%, 100ms/99.9%
[37.623s][info][gc,marking  ] GC(74) Mark: 1 stripe(s), 2 proactive flush(es), 1 terminate flush(es), 0 completion(s), 0 continuation(s) 
[37.623s][info][gc,marking  ] GC(74) Mark Stack Usage: 32M
[37.623s][info][gc,nmethod  ] GC(74) NMethods: 1373 registered, 189 unregistered
[37.623s][info][gc,metaspace] GC(74) Metaspace: 8M used, 8M committed, 1088M reserved
[37.623s][info][gc,ref      ] GC(74) Soft: 174 encountered, 0 discovered, 0 enqueued
[37.623s][info][gc,ref      ] GC(74) Weak: 570 encountered, 378 discovered, 0 enqueued
[37.623s][info][gc,ref      ] GC(74) Final: 0 encountered, 0 discovered, 0 enqueued
[37.623s][info][gc,ref      ] GC(74) Phantom: 21 encountered, 10 discovered, 0 enqueued
[37.623s][info][gc,reloc    ] GC(74) Small Pages: 643 / 1286M, Empty: 1250M, Relocated: 4M, In-Place: 0
[37.623s][info][gc,reloc    ] GC(74) Medium Pages: 2 / 64M, Empty: 0M, Relocated: 1M, In-Place: 0
[37.623s][info][gc,reloc    ] GC(74) Large Pages: 0 / 0M, Empty: 0M, Relocated: 0M, In-Place: 0
[37.623s][info][gc,reloc    ] GC(74) Forwarding Usage: 2M
[37.623s][info][gc,heap     ] GC(74) Min Capacity: 8M(0%)
[37.623s][info][gc,heap     ] GC(74) Max Capacity: 2048M(100%)
[37.623s][info][gc,heap     ] GC(74) Soft Max Capacity: 2048M(100%)
[37.623s][info][gc,heap     ] GC(74)                Mark Start          Mark End        Relocate Start      Relocate End           High               Low         
[37.623s][info][gc,heap     ] GC(74)  Capacity:     2048M (100%)       2048M (100%)       2048M (100%)       2048M (100%)       2048M (100%)       2048M (100%)   
[37.623s][info][gc,heap     ] GC(74)      Free:      698M (34%)         532M (26%)        1776M (87%)        1820M (89%)        1820M (89%)         528M (26%)    
[37.623s][info][gc,heap     ] GC(74)      Used:     1350M (66%)        1516M (74%)         272M (13%)         228M (11%)        1520M (74%)         228M (11%)    
[37.623s][info][gc,heap     ] GC(74)      Live:         -                18M (1%)           18M (1%)           18M (1%)             -                  -          
[37.623s][info][gc,heap     ] GC(74) Allocated:         -               166M (8%)          172M (8%)          173M (8%)             -                  -          
[37.623s][info][gc,heap     ] GC(74)   Garbage:         -              1331M (65%)          81M (4%)           35M (2%)             -                  -          
[37.623s][info][gc,heap     ] GC(74) Reclaimed:         -                  -              1250M (61%)        1295M (63%)            -                  -          
[37.623s][info][gc          ] GC(74) Garbage Collection (Allocation Rate) 1350M(66%)->228M(11%)
[38.141s][info][gc,start    ] GC(75) Garbage Collection (Allocation Rate)
[38.141s][info][gc,task     ] GC(75) Using 1 workers
[38.141s][info][gc,phases   ] GC(75) Pause Mark Start 0.016ms
[38.212s][info][gc,phases   ] GC(75) Concurrent Mark 70.465ms
[38.212s][info][gc,phases   ] GC(75) Pause Mark End 0.017ms
[38.212s][info][gc,phases   ] GC(75) Concurrent Mark Free 0.001ms
[38.217s][info][gc,phases   ] GC(75) Concurrent Process Non-Strong References 4.920ms
[38.217s][info][gc,phases   ] GC(75) Concurrent Reset Relocation Set 0.003ms
[38.227s][info][gc,phases   ] GC(75) Concurrent Select Relocation Set 9.464ms
[38.227s][info][gc,phases   ] GC(75) Pause Relocate Start 0.007ms
[38.248s][info][gc,phases   ] GC(75) Concurrent Relocate 20.812ms
[38.248s][info][gc,load     ] GC(75) Load: 0.00/0.00/0.00
[38.248s][info][gc,mmu      ] GC(75) MMU: 2ms/98.4%, 5ms/99.3%, 10ms/99.6%, 20ms/99.7%, 50ms/99.8%, 100ms/99.9%
[38.248s][info][gc,marking  ] GC(75) Mark: 1 stripe(s), 2 proactive flush(es), 1 terminate flush(es), 0 completion(s), 0 continuation(s) 
[38.248s][info][gc,marking  ] GC(75) Mark Stack Usage: 32M
[38.248s][info][gc,nmethod  ] GC(75) NMethods: 1373 registered, 189 unregistered
[38.248s][info][gc,metaspace] GC(75) Metaspace: 8M used, 8M committed, 1088M reserved
[38.248s][info][gc,ref      ] GC(75) Soft: 174 encountered, 0 discovered, 0 enqueued
[38.248s][info][gc,ref      ] GC(75) Weak: 570 encountered, 424 discovered, 0 enqueued
[38.248s][info][gc,ref      ] GC(75) Final: 0 encountered, 0 discovered, 0 enqueued
[38.248s][info][gc,ref      ] GC(75) Phantom: 21 encountered, 15 discovered, 0 enqueued
[38.248s][info][gc,reloc    ] GC(75) Small Pages: 676 / 1352M, Empty: 1306M, Relocated: 8M, In-Place: 0
[38.248s][info][gc,reloc    ] GC(75) Medium Pages: 2 / 64M, Empty: 0M, Relocated: 1M, In-Place: 0
[38.248s][info][gc,reloc    ] GC(75) Large Pages: 0 / 0M, Empty: 0M, Relocated: 0M, In-Place: 0
[38.248s][info][gc,reloc    ] GC(75) Forwarding Usage: 3M
[38.248s][info][gc,heap     ] GC(75) Min Capacity: 8M(0%)
[38.248s][info][gc,heap     ] GC(75) Max Capacity: 2048M(100%)
[38.248s][info][gc,heap     ] GC(75) Soft Max Capacity: 2048M(100%)
[38.248s][info][gc,heap     ] GC(75)                Mark Start          Mark End        Relocate Start      Relocate End           High               Low         
[38.248s][info][gc,heap     ] GC(75)  Capacity:     2048M (100%)       2048M (100%)       2048M (100%)       2048M (100%)       2048M (100%)       2048M (100%)   
[38.248s][info][gc,heap     ] GC(75)      Free:      632M (31%)         464M (23%)        1740M (85%)        1736M (85%)        1774M (87%)         450M (22%)    
[38.248s][info][gc,heap     ] GC(75)      Used:     1416M (69%)        1584M (77%)         308M (15%)         312M (15%)        1598M (78%)         274M (13%)    
[38.248s][info][gc,heap     ] GC(75)      Live:         -                23M (1%)           23M (1%)           23M (1%)             -                  -          
[38.248s][info][gc,heap     ] GC(75) Allocated:         -               168M (8%)          198M (10%)         251M (12%)            -                  -          
[38.248s][info][gc,heap     ] GC(75)   Garbage:         -              1392M (68%)          86M (4%)           36M (2%)             -                  -          
[38.249s][info][gc,heap     ] GC(75) Reclaimed:         -                  -              1306M (64%)        1355M (66%)            -                  -          
[38.249s][info][gc          ] GC(75) Garbage Collection (Allocation Rate) 1416M(69%)->312M(15%)
[38.755s][info][gc,start    ] GC(76) Garbage Collection (Allocation Rate)
[38.755s][info][gc,task     ] GC(76) Using 1 workers
[38.755s][info][gc,phases   ] GC(76) Pause Mark Start 0.017ms
[38.837s][info][gc,phases   ] GC(76) Concurrent Mark 81.835ms
[38.837s][info][gc,phases   ] GC(76) Pause Mark End 0.018ms
[38.837s][info][gc,phases   ] GC(76) Concurrent Mark Free 0.001ms
[38.842s][info][gc,phases   ] GC(76) Concurrent Process Non-Strong References 4.844ms
[38.842s][info][gc,phases   ] GC(76) Concurrent Reset Relocation Set 0.005ms
[38.853s][info][gc,phases   ] GC(76) Concurrent Select Relocation Set 10.994ms
[38.853s][info][gc,phases   ] GC(76) Pause Relocate Start 0.006ms
[38.884s][info][gc,phases   ] GC(76) Concurrent Relocate 30.805ms
[38.884s][info][gc,load     ] GC(76) Load: 0.00/0.00/0.00
[38.884s][info][gc,mmu      ] GC(76) MMU: 2ms/98.4%, 5ms/99.3%, 10ms/99.6%, 20ms/99.7%, 50ms/99.8%, 100ms/99.9%
[38.884s][info][gc,marking  ] GC(76) Mark: 1 stripe(s), 2 proactive flush(es), 1 terminate flush(es), 0 completion(s), 0 continuation(s) 
[38.884s][info][gc,marking  ] GC(76) Mark Stack Usage: 32M
[38.885s][info][gc,nmethod  ] GC(76) NMethods: 1373 registered, 189 unregistered
[38.885s][info][gc,metaspace] GC(76) Metaspace: 8M used, 8M committed, 1088M reserved
[38.885s][info][gc,ref      ] GC(76) Soft: 174 encountered, 0 discovered, 0 enqueued
[38.885s][info][gc,ref      ] GC(76) Weak: 570 encountered, 382 discovered, 0 enqueued
[38.885s][info][gc,ref      ] GC(76) Final: 0 encountered, 0 discovered, 0 enqueued
[38.885s][info][gc,ref      ] GC(76) Phantom: 21 encountered, 10 discovered, 0 enqueued
[38.885s][info][gc,reloc    ] GC(76) Small Pages: 766 / 1532M, Empty: 1472M, Relocated: 10M, In-Place: 0
[38.885s][info][gc,reloc    ] GC(76) Medium Pages: 2 / 64M, Empty: 0M, Relocated: 2M, In-Place: 0
[38.885s][info][gc,reloc    ] GC(76) Large Pages: 0 / 0M, Empty: 0M, Relocated: 0M, In-Place: 0
[38.885s][info][gc,reloc    ] GC(76) Forwarding Usage: 4M
[38.885s][info][gc,heap     ] GC(76) Min Capacity: 8M(0%)
[38.885s][info][gc,heap     ] GC(76) Max Capacity: 2048M(100%)
[38.885s][info][gc,heap     ] GC(76) Soft Max Capacity: 2048M(100%)
[38.885s][info][gc,heap     ] GC(76)                Mark Start          Mark End        Relocate Start      Relocate End           High               Low         
[38.885s][info][gc,heap     ] GC(76)  Capacity:     2048M (100%)       2048M (100%)       2048M (100%)       2048M (100%)       2048M (100%)       2048M (100%)   
[38.885s][info][gc,heap     ] GC(76)      Free:      452M (22%)         248M (12%)        1708M (83%)        1692M (83%)        1754M (86%)         242M (12%)    
[38.885s][info][gc,heap     ] GC(76)      Used:     1596M (78%)        1800M (88%)         340M (17%)         356M (17%)        1806M (88%)         294M (14%)    
[38.885s][info][gc,heap     ] GC(76)      Live:         -                27M (1%)           27M (1%)           27M (1%)             -                  -          
[38.885s][info][gc,heap     ] GC(76) Allocated:         -               204M (10%)         216M (11%)         293M (14%)            -                  -          
[38.885s][info][gc,heap     ] GC(76)   Garbage:         -              1568M (77%)          96M (5%)           35M (2%)             -                  -          
[38.885s][info][gc,heap     ] GC(76) Reclaimed:         -                  -              1472M (72%)        1533M (75%)            -                  -          
[38.885s][info][gc          ] GC(76) Garbage Collection (Allocation Rate) 1596M(78%)->356M(17%)
[39.541s][info][gc,start    ] GC(77) Garbage Collection (Allocation Rate)
[39.541s][info][gc,task     ] GC(77) Using 6 workers
[39.541s][info][gc,phases   ] GC(77) Pause Mark Start 0.016ms
[39.568s][info][gc,phases   ] GC(77) Concurrent Mark 26.624ms
[39.568s][info][gc,phases   ] GC(77) Pause Mark End 0.019ms
[39.568s][info][gc,phases   ] GC(77) Concurrent Mark Free 0.001ms
[39.569s][info][gc,phases   ] GC(77) Concurrent Process Non-Strong References 0.790ms
[39.569s][info][gc,phases   ] GC(77) Concurrent Reset Relocation Set 0.006ms
[39.573s][info][gc,phases   ] GC(77) Concurrent Select Relocation Set 4.165ms
[39.573s][info][gc,phases   ] GC(77) Pause Relocate Start 0.007ms
[39.576s][info][gc,phases   ] GC(77) Concurrent Relocate 2.846ms
[39.576s][info][gc,load     ] GC(77) Load: 0.00/0.00/0.00
[39.576s][info][gc,mmu      ] GC(77) MMU: 2ms/98.4%, 5ms/99.3%, 10ms/99.6%, 20ms/99.7%, 50ms/99.8%, 100ms/99.9%
[39.576s][info][gc,marking  ] GC(77) Mark: 4 stripe(s), 2 proactive flush(es), 1 terminate flush(es), 0 completion(s), 0 continuation(s) 
[39.576s][info][gc,marking  ] GC(77) Mark Stack Usage: 32M
[39.577s][info][gc,nmethod  ] GC(77) NMethods: 1373 registered, 189 unregistered
[39.577s][info][gc,metaspace] GC(77) Metaspace: 8M used, 8M committed, 1088M reserved
[39.577s][info][gc,ref      ] GC(77) Soft: 174 encountered, 0 discovered, 0 enqueued
[39.577s][info][gc,ref      ] GC(77) Weak: 570 encountered, 40 discovered, 0 enqueued
[39.577s][info][gc,ref      ] GC(77) Final: 0 encountered, 0 discovered, 0 enqueued
[39.577s][info][gc,ref      ] GC(77) Phantom: 21 encountered, 14 discovered, 0 enqueued
[39.577s][info][gc,reloc    ] GC(77) Small Pages: 435 / 870M, Empty: 824M, Relocated: 4M, In-Place: 0
[39.577s][info][gc,reloc    ] GC(77) Medium Pages: 2 / 64M, Empty: 32M, Relocated: 0M, In-Place: 0
[39.577s][info][gc,reloc    ] GC(77) Large Pages: 0 / 0M, Empty: 0M, Relocated: 0M, In-Place: 0
[39.577s][info][gc,reloc    ] GC(77) Forwarding Usage: 2M
[39.577s][info][gc,heap     ] GC(77) Min Capacity: 8M(0%)
[39.577s][info][gc,heap     ] GC(77) Max Capacity: 2048M(100%)
[39.577s][info][gc,heap     ] GC(77) Soft Max Capacity: 2048M(100%)
[39.577s][info][gc,heap     ] GC(77)                Mark Start          Mark End        Relocate Start      Relocate End           High               Low         
[39.577s][info][gc,heap     ] GC(77)  Capacity:     2048M (100%)       2048M (100%)       2048M (100%)       2048M (100%)       2048M (100%)       2048M (100%)   
[39.577s][info][gc,heap     ] GC(77)      Free:     1114M (54%)        1106M (54%)        1958M (96%)        1964M (96%)        1964M (96%)        1106M (54%)    
[39.577s][info][gc,heap     ] GC(77)      Used:      934M (46%)         942M (46%)          90M (4%)           84M (4%)          942M (46%)          84M (4%)     
[39.577s][info][gc,heap     ] GC(77)      Live:         -                30M (2%)           30M (2%)           30M (2%)             -                  -          
[39.577s][info][gc,heap     ] GC(77) Allocated:         -                 8M (0%)           12M (1%)           11M (1%)             -                  -          
[39.577s][info][gc,heap     ] GC(77)   Garbage:         -               903M (44%)          47M (2%)           41M (2%)             -                  -          
[39.577s][info][gc,heap     ] GC(77) Reclaimed:         -                  -               856M (42%)         861M (42%)            -                  -          
[39.577s][info][gc          ] GC(77) Garbage Collection (Allocation Rate) 934M(46%)->84M(4%)
[39.590s][info][gc,start    ] GC(78) Garbage Collection (System.gc())
[39.590s][info][gc,task     ] GC(78) Using 12 workers
[39.590s][info][gc,phases   ] GC(78) Pause Mark Start 0.011ms
[39.595s][info][gc,phases   ] GC(78) Concurrent Mark 4.865ms
[39.595s][info][gc,phases   ] GC(78) Pause Mark End 0.015ms
[39.595s][info][gc,phases   ] GC(78) Concurrent Mark Free 0.001ms
[39.596s][info][gc,phases   ] GC(78) Concurrent Process Non-Strong References 0.545ms
[39.596s][info][gc,phases   ] GC(78) Concurrent Reset Relocation Set 0.002ms
[39.600s][info][gc,phases   ] GC(78) Concurrent Select Relocation Set 3.939ms
[39.600s][info][gc,phases   ] GC(78) Pause Relocate Start 0.007ms
[39.601s][info][gc,phases   ] GC(78) Concurrent Relocate 1.209ms
[39.601s][info][gc,load     ] GC(78) Load: 0.00/0.00/0.00
[39.601s][info][gc,mmu      ] GC(78) MMU: 2ms/98.4%, 5ms/99.3%, 10ms/99.6%, 20ms/99.7%, 50ms/99.8%, 100ms/99.9%
[39.601s][info][gc,marking  ] GC(78) Mark: 8 stripe(s), 1 proactive flush(es), 1 terminate flush(es), 0 completion(s), 0 continuation(s) 
[39.601s][info][gc,marking  ] GC(78) Mark Stack Usage: 32M
[39.601s][info][gc,nmethod  ] GC(78) NMethods: 1374 registered, 189 unregistered
[39.601s][info][gc,metaspace] GC(78) Metaspace: 8M used, 8M committed, 1088M reserved
[39.601s][info][gc,ref      ] GC(78) Soft: 174 encountered, 0 discovered, 0 enqueued
[39.601s][info][gc,ref      ] GC(78) Weak: 570 encountered, 174 discovered, 0 enqueued
[39.601s][info][gc,ref      ] GC(78) Final: 0 encountered, 0 discovered, 0 enqueued
[39.601s][info][gc,ref      ] GC(78) Phantom: 21 encountered, 14 discovered, 0 enqueued
[39.601s][info][gc,reloc    ] GC(78) Small Pages: 30 / 60M, Empty: 46M, Relocated: 0M, In-Place: 0
[39.601s][info][gc,reloc    ] GC(78) Medium Pages: 1 / 32M, Empty: 32M, Relocated: 0M, In-Place: 0
[39.601s][info][gc,reloc    ] GC(78) Large Pages: 0 / 0M, Empty: 0M, Relocated: 0M, In-Place: 0
[39.601s][info][gc,reloc    ] GC(78) Forwarding Usage: 0M
[39.602s][info][gc,heap     ] GC(78) Min Capacity: 8M(0%)
[39.602s][info][gc,heap     ] GC(78) Max Capacity: 2048M(100%)
[39.602s][info][gc,heap     ] GC(78) Soft Max Capacity: 2048M(100%)
[39.602s][info][gc,heap     ] GC(78)                Mark Start          Mark End        Relocate Start      Relocate End           High               Low         
[39.602s][info][gc,heap     ] GC(78)  Capacity:     2048M (100%)       2048M (100%)       2048M (100%)       2048M (100%)       2048M (100%)       2048M (100%)   
[39.602s][info][gc,heap     ] GC(78)      Free:     1956M (96%)        1956M (96%)        2034M (99%)        2034M (99%)        2034M (99%)        1956M (96%)    
[39.602s][info][gc,heap     ] GC(78)      Used:       92M (4%)           92M (4%)           14M (1%)           14M (1%)           92M (4%)           14M (1%)     
[39.602s][info][gc,heap     ] GC(78)      Live:         -                 4M (0%)            4M (0%)            4M (0%)             -                  -          
[39.602s][info][gc,heap     ] GC(78) Allocated:         -                 0M (0%)            0M (0%)            0M (0%)             -                  -          
[39.602s][info][gc,heap     ] GC(78)   Garbage:         -                87M (4%)            9M (0%)            9M (0%)             -                  -          
[39.602s][info][gc,heap     ] GC(78) Reclaimed:         -                  -                78M (4%)           78M (4%)             -                  -          
[39.602s][info][gc          ] GC(78) Garbage Collection (System.gc()) 92M(4%)->14M(1%)
[40.141s][info][gc,stats    ] === Garbage Collection Statistics =======================================================================================================================
[40.142s][info][gc,stats    ]                                                              Last 10s              Last 10m              Last 10h                Total
[40.142s][info][gc,stats    ]                                                              Avg / Max             Avg / Max             Avg / Max             Avg / Max
[40.142s][info][gc,stats    ]   Collector: Garbage Collection Cycle                     65.016 / 129.452      58.595 / 135.544      58.595 / 135.544      58.595 / 135.544     ms
[40.142s][info][gc,stats    ]  Contention: Mark Segment Reset Contention                     1 / 4                 2 / 17                2 / 17                2 / 17          ops/s
[40.142s][info][gc,stats    ]  Contention: Mark SeqNum Reset Contention                      0 / 0                 0 / 1                 0 / 1                 0 / 1           ops/s
[40.142s][info][gc,stats    ]    Critical: Allocation Stall                                  0 / 0                 0 / 0                 0 / 0                 0 / 0           ops/s
[40.142s][info][gc,stats    ]    Critical: Allocation Stall                              0.000 / 0.000         0.000 / 0.000         0.000 / 0.000         0.000 / 0.000       ms
[40.142s][info][gc,stats    ]    Critical: GC Locker Stall                                   0 / 0                 0 / 0                 0 / 0                 0 / 0           ops/s
[40.142s][info][gc,stats    ]    Critical: GC Locker Stall                               0.000 / 0.000         0.000 / 0.000         0.000 / 0.000         0.000 / 0.000       ms
[40.142s][info][gc,stats    ]    Critical: Relocation Stall                                  0 / 0                 0 / 0                 0 / 0                 0 / 0           ops/s
[40.142s][info][gc,stats    ]    Critical: Relocation Stall                              0.000 / 0.000         0.000 / 0.000         0.000 / 0.000         0.000 / 0.000       ms
[40.142s][info][gc,stats    ]      Memory: Allocation Rate                                2118 / 2450           2048 / 2500           2048 / 2500           2048 / 2500        MB/s
[40.142s][info][gc,stats    ]      Memory: Defragment                                        0 / 0                 0 / 0                 0 / 0                 0 / 0           ops/s
[40.142s][info][gc,stats    ]      Memory: Out Of Memory                                     0 / 0                 0 / 0                 0 / 0                 0 / 0           ops/s
[40.142s][info][gc,stats    ]      Memory: Page Cache Flush                                  0 / 0                 0 / 0                 0 / 0                 0 / 0           MB/s
[40.142s][info][gc,stats    ]      Memory: Page Cache Hit L1                              1039 / 1208            985 / 1245            985 / 1245            985 / 1245        ops/s
[40.142s][info][gc,stats    ]      Memory: Page Cache Hit L2                                 0 / 0                 0 / 0                 0 / 0                 0 / 0           ops/s
[40.142s][info][gc,stats    ]      Memory: Page Cache Hit L3                                 0 / 8                21 / 355              21 / 355              21 / 355         ops/s
[40.142s][info][gc,stats    ]      Memory: Page Cache Miss                                   0 / 0                 0 / 1                 0 / 1                 0 / 1           ops/s
[40.142s][info][gc,stats    ]      Memory: Uncommit                                          0 / 0                 0 / 0                 0 / 0                 0 / 0           MB/s
[40.142s][info][gc,stats    ]      Memory: Undo Object Allocation Failed                     0 / 0                 0 / 0                 0 / 0                 0 / 0           ops/s
[40.142s][info][gc,stats    ]      Memory: Undo Object Allocation Succeeded                  0 / 1                 0 / 3                 0 / 3                 0 / 3           ops/s
[40.142s][info][gc,stats    ]      Memory: Undo Page Allocation                              0 / 0                 0 / 0                 0 / 0                 0 / 0           ops/s
[40.142s][info][gc,stats    ]       Phase: Concurrent Mark                              46.001 / 96.091       41.873 / 114.416      41.873 / 114.416      41.873 / 114.416     ms
[40.142s][info][gc,stats    ]       Phase: Concurrent Mark Continue                      0.000 / 0.000         0.000 / 0.000         0.000 / 0.000         0.000 / 0.000       ms
[40.142s][info][gc,stats    ]       Phase: Concurrent Mark Free                          0.001 / 0.002         0.001 / 0.002         0.001 / 0.002         0.001 / 0.002       ms
[40.142s][info][gc,stats    ]       Phase: Concurrent Process Non-Strong References      2.925 / 4.945         2.523 / 4.963         2.523 / 4.963         2.523 / 4.963       ms
[40.142s][info][gc,stats    ]       Phase: Concurrent Relocate                           8.917 / 30.805        7.746 / 30.805        7.746 / 30.805        7.746 / 30.805      ms
[40.142s][info][gc,stats    ]       Phase: Concurrent Reset Relocation Set               0.003 / 0.006         0.003 / 0.006         0.003 / 0.006         0.003 / 0.006       ms
[40.143s][info][gc,stats    ]       Phase: Concurrent Select Relocation Set              5.564 / 10.994        5.353 / 14.777        5.353 / 14.777        5.353 / 14.777      ms
[40.143s][info][gc,stats    ]       Phase: Pause Mark End                                0.017 / 0.020         0.018 / 0.033         0.018 / 0.033         0.018 / 0.033       ms
[40.143s][info][gc,stats    ]       Phase: Pause Mark Start                              0.016 / 0.018         0.016 / 0.021         0.016 / 0.021         0.016 / 0.021       ms
[40.143s][info][gc,stats    ]       Phase: Pause Relocate Start                          0.006 / 0.010         0.006 / 0.010         0.006 / 0.010         0.006 / 0.010       ms
[40.143s][info][gc,stats    ]    Subphase: Concurrent Classes Purge                      0.004 / 0.013         0.019 / 0.387         0.019 / 0.387         0.019 / 0.387       ms
[40.143s][info][gc,stats    ]    Subphase: Concurrent Classes Unlink                     2.341 / 3.966         1.994 / 3.966         1.994 / 3.966         1.994 / 3.966       ms
[40.143s][info][gc,stats    ]    Subphase: Concurrent Mark                              19.825 / 94.645       18.627 / 113.770      18.627 / 113.770      18.627 / 113.770     ms
[40.143s][info][gc,stats    ]    Subphase: Concurrent Mark Try Flush                     0.029 / 0.063         0.032 / 0.089         0.032 / 0.089         0.032 / 0.089       ms
[40.143s][info][gc,stats    ]    Subphase: Concurrent Mark Try Terminate                 2.222 / 16.268        2.003 / 16.268        2.003 / 16.268        2.003 / 16.268      ms
[40.143s][info][gc,stats    ]    Subphase: Concurrent References Enqueue                 0.000 / 0.000         0.000 / 0.004         0.000 / 0.004         0.000 / 0.004       ms
[40.143s][info][gc,stats    ]    Subphase: Concurrent References Process                 0.064 / 0.101         0.056 / 0.105         0.056 / 0.105         0.056 / 0.105       ms
[40.143s][info][gc,stats    ]    Subphase: Concurrent Roots ClassLoaderDataGraph         0.096 / 0.295         0.097 / 0.612         0.097 / 0.612         0.097 / 0.612       ms
[40.143s][info][gc,stats    ]    Subphase: Concurrent Roots CodeCache                    0.000 / 0.000         0.000 / 0.000         0.000 / 0.000         0.000 / 0.000       ms
[40.143s][info][gc,stats    ]    Subphase: Concurrent Roots JavaThreads                  0.319 / 1.167         0.303 / 1.382         0.303 / 1.382         0.303 / 1.382       ms
[40.143s][info][gc,stats    ]    Subphase: Concurrent Roots OopStorageSet                0.015 / 0.050         0.019 / 0.217         0.019 / 0.217         0.019 / 0.217       ms
[40.143s][info][gc,stats    ]    Subphase: Concurrent Weak Roots OopStorageSet           0.182 / 0.811         0.159 / 1.059         0.159 / 1.059         0.159 / 1.059       ms
[40.143s][info][gc,stats    ]    Subphase: Pause Mark Try Complete                       0.000 / 0.000         0.000 / 0.000         0.000 / 0.000         0.000 / 0.000       ms
[40.143s][info][gc,stats    ]      System: Java Threads                                     11 / 11               13 / 24               13 / 24               13 / 24          threads
[40.143s][info][gc,stats    ] =========================================================================================================================================================
[40.241s][info][gc,start    ] GC(79) Garbage Collection (Allocation Rate)
[40.241s][info][gc,task     ] GC(79) Using 2 workers
[40.242s][info][gc,phases   ] GC(79) Pause Mark Start 0.016ms
[40.263s][info][gc,phases   ] GC(79) Concurrent Mark 21.565ms
[40.263s][info][gc,phases   ] GC(79) Pause Mark End 0.020ms
[40.263s][info][gc,phases   ] GC(79) Concurrent Mark Free 0.001ms
[40.266s][info][gc,phases   ] GC(79) Concurrent Process Non-Strong References 2.196ms
[40.266s][info][gc,phases   ] GC(79) Concurrent Reset Relocation Set 0.002ms
[40.272s][info][gc,phases   ] GC(79) Concurrent Select Relocation Set 6.370ms
[40.272s][info][gc,phases   ] GC(79) Pause Relocate Start 0.009ms
[40.281s][info][gc,phases   ] GC(79) Concurrent Relocate 8.503ms
[40.281s][info][gc,load     ] GC(79) Load: 0.00/0.00/0.00
[40.281s][info][gc,mmu      ] GC(79) MMU: 2ms/98.4%, 5ms/99.3%, 10ms/99.6%, 20ms/99.7%, 50ms/99.8%, 100ms/99.9%
[40.281s][info][gc,marking  ] GC(79) Mark: 2 stripe(s), 2 proactive flush(es), 1 terminate flush(es), 0 completion(s), 0 continuation(s) 
[40.281s][info][gc,marking  ] GC(79) Mark Stack Usage: 32M
[40.281s][info][gc,nmethod  ] GC(79) NMethods: 1375 registered, 189 unregistered
[40.281s][info][gc,metaspace] GC(79) Metaspace: 8M used, 8M committed, 1088M reserved
[40.281s][info][gc,ref      ] GC(79) Soft: 174 encountered, 0 discovered, 0 enqueued
[40.281s][info][gc,ref      ] GC(79) Weak: 570 encountered, 185 discovered, 0 enqueued
[40.281s][info][gc,ref      ] GC(79) Final: 0 encountered, 0 discovered, 0 enqueued
[40.281s][info][gc,ref      ] GC(79) Phantom: 21 encountered, 10 discovered, 0 enqueued
[40.281s][info][gc,reloc    ] GC(79) Small Pages: 783 / 1566M, Empty: 1526M, Relocated: 4M, In-Place: 0
[40.281s][info][gc,reloc    ] GC(79) Medium Pages: 1 / 32M, Empty: 0M, Relocated: 0M, In-Place: 0
[40.281s][info][gc,reloc    ] GC(79) Large Pages: 0 / 0M, Empty: 0M, Relocated: 0M, In-Place: 0
[40.281s][info][gc,reloc    ] GC(79) Forwarding Usage: 2M
[40.281s][info][gc,heap     ] GC(79) Min Capacity: 8M(0%)
[40.281s][info][gc,heap     ] GC(79) Max Capacity: 2048M(100%)
[40.281s][info][gc,heap     ] GC(79) Soft Max Capacity: 2048M(100%)
[40.281s][info][gc,heap     ] GC(79)                Mark Start          Mark End        Relocate Start      Relocate End           High               Low         
[40.281s][info][gc,heap     ] GC(79)  Capacity:     2048M (100%)       2048M (100%)       2048M (100%)       2048M (100%)       2048M (100%)       2048M (100%)   
[40.281s][info][gc,heap     ] GC(79)      Free:      450M (22%)         396M (19%)        1902M (93%)        1908M (93%)        1922M (94%)         390M (19%)    
[40.282s][info][gc,heap     ] GC(79)      Used:     1598M (78%)        1652M (81%)         146M (7%)          140M (7%)         1658M (81%)         126M (6%)     
[40.282s][info][gc,heap     ] GC(79)      Live:         -                 8M (0%)            8M (0%)            8M (0%)             -                  -          
[40.282s][info][gc,heap     ] GC(79) Allocated:         -                54M (3%)           74M (4%)           95M (5%)             -                  -          
[40.282s][info][gc,heap     ] GC(79)   Garbage:         -              1589M (78%)          63M (3%)           35M (2%)             -                  -          
[40.282s][info][gc,heap     ] GC(79) Reclaimed:         -                  -              1526M (75%)        1553M (76%)            -                  -          
[40.282s][info][gc          ] GC(79) Garbage Collection (Allocation Rate) 1598M(78%)->140M(7%)
[40.441s][info][gc,start    ] GC(80) Garbage Collection (Allocation Rate)
[40.441s][info][gc,task     ] GC(80) Using 6 workers
[40.441s][info][gc,phases   ] GC(80) Pause Mark Start 0.015ms
[40.454s][info][gc,phases   ] GC(80) Concurrent Mark 12.672ms
[40.454s][info][gc,phases   ] GC(80) Pause Mark End 0.017ms
[40.454s][info][gc,phases   ] GC(80) Concurrent Mark Free 0.001ms
[40.455s][info][gc,phases   ] GC(80) Concurrent Process Non-Strong References 0.990ms
[40.455s][info][gc,phases   ] GC(80) Concurrent Reset Relocation Set 0.005ms
[40.459s][info][gc,phases   ] GC(80) Concurrent Select Relocation Set 3.885ms
[40.459s][info][gc,phases   ] GC(80) Pause Relocate Start 0.005ms
[40.463s][info][gc,phases   ] GC(80) Concurrent Relocate 3.612ms
[40.463s][info][gc,load     ] GC(80) Load: 0.00/0.00/0.00
[40.463s][info][gc,mmu      ] GC(80) MMU: 2ms/98.4%, 5ms/99.3%, 10ms/99.6%, 20ms/99.7%, 50ms/99.8%, 100ms/99.9%
[40.463s][info][gc,marking  ] GC(80) Mark: 4 stripe(s), 3 proactive flush(es), 1 terminate flush(es), 0 completion(s), 0 continuation(s) 
[40.463s][info][gc,marking  ] GC(80) Mark Stack Usage: 32M
[40.463s][info][gc,nmethod  ] GC(80) NMethods: 1375 registered, 189 unregistered
[40.463s][info][gc,metaspace] GC(80) Metaspace: 8M used, 8M committed, 1088M reserved
[40.463s][info][gc,ref      ] GC(80) Soft: 174 encountered, 0 discovered, 0 enqueued
[40.463s][info][gc,ref      ] GC(80) Weak: 570 encountered, 9 discovered, 0 enqueued
[40.463s][info][gc,ref      ] GC(80) Final: 0 encountered, 0 discovered, 0 enqueued
[40.463s][info][gc,ref      ] GC(80) Phantom: 21 encountered, 20 discovered, 0 enqueued
[40.463s][info][gc,reloc    ] GC(80) Small Pages: 230 / 460M, Empty: 424M, Relocated: 3M, In-Place: 0
[40.463s][info][gc,reloc    ] GC(80) Medium Pages: 2 / 64M, Empty: 32M, Relocated: 0M, In-Place: 0
[40.463s][info][gc,reloc    ] GC(80) Large Pages: 0 / 0M, Empty: 0M, Relocated: 0M, In-Place: 0
[40.463s][info][gc,reloc    ] GC(80) Forwarding Usage: 1M
[40.463s][info][gc,heap     ] GC(80) Min Capacity: 8M(0%)
[40.463s][info][gc,heap     ] GC(80) Max Capacity: 2048M(100%)
[40.463s][info][gc,heap     ] GC(80) Soft Max Capacity: 2048M(100%)
[40.463s][info][gc,heap     ] GC(80)                Mark Start          Mark End        Relocate Start      Relocate End           High               Low         
[40.463s][info][gc,heap     ] GC(80)  Capacity:     2048M (100%)       2048M (100%)       2048M (100%)       2048M (100%)       2048M (100%)       2048M (100%)   
[40.463s][info][gc,heap     ] GC(80)      Free:     1524M (74%)        1490M (73%)        1932M (94%)        1940M (95%)        1944M (95%)        1486M (73%)    
[40.464s][info][gc,heap     ] GC(80)      Used:      524M (26%)         558M (27%)         116M (6%)          108M (5%)          562M (27%)         104M (5%)     
[40.464s][info][gc,heap     ] GC(80)      Live:         -                10M (0%)           10M (0%)           10M (0%)             -                  -          
[40.464s][info][gc,heap     ] GC(80) Allocated:         -                34M (2%)           48M (2%)           55M (3%)             -                  -          
[40.464s][info][gc,heap     ] GC(80)   Garbage:         -               513M (25%)          57M (3%)           41M (2%)             -                  -          
[40.464s][info][gc,heap     ] GC(80) Reclaimed:         -                  -               456M (22%)         471M (23%)            -                  -          
[40.464s][info][gc          ] GC(80) Garbage Collection (Allocation Rate) 524M(26%)->108M(5%)
[40.941s][info][gc,start    ] GC(81) Garbage Collection (Allocation Rate)
[40.941s][info][gc,task     ] GC(81) Using 6 workers
[40.942s][info][gc,phases   ] GC(81) Pause Mark Start 0.017ms
[40.958s][info][gc,phases   ] GC(81) Concurrent Mark 16.474ms
[40.958s][info][gc,phases   ] GC(81) Pause Mark End 0.017ms
[40.958s][info][gc,phases   ] GC(81) Concurrent Mark Free 0.001ms
[40.959s][info][gc,phases   ] GC(81) Concurrent Process Non-Strong References 0.864ms
[40.959s][info][gc,phases   ] GC(81) Concurrent Reset Relocation Set 0.003ms
[40.966s][info][gc,phases   ] GC(81) Concurrent Select Relocation Set 6.696ms
[40.966s][info][gc,phases   ] GC(81) Pause Relocate Start 0.006ms
[40.970s][info][gc,phases   ] GC(81) Concurrent Relocate 3.712ms
[40.970s][info][gc,load     ] GC(81) Load: 0.00/0.00/0.00
[40.970s][info][gc,mmu      ] GC(81) MMU: 2ms/98.4%, 5ms/99.3%, 10ms/99.6%, 20ms/99.7%, 50ms/99.8%, 100ms/99.9%
[40.970s][info][gc,marking  ] GC(81) Mark: 4 stripe(s), 2 proactive flush(es), 1 terminate flush(es), 0 completion(s), 0 continuation(s) 
[40.970s][info][gc,marking  ] GC(81) Mark Stack Usage: 32M
[40.970s][info][gc,nmethod  ] GC(81) NMethods: 1375 registered, 189 unregistered
[40.970s][info][gc,metaspace] GC(81) Metaspace: 8M used, 8M committed, 1088M reserved
[40.970s][info][gc,ref      ] GC(81) Soft: 174 encountered, 0 discovered, 0 enqueued
[40.970s][info][gc,ref      ] GC(81) Weak: 570 encountered, 115 discovered, 0 enqueued
[40.970s][info][gc,ref      ] GC(81) Final: 0 encountered, 0 discovered, 0 enqueued
[40.970s][info][gc,ref      ] GC(81) Phantom: 21 encountered, 17 discovered, 0 enqueued
[40.970s][info][gc,reloc    ] GC(81) Small Pages: 625 / 1250M, Empty: 1198M, Relocated: 4M, In-Place: 0
[40.970s][info][gc,reloc    ] GC(81) Medium Pages: 2 / 64M, Empty: 0M, Relocated: 0M, In-Place: 0
[40.970s][info][gc,reloc    ] GC(81) Large Pages: 0 / 0M, Empty: 0M, Relocated: 0M, In-Place: 0
[40.970s][info][gc,reloc    ] GC(81) Forwarding Usage: 2M
[40.970s][info][gc,heap     ] GC(81) Min Capacity: 8M(0%)
[40.970s][info][gc,heap     ] GC(81) Max Capacity: 2048M(100%)
[40.970s][info][gc,heap     ] GC(81) Soft Max Capacity: 2048M(100%)
[40.970s][info][gc,heap     ] GC(81)                Mark Start          Mark End        Relocate Start      Relocate End           High               Low         
[40.970s][info][gc,heap     ] GC(81)  Capacity:     2048M (100%)       2048M (100%)       2048M (100%)       2048M (100%)       2048M (100%)       2048M (100%)   
[40.971s][info][gc,heap     ] GC(81)      Free:      734M (36%)         716M (35%)        1904M (93%)        1960M (96%)        1960M (96%)         716M (35%)    
[40.971s][info][gc,heap     ] GC(81)      Used:     1314M (64%)        1332M (65%)         144M (7%)           88M (4%)         1332M (65%)          88M (4%)     
[40.971s][info][gc,heap     ] GC(81)      Live:         -                13M (1%)           13M (1%)           13M (1%)             -                  -          
[40.971s][info][gc,heap     ] GC(81) Allocated:         -                18M (1%)           28M (1%)           33M (2%)             -                  -          
[40.971s][info][gc,heap     ] GC(81)   Garbage:         -              1300M (63%)         102M (5%)           40M (2%)             -                  -          
[40.971s][info][gc,heap     ] GC(81) Reclaimed:         -                  -              1198M (58%)        1259M (62%)            -                  -          
[40.971s][info][gc          ] GC(81) Garbage Collection (Allocation Rate) 1314M(64%)->88M(4%)
[41.441s][info][gc,start    ] GC(82) Garbage Collection (Allocation Rate)
[41.441s][info][gc,task     ] GC(82) Using 1 workers
[41.442s][info][gc,phases   ] GC(82) Pause Mark Start 0.016ms
[41.483s][info][gc,phases   ] GC(82) Concurrent Mark 40.879ms
[41.483s][info][gc,phases   ] GC(82) Pause Mark End 0.017ms
[41.483s][info][gc,phases   ] GC(82) Concurrent Mark Free 0.001ms
[41.488s][info][gc,phases   ] GC(82) Concurrent Process Non-Strong References 4.891ms
[41.488s][info][gc,phases   ] GC(82) Concurrent Reset Relocation Set 0.004ms
[41.492s][info][gc,phases   ] GC(82) Concurrent Select Relocation Set 4.130ms
[41.492s][info][gc,phases   ] GC(82) Pause Relocate Start 0.009ms
[41.505s][info][gc,phases   ] GC(82) Concurrent Relocate 13.220ms
[41.506s][info][gc,load     ] GC(82) Load: 0.00/0.00/0.00
[41.506s][info][gc,mmu      ] GC(82) MMU: 2ms/98.4%, 5ms/99.3%, 10ms/99.6%, 20ms/99.7%, 50ms/99.8%, 100ms/99.9%
[41.506s][info][gc,marking  ] GC(82) Mark: 1 stripe(s), 2 proactive flush(es), 1 terminate flush(es), 0 completion(s), 0 continuation(s) 
[41.506s][info][gc,marking  ] GC(82) Mark Stack Usage: 32M
[41.506s][info][gc,nmethod  ] GC(82) NMethods: 1375 registered, 189 unregistered
[41.506s][info][gc,metaspace] GC(82) Metaspace: 8M used, 8M committed, 1088M reserved
[41.506s][info][gc,ref      ] GC(82) Soft: 174 encountered, 0 discovered, 0 enqueued
[41.506s][info][gc,ref      ] GC(82) Weak: 570 encountered, 382 discovered, 0 enqueued
[41.506s][info][gc,ref      ] GC(82) Final: 0 encountered, 0 discovered, 0 enqueued
[41.506s][info][gc,ref      ] GC(82) Phantom: 21 encountered, 10 discovered, 0 enqueued
[41.506s][info][gc,reloc    ] GC(82) Small Pages: 580 / 1160M, Empty: 1118M, Relocated: 5M, In-Place: 0
[41.506s][info][gc,reloc    ] GC(82) Medium Pages: 2 / 64M, Empty: 0M, Relocated: 1M, In-Place: 0
[41.506s][info][gc,reloc    ] GC(82) Large Pages: 0 / 0M, Empty: 0M, Relocated: 0M, In-Place: 0
[41.506s][info][gc,reloc    ] GC(82) Forwarding Usage: 2M
[41.506s][info][gc,heap     ] GC(82) Min Capacity: 8M(0%)
[41.506s][info][gc,heap     ] GC(82) Max Capacity: 2048M(100%)
[41.506s][info][gc,heap     ] GC(82) Soft Max Capacity: 2048M(100%)
[41.506s][info][gc,heap     ] GC(82)                Mark Start          Mark End        Relocate Start      Relocate End           High               Low         
[41.506s][info][gc,heap     ] GC(82)  Capacity:     2048M (100%)       2048M (100%)       2048M (100%)       2048M (100%)       2048M (100%)       2048M (100%)   
[41.506s][info][gc,heap     ] GC(82)      Free:      824M (40%)         752M (37%)        1844M (90%)        1866M (91%)        1882M (92%)         738M (36%)    
[41.506s][info][gc,heap     ] GC(82)      Used:     1224M (60%)        1296M (63%)         204M (10%)         182M (9%)         1310M (64%)         166M (8%)     
[41.506s][info][gc,heap     ] GC(82)      Live:         -                17M (1%)           17M (1%)           17M (1%)             -                  -          
[41.506s][info][gc,heap     ] GC(82) Allocated:         -                72M (4%)           98M (5%)          129M (6%)             -                  -          
[41.506s][info][gc,heap     ] GC(82)   Garbage:         -              1206M (59%)          88M (4%)           34M (2%)             -                  -          
[41.506s][info][gc,heap     ] GC(82) Reclaimed:         -                  -              1118M (55%)        1171M (57%)            -                  -          
[41.506s][info][gc          ] GC(82) Garbage Collection (Allocation Rate) 1224M(60%)->182M(9%)
[42.041s][info][gc,start    ] GC(83) Garbage Collection (Allocation Rate)
[42.041s][info][gc,task     ] GC(83) Using 1 workers
[42.042s][info][gc,phases   ] GC(83) Pause Mark Start 0.016ms
[42.095s][info][gc,phases   ] GC(83) Concurrent Mark 53.520ms
[42.095s][info][gc,phases   ] GC(83) Pause Mark End 0.020ms
[42.095s][info][gc,phases   ] GC(83) Concurrent Mark Free 0.001ms
[42.100s][info][gc,phases   ] GC(83) Concurrent Process Non-Strong References 4.857ms
[42.100s][info][gc,phases   ] GC(83) Concurrent Reset Relocation Set 0.004ms
[42.109s][info][gc,phases   ] GC(83) Concurrent Select Relocation Set 8.848ms
[42.109s][info][gc,phases   ] GC(83) Pause Relocate Start 0.008ms
[42.122s][info][gc,phases   ] GC(83) Concurrent Relocate 12.519ms
[42.122s][info][gc,load     ] GC(83) Load: 0.00/0.00/0.00
[42.122s][info][gc,mmu      ] GC(83) MMU: 2ms/98.4%, 5ms/99.3%, 10ms/99.6%, 20ms/99.7%, 50ms/99.8%, 100ms/99.9%
[42.122s][info][gc,marking  ] GC(83) Mark: 1 stripe(s), 2 proactive flush(es), 1 terminate flush(es), 0 completion(s), 0 continuation(s) 
[42.122s][info][gc,marking  ] GC(83) Mark Stack Usage: 32M
[42.122s][info][gc,nmethod  ] GC(83) NMethods: 1375 registered, 189 unregistered
[42.122s][info][gc,metaspace] GC(83) Metaspace: 8M used, 8M committed, 1088M reserved
[42.122s][info][gc,ref      ] GC(83) Soft: 174 encountered, 0 discovered, 0 enqueued
[42.122s][info][gc,ref      ] GC(83) Weak: 570 encountered, 155 discovered, 0 enqueued
[42.122s][info][gc,ref      ] GC(83) Final: 0 encountered, 0 discovered, 0 enqueued
[42.123s][info][gc,ref      ] GC(83) Phantom: 21 encountered, 10 discovered, 0 enqueued
[42.123s][info][gc,reloc    ] GC(83) Small Pages: 678 / 1356M, Empty: 1312M, Relocated: 6M, In-Place: 0
[42.123s][info][gc,reloc    ] GC(83) Medium Pages: 2 / 64M, Empty: 0M, Relocated: 1M, In-Place: 0
[42.123s][info][gc,reloc    ] GC(83) Large Pages: 0 / 0M, Empty: 0M, Relocated: 0M, In-Place: 0
[42.123s][info][gc,reloc    ] GC(83) Forwarding Usage: 3M
[42.123s][info][gc,heap     ] GC(83) Min Capacity: 8M(0%)
[42.123s][info][gc,heap     ] GC(83) Max Capacity: 2048M(100%)
[42.123s][info][gc,heap     ] GC(83) Soft Max Capacity: 2048M(100%)
[42.123s][info][gc,heap     ] GC(83)                Mark Start          Mark End        Relocate Start      Relocate End           High               Low         
[42.123s][info][gc,heap     ] GC(83)  Capacity:     2048M (100%)       2048M (100%)       2048M (100%)       2048M (100%)       2048M (100%)       2048M (100%)   
[42.123s][info][gc,heap     ] GC(83)      Free:      628M (31%)         526M (26%)        1792M (88%)        1810M (88%)        1834M (90%)         520M (25%)    
[42.123s][info][gc,heap     ] GC(83)      Used:     1420M (69%)        1522M (74%)         256M (13%)         238M (12%)        1528M (75%)         214M (10%)    
[42.123s][info][gc,heap     ] GC(83)      Live:         -                20M (1%)           20M (1%)           20M (1%)             -                  -          
[42.123s][info][gc,heap     ] GC(83) Allocated:         -               102M (5%)          148M (7%)          181M (9%)             -                  -          
[42.123s][info][gc,heap     ] GC(83)   Garbage:         -              1399M (68%)          87M (4%)           35M (2%)             -                  -          
[42.123s][info][gc,heap     ] GC(83) Reclaimed:         -                  -              1312M (64%)        1363M (67%)            -                  -          
[42.123s][info][gc          ] GC(83) Garbage Collection (Allocation Rate) 1420M(69%)->238M(12%)
[42.654s][info][gc,start    ] GC(84) Garbage Collection (Allocation Rate)
[42.654s][info][gc,task     ] GC(84) Using 1 workers
[42.654s][info][gc,phases   ] GC(84) Pause Mark Start 0.016ms
[42.742s][info][gc,phases   ] GC(84) Concurrent Mark 87.561ms
[42.742s][info][gc,phases   ] GC(84) Pause Mark End 0.018ms
[42.742s][info][gc,phases   ] GC(84) Concurrent Mark Free 0.001ms
[42.747s][info][gc,phases   ] GC(84) Concurrent Process Non-Strong References 4.883ms
[42.747s][info][gc,phases   ] GC(84) Concurrent Reset Relocation Set 0.004ms
[42.751s][info][gc,phases   ] GC(84) Concurrent Select Relocation Set 4.206ms
[42.751s][info][gc,phases   ] GC(84) Pause Relocate Start 0.005ms
[42.760s][info][gc,phases   ] GC(84) Concurrent Relocate 8.684ms
[42.760s][info][gc,load     ] GC(84) Load: 0.00/0.00/0.00
[42.760s][info][gc,mmu      ] GC(84) MMU: 2ms/98.4%, 5ms/99.3%, 10ms/99.6%, 20ms/99.7%, 50ms/99.8%, 100ms/99.9%
[42.760s][info][gc,marking  ] GC(84) Mark: 1 stripe(s), 2 proactive flush(es), 1 terminate flush(es), 0 completion(s), 0 continuation(s) 
[42.760s][info][gc,marking  ] GC(84) Mark Stack Usage: 32M
[42.760s][info][gc,nmethod  ] GC(84) NMethods: 1375 registered, 189 unregistered
[42.760s][info][gc,metaspace] GC(84) Metaspace: 8M used, 8M committed, 1088M reserved
[42.760s][info][gc,ref      ] GC(84) Soft: 174 encountered, 0 discovered, 0 enqueued
[42.760s][info][gc,ref      ] GC(84) Weak: 570 encountered, 382 discovered, 0 enqueued
[42.760s][info][gc,ref      ] GC(84) Final: 0 encountered, 0 discovered, 0 enqueued
[42.761s][info][gc,ref      ] GC(84) Phantom: 21 encountered, 10 discovered, 0 enqueued
[42.761s][info][gc,reloc    ] GC(84) Small Pages: 722 / 1444M, Empty: 1396M, Relocated: 5M, In-Place: 0
[42.761s][info][gc,reloc    ] GC(84) Medium Pages: 2 / 64M, Empty: 0M, Relocated: 2M, In-Place: 0
[42.761s][info][gc,reloc    ] GC(84) Large Pages: 0 / 0M, Empty: 0M, Relocated: 0M, In-Place: 0
[42.761s][info][gc,reloc    ] GC(84) Forwarding Usage: 2M
[42.761s][info][gc,heap     ] GC(84) Min Capacity: 8M(0%)
[42.761s][info][gc,heap     ] GC(84) Max Capacity: 2048M(100%)
[42.761s][info][gc,heap     ] GC(84) Soft Max Capacity: 2048M(100%)
[42.761s][info][gc,heap     ] GC(84)                Mark Start          Mark End        Relocate Start      Relocate End           High               Low         
[42.761s][info][gc,heap     ] GC(84)  Capacity:     2048M (100%)       2048M (100%)       2048M (100%)       2048M (100%)       2048M (100%)       2048M (100%)   
[42.761s][info][gc,heap     ] GC(84)      Free:      540M (26%)         322M (16%)        1698M (83%)        1728M (84%)        1740M (85%)         310M (15%)    
[42.761s][info][gc,heap     ] GC(84)      Used:     1508M (74%)        1726M (84%)         350M (17%)         320M (16%)        1738M (85%)         308M (15%)    
[42.761s][info][gc,heap     ] GC(84)      Live:         -                24M (1%)           24M (1%)           24M (1%)             -                  -          
[42.761s][info][gc,heap     ] GC(84) Allocated:         -               218M (11%)         238M (12%)         259M (13%)            -                  -          
[42.761s][info][gc,heap     ] GC(84)   Garbage:         -              1483M (72%)          87M (4%)           35M (2%)             -                  -          
[42.761s][info][gc,heap     ] GC(84) Reclaimed:         -                  -              1396M (68%)        1447M (71%)            -                  -          
[42.761s][info][gc          ] GC(84) Garbage Collection (Allocation Rate) 1508M(74%)->320M(16%)
[43.145s][info][gc,start    ] GC(85) Garbage Collection (Allocation Rate)
[43.145s][info][gc,task     ] GC(85) Using 1 workers
[43.145s][info][gc,phases   ] GC(85) Pause Mark Start 0.015ms
[43.234s][info][gc,phases   ] GC(85) Concurrent Mark 88.767ms
[43.234s][info][gc,phases   ] GC(85) Pause Mark End 0.017ms
[43.234s][info][gc,phases   ] GC(85) Concurrent Mark Free 0.001ms
[43.239s][info][gc,phases   ] GC(85) Concurrent Process Non-Strong References 4.809ms
[43.239s][info][gc,phases   ] GC(85) Concurrent Reset Relocation Set 0.003ms
[43.243s][info][gc,phases   ] GC(85) Concurrent Select Relocation Set 3.955ms
[43.243s][info][gc,phases   ] GC(85) Pause Relocate Start 0.005ms
[43.253s][info][gc,phases   ] GC(85) Concurrent Relocate 9.806ms
[43.253s][info][gc,load     ] GC(85) Load: 0.00/0.00/0.00
[43.253s][info][gc,mmu      ] GC(85) MMU: 2ms/98.4%, 5ms/99.3%, 10ms/99.6%, 20ms/99.7%, 50ms/99.8%, 100ms/99.9%
[43.253s][info][gc,marking  ] GC(85) Mark: 1 stripe(s), 2 proactive flush(es), 1 terminate flush(es), 0 completion(s), 0 continuation(s) 
[43.253s][info][gc,marking  ] GC(85) Mark Stack Usage: 32M
[43.253s][info][gc,nmethod  ] GC(85) NMethods: 1375 registered, 189 unregistered
[43.253s][info][gc,metaspace] GC(85) Metaspace: 8M used, 8M committed, 1088M reserved
[43.253s][info][gc,ref      ] GC(85) Soft: 174 encountered, 0 discovered, 0 enqueued
[43.253s][info][gc,ref      ] GC(85) Weak: 570 encountered, 378 discovered, 0 enqueued
[43.253s][info][gc,ref      ] GC(85) Final: 0 encountered, 0 discovered, 0 enqueued
[43.253s][info][gc,ref      ] GC(85) Phantom: 21 encountered, 10 discovered, 0 enqueued
[43.253s][info][gc,reloc    ] GC(85) Small Pages: 631 / 1262M, Empty: 1212M, Relocated: 3M, In-Place: 0
[43.253s][info][gc,reloc    ] GC(85) Medium Pages: 2 / 64M, Empty: 0M, Relocated: 2M, In-Place: 0
[43.253s][info][gc,reloc    ] GC(85) Large Pages: 0 / 0M, Empty: 0M, Relocated: 0M, In-Place: 0
[43.253s][info][gc,reloc    ] GC(85) Forwarding Usage: 1M
[43.253s][info][gc,heap     ] GC(85) Min Capacity: 8M(0%)
[43.253s][info][gc,heap     ] GC(85) Max Capacity: 2048M(100%)
[43.253s][info][gc,heap     ] GC(85) Soft Max Capacity: 2048M(100%)
[43.253s][info][gc,heap     ] GC(85)                Mark Start          Mark End        Relocate Start      Relocate End           High               Low         
[43.253s][info][gc,heap     ] GC(85)  Capacity:     2048M (100%)       2048M (100%)       2048M (100%)       2048M (100%)       2048M (100%)       2048M (100%)   
[43.253s][info][gc,heap     ] GC(85)      Free:      722M (35%)         524M (26%)        1714M (84%)        1758M (86%)        1760M (86%)         510M (25%)    
[43.254s][info][gc,heap     ] GC(85)      Used:     1326M (65%)        1524M (74%)         334M (16%)         290M (14%)        1538M (75%)         288M (14%)    
[43.254s][info][gc,heap     ] GC(85)      Live:         -                28M (1%)           28M (1%)           28M (1%)             -                  -          
[43.254s][info][gc,heap     ] GC(85) Allocated:         -               198M (10%)         220M (11%)         225M (11%)            -                  -          
[43.254s][info][gc,heap     ] GC(85)   Garbage:         -              1297M (63%)          85M (4%)           36M (2%)             -                  -          
[43.254s][info][gc,heap     ] GC(85) Reclaimed:         -                  -              1212M (59%)        1261M (62%)            -                  -          
[43.254s][info][gc          ] GC(85) Garbage Collection (Allocation Rate) 1326M(65%)->290M(14%)
[43.713s][info][gc,start    ] GC(86) Garbage Collection (System.gc())
[43.713s][info][gc,task     ] GC(86) Using 12 workers
[43.713s][info][gc,phases   ] GC(86) Pause Mark Start 0.017ms
[43.728s][info][gc,phases   ] GC(86) Concurrent Mark 14.410ms
[43.728s][info][gc,phases   ] GC(86) Pause Mark End 0.016ms
[43.728s][info][gc,phases   ] GC(86) Concurrent Mark Free 0.001ms
[43.728s][info][gc,phases   ] GC(86) Concurrent Process Non-Strong References 0.586ms
[43.728s][info][gc,phases   ] GC(86) Concurrent Reset Relocation Set 0.003ms
[43.732s][info][gc,phases   ] GC(86) Concurrent Select Relocation Set 3.697ms
[43.732s][info][gc,phases   ] GC(86) Pause Relocate Start 0.005ms
[43.734s][info][gc,phases   ] GC(86) Concurrent Relocate 1.718ms
[43.734s][info][gc,load     ] GC(86) Load: 0.00/0.00/0.00
[43.734s][info][gc,mmu      ] GC(86) MMU: 2ms/98.4%, 5ms/99.3%, 10ms/99.6%, 20ms/99.7%, 50ms/99.8%, 100ms/99.9%
[43.734s][info][gc,marking  ] GC(86) Mark: 8 stripe(s), 3 proactive flush(es), 1 terminate flush(es), 0 completion(s), 0 continuation(s) 
[43.734s][info][gc,marking  ] GC(86) Mark Stack Usage: 32M
[43.734s][info][gc,nmethod  ] GC(86) NMethods: 1375 registered, 190 unregistered
[43.734s][info][gc,metaspace] GC(86) Metaspace: 8M used, 8M committed, 1088M reserved
[43.734s][info][gc,ref      ] GC(86) Soft: 174 encountered, 0 discovered, 0 enqueued
[43.734s][info][gc,ref      ] GC(86) Weak: 570 encountered, 27 discovered, 0 enqueued
[43.734s][info][gc,ref      ] GC(86) Final: 0 encountered, 0 discovered, 0 enqueued
[43.734s][info][gc,ref      ] GC(86) Phantom: 21 encountered, 14 discovered, 0 enqueued
[43.734s][info][gc,reloc    ] GC(86) Small Pages: 187 / 374M, Empty: 360M, Relocated: 0M, In-Place: 0
[43.734s][info][gc,reloc    ] GC(86) Medium Pages: 2 / 64M, Empty: 64M, Relocated: 0M, In-Place: 0
[43.734s][info][gc,reloc    ] GC(86) Large Pages: 0 / 0M, Empty: 0M, Relocated: 0M, In-Place: 0
[43.734s][info][gc,reloc    ] GC(86) Forwarding Usage: 0M
[43.735s][info][gc,heap     ] GC(86) Min Capacity: 8M(0%)
[43.735s][info][gc,heap     ] GC(86) Max Capacity: 2048M(100%)
[43.735s][info][gc,heap     ] GC(86) Soft Max Capacity: 2048M(100%)
[43.735s][info][gc,heap     ] GC(86)                Mark Start          Mark End        Relocate Start      Relocate End           High               Low         
[43.735s][info][gc,heap     ] GC(86)  Capacity:     2048M (100%)       2048M (100%)       2048M (100%)       2048M (100%)       2048M (100%)       2048M (100%)   
[43.735s][info][gc,heap     ] GC(86)      Free:     1610M (79%)        1610M (79%)        2034M (99%)        2034M (99%)        2034M (99%)        1610M (79%)    
[43.735s][info][gc,heap     ] GC(86)      Used:      438M (21%)         438M (21%)          14M (1%)           14M (1%)          438M (21%)          14M (1%)     
[43.735s][info][gc,heap     ] GC(86)      Live:         -                 4M (0%)            4M (0%)            4M (0%)             -                  -          
[43.735s][info][gc,heap     ] GC(86) Allocated:         -                 0M (0%)            0M (0%)            0M (0%)             -                  -          
[43.735s][info][gc,heap     ] GC(86)   Garbage:         -               433M (21%)           9M (0%)            9M (0%)             -                  -          
[43.735s][info][gc,heap     ] GC(86) Reclaimed:         -                  -               424M (21%)         424M (21%)            -                  -          
[43.735s][info][gc          ] GC(86) Garbage Collection (System.gc()) 438M(21%)->14M(1%)
[44.353s][info][gc,start    ] GC(87) Garbage Collection (Allocation Rate)
[44.353s][info][gc,task     ] GC(87) Using 2 workers
[44.353s][info][gc,phases   ] GC(87) Pause Mark Start 0.017ms
[44.384s][info][gc,phases   ] GC(87) Concurrent Mark 30.751ms
[44.384s][info][gc,phases   ] GC(87) Pause Mark End 0.017ms
[44.384s][info][gc,phases   ] GC(87) Concurrent Mark Free 0.001ms
[44.386s][info][gc,phases   ] GC(87) Concurrent Process Non-Strong References 2.546ms
[44.386s][info][gc,phases   ] GC(87) Concurrent Reset Relocation Set 0.001ms
[44.392s][info][gc,phases   ] GC(87) Concurrent Select Relocation Set 5.652ms
[44.392s][info][gc,phases   ] GC(87) Pause Relocate Start 0.008ms
[44.399s][info][gc,phases   ] GC(87) Concurrent Relocate 6.397ms
[44.399s][info][gc,load     ] GC(87) Load: 0.00/0.00/0.00
[44.399s][info][gc,mmu      ] GC(87) MMU: 2ms/98.4%, 5ms/99.3%, 10ms/99.6%, 20ms/99.7%, 50ms/99.8%, 100ms/99.9%
[44.399s][info][gc,marking  ] GC(87) Mark: 2 stripe(s), 2 proactive flush(es), 1 terminate flush(es), 0 completion(s), 0 continuation(s) 
[44.399s][info][gc,marking  ] GC(87) Mark Stack Usage: 32M
[44.399s][info][gc,nmethod  ] GC(87) NMethods: 1378 registered, 190 unregistered
[44.399s][info][gc,metaspace] GC(87) Metaspace: 8M used, 8M committed, 1088M reserved
[44.399s][info][gc,ref      ] GC(87) Soft: 174 encountered, 0 discovered, 0 enqueued
[44.399s][info][gc,ref      ] GC(87) Weak: 570 encountered, 3 discovered, 0 enqueued
[44.399s][info][gc,ref      ] GC(87) Final: 0 encountered, 0 discovered, 0 enqueued
[44.399s][info][gc,ref      ] GC(87) Phantom: 21 encountered, 17 discovered, 0 enqueued
[44.399s][info][gc,reloc    ] GC(87) Small Pages: 762 / 1524M, Empty: 1484M, Relocated: 4M, In-Place: 0
[44.399s][info][gc,reloc    ] GC(87) Medium Pages: 1 / 32M, Empty: 0M, Relocated: 0M, In-Place: 0
[44.399s][info][gc,reloc    ] GC(87) Large Pages: 0 / 0M, Empty: 0M, Relocated: 0M, In-Place: 0
[44.399s][info][gc,reloc    ] GC(87) Forwarding Usage: 2M
[44.399s][info][gc,heap     ] GC(87) Min Capacity: 8M(0%)
[44.399s][info][gc,heap     ] GC(87) Max Capacity: 2048M(100%)
[44.399s][info][gc,heap     ] GC(87) Soft Max Capacity: 2048M(100%)
[44.399s][info][gc,heap     ] GC(87)                Mark Start          Mark End        Relocate Start      Relocate End           High               Low         
[44.399s][info][gc,heap     ] GC(87)  Capacity:     2048M (100%)       2048M (100%)       2048M (100%)       2048M (100%)       2048M (100%)       2048M (100%)   
[44.399s][info][gc,heap     ] GC(87)      Free:      492M (24%)         412M (20%)        1874M (92%)        1888M (92%)        1896M (93%)         404M (20%)    
[44.399s][info][gc,heap     ] GC(87)      Used:     1556M (76%)        1636M (80%)         174M (8%)          160M (8%)         1644M (80%)         152M (7%)     
[44.399s][info][gc,heap     ] GC(87)      Live:         -                 8M (0%)            8M (0%)            8M (0%)             -                  -          
[44.400s][info][gc,heap     ] GC(87) Allocated:         -                80M (4%)          102M (5%)          117M (6%)             -                  -          
[44.400s][info][gc,heap     ] GC(87)   Garbage:         -              1547M (76%)          63M (3%)           33M (2%)             -                  -          
[44.400s][info][gc,heap     ] GC(87) Reclaimed:         -                  -              1484M (72%)        1513M (74%)            -                  -          
[44.400s][info][gc          ] GC(87) Garbage Collection (Allocation Rate) 1556M(76%)->160M(8%)
[44.650s][info][gc,start    ] GC(88) Garbage Collection (Allocation Rate)
[44.650s][info][gc,task     ] GC(88) Using 6 workers
[44.651s][info][gc,phases   ] GC(88) Pause Mark Start 0.018ms
[44.666s][info][gc,phases   ] GC(88) Concurrent Mark 15.265ms
[44.666s][info][gc,phases   ] GC(88) Pause Mark End 0.016ms
[44.666s][info][gc,phases   ] GC(88) Concurrent Mark Free 0.001ms
[44.667s][info][gc,phases   ] GC(88) Concurrent Process Non-Strong References 0.869ms
[44.667s][info][gc,phases   ] GC(88) Concurrent Reset Relocation Set 0.003ms
[44.671s][info][gc,phases   ] GC(88) Concurrent Select Relocation Set 3.638ms
[44.671s][info][gc,phases   ] GC(88) Pause Relocate Start 0.005ms
[44.676s][info][gc,phases   ] GC(88) Concurrent Relocate 4.811ms
[44.676s][info][gc,load     ] GC(88) Load: 0.00/0.00/0.00
[44.676s][info][gc,mmu      ] GC(88) MMU: 2ms/98.4%, 5ms/99.3%, 10ms/99.6%, 20ms/99.7%, 50ms/99.8%, 100ms/99.9%
[44.676s][info][gc,marking  ] GC(88) Mark: 4 stripe(s), 2 proactive flush(es), 1 terminate flush(es), 0 completion(s), 0 continuation(s) 
[44.676s][info][gc,marking  ] GC(88) Mark Stack Usage: 32M
[44.676s][info][gc,nmethod  ] GC(88) NMethods: 1378 registered, 190 unregistered
[44.676s][info][gc,metaspace] GC(88) Metaspace: 8M used, 8M committed, 1088M reserved
[44.676s][info][gc,ref      ] GC(88) Soft: 174 encountered, 0 discovered, 0 enqueued
[44.676s][info][gc,ref      ] GC(88) Weak: 570 encountered, 172 discovered, 0 enqueued
[44.676s][info][gc,ref      ] GC(88) Final: 0 encountered, 0 discovered, 0 enqueued
[44.676s][info][gc,ref      ] GC(88) Phantom: 21 encountered, 19 discovered, 0 enqueued
[44.676s][info][gc,reloc    ] GC(88) Small Pages: 342 / 684M, Empty: 658M, Relocated: 5M, In-Place: 0
[44.676s][info][gc,reloc    ] GC(88) Medium Pages: 2 / 64M, Empty: 32M, Relocated: 0M, In-Place: 0
[44.676s][info][gc,reloc    ] GC(88) Large Pages: 0 / 0M, Empty: 0M, Relocated: 0M, In-Place: 0
[44.676s][info][gc,reloc    ] GC(88) Forwarding Usage: 2M
[44.676s][info][gc,heap     ] GC(88) Min Capacity: 8M(0%)
[44.676s][info][gc,heap     ] GC(88) Max Capacity: 2048M(100%)
[44.676s][info][gc,heap     ] GC(88) Soft Max Capacity: 2048M(100%)
[44.676s][info][gc,heap     ] GC(88)                Mark Start          Mark End        Relocate Start      Relocate End           High               Low         
[44.676s][info][gc,heap     ] GC(88)  Capacity:     2048M (100%)       2048M (100%)       2048M (100%)       2048M (100%)       2048M (100%)       2048M (100%)   
[44.676s][info][gc,heap     ] GC(88)      Free:     1300M (63%)        1290M (63%)        1974M (96%)        1974M (96%)        1976M (96%)        1290M (63%)    
[44.676s][info][gc,heap     ] GC(88)      Used:      748M (37%)         758M (37%)          74M (4%)           74M (4%)          758M (37%)          72M (4%)     
[44.676s][info][gc,heap     ] GC(88)      Live:         -                10M (1%)           10M (1%)           10M (1%)             -                  -          
[44.677s][info][gc,heap     ] GC(88) Allocated:         -                10M (0%)           16M (1%)           23M (1%)             -                  -          
[44.677s][info][gc,heap     ] GC(88)   Garbage:         -               737M (36%)          47M (2%)           39M (2%)             -                  -          
[44.677s][info][gc,heap     ] GC(88) Reclaimed:         -                  -               690M (34%)         697M (34%)            -                  -          
[44.677s][info][gc          ] GC(88) Garbage Collection (Allocation Rate) 748M(37%)->74M(4%)
[45.153s][info][gc,start    ] GC(89) Garbage Collection (Allocation Rate)
[45.153s][info][gc,task     ] GC(89) Using 6 workers
[45.153s][info][gc,phases   ] GC(89) Pause Mark Start 0.018ms
[45.184s][info][gc,phases   ] GC(89) Concurrent Mark 30.874ms
[45.185s][info][gc,phases   ] GC(89) Pause Mark End 0.018ms
[45.185s][info][gc,phases   ] GC(89) Concurrent Mark Free 0.001ms
[45.186s][info][gc,phases   ] GC(89) Concurrent Process Non-Strong References 1.026ms
[45.186s][info][gc,phases   ] GC(89) Concurrent Reset Relocation Set 0.002ms
[45.193s][info][gc,phases   ] GC(89) Concurrent Select Relocation Set 7.734ms
[45.194s][info][gc,phases   ] GC(89) Pause Relocate Start 0.007ms
[45.199s][info][gc,phases   ] GC(89) Concurrent Relocate 4.971ms
[45.199s][info][gc,load     ] GC(89) Load: 0.00/0.00/0.00
[45.199s][info][gc,mmu      ] GC(89) MMU: 2ms/98.4%, 5ms/99.3%, 10ms/99.6%, 20ms/99.7%, 50ms/99.8%, 100ms/99.9%
[45.199s][info][gc,marking  ] GC(89) Mark: 4 stripe(s), 2 proactive flush(es), 1 terminate flush(es), 0 completion(s), 0 continuation(s) 
[45.199s][info][gc,marking  ] GC(89) Mark Stack Usage: 32M
[45.199s][info][gc,nmethod  ] GC(89) NMethods: 1378 registered, 190 unregistered
[45.199s][info][gc,metaspace] GC(89) Metaspace: 8M used, 8M committed, 1088M reserved
[45.199s][info][gc,ref      ] GC(89) Soft: 174 encountered, 0 discovered, 0 enqueued
[45.199s][info][gc,ref      ] GC(89) Weak: 570 encountered, 140 discovered, 0 enqueued
[45.199s][info][gc,ref      ] GC(89) Final: 0 encountered, 0 discovered, 0 enqueued
[45.199s][info][gc,ref      ] GC(89) Phantom: 21 encountered, 13 discovered, 0 enqueued
[45.199s][info][gc,reloc    ] GC(89) Small Pages: 626 / 1252M, Empty: 1214M, Relocated: 8M, In-Place: 0
[45.199s][info][gc,reloc    ] GC(89) Medium Pages: 2 / 64M, Empty: 0M, Relocated: 0M, In-Place: 0
[45.199s][info][gc,reloc    ] GC(89) Large Pages: 0 / 0M, Empty: 0M, Relocated: 0M, In-Place: 0
[45.199s][info][gc,reloc    ] GC(89) Forwarding Usage: 3M
[45.199s][info][gc,heap     ] GC(89) Min Capacity: 8M(0%)
[45.199s][info][gc,heap     ] GC(89) Max Capacity: 2048M(100%)
[45.199s][info][gc,heap     ] GC(89) Soft Max Capacity: 2048M(100%)
[45.199s][info][gc,heap     ] GC(89)                Mark Start          Mark End        Relocate Start      Relocate End           High               Low         
[45.199s][info][gc,heap     ] GC(89)  Capacity:     2048M (100%)       2048M (100%)       2048M (100%)       2048M (100%)       2048M (100%)       2048M (100%)   
[45.199s][info][gc,heap     ] GC(89)      Free:      732M (36%)         672M (33%)        1870M (91%)        1908M (93%)        1908M (93%)         668M (33%)    
[45.199s][info][gc,heap     ] GC(89)      Used:     1316M (64%)        1376M (67%)         178M (9%)          140M (7%)         1380M (67%)         140M (7%)     
[45.199s][info][gc,heap     ] GC(89)      Live:         -                14M (1%)           14M (1%)           14M (1%)             -                  -          
[45.199s][info][gc,heap     ] GC(89) Allocated:         -                60M (3%)           76M (4%)           89M (4%)             -                  -          
[45.199s][info][gc,heap     ] GC(89)   Garbage:         -              1301M (64%)          87M (4%)           35M (2%)             -                  -          
[45.199s][info][gc,heap     ] GC(89) Reclaimed:         -                  -              1214M (59%)        1265M (62%)            -                  -          
[45.200s][info][gc          ] GC(89) Garbage Collection (Allocation Rate) 1316M(64%)->140M(7%)
[45.653s][info][gc,start    ] GC(90) Garbage Collection (Allocation Rate)
[45.653s][info][gc,task     ] GC(90) Using 2 workers
[45.653s][info][gc,phases   ] GC(90) Pause Mark Start 0.017ms
[45.700s][info][gc,phases   ] GC(90) Concurrent Mark 46.465ms
[45.700s][info][gc,phases   ] GC(90) Pause Mark End 0.021ms
[45.700s][info][gc,phases   ] GC(90) Concurrent Mark Free 0.001ms
[45.703s][info][gc,phases   ] GC(90) Concurrent Process Non-Strong References 2.499ms
[45.703s][info][gc,phases   ] GC(90) Concurrent Reset Relocation Set 0.004ms
[45.712s][info][gc,phases   ] GC(90) Concurrent Select Relocation Set 9.439ms
[45.712s][info][gc,phases   ] GC(90) Pause Relocate Start 0.007ms
[45.725s][info][gc,phases   ] GC(90) Concurrent Relocate 12.667ms
[45.725s][info][gc,load     ] GC(90) Load: 0.00/0.00/0.00
[45.725s][info][gc,mmu      ] GC(90) MMU: 2ms/98.4%, 5ms/99.3%, 10ms/99.6%, 20ms/99.7%, 50ms/99.8%, 100ms/99.9%
[45.725s][info][gc,marking  ] GC(90) Mark: 2 stripe(s), 2 proactive flush(es), 1 terminate flush(es), 0 completion(s), 0 continuation(s) 
[45.725s][info][gc,marking  ] GC(90) Mark Stack Usage: 32M
[45.725s][info][gc,nmethod  ] GC(90) NMethods: 1378 registered, 190 unregistered
[45.725s][info][gc,metaspace] GC(90) Metaspace: 8M used, 8M committed, 1088M reserved
[45.725s][info][gc,ref      ] GC(90) Soft: 174 encountered, 0 discovered, 0 enqueued
[45.725s][info][gc,ref      ] GC(90) Weak: 570 encountered, 419 discovered, 0 enqueued
[45.725s][info][gc,ref      ] GC(90) Final: 0 encountered, 0 discovered, 0 enqueued
[45.725s][info][gc,ref      ] GC(90) Phantom: 21 encountered, 15 discovered, 0 enqueued
[45.725s][info][gc,reloc    ] GC(90) Small Pages: 593 / 1186M, Empty: 1140M, Relocated: 8M, In-Place: 0
[45.725s][info][gc,reloc    ] GC(90) Medium Pages: 2 / 64M, Empty: 0M, Relocated: 1M, In-Place: 0
[45.725s][info][gc,reloc    ] GC(90) Large Pages: 0 / 0M, Empty: 0M, Relocated: 0M, In-Place: 0
[45.725s][info][gc,reloc    ] GC(90) Forwarding Usage: 3M
[45.725s][info][gc,heap     ] GC(90) Min Capacity: 8M(0%)
[45.725s][info][gc,heap     ] GC(90) Max Capacity: 2048M(100%)
[45.726s][info][gc,heap     ] GC(90) Soft Max Capacity: 2048M(100%)
[45.726s][info][gc,heap     ] GC(90)                Mark Start          Mark End        Relocate Start      Relocate End           High               Low         
[45.726s][info][gc,heap     ] GC(90)  Capacity:     2048M (100%)       2048M (100%)       2048M (100%)       2048M (100%)       2048M (100%)       2048M (100%)   
[45.726s][info][gc,heap     ] GC(90)      Free:      798M (39%)         694M (34%)        1808M (88%)        1834M (90%)        1850M (90%)         688M (34%)    
[45.726s][info][gc,heap     ] GC(90)      Used:     1250M (61%)        1354M (66%)         240M (12%)         214M (10%)        1360M (66%)         198M (10%)    
[45.726s][info][gc,heap     ] GC(90)      Live:         -                17M (1%)           17M (1%)           17M (1%)             -                  -          
[45.726s][info][gc,heap     ] GC(90) Allocated:         -               104M (5%)          130M (6%)          161M (8%)             -                  -          
[45.726s][info][gc,heap     ] GC(90)   Garbage:         -              1232M (60%)          92M (5%)           34M (2%)             -                  -          
[45.726s][info][gc,heap     ] GC(90) Reclaimed:         -                  -              1140M (56%)        1197M (58%)            -                  -          
[45.726s][info][gc          ] GC(90) Garbage Collection (Allocation Rate) 1250M(61%)->214M(10%)
[46.242s][info][gc,start    ] GC(91) Garbage Collection (Allocation Rate)
[46.242s][info][gc,task     ] GC(91) Using 2 workers
[46.242s][info][gc,phases   ] GC(91) Pause Mark Start 0.017ms
[46.287s][info][gc,phases   ] GC(91) Concurrent Mark 45.231ms
[46.287s][info][gc,phases   ] GC(91) Pause Mark End 0.019ms
[46.287s][info][gc,phases   ] GC(91) Concurrent Mark Free 0.001ms
[46.290s][info][gc,phases   ] GC(91) Concurrent Process Non-Strong References 2.615ms
[46.290s][info][gc,phases   ] GC(91) Concurrent Reset Relocation Set 0.004ms
[46.295s][info][gc,phases   ] GC(91) Concurrent Select Relocation Set 4.884ms
[46.295s][info][gc,phases   ] GC(91) Pause Relocate Start 0.005ms
[46.298s][info][gc,phases   ] GC(91) Concurrent Relocate 2.942ms
[46.298s][info][gc,load     ] GC(91) Load: 0.00/0.00/0.00
[46.298s][info][gc,mmu      ] GC(91) MMU: 2ms/98.4%, 5ms/99.3%, 10ms/99.6%, 20ms/99.7%, 50ms/99.8%, 100ms/99.9%
[46.298s][info][gc,marking  ] GC(91) Mark: 2 stripe(s), 2 proactive flush(es), 1 terminate flush(es), 0 completion(s), 0 continuation(s) 
[46.298s][info][gc,marking  ] GC(91) Mark Stack Usage: 32M
[46.298s][info][gc,nmethod  ] GC(91) NMethods: 1378 registered, 190 unregistered
[46.298s][info][gc,metaspace] GC(91) Metaspace: 8M used, 8M committed, 1088M reserved
[46.298s][info][gc,ref      ] GC(91) Soft: 174 encountered, 0 discovered, 0 enqueued
[46.298s][info][gc,ref      ] GC(91) Weak: 570 encountered, 383 discovered, 0 enqueued
[46.298s][info][gc,ref      ] GC(91) Final: 0 encountered, 0 discovered, 0 enqueued
[46.298s][info][gc,ref      ] GC(91) Phantom: 21 encountered, 19 discovered, 0 enqueued
[46.299s][info][gc,reloc    ] GC(91) Small Pages: 654 / 1308M, Empty: 1266M, Relocated: 3M, In-Place: 0
[46.299s][info][gc,reloc    ] GC(91) Medium Pages: 2 / 64M, Empty: 0M, Relocated: 1M, In-Place: 0
[46.299s][info][gc,reloc    ] GC(91) Large Pages: 0 / 0M, Empty: 0M, Relocated: 0M, In-Place: 0
[46.299s][info][gc,reloc    ] GC(91) Forwarding Usage: 1M
[46.299s][info][gc,heap     ] GC(91) Min Capacity: 8M(0%)
[46.299s][info][gc,heap     ] GC(91) Max Capacity: 2048M(100%)
[46.299s][info][gc,heap     ] GC(91) Soft Max Capacity: 2048M(100%)
[46.299s][info][gc,heap     ] GC(91)                Mark Start          Mark End        Relocate Start      Relocate End           High               Low         
[46.299s][info][gc,heap     ] GC(91)  Capacity:     2048M (100%)       2048M (100%)       2048M (100%)       2048M (100%)       2048M (100%)       2048M (100%)   
[46.299s][info][gc,heap     ] GC(91)      Free:      676M (33%)         556M (27%)        1808M (88%)        1848M (90%)        1848M (90%)         550M (27%)    
[46.299s][info][gc,heap     ] GC(91)      Used:     1372M (67%)        1492M (73%)         240M (12%)         200M (10%)        1498M (73%)         200M (10%)    
[46.299s][info][gc,heap     ] GC(91)      Live:         -                21M (1%)           21M (1%)           21M (1%)             -                  -          
[46.299s][info][gc,heap     ] GC(91) Allocated:         -               120M (6%)          134M (7%)          139M (7%)             -                  -          
[46.299s][info][gc,heap     ] GC(91)   Garbage:         -              1350M (66%)          84M (4%)           38M (2%)             -                  -          
[46.299s][info][gc,heap     ] GC(91) Reclaimed:         -                  -              1266M (62%)        1311M (64%)            -                  -          
[46.299s][info][gc          ] GC(91) Garbage Collection (Allocation Rate) 1372M(67%)->200M(10%)
[46.745s][info][gc,start    ] GC(92) Garbage Collection (Allocation Rate)
[46.746s][info][gc,task     ] GC(92) Using 1 workers
[46.746s][info][gc,phases   ] GC(92) Pause Mark Start 0.016ms
[46.820s][info][gc,phases   ] GC(92) Concurrent Mark 74.003ms
[46.820s][info][gc,phases   ] GC(92) Pause Mark End 0.017ms
[46.820s][info][gc,phases   ] GC(92) Concurrent Mark Free 0.001ms
[46.825s][info][gc,phases   ] GC(92) Concurrent Process Non-Strong References 4.753ms
[46.825s][info][gc,phases   ] GC(92) Concurrent Reset Relocation Set 0.003ms
[46.832s][info][gc,phases   ] GC(92) Concurrent Select Relocation Set 7.277ms
[46.832s][info][gc,phases   ] GC(92) Pause Relocate Start 0.005ms
[46.846s][info][gc,phases   ] GC(92) Concurrent Relocate 13.450ms
[46.846s][info][gc,load     ] GC(92) Load: 0.00/0.00/0.00
[46.846s][info][gc,mmu      ] GC(92) MMU: 2ms/98.4%, 5ms/99.3%, 10ms/99.6%, 20ms/99.7%, 50ms/99.8%, 100ms/99.9%
[46.846s][info][gc,marking  ] GC(92) Mark: 1 stripe(s), 2 proactive flush(es), 1 terminate flush(es), 0 completion(s), 0 continuation(s) 
[46.846s][info][gc,marking  ] GC(92) Mark Stack Usage: 32M
[46.846s][info][gc,nmethod  ] GC(92) NMethods: 1378 registered, 190 unregistered
[46.846s][info][gc,metaspace] GC(92) Metaspace: 8M used, 8M committed, 1088M reserved
[46.846s][info][gc,ref      ] GC(92) Soft: 174 encountered, 0 discovered, 0 enqueued
[46.846s][info][gc,ref      ] GC(92) Weak: 570 encountered, 382 discovered, 0 enqueued
[46.846s][info][gc,ref      ] GC(92) Final: 0 encountered, 0 discovered, 0 enqueued
[46.846s][info][gc,ref      ] GC(92) Phantom: 21 encountered, 10 discovered, 0 enqueued
[46.846s][info][gc,reloc    ] GC(92) Small Pages: 620 / 1240M, Empty: 1194M, Relocated: 4M, In-Place: 0
[46.846s][info][gc,reloc    ] GC(92) Medium Pages: 2 / 64M, Empty: 0M, Relocated: 2M, In-Place: 0
[46.846s][info][gc,reloc    ] GC(92) Large Pages: 0 / 0M, Empty: 0M, Relocated: 0M, In-Place: 0
[46.846s][info][gc,reloc    ] GC(92) Forwarding Usage: 1M
[46.846s][info][gc,heap     ] GC(92) Min Capacity: 8M(0%)
[46.846s][info][gc,heap     ] GC(92) Max Capacity: 2048M(100%)
[46.846s][info][gc,heap     ] GC(92) Soft Max Capacity: 2048M(100%)
[46.846s][info][gc,heap     ] GC(92)                Mark Start          Mark End        Relocate Start      Relocate End           High               Low         
[46.846s][info][gc,heap     ] GC(92)  Capacity:     2048M (100%)       2048M (100%)       2048M (100%)       2048M (100%)       2048M (100%)       2048M (100%)   
[46.846s][info][gc,heap     ] GC(92)      Free:      744M (36%)         586M (29%)        1748M (85%)        1760M (86%)        1786M (87%)         572M (28%)    
[46.847s][info][gc,heap     ] GC(92)      Used:     1304M (64%)        1462M (71%)         300M (15%)         288M (14%)        1476M (72%)         262M (13%)    
[46.847s][info][gc,heap     ] GC(92)      Live:         -                24M (1%)           24M (1%)           24M (1%)             -                  -          
[46.847s][info][gc,heap     ] GC(92) Allocated:         -               158M (8%)          190M (9%)          225M (11%)            -                  -          
[46.847s][info][gc,heap     ] GC(92)   Garbage:         -              1279M (62%)          85M (4%)           37M (2%)             -                  -          
[46.847s][info][gc,heap     ] GC(92) Reclaimed:         -                  -              1194M (58%)        1241M (61%)            -                  -          
[46.847s][info][gc          ] GC(92) Garbage Collection (Allocation Rate) 1304M(64%)->288M(14%)
[47.342s][info][gc,start    ] GC(93) Garbage Collection (Allocation Rate)
[47.342s][info][gc,task     ] GC(93) Using 1 workers
[47.342s][info][gc,phases   ] GC(93) Pause Mark Start 0.018ms
[47.427s][info][gc,phases   ] GC(93) Concurrent Mark 84.407ms
[47.427s][info][gc,phases   ] GC(93) Pause Mark End 0.023ms
[47.427s][info][gc,phases   ] GC(93) Concurrent Mark Free 0.001ms
[47.432s][info][gc,phases   ] GC(93) Concurrent Process Non-Strong References 4.726ms
[47.432s][info][gc,phases   ] GC(93) Concurrent Reset Relocation Set 0.003ms
[47.441s][info][gc,phases   ] GC(93) Concurrent Select Relocation Set 9.319ms
[47.441s][info][gc,phases   ] GC(93) Pause Relocate Start 0.006ms
[47.463s][info][gc,phases   ] GC(93) Concurrent Relocate 22.049ms
[47.463s][info][gc,load     ] GC(93) Load: 0.00/0.00/0.00
[47.463s][info][gc,mmu      ] GC(93) MMU: 2ms/98.4%, 5ms/99.3%, 10ms/99.6%, 20ms/99.7%, 50ms/99.8%, 100ms/99.9%
[47.463s][info][gc,marking  ] GC(93) Mark: 1 stripe(s), 2 proactive flush(es), 1 terminate flush(es), 0 completion(s), 0 continuation(s) 
[47.463s][info][gc,marking  ] GC(93) Mark Stack Usage: 32M
[47.463s][info][gc,nmethod  ] GC(93) NMethods: 1378 registered, 190 unregistered
[47.464s][info][gc,metaspace] GC(93) Metaspace: 8M used, 8M committed, 1088M reserved
[47.464s][info][gc,ref      ] GC(93) Soft: 174 encountered, 0 discovered, 0 enqueued
[47.464s][info][gc,ref      ] GC(93) Weak: 570 encountered, 382 discovered, 0 enqueued
[47.464s][info][gc,ref      ] GC(93) Final: 0 encountered, 0 discovered, 0 enqueued
[47.464s][info][gc,ref      ] GC(93) Phantom: 21 encountered, 10 discovered, 0 enqueued
[47.464s][info][gc,reloc    ] GC(93) Small Pages: 719 / 1438M, Empty: 1384M, Relocated: 8M, In-Place: 0
[47.464s][info][gc,reloc    ] GC(93) Medium Pages: 2 / 64M, Empty: 0M, Relocated: 2M, In-Place: 0
[47.464s][info][gc,reloc    ] GC(93) Large Pages: 0 / 0M, Empty: 0M, Relocated: 0M, In-Place: 0
[47.464s][info][gc,reloc    ] GC(93) Forwarding Usage: 3M
[47.464s][info][gc,heap     ] GC(93) Min Capacity: 8M(0%)
[47.464s][info][gc,heap     ] GC(93) Max Capacity: 2048M(100%)
[47.464s][info][gc,heap     ] GC(93) Soft Max Capacity: 2048M(100%)
[47.464s][info][gc,heap     ] GC(93)                Mark Start          Mark End        Relocate Start      Relocate End           High               Low         
[47.464s][info][gc,heap     ] GC(93)  Capacity:     2048M (100%)       2048M (100%)       2048M (100%)       2048M (100%)       2048M (100%)       2048M (100%)   
[47.464s][info][gc,heap     ] GC(93)      Free:      546M (27%)         410M (20%)        1790M (87%)        1836M (90%)        1838M (90%)         408M (20%)    
[47.464s][info][gc,heap     ] GC(93)      Used:     1502M (73%)        1638M (80%)         258M (13%)         212M (10%)        1640M (80%)         210M (10%)    
[47.464s][info][gc,heap     ] GC(93)      Live:         -                28M (1%)           28M (1%)           28M (1%)             -                  -          
[47.464s][info][gc,heap     ] GC(93) Allocated:         -               136M (7%)          140M (7%)          147M (7%)             -                  -          
[47.464s][info][gc,heap     ] GC(93)   Garbage:         -              1473M (72%)          89M (4%)           35M (2%)             -                  -          
[47.464s][info][gc,heap     ] GC(93) Reclaimed:         -                  -              1384M (68%)        1437M (70%)            -                  -          
[47.464s][info][gc          ] GC(93) Garbage Collection (Allocation Rate) 1502M(73%)->212M(10%)
[47.841s][info][gc,start    ] GC(94) Garbage Collection (Allocation Rate)
[47.841s][info][gc,task     ] GC(94) Using 6 workers
[47.841s][info][gc,phases   ] GC(94) Pause Mark Start 0.017ms
[47.878s][info][gc,phases   ] GC(94) Concurrent Mark 37.019ms
[47.879s][info][gc,phases   ] GC(94) Pause Mark End 0.019ms
[47.879s][info][gc,phases   ] GC(94) Concurrent Mark Free 0.001ms
[47.879s][info][gc,phases   ] GC(94) Concurrent Process Non-Strong References 0.831ms
[47.880s][info][gc,phases   ] GC(94) Concurrent Reset Relocation Set 0.005ms
[47.884s][info][gc,phases   ] GC(94) Concurrent Select Relocation Set 4.383ms
[47.884s][info][gc,phases   ] GC(94) Pause Relocate Start 0.006ms
[47.885s][info][gc,phases   ] GC(94) Concurrent Relocate 1.040ms
[47.885s][info][gc,load     ] GC(94) Load: 0.00/0.00/0.00
[47.885s][info][gc,mmu      ] GC(94) MMU: 2ms/98.4%, 5ms/99.3%, 10ms/99.6%, 20ms/99.7%, 50ms/99.8%, 100ms/99.9%
[47.885s][info][gc,marking  ] GC(94) Mark: 4 stripe(s), 2 proactive flush(es), 1 terminate flush(es), 0 completion(s), 0 continuation(s) 
[47.885s][info][gc,marking  ] GC(94) Mark Stack Usage: 32M
[47.885s][info][gc,nmethod  ] GC(94) NMethods: 1382 registered, 190 unregistered
[47.885s][info][gc,metaspace] GC(94) Metaspace: 8M used, 8M committed, 1088M reserved
[47.885s][info][gc,ref      ] GC(94) Soft: 174 encountered, 0 discovered, 0 enqueued
[47.885s][info][gc,ref      ] GC(94) Weak: 570 encountered, 138 discovered, 0 enqueued
[47.885s][info][gc,ref      ] GC(94) Final: 0 encountered, 0 discovered, 0 enqueued
[47.885s][info][gc,ref      ] GC(94) Phantom: 21 encountered, 19 discovered, 0 enqueued
[47.885s][info][gc,reloc    ] GC(94) Small Pages: 117 / 234M, Empty: 188M, Relocated: 1M, In-Place: 0
[47.885s][info][gc,reloc    ] GC(94) Medium Pages: 2 / 64M, Empty: 32M, Relocated: 0M, In-Place: 0
[47.886s][info][gc,reloc    ] GC(94) Large Pages: 0 / 0M, Empty: 0M, Relocated: 0M, In-Place: 0
[47.886s][info][gc,reloc    ] GC(94) Forwarding Usage: 0M
[47.886s][info][gc,heap     ] GC(94) Min Capacity: 8M(0%)
[47.886s][info][gc,heap     ] GC(94) Max Capacity: 2048M(100%)
[47.886s][info][gc,heap     ] GC(94) Soft Max Capacity: 2048M(100%)
[47.886s][info][gc,heap     ] GC(94)                Mark Start          Mark End        Relocate Start      Relocate End           High               Low         
[47.886s][info][gc,heap     ] GC(94)  Capacity:     2048M (100%)       2048M (100%)       2048M (100%)       2048M (100%)       2048M (100%)       2048M (100%)   
[47.886s][info][gc,heap     ] GC(94)      Free:     1750M (85%)        1746M (85%)        1966M (96%)        1968M (96%)        1968M (96%)        1746M (85%)    
[47.886s][info][gc,heap     ] GC(94)      Used:      298M (15%)         302M (15%)          82M (4%)           80M (4%)          302M (15%)          80M (4%)     
[47.886s][info][gc,heap     ] GC(94)      Live:         -                30M (2%)           30M (2%)           30M (2%)             -                  -          
[47.886s][info][gc,heap     ] GC(94) Allocated:         -                 4M (0%)            4M (0%)            4M (0%)             -                  -          
[47.886s][info][gc,heap     ] GC(94)   Garbage:         -               267M (13%)          47M (2%)           45M (2%)             -                  -          
[47.886s][info][gc,heap     ] GC(94) Reclaimed:         -                  -               220M (11%)         222M (11%)            -                  -          
[47.886s][info][gc          ] GC(94) Garbage Collection (Allocation Rate) 298M(15%)->80M(4%)
[47.886s][info][gc,start    ] GC(95) Garbage Collection (System.gc())
[47.886s][info][gc,task     ] GC(95) Using 12 workers
[47.886s][info][gc,phases   ] GC(95) Pause Mark Start 0.009ms
[47.894s][info][gc,phases   ] GC(95) Concurrent Mark 7.876ms
[47.894s][info][gc,phases   ] GC(95) Pause Mark End 0.013ms
[47.894s][info][gc,phases   ] GC(95) Concurrent Mark Free 0.001ms
[47.895s][info][gc,phases   ] GC(95) Concurrent Process Non-Strong References 0.520ms
[47.895s][info][gc,phases   ] GC(95) Concurrent Reset Relocation Set 0.001ms
[47.899s][info][gc,phases   ] GC(95) Concurrent Select Relocation Set 3.687ms
[47.899s][info][gc,phases   ] GC(95) Pause Relocate Start 0.004ms
[47.901s][info][gc,phases   ] GC(95) Concurrent Relocate 1.902ms
[47.901s][info][gc,load     ] GC(95) Load: 0.00/0.00/0.00
[47.901s][info][gc,mmu      ] GC(95) MMU: 2ms/98.4%, 5ms/99.3%, 10ms/99.6%, 20ms/99.7%, 50ms/99.8%, 100ms/99.9%
[47.901s][info][gc,marking  ] GC(95) Mark: 8 stripe(s), 2 proactive flush(es), 1 terminate flush(es), 0 completion(s), 0 continuation(s) 
[47.901s][info][gc,marking  ] GC(95) Mark Stack Usage: 32M
[47.901s][info][gc,nmethod  ] GC(95) NMethods: 1381 registered, 191 unregistered
[47.901s][info][gc,metaspace] GC(95) Metaspace: 8M used, 8M committed, 1088M reserved
[47.901s][info][gc,ref      ] GC(95) Soft: 174 encountered, 0 discovered, 0 enqueued
[47.901s][info][gc,ref      ] GC(95) Weak: 570 encountered, 4 discovered, 0 enqueued
[47.901s][info][gc,ref      ] GC(95) Final: 0 encountered, 0 discovered, 0 enqueued
[47.901s][info][gc,ref      ] GC(95) Phantom: 21 encountered, 18 discovered, 0 enqueued
[47.901s][info][gc,reloc    ] GC(95) Small Pages: 24 / 48M, Empty: 36M, Relocated: 0M, In-Place: 0
[47.901s][info][gc,reloc    ] GC(95) Medium Pages: 1 / 32M, Empty: 32M, Relocated: 0M, In-Place: 0
[47.901s][info][gc,reloc    ] GC(95) Large Pages: 0 / 0M, Empty: 0M, Relocated: 0M, In-Place: 0
[47.901s][info][gc,reloc    ] GC(95) Forwarding Usage: 0M
[47.901s][info][gc,heap     ] GC(95) Min Capacity: 8M(0%)
[47.901s][info][gc,heap     ] GC(95) Max Capacity: 2048M(100%)
[47.901s][info][gc,heap     ] GC(95) Soft Max Capacity: 2048M(100%)
[47.901s][info][gc,heap     ] GC(95)                Mark Start          Mark End        Relocate Start      Relocate End           High               Low         
[47.901s][info][gc,heap     ] GC(95)  Capacity:     2048M (100%)       2048M (100%)       2048M (100%)       2048M (100%)       2048M (100%)       2048M (100%)   
[47.901s][info][gc,heap     ] GC(95)      Free:     1968M (96%)        1968M (96%)        2036M (99%)        2036M (99%)        2036M (99%)        1968M (96%)    
[47.901s][info][gc,heap     ] GC(95)      Used:       80M (4%)           80M (4%)           12M (1%)           12M (1%)           80M (4%)           12M (1%)     
[47.901s][info][gc,heap     ] GC(95)      Live:         -                 4M (0%)            4M (0%)            4M (0%)             -                  -          
[47.901s][info][gc,heap     ] GC(95) Allocated:         -                 0M (0%)            0M (0%)            0M (0%)             -                  -          
[47.901s][info][gc,heap     ] GC(95)   Garbage:         -                75M (4%)            7M (0%)            7M (0%)             -                  -          
[47.901s][info][gc,heap     ] GC(95) Reclaimed:         -                  -                68M (3%)           68M (3%)             -                  -          
[47.901s][info][gc          ] GC(95) Garbage Collection (System.gc()) 80M(4%)->12M(1%)
[48.554s][info][gc,start    ] GC(96) Garbage Collection (Allocation Rate)
[48.554s][info][gc,task     ] GC(96) Using 2 workers
[48.554s][info][gc,phases   ] GC(96) Pause Mark Start 0.016ms
[48.585s][info][gc,phases   ] GC(96) Concurrent Mark 30.928ms
[48.585s][info][gc,phases   ] GC(96) Pause Mark End 0.016ms
[48.585s][info][gc,phases   ] GC(96) Concurrent Mark Free 0.001ms
[48.588s][info][gc,phases   ] GC(96) Concurrent Process Non-Strong References 2.555ms
[48.588s][info][gc,phases   ] GC(96) Concurrent Reset Relocation Set 0.002ms
[48.594s][info][gc,phases   ] GC(96) Concurrent Select Relocation Set 5.712ms
[48.594s][info][gc,phases   ] GC(96) Pause Relocate Start 0.006ms
[48.601s][info][gc,phases   ] GC(96) Concurrent Relocate 7.339ms
[48.601s][info][gc,load     ] GC(96) Load: 0.00/0.00/0.00
[48.601s][info][gc,mmu      ] GC(96) MMU: 2ms/98.4%, 5ms/99.3%, 10ms/99.6%, 20ms/99.7%, 50ms/99.8%, 100ms/99.9%
[48.601s][info][gc,marking  ] GC(96) Mark: 2 stripe(s), 2 proactive flush(es), 1 terminate flush(es), 0 completion(s), 0 continuation(s) 
[48.601s][info][gc,marking  ] GC(96) Mark Stack Usage: 32M
[48.601s][info][gc,nmethod  ] GC(96) NMethods: 1381 registered, 191 unregistered
[48.601s][info][gc,metaspace] GC(96) Metaspace: 8M used, 8M committed, 1088M reserved
[48.601s][info][gc,ref      ] GC(96) Soft: 174 encountered, 0 discovered, 0 enqueued
[48.601s][info][gc,ref      ] GC(96) Weak: 570 encountered, 9 discovered, 0 enqueued
[48.602s][info][gc,ref      ] GC(96) Final: 0 encountered, 0 discovered, 0 enqueued
[48.602s][info][gc,ref      ] GC(96) Phantom: 21 encountered, 18 discovered, 0 enqueued
[48.602s][info][gc,reloc    ] GC(96) Small Pages: 792 / 1584M, Empty: 1536M, Relocated: 4M, In-Place: 0
[48.602s][info][gc,reloc    ] GC(96) Medium Pages: 1 / 32M, Empty: 0M, Relocated: 0M, In-Place: 0
[48.602s][info][gc,reloc    ] GC(96) Large Pages: 0 / 0M, Empty: 0M, Relocated: 0M, In-Place: 0
[48.602s][info][gc,reloc    ] GC(96) Forwarding Usage: 2M
[48.602s][info][gc,heap     ] GC(96) Min Capacity: 8M(0%)
[48.602s][info][gc,heap     ] GC(96) Max Capacity: 2048M(100%)
[48.602s][info][gc,heap     ] GC(96) Soft Max Capacity: 2048M(100%)
[48.602s][info][gc,heap     ] GC(96)                Mark Start          Mark End        Relocate Start      Relocate End           High               Low         
[48.602s][info][gc,heap     ] GC(96)  Capacity:     2048M (100%)       2048M (100%)       2048M (100%)       2048M (100%)       2048M (100%)       2048M (100%)   
[48.602s][info][gc,heap     ] GC(96)      Free:      432M (21%)         352M (17%)        1864M (91%)        1882M (92%)        1892M (92%)         344M (17%)    
[48.602s][info][gc,heap     ] GC(96)      Used:     1616M (79%)        1696M (83%)         184M (9%)          166M (8%)         1704M (83%)         156M (8%)     
[48.602s][info][gc,heap     ] GC(96)      Live:         -                 8M (0%)            8M (0%)            8M (0%)             -                  -          
[48.602s][info][gc,heap     ] GC(96) Allocated:         -                80M (4%)          104M (5%)          121M (6%)             -                  -          
[48.602s][info][gc,heap     ] GC(96)   Garbage:         -              1607M (78%)          71M (3%)           35M (2%)             -                  -          
[48.602s][info][gc,heap     ] GC(96) Reclaimed:         -                  -              1536M (75%)        1571M (77%)            -                  -          
[48.602s][info][gc          ] GC(96) Garbage Collection (Allocation Rate) 1616M(79%)->166M(8%)
[48.752s][info][gc,start    ] GC(97) Garbage Collection (Allocation Rate)
[48.752s][info][gc,task     ] GC(97) Using 6 workers
[48.752s][info][gc,phases   ] GC(97) Pause Mark Start 0.016ms
[48.768s][info][gc,phases   ] GC(97) Concurrent Mark 15.293ms
[48.768s][info][gc,phases   ] GC(97) Pause Mark End 0.016ms
[48.768s][info][gc,phases   ] GC(97) Concurrent Mark Free 0.001ms
[48.769s][info][gc,phases   ] GC(97) Concurrent Process Non-Strong References 0.959ms
[48.769s][info][gc,phases   ] GC(97) Concurrent Reset Relocation Set 0.005ms
[48.773s][info][gc,phases   ] GC(97) Concurrent Select Relocation Set 3.679ms
[48.773s][info][gc,phases   ] GC(97) Pause Relocate Start 0.005ms
[48.776s][info][gc,phases   ] GC(97) Concurrent Relocate 3.430ms
[48.776s][info][gc,load     ] GC(97) Load: 0.00/0.00/0.00
[48.777s][info][gc,mmu      ] GC(97) MMU: 2ms/98.4%, 5ms/99.3%, 10ms/99.6%, 20ms/99.7%, 50ms/99.8%, 100ms/99.9%
[48.777s][info][gc,marking  ] GC(97) Mark: 4 stripe(s), 2 proactive flush(es), 1 terminate flush(es), 0 completion(s), 0 continuation(s) 
[48.777s][info][gc,marking  ] GC(97) Mark Stack Usage: 32M
[48.777s][info][gc,nmethod  ] GC(97) NMethods: 1381 registered, 191 unregistered
[48.777s][info][gc,metaspace] GC(97) Metaspace: 8M used, 8M committed, 1088M reserved
[48.777s][info][gc,ref      ] GC(97) Soft: 174 encountered, 0 discovered, 0 enqueued
[48.777s][info][gc,ref      ] GC(97) Weak: 570 encountered, 126 discovered, 0 enqueued
[48.777s][info][gc,ref      ] GC(97) Final: 0 encountered, 0 discovered, 0 enqueued
[48.777s][info][gc,ref      ] GC(97) Phantom: 21 encountered, 19 discovered, 0 enqueued
[48.777s][info][gc,reloc    ] GC(97) Small Pages: 214 / 428M, Empty: 398M, Relocated: 3M, In-Place: 0
[48.777s][info][gc,reloc    ] GC(97) Medium Pages: 2 / 64M, Empty: 32M, Relocated: 0M, In-Place: 0
[48.777s][info][gc,reloc    ] GC(97) Large Pages: 0 / 0M, Empty: 0M, Relocated: 0M, In-Place: 0
[48.777s][info][gc,reloc    ] GC(97) Forwarding Usage: 1M
[48.777s][info][gc,heap     ] GC(97) Min Capacity: 8M(0%)
[48.777s][info][gc,heap     ] GC(97) Max Capacity: 2048M(100%)
[48.777s][info][gc,heap     ] GC(97) Soft Max Capacity: 2048M(100%)
[48.777s][info][gc,heap     ] GC(97)                Mark Start          Mark End        Relocate Start      Relocate End           High               Low         
[48.777s][info][gc,heap     ] GC(97)  Capacity:     2048M (100%)       2048M (100%)       2048M (100%)       2048M (100%)       2048M (100%)       2048M (100%)   
[48.777s][info][gc,heap     ] GC(97)      Free:     1556M (76%)        1546M (75%)        1970M (96%)        1976M (96%)        1976M (96%)        1546M (75%)    
[48.777s][info][gc,heap     ] GC(97)      Used:      492M (24%)         502M (25%)          78M (4%)           72M (4%)          502M (25%)          72M (4%)     
[48.777s][info][gc,heap     ] GC(97)      Live:         -                10M (0%)           10M (0%)           10M (0%)             -                  -          
[48.777s][info][gc,heap     ] GC(97) Allocated:         -                10M (0%)           16M (1%)           19M (1%)             -                  -          
[48.777s][info][gc,heap     ] GC(97)   Garbage:         -               481M (24%)          51M (3%)           41M (2%)             -                  -          
[48.777s][info][gc,heap     ] GC(97) Reclaimed:         -                  -               430M (21%)         439M (21%)            -                  -          
[48.777s][info][gc          ] GC(97) Garbage Collection (Allocation Rate) 492M(24%)->72M(4%)
[49.349s][info][gc,start    ] GC(98) Garbage Collection (Allocation Rate)
[49.349s][info][gc,task     ] GC(98) Using 6 workers
[49.349s][info][gc,phases   ] GC(98) Pause Mark Start 0.016ms
[49.365s][info][gc,phases   ] GC(98) Concurrent Mark 15.220ms
[49.365s][info][gc,phases   ] GC(98) Pause Mark End 0.015ms
[49.365s][info][gc,phases   ] GC(98) Concurrent Mark Free 0.001ms
[49.366s][info][gc,phases   ] GC(98) Concurrent Process Non-Strong References 0.798ms
[49.366s][info][gc,phases   ] GC(98) Concurrent Reset Relocation Set 0.002ms
[49.372s][info][gc,phases   ] GC(98) Concurrent Select Relocation Set 6.570ms
[49.373s][info][gc,phases   ] GC(98) Pause Relocate Start 0.007ms
[49.377s][info][gc,phases   ] GC(98) Concurrent Relocate 4.761ms
[49.377s][info][gc,load     ] GC(98) Load: 0.00/0.00/0.00
[49.377s][info][gc,mmu      ] GC(98) MMU: 2ms/98.4%, 5ms/99.3%, 10ms/99.6%, 20ms/99.7%, 50ms/99.8%, 100ms/99.9%
[49.378s][info][gc,marking  ] GC(98) Mark: 4 stripe(s), 2 proactive flush(es), 1 terminate flush(es), 0 completion(s), 0 continuation(s) 
[49.378s][info][gc,marking  ] GC(98) Mark Stack Usage: 32M
[49.378s][info][gc,nmethod  ] GC(98) NMethods: 1381 registered, 191 unregistered
[49.378s][info][gc,metaspace] GC(98) Metaspace: 8M used, 8M committed, 1088M reserved
[49.378s][info][gc,ref      ] GC(98) Soft: 174 encountered, 0 discovered, 0 enqueued
[49.378s][info][gc,ref      ] GC(98) Weak: 570 encountered, 112 discovered, 0 enqueued
[49.378s][info][gc,ref      ] GC(98) Final: 0 encountered, 0 discovered, 0 enqueued
[49.378s][info][gc,ref      ] GC(98) Phantom: 21 encountered, 10 discovered, 0 enqueued
[49.378s][info][gc,reloc    ] GC(98) Small Pages: 699 / 1398M, Empty: 1350M, Relocated: 6M, In-Place: 0
[49.378s][info][gc,reloc    ] GC(98) Medium Pages: 2 / 64M, Empty: 0M, Relocated: 0M, In-Place: 0
[49.378s][info][gc,reloc    ] GC(98) Large Pages: 0 / 0M, Empty: 0M, Relocated: 0M, In-Place: 0
[49.378s][info][gc,reloc    ] GC(98) Forwarding Usage: 2M
[49.378s][info][gc,heap     ] GC(98) Min Capacity: 8M(0%)
[49.378s][info][gc,heap     ] GC(98) Max Capacity: 2048M(100%)
[49.378s][info][gc,heap     ] GC(98) Soft Max Capacity: 2048M(100%)
[49.378s][info][gc,heap     ] GC(98)                Mark Start          Mark End        Relocate Start      Relocate End           High               Low         
[49.378s][info][gc,heap     ] GC(98)  Capacity:     2048M (100%)       2048M (100%)       2048M (100%)       2048M (100%)       2048M (100%)       2048M (100%)   
[49.378s][info][gc,heap     ] GC(98)      Free:      586M (29%)         566M (28%)        1902M (93%)        1950M (95%)        1952M (95%)         564M (28%)    
[49.378s][info][gc,heap     ] GC(98)      Used:     1462M (71%)        1482M (72%)         146M (7%)           98M (5%)         1484M (72%)          96M (5%)     
[49.378s][info][gc,heap     ] GC(98)      Live:         -                13M (1%)           13M (1%)           13M (1%)             -                  -          
[49.378s][info][gc,heap     ] GC(98) Allocated:         -                20M (1%)           34M (2%)           45M (2%)             -                  -          
[49.378s][info][gc,heap     ] GC(98)   Garbage:         -              1448M (71%)          98M (5%)           38M (2%)             -                  -          
[49.378s][info][gc,heap     ] GC(98) Reclaimed:         -                  -              1350M (66%)        1409M (69%)            -                  -          
[49.378s][info][gc          ] GC(98) Garbage Collection (Allocation Rate) 1462M(71%)->98M(5%)
[49.843s][info][gc,start    ] GC(99) Garbage Collection (Allocation Rate)
[49.843s][info][gc,task     ] GC(99) Using 1 workers
[49.843s][info][gc,phases   ] GC(99) Pause Mark Start 0.017ms
[49.896s][info][gc,phases   ] GC(99) Concurrent Mark 53.002ms
[49.896s][info][gc,phases   ] GC(99) Pause Mark End 0.017ms
[49.897s][info][gc,phases   ] GC(99) Concurrent Mark Free 0.001ms
[49.901s][info][gc,phases   ] GC(99) Concurrent Process Non-Strong References 4.879ms
[49.902s][info][gc,phases   ] GC(99) Concurrent Reset Relocation Set 0.006ms
[49.906s][info][gc,phases   ] GC(99) Concurrent Select Relocation Set 4.101ms
[49.906s][info][gc,phases   ] GC(99) Pause Relocate Start 0.006ms
[49.919s][info][gc,phases   ] GC(99) Concurrent Relocate 13.106ms
[49.919s][info][gc,load     ] GC(99) Load: 0.00/0.00/0.00
[49.919s][info][gc,mmu      ] GC(99) MMU: 2ms/98.4%, 5ms/99.3%, 10ms/99.6%, 20ms/99.7%, 50ms/99.8%, 100ms/99.9%
[49.919s][info][gc,marking  ] GC(99) Mark: 1 stripe(s), 2 proactive flush(es), 1 terminate flush(es), 0 completion(s), 0 continuation(s) 
[49.919s][info][gc,marking  ] GC(99) Mark Stack Usage: 32M
[49.919s][info][gc,nmethod  ] GC(99) NMethods: 1381 registered, 191 unregistered
[49.919s][info][gc,metaspace] GC(99) Metaspace: 8M used, 8M committed, 1088M reserved
[49.919s][info][gc,ref      ] GC(99) Soft: 174 encountered, 0 discovered, 0 enqueued
[49.919s][info][gc,ref      ] GC(99) Weak: 570 encountered, 382 discovered, 0 enqueued
[49.919s][info][gc,ref      ] GC(99) Final: 0 encountered, 0 discovered, 0 enqueued
[49.919s][info][gc,ref      ] GC(99) Phantom: 21 encountered, 10 discovered, 0 enqueued
[49.919s][info][gc,reloc    ] GC(99) Small Pages: 606 / 1212M, Empty: 1158M, Relocated: 5M, In-Place: 0
[49.919s][info][gc,reloc    ] GC(99) Medium Pages: 2 / 64M, Empty: 0M, Relocated: 1M, In-Place: 0
[49.919s][info][gc,reloc    ] GC(99) Large Pages: 0 / 0M, Empty: 0M, Relocated: 0M, In-Place: 0
[49.919s][info][gc,reloc    ] GC(99) Forwarding Usage: 2M
[49.919s][info][gc,heap     ] GC(99) Min Capacity: 8M(0%)
[49.919s][info][gc,heap     ] GC(99) Max Capacity: 2048M(100%)
[49.919s][info][gc,heap     ] GC(99) Soft Max Capacity: 2048M(100%)
[49.919s][info][gc,heap     ] GC(99)                Mark Start          Mark End        Relocate Start      Relocate End           High               Low         
[49.920s][info][gc,heap     ] GC(99)  Capacity:     2048M (100%)       2048M (100%)       2048M (100%)       2048M (100%)       2048M (100%)       2048M (100%)   
[49.920s][info][gc,heap     ] GC(99)      Free:      772M (38%)         652M (32%)        1788M (87%)        1818M (89%)        1838M (90%)         638M (31%)    
[49.920s][info][gc,heap     ] GC(99)      Used:     1276M (62%)        1396M (68%)         260M (13%)         230M (11%)        1410M (69%)         210M (10%)    
[49.920s][info][gc,heap     ] GC(99)      Live:         -                17M (1%)           17M (1%)           17M (1%)             -                  -          
[49.920s][info][gc,heap     ] GC(99) Allocated:         -               120M (6%)          142M (7%)          177M (9%)             -                  -          
[49.920s][info][gc,heap     ] GC(99)   Garbage:         -              1258M (61%)         100M (5%)           34M (2%)             -                  -          
[49.920s][info][gc,heap     ] GC(99) Reclaimed:         -                  -              1158M (57%)        1223M (60%)            -                  -          
[49.920s][info][gc          ] GC(99) Garbage Collection (Allocation Rate) 1276M(62%)->230M(11%)
[50.155s][info][gc,stats    ] === Garbage Collection Statistics =======================================================================================================================
[50.155s][info][gc,stats    ]                                                              Last 10s              Last 10m              Last 10h                Total
[50.156s][info][gc,stats    ]                                                              Avg / Max             Avg / Max             Avg / Max             Avg / Max
[50.156s][info][gc,stats    ]   Collector: Garbage Collection Cycle                     55.905 / 121.542      58.030 / 135.544      58.030 / 135.544      58.030 / 135.544     ms
[50.156s][info][gc,stats    ]  Contention: Mark Segment Reset Contention                     2 / 4                 2 / 17                2 / 17                2 / 17          ops/s
[50.156s][info][gc,stats    ]  Contention: Mark SeqNum Reset Contention                      0 / 1                 0 / 1                 0 / 1                 0 / 1           ops/s
[50.156s][info][gc,stats    ]    Critical: Allocation Stall                                  0 / 0                 0 / 0                 0 / 0                 0 / 0           ops/s
[50.156s][info][gc,stats    ]    Critical: Allocation Stall                              0.000 / 0.000         0.000 / 0.000         0.000 / 0.000         0.000 / 0.000       ms
[50.156s][info][gc,stats    ]    Critical: GC Locker Stall                                   0 / 0                 0 / 0                 0 / 0                 0 / 0           ops/s
[50.156s][info][gc,stats    ]    Critical: GC Locker Stall                               0.000 / 0.000         0.000 / 0.000         0.000 / 0.000         0.000 / 0.000       ms
[50.156s][info][gc,stats    ]    Critical: Relocation Stall                                  0 / 0                 0 / 0                 0 / 0                 0 / 0           ops/s
[50.156s][info][gc,stats    ]    Critical: Relocation Stall                              0.000 / 0.000         0.000 / 0.000         0.000 / 0.000         0.000 / 0.000       ms
[50.156s][info][gc,stats    ]      Memory: Allocation Rate                                2197 / 2490           2078 / 2500           2078 / 2500           2078 / 2500        MB/s
[50.156s][info][gc,stats    ]      Memory: Defragment                                        0 / 0                 0 / 0                 0 / 0                 0 / 0           ops/s
[50.156s][info][gc,stats    ]      Memory: Out Of Memory                                     0 / 0                 0 / 0                 0 / 0                 0 / 0           ops/s
[50.156s][info][gc,stats    ]      Memory: Page Cache Flush                                  0 / 0                 0 / 0                 0 / 0                 0 / 0           MB/s
[50.156s][info][gc,stats    ]      Memory: Page Cache Hit L1                              1079 / 1232           1004 / 1245           1004 / 1245           1004 / 1245        ops/s
[50.156s][info][gc,stats    ]      Memory: Page Cache Hit L2                                 0 / 0                 0 / 0                 0 / 0                 0 / 0           ops/s
[50.156s][info][gc,stats    ]      Memory: Page Cache Hit L3                                 0 / 0                17 / 355              17 / 355              17 / 355         ops/s
[50.156s][info][gc,stats    ]      Memory: Page Cache Miss                                   0 / 0                 0 / 1                 0 / 1                 0 / 1           ops/s
[50.156s][info][gc,stats    ]      Memory: Uncommit                                          0 / 0                 0 / 0                 0 / 0                 0 / 0           MB/s
[50.156s][info][gc,stats    ]      Memory: Undo Object Allocation Failed                     0 / 0                 0 / 0                 0 / 0                 0 / 0           ops/s
[50.156s][info][gc,stats    ]      Memory: Undo Object Allocation Succeeded                  0 / 1                 0 / 3                 0 / 3                 0 / 3           ops/s
[50.156s][info][gc,stats    ]      Memory: Undo Page Allocation                              0 / 0                 0 / 0                 0 / 0                 0 / 0           ops/s
[50.156s][info][gc,stats    ]       Phase: Concurrent Mark                              39.151 / 88.767       41.302 / 114.416      41.302 / 114.416      41.302 / 114.416     ms
[50.156s][info][gc,stats    ]       Phase: Concurrent Mark Continue                      0.000 / 0.000         0.000 / 0.000         0.000 / 0.000         0.000 / 0.000       ms
[50.156s][info][gc,stats    ]       Phase: Concurrent Mark Free                          0.001 / 0.001         0.001 / 0.002         0.001 / 0.002         0.001 / 0.002       ms
[50.156s][info][gc,stats    ]       Phase: Concurrent Process Non-Strong References      2.555 / 4.891         2.529 / 4.963         2.529 / 4.963         2.529 / 4.963       ms
[50.156s][info][gc,stats    ]       Phase: Concurrent Relocate                           7.649 / 22.049        7.725 / 30.805        7.725 / 30.805        7.725 / 30.805      ms
[50.156s][info][gc,stats    ]       Phase: Concurrent Reset Relocation Set               0.003 / 0.006         0.003 / 0.006         0.003 / 0.006         0.003 / 0.006       ms
[50.157s][info][gc,stats    ]       Phase: Concurrent Select Relocation Set              5.612 / 9.439         5.407 / 14.777        5.407 / 14.777        5.407 / 14.777      ms
[50.157s][info][gc,stats    ]       Phase: Pause Mark End                                0.018 / 0.023         0.018 / 0.033         0.018 / 0.033         0.018 / 0.033       ms
[50.157s][info][gc,stats    ]       Phase: Pause Mark Start                              0.016 / 0.018         0.016 / 0.021         0.016 / 0.021         0.016 / 0.021       ms
[50.157s][info][gc,stats    ]       Phase: Pause Relocate Start                          0.006 / 0.009         0.006 / 0.010         0.006 / 0.010         0.006 / 0.010       ms
[50.157s][info][gc,stats    ]    Subphase: Concurrent Classes Purge                      0.005 / 0.013         0.016 / 0.387         0.016 / 0.387         0.016 / 0.387       ms
[50.157s][info][gc,stats    ]    Subphase: Concurrent Classes Unlink                     2.060 / 3.983         2.008 / 3.983         2.008 / 3.983         2.008 / 3.983       ms
[50.157s][info][gc,stats    ]    Subphase: Concurrent Mark                              21.499 / 87.305       19.165 / 113.770      19.165 / 113.770      19.165 / 113.770     ms
[50.157s][info][gc,stats    ]    Subphase: Concurrent Mark Try Flush                     0.030 / 0.065         0.032 / 0.089         0.032 / 0.089         0.032 / 0.089       ms
[50.157s][info][gc,stats    ]    Subphase: Concurrent Mark Try Terminate                 4.222 / 14.419        2.343 / 16.268        2.343 / 16.268        2.343 / 16.268      ms
[50.157s][info][gc,stats    ]    Subphase: Concurrent References Enqueue                 0.000 / 0.001         0.000 / 0.004         0.000 / 0.004         0.000 / 0.004       ms
[50.157s][info][gc,stats    ]    Subphase: Concurrent References Process                 0.051 / 0.095         0.055 / 0.105         0.055 / 0.105         0.055 / 0.105       ms
[50.157s][info][gc,stats    ]    Subphase: Concurrent Roots ClassLoaderDataGraph         0.114 / 0.315         0.100 / 0.612         0.100 / 0.612         0.100 / 0.612       ms
[50.157s][info][gc,stats    ]    Subphase: Concurrent Roots CodeCache                    0.000 / 0.000         0.000 / 0.000         0.000 / 0.000         0.000 / 0.000       ms
[50.157s][info][gc,stats    ]    Subphase: Concurrent Roots JavaThreads                  0.343 / 1.190         0.311 / 1.382         0.311 / 1.382         0.311 / 1.382       ms
[50.157s][info][gc,stats    ]    Subphase: Concurrent Roots OopStorageSet                0.017 / 0.059         0.018 / 0.217         0.018 / 0.217         0.018 / 0.217       ms
[50.157s][info][gc,stats    ]    Subphase: Concurrent Weak Roots OopStorageSet           0.177 / 0.802         0.163 / 1.059         0.163 / 1.059         0.163 / 1.059       ms
[50.157s][info][gc,stats    ]    Subphase: Pause Mark Try Complete                       0.000 / 0.000         0.000 / 0.000         0.000 / 0.000         0.000 / 0.000       ms
[50.157s][info][gc,stats    ]      System: Java Threads                                     11 / 11               13 / 24               13 / 24               13 / 24          threads
[50.157s][info][gc,stats    ] =========================================================================================================================================================
[50.448s][info][gc,start    ] GC(100) Garbage Collection (Allocation Rate)
[50.448s][info][gc,task     ] GC(100) Using 1 workers
[50.448s][info][gc,phases   ] GC(100) Pause Mark Start 0.017ms
[50.512s][info][gc,phases   ] GC(100) Concurrent Mark 63.737ms
[50.512s][info][gc,phases   ] GC(100) Pause Mark End 0.019ms
[50.512s][info][gc,phases   ] GC(100) Concurrent Mark Free 0.001ms
[50.517s][info][gc,phases   ] GC(100) Concurrent Process Non-Strong References 4.885ms
[50.517s][info][gc,phases   ] GC(100) Concurrent Reset Relocation Set 0.003ms
[50.520s][info][gc,phases   ] GC(100) Concurrent Select Relocation Set 2.753ms
[50.520s][info][gc,phases   ] GC(100) Pause Relocate Start 0.006ms
[50.528s][info][gc,phases   ] GC(100) Concurrent Relocate 8.412ms
[50.528s][info][gc,load     ] GC(100) Load: 0.00/0.00/0.00
[50.528s][info][gc,mmu      ] GC(100) MMU: 2ms/98.4%, 5ms/99.3%, 10ms/99.6%, 20ms/99.7%, 50ms/99.8%, 100ms/99.9%
[50.528s][info][gc,marking  ] GC(100) Mark: 1 stripe(s), 2 proactive flush(es), 1 terminate flush(es), 0 completion(s), 0 continuation(s) 
[50.528s][info][gc,marking  ] GC(100) Mark Stack Usage: 32M
[50.528s][info][gc,nmethod  ] GC(100) NMethods: 1381 registered, 191 unregistered
[50.528s][info][gc,metaspace] GC(100) Metaspace: 8M used, 8M committed, 1088M reserved
[50.528s][info][gc,ref      ] GC(100) Soft: 174 encountered, 0 discovered, 0 enqueued
[50.528s][info][gc,ref      ] GC(100) Weak: 570 encountered, 382 discovered, 0 enqueued
[50.528s][info][gc,ref      ] GC(100) Final: 0 encountered, 0 discovered, 0 enqueued
[50.528s][info][gc,ref      ] GC(100) Phantom: 21 encountered, 10 discovered, 0 enqueued
[50.528s][info][gc,reloc    ] GC(100) Small Pages: 699 / 1398M, Empty: 1354M, Relocated: 3M, In-Place: 0
[50.528s][info][gc,reloc    ] GC(100) Medium Pages: 2 / 64M, Empty: 0M, Relocated: 1M, In-Place: 0
[50.529s][info][gc,reloc    ] GC(100) Large Pages: 0 / 0M, Empty: 0M, Relocated: 0M, In-Place: 0
[50.529s][info][gc,reloc    ] GC(100) Forwarding Usage: 1M
[50.529s][info][gc,heap     ] GC(100) Min Capacity: 8M(0%)
[50.529s][info][gc,heap     ] GC(100) Max Capacity: 2048M(100%)
[50.529s][info][gc,heap     ] GC(100) Soft Max Capacity: 2048M(100%)
[50.529s][info][gc,heap     ] GC(100)                Mark Start          Mark End        Relocate Start      Relocate End           High               Low         
[50.529s][info][gc,heap     ] GC(100)  Capacity:     2048M (100%)       2048M (100%)       2048M (100%)       2048M (100%)       2048M (100%)       2048M (100%)   
[50.529s][info][gc,heap     ] GC(100)      Free:      586M (29%)         454M (22%)        1788M (87%)        1816M (89%)        1828M (89%)         442M (22%)    
[50.529s][info][gc,heap     ] GC(100)      Used:     1462M (71%)        1594M (78%)         260M (13%)         232M (11%)        1606M (78%)         220M (11%)    
[50.529s][info][gc,heap     ] GC(100)      Live:         -                21M (1%)           21M (1%)           21M (1%)             -                  -          
[50.529s][info][gc,heap     ] GC(100) Allocated:         -               132M (6%)          152M (7%)          173M (8%)             -                  -          
[50.529s][info][gc,heap     ] GC(100)   Garbage:         -              1440M (70%)          86M (4%)           36M (2%)             -                  -          
[50.529s][info][gc,heap     ] GC(100) Reclaimed:         -                  -              1354M (66%)        1403M (69%)            -                  -          
[50.529s][info][gc          ] GC(100) Garbage Collection (Allocation Rate) 1462M(71%)->232M(11%)
[51.044s][info][gc,start    ] GC(101) Garbage Collection (Allocation Rate)
[51.044s][info][gc,task     ] GC(101) Using 1 workers
[51.044s][info][gc,phases   ] GC(101) Pause Mark Start 0.018ms
[51.119s][info][gc,phases   ] GC(101) Concurrent Mark 75.259ms
[51.120s][info][gc,phases   ] GC(101) Pause Mark End 0.020ms
[51.120s][info][gc,phases   ] GC(101) Concurrent Mark Free 0.001ms
[51.124s][info][gc,phases   ] GC(101) Concurrent Process Non-Strong References 4.867ms
[51.125s][info][gc,phases   ] GC(101) Concurrent Reset Relocation Set 0.004ms
[51.133s][info][gc,phases   ] GC(101) Concurrent Select Relocation Set 8.070ms
[51.133s][info][gc,phases   ] GC(101) Pause Relocate Start 0.008ms
[51.152s][info][gc,phases   ] GC(101) Concurrent Relocate 18.881ms
[51.152s][info][gc,load     ] GC(101) Load: 0.00/0.00/0.00
[51.152s][info][gc,mmu      ] GC(101) MMU: 2ms/98.4%, 5ms/99.3%, 10ms/99.6%, 20ms/99.7%, 50ms/99.8%, 100ms/99.9%
[51.152s][info][gc,marking  ] GC(101) Mark: 1 stripe(s), 2 proactive flush(es), 1 terminate flush(es), 0 completion(s), 0 continuation(s) 
[51.152s][info][gc,marking  ] GC(101) Mark Stack Usage: 32M
[51.152s][info][gc,nmethod  ] GC(101) NMethods: 1381 registered, 191 unregistered
[51.152s][info][gc,metaspace] GC(101) Metaspace: 8M used, 8M committed, 1088M reserved
[51.152s][info][gc,ref      ] GC(101) Soft: 174 encountered, 0 discovered, 0 enqueued
[51.152s][info][gc,ref      ] GC(101) Weak: 570 encountered, 155 discovered, 0 enqueued
[51.152s][info][gc,ref      ] GC(101) Final: 0 encountered, 0 discovered, 0 enqueued
[51.152s][info][gc,ref      ] GC(101) Phantom: 21 encountered, 14 discovered, 0 enqueued
[51.152s][info][gc,reloc    ] GC(101) Small Pages: 743 / 1486M, Empty: 1440M, Relocated: 6M, In-Place: 0
[51.152s][info][gc,reloc    ] GC(101) Medium Pages: 2 / 64M, Empty: 0M, Relocated: 2M, In-Place: 0
[51.152s][info][gc,reloc    ] GC(101) Large Pages: 0 / 0M, Empty: 0M, Relocated: 0M, In-Place: 0
[51.152s][info][gc,reloc    ] GC(101) Forwarding Usage: 3M
[51.152s][info][gc,heap     ] GC(101) Min Capacity: 8M(0%)
[51.152s][info][gc,heap     ] GC(101) Max Capacity: 2048M(100%)
[51.152s][info][gc,heap     ] GC(101) Soft Max Capacity: 2048M(100%)
[51.152s][info][gc,heap     ] GC(101)                Mark Start          Mark End        Relocate Start      Relocate End           High               Low         
[51.152s][info][gc,heap     ] GC(101)  Capacity:     2048M (100%)       2048M (100%)       2048M (100%)       2048M (100%)       2048M (100%)       2048M (100%)   
[51.152s][info][gc,heap     ] GC(101)      Free:      498M (24%)         290M (14%)        1694M (83%)        1692M (83%)        1730M (84%)         276M (13%)    
[51.152s][info][gc,heap     ] GC(101)      Used:     1550M (76%)        1758M (86%)         354M (17%)         356M (17%)        1772M (87%)         318M (16%)    
[51.152s][info][gc,heap     ] GC(101)      Live:         -                25M (1%)           25M (1%)           25M (1%)             -                  -          
[51.152s][info][gc,heap     ] GC(101) Allocated:         -               208M (10%)         244M (12%)         293M (14%)            -                  -          
[51.153s][info][gc,heap     ] GC(101)   Garbage:         -              1524M (74%)          84M (4%)           36M (2%)             -                  -          
[51.153s][info][gc,heap     ] GC(101) Reclaimed:         -                  -              1440M (70%)        1487M (73%)            -                  -          
[51.153s][info][gc          ] GC(101) Garbage Collection (Allocation Rate) 1550M(76%)->356M(17%)
[51.653s][info][gc,start    ] GC(102) Garbage Collection (Allocation Rate)
[51.653s][info][gc,task     ] GC(102) Using 1 workers
[51.653s][info][gc,phases   ] GC(102) Pause Mark Start 0.019ms
[51.779s][info][gc,phases   ] GC(102) Concurrent Mark 126.114ms
[51.780s][info][gc,phases   ] GC(102) Pause Mark End 0.015ms
[51.780s][info][gc,phases   ] GC(102) Concurrent Mark Free 0.001ms
[51.785s][info][gc,phases   ] GC(102) Concurrent Process Non-Strong References 4.915ms
[51.785s][info][gc,phases   ] GC(102) Concurrent Reset Relocation Set 0.003ms
[51.789s][info][gc,phases   ] GC(102) Concurrent Select Relocation Set 4.279ms
[51.789s][info][gc,phases   ] GC(102) Pause Relocate Start 0.003ms
[51.795s][info][gc,phases   ] GC(102) Concurrent Relocate 5.682ms
[51.795s][info][gc,load     ] GC(102) Load: 0.00/0.00/0.00
[51.795s][info][gc,mmu      ] GC(102) MMU: 2ms/98.4%, 5ms/99.3%, 10ms/99.6%, 20ms/99.7%, 50ms/99.8%, 100ms/99.9%
[51.795s][info][gc,marking  ] GC(102) Mark: 1 stripe(s), 2 proactive flush(es), 1 terminate flush(es), 0 completion(s), 0 continuation(s) 
[51.795s][info][gc,marking  ] GC(102) Mark Stack Usage: 32M
[51.795s][info][gc,nmethod  ] GC(102) NMethods: 1381 registered, 191 unregistered
[51.795s][info][gc,metaspace] GC(102) Metaspace: 8M used, 8M committed, 1088M reserved
[51.795s][info][gc,ref      ] GC(102) Soft: 174 encountered, 0 discovered, 0 enqueued
[51.795s][info][gc,ref      ] GC(102) Weak: 570 encountered, 424 discovered, 0 enqueued
[51.795s][info][gc,ref      ] GC(102) Final: 0 encountered, 0 discovered, 0 enqueued
[51.795s][info][gc,ref      ] GC(102) Phantom: 21 encountered, 15 discovered, 0 enqueued
[51.795s][info][gc,reloc    ] GC(102) Small Pages: 626 / 1252M, Empty: 1198M, Relocated: 1M, In-Place: 0
[51.795s][info][gc,reloc    ] GC(102) Medium Pages: 2 / 64M, Empty: 0M, Relocated: 4M, In-Place: 0
[51.795s][info][gc,reloc    ] GC(102) Large Pages: 0 / 0M, Empty: 0M, Relocated: 0M, In-Place: 0
[51.795s][info][gc,reloc    ] GC(102) Forwarding Usage: 0M
[51.795s][info][gc,heap     ] GC(102) Min Capacity: 8M(0%)
[51.795s][info][gc,heap     ] GC(102) Max Capacity: 2048M(100%)
[51.795s][info][gc,heap     ] GC(102) Soft Max Capacity: 2048M(100%)
[51.795s][info][gc,heap     ] GC(102)                Mark Start          Mark End        Relocate Start      Relocate End           High               Low         
[51.796s][info][gc,heap     ] GC(102)  Capacity:     2048M (100%)       2048M (100%)       2048M (100%)       2048M (100%)       2048M (100%)       2048M (100%)   
[51.796s][info][gc,heap     ] GC(102)      Free:      732M (36%)         670M (33%)        1868M (91%)        1904M (93%)        1904M (93%)         670M (33%)    
[51.796s][info][gc,heap     ] GC(102)      Used:     1316M (64%)        1378M (67%)         180M (9%)          144M (7%)         1378M (67%)         144M (7%)     
[51.796s][info][gc,heap     ] GC(102)      Live:         -                45M (2%)           45M (2%)           45M (2%)             -                  -          
[51.796s][info][gc,heap     ] GC(102) Allocated:         -                62M (3%)           62M (3%)           61M (3%)             -                  -          
[51.796s][info][gc,heap     ] GC(102)   Garbage:         -              1270M (62%)          72M (4%)           36M (2%)             -                  -          
[51.796s][info][gc,heap     ] GC(102) Reclaimed:         -                  -              1198M (58%)        1233M (60%)            -                  -          
[51.796s][info][gc          ] GC(102) Garbage Collection (Allocation Rate) 1316M(64%)->144M(7%)
[52.044s][info][gc,start    ] GC(103) Garbage Collection (Allocation Rate)
[52.044s][info][gc,task     ] GC(103) Using 6 workers
[52.044s][info][gc,phases   ] GC(103) Pause Mark Start 0.017ms
[52.075s][info][gc,phases   ] GC(103) Concurrent Mark 30.840ms
[52.075s][info][gc,phases   ] GC(103) Pause Mark End 0.011ms
[52.075s][info][gc,phases   ] GC(103) Concurrent Mark Free 0.001ms
[52.076s][info][gc,phases   ] GC(103) Concurrent Process Non-Strong References 0.759ms
[52.076s][info][gc,phases   ] GC(103) Concurrent Reset Relocation Set 0.002ms
[52.081s][info][gc,phases   ] GC(103) Concurrent Select Relocation Set 4.763ms
[52.081s][info][gc,phases   ] GC(103) Pause Relocate Start 0.007ms
[52.083s][info][gc,phases   ] GC(103) Concurrent Relocate 1.866ms
[52.083s][info][gc,load     ] GC(103) Load: 0.00/0.00/0.00
[52.083s][info][gc,mmu      ] GC(103) MMU: 2ms/98.4%, 5ms/99.3%, 10ms/99.6%, 20ms/99.7%, 50ms/99.8%, 100ms/99.9%
[52.083s][info][gc,marking  ] GC(103) Mark: 4 stripe(s), 2 proactive flush(es), 1 terminate flush(es), 0 completion(s), 0 continuation(s) 
[52.083s][info][gc,marking  ] GC(103) Mark Stack Usage: 32M
[52.083s][info][gc,nmethod  ] GC(103) NMethods: 1381 registered, 191 unregistered
[52.083s][info][gc,metaspace] GC(103) Metaspace: 8M used, 8M committed, 1088M reserved
[52.083s][info][gc,ref      ] GC(103) Soft: 174 encountered, 0 discovered, 0 enqueued
[52.083s][info][gc,ref      ] GC(103) Weak: 570 encountered, 126 discovered, 0 enqueued
[52.083s][info][gc,ref      ] GC(103) Final: 0 encountered, 0 discovered, 0 enqueued
[52.083s][info][gc,ref      ] GC(103) Phantom: 21 encountered, 17 discovered, 0 enqueued
[52.083s][info][gc,reloc    ] GC(103) Small Pages: 63 / 126M, Empty: 84M, Relocated: 1M, In-Place: 0
[52.083s][info][gc,reloc    ] GC(103) Medium Pages: 2 / 64M, Empty: 32M, Relocated: 0M, In-Place: 0
[52.083s][info][gc,reloc    ] GC(103) Large Pages: 0 / 0M, Empty: 0M, Relocated: 0M, In-Place: 0
[52.083s][info][gc,reloc    ] GC(103) Forwarding Usage: 0M
[52.083s][info][gc,heap     ] GC(103) Min Capacity: 8M(0%)
[52.083s][info][gc,heap     ] GC(103) Max Capacity: 2048M(100%)
[52.083s][info][gc,heap     ] GC(103) Soft Max Capacity: 2048M(100%)
[52.083s][info][gc,heap     ] GC(103)                Mark Start          Mark End        Relocate Start      Relocate End           High               Low         
[52.083s][info][gc,heap     ] GC(103)  Capacity:     2048M (100%)       2048M (100%)       2048M (100%)       2048M (100%)       2048M (100%)       2048M (100%)   
[52.083s][info][gc,heap     ] GC(103)      Free:     1858M (91%)        1850M (90%)        1966M (96%)        1966M (96%)        1966M (96%)        1850M (90%)    
[52.083s][info][gc,heap     ] GC(103)      Used:      190M (9%)          198M (10%)          82M (4%)           82M (4%)          198M (10%)          82M (4%)     
[52.083s][info][gc,heap     ] GC(103)      Live:         -                30M (2%)           30M (2%)           30M (2%)             -                  -          
[52.083s][info][gc,heap     ] GC(103) Allocated:         -                 8M (0%)            8M (0%)            8M (0%)             -                  -          
[52.083s][info][gc,heap     ] GC(103)   Garbage:         -               159M (8%)           43M (2%)           43M (2%)             -                  -          
[52.083s][info][gc,heap     ] GC(103) Reclaimed:         -                  -               116M (6%)          116M (6%)             -                  -          
[52.083s][info][gc          ] GC(103) Garbage Collection (Allocation Rate) 190M(9%)->82M(4%)
[52.083s][info][gc,start    ] GC(104) Garbage Collection (System.gc())
[52.083s][info][gc,task     ] GC(104) Using 12 workers
[52.084s][info][gc,phases   ] GC(104) Pause Mark Start 0.006ms
[52.090s][info][gc,phases   ] GC(104) Concurrent Mark 6.785ms
[52.090s][info][gc,phases   ] GC(104) Pause Mark End 0.011ms
[52.090s][info][gc,phases   ] GC(104) Concurrent Mark Free 0.001ms
[52.091s][info][gc,phases   ] GC(104) Concurrent Process Non-Strong References 0.532ms
[52.091s][info][gc,phases   ] GC(104) Concurrent Reset Relocation Set 0.001ms
[52.095s][info][gc,phases   ] GC(104) Concurrent Select Relocation Set 3.403ms
[52.095s][info][gc,phases   ] GC(104) Pause Relocate Start 0.004ms
[52.096s][info][gc,phases   ] GC(104) Concurrent Relocate 1.492ms
[52.096s][info][gc,load     ] GC(104) Load: 0.00/0.00/0.00
[52.096s][info][gc,mmu      ] GC(104) MMU: 2ms/98.4%, 5ms/99.3%, 10ms/99.6%, 20ms/99.7%, 50ms/99.8%, 100ms/99.9%
[52.096s][info][gc,marking  ] GC(104) Mark: 8 stripe(s), 1 proactive flush(es), 1 terminate flush(es), 0 completion(s), 0 continuation(s) 
[52.096s][info][gc,marking  ] GC(104) Mark Stack Usage: 32M
[52.096s][info][gc,nmethod  ] GC(104) NMethods: 1381 registered, 191 unregistered
[52.096s][info][gc,metaspace] GC(104) Metaspace: 8M used, 8M committed, 1088M reserved
[52.096s][info][gc,ref      ] GC(104) Soft: 174 encountered, 0 discovered, 0 enqueued
[52.096s][info][gc,ref      ] GC(104) Weak: 570 encountered, 8 discovered, 0 enqueued
[52.096s][info][gc,ref      ] GC(104) Final: 0 encountered, 0 discovered, 0 enqueued
[52.096s][info][gc,ref      ] GC(104) Phantom: 21 encountered, 16 discovered, 0 enqueued
[52.096s][info][gc,reloc    ] GC(104) Small Pages: 25 / 50M, Empty: 38M, Relocated: 0M, In-Place: 0
[52.097s][info][gc,reloc    ] GC(104) Medium Pages: 1 / 32M, Empty: 32M, Relocated: 0M, In-Place: 0
[52.097s][info][gc,reloc    ] GC(104) Large Pages: 0 / 0M, Empty: 0M, Relocated: 0M, In-Place: 0
[52.097s][info][gc,reloc    ] GC(104) Forwarding Usage: 0M
[52.097s][info][gc,heap     ] GC(104) Min Capacity: 8M(0%)
[52.097s][info][gc,heap     ] GC(104) Max Capacity: 2048M(100%)
[52.097s][info][gc,heap     ] GC(104) Soft Max Capacity: 2048M(100%)
[52.097s][info][gc,heap     ] GC(104)                Mark Start          Mark End        Relocate Start      Relocate End           High               Low         
[52.097s][info][gc,heap     ] GC(104)  Capacity:     2048M (100%)       2048M (100%)       2048M (100%)       2048M (100%)       2048M (100%)       2048M (100%)   
[52.097s][info][gc,heap     ] GC(104)      Free:     1966M (96%)        1966M (96%)        2036M (99%)        2036M (99%)        2036M (99%)        1966M (96%)    
[52.097s][info][gc,heap     ] GC(104)      Used:       82M (4%)           82M (4%)           12M (1%)           12M (1%)           82M (4%)           12M (1%)     
[52.097s][info][gc,heap     ] GC(104)      Live:         -                 4M (0%)            4M (0%)            4M (0%)             -                  -          
[52.097s][info][gc,heap     ] GC(104) Allocated:         -                 0M (0%)            0M (0%)            0M (0%)             -                  -          
[52.097s][info][gc,heap     ] GC(104)   Garbage:         -                77M (4%)            7M (0%)            7M (0%)             -                  -          
[52.097s][info][gc,heap     ] GC(104) Reclaimed:         -                  -                70M (3%)           70M (3%)             -                  -          
[52.097s][info][gc          ] GC(104) Garbage Collection (System.gc()) 82M(4%)->12M(1%)
[52.841s][info][gc,start    ] GC(105) Garbage Collection (Allocation Rate)
[52.841s][info][gc,task     ] GC(105) Using 12 workers
[52.841s][info][gc,phases   ] GC(105) Pause Mark Start 0.016ms
[52.849s][info][gc,phases   ] GC(105) Concurrent Mark 7.564ms
[52.849s][info][gc,phases   ] GC(105) Pause Mark End 0.020ms
[52.849s][info][gc,phases   ] GC(105) Concurrent Mark Free 0.001ms
[52.850s][info][gc,phases   ] GC(105) Concurrent Process Non-Strong References 0.589ms
[52.850s][info][gc,phases   ] GC(105) Concurrent Reset Relocation Set 0.001ms
[52.853s][info][gc,phases   ] GC(105) Concurrent Select Relocation Set 3.639ms
[52.854s][info][gc,phases   ] GC(105) Pause Relocate Start 0.007ms
[52.856s][info][gc,phases   ] GC(105) Concurrent Relocate 1.830ms
[52.856s][info][gc,load     ] GC(105) Load: 0.00/0.00/0.00
[52.856s][info][gc,mmu      ] GC(105) MMU: 2ms/98.4%, 5ms/99.3%, 10ms/99.6%, 20ms/99.7%, 50ms/99.8%, 100ms/99.9%
[52.856s][info][gc,marking  ] GC(105) Mark: 8 stripe(s), 2 proactive flush(es), 1 terminate flush(es), 0 completion(s), 0 continuation(s) 
[52.856s][info][gc,marking  ] GC(105) Mark Stack Usage: 32M
[52.856s][info][gc,nmethod  ] GC(105) NMethods: 1382 registered, 191 unregistered
[52.856s][info][gc,metaspace] GC(105) Metaspace: 8M used, 8M committed, 1088M reserved
[52.856s][info][gc,ref      ] GC(105) Soft: 174 encountered, 0 discovered, 0 enqueued
[52.856s][info][gc,ref      ] GC(105) Weak: 570 encountered, 107 discovered, 0 enqueued
[52.856s][info][gc,ref      ] GC(105) Final: 0 encountered, 0 discovered, 0 enqueued
[52.856s][info][gc,ref      ] GC(105) Phantom: 21 encountered, 10 discovered, 0 enqueued
[52.856s][info][gc,reloc    ] GC(105) Small Pages: 887 / 1774M, Empty: 1746M, Relocated: 1M, In-Place: 0
[52.856s][info][gc,reloc    ] GC(105) Medium Pages: 1 / 32M, Empty: 0M, Relocated: 0M, In-Place: 0
[52.856s][info][gc,reloc    ] GC(105) Large Pages: 0 / 0M, Empty: 0M, Relocated: 0M, In-Place: 0
[52.856s][info][gc,reloc    ] GC(105) Forwarding Usage: 0M
[52.856s][info][gc,heap     ] GC(105) Min Capacity: 8M(0%)
[52.856s][info][gc,heap     ] GC(105) Max Capacity: 2048M(100%)
[52.856s][info][gc,heap     ] GC(105) Soft Max Capacity: 2048M(100%)
[52.856s][info][gc,heap     ] GC(105)                Mark Start          Mark End        Relocate Start      Relocate End           High               Low         
[52.856s][info][gc,heap     ] GC(105)  Capacity:     2048M (100%)       2048M (100%)       2048M (100%)       2048M (100%)       2048M (100%)       2048M (100%)   
[52.856s][info][gc,heap     ] GC(105)      Free:      242M (12%)         238M (12%)        1982M (97%)        1980M (97%)        1982M (97%)         236M (12%)    
[52.856s][info][gc,heap     ] GC(105)      Used:     1806M (88%)        1810M (88%)          66M (3%)           68M (3%)         1812M (88%)          66M (3%)     
[52.856s][info][gc,heap     ] GC(105)      Live:         -                 9M (0%)            9M (0%)            9M (0%)             -                  -          
[52.856s][info][gc,heap     ] GC(105) Allocated:         -                 4M (0%)            6M (0%)            7M (0%)             -                  -          
[52.856s][info][gc,heap     ] GC(105)   Garbage:         -              1796M (88%)          50M (2%)           50M (2%)             -                  -          
[52.856s][info][gc,heap     ] GC(105) Reclaimed:         -                  -              1746M (85%)        1745M (85%)            -                  -          
[52.856s][info][gc          ] GC(105) Garbage Collection (Allocation Rate) 1806M(88%)->68M(3%)
[53.443s][info][gc,start    ] GC(106) Garbage Collection (Allocation Rate)
[53.443s][info][gc,task     ] GC(106) Using 12 workers
[53.443s][info][gc,phases   ] GC(106) Pause Mark Start 0.015ms
[53.458s][info][gc,phases   ] GC(106) Concurrent Mark 15.239ms
[53.458s][info][gc,phases   ] GC(106) Pause Mark End 0.018ms
[53.458s][info][gc,phases   ] GC(106) Concurrent Mark Free 0.001ms
[53.459s][info][gc,phases   ] GC(106) Concurrent Process Non-Strong References 0.551ms
[53.459s][info][gc,phases   ] GC(106) Concurrent Reset Relocation Set 0.002ms
[53.464s][info][gc,phases   ] GC(106) Concurrent Select Relocation Set 5.280ms
[53.464s][info][gc,phases   ] GC(106) Pause Relocate Start 0.006ms
[53.468s][info][gc,phases   ] GC(106) Concurrent Relocate 3.039ms
[53.468s][info][gc,load     ] GC(106) Load: 0.00/0.00/0.00
[53.468s][info][gc,mmu      ] GC(106) MMU: 2ms/98.4%, 5ms/99.3%, 10ms/99.6%, 20ms/99.7%, 50ms/99.8%, 100ms/99.9%
[53.468s][info][gc,marking  ] GC(106) Mark: 8 stripe(s), 2 proactive flush(es), 1 terminate flush(es), 0 completion(s), 0 continuation(s) 
[53.468s][info][gc,marking  ] GC(106) Mark Stack Usage: 32M
[53.468s][info][gc,nmethod  ] GC(106) NMethods: 1382 registered, 191 unregistered
[53.468s][info][gc,metaspace] GC(106) Metaspace: 8M used, 8M committed, 1088M reserved
[53.468s][info][gc,ref      ] GC(106) Soft: 174 encountered, 0 discovered, 0 enqueued
[53.468s][info][gc,ref      ] GC(106) Weak: 570 encountered, 5 discovered, 0 enqueued
[53.468s][info][gc,ref      ] GC(106) Final: 0 encountered, 0 discovered, 0 enqueued
[53.468s][info][gc,ref      ] GC(106) Phantom: 21 encountered, 9 discovered, 0 enqueued
[53.468s][info][gc,reloc    ] GC(106) Small Pages: 746 / 1492M, Empty: 1442M, Relocated: 5M, In-Place: 0
[53.468s][info][gc,reloc    ] GC(106) Medium Pages: 2 / 64M, Empty: 0M, Relocated: 0M, In-Place: 0
[53.468s][info][gc,reloc    ] GC(106) Large Pages: 0 / 0M, Empty: 0M, Relocated: 0M, In-Place: 0
[53.468s][info][gc,reloc    ] GC(106) Forwarding Usage: 2M
[53.468s][info][gc,heap     ] GC(106) Min Capacity: 8M(0%)
[53.468s][info][gc,heap     ] GC(106) Max Capacity: 2048M(100%)
[53.468s][info][gc,heap     ] GC(106) Soft Max Capacity: 2048M(100%)
[53.468s][info][gc,heap     ] GC(106)                Mark Start          Mark End        Relocate Start      Relocate End           High               Low         
[53.468s][info][gc,heap     ] GC(106)  Capacity:     2048M (100%)       2048M (100%)       2048M (100%)       2048M (100%)       2048M (100%)       2048M (100%)   
[53.468s][info][gc,heap     ] GC(106)      Free:      492M (24%)         476M (23%)        1912M (93%)        1954M (95%)        1954M (95%)         476M (23%)    
[53.468s][info][gc,heap     ] GC(106)      Used:     1556M (76%)        1572M (77%)         136M (7%)           94M (5%)         1572M (77%)          94M (5%)     
[53.468s][info][gc,heap     ] GC(106)      Live:         -                13M (1%)           13M (1%)           13M (1%)             -                  -          
[53.468s][info][gc,heap     ] GC(106) Allocated:         -                16M (1%)           22M (1%)           27M (1%)             -                  -          
[53.468s][info][gc,heap     ] GC(106)   Garbage:         -              1542M (75%)         100M (5%)           52M (3%)             -                  -          
[53.468s][info][gc,heap     ] GC(106) Reclaimed:         -                  -              1442M (70%)        1489M (73%)            -                  -          
[53.468s][info][gc          ] GC(106) Garbage Collection (Allocation Rate) 1556M(76%)->94M(5%)
[53.943s][info][gc,start    ] GC(107) Garbage Collection (Allocation Rate)
[53.943s][info][gc,task     ] GC(107) Using 2 workers
[53.943s][info][gc,phases   ] GC(107) Pause Mark Start 0.018ms
[53.989s][info][gc,phases   ] GC(107) Concurrent Mark 46.474ms
[53.989s][info][gc,phases   ] GC(107) Pause Mark End 0.019ms
[53.990s][info][gc,phases   ] GC(107) Concurrent Mark Free 0.001ms
[53.992s][info][gc,phases   ] GC(107) Concurrent Process Non-Strong References 1.963ms
[53.992s][info][gc,phases   ] GC(107) Concurrent Reset Relocation Set 0.004ms
[53.995s][info][gc,phases   ] GC(107) Concurrent Select Relocation Set 3.743ms
[53.995s][info][gc,phases   ] GC(107) Pause Relocate Start 0.006ms
[54.005s][info][gc,phases   ] GC(107) Concurrent Relocate 8.986ms
[54.005s][info][gc,load     ] GC(107) Load: 0.00/0.00/0.00
[54.005s][info][gc,mmu      ] GC(107) MMU: 2ms/98.4%, 5ms/99.3%, 10ms/99.6%, 20ms/99.7%, 50ms/99.8%, 100ms/99.9%
[54.005s][info][gc,marking  ] GC(107) Mark: 2 stripe(s), 2 proactive flush(es), 1 terminate flush(es), 0 completion(s), 0 continuation(s) 
[54.005s][info][gc,marking  ] GC(107) Mark Stack Usage: 32M
[54.005s][info][gc,nmethod  ] GC(107) NMethods: 1382 registered, 191 unregistered
[54.005s][info][gc,metaspace] GC(107) Metaspace: 8M used, 8M committed, 1088M reserved
[54.005s][info][gc,ref      ] GC(107) Soft: 174 encountered, 0 discovered, 0 enqueued
[54.005s][info][gc,ref      ] GC(107) Weak: 570 encountered, 377 discovered, 0 enqueued
[54.005s][info][gc,ref      ] GC(107) Final: 0 encountered, 0 discovered, 0 enqueued
[54.005s][info][gc,ref      ] GC(107) Phantom: 21 encountered, 10 discovered, 0 enqueued
[54.005s][info][gc,reloc    ] GC(107) Small Pages: 616 / 1232M, Empty: 1174M, Relocated: 5M, In-Place: 0
[54.005s][info][gc,reloc    ] GC(107) Medium Pages: 2 / 64M, Empty: 0M, Relocated: 1M, In-Place: 0
[54.005s][info][gc,reloc    ] GC(107) Large Pages: 0 / 0M, Empty: 0M, Relocated: 0M, In-Place: 0
[54.005s][info][gc,reloc    ] GC(107) Forwarding Usage: 2M
[54.005s][info][gc,heap     ] GC(107) Min Capacity: 8M(0%)
[54.005s][info][gc,heap     ] GC(107) Max Capacity: 2048M(100%)
[54.005s][info][gc,heap     ] GC(107) Soft Max Capacity: 2048M(100%)
[54.005s][info][gc,heap     ] GC(107)                Mark Start          Mark End        Relocate Start      Relocate End           High               Low         
[54.005s][info][gc,heap     ] GC(107)  Capacity:     2048M (100%)       2048M (100%)       2048M (100%)       2048M (100%)       2048M (100%)       2048M (100%)   
[54.005s][info][gc,heap     ] GC(107)      Free:      752M (37%)         630M (31%)        1792M (88%)        1836M (90%)        1848M (90%)         624M (30%)    
[54.005s][info][gc,heap     ] GC(107)      Used:     1296M (63%)        1418M (69%)         256M (13%)         212M (10%)        1424M (70%)         200M (10%)    
[54.005s][info][gc,heap     ] GC(107)      Live:         -                17M (1%)           17M (1%)           17M (1%)             -                  -          
[54.005s][info][gc,heap     ] GC(107) Allocated:         -               122M (6%)          134M (7%)          157M (8%)             -                  -          
[54.005s][info][gc,heap     ] GC(107)   Garbage:         -              1278M (62%)         104M (5%)           36M (2%)             -                  -          
[54.005s][info][gc,heap     ] GC(107) Reclaimed:         -                  -              1174M (57%)        1241M (61%)            -                  -          
[54.005s][info][gc          ] GC(107) Garbage Collection (Allocation Rate) 1296M(63%)->212M(10%)
[54.544s][info][gc,start    ] GC(108) Garbage Collection (Allocation Rate)
[54.544s][info][gc,task     ] GC(108) Using 2 workers
[54.544s][info][gc,phases   ] GC(108) Pause Mark Start 0.014ms
[54.590s][info][gc,phases   ] GC(108) Concurrent Mark 46.544ms
[54.591s][info][gc,phases   ] GC(108) Pause Mark End 0.015ms
[54.591s][info][gc,phases   ] GC(108) Concurrent Mark Free 0.001ms
[54.593s][info][gc,phases   ] GC(108) Concurrent Process Non-Strong References 2.605ms
[54.593s][info][gc,phases   ] GC(108) Concurrent Reset Relocation Set 0.004ms
[54.601s][info][gc,phases   ] GC(108) Concurrent Select Relocation Set 7.771ms
[54.601s][info][gc,phases   ] GC(108) Pause Relocate Start 0.006ms
[54.611s][info][gc,phases   ] GC(108) Concurrent Relocate 9.968ms
[54.611s][info][gc,load     ] GC(108) Load: 0.00/0.00/0.00
[54.611s][info][gc,mmu      ] GC(108) MMU: 2ms/98.4%, 5ms/99.3%, 10ms/99.6%, 20ms/99.7%, 50ms/99.8%, 100ms/99.9%
[54.611s][info][gc,marking  ] GC(108) Mark: 2 stripe(s), 2 proactive flush(es), 1 terminate flush(es), 0 completion(s), 0 continuation(s) 
[54.612s][info][gc,marking  ] GC(108) Mark Stack Usage: 32M
[54.612s][info][gc,nmethod  ] GC(108) NMethods: 1382 registered, 191 unregistered
[54.612s][info][gc,metaspace] GC(108) Metaspace: 8M used, 8M committed, 1088M reserved
[54.612s][info][gc,ref      ] GC(108) Soft: 174 encountered, 0 discovered, 0 enqueued
[54.612s][info][gc,ref      ] GC(108) Weak: 570 encountered, 150 discovered, 0 enqueued
[54.612s][info][gc,ref      ] GC(108) Final: 0 encountered, 0 discovered, 0 enqueued
[54.612s][info][gc,ref      ] GC(108) Phantom: 21 encountered, 17 discovered, 0 enqueued
[54.612s][info][gc,reloc    ] GC(108) Small Pages: 684 / 1368M, Empty: 1314M, Relocated: 6M, In-Place: 0
[54.612s][info][gc,reloc    ] GC(108) Medium Pages: 2 / 64M, Empty: 0M, Relocated: 1M, In-Place: 0
[54.612s][info][gc,reloc    ] GC(108) Large Pages: 0 / 0M, Empty: 0M, Relocated: 0M, In-Place: 0
[54.612s][info][gc,reloc    ] GC(108) Forwarding Usage: 2M
[54.612s][info][gc,heap     ] GC(108) Min Capacity: 8M(0%)
[54.612s][info][gc,heap     ] GC(108) Max Capacity: 2048M(100%)
[54.612s][info][gc,heap     ] GC(108) Soft Max Capacity: 2048M(100%)
[54.612s][info][gc,heap     ] GC(108)                Mark Start          Mark End        Relocate Start      Relocate End           High               Low         
[54.612s][info][gc,heap     ] GC(108)  Capacity:     2048M (100%)       2048M (100%)       2048M (100%)       2048M (100%)       2048M (100%)       2048M (100%)   
[54.612s][info][gc,heap     ] GC(108)      Free:      616M (30%)         518M (25%)        1810M (88%)        1844M (90%)        1860M (91%)         512M (25%)    
[54.612s][info][gc,heap     ] GC(108)      Used:     1432M (70%)        1530M (75%)         238M (12%)         204M (10%)        1536M (75%)         188M (9%)     
[54.612s][info][gc,heap     ] GC(108)      Live:         -                21M (1%)           21M (1%)           21M (1%)             -                  -          
[54.612s][info][gc,heap     ] GC(108) Allocated:         -                98M (5%)          120M (6%)          147M (7%)             -                  -          
[54.612s][info][gc,heap     ] GC(108)   Garbage:         -              1410M (69%)          96M (5%)           34M (2%)             -                  -          
[54.612s][info][gc,heap     ] GC(108) Reclaimed:         -                  -              1314M (64%)        1375M (67%)            -                  -          
[54.612s][info][gc          ] GC(108) Garbage Collection (Allocation Rate) 1432M(70%)->204M(10%)
[55.051s][info][gc,start    ] GC(109) Garbage Collection (Allocation Rate)
[55.051s][info][gc,task     ] GC(109) Using 1 workers
[55.051s][info][gc,phases   ] GC(109) Pause Mark Start 0.020ms
[55.137s][info][gc,phases   ] GC(109) Concurrent Mark 85.641ms
[55.137s][info][gc,phases   ] GC(109) Pause Mark End 0.018ms
[55.137s][info][gc,phases   ] GC(109) Concurrent Mark Free 0.001ms
[55.142s][info][gc,phases   ] GC(109) Concurrent Process Non-Strong References 4.919ms
[55.142s][info][gc,phases   ] GC(109) Concurrent Reset Relocation Set 0.004ms
[55.146s][info][gc,phases   ] GC(109) Concurrent Select Relocation Set 4.016ms
[55.146s][info][gc,phases   ] GC(109) Pause Relocate Start 0.005ms
[55.160s][info][gc,phases   ] GC(109) Concurrent Relocate 13.958ms
[55.161s][info][gc,load     ] GC(109) Load: 0.00/0.00/0.00
[55.161s][info][gc,mmu      ] GC(109) MMU: 2ms/98.4%, 5ms/99.3%, 10ms/99.6%, 20ms/99.7%, 50ms/99.8%, 100ms/99.9%
[55.161s][info][gc,marking  ] GC(109) Mark: 1 stripe(s), 2 proactive flush(es), 1 terminate flush(es), 0 completion(s), 0 continuation(s) 
[55.161s][info][gc,marking  ] GC(109) Mark Stack Usage: 32M
[55.161s][info][gc,nmethod  ] GC(109) NMethods: 1382 registered, 191 unregistered
[55.161s][info][gc,metaspace] GC(109) Metaspace: 8M used, 8M committed, 1088M reserved
[55.161s][info][gc,ref      ] GC(109) Soft: 174 encountered, 0 discovered, 0 enqueued
[55.161s][info][gc,ref      ] GC(109) Weak: 570 encountered, 424 discovered, 0 enqueued
[55.161s][info][gc,ref      ] GC(109) Final: 0 encountered, 0 discovered, 0 enqueued
[55.161s][info][gc,ref      ] GC(109) Phantom: 21 encountered, 15 discovered, 0 enqueued
[55.161s][info][gc,reloc    ] GC(109) Small Pages: 614 / 1228M, Empty: 1182M, Relocated: 5M, In-Place: 0
[55.161s][info][gc,reloc    ] GC(109) Medium Pages: 2 / 64M, Empty: 0M, Relocated: 2M, In-Place: 0
[55.161s][info][gc,reloc    ] GC(109) Large Pages: 0 / 0M, Empty: 0M, Relocated: 0M, In-Place: 0
[55.161s][info][gc,reloc    ] GC(109) Forwarding Usage: 2M
[55.161s][info][gc,heap     ] GC(109) Min Capacity: 8M(0%)
[55.161s][info][gc,heap     ] GC(109) Max Capacity: 2048M(100%)
[55.161s][info][gc,heap     ] GC(109) Soft Max Capacity: 2048M(100%)
[55.161s][info][gc,heap     ] GC(109)                Mark Start          Mark End        Relocate Start      Relocate End           High               Low         
[55.161s][info][gc,heap     ] GC(109)  Capacity:     2048M (100%)       2048M (100%)       2048M (100%)       2048M (100%)       2048M (100%)       2048M (100%)   
[55.161s][info][gc,heap     ] GC(109)      Free:      756M (37%)         532M (26%)        1692M (83%)        1704M (83%)        1732M (85%)         518M (25%)    
[55.161s][info][gc,heap     ] GC(109)      Used:     1292M (63%)        1516M (74%)         356M (17%)         344M (17%)        1530M (75%)         316M (15%)    
[55.161s][info][gc,heap     ] GC(109)      Live:         -                24M (1%)           24M (1%)           24M (1%)             -                  -          
[55.161s][info][gc,heap     ] GC(109) Allocated:         -               224M (11%)         246M (12%)         283M (14%)            -                  -          
[55.161s][info][gc,heap     ] GC(109)   Garbage:         -              1267M (62%)          85M (4%)           35M (2%)             -                  -          
[55.161s][info][gc,heap     ] GC(109) Reclaimed:         -                  -              1182M (58%)        1231M (60%)            -                  -          
[55.161s][info][gc          ] GC(109) Garbage Collection (Allocation Rate) 1292M(63%)->344M(17%)
[55.543s][info][gc,start    ] GC(110) Garbage Collection (Allocation Rate)
[55.543s][info][gc,task     ] GC(110) Using 1 workers
[55.543s][info][gc,phases   ] GC(110) Pause Mark Start 0.015ms
[55.633s][info][gc,phases   ] GC(110) Concurrent Mark 89.879ms
[55.633s][info][gc,phases   ] GC(110) Pause Mark End 0.020ms
[55.633s][info][gc,phases   ] GC(110) Concurrent Mark Free 0.001ms
[55.637s][info][gc,phases   ] GC(110) Concurrent Process Non-Strong References 3.331ms
[55.637s][info][gc,phases   ] GC(110) Concurrent Reset Relocation Set 0.003ms
[55.641s][info][gc,phases   ] GC(110) Concurrent Select Relocation Set 3.908ms
[55.641s][info][gc,phases   ] GC(110) Pause Relocate Start 0.008ms
[55.654s][info][gc,phases   ] GC(110) Concurrent Relocate 12.690ms
[55.654s][info][gc,load     ] GC(110) Load: 0.00/0.00/0.00
[55.654s][info][gc,mmu      ] GC(110) MMU: 2ms/98.4%, 5ms/99.3%, 10ms/99.6%, 20ms/99.7%, 50ms/99.8%, 100ms/99.9%
[55.654s][info][gc,marking  ] GC(110) Mark: 1 stripe(s), 2 proactive flush(es), 1 terminate flush(es), 0 completion(s), 0 continuation(s) 
[55.654s][info][gc,marking  ] GC(110) Mark Stack Usage: 32M
[55.654s][info][gc,nmethod  ] GC(110) NMethods: 1382 registered, 191 unregistered
[55.654s][info][gc,metaspace] GC(110) Metaspace: 8M used, 8M committed, 1088M reserved
[55.654s][info][gc,ref      ] GC(110) Soft: 174 encountered, 0 discovered, 0 enqueued
[55.654s][info][gc,ref      ] GC(110) Weak: 570 encountered, 382 discovered, 0 enqueued
[55.654s][info][gc,ref      ] GC(110) Final: 0 encountered, 0 discovered, 0 enqueued
[55.654s][info][gc,ref      ] GC(110) Phantom: 21 encountered, 10 discovered, 0 enqueued
[55.654s][info][gc,reloc    ] GC(110) Small Pages: 642 / 1284M, Empty: 1234M, Relocated: 4M, In-Place: 0
[55.654s][info][gc,reloc    ] GC(110) Medium Pages: 2 / 64M, Empty: 0M, Relocated: 2M, In-Place: 0
[55.654s][info][gc,reloc    ] GC(110) Large Pages: 0 / 0M, Empty: 0M, Relocated: 0M, In-Place: 0
[55.654s][info][gc,reloc    ] GC(110) Forwarding Usage: 2M
[55.654s][info][gc,heap     ] GC(110) Min Capacity: 8M(0%)
[55.654s][info][gc,heap     ] GC(110) Max Capacity: 2048M(100%)
[55.654s][info][gc,heap     ] GC(110) Soft Max Capacity: 2048M(100%)
[55.654s][info][gc,heap     ] GC(110)                Mark Start          Mark End        Relocate Start      Relocate End           High               Low         
[55.654s][info][gc,heap     ] GC(110)  Capacity:     2048M (100%)       2048M (100%)       2048M (100%)       2048M (100%)       2048M (100%)       2048M (100%)   
[55.654s][info][gc,heap     ] GC(110)      Free:      700M (34%)         540M (26%)        1764M (86%)        1786M (87%)        1802M (88%)         534M (26%)    
[55.654s][info][gc,heap     ] GC(110)      Used:     1348M (66%)        1508M (74%)         284M (14%)         262M (13%)        1514M (74%)         246M (12%)    
[55.654s][info][gc,heap     ] GC(110)      Live:         -                27M (1%)           27M (1%)           27M (1%)             -                  -          
[55.654s][info][gc,heap     ] GC(110) Allocated:         -               160M (8%)          170M (8%)          197M (10%)            -                  -          
[55.654s][info][gc,heap     ] GC(110)   Garbage:         -              1320M (64%)          86M (4%)           36M (2%)             -                  -          
[55.654s][info][gc,heap     ] GC(110) Reclaimed:         -                  -              1234M (60%)        1283M (63%)            -                  -          
[55.654s][info][gc          ] GC(110) Garbage Collection (Allocation Rate) 1348M(66%)->262M(13%)
[56.144s][info][gc,start    ] GC(111) Garbage Collection (Allocation Rate)
[56.144s][info][gc,task     ] GC(111) Using 6 workers
[56.144s][info][gc,phases   ] GC(111) Pause Mark Start 0.016ms
[56.175s][info][gc,phases   ] GC(111) Concurrent Mark 30.850ms
[56.175s][info][gc,phases   ] GC(111) Pause Mark End 0.019ms
[56.175s][info][gc,phases   ] GC(111) Concurrent Mark Free 0.001ms
[56.176s][info][gc,phases   ] GC(111) Concurrent Process Non-Strong References 0.857ms
[56.176s][info][gc,phases   ] GC(111) Concurrent Reset Relocation Set 0.003ms
[56.180s][info][gc,phases   ] GC(111) Concurrent Select Relocation Set 3.606ms
[56.180s][info][gc,phases   ] GC(111) Pause Relocate Start 0.006ms
[56.183s][info][gc,phases   ] GC(111) Concurrent Relocate 2.543ms
[56.183s][info][gc,load     ] GC(111) Load: 0.00/0.00/0.00
[56.183s][info][gc,mmu      ] GC(111) MMU: 2ms/98.4%, 5ms/99.3%, 10ms/99.6%, 20ms/99.7%, 50ms/99.8%, 100ms/99.9%
[56.183s][info][gc,marking  ] GC(111) Mark: 4 stripe(s), 2 proactive flush(es), 1 terminate flush(es), 0 completion(s), 0 continuation(s) 
[56.183s][info][gc,marking  ] GC(111) Mark Stack Usage: 32M
[56.183s][info][gc,nmethod  ] GC(111) NMethods: 1384 registered, 192 unregistered
[56.183s][info][gc,metaspace] GC(111) Metaspace: 8M used, 8M committed, 1088M reserved
[56.183s][info][gc,ref      ] GC(111) Soft: 174 encountered, 0 discovered, 0 enqueued
[56.183s][info][gc,ref      ] GC(111) Weak: 570 encountered, 204 discovered, 0 enqueued
[56.183s][info][gc,ref      ] GC(111) Final: 0 encountered, 0 discovered, 0 enqueued
[56.183s][info][gc,ref      ] GC(111) Phantom: 21 encountered, 15 discovered, 0 enqueued
[56.183s][info][gc,reloc    ] GC(111) Small Pages: 235 / 470M, Empty: 424M, Relocated: 4M, In-Place: 0
[56.183s][info][gc,reloc    ] GC(111) Medium Pages: 2 / 64M, Empty: 32M, Relocated: 0M, In-Place: 0
[56.183s][info][gc,reloc    ] GC(111) Large Pages: 0 / 0M, Empty: 0M, Relocated: 0M, In-Place: 0
[56.183s][info][gc,reloc    ] GC(111) Forwarding Usage: 2M
[56.183s][info][gc,heap     ] GC(111) Min Capacity: 8M(0%)
[56.183s][info][gc,heap     ] GC(111) Max Capacity: 2048M(100%)
[56.183s][info][gc,heap     ] GC(111) Soft Max Capacity: 2048M(100%)
[56.183s][info][gc,heap     ] GC(111)                Mark Start          Mark End        Relocate Start      Relocate End           High               Low         
[56.183s][info][gc,heap     ] GC(111)  Capacity:     2048M (100%)       2048M (100%)       2048M (100%)       2048M (100%)       2048M (100%)       2048M (100%)   
[56.183s][info][gc,heap     ] GC(111)      Free:     1514M (74%)        1496M (73%)        1950M (95%)        1954M (95%)        1954M (95%)        1496M (73%)    
[56.183s][info][gc,heap     ] GC(111)      Used:      534M (26%)         552M (27%)          98M (5%)           94M (5%)          552M (27%)          94M (5%)     
[56.183s][info][gc,heap     ] GC(111)      Live:         -                30M (2%)           30M (2%)           30M (2%)             -                  -          
[56.183s][info][gc,heap     ] GC(111) Allocated:         -                18M (1%)           20M (1%)           21M (1%)             -                  -          
[56.184s][info][gc,heap     ] GC(111)   Garbage:         -               503M (25%)          47M (2%)           41M (2%)             -                  -          
[56.184s][info][gc,heap     ] GC(111) Reclaimed:         -                  -               456M (22%)         461M (23%)            -                  -          
[56.184s][info][gc          ] GC(111) Garbage Collection (Allocation Rate) 534M(26%)->94M(5%)
[56.204s][info][gc,start    ] GC(112) Garbage Collection (System.gc())
[56.204s][info][gc,task     ] GC(112) Using 12 workers
[56.204s][info][gc,phases   ] GC(112) Pause Mark Start 0.009ms
[56.222s][info][gc,phases   ] GC(112) Concurrent Mark 17.953ms
[56.222s][info][gc,phases   ] GC(112) Pause Mark End 0.013ms
[56.222s][info][gc,phases   ] GC(112) Concurrent Mark Free 0.001ms
[56.228s][info][gc,phases   ] GC(112) Concurrent Process Non-Strong References 5.974ms
[56.228s][info][gc,phases   ] GC(112) Concurrent Reset Relocation Set 0.002ms
[56.232s][info][gc,phases   ] GC(112) Concurrent Select Relocation Set 3.631ms
[56.232s][info][gc,phases   ] GC(112) Pause Relocate Start 0.005ms
[56.233s][info][gc,phases   ] GC(112) Concurrent Relocate 1.017ms
[56.233s][info][gc,load     ] GC(112) Load: 0.00/0.00/0.00
[56.233s][info][gc,mmu      ] GC(112) MMU: 2ms/98.4%, 5ms/99.3%, 10ms/99.6%, 20ms/99.7%, 50ms/99.8%, 100ms/99.9%
[56.233s][info][gc,marking  ] GC(112) Mark: 8 stripe(s), 3 proactive flush(es), 1 terminate flush(es), 0 completion(s), 0 continuation(s) 
[56.233s][info][gc,marking  ] GC(112) Mark Stack Usage: 32M
[56.233s][info][gc,nmethod  ] GC(112) NMethods: 329 registered, 1256 unregistered
[56.233s][info][gc,metaspace] GC(112) Metaspace: 8M used, 8M committed, 1088M reserved
[56.233s][info][gc,ref      ] GC(112) Soft: 174 encountered, 0 discovered, 0 enqueued
[56.233s][info][gc,ref      ] GC(112) Weak: 570 encountered, 4 discovered, 0 enqueued
[56.233s][info][gc,ref      ] GC(112) Final: 0 encountered, 0 discovered, 0 enqueued
[56.233s][info][gc,ref      ] GC(112) Phantom: 21 encountered, 13 discovered, 0 enqueued
[56.234s][info][gc,reloc    ] GC(112) Small Pages: 37 / 74M, Empty: 60M, Relocated: 0M, In-Place: 0
[56.234s][info][gc,reloc    ] GC(112) Medium Pages: 1 / 32M, Empty: 32M, Relocated: 0M, In-Place: 0
[56.234s][info][gc,reloc    ] GC(112) Large Pages: 0 / 0M, Empty: 0M, Relocated: 0M, In-Place: 0
[56.234s][info][gc,reloc    ] GC(112) Forwarding Usage: 0M
[56.234s][info][gc,heap     ] GC(112) Min Capacity: 8M(0%)
[56.234s][info][gc,heap     ] GC(112) Max Capacity: 2048M(100%)
[56.234s][info][gc,heap     ] GC(112) Soft Max Capacity: 2048M(100%)
[56.234s][info][gc,heap     ] GC(112)                Mark Start          Mark End        Relocate Start      Relocate End           High               Low         
[56.234s][info][gc,heap     ] GC(112)  Capacity:     2048M (100%)       2048M (100%)       2048M (100%)       2048M (100%)       2048M (100%)       2048M (100%)   
[56.234s][info][gc,heap     ] GC(112)      Free:     1942M (95%)        1942M (95%)        2034M (99%)        2034M (99%)        2034M (99%)        1942M (95%)    
[56.234s][info][gc,heap     ] GC(112)      Used:      106M (5%)          106M (5%)           14M (1%)           14M (1%)          106M (5%)           14M (1%)     
[56.234s][info][gc,heap     ] GC(112)      Live:         -                 4M (0%)            4M (0%)            4M (0%)             -                  -          
[56.234s][info][gc,heap     ] GC(112) Allocated:         -                 0M (0%)            0M (0%)            0M (0%)             -                  -          
[56.234s][info][gc,heap     ] GC(112)   Garbage:         -               101M (5%)            9M (0%)            9M (0%)             -                  -          
[56.234s][info][gc,heap     ] GC(112) Reclaimed:         -                  -                92M (4%)           92M (4%)             -                  -          
[56.234s][info][gc          ] GC(112) Garbage Collection (System.gc()) 106M(5%)->14M(1%)
[56.948s][info][gc,start    ] GC(113) Garbage Collection (Allocation Rate)
[56.948s][info][gc,task     ] GC(113) Using 5 workers
[56.948s][info][gc,phases   ] GC(113) Pause Mark Start 0.017ms
[56.979s][info][gc,phases   ] GC(113) Concurrent Mark 30.835ms
[56.980s][info][gc,phases   ] GC(113) Pause Mark End 0.018ms
[56.980s][info][gc,phases   ] GC(113) Concurrent Mark Free 0.001ms
[56.980s][info][gc,phases   ] GC(113) Concurrent Process Non-Strong References 0.464ms
[56.980s][info][gc,phases   ] GC(113) Concurrent Reset Relocation Set 0.001ms
[56.986s][info][gc,phases   ] GC(113) Concurrent Select Relocation Set 5.525ms
[56.986s][info][gc,phases   ] GC(113) Pause Relocate Start 0.010ms
[56.990s][info][gc,phases   ] GC(113) Concurrent Relocate 3.854ms
[56.990s][info][gc,load     ] GC(113) Load: 0.00/0.00/0.00
[56.990s][info][gc,mmu      ] GC(113) MMU: 2ms/98.4%, 5ms/99.3%, 10ms/99.6%, 20ms/99.7%, 50ms/99.8%, 100ms/99.9%
[56.990s][info][gc,marking  ] GC(113) Mark: 4 stripe(s), 3 proactive flush(es), 1 terminate flush(es), 0 completion(s), 0 continuation(s) 
[56.990s][info][gc,marking  ] GC(113) Mark Stack Usage: 32M
[56.990s][info][gc,nmethod  ] GC(113) NMethods: 332 registered, 0 unregistered
[56.990s][info][gc,metaspace] GC(113) Metaspace: 8M used, 8M committed, 1088M reserved
[56.990s][info][gc,ref      ] GC(113) Soft: 174 encountered, 0 discovered, 0 enqueued
[56.990s][info][gc,ref      ] GC(113) Weak: 570 encountered, 143 discovered, 0 enqueued
[56.990s][info][gc,ref      ] GC(113) Final: 0 encountered, 0 discovered, 0 enqueued
[56.990s][info][gc,ref      ] GC(113) Phantom: 21 encountered, 13 discovered, 0 enqueued
[56.990s][info][gc,reloc    ] GC(113) Small Pages: 863 / 1726M, Empty: 1696M, Relocated: 4M, In-Place: 0
[56.990s][info][gc,reloc    ] GC(113) Medium Pages: 1 / 32M, Empty: 0M, Relocated: 0M, In-Place: 0
[56.990s][info][gc,reloc    ] GC(113) Large Pages: 0 / 0M, Empty: 0M, Relocated: 0M, In-Place: 0
[56.990s][info][gc,reloc    ] GC(113) Forwarding Usage: 2M
[56.990s][info][gc,heap     ] GC(113) Min Capacity: 8M(0%)
[56.990s][info][gc,heap     ] GC(113) Max Capacity: 2048M(100%)
[56.990s][info][gc,heap     ] GC(113) Soft Max Capacity: 2048M(100%)
[56.990s][info][gc,heap     ] GC(113)                Mark Start          Mark End        Relocate Start      Relocate End           High               Low         
[56.990s][info][gc,heap     ] GC(113)  Capacity:     2048M (100%)       2048M (100%)       2048M (100%)       2048M (100%)       2048M (100%)       2048M (100%)   
[56.990s][info][gc,heap     ] GC(113)      Free:      290M (14%)         202M (10%)        1886M (92%)        1888M (92%)        1890M (92%)         202M (10%)    
[56.991s][info][gc,heap     ] GC(113)      Used:     1758M (86%)        1846M (90%)         162M (8%)          160M (8%)         1846M (90%)         158M (8%)     
[56.991s][info][gc,heap     ] GC(113)      Live:         -                12M (1%)           12M (1%)           12M (1%)             -                  -          
[56.991s][info][gc,heap     ] GC(113) Allocated:         -                88M (4%)          100M (5%)          109M (5%)             -                  -          
[56.991s][info][gc,heap     ] GC(113)   Garbage:         -              1745M (85%)          49M (2%)           37M (2%)             -                  -          
[56.991s][info][gc,heap     ] GC(113) Reclaimed:         -                  -              1696M (83%)        1707M (83%)            -                  -          
[56.991s][info][gc          ] GC(113) Garbage Collection (Allocation Rate) 1758M(86%)->160M(8%)
[57.042s][info][gc,start    ] GC(114) Garbage Collection (Allocation Rate)
[57.042s][info][gc,task     ] GC(114) Using 6 workers
[57.042s][info][gc,phases   ] GC(114) Pause Mark Start 0.013ms
[57.065s][info][gc,phases   ] GC(114) Concurrent Mark 22.911ms
[57.065s][info][gc,phases   ] GC(114) Pause Mark End 0.018ms
[57.065s][info][gc,phases   ] GC(114) Concurrent Mark Free 0.001ms
[57.066s][info][gc,phases   ] GC(114) Concurrent Process Non-Strong References 0.411ms
[57.066s][info][gc,phases   ] GC(114) Concurrent Reset Relocation Set 0.002ms
[57.070s][info][gc,phases   ] GC(114) Concurrent Select Relocation Set 3.647ms
[57.070s][info][gc,phases   ] GC(114) Pause Relocate Start 0.006ms
[57.073s][info][gc,phases   ] GC(114) Concurrent Relocate 2.937ms
[57.073s][info][gc,load     ] GC(114) Load: 0.00/0.00/0.00
[57.073s][info][gc,mmu      ] GC(114) MMU: 2ms/98.4%, 5ms/99.3%, 10ms/99.6%, 20ms/99.7%, 50ms/99.8%, 100ms/99.9%
[57.073s][info][gc,marking  ] GC(114) Mark: 4 stripe(s), 3 proactive flush(es), 1 terminate flush(es), 0 completion(s), 0 continuation(s) 
[57.073s][info][gc,marking  ] GC(114) Mark Stack Usage: 32M
[57.073s][info][gc,nmethod  ] GC(114) NMethods: 332 registered, 0 unregistered
[57.073s][info][gc,metaspace] GC(114) Metaspace: 8M used, 8M committed, 1088M reserved
[57.073s][info][gc,ref      ] GC(114) Soft: 174 encountered, 0 discovered, 0 enqueued
[57.073s][info][gc,ref      ] GC(114) Weak: 570 encountered, 154 discovered, 0 enqueued
[57.073s][info][gc,ref      ] GC(114) Final: 0 encountered, 0 discovered, 0 enqueued
[57.073s][info][gc,ref      ] GC(114) Phantom: 21 encountered, 18 discovered, 0 enqueued
[57.073s][info][gc,reloc    ] GC(114) Small Pages: 117 / 234M, Empty: 204M, Relocated: 3M, In-Place: 0
[57.073s][info][gc,reloc    ] GC(114) Medium Pages: 2 / 64M, Empty: 32M, Relocated: 0M, In-Place: 0
[57.073s][info][gc,reloc    ] GC(114) Large Pages: 0 / 0M, Empty: 0M, Relocated: 0M, In-Place: 0
[57.073s][info][gc,reloc    ] GC(114) Forwarding Usage: 1M
[57.073s][info][gc,heap     ] GC(114) Min Capacity: 8M(0%)
[57.073s][info][gc,heap     ] GC(114) Max Capacity: 2048M(100%)
[57.073s][info][gc,heap     ] GC(114) Soft Max Capacity: 2048M(100%)
[57.073s][info][gc,heap     ] GC(114)                Mark Start          Mark End        Relocate Start      Relocate End           High               Low         
[57.073s][info][gc,heap     ] GC(114)  Capacity:     2048M (100%)       2048M (100%)       2048M (100%)       2048M (100%)       2048M (100%)       2048M (100%)   
[57.073s][info][gc,heap     ] GC(114)      Free:     1750M (85%)        1702M (83%)        1926M (94%)        1930M (94%)        1932M (94%)        1700M (83%)    
[57.073s][info][gc,heap     ] GC(114)      Used:      298M (15%)         346M (17%)         122M (6%)          118M (6%)          348M (17%)         116M (6%)     
[57.073s][info][gc,heap     ] GC(114)      Live:         -                10M (0%)           10M (0%)           10M (0%)             -                  -          
[57.073s][info][gc,heap     ] GC(114) Allocated:         -                48M (2%)           60M (3%)           65M (3%)             -                  -          
[57.074s][info][gc,heap     ] GC(114)   Garbage:         -               287M (14%)          51M (3%)           42M (2%)             -                  -          
[57.074s][info][gc,heap     ] GC(114) Reclaimed:         -                  -               236M (12%)         245M (12%)            -                  -          
[57.074s][info][gc          ] GC(114) Garbage Collection (Allocation Rate) 298M(15%)->118M(6%)
[57.549s][info][gc,start    ] GC(115) Garbage Collection (Allocation Rate)
[57.549s][info][gc,task     ] GC(115) Using 6 workers
[57.550s][info][gc,phases   ] GC(115) Pause Mark Start 0.016ms
[57.565s][info][gc,phases   ] GC(115) Concurrent Mark 15.295ms
[57.565s][info][gc,phases   ] GC(115) Pause Mark End 0.017ms
[57.565s][info][gc,phases   ] GC(115) Concurrent Mark Free 0.001ms
[57.566s][info][gc,phases   ] GC(115) Concurrent Process Non-Strong References 0.355ms
[57.566s][info][gc,phases   ] GC(115) Concurrent Reset Relocation Set 0.002ms
[57.573s][info][gc,phases   ] GC(115) Concurrent Select Relocation Set 6.907ms
[57.573s][info][gc,phases   ] GC(115) Pause Relocate Start 0.006ms
[57.577s][info][gc,phases   ] GC(115) Concurrent Relocate 4.005ms
[57.577s][info][gc,load     ] GC(115) Load: 0.00/0.00/0.00
[57.577s][info][gc,mmu      ] GC(115) MMU: 2ms/98.4%, 5ms/99.3%, 10ms/99.6%, 20ms/99.7%, 50ms/99.8%, 100ms/99.9%
[57.577s][info][gc,marking  ] GC(115) Mark: 4 stripe(s), 2 proactive flush(es), 1 terminate flush(es), 0 completion(s), 0 continuation(s) 
[57.577s][info][gc,marking  ] GC(115) Mark Stack Usage: 32M
[57.577s][info][gc,nmethod  ] GC(115) NMethods: 332 registered, 0 unregistered
[57.577s][info][gc,metaspace] GC(115) Metaspace: 8M used, 8M committed, 1088M reserved
[57.577s][info][gc,ref      ] GC(115) Soft: 174 encountered, 0 discovered, 0 enqueued
[57.577s][info][gc,ref      ] GC(115) Weak: 570 encountered, 274 discovered, 0 enqueued
[57.577s][info][gc,ref      ] GC(115) Final: 0 encountered, 0 discovered, 0 enqueued
[57.577s][info][gc,ref      ] GC(115) Phantom: 21 encountered, 12 discovered, 0 enqueued
[57.577s][info][gc,reloc    ] GC(115) Small Pages: 652 / 1304M, Empty: 1260M, Relocated: 6M, In-Place: 0
[57.577s][info][gc,reloc    ] GC(115) Medium Pages: 2 / 64M, Empty: 0M, Relocated: 0M, In-Place: 0
[57.577s][info][gc,reloc    ] GC(115) Large Pages: 0 / 0M, Empty: 0M, Relocated: 0M, In-Place: 0
[57.577s][info][gc,reloc    ] GC(115) Forwarding Usage: 3M
[57.577s][info][gc,heap     ] GC(115) Min Capacity: 8M(0%)
[57.577s][info][gc,heap     ] GC(115) Max Capacity: 2048M(100%)
[57.577s][info][gc,heap     ] GC(115) Soft Max Capacity: 2048M(100%)
[57.577s][info][gc,heap     ] GC(115)                Mark Start          Mark End        Relocate Start      Relocate End           High               Low         
[57.577s][info][gc,heap     ] GC(115)  Capacity:     2048M (100%)       2048M (100%)       2048M (100%)       2048M (100%)       2048M (100%)       2048M (100%)   
[57.577s][info][gc,heap     ] GC(115)      Free:      680M (33%)         640M (31%)        1884M (92%)        1930M (94%)        1930M (94%)         638M (31%)    
[57.577s][info][gc,heap     ] GC(115)      Used:     1368M (67%)        1408M (69%)         164M (8%)          118M (6%)         1410M (69%)         118M (6%)     
[57.577s][info][gc,heap     ] GC(115)      Live:         -                13M (1%)           13M (1%)           13M (1%)             -                  -          
[57.577s][info][gc,heap     ] GC(115) Allocated:         -                40M (2%)           56M (3%)           65M (3%)             -                  -          
[57.578s][info][gc,heap     ] GC(115)   Garbage:         -              1354M (66%)          94M (5%)           38M (2%)             -                  -          
[57.578s][info][gc,heap     ] GC(115) Reclaimed:         -                  -              1260M (62%)        1315M (64%)            -                  -          
[57.578s][info][gc          ] GC(115) Garbage Collection (Allocation Rate) 1368M(67%)->118M(6%)
[58.056s][info][gc,start    ] GC(116) Garbage Collection (Allocation Rate)
[58.056s][info][gc,task     ] GC(116) Using 1 workers
[58.056s][info][gc,phases   ] GC(116) Pause Mark Start 0.017ms
[58.122s][info][gc,phases   ] GC(116) Concurrent Mark 65.836ms
[58.123s][info][gc,phases   ] GC(116) Pause Mark End 0.016ms
[58.123s][info][gc,phases   ] GC(116) Concurrent Mark Free 0.001ms
[58.124s][info][gc,phases   ] GC(116) Concurrent Process Non-Strong References 1.549ms
[58.124s][info][gc,phases   ] GC(116) Concurrent Reset Relocation Set 0.003ms
[58.127s][info][gc,phases   ] GC(116) Concurrent Select Relocation Set 3.060ms
[58.127s][info][gc,phases   ] GC(116) Pause Relocate Start 0.004ms
[58.145s][info][gc,phases   ] GC(116) Concurrent Relocate 17.986ms
[58.145s][info][gc,load     ] GC(116) Load: 0.00/0.00/0.00
[58.145s][info][gc,mmu      ] GC(116) MMU: 2ms/98.4%, 5ms/99.3%, 10ms/99.6%, 20ms/99.7%, 50ms/99.8%, 100ms/99.9%
[58.146s][info][gc,marking  ] GC(116) Mark: 1 stripe(s), 2 proactive flush(es), 1 terminate flush(es), 0 completion(s), 0 continuation(s) 
[58.146s][info][gc,marking  ] GC(116) Mark Stack Usage: 32M
[58.146s][info][gc,nmethod  ] GC(116) NMethods: 332 registered, 0 unregistered
[58.146s][info][gc,metaspace] GC(116) Metaspace: 8M used, 8M committed, 1088M reserved
[58.146s][info][gc,ref      ] GC(116) Soft: 174 encountered, 0 discovered, 0 enqueued
[58.146s][info][gc,ref      ] GC(116) Weak: 570 encountered, 382 discovered, 0 enqueued
[58.146s][info][gc,ref      ] GC(116) Final: 0 encountered, 0 discovered, 0 enqueued
[58.146s][info][gc,ref      ] GC(116) Phantom: 21 encountered, 10 discovered, 0 enqueued
[58.146s][info][gc,reloc    ] GC(116) Small Pages: 592 / 1184M, Empty: 1142M, Relocated: 6M, In-Place: 0
[58.146s][info][gc,reloc    ] GC(116) Medium Pages: 2 / 64M, Empty: 0M, Relocated: 1M, In-Place: 0
[58.146s][info][gc,reloc    ] GC(116) Large Pages: 0 / 0M, Empty: 0M, Relocated: 0M, In-Place: 0
[58.146s][info][gc,reloc    ] GC(116) Forwarding Usage: 3M
[58.146s][info][gc,heap     ] GC(116) Min Capacity: 8M(0%)
[58.146s][info][gc,heap     ] GC(116) Max Capacity: 2048M(100%)
[58.146s][info][gc,heap     ] GC(116) Soft Max Capacity: 2048M(100%)
[58.146s][info][gc,heap     ] GC(116)                Mark Start          Mark End        Relocate Start      Relocate End           High               Low         
[58.146s][info][gc,heap     ] GC(116)  Capacity:     2048M (100%)       2048M (100%)       2048M (100%)       2048M (100%)       2048M (100%)       2048M (100%)   
[58.146s][info][gc,heap     ] GC(116)      Free:      800M (39%)         624M (30%)        1754M (86%)        1774M (87%)        1792M (88%)         620M (30%)    
[58.146s][info][gc,heap     ] GC(116)      Used:     1248M (61%)        1424M (70%)         294M (14%)         274M (13%)        1428M (70%)         256M (13%)    
[58.146s][info][gc,heap     ] GC(116)      Live:         -                17M (1%)           17M (1%)           17M (1%)             -                  -          
[58.146s][info][gc,heap     ] GC(116) Allocated:         -               176M (9%)          188M (9%)          221M (11%)            -                  -          
[58.146s][info][gc,heap     ] GC(116)   Garbage:         -              1230M (60%)          88M (4%)           34M (2%)             -                  -          
[58.146s][info][gc,heap     ] GC(116) Reclaimed:         -                  -              1142M (56%)        1195M (58%)            -                  -          
[58.146s][info][gc          ] GC(116) Garbage Collection (Allocation Rate) 1248M(61%)->274M(13%)
[58.547s][info][gc,start    ] GC(117) Garbage Collection (Allocation Rate)
[58.547s][info][gc,task     ] GC(117) Using 1 workers
[58.548s][info][gc,phases   ] GC(117) Pause Mark Start 0.012ms
[58.613s][info][gc,phases   ] GC(117) Concurrent Mark 65.744ms
[58.614s][info][gc,phases   ] GC(117) Pause Mark End 0.019ms
[58.614s][info][gc,phases   ] GC(117) Concurrent Mark Free 0.001ms
[58.615s][info][gc,phases   ] GC(117) Concurrent Process Non-Strong References 1.608ms
[58.615s][info][gc,phases   ] GC(117) Concurrent Reset Relocation Set 0.003ms
[58.619s][info][gc,phases   ] GC(117) Concurrent Select Relocation Set 4.069ms
[58.620s][info][gc,phases   ] GC(117) Pause Relocate Start 0.006ms
[58.628s][info][gc,phases   ] GC(117) Concurrent Relocate 8.531ms
[58.628s][info][gc,load     ] GC(117) Load: 0.00/0.00/0.00
[58.628s][info][gc,mmu      ] GC(117) MMU: 2ms/98.4%, 5ms/99.3%, 10ms/99.6%, 20ms/99.7%, 50ms/99.8%, 100ms/99.9%
[58.628s][info][gc,marking  ] GC(117) Mark: 1 stripe(s), 2 proactive flush(es), 1 terminate flush(es), 0 completion(s), 0 continuation(s) 
[58.628s][info][gc,marking  ] GC(117) Mark Stack Usage: 32M
[58.628s][info][gc,nmethod  ] GC(117) NMethods: 332 registered, 0 unregistered
[58.628s][info][gc,metaspace] GC(117) Metaspace: 8M used, 8M committed, 1088M reserved
[58.628s][info][gc,ref      ] GC(117) Soft: 174 encountered, 0 discovered, 0 enqueued
[58.628s][info][gc,ref      ] GC(117) Weak: 570 encountered, 382 discovered, 0 enqueued
[58.628s][info][gc,ref      ] GC(117) Final: 0 encountered, 0 discovered, 0 enqueued
[58.628s][info][gc,ref      ] GC(117) Phantom: 21 encountered, 10 discovered, 0 enqueued
[58.629s][info][gc,reloc    ] GC(117) Small Pages: 564 / 1128M, Empty: 1084M, Relocated: 3M, In-Place: 0
[58.629s][info][gc,reloc    ] GC(117) Medium Pages: 2 / 64M, Empty: 0M, Relocated: 1M, In-Place: 0
[58.629s][info][gc,reloc    ] GC(117) Large Pages: 0 / 0M, Empty: 0M, Relocated: 0M, In-Place: 0
[58.629s][info][gc,reloc    ] GC(117) Forwarding Usage: 1M
[58.629s][info][gc,heap     ] GC(117) Min Capacity: 8M(0%)
[58.629s][info][gc,heap     ] GC(117) Max Capacity: 2048M(100%)
[58.629s][info][gc,heap     ] GC(117) Soft Max Capacity: 2048M(100%)
[58.629s][info][gc,heap     ] GC(117)                Mark Start          Mark End        Relocate Start      Relocate End           High               Low         
[58.629s][info][gc,heap     ] GC(117)  Capacity:     2048M (100%)       2048M (100%)       2048M (100%)       2048M (100%)       2048M (100%)       2048M (100%)   
[58.629s][info][gc,heap     ] GC(117)      Free:      856M (42%)         762M (37%)        1832M (89%)        1862M (91%)        1872M (91%)         758M (37%)    
[58.629s][info][gc,heap     ] GC(117)      Used:     1192M (58%)        1286M (63%)         216M (11%)         186M (9%)         1290M (63%)         176M (9%)     
[58.629s][info][gc,heap     ] GC(117)      Live:         -                20M (1%)           20M (1%)           20M (1%)             -                  -          
[58.629s][info][gc,heap     ] GC(117) Allocated:         -                94M (5%)          108M (5%)          129M (6%)             -                  -          
[58.629s][info][gc,heap     ] GC(117)   Garbage:         -              1171M (57%)          87M (4%)           35M (2%)             -                  -          
[58.629s][info][gc,heap     ] GC(117) Reclaimed:         -                  -              1084M (53%)        1135M (55%)            -                  -          
[58.629s][info][gc          ] GC(117) Garbage Collection (Allocation Rate) 1192M(58%)->186M(9%)
[59.148s][info][gc,start    ] GC(118) Garbage Collection (Allocation Rate)
[59.148s][info][gc,task     ] GC(118) Using 1 workers
[59.148s][info][gc,phases   ] GC(118) Pause Mark Start 0.018ms
[59.219s][info][gc,phases   ] GC(118) Concurrent Mark 70.552ms
[59.219s][info][gc,phases   ] GC(118) Pause Mark End 0.018ms
[59.219s][info][gc,phases   ] GC(118) Concurrent Mark Free 0.001ms
[59.221s][info][gc,phases   ] GC(118) Concurrent Process Non-Strong References 1.542ms
[59.221s][info][gc,phases   ] GC(118) Concurrent Reset Relocation Set 0.003ms
[59.229s][info][gc,phases   ] GC(118) Concurrent Select Relocation Set 7.643ms
[59.229s][info][gc,phases   ] GC(118) Pause Relocate Start 0.005ms
[59.243s][info][gc,phases   ] GC(118) Concurrent Relocate 14.043ms
[59.243s][info][gc,load     ] GC(118) Load: 0.00/0.00/0.00
[59.243s][info][gc,mmu      ] GC(118) MMU: 2ms/98.4%, 5ms/99.3%, 10ms/99.6%, 20ms/99.7%, 50ms/99.8%, 100ms/99.9%
[59.243s][info][gc,marking  ] GC(118) Mark: 1 stripe(s), 2 proactive flush(es), 1 terminate flush(es), 0 completion(s), 0 continuation(s) 
[59.243s][info][gc,marking  ] GC(118) Mark Stack Usage: 32M
[59.243s][info][gc,nmethod  ] GC(118) NMethods: 332 registered, 0 unregistered
[59.243s][info][gc,metaspace] GC(118) Metaspace: 8M used, 8M committed, 1088M reserved
[59.243s][info][gc,ref      ] GC(118) Soft: 174 encountered, 0 discovered, 0 enqueued
[59.243s][info][gc,ref      ] GC(118) Weak: 570 encountered, 283 discovered, 0 enqueued
[59.243s][info][gc,ref      ] GC(118) Final: 0 encountered, 0 discovered, 0 enqueued
[59.243s][info][gc,ref      ] GC(118) Phantom: 21 encountered, 10 discovered, 0 enqueued
[59.243s][info][gc,reloc    ] GC(118) Small Pages: 716 / 1432M, Empty: 1392M, Relocated: 5M, In-Place: 0
[59.243s][info][gc,reloc    ] GC(118) Medium Pages: 2 / 64M, Empty: 0M, Relocated: 2M, In-Place: 0
[59.243s][info][gc,reloc    ] GC(118) Large Pages: 0 / 0M, Empty: 0M, Relocated: 0M, In-Place: 0
[59.243s][info][gc,reloc    ] GC(118) Forwarding Usage: 2M
[59.243s][info][gc,heap     ] GC(118) Min Capacity: 8M(0%)
[59.243s][info][gc,heap     ] GC(118) Max Capacity: 2048M(100%)
[59.243s][info][gc,heap     ] GC(118) Soft Max Capacity: 2048M(100%)
[59.243s][info][gc,heap     ] GC(118)                Mark Start          Mark End        Relocate Start      Relocate End           High               Low         
[59.243s][info][gc,heap     ] GC(118)  Capacity:     2048M (100%)       2048M (100%)       2048M (100%)       2048M (100%)       2048M (100%)       2048M (100%)   
[59.243s][info][gc,heap     ] GC(118)      Free:      552M (27%)         364M (18%)        1732M (85%)        1742M (85%)        1770M (86%)         360M (18%)    
[59.243s][info][gc,heap     ] GC(118)      Used:     1496M (73%)        1684M (82%)         316M (15%)         306M (15%)        1688M (82%)         278M (14%)    
[59.243s][info][gc,heap     ] GC(118)      Live:         -                24M (1%)           24M (1%)           24M (1%)             -                  -          
[59.243s][info][gc,heap     ] GC(118) Allocated:         -               188M (9%)          212M (10%)         245M (12%)            -                  -          
[59.244s][info][gc,heap     ] GC(118)   Garbage:         -              1471M (72%)          79M (4%)           35M (2%)             -                  -          
[59.244s][info][gc,heap     ] GC(118) Reclaimed:         -                  -              1392M (68%)        1435M (70%)            -                  -          
[59.244s][info][gc          ] GC(118) Garbage Collection (Allocation Rate) 1496M(73%)->306M(15%)
[59.641s][info][gc,start    ] GC(119) Garbage Collection (Allocation Rate)
[59.641s][info][gc,task     ] GC(119) Using 1 workers
[59.641s][info][gc,phases   ] GC(119) Pause Mark Start 0.015ms
[59.726s][info][gc,phases   ] GC(119) Concurrent Mark 84.700ms
[59.726s][info][gc,phases   ] GC(119) Pause Mark End 0.016ms
[59.726s][info][gc,phases   ] GC(119) Concurrent Mark Free 0.001ms
[59.728s][info][gc,phases   ] GC(119) Concurrent Process Non-Strong References 1.529ms
[59.728s][info][gc,phases   ] GC(119) Concurrent Reset Relocation Set 0.003ms
[59.732s][info][gc,phases   ] GC(119) Concurrent Select Relocation Set 3.911ms
[59.732s][info][gc,phases   ] GC(119) Pause Relocate Start 0.004ms
[59.742s][info][gc,phases   ] GC(119) Concurrent Relocate 9.686ms
[59.742s][info][gc,load     ] GC(119) Load: 0.00/0.00/0.00
[59.742s][info][gc,mmu      ] GC(119) MMU: 2ms/98.4%, 5ms/99.3%, 10ms/99.6%, 20ms/99.7%, 50ms/99.8%, 100ms/99.9%
[59.742s][info][gc,marking  ] GC(119) Mark: 1 stripe(s), 2 proactive flush(es), 1 terminate flush(es), 0 completion(s), 0 continuation(s) 
[59.742s][info][gc,marking  ] GC(119) Mark Stack Usage: 32M
[59.742s][info][gc,nmethod  ] GC(119) NMethods: 332 registered, 0 unregistered
[59.742s][info][gc,metaspace] GC(119) Metaspace: 8M used, 8M committed, 1088M reserved
[59.742s][info][gc,ref      ] GC(119) Soft: 174 encountered, 0 discovered, 0 enqueued
[59.742s][info][gc,ref      ] GC(119) Weak: 570 encountered, 382 discovered, 0 enqueued
[59.742s][info][gc,ref      ] GC(119) Final: 0 encountered, 0 discovered, 0 enqueued
[59.742s][info][gc,ref      ] GC(119) Phantom: 21 encountered, 10 discovered, 0 enqueued
[59.742s][info][gc,reloc    ] GC(119) Small Pages: 646 / 1292M, Empty: 1238M, Relocated: 3M, In-Place: 0
[59.742s][info][gc,reloc    ] GC(119) Medium Pages: 2 / 64M, Empty: 0M, Relocated: 2M, In-Place: 0
[59.742s][info][gc,reloc    ] GC(119) Large Pages: 0 / 0M, Empty: 0M, Relocated: 0M, In-Place: 0
[59.742s][info][gc,reloc    ] GC(119) Forwarding Usage: 1M
[59.742s][info][gc,heap     ] GC(119) Min Capacity: 8M(0%)
[59.742s][info][gc,heap     ] GC(119) Max Capacity: 2048M(100%)
[59.742s][info][gc,heap     ] GC(119) Soft Max Capacity: 2048M(100%)
[59.742s][info][gc,heap     ] GC(119)                Mark Start          Mark End        Relocate Start      Relocate End           High               Low         
[59.742s][info][gc,heap     ] GC(119)  Capacity:     2048M (100%)       2048M (100%)       2048M (100%)       2048M (100%)       2048M (100%)       2048M (100%)   
[59.742s][info][gc,heap     ] GC(119)      Free:      692M (34%)         468M (23%)        1692M (83%)        1722M (84%)        1736M (85%)         464M (23%)    
[59.742s][info][gc,heap     ] GC(119)      Used:     1356M (66%)        1580M (77%)         356M (17%)         326M (16%)        1584M (77%)         312M (15%)    
[59.742s][info][gc,heap     ] GC(119)      Live:         -                27M (1%)           27M (1%)           27M (1%)             -                  -          
[59.742s][info][gc,heap     ] GC(119) Allocated:         -               224M (11%)         238M (12%)         261M (13%)            -                  -          
[59.742s][info][gc,heap     ] GC(119)   Garbage:         -              1328M (65%)          90M (4%)           36M (2%)             -                  -          
[59.742s][info][gc,heap     ] GC(119) Reclaimed:         -                  -              1238M (60%)        1291M (63%)            -                  -          
[59.742s][info][gc          ] GC(119) Garbage Collection (Allocation Rate) 1356M(66%)->326M(16%)
[60.148s][info][gc,stats    ] === Garbage Collection Statistics =======================================================================================================================
[60.148s][info][gc,stats    ]                                                              Last 10s              Last 10m              Last 10h                Total
[60.148s][info][gc,stats    ]                                                              Avg / Max             Avg / Max             Avg / Max             Avg / Max
[60.148s][info][gc,stats    ]   Collector: Garbage Collection Cycle                     65.297 / 141.962      59.241 / 141.962      59.241 / 141.962      59.241 / 141.962     ms
[60.148s][info][gc,stats    ]  Contention: Mark Segment Reset Contention                     0 / 3                 1 / 17                1 / 17                1 / 17          ops/s
[60.148s][info][gc,stats    ]  Contention: Mark SeqNum Reset Contention                      0 / 0                 0 / 1                 0 / 1                 0 / 1           ops/s
[60.148s][info][gc,stats    ]    Critical: Allocation Stall                                  0 / 0                 0 / 0                 0 / 0                 0 / 0           ops/s
[60.148s][info][gc,stats    ]    Critical: Allocation Stall                              0.000 / 0.000         0.000 / 0.000         0.000 / 0.000         0.000 / 0.000       ms
[60.148s][info][gc,stats    ]    Critical: GC Locker Stall                                   0 / 0                 0 / 0                 0 / 0                 0 / 0           ops/s
[60.148s][info][gc,stats    ]    Critical: GC Locker Stall                               0.000 / 0.000         0.000 / 0.000         0.000 / 0.000         0.000 / 0.000       ms
[60.148s][info][gc,stats    ]    Critical: Relocation Stall                                  0 / 0                 0 / 0                 0 / 0                 0 / 0           ops/s
[60.148s][info][gc,stats    ]    Critical: Relocation Stall                              0.000 / 0.000         0.000 / 0.000         0.000 / 0.000         0.000 / 0.000       ms
[60.148s][info][gc,stats    ]      Memory: Allocation Rate                                2141 / 2506           2088 / 2506           2088 / 2506           2088 / 2506        MB/s
[60.148s][info][gc,stats    ]      Memory: Defragment                                        0 / 0                 0 / 0                 0 / 0                 0 / 0           ops/s
[60.148s][info][gc,stats    ]      Memory: Out Of Memory                                     0 / 0                 0 / 0                 0 / 0                 0 / 0           ops/s
[60.148s][info][gc,stats    ]      Memory: Page Cache Flush                                  0 / 0                 0 / 0                 0 / 0                 0 / 0           MB/s
[60.148s][info][gc,stats    ]      Memory: Page Cache Hit L1                              1051 / 1231           1012 / 1245           1012 / 1245           1012 / 1245        ops/s
[60.148s][info][gc,stats    ]      Memory: Page Cache Hit L2                                 0 / 0                 0 / 0                 0 / 0                 0 / 0           ops/s
[60.148s][info][gc,stats    ]      Memory: Page Cache Hit L3                                 2 / 19               14 / 355              14 / 355              14 / 355         ops/s
[60.148s][info][gc,stats    ]      Memory: Page Cache Miss                                   0 / 0                 0 / 1                 0 / 1                 0 / 1           ops/s
[60.148s][info][gc,stats    ]      Memory: Uncommit                                          0 / 0                 0 / 0                 0 / 0                 0 / 0           MB/s
[60.148s][info][gc,stats    ]      Memory: Undo Object Allocation Failed                     0 / 0                 0 / 0                 0 / 0                 0 / 0           ops/s
[60.148s][info][gc,stats    ]      Memory: Undo Object Allocation Succeeded                  0 / 0                 0 / 3                 0 / 3                 0 / 3           ops/s
[60.148s][info][gc,stats    ]      Memory: Undo Page Allocation                              0 / 0                 0 / 0                 0 / 0                 0 / 0           ops/s
[60.148s][info][gc,stats    ]       Phase: Concurrent Mark                              49.938 / 126.114      42.741 / 126.114      42.741 / 126.114      42.741 / 126.114     ms
[60.149s][info][gc,stats    ]       Phase: Concurrent Mark Continue                      0.000 / 0.000         0.000 / 0.000         0.000 / 0.000         0.000 / 0.000       ms
[60.149s][info][gc,stats    ]       Phase: Concurrent Mark Free                          0.001 / 0.001         0.001 / 0.002         0.001 / 0.002         0.001 / 0.002       ms
[60.149s][info][gc,stats    ]       Phase: Concurrent Process Non-Strong References      2.210 / 5.974         2.476 / 5.974         2.476 / 5.974         2.476 / 5.974       ms
[60.149s][info][gc,stats    ]       Phase: Concurrent Relocate                           7.570 / 18.881        7.700 / 30.805        7.700 / 30.805        7.700 / 30.805      ms
[60.149s][info][gc,stats    ]       Phase: Concurrent Reset Relocation Set               0.003 / 0.004         0.003 / 0.006         0.003 / 0.006         0.003 / 0.006       ms
[60.149s][info][gc,stats    ]       Phase: Concurrent Select Relocation Set              4.681 / 8.070         5.286 / 14.777        5.286 / 14.777        5.286 / 14.777      ms
[60.149s][info][gc,stats    ]       Phase: Pause Mark End                                0.017 / 0.020         0.018 / 0.033         0.018 / 0.033         0.018 / 0.033       ms
[60.149s][info][gc,stats    ]       Phase: Pause Mark Start                              0.015 / 0.020         0.016 / 0.021         0.016 / 0.021         0.016 / 0.021       ms
[60.149s][info][gc,stats    ]       Phase: Pause Relocate Start                          0.006 / 0.010         0.006 / 0.010         0.006 / 0.010         0.006 / 0.010       ms
[60.149s][info][gc,stats    ]    Subphase: Concurrent Classes Purge                      0.224 / 4.391         0.051 / 4.391         0.051 / 4.391         0.051 / 4.391       ms
[60.149s][info][gc,stats    ]    Subphase: Concurrent Classes Unlink                     1.444 / 3.975         1.914 / 3.983         1.914 / 3.983         1.914 / 3.983       ms
[60.149s][info][gc,stats    ]    Subphase: Concurrent Mark                              22.973 / 124.665      19.808 / 124.665      19.808 / 124.665      19.808 / 124.665     ms
[60.149s][info][gc,stats    ]    Subphase: Concurrent Mark Try Flush                     0.030 / 0.067         0.032 / 0.089         0.032 / 0.089         0.032 / 0.089       ms
[60.149s][info][gc,stats    ]    Subphase: Concurrent Mark Try Terminate                 4.738 / 15.884        2.694 / 16.268        2.694 / 16.268        2.694 / 16.268      ms
[60.149s][info][gc,stats    ]    Subphase: Concurrent References Enqueue                 0.000 / 0.001         0.000 / 0.004         0.000 / 0.004         0.000 / 0.004       ms
[60.149s][info][gc,stats    ]    Subphase: Concurrent References Process                 0.060 / 0.106         0.056 / 0.106         0.056 / 0.106         0.056 / 0.106       ms
[60.149s][info][gc,stats    ]    Subphase: Concurrent Roots ClassLoaderDataGraph         0.096 / 0.307         0.099 / 0.612         0.099 / 0.612         0.099 / 0.612       ms
[60.149s][info][gc,stats    ]    Subphase: Concurrent Roots CodeCache                    0.000 / 0.000         0.000 / 0.000         0.000 / 0.000         0.000 / 0.000       ms
[60.149s][info][gc,stats    ]    Subphase: Concurrent Roots JavaThreads                  0.304 / 1.158         0.310 / 1.382         0.310 / 1.382         0.310 / 1.382       ms
[60.149s][info][gc,stats    ]    Subphase: Concurrent Roots OopStorageSet                0.017 / 0.053         0.018 / 0.217         0.018 / 0.217         0.018 / 0.217       ms
[60.149s][info][gc,stats    ]    Subphase: Concurrent Weak Roots OopStorageSet           0.160 / 0.796         0.162 / 1.059         0.162 / 1.059         0.162 / 1.059       ms
[60.149s][info][gc,stats    ]    Subphase: Pause Mark Try Complete                       0.000 / 0.000         0.000 / 0.000         0.000 / 0.000         0.000 / 0.000       ms
[60.149s][info][gc,stats    ]      System: Java Threads                                     11 / 12               12 / 24               12 / 24               12 / 24          threads
[60.149s][info][gc,stats    ] =========================================================================================================================================================
[60.270s][info][gc,start    ] GC(120) Garbage Collection (System.gc())
[60.270s][info][gc,task     ] GC(120) Using 12 workers
[60.270s][info][gc,phases   ] GC(120) Pause Mark Start 0.017ms
[60.288s][info][gc,phases   ] GC(120) Concurrent Mark 18.175ms
[60.288s][info][gc,phases   ] GC(120) Pause Mark End 0.016ms
[60.288s][info][gc,phases   ] GC(120) Concurrent Mark Free 0.001ms
[60.289s][info][gc,phases   ] GC(120) Concurrent Process Non-Strong References 0.305ms
[60.289s][info][gc,phases   ] GC(120) Concurrent Reset Relocation Set 0.004ms
[60.293s][info][gc,phases   ] GC(120) Concurrent Select Relocation Set 3.721ms
[60.293s][info][gc,phases   ] GC(120) Pause Relocate Start 0.006ms
[60.294s][info][gc,phases   ] GC(120) Concurrent Relocate 1.026ms
[60.294s][info][gc,load     ] GC(120) Load: 0.00/0.00/0.00
[60.294s][info][gc,mmu      ] GC(120) MMU: 2ms/98.4%, 5ms/99.3%, 10ms/99.6%, 20ms/99.7%, 50ms/99.8%, 100ms/99.9%
[60.294s][info][gc,marking  ] GC(120) Mark: 8 stripe(s), 1 proactive flush(es), 1 terminate flush(es), 0 completion(s), 0 continuation(s) 
[60.294s][info][gc,marking  ] GC(120) Mark Stack Usage: 32M
[60.294s][info][gc,nmethod  ] GC(120) NMethods: 332 registered, 1 unregistered
[60.294s][info][gc,metaspace] GC(120) Metaspace: 8M used, 8M committed, 1088M reserved
[60.294s][info][gc,ref      ] GC(120) Soft: 174 encountered, 0 discovered, 0 enqueued
[60.294s][info][gc,ref      ] GC(120) Weak: 570 encountered, 25 discovered, 0 enqueued
[60.294s][info][gc,ref      ] GC(120) Final: 0 encountered, 0 discovered, 0 enqueued
[60.294s][info][gc,ref      ] GC(120) Phantom: 21 encountered, 18 discovered, 0 enqueued
[60.294s][info][gc,reloc    ] GC(120) Small Pages: 289 / 578M, Empty: 566M, Relocated: 0M, In-Place: 0
[60.294s][info][gc,reloc    ] GC(120) Medium Pages: 2 / 64M, Empty: 64M, Relocated: 0M, In-Place: 0
[60.294s][info][gc,reloc    ] GC(120) Large Pages: 0 / 0M, Empty: 0M, Relocated: 0M, In-Place: 0
[60.294s][info][gc,reloc    ] GC(120) Forwarding Usage: 0M
[60.294s][info][gc,heap     ] GC(120) Min Capacity: 8M(0%)
[60.294s][info][gc,heap     ] GC(120) Max Capacity: 2048M(100%)
[60.294s][info][gc,heap     ] GC(120) Soft Max Capacity: 2048M(100%)
[60.294s][info][gc,heap     ] GC(120)                Mark Start          Mark End        Relocate Start      Relocate End           High               Low         
[60.294s][info][gc,heap     ] GC(120)  Capacity:     2048M (100%)       2048M (100%)       2048M (100%)       2048M (100%)       2048M (100%)       2048M (100%)   
[60.294s][info][gc,heap     ] GC(120)      Free:     1406M (69%)        1406M (69%)        2036M (99%)        2036M (99%)        2036M (99%)        1406M (69%)    
[60.294s][info][gc,heap     ] GC(120)      Used:      642M (31%)         642M (31%)          12M (1%)           12M (1%)          642M (31%)          12M (1%)     
[60.294s][info][gc,heap     ] GC(120)      Live:         -                 4M (0%)            4M (0%)            4M (0%)             -                  -          
[60.294s][info][gc,heap     ] GC(120) Allocated:         -                 0M (0%)            0M (0%)            0M (0%)             -                  -          
[60.294s][info][gc,heap     ] GC(120)   Garbage:         -               637M (31%)           7M (0%)            7M (0%)             -                  -          
[60.295s][info][gc,heap     ] GC(120) Reclaimed:         -                  -               630M (31%)         630M (31%)            -                  -          
[60.295s][info][gc          ] GC(120) Garbage Collection (System.gc()) 642M(31%)->12M(1%)
[60.951s][info][gc,start    ] GC(121) Garbage Collection (Allocation Rate)
[60.951s][info][gc,task     ] GC(121) Using 4 workers
[60.952s][info][gc,phases   ] GC(121) Pause Mark Start 0.017ms
[60.982s][info][gc,phases   ] GC(121) Concurrent Mark 30.868ms
[60.983s][info][gc,phases   ] GC(121) Pause Mark End 0.018ms
[60.983s][info][gc,phases   ] GC(121) Concurrent Mark Free 0.001ms
[60.983s][info][gc,phases   ] GC(121) Concurrent Process Non-Strong References 0.506ms
[60.983s][info][gc,phases   ] GC(121) Concurrent Reset Relocation Set 0.001ms
[60.989s][info][gc,phases   ] GC(121) Concurrent Select Relocation Set 5.576ms
[60.989s][info][gc,phases   ] GC(121) Pause Relocate Start 0.006ms
[60.994s][info][gc,phases   ] GC(121) Concurrent Relocate 4.457ms
[60.994s][info][gc,load     ] GC(121) Load: 0.00/0.00/0.00
[60.994s][info][gc,mmu      ] GC(121) MMU: 2ms/98.4%, 5ms/99.3%, 10ms/99.6%, 20ms/99.7%, 50ms/99.8%, 100ms/99.9%
[60.994s][info][gc,marking  ] GC(121) Mark: 4 stripe(s), 3 proactive flush(es), 1 terminate flush(es), 0 completion(s), 0 continuation(s) 
[60.994s][info][gc,marking  ] GC(121) Mark Stack Usage: 32M
[60.994s][info][gc,nmethod  ] GC(121) NMethods: 333 registered, 1 unregistered
[60.994s][info][gc,metaspace] GC(121) Metaspace: 8M used, 8M committed, 1088M reserved
[60.994s][info][gc,ref      ] GC(121) Soft: 174 encountered, 0 discovered, 0 enqueued
[60.994s][info][gc,ref      ] GC(121) Weak: 570 encountered, 132 discovered, 0 enqueued
[60.994s][info][gc,ref      ] GC(121) Final: 0 encountered, 0 discovered, 0 enqueued
[60.994s][info][gc,ref      ] GC(121) Phantom: 21 encountered, 20 discovered, 0 enqueued
[60.994s][info][gc,reloc    ] GC(121) Small Pages: 819 / 1638M, Empty: 1598M, Relocated: 5M, In-Place: 0
[60.994s][info][gc,reloc    ] GC(121) Medium Pages: 1 / 32M, Empty: 0M, Relocated: 0M, In-Place: 0
[60.994s][info][gc,reloc    ] GC(121) Large Pages: 0 / 0M, Empty: 0M, Relocated: 0M, In-Place: 0
[60.994s][info][gc,reloc    ] GC(121) Forwarding Usage: 2M
[60.994s][info][gc,heap     ] GC(121) Min Capacity: 8M(0%)
[60.994s][info][gc,heap     ] GC(121) Max Capacity: 2048M(100%)
[60.994s][info][gc,heap     ] GC(121) Soft Max Capacity: 2048M(100%)
[60.994s][info][gc,heap     ] GC(121)                Mark Start          Mark End        Relocate Start      Relocate End           High               Low         
[60.994s][info][gc,heap     ] GC(121)  Capacity:     2048M (100%)       2048M (100%)       2048M (100%)       2048M (100%)       2048M (100%)       2048M (100%)   
[60.994s][info][gc,heap     ] GC(121)      Free:      378M (18%)         336M (16%)        1920M (94%)        1936M (95%)        1938M (95%)         334M (16%)    
[60.994s][info][gc,heap     ] GC(121)      Used:     1670M (82%)        1712M (84%)         128M (6%)          112M (5%)         1714M (84%)         110M (5%)     
[60.994s][info][gc,heap     ] GC(121)      Live:         -                 8M (0%)            8M (0%)            8M (0%)             -                  -          
[60.994s][info][gc,heap     ] GC(121) Allocated:         -                42M (2%)           56M (3%)           67M (3%)             -                  -          
[60.994s][info][gc,heap     ] GC(121)   Garbage:         -              1661M (81%)          63M (3%)           35M (2%)             -                  -          
[60.994s][info][gc,heap     ] GC(121) Reclaimed:         -                  -              1598M (78%)        1625M (79%)            -                  -          
[60.994s][info][gc          ] GC(121) Garbage Collection (Allocation Rate) 1670M(82%)->112M(5%)
[61.241s][info][gc,start    ] GC(122) Garbage Collection (Allocation Rate)
[61.241s][info][gc,task     ] GC(122) Using 6 workers
[61.241s][info][gc,phases   ] GC(122) Pause Mark Start 0.015ms
[61.252s][info][gc,phases   ] GC(122) Concurrent Mark 10.604ms
[61.252s][info][gc,phases   ] GC(122) Pause Mark End 0.014ms
[61.252s][info][gc,phases   ] GC(122) Concurrent Mark Free 0.001ms
[61.252s][info][gc,phases   ] GC(122) Concurrent Process Non-Strong References 0.345ms
[61.252s][info][gc,phases   ] GC(122) Concurrent Reset Relocation Set 0.005ms
[61.260s][info][gc,phases   ] GC(122) Concurrent Select Relocation Set 7.695ms
[61.260s][info][gc,phases   ] GC(122) Pause Relocate Start 0.007ms
[61.265s][info][gc,phases   ] GC(122) Concurrent Relocate 4.689ms
[61.265s][info][gc,load     ] GC(122) Load: 0.00/0.00/0.00
[61.265s][info][gc,mmu      ] GC(122) MMU: 2ms/98.4%, 5ms/99.3%, 10ms/99.6%, 20ms/99.7%, 50ms/99.8%, 100ms/99.9%
[61.265s][info][gc,marking  ] GC(122) Mark: 4 stripe(s), 2 proactive flush(es), 1 terminate flush(es), 0 completion(s), 0 continuation(s) 
[61.265s][info][gc,marking  ] GC(122) Mark Stack Usage: 32M
[61.265s][info][gc,nmethod  ] GC(122) NMethods: 333 registered, 1 unregistered
[61.265s][info][gc,metaspace] GC(122) Metaspace: 8M used, 8M committed, 1088M reserved
[61.265s][info][gc,ref      ] GC(122) Soft: 174 encountered, 0 discovered, 0 enqueued
[61.265s][info][gc,ref      ] GC(122) Weak: 570 encountered, 204 discovered, 0 enqueued
[61.265s][info][gc,ref      ] GC(122) Final: 0 encountered, 0 discovered, 0 enqueued
[61.265s][info][gc,ref      ] GC(122) Phantom: 21 encountered, 13 discovered, 0 enqueued
[61.265s][info][gc,reloc    ] GC(122) Small Pages: 312 / 624M, Empty: 590M, Relocated: 6M, In-Place: 0
[61.265s][info][gc,reloc    ] GC(122) Medium Pages: 2 / 64M, Empty: 32M, Relocated: 0M, In-Place: 0
[61.265s][info][gc,reloc    ] GC(122) Large Pages: 0 / 0M, Empty: 0M, Relocated: 0M, In-Place: 0
[61.265s][info][gc,reloc    ] GC(122) Forwarding Usage: 2M
[61.265s][info][gc,heap     ] GC(122) Min Capacity: 8M(0%)
[61.265s][info][gc,heap     ] GC(122) Max Capacity: 2048M(100%)
[61.265s][info][gc,heap     ] GC(122) Soft Max Capacity: 2048M(100%)
[61.265s][info][gc,heap     ] GC(122)                Mark Start          Mark End        Relocate Start      Relocate End           High               Low         
[61.265s][info][gc,heap     ] GC(122)  Capacity:     2048M (100%)       2048M (100%)       2048M (100%)       2048M (100%)       2048M (100%)       2048M (100%)   
[61.265s][info][gc,heap     ] GC(122)      Free:     1360M (66%)        1354M (66%)        1966M (96%)        1976M (96%)        1976M (96%)        1354M (66%)    
[61.265s][info][gc,heap     ] GC(122)      Used:      688M (34%)         694M (34%)          82M (4%)           72M (4%)          694M (34%)          72M (4%)     
[61.265s][info][gc,heap     ] GC(122)      Live:         -                10M (1%)           10M (1%)           10M (1%)             -                  -          
[61.266s][info][gc,heap     ] GC(122) Allocated:         -                 6M (0%)           16M (1%)           23M (1%)             -                  -          
[61.266s][info][gc,heap     ] GC(122)   Garbage:         -               677M (33%)          55M (3%)           37M (2%)             -                  -          
[61.266s][info][gc,heap     ] GC(122) Reclaimed:         -                  -               622M (30%)         639M (31%)            -                  -          
[61.266s][info][gc          ] GC(122) Garbage Collection (Allocation Rate) 688M(34%)->72M(4%)
[61.841s][info][gc,start    ] GC(123) Garbage Collection (Allocation Rate)
[61.841s][info][gc,task     ] GC(123) Using 3 workers
[61.841s][info][gc,phases   ] GC(123) Pause Mark Start 0.018ms
[61.871s][info][gc,phases   ] GC(123) Concurrent Mark 29.606ms
[61.871s][info][gc,phases   ] GC(123) Pause Mark End 0.019ms
[61.871s][info][gc,phases   ] GC(123) Concurrent Mark Free 0.001ms
[61.872s][info][gc,phases   ] GC(123) Concurrent Process Non-Strong References 0.610ms
[61.872s][info][gc,phases   ] GC(123) Concurrent Reset Relocation Set 0.003ms
[61.876s][info][gc,phases   ] GC(123) Concurrent Select Relocation Set 3.986ms
[61.876s][info][gc,phases   ] GC(123) Pause Relocate Start 0.006ms
[61.879s][info][gc,phases   ] GC(123) Concurrent Relocate 2.886ms
[61.879s][info][gc,load     ] GC(123) Load: 0.00/0.00/0.00
[61.879s][info][gc,mmu      ] GC(123) MMU: 2ms/98.4%, 5ms/99.3%, 10ms/99.6%, 20ms/99.7%, 50ms/99.8%, 100ms/99.9%
[61.879s][info][gc,marking  ] GC(123) Mark: 2 stripe(s), 2 proactive flush(es), 1 terminate flush(es), 0 completion(s), 0 continuation(s) 
[61.879s][info][gc,marking  ] GC(123) Mark Stack Usage: 32M
[61.879s][info][gc,nmethod  ] GC(123) NMethods: 333 registered, 1 unregistered
[61.879s][info][gc,metaspace] GC(123) Metaspace: 8M used, 8M committed, 1088M reserved
[61.879s][info][gc,ref      ] GC(123) Soft: 174 encountered, 0 discovered, 0 enqueued
[61.880s][info][gc,ref      ] GC(123) Weak: 570 encountered, 154 discovered, 0 enqueued
[61.880s][info][gc,ref      ] GC(123) Final: 0 encountered, 0 discovered, 0 enqueued
[61.880s][info][gc,ref      ] GC(123) Phantom: 21 encountered, 10 discovered, 0 enqueued
[61.880s][info][gc,reloc    ] GC(123) Small Pages: 731 / 1462M, Empty: 1422M, Relocated: 3M, In-Place: 0
[61.880s][info][gc,reloc    ] GC(123) Medium Pages: 2 / 64M, Empty: 0M, Relocated: 1M, In-Place: 0
[61.880s][info][gc,reloc    ] GC(123) Large Pages: 0 / 0M, Empty: 0M, Relocated: 0M, In-Place: 0
[61.880s][info][gc,reloc    ] GC(123) Forwarding Usage: 1M
[61.880s][info][gc,heap     ] GC(123) Min Capacity: 8M(0%)
[61.880s][info][gc,heap     ] GC(123) Max Capacity: 2048M(100%)
[61.880s][info][gc,heap     ] GC(123) Soft Max Capacity: 2048M(100%)
[61.880s][info][gc,heap     ] GC(123)                Mark Start          Mark End        Relocate Start      Relocate End           High               Low         
[61.880s][info][gc,heap     ] GC(123)  Capacity:     2048M (100%)       2048M (100%)       2048M (100%)       2048M (100%)       2048M (100%)       2048M (100%)   
[61.880s][info][gc,heap     ] GC(123)      Free:      522M (25%)         446M (22%)        1860M (91%)        1904M (93%)        1904M (93%)         444M (22%)    
[61.880s][info][gc,heap     ] GC(123)      Used:     1526M (75%)        1602M (78%)         188M (9%)          144M (7%)         1604M (78%)         144M (7%)     
[61.880s][info][gc,heap     ] GC(123)      Live:         -                15M (1%)           15M (1%)           15M (1%)             -                  -          
[61.880s][info][gc,heap     ] GC(123) Allocated:         -                76M (4%)           84M (4%)           91M (4%)             -                  -          
[61.880s][info][gc,heap     ] GC(123)   Garbage:         -              1510M (74%)          88M (4%)           36M (2%)             -                  -          
[61.880s][info][gc,heap     ] GC(123) Reclaimed:         -                  -              1422M (69%)        1473M (72%)            -                  -          
[61.880s][info][gc          ] GC(123) Garbage Collection (Allocation Rate) 1526M(75%)->144M(7%)
[62.356s][info][gc,start    ] GC(124) Garbage Collection (Allocation Rate)
[62.356s][info][gc,task     ] GC(124) Using 1 workers
[62.356s][info][gc,phases   ] GC(124) Pause Mark Start 0.016ms
[62.418s][info][gc,phases   ] GC(124) Concurrent Mark 61.762ms
[62.418s][info][gc,phases   ] GC(124) Pause Mark End 0.019ms
[62.418s][info][gc,phases   ] GC(124) Concurrent Mark Free 0.001ms
[62.420s][info][gc,phases   ] GC(124) Concurrent Process Non-Strong References 1.595ms
[62.420s][info][gc,phases   ] GC(124) Concurrent Reset Relocation Set 0.003ms
[62.427s][info][gc,phases   ] GC(124) Concurrent Select Relocation Set 7.555ms
[62.427s][info][gc,phases   ] GC(124) Pause Relocate Start 0.005ms
[62.442s][info][gc,phases   ] GC(124) Concurrent Relocate 14.324ms
[62.442s][info][gc,load     ] GC(124) Load: 0.00/0.00/0.00
[62.442s][info][gc,mmu      ] GC(124) MMU: 2ms/98.4%, 5ms/99.3%, 10ms/99.6%, 20ms/99.7%, 50ms/99.8%, 100ms/99.9%
[62.442s][info][gc,marking  ] GC(124) Mark: 1 stripe(s), 2 proactive flush(es), 1 terminate flush(es), 0 completion(s), 0 continuation(s) 
[62.442s][info][gc,marking  ] GC(124) Mark Stack Usage: 32M
[62.442s][info][gc,nmethod  ] GC(124) NMethods: 333 registered, 1 unregistered
[62.442s][info][gc,metaspace] GC(124) Metaspace: 8M used, 8M committed, 1088M reserved
[62.442s][info][gc,ref      ] GC(124) Soft: 174 encountered, 0 discovered, 0 enqueued
[62.442s][info][gc,ref      ] GC(124) Weak: 570 encountered, 382 discovered, 0 enqueued
[62.442s][info][gc,ref      ] GC(124) Final: 0 encountered, 0 discovered, 0 enqueued
[62.442s][info][gc,ref      ] GC(124) Phantom: 21 encountered, 10 discovered, 0 enqueued
[62.442s][info][gc,reloc    ] GC(124) Small Pages: 647 / 1294M, Empty: 1248M, Relocated: 5M, In-Place: 0
[62.442s][info][gc,reloc    ] GC(124) Medium Pages: 2 / 64M, Empty: 0M, Relocated: 1M, In-Place: 0
[62.442s][info][gc,reloc    ] GC(124) Large Pages: 0 / 0M, Empty: 0M, Relocated: 0M, In-Place: 0
[62.442s][info][gc,reloc    ] GC(124) Forwarding Usage: 2M
[62.442s][info][gc,heap     ] GC(124) Min Capacity: 8M(0%)
[62.442s][info][gc,heap     ] GC(124) Max Capacity: 2048M(100%)
[62.442s][info][gc,heap     ] GC(124) Soft Max Capacity: 2048M(100%)
[62.442s][info][gc,heap     ] GC(124)                Mark Start          Mark End        Relocate Start      Relocate End           High               Low         
[62.442s][info][gc,heap     ] GC(124)  Capacity:     2048M (100%)       2048M (100%)       2048M (100%)       2048M (100%)       2048M (100%)       2048M (100%)   
[62.442s][info][gc,heap     ] GC(124)      Free:      690M (34%)         566M (28%)        1792M (88%)        1818M (89%)        1834M (90%)         562M (27%)    
[62.442s][info][gc,heap     ] GC(124)      Used:     1358M (66%)        1482M (72%)         256M (13%)         230M (11%)        1486M (73%)         214M (10%)    
[62.442s][info][gc,heap     ] GC(124)      Live:         -                18M (1%)           18M (1%)           18M (1%)             -                  -          
[62.442s][info][gc,heap     ] GC(124) Allocated:         -               124M (6%)          146M (7%)          175M (9%)             -                  -          
[62.442s][info][gc,heap     ] GC(124)   Garbage:         -              1339M (65%)          91M (4%)           35M (2%)             -                  -          
[62.442s][info][gc,heap     ] GC(124) Reclaimed:         -                  -              1248M (61%)        1303M (64%)            -                  -          
[62.442s][info][gc          ] GC(124) Garbage Collection (Allocation Rate) 1358M(66%)->230M(11%)
[62.956s][info][gc,start    ] GC(125) Garbage Collection (Allocation Rate)
[62.956s][info][gc,task     ] GC(125) Using 1 workers
[62.956s][info][gc,phases   ] GC(125) Pause Mark Start 0.019ms
[63.022s][info][gc,phases   ] GC(125) Concurrent Mark 65.129ms
[63.022s][info][gc,phases   ] GC(125) Pause Mark End 0.021ms
[63.022s][info][gc,phases   ] GC(125) Concurrent Mark Free 0.001ms
[63.023s][info][gc,phases   ] GC(125) Concurrent Process Non-Strong References 1.526ms
[63.023s][info][gc,phases   ] GC(125) Concurrent Reset Relocation Set 0.004ms
[63.032s][info][gc,phases   ] GC(125) Concurrent Select Relocation Set 8.133ms
[63.032s][info][gc,phases   ] GC(125) Pause Relocate Start 0.006ms
[63.050s][info][gc,phases   ] GC(125) Concurrent Relocate 18.185ms
[63.050s][info][gc,load     ] GC(125) Load: 0.00/0.00/0.00
[63.050s][info][gc,mmu      ] GC(125) MMU: 2ms/98.4%, 5ms/99.3%, 10ms/99.6%, 20ms/99.7%, 50ms/99.8%, 100ms/99.9%
[63.050s][info][gc,marking  ] GC(125) Mark: 1 stripe(s), 2 proactive flush(es), 1 terminate flush(es), 0 completion(s), 0 continuation(s) 
[63.050s][info][gc,marking  ] GC(125) Mark Stack Usage: 32M
[63.050s][info][gc,nmethod  ] GC(125) NMethods: 334 registered, 2 unregistered
[63.050s][info][gc,metaspace] GC(125) Metaspace: 8M used, 8M committed, 1088M reserved
[63.050s][info][gc,ref      ] GC(125) Soft: 174 encountered, 0 discovered, 0 enqueued
[63.050s][info][gc,ref      ] GC(125) Weak: 570 encountered, 155 discovered, 0 enqueued
[63.050s][info][gc,ref      ] GC(125) Final: 0 encountered, 0 discovered, 0 enqueued
[63.050s][info][gc,ref      ] GC(125) Phantom: 21 encountered, 14 discovered, 0 enqueued
[63.050s][info][gc,reloc    ] GC(125) Small Pages: 700 / 1400M, Empty: 1360M, Relocated: 6M, In-Place: 0
[63.050s][info][gc,reloc    ] GC(125) Medium Pages: 2 / 64M, Empty: 0M, Relocated: 1M, In-Place: 0
[63.050s][info][gc,reloc    ] GC(125) Large Pages: 0 / 0M, Empty: 0M, Relocated: 0M, In-Place: 0
[63.050s][info][gc,reloc    ] GC(125) Forwarding Usage: 3M
[63.050s][info][gc,heap     ] GC(125) Min Capacity: 8M(0%)
[63.051s][info][gc,heap     ] GC(125) Max Capacity: 2048M(100%)
[63.051s][info][gc,heap     ] GC(125) Soft Max Capacity: 2048M(100%)
[63.051s][info][gc,heap     ] GC(125)                Mark Start          Mark End        Relocate Start      Relocate End           High               Low         
[63.051s][info][gc,heap     ] GC(125)  Capacity:     2048M (100%)       2048M (100%)       2048M (100%)       2048M (100%)       2048M (100%)       2048M (100%)   
[63.051s][info][gc,heap     ] GC(125)      Free:      584M (29%)         426M (21%)        1760M (86%)        1758M (86%)        1792M (88%)         422M (21%)    
[63.051s][info][gc,heap     ] GC(125)      Used:     1464M (71%)        1622M (79%)         288M (14%)         290M (14%)        1626M (79%)         256M (13%)    
[63.051s][info][gc,heap     ] GC(125)      Live:         -                22M (1%)           22M (1%)           22M (1%)             -                  -          
[63.051s][info][gc,heap     ] GC(125) Allocated:         -               158M (8%)          184M (9%)          231M (11%)            -                  -          
[63.051s][info][gc,heap     ] GC(125)   Garbage:         -              1441M (70%)          81M (4%)           35M (2%)             -                  -          
[63.051s][info][gc,heap     ] GC(125) Reclaimed:         -                  -              1360M (66%)        1405M (69%)            -                  -          
[63.051s][info][gc          ] GC(125) Garbage Collection (Allocation Rate) 1464M(71%)->290M(14%)
[63.541s][info][gc,start    ] GC(126) Garbage Collection (Allocation Rate)
[63.541s][info][gc,task     ] GC(126) Using 1 workers
[63.541s][info][gc,phases   ] GC(126) Pause Mark Start 0.016ms
[63.625s][info][gc,phases   ] GC(126) Concurrent Mark 84.040ms
[63.625s][info][gc,phases   ] GC(126) Pause Mark End 0.019ms
[63.626s][info][gc,phases   ] GC(126) Concurrent Mark Free 0.001ms
[63.627s][info][gc,phases   ] GC(126) Concurrent Process Non-Strong References 1.553ms
[63.627s][info][gc,phases   ] GC(126) Concurrent Reset Relocation Set 0.003ms
[63.631s][info][gc,phases   ] GC(126) Concurrent Select Relocation Set 4.118ms
[63.631s][info][gc,phases   ] GC(126) Pause Relocate Start 0.005ms
[63.645s][info][gc,phases   ] GC(126) Concurrent Relocate 13.317ms
[63.645s][info][gc,load     ] GC(126) Load: 0.00/0.00/0.00
[63.645s][info][gc,mmu      ] GC(126) MMU: 2ms/98.4%, 5ms/99.3%, 10ms/99.6%, 20ms/99.7%, 50ms/99.8%, 100ms/99.9%
[63.645s][info][gc,marking  ] GC(126) Mark: 1 stripe(s), 2 proactive flush(es), 1 terminate flush(es), 0 completion(s), 0 continuation(s) 
[63.645s][info][gc,marking  ] GC(126) Mark Stack Usage: 32M
[63.645s][info][gc,nmethod  ] GC(126) NMethods: 334 registered, 2 unregistered
[63.645s][info][gc,metaspace] GC(126) Metaspace: 8M used, 8M committed, 1088M reserved
[63.645s][info][gc,ref      ] GC(126) Soft: 174 encountered, 0 discovered, 0 enqueued
[63.645s][info][gc,ref      ] GC(126) Weak: 570 encountered, 382 discovered, 0 enqueued
[63.645s][info][gc,ref      ] GC(126) Final: 0 encountered, 0 discovered, 0 enqueued
[63.645s][info][gc,ref      ] GC(126) Phantom: 21 encountered, 10 discovered, 0 enqueued
[63.645s][info][gc,reloc    ] GC(126) Small Pages: 720 / 1440M, Empty: 1388M, Relocated: 4M, In-Place: 0
[63.645s][info][gc,reloc    ] GC(126) Medium Pages: 2 / 64M, Empty: 0M, Relocated: 2M, In-Place: 0
[63.645s][info][gc,reloc    ] GC(126) Large Pages: 0 / 0M, Empty: 0M, Relocated: 0M, In-Place: 0
[63.645s][info][gc,reloc    ] GC(126) Forwarding Usage: 2M
[63.645s][info][gc,heap     ] GC(126) Min Capacity: 8M(0%)
[63.645s][info][gc,heap     ] GC(126) Max Capacity: 2048M(100%)
[63.645s][info][gc,heap     ] GC(126) Soft Max Capacity: 2048M(100%)
[63.645s][info][gc,heap     ] GC(126)                Mark Start          Mark End        Relocate Start      Relocate End           High               Low         
[63.645s][info][gc,heap     ] GC(126)  Capacity:     2048M (100%)       2048M (100%)       2048M (100%)       2048M (100%)       2048M (100%)       2048M (100%)   
[63.645s][info][gc,heap     ] GC(126)      Free:      544M (27%)         362M (18%)        1736M (85%)        1752M (86%)        1774M (87%)         356M (17%)    
[63.645s][info][gc,heap     ] GC(126)      Used:     1504M (73%)        1686M (82%)         312M (15%)         296M (14%)        1692M (83%)         274M (13%)    
[63.646s][info][gc,heap     ] GC(126)      Live:         -                26M (1%)           26M (1%)           26M (1%)             -                  -          
[63.646s][info][gc,heap     ] GC(126) Allocated:         -               182M (9%)          196M (10%)         231M (11%)            -                  -          
[63.646s][info][gc,heap     ] GC(126)   Garbage:         -              1477M (72%)          89M (4%)           37M (2%)             -                  -          
[63.646s][info][gc,heap     ] GC(126) Reclaimed:         -                  -              1388M (68%)        1439M (70%)            -                  -          
[63.646s][info][gc          ] GC(126) Garbage Collection (Allocation Rate) 1504M(73%)->296M(14%)
[64.347s][info][gc,start    ] GC(127) Garbage Collection (System.gc())
[64.347s][info][gc,task     ] GC(127) Using 12 workers
[64.347s][info][gc,phases   ] GC(127) Pause Mark Start 0.016ms
[64.367s][info][gc,phases   ] GC(127) Concurrent Mark 19.760ms
[64.367s][info][gc,phases   ] GC(127) Pause Mark End 0.016ms
[64.367s][info][gc,phases   ] GC(127) Concurrent Mark Free 0.001ms
[64.368s][info][gc,phases   ] GC(127) Concurrent Process Non-Strong References 0.320ms
[64.368s][info][gc,phases   ] GC(127) Concurrent Reset Relocation Set 0.003ms
[64.372s][info][gc,phases   ] GC(127) Concurrent Select Relocation Set 4.217ms
[64.372s][info][gc,phases   ] GC(127) Pause Relocate Start 0.009ms
[64.373s][info][gc,phases   ] GC(127) Concurrent Relocate 1.038ms
[64.373s][info][gc,load     ] GC(127) Load: 0.00/0.00/0.00
[64.373s][info][gc,mmu      ] GC(127) MMU: 2ms/98.4%, 5ms/99.3%, 10ms/99.6%, 20ms/99.7%, 50ms/99.8%, 100ms/99.9%
[64.373s][info][gc,marking  ] GC(127) Mark: 8 stripe(s), 3 proactive flush(es), 1 terminate flush(es), 0 completion(s), 0 continuation(s) 
[64.373s][info][gc,marking  ] GC(127) Mark Stack Usage: 32M
[64.373s][info][gc,nmethod  ] GC(127) NMethods: 345 registered, 2 unregistered
[64.373s][info][gc,metaspace] GC(127) Metaspace: 8M used, 8M committed, 1088M reserved
[64.373s][info][gc,ref      ] GC(127) Soft: 174 encountered, 0 discovered, 0 enqueued
[64.373s][info][gc,ref      ] GC(127) Weak: 570 encountered, 126 discovered, 0 enqueued
[64.373s][info][gc,ref      ] GC(127) Final: 0 encountered, 0 discovered, 0 enqueued
[64.373s][info][gc,ref      ] GC(127) Phantom: 21 encountered, 10 discovered, 0 enqueued
[64.373s][info][gc,reloc    ] GC(127) Small Pages: 490 / 980M, Empty: 968M, Relocated: 0M, In-Place: 0
[64.373s][info][gc,reloc    ] GC(127) Medium Pages: 2 / 64M, Empty: 64M, Relocated: 0M, In-Place: 0
[64.374s][info][gc,reloc    ] GC(127) Large Pages: 0 / 0M, Empty: 0M, Relocated: 0M, In-Place: 0
[64.374s][info][gc,reloc    ] GC(127) Forwarding Usage: 0M
[64.374s][info][gc,heap     ] GC(127) Min Capacity: 8M(0%)
[64.374s][info][gc,heap     ] GC(127) Max Capacity: 2048M(100%)
[64.374s][info][gc,heap     ] GC(127) Soft Max Capacity: 2048M(100%)
[64.374s][info][gc,heap     ] GC(127)                Mark Start          Mark End        Relocate Start      Relocate End           High               Low         
[64.374s][info][gc,heap     ] GC(127)  Capacity:     2048M (100%)       2048M (100%)       2048M (100%)       2048M (100%)       2048M (100%)       2048M (100%)   
[64.374s][info][gc,heap     ] GC(127)      Free:     1004M (49%)        1004M (49%)        2036M (99%)        2036M (99%)        2036M (99%)        1004M (49%)    
[64.374s][info][gc,heap     ] GC(127)      Used:     1044M (51%)        1044M (51%)          12M (1%)           12M (1%)         1044M (51%)          12M (1%)     
[64.374s][info][gc,heap     ] GC(127)      Live:         -                 4M (0%)            4M (0%)            4M (0%)             -                  -          
[64.374s][info][gc,heap     ] GC(127) Allocated:         -                 0M (0%)            0M (0%)            0M (0%)             -                  -          
[64.374s][info][gc,heap     ] GC(127)   Garbage:         -              1039M (51%)           7M (0%)            7M (0%)             -                  -          
[64.374s][info][gc,heap     ] GC(127) Reclaimed:         -                  -              1032M (50%)        1032M (50%)            -                  -          
[64.374s][info][gc          ] GC(127) Garbage Collection (System.gc()) 1044M(51%)->12M(1%)
[65.046s][info][gc,start    ] GC(128) Garbage Collection (Allocation Rate)
[65.046s][info][gc,task     ] GC(128) Using 5 workers
[65.046s][info][gc,phases   ] GC(128) Pause Mark Start 0.017ms
[65.061s][info][gc,phases   ] GC(128) Concurrent Mark 15.230ms
[65.061s][info][gc,phases   ] GC(128) Pause Mark End 0.017ms
[65.061s][info][gc,phases   ] GC(128) Concurrent Mark Free 0.001ms
[65.062s][info][gc,phases   ] GC(128) Concurrent Process Non-Strong References 0.432ms
[65.062s][info][gc,phases   ] GC(128) Concurrent Reset Relocation Set 0.001ms
[65.066s][info][gc,phases   ] GC(128) Concurrent Select Relocation Set 4.400ms
[65.067s][info][gc,phases   ] GC(128) Pause Relocate Start 0.006ms
[65.068s][info][gc,phases   ] GC(128) Concurrent Relocate 1.546ms
[65.068s][info][gc,load     ] GC(128) Load: 0.00/0.00/0.00
[65.068s][info][gc,mmu      ] GC(128) MMU: 2ms/98.4%, 5ms/99.3%, 10ms/99.6%, 20ms/99.7%, 50ms/99.8%, 100ms/99.9%
[65.068s][info][gc,marking  ] GC(128) Mark: 4 stripe(s), 2 proactive flush(es), 1 terminate flush(es), 0 completion(s), 0 continuation(s) 
[65.068s][info][gc,marking  ] GC(128) Mark Stack Usage: 32M
[65.068s][info][gc,nmethod  ] GC(128) NMethods: 344 registered, 4 unregistered
[65.068s][info][gc,metaspace] GC(128) Metaspace: 8M used, 8M committed, 1088M reserved
[65.068s][info][gc,ref      ] GC(128) Soft: 174 encountered, 0 discovered, 0 enqueued
[65.068s][info][gc,ref      ] GC(128) Weak: 570 encountered, 114 discovered, 0 enqueued
[65.068s][info][gc,ref      ] GC(128) Final: 0 encountered, 0 discovered, 0 enqueued
[65.068s][info][gc,ref      ] GC(128) Phantom: 21 encountered, 19 discovered, 0 enqueued
[65.069s][info][gc,reloc    ] GC(128) Small Pages: 856 / 1712M, Empty: 1662M, Relocated: 3M, In-Place: 0
[65.069s][info][gc,reloc    ] GC(128) Medium Pages: 1 / 32M, Empty: 0M, Relocated: 0M, In-Place: 0
[65.069s][info][gc,reloc    ] GC(128) Large Pages: 0 / 0M, Empty: 0M, Relocated: 0M, In-Place: 0
[65.069s][info][gc,reloc    ] GC(128) Forwarding Usage: 1M
[65.069s][info][gc,heap     ] GC(128) Min Capacity: 8M(0%)
[65.069s][info][gc,heap     ] GC(128) Max Capacity: 2048M(100%)
[65.069s][info][gc,heap     ] GC(128) Soft Max Capacity: 2048M(100%)
[65.069s][info][gc,heap     ] GC(128)                Mark Start          Mark End        Relocate Start      Relocate End           High               Low         
[65.069s][info][gc,heap     ] GC(128)  Capacity:     2048M (100%)       2048M (100%)       2048M (100%)       2048M (100%)       2048M (100%)       2048M (100%)   
[65.069s][info][gc,heap     ] GC(128)      Free:      304M (15%)         260M (13%)        1920M (94%)        1952M (95%)        1952M (95%)         260M (13%)    
[65.069s][info][gc,heap     ] GC(128)      Used:     1744M (85%)        1788M (87%)         128M (6%)           96M (5%)         1788M (87%)          96M (5%)     
[65.069s][info][gc,heap     ] GC(128)      Live:         -                 9M (0%)            9M (0%)            9M (0%)             -                  -          
[65.069s][info][gc,heap     ] GC(128) Allocated:         -                44M (2%)           46M (2%)           45M (2%)             -                  -          
[65.069s][info][gc,heap     ] GC(128)   Garbage:         -              1734M (85%)          72M (4%)           40M (2%)             -                  -          
[65.069s][info][gc,heap     ] GC(128) Reclaimed:         -                  -              1662M (81%)        1693M (83%)            -                  -          
[65.069s][info][gc          ] GC(128) Garbage Collection (Allocation Rate) 1744M(85%)->96M(5%)
[65.249s][info][gc,start    ] GC(129) Garbage Collection (Allocation Rate)
[65.249s][info][gc,task     ] GC(129) Using 6 workers
[65.249s][info][gc,phases   ] GC(129) Pause Mark Start 0.015ms
[65.264s][info][gc,phases   ] GC(129) Concurrent Mark 15.287ms
[65.265s][info][gc,phases   ] GC(129) Pause Mark End 0.016ms
[65.265s][info][gc,phases   ] GC(129) Concurrent Mark Free 0.001ms
[65.265s][info][gc,phases   ] GC(129) Concurrent Process Non-Strong References 0.385ms
[65.265s][info][gc,phases   ] GC(129) Concurrent Reset Relocation Set 0.004ms
[65.271s][info][gc,phases   ] GC(129) Concurrent Select Relocation Set 5.641ms
[65.271s][info][gc,phases   ] GC(129) Pause Relocate Start 0.006ms
[65.275s][info][gc,phases   ] GC(129) Concurrent Relocate 3.610ms
[65.275s][info][gc,load     ] GC(129) Load: 0.00/0.00/0.00
[65.275s][info][gc,mmu      ] GC(129) MMU: 2ms/98.4%, 5ms/99.3%, 10ms/99.6%, 20ms/99.7%, 50ms/99.8%, 100ms/99.9%
[65.275s][info][gc,marking  ] GC(129) Mark: 4 stripe(s), 2 proactive flush(es), 1 terminate flush(es), 0 completion(s), 0 continuation(s) 
[65.275s][info][gc,marking  ] GC(129) Mark Stack Usage: 32M
[65.275s][info][gc,nmethod  ] GC(129) NMethods: 344 registered, 4 unregistered
[65.275s][info][gc,metaspace] GC(129) Metaspace: 8M used, 8M committed, 1088M reserved
[65.275s][info][gc,ref      ] GC(129) Soft: 174 encountered, 0 discovered, 0 enqueued
[65.275s][info][gc,ref      ] GC(129) Weak: 570 encountered, 116 discovered, 0 enqueued
[65.275s][info][gc,ref      ] GC(129) Final: 0 encountered, 0 discovered, 0 enqueued
[65.275s][info][gc,ref      ] GC(129) Phantom: 21 encountered, 19 discovered, 0 enqueued
[65.275s][info][gc,reloc    ] GC(129) Small Pages: 187 / 374M, Empty: 342M, Relocated: 3M, In-Place: 0
[65.275s][info][gc,reloc    ] GC(129) Medium Pages: 2 / 64M, Empty: 32M, Relocated: 0M, In-Place: 0
[65.275s][info][gc,reloc    ] GC(129) Large Pages: 0 / 0M, Empty: 0M, Relocated: 0M, In-Place: 0
[65.275s][info][gc,reloc    ] GC(129) Forwarding Usage: 1M
[65.275s][info][gc,heap     ] GC(129) Min Capacity: 8M(0%)
[65.275s][info][gc,heap     ] GC(129) Max Capacity: 2048M(100%)
[65.275s][info][gc,heap     ] GC(129) Soft Max Capacity: 2048M(100%)
[65.275s][info][gc,heap     ] GC(129)                Mark Start          Mark End        Relocate Start      Relocate End           High               Low         
[65.275s][info][gc,heap     ] GC(129)  Capacity:     2048M (100%)       2048M (100%)       2048M (100%)       2048M (100%)       2048M (100%)       2048M (100%)   
[65.275s][info][gc,heap     ] GC(129)      Free:     1610M (79%)        1598M (78%)        1960M (96%)        1966M (96%)        1970M (96%)        1598M (78%)    
[65.275s][info][gc,heap     ] GC(129)      Used:      438M (21%)         450M (22%)          88M (4%)           82M (4%)          450M (22%)          78M (4%)     
[65.275s][info][gc,heap     ] GC(129)      Live:         -                10M (1%)           10M (1%)           10M (1%)             -                  -          
[65.275s][info][gc,heap     ] GC(129) Allocated:         -                12M (1%)           24M (1%)           29M (1%)             -                  -          
[65.275s][info][gc,heap     ] GC(129)   Garbage:         -               427M (21%)          53M (3%)           41M (2%)             -                  -          
[65.275s][info][gc,heap     ] GC(129) Reclaimed:         -                  -               374M (18%)         385M (19%)            -                  -          
[65.275s][info][gc          ] GC(129) Garbage Collection (Allocation Rate) 438M(21%)->82M(4%)
[65.849s][info][gc,start    ] GC(130) Garbage Collection (Allocation Rate)
[65.849s][info][gc,task     ] GC(130) Using 3 workers
[65.850s][info][gc,phases   ] GC(130) Pause Mark Start 0.018ms
[65.880s][info][gc,phases   ] GC(130) Concurrent Mark 30.810ms
[65.881s][info][gc,phases   ] GC(130) Pause Mark End 0.020ms
[65.881s][info][gc,phases   ] GC(130) Concurrent Mark Free 0.001ms
[65.881s][info][gc,phases   ] GC(130) Concurrent Process Non-Strong References 0.626ms
[65.881s][info][gc,phases   ] GC(130) Concurrent Reset Relocation Set 0.003ms
[65.885s][info][gc,phases   ] GC(130) Concurrent Select Relocation Set 3.831ms
[65.885s][info][gc,phases   ] GC(130) Pause Relocate Start 0.005ms
[65.887s][info][gc,phases   ] GC(130) Concurrent Relocate 1.949ms
[65.887s][info][gc,load     ] GC(130) Load: 0.00/0.00/0.00
[65.888s][info][gc,mmu      ] GC(130) MMU: 2ms/98.4%, 5ms/99.3%, 10ms/99.6%, 20ms/99.7%, 50ms/99.8%, 100ms/99.9%
[65.888s][info][gc,marking  ] GC(130) Mark: 2 stripe(s), 2 proactive flush(es), 1 terminate flush(es), 0 completion(s), 0 continuation(s) 
[65.888s][info][gc,marking  ] GC(130) Mark Stack Usage: 32M
[65.888s][info][gc,nmethod  ] GC(130) NMethods: 344 registered, 4 unregistered
[65.888s][info][gc,metaspace] GC(130) Metaspace: 8M used, 8M committed, 1088M reserved
[65.888s][info][gc,ref      ] GC(130) Soft: 174 encountered, 0 discovered, 0 enqueued
[65.888s][info][gc,ref      ] GC(130) Weak: 570 encountered, 242 discovered, 0 enqueued
[65.888s][info][gc,ref      ] GC(130) Final: 0 encountered, 0 discovered, 0 enqueued
[65.888s][info][gc,ref      ] GC(130) Phantom: 21 encountered, 10 discovered, 0 enqueued
[65.888s][info][gc,reloc    ] GC(130) Small Pages: 718 / 1436M, Empty: 1402M, Relocated: 1M, In-Place: 0
[65.888s][info][gc,reloc    ] GC(130) Medium Pages: 2 / 64M, Empty: 0M, Relocated: 1M, In-Place: 0
[65.888s][info][gc,reloc    ] GC(130) Large Pages: 0 / 0M, Empty: 0M, Relocated: 0M, In-Place: 0
[65.888s][info][gc,reloc    ] GC(130) Forwarding Usage: 0M
[65.888s][info][gc,heap     ] GC(130) Min Capacity: 8M(0%)
[65.888s][info][gc,heap     ] GC(130) Max Capacity: 2048M(100%)
[65.888s][info][gc,heap     ] GC(130) Soft Max Capacity: 2048M(100%)
[65.888s][info][gc,heap     ] GC(130)                Mark Start          Mark End        Relocate Start      Relocate End           High               Low         
[65.888s][info][gc,heap     ] GC(130)  Capacity:     2048M (100%)       2048M (100%)       2048M (100%)       2048M (100%)       2048M (100%)       2048M (100%)   
[65.888s][info][gc,heap     ] GC(130)      Free:      548M (27%)         500M (24%)        1892M (92%)        1930M (94%)        1930M (94%)         498M (24%)    
[65.888s][info][gc,heap     ] GC(130)      Used:     1500M (73%)        1548M (76%)         156M (8%)          118M (6%)         1550M (76%)         118M (6%)     
[65.888s][info][gc,heap     ] GC(130)      Live:         -                14M (1%)           14M (1%)           14M (1%)             -                  -          
[65.888s][info][gc,heap     ] GC(130) Allocated:         -                48M (2%)           58M (3%)           63M (3%)             -                  -          
[65.888s][info][gc,heap     ] GC(130)   Garbage:         -              1485M (73%)          83M (4%)           39M (2%)             -                  -          
[65.888s][info][gc,heap     ] GC(130) Reclaimed:         -                  -              1402M (68%)        1445M (71%)            -                  -          
[65.888s][info][gc          ] GC(130) Garbage Collection (Allocation Rate) 1500M(73%)->118M(6%)
[66.348s][info][gc,start    ] GC(131) Garbage Collection (Allocation Rate)
[66.348s][info][gc,task     ] GC(131) Using 1 workers
[66.348s][info][gc,phases   ] GC(131) Pause Mark Start 0.019ms
[66.401s][info][gc,phases   ] GC(131) Concurrent Mark 52.848ms
[66.401s][info][gc,phases   ] GC(131) Pause Mark End 0.019ms
[66.401s][info][gc,phases   ] GC(131) Concurrent Mark Free 0.002ms
[66.403s][info][gc,phases   ] GC(131) Concurrent Process Non-Strong References 1.612ms
[66.403s][info][gc,phases   ] GC(131) Concurrent Reset Relocation Set 0.002ms
[66.412s][info][gc,phases   ] GC(131) Concurrent Select Relocation Set 8.691ms
[66.412s][info][gc,phases   ] GC(131) Pause Relocate Start 0.006ms
[66.433s][info][gc,phases   ] GC(131) Concurrent Relocate 20.893ms
[66.433s][info][gc,load     ] GC(131) Load: 0.00/0.00/0.00
[66.433s][info][gc,mmu      ] GC(131) MMU: 2ms/98.4%, 5ms/99.3%, 10ms/99.6%, 20ms/99.7%, 50ms/99.8%, 100ms/99.9%
[66.433s][info][gc,marking  ] GC(131) Mark: 1 stripe(s), 2 proactive flush(es), 1 terminate flush(es), 0 completion(s), 0 continuation(s) 
[66.433s][info][gc,marking  ] GC(131) Mark Stack Usage: 32M
[66.433s][info][gc,nmethod  ] GC(131) NMethods: 344 registered, 4 unregistered
[66.433s][info][gc,metaspace] GC(131) Metaspace: 8M used, 8M committed, 1088M reserved
[66.433s][info][gc,ref      ] GC(131) Soft: 174 encountered, 0 discovered, 0 enqueued
[66.433s][info][gc,ref      ] GC(131) Weak: 570 encountered, 382 discovered, 0 enqueued
[66.433s][info][gc,ref      ] GC(131) Final: 0 encountered, 0 discovered, 0 enqueued
[66.433s][info][gc,ref      ] GC(131) Phantom: 21 encountered, 10 discovered, 0 enqueued
[66.433s][info][gc,reloc    ] GC(131) Small Pages: 609 / 1218M, Empty: 1176M, Relocated: 8M, In-Place: 0
[66.433s][info][gc,reloc    ] GC(131) Medium Pages: 2 / 64M, Empty: 0M, Relocated: 1M, In-Place: 0
[66.433s][info][gc,reloc    ] GC(131) Large Pages: 0 / 0M, Empty: 0M, Relocated: 0M, In-Place: 0
[66.433s][info][gc,reloc    ] GC(131) Forwarding Usage: 3M
[66.433s][info][gc,heap     ] GC(131) Min Capacity: 8M(0%)
[66.433s][info][gc,heap     ] GC(131) Max Capacity: 2048M(100%)
[66.433s][info][gc,heap     ] GC(131) Soft Max Capacity: 2048M(100%)
[66.433s][info][gc,heap     ] GC(131)                Mark Start          Mark End        Relocate Start      Relocate End           High               Low         
[66.433s][info][gc,heap     ] GC(131)  Capacity:     2048M (100%)       2048M (100%)       2048M (100%)       2048M (100%)       2048M (100%)       2048M (100%)   
[66.433s][info][gc,heap     ] GC(131)      Free:      766M (37%)         626M (31%)        1776M (87%)        1778M (87%)        1816M (89%)         622M (30%)    
[66.433s][info][gc,heap     ] GC(131)      Used:     1282M (63%)        1422M (69%)         272M (13%)         270M (13%)        1426M (70%)         232M (11%)    
[66.433s][info][gc,heap     ] GC(131)      Live:         -                17M (1%)           17M (1%)           17M (1%)             -                  -          
[66.433s][info][gc,heap     ] GC(131) Allocated:         -               140M (7%)          166M (8%)          217M (11%)            -                  -          
[66.433s][info][gc,heap     ] GC(131)   Garbage:         -              1264M (62%)          88M (4%)           34M (2%)             -                  -          
[66.433s][info][gc,heap     ] GC(131) Reclaimed:         -                  -              1176M (57%)        1229M (60%)            -                  -          
[66.433s][info][gc          ] GC(131) Garbage Collection (Allocation Rate) 1282M(63%)->270M(13%)
[66.942s][info][gc,start    ] GC(132) Garbage Collection (Allocation Rate)
[66.942s][info][gc,task     ] GC(132) Using 1 workers
[66.942s][info][gc,phases   ] GC(132) Pause Mark Start 0.017ms
[67.005s][info][gc,phases   ] GC(132) Concurrent Mark 63.090ms
[67.005s][info][gc,phases   ] GC(132) Pause Mark End 0.021ms
[67.005s][info][gc,phases   ] GC(132) Concurrent Mark Free 0.002ms
[67.007s][info][gc,phases   ] GC(132) Concurrent Process Non-Strong References 1.649ms
[67.007s][info][gc,phases   ] GC(132) Concurrent Reset Relocation Set 0.006ms
[67.012s][info][gc,phases   ] GC(132) Concurrent Select Relocation Set 4.595ms
[67.012s][info][gc,phases   ] GC(132) Pause Relocate Start 0.006ms
[67.026s][info][gc,phases   ] GC(132) Concurrent Relocate 14.475ms
[67.026s][info][gc,load     ] GC(132) Load: 0.00/0.00/0.00
[67.026s][info][gc,mmu      ] GC(132) MMU: 2ms/98.4%, 5ms/99.3%, 10ms/99.6%, 20ms/99.7%, 50ms/99.8%, 100ms/99.9%
[67.026s][info][gc,marking  ] GC(132) Mark: 1 stripe(s), 2 proactive flush(es), 1 terminate flush(es), 0 completion(s), 0 continuation(s) 
[67.027s][info][gc,marking  ] GC(132) Mark Stack Usage: 32M
[67.027s][info][gc,nmethod  ] GC(132) NMethods: 344 registered, 4 unregistered
[67.027s][info][gc,metaspace] GC(132) Metaspace: 8M used, 8M committed, 1088M reserved
[67.027s][info][gc,ref      ] GC(132) Soft: 174 encountered, 0 discovered, 0 enqueued
[67.027s][info][gc,ref      ] GC(132) Weak: 570 encountered, 382 discovered, 0 enqueued
[67.027s][info][gc,ref      ] GC(132) Final: 0 encountered, 0 discovered, 0 enqueued
[67.027s][info][gc,ref      ] GC(132) Phantom: 21 encountered, 10 discovered, 0 enqueued
[67.027s][info][gc,reloc    ] GC(132) Small Pages: 708 / 1416M, Empty: 1364M, Relocated: 4M, In-Place: 0
[67.027s][info][gc,reloc    ] GC(132) Medium Pages: 2 / 64M, Empty: 0M, Relocated: 1M, In-Place: 0
[67.027s][info][gc,reloc    ] GC(132) Large Pages: 0 / 0M, Empty: 0M, Relocated: 0M, In-Place: 0
[67.027s][info][gc,reloc    ] GC(132) Forwarding Usage: 2M
[67.027s][info][gc,heap     ] GC(132) Min Capacity: 8M(0%)
[67.027s][info][gc,heap     ] GC(132) Max Capacity: 2048M(100%)
[67.027s][info][gc,heap     ] GC(132) Soft Max Capacity: 2048M(100%)
[67.027s][info][gc,heap     ] GC(132)                Mark Start          Mark End        Relocate Start      Relocate End           High               Low         
[67.027s][info][gc,heap     ] GC(132)  Capacity:     2048M (100%)       2048M (100%)       2048M (100%)       2048M (100%)       2048M (100%)       2048M (100%)   
[67.027s][info][gc,heap     ] GC(132)      Free:      568M (28%)         406M (20%)        1754M (86%)        1774M (87%)        1796M (88%)         402M (20%)    
[67.027s][info][gc,heap     ] GC(132)      Used:     1480M (72%)        1642M (80%)         294M (14%)         274M (13%)        1646M (80%)         252M (12%)    
[67.027s][info][gc,heap     ] GC(132)      Live:         -                21M (1%)           21M (1%)           21M (1%)             -                  -          
[67.027s][info][gc,heap     ] GC(132) Allocated:         -               162M (8%)          178M (9%)          215M (11%)            -                  -          
[67.027s][info][gc,heap     ] GC(132)   Garbage:         -              1458M (71%)          94M (5%)           36M (2%)             -                  -          
[67.027s][info][gc,heap     ] GC(132) Reclaimed:         -                  -              1364M (67%)        1421M (69%)            -                  -          
[67.027s][info][gc          ] GC(132) Garbage Collection (Allocation Rate) 1480M(72%)->274M(13%)
[67.542s][info][gc,start    ] GC(133) Garbage Collection (Allocation Rate)
[67.542s][info][gc,task     ] GC(133) Using 1 workers
[67.542s][info][gc,phases   ] GC(133) Pause Mark Start 0.018ms
[67.629s][info][gc,phases   ] GC(133) Concurrent Mark 87.095ms
[67.630s][info][gc,phases   ] GC(133) Pause Mark End 0.020ms
[67.630s][info][gc,phases   ] GC(133) Concurrent Mark Free 0.002ms
[67.631s][info][gc,phases   ] GC(133) Concurrent Process Non-Strong References 1.659ms
[67.631s][info][gc,phases   ] GC(133) Concurrent Reset Relocation Set 0.004ms
[67.635s][info][gc,phases   ] GC(133) Concurrent Select Relocation Set 3.973ms
[67.635s][info][gc,phases   ] GC(133) Pause Relocate Start 0.006ms
[67.649s][info][gc,phases   ] GC(133) Concurrent Relocate 13.544ms
[67.649s][info][gc,load     ] GC(133) Load: 0.00/0.00/0.00
[67.649s][info][gc,mmu      ] GC(133) MMU: 2ms/98.4%, 5ms/99.3%, 10ms/99.6%, 20ms/99.7%, 50ms/99.8%, 100ms/99.9%
[67.649s][info][gc,marking  ] GC(133) Mark: 1 stripe(s), 2 proactive flush(es), 1 terminate flush(es), 0 completion(s), 0 continuation(s) 
[67.649s][info][gc,marking  ] GC(133) Mark Stack Usage: 32M
[67.649s][info][gc,nmethod  ] GC(133) NMethods: 344 registered, 4 unregistered
[67.649s][info][gc,metaspace] GC(133) Metaspace: 8M used, 8M committed, 1088M reserved
[67.649s][info][gc,ref      ] GC(133) Soft: 174 encountered, 0 discovered, 0 enqueued
[67.649s][info][gc,ref      ] GC(133) Weak: 570 encountered, 382 discovered, 0 enqueued
[67.649s][info][gc,ref      ] GC(133) Final: 0 encountered, 0 discovered, 0 enqueued
[67.649s][info][gc,ref      ] GC(133) Phantom: 21 encountered, 10 discovered, 0 enqueued
[67.649s][info][gc,reloc    ] GC(133) Small Pages: 694 / 1388M, Empty: 1340M, Relocated: 4M, In-Place: 0
[67.649s][info][gc,reloc    ] GC(133) Medium Pages: 2 / 64M, Empty: 0M, Relocated: 2M, In-Place: 0
[67.650s][info][gc,reloc    ] GC(133) Large Pages: 0 / 0M, Empty: 0M, Relocated: 0M, In-Place: 0
[67.650s][info][gc,reloc    ] GC(133) Forwarding Usage: 2M
[67.650s][info][gc,heap     ] GC(133) Min Capacity: 8M(0%)
[67.650s][info][gc,heap     ] GC(133) Max Capacity: 2048M(100%)
[67.650s][info][gc,heap     ] GC(133) Soft Max Capacity: 2048M(100%)
[67.650s][info][gc,heap     ] GC(133)                Mark Start          Mark End        Relocate Start      Relocate End           High               Low         
[67.650s][info][gc,heap     ] GC(133)  Capacity:     2048M (100%)       2048M (100%)       2048M (100%)       2048M (100%)       2048M (100%)       2048M (100%)   
[67.650s][info][gc,heap     ] GC(133)      Free:      596M (29%)         350M (17%)        1674M (82%)        1692M (83%)        1712M (84%)         346M (17%)    
[67.650s][info][gc,heap     ] GC(133)      Used:     1452M (71%)        1698M (83%)         374M (18%)         356M (17%)        1702M (83%)         336M (16%)    
[67.650s][info][gc,heap     ] GC(133)      Live:         -                25M (1%)           25M (1%)           25M (1%)             -                  -          
[67.650s][info][gc,heap     ] GC(133) Allocated:         -               246M (12%)         262M (13%)         293M (14%)            -                  -          
[67.650s][info][gc,heap     ] GC(133)   Garbage:         -              1426M (70%)          86M (4%)           36M (2%)             -                  -          
[67.650s][info][gc,heap     ] GC(133) Reclaimed:         -                  -              1340M (65%)        1389M (68%)            -                  -          
[67.650s][info][gc          ] GC(133) Garbage Collection (Allocation Rate) 1452M(71%)->356M(17%)
[68.243s][info][gc,start    ] GC(134) Garbage Collection (Allocation Rate)
[68.243s][info][gc,task     ] GC(134) Using 1 workers
[68.243s][info][gc,phases   ] GC(134) Pause Mark Start 0.019ms
[68.327s][info][gc,phases   ] GC(134) Concurrent Mark 83.377ms
[68.327s][info][gc,phases   ] GC(134) Pause Mark End 0.020ms
[68.327s][info][gc,phases   ] GC(134) Concurrent Mark Free 0.001ms
[68.329s][info][gc,phases   ] GC(134) Concurrent Process Non-Strong References 1.588ms
[68.329s][info][gc,phases   ] GC(134) Concurrent Reset Relocation Set 0.005ms
[68.333s][info][gc,phases   ] GC(134) Concurrent Select Relocation Set 3.891ms
[68.333s][info][gc,phases   ] GC(134) Pause Relocate Start 0.007ms
[68.337s][info][gc,phases   ] GC(134) Concurrent Relocate 4.351ms
[68.337s][info][gc,load     ] GC(134) Load: 0.00/0.00/0.00
[68.337s][info][gc,mmu      ] GC(134) MMU: 2ms/98.4%, 5ms/99.3%, 10ms/99.6%, 20ms/99.7%, 50ms/99.8%, 100ms/99.9%
[68.337s][info][gc,marking  ] GC(134) Mark: 1 stripe(s), 2 proactive flush(es), 1 terminate flush(es), 0 completion(s), 0 continuation(s) 
[68.337s][info][gc,marking  ] GC(134) Mark Stack Usage: 32M
[68.337s][info][gc,nmethod  ] GC(134) NMethods: 344 registered, 4 unregistered
[68.337s][info][gc,metaspace] GC(134) Metaspace: 8M used, 8M committed, 1088M reserved
[68.338s][info][gc,ref      ] GC(134) Soft: 174 encountered, 0 discovered, 0 enqueued
[68.338s][info][gc,ref      ] GC(134) Weak: 570 encountered, 424 discovered, 0 enqueued
[68.338s][info][gc,ref      ] GC(134) Final: 0 encountered, 0 discovered, 0 enqueued
[68.338s][info][gc,ref      ] GC(134) Phantom: 21 encountered, 15 discovered, 0 enqueued
[68.338s][info][gc,reloc    ] GC(134) Small Pages: 626 / 1252M, Empty: 1210M, Relocated: 1M, In-Place: 0
[68.338s][info][gc,reloc    ] GC(134) Medium Pages: 2 / 64M, Empty: 32M, Relocated: 0M, In-Place: 0
[68.338s][info][gc,reloc    ] GC(134) Large Pages: 0 / 0M, Empty: 0M, Relocated: 0M, In-Place: 0
[68.338s][info][gc,reloc    ] GC(134) Forwarding Usage: 0M
[68.338s][info][gc,heap     ] GC(134) Min Capacity: 8M(0%)
[68.338s][info][gc,heap     ] GC(134) Max Capacity: 2048M(100%)
[68.338s][info][gc,heap     ] GC(134) Soft Max Capacity: 2048M(100%)
[68.338s][info][gc,heap     ] GC(134)                Mark Start          Mark End        Relocate Start      Relocate End           High               Low         
[68.338s][info][gc,heap     ] GC(134)  Capacity:     2048M (100%)       2048M (100%)       2048M (100%)       2048M (100%)       2048M (100%)       2048M (100%)   
[68.338s][info][gc,heap     ] GC(134)      Free:      732M (36%)         698M (34%)        1940M (95%)        1948M (95%)        1948M (95%)         698M (34%)    
[68.338s][info][gc,heap     ] GC(134)      Used:     1316M (64%)        1350M (66%)         108M (5%)          100M (5%)         1350M (66%)         100M (5%)     
[68.338s][info][gc,heap     ] GC(134)      Live:         -                30M (1%)           30M (1%)           30M (1%)             -                  -          
[68.338s][info][gc,heap     ] GC(134) Allocated:         -                34M (2%)           34M (2%)           33M (2%)             -                  -          
[68.338s][info][gc,heap     ] GC(134)   Garbage:         -              1285M (63%)          43M (2%)           35M (2%)             -                  -          
[68.338s][info][gc,heap     ] GC(134) Reclaimed:         -                  -              1242M (61%)        1249M (61%)            -                  -          
[68.338s][info][gc          ] GC(134) Garbage Collection (Allocation Rate) 1316M(64%)->100M(5%)
[68.511s][info][gc,heap,exit] Heap
[68.511s][info][gc,heap,exit]  ZHeap           used 150M, capacity 2048M, max capacity 2048M
[68.511s][info][gc,heap,exit]  Metaspace       used 8701K, committed 8960K, reserved 1114112K
[68.511s][info][gc,heap,exit]   class space    used 1162K, committed 1280K, reserved 1048576K
