[0.016s][info][gc,init] Initializing The Z Garbage Collector
[0.016s][info][gc,init] Version: 20+36-2344 (release)
[0.017s][info][gc,init] NUMA Support: Disabled
[0.017s][info][gc,init] CPUs: 48 total, 48 available
[0.017s][info][gc,init] Memory: 391843M
[0.017s][info][gc,init] Large Page Support: Disabled
[0.017s][info][gc,init] GC Workers: 12 (dynamic)
[0.018s][info][gc,init] Address Space Type: Contiguous/Unrestricted/Complete
[0.018s][info][gc,init] Address Space Size: 65536M x 3 = 196608M
[0.019s][info][gc,init] Min Capacity: 8M
[0.019s][info][gc,init] Initial Capacity: 2048M
[0.033s][info][gc,init] Max Capacity: 4096M
[0.033s][info][gc,init] Medium Page Size: 32M
[0.033s][info][gc,init] Pre-touch: Disabled
[0.033s][info][gc,init] Uncommit: Enabled
[0.033s][info][gc,init] Uncommit Delay: 300s
[0.116s][info][gc,init] Runtime Workers: 29
[0.119s][info][gc     ] Using The Z Garbage Collector
[0.120s][info][gc,metaspace] CDS archive(s) mapped at: [0x0000000800000000-0x0000000800c60000-0x0000000800c60000), size 12976128, SharedBaseAddress: 0x0000000800000000, ArchiveRelocationMode: 0.
[0.120s][info][gc,metaspace] Compressed class space mapped at: 0x0000000801000000-0x0000000841000000, reserved size: 1073741824
[0.120s][info][gc,metaspace] Narrow klass base: 0x0000000800000000, Narrow klass shift: 0, Narrow klass range: 0x100000000
[1.044s][info][gc,start    ] GC(0) Garbage Collection (System.gc())
[1.044s][info][gc,task     ] GC(0) Using 12 workers
[1.044s][info][gc,phases   ] GC(0) Pause Mark Start 0.017ms
[1.061s][info][gc,phases   ] GC(0) Concurrent Mark 16.526ms
[1.061s][info][gc,phases   ] GC(0) Pause Mark End 0.034ms
[1.061s][info][gc,phases   ] GC(0) Concurrent Mark Free 0.001ms
[1.062s][info][gc,phases   ] GC(0) Concurrent Process Non-Strong References 0.999ms
[1.062s][info][gc,phases   ] GC(0) Concurrent Reset Relocation Set 0.001ms
[1.077s][info][gc,phases   ] GC(0) Concurrent Select Relocation Set 14.862ms
[1.077s][info][gc,phases   ] GC(0) Pause Relocate Start 0.009ms
[1.081s][info][gc,phases   ] GC(0) Concurrent Relocate 3.859ms
[1.081s][info][gc,load     ] GC(0) Load: 0.00/0.00/0.00
[1.081s][info][gc,mmu      ] GC(0) MMU: 2ms/98.3%, 5ms/99.3%, 10ms/99.7%, 20ms/99.7%, 50ms/99.9%, 100ms/99.9%
[1.081s][info][gc,marking  ] GC(0) Mark: 8 stripe(s), 3 proactive flush(es), 1 terminate flush(es), 0 completion(s), 0 continuation(s) 
[1.081s][info][gc,marking  ] GC(0) Mark Stack Usage: 32M
[1.081s][info][gc,nmethod  ] GC(0) NMethods: 1071 registered, 100 unregistered
[1.081s][info][gc,metaspace] GC(0) Metaspace: 8M used, 8M committed, 1088M reserved
[1.081s][info][gc,ref      ] GC(0) Soft: 164 encountered, 0 discovered, 0 enqueued
[1.081s][info][gc,ref      ] GC(0) Weak: 762 encountered, 386 discovered, 261 enqueued
[1.081s][info][gc,ref      ] GC(0) Final: 0 encountered, 0 discovered, 0 enqueued
[1.081s][info][gc,ref      ] GC(0) Phantom: 214 encountered, 203 discovered, 193 enqueued
[1.081s][info][gc,reloc    ] GC(0) Small Pages: 17 / 34M, Empty: 0M, Relocated: 2M, In-Place: 0
[1.081s][info][gc,reloc    ] GC(0) Medium Pages: 0 / 0M, Empty: 0M, Relocated: 0M, In-Place: 0
[1.081s][info][gc,reloc    ] GC(0) Large Pages: 0 / 0M, Empty: 0M, Relocated: 0M, In-Place: 0
[1.081s][info][gc,reloc    ] GC(0) Forwarding Usage: 1M
[1.081s][info][gc,heap     ] GC(0) Min Capacity: 8M(0%)
[1.081s][info][gc,heap     ] GC(0) Max Capacity: 4096M(100%)
[1.081s][info][gc,heap     ] GC(0) Soft Max Capacity: 4096M(100%)
[1.081s][info][gc,heap     ] GC(0)                Mark Start          Mark End        Relocate Start      Relocate End           High               Low         
[1.082s][info][gc,heap     ] GC(0)  Capacity:     2048M (50%)        2048M (50%)        2048M (50%)        2048M (50%)        2048M (50%)        2048M (50%)    
[1.082s][info][gc,heap     ] GC(0)      Free:     4062M (99%)        4062M (99%)        4058M (99%)        4066M (99%)        4066M (99%)        4040M (99%)    
[1.082s][info][gc,heap     ] GC(0)      Used:       34M (1%)           34M (1%)           38M (1%)           30M (1%)           56M (1%)           30M (1%)     
[1.108s][info][gc,heap     ] GC(0)      Live:         -                 4M (0%)            4M (0%)            4M (0%)             -                  -          
[1.108s][info][gc,heap     ] GC(0) Allocated:         -                 0M (0%)            4M (0%)            4M (0%)             -                  -          
[1.108s][info][gc,heap     ] GC(0)   Garbage:         -                29M (1%)           29M (1%)           21M (1%)             -                  -          
[1.108s][info][gc,heap     ] GC(0) Reclaimed:         -                  -                 0M (0%)            8M (0%)             -                  -          
[1.108s][info][gc          ] GC(0) Garbage Collection (System.gc()) 34M(1%)->30M(1%)
[1.553s][info][gc,start    ] GC(1) Garbage Collection (Warmup)
[1.553s][info][gc,task     ] GC(1) Using 12 workers
[1.553s][info][gc,phases   ] GC(1) Pause Mark Start 0.017ms
[1.568s][info][gc,phases   ] GC(1) Concurrent Mark 15.245ms
[1.568s][info][gc,phases   ] GC(1) Pause Mark End 0.023ms
[1.568s][info][gc,phases   ] GC(1) Concurrent Mark Free 0.001ms
[1.570s][info][gc,phases   ] GC(1) Concurrent Process Non-Strong References 1.061ms
[1.570s][info][gc,phases   ] GC(1) Concurrent Reset Relocation Set 0.003ms
[1.575s][info][gc,phases   ] GC(1) Concurrent Select Relocation Set 5.433ms
[1.575s][info][gc,phases   ] GC(1) Pause Relocate Start 0.007ms
[1.578s][info][gc,phases   ] GC(1) Concurrent Relocate 2.693ms
[1.578s][info][gc,load     ] GC(1) Load: 0.00/0.00/0.00
[1.578s][info][gc,mmu      ] GC(1) MMU: 2ms/98.3%, 5ms/99.3%, 10ms/99.7%, 20ms/99.7%, 50ms/99.9%, 100ms/99.9%
[1.578s][info][gc,marking  ] GC(1) Mark: 8 stripe(s), 2 proactive flush(es), 1 terminate flush(es), 0 completion(s), 0 continuation(s) 
[1.578s][info][gc,marking  ] GC(1) Mark Stack Usage: 32M
[1.578s][info][gc,nmethod  ] GC(1) NMethods: 1260 registered, 120 unregistered
[1.578s][info][gc,metaspace] GC(1) Metaspace: 8M used, 8M committed, 1088M reserved
[1.578s][info][gc,ref      ] GC(1) Soft: 169 encountered, 0 discovered, 0 enqueued
[1.578s][info][gc,ref      ] GC(1) Weak: 557 encountered, 155 discovered, 21 enqueued
[1.578s][info][gc,ref      ] GC(1) Final: 0 encountered, 0 discovered, 0 enqueued
[1.578s][info][gc,ref      ] GC(1) Phantom: 37 encountered, 28 discovered, 16 enqueued
[1.578s][info][gc,reloc    ] GC(1) Small Pages: 240 / 480M, Empty: 416M, Relocated: 3M, In-Place: 0
[1.578s][info][gc,reloc    ] GC(1) Medium Pages: 0 / 0M, Empty: 0M, Relocated: 0M, In-Place: 0
[1.578s][info][gc,reloc    ] GC(1) Large Pages: 0 / 0M, Empty: 0M, Relocated: 0M, In-Place: 0
[1.578s][info][gc,reloc    ] GC(1) Forwarding Usage: 1M
[1.578s][info][gc,heap     ] GC(1) Min Capacity: 8M(0%)
[1.578s][info][gc,heap     ] GC(1) Max Capacity: 4096M(100%)
[1.578s][info][gc,heap     ] GC(1) Soft Max Capacity: 4096M(100%)
[1.578s][info][gc,heap     ] GC(1)                Mark Start          Mark End        Relocate Start      Relocate End           High               Low         
[1.579s][info][gc,heap     ] GC(1)  Capacity:     2048M (50%)        2048M (50%)        2048M (50%)        2048M (50%)        2048M (50%)        2048M (50%)    
[1.579s][info][gc,heap     ] GC(1)      Free:     3616M (88%)        3596M (88%)        4002M (98%)        4032M (98%)        4034M (98%)        3594M (88%)    
[1.579s][info][gc,heap     ] GC(1)      Used:      480M (12%)         500M (12%)          94M (2%)           64M (2%)          502M (12%)          62M (2%)     
[1.579s][info][gc,heap     ] GC(1)      Live:         -                 5M (0%)            5M (0%)            5M (0%)             -                  -          
[1.579s][info][gc,heap     ] GC(1) Allocated:         -                20M (0%)           30M (1%)           35M (1%)             -                  -          
[1.579s][info][gc,heap     ] GC(1)   Garbage:         -               474M (12%)          58M (1%)           22M (1%)             -                  -          
[1.579s][info][gc,heap     ] GC(1) Reclaimed:         -                  -               416M (10%)         451M (11%)            -                  -          
[1.579s][info][gc          ] GC(1) Garbage Collection (Warmup) 480M(12%)->64M(2%)
[2.044s][info][gc,start    ] GC(2) Garbage Collection (Warmup)
[2.045s][info][gc,task     ] GC(2) Using 12 workers
[2.045s][info][gc,phases   ] GC(2) Pause Mark Start 0.019ms
[2.060s][info][gc,phases   ] GC(2) Concurrent Mark 15.199ms
[2.060s][info][gc,phases   ] GC(2) Pause Mark End 0.023ms
[2.060s][info][gc,phases   ] GC(2) Concurrent Mark Free 0.001ms
[2.061s][info][gc,phases   ] GC(2) Concurrent Process Non-Strong References 0.719ms
[2.061s][info][gc,phases   ] GC(2) Concurrent Reset Relocation Set 0.004ms
[2.068s][info][gc,phases   ] GC(2) Concurrent Select Relocation Set 6.651ms
[2.068s][info][gc,phases   ] GC(2) Pause Relocate Start 0.009ms
[2.071s][info][gc,phases   ] GC(2) Concurrent Relocate 3.256ms
[2.071s][info][gc,load     ] GC(2) Load: 0.00/0.00/0.00
[2.071s][info][gc,mmu      ] GC(2) MMU: 2ms/98.3%, 5ms/99.3%, 10ms/99.7%, 20ms/99.7%, 50ms/99.9%, 100ms/99.9%
[2.071s][info][gc,marking  ] GC(2) Mark: 8 stripe(s), 2 proactive flush(es), 1 terminate flush(es), 0 completion(s), 0 continuation(s) 
[2.071s][info][gc,marking  ] GC(2) Mark Stack Usage: 32M
[2.071s][info][gc,nmethod  ] GC(2) NMethods: 1256 registered, 124 unregistered
[2.071s][info][gc,metaspace] GC(2) Metaspace: 8M used, 8M committed, 1088M reserved
[2.071s][info][gc,ref      ] GC(2) Soft: 169 encountered, 0 discovered, 0 enqueued
[2.072s][info][gc,ref      ] GC(2) Weak: 536 encountered, 94 discovered, 0 enqueued
[2.072s][info][gc,ref      ] GC(2) Final: 0 encountered, 0 discovered, 0 enqueued
[2.072s][info][gc,ref      ] GC(2) Phantom: 21 encountered, 14 discovered, 0 enqueued
[2.072s][info][gc,reloc    ] GC(2) Small Pages: 449 / 898M, Empty: 844M, Relocated: 6M, In-Place: 0
[2.072s][info][gc,reloc    ] GC(2) Medium Pages: 1 / 32M, Empty: 0M, Relocated: 0M, In-Place: 0
[2.072s][info][gc,reloc    ] GC(2) Large Pages: 0 / 0M, Empty: 0M, Relocated: 0M, In-Place: 0
[2.072s][info][gc,reloc    ] GC(2) Forwarding Usage: 3M
[2.072s][info][gc,heap     ] GC(2) Min Capacity: 8M(0%)
[2.072s][info][gc,heap     ] GC(2) Max Capacity: 4096M(100%)
[2.072s][info][gc,heap     ] GC(2) Soft Max Capacity: 4096M(100%)
[2.072s][info][gc,heap     ] GC(2)                Mark Start          Mark End        Relocate Start      Relocate End           High               Low         
[2.072s][info][gc,heap     ] GC(2)  Capacity:     2048M (50%)        2048M (50%)        2048M (50%)        2048M (50%)        2048M (50%)        2048M (50%)    
[2.072s][info][gc,heap     ] GC(2)      Free:     3166M (77%)        3148M (77%)        3980M (97%)        4000M (98%)        4000M (98%)        3146M (77%)    
[2.072s][info][gc,heap     ] GC(2)      Used:      930M (23%)         948M (23%)         116M (3%)           96M (2%)          950M (23%)          96M (2%)     
[2.072s][info][gc,heap     ] GC(2)      Live:         -                 7M (0%)            7M (0%)            7M (0%)             -                  -          
[2.072s][info][gc,heap     ] GC(2) Allocated:         -                18M (0%)           30M (1%)           37M (1%)             -                  -          
[2.072s][info][gc,heap     ] GC(2)   Garbage:         -               922M (23%)          78M (2%)           50M (1%)             -                  -          
[2.072s][info][gc,heap     ] GC(2) Reclaimed:         -                  -               844M (21%)         871M (21%)            -                  -          
[2.072s][info][gc          ] GC(2) Garbage Collection (Warmup) 930M(23%)->96M(2%)
[2.646s][info][gc,start    ] GC(3) Garbage Collection (Warmup)
[2.646s][info][gc,task     ] GC(3) Using 12 workers
[2.646s][info][gc,phases   ] GC(3) Pause Mark Start 0.018ms
[2.661s][info][gc,phases   ] GC(3) Concurrent Mark 15.206ms
[2.661s][info][gc,phases   ] GC(3) Pause Mark End 0.023ms
[2.661s][info][gc,phases   ] GC(3) Concurrent Mark Free 0.001ms
[2.662s][info][gc,phases   ] GC(3) Concurrent Process Non-Strong References 0.656ms
[2.662s][info][gc,phases   ] GC(3) Concurrent Reset Relocation Set 0.004ms
[2.666s][info][gc,phases   ] GC(3) Concurrent Select Relocation Set 3.514ms
[2.666s][info][gc,phases   ] GC(3) Pause Relocate Start 0.006ms
[2.669s][info][gc,phases   ] GC(3) Concurrent Relocate 2.999ms
[2.669s][info][gc,load     ] GC(3) Load: 0.00/0.00/0.00
[2.669s][info][gc,mmu      ] GC(3) MMU: 2ms/98.3%, 5ms/99.3%, 10ms/99.7%, 20ms/99.7%, 50ms/99.9%, 100ms/99.9%
[2.669s][info][gc,marking  ] GC(3) Mark: 8 stripe(s), 2 proactive flush(es), 1 terminate flush(es), 0 completion(s), 0 continuation(s) 
[2.669s][info][gc,marking  ] GC(3) Mark Stack Usage: 32M
[2.669s][info][gc,nmethod  ] GC(3) NMethods: 1252 registered, 128 unregistered
[2.669s][info][gc,metaspace] GC(3) Metaspace: 8M used, 8M committed, 1088M reserved
[2.669s][info][gc,ref      ] GC(3) Soft: 169 encountered, 0 discovered, 0 enqueued
[2.669s][info][gc,ref      ] GC(3) Weak: 536 encountered, 171 discovered, 0 enqueued
[2.669s][info][gc,ref      ] GC(3) Final: 0 encountered, 0 discovered, 0 enqueued
[2.669s][info][gc,ref      ] GC(3) Phantom: 21 encountered, 9 discovered, 0 enqueued
[2.669s][info][gc,reloc    ] GC(3) Small Pages: 593 / 1186M, Empty: 1138M, Relocated: 5M, In-Place: 0
[2.669s][info][gc,reloc    ] GC(3) Medium Pages: 2 / 64M, Empty: 32M, Relocated: 0M, In-Place: 0
[2.669s][info][gc,reloc    ] GC(3) Large Pages: 0 / 0M, Empty: 0M, Relocated: 0M, In-Place: 0
[2.669s][info][gc,reloc    ] GC(3) Forwarding Usage: 2M
[2.669s][info][gc,heap     ] GC(3) Min Capacity: 8M(0%)
[2.669s][info][gc,heap     ] GC(3) Max Capacity: 4096M(100%)
[2.669s][info][gc,heap     ] GC(3) Soft Max Capacity: 4096M(100%)
[2.669s][info][gc,heap     ] GC(3)                Mark Start          Mark End        Relocate Start      Relocate End           High               Low         
[2.669s][info][gc,heap     ] GC(3)  Capacity:     2048M (50%)        2048M (50%)        2048M (50%)        2048M (50%)        2048M (50%)        2048M (50%)    
[2.670s][info][gc,heap     ] GC(3)      Free:     2846M (69%)        2828M (69%)        3992M (97%)        4000M (98%)        4000M (98%)        2828M (69%)    
[2.670s][info][gc,heap     ] GC(3)      Used:     1250M (31%)        1268M (31%)         104M (3%)           96M (2%)         1268M (31%)          96M (2%)     
[2.670s][info][gc,heap     ] GC(3)      Live:         -                11M (0%)           11M (0%)           11M (0%)             -                  -          
[2.670s][info][gc,heap     ] GC(3) Allocated:         -                18M (0%)           24M (1%)           31M (1%)             -                  -          
[2.670s][info][gc,heap     ] GC(3)   Garbage:         -              1238M (30%)          68M (2%)           52M (1%)             -                  -          
[2.670s][info][gc,heap     ] GC(3) Reclaimed:         -                  -              1170M (29%)        1185M (29%)            -                  -          
[2.670s][info][gc          ] GC(3) Garbage Collection (Warmup) 1250M(31%)->96M(2%)
[4.355s][info][gc,start    ] GC(4) Garbage Collection (Proactive)
[4.355s][info][gc,task     ] GC(4) Using 12 workers
[4.355s][info][gc,phases   ] GC(4) Pause Mark Start 0.017ms
[4.386s][info][gc,phases   ] GC(4) Concurrent Mark 30.815ms
[4.387s][info][gc,phases   ] GC(4) Pause Mark End 0.022ms
[4.387s][info][gc,phases   ] GC(4) Concurrent Mark Free 0.001ms
[4.387s][info][gc,phases   ] GC(4) Concurrent Process Non-Strong References 0.642ms
[4.387s][info][gc,phases   ] GC(4) Concurrent Reset Relocation Set 0.004ms
[4.395s][info][gc,phases   ] GC(4) Concurrent Select Relocation Set 7.397ms
[4.395s][info][gc,phases   ] GC(4) Pause Relocate Start 0.009ms
[4.399s][info][gc,phases   ] GC(4) Concurrent Relocate 3.647ms
[4.399s][info][gc,load     ] GC(4) Load: 0.00/0.00/0.00
[4.399s][info][gc,mmu      ] GC(4) MMU: 2ms/98.3%, 5ms/99.3%, 10ms/99.7%, 20ms/99.7%, 50ms/99.9%, 100ms/99.9%
[4.399s][info][gc,marking  ] GC(4) Mark: 8 stripe(s), 3 proactive flush(es), 2 terminate flush(es), 0 completion(s), 0 continuation(s) 
[4.399s][info][gc,marking  ] GC(4) Mark Stack Usage: 32M
[4.399s][info][gc,nmethod  ] GC(4) NMethods: 1254 registered, 132 unregistered
[4.399s][info][gc,metaspace] GC(4) Metaspace: 8M used, 8M committed, 1088M reserved
[4.399s][info][gc,ref      ] GC(4) Soft: 169 encountered, 0 discovered, 0 enqueued
[4.399s][info][gc,ref      ] GC(4) Weak: 536 encountered, 65 discovered, 0 enqueued
[4.399s][info][gc,ref      ] GC(4) Final: 0 encountered, 0 discovered, 0 enqueued
[4.399s][info][gc,ref      ] GC(4) Phantom: 21 encountered, 19 discovered, 0 enqueued
[4.399s][info][gc,reloc    ] GC(4) Small Pages: 1356 / 2712M, Empty: 2668M, Relocated: 5M, In-Place: 0
[4.399s][info][gc,reloc    ] GC(4) Medium Pages: 2 / 64M, Empty: 0M, Relocated: 2M, In-Place: 0
[4.399s][info][gc,reloc    ] GC(4) Large Pages: 0 / 0M, Empty: 0M, Relocated: 0M, In-Place: 0
[4.399s][info][gc,reloc    ] GC(4) Forwarding Usage: 2M
[4.399s][info][gc,heap     ] GC(4) Min Capacity: 8M(0%)
[4.399s][info][gc,heap     ] GC(4) Max Capacity: 4096M(100%)
[4.399s][info][gc,heap     ] GC(4) Soft Max Capacity: 4096M(100%)
[4.399s][info][gc,heap     ] GC(4)                Mark Start          Mark End        Relocate Start      Relocate End           High               Low         
[4.399s][info][gc,heap     ] GC(4)  Capacity:     2776M (68%)        2816M (69%)        2816M (69%)        2848M (70%)        2848M (70%)        2776M (68%)    
[4.399s][info][gc,heap     ] GC(4)      Free:     1320M (32%)        1280M (31%)        3946M (96%)        3984M (97%)        3984M (97%)        1280M (31%)    
[4.399s][info][gc,heap     ] GC(4)      Used:     2776M (68%)        2816M (69%)         150M (4%)          112M (3%)         2816M (69%)         112M (3%)     
[4.399s][info][gc,heap     ] GC(4)      Live:         -                20M (1%)           20M (1%)           20M (1%)             -                  -          
[4.399s][info][gc,heap     ] GC(4) Allocated:         -                40M (1%)           42M (1%)           40M (1%)             -                  -          
[4.399s][info][gc,heap     ] GC(4)   Garbage:         -              2755M (67%)          87M (2%)           50M (1%)             -                  -          
[4.399s][info][gc,heap     ] GC(4) Reclaimed:         -                  -              2668M (65%)        2704M (66%)            -                  -          
[4.400s][info][gc          ] GC(4) Garbage Collection (Proactive) 2776M(68%)->112M(3%)
[5.651s][info][gc,start    ] GC(5) Garbage Collection (Allocation Rate)
[5.651s][info][gc,task     ] GC(5) Using 3 workers
[5.652s][info][gc,phases   ] GC(5) Pause Mark Start 0.034ms
[5.698s][info][gc,phases   ] GC(5) Concurrent Mark 46.398ms
[5.698s][info][gc,phases   ] GC(5) Pause Mark End 0.024ms
[5.698s][info][gc,phases   ] GC(5) Concurrent Mark Free 0.001ms
[5.700s][info][gc,phases   ] GC(5) Concurrent Process Non-Strong References 2.037ms
[5.700s][info][gc,phases   ] GC(5) Concurrent Reset Relocation Set 0.003ms
[5.710s][info][gc,phases   ] GC(5) Concurrent Select Relocation Set 9.433ms
[5.710s][info][gc,phases   ] GC(5) Pause Relocate Start 0.009ms
[5.723s][info][gc,phases   ] GC(5) Concurrent Relocate 12.459ms
[5.723s][info][gc,load     ] GC(5) Load: 0.00/0.00/0.00
[5.723s][info][gc,mmu      ] GC(5) MMU: 2ms/98.3%, 5ms/99.3%, 10ms/99.7%, 20ms/99.7%, 50ms/99.9%, 100ms/99.9%
[5.723s][info][gc,marking  ] GC(5) Mark: 2 stripe(s), 2 proactive flush(es), 1 terminate flush(es), 0 completion(s), 0 continuation(s) 
[5.723s][info][gc,marking  ] GC(5) Mark Stack Usage: 32M
[5.723s][info][gc,nmethod  ] GC(5) NMethods: 1254 registered, 135 unregistered
[5.723s][info][gc,metaspace] GC(5) Metaspace: 8M used, 8M committed, 1088M reserved
[5.723s][info][gc,ref      ] GC(5) Soft: 169 encountered, 0 discovered, 0 enqueued
[5.723s][info][gc,ref      ] GC(5) Weak: 536 encountered, 177 discovered, 0 enqueued
[5.723s][info][gc,ref      ] GC(5) Final: 0 encountered, 0 discovered, 0 enqueued
[5.723s][info][gc,ref      ] GC(5) Phantom: 21 encountered, 12 discovered, 0 enqueued
[5.723s][info][gc,reloc    ] GC(5) Small Pages: 1464 / 2928M, Empty: 2854M, Relocated: 10M, In-Place: 0
[5.723s][info][gc,reloc    ] GC(5) Medium Pages: 2 / 64M, Empty: 0M, Relocated: 2M, In-Place: 0
[5.723s][info][gc,reloc    ] GC(5) Large Pages: 0 / 0M, Empty: 0M, Relocated: 0M, In-Place: 0
[5.723s][info][gc,reloc    ] GC(5) Forwarding Usage: 4M
[5.723s][info][gc,heap     ] GC(5) Min Capacity: 8M(0%)
[5.723s][info][gc,heap     ] GC(5) Max Capacity: 4096M(100%)
[5.723s][info][gc,heap     ] GC(5) Soft Max Capacity: 4096M(100%)
[5.723s][info][gc,heap     ] GC(5)                Mark Start          Mark End        Relocate Start      Relocate End           High               Low         
[5.723s][info][gc,heap     ] GC(5)  Capacity:     2992M (73%)        3040M (74%)        3042M (74%)        3074M (75%)        3074M (75%)        2992M (73%)    
[5.723s][info][gc,heap     ] GC(5)      Free:     1104M (27%)        1056M (26%)        3894M (95%)        3934M (96%)        3948M (96%)        1054M (26%)    
[5.723s][info][gc,heap     ] GC(5)      Used:     2992M (73%)        3040M (74%)         202M (5%)          162M (4%)         3042M (74%)         148M (4%)     
[5.723s][info][gc,heap     ] GC(5)      Live:         -                27M (1%)           27M (1%)           27M (1%)             -                  -          
[5.723s][info][gc,heap     ] GC(5) Allocated:         -                48M (1%)           64M (2%)           97M (2%)             -                  -          
[5.723s][info][gc,heap     ] GC(5)   Garbage:         -              2964M (72%)         110M (3%)           36M (1%)             -                  -          
[5.723s][info][gc,heap     ] GC(5) Reclaimed:         -                  -              2854M (70%)        2927M (71%)            -                  -          
[5.723s][info][gc          ] GC(5) Garbage Collection (Allocation Rate) 2992M(73%)->162M(4%)
[6.252s][info][gc,start    ] GC(6) Garbage Collection (Allocation Rate)
[6.252s][info][gc,task     ] GC(6) Using 6 workers
[6.252s][info][gc,phases   ] GC(6) Pause Mark Start 0.017ms
[6.283s][info][gc,phases   ] GC(6) Concurrent Mark 30.828ms
[6.283s][info][gc,phases   ] GC(6) Pause Mark End 0.018ms
[6.283s][info][gc,phases   ] GC(6) Concurrent Mark Free 0.001ms
[6.284s][info][gc,phases   ] GC(6) Concurrent Process Non-Strong References 0.826ms
[6.284s][info][gc,phases   ] GC(6) Concurrent Reset Relocation Set 0.005ms
[6.287s][info][gc,phases   ] GC(6) Concurrent Select Relocation Set 2.722ms
[6.287s][info][gc,phases   ] GC(6) Pause Relocate Start 0.009ms
[6.289s][info][gc,phases   ] GC(6) Concurrent Relocate 2.164ms
[6.289s][info][gc,load     ] GC(6) Load: 0.00/0.00/0.00
[6.289s][info][gc,mmu      ] GC(6) MMU: 2ms/98.3%, 5ms/99.3%, 10ms/99.7%, 20ms/99.7%, 50ms/99.9%, 100ms/99.9%
[6.289s][info][gc,marking  ] GC(6) Mark: 4 stripe(s), 2 proactive flush(es), 1 terminate flush(es), 0 completion(s), 0 continuation(s) 
[6.289s][info][gc,marking  ] GC(6) Mark Stack Usage: 32M
[6.289s][info][gc,nmethod  ] GC(6) NMethods: 1281 registered, 152 unregistered
[6.289s][info][gc,metaspace] GC(6) Metaspace: 8M used, 8M committed, 1088M reserved
[6.289s][info][gc,ref      ] GC(6) Soft: 170 encountered, 0 discovered, 0 enqueued
[6.289s][info][gc,ref      ] GC(6) Weak: 543 encountered, 234 discovered, 4 enqueued
[6.289s][info][gc,ref      ] GC(6) Final: 0 encountered, 0 discovered, 0 enqueued
[6.289s][info][gc,ref      ] GC(6) Phantom: 23 encountered, 15 discovered, 2 enqueued
[6.289s][info][gc,reloc    ] GC(6) Small Pages: 323 / 646M, Empty: 598M, Relocated: 3M, In-Place: 0
[6.289s][info][gc,reloc    ] GC(6) Medium Pages: 2 / 64M, Empty: 32M, Relocated: 0M, In-Place: 0
[6.289s][info][gc,reloc    ] GC(6) Large Pages: 0 / 0M, Empty: 0M, Relocated: 0M, In-Place: 0
[6.289s][info][gc,reloc    ] GC(6) Forwarding Usage: 1M
[6.289s][info][gc,heap     ] GC(6) Min Capacity: 8M(0%)
[6.290s][info][gc,heap     ] GC(6) Max Capacity: 4096M(100%)
[6.290s][info][gc,heap     ] GC(6) Soft Max Capacity: 4096M(100%)
[6.290s][info][gc,heap     ] GC(6)                Mark Start          Mark End        Relocate Start      Relocate End           High               Low         
[6.290s][info][gc,heap     ] GC(6)  Capacity:     3074M (75%)        3074M (75%)        3074M (75%)        3074M (75%)        3074M (75%)        3074M (75%)    
[6.290s][info][gc,heap     ] GC(6)      Free:     3386M (83%)        3386M (83%)        4014M (98%)        4016M (98%)        4016M (98%)        3386M (83%)    
[6.290s][info][gc,heap     ] GC(6)      Used:      710M (17%)         710M (17%)          82M (2%)           80M (2%)          710M (17%)          80M (2%)     
[6.290s][info][gc,heap     ] GC(6)      Live:         -                30M (1%)           30M (1%)           30M (1%)             -                  -          
[6.290s][info][gc,heap     ] GC(6) Allocated:         -                 0M (0%)            2M (0%)            3M (0%)             -                  -          
[6.290s][info][gc,heap     ] GC(6)   Garbage:         -               679M (17%)          49M (1%)           45M (1%)             -                  -          
[6.290s][info][gc,heap     ] GC(6) Reclaimed:         -                  -               630M (15%)         633M (15%)            -                  -          
[6.290s][info][gc          ] GC(6) Garbage Collection (Allocation Rate) 710M(17%)->80M(2%)
[6.514s][info][gc,start    ] GC(7) Garbage Collection (System.gc())
[6.514s][info][gc,task     ] GC(7) Using 12 workers
[6.514s][info][gc,phases   ] GC(7) Pause Mark Start 0.021ms
[6.519s][info][gc,phases   ] GC(7) Concurrent Mark 4.934ms
[6.519s][info][gc,phases   ] GC(7) Pause Mark End 0.018ms
[6.519s][info][gc,phases   ] GC(7) Concurrent Mark Free 0.001ms
[6.520s][info][gc,phases   ] GC(7) Concurrent Process Non-Strong References 0.832ms
[6.520s][info][gc,phases   ] GC(7) Concurrent Reset Relocation Set 0.001ms
[6.526s][info][gc,phases   ] GC(7) Concurrent Select Relocation Set 5.565ms
[6.526s][info][gc,phases   ] GC(7) Pause Relocate Start 0.006ms
[6.529s][info][gc,phases   ] GC(7) Concurrent Relocate 2.920ms
[6.529s][info][gc,load     ] GC(7) Load: 0.00/0.00/0.00
[6.529s][info][gc,mmu      ] GC(7) MMU: 2ms/98.3%, 5ms/99.3%, 10ms/99.6%, 20ms/99.7%, 50ms/99.9%, 100ms/99.9%
[6.529s][info][gc,marking  ] GC(7) Mark: 8 stripe(s), 1 proactive flush(es), 1 terminate flush(es), 0 completion(s), 0 continuation(s) 
[6.529s][info][gc,marking  ] GC(7) Mark Stack Usage: 32M
[6.529s][info][gc,nmethod  ] GC(7) NMethods: 1334 registered, 188 unregistered
[6.529s][info][gc,metaspace] GC(7) Metaspace: 8M used, 8M committed, 1088M reserved
[6.529s][info][gc,ref      ] GC(7) Soft: 174 encountered, 0 discovered, 0 enqueued
[6.529s][info][gc,ref      ] GC(7) Weak: 585 encountered, 60 discovered, 15 enqueued
[6.529s][info][gc,ref      ] GC(7) Final: 0 encountered, 0 discovered, 0 enqueued
[6.529s][info][gc,ref      ] GC(7) Phantom: 29 encountered, 23 discovered, 8 enqueued
[6.529s][info][gc,reloc    ] GC(7) Small Pages: 51 / 102M, Empty: 76M, Relocated: 2M, In-Place: 0
[6.529s][info][gc,reloc    ] GC(7) Medium Pages: 2 / 64M, Empty: 64M, Relocated: 0M, In-Place: 0
[6.529s][info][gc,reloc    ] GC(7) Large Pages: 0 / 0M, Empty: 0M, Relocated: 0M, In-Place: 0
[6.529s][info][gc,reloc    ] GC(7) Forwarding Usage: 1M
[6.529s][info][gc,heap     ] GC(7) Min Capacity: 8M(0%)
[6.529s][info][gc,heap     ] GC(7) Max Capacity: 4096M(100%)
[6.529s][info][gc,heap     ] GC(7) Soft Max Capacity: 4096M(100%)
[6.529s][info][gc,heap     ] GC(7)                Mark Start          Mark End        Relocate Start      Relocate End           High               Low         
[6.529s][info][gc,heap     ] GC(7)  Capacity:     3074M (75%)        3074M (75%)        3074M (75%)        3074M (75%)        3074M (75%)        3074M (75%)    
[6.529s][info][gc,heap     ] GC(7)      Free:     3930M (96%)        3930M (96%)        4068M (99%)        4068M (99%)        4068M (99%)        3928M (96%)    
[6.529s][info][gc,heap     ] GC(7)      Used:      166M (4%)          166M (4%)           28M (1%)           28M (1%)          168M (4%)           28M (1%)     
[6.529s][info][gc,heap     ] GC(7)      Live:         -                 4M (0%)            4M (0%)            4M (0%)             -                  -          
[6.529s][info][gc,heap     ] GC(7) Allocated:         -                 0M (0%)            2M (0%)            2M (0%)             -                  -          
[6.529s][info][gc,heap     ] GC(7)   Garbage:         -               161M (4%)           21M (1%)           21M (1%)             -                  -          
[6.530s][info][gc,heap     ] GC(7) Reclaimed:         -                  -               140M (3%)          140M (3%)             -                  -          
[6.530s][info][gc          ] GC(7) Garbage Collection (System.gc()) 166M(4%)->28M(1%)
[8.056s][info][gc,start    ] GC(8) Garbage Collection (Allocation Rate)
[8.056s][info][gc,task     ] GC(8) Using 3 workers
[8.056s][info][gc,phases   ] GC(8) Pause Mark Start 0.022ms
[8.087s][info][gc,phases   ] GC(8) Concurrent Mark 30.803ms
[8.087s][info][gc,phases   ] GC(8) Pause Mark End 0.022ms
[8.087s][info][gc,phases   ] GC(8) Concurrent Mark Free 0.001ms
[8.089s][info][gc,phases   ] GC(8) Concurrent Process Non-Strong References 1.726ms
[8.089s][info][gc,phases   ] GC(8) Concurrent Reset Relocation Set 0.002ms
[8.097s][info][gc,phases   ] GC(8) Concurrent Select Relocation Set 7.474ms
[8.097s][info][gc,phases   ] GC(8) Pause Relocate Start 0.010ms
[8.108s][info][gc,phases   ] GC(8) Concurrent Relocate 11.101ms
[8.108s][info][gc,load     ] GC(8) Load: 0.00/0.00/0.00
[8.108s][info][gc,mmu      ] GC(8) MMU: 2ms/98.3%, 5ms/99.3%, 10ms/99.6%, 20ms/99.7%, 50ms/99.9%, 100ms/99.9%
[8.108s][info][gc,marking  ] GC(8) Mark: 2 stripe(s), 2 proactive flush(es), 1 terminate flush(es), 0 completion(s), 0 continuation(s) 
[8.108s][info][gc,marking  ] GC(8) Mark Stack Usage: 32M
[8.108s][info][gc,nmethod  ] GC(8) NMethods: 1334 registered, 190 unregistered
[8.108s][info][gc,metaspace] GC(8) Metaspace: 8M used, 8M committed, 1088M reserved
[8.108s][info][gc,ref      ] GC(8) Soft: 174 encountered, 0 discovered, 0 enqueued
[8.108s][info][gc,ref      ] GC(8) Weak: 570 encountered, 384 discovered, 0 enqueued
[8.108s][info][gc,ref      ] GC(8) Final: 0 encountered, 0 discovered, 0 enqueued
[8.108s][info][gc,ref      ] GC(8) Phantom: 21 encountered, 10 discovered, 0 enqueued
[8.108s][info][gc,reloc    ] GC(8) Small Pages: 1702 / 3404M, Empty: 3340M, Relocated: 10M, In-Place: 0
[8.108s][info][gc,reloc    ] GC(8) Medium Pages: 1 / 32M, Empty: 0M, Relocated: 0M, In-Place: 0
[8.108s][info][gc,reloc    ] GC(8) Large Pages: 0 / 0M, Empty: 0M, Relocated: 0M, In-Place: 0
[8.108s][info][gc,reloc    ] GC(8) Forwarding Usage: 4M
[8.108s][info][gc,heap     ] GC(8) Min Capacity: 8M(0%)
[8.109s][info][gc,heap     ] GC(8) Max Capacity: 4096M(100%)
[8.109s][info][gc,heap     ] GC(8) Soft Max Capacity: 4096M(100%)
[8.109s][info][gc,heap     ] GC(8)                Mark Start          Mark End        Relocate Start      Relocate End           High               Low         
[8.109s][info][gc,heap     ] GC(8)  Capacity:     3436M (84%)        3474M (85%)        3476M (85%)        3508M (86%)        3508M (86%)        3436M (84%)    
[8.109s][info][gc,heap     ] GC(8)      Free:      660M (16%)         622M (15%)        3954M (97%)        3964M (97%)        3994M (98%)         620M (15%)    
[8.109s][info][gc,heap     ] GC(8)      Used:     3436M (84%)        3474M (85%)         142M (3%)          132M (3%)         3476M (85%)         102M (2%)     
[8.109s][info][gc,heap     ] GC(8)      Live:         -                14M (0%)           14M (0%)           14M (0%)             -                  -          
[8.109s][info][gc,heap     ] GC(8) Allocated:         -                38M (1%)           46M (1%)           81M (2%)             -                  -          
[8.109s][info][gc,heap     ] GC(8)   Garbage:         -              3421M (84%)          81M (2%)           36M (1%)             -                  -          
[8.109s][info][gc,heap     ] GC(8) Reclaimed:         -                  -              3340M (82%)        3385M (83%)            -                  -          
[8.109s][info][gc          ] GC(8) Garbage Collection (Allocation Rate) 3436M(84%)->132M(3%)
[9.256s][info][gc,start    ] GC(9) Garbage Collection (Allocation Rate)
[9.256s][info][gc,task     ] GC(9) Using 1 workers
[9.256s][info][gc,phases   ] GC(9) Pause Mark Start 0.015ms
[9.335s][info][gc,phases   ] GC(9) Concurrent Mark 79.006ms
[9.336s][info][gc,phases   ] GC(9) Pause Mark End 0.027ms
[9.336s][info][gc,phases   ] GC(9) Concurrent Mark Free 0.001ms
[9.341s][info][gc,phases   ] GC(9) Concurrent Process Non-Strong References 5.436ms
[9.341s][info][gc,phases   ] GC(9) Concurrent Reset Relocation Set 0.005ms
[9.346s][info][gc,phases   ] GC(9) Concurrent Select Relocation Set 4.679ms
[9.346s][info][gc,phases   ] GC(9) Pause Relocate Start 0.009ms
[9.358s][info][gc,phases   ] GC(9) Concurrent Relocate 12.294ms
[9.358s][info][gc,load     ] GC(9) Load: 0.00/0.00/0.00
[9.358s][info][gc,mmu      ] GC(9) MMU: 2ms/98.3%, 5ms/99.3%, 10ms/99.6%, 20ms/99.7%, 50ms/99.9%, 100ms/99.9%
[9.358s][info][gc,marking  ] GC(9) Mark: 1 stripe(s), 2 proactive flush(es), 1 terminate flush(es), 0 completion(s), 0 continuation(s) 
[9.359s][info][gc,marking  ] GC(9) Mark Stack Usage: 32M
[9.359s][info][gc,nmethod  ] GC(9) NMethods: 1334 registered, 190 unregistered
[9.359s][info][gc,metaspace] GC(9) Metaspace: 8M used, 8M committed, 1088M reserved
[9.359s][info][gc,ref      ] GC(9) Soft: 174 encountered, 0 discovered, 0 enqueued
[9.359s][info][gc,ref      ] GC(9) Weak: 570 encountered, 382 discovered, 0 enqueued
[9.359s][info][gc,ref      ] GC(9) Final: 0 encountered, 0 discovered, 0 enqueued
[9.359s][info][gc,ref      ] GC(9) Phantom: 21 encountered, 10 discovered, 0 enqueued
[9.359s][info][gc,reloc    ] GC(9) Small Pages: 1394 / 2788M, Empty: 2732M, Relocated: 6M, In-Place: 0
[9.359s][info][gc,reloc    ] GC(9) Medium Pages: 2 / 64M, Empty: 0M, Relocated: 1M, In-Place: 0
[9.359s][info][gc,reloc    ] GC(9) Large Pages: 0 / 0M, Empty: 0M, Relocated: 0M, In-Place: 0
[9.359s][info][gc,reloc    ] GC(9) Forwarding Usage: 3M
[9.359s][info][gc,heap     ] GC(9) Min Capacity: 8M(0%)
[9.359s][info][gc,heap     ] GC(9) Max Capacity: 4096M(100%)
[9.359s][info][gc,heap     ] GC(9) Soft Max Capacity: 4096M(100%)
[9.359s][info][gc,heap     ] GC(9)                Mark Start          Mark End        Relocate Start      Relocate End           High               Low         
[9.359s][info][gc,heap     ] GC(9)  Capacity:     3508M (86%)        3508M (86%)        3508M (86%)        3540M (86%)        3540M (86%)        3508M (86%)    
[9.359s][info][gc,heap     ] GC(9)      Free:     1244M (30%)        1146M (28%)        3872M (95%)        3920M (96%)        3926M (96%)        1142M (28%)    
[9.359s][info][gc,heap     ] GC(9)      Used:     2852M (70%)        2950M (72%)         224M (5%)          176M (4%)         2954M (72%)         170M (4%)     
[9.359s][info][gc,heap     ] GC(9)      Live:         -                22M (1%)           22M (1%)           22M (1%)             -                  -          
[9.359s][info][gc,heap     ] GC(9) Allocated:         -                98M (2%)          104M (3%)          117M (3%)             -                  -          
[9.359s][info][gc,heap     ] GC(9)   Garbage:         -              2829M (69%)          97M (2%)           35M (1%)             -                  -          
[9.359s][info][gc,heap     ] GC(9) Reclaimed:         -                  -              2732M (67%)        2793M (68%)            -                  -          
[9.359s][info][gc          ] GC(9) Garbage Collection (Allocation Rate) 2852M(70%)->176M(4%)
[10.144s][info][gc,stats    ] === Garbage Collection Statistics =======================================================================================================================
[10.144s][info][gc,stats    ]                                                              Last 10s              Last 10m              Last 10h                Total
[10.144s][info][gc,stats    ]                                                              Avg / Max             Avg / Max             Avg / Max             Avg / Max
[10.144s][info][gc,stats    ]   Collector: Garbage Collection Cycle                     43.524 / 102.460      43.524 / 102.460      43.524 / 102.460      43.524 / 102.460     ms
[10.144s][info][gc,stats    ]  Contention: Mark Segment Reset Contention                     0 / 2                 0 / 2                 0 / 2                 0 / 2           ops/s
[10.144s][info][gc,stats    ]  Contention: Mark SeqNum Reset Contention                      0 / 1                 0 / 1                 0 / 1                 0 / 1           ops/s
[10.144s][info][gc,stats    ]    Critical: Allocation Stall                                  0 / 0                 0 / 0                 0 / 0                 0 / 0           ops/s
[10.144s][info][gc,stats    ]    Critical: Allocation Stall                              0.000 / 0.000         0.000 / 0.000         0.000 / 0.000         0.000 / 0.000       ms
[10.144s][info][gc,stats    ]    Critical: GC Locker Stall                                   0 / 0                 0 / 0                 0 / 0                 0 / 0           ops/s
[10.144s][info][gc,stats    ]    Critical: GC Locker Stall                               0.000 / 0.000         0.000 / 0.000         0.000 / 0.000         0.000 / 0.000       ms
[10.144s][info][gc,stats    ]    Critical: Relocation Stall                                  0 / 0                 0 / 0                 0 / 0                 0 / 0           ops/s
[10.144s][info][gc,stats    ]    Critical: Relocation Stall                              0.000 / 0.000         0.000 / 0.000         0.000 / 0.000         0.000 / 0.000       ms
[10.144s][info][gc,stats    ]      Memory: Allocation Rate                                1720 / 2420           1720 / 2420           1720 / 2420           1720 / 2420        MB/s
[10.144s][info][gc,stats    ]      Memory: Defragment                                        3 / 32                3 / 32                3 / 32                3 / 32          ops/s
[10.144s][info][gc,stats    ]      Memory: Out Of Memory                                     0 / 0                 0 / 0                 0 / 0                 0 / 0           ops/s
[10.144s][info][gc,stats    ]      Memory: Page Cache Flush                                  6 / 64                6 / 64                6 / 64                6 / 64          MB/s
[10.144s][info][gc,stats    ]      Memory: Page Cache Hit L1                               683 / 1210            683 / 1210            683 / 1210            683 / 1210        ops/s
[10.144s][info][gc,stats    ]      Memory: Page Cache Hit L2                                 0 / 0                 0 / 0                 0 / 0                 0 / 0           ops/s
[10.144s][info][gc,stats    ]      Memory: Page Cache Hit L3                               105 / 432             105 / 432             105 / 432             105 / 432         ops/s
[10.144s][info][gc,stats    ]      Memory: Page Cache Miss                                  67 / 264              67 / 264              67 / 264              67 / 264         ops/s
[10.144s][info][gc,stats    ]      Memory: Uncommit                                          0 / 0                 0 / 0                 0 / 0                 0 / 0           MB/s
[10.145s][info][gc,stats    ]      Memory: Undo Object Allocation Failed                     0 / 0                 0 / 0                 0 / 0                 0 / 0           ops/s
[10.145s][info][gc,stats    ]      Memory: Undo Object Allocation Succeeded                  0 / 3                 0 / 3                 0 / 3                 0 / 3           ops/s
[10.145s][info][gc,stats    ]      Memory: Undo Page Allocation                              0 / 0                 0 / 0                 0 / 0                 0 / 0           ops/s
[10.145s][info][gc,stats    ]       Phase: Concurrent Mark                              28.496 / 79.006       28.496 / 79.006       28.496 / 79.006       28.496 / 79.006      ms
[10.145s][info][gc,stats    ]       Phase: Concurrent Mark Continue                      0.000 / 0.000         0.000 / 0.000         0.000 / 0.000         0.000 / 0.000       ms
[10.145s][info][gc,stats    ]       Phase: Concurrent Mark Free                          0.001 / 0.001         0.001 / 0.001         0.001 / 0.001         0.001 / 0.001       ms
[10.145s][info][gc,stats    ]       Phase: Concurrent Process Non-Strong References      1.493 / 5.436         1.493 / 5.436         1.493 / 5.436         1.493 / 5.436       ms
[10.145s][info][gc,stats    ]       Phase: Concurrent Relocate                           5.739 / 12.459        5.739 / 12.459        5.739 / 12.459        5.739 / 12.459      ms
[10.145s][info][gc,stats    ]       Phase: Concurrent Reset Relocation Set               0.003 / 0.005         0.003 / 0.005         0.003 / 0.005         0.003 / 0.005       ms
[10.145s][info][gc,stats    ]       Phase: Concurrent Select Relocation Set              6.773 / 14.862        6.773 / 14.862        6.773 / 14.862        6.773 / 14.862      ms
[10.145s][info][gc,stats    ]       Phase: Pause Mark End                                0.023 / 0.034         0.023 / 0.034         0.023 / 0.034         0.023 / 0.034       ms
[10.145s][info][gc,stats    ]       Phase: Pause Mark Start                              0.020 / 0.034         0.020 / 0.034         0.020 / 0.034         0.020 / 0.034       ms
[10.145s][info][gc,stats    ]       Phase: Pause Relocate Start                          0.008 / 0.010         0.008 / 0.010         0.008 / 0.010         0.008 / 0.010       ms
[10.145s][info][gc,stats    ]    Subphase: Concurrent Classes Purge                      0.124 / 0.431         0.124 / 0.431         0.124 / 0.431         0.124 / 0.431       ms
[10.145s][info][gc,stats    ]    Subphase: Concurrent Classes Unlink                     0.956 / 3.918         0.956 / 3.918         0.956 / 3.918         0.956 / 3.918       ms
[10.145s][info][gc,stats    ]    Subphase: Concurrent Mark                              18.061 / 77.202       18.061 / 77.202       18.061 / 77.202       18.061 / 77.202      ms
[10.145s][info][gc,stats    ]    Subphase: Concurrent Mark Try Flush                     0.039 / 0.079         0.039 / 0.079         0.039 / 0.079         0.039 / 0.079       ms
[10.145s][info][gc,stats    ]    Subphase: Concurrent Mark Try Terminate                 6.039 / 13.309        6.039 / 13.309        6.039 / 13.309        6.039 / 13.309      ms
[10.145s][info][gc,stats    ]    Subphase: Concurrent References Enqueue                 0.001 / 0.004         0.001 / 0.004         0.001 / 0.004         0.001 / 0.004       ms
[10.145s][info][gc,stats    ]    Subphase: Concurrent References Process                 0.053 / 0.093         0.053 / 0.093         0.053 / 0.093         0.053 / 0.093       ms
[10.145s][info][gc,stats    ]    Subphase: Concurrent Roots ClassLoaderDataGraph         0.076 / 0.519         0.076 / 0.519         0.076 / 0.519         0.076 / 0.519       ms
[10.145s][info][gc,stats    ]    Subphase: Concurrent Roots CodeCache                    0.000 / 0.000         0.000 / 0.000         0.000 / 0.000         0.000 / 0.000       ms
[10.145s][info][gc,stats    ]    Subphase: Concurrent Roots JavaThreads                  0.222 / 1.263         0.222 / 1.263         0.222 / 1.263         0.222 / 1.263       ms
[10.145s][info][gc,stats    ]    Subphase: Concurrent Roots OopStorageSet                0.026 / 0.195         0.026 / 0.195         0.026 / 0.195         0.026 / 0.195       ms
[10.145s][info][gc,stats    ]    Subphase: Concurrent Weak Roots OopStorageSet           0.131 / 1.358         0.131 / 1.358         0.131 / 1.358         0.131 / 1.358       ms
[10.145s][info][gc,stats    ]    Subphase: Pause Mark Try Complete                       0.000 / 0.000         0.000 / 0.000         0.000 / 0.000         0.000 / 0.000       ms
[10.145s][info][gc,stats    ]      System: Java Threads                                     19 / 24               19 / 24               19 / 24               19 / 24          threads
[10.145s][info][gc,stats    ] =========================================================================================================================================================
[10.643s][info][gc,start    ] GC(10) Garbage Collection (Proactive)
[10.644s][info][gc,task     ] GC(10) Using 12 workers
[10.644s][info][gc,phases   ] GC(10) Pause Mark Start 0.019ms
[10.675s][info][gc,phases   ] GC(10) Concurrent Mark 30.770ms
[10.675s][info][gc,phases   ] GC(10) Pause Mark End 0.020ms
[10.675s][info][gc,phases   ] GC(10) Concurrent Mark Free 0.001ms
[10.675s][info][gc,phases   ] GC(10) Concurrent Process Non-Strong References 0.481ms
[10.675s][info][gc,phases   ] GC(10) Concurrent Reset Relocation Set 0.003ms
[10.678s][info][gc,phases   ] GC(10) Concurrent Select Relocation Set 3.041ms
[10.679s][info][gc,phases   ] GC(10) Pause Relocate Start 0.007ms
[10.681s][info][gc,phases   ] GC(10) Concurrent Relocate 2.585ms
[10.681s][info][gc,load     ] GC(10) Load: 0.00/0.00/0.00
[10.681s][info][gc,mmu      ] GC(10) MMU: 2ms/98.3%, 5ms/99.3%, 10ms/99.6%, 20ms/99.7%, 50ms/99.9%, 100ms/99.9%
[10.681s][info][gc,marking  ] GC(10) Mark: 8 stripe(s), 2 proactive flush(es), 1 terminate flush(es), 0 completion(s), 0 continuation(s) 
[10.681s][info][gc,marking  ] GC(10) Mark Stack Usage: 32M
[10.681s][info][gc,nmethod  ] GC(10) NMethods: 1333 registered, 192 unregistered
[10.681s][info][gc,metaspace] GC(10) Metaspace: 8M used, 8M committed, 1088M reserved
[10.681s][info][gc,ref      ] GC(10) Soft: 174 encountered, 0 discovered, 0 enqueued
[10.681s][info][gc,ref      ] GC(10) Weak: 570 encountered, 197 discovered, 0 enqueued
[10.681s][info][gc,ref      ] GC(10) Final: 0 encountered, 0 discovered, 0 enqueued
[10.681s][info][gc,ref      ] GC(10) Phantom: 21 encountered, 11 discovered, 0 enqueued
[10.681s][info][gc,reloc    ] GC(10) Small Pages: 1262 / 2524M, Empty: 2484M, Relocated: 3M, In-Place: 0
[10.681s][info][gc,reloc    ] GC(10) Medium Pages: 2 / 64M, Empty: 32M, Relocated: 0M, In-Place: 0
[10.681s][info][gc,reloc    ] GC(10) Large Pages: 0 / 0M, Empty: 0M, Relocated: 0M, In-Place: 0
[10.681s][info][gc,reloc    ] GC(10) Forwarding Usage: 1M
[10.681s][info][gc,heap     ] GC(10) Min Capacity: 8M(0%)
[10.681s][info][gc,heap     ] GC(10) Max Capacity: 4096M(100%)
[10.682s][info][gc,heap     ] GC(10) Soft Max Capacity: 4096M(100%)
[10.682s][info][gc,heap     ] GC(10)                Mark Start          Mark End        Relocate Start      Relocate End           High               Low         
[10.682s][info][gc,heap     ] GC(10)  Capacity:     3540M (86%)        3540M (86%)        3540M (86%)        3540M (86%)        3540M (86%)        3540M (86%)    
[10.682s][info][gc,heap     ] GC(10)      Free:     1508M (37%)        1508M (37%)        4024M (98%)        4022M (98%)        4024M (98%)        1508M (37%)    
[10.682s][info][gc,heap     ] GC(10)      Used:     2588M (63%)        2588M (63%)          72M (2%)           74M (2%)         2588M (63%)          72M (2%)     
[10.682s][info][gc,heap     ] GC(10)      Live:         -                30M (1%)           30M (1%)           30M (1%)             -                  -          
[10.682s][info][gc,heap     ] GC(10) Allocated:         -                 0M (0%)            0M (0%)            1M (0%)             -                  -          
[10.682s][info][gc,heap     ] GC(10)   Garbage:         -              2557M (62%)          41M (1%)           41M (1%)             -                  -          
[10.682s][info][gc,heap     ] GC(10) Reclaimed:         -                  -              2516M (61%)        2515M (61%)            -                  -          
[10.682s][info][gc          ] GC(10) Garbage Collection (Proactive) 2588M(63%)->74M(2%)
[10.796s][info][gc,start    ] GC(11) Garbage Collection (System.gc())
[10.796s][info][gc,task     ] GC(11) Using 12 workers
[10.796s][info][gc,phases   ] GC(11) Pause Mark Start 0.015ms
[10.807s][info][gc,phases   ] GC(11) Concurrent Mark 11.051ms
[10.807s][info][gc,phases   ] GC(11) Pause Mark End 0.015ms
[10.807s][info][gc,phases   ] GC(11) Concurrent Mark Free 0.001ms
[10.808s][info][gc,phases   ] GC(11) Concurrent Process Non-Strong References 0.612ms
[10.808s][info][gc,phases   ] GC(11) Concurrent Reset Relocation Set 0.001ms
[10.811s][info][gc,phases   ] GC(11) Concurrent Select Relocation Set 3.063ms
[10.811s][info][gc,phases   ] GC(11) Pause Relocate Start 0.008ms
[10.814s][info][gc,phases   ] GC(11) Concurrent Relocate 2.254ms
[10.814s][info][gc,load     ] GC(11) Load: 0.00/0.00/0.00
[10.814s][info][gc,mmu      ] GC(11) MMU: 2ms/98.3%, 5ms/99.3%, 10ms/99.6%, 20ms/99.7%, 50ms/99.9%, 100ms/99.9%
[10.814s][info][gc,marking  ] GC(11) Mark: 8 stripe(s), 2 proactive flush(es), 1 terminate flush(es), 0 completion(s), 0 continuation(s) 
[10.814s][info][gc,marking  ] GC(11) Mark Stack Usage: 32M
[10.814s][info][gc,nmethod  ] GC(11) NMethods: 1335 registered, 195 unregistered
[10.814s][info][gc,metaspace] GC(11) Metaspace: 8M used, 8M committed, 1088M reserved
[10.814s][info][gc,ref      ] GC(11) Soft: 174 encountered, 0 discovered, 0 enqueued
[10.814s][info][gc,ref      ] GC(11) Weak: 570 encountered, 234 discovered, 0 enqueued
[10.814s][info][gc,ref      ] GC(11) Final: 0 encountered, 0 discovered, 0 enqueued
[10.814s][info][gc,ref      ] GC(11) Phantom: 21 encountered, 21 discovered, 0 enqueued
[10.814s][info][gc,reloc    ] GC(11) Small Pages: 46 / 92M, Empty: 78M, Relocated: 1M, In-Place: 0
[10.814s][info][gc,reloc    ] GC(11) Medium Pages: 2 / 64M, Empty: 64M, Relocated: 0M, In-Place: 0
[10.814s][info][gc,reloc    ] GC(11) Large Pages: 0 / 0M, Empty: 0M, Relocated: 0M, In-Place: 0
[10.814s][info][gc,reloc    ] GC(11) Forwarding Usage: 0M
[10.814s][info][gc,heap     ] GC(11) Min Capacity: 8M(0%)
[10.814s][info][gc,heap     ] GC(11) Max Capacity: 4096M(100%)
[10.814s][info][gc,heap     ] GC(11) Soft Max Capacity: 4096M(100%)
[10.814s][info][gc,heap     ] GC(11)                Mark Start          Mark End        Relocate Start      Relocate End           High               Low         
[10.814s][info][gc,heap     ] GC(11)  Capacity:     3540M (86%)        3540M (86%)        3540M (86%)        3540M (86%)        3540M (86%)        3540M (86%)    
[10.814s][info][gc,heap     ] GC(11)      Free:     3940M (96%)        3940M (96%)        4082M (100%)       4082M (100%)       4082M (100%)       3940M (96%)    
[10.814s][info][gc,heap     ] GC(11)      Used:      156M (4%)          156M (4%)           14M (0%)           14M (0%)          156M (4%)           14M (0%)     
[10.814s][info][gc,heap     ] GC(11)      Live:         -                 4M (0%)            4M (0%)            4M (0%)             -                  -          
[10.814s][info][gc,heap     ] GC(11) Allocated:         -                 0M (0%)            0M (0%)            0M (0%)             -                  -          
[10.814s][info][gc,heap     ] GC(11)   Garbage:         -               151M (4%)            9M (0%)            9M (0%)             -                  -          
[10.814s][info][gc,heap     ] GC(11) Reclaimed:         -                  -               142M (3%)          142M (3%)             -                  -          
[10.814s][info][gc          ] GC(11) Garbage Collection (System.gc()) 156M(4%)->14M(0%)
[12.149s][info][gc,start    ] GC(12) Garbage Collection (Allocation Rate)
[12.149s][info][gc,task     ] GC(12) Using 12 workers
[12.149s][info][gc,phases   ] GC(12) Pause Mark Start 0.018ms
[12.180s][info][gc,phases   ] GC(12) Concurrent Mark 30.825ms
[12.180s][info][gc,phases   ] GC(12) Pause Mark End 0.022ms
[12.180s][info][gc,phases   ] GC(12) Concurrent Mark Free 0.001ms
[12.181s][info][gc,phases   ] GC(12) Concurrent Process Non-Strong References 0.635ms
[12.181s][info][gc,phases   ] GC(12) Concurrent Reset Relocation Set 0.001ms
[12.187s][info][gc,phases   ] GC(12) Concurrent Select Relocation Set 6.209ms
[12.187s][info][gc,phases   ] GC(12) Pause Relocate Start 0.008ms
[12.190s][info][gc,phases   ] GC(12) Concurrent Relocate 2.880ms
[12.191s][info][gc,load     ] GC(12) Load: 0.00/0.00/0.00
[12.191s][info][gc,mmu      ] GC(12) MMU: 2ms/98.3%, 5ms/99.3%, 10ms/99.6%, 20ms/99.7%, 50ms/99.9%, 100ms/99.9%
[12.191s][info][gc,marking  ] GC(12) Mark: 8 stripe(s), 5 proactive flush(es), 1 terminate flush(es), 0 completion(s), 0 continuation(s) 
[12.191s][info][gc,marking  ] GC(12) Mark Stack Usage: 32M
[12.191s][info][gc,nmethod  ] GC(12) NMethods: 1336 registered, 198 unregistered
[12.191s][info][gc,metaspace] GC(12) Metaspace: 8M used, 8M committed, 1088M reserved
[12.191s][info][gc,ref      ] GC(12) Soft: 174 encountered, 0 discovered, 0 enqueued
[12.191s][info][gc,ref      ] GC(12) Weak: 570 encountered, 201 discovered, 0 enqueued
[12.191s][info][gc,ref      ] GC(12) Final: 0 encountered, 0 discovered, 0 enqueued
[12.191s][info][gc,ref      ] GC(12) Phantom: 21 encountered, 19 discovered, 0 enqueued
[12.191s][info][gc,reloc    ] GC(12) Small Pages: 1637 / 3274M, Empty: 3222M, Relocated: 6M, In-Place: 0
[12.191s][info][gc,reloc    ] GC(12) Medium Pages: 1 / 32M, Empty: 0M, Relocated: 0M, In-Place: 0
[12.191s][info][gc,reloc    ] GC(12) Large Pages: 0 / 0M, Empty: 0M, Relocated: 0M, In-Place: 0
[12.191s][info][gc,reloc    ] GC(12) Forwarding Usage: 3M
[12.191s][info][gc,heap     ] GC(12) Min Capacity: 8M(0%)
[12.191s][info][gc,heap     ] GC(12) Max Capacity: 4096M(100%)
[12.191s][info][gc,heap     ] GC(12) Soft Max Capacity: 4096M(100%)
[12.191s][info][gc,heap     ] GC(12)                Mark Start          Mark End        Relocate Start      Relocate End           High               Low         
[12.191s][info][gc,heap     ] GC(12)  Capacity:     3540M (86%)        3540M (86%)        3540M (86%)        3540M (86%)        3540M (86%)        3540M (86%)    
[12.191s][info][gc,heap     ] GC(12)      Free:      790M (19%)         766M (19%)        3974M (97%)        3988M (97%)        3988M (97%)         766M (19%)    
[12.191s][info][gc,heap     ] GC(12)      Used:     3306M (81%)        3330M (81%)         122M (3%)          108M (3%)         3330M (81%)         108M (3%)     
[12.191s][info][gc,heap     ] GC(12)      Live:         -                13M (0%)           13M (0%)           13M (0%)             -                  -          
[12.191s][info][gc,heap     ] GC(12) Allocated:         -                24M (1%)           38M (1%)           43M (1%)             -                  -          
[12.191s][info][gc,heap     ] GC(12)   Garbage:         -              3292M (80%)          70M (2%)           50M (1%)             -                  -          
[12.191s][info][gc,heap     ] GC(12) Reclaimed:         -                  -              3222M (79%)        3241M (79%)            -                  -          
[12.191s][info][gc          ] GC(12) Garbage Collection (Allocation Rate) 3306M(81%)->108M(3%)
[13.350s][info][gc,start    ] GC(13) Garbage Collection (Allocation Rate)
[13.350s][info][gc,task     ] GC(13) Using 2 workers
[13.351s][info][gc,phases   ] GC(13) Pause Mark Start 0.020ms
[13.413s][info][gc,phases   ] GC(13) Concurrent Mark 62.020ms
[13.413s][info][gc,phases   ] GC(13) Pause Mark End 0.022ms
[13.413s][info][gc,phases   ] GC(13) Concurrent Mark Free 0.001ms
[13.416s][info][gc,phases   ] GC(13) Concurrent Process Non-Strong References 2.724ms
[13.416s][info][gc,phases   ] GC(13) Concurrent Reset Relocation Set 0.005ms
[13.420s][info][gc,phases   ] GC(13) Concurrent Select Relocation Set 4.089ms
[13.420s][info][gc,phases   ] GC(13) Pause Relocate Start 0.010ms
[13.430s][info][gc,phases   ] GC(13) Concurrent Relocate 9.905ms
[13.430s][info][gc,load     ] GC(13) Load: 0.00/0.00/0.00
[13.430s][info][gc,mmu      ] GC(13) MMU: 2ms/98.3%, 5ms/99.3%, 10ms/99.6%, 20ms/99.7%, 50ms/99.9%, 100ms/99.9%
[13.430s][info][gc,marking  ] GC(13) Mark: 2 stripe(s), 2 proactive flush(es), 1 terminate flush(es), 0 completion(s), 0 continuation(s) 
[13.430s][info][gc,marking  ] GC(13) Mark Stack Usage: 32M
[13.430s][info][gc,nmethod  ] GC(13) NMethods: 1336 registered, 198 unregistered
[13.430s][info][gc,metaspace] GC(13) Metaspace: 8M used, 8M committed, 1088M reserved
[13.430s][info][gc,ref      ] GC(13) Soft: 174 encountered, 0 discovered, 0 enqueued
[13.430s][info][gc,ref      ] GC(13) Weak: 570 encountered, 382 discovered, 0 enqueued
[13.430s][info][gc,ref      ] GC(13) Final: 0 encountered, 0 discovered, 0 enqueued
[13.430s][info][gc,ref      ] GC(13) Phantom: 21 encountered, 16 discovered, 0 enqueued
[13.430s][info][gc,reloc    ] GC(13) Small Pages: 1443 / 2886M, Empty: 2828M, Relocated: 6M, In-Place: 0
[13.430s][info][gc,reloc    ] GC(13) Medium Pages: 2 / 64M, Empty: 0M, Relocated: 1M, In-Place: 0
[13.430s][info][gc,reloc    ] GC(13) Large Pages: 0 / 0M, Empty: 0M, Relocated: 0M, In-Place: 0
[13.431s][info][gc,reloc    ] GC(13) Forwarding Usage: 2M
[13.431s][info][gc,heap     ] GC(13) Min Capacity: 8M(0%)
[13.431s][info][gc,heap     ] GC(13) Max Capacity: 4096M(100%)
[13.431s][info][gc,heap     ] GC(13) Soft Max Capacity: 4096M(100%)
[13.431s][info][gc,heap     ] GC(13)                Mark Start          Mark End        Relocate Start      Relocate End           High               Low         
[13.431s][info][gc,heap     ] GC(13)  Capacity:     3540M (86%)        3540M (86%)        3540M (86%)        3540M (86%)        3540M (86%)        3540M (86%)    
[13.431s][info][gc,heap     ] GC(13)      Free:     1146M (28%)        1022M (25%)        3840M (94%)        3876M (95%)        3890M (95%)        1018M (25%)    
[13.431s][info][gc,heap     ] GC(13)      Used:     2950M (72%)        3074M (75%)         256M (6%)          220M (5%)         3078M (75%)         206M (5%)     
[13.431s][info][gc,heap     ] GC(13)      Live:         -                22M (1%)           22M (1%)           22M (1%)             -                  -          
[13.431s][info][gc,heap     ] GC(13) Allocated:         -               124M (3%)          134M (3%)          161M (4%)             -                  -          
[13.431s][info][gc,heap     ] GC(13)   Garbage:         -              2927M (71%)          99M (2%)           35M (1%)             -                  -          
[13.431s][info][gc,heap     ] GC(13) Reclaimed:         -                  -              2828M (69%)        2891M (71%)            -                  -          
[13.431s][info][gc          ] GC(13) Garbage Collection (Allocation Rate) 2950M(72%)->220M(5%)
[14.746s][info][gc,start    ] GC(14) Garbage Collection (Allocation Rate)
[14.746s][info][gc,task     ] GC(14) Using 2 workers
[14.747s][info][gc,phases   ] GC(14) Pause Mark Start 0.019ms
[14.809s][info][gc,phases   ] GC(14) Concurrent Mark 62.022ms
[14.809s][info][gc,phases   ] GC(14) Pause Mark End 0.022ms
[14.809s][info][gc,phases   ] GC(14) Concurrent Mark Free 0.001ms
[14.811s][info][gc,phases   ] GC(14) Concurrent Process Non-Strong References 2.284ms
[14.811s][info][gc,phases   ] GC(14) Concurrent Reset Relocation Set 0.004ms
[14.815s][info][gc,phases   ] GC(14) Concurrent Select Relocation Set 4.030ms
[14.816s][info][gc,phases   ] GC(14) Pause Relocate Start 0.006ms
[14.823s][info][gc,phases   ] GC(14) Concurrent Relocate 7.149ms
[14.823s][info][gc,load     ] GC(14) Load: 0.00/0.00/0.00
[14.823s][info][gc,mmu      ] GC(14) MMU: 2ms/98.3%, 5ms/99.3%, 10ms/99.6%, 20ms/99.7%, 50ms/99.9%, 100ms/99.9%
[14.823s][info][gc,marking  ] GC(14) Mark: 2 stripe(s), 2 proactive flush(es), 1 terminate flush(es), 0 completion(s), 0 continuation(s) 
[14.823s][info][gc,marking  ] GC(14) Mark Stack Usage: 32M
[14.823s][info][gc,nmethod  ] GC(14) NMethods: 1336 registered, 198 unregistered
[14.823s][info][gc,metaspace] GC(14) Metaspace: 8M used, 8M committed, 1088M reserved
[14.823s][info][gc,ref      ] GC(14) Soft: 174 encountered, 0 discovered, 0 enqueued
[14.823s][info][gc,ref      ] GC(14) Weak: 570 encountered, 351 discovered, 0 enqueued
[14.823s][info][gc,ref      ] GC(14) Final: 0 encountered, 0 discovered, 0 enqueued
[14.823s][info][gc,ref      ] GC(14) Phantom: 21 encountered, 13 discovered, 0 enqueued
[14.823s][info][gc,reloc    ] GC(14) Small Pages: 1279 / 2558M, Empty: 2516M, Relocated: 5M, In-Place: 0
[14.823s][info][gc,reloc    ] GC(14) Medium Pages: 2 / 64M, Empty: 32M, Relocated: 0M, In-Place: 0
[14.823s][info][gc,reloc    ] GC(14) Large Pages: 0 / 0M, Empty: 0M, Relocated: 0M, In-Place: 0
[14.823s][info][gc,reloc    ] GC(14) Forwarding Usage: 2M
[14.823s][info][gc,heap     ] GC(14) Min Capacity: 8M(0%)
[14.823s][info][gc,heap     ] GC(14) Max Capacity: 4096M(100%)
[14.823s][info][gc,heap     ] GC(14) Soft Max Capacity: 4096M(100%)
[14.823s][info][gc,heap     ] GC(14)                Mark Start          Mark End        Relocate Start      Relocate End           High               Low         
[14.823s][info][gc,heap     ] GC(14)  Capacity:     3540M (86%)        3540M (86%)        3540M (86%)        3540M (86%)        3540M (86%)        3540M (86%)    
[14.823s][info][gc,heap     ] GC(14)      Free:     1474M (36%)        1422M (35%)        3966M (97%)        3968M (97%)        3970M (97%)        1420M (35%)    
[14.823s][info][gc,heap     ] GC(14)      Used:     2622M (64%)        2674M (65%)         130M (3%)          128M (3%)         2676M (65%)         126M (3%)     
[14.823s][info][gc,heap     ] GC(14)      Live:         -                31M (1%)           31M (1%)           31M (1%)             -                  -          
[14.824s][info][gc,heap     ] GC(14) Allocated:         -                52M (1%)           56M (1%)           59M (1%)             -                  -          
[14.824s][info][gc,heap     ] GC(14)   Garbage:         -              2590M (63%)          42M (1%)           36M (1%)             -                  -          
[14.824s][info][gc,heap     ] GC(14) Reclaimed:         -                  -              2548M (62%)        2553M (62%)            -                  -          
[14.824s][info][gc          ] GC(14) Garbage Collection (Allocation Rate) 2622M(64%)->128M(3%)
[14.856s][info][gc,start    ] GC(15) Garbage Collection (Allocation Rate)
[14.856s][info][gc,task     ] GC(15) Using 6 workers
[14.856s][info][gc,phases   ] GC(15) Pause Mark Start 0.011ms
[14.902s][info][gc,phases   ] GC(15) Concurrent Mark 46.551ms
[14.903s][info][gc,phases   ] GC(15) Pause Mark End 0.018ms
[14.903s][info][gc,phases   ] GC(15) Concurrent Mark Free 0.001ms
[14.904s][info][gc,phases   ] GC(15) Concurrent Process Non-Strong References 0.876ms
[14.904s][info][gc,phases   ] GC(15) Concurrent Reset Relocation Set 0.001ms
[14.906s][info][gc,phases   ] GC(15) Concurrent Select Relocation Set 2.565ms
[14.906s][info][gc,phases   ] GC(15) Pause Relocate Start 0.011ms
[14.908s][info][gc,phases   ] GC(15) Concurrent Relocate 1.429ms
[14.908s][info][gc,load     ] GC(15) Load: 0.00/0.00/0.00
[14.908s][info][gc,mmu      ] GC(15) MMU: 2ms/98.3%, 5ms/99.3%, 10ms/99.6%, 20ms/99.7%, 50ms/99.9%, 100ms/99.9%
[14.908s][info][gc,marking  ] GC(15) Mark: 4 stripe(s), 2 proactive flush(es), 1 terminate flush(es), 0 completion(s), 0 continuation(s) 
[14.908s][info][gc,marking  ] GC(15) Mark Stack Usage: 32M
[14.908s][info][gc,nmethod  ] GC(15) NMethods: 1338 registered, 198 unregistered
[14.908s][info][gc,metaspace] GC(15) Metaspace: 8M used, 8M committed, 1088M reserved
[14.908s][info][gc,ref      ] GC(15) Soft: 174 encountered, 0 discovered, 0 enqueued
[14.908s][info][gc,ref      ] GC(15) Weak: 570 encountered, 124 discovered, 0 enqueued
[14.908s][info][gc,ref      ] GC(15) Final: 0 encountered, 0 discovered, 0 enqueued
[14.908s][info][gc,ref      ] GC(15) Phantom: 21 encountered, 11 discovered, 0 enqueued
[14.908s][info][gc,reloc    ] GC(15) Small Pages: 42 / 84M, Empty: 40M, Relocated: 1M, In-Place: 0
[14.908s][info][gc,reloc    ] GC(15) Medium Pages: 2 / 64M, Empty: 0M, Relocated: 3M, In-Place: 0
[14.908s][info][gc,reloc    ] GC(15) Large Pages: 0 / 0M, Empty: 0M, Relocated: 0M, In-Place: 0
[14.908s][info][gc,reloc    ] GC(15) Forwarding Usage: 0M
[14.908s][info][gc,heap     ] GC(15) Min Capacity: 8M(0%)
[14.908s][info][gc,heap     ] GC(15) Max Capacity: 4096M(100%)
[14.908s][info][gc,heap     ] GC(15) Soft Max Capacity: 4096M(100%)
[14.908s][info][gc,heap     ] GC(15)                Mark Start          Mark End        Relocate Start      Relocate End           High               Low         
[14.908s][info][gc,heap     ] GC(15)  Capacity:     3540M (86%)        3540M (86%)        3540M (86%)        3540M (86%)        3540M (86%)        3540M (86%)    
[14.909s][info][gc,heap     ] GC(15)      Free:     3948M (96%)        3944M (96%)        3984M (97%)        4020M (98%)        4020M (98%)        3944M (96%)    
[14.909s][info][gc,heap     ] GC(15)      Used:      148M (4%)          152M (4%)          112M (3%)           76M (2%)          152M (4%)           76M (2%)     
[14.909s][info][gc,heap     ] GC(15)      Live:         -                30M (1%)           30M (1%)           30M (1%)             -                  -          
[14.909s][info][gc,heap     ] GC(15) Allocated:         -                 4M (0%)            4M (0%)            4M (0%)             -                  -          
[14.909s][info][gc,heap     ] GC(15)   Garbage:         -               117M (3%)           77M (2%)           41M (1%)             -                  -          
[14.909s][info][gc,heap     ] GC(15) Reclaimed:         -                  -                40M (1%)           76M (2%)             -                  -          
[14.909s][info][gc          ] GC(15) Garbage Collection (Allocation Rate) 148M(4%)->76M(2%)
[14.909s][info][gc,start    ] GC(16) Garbage Collection (System.gc())
[14.909s][info][gc,task     ] GC(16) Using 12 workers
[14.909s][info][gc,phases   ] GC(16) Pause Mark Start 0.010ms
[14.915s][info][gc,phases   ] GC(16) Concurrent Mark 5.582ms
[14.915s][info][gc,phases   ] GC(16) Pause Mark End 0.014ms
[14.915s][info][gc,phases   ] GC(16) Concurrent Mark Free 0.001ms
[14.915s][info][gc,phases   ] GC(16) Concurrent Process Non-Strong References 0.531ms
[14.915s][info][gc,phases   ] GC(16) Concurrent Reset Relocation Set 0.001ms
[14.919s][info][gc,phases   ] GC(16) Concurrent Select Relocation Set 3.533ms
[14.919s][info][gc,phases   ] GC(16) Pause Relocate Start 0.006ms
[14.921s][info][gc,phases   ] GC(16) Concurrent Relocate 1.639ms
[14.921s][info][gc,load     ] GC(16) Load: 0.00/0.00/0.00
[14.921s][info][gc,mmu      ] GC(16) MMU: 2ms/98.3%, 5ms/99.3%, 10ms/99.6%, 20ms/99.7%, 50ms/99.9%, 100ms/99.9%
[14.921s][info][gc,marking  ] GC(16) Mark: 8 stripe(s), 2 proactive flush(es), 1 terminate flush(es), 0 completion(s), 0 continuation(s) 
[14.921s][info][gc,marking  ] GC(16) Mark Stack Usage: 32M
[14.921s][info][gc,nmethod  ] GC(16) NMethods: 1337 registered, 199 unregistered
[14.921s][info][gc,metaspace] GC(16) Metaspace: 8M used, 8M committed, 1088M reserved
[14.921s][info][gc,ref      ] GC(16) Soft: 174 encountered, 0 discovered, 0 enqueued
[14.921s][info][gc,ref      ] GC(16) Weak: 570 encountered, 18 discovered, 0 enqueued
[14.921s][info][gc,ref      ] GC(16) Final: 0 encountered, 0 discovered, 0 enqueued
[14.921s][info][gc,ref      ] GC(16) Phantom: 21 encountered, 16 discovered, 0 enqueued
[14.921s][info][gc,reloc    ] GC(16) Small Pages: 22 / 44M, Empty: 32M, Relocated: 1M, In-Place: 0
[14.921s][info][gc,reloc    ] GC(16) Medium Pages: 1 / 32M, Empty: 32M, Relocated: 0M, In-Place: 0
[14.921s][info][gc,reloc    ] GC(16) Large Pages: 0 / 0M, Empty: 0M, Relocated: 0M, In-Place: 0
[14.921s][info][gc,reloc    ] GC(16) Forwarding Usage: 0M
[14.921s][info][gc,heap     ] GC(16) Min Capacity: 8M(0%)
[14.921s][info][gc,heap     ] GC(16) Max Capacity: 4096M(100%)
[14.921s][info][gc,heap     ] GC(16) Soft Max Capacity: 4096M(100%)
[14.921s][info][gc,heap     ] GC(16)                Mark Start          Mark End        Relocate Start      Relocate End           High               Low         
[14.921s][info][gc,heap     ] GC(16)  Capacity:     3540M (86%)        3540M (86%)        3540M (86%)        3540M (86%)        3540M (86%)        3540M (86%)    
[14.921s][info][gc,heap     ] GC(16)      Free:     4020M (98%)        4020M (98%)        4084M (100%)       4084M (100%)       4084M (100%)       4020M (98%)    
[14.921s][info][gc,heap     ] GC(16)      Used:       76M (2%)           76M (2%)           12M (0%)           12M (0%)           76M (2%)           12M (0%)     
[14.921s][info][gc,heap     ] GC(16)      Live:         -                 4M (0%)            4M (0%)            4M (0%)             -                  -          
[14.921s][info][gc,heap     ] GC(16) Allocated:         -                 0M (0%)            0M (0%)            0M (0%)             -                  -          
[14.921s][info][gc,heap     ] GC(16)   Garbage:         -                71M (2%)            7M (0%)            7M (0%)             -                  -          
[14.921s][info][gc,heap     ] GC(16) Reclaimed:         -                  -                64M (2%)           64M (2%)             -                  -          
[14.922s][info][gc          ] GC(16) Garbage Collection (System.gc()) 76M(2%)->12M(0%)
[16.353s][info][gc,start    ] GC(17) Garbage Collection (Allocation Rate)
[16.353s][info][gc,task     ] GC(17) Using 12 workers
[16.353s][info][gc,phases   ] GC(17) Pause Mark Start 0.019ms
[16.368s][info][gc,phases   ] GC(17) Concurrent Mark 15.213ms
[16.368s][info][gc,phases   ] GC(17) Pause Mark End 0.024ms
[16.368s][info][gc,phases   ] GC(17) Concurrent Mark Free 0.001ms
[16.369s][info][gc,phases   ] GC(17) Concurrent Process Non-Strong References 0.566ms
[16.369s][info][gc,phases   ] GC(17) Concurrent Reset Relocation Set 0.001ms
[16.375s][info][gc,phases   ] GC(17) Concurrent Select Relocation Set 5.442ms
[16.375s][info][gc,phases   ] GC(17) Pause Relocate Start 0.011ms
[16.378s][info][gc,phases   ] GC(17) Concurrent Relocate 2.862ms
[16.378s][info][gc,load     ] GC(17) Load: 0.00/0.00/0.00
[16.378s][info][gc,mmu      ] GC(17) MMU: 2ms/98.3%, 5ms/99.3%, 10ms/99.6%, 20ms/99.7%, 50ms/99.9%, 100ms/99.9%
[16.378s][info][gc,marking  ] GC(17) Mark: 8 stripe(s), 2 proactive flush(es), 1 terminate flush(es), 0 completion(s), 0 continuation(s) 
[16.378s][info][gc,marking  ] GC(17) Mark Stack Usage: 32M
[16.378s][info][gc,nmethod  ] GC(17) NMethods: 1339 registered, 199 unregistered
[16.378s][info][gc,metaspace] GC(17) Metaspace: 8M used, 8M committed, 1088M reserved
[16.378s][info][gc,ref      ] GC(17) Soft: 174 encountered, 0 discovered, 0 enqueued
[16.378s][info][gc,ref      ] GC(17) Weak: 570 encountered, 50 discovered, 0 enqueued
[16.378s][info][gc,ref      ] GC(17) Final: 0 encountered, 0 discovered, 0 enqueued
[16.378s][info][gc,ref      ] GC(17) Phantom: 21 encountered, 18 discovered, 0 enqueued
[16.378s][info][gc,reloc    ] GC(17) Small Pages: 1725 / 3450M, Empty: 3418M, Relocated: 4M, In-Place: 0
[16.378s][info][gc,reloc    ] GC(17) Medium Pages: 1 / 32M, Empty: 0M, Relocated: 0M, In-Place: 0
[16.378s][info][gc,reloc    ] GC(17) Large Pages: 0 / 0M, Empty: 0M, Relocated: 0M, In-Place: 0
[16.378s][info][gc,reloc    ] GC(17) Forwarding Usage: 2M
[16.378s][info][gc,heap     ] GC(17) Min Capacity: 8M(0%)
[16.378s][info][gc,heap     ] GC(17) Max Capacity: 4096M(100%)
[16.378s][info][gc,heap     ] GC(17) Soft Max Capacity: 4096M(100%)
[16.378s][info][gc,heap     ] GC(17)                Mark Start          Mark End        Relocate Start      Relocate End           High               Low         
[16.378s][info][gc,heap     ] GC(17)  Capacity:     3540M (86%)        3540M (86%)        3540M (86%)        3540M (86%)        3540M (86%)        3540M (86%)    
[16.378s][info][gc,heap     ] GC(17)      Free:      614M (15%)         598M (15%)        4008M (98%)        4002M (98%)        4010M (98%)         598M (15%)    
[16.378s][info][gc,heap     ] GC(17)      Used:     3482M (85%)        3498M (85%)          88M (2%)           94M (2%)         3498M (85%)          86M (2%)     
[16.378s][info][gc,heap     ] GC(17)      Live:         -                14M (0%)           14M (0%)           14M (0%)             -                  -          
[16.378s][info][gc,heap     ] GC(17) Allocated:         -                16M (0%)           24M (1%)           29M (1%)             -                  -          
[16.379s][info][gc,heap     ] GC(17)   Garbage:         -              3467M (85%)          49M (1%)           49M (1%)             -                  -          
[16.379s][info][gc,heap     ] GC(17) Reclaimed:         -                  -              3418M (83%)        3417M (83%)            -                  -          
[16.379s][info][gc          ] GC(17) Garbage Collection (Allocation Rate) 3482M(85%)->94M(2%)
[17.741s][info][gc,start    ] GC(18) Garbage Collection (Allocation Rate)
[17.741s][info][gc,task     ] GC(18) Using 2 workers
[17.741s][info][gc,phases   ] GC(18) Pause Mark Start 0.019ms
[17.803s][info][gc,phases   ] GC(18) Concurrent Mark 62.021ms
[17.804s][info][gc,phases   ] GC(18) Pause Mark End 0.023ms
[17.804s][info][gc,phases   ] GC(18) Concurrent Mark Free 0.001ms
[17.806s][info][gc,phases   ] GC(18) Concurrent Process Non-Strong References 2.663ms
[17.806s][info][gc,phases   ] GC(18) Concurrent Reset Relocation Set 0.002ms
[17.816s][info][gc,phases   ] GC(18) Concurrent Select Relocation Set 9.295ms
[17.816s][info][gc,phases   ] GC(18) Pause Relocate Start 0.008ms
[17.836s][info][gc,phases   ] GC(18) Concurrent Relocate 19.739ms
[17.836s][info][gc,load     ] GC(18) Load: 0.00/0.00/0.00
[17.836s][info][gc,mmu      ] GC(18) MMU: 2ms/98.3%, 5ms/99.3%, 10ms/99.6%, 20ms/99.7%, 50ms/99.9%, 100ms/99.9%
[17.836s][info][gc,marking  ] GC(18) Mark: 2 stripe(s), 4 proactive flush(es), 1 terminate flush(es), 0 completion(s), 0 continuation(s) 
[17.836s][info][gc,marking  ] GC(18) Mark Stack Usage: 32M
[17.836s][info][gc,nmethod  ] GC(18) NMethods: 1339 registered, 199 unregistered
[17.836s][info][gc,metaspace] GC(18) Metaspace: 8M used, 8M committed, 1088M reserved
[17.836s][info][gc,ref      ] GC(18) Soft: 174 encountered, 0 discovered, 0 enqueued
[17.836s][info][gc,ref      ] GC(18) Weak: 570 encountered, 20 discovered, 0 enqueued
[17.836s][info][gc,ref      ] GC(18) Final: 0 encountered, 0 discovered, 0 enqueued
[17.836s][info][gc,ref      ] GC(18) Phantom: 21 encountered, 13 discovered, 0 enqueued
[17.836s][info][gc,reloc    ] GC(18) Small Pages: 1697 / 3394M, Empty: 3330M, Relocated: 10M, In-Place: 0
[17.836s][info][gc,reloc    ] GC(18) Medium Pages: 2 / 64M, Empty: 0M, Relocated: 1M, In-Place: 0
[17.836s][info][gc,reloc    ] GC(18) Large Pages: 0 / 0M, Empty: 0M, Relocated: 0M, In-Place: 0
[17.836s][info][gc,reloc    ] GC(18) Forwarding Usage: 4M
[17.836s][info][gc,heap     ] GC(18) Min Capacity: 8M(0%)
[17.836s][info][gc,heap     ] GC(18) Max Capacity: 4096M(100%)
[17.836s][info][gc,heap     ] GC(18) Soft Max Capacity: 4096M(100%)
[17.836s][info][gc,heap     ] GC(18)                Mark Start          Mark End        Relocate Start      Relocate End           High               Low         
[17.836s][info][gc,heap     ] GC(18)  Capacity:     3540M (86%)        3540M (86%)        3572M (87%)        3604M (88%)        3604M (88%)        3540M (86%)    
[17.836s][info][gc,heap     ] GC(18)      Free:      638M (16%)         574M (14%)        3868M (94%)        3926M (96%)        3930M (96%)         572M (14%)    
[17.836s][info][gc,heap     ] GC(18)      Used:     3458M (84%)        3522M (86%)         228M (6%)          170M (4%)         3524M (86%)         166M (4%)     
[17.836s][info][gc,heap     ] GC(18)      Live:         -                23M (1%)           23M (1%)           23M (1%)             -                  -          
[17.837s][info][gc,heap     ] GC(18) Allocated:         -                64M (2%)          100M (2%)          108M (3%)             -                  -          
[17.837s][info][gc,heap     ] GC(18)   Garbage:         -              3434M (84%)         104M (3%)           37M (1%)             -                  -          
[17.837s][info][gc,heap     ] GC(18) Reclaimed:         -                  -              3330M (81%)        3396M (83%)            -                  -          
[17.837s][info][gc          ] GC(18) Garbage Collection (Allocation Rate) 3458M(84%)->170M(4%)
[18.974s][info][gc,start    ] GC(19) Garbage Collection (System.gc())
[18.974s][info][gc,task     ] GC(19) Using 12 workers
[18.975s][info][gc,phases   ] GC(19) Pause Mark Start 0.018ms
[18.985s][info][gc,phases   ] GC(19) Concurrent Mark 10.112ms
[18.985s][info][gc,phases   ] GC(19) Pause Mark End 0.021ms
[18.985s][info][gc,phases   ] GC(19) Concurrent Mark Free 0.001ms
[18.986s][info][gc,phases   ] GC(19) Concurrent Process Non-Strong References 0.617ms
[18.986s][info][gc,phases   ] GC(19) Concurrent Reset Relocation Set 0.006ms
[18.990s][info][gc,phases   ] GC(19) Concurrent Select Relocation Set 4.420ms
[18.990s][info][gc,phases   ] GC(19) Pause Relocate Start 0.012ms
[18.993s][info][gc,phases   ] GC(19) Concurrent Relocate 2.850ms
[18.993s][info][gc,load     ] GC(19) Load: 0.00/0.00/0.00
[18.993s][info][gc,mmu      ] GC(19) MMU: 2ms/98.3%, 5ms/99.3%, 10ms/99.6%, 20ms/99.7%, 50ms/99.9%, 100ms/99.9%
[18.993s][info][gc,marking  ] GC(19) Mark: 8 stripe(s), 2 proactive flush(es), 1 terminate flush(es), 0 completion(s), 0 continuation(s) 
[18.993s][info][gc,marking  ] GC(19) Mark Stack Usage: 32M
[18.993s][info][gc,nmethod  ] GC(19) NMethods: 1341 registered, 199 unregistered
[18.993s][info][gc,metaspace] GC(19) Metaspace: 8M used, 8M committed, 1088M reserved
[18.993s][info][gc,ref      ] GC(19) Soft: 174 encountered, 0 discovered, 0 enqueued
[18.993s][info][gc,ref      ] GC(19) Weak: 570 encountered, 216 discovered, 0 enqueued
[18.993s][info][gc,ref      ] GC(19) Final: 0 encountered, 0 discovered, 0 enqueued
[18.993s][info][gc,ref      ] GC(19) Phantom: 21 encountered, 14 discovered, 0 enqueued
[18.994s][info][gc,reloc    ] GC(19) Small Pages: 963 / 1926M, Empty: 1912M, Relocated: 1M, In-Place: 0
[18.994s][info][gc,reloc    ] GC(19) Medium Pages: 2 / 64M, Empty: 64M, Relocated: 0M, In-Place: 0
[18.994s][info][gc,reloc    ] GC(19) Large Pages: 0 / 0M, Empty: 0M, Relocated: 0M, In-Place: 0
[18.994s][info][gc,reloc    ] GC(19) Forwarding Usage: 0M
[18.994s][info][gc,heap     ] GC(19) Min Capacity: 8M(0%)
[18.994s][info][gc,heap     ] GC(19) Max Capacity: 4096M(100%)
[18.994s][info][gc,heap     ] GC(19) Soft Max Capacity: 4096M(100%)
[18.994s][info][gc,heap     ] GC(19)                Mark Start          Mark End        Relocate Start      Relocate End           High               Low         
[18.994s][info][gc,heap     ] GC(19)  Capacity:     3604M (88%)        3604M (88%)        3604M (88%)        3604M (88%)        3604M (88%)        3604M (88%)    
[18.994s][info][gc,heap     ] GC(19)      Free:     2106M (51%)        2106M (51%)        4082M (100%)       4082M (100%)       4082M (100%)       2106M (51%)    
[18.994s][info][gc,heap     ] GC(19)      Used:     1990M (49%)        1990M (49%)          14M (0%)           14M (0%)         1990M (49%)          14M (0%)     
[18.994s][info][gc,heap     ] GC(19)      Live:         -                 4M (0%)            4M (0%)            4M (0%)             -                  -          
[18.994s][info][gc,heap     ] GC(19) Allocated:         -                 0M (0%)            0M (0%)            0M (0%)             -                  -          
[18.994s][info][gc,heap     ] GC(19)   Garbage:         -              1985M (48%)           9M (0%)            9M (0%)             -                  -          
[18.994s][info][gc,heap     ] GC(19) Reclaimed:         -                  -              1976M (48%)        1976M (48%)            -                  -          
[18.994s][info][gc          ] GC(19) Garbage Collection (System.gc()) 1990M(49%)->14M(0%)
[20.144s][info][gc,stats    ] === Garbage Collection Statistics =======================================================================================================================
[20.144s][info][gc,stats    ]                                                              Last 10s              Last 10m              Last 10h                Total
[20.144s][info][gc,stats    ]                                                              Avg / Max             Avg / Max             Avg / Max             Avg / Max
[20.144s][info][gc,stats    ]   Collector: Garbage Collection Cycle                     45.688 / 94.821       44.606 / 102.460      44.606 / 102.460      44.606 / 102.460     ms
[20.144s][info][gc,stats    ]  Contention: Mark Segment Reset Contention                     0 / 4                 0 / 4                 0 / 4                 0 / 4           ops/s
[20.144s][info][gc,stats    ]  Contention: Mark SeqNum Reset Contention                      0 / 0                 0 / 1                 0 / 1                 0 / 1           ops/s
[20.144s][info][gc,stats    ]    Critical: Allocation Stall                                  0 / 0                 0 / 0                 0 / 0                 0 / 0           ops/s
[20.144s][info][gc,stats    ]    Critical: Allocation Stall                              0.000 / 0.000         0.000 / 0.000         0.000 / 0.000         0.000 / 0.000       ms
[20.144s][info][gc,stats    ]    Critical: GC Locker Stall                                   0 / 0                 0 / 0                 0 / 0                 0 / 0           ops/s
[20.144s][info][gc,stats    ]    Critical: GC Locker Stall                               0.000 / 0.000         0.000 / 0.000         0.000 / 0.000         0.000 / 0.000       ms
[20.144s][info][gc,stats    ]    Critical: Relocation Stall                                  0 / 0                 0 / 0                 0 / 0                 0 / 0           ops/s
[20.144s][info][gc,stats    ]    Critical: Relocation Stall                              0.000 / 0.000         0.000 / 0.000         0.000 / 0.000         0.000 / 0.000       ms
[20.144s][info][gc,stats    ]      Memory: Allocation Rate                                2112 / 2538           1916 / 2538           1916 / 2538           1916 / 2538        MB/s
[20.144s][info][gc,stats    ]      Memory: Defragment                                        1 / 11                2 / 32                2 / 32                2 / 32          ops/s
[20.144s][info][gc,stats    ]      Memory: Out Of Memory                                     0 / 0                 0 / 0                 0 / 0                 0 / 0           ops/s
[20.144s][info][gc,stats    ]      Memory: Page Cache Flush                                  2 / 22                4 / 64                4 / 64                4 / 64          MB/s
[20.144s][info][gc,stats    ]      Memory: Page Cache Hit L1                              1047 / 1255            865 / 1255            865 / 1255            865 / 1255        ops/s
[20.144s][info][gc,stats    ]      Memory: Page Cache Hit L2                                 0 / 0                 0 / 0                 0 / 0                 0 / 0           ops/s
[20.144s][info][gc,stats    ]      Memory: Page Cache Hit L3                                 1 / 11               53 / 432              53 / 432              53 / 432         ops/s
[20.144s][info][gc,stats    ]      Memory: Page Cache Miss                                   0 / 2                33 / 264              33 / 264              33 / 264         ops/s
[20.144s][info][gc,stats    ]      Memory: Uncommit                                          0 / 0                 0 / 0                 0 / 0                 0 / 0           MB/s
[20.144s][info][gc,stats    ]      Memory: Undo Object Allocation Failed                     0 / 0                 0 / 0                 0 / 0                 0 / 0           ops/s
[20.144s][info][gc,stats    ]      Memory: Undo Object Allocation Succeeded                  0 / 1                 0 / 3                 0 / 3                 0 / 3           ops/s
[20.144s][info][gc,stats    ]      Memory: Undo Page Allocation                              0 / 0                 0 / 0                 0 / 0                 0 / 0           ops/s
[20.145s][info][gc,stats    ]       Phase: Concurrent Mark                              33.617 / 62.022       31.056 / 79.006       31.056 / 79.006       31.056 / 79.006      ms
[20.145s][info][gc,stats    ]       Phase: Concurrent Mark Continue                      0.000 / 0.000         0.000 / 0.000         0.000 / 0.000         0.000 / 0.000       ms
[20.145s][info][gc,stats    ]       Phase: Concurrent Mark Free                          0.001 / 0.001         0.001 / 0.001         0.001 / 0.001         0.001 / 0.001       ms
[20.145s][info][gc,stats    ]       Phase: Concurrent Process Non-Strong References      1.199 / 2.724         1.346 / 5.436         1.346 / 5.436         1.346 / 5.436       ms
[20.145s][info][gc,stats    ]       Phase: Concurrent Relocate                           5.329 / 19.739        5.534 / 19.739        5.534 / 19.739        5.534 / 19.739      ms
[20.145s][info][gc,stats    ]       Phase: Concurrent Reset Relocation Set               0.003 / 0.006         0.003 / 0.006         0.003 / 0.006         0.003 / 0.006       ms
[20.145s][info][gc,stats    ]       Phase: Concurrent Select Relocation Set              4.569 / 9.295         5.671 / 14.862        5.671 / 14.862        5.671 / 14.862      ms
[20.145s][info][gc,stats    ]       Phase: Pause Mark End                                0.020 / 0.024         0.022 / 0.034         0.022 / 0.034         0.022 / 0.034       ms
[20.145s][info][gc,stats    ]       Phase: Pause Mark Start                              0.017 / 0.020         0.018 / 0.034         0.018 / 0.034         0.018 / 0.034       ms
[20.145s][info][gc,stats    ]       Phase: Pause Relocate Start                          0.009 / 0.012         0.009 / 0.012         0.009 / 0.012         0.009 / 0.012       ms
[20.145s][info][gc,stats    ]    Subphase: Concurrent Classes Purge                      0.011 / 0.028         0.067 / 0.431         0.067 / 0.431         0.067 / 0.431       ms
[20.145s][info][gc,stats    ]    Subphase: Concurrent Classes Unlink                     0.839 / 2.011         0.897 / 3.918         0.897 / 3.918         0.897 / 3.918       ms
[20.145s][info][gc,stats    ]    Subphase: Concurrent Mark                              20.687 / 61.152       19.366 / 77.202       19.366 / 77.202       19.366 / 77.202      ms
[20.145s][info][gc,stats    ]    Subphase: Concurrent Mark Try Flush                     0.032 / 0.077         0.035 / 0.079         0.035 / 0.079         0.035 / 0.079       ms
[20.145s][info][gc,stats    ]    Subphase: Concurrent Mark Try Terminate                 6.388 / 16.239        6.229 / 16.239        6.229 / 16.239        6.229 / 16.239      ms
[20.145s][info][gc,stats    ]    Subphase: Concurrent References Enqueue                 0.000 / 0.001         0.001 / 0.004         0.001 / 0.004         0.001 / 0.004       ms
[20.145s][info][gc,stats    ]    Subphase: Concurrent References Process                 0.043 / 0.081         0.048 / 0.093         0.048 / 0.093         0.048 / 0.093       ms
[20.145s][info][gc,stats    ]    Subphase: Concurrent Roots ClassLoaderDataGraph         0.055 / 0.473         0.065 / 0.519         0.065 / 0.519         0.065 / 0.519       ms
[20.145s][info][gc,stats    ]    Subphase: Concurrent Roots CodeCache                    0.000 / 0.000         0.000 / 0.000         0.000 / 0.000         0.000 / 0.000       ms
[20.145s][info][gc,stats    ]    Subphase: Concurrent Roots JavaThreads                  0.176 / 0.853         0.199 / 1.263         0.199 / 1.263         0.199 / 1.263       ms
[20.145s][info][gc,stats    ]    Subphase: Concurrent Roots OopStorageSet                0.015 / 0.056         0.021 / 0.195         0.021 / 0.195         0.021 / 0.195       ms
[20.145s][info][gc,stats    ]    Subphase: Concurrent Weak Roots OopStorageSet           0.118 / 0.610         0.125 / 1.358         0.125 / 1.358         0.125 / 1.358       ms
[20.145s][info][gc,stats    ]    Subphase: Pause Mark Try Complete                       0.000 / 0.000         0.000 / 0.000         0.000 / 0.000         0.000 / 0.000       ms
[20.145s][info][gc,stats    ]      System: Java Threads                                     12 / 16               16 / 24               16 / 24               16 / 24          threads
[20.145s][info][gc,stats    ] =========================================================================================================================================================
[20.354s][info][gc,start    ] GC(20) Garbage Collection (Allocation Rate)
[20.354s][info][gc,task     ] GC(20) Using 12 workers
[20.354s][info][gc,phases   ] GC(20) Pause Mark Start 0.019ms
[20.385s][info][gc,phases   ] GC(20) Concurrent Mark 30.842ms
[20.385s][info][gc,phases   ] GC(20) Pause Mark End 0.027ms
[20.385s][info][gc,phases   ] GC(20) Concurrent Mark Free 0.001ms
[20.386s][info][gc,phases   ] GC(20) Concurrent Process Non-Strong References 0.634ms
[20.386s][info][gc,phases   ] GC(20) Concurrent Reset Relocation Set 0.001ms
[20.391s][info][gc,phases   ] GC(20) Concurrent Select Relocation Set 4.652ms
[20.391s][info][gc,phases   ] GC(20) Pause Relocate Start 0.010ms
[20.393s][info][gc,phases   ] GC(20) Concurrent Relocate 2.481ms
[20.393s][info][gc,load     ] GC(20) Load: 0.00/0.00/0.00
[20.393s][info][gc,mmu      ] GC(20) MMU: 2ms/98.3%, 5ms/99.3%, 10ms/99.6%, 20ms/99.7%, 50ms/99.9%, 100ms/99.9%
[20.393s][info][gc,marking  ] GC(20) Mark: 8 stripe(s), 2 proactive flush(es), 1 terminate flush(es), 0 completion(s), 0 continuation(s) 
[20.393s][info][gc,marking  ] GC(20) Mark Stack Usage: 32M
[20.393s][info][gc,nmethod  ] GC(20) NMethods: 1345 registered, 199 unregistered
[20.393s][info][gc,metaspace] GC(20) Metaspace: 8M used, 8M committed, 1088M reserved
[20.393s][info][gc,ref      ] GC(20) Soft: 174 encountered, 0 discovered, 0 enqueued
[20.394s][info][gc,ref      ] GC(20) Weak: 570 encountered, 97 discovered, 0 enqueued
[20.394s][info][gc,ref      ] GC(20) Final: 0 encountered, 0 discovered, 0 enqueued
[20.394s][info][gc,ref      ] GC(20) Phantom: 21 encountered, 17 discovered, 0 enqueued
[20.394s][info][gc,reloc    ] GC(20) Small Pages: 1710 / 3420M, Empty: 3366M, Relocated: 5M, In-Place: 0
[20.394s][info][gc,reloc    ] GC(20) Medium Pages: 1 / 32M, Empty: 0M, Relocated: 0M, In-Place: 0
[20.394s][info][gc,reloc    ] GC(20) Large Pages: 0 / 0M, Empty: 0M, Relocated: 0M, In-Place: 0
[20.394s][info][gc,reloc    ] GC(20) Forwarding Usage: 2M
[20.394s][info][gc,heap     ] GC(20) Min Capacity: 8M(0%)
[20.394s][info][gc,heap     ] GC(20) Max Capacity: 4096M(100%)
[20.394s][info][gc,heap     ] GC(20) Soft Max Capacity: 4096M(100%)
[20.394s][info][gc,heap     ] GC(20)                Mark Start          Mark End        Relocate Start      Relocate End           High               Low         
[20.394s][info][gc,heap     ] GC(20)  Capacity:     3604M (88%)        3604M (88%)        3604M (88%)        3604M (88%)        3604M (88%)        3604M (88%)    
[20.394s][info][gc,heap     ] GC(20)      Free:      644M (16%)         628M (15%)        3992M (97%)        3978M (97%)        3998M (98%)         628M (15%)    
[20.394s][info][gc,heap     ] GC(20)      Used:     3452M (84%)        3468M (85%)         104M (3%)          118M (3%)         3468M (85%)          98M (2%)     
[20.394s][info][gc,heap     ] GC(20)      Live:         -                14M (0%)           14M (0%)           14M (0%)             -                  -          
[20.394s][info][gc,heap     ] GC(20) Allocated:         -                16M (0%)           18M (0%)           49M (1%)             -                  -          
[20.394s][info][gc,heap     ] GC(20)   Garbage:         -              3437M (84%)          71M (2%)           53M (1%)             -                  -          
[20.394s][info][gc,heap     ] GC(20) Reclaimed:         -                  -              3366M (82%)        3383M (83%)            -                  -          
[20.394s][info][gc          ] GC(20) Garbage Collection (Allocation Rate) 3452M(84%)->118M(3%)
[21.548s][info][gc,start    ] GC(21) Garbage Collection (Allocation Rate)
[21.548s][info][gc,task     ] GC(21) Using 2 workers
[21.549s][info][gc,phases   ] GC(21) Pause Mark Start 0.019ms
[21.595s][info][gc,phases   ] GC(21) Concurrent Mark 46.408ms
[21.595s][info][gc,phases   ] GC(21) Pause Mark End 0.022ms
[21.595s][info][gc,phases   ] GC(21) Concurrent Mark Free 0.001ms
[21.597s][info][gc,phases   ] GC(21) Concurrent Process Non-Strong References 1.912ms
[21.597s][info][gc,phases   ] GC(21) Concurrent Reset Relocation Set 0.004ms
[21.605s][info][gc,phases   ] GC(21) Concurrent Select Relocation Set 7.974ms
[21.606s][info][gc,phases   ] GC(21) Pause Relocate Start 0.007ms
[21.614s][info][gc,phases   ] GC(21) Concurrent Relocate 8.158ms
[21.614s][info][gc,load     ] GC(21) Load: 0.00/0.00/0.00
[21.614s][info][gc,mmu      ] GC(21) MMU: 2ms/98.3%, 5ms/99.3%, 10ms/99.6%, 20ms/99.7%, 50ms/99.9%, 100ms/99.9%
[21.614s][info][gc,marking  ] GC(21) Mark: 2 stripe(s), 2 proactive flush(es), 1 terminate flush(es), 0 completion(s), 0 continuation(s) 
[21.614s][info][gc,marking  ] GC(21) Mark Stack Usage: 32M
[21.614s][info][gc,nmethod  ] GC(21) NMethods: 1345 registered, 199 unregistered
[21.614s][info][gc,metaspace] GC(21) Metaspace: 8M used, 8M committed, 1088M reserved
[21.614s][info][gc,ref      ] GC(21) Soft: 174 encountered, 0 discovered, 0 enqueued
[21.614s][info][gc,ref      ] GC(21) Weak: 570 encountered, 403 discovered, 0 enqueued
[21.614s][info][gc,ref      ] GC(21) Final: 0 encountered, 0 discovered, 0 enqueued
[21.614s][info][gc,ref      ] GC(21) Phantom: 21 encountered, 13 discovered, 0 enqueued
[21.614s][info][gc,reloc    ] GC(21) Small Pages: 1405 / 2810M, Empty: 2746M, Relocated: 6M, In-Place: 0
[21.614s][info][gc,reloc    ] GC(21) Medium Pages: 2 / 64M, Empty: 0M, Relocated: 1M, In-Place: 0
[21.614s][info][gc,reloc    ] GC(21) Large Pages: 0 / 0M, Empty: 0M, Relocated: 0M, In-Place: 0
[21.614s][info][gc,reloc    ] GC(21) Forwarding Usage: 3M
[21.614s][info][gc,heap     ] GC(21) Min Capacity: 8M(0%)
[21.614s][info][gc,heap     ] GC(21) Max Capacity: 4096M(100%)
[21.614s][info][gc,heap     ] GC(21) Soft Max Capacity: 4096M(100%)
[21.614s][info][gc,heap     ] GC(21)                Mark Start          Mark End        Relocate Start      Relocate End           High               Low         
[21.614s][info][gc,heap     ] GC(21)  Capacity:     3604M (88%)        3604M (88%)        3604M (88%)        3604M (88%)        3604M (88%)        3604M (88%)    
[21.614s][info][gc,heap     ] GC(21)      Free:     1222M (30%)        1172M (29%)        3896M (95%)        3944M (96%)        3956M (97%)        1166M (28%)    
[21.614s][info][gc,heap     ] GC(21)      Used:     2874M (70%)        2924M (71%)         200M (5%)          152M (4%)         2930M (72%)         140M (3%)     
[21.614s][info][gc,heap     ] GC(21)      Live:         -                22M (1%)           22M (1%)           22M (1%)             -                  -          
[21.615s][info][gc,heap     ] GC(21) Allocated:         -                50M (1%)           72M (2%)           93M (2%)             -                  -          
[21.615s][info][gc,heap     ] GC(21)   Garbage:         -              2851M (70%)         105M (3%)           35M (1%)             -                  -          
[21.615s][info][gc,heap     ] GC(21) Reclaimed:         -                  -              2746M (67%)        2815M (69%)            -                  -          
[21.615s][info][gc          ] GC(21) Garbage Collection (Allocation Rate) 2874M(70%)->152M(4%)
[23.012s][info][gc,start    ] GC(22) Garbage Collection (System.gc())
[23.012s][info][gc,task     ] GC(22) Using 12 workers
[23.012s][info][gc,phases   ] GC(22) Pause Mark Start 0.018ms
[23.031s][info][gc,phases   ] GC(22) Concurrent Mark 18.361ms
[23.031s][info][gc,phases   ] GC(22) Pause Mark End 0.019ms
[23.031s][info][gc,phases   ] GC(22) Concurrent Mark Free 0.001ms
[23.032s][info][gc,phases   ] GC(22) Concurrent Process Non-Strong References 0.611ms
[23.032s][info][gc,phases   ] GC(22) Concurrent Reset Relocation Set 0.006ms
[23.037s][info][gc,phases   ] GC(22) Concurrent Select Relocation Set 4.810ms
[23.037s][info][gc,phases   ] GC(22) Pause Relocate Start 0.007ms
[23.040s][info][gc,phases   ] GC(22) Concurrent Relocate 2.867ms
[23.040s][info][gc,load     ] GC(22) Load: 0.00/0.00/0.00
[23.040s][info][gc,mmu      ] GC(22) MMU: 2ms/98.3%, 5ms/99.3%, 10ms/99.6%, 20ms/99.7%, 50ms/99.9%, 100ms/99.9%
[23.040s][info][gc,marking  ] GC(22) Mark: 8 stripe(s), 1 proactive flush(es), 1 terminate flush(es), 0 completion(s), 0 continuation(s) 
[23.040s][info][gc,marking  ] GC(22) Mark Stack Usage: 32M
[23.040s][info][gc,nmethod  ] GC(22) NMethods: 1345 registered, 200 unregistered
[23.040s][info][gc,metaspace] GC(22) Metaspace: 8M used, 8M committed, 1088M reserved
[23.040s][info][gc,ref      ] GC(22) Soft: 174 encountered, 0 discovered, 0 enqueued
[23.040s][info][gc,ref      ] GC(22) Weak: 570 encountered, 190 discovered, 0 enqueued
[23.040s][info][gc,ref      ] GC(22) Final: 0 encountered, 0 discovered, 0 enqueued
[23.040s][info][gc,ref      ] GC(22) Phantom: 21 encountered, 16 discovered, 0 enqueued
[23.040s][info][gc,reloc    ] GC(22) Small Pages: 1271 / 2542M, Empty: 2528M, Relocated: 1M, In-Place: 0
[23.040s][info][gc,reloc    ] GC(22) Medium Pages: 2 / 64M, Empty: 64M, Relocated: 0M, In-Place: 0
[23.040s][info][gc,reloc    ] GC(22) Large Pages: 0 / 0M, Empty: 0M, Relocated: 0M, In-Place: 0
[23.040s][info][gc,reloc    ] GC(22) Forwarding Usage: 0M
[23.040s][info][gc,heap     ] GC(22) Min Capacity: 8M(0%)
[23.040s][info][gc,heap     ] GC(22) Max Capacity: 4096M(100%)
[23.040s][info][gc,heap     ] GC(22) Soft Max Capacity: 4096M(100%)
[23.040s][info][gc,heap     ] GC(22)                Mark Start          Mark End        Relocate Start      Relocate End           High               Low         
[23.040s][info][gc,heap     ] GC(22)  Capacity:     3604M (88%)        3604M (88%)        3604M (88%)        3604M (88%)        3604M (88%)        3604M (88%)    
[23.040s][info][gc,heap     ] GC(22)      Free:     1490M (36%)        1490M (36%)        4082M (100%)       4082M (100%)       4082M (100%)       1490M (36%)    
[23.040s][info][gc,heap     ] GC(22)      Used:     2606M (64%)        2606M (64%)          14M (0%)           14M (0%)         2606M (64%)          14M (0%)     
[23.040s][info][gc,heap     ] GC(22)      Live:         -                 4M (0%)            4M (0%)            4M (0%)             -                  -          
[23.040s][info][gc,heap     ] GC(22) Allocated:         -                 0M (0%)            0M (0%)            0M (0%)             -                  -          
[23.040s][info][gc,heap     ] GC(22)   Garbage:         -              2601M (64%)           9M (0%)            9M (0%)             -                  -          
[23.040s][info][gc,heap     ] GC(22) Reclaimed:         -                  -              2592M (63%)        2592M (63%)            -                  -          
[23.040s][info][gc          ] GC(22) Garbage Collection (System.gc()) 2606M(64%)->14M(0%)
[24.343s][info][gc,start    ] GC(23) Garbage Collection (Allocation Rate)
[24.343s][info][gc,task     ] GC(23) Using 12 workers
[24.343s][info][gc,phases   ] GC(23) Pause Mark Start 0.019ms
[24.359s][info][gc,phases   ] GC(23) Concurrent Mark 15.191ms
[24.359s][info][gc,phases   ] GC(23) Pause Mark End 0.022ms
[24.359s][info][gc,phases   ] GC(23) Concurrent Mark Free 0.001ms
[24.360s][info][gc,phases   ] GC(23) Concurrent Process Non-Strong References 0.679ms
[24.360s][info][gc,phases   ] GC(23) Concurrent Reset Relocation Set 0.001ms
[24.366s][info][gc,phases   ] GC(23) Concurrent Select Relocation Set 6.418ms
[24.366s][info][gc,phases   ] GC(23) Pause Relocate Start 0.007ms
[24.369s][info][gc,phases   ] GC(23) Concurrent Relocate 2.952ms
[24.369s][info][gc,load     ] GC(23) Load: 0.00/0.00/0.00
[24.369s][info][gc,mmu      ] GC(23) MMU: 2ms/98.3%, 5ms/99.3%, 10ms/99.6%, 20ms/99.7%, 50ms/99.9%, 100ms/99.9%
[24.369s][info][gc,marking  ] GC(23) Mark: 8 stripe(s), 3 proactive flush(es), 1 terminate flush(es), 0 completion(s), 0 continuation(s) 
[24.369s][info][gc,marking  ] GC(23) Mark Stack Usage: 32M
[24.369s][info][gc,nmethod  ] GC(23) NMethods: 1346 registered, 201 unregistered
[24.369s][info][gc,metaspace] GC(23) Metaspace: 8M used, 8M committed, 1088M reserved
[24.370s][info][gc,ref      ] GC(23) Soft: 174 encountered, 0 discovered, 0 enqueued
[24.370s][info][gc,ref      ] GC(23) Weak: 570 encountered, 212 discovered, 0 enqueued
[24.370s][info][gc,ref      ] GC(23) Final: 0 encountered, 0 discovered, 0 enqueued
[24.370s][info][gc,ref      ] GC(23) Phantom: 21 encountered, 19 discovered, 0 enqueued
[24.370s][info][gc,reloc    ] GC(23) Small Pages: 1641 / 3282M, Empty: 3232M, Relocated: 6M, In-Place: 0
[24.370s][info][gc,reloc    ] GC(23) Medium Pages: 1 / 32M, Empty: 0M, Relocated: 0M, In-Place: 0
[24.370s][info][gc,reloc    ] GC(23) Large Pages: 0 / 0M, Empty: 0M, Relocated: 0M, In-Place: 0
[24.370s][info][gc,reloc    ] GC(23) Forwarding Usage: 3M
[24.370s][info][gc,heap     ] GC(23) Min Capacity: 8M(0%)
[24.370s][info][gc,heap     ] GC(23) Max Capacity: 4096M(100%)
[24.370s][info][gc,heap     ] GC(23) Soft Max Capacity: 4096M(100%)
[24.370s][info][gc,heap     ] GC(23)                Mark Start          Mark End        Relocate Start      Relocate End           High               Low         
[24.370s][info][gc,heap     ] GC(23)  Capacity:     3604M (88%)        3604M (88%)        3604M (88%)        3604M (88%)        3604M (88%)        3604M (88%)    
[24.370s][info][gc,heap     ] GC(23)      Free:      782M (19%)         772M (19%)        3998M (98%)        4012M (98%)        4012M (98%)         772M (19%)    
[24.370s][info][gc,heap     ] GC(23)      Used:     3314M (81%)        3324M (81%)          98M (2%)           84M (2%)         3324M (81%)          84M (2%)     
[24.370s][info][gc,heap     ] GC(23)      Live:         -                13M (0%)           13M (0%)           13M (0%)             -                  -          
[24.370s][info][gc,heap     ] GC(23) Allocated:         -                10M (0%)           16M (0%)           19M (0%)             -                  -          
[24.370s][info][gc,heap     ] GC(23)   Garbage:         -              3300M (81%)          68M (2%)           50M (1%)             -                  -          
[24.370s][info][gc,heap     ] GC(23) Reclaimed:         -                  -              3232M (79%)        3249M (79%)            -                  -          
[24.370s][info][gc          ] GC(23) Garbage Collection (Allocation Rate) 3314M(81%)->84M(2%)
[25.546s][info][gc,start    ] GC(24) Garbage Collection (Allocation Rate)
[25.546s][info][gc,task     ] GC(24) Using 1 workers
[25.546s][info][gc,phases   ] GC(24) Pause Mark Start 0.019ms
[25.620s][info][gc,phases   ] GC(24) Concurrent Mark 73.606ms
[25.620s][info][gc,phases   ] GC(24) Pause Mark End 0.021ms
[25.620s][info][gc,phases   ] GC(24) Concurrent Mark Free 0.001ms
[25.625s][info][gc,phases   ] GC(24) Concurrent Process Non-Strong References 5.154ms
[25.625s][info][gc,phases   ] GC(24) Concurrent Reset Relocation Set 0.004ms
[25.635s][info][gc,phases   ] GC(24) Concurrent Select Relocation Set 9.854ms
[25.635s][info][gc,phases   ] GC(24) Pause Relocate Start 0.006ms
[25.657s][info][gc,phases   ] GC(24) Concurrent Relocate 21.164ms
[25.657s][info][gc,load     ] GC(24) Load: 0.00/0.00/0.00
[25.657s][info][gc,mmu      ] GC(24) MMU: 2ms/98.3%, 5ms/99.3%, 10ms/99.6%, 20ms/99.7%, 50ms/99.9%, 100ms/99.9%
[25.657s][info][gc,marking  ] GC(24) Mark: 1 stripe(s), 2 proactive flush(es), 1 terminate flush(es), 0 completion(s), 0 continuation(s) 
[25.657s][info][gc,marking  ] GC(24) Mark Stack Usage: 32M
[25.657s][info][gc,nmethod  ] GC(24) NMethods: 1346 registered, 201 unregistered
[25.657s][info][gc,metaspace] GC(24) Metaspace: 8M used, 8M committed, 1088M reserved
[25.657s][info][gc,ref      ] GC(24) Soft: 174 encountered, 0 discovered, 0 enqueued
[25.657s][info][gc,ref      ] GC(24) Weak: 570 encountered, 424 discovered, 0 enqueued
[25.657s][info][gc,ref      ] GC(24) Final: 0 encountered, 0 discovered, 0 enqueued
[25.657s][info][gc,ref      ] GC(24) Phantom: 21 encountered, 19 discovered, 0 enqueued
[25.657s][info][gc,reloc    ] GC(24) Small Pages: 1464 / 2928M, Empty: 2874M, Relocated: 8M, In-Place: 0
[25.657s][info][gc,reloc    ] GC(24) Medium Pages: 2 / 64M, Empty: 0M, Relocated: 1M, In-Place: 0
[25.657s][info][gc,reloc    ] GC(24) Large Pages: 0 / 0M, Empty: 0M, Relocated: 0M, In-Place: 0
[25.657s][info][gc,reloc    ] GC(24) Forwarding Usage: 3M
[25.657s][info][gc,heap     ] GC(24) Min Capacity: 8M(0%)
[25.657s][info][gc,heap     ] GC(24) Max Capacity: 4096M(100%)
[25.657s][info][gc,heap     ] GC(24) Soft Max Capacity: 4096M(100%)
[25.657s][info][gc,heap     ] GC(24)                Mark Start          Mark End        Relocate Start      Relocate End           High               Low         
[25.657s][info][gc,heap     ] GC(24)  Capacity:     3604M (88%)        3604M (88%)        3604M (88%)        3604M (88%)        3604M (88%)        3604M (88%)    
[25.657s][info][gc,heap     ] GC(24)      Free:     1104M (27%)        1010M (25%)        3862M (94%)        3870M (94%)        3904M (95%)        1002M (24%)    
[25.657s][info][gc,heap     ] GC(24)      Used:     2992M (73%)        3086M (75%)         234M (6%)          226M (6%)         3094M (76%)         192M (5%)     
[25.657s][info][gc,heap     ] GC(24)      Live:         -                22M (1%)           22M (1%)           22M (1%)             -                  -          
[25.657s][info][gc,heap     ] GC(24) Allocated:         -                94M (2%)          116M (3%)          167M (4%)             -                  -          
[25.657s][info][gc,heap     ] GC(24)   Garbage:         -              2969M (73%)          95M (2%)           35M (1%)             -                  -          
[25.657s][info][gc,heap     ] GC(24) Reclaimed:         -                  -              2874M (70%)        2933M (72%)            -                  -          
[25.657s][info][gc          ] GC(24) Garbage Collection (Allocation Rate) 2992M(73%)->226M(6%)
[26.842s][info][gc,start    ] GC(25) Garbage Collection (Allocation Rate)
[26.842s][info][gc,task     ] GC(25) Using 1 workers
[26.843s][info][gc,phases   ] GC(25) Pause Mark Start 0.018ms
[26.925s][info][gc,phases   ] GC(25) Concurrent Mark 82.206ms
[26.925s][info][gc,phases   ] GC(25) Pause Mark End 0.021ms
[26.925s][info][gc,phases   ] GC(25) Concurrent Mark Free 0.001ms
[26.931s][info][gc,phases   ] GC(25) Concurrent Process Non-Strong References 5.259ms
[26.931s][info][gc,phases   ] GC(25) Concurrent Reset Relocation Set 0.004ms
[26.935s][info][gc,phases   ] GC(25) Concurrent Select Relocation Set 4.669ms
[26.935s][info][gc,phases   ] GC(25) Pause Relocate Start 0.006ms
[26.944s][info][gc,phases   ] GC(25) Concurrent Relocate 8.854ms
[26.945s][info][gc,load     ] GC(25) Load: 0.00/0.00/0.00
[26.945s][info][gc,mmu      ] GC(25) MMU: 2ms/98.3%, 5ms/99.3%, 10ms/99.6%, 20ms/99.7%, 50ms/99.9%, 100ms/99.9%
[26.945s][info][gc,marking  ] GC(25) Mark: 1 stripe(s), 2 proactive flush(es), 1 terminate flush(es), 0 completion(s), 0 continuation(s) 
[26.945s][info][gc,marking  ] GC(25) Mark Stack Usage: 32M
[26.945s][info][gc,nmethod  ] GC(25) NMethods: 1346 registered, 201 unregistered
[26.945s][info][gc,metaspace] GC(25) Metaspace: 8M used, 8M committed, 1088M reserved
[26.945s][info][gc,ref      ] GC(25) Soft: 174 encountered, 0 discovered, 0 enqueued
[26.945s][info][gc,ref      ] GC(25) Weak: 570 encountered, 424 discovered, 0 enqueued
[26.945s][info][gc,ref      ] GC(25) Final: 0 encountered, 0 discovered, 0 enqueued
[26.945s][info][gc,ref      ] GC(25) Phantom: 21 encountered, 19 discovered, 0 enqueued
[26.945s][info][gc,reloc    ] GC(25) Small Pages: 1253 / 2506M, Empty: 2462M, Relocated: 3M, In-Place: 0
[26.945s][info][gc,reloc    ] GC(25) Medium Pages: 2 / 64M, Empty: 32M, Relocated: 0M, In-Place: 0
[26.945s][info][gc,reloc    ] GC(25) Large Pages: 0 / 0M, Empty: 0M, Relocated: 0M, In-Place: 0
[26.945s][info][gc,reloc    ] GC(25) Forwarding Usage: 1M
[26.945s][info][gc,heap     ] GC(25) Min Capacity: 8M(0%)
[26.945s][info][gc,heap     ] GC(25) Max Capacity: 4096M(100%)
[26.945s][info][gc,heap     ] GC(25) Soft Max Capacity: 4096M(100%)
[26.945s][info][gc,heap     ] GC(25)                Mark Start          Mark End        Relocate Start      Relocate End           High               Low         
[26.945s][info][gc,heap     ] GC(25)  Capacity:     3604M (88%)        3604M (88%)        3604M (88%)        3604M (88%)        3604M (88%)        3604M (88%)    
[26.945s][info][gc,heap     ] GC(25)      Free:     1526M (37%)        1526M (37%)        3988M (97%)        3996M (98%)        3996M (98%)        1494M (36%)    
[26.945s][info][gc,heap     ] GC(25)      Used:     2570M (63%)        2570M (63%)         108M (3%)          100M (2%)         2602M (64%)         100M (2%)     
[26.945s][info][gc,heap     ] GC(25)      Live:         -                30M (1%)           30M (1%)           30M (1%)             -                  -          
[26.945s][info][gc,heap     ] GC(25) Allocated:         -                 0M (0%)           32M (1%)           33M (1%)             -                  -          
[26.945s][info][gc,heap     ] GC(25)   Garbage:         -              2539M (62%)          45M (1%)           35M (1%)             -                  -          
[26.945s][info][gc,heap     ] GC(25) Reclaimed:         -                  -              2494M (61%)        2503M (61%)            -                  -          
[26.945s][info][gc          ] GC(25) Garbage Collection (Allocation Rate) 2570M(63%)->100M(2%)
[27.037s][info][gc,start    ] GC(26) Garbage Collection (System.gc())
[27.037s][info][gc,task     ] GC(26) Using 12 workers
[27.037s][info][gc,phases   ] GC(26) Pause Mark Start 0.016ms
[27.045s][info][gc,phases   ] GC(26) Concurrent Mark 8.242ms
[27.046s][info][gc,phases   ] GC(26) Pause Mark End 0.018ms
[27.046s][info][gc,phases   ] GC(26) Concurrent Mark Free 0.001ms
[27.046s][info][gc,phases   ] GC(26) Concurrent Process Non-Strong References 0.555ms
[27.046s][info][gc,phases   ] GC(26) Concurrent Reset Relocation Set 0.002ms
[27.050s][info][gc,phases   ] GC(26) Concurrent Select Relocation Set 4.183ms
[27.051s][info][gc,phases   ] GC(26) Pause Relocate Start 0.006ms
[27.053s][info][gc,phases   ] GC(26) Concurrent Relocate 2.686ms
[27.053s][info][gc,load     ] GC(26) Load: 0.00/0.00/0.00
[27.053s][info][gc,mmu      ] GC(26) MMU: 2ms/98.3%, 5ms/99.3%, 10ms/99.6%, 20ms/99.7%, 50ms/99.9%, 100ms/99.9%
[27.053s][info][gc,marking  ] GC(26) Mark: 8 stripe(s), 2 proactive flush(es), 1 terminate flush(es), 0 completion(s), 0 continuation(s) 
[27.053s][info][gc,marking  ] GC(26) Mark Stack Usage: 32M
[27.053s][info][gc,nmethod  ] GC(26) NMethods: 1346 registered, 201 unregistered
[27.054s][info][gc,metaspace] GC(26) Metaspace: 8M used, 8M committed, 1088M reserved
[27.054s][info][gc,ref      ] GC(26) Soft: 174 encountered, 0 discovered, 0 enqueued
[27.054s][info][gc,ref      ] GC(26) Weak: 570 encountered, 102 discovered, 0 enqueued
[27.054s][info][gc,ref      ] GC(26) Final: 0 encountered, 0 discovered, 0 enqueued
[27.054s][info][gc,ref      ] GC(26) Phantom: 21 encountered, 16 discovered, 0 enqueued
[27.054s][info][gc,reloc    ] GC(26) Small Pages: 43 / 86M, Empty: 76M, Relocated: 1M, In-Place: 0
[27.054s][info][gc,reloc    ] GC(26) Medium Pages: 2 / 64M, Empty: 64M, Relocated: 0M, In-Place: 0
[27.054s][info][gc,reloc    ] GC(26) Large Pages: 0 / 0M, Empty: 0M, Relocated: 0M, In-Place: 0
[27.054s][info][gc,reloc    ] GC(26) Forwarding Usage: 0M
[27.054s][info][gc,heap     ] GC(26) Min Capacity: 8M(0%)
[27.054s][info][gc,heap     ] GC(26) Max Capacity: 4096M(100%)
[27.054s][info][gc,heap     ] GC(26) Soft Max Capacity: 4096M(100%)
[27.054s][info][gc,heap     ] GC(26)                Mark Start          Mark End        Relocate Start      Relocate End           High               Low         
[27.054s][info][gc,heap     ] GC(26)  Capacity:     3604M (88%)        3604M (88%)        3604M (88%)        3604M (88%)        3604M (88%)        3604M (88%)    
[27.054s][info][gc,heap     ] GC(26)      Free:     3946M (96%)        3946M (96%)        4086M (100%)       4086M (100%)       4086M (100%)       3946M (96%)    
[27.054s][info][gc,heap     ] GC(26)      Used:      150M (4%)          150M (4%)           10M (0%)           10M (0%)          150M (4%)           10M (0%)     
[27.054s][info][gc,heap     ] GC(26)      Live:         -                 4M (0%)            4M (0%)            4M (0%)             -                  -          
[27.054s][info][gc,heap     ] GC(26) Allocated:         -                 0M (0%)            0M (0%)            0M (0%)             -                  -          
[27.054s][info][gc,heap     ] GC(26)   Garbage:         -               145M (4%)            5M (0%)            5M (0%)             -                  -          
[27.054s][info][gc,heap     ] GC(26) Reclaimed:         -                  -               140M (3%)          140M (3%)             -                  -          
[27.054s][info][gc          ] GC(26) Garbage Collection (System.gc()) 150M(4%)->10M(0%)
[28.450s][info][gc,start    ] GC(27) Garbage Collection (Allocation Rate)
[28.450s][info][gc,task     ] GC(27) Using 12 workers
[28.450s][info][gc,phases   ] GC(27) Pause Mark Start 0.019ms
[28.465s][info][gc,phases   ] GC(27) Concurrent Mark 15.182ms
[28.466s][info][gc,phases   ] GC(27) Pause Mark End 0.022ms
[28.466s][info][gc,phases   ] GC(27) Concurrent Mark Free 0.002ms
[28.466s][info][gc,phases   ] GC(27) Concurrent Process Non-Strong References 0.583ms
[28.466s][info][gc,phases   ] GC(27) Concurrent Reset Relocation Set 0.001ms
[28.472s][info][gc,phases   ] GC(27) Concurrent Select Relocation Set 5.589ms
[28.472s][info][gc,phases   ] GC(27) Pause Relocate Start 0.008ms
[28.475s][info][gc,phases   ] GC(27) Concurrent Relocate 3.050ms
[28.475s][info][gc,load     ] GC(27) Load: 0.00/0.00/0.00
[28.475s][info][gc,mmu      ] GC(27) MMU: 2ms/98.3%, 5ms/99.3%, 10ms/99.6%, 20ms/99.7%, 50ms/99.9%, 100ms/99.9%
[28.475s][info][gc,marking  ] GC(27) Mark: 8 stripe(s), 2 proactive flush(es), 1 terminate flush(es), 0 completion(s), 0 continuation(s) 
[28.475s][info][gc,marking  ] GC(27) Mark Stack Usage: 32M
[28.476s][info][gc,nmethod  ] GC(27) NMethods: 1346 registered, 201 unregistered
[28.476s][info][gc,metaspace] GC(27) Metaspace: 8M used, 8M committed, 1088M reserved
[28.476s][info][gc,ref      ] GC(27) Soft: 174 encountered, 0 discovered, 0 enqueued
[28.476s][info][gc,ref      ] GC(27) Weak: 570 encountered, 143 discovered, 0 enqueued
[28.476s][info][gc,ref      ] GC(27) Final: 0 encountered, 0 discovered, 0 enqueued
[28.476s][info][gc,ref      ] GC(27) Phantom: 21 encountered, 9 discovered, 0 enqueued
[28.476s][info][gc,reloc    ] GC(27) Small Pages: 1734 / 3468M, Empty: 3438M, Relocated: 4M, In-Place: 0
[28.476s][info][gc,reloc    ] GC(27) Medium Pages: 1 / 32M, Empty: 0M, Relocated: 0M, In-Place: 0
[28.476s][info][gc,reloc    ] GC(27) Large Pages: 0 / 0M, Empty: 0M, Relocated: 0M, In-Place: 0
[28.476s][info][gc,reloc    ] GC(27) Forwarding Usage: 2M
[28.476s][info][gc,heap     ] GC(27) Min Capacity: 8M(0%)
[28.476s][info][gc,heap     ] GC(27) Max Capacity: 4096M(100%)
[28.476s][info][gc,heap     ] GC(27) Soft Max Capacity: 4096M(100%)
[28.476s][info][gc,heap     ] GC(27)                Mark Start          Mark End        Relocate Start      Relocate End           High               Low         
[28.476s][info][gc,heap     ] GC(27)  Capacity:     3604M (88%)        3604M (88%)        3604M (88%)        3604M (88%)        3604M (88%)        3604M (88%)    
[28.476s][info][gc,heap     ] GC(27)      Free:      596M (15%)         588M (14%)        4020M (98%)        4016M (98%)        4022M (98%)         586M (14%)    
[28.476s][info][gc,heap     ] GC(27)      Used:     3500M (85%)        3508M (86%)          76M (2%)           80M (2%)         3510M (86%)          74M (2%)     
[28.476s][info][gc,heap     ] GC(27)      Live:         -                14M (0%)           14M (0%)           14M (0%)             -                  -          
[28.476s][info][gc,heap     ] GC(27) Allocated:         -                 8M (0%)           14M (0%)           17M (0%)             -                  -          
[28.476s][info][gc,heap     ] GC(27)   Garbage:         -              3485M (85%)          47M (1%)           47M (1%)             -                  -          
[28.476s][info][gc,heap     ] GC(27) Reclaimed:         -                  -              3438M (84%)        3437M (84%)            -                  -          
[28.476s][info][gc          ] GC(27) Garbage Collection (Allocation Rate) 3500M(85%)->80M(2%)
[29.653s][info][gc,start    ] GC(28) Garbage Collection (Allocation Rate)
[29.653s][info][gc,task     ] GC(28) Using 1 workers
[29.653s][info][gc,phases   ] GC(28) Pause Mark Start 0.020ms
[29.729s][info][gc,phases   ] GC(28) Concurrent Mark 75.842ms
[29.729s][info][gc,phases   ] GC(28) Pause Mark End 0.021ms
[29.729s][info][gc,phases   ] GC(28) Concurrent Mark Free 0.001ms
[29.734s][info][gc,phases   ] GC(28) Concurrent Process Non-Strong References 5.028ms
[29.734s][info][gc,phases   ] GC(28) Concurrent Reset Relocation Set 0.002ms
[29.744s][info][gc,phases   ] GC(28) Concurrent Select Relocation Set 9.519ms
[29.744s][info][gc,phases   ] GC(28) Pause Relocate Start 0.006ms
[29.767s][info][gc,phases   ] GC(28) Concurrent Relocate 22.608ms
[29.767s][info][gc,load     ] GC(28) Load: 0.00/0.00/0.00
[29.767s][info][gc,mmu      ] GC(28) MMU: 2ms/98.3%, 5ms/99.3%, 10ms/99.6%, 20ms/99.7%, 50ms/99.9%, 100ms/99.9%
[29.767s][info][gc,marking  ] GC(28) Mark: 1 stripe(s), 2 proactive flush(es), 1 terminate flush(es), 0 completion(s), 0 continuation(s) 
[29.767s][info][gc,marking  ] GC(28) Mark Stack Usage: 32M
[29.767s][info][gc,nmethod  ] GC(28) NMethods: 1346 registered, 201 unregistered
[29.767s][info][gc,metaspace] GC(28) Metaspace: 8M used, 8M committed, 1088M reserved
[29.767s][info][gc,ref      ] GC(28) Soft: 174 encountered, 0 discovered, 0 enqueued
[29.767s][info][gc,ref      ] GC(28) Weak: 570 encountered, 382 discovered, 0 enqueued
[29.767s][info][gc,ref      ] GC(28) Final: 0 encountered, 0 discovered, 0 enqueued
[29.767s][info][gc,ref      ] GC(28) Phantom: 21 encountered, 10 discovered, 0 enqueued
[29.767s][info][gc,reloc    ] GC(28) Small Pages: 1460 / 2920M, Empty: 2868M, Relocated: 8M, In-Place: 0
[29.767s][info][gc,reloc    ] GC(28) Medium Pages: 2 / 64M, Empty: 0M, Relocated: 1M, In-Place: 0
[29.767s][info][gc,reloc    ] GC(28) Large Pages: 0 / 0M, Empty: 0M, Relocated: 0M, In-Place: 0
[29.767s][info][gc,reloc    ] GC(28) Forwarding Usage: 3M
[29.767s][info][gc,heap     ] GC(28) Min Capacity: 8M(0%)
[29.767s][info][gc,heap     ] GC(28) Max Capacity: 4096M(100%)
[29.767s][info][gc,heap     ] GC(28) Soft Max Capacity: 4096M(100%)
[29.767s][info][gc,heap     ] GC(28)                Mark Start          Mark End        Relocate Start      Relocate End           High               Low         
[29.767s][info][gc,heap     ] GC(28)  Capacity:     3604M (88%)        3604M (88%)        3604M (88%)        3604M (88%)        3604M (88%)        3604M (88%)    
[29.767s][info][gc,heap     ] GC(28)      Free:     1112M (27%)         976M (24%)        3822M (93%)        3820M (93%)        3866M (94%)         970M (24%)    
[29.767s][info][gc,heap     ] GC(28)      Used:     2984M (73%)        3120M (76%)         274M (7%)          276M (7%)         3126M (76%)         230M (6%)     
[29.767s][info][gc,heap     ] GC(28)      Live:         -                22M (1%)           22M (1%)           22M (1%)             -                  -          
[29.767s][info][gc,heap     ] GC(28) Allocated:         -               136M (3%)          158M (4%)          217M (5%)             -                  -          
[29.768s][info][gc,heap     ] GC(28)   Garbage:         -              2961M (72%)          93M (2%)           35M (1%)             -                  -          
[29.768s][info][gc,heap     ] GC(28) Reclaimed:         -                  -              2868M (70%)        2925M (71%)            -                  -          
[29.768s][info][gc          ] GC(28) Garbage Collection (Allocation Rate) 2984M(73%)->276M(7%)
[30.148s][info][gc,stats    ] === Garbage Collection Statistics =======================================================================================================================
[30.148s][info][gc,stats    ]                                                              Last 10s              Last 10m              Last 10h                Total
[30.148s][info][gc,stats    ]                                                              Avg / Max             Avg / Max             Avg / Max             Avg / Max
[30.148s][info][gc,stats    ]   Collector: Garbage Collection Cycle                     58.676 / 114.082      48.973 / 114.082      48.973 / 114.082      48.973 / 114.082     ms
[30.148s][info][gc,stats    ]  Contention: Mark Segment Reset Contention                     0 / 2                 0 / 4                 0 / 4                 0 / 4           ops/s
[30.148s][info][gc,stats    ]  Contention: Mark SeqNum Reset Contention                      0 / 0                 0 / 1                 0 / 1                 0 / 1           ops/s
[30.148s][info][gc,stats    ]    Critical: Allocation Stall                                  0 / 0                 0 / 0                 0 / 0                 0 / 0           ops/s
[30.148s][info][gc,stats    ]    Critical: Allocation Stall                              0.000 / 0.000         0.000 / 0.000         0.000 / 0.000         0.000 / 0.000       ms
[30.148s][info][gc,stats    ]    Critical: GC Locker Stall                                   0 / 0                 0 / 0                 0 / 0                 0 / 0           ops/s
[30.148s][info][gc,stats    ]    Critical: GC Locker Stall                               0.000 / 0.000         0.000 / 0.000         0.000 / 0.000         0.000 / 0.000       ms
[30.148s][info][gc,stats    ]    Critical: Relocation Stall                                  0 / 0                 0 / 0                 0 / 0                 0 / 0           ops/s
[30.148s][info][gc,stats    ]    Critical: Relocation Stall                              0.000 / 0.000         0.000 / 0.000         0.000 / 0.000         0.000 / 0.000       ms
[30.148s][info][gc,stats    ]      Memory: Allocation Rate                                2231 / 2602           2021 / 2602           2021 / 2602           2021 / 2602        MB/s
[30.148s][info][gc,stats    ]      Memory: Defragment                                        0 / 6                 1 / 32                1 / 32                1 / 32          ops/s
[30.148s][info][gc,stats    ]      Memory: Out Of Memory                                     0 / 0                 0 / 0                 0 / 0                 0 / 0           ops/s
[30.148s][info][gc,stats    ]      Memory: Page Cache Flush                                  1 / 12                3 / 64                3 / 64                3 / 64          MB/s
[30.148s][info][gc,stats    ]      Memory: Page Cache Hit L1                              1107 / 1286            946 / 1286            946 / 1286            946 / 1286        ops/s
[30.148s][info][gc,stats    ]      Memory: Page Cache Hit L2                                 0 / 0                 0 / 0                 0 / 0                 0 / 0           ops/s
[30.149s][info][gc,stats    ]      Memory: Page Cache Hit L3                                 0 / 5                35 / 432              35 / 432              35 / 432         ops/s
[30.149s][info][gc,stats    ]      Memory: Page Cache Miss                                   0 / 0                22 / 264              22 / 264              22 / 264         ops/s
[30.149s][info][gc,stats    ]      Memory: Uncommit                                          0 / 0                 0 / 0                 0 / 0                 0 / 0           MB/s
[30.149s][info][gc,stats    ]      Memory: Undo Object Allocation Failed                     0 / 0                 0 / 0                 0 / 0                 0 / 0           ops/s
[30.149s][info][gc,stats    ]      Memory: Undo Object Allocation Succeeded                 20 / 204               6 / 204               6 / 204               6 / 204         ops/s
[30.149s][info][gc,stats    ]      Memory: Undo Page Allocation                              0 / 0                 0 / 0                 0 / 0                 0 / 0           ops/s
[30.149s][info][gc,stats    ]       Phase: Concurrent Mark                              40.653 / 82.206       34.035 / 82.206       34.035 / 82.206       34.035 / 82.206      ms
[30.149s][info][gc,stats    ]       Phase: Concurrent Mark Continue                      0.000 / 0.000         0.000 / 0.000         0.000 / 0.000         0.000 / 0.000       ms
[30.149s][info][gc,stats    ]       Phase: Concurrent Mark Free                          0.001 / 0.002         0.001 / 0.002         0.001 / 0.002         0.001 / 0.002       ms
[30.149s][info][gc,stats    ]       Phase: Concurrent Process Non-Strong References      2.268 / 5.259         1.632 / 5.436         1.632 / 5.436         1.632 / 5.436       ms
[30.149s][info][gc,stats    ]       Phase: Concurrent Relocate                           8.313 / 22.608        6.397 / 22.608        6.397 / 22.608        6.397 / 22.608      ms
[30.149s][info][gc,stats    ]       Phase: Concurrent Reset Relocation Set               0.003 / 0.006         0.003 / 0.006         0.003 / 0.006         0.003 / 0.006       ms
[30.149s][info][gc,stats    ]       Phase: Concurrent Select Relocation Set              6.408 / 9.854         5.900 / 14.862        5.900 / 14.862        5.900 / 14.862      ms
[30.149s][info][gc,stats    ]       Phase: Pause Mark End                                0.021 / 0.027         0.022 / 0.034         0.022 / 0.034         0.022 / 0.034       ms
[30.149s][info][gc,stats    ]       Phase: Pause Mark Start                              0.018 / 0.020         0.018 / 0.034         0.018 / 0.034         0.018 / 0.034       ms
[30.149s][info][gc,stats    ]       Phase: Pause Relocate Start                          0.007 / 0.010         0.008 / 0.012         0.008 / 0.012         0.008 / 0.012       ms
[30.149s][info][gc,stats    ]    Subphase: Concurrent Classes Purge                      0.007 / 0.018         0.049 / 0.431         0.049 / 0.431         0.049 / 0.431       ms
[30.149s][info][gc,stats    ]    Subphase: Concurrent Classes Unlink                     1.673 / 3.921         1.138 / 3.921         1.138 / 3.921         1.138 / 3.921       ms
[30.149s][info][gc,stats    ]    Subphase: Concurrent Mark                              19.511 / 80.626       19.406 / 80.626       19.406 / 80.626       19.406 / 80.626      ms
[30.149s][info][gc,stats    ]    Subphase: Concurrent Mark Try Flush                     0.041 / 0.168         0.037 / 0.168         0.037 / 0.168         0.037 / 0.168       ms
[30.149s][info][gc,stats    ]    Subphase: Concurrent Mark Try Terminate                 7.554 / 16.033        6.596 / 16.239        6.596 / 16.239        6.596 / 16.239      ms
[30.149s][info][gc,stats    ]    Subphase: Concurrent References Enqueue                 0.000 / 0.001         0.001 / 0.004         0.001 / 0.004         0.001 / 0.004       ms
[30.149s][info][gc,stats    ]    Subphase: Concurrent References Process                 0.058 / 0.102         0.051 / 0.102         0.051 / 0.102         0.051 / 0.102       ms
[30.149s][info][gc,stats    ]    Subphase: Concurrent Roots ClassLoaderDataGraph         0.061 / 0.424         0.064 / 0.519         0.064 / 0.519         0.064 / 0.519       ms
[30.149s][info][gc,stats    ]    Subphase: Concurrent Roots CodeCache                    0.000 / 0.000         0.000 / 0.000         0.000 / 0.000         0.000 / 0.000       ms
[30.149s][info][gc,stats    ]    Subphase: Concurrent Roots JavaThreads                  0.207 / 1.173         0.201 / 1.263         0.201 / 1.263         0.201 / 1.263       ms
[30.149s][info][gc,stats    ]    Subphase: Concurrent Roots OopStorageSet                0.017 / 0.069         0.020 / 0.195         0.020 / 0.195         0.020 / 0.195       ms
[30.149s][info][gc,stats    ]    Subphase: Concurrent Weak Roots OopStorageSet           0.134 / 1.175         0.127 / 1.358         0.127 / 1.358         0.127 / 1.358       ms
[30.150s][info][gc,stats    ]    Subphase: Pause Mark Try Complete                       0.000 / 0.000         0.000 / 0.000         0.000 / 0.000         0.000 / 0.000       ms
[30.150s][info][gc,stats    ]      System: Java Threads                                     11 / 11               14 / 24               14 / 24               14 / 24          threads
[30.150s][info][gc,stats    ] =========================================================================================================================================================
[31.017s][info][gc,start    ] GC(29) Garbage Collection (System.gc())
[31.017s][info][gc,task     ] GC(29) Using 12 workers
[31.017s][info][gc,phases   ] GC(29) Pause Mark Start 0.017ms
[31.029s][info][gc,phases   ] GC(29) Concurrent Mark 12.541ms
[31.030s][info][gc,phases   ] GC(29) Pause Mark End 0.018ms
[31.030s][info][gc,phases   ] GC(29) Concurrent Mark Free 0.001ms
[31.030s][info][gc,phases   ] GC(29) Concurrent Process Non-Strong References 0.642ms
[31.030s][info][gc,phases   ] GC(29) Concurrent Reset Relocation Set 0.005ms
[31.035s][info][gc,phases   ] GC(29) Concurrent Select Relocation Set 4.600ms
[31.035s][info][gc,phases   ] GC(29) Pause Relocate Start 0.009ms
[31.038s][info][gc,phases   ] GC(29) Concurrent Relocate 2.294ms
[31.038s][info][gc,load     ] GC(29) Load: 0.00/0.00/0.00
[31.038s][info][gc,mmu      ] GC(29) MMU: 2ms/98.3%, 5ms/99.3%, 10ms/99.6%, 20ms/99.7%, 50ms/99.9%, 100ms/99.9%
[31.038s][info][gc,marking  ] GC(29) Mark: 8 stripe(s), 2 proactive flush(es), 1 terminate flush(es), 0 completion(s), 0 continuation(s) 
[31.038s][info][gc,marking  ] GC(29) Mark Stack Usage: 32M
[31.038s][info][gc,nmethod  ] GC(29) NMethods: 1350 registered, 202 unregistered
[31.038s][info][gc,metaspace] GC(29) Metaspace: 8M used, 8M committed, 1088M reserved
[31.038s][info][gc,ref      ] GC(29) Soft: 174 encountered, 0 discovered, 0 enqueued
[31.038s][info][gc,ref      ] GC(29) Weak: 570 encountered, 79 discovered, 0 enqueued
[31.038s][info][gc,ref      ] GC(29) Final: 0 encountered, 0 discovered, 0 enqueued
[31.038s][info][gc,ref      ] GC(29) Phantom: 21 encountered, 7 discovered, 0 enqueued
[31.038s][info][gc,reloc    ] GC(29) Small Pages: 1187 / 2374M, Empty: 2362M, Relocated: 1M, In-Place: 0
[31.038s][info][gc,reloc    ] GC(29) Medium Pages: 2 / 64M, Empty: 64M, Relocated: 0M, In-Place: 0
[31.038s][info][gc,reloc    ] GC(29) Large Pages: 0 / 0M, Empty: 0M, Relocated: 0M, In-Place: 0
[31.038s][info][gc,reloc    ] GC(29) Forwarding Usage: 0M
[31.038s][info][gc,heap     ] GC(29) Min Capacity: 8M(0%)
[31.038s][info][gc,heap     ] GC(29) Max Capacity: 4096M(100%)
[31.038s][info][gc,heap     ] GC(29) Soft Max Capacity: 4096M(100%)
[31.038s][info][gc,heap     ] GC(29)                Mark Start          Mark End        Relocate Start      Relocate End           High               Low         
[31.038s][info][gc,heap     ] GC(29)  Capacity:     3604M (88%)        3604M (88%)        3604M (88%)        3604M (88%)        3604M (88%)        3604M (88%)    
[31.038s][info][gc,heap     ] GC(29)      Free:     1658M (40%)        1658M (40%)        4084M (100%)       4084M (100%)       4084M (100%)       1658M (40%)    
[31.038s][info][gc,heap     ] GC(29)      Used:     2438M (60%)        2438M (60%)          12M (0%)           12M (0%)         2438M (60%)          12M (0%)     
[31.038s][info][gc,heap     ] GC(29)      Live:         -                 4M (0%)            4M (0%)            4M (0%)             -                  -          
[31.038s][info][gc,heap     ] GC(29) Allocated:         -                 0M (0%)            0M (0%)            0M (0%)             -                  -          
[31.038s][info][gc,heap     ] GC(29)   Garbage:         -              2433M (59%)           7M (0%)            7M (0%)             -                  -          
[31.038s][info][gc,heap     ] GC(29) Reclaimed:         -                  -              2426M (59%)        2426M (59%)            -                  -          
[31.038s][info][gc          ] GC(29) Garbage Collection (System.gc()) 2438M(60%)->12M(0%)
[32.448s][info][gc,start    ] GC(30) Garbage Collection (Allocation Rate)
[32.448s][info][gc,task     ] GC(30) Using 12 workers
[32.448s][info][gc,phases   ] GC(30) Pause Mark Start 0.020ms
[32.464s][info][gc,phases   ] GC(30) Concurrent Mark 15.210ms
[32.464s][info][gc,phases   ] GC(30) Pause Mark End 0.019ms
[32.464s][info][gc,phases   ] GC(30) Concurrent Mark Free 0.001ms
[32.464s][info][gc,phases   ] GC(30) Concurrent Process Non-Strong References 0.545ms
[32.464s][info][gc,phases   ] GC(30) Concurrent Reset Relocation Set 0.001ms
[32.470s][info][gc,phases   ] GC(30) Concurrent Select Relocation Set 5.940ms
[32.471s][info][gc,phases   ] GC(30) Pause Relocate Start 0.006ms
[32.474s][info][gc,phases   ] GC(30) Concurrent Relocate 3.662ms
[32.474s][info][gc,load     ] GC(30) Load: 0.00/0.00/0.00
[32.474s][info][gc,mmu      ] GC(30) MMU: 2ms/98.3%, 5ms/99.3%, 10ms/99.6%, 20ms/99.7%, 50ms/99.9%, 100ms/99.9%
[32.474s][info][gc,marking  ] GC(30) Mark: 8 stripe(s), 2 proactive flush(es), 1 terminate flush(es), 0 completion(s), 0 continuation(s) 
[32.474s][info][gc,marking  ] GC(30) Mark Stack Usage: 32M
[32.474s][info][gc,nmethod  ] GC(30) NMethods: 1356 registered, 202 unregistered
[32.475s][info][gc,metaspace] GC(30) Metaspace: 8M used, 8M committed, 1088M reserved
[32.475s][info][gc,ref      ] GC(30) Soft: 174 encountered, 0 discovered, 0 enqueued
[32.475s][info][gc,ref      ] GC(30) Weak: 570 encountered, 141 discovered, 0 enqueued
[32.475s][info][gc,ref      ] GC(30) Final: 0 encountered, 0 discovered, 0 enqueued
[32.475s][info][gc,ref      ] GC(30) Phantom: 21 encountered, 17 discovered, 0 enqueued
[32.475s][info][gc,reloc    ] GC(30) Small Pages: 1692 / 3384M, Empty: 3338M, Relocated: 8M, In-Place: 0
[32.475s][info][gc,reloc    ] GC(30) Medium Pages: 1 / 32M, Empty: 0M, Relocated: 0M, In-Place: 0
[32.475s][info][gc,reloc    ] GC(30) Large Pages: 0 / 0M, Empty: 0M, Relocated: 0M, In-Place: 0
[32.475s][info][gc,reloc    ] GC(30) Forwarding Usage: 3M
[32.475s][info][gc,heap     ] GC(30) Min Capacity: 8M(0%)
[32.475s][info][gc,heap     ] GC(30) Max Capacity: 4096M(100%)
[32.475s][info][gc,heap     ] GC(30) Soft Max Capacity: 4096M(100%)
[32.475s][info][gc,heap     ] GC(30)                Mark Start          Mark End        Relocate Start      Relocate End           High               Low         
[32.475s][info][gc,heap     ] GC(30)  Capacity:     3604M (88%)        3604M (88%)        3604M (88%)        3604M (88%)        3604M (88%)        3604M (88%)    
[32.475s][info][gc,heap     ] GC(30)      Free:      680M (17%)         672M (16%)        4000M (98%)        4010M (98%)        4010M (98%)         670M (16%)    
[32.475s][info][gc,heap     ] GC(30)      Used:     3416M (83%)        3424M (84%)          96M (2%)           86M (2%)         3426M (84%)          86M (2%)     
[32.475s][info][gc,heap     ] GC(30)      Live:         -                13M (0%)           13M (0%)           13M (0%)             -                  -          
[32.475s][info][gc,heap     ] GC(30) Allocated:         -                 8M (0%)           18M (0%)           23M (1%)             -                  -          
[32.475s][info][gc,heap     ] GC(30)   Garbage:         -              3402M (83%)          64M (2%)           48M (1%)             -                  -          
[32.475s][info][gc,heap     ] GC(30) Reclaimed:         -                  -              3338M (81%)        3353M (82%)            -                  -          
[32.475s][info][gc          ] GC(30) Garbage Collection (Allocation Rate) 3416M(83%)->86M(2%)
[33.643s][info][gc,start    ] GC(31) Garbage Collection (Allocation Rate)
[33.643s][info][gc,task     ] GC(31) Using 1 workers
[33.643s][info][gc,phases   ] GC(31) Pause Mark Start 0.019ms
[33.718s][info][gc,phases   ] GC(31) Concurrent Mark 75.194ms
[33.718s][info][gc,phases   ] GC(31) Pause Mark End 0.024ms
[33.719s][info][gc,phases   ] GC(31) Concurrent Mark Free 0.001ms
[33.724s][info][gc,phases   ] GC(31) Concurrent Process Non-Strong References 5.090ms
[33.724s][info][gc,phases   ] GC(31) Concurrent Reset Relocation Set 0.005ms
[33.728s][info][gc,phases   ] GC(31) Concurrent Select Relocation Set 4.473ms
[33.728s][info][gc,phases   ] GC(31) Pause Relocate Start 0.011ms
[33.746s][info][gc,phases   ] GC(31) Concurrent Relocate 17.802ms
[33.746s][info][gc,load     ] GC(31) Load: 0.00/0.00/0.00
[33.746s][info][gc,mmu      ] GC(31) MMU: 2ms/98.3%, 5ms/99.3%, 10ms/99.6%, 20ms/99.7%, 50ms/99.9%, 100ms/99.9%
[33.747s][info][gc,marking  ] GC(31) Mark: 1 stripe(s), 2 proactive flush(es), 1 terminate flush(es), 0 completion(s), 0 continuation(s) 
[33.747s][info][gc,marking  ] GC(31) Mark Stack Usage: 32M
[33.747s][info][gc,nmethod  ] GC(31) NMethods: 1356 registered, 202 unregistered
[33.747s][info][gc,metaspace] GC(31) Metaspace: 8M used, 8M committed, 1088M reserved
[33.747s][info][gc,ref      ] GC(31) Soft: 174 encountered, 0 discovered, 0 enqueued
[33.747s][info][gc,ref      ] GC(31) Weak: 570 encountered, 157 discovered, 0 enqueued
[33.747s][info][gc,ref      ] GC(31) Final: 0 encountered, 0 discovered, 0 enqueued
[33.747s][info][gc,ref      ] GC(31) Phantom: 21 encountered, 10 discovered, 0 enqueued
[33.747s][info][gc,reloc    ] GC(31) Small Pages: 1436 / 2872M, Empty: 2816M, Relocated: 6M, In-Place: 0
[33.747s][info][gc,reloc    ] GC(31) Medium Pages: 2 / 64M, Empty: 0M, Relocated: 1M, In-Place: 0
[33.747s][info][gc,reloc    ] GC(31) Large Pages: 0 / 0M, Empty: 0M, Relocated: 0M, In-Place: 0
[33.747s][info][gc,reloc    ] GC(31) Forwarding Usage: 3M
[33.747s][info][gc,heap     ] GC(31) Min Capacity: 8M(0%)
[33.747s][info][gc,heap     ] GC(31) Max Capacity: 4096M(100%)
[33.747s][info][gc,heap     ] GC(31) Soft Max Capacity: 4096M(100%)
[33.747s][info][gc,heap     ] GC(31)                Mark Start          Mark End        Relocate Start      Relocate End           High               Low         
[33.747s][info][gc,heap     ] GC(31)  Capacity:     3604M (88%)        3604M (88%)        3604M (88%)        3604M (88%)        3604M (88%)        3604M (88%)    
[33.747s][info][gc,heap     ] GC(31)      Free:     1160M (28%)         990M (24%)        3788M (92%)        3802M (93%)        3830M (94%)         982M (24%)    
[33.747s][info][gc,heap     ] GC(31)      Used:     2936M (72%)        3106M (76%)         308M (8%)          294M (7%)         3114M (76%)         266M (6%)     
[33.747s][info][gc,heap     ] GC(31)      Live:         -                22M (1%)           22M (1%)           22M (1%)             -                  -          
[33.747s][info][gc,heap     ] GC(31) Allocated:         -               170M (4%)          188M (5%)          235M (6%)             -                  -          
[33.747s][info][gc,heap     ] GC(31)   Garbage:         -              2913M (71%)          97M (2%)           35M (1%)             -                  -          
[33.747s][info][gc,heap     ] GC(31) Reclaimed:         -                  -              2816M (69%)        2877M (70%)            -                  -          
[33.747s][info][gc          ] GC(31) Garbage Collection (Allocation Rate) 2936M(72%)->294M(7%)
[34.947s][info][gc,start    ] GC(32) Garbage Collection (Allocation Rate)
[34.947s][info][gc,task     ] GC(32) Using 1 workers
[34.947s][info][gc,phases   ] GC(32) Pause Mark Start 0.019ms
[35.028s][info][gc,phases   ] GC(32) Concurrent Mark 81.350ms
[35.028s][info][gc,phases   ] GC(32) Pause Mark End 0.025ms
[35.029s][info][gc,phases   ] GC(32) Concurrent Mark Free 0.001ms
[35.034s][info][gc,phases   ] GC(32) Concurrent Process Non-Strong References 5.216ms
[35.034s][info][gc,phases   ] GC(32) Concurrent Reset Relocation Set 0.005ms
[35.038s][info][gc,phases   ] GC(32) Concurrent Select Relocation Set 4.365ms
[35.038s][info][gc,phases   ] GC(32) Pause Relocate Start 0.009ms
[35.053s][info][gc,phases   ] GC(32) Concurrent Relocate 14.197ms
[35.053s][info][gc,load     ] GC(32) Load: 0.00/0.00/0.00
[35.053s][info][gc,mmu      ] GC(32) MMU: 2ms/98.3%, 5ms/99.3%, 10ms/99.6%, 20ms/99.7%, 50ms/99.9%, 100ms/99.9%
[35.053s][info][gc,marking  ] GC(32) Mark: 1 stripe(s), 2 proactive flush(es), 1 terminate flush(es), 0 completion(s), 0 continuation(s) 
[35.053s][info][gc,marking  ] GC(32) Mark Stack Usage: 32M
[35.053s][info][gc,nmethod  ] GC(32) NMethods: 1360 registered, 202 unregistered
[35.053s][info][gc,metaspace] GC(32) Metaspace: 8M used, 8M committed, 1088M reserved
[35.053s][info][gc,ref      ] GC(32) Soft: 174 encountered, 0 discovered, 0 enqueued
[35.053s][info][gc,ref      ] GC(32) Weak: 570 encountered, 424 discovered, 0 enqueued
[35.053s][info][gc,ref      ] GC(32) Final: 0 encountered, 0 discovered, 0 enqueued
[35.053s][info][gc,ref      ] GC(32) Phantom: 21 encountered, 19 discovered, 0 enqueued
[35.053s][info][gc,reloc    ] GC(32) Small Pages: 1229 / 2458M, Empty: 2416M, Relocated: 4M, In-Place: 0
[35.053s][info][gc,reloc    ] GC(32) Medium Pages: 2 / 64M, Empty: 32M, Relocated: 0M, In-Place: 0
[35.053s][info][gc,reloc    ] GC(32) Large Pages: 0 / 0M, Empty: 0M, Relocated: 0M, In-Place: 0
[35.053s][info][gc,reloc    ] GC(32) Forwarding Usage: 1M
[35.053s][info][gc,heap     ] GC(32) Min Capacity: 8M(0%)
[35.053s][info][gc,heap     ] GC(32) Max Capacity: 4096M(100%)
[35.053s][info][gc,heap     ] GC(32) Soft Max Capacity: 4096M(100%)
[35.053s][info][gc,heap     ] GC(32)                Mark Start          Mark End        Relocate Start      Relocate End           High               Low         
[35.053s][info][gc,heap     ] GC(32)  Capacity:     3604M (88%)        3604M (88%)        3604M (88%)        3604M (88%)        3604M (88%)        3604M (88%)    
[35.053s][info][gc,heap     ] GC(32)      Free:     1574M (38%)        1532M (37%)        3974M (97%)        3978M (97%)        3980M (97%)        1528M (37%)    
[35.053s][info][gc,heap     ] GC(32)      Used:     2522M (62%)        2564M (63%)         122M (3%)          118M (3%)         2568M (63%)         116M (3%)     
[35.053s][info][gc,heap     ] GC(32)      Live:         -                30M (1%)           30M (1%)           30M (1%)             -                  -          
[35.053s][info][gc,heap     ] GC(32) Allocated:         -                42M (1%)           48M (1%)           51M (1%)             -                  -          
[35.053s][info][gc,heap     ] GC(32)   Garbage:         -              2491M (61%)          43M (1%)           35M (1%)             -                  -          
[35.053s][info][gc,heap     ] GC(32) Reclaimed:         -                  -              2448M (60%)        2455M (60%)            -                  -          
[35.053s][info][gc          ] GC(32) Garbage Collection (Allocation Rate) 2522M(62%)->118M(3%)
[35.056s][info][gc,start    ] GC(33) Garbage Collection (Allocation Rate)
[35.056s][info][gc,task     ] GC(33) Using 6 workers
[35.056s][info][gc,phases   ] GC(33) Pause Mark Start 0.011ms
[35.103s][info][gc,phases   ] GC(33) Concurrent Mark 46.628ms
[35.103s][info][gc,phases   ] GC(33) Pause Mark End 0.018ms
[35.131s][info][gc,phases   ] GC(33) Concurrent Mark Free 0.002ms
[35.132s][info][gc,phases   ] GC(33) Concurrent Process Non-Strong References 0.967ms
[35.132s][info][gc,phases   ] GC(33) Concurrent Reset Relocation Set 0.002ms
[35.136s][info][gc,phases   ] GC(33) Concurrent Select Relocation Set 4.241ms
[35.136s][info][gc,phases   ] GC(33) Pause Relocate Start 0.008ms
[35.141s][info][gc,phases   ] GC(33) Concurrent Relocate 4.399ms
[35.141s][info][gc,load     ] GC(33) Load: 0.00/0.00/0.00
[35.141s][info][gc,mmu      ] GC(33) MMU: 2ms/98.3%, 5ms/99.3%, 10ms/99.6%, 20ms/99.7%, 50ms/99.9%, 100ms/99.9%
[35.141s][info][gc,marking  ] GC(33) Mark: 4 stripe(s), 2 proactive flush(es), 1 terminate flush(es), 0 completion(s), 0 continuation(s) 
[35.141s][info][gc,marking  ] GC(33) Mark Stack Usage: 32M
[35.141s][info][gc,nmethod  ] GC(33) NMethods: 1360 registered, 202 unregistered
[35.141s][info][gc,metaspace] GC(33) Metaspace: 8M used, 8M committed, 1088M reserved
[35.141s][info][gc,ref      ] GC(33) Soft: 174 encountered, 0 discovered, 0 enqueued
[35.141s][info][gc,ref      ] GC(33) Weak: 570 encountered, 77 discovered, 0 enqueued
[35.141s][info][gc,ref      ] GC(33) Final: 0 encountered, 0 discovered, 0 enqueued
[35.141s][info][gc,ref      ] GC(33) Phantom: 21 encountered, 15 discovered, 0 enqueued
[35.141s][info][gc,reloc    ] GC(33) Small Pages: 27 / 54M, Empty: 12M, Relocated: 0M, In-Place: 0
[35.141s][info][gc,reloc    ] GC(33) Medium Pages: 2 / 64M, Empty: 0M, Relocated: 3M, In-Place: 0
[35.141s][info][gc,reloc    ] GC(33) Large Pages: 0 / 0M, Empty: 0M, Relocated: 0M, In-Place: 0
[35.141s][info][gc,reloc    ] GC(33) Forwarding Usage: 0M
[35.141s][info][gc,heap     ] GC(33) Min Capacity: 8M(0%)
[35.141s][info][gc,heap     ] GC(33) Max Capacity: 4096M(100%)
[35.141s][info][gc,heap     ] GC(33) Soft Max Capacity: 4096M(100%)
[35.141s][info][gc,heap     ] GC(33)                Mark Start          Mark End        Relocate Start      Relocate End           High               Low         
[35.142s][info][gc,heap     ] GC(33)  Capacity:     3604M (88%)        3604M (88%)        3604M (88%)        3636M (89%)        3636M (89%)        3604M (88%)    
[35.142s][info][gc,heap     ] GC(33)      Free:     3978M (97%)        3954M (97%)        3964M (97%)        3966M (97%)        3978M (97%)        3896M (95%)    
[35.142s][info][gc,heap     ] GC(33)      Used:      118M (3%)          142M (3%)          132M (3%)          130M (3%)          200M (5%)          118M (3%)     
[35.142s][info][gc,heap     ] GC(33)      Live:         -                30M (1%)           30M (1%)           30M (1%)             -                  -          
[35.142s][info][gc,heap     ] GC(33) Allocated:         -                24M (1%)           26M (1%)           57M (1%)             -                  -          
[35.142s][info][gc,heap     ] GC(33)   Garbage:         -                87M (2%)           75M (2%)           41M (1%)             -                  -          
[35.142s][info][gc,heap     ] GC(33) Reclaimed:         -                  -                12M (0%)           45M (1%)             -                  -          
[35.142s][info][gc          ] GC(33) Garbage Collection (Allocation Rate) 118M(3%)->130M(3%)
[35.160s][info][gc,start    ] GC(34) Garbage Collection (System.gc())
[35.160s][info][gc,task     ] GC(34) Using 12 workers
[35.160s][info][gc,phases   ] GC(34) Pause Mark Start 0.010ms
[35.165s][info][gc,phases   ] GC(34) Concurrent Mark 5.081ms
[35.165s][info][gc,phases   ] GC(34) Pause Mark End 0.015ms
[35.165s][info][gc,phases   ] GC(34) Concurrent Mark Free 0.001ms
[35.166s][info][gc,phases   ] GC(34) Concurrent Process Non-Strong References 0.591ms
[35.166s][info][gc,phases   ] GC(34) Concurrent Reset Relocation Set 0.002ms
[35.170s][info][gc,phases   ] GC(34) Concurrent Select Relocation Set 4.308ms
[35.171s][info][gc,phases   ] GC(34) Pause Relocate Start 0.005ms
[35.174s][info][gc,phases   ] GC(34) Concurrent Relocate 3.487ms
[35.174s][info][gc,load     ] GC(34) Load: 0.00/0.00/0.00
[35.174s][info][gc,mmu      ] GC(34) MMU: 2ms/98.3%, 5ms/99.3%, 10ms/99.6%, 20ms/99.7%, 50ms/99.9%, 100ms/99.9%
[35.174s][info][gc,marking  ] GC(34) Mark: 8 stripe(s), 1 proactive flush(es), 1 terminate flush(es), 0 completion(s), 0 continuation(s) 
[35.174s][info][gc,marking  ] GC(34) Mark Stack Usage: 32M
[35.174s][info][gc,nmethod  ] GC(34) NMethods: 1360 registered, 202 unregistered
[35.174s][info][gc,metaspace] GC(34) Metaspace: 8M used, 8M committed, 1088M reserved
[35.174s][info][gc,ref      ] GC(34) Soft: 174 encountered, 0 discovered, 0 enqueued
[35.174s][info][gc,ref      ] GC(34) Weak: 570 encountered, 10 discovered, 0 enqueued
[35.174s][info][gc,ref      ] GC(34) Final: 0 encountered, 0 discovered, 0 enqueued
[35.174s][info][gc,ref      ] GC(34) Phantom: 21 encountered, 16 discovered, 0 enqueued
[35.174s][info][gc,reloc    ] GC(34) Small Pages: 36 / 72M, Empty: 60M, Relocated: 1M, In-Place: 0
[35.174s][info][gc,reloc    ] GC(34) Medium Pages: 2 / 64M, Empty: 64M, Relocated: 0M, In-Place: 0
[35.174s][info][gc,reloc    ] GC(34) Large Pages: 0 / 0M, Empty: 0M, Relocated: 0M, In-Place: 0
[35.175s][info][gc,reloc    ] GC(34) Forwarding Usage: 0M
[35.175s][info][gc,heap     ] GC(34) Min Capacity: 8M(0%)
[35.175s][info][gc,heap     ] GC(34) Max Capacity: 4096M(100%)
[35.175s][info][gc,heap     ] GC(34) Soft Max Capacity: 4096M(100%)
[35.175s][info][gc,heap     ] GC(34)                Mark Start          Mark End        Relocate Start      Relocate End           High               Low         
[35.175s][info][gc,heap     ] GC(34)  Capacity:     3636M (89%)        3636M (89%)        3636M (89%)        3636M (89%)        3636M (89%)        3636M (89%)    
[35.175s][info][gc,heap     ] GC(34)      Free:     3960M (97%)        3960M (97%)        4084M (100%)       4084M (100%)       4084M (100%)       3960M (97%)    
[35.175s][info][gc,heap     ] GC(34)      Used:      136M (3%)          136M (3%)           12M (0%)           12M (0%)          136M (3%)           12M (0%)     
[35.175s][info][gc,heap     ] GC(34)      Live:         -                 4M (0%)            4M (0%)            4M (0%)             -                  -          
[35.175s][info][gc,heap     ] GC(34) Allocated:         -                 0M (0%)            0M (0%)            0M (0%)             -                  -          
[35.175s][info][gc,heap     ] GC(34)   Garbage:         -               131M (3%)            7M (0%)            7M (0%)             -                  -          
[35.175s][info][gc,heap     ] GC(34) Reclaimed:         -                  -               124M (3%)          124M (3%)             -                  -          
[35.175s][info][gc          ] GC(34) Garbage Collection (System.gc()) 136M(3%)->12M(0%)
[36.352s][info][gc,start    ] GC(35) Garbage Collection (Allocation Rate)
[36.352s][info][gc,task     ] GC(35) Using 12 workers
[36.352s][info][gc,phases   ] GC(35) Pause Mark Start 0.020ms
[36.368s][info][gc,phases   ] GC(35) Concurrent Mark 15.092ms
[36.368s][info][gc,phases   ] GC(35) Pause Mark End 0.025ms
[36.368s][info][gc,phases   ] GC(35) Concurrent Mark Free 0.002ms
[36.369s][info][gc,phases   ] GC(35) Concurrent Process Non-Strong References 0.609ms
[36.369s][info][gc,phases   ] GC(35) Concurrent Reset Relocation Set 0.001ms
[36.374s][info][gc,phases   ] GC(35) Concurrent Select Relocation Set 5.220ms
[36.374s][info][gc,phases   ] GC(35) Pause Relocate Start 0.007ms
[36.377s][info][gc,phases   ] GC(35) Concurrent Relocate 2.860ms
[36.377s][info][gc,load     ] GC(35) Load: 0.00/0.00/0.00
[36.377s][info][gc,mmu      ] GC(35) MMU: 2ms/98.3%, 5ms/99.3%, 10ms/99.6%, 20ms/99.7%, 50ms/99.9%, 100ms/99.9%
[36.377s][info][gc,marking  ] GC(35) Mark: 8 stripe(s), 2 proactive flush(es), 1 terminate flush(es), 0 completion(s), 0 continuation(s) 
[36.377s][info][gc,marking  ] GC(35) Mark Stack Usage: 32M
[36.377s][info][gc,nmethod  ] GC(35) NMethods: 1362 registered, 202 unregistered
[36.377s][info][gc,metaspace] GC(35) Metaspace: 8M used, 8M committed, 1088M reserved
[36.377s][info][gc,ref      ] GC(35) Soft: 174 encountered, 0 discovered, 0 enqueued
[36.377s][info][gc,ref      ] GC(35) Weak: 570 encountered, 261 discovered, 0 enqueued
[36.377s][info][gc,ref      ] GC(35) Final: 0 encountered, 0 discovered, 0 enqueued
[36.377s][info][gc,ref      ] GC(35) Phantom: 21 encountered, 16 discovered, 0 enqueued
[36.377s][info][gc,reloc    ] GC(35) Small Pages: 1506 / 3012M, Empty: 2968M, Relocated: 4M, In-Place: 0
[36.377s][info][gc,reloc    ] GC(35) Medium Pages: 1 / 32M, Empty: 0M, Relocated: 0M, In-Place: 0
[36.377s][info][gc,reloc    ] GC(35) Large Pages: 0 / 0M, Empty: 0M, Relocated: 0M, In-Place: 0
[36.377s][info][gc,reloc    ] GC(35) Forwarding Usage: 2M
[36.377s][info][gc,heap     ] GC(35) Min Capacity: 8M(0%)
[36.377s][info][gc,heap     ] GC(35) Max Capacity: 4096M(100%)
[36.377s][info][gc,heap     ] GC(35) Soft Max Capacity: 4096M(100%)
[36.377s][info][gc,heap     ] GC(35)                Mark Start          Mark End        Relocate Start      Relocate End           High               Low         
[36.377s][info][gc,heap     ] GC(35)  Capacity:     3636M (89%)        3636M (89%)        3636M (89%)        3636M (89%)        3636M (89%)        3636M (89%)    
[36.378s][info][gc,heap     ] GC(35)      Free:     1052M (26%)        1038M (25%)        4000M (98%)        4006M (98%)        4006M (98%)        1038M (25%)    
[36.378s][info][gc,heap     ] GC(35)      Used:     3044M (74%)        3058M (75%)          96M (2%)           90M (2%)         3058M (75%)          90M (2%)     
[36.378s][info][gc,heap     ] GC(35)      Live:         -                12M (0%)           12M (0%)           12M (0%)             -                  -          
[36.378s][info][gc,heap     ] GC(35) Allocated:         -                14M (0%)           20M (0%)           23M (1%)             -                  -          
[36.378s][info][gc,heap     ] GC(35)   Garbage:         -              3031M (74%)          63M (2%)           53M (1%)             -                  -          
[36.378s][info][gc,heap     ] GC(35) Reclaimed:         -                  -              2968M (72%)        2977M (73%)            -                  -          
[36.378s][info][gc          ] GC(35) Garbage Collection (Allocation Rate) 3044M(74%)->90M(2%)
[37.445s][info][gc,start    ] GC(36) Garbage Collection (Allocation Rate)
[37.445s][info][gc,task     ] GC(36) Using 1 workers
[37.445s][info][gc,phases   ] GC(36) Pause Mark Start 0.017ms
[37.514s][info][gc,phases   ] GC(36) Concurrent Mark 67.982ms
[37.514s][info][gc,phases   ] GC(36) Pause Mark End 0.019ms
[37.514s][info][gc,phases   ] GC(36) Concurrent Mark Free 0.001ms
[37.519s][info][gc,phases   ] GC(36) Concurrent Process Non-Strong References 4.676ms
[37.519s][info][gc,phases   ] GC(36) Concurrent Reset Relocation Set 0.005ms
[37.527s][info][gc,phases   ] GC(36) Concurrent Select Relocation Set 8.570ms
[37.527s][info][gc,phases   ] GC(36) Pause Relocate Start 0.007ms
[37.546s][info][gc,phases   ] GC(36) Concurrent Relocate 18.205ms
[37.546s][info][gc,load     ] GC(36) Load: 0.00/0.00/0.00
[37.546s][info][gc,mmu      ] GC(36) MMU: 2ms/98.3%, 5ms/99.3%, 10ms/99.6%, 20ms/99.7%, 50ms/99.9%, 100ms/99.9%
[37.546s][info][gc,marking  ] GC(36) Mark: 1 stripe(s), 2 proactive flush(es), 1 terminate flush(es), 0 completion(s), 0 continuation(s) 
[37.546s][info][gc,marking  ] GC(36) Mark Stack Usage: 32M
[37.546s][info][gc,nmethod  ] GC(36) NMethods: 1362 registered, 202 unregistered
[37.546s][info][gc,metaspace] GC(36) Metaspace: 8M used, 8M committed, 1088M reserved
[37.546s][info][gc,ref      ] GC(36) Soft: 174 encountered, 0 discovered, 0 enqueued
[37.546s][info][gc,ref      ] GC(36) Weak: 570 encountered, 382 discovered, 0 enqueued
[37.546s][info][gc,ref      ] GC(36) Final: 0 encountered, 0 discovered, 0 enqueued
[37.546s][info][gc,ref      ] GC(36) Phantom: 21 encountered, 10 discovered, 0 enqueued
[37.546s][info][gc,reloc    ] GC(36) Small Pages: 1295 / 2590M, Empty: 2544M, Relocated: 6M, In-Place: 0
[37.546s][info][gc,reloc    ] GC(36) Medium Pages: 2 / 64M, Empty: 0M, Relocated: 1M, In-Place: 0
[37.546s][info][gc,reloc    ] GC(36) Large Pages: 0 / 0M, Empty: 0M, Relocated: 0M, In-Place: 0
[37.546s][info][gc,reloc    ] GC(36) Forwarding Usage: 2M
[37.546s][info][gc,heap     ] GC(36) Min Capacity: 8M(0%)
[37.546s][info][gc,heap     ] GC(36) Max Capacity: 4096M(100%)
[37.546s][info][gc,heap     ] GC(36) Soft Max Capacity: 4096M(100%)
[37.546s][info][gc,heap     ] GC(36)                Mark Start          Mark End        Relocate Start      Relocate End           High               Low         
[37.546s][info][gc,heap     ] GC(36)  Capacity:     3636M (89%)        3636M (89%)        3636M (89%)        3636M (89%)        3636M (89%)        3636M (89%)    
[37.546s][info][gc,heap     ] GC(36)      Free:     1442M (35%)        1336M (33%)        3856M (94%)        3862M (94%)        3898M (95%)        1328M (32%)    
[37.546s][info][gc,heap     ] GC(36)      Used:     2654M (65%)        2760M (67%)         240M (6%)          234M (6%)         2768M (68%)         198M (5%)     
[37.546s][info][gc,heap     ] GC(36)      Live:         -                20M (0%)           20M (0%)           20M (0%)             -                  -          
[37.546s][info][gc,heap     ] GC(36) Allocated:         -               106M (3%)          130M (3%)          177M (4%)             -                  -          
[37.546s][info][gc,heap     ] GC(36)   Garbage:         -              2633M (64%)          89M (2%)           35M (1%)             -                  -          
[37.546s][info][gc,heap     ] GC(36) Reclaimed:         -                  -              2544M (62%)        2597M (63%)            -                  -          
[37.546s][info][gc          ] GC(36) Garbage Collection (Allocation Rate) 2654M(65%)->234M(6%)
[38.554s][info][gc,start    ] GC(37) Garbage Collection (Allocation Rate)
[38.554s][info][gc,task     ] GC(37) Using 1 workers
[38.554s][info][gc,phases   ] GC(37) Pause Mark Start 0.019ms
[38.653s][info][gc,phases   ] GC(37) Concurrent Mark 98.630ms
[38.653s][info][gc,phases   ] GC(37) Pause Mark End 0.018ms
[38.653s][info][gc,phases   ] GC(37) Concurrent Mark Free 0.001ms
[38.658s][info][gc,phases   ] GC(37) Concurrent Process Non-Strong References 5.207ms
[38.658s][info][gc,phases   ] GC(37) Concurrent Reset Relocation Set 0.004ms
[38.668s][info][gc,phases   ] GC(37) Concurrent Select Relocation Set 9.329ms
[38.668s][info][gc,phases   ] GC(37) Pause Relocate Start 0.004ms
[38.686s][info][gc,phases   ] GC(37) Concurrent Relocate 18.496ms
[38.686s][info][gc,load     ] GC(37) Load: 0.00/0.00/0.00
[38.687s][info][gc,mmu      ] GC(37) MMU: 2ms/98.3%, 5ms/99.3%, 10ms/99.6%, 20ms/99.7%, 50ms/99.9%, 100ms/99.9%
[38.687s][info][gc,marking  ] GC(37) Mark: 1 stripe(s), 2 proactive flush(es), 1 terminate flush(es), 0 completion(s), 0 continuation(s) 
[38.687s][info][gc,marking  ] GC(37) Mark Stack Usage: 32M
[38.687s][info][gc,nmethod  ] GC(37) NMethods: 1362 registered, 202 unregistered
[38.687s][info][gc,metaspace] GC(37) Metaspace: 8M used, 8M committed, 1088M reserved
[38.687s][info][gc,ref      ] GC(37) Soft: 174 encountered, 0 discovered, 0 enqueued
[38.687s][info][gc,ref      ] GC(37) Weak: 570 encountered, 382 discovered, 0 enqueued
[38.687s][info][gc,ref      ] GC(37) Final: 0 encountered, 0 discovered, 0 enqueued
[38.687s][info][gc,ref      ] GC(37) Phantom: 21 encountered, 10 discovered, 0 enqueued
[38.687s][info][gc,reloc    ] GC(37) Small Pages: 1374 / 2748M, Empty: 2688M, Relocated: 6M, In-Place: 0
[38.687s][info][gc,reloc    ] GC(37) Medium Pages: 2 / 64M, Empty: 0M, Relocated: 2M, In-Place: 0
[38.687s][info][gc,reloc    ] GC(37) Large Pages: 0 / 0M, Empty: 0M, Relocated: 0M, In-Place: 0
[38.687s][info][gc,reloc    ] GC(37) Forwarding Usage: 3M
[38.687s][info][gc,heap     ] GC(37) Min Capacity: 8M(0%)
[38.687s][info][gc,heap     ] GC(37) Max Capacity: 4096M(100%)
[38.687s][info][gc,heap     ] GC(37) Soft Max Capacity: 4096M(100%)
[38.687s][info][gc,heap     ] GC(37)                Mark Start          Mark End        Relocate Start      Relocate End           High               Low         
[38.687s][info][gc,heap     ] GC(37)  Capacity:     3636M (89%)        3636M (89%)        3636M (89%)        3636M (89%)        3636M (89%)        3636M (89%)    
[38.687s][info][gc,heap     ] GC(37)      Free:     1284M (31%)        1118M (27%)        3766M (92%)        3778M (92%)        3810M (93%)        1104M (27%)    
[38.687s][info][gc,heap     ] GC(37)      Used:     2812M (69%)        2978M (73%)         330M (8%)          318M (8%)         2992M (73%)         286M (7%)     
[38.687s][info][gc,heap     ] GC(37)      Live:         -                28M (1%)           28M (1%)           28M (1%)             -                  -          
[38.687s][info][gc,heap     ] GC(37) Allocated:         -               166M (4%)          206M (5%)          253M (6%)             -                  -          
[38.687s][info][gc,heap     ] GC(37)   Garbage:         -              2783M (68%)          95M (2%)           35M (1%)             -                  -          
[38.687s][info][gc,heap     ] GC(37) Reclaimed:         -                  -              2688M (66%)        2747M (67%)            -                  -          
[38.687s][info][gc          ] GC(37) Garbage Collection (Allocation Rate) 2812M(69%)->318M(8%)
[39.154s][info][gc,start    ] GC(38) Garbage Collection (Allocation Rate)
[39.154s][info][gc,task     ] GC(38) Using 6 workers
[39.155s][info][gc,phases   ] GC(38) Pause Mark Start 0.018ms
[39.186s][info][gc,phases   ] GC(38) Concurrent Mark 30.847ms
[39.186s][info][gc,phases   ] GC(38) Pause Mark End 0.016ms
[39.211s][info][gc,phases   ] GC(38) Concurrent Mark Free 0.001ms
[39.212s][info][gc,phases   ] GC(38) Concurrent Process Non-Strong References 0.893ms
[39.212s][info][gc,phases   ] GC(38) Concurrent Reset Relocation Set 0.004ms
[39.216s][info][gc,phases   ] GC(38) Concurrent Select Relocation Set 4.516ms
[39.217s][info][gc,phases   ] GC(38) Pause Relocate Start 0.006ms
[39.219s][info][gc,phases   ] GC(38) Concurrent Relocate 2.160ms
[39.219s][info][gc,load     ] GC(38) Load: 0.00/0.00/0.00
[39.219s][info][gc,mmu      ] GC(38) MMU: 2ms/98.3%, 5ms/99.3%, 10ms/99.6%, 20ms/99.7%, 50ms/99.9%, 100ms/99.9%
[39.219s][info][gc,marking  ] GC(38) Mark: 4 stripe(s), 2 proactive flush(es), 1 terminate flush(es), 0 completion(s), 0 continuation(s) 
[39.219s][info][gc,marking  ] GC(38) Mark Stack Usage: 32M
[39.219s][info][gc,nmethod  ] GC(38) NMethods: 1363 registered, 202 unregistered
[39.219s][info][gc,metaspace] GC(38) Metaspace: 8M used, 8M committed, 1088M reserved
[39.219s][info][gc,ref      ] GC(38) Soft: 174 encountered, 0 discovered, 0 enqueued
[39.219s][info][gc,ref      ] GC(38) Weak: 570 encountered, 120 discovered, 0 enqueued
[39.219s][info][gc,ref      ] GC(38) Final: 0 encountered, 0 discovered, 0 enqueued
[39.219s][info][gc,ref      ] GC(38) Phantom: 21 encountered, 11 discovered, 0 enqueued
[39.219s][info][gc,reloc    ] GC(38) Small Pages: 222 / 444M, Empty: 402M, Relocated: 1M, In-Place: 0
[39.219s][info][gc,reloc    ] GC(38) Medium Pages: 2 / 64M, Empty: 32M, Relocated: 0M, In-Place: 0
[39.219s][info][gc,reloc    ] GC(38) Large Pages: 0 / 0M, Empty: 0M, Relocated: 0M, In-Place: 0
[39.219s][info][gc,reloc    ] GC(38) Forwarding Usage: 0M
[39.219s][info][gc,heap     ] GC(38) Min Capacity: 8M(0%)
[39.219s][info][gc,heap     ] GC(38) Max Capacity: 4096M(100%)
[39.219s][info][gc,heap     ] GC(38) Soft Max Capacity: 4096M(100%)
[39.219s][info][gc,heap     ] GC(38)                Mark Start          Mark End        Relocate Start      Relocate End           High               Low         
[39.219s][info][gc,heap     ] GC(38)  Capacity:     3636M (89%)        3636M (89%)        3636M (89%)        3636M (89%)        3636M (89%)        3636M (89%)    
[39.219s][info][gc,heap     ] GC(38)      Free:     3588M (88%)        3582M (87%)        4016M (98%)        4016M (98%)        4016M (98%)        3582M (87%)    
[39.219s][info][gc,heap     ] GC(38)      Used:      508M (12%)         514M (13%)          80M (2%)           80M (2%)          514M (13%)          80M (2%)     
[39.220s][info][gc,heap     ] GC(38)      Live:         -                30M (1%)           30M (1%)           30M (1%)             -                  -          
[39.220s][info][gc,heap     ] GC(38) Allocated:         -                 6M (0%)            6M (0%)            6M (0%)             -                  -          
[39.220s][info][gc,heap     ] GC(38)   Garbage:         -               477M (12%)          43M (1%)           43M (1%)             -                  -          
[39.220s][info][gc,heap     ] GC(38) Reclaimed:         -                  -               434M (11%)         434M (11%)            -                  -          
[39.220s][info][gc          ] GC(38) Garbage Collection (Allocation Rate) 508M(12%)->80M(2%)
[39.220s][info][gc,start    ] GC(39) Garbage Collection (System.gc())
[39.220s][info][gc,task     ] GC(39) Using 12 workers
[39.220s][info][gc,phases   ] GC(39) Pause Mark Start 0.009ms
[39.232s][info][gc,phases   ] GC(39) Concurrent Mark 12.550ms
[39.233s][info][gc,phases   ] GC(39) Pause Mark End 0.015ms
[39.233s][info][gc,phases   ] GC(39) Concurrent Mark Free 0.001ms
[39.233s][info][gc,phases   ] GC(39) Concurrent Process Non-Strong References 0.600ms
[39.233s][info][gc,phases   ] GC(39) Concurrent Reset Relocation Set 0.001ms
[39.237s][info][gc,phases   ] GC(39) Concurrent Select Relocation Set 3.629ms
[39.237s][info][gc,phases   ] GC(39) Pause Relocate Start 0.005ms
[39.240s][info][gc,phases   ] GC(39) Concurrent Relocate 3.387ms
[39.241s][info][gc,load     ] GC(39) Load: 0.00/0.00/0.00
[39.241s][info][gc,mmu      ] GC(39) MMU: 2ms/98.3%, 5ms/99.3%, 10ms/99.6%, 20ms/99.7%, 50ms/99.9%, 100ms/99.9%
[39.241s][info][gc,marking  ] GC(39) Mark: 8 stripe(s), 1 proactive flush(es), 1 terminate flush(es), 0 completion(s), 0 continuation(s) 
[39.241s][info][gc,marking  ] GC(39) Mark Stack Usage: 32M
[39.241s][info][gc,nmethod  ] GC(39) NMethods: 1363 registered, 202 unregistered
[39.241s][info][gc,metaspace] GC(39) Metaspace: 8M used, 8M committed, 1088M reserved
[39.241s][info][gc,ref      ] GC(39) Soft: 174 encountered, 0 discovered, 0 enqueued
[39.241s][info][gc,ref      ] GC(39) Weak: 570 encountered, 213 discovered, 0 enqueued
[39.241s][info][gc,ref      ] GC(39) Final: 0 encountered, 0 discovered, 0 enqueued
[39.241s][info][gc,ref      ] GC(39) Phantom: 21 encountered, 20 discovered, 0 enqueued
[39.241s][info][gc,reloc    ] GC(39) Small Pages: 24 / 48M, Empty: 38M, Relocated: 1M, In-Place: 0
[39.241s][info][gc,reloc    ] GC(39) Medium Pages: 1 / 32M, Empty: 32M, Relocated: 0M, In-Place: 0
[39.241s][info][gc,reloc    ] GC(39) Large Pages: 0 / 0M, Empty: 0M, Relocated: 0M, In-Place: 0
[39.241s][info][gc,reloc    ] GC(39) Forwarding Usage: 0M
[39.241s][info][gc,heap     ] GC(39) Min Capacity: 8M(0%)
[39.241s][info][gc,heap     ] GC(39) Max Capacity: 4096M(100%)
[39.241s][info][gc,heap     ] GC(39) Soft Max Capacity: 4096M(100%)
[39.241s][info][gc,heap     ] GC(39)                Mark Start          Mark End        Relocate Start      Relocate End           High               Low         
[39.241s][info][gc,heap     ] GC(39)  Capacity:     3636M (89%)        3636M (89%)        3636M (89%)        3636M (89%)        3636M (89%)        3636M (89%)    
[39.241s][info][gc,heap     ] GC(39)      Free:     4016M (98%)        4016M (98%)        4086M (100%)       4086M (100%)       4086M (100%)       4016M (98%)    
[39.241s][info][gc,heap     ] GC(39)      Used:       80M (2%)           80M (2%)           10M (0%)           10M (0%)           80M (2%)           10M (0%)     
[39.241s][info][gc,heap     ] GC(39)      Live:         -                 4M (0%)            4M (0%)            4M (0%)             -                  -          
[39.241s][info][gc,heap     ] GC(39) Allocated:         -                 0M (0%)            0M (0%)            0M (0%)             -                  -          
[39.241s][info][gc,heap     ] GC(39)   Garbage:         -                75M (2%)            5M (0%)            5M (0%)             -                  -          
[39.241s][info][gc,heap     ] GC(39) Reclaimed:         -                  -                70M (2%)           70M (2%)             -                  -          
[39.241s][info][gc          ] GC(39) Garbage Collection (System.gc()) 80M(2%)->10M(0%)
[40.145s][info][gc,stats    ] === Garbage Collection Statistics =======================================================================================================================
[40.145s][info][gc,stats    ]                                                              Last 10s              Last 10m              Last 10h                Total
[40.145s][info][gc,stats    ]                                                              Avg / Max             Avg / Max             Avg / Max             Avg / Max
[40.146s][info][gc,stats    ]   Collector: Garbage Collection Cycle                     63.658 / 132.618      53.011 / 132.618      53.011 / 132.618      53.011 / 132.618     ms
[40.146s][info][gc,stats    ]  Contention: Mark Segment Reset Contention                     0 / 2                 0 / 4                 0 / 4                 0 / 4           ops/s
[40.146s][info][gc,stats    ]  Contention: Mark SeqNum Reset Contention                      0 / 0                 0 / 1                 0 / 1                 0 / 1           ops/s
[40.146s][info][gc,stats    ]    Critical: Allocation Stall                                  0 / 0                 0 / 0                 0 / 0                 0 / 0           ops/s
[40.146s][info][gc,stats    ]    Critical: Allocation Stall                              0.000 / 0.000         0.000 / 0.000         0.000 / 0.000         0.000 / 0.000       ms
[40.146s][info][gc,stats    ]    Critical: GC Locker Stall                                   0 / 0                 0 / 0                 0 / 0                 0 / 0           ops/s
[40.146s][info][gc,stats    ]    Critical: GC Locker Stall                               0.000 / 0.000         0.000 / 0.000         0.000 / 0.000         0.000 / 0.000       ms
[40.146s][info][gc,stats    ]    Critical: Relocation Stall                                  0 / 0                 0 / 0                 0 / 0                 0 / 0           ops/s
[40.146s][info][gc,stats    ]    Critical: Relocation Stall                              0.000 / 0.000         0.000 / 0.000         0.000 / 0.000         0.000 / 0.000       ms
[40.146s][info][gc,stats    ]      Memory: Allocation Rate                                2113 / 2528           2044 / 2602           2044 / 2602           2044 / 2602        MB/s
[40.146s][info][gc,stats    ]      Memory: Defragment                                        0 / 0                 1 / 32                1 / 32                1 / 32          ops/s
[40.146s][info][gc,stats    ]      Memory: Out Of Memory                                     0 / 0                 0 / 0                 0 / 0                 0 / 0           ops/s
[40.146s][info][gc,stats    ]      Memory: Page Cache Flush                                  0 / 0                 2 / 64                2 / 64                2 / 64          MB/s
[40.146s][info][gc,stats    ]      Memory: Page Cache Hit L1                              1047 / 1261            971 / 1286            971 / 1286            971 / 1286        ops/s
[40.146s][info][gc,stats    ]      Memory: Page Cache Hit L2                                 0 / 0                 0 / 0                 0 / 0                 0 / 0           ops/s
[40.146s][info][gc,stats    ]      Memory: Page Cache Hit L3                                 0 / 0                26 / 432              26 / 432              26 / 432         ops/s
[40.146s][info][gc,stats    ]      Memory: Page Cache Miss                                   0 / 1                16 / 264              16 / 264              16 / 264         ops/s
[40.146s][info][gc,stats    ]      Memory: Uncommit                                          0 / 0                 0 / 0                 0 / 0                 0 / 0           MB/s
[40.146s][info][gc,stats    ]      Memory: Undo Object Allocation Failed                     0 / 0                 0 / 0                 0 / 0                 0 / 0           ops/s
[40.146s][info][gc,stats    ]      Memory: Undo Object Allocation Succeeded                  0 / 1                 5 / 204               5 / 204               5 / 204         ops/s
[40.146s][info][gc,stats    ]      Memory: Undo Page Allocation                              0 / 0                 0 / 0                 0 / 0                 0 / 0           ops/s
[40.146s][info][gc,stats    ]       Phase: Concurrent Mark                              41.918 / 98.630       36.203 / 98.630       36.203 / 98.630       36.203 / 98.630      ms
[40.146s][info][gc,stats    ]       Phase: Concurrent Mark Continue                      0.000 / 0.000         0.000 / 0.000         0.000 / 0.000         0.000 / 0.000       ms
[40.146s][info][gc,stats    ]       Phase: Concurrent Mark Free                          0.001 / 0.002         0.001 / 0.002         0.001 / 0.002         0.001 / 0.002       ms
[40.146s][info][gc,stats    ]       Phase: Concurrent Process Non-Strong References      2.276 / 5.216         1.809 / 5.436         1.809 / 5.436         1.809 / 5.436       ms
[40.146s][info][gc,stats    ]       Phase: Concurrent Relocate                           8.268 / 18.496        6.911 / 22.608        6.911 / 22.608        6.911 / 22.608      ms
[40.146s][info][gc,stats    ]       Phase: Concurrent Reset Relocation Set               0.003 / 0.005         0.003 / 0.006         0.003 / 0.006         0.003 / 0.006       ms
[40.146s][info][gc,stats    ]       Phase: Concurrent Select Relocation Set              5.381 / 9.329         5.757 / 14.862        5.757 / 14.862        5.757 / 14.862      ms
[40.146s][info][gc,stats    ]       Phase: Pause Mark End                                0.019 / 0.025         0.021 / 0.034         0.021 / 0.034         0.021 / 0.034       ms
[40.147s][info][gc,stats    ]       Phase: Pause Mark Start                              0.016 / 0.020         0.018 / 0.034         0.018 / 0.034         0.018 / 0.034       ms
[40.147s][info][gc,stats    ]       Phase: Pause Relocate Start                          0.007 / 0.011         0.008 / 0.012         0.008 / 0.012         0.008 / 0.012       ms
[40.147s][info][gc,stats    ]    Subphase: Concurrent Classes Purge                      0.005 / 0.018         0.037 / 0.431         0.037 / 0.431         0.037 / 0.431       ms
[40.147s][info][gc,stats    ]    Subphase: Concurrent Classes Unlink                     1.721 / 3.920         1.298 / 3.921         1.298 / 3.921         1.298 / 3.921       ms
[40.147s][info][gc,stats    ]    Subphase: Concurrent Mark                              17.836 / 96.984       19.021 / 96.984       19.021 / 96.984       19.021 / 96.984      ms
[40.147s][info][gc,stats    ]    Subphase: Concurrent Mark Try Flush                     0.031 / 0.065         0.035 / 0.168         0.035 / 0.168         0.035 / 0.168       ms
[40.147s][info][gc,stats    ]    Subphase: Concurrent Mark Try Terminate                 4.756 / 16.056        6.186 / 16.239        6.186 / 16.239        6.186 / 16.239      ms
[40.147s][info][gc,stats    ]    Subphase: Concurrent References Enqueue                 0.000 / 0.001         0.001 / 0.004         0.001 / 0.004         0.001 / 0.004       ms
[40.147s][info][gc,stats    ]    Subphase: Concurrent References Process                 0.053 / 0.101         0.051 / 0.102         0.051 / 0.102         0.051 / 0.102       ms
[40.147s][info][gc,stats    ]    Subphase: Concurrent Roots ClassLoaderDataGraph         0.066 / 0.368         0.065 / 0.519         0.065 / 0.519         0.065 / 0.519       ms
[40.147s][info][gc,stats    ]    Subphase: Concurrent Roots CodeCache                    0.000 / 0.000         0.000 / 0.000         0.000 / 0.000         0.000 / 0.000       ms
[40.147s][info][gc,stats    ]    Subphase: Concurrent Roots JavaThreads                  0.208 / 1.217         0.203 / 1.263         0.203 / 1.263         0.203 / 1.263       ms
[40.147s][info][gc,stats    ]    Subphase: Concurrent Roots OopStorageSet                0.013 / 0.056         0.018 / 0.195         0.018 / 0.195         0.018 / 0.195       ms
[40.147s][info][gc,stats    ]    Subphase: Concurrent Weak Roots OopStorageSet           0.131 / 1.190         0.128 / 1.358         0.128 / 1.358         0.128 / 1.358       ms
[40.147s][info][gc,stats    ]    Subphase: Pause Mark Try Complete                       0.000 / 0.000         0.000 / 0.000         0.000 / 0.000         0.000 / 0.000       ms
[40.147s][info][gc,stats    ]      System: Java Threads                                     11 / 11               13 / 24               13 / 24               13 / 24          threads
[40.147s][info][gc,stats    ] =========================================================================================================================================================
[40.543s][info][gc,start    ] GC(40) Garbage Collection (Allocation Rate)
[40.543s][info][gc,task     ] GC(40) Using 12 workers
[40.544s][info][gc,phases   ] GC(40) Pause Mark Start 0.018ms
[40.559s][info][gc,phases   ] GC(40) Concurrent Mark 15.267ms
[40.559s][info][gc,phases   ] GC(40) Pause Mark End 0.021ms
[40.559s][info][gc,phases   ] GC(40) Concurrent Mark Free 0.001ms
[40.560s][info][gc,phases   ] GC(40) Concurrent Process Non-Strong References 0.573ms
[40.560s][info][gc,phases   ] GC(40) Concurrent Reset Relocation Set 0.002ms
[40.566s][info][gc,phases   ] GC(40) Concurrent Select Relocation Set 5.965ms
[40.566s][info][gc,phases   ] GC(40) Pause Relocate Start 0.008ms
[40.571s][info][gc,phases   ] GC(40) Concurrent Relocate 4.518ms
[40.571s][info][gc,load     ] GC(40) Load: 0.00/0.00/0.00
[40.571s][info][gc,mmu      ] GC(40) MMU: 2ms/98.3%, 5ms/99.3%, 10ms/99.6%, 20ms/99.7%, 50ms/99.9%, 100ms/99.9%
[40.571s][info][gc,marking  ] GC(40) Mark: 8 stripe(s), 3 proactive flush(es), 1 terminate flush(es), 0 completion(s), 0 continuation(s) 
[40.571s][info][gc,marking  ] GC(40) Mark Stack Usage: 32M
[40.571s][info][gc,nmethod  ] GC(40) NMethods: 1364 registered, 202 unregistered
[40.571s][info][gc,metaspace] GC(40) Metaspace: 8M used, 8M committed, 1088M reserved
[40.571s][info][gc,ref      ] GC(40) Soft: 174 encountered, 0 discovered, 0 enqueued
[40.571s][info][gc,ref      ] GC(40) Weak: 570 encountered, 227 discovered, 0 enqueued
[40.571s][info][gc,ref      ] GC(40) Final: 0 encountered, 0 discovered, 0 enqueued
[40.571s][info][gc,ref      ] GC(40) Phantom: 21 encountered, 16 discovered, 0 enqueued
[40.571s][info][gc,reloc    ] GC(40) Small Pages: 1621 / 3242M, Empty: 3198M, Relocated: 6M, In-Place: 0
[40.571s][info][gc,reloc    ] GC(40) Medium Pages: 1 / 32M, Empty: 0M, Relocated: 0M, In-Place: 0
[40.571s][info][gc,reloc    ] GC(40) Large Pages: 0 / 0M, Empty: 0M, Relocated: 0M, In-Place: 0
[40.571s][info][gc,reloc    ] GC(40) Forwarding Usage: 3M
[40.571s][info][gc,heap     ] GC(40) Min Capacity: 8M(0%)
[40.571s][info][gc,heap     ] GC(40) Max Capacity: 4096M(100%)
[40.571s][info][gc,heap     ] GC(40) Soft Max Capacity: 4096M(100%)
[40.571s][info][gc,heap     ] GC(40)                Mark Start          Mark End        Relocate Start      Relocate End           High               Low         
[40.571s][info][gc,heap     ] GC(40)  Capacity:     3636M (89%)        3636M (89%)        3636M (89%)        3636M (89%)        3636M (89%)        3636M (89%)    
[40.571s][info][gc,heap     ] GC(40)      Free:      822M (20%)         802M (20%)        3988M (97%)        3988M (97%)        3994M (98%)         802M (20%)    
[40.571s][info][gc,heap     ] GC(40)      Used:     3274M (80%)        3294M (80%)         108M (3%)          108M (3%)         3294M (80%)         102M (2%)     
[40.571s][info][gc,heap     ] GC(40)      Live:         -                13M (0%)           13M (0%)           13M (0%)             -                  -          
[40.571s][info][gc,heap     ] GC(40) Allocated:         -                20M (0%)           32M (1%)           43M (1%)             -                  -          
[40.571s][info][gc,heap     ] GC(40)   Garbage:         -              3260M (80%)          62M (2%)           50M (1%)             -                  -          
[40.572s][info][gc,heap     ] GC(40) Reclaimed:         -                  -              3198M (78%)        3209M (78%)            -                  -          
[40.572s][info][gc          ] GC(40) Garbage Collection (Allocation Rate) 3274M(80%)->108M(3%)
[41.744s][info][gc,start    ] GC(41) Garbage Collection (Allocation Rate)
[41.744s][info][gc,task     ] GC(41) Using 1 workers
[41.745s][info][gc,phases   ] GC(41) Pause Mark Start 0.018ms
[41.816s][info][gc,phases   ] GC(41) Concurrent Mark 71.233ms
[41.816s][info][gc,phases   ] GC(41) Pause Mark End 0.021ms
[41.816s][info][gc,phases   ] GC(41) Concurrent Mark Free 0.001ms
[41.821s][info][gc,phases   ] GC(41) Concurrent Process Non-Strong References 5.166ms
[41.821s][info][gc,phases   ] GC(41) Concurrent Reset Relocation Set 0.004ms
[41.831s][info][gc,phases   ] GC(41) Concurrent Select Relocation Set 9.706ms
[41.831s][info][gc,phases   ] GC(41) Pause Relocate Start 0.007ms
[41.854s][info][gc,phases   ] GC(41) Concurrent Relocate 22.188ms
[41.854s][info][gc,load     ] GC(41) Load: 0.00/0.00/0.00
[41.854s][info][gc,mmu      ] GC(41) MMU: 2ms/98.3%, 5ms/99.3%, 10ms/99.6%, 20ms/99.7%, 50ms/99.9%, 100ms/99.9%
[41.854s][info][gc,marking  ] GC(41) Mark: 1 stripe(s), 2 proactive flush(es), 1 terminate flush(es), 0 completion(s), 0 continuation(s) 
[41.854s][info][gc,marking  ] GC(41) Mark Stack Usage: 32M
[41.854s][info][gc,nmethod  ] GC(41) NMethods: 1364 registered, 202 unregistered
[41.854s][info][gc,metaspace] GC(41) Metaspace: 8M used, 8M committed, 1088M reserved
[41.854s][info][gc,ref      ] GC(41) Soft: 174 encountered, 0 discovered, 0 enqueued
[41.854s][info][gc,ref      ] GC(41) Weak: 570 encountered, 424 discovered, 0 enqueued
[41.854s][info][gc,ref      ] GC(41) Final: 0 encountered, 0 discovered, 0 enqueued
[41.854s][info][gc,ref      ] GC(41) Phantom: 21 encountered, 19 discovered, 0 enqueued
[41.854s][info][gc,reloc    ] GC(41) Small Pages: 1465 / 2930M, Empty: 2880M, Relocated: 8M, In-Place: 0
[41.854s][info][gc,reloc    ] GC(41) Medium Pages: 2 / 64M, Empty: 0M, Relocated: 1M, In-Place: 0
[41.854s][info][gc,reloc    ] GC(41) Large Pages: 0 / 0M, Empty: 0M, Relocated: 0M, In-Place: 0
[41.854s][info][gc,reloc    ] GC(41) Forwarding Usage: 3M
[41.854s][info][gc,heap     ] GC(41) Min Capacity: 8M(0%)
[41.854s][info][gc,heap     ] GC(41) Max Capacity: 4096M(100%)
[41.854s][info][gc,heap     ] GC(41) Soft Max Capacity: 4096M(100%)
[41.854s][info][gc,heap     ] GC(41)                Mark Start          Mark End        Relocate Start      Relocate End           High               Low         
[41.854s][info][gc,heap     ] GC(41)  Capacity:     3636M (89%)        3636M (89%)        3636M (89%)        3636M (89%)        3636M (89%)        3636M (89%)    
[41.854s][info][gc,heap     ] GC(41)      Free:     1102M (27%)         936M (23%)        3786M (92%)        3806M (93%)        3828M (93%)         928M (23%)    
[41.854s][info][gc,heap     ] GC(41)      Used:     2994M (73%)        3160M (77%)         310M (8%)          290M (7%)         3168M (77%)         268M (7%)     
[41.854s][info][gc,heap     ] GC(41)      Live:         -                22M (1%)           22M (1%)           22M (1%)             -                  -          
[41.854s][info][gc,heap     ] GC(41) Allocated:         -               166M (4%)          196M (5%)          231M (6%)             -                  -          
[41.854s][info][gc,heap     ] GC(41)   Garbage:         -              2971M (73%)          91M (2%)           35M (1%)             -                  -          
[41.854s][info][gc,heap     ] GC(41) Reclaimed:         -                  -              2880M (70%)        2935M (72%)            -                  -          
[41.854s][info][gc          ] GC(41) Garbage Collection (Allocation Rate) 2994M(73%)->290M(7%)
[43.055s][info][gc,start    ] GC(42) Garbage Collection (Allocation Rate)
[43.055s][info][gc,task     ] GC(42) Using 1 workers
[43.055s][info][gc,phases   ] GC(42) Pause Mark Start 0.019ms
[43.129s][info][gc,phases   ] GC(42) Concurrent Mark 73.843ms
[43.129s][info][gc,phases   ] GC(42) Pause Mark End 0.023ms
[43.129s][info][gc,phases   ] GC(42) Concurrent Mark Free 0.001ms
[43.133s][info][gc,phases   ] GC(42) Concurrent Process Non-Strong References 3.439ms
[43.133s][info][gc,phases   ] GC(42) Concurrent Reset Relocation Set 0.005ms
[43.138s][info][gc,phases   ] GC(42) Concurrent Select Relocation Set 5.128ms
[43.138s][info][gc,phases   ] GC(42) Pause Relocate Start 0.007ms
[43.143s][info][gc,phases   ] GC(42) Concurrent Relocate 4.452ms
[43.143s][info][gc,load     ] GC(42) Load: 0.00/0.00/0.00
[43.143s][info][gc,mmu      ] GC(42) MMU: 2ms/98.3%, 5ms/99.3%, 10ms/99.6%, 20ms/99.7%, 50ms/99.9%, 100ms/99.9%
[43.143s][info][gc,marking  ] GC(42) Mark: 1 stripe(s), 2 proactive flush(es), 1 terminate flush(es), 0 completion(s), 0 continuation(s) 
[43.143s][info][gc,marking  ] GC(42) Mark Stack Usage: 32M
[43.143s][info][gc,nmethod  ] GC(42) NMethods: 1364 registered, 202 unregistered
[43.143s][info][gc,metaspace] GC(42) Metaspace: 8M used, 8M committed, 1088M reserved
[43.143s][info][gc,ref      ] GC(42) Soft: 174 encountered, 0 discovered, 0 enqueued
[43.143s][info][gc,ref      ] GC(42) Weak: 570 encountered, 424 discovered, 0 enqueued
[43.143s][info][gc,ref      ] GC(42) Final: 0 encountered, 0 discovered, 0 enqueued
[43.143s][info][gc,ref      ] GC(42) Phantom: 21 encountered, 19 discovered, 0 enqueued
[43.143s][info][gc,reloc    ] GC(42) Small Pages: 1271 / 2542M, Empty: 2500M, Relocated: 1M, In-Place: 0
[43.143s][info][gc,reloc    ] GC(42) Medium Pages: 2 / 64M, Empty: 32M, Relocated: 0M, In-Place: 0
[43.143s][info][gc,reloc    ] GC(42) Large Pages: 0 / 0M, Empty: 0M, Relocated: 0M, In-Place: 0
[43.143s][info][gc,reloc    ] GC(42) Forwarding Usage: 0M
[43.143s][info][gc,heap     ] GC(42) Min Capacity: 8M(0%)
[43.143s][info][gc,heap     ] GC(42) Max Capacity: 4096M(100%)
[43.143s][info][gc,heap     ] GC(42) Soft Max Capacity: 4096M(100%)
[43.143s][info][gc,heap     ] GC(42)                Mark Start          Mark End        Relocate Start      Relocate End           High               Low         
[43.143s][info][gc,heap     ] GC(42)  Capacity:     3636M (89%)        3636M (89%)        3636M (89%)        3636M (89%)        3636M (89%)        3636M (89%)    
[43.143s][info][gc,heap     ] GC(42)      Free:     1490M (36%)        1490M (36%)        3990M (97%)        3996M (98%)        4022M (98%)        1490M (36%)    
[43.143s][info][gc,heap     ] GC(42)      Used:     2606M (64%)        2606M (64%)         106M (3%)          100M (2%)         2606M (64%)          74M (2%)     
[43.143s][info][gc,heap     ] GC(42)      Live:         -                30M (1%)           30M (1%)           30M (1%)             -                  -          
[43.143s][info][gc,heap     ] GC(42) Allocated:         -                 0M (0%)           32M (1%)           32M (1%)             -                  -          
[43.143s][info][gc,heap     ] GC(42)   Garbage:         -              2575M (63%)          43M (1%)           37M (1%)             -                  -          
[43.143s][info][gc,heap     ] GC(42) Reclaimed:         -                  -              2532M (62%)        2538M (62%)            -                  -          
[43.143s][info][gc          ] GC(42) Garbage Collection (Allocation Rate) 2606M(64%)->100M(2%)
[43.242s][info][gc,start    ] GC(43) Garbage Collection (Allocation Rate)
[43.242s][info][gc,task     ] GC(43) Using 6 workers
[43.242s][info][gc,phases   ] GC(43) Pause Mark Start 0.019ms
[43.289s][info][gc,phases   ] GC(43) Concurrent Mark 46.571ms
[43.289s][info][gc,phases   ] GC(43) Pause Mark End 0.017ms
[43.289s][info][gc,phases   ] GC(43) Concurrent Mark Free 0.001ms
[43.290s][info][gc,phases   ] GC(43) Concurrent Process Non-Strong References 0.911ms
[43.290s][info][gc,phases   ] GC(43) Concurrent Reset Relocation Set 0.001ms
[43.294s][info][gc,phases   ] GC(43) Concurrent Select Relocation Set 3.742ms
[43.294s][info][gc,phases   ] GC(43) Pause Relocate Start 0.004ms
[43.294s][info][gc,phases   ] GC(43) Concurrent Relocate 0.024ms
[43.294s][info][gc,load     ] GC(43) Load: 0.00/0.00/0.00
[43.294s][info][gc,mmu      ] GC(43) MMU: 2ms/98.3%, 5ms/99.3%, 10ms/99.6%, 20ms/99.7%, 50ms/99.9%, 100ms/99.9%
[43.294s][info][gc,marking  ] GC(43) Mark: 4 stripe(s), 2 proactive flush(es), 1 terminate flush(es), 0 completion(s), 0 continuation(s) 
[43.294s][info][gc,marking  ] GC(43) Mark Stack Usage: 32M
[43.294s][info][gc,nmethod  ] GC(43) NMethods: 1364 registered, 202 unregistered
[43.294s][info][gc,metaspace] GC(43) Metaspace: 8M used, 8M committed, 1088M reserved
[43.294s][info][gc,ref      ] GC(43) Soft: 174 encountered, 0 discovered, 0 enqueued
[43.294s][info][gc,ref      ] GC(43) Weak: 570 encountered, 69 discovered, 0 enqueued
[43.294s][info][gc,ref      ] GC(43) Final: 0 encountered, 0 discovered, 0 enqueued
[43.294s][info][gc,ref      ] GC(43) Phantom: 21 encountered, 11 discovered, 0 enqueued
[43.294s][info][gc,reloc    ] GC(43) Small Pages: 44 / 88M, Empty: 52M, Relocated: 0M, In-Place: 0
[43.295s][info][gc,reloc    ] GC(43) Medium Pages: 2 / 64M, Empty: 32M, Relocated: 0M, In-Place: 0
[43.295s][info][gc,reloc    ] GC(43) Large Pages: 0 / 0M, Empty: 0M, Relocated: 0M, In-Place: 0
[43.295s][info][gc,reloc    ] GC(43) Forwarding Usage: 0M
[43.295s][info][gc,heap     ] GC(43) Min Capacity: 8M(0%)
[43.295s][info][gc,heap     ] GC(43) Max Capacity: 4096M(100%)
[43.295s][info][gc,heap     ] GC(43) Soft Max Capacity: 4096M(100%)
[43.295s][info][gc,heap     ] GC(43)                Mark Start          Mark End        Relocate Start      Relocate End           High               Low         
[43.295s][info][gc,heap     ] GC(43)  Capacity:     3636M (89%)        3636M (89%)        3636M (89%)        3636M (89%)        3636M (89%)        3636M (89%)    
[43.295s][info][gc,heap     ] GC(43)      Free:     3944M (96%)        3942M (96%)        4026M (98%)        4026M (98%)        4026M (98%)        3942M (96%)    
[43.295s][info][gc,heap     ] GC(43)      Used:      152M (4%)          154M (4%)           70M (2%)           70M (2%)          154M (4%)           70M (2%)     
[43.295s][info][gc,heap     ] GC(43)      Live:         -                29M (1%)           29M (1%)           29M (1%)             -                  -          
[43.295s][info][gc,heap     ] GC(43) Allocated:         -                 2M (0%)            2M (0%)            2M (0%)             -                  -          
[43.295s][info][gc,heap     ] GC(43)   Garbage:         -               122M (3%)           38M (1%)           38M (1%)             -                  -          
[43.295s][info][gc,heap     ] GC(43) Reclaimed:         -                  -                84M (2%)           84M (2%)             -                  -          
[43.295s][info][gc          ] GC(43) Garbage Collection (Allocation Rate) 152M(4%)->70M(2%)
[43.295s][info][gc,start    ] GC(44) Garbage Collection (System.gc())
[43.295s][info][gc,task     ] GC(44) Using 12 workers
[43.295s][info][gc,phases   ] GC(44) Pause Mark Start 0.005ms
[43.305s][info][gc,phases   ] GC(44) Concurrent Mark 9.437ms
[43.305s][info][gc,phases   ] GC(44) Pause Mark End 0.013ms
[43.305s][info][gc,phases   ] GC(44) Concurrent Mark Free 0.001ms
[43.305s][info][gc,phases   ] GC(44) Concurrent Process Non-Strong References 0.491ms
[43.305s][info][gc,phases   ] GC(44) Concurrent Reset Relocation Set 0.000ms
[43.310s][info][gc,phases   ] GC(44) Concurrent Select Relocation Set 4.286ms
[43.310s][info][gc,phases   ] GC(44) Pause Relocate Start 0.005ms
[43.312s][info][gc,phases   ] GC(44) Concurrent Relocate 2.525ms
[43.312s][info][gc,load     ] GC(44) Load: 0.00/0.00/0.00
[43.312s][info][gc,mmu      ] GC(44) MMU: 2ms/98.3%, 5ms/99.3%, 10ms/99.6%, 20ms/99.7%, 50ms/99.9%, 100ms/99.9%
[43.312s][info][gc,marking  ] GC(44) Mark: 8 stripe(s), 1 proactive flush(es), 1 terminate flush(es), 0 completion(s), 0 continuation(s) 
[43.312s][info][gc,marking  ] GC(44) Mark Stack Usage: 32M
[43.313s][info][gc,nmethod  ] GC(44) NMethods: 1364 registered, 202 unregistered
[43.313s][info][gc,metaspace] GC(44) Metaspace: 8M used, 8M committed, 1088M reserved
[43.313s][info][gc,ref      ] GC(44) Soft: 174 encountered, 0 discovered, 0 enqueued
[43.313s][info][gc,ref      ] GC(44) Weak: 570 encountered, 52 discovered, 0 enqueued
[43.313s][info][gc,ref      ] GC(44) Final: 0 encountered, 0 discovered, 0 enqueued
[43.313s][info][gc,ref      ] GC(44) Phantom: 21 encountered, 18 discovered, 0 enqueued
[43.313s][info][gc,reloc    ] GC(44) Small Pages: 19 / 38M, Empty: 28M, Relocated: 1M, In-Place: 0
[43.313s][info][gc,reloc    ] GC(44) Medium Pages: 1 / 32M, Empty: 32M, Relocated: 0M, In-Place: 0
[43.313s][info][gc,reloc    ] GC(44) Large Pages: 0 / 0M, Empty: 0M, Relocated: 0M, In-Place: 0
[43.313s][info][gc,reloc    ] GC(44) Forwarding Usage: 0M
[43.313s][info][gc,heap     ] GC(44) Min Capacity: 8M(0%)
[43.313s][info][gc,heap     ] GC(44) Max Capacity: 4096M(100%)
[43.313s][info][gc,heap     ] GC(44) Soft Max Capacity: 4096M(100%)
[43.313s][info][gc,heap     ] GC(44)                Mark Start          Mark End        Relocate Start      Relocate End           High               Low         
[43.313s][info][gc,heap     ] GC(44)  Capacity:     3636M (89%)        3636M (89%)        3636M (89%)        3636M (89%)        3636M (89%)        3636M (89%)    
[43.313s][info][gc,heap     ] GC(44)      Free:     4026M (98%)        4026M (98%)        4086M (100%)       4086M (100%)       4086M (100%)       4026M (98%)    
[43.313s][info][gc,heap     ] GC(44)      Used:       70M (2%)           70M (2%)           10M (0%)           10M (0%)           70M (2%)           10M (0%)     
[43.313s][info][gc,heap     ] GC(44)      Live:         -                 4M (0%)            4M (0%)            4M (0%)             -                  -          
[43.313s][info][gc,heap     ] GC(44) Allocated:         -                 0M (0%)            0M (0%)            0M (0%)             -                  -          
[43.313s][info][gc,heap     ] GC(44)   Garbage:         -                65M (2%)            5M (0%)            5M (0%)             -                  -          
[43.313s][info][gc,heap     ] GC(44) Reclaimed:         -                  -                60M (1%)           60M (1%)             -                  -          
[43.313s][info][gc          ] GC(44) Garbage Collection (System.gc()) 70M(2%)->10M(0%)
[44.747s][info][gc,start    ] GC(45) Garbage Collection (Allocation Rate)
[44.747s][info][gc,task     ] GC(45) Using 12 workers
[44.747s][info][gc,phases   ] GC(45) Pause Mark Start 0.019ms
[44.762s][info][gc,phases   ] GC(45) Concurrent Mark 15.205ms
[44.763s][info][gc,phases   ] GC(45) Pause Mark End 0.023ms
[44.763s][info][gc,phases   ] GC(45) Concurrent Mark Free 0.001ms
[44.763s][info][gc,phases   ] GC(45) Concurrent Process Non-Strong References 0.598ms
[44.763s][info][gc,phases   ] GC(45) Concurrent Reset Relocation Set 0.001ms
[44.769s][info][gc,phases   ] GC(45) Concurrent Select Relocation Set 5.278ms
[44.769s][info][gc,phases   ] GC(45) Pause Relocate Start 0.006ms
[44.773s][info][gc,phases   ] GC(45) Concurrent Relocate 4.095ms
[44.773s][info][gc,load     ] GC(45) Load: 0.00/0.00/0.00
[44.773s][info][gc,mmu      ] GC(45) MMU: 2ms/98.3%, 5ms/99.3%, 10ms/99.6%, 20ms/99.7%, 50ms/99.9%, 100ms/99.9%
[44.773s][info][gc,marking  ] GC(45) Mark: 8 stripe(s), 2 proactive flush(es), 1 terminate flush(es), 0 completion(s), 0 continuation(s) 
[44.773s][info][gc,marking  ] GC(45) Mark Stack Usage: 32M
[44.773s][info][gc,nmethod  ] GC(45) NMethods: 1367 registered, 202 unregistered
[44.773s][info][gc,metaspace] GC(45) Metaspace: 8M used, 8M committed, 1088M reserved
[44.773s][info][gc,ref      ] GC(45) Soft: 174 encountered, 0 discovered, 0 enqueued
[44.773s][info][gc,ref      ] GC(45) Weak: 570 encountered, 208 discovered, 0 enqueued
[44.773s][info][gc,ref      ] GC(45) Final: 0 encountered, 0 discovered, 0 enqueued
[44.773s][info][gc,ref      ] GC(45) Phantom: 21 encountered, 14 discovered, 0 enqueued
[44.773s][info][gc,reloc    ] GC(45) Small Pages: 1744 / 3488M, Empty: 3452M, Relocated: 4M, In-Place: 0
[44.773s][info][gc,reloc    ] GC(45) Medium Pages: 1 / 32M, Empty: 0M, Relocated: 0M, In-Place: 0
[44.773s][info][gc,reloc    ] GC(45) Large Pages: 0 / 0M, Empty: 0M, Relocated: 0M, In-Place: 0
[44.773s][info][gc,reloc    ] GC(45) Forwarding Usage: 2M
[44.773s][info][gc,heap     ] GC(45) Min Capacity: 8M(0%)
[44.773s][info][gc,heap     ] GC(45) Max Capacity: 4096M(100%)
[44.773s][info][gc,heap     ] GC(45) Soft Max Capacity: 4096M(100%)
[44.773s][info][gc,heap     ] GC(45)                Mark Start          Mark End        Relocate Start      Relocate End           High               Low         
[44.774s][info][gc,heap     ] GC(45)  Capacity:     3636M (89%)        3636M (89%)        3636M (89%)        3636M (89%)        3636M (89%)        3636M (89%)    
[44.774s][info][gc,heap     ] GC(45)      Free:      576M (14%)         568M (14%)        4016M (98%)        4010M (98%)        4018M (98%)         568M (14%)    
[44.774s][info][gc,heap     ] GC(45)      Used:     3520M (86%)        3528M (86%)          80M (2%)           86M (2%)         3528M (86%)          78M (2%)     
[44.774s][info][gc,heap     ] GC(45)      Live:         -                14M (0%)           14M (0%)           14M (0%)             -                  -          
[44.774s][info][gc,heap     ] GC(45) Allocated:         -                 8M (0%)           12M (0%)           17M (0%)             -                  -          
[44.774s][info][gc,heap     ] GC(45)   Garbage:         -              3505M (86%)          53M (1%)           53M (1%)             -                  -          
[44.774s][info][gc,heap     ] GC(45) Reclaimed:         -                  -              3452M (84%)        3451M (84%)            -                  -          
[44.774s][info][gc          ] GC(45) Garbage Collection (Allocation Rate) 3520M(86%)->86M(2%)
[45.854s][info][gc,start    ] GC(46) Garbage Collection (Allocation Rate)
[45.854s][info][gc,task     ] GC(46) Using 1 workers
[45.854s][info][gc,phases   ] GC(46) Pause Mark Start 0.018ms
[45.928s][info][gc,phases   ] GC(46) Concurrent Mark 73.583ms
[45.928s][info][gc,phases   ] GC(46) Pause Mark End 0.020ms
[45.928s][info][gc,phases   ] GC(46) Concurrent Mark Free 0.001ms
[45.933s][info][gc,phases   ] GC(46) Concurrent Process Non-Strong References 5.215ms
[45.933s][info][gc,phases   ] GC(46) Concurrent Reset Relocation Set 0.002ms
[45.942s][info][gc,phases   ] GC(46) Concurrent Select Relocation Set 8.902ms
[45.943s][info][gc,phases   ] GC(46) Pause Relocate Start 0.008ms
[45.961s][info][gc,phases   ] GC(46) Concurrent Relocate 18.499ms
[45.961s][info][gc,load     ] GC(46) Load: 0.00/0.00/0.00
[45.961s][info][gc,mmu      ] GC(46) MMU: 2ms/98.3%, 5ms/99.3%, 10ms/99.6%, 20ms/99.7%, 50ms/99.9%, 100ms/99.9%
[45.961s][info][gc,marking  ] GC(46) Mark: 1 stripe(s), 2 proactive flush(es), 1 terminate flush(es), 0 completion(s), 0 continuation(s) 
[45.961s][info][gc,marking  ] GC(46) Mark Stack Usage: 32M
[45.961s][info][gc,nmethod  ] GC(46) NMethods: 1367 registered, 202 unregistered
[45.961s][info][gc,metaspace] GC(46) Metaspace: 8M used, 8M committed, 1088M reserved
[45.961s][info][gc,ref      ] GC(46) Soft: 174 encountered, 0 discovered, 0 enqueued
[45.961s][info][gc,ref      ] GC(46) Weak: 570 encountered, 382 discovered, 0 enqueued
[45.961s][info][gc,ref      ] GC(46) Final: 0 encountered, 0 discovered, 0 enqueued
[45.961s][info][gc,ref      ] GC(46) Phantom: 21 encountered, 10 discovered, 0 enqueued
[45.961s][info][gc,reloc    ] GC(46) Small Pages: 1358 / 2716M, Empty: 2664M, Relocated: 6M, In-Place: 0
[45.961s][info][gc,reloc    ] GC(46) Medium Pages: 2 / 64M, Empty: 0M, Relocated: 1M, In-Place: 0
[45.962s][info][gc,reloc    ] GC(46) Large Pages: 0 / 0M, Empty: 0M, Relocated: 0M, In-Place: 0
[45.962s][info][gc,reloc    ] GC(46) Forwarding Usage: 3M
[45.962s][info][gc,heap     ] GC(46) Min Capacity: 8M(0%)
[45.962s][info][gc,heap     ] GC(46) Max Capacity: 4096M(100%)
[45.962s][info][gc,heap     ] GC(46) Soft Max Capacity: 4096M(100%)
[45.962s][info][gc,heap     ] GC(46)                Mark Start          Mark End        Relocate Start      Relocate End           High               Low         
[45.962s][info][gc,heap     ] GC(46)  Capacity:     3636M (89%)        3636M (89%)        3636M (89%)        3636M (89%)        3636M (89%)        3636M (89%)    
[45.962s][info][gc,heap     ] GC(46)      Free:     1316M (32%)        1206M (29%)        3848M (94%)        3890M (95%)        3896M (95%)        1198M (29%)    
[45.962s][info][gc,heap     ] GC(46)      Used:     2780M (68%)        2890M (71%)         248M (6%)          206M (5%)         2898M (71%)         200M (5%)     
[45.962s][info][gc,heap     ] GC(46)      Live:         -                22M (1%)           22M (1%)           22M (1%)             -                  -          
[45.962s][info][gc,heap     ] GC(46) Allocated:         -               110M (3%)          132M (3%)          147M (4%)             -                  -          
[45.962s][info][gc,heap     ] GC(46)   Garbage:         -              2757M (67%)          93M (2%)           35M (1%)             -                  -          
[45.962s][info][gc,heap     ] GC(46) Reclaimed:         -                  -              2664M (65%)        2721M (66%)            -                  -          
[45.962s][info][gc          ] GC(46) Garbage Collection (Allocation Rate) 2780M(68%)->206M(5%)
[47.242s][info][gc,start    ] GC(47) Garbage Collection (Allocation Rate)
[47.243s][info][gc,task     ] GC(47) Using 1 workers
[47.243s][info][gc,phases   ] GC(47) Pause Mark Start 0.019ms
[47.320s][info][gc,phases   ] GC(47) Concurrent Mark 77.512ms
[47.321s][info][gc,phases   ] GC(47) Pause Mark End 0.025ms
[47.321s][info][gc,phases   ] GC(47) Concurrent Mark Free 0.002ms
[47.326s][info][gc,phases   ] GC(47) Concurrent Process Non-Strong References 5.275ms
[47.326s][info][gc,phases   ] GC(47) Concurrent Reset Relocation Set 0.005ms
[47.330s][info][gc,phases   ] GC(47) Concurrent Select Relocation Set 4.209ms
[47.330s][info][gc,phases   ] GC(47) Pause Relocate Start 0.006ms
[47.335s][info][gc,phases   ] GC(47) Concurrent Relocate 4.848ms
[47.335s][info][gc,load     ] GC(47) Load: 0.00/0.00/0.00
[47.335s][info][gc,mmu      ] GC(47) MMU: 2ms/98.3%, 5ms/99.3%, 10ms/99.6%, 20ms/99.7%, 50ms/99.9%, 100ms/99.9%
[47.335s][info][gc,marking  ] GC(47) Mark: 1 stripe(s), 2 proactive flush(es), 1 terminate flush(es), 0 completion(s), 0 continuation(s) 
[47.335s][info][gc,marking  ] GC(47) Mark Stack Usage: 32M
[47.336s][info][gc,nmethod  ] GC(47) NMethods: 1367 registered, 202 unregistered
[47.336s][info][gc,metaspace] GC(47) Metaspace: 8M used, 8M committed, 1088M reserved
[47.336s][info][gc,ref      ] GC(47) Soft: 174 encountered, 0 discovered, 0 enqueued
[47.336s][info][gc,ref      ] GC(47) Weak: 570 encountered, 424 discovered, 0 enqueued
[47.336s][info][gc,ref      ] GC(47) Final: 0 encountered, 0 discovered, 0 enqueued
[47.336s][info][gc,ref      ] GC(47) Phantom: 21 encountered, 19 discovered, 0 enqueued
[47.336s][info][gc,reloc    ] GC(47) Small Pages: 1257 / 2514M, Empty: 2470M, Relocated: 3M, In-Place: 0
[47.336s][info][gc,reloc    ] GC(47) Medium Pages: 2 / 64M, Empty: 32M, Relocated: 0M, In-Place: 0
[47.336s][info][gc,reloc    ] GC(47) Large Pages: 0 / 0M, Empty: 0M, Relocated: 0M, In-Place: 0
[47.336s][info][gc,reloc    ] GC(47) Forwarding Usage: 1M
[47.336s][info][gc,heap     ] GC(47) Min Capacity: 8M(0%)
[47.336s][info][gc,heap     ] GC(47) Max Capacity: 4096M(100%)
[47.336s][info][gc,heap     ] GC(47) Soft Max Capacity: 4096M(100%)
[47.336s][info][gc,heap     ] GC(47)                Mark Start          Mark End        Relocate Start      Relocate End           High               Low         
[47.336s][info][gc,heap     ] GC(47)  Capacity:     3636M (89%)        3636M (89%)        3636M (89%)        3636M (89%)        3636M (89%)        3636M (89%)    
[47.336s][info][gc,heap     ] GC(47)      Free:     1518M (37%)        1480M (36%)        3980M (97%)        3986M (97%)        3986M (97%)        1478M (36%)    
[47.336s][info][gc,heap     ] GC(47)      Used:     2578M (63%)        2616M (64%)         116M (3%)          110M (3%)         2618M (64%)         110M (3%)     
[47.336s][info][gc,heap     ] GC(47)      Live:         -                30M (1%)           30M (1%)           30M (1%)             -                  -          
[47.336s][info][gc,heap     ] GC(47) Allocated:         -                38M (1%)           40M (1%)           41M (1%)             -                  -          
[47.336s][info][gc,heap     ] GC(47)   Garbage:         -              2547M (62%)          45M (1%)           37M (1%)             -                  -          
[47.336s][info][gc,heap     ] GC(47) Reclaimed:         -                  -              2502M (61%)        2509M (61%)            -                  -          
[47.336s][info][gc          ] GC(47) Garbage Collection (Allocation Rate) 2578M(63%)->110M(3%)
[47.406s][info][gc,start    ] GC(48) Garbage Collection (System.gc())
[47.406s][info][gc,task     ] GC(48) Using 12 workers
[47.407s][info][gc,phases   ] GC(48) Pause Mark Start 0.012ms
[47.414s][info][gc,phases   ] GC(48) Concurrent Mark 7.610ms
[47.414s][info][gc,phases   ] GC(48) Pause Mark End 0.015ms
[47.414s][info][gc,phases   ] GC(48) Concurrent Mark Free 0.001ms
[47.415s][info][gc,phases   ] GC(48) Concurrent Process Non-Strong References 0.628ms
[47.415s][info][gc,phases   ] GC(48) Concurrent Reset Relocation Set 0.002ms
[47.419s][info][gc,phases   ] GC(48) Concurrent Select Relocation Set 3.606ms
[47.419s][info][gc,phases   ] GC(48) Pause Relocate Start 0.005ms
[47.422s][info][gc,phases   ] GC(48) Concurrent Relocate 3.113ms
[47.422s][info][gc,load     ] GC(48) Load: 0.00/0.00/0.00
[47.422s][info][gc,mmu      ] GC(48) MMU: 2ms/98.3%, 5ms/99.3%, 10ms/99.6%, 20ms/99.7%, 50ms/99.9%, 100ms/99.9%
[47.422s][info][gc,marking  ] GC(48) Mark: 8 stripe(s), 2 proactive flush(es), 1 terminate flush(es), 0 completion(s), 0 continuation(s) 
[47.422s][info][gc,marking  ] GC(48) Mark Stack Usage: 32M
[47.422s][info][gc,nmethod  ] GC(48) NMethods: 1370 registered, 202 unregistered
[47.422s][info][gc,metaspace] GC(48) Metaspace: 8M used, 8M committed, 1088M reserved
[47.422s][info][gc,ref      ] GC(48) Soft: 174 encountered, 0 discovered, 0 enqueued
[47.422s][info][gc,ref      ] GC(48) Weak: 570 encountered, 185 discovered, 0 enqueued
[47.422s][info][gc,ref      ] GC(48) Final: 0 encountered, 0 discovered, 0 enqueued
[47.422s][info][gc,ref      ] GC(48) Phantom: 21 encountered, 21 discovered, 0 enqueued
[47.422s][info][gc,reloc    ] GC(48) Small Pages: 44 / 88M, Empty: 76M, Relocated: 1M, In-Place: 0
[47.422s][info][gc,reloc    ] GC(48) Medium Pages: 2 / 64M, Empty: 64M, Relocated: 0M, In-Place: 0
[47.422s][info][gc,reloc    ] GC(48) Large Pages: 0 / 0M, Empty: 0M, Relocated: 0M, In-Place: 0
[47.422s][info][gc,reloc    ] GC(48) Forwarding Usage: 0M
[47.422s][info][gc,heap     ] GC(48) Min Capacity: 8M(0%)
[47.423s][info][gc,heap     ] GC(48) Max Capacity: 4096M(100%)
[47.423s][info][gc,heap     ] GC(48) Soft Max Capacity: 4096M(100%)
[47.423s][info][gc,heap     ] GC(48)                Mark Start          Mark End        Relocate Start      Relocate End           High               Low         
[47.423s][info][gc,heap     ] GC(48)  Capacity:     3636M (89%)        3636M (89%)        3636M (89%)        3636M (89%)        3636M (89%)        3636M (89%)    
[47.423s][info][gc,heap     ] GC(48)      Free:     3944M (96%)        3944M (96%)        4084M (100%)       4084M (100%)       4084M (100%)       3944M (96%)    
[47.423s][info][gc,heap     ] GC(48)      Used:      152M (4%)          152M (4%)           12M (0%)           12M (0%)          152M (4%)           12M (0%)     
[47.423s][info][gc,heap     ] GC(48)      Live:         -                 4M (0%)            4M (0%)            4M (0%)             -                  -          
[47.423s][info][gc,heap     ] GC(48) Allocated:         -                 0M (0%)            0M (0%)            0M (0%)             -                  -          
[47.423s][info][gc,heap     ] GC(48)   Garbage:         -               147M (4%)            7M (0%)            7M (0%)             -                  -          
[47.423s][info][gc,heap     ] GC(48) Reclaimed:         -                  -               140M (3%)          140M (3%)             -                  -          
[47.423s][info][gc          ] GC(48) Garbage Collection (System.gc()) 152M(4%)->12M(0%)
[48.747s][info][gc,start    ] GC(49) Garbage Collection (Proactive)
[48.747s][info][gc,task     ] GC(49) Using 12 workers
[48.747s][info][gc,phases   ] GC(49) Pause Mark Start 0.018ms
[48.763s][info][gc,phases   ] GC(49) Concurrent Mark 15.265ms
[48.763s][info][gc,phases   ] GC(49) Pause Mark End 0.026ms
[48.763s][info][gc,phases   ] GC(49) Concurrent Mark Free 0.001ms
[48.764s][info][gc,phases   ] GC(49) Concurrent Process Non-Strong References 0.672ms
[48.764s][info][gc,phases   ] GC(49) Concurrent Reset Relocation Set 0.002ms
[48.770s][info][gc,phases   ] GC(49) Concurrent Select Relocation Set 5.768ms
[48.770s][info][gc,phases   ] GC(49) Pause Relocate Start 0.005ms
[48.774s][info][gc,phases   ] GC(49) Concurrent Relocate 3.911ms
[48.774s][info][gc,load     ] GC(49) Load: 0.00/0.00/0.00
[48.774s][info][gc,mmu      ] GC(49) MMU: 2ms/98.3%, 5ms/99.3%, 10ms/99.6%, 20ms/99.7%, 50ms/99.9%, 100ms/99.9%
[48.774s][info][gc,marking  ] GC(49) Mark: 8 stripe(s), 2 proactive flush(es), 1 terminate flush(es), 0 completion(s), 0 continuation(s) 
[48.774s][info][gc,marking  ] GC(49) Mark Stack Usage: 32M
[48.774s][info][gc,nmethod  ] GC(49) NMethods: 1370 registered, 202 unregistered
[48.774s][info][gc,metaspace] GC(49) Metaspace: 8M used, 8M committed, 1088M reserved
[48.774s][info][gc,ref      ] GC(49) Soft: 174 encountered, 0 discovered, 0 enqueued
[48.774s][info][gc,ref      ] GC(49) Weak: 570 encountered, 218 discovered, 0 enqueued
[48.774s][info][gc,ref      ] GC(49) Final: 0 encountered, 0 discovered, 0 enqueued
[48.774s][info][gc,ref      ] GC(49) Phantom: 21 encountered, 15 discovered, 0 enqueued
[48.774s][info][gc,reloc    ] GC(49) Small Pages: 1652 / 3304M, Empty: 3264M, Relocated: 8M, In-Place: 0
[48.774s][info][gc,reloc    ] GC(49) Medium Pages: 1 / 32M, Empty: 0M, Relocated: 0M, In-Place: 0
[48.774s][info][gc,reloc    ] GC(49) Large Pages: 0 / 0M, Empty: 0M, Relocated: 0M, In-Place: 0
[48.774s][info][gc,reloc    ] GC(49) Forwarding Usage: 3M
[48.774s][info][gc,heap     ] GC(49) Min Capacity: 8M(0%)
[48.774s][info][gc,heap     ] GC(49) Max Capacity: 4096M(100%)
[48.774s][info][gc,heap     ] GC(49) Soft Max Capacity: 4096M(100%)
[48.774s][info][gc,heap     ] GC(49)                Mark Start          Mark End        Relocate Start      Relocate End           High               Low         
[48.774s][info][gc,heap     ] GC(49)  Capacity:     3636M (89%)        3636M (89%)        3636M (89%)        3636M (89%)        3636M (89%)        3636M (89%)    
[48.774s][info][gc,heap     ] GC(49)      Free:      760M (19%)         740M (18%)        3992M (97%)        3992M (97%)        3996M (98%)         738M (18%)    
[48.774s][info][gc,heap     ] GC(49)      Used:     3336M (81%)        3356M (82%)         104M (3%)          104M (3%)         3358M (82%)         100M (2%)     
[48.774s][info][gc,heap     ] GC(49)      Live:         -                13M (0%)           13M (0%)           13M (0%)             -                  -          
[48.774s][info][gc,heap     ] GC(49) Allocated:         -                20M (0%)           32M (1%)           41M (1%)             -                  -          
[48.774s][info][gc,heap     ] GC(49)   Garbage:         -              3322M (81%)          58M (1%)           48M (1%)             -                  -          
[48.775s][info][gc,heap     ] GC(49) Reclaimed:         -                  -              3264M (80%)        3273M (80%)            -                  -          
[48.775s][info][gc          ] GC(49) Garbage Collection (Proactive) 3336M(81%)->104M(3%)
[49.948s][info][gc,start    ] GC(50) Garbage Collection (Allocation Rate)
[49.949s][info][gc,task     ] GC(50) Using 1 workers
[49.949s][info][gc,phases   ] GC(50) Pause Mark Start 0.019ms
[50.024s][info][gc,phases   ] GC(50) Concurrent Mark 74.984ms
[50.024s][info][gc,phases   ] GC(50) Pause Mark End 0.019ms
[50.024s][info][gc,phases   ] GC(50) Concurrent Mark Free 0.001ms
[50.029s][info][gc,phases   ] GC(50) Concurrent Process Non-Strong References 5.264ms
[50.029s][info][gc,phases   ] GC(50) Concurrent Reset Relocation Set 0.005ms
[50.034s][info][gc,phases   ] GC(50) Concurrent Select Relocation Set 4.465ms
[50.034s][info][gc,phases   ] GC(50) Pause Relocate Start 0.006ms
[50.052s][info][gc,phases   ] GC(50) Concurrent Relocate 17.883ms
[50.052s][info][gc,load     ] GC(50) Load: 0.00/0.00/0.00
[50.052s][info][gc,mmu      ] GC(50) MMU: 2ms/98.3%, 5ms/99.3%, 10ms/99.6%, 20ms/99.7%, 50ms/99.9%, 100ms/99.9%
[50.052s][info][gc,marking  ] GC(50) Mark: 1 stripe(s), 2 proactive flush(es), 1 terminate flush(es), 0 completion(s), 0 continuation(s) 
[50.052s][info][gc,marking  ] GC(50) Mark Stack Usage: 32M
[50.052s][info][gc,nmethod  ] GC(50) NMethods: 1370 registered, 202 unregistered
[50.052s][info][gc,metaspace] GC(50) Metaspace: 8M used, 8M committed, 1088M reserved
[50.052s][info][gc,ref      ] GC(50) Soft: 174 encountered, 0 discovered, 0 enqueued
[50.052s][info][gc,ref      ] GC(50) Weak: 570 encountered, 424 discovered, 0 enqueued
[50.052s][info][gc,ref      ] GC(50) Final: 0 encountered, 0 discovered, 0 enqueued
[50.052s][info][gc,ref      ] GC(50) Phantom: 21 encountered, 19 discovered, 0 enqueued
[50.052s][info][gc,reloc    ] GC(50) Small Pages: 1407 / 2814M, Empty: 2770M, Relocated: 6M, In-Place: 0
[50.052s][info][gc,reloc    ] GC(50) Medium Pages: 2 / 64M, Empty: 0M, Relocated: 1M, In-Place: 0
[50.052s][info][gc,reloc    ] GC(50) Large Pages: 0 / 0M, Empty: 0M, Relocated: 0M, In-Place: 0
[50.052s][info][gc,reloc    ] GC(50) Forwarding Usage: 2M
[50.052s][info][gc,heap     ] GC(50) Min Capacity: 8M(0%)
[50.052s][info][gc,heap     ] GC(50) Max Capacity: 4096M(100%)
[50.053s][info][gc,heap     ] GC(50) Soft Max Capacity: 4096M(100%)
[50.053s][info][gc,heap     ] GC(50)                Mark Start          Mark End        Relocate Start      Relocate End           High               Low         
[50.053s][info][gc,heap     ] GC(50)  Capacity:     3636M (89%)        3636M (89%)        3636M (89%)        3636M (89%)        3636M (89%)        3636M (89%)    
[50.053s][info][gc,heap     ] GC(50)      Free:     1218M (30%)        1082M (26%)        3834M (94%)        3836M (94%)        3868M (94%)        1074M (26%)    
[50.053s][info][gc,heap     ] GC(50)      Used:     2878M (70%)        3014M (74%)         262M (6%)          260M (6%)         3022M (74%)         228M (6%)     
[50.053s][info][gc,heap     ] GC(50)      Live:         -                21M (1%)           21M (1%)           21M (1%)             -                  -          
[50.053s][info][gc,heap     ] GC(50) Allocated:         -               136M (3%)          154M (4%)          201M (5%)             -                  -          
[50.053s][info][gc,heap     ] GC(50)   Garbage:         -              2856M (70%)          86M (2%)           36M (1%)             -                  -          
[50.053s][info][gc,heap     ] GC(50) Reclaimed:         -                  -              2770M (68%)        2819M (69%)            -                  -          
[50.053s][info][gc          ] GC(50) Garbage Collection (Allocation Rate) 2878M(70%)->260M(6%)
[50.152s][info][gc,stats    ] === Garbage Collection Statistics =======================================================================================================================
[50.152s][info][gc,stats    ]                                                              Last 10s              Last 10m              Last 10h                Total
[50.152s][info][gc,stats    ]                                                              Avg / Max             Avg / Max             Avg / Max             Avg / Max
[50.152s][info][gc,stats    ]   Collector: Garbage Collection Cycle                     60.583 / 109.308      54.644 / 132.618      54.644 / 132.618      54.644 / 132.618     ms
[50.152s][info][gc,stats    ]  Contention: Mark Segment Reset Contention                     0 / 3                 0 / 4                 0 / 4                 0 / 4           ops/s
[50.152s][info][gc,stats    ]  Contention: Mark SeqNum Reset Contention                      0 / 0                 0 / 1                 0 / 1                 0 / 1           ops/s
[50.152s][info][gc,stats    ]    Critical: Allocation Stall                                  0 / 0                 0 / 0                 0 / 0                 0 / 0           ops/s
[50.152s][info][gc,stats    ]    Critical: Allocation Stall                              0.000 / 0.000         0.000 / 0.000         0.000 / 0.000         0.000 / 0.000       ms
[50.152s][info][gc,stats    ]    Critical: GC Locker Stall                                   0 / 0                 0 / 0                 0 / 0                 0 / 0           ops/s
[50.152s][info][gc,stats    ]    Critical: GC Locker Stall                               0.000 / 0.000         0.000 / 0.000         0.000 / 0.000         0.000 / 0.000       ms
[50.152s][info][gc,stats    ]    Critical: Relocation Stall                                  0 / 0                 0 / 0                 0 / 0                 0 / 0           ops/s
[50.152s][info][gc,stats    ]    Critical: Relocation Stall                              0.000 / 0.000         0.000 / 0.000         0.000 / 0.000         0.000 / 0.000       ms
[50.152s][info][gc,stats    ]      Memory: Allocation Rate                                2196 / 2476           2074 / 2602           2074 / 2602           2074 / 2602        MB/s
[50.152s][info][gc,stats    ]      Memory: Defragment                                        0 / 9                 1 / 32                1 / 32                1 / 32          ops/s
[50.152s][info][gc,stats    ]      Memory: Out Of Memory                                     0 / 0                 0 / 0                 0 / 0                 0 / 0           ops/s
[50.152s][info][gc,stats    ]      Memory: Page Cache Flush                                  1 / 18                2 / 64                2 / 64                2 / 64          MB/s
[50.152s][info][gc,stats    ]      Memory: Page Cache Hit L1                              1090 / 1235            995 / 1286            995 / 1286            995 / 1286        ops/s
[50.152s][info][gc,stats    ]      Memory: Page Cache Hit L2                                 0 / 0                 0 / 0                 0 / 0                 0 / 0           ops/s
[50.152s][info][gc,stats    ]      Memory: Page Cache Hit L3                                 0 / 9                21 / 432              21 / 432              21 / 432         ops/s
[50.152s][info][gc,stats    ]      Memory: Page Cache Miss                                   0 / 0                13 / 264              13 / 264              13 / 264         ops/s
[50.152s][info][gc,stats    ]      Memory: Uncommit                                          0 / 0                 0 / 0                 0 / 0                 0 / 0           MB/s
[50.152s][info][gc,stats    ]      Memory: Undo Object Allocation Failed                     0 / 0                 0 / 0                 0 / 0                 0 / 0           ops/s
[50.152s][info][gc,stats    ]      Memory: Undo Object Allocation Succeeded                  0 / 1                 4 / 204               4 / 204               4 / 204         ops/s
[50.152s][info][gc,stats    ]      Memory: Undo Page Allocation                              0 / 0                 0 / 0                 0 / 0                 0 / 0           ops/s
[50.152s][info][gc,stats    ]       Phase: Concurrent Mark                              43.683 / 77.512       37.816 / 98.630       37.816 / 98.630       37.816 / 98.630      ms
[50.152s][info][gc,stats    ]       Phase: Concurrent Mark Continue                      0.000 / 0.000         0.000 / 0.000         0.000 / 0.000         0.000 / 0.000       ms
[50.152s][info][gc,stats    ]       Phase: Concurrent Mark Free                          0.001 / 0.002         0.001 / 0.002         0.001 / 0.002         0.001 / 0.002       ms
[50.152s][info][gc,stats    ]       Phase: Concurrent Process Non-Strong References      2.567 / 5.275         1.973 / 5.436         1.973 / 5.436         1.973 / 5.436       ms
[50.153s][info][gc,stats    ]       Phase: Concurrent Relocate                           7.823 / 22.188        7.108 / 22.608        7.108 / 22.608        7.108 / 22.608      ms
[50.153s][info][gc,stats    ]       Phase: Concurrent Reset Relocation Set               0.003 / 0.005         0.003 / 0.006         0.003 / 0.006         0.003 / 0.006       ms
[50.153s][info][gc,stats    ]       Phase: Concurrent Select Relocation Set              5.550 / 9.706         5.712 / 14.862        5.712 / 14.862        5.712 / 14.862      ms
[50.153s][info][gc,stats    ]       Phase: Pause Mark End                                0.020 / 0.026         0.021 / 0.034         0.021 / 0.034         0.021 / 0.034       ms
[50.153s][info][gc,stats    ]       Phase: Pause Mark Start                              0.017 / 0.019         0.017 / 0.034         0.017 / 0.034         0.017 / 0.034       ms
[50.153s][info][gc,stats    ]       Phase: Pause Relocate Start                          0.006 / 0.008         0.007 / 0.012         0.007 / 0.012         0.007 / 0.012       ms
[50.153s][info][gc,stats    ]    Subphase: Concurrent Classes Purge                      0.004 / 0.005         0.030 / 0.431         0.030 / 0.431         0.030 / 0.431       ms
[50.153s][info][gc,stats    ]    Subphase: Concurrent Classes Unlink                     1.855 / 3.975         1.419 / 3.975         1.419 / 3.975         1.419 / 3.975       ms
[50.153s][info][gc,stats    ]    Subphase: Concurrent Mark                              18.586 / 76.008       18.940 / 96.984       18.940 / 96.984       18.940 / 96.984      ms
[50.153s][info][gc,stats    ]    Subphase: Concurrent Mark Try Flush                     0.030 / 0.074         0.034 / 0.168         0.034 / 0.168         0.034 / 0.168       ms
[50.153s][info][gc,stats    ]    Subphase: Concurrent Mark Try Terminate                 5.126 / 14.267        5.992 / 16.239        5.992 / 16.239        5.992 / 16.239      ms
[50.153s][info][gc,stats    ]    Subphase: Concurrent References Enqueue                 0.000 / 0.001         0.001 / 0.004         0.001 / 0.004         0.001 / 0.004       ms
[50.153s][info][gc,stats    ]    Subphase: Concurrent References Process                 0.065 / 0.102         0.054 / 0.102         0.054 / 0.102         0.054 / 0.102       ms
[50.153s][info][gc,stats    ]    Subphase: Concurrent Roots ClassLoaderDataGraph         0.066 / 0.360         0.065 / 0.519         0.065 / 0.519         0.065 / 0.519       ms
[50.153s][info][gc,stats    ]    Subphase: Concurrent Roots CodeCache                    0.000 / 0.000         0.000 / 0.000         0.000 / 0.000         0.000 / 0.000       ms
[50.153s][info][gc,stats    ]    Subphase: Concurrent Roots JavaThreads                  0.211 / 1.166         0.204 / 1.263         0.204 / 1.263         0.204 / 1.263       ms
[50.153s][info][gc,stats    ]    Subphase: Concurrent Roots OopStorageSet                0.016 / 0.072         0.018 / 0.195         0.018 / 0.195         0.018 / 0.195       ms
[50.153s][info][gc,stats    ]    Subphase: Concurrent Weak Roots OopStorageSet           0.158 / 1.202         0.134 / 1.358         0.134 / 1.358         0.134 / 1.358       ms
[50.153s][info][gc,stats    ]    Subphase: Pause Mark Try Complete                       0.000 / 0.000         0.000 / 0.000         0.000 / 0.000         0.000 / 0.000       ms
[50.153s][info][gc,stats    ]      System: Java Threads                                     11 / 11               13 / 24               13 / 24               13 / 24          threads
[50.153s][info][gc,stats    ] =========================================================================================================================================================
[51.353s][info][gc,start    ] GC(51) Garbage Collection (Allocation Rate)
[51.353s][info][gc,task     ] GC(51) Using 1 workers
[51.353s][info][gc,phases   ] GC(51) Pause Mark Start 0.015ms
[51.432s][info][gc,phases   ] GC(51) Concurrent Mark 78.622ms
[51.432s][info][gc,phases   ] GC(51) Pause Mark End 0.023ms
[51.432s][info][gc,phases   ] GC(51) Concurrent Mark Free 0.001ms
[51.437s][info][gc,phases   ] GC(51) Concurrent Process Non-Strong References 5.272ms
[51.437s][info][gc,phases   ] GC(51) Concurrent Reset Relocation Set 0.004ms
[51.441s][info][gc,phases   ] GC(51) Concurrent Select Relocation Set 4.223ms
[51.442s][info][gc,phases   ] GC(51) Pause Relocate Start 0.006ms
[51.455s][info][gc,phases   ] GC(51) Concurrent Relocate 12.920ms
[51.455s][info][gc,load     ] GC(51) Load: 0.00/0.00/0.00
[51.455s][info][gc,mmu      ] GC(51) MMU: 2ms/98.3%, 5ms/99.3%, 10ms/99.6%, 20ms/99.7%, 50ms/99.9%, 100ms/99.9%
[51.455s][info][gc,marking  ] GC(51) Mark: 1 stripe(s), 2 proactive flush(es), 1 terminate flush(es), 0 completion(s), 0 continuation(s) 
[51.455s][info][gc,marking  ] GC(51) Mark Stack Usage: 32M
[51.455s][info][gc,nmethod  ] GC(51) NMethods: 1370 registered, 202 unregistered
[51.455s][info][gc,metaspace] GC(51) Metaspace: 8M used, 8M committed, 1088M reserved
[51.455s][info][gc,ref      ] GC(51) Soft: 174 encountered, 0 discovered, 0 enqueued
[51.455s][info][gc,ref      ] GC(51) Weak: 570 encountered, 424 discovered, 0 enqueued
[51.455s][info][gc,ref      ] GC(51) Final: 0 encountered, 0 discovered, 0 enqueued
[51.455s][info][gc,ref      ] GC(51) Phantom: 21 encountered, 19 discovered, 0 enqueued
[51.455s][info][gc,reloc    ] GC(51) Small Pages: 1298 / 2596M, Empty: 2554M, Relocated: 5M, In-Place: 0
[51.455s][info][gc,reloc    ] GC(51) Medium Pages: 2 / 64M, Empty: 32M, Relocated: 0M, In-Place: 0
[51.455s][info][gc,reloc    ] GC(51) Large Pages: 0 / 0M, Empty: 0M, Relocated: 0M, In-Place: 0
[51.455s][info][gc,reloc    ] GC(51) Forwarding Usage: 2M
[51.455s][info][gc,heap     ] GC(51) Min Capacity: 8M(0%)
[51.455s][info][gc,heap     ] GC(51) Max Capacity: 4096M(100%)
[51.455s][info][gc,heap     ] GC(51) Soft Max Capacity: 4096M(100%)
[51.455s][info][gc,heap     ] GC(51)                Mark Start          Mark End        Relocate Start      Relocate End           High               Low         
[51.455s][info][gc,heap     ] GC(51)  Capacity:     3636M (89%)        3636M (89%)        3636M (89%)        3636M (89%)        3636M (89%)        3636M (89%)    
[51.455s][info][gc,heap     ] GC(51)      Free:     1436M (35%)        1402M (34%)        3980M (97%)        3982M (97%)        3984M (97%)        1398M (34%)    
[51.455s][info][gc,heap     ] GC(51)      Used:     2660M (65%)        2694M (66%)         116M (3%)          114M (3%)         2698M (66%)         112M (3%)     
[51.455s][info][gc,heap     ] GC(51)      Live:         -                30M (1%)           30M (1%)           30M (1%)             -                  -          
[51.455s][info][gc,heap     ] GC(51) Allocated:         -                34M (1%)           42M (1%)           47M (1%)             -                  -          
[51.455s][info][gc,heap     ] GC(51)   Garbage:         -              2629M (64%)          43M (1%)           35M (1%)             -                  -          
[51.455s][info][gc,heap     ] GC(51) Reclaimed:         -                  -              2586M (63%)        2593M (63%)            -                  -          
[51.455s][info][gc          ] GC(51) Garbage Collection (Allocation Rate) 2660M(65%)->114M(3%)
[51.513s][info][gc,start    ] GC(52) Garbage Collection (System.gc())
[51.513s][info][gc,task     ] GC(52) Using 12 workers
[51.513s][info][gc,phases   ] GC(52) Pause Mark Start 0.013ms
[51.524s][info][gc,phases   ] GC(52) Concurrent Mark 11.504ms
[51.524s][info][gc,phases   ] GC(52) Pause Mark End 0.013ms
[51.524s][info][gc,phases   ] GC(52) Concurrent Mark Free 0.001ms
[51.525s][info][gc,phases   ] GC(52) Concurrent Process Non-Strong References 0.652ms
[51.525s][info][gc,phases   ] GC(52) Concurrent Reset Relocation Set 0.002ms
[51.529s][info][gc,phases   ] GC(52) Concurrent Select Relocation Set 3.660ms
[51.529s][info][gc,phases   ] GC(52) Pause Relocate Start 0.009ms
[51.531s][info][gc,phases   ] GC(52) Concurrent Relocate 1.884ms
[51.531s][info][gc,load     ] GC(52) Load: 0.00/0.00/0.00
[51.531s][info][gc,mmu      ] GC(52) MMU: 2ms/98.3%, 5ms/99.3%, 10ms/99.6%, 20ms/99.7%, 50ms/99.9%, 100ms/99.9%
[51.531s][info][gc,marking  ] GC(52) Mark: 8 stripe(s), 1 proactive flush(es), 1 terminate flush(es), 0 completion(s), 0 continuation(s) 
[51.531s][info][gc,marking  ] GC(52) Mark Stack Usage: 32M
[51.531s][info][gc,nmethod  ] GC(52) NMethods: 1370 registered, 202 unregistered
[51.531s][info][gc,metaspace] GC(52) Metaspace: 8M used, 8M committed, 1088M reserved
[51.531s][info][gc,ref      ] GC(52) Soft: 174 encountered, 0 discovered, 0 enqueued
[51.531s][info][gc,ref      ] GC(52) Weak: 570 encountered, 63 discovered, 0 enqueued
[51.531s][info][gc,ref      ] GC(52) Final: 0 encountered, 0 discovered, 0 enqueued
[51.531s][info][gc,ref      ] GC(52) Phantom: 21 encountered, 15 discovered, 0 enqueued
[51.531s][info][gc,reloc    ] GC(52) Small Pages: 43 / 86M, Empty: 72M, Relocated: 2M, In-Place: 0
[51.531s][info][gc,reloc    ] GC(52) Medium Pages: 2 / 64M, Empty: 64M, Relocated: 0M, In-Place: 0
[51.531s][info][gc,reloc    ] GC(52) Large Pages: 0 / 0M, Empty: 0M, Relocated: 0M, In-Place: 0
[51.531s][info][gc,reloc    ] GC(52) Forwarding Usage: 1M
[51.531s][info][gc,heap     ] GC(52) Min Capacity: 8M(0%)
[51.531s][info][gc,heap     ] GC(52) Max Capacity: 4096M(100%)
[51.531s][info][gc,heap     ] GC(52) Soft Max Capacity: 4096M(100%)
[51.532s][info][gc,heap     ] GC(52)                Mark Start          Mark End        Relocate Start      Relocate End           High               Low         
[51.532s][info][gc,heap     ] GC(52)  Capacity:     3636M (89%)        3636M (89%)        3636M (89%)        3636M (89%)        3636M (89%)        3636M (89%)    
[51.532s][info][gc,heap     ] GC(52)      Free:     3946M (96%)        3946M (96%)        4082M (100%)       4082M (100%)       4082M (100%)       3946M (96%)    
[51.532s][info][gc,heap     ] GC(52)      Used:      150M (4%)          150M (4%)           14M (0%)           14M (0%)          150M (4%)           14M (0%)     
[51.532s][info][gc,heap     ] GC(52)      Live:         -                 4M (0%)            4M (0%)            4M (0%)             -                  -          
[51.532s][info][gc,heap     ] GC(52) Allocated:         -                 0M (0%)            0M (0%)            0M (0%)             -                  -          
[51.532s][info][gc,heap     ] GC(52)   Garbage:         -               145M (4%)            9M (0%)            9M (0%)             -                  -          
[51.532s][info][gc,heap     ] GC(52) Reclaimed:         -                  -               136M (3%)          136M (3%)             -                  -          
[51.532s][info][gc          ] GC(52) Garbage Collection (System.gc()) 150M(4%)->14M(0%)
[52.951s][info][gc,start    ] GC(53) Garbage Collection (Proactive)
[52.951s][info][gc,task     ] GC(53) Using 12 workers
[52.951s][info][gc,phases   ] GC(53) Pause Mark Start 0.019ms
[52.966s][info][gc,phases   ] GC(53) Concurrent Mark 15.171ms
[52.967s][info][gc,phases   ] GC(53) Pause Mark End 0.023ms
[52.967s][info][gc,phases   ] GC(53) Concurrent Mark Free 0.001ms
[52.967s][info][gc,phases   ] GC(53) Concurrent Process Non-Strong References 0.625ms
[52.967s][info][gc,phases   ] GC(53) Concurrent Reset Relocation Set 0.001ms
[52.974s][info][gc,phases   ] GC(53) Concurrent Select Relocation Set 6.258ms
[52.974s][info][gc,phases   ] GC(53) Pause Relocate Start 0.010ms
[52.978s][info][gc,phases   ] GC(53) Concurrent Relocate 4.232ms
[52.978s][info][gc,load     ] GC(53) Load: 0.00/0.00/0.00
[52.978s][info][gc,mmu      ] GC(53) MMU: 2ms/98.3%, 5ms/99.3%, 10ms/99.6%, 20ms/99.7%, 50ms/99.9%, 100ms/99.9%
[52.978s][info][gc,marking  ] GC(53) Mark: 8 stripe(s), 4 proactive flush(es), 1 terminate flush(es), 0 completion(s), 0 continuation(s) 
[52.978s][info][gc,marking  ] GC(53) Mark Stack Usage: 32M
[52.978s][info][gc,nmethod  ] GC(53) NMethods: 1371 registered, 202 unregistered
[52.978s][info][gc,metaspace] GC(53) Metaspace: 8M used, 8M committed, 1088M reserved
[52.978s][info][gc,ref      ] GC(53) Soft: 174 encountered, 0 discovered, 0 enqueued
[52.978s][info][gc,ref      ] GC(53) Weak: 570 encountered, 55 discovered, 0 enqueued
[52.978s][info][gc,ref      ] GC(53) Final: 0 encountered, 0 discovered, 0 enqueued
[52.978s][info][gc,ref      ] GC(53) Phantom: 21 encountered, 17 discovered, 0 enqueued
[52.978s][info][gc,reloc    ] GC(53) Small Pages: 1717 / 3434M, Empty: 3398M, Relocated: 8M, In-Place: 0
[52.978s][info][gc,reloc    ] GC(53) Medium Pages: 1 / 32M, Empty: 0M, Relocated: 0M, In-Place: 0
[52.979s][info][gc,reloc    ] GC(53) Large Pages: 0 / 0M, Empty: 0M, Relocated: 0M, In-Place: 0
[52.979s][info][gc,reloc    ] GC(53) Forwarding Usage: 4M
[52.979s][info][gc,heap     ] GC(53) Min Capacity: 8M(0%)
[52.979s][info][gc,heap     ] GC(53) Max Capacity: 4096M(100%)
[52.979s][info][gc,heap     ] GC(53) Soft Max Capacity: 4096M(100%)
[52.979s][info][gc,heap     ] GC(53)                Mark Start          Mark End        Relocate Start      Relocate End           High               Low         
[52.979s][info][gc,heap     ] GC(53)  Capacity:     3636M (89%)        3636M (89%)        3636M (89%)        3636M (89%)        3636M (89%)        3636M (89%)    
[52.979s][info][gc,heap     ] GC(53)      Free:      630M (15%)         594M (15%)        3990M (97%)        3994M (98%)        3994M (98%)         594M (15%)    
[52.979s][info][gc,heap     ] GC(53)      Used:     3466M (85%)        3502M (85%)         106M (3%)          102M (2%)         3502M (85%)         102M (2%)     
[52.979s][info][gc,heap     ] GC(53)      Live:         -                15M (0%)           15M (0%)           15M (0%)             -                  -          
[52.979s][info][gc,heap     ] GC(53) Allocated:         -                36M (1%)           38M (1%)           37M (1%)             -                  -          
[52.979s][info][gc,heap     ] GC(53)   Garbage:         -              3450M (84%)          52M (1%)           48M (1%)             -                  -          
[52.979s][info][gc,heap     ] GC(53) Reclaimed:         -                  -              3398M (83%)        3401M (83%)            -                  -          
[52.979s][info][gc          ] GC(53) Garbage Collection (Proactive) 3466M(85%)->102M(2%)
[54.051s][info][gc,start    ] GC(54) Garbage Collection (Allocation Rate)
[54.051s][info][gc,task     ] GC(54) Using 1 workers
[54.051s][info][gc,phases   ] GC(54) Pause Mark Start 0.019ms
[54.124s][info][gc,phases   ] GC(54) Concurrent Mark 72.316ms
[54.124s][info][gc,phases   ] GC(54) Pause Mark End 0.027ms
[54.124s][info][gc,phases   ] GC(54) Concurrent Mark Free 0.001ms
[54.130s][info][gc,phases   ] GC(54) Concurrent Process Non-Strong References 5.930ms
[54.130s][info][gc,phases   ] GC(54) Concurrent Reset Relocation Set 0.003ms
[54.135s][info][gc,phases   ] GC(54) Concurrent Select Relocation Set 4.551ms
[54.135s][info][gc,phases   ] GC(54) Pause Relocate Start 0.011ms
[54.156s][info][gc,phases   ] GC(54) Concurrent Relocate 21.109ms
[54.156s][info][gc,load     ] GC(54) Load: 0.00/0.00/0.00
[54.156s][info][gc,mmu      ] GC(54) MMU: 2ms/98.3%, 5ms/99.3%, 10ms/99.6%, 20ms/99.7%, 50ms/99.9%, 100ms/99.9%
[54.156s][info][gc,marking  ] GC(54) Mark: 1 stripe(s), 2 proactive flush(es), 1 terminate flush(es), 0 completion(s), 0 continuation(s) 
[54.156s][info][gc,marking  ] GC(54) Mark Stack Usage: 32M
[54.156s][info][gc,nmethod  ] GC(54) NMethods: 1371 registered, 202 unregistered
[54.156s][info][gc,metaspace] GC(54) Metaspace: 8M used, 8M committed, 1088M reserved
[54.156s][info][gc,ref      ] GC(54) Soft: 174 encountered, 0 discovered, 0 enqueued
[54.156s][info][gc,ref      ] GC(54) Weak: 570 encountered, 382 discovered, 0 enqueued
[54.156s][info][gc,ref      ] GC(54) Final: 0 encountered, 0 discovered, 0 enqueued
[54.156s][info][gc,ref      ] GC(54) Phantom: 21 encountered, 10 discovered, 0 enqueued
[54.156s][info][gc,reloc    ] GC(54) Small Pages: 1341 / 2682M, Empty: 2620M, Relocated: 8M, In-Place: 0
[54.157s][info][gc,reloc    ] GC(54) Medium Pages: 2 / 64M, Empty: 0M, Relocated: 1M, In-Place: 0
[54.157s][info][gc,reloc    ] GC(54) Large Pages: 0 / 0M, Empty: 0M, Relocated: 0M, In-Place: 0
[54.157s][info][gc,reloc    ] GC(54) Forwarding Usage: 3M
[54.157s][info][gc,heap     ] GC(54) Min Capacity: 8M(0%)
[54.157s][info][gc,heap     ] GC(54) Max Capacity: 4096M(100%)
[54.157s][info][gc,heap     ] GC(54) Soft Max Capacity: 4096M(100%)
[54.157s][info][gc,heap     ] GC(54)                Mark Start          Mark End        Relocate Start      Relocate End           High               Low         
[54.157s][info][gc,heap     ] GC(54)  Capacity:     3636M (89%)        3636M (89%)        3636M (89%)        3636M (89%)        3636M (89%)        3636M (89%)    
[54.157s][info][gc,heap     ] GC(54)      Free:     1350M (33%)        1216M (30%)        3806M (93%)        3820M (93%)        3854M (94%)        1198M (29%)    
[54.157s][info][gc,heap     ] GC(54)      Used:     2746M (67%)        2880M (70%)         290M (7%)          276M (7%)         2898M (71%)         242M (6%)     
[54.157s][info][gc,heap     ] GC(54)      Live:         -                21M (1%)           21M (1%)           21M (1%)             -                  -          
[54.157s][info][gc,heap     ] GC(54) Allocated:         -               134M (3%)          164M (4%)          217M (5%)             -                  -          
[54.157s][info][gc,heap     ] GC(54)   Garbage:         -              2724M (67%)         104M (3%)           36M (1%)             -                  -          
[54.157s][info][gc,heap     ] GC(54) Reclaimed:         -                  -              2620M (64%)        2687M (66%)            -                  -          
[54.157s][info][gc          ] GC(54) Garbage Collection (Allocation Rate) 2746M(67%)->276M(7%)
[55.353s][info][gc,start    ] GC(55) Garbage Collection (Allocation Rate)
[55.353s][info][gc,task     ] GC(55) Using 1 workers
[55.353s][info][gc,phases   ] GC(55) Pause Mark Start 0.018ms
[55.433s][info][gc,phases   ] GC(55) Concurrent Mark 79.149ms
[55.433s][info][gc,phases   ] GC(55) Pause Mark End 0.024ms
[55.433s][info][gc,phases   ] GC(55) Concurrent Mark Free 0.002ms
[55.437s][info][gc,phases   ] GC(55) Concurrent Process Non-Strong References 3.873ms
[55.437s][info][gc,phases   ] GC(55) Concurrent Reset Relocation Set 0.006ms
[55.441s][info][gc,phases   ] GC(55) Concurrent Select Relocation Set 4.290ms
[55.441s][info][gc,phases   ] GC(55) Pause Relocate Start 0.006ms
[55.455s][info][gc,phases   ] GC(55) Concurrent Relocate 13.392ms
[55.455s][info][gc,load     ] GC(55) Load: 0.00/0.00/0.00
[55.455s][info][gc,mmu      ] GC(55) MMU: 2ms/98.3%, 5ms/99.3%, 10ms/99.6%, 20ms/99.7%, 50ms/99.9%, 100ms/99.9%
[55.455s][info][gc,marking  ] GC(55) Mark: 1 stripe(s), 2 proactive flush(es), 1 terminate flush(es), 0 completion(s), 0 continuation(s) 
[55.455s][info][gc,marking  ] GC(55) Mark Stack Usage: 32M
[55.455s][info][gc,nmethod  ] GC(55) NMethods: 1373 registered, 203 unregistered
[55.455s][info][gc,metaspace] GC(55) Metaspace: 8M used, 8M committed, 1088M reserved
[55.455s][info][gc,ref      ] GC(55) Soft: 174 encountered, 0 discovered, 0 enqueued
[55.455s][info][gc,ref      ] GC(55) Weak: 570 encountered, 424 discovered, 0 enqueued
[55.455s][info][gc,ref      ] GC(55) Final: 0 encountered, 0 discovered, 0 enqueued
[55.455s][info][gc,ref      ] GC(55) Phantom: 21 encountered, 19 discovered, 0 enqueued
[55.455s][info][gc,reloc    ] GC(55) Small Pages: 1300 / 2600M, Empty: 2558M, Relocated: 5M, In-Place: 0
[55.455s][info][gc,reloc    ] GC(55) Medium Pages: 2 / 64M, Empty: 32M, Relocated: 0M, In-Place: 0
[55.455s][info][gc,reloc    ] GC(55) Large Pages: 0 / 0M, Empty: 0M, Relocated: 0M, In-Place: 0
[55.455s][info][gc,reloc    ] GC(55) Forwarding Usage: 2M
[55.455s][info][gc,heap     ] GC(55) Min Capacity: 8M(0%)
[55.455s][info][gc,heap     ] GC(55) Max Capacity: 4096M(100%)
[55.455s][info][gc,heap     ] GC(55) Soft Max Capacity: 4096M(100%)
[55.455s][info][gc,heap     ] GC(55)                Mark Start          Mark End        Relocate Start      Relocate End           High               Low         
[55.455s][info][gc,heap     ] GC(55)  Capacity:     3636M (89%)        3636M (89%)        3636M (89%)        3636M (89%)        3636M (89%)        3636M (89%)    
[55.455s][info][gc,heap     ] GC(55)      Free:     1432M (35%)        1400M (34%)        3990M (97%)        3996M (98%)        3996M (98%)        1400M (34%)    
[55.455s][info][gc,heap     ] GC(55)      Used:     2664M (65%)        2696M (66%)         106M (3%)          100M (2%)         2696M (66%)         100M (2%)     
[55.455s][info][gc,heap     ] GC(55)      Live:         -                30M (1%)           30M (1%)           30M (1%)             -                  -          
[55.455s][info][gc,heap     ] GC(55) Allocated:         -                32M (1%)           32M (1%)           33M (1%)             -                  -          
[55.455s][info][gc,heap     ] GC(55)   Garbage:         -              2633M (64%)          43M (1%)           35M (1%)             -                  -          
[55.456s][info][gc,heap     ] GC(55) Reclaimed:         -                  -              2590M (63%)        2597M (63%)            -                  -          
[55.456s][info][gc          ] GC(55) Garbage Collection (Allocation Rate) 2664M(65%)->100M(2%)
[55.556s][info][gc,start    ] GC(56) Garbage Collection (Allocation Rate)
[55.556s][info][gc,task     ] GC(56) Using 6 workers
[55.556s][info][gc,phases   ] GC(56) Pause Mark Start 0.015ms
[55.587s][info][gc,phases   ] GC(56) Concurrent Mark 30.929ms
[55.587s][info][gc,phases   ] GC(56) Pause Mark End 0.020ms
[55.587s][info][gc,phases   ] GC(56) Concurrent Mark Free 0.002ms
[55.588s][info][gc,phases   ] GC(56) Concurrent Process Non-Strong References 0.736ms
[55.588s][info][gc,phases   ] GC(56) Concurrent Reset Relocation Set 0.001ms
[55.592s][info][gc,phases   ] GC(56) Concurrent Select Relocation Set 3.808ms
[55.592s][info][gc,phases   ] GC(56) Pause Relocate Start 0.008ms
[55.593s][info][gc,phases   ] GC(56) Concurrent Relocate 0.996ms
[55.593s][info][gc,load     ] GC(56) Load: 0.00/0.00/0.00
[55.593s][info][gc,mmu      ] GC(56) MMU: 2ms/98.3%, 5ms/99.3%, 10ms/99.6%, 20ms/99.7%, 50ms/99.9%, 100ms/99.9%
[55.593s][info][gc,marking  ] GC(56) Mark: 4 stripe(s), 2 proactive flush(es), 1 terminate flush(es), 0 completion(s), 0 continuation(s) 
[55.593s][info][gc,marking  ] GC(56) Mark Stack Usage: 32M
[55.593s][info][gc,nmethod  ] GC(56) NMethods: 1383 registered, 203 unregistered
[55.593s][info][gc,metaspace] GC(56) Metaspace: 8M used, 8M committed, 1088M reserved
[55.594s][info][gc,ref      ] GC(56) Soft: 174 encountered, 0 discovered, 0 enqueued
[55.594s][info][gc,ref      ] GC(56) Weak: 570 encountered, 16 discovered, 0 enqueued
[55.594s][info][gc,ref      ] GC(56) Final: 0 encountered, 0 discovered, 0 enqueued
[55.594s][info][gc,ref      ] GC(56) Phantom: 21 encountered, 9 discovered, 0 enqueued
[55.594s][info][gc,reloc    ] GC(56) Small Pages: 39 / 78M, Empty: 40M, Relocated: 1M, In-Place: 0
[55.594s][info][gc,reloc    ] GC(56) Medium Pages: 2 / 64M, Empty: 0M, Relocated: 3M, In-Place: 0
[55.594s][info][gc,reloc    ] GC(56) Large Pages: 0 / 0M, Empty: 0M, Relocated: 0M, In-Place: 0
[55.594s][info][gc,reloc    ] GC(56) Forwarding Usage: 0M
[55.594s][info][gc,heap     ] GC(56) Min Capacity: 8M(0%)
[55.594s][info][gc,heap     ] GC(56) Max Capacity: 4096M(100%)
[55.594s][info][gc,heap     ] GC(56) Soft Max Capacity: 4096M(100%)
[55.594s][info][gc,heap     ] GC(56)                Mark Start          Mark End        Relocate Start      Relocate End           High               Low         
[55.594s][info][gc,heap     ] GC(56)  Capacity:     3636M (89%)        3636M (89%)        3636M (89%)        3636M (89%)        3636M (89%)        3636M (89%)    
[55.594s][info][gc,heap     ] GC(56)      Free:     3954M (97%)        3944M (96%)        3984M (97%)        4016M (98%)        4016M (98%)        3944M (96%)    
[55.594s][info][gc,heap     ] GC(56)      Used:      142M (3%)          152M (4%)          112M (3%)           80M (2%)          152M (4%)           80M (2%)     
[55.594s][info][gc,heap     ] GC(56)      Live:         -                30M (1%)           30M (1%)           30M (1%)             -                  -          
[55.594s][info][gc,heap     ] GC(56) Allocated:         -                10M (0%)           10M (0%)           10M (0%)             -                  -          
[55.594s][info][gc,heap     ] GC(56)   Garbage:         -               111M (3%)           71M (2%)           39M (1%)             -                  -          
[55.594s][info][gc,heap     ] GC(56) Reclaimed:         -                  -                40M (1%)           72M (2%)             -                  -          
[55.594s][info][gc          ] GC(56) Garbage Collection (Allocation Rate) 142M(3%)->80M(2%)
[55.594s][info][gc,start    ] GC(57) Garbage Collection (System.gc())
[55.594s][info][gc,task     ] GC(57) Using 12 workers
[55.594s][info][gc,phases   ] GC(57) Pause Mark Start 0.009ms
[55.603s][info][gc,phases   ] GC(57) Concurrent Mark 8.498ms
[55.603s][info][gc,phases   ] GC(57) Pause Mark End 0.014ms
[55.603s][info][gc,phases   ] GC(57) Concurrent Mark Free 0.001ms
[55.604s][info][gc,phases   ] GC(57) Concurrent Process Non-Strong References 0.461ms
[55.604s][info][gc,phases   ] GC(57) Concurrent Reset Relocation Set 0.001ms
[55.607s][info][gc,phases   ] GC(57) Concurrent Select Relocation Set 3.445ms
[55.607s][info][gc,phases   ] GC(57) Pause Relocate Start 0.005ms
[55.610s][info][gc,phases   ] GC(57) Concurrent Relocate 2.310ms
[55.610s][info][gc,load     ] GC(57) Load: 0.00/0.00/0.00
[55.610s][info][gc,mmu      ] GC(57) MMU: 2ms/98.3%, 5ms/99.3%, 10ms/99.6%, 20ms/99.7%, 50ms/99.9%, 100ms/99.9%
[55.610s][info][gc,marking  ] GC(57) Mark: 8 stripe(s), 3 proactive flush(es), 1 terminate flush(es), 0 completion(s), 0 continuation(s) 
[55.610s][info][gc,marking  ] GC(57) Mark Stack Usage: 32M
[55.610s][info][gc,nmethod  ] GC(57) NMethods: 1383 registered, 203 unregistered
[55.610s][info][gc,metaspace] GC(57) Metaspace: 8M used, 8M committed, 1088M reserved
[55.610s][info][gc,ref      ] GC(57) Soft: 174 encountered, 0 discovered, 0 enqueued
[55.610s][info][gc,ref      ] GC(57) Weak: 570 encountered, 27 discovered, 0 enqueued
[55.610s][info][gc,ref      ] GC(57) Final: 0 encountered, 0 discovered, 0 enqueued
[55.610s][info][gc,ref      ] GC(57) Phantom: 21 encountered, 18 discovered, 0 enqueued
[55.610s][info][gc,reloc    ] GC(57) Small Pages: 24 / 48M, Empty: 38M, Relocated: 1M, In-Place: 0
[55.610s][info][gc,reloc    ] GC(57) Medium Pages: 1 / 32M, Empty: 32M, Relocated: 0M, In-Place: 0
[55.610s][info][gc,reloc    ] GC(57) Large Pages: 0 / 0M, Empty: 0M, Relocated: 0M, In-Place: 0
[55.610s][info][gc,reloc    ] GC(57) Forwarding Usage: 0M
[55.610s][info][gc,heap     ] GC(57) Min Capacity: 8M(0%)
[55.610s][info][gc,heap     ] GC(57) Max Capacity: 4096M(100%)
[55.610s][info][gc,heap     ] GC(57) Soft Max Capacity: 4096M(100%)
[55.610s][info][gc,heap     ] GC(57)                Mark Start          Mark End        Relocate Start      Relocate End           High               Low         
[55.610s][info][gc,heap     ] GC(57)  Capacity:     3636M (89%)        3636M (89%)        3636M (89%)        3636M (89%)        3636M (89%)        3636M (89%)    
[55.610s][info][gc,heap     ] GC(57)      Free:     4016M (98%)        4016M (98%)        4086M (100%)       4086M (100%)       4086M (100%)       4016M (98%)    
[55.610s][info][gc,heap     ] GC(57)      Used:       80M (2%)           80M (2%)           10M (0%)           10M (0%)           80M (2%)           10M (0%)     
[55.610s][info][gc,heap     ] GC(57)      Live:         -                 4M (0%)            4M (0%)            4M (0%)             -                  -          
[55.610s][info][gc,heap     ] GC(57) Allocated:         -                 0M (0%)            0M (0%)            0M (0%)             -                  -          
[55.610s][info][gc,heap     ] GC(57)   Garbage:         -                75M (2%)            5M (0%)            5M (0%)             -                  -          
[55.610s][info][gc,heap     ] GC(57) Reclaimed:         -                  -                70M (2%)           70M (2%)             -                  -          
[55.610s][info][gc          ] GC(57) Garbage Collection (System.gc()) 80M(2%)->10M(0%)
[56.944s][info][gc,start    ] GC(58) Garbage Collection (Proactive)
[56.944s][info][gc,task     ] GC(58) Using 12 workers
[56.945s][info][gc,phases   ] GC(58) Pause Mark Start 0.019ms
[56.960s][info][gc,phases   ] GC(58) Concurrent Mark 15.230ms
[56.960s][info][gc,phases   ] GC(58) Pause Mark End 0.024ms
[56.960s][info][gc,phases   ] GC(58) Concurrent Mark Free 0.001ms
[56.961s][info][gc,phases   ] GC(58) Concurrent Process Non-Strong References 0.659ms
[56.961s][info][gc,phases   ] GC(58) Concurrent Reset Relocation Set 0.001ms
[56.967s][info][gc,phases   ] GC(58) Concurrent Select Relocation Set 6.218ms
[56.967s][info][gc,phases   ] GC(58) Pause Relocate Start 0.007ms
[56.970s][info][gc,phases   ] GC(58) Concurrent Relocate 3.015ms
[56.971s][info][gc,load     ] GC(58) Load: 0.00/0.00/0.00
[56.971s][info][gc,mmu      ] GC(58) MMU: 2ms/98.3%, 5ms/99.3%, 10ms/99.6%, 20ms/99.7%, 50ms/99.9%, 100ms/99.9%
[56.971s][info][gc,marking  ] GC(58) Mark: 8 stripe(s), 2 proactive flush(es), 1 terminate flush(es), 0 completion(s), 0 continuation(s) 
[56.971s][info][gc,marking  ] GC(58) Mark Stack Usage: 32M
[56.971s][info][gc,nmethod  ] GC(58) NMethods: 1385 registered, 203 unregistered
[56.971s][info][gc,metaspace] GC(58) Metaspace: 8M used, 8M committed, 1088M reserved
[56.971s][info][gc,ref      ] GC(58) Soft: 174 encountered, 0 discovered, 0 enqueued
[56.971s][info][gc,ref      ] GC(58) Weak: 570 encountered, 95 discovered, 0 enqueued
[56.971s][info][gc,ref      ] GC(58) Final: 0 encountered, 0 discovered, 0 enqueued
[56.971s][info][gc,ref      ] GC(58) Phantom: 21 encountered, 10 discovered, 0 enqueued
[56.971s][info][gc,reloc    ] GC(58) Small Pages: 1643 / 3286M, Empty: 3238M, Relocated: 6M, In-Place: 0
[56.971s][info][gc,reloc    ] GC(58) Medium Pages: 1 / 32M, Empty: 0M, Relocated: 0M, In-Place: 0
[56.971s][info][gc,reloc    ] GC(58) Large Pages: 0 / 0M, Empty: 0M, Relocated: 0M, In-Place: 0
[56.971s][info][gc,reloc    ] GC(58) Forwarding Usage: 3M
[56.971s][info][gc,heap     ] GC(58) Min Capacity: 8M(0%)
[56.971s][info][gc,heap     ] GC(58) Max Capacity: 4096M(100%)
[56.971s][info][gc,heap     ] GC(58) Soft Max Capacity: 4096M(100%)
[56.971s][info][gc,heap     ] GC(58)                Mark Start          Mark End        Relocate Start      Relocate End           High               Low         
[56.971s][info][gc,heap     ] GC(58)  Capacity:     3636M (89%)        3636M (89%)        3636M (89%)        3636M (89%)        3636M (89%)        3636M (89%)    
[56.971s][info][gc,heap     ] GC(58)      Free:      778M (19%)         754M (18%)        3976M (97%)        3984M (97%)        3984M (97%)         752M (18%)    
[56.971s][info][gc,heap     ] GC(58)      Used:     3318M (81%)        3342M (82%)         120M (3%)          112M (3%)         3344M (82%)         112M (3%)     
[56.971s][info][gc,heap     ] GC(58)      Live:         -                13M (0%)           13M (0%)           13M (0%)             -                  -          
[56.971s][info][gc,heap     ] GC(58) Allocated:         -                24M (1%)           40M (1%)           47M (1%)             -                  -          
[56.971s][info][gc,heap     ] GC(58)   Garbage:         -              3304M (81%)          66M (2%)           50M (1%)             -                  -          
[56.971s][info][gc,heap     ] GC(58) Reclaimed:         -                  -              3238M (79%)        3253M (79%)            -                  -          
[56.971s][info][gc          ] GC(58) Garbage Collection (Proactive) 3318M(81%)->112M(3%)
[58.147s][info][gc,start    ] GC(59) Garbage Collection (Allocation Rate)
[58.147s][info][gc,task     ] GC(59) Using 1 workers
[58.147s][info][gc,phases   ] GC(59) Pause Mark Start 0.018ms
[58.222s][info][gc,phases   ] GC(59) Concurrent Mark 74.378ms
[58.222s][info][gc,phases   ] GC(59) Pause Mark End 0.022ms
[58.222s][info][gc,phases   ] GC(59) Concurrent Mark Free 0.001ms
[58.227s][info][gc,phases   ] GC(59) Concurrent Process Non-Strong References 4.661ms
[58.227s][info][gc,phases   ] GC(59) Concurrent Reset Relocation Set 0.005ms
[58.232s][info][gc,phases   ] GC(59) Concurrent Select Relocation Set 4.514ms
[58.232s][info][gc,phases   ] GC(59) Pause Relocate Start 0.013ms
[58.251s][info][gc,phases   ] GC(59) Concurrent Relocate 18.916ms
[58.251s][info][gc,load     ] GC(59) Load: 0.00/0.00/0.00
[58.251s][info][gc,mmu      ] GC(59) MMU: 2ms/98.3%, 5ms/99.3%, 10ms/99.6%, 20ms/99.7%, 50ms/99.9%, 100ms/99.9%
[58.251s][info][gc,marking  ] GC(59) Mark: 1 stripe(s), 2 proactive flush(es), 1 terminate flush(es), 0 completion(s), 0 continuation(s) 
[58.251s][info][gc,marking  ] GC(59) Mark Stack Usage: 32M
[58.251s][info][gc,nmethod  ] GC(59) NMethods: 1385 registered, 203 unregistered
[58.251s][info][gc,metaspace] GC(59) Metaspace: 8M used, 8M committed, 1088M reserved
[58.251s][info][gc,ref      ] GC(59) Soft: 174 encountered, 0 discovered, 0 enqueued
[58.251s][info][gc,ref      ] GC(59) Weak: 570 encountered, 157 discovered, 0 enqueued
[58.251s][info][gc,ref      ] GC(59) Final: 0 encountered, 0 discovered, 0 enqueued
[58.251s][info][gc,ref      ] GC(59) Phantom: 21 encountered, 10 discovered, 0 enqueued
[58.251s][info][gc,reloc    ] GC(59) Small Pages: 1479 / 2958M, Empty: 2898M, Relocated: 6M, In-Place: 0
[58.251s][info][gc,reloc    ] GC(59) Medium Pages: 2 / 64M, Empty: 0M, Relocated: 1M, In-Place: 0
[58.251s][info][gc,reloc    ] GC(59) Large Pages: 0 / 0M, Empty: 0M, Relocated: 0M, In-Place: 0
[58.251s][info][gc,reloc    ] GC(59) Forwarding Usage: 3M
[58.251s][info][gc,heap     ] GC(59) Min Capacity: 8M(0%)
[58.251s][info][gc,heap     ] GC(59) Max Capacity: 4096M(100%)
[58.251s][info][gc,heap     ] GC(59) Soft Max Capacity: 4096M(100%)
[58.251s][info][gc,heap     ] GC(59)                Mark Start          Mark End        Relocate Start      Relocate End           High               Low         
[58.251s][info][gc,heap     ] GC(59)  Capacity:     3636M (89%)        3636M (89%)        3636M (89%)        3636M (89%)        3636M (89%)        3636M (89%)    
[58.251s][info][gc,heap     ] GC(59)      Free:     1074M (26%)         930M (23%)        3806M (93%)        3820M (93%)        3854M (94%)         918M (22%)    
[58.251s][info][gc,heap     ] GC(59)      Used:     3022M (74%)        3166M (77%)         290M (7%)          276M (7%)         3178M (78%)         242M (6%)     
[58.251s][info][gc,heap     ] GC(59)      Live:         -                22M (1%)           22M (1%)           22M (1%)             -                  -          
[58.251s][info][gc,heap     ] GC(59) Allocated:         -               144M (4%)          166M (4%)          217M (5%)             -                  -          
[58.251s][info][gc,heap     ] GC(59)   Garbage:         -              2999M (73%)         101M (2%)           35M (1%)             -                  -          
[58.251s][info][gc,heap     ] GC(59) Reclaimed:         -                  -              2898M (71%)        2963M (72%)            -                  -          
[58.252s][info][gc          ] GC(59) Garbage Collection (Allocation Rate) 3022M(74%)->276M(7%)
[59.553s][info][gc,start    ] GC(60) Garbage Collection (Allocation Rate)
[59.553s][info][gc,task     ] GC(60) Using 6 workers
[59.553s][info][gc,phases   ] GC(60) Pause Mark Start 0.018ms
[59.584s][info][gc,phases   ] GC(60) Concurrent Mark 30.888ms
[59.584s][info][gc,phases   ] GC(60) Pause Mark End 0.027ms
[59.585s][info][gc,phases   ] GC(60) Concurrent Mark Free 0.001ms
[59.585s][info][gc,phases   ] GC(60) Concurrent Process Non-Strong References 0.777ms
[59.585s][info][gc,phases   ] GC(60) Concurrent Reset Relocation Set 0.004ms
[59.589s][info][gc,phases   ] GC(60) Concurrent Select Relocation Set 3.284ms
[59.589s][info][gc,phases   ] GC(60) Pause Relocate Start 0.008ms
[59.591s][info][gc,phases   ] GC(60) Concurrent Relocate 1.721ms
[59.591s][info][gc,load     ] GC(60) Load: 0.00/0.00/0.00
[59.591s][info][gc,mmu      ] GC(60) MMU: 2ms/98.3%, 5ms/99.3%, 10ms/99.6%, 20ms/99.7%, 50ms/99.9%, 100ms/99.9%
[59.591s][info][gc,marking  ] GC(60) Mark: 4 stripe(s), 3 proactive flush(es), 1 terminate flush(es), 0 completion(s), 0 continuation(s) 
[59.591s][info][gc,marking  ] GC(60) Mark Stack Usage: 32M
[59.591s][info][gc,nmethod  ] GC(60) NMethods: 1385 registered, 204 unregistered
[59.591s][info][gc,metaspace] GC(60) Metaspace: 8M used, 8M committed, 1088M reserved
[59.591s][info][gc,ref      ] GC(60) Soft: 174 encountered, 0 discovered, 0 enqueued
[59.591s][info][gc,ref      ] GC(60) Weak: 570 encountered, 20 discovered, 0 enqueued
[59.591s][info][gc,ref      ] GC(60) Final: 0 encountered, 0 discovered, 0 enqueued
[59.591s][info][gc,ref      ] GC(60) Phantom: 21 encountered, 11 discovered, 0 enqueued
[59.591s][info][gc,reloc    ] GC(60) Small Pages: 1251 / 2502M, Empty: 2456M, Relocated: 1M, In-Place: 0
[59.591s][info][gc,reloc    ] GC(60) Medium Pages: 2 / 64M, Empty: 32M, Relocated: 0M, In-Place: 0
[59.591s][info][gc,reloc    ] GC(60) Large Pages: 0 / 0M, Empty: 0M, Relocated: 0M, In-Place: 0
[59.591s][info][gc,reloc    ] GC(60) Forwarding Usage: 0M
[59.591s][info][gc,heap     ] GC(60) Min Capacity: 8M(0%)
[59.591s][info][gc,heap     ] GC(60) Max Capacity: 4096M(100%)
[59.591s][info][gc,heap     ] GC(60) Soft Max Capacity: 4096M(100%)
[59.591s][info][gc,heap     ] GC(60)                Mark Start          Mark End        Relocate Start      Relocate End           High               Low         
[59.591s][info][gc,heap     ] GC(60)  Capacity:     3636M (89%)        3636M (89%)        3636M (89%)        3636M (89%)        3636M (89%)        3636M (89%)    
[59.591s][info][gc,heap     ] GC(60)      Free:     1530M (37%)        1514M (37%)        4000M (98%)        4000M (98%)        4000M (98%)        1514M (37%)    
[59.591s][info][gc,heap     ] GC(60)      Used:     2566M (63%)        2582M (63%)          96M (2%)           96M (2%)         2582M (63%)          96M (2%)     
[59.591s][info][gc,heap     ] GC(60)      Live:         -                30M (1%)           30M (1%)           30M (1%)             -                  -          
[59.591s][info][gc,heap     ] GC(60) Allocated:         -                16M (0%)           18M (0%)           17M (0%)             -                  -          
[59.591s][info][gc,heap     ] GC(60)   Garbage:         -              2535M (62%)          47M (1%)           47M (1%)             -                  -          
[59.591s][info][gc,heap     ] GC(60) Reclaimed:         -                  -              2488M (61%)        2487M (61%)            -                  -          
[59.591s][info][gc          ] GC(60) Garbage Collection (Allocation Rate) 2566M(63%)->96M(2%)
[59.594s][info][gc,start    ] GC(61) Garbage Collection (System.gc())
[59.594s][info][gc,task     ] GC(61) Using 12 workers
[59.594s][info][gc,phases   ] GC(61) Pause Mark Start 0.010ms
[59.600s][info][gc,phases   ] GC(61) Concurrent Mark 5.482ms
[59.600s][info][gc,phases   ] GC(61) Pause Mark End 0.015ms
[59.600s][info][gc,phases   ] GC(61) Concurrent Mark Free 0.001ms
[59.601s][info][gc,phases   ] GC(61) Concurrent Process Non-Strong References 0.495ms
[59.601s][info][gc,phases   ] GC(61) Concurrent Reset Relocation Set 0.001ms
[59.604s][info][gc,phases   ] GC(61) Concurrent Select Relocation Set 3.179ms
[59.604s][info][gc,phases   ] GC(61) Pause Relocate Start 0.006ms
[59.605s][info][gc,phases   ] GC(61) Concurrent Relocate 1.023ms
[59.605s][info][gc,load     ] GC(61) Load: 0.00/0.00/0.00
[59.605s][info][gc,mmu      ] GC(61) MMU: 2ms/98.3%, 5ms/99.3%, 10ms/99.6%, 20ms/99.7%, 50ms/99.8%, 100ms/99.9%
[59.605s][info][gc,marking  ] GC(61) Mark: 8 stripe(s), 1 proactive flush(es), 1 terminate flush(es), 0 completion(s), 0 continuation(s) 
[59.605s][info][gc,marking  ] GC(61) Mark Stack Usage: 32M
[59.605s][info][gc,nmethod  ] GC(61) NMethods: 1385 registered, 205 unregistered
[59.605s][info][gc,metaspace] GC(61) Metaspace: 8M used, 8M committed, 1088M reserved
[59.605s][info][gc,ref      ] GC(61) Soft: 174 encountered, 0 discovered, 0 enqueued
[59.605s][info][gc,ref      ] GC(61) Weak: 570 encountered, 3 discovered, 0 enqueued
[59.605s][info][gc,ref      ] GC(61) Final: 0 encountered, 0 discovered, 0 enqueued
[59.605s][info][gc,ref      ] GC(61) Phantom: 21 encountered, 18 discovered, 0 enqueued
[59.605s][info][gc,reloc    ] GC(61) Small Pages: 32 / 64M, Empty: 50M, Relocated: 1M, In-Place: 0
[59.605s][info][gc,reloc    ] GC(61) Medium Pages: 1 / 32M, Empty: 32M, Relocated: 0M, In-Place: 0
[59.605s][info][gc,reloc    ] GC(61) Large Pages: 0 / 0M, Empty: 0M, Relocated: 0M, In-Place: 0
[59.605s][info][gc,reloc    ] GC(61) Forwarding Usage: 0M
[59.605s][info][gc,heap     ] GC(61) Min Capacity: 8M(0%)
[59.605s][info][gc,heap     ] GC(61) Max Capacity: 4096M(100%)
[59.605s][info][gc,heap     ] GC(61) Soft Max Capacity: 4096M(100%)
[59.605s][info][gc,heap     ] GC(61)                Mark Start          Mark End        Relocate Start      Relocate End           High               Low         
[59.606s][info][gc,heap     ] GC(61)  Capacity:     3636M (89%)        3636M (89%)        3636M (89%)        3636M (89%)        3636M (89%)        3636M (89%)    
[59.606s][info][gc,heap     ] GC(61)      Free:     4000M (98%)        4000M (98%)        4082M (100%)       4082M (100%)       4082M (100%)       4000M (98%)    
[59.606s][info][gc,heap     ] GC(61)      Used:       96M (2%)           96M (2%)           14M (0%)           14M (0%)           96M (2%)           14M (0%)     
[59.606s][info][gc,heap     ] GC(61)      Live:         -                 4M (0%)            4M (0%)            4M (0%)             -                  -          
[59.606s][info][gc,heap     ] GC(61) Allocated:         -                 0M (0%)            0M (0%)            0M (0%)             -                  -          
[59.606s][info][gc,heap     ] GC(61)   Garbage:         -                91M (2%)            9M (0%)            9M (0%)             -                  -          
[59.606s][info][gc,heap     ] GC(61) Reclaimed:         -                  -                82M (2%)           82M (2%)             -                  -          
[59.606s][info][gc          ] GC(61) Garbage Collection (System.gc()) 96M(2%)->14M(0%)
[60.147s][info][gc,stats    ] === Garbage Collection Statistics =======================================================================================================================
[60.147s][info][gc,stats    ]                                                              Last 10s              Last 10m              Last 10h                Total
[60.147s][info][gc,stats    ]                                                              Avg / Max             Avg / Max             Avg / Max             Avg / Max
[60.147s][info][gc,stats    ]   Collector: Garbage Collection Cycle                     53.232 / 105.024      54.394 / 132.618      54.394 / 132.618      54.394 / 132.618     ms
[60.147s][info][gc,stats    ]  Contention: Mark Segment Reset Contention                     1 / 3                 0 / 4                 0 / 4                 0 / 4           ops/s
[60.147s][info][gc,stats    ]  Contention: Mark SeqNum Reset Contention                      0 / 1                 0 / 1                 0 / 1                 0 / 1           ops/s
[60.147s][info][gc,stats    ]    Critical: Allocation Stall                                  0 / 0                 0 / 0                 0 / 0                 0 / 0           ops/s
[60.147s][info][gc,stats    ]    Critical: Allocation Stall                              0.000 / 0.000         0.000 / 0.000         0.000 / 0.000         0.000 / 0.000       ms
[60.147s][info][gc,stats    ]    Critical: GC Locker Stall                                   0 / 0                 0 / 0                 0 / 0                 0 / 0           ops/s
[60.147s][info][gc,stats    ]    Critical: GC Locker Stall                               0.000 / 0.000         0.000 / 0.000         0.000 / 0.000         0.000 / 0.000       ms
[60.147s][info][gc,stats    ]    Critical: Relocation Stall                                  0 / 0                 0 / 0                 0 / 0                 0 / 0           ops/s
[60.147s][info][gc,stats    ]    Critical: Relocation Stall                              0.000 / 0.000         0.000 / 0.000         0.000 / 0.000         0.000 / 0.000       ms
[60.147s][info][gc,stats    ]      Memory: Allocation Rate                                2118 / 2470           2081 / 2602           2081 / 2602           2081 / 2602        MB/s
[60.147s][info][gc,stats    ]      Memory: Defragment                                        0 / 0                 0 / 32                0 / 32                0 / 32          ops/s
[60.147s][info][gc,stats    ]      Memory: Out Of Memory                                     0 / 0                 0 / 0                 0 / 0                 0 / 0           ops/s
[60.147s][info][gc,stats    ]      Memory: Page Cache Flush                                  0 / 0                 1 / 64                1 / 64                1 / 64          MB/s
[60.147s][info][gc,stats    ]      Memory: Page Cache Hit L1                              1050 / 1232           1004 / 1286           1004 / 1286           1004 / 1286        ops/s
[60.147s][info][gc,stats    ]      Memory: Page Cache Hit L2                                 0 / 0                 0 / 0                 0 / 0                 0 / 0           ops/s
[60.147s][info][gc,stats    ]      Memory: Page Cache Hit L3                                 0 / 0                17 / 432              17 / 432              17 / 432         ops/s
[60.147s][info][gc,stats    ]      Memory: Page Cache Miss                                   0 / 0                11 / 264              11 / 264              11 / 264         ops/s
[60.147s][info][gc,stats    ]      Memory: Uncommit                                          0 / 0                 0 / 0                 0 / 0                 0 / 0           MB/s
[60.147s][info][gc,stats    ]      Memory: Undo Object Allocation Failed                     0 / 0                 0 / 0                 0 / 0                 0 / 0           ops/s
[60.148s][info][gc,stats    ]      Memory: Undo Object Allocation Succeeded                  0 / 0                 3 / 204               3 / 204               3 / 204         ops/s
[60.148s][info][gc,stats    ]      Memory: Undo Page Allocation                              0 / 0                 0 / 0                 0 / 0                 0 / 0           ops/s
[60.148s][info][gc,stats    ]       Phase: Concurrent Mark                              38.379 / 79.149       37.916 / 98.630       37.916 / 98.630       37.916 / 98.630      ms
[60.148s][info][gc,stats    ]       Phase: Concurrent Mark Continue                      0.000 / 0.000         0.000 / 0.000         0.000 / 0.000         0.000 / 0.000       ms
[60.148s][info][gc,stats    ]       Phase: Concurrent Mark Free                          0.001 / 0.002         0.001 / 0.002         0.001 / 0.002         0.001 / 0.002       ms
[60.148s][info][gc,stats    ]       Phase: Concurrent Process Non-Strong References      2.195 / 5.930         2.012 / 5.930         2.012 / 5.930         2.012 / 5.930       ms
[60.148s][info][gc,stats    ]       Phase: Concurrent Relocate                           7.411 / 21.109        7.162 / 22.608        7.162 / 22.608        7.162 / 22.608      ms
[60.148s][info][gc,stats    ]       Phase: Concurrent Reset Relocation Set               0.003 / 0.006         0.003 / 0.006         0.003 / 0.006         0.003 / 0.006       ms
[60.148s][info][gc,stats    ]       Phase: Concurrent Select Relocation Set              4.312 / 6.258         5.464 / 14.862        5.464 / 14.862        5.464 / 14.862      ms
[60.148s][info][gc,stats    ]       Phase: Pause Mark End                                0.021 / 0.027         0.021 / 0.034         0.021 / 0.034         0.021 / 0.034       ms
[60.148s][info][gc,stats    ]       Phase: Pause Mark Start                              0.016 / 0.019         0.017 / 0.034         0.017 / 0.034         0.017 / 0.034       ms
[60.148s][info][gc,stats    ]       Phase: Pause Relocate Start                          0.008 / 0.013         0.008 / 0.013         0.008 / 0.013         0.008 / 0.013       ms
[60.148s][info][gc,stats    ]    Subphase: Concurrent Classes Purge                      0.007 / 0.017         0.026 / 0.431         0.026 / 0.431         0.026 / 0.431       ms
[60.148s][info][gc,stats    ]    Subphase: Concurrent Classes Unlink                     1.571 / 4.108         1.446 / 4.108         1.446 / 4.108         1.446 / 4.108       ms
[60.148s][info][gc,stats    ]    Subphase: Concurrent Mark                              16.510 / 78.286       18.536 / 96.984       18.536 / 96.984       18.536 / 96.984      ms
[60.148s][info][gc,stats    ]    Subphase: Concurrent Mark Try Flush                     0.033 / 0.071         0.034 / 0.168         0.034 / 0.168         0.034 / 0.168       ms
[60.148s][info][gc,stats    ]    Subphase: Concurrent Mark Try Terminate                 4.644 / 9.766         5.782 / 16.239        5.782 / 16.239        5.782 / 16.239      ms
[60.148s][info][gc,stats    ]    Subphase: Concurrent References Enqueue                 0.000 / 0.001         0.001 / 0.004         0.001 / 0.004         0.001 / 0.004       ms
[60.148s][info][gc,stats    ]    Subphase: Concurrent References Process                 0.049 / 0.102         0.053 / 0.102         0.053 / 0.102         0.053 / 0.102       ms
[60.148s][info][gc,stats    ]    Subphase: Concurrent Roots ClassLoaderDataGraph         0.075 / 0.484         0.067 / 0.519         0.067 / 0.519         0.067 / 0.519       ms
[60.148s][info][gc,stats    ]    Subphase: Concurrent Roots CodeCache                    0.000 / 0.000         0.000 / 0.000         0.000 / 0.000         0.000 / 0.000       ms
[60.148s][info][gc,stats    ]    Subphase: Concurrent Roots JavaThreads                  0.174 / 1.192         0.199 / 1.263         0.199 / 1.263         0.199 / 1.263       ms
[60.148s][info][gc,stats    ]    Subphase: Concurrent Roots OopStorageSet                0.015 / 0.093         0.017 / 0.195         0.017 / 0.195         0.017 / 0.195       ms
[60.148s][info][gc,stats    ]    Subphase: Concurrent Weak Roots OopStorageSet           0.140 / 1.646         0.135 / 1.646         0.135 / 1.646         0.135 / 1.646       ms
[60.148s][info][gc,stats    ]    Subphase: Pause Mark Try Complete                       0.000 / 0.000         0.000 / 0.000         0.000 / 0.000         0.000 / 0.000       ms
[60.148s][info][gc,stats    ]      System: Java Threads                                     11 / 12               12 / 24               12 / 24               12 / 24          threads
[60.148s][info][gc,stats    ] =========================================================================================================================================================
[61.053s][info][gc,start    ] GC(62) Garbage Collection (Allocation Rate)
[61.053s][info][gc,task     ] GC(62) Using 12 workers
[61.053s][info][gc,phases   ] GC(62) Pause Mark Start 0.019ms
[61.068s][info][gc,phases   ] GC(62) Concurrent Mark 15.199ms
[61.068s][info][gc,phases   ] GC(62) Pause Mark End 0.017ms
[61.069s][info][gc,phases   ] GC(62) Concurrent Mark Free 0.001ms
[61.069s][info][gc,phases   ] GC(62) Concurrent Process Non-Strong References 0.909ms
[61.069s][info][gc,phases   ] GC(62) Concurrent Reset Relocation Set 0.001ms
[61.075s][info][gc,phases   ] GC(62) Concurrent Select Relocation Set 5.509ms
[61.075s][info][gc,phases   ] GC(62) Pause Relocate Start 0.009ms
[61.078s][info][gc,phases   ] GC(62) Concurrent Relocate 3.072ms
[61.078s][info][gc,load     ] GC(62) Load: 0.00/0.00/0.00
[61.078s][info][gc,mmu      ] GC(62) MMU: 2ms/98.3%, 5ms/99.3%, 10ms/99.6%, 20ms/99.7%, 50ms/99.8%, 100ms/99.9%
[61.078s][info][gc,marking  ] GC(62) Mark: 8 stripe(s), 2 proactive flush(es), 1 terminate flush(es), 0 completion(s), 0 continuation(s) 
[61.079s][info][gc,marking  ] GC(62) Mark Stack Usage: 32M
[61.079s][info][gc,nmethod  ] GC(62) NMethods: 1386 registered, 206 unregistered
[61.079s][info][gc,metaspace] GC(62) Metaspace: 8M used, 8M committed, 1088M reserved
[61.079s][info][gc,ref      ] GC(62) Soft: 174 encountered, 0 discovered, 0 enqueued
[61.079s][info][gc,ref      ] GC(62) Weak: 570 encountered, 137 discovered, 0 enqueued
[61.079s][info][gc,ref      ] GC(62) Final: 0 encountered, 0 discovered, 0 enqueued
[61.079s][info][gc,ref      ] GC(62) Phantom: 21 encountered, 19 discovered, 0 enqueued
[61.079s][info][gc,reloc    ] GC(62) Small Pages: 1754 / 3508M, Empty: 3468M, Relocated: 4M, In-Place: 0
[61.079s][info][gc,reloc    ] GC(62) Medium Pages: 1 / 32M, Empty: 0M, Relocated: 0M, In-Place: 0
[61.079s][info][gc,reloc    ] GC(62) Large Pages: 0 / 0M, Empty: 0M, Relocated: 0M, In-Place: 0
[61.079s][info][gc,reloc    ] GC(62) Forwarding Usage: 1M
[61.079s][info][gc,heap     ] GC(62) Min Capacity: 8M(0%)
[61.079s][info][gc,heap     ] GC(62) Max Capacity: 4096M(100%)
[61.079s][info][gc,heap     ] GC(62) Soft Max Capacity: 4096M(100%)
[61.079s][info][gc,heap     ] GC(62)                Mark Start          Mark End        Relocate Start      Relocate End           High               Low         
[61.079s][info][gc,heap     ] GC(62)  Capacity:     3636M (89%)        3636M (89%)        3636M (89%)        3636M (89%)        3636M (89%)        3636M (89%)    
[61.079s][info][gc,heap     ] GC(62)      Free:      556M (14%)         550M (13%)        4012M (98%)        4012M (98%)        4014M (98%)         548M (13%)    
[61.079s][info][gc,heap     ] GC(62)      Used:     3540M (86%)        3546M (87%)          84M (2%)           84M (2%)         3548M (87%)          82M (2%)     
[61.079s][info][gc,heap     ] GC(62)      Live:         -                14M (0%)           14M (0%)           14M (0%)             -                  -          
[61.079s][info][gc,heap     ] GC(62) Allocated:         -                 6M (0%)           12M (0%)           15M (0%)             -                  -          
[61.079s][info][gc,heap     ] GC(62)   Garbage:         -              3525M (86%)          57M (1%)           53M (1%)             -                  -          
[61.079s][info][gc,heap     ] GC(62) Reclaimed:         -                  -              3468M (85%)        3471M (85%)            -                  -          
[61.079s][info][gc          ] GC(62) Garbage Collection (Allocation Rate) 3540M(86%)->84M(2%)
[62.146s][info][gc,start    ] GC(63) Garbage Collection (Allocation Rate)
[62.146s][info][gc,task     ] GC(63) Using 1 workers
[62.146s][info][gc,phases   ] GC(63) Pause Mark Start 0.018ms
[62.209s][info][gc,phases   ] GC(63) Concurrent Mark 62.601ms
[62.209s][info][gc,phases   ] GC(63) Pause Mark End 0.023ms
[62.209s][info][gc,phases   ] GC(63) Concurrent Mark Free 0.001ms
[62.213s][info][gc,phases   ] GC(63) Concurrent Process Non-Strong References 3.255ms
[62.213s][info][gc,phases   ] GC(63) Concurrent Reset Relocation Set 0.003ms
[62.221s][info][gc,phases   ] GC(63) Concurrent Select Relocation Set 8.056ms
[62.221s][info][gc,phases   ] GC(63) Pause Relocate Start 0.006ms
[62.239s][info][gc,phases   ] GC(63) Concurrent Relocate 18.455ms
[62.240s][info][gc,load     ] GC(63) Load: 0.00/0.00/0.00
[62.240s][info][gc,mmu      ] GC(63) MMU: 2ms/98.3%, 5ms/99.3%, 10ms/99.6%, 20ms/99.7%, 50ms/99.8%, 100ms/99.9%
[62.240s][info][gc,marking  ] GC(63) Mark: 1 stripe(s), 2 proactive flush(es), 1 terminate flush(es), 0 completion(s), 0 continuation(s) 
[62.240s][info][gc,marking  ] GC(63) Mark Stack Usage: 32M
[62.240s][info][gc,nmethod  ] GC(63) NMethods: 1388 registered, 206 unregistered
[62.240s][info][gc,metaspace] GC(63) Metaspace: 8M used, 8M committed, 1088M reserved
[62.240s][info][gc,ref      ] GC(63) Soft: 174 encountered, 0 discovered, 0 enqueued
[62.240s][info][gc,ref      ] GC(63) Weak: 570 encountered, 382 discovered, 0 enqueued
[62.240s][info][gc,ref      ] GC(63) Final: 0 encountered, 0 discovered, 0 enqueued
[62.240s][info][gc,ref      ] GC(63) Phantom: 21 encountered, 10 discovered, 0 enqueued
[62.240s][info][gc,reloc    ] GC(63) Small Pages: 1332 / 2664M, Empty: 2606M, Relocated: 6M, In-Place: 0
[62.240s][info][gc,reloc    ] GC(63) Medium Pages: 2 / 64M, Empty: 0M, Relocated: 1M, In-Place: 0
[62.240s][info][gc,reloc    ] GC(63) Large Pages: 0 / 0M, Empty: 0M, Relocated: 0M, In-Place: 0
[62.240s][info][gc,reloc    ] GC(63) Forwarding Usage: 2M
[62.240s][info][gc,heap     ] GC(63) Min Capacity: 8M(0%)
[62.240s][info][gc,heap     ] GC(63) Max Capacity: 4096M(100%)
[62.240s][info][gc,heap     ] GC(63) Soft Max Capacity: 4096M(100%)
[62.240s][info][gc,heap     ] GC(63)                Mark Start          Mark End        Relocate Start      Relocate End           High               Low         
[62.240s][info][gc,heap     ] GC(63)  Capacity:     3636M (89%)        3636M (89%)        3636M (89%)        3636M (89%)        3636M (89%)        3636M (89%)    
[62.240s][info][gc,heap     ] GC(63)      Free:     1368M (33%)        1294M (32%)        3882M (95%)        3898M (95%)        3930M (96%)        1288M (31%)    
[62.240s][info][gc,heap     ] GC(63)      Used:     2728M (67%)        2802M (68%)         214M (5%)          198M (5%)         2808M (69%)         166M (4%)     
[62.240s][info][gc,heap     ] GC(63)      Live:         -                22M (1%)           22M (1%)           22M (1%)             -                  -          
[62.240s][info][gc,heap     ] GC(63) Allocated:         -                74M (2%)           92M (2%)          139M (3%)             -                  -          
[62.240s][info][gc,heap     ] GC(63)   Garbage:         -              2705M (66%)          99M (2%)           35M (1%)             -                  -          
[62.240s][info][gc,heap     ] GC(63) Reclaimed:         -                  -              2606M (64%)        2669M (65%)            -                  -          
[62.240s][info][gc          ] GC(63) Garbage Collection (Allocation Rate) 2728M(67%)->198M(5%)
[63.552s][info][gc,start    ] GC(64) Garbage Collection (Allocation Rate)
[63.552s][info][gc,task     ] GC(64) Using 1 workers
[63.552s][info][gc,phases   ] GC(64) Pause Mark Start 0.018ms
[63.639s][info][gc,phases   ] GC(64) Concurrent Mark 86.980ms
[63.640s][info][gc,phases   ] GC(64) Pause Mark End 0.017ms
[63.640s][info][gc,phases   ] GC(64) Concurrent Mark Free 0.001ms
[63.645s][info][gc,phases   ] GC(64) Concurrent Process Non-Strong References 5.212ms
[63.645s][info][gc,phases   ] GC(64) Concurrent Reset Relocation Set 0.004ms
[63.649s][info][gc,phases   ] GC(64) Concurrent Select Relocation Set 4.312ms
[63.649s][info][gc,phases   ] GC(64) Pause Relocate Start 0.004ms
[63.659s][info][gc,phases   ] GC(64) Concurrent Relocate 9.781ms
[63.659s][info][gc,load     ] GC(64) Load: 0.00/0.00/0.00
[63.659s][info][gc,mmu      ] GC(64) MMU: 2ms/98.3%, 5ms/99.3%, 10ms/99.6%, 20ms/99.7%, 50ms/99.8%, 100ms/99.9%
[63.659s][info][gc,marking  ] GC(64) Mark: 1 stripe(s), 2 proactive flush(es), 1 terminate flush(es), 0 completion(s), 0 continuation(s) 
[63.659s][info][gc,marking  ] GC(64) Mark Stack Usage: 32M
[63.659s][info][gc,nmethod  ] GC(64) NMethods: 1398 registered, 206 unregistered
[63.660s][info][gc,metaspace] GC(64) Metaspace: 8M used, 8M committed, 1088M reserved
[63.660s][info][gc,ref      ] GC(64) Soft: 174 encountered, 0 discovered, 0 enqueued
[63.660s][info][gc,ref      ] GC(64) Weak: 570 encountered, 424 discovered, 0 enqueued
[63.660s][info][gc,ref      ] GC(64) Final: 0 encountered, 0 discovered, 0 enqueued
[63.660s][info][gc,ref      ] GC(64) Phantom: 21 encountered, 19 discovered, 0 enqueued
[63.660s][info][gc,reloc    ] GC(64) Small Pages: 1275 / 2550M, Empty: 2508M, Relocated: 3M, In-Place: 0
[63.660s][info][gc,reloc    ] GC(64) Medium Pages: 2 / 64M, Empty: 32M, Relocated: 0M, In-Place: 0
[63.660s][info][gc,reloc    ] GC(64) Large Pages: 0 / 0M, Empty: 0M, Relocated: 0M, In-Place: 0
[63.660s][info][gc,reloc    ] GC(64) Forwarding Usage: 1M
[63.660s][info][gc,heap     ] GC(64) Min Capacity: 8M(0%)
[63.660s][info][gc,heap     ] GC(64) Max Capacity: 4096M(100%)
[63.660s][info][gc,heap     ] GC(64) Soft Max Capacity: 4096M(100%)
[63.660s][info][gc,heap     ] GC(64)                Mark Start          Mark End        Relocate Start      Relocate End           High               Low         
[63.660s][info][gc,heap     ] GC(64)  Capacity:     3636M (89%)        3636M (89%)        3636M (89%)        3636M (89%)        3636M (89%)        3636M (89%)    
[63.660s][info][gc,heap     ] GC(64)      Free:     1482M (36%)        1406M (34%)        3940M (96%)        3948M (96%)        3948M (96%)        1402M (34%)    
[63.660s][info][gc,heap     ] GC(64)      Used:     2614M (64%)        2690M (66%)         156M (4%)          148M (4%)         2694M (66%)         148M (4%)     
[63.660s][info][gc,heap     ] GC(64)      Live:         -                31M (1%)           31M (1%)           31M (1%)             -                  -          
[63.660s][info][gc,heap     ] GC(64) Allocated:         -                76M (2%)           82M (2%)           81M (2%)             -                  -          
[63.660s][info][gc,heap     ] GC(64)   Garbage:         -              2582M (63%)          42M (1%)           34M (1%)             -                  -          
[63.660s][info][gc,heap     ] GC(64) Reclaimed:         -                  -              2540M (62%)        2547M (62%)            -                  -          
[63.660s][info][gc          ] GC(64) Garbage Collection (Allocation Rate) 2614M(64%)->148M(4%)
[63.660s][info][gc,start    ] GC(65) Garbage Collection (System.gc())
[63.660s][info][gc,task     ] GC(65) Using 12 workers
[63.660s][info][gc,phases   ] GC(65) Pause Mark Start 0.007ms
[63.677s][info][gc,phases   ] GC(65) Concurrent Mark 16.696ms
[63.677s][info][gc,phases   ] GC(65) Pause Mark End 0.017ms
[63.677s][info][gc,phases   ] GC(65) Concurrent Mark Free 0.001ms
[63.683s][info][gc,phases   ] GC(65) Concurrent Process Non-Strong References 5.842ms
[63.683s][info][gc,phases   ] GC(65) Concurrent Reset Relocation Set 0.002ms
[63.687s][info][gc,phases   ] GC(65) Concurrent Select Relocation Set 3.748ms
[63.687s][info][gc,phases   ] GC(65) Pause Relocate Start 0.007ms
[63.689s][info][gc,phases   ] GC(65) Concurrent Relocate 1.707ms
[63.689s][info][gc,load     ] GC(65) Load: 0.00/0.00/0.00
[63.689s][info][gc,mmu      ] GC(65) MMU: 2ms/98.3%, 5ms/99.3%, 10ms/99.6%, 20ms/99.7%, 50ms/99.8%, 100ms/99.9%
[63.689s][info][gc,marking  ] GC(65) Mark: 8 stripe(s), 1 proactive flush(es), 1 terminate flush(es), 0 completion(s), 0 continuation(s) 
[63.689s][info][gc,marking  ] GC(65) Mark Stack Usage: 32M
[63.689s][info][gc,nmethod  ] GC(65) NMethods: 350 registered, 1254 unregistered
[63.689s][info][gc,metaspace] GC(65) Metaspace: 8M used, 8M committed, 1088M reserved
[63.689s][info][gc,ref      ] GC(65) Soft: 174 encountered, 0 discovered, 0 enqueued
[63.689s][info][gc,ref      ] GC(65) Weak: 570 encountered, 70 discovered, 0 enqueued
[63.689s][info][gc,ref      ] GC(65) Final: 0 encountered, 0 discovered, 0 enqueued
[63.689s][info][gc,ref      ] GC(65) Phantom: 21 encountered, 18 discovered, 0 enqueued
[63.689s][info][gc,reloc    ] GC(65) Small Pages: 42 / 84M, Empty: 74M, Relocated: 1M, In-Place: 0
[63.689s][info][gc,reloc    ] GC(65) Medium Pages: 2 / 64M, Empty: 64M, Relocated: 0M, In-Place: 0
[63.689s][info][gc,reloc    ] GC(65) Large Pages: 0 / 0M, Empty: 0M, Relocated: 0M, In-Place: 0
[63.689s][info][gc,reloc    ] GC(65) Forwarding Usage: 0M
[63.689s][info][gc,heap     ] GC(65) Min Capacity: 8M(0%)
[63.689s][info][gc,heap     ] GC(65) Max Capacity: 4096M(100%)
[63.689s][info][gc,heap     ] GC(65) Soft Max Capacity: 4096M(100%)
[63.689s][info][gc,heap     ] GC(65)                Mark Start          Mark End        Relocate Start      Relocate End           High               Low         
[63.689s][info][gc,heap     ] GC(65)  Capacity:     3636M (89%)        3636M (89%)        3636M (89%)        3636M (89%)        3636M (89%)        3636M (89%)    
[63.689s][info][gc,heap     ] GC(65)      Free:     3948M (96%)        3948M (96%)        4086M (100%)       4086M (100%)       4086M (100%)       3948M (96%)    
[63.689s][info][gc,heap     ] GC(65)      Used:      148M (4%)          148M (4%)           10M (0%)           10M (0%)          148M (4%)           10M (0%)     
[63.690s][info][gc,heap     ] GC(65)      Live:         -                 4M (0%)            4M (0%)            4M (0%)             -                  -          
[63.690s][info][gc,heap     ] GC(65) Allocated:         -                 0M (0%)            0M (0%)            0M (0%)             -                  -          
[63.690s][info][gc,heap     ] GC(65)   Garbage:         -               143M (4%)            5M (0%)            5M (0%)             -                  -          
[63.690s][info][gc,heap     ] GC(65) Reclaimed:         -                  -               138M (3%)          138M (3%)             -                  -          
[63.690s][info][gc          ] GC(65) Garbage Collection (System.gc()) 148M(4%)->10M(0%)
[65.148s][info][gc,start    ] GC(66) Garbage Collection (Allocation Rate)
[65.148s][info][gc,task     ] GC(66) Using 12 workers
[65.148s][info][gc,phases   ] GC(66) Pause Mark Start 0.017ms
[65.163s][info][gc,phases   ] GC(66) Concurrent Mark 15.235ms
[65.164s][info][gc,phases   ] GC(66) Pause Mark End 0.022ms
[65.164s][info][gc,phases   ] GC(66) Concurrent Mark Free 0.001ms
[65.164s][info][gc,phases   ] GC(66) Concurrent Process Non-Strong References 0.342ms
[65.164s][info][gc,phases   ] GC(66) Concurrent Reset Relocation Set 0.001ms
[65.170s][info][gc,phases   ] GC(66) Concurrent Select Relocation Set 5.512ms
[65.170s][info][gc,phases   ] GC(66) Pause Relocate Start 0.007ms
[65.175s][info][gc,phases   ] GC(66) Concurrent Relocate 4.983ms
[65.175s][info][gc,load     ] GC(66) Load: 0.00/0.00/0.00
[65.175s][info][gc,mmu      ] GC(66) MMU: 2ms/98.3%, 5ms/99.3%, 10ms/99.6%, 20ms/99.7%, 50ms/99.8%, 100ms/99.9%
[65.175s][info][gc,marking  ] GC(66) Mark: 8 stripe(s), 2 proactive flush(es), 1 terminate flush(es), 0 completion(s), 0 continuation(s) 
[65.175s][info][gc,marking  ] GC(66) Mark Stack Usage: 32M
[65.175s][info][gc,nmethod  ] GC(66) NMethods: 351 registered, 0 unregistered
[65.175s][info][gc,metaspace] GC(66) Metaspace: 8M used, 8M committed, 1088M reserved
[65.175s][info][gc,ref      ] GC(66) Soft: 174 encountered, 0 discovered, 0 enqueued
[65.175s][info][gc,ref      ] GC(66) Weak: 570 encountered, 29 discovered, 0 enqueued
[65.175s][info][gc,ref      ] GC(66) Final: 0 encountered, 0 discovered, 0 enqueued
[65.175s][info][gc,ref      ] GC(66) Phantom: 21 encountered, 20 discovered, 0 enqueued
[65.175s][info][gc,reloc    ] GC(66) Small Pages: 1741 / 3482M, Empty: 3448M, Relocated: 4M, In-Place: 0
[65.175s][info][gc,reloc    ] GC(66) Medium Pages: 1 / 32M, Empty: 0M, Relocated: 0M, In-Place: 0
[65.175s][info][gc,reloc    ] GC(66) Large Pages: 0 / 0M, Empty: 0M, Relocated: 0M, In-Place: 0
[65.175s][info][gc,reloc    ] GC(66) Forwarding Usage: 1M
[65.175s][info][gc,heap     ] GC(66) Min Capacity: 8M(0%)
[65.175s][info][gc,heap     ] GC(66) Max Capacity: 4096M(100%)
[65.175s][info][gc,heap     ] GC(66) Soft Max Capacity: 4096M(100%)
[65.175s][info][gc,heap     ] GC(66)                Mark Start          Mark End        Relocate Start      Relocate End           High               Low         
[65.175s][info][gc,heap     ] GC(66)  Capacity:     3636M (89%)        3636M (89%)        3636M (89%)        3636M (89%)        3636M (89%)        3636M (89%)    
[65.175s][info][gc,heap     ] GC(66)      Free:      582M (14%)         548M (13%)        3984M (97%)        3972M (97%)        3988M (97%)         548M (13%)    
[65.175s][info][gc,heap     ] GC(66)      Used:     3514M (86%)        3548M (87%)         112M (3%)          124M (3%)         3548M (87%)         108M (3%)     
[65.175s][info][gc,heap     ] GC(66)      Live:         -                14M (0%)           14M (0%)           14M (0%)             -                  -          
[65.176s][info][gc,heap     ] GC(66) Allocated:         -                34M (1%)           46M (1%)           57M (1%)             -                  -          
[65.176s][info][gc,heap     ] GC(66)   Garbage:         -              3499M (85%)          51M (1%)           51M (1%)             -                  -          
[65.176s][info][gc,heap     ] GC(66) Reclaimed:         -                  -              3448M (84%)        3447M (84%)            -                  -          
[65.176s][info][gc          ] GC(66) Garbage Collection (Allocation Rate) 3514M(86%)->124M(3%)
[66.248s][info][gc,start    ] GC(67) Garbage Collection (Allocation Rate)
[66.248s][info][gc,task     ] GC(67) Using 1 workers
[66.249s][info][gc,phases   ] GC(67) Pause Mark Start 0.020ms
[66.326s][info][gc,phases   ] GC(67) Concurrent Mark 77.043ms
[66.326s][info][gc,phases   ] GC(67) Pause Mark End 0.019ms
[66.326s][info][gc,phases   ] GC(67) Concurrent Mark Free 0.001ms
[66.328s][info][gc,phases   ] GC(67) Concurrent Process Non-Strong References 1.873ms
[66.328s][info][gc,phases   ] GC(67) Concurrent Reset Relocation Set 0.002ms
[66.336s][info][gc,phases   ] GC(67) Concurrent Select Relocation Set 8.302ms
[66.336s][info][gc,phases   ] GC(67) Pause Relocate Start 0.009ms
[66.353s][info][gc,phases   ] GC(67) Concurrent Relocate 16.651ms
[66.353s][info][gc,load     ] GC(67) Load: 0.00/0.00/0.00
[66.353s][info][gc,mmu      ] GC(67) MMU: 2ms/98.3%, 5ms/99.3%, 10ms/99.6%, 20ms/99.7%, 50ms/99.8%, 100ms/99.9%
[66.353s][info][gc,marking  ] GC(67) Mark: 1 stripe(s), 2 proactive flush(es), 1 terminate flush(es), 0 completion(s), 0 continuation(s) 
[66.353s][info][gc,marking  ] GC(67) Mark Stack Usage: 32M
[66.353s][info][gc,nmethod  ] GC(67) NMethods: 351 registered, 0 unregistered
[66.353s][info][gc,metaspace] GC(67) Metaspace: 8M used, 8M committed, 1088M reserved
[66.353s][info][gc,ref      ] GC(67) Soft: 174 encountered, 0 discovered, 0 enqueued
[66.353s][info][gc,ref      ] GC(67) Weak: 570 encountered, 382 discovered, 0 enqueued
[66.353s][info][gc,ref      ] GC(67) Final: 0 encountered, 0 discovered, 0 enqueued
[66.353s][info][gc,ref      ] GC(67) Phantom: 21 encountered, 10 discovered, 0 enqueued
[66.353s][info][gc,reloc    ] GC(67) Small Pages: 1371 / 2742M, Empty: 2680M, Relocated: 6M, In-Place: 0
[66.353s][info][gc,reloc    ] GC(67) Medium Pages: 2 / 64M, Empty: 0M, Relocated: 1M, In-Place: 0
[66.354s][info][gc,reloc    ] GC(67) Large Pages: 0 / 0M, Empty: 0M, Relocated: 0M, In-Place: 0
[66.354s][info][gc,reloc    ] GC(67) Forwarding Usage: 3M
[66.354s][info][gc,heap     ] GC(67) Min Capacity: 8M(0%)
[66.354s][info][gc,heap     ] GC(67) Max Capacity: 4096M(100%)
[66.354s][info][gc,heap     ] GC(67) Soft Max Capacity: 4096M(100%)
[66.354s][info][gc,heap     ] GC(67)                Mark Start          Mark End        Relocate Start      Relocate End           High               Low         
[66.354s][info][gc,heap     ] GC(67)  Capacity:     3636M (89%)        3636M (89%)        3636M (89%)        3636M (89%)        3636M (89%)        3636M (89%)    
[66.354s][info][gc,heap     ] GC(67)      Free:     1290M (31%)        1142M (28%)        3816M (93%)        3868M (94%)        3878M (95%)        1140M (28%)    
[66.354s][info][gc,heap     ] GC(67)      Used:     2806M (69%)        2954M (72%)         280M (7%)          228M (6%)         2956M (72%)         218M (5%)     
[66.354s][info][gc,heap     ] GC(67)      Live:         -                22M (1%)           22M (1%)           22M (1%)             -                  -          
[66.354s][info][gc,heap     ] GC(67) Allocated:         -               148M (4%)          154M (4%)          169M (4%)             -                  -          
[66.354s][info][gc,heap     ] GC(67)   Garbage:         -              2783M (68%)         103M (3%)           36M (1%)             -                  -          
[66.354s][info][gc,heap     ] GC(67) Reclaimed:         -                  -              2680M (65%)        2747M (67%)            -                  -          
[66.354s][info][gc          ] GC(67) Garbage Collection (Allocation Rate) 2806M(69%)->228M(6%)
[67.542s][info][gc,start    ] GC(68) Garbage Collection (Allocation Rate)
[67.542s][info][gc,task     ] GC(68) Using 1 workers
[67.542s][info][gc,phases   ] GC(68) Pause Mark Start 0.018ms
[67.625s][info][gc,phases   ] GC(68) Concurrent Mark 82.649ms
[67.625s][info][gc,phases   ] GC(68) Pause Mark End 0.018ms
[67.625s][info][gc,phases   ] GC(68) Concurrent Mark Free 0.001ms
[67.627s][info][gc,phases   ] GC(68) Concurrent Process Non-Strong References 1.986ms
[67.627s][info][gc,phases   ] GC(68) Concurrent Reset Relocation Set 0.006ms
[67.632s][info][gc,phases   ] GC(68) Concurrent Select Relocation Set 4.337ms
[67.632s][info][gc,phases   ] GC(68) Pause Relocate Start 0.004ms
[67.640s][info][gc,phases   ] GC(68) Concurrent Relocate 8.663ms
[67.640s][info][gc,load     ] GC(68) Load: 0.00/0.00/0.00
[67.640s][info][gc,mmu      ] GC(68) MMU: 2ms/98.3%, 5ms/99.3%, 10ms/99.6%, 20ms/99.7%, 50ms/99.8%, 100ms/99.9%
[67.641s][info][gc,marking  ] GC(68) Mark: 1 stripe(s), 2 proactive flush(es), 1 terminate flush(es), 0 completion(s), 0 continuation(s) 
[67.641s][info][gc,marking  ] GC(68) Mark Stack Usage: 32M
[67.641s][info][gc,nmethod  ] GC(68) NMethods: 351 registered, 0 unregistered
[67.641s][info][gc,metaspace] GC(68) Metaspace: 8M used, 8M committed, 1088M reserved
[67.641s][info][gc,ref      ] GC(68) Soft: 174 encountered, 0 discovered, 0 enqueued
[67.641s][info][gc,ref      ] GC(68) Weak: 570 encountered, 424 discovered, 0 enqueued
[67.641s][info][gc,ref      ] GC(68) Final: 0 encountered, 0 discovered, 0 enqueued
[67.641s][info][gc,ref      ] GC(68) Phantom: 21 encountered, 19 discovered, 0 enqueued
[67.641s][info][gc,reloc    ] GC(68) Small Pages: 1247 / 2494M, Empty: 2452M, Relocated: 3M, In-Place: 0
[67.641s][info][gc,reloc    ] GC(68) Medium Pages: 2 / 64M, Empty: 32M, Relocated: 0M, In-Place: 0
[67.641s][info][gc,reloc    ] GC(68) Large Pages: 0 / 0M, Empty: 0M, Relocated: 0M, In-Place: 0
[67.641s][info][gc,reloc    ] GC(68) Forwarding Usage: 1M
[67.641s][info][gc,heap     ] GC(68) Min Capacity: 8M(0%)
[67.641s][info][gc,heap     ] GC(68) Max Capacity: 4096M(100%)
[67.641s][info][gc,heap     ] GC(68) Soft Max Capacity: 4096M(100%)
[67.641s][info][gc,heap     ] GC(68)                Mark Start          Mark End        Relocate Start      Relocate End           High               Low         
[67.641s][info][gc,heap     ] GC(68)  Capacity:     3636M (89%)        3636M (89%)        3636M (89%)        3636M (89%)        3636M (89%)        3636M (89%)    
[67.641s][info][gc,heap     ] GC(68)      Free:     1538M (38%)        1506M (37%)        3990M (97%)        3996M (98%)        3996M (98%)        1506M (37%)    
[67.641s][info][gc,heap     ] GC(68)      Used:     2558M (62%)        2590M (63%)         106M (3%)          100M (2%)         2590M (63%)         100M (2%)     
[67.641s][info][gc,heap     ] GC(68)      Live:         -                30M (1%)           30M (1%)           30M (1%)             -                  -          
[67.641s][info][gc,heap     ] GC(68) Allocated:         -                32M (1%)           32M (1%)           33M (1%)             -                  -          
[67.641s][info][gc,heap     ] GC(68)   Garbage:         -              2527M (62%)          43M (1%)           35M (1%)             -                  -          
[67.641s][info][gc,heap     ] GC(68) Reclaimed:         -                  -              2484M (61%)        2491M (61%)            -                  -          
[67.641s][info][gc          ] GC(68) Garbage Collection (Allocation Rate) 2558M(62%)->100M(2%)
[67.745s][info][gc,start    ] GC(69) Garbage Collection (Allocation Rate)
[67.745s][info][gc,task     ] GC(69) Using 6 workers
[67.745s][info][gc,phases   ] GC(69) Pause Mark Start 0.015ms
[67.788s][info][gc          ] GC(69) Garbage Collection (Allocation Rate) Aborted
[67.788s][info][gc,heap,exit] Heap
[67.788s][info][gc,heap,exit]  ZHeap           used 156M, capacity 3636M, max capacity 4096M
[67.788s][info][gc,heap,exit]  Metaspace       used 8698K, committed 8960K, reserved 1114112K
[67.788s][info][gc,heap,exit]   class space    used 1162K, committed 1280K, reserved 1048576K
