[0.017s][info][gc] Using Epsilon
[0.020s][info][gc,init] Version: 20+36-2344 (release)
[0.020s][info][gc,init] CPUs: 48 total, 48 available
[0.020s][info][gc,init] Memory: 382G
[0.020s][info][gc,init] Large Page Support: Disabled
[0.020s][info][gc,init] NUMA Support: Disabled
[0.020s][info][gc,init] Compressed Oops: Enabled (32-bit)
[0.021s][info][gc,init] Heap Min Capacity: 6656K
[0.021s][info][gc,init] Heap Initial Capacity: 1G
[0.021s][info][gc,init] Heap Max Capacity: 1G
[0.021s][info][gc,init] Pre-touch: Disabled
[0.021s][warning][gc,init] Consider enabling -XX:+AlwaysPreTouch to avoid memory commit hiccups
[0.030s][info   ][gc,init] TLAB Size Max: 4M
[0.030s][info   ][gc,init] TLAB Size Elasticity: 1.10x
[0.030s][info   ][gc,init] TLAB Size Decay Time: 1000ms
[0.032s][info   ][gc,metaspace] CDS archive(s) mapped at: [0x0000000800000000-0x0000000800c60000-0x0000000800c60000), size 12976128, SharedBaseAddress: 0x0000000800000000, ArchiveRelocationMode: 0.
[0.032s][info   ][gc,metaspace] Compressed class space mapped at: 0x0000000801000000-0x0000000841000000, reserved size: 1073741824
[0.032s][info   ][gc,metaspace] Narrow klass base: 0x0000000800000000, Narrow klass shift: 0, Narrow klass range: 0x100000000
[2.122s][info   ][gc          ] GC request for "System.gc()" is ignored
[2.755s][info   ][gc          ] Heap: 1024M reserved, 1024M (100.00%) committed, 52474K (5.00%) used
[2.755s][info   ][gc,metaspace] Metaspace: 1088M reserved, 4416K (0.40%) committed, 4329K (0.39%) used
[3.081s][info   ][gc          ] Heap: 1024M reserved, 1024M (100.00%) committed, 102M (10.01%) used
[3.081s][info   ][gc,metaspace] Metaspace: 1088M reserved, 6272K (0.56%) committed, 6080K (0.55%) used
[3.215s][info   ][gc          ] Heap: 1024M reserved, 1024M (100.00%) committed, 153M (15.03%) used
[3.215s][info   ][gc,metaspace] Metaspace: 1088M reserved, 7296K (0.65%) committed, 6867K (0.62%) used
[3.310s][info   ][gc          ] Heap: 1024M reserved, 1024M (100.00%) committed, 205M (20.06%) used
[3.310s][info   ][gc,metaspace] Metaspace: 1088M reserved, 8192K (0.74%) committed, 7690K (0.69%) used
[3.412s][info   ][gc          ] Heap: 1024M reserved, 1024M (100.00%) committed, 257M (25.18%) used
[3.412s][info   ][gc,metaspace] Metaspace: 1088M reserved, 8512K (0.76%) committed, 8072K (0.72%) used
[3.543s][info   ][gc          ] Heap: 1024M reserved, 1024M (100.00%) committed, 309M (30.21%) used
[3.543s][info   ][gc,metaspace] Metaspace: 1088M reserved, 8704K (0.78%) committed, 8282K (0.74%) used
[3.706s][info   ][gc          ] Heap: 1024M reserved, 1024M (100.00%) committed, 361M (35.29%) used
[3.706s][info   ][gc,metaspace] Metaspace: 1088M reserved, 9280K (0.83%) committed, 8816K (0.79%) used
[3.995s][info   ][gc          ] Heap: 1024M reserved, 1024M (100.00%) committed, 413M (40.37%) used
[3.995s][info   ][gc,metaspace] Metaspace: 1088M reserved, 9280K (0.83%) committed, 8818K (0.79%) used
[5.261s][info   ][gc,heap,exit] Heap
[5.261s][info   ][gc,heap,exit] Epsilon Heap
[5.261s][info   ][gc,heap,exit] Allocation space:
[5.261s][info   ][gc,heap,exit]  space 1048576K,  44% used [0x00000000c0000000, 0x00000000dc6276a0, 0x0000000100000000)
[5.261s][info   ][gc,heap,exit]  Metaspace       used 9329K, committed 9728K, reserved 1114112K
[5.261s][info   ][gc,heap,exit]   class space    used 1052K, committed 1216K, reserved 1048576K
[5.262s][info   ][gc          ] Heap: 1024M reserved, 1024M (100.00%) committed, 454M (44.35%) used
[5.262s][info   ][gc,metaspace] Metaspace: 1088M reserved, 9728K (0.87%) committed, 9329K (0.84%) used
