[0.015s][info][gc] Using Epsilon
[0.017s][info][gc,init] Version: 20+36-2344 (release)
[0.017s][info][gc,init] CPUs: 48 total, 48 available
[0.017s][info][gc,init] Memory: 382G
[0.017s][info][gc,init] Large Page Support: Disabled
[0.017s][info][gc,init] NUMA Support: Disabled
[0.017s][info][gc,init] Compressed Oops: Enabled (32-bit)
[0.017s][info][gc,init] Heap Min Capacity: 6656K
[0.017s][info][gc,init] Heap Initial Capacity: 512M
[0.017s][info][gc,init] Heap Max Capacity: 512M
[0.017s][info][gc,init] Pre-touch: Disabled
[0.017s][warning][gc,init] Consider enabling -XX:+AlwaysPreTouch to avoid memory commit hiccups
[0.025s][info   ][gc,init] TLAB Size Max: 4M
[0.025s][info   ][gc,init] TLAB Size Elasticity: 1.10x
[0.026s][info   ][gc,init] TLAB Size Decay Time: 1000ms
[0.027s][info   ][gc,metaspace] CDS archive(s) mapped at: [0x0000000800000000-0x0000000800c60000-0x0000000800c60000), size 12976128, SharedBaseAddress: 0x0000000800000000, ArchiveRelocationMode: 0.
[0.027s][info   ][gc,metaspace] Compressed class space mapped at: 0x0000000801000000-0x0000000841000000, reserved size: 1073741824
[0.027s][info   ][gc,metaspace] Narrow klass base: 0x0000000800000000, Narrow klass shift: 0, Narrow klass range: 0x100000000
[3.528s][info   ][gc          ] GC request for "System.gc()" is ignored
[3.921s][info   ][gc          ] Heap: 512M reserved, 512M (100.00%) committed, 26216K (5.00%) used
[3.921s][info   ][gc,metaspace] Metaspace: 1088M reserved, 3840K (0.34%) committed, 3727K (0.33%) used
[4.109s][info   ][gc          ] Heap: 512M reserved, 512M (100.00%) committed, 52457K (10.01%) used
[4.109s][info   ][gc,metaspace] Metaspace: 1088M reserved, 4352K (0.39%) committed, 4226K (0.38%) used
[4.368s][info   ][gc          ] Heap: 512M reserved, 512M (100.00%) committed, 78711K (15.01%) used
[4.368s][info   ][gc,metaspace] Metaspace: 1088M reserved, 6016K (0.54%) committed, 5906K (0.53%) used
[4.461s][info   ][gc          ] Heap: 512M reserved, 512M (100.00%) committed, 103M (20.14%) used
[4.461s][info   ][gc,metaspace] Metaspace: 1088M reserved, 6208K (0.56%) committed, 6064K (0.54%) used
[4.545s][info   ][gc          ] Heap: 512M reserved, 512M (100.00%) committed, 128M (25.19%) used
[4.545s][info   ][gc,metaspace] Metaspace: 1088M reserved, 6720K (0.60%) committed, 6429K (0.58%) used
[4.601s][info   ][gc          ] Heap: 512M reserved, 512M (100.00%) committed, 154M (30.22%) used
[4.601s][info   ][gc,metaspace] Metaspace: 1088M reserved, 7296K (0.65%) committed, 6885K (0.62%) used
[4.645s][info   ][gc          ] Heap: 512M reserved, 512M (100.00%) committed, 180M (35.25%) used
[4.645s][info   ][gc,metaspace] Metaspace: 1088M reserved, 7552K (0.68%) committed, 7163K (0.64%) used
[4.701s][info   ][gc          ] Heap: 512M reserved, 512M (100.00%) committed, 206M (40.27%) used
[4.701s][info   ][gc,metaspace] Metaspace: 1088M reserved, 8064K (0.72%) committed, 7624K (0.68%) used
[4.744s][info   ][gc          ] Heap: 512M reserved, 512M (100.00%) committed, 231M (45.30%) used
[4.744s][info   ][gc,metaspace] Metaspace: 1088M reserved, 8448K (0.76%) committed, 8012K (0.72%) used
[4.787s][info   ][gc          ] Heap: 512M reserved, 512M (100.00%) committed, 257M (50.33%) used
[4.787s][info   ][gc,metaspace] Metaspace: 1088M reserved, 8512K (0.76%) committed, 8114K (0.73%) used
[4.848s][info   ][gc          ] Heap: 512M reserved, 512M (100.00%) committed, 283M (55.38%) used
[4.848s][info   ][gc,metaspace] Metaspace: 1088M reserved, 8640K (0.78%) committed, 8184K (0.73%) used
[4.916s][info   ][gc          ] Heap: 512M reserved, 512M (100.00%) committed, 309M (60.40%) used
[4.916s][info   ][gc,metaspace] Metaspace: 1088M reserved, 8704K (0.78%) committed, 8291K (0.74%) used
[4.969s][info   ][gc          ] Heap: 512M reserved, 512M (100.00%) committed, 335M (65.59%) used
[4.969s][info   ][gc,metaspace] Metaspace: 1088M reserved, 9152K (0.82%) committed, 8776K (0.79%) used
[5.111s][info   ][gc          ] Heap: 512M reserved, 512M (100.00%) committed, 362M (70.81%) used
[5.111s][info   ][gc,metaspace] Metaspace: 1088M reserved, 9280K (0.83%) committed, 8827K (0.79%) used
[5.378s][info   ][gc          ] Heap: 512M reserved, 512M (100.00%) committed, 390M (76.28%) used
[5.378s][info   ][gc,metaspace] Metaspace: 1088M reserved, 9280K (0.83%) committed, 8828K (0.79%) used
[5.528s][info   ][gc          ] Heap: 512M reserved, 512M (100.00%) committed, 418M (81.74%) used
[5.528s][info   ][gc,metaspace] Metaspace: 1088M reserved, 9280K (0.83%) committed, 8828K (0.79%) used
[5.631s][info   ][gc          ] Heap: 512M reserved, 512M (100.00%) committed, 446M (87.21%) used
[5.631s][info   ][gc,metaspace] Metaspace: 1088M reserved, 9344K (0.84%) committed, 8894K (0.80%) used
[6.429s][info   ][gc,heap,exit] Heap
[6.429s][info   ][gc,heap,exit] Epsilon Heap
[6.429s][info   ][gc,heap,exit] Allocation space:
[6.429s][info   ][gc,heap,exit]  space 524288K,  87% used [0x00000000e0000000, 0x00000000fc2884e0, 0x0000000100000000)
[6.429s][info   ][gc,heap,exit]  Metaspace       used 9339K, committed 9728K, reserved 1114112K
[6.429s][info   ][gc,heap,exit]   class space    used 1053K, committed 1216K, reserved 1048576K
[6.429s][info   ][gc          ] Heap: 512M reserved, 512M (100.00%) committed, 450M (87.99%) used
[6.429s][info   ][gc,metaspace] Metaspace: 1088M reserved, 9728K (0.87%) committed, 9339K (0.84%) used
