[0.015s][info][gc] Using Epsilon
[0.021s][info][gc,init] Version: 20+36-2344 (release)
[0.021s][info][gc,init] CPUs: 48 total, 48 available
[0.021s][info][gc,init] Memory: 382G
[0.021s][info][gc,init] Large Page Support: Disabled
[0.021s][info][gc,init] NUMA Support: Disabled
[0.021s][info][gc,init] Compressed Oops: Enabled (Zero based)
[0.021s][info][gc,init] Heap Min Capacity: 6656K
[0.021s][info][gc,init] Heap Initial Capacity: 2G
[0.021s][info][gc,init] Heap Max Capacity: 4G
[0.021s][info][gc,init] Pre-touch: Disabled
[0.021s][warning][gc,init] Consider setting -Xms equal to -Xmx to avoid resizing hiccups
[0.031s][warning][gc,init] Consider enabling -XX:+AlwaysPreTouch to avoid memory commit hiccups
[0.031s][info   ][gc,init] TLAB Size Max: 4M
[0.031s][info   ][gc,init] TLAB Size Elasticity: 1.10x
[0.031s][info   ][gc,init] TLAB Size Decay Time: 1000ms
[0.033s][info   ][gc,metaspace] CDS archive(s) mapped at: [0x0000000800000000-0x0000000800c60000-0x0000000800c60000), size 12976128, SharedBaseAddress: 0x0000000800000000, ArchiveRelocationMode: 0.
[0.033s][info   ][gc,metaspace] Compressed class space mapped at: 0x0000000801000000-0x0000000841000000, reserved size: 1073741824
[0.033s][info   ][gc,metaspace] Narrow klass base: 0x0000000800000000, Narrow klass shift: 0, Narrow klass range: 0x100000000
[1.454s][info   ][gc          ] GC request for "System.gc()" is ignored
[2.670s][info   ][gc          ] Heap: 4096M reserved, 2048M (50.00%) committed, 205M (5.01%) used
[2.670s][info   ][gc,metaspace] Metaspace: 1088M reserved, 8192K (0.74%) committed, 7707K (0.69%) used
[3.387s][info   ][gc          ] Heap: 4096M reserved, 2048M (50.00%) committed, 410M (10.02%) used
[3.387s][info   ][gc,metaspace] Metaspace: 1088M reserved, 9216K (0.83%) committed, 8806K (0.79%) used
[4.279s][info   ][gc,heap,exit] Heap
[4.280s][info   ][gc,heap,exit] Epsilon Heap
[4.280s][info   ][gc,heap,exit] Allocation space:
[4.280s][info   ][gc,heap,exit]  space 2097152K,  22% used [0x0000000700000000, 0x000000071c3115d0, 0x0000000780000000)
[4.280s][info   ][gc,heap,exit]  Metaspace       used 9317K, committed 9728K, reserved 1114112K
[4.280s][info   ][gc,heap,exit]   class space    used 1052K, committed 1216K, reserved 1048576K
[4.280s][info   ][gc          ] Heap: 4096M reserved, 2048M (50.00%) committed, 451M (11.01%) used
[4.280s][info   ][gc,metaspace] Metaspace: 1088M reserved, 9728K (0.87%) committed, 9317K (0.84%) used
