[0.018s][info][gc] Using Epsilon
[0.024s][info][gc,init] Version: 20+36-2344 (release)
[0.024s][info][gc,init] CPUs: 48 total, 48 available
[0.024s][info][gc,init] Memory: 382G
[0.024s][info][gc,init] Large Page Support: Disabled
[0.024s][info][gc,init] NUMA Support: Disabled
[0.024s][info][gc,init] Compressed Oops: Enabled (32-bit)
[0.024s][info][gc,init] Heap Min Capacity: 6656K
[0.024s][info][gc,init] Heap Initial Capacity: 2G
[0.024s][info][gc,init] Heap Max Capacity: 2G
[0.024s][info][gc,init] Pre-touch: Disabled
[0.024s][warning][gc,init] Consider enabling -XX:+AlwaysPreTouch to avoid memory commit hiccups
[0.031s][info   ][gc,init] TLAB Size Max: 4M
[0.031s][info   ][gc,init] TLAB Size Elasticity: 1.10x
[0.031s][info   ][gc,init] TLAB Size Decay Time: 1000ms
[0.032s][info   ][gc,metaspace] CDS archive(s) mapped at: [0x0000000800000000-0x0000000800c60000-0x0000000800c60000), size 12976128, SharedBaseAddress: 0x0000000800000000, ArchiveRelocationMode: 0.
[0.032s][info   ][gc,metaspace] Compressed class space mapped at: 0x0000000801000000-0x0000000841000000, reserved size: 1073741824
[0.032s][info   ][gc,metaspace] Narrow klass base: 0x0000000800000000, Narrow klass shift: 0, Narrow klass range: 0x100000000
[1.474s][info   ][gc          ] GC request for "System.gc()" is ignored
[2.402s][info   ][gc          ] Heap: 2048M reserved, 2048M (100.00%) committed, 102M (5.01%) used
[2.402s][info   ][gc,metaspace] Metaspace: 1088M reserved, 6336K (0.57%) committed, 6096K (0.55%) used
[2.632s][info   ][gc          ] Heap: 2048M reserved, 2048M (100.00%) committed, 205M (10.04%) used
[2.632s][info   ][gc,metaspace] Metaspace: 1088M reserved, 8192K (0.74%) committed, 7704K (0.69%) used
[2.869s][info   ][gc          ] Heap: 2048M reserved, 2048M (100.00%) committed, 308M (15.05%) used
[2.869s][info   ][gc,metaspace] Metaspace: 1088M reserved, 8704K (0.78%) committed, 8265K (0.74%) used
[3.348s][info   ][gc          ] Heap: 2048M reserved, 2048M (100.00%) committed, 413M (20.19%) used
[3.348s][info   ][gc,metaspace] Metaspace: 1088M reserved, 9280K (0.83%) committed, 8802K (0.79%) used
[4.211s][info   ][gc,heap,exit] Heap
[4.211s][info   ][gc,heap,exit] Epsilon Heap
[4.211s][info   ][gc,heap,exit] Allocation space:
[4.211s][info   ][gc,heap,exit]  space 2097152K,  21% used [0x0000000080000000, 0x000000009c252bf8, 0x0000000100000000)
[4.211s][info   ][gc,heap,exit]  Metaspace       used 9314K, committed 9728K, reserved 1114112K
[4.211s][info   ][gc,heap,exit]   class space    used 1050K, committed 1216K, reserved 1048576K
[4.211s][info   ][gc          ] Heap: 2048M reserved, 2048M (100.00%) committed, 450M (21.99%) used
[4.211s][info   ][gc,metaspace] Metaspace: 1088M reserved, 9728K (0.87%) committed, 9314K (0.84%) used
