[0.020s][info][gc,init] CardTable entry size: 512
[0.020s][info][gc     ] Using G1
[0.044s][info][gc,init] Version: 20+36-2344 (release)
[0.044s][info][gc,init] CPUs: 48 total, 48 available
[0.044s][info][gc,init] Memory: 382G
[0.044s][info][gc,init] Large Page Support: Disabled
[0.044s][info][gc,init] NUMA Support: Disabled
[0.044s][info][gc,init] Compressed Oops: Enabled (32-bit)
[0.044s][info][gc,init] Heap Region Size: 1M
[0.044s][info][gc,init] Heap Min Capacity: 8M
[0.044s][info][gc,init] Heap Initial Capacity: 2G
[0.044s][info][gc,init] Heap Max Capacity: 2G
[0.045s][info][gc,init] Pre-touch: Disabled
[0.058s][info][gc,init] Parallel Workers: 33
[0.058s][info][gc,init] Concurrent Workers: 8
[0.058s][info][gc,init] Concurrent Refinement Workers: 33
[0.058s][info][gc,init] Periodic GC: Disabled
[0.060s][info][gc,metaspace] CDS archive(s) mapped at: [0x0000000800000000-0x0000000800c60000-0x0000000800c60000), size 12976128, SharedBaseAddress: 0x0000000800000000, ArchiveRelocationMode: 0.
[0.060s][info][gc,metaspace] Compressed class space mapped at: 0x0000000801000000-0x0000000841000000, reserved size: 1073741824
[0.060s][info][gc,metaspace] Narrow klass base: 0x0000000800000000, Narrow klass shift: 0, Narrow klass range: 0x100000000
[2.048s][info][gc,start    ] GC(0) Pause Full (System.gc())
[2.049s][info][gc,task     ] GC(0) Using 21 workers of 33 for full compaction
[2.050s][info][gc,phases,start] GC(0) Phase 1: Mark live objects
[2.052s][info][gc,phases      ] GC(0) Phase 1: Mark live objects 1.788ms
[2.052s][info][gc,phases,start] GC(0) Phase 2: Prepare compaction
[2.057s][info][gc,phases      ] GC(0) Phase 2: Prepare compaction 4.592ms
[2.057s][info][gc,phases,start] GC(0) Phase 3: Adjust pointers
[2.058s][info][gc,phases      ] GC(0) Phase 3: Adjust pointers 1.011ms
[2.058s][info][gc,phases,start] GC(0) Phase 4: Compact heap
[2.059s][info][gc,phases      ] GC(0) Phase 4: Compact heap 1.056ms
[2.077s][info][gc,heap        ] GC(0) Eden regions: 21->0(12)
[2.077s][info][gc,heap        ] GC(0) Survivor regions: 0->0(0)
[2.077s][info][gc,heap        ] GC(0) Old regions: 0->10
[2.077s][info][gc,heap        ] GC(0) Archive regions: 0->0
[2.077s][info][gc,heap        ] GC(0) Humongous regions: 0->0
[2.077s][info][gc,metaspace   ] GC(0) Metaspace: 1263K(1408K)->1263K(1408K) NonClass: 1169K(1280K)->1169K(1280K) Class: 94K(128K)->94K(128K)
[2.077s][info][gc             ] GC(0) Pause Full (System.gc()) 20M->1M(34M) 29.386ms
[2.077s][info][gc,cpu         ] GC(0) User=0.33s Sys=0.33s Real=0.03s
[2.493s][info][gc,start       ] GC(1) Pause Young (Normal) (G1 Evacuation Pause)
[2.494s][info][gc,task        ] GC(1) Using 33 workers of 33 for evacuation
[2.498s][info][gc,phases      ] GC(1)   Pre Evacuate Collection Set: 0.1ms
[2.498s][info][gc,phases      ] GC(1)   Merge Heap Roots: 0.2ms
[2.498s][info][gc,phases      ] GC(1)   Evacuate Collection Set: 3.0ms
[2.498s][info][gc,phases      ] GC(1)   Post Evacuate Collection Set: 0.6ms
[2.498s][info][gc,phases      ] GC(1)   Other: 0.9ms
[2.498s][info][gc,heap        ] GC(1) Eden regions: 12->0(11)
[2.498s][info][gc,heap        ] GC(1) Survivor regions: 0->2(2)
[2.498s][info][gc,heap        ] GC(1) Old regions: 10->11
[2.498s][info][gc,heap        ] GC(1) Archive regions: 0->0
[2.498s][info][gc,heap        ] GC(1) Humongous regions: 0->0
[2.498s][info][gc,metaspace   ] GC(1) Metaspace: 3755K(3904K)->3755K(3904K) NonClass: 3264K(3328K)->3264K(3328K) Class: 490K(576K)->490K(576K)
[2.498s][info][gc             ] GC(1) Pause Young (Normal) (G1 Evacuation Pause) 13M->4M(34M) 5.236ms
[2.498s][info][gc,cpu         ] GC(1) User=0.05s Sys=0.00s Real=0.02s
[2.643s][info][gc,start       ] GC(2) Pause Young (Normal) (G1 Evacuation Pause)
[2.643s][info][gc,task        ] GC(2) Using 33 workers of 33 for evacuation
[2.650s][info][gc,phases      ] GC(2)   Pre Evacuate Collection Set: 0.1ms
[2.650s][info][gc,phases      ] GC(2)   Merge Heap Roots: 0.1ms
[2.650s][info][gc,phases      ] GC(2)   Evacuate Collection Set: 6.9ms
[2.650s][info][gc,phases      ] GC(2)   Post Evacuate Collection Set: 0.4ms
[2.651s][info][gc,phases      ] GC(2)   Other: 0.1ms
[2.651s][info][gc,heap        ] GC(2) Eden regions: 11->0(4)
[2.651s][info][gc,heap        ] GC(2) Survivor regions: 2->2(2)
[2.651s][info][gc,heap        ] GC(2) Old regions: 11->19
[2.651s][info][gc,heap        ] GC(2) Archive regions: 0->0
[2.651s][info][gc,heap        ] GC(2) Humongous regions: 0->0
[2.651s][info][gc,metaspace   ] GC(2) Metaspace: 4118K(4224K)->4118K(4224K) NonClass: 3612K(3648K)->3612K(3648K) Class: 505K(576K)->505K(576K)
[2.651s][info][gc             ] GC(2) Pause Young (Normal) (G1 Evacuation Pause) 15M->12M(34M) 7.937ms
[2.651s][info][gc,cpu         ] GC(2) User=0.53s Sys=0.00s Real=0.02s
[2.666s][info][gc,start       ] GC(3) Pause Young (Concurrent Start) (G1 Evacuation Pause)
[2.666s][info][gc,task        ] GC(3) Using 33 workers of 33 for evacuation
[2.668s][info][gc,phases      ] GC(3)   Pre Evacuate Collection Set: 0.2ms
[2.668s][info][gc,phases      ] GC(3)   Merge Heap Roots: 0.1ms
[2.668s][info][gc,phases      ] GC(3)   Evacuate Collection Set: 1.1ms
[2.668s][info][gc,phases      ] GC(3)   Post Evacuate Collection Set: 0.3ms
[2.668s][info][gc,phases      ] GC(3)   Other: 0.1ms
[2.668s][info][gc,heap        ] GC(3) Eden regions: 4->0(3)
[2.668s][info][gc,heap        ] GC(3) Survivor regions: 2->1(1)
[2.668s][info][gc,heap        ] GC(3) Old regions: 19->23
[2.668s][info][gc,heap        ] GC(3) Archive regions: 0->0
[2.668s][info][gc,heap        ] GC(3) Humongous regions: 0->0
[2.668s][info][gc,metaspace   ] GC(3) Metaspace: 4120K(4224K)->4120K(4224K) NonClass: 3614K(3648K)->3614K(3648K) Class: 505K(576K)->505K(576K)
[2.668s][info][gc             ] GC(3) Pause Young (Concurrent Start) (G1 Evacuation Pause) 16M->14M(34M) 2.089ms
[2.668s][info][gc             ] GC(4) Concurrent Mark Cycle
[2.668s][info][gc,cpu         ] GC(3) User=0.00s Sys=0.00s Real=0.00s
[2.668s][info][gc,marking     ] GC(4) Concurrent Scan Root Regions
[2.672s][info][gc,marking     ] GC(4) Concurrent Scan Root Regions 3.930ms
[2.672s][info][gc,marking     ] GC(4) Concurrent Mark
[2.672s][info][gc,marking     ] GC(4) Concurrent Mark From Roots
[2.672s][info][gc,task        ] GC(4) Using 8 workers of 8 for marking
[2.687s][info][gc,start       ] GC(5) Pause Young (Normal) (G1 Evacuation Pause)
[2.687s][info][gc,task        ] GC(5) Using 33 workers of 33 for evacuation
[2.689s][info][gc,phases      ] GC(5)   Pre Evacuate Collection Set: 0.1ms
[2.689s][info][gc,phases      ] GC(5)   Merge Heap Roots: 0.1ms
[2.689s][info][gc,phases      ] GC(5)   Evacuate Collection Set: 0.8ms
[2.689s][info][gc,phases      ] GC(5)   Post Evacuate Collection Set: 0.3ms
[2.689s][info][gc,phases      ] GC(5)   Other: 0.1ms
[2.689s][info][gc,heap        ] GC(5) Eden regions: 3->0(3)
[2.689s][info][gc,heap        ] GC(5) Survivor regions: 1->1(1)
[2.689s][info][gc,heap        ] GC(5) Old regions: 23->24
[2.689s][info][gc,heap        ] GC(5) Archive regions: 0->0
[2.689s][info][gc,heap        ] GC(5) Humongous regions: 0->0
[2.689s][info][gc,metaspace   ] GC(5) Metaspace: 4124K(4224K)->4124K(4224K) NonClass: 3618K(3648K)->3618K(3648K) Class: 505K(576K)->505K(576K)
[2.689s][info][gc             ] GC(5) Pause Young (Normal) (G1 Evacuation Pause) 17M->16M(34M) 1.623ms
[2.689s][info][gc,cpu         ] GC(5) User=0.00s Sys=0.00s Real=0.00s
[2.689s][info][gc,marking     ] GC(4) Concurrent Mark From Roots 17.286ms
[2.689s][info][gc,marking     ] GC(4) Concurrent Preclean
[2.689s][info][gc,marking     ] GC(4) Concurrent Preclean 0.047ms
[2.689s][info][gc,start       ] GC(4) Pause Remark
[2.691s][info][gc             ] GC(4) Pause Remark 16M->16M(44M) 1.214ms
[2.691s][info][gc,cpu         ] GC(4) User=0.00s Sys=0.00s Real=0.00s
[2.691s][info][gc,marking     ] GC(4) Concurrent Mark 18.918ms
[2.691s][info][gc,marking     ] GC(4) Concurrent Rebuild Remembered Sets and Scrub Regions
[2.694s][info][gc,marking     ] GC(4) Concurrent Rebuild Remembered Sets and Scrub Regions 3.571ms
[2.694s][info][gc,start       ] GC(4) Pause Cleanup
[2.695s][info][gc             ] GC(4) Pause Cleanup 16M->16M(44M) 0.194ms
[2.695s][info][gc,cpu         ] GC(4) User=0.00s Sys=0.00s Real=0.00s
[2.695s][info][gc,marking     ] GC(4) Concurrent Clear Claimed Marks
[2.695s][info][gc,marking     ] GC(4) Concurrent Clear Claimed Marks 0.035ms
[2.695s][info][gc,marking     ] GC(4) Concurrent Cleanup for Next Mark
[2.696s][info][gc,marking     ] GC(4) Concurrent Cleanup for Next Mark 0.238ms
[2.696s][info][gc             ] GC(4) Concurrent Mark Cycle 27.806ms
[2.711s][info][gc,start       ] GC(6) Pause Young (Prepare Mixed) (G1 Evacuation Pause)
[2.711s][info][gc,task        ] GC(6) Using 33 workers of 33 for evacuation
[2.718s][info][gc,phases      ] GC(6)   Pre Evacuate Collection Set: 0.1ms
[2.718s][info][gc,phases      ] GC(6)   Merge Heap Roots: 0.1ms
[2.718s][info][gc,phases      ] GC(6)   Evacuate Collection Set: 0.7ms
[2.718s][info][gc,phases      ] GC(6)   Post Evacuate Collection Set: 5.4ms
[2.718s][info][gc,phases      ] GC(6)   Other: 0.1ms
[2.718s][info][gc,heap        ] GC(6) Eden regions: 3->0(115)
[2.718s][info][gc,heap        ] GC(6) Survivor regions: 1->1(1)
[2.718s][info][gc,heap        ] GC(6) Old regions: 24->25
[2.718s][info][gc,heap        ] GC(6) Archive regions: 0->0
[2.718s][info][gc,heap        ] GC(6) Humongous regions: 0->0
[2.718s][info][gc,metaspace   ] GC(6) Metaspace: 4171K(4288K)->4171K(4288K) NonClass: 3663K(3712K)->3663K(3712K) Class: 507K(576K)->507K(576K)
[2.718s][info][gc             ] GC(6) Pause Young (Prepare Mixed) (G1 Evacuation Pause) 19M->16M(1046M) 6.719ms
[2.718s][info][gc,cpu         ] GC(6) User=0.08s Sys=0.03s Real=0.01s
[3.224s][info][gc,start       ] GC(7) Pause Young (Mixed) (G1 Evacuation Pause)
[3.224s][info][gc,task        ] GC(7) Using 33 workers of 33 for evacuation
[3.238s][info][gc,phases      ] GC(7)   Pre Evacuate Collection Set: 0.2ms
[3.238s][info][gc,phases      ] GC(7)   Merge Heap Roots: 0.2ms
[3.238s][info][gc,phases      ] GC(7)   Evacuate Collection Set: 13.1ms
[3.238s][info][gc,phases      ] GC(7)   Post Evacuate Collection Set: 0.7ms
[3.238s][info][gc,phases      ] GC(7)   Other: 0.1ms
[3.238s][info][gc,heap        ] GC(7) Eden regions: 115->0(379)
[3.238s][info][gc,heap        ] GC(7) Survivor regions: 1->15(15)
[3.238s][info][gc,heap        ] GC(7) Old regions: 25->21
[3.238s][info][gc,heap        ] GC(7) Archive regions: 0->0
[3.238s][info][gc,heap        ] GC(7) Humongous regions: 0->0
[3.238s][info][gc,metaspace   ] GC(7) Metaspace: 7006K(7424K)->7006K(7424K) NonClass: 6214K(6464K)->6214K(6464K) Class: 791K(960K)->791K(960K)
[3.238s][info][gc             ] GC(7) Pause Young (Mixed) (G1 Evacuation Pause) 131M->33M(1046M) 14.521ms
[3.238s][info][gc,cpu         ] GC(7) User=0.14s Sys=0.42s Real=0.02s
[5.202s][info][gc,heap,exit   ] Heap
[5.202s][info][gc,heap,exit   ]  garbage-first heap   total 1071104K, used 344805K [0x0000000080000000, 0x0000000100000000)
[5.202s][info][gc,heap,exit   ]   region size 1024K, 318 young (325632K), 15 survivors (15360K)
[5.202s][info][gc,heap,exit   ]  Metaspace       used 9352K, committed 9728K, reserved 1114112K
[5.202s][info][gc,heap,exit   ]   class space    used 1053K, committed 1216K, reserved 1048576K
