[0.017s][info][gc,init] CardTable entry size: 512
[0.018s][info][gc     ] Using G1
[0.032s][info][gc,init] Version: 20+36-2344 (release)
[0.032s][info][gc,init] CPUs: 48 total, 48 available
[0.032s][info][gc,init] Memory: 382G
[0.032s][info][gc,init] Large Page Support: Disabled
[0.032s][info][gc,init] NUMA Support: Disabled
[0.032s][info][gc,init] Compressed Oops: Enabled (Zero based)
[0.032s][info][gc,init] Heap Region Size: 2M
[0.033s][info][gc,init] Heap Min Capacity: 8M
[0.033s][info][gc,init] Heap Initial Capacity: 2G
[0.033s][info][gc,init] Heap Max Capacity: 4G
[0.033s][info][gc,init] Pre-touch: Disabled
[0.041s][info][gc,init] Parallel Workers: 33
[0.041s][info][gc,init] Concurrent Workers: 8
[0.041s][info][gc,init] Concurrent Refinement Workers: 33
[0.041s][info][gc,init] Periodic GC: Disabled
[0.042s][info][gc,metaspace] CDS archive(s) mapped at: [0x0000000800000000-0x0000000800c60000-0x0000000800c60000), size 12976128, SharedBaseAddress: 0x0000000800000000, ArchiveRelocationMode: 0.
[0.042s][info][gc,metaspace] Compressed class space mapped at: 0x0000000801000000-0x0000000841000000, reserved size: 1073741824
[0.042s][info][gc,metaspace] Narrow klass base: 0x0000000800000000, Narrow klass shift: 0, Narrow klass range: 0x100000000
[1.749s][info][gc,start    ] GC(0) Pause Full (System.gc())
[1.750s][info][gc,task     ] GC(0) Using 13 workers of 33 for full compaction
[1.751s][info][gc,phases,start] GC(0) Phase 1: Mark live objects
[1.752s][info][gc,phases      ] GC(0) Phase 1: Mark live objects 1.735ms
[1.752s][info][gc,phases,start] GC(0) Phase 2: Prepare compaction
[1.755s][info][gc,phases      ] GC(0) Phase 2: Prepare compaction 2.261ms
[1.755s][info][gc,phases,start] GC(0) Phase 3: Adjust pointers
[1.756s][info][gc,phases      ] GC(0) Phase 3: Adjust pointers 1.364ms
[1.756s][info][gc,phases,start] GC(0) Phase 4: Compact heap
[1.757s][info][gc,phases      ] GC(0) Phase 4: Compact heap 1.400ms
[1.772s][info][gc,heap        ] GC(0) Eden regions: 13->0(8)
[1.772s][info][gc,heap        ] GC(0) Survivor regions: 0->0(0)
[1.772s][info][gc,heap        ] GC(0) Old regions: 0->7
[1.772s][info][gc,heap        ] GC(0) Archive regions: 0->0
[1.772s][info][gc,heap        ] GC(0) Humongous regions: 0->0
[1.772s][info][gc,metaspace   ] GC(0) Metaspace: 1267K(1408K)->1267K(1408K) NonClass: 1173K(1280K)->1173K(1280K) Class: 94K(128K)->94K(128K)
[1.772s][info][gc             ] GC(0) Pause Full (System.gc()) 25M->1M(48M) 23.110ms
[1.772s][info][gc,cpu         ] GC(0) User=0.00s Sys=0.20s Real=0.01s
[2.210s][info][gc,start       ] GC(1) Pause Young (Normal) (G1 Evacuation Pause)
[2.211s][info][gc,task        ] GC(1) Using 33 workers of 33 for evacuation
[2.218s][info][gc,phases      ] GC(1)   Pre Evacuate Collection Set: 0.1ms
[2.218s][info][gc,phases      ] GC(1)   Merge Heap Roots: 0.1ms
[2.218s][info][gc,phases      ] GC(1)   Evacuate Collection Set: 5.8ms
[2.218s][info][gc,phases      ] GC(1)   Post Evacuate Collection Set: 0.5ms
[2.218s][info][gc,phases      ] GC(1)   Other: 1.2ms
[2.218s][info][gc,heap        ] GC(1) Eden regions: 8->0(8)
[2.218s][info][gc,heap        ] GC(1) Survivor regions: 0->1(1)
[2.218s][info][gc,heap        ] GC(1) Old regions: 7->8
[2.218s][info][gc,heap        ] GC(1) Archive regions: 0->0
[2.218s][info][gc,heap        ] GC(1) Humongous regions: 0->0
[2.218s][info][gc,metaspace   ] GC(1) Metaspace: 3777K(3904K)->3777K(3904K) NonClass: 3287K(3328K)->3287K(3328K) Class: 490K(576K)->490K(576K)
[2.218s][info][gc             ] GC(1) Pause Young (Normal) (G1 Evacuation Pause) 17M->5M(48M) 7.940ms
[2.218s][info][gc,cpu         ] GC(1) User=0.06s Sys=0.00s Real=0.01s
[2.362s][info][gc,start       ] GC(2) Pause Young (Normal) (G1 Evacuation Pause)
[2.362s][info][gc,task        ] GC(2) Using 33 workers of 33 for evacuation
[2.371s][info][gc,phases      ] GC(2)   Pre Evacuate Collection Set: 0.1ms
[2.371s][info][gc,phases      ] GC(2)   Merge Heap Roots: 0.1ms
[2.371s][info][gc,phases      ] GC(2)   Evacuate Collection Set: 8.0ms
[2.371s][info][gc,phases      ] GC(2)   Post Evacuate Collection Set: 0.4ms
[2.371s][info][gc,phases      ] GC(2)   Other: 0.1ms
[2.371s][info][gc,heap        ] GC(2) Eden regions: 8->0(4)
[2.371s][info][gc,heap        ] GC(2) Survivor regions: 1->2(2)
[2.371s][info][gc,heap        ] GC(2) Old regions: 8->11
[2.371s][info][gc,heap        ] GC(2) Archive regions: 0->0
[2.371s][info][gc,heap        ] GC(2) Humongous regions: 0->0
[2.371s][info][gc,metaspace   ] GC(2) Metaspace: 4124K(4224K)->4124K(4224K) NonClass: 3618K(3648K)->3618K(3648K) Class: 505K(576K)->505K(576K)
[2.371s][info][gc             ] GC(2) Pause Young (Normal) (G1 Evacuation Pause) 21M->12M(48M) 9.004ms
[2.371s][info][gc,cpu         ] GC(2) User=0.00s Sys=0.00s Real=0.00s
[2.415s][info][gc,start       ] GC(3) Pause Young (Concurrent Start) (G1 Evacuation Pause)
[2.415s][info][gc,task        ] GC(3) Using 33 workers of 33 for evacuation
[2.422s][info][gc,phases      ] GC(3)   Pre Evacuate Collection Set: 0.2ms
[2.423s][info][gc,phases      ] GC(3)   Merge Heap Roots: 0.1ms
[2.423s][info][gc,phases      ] GC(3)   Evacuate Collection Set: 6.9ms
[2.423s][info][gc,phases      ] GC(3)   Post Evacuate Collection Set: 0.3ms
[2.423s][info][gc,phases      ] GC(3)   Other: 0.1ms
[2.423s][info][gc,heap        ] GC(3) Eden regions: 4->0(3)
[2.423s][info][gc,heap        ] GC(3) Survivor regions: 2->1(1)
[2.423s][info][gc,heap        ] GC(3) Old regions: 11->14
[2.423s][info][gc,heap        ] GC(3) Archive regions: 0->0
[2.423s][info][gc,heap        ] GC(3) Humongous regions: 0->0
[2.423s][info][gc,metaspace   ] GC(3) Metaspace: 4357K(4480K)->4357K(4480K) NonClass: 3842K(3904K)->3842K(3904K) Class: 514K(576K)->514K(576K)
[2.423s][info][gc             ] GC(3) Pause Young (Concurrent Start) (G1 Evacuation Pause) 20M->16M(48M) 7.802ms
[2.423s][info][gc             ] GC(4) Concurrent Mark Cycle
[2.423s][info][gc,cpu         ] GC(3) User=0.03s Sys=0.03s Real=0.01s
[2.423s][info][gc,marking     ] GC(4) Concurrent Scan Root Regions
[2.426s][info][gc,marking     ] GC(4) Concurrent Scan Root Regions 2.814ms
[2.426s][info][gc,marking     ] GC(4) Concurrent Mark
[2.426s][info][gc,marking     ] GC(4) Concurrent Mark From Roots
[2.426s][info][gc,task        ] GC(4) Using 8 workers of 8 for marking
[2.430s][info][gc,marking     ] GC(4) Concurrent Mark From Roots 4.095ms
[2.430s][info][gc,marking     ] GC(4) Concurrent Preclean
[2.430s][info][gc,marking     ] GC(4) Concurrent Preclean 0.028ms
[2.431s][info][gc,start       ] GC(4) Pause Remark
[2.432s][info][gc             ] GC(4) Pause Remark 17M->17M(54M) 1.205ms
[2.432s][info][gc,cpu         ] GC(4) User=0.00s Sys=0.00s Real=0.00s
[2.432s][info][gc,marking     ] GC(4) Concurrent Mark 6.566ms
[2.432s][info][gc,marking     ] GC(4) Concurrent Rebuild Remembered Sets and Scrub Regions
[2.436s][info][gc,marking     ] GC(4) Concurrent Rebuild Remembered Sets and Scrub Regions 3.553ms
[2.436s][info][gc,start       ] GC(4) Pause Cleanup
[2.436s][info][gc             ] GC(4) Pause Cleanup 17M->17M(54M) 0.121ms
[2.436s][info][gc,cpu         ] GC(4) User=0.00s Sys=0.00s Real=0.00s
[2.436s][info][gc,marking     ] GC(4) Concurrent Clear Claimed Marks
[2.436s][info][gc,marking     ] GC(4) Concurrent Clear Claimed Marks 0.048ms
[2.436s][info][gc,marking     ] GC(4) Concurrent Cleanup for Next Mark
[2.437s][info][gc,marking     ] GC(4) Concurrent Cleanup for Next Mark 0.240ms
[2.437s][info][gc             ] GC(4) Concurrent Mark Cycle 14.004ms
[2.471s][info][gc,start       ] GC(5) Pause Young (Prepare Mixed) (G1 Evacuation Pause)
[2.471s][info][gc,task        ] GC(5) Using 33 workers of 33 for evacuation
[2.478s][info][gc,phases      ] GC(5)   Pre Evacuate Collection Set: 0.1ms
[2.478s][info][gc,phases      ] GC(5)   Merge Heap Roots: 0.1ms
[2.478s][info][gc,phases      ] GC(5)   Evacuate Collection Set: 2.6ms
[2.478s][info][gc,phases      ] GC(5)   Post Evacuate Collection Set: 3.7ms
[2.478s][info][gc,phases      ] GC(5)   Other: 0.1ms
[2.478s][info][gc,heap        ] GC(5) Eden regions: 3->0(44)
[2.478s][info][gc,heap        ] GC(5) Survivor regions: 1->1(1)
[2.478s][info][gc,heap        ] GC(5) Old regions: 14->16
[2.478s][info][gc,heap        ] GC(5) Archive regions: 0->0
[2.478s][info][gc,heap        ] GC(5) Humongous regions: 0->0
[2.478s][info][gc,metaspace   ] GC(5) Metaspace: 4738K(4864K)->4738K(4864K) NonClass: 4198K(4224K)->4198K(4224K) Class: 539K(640K)->539K(640K)
[2.478s][info][gc             ] GC(5) Pause Young (Prepare Mixed) (G1 Evacuation Pause) 22M->20M(1052M) 6.903ms
[2.478s][info][gc,cpu         ] GC(5) User=0.00s Sys=0.00s Real=0.00s
[2.903s][info][gc,start       ] GC(6) Pause Young (Mixed) (GCLocker Initiated GC)
[2.904s][info][gc,task        ] GC(6) Using 33 workers of 33 for evacuation
[2.913s][info][gc,phases      ] GC(6)   Pre Evacuate Collection Set: 0.2ms
[2.913s][info][gc,phases      ] GC(6)   Merge Heap Roots: 0.1ms
[2.913s][info][gc,phases      ] GC(6)   Evacuate Collection Set: 8.6ms
[2.913s][info][gc,phases      ] GC(6)   Post Evacuate Collection Set: 0.5ms
[2.913s][info][gc,phases      ] GC(6)   Other: 0.1ms
[2.913s][info][gc,heap        ] GC(6) Eden regions: 44->0(50)
[2.913s][info][gc,heap        ] GC(6) Survivor regions: 1->6(6)
[2.913s][info][gc,heap        ] GC(6) Old regions: 16->16
[2.913s][info][gc,heap        ] GC(6) Archive regions: 0->0
[2.913s][info][gc,heap        ] GC(6) Humongous regions: 0->0
[2.913s][info][gc,metaspace   ] GC(6) Metaspace: 6803K(7232K)->6803K(7232K) NonClass: 6012K(6272K)->6012K(6272K) Class: 791K(960K)->791K(960K)
[2.913s][info][gc             ] GC(6) Pause Young (Mixed) (GCLocker Initiated GC) 108M->33M(1052M) 9.835ms
[2.913s][info][gc,cpu         ] GC(6) User=0.00s Sys=0.00s Real=0.00s
[3.109s][info][gc,start       ] GC(7) Pause Young (Mixed) (G1 Evacuation Pause)
[3.109s][info][gc,task        ] GC(7) Using 33 workers of 33 for evacuation
[3.139s][info][gc,phases      ] GC(7)   Pre Evacuate Collection Set: 0.2ms
[3.139s][info][gc,phases      ] GC(7)   Merge Heap Roots: 0.2ms
[3.139s][info][gc,phases      ] GC(7)   Evacuate Collection Set: 28.2ms
[3.139s][info][gc,phases      ] GC(7)   Post Evacuate Collection Set: 1.3ms
[3.139s][info][gc,phases      ] GC(7)   Other: 0.1ms
[3.139s][info][gc,heap        ] GC(7) Eden regions: 50->0(42)
[3.139s][info][gc,heap        ] GC(7) Survivor regions: 6->7(7)
[3.139s][info][gc,heap        ] GC(7) Old regions: 16->24
[3.139s][info][gc,heap        ] GC(7) Archive regions: 0->0
[3.139s][info][gc,heap        ] GC(7) Humongous regions: 0->0
[3.139s][info][gc,metaspace   ] GC(7) Metaspace: 8041K(8512K)->8041K(8512K) NonClass: 7159K(7424K)->7159K(7424K) Class: 881K(1088K)->881K(1088K)
[3.139s][info][gc             ] GC(7) Pause Young (Mixed) (G1 Evacuation Pause) 133M->59M(1052M) 30.214ms
[3.139s][info][gc,cpu         ] GC(7) User=1.19s Sys=0.14s Real=0.03s
[3.333s][info][gc,start       ] GC(8) Pause Young (Normal) (G1 Evacuation Pause)
[3.333s][info][gc,task        ] GC(8) Using 29 workers of 33 for evacuation
[3.350s][info][gc,phases      ] GC(8)   Pre Evacuate Collection Set: 0.1ms
[3.350s][info][gc,phases      ] GC(8)   Merge Heap Roots: 0.2ms
[3.350s][info][gc,phases      ] GC(8)   Evacuate Collection Set: 15.7ms
[3.350s][info][gc,phases      ] GC(8)   Post Evacuate Collection Set: 0.5ms
[3.350s][info][gc,phases      ] GC(8)   Other: 0.1ms
[3.350s][info][gc,heap        ] GC(8) Eden regions: 42->0(43)
[3.350s][info][gc,heap        ] GC(8) Survivor regions: 7->7(7)
[3.350s][info][gc,heap        ] GC(8) Old regions: 24->30
[3.350s][info][gc,heap        ] GC(8) Archive regions: 0->0
[3.350s][info][gc,heap        ] GC(8) Humongous regions: 0->0
[3.350s][info][gc,metaspace   ] GC(8) Metaspace: 8769K(9152K)->8769K(9152K) NonClass: 7771K(8000K)->7771K(8000K) Class: 998K(1152K)->998K(1152K)
[3.350s][info][gc             ] GC(8) Pause Young (Normal) (G1 Evacuation Pause) 143M->70M(1052M) 16.823ms
[3.350s][info][gc,cpu         ] GC(8) User=0.20s Sys=0.00s Real=0.01s
[4.160s][info][gc,start       ] GC(9) Pause Young (Normal) (G1 Evacuation Pause)
[4.160s][info][gc,task        ] GC(9) Using 27 workers of 33 for evacuation
[4.176s][info][gc,phases      ] GC(9)   Pre Evacuate Collection Set: 0.1ms
[4.176s][info][gc,phases      ] GC(9)   Merge Heap Roots: 0.2ms
[4.176s][info][gc,phases      ] GC(9)   Evacuate Collection Set: 15.7ms
[4.176s][info][gc,phases      ] GC(9)   Post Evacuate Collection Set: 0.5ms
[4.176s][info][gc,phases      ] GC(9)   Other: 0.2ms
[4.176s][info][gc,heap        ] GC(9) Eden regions: 64->0(313)
[4.176s][info][gc,heap        ] GC(9) Survivor regions: 7->2(9)
[4.176s][info][gc,heap        ] GC(9) Old regions: 30->36
[4.176s][info][gc,heap        ] GC(9) Archive regions: 0->0
[4.176s][info][gc,heap        ] GC(9) Humongous regions: 0->0
[4.176s][info][gc,metaspace   ] GC(9) Metaspace: 9136K(9536K)->9136K(9536K) NonClass: 8104K(8320K)->8104K(8320K) Class: 1032K(1216K)->1032K(1216K)
[4.177s][info][gc             ] GC(9) Pause Young (Normal) (G1 Evacuation Pause) 198M->72M(1052M) 16.906ms
[4.177s][info][gc,cpu         ] GC(9) User=0.34s Sys=0.13s Real=0.02s
[4.669s][info][gc,heap,exit   ] Heap
[4.669s][info][gc,heap,exit   ]  garbage-first heap   total 1077248K, used 75281K [0x0000000700000000, 0x0000000800000000)
[4.669s][info][gc,heap,exit   ]   region size 2048K, 3 young (6144K), 2 survivors (4096K)
[4.669s][info][gc,heap,exit   ]  Metaspace       used 9336K, committed 9728K, reserved 1114112K
[4.669s][info][gc,heap,exit   ]   class space    used 1053K, committed 1216K, reserved 1048576K
