[0.118s][info][gc,init] CardTable entry size: 512
[0.119s][info][gc     ] Using G1
[0.130s][info][gc,init] Version: 20+36-2344 (release)
[0.130s][info][gc,init] CPUs: 48 total, 48 available
[0.130s][info][gc,init] Memory: 382G
[0.130s][info][gc,init] Large Page Support: Disabled
[0.130s][info][gc,init] NUMA Support: Disabled
[0.130s][info][gc,init] Compressed Oops: Enabled (32-bit)
[0.130s][info][gc,init] Heap Region Size: 1M
[0.130s][info][gc,init] Heap Min Capacity: 8M
[0.130s][info][gc,init] Heap Initial Capacity: 512M
[0.130s][info][gc,init] Heap Max Capacity: 512M
[0.130s][info][gc,init] Pre-touch: Disabled
[0.150s][info][gc,init] Parallel Workers: 33
[0.150s][info][gc,init] Concurrent Workers: 8
[0.150s][info][gc,init] Concurrent Refinement Workers: 33
[0.150s][info][gc,init] Periodic GC: Disabled
[0.151s][info][gc,metaspace] CDS archive(s) mapped at: [0x0000000800000000-0x0000000800c60000-0x0000000800c60000), size 12976128, SharedBaseAddress: 0x0000000800000000, ArchiveRelocationMode: 0.
[0.151s][info][gc,metaspace] Compressed class space mapped at: 0x0000000801000000-0x0000000841000000, reserved size: 1073741824
[0.151s][info][gc,metaspace] Narrow klass base: 0x0000000800000000, Narrow klass shift: 0, Narrow klass range: 0x100000000
[1.654s][info][gc,start    ] GC(0) Pause Full (System.gc())
[1.655s][info][gc,task     ] GC(0) Using 12 workers of 33 for full compaction
[1.656s][info][gc,phases,start] GC(0) Phase 1: Mark live objects
[1.657s][info][gc,phases      ] GC(0) Phase 1: Mark live objects 1.549ms
[1.657s][info][gc,phases,start] GC(0) Phase 2: Prepare compaction
[1.659s][info][gc,phases      ] GC(0) Phase 2: Prepare compaction 1.191ms
[1.659s][info][gc,phases,start] GC(0) Phase 3: Adjust pointers
[1.660s][info][gc,phases      ] GC(0) Phase 3: Adjust pointers 0.981ms
[1.660s][info][gc,phases,start] GC(0) Phase 4: Compact heap
[1.661s][info][gc,phases      ] GC(0) Phase 4: Compact heap 0.987ms
[1.665s][info][gc,heap        ] GC(0) Eden regions: 21->0(9)
[1.665s][info][gc,heap        ] GC(0) Survivor regions: 0->0(0)
[1.665s][info][gc,heap        ] GC(0) Old regions: 0->8
[1.665s][info][gc,heap        ] GC(0) Archive regions: 0->0
[1.665s][info][gc,heap        ] GC(0) Humongous regions: 0->0
[1.666s][info][gc,metaspace   ] GC(0) Metaspace: 1268K(1408K)->1268K(1408K) NonClass: 1174K(1280K)->1174K(1280K) Class: 94K(128K)->94K(128K)
[1.666s][info][gc             ] GC(0) Pause Full (System.gc()) 21M->1M(27M) 11.550ms
[1.666s][info][gc,cpu         ] GC(0) User=0.00s Sys=0.02s Real=0.02s
[2.079s][info][gc,start       ] GC(1) Pause Young (Normal) (G1 Evacuation Pause)
[2.081s][info][gc,task        ] GC(1) Using 33 workers of 33 for evacuation
[2.085s][info][gc,phases      ] GC(1)   Pre Evacuate Collection Set: 0.1ms
[2.085s][info][gc,phases      ] GC(1)   Merge Heap Roots: 0.1ms
[2.085s][info][gc,phases      ] GC(1)   Evacuate Collection Set: 3.1ms
[2.085s][info][gc,phases      ] GC(1)   Post Evacuate Collection Set: 0.7ms
[2.085s][info][gc,phases      ] GC(1)   Other: 1.4ms
[2.085s][info][gc,heap        ] GC(1) Eden regions: 9->0(9)
[2.085s][info][gc,heap        ] GC(1) Survivor regions: 0->2(2)
[2.085s][info][gc,heap        ] GC(1) Old regions: 8->9
[2.085s][info][gc,heap        ] GC(1) Archive regions: 0->0
[2.085s][info][gc,heap        ] GC(1) Humongous regions: 0->0
[2.085s][info][gc,metaspace   ] GC(1) Metaspace: 3750K(3904K)->3750K(3904K) NonClass: 3259K(3328K)->3259K(3328K) Class: 490K(576K)->490K(576K)
[2.085s][info][gc             ] GC(1) Pause Young (Normal) (G1 Evacuation Pause) 10M->3M(27M) 5.958ms
[2.085s][info][gc,cpu         ] GC(1) User=0.00s Sys=0.00s Real=0.00s
[2.185s][info][gc,start       ] GC(2) Pause Young (Normal) (G1 Evacuation Pause)
[2.185s][info][gc,task        ] GC(2) Using 33 workers of 33 for evacuation
[2.193s][info][gc,phases      ] GC(2)   Pre Evacuate Collection Set: 0.1ms
[2.193s][info][gc,phases      ] GC(2)   Merge Heap Roots: 0.1ms
[2.193s][info][gc,phases      ] GC(2)   Evacuate Collection Set: 7.1ms
[2.193s][info][gc,phases      ] GC(2)   Post Evacuate Collection Set: 0.3ms
[2.193s][info][gc,phases      ] GC(2)   Other: 0.1ms
[2.193s][info][gc,heap        ] GC(2) Eden regions: 9->0(3)
[2.193s][info][gc,heap        ] GC(2) Survivor regions: 2->2(2)
[2.193s][info][gc,heap        ] GC(2) Old regions: 9->16
[2.193s][info][gc,heap        ] GC(2) Archive regions: 0->0
[2.193s][info][gc,heap        ] GC(2) Humongous regions: 0->0
[2.193s][info][gc,metaspace   ] GC(2) Metaspace: 3827K(4032K)->3827K(4032K) NonClass: 3333K(3456K)->3333K(3456K) Class: 494K(576K)->494K(576K)
[2.193s][info][gc             ] GC(2) Pause Young (Normal) (G1 Evacuation Pause) 12M->10M(29M) 7.989ms
[2.193s][info][gc,cpu         ] GC(2) User=0.30s Sys=0.08s Real=0.01s
[2.210s][info][gc,start       ] GC(3) Pause Young (Concurrent Start) (G1 Evacuation Pause)
[2.210s][info][gc,task        ] GC(3) Using 33 workers of 33 for evacuation
[2.211s][info][gc,phases      ] GC(3)   Pre Evacuate Collection Set: 0.2ms
[2.212s][info][gc,phases      ] GC(3)   Merge Heap Roots: 0.1ms
[2.212s][info][gc,phases      ] GC(3)   Evacuate Collection Set: 1.0ms
[2.212s][info][gc,phases      ] GC(3)   Post Evacuate Collection Set: 0.3ms
[2.212s][info][gc,phases      ] GC(3)   Other: 0.1ms
[2.212s][info][gc,heap        ] GC(3) Eden regions: 3->0(3)
[2.212s][info][gc,heap        ] GC(3) Survivor regions: 2->1(1)
[2.212s][info][gc,heap        ] GC(3) Old regions: 16->19
[2.212s][info][gc,heap        ] GC(3) Archive regions: 0->0
[2.212s][info][gc,heap        ] GC(3) Humongous regions: 0->0
[2.212s][info][gc,metaspace   ] GC(3) Metaspace: 3901K(4032K)->3901K(4032K) NonClass: 3398K(3456K)->3398K(3456K) Class: 502K(576K)->502K(576K)
[2.212s][info][gc             ] GC(3) Pause Young (Concurrent Start) (G1 Evacuation Pause) 13M->12M(29M) 1.940ms
[2.212s][info][gc             ] GC(4) Concurrent Mark Cycle
[2.212s][info][gc,cpu         ] GC(3) User=0.50s Sys=0.06s Real=0.02s
[2.212s][info][gc,marking     ] GC(4) Concurrent Scan Root Regions
[2.213s][info][gc,marking     ] GC(4) Concurrent Scan Root Regions 1.738ms
[2.213s][info][gc,marking     ] GC(4) Concurrent Mark
[2.214s][info][gc,marking     ] GC(4) Concurrent Mark From Roots
[2.214s][info][gc,task        ] GC(4) Using 8 workers of 8 for marking
[2.219s][info][gc,marking     ] GC(4) Concurrent Mark From Roots 4.985ms
[2.219s][info][gc,marking     ] GC(4) Concurrent Preclean
[2.219s][info][gc,marking     ] GC(4) Concurrent Preclean 0.042ms
[2.230s][info][gc,start       ] GC(4) Pause Remark
[2.231s][info][gc             ] GC(4) Pause Remark 13M->13M(37M) 1.274ms
[2.231s][info][gc,cpu         ] GC(4) User=0.00s Sys=0.00s Real=0.00s
[2.231s][info][gc,marking     ] GC(4) Concurrent Mark 17.596ms
[2.231s][info][gc,marking     ] GC(4) Concurrent Rebuild Remembered Sets and Scrub Regions
[2.234s][info][gc,marking     ] GC(4) Concurrent Rebuild Remembered Sets and Scrub Regions 2.939ms
[2.234s][info][gc,start       ] GC(4) Pause Cleanup
[2.234s][info][gc             ] GC(4) Pause Cleanup 14M->14M(37M) 0.113ms
[2.234s][info][gc,cpu         ] GC(4) User=0.00s Sys=0.00s Real=0.00s
[2.235s][info][gc,marking     ] GC(4) Concurrent Clear Claimed Marks
[2.235s][info][gc,marking     ] GC(4) Concurrent Clear Claimed Marks 0.088ms
[2.235s][info][gc,marking     ] GC(4) Concurrent Cleanup for Next Mark
[2.235s][info][gc,marking     ] GC(4) Concurrent Cleanup for Next Mark 0.360ms
[2.235s][info][gc             ] GC(4) Concurrent Mark Cycle 23.689ms
[2.238s][info][gc,start       ] GC(5) Pause Young (Prepare Mixed) (G1 Evacuation Pause)
[2.238s][info][gc,task        ] GC(5) Using 33 workers of 33 for evacuation
[2.240s][info][gc,phases      ] GC(5)   Pre Evacuate Collection Set: 0.1ms
[2.240s][info][gc,phases      ] GC(5)   Merge Heap Roots: 0.1ms
[2.240s][info][gc,phases      ] GC(5)   Evacuate Collection Set: 1.3ms
[2.240s][info][gc,phases      ] GC(5)   Post Evacuate Collection Set: 0.4ms
[2.240s][info][gc,phases      ] GC(5)   Other: 0.1ms
[2.240s][info][gc,heap        ] GC(5) Eden regions: 3->0(6)
[2.240s][info][gc,heap        ] GC(5) Survivor regions: 1->1(1)
[2.240s][info][gc,heap        ] GC(5) Old regions: 19->20
[2.240s][info][gc,heap        ] GC(5) Archive regions: 0->0
[2.240s][info][gc,heap        ] GC(5) Humongous regions: 0->0
[2.240s][info][gc,metaspace   ] GC(5) Metaspace: 4118K(4224K)->4118K(4224K) NonClass: 3613K(3648K)->3613K(3648K) Class: 504K(576K)->504K(576K)
[2.240s][info][gc             ] GC(5) Pause Young (Prepare Mixed) (G1 Evacuation Pause) 15M->13M(37M) 2.313ms
[2.240s][info][gc,cpu         ] GC(5) User=0.00s Sys=0.00s Real=0.00s
[2.263s][info][gc,start       ] GC(6) Pause Young (Mixed) (G1 Evacuation Pause)
[2.263s][info][gc,task        ] GC(6) Using 33 workers of 33 for evacuation
[2.265s][info][gc,phases      ] GC(6)   Pre Evacuate Collection Set: 0.1ms
[2.265s][info][gc,phases      ] GC(6)   Merge Heap Roots: 0.1ms
[2.265s][info][gc,phases      ] GC(6)   Evacuate Collection Set: 1.2ms
[2.265s][info][gc,phases      ] GC(6)   Post Evacuate Collection Set: 0.5ms
[2.265s][info][gc,phases      ] GC(6)   Other: 0.1ms
[2.265s][info][gc,heap        ] GC(6) Eden regions: 6->0(7)
[2.265s][info][gc,heap        ] GC(6) Survivor regions: 1->1(1)
[2.265s][info][gc,heap        ] GC(6) Old regions: 20->18
[2.265s][info][gc,heap        ] GC(6) Archive regions: 0->0
[2.265s][info][gc,heap        ] GC(6) Humongous regions: 0->0
[2.265s][info][gc,metaspace   ] GC(6) Metaspace: 4124K(4224K)->4124K(4224K) NonClass: 3618K(3648K)->3618K(3648K) Class: 506K(576K)->506K(576K)
[2.265s][info][gc             ] GC(6) Pause Young (Mixed) (G1 Evacuation Pause) 19M->15M(37M) 2.225ms
[2.265s][info][gc,cpu         ] GC(6) User=0.50s Sys=0.14s Real=0.02s
[2.311s][info][gc,start       ] GC(7) Pause Young (Mixed) (G1 Evacuation Pause)
[2.311s][info][gc,task        ] GC(7) Using 33 workers of 33 for evacuation
[2.318s][info][gc,phases      ] GC(7)   Pre Evacuate Collection Set: 0.1ms
[2.318s][info][gc,phases      ] GC(7)   Merge Heap Roots: 0.1ms
[2.318s][info][gc,phases      ] GC(7)   Evacuate Collection Set: 4.9ms
[2.318s][info][gc,phases      ] GC(7)   Post Evacuate Collection Set: 1.9ms
[2.318s][info][gc,phases      ] GC(7)   Other: 0.1ms
[2.318s][info][gc,heap        ] GC(7) Eden regions: 7->0(79)
[2.318s][info][gc,heap        ] GC(7) Survivor regions: 1->1(1)
[2.318s][info][gc,heap        ] GC(7) Old regions: 18->21
[2.318s][info][gc,heap        ] GC(7) Archive regions: 0->0
[2.318s][info][gc,heap        ] GC(7) Humongous regions: 0->0
[2.318s][info][gc,metaspace   ] GC(7) Metaspace: 4400K(4544K)->4400K(4544K) NonClass: 3882K(3904K)->3882K(3904K) Class: 518K(640K)->518K(640K)
[2.318s][info][gc             ] GC(7) Pause Young (Mixed) (G1 Evacuation Pause) 22M->19M(275M) 7.348ms
[2.318s][info][gc,cpu         ] GC(7) User=0.00s Sys=0.00s Real=0.01s
[2.703s][info][gc,start       ] GC(8) Pause Young (Normal) (G1 Evacuation Pause)
[2.703s][info][gc,task        ] GC(8) Using 33 workers of 33 for evacuation
[2.713s][info][gc,phases      ] GC(8)   Pre Evacuate Collection Set: 0.1ms
[2.713s][info][gc,phases      ] GC(8)   Merge Heap Roots: 0.1ms
[2.713s][info][gc,phases      ] GC(8)   Evacuate Collection Set: 9.3ms
[2.714s][info][gc,phases      ] GC(8)   Post Evacuate Collection Set: 0.5ms
[2.714s][info][gc,phases      ] GC(8)   Other: 0.1ms
[2.714s][info][gc,heap        ] GC(8) Eden regions: 79->0(101)
[2.714s][info][gc,heap        ] GC(8) Survivor regions: 1->10(10)
[2.714s][info][gc,heap        ] GC(8) Old regions: 21->23
[2.714s][info][gc,heap        ] GC(8) Archive regions: 0->0
[2.714s][info][gc,heap        ] GC(8) Humongous regions: 0->0
[2.714s][info][gc,metaspace   ] GC(8) Metaspace: 6186K(6336K)->6186K(6336K) NonClass: 5508K(5568K)->5508K(5568K) Class: 678K(768K)->678K(768K)
[2.714s][info][gc             ] GC(8) Pause Young (Normal) (G1 Evacuation Pause) 98M->31M(275M) 10.414ms
[2.714s][info][gc,cpu         ] GC(8) User=0.00s Sys=0.00s Real=0.00s
[2.935s][info][gc,start       ] GC(9) Pause Young (Normal) (G1 Evacuation Pause)
[2.935s][info][gc,task        ] GC(9) Using 33 workers of 33 for evacuation
[2.958s][info][gc,phases      ] GC(9)   Pre Evacuate Collection Set: 0.2ms
[2.958s][info][gc,phases      ] GC(9)   Merge Heap Roots: 0.2ms
[2.958s][info][gc,phases      ] GC(9)   Evacuate Collection Set: 21.1ms
[2.958s][info][gc,phases      ] GC(9)   Post Evacuate Collection Set: 0.8ms
[2.958s][info][gc,phases      ] GC(9)   Other: 0.1ms
[2.958s][info][gc,heap        ] GC(9) Eden regions: 101->0(140)
[2.958s][info][gc,heap        ] GC(9) Survivor regions: 10->14(14)
[2.958s][info][gc,heap        ] GC(9) Old regions: 23->44
[2.958s][info][gc,heap        ] GC(9) Archive regions: 0->0
[2.958s][info][gc,heap        ] GC(9) Humongous regions: 0->0
[2.958s][info][gc,metaspace   ] GC(9) Metaspace: 7991K(8448K)->7991K(8448K) NonClass: 7113K(7360K)->7113K(7360K) Class: 878K(1088K)->878K(1088K)
[2.958s][info][gc             ] GC(9) Pause Young (Normal) (G1 Evacuation Pause) 132M->56M(275M) 22.623ms
[2.958s][info][gc,cpu         ] GC(9) User=0.44s Sys=0.30s Real=0.03s
[3.372s][info][gc,start       ] GC(10) Pause Young (Normal) (G1 Evacuation Pause)
[3.372s][info][gc,task        ] GC(10) Using 19 workers of 33 for evacuation
[3.389s][info][gc,phases      ] GC(10)   Pre Evacuate Collection Set: 0.1ms
[3.389s][info][gc,phases      ] GC(10)   Merge Heap Roots: 0.2ms
[3.389s][info][gc,phases      ] GC(10)   Evacuate Collection Set: 15.8ms
[3.389s][info][gc,phases      ] GC(10)   Post Evacuate Collection Set: 0.4ms
[3.389s][info][gc,phases      ] GC(10)   Other: 0.2ms
[3.389s][info][gc,heap        ] GC(10) Eden regions: 140->0(124)
[3.389s][info][gc,heap        ] GC(10) Survivor regions: 14->19(20)
[3.389s][info][gc,heap        ] GC(10) Old regions: 44->53
[3.389s][info][gc,heap        ] GC(10) Archive regions: 0->0
[3.389s][info][gc,heap        ] GC(10) Humongous regions: 0->0
[3.389s][info][gc,metaspace   ] GC(10) Metaspace: 8835K(9280K)->8835K(9280K) NonClass: 7827K(8064K)->7827K(8064K) Class: 1007K(1216K)->1007K(1216K)
[3.389s][info][gc             ] GC(10) Pause Young (Normal) (G1 Evacuation Pause) 196M->69M(275M) 17.036ms
[3.389s][info][gc,cpu         ] GC(10) User=0.36s Sys=0.02s Real=0.02s
[6.783s][info][gc,heap,exit   ] Heap
[6.784s][info][gc,heap,exit   ]  garbage-first heap   total 281600K, used 160159K [0x00000000e0000000, 0x0000000100000000)
[6.784s][info][gc,heap,exit   ]   region size 1024K, 106 young (108544K), 19 survivors (19456K)
[6.784s][info][gc,heap,exit   ]  Metaspace       used 9342K, committed 9728K, reserved 1114112K
[6.784s][info][gc,heap,exit   ]   class space    used 1054K, committed 1216K, reserved 1048576K
