[0.017s][info][gc,init] CardTable entry size: 512
[0.018s][info][gc     ] Using G1
[0.031s][info][gc,init] Version: 20+36-2344 (release)
[0.031s][info][gc,init] CPUs: 48 total, 48 available
[0.031s][info][gc,init] Memory: 382G
[0.031s][info][gc,init] Large Page Support: Disabled
[0.031s][info][gc,init] NUMA Support: Disabled
[0.031s][info][gc,init] Compressed Oops: Enabled (32-bit)
[0.031s][info][gc,init] Heap Region Size: 1M
[0.031s][info][gc,init] Heap Min Capacity: 8M
[0.031s][info][gc,init] Heap Initial Capacity: 1G
[0.031s][info][gc,init] Heap Max Capacity: 1G
[0.031s][info][gc,init] Pre-touch: Disabled
[0.040s][info][gc,init] Parallel Workers: 33
[0.040s][info][gc,init] Concurrent Workers: 8
[0.040s][info][gc,init] Concurrent Refinement Workers: 33
[0.040s][info][gc,init] Periodic GC: Disabled
[0.041s][info][gc,metaspace] CDS archive(s) mapped at: [0x0000000800000000-0x0000000800c60000-0x0000000800c60000), size 12976128, SharedBaseAddress: 0x0000000800000000, ArchiveRelocationMode: 0.
[0.041s][info][gc,metaspace] Compressed class space mapped at: 0x0000000801000000-0x0000000841000000, reserved size: 1073741824
[0.041s][info][gc,metaspace] Narrow klass base: 0x0000000800000000, Narrow klass shift: 0, Narrow klass range: 0x100000000
[1.414s][info][gc,start    ] GC(0) Pause Full (System.gc())
[1.416s][info][gc,task     ] GC(0) Using 21 workers of 33 for full compaction
[1.417s][info][gc,phases,start] GC(0) Phase 1: Mark live objects
[1.420s][info][gc,phases      ] GC(0) Phase 1: Mark live objects 2.188ms
[1.420s][info][gc,phases,start] GC(0) Phase 2: Prepare compaction
[1.422s][info][gc,phases      ] GC(0) Phase 2: Prepare compaction 2.850ms
[1.422s][info][gc,phases,start] GC(0) Phase 3: Adjust pointers
[1.423s][info][gc,phases      ] GC(0) Phase 3: Adjust pointers 1.019ms
[1.424s][info][gc,phases,start] GC(0) Phase 4: Compact heap
[1.424s][info][gc,phases      ] GC(0) Phase 4: Compact heap 0.950ms
[1.434s][info][gc,heap        ] GC(0) Eden regions: 21->0(10)
[1.434s][info][gc,heap        ] GC(0) Survivor regions: 0->0(0)
[1.434s][info][gc,heap        ] GC(0) Old regions: 0->9
[1.434s][info][gc,heap        ] GC(0) Archive regions: 0->0
[1.434s][info][gc,heap        ] GC(0) Humongous regions: 0->0
[1.434s][info][gc,metaspace   ] GC(0) Metaspace: 1268K(1408K)->1268K(1408K) NonClass: 1174K(1280K)->1174K(1280K) Class: 94K(128K)->94K(128K)
[1.434s][info][gc             ] GC(0) Pause Full (System.gc()) 20M->1M(30M) 19.324ms
[1.434s][info][gc,cpu         ] GC(0) User=0.03s Sys=0.31s Real=0.02s
[1.879s][info][gc,start       ] GC(1) Pause Young (Normal) (G1 Evacuation Pause)
[1.880s][info][gc,task        ] GC(1) Using 33 workers of 33 for evacuation
[1.883s][info][gc,phases      ] GC(1)   Pre Evacuate Collection Set: 0.1ms
[1.883s][info][gc,phases      ] GC(1)   Merge Heap Roots: 0.1ms
[1.883s][info][gc,phases      ] GC(1)   Evacuate Collection Set: 2.5ms
[1.883s][info][gc,phases      ] GC(1)   Post Evacuate Collection Set: 0.6ms
[1.883s][info][gc,phases      ] GC(1)   Other: 0.7ms
[1.883s][info][gc,heap        ] GC(1) Eden regions: 10->0(12)
[1.883s][info][gc,heap        ] GC(1) Survivor regions: 0->2(2)
[1.883s][info][gc,heap        ] GC(1) Old regions: 9->9
[1.883s][info][gc,heap        ] GC(1) Archive regions: 0->0
[1.883s][info][gc,heap        ] GC(1) Humongous regions: 0->0
[1.883s][info][gc,metaspace   ] GC(1) Metaspace: 3735K(3904K)->3735K(3904K) NonClass: 3245K(3328K)->3245K(3328K) Class: 490K(576K)->490K(576K)
[1.883s][info][gc             ] GC(1) Pause Young (Normal) (G1 Evacuation Pause) 11M->3M(30M) 4.332ms
[1.883s][info][gc,cpu         ] GC(1) User=0.00s Sys=0.00s Real=0.00s
[2.018s][info][gc,start       ] GC(2) Pause Young (Normal) (G1 Evacuation Pause)
[2.018s][info][gc,task        ] GC(2) Using 33 workers of 33 for evacuation
[2.026s][info][gc,phases      ] GC(2)   Pre Evacuate Collection Set: 0.1ms
[2.026s][info][gc,phases      ] GC(2)   Merge Heap Roots: 0.1ms
[2.026s][info][gc,phases      ] GC(2)   Evacuate Collection Set: 7.6ms
[2.026s][info][gc,phases      ] GC(2)   Post Evacuate Collection Set: 0.4ms
[2.026s][info][gc,phases      ] GC(2)   Other: 0.1ms
[2.026s][info][gc,heap        ] GC(2) Eden regions: 12->0(5)
[2.026s][info][gc,heap        ] GC(2) Survivor regions: 2->2(2)
[2.026s][info][gc,heap        ] GC(2) Old regions: 9->18
[2.026s][info][gc,heap        ] GC(2) Archive regions: 0->0
[2.026s][info][gc,heap        ] GC(2) Humongous regions: 0->0
[2.026s][info][gc,metaspace   ] GC(2) Metaspace: 3907K(4032K)->3907K(4032K) NonClass: 3403K(3456K)->3403K(3456K) Class: 503K(576K)->503K(576K)
[2.026s][info][gc             ] GC(2) Pause Young (Normal) (G1 Evacuation Pause) 15M->11M(34M) 8.553ms
[2.026s][info][gc,cpu         ] GC(2) User=0.00s Sys=0.00s Real=0.01s
[2.064s][info][gc,start       ] GC(3) Pause Young (Concurrent Start) (G1 Evacuation Pause)
[2.064s][info][gc,task        ] GC(3) Using 33 workers of 33 for evacuation
[2.066s][info][gc,phases      ] GC(3)   Pre Evacuate Collection Set: 0.2ms
[2.066s][info][gc,phases      ] GC(3)   Merge Heap Roots: 0.1ms
[2.066s][info][gc,phases      ] GC(3)   Evacuate Collection Set: 1.5ms
[2.066s][info][gc,phases      ] GC(3)   Post Evacuate Collection Set: 0.3ms
[2.066s][info][gc,phases      ] GC(3)   Other: 0.1ms
[2.066s][info][gc,heap        ] GC(3) Eden regions: 5->0(4)
[2.066s][info][gc,heap        ] GC(3) Survivor regions: 2->1(1)
[2.066s][info][gc,heap        ] GC(3) Old regions: 18->22
[2.066s][info][gc,heap        ] GC(3) Archive regions: 0->0
[2.066s][info][gc,heap        ] GC(3) Humongous regions: 0->0
[2.066s][info][gc,metaspace   ] GC(3) Metaspace: 4118K(4224K)->4118K(4224K) NonClass: 3612K(3648K)->3612K(3648K) Class: 505K(576K)->505K(576K)
[2.066s][info][gc             ] GC(3) Pause Young (Concurrent Start) (G1 Evacuation Pause) 16M->14M(34M) 2.394ms
[2.066s][info][gc             ] GC(4) Concurrent Mark Cycle
[2.066s][info][gc,cpu         ] GC(3) User=0.00s Sys=0.00s Real=0.00s
[2.066s][info][gc,marking     ] GC(4) Concurrent Scan Root Regions
[2.070s][info][gc,marking     ] GC(4) Concurrent Scan Root Regions 4.453ms
[2.071s][info][gc,marking     ] GC(4) Concurrent Mark
[2.071s][info][gc,marking     ] GC(4) Concurrent Mark From Roots
[2.071s][info][gc,task        ] GC(4) Using 8 workers of 8 for marking
[2.076s][info][gc,marking     ] GC(4) Concurrent Mark From Roots 5.933ms
[2.077s][info][gc,marking     ] GC(4) Concurrent Preclean
[2.077s][info][gc,marking     ] GC(4) Concurrent Preclean 0.041ms
[2.077s][info][gc,start       ] GC(4) Pause Remark
[2.078s][info][gc             ] GC(4) Pause Remark 17M->17M(44M) 1.189ms
[2.078s][info][gc,cpu         ] GC(4) User=0.00s Sys=0.00s Real=0.00s
[2.079s][info][gc,marking     ] GC(4) Concurrent Mark 8.664ms
[2.079s][info][gc,marking     ] GC(4) Concurrent Rebuild Remembered Sets and Scrub Regions
[2.082s][info][gc,marking     ] GC(4) Concurrent Rebuild Remembered Sets and Scrub Regions 2.704ms
[2.082s][info][gc,start       ] GC(4) Pause Cleanup
[2.082s][info][gc             ] GC(4) Pause Cleanup 17M->17M(44M) 0.114ms
[2.082s][info][gc,cpu         ] GC(4) User=0.00s Sys=0.00s Real=0.00s
[2.083s][info][gc,marking     ] GC(4) Concurrent Clear Claimed Marks
[2.083s][info][gc,marking     ] GC(4) Concurrent Clear Claimed Marks 0.028ms
[2.083s][info][gc,marking     ] GC(4) Concurrent Cleanup for Next Mark
[2.083s][info][gc,marking     ] GC(4) Concurrent Cleanup for Next Mark 0.257ms
[2.083s][info][gc             ] GC(4) Concurrent Mark Cycle 17.347ms
[2.092s][info][gc,start       ] GC(5) Pause Young (Prepare Mixed) (G1 Evacuation Pause)
[2.092s][info][gc,task        ] GC(5) Using 33 workers of 33 for evacuation
[2.093s][info][gc,phases      ] GC(5)   Pre Evacuate Collection Set: 0.1ms
[2.093s][info][gc,phases      ] GC(5)   Merge Heap Roots: 0.1ms
[2.093s][info][gc,phases      ] GC(5)   Evacuate Collection Set: 1.0ms
[2.093s][info][gc,phases      ] GC(5)   Post Evacuate Collection Set: 0.3ms
[2.093s][info][gc,phases      ] GC(5)   Other: 0.1ms
[2.093s][info][gc,heap        ] GC(5) Eden regions: 4->0(9)
[2.093s][info][gc,heap        ] GC(5) Survivor regions: 1->1(1)
[2.094s][info][gc,heap        ] GC(5) Old regions: 22->23
[2.094s][info][gc,heap        ] GC(5) Archive regions: 0->0
[2.094s][info][gc,heap        ] GC(5) Humongous regions: 0->0
[2.094s][info][gc,metaspace   ] GC(5) Metaspace: 4123K(4224K)->4123K(4224K) NonClass: 3617K(3648K)->3617K(3648K) Class: 506K(576K)->506K(576K)
[2.094s][info][gc             ] GC(5) Pause Young (Prepare Mixed) (G1 Evacuation Pause) 18M->15M(44M) 1.899ms
[2.094s][info][gc,cpu         ] GC(5) User=0.00s Sys=0.00s Real=0.00s
[2.155s][info][gc,start       ] GC(6) Pause Young (Mixed) (G1 Evacuation Pause)
[2.155s][info][gc,task        ] GC(6) Using 33 workers of 33 for evacuation
[2.159s][info][gc,phases      ] GC(6)   Pre Evacuate Collection Set: 0.1ms
[2.159s][info][gc,phases      ] GC(6)   Merge Heap Roots: 0.1ms
[2.159s][info][gc,phases      ] GC(6)   Evacuate Collection Set: 3.3ms
[2.159s][info][gc,phases      ] GC(6)   Post Evacuate Collection Set: 0.5ms
[2.159s][info][gc,phases      ] GC(6)   Other: 0.1ms
[2.159s][info][gc,heap        ] GC(6) Eden regions: 9->0(8)
[2.159s][info][gc,heap        ] GC(6) Survivor regions: 1->2(2)
[2.159s][info][gc,heap        ] GC(6) Old regions: 23->22
[2.159s][info][gc,heap        ] GC(6) Archive regions: 0->0
[2.159s][info][gc,heap        ] GC(6) Humongous regions: 0->0
[2.159s][info][gc,metaspace   ] GC(6) Metaspace: 4533K(4736K)->4533K(4736K) NonClass: 4011K(4096K)->4011K(4096K) Class: 522K(640K)->522K(640K)
[2.159s][info][gc             ] GC(6) Pause Young (Mixed) (G1 Evacuation Pause) 24M->20M(44M) 4.322ms
[2.159s][info][gc,cpu         ] GC(6) User=0.13s Sys=0.03s Real=0.01s
[2.208s][info][gc,start       ] GC(7) Pause Young (Mixed) (G1 Evacuation Pause)
[2.208s][info][gc,task        ] GC(7) Using 33 workers of 33 for evacuation
[2.214s][info][gc,phases      ] GC(7)   Pre Evacuate Collection Set: 0.1ms
[2.215s][info][gc,phases      ] GC(7)   Merge Heap Roots: 0.1ms
[2.215s][info][gc,phases      ] GC(7)   Evacuate Collection Set: 3.3ms
[2.215s][info][gc,phases      ] GC(7)   Post Evacuate Collection Set: 3.0ms
[2.215s][info][gc,phases      ] GC(7)   Other: 0.1ms
[2.215s][info][gc,heap        ] GC(7) Eden regions: 8->0(48)
[2.215s][info][gc,heap        ] GC(7) Survivor regions: 2->2(2)
[2.215s][info][gc,heap        ] GC(7) Old regions: 22->24
[2.215s][info][gc,heap        ] GC(7) Archive regions: 0->0
[2.215s][info][gc,heap        ] GC(7) Humongous regions: 0->0
[2.215s][info][gc,metaspace   ] GC(7) Metaspace: 4903K(5120K)->4903K(5120K) NonClass: 4355K(4480K)->4355K(4480K) Class: 547K(640K)->547K(640K)
[2.215s][info][gc             ] GC(7) Pause Young (Mixed) (G1 Evacuation Pause) 28M->24M(534M) 6.810ms
[2.215s][info][gc,cpu         ] GC(7) User=0.00s Sys=0.00s Real=0.00s
[2.521s][info][gc,start       ] GC(8) Pause Young (Normal) (G1 Evacuation Pause)
[2.521s][info][gc,task        ] GC(8) Using 33 workers of 33 for evacuation
[2.527s][info][gc,phases      ] GC(8)   Pre Evacuate Collection Set: 0.1ms
[2.527s][info][gc,phases      ] GC(8)   Merge Heap Roots: 0.1ms
[2.527s][info][gc,phases      ] GC(8)   Evacuate Collection Set: 5.6ms
[2.527s][info][gc,phases      ] GC(8)   Post Evacuate Collection Set: 0.5ms
[2.527s][info][gc,phases      ] GC(8)   Other: 0.1ms
[2.527s][info][gc,heap        ] GC(8) Eden regions: 48->0(277)
[2.527s][info][gc,heap        ] GC(8) Survivor regions: 2->7(7)
[2.527s][info][gc,heap        ] GC(8) Old regions: 24->25
[2.527s][info][gc,heap        ] GC(8) Archive regions: 0->0
[2.527s][info][gc,heap        ] GC(8) Humongous regions: 0->0
[2.527s][info][gc,metaspace   ] GC(8) Metaspace: 6111K(6336K)->6111K(6336K) NonClass: 5448K(5568K)->5448K(5568K) Class: 662K(768K)->662K(768K)
[2.528s][info][gc             ] GC(8) Pause Young (Normal) (G1 Evacuation Pause) 72M->29M(534M) 6.655ms
[2.528s][info][gc,cpu         ] GC(8) User=0.00s Sys=0.00s Real=0.01s
[3.443s][info][gc,start       ] GC(9) Pause Young (Normal) (G1 Evacuation Pause)
[3.443s][info][gc,task        ] GC(9) Using 22 workers of 33 for evacuation
[3.464s][info][gc,phases      ] GC(9)   Pre Evacuate Collection Set: 0.1ms
[3.464s][info][gc,phases      ] GC(9)   Merge Heap Roots: 0.2ms
[3.464s][info][gc,phases      ] GC(9)   Evacuate Collection Set: 19.3ms
[3.464s][info][gc,phases      ] GC(9)   Post Evacuate Collection Set: 0.7ms
[3.464s][info][gc,phases      ] GC(9)   Other: 0.2ms
[3.464s][info][gc,heap        ] GC(9) Eden regions: 277->0(227)
[3.464s][info][gc,heap        ] GC(9) Survivor regions: 7->35(36)
[3.464s][info][gc,heap        ] GC(9) Old regions: 25->25
[3.464s][info][gc,heap        ] GC(9) Archive regions: 0->0
[3.464s][info][gc,heap        ] GC(9) Humongous regions: 0->0
[3.464s][info][gc,metaspace   ] GC(9) Metaspace: 8815K(9280K)->8815K(9280K) NonClass: 7814K(8064K)->7814K(8064K) Class: 1000K(1216K)->1000K(1216K)
[3.464s][info][gc             ] GC(9) Pause Young (Normal) (G1 Evacuation Pause) 306M->57M(534M) 20.739ms
[3.464s][info][gc,cpu         ] GC(9) User=0.14s Sys=0.30s Real=0.02s
[4.484s][info][gc,heap,exit   ] Heap
[4.484s][info][gc,heap,exit   ]  garbage-first heap   total 546816K, used 130721K [0x00000000c0000000, 0x0000000100000000)
[4.484s][info][gc,heap,exit   ]   region size 1024K, 106 young (108544K), 35 survivors (35840K)
[4.484s][info][gc,heap,exit   ]  Metaspace       used 9326K, committed 9728K, reserved 1114112K
[4.484s][info][gc,heap,exit   ]   class space    used 1049K, committed 1216K, reserved 1048576K
