[0.017s][info][gc,init] CardTable entry size: 512
[0.018s][info][gc     ] Using Parallel
[0.021s][info][gc,init] Version: 20+36-2344 (release)
[0.021s][info][gc,init] CPUs: 48 total, 48 available
[0.021s][info][gc,init] Memory: 382G
[0.021s][info][gc,init] Large Page Support: Disabled
[0.021s][info][gc,init] NUMA Support: Disabled
[0.021s][info][gc,init] Compressed Oops: Enabled (32-bit)
[0.021s][info][gc,init] Alignments: Space 512K, Generation 512K, Heap 2M
[0.021s][info][gc,init] Heap Min Capacity: 8M
[0.021s][info][gc,init] Heap Initial Capacity: 512M
[0.021s][info][gc,init] Heap Max Capacity: 512M
[0.054s][info][gc,init] Pre-touch: Disabled
[0.054s][info][gc,init] Parallel Workers: 33
[0.056s][info][gc,metaspace] CDS archive(s) mapped at: [0x0000000800000000-0x0000000800c60000-0x0000000800c60000), size 12976128, SharedBaseAddress: 0x0000000800000000, ArchiveRelocationMode: 0.
[0.056s][info][gc,metaspace] Compressed class space mapped at: 0x0000000801000000-0x0000000841000000, reserved size: 1073741824
[0.056s][info][gc,metaspace] Narrow klass base: 0x0000000800000000, Narrow klass shift: 0, Narrow klass range: 0x100000000
[1.527s][info][gc,start    ] GC(0) Pause Young (System.gc())
[1.530s][info][gc,heap     ] GC(0) PSYoungGen: 36898K(153088K)->1461K(153088K) Eden: 36898K(131584K)->0K(131584K) From: 0K(21504K)->1461K(21504K)
[1.531s][info][gc,heap     ] GC(0) ParOldGen: 0K(349696K)->8K(349696K)
[1.531s][info][gc,metaspace] GC(0) Metaspace: 1267K(1408K)->1267K(1408K) NonClass: 1174K(1280K)->1174K(1280K) Class: 93K(128K)->93K(128K)
[1.531s][info][gc          ] GC(0) Pause Young (System.gc()) 36M->1M(491M) 3.772ms
[1.531s][info][gc,cpu      ] GC(0) User=0.00s Sys=0.00s Real=0.00s
[1.531s][info][gc,start    ] GC(1) Pause Full (System.gc())
[1.531s][info][gc,phases,start] GC(1) Marking Phase
[1.534s][info][gc,phases      ] GC(1) Marking Phase 3.178ms
[1.534s][info][gc,phases,start] GC(1) Summary Phase
[1.534s][info][gc,phases      ] GC(1) Summary Phase 0.030ms
[1.534s][info][gc,phases,start] GC(1) Adjust Roots
[1.535s][info][gc,phases      ] GC(1) Adjust Roots 1.316ms
[1.535s][info][gc,phases,start] GC(1) Compaction Phase
[1.540s][info][gc,phases      ] GC(1) Compaction Phase 4.149ms
[1.540s][info][gc,phases,start] GC(1) Post Compact
[1.540s][info][gc,phases      ] GC(1) Post Compact 0.243ms
[1.540s][info][gc,heap        ] GC(1) PSYoungGen: 1461K(153088K)->0K(153088K) Eden: 0K(131584K)->0K(131584K) From: 1461K(21504K)->0K(21504K)
[1.540s][info][gc,heap        ] GC(1) ParOldGen: 8K(349696K)->1286K(349696K)
[1.540s][info][gc,metaspace   ] GC(1) Metaspace: 1267K(1408K)->1267K(1408K) NonClass: 1174K(1280K)->1174K(1280K) Class: 93K(128K)->93K(128K)
[1.540s][info][gc             ] GC(1) Pause Full (System.gc()) 1M->1M(491M) 9.239ms
[1.540s][info][gc,cpu         ] GC(1) User=0.03s Sys=0.02s Real=0.01s
[2.606s][info][gc,start       ] GC(2) Pause Young (Allocation Failure)
[2.619s][info][gc,heap        ] GC(2) PSYoungGen: 131584K(153088K)->16907K(153088K) Eden: 131584K(131584K)->0K(131584K) From: 0K(21504K)->16907K(21504K)
[2.619s][info][gc,heap        ] GC(2) ParOldGen: 1286K(349696K)->1366K(349696K)
[2.619s][info][gc,metaspace   ] GC(2) Metaspace: 6146K(6336K)->6146K(6336K) NonClass: 5480K(5568K)->5480K(5568K) Class: 665K(768K)->665K(768K)
[2.619s][info][gc             ] GC(2) Pause Young (Allocation Failure) 129M->17M(491M) 12.364ms
[2.619s][info][gc,cpu         ] GC(2) User=0.16s Sys=0.45s Real=0.01s
[2.869s][info][gc,start       ] GC(3) Pause Young (Allocation Failure)
[2.907s][info][gc,heap        ] GC(3) PSYoungGen: 148491K(153088K)->21491K(153088K) Eden: 131584K(131584K)->0K(131584K) From: 16907K(21504K)->21491K(21504K)
[2.907s][info][gc,heap        ] GC(3) ParOldGen: 1366K(349696K)->20583K(349696K)
[2.907s][info][gc,metaspace   ] GC(3) Metaspace: 8018K(8448K)->8018K(8448K) NonClass: 7141K(7360K)->7141K(7360K) Class: 877K(1088K)->877K(1088K)
[2.907s][info][gc             ] GC(3) Pause Young (Allocation Failure) 146M->41M(491M) 38.646ms
[2.907s][info][gc,cpu         ] GC(3) User=0.36s Sys=0.89s Real=0.03s
[3.222s][info][gc,start       ] GC(4) Pause Young (Allocation Failure)
[3.240s][info][gc,heap        ] GC(4) PSYoungGen: 153075K(153088K)->21498K(153088K) Eden: 131584K(131584K)->0K(131584K) From: 21491K(21504K)->21498K(21504K)
[3.240s][info][gc,heap        ] GC(4) ParOldGen: 20583K(349696K)->29167K(349696K)
[3.240s][info][gc,metaspace   ] GC(4) Metaspace: 8806K(9280K)->8806K(9280K) NonClass: 7804K(8064K)->7804K(8064K) Class: 1002K(1216K)->1002K(1216K)
[3.240s][info][gc             ] GC(4) Pause Young (Allocation Failure) 169M->49M(491M) 17.934ms
[3.240s][info][gc,cpu         ] GC(4) User=0.33s Sys=0.09s Real=0.02s
[4.340s][info][gc,heap,exit   ] Heap
[4.340s][info][gc,heap,exit   ]  PSYoungGen      total 153088K, used 123227K [0x00000000f5580000, 0x0000000100000000, 0x0000000100000000)
[4.340s][info][gc,heap,exit   ]   eden space 131584K, 77% used [0x00000000f5580000,0x00000000fb8d8468,0x00000000fd600000)
[4.340s][info][gc,heap,exit   ]   from space 21504K, 99% used [0x00000000feb00000,0x00000000ffffe948,0x0000000100000000)
[4.340s][info][gc,heap,exit   ]   to   space 21504K, 0% used [0x00000000fd600000,0x00000000fd600000,0x00000000feb00000)
[4.340s][info][gc,heap,exit   ]  ParOldGen       total 349696K, used 29167K [0x00000000e0000000, 0x00000000f5580000, 0x00000000f5580000)
[4.340s][info][gc,heap,exit   ]   object space 349696K, 8% used [0x00000000e0000000,0x00000000e1c7bee0,0x00000000f5580000)
[4.340s][info][gc,heap,exit   ]  Metaspace       used 9316K, committed 9728K, reserved 1114112K
[4.340s][info][gc,heap,exit   ]   class space    used 1049K, committed 1216K, reserved 1048576K
