[0.016s][info][gc,init] CardTable entry size: 512
[0.016s][info][gc     ] Using Parallel
[0.026s][info][gc,init] Version: 20+36-2344 (release)
[0.026s][info][gc,init] CPUs: 48 total, 48 available
[0.026s][info][gc,init] Memory: 382G
[0.026s][info][gc,init] Large Page Support: Disabled
[0.026s][info][gc,init] NUMA Support: Disabled
[0.026s][info][gc,init] Compressed Oops: Enabled (32-bit)
[0.026s][info][gc,init] Alignments: Space 512K, Generation 512K, Heap 2M
[0.026s][info][gc,init] Heap Min Capacity: 8M
[0.026s][info][gc,init] Heap Initial Capacity: 2G
[0.027s][info][gc,init] Heap Max Capacity: 2G
[0.034s][info][gc,init] Pre-touch: Disabled
[0.034s][info][gc,init] Parallel Workers: 33
[0.035s][info][gc,metaspace] CDS archive(s) mapped at: [0x0000000800000000-0x0000000800c60000-0x0000000800c60000), size 12976128, SharedBaseAddress: 0x0000000800000000, ArchiveRelocationMode: 0.
[0.036s][info][gc,metaspace] Compressed class space mapped at: 0x0000000801000000-0x0000000841000000, reserved size: 1073741824
[0.036s][info][gc,metaspace] Narrow klass base: 0x0000000800000000, Narrow klass shift: 0, Narrow klass range: 0x100000000
[1.651s][info][gc,start    ] GC(0) Pause Young (System.gc())
[1.655s][info][gc,heap     ] GC(0) PSYoungGen: 104976K(611840K)->2040K(611840K) Eden: 104976K(524800K)->0K(524800K) From: 0K(87040K)->2040K(87040K)
[1.655s][info][gc,heap     ] GC(0) ParOldGen: 0K(1398272K)->8K(1398272K)
[1.655s][info][gc,metaspace] GC(0) Metaspace: 1267K(1408K)->1267K(1408K) NonClass: 1173K(1280K)->1173K(1280K) Class: 93K(128K)->93K(128K)
[1.655s][info][gc          ] GC(0) Pause Young (System.gc()) 102M->2M(1963M) 4.353ms
[1.655s][info][gc,cpu      ] GC(0) User=0.00s Sys=0.00s Real=0.00s
[1.655s][info][gc,start    ] GC(1) Pause Full (System.gc())
[1.655s][info][gc,phases,start] GC(1) Marking Phase
[1.660s][info][gc,phases      ] GC(1) Marking Phase 4.259ms
[1.660s][info][gc,phases,start] GC(1) Summary Phase
[1.660s][info][gc,phases      ] GC(1) Summary Phase 0.022ms
[1.660s][info][gc,phases,start] GC(1) Adjust Roots
[1.661s][info][gc,phases      ] GC(1) Adjust Roots 0.958ms
[1.661s][info][gc,phases,start] GC(1) Compaction Phase
[1.666s][info][gc,phases      ] GC(1) Compaction Phase 5.587ms
[1.666s][info][gc,phases,start] GC(1) Post Compact
[1.667s][info][gc,phases      ] GC(1) Post Compact 0.545ms
[1.667s][info][gc,heap        ] GC(1) PSYoungGen: 2040K(611840K)->0K(611840K) Eden: 0K(524800K)->0K(524800K) From: 2040K(87040K)->0K(87040K)
[1.667s][info][gc,heap        ] GC(1) ParOldGen: 8K(1398272K)->1286K(1398272K)
[1.667s][info][gc,metaspace   ] GC(1) Metaspace: 1267K(1408K)->1267K(1408K) NonClass: 1173K(1280K)->1173K(1280K) Class: 93K(128K)->93K(128K)
[1.667s][info][gc             ] GC(1) Pause Full (System.gc()) 2M->1M(1963M) 11.693ms
[1.667s][info][gc,cpu         ] GC(1) User=0.02s Sys=0.00s Real=0.01s
[3.657s][info][gc,start       ] GC(2) Pause Young (Allocation Failure)
[3.688s][info][gc,heap        ] GC(2) PSYoungGen: 524800K(611840K)->35430K(611840K) Eden: 524800K(524800K)->0K(524800K) From: 0K(87040K)->35430K(87040K)
[3.688s][info][gc,heap        ] GC(2) ParOldGen: 1286K(1398272K)->1366K(1398272K)
[3.688s][info][gc,metaspace   ] GC(2) Metaspace: 8744K(9216K)->8744K(9216K) NonClass: 7749K(8000K)->7749K(8000K) Class: 994K(1216K)->994K(1216K)
[3.688s][info][gc             ] GC(2) Pause Young (Allocation Failure) 513M->35M(1963M) 30.600ms
[3.688s][info][gc,cpu         ] GC(2) User=0.13s Sys=0.41s Real=0.02s
[4.480s][info][gc,heap,exit   ] Heap
[4.480s][info][gc,heap,exit   ]  PSYoungGen      total 611840K, used 117854K [0x00000000d5580000, 0x0000000100000000, 0x0000000100000000)
[4.480s][info][gc,heap,exit   ]   eden space 524800K, 15% used [0x00000000d5580000,0x00000000da5fdfe8,0x00000000f5600000)
[4.480s][info][gc,heap,exit   ]   from space 87040K, 40% used [0x00000000fab00000,0x00000000fcd99b48,0x0000000100000000)
[4.480s][info][gc,heap,exit   ]   to   space 87040K, 0% used [0x00000000f5600000,0x00000000f5600000,0x00000000fab00000)
[4.480s][info][gc,heap,exit   ]  ParOldGen       total 1398272K, used 1366K [0x0000000080000000, 0x00000000d5580000, 0x00000000d5580000)
[4.480s][info][gc,heap,exit   ]   object space 1398272K, 0% used [0x0000000080000000,0x0000000080155b78,0x00000000d5580000)
[4.480s][info][gc,heap,exit   ]  Metaspace       used 9271K, committed 9664K, reserved 1114112K
[4.480s][info][gc,heap,exit   ]   class space    used 1045K, committed 1216K, reserved 1048576K
