[0.016s][info][gc,init] CardTable entry size: 512
[0.017s][info][gc     ] Using Serial
[0.024s][info][gc,init] Version: 20+36-2344 (release)
[0.024s][info][gc,init] CPUs: 48 total, 48 available
[0.024s][info][gc,init] Memory: 382G
[0.024s][info][gc,init] Large Page Support: Disabled
[0.024s][info][gc,init] NUMA Support: Disabled
[0.024s][info][gc,init] Compressed Oops: Enabled (32-bit)
[0.024s][info][gc,init] Heap Min Capacity: 8M
[0.024s][info][gc,init] Heap Initial Capacity: 2G
[0.024s][info][gc,init] Heap Max Capacity: 2G
[0.024s][info][gc,init] Pre-touch: Disabled
[0.035s][info][gc,metaspace] CDS archive(s) mapped at: [0x0000000800000000-0x0000000800c60000-0x0000000800c60000), size 12976128, SharedBaseAddress: 0x0000000800000000, ArchiveRelocationMode: 0.
[0.035s][info][gc,metaspace] Compressed class space mapped at: 0x0000000801000000-0x0000000841000000, reserved size: 1073741824
[0.035s][info][gc,metaspace] Narrow klass base: 0x0000000800000000, Narrow klass shift: 0, Narrow klass range: 0x100000000
[1.539s][info][gc,start    ] GC(0) Pause Full (System.gc())
[1.540s][info][gc,phases,start] GC(0) Phase 1: Mark live objects
[1.544s][info][gc,phases      ] GC(0) Phase 1: Mark live objects 4.653ms
[1.544s][info][gc,phases,start] GC(0) Phase 2: Compute new object addresses
[1.547s][info][gc,phases      ] GC(0) Phase 2: Compute new object addresses 2.537ms
[1.547s][info][gc,phases,start] GC(0) Phase 3: Adjust pointers
[1.549s][info][gc,phases      ] GC(0) Phase 3: Adjust pointers 2.179ms
[1.549s][info][gc,phases,start] GC(0) Phase 4: Move objects
[1.551s][info][gc,phases      ] GC(0) Phase 4: Move objects 1.653ms
[1.551s][info][gc,heap        ] GC(0) DefNew: 100670K(629120K)->0K(629120K) Eden: 100670K(559232K)->0K(559232K) From: 0K(69888K)->0K(69888K)
[1.551s][info][gc,heap        ] GC(0) Tenured: 0K(1398144K)->1286K(1398144K)
[1.551s][info][gc,metaspace   ] GC(0) Metaspace: 1268K(1408K)->1268K(1408K) NonClass: 1174K(1280K)->1174K(1280K) Class: 94K(128K)->94K(128K)
[1.551s][info][gc             ] GC(0) Pause Full (System.gc()) 98M->1M(1979M) 11.766ms
[1.551s][info][gc,cpu         ] GC(0) User=0.02s Sys=0.00s Real=0.02s
[3.607s][info][gc,start       ] GC(1) Pause Young (Allocation Failure)
[3.716s][info][gc,heap        ] GC(1) DefNew: 559232K(629120K)->35175K(629120K) Eden: 559232K(559232K)->0K(559232K) From: 0K(69888K)->35175K(69888K)
[3.716s][info][gc,heap        ] GC(1) Tenured: 1286K(1398144K)->1286K(1398144K)
[3.716s][info][gc,metaspace   ] GC(1) Metaspace: 8839K(9280K)->8839K(9280K) NonClass: 7840K(8064K)->7840K(8064K) Class: 999K(1216K)->999K(1216K)
[3.717s][info][gc             ] GC(1) Pause Young (Allocation Failure) 547M->35M(1979M) 109.569ms
[3.717s][info][gc,cpu         ] GC(1) User=0.14s Sys=0.00s Real=0.11s
[4.480s][info][gc,heap,exit   ] Heap
[4.480s][info][gc,heap,exit   ]  def new generation   total 629120K, used 76389K [0x0000000080000000, 0x00000000aaaa0000, 0x00000000aaaa0000)
[4.480s][info][gc,heap,exit   ]   eden space 559232K,   7% used [0x0000000080000000, 0x000000008283f878, 0x00000000a2220000)
[4.480s][info][gc,heap,exit   ]   from space 69888K,  50% used [0x00000000a6660000, 0x00000000a88b9cb0, 0x00000000aaaa0000)
[4.480s][info][gc,heap,exit   ]   to   space 69888K,   0% used [0x00000000a2220000, 0x00000000a2220000, 0x00000000a6660000)
[4.480s][info][gc,heap,exit   ]  tenured generation   total 1398144K, used 1286K [0x00000000aaaa0000, 0x0000000100000000, 0x0000000100000000)
[4.480s][info][gc,heap,exit   ]    the space 1398144K,   0% used [0x00000000aaaa0000, 0x00000000aabe1b68, 0x00000000aabe1c00, 0x0000000100000000)
[4.480s][info][gc,heap,exit   ]  Metaspace       used 9299K, committed 9728K, reserved 1114112K
[4.480s][info][gc,heap,exit   ]   class space    used 1050K, committed 1216K, reserved 1048576K
