[0.016s][info][gc,init] CardTable entry size: 512
[0.016s][info][gc     ] Using Serial
[0.020s][info][gc,init] Version: 20+36-2344 (release)
[0.020s][info][gc,init] CPUs: 48 total, 48 available
[0.020s][info][gc,init] Memory: 382G
[0.020s][info][gc,init] Large Page Support: Disabled
[0.020s][info][gc,init] NUMA Support: Disabled
[0.020s][info][gc,init] Compressed Oops: Enabled (32-bit)
[0.020s][info][gc,init] Heap Min Capacity: 8M
[0.020s][info][gc,init] Heap Initial Capacity: 1G
[0.020s][info][gc,init] Heap Max Capacity: 1G
[0.020s][info][gc,init] Pre-touch: Disabled
[0.031s][info][gc,metaspace] CDS archive(s) mapped at: [0x0000000800000000-0x0000000800c60000-0x0000000800c60000), size 12976128, SharedBaseAddress: 0x0000000800000000, ArchiveRelocationMode: 0.
[0.031s][info][gc,metaspace] Compressed class space mapped at: 0x0000000801000000-0x0000000841000000, reserved size: 1073741824
[0.031s][info][gc,metaspace] Narrow klass base: 0x0000000800000000, Narrow klass shift: 0, Narrow klass range: 0x100000000
[1.461s][info][gc,start    ] GC(0) Pause Full (System.gc())
[1.461s][info][gc,phases,start] GC(0) Phase 1: Mark live objects
[1.466s][info][gc,phases      ] GC(0) Phase 1: Mark live objects 4.586ms
[1.466s][info][gc,phases,start] GC(0) Phase 2: Compute new object addresses
[1.469s][info][gc,phases      ] GC(0) Phase 2: Compute new object addresses 2.527ms
[1.469s][info][gc,phases,start] GC(0) Phase 3: Adjust pointers
[1.471s][info][gc,phases      ] GC(0) Phase 3: Adjust pointers 2.361ms
[1.471s][info][gc,phases,start] GC(0) Phase 4: Move objects
[1.473s][info][gc,phases      ] GC(0) Phase 4: Move objects 1.764ms
[1.473s][info][gc,heap        ] GC(0) DefNew: 67173K(314560K)->0K(314560K) Eden: 67173K(279616K)->0K(279616K) From: 0K(34944K)->0K(34944K)
[1.473s][info][gc,heap        ] GC(0) Tenured: 0K(699072K)->1286K(699072K)
[1.473s][info][gc,metaspace   ] GC(0) Metaspace: 1270K(1408K)->1270K(1408K) NonClass: 1175K(1280K)->1175K(1280K) Class: 94K(128K)->94K(128K)
[1.473s][info][gc             ] GC(0) Pause Full (System.gc()) 65M->1M(989M) 11.937ms
[1.473s][info][gc,cpu         ] GC(0) User=0.02s Sys=0.00s Real=0.02s
[2.734s][info][gc,start       ] GC(1) Pause Young (Allocation Failure)
[2.855s][info][gc,heap        ] GC(1) DefNew: 279616K(314560K)->34943K(314560K) Eden: 279616K(279616K)->0K(279616K) From: 0K(34944K)->34943K(34944K)
[2.855s][info][gc,heap        ] GC(1) Tenured: 1286K(699072K)->7124K(699072K)
[2.855s][info][gc,metaspace   ] GC(1) Metaspace: 8035K(8448K)->8035K(8448K) NonClass: 7157K(7360K)->7157K(7360K) Class: 878K(1088K)->878K(1088K)
[2.855s][info][gc             ] GC(1) Pause Young (Allocation Failure) 274M->41M(989M) 121.614ms
[2.855s][info][gc,cpu         ] GC(1) User=0.42s Sys=0.02s Real=0.12s
[4.291s][info][gc,heap,exit   ] Heap
[4.291s][info][gc,heap,exit   ]  def new generation   total 314560K, used 281978K [0x00000000c0000000, 0x00000000d5550000, 0x00000000d5550000)
[4.291s][info][gc,heap,exit   ]   eden space 279616K,  88% used [0x00000000c0000000, 0x00000000cf13e978, 0x00000000d1110000)
[4.291s][info][gc,heap,exit   ]   from space 34944K,  99% used [0x00000000d3330000, 0x00000000d554fff8, 0x00000000d5550000)
[4.291s][info][gc,heap,exit   ]   to   space 34944K,   0% used [0x00000000d1110000, 0x00000000d1110000, 0x00000000d3330000)
[4.291s][info][gc,heap,exit   ]  tenured generation   total 699072K, used 7124K [0x00000000d5550000, 0x0000000100000000, 0x0000000100000000)
[4.291s][info][gc,heap,exit   ]    the space 699072K,   1% used [0x00000000d5550000, 0x00000000d5c453b8, 0x00000000d5c45400, 0x0000000100000000)
[4.291s][info][gc,heap,exit   ]  Metaspace       used 9335K, committed 9728K, reserved 1114112K
[4.291s][info][gc,heap,exit   ]   class space    used 1050K, committed 1216K, reserved 1048576K
