[0.015s][info][gc,init] CardTable entry size: 512
[0.016s][info][gc     ] Using Serial
[0.019s][info][gc,init] Version: 20+36-2344 (release)
[0.019s][info][gc,init] CPUs: 48 total, 48 available
[0.019s][info][gc,init] Memory: 382G
[0.019s][info][gc,init] Large Page Support: Disabled
[0.019s][info][gc,init] NUMA Support: Disabled
[0.019s][info][gc,init] Compressed Oops: Enabled (32-bit)
[0.019s][info][gc,init] Heap Min Capacity: 8M
[0.019s][info][gc,init] Heap Initial Capacity: 512M
[0.019s][info][gc,init] Heap Max Capacity: 512M
[0.019s][info][gc,init] Pre-touch: Disabled
[0.029s][info][gc,metaspace] CDS archive(s) mapped at: [0x0000000800000000-0x0000000800c60000-0x0000000800c60000), size 12976128, SharedBaseAddress: 0x0000000800000000, ArchiveRelocationMode: 0.
[0.029s][info][gc,metaspace] Compressed class space mapped at: 0x0000000801000000-0x0000000841000000, reserved size: 1073741824
[0.029s][info][gc,metaspace] Narrow klass base: 0x0000000800000000, Narrow klass shift: 0, Narrow klass range: 0x100000000
[2.400s][info][gc,start    ] GC(0) Pause Full (System.gc())
[2.400s][info][gc,phases,start] GC(0) Phase 1: Mark live objects
[2.404s][info][gc,phases      ] GC(0) Phase 1: Mark live objects 4.441ms
[2.405s][info][gc,phases,start] GC(0) Phase 2: Compute new object addresses
[2.407s][info][gc,phases      ] GC(0) Phase 2: Compute new object addresses 2.480ms
[2.407s][info][gc,phases,start] GC(0) Phase 3: Adjust pointers
[2.409s][info][gc,phases      ] GC(0) Phase 3: Adjust pointers 2.363ms
[2.409s][info][gc,phases,start] GC(0) Phase 4: Move objects
[2.411s][info][gc,phases      ] GC(0) Phase 4: Move objects 1.679ms
[2.411s][info][gc,heap        ] GC(0) DefNew: 42013K(157248K)->0K(157248K) Eden: 42013K(139776K)->0K(139776K) From: 0K(17472K)->0K(17472K)
[2.411s][info][gc,heap        ] GC(0) Tenured: 0K(349568K)->1286K(349568K)
[2.411s][info][gc,metaspace   ] GC(0) Metaspace: 1268K(1408K)->1268K(1408K) NonClass: 1174K(1280K)->1174K(1280K) Class: 94K(128K)->94K(128K)
[2.411s][info][gc             ] GC(0) Pause Full (System.gc()) 41M->1M(494M) 11.649ms
[2.411s][info][gc,cpu         ] GC(0) User=0.02s Sys=0.00s Real=0.01s
[3.408s][info][gc,start       ] GC(1) Pause Young (Allocation Failure)
[3.463s][info][gc,heap        ] GC(1) DefNew: 139776K(157248K)->17472K(157248K) Eden: 139776K(139776K)->0K(139776K) From: 0K(17472K)->17472K(17472K)
[3.463s][info][gc,heap        ] GC(1) Tenured: 1286K(349568K)->2010K(349568K)
[3.463s][info][gc,metaspace   ] GC(1) Metaspace: 6714K(7104K)->6714K(7104K) NonClass: 5929K(6144K)->5929K(6144K) Class: 784K(960K)->784K(960K)
[3.463s][info][gc             ] GC(1) Pause Young (Allocation Failure) 137M->19M(494M) 55.319ms
[3.463s][info][gc,cpu         ] GC(1) User=0.13s Sys=0.02s Real=0.05s
[3.710s][info][gc,start       ] GC(2) Pause Young (Allocation Failure)
[3.812s][info][gc,heap        ] GC(2) DefNew: 157248K(157248K)->17472K(157248K) Eden: 139776K(139776K)->0K(139776K) From: 17472K(17472K)->17472K(17472K)
[3.812s][info][gc,heap        ] GC(2) Tenured: 2010K(349568K)->26197K(349568K)
[3.812s][info][gc,metaspace   ] GC(2) Metaspace: 8130K(8576K)->8130K(8576K) NonClass: 7234K(7488K)->7234K(7488K) Class: 896K(1088K)->896K(1088K)
[3.812s][info][gc             ] GC(2) Pause Young (Allocation Failure) 155M->42M(494M) 101.784ms
[3.812s][info][gc,cpu         ] GC(2) User=0.48s Sys=0.02s Real=0.11s
[4.276s][info][gc,start       ] GC(3) Pause Young (Allocation Failure)
[4.332s][info][gc,heap        ] GC(3) DefNew: 157248K(157248K)->7052K(157248K) Eden: 139776K(139776K)->0K(139776K) From: 17472K(17472K)->7052K(17472K)
[4.332s][info][gc,heap        ] GC(3) Tenured: 26197K(349568K)->43622K(349568K)
[4.332s][info][gc,metaspace   ] GC(3) Metaspace: 8810K(9280K)->8810K(9280K) NonClass: 7807K(8064K)->7807K(8064K) Class: 1003K(1216K)->1003K(1216K)
[4.332s][info][gc             ] GC(3) Pause Young (Allocation Failure) 179M->49M(494M) 55.974ms
[4.332s][info][gc,cpu         ] GC(3) User=0.13s Sys=0.00s Real=0.05s
[5.306s][info][gc,heap,exit   ] Heap
[5.306s][info][gc,heap,exit   ]  def new generation   total 157248K, used 74927K [0x00000000e0000000, 0x00000000eaaa0000, 0x00000000eaaa0000)
[5.306s][info][gc,heap,exit   ]   eden space 139776K,  48% used [0x00000000e0000000, 0x00000000e4248c48, 0x00000000e8880000)
[5.306s][info][gc,heap,exit   ]   from space 17472K,  40% used [0x00000000e9990000, 0x00000000ea073228, 0x00000000eaaa0000)
[5.306s][info][gc,heap,exit   ]   to   space 17472K,   0% used [0x00000000e8880000, 0x00000000e8880000, 0x00000000e9990000)
[5.306s][info][gc,heap,exit   ]  tenured generation   total 349568K, used 43622K [0x00000000eaaa0000, 0x0000000100000000, 0x0000000100000000)
[5.306s][info][gc,heap,exit   ]    the space 349568K,  12% used [0x00000000eaaa0000, 0x00000000ed539950, 0x00000000ed539a00, 0x0000000100000000)
[5.306s][info][gc,heap,exit   ]  Metaspace       used 9318K, committed 9728K, reserved 1114112K
[5.306s][info][gc,heap,exit   ]   class space    used 1051K, committed 1216K, reserved 1048576K
