[0.015s][info][gc,init] CardTable entry size: 512
[0.016s][info][gc     ] Using Serial
[0.024s][info][gc,init] Version: 20+36-2344 (release)
[0.024s][info][gc,init] CPUs: 48 total, 48 available
[0.024s][info][gc,init] Memory: 382G
[0.024s][info][gc,init] Large Page Support: Disabled
[0.024s][info][gc,init] NUMA Support: Disabled
[0.024s][info][gc,init] Compressed Oops: Enabled (Zero based)
[0.024s][info][gc,init] Heap Min Capacity: 8M
[0.024s][info][gc,init] Heap Initial Capacity: 2G
[0.024s][info][gc,init] Heap Max Capacity: 4G
[0.024s][info][gc,init] Pre-touch: Disabled
[0.036s][info][gc,metaspace] CDS archive(s) mapped at: [0x0000000800000000-0x0000000800c60000-0x0000000800c60000), size 12976128, SharedBaseAddress: 0x0000000800000000, ArchiveRelocationMode: 0.
[0.036s][info][gc,metaspace] Compressed class space mapped at: 0x0000000801000000-0x0000000841000000, reserved size: 1073741824
[0.036s][info][gc,metaspace] Narrow klass base: 0x0000000800000000, Narrow klass shift: 0, Narrow klass range: 0x100000000
[1.558s][info][gc,start    ] GC(0) Pause Full (System.gc())
[1.559s][info][gc,phases,start] GC(0) Phase 1: Mark live objects
[1.563s][info][gc,phases      ] GC(0) Phase 1: Mark live objects 4.481ms
[1.563s][info][gc,phases,start] GC(0) Phase 2: Compute new object addresses
[1.566s][info][gc,phases      ] GC(0) Phase 2: Compute new object addresses 2.505ms
[1.566s][info][gc,phases,start] GC(0) Phase 3: Adjust pointers
[1.568s][info][gc,phases      ] GC(0) Phase 3: Adjust pointers 2.355ms
[1.568s][info][gc,phases,start] GC(0) Phase 4: Move objects
[1.570s][info][gc,phases      ] GC(0) Phase 4: Move objects 1.574ms
[1.570s][info][gc,heap        ] GC(0) DefNew: 111855K(629120K)->0K(629248K) Eden: 111855K(559232K)->0K(559360K) From: 0K(69888K)->0K(69888K)
[1.570s][info][gc,heap        ] GC(0) Tenured: 0K(1398144K)->1286K(1398144K)
[1.570s][info][gc,metaspace   ] GC(0) Metaspace: 1267K(1408K)->1267K(1408K) NonClass: 1173K(1280K)->1173K(1280K) Class: 93K(128K)->93K(128K)
[1.570s][info][gc             ] GC(0) Pause Full (System.gc()) 109M->1M(1979M) 11.679ms
[1.570s][info][gc,cpu         ] GC(0) User=0.00s Sys=0.00s Real=0.00s
[3.706s][info][gc,start       ] GC(1) Pause Young (Allocation Failure)
[3.824s][info][gc,heap        ] GC(1) DefNew: 559360K(629248K)->35343K(629248K) Eden: 559360K(559360K)->0K(559360K) From: 0K(69888K)->35343K(69888K)
[3.824s][info][gc,heap        ] GC(1) Tenured: 1286K(1398144K)->1286K(1398144K)
[3.824s][info][gc,metaspace   ] GC(1) Metaspace: 8898K(9344K)->8898K(9344K) NonClass: 7889K(8128K)->7889K(8128K) Class: 1009K(1216K)->1009K(1216K)
[3.824s][info][gc             ] GC(1) Pause Young (Allocation Failure) 547M->35M(1979M) 118.281ms
[3.824s][info][gc,cpu         ] GC(1) User=0.41s Sys=0.02s Real=0.11s
[4.544s][info][gc,heap,exit   ] Heap
[4.544s][info][gc,heap,exit   ]  def new generation   total 629248K, used 69852K [0x0000000700000000, 0x000000072aac0000, 0x0000000755550000)
[4.544s][info][gc,heap,exit   ]   eden space 559360K,   6% used [0x0000000700000000, 0x00000007021b37a8, 0x0000000722240000)
[4.544s][info][gc,heap,exit   ]   from space 69888K,  50% used [0x0000000726680000, 0x0000000728903c28, 0x000000072aac0000)
[4.544s][info][gc,heap,exit   ]   to   space 69888K,   0% used [0x0000000722240000, 0x0000000722240000, 0x0000000726680000)
[4.544s][info][gc,heap,exit   ]  tenured generation   total 1398144K, used 1286K [0x0000000755550000, 0x00000007aaab0000, 0x0000000800000000)
[4.544s][info][gc,heap,exit   ]    the space 1398144K,   0% used [0x0000000755550000, 0x0000000755691b70, 0x0000000755691c00, 0x00000007aaab0000)
[4.544s][info][gc,heap,exit   ]  Metaspace       used 9357K, committed 9728K, reserved 1114112K
[4.544s][info][gc,heap,exit   ]   class space    used 1057K, committed 1216K, reserved 1048576K
