[0.017s][info][gc,init] Initializing The Z Garbage Collector
[0.018s][info][gc,init] Version: 20+36-2344 (release)
[0.018s][info][gc,init] NUMA Support: Disabled
[0.018s][info][gc,init] CPUs: 48 total, 48 available
[0.018s][info][gc,init] Memory: 391843M
[0.018s][info][gc,init] Large Page Support: Disabled
[0.018s][info][gc,init] GC Workers: 12 (dynamic)
[0.020s][info][gc,init] Address Space Type: Contiguous/Unrestricted/Complete
[0.020s][info][gc,init] Address Space Size: 65536M x 3 = 196608M
[0.020s][info][gc,init] Min Capacity: 8M
[0.020s][info][gc,init] Initial Capacity: 2048M
[0.030s][info][gc,init] Max Capacity: 4096M
[0.030s][info][gc,init] Medium Page Size: 32M
[0.030s][info][gc,init] Pre-touch: Disabled
[0.030s][info][gc,init] Uncommit: Enabled
[0.030s][info][gc,init] Uncommit Delay: 300s
[0.108s][info][gc,init] Runtime Workers: 29
[0.111s][info][gc     ] Using The Z Garbage Collector
[0.112s][info][gc,metaspace] CDS archive(s) mapped at: [0x0000000800000000-0x0000000800c60000-0x0000000800c60000), size 12976128, SharedBaseAddress: 0x0000000800000000, ArchiveRelocationMode: 0.
[0.112s][info][gc,metaspace] Compressed class space mapped at: 0x0000000801000000-0x0000000841000000, reserved size: 1073741824
[0.112s][info][gc,metaspace] Narrow klass base: 0x0000000800000000, Narrow klass shift: 0, Narrow klass range: 0x100000000
[1.534s][info][gc,start    ] GC(0) Garbage Collection (System.gc())
[1.534s][info][gc,task     ] GC(0) Using 12 workers
[1.534s][info][gc,phases   ] GC(0) Pause Mark Start 0.017ms
[1.550s][info][gc,phases   ] GC(0) Concurrent Mark 15.020ms
[1.550s][info][gc,phases   ] GC(0) Pause Mark End 0.031ms
[1.550s][info][gc,phases   ] GC(0) Concurrent Mark Free 0.001ms
[1.550s][info][gc,phases   ] GC(0) Concurrent Process Non-Strong References 0.503ms
[1.550s][info][gc,phases   ] GC(0) Concurrent Reset Relocation Set 0.001ms
[1.566s][info][gc,phases   ] GC(0) Concurrent Select Relocation Set 15.172ms
[1.566s][info][gc,phases   ] GC(0) Pause Relocate Start 0.008ms
[1.569s][info][gc,phases   ] GC(0) Concurrent Relocate 3.504ms
[1.569s][info][gc,load     ] GC(0) Load: 0.00/0.00/0.00
[1.569s][info][gc,mmu      ] GC(0) MMU: 2ms/98.4%, 5ms/99.4%, 10ms/99.7%, 20ms/99.8%, 50ms/99.9%, 100ms/99.9%
[1.569s][info][gc,marking  ] GC(0) Mark: 8 stripe(s), 1 proactive flush(es), 1 terminate flush(es), 0 completion(s), 0 continuation(s) 
[1.569s][info][gc,marking  ] GC(0) Mark Stack Usage: 32M
[1.569s][info][gc,nmethod  ] GC(0) NMethods: 468 registered, 44 unregistered
[1.569s][info][gc,metaspace] GC(0) Metaspace: 1M used, 1M committed, 1088M reserved
[1.569s][info][gc,ref      ] GC(0) Soft: 51 encountered, 0 discovered, 0 enqueued
[1.569s][info][gc,ref      ] GC(0) Weak: 184 encountered, 66 discovered, 62 enqueued
[1.569s][info][gc,ref      ] GC(0) Final: 2 encountered, 2 discovered, 0 enqueued
[1.569s][info][gc,ref      ] GC(0) Phantom: 127 encountered, 80 discovered, 13 enqueued
[1.569s][info][gc,reloc    ] GC(0) Small Pages: 16 / 32M, Empty: 10M, Relocated: 1M, In-Place: 0
[1.570s][info][gc,reloc    ] GC(0) Medium Pages: 0 / 0M, Empty: 0M, Relocated: 0M, In-Place: 0
[1.570s][info][gc,reloc    ] GC(0) Large Pages: 0 / 0M, Empty: 0M, Relocated: 0M, In-Place: 0
[1.570s][info][gc,reloc    ] GC(0) Forwarding Usage: 0M
[1.570s][info][gc,heap     ] GC(0) Min Capacity: 8M(0%)
[1.570s][info][gc,heap     ] GC(0) Max Capacity: 4096M(100%)
[1.570s][info][gc,heap     ] GC(0) Soft Max Capacity: 4096M(100%)
[1.570s][info][gc,heap     ] GC(0)                Mark Start          Mark End        Relocate Start      Relocate End           High               Low         
[1.570s][info][gc,heap     ] GC(0)  Capacity:     2048M (50%)        2048M (50%)        2048M (50%)        2048M (50%)        2048M (50%)        2048M (50%)    
[1.570s][info][gc,heap     ] GC(0)      Free:     4064M (99%)        4064M (99%)        4072M (99%)        4072M (99%)        4072M (99%)        4058M (99%)    
[1.570s][info][gc,heap     ] GC(0)      Used:       32M (1%)           32M (1%)           24M (1%)           24M (1%)           38M (1%)           24M (1%)     
[1.570s][info][gc,heap     ] GC(0)      Live:         -                 1M (0%)            1M (0%)            1M (0%)             -                  -          
[1.570s][info][gc,heap     ] GC(0) Allocated:         -                 0M (0%)            2M (0%)            2M (0%)             -                  -          
[1.570s][info][gc,heap     ] GC(0)   Garbage:         -                30M (1%)           20M (0%)           20M (0%)             -                  -          
[1.570s][info][gc,heap     ] GC(0) Reclaimed:         -                  -                10M (0%)           10M (0%)             -                  -          
[1.570s][info][gc          ] GC(0) Garbage Collection (System.gc()) 32M(1%)->24M(1%)
[3.032s][info][gc,start    ] GC(1) Garbage Collection (Warmup)
[3.032s][info][gc,task     ] GC(1) Using 12 workers
[3.032s][info][gc,phases   ] GC(1) Pause Mark Start 0.009ms
[3.123s][info][gc,phases   ] GC(1) Concurrent Mark 90.519ms
[3.123s][info][gc,phases   ] GC(1) Pause Mark End 0.017ms
[3.123s][info][gc,phases   ] GC(1) Concurrent Mark Free 0.001ms
[3.133s][info][gc,phases   ] GC(1) Concurrent Process Non-Strong References 10.051ms
[3.133s][info][gc,phases   ] GC(1) Concurrent Reset Relocation Set 0.003ms
[3.142s][info][gc,phases   ] GC(1) Concurrent Select Relocation Set 8.520ms
[3.142s][info][gc,phases   ] GC(1) Pause Relocate Start 0.008ms
[3.157s][info][gc,phases   ] GC(1) Concurrent Relocate 15.500ms
[3.157s][info][gc,load     ] GC(1) Load: 0.00/0.00/0.00
[3.157s][info][gc,mmu      ] GC(1) MMU: 2ms/98.4%, 5ms/99.4%, 10ms/99.7%, 20ms/99.8%, 50ms/99.9%, 100ms/99.9%
[3.157s][info][gc,marking  ] GC(1) Mark: 8 stripe(s), 10 proactive flush(es), 1 terminate flush(es), 0 completion(s), 0 continuation(s) 
[3.157s][info][gc,marking  ] GC(1) Mark Stack Usage: 32M
[3.157s][info][gc,nmethod  ] GC(1) NMethods: 2926 registered, 548 unregistered
[3.157s][info][gc,metaspace] GC(1) Metaspace: 8M used, 8M committed, 1088M reserved
[3.157s][info][gc,ref      ] GC(1) Soft: 274 encountered, 0 discovered, 0 enqueued
[3.157s][info][gc,ref      ] GC(1) Weak: 630 encountered, 404 discovered, 346 enqueued
[3.158s][info][gc,ref      ] GC(1) Final: 2 encountered, 2 discovered, 0 enqueued
[3.158s][info][gc,ref      ] GC(1) Phantom: 735 encountered, 691 discovered, 373 enqueued
[3.158s][info][gc,reloc    ] GC(1) Small Pages: 214 / 428M, Empty: 6M, Relocated: 44M, In-Place: 0
[3.158s][info][gc,reloc    ] GC(1) Medium Pages: 0 / 0M, Empty: 0M, Relocated: 0M, In-Place: 0
[3.158s][info][gc,reloc    ] GC(1) Large Pages: 0 / 0M, Empty: 0M, Relocated: 0M, In-Place: 0
[3.158s][info][gc,reloc    ] GC(1) Forwarding Usage: 18M
[3.158s][info][gc,heap     ] GC(1) Min Capacity: 8M(0%)
[3.158s][info][gc,heap     ] GC(1) Max Capacity: 4096M(100%)
[3.158s][info][gc,heap     ] GC(1) Soft Max Capacity: 4096M(100%)
[3.158s][info][gc,heap     ] GC(1)                Mark Start          Mark End        Relocate Start      Relocate End           High               Low         
[3.158s][info][gc,heap     ] GC(1)  Capacity:     2048M (50%)        2048M (50%)        2048M (50%)        2048M (50%)        2048M (50%)        2048M (50%)    
[3.158s][info][gc,heap     ] GC(1)      Free:     3668M (90%)        3634M (89%)        3624M (88%)        3972M (97%)        3972M (97%)        3606M (88%)    
[3.158s][info][gc,heap     ] GC(1)      Used:      428M (10%)         462M (11%)         472M (12%)         124M (3%)          490M (12%)         124M (3%)     
[3.158s][info][gc,heap     ] GC(1)      Live:         -                45M (1%)           45M (1%)           45M (1%)             -                  -          
[3.158s][info][gc,heap     ] GC(1) Allocated:         -                34M (1%)           50M (1%)           64M (2%)             -                  -          
[3.158s][info][gc,heap     ] GC(1)   Garbage:         -               382M (9%)          376M (9%)           13M (0%)             -                  -          
[3.158s][info][gc,heap     ] GC(1) Reclaimed:         -                  -                 6M (0%)          368M (9%)             -                  -          
[3.158s][info][gc          ] GC(1) Garbage Collection (Warmup) 428M(10%)->124M(3%)
[4.353s][info][gc,heap,exit] Heap
[4.353s][info][gc,heap,exit]  ZHeap           used 262M, capacity 2048M, max capacity 4096M
[4.353s][info][gc,heap,exit]  Metaspace       used 8973K, committed 9472K, reserved 1114112K
[4.353s][info][gc,heap,exit]   class space    used 948K, committed 1152K, reserved 1048576K
