[0.017s][info][gc,init] Initializing The Z Garbage Collector
[0.017s][info][gc,init] Version: 20+36-2344 (release)
[0.017s][info][gc,init] NUMA Support: Disabled
[0.017s][info][gc,init] CPUs: 48 total, 48 available
[0.018s][info][gc,init] Memory: 391843M
[0.018s][info][gc,init] Large Page Support: Disabled
[0.018s][info][gc,init] GC Workers: 5 (dynamic)
[0.019s][info][gc,init] Address Space Type: Contiguous/Unrestricted/Complete
[0.019s][info][gc,init] Address Space Size: 8192M x 3 = 24576M
[0.019s][info][gc,init] Min Capacity: 8M
[0.019s][info][gc,init] Initial Capacity: 512M
[0.019s][info][gc,init] Max Capacity: 512M
[0.030s][info][gc,init] Medium Page Size: 16M
[0.030s][info][gc,init] Pre-touch: Disabled
[0.030s][info][gc,init] Uncommit: Enabled
[0.030s][info][gc,init] Uncommit Delay: 300s
[0.063s][info][gc,init] Runtime Workers: 5
[0.063s][info][gc     ] Using The Z Garbage Collector
[0.064s][info][gc,metaspace] CDS archive(s) mapped at: [0x0000000800000000-0x0000000800c60000-0x0000000800c60000), size 12976128, SharedBaseAddress: 0x0000000800000000, ArchiveRelocationMode: 0.
[0.064s][info][gc,metaspace] Compressed class space mapped at: 0x0000000801000000-0x0000000841000000, reserved size: 1073741824
[0.064s][info][gc,metaspace] Narrow klass base: 0x0000000800000000, Narrow klass shift: 0, Narrow klass range: 0x100000000
[1.955s][info][gc,start    ] GC(0) Garbage Collection (System.gc())
[1.955s][info][gc,task     ] GC(0) Using 5 workers
[1.955s][info][gc,phases   ] GC(0) Pause Mark Start 0.017ms
[1.963s][info][gc,phases   ] GC(0) Concurrent Mark 8.370ms
[1.963s][info][gc,phases   ] GC(0) Pause Mark End 0.025ms
[1.963s][info][gc,phases   ] GC(0) Concurrent Mark Free 0.001ms
[1.964s][info][gc,phases   ] GC(0) Concurrent Process Non-Strong References 0.656ms
[1.964s][info][gc,phases   ] GC(0) Concurrent Reset Relocation Set 0.001ms
[1.978s][info][gc,phases   ] GC(0) Concurrent Select Relocation Set 13.779ms
[1.978s][info][gc,phases   ] GC(0) Pause Relocate Start 0.006ms
[1.980s][info][gc,phases   ] GC(0) Concurrent Relocate 1.679ms
[1.980s][info][gc,load     ] GC(0) Load: 0.00/0.00/0.00
[1.980s][info][gc,mmu      ] GC(0) MMU: 2ms/98.7%, 5ms/99.5%, 10ms/99.6%, 20ms/99.8%, 50ms/99.9%, 100ms/100.0%
[1.980s][info][gc,marking  ] GC(0) Mark: 4 stripe(s), 1 proactive flush(es), 1 terminate flush(es), 0 completion(s), 0 continuation(s) 
[1.980s][info][gc,marking  ] GC(0) Mark Stack Usage: 32M
[1.980s][info][gc,nmethod  ] GC(0) NMethods: 474 registered, 43 unregistered
[1.980s][info][gc,metaspace] GC(0) Metaspace: 1M used, 1M committed, 1088M reserved
[1.980s][info][gc,ref      ] GC(0) Soft: 51 encountered, 0 discovered, 0 enqueued
[1.980s][info][gc,ref      ] GC(0) Weak: 184 encountered, 66 discovered, 62 enqueued
[1.980s][info][gc,ref      ] GC(0) Final: 2 encountered, 1 discovered, 0 enqueued
[1.980s][info][gc,ref      ] GC(0) Phantom: 127 encountered, 88 discovered, 51 enqueued
[1.980s][info][gc,reloc    ] GC(0) Small Pages: 11 / 22M, Empty: 10M, Relocated: 1M, In-Place: 0
[1.980s][info][gc,reloc    ] GC(0) Medium Pages: 0 / 0M, Empty: 0M, Relocated: 0M, In-Place: 0
[1.980s][info][gc,reloc    ] GC(0) Large Pages: 0 / 0M, Empty: 0M, Relocated: 0M, In-Place: 0
[1.980s][info][gc,reloc    ] GC(0) Forwarding Usage: 0M
[1.980s][info][gc,heap     ] GC(0) Min Capacity: 8M(2%)
[1.980s][info][gc,heap     ] GC(0) Max Capacity: 512M(100%)
[1.980s][info][gc,heap     ] GC(0) Soft Max Capacity: 512M(100%)
[1.980s][info][gc,heap     ] GC(0)                Mark Start          Mark End        Relocate Start      Relocate End           High               Low         
[1.980s][info][gc,heap     ] GC(0)  Capacity:      512M (100%)        512M (100%)        512M (100%)        512M (100%)        512M (100%)        512M (100%)   
[1.980s][info][gc,heap     ] GC(0)      Free:      490M (96%)         490M (96%)         498M (97%)         500M (98%)         500M (98%)         488M (95%)    
[1.980s][info][gc,heap     ] GC(0)      Used:       22M (4%)           22M (4%)           14M (3%)           12M (2%)           24M (5%)           12M (2%)     
[1.980s][info][gc,heap     ] GC(0)      Live:         -                 1M (0%)            1M (0%)            1M (0%)             -                  -          
[1.980s][info][gc,heap     ] GC(0) Allocated:         -                 0M (0%)            2M (0%)            2M (0%)             -                  -          
[1.980s][info][gc,heap     ] GC(0)   Garbage:         -                20M (4%)           10M (2%)            8M (2%)             -                  -          
[1.980s][info][gc,heap     ] GC(0) Reclaimed:         -                  -                10M (2%)           12M (2%)             -                  -          
[1.980s][info][gc          ] GC(0) Garbage Collection (System.gc()) 22M(4%)->12M(2%)
[2.586s][info][gc,start    ] GC(1) Garbage Collection (Warmup)
[2.586s][info][gc,task     ] GC(1) Using 5 workers
[2.586s][info][gc,phases   ] GC(1) Pause Mark Start 0.009ms
[2.603s][info][gc,phases   ] GC(1) Concurrent Mark 16.788ms
[2.603s][info][gc,phases   ] GC(1) Pause Mark End 0.015ms
[2.603s][info][gc,phases   ] GC(1) Concurrent Mark Free 0.001ms
[2.607s][info][gc,phases   ] GC(1) Concurrent Process Non-Strong References 4.035ms
[2.607s][info][gc,phases   ] GC(1) Concurrent Reset Relocation Set 0.002ms
[2.612s][info][gc,phases   ] GC(1) Concurrent Select Relocation Set 4.357ms
[2.612s][info][gc,phases   ] GC(1) Pause Relocate Start 0.008ms
[2.620s][info][gc,phases   ] GC(1) Concurrent Relocate 7.553ms
[2.620s][info][gc,load     ] GC(1) Load: 0.00/0.00/0.00
[2.620s][info][gc,mmu      ] GC(1) MMU: 2ms/98.7%, 5ms/99.5%, 10ms/99.6%, 20ms/99.8%, 50ms/99.9%, 100ms/100.0%
[2.620s][info][gc,marking  ] GC(1) Mark: 4 stripe(s), 4 proactive flush(es), 1 terminate flush(es), 0 completion(s), 0 continuation(s) 
[2.620s][info][gc,marking  ] GC(1) Mark Stack Usage: 32M
[2.620s][info][gc,nmethod  ] GC(1) NMethods: 1113 registered, 103 unregistered
[2.620s][info][gc,metaspace] GC(1) Metaspace: 4M used, 4M committed, 1088M reserved
[2.620s][info][gc,ref      ] GC(1) Soft: 82 encountered, 0 discovered, 0 enqueued
[2.620s][info][gc,ref      ] GC(1) Weak: 233 encountered, 48 discovered, 36 enqueued
[2.620s][info][gc,ref      ] GC(1) Final: 2 encountered, 1 discovered, 0 enqueued
[2.620s][info][gc,ref      ] GC(1) Phantom: 128 encountered, 95 discovered, 5 enqueued
[2.620s][info][gc,reloc    ] GC(1) Small Pages: 28 / 56M, Empty: 0M, Relocated: 8M, In-Place: 0
[2.620s][info][gc,reloc    ] GC(1) Medium Pages: 0 / 0M, Empty: 0M, Relocated: 0M, In-Place: 0
[2.620s][info][gc,reloc    ] GC(1) Large Pages: 0 / 0M, Empty: 0M, Relocated: 0M, In-Place: 0
[2.620s][info][gc,reloc    ] GC(1) Forwarding Usage: 1M
[2.620s][info][gc,heap     ] GC(1) Min Capacity: 8M(2%)
[2.620s][info][gc,heap     ] GC(1) Max Capacity: 512M(100%)
[2.620s][info][gc,heap     ] GC(1) Soft Max Capacity: 512M(100%)
[2.620s][info][gc,heap     ] GC(1)                Mark Start          Mark End        Relocate Start      Relocate End           High               Low         
[2.620s][info][gc,heap     ] GC(1)  Capacity:      512M (100%)        512M (100%)        512M (100%)        512M (100%)        512M (100%)        512M (100%)   
[2.620s][info][gc,heap     ] GC(1)      Free:      456M (89%)         442M (86%)         442M (86%)         486M (95%)         486M (95%)         432M (84%)    
[2.620s][info][gc,heap     ] GC(1)      Used:       56M (11%)          70M (14%)          70M (14%)          26M (5%)           80M (16%)          26M (5%)     
[2.620s][info][gc,heap     ] GC(1)      Live:         -                 8M (2%)            8M (2%)            8M (2%)             -                  -          
[2.620s][info][gc,heap     ] GC(1) Allocated:         -                14M (3%)           14M (3%)           13M (3%)             -                  -          
[2.620s][info][gc,heap     ] GC(1)   Garbage:         -                47M (9%)           47M (9%)            4M (1%)             -                  -          
[2.620s][info][gc,heap     ] GC(1) Reclaimed:         -                  -                 0M (0%)           43M (9%)             -                  -          
[2.620s][info][gc          ] GC(1) Garbage Collection (Warmup) 56M(11%)->26M(5%)
[2.986s][info][gc,start    ] GC(2) Garbage Collection (Warmup)
[2.986s][info][gc,task     ] GC(2) Using 5 workers
[2.986s][info][gc,phases   ] GC(2) Pause Mark Start 0.008ms
[3.042s][info][gc,phases   ] GC(2) Concurrent Mark 55.521ms
[3.042s][info][gc,phases   ] GC(2) Pause Mark End 0.017ms
[3.042s][info][gc,phases   ] GC(2) Concurrent Mark Free 0.001ms
[3.045s][info][gc,phases   ] GC(2) Concurrent Process Non-Strong References 2.742ms
[3.045s][info][gc,phases   ] GC(2) Concurrent Reset Relocation Set 0.008ms
[3.054s][info][gc,phases   ] GC(2) Concurrent Select Relocation Set 8.688ms
[3.054s][info][gc,phases   ] GC(2) Pause Relocate Start 0.007ms
[3.069s][info][gc,phases   ] GC(2) Concurrent Relocate 15.009ms
[3.069s][info][gc,load     ] GC(2) Load: 0.00/0.00/0.00
[3.069s][info][gc,mmu      ] GC(2) MMU: 2ms/98.7%, 5ms/99.5%, 10ms/99.6%, 20ms/99.8%, 50ms/99.9%, 100ms/100.0%
[3.069s][info][gc,marking  ] GC(2) Mark: 4 stripe(s), 2 proactive flush(es), 1 terminate flush(es), 0 completion(s), 0 continuation(s) 
[3.069s][info][gc,marking  ] GC(2) Mark Stack Usage: 32M
[3.069s][info][gc,nmethod  ] GC(2) NMethods: 2259 registered, 222 unregistered
[3.069s][info][gc,metaspace] GC(2) Metaspace: 6M used, 7M committed, 1088M reserved
[3.069s][info][gc,ref      ] GC(2) Soft: 147 encountered, 0 discovered, 0 enqueued
[3.069s][info][gc,ref      ] GC(2) Weak: 514 encountered, 159 discovered, 94 enqueued
[3.069s][info][gc,ref      ] GC(2) Final: 2 encountered, 0 discovered, 0 enqueued
[3.069s][info][gc,ref      ] GC(2) Phantom: 334 encountered, 247 discovered, 115 enqueued
[3.069s][info][gc,reloc    ] GC(2) Small Pages: 54 / 108M, Empty: 0M, Relocated: 17M, In-Place: 0
[3.069s][info][gc,reloc    ] GC(2) Medium Pages: 0 / 0M, Empty: 0M, Relocated: 0M, In-Place: 0
[3.069s][info][gc,reloc    ] GC(2) Large Pages: 0 / 0M, Empty: 0M, Relocated: 0M, In-Place: 0
[3.069s][info][gc,reloc    ] GC(2) Forwarding Usage: 8M
[3.069s][info][gc,heap     ] GC(2) Min Capacity: 8M(2%)
[3.070s][info][gc,heap     ] GC(2) Max Capacity: 512M(100%)
[3.070s][info][gc,heap     ] GC(2) Soft Max Capacity: 512M(100%)
[3.070s][info][gc,heap     ] GC(2)                Mark Start          Mark End        Relocate Start      Relocate End           High               Low         
[3.070s][info][gc,heap     ] GC(2)  Capacity:      512M (100%)        512M (100%)        512M (100%)        512M (100%)        512M (100%)        512M (100%)   
[3.070s][info][gc,heap     ] GC(2)      Free:      404M (79%)         378M (74%)         372M (73%)         444M (87%)         444M (87%)         362M (71%)    
[3.070s][info][gc,heap     ] GC(2)      Used:      108M (21%)         134M (26%)         140M (27%)          68M (13%)         150M (29%)          68M (13%)    
[3.070s][info][gc,heap     ] GC(2)      Live:         -                21M (4%)           21M (4%)           21M (4%)             -                  -          
[3.070s][info][gc,heap     ] GC(2) Allocated:         -                26M (5%)           32M (6%)           40M (8%)             -                  -          
[3.070s][info][gc,heap     ] GC(2)   Garbage:         -                86M (17%)          86M (17%)           5M (1%)             -                  -          
[3.070s][info][gc,heap     ] GC(2) Reclaimed:         -                  -                 0M (0%)           80M (16%)            -                  -          
[3.070s][info][gc          ] GC(2) Garbage Collection (Warmup) 108M(21%)->68M(13%)
[3.300s][info][gc,start    ] GC(3) Garbage Collection (Warmup)
[3.300s][info][gc,task     ] GC(3) Using 5 workers
[3.300s][info][gc,phases   ] GC(3) Pause Mark Start 0.008ms
[3.378s][info][gc,phases   ] GC(3) Concurrent Mark 77.895ms
[3.378s][info][gc,phases   ] GC(3) Pause Mark End 0.014ms
[3.378s][info][gc,phases   ] GC(3) Concurrent Mark Free 0.001ms
[3.394s][info][gc,phases   ] GC(3) Concurrent Process Non-Strong References 16.343ms
[3.394s][info][gc,phases   ] GC(3) Concurrent Reset Relocation Set 0.013ms
[3.409s][info][gc,phases   ] GC(3) Concurrent Select Relocation Set 14.773ms
[3.418s][info][gc,phases   ] GC(3) Pause Relocate Start 0.009ms
[3.444s][info][gc,phases   ] GC(3) Concurrent Relocate 25.953ms
[3.444s][info][gc,load     ] GC(3) Load: 0.00/0.00/0.00
[3.444s][info][gc,mmu      ] GC(3) MMU: 2ms/98.7%, 5ms/99.5%, 10ms/99.6%, 20ms/99.8%, 50ms/99.9%, 100ms/100.0%
[3.444s][info][gc,marking  ] GC(3) Mark: 4 stripe(s), 2 proactive flush(es), 1 terminate flush(es), 0 completion(s), 0 continuation(s) 
[3.444s][info][gc,marking  ] GC(3) Mark Stack Usage: 32M
[3.444s][info][gc,nmethod  ] GC(3) NMethods: 2977 registered, 151 unregistered
[3.444s][info][gc,metaspace] GC(3) Metaspace: 7M used, 8M committed, 1088M reserved
[3.444s][info][gc,ref      ] GC(3) Soft: 233 encountered, 0 discovered, 0 enqueued
[3.444s][info][gc,ref      ] GC(3) Weak: 575 encountered, 326 discovered, 220 enqueued
[3.444s][info][gc,ref      ] GC(3) Final: 2 encountered, 2 discovered, 0 enqueued
[3.444s][info][gc,ref      ] GC(3) Phantom: 565 encountered, 503 discovered, 216 enqueued
[3.444s][info][gc,reloc    ] GC(3) Small Pages: 108 / 216M, Empty: 0M, Relocated: 48M, In-Place: 0
[3.444s][info][gc,reloc    ] GC(3) Medium Pages: 0 / 0M, Empty: 0M, Relocated: 0M, In-Place: 0
[3.444s][info][gc,reloc    ] GC(3) Large Pages: 0 / 0M, Empty: 0M, Relocated: 0M, In-Place: 0
[3.444s][info][gc,reloc    ] GC(3) Forwarding Usage: 20M
[3.444s][info][gc,heap     ] GC(3) Min Capacity: 8M(2%)
[3.444s][info][gc,heap     ] GC(3) Max Capacity: 512M(100%)
[3.444s][info][gc,heap     ] GC(3) Soft Max Capacity: 512M(100%)
[3.444s][info][gc,heap     ] GC(3)                Mark Start          Mark End        Relocate Start      Relocate End           High               Low         
[3.444s][info][gc,heap     ] GC(3)  Capacity:      512M (100%)        512M (100%)        512M (100%)        512M (100%)        512M (100%)        512M (100%)   
[3.444s][info][gc,heap     ] GC(3)      Free:      296M (58%)         262M (51%)         246M (48%)         380M (74%)         380M (74%)         236M (46%)    
[3.444s][info][gc,heap     ] GC(3)      Used:      216M (42%)         250M (49%)         266M (52%)         132M (26%)         276M (54%)         132M (26%)    
[3.445s][info][gc,heap     ] GC(3)      Live:         -                58M (11%)          58M (11%)          58M (11%)            -                  -          
[3.445s][info][gc,heap     ] GC(3) Allocated:         -                34M (7%)           50M (10%)          66M (13%)            -                  -          
[3.445s][info][gc,heap     ] GC(3)   Garbage:         -               157M (31%)         157M (31%)           7M (1%)             -                  -          
[3.445s][info][gc,heap     ] GC(3) Reclaimed:         -                  -                 0M (0%)          150M (29%)            -                  -          
[3.445s][info][gc          ] GC(3) Garbage Collection (Warmup) 216M(42%)->132M(26%)
[3.484s][info][gc,start    ] GC(4) Garbage Collection (Allocation Rate)
[3.484s][info][gc,task     ] GC(4) Using 5 workers
[3.484s][info][gc,phases   ] GC(4) Pause Mark Start 0.008ms
[3.533s][info][gc,phases   ] GC(4) Concurrent Mark 48.895ms
[3.534s][info][gc,phases   ] GC(4) Pause Mark End 0.013ms
[3.534s][info][gc,phases   ] GC(4) Concurrent Mark Free 0.001ms
[3.536s][info][gc,phases   ] GC(4) Concurrent Process Non-Strong References 2.324ms
[3.536s][info][gc,phases   ] GC(4) Concurrent Reset Relocation Set 0.023ms
[3.540s][info][gc,phases   ] GC(4) Concurrent Select Relocation Set 4.363ms
[3.541s][info][gc,phases   ] GC(4) Pause Relocate Start 0.008ms
[3.548s][info][gc,phases   ] GC(4) Concurrent Relocate 7.741ms
[3.548s][info][gc,load     ] GC(4) Load: 0.00/0.00/0.00
[3.548s][info][gc,mmu      ] GC(4) MMU: 2ms/98.7%, 5ms/99.5%, 10ms/99.6%, 20ms/99.8%, 50ms/99.9%, 100ms/100.0%
[3.548s][info][gc,marking  ] GC(4) Mark: 4 stripe(s), 2 proactive flush(es), 1 terminate flush(es), 0 completion(s), 0 continuation(s) 
[3.549s][info][gc,marking  ] GC(4) Mark Stack Usage: 32M
[3.549s][info][gc,nmethod  ] GC(4) NMethods: 2947 registered, 288 unregistered
[3.549s][info][gc,metaspace] GC(4) Metaspace: 8M used, 8M committed, 1088M reserved
[3.549s][info][gc,ref      ] GC(4) Soft: 280 encountered, 0 discovered, 0 enqueued
[3.549s][info][gc,ref      ] GC(4) Weak: 282 encountered, 16 discovered, 5 enqueued
[3.549s][info][gc,ref      ] GC(4) Final: 2 encountered, 0 discovered, 0 enqueued
[3.549s][info][gc,ref      ] GC(4) Phantom: 302 encountered, 34 discovered, 5 enqueued
[3.549s][info][gc,reloc    ] GC(4) Small Pages: 76 / 152M, Empty: 0M, Relocated: 13M, In-Place: 0
[3.549s][info][gc,reloc    ] GC(4) Medium Pages: 0 / 0M, Empty: 0M, Relocated: 0M, In-Place: 0
[3.549s][info][gc,reloc    ] GC(4) Large Pages: 0 / 0M, Empty: 0M, Relocated: 0M, In-Place: 0
[3.549s][info][gc,reloc    ] GC(4) Forwarding Usage: 5M
[3.549s][info][gc,heap     ] GC(4) Min Capacity: 8M(2%)
[3.549s][info][gc,heap     ] GC(4) Max Capacity: 512M(100%)
[3.549s][info][gc,heap     ] GC(4) Soft Max Capacity: 512M(100%)
[3.549s][info][gc,heap     ] GC(4)                Mark Start          Mark End        Relocate Start      Relocate End           High               Low         
[3.549s][info][gc,heap     ] GC(4)  Capacity:      512M (100%)        512M (100%)        512M (100%)        512M (100%)        512M (100%)        512M (100%)   
[3.549s][info][gc,heap     ] GC(4)      Free:      360M (70%)         346M (68%)         344M (67%)         434M (85%)         434M (85%)         334M (65%)    
[3.549s][info][gc,heap     ] GC(4)      Used:      152M (30%)         166M (32%)         168M (33%)          78M (15%)         178M (35%)          78M (15%)    
[3.549s][info][gc,heap     ] GC(4)      Live:         -                45M (9%)           45M (9%)           45M (9%)             -                  -          
[3.549s][info][gc,heap     ] GC(4) Allocated:         -                14M (3%)           16M (3%)           15M (3%)             -                  -          
[3.549s][info][gc,heap     ] GC(4)   Garbage:         -               106M (21%)         106M (21%)          16M (3%)             -                  -          
[3.549s][info][gc,heap     ] GC(4) Reclaimed:         -                  -                 0M (0%)           89M (18%)            -                  -          
[3.549s][info][gc          ] GC(4) Garbage Collection (Allocation Rate) 152M(30%)->78M(15%)
[3.596s][info][gc,start    ] GC(5) Garbage Collection (Allocation Rate)
[3.596s][info][gc,task     ] GC(5) Using 5 workers
[3.596s][info][gc,phases   ] GC(5) Pause Mark Start 0.008ms
[3.643s][info][gc,phases   ] GC(5) Concurrent Mark 46.646ms
[3.643s][info][gc,phases   ] GC(5) Pause Mark End 0.014ms
[3.643s][info][gc,phases   ] GC(5) Concurrent Mark Free 0.001ms
[3.645s][info][gc,phases   ] GC(5) Concurrent Process Non-Strong References 2.414ms
[3.645s][info][gc,phases   ] GC(5) Concurrent Reset Relocation Set 0.009ms
[3.649s][info][gc,phases   ] GC(5) Concurrent Select Relocation Set 3.049ms
[3.649s][info][gc,phases   ] GC(5) Pause Relocate Start 0.008ms
[3.653s][info][gc,phases   ] GC(5) Concurrent Relocate 3.866ms
[3.653s][info][gc,load     ] GC(5) Load: 0.00/0.00/0.00
[3.653s][info][gc,mmu      ] GC(5) MMU: 2ms/98.7%, 5ms/99.5%, 10ms/99.6%, 20ms/99.8%, 50ms/99.9%, 100ms/100.0%
[3.653s][info][gc,marking  ] GC(5) Mark: 4 stripe(s), 2 proactive flush(es), 1 terminate flush(es), 0 completion(s), 0 continuation(s) 
[3.653s][info][gc,marking  ] GC(5) Mark Stack Usage: 32M
[3.653s][info][gc,nmethod  ] GC(5) NMethods: 2907 registered, 345 unregistered
[3.653s][info][gc,metaspace] GC(5) Metaspace: 8M used, 8M committed, 1088M reserved
[3.653s][info][gc,ref      ] GC(5) Soft: 309 encountered, 0 discovered, 0 enqueued
[3.653s][info][gc,ref      ] GC(5) Weak: 270 encountered, 7 discovered, 0 enqueued
[3.653s][info][gc,ref      ] GC(5) Final: 2 encountered, 0 discovered, 0 enqueued
[3.653s][info][gc,ref      ] GC(5) Phantom: 294 encountered, 58 discovered, 0 enqueued
[3.653s][info][gc,reloc    ] GC(5) Small Pages: 45 / 90M, Empty: 0M, Relocated: 5M, In-Place: 0
[3.653s][info][gc,reloc    ] GC(5) Medium Pages: 0 / 0M, Empty: 0M, Relocated: 0M, In-Place: 0
[3.653s][info][gc,reloc    ] GC(5) Large Pages: 0 / 0M, Empty: 0M, Relocated: 0M, In-Place: 0
[3.653s][info][gc,reloc    ] GC(5) Forwarding Usage: 1M
[3.653s][info][gc,heap     ] GC(5) Min Capacity: 8M(2%)
[3.653s][info][gc,heap     ] GC(5) Max Capacity: 512M(100%)
[3.653s][info][gc,heap     ] GC(5) Soft Max Capacity: 512M(100%)
[3.653s][info][gc,heap     ] GC(5)                Mark Start          Mark End        Relocate Start      Relocate End           High               Low         
[3.653s][info][gc,heap     ] GC(5)  Capacity:      512M (100%)        512M (100%)        512M (100%)        512M (100%)        512M (100%)        512M (100%)   
[3.653s][info][gc,heap     ] GC(5)      Free:      422M (82%)         412M (80%)         412M (80%)         440M (86%)         440M (86%)         402M (79%)    
[3.653s][info][gc,heap     ] GC(5)      Used:       90M (18%)         100M (20%)         100M (20%)          72M (14%)         110M (21%)          72M (14%)    
[3.653s][info][gc,heap     ] GC(5)      Live:         -                45M (9%)           45M (9%)           45M (9%)             -                  -          
[3.653s][info][gc,heap     ] GC(5) Allocated:         -                10M (2%)           10M (2%)           11M (2%)             -                  -          
[3.653s][info][gc,heap     ] GC(5)   Garbage:         -                44M (9%)           44M (9%)           14M (3%)             -                  -          
[3.653s][info][gc,heap     ] GC(5) Reclaimed:         -                  -                 0M (0%)           29M (6%)             -                  -          
[3.653s][info][gc          ] GC(5) Garbage Collection (Allocation Rate) 90M(18%)->72M(14%)
[4.751s][info][gc,heap,exit] Heap
[4.751s][info][gc,heap,exit]  ZHeap           used 180M, capacity 512M, max capacity 512M
[4.751s][info][gc,heap,exit]  Metaspace       used 8954K, committed 9408K, reserved 1114112K
[4.751s][info][gc,heap,exit]   class space    used 948K, committed 1152K, reserved 1048576K
