[0.017s][info][gc,init] Initializing The Z Garbage Collector
[0.017s][info][gc,init] Version: 20+36-2344 (release)
[0.017s][info][gc,init] NUMA Support: Disabled
[0.017s][info][gc,init] CPUs: 48 total, 48 available
[0.017s][info][gc,init] Memory: 391843M
[0.017s][info][gc,init] Large Page Support: Disabled
[0.018s][info][gc,init] GC Workers: 10 (dynamic)
[0.019s][info][gc,init] Address Space Type: Contiguous/Unrestricted/Complete
[0.019s][info][gc,init] Address Space Size: 16384M x 3 = 49152M
[0.019s][info][gc,init] Min Capacity: 8M
[0.019s][info][gc,init] Initial Capacity: 1024M
[0.030s][info][gc,init] Max Capacity: 1024M
[0.030s][info][gc,init] Medium Page Size: 32M
[0.030s][info][gc,init] Pre-touch: Disabled
[0.030s][info][gc,init] Uncommit: Enabled
[0.030s][info][gc,init] Uncommit Delay: 300s
[0.077s][info][gc,init] Runtime Workers: 10
[0.079s][info][gc     ] Using The Z Garbage Collector
[0.080s][info][gc,metaspace] CDS archive(s) mapped at: [0x0000000800000000-0x0000000800c60000-0x0000000800c60000), size 12976128, SharedBaseAddress: 0x0000000800000000, ArchiveRelocationMode: 0.
[0.080s][info][gc,metaspace] Compressed class space mapped at: 0x0000000801000000-0x0000000841000000, reserved size: 1073741824
[0.080s][info][gc,metaspace] Narrow klass base: 0x0000000800000000, Narrow klass shift: 0, Narrow klass range: 0x100000000
[1.516s][info][gc,start    ] GC(0) Garbage Collection (System.gc())
[1.516s][info][gc,task     ] GC(0) Using 10 workers
[1.516s][info][gc,phases   ] GC(0) Pause Mark Start 0.013ms
[1.527s][info][gc,phases   ] GC(0) Concurrent Mark 10.631ms
[1.527s][info][gc,phases   ] GC(0) Pause Mark End 0.024ms
[1.527s][info][gc,phases   ] GC(0) Concurrent Mark Free 0.001ms
[1.527s][info][gc,phases   ] GC(0) Concurrent Process Non-Strong References 0.506ms
[1.527s][info][gc,phases   ] GC(0) Concurrent Reset Relocation Set 0.001ms
[1.541s][info][gc,phases   ] GC(0) Concurrent Select Relocation Set 13.950ms
[1.542s][info][gc,phases   ] GC(0) Pause Relocate Start 0.009ms
[1.544s][info][gc,phases   ] GC(0) Concurrent Relocate 2.557ms
[1.544s][info][gc,load     ] GC(0) Load: 0.00/0.00/0.00
[1.544s][info][gc,mmu      ] GC(0) MMU: 2ms/98.8%, 5ms/99.5%, 10ms/99.8%, 20ms/99.8%, 50ms/99.9%, 100ms/100.0%
[1.544s][info][gc,marking  ] GC(0) Mark: 8 stripe(s), 2 proactive flush(es), 1 terminate flush(es), 0 completion(s), 0 continuation(s) 
[1.544s][info][gc,marking  ] GC(0) Mark Stack Usage: 32M
[1.544s][info][gc,nmethod  ] GC(0) NMethods: 469 registered, 44 unregistered
[1.544s][info][gc,metaspace] GC(0) Metaspace: 1M used, 1M committed, 1088M reserved
[1.544s][info][gc,ref      ] GC(0) Soft: 51 encountered, 0 discovered, 0 enqueued
[1.544s][info][gc,ref      ] GC(0) Weak: 184 encountered, 66 discovered, 62 enqueued
[1.544s][info][gc,ref      ] GC(0) Final: 2 encountered, 2 discovered, 0 enqueued
[1.544s][info][gc,ref      ] GC(0) Phantom: 127 encountered, 76 discovered, 33 enqueued
[1.544s][info][gc,reloc    ] GC(0) Small Pages: 11 / 22M, Empty: 10M, Relocated: 1M, In-Place: 0
[1.544s][info][gc,reloc    ] GC(0) Medium Pages: 0 / 0M, Empty: 0M, Relocated: 0M, In-Place: 0
[1.545s][info][gc,reloc    ] GC(0) Large Pages: 0 / 0M, Empty: 0M, Relocated: 0M, In-Place: 0
[1.545s][info][gc,reloc    ] GC(0) Forwarding Usage: 0M
[1.545s][info][gc,heap     ] GC(0) Min Capacity: 8M(1%)
[1.545s][info][gc,heap     ] GC(0) Max Capacity: 1024M(100%)
[1.545s][info][gc,heap     ] GC(0) Soft Max Capacity: 1024M(100%)
[1.545s][info][gc,heap     ] GC(0)                Mark Start          Mark End        Relocate Start      Relocate End           High               Low         
[1.545s][info][gc,heap     ] GC(0)  Capacity:     1024M (100%)       1024M (100%)       1024M (100%)       1024M (100%)       1024M (100%)       1024M (100%)   
[1.545s][info][gc,heap     ] GC(0)      Free:     1002M (98%)        1002M (98%)        1010M (99%)        1010M (99%)        1010M (99%)         998M (97%)    
[1.545s][info][gc,heap     ] GC(0)      Used:       22M (2%)           22M (2%)           14M (1%)           14M (1%)           26M (3%)           14M (1%)     
[1.545s][info][gc,heap     ] GC(0)      Live:         -                 1M (0%)            1M (0%)            1M (0%)             -                  -          
[1.545s][info][gc,heap     ] GC(0) Allocated:         -                 0M (0%)            2M (0%)            1M (0%)             -                  -          
[1.545s][info][gc,heap     ] GC(0)   Garbage:         -                20M (2%)           10M (1%)           10M (1%)             -                  -          
[1.545s][info][gc,heap     ] GC(0) Reclaimed:         -                  -                10M (1%)            9M (1%)             -                  -          
[1.545s][info][gc          ] GC(0) Garbage Collection (System.gc()) 22M(2%)->14M(1%)
[2.703s][info][gc,start    ] GC(1) Garbage Collection (Warmup)
[2.703s][info][gc,task     ] GC(1) Using 10 workers
[2.703s][info][gc,phases   ] GC(1) Pause Mark Start 0.009ms
[2.748s][info][gc,phases   ] GC(1) Concurrent Mark 44.461ms
[2.749s][info][gc,phases   ] GC(1) Pause Mark End 0.021ms
[2.749s][info][gc,phases   ] GC(1) Concurrent Mark Free 0.001ms
[2.761s][info][gc,phases   ] GC(1) Concurrent Process Non-Strong References 12.183ms
[2.761s][info][gc,phases   ] GC(1) Concurrent Reset Relocation Set 0.003ms
[2.770s][info][gc,phases   ] GC(1) Concurrent Select Relocation Set 9.188ms
[2.771s][info][gc,phases   ] GC(1) Pause Relocate Start 0.009ms
[2.783s][info][gc,phases   ] GC(1) Concurrent Relocate 12.478ms
[2.783s][info][gc,load     ] GC(1) Load: 0.00/0.00/0.00
[2.783s][info][gc,mmu      ] GC(1) MMU: 2ms/98.8%, 5ms/99.5%, 10ms/99.8%, 20ms/99.8%, 50ms/99.9%, 100ms/100.0%
[2.783s][info][gc,marking  ] GC(1) Mark: 8 stripe(s), 5 proactive flush(es), 1 terminate flush(es), 0 completion(s), 0 continuation(s) 
[2.783s][info][gc,marking  ] GC(1) Mark Stack Usage: 32M
[2.783s][info][gc,nmethod  ] GC(1) NMethods: 2180 registered, 321 unregistered
[2.783s][info][gc,metaspace] GC(1) Metaspace: 6M used, 7M committed, 1088M reserved
[2.783s][info][gc,ref      ] GC(1) Soft: 140 encountered, 0 discovered, 0 enqueued
[2.783s][info][gc,ref      ] GC(1) Weak: 483 encountered, 148 discovered, 129 enqueued
[2.783s][info][gc,ref      ] GC(1) Final: 2 encountered, 1 discovered, 0 enqueued
[2.783s][info][gc,ref      ] GC(1) Phantom: 319 encountered, 274 discovered, 125 enqueued
[2.783s][info][gc,reloc    ] GC(1) Small Pages: 69 / 138M, Empty: 0M, Relocated: 22M, In-Place: 0
[2.783s][info][gc,reloc    ] GC(1) Medium Pages: 0 / 0M, Empty: 0M, Relocated: 0M, In-Place: 0
[2.783s][info][gc,reloc    ] GC(1) Large Pages: 0 / 0M, Empty: 0M, Relocated: 0M, In-Place: 0
[2.783s][info][gc,reloc    ] GC(1) Forwarding Usage: 9M
[2.783s][info][gc,heap     ] GC(1) Min Capacity: 8M(1%)
[2.783s][info][gc,heap     ] GC(1) Max Capacity: 1024M(100%)
[2.783s][info][gc,heap     ] GC(1) Soft Max Capacity: 1024M(100%)
[2.783s][info][gc,heap     ] GC(1)                Mark Start          Mark End        Relocate Start      Relocate End           High               Low         
[2.783s][info][gc,heap     ] GC(1)  Capacity:     1024M (100%)       1024M (100%)       1024M (100%)       1024M (100%)       1024M (100%)       1024M (100%)   
[2.783s][info][gc,heap     ] GC(1)      Free:      886M (87%)         870M (85%)         854M (83%)         960M (94%)         960M (94%)         834M (81%)    
[2.783s][info][gc,heap     ] GC(1)      Used:      138M (13%)         154M (15%)         170M (17%)          64M (6%)          190M (19%)          64M (6%)     
[2.784s][info][gc,heap     ] GC(1)      Live:         -                22M (2%)           22M (2%)           22M (2%)             -                  -          
[2.784s][info][gc,heap     ] GC(1) Allocated:         -                16M (2%)           32M (3%)           33M (3%)             -                  -          
[2.784s][info][gc,heap     ] GC(1)   Garbage:         -               115M (11%)         115M (11%)           8M (1%)             -                  -          
[2.784s][info][gc,heap     ] GC(1) Reclaimed:         -                  -                 0M (0%)          107M (10%)            -                  -          
[2.784s][info][gc          ] GC(1) Garbage Collection (Warmup) 138M(13%)->64M(6%)
[3.103s][info][gc,start    ] GC(2) Garbage Collection (Warmup)
[3.103s][info][gc,task     ] GC(2) Using 10 workers
[3.103s][info][gc,phases   ] GC(2) Pause Mark Start 0.011ms
[3.168s][info][gc,phases   ] GC(2) Concurrent Mark 65.179ms
[3.169s][info][gc,phases   ] GC(2) Pause Mark End 0.017ms
[3.169s][info][gc,phases   ] GC(2) Concurrent Mark Free 0.001ms
[3.177s][info][gc,phases   ] GC(2) Concurrent Process Non-Strong References 8.201ms
[3.177s][info][gc,phases   ] GC(2) Concurrent Reset Relocation Set 0.017ms
[3.192s][info][gc,phases   ] GC(2) Concurrent Select Relocation Set 15.046ms
[3.192s][info][gc,phases   ] GC(2) Pause Relocate Start 0.012ms
[3.209s][info][gc,phases   ] GC(2) Concurrent Relocate 16.631ms
[3.209s][info][gc,load     ] GC(2) Load: 0.00/0.00/0.00
[3.209s][info][gc,mmu      ] GC(2) MMU: 2ms/98.8%, 5ms/99.5%, 10ms/99.8%, 20ms/99.8%, 50ms/99.9%, 100ms/100.0%
[3.209s][info][gc,marking  ] GC(2) Mark: 8 stripe(s), 3 proactive flush(es), 1 terminate flush(es), 0 completion(s), 0 continuation(s) 
[3.209s][info][gc,marking  ] GC(2) Mark Stack Usage: 32M
[3.209s][info][gc,nmethod  ] GC(2) NMethods: 2917 registered, 194 unregistered
[3.209s][info][gc,metaspace] GC(2) Metaspace: 7M used, 8M committed, 1088M reserved
[3.209s][info][gc,ref      ] GC(2) Soft: 252 encountered, 0 discovered, 0 enqueued
[3.209s][info][gc,ref      ] GC(2) Weak: 534 encountered, 241 discovered, 220 enqueued
[3.209s][info][gc,ref      ] GC(2) Final: 2 encountered, 0 discovered, 0 enqueued
[3.209s][info][gc,ref      ] GC(2) Phantom: 530 encountered, 503 discovered, 216 enqueued
[3.209s][info][gc,reloc    ] GC(2) Small Pages: 121 / 242M, Empty: 0M, Relocated: 34M, In-Place: 0
[3.209s][info][gc,reloc    ] GC(2) Medium Pages: 0 / 0M, Empty: 0M, Relocated: 0M, In-Place: 0
[3.209s][info][gc,reloc    ] GC(2) Large Pages: 0 / 0M, Empty: 0M, Relocated: 0M, In-Place: 0
[3.209s][info][gc,reloc    ] GC(2) Forwarding Usage: 12M
[3.209s][info][gc,heap     ] GC(2) Min Capacity: 8M(1%)
[3.209s][info][gc,heap     ] GC(2) Max Capacity: 1024M(100%)
[3.209s][info][gc,heap     ] GC(2) Soft Max Capacity: 1024M(100%)
[3.209s][info][gc,heap     ] GC(2)                Mark Start          Mark End        Relocate Start      Relocate End           High               Low         
[3.209s][info][gc,heap     ] GC(2)  Capacity:     1024M (100%)       1024M (100%)       1024M (100%)       1024M (100%)       1024M (100%)       1024M (100%)   
[3.209s][info][gc,heap     ] GC(2)      Free:      782M (76%)         764M (75%)         752M (73%)         926M (90%)         926M (90%)         738M (72%)    
[3.209s][info][gc,heap     ] GC(2)      Used:      242M (24%)         260M (25%)         272M (27%)          98M (10%)         286M (28%)          98M (10%)    
[3.209s][info][gc,heap     ] GC(2)      Live:         -                46M (5%)           46M (5%)           46M (5%)             -                  -          
[3.209s][info][gc,heap     ] GC(2) Allocated:         -                18M (2%)           30M (3%)           39M (4%)             -                  -          
[3.209s][info][gc,heap     ] GC(2)   Garbage:         -               195M (19%)         195M (19%)          11M (1%)             -                  -          
[3.209s][info][gc,heap     ] GC(2) Reclaimed:         -                  -                 0M (0%)          183M (18%)            -                  -          
[3.209s][info][gc          ] GC(2) Garbage Collection (Warmup) 242M(24%)->98M(10%)
[4.592s][info][gc,heap,exit] Heap
[4.592s][info][gc,heap,exit]  ZHeap           used 272M, capacity 1024M, max capacity 1024M
[4.592s][info][gc,heap,exit]  Metaspace       used 8964K, committed 9472K, reserved 1114112K
[4.592s][info][gc,heap,exit]   class space    used 947K, committed 1088K, reserved 1048576K
