[0.018s][info][gc,init] CardTable entry size: 512
[0.019s][info][gc     ] Using G1
[0.030s][info][gc,init] Version: 20+36-2344 (release)
[0.030s][info][gc,init] CPUs: 48 total, 48 available
[0.030s][info][gc,init] Memory: 382G
[0.030s][info][gc,init] Large Page Support: Disabled
[0.030s][info][gc,init] NUMA Support: Disabled
[0.030s][info][gc,init] Compressed Oops: Enabled (Zero based)
[0.030s][info][gc,init] Heap Region Size: 16M
[0.030s][info][gc,init] Heap Min Capacity: 16M
[0.030s][info][gc,init] Heap Initial Capacity: 2G
[0.030s][info][gc,init] Heap Max Capacity: 30208M
[0.030s][info][gc,init] Pre-touch: Disabled
[0.036s][info][gc,init] Parallel Workers: 33
[0.036s][info][gc,init] Concurrent Workers: 8
[0.036s][info][gc,init] Concurrent Refinement Workers: 33
[0.036s][info][gc,init] Periodic GC: Disabled
[0.037s][info][gc,metaspace] CDS archive(s) mapped at: [0x0000000800000000-0x0000000800c60000-0x0000000800c60000), size 12976128, SharedBaseAddress: 0x0000000800000000, ArchiveRelocationMode: 0.
[0.037s][info][gc,metaspace] Compressed class space mapped at: 0x0000000801000000-0x0000000841000000, reserved size: 1073741824
[0.037s][info][gc,metaspace] Narrow klass base: 0x0000000800000000, Narrow klass shift: 0, Narrow klass range: 0x100000000
[0.402s][info][gc,start    ] GC(0) Pause Full (System.gc())
[0.403s][info][gc,task     ] GC(0) Using 2 workers of 33 for full compaction
[0.403s][info][gc,phases,start] GC(0) Phase 1: Mark live objects
[0.406s][info][gc,phases      ] GC(0) Phase 1: Mark live objects 2.674ms
[0.406s][info][gc,phases,start] GC(0) Phase 2: Prepare compaction
[0.408s][info][gc,phases      ] GC(0) Phase 2: Prepare compaction 2.428ms
[0.408s][info][gc,phases,start] GC(0) Phase 3: Adjust pointers
[0.410s][info][gc,phases      ] GC(0) Phase 3: Adjust pointers 1.997ms
[0.410s][info][gc,phases,start] GC(0) Phase 4: Compact heap
[0.412s][info][gc,phases      ] GC(0) Phase 4: Compact heap 1.743ms
[0.424s][info][gc,heap        ] GC(0) Eden regions: 2->0(1)
[0.424s][info][gc,heap        ] GC(0) Survivor regions: 0->0(0)
[0.424s][info][gc,heap        ] GC(0) Old regions: 0->2
[0.424s][info][gc,heap        ] GC(0) Archive regions: 0->0
[0.424s][info][gc,heap        ] GC(0) Humongous regions: 0->0
[0.424s][info][gc,metaspace   ] GC(0) Metaspace: 1304K(1536K)->1304K(1536K) NonClass: 1184K(1280K)->1184K(1280K) Class: 120K(256K)->120K(256K)
[0.425s][info][gc             ] GC(0) Pause Full (System.gc()) 18M->1M(112M) 22.116ms
[0.425s][info][gc,cpu         ] GC(0) User=0.00s Sys=0.05s Real=0.02s
[0.563s][info][gc,start       ] GC(1) Pause Young (Normal) (G1 Evacuation Pause)
[0.563s][info][gc,task        ] GC(1) Using 2 workers of 33 for evacuation
[0.567s][info][gc,phases      ] GC(1)   Pre Evacuate Collection Set: 0.1ms
[0.567s][info][gc,phases      ] GC(1)   Merge Heap Roots: 0.5ms
[0.567s][info][gc,phases      ] GC(1)   Evacuate Collection Set: 2.4ms
[0.567s][info][gc,phases      ] GC(1)   Post Evacuate Collection Set: 0.6ms
[0.567s][info][gc,phases      ] GC(1)   Other: 0.1ms
[0.567s][info][gc,heap        ] GC(1) Eden regions: 1->0(1)
[0.567s][info][gc,heap        ] GC(1) Survivor regions: 0->1(1)
[0.567s][info][gc,heap        ] GC(1) Old regions: 2->2
[0.567s][info][gc,heap        ] GC(1) Archive regions: 0->0
[0.567s][info][gc,heap        ] GC(1) Humongous regions: 0->0
[0.567s][info][gc,metaspace   ] GC(1) Metaspace: 3081K(3264K)->3081K(3264K) NonClass: 2686K(2752K)->2686K(2752K) Class: 394K(512K)->394K(512K)
[0.567s][info][gc             ] GC(1) Pause Young (Normal) (G1 Evacuation Pause) 17M->2M(112M) 4.224ms
[0.567s][info][gc,cpu         ] GC(1) User=0.00s Sys=0.00s Real=0.00s
[0.830s][info][gc,start       ] GC(2) Pause Young (Normal) (G1 Evacuation Pause)
[0.830s][info][gc,task        ] GC(2) Using 2 workers of 33 for evacuation
[0.842s][info][gc,phases      ] GC(2)   Pre Evacuate Collection Set: 0.1ms
[0.842s][info][gc,phases      ] GC(2)   Merge Heap Roots: 0.1ms
[0.842s][info][gc,phases      ] GC(2)   Evacuate Collection Set: 11.6ms
[0.842s][info][gc,phases      ] GC(2)   Post Evacuate Collection Set: 0.5ms
[0.843s][info][gc,phases      ] GC(2)   Other: 0.1ms
[0.843s][info][gc,heap        ] GC(2) Eden regions: 1->0(1)
[0.843s][info][gc,heap        ] GC(2) Survivor regions: 1->1(1)
[0.843s][info][gc,heap        ] GC(2) Old regions: 2->2
[0.843s][info][gc,heap        ] GC(2) Archive regions: 0->0
[0.843s][info][gc,heap        ] GC(2) Humongous regions: 0->0
[0.843s][info][gc,metaspace   ] GC(2) Metaspace: 6380K(6592K)->6380K(6592K) NonClass: 5556K(5632K)->5556K(5632K) Class: 823K(960K)->823K(960K)
[0.843s][info][gc             ] GC(2) Pause Young (Normal) (G1 Evacuation Pause) 18M->8M(112M) 12.828ms
[0.843s][info][gc,cpu         ] GC(2) User=0.03s Sys=0.00s Real=0.02s
[1.184s][info][gc,start       ] GC(3) Pause Young (Normal) (G1 Evacuation Pause)
[1.184s][info][gc,task        ] GC(3) Using 2 workers of 33 for evacuation
[1.197s][info][gc,phases      ] GC(3)   Pre Evacuate Collection Set: 0.0ms
[1.197s][info][gc,phases      ] GC(3)   Merge Heap Roots: 0.1ms
[1.197s][info][gc,phases      ] GC(3)   Evacuate Collection Set: 12.6ms
[1.197s][info][gc,phases      ] GC(3)   Post Evacuate Collection Set: 0.6ms
[1.197s][info][gc,phases      ] GC(3)   Other: 0.1ms
[1.197s][info][gc,heap        ] GC(3) Eden regions: 1->0(1)
[1.197s][info][gc,heap        ] GC(3) Survivor regions: 1->1(1)
[1.197s][info][gc,heap        ] GC(3) Old regions: 2->2
[1.197s][info][gc,heap        ] GC(3) Archive regions: 0->0
[1.197s][info][gc,heap        ] GC(3) Humongous regions: 0->0
[1.197s][info][gc,metaspace   ] GC(3) Metaspace: 10086K(10304K)->10086K(10304K) NonClass: 8961K(9088K)->8961K(9088K) Class: 1125K(1216K)->1125K(1216K)
[1.197s][info][gc             ] GC(3) Pause Young (Normal) (G1 Evacuation Pause) 24M->12M(112M) 13.898ms
[1.198s][info][gc,cpu         ] GC(3) User=0.11s Sys=0.00s Real=0.02s
[1.775s][info][gc,start       ] GC(4) Pause Young (Normal) (G1 Evacuation Pause)
[1.775s][info][gc,task        ] GC(4) Using 4 workers of 33 for evacuation
[1.791s][info][gc,phases      ] GC(4)   Pre Evacuate Collection Set: 0.1ms
[1.791s][info][gc,phases      ] GC(4)   Merge Heap Roots: 0.1ms
[1.791s][info][gc,phases      ] GC(4)   Evacuate Collection Set: 12.3ms
[1.791s][info][gc,phases      ] GC(4)   Post Evacuate Collection Set: 4.1ms
[1.791s][info][gc,phases      ] GC(4)   Other: 0.1ms
[1.792s][info][gc,heap        ] GC(4) Eden regions: 1->0(5)
[1.792s][info][gc,heap        ] GC(4) Survivor regions: 1->1(1)
[1.792s][info][gc,heap        ] GC(4) Old regions: 2->3
[1.792s][info][gc,heap        ] GC(4) Archive regions: 0->0
[1.792s][info][gc,heap        ] GC(4) Humongous regions: 0->0
[1.792s][info][gc,metaspace   ] GC(4) Metaspace: 11450K(11648K)->11450K(11648K) NonClass: 10206K(10304K)->10206K(10304K) Class: 1244K(1344K)->1244K(1344K)
[1.792s][info][gc             ] GC(4) Pause Young (Normal) (G1 Evacuation Pause) 28M->17M(1088M) 17.074ms
[1.792s][info][gc,cpu         ] GC(4) User=0.05s Sys=0.02s Real=0.02s
[2.422s][info][gc,heap,exit   ] Heap
[2.422s][info][gc,heap,exit   ]  garbage-first heap   total 1114112K, used 50679K [0x00000000a0000000, 0x0000000800000000)
[2.422s][info][gc,heap,exit   ]   region size 16384K, 4 young (65536K), 1 survivors (16384K)
[2.422s][info][gc,heap,exit   ]  Metaspace       used 12026K, committed 12224K, reserved 1114112K
[2.422s][info][gc,heap,exit   ]   class space    used 1311K, committed 1408K, reserved 1048576K
