[0.015s][info][gc,init] CardTable entry size: 512
[0.029s][info][gc     ] Using Parallel
[0.046s][info][gc,init] Version: 20+36-2344 (release)
[0.046s][info][gc,init] CPUs: 48 total, 48 available
[0.046s][info][gc,init] Memory: 382G
[0.046s][info][gc,init] Large Page Support: Disabled
[0.046s][info][gc,init] NUMA Support: Disabled
[0.046s][info][gc,init] Compressed Oops: Enabled (Zero based)
[0.046s][info][gc,init] Alignments: Space 512K, Generation 512K, Heap 2M
[0.046s][info][gc,init] Heap Min Capacity: 8M
[0.046s][info][gc,init] Heap Initial Capacity: 2G
[0.046s][info][gc,init] Heap Max Capacity: 30718M
[0.052s][info][gc,init] Pre-touch: Disabled
[0.053s][info][gc,init] Parallel Workers: 33
[0.054s][info][gc,metaspace] CDS archive(s) mapped at: [0x0000000800000000-0x0000000800c60000-0x0000000800c60000), size 12976128, SharedBaseAddress: 0x0000000800000000, ArchiveRelocationMode: 0.
[0.054s][info][gc,metaspace] Compressed class space mapped at: 0x0000000801000000-0x0000000841000000, reserved size: 1073741824
[0.054s][info][gc,metaspace] Narrow klass base: 0x0000000800000000, Narrow klass shift: 0, Narrow klass range: 0x100000000
[1.298s][info][gc,start    ] GC(0) Pause Young (System.gc())
[1.304s][info][gc,heap     ] GC(0) PSYoungGen: 83968K(611840K)->2189K(611840K) Eden: 83968K(524800K)->0K(524800K) From: 0K(87040K)->2189K(87040K)
[1.304s][info][gc,heap     ] GC(0) ParOldGen: 0K(1398272K)->8K(1398272K)
[1.304s][info][gc,metaspace] GC(0) Metaspace: 1304K(1536K)->1304K(1536K) NonClass: 1184K(1280K)->1184K(1280K) Class: 120K(256K)->120K(256K)
[1.304s][info][gc          ] GC(0) Pause Young (System.gc()) 82M->2M(1963M) 6.001ms
[1.304s][info][gc,cpu      ] GC(0) User=0.00s Sys=0.00s Real=0.00s
[1.305s][info][gc,start    ] GC(1) Pause Full (System.gc())
[1.305s][info][gc,phases,start] GC(1) Marking Phase
[1.309s][info][gc,phases      ] GC(1) Marking Phase 4.050ms
[1.309s][info][gc,phases,start] GC(1) Summary Phase
[1.309s][info][gc,phases      ] GC(1) Summary Phase 0.030ms
[1.309s][info][gc,phases,start] GC(1) Adjust Roots
[1.310s][info][gc,phases      ] GC(1) Adjust Roots 1.217ms
[1.310s][info][gc,phases,start] GC(1) Compaction Phase
[1.317s][info][gc,phases      ] GC(1) Compaction Phase 6.747ms
[1.317s][info][gc,phases,start] GC(1) Post Compact
[1.317s][info][gc,phases      ] GC(1) Post Compact 0.594ms
[1.317s][info][gc,heap        ] GC(1) PSYoungGen: 2189K(611840K)->0K(611840K) Eden: 0K(524800K)->0K(524800K) From: 2189K(87040K)->0K(87040K)
[1.317s][info][gc,heap        ] GC(1) ParOldGen: 8K(1398272K)->1581K(1398272K)
[1.317s][info][gc,metaspace   ] GC(1) Metaspace: 1304K(1536K)->1304K(1536K) NonClass: 1184K(1280K)->1184K(1280K) Class: 120K(256K)->120K(256K)
[1.318s][info][gc             ] GC(1) Pause Full (System.gc()) 2M->1M(1963M) 12.966ms
[1.318s][info][gc,cpu         ] GC(1) User=0.02s Sys=0.00s Real=0.02s
[3.196s][info][gc,heap,exit   ] Heap
[3.196s][info][gc,heap,exit   ]  PSYoungGen      total 611840K, used 148071K [0x0000000580100000, 0x00000005aab80000, 0x0000000800000000)
[3.196s][info][gc,heap,exit   ]   eden space 524800K, 28% used [0x0000000580100000,0x0000000589199c18,0x00000005a0180000)
[3.196s][info][gc,heap,exit   ]   from space 87040K, 0% used [0x00000005a0180000,0x00000005a0180000,0x00000005a5680000)
[3.196s][info][gc,heap,exit   ]   to   space 87040K, 0% used [0x00000005a5680000,0x00000005a5680000,0x00000005aab80000)
[3.196s][info][gc,heap,exit   ]  ParOldGen       total 1398272K, used 1581K [0x0000000080200000, 0x00000000d5780000, 0x0000000580100000)
[3.196s][info][gc,heap,exit   ]   object space 1398272K, 0% used [0x0000000080200000,0x000000008038b5a0,0x00000000d5780000)
[3.196s][info][gc,heap,exit   ]  Metaspace       used 12030K, committed 12224K, reserved 1114112K
[3.196s][info][gc,heap,exit   ]   class space    used 1311K, committed 1408K, reserved 1048576K
