[0.018s][info][gc,init] CardTable entry size: 512
[0.019s][info][gc     ] Using Serial
[0.027s][info][gc,init] Version: 20+36-2344 (release)
[0.027s][info][gc,init] CPUs: 48 total, 48 available
[0.027s][info][gc,init] Memory: 382G
[0.027s][info][gc,init] Large Page Support: Disabled
[0.027s][info][gc,init] NUMA Support: Disabled
[0.027s][info][gc,init] Compressed Oops: Enabled (Zero based)
[0.027s][info][gc,init] Heap Min Capacity: 8M
[0.027s][info][gc,init] Heap Initial Capacity: 2G
[0.027s][info][gc,init] Heap Max Capacity: 30718M
[0.027s][info][gc,init] Pre-touch: Disabled
[0.036s][info][gc,metaspace] CDS archive(s) mapped at: [0x0000000800000000-0x0000000800c60000-0x0000000800c60000), size 12976128, SharedBaseAddress: 0x0000000800000000, ArchiveRelocationMode: 0.
[0.036s][info][gc,metaspace] Compressed class space mapped at: 0x0000000801000000-0x0000000841000000, reserved size: 1073741824
[0.036s][info][gc,metaspace] Narrow klass base: 0x0000000800000000, Narrow klass shift: 0, Narrow klass range: 0x100000000
[1.430s][info][gc,start    ] GC(0) Pause Full (System.gc())
[1.430s][info][gc,phases,start] GC(0) Phase 1: Mark live objects
[1.435s][info][gc,phases      ] GC(0) Phase 1: Mark live objects 4.342ms
[1.435s][info][gc,phases,start] GC(0) Phase 2: Compute new object addresses
[1.436s][info][gc,phases      ] GC(0) Phase 2: Compute new object addresses 1.783ms
[1.437s][info][gc,phases,start] GC(0) Phase 3: Adjust pointers
[1.439s][info][gc,phases      ] GC(0) Phase 3: Adjust pointers 2.317ms
[1.439s][info][gc,phases,start] GC(0) Phase 4: Move objects
[1.441s][info][gc,phases      ] GC(0) Phase 4: Move objects 2.203ms
[1.441s][info][gc,heap        ] GC(0) DefNew: 89477K(629120K)->0K(629248K) Eden: 89477K(559232K)->0K(559360K) From: 0K(69888K)->0K(69888K)
[1.441s][info][gc,heap        ] GC(0) Tenured: 0K(1398144K)->1581K(1398144K)
[1.441s][info][gc,metaspace   ] GC(0) Metaspace: 1312K(1536K)->1312K(1536K) NonClass: 1192K(1280K)->1192K(1280K) Class: 120K(256K)->120K(256K)
[1.441s][info][gc             ] GC(0) Pause Full (System.gc()) 87M->1M(1979M) 11.415ms
[1.442s][info][gc,cpu         ] GC(0) User=0.00s Sys=0.00s Real=0.00s
[4.912s][info][gc,heap,exit   ] Heap
[4.913s][info][gc,heap,exit   ]  def new generation   total 629248K, used 160868K [0x0000000080200000, 0x00000000aacc0000, 0x0000000300150000)
[4.913s][info][gc,heap,exit   ]   eden space 559360K,  28% used [0x0000000080200000, 0x0000000089f191f0, 0x00000000a2440000)
[4.913s][info][gc,heap,exit   ]   from space 69888K,   0% used [0x00000000a2440000, 0x00000000a2440000, 0x00000000a6880000)
[4.913s][info][gc,heap,exit   ]   to   space 69888K,   0% used [0x00000000a6880000, 0x00000000a6880000, 0x00000000aacc0000)
[4.913s][info][gc,heap,exit   ]  tenured generation   total 1398144K, used 1581K [0x0000000300150000, 0x00000003556b0000, 0x0000000800000000)
[4.913s][info][gc,heap,exit   ]    the space 1398144K,   0% used [0x0000000300150000, 0x00000003002db7a0, 0x00000003002db800, 0x00000003556b0000)
[4.913s][info][gc,heap,exit   ]  Metaspace       used 12029K, committed 12224K, reserved 1114112K
[4.913s][info][gc,heap,exit   ]   class space    used 1311K, committed 1408K, reserved 1048576K
