[0.018s][info][gc,init] Initializing The Z Garbage Collector
[0.018s][info][gc,init] Version: 20+36-2344 (release)
[0.018s][info][gc,init] NUMA Support: Disabled
[0.018s][info][gc,init] CPUs: 48 total, 48 available
[0.018s][info][gc,init] Memory: 391843M
[0.018s][info][gc,init] Large Page Support: Disabled
[0.018s][info][gc,init] GC Workers: 12 (dynamic)
[0.020s][info][gc,init] Address Space Type: Contiguous/Unrestricted/Complete
[0.020s][info][gc,init] Address Space Size: 491488M x 3 = 1474464M
[0.020s][info][gc,init] Min Capacity: 8M
[0.020s][info][gc,init] Initial Capacity: 2048M
[0.030s][info][gc,init] Max Capacity: 30718M
[0.030s][info][gc,init] Medium Page Size: 32M
[0.030s][info][gc,init] Pre-touch: Disabled
[0.030s][info][gc,init] Uncommit: Enabled
[0.030s][info][gc,init] Uncommit Delay: 300s
[0.113s][info][gc,init] Runtime Workers: 29
[0.116s][info][gc     ] Using The Z Garbage Collector
[0.117s][info][gc,metaspace] CDS archive(s) mapped at: [0x0000000800000000-0x0000000800c60000-0x0000000800c60000), size 12976128, SharedBaseAddress: 0x0000000800000000, ArchiveRelocationMode: 0.
[0.117s][info][gc,metaspace] Compressed class space mapped at: 0x0000000801000000-0x0000000841000000, reserved size: 1073741824
[0.117s][info][gc,metaspace] Narrow klass base: 0x0000000800000000, Narrow klass shift: 0, Narrow klass range: 0x100000000
[1.206s][info][gc,start    ] GC(0) Garbage Collection (System.gc())
[1.206s][info][gc,task     ] GC(0) Using 12 workers
[1.206s][info][gc,phases   ] GC(0) Pause Mark Start 0.017ms
[1.212s][info][gc,phases   ] GC(0) Concurrent Mark 5.705ms
[1.212s][info][gc,phases   ] GC(0) Pause Mark End 0.027ms
[1.212s][info][gc,phases   ] GC(0) Concurrent Mark Free 0.002ms
[1.213s][info][gc,phases   ] GC(0) Concurrent Process Non-Strong References 0.443ms
[1.213s][info][gc,phases   ] GC(0) Concurrent Reset Relocation Set 0.001ms
[1.225s][info][gc,phases   ] GC(0) Concurrent Select Relocation Set 12.419ms
[1.225s][info][gc,phases   ] GC(0) Pause Relocate Start 0.007ms
[1.227s][info][gc,phases   ] GC(0) Concurrent Relocate 1.835ms
[1.227s][info][gc,load     ] GC(0) Load: 0.00/0.00/0.00
[1.227s][info][gc,mmu      ] GC(0) MMU: 2ms/98.6%, 5ms/99.5%, 10ms/99.6%, 20ms/99.7%, 50ms/99.9%, 100ms/99.9%
[1.227s][info][gc,marking  ] GC(0) Mark: 8 stripe(s), 2 proactive flush(es), 1 terminate flush(es), 0 completion(s), 0 continuation(s) 
[1.227s][info][gc,marking  ] GC(0) Mark Stack Usage: 32M
[1.227s][info][gc,nmethod  ] GC(0) NMethods: 418 registered, 43 unregistered
[1.227s][info][gc,metaspace] GC(0) Metaspace: 1M used, 1M committed, 1088M reserved
[1.227s][info][gc,ref      ] GC(0) Soft: 59 encountered, 0 discovered, 0 enqueued
[1.227s][info][gc,ref      ] GC(0) Weak: 164 encountered, 76 discovered, 65 enqueued
[1.227s][info][gc,ref      ] GC(0) Final: 2 encountered, 0 discovered, 0 enqueued
[1.227s][info][gc,ref      ] GC(0) Phantom: 124 encountered, 97 discovered, 48 enqueued
[1.227s][info][gc,reloc    ] GC(0) Small Pages: 9 / 18M, Empty: 0M, Relocated: 1M, In-Place: 0
[1.227s][info][gc,reloc    ] GC(0) Medium Pages: 1 / 32M, Empty: 0M, Relocated: 0M, In-Place: 0
[1.228s][info][gc,reloc    ] GC(0) Large Pages: 0 / 0M, Empty: 0M, Relocated: 0M, In-Place: 0
[1.228s][info][gc,reloc    ] GC(0) Forwarding Usage: 0M
[1.228s][info][gc,heap     ] GC(0) Min Capacity: 8M(0%)
[1.228s][info][gc,heap     ] GC(0) Max Capacity: 30718M(100%)
[1.228s][info][gc,heap     ] GC(0) Soft Max Capacity: 30718M(100%)
[1.228s][info][gc,heap     ] GC(0)                Mark Start          Mark End        Relocate Start      Relocate End           High               Low         
[1.228s][info][gc,heap     ] GC(0)  Capacity:     2048M (7%)         2048M (7%)         2048M (7%)         2048M (7%)         2048M (7%)         2048M (7%)     
[1.228s][info][gc,heap     ] GC(0)      Free:    30668M (100%)      30668M (100%)      30666M (100%)      30666M (100%)      30668M (100%)      30654M (100%)   
[1.228s][info][gc,heap     ] GC(0)      Used:       50M (0%)           50M (0%)           52M (0%)           52M (0%)           64M (0%)           50M (0%)     
[1.228s][info][gc,heap     ] GC(0)      Live:         -                 1M (0%)            1M (0%)            1M (0%)             -                  -          
[1.228s][info][gc,heap     ] GC(0) Allocated:         -                 0M (0%)            2M (0%)            2M (0%)             -                  -          
[1.228s][info][gc,heap     ] GC(0)   Garbage:         -                48M (0%)           48M (0%)           48M (0%)             -                  -          
[1.228s][info][gc,heap     ] GC(0) Reclaimed:         -                  -                 0M (0%)            0M (0%)             -                  -          
[1.228s][info][gc          ] GC(0) Garbage Collection (System.gc()) 50M(0%)->52M(0%)
[3.219s][info][gc,heap,exit] Heap
[3.219s][info][gc,heap,exit]  ZHeap           used 182M, capacity 2048M, max capacity 30718M
[3.219s][info][gc,heap,exit]  Metaspace       used 12027K, committed 12224K, reserved 1114112K
[3.219s][info][gc,heap,exit]   class space    used 1310K, committed 1408K, reserved 1048576K
