[0.017s][info][gc] Using Epsilon
[0.019s][info][gc,init] Version: 20+36-2344 (release)
[0.019s][info][gc,init] CPUs: 48 total, 48 available
[0.019s][info][gc,init] Memory: 382G
[0.019s][info][gc,init] Large Page Support: Disabled
[0.019s][info][gc,init] NUMA Support: Disabled
[0.019s][info][gc,init] Compressed Oops: Enabled (32-bit)
[0.019s][info][gc,init] Heap Min Capacity: 6656K
[0.019s][info][gc,init] Heap Initial Capacity: 512M
[0.019s][info][gc,init] Heap Max Capacity: 512M
[0.019s][info][gc,init] Pre-touch: Disabled
[0.019s][warning][gc,init] Consider enabling -XX:+AlwaysPreTouch to avoid memory commit hiccups
[0.028s][info   ][gc,init] TLAB Size Max: 4M
[0.028s][info   ][gc,init] TLAB Size Elasticity: 1.10x
[0.028s][info   ][gc,init] TLAB Size Decay Time: 1000ms
[0.029s][info   ][gc,metaspace] CDS archive(s) mapped at: [0x0000000800000000-0x0000000800c60000-0x0000000800c60000), size 12976128, SharedBaseAddress: 0x0000000800000000, ArchiveRelocationMode: 0.
[0.029s][info   ][gc,metaspace] Compressed class space mapped at: 0x0000000801000000-0x0000000841000000, reserved size: 1073741824
[0.029s][info   ][gc,metaspace] Narrow klass base: 0x0000000800000000, Narrow klass shift: 0, Narrow klass range: 0x100000000
[0.588s][info   ][gc          ] GC request for "System.gc()" is ignored
[0.641s][info   ][gc          ] Heap: 512M reserved, 512M (100.00%) committed, 26243K (5.01%) used
[0.641s][info   ][gc,metaspace] Metaspace: 1088M reserved, 5248K (0.47%) committed, 5090K (0.46%) used
[0.839s][info   ][gc          ] Heap: 512M reserved, 512M (100.00%) committed, 52534K (10.02%) used
[0.839s][info   ][gc,metaspace] Metaspace: 1088M reserved, 6400K (0.57%) committed, 6238K (0.56%) used
[0.929s][info   ][gc          ] Heap: 512M reserved, 512M (100.00%) committed, 78765K (15.02%) used
[0.929s][info   ][gc,metaspace] Metaspace: 1088M reserved, 6656K (0.60%) committed, 6427K (0.58%) used
[1.011s][info   ][gc          ] Heap: 512M reserved, 512M (100.00%) committed, 102M (20.08%) used
[1.011s][info   ][gc,metaspace] Metaspace: 1088M reserved, 6720K (0.60%) committed, 6558K (0.59%) used
[1.096s][info   ][gc          ] Heap: 512M reserved, 512M (100.00%) committed, 128M (25.10%) used
[1.096s][info   ][gc,metaspace] Metaspace: 1088M reserved, 6848K (0.61%) committed, 6618K (0.59%) used
[1.169s][info   ][gc          ] Heap: 512M reserved, 512M (100.00%) committed, 154M (30.12%) used
[1.169s][info   ][gc,metaspace] Metaspace: 1088M reserved, 6848K (0.61%) committed, 6640K (0.60%) used
[1.255s][info   ][gc          ] Heap: 512M reserved, 512M (100.00%) committed, 180M (35.18%) used
[1.255s][info   ][gc,metaspace] Metaspace: 1088M reserved, 6912K (0.62%) committed, 6738K (0.60%) used
[1.335s][info   ][gc          ] Heap: 512M reserved, 512M (100.00%) committed, 206M (40.25%) used
[1.335s][info   ][gc,metaspace] Metaspace: 1088M reserved, 6912K (0.62%) committed, 6747K (0.61%) used
[1.408s][info   ][gc          ] Heap: 512M reserved, 512M (100.00%) committed, 231M (45.27%) used
[1.408s][info   ][gc,metaspace] Metaspace: 1088M reserved, 6912K (0.62%) committed, 6748K (0.61%) used
[1.486s][info   ][gc          ] Heap: 512M reserved, 512M (100.00%) committed, 257M (50.29%) used
[1.486s][info   ][gc,metaspace] Metaspace: 1088M reserved, 6976K (0.63%) committed, 6794K (0.61%) used
[1.552s][info   ][gc          ] Heap: 512M reserved, 512M (100.00%) committed, 283M (55.37%) used
[1.552s][info   ][gc,metaspace] Metaspace: 1088M reserved, 6976K (0.63%) committed, 6796K (0.61%) used
[1.629s][info   ][gc          ] Heap: 512M reserved, 512M (100.00%) committed, 309M (60.39%) used
[1.630s][info   ][gc,metaspace] Metaspace: 1088M reserved, 6976K (0.63%) committed, 6796K (0.61%) used
[1.702s][info   ][gc          ] Heap: 512M reserved, 512M (100.00%) committed, 334M (65.41%) used
[1.702s][info   ][gc,metaspace] Metaspace: 1088M reserved, 7104K (0.64%) committed, 6840K (0.61%) used
[1.756s][info   ][gc          ] Heap: 512M reserved, 512M (100.00%) committed, 360M (70.48%) used
[1.756s][info   ][gc,metaspace] Metaspace: 1088M reserved, 7104K (0.64%) committed, 6845K (0.61%) used
[1.769s][info   ][gc          ] Heap: 512M reserved, 512M (100.00%) committed, 386M (75.55%) used
[1.769s][info   ][gc,metaspace] Metaspace: 1088M reserved, 7104K (0.64%) committed, 6845K (0.61%) used
[1.785s][info   ][gc          ] Heap: 512M reserved, 512M (100.00%) committed, 412M (80.64%) used
[1.785s][info   ][gc,metaspace] Metaspace: 1088M reserved, 7104K (0.64%) committed, 6848K (0.61%) used
[1.797s][info   ][gc          ] Heap: 512M reserved, 512M (100.00%) committed, 439M (85.81%) used
[1.797s][info   ][gc,metaspace] Metaspace: 1088M reserved, 7104K (0.64%) committed, 6848K (0.61%) used
[1.812s][info   ][gc          ] Heap: 512M reserved, 512M (100.00%) committed, 465M (90.89%) used
[1.812s][info   ][gc,metaspace] Metaspace: 1088M reserved, 7104K (0.64%) committed, 6849K (0.61%) used
[1.824s][info   ][gc          ] Heap: 512M reserved, 512M (100.00%) committed, 491M (96.02%) used
[1.824s][info   ][gc,metaspace] Metaspace: 1088M reserved, 7104K (0.64%) committed, 6849K (0.61%) used
