[0.016s][info][gc] Using Epsilon
[0.022s][info][gc,init] Version: 20+36-2344 (release)
[0.022s][info][gc,init] CPUs: 48 total, 48 available
[0.022s][info][gc,init] Memory: 382G
[0.022s][info][gc,init] Large Page Support: Disabled
[0.022s][info][gc,init] NUMA Support: Disabled
[0.022s][info][gc,init] Compressed Oops: Enabled (Zero based)
[0.022s][info][gc,init] Heap Min Capacity: 6656K
[0.022s][info][gc,init] Heap Initial Capacity: 2G
[0.022s][info][gc,init] Heap Max Capacity: 4G
[0.022s][info][gc,init] Pre-touch: Disabled
[0.022s][warning][gc,init] Consider setting -Xms equal to -Xmx to avoid resizing hiccups
[0.029s][warning][gc,init] Consider enabling -XX:+AlwaysPreTouch to avoid memory commit hiccups
[0.029s][info   ][gc,init] TLAB Size Max: 4M
[0.029s][info   ][gc,init] TLAB Size Elasticity: 1.10x
[0.029s][info   ][gc,init] TLAB Size Decay Time: 1000ms
[0.030s][info   ][gc,metaspace] CDS archive(s) mapped at: [0x0000000800000000-0x0000000800c60000-0x0000000800c60000), size 12976128, SharedBaseAddress: 0x0000000800000000, ArchiveRelocationMode: 0.
[0.030s][info   ][gc,metaspace] Compressed class space mapped at: 0x0000000801000000-0x0000000841000000, reserved size: 1073741824
[0.030s][info   ][gc,metaspace] Narrow klass base: 0x0000000800000000, Narrow klass shift: 0, Narrow klass range: 0x100000000
[0.574s][info   ][gc          ] GC request for "System.gc()" is ignored
[1.292s][info   ][gc          ] Heap: 4096M reserved, 2048M (50.00%) committed, 204M (5.00%) used
[1.292s][info   ][gc,metaspace] Metaspace: 1088M reserved, 6848K (0.61%) committed, 6653K (0.60%) used
[1.686s][info   ][gc          ] Heap: 4096M reserved, 2048M (50.00%) committed, 409M (10.01%) used
[1.686s][info   ][gc,metaspace] Metaspace: 1088M reserved, 7040K (0.63%) committed, 6786K (0.61%) used
[1.797s][info   ][gc          ] Heap: 4096M reserved, 2048M (50.00%) committed, 615M (15.02%) used
[1.797s][info   ][gc,metaspace] Metaspace: 1088M reserved, 7040K (0.63%) committed, 6809K (0.61%) used
[1.906s][info   ][gc          ] Heap: 4096M reserved, 2048M (50.00%) committed, 820M (20.02%) used
[1.907s][info   ][gc,metaspace] Metaspace: 1088M reserved, 7040K (0.63%) committed, 6809K (0.61%) used
[2.068s][info   ][gc,heap,exit] Heap
[2.068s][info   ][gc,heap,exit] Epsilon Heap
[2.068s][info   ][gc,heap,exit] Allocation space:
[2.068s][info   ][gc,heap,exit]  space 2097152K,  49% used [0x0000000700000000, 0x000000073fdf4b30, 0x0000000780000000)
[2.068s][info   ][gc,heap,exit]  Metaspace       used 7241K, committed 7488K, reserved 1114112K
[2.068s][info   ][gc,heap,exit]   class space    used 837K, committed 960K, reserved 1048576K
[2.068s][info   ][gc          ] Heap: 4096M reserved, 2048M (50.00%) committed, 1021M (24.95%) used
[2.068s][info   ][gc,metaspace] Metaspace: 1088M reserved, 7488K (0.67%) committed, 7241K (0.65%) used
