[0.018s][info][gc] Using Epsilon
[0.021s][info][gc,init] Version: 20+36-2344 (release)
[0.021s][info][gc,init] CPUs: 48 total, 48 available
[0.021s][info][gc,init] Memory: 382G
[0.021s][info][gc,init] Large Page Support: Disabled
[0.021s][info][gc,init] NUMA Support: Disabled
[0.021s][info][gc,init] Compressed Oops: Enabled (32-bit)
[0.021s][info][gc,init] Heap Min Capacity: 6656K
[0.021s][info][gc,init] Heap Initial Capacity: 1G
[0.021s][info][gc,init] Heap Max Capacity: 1G
[0.021s][info][gc,init] Pre-touch: Disabled
[0.021s][warning][gc,init] Consider enabling -XX:+AlwaysPreTouch to avoid memory commit hiccups
[0.030s][info   ][gc,init] TLAB Size Max: 4M
[0.030s][info   ][gc,init] TLAB Size Elasticity: 1.10x
[0.031s][info   ][gc,init] TLAB Size Decay Time: 1000ms
[0.032s][info   ][gc,metaspace] CDS archive(s) mapped at: [0x0000000800000000-0x0000000800c60000-0x0000000800c60000), size 12976128, SharedBaseAddress: 0x0000000800000000, ArchiveRelocationMode: 0.
[0.032s][info   ][gc,metaspace] Compressed class space mapped at: 0x0000000801000000-0x0000000841000000, reserved size: 1073741824
[0.032s][info   ][gc,metaspace] Narrow klass base: 0x0000000800000000, Narrow klass shift: 0, Narrow klass range: 0x100000000
[0.593s][info   ][gc          ] GC request for "System.gc()" is ignored
[0.840s][info   ][gc          ] Heap: 1024M reserved, 1024M (100.00%) committed, 52464K (5.00%) used
[0.840s][info   ][gc,metaspace] Metaspace: 1088M reserved, 6336K (0.57%) committed, 6214K (0.56%) used
[1.013s][info   ][gc          ] Heap: 1024M reserved, 1024M (100.00%) committed, 102M (10.02%) used
[1.013s][info   ][gc,metaspace] Metaspace: 1088M reserved, 6720K (0.60%) committed, 6544K (0.59%) used
[1.158s][info   ][gc          ] Heap: 1024M reserved, 1024M (100.00%) committed, 154M (15.05%) used
[1.159s][info   ][gc,metaspace] Metaspace: 1088M reserved, 6848K (0.61%) committed, 6613K (0.59%) used
[1.301s][info   ][gc          ] Heap: 1024M reserved, 1024M (100.00%) committed, 205M (20.09%) used
[1.301s][info   ][gc,metaspace] Metaspace: 1088M reserved, 6912K (0.62%) committed, 6692K (0.60%) used
[1.349s][info   ][gc          ] Heap: 1024M reserved, 1024M (100.00%) committed, 257M (25.11%) used
[1.349s][info   ][gc,metaspace] Metaspace: 1088M reserved, 6912K (0.62%) committed, 6728K (0.60%) used
[1.383s][info   ][gc          ] Heap: 1024M reserved, 1024M (100.00%) committed, 308M (30.13%) used
[1.383s][info   ][gc,metaspace] Metaspace: 1088M reserved, 6976K (0.63%) committed, 6747K (0.61%) used
[1.412s][info   ][gc          ] Heap: 1024M reserved, 1024M (100.00%) committed, 360M (35.16%) used
[1.412s][info   ][gc,metaspace] Metaspace: 1088M reserved, 6976K (0.63%) committed, 6813K (0.61%) used
[1.436s][info   ][gc          ] Heap: 1024M reserved, 1024M (100.00%) committed, 412M (40.24%) used
[1.436s][info   ][gc,metaspace] Metaspace: 1088M reserved, 6976K (0.63%) committed, 6816K (0.61%) used
[1.467s][info   ][gc          ] Heap: 1024M reserved, 1024M (100.00%) committed, 464M (45.31%) used
[1.467s][info   ][gc,metaspace] Metaspace: 1088M reserved, 6976K (0.63%) committed, 6817K (0.61%) used
[1.494s][info   ][gc          ] Heap: 1024M reserved, 1024M (100.00%) committed, 515M (50.34%) used
[1.494s][info   ][gc,metaspace] Metaspace: 1088M reserved, 6976K (0.63%) committed, 6822K (0.61%) used
[1.521s][info   ][gc          ] Heap: 1024M reserved, 1024M (100.00%) committed, 567M (55.39%) used
[1.521s][info   ][gc,metaspace] Metaspace: 1088M reserved, 7040K (0.63%) committed, 6833K (0.61%) used
[1.548s][info   ][gc          ] Heap: 1024M reserved, 1024M (100.00%) committed, 618M (60.40%) used
[1.548s][info   ][gc,metaspace] Metaspace: 1088M reserved, 7040K (0.63%) committed, 6834K (0.61%) used
[1.578s][info   ][gc          ] Heap: 1024M reserved, 1024M (100.00%) committed, 670M (65.51%) used
[1.578s][info   ][gc,metaspace] Metaspace: 1088M reserved, 7040K (0.63%) committed, 6835K (0.61%) used
[1.604s][info   ][gc          ] Heap: 1024M reserved, 1024M (100.00%) committed, 723M (70.61%) used
[1.605s][info   ][gc,metaspace] Metaspace: 1088M reserved, 7040K (0.63%) committed, 6835K (0.61%) used
[1.632s][info   ][gc          ] Heap: 1024M reserved, 1024M (100.00%) committed, 775M (75.74%) used
[1.632s][info   ][gc,metaspace] Metaspace: 1088M reserved, 7040K (0.63%) committed, 6835K (0.61%) used
[1.660s][info   ][gc          ] Heap: 1024M reserved, 1024M (100.00%) committed, 827M (80.84%) used
[1.660s][info   ][gc,metaspace] Metaspace: 1088M reserved, 7040K (0.63%) committed, 6835K (0.61%) used
[1.690s][info   ][gc          ] Heap: 1024M reserved, 1024M (100.00%) committed, 879M (85.90%) used
[1.690s][info   ][gc,metaspace] Metaspace: 1088M reserved, 7040K (0.63%) committed, 6835K (0.61%) used
[1.716s][info   ][gc          ] Heap: 1024M reserved, 1024M (100.00%) committed, 931M (90.99%) used
[1.716s][info   ][gc,metaspace] Metaspace: 1088M reserved, 7040K (0.63%) committed, 6835K (0.61%) used
[1.743s][info   ][gc          ] Heap: 1024M reserved, 1024M (100.00%) committed, 983M (96.04%) used
[1.743s][info   ][gc,metaspace] Metaspace: 1088M reserved, 7040K (0.63%) committed, 6835K (0.61%) used
[1.806s][info   ][gc,heap,exit] Heap
[1.806s][info   ][gc,heap,exit] Epsilon Heap
[1.806s][info   ][gc,heap,exit] Allocation space:
[1.806s][info   ][gc,heap,exit]  space 1048576K,  99% used [0x00000000c0000000, 0x00000000fffadc38, 0x0000000100000000)
[1.806s][info   ][gc,heap,exit]  Metaspace       used 7257K, committed 7488K, reserved 1114112K
[1.806s][info   ][gc,heap,exit]   class space    used 841K, committed 960K, reserved 1048576K
[1.806s][info   ][gc          ] Heap: 1024M reserved, 1024M (100.00%) committed, 1023M (99.97%) used
[1.806s][info   ][gc,metaspace] Metaspace: 1088M reserved, 7488K (0.67%) committed, 7257K (0.65%) used
