[0.017s][info][gc] Using Epsilon
[0.023s][info][gc,init] Version: 20+36-2344 (release)
[0.023s][info][gc,init] CPUs: 48 total, 48 available
[0.023s][info][gc,init] Memory: 382G
[0.023s][info][gc,init] Large Page Support: Disabled
[0.023s][info][gc,init] NUMA Support: Disabled
[0.023s][info][gc,init] Compressed Oops: Enabled (32-bit)
[0.023s][info][gc,init] Heap Min Capacity: 6656K
[0.023s][info][gc,init] Heap Initial Capacity: 2G
[0.023s][info][gc,init] Heap Max Capacity: 2G
[0.023s][info][gc,init] Pre-touch: Disabled
[0.023s][warning][gc,init] Consider enabling -XX:+AlwaysPreTouch to avoid memory commit hiccups
[0.034s][info   ][gc,init] TLAB Size Max: 4M
[0.034s][info   ][gc,init] TLAB Size Elasticity: 1.10x
[0.034s][info   ][gc,init] TLAB Size Decay Time: 1000ms
[0.035s][info   ][gc,metaspace] CDS archive(s) mapped at: [0x0000000800000000-0x0000000800c60000-0x0000000800c60000), size 12976128, SharedBaseAddress: 0x0000000800000000, ArchiveRelocationMode: 0.
[0.035s][info   ][gc,metaspace] Compressed class space mapped at: 0x0000000801000000-0x0000000841000000, reserved size: 1073741824
[0.035s][info   ][gc,metaspace] Narrow klass base: 0x0000000800000000, Narrow klass shift: 0, Narrow klass range: 0x100000000
[0.584s][info   ][gc          ] GC request for "System.gc()" is ignored
[0.984s][info   ][gc          ] Heap: 2048M reserved, 2048M (100.00%) committed, 102M (5.00%) used
[0.984s][info   ][gc,metaspace] Metaspace: 1088M reserved, 6720K (0.60%) committed, 6531K (0.59%) used
[1.278s][info   ][gc          ] Heap: 2048M reserved, 2048M (100.00%) committed, 204M (10.01%) used
[1.278s][info   ][gc,metaspace] Metaspace: 1088M reserved, 6912K (0.62%) committed, 6697K (0.60%) used
[1.507s][info   ][gc          ] Heap: 2048M reserved, 2048M (100.00%) committed, 307M (15.03%) used
[1.507s][info   ][gc,metaspace] Metaspace: 1088M reserved, 6976K (0.63%) committed, 6742K (0.61%) used
[1.564s][info   ][gc          ] Heap: 2048M reserved, 2048M (100.00%) committed, 410M (20.06%) used
[1.564s][info   ][gc,metaspace] Metaspace: 1088M reserved, 7040K (0.63%) committed, 6793K (0.61%) used
[1.623s][info   ][gc          ] Heap: 2048M reserved, 2048M (100.00%) committed, 513M (25.07%) used
[1.623s][info   ][gc,metaspace] Metaspace: 1088M reserved, 7040K (0.63%) committed, 6804K (0.61%) used
[1.679s][info   ][gc          ] Heap: 2048M reserved, 2048M (100.00%) committed, 615M (30.07%) used
[1.679s][info   ][gc,metaspace] Metaspace: 1088M reserved, 7040K (0.63%) committed, 6814K (0.61%) used
[1.741s][info   ][gc          ] Heap: 2048M reserved, 2048M (100.00%) committed, 719M (35.14%) used
[1.741s][info   ][gc,metaspace] Metaspace: 1088M reserved, 7040K (0.63%) committed, 6814K (0.61%) used
[1.799s][info   ][gc          ] Heap: 2048M reserved, 2048M (100.00%) committed, 822M (40.16%) used
[1.799s][info   ][gc,metaspace] Metaspace: 1088M reserved, 7040K (0.63%) committed, 6814K (0.61%) used
[1.869s][info   ][gc          ] Heap: 2048M reserved, 2048M (100.00%) committed, 926M (45.23%) used
[1.869s][info   ][gc,metaspace] Metaspace: 1088M reserved, 7040K (0.63%) committed, 6814K (0.61%) used
[1.977s][info   ][gc,heap,exit] Heap
[1.977s][info   ][gc,heap,exit] Epsilon Heap
[1.977s][info   ][gc,heap,exit] Allocation space:
[1.977s][info   ][gc,heap,exit]  space 2097152K,  49% used [0x0000000080000000, 0x00000000bfb61b98, 0x0000000100000000)
[1.977s][info   ][gc,heap,exit]  Metaspace       used 7239K, committed 7488K, reserved 1114112K
[1.977s][info   ][gc,heap,exit]   class space    used 840K, committed 960K, reserved 1048576K
[1.977s][info   ][gc          ] Heap: 2048M reserved, 2048M (100.00%) committed, 1019M (49.77%) used
[1.977s][info   ][gc,metaspace] Metaspace: 1088M reserved, 7488K (0.67%) committed, 7239K (0.65%) used
