[0.017s][info][gc,init] CardTable entry size: 512
[0.018s][info][gc     ] Using G1
[0.033s][info][gc,init] Version: 20+36-2344 (release)
[0.033s][info][gc,init] CPUs: 48 total, 48 available
[0.033s][info][gc,init] Memory: 382G
[0.033s][info][gc,init] Large Page Support: Disabled
[0.033s][info][gc,init] NUMA Support: Disabled
[0.033s][info][gc,init] Compressed Oops: Enabled (Zero based)
[0.033s][info][gc,init] Heap Region Size: 2M
[0.033s][info][gc,init] Heap Min Capacity: 8M
[0.033s][info][gc,init] Heap Initial Capacity: 2G
[0.033s][info][gc,init] Heap Max Capacity: 4G
[0.033s][info][gc,init] Pre-touch: Disabled
[0.041s][info][gc,init] Parallel Workers: 33
[0.041s][info][gc,init] Concurrent Workers: 8
[0.041s][info][gc,init] Concurrent Refinement Workers: 33
[0.041s][info][gc,init] Periodic GC: Disabled
[0.042s][info][gc,metaspace] CDS archive(s) mapped at: [0x0000000800000000-0x0000000800c60000-0x0000000800c60000), size 12976128, SharedBaseAddress: 0x0000000800000000, ArchiveRelocationMode: 0.
[0.042s][info][gc,metaspace] Compressed class space mapped at: 0x0000000801000000-0x0000000841000000, reserved size: 1073741824
[0.042s][info][gc,metaspace] Narrow klass base: 0x0000000800000000, Narrow klass shift: 0, Narrow klass range: 0x100000000
[0.616s][info][gc,start    ] GC(0) Pause Full (System.gc())
[0.618s][info][gc,task     ] GC(0) Using 25 workers of 33 for full compaction
[0.619s][info][gc,phases,start] GC(0) Phase 1: Mark live objects
[0.622s][info][gc,phases      ] GC(0) Phase 1: Mark live objects 3.065ms
[0.622s][info][gc,phases,start] GC(0) Phase 2: Prepare compaction
[0.627s][info][gc,phases      ] GC(0) Phase 2: Prepare compaction 4.282ms
[0.627s][info][gc,phases,start] GC(0) Phase 3: Adjust pointers
[0.630s][info][gc,phases      ] GC(0) Phase 3: Adjust pointers 2.707ms
[0.630s][info][gc,phases,start] GC(0) Phase 4: Compact heap
[0.631s][info][gc,phases      ] GC(0) Phase 4: Compact heap 1.825ms
[0.651s][info][gc,heap        ] GC(0) Eden regions: 25->0(11)
[0.651s][info][gc,heap        ] GC(0) Survivor regions: 0->0(0)
[0.651s][info][gc,heap        ] GC(0) Old regions: 0->25
[0.651s][info][gc,heap        ] GC(0) Archive regions: 0->0
[0.651s][info][gc,heap        ] GC(0) Humongous regions: 0->0
[0.651s][info][gc,metaspace   ] GC(0) Metaspace: 4713K(4928K)->4713K(4928K) NonClass: 4079K(4160K)->4079K(4160K) Class: 633K(768K)->633K(768K)
[0.651s][info][gc             ] GC(0) Pause Full (System.gc()) 50M->2M(168M) 34.714ms
[0.651s][info][gc,cpu         ] GC(0) User=0.03s Sys=0.41s Real=0.03s
[0.653s][info][gc,start       ] GC(1) Pause Young (Normal) (G1 Evacuation Pause)
[0.653s][info][gc,task        ] GC(1) Using 33 workers of 33 for evacuation
[0.655s][info][gc,phases      ] GC(1)   Pre Evacuate Collection Set: 0.1ms
[0.655s][info][gc,phases      ] GC(1)   Merge Heap Roots: 0.1ms
[0.655s][info][gc,phases      ] GC(1)   Evacuate Collection Set: 0.8ms
[0.655s][info][gc,phases      ] GC(1)   Post Evacuate Collection Set: 0.3ms
[0.655s][info][gc,phases      ] GC(1)   Other: 0.4ms
[0.655s][info][gc,heap        ] GC(1) Eden regions: 11->0(49)
[0.655s][info][gc,heap        ] GC(1) Survivor regions: 0->1(2)
[0.655s][info][gc,heap        ] GC(1) Old regions: 25->25
[0.655s][info][gc,heap        ] GC(1) Archive regions: 0->0
[0.655s][info][gc,heap        ] GC(1) Humongous regions: 0->0
[0.655s][info][gc,metaspace   ] GC(1) Metaspace: 4713K(4928K)->4713K(4928K) NonClass: 4080K(4160K)->4080K(4160K) Class: 633K(768K)->633K(768K)
[0.655s][info][gc             ] GC(1) Pause Young (Normal) (G1 Evacuation Pause) 24M->2M(168M) 1.986ms
[0.655s][info][gc,cpu         ] GC(1) User=0.00s Sys=0.00s Real=0.00s
[1.102s][info][gc,start       ] GC(2) Pause Young (Normal) (G1 Evacuation Pause)
[1.102s][info][gc,task        ] GC(2) Using 33 workers of 33 for evacuation
[1.115s][info][gc,phases      ] GC(2)   Pre Evacuate Collection Set: 0.1ms
[1.115s][info][gc,phases      ] GC(2)   Merge Heap Roots: 0.1ms
[1.115s][info][gc,phases      ] GC(2)   Evacuate Collection Set: 12.3ms
[1.116s][info][gc,phases      ] GC(2)   Post Evacuate Collection Set: 0.6ms
[1.116s][info][gc,phases      ] GC(2)   Other: 0.1ms
[1.116s][info][gc,heap        ] GC(2) Eden regions: 49->0(37)
[1.116s][info][gc,heap        ] GC(2) Survivor regions: 1->7(7)
[1.116s][info][gc,heap        ] GC(2) Old regions: 25->25
[1.116s][info][gc,heap        ] GC(2) Archive regions: 0->0
[1.116s][info][gc,heap        ] GC(2) Humongous regions: 0->0
[1.116s][info][gc,metaspace   ] GC(2) Metaspace: 6597K(6784K)->6597K(6784K) NonClass: 5810K(5888K)->5810K(5888K) Class: 787K(896K)->787K(896K)
[1.116s][info][gc             ] GC(2) Pause Young (Normal) (G1 Evacuation Pause) 100M->14M(168M) 13.538ms
[1.116s][info][gc,cpu         ] GC(2) User=0.00s Sys=0.00s Real=0.01s
[1.302s][info][gc,start       ] GC(3) Pause Young (Normal) (G1 Evacuation Pause)
[1.302s][info][gc,task        ] GC(3) Using 33 workers of 33 for evacuation
[1.305s][info][gc,phases      ] GC(3)   Pre Evacuate Collection Set: 0.1ms
[1.305s][info][gc,phases      ] GC(3)   Merge Heap Roots: 0.1ms
[1.305s][info][gc,phases      ] GC(3)   Evacuate Collection Set: 2.1ms
[1.305s][info][gc,phases      ] GC(3)   Post Evacuate Collection Set: 0.4ms
[1.305s][info][gc,phases      ] GC(3)   Other: 0.1ms
[1.305s][info][gc,heap        ] GC(3) Eden regions: 37->0(37)
[1.305s][info][gc,heap        ] GC(3) Survivor regions: 7->6(6)
[1.305s][info][gc,heap        ] GC(3) Old regions: 25->26
[1.305s][info][gc,heap        ] GC(3) Archive regions: 0->0
[1.305s][info][gc,heap        ] GC(3) Humongous regions: 0->0
[1.305s][info][gc,metaspace   ] GC(3) Metaspace: 6671K(6848K)->6671K(6848K) NonClass: 5884K(5952K)->5884K(5952K) Class: 787K(896K)->787K(896K)
[1.305s][info][gc             ] GC(3) Pause Young (Normal) (G1 Evacuation Pause) 88M->14M(168M) 3.088ms
[1.305s][info][gc,cpu         ] GC(3) User=0.00s Sys=0.00s Real=0.00s
[1.427s][info][gc,start       ] GC(4) Pause Young (Normal) (G1 Evacuation Pause)
[1.427s][info][gc,task        ] GC(4) Using 33 workers of 33 for evacuation
[1.434s][info][gc,phases      ] GC(4)   Pre Evacuate Collection Set: 0.1ms
[1.434s][info][gc,phases      ] GC(4)   Merge Heap Roots: 0.1ms
[1.434s][info][gc,phases      ] GC(4)   Evacuate Collection Set: 2.4ms
[1.434s][info][gc,phases      ] GC(4)   Post Evacuate Collection Set: 3.6ms
[1.434s][info][gc,phases      ] GC(4)   Other: 0.1ms
[1.434s][info][gc,heap        ] GC(4) Eden regions: 37->0(171)
[1.434s][info][gc,heap        ] GC(4) Survivor regions: 6->6(6)
[1.434s][info][gc,heap        ] GC(4) Old regions: 26->27
[1.434s][info][gc,heap        ] GC(4) Archive regions: 0->0
[1.434s][info][gc,heap        ] GC(4) Humongous regions: 0->0
[1.434s][info][gc,metaspace   ] GC(4) Metaspace: 6748K(6912K)->6748K(6912K) NonClass: 5961K(6016K)->5961K(6016K) Class: 787K(896K)->787K(896K)
[1.434s][info][gc             ] GC(4) Pause Young (Normal) (G1 Evacuation Pause) 88M->15M(1108M) 6.540ms
[1.434s][info][gc,cpu         ] GC(4) User=0.00s Sys=0.00s Real=0.00s
[1.689s][info][gc,start       ] GC(5) Pause Young (Normal) (G1 Evacuation Pause)
[1.689s][info][gc,task        ] GC(5) Using 33 workers of 33 for evacuation
[1.697s][info][gc,phases      ] GC(5)   Pre Evacuate Collection Set: 0.2ms
[1.697s][info][gc,phases      ] GC(5)   Merge Heap Roots: 0.2ms
[1.697s][info][gc,phases      ] GC(5)   Evacuate Collection Set: 7.6ms
[1.697s][info][gc,phases      ] GC(5)   Post Evacuate Collection Set: 0.5ms
[1.697s][info][gc,phases      ] GC(5)   Other: 0.1ms
[1.697s][info][gc,heap        ] GC(5) Eden regions: 171->0(326)
[1.697s][info][gc,heap        ] GC(5) Survivor regions: 6->6(23)
[1.697s][info][gc,heap        ] GC(5) Old regions: 27->27
[1.697s][info][gc,heap        ] GC(5) Archive regions: 0->0
[1.697s][info][gc,heap        ] GC(5) Humongous regions: 0->0
[1.697s][info][gc,metaspace   ] GC(5) Metaspace: 6839K(7104K)->6839K(7104K) NonClass: 6052K(6208K)->6052K(6208K) Class: 787K(896K)->787K(896K)
[1.697s][info][gc             ] GC(5) Pause Young (Normal) (G1 Evacuation Pause) 357M->15M(1108M) 8.750ms
[1.697s][info][gc,cpu         ] GC(5) User=0.00s Sys=0.00s Real=0.00s
[1.978s][info][gc,heap,exit   ] Heap
[1.978s][info][gc,heap,exit   ]  garbage-first heap   total 1134592K, used 433406K [0x0000000700000000, 0x0000000800000000)
[1.978s][info][gc,heap,exit   ]   region size 2048K, 210 young (430080K), 6 survivors (12288K)
[1.978s][info][gc,heap,exit   ]  Metaspace       used 7263K, committed 7488K, reserved 1114112K
[1.978s][info][gc,heap,exit   ]   class space    used 837K, committed 960K, reserved 1048576K
