[0.017s][info][gc,init] CardTable entry size: 512
[0.018s][info][gc     ] Using G1
[0.031s][info][gc,init] Version: 20+36-2344 (release)
[0.031s][info][gc,init] CPUs: 48 total, 48 available
[0.031s][info][gc,init] Memory: 382G
[0.031s][info][gc,init] Large Page Support: Disabled
[0.031s][info][gc,init] NUMA Support: Disabled
[0.031s][info][gc,init] Compressed Oops: Enabled (32-bit)
[0.031s][info][gc,init] Heap Region Size: 1M
[0.031s][info][gc,init] Heap Min Capacity: 8M
[0.031s][info][gc,init] Heap Initial Capacity: 1G
[0.031s][info][gc,init] Heap Max Capacity: 1G
[0.031s][info][gc,init] Pre-touch: Disabled
[0.043s][info][gc,init] Parallel Workers: 33
[0.043s][info][gc,init] Concurrent Workers: 8
[0.043s][info][gc,init] Concurrent Refinement Workers: 33
[0.043s][info][gc,init] Periodic GC: Disabled
[0.044s][info][gc,metaspace] CDS archive(s) mapped at: [0x0000000800000000-0x0000000800c60000-0x0000000800c60000), size 12976128, SharedBaseAddress: 0x0000000800000000, ArchiveRelocationMode: 0.
[0.044s][info][gc,metaspace] Compressed class space mapped at: 0x0000000801000000-0x0000000841000000, reserved size: 1073741824
[0.044s][info][gc,metaspace] Narrow klass base: 0x0000000800000000, Narrow klass shift: 0, Narrow klass range: 0x100000000
[0.585s][info][gc,start    ] GC(0) Pause Full (System.gc())
[0.587s][info][gc,task     ] GC(0) Using 24 workers of 33 for full compaction
[0.588s][info][gc,phases,start] GC(0) Phase 1: Mark live objects
[0.591s][info][gc,phases      ] GC(0) Phase 1: Mark live objects 2.513ms
[0.591s][info][gc,phases,start] GC(0) Phase 2: Prepare compaction
[0.594s][info][gc,phases      ] GC(0) Phase 2: Prepare compaction 2.878ms
[0.594s][info][gc,phases,start] GC(0) Phase 3: Adjust pointers
[0.596s][info][gc,phases      ] GC(0) Phase 3: Adjust pointers 1.782ms
[0.596s][info][gc,phases,start] GC(0) Phase 4: Compact heap
[0.596s][info][gc,phases      ] GC(0) Phase 4: Compact heap 0.864ms
[0.604s][info][gc,heap        ] GC(0) Eden regions: 33->0(23)
[0.604s][info][gc,heap        ] GC(0) Survivor regions: 0->0(0)
[0.604s][info][gc,heap        ] GC(0) Old regions: 0->24
[0.604s][info][gc,heap        ] GC(0) Archive regions: 0->0
[0.604s][info][gc,heap        ] GC(0) Humongous regions: 0->0
[0.604s][info][gc,metaspace   ] GC(0) Metaspace: 4717K(4928K)->4717K(4928K) NonClass: 4083K(4160K)->4083K(4160K) Class: 633K(768K)->633K(768K)
[0.604s][info][gc             ] GC(0) Pause Full (System.gc()) 32M->2M(80M) 18.685ms
[0.604s][info][gc,cpu         ] GC(0) User=0.02s Sys=0.25s Real=0.02s
[0.689s][info][gc,start       ] GC(1) Pause Young (Normal) (G1 Evacuation Pause)
[0.690s][info][gc,task        ] GC(1) Using 33 workers of 33 for evacuation
[0.702s][info][gc,phases      ] GC(1)   Pre Evacuate Collection Set: 0.2ms
[0.702s][info][gc,phases      ] GC(1)   Merge Heap Roots: 0.2ms
[0.702s][info][gc,phases      ] GC(1)   Evacuate Collection Set: 11.0ms
[0.703s][info][gc,phases      ] GC(1)   Post Evacuate Collection Set: 0.6ms
[0.703s][info][gc,phases      ] GC(1)   Other: 0.8ms
[0.703s][info][gc,heap        ] GC(1) Eden regions: 23->0(18)
[0.703s][info][gc,heap        ] GC(1) Survivor regions: 0->3(3)
[0.703s][info][gc,heap        ] GC(1) Old regions: 24->30
[0.703s][info][gc,heap        ] GC(1) Archive regions: 0->0
[0.703s][info][gc,heap        ] GC(1) Humongous regions: 0->0
[0.703s][info][gc,metaspace   ] GC(1) Metaspace: 5445K(5696K)->5445K(5696K) NonClass: 4711K(4864K)->4711K(4864K) Class: 734K(832K)->734K(832K)
[0.703s][info][gc             ] GC(1) Pause Young (Normal) (G1 Evacuation Pause) 25M->10M(80M) 13.255ms
[0.703s][info][gc,cpu         ] GC(1) User=0.00s Sys=0.00s Real=0.00s
[0.838s][info][gc,start       ] GC(2) Pause Young (Normal) (G1 Evacuation Pause)
[0.838s][info][gc,task        ] GC(2) Using 33 workers of 33 for evacuation
[0.847s][info][gc,phases      ] GC(2)   Pre Evacuate Collection Set: 0.1ms
[0.847s][info][gc,phases      ] GC(2)   Merge Heap Roots: 0.1ms
[0.847s][info][gc,phases      ] GC(2)   Evacuate Collection Set: 8.0ms
[0.847s][info][gc,phases      ] GC(2)   Post Evacuate Collection Set: 0.4ms
[0.847s][info][gc,phases      ] GC(2)   Other: 0.1ms
[0.847s][info][gc,heap        ] GC(2) Eden regions: 18->0(17)
[0.847s][info][gc,heap        ] GC(2) Survivor regions: 3->3(3)
[0.847s][info][gc,heap        ] GC(2) Old regions: 30->35
[0.847s][info][gc,heap        ] GC(2) Archive regions: 0->0
[0.847s][info][gc,heap        ] GC(2) Humongous regions: 0->0
[0.847s][info][gc,metaspace   ] GC(2) Metaspace: 6151K(6272K)->6151K(6272K) NonClass: 5363K(5440K)->5363K(5440K) Class: 787K(832K)->787K(832K)
[0.847s][info][gc             ] GC(2) Pause Young (Normal) (G1 Evacuation Pause) 28M->16M(80M) 9.033ms
[0.847s][info][gc,cpu         ] GC(2) User=0.00s Sys=0.00s Real=0.00s
[0.913s][info][gc,start       ] GC(3) Pause Young (Normal) (G1 Evacuation Pause)
[0.913s][info][gc,task        ] GC(3) Using 33 workers of 33 for evacuation
[0.919s][info][gc,phases      ] GC(3)   Pre Evacuate Collection Set: 0.1ms
[0.919s][info][gc,phases      ] GC(3)   Merge Heap Roots: 0.1ms
[0.919s][info][gc,phases      ] GC(3)   Evacuate Collection Set: 5.5ms
[0.919s][info][gc,phases      ] GC(3)   Post Evacuate Collection Set: 0.3ms
[0.919s][info][gc,phases      ] GC(3)   Other: 0.1ms
[0.919s][info][gc,heap        ] GC(3) Eden regions: 17->0(16)
[0.919s][info][gc,heap        ] GC(3) Survivor regions: 3->3(3)
[0.919s][info][gc,heap        ] GC(3) Old regions: 35->41
[0.919s][info][gc,heap        ] GC(3) Archive regions: 0->0
[0.919s][info][gc,heap        ] GC(3) Humongous regions: 0->0
[0.919s][info][gc,metaspace   ] GC(3) Metaspace: 6292K(6400K)->6292K(6400K) NonClass: 5504K(5568K)->5504K(5568K) Class: 788K(832K)->788K(832K)
[0.919s][info][gc             ] GC(3) Pause Young (Normal) (G1 Evacuation Pause) 33M->21M(80M) 6.317ms
[0.919s][info][gc,cpu         ] GC(3) User=0.00s Sys=0.00s Real=0.00s
[0.967s][info][gc,start       ] GC(4) Pause Young (Concurrent Start) (G1 Evacuation Pause)
[0.967s][info][gc,task        ] GC(4) Using 33 workers of 33 for evacuation
[0.974s][info][gc,phases      ] GC(4)   Pre Evacuate Collection Set: 0.2ms
[0.974s][info][gc,phases      ] GC(4)   Merge Heap Roots: 0.1ms
[0.974s][info][gc,phases      ] GC(4)   Evacuate Collection Set: 3.7ms
[0.974s][info][gc,phases      ] GC(4)   Post Evacuate Collection Set: 2.8ms
[0.974s][info][gc,phases      ] GC(4)   Other: 0.1ms
[0.974s][info][gc,heap        ] GC(4) Eden regions: 16->0(118)
[0.974s][info][gc,heap        ] GC(4) Survivor regions: 3->3(3)
[0.974s][info][gc,heap        ] GC(4) Old regions: 41->45
[0.974s][info][gc,heap        ] GC(4) Archive regions: 0->0
[0.974s][info][gc,heap        ] GC(4) Humongous regions: 0->0
[0.974s][info][gc,metaspace   ] GC(4) Metaspace: 6433K(6592K)->6433K(6592K) NonClass: 5643K(5696K)->5643K(5696K) Class: 789K(896K)->789K(896K)
[0.974s][info][gc             ] GC(4) Pause Young (Concurrent Start) (G1 Evacuation Pause) 37M->26M(552M) 7.113ms
[0.974s][info][gc             ] GC(5) Concurrent Mark Cycle
[0.974s][info][gc,cpu         ] GC(4) User=0.00s Sys=0.00s Real=0.00s
[0.974s][info][gc,marking     ] GC(5) Concurrent Scan Root Regions
[0.977s][info][gc,marking     ] GC(5) Concurrent Scan Root Regions 2.937ms
[0.977s][info][gc,marking     ] GC(5) Concurrent Mark
[0.977s][info][gc,marking     ] GC(5) Concurrent Mark From Roots
[0.977s][info][gc,task        ] GC(5) Using 8 workers of 8 for marking
[1.019s][info][gc,marking     ] GC(5) Concurrent Mark From Roots 41.836ms
[1.019s][info][gc,marking     ] GC(5) Concurrent Preclean
[1.019s][info][gc,marking     ] GC(5) Concurrent Preclean 0.068ms
[1.020s][info][gc,start       ] GC(5) Pause Remark
[1.022s][info][gc             ] GC(5) Pause Remark 40M->40M(210M) 1.726ms
[1.022s][info][gc,cpu         ] GC(5) User=0.00s Sys=0.00s Real=0.00s
[1.023s][info][gc,marking     ] GC(5) Concurrent Mark 45.379ms
[1.023s][info][gc,marking     ] GC(5) Concurrent Rebuild Remembered Sets and Scrub Regions
[1.026s][info][gc,marking     ] GC(5) Concurrent Rebuild Remembered Sets and Scrub Regions 3.024ms
[1.026s][info][gc,start       ] GC(5) Pause Cleanup
[1.026s][info][gc             ] GC(5) Pause Cleanup 42M->42M(210M) 0.201ms
[1.026s][info][gc,cpu         ] GC(5) User=0.00s Sys=0.00s Real=0.00s
[1.029s][info][gc,marking     ] GC(5) Concurrent Clear Claimed Marks
[1.029s][info][gc,marking     ] GC(5) Concurrent Clear Claimed Marks 0.062ms
[1.029s][info][gc,marking     ] GC(5) Concurrent Cleanup for Next Mark
[1.030s][info][gc,marking     ] GC(5) Concurrent Cleanup for Next Mark 0.712ms
[1.030s][info][gc             ] GC(5) Concurrent Mark Cycle 55.309ms
[1.322s][info][gc,start       ] GC(6) Pause Young (Prepare Mixed) (G1 Evacuation Pause)
[1.322s][info][gc,task        ] GC(6) Using 33 workers of 33 for evacuation
[1.334s][info][gc,phases      ] GC(6)   Pre Evacuate Collection Set: 0.2ms
[1.334s][info][gc,phases      ] GC(6)   Merge Heap Roots: 0.1ms
[1.334s][info][gc,phases      ] GC(6)   Evacuate Collection Set: 11.4ms
[1.334s][info][gc,phases      ] GC(6)   Post Evacuate Collection Set: 0.6ms
[1.334s][info][gc,phases      ] GC(6)   Other: 0.1ms
[1.334s][info][gc,heap        ] GC(6) Eden regions: 118->0(107)
[1.334s][info][gc,heap        ] GC(6) Survivor regions: 3->14(16)
[1.334s][info][gc,heap        ] GC(6) Old regions: 45->45
[1.334s][info][gc,heap        ] GC(6) Archive regions: 0->0
[1.334s][info][gc,heap        ] GC(6) Humongous regions: 0->0
[1.334s][info][gc,metaspace   ] GC(6) Metaspace: 6654K(6848K)->6654K(6848K) NonClass: 5863K(5952K)->5863K(5952K) Class: 791K(896K)->791K(896K)
[1.334s][info][gc             ] GC(6) Pause Young (Prepare Mixed) (G1 Evacuation Pause) 144M->36M(210M) 12.671ms
[1.334s][info][gc,cpu         ] GC(6) User=0.00s Sys=0.00s Real=0.00s
[1.450s][info][gc,start       ] GC(7) Pause Young (Mixed) (G1 Evacuation Pause)
[1.450s][info][gc,task        ] GC(7) Using 33 workers of 33 for evacuation
[1.454s][info][gc,phases      ] GC(7)   Pre Evacuate Collection Set: 0.2ms
[1.454s][info][gc,phases      ] GC(7)   Merge Heap Roots: 0.1ms
[1.454s][info][gc,phases      ] GC(7)   Evacuate Collection Set: 2.9ms
[1.454s][info][gc,phases      ] GC(7)   Post Evacuate Collection Set: 0.5ms
[1.454s][info][gc,phases      ] GC(7)   Other: 0.1ms
[1.454s][info][gc,heap        ] GC(7) Eden regions: 107->0(115)
[1.454s][info][gc,heap        ] GC(7) Survivor regions: 14->11(16)
[1.454s][info][gc,heap        ] GC(7) Old regions: 45->30
[1.454s][info][gc,heap        ] GC(7) Archive regions: 0->0
[1.454s][info][gc,heap        ] GC(7) Humongous regions: 0->0
[1.454s][info][gc,metaspace   ] GC(7) Metaspace: 6718K(6912K)->6718K(6912K) NonClass: 5926K(6016K)->5926K(6016K) Class: 791K(896K)->791K(896K)
[1.454s][info][gc             ] GC(7) Pause Young (Mixed) (G1 Evacuation Pause) 143M->36M(210M) 4.055ms
[1.454s][info][gc,cpu         ] GC(7) User=0.00s Sys=0.00s Real=0.00s
[1.530s][info][gc,start       ] GC(8) Pause Young (Normal) (G1 Evacuation Pause)
[1.530s][info][gc,task        ] GC(8) Using 33 workers of 33 for evacuation
[1.532s][info][gc,phases      ] GC(8)   Pre Evacuate Collection Set: 0.1ms
[1.532s][info][gc,phases      ] GC(8)   Merge Heap Roots: 0.1ms
[1.532s][info][gc,phases      ] GC(8)   Evacuate Collection Set: 1.3ms
[1.532s][info][gc,phases      ] GC(8)   Post Evacuate Collection Set: 0.5ms
[1.532s][info][gc,phases      ] GC(8)   Other: 0.1ms
[1.532s][info][gc,heap        ] GC(8) Eden regions: 115->0(114)
[1.532s][info][gc,heap        ] GC(8) Survivor regions: 11->12(16)
[1.532s][info][gc,heap        ] GC(8) Old regions: 30->30
[1.532s][info][gc,heap        ] GC(8) Archive regions: 0->0
[1.532s][info][gc,heap        ] GC(8) Humongous regions: 0->0
[1.532s][info][gc,metaspace   ] GC(8) Metaspace: 6793K(6976K)->6793K(6976K) NonClass: 6001K(6080K)->6001K(6080K) Class: 791K(896K)->791K(896K)
[1.532s][info][gc             ] GC(8) Pause Young (Normal) (G1 Evacuation Pause) 151M->36M(210M) 2.372ms
[1.532s][info][gc,cpu         ] GC(8) User=0.00s Sys=0.00s Real=0.00s
[1.598s][info][gc,start       ] GC(9) Pause Young (Normal) (G1 Evacuation Pause)
[1.598s][info][gc,task        ] GC(9) Using 33 workers of 33 for evacuation
[1.600s][info][gc,phases      ] GC(9)   Pre Evacuate Collection Set: 0.1ms
[1.600s][info][gc,phases      ] GC(9)   Merge Heap Roots: 0.1ms
[1.600s][info][gc,phases      ] GC(9)   Evacuate Collection Set: 1.3ms
[1.600s][info][gc,phases      ] GC(9)   Post Evacuate Collection Set: 0.5ms
[1.600s][info][gc,phases      ] GC(9)   Other: 0.1ms
[1.600s][info][gc,heap        ] GC(9) Eden regions: 114->0(115)
[1.600s][info][gc,heap        ] GC(9) Survivor regions: 12->11(16)
[1.600s][info][gc,heap        ] GC(9) Old regions: 30->30
[1.600s][info][gc,heap        ] GC(9) Archive regions: 0->0
[1.600s][info][gc,heap        ] GC(9) Humongous regions: 0->0
[1.600s][info][gc,metaspace   ] GC(9) Metaspace: 6811K(7040K)->6811K(7040K) NonClass: 6019K(6144K)->6019K(6144K) Class: 791K(896K)->791K(896K)
[1.600s][info][gc             ] GC(9) Pause Young (Normal) (G1 Evacuation Pause) 150M->36M(210M) 2.272ms
[1.600s][info][gc,cpu         ] GC(9) User=0.53s Sys=0.02s Real=0.00s
[1.659s][info][gc,start       ] GC(10) Pause Young (Normal) (G1 Evacuation Pause)
[1.659s][info][gc,task        ] GC(10) Using 33 workers of 33 for evacuation
[1.661s][info][gc,phases      ] GC(10)   Pre Evacuate Collection Set: 0.1ms
[1.661s][info][gc,phases      ] GC(10)   Merge Heap Roots: 0.1ms
[1.661s][info][gc,phases      ] GC(10)   Evacuate Collection Set: 1.3ms
[1.661s][info][gc,phases      ] GC(10)   Post Evacuate Collection Set: 0.5ms
[1.662s][info][gc,phases      ] GC(10)   Other: 0.1ms
[1.662s][info][gc,heap        ] GC(10) Eden regions: 115->0(114)
[1.662s][info][gc,heap        ] GC(10) Survivor regions: 11->12(16)
[1.662s][info][gc,heap        ] GC(10) Old regions: 30->31
[1.662s][info][gc,heap        ] GC(10) Archive regions: 0->0
[1.662s][info][gc,heap        ] GC(10) Humongous regions: 0->0
[1.662s][info][gc,metaspace   ] GC(10) Metaspace: 6814K(7040K)->6814K(7040K) NonClass: 6022K(6144K)->6022K(6144K) Class: 791K(896K)->791K(896K)
[1.662s][info][gc             ] GC(10) Pause Young (Normal) (G1 Evacuation Pause) 151M->36M(210M) 2.391ms
[1.662s][info][gc,cpu         ] GC(10) User=0.00s Sys=0.00s Real=0.00s
[1.721s][info][gc,start       ] GC(11) Pause Young (Normal) (G1 Evacuation Pause)
[1.721s][info][gc,task        ] GC(11) Using 33 workers of 33 for evacuation
[1.723s][info][gc,phases      ] GC(11)   Pre Evacuate Collection Set: 0.1ms
[1.723s][info][gc,phases      ] GC(11)   Merge Heap Roots: 0.1ms
[1.723s][info][gc,phases      ] GC(11)   Evacuate Collection Set: 1.1ms
[1.723s][info][gc,phases      ] GC(11)   Post Evacuate Collection Set: 0.4ms
[1.723s][info][gc,phases      ] GC(11)   Other: 0.1ms
[1.723s][info][gc,heap        ] GC(11) Eden regions: 114->0(115)
[1.723s][info][gc,heap        ] GC(11) Survivor regions: 12->11(16)
[1.723s][info][gc,heap        ] GC(11) Old regions: 31->31
[1.723s][info][gc,heap        ] GC(11) Archive regions: 0->0
[1.723s][info][gc,heap        ] GC(11) Humongous regions: 0->0
[1.723s][info][gc,metaspace   ] GC(11) Metaspace: 6814K(7040K)->6814K(7040K) NonClass: 6022K(6144K)->6022K(6144K) Class: 791K(896K)->791K(896K)
[1.723s][info][gc             ] GC(11) Pause Young (Normal) (G1 Evacuation Pause) 150M->36M(210M) 2.122ms
[1.723s][info][gc,cpu         ] GC(11) User=0.00s Sys=0.00s Real=0.00s
[1.782s][info][gc,start       ] GC(12) Pause Young (Normal) (G1 Evacuation Pause)
[1.782s][info][gc,task        ] GC(12) Using 33 workers of 33 for evacuation
[1.784s][info][gc,phases      ] GC(12)   Pre Evacuate Collection Set: 0.2ms
[1.784s][info][gc,phases      ] GC(12)   Merge Heap Roots: 0.1ms
[1.784s][info][gc,phases      ] GC(12)   Evacuate Collection Set: 1.3ms
[1.784s][info][gc,phases      ] GC(12)   Post Evacuate Collection Set: 0.5ms
[1.784s][info][gc,phases      ] GC(12)   Other: 0.1ms
[1.784s][info][gc,heap        ] GC(12) Eden regions: 115->0(114)
[1.784s][info][gc,heap        ] GC(12) Survivor regions: 11->12(16)
[1.784s][info][gc,heap        ] GC(12) Old regions: 31->31
[1.785s][info][gc,heap        ] GC(12) Archive regions: 0->0
[1.785s][info][gc,heap        ] GC(12) Humongous regions: 0->0
[1.785s][info][gc,metaspace   ] GC(12) Metaspace: 6814K(7040K)->6814K(7040K) NonClass: 6022K(6144K)->6022K(6144K) Class: 791K(896K)->791K(896K)
[1.785s][info][gc             ] GC(12) Pause Young (Normal) (G1 Evacuation Pause) 151M->37M(210M) 2.466ms
[1.785s][info][gc,cpu         ] GC(12) User=0.00s Sys=0.00s Real=0.00s
[1.847s][info][gc,start       ] GC(13) Pause Young (Normal) (G1 Evacuation Pause)
[1.848s][info][gc,task        ] GC(13) Using 30 workers of 33 for evacuation
[1.849s][info][gc,phases      ] GC(13)   Pre Evacuate Collection Set: 0.1ms
[1.849s][info][gc,phases      ] GC(13)   Merge Heap Roots: 0.1ms
[1.849s][info][gc,phases      ] GC(13)   Evacuate Collection Set: 0.6ms
[1.849s][info][gc,phases      ] GC(13)   Post Evacuate Collection Set: 0.3ms
[1.849s][info][gc,phases      ] GC(13)   Other: 0.1ms
[1.849s][info][gc,heap        ] GC(13) Eden regions: 114->0(121)
[1.849s][info][gc,heap        ] GC(13) Survivor regions: 12->5(16)
[1.849s][info][gc,heap        ] GC(13) Old regions: 31->31
[1.849s][info][gc,heap        ] GC(13) Archive regions: 0->0
[1.849s][info][gc,heap        ] GC(13) Humongous regions: 0->0
[1.849s][info][gc,metaspace   ] GC(13) Metaspace: 6815K(7040K)->6815K(7040K) NonClass: 6023K(6144K)->6023K(6144K) Class: 791K(896K)->791K(896K)
[1.849s][info][gc             ] GC(13) Pause Young (Normal) (G1 Evacuation Pause) 151M->29M(210M) 1.486ms
[1.849s][info][gc,cpu         ] GC(13) User=0.00s Sys=0.00s Real=0.00s
[1.883s][info][gc,heap,exit   ] Heap
[1.883s][info][gc,heap,exit   ]  garbage-first heap   total 215040K, used 34460K [0x00000000c0000000, 0x0000000100000000)
[1.883s][info][gc,heap,exit   ]   region size 1024K, 10 young (10240K), 5 survivors (5120K)
[1.883s][info][gc,heap,exit   ]  Metaspace       used 7239K, committed 7488K, reserved 1114112K
[1.883s][info][gc,heap,exit   ]   class space    used 841K, committed 960K, reserved 1048576K
