[0.018s][info][gc,init] CardTable entry size: 512
[0.019s][info][gc     ] Using G1
[0.027s][info][gc,init] Version: 20+36-2344 (release)
[0.027s][info][gc,init] CPUs: 48 total, 48 available
[0.027s][info][gc,init] Memory: 382G
[0.027s][info][gc,init] Large Page Support: Disabled
[0.027s][info][gc,init] NUMA Support: Disabled
[0.027s][info][gc,init] Compressed Oops: Enabled (32-bit)
[0.027s][info][gc,init] Heap Region Size: 1M
[0.027s][info][gc,init] Heap Min Capacity: 8M
[0.027s][info][gc,init] Heap Initial Capacity: 512M
[0.027s][info][gc,init] Heap Max Capacity: 512M
[0.027s][info][gc,init] Pre-touch: Disabled
[0.035s][info][gc,init] Parallel Workers: 33
[0.035s][info][gc,init] Concurrent Workers: 8
[0.035s][info][gc,init] Concurrent Refinement Workers: 33
[0.035s][info][gc,init] Periodic GC: Disabled
[0.036s][info][gc,metaspace] CDS archive(s) mapped at: [0x0000000800000000-0x0000000800c60000-0x0000000800c60000), size 12976128, SharedBaseAddress: 0x0000000800000000, ArchiveRelocationMode: 0.
[0.036s][info][gc,metaspace] Compressed class space mapped at: 0x0000000801000000-0x0000000841000000, reserved size: 1073741824
[0.036s][info][gc,metaspace] Narrow klass base: 0x0000000800000000, Narrow klass shift: 0, Narrow klass range: 0x100000000
[0.614s][info][gc,start    ] GC(0) Pause Young (Normal) (G1 Evacuation Pause)
[0.616s][info][gc,task     ] GC(0) Using 33 workers of 33 for evacuation
[0.621s][info][gc,phases   ] GC(0)   Pre Evacuate Collection Set: 0.2ms
[0.621s][info][gc,phases   ] GC(0)   Merge Heap Roots: 0.1ms
[0.621s][info][gc,phases   ] GC(0)   Evacuate Collection Set: 3.3ms
[0.621s][info][gc,phases   ] GC(0)   Post Evacuate Collection Set: 1.0ms
[0.621s][info][gc,phases   ] GC(0)   Other: 2.1ms
[0.621s][info][gc,heap     ] GC(0) Eden regions: 25->0(36)
[0.621s][info][gc,heap     ] GC(0) Survivor regions: 0->3(4)
[0.621s][info][gc,heap     ] GC(0) Old regions: 0->0
[0.621s][info][gc,heap     ] GC(0) Archive regions: 0->0
[0.621s][info][gc,heap     ] GC(0) Humongous regions: 0->0
[0.621s][info][gc,metaspace] GC(0) Metaspace: 4717K(4928K)->4717K(4928K) NonClass: 4084K(4160K)->4084K(4160K) Class: 633K(768K)->633K(768K)
[0.621s][info][gc          ] GC(0) Pause Young (Normal) (G1 Evacuation Pause) 25M->2M(512M) 7.441ms
[0.621s][info][gc,cpu      ] GC(0) User=0.00s Sys=0.00s Real=0.00s
[0.623s][info][gc,start    ] GC(1) Pause Full (System.gc())
[0.624s][info][gc,task     ] GC(1) Using 6 workers of 33 for full compaction
[0.624s][info][gc,phases,start] GC(1) Phase 1: Mark live objects
[0.626s][info][gc,phases      ] GC(1) Phase 1: Mark live objects 2.347ms
[0.627s][info][gc,phases,start] GC(1) Phase 2: Prepare compaction
[0.627s][info][gc,phases      ] GC(1) Phase 2: Prepare compaction 0.790ms
[0.627s][info][gc,phases,start] GC(1) Phase 3: Adjust pointers
[0.628s][info][gc,phases      ] GC(1) Phase 3: Adjust pointers 1.109ms
[0.629s][info][gc,phases,start] GC(1) Phase 4: Compact heap
[0.630s][info][gc,phases      ] GC(1) Phase 4: Compact heap 1.426ms
[0.635s][info][gc,heap        ] GC(1) Eden regions: 3->0(8)
[0.635s][info][gc,heap        ] GC(1) Survivor regions: 3->0(4)
[0.635s][info][gc,heap        ] GC(1) Old regions: 0->4
[0.635s][info][gc,heap        ] GC(1) Archive regions: 0->0
[0.635s][info][gc,heap        ] GC(1) Humongous regions: 0->0
[0.635s][info][gc,metaspace   ] GC(1) Metaspace: 4719K(4928K)->4719K(4928K) NonClass: 4085K(4160K)->4085K(4160K) Class: 633K(768K)->633K(768K)
[0.635s][info][gc             ] GC(1) Pause Full (System.gc()) 4M->2M(14M) 11.291ms
[0.635s][info][gc,cpu         ] GC(1) User=0.00s Sys=0.00s Real=0.00s
[0.643s][info][gc,start       ] GC(2) Pause Young (Normal) (GCLocker Initiated GC)
[0.643s][info][gc,task        ] GC(2) Using 33 workers of 33 for evacuation
[0.646s][info][gc,phases      ] GC(2)   Pre Evacuate Collection Set: 0.1ms
[0.646s][info][gc,phases      ] GC(2)   Merge Heap Roots: 0.1ms
[0.646s][info][gc,phases      ] GC(2)   Evacuate Collection Set: 1.7ms
[0.646s][info][gc,phases      ] GC(2)   Post Evacuate Collection Set: 0.5ms
[0.646s][info][gc,phases      ] GC(2)   Other: 0.1ms
[0.646s][info][gc,heap        ] GC(2) Eden regions: 8->0(7)
[0.646s][info][gc,heap        ] GC(2) Survivor regions: 0->1(1)
[0.646s][info][gc,heap        ] GC(2) Old regions: 4->4
[0.646s][info][gc,heap        ] GC(2) Archive regions: 0->0
[0.646s][info][gc,heap        ] GC(2) Humongous regions: 0->0
[0.646s][info][gc,metaspace   ] GC(2) Metaspace: 4781K(4992K)->4781K(4992K) NonClass: 4139K(4224K)->4139K(4224K) Class: 641K(768K)->641K(768K)
[0.646s][info][gc             ] GC(2) Pause Young (Normal) (GCLocker Initiated GC) 10M->2M(14M) 3.035ms
[0.646s][info][gc,cpu         ] GC(2) User=0.00s Sys=0.00s Real=0.00s
[0.689s][info][gc,start       ] GC(3) Pause Young (Normal) (G1 Evacuation Pause)
[0.689s][info][gc,task        ] GC(3) Using 33 workers of 33 for evacuation
[0.694s][info][gc,phases      ] GC(3)   Pre Evacuate Collection Set: 0.1ms
[0.694s][info][gc,phases      ] GC(3)   Merge Heap Roots: 0.1ms
[0.694s][info][gc,phases      ] GC(3)   Evacuate Collection Set: 3.5ms
[0.694s][info][gc,phases      ] GC(3)   Post Evacuate Collection Set: 0.5ms
[0.694s][info][gc,phases      ] GC(3)   Other: 0.1ms
[0.694s][info][gc,heap        ] GC(3) Eden regions: 7->0(4)
[0.694s][info][gc,heap        ] GC(3) Survivor regions: 1->1(1)
[0.694s][info][gc,heap        ] GC(3) Old regions: 4->6
[0.694s][info][gc,heap        ] GC(3) Archive regions: 0->0
[0.694s][info][gc,heap        ] GC(3) Humongous regions: 0->0
[0.694s][info][gc,metaspace   ] GC(3) Metaspace: 5079K(5248K)->5079K(5248K) NonClass: 4407K(4480K)->4407K(4480K) Class: 671K(768K)->671K(768K)
[0.694s][info][gc             ] GC(3) Pause Young (Normal) (G1 Evacuation Pause) 9M->4M(15M) 4.555ms
[0.694s][info][gc,cpu         ] GC(3) User=0.00s Sys=0.00s Real=0.00s
[0.697s][info][gc,start       ] GC(4) Pause Young (Normal) (G1 Evacuation Pause)
[0.697s][info][gc,task        ] GC(4) Using 33 workers of 33 for evacuation
[0.699s][info][gc,phases      ] GC(4)   Pre Evacuate Collection Set: 0.1ms
[0.699s][info][gc,phases      ] GC(4)   Merge Heap Roots: 0.1ms
[0.699s][info][gc,phases      ] GC(4)   Evacuate Collection Set: 1.7ms
[0.699s][info][gc,phases      ] GC(4)   Post Evacuate Collection Set: 0.3ms
[0.699s][info][gc,phases      ] GC(4)   Other: 0.1ms
[0.699s][info][gc,heap        ] GC(4) Eden regions: 4->0(1)
[0.699s][info][gc,heap        ] GC(4) Survivor regions: 1->1(1)
[0.699s][info][gc,heap        ] GC(4) Old regions: 6->10
[0.699s][info][gc,heap        ] GC(4) Archive regions: 0->0
[0.699s][info][gc,heap        ] GC(4) Humongous regions: 0->0
[0.699s][info][gc,metaspace   ] GC(4) Metaspace: 5101K(5248K)->5101K(5248K) NonClass: 4426K(4480K)->4426K(4480K) Class: 674K(768K)->674K(768K)
[0.699s][info][gc             ] GC(4) Pause Young (Normal) (G1 Evacuation Pause) 8M->8M(16M) 2.460ms
[0.699s][info][gc,cpu         ] GC(4) User=0.00s Sys=0.00s Real=0.00s
[0.700s][info][gc,start       ] GC(5) Pause Young (Concurrent Start) (G1 Evacuation Pause)
[0.700s][info][gc,task        ] GC(5) Using 33 workers of 33 for evacuation
[0.704s][info][gc,phases      ] GC(5)   Pre Evacuate Collection Set: 0.1ms
[0.704s][info][gc,phases      ] GC(5)   Merge Heap Roots: 0.1ms
[0.704s][info][gc,phases      ] GC(5)   Evacuate Collection Set: 1.0ms
[0.704s][info][gc,phases      ] GC(5)   Post Evacuate Collection Set: 2.0ms
[0.704s][info][gc,phases      ] GC(5)   Other: 0.1ms
[0.704s][info][gc,heap        ] GC(5) Eden regions: 1->0(69)
[0.704s][info][gc,heap        ] GC(5) Survivor regions: 1->1(1)
[0.704s][info][gc,heap        ] GC(5) Old regions: 10->11
[0.704s][info][gc,heap        ] GC(5) Archive regions: 0->0
[0.704s][info][gc,heap        ] GC(5) Humongous regions: 0->0
[0.704s][info][gc,metaspace   ] GC(5) Metaspace: 5111K(5248K)->5111K(5248K) NonClass: 4434K(4480K)->4434K(4480K) Class: 676K(768K)->676K(768K)
[0.704s][info][gc             ] GC(5) Pause Young (Concurrent Start) (G1 Evacuation Pause) 9M->9M(264M) 3.503ms
[0.704s][info][gc             ] GC(6) Concurrent Mark Cycle
[0.704s][info][gc,cpu         ] GC(5) User=0.00s Sys=0.00s Real=0.00s
[0.704s][info][gc,marking     ] GC(6) Concurrent Scan Root Regions
[0.706s][info][gc,marking     ] GC(6) Concurrent Scan Root Regions 1.743ms
[0.706s][info][gc,marking     ] GC(6) Concurrent Mark
[0.706s][info][gc,marking     ] GC(6) Concurrent Mark From Roots
[0.706s][info][gc,task        ] GC(6) Using 8 workers of 8 for marking
[0.708s][info][gc,marking     ] GC(6) Concurrent Mark From Roots 1.988ms
[0.708s][info][gc,marking     ] GC(6) Concurrent Preclean
[0.708s][info][gc,marking     ] GC(6) Concurrent Preclean 0.031ms
[0.708s][info][gc,start       ] GC(6) Pause Remark
[0.709s][info][gc             ] GC(6) Pause Remark 9M->9M(44M) 1.345ms
[0.709s][info][gc,cpu         ] GC(6) User=0.00s Sys=0.00s Real=0.00s
[0.709s][info][gc,marking     ] GC(6) Concurrent Mark 3.702ms
[0.709s][info][gc,marking     ] GC(6) Concurrent Rebuild Remembered Sets and Scrub Regions
[0.710s][info][gc,marking     ] GC(6) Concurrent Rebuild Remembered Sets and Scrub Regions 1.072ms
[0.711s][info][gc,start       ] GC(6) Pause Cleanup
[0.711s][info][gc             ] GC(6) Pause Cleanup 9M->9M(44M) 0.107ms
[0.711s][info][gc,cpu         ] GC(6) User=0.00s Sys=0.00s Real=0.00s
[0.711s][info][gc,marking     ] GC(6) Concurrent Clear Claimed Marks
[0.711s][info][gc,marking     ] GC(6) Concurrent Clear Claimed Marks 0.021ms
[0.711s][info][gc,marking     ] GC(6) Concurrent Cleanup for Next Mark
[0.711s][info][gc,marking     ] GC(6) Concurrent Cleanup for Next Mark 0.298ms
[0.711s][info][gc             ] GC(6) Concurrent Mark Cycle 7.266ms
[0.932s][info][gc,start       ] GC(7) Pause Young (Prepare Mixed) (G1 Evacuation Pause)
[0.932s][info][gc,task        ] GC(7) Using 33 workers of 33 for evacuation
[0.942s][info][gc,phases      ] GC(7)   Pre Evacuate Collection Set: 0.1ms
[0.943s][info][gc,phases      ] GC(7)   Merge Heap Roots: 0.1ms
[0.943s][info][gc,phases      ] GC(7)   Evacuate Collection Set: 9.9ms
[0.943s][info][gc,phases      ] GC(7)   Post Evacuate Collection Set: 0.4ms
[0.943s][info][gc,phases      ] GC(7)   Other: 0.1ms
[0.943s][info][gc,heap        ] GC(7) Eden regions: 32->0(14)
[0.943s][info][gc,heap        ] GC(7) Survivor regions: 1->9(9)
[0.943s][info][gc,heap        ] GC(7) Old regions: 11->12
[0.943s][info][gc,heap        ] GC(7) Archive regions: 0->0
[0.943s][info][gc,heap        ] GC(7) Humongous regions: 0->0
[0.943s][info][gc,metaspace   ] GC(7) Metaspace: 6270K(6400K)->6270K(6400K) NonClass: 5485K(5568K)->5485K(5568K) Class: 784K(832K)->784K(832K)
[0.943s][info][gc             ] GC(7) Pause Young (Prepare Mixed) (G1 Evacuation Pause) 41M->18M(54M) 10.878ms
[0.943s][info][gc,cpu         ] GC(7) User=0.00s Sys=0.00s Real=0.00s
[0.976s][info][gc,start       ] GC(8) Pause Young (Mixed) (G1 Evacuation Pause)
[0.976s][info][gc,task        ] GC(8) Using 33 workers of 33 for evacuation
[0.978s][info][gc,phases      ] GC(8)   Pre Evacuate Collection Set: 0.1ms
[0.978s][info][gc,phases      ] GC(8)   Merge Heap Roots: 0.1ms
[0.979s][info][gc,phases      ] GC(8)   Evacuate Collection Set: 1.6ms
[0.979s][info][gc,phases      ] GC(8)   Post Evacuate Collection Set: 0.4ms
[0.979s][info][gc,phases      ] GC(8)   Other: 0.1ms
[0.979s][info][gc,heap        ] GC(8) Eden regions: 14->0(13)
[0.979s][info][gc,heap        ] GC(8) Survivor regions: 9->3(3)
[0.979s][info][gc,heap        ] GC(8) Old regions: 12->20
[0.979s][info][gc,heap        ] GC(8) Archive regions: 0->0
[0.979s][info][gc,heap        ] GC(8) Humongous regions: 0->0
[0.979s][info][gc,metaspace   ] GC(8) Metaspace: 6373K(6464K)->6373K(6464K) NonClass: 5588K(5632K)->5588K(5632K) Class: 784K(832K)->784K(832K)
[0.979s][info][gc             ] GC(8) Pause Young (Mixed) (G1 Evacuation Pause) 32M->20M(54M) 2.495ms
[0.979s][info][gc,cpu         ] GC(8) User=0.00s Sys=0.00s Real=0.00s
[1.025s][info][gc,start       ] GC(9) Pause Young (Normal) (G1 Evacuation Pause)
[1.025s][info][gc,task        ] GC(9) Using 33 workers of 33 for evacuation
[1.027s][info][gc,phases      ] GC(9)   Pre Evacuate Collection Set: 0.1ms
[1.027s][info][gc,phases      ] GC(9)   Merge Heap Roots: 0.1ms
[1.027s][info][gc,phases      ] GC(9)   Evacuate Collection Set: 1.5ms
[1.027s][info][gc,phases      ] GC(9)   Post Evacuate Collection Set: 0.4ms
[1.027s][info][gc,phases      ] GC(9)   Other: 0.1ms
[1.027s][info][gc,heap        ] GC(9) Eden regions: 13->0(11)
[1.027s][info][gc,heap        ] GC(9) Survivor regions: 3->2(2)
[1.027s][info][gc,heap        ] GC(9) Old regions: 20->26
[1.027s][info][gc,heap        ] GC(9) Archive regions: 0->0
[1.027s][info][gc,heap        ] GC(9) Humongous regions: 0->0
[1.027s][info][gc,metaspace   ] GC(9) Metaspace: 6463K(6720K)->6463K(6720K) NonClass: 5677K(5824K)->5677K(5824K) Class: 786K(896K)->786K(896K)
[1.027s][info][gc             ] GC(9) Pause Young (Normal) (G1 Evacuation Pause) 33M->25M(54M) 2.376ms
[1.027s][info][gc,cpu         ] GC(9) User=0.00s Sys=0.00s Real=0.00s
[1.061s][info][gc,start       ] GC(10) Pause Young (Concurrent Start) (G1 Evacuation Pause)
[1.061s][info][gc,task        ] GC(10) Using 33 workers of 33 for evacuation
[1.064s][info][gc,phases      ] GC(10)   Pre Evacuate Collection Set: 0.2ms
[1.064s][info][gc,phases      ] GC(10)   Merge Heap Roots: 0.1ms
[1.064s][info][gc,phases      ] GC(10)   Evacuate Collection Set: 1.0ms
[1.064s][info][gc,phases      ] GC(10)   Post Evacuate Collection Set: 1.7ms
[1.064s][info][gc,phases      ] GC(10)   Other: 0.1ms
[1.064s][info][gc,heap        ] GC(10) Eden regions: 11->0(135)
[1.064s][info][gc,heap        ] GC(10) Survivor regions: 2->2(2)
[1.064s][info][gc,heap        ] GC(10) Old regions: 26->29
[1.064s][info][gc,heap        ] GC(10) Archive regions: 0->0
[1.064s][info][gc,heap        ] GC(10) Humongous regions: 0->0
[1.064s][info][gc,metaspace   ] GC(10) Metaspace: 6525K(6720K)->6525K(6720K) NonClass: 5739K(5824K)->5739K(5824K) Class: 786K(896K)->786K(896K)
[1.064s][info][gc             ] GC(10) Pause Young (Concurrent Start) (G1 Evacuation Pause) 36M->28M(283M) 3.323ms
[1.064s][info][gc             ] GC(11) Concurrent Mark Cycle
[1.064s][info][gc,cpu         ] GC(10) User=0.00s Sys=0.00s Real=0.00s
[1.064s][info][gc,marking     ] GC(11) Concurrent Scan Root Regions
[1.065s][info][gc,marking     ] GC(11) Concurrent Scan Root Regions 0.829ms
[1.065s][info][gc,marking     ] GC(11) Concurrent Mark
[1.065s][info][gc,marking     ] GC(11) Concurrent Mark From Roots
[1.065s][info][gc,task        ] GC(11) Using 8 workers of 8 for marking
[1.070s][info][gc,marking     ] GC(11) Concurrent Mark From Roots 4.312ms
[1.070s][info][gc,marking     ] GC(11) Concurrent Preclean
[1.070s][info][gc,marking     ] GC(11) Concurrent Preclean 0.052ms
[1.070s][info][gc,start       ] GC(11) Pause Remark
[1.071s][info][gc             ] GC(11) Pause Remark 30M->30M(110M) 1.402ms
[1.071s][info][gc,cpu         ] GC(11) User=0.00s Sys=0.00s Real=0.00s
[1.072s][info][gc,marking     ] GC(11) Concurrent Mark 6.974ms
[1.072s][info][gc,marking     ] GC(11) Concurrent Rebuild Remembered Sets and Scrub Regions
[1.074s][info][gc,marking     ] GC(11) Concurrent Rebuild Remembered Sets and Scrub Regions 2.111ms
[1.075s][info][gc,start       ] GC(11) Pause Cleanup
[1.075s][info][gc             ] GC(11) Pause Cleanup 31M->31M(110M) 0.127ms
[1.075s][info][gc,cpu         ] GC(11) User=0.00s Sys=0.00s Real=0.00s
[1.075s][info][gc,marking     ] GC(11) Concurrent Clear Claimed Marks
[1.075s][info][gc,marking     ] GC(11) Concurrent Clear Claimed Marks 0.057ms
[1.075s][info][gc,marking     ] GC(11) Concurrent Cleanup for Next Mark
[1.076s][info][gc,marking     ] GC(11) Concurrent Cleanup for Next Mark 0.821ms
[1.076s][info][gc             ] GC(11) Concurrent Mark Cycle 11.539ms
[1.296s][info][gc,start       ] GC(12) Pause Young (Prepare Mixed) (G1 Evacuation Pause)
[1.297s][info][gc,task        ] GC(12) Using 33 workers of 33 for evacuation
[1.309s][info][gc,phases      ] GC(12)   Pre Evacuate Collection Set: 0.1ms
[1.309s][info][gc,phases      ] GC(12)   Merge Heap Roots: 0.1ms
[1.309s][info][gc,phases      ] GC(12)   Evacuate Collection Set: 11.7ms
[1.309s][info][gc,phases      ] GC(12)   Post Evacuate Collection Set: 0.4ms
[1.309s][info][gc,phases      ] GC(12)   Other: 0.1ms
[1.309s][info][gc,heap        ] GC(12) Eden regions: 79->0(46)
[1.309s][info][gc,heap        ] GC(12) Survivor regions: 2->14(18)
[1.309s][info][gc,heap        ] GC(12) Old regions: 29->29
[1.309s][info][gc,heap        ] GC(12) Archive regions: 0->0
[1.309s][info][gc,heap        ] GC(12) Humongous regions: 0->0
[1.309s][info][gc,metaspace   ] GC(12) Metaspace: 6646K(6848K)->6646K(6848K) NonClass: 5859K(5952K)->5859K(5952K) Class: 787K(896K)->787K(896K)
[1.309s][info][gc             ] GC(12) Pause Young (Prepare Mixed) (G1 Evacuation Pause) 107M->40M(124M) 12.842ms
[1.309s][info][gc,cpu         ] GC(12) User=0.00s Sys=0.00s Real=0.00s
[1.432s][info][gc,start       ] GC(13) Pause Young (Mixed) (G1 Evacuation Pause)
[1.432s][info][gc,task        ] GC(13) Using 33 workers of 33 for evacuation
[1.435s][info][gc,phases      ] GC(13)   Pre Evacuate Collection Set: 0.1ms
[1.435s][info][gc,phases      ] GC(13)   Merge Heap Roots: 0.1ms
[1.435s][info][gc,phases      ] GC(13)   Evacuate Collection Set: 2.0ms
[1.435s][info][gc,phases      ] GC(13)   Post Evacuate Collection Set: 0.5ms
[1.435s][info][gc,phases      ] GC(13)   Other: 0.1ms
[1.435s][info][gc,heap        ] GC(13) Eden regions: 46->0(53)
[1.435s][info][gc,heap        ] GC(13) Survivor regions: 14->8(8)
[1.435s][info][gc,heap        ] GC(13) Old regions: 29->29
[1.435s][info][gc,heap        ] GC(13) Archive regions: 0->0
[1.435s][info][gc,heap        ] GC(13) Humongous regions: 0->0
[1.435s][info][gc,metaspace   ] GC(13) Metaspace: 6719K(6912K)->6719K(6912K) NonClass: 5932K(6016K)->5932K(6016K) Class: 787K(896K)->787K(896K)
[1.435s][info][gc             ] GC(13) Pause Young (Mixed) (G1 Evacuation Pause) 86M->35M(124M) 3.165ms
[1.435s][info][gc,cpu         ] GC(13) User=0.61s Sys=0.02s Real=0.00s
[1.538s][info][gc,start       ] GC(14) Pause Young (Normal) (G1 Evacuation Pause)
[1.538s][info][gc,task        ] GC(14) Using 33 workers of 33 for evacuation
[1.541s][info][gc,phases      ] GC(14)   Pre Evacuate Collection Set: 0.1ms
[1.541s][info][gc,phases      ] GC(14)   Merge Heap Roots: 0.1ms
[1.541s][info][gc,phases      ] GC(14)   Evacuate Collection Set: 2.0ms
[1.541s][info][gc,phases      ] GC(14)   Post Evacuate Collection Set: 0.4ms
[1.541s][info][gc,phases      ] GC(14)   Other: 0.1ms
[1.541s][info][gc,heap        ] GC(14) Eden regions: 53->0(51)
[1.541s][info][gc,heap        ] GC(14) Survivor regions: 8->8(8)
[1.541s][info][gc,heap        ] GC(14) Old regions: 29->33
[1.541s][info][gc,heap        ] GC(14) Archive regions: 0->0
[1.541s][info][gc,heap        ] GC(14) Humongous regions: 0->0
[1.541s][info][gc,metaspace   ] GC(14) Metaspace: 6773K(6976K)->6773K(6976K) NonClass: 5986K(6080K)->5986K(6080K) Class: 787K(896K)->787K(896K)
[1.541s][info][gc             ] GC(14) Pause Young (Normal) (G1 Evacuation Pause) 88M->39M(124M) 3.074ms
[1.541s][info][gc,cpu         ] GC(14) User=0.00s Sys=0.00s Real=0.00s
[1.572s][info][gc,start       ] GC(15) Pause Young (Normal) (G1 Evacuation Pause)
[1.572s][info][gc,task        ] GC(15) Using 33 workers of 33 for evacuation
[1.574s][info][gc,phases      ] GC(15)   Pre Evacuate Collection Set: 0.1ms
[1.574s][info][gc,phases      ] GC(15)   Merge Heap Roots: 0.1ms
[1.574s][info][gc,phases      ] GC(15)   Evacuate Collection Set: 1.6ms
[1.574s][info][gc,phases      ] GC(15)   Post Evacuate Collection Set: 0.5ms
[1.574s][info][gc,phases      ] GC(15)   Other: 0.1ms
[1.574s][info][gc,heap        ] GC(15) Eden regions: 51->0(49)
[1.574s][info][gc,heap        ] GC(15) Survivor regions: 8->8(8)
[1.574s][info][gc,heap        ] GC(15) Old regions: 33->38
[1.574s][info][gc,heap        ] GC(15) Archive regions: 0->0
[1.574s][info][gc,heap        ] GC(15) Humongous regions: 0->0
[1.574s][info][gc,metaspace   ] GC(15) Metaspace: 6786K(6976K)->6786K(6976K) NonClass: 5999K(6080K)->5999K(6080K) Class: 787K(896K)->787K(896K)
[1.574s][info][gc             ] GC(15) Pause Young (Normal) (G1 Evacuation Pause) 90M->44M(124M) 2.629ms
[1.575s][info][gc,cpu         ] GC(15) User=0.08s Sys=0.02s Real=0.00s
[1.602s][info][gc,start       ] GC(16) Pause Young (Normal) (G1 Evacuation Pause)
[1.602s][info][gc,task        ] GC(16) Using 33 workers of 33 for evacuation
[1.605s][info][gc,phases      ] GC(16)   Pre Evacuate Collection Set: 0.1ms
[1.605s][info][gc,phases      ] GC(16)   Merge Heap Roots: 0.1ms
[1.605s][info][gc,phases      ] GC(16)   Evacuate Collection Set: 1.6ms
[1.605s][info][gc,phases      ] GC(16)   Post Evacuate Collection Set: 0.4ms
[1.605s][info][gc,phases      ] GC(16)   Other: 0.1ms
[1.605s][info][gc,heap        ] GC(16) Eden regions: 49->0(46)
[1.605s][info][gc,heap        ] GC(16) Survivor regions: 8->8(8)
[1.605s][info][gc,heap        ] GC(16) Old regions: 38->43
[1.605s][info][gc,heap        ] GC(16) Archive regions: 0->0
[1.605s][info][gc,heap        ] GC(16) Humongous regions: 0->0
[1.605s][info][gc,metaspace   ] GC(16) Metaspace: 6799K(7040K)->6799K(7040K) NonClass: 6012K(6144K)->6012K(6144K) Class: 787K(896K)->787K(896K)
[1.605s][info][gc             ] GC(16) Pause Young (Normal) (G1 Evacuation Pause) 93M->49M(124M) 2.511ms
[1.605s][info][gc,cpu         ] GC(16) User=0.00s Sys=0.00s Real=0.00s
[1.630s][info][gc,start       ] GC(17) Pause Young (Normal) (G1 Evacuation Pause)
[1.630s][info][gc,task        ] GC(17) Using 33 workers of 33 for evacuation
[1.632s][info][gc,phases      ] GC(17)   Pre Evacuate Collection Set: 0.1ms
[1.632s][info][gc,phases      ] GC(17)   Merge Heap Roots: 0.1ms
[1.632s][info][gc,phases      ] GC(17)   Evacuate Collection Set: 1.5ms
[1.632s][info][gc,phases      ] GC(17)   Post Evacuate Collection Set: 0.5ms
[1.632s][info][gc,phases      ] GC(17)   Other: 0.1ms
[1.632s][info][gc,heap        ] GC(17) Eden regions: 46->0(43)
[1.632s][info][gc,heap        ] GC(17) Survivor regions: 8->7(7)
[1.632s][info][gc,heap        ] GC(17) Old regions: 43->48
[1.632s][info][gc,heap        ] GC(17) Archive regions: 0->0
[1.632s][info][gc,heap        ] GC(17) Humongous regions: 0->0
[1.632s][info][gc,metaspace   ] GC(17) Metaspace: 6802K(7040K)->6802K(7040K) NonClass: 6014K(6144K)->6014K(6144K) Class: 787K(896K)->787K(896K)
[1.632s][info][gc             ] GC(17) Pause Young (Normal) (G1 Evacuation Pause) 95M->54M(124M) 2.560ms
[1.633s][info][gc,cpu         ] GC(17) User=0.00s Sys=0.00s Real=0.00s
[1.655s][info][gc,start       ] GC(18) Pause Young (Normal) (G1 Evacuation Pause)
[1.655s][info][gc,task        ] GC(18) Using 33 workers of 33 for evacuation
[1.659s][info][gc,phases      ] GC(18)   Pre Evacuate Collection Set: 0.1ms
[1.659s][info][gc,phases      ] GC(18)   Merge Heap Roots: 0.1ms
[1.659s][info][gc,phases      ] GC(18)   Evacuate Collection Set: 1.6ms
[1.659s][info][gc,phases      ] GC(18)   Post Evacuate Collection Set: 1.5ms
[1.659s][info][gc,phases      ] GC(18)   Other: 0.1ms
[1.659s][info][gc,heap        ] GC(18) Eden regions: 43->0(183)
[1.659s][info][gc,heap        ] GC(18) Survivor regions: 7->7(7)
[1.659s][info][gc,heap        ] GC(18) Old regions: 48->54
[1.659s][info][gc,heap        ] GC(18) Archive regions: 0->0
[1.659s][info][gc,heap        ] GC(18) Humongous regions: 0->0
[1.659s][info][gc,metaspace   ] GC(18) Metaspace: 6803K(7040K)->6803K(7040K) NonClass: 6015K(6144K)->6015K(6144K) Class: 787K(896K)->787K(896K)
[1.659s][info][gc             ] GC(18) Pause Young (Normal) (G1 Evacuation Pause) 97M->59M(318M) 3.677ms
[1.659s][info][gc,cpu         ] GC(18) User=0.00s Sys=0.00s Real=0.00s
[1.796s][info][gc,start       ] GC(19) Pause Young (Normal) (G1 Evacuation Pause)
[1.796s][info][gc,task        ] GC(19) Using 33 workers of 33 for evacuation
[1.806s][info][gc,phases      ] GC(19)   Pre Evacuate Collection Set: 0.1ms
[1.806s][info][gc,phases      ] GC(19)   Merge Heap Roots: 0.1ms
[1.806s][info][gc,phases      ] GC(19)   Evacuate Collection Set: 8.7ms
[1.806s][info][gc,phases      ] GC(19)   Post Evacuate Collection Set: 0.5ms
[1.806s][info][gc,phases      ] GC(19)   Other: 0.1ms
[1.806s][info][gc,heap        ] GC(19) Eden regions: 183->0(178)
[1.806s][info][gc,heap        ] GC(19) Survivor regions: 7->12(24)
[1.806s][info][gc,heap        ] GC(19) Old regions: 54->54
[1.806s][info][gc,heap        ] GC(19) Archive regions: 0->0
[1.806s][info][gc,heap        ] GC(19) Humongous regions: 0->0
[1.806s][info][gc,metaspace   ] GC(19) Metaspace: 6822K(7040K)->6822K(7040K) NonClass: 6035K(6144K)->6035K(6144K) Class: 787K(896K)->787K(896K)
[1.806s][info][gc             ] GC(19) Pause Young (Normal) (G1 Evacuation Pause) 242M->64M(318M) 9.832ms
[1.806s][info][gc,cpu         ] GC(19) User=0.00s Sys=0.00s Real=0.00s
[1.902s][info][gc,start       ] GC(20) Pause Young (Normal) (G1 Evacuation Pause)
[1.902s][info][gc,task        ] GC(20) Using 33 workers of 33 for evacuation
[1.906s][info][gc,phases      ] GC(20)   Pre Evacuate Collection Set: 0.1ms
[1.906s][info][gc,phases      ] GC(20)   Merge Heap Roots: 0.1ms
[1.906s][info][gc,phases      ] GC(20)   Evacuate Collection Set: 3.3ms
[1.906s][info][gc,phases      ] GC(20)   Post Evacuate Collection Set: 0.5ms
[1.906s][info][gc,phases      ] GC(20)   Other: 0.1ms
[1.906s][info][gc,heap        ] GC(20) Eden regions: 178->0(176)
[1.906s][info][gc,heap        ] GC(20) Survivor regions: 12->14(24)
[1.906s][info][gc,heap        ] GC(20) Old regions: 54->54
[1.906s][info][gc,heap        ] GC(20) Archive regions: 0->0
[1.906s][info][gc,heap        ] GC(20) Humongous regions: 0->0
[1.906s][info][gc,metaspace   ] GC(20) Metaspace: 6824K(7040K)->6824K(7040K) NonClass: 6037K(6144K)->6037K(6144K) Class: 787K(896K)->787K(896K)
[1.906s][info][gc             ] GC(20) Pause Young (Normal) (G1 Evacuation Pause) 242M->66M(318M) 4.324ms
[1.906s][info][gc,cpu         ] GC(20) User=0.00s Sys=0.00s Real=0.00s
[2.006s][info][gc,start       ] GC(21) Pause Young (Normal) (G1 Evacuation Pause)
[2.006s][info][gc,task        ] GC(21) Using 33 workers of 33 for evacuation
[2.008s][info][gc,phases      ] GC(21)   Pre Evacuate Collection Set: 0.1ms
[2.008s][info][gc,phases      ] GC(21)   Merge Heap Roots: 0.1ms
[2.008s][info][gc,phases      ] GC(21)   Evacuate Collection Set: 1.1ms
[2.008s][info][gc,phases      ] GC(21)   Post Evacuate Collection Set: 0.4ms
[2.008s][info][gc,phases      ] GC(21)   Other: 0.1ms
[2.008s][info][gc,heap        ] GC(21) Eden regions: 176->0(182)
[2.008s][info][gc,heap        ] GC(21) Survivor regions: 14->8(24)
[2.008s][info][gc,heap        ] GC(21) Old regions: 54->56
[2.008s][info][gc,heap        ] GC(21) Archive regions: 0->0
[2.008s][info][gc,heap        ] GC(21) Humongous regions: 0->0
[2.008s][info][gc,metaspace   ] GC(21) Metaspace: 6826K(7040K)->6826K(7040K) NonClass: 6039K(6144K)->6039K(6144K) Class: 787K(896K)->787K(896K)
[2.008s][info][gc             ] GC(21) Pause Young (Normal) (G1 Evacuation Pause) 242M->61M(318M) 2.152ms
[2.008s][info][gc,cpu         ] GC(21) User=0.00s Sys=0.00s Real=0.00s
[2.046s][info][gc,heap,exit   ] Heap
[2.046s][info][gc,heap,exit   ]  garbage-first heap   total 325632K, used 69841K [0x00000000e0000000, 0x0000000100000000)
[2.046s][info][gc,heap,exit   ]   region size 1024K, 15 young (15360K), 8 survivors (8192K)
[2.046s][info][gc,heap,exit   ]  Metaspace       used 7249K, committed 7488K, reserved 1114112K
[2.046s][info][gc,heap,exit   ]   class space    used 837K, committed 960K, reserved 1048576K
