[0.016s][info][gc,init] CardTable entry size: 512
[0.017s][info][gc     ] Using Parallel
[0.027s][info][gc,init] Version: 20+36-2344 (release)
[0.027s][info][gc,init] CPUs: 48 total, 48 available
[0.027s][info][gc,init] Memory: 382G
[0.027s][info][gc,init] Large Page Support: Disabled
[0.027s][info][gc,init] NUMA Support: Disabled
[0.027s][info][gc,init] Compressed Oops: Enabled (Zero based)
[0.027s][info][gc,init] Alignments: Space 512K, Generation 512K, Heap 2M
[0.027s][info][gc,init] Heap Min Capacity: 8M
[0.027s][info][gc,init] Heap Initial Capacity: 2G
[0.027s][info][gc,init] Heap Max Capacity: 4G
[0.034s][info][gc,init] Pre-touch: Disabled
[0.034s][info][gc,init] Parallel Workers: 33
[0.035s][info][gc,metaspace] CDS archive(s) mapped at: [0x0000000800000000-0x0000000800c60000-0x0000000800c60000), size 12976128, SharedBaseAddress: 0x0000000800000000, ArchiveRelocationMode: 0.
[0.035s][info][gc,metaspace] Compressed class space mapped at: 0x0000000801000000-0x0000000841000000, reserved size: 1073741824
[0.035s][info][gc,metaspace] Narrow klass base: 0x0000000800000000, Narrow klass shift: 0, Narrow klass range: 0x100000000
[0.657s][info][gc,start    ] GC(0) Pause Young (Allocation Failure)
[0.668s][info][gc,heap     ] GC(0) PSYoungGen: 524800K(611840K)->2629K(611840K) Eden: 524800K(524800K)->0K(524800K) From: 0K(87040K)->2629K(87040K)
[0.668s][info][gc,heap     ] GC(0) ParOldGen: 0K(1398272K)->144K(1398272K)
[0.668s][info][gc,metaspace] GC(0) Metaspace: 4708K(4928K)->4708K(4928K) NonClass: 4076K(4160K)->4076K(4160K) Class: 632K(768K)->632K(768K)
[0.669s][info][gc          ] GC(0) Pause Young (Allocation Failure) 512M->2M(1963M) 11.671ms
[0.669s][info][gc,cpu      ] GC(0) User=0.16s Sys=0.36s Real=0.02s
[0.670s][info][gc,start    ] GC(1) Pause Young (System.gc())
[0.674s][info][gc,heap     ] GC(1) PSYoungGen: 65710K(611840K)->2690K(1136640K) Eden: 63081K(524800K)->0K(1049600K) From: 2629K(87040K)->2690K(87040K)
[0.674s][info][gc,heap     ] GC(1) ParOldGen: 144K(1398272K)->152K(1398272K)
[0.674s][info][gc,metaspace] GC(1) Metaspace: 4709K(4928K)->4709K(4928K) NonClass: 4076K(4160K)->4076K(4160K) Class: 632K(768K)->632K(768K)
[0.674s][info][gc          ] GC(1) Pause Young (System.gc()) 64M->2M(2475M) 4.335ms
[0.674s][info][gc,cpu      ] GC(1) User=0.00s Sys=0.00s Real=0.00s
[0.674s][info][gc,start    ] GC(2) Pause Full (System.gc())
[0.674s][info][gc,phases,start] GC(2) Marking Phase
[0.680s][info][gc,phases      ] GC(2) Marking Phase 6.279ms
[0.680s][info][gc,phases,start] GC(2) Summary Phase
[0.680s][info][gc,phases      ] GC(2) Summary Phase 0.022ms
[0.680s][info][gc,phases,start] GC(2) Adjust Roots
[0.684s][info][gc,phases      ] GC(2) Adjust Roots 3.224ms
[0.684s][info][gc,phases,start] GC(2) Compaction Phase
[0.691s][info][gc,phases      ] GC(2) Compaction Phase 7.555ms
[0.691s][info][gc,phases,start] GC(2) Post Compact
[0.692s][info][gc,phases      ] GC(2) Post Compact 1.036ms
[0.692s][info][gc,heap        ] GC(2) PSYoungGen: 2690K(1136640K)->0K(1136640K) Eden: 0K(1049600K)->0K(1049600K) From: 2690K(87040K)->0K(87040K)
[0.692s][info][gc,heap        ] GC(2) ParOldGen: 152K(1398272K)->2164K(1398272K)
[0.692s][info][gc,metaspace   ] GC(2) Metaspace: 4709K(4928K)->4709K(4928K) NonClass: 4076K(4160K)->4076K(4160K) Class: 632K(768K)->632K(768K)
[0.693s][info][gc             ] GC(2) Pause Full (System.gc()) 2M->2M(2475M) 18.447ms
[0.693s][info][gc,cpu         ] GC(2) User=0.38s Sys=0.02s Real=0.03s
[1.665s][info][gc,start       ] GC(3) Pause Young (Allocation Failure)
[1.674s][info][gc,heap        ] GC(3) PSYoungGen: 1049600K(1136640K)->12307K(1136640K) Eden: 1049600K(1049600K)->0K(1049600K) From: 0K(87040K)->12307K(87040K)
[1.674s][info][gc,heap        ] GC(3) ParOldGen: 2164K(1398272K)->2172K(1398272K)
[1.674s][info][gc,metaspace   ] GC(3) Metaspace: 6806K(7040K)->6806K(7040K) NonClass: 6019K(6144K)->6019K(6144K) Class: 787K(896K)->787K(896K)
[1.674s][info][gc             ] GC(3) Pause Young (Allocation Failure) 1027M->14M(2475M) 8.826ms
[1.674s][info][gc,cpu         ] GC(3) User=0.00s Sys=0.00s Real=0.00s
[1.874s][info][gc,heap,exit   ] Heap
[1.874s][info][gc,heap,exit   ]  PSYoungGen      total 1136640K, used 494260K [0x00000007aab00000, 0x0000000800000000, 0x0000000800000000)
[1.874s][info][gc,heap,exit   ]   eden space 1049600K, 45% used [0x00000007aab00000,0x00000007c81a82b8,0x00000007eac00000)
[1.874s][info][gc,heap,exit   ]   from space 87040K, 14% used [0x00000007eac00000,0x00000007eb804f50,0x00000007f0100000)
[1.874s][info][gc,heap,exit   ]   to   space 87040K, 0% used [0x00000007fab00000,0x00000007fab00000,0x0000000800000000)
[1.874s][info][gc,heap,exit   ]  ParOldGen       total 1398272K, used 2172K [0x0000000700000000, 0x0000000755580000, 0x00000007aab00000)
[1.874s][info][gc,heap,exit   ]   object space 1398272K, 0% used [0x0000000700000000,0x000000070021f190,0x0000000755580000)
[1.875s][info][gc,heap,exit   ]  Metaspace       used 7231K, committed 7488K, reserved 1114112K
[1.875s][info][gc,heap,exit   ]   class space    used 837K, committed 960K, reserved 1048576K
