[0.017s][info][gc,init] CardTable entry size: 512
[0.017s][info][gc     ] Using Parallel
[0.027s][info][gc,init] Version: 20+36-2344 (release)
[0.028s][info][gc,init] CPUs: 48 total, 48 available
[0.028s][info][gc,init] Memory: 382G
[0.028s][info][gc,init] Large Page Support: Disabled
[0.028s][info][gc,init] NUMA Support: Disabled
[0.028s][info][gc,init] Compressed Oops: Enabled (32-bit)
[0.028s][info][gc,init] Alignments: Space 512K, Generation 512K, Heap 2M
[0.028s][info][gc,init] Heap Min Capacity: 8M
[0.028s][info][gc,init] Heap Initial Capacity: 2G
[0.028s][info][gc,init] Heap Max Capacity: 2G
[0.046s][info][gc,init] Pre-touch: Disabled
[0.046s][info][gc,init] Parallel Workers: 33
[0.047s][info][gc,metaspace] CDS archive(s) mapped at: [0x0000000800000000-0x0000000800c60000-0x0000000800c60000), size 12976128, SharedBaseAddress: 0x0000000800000000, ArchiveRelocationMode: 0.
[0.047s][info][gc,metaspace] Compressed class space mapped at: 0x0000000801000000-0x0000000841000000, reserved size: 1073741824
[0.047s][info][gc,metaspace] Narrow klass base: 0x0000000800000000, Narrow klass shift: 0, Narrow klass range: 0x100000000
[0.645s][info][gc,start    ] GC(0) Pause Young (Allocation Failure)
[0.653s][info][gc,heap     ] GC(0) PSYoungGen: 524800K(611840K)->2439K(611840K) Eden: 524800K(524800K)->0K(524800K) From: 0K(87040K)->2439K(87040K)
[0.653s][info][gc,heap     ] GC(0) ParOldGen: 0K(1398272K)->144K(1398272K)
[0.653s][info][gc,metaspace] GC(0) Metaspace: 4717K(4928K)->4717K(4928K) NonClass: 4083K(4160K)->4083K(4160K) Class: 633K(768K)->633K(768K)
[0.653s][info][gc          ] GC(0) Pause Young (Allocation Failure) 512M->2M(1963M) 7.589ms
[0.653s][info][gc,cpu      ] GC(0) User=0.00s Sys=0.00s Real=0.00s
[0.654s][info][gc,start    ] GC(1) Pause Young (System.gc())
[0.658s][info][gc,heap     ] GC(1) PSYoungGen: 223381K(611840K)->2526K(611840K) Eden: 220942K(524800K)->0K(524800K) From: 2439K(87040K)->2526K(87040K)
[0.658s][info][gc,heap     ] GC(1) ParOldGen: 144K(1398272K)->152K(1398272K)
[0.658s][info][gc,metaspace] GC(1) Metaspace: 4718K(4928K)->4718K(4928K) NonClass: 4085K(4160K)->4085K(4160K) Class: 633K(768K)->633K(768K)
[0.658s][info][gc          ] GC(1) Pause Young (System.gc()) 218M->2M(1963M) 4.123ms
[0.658s][info][gc,cpu      ] GC(1) User=0.00s Sys=0.00s Real=0.00s
[0.658s][info][gc,start    ] GC(2) Pause Full (System.gc())
[0.658s][info][gc,phases,start] GC(2) Marking Phase
[0.664s][info][gc,phases      ] GC(2) Marking Phase 5.731ms
[0.664s][info][gc,phases,start] GC(2) Summary Phase
[0.664s][info][gc,phases      ] GC(2) Summary Phase 0.015ms
[0.664s][info][gc,phases,start] GC(2) Adjust Roots
[0.667s][info][gc,phases      ] GC(2) Adjust Roots 2.969ms
[0.667s][info][gc,phases,start] GC(2) Compaction Phase
[0.670s][info][gc,phases      ] GC(2) Compaction Phase 2.948ms
[0.670s][info][gc,phases,start] GC(2) Post Compact
[0.670s][info][gc,phases      ] GC(2) Post Compact 0.509ms
[0.670s][info][gc,heap        ] GC(2) PSYoungGen: 2526K(611840K)->0K(611840K) Eden: 0K(524800K)->0K(524800K) From: 2526K(87040K)->0K(87040K)
[0.670s][info][gc,heap        ] GC(2) ParOldGen: 152K(1398272K)->2165K(1398272K)
[0.670s][info][gc,metaspace   ] GC(2) Metaspace: 4718K(4928K)->4718K(4928K) NonClass: 4085K(4160K)->4085K(4160K) Class: 633K(768K)->633K(768K)
[0.670s][info][gc             ] GC(2) Pause Full (System.gc()) 2M->2M(1963M) 12.363ms
[0.670s][info][gc,cpu         ] GC(2) User=0.05s Sys=0.00s Real=0.01s
[1.450s][info][gc,start       ] GC(3) Pause Young (Allocation Failure)
[1.458s][info][gc,heap        ] GC(3) PSYoungGen: 524800K(611840K)->13396K(611840K) Eden: 524800K(524800K)->0K(524800K) From: 0K(87040K)->13396K(87040K)
[1.458s][info][gc,heap        ] GC(3) ParOldGen: 2165K(1398272K)->2173K(1398272K)
[1.458s][info][gc,metaspace   ] GC(3) Metaspace: 6838K(7104K)->6838K(7104K) NonClass: 6046K(6208K)->6046K(6208K) Class: 791K(896K)->791K(896K)
[1.458s][info][gc             ] GC(3) Pause Young (Allocation Failure) 514M->15M(1963M) 7.603ms
[1.458s][info][gc,cpu         ] GC(3) User=0.00s Sys=0.00s Real=0.00s
[1.686s][info][gc,start       ] GC(4) Pause Young (Allocation Failure)
[1.693s][info][gc,heap        ] GC(4) PSYoungGen: 538196K(611840K)->12980K(611840K) Eden: 524800K(524800K)->0K(524800K) From: 13396K(87040K)->12980K(87040K)
[1.693s][info][gc,heap        ] GC(4) ParOldGen: 2173K(1398272K)->2181K(1398272K)
[1.693s][info][gc,metaspace   ] GC(4) Metaspace: 6864K(7104K)->6864K(7104K) NonClass: 6072K(6208K)->6072K(6208K) Class: 791K(896K)->791K(896K)
[1.693s][info][gc             ] GC(4) Pause Young (Allocation Failure) 527M->14M(1963M) 7.128ms
[1.693s][info][gc,cpu         ] GC(4) User=0.00s Sys=0.00s Real=0.01s
[1.838s][info][gc,heap,exit   ] Heap
[1.838s][info][gc,heap,exit   ]  PSYoungGen      total 611840K, used 277817K [0x00000000d5580000, 0x0000000100000000, 0x0000000100000000)
[1.838s][info][gc,heap,exit   ]   eden space 524800K, 50% used [0x00000000d5580000,0x00000000e5821418,0x00000000f5600000)
[1.838s][info][gc,heap,exit   ]   from space 87040K, 14% used [0x00000000fab00000,0x00000000fb7ad0b0,0x0000000100000000)
[1.838s][info][gc,heap,exit   ]   to   space 87040K, 0% used [0x00000000f5600000,0x00000000f5600000,0x00000000fab00000)
[1.838s][info][gc,heap,exit   ]  ParOldGen       total 1398272K, used 2181K [0x0000000080000000, 0x00000000d5580000, 0x00000000d5580000)
[1.838s][info][gc,heap,exit   ]   object space 1398272K, 0% used [0x0000000080000000,0x00000000802217d8,0x00000000d5580000)
[1.838s][info][gc,heap,exit   ]  Metaspace       used 7287K, committed 7488K, reserved 1114112K
[1.838s][info][gc,heap,exit   ]   class space    used 841K, committed 960K, reserved 1048576K
