[0.019s][info][gc,init] CardTable entry size: 512
[0.019s][info][gc     ] Using Parallel
[0.022s][info][gc,init] Version: 20+36-2344 (release)
[0.022s][info][gc,init] CPUs: 48 total, 48 available
[0.022s][info][gc,init] Memory: 382G
[0.022s][info][gc,init] Large Page Support: Disabled
[0.022s][info][gc,init] NUMA Support: Disabled
[0.022s][info][gc,init] Compressed Oops: Enabled (32-bit)
[0.022s][info][gc,init] Alignments: Space 512K, Generation 512K, Heap 2M
[0.022s][info][gc,init] Heap Min Capacity: 8M
[0.022s][info][gc,init] Heap Initial Capacity: 512M
[0.022s][info][gc,init] Heap Max Capacity: 512M
[0.038s][info][gc,init] Pre-touch: Disabled
[0.038s][info][gc,init] Parallel Workers: 33
[0.040s][info][gc,metaspace] CDS archive(s) mapped at: [0x0000000800000000-0x0000000800c60000-0x0000000800c60000), size 12976128, SharedBaseAddress: 0x0000000800000000, ArchiveRelocationMode: 0.
[0.040s][info][gc,metaspace] Compressed class space mapped at: 0x0000000801000000-0x0000000841000000, reserved size: 1073741824
[0.040s][info][gc,metaspace] Narrow klass base: 0x0000000800000000, Narrow klass shift: 0, Narrow klass range: 0x100000000
[0.966s][info][gc,start    ] GC(0) Pause Young (Allocation Failure)
[0.975s][info][gc,heap     ] GC(0) PSYoungGen: 131584K(153088K)->2569K(153088K) Eden: 131584K(131584K)->0K(131584K) From: 0K(21504K)->2569K(21504K)
[0.975s][info][gc,heap     ] GC(0) ParOldGen: 0K(349696K)->144K(349696K)
[0.975s][info][gc,metaspace] GC(0) Metaspace: 4718K(4928K)->4718K(4928K) NonClass: 4085K(4160K)->4085K(4160K) Class: 633K(768K)->633K(768K)
[0.975s][info][gc          ] GC(0) Pause Young (Allocation Failure) 128M->2M(491M) 8.565ms
[0.975s][info][gc,cpu      ] GC(0) User=0.00s Sys=0.00s Real=0.00s
[0.976s][info][gc,start    ] GC(1) Pause Young (System.gc())
[0.980s][info][gc,heap     ] GC(1) PSYoungGen: 54324K(153088K)->2510K(153088K) Eden: 51754K(131584K)->0K(131584K) From: 2569K(21504K)->2510K(21504K)
[0.980s][info][gc,heap     ] GC(1) ParOldGen: 144K(349696K)->152K(349696K)
[0.980s][info][gc,metaspace] GC(1) Metaspace: 4719K(4928K)->4719K(4928K) NonClass: 4086K(4160K)->4086K(4160K) Class: 633K(768K)->633K(768K)
[0.980s][info][gc          ] GC(1) Pause Young (System.gc()) 53M->2M(491M) 3.972ms
[0.980s][info][gc,cpu      ] GC(1) User=0.00s Sys=0.00s Real=0.00s
[0.980s][info][gc,start    ] GC(2) Pause Full (System.gc())
[0.980s][info][gc,phases,start] GC(2) Marking Phase
[0.986s][info][gc,phases      ] GC(2) Marking Phase 6.317ms
[0.986s][info][gc,phases,start] GC(2) Summary Phase
[0.987s][info][gc,phases      ] GC(2) Summary Phase 0.018ms
[0.987s][info][gc,phases,start] GC(2) Adjust Roots
[0.988s][info][gc,phases      ] GC(2) Adjust Roots 1.435ms
[0.988s][info][gc,phases,start] GC(2) Compaction Phase
[0.992s][info][gc,phases      ] GC(2) Compaction Phase 4.032ms
[0.992s][info][gc,phases,start] GC(2) Post Compact
[0.992s][info][gc,phases      ] GC(2) Post Compact 0.226ms
[0.992s][info][gc,heap        ] GC(2) PSYoungGen: 2510K(153088K)->0K(153088K) Eden: 0K(131584K)->0K(131584K) From: 2510K(21504K)->0K(21504K)
[0.992s][info][gc,heap        ] GC(2) ParOldGen: 152K(349696K)->2125K(349696K)
[0.992s][info][gc,metaspace   ] GC(2) Metaspace: 4719K(4928K)->4719K(4928K) NonClass: 4086K(4160K)->4086K(4160K) Class: 633K(768K)->633K(768K)
[0.992s][info][gc             ] GC(2) Pause Full (System.gc()) 2M->2M(491M) 12.276ms
[0.992s][info][gc,cpu         ] GC(2) User=0.03s Sys=0.02s Real=0.02s
[1.480s][info][gc,start       ] GC(3) Pause Young (Allocation Failure)
[1.489s][info][gc,heap        ] GC(3) PSYoungGen: 131584K(153088K)->13892K(153088K) Eden: 131584K(131584K)->0K(131584K) From: 0K(21504K)->13892K(21504K)
[1.489s][info][gc,heap        ] GC(3) ParOldGen: 2125K(349696K)->2133K(349696K)
[1.489s][info][gc,metaspace   ] GC(3) Metaspace: 6581K(6784K)->6581K(6784K) NonClass: 5790K(5888K)->5790K(5888K) Class: 790K(896K)->790K(896K)
[1.489s][info][gc             ] GC(3) Pause Young (Allocation Failure) 130M->15M(491M) 8.955ms
[1.489s][info][gc,cpu         ] GC(3) User=0.00s Sys=0.00s Real=0.01s
[1.735s][info][gc,start       ] GC(4) Pause Young (Allocation Failure)
[1.742s][info][gc,heap        ] GC(4) PSYoungGen: 145476K(153088K)->13011K(153088K) Eden: 131584K(131584K)->0K(131584K) From: 13892K(21504K)->13011K(21504K)
[1.742s][info][gc,heap        ] GC(4) ParOldGen: 2133K(349696K)->2141K(349696K)
[1.742s][info][gc,metaspace   ] GC(4) Metaspace: 6710K(6912K)->6710K(6912K) NonClass: 5919K(6016K)->5919K(6016K) Class: 790K(896K)->790K(896K)
[1.742s][info][gc             ] GC(4) Pause Young (Allocation Failure) 144M->14M(491M) 7.099ms
[1.742s][info][gc,cpu         ] GC(4) User=0.00s Sys=0.00s Real=0.00s
[1.832s][info][gc,start       ] GC(5) Pause Young (GCLocker Initiated GC)
[1.833s][info][gc,heap        ] GC(5) PSYoungGen: 144595K(153088K)->11779K(153088K) Eden: 131584K(131584K)->0K(131584K) From: 13011K(21504K)->11779K(21504K)
[1.833s][info][gc,heap        ] GC(5) ParOldGen: 2144K(349696K)->2152K(349696K)
[1.833s][info][gc,metaspace   ] GC(5) Metaspace: 6800K(6976K)->6800K(6976K) NonClass: 6009K(6080K)->6009K(6080K) Class: 791K(896K)->791K(896K)
[1.833s][info][gc             ] GC(5) Pause Young (GCLocker Initiated GC) 143M->13M(491M) 1.560ms
[1.833s][info][gc,cpu         ] GC(5) User=0.00s Sys=0.00s Real=0.00s
[1.899s][info][gc,start       ] GC(6) Pause Young (Allocation Failure)
[1.900s][info][gc,heap        ] GC(6) PSYoungGen: 143363K(153088K)->12612K(147968K) Eden: 131584K(131584K)->0K(131584K) From: 11779K(21504K)->12612K(16384K)
[1.900s][info][gc,heap        ] GC(6) ParOldGen: 2259K(349696K)->2267K(349696K)
[1.900s][info][gc,metaspace   ] GC(6) Metaspace: 6809K(7040K)->6809K(7040K) NonClass: 6017K(6144K)->6017K(6144K) Class: 791K(896K)->791K(896K)
[1.900s][info][gc             ] GC(6) Pause Young (Allocation Failure) 142M->14M(486M) 1.668ms
[1.900s][info][gc,cpu         ] GC(6) User=0.00s Sys=0.00s Real=0.00s
[1.970s][info][gc,start       ] GC(7) Pause Young (Allocation Failure)
[1.971s][info][gc,heap        ] GC(7) PSYoungGen: 144178K(147968K)->13540K(150528K) Eden: 131566K(131584K)->0K(131584K) From: 12612K(16384K)->13540K(18944K)
[1.971s][info][gc,heap        ] GC(7) ParOldGen: 2267K(349696K)->2275K(349696K)
[1.971s][info][gc,metaspace   ] GC(7) Metaspace: 6829K(7040K)->6829K(7040K) NonClass: 6038K(6144K)->6038K(6144K) Class: 791K(896K)->791K(896K)
[1.971s][info][gc             ] GC(7) Pause Young (Allocation Failure) 143M->15M(488M) 1.667ms
[1.971s][info][gc,cpu         ] GC(7) User=0.00s Sys=0.00s Real=0.00s
[2.055s][info][gc,start       ] GC(8) Pause Young (Allocation Failure)
[2.058s][info][gc,heap        ] GC(8) PSYoungGen: 145124K(150528K)->12932K(154624K) Eden: 131584K(131584K)->0K(134656K) From: 13540K(18944K)->12932K(19968K)
[2.058s][info][gc,heap        ] GC(8) ParOldGen: 2275K(349696K)->3887K(349696K)
[2.058s][info][gc,metaspace   ] GC(8) Metaspace: 6830K(7040K)->6830K(7040K) NonClass: 6039K(6144K)->6039K(6144K) Class: 791K(896K)->791K(896K)
[2.058s][info][gc             ] GC(8) Pause Young (Allocation Failure) 143M->16M(492M) 2.608ms
[2.058s][info][gc,cpu         ] GC(8) User=0.00s Sys=0.00s Real=0.00s
[2.135s][info][gc,start       ] GC(9) Pause Young (Allocation Failure)
[2.137s][info][gc,heap        ] GC(9) PSYoungGen: 147588K(154624K)->11828K(146944K) Eden: 134656K(134656K)->0K(134656K) From: 12932K(19968K)->11828K(12288K)
[2.137s][info][gc,heap        ] GC(9) ParOldGen: 3887K(349696K)->4111K(349696K)
[2.137s][info][gc,metaspace   ] GC(9) Metaspace: 6830K(7040K)->6830K(7040K) NonClass: 6039K(6144K)->6039K(6144K) Class: 791K(896K)->791K(896K)
[2.137s][info][gc             ] GC(9) Pause Young (Allocation Failure) 147M->15M(485M) 2.026ms
[2.137s][info][gc,cpu         ] GC(9) User=0.00s Sys=0.00s Real=0.00s
[4.536s][info][gc,start       ] GC(10) Pause Young (Allocation Failure)
[4.537s][info][gc,heap        ] GC(10) PSYoungGen: 146484K(146944K)->11604K(154624K) Eden: 134656K(134656K)->0K(135168K) From: 11828K(12288K)->11604K(19456K)
[4.537s][info][gc,heap        ] GC(10) ParOldGen: 4111K(349696K)->4623K(349696K)
[4.537s][info][gc,metaspace   ] GC(10) Metaspace: 6830K(7040K)->6830K(7040K) NonClass: 6039K(6144K)->6039K(6144K) Class: 791K(896K)->791K(896K)
[4.538s][info][gc             ] GC(10) Pause Young (Allocation Failure) 147M->15M(492M) 1.530ms
[4.538s][info][gc,cpu         ] GC(10) User=0.00s Sys=0.00s Real=0.00s
[4.582s][info][gc,heap,exit   ] Heap
[4.582s][info][gc,heap,exit   ]  PSYoungGen      total 154624K, used 29426K [0x00000000f5580000, 0x0000000100000000, 0x0000000100000000)
[4.582s][info][gc,heap,exit   ]   eden space 135168K, 13% used [0x00000000f5580000,0x00000000f66e79b8,0x00000000fd980000)
[4.582s][info][gc,heap,exit   ]   from space 19456K, 59% used [0x00000000fec00000,0x00000000ff755140,0x00000000fff00000)
[4.582s][info][gc,heap,exit   ]   to   space 18944K, 0% used [0x00000000fd980000,0x00000000fd980000,0x00000000fec00000)
[4.582s][info][gc,heap,exit   ]  ParOldGen       total 349696K, used 4623K [0x00000000e0000000, 0x00000000f5580000, 0x00000000f5580000)
[4.582s][info][gc,heap,exit   ]   object space 349696K, 1% used [0x00000000e0000000,0x00000000e0483f98,0x00000000f5580000)
[4.582s][info][gc,heap,exit   ]  Metaspace       used 7257K, committed 7488K, reserved 1114112K
[4.582s][info][gc,heap,exit   ]   class space    used 841K, committed 960K, reserved 1048576K
