[0.017s][info][gc,init] CardTable entry size: 512
[0.017s][info][gc     ] Using Parallel
[0.023s][info][gc,init] Version: 20+36-2344 (release)
[0.023s][info][gc,init] CPUs: 48 total, 48 available
[0.023s][info][gc,init] Memory: 382G
[0.023s][info][gc,init] Large Page Support: Disabled
[0.023s][info][gc,init] NUMA Support: Disabled
[0.023s][info][gc,init] Compressed Oops: Enabled (32-bit)
[0.023s][info][gc,init] Alignments: Space 512K, Generation 512K, Heap 2M
[0.023s][info][gc,init] Heap Min Capacity: 8M
[0.023s][info][gc,init] Heap Initial Capacity: 1G
[0.023s][info][gc,init] Heap Max Capacity: 1G
[0.035s][info][gc,init] Pre-touch: Disabled
[0.035s][info][gc,init] Parallel Workers: 33
[0.036s][info][gc,metaspace] CDS archive(s) mapped at: [0x0000000800000000-0x0000000800c60000-0x0000000800c60000), size 12976128, SharedBaseAddress: 0x0000000800000000, ArchiveRelocationMode: 0.
[0.036s][info][gc,metaspace] Compressed class space mapped at: 0x0000000801000000-0x0000000841000000, reserved size: 1073741824
[0.036s][info][gc,metaspace] Narrow klass base: 0x0000000800000000, Narrow klass shift: 0, Narrow klass range: 0x100000000
[0.596s][info][gc,start    ] GC(0) Pause Young (System.gc())
[0.603s][info][gc,heap     ] GC(0) PSYoungGen: 256912K(305664K)->2649K(305664K) Eden: 256912K(262144K)->0K(262144K) From: 0K(43520K)->2649K(43520K)
[0.603s][info][gc,heap     ] GC(0) ParOldGen: 0K(699392K)->144K(699392K)
[0.603s][info][gc,metaspace] GC(0) Metaspace: 4721K(4928K)->4721K(4928K) NonClass: 4087K(4160K)->4087K(4160K) Class: 633K(768K)->633K(768K)
[0.603s][info][gc          ] GC(0) Pause Young (System.gc()) 250M->2M(981M) 6.669ms
[0.603s][info][gc,cpu      ] GC(0) User=0.00s Sys=0.00s Real=0.00s
[0.603s][info][gc,start    ] GC(1) Pause Full (System.gc())
[0.603s][info][gc,phases,start] GC(1) Marking Phase
[0.610s][info][gc,phases      ] GC(1) Marking Phase 7.355ms
[0.611s][info][gc,phases,start] GC(1) Summary Phase
[0.611s][info][gc,phases      ] GC(1) Summary Phase 0.026ms
[0.611s][info][gc,phases,start] GC(1) Adjust Roots
[0.612s][info][gc,phases      ] GC(1) Adjust Roots 1.382ms
[0.612s][info][gc,phases,start] GC(1) Compaction Phase
[0.615s][info][gc,phases      ] GC(1) Compaction Phase 3.008ms
[0.615s][info][gc,phases,start] GC(1) Post Compact
[0.615s][info][gc,phases      ] GC(1) Post Compact 0.430ms
[0.616s][info][gc,heap        ] GC(1) PSYoungGen: 2649K(305664K)->0K(305664K) Eden: 0K(262144K)->0K(262144K) From: 2649K(43520K)->0K(43520K)
[0.616s][info][gc,heap        ] GC(1) ParOldGen: 144K(699392K)->2164K(699392K)
[0.616s][info][gc,metaspace   ] GC(1) Metaspace: 4721K(4928K)->4721K(4928K) NonClass: 4087K(4160K)->4087K(4160K) Class: 633K(768K)->633K(768K)
[0.616s][info][gc             ] GC(1) Pause Full (System.gc()) 2M->2M(981M) 12.490ms
[0.616s][info][gc,cpu         ] GC(1) User=0.02s Sys=0.00s Real=0.02s
[1.318s][info][gc,start       ] GC(2) Pause Young (Allocation Failure)
[1.327s][info][gc,heap        ] GC(2) PSYoungGen: 262144K(305664K)->13588K(305664K) Eden: 262144K(262144K)->0K(262144K) From: 0K(43520K)->13588K(43520K)
[1.327s][info][gc,heap        ] GC(2) ParOldGen: 2164K(699392K)->2172K(699392K)
[1.327s][info][gc,metaspace   ] GC(2) Metaspace: 6740K(6976K)->6740K(6976K) NonClass: 5948K(6080K)->5948K(6080K) Class: 791K(896K)->791K(896K)
[1.327s][info][gc             ] GC(2) Pause Young (Allocation Failure) 258M->15M(981M) 8.673ms
[1.327s][info][gc,cpu         ] GC(2) User=0.00s Sys=0.00s Real=0.00s
[1.583s][info][gc,start       ] GC(3) Pause Young (Allocation Failure)
[1.590s][info][gc,heap        ] GC(3) PSYoungGen: 275732K(305664K)->11667K(305664K) Eden: 262144K(262144K)->0K(262144K) From: 13588K(43520K)->11667K(43520K)
[1.590s][info][gc,heap        ] GC(3) ParOldGen: 2172K(699392K)->2180K(699392K)
[1.590s][info][gc,metaspace   ] GC(3) Metaspace: 6854K(7104K)->6854K(7104K) NonClass: 6062K(6208K)->6062K(6208K) Class: 791K(896K)->791K(896K)
[1.590s][info][gc             ] GC(3) Pause Young (Allocation Failure) 271M->13M(981M) 6.305ms
[1.590s][info][gc,cpu         ] GC(3) User=0.00s Sys=0.00s Real=0.00s
[1.703s][info][gc,start       ] GC(4) Pause Young (Allocation Failure)
[1.705s][info][gc,heap        ] GC(4) PSYoungGen: 273811K(305664K)->13172K(305664K) Eden: 262144K(262144K)->0K(262144K) From: 11667K(43520K)->13172K(43520K)
[1.705s][info][gc,heap        ] GC(4) ParOldGen: 2180K(699392K)->2188K(699392K)
[1.705s][info][gc,metaspace   ] GC(4) Metaspace: 6876K(7104K)->6876K(7104K) NonClass: 6084K(6208K)->6084K(6208K) Class: 791K(896K)->791K(896K)
[1.705s][info][gc             ] GC(4) Pause Young (Allocation Failure) 269M->15M(981M) 1.665ms
[1.705s][info][gc,cpu         ] GC(4) User=0.00s Sys=0.00s Real=0.00s
[1.826s][info][gc,start       ] GC(5) Pause Young (Allocation Failure)
[1.828s][info][gc,heap        ] GC(5) PSYoungGen: 275316K(305664K)->13188K(305664K) Eden: 262144K(262144K)->0K(262144K) From: 13172K(43520K)->13188K(43520K)
[1.828s][info][gc,heap        ] GC(5) ParOldGen: 2188K(699392K)->2196K(699392K)
[1.828s][info][gc,metaspace   ] GC(5) Metaspace: 6876K(7104K)->6876K(7104K) NonClass: 6084K(6208K)->6084K(6208K) Class: 791K(896K)->791K(896K)
[1.828s][info][gc             ] GC(5) Pause Young (Allocation Failure) 271M->15M(981M) 2.484ms
[1.829s][info][gc,cpu         ] GC(5) User=0.00s Sys=0.00s Real=0.00s
[1.924s][info][gc,heap,exit   ] Heap
[1.924s][info][gc,heap,exit   ]  PSYoungGen      total 305664K, used 148596K [0x00000000eab00000, 0x0000000100000000, 0x0000000100000000)
[1.924s][info][gc,heap,exit   ]   eden space 262144K, 51% used [0x00000000eab00000,0x00000000f2f3c0e0,0x00000000fab00000)
[1.924s][info][gc,heap,exit   ]   from space 43520K, 30% used [0x00000000fab00000,0x00000000fb7e1100,0x00000000fd580000)
[1.924s][info][gc,heap,exit   ]   to   space 43520K, 0% used [0x00000000fd580000,0x00000000fd580000,0x0000000100000000)
[1.924s][info][gc,heap,exit   ]  ParOldGen       total 699392K, used 2196K [0x00000000c0000000, 0x00000000eab00000, 0x00000000eab00000)
[1.924s][info][gc,heap,exit   ]   object space 699392K, 0% used [0x00000000c0000000,0x00000000c0225318,0x00000000eab00000)
[1.924s][info][gc,heap,exit   ]  Metaspace       used 7299K, committed 7552K, reserved 1114112K
[1.924s][info][gc,heap,exit   ]   class space    used 841K, committed 960K, reserved 1048576K
