[0.018s][info][gc,init] CardTable entry size: 512
[0.018s][info][gc     ] Using Serial
[0.028s][info][gc,init] Version: 20+36-2344 (release)
[0.028s][info][gc,init] CPUs: 48 total, 48 available
[0.028s][info][gc,init] Memory: 382G
[0.028s][info][gc,init] Large Page Support: Disabled
[0.028s][info][gc,init] NUMA Support: Disabled
[0.028s][info][gc,init] Compressed Oops: Enabled (Zero based)
[0.028s][info][gc,init] Heap Min Capacity: 8M
[0.028s][info][gc,init] Heap Initial Capacity: 2G
[0.028s][info][gc,init] Heap Max Capacity: 4G
[0.028s][info][gc,init] Pre-touch: Disabled
[0.040s][info][gc,metaspace] CDS archive(s) mapped at: [0x0000000800000000-0x0000000800c60000-0x0000000800c60000), size 12976128, SharedBaseAddress: 0x0000000800000000, ArchiveRelocationMode: 0.
[0.040s][info][gc,metaspace] Compressed class space mapped at: 0x0000000801000000-0x0000000841000000, reserved size: 1073741824
[0.040s][info][gc,metaspace] Narrow klass base: 0x0000000800000000, Narrow klass shift: 0, Narrow klass range: 0x100000000
[0.653s][info][gc,start    ] GC(0) Pause Full (System.gc())
[0.653s][info][gc,phases,start] GC(0) Phase 1: Mark live objects
[0.662s][info][gc,phases      ] GC(0) Phase 1: Mark live objects 8.993ms
[0.662s][info][gc,phases,start] GC(0) Phase 2: Compute new object addresses
[0.666s][info][gc,phases      ] GC(0) Phase 2: Compute new object addresses 3.833ms
[0.666s][info][gc,phases,start] GC(0) Phase 3: Adjust pointers
[0.670s][info][gc,phases      ] GC(0) Phase 3: Adjust pointers 3.680ms
[0.670s][info][gc,phases,start] GC(0) Phase 4: Move objects
[0.672s][info][gc,phases      ] GC(0) Phase 4: Move objects 2.309ms
[0.672s][info][gc,heap        ] GC(0) DefNew: 436202K(629120K)->0K(629440K) Eden: 436202K(559232K)->0K(559552K) From: 0K(69888K)->0K(69888K)
[0.672s][info][gc,heap        ] GC(0) Tenured: 0K(1398144K)->2162K(1398144K)
[0.673s][info][gc,metaspace   ] GC(0) Metaspace: 4719K(4928K)->4719K(4928K) NonClass: 4085K(4160K)->4085K(4160K) Class: 633K(768K)->633K(768K)
[0.673s][info][gc             ] GC(0) Pause Full (System.gc()) 425M->2M(1980M) 19.824ms
[0.673s][info][gc,cpu         ] GC(0) User=0.02s Sys=0.00s Real=0.02s
[1.466s][info][gc,start       ] GC(1) Pause Young (Allocation Failure)
[1.481s][info][gc,heap        ] GC(1) DefNew: 559552K(629440K)->12070K(629440K) Eden: 559552K(559552K)->0K(559552K) From: 0K(69888K)->12070K(69888K)
[1.481s][info][gc,heap        ] GC(1) Tenured: 2162K(1398144K)->2162K(1398144K)
[1.481s][info][gc,metaspace   ] GC(1) Metaspace: 6813K(6976K)->6813K(6976K) NonClass: 6021K(6080K)->6021K(6080K) Class: 791K(896K)->791K(896K)
[1.481s][info][gc             ] GC(1) Pause Young (Allocation Failure) 548M->13M(1980M) 15.628ms
[1.481s][info][gc,cpu         ] GC(1) User=0.05s Sys=0.02s Real=0.02s
[1.756s][info][gc,start       ] GC(2) Pause Young (Allocation Failure)
[1.770s][info][gc,heap        ] GC(2) DefNew: 571622K(629440K)->12623K(629440K) Eden: 559552K(559552K)->0K(559552K) From: 12070K(69888K)->12623K(69888K)
[1.770s][info][gc,heap        ] GC(2) Tenured: 2162K(1398144K)->2162K(1398144K)
[1.770s][info][gc,metaspace   ] GC(2) Metaspace: 6837K(7040K)->6837K(7040K) NonClass: 6045K(6144K)->6045K(6144K) Class: 791K(896K)->791K(896K)
[1.770s][info][gc             ] GC(2) Pause Young (Allocation Failure) 560M->14M(1980M) 13.651ms
[1.770s][info][gc,cpu         ] GC(2) User=0.00s Sys=0.00s Real=0.00s
[1.913s][info][gc,heap,exit   ] Heap
[1.913s][info][gc,heap,exit   ]  def new generation   total 629440K, used 286505K [0x0000000700000000, 0x000000072aaf0000, 0x0000000755550000)
[1.913s][info][gc,heap,exit   ]   eden space 559552K,  48% used [0x0000000700000000, 0x0000000710b767c8, 0x0000000722270000)
[1.913s][info][gc,heap,exit   ]   from space 69888K,  18% used [0x0000000722270000, 0x0000000722ec3f30, 0x00000007266b0000)
[1.913s][info][gc,heap,exit   ]   to   space 69888K,   0% used [0x00000007266b0000, 0x00000007266b0000, 0x000000072aaf0000)
[1.913s][info][gc,heap,exit   ]  tenured generation   total 1398144K, used 2162K [0x0000000755550000, 0x00000007aaab0000, 0x0000000800000000)
[1.913s][info][gc,heap,exit   ]    the space 1398144K,   0% used [0x0000000755550000, 0x000000075576ca40, 0x000000075576cc00, 0x00000007aaab0000)
[1.913s][info][gc,heap,exit   ]  Metaspace       used 7264K, committed 7488K, reserved 1114112K
[1.913s][info][gc,heap,exit   ]   class space    used 841K, committed 960K, reserved 1048576K
