[0.016s][info][gc,init] CardTable entry size: 512
[0.017s][info][gc     ] Using Serial
[0.021s][info][gc,init] Version: 20+36-2344 (release)
[0.021s][info][gc,init] CPUs: 48 total, 48 available
[0.021s][info][gc,init] Memory: 382G
[0.021s][info][gc,init] Large Page Support: Disabled
[0.021s][info][gc,init] NUMA Support: Disabled
[0.021s][info][gc,init] Compressed Oops: Enabled (32-bit)
[0.021s][info][gc,init] Heap Min Capacity: 8M
[0.021s][info][gc,init] Heap Initial Capacity: 1G
[0.021s][info][gc,init] Heap Max Capacity: 1G
[0.021s][info][gc,init] Pre-touch: Disabled
[0.033s][info][gc,metaspace] CDS archive(s) mapped at: [0x0000000800000000-0x0000000800c60000-0x0000000800c60000), size 12976128, SharedBaseAddress: 0x0000000800000000, ArchiveRelocationMode: 0.
[0.033s][info][gc,metaspace] Compressed class space mapped at: 0x0000000801000000-0x0000000841000000, reserved size: 1073741824
[0.033s][info][gc,metaspace] Narrow klass base: 0x0000000800000000, Narrow klass shift: 0, Narrow klass range: 0x100000000
[0.620s][info][gc,start    ] GC(0) Pause Young (Allocation Failure)
[0.632s][info][gc,heap     ] GC(0) DefNew: 279616K(314560K)->2162K(314560K) Eden: 279616K(279616K)->0K(279616K) From: 0K(34944K)->2162K(34944K)
[0.632s][info][gc,heap     ] GC(0) Tenured: 0K(699072K)->0K(699072K)
[0.632s][info][gc,metaspace] GC(0) Metaspace: 4721K(4928K)->4721K(4928K) NonClass: 4087K(4160K)->4087K(4160K) Class: 633K(768K)->633K(768K)
[0.632s][info][gc          ] GC(0) Pause Young (Allocation Failure) 273M->2M(989M) 12.174ms
[0.632s][info][gc,cpu      ] GC(0) User=0.02s Sys=0.00s Real=0.02s
[0.633s][info][gc,start    ] GC(1) Pause Full (System.gc())
[0.633s][info][gc,phases,start] GC(1) Phase 1: Mark live objects
[0.640s][info][gc,phases      ] GC(1) Phase 1: Mark live objects 7.354ms
[0.641s][info][gc,phases,start] GC(1) Phase 2: Compute new object addresses
[0.642s][info][gc,phases      ] GC(1) Phase 2: Compute new object addresses 1.362ms
[0.642s][info][gc,phases,start] GC(1) Phase 3: Adjust pointers
[0.645s][info][gc,phases      ] GC(1) Phase 3: Adjust pointers 3.422ms
[0.645s][info][gc,phases,start] GC(1) Phase 4: Move objects
[0.647s][info][gc,phases      ] GC(1) Phase 4: Move objects 2.029ms
[0.648s][info][gc,heap        ] GC(1) DefNew: 123182K(314560K)->0K(314560K) Eden: 121019K(279616K)->0K(279616K) From: 2162K(34944K)->0K(34944K)
[0.648s][info][gc,heap        ] GC(1) Tenured: 0K(699072K)->2126K(699072K)
[0.648s][info][gc,metaspace   ] GC(1) Metaspace: 4722K(4928K)->4722K(4928K) NonClass: 4088K(4160K)->4088K(4160K) Class: 633K(768K)->633K(768K)
[0.648s][info][gc             ] GC(1) Pause Full (System.gc()) 120M->2M(989M) 15.118ms
[0.648s][info][gc,cpu         ] GC(1) User=0.02s Sys=0.00s Real=0.02s
[1.353s][info][gc,start       ] GC(2) Pause Young (Allocation Failure)
[1.368s][info][gc,heap        ] GC(2) DefNew: 279616K(314560K)->12417K(314560K) Eden: 279616K(279616K)->0K(279616K) From: 0K(34944K)->12417K(34944K)
[1.368s][info][gc,heap        ] GC(2) Tenured: 2126K(699072K)->2126K(699072K)
[1.368s][info][gc,metaspace   ] GC(2) Metaspace: 6742K(6912K)->6742K(6912K) NonClass: 5951K(6016K)->5951K(6016K) Class: 791K(896K)->791K(896K)
[1.368s][info][gc             ] GC(2) Pause Young (Allocation Failure) 275M->14M(989M) 15.162ms
[1.368s][info][gc,cpu         ] GC(2) User=0.00s Sys=0.00s Real=0.00s
[1.509s][info][gc,start       ] GC(3) Pause Young (Allocation Failure)
[1.522s][info][gc,heap        ] GC(3) DefNew: 292033K(314560K)->12750K(314560K) Eden: 279616K(279616K)->0K(279616K) From: 12417K(34944K)->12750K(34944K)
[1.522s][info][gc,heap        ] GC(3) Tenured: 2126K(699072K)->2126K(699072K)
[1.522s][info][gc,metaspace   ] GC(3) Metaspace: 6824K(7040K)->6824K(7040K) NonClass: 6032K(6144K)->6032K(6144K) Class: 791K(896K)->791K(896K)
[1.522s][info][gc             ] GC(3) Pause Young (Allocation Failure) 287M->14M(989M) 12.885ms
[1.522s][info][gc,cpu         ] GC(3) User=0.00s Sys=0.00s Real=0.00s
[1.672s][info][gc,start       ] GC(4) Pause Young (Allocation Failure)
[1.682s][info][gc,heap        ] GC(4) DefNew: 292366K(314560K)->11845K(314560K) Eden: 279616K(279616K)->0K(279616K) From: 12750K(34944K)->11845K(34944K)
[1.683s][info][gc,heap        ] GC(4) Tenured: 2126K(699072K)->2126K(699072K)
[1.683s][info][gc,metaspace   ] GC(4) Metaspace: 6841K(7040K)->6841K(7040K) NonClass: 6050K(6144K)->6050K(6144K) Class: 791K(896K)->791K(896K)
[1.683s][info][gc             ] GC(4) Pause Young (Allocation Failure) 287M->13M(989M) 10.446ms
[1.683s][info][gc,cpu         ] GC(4) User=0.00s Sys=0.00s Real=0.00s
[1.831s][info][gc,start       ] GC(5) Pause Young (Allocation Failure)
[1.840s][info][gc,heap        ] GC(5) DefNew: 291461K(314560K)->11172K(314560K) Eden: 279616K(279616K)->0K(279616K) From: 11845K(34944K)->11172K(34944K)
[1.840s][info][gc,heap        ] GC(5) Tenured: 2126K(699072K)->2126K(699072K)
[1.840s][info][gc,metaspace   ] GC(5) Metaspace: 6842K(7040K)->6842K(7040K) NonClass: 6051K(6144K)->6051K(6144K) Class: 791K(896K)->791K(896K)
[1.840s][info][gc             ] GC(5) Pause Young (Allocation Failure) 286M->12M(989M) 8.835ms
[1.840s][info][gc,cpu         ] GC(5) User=0.00s Sys=0.00s Real=0.00s
[1.893s][info][gc,heap,exit   ] Heap
[1.893s][info][gc,heap,exit   ]  def new generation   total 314560K, used 46919K [0x00000000c0000000, 0x00000000d5550000, 0x00000000d5550000)
[1.893s][info][gc,heap,exit   ]   eden space 279616K,  12% used [0x00000000c0000000, 0x00000000c22e8b78, 0x00000000d1110000)
[1.893s][info][gc,heap,exit   ]   from space 34944K,  31% used [0x00000000d3330000, 0x00000000d3e19150, 0x00000000d5550000)
[1.893s][info][gc,heap,exit   ]   to   space 34944K,   0% used [0x00000000d1110000, 0x00000000d1110000, 0x00000000d3330000)
[1.893s][info][gc,heap,exit   ]  tenured generation   total 699072K, used 2126K [0x00000000d5550000, 0x0000000100000000, 0x0000000100000000)
[1.893s][info][gc,heap,exit   ]    the space 699072K,   0% used [0x00000000d5550000, 0x00000000d5763968, 0x00000000d5763a00, 0x0000000100000000)
[1.893s][info][gc,heap,exit   ]  Metaspace       used 7265K, committed 7488K, reserved 1114112K
[1.893s][info][gc,heap,exit   ]   class space    used 841K, committed 960K, reserved 1048576K
