[0.016s][info][gc,init] Initializing The Z Garbage Collector
[0.017s][info][gc,init] Version: 20+36-2344 (release)
[0.017s][info][gc,init] NUMA Support: Disabled
[0.017s][info][gc,init] CPUs: 48 total, 48 available
[0.017s][info][gc,init] Memory: 391843M
[0.017s][info][gc,init] Large Page Support: Disabled
[0.017s][info][gc,init] GC Workers: 12 (dynamic)
[0.019s][info][gc,init] Address Space Type: Contiguous/Unrestricted/Complete
[0.019s][info][gc,init] Address Space Size: 65536M x 3 = 196608M
[0.019s][info][gc,init] Min Capacity: 8M
[0.019s][info][gc,init] Initial Capacity: 2048M
[0.037s][info][gc,init] Max Capacity: 4096M
[0.037s][info][gc,init] Medium Page Size: 32M
[0.037s][info][gc,init] Pre-touch: Disabled
[0.037s][info][gc,init] Uncommit: Enabled
[0.037s][info][gc,init] Uncommit Delay: 300s
[0.118s][info][gc,init] Runtime Workers: 29
[0.121s][info][gc     ] Using The Z Garbage Collector
[0.122s][info][gc,metaspace] CDS archive(s) mapped at: [0x0000000800000000-0x0000000800c60000-0x0000000800c60000), size 12976128, SharedBaseAddress: 0x0000000800000000, ArchiveRelocationMode: 0.
[0.122s][info][gc,metaspace] Compressed class space mapped at: 0x0000000801000000-0x0000000841000000, reserved size: 1073741824
[0.122s][info][gc,metaspace] Narrow klass base: 0x0000000800000000, Narrow klass shift: 0, Narrow klass range: 0x100000000
[0.668s][info][gc,start    ] GC(0) Garbage Collection (System.gc())
[0.668s][info][gc,task     ] GC(0) Using 12 workers
[0.668s][info][gc,phases   ] GC(0) Pause Mark Start 0.015ms
[0.677s][info][gc,phases   ] GC(0) Concurrent Mark 8.323ms
[0.677s][info][gc,phases   ] GC(0) Pause Mark End 0.033ms
[0.677s][info][gc,phases   ] GC(0) Concurrent Mark Free 0.001ms
[0.678s][info][gc,phases   ] GC(0) Concurrent Process Non-Strong References 0.824ms
[0.678s][info][gc,phases   ] GC(0) Concurrent Reset Relocation Set 0.000ms
[0.692s][info][gc,phases   ] GC(0) Concurrent Select Relocation Set 14.278ms
[0.692s][info][gc,phases   ] GC(0) Pause Relocate Start 0.007ms
[0.694s][info][gc,phases   ] GC(0) Concurrent Relocate 1.501ms
[0.694s][info][gc,load     ] GC(0) Load: 0.00/0.00/0.00
[0.694s][info][gc,mmu      ] GC(0) MMU: 2ms/98.4%, 5ms/99.3%, 10ms/99.5%, 20ms/99.8%, 50ms/99.9%, 100ms/99.9%
[0.694s][info][gc,marking  ] GC(0) Mark: 8 stripe(s), 3 proactive flush(es), 1 terminate flush(es), 0 completion(s), 0 continuation(s) 
[0.694s][info][gc,marking  ] GC(0) Mark Stack Usage: 32M
[0.694s][info][gc,nmethod  ] GC(0) NMethods: 1079 registered, 74 unregistered
[0.694s][info][gc,metaspace] GC(0) Metaspace: 4M used, 4M committed, 1088M reserved
[0.694s][info][gc,ref      ] GC(0) Soft: 120 encountered, 0 discovered, 0 enqueued
[0.694s][info][gc,ref      ] GC(0) Weak: 281 encountered, 137 discovered, 97 enqueued
[0.694s][info][gc,ref      ] GC(0) Final: 2 encountered, 0 discovered, 0 enqueued
[0.694s][info][gc,ref      ] GC(0) Phantom: 132 encountered, 104 discovered, 43 enqueued
[0.694s][info][gc,reloc    ] GC(0) Small Pages: 26 / 52M, Empty: 0M, Relocated: 1M, In-Place: 0
[0.694s][info][gc,reloc    ] GC(0) Medium Pages: 0 / 0M, Empty: 0M, Relocated: 0M, In-Place: 0
[0.694s][info][gc,reloc    ] GC(0) Large Pages: 0 / 0M, Empty: 0M, Relocated: 0M, In-Place: 0
[0.694s][info][gc,reloc    ] GC(0) Forwarding Usage: 0M
[0.694s][info][gc,heap     ] GC(0) Min Capacity: 8M(0%)
[0.694s][info][gc,heap     ] GC(0) Max Capacity: 4096M(100%)
[0.694s][info][gc,heap     ] GC(0) Soft Max Capacity: 4096M(100%)
[0.694s][info][gc,heap     ] GC(0)                Mark Start          Mark End        Relocate Start      Relocate End           High               Low         
[0.694s][info][gc,heap     ] GC(0)  Capacity:     2048M (50%)        2048M (50%)        2048M (50%)        2048M (50%)        2048M (50%)        2048M (50%)    
[0.694s][info][gc,heap     ] GC(0)      Free:     4044M (99%)        4006M (98%)        4006M (98%)        4032M (98%)        4044M (99%)        3992M (97%)    
[0.694s][info][gc,heap     ] GC(0)      Used:       52M (1%)           90M (2%)           90M (2%)           64M (2%)          104M (3%)           52M (1%)     
[0.694s][info][gc,heap     ] GC(0)      Live:         -                 2M (0%)            2M (0%)            2M (0%)             -                  -          
[0.695s][info][gc,heap     ] GC(0) Allocated:         -                38M (1%)           38M (1%)           38M (1%)             -                  -          
[0.695s][info][gc,heap     ] GC(0)   Garbage:         -                49M (1%)           49M (1%)           23M (1%)             -                  -          
[0.695s][info][gc,heap     ] GC(0) Reclaimed:         -                  -                 0M (0%)           26M (1%)             -                  -          
[0.695s][info][gc          ] GC(0) Garbage Collection (System.gc()) 52M(1%)->64M(2%)
[1.447s][info][gc,start    ] GC(1) Garbage Collection (Warmup)
[1.447s][info][gc,task     ] GC(1) Using 12 workers
[1.447s][info][gc,phases   ] GC(1) Pause Mark Start 0.010ms
[1.500s][info][gc,phases   ] GC(1) Concurrent Mark 52.246ms
[1.500s][info][gc,phases   ] GC(1) Pause Mark End 0.023ms
[1.501s][info][gc,phases   ] GC(1) Concurrent Mark Free 0.001ms
[1.505s][info][gc,phases   ] GC(1) Concurrent Process Non-Strong References 4.070ms
[1.505s][info][gc,phases   ] GC(1) Concurrent Reset Relocation Set 0.005ms
[1.512s][info][gc,phases   ] GC(1) Concurrent Select Relocation Set 7.082ms
[1.512s][info][gc,phases   ] GC(1) Pause Relocate Start 0.009ms
[1.520s][info][gc,phases   ] GC(1) Concurrent Relocate 7.672ms
[1.520s][info][gc,load     ] GC(1) Load: 0.00/0.00/0.00
[1.520s][info][gc,mmu      ] GC(1) MMU: 2ms/98.4%, 5ms/99.3%, 10ms/99.5%, 20ms/99.8%, 50ms/99.9%, 100ms/99.9%
[1.520s][info][gc,marking  ] GC(1) Mark: 8 stripe(s), 8 proactive flush(es), 1 terminate flush(es), 0 completion(s), 0 continuation(s) 
[1.520s][info][gc,marking  ] GC(1) Mark Stack Usage: 32M
[1.520s][info][gc,nmethod  ] GC(1) NMethods: 2504 registered, 361 unregistered
[1.520s][info][gc,metaspace] GC(1) Metaspace: 6M used, 6M committed, 1088M reserved
[1.520s][info][gc,ref      ] GC(1) Soft: 146 encountered, 0 discovered, 0 enqueued
[1.520s][info][gc,ref      ] GC(1) Weak: 504 encountered, 184 discovered, 107 enqueued
[1.520s][info][gc,ref      ] GC(1) Final: 2 encountered, 1 discovered, 0 enqueued
[1.520s][info][gc,ref      ] GC(1) Phantom: 403 encountered, 290 discovered, 96 enqueued
[1.520s][info][gc,reloc    ] GC(1) Small Pages: 224 / 448M, Empty: 4M, Relocated: 18M, In-Place: 0
[1.520s][info][gc,reloc    ] GC(1) Medium Pages: 0 / 0M, Empty: 0M, Relocated: 0M, In-Place: 0
[1.520s][info][gc,reloc    ] GC(1) Large Pages: 0 / 0M, Empty: 0M, Relocated: 0M, In-Place: 0
[1.520s][info][gc,reloc    ] GC(1) Forwarding Usage: 1M
[1.520s][info][gc,heap     ] GC(1) Min Capacity: 8M(0%)
[1.520s][info][gc,heap     ] GC(1) Max Capacity: 4096M(100%)
[1.520s][info][gc,heap     ] GC(1) Soft Max Capacity: 4096M(100%)
[1.520s][info][gc,heap     ] GC(1)                Mark Start          Mark End        Relocate Start      Relocate End           High               Low         
[1.521s][info][gc,heap     ] GC(1)  Capacity:     2048M (50%)        2048M (50%)        2048M (50%)        2048M (50%)        2048M (50%)        2048M (50%)    
[1.521s][info][gc,heap     ] GC(1)      Free:     3648M (89%)        3546M (87%)        3520M (86%)        3920M (96%)        3920M (96%)        3506M (86%)    
[1.521s][info][gc,heap     ] GC(1)      Used:      448M (11%)         550M (13%)         576M (14%)         176M (4%)          590M (14%)         176M (4%)     
[1.521s][info][gc,heap     ] GC(1)      Live:         -                18M (0%)           18M (0%)           18M (0%)             -                  -          
[1.521s][info][gc,heap     ] GC(1) Allocated:         -               102M (2%)          132M (3%)          139M (3%)             -                  -          
[1.521s][info][gc,heap     ] GC(1)   Garbage:         -               429M (10%)         425M (10%)          17M (0%)             -                  -          
[1.521s][info][gc,heap     ] GC(1) Reclaimed:         -                  -                 4M (0%)          411M (10%)            -                  -          
[1.521s][info][gc          ] GC(1) Garbage Collection (Warmup) 448M(11%)->176M(4%)
[1.946s][info][gc,start    ] GC(2) Garbage Collection (Warmup)
[1.946s][info][gc,task     ] GC(2) Using 12 workers
[1.946s][info][gc,phases   ] GC(2) Pause Mark Start 0.011ms
[1.990s][info][gc,phases   ] GC(2) Concurrent Mark 43.546ms
[1.991s][info][gc,phases   ] GC(2) Pause Mark End 0.017ms
[1.991s][info][gc,phases   ] GC(2) Concurrent Mark Free 0.001ms
[1.993s][info][gc,phases   ] GC(2) Concurrent Process Non-Strong References 1.866ms
[1.993s][info][gc,phases   ] GC(2) Concurrent Reset Relocation Set 0.035ms
[1.997s][info][gc,phases   ] GC(2) Concurrent Select Relocation Set 4.028ms
[1.997s][info][gc,phases   ] GC(2) Pause Relocate Start 0.007ms
[2.000s][info][gc,phases   ] GC(2) Concurrent Relocate 3.248ms
[2.000s][info][gc,load     ] GC(2) Load: 0.00/0.00/0.00
[2.000s][info][gc,mmu      ] GC(2) MMU: 2ms/98.4%, 5ms/99.3%, 10ms/99.5%, 20ms/99.8%, 50ms/99.9%, 100ms/99.9%
[2.000s][info][gc,marking  ] GC(2) Mark: 8 stripe(s), 2 proactive flush(es), 1 terminate flush(es), 0 completion(s), 0 continuation(s) 
[2.000s][info][gc,marking  ] GC(2) Mark Stack Usage: 32M
[2.000s][info][gc,nmethod  ] GC(2) NMethods: 2542 registered, 234 unregistered
[2.000s][info][gc,metaspace] GC(2) Metaspace: 6M used, 7M committed, 1088M reserved
[2.000s][info][gc,ref      ] GC(2) Soft: 146 encountered, 0 discovered, 0 enqueued
[2.000s][info][gc,ref      ] GC(2) Weak: 386 encountered, 109 discovered, 0 enqueued
[2.000s][info][gc,ref      ] GC(2) Final: 2 encountered, 0 discovered, 0 enqueued
[2.000s][info][gc,ref      ] GC(2) Phantom: 243 encountered, 139 discovered, 0 enqueued
[2.000s][info][gc,reloc    ] GC(2) Small Pages: 479 / 958M, Empty: 384M, Relocated: 17M, In-Place: 0
[2.000s][info][gc,reloc    ] GC(2) Medium Pages: 0 / 0M, Empty: 0M, Relocated: 0M, In-Place: 0
[2.000s][info][gc,reloc    ] GC(2) Large Pages: 0 / 0M, Empty: 0M, Relocated: 0M, In-Place: 0
[2.000s][info][gc,reloc    ] GC(2) Forwarding Usage: 1M
[2.000s][info][gc,heap     ] GC(2) Min Capacity: 8M(0%)
[2.000s][info][gc,heap     ] GC(2) Max Capacity: 4096M(100%)
[2.000s][info][gc,heap     ] GC(2) Soft Max Capacity: 4096M(100%)
[2.000s][info][gc,heap     ] GC(2)                Mark Start          Mark End        Relocate Start      Relocate End           High               Low         
[2.000s][info][gc,heap     ] GC(2)  Capacity:     2048M (50%)        2048M (50%)        2048M (50%)        2048M (50%)        2048M (50%)        2048M (50%)    
[2.000s][info][gc,heap     ] GC(2)      Free:     3138M (77%)        3054M (75%)        3438M (84%)        3984M (97%)        3984M (97%)        3054M (75%)    
[2.000s][info][gc,heap     ] GC(2)      Used:      958M (23%)        1042M (25%)         658M (16%)         112M (3%)         1042M (25%)         112M (3%)     
[2.000s][info][gc,heap     ] GC(2)      Live:         -                17M (0%)           17M (0%)           17M (0%)             -                  -          
[2.000s][info][gc,heap     ] GC(2) Allocated:         -                84M (2%)           84M (2%)           85M (2%)             -                  -          
[2.000s][info][gc,heap     ] GC(2)   Garbage:         -               940M (23%)         556M (14%)           8M (0%)             -                  -          
[2.000s][info][gc,heap     ] GC(2) Reclaimed:         -                  -               384M (9%)          931M (23%)            -                  -          
[2.000s][info][gc          ] GC(2) Garbage Collection (Warmup) 958M(23%)->112M(3%)
[2.013s][info][gc,heap,exit] Heap
[2.013s][info][gc,heap,exit]  ZHeap           used 112M, capacity 2048M, max capacity 4096M
[2.014s][info][gc,heap,exit]  Metaspace       used 7247K, committed 7488K, reserved 1114112K
[2.014s][info][gc,heap,exit]   class space    used 837K, committed 960K, reserved 1048576K
