[0.018s][info][gc,init] Initializing The Z Garbage Collector
[0.018s][info][gc,init] Version: 20+36-2344 (release)
[0.018s][info][gc,init] NUMA Support: Disabled
[0.018s][info][gc,init] CPUs: 48 total, 48 available
[0.018s][info][gc,init] Memory: 391843M
[0.018s][info][gc,init] Large Page Support: Disabled
[0.018s][info][gc,init] GC Workers: 12 (dynamic)
[0.020s][info][gc,init] Address Space Type: Contiguous/Unrestricted/Complete
[0.020s][info][gc,init] Address Space Size: 32768M x 3 = 98304M
[0.020s][info][gc,init] Min Capacity: 8M
[0.020s][info][gc,init] Initial Capacity: 2048M
[0.031s][info][gc,init] Max Capacity: 2048M
[0.031s][info][gc,init] Medium Page Size: 32M
[0.031s][info][gc,init] Pre-touch: Disabled
[0.032s][info][gc,init] Uncommit: Enabled
[0.032s][info][gc,init] Uncommit Delay: 300s
[0.115s][info][gc,init] Runtime Workers: 20
[0.116s][info][gc     ] Using The Z Garbage Collector
[0.118s][info][gc,metaspace] CDS archive(s) mapped at: [0x0000000800000000-0x0000000800c60000-0x0000000800c60000), size 12976128, SharedBaseAddress: 0x0000000800000000, ArchiveRelocationMode: 0.
[0.118s][info][gc,metaspace] Compressed class space mapped at: 0x0000000801000000-0x0000000841000000, reserved size: 1073741824
[0.118s][info][gc,metaspace] Narrow klass base: 0x0000000800000000, Narrow klass shift: 0, Narrow klass range: 0x100000000
[0.701s][info][gc,start    ] GC(0) Garbage Collection (System.gc())
[0.701s][info][gc,task     ] GC(0) Using 12 workers
[0.701s][info][gc,phases   ] GC(0) Pause Mark Start 0.015ms
[0.715s][info][gc,phases   ] GC(0) Concurrent Mark 13.901ms
[0.716s][info][gc,phases   ] GC(0) Pause Mark End 0.036ms
[0.716s][info][gc,phases   ] GC(0) Concurrent Mark Free 0.001ms
[0.716s][info][gc,phases   ] GC(0) Concurrent Process Non-Strong References 0.764ms
[0.717s][info][gc,phases   ] GC(0) Concurrent Reset Relocation Set 0.001ms
[0.731s][info][gc,phases   ] GC(0) Concurrent Select Relocation Set 14.187ms
[0.731s][info][gc,phases   ] GC(0) Pause Relocate Start 0.008ms
[0.734s][info][gc,phases   ] GC(0) Concurrent Relocate 2.613ms
[0.734s][info][gc,load     ] GC(0) Load: 0.00/0.00/0.00
[0.734s][info][gc,mmu      ] GC(0) MMU: 2ms/98.2%, 5ms/99.3%, 10ms/99.6%, 20ms/99.7%, 50ms/99.9%, 100ms/99.9%
[0.734s][info][gc,marking  ] GC(0) Mark: 8 stripe(s), 2 proactive flush(es), 1 terminate flush(es), 0 completion(s), 0 continuation(s) 
[0.734s][info][gc,marking  ] GC(0) Mark Stack Usage: 32M
[0.734s][info][gc,nmethod  ] GC(0) NMethods: 1082 registered, 76 unregistered
[0.734s][info][gc,metaspace] GC(0) Metaspace: 4M used, 4M committed, 1088M reserved
[0.734s][info][gc,ref      ] GC(0) Soft: 120 encountered, 0 discovered, 0 enqueued
[0.734s][info][gc,ref      ] GC(0) Weak: 281 encountered, 144 discovered, 97 enqueued
[0.734s][info][gc,ref      ] GC(0) Final: 2 encountered, 2 discovered, 0 enqueued
[0.734s][info][gc,ref      ] GC(0) Phantom: 136 encountered, 104 discovered, 43 enqueued
[0.734s][info][gc,reloc    ] GC(0) Small Pages: 15 / 30M, Empty: 0M, Relocated: 2M, In-Place: 0
[0.734s][info][gc,reloc    ] GC(0) Medium Pages: 0 / 0M, Empty: 0M, Relocated: 0M, In-Place: 0
[0.734s][info][gc,reloc    ] GC(0) Large Pages: 0 / 0M, Empty: 0M, Relocated: 0M, In-Place: 0
[0.734s][info][gc,reloc    ] GC(0) Forwarding Usage: 0M
[0.734s][info][gc,heap     ] GC(0) Min Capacity: 8M(0%)
[0.734s][info][gc,heap     ] GC(0) Max Capacity: 2048M(100%)
[0.734s][info][gc,heap     ] GC(0) Soft Max Capacity: 2048M(100%)
[0.734s][info][gc,heap     ] GC(0)                Mark Start          Mark End        Relocate Start      Relocate End           High               Low         
[0.734s][info][gc,heap     ] GC(0)  Capacity:     2048M (100%)       2048M (100%)       2048M (100%)       2048M (100%)       2048M (100%)       2048M (100%)   
[0.734s][info][gc,heap     ] GC(0)      Free:     2018M (99%)        2008M (98%)        2008M (98%)        2014M (98%)        2018M (99%)        1992M (97%)    
[0.734s][info][gc,heap     ] GC(0)      Used:       30M (1%)           40M (2%)           40M (2%)           34M (2%)           56M (3%)           30M (1%)     
[0.734s][info][gc,heap     ] GC(0)      Live:         -                 2M (0%)            2M (0%)            2M (0%)             -                  -          
[0.734s][info][gc,heap     ] GC(0) Allocated:         -                10M (0%)           10M (0%)           10M (0%)             -                  -          
[0.734s][info][gc,heap     ] GC(0)   Garbage:         -                27M (1%)           27M (1%)           21M (1%)             -                  -          
[0.734s][info][gc,heap     ] GC(0) Reclaimed:         -                  -                 0M (0%)            6M (0%)             -                  -          
[0.734s][info][gc          ] GC(0) Garbage Collection (System.gc()) 30M(1%)->34M(2%)
[1.342s][info][gc,start    ] GC(1) Garbage Collection (Warmup)
[1.342s][info][gc,task     ] GC(1) Using 12 workers
[1.342s][info][gc,phases   ] GC(1) Pause Mark Start 0.009ms
[1.380s][info][gc,phases   ] GC(1) Concurrent Mark 36.407ms
[1.380s][info][gc,phases   ] GC(1) Pause Mark End 0.019ms
[1.381s][info][gc,phases   ] GC(1) Concurrent Mark Free 0.001ms
[1.383s][info][gc,phases   ] GC(1) Concurrent Process Non-Strong References 2.784ms
[1.384s][info][gc,phases   ] GC(1) Concurrent Reset Relocation Set 0.005ms
[1.391s][info][gc,phases   ] GC(1) Concurrent Select Relocation Set 7.720ms
[1.391s][info][gc,phases   ] GC(1) Pause Relocate Start 0.008ms
[1.402s][info][gc,phases   ] GC(1) Concurrent Relocate 10.579ms
[1.402s][info][gc,load     ] GC(1) Load: 0.00/0.00/0.00
[1.402s][info][gc,mmu      ] GC(1) MMU: 2ms/98.2%, 5ms/99.3%, 10ms/99.6%, 20ms/99.7%, 50ms/99.9%, 100ms/99.9%
[1.402s][info][gc,marking  ] GC(1) Mark: 8 stripe(s), 2 proactive flush(es), 1 terminate flush(es), 0 completion(s), 0 continuation(s) 
[1.402s][info][gc,marking  ] GC(1) Mark Stack Usage: 32M
[1.402s][info][gc,nmethod  ] GC(1) NMethods: 2399 registered, 250 unregistered
[1.402s][info][gc,metaspace] GC(1) Metaspace: 6M used, 6M committed, 1088M reserved
[1.402s][info][gc,ref      ] GC(1) Soft: 145 encountered, 0 discovered, 0 enqueued
[1.402s][info][gc,ref      ] GC(1) Weak: 523 encountered, 116 discovered, 112 enqueued
[1.402s][info][gc,ref      ] GC(1) Final: 2 encountered, 0 discovered, 0 enqueued
[1.403s][info][gc,ref      ] GC(1) Phantom: 420 encountered, 303 discovered, 101 enqueued
[1.403s][info][gc,reloc    ] GC(1) Small Pages: 115 / 230M, Empty: 0M, Relocated: 19M, In-Place: 0
[1.403s][info][gc,reloc    ] GC(1) Medium Pages: 0 / 0M, Empty: 0M, Relocated: 0M, In-Place: 0
[1.403s][info][gc,reloc    ] GC(1) Large Pages: 0 / 0M, Empty: 0M, Relocated: 0M, In-Place: 0
[1.403s][info][gc,reloc    ] GC(1) Forwarding Usage: 1M
[1.403s][info][gc,heap     ] GC(1) Min Capacity: 8M(0%)
[1.403s][info][gc,heap     ] GC(1) Max Capacity: 2048M(100%)
[1.403s][info][gc,heap     ] GC(1) Soft Max Capacity: 2048M(100%)
[1.403s][info][gc,heap     ] GC(1)                Mark Start          Mark End        Relocate Start      Relocate End           High               Low         
[1.403s][info][gc,heap     ] GC(1)  Capacity:     2048M (100%)       2048M (100%)       2048M (100%)       2048M (100%)       2048M (100%)       2048M (100%)   
[1.403s][info][gc,heap     ] GC(1)      Free:     1818M (89%)        1772M (87%)        1756M (86%)        1942M (95%)        1942M (95%)        1744M (85%)    
[1.403s][info][gc,heap     ] GC(1)      Used:      230M (11%)         276M (13%)         292M (14%)         106M (5%)          304M (15%)         106M (5%)     
[1.403s][info][gc,heap     ] GC(1)      Live:         -                20M (1%)           20M (1%)           20M (1%)             -                  -          
[1.403s][info][gc,heap     ] GC(1) Allocated:         -                46M (2%)           62M (3%)           67M (3%)             -                  -          
[1.403s][info][gc,heap     ] GC(1)   Garbage:         -               209M (10%)         209M (10%)          18M (1%)             -                  -          
[1.403s][info][gc,heap     ] GC(1) Reclaimed:         -                  -                 0M (0%)          191M (9%)             -                  -          
[1.403s][info][gc          ] GC(1) Garbage Collection (Warmup) 230M(11%)->106M(5%)
[1.638s][info][gc,start    ] GC(2) Garbage Collection (Warmup)
[1.639s][info][gc,task     ] GC(2) Using 12 workers
[1.639s][info][gc,phases   ] GC(2) Pause Mark Start 0.011ms
[1.677s][info][gc,phases   ] GC(2) Concurrent Mark 36.290ms
[1.677s][info][gc,phases   ] GC(2) Pause Mark End 0.023ms
[1.677s][info][gc,phases   ] GC(2) Concurrent Mark Free 0.001ms
[1.682s][info][gc,phases   ] GC(2) Concurrent Process Non-Strong References 4.548ms
[1.682s][info][gc,phases   ] GC(2) Concurrent Reset Relocation Set 0.034ms
[1.690s][info][gc,phases   ] GC(2) Concurrent Select Relocation Set 7.985ms
[1.690s][info][gc,phases   ] GC(2) Pause Relocate Start 0.009ms
[1.694s][info][gc,phases   ] GC(2) Concurrent Relocate 4.010ms
[1.695s][info][gc,load     ] GC(2) Load: 0.00/0.00/0.00
[1.695s][info][gc,mmu      ] GC(2) MMU: 2ms/98.2%, 5ms/99.3%, 10ms/99.6%, 20ms/99.7%, 50ms/99.9%, 100ms/99.9%
[1.695s][info][gc,marking  ] GC(2) Mark: 8 stripe(s), 3 proactive flush(es), 1 terminate flush(es), 0 completion(s), 0 continuation(s) 
[1.695s][info][gc,marking  ] GC(2) Mark Stack Usage: 32M
[1.695s][info][gc,nmethod  ] GC(2) NMethods: 2526 registered, 210 unregistered
[1.695s][info][gc,metaspace] GC(2) Metaspace: 6M used, 6M committed, 1088M reserved
[1.695s][info][gc,ref      ] GC(2) Soft: 145 encountered, 0 discovered, 0 enqueued
[1.695s][info][gc,ref      ] GC(2) Weak: 405 encountered, 28 discovered, 0 enqueued
[1.695s][info][gc,ref      ] GC(2) Final: 2 encountered, 2 discovered, 0 enqueued
[1.695s][info][gc,ref      ] GC(2) Phantom: 277 encountered, 167 discovered, 0 enqueued
[1.695s][info][gc,reloc    ] GC(2) Small Pages: 272 / 544M, Empty: 128M, Relocated: 17M, In-Place: 0
[1.695s][info][gc,reloc    ] GC(2) Medium Pages: 0 / 0M, Empty: 0M, Relocated: 0M, In-Place: 0
[1.695s][info][gc,reloc    ] GC(2) Large Pages: 0 / 0M, Empty: 0M, Relocated: 0M, In-Place: 0
[1.695s][info][gc,reloc    ] GC(2) Forwarding Usage: 1M
[1.695s][info][gc,heap     ] GC(2) Min Capacity: 8M(0%)
[1.695s][info][gc,heap     ] GC(2) Max Capacity: 2048M(100%)
[1.695s][info][gc,heap     ] GC(2) Soft Max Capacity: 2048M(100%)
[1.695s][info][gc,heap     ] GC(2)                Mark Start          Mark End        Relocate Start      Relocate End           High               Low         
[1.695s][info][gc,heap     ] GC(2)  Capacity:     2048M (100%)       2048M (100%)       2048M (100%)       2048M (100%)       2048M (100%)       2048M (100%)   
[1.695s][info][gc,heap     ] GC(2)      Free:     1504M (73%)        1454M (71%)        1558M (76%)        1940M (95%)        1940M (95%)        1442M (70%)    
[1.695s][info][gc,heap     ] GC(2)      Used:      544M (27%)         594M (29%)         490M (24%)         108M (5%)          606M (30%)         108M (5%)     
[1.695s][info][gc,heap     ] GC(2)      Live:         -                19M (1%)           19M (1%)           19M (1%)             -                  -          
[1.695s][info][gc,heap     ] GC(2) Allocated:         -                50M (2%)           74M (4%)           77M (4%)             -                  -          
[1.695s][info][gc,heap     ] GC(2)   Garbage:         -               524M (26%)         396M (19%)          11M (1%)             -                  -          
[1.695s][info][gc,heap     ] GC(2) Reclaimed:         -                  -               128M (6%)          513M (25%)            -                  -          
[1.695s][info][gc          ] GC(2) Garbage Collection (Warmup) 544M(27%)->108M(5%)
[1.951s][info][gc,heap,exit] Heap
[1.951s][info][gc,heap,exit]  ZHeap           used 608M, capacity 2048M, max capacity 2048M
[1.951s][info][gc,heap,exit]  Metaspace       used 7237K, committed 7488K, reserved 1114112K
[1.951s][info][gc,heap,exit]   class space    used 837K, committed 960K, reserved 1048576K
